interactions:
- request:
    body: '{"location": "centralus", "properties": {"storageAccounts": [{"id": "/subscriptions/00000000-0000-0000-0000-000000000000/resourceGroups/clitest.rg000001/providers/Microsoft.Storage/storageAccounts/clitest000002",
      "type": "Primary"}]}, "identity": {"type": "None"}}'
    headers:
      Accept:
      - application/json
      Accept-Encoding:
      - gzip, deflate
      CommandName:
      - ams account create
      Connection:
      - keep-alive
      Content-Length:
      - '334'
      Content-Type:
      - application/json; charset=utf-8
      ParameterSetName:
      - -n -g --storage-account -l
      User-Agent:
      - python/3.8.2 (Windows-10-10.0.19041-SP0) msrest/0.6.18 msrest_azure/0.6.3
        azure-mgmt-media/3.0.0 Azure-SDK-For-Python AZURECLI/2.15.0
      accept-language:
      - en-US
    method: PUT
    uri: https://management.azure.com/subscriptions/00000000-0000-0000-0000-000000000000/resourceGroups/clitest.rg000001/providers/Microsoft.Media/mediaservices/ams000003?api-version=2020-05-01
  response:
    body:
      string: "{\r\n  \"name\":\"ams000003\",\"id\":\"/subscriptions/00000000-0000-0000-0000-000000000000/resourceGroups/clitest.rg000001/providers/Microsoft.Media/mediaservices/ams000003\",\"type\":\"Microsoft.Media/mediaservices\",\"location\":\"Central
        US\",\"properties\":{\r\n    \"mediaServiceId\":\"e2ab35b9-b946-43b5-9bb6-c23390a07dd7\",\"storageAccounts\":[\r\n
        \     {\r\n        \"id\":\"/subscriptions/00000000-0000-0000-0000-000000000000/resourceGroups/clitest.rg000001/providers/Microsoft.Storage/storageAccounts/clitest000002\",\"type\":\"Primary\"\r\n
        \     }\r\n    ],\"storageAuthentication\":\"System\",\"encryption\":{\r\n
        \     \"type\":\"SystemKey\"\r\n    }\r\n  },\"identity\":{\r\n    \"type\":\"None\"\r\n
        \ }\r\n}"
    headers:
      cache-control:
      - no-cache
      content-length:
      - '784'
      content-type:
      - application/json; odata.metadata=minimal
      date:
      - Wed, 13 Jan 2021 01:24:21 GMT
      expires:
      - '-1'
      odata-version:
      - '4.0'
      pragma:
      - no-cache
      server:
      - Microsoft-HTTPAPI/2.0
      strict-transport-security:
      - max-age=31536000; includeSubDomains
      x-content-type-options:
      - nosniff
      x-ms-ratelimit-remaining-subscription-writes:
      - '1195'
    status:
      code: 201
      message: Created
- request:
    body: null
    headers:
      Accept:
      - application/json
      Accept-Encoding:
      - gzip, deflate
      CommandName:
      - ams streaming-endpoint create
      Connection:
      - keep-alive
      ParameterSetName:
      - -g -a -n --scale-units
      User-Agent:
      - python/3.8.2 (Windows-10-10.0.19041-SP0) msrest/0.6.18 msrest_azure/0.6.3
        azure-mgmt-media/3.0.0 Azure-SDK-For-Python AZURECLI/2.15.0
      accept-language:
      - en-US
    method: GET
    uri: https://management.azure.com/subscriptions/00000000-0000-0000-0000-000000000000/resourceGroups/clitest.rg000001/providers/Microsoft.Media/mediaservices/ams000003?api-version=2020-05-01
  response:
    body:
      string: "{\r\n  \"name\":\"ams000003\",\"id\":\"/subscriptions/00000000-0000-0000-0000-000000000000/resourceGroups/clitest.rg000001/providers/Microsoft.Media/mediaservices/ams000003\",\"type\":\"Microsoft.Media/mediaservices\",\"location\":\"Central
        US\",\"properties\":{\r\n    \"mediaServiceId\":\"e2ab35b9-b946-43b5-9bb6-c23390a07dd7\",\"storageAccounts\":[\r\n
        \     {\r\n        \"id\":\"/subscriptions/00000000-0000-0000-0000-000000000000/resourceGroups/clitest.rg000001/providers/Microsoft.Storage/storageAccounts/clitest000002\",\"type\":\"Primary\"\r\n
        \     }\r\n    ],\"storageAuthentication\":\"System\",\"encryption\":{\r\n
        \     \"type\":\"SystemKey\"\r\n    }\r\n  },\"identity\":{\r\n    \"type\":\"None\"\r\n
        \ }\r\n}"
    headers:
      cache-control:
      - no-cache
      content-length:
      - '784'
      content-type:
      - application/json; odata.metadata=minimal
      date:
      - Wed, 13 Jan 2021 01:24:21 GMT
      expires:
      - '-1'
      odata-version:
      - '4.0'
      pragma:
      - no-cache
      server:
      - Microsoft-HTTPAPI/2.0
      strict-transport-security:
      - max-age=31536000; includeSubDomains
      transfer-encoding:
      - chunked
      vary:
      - Accept-Encoding
      x-content-type-options:
      - nosniff
    status:
      code: 200
      message: OK
- request:
    body: '{"location": "Central US", "properties": {"scaleUnits": 11, "accessControl":
      {}, "cdnEnabled": false, "crossSiteAccessPolicies": {}}}'
    headers:
      Accept:
      - application/json
      Accept-Encoding:
      - gzip, deflate
      CommandName:
      - ams streaming-endpoint create
      Connection:
      - keep-alive
      Content-Length:
      - '133'
      Content-Type:
      - application/json; charset=utf-8
      ParameterSetName:
      - -g -a -n --scale-units
      User-Agent:
      - python/3.8.2 (Windows-10-10.0.19041-SP0) msrest/0.6.18 msrest_azure/0.6.3
        azure-mgmt-media/3.0.0 Azure-SDK-For-Python AZURECLI/2.15.0
      accept-language:
      - en-US
    method: PUT
    uri: https://management.azure.com/subscriptions/00000000-0000-0000-0000-000000000000/resourceGroups/clitest.rg000001/providers/Microsoft.Media/mediaservices/ams000003/streamingEndpoints/strep000004?api-version=2020-05-01
  response:
    body:
      string: "{\r\n  \"name\":\"strep000004\",\"id\":\"/subscriptions/00000000-0000-0000-0000-000000000000/resourceGroups/clitest.rg000001/providers/Microsoft.Media/mediaservices/ams000003/streamingendpoints/strep000004\",\"type\":\"Microsoft.Media/mediaservices/streamingEndpoints\",\"location\":\"Central
        US\",\"tags\":{\r\n    \r\n  },\"properties\":{\r\n    \"description\":\"\",\"scaleUnits\":11,\"availabilitySetName\":null,\"cdnEnabled\":false,\"cdnProvider\":null,\"cdnProfile\":\"\",\"maxCacheAge\":null,\"customHostNames\":[\r\n
        \     \r\n    ],\"accessControl\":{\r\n      \"akamai\":null,\"ip\":null\r\n
        \   },\"crossSiteAccessPolicies\":{\r\n      \"clientAccessPolicy\":null,\"crossDomainPolicy\":null\r\n
        \   },\"hostName\":\"strep000004-ams000003-usct.streaming.media.azure.net\",\"freeTrialEndTime\":\"0001-01-01T00:00:00Z\",\"provisioningState\":\"InProgress\",\"resourceState\":\"Stopped\",\"created\":\"2021-01-13T01:24:23.6883364Z\",\"lastModified\":\"2021-01-13T01:24:23.6883364Z\"\r\n
        \ }\r\n}"
    headers:
      azure-asyncoperation:
      - https://management.azure.com/subscriptions/00000000-0000-0000-0000-000000000000/resourcegroups/clitest.rg000001/providers/Microsoft.Media/mediaservices/ams000003/streamingendpointoperations/67c3449b-9892-4ec1-9afb-54edae871232?api-version=2020-05-01
      cache-control:
      - no-cache
      content-length:
      - '966'
      content-type:
      - application/json; odata.metadata=minimal
      date:
      - Wed, 13 Jan 2021 01:24:23 GMT
      expires:
      - '-1'
      location:
      - https://management.azure.com/subscriptions/00000000-0000-0000-0000-000000000000/resourcegroups/clitest.rg000001/providers/Microsoft.Media/mediaservices/ams000003/streamingendpoints/strep000004/operationlocations/67c3449b-9892-4ec1-9afb-54edae871232?api-version=2020-05-01
      odata-version:
      - '4.0'
      pragma:
      - no-cache
      server:
      - Microsoft-HTTPAPI/2.0
      strict-transport-security:
      - max-age=31536000; includeSubDomains
      x-content-type-options:
      - nosniff
      x-ms-ratelimit-remaining-subscription-writes:
      - '1197'
    status:
      code: 201
      message: Created
- request:
    body: null
    headers:
      Accept:
      - application/json
      Accept-Encoding:
      - gzip, deflate
      CommandName:
      - ams streaming-endpoint create
      Connection:
      - keep-alive
      ParameterSetName:
      - -g -a -n --scale-units
      User-Agent:
      - python/3.8.2 (Windows-10-10.0.19041-SP0) msrest/0.6.18 msrest_azure/0.6.3
        azure-mgmt-media/3.0.0 Azure-SDK-For-Python AZURECLI/2.15.0
    method: GET
    uri: https://management.azure.com/subscriptions/00000000-0000-0000-0000-000000000000/resourcegroups/clitest.rg000001/providers/Microsoft.Media/mediaservices/ams000003/streamingendpointoperations/67c3449b-9892-4ec1-9afb-54edae871232?api-version=2020-05-01
  response:
    body:
      string: "{\r\n  \"name\":\"67c3449b-9892-4ec1-9afb-54edae871232\",\"status\":\"Succeeded\",\"error\":{\r\n
        \   \"code\":\"None\",\"message\":null,\"target\":\"8c6be7cc-3b3c-4e38-a33c-1dcd23b55e63\"\r\n
        \ }\r\n}"
    headers:
      azure-asyncoperation:
      - https://management.azure.com/subscriptions/00000000-0000-0000-0000-000000000000/resourcegroups/clitest.rg000001/providers/Microsoft.Media/mediaservices/ams000003/streamingendpointoperations/67c3449b-9892-4ec1-9afb-54edae871232?api-version=2020-05-01
      cache-control:
      - no-cache
      content-length:
      - '171'
      content-type:
      - application/json; odata.metadata=minimal
      date:
      - Wed, 13 Jan 2021 01:24:25 GMT
      expires:
      - '-1'
      odata-version:
      - '4.0'
      pragma:
      - no-cache
      server:
      - Microsoft-HTTPAPI/2.0
      strict-transport-security:
      - max-age=31536000; includeSubDomains
      transfer-encoding:
      - chunked
      vary:
      - Accept-Encoding
      x-content-type-options:
      - nosniff
    status:
      code: 200
      message: OK
- request:
    body: null
    headers:
      Accept:
      - application/json
      Accept-Encoding:
      - gzip, deflate
      CommandName:
      - ams streaming-endpoint create
      Connection:
      - keep-alive
      ParameterSetName:
      - -g -a -n --scale-units
      User-Agent:
      - python/3.8.2 (Windows-10-10.0.19041-SP0) msrest/0.6.18 msrest_azure/0.6.3
        azure-mgmt-media/3.0.0 Azure-SDK-For-Python AZURECLI/2.15.0
    method: GET
    uri: https://management.azure.com/subscriptions/00000000-0000-0000-0000-000000000000/resourceGroups/clitest.rg000001/providers/Microsoft.Media/mediaservices/ams000003/streamingEndpoints/strep000004?api-version=2020-05-01
  response:
    body:
      string: "{\r\n  \"name\":\"strep000004\",\"id\":\"/subscriptions/00000000-0000-0000-0000-000000000000/resourceGroups/clitest.rg000001/providers/Microsoft.Media/mediaservices/ams000003/streamingendpoints/strep000004\",\"type\":\"Microsoft.Media/mediaservices/streamingEndpoints\",\"location\":\"Central
        US\",\"tags\":{\r\n    \r\n  },\"properties\":{\r\n    \"description\":\"\",\"scaleUnits\":11,\"availabilitySetName\":null,\"cdnEnabled\":false,\"cdnProvider\":null,\"cdnProfile\":\"\",\"maxCacheAge\":null,\"customHostNames\":[\r\n
        \     \r\n    ],\"accessControl\":null,\"crossSiteAccessPolicies\":null,\"hostName\":\"strep000004-ams000003-usct.streaming.media.azure.net\",\"freeTrialEndTime\":\"0001-01-01T00:00:00Z\",\"provisioningState\":\"Succeeded\",\"resourceState\":\"Stopped\",\"created\":\"2021-01-13T01:24:23.6883364Z\",\"lastModified\":\"2021-01-13T01:24:25.1600356Z\"\r\n
        \ }\r\n}"
    headers:
      cache-control:
      - no-cache
      content-length:
      - '868'
      content-type:
      - application/json; odata.metadata=minimal
      date:
      - Wed, 13 Jan 2021 01:24:26 GMT
      expires:
      - '-1'
      odata-version:
      - '4.0'
      pragma:
      - no-cache
      server:
      - Microsoft-HTTPAPI/2.0
      strict-transport-security:
      - max-age=31536000; includeSubDomains
      transfer-encoding:
      - chunked
      vary:
      - Accept-Encoding
      x-content-type-options:
      - nosniff
    status:
      code: 200
      message: OK
- request:
    body: null
    headers:
      Accept:
      - application/json
      Accept-Encoding:
      - gzip, deflate
      CommandName:
      - ams streaming-endpoint start
      Connection:
      - keep-alive
      Content-Length:
      - '0'
      ParameterSetName:
      - -g -a -n --no-wait
      User-Agent:
      - python/3.8.2 (Windows-10-10.0.19041-SP0) msrest/0.6.18 msrest_azure/0.6.3
        azure-mgmt-media/3.0.0 Azure-SDK-For-Python AZURECLI/2.15.0
      accept-language:
      - en-US
    method: POST
    uri: https://management.azure.com/subscriptions/00000000-0000-0000-0000-000000000000/resourceGroups/clitest.rg000001/providers/Microsoft.Media/mediaservices/ams000003/streamingEndpoints/strep000004/start?api-version=2020-05-01
  response:
    body:
      string: ''
    headers:
      azure-asyncoperation:
      - https://management.azure.com/subscriptions/00000000-0000-0000-0000-000000000000/resourcegroups/clitest.rg000001/providers/Microsoft.Media/mediaservices/ams000003/streamingendpointoperations/9e14e8aa-be2b-460b-98a3-af7884150e26?api-version=2020-05-01
      cache-control:
      - no-cache
      content-length:
      - '0'
      date:
      - Wed, 13 Jan 2021 01:24:27 GMT
      expires:
      - '-1'
      location:
      - https://management.azure.com/subscriptions/00000000-0000-0000-0000-000000000000/resourcegroups/clitest.rg000001/providers/Microsoft.Media/mediaservices/ams000003/streamingendpoints/strep000004/operationlocations/9e14e8aa-be2b-460b-98a3-af7884150e26?api-version=2020-05-01
      pragma:
      - no-cache
      server:
      - Microsoft-HTTPAPI/2.0
      strict-transport-security:
      - max-age=31536000; includeSubDomains
      x-content-type-options:
      - nosniff
      x-ms-ratelimit-remaining-subscription-writes:
      - '1199'
    status:
      code: 202
      message: Accepted
- request:
    body: null
    headers:
      Accept:
      - application/json
      Accept-Encoding:
      - gzip, deflate
      CommandName:
      - ams streaming-endpoint show
      Connection:
      - keep-alive
      ParameterSetName:
      - -g -a -n
      User-Agent:
      - python/3.8.2 (Windows-10-10.0.19041-SP0) msrest/0.6.18 msrest_azure/0.6.3
        azure-mgmt-media/3.0.0 Azure-SDK-For-Python AZURECLI/2.15.0
      accept-language:
      - en-US
    method: GET
    uri: https://management.azure.com/subscriptions/00000000-0000-0000-0000-000000000000/resourceGroups/clitest.rg000001/providers/Microsoft.Media/mediaservices/ams000003/streamingEndpoints/strep000004?api-version=2020-05-01
  response:
    body:
      string: "{\r\n  \"name\":\"strep000004\",\"id\":\"/subscriptions/00000000-0000-0000-0000-000000000000/resourceGroups/clitest.rg000001/providers/Microsoft.Media/mediaservices/ams000003/streamingendpoints/strep000004\",\"type\":\"Microsoft.Media/mediaservices/streamingEndpoints\",\"location\":\"Central
        US\",\"tags\":{\r\n    \r\n  },\"properties\":{\r\n    \"description\":\"\",\"scaleUnits\":11,\"availabilitySetName\":null,\"cdnEnabled\":false,\"cdnProvider\":null,\"cdnProfile\":\"\",\"maxCacheAge\":null,\"customHostNames\":[\r\n
        \     \r\n    ],\"accessControl\":null,\"crossSiteAccessPolicies\":null,\"hostName\":\"strep000004-ams000003-usct.streaming.media.azure.net\",\"freeTrialEndTime\":\"0001-01-01T00:00:00Z\",\"provisioningState\":\"InProgress\",\"resourceState\":\"Starting\",\"created\":\"2021-01-13T01:24:23.6883364Z\",\"lastModified\":\"2021-01-13T01:24:27.6606954Z\"\r\n
        \ }\r\n}"
    headers:
      cache-control:
      - no-cache
      content-length:
      - '870'
      content-type:
      - application/json; odata.metadata=minimal
      date:
      - Wed, 13 Jan 2021 01:24:27 GMT
      expires:
      - '-1'
      odata-version:
      - '4.0'
      pragma:
      - no-cache
      server:
      - Microsoft-HTTPAPI/2.0
      strict-transport-security:
      - max-age=31536000; includeSubDomains
      transfer-encoding:
      - chunked
      vary:
      - Accept-Encoding
      x-content-type-options:
      - nosniff
    status:
      code: 200
      message: OK
version: 1
