interactions:
- request:
    body: '{"location": "westus2", "properties": {"storageAccounts": [{"id": "/subscriptions/00000000-0000-0000-0000-000000000000/resourceGroups/clitest.rg000001/providers/Microsoft.Storage/storageAccounts/clitest000002",
      "type": "Primary"}], "keyDelivery": {"accessControl": {"defaultAction": "Allow",
      "ipAllowList": []}}, "publicNetworkAccess": "Enabled"}}'
    headers:
      Accept:
      - application/json
      Accept-Encoding:
      - gzip, deflate
      CommandName:
      - ams account create
      Connection:
      - keep-alive
      Content-Length:
      - '347'
      Content-Type:
      - application/json
      ParameterSetName:
      - -n -g --storage-account -l
      User-Agent:
      - AZURECLI/2.37.0 azsdk-python-mgmt-media/9.0.0 Python/3.9.5 (Windows-10-10.0.22000-SP0)
    method: PUT
    uri: https://management.azure.com/subscriptions/00000000-0000-0000-0000-000000000000/resourceGroups/clitest.rg000001/providers/Microsoft.Media/mediaservices/ams000003?api-version=2021-06-01
  response:
    body:
      string: "{\r\n  \"name\":\"ams000003\",\"id\":\"/subscriptions/00000000-0000-0000-0000-000000000000/resourceGroups/clitest.rg000001/providers/Microsoft.Media/mediaservices/ams000003\",\"type\":\"Microsoft.Media/mediaservices\",\"location\":\"West
        US 2\",\"properties\":{\r\n    \"mediaServiceId\":\"2dff2f1f-0530-40e4-b7c2-8ecb724fa1d9\",\"storageAccounts\":[\r\n
        \     {\r\n        \"id\":\"/subscriptions/00000000-0000-0000-0000-000000000000/resourceGroups/clitest.rg000001/providers/Microsoft.Storage/storageAccounts/clitest000002\",\"type\":\"Primary\"\r\n
        \     }\r\n    ],\"storageAuthentication\":\"System\",\"encryption\":{\r\n
        \     \"type\":\"SystemKey\"\r\n    },\"keyDelivery\":{\r\n      \"accessControl\":{\r\n
        \       \"defaultAction\":\"Allow\",\"ipAllowList\":[\r\n          \r\n        ]\r\n
        \     }\r\n    },\"publicNetworkAccess\":\"Enabled\"\r\n  },\"systemData\":{\r\n
        \   \"createdBy\":\"hivyas@microsoft.com\",\"createdByType\":\"User\",\"createdAt\":\"2022-06-02T00:20:38.1443005Z\",\"lastModifiedBy\":\"hivyas@microsoft.com\",\"lastModifiedByType\":\"User\",\"lastModifiedAt\":\"2022-06-02T00:20:38.1443005Z\"\r\n
        \ }\r\n}"
    headers:
      cache-control:
      - no-cache
      content-length:
      - '1014'
      content-type:
      - application/json; odata.metadata=minimal
      date:
      - Thu, 02 Jun 2022 00:20:38 GMT
      expires:
      - '-1'
      odata-version:
      - '4.0'
      pragma:
      - no-cache
      server:
      - Microsoft-HTTPAPI/2.0
      strict-transport-security:
      - max-age=31536000; includeSubDomains
      x-content-type-options:
      - nosniff
      x-ms-ratelimit-remaining-subscription-writes:
      - '1199'
    status:
      code: 201
      message: Created
- request:
    body: null
    headers:
      Accept:
      - application/json
      Accept-Encoding:
      - gzip, deflate
      CommandName:
      - ams account sp create
      Connection:
      - keep-alive
      ParameterSetName:
      - -a -n -g -p --role
      User-Agent:
      - AZURECLI/2.37.0 azsdk-python-mgmt-media/9.0.0 Python/3.9.5 (Windows-10-10.0.22000-SP0)
    method: GET
    uri: https://management.azure.com/subscriptions/00000000-0000-0000-0000-000000000000/resourceGroups/clitest.rg000001/providers/Microsoft.Media/mediaservices/ams000003?api-version=2021-06-01
  response:
    body:
      string: "{\r\n  \"name\":\"ams000003\",\"id\":\"/subscriptions/00000000-0000-0000-0000-000000000000/resourceGroups/clitest.rg000001/providers/Microsoft.Media/mediaservices/ams000003\",\"type\":\"Microsoft.Media/mediaservices\",\"location\":\"West
        US 2\",\"properties\":{\r\n    \"mediaServiceId\":\"2dff2f1f-0530-40e4-b7c2-8ecb724fa1d9\",\"storageAccounts\":[\r\n
        \     {\r\n        \"id\":\"/subscriptions/00000000-0000-0000-0000-000000000000/resourceGroups/clitest.rg000001/providers/Microsoft.Storage/storageAccounts/clitest000002\",\"type\":\"Primary\"\r\n
        \     }\r\n    ],\"storageAuthentication\":\"System\",\"encryption\":{\r\n
        \     \"type\":\"SystemKey\"\r\n    },\"keyDelivery\":{\r\n      \"accessControl\":{\r\n
        \       \"defaultAction\":\"Allow\",\"ipAllowList\":[\r\n          \r\n        ]\r\n
        \     }\r\n    },\"publicNetworkAccess\":\"Enabled\"\r\n  },\"systemData\":{\r\n
        \   \"createdBy\":\"hivyas@microsoft.com\",\"createdByType\":\"User\",\"createdAt\":\"2022-06-02T00:20:38.1443005Z\",\"lastModifiedBy\":\"hivyas@microsoft.com\",\"lastModifiedByType\":\"User\",\"lastModifiedAt\":\"2022-06-02T00:20:38.1443005Z\"\r\n
        \ }\r\n}"
    headers:
      cache-control:
      - no-cache
      content-length:
      - '1014'
      content-type:
      - application/json; odata.metadata=minimal
      date:
      - Thu, 02 Jun 2022 00:20:38 GMT
      expires:
      - '-1'
      odata-version:
      - '4.0'
      pragma:
      - no-cache
      server:
      - Microsoft-HTTPAPI/2.0
      strict-transport-security:
      - max-age=31536000; includeSubDomains
      transfer-encoding:
      - chunked
      vary:
      - Accept-Encoding
      x-content-type-options:
      - nosniff
    status:
      code: 200
      message: OK
- request:
    body: null
    headers:
      Accept:
      - '*/*'
      Accept-Encoding:
      - gzip, deflate
      CommandName:
      - ams account sp create
      Connection:
      - keep-alive
      ParameterSetName:
      - -a -n -g -p --role
      User-Agent:
      - python/3.9.5 (Windows-10-10.0.22000-SP0) AZURECLI/2.37.0
    method: GET
    uri: https://graph.microsoft.com/v1.0/servicePrincipals?$filter=displayName%20eq%20'ams000003-access-sp'
  response:
    body:
      string: '{"@odata.context":"https://graph.microsoft.com/v1.0/$metadata#servicePrincipals","value":[]}'
    headers:
      cache-control:
      - no-cache
      content-length:
      - '92'
      content-type:
      - application/json;odata.metadata=minimal;odata.streaming=true;IEEE754Compatible=false;charset=utf-8
      date:
      - Thu, 02 Jun 2022 00:20:39 GMT
      odata-version:
      - '4.0'
      request-id:
      - 7ec44faa-aaad-4819-affc-e38213835f91
      strict-transport-security:
      - max-age=31536000
      transfer-encoding:
      - chunked
      vary:
      - Accept-Encoding
      x-ms-ags-diagnostic:
      - '{"ServerInfo":{"DataCenter":"West Central US","Slice":"E","Ring":"1","ScaleUnit":"001","RoleInstance":"CY4PEPF0000AB4D"}}'
      x-ms-resource-unit:
      - '1'
    status:
      code: 200
      message: OK
- request:
    body: '{"signInAudience": "AzureADMyOrg", "displayName": "ams000003-access-sp",
      "identifierUris": []}'
    headers:
      Accept:
      - '*/*'
      Accept-Encoding:
      - gzip, deflate
      CommandName:
      - ams account sp create
      Connection:
      - keep-alive
      Content-Length:
      - '94'
      Content-Type:
      - application/json
      ParameterSetName:
      - -a -n -g -p --role
      User-Agent:
      - python/3.9.5 (Windows-10-10.0.22000-SP0) AZURECLI/2.37.0
    method: POST
    uri: https://graph.microsoft.com/v1.0/applications
  response:
    body:
      string: '{"@odata.context": "https://graph.microsoft.com/v1.0/$metadata#applications/$entity",
        "id": "0648d380-53b6-426b-8d12-97be0b253c69", "deletedDateTime": null, "appId":
        "2f389f46-598f-4a35-8d34-267f374f63bf", "applicationTemplateId": null, "disabledByMicrosoftStatus":
        null, "createdDateTime": "2022-06-02T00:20:40.3254387Z", "displayName": "ams000003-access-sp",
        "description": null, "groupMembershipClaims": null, "identifierUris": [],
        "isDeviceOnlyAuthSupported": null, "isFallbackPublicClient": null, "notes":
        null, "publisherDomain": "microsoft.onmicrosoft.com", "serviceManagementReference":
        null, "signInAudience": "AzureADMyOrg", "tags": [], "tokenEncryptionKeyId":
        null, "defaultRedirectUri": null, "certification": null, "optionalClaims":
        null, "addIns": [], "api": {"acceptMappedClaims": null, "knownClientApplications":
        [], "requestedAccessTokenVersion": null, "oauth2PermissionScopes": [], "preAuthorizedApplications":
        []}, "appRoles": [], "info": {"logoUrl": null, "marketingUrl": null, "privacyStatementUrl":
        null, "supportUrl": null, "termsOfServiceUrl": null}, "keyCredentials": [],
        "parentalControlSettings": {"countriesBlockedForMinors": [], "legalAgeGroupRule":
        "Allow"}, "passwordCredentials": [], "publicClient": {"redirectUris": []},
        "requiredResourceAccess": [], "verifiedPublisher": {"displayName": null, "verifiedPublisherId":
        null, "addedDateTime": null}, "web": {"homePageUrl": null, "logoutUrl": null,
        "redirectUris": [], "implicitGrantSettings": {"enableAccessTokenIssuance":
        false, "enableIdTokenIssuance": false}}, "spa": {"redirectUris": []}}'
    headers:
      cache-control:
      - no-cache
      content-length:
      - '1572'
      content-type:
      - application/json;odata.metadata=minimal;odata.streaming=true;IEEE754Compatible=false;charset=utf-8
      date:
      - Thu, 02 Jun 2022 00:20:39 GMT
      location:
      - https://graph.microsoft.com/v2/72f988bf-86f1-41af-91ab-2d7cd011db47/directoryObjects/0648d380-53b6-426b-8d12-97be0b253c69/Microsoft.DirectoryServices.Application
      odata-version:
      - '4.0'
      request-id:
      - 1aa786e7-56c0-41a9-a6ad-4e4a2444889c
      strict-transport-security:
      - max-age=31536000
      transfer-encoding:
      - chunked
      vary:
      - Accept-Encoding
      x-ms-ags-diagnostic:
      - '{"ServerInfo":{"DataCenter":"West Central US","Slice":"E","Ring":"1","ScaleUnit":"001","RoleInstance":"CY4PEPF0000ADD5"}}'
      x-ms-resource-unit:
      - '1'
    status:
      code: 201
      message: Created
- request:
    body: '{"passwordCredential": {"displayName": "spp1!000004", "endDateTime": "2023-06-02T00:20:40.661608+00:00",
      "keyId": "88888888-0000-0000-0000-000000000001", "startDateTime": "2022-06-02T00:20:40.661608+00:00"}}'
    headers:
      Accept:
      - '*/*'
      Accept-Encoding:
      - gzip, deflate
      CommandName:
      - ams account sp create
      Connection:
      - keep-alive
      Content-Length:
      - '207'
      Content-Type:
      - application/json
      ParameterSetName:
      - -a -n -g -p --role
      User-Agent:
      - python/3.9.5 (Windows-10-10.0.22000-SP0) AZURECLI/2.37.0
    method: POST
    uri: https://graph.microsoft.com/v1.0/applications/0648d380-53b6-426b-8d12-97be0b253c69/addPassword
  response:
    body:
      string: '{"@odata.context": "https://graph.microsoft.com/v1.0/$metadata#microsoft.graph.passwordCredential",
        "customKeyIdentifier": null, "displayName": "spp1!000004", "endDateTime":
        "2023-06-02T00:20:40.661608Z", "hint": "xvH", "keyId": "88888888-0000-0000-0000-000000000001",
        "secretText": "replaced-microsoft-graph-password", "startDateTime": "2022-06-02T00:20:40.661608Z"}'
    headers:
      cache-control:
      - no-cache
      content-length:
      - '367'
      content-type:
      - application/json;odata.metadata=minimal;odata.streaming=true;IEEE754Compatible=false;charset=utf-8
      date:
      - Thu, 02 Jun 2022 00:20:40 GMT
      location:
      - https://graph.microsoft.com
      odata-version:
      - '4.0'
      request-id:
      - c81b2bc8-8547-47f6-ba6d-5f2fa65704cc
      strict-transport-security:
      - max-age=31536000
      transfer-encoding:
      - chunked
      vary:
      - Accept-Encoding
      x-ms-ags-diagnostic:
      - '{"ServerInfo":{"DataCenter":"West Central US","Slice":"E","Ring":"1","ScaleUnit":"001","RoleInstance":"CY4PEPF0000ADD5"}}'
      x-ms-resource-unit:
      - '1'
    status:
      code: 200
      message: OK
- request:
    body: '{"appId": "2f389f46-598f-4a35-8d34-267f374f63bf", "accountEnabled": true}'
    headers:
      Accept:
      - '*/*'
      Accept-Encoding:
      - gzip, deflate
      CommandName:
      - ams account sp create
      Connection:
      - keep-alive
      Content-Length:
      - '73'
      Content-Type:
      - application/json
      ParameterSetName:
      - -a -n -g -p --role
      User-Agent:
      - python/3.9.5 (Windows-10-10.0.22000-SP0) AZURECLI/2.37.0
    method: POST
    uri: https://graph.microsoft.com/v1.0/servicePrincipals
  response:
    body:
      string: '{"error":{"code":"Authorization_RequestDenied","message":"When using
        this permission, the backing application of the service principal being created
        must in the local tenant","innerError":{"date":"2022-06-02T00:20:43","request-id":"176cb59e-1248-4085-9859-634c510f8387","client-request-id":"176cb59e-1248-4085-9859-634c510f8387"}}}'
    headers:
      cache-control:
      - no-cache
      content-length:
      - '331'
      content-type:
      - application/json
      date:
      - Thu, 02 Jun 2022 00:20:43 GMT
      request-id:
      - 176cb59e-1248-4085-9859-634c510f8387
      strict-transport-security:
      - max-age=31536000
      transfer-encoding:
      - chunked
      vary:
      - Accept-Encoding
      x-ms-ags-diagnostic:
      - '{"ServerInfo":{"DataCenter":"West Central US","Slice":"E","Ring":"1","ScaleUnit":"001","RoleInstance":"CY4PEPF00005445"}}'
      x-ms-resource-unit:
      - '1'
    status:
      code: 403
      message: Forbidden
- request:
    body: '{"appId": "2f389f46-598f-4a35-8d34-267f374f63bf", "accountEnabled": true}'
    headers:
      Accept:
      - '*/*'
      Accept-Encoding:
      - gzip, deflate
      CommandName:
      - ams account sp create
      Connection:
      - keep-alive
      Content-Length:
      - '73'
      Content-Type:
      - application/json
      ParameterSetName:
      - -a -n -g -p --role
      User-Agent:
      - python/3.9.5 (Windows-10-10.0.22000-SP0) AZURECLI/2.37.0
    method: POST
    uri: https://graph.microsoft.com/v1.0/servicePrincipals
  response:
    body:
      string: '{"@odata.context":"https://graph.microsoft.com/v1.0/$metadata#servicePrincipals/$entity","id":"078917d3-a623-44a7-ad2b-a1e3f778d386","deletedDateTime":null,"accountEnabled":true,"alternativeNames":[],"appDisplayName":"ams000003-access-sp","appDescription":null,"appId":"2f389f46-598f-4a35-8d34-267f374f63bf","applicationTemplateId":null,"appOwnerOrganizationId":"72f988bf-86f1-41af-91ab-2d7cd011db47","appRoleAssignmentRequired":false,"createdDateTime":"2022-06-02T00:20:49Z","description":null,"disabledByMicrosoftStatus":null,"displayName":"ams000003-access-sp","homepage":null,"loginUrl":null,"logoutUrl":null,"notes":null,"notificationEmailAddresses":[],"preferredSingleSignOnMode":null,"preferredTokenSigningKeyThumbprint":null,"replyUrls":[],"servicePrincipalNames":["2f389f46-598f-4a35-8d34-267f374f63bf"],"servicePrincipalType":"Application","signInAudience":"AzureADMyOrg","tags":[],"tokenEncryptionKeyId":null,"samlSingleSignOnSettings":null,"verifiedPublisher":{"displayName":null,"verifiedPublisherId":null,"addedDateTime":null},"addIns":[],"appRoles":[],"info":{"logoUrl":null,"marketingUrl":null,"privacyStatementUrl":null,"supportUrl":null,"termsOfServiceUrl":null},"keyCredentials":[],"oauth2PermissionScopes":[],"passwordCredentials":[],"resourceSpecificApplicationPermissions":[]}'
    headers:
      cache-control:
      - no-cache
      content-length:
      - '1298'
      content-type:
      - application/json;odata.metadata=minimal;odata.streaming=true;IEEE754Compatible=false;charset=utf-8
      date:
      - Thu, 02 Jun 2022 00:20:49 GMT
      location:
      - https://graph.microsoft.com/v2/72f988bf-86f1-41af-91ab-2d7cd011db47/directoryObjects/078917d3-a623-44a7-ad2b-a1e3f778d386/Microsoft.DirectoryServices.ServicePrincipal
      odata-version:
      - '4.0'
      request-id:
      - 815801ed-01e5-48d0-9a95-7b8855265900
      strict-transport-security:
      - max-age=31536000
      transfer-encoding:
      - chunked
      vary:
      - Accept-Encoding
      x-ms-ags-diagnostic:
      - '{"ServerInfo":{"DataCenter":"West Central US","Slice":"E","Ring":"1","ScaleUnit":"001","RoleInstance":"CY4PEPF0000AB4D"}}'
      x-ms-resource-unit:
      - '1'
    status:
      code: 201
      message: Created
- request:
    body: null
    headers:
      Accept:
      - application/json
      Accept-Encoding:
      - gzip, deflate
      CommandName:
      - ams account sp create
      Connection:
      - keep-alive
      ParameterSetName:
      - -a -n -g -p --role
      User-Agent:
      - python/3.9.5 (Windows-10-10.0.22000-SP0) msrest/0.6.21 msrest_azure/0.6.4
        azure-mgmt-authorization/0.61.0 Azure-SDK-For-Python AZURECLI/2.37.0
      accept-language:
      - en-US
    method: GET
    uri: https://management.azure.com/subscriptions/00000000-0000-0000-0000-000000000000/providers/Microsoft.Authorization/roleAssignments?$filter=principalId%20eq%20%27078917d3-a623-44a7-ad2b-a1e3f778d386%27&api-version=2020-04-01-preview
  response:
    body:
      string: '{"value":[]}'
    headers:
      cache-control:
      - no-cache
      content-length:
      - '12'
      content-type:
      - application/json; charset=utf-8
      date:
      - Thu, 02 Jun 2022 00:20:49 GMT
      expires:
      - '-1'
      pragma:
      - no-cache
      set-cookie:
      - x-ms-gateway-slice=Production; path=/; secure; samesite=none; httponly
      strict-transport-security:
      - max-age=31536000; includeSubDomains
      transfer-encoding:
      - chunked
      vary:
      - Accept-Encoding
      x-content-type-options:
      - nosniff
    status:
      code: 200
      message: OK
- request:
    body: null
    headers:
      Accept:
      - application/json
      Accept-Encoding:
      - gzip, deflate
      CommandName:
      - ams account sp create
      Connection:
      - keep-alive
      ParameterSetName:
      - -a -n -g -p --role
      User-Agent:
      - python/3.9.5 (Windows-10-10.0.22000-SP0) msrest/0.6.21 msrest_azure/0.6.4
        azure-mgmt-authorization/0.61.0 Azure-SDK-For-Python AZURECLI/2.37.0
      accept-language:
      - en-US
    method: GET
    uri: https://management.azure.com/subscriptions/00000000-0000-0000-0000-000000000000/resourceGroups/clitest.rg000001/providers/Microsoft.Media/mediaservices/ams000003/providers/Microsoft.Authorization/roleDefinitions?$filter=roleName%20eq%20%27Owner%27&api-version=2018-01-01-preview
  response:
    body:
      string: '{"value":[{"properties":{"roleName":"Owner","type":"BuiltInRole","description":"Grants
        full access to manage all resources, including the ability to assign roles
        in Azure RBAC.","assignableScopes":["/"],"permissions":[{"actions":["*"],"notActions":[],"dataActions":[],"notDataActions":[]}],"createdOn":"2015-02-02T21:55:09.8806423Z","updatedOn":"2021-11-11T20:13:45.8978856Z","createdBy":null,"updatedBy":null},"id":"/subscriptions/00000000-0000-0000-0000-000000000000/providers/Microsoft.Authorization/roleDefinitions/8e3af657-a8ff-443c-a75c-2fe8c4bcb635","type":"Microsoft.Authorization/roleDefinitions","name":"8e3af657-a8ff-443c-a75c-2fe8c4bcb635"}]}'
    headers:
      cache-control:
      - no-cache
      content-length:
      - '654'
      content-type:
      - application/json; charset=utf-8
      date:
      - Thu, 02 Jun 2022 00:20:50 GMT
      expires:
      - '-1'
      pragma:
      - no-cache
      set-cookie:
      - x-ms-gateway-slice=Production; path=/; secure; samesite=none; httponly
      strict-transport-security:
      - max-age=31536000; includeSubDomains
      transfer-encoding:
      - chunked
      vary:
      - Accept-Encoding
      x-content-type-options:
      - nosniff
    status:
      code: 200
      message: OK
- request:
    body: '{"properties": {"roleDefinitionId": "/subscriptions/00000000-0000-0000-0000-000000000000/providers/Microsoft.Authorization/roleDefinitions/8e3af657-a8ff-443c-a75c-2fe8c4bcb635",
      "principalId": "078917d3-a623-44a7-ad2b-a1e3f778d386"}}'
    headers:
      Accept:
      - application/json
      Accept-Encoding:
      - gzip, deflate
      CommandName:
      - ams account sp create
      Connection:
      - keep-alive
      Content-Length:
      - '233'
      Content-Type:
      - application/json; charset=utf-8
      Cookie:
      - x-ms-gateway-slice=Production
      ParameterSetName:
      - -a -n -g -p --role
      User-Agent:
      - python/3.9.5 (Windows-10-10.0.22000-SP0) msrest/0.6.21 msrest_azure/0.6.4
        azure-mgmt-authorization/0.61.0 Azure-SDK-For-Python AZURECLI/2.37.0
      accept-language:
      - en-US
    method: PUT
    uri: https://management.azure.com/subscriptions/00000000-0000-0000-0000-000000000000/resourceGroups/clitest.rg000001/providers/Microsoft.Media/mediaservices/ams000003/providers/Microsoft.Authorization/roleAssignments/88888888-0000-0000-0000-000000000002?api-version=2020-04-01-preview
  response:
    body:
      string: '{"error":{"code":"PrincipalNotFound","message":"Principal 078917d3a62344a7ad2ba1e3f778d386
        does not exist in the directory 72f988bf-86f1-41af-91ab-2d7cd011db47. Check
        that you have the correct principal ID. If you are creating this principal
        and then immediately assigning a role, this error might be related to a replication
        delay. In this case, set the role assignment principalType property to a value,
        such as ServicePrincipal, User, or Group.  See https://aka.ms/docs-principaltype"}}'
    headers:
      cache-control:
      - no-cache
      content-length:
      - '489'
      content-type:
      - application/json; charset=utf-8
      date:
      - Thu, 02 Jun 2022 00:20:51 GMT
      expires:
      - '-1'
      pragma:
      - no-cache
      set-cookie:
      - x-ms-gateway-slice=Production; path=/; secure; samesite=none; httponly
      strict-transport-security:
      - max-age=31536000; includeSubDomains
      x-content-type-options:
      - nosniff
      x-ms-ratelimit-remaining-subscription-writes:
      - '1199'
    status:
      code: 400
      message: Bad Request
- request:
    body: null
    headers:
      Accept:
      - application/json
      Accept-Encoding:
      - gzip, deflate
      CommandName:
      - ams account sp create
      Connection:
      - keep-alive
      ParameterSetName:
      - -a -n -g -p --role
      User-Agent:
      - python/3.9.5 (Windows-10-10.0.22000-SP0) msrest/0.6.21 msrest_azure/0.6.4
        azure-mgmt-authorization/0.61.0 Azure-SDK-For-Python AZURECLI/2.37.0
      accept-language:
      - en-US
    method: GET
    uri: https://management.azure.com/subscriptions/00000000-0000-0000-0000-000000000000/providers/Microsoft.Authorization/roleAssignments?$filter=principalId%20eq%20%27078917d3-a623-44a7-ad2b-a1e3f778d386%27&api-version=2020-04-01-preview
  response:
    body:
      string: '{"value":[]}'
    headers:
      cache-control:
      - no-cache
      content-length:
      - '12'
      content-type:
      - application/json; charset=utf-8
      date:
      - Thu, 02 Jun 2022 00:20:56 GMT
      expires:
      - '-1'
      pragma:
      - no-cache
      set-cookie:
      - x-ms-gateway-slice=Production; path=/; secure; samesite=none; httponly
      strict-transport-security:
      - max-age=31536000; includeSubDomains
      transfer-encoding:
      - chunked
      vary:
      - Accept-Encoding
      x-content-type-options:
      - nosniff
    status:
      code: 200
      message: OK
- request:
    body: null
    headers:
      Accept:
      - application/json
      Accept-Encoding:
      - gzip, deflate
      CommandName:
      - ams account sp create
      Connection:
      - keep-alive
      ParameterSetName:
      - -a -n -g -p --role
      User-Agent:
      - python/3.9.5 (Windows-10-10.0.22000-SP0) msrest/0.6.21 msrest_azure/0.6.4
        azure-mgmt-authorization/0.61.0 Azure-SDK-For-Python AZURECLI/2.37.0
      accept-language:
      - en-US
    method: GET
    uri: https://management.azure.com/subscriptions/00000000-0000-0000-0000-000000000000/resourceGroups/clitest.rg000001/providers/Microsoft.Media/mediaservices/ams000003/providers/Microsoft.Authorization/roleDefinitions?$filter=roleName%20eq%20%27Owner%27&api-version=2018-01-01-preview
  response:
    body:
      string: '{"value":[{"properties":{"roleName":"Owner","type":"BuiltInRole","description":"Grants
        full access to manage all resources, including the ability to assign roles
        in Azure RBAC.","assignableScopes":["/"],"permissions":[{"actions":["*"],"notActions":[],"dataActions":[],"notDataActions":[]}],"createdOn":"2015-02-02T21:55:09.8806423Z","updatedOn":"2021-11-11T20:13:45.8978856Z","createdBy":null,"updatedBy":null},"id":"/subscriptions/00000000-0000-0000-0000-000000000000/providers/Microsoft.Authorization/roleDefinitions/8e3af657-a8ff-443c-a75c-2fe8c4bcb635","type":"Microsoft.Authorization/roleDefinitions","name":"8e3af657-a8ff-443c-a75c-2fe8c4bcb635"}]}'
    headers:
      cache-control:
      - no-cache
      content-length:
      - '654'
      content-type:
      - application/json; charset=utf-8
      date:
      - Thu, 02 Jun 2022 00:20:57 GMT
      expires:
      - '-1'
      pragma:
      - no-cache
      set-cookie:
      - x-ms-gateway-slice=Production; path=/; secure; samesite=none; httponly
      strict-transport-security:
      - max-age=31536000; includeSubDomains
      transfer-encoding:
      - chunked
      vary:
      - Accept-Encoding
      x-content-type-options:
      - nosniff
    status:
      code: 200
      message: OK
- request:
    body: '{"properties": {"roleDefinitionId": "/subscriptions/00000000-0000-0000-0000-000000000000/providers/Microsoft.Authorization/roleDefinitions/8e3af657-a8ff-443c-a75c-2fe8c4bcb635",
      "principalId": "078917d3-a623-44a7-ad2b-a1e3f778d386"}}'
    headers:
      Accept:
      - application/json
      Accept-Encoding:
      - gzip, deflate
      CommandName:
      - ams account sp create
      Connection:
      - keep-alive
      Content-Length:
      - '233'
      Content-Type:
      - application/json; charset=utf-8
      Cookie:
      - x-ms-gateway-slice=Production
      ParameterSetName:
      - -a -n -g -p --role
      User-Agent:
      - python/3.9.5 (Windows-10-10.0.22000-SP0) msrest/0.6.21 msrest_azure/0.6.4
        azure-mgmt-authorization/0.61.0 Azure-SDK-For-Python AZURECLI/2.37.0
      accept-language:
      - en-US
    method: PUT
    uri: https://management.azure.com/subscriptions/00000000-0000-0000-0000-000000000000/resourceGroups/clitest.rg000001/providers/Microsoft.Media/mediaservices/ams000003/providers/Microsoft.Authorization/roleAssignments/88888888-0000-0000-0000-000000000003?api-version=2020-04-01-preview
  response:
    body:
      string: '{"error":{"code":"PrincipalNotFound","message":"Principal 078917d3a62344a7ad2ba1e3f778d386
        does not exist in the directory 72f988bf-86f1-41af-91ab-2d7cd011db47. Check
        that you have the correct principal ID. If you are creating this principal
        and then immediately assigning a role, this error might be related to a replication
        delay. In this case, set the role assignment principalType property to a value,
        such as ServicePrincipal, User, or Group.  See https://aka.ms/docs-principaltype"}}'
    headers:
      cache-control:
      - no-cache
      content-length:
      - '489'
      content-type:
      - application/json; charset=utf-8
      date:
      - Thu, 02 Jun 2022 00:20:58 GMT
      expires:
      - '-1'
      pragma:
      - no-cache
      set-cookie:
      - x-ms-gateway-slice=Production; path=/; secure; samesite=none; httponly
      strict-transport-security:
      - max-age=31536000; includeSubDomains
      x-content-type-options:
      - nosniff
      x-ms-ratelimit-remaining-subscription-writes:
      - '1199'
    status:
      code: 400
      message: Bad Request
- request:
    body: null
    headers:
      Accept:
      - application/json
      Accept-Encoding:
      - gzip, deflate
      CommandName:
      - ams account sp create
      Connection:
      - keep-alive
      ParameterSetName:
      - -a -n -g -p --role
      User-Agent:
      - python/3.9.5 (Windows-10-10.0.22000-SP0) msrest/0.6.21 msrest_azure/0.6.4
        azure-mgmt-authorization/0.61.0 Azure-SDK-For-Python AZURECLI/2.37.0
      accept-language:
      - en-US
    method: GET
    uri: https://management.azure.com/subscriptions/00000000-0000-0000-0000-000000000000/providers/Microsoft.Authorization/roleAssignments?$filter=principalId%20eq%20%27078917d3-a623-44a7-ad2b-a1e3f778d386%27&api-version=2020-04-01-preview
  response:
    body:
      string: '{"value":[]}'
    headers:
      cache-control:
      - no-cache
      content-length:
      - '12'
      content-type:
      - application/json; charset=utf-8
      date:
      - Thu, 02 Jun 2022 00:21:03 GMT
      expires:
      - '-1'
      pragma:
      - no-cache
      set-cookie:
      - x-ms-gateway-slice=Production; path=/; secure; samesite=none; httponly
      strict-transport-security:
      - max-age=31536000; includeSubDomains
      transfer-encoding:
      - chunked
      vary:
      - Accept-Encoding
      x-content-type-options:
      - nosniff
    status:
      code: 200
      message: OK
- request:
    body: null
    headers:
      Accept:
      - application/json
      Accept-Encoding:
      - gzip, deflate
      CommandName:
      - ams account sp create
      Connection:
      - keep-alive
      ParameterSetName:
      - -a -n -g -p --role
      User-Agent:
      - python/3.9.5 (Windows-10-10.0.22000-SP0) msrest/0.6.21 msrest_azure/0.6.4
        azure-mgmt-authorization/0.61.0 Azure-SDK-For-Python AZURECLI/2.37.0
      accept-language:
      - en-US
    method: GET
    uri: https://management.azure.com/subscriptions/00000000-0000-0000-0000-000000000000/resourceGroups/clitest.rg000001/providers/Microsoft.Media/mediaservices/ams000003/providers/Microsoft.Authorization/roleDefinitions?$filter=roleName%20eq%20%27Owner%27&api-version=2018-01-01-preview
  response:
    body:
      string: '{"value":[{"properties":{"roleName":"Owner","type":"BuiltInRole","description":"Grants
        full access to manage all resources, including the ability to assign roles
        in Azure RBAC.","assignableScopes":["/"],"permissions":[{"actions":["*"],"notActions":[],"dataActions":[],"notDataActions":[]}],"createdOn":"2015-02-02T21:55:09.8806423Z","updatedOn":"2021-11-11T20:13:45.8978856Z","createdBy":null,"updatedBy":null},"id":"/subscriptions/00000000-0000-0000-0000-000000000000/providers/Microsoft.Authorization/roleDefinitions/8e3af657-a8ff-443c-a75c-2fe8c4bcb635","type":"Microsoft.Authorization/roleDefinitions","name":"8e3af657-a8ff-443c-a75c-2fe8c4bcb635"}]}'
    headers:
      cache-control:
      - no-cache
      content-length:
      - '654'
      content-type:
      - application/json; charset=utf-8
      date:
      - Thu, 02 Jun 2022 00:21:03 GMT
      expires:
      - '-1'
      pragma:
      - no-cache
      set-cookie:
      - x-ms-gateway-slice=Production; path=/; secure; samesite=none; httponly
      strict-transport-security:
      - max-age=31536000; includeSubDomains
      transfer-encoding:
      - chunked
      vary:
      - Accept-Encoding
      x-content-type-options:
      - nosniff
    status:
      code: 200
      message: OK
- request:
    body: '{"properties": {"roleDefinitionId": "/subscriptions/00000000-0000-0000-0000-000000000000/providers/Microsoft.Authorization/roleDefinitions/8e3af657-a8ff-443c-a75c-2fe8c4bcb635",
      "principalId": "078917d3-a623-44a7-ad2b-a1e3f778d386"}}'
    headers:
      Accept:
      - application/json
      Accept-Encoding:
      - gzip, deflate
      CommandName:
      - ams account sp create
      Connection:
      - keep-alive
      Content-Length:
      - '233'
      Content-Type:
      - application/json; charset=utf-8
      Cookie:
      - x-ms-gateway-slice=Production
      ParameterSetName:
      - -a -n -g -p --role
      User-Agent:
      - python/3.9.5 (Windows-10-10.0.22000-SP0) msrest/0.6.21 msrest_azure/0.6.4
        azure-mgmt-authorization/0.61.0 Azure-SDK-For-Python AZURECLI/2.37.0
      accept-language:
      - en-US
    method: PUT
    uri: https://management.azure.com/subscriptions/00000000-0000-0000-0000-000000000000/resourceGroups/clitest.rg000001/providers/Microsoft.Media/mediaservices/ams000003/providers/Microsoft.Authorization/roleAssignments/88888888-0000-0000-0000-000000000004?api-version=2020-04-01-preview
  response:
    body:
      string: '{"error":{"code":"PrincipalNotFound","message":"Principal 078917d3a62344a7ad2ba1e3f778d386
        does not exist in the directory 72f988bf-86f1-41af-91ab-2d7cd011db47. Check
        that you have the correct principal ID. If you are creating this principal
        and then immediately assigning a role, this error might be related to a replication
        delay. In this case, set the role assignment principalType property to a value,
        such as ServicePrincipal, User, or Group.  See https://aka.ms/docs-principaltype"}}'
    headers:
      cache-control:
      - no-cache
      content-length:
      - '489'
      content-type:
      - application/json; charset=utf-8
      date:
      - Thu, 02 Jun 2022 00:21:04 GMT
      expires:
      - '-1'
      pragma:
      - no-cache
      set-cookie:
      - x-ms-gateway-slice=Production; path=/; secure; samesite=none; httponly
      strict-transport-security:
      - max-age=31536000; includeSubDomains
      x-content-type-options:
      - nosniff
      x-ms-ratelimit-remaining-subscription-writes:
      - '1198'
    status:
      code: 400
      message: Bad Request
- request:
    body: null
    headers:
      Accept:
      - application/json
      Accept-Encoding:
      - gzip, deflate
      CommandName:
      - ams account sp create
      Connection:
      - keep-alive
      ParameterSetName:
      - -a -n -g -p --role
      User-Agent:
      - python/3.9.5 (Windows-10-10.0.22000-SP0) msrest/0.6.21 msrest_azure/0.6.4
        azure-mgmt-authorization/0.61.0 Azure-SDK-For-Python AZURECLI/2.37.0
      accept-language:
      - en-US
    method: GET
    uri: https://management.azure.com/subscriptions/00000000-0000-0000-0000-000000000000/providers/Microsoft.Authorization/roleAssignments?$filter=principalId%20eq%20%27078917d3-a623-44a7-ad2b-a1e3f778d386%27&api-version=2020-04-01-preview
  response:
    body:
      string: '{"value":[]}'
    headers:
      cache-control:
      - no-cache
      content-length:
      - '12'
      content-type:
      - application/json; charset=utf-8
      date:
      - Thu, 02 Jun 2022 00:21:10 GMT
      expires:
      - '-1'
      pragma:
      - no-cache
      set-cookie:
      - x-ms-gateway-slice=Production; path=/; secure; samesite=none; httponly
      strict-transport-security:
      - max-age=31536000; includeSubDomains
      transfer-encoding:
      - chunked
      vary:
      - Accept-Encoding
      x-content-type-options:
      - nosniff
    status:
      code: 200
      message: OK
- request:
    body: null
    headers:
      Accept:
      - application/json
      Accept-Encoding:
      - gzip, deflate
      CommandName:
      - ams account sp create
      Connection:
      - keep-alive
      ParameterSetName:
      - -a -n -g -p --role
      User-Agent:
      - python/3.9.5 (Windows-10-10.0.22000-SP0) msrest/0.6.21 msrest_azure/0.6.4
        azure-mgmt-authorization/0.61.0 Azure-SDK-For-Python AZURECLI/2.37.0
      accept-language:
      - en-US
    method: GET
    uri: https://management.azure.com/subscriptions/00000000-0000-0000-0000-000000000000/resourceGroups/clitest.rg000001/providers/Microsoft.Media/mediaservices/ams000003/providers/Microsoft.Authorization/roleDefinitions?$filter=roleName%20eq%20%27Owner%27&api-version=2018-01-01-preview
  response:
    body:
      string: '{"value":[{"properties":{"roleName":"Owner","type":"BuiltInRole","description":"Grants
        full access to manage all resources, including the ability to assign roles
        in Azure RBAC.","assignableScopes":["/"],"permissions":[{"actions":["*"],"notActions":[],"dataActions":[],"notDataActions":[]}],"createdOn":"2015-02-02T21:55:09.8806423Z","updatedOn":"2021-11-11T20:13:45.8978856Z","createdBy":null,"updatedBy":null},"id":"/subscriptions/00000000-0000-0000-0000-000000000000/providers/Microsoft.Authorization/roleDefinitions/8e3af657-a8ff-443c-a75c-2fe8c4bcb635","type":"Microsoft.Authorization/roleDefinitions","name":"8e3af657-a8ff-443c-a75c-2fe8c4bcb635"}]}'
    headers:
      cache-control:
      - no-cache
      content-length:
      - '654'
      content-type:
      - application/json; charset=utf-8
      date:
      - Thu, 02 Jun 2022 00:21:10 GMT
      expires:
      - '-1'
      pragma:
      - no-cache
      set-cookie:
      - x-ms-gateway-slice=Production; path=/; secure; samesite=none; httponly
      strict-transport-security:
      - max-age=31536000; includeSubDomains
      transfer-encoding:
      - chunked
      vary:
      - Accept-Encoding
      x-content-type-options:
      - nosniff
    status:
      code: 200
      message: OK
- request:
    body: '{"properties": {"roleDefinitionId": "/subscriptions/00000000-0000-0000-0000-000000000000/providers/Microsoft.Authorization/roleDefinitions/8e3af657-a8ff-443c-a75c-2fe8c4bcb635",
      "principalId": "078917d3-a623-44a7-ad2b-a1e3f778d386"}}'
    headers:
      Accept:
      - application/json
      Accept-Encoding:
      - gzip, deflate
      CommandName:
      - ams account sp create
      Connection:
      - keep-alive
      Content-Length:
      - '233'
      Content-Type:
      - application/json; charset=utf-8
      Cookie:
      - x-ms-gateway-slice=Production
      ParameterSetName:
      - -a -n -g -p --role
      User-Agent:
      - python/3.9.5 (Windows-10-10.0.22000-SP0) msrest/0.6.21 msrest_azure/0.6.4
        azure-mgmt-authorization/0.61.0 Azure-SDK-For-Python AZURECLI/2.37.0
      accept-language:
      - en-US
    method: PUT
    uri: https://management.azure.com/subscriptions/00000000-0000-0000-0000-000000000000/resourceGroups/clitest.rg000001/providers/Microsoft.Media/mediaservices/ams000003/providers/Microsoft.Authorization/roleAssignments/88888888-0000-0000-0000-000000000005?api-version=2020-04-01-preview
  response:
    body:
      string: '{"error":{"code":"PrincipalNotFound","message":"Principal 078917d3a62344a7ad2ba1e3f778d386
        does not exist in the directory 72f988bf-86f1-41af-91ab-2d7cd011db47. Check
        that you have the correct principal ID. If you are creating this principal
        and then immediately assigning a role, this error might be related to a replication
        delay. In this case, set the role assignment principalType property to a value,
        such as ServicePrincipal, User, or Group.  See https://aka.ms/docs-principaltype"}}'
    headers:
      cache-control:
      - no-cache
      content-length:
      - '489'
      content-type:
      - application/json; charset=utf-8
      date:
      - Thu, 02 Jun 2022 00:21:12 GMT
      expires:
      - '-1'
      pragma:
      - no-cache
      set-cookie:
      - x-ms-gateway-slice=Production; path=/; secure; samesite=none; httponly
      strict-transport-security:
      - max-age=31536000; includeSubDomains
      x-content-type-options:
      - nosniff
      x-ms-ratelimit-remaining-subscription-writes:
      - '1199'
    status:
      code: 400
      message: Bad Request
- request:
    body: null
    headers:
      Accept:
      - application/json
      Accept-Encoding:
      - gzip, deflate
      CommandName:
      - ams account sp create
      Connection:
      - keep-alive
      ParameterSetName:
      - -a -n -g -p --role
      User-Agent:
      - python/3.9.5 (Windows-10-10.0.22000-SP0) msrest/0.6.21 msrest_azure/0.6.4
        azure-mgmt-authorization/0.61.0 Azure-SDK-For-Python AZURECLI/2.37.0
      accept-language:
      - en-US
    method: GET
    uri: https://management.azure.com/subscriptions/00000000-0000-0000-0000-000000000000/providers/Microsoft.Authorization/roleAssignments?$filter=principalId%20eq%20%27078917d3-a623-44a7-ad2b-a1e3f778d386%27&api-version=2020-04-01-preview
  response:
    body:
      string: '{"value":[]}'
    headers:
      cache-control:
      - no-cache
      content-length:
      - '12'
      content-type:
      - application/json; charset=utf-8
      date:
      - Thu, 02 Jun 2022 00:21:18 GMT
      expires:
      - '-1'
      pragma:
      - no-cache
      set-cookie:
      - x-ms-gateway-slice=Production; path=/; secure; samesite=none; httponly
      strict-transport-security:
      - max-age=31536000; includeSubDomains
      transfer-encoding:
      - chunked
      vary:
      - Accept-Encoding
      x-content-type-options:
      - nosniff
    status:
      code: 200
      message: OK
- request:
    body: null
    headers:
      Accept:
      - application/json
      Accept-Encoding:
      - gzip, deflate
      CommandName:
      - ams account sp create
      Connection:
      - keep-alive
      ParameterSetName:
      - -a -n -g -p --role
      User-Agent:
      - python/3.9.5 (Windows-10-10.0.22000-SP0) msrest/0.6.21 msrest_azure/0.6.4
        azure-mgmt-authorization/0.61.0 Azure-SDK-For-Python AZURECLI/2.37.0
      accept-language:
      - en-US
    method: GET
    uri: https://management.azure.com/subscriptions/00000000-0000-0000-0000-000000000000/resourceGroups/clitest.rg000001/providers/Microsoft.Media/mediaservices/ams000003/providers/Microsoft.Authorization/roleDefinitions?$filter=roleName%20eq%20%27Owner%27&api-version=2018-01-01-preview
  response:
    body:
      string: '{"value":[{"properties":{"roleName":"Owner","type":"BuiltInRole","description":"Grants
        full access to manage all resources, including the ability to assign roles
        in Azure RBAC.","assignableScopes":["/"],"permissions":[{"actions":["*"],"notActions":[],"dataActions":[],"notDataActions":[]}],"createdOn":"2015-02-02T21:55:09.8806423Z","updatedOn":"2021-11-11T20:13:45.8978856Z","createdBy":null,"updatedBy":null},"id":"/subscriptions/00000000-0000-0000-0000-000000000000/providers/Microsoft.Authorization/roleDefinitions/8e3af657-a8ff-443c-a75c-2fe8c4bcb635","type":"Microsoft.Authorization/roleDefinitions","name":"8e3af657-a8ff-443c-a75c-2fe8c4bcb635"}]}'
    headers:
      cache-control:
      - no-cache
      content-length:
      - '654'
      content-type:
      - application/json; charset=utf-8
      date:
      - Thu, 02 Jun 2022 00:21:17 GMT
      expires:
      - '-1'
      pragma:
      - no-cache
      set-cookie:
      - x-ms-gateway-slice=Production; path=/; secure; samesite=none; httponly
      strict-transport-security:
      - max-age=31536000; includeSubDomains
      transfer-encoding:
      - chunked
      vary:
      - Accept-Encoding
      x-content-type-options:
      - nosniff
    status:
      code: 200
      message: OK
- request:
    body: '{"properties": {"roleDefinitionId": "/subscriptions/00000000-0000-0000-0000-000000000000/providers/Microsoft.Authorization/roleDefinitions/8e3af657-a8ff-443c-a75c-2fe8c4bcb635",
      "principalId": "078917d3-a623-44a7-ad2b-a1e3f778d386"}}'
    headers:
      Accept:
      - application/json
      Accept-Encoding:
      - gzip, deflate
      CommandName:
      - ams account sp create
      Connection:
      - keep-alive
      Content-Length:
      - '233'
      Content-Type:
      - application/json; charset=utf-8
      Cookie:
      - x-ms-gateway-slice=Production
      ParameterSetName:
      - -a -n -g -p --role
      User-Agent:
      - python/3.9.5 (Windows-10-10.0.22000-SP0) msrest/0.6.21 msrest_azure/0.6.4
        azure-mgmt-authorization/0.61.0 Azure-SDK-For-Python AZURECLI/2.37.0
      accept-language:
      - en-US
    method: PUT
    uri: https://management.azure.com/subscriptions/00000000-0000-0000-0000-000000000000/resourceGroups/clitest.rg000001/providers/Microsoft.Media/mediaservices/ams000003/providers/Microsoft.Authorization/roleAssignments/88888888-0000-0000-0000-000000000006?api-version=2020-04-01-preview
  response:
    body:
      string: '{"error":{"code":"PrincipalNotFound","message":"Principal 078917d3a62344a7ad2ba1e3f778d386
        does not exist in the directory 72f988bf-86f1-41af-91ab-2d7cd011db47. Check
        that you have the correct principal ID. If you are creating this principal
        and then immediately assigning a role, this error might be related to a replication
        delay. In this case, set the role assignment principalType property to a value,
        such as ServicePrincipal, User, or Group.  See https://aka.ms/docs-principaltype"}}'
    headers:
      cache-control:
      - no-cache
      content-length:
      - '489'
      content-type:
      - application/json; charset=utf-8
      date:
      - Thu, 02 Jun 2022 00:21:18 GMT
      expires:
      - '-1'
      pragma:
      - no-cache
      set-cookie:
      - x-ms-gateway-slice=Production; path=/; secure; samesite=none; httponly
      strict-transport-security:
      - max-age=31536000; includeSubDomains
      x-content-type-options:
      - nosniff
      x-ms-ratelimit-remaining-subscription-writes:
      - '1199'
    status:
      code: 400
      message: Bad Request
- request:
    body: null
    headers:
      Accept:
      - application/json
      Accept-Encoding:
      - gzip, deflate
      CommandName:
      - ams account sp create
      Connection:
      - keep-alive
      ParameterSetName:
      - -a -n -g -p --role
      User-Agent:
      - python/3.9.5 (Windows-10-10.0.22000-SP0) msrest/0.6.21 msrest_azure/0.6.4
        azure-mgmt-authorization/0.61.0 Azure-SDK-For-Python AZURECLI/2.37.0
      accept-language:
      - en-US
    method: GET
    uri: https://management.azure.com/subscriptions/00000000-0000-0000-0000-000000000000/providers/Microsoft.Authorization/roleAssignments?$filter=principalId%20eq%20%27078917d3-a623-44a7-ad2b-a1e3f778d386%27&api-version=2020-04-01-preview
  response:
    body:
      string: '{"value":[]}'
    headers:
      cache-control:
      - no-cache
      content-length:
      - '12'
      content-type:
      - application/json; charset=utf-8
      date:
      - Thu, 02 Jun 2022 00:21:24 GMT
      expires:
      - '-1'
      pragma:
      - no-cache
      set-cookie:
      - x-ms-gateway-slice=Production; path=/; secure; samesite=none; httponly
      strict-transport-security:
      - max-age=31536000; includeSubDomains
      transfer-encoding:
      - chunked
      vary:
      - Accept-Encoding
      x-content-type-options:
      - nosniff
    status:
      code: 200
      message: OK
- request:
    body: null
    headers:
      Accept:
      - application/json
      Accept-Encoding:
      - gzip, deflate
      CommandName:
      - ams account sp create
      Connection:
      - keep-alive
      ParameterSetName:
      - -a -n -g -p --role
      User-Agent:
      - python/3.9.5 (Windows-10-10.0.22000-SP0) msrest/0.6.21 msrest_azure/0.6.4
        azure-mgmt-authorization/0.61.0 Azure-SDK-For-Python AZURECLI/2.37.0
      accept-language:
      - en-US
    method: GET
    uri: https://management.azure.com/subscriptions/00000000-0000-0000-0000-000000000000/resourceGroups/clitest.rg000001/providers/Microsoft.Media/mediaservices/ams000003/providers/Microsoft.Authorization/roleDefinitions?$filter=roleName%20eq%20%27Owner%27&api-version=2018-01-01-preview
  response:
    body:
      string: '{"value":[{"properties":{"roleName":"Owner","type":"BuiltInRole","description":"Grants
        full access to manage all resources, including the ability to assign roles
        in Azure RBAC.","assignableScopes":["/"],"permissions":[{"actions":["*"],"notActions":[],"dataActions":[],"notDataActions":[]}],"createdOn":"2015-02-02T21:55:09.8806423Z","updatedOn":"2021-11-11T20:13:45.8978856Z","createdBy":null,"updatedBy":null},"id":"/subscriptions/00000000-0000-0000-0000-000000000000/providers/Microsoft.Authorization/roleDefinitions/8e3af657-a8ff-443c-a75c-2fe8c4bcb635","type":"Microsoft.Authorization/roleDefinitions","name":"8e3af657-a8ff-443c-a75c-2fe8c4bcb635"}]}'
    headers:
      cache-control:
      - no-cache
      content-length:
      - '654'
      content-type:
      - application/json; charset=utf-8
      date:
      - Thu, 02 Jun 2022 00:21:24 GMT
      expires:
      - '-1'
      pragma:
      - no-cache
      set-cookie:
      - x-ms-gateway-slice=Production; path=/; secure; samesite=none; httponly
      strict-transport-security:
      - max-age=31536000; includeSubDomains
      transfer-encoding:
      - chunked
      vary:
      - Accept-Encoding
      x-content-type-options:
      - nosniff
    status:
      code: 200
      message: OK
- request:
    body: '{"properties": {"roleDefinitionId": "/subscriptions/00000000-0000-0000-0000-000000000000/providers/Microsoft.Authorization/roleDefinitions/8e3af657-a8ff-443c-a75c-2fe8c4bcb635",
      "principalId": "078917d3-a623-44a7-ad2b-a1e3f778d386"}}'
    headers:
      Accept:
      - application/json
      Accept-Encoding:
      - gzip, deflate
      CommandName:
      - ams account sp create
      Connection:
      - keep-alive
      Content-Length:
      - '233'
      Content-Type:
      - application/json; charset=utf-8
      Cookie:
      - x-ms-gateway-slice=Production
      ParameterSetName:
      - -a -n -g -p --role
      User-Agent:
      - python/3.9.5 (Windows-10-10.0.22000-SP0) msrest/0.6.21 msrest_azure/0.6.4
        azure-mgmt-authorization/0.61.0 Azure-SDK-For-Python AZURECLI/2.37.0
      accept-language:
      - en-US
    method: PUT
    uri: https://management.azure.com/subscriptions/00000000-0000-0000-0000-000000000000/resourceGroups/clitest.rg000001/providers/Microsoft.Media/mediaservices/ams000003/providers/Microsoft.Authorization/roleAssignments/88888888-0000-0000-0000-000000000007?api-version=2020-04-01-preview
  response:
    body:
      string: '{"error":{"code":"PrincipalNotFound","message":"Principal 078917d3a62344a7ad2ba1e3f778d386
        does not exist in the directory 72f988bf-86f1-41af-91ab-2d7cd011db47. Check
        that you have the correct principal ID. If you are creating this principal
        and then immediately assigning a role, this error might be related to a replication
        delay. In this case, set the role assignment principalType property to a value,
        such as ServicePrincipal, User, or Group.  See https://aka.ms/docs-principaltype"}}'
    headers:
      cache-control:
      - no-cache
      content-length:
      - '489'
      content-type:
      - application/json; charset=utf-8
      date:
      - Thu, 02 Jun 2022 00:21:25 GMT
      expires:
      - '-1'
      pragma:
      - no-cache
      set-cookie:
      - x-ms-gateway-slice=Production; path=/; secure; samesite=none; httponly
      strict-transport-security:
      - max-age=31536000; includeSubDomains
      x-content-type-options:
      - nosniff
      x-ms-ratelimit-remaining-subscription-writes:
      - '1199'
    status:
      code: 400
      message: Bad Request
- request:
    body: null
    headers:
      Accept:
      - application/json
      Accept-Encoding:
      - gzip, deflate
      CommandName:
      - ams account sp create
      Connection:
      - keep-alive
      ParameterSetName:
      - -a -n -g -p --role
      User-Agent:
      - python/3.9.5 (Windows-10-10.0.22000-SP0) msrest/0.6.21 msrest_azure/0.6.4
        azure-mgmt-authorization/0.61.0 Azure-SDK-For-Python AZURECLI/2.37.0
      accept-language:
      - en-US
    method: GET
    uri: https://management.azure.com/subscriptions/00000000-0000-0000-0000-000000000000/providers/Microsoft.Authorization/roleAssignments?$filter=principalId%20eq%20%27078917d3-a623-44a7-ad2b-a1e3f778d386%27&api-version=2020-04-01-preview
  response:
    body:
      string: '{"value":[]}'
    headers:
      cache-control:
      - no-cache
      content-length:
      - '12'
      content-type:
      - application/json; charset=utf-8
      date:
      - Thu, 02 Jun 2022 00:21:30 GMT
      expires:
      - '-1'
      pragma:
      - no-cache
      set-cookie:
      - x-ms-gateway-slice=Production; path=/; secure; samesite=none; httponly
      strict-transport-security:
      - max-age=31536000; includeSubDomains
      transfer-encoding:
      - chunked
      vary:
      - Accept-Encoding
      x-content-type-options:
      - nosniff
    status:
      code: 200
      message: OK
- request:
    body: null
    headers:
      Accept:
      - application/json
      Accept-Encoding:
      - gzip, deflate
      CommandName:
      - ams account sp create
      Connection:
      - keep-alive
      ParameterSetName:
      - -a -n -g -p --role
      User-Agent:
      - python/3.9.5 (Windows-10-10.0.22000-SP0) msrest/0.6.21 msrest_azure/0.6.4
        azure-mgmt-authorization/0.61.0 Azure-SDK-For-Python AZURECLI/2.37.0
      accept-language:
      - en-US
    method: GET
    uri: https://management.azure.com/subscriptions/00000000-0000-0000-0000-000000000000/resourceGroups/clitest.rg000001/providers/Microsoft.Media/mediaservices/ams000003/providers/Microsoft.Authorization/roleDefinitions?$filter=roleName%20eq%20%27Owner%27&api-version=2018-01-01-preview
  response:
    body:
      string: '{"value":[{"properties":{"roleName":"Owner","type":"BuiltInRole","description":"Grants
        full access to manage all resources, including the ability to assign roles
        in Azure RBAC.","assignableScopes":["/"],"permissions":[{"actions":["*"],"notActions":[],"dataActions":[],"notDataActions":[]}],"createdOn":"2015-02-02T21:55:09.8806423Z","updatedOn":"2021-11-11T20:13:45.8978856Z","createdBy":null,"updatedBy":null},"id":"/subscriptions/00000000-0000-0000-0000-000000000000/providers/Microsoft.Authorization/roleDefinitions/8e3af657-a8ff-443c-a75c-2fe8c4bcb635","type":"Microsoft.Authorization/roleDefinitions","name":"8e3af657-a8ff-443c-a75c-2fe8c4bcb635"}]}'
    headers:
      cache-control:
      - no-cache
      content-length:
      - '654'
      content-type:
      - application/json; charset=utf-8
      date:
      - Thu, 02 Jun 2022 00:21:31 GMT
      expires:
      - '-1'
      pragma:
      - no-cache
      set-cookie:
      - x-ms-gateway-slice=Production; path=/; secure; samesite=none; httponly
      strict-transport-security:
      - max-age=31536000; includeSubDomains
      transfer-encoding:
      - chunked
      vary:
      - Accept-Encoding
      x-content-type-options:
      - nosniff
    status:
      code: 200
      message: OK
- request:
    body: '{"properties": {"roleDefinitionId": "/subscriptions/00000000-0000-0000-0000-000000000000/providers/Microsoft.Authorization/roleDefinitions/8e3af657-a8ff-443c-a75c-2fe8c4bcb635",
      "principalId": "078917d3-a623-44a7-ad2b-a1e3f778d386"}}'
    headers:
      Accept:
      - application/json
      Accept-Encoding:
      - gzip, deflate
      CommandName:
      - ams account sp create
      Connection:
      - keep-alive
      Content-Length:
      - '233'
      Content-Type:
      - application/json; charset=utf-8
      Cookie:
      - x-ms-gateway-slice=Production
      ParameterSetName:
      - -a -n -g -p --role
      User-Agent:
      - python/3.9.5 (Windows-10-10.0.22000-SP0) msrest/0.6.21 msrest_azure/0.6.4
        azure-mgmt-authorization/0.61.0 Azure-SDK-For-Python AZURECLI/2.37.0
      accept-language:
      - en-US
    method: PUT
    uri: https://management.azure.com/subscriptions/00000000-0000-0000-0000-000000000000/resourceGroups/clitest.rg000001/providers/Microsoft.Media/mediaservices/ams000003/providers/Microsoft.Authorization/roleAssignments/88888888-0000-0000-0000-000000000008?api-version=2020-04-01-preview
  response:
    body:
      string: '{"properties":{"roleDefinitionId":"/subscriptions/00000000-0000-0000-0000-000000000000/providers/Microsoft.Authorization/roleDefinitions/8e3af657-a8ff-443c-a75c-2fe8c4bcb635","principalId":"078917d3-a623-44a7-ad2b-a1e3f778d386","principalType":"ServicePrincipal","scope":"/subscriptions/00000000-0000-0000-0000-000000000000/resourceGroups/clitest.rg000001/providers/Microsoft.Media/mediaservices/ams000003","condition":null,"conditionVersion":null,"createdOn":"2022-06-02T00:21:32.8391585Z","updatedOn":"2022-06-02T00:21:33.2298650Z","createdBy":null,"updatedBy":"508c96e0-d4ff-4c30-b886-34c377353339","delegatedManagedIdentityResourceId":null,"description":null},"id":"/subscriptions/00000000-0000-0000-0000-000000000000/resourceGroups/clitest.rg000001/providers/Microsoft.Media/mediaservices/ams000003/providers/Microsoft.Authorization/roleAssignments/88888888-0000-0000-0000-000000000008","type":"Microsoft.Authorization/roleAssignments","name":"88888888-0000-0000-0000-000000000008"}'
    headers:
      cache-control:
      - no-cache
      content-length:
      - '987'
      content-type:
      - application/json; charset=utf-8
      date:
      - Thu, 02 Jun 2022 00:21:34 GMT
      expires:
      - '-1'
      pragma:
      - no-cache
      set-cookie:
      - x-ms-gateway-slice=Production; path=/; secure; samesite=none; httponly
      strict-transport-security:
      - max-age=31536000; includeSubDomains
      x-content-type-options:
      - nosniff
      x-ms-ratelimit-remaining-subscription-writes:
      - '1199'
    status:
      code: 201
      message: Created
- request:
    body: null
    headers:
      Accept:
      - application/json
      Accept-Encoding:
      - gzip, deflate
      CommandName:
      - ams account sp reset-credentials
      Connection:
      - keep-alive
      ParameterSetName:
      - -a -g -n -p
      User-Agent:
      - AZURECLI/2.37.0 azsdk-python-mgmt-media/9.0.0 Python/3.9.5 (Windows-10-10.0.22000-SP0)
    method: GET
    uri: https://management.azure.com/subscriptions/00000000-0000-0000-0000-000000000000/resourceGroups/clitest.rg000001/providers/Microsoft.Media/mediaservices/ams000003?api-version=2021-06-01
  response:
    body:
      string: "{\r\n  \"name\":\"ams000003\",\"id\":\"/subscriptions/00000000-0000-0000-0000-000000000000/resourceGroups/clitest.rg000001/providers/Microsoft.Media/mediaservices/ams000003\",\"type\":\"Microsoft.Media/mediaservices\",\"location\":\"West
        US 2\",\"properties\":{\r\n    \"mediaServiceId\":\"2dff2f1f-0530-40e4-b7c2-8ecb724fa1d9\",\"storageAccounts\":[\r\n
        \     {\r\n        \"id\":\"/subscriptions/00000000-0000-0000-0000-000000000000/resourceGroups/clitest.rg000001/providers/Microsoft.Storage/storageAccounts/clitest000002\",\"type\":\"Primary\"\r\n
        \     }\r\n    ],\"storageAuthentication\":\"System\",\"encryption\":{\r\n
        \     \"type\":\"SystemKey\"\r\n    },\"keyDelivery\":{\r\n      \"accessControl\":{\r\n
        \       \"defaultAction\":\"Allow\",\"ipAllowList\":[\r\n          \r\n        ]\r\n
        \     }\r\n    },\"publicNetworkAccess\":\"Enabled\"\r\n  },\"systemData\":{\r\n
        \   \"createdBy\":\"hivyas@microsoft.com\",\"createdByType\":\"User\",\"createdAt\":\"2022-06-02T00:20:38.1443005Z\",\"lastModifiedBy\":\"hivyas@microsoft.com\",\"lastModifiedByType\":\"User\",\"lastModifiedAt\":\"2022-06-02T00:20:38.1443005Z\"\r\n
        \ }\r\n}"
    headers:
      cache-control:
      - no-cache
      content-length:
      - '1014'
      content-type:
      - application/json; odata.metadata=minimal
      date:
      - Thu, 02 Jun 2022 00:26:34 GMT
      expires:
      - '-1'
      odata-version:
      - '4.0'
      pragma:
      - no-cache
      server:
      - Microsoft-HTTPAPI/2.0
      strict-transport-security:
      - max-age=31536000; includeSubDomains
      transfer-encoding:
      - chunked
      vary:
      - Accept-Encoding
      x-content-type-options:
      - nosniff
    status:
      code: 200
      message: OK
- request:
    body: null
    headers:
      Accept:
      - '*/*'
      Accept-Encoding:
      - gzip, deflate
      CommandName:
      - ams account sp reset-credentials
      Connection:
      - keep-alive
      ParameterSetName:
      - -a -g -n -p
      User-Agent:
      - python/3.9.5 (Windows-10-10.0.22000-SP0) AZURECLI/2.37.0
    method: GET
    uri: https://graph.microsoft.com/v1.0/servicePrincipals?$filter=displayName%20eq%20'ams000003-access-sp'
  response:
    body:
      string: '{"@odata.context":"https://graph.microsoft.com/v1.0/$metadata#servicePrincipals","value":[{"id":"078917d3-a623-44a7-ad2b-a1e3f778d386","deletedDateTime":null,"accountEnabled":true,"alternativeNames":[],"appDisplayName":"ams000003-access-sp","appDescription":null,"appId":"2f389f46-598f-4a35-8d34-267f374f63bf","applicationTemplateId":null,"appOwnerOrganizationId":"72f988bf-86f1-41af-91ab-2d7cd011db47","appRoleAssignmentRequired":false,"createdDateTime":"2022-06-02T00:20:49Z","description":null,"disabledByMicrosoftStatus":null,"displayName":"ams000003-access-sp","homepage":null,"loginUrl":null,"logoutUrl":null,"notes":null,"notificationEmailAddresses":[],"preferredSingleSignOnMode":null,"preferredTokenSigningKeyThumbprint":null,"replyUrls":[],"servicePrincipalNames":["2f389f46-598f-4a35-8d34-267f374f63bf"],"servicePrincipalType":"Application","signInAudience":"AzureADMyOrg","tags":[],"tokenEncryptionKeyId":null,"samlSingleSignOnSettings":null,"verifiedPublisher":{"displayName":null,"verifiedPublisherId":null,"addedDateTime":null},"addIns":[],"appRoles":[],"info":{"logoUrl":null,"marketingUrl":null,"privacyStatementUrl":null,"supportUrl":null,"termsOfServiceUrl":null},"keyCredentials":[],"oauth2PermissionScopes":[],"passwordCredentials":[],"resourceSpecificApplicationPermissions":[]}]}'
    headers:
      cache-control:
      - no-cache
      content-length:
      - '1302'
      content-type:
      - application/json;odata.metadata=minimal;odata.streaming=true;IEEE754Compatible=false;charset=utf-8
      date:
      - Thu, 02 Jun 2022 00:26:35 GMT
      odata-version:
      - '4.0'
      request-id:
      - 33a9ff32-54a6-4a71-834b-ced0b6890aaa
      strict-transport-security:
      - max-age=31536000
      transfer-encoding:
      - chunked
      vary:
      - Accept-Encoding
      x-ms-ags-diagnostic:
      - '{"ServerInfo":{"DataCenter":"West US 2","Slice":"E","Ring":"1","ScaleUnit":"000","RoleInstance":"CO1PEPF000000E9"}}'
      x-ms-resource-unit:
      - '1'
    status:
      code: 200
      message: OK
- request:
    body: null
    headers:
      Accept:
      - '*/*'
      Accept-Encoding:
      - gzip, deflate
      CommandName:
      - ams account sp reset-credentials
      Connection:
      - keep-alive
      ParameterSetName:
      - -a -g -n -p
      User-Agent:
      - python/3.9.5 (Windows-10-10.0.22000-SP0) AZURECLI/2.37.0
    method: GET
    uri: https://graph.microsoft.com/v1.0/applications?$filter=appId%20eq%20'2f389f46-598f-4a35-8d34-267f374f63bf'
  response:
    body:
      string: '{"@odata.context":"https://graph.microsoft.com/v1.0/$metadata#applications","value":[{"id":"0648d380-53b6-426b-8d12-97be0b253c69","deletedDateTime":null,"appId":"2f389f46-598f-4a35-8d34-267f374f63bf","applicationTemplateId":null,"disabledByMicrosoftStatus":null,"createdDateTime":"2022-06-02T00:20:40Z","displayName":"ams000003-access-sp","description":null,"groupMembershipClaims":null,"identifierUris":[],"isDeviceOnlyAuthSupported":null,"isFallbackPublicClient":null,"notes":null,"publisherDomain":"microsoft.onmicrosoft.com","serviceManagementReference":null,"signInAudience":"AzureADMyOrg","tags":[],"tokenEncryptionKeyId":null,"defaultRedirectUri":null,"certification":null,"optionalClaims":null,"addIns":[],"api":{"acceptMappedClaims":null,"knownClientApplications":[],"requestedAccessTokenVersion":null,"oauth2PermissionScopes":[],"preAuthorizedApplications":[]},"appRoles":[],"info":{"logoUrl":null,"marketingUrl":null,"privacyStatementUrl":null,"supportUrl":null,"termsOfServiceUrl":null},"keyCredentials":[],"parentalControlSettings":{"countriesBlockedForMinors":[],"legalAgeGroupRule":"Allow"},"passwordCredentials":[{"customKeyIdentifier":null,"displayName":"spp1!000004","endDateTime":"2023-06-02T00:20:40.661608Z","hint":"xvH","keyId":"88888888-0000-0000-0000-000000000001","secretText":null,"startDateTime":"2022-06-02T00:20:40.661608Z"}],"publicClient":{"redirectUris":[]},"requiredResourceAccess":[],"verifiedPublisher":{"displayName":null,"verifiedPublisherId":null,"addedDateTime":null},"web":{"homePageUrl":null,"logoutUrl":null,"redirectUris":[],"implicitGrantSettings":{"enableAccessTokenIssuance":false,"enableIdTokenIssuance":false}},"spa":{"redirectUris":[]}}]}'
    headers:
      cache-control:
      - no-cache
      content-length:
      - '1687'
      content-type:
      - application/json;odata.metadata=minimal;odata.streaming=true;IEEE754Compatible=false;charset=utf-8
      date:
      - Thu, 02 Jun 2022 00:26:35 GMT
      odata-version:
      - '4.0'
      request-id:
      - 8e340a29-221d-4b4e-8603-27810e7f085e
      strict-transport-security:
      - max-age=31536000
      transfer-encoding:
      - chunked
      vary:
      - Accept-Encoding
      x-ms-ags-diagnostic:
      - '{"ServerInfo":{"DataCenter":"West US 2","Slice":"E","Ring":"1","ScaleUnit":"000","RoleInstance":"CO1PEPF00000D13"}}'
      x-ms-resource-unit:
      - '2'
    status:
      code: 200
      message: OK
- request:
    body: '{"passwordCredential": {"displayName": "spp1!000005", "endDateTime": "2023-06-02T00:26:36.156106+00:00",
      "keyId": "88888888-0000-0000-0000-000000000009", "startDateTime": "2022-06-02T00:26:36.156106+00:00"}}'
    headers:
      Accept:
      - '*/*'
      Accept-Encoding:
      - gzip, deflate
      CommandName:
      - ams account sp reset-credentials
      Connection:
      - keep-alive
      Content-Length:
      - '207'
      Content-Type:
      - application/json
      ParameterSetName:
      - -a -g -n -p
      User-Agent:
      - python/3.9.5 (Windows-10-10.0.22000-SP0) AZURECLI/2.37.0
    method: POST
    uri: https://graph.microsoft.com/v1.0/applications/0648d380-53b6-426b-8d12-97be0b253c69/addPassword
  response:
    body:
      string: '{"@odata.context": "https://graph.microsoft.com/v1.0/$metadata#microsoft.graph.passwordCredential",
        "customKeyIdentifier": null, "displayName": "spp1!000005", "endDateTime":
        "2023-06-02T00:26:36.156106Z", "hint": "ucF", "keyId": "88888888-0000-0000-0000-000000000009",
        "secretText": "replaced-microsoft-graph-password", "startDateTime": "2022-06-02T00:26:36.156106Z"}'
    headers:
      cache-control:
      - no-cache
      content-length:
      - '367'
      content-type:
      - application/json;odata.metadata=minimal;odata.streaming=true;IEEE754Compatible=false;charset=utf-8
      date:
      - Thu, 02 Jun 2022 00:26:36 GMT
      location:
      - https://graph.microsoft.com
      odata-version:
      - '4.0'
      request-id:
      - 40b6869f-761d-46ce-afc8-6eb4c68c3097
      strict-transport-security:
      - max-age=31536000
      transfer-encoding:
      - chunked
      vary:
      - Accept-Encoding
      x-ms-ags-diagnostic:
      - '{"ServerInfo":{"DataCenter":"West US 2","Slice":"E","Ring":"1","ScaleUnit":"000","RoleInstance":"CO1PEPF000000E8"}}'
      x-ms-resource-unit:
      - '1'
    status:
      code: 200
      message: OK
- request:
    body: null
    headers:
      Accept:
      - '*/*'
      Accept-Encoding:
      - gzip, deflate
      CommandName:
      - ad app delete
      Connection:
      - keep-alive
      ParameterSetName:
      - --id
      User-Agent:
      - python/3.9.5 (Windows-10-10.0.22000-SP0) AZURECLI/2.37.0
    method: GET
    uri: https://graph.microsoft.com/v1.0/applications?$filter=appId%20eq%20'2f389f46-598f-4a35-8d34-267f374f63bf'
  response:
    body:
      string: '{"@odata.context":"https://graph.microsoft.com/v1.0/$metadata#applications","value":[{"id":"0648d380-53b6-426b-8d12-97be0b253c69","deletedDateTime":null,"appId":"2f389f46-598f-4a35-8d34-267f374f63bf","applicationTemplateId":null,"disabledByMicrosoftStatus":null,"createdDateTime":"2022-06-02T00:20:40Z","displayName":"ams000003-access-sp","description":null,"groupMembershipClaims":null,"identifierUris":[],"isDeviceOnlyAuthSupported":null,"isFallbackPublicClient":null,"notes":null,"publisherDomain":"microsoft.onmicrosoft.com","serviceManagementReference":null,"signInAudience":"AzureADMyOrg","tags":[],"tokenEncryptionKeyId":null,"defaultRedirectUri":null,"certification":null,"optionalClaims":null,"addIns":[],"api":{"acceptMappedClaims":null,"knownClientApplications":[],"requestedAccessTokenVersion":null,"oauth2PermissionScopes":[],"preAuthorizedApplications":[]},"appRoles":[],"info":{"logoUrl":null,"marketingUrl":null,"privacyStatementUrl":null,"supportUrl":null,"termsOfServiceUrl":null},"keyCredentials":[],"parentalControlSettings":{"countriesBlockedForMinors":[],"legalAgeGroupRule":"Allow"},"passwordCredentials":[{"customKeyIdentifier":null,"displayName":"spp1!000004","endDateTime":"2023-06-02T00:20:40.661608Z","hint":"xvH","keyId":"88888888-0000-0000-0000-000000000001","secretText":null,"startDateTime":"2022-06-02T00:20:40.661608Z"}],"publicClient":{"redirectUris":[]},"requiredResourceAccess":[],"verifiedPublisher":{"displayName":null,"verifiedPublisherId":null,"addedDateTime":null},"web":{"homePageUrl":null,"logoutUrl":null,"redirectUris":[],"implicitGrantSettings":{"enableAccessTokenIssuance":false,"enableIdTokenIssuance":false}},"spa":{"redirectUris":[]}}]}'
    headers:
      cache-control:
      - no-cache
      content-length:
      - '1687'
      content-type:
      - application/json;odata.metadata=minimal;odata.streaming=true;IEEE754Compatible=false;charset=utf-8
      date:
      - Thu, 02 Jun 2022 00:26:37 GMT
      odata-version:
      - '4.0'
      request-id:
      - 05c5cf0b-113a-4b0f-8449-4083b09d8bcc
      strict-transport-security:
      - max-age=31536000
      transfer-encoding:
      - chunked
      vary:
      - Accept-Encoding
      x-ms-ags-diagnostic:
      - '{"ServerInfo":{"DataCenter":"West US 2","Slice":"E","Ring":"1","ScaleUnit":"000","RoleInstance":"CO1PEPF000000E9"}}'
      x-ms-resource-unit:
      - '2'
    status:
      code: 200
      message: OK
- request:
    body: null
    headers:
      Accept:
      - '*/*'
      Accept-Encoding:
      - gzip, deflate
      CommandName:
      - ad app delete
      Connection:
      - keep-alive
      Content-Length:
      - '0'
      ParameterSetName:
      - --id
      User-Agent:
      - python/3.9.5 (Windows-10-10.0.22000-SP0) AZURECLI/2.37.0
    method: DELETE
    uri: https://graph.microsoft.com/v1.0/applications/0648d380-53b6-426b-8d12-97be0b253c69
  response:
    body:
      string: ''
    headers:
      cache-control:
      - no-cache
      date:
      - Thu, 02 Jun 2022 00:26:44 GMT
      request-id:
      - 7eac34b6-c378-4e0b-bf56-52f8b58d351b
      strict-transport-security:
      - max-age=31536000
      x-ms-ags-diagnostic:
      - '{"ServerInfo":{"DataCenter":"West US 2","Slice":"E","Ring":"1","ScaleUnit":"000","RoleInstance":"CO1PEPF00001AB7"}}'
      x-ms-resource-unit:
      - '1'
    status:
      code: 204
      message: No Content
version: 1
