interactions:
- request:
    body: '{"location": "centralus", "identity": {"type": "None"}, "properties": {"storageAccounts":
      [{"id": "/subscriptions/00000000-0000-0000-0000-000000000000/resourceGroups/clitest.rg000001/providers/Microsoft.Storage/storageAccounts/clitest000002",
      "type": "Primary"}]}}'
    headers:
      Accept:
      - application/json
      Accept-Encoding:
      - gzip, deflate
      CommandName:
      - ams account create
      Connection:
      - keep-alive
      Content-Length:
      - '334'
      Content-Type:
      - application/json
      ParameterSetName:
      - -n -g --storage-account -l
      User-Agent:
      - AZURECLI/2.24.2 (MSI) azsdk-python-mgmt-media/7.0.0 Python/3.8.2 (Windows-10-10.0.19041-SP0)
    method: PUT
    uri: https://management.azure.com/subscriptions/00000000-0000-0000-0000-000000000000/resourceGroups/clitest.rg000001/providers/Microsoft.Media/mediaservices/ams000003?api-version=2021-05-01
  response:
    body:
      string: "{\r\n  \"name\":\"ams000003\",\"id\":\"/subscriptions/00000000-0000-0000-0000-000000000000/resourceGroups/clitest.rg000001/providers/Microsoft.Media/mediaservices/ams000003\",\"type\":\"Microsoft.Media/mediaservices\",\"location\":\"Central
        US\",\"properties\":{\r\n    \"mediaServiceId\":\"ee9d8944-03ba-4b51-8437-d3c01e4329bb\",\"storageAccounts\":[\r\n
        \     {\r\n        \"id\":\"/subscriptions/00000000-0000-0000-0000-000000000000/resourceGroups/clitest.rg000001/providers/Microsoft.Storage/storageAccounts/clitest000002\",\"type\":\"Primary\"\r\n
        \     }\r\n    ],\"storageAuthentication\":\"System\",\"encryption\":{\r\n
        \     \"type\":\"SystemKey\"\r\n    },\"keyDelivery\":{\r\n      \"accessControl\":{\r\n
        \       \"defaultAction\":\"Allow\",\"ipAllowList\":[\r\n          \r\n        ]\r\n
        \     }\r\n    }\r\n  },\"systemData\":{\r\n    \"createdBy\":\"phcooper@microsoft.com\",\"createdByType\":\"User\",\"createdAt\":\"2021-06-28T16:46:35.4853054Z\",\"lastModifiedBy\":\"phcooper@microsoft.com\",\"lastModifiedByType\":\"User\",\"lastModifiedAt\":\"2021-06-28T16:46:35.4853054Z\"\r\n
        \ },\"identity\":{\r\n    \"type\":\"None\"\r\n  }\r\n}"
    headers:
      cache-control:
      - no-cache
      content-length:
      - '1159'
      content-type:
      - application/json; odata.metadata=minimal
      date:
      - Mon, 28 Jun 2021 16:46:36 GMT
      expires:
      - '-1'
      odata-version:
      - '4.0'
      pragma:
      - no-cache
      server:
      - Microsoft-HTTPAPI/2.0
      strict-transport-security:
      - max-age=31536000; includeSubDomains
      x-content-type-options:
      - nosniff
      x-ms-ratelimit-remaining-subscription-writes:
      - '1194'
    status:
      code: 201
      message: Created
- request:
    body: null
    headers:
      Accept:
      - application/json
      Accept-Encoding:
      - gzip, deflate
      CommandName:
      - ams live-event create
      Connection:
      - keep-alive
      ParameterSetName:
      - -a -n -g --auto-start --transcription-lang --streaming-protocol --encoding-type
        --key-frame-interval --tags --stream-options --preview-locator --ips --preview-ips
        --access-token --description --client-access-policy --cross-domain-policy
        --use-static-hostname --hostname-prefix --stretch-mode
      User-Agent:
      - AZURECLI/2.24.2 (MSI) azsdk-python-mgmt-media/7.0.0 Python/3.8.2 (Windows-10-10.0.19041-SP0)
    method: GET
    uri: https://management.azure.com/subscriptions/00000000-0000-0000-0000-000000000000/resourceGroups/clitest.rg000001/providers/Microsoft.Media/mediaservices/ams000003?api-version=2021-05-01
  response:
    body:
      string: "{\r\n  \"name\":\"ams000003\",\"id\":\"/subscriptions/00000000-0000-0000-0000-000000000000/resourceGroups/clitest.rg000001/providers/Microsoft.Media/mediaservices/ams000003\",\"type\":\"Microsoft.Media/mediaservices\",\"location\":\"Central
        US\",\"properties\":{\r\n    \"mediaServiceId\":\"ee9d8944-03ba-4b51-8437-d3c01e4329bb\",\"storageAccounts\":[\r\n
        \     {\r\n        \"id\":\"/subscriptions/00000000-0000-0000-0000-000000000000/resourceGroups/clitest.rg000001/providers/Microsoft.Storage/storageAccounts/clitest000002\",\"type\":\"Primary\"\r\n
        \     }\r\n    ],\"storageAuthentication\":\"System\",\"encryption\":{\r\n
        \     \"type\":\"SystemKey\"\r\n    },\"keyDelivery\":{\r\n      \"accessControl\":{\r\n
        \       \"defaultAction\":\"Allow\",\"ipAllowList\":[\r\n          \r\n        ]\r\n
        \     }\r\n    }\r\n  },\"systemData\":{\r\n    \"createdBy\":\"phcooper@microsoft.com\",\"createdByType\":\"User\",\"createdAt\":\"2021-06-28T16:46:35.4853054Z\",\"lastModifiedBy\":\"phcooper@microsoft.com\",\"lastModifiedByType\":\"User\",\"lastModifiedAt\":\"2021-06-28T16:46:35.4853054Z\"\r\n
        \ },\"identity\":{\r\n    \"type\":\"None\"\r\n  }\r\n}"
    headers:
      cache-control:
      - no-cache
      content-length:
      - '1159'
      content-type:
      - application/json; odata.metadata=minimal
      date:
      - Mon, 28 Jun 2021 16:46:37 GMT
      expires:
      - '-1'
      odata-version:
      - '4.0'
      pragma:
      - no-cache
      server:
      - Microsoft-HTTPAPI/2.0
      strict-transport-security:
      - max-age=31536000; includeSubDomains
      transfer-encoding:
      - chunked
      vary:
      - Accept-Encoding
      x-content-type-options:
      - nosniff
    status:
      code: 200
      message: OK
- request:
    body: '{"tags": {"key": "value"}, "location": "Central US", "properties": {"description":
      "asd", "input": {"streamingProtocol": "RTMP", "accessControl": {"ip": {"allow":
      [{"name": "le000004_1.2.3.4", "address": "1.2.3.4"}, {"name": "le000004_5.6.7.8",
      "address": "5.6.7.8"}, {"name": "le000004_192.168.0.0", "address": "192.168.0.0",
      "subnetPrefixLength": 28}]}}, "accessToken": "0abf356884d74b4aacbd7b1ebd3da0f7"},
      "preview": {"accessControl": {"ip": {"allow": [{"name": "le000004_192.168.0.0",
      "address": "192.168.0.0", "subnetPrefixLength": 28}, {"name": "le000004_0.0.0.0",
      "address": "0.0.0.0"}]}}, "previewLocator": "88888888-0000-0000-0000-000000000001"},
      "encoding": {"encodingType": "Standard", "stretchMode": "AutoSize", "keyFrameInterval":
      "PT2S"}, "transcriptions": [{"language": "ca-ES"}], "crossSiteAccessPolicies":
      {"clientAccessPolicy": "<?xml version=\"1.0\" encoding=\"utf-8\"?>\r\n<access-policy>\r\n    <cross-domain-access>\r\n        <policy>\r\n            <allow-from
      http-request-headers=''*''>\r\n                <domain uri=''http://*'' /> \r\n            </allow-from>
      \r\n            <grant-to>\r\n                <resource path=''/'' include-subpaths=''false''
      />\r\n            </grant-to>    \r\n        </policy>\r\n    </cross-domain-access>\r\n</access-policy>",
      "crossDomainPolicy": "<?xml version=\"1.0\" ?>\r\n<!DOCTYPE cross-domain-policy
      SYSTEM ''http://www.macromedia.com/xml/dtds/cross-domain-policy.dtd''>\r\n<cross-domain-policy>\r\n  <allow-access-from
      domain=''*'' />\r\n</cross-domain-policy>"}, "useStaticHostname": true, "hostnamePrefix":
      "custom000005", "streamOptions": ["Default", "LowLatency"]}}'
    headers:
      Accept:
      - application/json
      Accept-Encoding:
      - gzip, deflate
      CommandName:
      - ams live-event create
      Connection:
      - keep-alive
      Content-Length:
      - '1649'
      Content-Type:
      - application/json
      ParameterSetName:
      - -a -n -g --auto-start --transcription-lang --streaming-protocol --encoding-type
        --key-frame-interval --tags --stream-options --preview-locator --ips --preview-ips
        --access-token --description --client-access-policy --cross-domain-policy
        --use-static-hostname --hostname-prefix --stretch-mode
      User-Agent:
      - AZURECLI/2.24.2 (MSI) azsdk-python-mgmt-media/7.0.0 Python/3.8.2 (Windows-10-10.0.19041-SP0)
    method: PUT
    uri: https://management.azure.com/subscriptions/00000000-0000-0000-0000-000000000000/resourceGroups/clitest.rg000001/providers/Microsoft.Media/mediaservices/ams000003/liveEvents/le000004?api-version=2020-05-01&autoStart=true
  response:
    body:
      string: "{\r\n  \"name\":\"le000004\",\"id\":\"/subscriptions/00000000-0000-0000-0000-000000000000/resourceGroups/clitest.rg000001/providers/Microsoft.Media/mediaservices/ams000003/liveevents/le000004\",\"type\":\"Microsoft.Media/mediaservices/liveevents\",\"location\":\"Central
        US\",\"tags\":{\r\n    \"key\":\"value\"\r\n  },\"properties\":{\r\n    \"description\":\"asd\",\"resourceState\":\"Stopped\",\"provisioningState\":\"InProgress\",\"created\":\"2021-06-28T16:46:39.8691773Z\",\"lastModified\":\"2021-06-28T16:46:39.8691773Z\",\"useStaticHostname\":true,\"streamOptions\":[\r\n
        \     \"Default\",\"LowLatency\"\r\n    ],\"input\":{\r\n      \"keyFrameIntervalDuration\":\"\",\"streamingProtocol\":\"RTMP\",\"accessToken\":\"0abf356884d74b4aacbd7b1ebd3da0f7\",\"endpoints\":[\r\n
        \       \r\n      ],\"accessControl\":{\r\n        \"ip\":{\r\n          \"allow\":[\r\n
        \           {\r\n              \"name\":\"le000004_1.2.3.4\",\"address\":\"1.2.3.4\",\"subnetPrefixLength\":null\r\n
        \           },{\r\n              \"name\":\"le000004_5.6.7.8\",\"address\":\"5.6.7.8\",\"subnetPrefixLength\":null\r\n
        \           },{\r\n              \"name\":\"le000004_192.168.0.0\",\"address\":\"192.168.0.0\",\"subnetPrefixLength\":28\r\n
        \           }\r\n          ]\r\n        }\r\n      }\r\n    },\"preview\":{\r\n
        \     \"previewLocator\":\"88888888-0000-0000-0000-000000000001\",\"streamingPolicyName\":\"Predefined_ClearStreamingOnly\",\"alternativeMediaId\":null,\"accessControl\":{\r\n
        \       \"ip\":{\r\n          \"allow\":[\r\n            {\r\n              \"name\":\"le000004_192.168.0.0\",\"address\":\"192.168.0.0\",\"subnetPrefixLength\":28\r\n
        \           },{\r\n              \"name\":\"le000004_0.0.0.0\",\"address\":\"0.0.0.0\",\"subnetPrefixLength\":null\r\n
        \           }\r\n          ]\r\n        }\r\n      },\"endpoints\":[\r\n        \r\n
        \     ]\r\n    },\"encoding\":{\r\n      \"encodingType\":\"Standard\",\"presetName\":\"default720p\",\"stretchMode\":\"AutoSize\",\"keyFrameInterval\":\"PT2S\"\r\n
        \   },\"crossSiteAccessPolicies\":{\r\n      \"clientAccessPolicy\":\"<?xml
        version=\\\"1.0\\\" encoding=\\\"utf-8\\\"?>\\r\\n<access-policy>\\r\\n    <cross-domain-access>\\r\\n
        \       <policy>\\r\\n            <allow-from http-request-headers='*'>\\r\\n
        \               <domain uri='http://*' /> \\r\\n            </allow-from>
        \\r\\n            <grant-to>\\r\\n                <resource path='/' include-subpaths='false'
        />\\r\\n            </grant-to>    \\r\\n        </policy>\\r\\n    </cross-domain-access>\\r\\n</access-policy>\",\"crossDomainPolicy\":\"<?xml
        version=\\\"1.0\\\" ?>\\r\\n<!DOCTYPE cross-domain-policy SYSTEM 'http://www.macromedia.com/xml/dtds/cross-domain-policy.dtd'>\\r\\n<cross-domain-policy>\\r\\n
        \ <allow-access-from domain='*' />\\r\\n</cross-domain-policy>\"\r\n    },\"hostnamePrefix\":\"custom000005\",\"transcriptions\":[\r\n
        \     {\r\n        \"language\":\"ca-ES\",\"inputTrackSelection\":[\r\n          \r\n
        \       ],\"outputTranscriptionTrack\":null\r\n      }\r\n    ]\r\n  }\r\n}"
    headers:
      azure-asyncoperation:
      - https://management.azure.com/subscriptions/00000000-0000-0000-0000-000000000000/resourcegroups/clitest.rg000001/providers/Microsoft.Media/mediaservices/ams000003/liveeventoperations/ec163740-ef08-4274-ab21-5dd7d77bf90c?api-version=2020-05-01
      cache-control:
      - no-cache
      content-length:
      - '2797'
      content-type:
      - application/json; odata.metadata=minimal
      date:
      - Mon, 28 Jun 2021 16:46:40 GMT
      expires:
      - '-1'
      location:
      - https://management.azure.com/subscriptions/00000000-0000-0000-0000-000000000000/resourcegroups/clitest.rg000001/providers/Microsoft.Media/mediaservices/ams000003/liveevents/le000004/operationlocations/ec163740-ef08-4274-ab21-5dd7d77bf90c?api-version=2020-05-01
      odata-version:
      - '4.0'
      pragma:
      - no-cache
      server:
      - Microsoft-HTTPAPI/2.0
      strict-transport-security:
      - max-age=31536000; includeSubDomains
      x-content-type-options:
      - nosniff
      x-ms-ratelimit-remaining-subscription-writes:
      - '1194'
    status:
      code: 201
      message: Created
- request:
    body: null
    headers:
      Accept:
      - '*/*'
      Accept-Encoding:
      - gzip, deflate
      CommandName:
      - ams live-event create
      Connection:
      - keep-alive
      ParameterSetName:
      - -a -n -g --auto-start --transcription-lang --streaming-protocol --encoding-type
        --key-frame-interval --tags --stream-options --preview-locator --ips --preview-ips
        --access-token --description --client-access-policy --cross-domain-policy
        --use-static-hostname --hostname-prefix --stretch-mode
      User-Agent:
      - AZURECLI/2.24.2 (MSI) azsdk-python-mgmt-media/7.0.0 Python/3.8.2 (Windows-10-10.0.19041-SP0)
    method: GET
    uri: https://management.azure.com/subscriptions/00000000-0000-0000-0000-000000000000/resourcegroups/clitest.rg000001/providers/Microsoft.Media/mediaservices/ams000003/liveeventoperations/ec163740-ef08-4274-ab21-5dd7d77bf90c?api-version=2020-05-01
  response:
    body:
      string: "{\r\n  \"name\":\"ec163740-ef08-4274-ab21-5dd7d77bf90c\",\"status\":\"InProgress\",\"error\":{\r\n
        \   \"code\":\"None\",\"message\":null,\"target\":\"92add93f-e093-477f-b883-ce7dfb0cd7e4\"\r\n
        \ }\r\n}"
    headers:
      azure-asyncoperation:
      - https://management.azure.com/subscriptions/00000000-0000-0000-0000-000000000000/resourcegroups/clitest.rg000001/providers/Microsoft.Media/mediaservices/ams000003/liveeventoperations/ec163740-ef08-4274-ab21-5dd7d77bf90c?api-version=2020-05-01
      cache-control:
      - no-cache
      content-length:
      - '172'
      content-type:
      - application/json; odata.metadata=minimal
      date:
      - Mon, 28 Jun 2021 16:46:42 GMT
      expires:
      - '-1'
      odata-version:
      - '4.0'
      pragma:
      - no-cache
      server:
      - Microsoft-HTTPAPI/2.0
      strict-transport-security:
      - max-age=31536000; includeSubDomains
      transfer-encoding:
      - chunked
      vary:
      - Accept-Encoding
      x-content-type-options:
      - nosniff
    status:
      code: 200
      message: OK
- request:
    body: null
    headers:
      Accept:
      - '*/*'
      Accept-Encoding:
      - gzip, deflate
      CommandName:
      - ams live-event create
      Connection:
      - keep-alive
      ParameterSetName:
      - -a -n -g --auto-start --transcription-lang --streaming-protocol --encoding-type
        --key-frame-interval --tags --stream-options --preview-locator --ips --preview-ips
        --access-token --description --client-access-policy --cross-domain-policy
        --use-static-hostname --hostname-prefix --stretch-mode
      User-Agent:
      - AZURECLI/2.24.2 (MSI) azsdk-python-mgmt-media/7.0.0 Python/3.8.2 (Windows-10-10.0.19041-SP0)
    method: GET
    uri: https://management.azure.com/subscriptions/00000000-0000-0000-0000-000000000000/resourcegroups/clitest.rg000001/providers/Microsoft.Media/mediaservices/ams000003/liveeventoperations/ec163740-ef08-4274-ab21-5dd7d77bf90c?api-version=2020-05-01
  response:
    body:
      string: "{\r\n  \"name\":\"ec163740-ef08-4274-ab21-5dd7d77bf90c\",\"status\":\"InProgress\",\"error\":{\r\n
        \   \"code\":\"None\",\"message\":null,\"target\":\"92add93f-e093-477f-b883-ce7dfb0cd7e4\"\r\n
        \ }\r\n}"
    headers:
      azure-asyncoperation:
      - https://management.azure.com/subscriptions/00000000-0000-0000-0000-000000000000/resourcegroups/clitest.rg000001/providers/Microsoft.Media/mediaservices/ams000003/liveeventoperations/ec163740-ef08-4274-ab21-5dd7d77bf90c?api-version=2020-05-01
      cache-control:
      - no-cache
      content-length:
      - '172'
      content-type:
      - application/json; odata.metadata=minimal
      date:
      - Mon, 28 Jun 2021 16:46:44 GMT
      expires:
      - '-1'
      odata-version:
      - '4.0'
      pragma:
      - no-cache
      server:
      - Microsoft-HTTPAPI/2.0
      strict-transport-security:
      - max-age=31536000; includeSubDomains
      transfer-encoding:
      - chunked
      vary:
      - Accept-Encoding
      x-content-type-options:
      - nosniff
    status:
      code: 200
      message: OK
- request:
    body: null
    headers:
      Accept:
      - '*/*'
      Accept-Encoding:
      - gzip, deflate
      CommandName:
      - ams live-event create
      Connection:
      - keep-alive
      ParameterSetName:
      - -a -n -g --auto-start --transcription-lang --streaming-protocol --encoding-type
        --key-frame-interval --tags --stream-options --preview-locator --ips --preview-ips
        --access-token --description --client-access-policy --cross-domain-policy
        --use-static-hostname --hostname-prefix --stretch-mode
      User-Agent:
      - AZURECLI/2.24.2 (MSI) azsdk-python-mgmt-media/7.0.0 Python/3.8.2 (Windows-10-10.0.19041-SP0)
    method: GET
    uri: https://management.azure.com/subscriptions/00000000-0000-0000-0000-000000000000/resourcegroups/clitest.rg000001/providers/Microsoft.Media/mediaservices/ams000003/liveeventoperations/ec163740-ef08-4274-ab21-5dd7d77bf90c?api-version=2020-05-01
  response:
    body:
      string: "{\r\n  \"name\":\"ec163740-ef08-4274-ab21-5dd7d77bf90c\",\"status\":\"InProgress\",\"error\":{\r\n
        \   \"code\":\"None\",\"message\":null,\"target\":\"92add93f-e093-477f-b883-ce7dfb0cd7e4\"\r\n
        \ }\r\n}"
    headers:
      azure-asyncoperation:
      - https://management.azure.com/subscriptions/00000000-0000-0000-0000-000000000000/resourcegroups/clitest.rg000001/providers/Microsoft.Media/mediaservices/ams000003/liveeventoperations/ec163740-ef08-4274-ab21-5dd7d77bf90c?api-version=2020-05-01
      cache-control:
      - no-cache
      content-length:
      - '172'
      content-type:
      - application/json; odata.metadata=minimal
      date:
      - Mon, 28 Jun 2021 16:46:46 GMT
      expires:
      - '-1'
      odata-version:
      - '4.0'
      pragma:
      - no-cache
      server:
      - Microsoft-HTTPAPI/2.0
      strict-transport-security:
      - max-age=31536000; includeSubDomains
      transfer-encoding:
      - chunked
      vary:
      - Accept-Encoding
      x-content-type-options:
      - nosniff
    status:
      code: 200
      message: OK
- request:
    body: null
    headers:
      Accept:
      - '*/*'
      Accept-Encoding:
      - gzip, deflate
      CommandName:
      - ams live-event create
      Connection:
      - keep-alive
      ParameterSetName:
      - -a -n -g --auto-start --transcription-lang --streaming-protocol --encoding-type
        --key-frame-interval --tags --stream-options --preview-locator --ips --preview-ips
        --access-token --description --client-access-policy --cross-domain-policy
        --use-static-hostname --hostname-prefix --stretch-mode
      User-Agent:
      - AZURECLI/2.24.2 (MSI) azsdk-python-mgmt-media/7.0.0 Python/3.8.2 (Windows-10-10.0.19041-SP0)
    method: GET
    uri: https://management.azure.com/subscriptions/00000000-0000-0000-0000-000000000000/resourcegroups/clitest.rg000001/providers/Microsoft.Media/mediaservices/ams000003/liveeventoperations/ec163740-ef08-4274-ab21-5dd7d77bf90c?api-version=2020-05-01
  response:
    body:
      string: "{\r\n  \"name\":\"ec163740-ef08-4274-ab21-5dd7d77bf90c\",\"status\":\"Succeeded\",\"error\":{\r\n
        \   \"code\":\"None\",\"message\":null,\"target\":\"92add93f-e093-477f-b883-ce7dfb0cd7e4\"\r\n
        \ }\r\n}"
    headers:
      azure-asyncoperation:
      - https://management.azure.com/subscriptions/00000000-0000-0000-0000-000000000000/resourcegroups/clitest.rg000001/providers/Microsoft.Media/mediaservices/ams000003/liveeventoperations/ec163740-ef08-4274-ab21-5dd7d77bf90c?api-version=2020-05-01
      cache-control:
      - no-cache
      content-length:
      - '171'
      content-type:
      - application/json; odata.metadata=minimal
      date:
      - Mon, 28 Jun 2021 16:46:48 GMT
      expires:
      - '-1'
      odata-version:
      - '4.0'
      pragma:
      - no-cache
      server:
      - Microsoft-HTTPAPI/2.0
      strict-transport-security:
      - max-age=31536000; includeSubDomains
      transfer-encoding:
      - chunked
      vary:
      - Accept-Encoding
      x-content-type-options:
      - nosniff
    status:
      code: 200
      message: OK
- request:
    body: null
    headers:
      Accept:
      - '*/*'
      Accept-Encoding:
      - gzip, deflate
      CommandName:
      - ams live-event create
      Connection:
      - keep-alive
      ParameterSetName:
      - -a -n -g --auto-start --transcription-lang --streaming-protocol --encoding-type
        --key-frame-interval --tags --stream-options --preview-locator --ips --preview-ips
        --access-token --description --client-access-policy --cross-domain-policy
        --use-static-hostname --hostname-prefix --stretch-mode
      User-Agent:
      - AZURECLI/2.24.2 (MSI) azsdk-python-mgmt-media/7.0.0 Python/3.8.2 (Windows-10-10.0.19041-SP0)
    method: GET
    uri: https://management.azure.com/subscriptions/00000000-0000-0000-0000-000000000000/resourceGroups/clitest.rg000001/providers/Microsoft.Media/mediaservices/ams000003/liveEvents/le000004?api-version=2020-05-01&autoStart=true
  response:
    body:
      string: "{\r\n  \"name\":\"le000004\",\"id\":\"/subscriptions/00000000-0000-0000-0000-000000000000/resourceGroups/clitest.rg000001/providers/Microsoft.Media/mediaservices/ams000003/liveevents/le000004\",\"type\":\"Microsoft.Media/mediaservices/liveevents\",\"location\":\"Central
        US\",\"tags\":{\r\n    \"key\":\"value\"\r\n  },\"properties\":{\r\n    \"description\":\"asd\",\"resourceState\":\"Running\",\"provisioningState\":\"Succeeded\",\"created\":\"2021-06-28T16:46:39.8941503Z\",\"lastModified\":\"2021-06-28T16:46:48.413536Z\",\"useStaticHostname\":true,\"streamOptions\":[\r\n
        \     \"Default\",\"LowLatency\"\r\n    ],\"input\":{\r\n      \"keyFrameIntervalDuration\":\"\",\"streamingProtocol\":\"RTMP\",\"accessToken\":\"0abf356884d74b4aacbd7b1ebd3da0f7\",\"endpoints\":[\r\n
        \       {\r\n          \"protocol\":\"RTMP\",\"url\":\"rtmp://custom000005-ams000003-usct.channel.media.azure.net:1935/live/0abf356884d74b4aacbd7b1ebd3da0f7\"\r\n
        \       },{\r\n          \"protocol\":\"RTMP\",\"url\":\"rtmp://custom000005-ams000003-usct.channel.media.azure.net:1936/live/0abf356884d74b4aacbd7b1ebd3da0f7\"\r\n
        \       },{\r\n          \"protocol\":\"RTMP\",\"url\":\"rtmps://custom000005-ams000003-usct.channel.media.azure.net:2935/live/0abf356884d74b4aacbd7b1ebd3da0f7\"\r\n
        \       },{\r\n          \"protocol\":\"RTMP\",\"url\":\"rtmps://custom000005-ams000003-usct.channel.media.azure.net:2936/live/0abf356884d74b4aacbd7b1ebd3da0f7\"\r\n
        \       }\r\n      ],\"accessControl\":{\r\n        \"ip\":{\r\n          \"allow\":[\r\n
        \           {\r\n              \"name\":\"le000004_1.2.3.4\",\"address\":\"1.2.3.4\",\"subnetPrefixLength\":null\r\n
        \           },{\r\n              \"name\":\"le000004_5.6.7.8\",\"address\":\"5.6.7.8\",\"subnetPrefixLength\":null\r\n
        \           },{\r\n              \"name\":\"le000004_192.168.0.0\",\"address\":\"192.168.0.0\",\"subnetPrefixLength\":28\r\n
        \           }\r\n          ]\r\n        }\r\n      }\r\n    },\"preview\":{\r\n
        \     \"previewLocator\":\"88888888-0000-0000-0000-000000000001\",\"streamingPolicyName\":\"Predefined_ClearStreamingOnly\",\"alternativeMediaId\":null,\"accessControl\":{\r\n
        \       \"ip\":{\r\n          \"allow\":[\r\n            {\r\n              \"name\":\"le000004_192.168.0.0\",\"address\":\"192.168.0.0\",\"subnetPrefixLength\":28\r\n
        \           },{\r\n              \"name\":\"le000004_0.0.0.0\",\"address\":\"0.0.0.0\",\"subnetPrefixLength\":null\r\n
        \           }\r\n          ]\r\n        }\r\n      },\"endpoints\":[\r\n        {\r\n
        \         \"protocol\":\"FragmentedMP4\",\"url\":\"https://custom000005-ams000003.preview-usct.channel.media.azure.net/88888888-0000-0000-0000-000000000001/preview.ism/manifest\"\r\n
        \       }\r\n      ]\r\n    },\"encoding\":{\r\n      \"encodingType\":\"Standard\",\"presetName\":\"default720p\",\"stretchMode\":\"AutoSize\",\"keyFrameInterval\":\"PT2S\"\r\n
        \   },\"crossSiteAccessPolicies\":{\r\n      \"clientAccessPolicy\":\"<?xml
        version=\\\"1.0\\\" encoding=\\\"utf-8\\\"?>\\r\\n<access-policy>\\r\\n    <cross-domain-access>\\r\\n
        \       <policy>\\r\\n            <allow-from http-request-headers='*'>\\r\\n
        \               <domain uri='http://*' /> \\r\\n            </allow-from>
        \\r\\n            <grant-to>\\r\\n                <resource path='/' include-subpaths='false'
        />\\r\\n            </grant-to>    \\r\\n        </policy>\\r\\n    </cross-domain-access>\\r\\n</access-policy>\",\"crossDomainPolicy\":\"<?xml
        version=\\\"1.0\\\" ?>\\r\\n<!DOCTYPE cross-domain-policy SYSTEM 'http://www.macromedia.com/xml/dtds/cross-domain-policy.dtd'>\\r\\n<cross-domain-policy>\\r\\n
        \ <allow-access-from domain='*' />\\r\\n</cross-domain-policy>\"\r\n    },\"hostnamePrefix\":\"custom000005\",\"transcriptions\":[\r\n
        \     {\r\n        \"language\":\"ca-ES\",\"inputTrackSelection\":[\r\n          \r\n
        \       ],\"outputTranscriptionTrack\":null\r\n      }\r\n    ]\r\n  }\r\n}"
    headers:
      cache-control:
      - no-cache
      content-length:
      - '3603'
      content-type:
      - application/json; odata.metadata=minimal
      date:
      - Mon, 28 Jun 2021 16:46:48 GMT
      expires:
      - '-1'
      odata-version:
      - '4.0'
      pragma:
      - no-cache
      server:
      - Microsoft-HTTPAPI/2.0
      strict-transport-security:
      - max-age=31536000; includeSubDomains
      transfer-encoding:
      - chunked
      vary:
      - Accept-Encoding
      x-content-type-options:
      - nosniff
    status:
      code: 200
      message: OK
- request:
    body: '{"removeOutputsOnStop": false}'
    headers:
      Accept:
      - application/json
      Accept-Encoding:
      - gzip, deflate
      CommandName:
      - ams live-event stop
      Connection:
      - keep-alive
      Content-Length:
      - '30'
      Content-Type:
      - application/json
      ParameterSetName:
      - -a -n -g
      User-Agent:
      - AZURECLI/2.24.2 (MSI) azsdk-python-mgmt-media/7.0.0 Python/3.8.2 (Windows-10-10.0.19041-SP0)
    method: POST
    uri: https://management.azure.com/subscriptions/00000000-0000-0000-0000-000000000000/resourceGroups/clitest.rg000001/providers/Microsoft.Media/mediaservices/ams000003/liveEvents/le000004/stop?api-version=2020-05-01
  response:
    body:
      string: ''
    headers:
      azure-asyncoperation:
      - https://management.azure.com/subscriptions/00000000-0000-0000-0000-000000000000/resourcegroups/clitest.rg000001/providers/Microsoft.Media/mediaservices/ams000003/liveeventoperations/f9ea0ae9-d954-4938-9e51-e07e43695268?api-version=2020-05-01
      cache-control:
      - no-cache
      content-length:
      - '0'
      date:
      - Mon, 28 Jun 2021 16:46:49 GMT
      expires:
      - '-1'
      location:
      - https://management.azure.com/subscriptions/00000000-0000-0000-0000-000000000000/resourcegroups/clitest.rg000001/providers/Microsoft.Media/mediaservices/ams000003/liveevents/le000004/operationlocations/f9ea0ae9-d954-4938-9e51-e07e43695268?api-version=2020-05-01
      pragma:
      - no-cache
      server:
      - Microsoft-HTTPAPI/2.0
      strict-transport-security:
      - max-age=31536000; includeSubDomains
      x-content-type-options:
      - nosniff
      x-ms-ratelimit-remaining-subscription-writes:
      - '1199'
    status:
      code: 202
      message: Accepted
- request:
    body: null
    headers:
      Accept:
      - '*/*'
      Accept-Encoding:
      - gzip, deflate
      CommandName:
      - ams live-event stop
      Connection:
      - keep-alive
      ParameterSetName:
      - -a -n -g
      User-Agent:
      - AZURECLI/2.24.2 (MSI) azsdk-python-mgmt-media/7.0.0 Python/3.8.2 (Windows-10-10.0.19041-SP0)
    method: GET
    uri: https://management.azure.com/subscriptions/00000000-0000-0000-0000-000000000000/resourcegroups/clitest.rg000001/providers/Microsoft.Media/mediaservices/ams000003/liveeventoperations/f9ea0ae9-d954-4938-9e51-e07e43695268?api-version=2020-05-01
  response:
    body:
      string: "{\r\n  \"name\":\"f9ea0ae9-d954-4938-9e51-e07e43695268\",\"status\":\"InProgress\",\"error\":{\r\n
        \   \"code\":\"None\",\"message\":null,\"target\":\"92add93f-e093-477f-b883-ce7dfb0cd7e4\"\r\n
        \ }\r\n}"
    headers:
      azure-asyncoperation:
      - https://management.azure.com/subscriptions/00000000-0000-0000-0000-000000000000/resourcegroups/clitest.rg000001/providers/Microsoft.Media/mediaservices/ams000003/liveeventoperations/f9ea0ae9-d954-4938-9e51-e07e43695268?api-version=2020-05-01
      cache-control:
      - no-cache
      content-length:
      - '172'
      content-type:
      - application/json; odata.metadata=minimal
      date:
      - Mon, 28 Jun 2021 16:46:51 GMT
      expires:
      - '-1'
      odata-version:
      - '4.0'
      pragma:
      - no-cache
      server:
      - Microsoft-HTTPAPI/2.0
      strict-transport-security:
      - max-age=31536000; includeSubDomains
      transfer-encoding:
      - chunked
      vary:
      - Accept-Encoding
      x-content-type-options:
      - nosniff
    status:
      code: 200
      message: OK
- request:
    body: null
    headers:
      Accept:
      - '*/*'
      Accept-Encoding:
      - gzip, deflate
      CommandName:
      - ams live-event stop
      Connection:
      - keep-alive
      ParameterSetName:
      - -a -n -g
      User-Agent:
      - AZURECLI/2.24.2 (MSI) azsdk-python-mgmt-media/7.0.0 Python/3.8.2 (Windows-10-10.0.19041-SP0)
    method: GET
    uri: https://management.azure.com/subscriptions/00000000-0000-0000-0000-000000000000/resourcegroups/clitest.rg000001/providers/Microsoft.Media/mediaservices/ams000003/liveeventoperations/f9ea0ae9-d954-4938-9e51-e07e43695268?api-version=2020-05-01
  response:
    body:
      string: "{\r\n  \"name\":\"f9ea0ae9-d954-4938-9e51-e07e43695268\",\"status\":\"Succeeded\",\"error\":{\r\n
        \   \"code\":\"None\",\"message\":null,\"target\":\"92add93f-e093-477f-b883-ce7dfb0cd7e4\"\r\n
        \ }\r\n}"
    headers:
      azure-asyncoperation:
      - https://management.azure.com/subscriptions/00000000-0000-0000-0000-000000000000/resourcegroups/clitest.rg000001/providers/Microsoft.Media/mediaservices/ams000003/liveeventoperations/f9ea0ae9-d954-4938-9e51-e07e43695268?api-version=2020-05-01
      cache-control:
      - no-cache
      content-length:
      - '171'
      content-type:
      - application/json; odata.metadata=minimal
      date:
      - Mon, 28 Jun 2021 16:46:53 GMT
      expires:
      - '-1'
      odata-version:
      - '4.0'
      pragma:
      - no-cache
      server:
      - Microsoft-HTTPAPI/2.0
      strict-transport-security:
      - max-age=31536000; includeSubDomains
      transfer-encoding:
      - chunked
      vary:
      - Accept-Encoding
      x-content-type-options:
      - nosniff
    status:
      code: 200
      message: OK
- request:
    body: null
    headers:
      Accept:
      - '*/*'
      Accept-Encoding:
      - gzip, deflate
      CommandName:
      - ams live-event stop
      Connection:
      - keep-alive
      ParameterSetName:
      - -a -n -g
      User-Agent:
      - AZURECLI/2.24.2 (MSI) azsdk-python-mgmt-media/7.0.0 Python/3.8.2 (Windows-10-10.0.19041-SP0)
    method: GET
    uri: https://management.azure.com/subscriptions/00000000-0000-0000-0000-000000000000/resourcegroups/clitest.rg000001/providers/Microsoft.Media/mediaservices/ams000003/liveevents/le000004/operationlocations/f9ea0ae9-d954-4938-9e51-e07e43695268?api-version=2020-05-01
  response:
    body:
      string: "{\r\n  \"name\":\"le000004\",\"id\":\"/subscriptions/00000000-0000-0000-0000-000000000000/resourceGroups/clitest.rg000001/providers/Microsoft.Media/mediaservices/ams000003/liveevents/le000004/operationlocations/f9ea0ae9-d954-4938-9e51-e07e43695268\",\"type\":\"Microsoft.Media/mediaservices/liveevents\",\"location\":\"Central
        US\",\"tags\":{\r\n    \"key\":\"value\"\r\n  },\"properties\":{\r\n    \"description\":\"asd\",\"resourceState\":\"Stopped\",\"provisioningState\":\"Succeeded\",\"created\":\"2021-06-28T16:46:39.8941503Z\",\"lastModified\":\"2021-06-28T16:46:52.71911Z\",\"useStaticHostname\":true,\"streamOptions\":[\r\n
        \     \"Default\",\"LowLatency\"\r\n    ],\"input\":{\r\n      \"keyFrameIntervalDuration\":\"\",\"streamingProtocol\":\"RTMP\",\"accessToken\":\"0abf356884d74b4aacbd7b1ebd3da0f7\",\"endpoints\":[\r\n
        \       {\r\n          \"protocol\":\"RTMP\",\"url\":\"rtmp://custom000005-ams000003-usct.channel.media.azure.net:1935/live/0abf356884d74b4aacbd7b1ebd3da0f7\"\r\n
        \       },{\r\n          \"protocol\":\"RTMP\",\"url\":\"rtmp://custom000005-ams000003-usct.channel.media.azure.net:1936/live/0abf356884d74b4aacbd7b1ebd3da0f7\"\r\n
        \       },{\r\n          \"protocol\":\"RTMP\",\"url\":\"rtmps://custom000005-ams000003-usct.channel.media.azure.net:2935/live/0abf356884d74b4aacbd7b1ebd3da0f7\"\r\n
        \       },{\r\n          \"protocol\":\"RTMP\",\"url\":\"rtmps://custom000005-ams000003-usct.channel.media.azure.net:2936/live/0abf356884d74b4aacbd7b1ebd3da0f7\"\r\n
        \       }\r\n      ],\"accessControl\":{\r\n        \"ip\":{\r\n          \"allow\":[\r\n
        \           {\r\n              \"name\":\"le000004_1.2.3.4\",\"address\":\"1.2.3.4\",\"subnetPrefixLength\":null\r\n
        \           },{\r\n              \"name\":\"le000004_5.6.7.8\",\"address\":\"5.6.7.8\",\"subnetPrefixLength\":null\r\n
        \           },{\r\n              \"name\":\"le000004_192.168.0.0\",\"address\":\"192.168.0.0\",\"subnetPrefixLength\":28\r\n
        \           }\r\n          ]\r\n        }\r\n      }\r\n    },\"preview\":{\r\n
        \     \"previewLocator\":\"88888888-0000-0000-0000-000000000001\",\"streamingPolicyName\":\"Predefined_ClearStreamingOnly\",\"alternativeMediaId\":null,\"accessControl\":{\r\n
        \       \"ip\":{\r\n          \"allow\":[\r\n            {\r\n              \"name\":\"le000004_192.168.0.0\",\"address\":\"192.168.0.0\",\"subnetPrefixLength\":28\r\n
        \           },{\r\n              \"name\":\"le000004_0.0.0.0\",\"address\":\"0.0.0.0\",\"subnetPrefixLength\":null\r\n
        \           }\r\n          ]\r\n        }\r\n      },\"endpoints\":[\r\n        {\r\n
        \         \"protocol\":\"FragmentedMP4\",\"url\":\"https://custom000005-ams000003.preview-usct.channel.media.azure.net/88888888-0000-0000-0000-000000000001/preview.ism/manifest\"\r\n
        \       }\r\n      ]\r\n    },\"encoding\":{\r\n      \"encodingType\":\"Standard\",\"presetName\":\"default720p\",\"stretchMode\":\"AutoSize\",\"keyFrameInterval\":\"PT2S\"\r\n
        \   },\"crossSiteAccessPolicies\":{\r\n      \"clientAccessPolicy\":\"<?xml
        version=\\\"1.0\\\" encoding=\\\"utf-8\\\"?>\\r\\n<access-policy>\\r\\n    <cross-domain-access>\\r\\n
        \       <policy>\\r\\n            <allow-from http-request-headers='*'>\\r\\n
        \               <domain uri='http://*' /> \\r\\n            </allow-from>
        \\r\\n            <grant-to>\\r\\n                <resource path='/' include-subpaths='false'
        />\\r\\n            </grant-to>    \\r\\n        </policy>\\r\\n    </cross-domain-access>\\r\\n</access-policy>\",\"crossDomainPolicy\":\"<?xml
        version=\\\"1.0\\\" ?>\\r\\n<!DOCTYPE cross-domain-policy SYSTEM 'http://www.macromedia.com/xml/dtds/cross-domain-policy.dtd'>\\r\\n<cross-domain-policy>\\r\\n
        \ <allow-access-from domain='*' />\\r\\n</cross-domain-policy>\"\r\n    },\"hostnamePrefix\":\"custom000005\",\"transcriptions\":[\r\n
        \     {\r\n        \"language\":\"ca-ES\",\"inputTrackSelection\":[\r\n          \r\n
        \       ],\"outputTranscriptionTrack\":null\r\n      }\r\n    ]\r\n  }\r\n}"
    headers:
      cache-control:
      - no-cache
      content-length:
      - '3658'
      content-type:
      - application/json; odata.metadata=minimal
      date:
      - Mon, 28 Jun 2021 16:46:53 GMT
      expires:
      - '-1'
      odata-version:
      - '4.0'
      pragma:
      - no-cache
      server:
      - Microsoft-HTTPAPI/2.0
      strict-transport-security:
      - max-age=31536000; includeSubDomains
      transfer-encoding:
      - chunked
      vary:
      - Accept-Encoding
      x-content-type-options:
      - nosniff
    status:
      code: 200
      message: OK
- request:
    body: null
    headers:
      Accept:
      - application/json
      Accept-Encoding:
      - gzip, deflate
      CommandName:
      - ams live-event stop
      Connection:
      - keep-alive
      ParameterSetName:
      - -a -n -g
      User-Agent:
      - AZURECLI/2.24.2 (MSI) azsdk-python-mgmt-media/7.0.0 Python/3.8.2 (Windows-10-10.0.19041-SP0)
    method: GET
    uri: https://management.azure.com/subscriptions/00000000-0000-0000-0000-000000000000/resourceGroups/clitest.rg000001/providers/Microsoft.Media/mediaservices/ams000003/liveEvents/le000004?api-version=2020-05-01
  response:
    body:
      string: "{\r\n  \"name\":\"le000004\",\"id\":\"/subscriptions/00000000-0000-0000-0000-000000000000/resourceGroups/clitest.rg000001/providers/Microsoft.Media/mediaservices/ams000003/liveevents/le000004\",\"type\":\"Microsoft.Media/mediaservices/liveevents\",\"location\":\"Central
        US\",\"tags\":{\r\n    \"key\":\"value\"\r\n  },\"properties\":{\r\n    \"description\":\"asd\",\"resourceState\":\"Stopped\",\"provisioningState\":\"Succeeded\",\"created\":\"2021-06-28T16:46:39.8941503Z\",\"lastModified\":\"2021-06-28T16:46:52.71911Z\",\"useStaticHostname\":true,\"streamOptions\":[\r\n
        \     \"Default\",\"LowLatency\"\r\n    ],\"input\":{\r\n      \"keyFrameIntervalDuration\":\"\",\"streamingProtocol\":\"RTMP\",\"accessToken\":\"0abf356884d74b4aacbd7b1ebd3da0f7\",\"endpoints\":[\r\n
        \       {\r\n          \"protocol\":\"RTMP\",\"url\":\"rtmp://custom000005-ams000003-usct.channel.media.azure.net:1935/live/0abf356884d74b4aacbd7b1ebd3da0f7\"\r\n
        \       },{\r\n          \"protocol\":\"RTMP\",\"url\":\"rtmp://custom000005-ams000003-usct.channel.media.azure.net:1936/live/0abf356884d74b4aacbd7b1ebd3da0f7\"\r\n
        \       },{\r\n          \"protocol\":\"RTMP\",\"url\":\"rtmps://custom000005-ams000003-usct.channel.media.azure.net:2935/live/0abf356884d74b4aacbd7b1ebd3da0f7\"\r\n
        \       },{\r\n          \"protocol\":\"RTMP\",\"url\":\"rtmps://custom000005-ams000003-usct.channel.media.azure.net:2936/live/0abf356884d74b4aacbd7b1ebd3da0f7\"\r\n
        \       }\r\n      ],\"accessControl\":{\r\n        \"ip\":{\r\n          \"allow\":[\r\n
        \           {\r\n              \"name\":\"le000004_1.2.3.4\",\"address\":\"1.2.3.4\",\"subnetPrefixLength\":null\r\n
        \           },{\r\n              \"name\":\"le000004_5.6.7.8\",\"address\":\"5.6.7.8\",\"subnetPrefixLength\":null\r\n
        \           },{\r\n              \"name\":\"le000004_192.168.0.0\",\"address\":\"192.168.0.0\",\"subnetPrefixLength\":28\r\n
        \           }\r\n          ]\r\n        }\r\n      }\r\n    },\"preview\":{\r\n
        \     \"previewLocator\":\"88888888-0000-0000-0000-000000000001\",\"streamingPolicyName\":\"Predefined_ClearStreamingOnly\",\"alternativeMediaId\":null,\"accessControl\":{\r\n
        \       \"ip\":{\r\n          \"allow\":[\r\n            {\r\n              \"name\":\"le000004_192.168.0.0\",\"address\":\"192.168.0.0\",\"subnetPrefixLength\":28\r\n
        \           },{\r\n              \"name\":\"le000004_0.0.0.0\",\"address\":\"0.0.0.0\",\"subnetPrefixLength\":null\r\n
        \           }\r\n          ]\r\n        }\r\n      },\"endpoints\":[\r\n        {\r\n
        \         \"protocol\":\"FragmentedMP4\",\"url\":\"https://custom000005-ams000003.preview-usct.channel.media.azure.net/88888888-0000-0000-0000-000000000001/preview.ism/manifest\"\r\n
        \       }\r\n      ]\r\n    },\"encoding\":{\r\n      \"encodingType\":\"Standard\",\"presetName\":\"default720p\",\"stretchMode\":\"AutoSize\",\"keyFrameInterval\":\"PT2S\"\r\n
        \   },\"crossSiteAccessPolicies\":{\r\n      \"clientAccessPolicy\":\"<?xml
        version=\\\"1.0\\\" encoding=\\\"utf-8\\\"?>\\r\\n<access-policy>\\r\\n    <cross-domain-access>\\r\\n
        \       <policy>\\r\\n            <allow-from http-request-headers='*'>\\r\\n
        \               <domain uri='http://*' /> \\r\\n            </allow-from>
        \\r\\n            <grant-to>\\r\\n                <resource path='/' include-subpaths='false'
        />\\r\\n            </grant-to>    \\r\\n        </policy>\\r\\n    </cross-domain-access>\\r\\n</access-policy>\",\"crossDomainPolicy\":\"<?xml
        version=\\\"1.0\\\" ?>\\r\\n<!DOCTYPE cross-domain-policy SYSTEM 'http://www.macromedia.com/xml/dtds/cross-domain-policy.dtd'>\\r\\n<cross-domain-policy>\\r\\n
        \ <allow-access-from domain='*' />\\r\\n</cross-domain-policy>\"\r\n    },\"hostnamePrefix\":\"custom000005\",\"transcriptions\":[\r\n
        \     {\r\n        \"language\":\"ca-ES\",\"inputTrackSelection\":[\r\n          \r\n
        \       ],\"outputTranscriptionTrack\":null\r\n      }\r\n    ]\r\n  }\r\n}"
    headers:
      cache-control:
      - no-cache
      content-length:
      - '3602'
      content-type:
      - application/json; odata.metadata=minimal
      date:
      - Mon, 28 Jun 2021 16:46:54 GMT
      expires:
      - '-1'
      odata-version:
      - '4.0'
      pragma:
      - no-cache
      server:
      - Microsoft-HTTPAPI/2.0
      strict-transport-security:
      - max-age=31536000; includeSubDomains
      transfer-encoding:
      - chunked
      vary:
      - Accept-Encoding
      x-content-type-options:
      - nosniff
    status:
      code: 200
      message: OK
- request:
    body: null
    headers:
      Accept:
      - application/json
      Accept-Encoding:
      - gzip, deflate
      CommandName:
      - ams live-event delete
      Connection:
      - keep-alive
      Content-Length:
      - '0'
      ParameterSetName:
      - -a -n -g
      User-Agent:
      - AZURECLI/2.24.2 (MSI) azsdk-python-mgmt-media/7.0.0 Python/3.8.2 (Windows-10-10.0.19041-SP0)
    method: DELETE
    uri: https://management.azure.com/subscriptions/00000000-0000-0000-0000-000000000000/resourceGroups/clitest.rg000001/providers/Microsoft.Media/mediaservices/ams000003/liveEvents/le000004?api-version=2020-05-01
  response:
    body:
      string: ''
    headers:
      azure-asyncoperation:
      - https://management.azure.com/subscriptions/00000000-0000-0000-0000-000000000000/resourcegroups/clitest.rg000001/providers/Microsoft.Media/mediaservices/ams000003/liveeventoperations/a79cc63b-e2ef-4579-aa29-42d317a9d8b0?api-version=2020-05-01
      cache-control:
      - no-cache
      content-length:
      - '0'
      date:
      - Mon, 28 Jun 2021 16:46:55 GMT
      expires:
      - '-1'
      location:
      - https://management.azure.com/subscriptions/00000000-0000-0000-0000-000000000000/resourcegroups/clitest.rg000001/providers/Microsoft.Media/mediaservices/ams000003/liveevents/le000004/operationlocations/a79cc63b-e2ef-4579-aa29-42d317a9d8b0?api-version=2020-05-01
      pragma:
      - no-cache
      server:
      - Microsoft-HTTPAPI/2.0
      strict-transport-security:
      - max-age=31536000; includeSubDomains
      x-content-type-options:
      - nosniff
      x-ms-ratelimit-remaining-subscription-deletes:
      - '14999'
    status:
      code: 202
      message: Accepted
- request:
    body: null
    headers:
      Accept:
      - '*/*'
      Accept-Encoding:
      - gzip, deflate
      CommandName:
      - ams live-event delete
      Connection:
      - keep-alive
      ParameterSetName:
      - -a -n -g
      User-Agent:
      - AZURECLI/2.24.2 (MSI) azsdk-python-mgmt-media/7.0.0 Python/3.8.2 (Windows-10-10.0.19041-SP0)
    method: GET
    uri: https://management.azure.com/subscriptions/00000000-0000-0000-0000-000000000000/resourcegroups/clitest.rg000001/providers/Microsoft.Media/mediaservices/ams000003/liveeventoperations/a79cc63b-e2ef-4579-aa29-42d317a9d8b0?api-version=2020-05-01
  response:
    body:
      string: "{\r\n  \"name\":\"a79cc63b-e2ef-4579-aa29-42d317a9d8b0\",\"status\":\"Succeeded\",\"error\":{\r\n
        \   \"code\":\"None\",\"message\":null,\"target\":\"00000000-0000-0000-0000-000000000000\"\r\n
        \ }\r\n}"
    headers:
      azure-asyncoperation:
      - https://management.azure.com/subscriptions/00000000-0000-0000-0000-000000000000/resourcegroups/clitest.rg000001/providers/Microsoft.Media/mediaservices/ams000003/liveeventoperations/a79cc63b-e2ef-4579-aa29-42d317a9d8b0?api-version=2020-05-01
      cache-control:
      - no-cache
      content-length:
      - '171'
      content-type:
      - application/json; odata.metadata=minimal
      date:
      - Mon, 28 Jun 2021 16:46:57 GMT
      expires:
      - '-1'
      odata-version:
      - '4.0'
      pragma:
      - no-cache
      server:
      - Microsoft-HTTPAPI/2.0
      strict-transport-security:
      - max-age=31536000; includeSubDomains
      transfer-encoding:
      - chunked
      vary:
      - Accept-Encoding
      x-content-type-options:
      - nosniff
    status:
      code: 200
      message: OK
version: 1
