interactions:
- request:
    body: '{"location": "westus", "tags": {"product": "azurecli", "cause": "automation",
      "date": "2019-06-13T22:52:09Z"}}'
    headers:
      Accept:
      - application/json
      Accept-Encoding:
      - gzip, deflate
      CommandName:
      - group create
      Connection:
      - keep-alive
      Content-Length:
      - '110'
      Content-Type:
      - application/json; charset=utf-8
      ParameterSetName:
      - --location --name --tag
      User-Agent:
      - python/3.6.8 (Windows-10-10.0.17763-SP0) msrest/0.6.4 msrest_azure/0.6.0 resourcemanagementclient/2.1.0
        Azure-SDK-For-Python AZURECLI/2.0.66
      accept-language:
      - en-US
    method: PUT
    uri: https://management.azure.com/subscriptions/00000000-0000-0000-0000-000000000000/resourcegroups/clitest.rg000001?api-version=2018-05-01
  response:
    body:
      string: '{"id":"/subscriptions/00000000-0000-0000-0000-000000000000/resourceGroups/clitest.rg000001","name":"clitest.rg000001","location":"westus","tags":{"product":"azurecli","cause":"automation","date":"2019-06-13T22:52:09Z"},"properties":{"provisioningState":"Succeeded"}}'
    headers:
      cache-control:
      - no-cache
      content-length:
      - '384'
      content-type:
      - application/json; charset=utf-8
      date:
      - Thu, 13 Jun 2019 22:52:09 GMT
      expires:
      - '-1'
      pragma:
      - no-cache
      strict-transport-security:
      - max-age=31536000; includeSubDomains
      x-content-type-options:
      - nosniff
      x-ms-ratelimit-remaining-subscription-writes:
      - '1199'
    status:
      code: 201
      message: Created
- request:
    body: '{"sku": {"name": "Standard_LRS"}, "kind": "Storage", "location": "westus"}'
    headers:
      Accept:
      - application/json
      Accept-Encoding:
      - gzip, deflate
      CommandName:
      - storage account create
      Connection:
      - keep-alive
      Content-Length:
      - '74'
      Content-Type:
      - application/json; charset=utf-8
      ParameterSetName:
      - -n -g -l --sku
      User-Agent:
      - python/3.6.8 (Windows-10-10.0.17763-SP0) msrest/0.6.4 msrest_azure/0.6.0 azure-mgmt-storage/3.3.0
        Azure-SDK-For-Python AZURECLI/2.0.66
      accept-language:
      - en-US
    method: PUT
    uri: https://management.azure.com/subscriptions/00000000-0000-0000-0000-000000000000/resourceGroups/clitest.rg000001/providers/Microsoft.Storage/storageAccounts/clitest000002?api-version=2019-04-01
  response:
    body:
      string: ''
    headers:
      cache-control:
      - no-cache
      content-length:
      - '0'
      content-type:
      - text/plain; charset=utf-8
      date:
      - Thu, 13 Jun 2019 22:52:11 GMT
      expires:
      - '-1'
      location:
      - https://management.azure.com/subscriptions/00000000-0000-0000-0000-000000000000/providers/Microsoft.Storage/locations/westus/asyncoperations/f1008357-40f6-4fc3-8457-4a60bb649bb9?monitor=true&api-version=2019-04-01
      pragma:
      - no-cache
      server:
      - Microsoft-Azure-Storage-Resource-Provider/1.0,Microsoft-HTTPAPI/2.0 Microsoft-HTTPAPI/2.0
      strict-transport-security:
      - max-age=31536000; includeSubDomains
      x-content-type-options:
      - nosniff
      x-ms-ratelimit-remaining-subscription-writes:
      - '1198'
    status:
      code: 202
      message: Accepted
- request:
    body: null
    headers:
      Accept:
      - application/json
      Accept-Encoding:
      - gzip, deflate
      CommandName:
      - storage account create
      Connection:
      - keep-alive
      ParameterSetName:
      - -n -g -l --sku
      User-Agent:
      - python/3.6.8 (Windows-10-10.0.17763-SP0) msrest/0.6.4 msrest_azure/0.6.0 azure-mgmt-storage/3.3.0
        Azure-SDK-For-Python AZURECLI/2.0.66
    method: GET
    uri: https://management.azure.com/subscriptions/00000000-0000-0000-0000-000000000000/providers/Microsoft.Storage/locations/westus/asyncoperations/f1008357-40f6-4fc3-8457-4a60bb649bb9?monitor=true&api-version=2019-04-01
  response:
    body:
      string: '{"sku":{"name":"Standard_LRS","tier":"Standard"},"kind":"Storage","id":"/subscriptions/00000000-0000-0000-0000-000000000000/resourceGroups/clitest.rg000001/providers/Microsoft.Storage/storageAccounts/clitest000002","name":"clitest000002","type":"Microsoft.Storage/storageAccounts","location":"westus","tags":{},"properties":{"minimumTlsVersion":"TLS1_2","allowBlobPublicAccess":false,"networkAcls":{"bypass":"AzureServices","virtualNetworkRules":[],"ipRules":[],"defaultAction":"Allow"},"supportsHttpsTrafficOnly":true,"encryption":{"services":{"file":{"enabled":true,"lastEnabledTime":"2019-06-13T22:52:11.0734009Z"},"blob":{"enabled":true,"lastEnabledTime":"2019-06-13T22:52:11.0734009Z"}},"keySource":"Microsoft.Storage"},"provisioningState":"Succeeded","creationTime":"2019-06-13T22:52:10.9171257Z","primaryEndpoints":{"blob":"https://clitest000002.blob.core.windows.net/","queue":"https://clitest000002.queue.core.windows.net/","table":"https://clitest000002.table.core.windows.net/","file":"https://clitest000002.file.core.windows.net/"},"primaryLocation":"westus","statusOfPrimary":"available"}}'
    headers:
      cache-control:
      - no-cache
      content-length:
      - '1227'
      content-type:
      - application/json
      date:
      - Thu, 13 Jun 2019 22:52:28 GMT
      expires:
      - '-1'
      pragma:
      - no-cache
      server:
      - Microsoft-Azure-Storage-Resource-Provider/1.0,Microsoft-HTTPAPI/2.0 Microsoft-HTTPAPI/2.0
      strict-transport-security:
      - max-age=31536000; includeSubDomains
      transfer-encoding:
      - chunked
      vary:
      - Accept-Encoding
      x-content-type-options:
      - nosniff
    status:
      code: 200
      message: OK
- request:
    body: null
    headers:
      Accept:
      - application/json
      Accept-Encoding:
      - gzip, deflate
      CommandName:
      - storage account keys list
      Connection:
      - keep-alive
      Content-Length:
      - '0'
      ParameterSetName:
      - -n -g --query -o
      User-Agent:
      - python/3.6.8 (Windows-10-10.0.17763-SP0) msrest/0.6.4 msrest_azure/0.6.0 azure-mgmt-storage/3.3.0
        Azure-SDK-For-Python AZURECLI/2.0.66
      accept-language:
      - en-US
    method: POST
    uri: https://management.azure.com/subscriptions/00000000-0000-0000-0000-000000000000/resourceGroups/clitest.rg000001/providers/Microsoft.Storage/storageAccounts/clitest000002/listKeys?api-version=2019-04-01
  response:
    body:
      string: '{"keys":[{"keyName":"key1","value":"veryFakedStorageAccountKey==","permissions":"FULL"},{"keyName":"key2","value":"veryFakedStorageAccountKey==","permissions":"FULL"}]}'
    headers:
      cache-control:
      - no-cache
      content-length:
      - '288'
      content-type:
      - application/json
      date:
      - Thu, 13 Jun 2019 22:52:29 GMT
      expires:
      - '-1'
      pragma:
      - no-cache
      server:
      - Microsoft-Azure-Storage-Resource-Provider/1.0,Microsoft-HTTPAPI/2.0 Microsoft-HTTPAPI/2.0
      strict-transport-security:
      - max-age=31536000; includeSubDomains
      transfer-encoding:
      - chunked
      vary:
      - Accept-Encoding
      x-content-type-options:
      - nosniff
      x-ms-ratelimit-remaining-subscription-writes:
      - '1198'
    status:
      code: 200
      message: OK
- request:
    body: 'b''b\''{"location": "centralus", "properties": {"storageAccounts": [{"id":
      "/subscriptions/00000000-0000-0000-0000-000000000000/resourceGroups/clitest.rg000001/providers/Microsoft.Storage/storageAccounts/clitest000002",
      "type": "Primary"}]}}\'''''
    headers:
      Accept:
      - application/json
      Accept-Encoding:
      - gzip, deflate
      CommandName:
      - ams account create
      Connection:
      - keep-alive
      Content-Length:
      - '304'
      Content-Type:
      - application/json; charset=utf-8
      ParameterSetName:
      - -n -g --storage-account -l
      User-Agent:
      - python/3.6.8 (Windows-10-10.0.17763-SP0) msrest/0.6.4 msrest_azure/0.6.0 azure-mgmt-media/1.1.1
        Azure-SDK-For-Python AZURECLI/2.0.66
      accept-language:
      - en-US
    method: PUT
    uri: https://management.azure.com/subscriptions/00000000-0000-0000-0000-000000000000/resourceGroups/clitest.rg000001/providers/Microsoft.Media/mediaservices/ams000003?api-version=2018-07-01
  response:
    body:
      string: "{\r\n  \"name\":\"ams000003\",\"id\":\"/subscriptions/00000000-0000-0000-0000-000000000000/resourceGroups/clitest.rg000001/providers/Microsoft.Media/mediaservices/ams000003\",\"type\":\"Microsoft.Media/mediaservices\",\"location\":\"Central
        US\",\"properties\":{\r\n    \"mediaServiceId\":\"08622908-bf37-4f30-885c-31fabe1c4271\",\"storageAccounts\":[\r\n
        \     {\r\n        \"id\":\"/subscriptions/00000000-0000-0000-0000-000000000000/resourceGroups/clitest.rg000001/providers/Microsoft.Storage/storageAccounts/clitest000002\",\"type\":\"Primary\"\r\n
        \     }\r\n    ]\r\n  }\r\n}"
    headers:
      cache-control:
      - no-cache
      content-length:
      - '666'
      content-type:
      - application/json; odata.metadata=minimal
      date:
      - Thu, 13 Jun 2019 22:52:30 GMT
      expires:
      - '-1'
      odata-version:
      - '4.0'
      pragma:
      - no-cache
      server:
      - Microsoft-IIS/10.0
      strict-transport-security:
      - max-age=31536000; includeSubDomains
      x-content-type-options:
      - nosniff
      x-ms-ratelimit-remaining-subscription-writes:
      - '1197'
      x-powered-by:
      - ASP.NET
    status:
      code: 201
      message: Created
- request:
    body: null
    headers:
      Accept:
      - application/json
      Accept-Encoding:
      - gzip, deflate
      CommandName:
      - ams live-event create
      Connection:
      - keep-alive
      ParameterSetName:
      - -a -n -g --auto-start --streaming-protocol --encoding-type --tags --stream-options
        --preview-locator --ips --preview-ips --key-frame-interval-duration --access-token
        --description --client-access-policy --cross-domain-policy --vanity-url
      User-Agent:
      - python/3.6.8 (Windows-10-10.0.17763-SP0) msrest/0.6.4 msrest_azure/0.6.0 azure-mgmt-media/1.1.1
        Azure-SDK-For-Python AZURECLI/2.0.66
      accept-language:
      - en-US
    method: GET
    uri: https://management.azure.com/subscriptions/00000000-0000-0000-0000-000000000000/resourceGroups/clitest.rg000001/providers/Microsoft.Media/mediaservices/ams000003?api-version=2018-07-01
  response:
    body:
      string: "{\r\n  \"name\":\"ams000003\",\"id\":\"/subscriptions/00000000-0000-0000-0000-000000000000/resourceGroups/clitest.rg000001/providers/Microsoft.Media/mediaservices/ams000003\",\"type\":\"Microsoft.Media/mediaservices\",\"location\":\"Central
        US\",\"properties\":{\r\n    \"mediaServiceId\":\"08622908-bf37-4f30-885c-31fabe1c4271\",\"storageAccounts\":[\r\n
        \     {\r\n        \"id\":\"/subscriptions/00000000-0000-0000-0000-000000000000/resourceGroups/clitest.rg000001/providers/Microsoft.Storage/storageAccounts/clitest000002\",\"type\":\"Primary\"\r\n
        \     }\r\n    ]\r\n  }\r\n}"
    headers:
      cache-control:
      - no-cache
      content-length:
      - '666'
      content-type:
      - application/json; odata.metadata=minimal
      date:
      - Thu, 13 Jun 2019 22:52:31 GMT
      expires:
      - '-1'
      odata-version:
      - '4.0'
      pragma:
      - no-cache
      server:
      - Microsoft-IIS/10.0
      strict-transport-security:
      - max-age=31536000; includeSubDomains
      transfer-encoding:
      - chunked
      vary:
      - Accept-Encoding,Accept-Encoding
      x-content-type-options:
      - nosniff
      x-powered-by:
      - ASP.NET
    status:
      code: 200
      message: OK
- request:
    body: 'b''b\''{"tags": {"key": "value"}, "location": "Central US", "properties":
      {"description": "asd", "input": {"streamingProtocol": "RTMP", "accessControl":
      {"ip": {"allow": [{"name": "le000004_1.2.3.4", "address": "1.2.3.4"}, {"name":
      "le000004_5.6.7.8", "address": "5.6.7.8"}, {"name": "le000004_192.168.0.0",
      "address": "192.168.0.0", "subnetPrefixLength": 28}]}}, "keyFrameIntervalDuration":
      "PT2S", "accessToken": "0abf356884d74b4aacbd7b1ebd3da0f7"}, "preview": {"accessControl":
      {"ip": {"allow": [{"name": "le000004_192.168.0.0", "address": "192.168.0.0",
      "subnetPrefixLength": 28}, {"name": "le000004_0.0.0.0", "address": "0.0.0.0"}]}},
      "previewLocator": "88888888-0000-0000-0000-000000000001"}, "encoding": {"encodingType":
      "Basic"}, "crossSiteAccessPolicies": {"clientAccessPolicy": "<?xml version=\\\\"1.0\\\\"
      encoding=\\\\"utf-8\\\\"?>\\\\r\\\\n<access-policy>\\\\r\\\\n    <cross-domain-access>\\\\r\\\\n        <policy>\\\\r\\\\n            <allow-from
      http-request-headers=\\\''*\\\''>\\\\r\\\\n                <domain uri=\\\''http://*\\\''
      /> \\\\r\\\\n            </allow-from> \\\\r\\\\n            <grant-to>\\\\r\\\\n                <resource
      path=\\\''/\\\'' include-subpaths=\\\''false\\\'' />\\\\r\\\\n            </grant-to>    \\\\r\\\\n        </policy>\\\\r\\\\n    </cross-domain-access>\\\\r\\\\n</access-policy>",
      "crossDomainPolicy": "<?xml version=\\\\"1.0\\\\" ?>\\\\r\\\\n<!DOCTYPE cross-domain-policy
      SYSTEM \\\''http://www.macromedia.com/xml/dtds/cross-domain-policy.dtd\\\''>\\\\r\\\\n<cross-domain-policy>\\\\r\\\\n  <allow-access-from
      domain=\\\''*\\\'' />\\\\r\\\\n</cross-domain-policy>"}, "vanityUrl": true,
      "streamOptions": ["Default", "LowLatency"]}}\'''''
    headers:
      Accept:
      - application/json
      Accept-Encoding:
      - gzip, deflate
      CommandName:
      - ams live-event create
      Connection:
      - keep-alive
      Content-Length:
      - '1542'
      Content-Type:
      - application/json; charset=utf-8
      ParameterSetName:
      - -a -n -g --auto-start --streaming-protocol --encoding-type --tags --stream-options
        --preview-locator --ips --preview-ips --key-frame-interval-duration --access-token
        --description --client-access-policy --cross-domain-policy --vanity-url
      User-Agent:
      - python/3.6.8 (Windows-10-10.0.17763-SP0) msrest/0.6.4 msrest_azure/0.6.0 azure-mgmt-media/1.1.1
        Azure-SDK-For-Python AZURECLI/2.0.66
      accept-language:
      - en-US
    method: PUT
    uri: https://management.azure.com/subscriptions/00000000-0000-0000-0000-000000000000/resourceGroups/clitest.rg000001/providers/Microsoft.Media/mediaservices/ams000003/liveEvents/le000004?api-version=2018-07-01&autoStart=true
  response:
    body:
      string: "{\r\n  \"name\":\"le000004\",\"id\":\"/subscriptions/00000000-0000-0000-0000-000000000000/resourceGroups/clitest.rg000001/providers/Microsoft.Media/mediaservices/ams000003/liveevents/le000004\",\"type\":\"Microsoft.Media/mediaservices/liveevents\",\"location\":\"Central
        US\",\"tags\":{\r\n    \"key\":\"value\"\r\n  },\"properties\":{\r\n    \"description\":\"asd\",\"resourceState\":\"Stopped\",\"provisioningState\":\"InProgress\",\"created\":\"2019-06-13T22:52:33.2207603Z\",\"lastModified\":\"2019-06-13T22:52:33.2207603Z\",\"vanityUrl\":true,\"streamOptions\":[\r\n
        \     \"Default\",\"LowLatency\"\r\n    ],\"input\":{\r\n      \"keyFrameIntervalDuration\":\"PT2S\",\"streamingProtocol\":\"RTMP\",\"accessToken\":\"0abf356884d74b4aacbd7b1ebd3da0f7\",\"endpoints\":[\r\n
        \       \r\n      ],\"accessControl\":{\r\n        \"ip\":{\r\n          \"allow\":[\r\n
        \           {\r\n              \"name\":\"le000004_1.2.3.4\",\"address\":\"1.2.3.4\",\"subnetPrefixLength\":null\r\n
        \           },{\r\n              \"name\":\"le000004_5.6.7.8\",\"address\":\"5.6.7.8\",\"subnetPrefixLength\":null\r\n
        \           },{\r\n              \"name\":\"le000004_192.168.0.0\",\"address\":\"192.168.0.0\",\"subnetPrefixLength\":28\r\n
        \           }\r\n          ]\r\n        }\r\n      }\r\n    },\"preview\":{\r\n
        \     \"previewLocator\":\"88888888-0000-0000-0000-000000000001\",\"streamingPolicyName\":\"Predefined_ClearStreamingOnly\",\"alternativeMediaId\":null,\"accessControl\":{\r\n
        \       \"ip\":{\r\n          \"allow\":[\r\n            {\r\n              \"name\":\"le000004_192.168.0.0\",\"address\":\"192.168.0.0\",\"subnetPrefixLength\":28\r\n
        \           },{\r\n              \"name\":\"le000004_0.0.0.0\",\"address\":\"0.0.0.0\",\"subnetPrefixLength\":null\r\n
        \           }\r\n          ]\r\n        }\r\n      },\"endpoints\":[\r\n        \r\n
        \     ]\r\n    },\"encoding\":{\r\n      \"encodingType\":\"Basic\",\"presetName\":\"default720p\"\r\n
        \   },\"crossSiteAccessPolicies\":{\r\n      \"clientAccessPolicy\":\"<?xml
        version=\\\"1.0\\\" encoding=\\\"utf-8\\\"?>\\r\\n<access-policy>\\r\\n    <cross-domain-access>\\r\\n
        \       <policy>\\r\\n            <allow-from http-request-headers='*'>\\r\\n
        \               <domain uri='http://*' /> \\r\\n            </allow-from>
        \\r\\n            <grant-to>\\r\\n                <resource path='/' include-subpaths='false'
        />\\r\\n            </grant-to>    \\r\\n        </policy>\\r\\n    </cross-domain-access>\\r\\n</access-policy>\",\"crossDomainPolicy\":\"<?xml
        version=\\\"1.0\\\" ?>\\r\\n<!DOCTYPE cross-domain-policy SYSTEM 'http://www.macromedia.com/xml/dtds/cross-domain-policy.dtd'>\\r\\n<cross-domain-policy>\\r\\n
        \ <allow-access-from domain='*' />\\r\\n</cross-domain-policy>\"\r\n    }\r\n
        \ }\r\n}"
    headers:
      azure-asyncoperation:
      - https://management.azure.com/subscriptions/00000000-0000-0000-0000-000000000000/resourcegroups/clitest.rg000001/providers/Microsoft.Media/mediaservices/ams000003/liveeventoperations/9bfc41c5-aebf-493b-9f48-3c8066f78275?api-version=2018-07-01
      cache-control:
      - no-cache
      content-length:
      - '2556'
      content-type:
      - application/json; odata.metadata=minimal
      date:
      - Thu, 13 Jun 2019 22:52:33 GMT
      expires:
      - '-1'
      location:
      - https://management.azure.com/subscriptions/00000000-0000-0000-0000-000000000000/resourcegroups/clitest.rg000001/providers/Microsoft.Media/mediaservices/ams000003/liveeventoperations/9bfc41c5-aebf-493b-9f48-3c8066f78275?api-version=2018-07-01
      odata-version:
      - '4.0'
      pragma:
      - no-cache
      server:
      - Microsoft-IIS/10.0
      strict-transport-security:
      - max-age=31536000; includeSubDomains
      x-content-type-options:
      - nosniff
      x-ms-ratelimit-remaining-subscription-writes:
      - '1198'
      x-powered-by:
      - ASP.NET
    status:
      code: 202
      message: Accepted
- request:
    body: null
    headers:
      Accept:
      - application/json
      Accept-Encoding:
      - gzip, deflate
      CommandName:
      - ams live-event create
      Connection:
      - keep-alive
      ParameterSetName:
      - -a -n -g --auto-start --streaming-protocol --encoding-type --tags --stream-options
        --preview-locator --ips --preview-ips --key-frame-interval-duration --access-token
        --description --client-access-policy --cross-domain-policy --vanity-url
      User-Agent:
      - python/3.6.8 (Windows-10-10.0.17763-SP0) msrest/0.6.4 msrest_azure/0.6.0 azure-mgmt-media/1.1.1
        Azure-SDK-For-Python AZURECLI/2.0.66
    method: GET
    uri: https://management.azure.com/subscriptions/00000000-0000-0000-0000-000000000000/resourcegroups/clitest.rg000001/providers/Microsoft.Media/mediaservices/ams000003/liveeventoperations/9bfc41c5-aebf-493b-9f48-3c8066f78275?api-version=2018-07-01
  response:
    body:
      string: "{\r\n  \"name\":\"9bfc41c5-aebf-493b-9f48-3c8066f78275\",\"status\":\"InProgress\",\"error\":{\r\n
        \   \"code\":\"None\",\"message\":null,\"target\":\"cfefbab0-02b5-4603-ace9-ede3f69b34c1\"\r\n
        \ }\r\n}"
    headers:
      azure-asyncoperation:
      - https://management.azure.com/subscriptions/00000000-0000-0000-0000-000000000000/resourcegroups/clitest.rg000001/providers/Microsoft.Media/mediaservices/ams000003/liveeventoperations/9bfc41c5-aebf-493b-9f48-3c8066f78275?api-version=2018-07-01
      cache-control:
      - no-cache
      content-length:
      - '172'
      content-type:
      - application/json; odata.metadata=minimal
      date:
      - Thu, 13 Jun 2019 22:52:35 GMT
      expires:
      - '-1'
      location:
      - https://management.azure.com/subscriptions/00000000-0000-0000-0000-000000000000/resourcegroups/clitest.rg000001/providers/Microsoft.Media/mediaservices/ams000003/liveeventoperations/9bfc41c5-aebf-493b-9f48-3c8066f78275?api-version=2018-07-01
      odata-version:
      - '4.0'
      pragma:
      - no-cache
      server:
      - Microsoft-IIS/10.0
      strict-transport-security:
      - max-age=31536000; includeSubDomains
      transfer-encoding:
      - chunked
      vary:
      - Accept-Encoding
      x-content-type-options:
      - nosniff
      x-powered-by:
      - ASP.NET
    status:
      code: 200
      message: OK
- request:
    body: null
    headers:
      Accept:
      - application/json
      Accept-Encoding:
      - gzip, deflate
      CommandName:
      - ams live-event create
      Connection:
      - keep-alive
      ParameterSetName:
      - -a -n -g --auto-start --streaming-protocol --encoding-type --tags --stream-options
        --preview-locator --ips --preview-ips --key-frame-interval-duration --access-token
        --description --client-access-policy --cross-domain-policy --vanity-url
      User-Agent:
      - python/3.6.8 (Windows-10-10.0.17763-SP0) msrest/0.6.4 msrest_azure/0.6.0 azure-mgmt-media/1.1.1
        Azure-SDK-For-Python AZURECLI/2.0.66
    method: GET
    uri: https://management.azure.com/subscriptions/00000000-0000-0000-0000-000000000000/resourcegroups/clitest.rg000001/providers/Microsoft.Media/mediaservices/ams000003/liveeventoperations/9bfc41c5-aebf-493b-9f48-3c8066f78275?api-version=2018-07-01
  response:
    body:
      string: "{\r\n  \"name\":\"9bfc41c5-aebf-493b-9f48-3c8066f78275\",\"status\":\"InProgress\",\"error\":{\r\n
        \   \"code\":\"None\",\"message\":null,\"target\":\"cfefbab0-02b5-4603-ace9-ede3f69b34c1\"\r\n
        \ }\r\n}"
    headers:
      azure-asyncoperation:
      - https://management.azure.com/subscriptions/00000000-0000-0000-0000-000000000000/resourcegroups/clitest.rg000001/providers/Microsoft.Media/mediaservices/ams000003/liveeventoperations/9bfc41c5-aebf-493b-9f48-3c8066f78275?api-version=2018-07-01
      cache-control:
      - no-cache
      content-length:
      - '172'
      content-type:
      - application/json; odata.metadata=minimal
      date:
      - Thu, 13 Jun 2019 22:52:37 GMT
      expires:
      - '-1'
      location:
      - https://management.azure.com/subscriptions/00000000-0000-0000-0000-000000000000/resourcegroups/clitest.rg000001/providers/Microsoft.Media/mediaservices/ams000003/liveeventoperations/9bfc41c5-aebf-493b-9f48-3c8066f78275?api-version=2018-07-01
      odata-version:
      - '4.0'
      pragma:
      - no-cache
      server:
      - Microsoft-IIS/10.0
      strict-transport-security:
      - max-age=31536000; includeSubDomains
      transfer-encoding:
      - chunked
      vary:
      - Accept-Encoding
      x-content-type-options:
      - nosniff
      x-powered-by:
      - ASP.NET
    status:
      code: 200
      message: OK
- request:
    body: null
    headers:
      Accept:
      - application/json
      Accept-Encoding:
      - gzip, deflate
      CommandName:
      - ams live-event create
      Connection:
      - keep-alive
      ParameterSetName:
      - -a -n -g --auto-start --streaming-protocol --encoding-type --tags --stream-options
        --preview-locator --ips --preview-ips --key-frame-interval-duration --access-token
        --description --client-access-policy --cross-domain-policy --vanity-url
      User-Agent:
      - python/3.6.8 (Windows-10-10.0.17763-SP0) msrest/0.6.4 msrest_azure/0.6.0 azure-mgmt-media/1.1.1
        Azure-SDK-For-Python AZURECLI/2.0.66
    method: GET
    uri: https://management.azure.com/subscriptions/00000000-0000-0000-0000-000000000000/resourcegroups/clitest.rg000001/providers/Microsoft.Media/mediaservices/ams000003/liveeventoperations/9bfc41c5-aebf-493b-9f48-3c8066f78275?api-version=2018-07-01
  response:
    body:
      string: "{\r\n  \"name\":\"9bfc41c5-aebf-493b-9f48-3c8066f78275\",\"status\":\"InProgress\",\"error\":{\r\n
        \   \"code\":\"None\",\"message\":null,\"target\":\"cfefbab0-02b5-4603-ace9-ede3f69b34c1\"\r\n
        \ }\r\n}"
    headers:
      azure-asyncoperation:
      - https://management.azure.com/subscriptions/00000000-0000-0000-0000-000000000000/resourcegroups/clitest.rg000001/providers/Microsoft.Media/mediaservices/ams000003/liveeventoperations/9bfc41c5-aebf-493b-9f48-3c8066f78275?api-version=2018-07-01
      cache-control:
      - no-cache
      content-length:
      - '172'
      content-type:
      - application/json; odata.metadata=minimal
      date:
      - Thu, 13 Jun 2019 22:52:40 GMT
      expires:
      - '-1'
      location:
      - https://management.azure.com/subscriptions/00000000-0000-0000-0000-000000000000/resourcegroups/clitest.rg000001/providers/Microsoft.Media/mediaservices/ams000003/liveeventoperations/9bfc41c5-aebf-493b-9f48-3c8066f78275?api-version=2018-07-01
      odata-version:
      - '4.0'
      pragma:
      - no-cache
      server:
      - Microsoft-IIS/10.0
      strict-transport-security:
      - max-age=31536000; includeSubDomains
      transfer-encoding:
      - chunked
      vary:
      - Accept-Encoding
      x-content-type-options:
      - nosniff
      x-powered-by:
      - ASP.NET
    status:
      code: 200
      message: OK
- request:
    body: null
    headers:
      Accept:
      - application/json
      Accept-Encoding:
      - gzip, deflate
      CommandName:
      - ams live-event create
      Connection:
      - keep-alive
      ParameterSetName:
      - -a -n -g --auto-start --streaming-protocol --encoding-type --tags --stream-options
        --preview-locator --ips --preview-ips --key-frame-interval-duration --access-token
        --description --client-access-policy --cross-domain-policy --vanity-url
      User-Agent:
      - python/3.6.8 (Windows-10-10.0.17763-SP0) msrest/0.6.4 msrest_azure/0.6.0 azure-mgmt-media/1.1.1
        Azure-SDK-For-Python AZURECLI/2.0.66
    method: GET
    uri: https://management.azure.com/subscriptions/00000000-0000-0000-0000-000000000000/resourcegroups/clitest.rg000001/providers/Microsoft.Media/mediaservices/ams000003/liveeventoperations/9bfc41c5-aebf-493b-9f48-3c8066f78275?api-version=2018-07-01
  response:
    body:
      string: "{\r\n  \"name\":\"9bfc41c5-aebf-493b-9f48-3c8066f78275\",\"status\":\"InProgress\",\"error\":{\r\n
        \   \"code\":\"None\",\"message\":null,\"target\":\"cfefbab0-02b5-4603-ace9-ede3f69b34c1\"\r\n
        \ }\r\n}"
    headers:
      azure-asyncoperation:
      - https://management.azure.com/subscriptions/00000000-0000-0000-0000-000000000000/resourcegroups/clitest.rg000001/providers/Microsoft.Media/mediaservices/ams000003/liveeventoperations/9bfc41c5-aebf-493b-9f48-3c8066f78275?api-version=2018-07-01
      cache-control:
      - no-cache
      content-length:
      - '172'
      content-type:
      - application/json; odata.metadata=minimal
      date:
      - Thu, 13 Jun 2019 22:52:43 GMT
      expires:
      - '-1'
      location:
      - https://management.azure.com/subscriptions/00000000-0000-0000-0000-000000000000/resourcegroups/clitest.rg000001/providers/Microsoft.Media/mediaservices/ams000003/liveeventoperations/9bfc41c5-aebf-493b-9f48-3c8066f78275?api-version=2018-07-01
      odata-version:
      - '4.0'
      pragma:
      - no-cache
      server:
      - Microsoft-IIS/10.0
      strict-transport-security:
      - max-age=31536000; includeSubDomains
      transfer-encoding:
      - chunked
      vary:
      - Accept-Encoding
      x-content-type-options:
      - nosniff
      x-powered-by:
      - ASP.NET
    status:
      code: 200
      message: OK
- request:
    body: null
    headers:
      Accept:
      - application/json
      Accept-Encoding:
      - gzip, deflate
      CommandName:
      - ams live-event create
      Connection:
      - keep-alive
      ParameterSetName:
      - -a -n -g --auto-start --streaming-protocol --encoding-type --tags --stream-options
        --preview-locator --ips --preview-ips --key-frame-interval-duration --access-token
        --description --client-access-policy --cross-domain-policy --vanity-url
      User-Agent:
      - python/3.6.8 (Windows-10-10.0.17763-SP0) msrest/0.6.4 msrest_azure/0.6.0 azure-mgmt-media/1.1.1
        Azure-SDK-For-Python AZURECLI/2.0.66
    method: GET
    uri: https://management.azure.com/subscriptions/00000000-0000-0000-0000-000000000000/resourcegroups/clitest.rg000001/providers/Microsoft.Media/mediaservices/ams000003/liveeventoperations/9bfc41c5-aebf-493b-9f48-3c8066f78275?api-version=2018-07-01
  response:
    body:
      string: "{\r\n  \"name\":\"9bfc41c5-aebf-493b-9f48-3c8066f78275\",\"status\":\"Succeeded\",\"error\":{\r\n
        \   \"code\":\"None\",\"message\":null,\"target\":\"cfefbab0-02b5-4603-ace9-ede3f69b34c1\"\r\n
        \ }\r\n}"
    headers:
      azure-asyncoperation:
      - https://management.azure.com/subscriptions/00000000-0000-0000-0000-000000000000/resourcegroups/clitest.rg000001/providers/Microsoft.Media/mediaservices/ams000003/liveeventoperations/9bfc41c5-aebf-493b-9f48-3c8066f78275?api-version=2018-07-01
      cache-control:
      - no-cache
      content-length:
      - '171'
      content-type:
      - application/json; odata.metadata=minimal
      date:
      - Thu, 13 Jun 2019 22:52:45 GMT
      expires:
      - '-1'
      location:
      - https://management.azure.com/subscriptions/00000000-0000-0000-0000-000000000000/resourcegroups/clitest.rg000001/providers/Microsoft.Media/mediaservices/ams000003/liveeventoperations/9bfc41c5-aebf-493b-9f48-3c8066f78275?api-version=2018-07-01
      odata-version:
      - '4.0'
      pragma:
      - no-cache
      server:
      - Microsoft-IIS/10.0
      strict-transport-security:
      - max-age=31536000; includeSubDomains
      transfer-encoding:
      - chunked
      vary:
      - Accept-Encoding
      x-content-type-options:
      - nosniff
      x-powered-by:
      - ASP.NET
    status:
      code: 200
      message: OK
- request:
    body: null
    headers:
      Accept:
      - application/json
      Accept-Encoding:
      - gzip, deflate
      CommandName:
      - ams live-event create
      Connection:
      - keep-alive
      ParameterSetName:
      - -a -n -g --auto-start --streaming-protocol --encoding-type --tags --stream-options
        --preview-locator --ips --preview-ips --key-frame-interval-duration --access-token
        --description --client-access-policy --cross-domain-policy --vanity-url
      User-Agent:
      - python/3.6.8 (Windows-10-10.0.17763-SP0) msrest/0.6.4 msrest_azure/0.6.0 azure-mgmt-media/1.1.1
        Azure-SDK-For-Python AZURECLI/2.0.66
    method: GET
    uri: https://management.azure.com/subscriptions/00000000-0000-0000-0000-000000000000/resourceGroups/clitest.rg000001/providers/Microsoft.Media/mediaservices/ams000003/liveEvents/le000004?api-version=2018-07-01&autoStart=true
  response:
    body:
      string: "{\r\n  \"name\":\"le000004\",\"id\":\"/subscriptions/00000000-0000-0000-0000-000000000000/resourceGroups/clitest.rg000001/providers/Microsoft.Media/mediaservices/ams000003/liveevents/le000004\",\"type\":\"Microsoft.Media/mediaservices/liveevents\",\"location\":\"Central
        US\",\"tags\":{\r\n    \"key\":\"value\"\r\n  },\"properties\":{\r\n    \"description\":\"asd\",\"resourceState\":\"Running\",\"provisioningState\":\"Succeeded\",\"created\":\"2019-06-13T22:52:33.2676032Z\",\"lastModified\":\"2019-06-13T22:52:33.2676032Z\",\"vanityUrl\":true,\"streamOptions\":[\r\n
        \     \"Default\",\"LowLatency\"\r\n    ],\"input\":{\r\n      \"keyFrameIntervalDuration\":\"PT2S\",\"streamingProtocol\":\"RTMP\",\"accessToken\":\"0abf356884d74b4aacbd7b1ebd3da0f7\",\"endpoints\":[\r\n
        \       {\r\n          \"protocol\":\"RTMP\",\"url\":\"rtmp://le000004-ams000003-usct.channel.media.azure.net:1935/live/0abf356884d74b4aacbd7b1ebd3da0f7\"\r\n
        \       },{\r\n          \"protocol\":\"RTMP\",\"url\":\"rtmp://le000004-ams000003-usct.channel.media.azure.net:1936/live/0abf356884d74b4aacbd7b1ebd3da0f7\"\r\n
        \       },{\r\n          \"protocol\":\"RTMP\",\"url\":\"rtmps://le000004-ams000003-usct.channel.media.azure.net:2935/live/0abf356884d74b4aacbd7b1ebd3da0f7\"\r\n
        \       },{\r\n          \"protocol\":\"RTMP\",\"url\":\"rtmps://le000004-ams000003-usct.channel.media.azure.net:2936/live/0abf356884d74b4aacbd7b1ebd3da0f7\"\r\n
        \       }\r\n      ],\"accessControl\":{\r\n        \"ip\":{\r\n          \"allow\":[\r\n
        \           {\r\n              \"name\":\"le000004_1.2.3.4\",\"address\":\"1.2.3.4\",\"subnetPrefixLength\":null\r\n
        \           },{\r\n              \"name\":\"le000004_5.6.7.8\",\"address\":\"5.6.7.8\",\"subnetPrefixLength\":null\r\n
        \           },{\r\n              \"name\":\"le000004_192.168.0.0\",\"address\":\"192.168.0.0\",\"subnetPrefixLength\":28\r\n
        \           }\r\n          ]\r\n        }\r\n      }\r\n    },\"preview\":{\r\n
        \     \"previewLocator\":\"88888888-0000-0000-0000-000000000001\",\"streamingPolicyName\":\"Predefined_ClearStreamingOnly\",\"alternativeMediaId\":null,\"accessControl\":{\r\n
        \       \"ip\":{\r\n          \"allow\":[\r\n            {\r\n              \"name\":\"le000004_192.168.0.0\",\"address\":\"192.168.0.0\",\"subnetPrefixLength\":28\r\n
        \           },{\r\n              \"name\":\"le000004_0.0.0.0\",\"address\":\"0.0.0.0\",\"subnetPrefixLength\":null\r\n
        \           }\r\n          ]\r\n        }\r\n      },\"endpoints\":[\r\n        {\r\n
        \         \"protocol\":\"FragmentedMP4\",\"url\":\"https://le000004-ams000003.preview-usct.channel.media.azure.net/88888888-0000-0000-0000-000000000001/preview.ism/manifest\"\r\n
        \       }\r\n      ]\r\n    },\"encoding\":{\r\n      \"encodingType\":\"Basic\",\"presetName\":\"default720p\"\r\n
        \   },\"crossSiteAccessPolicies\":{\r\n      \"clientAccessPolicy\":\"<?xml
        version=\\\"1.0\\\" encoding=\\\"utf-8\\\"?>\\r\\n<access-policy>\\r\\n    <cross-domain-access>\\r\\n
        \       <policy>\\r\\n            <allow-from http-request-headers='*'>\\r\\n
        \               <domain uri='http://*' /> \\r\\n            </allow-from>
        \\r\\n            <grant-to>\\r\\n                <resource path='/' include-subpaths='false'
        />\\r\\n            </grant-to>    \\r\\n        </policy>\\r\\n    </cross-domain-access>\\r\\n</access-policy>\",\"crossDomainPolicy\":\"<?xml
        version=\\\"1.0\\\" ?>\\r\\n<!DOCTYPE cross-domain-policy SYSTEM 'http://www.macromedia.com/xml/dtds/cross-domain-policy.dtd'>\\r\\n<cross-domain-policy>\\r\\n
        \ <allow-access-from domain='*' />\\r\\n</cross-domain-policy>\"\r\n    }\r\n
        \ }\r\n}"
    headers:
      cache-control:
      - no-cache
      content-length:
      - '3363'
      content-type:
      - application/json; odata.metadata=minimal
      date:
      - Thu, 13 Jun 2019 22:52:46 GMT
      expires:
      - '-1'
      odata-version:
      - '4.0'
      pragma:
      - no-cache
      server:
      - Microsoft-IIS/10.0
      strict-transport-security:
      - max-age=31536000; includeSubDomains
      transfer-encoding:
      - chunked
      vary:
      - Accept-Encoding
      x-content-type-options:
      - nosniff
      x-powered-by:
      - ASP.NET
    status:
      code: 200
      message: OK
- request:
    body: '{"removeOutputsOnStop": false}'
    headers:
      Accept:
      - application/json
      Accept-Encoding:
      - gzip, deflate
      CommandName:
      - ams live-event stop
      Connection:
      - keep-alive
      Content-Length:
      - '30'
      Content-Type:
      - application/json; charset=utf-8
      ParameterSetName:
      - -a -n -g
      User-Agent:
      - python/3.6.8 (Windows-10-10.0.17763-SP0) msrest/0.6.4 msrest_azure/0.6.0 azure-mgmt-media/1.1.1
        Azure-SDK-For-Python AZURECLI/2.0.66
      accept-language:
      - en-US
    method: POST
    uri: https://management.azure.com/subscriptions/00000000-0000-0000-0000-000000000000/resourceGroups/clitest.rg000001/providers/Microsoft.Media/mediaservices/ams000003/liveEvents/le000004/stop?api-version=2018-07-01
  response:
    body:
      string: ''
    headers:
      azure-asyncoperation:
      - https://management.azure.com/subscriptions/00000000-0000-0000-0000-000000000000/resourcegroups/clitest.rg000001/providers/Microsoft.Media/mediaservices/ams000003/liveeventoperations/d777a7dc-4ff4-4a37-a719-0a28a78629d1?api-version=2018-07-01
      cache-control:
      - no-cache
      content-length:
      - '0'
      date:
      - Thu, 13 Jun 2019 22:52:47 GMT
      expires:
      - '-1'
      location:
      - https://management.azure.com/subscriptions/00000000-0000-0000-0000-000000000000/resourcegroups/clitest.rg000001/providers/Microsoft.Media/mediaservices/ams000003/liveeventoperations/d777a7dc-4ff4-4a37-a719-0a28a78629d1?api-version=2018-07-01
      pragma:
      - no-cache
      server:
      - Microsoft-IIS/10.0
      strict-transport-security:
      - max-age=31536000; includeSubDomains
      x-content-type-options:
      - nosniff
      x-ms-ratelimit-remaining-subscription-writes:
      - '1199'
      x-powered-by:
      - ASP.NET
    status:
      code: 202
      message: Accepted
- request:
    body: null
    headers:
      Accept:
      - application/json
      Accept-Encoding:
      - gzip, deflate
      CommandName:
      - ams live-event stop
      Connection:
      - keep-alive
      ParameterSetName:
      - -a -n -g
      User-Agent:
      - python/3.6.8 (Windows-10-10.0.17763-SP0) msrest/0.6.4 msrest_azure/0.6.0 azure-mgmt-media/1.1.1
        Azure-SDK-For-Python AZURECLI/2.0.66
    method: GET
    uri: https://management.azure.com/subscriptions/00000000-0000-0000-0000-000000000000/resourcegroups/clitest.rg000001/providers/Microsoft.Media/mediaservices/ams000003/liveeventoperations/d777a7dc-4ff4-4a37-a719-0a28a78629d1?api-version=2018-07-01
  response:
    body:
      string: "{\r\n  \"name\":\"d777a7dc-4ff4-4a37-a719-0a28a78629d1\",\"status\":\"InProgress\",\"error\":{\r\n
        \   \"code\":\"None\",\"message\":null,\"target\":\"cfefbab0-02b5-4603-ace9-ede3f69b34c1\"\r\n
        \ }\r\n}"
    headers:
      azure-asyncoperation:
      - https://management.azure.com/subscriptions/00000000-0000-0000-0000-000000000000/resourcegroups/clitest.rg000001/providers/Microsoft.Media/mediaservices/ams000003/liveeventoperations/d777a7dc-4ff4-4a37-a719-0a28a78629d1?api-version=2018-07-01
      cache-control:
      - no-cache
      content-length:
      - '172'
      content-type:
      - application/json; odata.metadata=minimal
      date:
      - Thu, 13 Jun 2019 22:52:50 GMT
      expires:
      - '-1'
      location:
      - https://management.azure.com/subscriptions/00000000-0000-0000-0000-000000000000/resourcegroups/clitest.rg000001/providers/Microsoft.Media/mediaservices/ams000003/liveeventoperations/d777a7dc-4ff4-4a37-a719-0a28a78629d1?api-version=2018-07-01
      odata-version:
      - '4.0'
      pragma:
      - no-cache
      server:
      - Microsoft-IIS/10.0
      strict-transport-security:
      - max-age=31536000; includeSubDomains
      transfer-encoding:
      - chunked
      vary:
      - Accept-Encoding
      x-content-type-options:
      - nosniff
      x-powered-by:
      - ASP.NET
    status:
      code: 200
      message: OK
- request:
    body: null
    headers:
      Accept:
      - application/json
      Accept-Encoding:
      - gzip, deflate
      CommandName:
      - ams live-event stop
      Connection:
      - keep-alive
      ParameterSetName:
      - -a -n -g
      User-Agent:
      - python/3.6.8 (Windows-10-10.0.17763-SP0) msrest/0.6.4 msrest_azure/0.6.0 azure-mgmt-media/1.1.1
        Azure-SDK-For-Python AZURECLI/2.0.66
    method: GET
    uri: https://management.azure.com/subscriptions/00000000-0000-0000-0000-000000000000/resourcegroups/clitest.rg000001/providers/Microsoft.Media/mediaservices/ams000003/liveeventoperations/d777a7dc-4ff4-4a37-a719-0a28a78629d1?api-version=2018-07-01
  response:
    body:
      string: "{\r\n  \"name\":\"d777a7dc-4ff4-4a37-a719-0a28a78629d1\",\"status\":\"InProgress\",\"error\":{\r\n
        \   \"code\":\"None\",\"message\":null,\"target\":\"cfefbab0-02b5-4603-ace9-ede3f69b34c1\"\r\n
        \ }\r\n}"
    headers:
      azure-asyncoperation:
      - https://management.azure.com/subscriptions/00000000-0000-0000-0000-000000000000/resourcegroups/clitest.rg000001/providers/Microsoft.Media/mediaservices/ams000003/liveeventoperations/d777a7dc-4ff4-4a37-a719-0a28a78629d1?api-version=2018-07-01
      cache-control:
      - no-cache
      content-length:
      - '172'
      content-type:
      - application/json; odata.metadata=minimal
      date:
      - Thu, 13 Jun 2019 22:52:53 GMT
      expires:
      - '-1'
      location:
      - https://management.azure.com/subscriptions/00000000-0000-0000-0000-000000000000/resourcegroups/clitest.rg000001/providers/Microsoft.Media/mediaservices/ams000003/liveeventoperations/d777a7dc-4ff4-4a37-a719-0a28a78629d1?api-version=2018-07-01
      odata-version:
      - '4.0'
      pragma:
      - no-cache
      server:
      - Microsoft-IIS/10.0
      strict-transport-security:
      - max-age=31536000; includeSubDomains
      transfer-encoding:
      - chunked
      vary:
      - Accept-Encoding
      x-content-type-options:
      - nosniff
      x-powered-by:
      - ASP.NET
    status:
      code: 200
      message: OK
- request:
    body: null
    headers:
      Accept:
      - application/json
      Accept-Encoding:
      - gzip, deflate
      CommandName:
      - ams live-event stop
      Connection:
      - keep-alive
      ParameterSetName:
      - -a -n -g
      User-Agent:
      - python/3.6.8 (Windows-10-10.0.17763-SP0) msrest/0.6.4 msrest_azure/0.6.0 azure-mgmt-media/1.1.1
        Azure-SDK-For-Python AZURECLI/2.0.66
    method: GET
    uri: https://management.azure.com/subscriptions/00000000-0000-0000-0000-000000000000/resourcegroups/clitest.rg000001/providers/Microsoft.Media/mediaservices/ams000003/liveeventoperations/d777a7dc-4ff4-4a37-a719-0a28a78629d1?api-version=2018-07-01
  response:
    body:
      string: "{\r\n  \"name\":\"d777a7dc-4ff4-4a37-a719-0a28a78629d1\",\"status\":\"Succeeded\",\"error\":{\r\n
        \   \"code\":\"None\",\"message\":null,\"target\":\"cfefbab0-02b5-4603-ace9-ede3f69b34c1\"\r\n
        \ }\r\n}"
    headers:
      azure-asyncoperation:
      - https://management.azure.com/subscriptions/00000000-0000-0000-0000-000000000000/resourcegroups/clitest.rg000001/providers/Microsoft.Media/mediaservices/ams000003/liveeventoperations/d777a7dc-4ff4-4a37-a719-0a28a78629d1?api-version=2018-07-01
      cache-control:
      - no-cache
      content-length:
      - '171'
      content-type:
      - application/json; odata.metadata=minimal
      date:
      - Thu, 13 Jun 2019 22:52:55 GMT
      expires:
      - '-1'
      location:
      - https://management.azure.com/subscriptions/00000000-0000-0000-0000-000000000000/resourcegroups/clitest.rg000001/providers/Microsoft.Media/mediaservices/ams000003/liveeventoperations/d777a7dc-4ff4-4a37-a719-0a28a78629d1?api-version=2018-07-01
      odata-version:
      - '4.0'
      pragma:
      - no-cache
      server:
      - Microsoft-IIS/10.0
      strict-transport-security:
      - max-age=31536000; includeSubDomains
      transfer-encoding:
      - chunked
      vary:
      - Accept-Encoding
      x-content-type-options:
      - nosniff
      x-powered-by:
      - ASP.NET
    status:
      code: 200
      message: OK
- request:
    body: null
    headers:
      Accept:
      - application/json
      Accept-Encoding:
      - gzip, deflate
      CommandName:
      - ams live-event stop
      Connection:
      - keep-alive
      ParameterSetName:
      - -a -n -g
      User-Agent:
      - python/3.6.8 (Windows-10-10.0.17763-SP0) msrest/0.6.4 msrest_azure/0.6.0 azure-mgmt-media/1.1.1
        Azure-SDK-For-Python AZURECLI/2.0.66
      accept-language:
      - en-US
    method: GET
    uri: https://management.azure.com/subscriptions/00000000-0000-0000-0000-000000000000/resourceGroups/clitest.rg000001/providers/Microsoft.Media/mediaservices/ams000003/liveEvents/le000004?api-version=2018-07-01
  response:
    body:
      string: "{\r\n  \"name\":\"le000004\",\"id\":\"/subscriptions/00000000-0000-0000-0000-000000000000/resourceGroups/clitest.rg000001/providers/Microsoft.Media/mediaservices/ams000003/liveevents/le000004\",\"type\":\"Microsoft.Media/mediaservices/liveevents\",\"location\":\"Central
        US\",\"tags\":{\r\n    \"key\":\"value\"\r\n  },\"properties\":{\r\n    \"description\":\"asd\",\"resourceState\":\"Stopped\",\"provisioningState\":\"Succeeded\",\"created\":\"2019-06-13T22:52:33.2676032Z\",\"lastModified\":\"2019-06-13T22:52:33.2676032Z\",\"vanityUrl\":true,\"streamOptions\":[\r\n
        \     \"Default\",\"LowLatency\"\r\n    ],\"input\":{\r\n      \"keyFrameIntervalDuration\":\"PT2S\",\"streamingProtocol\":\"RTMP\",\"accessToken\":\"0abf356884d74b4aacbd7b1ebd3da0f7\",\"endpoints\":[\r\n
        \       {\r\n          \"protocol\":\"RTMP\",\"url\":\"rtmp://le000004-ams000003-usct.channel.media.azure.net:1935/live/0abf356884d74b4aacbd7b1ebd3da0f7\"\r\n
        \       },{\r\n          \"protocol\":\"RTMP\",\"url\":\"rtmp://le000004-ams000003-usct.channel.media.azure.net:1936/live/0abf356884d74b4aacbd7b1ebd3da0f7\"\r\n
        \       },{\r\n          \"protocol\":\"RTMP\",\"url\":\"rtmps://le000004-ams000003-usct.channel.media.azure.net:2935/live/0abf356884d74b4aacbd7b1ebd3da0f7\"\r\n
        \       },{\r\n          \"protocol\":\"RTMP\",\"url\":\"rtmps://le000004-ams000003-usct.channel.media.azure.net:2936/live/0abf356884d74b4aacbd7b1ebd3da0f7\"\r\n
        \       }\r\n      ],\"accessControl\":{\r\n        \"ip\":{\r\n          \"allow\":[\r\n
        \           {\r\n              \"name\":\"le000004_1.2.3.4\",\"address\":\"1.2.3.4\",\"subnetPrefixLength\":null\r\n
        \           },{\r\n              \"name\":\"le000004_5.6.7.8\",\"address\":\"5.6.7.8\",\"subnetPrefixLength\":null\r\n
        \           },{\r\n              \"name\":\"le000004_192.168.0.0\",\"address\":\"192.168.0.0\",\"subnetPrefixLength\":28\r\n
        \           }\r\n          ]\r\n        }\r\n      }\r\n    },\"preview\":{\r\n
        \     \"previewLocator\":\"88888888-0000-0000-0000-000000000001\",\"streamingPolicyName\":\"Predefined_ClearStreamingOnly\",\"alternativeMediaId\":null,\"accessControl\":{\r\n
        \       \"ip\":{\r\n          \"allow\":[\r\n            {\r\n              \"name\":\"le000004_192.168.0.0\",\"address\":\"192.168.0.0\",\"subnetPrefixLength\":28\r\n
        \           },{\r\n              \"name\":\"le000004_0.0.0.0\",\"address\":\"0.0.0.0\",\"subnetPrefixLength\":null\r\n
        \           }\r\n          ]\r\n        }\r\n      },\"endpoints\":[\r\n        {\r\n
        \         \"protocol\":\"FragmentedMP4\",\"url\":\"https://le000004-ams000003.preview-usct.channel.media.azure.net/88888888-0000-0000-0000-000000000001/preview.ism/manifest\"\r\n
        \       }\r\n      ]\r\n    },\"encoding\":{\r\n      \"encodingType\":\"Basic\",\"presetName\":\"default720p\"\r\n
        \   },\"crossSiteAccessPolicies\":{\r\n      \"clientAccessPolicy\":\"<?xml
        version=\\\"1.0\\\" encoding=\\\"utf-8\\\"?>\\r\\n<access-policy>\\r\\n    <cross-domain-access>\\r\\n
        \       <policy>\\r\\n            <allow-from http-request-headers='*'>\\r\\n
        \               <domain uri='http://*' /> \\r\\n            </allow-from>
        \\r\\n            <grant-to>\\r\\n                <resource path='/' include-subpaths='false'
        />\\r\\n            </grant-to>    \\r\\n        </policy>\\r\\n    </cross-domain-access>\\r\\n</access-policy>\",\"crossDomainPolicy\":\"<?xml
        version=\\\"1.0\\\" ?>\\r\\n<!DOCTYPE cross-domain-policy SYSTEM 'http://www.macromedia.com/xml/dtds/cross-domain-policy.dtd'>\\r\\n<cross-domain-policy>\\r\\n
        \ <allow-access-from domain='*' />\\r\\n</cross-domain-policy>\"\r\n    }\r\n
        \ }\r\n}"
    headers:
      cache-control:
      - no-cache
      content-length:
      - '3363'
      content-type:
      - application/json; odata.metadata=minimal
      date:
      - Thu, 13 Jun 2019 22:52:56 GMT
      expires:
      - '-1'
      odata-version:
      - '4.0'
      pragma:
      - no-cache
      server:
      - Microsoft-IIS/10.0
      strict-transport-security:
      - max-age=31536000; includeSubDomains
      transfer-encoding:
      - chunked
      vary:
      - Accept-Encoding
      x-content-type-options:
      - nosniff
      x-powered-by:
      - ASP.NET
    status:
      code: 200
      message: OK
- request:
    body: null
    headers:
      Accept:
      - application/json
      Accept-Encoding:
      - gzip, deflate
      CommandName:
      - ams live-event delete
      Connection:
      - keep-alive
      Content-Length:
      - '0'
      ParameterSetName:
      - -a -n -g
      User-Agent:
      - python/3.6.8 (Windows-10-10.0.17763-SP0) msrest/0.6.4 msrest_azure/0.6.0 azure-mgmt-media/1.1.1
        Azure-SDK-For-Python AZURECLI/2.0.66
      accept-language:
      - en-US
    method: DELETE
    uri: https://management.azure.com/subscriptions/00000000-0000-0000-0000-000000000000/resourceGroups/clitest.rg000001/providers/Microsoft.Media/mediaservices/ams000003/liveEvents/le000004?api-version=2018-07-01
  response:
    body:
      string: ''
    headers:
      azure-asyncoperation:
      - https://management.azure.com/subscriptions/00000000-0000-0000-0000-000000000000/resourcegroups/clitest.rg000001/providers/Microsoft.Media/mediaservices/ams000003/liveeventoperations/a7a1bf5d-fe29-4ae3-82a5-fc192f40f463?api-version=2018-07-01
      cache-control:
      - no-cache
      content-length:
      - '0'
      date:
      - Thu, 13 Jun 2019 22:52:57 GMT
      expires:
      - '-1'
      location:
      - https://management.azure.com/subscriptions/00000000-0000-0000-0000-000000000000/resourcegroups/clitest.rg000001/providers/Microsoft.Media/mediaservices/ams000003/liveeventoperations/a7a1bf5d-fe29-4ae3-82a5-fc192f40f463?api-version=2018-07-01
      pragma:
      - no-cache
      server:
      - Microsoft-IIS/10.0
      strict-transport-security:
      - max-age=31536000; includeSubDomains
      x-content-type-options:
      - nosniff
      x-ms-ratelimit-remaining-subscription-deletes:
      - '14999'
      x-powered-by:
      - ASP.NET
    status:
      code: 202
      message: Accepted
- request:
    body: null
    headers:
      Accept:
      - application/json
      Accept-Encoding:
      - gzip, deflate
      CommandName:
      - ams live-event delete
      Connection:
      - keep-alive
      ParameterSetName:
      - -a -n -g
      User-Agent:
      - python/3.6.8 (Windows-10-10.0.17763-SP0) msrest/0.6.4 msrest_azure/0.6.0 azure-mgmt-media/1.1.1
        Azure-SDK-For-Python AZURECLI/2.0.66
    method: GET
    uri: https://management.azure.com/subscriptions/00000000-0000-0000-0000-000000000000/resourcegroups/clitest.rg000001/providers/Microsoft.Media/mediaservices/ams000003/liveeventoperations/a7a1bf5d-fe29-4ae3-82a5-fc192f40f463?api-version=2018-07-01
  response:
    body:
      string: "{\r\n  \"name\":\"a7a1bf5d-fe29-4ae3-82a5-fc192f40f463\",\"status\":\"InProgress\",\"error\":{\r\n
        \   \"code\":\"None\",\"message\":null,\"target\":\"cfefbab0-02b5-4603-ace9-ede3f69b34c1\"\r\n
        \ }\r\n}"
    headers:
      azure-asyncoperation:
      - https://management.azure.com/subscriptions/00000000-0000-0000-0000-000000000000/resourcegroups/clitest.rg000001/providers/Microsoft.Media/mediaservices/ams000003/liveeventoperations/a7a1bf5d-fe29-4ae3-82a5-fc192f40f463?api-version=2018-07-01
      cache-control:
      - no-cache
      content-length:
      - '172'
      content-type:
      - application/json; odata.metadata=minimal
      date:
      - Thu, 13 Jun 2019 22:52:59 GMT
      expires:
      - '-1'
      location:
      - https://management.azure.com/subscriptions/00000000-0000-0000-0000-000000000000/resourcegroups/clitest.rg000001/providers/Microsoft.Media/mediaservices/ams000003/liveeventoperations/a7a1bf5d-fe29-4ae3-82a5-fc192f40f463?api-version=2018-07-01
      odata-version:
      - '4.0'
      pragma:
      - no-cache
      server:
      - Microsoft-IIS/10.0
      strict-transport-security:
      - max-age=31536000; includeSubDomains
      transfer-encoding:
      - chunked
      vary:
      - Accept-Encoding
      x-content-type-options:
      - nosniff
      x-powered-by:
      - ASP.NET
    status:
      code: 200
      message: OK
- request:
    body: null
    headers:
      Accept:
      - application/json
      Accept-Encoding:
      - gzip, deflate
      CommandName:
      - ams live-event delete
      Connection:
      - keep-alive
      ParameterSetName:
      - -a -n -g
      User-Agent:
      - python/3.6.8 (Windows-10-10.0.17763-SP0) msrest/0.6.4 msrest_azure/0.6.0 azure-mgmt-media/1.1.1
        Azure-SDK-For-Python AZURECLI/2.0.66
    method: GET
    uri: https://management.azure.com/subscriptions/00000000-0000-0000-0000-000000000000/resourcegroups/clitest.rg000001/providers/Microsoft.Media/mediaservices/ams000003/liveeventoperations/a7a1bf5d-fe29-4ae3-82a5-fc192f40f463?api-version=2018-07-01
  response:
    body:
      string: "{\r\n  \"name\":\"a7a1bf5d-fe29-4ae3-82a5-fc192f40f463\",\"status\":\"Succeeded\",\"error\":{\r\n
        \   \"code\":\"None\",\"message\":null,\"target\":\"cfefbab0-02b5-4603-ace9-ede3f69b34c1\"\r\n
        \ }\r\n}"
    headers:
      azure-asyncoperation:
      - https://management.azure.com/subscriptions/00000000-0000-0000-0000-000000000000/resourcegroups/clitest.rg000001/providers/Microsoft.Media/mediaservices/ams000003/liveeventoperations/a7a1bf5d-fe29-4ae3-82a5-fc192f40f463?api-version=2018-07-01
      cache-control:
      - no-cache
      content-length:
      - '171'
      content-type:
      - application/json; odata.metadata=minimal
      date:
      - Thu, 13 Jun 2019 22:53:02 GMT
      expires:
      - '-1'
      location:
      - https://management.azure.com/subscriptions/00000000-0000-0000-0000-000000000000/resourcegroups/clitest.rg000001/providers/Microsoft.Media/mediaservices/ams000003/liveeventoperations/a7a1bf5d-fe29-4ae3-82a5-fc192f40f463?api-version=2018-07-01
      odata-version:
      - '4.0'
      pragma:
      - no-cache
      server:
      - Microsoft-IIS/10.0
      strict-transport-security:
      - max-age=31536000; includeSubDomains
      transfer-encoding:
      - chunked
      vary:
      - Accept-Encoding
      x-content-type-options:
      - nosniff
      x-powered-by:
      - ASP.NET
    status:
      code: 200
      message: OK
- request:
    body: null
    headers:
      Accept:
      - application/json
      Accept-Encoding:
      - gzip, deflate
      CommandName:
      - group delete
      Connection:
      - keep-alive
      Content-Length:
      - '0'
      ParameterSetName:
      - --name --yes --no-wait
      User-Agent:
      - python/3.6.8 (Windows-10-10.0.17763-SP0) msrest/0.6.4 msrest_azure/0.6.0 resourcemanagementclient/2.1.0
        Azure-SDK-For-Python AZURECLI/2.0.66
      accept-language:
      - en-US
    method: DELETE
    uri: https://management.azure.com/subscriptions/00000000-0000-0000-0000-000000000000/resourcegroups/clitest.rg000001?api-version=2018-05-01
  response:
    body:
      string: ''
    headers:
      cache-control:
      - no-cache
      content-length:
      - '0'
      date:
      - Thu, 13 Jun 2019 22:53:04 GMT
      expires:
      - '-1'
      location:
      - https://management.azure.com/subscriptions/00000000-0000-0000-0000-000000000000/operationresults/eyJqb2JJZCI6IlJFU09VUkNFR1JPVVBERUxFVElPTkpPQi1DTElURVNUOjJFUkdRWjVJNTVXR0I0MlhTV01UWDZLTUsyNEk1VTVVQzJJNElUVXxFRkRCQkMwMDM0QUExNzM3LVdFU1RVUyIsImpvYkxvY2F0aW9uIjoid2VzdHVzIn0?api-version=2018-05-01
      pragma:
      - no-cache
      strict-transport-security:
      - max-age=31536000; includeSubDomains
      x-content-type-options:
      - nosniff
      x-ms-ratelimit-remaining-subscription-deletes:
      - '14998'
    status:
      code: 202
      message: Accepted
version: 1
