interactions:
- request:
    body: '{"location": "japaneast", "properties": {"storageAccounts": [{"id": "/subscriptions/00000000-0000-0000-0000-000000000000/resourceGroups/clitest.rg000001/providers/Microsoft.Storage/storageAccounts/clitest000002",
      "type": "Primary"}], "keyDelivery": {"accessControl": {"defaultAction": "Allow",
      "ipAllowList": []}}, "publicNetworkAccess": "Enabled"}}'
    headers:
      Accept:
      - application/json
      Accept-Encoding:
      - gzip, deflate
      CommandName:
      - ams account create
      Connection:
      - keep-alive
      Content-Length:
      - '349'
      Content-Type:
      - application/json
      ParameterSetName:
      - -n -g --storage-account -l
      User-Agent:
      - AZURECLI/2.35.0 azsdk-python-mgmt-media/9.0.0 Python/3.9.5 (Windows-10-10.0.22000-SP0)
    method: PUT
    uri: https://management.azure.com/subscriptions/00000000-0000-0000-0000-000000000000/resourceGroups/clitest.rg000001/providers/Microsoft.Media/mediaservices/ams000003?api-version=2021-06-01
  response:
    body:
      string: "{\r\n  \"name\":\"ams000003\",\"id\":\"/subscriptions/00000000-0000-0000-0000-000000000000/resourceGroups/clitest.rg000001/providers/Microsoft.Media/mediaservices/ams000003\",\"type\":\"Microsoft.Media/mediaservices\",\"location\":\"Japan
        East\",\"properties\":{\r\n    \"mediaServiceId\":\"1e1f0c98-878f-4f10-a7fd-0888a77c7313\",\"storageAccounts\":[\r\n
        \     {\r\n        \"id\":\"/subscriptions/00000000-0000-0000-0000-000000000000/resourceGroups/clitest.rg000001/providers/Microsoft.Storage/storageAccounts/clitest000002\",\"type\":\"Primary\"\r\n
        \     }\r\n    ],\"storageAuthentication\":\"System\",\"encryption\":{\r\n
        \     \"type\":\"SystemKey\"\r\n    },\"keyDelivery\":{\r\n      \"accessControl\":{\r\n
        \       \"defaultAction\":\"Allow\",\"ipAllowList\":[\r\n          \r\n        ]\r\n
        \     }\r\n    },\"publicNetworkAccess\":\"Enabled\"\r\n  },\"systemData\":{\r\n
        \   \"createdBy\":\"hivyas@microsoft.com\",\"createdByType\":\"User\",\"createdAt\":\"2022-04-14T17:53:26.5623978Z\",\"lastModifiedBy\":\"hivyas@microsoft.com\",\"lastModifiedByType\":\"User\",\"lastModifiedAt\":\"2022-04-14T17:53:26.5623978Z\"\r\n
        \ }\r\n}"
    headers:
      cache-control:
      - no-cache
      content-length:
      - '1015'
      content-type:
      - application/json; odata.metadata=minimal
      date:
      - Thu, 14 Apr 2022 17:53:28 GMT
      expires:
      - '-1'
      odata-version:
      - '4.0'
      pragma:
      - no-cache
      server:
      - Microsoft-HTTPAPI/2.0
      strict-transport-security:
      - max-age=31536000; includeSubDomains
      x-content-type-options:
      - nosniff
      x-ms-ratelimit-remaining-subscription-writes:
      - '1199'
    status:
      code: 201
      message: Created
- request:
    body: null
    headers:
      Accept:
      - application/json
      Accept-Encoding:
      - gzip, deflate
      CommandName:
      - ams account storage add
      Connection:
      - keep-alive
      ParameterSetName:
      - -a -g -n
      User-Agent:
      - AZURECLI/2.35.0 azsdk-python-mgmt-media/9.0.0 Python/3.9.5 (Windows-10-10.0.22000-SP0)
    method: GET
    uri: https://management.azure.com/subscriptions/00000000-0000-0000-0000-000000000000/resourceGroups/clitest.rg000001/providers/Microsoft.Media/mediaservices/ams000003?api-version=2021-06-01
  response:
    body:
      string: "{\r\n  \"name\":\"ams000003\",\"id\":\"/subscriptions/00000000-0000-0000-0000-000000000000/resourceGroups/clitest.rg000001/providers/Microsoft.Media/mediaservices/ams000003\",\"type\":\"Microsoft.Media/mediaservices\",\"location\":\"Japan
        East\",\"properties\":{\r\n    \"mediaServiceId\":\"1e1f0c98-878f-4f10-a7fd-0888a77c7313\",\"storageAccounts\":[\r\n
        \     {\r\n        \"id\":\"/subscriptions/00000000-0000-0000-0000-000000000000/resourceGroups/clitest.rg000001/providers/Microsoft.Storage/storageAccounts/clitest000002\",\"type\":\"Primary\"\r\n
        \     }\r\n    ],\"storageAuthentication\":\"System\",\"encryption\":{\r\n
        \     \"type\":\"SystemKey\"\r\n    },\"keyDelivery\":{\r\n      \"accessControl\":{\r\n
        \       \"defaultAction\":\"Allow\",\"ipAllowList\":[\r\n          \r\n        ]\r\n
        \     }\r\n    },\"publicNetworkAccess\":\"Enabled\"\r\n  },\"systemData\":{\r\n
        \   \"createdBy\":\"hivyas@microsoft.com\",\"createdByType\":\"User\",\"createdAt\":\"2022-04-14T17:53:26.5623978Z\",\"lastModifiedBy\":\"hivyas@microsoft.com\",\"lastModifiedByType\":\"User\",\"lastModifiedAt\":\"2022-04-14T17:53:26.5623978Z\"\r\n
        \ }\r\n}"
    headers:
      cache-control:
      - no-cache
      content-length:
      - '1015'
      content-type:
      - application/json; odata.metadata=minimal
      date:
      - Thu, 14 Apr 2022 17:53:30 GMT
      expires:
      - '-1'
      odata-version:
      - '4.0'
      pragma:
      - no-cache
      server:
      - Microsoft-HTTPAPI/2.0
      strict-transport-security:
      - max-age=31536000; includeSubDomains
      transfer-encoding:
      - chunked
      vary:
      - Accept-Encoding
      x-content-type-options:
      - nosniff
    status:
      code: 200
      message: OK
- request:
    body: '{"location": "Japan East", "properties": {"storageAccounts": [{"id": "/subscriptions/00000000-0000-0000-0000-000000000000/resourceGroups/clitest.rg000001/providers/Microsoft.Storage/storageAccounts/clitest000002",
      "type": "Primary"}], "storageAuthentication": "System", "encryption": {"type":
      "SystemKey"}, "keyDelivery": {"accessControl": {"defaultAction": "Allow", "ipAllowList":
      []}}, "publicNetworkAccess": "Enabled"}}'
    headers:
      Accept:
      - application/json
      Accept-Encoding:
      - gzip, deflate
      CommandName:
      - ams account storage add
      Connection:
      - keep-alive
      Content-Length:
      - '422'
      Content-Type:
      - application/json
      ParameterSetName:
      - -a -g -n
      User-Agent:
      - AZURECLI/2.35.0 azsdk-python-mgmt-media/9.0.0 Python/3.9.5 (Windows-10-10.0.22000-SP0)
    method: PUT
    uri: https://management.azure.com/subscriptions/00000000-0000-0000-0000-000000000000/resourceGroups/clitest.rg000001/providers/Microsoft.Media/mediaservices/ams000003?api-version=2021-06-01
  response:
    body:
      string: "{\r\n  \"name\":\"ams000003\",\"id\":\"/subscriptions/00000000-0000-0000-0000-000000000000/resourceGroups/clitest.rg000001/providers/Microsoft.Media/mediaservices/ams000003\",\"type\":\"Microsoft.Media/mediaservices\",\"location\":\"Japan
        East\",\"properties\":{\r\n    \"mediaServiceId\":\"1e1f0c98-878f-4f10-a7fd-0888a77c7313\",\"storageAccounts\":[\r\n
        \     {\r\n        \"id\":\"/subscriptions/00000000-0000-0000-0000-000000000000/resourceGroups/clitest.rg000001/providers/Microsoft.Storage/storageAccounts/clitest000002\",\"type\":\"Primary\"\r\n
        \     }\r\n    ],\"storageAuthentication\":\"System\",\"encryption\":{\r\n
        \     \"type\":\"SystemKey\"\r\n    },\"keyDelivery\":{\r\n      \"accessControl\":{\r\n
        \       \"defaultAction\":\"Allow\",\"ipAllowList\":[\r\n          \r\n        ]\r\n
        \     }\r\n    },\"publicNetworkAccess\":\"Enabled\"\r\n  },\"systemData\":{\r\n
        \   \"createdBy\":\"hivyas@microsoft.com\",\"createdByType\":\"User\",\"createdAt\":\"2022-04-14T17:53:26.5623978Z\",\"lastModifiedBy\":\"hivyas@microsoft.com\",\"lastModifiedByType\":\"User\",\"lastModifiedAt\":\"2022-04-14T17:53:31.4673319Z\"\r\n
        \ }\r\n}"
    headers:
      cache-control:
      - no-cache
      content-length:
      - '1015'
      content-type:
      - application/json; odata.metadata=minimal
      date:
      - Thu, 14 Apr 2022 17:53:32 GMT
      expires:
      - '-1'
      odata-version:
      - '4.0'
      pragma:
      - no-cache
      server:
      - Microsoft-HTTPAPI/2.0
      strict-transport-security:
      - max-age=31536000; includeSubDomains
      transfer-encoding:
      - chunked
      vary:
      - Accept-Encoding
      x-content-type-options:
      - nosniff
      x-ms-ratelimit-remaining-subscription-writes:
      - '1199'
    status:
      code: 200
      message: OK
- request:
    body: '{"properties": {"alternateId": "aid000006", "description": "desc000007",
      "container": "cont000004", "storageAccountName": "clitest000002"}}'
    headers:
      Accept:
      - application/json
      Accept-Encoding:
      - gzip, deflate
      CommandName:
      - ams asset create
      Connection:
      - keep-alive
      Content-Length:
      - '139'
      Content-Type:
      - application/json
      ParameterSetName:
      - -a -n -g --description --alternate-id --storage-account --container
      User-Agent:
      - AZURECLI/2.35.0 azsdk-python-mgmt-media/9.0.0 Python/3.9.5 (Windows-10-10.0.22000-SP0)
    method: PUT
    uri: https://management.azure.com/subscriptions/00000000-0000-0000-0000-000000000000/resourceGroups/clitest.rg000001/providers/Microsoft.Media/mediaServices/ams000003/assets/asset000005?api-version=2021-11-01
  response:
    body:
      string: "{\r\n  \"name\":\"asset000005\",\"id\":\"/subscriptions/00000000-0000-0000-0000-000000000000/resourceGroups/clitest.rg000001/providers/Microsoft.Media/mediaservices/ams000003/assets/asset000005\",\"type\":\"Microsoft.Media/mediaservices/assets\",\"properties\":{\r\n
        \   \"assetId\":\"32293821-c030-4c39-8d2d-0f361dad818b\",\"created\":\"2022-04-14T17:53:33.857Z\",\"lastModified\":\"2022-04-14T17:53:33.857Z\",\"alternateId\":\"aid000006\",\"description\":\"desc000007\",\"container\":\"cont000004\",\"storageAccountName\":\"clitest000002\",\"storageEncryptionFormat\":\"None\"\r\n
        \ },\"systemData\":{\r\n    \"createdBy\":\"hivyas@microsoft.com\",\"createdByType\":\"User\",\"createdAt\":\"2022-04-14T17:53:33.1137766Z\",\"lastModifiedBy\":\"hivyas@microsoft.com\",\"lastModifiedByType\":\"User\",\"lastModifiedAt\":\"2022-04-14T17:53:33.1137766Z\"\r\n
        \ }\r\n}"
    headers:
      cache-control:
      - no-cache
      content-length:
      - '777'
      content-type:
      - application/json; odata.metadata=minimal
      date:
      - Thu, 14 Apr 2022 17:53:33 GMT
      expires:
      - '-1'
      odata-version:
      - '4.0'
      pragma:
      - no-cache
      server:
      - Microsoft-HTTPAPI/2.0
      strict-transport-security:
      - max-age=31536000; includeSubDomains
      x-content-type-options:
      - nosniff
      x-ms-ratelimit-remaining-subscription-resource-requests:
      - '11999'
    status:
      code: 201
      message: Created
- request:
    body: '{"properties": {"presentationTimeRange": {"startTimestamp": 40000000, "endTimestamp":
      100000000, "presentationWindowDuration": 1200000000, "liveBackoffDuration":
      60, "timescale": 10000000, "forceEndTimestamp": false}, "firstQuality": {"bitrate":
      420}, "tracks": [{"trackSelections": [{"property": "FourCC", "value": "AVC1",
      "operation": "Equal"}]}, {"trackSelections": [{"property": "Unknown", "value":
      "EC-3", "operation": "NotEqual"}, {"property": "FourCC", "value": "MP4A", "operation":
      "Equal"}]}]}}'
    headers:
      Accept:
      - application/json
      Accept-Encoding:
      - gzip, deflate
      CommandName:
      - ams asset-filter create
      Connection:
      - keep-alive
      Content-Length:
      - '503'
      Content-Type:
      - application/json
      ParameterSetName:
      - -a --asset-name -g -n --first-quality --end-timestamp --live-backoff-duration
        --presentation-window-duration --start-timestamp --timescale --tracks
      User-Agent:
      - AZURECLI/2.35.0 azsdk-python-mgmt-media/9.0.0 Python/3.9.5 (Windows-10-10.0.22000-SP0)
    method: PUT
    uri: https://management.azure.com/subscriptions/00000000-0000-0000-0000-000000000000/resourceGroups/clitest.rg000001/providers/Microsoft.Media/mediaServices/ams000003/assets/asset000005/assetFilters/filter000008?api-version=2021-11-01
  response:
    body:
      string: "{\r\n  \"name\":\"filter000008\",\"id\":\"/subscriptions/00000000-0000-0000-0000-000000000000/resourceGroups/clitest.rg000001/providers/Microsoft.Media/mediaservices/ams000003/assets/asset000005/assetFilters/filter000008\",\"type\":\"Microsoft.Media/mediaservices/assets/assetFilters\",\"properties\":{\r\n
        \   \"presentationTimeRange\":{\r\n      \"startTimestamp\":40000000,\"endTimestamp\":100000000,\"presentationWindowDuration\":1200000000,\"liveBackoffDuration\":60,\"timescale\":10000000,\"forceEndTimestamp\":false\r\n
        \   },\"firstQuality\":{\r\n      \"bitrate\":420\r\n    },\"tracks\":[\r\n
        \     {\r\n        \"trackSelections\":[\r\n          {\r\n            \"property\":\"FourCC\",\"value\":\"AVC1\",\"operation\":\"Equal\"\r\n
        \         }\r\n        ]\r\n      },{\r\n        \"trackSelections\":[\r\n
        \         {\r\n            \"property\":\"Unknown\",\"value\":\"EC-3\",\"operation\":\"NotEqual\"\r\n
        \         },{\r\n            \"property\":\"FourCC\",\"value\":\"MP4A\",\"operation\":\"Equal\"\r\n
        \         }\r\n        ]\r\n      }\r\n    ]\r\n  },\"systemData\":{\r\n    \"createdBy\":\"hivyas@microsoft.com\",\"createdByType\":\"User\",\"createdAt\":\"2022-04-14T17:53:34.9014139Z\",\"lastModifiedBy\":\"hivyas@microsoft.com\",\"lastModifiedByType\":\"User\",\"lastModifiedAt\":\"2022-04-14T17:53:34.9014139Z\"\r\n
        \ }\r\n}"
    headers:
      cache-control:
      - no-cache
      content-length:
      - '1191'
      content-type:
      - application/json; odata.metadata=minimal
      date:
      - Thu, 14 Apr 2022 17:53:36 GMT
      expires:
      - '-1'
      odata-version:
      - '4.0'
      pragma:
      - no-cache
      server:
      - Microsoft-HTTPAPI/2.0
      strict-transport-security:
      - max-age=31536000; includeSubDomains
      x-content-type-options:
      - nosniff
      x-ms-ratelimit-remaining-subscription-writes:
      - '1199'
    status:
      code: 201
      message: Created
- request:
    body: null
    headers:
      Accept:
      - application/json
      Accept-Encoding:
      - gzip, deflate
      CommandName:
      - ams asset-filter update
      Connection:
      - keep-alive
      ParameterSetName:
      - -a --asset-name -g -n --bitrate --start-timestamp --end-timestamp --set
      User-Agent:
      - AZURECLI/2.35.0 azsdk-python-mgmt-media/9.0.0 Python/3.9.5 (Windows-10-10.0.22000-SP0)
    method: GET
    uri: https://management.azure.com/subscriptions/00000000-0000-0000-0000-000000000000/resourceGroups/clitest.rg000001/providers/Microsoft.Media/mediaServices/ams000003/assets/asset000005/assetFilters/filter000008?api-version=2021-11-01
  response:
    body:
      string: "{\r\n  \"name\":\"filter000008\",\"id\":\"/subscriptions/00000000-0000-0000-0000-000000000000/resourceGroups/clitest.rg000001/providers/Microsoft.Media/mediaservices/ams000003/assets/asset000005/assetFilters/filter000008\",\"type\":\"Microsoft.Media/mediaservices/assets/assetFilters\",\"properties\":{\r\n
        \   \"presentationTimeRange\":{\r\n      \"startTimestamp\":40000000,\"endTimestamp\":100000000,\"presentationWindowDuration\":1200000000,\"liveBackoffDuration\":60,\"timescale\":10000000,\"forceEndTimestamp\":false\r\n
        \   },\"firstQuality\":{\r\n      \"bitrate\":420\r\n    },\"tracks\":[\r\n
        \     {\r\n        \"trackSelections\":[\r\n          {\r\n            \"property\":\"FourCC\",\"value\":\"AVC1\",\"operation\":\"Equal\"\r\n
        \         }\r\n        ]\r\n      },{\r\n        \"trackSelections\":[\r\n
        \         {\r\n            \"property\":\"Unknown\",\"value\":\"EC-3\",\"operation\":\"NotEqual\"\r\n
        \         },{\r\n            \"property\":\"FourCC\",\"value\":\"MP4A\",\"operation\":\"Equal\"\r\n
        \         }\r\n        ]\r\n      }\r\n    ]\r\n  },\"systemData\":{\r\n    \"createdBy\":\"hivyas@microsoft.com\",\"createdByType\":\"User\",\"createdAt\":\"2022-04-14T17:53:34.9014139Z\",\"lastModifiedBy\":\"hivyas@microsoft.com\",\"lastModifiedByType\":\"User\",\"lastModifiedAt\":\"2022-04-14T17:53:34.9014139Z\"\r\n
        \ }\r\n}"
    headers:
      cache-control:
      - no-cache
      content-length:
      - '1191'
      content-type:
      - application/json; odata.metadata=minimal
      date:
      - Thu, 14 Apr 2022 17:53:38 GMT
      expires:
      - '-1'
      odata-version:
      - '4.0'
      pragma:
      - no-cache
      server:
      - Microsoft-HTTPAPI/2.0
      strict-transport-security:
      - max-age=31536000; includeSubDomains
      transfer-encoding:
      - chunked
      vary:
      - Accept-Encoding
      x-content-type-options:
      - nosniff
    status:
      code: 200
      message: OK
- request:
    body: '{"properties": {"presentationTimeRange": {"startTimestamp": 40000001, "endTimestamp":
      100000001, "presentationWindowDuration": 1200000000, "liveBackoffDuration":
      60, "timescale": 10000000, "forceEndTimestamp": false}, "firstQuality": {"bitrate":
      1000}, "tracks": [{"trackSelections": [{"property": "FourCC", "value": "AVC1",
      "operation": "Equal"}]}, {"trackSelections": [{"property": "FourCC", "value":
      "EC-3", "operation": "Equal"}, {"property": "FourCC", "value": "MP4A", "operation":
      "Equal"}]}]}}'
    headers:
      Accept:
      - application/json
      Accept-Encoding:
      - gzip, deflate
      CommandName:
      - ams asset-filter update
      Connection:
      - keep-alive
      Content-Length:
      - '500'
      Content-Type:
      - application/json
      ParameterSetName:
      - -a --asset-name -g -n --bitrate --start-timestamp --end-timestamp --set
      User-Agent:
      - AZURECLI/2.35.0 azsdk-python-mgmt-media/9.0.0 Python/3.9.5 (Windows-10-10.0.22000-SP0)
    method: PUT
    uri: https://management.azure.com/subscriptions/00000000-0000-0000-0000-000000000000/resourceGroups/clitest.rg000001/providers/Microsoft.Media/mediaServices/ams000003/assets/asset000005/assetFilters/filter000008?api-version=2021-11-01
  response:
    body:
      string: "{\r\n  \"name\":\"filter000008\",\"id\":\"/subscriptions/00000000-0000-0000-0000-000000000000/resourceGroups/clitest.rg000001/providers/Microsoft.Media/mediaservices/ams000003/assets/asset000005/assetFilters/filter000008\",\"type\":\"Microsoft.Media/mediaservices/assets/assetFilters\",\"properties\":{\r\n
        \   \"presentationTimeRange\":{\r\n      \"startTimestamp\":40000001,\"endTimestamp\":100000001,\"presentationWindowDuration\":1200000000,\"liveBackoffDuration\":60,\"timescale\":10000000,\"forceEndTimestamp\":false\r\n
        \   },\"firstQuality\":{\r\n      \"bitrate\":1000\r\n    },\"tracks\":[\r\n
        \     {\r\n        \"trackSelections\":[\r\n          {\r\n            \"property\":\"FourCC\",\"value\":\"AVC1\",\"operation\":\"Equal\"\r\n
        \         }\r\n        ]\r\n      },{\r\n        \"trackSelections\":[\r\n
        \         {\r\n            \"property\":\"FourCC\",\"value\":\"EC-3\",\"operation\":\"Equal\"\r\n
        \         },{\r\n            \"property\":\"FourCC\",\"value\":\"MP4A\",\"operation\":\"Equal\"\r\n
        \         }\r\n        ]\r\n      }\r\n    ]\r\n  },\"systemData\":{\r\n    \"createdBy\":\"hivyas@microsoft.com\",\"createdByType\":\"User\",\"createdAt\":\"2022-04-14T17:53:34.9014139Z\",\"lastModifiedBy\":\"hivyas@microsoft.com\",\"lastModifiedByType\":\"User\",\"lastModifiedAt\":\"2022-04-14T17:53:39.5415317Z\"\r\n
        \ }\r\n}"
    headers:
      cache-control:
      - no-cache
      content-length:
      - '1188'
      content-type:
      - application/json; odata.metadata=minimal
      date:
      - Thu, 14 Apr 2022 17:53:41 GMT
      expires:
      - '-1'
      odata-version:
      - '4.0'
      pragma:
      - no-cache
      server:
      - Microsoft-HTTPAPI/2.0
      strict-transport-security:
      - max-age=31536000; includeSubDomains
      transfer-encoding:
      - chunked
      vary:
      - Accept-Encoding
      x-content-type-options:
      - nosniff
      x-ms-ratelimit-remaining-subscription-writes:
      - '1198'
    status:
      code: 200
      message: OK
version: 1
