interactions:
- request:
    body: '{"location": "brazilsouth", "identity": {"type": "None"}, "properties":
      {"storageAccounts": [{"id": "/subscriptions/00000000-0000-0000-0000-000000000000/resourceGroups/clitest.rg000001/providers/Microsoft.Storage/storageAccounts/clitest000002",
      "type": "Primary"}]}}'
    headers:
      Accept:
      - application/json
      Accept-Encoding:
      - gzip, deflate
      CommandName:
      - ams account create
      Connection:
      - keep-alive
      Content-Length:
      - '336'
      Content-Type:
      - application/json
      ParameterSetName:
      - -n -g --storage-account -l
      User-Agent:
      - AZURECLI/2.24.2 (MSI) azsdk-python-mgmt-media/7.0.0 Python/3.8.2 (Windows-10-10.0.19041-SP0)
    method: PUT
    uri: https://management.azure.com/subscriptions/00000000-0000-0000-0000-000000000000/resourceGroups/clitest.rg000001/providers/Microsoft.Media/mediaservices/ams000003?api-version=2021-05-01
  response:
    body:
      string: "{\r\n  \"name\":\"ams000003\",\"id\":\"/subscriptions/00000000-0000-0000-0000-000000000000/resourceGroups/clitest.rg000001/providers/Microsoft.Media/mediaservices/ams000003\",\"type\":\"Microsoft.Media/mediaservices\",\"location\":\"Brazil
        South\",\"properties\":{\r\n    \"mediaServiceId\":\"72e1b1b5-701b-48b0-ac94-50f7fcda22ae\",\"storageAccounts\":[\r\n
        \     {\r\n        \"id\":\"/subscriptions/00000000-0000-0000-0000-000000000000/resourceGroups/clitest.rg000001/providers/Microsoft.Storage/storageAccounts/clitest000002\",\"type\":\"Primary\"\r\n
        \     }\r\n    ],\"storageAuthentication\":\"System\",\"encryption\":{\r\n
        \     \"type\":\"SystemKey\"\r\n    },\"keyDelivery\":{\r\n      \"accessControl\":{\r\n
        \       \"defaultAction\":\"Allow\",\"ipAllowList\":[\r\n          \r\n        ]\r\n
        \     }\r\n    }\r\n  },\"systemData\":{\r\n    \"createdBy\":\"phcooper@microsoft.com\",\"createdByType\":\"User\",\"createdAt\":\"2021-07-30T19:23:14.7542325Z\",\"lastModifiedBy\":\"phcooper@microsoft.com\",\"lastModifiedByType\":\"User\",\"lastModifiedAt\":\"2021-07-30T19:23:14.7542325Z\"\r\n
        \ },\"identity\":{\r\n    \"type\":\"None\"\r\n  }\r\n}"
    headers:
      cache-control:
      - no-cache
      content-length:
      - '1161'
      content-type:
      - application/json; odata.metadata=minimal
      date:
      - Fri, 30 Jul 2021 19:23:19 GMT
      expires:
      - '-1'
      odata-version:
      - '4.0'
      pragma:
      - no-cache
      server:
      - Microsoft-HTTPAPI/2.0
      strict-transport-security:
      - max-age=31536000; includeSubDomains
      x-content-type-options:
      - nosniff
      x-ms-ratelimit-remaining-subscription-writes:
      - '1197'
    status:
      code: 201
      message: Created
- request:
    body: '{}'
    headers:
      Accept:
      - application/json
      Accept-Encoding:
      - gzip, deflate
      CommandName:
      - ams asset create
      Connection:
      - keep-alive
      Content-Length:
      - '2'
      Content-Type:
      - application/json
      ParameterSetName:
      - -a -n -g
      User-Agent:
      - AZURECLI/2.24.2 (MSI) azsdk-python-mgmt-media/7.0.0 Python/3.8.2 (Windows-10-10.0.19041-SP0)
    method: PUT
    uri: https://management.azure.com/subscriptions/00000000-0000-0000-0000-000000000000/resourceGroups/clitest.rg000001/providers/Microsoft.Media/mediaServices/ams000003/assets/asset000004?api-version=2020-05-01
  response:
    body:
      string: "{\r\n  \"name\":\"asset000004\",\"id\":\"/subscriptions/00000000-0000-0000-0000-000000000000/resourceGroups/clitest.rg000001/providers/Microsoft.Media/mediaservices/ams000003/assets/asset000004\",\"type\":\"Microsoft.Media/mediaservices/assets\",\"properties\":{\r\n
        \   \"assetId\":\"cda81a47-d5dd-40db-b0d8-2a40f922cef8\",\"created\":\"2021-07-30T19:23:21.153Z\",\"lastModified\":\"2021-07-30T19:23:21.153Z\",\"storageAccountName\":\"clitest000002\",\"storageEncryptionFormat\":\"None\"\r\n
        \ }\r\n}"
    headers:
      cache-control:
      - no-cache
      content-length:
      - '532'
      content-type:
      - application/json; odata.metadata=minimal
      date:
      - Fri, 30 Jul 2021 19:23:22 GMT
      expires:
      - '-1'
      odata-version:
      - '4.0'
      pragma:
      - no-cache
      server:
      - Microsoft-HTTPAPI/2.0
      strict-transport-security:
      - max-age=31536000; includeSubDomains
      x-content-type-options:
      - nosniff
      x-ms-ratelimit-remaining-subscription-resource-requests:
      - '11998'
    status:
      code: 201
      message: Created
- request:
    body: '{"properties": {"noEncryption": {"enabledProtocols": {"download": true,
      "dash": false, "hls": false, "smoothStreaming": false}}}}'
    headers:
      Accept:
      - application/json
      Accept-Encoding:
      - gzip, deflate
      CommandName:
      - ams streaming-policy create
      Connection:
      - keep-alive
      Content-Length:
      - '129'
      Content-Type:
      - application/json
      ParameterSetName:
      - -a -n -g --no-encryption-protocols
      User-Agent:
      - AZURECLI/2.24.2 (MSI) azsdk-python-mgmt-media/7.0.0 Python/3.8.2 (Windows-10-10.0.19041-SP0)
    method: PUT
    uri: https://management.azure.com/subscriptions/00000000-0000-0000-0000-000000000000/resourceGroups/clitest.rg000001/providers/Microsoft.Media/mediaServices/ams000003/streamingPolicies/spn000005?api-version=2020-05-01
  response:
    body:
      string: "{\r\n  \"name\":\"spn000005\",\"id\":\"/subscriptions/00000000-0000-0000-0000-000000000000/resourceGroups/clitest.rg000001/providers/Microsoft.Media/mediaservices/ams000003/streamingPolicies/spn000005\",\"type\":\"Microsoft.Media/mediaservices/streamingPolicies\",\"properties\":{\r\n
        \   \"created\":\"2021-07-30T19:23:23.8028179Z\",\"noEncryption\":{\r\n      \"enabledProtocols\":{\r\n
        \       \"download\":true,\"dash\":false,\"hls\":false,\"smoothStreaming\":false\r\n
        \     }\r\n    }\r\n  }\r\n}"
    headers:
      cache-control:
      - no-cache
      content-length:
      - '517'
      content-type:
      - application/json; odata.metadata=minimal
      date:
      - Fri, 30 Jul 2021 19:23:23 GMT
      expires:
      - '-1'
      odata-version:
      - '4.0'
      pragma:
      - no-cache
      server:
      - Microsoft-HTTPAPI/2.0
      strict-transport-security:
      - max-age=31536000; includeSubDomains
      x-content-type-options:
      - nosniff
      x-ms-ratelimit-remaining-subscription-writes:
      - '1197'
    status:
      code: 201
      message: Created
- request:
    body: '{"properties": {"assetName": "asset000004", "startTime": "2018-03-29T10:00:00.000Z",
      "endTime": "2018-03-29T12:00:00.000Z", "streamingLocatorId": "88888888-0000-0000-0000-000000000001",
      "streamingPolicyName": "spn000005", "alternativeMediaId": "88888888-0000-0000-0000-000000000002"}}'
    headers:
      Accept:
      - application/json
      Accept-Encoding:
      - gzip, deflate
      CommandName:
      - ams streaming-locator create
      Connection:
      - keep-alive
      Content-Length:
      - '286'
      Content-Type:
      - application/json
      ParameterSetName:
      - -n -a -g --streaming-policy-name --asset-name --start-time --end-time --streaming-locator-id
        --alternative-media-id
      User-Agent:
      - AZURECLI/2.24.2 (MSI) azsdk-python-mgmt-media/7.0.0 Python/3.8.2 (Windows-10-10.0.19041-SP0)
    method: PUT
    uri: https://management.azure.com/subscriptions/00000000-0000-0000-0000-000000000000/resourceGroups/clitest.rg000001/providers/Microsoft.Media/mediaServices/ams000003/streamingLocators/sln000006?api-version=2020-05-01
  response:
    body:
      string: "{\r\n  \"name\":\"sln000006\",\"id\":\"/subscriptions/00000000-0000-0000-0000-000000000000/resourceGroups/clitest.rg000001/providers/Microsoft.Media/mediaservices/ams000003/streamingLocators/sln000006\",\"type\":\"Microsoft.Media/mediaservices/streamingLocators\",\"properties\":{\r\n
        \   \"assetName\":\"asset000004\",\"created\":\"2021-07-30T19:23:24.9168549Z\",\"startTime\":\"2018-03-29T10:00:00Z\",\"endTime\":\"2018-03-29T12:00:00Z\",\"streamingLocatorId\":\"88888888-0000-0000-0000-000000000001\",\"streamingPolicyName\":\"spn000005\",\"contentKeys\":[\r\n
        \     \r\n    ],\"alternativeMediaId\":\"88888888-0000-0000-0000-000000000002\",\"filters\":[\r\n
        \     \r\n    ]\r\n  }\r\n}"
    headers:
      cache-control:
      - no-cache
      content-length:
      - '690'
      content-type:
      - application/json; odata.metadata=minimal
      date:
      - Fri, 30 Jul 2021 19:23:24 GMT
      expires:
      - '-1'
      odata-version:
      - '4.0'
      pragma:
      - no-cache
      server:
      - Microsoft-HTTPAPI/2.0
      strict-transport-security:
      - max-age=31536000; includeSubDomains
      x-content-type-options:
      - nosniff
      x-ms-ratelimit-remaining-subscription-resource-requests:
      - '11999'
    status:
      code: 201
      message: Created
- request:
    body: null
    headers:
      Accept:
      - application/json
      Accept-Encoding:
      - gzip, deflate
      CommandName:
      - ams streaming-locator show
      Connection:
      - keep-alive
      ParameterSetName:
      - -a -n -g
      User-Agent:
      - AZURECLI/2.24.2 (MSI) azsdk-python-mgmt-media/7.0.0 Python/3.8.2 (Windows-10-10.0.19041-SP0)
    method: GET
    uri: https://management.azure.com/subscriptions/00000000-0000-0000-0000-000000000000/resourceGroups/clitest.rg000001/providers/Microsoft.Media/mediaServices/ams000003/streamingLocators/sln000006?api-version=2020-05-01
  response:
    body:
      string: "{\r\n  \"name\":\"sln000006\",\"id\":\"/subscriptions/00000000-0000-0000-0000-000000000000/resourceGroups/clitest.rg000001/providers/Microsoft.Media/mediaservices/ams000003/streamingLocators/sln000006\",\"type\":\"Microsoft.Media/mediaservices/streamingLocators\",\"properties\":{\r\n
        \   \"assetName\":\"asset000004\",\"created\":\"2021-07-30T19:23:24.917Z\",\"startTime\":\"2018-03-29T10:00:00Z\",\"endTime\":\"2018-03-29T12:00:00Z\",\"streamingLocatorId\":\"88888888-0000-0000-0000-000000000001\",\"streamingPolicyName\":\"spn000005\",\"contentKeys\":[\r\n
        \     \r\n    ],\"alternativeMediaId\":\"88888888-0000-0000-0000-000000000002\",\"filters\":[\r\n
        \     \r\n    ]\r\n  }\r\n}"
    headers:
      cache-control:
      - no-cache
      content-length:
      - '686'
      content-type:
      - application/json; odata.metadata=minimal
      date:
      - Fri, 30 Jul 2021 19:23:25 GMT
      expires:
      - '-1'
      odata-version:
      - '4.0'
      pragma:
      - no-cache
      server:
      - Microsoft-HTTPAPI/2.0
      strict-transport-security:
      - max-age=31536000; includeSubDomains
      transfer-encoding:
      - chunked
      vary:
      - Accept-Encoding
      x-content-type-options:
      - nosniff
    status:
      code: 200
      message: OK
- request:
    body: null
    headers:
      Accept:
      - application/json
      Accept-Encoding:
      - gzip, deflate
      CommandName:
      - ams streaming-locator show
      Connection:
      - keep-alive
      ParameterSetName:
      - -a -n -g
      User-Agent:
      - AZURECLI/2.24.2 (MSI) azsdk-python-mgmt-media/7.0.0 Python/3.8.2 (Windows-10-10.0.19041-SP0)
    method: GET
    uri: https://management.azure.com/subscriptions/00000000-0000-0000-0000-000000000000/resourceGroups/clitest.rg000001/providers/Microsoft.Media/mediaServices/ams000003/streamingLocators/sl000007?api-version=2020-05-01
  response:
    body:
      string: "{\r\n  \"error\": {\r\n    \"code\": \"NotFound\",\r\n    \"message\":
        \"The requested resource was not found.\"\r\n  }\r\n}"
    headers:
      cache-control:
      - no-cache
      content-language:
      - en-US
      content-length:
      - '104'
      content-type:
      - application/json; charset=utf-8
      date:
      - Fri, 30 Jul 2021 19:23:26 GMT
      expires:
      - '-1'
      pragma:
      - no-cache
      server:
      - Microsoft-HTTPAPI/2.0
      strict-transport-security:
      - max-age=31536000; includeSubDomains
      x-content-type-options:
      - nosniff
    status:
      code: 404
      message: Not Found
- request:
    body: null
    headers:
      Accept:
      - application/json
      Accept-Encoding:
      - gzip, deflate
      CommandName:
      - ams streaming-locator list
      Connection:
      - keep-alive
      ParameterSetName:
      - -a -g
      User-Agent:
      - AZURECLI/2.24.2 (MSI) azsdk-python-mgmt-media/7.0.0 Python/3.8.2 (Windows-10-10.0.19041-SP0)
    method: GET
    uri: https://management.azure.com/subscriptions/00000000-0000-0000-0000-000000000000/resourceGroups/clitest.rg000001/providers/Microsoft.Media/mediaServices/ams000003/streamingLocators?api-version=2020-05-01
  response:
    body:
      string: "{\r\n  \"value\":[\r\n    {\r\n      \"name\":\"sln000006\",\"id\":\"/subscriptions/00000000-0000-0000-0000-000000000000/resourceGroups/clitest.rg000001/providers/Microsoft.Media/mediaservices/ams000003/streamingLocators/sln000006\",\"type\":\"Microsoft.Media/mediaservices/streamingLocators\",\"properties\":{\r\n
        \       \"assetName\":\"asset000004\",\"created\":\"2021-07-30T19:23:24.917Z\",\"startTime\":\"2018-03-29T10:00:00Z\",\"endTime\":\"2018-03-29T12:00:00Z\",\"streamingLocatorId\":\"88888888-0000-0000-0000-000000000001\",\"streamingPolicyName\":\"spn000005\",\"contentKeys\":[\r\n
        \         \r\n        ],\"alternativeMediaId\":\"88888888-0000-0000-0000-000000000002\",\"filters\":[\r\n
        \         \r\n        ]\r\n      }\r\n    }\r\n  ]\r\n}"
    headers:
      cache-control:
      - no-cache
      content-length:
      - '746'
      content-type:
      - application/json; odata.metadata=minimal
      date:
      - Fri, 30 Jul 2021 19:23:28 GMT
      expires:
      - '-1'
      odata-version:
      - '4.0'
      pragma:
      - no-cache
      server:
      - Microsoft-HTTPAPI/2.0
      strict-transport-security:
      - max-age=31536000; includeSubDomains
      transfer-encoding:
      - chunked
      vary:
      - Accept-Encoding
      x-content-type-options:
      - nosniff
    status:
      code: 200
      message: OK
- request:
    body: null
    headers:
      Accept:
      - application/json
      Accept-Encoding:
      - gzip, deflate
      CommandName:
      - ams streaming-locator get-paths
      Connection:
      - keep-alive
      Content-Length:
      - '0'
      ParameterSetName:
      - -a -n -g
      User-Agent:
      - AZURECLI/2.24.2 (MSI) azsdk-python-mgmt-media/7.0.0 Python/3.8.2 (Windows-10-10.0.19041-SP0)
    method: POST
    uri: https://management.azure.com/subscriptions/00000000-0000-0000-0000-000000000000/resourceGroups/clitest.rg000001/providers/Microsoft.Media/mediaServices/ams000003/streamingLocators/sln000006/listPaths?api-version=2020-05-01
  response:
    body:
      string: "{\r\n  \"streamingPaths\":[\r\n    \r\n  ],\"downloadPaths\":[\r\n
        \   \r\n  ]\r\n}"
    headers:
      cache-control:
      - no-cache
      content-length:
      - '66'
      content-type:
      - application/json; odata.metadata=minimal
      date:
      - Fri, 30 Jul 2021 19:23:29 GMT
      expires:
      - '-1'
      odata-version:
      - '4.0'
      pragma:
      - no-cache
      server:
      - Microsoft-HTTPAPI/2.0
      strict-transport-security:
      - max-age=31536000; includeSubDomains
      transfer-encoding:
      - chunked
      vary:
      - Accept-Encoding
      x-content-type-options:
      - nosniff
      x-ms-ratelimit-remaining-subscription-writes:
      - '1199'
    status:
      code: 200
      message: OK
- request:
    body: null
    headers:
      Accept:
      - application/json
      Accept-Encoding:
      - gzip, deflate
      CommandName:
      - ams streaming-locator delete
      Connection:
      - keep-alive
      Content-Length:
      - '0'
      ParameterSetName:
      - -n -a -g
      User-Agent:
      - AZURECLI/2.24.2 (MSI) azsdk-python-mgmt-media/7.0.0 Python/3.8.2 (Windows-10-10.0.19041-SP0)
    method: DELETE
    uri: https://management.azure.com/subscriptions/00000000-0000-0000-0000-000000000000/resourceGroups/clitest.rg000001/providers/Microsoft.Media/mediaServices/ams000003/streamingLocators/sln000006?api-version=2020-05-01
  response:
    body:
      string: ''
    headers:
      cache-control:
      - no-cache
      content-length:
      - '0'
      date:
      - Fri, 30 Jul 2021 19:23:31 GMT
      expires:
      - '-1'
      pragma:
      - no-cache
      server:
      - Microsoft-HTTPAPI/2.0
      strict-transport-security:
      - max-age=31536000; includeSubDomains
      x-content-type-options:
      - nosniff
      x-ms-ratelimit-remaining-subscription-resource-requests:
      - '11999'
    status:
      code: 200
      message: OK
version: 1
