interactions:
- request:
    body: '{"tags": {"use": "az-test"}, "location": "westus"}'
    headers:
      Accept: [application/json]
      Accept-Encoding: ['gzip, deflate']
      CommandName: [group create]
      Connection: [keep-alive]
      Content-Length: ['50']
      Content-Type: [application/json; charset=utf-8]
      User-Agent: [python/3.5.1 (Windows-10-10.0.15063-SP0) requests/2.9.1 msrest/0.4.11
          msrest_azure/0.4.11 resourcemanagementclient/1.1.0 Azure-SDK-For-Python
          AZURECLI/2.0.12+dev]
      accept-language: [en-US]
    method: PUT
    uri: https://management.azure.com/subscriptions/00000000-0000-0000-0000-000000000000/resourcegroups/cli_test_lb_address_pool000001?api-version=2017-05-10
  response:
    body: {string: '{"id":"/subscriptions/00000000-0000-0000-0000-000000000000/resourceGroups/cli_test_lb_address_pool000001","name":"cli_test_lb_address_pool000001","location":"westus","tags":{"use":"az-test"},"properties":{"provisioningState":"Succeeded"}}'}
    headers:
      cache-control: [no-cache]
      content-length: ['328']
      content-type: [application/json; charset=utf-8]
      date: ['Fri, 28 Jul 2017 18:30:03 GMT']
      expires: ['-1']
      pragma: [no-cache]
      strict-transport-security: [max-age=31536000; includeSubDomains]
      x-ms-ratelimit-remaining-subscription-writes: ['1192']
    status: {code: 201, message: Created}
- request:
    body: null
    headers:
      Accept: [application/json]
      Accept-Encoding: ['gzip, deflate']
      CommandName: [network lb create]
      Connection: [keep-alive]
      Content-Type: [application/json; charset=utf-8]
      User-Agent: [python/3.5.1 (Windows-10-10.0.15063-SP0) requests/2.9.1 msrest/0.4.11
          msrest_azure/0.4.11 resourcemanagementclient/1.1.0 Azure-SDK-For-Python
          AZURECLI/2.0.12+dev]
      accept-language: [en-US]
    method: GET
    uri: https://management.azure.com/subscriptions/00000000-0000-0000-0000-000000000000/resourcegroups/cli_test_lb_address_pool000001?api-version=2017-05-10
  response:
    body: {string: '{"id":"/subscriptions/00000000-0000-0000-0000-000000000000/resourceGroups/cli_test_lb_address_pool000001","name":"cli_test_lb_address_pool000001","location":"westus","tags":{"use":"az-test"},"properties":{"provisioningState":"Succeeded"}}'}
    headers:
      cache-control: [no-cache]
      content-length: ['328']
      content-type: [application/json; charset=utf-8]
      date: ['Fri, 28 Jul 2017 18:30:02 GMT']
      expires: ['-1']
      pragma: [no-cache]
      strict-transport-security: [max-age=31536000; includeSubDomains]
      vary: [Accept-Encoding]
    status: {code: 200, message: OK}
- request:
    body: null
    headers:
      Accept: [application/json]
      Accept-Encoding: ['gzip, deflate']
      CommandName: [network lb create]
      Connection: [keep-alive]
      Content-Type: [application/json; charset=utf-8]
      User-Agent: [python/3.5.1 (Windows-10-10.0.15063-SP0) requests/2.9.1 msrest/0.4.11
          msrest_azure/0.4.11 resourcemanagementclient/1.1.0 Azure-SDK-For-Python
          AZURECLI/2.0.12+dev]
      accept-language: [en-US]
    method: GET
    uri: https://management.azure.com/subscriptions/00000000-0000-0000-0000-000000000000/resources?$filter=resourceGroup%20eq%20%27cli_test_lb_address_pool000001%27%20and%20name%20eq%20%27None%27%20and%20resourceType%20eq%20%27Microsoft.Network%2FpublicIPAddresses%27&api-version=2017-05-10
  response:
    body: {string: '{"value":[]}'}
    headers:
      cache-control: [no-cache]
      content-length: ['12']
      content-type: [application/json; charset=utf-8]
      date: ['Fri, 28 Jul 2017 18:30:03 GMT']
      expires: ['-1']
      pragma: [no-cache]
      strict-transport-security: [max-age=31536000; includeSubDomains]
      vary: [Accept-Encoding]
    status: {code: 200, message: OK}
- request:
    body: 'b''{"properties": {"parameters": {}, "mode": "Incremental", "template":
      {"contentVersion": "1.0.0.0", "parameters": {}, "$schema": "https://schema.management.azure.com/schemas/2015-01-01/deploymentTemplate.json#",
      "resources": [{"type": "Microsoft.Network/publicIPAddresses", "name": "PublicIPlb1",
      "location": "westus", "dependsOn": [], "properties": {"publicIPAllocationMethod":
      "Dynamic"}, "tags": {}, "apiVersion": "2015-06-15"}, {"type": "Microsoft.Network/loadBalancers",
      "name": "lb1", "location": "westus", "dependsOn": ["Microsoft.Network/publicIpAddresses/PublicIPlb1"],
      "properties": {"frontendIPConfigurations": [{"properties": {"publicIPAddress":
      {"id": "/subscriptions/6b085460-5f21-477e-ba44-1035046e9101/resourceGroups/cli_test_lb_address_pool000001/providers/Microsoft.Network/publicIPAddresses/PublicIPlb1"}},
      "name": "LoadBalancerFrontEnd"}], "backendAddressPools": [{"name": "lb1bepool"}]},
      "tags": {}, "apiVersion": "2015-06-15"}], "variables": {}, "outputs": {"loadBalancer":
      {"type": "object", "value": "[reference(\''lb1\'')]"}}}}}'''
    headers:
      Accept: [application/json]
      Accept-Encoding: ['gzip, deflate']
      CommandName: [network lb create]
      Connection: [keep-alive]
      Content-Length: ['1093']
      Content-Type: [application/json; charset=utf-8]
      User-Agent: [python/3.5.1 (Windows-10-10.0.15063-SP0) requests/2.9.1 msrest/0.4.11
          msrest_azure/0.4.11 resourcemanagementclient/1.1.0 Azure-SDK-For-Python
          AZURECLI/2.0.12+dev]
      accept-language: [en-US]
    method: PUT
    uri: https://management.azure.com/subscriptions/00000000-0000-0000-0000-000000000000/resourcegroups/cli_test_lb_address_pool000001/providers/Microsoft.Resources/deployments/mock-deployment?api-version=2017-05-10
  response:
    body: {string: '{"id":"/subscriptions/00000000-0000-0000-0000-000000000000/resourceGroups/cli_test_lb_address_pool000001/providers/Microsoft.Resources/deployments/lb_deploy_y6gn8q5N9DrQTbmQisfhNR8sJNZX9qQ8","name":"lb_deploy_y6gn8q5N9DrQTbmQisfhNR8sJNZX9qQ8","properties":{"templateHash":"15981988983943397585","parameters":{},"mode":"Incremental","provisioningState":"Accepted","timestamp":"2017-07-28T18:30:05.2516345Z","duration":"PT0.4500815S","correlationId":"93fa0727-e78c-4eb9-a9cb-9c5d47a64d99","providers":[{"namespace":"Microsoft.Network","resourceTypes":[{"resourceType":"publicIPAddresses","locations":["westus"]},{"resourceType":"loadBalancers","locations":["westus"]}]}],"dependencies":[{"dependsOn":[{"id":"/subscriptions/00000000-0000-0000-0000-000000000000/resourceGroups/cli_test_lb_address_pool000001/providers/Microsoft.Network/publicIPAddresses/PublicIPlb1","resourceType":"Microsoft.Network/publicIPAddresses","resourceName":"PublicIPlb1"}],"id":"/subscriptions/00000000-0000-0000-0000-000000000000/resourceGroups/cli_test_lb_address_pool000001/providers/Microsoft.Network/loadBalancers/lb1","resourceType":"Microsoft.Network/loadBalancers","resourceName":"lb1"}]}}'}
    headers:
      azure-asyncoperation: ['https://management.azure.com/subscriptions/00000000-0000-0000-0000-000000000000/resourcegroups/cli_test_lb_address_pool000001/providers/Microsoft.Resources/deployments/lb_deploy_y6gn8q5N9DrQTbmQisfhNR8sJNZX9qQ8/operationStatuses/08587003402806760646?api-version=2017-05-10']
      cache-control: [no-cache]
      content-length: ['1306']
      content-type: [application/json; charset=utf-8]
      date: ['Fri, 28 Jul 2017 18:30:05 GMT']
      expires: ['-1']
      pragma: [no-cache]
      strict-transport-security: [max-age=31536000; includeSubDomains]
      x-ms-ratelimit-remaining-subscription-writes: ['1197']
    status: {code: 201, message: Created}
- request:
    body: null
    headers:
      Accept: [application/json]
      Accept-Encoding: ['gzip, deflate']
      CommandName: [network lb create]
      Connection: [keep-alive]
      Content-Type: [application/json; charset=utf-8]
      User-Agent: [python/3.5.1 (Windows-10-10.0.15063-SP0) requests/2.9.1 msrest/0.4.11
          msrest_azure/0.4.11 resourcemanagementclient/1.1.0 Azure-SDK-For-Python
          AZURECLI/2.0.12+dev]
      accept-language: [en-US]
    method: GET
    uri: https://management.azure.com/subscriptions/00000000-0000-0000-0000-000000000000/resourcegroups/cli_test_lb_address_pool000001/providers/Microsoft.Resources/deployments/mock-deployment/operationStatuses/08587003402806760646?api-version=2017-05-10
  response:
    body: {string: '{"status":"Succeeded"}'}
    headers:
      cache-control: [no-cache]
      content-length: ['22']
      content-type: [application/json; charset=utf-8]
      date: ['Fri, 28 Jul 2017 18:30:34 GMT']
      expires: ['-1']
      pragma: [no-cache]
      strict-transport-security: [max-age=31536000; includeSubDomains]
      vary: [Accept-Encoding]
    status: {code: 200, message: OK}
- request:
    body: null
    headers:
      Accept: [application/json]
      Accept-Encoding: ['gzip, deflate']
      CommandName: [network lb create]
      Connection: [keep-alive]
      Content-Type: [application/json; charset=utf-8]
      User-Agent: [python/3.5.1 (Windows-10-10.0.15063-SP0) requests/2.9.1 msrest/0.4.11
          msrest_azure/0.4.11 resourcemanagementclient/1.1.0 Azure-SDK-For-Python
          AZURECLI/2.0.12+dev]
      accept-language: [en-US]
    method: GET
    uri: https://management.azure.com/subscriptions/00000000-0000-0000-0000-000000000000/resourcegroups/cli_test_lb_address_pool000001/providers/Microsoft.Resources/deployments/mock-deployment?api-version=2017-05-10
  response:
    body: {string: '{"id":"/subscriptions/00000000-0000-0000-0000-000000000000/resourceGroups/cli_test_lb_address_pool000001/providers/Microsoft.Resources/deployments/lb_deploy_y6gn8q5N9DrQTbmQisfhNR8sJNZX9qQ8","name":"lb_deploy_y6gn8q5N9DrQTbmQisfhNR8sJNZX9qQ8","properties":{"templateHash":"15981988983943397585","parameters":{},"mode":"Incremental","provisioningState":"Succeeded","timestamp":"2017-07-28T18:30:16.1162572Z","duration":"PT11.3147042S","correlationId":"93fa0727-e78c-4eb9-a9cb-9c5d47a64d99","providers":[{"namespace":"Microsoft.Network","resourceTypes":[{"resourceType":"publicIPAddresses","locations":["westus"]},{"resourceType":"loadBalancers","locations":["westus"]}]}],"dependencies":[{"dependsOn":[{"id":"/subscriptions/00000000-0000-0000-0000-000000000000/resourceGroups/cli_test_lb_address_pool000001/providers/Microsoft.Network/publicIPAddresses/PublicIPlb1","resourceType":"Microsoft.Network/publicIPAddresses","resourceName":"PublicIPlb1"}],"id":"/subscriptions/00000000-0000-0000-0000-000000000000/resourceGroups/cli_test_lb_address_pool000001/providers/Microsoft.Network/loadBalancers/lb1","resourceType":"Microsoft.Network/loadBalancers","resourceName":"lb1"}],"outputs":{"loadBalancer":{"type":"Object","value":{"provisioningState":"Succeeded","resourceGuid":"020d4c8f-99bf-4ff0-ab5e-40287ba97ae0","frontendIPConfigurations":[{"name":"LoadBalancerFrontEnd","id":"/subscriptions/00000000-0000-0000-0000-000000000000/resourceGroups/cli_test_lb_address_pool000001/providers/Microsoft.Network/loadBalancers/lb1/frontendIPConfigurations/LoadBalancerFrontEnd","etag":"W/\"3f4f5d3b-d5cb-4fa9-a053-dac00401ccc3\"","properties":{"provisioningState":"Succeeded","privateIPAllocationMethod":"Dynamic","publicIPAddress":{"id":"/subscriptions/00000000-0000-0000-0000-000000000000/resourceGroups/cli_test_lb_address_pool000001/providers/Microsoft.Network/publicIPAddresses/PublicIPlb1"}}}],"backendAddressPools":[{"name":"lb1bepool","id":"/subscriptions/00000000-0000-0000-0000-000000000000/resourceGroups/cli_test_lb_address_pool000001/providers/Microsoft.Network/loadBalancers/lb1/backendAddressPools/lb1bepool","etag":"W/\"3f4f5d3b-d5cb-4fa9-a053-dac00401ccc3\"","properties":{"provisioningState":"Succeeded"}}],"loadBalancingRules":[],"probes":[],"inboundNatRules":[],"outboundNatRules":[],"inboundNatPools":[]}}},"outputResources":[{"id":"/subscriptions/00000000-0000-0000-0000-000000000000/resourceGroups/cli_test_lb_address_pool000001/providers/Microsoft.Network/loadBalancers/lb1"},{"id":"/subscriptions/00000000-0000-0000-0000-000000000000/resourceGroups/cli_test_lb_address_pool000001/providers/Microsoft.Network/publicIPAddresses/PublicIPlb1"}]}}'}
    headers:
      cache-control: [no-cache]
      content-length: ['3015']
      content-type: [application/json; charset=utf-8]
      date: ['Fri, 28 Jul 2017 18:30:35 GMT']
      expires: ['-1']
      pragma: [no-cache]
      strict-transport-security: [max-age=31536000; includeSubDomains]
      vary: [Accept-Encoding]
    status: {code: 200, message: OK}
- request:
    body: null
    headers:
      Accept: [application/json]
      Accept-Encoding: ['gzip, deflate']
      CommandName: [network lb address-pool create]
      Connection: [keep-alive]
      Content-Type: [application/json; charset=utf-8]
      User-Agent: [python/3.5.1 (Windows-10-10.0.15063-SP0) requests/2.9.1 msrest/0.4.11
          msrest_azure/0.4.11 networkmanagementclient/1.3.0 Azure-SDK-For-Python AZURECLI/2.0.12+dev]
      accept-language: [en-US]
    method: GET
    uri: https://management.azure.com/subscriptions/00000000-0000-0000-0000-000000000000/resourceGroups/cli_test_lb_address_pool000001/providers/Microsoft.Network/loadBalancers/lb1?api-version=2017-06-01
  response:
    body: {string: "{\r\n  \"name\": \"lb1\",\r\n  \"id\": \"/subscriptions/00000000-0000-0000-0000-000000000000/resourceGroups/cli_test_lb_address_pool000001/providers/Microsoft.Network/loadBalancers/lb1\"\
        ,\r\n  \"etag\": \"W/\\\"3f4f5d3b-d5cb-4fa9-a053-dac00401ccc3\\\"\",\r\n \
        \ \"type\": \"Microsoft.Network/loadBalancers\",\r\n  \"location\": \"westus\"\
        ,\r\n  \"tags\": {},\r\n  \"properties\": {\r\n    \"provisioningState\":\
        \ \"Succeeded\",\r\n    \"resourceGuid\": \"020d4c8f-99bf-4ff0-ab5e-40287ba97ae0\"\
        ,\r\n    \"frontendIPConfigurations\": [\r\n      {\r\n        \"name\": \"\
        LoadBalancerFrontEnd\",\r\n        \"id\": \"/subscriptions/00000000-0000-0000-0000-000000000000/resourceGroups/cli_test_lb_address_pool000001/providers/Microsoft.Network/loadBalancers/lb1/frontendIPConfigurations/LoadBalancerFrontEnd\"\
        ,\r\n        \"etag\": \"W/\\\"3f4f5d3b-d5cb-4fa9-a053-dac00401ccc3\\\"\"\
        ,\r\n        \"properties\": {\r\n          \"provisioningState\": \"Succeeded\"\
        ,\r\n          \"privateIPAllocationMethod\": \"Dynamic\",\r\n          \"\
        publicIPAddress\": {\r\n            \"id\": \"/subscriptions/00000000-0000-0000-0000-000000000000/resourceGroups/cli_test_lb_address_pool000001/providers/Microsoft.Network/publicIPAddresses/PublicIPlb1\"\
        \r\n          }\r\n        }\r\n      }\r\n    ],\r\n    \"backendAddressPools\"\
        : [\r\n      {\r\n        \"name\": \"lb1bepool\",\r\n        \"id\": \"/subscriptions/00000000-0000-0000-0000-000000000000/resourceGroups/cli_test_lb_address_pool000001/providers/Microsoft.Network/loadBalancers/lb1/backendAddressPools/lb1bepool\"\
        ,\r\n        \"etag\": \"W/\\\"3f4f5d3b-d5cb-4fa9-a053-dac00401ccc3\\\"\"\
        ,\r\n        \"properties\": {\r\n          \"provisioningState\": \"Succeeded\"\
        \r\n        }\r\n      }\r\n    ],\r\n    \"loadBalancingRules\": [],\r\n\
        \    \"probes\": [],\r\n    \"inboundNatRules\": [],\r\n    \"outboundNatRules\"\
        : [],\r\n    \"inboundNatPools\": []\r\n  }\r\n}"}
    headers:
      cache-control: [no-cache]
      content-length: ['1907']
      content-type: [application/json; charset=utf-8]
      date: ['Fri, 28 Jul 2017 18:30:36 GMT']
      etag: [W/"3f4f5d3b-d5cb-4fa9-a053-dac00401ccc3"]
      expires: ['-1']
      pragma: [no-cache]
      server: [Microsoft-HTTPAPI/2.0, Microsoft-HTTPAPI/2.0]
      strict-transport-security: [max-age=31536000; includeSubDomains]
      transfer-encoding: [chunked]
      vary: [Accept-Encoding]
    status: {code: 200, message: OK}
- request:
    body: 'b''{"properties": {"resourceGuid": "020d4c8f-99bf-4ff0-ab5e-40287ba97ae0",
      "backendAddressPools": [{"properties": {"provisioningState": "Succeeded"}, "id":
      "/subscriptions/6b085460-5f21-477e-ba44-1035046e9101/resourceGroups/cli_test_lb_address_pool000001/providers/Microsoft.Network/loadBalancers/lb1/backendAddressPools/lb1bepool",
      "name": "lb1bepool", "etag": "W/\\"3f4f5d3b-d5cb-4fa9-a053-dac00401ccc3\\""},
      {"name": "bap1"}], "probes": [], "provisioningState": "Succeeded", "outboundNatRules":
      [], "inboundNatPools": [], "frontendIPConfigurations": [{"properties": {"publicIPAddress":
      {"id": "/subscriptions/6b085460-5f21-477e-ba44-1035046e9101/resourceGroups/cli_test_lb_address_pool000001/providers/Microsoft.Network/publicIPAddresses/PublicIPlb1"},
      "privateIPAllocationMethod": "Dynamic", "provisioningState": "Succeeded"}, "id":
      "/subscriptions/6b085460-5f21-477e-ba44-1035046e9101/resourceGroups/cli_test_lb_address_pool000001/providers/Microsoft.Network/loadBalancers/lb1/frontendIPConfigurations/LoadBalancerFrontEnd",
      "name": "LoadBalancerFrontEnd", "etag": "W/\\"3f4f5d3b-d5cb-4fa9-a053-dac00401ccc3\\""}],
      "loadBalancingRules": [], "inboundNatRules": []}, "id": "/subscriptions/6b085460-5f21-477e-ba44-1035046e9101/resourceGroups/cli_test_lb_address_pool000001/providers/Microsoft.Network/loadBalancers/lb1",
      "tags": {}, "location": "westus", "etag": "W/\\"3f4f5d3b-d5cb-4fa9-a053-dac00401ccc3\\""}'''
    headers:
      Accept: [application/json]
      Accept-Encoding: ['gzip, deflate']
      CommandName: [network lb address-pool create]
      Connection: [keep-alive]
      Content-Length: ['1583']
      Content-Type: [application/json; charset=utf-8]
      User-Agent: [python/3.5.1 (Windows-10-10.0.15063-SP0) requests/2.9.1 msrest/0.4.11
          msrest_azure/0.4.11 networkmanagementclient/1.3.0 Azure-SDK-For-Python AZURECLI/2.0.12+dev]
      accept-language: [en-US]
    method: PUT
    uri: https://management.azure.com/subscriptions/00000000-0000-0000-0000-000000000000/resourceGroups/cli_test_lb_address_pool000001/providers/Microsoft.Network/loadBalancers/lb1?api-version=2017-06-01
  response:
    body: {string: "{\r\n  \"name\": \"lb1\",\r\n  \"id\": \"/subscriptions/00000000-0000-0000-0000-000000000000/resourceGroups/cli_test_lb_address_pool000001/providers/Microsoft.Network/loadBalancers/lb1\"\
        ,\r\n  \"etag\": \"W/\\\"86f2e309-daec-4716-9957-5263d46c185a\\\"\",\r\n \
        \ \"type\": \"Microsoft.Network/loadBalancers\",\r\n  \"location\": \"westus\"\
        ,\r\n  \"tags\": {},\r\n  \"properties\": {\r\n    \"provisioningState\":\
        \ \"Succeeded\",\r\n    \"resourceGuid\": \"020d4c8f-99bf-4ff0-ab5e-40287ba97ae0\"\
        ,\r\n    \"frontendIPConfigurations\": [\r\n      {\r\n        \"name\": \"\
        LoadBalancerFrontEnd\",\r\n        \"id\": \"/subscriptions/00000000-0000-0000-0000-000000000000/resourceGroups/cli_test_lb_address_pool000001/providers/Microsoft.Network/loadBalancers/lb1/frontendIPConfigurations/LoadBalancerFrontEnd\"\
        ,\r\n        \"etag\": \"W/\\\"86f2e309-daec-4716-9957-5263d46c185a\\\"\"\
        ,\r\n        \"properties\": {\r\n          \"provisioningState\": \"Succeeded\"\
        ,\r\n          \"privateIPAllocationMethod\": \"Dynamic\",\r\n          \"\
        publicIPAddress\": {\r\n            \"id\": \"/subscriptions/00000000-0000-0000-0000-000000000000/resourceGroups/cli_test_lb_address_pool000001/providers/Microsoft.Network/publicIPAddresses/PublicIPlb1\"\
        \r\n          }\r\n        }\r\n      }\r\n    ],\r\n    \"backendAddressPools\"\
        : [\r\n      {\r\n        \"name\": \"lb1bepool\",\r\n        \"id\": \"/subscriptions/00000000-0000-0000-0000-000000000000/resourceGroups/cli_test_lb_address_pool000001/providers/Microsoft.Network/loadBalancers/lb1/backendAddressPools/lb1bepool\"\
        ,\r\n        \"etag\": \"W/\\\"86f2e309-daec-4716-9957-5263d46c185a\\\"\"\
        ,\r\n        \"properties\": {\r\n          \"provisioningState\": \"Succeeded\"\
        \r\n        }\r\n      },\r\n      {\r\n        \"name\": \"bap1\",\r\n  \
        \      \"id\": \"/subscriptions/00000000-0000-0000-0000-000000000000/resourceGroups/cli_test_lb_address_pool000001/providers/Microsoft.Network/loadBalancers/lb1/backendAddressPools/bap1\"\
        ,\r\n        \"etag\": \"W/\\\"86f2e309-daec-4716-9957-5263d46c185a\\\"\"\
        ,\r\n        \"properties\": {\r\n          \"provisioningState\": \"Succeeded\"\
        \r\n        }\r\n      }\r\n    ],\r\n    \"loadBalancingRules\": [],\r\n\
        \    \"probes\": [],\r\n    \"inboundNatRules\": [],\r\n    \"outboundNatRules\"\
        : [],\r\n    \"inboundNatPools\": []\r\n  }\r\n}"}
    headers:
      azure-asyncoperation: ['https://management.azure.com/subscriptions/00000000-0000-0000-0000-000000000000/providers/Microsoft.Network/locations/westus/operations/cacf4270-0273-4cd4-a53f-153364c9c1a3?api-version=2017-06-01']
      cache-control: [no-cache]
      content-length: ['2326']
      content-type: [application/json; charset=utf-8]
      date: ['Fri, 28 Jul 2017 18:30:37 GMT']
      expires: ['-1']
      pragma: [no-cache]
      server: [Microsoft-HTTPAPI/2.0, Microsoft-HTTPAPI/2.0]
      strict-transport-security: [max-age=31536000; includeSubDomains]
      transfer-encoding: [chunked]
      vary: [Accept-Encoding]
      x-ms-ratelimit-remaining-subscription-writes: ['1198']
    status: {code: 200, message: OK}
- request:
    body: null
    headers:
      Accept: [application/json]
      Accept-Encoding: ['gzip, deflate']
      CommandName: [network lb address-pool create]
      Connection: [keep-alive]
      Content-Type: [application/json; charset=utf-8]
      User-Agent: [python/3.5.1 (Windows-10-10.0.15063-SP0) requests/2.9.1 msrest/0.4.11
          msrest_azure/0.4.11 networkmanagementclient/1.3.0 Azure-SDK-For-Python AZURECLI/2.0.12+dev]
      accept-language: [en-US]
    method: GET
    uri: https://management.azure.com/subscriptions/00000000-0000-0000-0000-000000000000/providers/Microsoft.Network/locations/westus/operations/cacf4270-0273-4cd4-a53f-153364c9c1a3?api-version=2017-06-01
  response:
    body: {string: "{\r\n  \"status\": \"Succeeded\"\r\n}"}
    headers:
      cache-control: [no-cache]
      content-length: ['29']
      content-type: [application/json; charset=utf-8]
      date: ['Fri, 28 Jul 2017 18:31:07 GMT']
      expires: ['-1']
      pragma: [no-cache]
      server: [Microsoft-HTTPAPI/2.0, Microsoft-HTTPAPI/2.0]
      strict-transport-security: [max-age=31536000; includeSubDomains]
      transfer-encoding: [chunked]
      vary: [Accept-Encoding]
    status: {code: 200, message: OK}
- request:
    body: null
    headers:
      Accept: [application/json]
      Accept-Encoding: ['gzip, deflate']
      CommandName: [network lb address-pool create]
      Connection: [keep-alive]
      Content-Type: [application/json; charset=utf-8]
      User-Agent: [python/3.5.1 (Windows-10-10.0.15063-SP0) requests/2.9.1 msrest/0.4.11
          msrest_azure/0.4.11 networkmanagementclient/1.3.0 Azure-SDK-For-Python AZURECLI/2.0.12+dev]
      accept-language: [en-US]
    method: GET
    uri: https://management.azure.com/subscriptions/00000000-0000-0000-0000-000000000000/resourceGroups/cli_test_lb_address_pool000001/providers/Microsoft.Network/loadBalancers/lb1?api-version=2017-06-01
  response:
    body: {string: "{\r\n  \"name\": \"lb1\",\r\n  \"id\": \"/subscriptions/00000000-0000-0000-0000-000000000000/resourceGroups/cli_test_lb_address_pool000001/providers/Microsoft.Network/loadBalancers/lb1\"\
        ,\r\n  \"etag\": \"W/\\\"86f2e309-daec-4716-9957-5263d46c185a\\\"\",\r\n \
        \ \"type\": \"Microsoft.Network/loadBalancers\",\r\n  \"location\": \"westus\"\
        ,\r\n  \"tags\": {},\r\n  \"properties\": {\r\n    \"provisioningState\":\
        \ \"Succeeded\",\r\n    \"resourceGuid\": \"020d4c8f-99bf-4ff0-ab5e-40287ba97ae0\"\
        ,\r\n    \"frontendIPConfigurations\": [\r\n      {\r\n        \"name\": \"\
        LoadBalancerFrontEnd\",\r\n        \"id\": \"/subscriptions/00000000-0000-0000-0000-000000000000/resourceGroups/cli_test_lb_address_pool000001/providers/Microsoft.Network/loadBalancers/lb1/frontendIPConfigurations/LoadBalancerFrontEnd\"\
        ,\r\n        \"etag\": \"W/\\\"86f2e309-daec-4716-9957-5263d46c185a\\\"\"\
        ,\r\n        \"properties\": {\r\n          \"provisioningState\": \"Succeeded\"\
        ,\r\n          \"privateIPAllocationMethod\": \"Dynamic\",\r\n          \"\
        publicIPAddress\": {\r\n            \"id\": \"/subscriptions/00000000-0000-0000-0000-000000000000/resourceGroups/cli_test_lb_address_pool000001/providers/Microsoft.Network/publicIPAddresses/PublicIPlb1\"\
        \r\n          }\r\n        }\r\n      }\r\n    ],\r\n    \"backendAddressPools\"\
        : [\r\n      {\r\n        \"name\": \"lb1bepool\",\r\n        \"id\": \"/subscriptions/00000000-0000-0000-0000-000000000000/resourceGroups/cli_test_lb_address_pool000001/providers/Microsoft.Network/loadBalancers/lb1/backendAddressPools/lb1bepool\"\
        ,\r\n        \"etag\": \"W/\\\"86f2e309-daec-4716-9957-5263d46c185a\\\"\"\
        ,\r\n        \"properties\": {\r\n          \"provisioningState\": \"Succeeded\"\
        \r\n        }\r\n      },\r\n      {\r\n        \"name\": \"bap1\",\r\n  \
        \      \"id\": \"/subscriptions/00000000-0000-0000-0000-000000000000/resourceGroups/cli_test_lb_address_pool000001/providers/Microsoft.Network/loadBalancers/lb1/backendAddressPools/bap1\"\
        ,\r\n        \"etag\": \"W/\\\"86f2e309-daec-4716-9957-5263d46c185a\\\"\"\
        ,\r\n        \"properties\": {\r\n          \"provisioningState\": \"Succeeded\"\
        \r\n        }\r\n      }\r\n    ],\r\n    \"loadBalancingRules\": [],\r\n\
        \    \"probes\": [],\r\n    \"inboundNatRules\": [],\r\n    \"outboundNatRules\"\
        : [],\r\n    \"inboundNatPools\": []\r\n  }\r\n}"}
    headers:
      cache-control: [no-cache]
      content-length: ['2326']
      content-type: [application/json; charset=utf-8]
      date: ['Fri, 28 Jul 2017 18:31:08 GMT']
      etag: [W/"86f2e309-daec-4716-9957-5263d46c185a"]
      expires: ['-1']
      pragma: [no-cache]
      server: [Microsoft-HTTPAPI/2.0, Microsoft-HTTPAPI/2.0]
      strict-transport-security: [max-age=31536000; includeSubDomains]
      transfer-encoding: [chunked]
      vary: [Accept-Encoding]
    status: {code: 200, message: OK}
- request:
    body: null
    headers:
      Accept: [application/json]
      Accept-Encoding: ['gzip, deflate']
      CommandName: [network lb address-pool create]
      Connection: [keep-alive]
      Content-Type: [application/json; charset=utf-8]
      User-Agent: [python/3.5.1 (Windows-10-10.0.15063-SP0) requests/2.9.1 msrest/0.4.11
          msrest_azure/0.4.11 networkmanagementclient/1.3.0 Azure-SDK-For-Python AZURECLI/2.0.12+dev]
      accept-language: [en-US]
    method: GET
    uri: https://management.azure.com/subscriptions/00000000-0000-0000-0000-000000000000/resourceGroups/cli_test_lb_address_pool000001/providers/Microsoft.Network/loadBalancers/lb1?api-version=2017-06-01
  response:
    body: {string: "{\r\n  \"name\": \"lb1\",\r\n  \"id\": \"/subscriptions/00000000-0000-0000-0000-000000000000/resourceGroups/cli_test_lb_address_pool000001/providers/Microsoft.Network/loadBalancers/lb1\"\
        ,\r\n  \"etag\": \"W/\\\"86f2e309-daec-4716-9957-5263d46c185a\\\"\",\r\n \
        \ \"type\": \"Microsoft.Network/loadBalancers\",\r\n  \"location\": \"westus\"\
        ,\r\n  \"tags\": {},\r\n  \"properties\": {\r\n    \"provisioningState\":\
        \ \"Succeeded\",\r\n    \"resourceGuid\": \"020d4c8f-99bf-4ff0-ab5e-40287ba97ae0\"\
        ,\r\n    \"frontendIPConfigurations\": [\r\n      {\r\n        \"name\": \"\
        LoadBalancerFrontEnd\",\r\n        \"id\": \"/subscriptions/00000000-0000-0000-0000-000000000000/resourceGroups/cli_test_lb_address_pool000001/providers/Microsoft.Network/loadBalancers/lb1/frontendIPConfigurations/LoadBalancerFrontEnd\"\
        ,\r\n        \"etag\": \"W/\\\"86f2e309-daec-4716-9957-5263d46c185a\\\"\"\
        ,\r\n        \"properties\": {\r\n          \"provisioningState\": \"Succeeded\"\
        ,\r\n          \"privateIPAllocationMethod\": \"Dynamic\",\r\n          \"\
        publicIPAddress\": {\r\n            \"id\": \"/subscriptions/00000000-0000-0000-0000-000000000000/resourceGroups/cli_test_lb_address_pool000001/providers/Microsoft.Network/publicIPAddresses/PublicIPlb1\"\
        \r\n          }\r\n        }\r\n      }\r\n    ],\r\n    \"backendAddressPools\"\
        : [\r\n      {\r\n        \"name\": \"lb1bepool\",\r\n        \"id\": \"/subscriptions/00000000-0000-0000-0000-000000000000/resourceGroups/cli_test_lb_address_pool000001/providers/Microsoft.Network/loadBalancers/lb1/backendAddressPools/lb1bepool\"\
        ,\r\n        \"etag\": \"W/\\\"86f2e309-daec-4716-9957-5263d46c185a\\\"\"\
        ,\r\n        \"properties\": {\r\n          \"provisioningState\": \"Succeeded\"\
        \r\n        }\r\n      },\r\n      {\r\n        \"name\": \"bap1\",\r\n  \
        \      \"id\": \"/subscriptions/00000000-0000-0000-0000-000000000000/resourceGroups/cli_test_lb_address_pool000001/providers/Microsoft.Network/loadBalancers/lb1/backendAddressPools/bap1\"\
        ,\r\n        \"etag\": \"W/\\\"86f2e309-daec-4716-9957-5263d46c185a\\\"\"\
        ,\r\n        \"properties\": {\r\n          \"provisioningState\": \"Succeeded\"\
        \r\n        }\r\n      }\r\n    ],\r\n    \"loadBalancingRules\": [],\r\n\
        \    \"probes\": [],\r\n    \"inboundNatRules\": [],\r\n    \"outboundNatRules\"\
        : [],\r\n    \"inboundNatPools\": []\r\n  }\r\n}"}
    headers:
      cache-control: [no-cache]
      content-length: ['2326']
      content-type: [application/json; charset=utf-8]
      date: ['Fri, 28 Jul 2017 18:31:08 GMT']
      etag: [W/"86f2e309-daec-4716-9957-5263d46c185a"]
      expires: ['-1']
      pragma: [no-cache]
      server: [Microsoft-HTTPAPI/2.0, Microsoft-HTTPAPI/2.0]
      strict-transport-security: [max-age=31536000; includeSubDomains]
      transfer-encoding: [chunked]
      vary: [Accept-Encoding]
    status: {code: 200, message: OK}
- request:
    body: 'b''{"properties": {"resourceGuid": "020d4c8f-99bf-4ff0-ab5e-40287ba97ae0",
      "backendAddressPools": [{"properties": {"provisioningState": "Succeeded"}, "id":
      "/subscriptions/6b085460-5f21-477e-ba44-1035046e9101/resourceGroups/cli_test_lb_address_pool000001/providers/Microsoft.Network/loadBalancers/lb1/backendAddressPools/lb1bepool",
      "name": "lb1bepool", "etag": "W/\\"86f2e309-daec-4716-9957-5263d46c185a\\""},
      {"properties": {"provisioningState": "Succeeded"}, "id": "/subscriptions/6b085460-5f21-477e-ba44-1035046e9101/resourceGroups/cli_test_lb_address_pool000001/providers/Microsoft.Network/loadBalancers/lb1/backendAddressPools/bap1",
      "name": "bap1", "etag": "W/\\"86f2e309-daec-4716-9957-5263d46c185a\\""}, {"name":
      "bap2"}], "probes": [], "provisioningState": "Succeeded", "outboundNatRules":
      [], "inboundNatPools": [], "frontendIPConfigurations": [{"properties": {"publicIPAddress":
      {"id": "/subscriptions/6b085460-5f21-477e-ba44-1035046e9101/resourceGroups/cli_test_lb_address_pool000001/providers/Microsoft.Network/publicIPAddresses/PublicIPlb1"},
      "privateIPAllocationMethod": "Dynamic", "provisioningState": "Succeeded"}, "id":
      "/subscriptions/6b085460-5f21-477e-ba44-1035046e9101/resourceGroups/cli_test_lb_address_pool000001/providers/Microsoft.Network/loadBalancers/lb1/frontendIPConfigurations/LoadBalancerFrontEnd",
      "name": "LoadBalancerFrontEnd", "etag": "W/\\"86f2e309-daec-4716-9957-5263d46c185a\\""}],
      "loadBalancingRules": [], "inboundNatRules": []}, "id": "/subscriptions/6b085460-5f21-477e-ba44-1035046e9101/resourceGroups/cli_test_lb_address_pool000001/providers/Microsoft.Network/loadBalancers/lb1",
      "tags": {}, "location": "westus", "etag": "W/\\"86f2e309-daec-4716-9957-5263d46c185a\\""}'''
    headers:
      Accept: [application/json]
      Accept-Encoding: ['gzip, deflate']
      CommandName: [network lb address-pool create]
      Connection: [keep-alive]
      Content-Length: ['1928']
      Content-Type: [application/json; charset=utf-8]
      User-Agent: [python/3.5.1 (Windows-10-10.0.15063-SP0) requests/2.9.1 msrest/0.4.11
          msrest_azure/0.4.11 networkmanagementclient/1.3.0 Azure-SDK-For-Python AZURECLI/2.0.12+dev]
      accept-language: [en-US]
    method: PUT
    uri: https://management.azure.com/subscriptions/00000000-0000-0000-0000-000000000000/resourceGroups/cli_test_lb_address_pool000001/providers/Microsoft.Network/loadBalancers/lb1?api-version=2017-06-01
  response:
    body: {string: "{\r\n  \"name\": \"lb1\",\r\n  \"id\": \"/subscriptions/00000000-0000-0000-0000-000000000000/resourceGroups/cli_test_lb_address_pool000001/providers/Microsoft.Network/loadBalancers/lb1\"\
        ,\r\n  \"etag\": \"W/\\\"56820496-6431-4d68-929d-0e6cb9448193\\\"\",\r\n \
        \ \"type\": \"Microsoft.Network/loadBalancers\",\r\n  \"location\": \"westus\"\
        ,\r\n  \"tags\": {},\r\n  \"properties\": {\r\n    \"provisioningState\":\
        \ \"Succeeded\",\r\n    \"resourceGuid\": \"020d4c8f-99bf-4ff0-ab5e-40287ba97ae0\"\
        ,\r\n    \"frontendIPConfigurations\": [\r\n      {\r\n        \"name\": \"\
        LoadBalancerFrontEnd\",\r\n        \"id\": \"/subscriptions/00000000-0000-0000-0000-000000000000/resourceGroups/cli_test_lb_address_pool000001/providers/Microsoft.Network/loadBalancers/lb1/frontendIPConfigurations/LoadBalancerFrontEnd\"\
        ,\r\n        \"etag\": \"W/\\\"56820496-6431-4d68-929d-0e6cb9448193\\\"\"\
        ,\r\n        \"properties\": {\r\n          \"provisioningState\": \"Succeeded\"\
        ,\r\n          \"privateIPAllocationMethod\": \"Dynamic\",\r\n          \"\
        publicIPAddress\": {\r\n            \"id\": \"/subscriptions/00000000-0000-0000-0000-000000000000/resourceGroups/cli_test_lb_address_pool000001/providers/Microsoft.Network/publicIPAddresses/PublicIPlb1\"\
        \r\n          }\r\n        }\r\n      }\r\n    ],\r\n    \"backendAddressPools\"\
        : [\r\n      {\r\n        \"name\": \"lb1bepool\",\r\n        \"id\": \"/subscriptions/00000000-0000-0000-0000-000000000000/resourceGroups/cli_test_lb_address_pool000001/providers/Microsoft.Network/loadBalancers/lb1/backendAddressPools/lb1bepool\"\
        ,\r\n        \"etag\": \"W/\\\"56820496-6431-4d68-929d-0e6cb9448193\\\"\"\
        ,\r\n        \"properties\": {\r\n          \"provisioningState\": \"Succeeded\"\
        \r\n        }\r\n      },\r\n      {\r\n        \"name\": \"bap1\",\r\n  \
        \      \"id\": \"/subscriptions/00000000-0000-0000-0000-000000000000/resourceGroups/cli_test_lb_address_pool000001/providers/Microsoft.Network/loadBalancers/lb1/backendAddressPools/bap1\"\
        ,\r\n        \"etag\": \"W/\\\"56820496-6431-4d68-929d-0e6cb9448193\\\"\"\
        ,\r\n        \"properties\": {\r\n          \"provisioningState\": \"Succeeded\"\
        \r\n        }\r\n      },\r\n      {\r\n        \"name\": \"bap2\",\r\n  \
        \      \"id\": \"/subscriptions/00000000-0000-0000-0000-000000000000/resourceGroups/cli_test_lb_address_pool000001/providers/Microsoft.Network/loadBalancers/lb1/backendAddressPools/bap2\"\
        ,\r\n        \"etag\": \"W/\\\"56820496-6431-4d68-929d-0e6cb9448193\\\"\"\
        ,\r\n        \"properties\": {\r\n          \"provisioningState\": \"Succeeded\"\
        \r\n        }\r\n      }\r\n    ],\r\n    \"loadBalancingRules\": [],\r\n\
        \    \"probes\": [],\r\n    \"inboundNatRules\": [],\r\n    \"outboundNatRules\"\
        : [],\r\n    \"inboundNatPools\": []\r\n  }\r\n}"}
    headers:
      azure-asyncoperation: ['https://management.azure.com/subscriptions/00000000-0000-0000-0000-000000000000/providers/Microsoft.Network/locations/westus/operations/5631c0be-5edc-46aa-9bf0-35b3fae4035f?api-version=2017-06-01']
      cache-control: [no-cache]
      content-length: ['2745']
      content-type: [application/json; charset=utf-8]
      date: ['Fri, 28 Jul 2017 18:31:08 GMT']
      expires: ['-1']
      pragma: [no-cache]
      server: [Microsoft-HTTPAPI/2.0, Microsoft-HTTPAPI/2.0]
      strict-transport-security: [max-age=31536000; includeSubDomains]
      transfer-encoding: [chunked]
      vary: [Accept-Encoding]
      x-ms-ratelimit-remaining-subscription-writes: ['1193']
    status: {code: 200, message: OK}
- request:
    body: null
    headers:
      Accept: [application/json]
      Accept-Encoding: ['gzip, deflate']
      CommandName: [network lb address-pool create]
      Connection: [keep-alive]
      Content-Type: [application/json; charset=utf-8]
      User-Agent: [python/3.5.1 (Windows-10-10.0.15063-SP0) requests/2.9.1 msrest/0.4.11
          msrest_azure/0.4.11 networkmanagementclient/1.3.0 Azure-SDK-For-Python AZURECLI/2.0.12+dev]
      accept-language: [en-US]
    method: GET
    uri: https://management.azure.com/subscriptions/00000000-0000-0000-0000-000000000000/providers/Microsoft.Network/locations/westus/operations/5631c0be-5edc-46aa-9bf0-35b3fae4035f?api-version=2017-06-01
  response:
    body: {string: "{\r\n  \"status\": \"Succeeded\"\r\n}"}
    headers:
      cache-control: [no-cache]
      content-length: ['29']
      content-type: [application/json; charset=utf-8]
      date: ['Fri, 28 Jul 2017 18:31:39 GMT']
      expires: ['-1']
      pragma: [no-cache]
      server: [Microsoft-HTTPAPI/2.0, Microsoft-HTTPAPI/2.0]
      strict-transport-security: [max-age=31536000; includeSubDomains]
      transfer-encoding: [chunked]
      vary: [Accept-Encoding]
    status: {code: 200, message: OK}
- request:
    body: null
    headers:
      Accept: [application/json]
      Accept-Encoding: ['gzip, deflate']
      CommandName: [network lb address-pool create]
      Connection: [keep-alive]
      Content-Type: [application/json; charset=utf-8]
      User-Agent: [python/3.5.1 (Windows-10-10.0.15063-SP0) requests/2.9.1 msrest/0.4.11
          msrest_azure/0.4.11 networkmanagementclient/1.3.0 Azure-SDK-For-Python AZURECLI/2.0.12+dev]
      accept-language: [en-US]
    method: GET
    uri: https://management.azure.com/subscriptions/00000000-0000-0000-0000-000000000000/resourceGroups/cli_test_lb_address_pool000001/providers/Microsoft.Network/loadBalancers/lb1?api-version=2017-06-01
  response:
    body: {string: "{\r\n  \"name\": \"lb1\",\r\n  \"id\": \"/subscriptions/00000000-0000-0000-0000-000000000000/resourceGroups/cli_test_lb_address_pool000001/providers/Microsoft.Network/loadBalancers/lb1\"\
        ,\r\n  \"etag\": \"W/\\\"56820496-6431-4d68-929d-0e6cb9448193\\\"\",\r\n \
        \ \"type\": \"Microsoft.Network/loadBalancers\",\r\n  \"location\": \"westus\"\
        ,\r\n  \"tags\": {},\r\n  \"properties\": {\r\n    \"provisioningState\":\
        \ \"Succeeded\",\r\n    \"resourceGuid\": \"020d4c8f-99bf-4ff0-ab5e-40287ba97ae0\"\
        ,\r\n    \"frontendIPConfigurations\": [\r\n      {\r\n        \"name\": \"\
        LoadBalancerFrontEnd\",\r\n        \"id\": \"/subscriptions/00000000-0000-0000-0000-000000000000/resourceGroups/cli_test_lb_address_pool000001/providers/Microsoft.Network/loadBalancers/lb1/frontendIPConfigurations/LoadBalancerFrontEnd\"\
        ,\r\n        \"etag\": \"W/\\\"56820496-6431-4d68-929d-0e6cb9448193\\\"\"\
        ,\r\n        \"properties\": {\r\n          \"provisioningState\": \"Succeeded\"\
        ,\r\n          \"privateIPAllocationMethod\": \"Dynamic\",\r\n          \"\
        publicIPAddress\": {\r\n            \"id\": \"/subscriptions/00000000-0000-0000-0000-000000000000/resourceGroups/cli_test_lb_address_pool000001/providers/Microsoft.Network/publicIPAddresses/PublicIPlb1\"\
        \r\n          }\r\n        }\r\n      }\r\n    ],\r\n    \"backendAddressPools\"\
        : [\r\n      {\r\n        \"name\": \"lb1bepool\",\r\n        \"id\": \"/subscriptions/00000000-0000-0000-0000-000000000000/resourceGroups/cli_test_lb_address_pool000001/providers/Microsoft.Network/loadBalancers/lb1/backendAddressPools/lb1bepool\"\
        ,\r\n        \"etag\": \"W/\\\"56820496-6431-4d68-929d-0e6cb9448193\\\"\"\
        ,\r\n        \"properties\": {\r\n          \"provisioningState\": \"Succeeded\"\
        \r\n        }\r\n      },\r\n      {\r\n        \"name\": \"bap1\",\r\n  \
        \      \"id\": \"/subscriptions/00000000-0000-0000-0000-000000000000/resourceGroups/cli_test_lb_address_pool000001/providers/Microsoft.Network/loadBalancers/lb1/backendAddressPools/bap1\"\
        ,\r\n        \"etag\": \"W/\\\"56820496-6431-4d68-929d-0e6cb9448193\\\"\"\
        ,\r\n        \"properties\": {\r\n          \"provisioningState\": \"Succeeded\"\
        \r\n        }\r\n      },\r\n      {\r\n        \"name\": \"bap2\",\r\n  \
        \      \"id\": \"/subscriptions/00000000-0000-0000-0000-000000000000/resourceGroups/cli_test_lb_address_pool000001/providers/Microsoft.Network/loadBalancers/lb1/backendAddressPools/bap2\"\
        ,\r\n        \"etag\": \"W/\\\"56820496-6431-4d68-929d-0e6cb9448193\\\"\"\
        ,\r\n        \"properties\": {\r\n          \"provisioningState\": \"Succeeded\"\
        \r\n        }\r\n      }\r\n    ],\r\n    \"loadBalancingRules\": [],\r\n\
        \    \"probes\": [],\r\n    \"inboundNatRules\": [],\r\n    \"outboundNatRules\"\
        : [],\r\n    \"inboundNatPools\": []\r\n  }\r\n}"}
    headers:
      cache-control: [no-cache]
      content-length: ['2745']
      content-type: [application/json; charset=utf-8]
      date: ['Fri, 28 Jul 2017 18:31:39 GMT']
      etag: [W/"56820496-6431-4d68-929d-0e6cb9448193"]
      expires: ['-1']
      pragma: [no-cache]
      server: [Microsoft-HTTPAPI/2.0, Microsoft-HTTPAPI/2.0]
      strict-transport-security: [max-age=31536000; includeSubDomains]
      transfer-encoding: [chunked]
      vary: [Accept-Encoding]
    status: {code: 200, message: OK}
- request:
    body: null
    headers:
      Accept: [application/json]
      Accept-Encoding: ['gzip, deflate']
      CommandName: [network lb address-pool create]
      Connection: [keep-alive]
      Content-Type: [application/json; charset=utf-8]
      User-Agent: [python/3.5.1 (Windows-10-10.0.15063-SP0) requests/2.9.1 msrest/0.4.11
          msrest_azure/0.4.11 networkmanagementclient/1.3.0 Azure-SDK-For-Python AZURECLI/2.0.12+dev]
      accept-language: [en-US]
    method: GET
    uri: https://management.azure.com/subscriptions/00000000-0000-0000-0000-000000000000/resourceGroups/cli_test_lb_address_pool000001/providers/Microsoft.Network/loadBalancers/lb1?api-version=2017-06-01
  response:
    body: {string: "{\r\n  \"name\": \"lb1\",\r\n  \"id\": \"/subscriptions/00000000-0000-0000-0000-000000000000/resourceGroups/cli_test_lb_address_pool000001/providers/Microsoft.Network/loadBalancers/lb1\"\
        ,\r\n  \"etag\": \"W/\\\"56820496-6431-4d68-929d-0e6cb9448193\\\"\",\r\n \
        \ \"type\": \"Microsoft.Network/loadBalancers\",\r\n  \"location\": \"westus\"\
        ,\r\n  \"tags\": {},\r\n  \"properties\": {\r\n    \"provisioningState\":\
        \ \"Succeeded\",\r\n    \"resourceGuid\": \"020d4c8f-99bf-4ff0-ab5e-40287ba97ae0\"\
        ,\r\n    \"frontendIPConfigurations\": [\r\n      {\r\n        \"name\": \"\
        LoadBalancerFrontEnd\",\r\n        \"id\": \"/subscriptions/00000000-0000-0000-0000-000000000000/resourceGroups/cli_test_lb_address_pool000001/providers/Microsoft.Network/loadBalancers/lb1/frontendIPConfigurations/LoadBalancerFrontEnd\"\
        ,\r\n        \"etag\": \"W/\\\"56820496-6431-4d68-929d-0e6cb9448193\\\"\"\
        ,\r\n        \"properties\": {\r\n          \"provisioningState\": \"Succeeded\"\
        ,\r\n          \"privateIPAllocationMethod\": \"Dynamic\",\r\n          \"\
        publicIPAddress\": {\r\n            \"id\": \"/subscriptions/00000000-0000-0000-0000-000000000000/resourceGroups/cli_test_lb_address_pool000001/providers/Microsoft.Network/publicIPAddresses/PublicIPlb1\"\
        \r\n          }\r\n        }\r\n      }\r\n    ],\r\n    \"backendAddressPools\"\
        : [\r\n      {\r\n        \"name\": \"lb1bepool\",\r\n        \"id\": \"/subscriptions/00000000-0000-0000-0000-000000000000/resourceGroups/cli_test_lb_address_pool000001/providers/Microsoft.Network/loadBalancers/lb1/backendAddressPools/lb1bepool\"\
        ,\r\n        \"etag\": \"W/\\\"56820496-6431-4d68-929d-0e6cb9448193\\\"\"\
        ,\r\n        \"properties\": {\r\n          \"provisioningState\": \"Succeeded\"\
        \r\n        }\r\n      },\r\n      {\r\n        \"name\": \"bap1\",\r\n  \
        \      \"id\": \"/subscriptions/00000000-0000-0000-0000-000000000000/resourceGroups/cli_test_lb_address_pool000001/providers/Microsoft.Network/loadBalancers/lb1/backendAddressPools/bap1\"\
        ,\r\n        \"etag\": \"W/\\\"56820496-6431-4d68-929d-0e6cb9448193\\\"\"\
        ,\r\n        \"properties\": {\r\n          \"provisioningState\": \"Succeeded\"\
        \r\n        }\r\n      },\r\n      {\r\n        \"name\": \"bap2\",\r\n  \
        \      \"id\": \"/subscriptions/00000000-0000-0000-0000-000000000000/resourceGroups/cli_test_lb_address_pool000001/providers/Microsoft.Network/loadBalancers/lb1/backendAddressPools/bap2\"\
        ,\r\n        \"etag\": \"W/\\\"56820496-6431-4d68-929d-0e6cb9448193\\\"\"\
        ,\r\n        \"properties\": {\r\n          \"provisioningState\": \"Succeeded\"\
        \r\n        }\r\n      }\r\n    ],\r\n    \"loadBalancingRules\": [],\r\n\
        \    \"probes\": [],\r\n    \"inboundNatRules\": [],\r\n    \"outboundNatRules\"\
        : [],\r\n    \"inboundNatPools\": []\r\n  }\r\n}"}
    headers:
      cache-control: [no-cache]
      content-length: ['2745']
      content-type: [application/json; charset=utf-8]
      date: ['Fri, 28 Jul 2017 18:31:39 GMT']
      etag: [W/"56820496-6431-4d68-929d-0e6cb9448193"]
      expires: ['-1']
      pragma: [no-cache]
      server: [Microsoft-HTTPAPI/2.0, Microsoft-HTTPAPI/2.0]
      strict-transport-security: [max-age=31536000; includeSubDomains]
      transfer-encoding: [chunked]
      vary: [Accept-Encoding]
    status: {code: 200, message: OK}
- request:
    body: 'b''{"properties": {"resourceGuid": "020d4c8f-99bf-4ff0-ab5e-40287ba97ae0",
      "backendAddressPools": [{"properties": {"provisioningState": "Succeeded"}, "id":
      "/subscriptions/6b085460-5f21-477e-ba44-1035046e9101/resourceGroups/cli_test_lb_address_pool000001/providers/Microsoft.Network/loadBalancers/lb1/backendAddressPools/lb1bepool",
      "name": "lb1bepool", "etag": "W/\\"56820496-6431-4d68-929d-0e6cb9448193\\""},
      {"properties": {"provisioningState": "Succeeded"}, "id": "/subscriptions/6b085460-5f21-477e-ba44-1035046e9101/resourceGroups/cli_test_lb_address_pool000001/providers/Microsoft.Network/loadBalancers/lb1/backendAddressPools/bap1",
      "name": "bap1", "etag": "W/\\"56820496-6431-4d68-929d-0e6cb9448193\\""}, {"properties":
      {"provisioningState": "Succeeded"}, "id": "/subscriptions/6b085460-5f21-477e-ba44-1035046e9101/resourceGroups/cli_test_lb_address_pool000001/providers/Microsoft.Network/loadBalancers/lb1/backendAddressPools/bap2",
      "name": "bap2", "etag": "W/\\"56820496-6431-4d68-929d-0e6cb9448193\\""}, {"name":
      "bap3"}], "probes": [], "provisioningState": "Succeeded", "outboundNatRules":
      [], "inboundNatPools": [], "frontendIPConfigurations": [{"properties": {"publicIPAddress":
      {"id": "/subscriptions/6b085460-5f21-477e-ba44-1035046e9101/resourceGroups/cli_test_lb_address_pool000001/providers/Microsoft.Network/publicIPAddresses/PublicIPlb1"},
      "privateIPAllocationMethod": "Dynamic", "provisioningState": "Succeeded"}, "id":
      "/subscriptions/6b085460-5f21-477e-ba44-1035046e9101/resourceGroups/cli_test_lb_address_pool000001/providers/Microsoft.Network/loadBalancers/lb1/frontendIPConfigurations/LoadBalancerFrontEnd",
      "name": "LoadBalancerFrontEnd", "etag": "W/\\"56820496-6431-4d68-929d-0e6cb9448193\\""}],
      "loadBalancingRules": [], "inboundNatRules": []}, "id": "/subscriptions/6b085460-5f21-477e-ba44-1035046e9101/resourceGroups/cli_test_lb_address_pool000001/providers/Microsoft.Network/loadBalancers/lb1",
      "tags": {}, "location": "westus", "etag": "W/\\"56820496-6431-4d68-929d-0e6cb9448193\\""}'''
    headers:
      Accept: [application/json]
      Accept-Encoding: ['gzip, deflate']
      CommandName: [network lb address-pool create]
      Connection: [keep-alive]
      Content-Length: ['2273']
      Content-Type: [application/json; charset=utf-8]
      User-Agent: [python/3.5.1 (Windows-10-10.0.15063-SP0) requests/2.9.1 msrest/0.4.11
          msrest_azure/0.4.11 networkmanagementclient/1.3.0 Azure-SDK-For-Python AZURECLI/2.0.12+dev]
      accept-language: [en-US]
    method: PUT
    uri: https://management.azure.com/subscriptions/00000000-0000-0000-0000-000000000000/resourceGroups/cli_test_lb_address_pool000001/providers/Microsoft.Network/loadBalancers/lb1?api-version=2017-06-01
  response:
    body: {string: "{\r\n  \"name\": \"lb1\",\r\n  \"id\": \"/subscriptions/00000000-0000-0000-0000-000000000000/resourceGroups/cli_test_lb_address_pool000001/providers/Microsoft.Network/loadBalancers/lb1\"\
        ,\r\n  \"etag\": \"W/\\\"c0113950-ffd1-4882-8688-71ce727590b8\\\"\",\r\n \
        \ \"type\": \"Microsoft.Network/loadBalancers\",\r\n  \"location\": \"westus\"\
        ,\r\n  \"tags\": {},\r\n  \"properties\": {\r\n    \"provisioningState\":\
        \ \"Succeeded\",\r\n    \"resourceGuid\": \"020d4c8f-99bf-4ff0-ab5e-40287ba97ae0\"\
        ,\r\n    \"frontendIPConfigurations\": [\r\n      {\r\n        \"name\": \"\
        LoadBalancerFrontEnd\",\r\n        \"id\": \"/subscriptions/00000000-0000-0000-0000-000000000000/resourceGroups/cli_test_lb_address_pool000001/providers/Microsoft.Network/loadBalancers/lb1/frontendIPConfigurations/LoadBalancerFrontEnd\"\
        ,\r\n        \"etag\": \"W/\\\"c0113950-ffd1-4882-8688-71ce727590b8\\\"\"\
        ,\r\n        \"properties\": {\r\n          \"provisioningState\": \"Succeeded\"\
        ,\r\n          \"privateIPAllocationMethod\": \"Dynamic\",\r\n          \"\
        publicIPAddress\": {\r\n            \"id\": \"/subscriptions/00000000-0000-0000-0000-000000000000/resourceGroups/cli_test_lb_address_pool000001/providers/Microsoft.Network/publicIPAddresses/PublicIPlb1\"\
        \r\n          }\r\n        }\r\n      }\r\n    ],\r\n    \"backendAddressPools\"\
        : [\r\n      {\r\n        \"name\": \"lb1bepool\",\r\n        \"id\": \"/subscriptions/00000000-0000-0000-0000-000000000000/resourceGroups/cli_test_lb_address_pool000001/providers/Microsoft.Network/loadBalancers/lb1/backendAddressPools/lb1bepool\"\
        ,\r\n        \"etag\": \"W/\\\"c0113950-ffd1-4882-8688-71ce727590b8\\\"\"\
        ,\r\n        \"properties\": {\r\n          \"provisioningState\": \"Succeeded\"\
        \r\n        }\r\n      },\r\n      {\r\n        \"name\": \"bap1\",\r\n  \
        \      \"id\": \"/subscriptions/00000000-0000-0000-0000-000000000000/resourceGroups/cli_test_lb_address_pool000001/providers/Microsoft.Network/loadBalancers/lb1/backendAddressPools/bap1\"\
        ,\r\n        \"etag\": \"W/\\\"c0113950-ffd1-4882-8688-71ce727590b8\\\"\"\
        ,\r\n        \"properties\": {\r\n          \"provisioningState\": \"Succeeded\"\
        \r\n        }\r\n      },\r\n      {\r\n        \"name\": \"bap2\",\r\n  \
        \      \"id\": \"/subscriptions/00000000-0000-0000-0000-000000000000/resourceGroups/cli_test_lb_address_pool000001/providers/Microsoft.Network/loadBalancers/lb1/backendAddressPools/bap2\"\
        ,\r\n        \"etag\": \"W/\\\"c0113950-ffd1-4882-8688-71ce727590b8\\\"\"\
        ,\r\n        \"properties\": {\r\n          \"provisioningState\": \"Succeeded\"\
        \r\n        }\r\n      },\r\n      {\r\n        \"name\": \"bap3\",\r\n  \
        \      \"id\": \"/subscriptions/00000000-0000-0000-0000-000000000000/resourceGroups/cli_test_lb_address_pool000001/providers/Microsoft.Network/loadBalancers/lb1/backendAddressPools/bap3\"\
        ,\r\n        \"etag\": \"W/\\\"c0113950-ffd1-4882-8688-71ce727590b8\\\"\"\
        ,\r\n        \"properties\": {\r\n          \"provisioningState\": \"Succeeded\"\
        \r\n        }\r\n      }\r\n    ],\r\n    \"loadBalancingRules\": [],\r\n\
        \    \"probes\": [],\r\n    \"inboundNatRules\": [],\r\n    \"outboundNatRules\"\
        : [],\r\n    \"inboundNatPools\": []\r\n  }\r\n}"}
    headers:
      azure-asyncoperation: ['https://management.azure.com/subscriptions/00000000-0000-0000-0000-000000000000/providers/Microsoft.Network/locations/westus/operations/df3bf712-6854-49a2-bba0-3f635c9e3868?api-version=2017-06-01']
      cache-control: [no-cache]
      content-length: ['3164']
      content-type: [application/json; charset=utf-8]
      date: ['Fri, 28 Jul 2017 18:31:40 GMT']
      expires: ['-1']
      pragma: [no-cache]
      server: [Microsoft-HTTPAPI/2.0, Microsoft-HTTPAPI/2.0]
      strict-transport-security: [max-age=31536000; includeSubDomains]
      transfer-encoding: [chunked]
      vary: [Accept-Encoding]
      x-ms-ratelimit-remaining-subscription-writes: ['1198']
    status: {code: 200, message: OK}
- request:
    body: null
    headers:
      Accept: [application/json]
      Accept-Encoding: ['gzip, deflate']
      CommandName: [network lb address-pool create]
      Connection: [keep-alive]
      Content-Type: [application/json; charset=utf-8]
      User-Agent: [python/3.5.1 (Windows-10-10.0.15063-SP0) requests/2.9.1 msrest/0.4.11
          msrest_azure/0.4.11 networkmanagementclient/1.3.0 Azure-SDK-For-Python AZURECLI/2.0.12+dev]
      accept-language: [en-US]
    method: GET
    uri: https://management.azure.com/subscriptions/00000000-0000-0000-0000-000000000000/providers/Microsoft.Network/locations/westus/operations/df3bf712-6854-49a2-bba0-3f635c9e3868?api-version=2017-06-01
  response:
    body: {string: "{\r\n  \"status\": \"Succeeded\"\r\n}"}
    headers:
      cache-control: [no-cache]
      content-length: ['29']
      content-type: [application/json; charset=utf-8]
      date: ['Fri, 28 Jul 2017 18:32:10 GMT']
      expires: ['-1']
      pragma: [no-cache]
      server: [Microsoft-HTTPAPI/2.0, Microsoft-HTTPAPI/2.0]
      strict-transport-security: [max-age=31536000; includeSubDomains]
      transfer-encoding: [chunked]
      vary: [Accept-Encoding]
    status: {code: 200, message: OK}
- request:
    body: null
    headers:
      Accept: [application/json]
      Accept-Encoding: ['gzip, deflate']
      CommandName: [network lb address-pool create]
      Connection: [keep-alive]
      Content-Type: [application/json; charset=utf-8]
      User-Agent: [python/3.5.1 (Windows-10-10.0.15063-SP0) requests/2.9.1 msrest/0.4.11
          msrest_azure/0.4.11 networkmanagementclient/1.3.0 Azure-SDK-For-Python AZURECLI/2.0.12+dev]
      accept-language: [en-US]
    method: GET
    uri: https://management.azure.com/subscriptions/00000000-0000-0000-0000-000000000000/resourceGroups/cli_test_lb_address_pool000001/providers/Microsoft.Network/loadBalancers/lb1?api-version=2017-06-01
  response:
    body: {string: "{\r\n  \"name\": \"lb1\",\r\n  \"id\": \"/subscriptions/00000000-0000-0000-0000-000000000000/resourceGroups/cli_test_lb_address_pool000001/providers/Microsoft.Network/loadBalancers/lb1\"\
        ,\r\n  \"etag\": \"W/\\\"c0113950-ffd1-4882-8688-71ce727590b8\\\"\",\r\n \
        \ \"type\": \"Microsoft.Network/loadBalancers\",\r\n  \"location\": \"westus\"\
        ,\r\n  \"tags\": {},\r\n  \"properties\": {\r\n    \"provisioningState\":\
        \ \"Succeeded\",\r\n    \"resourceGuid\": \"020d4c8f-99bf-4ff0-ab5e-40287ba97ae0\"\
        ,\r\n    \"frontendIPConfigurations\": [\r\n      {\r\n        \"name\": \"\
        LoadBalancerFrontEnd\",\r\n        \"id\": \"/subscriptions/00000000-0000-0000-0000-000000000000/resourceGroups/cli_test_lb_address_pool000001/providers/Microsoft.Network/loadBalancers/lb1/frontendIPConfigurations/LoadBalancerFrontEnd\"\
        ,\r\n        \"etag\": \"W/\\\"c0113950-ffd1-4882-8688-71ce727590b8\\\"\"\
        ,\r\n        \"properties\": {\r\n          \"provisioningState\": \"Succeeded\"\
        ,\r\n          \"privateIPAllocationMethod\": \"Dynamic\",\r\n          \"\
        publicIPAddress\": {\r\n            \"id\": \"/subscriptions/00000000-0000-0000-0000-000000000000/resourceGroups/cli_test_lb_address_pool000001/providers/Microsoft.Network/publicIPAddresses/PublicIPlb1\"\
        \r\n          }\r\n        }\r\n      }\r\n    ],\r\n    \"backendAddressPools\"\
        : [\r\n      {\r\n        \"name\": \"lb1bepool\",\r\n        \"id\": \"/subscriptions/00000000-0000-0000-0000-000000000000/resourceGroups/cli_test_lb_address_pool000001/providers/Microsoft.Network/loadBalancers/lb1/backendAddressPools/lb1bepool\"\
        ,\r\n        \"etag\": \"W/\\\"c0113950-ffd1-4882-8688-71ce727590b8\\\"\"\
        ,\r\n        \"properties\": {\r\n          \"provisioningState\": \"Succeeded\"\
        \r\n        }\r\n      },\r\n      {\r\n        \"name\": \"bap1\",\r\n  \
        \      \"id\": \"/subscriptions/00000000-0000-0000-0000-000000000000/resourceGroups/cli_test_lb_address_pool000001/providers/Microsoft.Network/loadBalancers/lb1/backendAddressPools/bap1\"\
        ,\r\n        \"etag\": \"W/\\\"c0113950-ffd1-4882-8688-71ce727590b8\\\"\"\
        ,\r\n        \"properties\": {\r\n          \"provisioningState\": \"Succeeded\"\
        \r\n        }\r\n      },\r\n      {\r\n        \"name\": \"bap2\",\r\n  \
        \      \"id\": \"/subscriptions/00000000-0000-0000-0000-000000000000/resourceGroups/cli_test_lb_address_pool000001/providers/Microsoft.Network/loadBalancers/lb1/backendAddressPools/bap2\"\
        ,\r\n        \"etag\": \"W/\\\"c0113950-ffd1-4882-8688-71ce727590b8\\\"\"\
        ,\r\n        \"properties\": {\r\n          \"provisioningState\": \"Succeeded\"\
        \r\n        }\r\n      },\r\n      {\r\n        \"name\": \"bap3\",\r\n  \
        \      \"id\": \"/subscriptions/00000000-0000-0000-0000-000000000000/resourceGroups/cli_test_lb_address_pool000001/providers/Microsoft.Network/loadBalancers/lb1/backendAddressPools/bap3\"\
        ,\r\n        \"etag\": \"W/\\\"c0113950-ffd1-4882-8688-71ce727590b8\\\"\"\
        ,\r\n        \"properties\": {\r\n          \"provisioningState\": \"Succeeded\"\
        \r\n        }\r\n      }\r\n    ],\r\n    \"loadBalancingRules\": [],\r\n\
        \    \"probes\": [],\r\n    \"inboundNatRules\": [],\r\n    \"outboundNatRules\"\
        : [],\r\n    \"inboundNatPools\": []\r\n  }\r\n}"}
    headers:
      cache-control: [no-cache]
      content-length: ['3164']
      content-type: [application/json; charset=utf-8]
      date: ['Fri, 28 Jul 2017 18:32:11 GMT']
      etag: [W/"c0113950-ffd1-4882-8688-71ce727590b8"]
      expires: ['-1']
      pragma: [no-cache]
      server: [Microsoft-HTTPAPI/2.0, Microsoft-HTTPAPI/2.0]
      strict-transport-security: [max-age=31536000; includeSubDomains]
      transfer-encoding: [chunked]
      vary: [Accept-Encoding]
    status: {code: 200, message: OK}
- request:
    body: null
    headers:
      Accept: [application/json]
      Accept-Encoding: ['gzip, deflate']
      CommandName: [network lb address-pool list]
      Connection: [keep-alive]
      Content-Type: [application/json; charset=utf-8]
      User-Agent: [python/3.5.1 (Windows-10-10.0.15063-SP0) requests/2.9.1 msrest/0.4.11
          msrest_azure/0.4.11 networkmanagementclient/1.3.0 Azure-SDK-For-Python AZURECLI/2.0.12+dev]
      accept-language: [en-US]
    method: GET
    uri: https://management.azure.com/subscriptions/00000000-0000-0000-0000-000000000000/resourceGroups/cli_test_lb_address_pool000001/providers/Microsoft.Network/loadBalancers/lb1?api-version=2017-06-01
  response:
    body: {string: "{\r\n  \"name\": \"lb1\",\r\n  \"id\": \"/subscriptions/00000000-0000-0000-0000-000000000000/resourceGroups/cli_test_lb_address_pool000001/providers/Microsoft.Network/loadBalancers/lb1\"\
        ,\r\n  \"etag\": \"W/\\\"c0113950-ffd1-4882-8688-71ce727590b8\\\"\",\r\n \
        \ \"type\": \"Microsoft.Network/loadBalancers\",\r\n  \"location\": \"westus\"\
        ,\r\n  \"tags\": {},\r\n  \"properties\": {\r\n    \"provisioningState\":\
        \ \"Succeeded\",\r\n    \"resourceGuid\": \"020d4c8f-99bf-4ff0-ab5e-40287ba97ae0\"\
        ,\r\n    \"frontendIPConfigurations\": [\r\n      {\r\n        \"name\": \"\
        LoadBalancerFrontEnd\",\r\n        \"id\": \"/subscriptions/00000000-0000-0000-0000-000000000000/resourceGroups/cli_test_lb_address_pool000001/providers/Microsoft.Network/loadBalancers/lb1/frontendIPConfigurations/LoadBalancerFrontEnd\"\
        ,\r\n        \"etag\": \"W/\\\"c0113950-ffd1-4882-8688-71ce727590b8\\\"\"\
        ,\r\n        \"properties\": {\r\n          \"provisioningState\": \"Succeeded\"\
        ,\r\n          \"privateIPAllocationMethod\": \"Dynamic\",\r\n          \"\
        publicIPAddress\": {\r\n            \"id\": \"/subscriptions/00000000-0000-0000-0000-000000000000/resourceGroups/cli_test_lb_address_pool000001/providers/Microsoft.Network/publicIPAddresses/PublicIPlb1\"\
        \r\n          }\r\n        }\r\n      }\r\n    ],\r\n    \"backendAddressPools\"\
        : [\r\n      {\r\n        \"name\": \"lb1bepool\",\r\n        \"id\": \"/subscriptions/00000000-0000-0000-0000-000000000000/resourceGroups/cli_test_lb_address_pool000001/providers/Microsoft.Network/loadBalancers/lb1/backendAddressPools/lb1bepool\"\
        ,\r\n        \"etag\": \"W/\\\"c0113950-ffd1-4882-8688-71ce727590b8\\\"\"\
        ,\r\n        \"properties\": {\r\n          \"provisioningState\": \"Succeeded\"\
        \r\n        }\r\n      },\r\n      {\r\n        \"name\": \"bap1\",\r\n  \
        \      \"id\": \"/subscriptions/00000000-0000-0000-0000-000000000000/resourceGroups/cli_test_lb_address_pool000001/providers/Microsoft.Network/loadBalancers/lb1/backendAddressPools/bap1\"\
        ,\r\n        \"etag\": \"W/\\\"c0113950-ffd1-4882-8688-71ce727590b8\\\"\"\
        ,\r\n        \"properties\": {\r\n          \"provisioningState\": \"Succeeded\"\
        \r\n        }\r\n      },\r\n      {\r\n        \"name\": \"bap2\",\r\n  \
        \      \"id\": \"/subscriptions/00000000-0000-0000-0000-000000000000/resourceGroups/cli_test_lb_address_pool000001/providers/Microsoft.Network/loadBalancers/lb1/backendAddressPools/bap2\"\
        ,\r\n        \"etag\": \"W/\\\"c0113950-ffd1-4882-8688-71ce727590b8\\\"\"\
        ,\r\n        \"properties\": {\r\n          \"provisioningState\": \"Succeeded\"\
        \r\n        }\r\n      },\r\n      {\r\n        \"name\": \"bap3\",\r\n  \
        \      \"id\": \"/subscriptions/00000000-0000-0000-0000-000000000000/resourceGroups/cli_test_lb_address_pool000001/providers/Microsoft.Network/loadBalancers/lb1/backendAddressPools/bap3\"\
        ,\r\n        \"etag\": \"W/\\\"c0113950-ffd1-4882-8688-71ce727590b8\\\"\"\
        ,\r\n        \"properties\": {\r\n          \"provisioningState\": \"Succeeded\"\
        \r\n        }\r\n      }\r\n    ],\r\n    \"loadBalancingRules\": [],\r\n\
        \    \"probes\": [],\r\n    \"inboundNatRules\": [],\r\n    \"outboundNatRules\"\
        : [],\r\n    \"inboundNatPools\": []\r\n  }\r\n}"}
    headers:
      cache-control: [no-cache]
      content-length: ['3164']
      content-type: [application/json; charset=utf-8]
      date: ['Fri, 28 Jul 2017 18:32:11 GMT']
      etag: [W/"c0113950-ffd1-4882-8688-71ce727590b8"]
      expires: ['-1']
      pragma: [no-cache]
      server: [Microsoft-HTTPAPI/2.0, Microsoft-HTTPAPI/2.0]
      strict-transport-security: [max-age=31536000; includeSubDomains]
      transfer-encoding: [chunked]
      vary: [Accept-Encoding]
    status: {code: 200, message: OK}
- request:
    body: null
    headers:
      Accept: [application/json]
      Accept-Encoding: ['gzip, deflate']
      CommandName: [network lb address-pool show]
      Connection: [keep-alive]
      Content-Type: [application/json; charset=utf-8]
      User-Agent: [python/3.5.1 (Windows-10-10.0.15063-SP0) requests/2.9.1 msrest/0.4.11
          msrest_azure/0.4.11 networkmanagementclient/1.3.0 Azure-SDK-For-Python AZURECLI/2.0.12+dev]
      accept-language: [en-US]
    method: GET
    uri: https://management.azure.com/subscriptions/00000000-0000-0000-0000-000000000000/resourceGroups/cli_test_lb_address_pool000001/providers/Microsoft.Network/loadBalancers/lb1?api-version=2017-06-01
  response:
    body: {string: "{\r\n  \"name\": \"lb1\",\r\n  \"id\": \"/subscriptions/00000000-0000-0000-0000-000000000000/resourceGroups/cli_test_lb_address_pool000001/providers/Microsoft.Network/loadBalancers/lb1\"\
        ,\r\n  \"etag\": \"W/\\\"c0113950-ffd1-4882-8688-71ce727590b8\\\"\",\r\n \
        \ \"type\": \"Microsoft.Network/loadBalancers\",\r\n  \"location\": \"westus\"\
        ,\r\n  \"tags\": {},\r\n  \"properties\": {\r\n    \"provisioningState\":\
        \ \"Succeeded\",\r\n    \"resourceGuid\": \"020d4c8f-99bf-4ff0-ab5e-40287ba97ae0\"\
        ,\r\n    \"frontendIPConfigurations\": [\r\n      {\r\n        \"name\": \"\
        LoadBalancerFrontEnd\",\r\n        \"id\": \"/subscriptions/00000000-0000-0000-0000-000000000000/resourceGroups/cli_test_lb_address_pool000001/providers/Microsoft.Network/loadBalancers/lb1/frontendIPConfigurations/LoadBalancerFrontEnd\"\
        ,\r\n        \"etag\": \"W/\\\"c0113950-ffd1-4882-8688-71ce727590b8\\\"\"\
        ,\r\n        \"properties\": {\r\n          \"provisioningState\": \"Succeeded\"\
        ,\r\n          \"privateIPAllocationMethod\": \"Dynamic\",\r\n          \"\
        publicIPAddress\": {\r\n            \"id\": \"/subscriptions/00000000-0000-0000-0000-000000000000/resourceGroups/cli_test_lb_address_pool000001/providers/Microsoft.Network/publicIPAddresses/PublicIPlb1\"\
        \r\n          }\r\n        }\r\n      }\r\n    ],\r\n    \"backendAddressPools\"\
        : [\r\n      {\r\n        \"name\": \"lb1bepool\",\r\n        \"id\": \"/subscriptions/00000000-0000-0000-0000-000000000000/resourceGroups/cli_test_lb_address_pool000001/providers/Microsoft.Network/loadBalancers/lb1/backendAddressPools/lb1bepool\"\
        ,\r\n        \"etag\": \"W/\\\"c0113950-ffd1-4882-8688-71ce727590b8\\\"\"\
        ,\r\n        \"properties\": {\r\n          \"provisioningState\": \"Succeeded\"\
        \r\n        }\r\n      },\r\n      {\r\n        \"name\": \"bap1\",\r\n  \
        \      \"id\": \"/subscriptions/00000000-0000-0000-0000-000000000000/resourceGroups/cli_test_lb_address_pool000001/providers/Microsoft.Network/loadBalancers/lb1/backendAddressPools/bap1\"\
        ,\r\n        \"etag\": \"W/\\\"c0113950-ffd1-4882-8688-71ce727590b8\\\"\"\
        ,\r\n        \"properties\": {\r\n          \"provisioningState\": \"Succeeded\"\
        \r\n        }\r\n      },\r\n      {\r\n        \"name\": \"bap2\",\r\n  \
        \      \"id\": \"/subscriptions/00000000-0000-0000-0000-000000000000/resourceGroups/cli_test_lb_address_pool000001/providers/Microsoft.Network/loadBalancers/lb1/backendAddressPools/bap2\"\
        ,\r\n        \"etag\": \"W/\\\"c0113950-ffd1-4882-8688-71ce727590b8\\\"\"\
        ,\r\n        \"properties\": {\r\n          \"provisioningState\": \"Succeeded\"\
        \r\n        }\r\n      },\r\n      {\r\n        \"name\": \"bap3\",\r\n  \
        \      \"id\": \"/subscriptions/00000000-0000-0000-0000-000000000000/resourceGroups/cli_test_lb_address_pool000001/providers/Microsoft.Network/loadBalancers/lb1/backendAddressPools/bap3\"\
        ,\r\n        \"etag\": \"W/\\\"c0113950-ffd1-4882-8688-71ce727590b8\\\"\"\
        ,\r\n        \"properties\": {\r\n          \"provisioningState\": \"Succeeded\"\
        \r\n        }\r\n      }\r\n    ],\r\n    \"loadBalancingRules\": [],\r\n\
        \    \"probes\": [],\r\n    \"inboundNatRules\": [],\r\n    \"outboundNatRules\"\
        : [],\r\n    \"inboundNatPools\": []\r\n  }\r\n}"}
    headers:
      cache-control: [no-cache]
      content-length: ['3164']
      content-type: [application/json; charset=utf-8]
      date: ['Fri, 28 Jul 2017 18:32:11 GMT']
      etag: [W/"c0113950-ffd1-4882-8688-71ce727590b8"]
      expires: ['-1']
      pragma: [no-cache]
      server: [Microsoft-HTTPAPI/2.0, Microsoft-HTTPAPI/2.0]
      strict-transport-security: [max-age=31536000; includeSubDomains]
      transfer-encoding: [chunked]
      vary: [Accept-Encoding]
    status: {code: 200, message: OK}
- request:
    body: null
    headers:
      Accept: [application/json]
      Accept-Encoding: ['gzip, deflate']
      CommandName: [network lb address-pool delete]
      Connection: [keep-alive]
      Content-Type: [application/json; charset=utf-8]
      User-Agent: [python/3.5.1 (Windows-10-10.0.15063-SP0) requests/2.9.1 msrest/0.4.11
          msrest_azure/0.4.11 networkmanagementclient/1.3.0 Azure-SDK-For-Python AZURECLI/2.0.12+dev]
      accept-language: [en-US]
    method: GET
    uri: https://management.azure.com/subscriptions/00000000-0000-0000-0000-000000000000/resourceGroups/cli_test_lb_address_pool000001/providers/Microsoft.Network/loadBalancers/lb1?api-version=2017-06-01
  response:
    body: {string: "{\r\n  \"name\": \"lb1\",\r\n  \"id\": \"/subscriptions/00000000-0000-0000-0000-000000000000/resourceGroups/cli_test_lb_address_pool000001/providers/Microsoft.Network/loadBalancers/lb1\"\
        ,\r\n  \"etag\": \"W/\\\"c0113950-ffd1-4882-8688-71ce727590b8\\\"\",\r\n \
        \ \"type\": \"Microsoft.Network/loadBalancers\",\r\n  \"location\": \"westus\"\
        ,\r\n  \"tags\": {},\r\n  \"properties\": {\r\n    \"provisioningState\":\
        \ \"Succeeded\",\r\n    \"resourceGuid\": \"020d4c8f-99bf-4ff0-ab5e-40287ba97ae0\"\
        ,\r\n    \"frontendIPConfigurations\": [\r\n      {\r\n        \"name\": \"\
        LoadBalancerFrontEnd\",\r\n        \"id\": \"/subscriptions/00000000-0000-0000-0000-000000000000/resourceGroups/cli_test_lb_address_pool000001/providers/Microsoft.Network/loadBalancers/lb1/frontendIPConfigurations/LoadBalancerFrontEnd\"\
        ,\r\n        \"etag\": \"W/\\\"c0113950-ffd1-4882-8688-71ce727590b8\\\"\"\
        ,\r\n        \"properties\": {\r\n          \"provisioningState\": \"Succeeded\"\
        ,\r\n          \"privateIPAllocationMethod\": \"Dynamic\",\r\n          \"\
        publicIPAddress\": {\r\n            \"id\": \"/subscriptions/00000000-0000-0000-0000-000000000000/resourceGroups/cli_test_lb_address_pool000001/providers/Microsoft.Network/publicIPAddresses/PublicIPlb1\"\
        \r\n          }\r\n        }\r\n      }\r\n    ],\r\n    \"backendAddressPools\"\
        : [\r\n      {\r\n        \"name\": \"lb1bepool\",\r\n        \"id\": \"/subscriptions/00000000-0000-0000-0000-000000000000/resourceGroups/cli_test_lb_address_pool000001/providers/Microsoft.Network/loadBalancers/lb1/backendAddressPools/lb1bepool\"\
        ,\r\n        \"etag\": \"W/\\\"c0113950-ffd1-4882-8688-71ce727590b8\\\"\"\
        ,\r\n        \"properties\": {\r\n          \"provisioningState\": \"Succeeded\"\
        \r\n        }\r\n      },\r\n      {\r\n        \"name\": \"bap1\",\r\n  \
        \      \"id\": \"/subscriptions/00000000-0000-0000-0000-000000000000/resourceGroups/cli_test_lb_address_pool000001/providers/Microsoft.Network/loadBalancers/lb1/backendAddressPools/bap1\"\
        ,\r\n        \"etag\": \"W/\\\"c0113950-ffd1-4882-8688-71ce727590b8\\\"\"\
        ,\r\n        \"properties\": {\r\n          \"provisioningState\": \"Succeeded\"\
        \r\n        }\r\n      },\r\n      {\r\n        \"name\": \"bap2\",\r\n  \
        \      \"id\": \"/subscriptions/00000000-0000-0000-0000-000000000000/resourceGroups/cli_test_lb_address_pool000001/providers/Microsoft.Network/loadBalancers/lb1/backendAddressPools/bap2\"\
        ,\r\n        \"etag\": \"W/\\\"c0113950-ffd1-4882-8688-71ce727590b8\\\"\"\
        ,\r\n        \"properties\": {\r\n          \"provisioningState\": \"Succeeded\"\
        \r\n        }\r\n      },\r\n      {\r\n        \"name\": \"bap3\",\r\n  \
        \      \"id\": \"/subscriptions/00000000-0000-0000-0000-000000000000/resourceGroups/cli_test_lb_address_pool000001/providers/Microsoft.Network/loadBalancers/lb1/backendAddressPools/bap3\"\
        ,\r\n        \"etag\": \"W/\\\"c0113950-ffd1-4882-8688-71ce727590b8\\\"\"\
        ,\r\n        \"properties\": {\r\n          \"provisioningState\": \"Succeeded\"\
        \r\n        }\r\n      }\r\n    ],\r\n    \"loadBalancingRules\": [],\r\n\
        \    \"probes\": [],\r\n    \"inboundNatRules\": [],\r\n    \"outboundNatRules\"\
        : [],\r\n    \"inboundNatPools\": []\r\n  }\r\n}"}
    headers:
      cache-control: [no-cache]
      content-length: ['3164']
      content-type: [application/json; charset=utf-8]
      date: ['Fri, 28 Jul 2017 18:32:12 GMT']
      etag: [W/"c0113950-ffd1-4882-8688-71ce727590b8"]
      expires: ['-1']
      pragma: [no-cache]
      server: [Microsoft-HTTPAPI/2.0, Microsoft-HTTPAPI/2.0]
      strict-transport-security: [max-age=31536000; includeSubDomains]
      transfer-encoding: [chunked]
      vary: [Accept-Encoding]
    status: {code: 200, message: OK}
- request:
    body: 'b''{"properties": {"resourceGuid": "020d4c8f-99bf-4ff0-ab5e-40287ba97ae0",
      "backendAddressPools": [{"properties": {"provisioningState": "Succeeded"}, "id":
      "/subscriptions/6b085460-5f21-477e-ba44-1035046e9101/resourceGroups/cli_test_lb_address_pool000001/providers/Microsoft.Network/loadBalancers/lb1/backendAddressPools/lb1bepool",
      "name": "lb1bepool", "etag": "W/\\"c0113950-ffd1-4882-8688-71ce727590b8\\""},
      {"properties": {"provisioningState": "Succeeded"}, "id": "/subscriptions/6b085460-5f21-477e-ba44-1035046e9101/resourceGroups/cli_test_lb_address_pool000001/providers/Microsoft.Network/loadBalancers/lb1/backendAddressPools/bap2",
      "name": "bap2", "etag": "W/\\"c0113950-ffd1-4882-8688-71ce727590b8\\""}, {"properties":
      {"provisioningState": "Succeeded"}, "id": "/subscriptions/6b085460-5f21-477e-ba44-1035046e9101/resourceGroups/cli_test_lb_address_pool000001/providers/Microsoft.Network/loadBalancers/lb1/backendAddressPools/bap3",
      "name": "bap3", "etag": "W/\\"c0113950-ffd1-4882-8688-71ce727590b8\\""}], "probes":
      [], "provisioningState": "Succeeded", "outboundNatRules": [], "inboundNatPools":
      [], "frontendIPConfigurations": [{"properties": {"publicIPAddress": {"id": "/subscriptions/6b085460-5f21-477e-ba44-1035046e9101/resourceGroups/cli_test_lb_address_pool000001/providers/Microsoft.Network/publicIPAddresses/PublicIPlb1"},
      "privateIPAllocationMethod": "Dynamic", "provisioningState": "Succeeded"}, "id":
      "/subscriptions/6b085460-5f21-477e-ba44-1035046e9101/resourceGroups/cli_test_lb_address_pool000001/providers/Microsoft.Network/loadBalancers/lb1/frontendIPConfigurations/LoadBalancerFrontEnd",
      "name": "LoadBalancerFrontEnd", "etag": "W/\\"c0113950-ffd1-4882-8688-71ce727590b8\\""}],
      "loadBalancingRules": [], "inboundNatRules": []}, "id": "/subscriptions/6b085460-5f21-477e-ba44-1035046e9101/resourceGroups/cli_test_lb_address_pool000001/providers/Microsoft.Network/loadBalancers/lb1",
      "tags": {}, "location": "westus", "etag": "W/\\"c0113950-ffd1-4882-8688-71ce727590b8\\""}'''
    headers:
      Accept: [application/json]
      Accept-Encoding: ['gzip, deflate']
      CommandName: [network lb address-pool delete]
      Connection: [keep-alive]
      Content-Length: ['2255']
      Content-Type: [application/json; charset=utf-8]
      User-Agent: [python/3.5.1 (Windows-10-10.0.15063-SP0) requests/2.9.1 msrest/0.4.11
          msrest_azure/0.4.11 networkmanagementclient/1.3.0 Azure-SDK-For-Python AZURECLI/2.0.12+dev]
      accept-language: [en-US]
    method: PUT
    uri: https://management.azure.com/subscriptions/00000000-0000-0000-0000-000000000000/resourceGroups/cli_test_lb_address_pool000001/providers/Microsoft.Network/loadBalancers/lb1?api-version=2017-06-01
  response:
    body: {string: "{\r\n  \"name\": \"lb1\",\r\n  \"id\": \"/subscriptions/00000000-0000-0000-0000-000000000000/resourceGroups/cli_test_lb_address_pool000001/providers/Microsoft.Network/loadBalancers/lb1\"\
        ,\r\n  \"etag\": \"W/\\\"cb2b4c49-97c1-4c6a-868f-df0af352b987\\\"\",\r\n \
        \ \"type\": \"Microsoft.Network/loadBalancers\",\r\n  \"location\": \"westus\"\
        ,\r\n  \"tags\": {},\r\n  \"properties\": {\r\n    \"provisioningState\":\
        \ \"Succeeded\",\r\n    \"resourceGuid\": \"020d4c8f-99bf-4ff0-ab5e-40287ba97ae0\"\
        ,\r\n    \"frontendIPConfigurations\": [\r\n      {\r\n        \"name\": \"\
        LoadBalancerFrontEnd\",\r\n        \"id\": \"/subscriptions/00000000-0000-0000-0000-000000000000/resourceGroups/cli_test_lb_address_pool000001/providers/Microsoft.Network/loadBalancers/lb1/frontendIPConfigurations/LoadBalancerFrontEnd\"\
        ,\r\n        \"etag\": \"W/\\\"cb2b4c49-97c1-4c6a-868f-df0af352b987\\\"\"\
        ,\r\n        \"properties\": {\r\n          \"provisioningState\": \"Succeeded\"\
        ,\r\n          \"privateIPAllocationMethod\": \"Dynamic\",\r\n          \"\
        publicIPAddress\": {\r\n            \"id\": \"/subscriptions/00000000-0000-0000-0000-000000000000/resourceGroups/cli_test_lb_address_pool000001/providers/Microsoft.Network/publicIPAddresses/PublicIPlb1\"\
        \r\n          }\r\n        }\r\n      }\r\n    ],\r\n    \"backendAddressPools\"\
        : [\r\n      {\r\n        \"name\": \"lb1bepool\",\r\n        \"id\": \"/subscriptions/00000000-0000-0000-0000-000000000000/resourceGroups/cli_test_lb_address_pool000001/providers/Microsoft.Network/loadBalancers/lb1/backendAddressPools/lb1bepool\"\
        ,\r\n        \"etag\": \"W/\\\"cb2b4c49-97c1-4c6a-868f-df0af352b987\\\"\"\
        ,\r\n        \"properties\": {\r\n          \"provisioningState\": \"Succeeded\"\
        \r\n        }\r\n      },\r\n      {\r\n        \"name\": \"bap2\",\r\n  \
        \      \"id\": \"/subscriptions/00000000-0000-0000-0000-000000000000/resourceGroups/cli_test_lb_address_pool000001/providers/Microsoft.Network/loadBalancers/lb1/backendAddressPools/bap2\"\
        ,\r\n        \"etag\": \"W/\\\"cb2b4c49-97c1-4c6a-868f-df0af352b987\\\"\"\
        ,\r\n        \"properties\": {\r\n          \"provisioningState\": \"Succeeded\"\
        \r\n        }\r\n      },\r\n      {\r\n        \"name\": \"bap3\",\r\n  \
        \      \"id\": \"/subscriptions/00000000-0000-0000-0000-000000000000/resourceGroups/cli_test_lb_address_pool000001/providers/Microsoft.Network/loadBalancers/lb1/backendAddressPools/bap3\"\
        ,\r\n        \"etag\": \"W/\\\"cb2b4c49-97c1-4c6a-868f-df0af352b987\\\"\"\
        ,\r\n        \"properties\": {\r\n          \"provisioningState\": \"Succeeded\"\
        \r\n        }\r\n      }\r\n    ],\r\n    \"loadBalancingRules\": [],\r\n\
        \    \"probes\": [],\r\n    \"inboundNatRules\": [],\r\n    \"outboundNatRules\"\
        : [],\r\n    \"inboundNatPools\": []\r\n  }\r\n}"}
    headers:
      azure-asyncoperation: ['https://management.azure.com/subscriptions/00000000-0000-0000-0000-000000000000/providers/Microsoft.Network/locations/westus/operations/97723e03-2c71-461e-81d1-9830b9a35b9a?api-version=2017-06-01']
      cache-control: [no-cache]
      content-length: ['2745']
      content-type: [application/json; charset=utf-8]
      date: ['Fri, 28 Jul 2017 18:32:12 GMT']
      expires: ['-1']
      pragma: [no-cache]
      server: [Microsoft-HTTPAPI/2.0, Microsoft-HTTPAPI/2.0]
      strict-transport-security: [max-age=31536000; includeSubDomains]
      transfer-encoding: [chunked]
      vary: [Accept-Encoding]
      x-ms-ratelimit-remaining-subscription-writes: ['1197']
    status: {code: 200, message: OK}
- request:
    body: null
    headers:
      Accept: [application/json]
      Accept-Encoding: ['gzip, deflate']
      CommandName: [network lb address-pool delete]
      Connection: [keep-alive]
      Content-Type: [application/json; charset=utf-8]
      User-Agent: [python/3.5.1 (Windows-10-10.0.15063-SP0) requests/2.9.1 msrest/0.4.11
          msrest_azure/0.4.11 networkmanagementclient/1.3.0 Azure-SDK-For-Python AZURECLI/2.0.12+dev]
      accept-language: [en-US]
    method: GET
    uri: https://management.azure.com/subscriptions/00000000-0000-0000-0000-000000000000/providers/Microsoft.Network/locations/westus/operations/97723e03-2c71-461e-81d1-9830b9a35b9a?api-version=2017-06-01
  response:
    body: {string: "{\r\n  \"status\": \"Succeeded\"\r\n}"}
    headers:
      cache-control: [no-cache]
      content-length: ['29']
      content-type: [application/json; charset=utf-8]
      date: ['Fri, 28 Jul 2017 18:32:42 GMT']
      expires: ['-1']
      pragma: [no-cache]
      server: [Microsoft-HTTPAPI/2.0, Microsoft-HTTPAPI/2.0]
      strict-transport-security: [max-age=31536000; includeSubDomains]
      transfer-encoding: [chunked]
      vary: [Accept-Encoding]
    status: {code: 200, message: OK}
- request:
    body: null
    headers:
      Accept: [application/json]
      Accept-Encoding: ['gzip, deflate']
      CommandName: [network lb address-pool delete]
      Connection: [keep-alive]
      Content-Type: [application/json; charset=utf-8]
      User-Agent: [python/3.5.1 (Windows-10-10.0.15063-SP0) requests/2.9.1 msrest/0.4.11
          msrest_azure/0.4.11 networkmanagementclient/1.3.0 Azure-SDK-For-Python AZURECLI/2.0.12+dev]
      accept-language: [en-US]
    method: GET
    uri: https://management.azure.com/subscriptions/00000000-0000-0000-0000-000000000000/resourceGroups/cli_test_lb_address_pool000001/providers/Microsoft.Network/loadBalancers/lb1?api-version=2017-06-01
  response:
    body: {string: "{\r\n  \"name\": \"lb1\",\r\n  \"id\": \"/subscriptions/00000000-0000-0000-0000-000000000000/resourceGroups/cli_test_lb_address_pool000001/providers/Microsoft.Network/loadBalancers/lb1\"\
        ,\r\n  \"etag\": \"W/\\\"cb2b4c49-97c1-4c6a-868f-df0af352b987\\\"\",\r\n \
        \ \"type\": \"Microsoft.Network/loadBalancers\",\r\n  \"location\": \"westus\"\
        ,\r\n  \"tags\": {},\r\n  \"properties\": {\r\n    \"provisioningState\":\
        \ \"Succeeded\",\r\n    \"resourceGuid\": \"020d4c8f-99bf-4ff0-ab5e-40287ba97ae0\"\
        ,\r\n    \"frontendIPConfigurations\": [\r\n      {\r\n        \"name\": \"\
        LoadBalancerFrontEnd\",\r\n        \"id\": \"/subscriptions/00000000-0000-0000-0000-000000000000/resourceGroups/cli_test_lb_address_pool000001/providers/Microsoft.Network/loadBalancers/lb1/frontendIPConfigurations/LoadBalancerFrontEnd\"\
        ,\r\n        \"etag\": \"W/\\\"cb2b4c49-97c1-4c6a-868f-df0af352b987\\\"\"\
        ,\r\n        \"properties\": {\r\n          \"provisioningState\": \"Succeeded\"\
        ,\r\n          \"privateIPAllocationMethod\": \"Dynamic\",\r\n          \"\
        publicIPAddress\": {\r\n            \"id\": \"/subscriptions/00000000-0000-0000-0000-000000000000/resourceGroups/cli_test_lb_address_pool000001/providers/Microsoft.Network/publicIPAddresses/PublicIPlb1\"\
        \r\n          }\r\n        }\r\n      }\r\n    ],\r\n    \"backendAddressPools\"\
        : [\r\n      {\r\n        \"name\": \"lb1bepool\",\r\n        \"id\": \"/subscriptions/00000000-0000-0000-0000-000000000000/resourceGroups/cli_test_lb_address_pool000001/providers/Microsoft.Network/loadBalancers/lb1/backendAddressPools/lb1bepool\"\
        ,\r\n        \"etag\": \"W/\\\"cb2b4c49-97c1-4c6a-868f-df0af352b987\\\"\"\
        ,\r\n        \"properties\": {\r\n          \"provisioningState\": \"Succeeded\"\
        \r\n        }\r\n      },\r\n      {\r\n        \"name\": \"bap2\",\r\n  \
        \      \"id\": \"/subscriptions/00000000-0000-0000-0000-000000000000/resourceGroups/cli_test_lb_address_pool000001/providers/Microsoft.Network/loadBalancers/lb1/backendAddressPools/bap2\"\
        ,\r\n        \"etag\": \"W/\\\"cb2b4c49-97c1-4c6a-868f-df0af352b987\\\"\"\
        ,\r\n        \"properties\": {\r\n          \"provisioningState\": \"Succeeded\"\
        \r\n        }\r\n      },\r\n      {\r\n        \"name\": \"bap3\",\r\n  \
        \      \"id\": \"/subscriptions/00000000-0000-0000-0000-000000000000/resourceGroups/cli_test_lb_address_pool000001/providers/Microsoft.Network/loadBalancers/lb1/backendAddressPools/bap3\"\
        ,\r\n        \"etag\": \"W/\\\"cb2b4c49-97c1-4c6a-868f-df0af352b987\\\"\"\
        ,\r\n        \"properties\": {\r\n          \"provisioningState\": \"Succeeded\"\
        \r\n        }\r\n      }\r\n    ],\r\n    \"loadBalancingRules\": [],\r\n\
        \    \"probes\": [],\r\n    \"inboundNatRules\": [],\r\n    \"outboundNatRules\"\
        : [],\r\n    \"inboundNatPools\": []\r\n  }\r\n}"}
    headers:
      cache-control: [no-cache]
      content-length: ['2745']
      content-type: [application/json; charset=utf-8]
      date: ['Fri, 28 Jul 2017 18:32:42 GMT']
      etag: [W/"cb2b4c49-97c1-4c6a-868f-df0af352b987"]
      expires: ['-1']
      pragma: [no-cache]
      server: [Microsoft-HTTPAPI/2.0, Microsoft-HTTPAPI/2.0]
      strict-transport-security: [max-age=31536000; includeSubDomains]
      transfer-encoding: [chunked]
      vary: [Accept-Encoding]
    status: {code: 200, message: OK}
- request:
    body: null
    headers:
      Accept: [application/json]
      Accept-Encoding: ['gzip, deflate']
      CommandName: [network lb address-pool list]
      Connection: [keep-alive]
      Content-Type: [application/json; charset=utf-8]
      User-Agent: [python/3.5.1 (Windows-10-10.0.15063-SP0) requests/2.9.1 msrest/0.4.11
          msrest_azure/0.4.11 networkmanagementclient/1.3.0 Azure-SDK-For-Python AZURECLI/2.0.12+dev]
      accept-language: [en-US]
    method: GET
    uri: https://management.azure.com/subscriptions/00000000-0000-0000-0000-000000000000/resourceGroups/cli_test_lb_address_pool000001/providers/Microsoft.Network/loadBalancers/lb1?api-version=2017-06-01
  response:
    body: {string: "{\r\n  \"name\": \"lb1\",\r\n  \"id\": \"/subscriptions/00000000-0000-0000-0000-000000000000/resourceGroups/cli_test_lb_address_pool000001/providers/Microsoft.Network/loadBalancers/lb1\"\
        ,\r\n  \"etag\": \"W/\\\"cb2b4c49-97c1-4c6a-868f-df0af352b987\\\"\",\r\n \
        \ \"type\": \"Microsoft.Network/loadBalancers\",\r\n  \"location\": \"westus\"\
        ,\r\n  \"tags\": {},\r\n  \"properties\": {\r\n    \"provisioningState\":\
        \ \"Succeeded\",\r\n    \"resourceGuid\": \"020d4c8f-99bf-4ff0-ab5e-40287ba97ae0\"\
        ,\r\n    \"frontendIPConfigurations\": [\r\n      {\r\n        \"name\": \"\
        LoadBalancerFrontEnd\",\r\n        \"id\": \"/subscriptions/00000000-0000-0000-0000-000000000000/resourceGroups/cli_test_lb_address_pool000001/providers/Microsoft.Network/loadBalancers/lb1/frontendIPConfigurations/LoadBalancerFrontEnd\"\
        ,\r\n        \"etag\": \"W/\\\"cb2b4c49-97c1-4c6a-868f-df0af352b987\\\"\"\
        ,\r\n        \"properties\": {\r\n          \"provisioningState\": \"Succeeded\"\
        ,\r\n          \"privateIPAllocationMethod\": \"Dynamic\",\r\n          \"\
        publicIPAddress\": {\r\n            \"id\": \"/subscriptions/00000000-0000-0000-0000-000000000000/resourceGroups/cli_test_lb_address_pool000001/providers/Microsoft.Network/publicIPAddresses/PublicIPlb1\"\
        \r\n          }\r\n        }\r\n      }\r\n    ],\r\n    \"backendAddressPools\"\
        : [\r\n      {\r\n        \"name\": \"lb1bepool\",\r\n        \"id\": \"/subscriptions/00000000-0000-0000-0000-000000000000/resourceGroups/cli_test_lb_address_pool000001/providers/Microsoft.Network/loadBalancers/lb1/backendAddressPools/lb1bepool\"\
        ,\r\n        \"etag\": \"W/\\\"cb2b4c49-97c1-4c6a-868f-df0af352b987\\\"\"\
        ,\r\n        \"properties\": {\r\n          \"provisioningState\": \"Succeeded\"\
        \r\n        }\r\n      },\r\n      {\r\n        \"name\": \"bap2\",\r\n  \
        \      \"id\": \"/subscriptions/00000000-0000-0000-0000-000000000000/resourceGroups/cli_test_lb_address_pool000001/providers/Microsoft.Network/loadBalancers/lb1/backendAddressPools/bap2\"\
        ,\r\n        \"etag\": \"W/\\\"cb2b4c49-97c1-4c6a-868f-df0af352b987\\\"\"\
        ,\r\n        \"properties\": {\r\n          \"provisioningState\": \"Succeeded\"\
        \r\n        }\r\n      },\r\n      {\r\n        \"name\": \"bap3\",\r\n  \
        \      \"id\": \"/subscriptions/00000000-0000-0000-0000-000000000000/resourceGroups/cli_test_lb_address_pool000001/providers/Microsoft.Network/loadBalancers/lb1/backendAddressPools/bap3\"\
        ,\r\n        \"etag\": \"W/\\\"cb2b4c49-97c1-4c6a-868f-df0af352b987\\\"\"\
        ,\r\n        \"properties\": {\r\n          \"provisioningState\": \"Succeeded\"\
        \r\n        }\r\n      }\r\n    ],\r\n    \"loadBalancingRules\": [],\r\n\
        \    \"probes\": [],\r\n    \"inboundNatRules\": [],\r\n    \"outboundNatRules\"\
        : [],\r\n    \"inboundNatPools\": []\r\n  }\r\n}"}
    headers:
      cache-control: [no-cache]
      content-length: ['2745']
      content-type: [application/json; charset=utf-8]
      date: ['Fri, 28 Jul 2017 18:32:42 GMT']
      etag: [W/"cb2b4c49-97c1-4c6a-868f-df0af352b987"]
      expires: ['-1']
      pragma: [no-cache]
      server: [Microsoft-HTTPAPI/2.0, Microsoft-HTTPAPI/2.0]
      strict-transport-security: [max-age=31536000; includeSubDomains]
      transfer-encoding: [chunked]
      vary: [Accept-Encoding]
    status: {code: 200, message: OK}
- request:
    body: null
    headers:
      Accept: [application/json]
      Accept-Encoding: ['gzip, deflate']
      CommandName: [group delete]
      Connection: [keep-alive]
      Content-Length: ['0']
      Content-Type: [application/json; charset=utf-8]
      User-Agent: [python/3.5.1 (Windows-10-10.0.15063-SP0) requests/2.9.1 msrest/0.4.11
          msrest_azure/0.4.11 resourcemanagementclient/1.1.0 Azure-SDK-For-Python
          AZURECLI/2.0.12+dev]
      accept-language: [en-US]
    method: DELETE
    uri: https://management.azure.com/subscriptions/00000000-0000-0000-0000-000000000000/resourcegroups/cli_test_lb_address_pool000001?api-version=2017-05-10
  response:
    body: {string: ''}
    headers:
      cache-control: [no-cache]
      content-length: ['0']
      date: ['Fri, 28 Jul 2017 18:32:43 GMT']
      expires: ['-1']
      location: ['https://management.azure.com/subscriptions/00000000-0000-0000-0000-000000000000/operationresults/eyJqb2JJZCI6IlJFU09VUkNFR1JPVVBERUxFVElPTkpPQi1DTEk6NUZURVNUOjVGTEI6NUZBRERSRVNTOjVGUE9PTEEyUkhVVktFQ1hPUEhJSHxGMkEzRTU5NzVGMERGRTQxLVdFU1RVUyIsImpvYkxvY2F0aW9uIjoid2VzdHVzIn0?api-version=2017-05-10']
      pragma: [no-cache]
      strict-transport-security: [max-age=31536000; includeSubDomains]
      x-ms-ratelimit-remaining-subscription-writes: ['1196']
    status: {code: 202, message: Accepted}
version: 1
