interactions:
- request:
    body: '{"location": "westus", "tags": {"use": "az-test"}}'
    headers:
      Accept: [application/json]
      Accept-Encoding: ['gzip, deflate']
      CommandName: [group create]
      Connection: [keep-alive]
      Content-Length: ['50']
      Content-Type: [application/json; charset=utf-8]
      User-Agent: [python/3.5.1 (Windows-10-10.0.15063-SP0) requests/2.9.1 msrest/0.4.11
          msrest_azure/0.4.11 resourcemanagementclient/1.1.0 Azure-SDK-For-Python
          AZURECLI/2.0.12+dev]
      accept-language: [en-US]
    method: PUT
    uri: https://management.azure.com/subscriptions/00000000-0000-0000-0000-000000000000/resourcegroups/cli_test_lb_nat_rules000001?api-version=2017-05-10
  response:
    body: {string: '{"id":"/subscriptions/00000000-0000-0000-0000-000000000000/resourceGroups/cli_test_lb_nat_rules000001","name":"cli_test_lb_nat_rules000001","location":"westus","tags":{"use":"az-test"},"properties":{"provisioningState":"Succeeded"}}'}
    headers:
      cache-control: [no-cache]
      content-length: ['328']
      content-type: [application/json; charset=utf-8]
      date: ['Fri, 28 Jul 2017 18:06:38 GMT']
      expires: ['-1']
      pragma: [no-cache]
      strict-transport-security: [max-age=31536000; includeSubDomains]
      x-ms-ratelimit-remaining-subscription-writes: ['1198']
    status: {code: 201, message: Created}
- request:
    body: null
    headers:
      Accept: [application/json]
      Accept-Encoding: ['gzip, deflate']
      CommandName: [network lb create]
      Connection: [keep-alive]
      Content-Type: [application/json; charset=utf-8]
      User-Agent: [python/3.5.1 (Windows-10-10.0.15063-SP0) requests/2.9.1 msrest/0.4.11
          msrest_azure/0.4.11 resourcemanagementclient/1.1.0 Azure-SDK-For-Python
          AZURECLI/2.0.12+dev]
      accept-language: [en-US]
    method: GET
    uri: https://management.azure.com/subscriptions/00000000-0000-0000-0000-000000000000/resourcegroups/cli_test_lb_nat_rules000001?api-version=2017-05-10
  response:
    body: {string: '{"id":"/subscriptions/00000000-0000-0000-0000-000000000000/resourceGroups/cli_test_lb_nat_rules000001","name":"cli_test_lb_nat_rules000001","location":"westus","tags":{"use":"az-test"},"properties":{"provisioningState":"Succeeded"}}'}
    headers:
      cache-control: [no-cache]
      content-length: ['328']
      content-type: [application/json; charset=utf-8]
      date: ['Fri, 28 Jul 2017 18:06:39 GMT']
      expires: ['-1']
      pragma: [no-cache]
      strict-transport-security: [max-age=31536000; includeSubDomains]
      vary: [Accept-Encoding]
    status: {code: 200, message: OK}
- request:
    body: null
    headers:
      Accept: [application/json]
      Accept-Encoding: ['gzip, deflate']
      CommandName: [network lb create]
      Connection: [keep-alive]
      Content-Type: [application/json; charset=utf-8]
      User-Agent: [python/3.5.1 (Windows-10-10.0.15063-SP0) requests/2.9.1 msrest/0.4.11
          msrest_azure/0.4.11 resourcemanagementclient/1.1.0 Azure-SDK-For-Python
          AZURECLI/2.0.12+dev]
      accept-language: [en-US]
    method: GET
    uri: https://management.azure.com/subscriptions/00000000-0000-0000-0000-000000000000/resources?$filter=resourceGroup%20eq%20%27cli_test_lb_nat_rules000001%27%20and%20name%20eq%20%27None%27%20and%20resourceType%20eq%20%27Microsoft.Network%2FpublicIPAddresses%27&api-version=2017-05-10
  response:
    body: {string: '{"value":[]}'}
    headers:
      cache-control: [no-cache]
      content-length: ['12']
      content-type: [application/json; charset=utf-8]
      date: ['Fri, 28 Jul 2017 18:06:40 GMT']
      expires: ['-1']
      pragma: [no-cache]
      strict-transport-security: [max-age=31536000; includeSubDomains]
      vary: [Accept-Encoding]
    status: {code: 200, message: OK}
- request:
    body: 'b''{"properties": {"parameters": {}, "mode": "Incremental", "template":
      {"variables": {}, "parameters": {}, "outputs": {"loadBalancer": {"value": "[reference(\''lb1\'')]",
      "type": "object"}}, "$schema": "https://schema.management.azure.com/schemas/2015-01-01/deploymentTemplate.json#",
      "contentVersion": "1.0.0.0", "resources": [{"name": "PublicIPlb1", "location":
      "westus", "tags": {}, "apiVersion": "2015-06-15", "dependsOn": [], "properties":
      {"publicIPAllocationMethod": "Dynamic"}, "type": "Microsoft.Network/publicIPAddresses"},
      {"name": "lb1", "location": "westus", "tags": {}, "apiVersion": "2015-06-15",
      "dependsOn": ["Microsoft.Network/publicIpAddresses/PublicIPlb1"], "properties":
      {"frontendIPConfigurations": [{"name": "LoadBalancerFrontEnd", "properties":
      {"publicIPAddress": {"id": "/subscriptions/6b085460-5f21-477e-ba44-1035046e9101/resourceGroups/cli_test_lb_nat_rules000001/providers/Microsoft.Network/publicIPAddresses/PublicIPlb1"}}}],
      "backendAddressPools": [{"name": "lb1bepool"}]}, "type": "Microsoft.Network/loadBalancers"}]}}}'''
    headers:
      Accept: [application/json]
      Accept-Encoding: ['gzip, deflate']
      CommandName: [network lb create]
      Connection: [keep-alive]
      Content-Length: ['1093']
      Content-Type: [application/json; charset=utf-8]
      User-Agent: [python/3.5.1 (Windows-10-10.0.15063-SP0) requests/2.9.1 msrest/0.4.11
          msrest_azure/0.4.11 resourcemanagementclient/1.1.0 Azure-SDK-For-Python
          AZURECLI/2.0.12+dev]
      accept-language: [en-US]
    method: PUT
    uri: https://management.azure.com/subscriptions/00000000-0000-0000-0000-000000000000/resourcegroups/cli_test_lb_nat_rules000001/providers/Microsoft.Resources/deployments/mock-deployment?api-version=2017-05-10
  response:
    body: {string: '{"id":"/subscriptions/00000000-0000-0000-0000-000000000000/resourceGroups/cli_test_lb_nat_rules000001/providers/Microsoft.Resources/deployments/lb_deploy_4QWtaKQlhQFcBECvKelYmNL5nKNZQPG9","name":"lb_deploy_4QWtaKQlhQFcBECvKelYmNL5nKNZQPG9","properties":{"templateHash":"6252103330916141287","parameters":{},"mode":"Incremental","provisioningState":"Accepted","timestamp":"2017-07-28T18:06:42.4356074Z","duration":"PT0.2546241S","correlationId":"488c80c4-7e57-4726-bb8a-fa385ddcbd30","providers":[{"namespace":"Microsoft.Network","resourceTypes":[{"resourceType":"publicIPAddresses","locations":["westus"]},{"resourceType":"loadBalancers","locations":["westus"]}]}],"dependencies":[{"dependsOn":[{"id":"/subscriptions/00000000-0000-0000-0000-000000000000/resourceGroups/cli_test_lb_nat_rules000001/providers/Microsoft.Network/publicIPAddresses/PublicIPlb1","resourceType":"Microsoft.Network/publicIPAddresses","resourceName":"PublicIPlb1"}],"id":"/subscriptions/00000000-0000-0000-0000-000000000000/resourceGroups/cli_test_lb_nat_rules000001/providers/Microsoft.Network/loadBalancers/lb1","resourceType":"Microsoft.Network/loadBalancers","resourceName":"lb1"}]}}'}
    headers:
      azure-asyncoperation: ['https://management.azure.com/subscriptions/00000000-0000-0000-0000-000000000000/resourcegroups/cli_test_lb_nat_rules000001/providers/Microsoft.Resources/deployments/lb_deploy_4QWtaKQlhQFcBECvKelYmNL5nKNZQPG9/operationStatuses/08587003416832966387?api-version=2017-05-10']
      cache-control: [no-cache]
      content-length: ['1305']
      content-type: [application/json; charset=utf-8]
      date: ['Fri, 28 Jul 2017 18:06:42 GMT']
      expires: ['-1']
      pragma: [no-cache]
      strict-transport-security: [max-age=31536000; includeSubDomains]
      x-ms-ratelimit-remaining-subscription-writes: ['1199']
    status: {code: 201, message: Created}
- request:
    body: null
    headers:
      Accept: [application/json]
      Accept-Encoding: ['gzip, deflate']
      CommandName: [network lb create]
      Connection: [keep-alive]
      Content-Type: [application/json; charset=utf-8]
      User-Agent: [python/3.5.1 (Windows-10-10.0.15063-SP0) requests/2.9.1 msrest/0.4.11
          msrest_azure/0.4.11 resourcemanagementclient/1.1.0 Azure-SDK-For-Python
          AZURECLI/2.0.12+dev]
      accept-language: [en-US]
    method: GET
    uri: https://management.azure.com/subscriptions/00000000-0000-0000-0000-000000000000/resourcegroups/cli_test_lb_nat_rules000001/providers/Microsoft.Resources/deployments/mock-deployment/operationStatuses/08587003416832966387?api-version=2017-05-10
  response:
    body: {string: '{"status":"Succeeded"}'}
    headers:
      cache-control: [no-cache]
      content-length: ['22']
      content-type: [application/json; charset=utf-8]
      date: ['Fri, 28 Jul 2017 18:07:12 GMT']
      expires: ['-1']
      pragma: [no-cache]
      strict-transport-security: [max-age=31536000; includeSubDomains]
      vary: [Accept-Encoding]
    status: {code: 200, message: OK}
- request:
    body: null
    headers:
      Accept: [application/json]
      Accept-Encoding: ['gzip, deflate']
      CommandName: [network lb create]
      Connection: [keep-alive]
      Content-Type: [application/json; charset=utf-8]
      User-Agent: [python/3.5.1 (Windows-10-10.0.15063-SP0) requests/2.9.1 msrest/0.4.11
          msrest_azure/0.4.11 resourcemanagementclient/1.1.0 Azure-SDK-For-Python
          AZURECLI/2.0.12+dev]
      accept-language: [en-US]
    method: GET
    uri: https://management.azure.com/subscriptions/00000000-0000-0000-0000-000000000000/resourcegroups/cli_test_lb_nat_rules000001/providers/Microsoft.Resources/deployments/mock-deployment?api-version=2017-05-10
  response:
    body: {string: '{"id":"/subscriptions/00000000-0000-0000-0000-000000000000/resourceGroups/cli_test_lb_nat_rules000001/providers/Microsoft.Resources/deployments/lb_deploy_4QWtaKQlhQFcBECvKelYmNL5nKNZQPG9","name":"lb_deploy_4QWtaKQlhQFcBECvKelYmNL5nKNZQPG9","properties":{"templateHash":"6252103330916141287","parameters":{},"mode":"Incremental","provisioningState":"Succeeded","timestamp":"2017-07-28T18:06:58.8399869Z","duration":"PT16.6590036S","correlationId":"488c80c4-7e57-4726-bb8a-fa385ddcbd30","providers":[{"namespace":"Microsoft.Network","resourceTypes":[{"resourceType":"publicIPAddresses","locations":["westus"]},{"resourceType":"loadBalancers","locations":["westus"]}]}],"dependencies":[{"dependsOn":[{"id":"/subscriptions/00000000-0000-0000-0000-000000000000/resourceGroups/cli_test_lb_nat_rules000001/providers/Microsoft.Network/publicIPAddresses/PublicIPlb1","resourceType":"Microsoft.Network/publicIPAddresses","resourceName":"PublicIPlb1"}],"id":"/subscriptions/00000000-0000-0000-0000-000000000000/resourceGroups/cli_test_lb_nat_rules000001/providers/Microsoft.Network/loadBalancers/lb1","resourceType":"Microsoft.Network/loadBalancers","resourceName":"lb1"}],"outputs":{"loadBalancer":{"type":"Object","value":{"provisioningState":"Succeeded","resourceGuid":"6a493479-f859-49aa-8da0-35df8399a413","frontendIPConfigurations":[{"name":"LoadBalancerFrontEnd","id":"/subscriptions/00000000-0000-0000-0000-000000000000/resourceGroups/cli_test_lb_nat_rules000001/providers/Microsoft.Network/loadBalancers/lb1/frontendIPConfigurations/LoadBalancerFrontEnd","etag":"W/\"a39ef381-700b-4523-9d65-55769796121a\"","properties":{"provisioningState":"Succeeded","privateIPAllocationMethod":"Dynamic","publicIPAddress":{"id":"/subscriptions/00000000-0000-0000-0000-000000000000/resourceGroups/cli_test_lb_nat_rules000001/providers/Microsoft.Network/publicIPAddresses/PublicIPlb1"}}}],"backendAddressPools":[{"name":"lb1bepool","id":"/subscriptions/00000000-0000-0000-0000-000000000000/resourceGroups/cli_test_lb_nat_rules000001/providers/Microsoft.Network/loadBalancers/lb1/backendAddressPools/lb1bepool","etag":"W/\"a39ef381-700b-4523-9d65-55769796121a\"","properties":{"provisioningState":"Succeeded"}}],"loadBalancingRules":[],"probes":[],"inboundNatRules":[],"outboundNatRules":[],"inboundNatPools":[]}}},"outputResources":[{"id":"/subscriptions/00000000-0000-0000-0000-000000000000/resourceGroups/cli_test_lb_nat_rules000001/providers/Microsoft.Network/loadBalancers/lb1"},{"id":"/subscriptions/00000000-0000-0000-0000-000000000000/resourceGroups/cli_test_lb_nat_rules000001/providers/Microsoft.Network/publicIPAddresses/PublicIPlb1"}]}}'}
    headers:
      cache-control: [no-cache]
      content-length: ['3014']
      content-type: [application/json; charset=utf-8]
      date: ['Fri, 28 Jul 2017 18:07:12 GMT']
      expires: ['-1']
      pragma: [no-cache]
      strict-transport-security: [max-age=31536000; includeSubDomains]
      vary: [Accept-Encoding]
    status: {code: 200, message: OK}
- request:
    body: null
    headers:
      Accept: [application/json]
      Accept-Encoding: ['gzip, deflate']
      CommandName: [network lb inbound-nat-rule create]
      Connection: [keep-alive]
      Content-Type: [application/json; charset=utf-8]
      User-Agent: [python/3.5.1 (Windows-10-10.0.15063-SP0) requests/2.9.1 msrest/0.4.11
          msrest_azure/0.4.11 networkmanagementclient/1.3.0 Azure-SDK-For-Python AZURECLI/2.0.12+dev]
      accept-language: [en-US]
    method: GET
    uri: https://management.azure.com/subscriptions/00000000-0000-0000-0000-000000000000/resourceGroups/cli_test_lb_nat_rules000001/providers/Microsoft.Network/loadBalancers/lb1?api-version=2017-06-01
  response:
    body: {string: "{\r\n  \"name\": \"lb1\",\r\n  \"id\": \"/subscriptions/00000000-0000-0000-0000-000000000000/resourceGroups/cli_test_lb_nat_rules000001/providers/Microsoft.Network/loadBalancers/lb1\"\
        ,\r\n  \"etag\": \"W/\\\"a39ef381-700b-4523-9d65-55769796121a\\\"\",\r\n \
        \ \"type\": \"Microsoft.Network/loadBalancers\",\r\n  \"location\": \"westus\"\
        ,\r\n  \"tags\": {},\r\n  \"properties\": {\r\n    \"provisioningState\":\
        \ \"Succeeded\",\r\n    \"resourceGuid\": \"6a493479-f859-49aa-8da0-35df8399a413\"\
        ,\r\n    \"frontendIPConfigurations\": [\r\n      {\r\n        \"name\": \"\
        LoadBalancerFrontEnd\",\r\n        \"id\": \"/subscriptions/00000000-0000-0000-0000-000000000000/resourceGroups/cli_test_lb_nat_rules000001/providers/Microsoft.Network/loadBalancers/lb1/frontendIPConfigurations/LoadBalancerFrontEnd\"\
        ,\r\n        \"etag\": \"W/\\\"a39ef381-700b-4523-9d65-55769796121a\\\"\"\
        ,\r\n        \"properties\": {\r\n          \"provisioningState\": \"Succeeded\"\
        ,\r\n          \"privateIPAllocationMethod\": \"Dynamic\",\r\n          \"\
        publicIPAddress\": {\r\n            \"id\": \"/subscriptions/00000000-0000-0000-0000-000000000000/resourceGroups/cli_test_lb_nat_rules000001/providers/Microsoft.Network/publicIPAddresses/PublicIPlb1\"\
        \r\n          }\r\n        }\r\n      }\r\n    ],\r\n    \"backendAddressPools\"\
        : [\r\n      {\r\n        \"name\": \"lb1bepool\",\r\n        \"id\": \"/subscriptions/00000000-0000-0000-0000-000000000000/resourceGroups/cli_test_lb_nat_rules000001/providers/Microsoft.Network/loadBalancers/lb1/backendAddressPools/lb1bepool\"\
        ,\r\n        \"etag\": \"W/\\\"a39ef381-700b-4523-9d65-55769796121a\\\"\"\
        ,\r\n        \"properties\": {\r\n          \"provisioningState\": \"Succeeded\"\
        \r\n        }\r\n      }\r\n    ],\r\n    \"loadBalancingRules\": [],\r\n\
        \    \"probes\": [],\r\n    \"inboundNatRules\": [],\r\n    \"outboundNatRules\"\
        : [],\r\n    \"inboundNatPools\": []\r\n  }\r\n}"}
    headers:
      cache-control: [no-cache]
      content-length: ['1907']
      content-type: [application/json; charset=utf-8]
      date: ['Fri, 28 Jul 2017 18:07:13 GMT']
      etag: [W/"a39ef381-700b-4523-9d65-55769796121a"]
      expires: ['-1']
      pragma: [no-cache]
      server: [Microsoft-HTTPAPI/2.0, Microsoft-HTTPAPI/2.0]
      strict-transport-security: [max-age=31536000; includeSubDomains]
      transfer-encoding: [chunked]
      vary: [Accept-Encoding]
    status: {code: 200, message: OK}
- request:
    body: 'b''{"location": "westus", "etag": "W/\\"a39ef381-700b-4523-9d65-55769796121a\\"",
      "tags": {}, "id": "/subscriptions/6b085460-5f21-477e-ba44-1035046e9101/resourceGroups/cli_test_lb_nat_rules000001/providers/Microsoft.Network/loadBalancers/lb1",
      "properties": {"inboundNatRules": [{"name": "rule1", "properties": {"protocol":
      "Tcp", "frontendIPConfiguration": {"name": "LoadBalancerFrontEnd", "etag": "W/\\"a39ef381-700b-4523-9d65-55769796121a\\"",
      "id": "/subscriptions/6b085460-5f21-477e-ba44-1035046e9101/resourceGroups/cli_test_lb_nat_rules000001/providers/Microsoft.Network/loadBalancers/lb1/frontendIPConfigurations/LoadBalancerFrontEnd",
      "properties": {"provisioningState": "Succeeded", "privateIPAllocationMethod":
      "Dynamic", "publicIPAddress": {"id": "/subscriptions/6b085460-5f21-477e-ba44-1035046e9101/resourceGroups/cli_test_lb_nat_rules000001/providers/Microsoft.Network/publicIPAddresses/PublicIPlb1"}}},
      "backendPort": 1, "frontendPort": 1, "enableFloatingIP": false}}], "outboundNatRules":
      [], "backendAddressPools": [{"name": "lb1bepool", "etag": "W/\\"a39ef381-700b-4523-9d65-55769796121a\\"",
      "id": "/subscriptions/6b085460-5f21-477e-ba44-1035046e9101/resourceGroups/cli_test_lb_nat_rules000001/providers/Microsoft.Network/loadBalancers/lb1/backendAddressPools/lb1bepool",
      "properties": {"provisioningState": "Succeeded"}}], "provisioningState": "Succeeded",
      "frontendIPConfigurations": [{"name": "LoadBalancerFrontEnd", "etag": "W/\\"a39ef381-700b-4523-9d65-55769796121a\\"",
      "id": "/subscriptions/6b085460-5f21-477e-ba44-1035046e9101/resourceGroups/cli_test_lb_nat_rules000001/providers/Microsoft.Network/loadBalancers/lb1/frontendIPConfigurations/LoadBalancerFrontEnd",
      "properties": {"provisioningState": "Succeeded", "privateIPAllocationMethod":
      "Dynamic", "publicIPAddress": {"id": "/subscriptions/6b085460-5f21-477e-ba44-1035046e9101/resourceGroups/cli_test_lb_nat_rules000001/providers/Microsoft.Network/publicIPAddresses/PublicIPlb1"}}}],
      "loadBalancingRules": [], "probes": [], "inboundNatPools": [], "resourceGuid":
      "6a493479-f859-49aa-8da0-35df8399a413"}}'''
    headers:
      Accept: [application/json]
      Accept-Encoding: ['gzip, deflate']
      CommandName: [network lb inbound-nat-rule create]
      Connection: [keep-alive]
      Content-Length: ['2361']
      Content-Type: [application/json; charset=utf-8]
      User-Agent: [python/3.5.1 (Windows-10-10.0.15063-SP0) requests/2.9.1 msrest/0.4.11
          msrest_azure/0.4.11 networkmanagementclient/1.3.0 Azure-SDK-For-Python AZURECLI/2.0.12+dev]
      accept-language: [en-US]
    method: PUT
    uri: https://management.azure.com/subscriptions/00000000-0000-0000-0000-000000000000/resourceGroups/cli_test_lb_nat_rules000001/providers/Microsoft.Network/loadBalancers/lb1?api-version=2017-06-01
  response:
    body: {string: "{\r\n  \"name\": \"lb1\",\r\n  \"id\": \"/subscriptions/00000000-0000-0000-0000-000000000000/resourceGroups/cli_test_lb_nat_rules000001/providers/Microsoft.Network/loadBalancers/lb1\"\
        ,\r\n  \"etag\": \"W/\\\"23f2ab3f-d6b1-4d14-87e2-81b4bedfb393\\\"\",\r\n \
        \ \"type\": \"Microsoft.Network/loadBalancers\",\r\n  \"location\": \"westus\"\
        ,\r\n  \"tags\": {},\r\n  \"properties\": {\r\n    \"provisioningState\":\
        \ \"Succeeded\",\r\n    \"resourceGuid\": \"6a493479-f859-49aa-8da0-35df8399a413\"\
        ,\r\n    \"frontendIPConfigurations\": [\r\n      {\r\n        \"name\": \"\
        LoadBalancerFrontEnd\",\r\n        \"id\": \"/subscriptions/00000000-0000-0000-0000-000000000000/resourceGroups/cli_test_lb_nat_rules000001/providers/Microsoft.Network/loadBalancers/lb1/frontendIPConfigurations/LoadBalancerFrontEnd\"\
        ,\r\n        \"etag\": \"W/\\\"23f2ab3f-d6b1-4d14-87e2-81b4bedfb393\\\"\"\
        ,\r\n        \"properties\": {\r\n          \"provisioningState\": \"Succeeded\"\
        ,\r\n          \"privateIPAllocationMethod\": \"Dynamic\",\r\n          \"\
        publicIPAddress\": {\r\n            \"id\": \"/subscriptions/00000000-0000-0000-0000-000000000000/resourceGroups/cli_test_lb_nat_rules000001/providers/Microsoft.Network/publicIPAddresses/PublicIPlb1\"\
        \r\n          },\r\n          \"inboundNatRules\": [\r\n            {\r\n\
        \              \"id\": \"/subscriptions/00000000-0000-0000-0000-000000000000/resourceGroups/cli_test_lb_nat_rules000001/providers/Microsoft.Network/loadBalancers/lb1/inboundNatRules/rule1\"\
        \r\n            }\r\n          ]\r\n        }\r\n      }\r\n    ],\r\n   \
        \ \"backendAddressPools\": [\r\n      {\r\n        \"name\": \"lb1bepool\"\
        ,\r\n        \"id\": \"/subscriptions/00000000-0000-0000-0000-000000000000/resourceGroups/cli_test_lb_nat_rules000001/providers/Microsoft.Network/loadBalancers/lb1/backendAddressPools/lb1bepool\"\
        ,\r\n        \"etag\": \"W/\\\"23f2ab3f-d6b1-4d14-87e2-81b4bedfb393\\\"\"\
        ,\r\n        \"properties\": {\r\n          \"provisioningState\": \"Succeeded\"\
        \r\n        }\r\n      }\r\n    ],\r\n    \"loadBalancingRules\": [],\r\n\
        \    \"probes\": [],\r\n    \"inboundNatRules\": [\r\n      {\r\n        \"\
        name\": \"rule1\",\r\n        \"id\": \"/subscriptions/00000000-0000-0000-0000-000000000000/resourceGroups/cli_test_lb_nat_rules000001/providers/Microsoft.Network/loadBalancers/lb1/inboundNatRules/rule1\"\
        ,\r\n        \"etag\": \"W/\\\"23f2ab3f-d6b1-4d14-87e2-81b4bedfb393\\\"\"\
        ,\r\n        \"properties\": {\r\n          \"provisioningState\": \"Succeeded\"\
        ,\r\n          \"frontendIPConfiguration\": {\r\n            \"id\": \"/subscriptions/00000000-0000-0000-0000-000000000000/resourceGroups/cli_test_lb_nat_rules000001/providers/Microsoft.Network/loadBalancers/lb1/frontendIPConfigurations/LoadBalancerFrontEnd\"\
        \r\n          },\r\n          \"frontendPort\": 1,\r\n          \"backendPort\"\
        : 1,\r\n          \"enableFloatingIP\": false,\r\n          \"idleTimeoutInMinutes\"\
        : 4,\r\n          \"protocol\": \"Tcp\"\r\n        }\r\n      }\r\n    ],\r\
        \n    \"outboundNatRules\": [],\r\n    \"inboundNatPools\": []\r\n  }\r\n}"}
    headers:
      azure-asyncoperation: ['https://management.azure.com/subscriptions/00000000-0000-0000-0000-000000000000/providers/Microsoft.Network/locations/westus/operations/9c02d174-f316-4512-9823-ab58140f42ac?api-version=2017-06-01']
      cache-control: [no-cache]
      content-length: ['3114']
      content-type: [application/json; charset=utf-8]
      date: ['Fri, 28 Jul 2017 18:07:14 GMT']
      expires: ['-1']
      pragma: [no-cache]
      server: [Microsoft-HTTPAPI/2.0, Microsoft-HTTPAPI/2.0]
      strict-transport-security: [max-age=31536000; includeSubDomains]
      transfer-encoding: [chunked]
      vary: [Accept-Encoding]
      x-ms-ratelimit-remaining-subscription-writes: ['1198']
    status: {code: 200, message: OK}
- request:
    body: null
    headers:
      Accept: [application/json]
      Accept-Encoding: ['gzip, deflate']
      CommandName: [network lb inbound-nat-rule create]
      Connection: [keep-alive]
      Content-Type: [application/json; charset=utf-8]
      User-Agent: [python/3.5.1 (Windows-10-10.0.15063-SP0) requests/2.9.1 msrest/0.4.11
          msrest_azure/0.4.11 networkmanagementclient/1.3.0 Azure-SDK-For-Python AZURECLI/2.0.12+dev]
      accept-language: [en-US]
    method: GET
    uri: https://management.azure.com/subscriptions/00000000-0000-0000-0000-000000000000/providers/Microsoft.Network/locations/westus/operations/9c02d174-f316-4512-9823-ab58140f42ac?api-version=2017-06-01
  response:
    body: {string: "{\r\n  \"status\": \"Succeeded\"\r\n}"}
    headers:
      cache-control: [no-cache]
      content-length: ['29']
      content-type: [application/json; charset=utf-8]
      date: ['Fri, 28 Jul 2017 18:07:43 GMT']
      expires: ['-1']
      pragma: [no-cache]
      server: [Microsoft-HTTPAPI/2.0, Microsoft-HTTPAPI/2.0]
      strict-transport-security: [max-age=31536000; includeSubDomains]
      transfer-encoding: [chunked]
      vary: [Accept-Encoding]
    status: {code: 200, message: OK}
- request:
    body: null
    headers:
      Accept: [application/json]
      Accept-Encoding: ['gzip, deflate']
      CommandName: [network lb inbound-nat-rule create]
      Connection: [keep-alive]
      Content-Type: [application/json; charset=utf-8]
      User-Agent: [python/3.5.1 (Windows-10-10.0.15063-SP0) requests/2.9.1 msrest/0.4.11
          msrest_azure/0.4.11 networkmanagementclient/1.3.0 Azure-SDK-For-Python AZURECLI/2.0.12+dev]
      accept-language: [en-US]
    method: GET
    uri: https://management.azure.com/subscriptions/00000000-0000-0000-0000-000000000000/resourceGroups/cli_test_lb_nat_rules000001/providers/Microsoft.Network/loadBalancers/lb1?api-version=2017-06-01
  response:
    body: {string: "{\r\n  \"name\": \"lb1\",\r\n  \"id\": \"/subscriptions/00000000-0000-0000-0000-000000000000/resourceGroups/cli_test_lb_nat_rules000001/providers/Microsoft.Network/loadBalancers/lb1\"\
        ,\r\n  \"etag\": \"W/\\\"23f2ab3f-d6b1-4d14-87e2-81b4bedfb393\\\"\",\r\n \
        \ \"type\": \"Microsoft.Network/loadBalancers\",\r\n  \"location\": \"westus\"\
        ,\r\n  \"tags\": {},\r\n  \"properties\": {\r\n    \"provisioningState\":\
        \ \"Succeeded\",\r\n    \"resourceGuid\": \"6a493479-f859-49aa-8da0-35df8399a413\"\
        ,\r\n    \"frontendIPConfigurations\": [\r\n      {\r\n        \"name\": \"\
        LoadBalancerFrontEnd\",\r\n        \"id\": \"/subscriptions/00000000-0000-0000-0000-000000000000/resourceGroups/cli_test_lb_nat_rules000001/providers/Microsoft.Network/loadBalancers/lb1/frontendIPConfigurations/LoadBalancerFrontEnd\"\
        ,\r\n        \"etag\": \"W/\\\"23f2ab3f-d6b1-4d14-87e2-81b4bedfb393\\\"\"\
        ,\r\n        \"properties\": {\r\n          \"provisioningState\": \"Succeeded\"\
        ,\r\n          \"privateIPAllocationMethod\": \"Dynamic\",\r\n          \"\
        publicIPAddress\": {\r\n            \"id\": \"/subscriptions/00000000-0000-0000-0000-000000000000/resourceGroups/cli_test_lb_nat_rules000001/providers/Microsoft.Network/publicIPAddresses/PublicIPlb1\"\
        \r\n          },\r\n          \"inboundNatRules\": [\r\n            {\r\n\
        \              \"id\": \"/subscriptions/00000000-0000-0000-0000-000000000000/resourceGroups/cli_test_lb_nat_rules000001/providers/Microsoft.Network/loadBalancers/lb1/inboundNatRules/rule1\"\
        \r\n            }\r\n          ]\r\n        }\r\n      }\r\n    ],\r\n   \
        \ \"backendAddressPools\": [\r\n      {\r\n        \"name\": \"lb1bepool\"\
        ,\r\n        \"id\": \"/subscriptions/00000000-0000-0000-0000-000000000000/resourceGroups/cli_test_lb_nat_rules000001/providers/Microsoft.Network/loadBalancers/lb1/backendAddressPools/lb1bepool\"\
        ,\r\n        \"etag\": \"W/\\\"23f2ab3f-d6b1-4d14-87e2-81b4bedfb393\\\"\"\
        ,\r\n        \"properties\": {\r\n          \"provisioningState\": \"Succeeded\"\
        \r\n        }\r\n      }\r\n    ],\r\n    \"loadBalancingRules\": [],\r\n\
        \    \"probes\": [],\r\n    \"inboundNatRules\": [\r\n      {\r\n        \"\
        name\": \"rule1\",\r\n        \"id\": \"/subscriptions/00000000-0000-0000-0000-000000000000/resourceGroups/cli_test_lb_nat_rules000001/providers/Microsoft.Network/loadBalancers/lb1/inboundNatRules/rule1\"\
        ,\r\n        \"etag\": \"W/\\\"23f2ab3f-d6b1-4d14-87e2-81b4bedfb393\\\"\"\
        ,\r\n        \"properties\": {\r\n          \"provisioningState\": \"Succeeded\"\
        ,\r\n          \"frontendIPConfiguration\": {\r\n            \"id\": \"/subscriptions/00000000-0000-0000-0000-000000000000/resourceGroups/cli_test_lb_nat_rules000001/providers/Microsoft.Network/loadBalancers/lb1/frontendIPConfigurations/LoadBalancerFrontEnd\"\
        \r\n          },\r\n          \"frontendPort\": 1,\r\n          \"backendPort\"\
        : 1,\r\n          \"enableFloatingIP\": false,\r\n          \"idleTimeoutInMinutes\"\
        : 4,\r\n          \"protocol\": \"Tcp\"\r\n        }\r\n      }\r\n    ],\r\
        \n    \"outboundNatRules\": [],\r\n    \"inboundNatPools\": []\r\n  }\r\n}"}
    headers:
      cache-control: [no-cache]
      content-length: ['3114']
      content-type: [application/json; charset=utf-8]
      date: ['Fri, 28 Jul 2017 18:07:44 GMT']
      etag: [W/"23f2ab3f-d6b1-4d14-87e2-81b4bedfb393"]
      expires: ['-1']
      pragma: [no-cache]
      server: [Microsoft-HTTPAPI/2.0, Microsoft-HTTPAPI/2.0]
      strict-transport-security: [max-age=31536000; includeSubDomains]
      transfer-encoding: [chunked]
      vary: [Accept-Encoding]
    status: {code: 200, message: OK}
- request:
    body: null
    headers:
      Accept: [application/json]
      Accept-Encoding: ['gzip, deflate']
      CommandName: [network lb inbound-nat-rule create]
      Connection: [keep-alive]
      Content-Type: [application/json; charset=utf-8]
      User-Agent: [python/3.5.1 (Windows-10-10.0.15063-SP0) requests/2.9.1 msrest/0.4.11
          msrest_azure/0.4.11 networkmanagementclient/1.3.0 Azure-SDK-For-Python AZURECLI/2.0.12+dev]
      accept-language: [en-US]
    method: GET
    uri: https://management.azure.com/subscriptions/00000000-0000-0000-0000-000000000000/resourceGroups/cli_test_lb_nat_rules000001/providers/Microsoft.Network/loadBalancers/lb1?api-version=2017-06-01
  response:
    body: {string: "{\r\n  \"name\": \"lb1\",\r\n  \"id\": \"/subscriptions/00000000-0000-0000-0000-000000000000/resourceGroups/cli_test_lb_nat_rules000001/providers/Microsoft.Network/loadBalancers/lb1\"\
        ,\r\n  \"etag\": \"W/\\\"23f2ab3f-d6b1-4d14-87e2-81b4bedfb393\\\"\",\r\n \
        \ \"type\": \"Microsoft.Network/loadBalancers\",\r\n  \"location\": \"westus\"\
        ,\r\n  \"tags\": {},\r\n  \"properties\": {\r\n    \"provisioningState\":\
        \ \"Succeeded\",\r\n    \"resourceGuid\": \"6a493479-f859-49aa-8da0-35df8399a413\"\
        ,\r\n    \"frontendIPConfigurations\": [\r\n      {\r\n        \"name\": \"\
        LoadBalancerFrontEnd\",\r\n        \"id\": \"/subscriptions/00000000-0000-0000-0000-000000000000/resourceGroups/cli_test_lb_nat_rules000001/providers/Microsoft.Network/loadBalancers/lb1/frontendIPConfigurations/LoadBalancerFrontEnd\"\
        ,\r\n        \"etag\": \"W/\\\"23f2ab3f-d6b1-4d14-87e2-81b4bedfb393\\\"\"\
        ,\r\n        \"properties\": {\r\n          \"provisioningState\": \"Succeeded\"\
        ,\r\n          \"privateIPAllocationMethod\": \"Dynamic\",\r\n          \"\
        publicIPAddress\": {\r\n            \"id\": \"/subscriptions/00000000-0000-0000-0000-000000000000/resourceGroups/cli_test_lb_nat_rules000001/providers/Microsoft.Network/publicIPAddresses/PublicIPlb1\"\
        \r\n          },\r\n          \"inboundNatRules\": [\r\n            {\r\n\
        \              \"id\": \"/subscriptions/00000000-0000-0000-0000-000000000000/resourceGroups/cli_test_lb_nat_rules000001/providers/Microsoft.Network/loadBalancers/lb1/inboundNatRules/rule1\"\
        \r\n            }\r\n          ]\r\n        }\r\n      }\r\n    ],\r\n   \
        \ \"backendAddressPools\": [\r\n      {\r\n        \"name\": \"lb1bepool\"\
        ,\r\n        \"id\": \"/subscriptions/00000000-0000-0000-0000-000000000000/resourceGroups/cli_test_lb_nat_rules000001/providers/Microsoft.Network/loadBalancers/lb1/backendAddressPools/lb1bepool\"\
        ,\r\n        \"etag\": \"W/\\\"23f2ab3f-d6b1-4d14-87e2-81b4bedfb393\\\"\"\
        ,\r\n        \"properties\": {\r\n          \"provisioningState\": \"Succeeded\"\
        \r\n        }\r\n      }\r\n    ],\r\n    \"loadBalancingRules\": [],\r\n\
        \    \"probes\": [],\r\n    \"inboundNatRules\": [\r\n      {\r\n        \"\
        name\": \"rule1\",\r\n        \"id\": \"/subscriptions/00000000-0000-0000-0000-000000000000/resourceGroups/cli_test_lb_nat_rules000001/providers/Microsoft.Network/loadBalancers/lb1/inboundNatRules/rule1\"\
        ,\r\n        \"etag\": \"W/\\\"23f2ab3f-d6b1-4d14-87e2-81b4bedfb393\\\"\"\
        ,\r\n        \"properties\": {\r\n          \"provisioningState\": \"Succeeded\"\
        ,\r\n          \"frontendIPConfiguration\": {\r\n            \"id\": \"/subscriptions/00000000-0000-0000-0000-000000000000/resourceGroups/cli_test_lb_nat_rules000001/providers/Microsoft.Network/loadBalancers/lb1/frontendIPConfigurations/LoadBalancerFrontEnd\"\
        \r\n          },\r\n          \"frontendPort\": 1,\r\n          \"backendPort\"\
        : 1,\r\n          \"enableFloatingIP\": false,\r\n          \"idleTimeoutInMinutes\"\
        : 4,\r\n          \"protocol\": \"Tcp\"\r\n        }\r\n      }\r\n    ],\r\
        \n    \"outboundNatRules\": [],\r\n    \"inboundNatPools\": []\r\n  }\r\n}"}
    headers:
      cache-control: [no-cache]
      content-length: ['3114']
      content-type: [application/json; charset=utf-8]
      date: ['Fri, 28 Jul 2017 18:07:44 GMT']
      etag: [W/"23f2ab3f-d6b1-4d14-87e2-81b4bedfb393"]
      expires: ['-1']
      pragma: [no-cache]
      server: [Microsoft-HTTPAPI/2.0, Microsoft-HTTPAPI/2.0]
      strict-transport-security: [max-age=31536000; includeSubDomains]
      transfer-encoding: [chunked]
      vary: [Accept-Encoding]
    status: {code: 200, message: OK}
- request:
    body: 'b''{"location": "westus", "etag": "W/\\"23f2ab3f-d6b1-4d14-87e2-81b4bedfb393\\"",
      "tags": {}, "id": "/subscriptions/6b085460-5f21-477e-ba44-1035046e9101/resourceGroups/cli_test_lb_nat_rules000001/providers/Microsoft.Network/loadBalancers/lb1",
      "properties": {"inboundNatRules": [{"name": "rule1", "etag": "W/\\"23f2ab3f-d6b1-4d14-87e2-81b4bedfb393\\"",
      "id": "/subscriptions/6b085460-5f21-477e-ba44-1035046e9101/resourceGroups/cli_test_lb_nat_rules000001/providers/Microsoft.Network/loadBalancers/lb1/inboundNatRules/rule1",
      "properties": {"protocol": "Tcp", "idleTimeoutInMinutes": 4, "backendPort":
      1, "enableFloatingIP": false, "provisioningState": "Succeeded", "frontendIPConfiguration":
      {"id": "/subscriptions/6b085460-5f21-477e-ba44-1035046e9101/resourceGroups/cli_test_lb_nat_rules000001/providers/Microsoft.Network/loadBalancers/lb1/frontendIPConfigurations/LoadBalancerFrontEnd"},
      "frontendPort": 1}}, {"name": "rule2", "properties": {"protocol": "Tcp", "frontendIPConfiguration":
      {"name": "LoadBalancerFrontEnd", "etag": "W/\\"23f2ab3f-d6b1-4d14-87e2-81b4bedfb393\\"",
      "id": "/subscriptions/6b085460-5f21-477e-ba44-1035046e9101/resourceGroups/cli_test_lb_nat_rules000001/providers/Microsoft.Network/loadBalancers/lb1/frontendIPConfigurations/LoadBalancerFrontEnd",
      "properties": {"provisioningState": "Succeeded", "privateIPAllocationMethod":
      "Dynamic", "publicIPAddress": {"id": "/subscriptions/6b085460-5f21-477e-ba44-1035046e9101/resourceGroups/cli_test_lb_nat_rules000001/providers/Microsoft.Network/publicIPAddresses/PublicIPlb1"}}},
      "backendPort": 2, "frontendPort": 2, "enableFloatingIP": false}}], "outboundNatRules":
      [], "backendAddressPools": [{"name": "lb1bepool", "etag": "W/\\"23f2ab3f-d6b1-4d14-87e2-81b4bedfb393\\"",
      "id": "/subscriptions/6b085460-5f21-477e-ba44-1035046e9101/resourceGroups/cli_test_lb_nat_rules000001/providers/Microsoft.Network/loadBalancers/lb1/backendAddressPools/lb1bepool",
      "properties": {"provisioningState": "Succeeded"}}], "provisioningState": "Succeeded",
      "frontendIPConfigurations": [{"name": "LoadBalancerFrontEnd", "etag": "W/\\"23f2ab3f-d6b1-4d14-87e2-81b4bedfb393\\"",
      "id": "/subscriptions/6b085460-5f21-477e-ba44-1035046e9101/resourceGroups/cli_test_lb_nat_rules000001/providers/Microsoft.Network/loadBalancers/lb1/frontendIPConfigurations/LoadBalancerFrontEnd",
      "properties": {"provisioningState": "Succeeded", "privateIPAllocationMethod":
      "Dynamic", "publicIPAddress": {"id": "/subscriptions/6b085460-5f21-477e-ba44-1035046e9101/resourceGroups/cli_test_lb_nat_rules000001/providers/Microsoft.Network/publicIPAddresses/PublicIPlb1"}}}],
      "loadBalancingRules": [], "probes": [], "inboundNatPools": [], "resourceGuid":
      "6a493479-f859-49aa-8da0-35df8399a413"}}'''
    headers:
      Accept: [application/json]
      Accept-Encoding: ['gzip, deflate']
      CommandName: [network lb inbound-nat-rule create]
      Connection: [keep-alive]
      Content-Length: ['3087']
      Content-Type: [application/json; charset=utf-8]
      User-Agent: [python/3.5.1 (Windows-10-10.0.15063-SP0) requests/2.9.1 msrest/0.4.11
          msrest_azure/0.4.11 networkmanagementclient/1.3.0 Azure-SDK-For-Python AZURECLI/2.0.12+dev]
      accept-language: [en-US]
    method: PUT
    uri: https://management.azure.com/subscriptions/00000000-0000-0000-0000-000000000000/resourceGroups/cli_test_lb_nat_rules000001/providers/Microsoft.Network/loadBalancers/lb1?api-version=2017-06-01
  response:
    body: {string: "{\r\n  \"name\": \"lb1\",\r\n  \"id\": \"/subscriptions/00000000-0000-0000-0000-000000000000/resourceGroups/cli_test_lb_nat_rules000001/providers/Microsoft.Network/loadBalancers/lb1\"\
        ,\r\n  \"etag\": \"W/\\\"05dde337-2454-4414-8266-8fca7c515ec6\\\"\",\r\n \
        \ \"type\": \"Microsoft.Network/loadBalancers\",\r\n  \"location\": \"westus\"\
        ,\r\n  \"tags\": {},\r\n  \"properties\": {\r\n    \"provisioningState\":\
        \ \"Succeeded\",\r\n    \"resourceGuid\": \"6a493479-f859-49aa-8da0-35df8399a413\"\
        ,\r\n    \"frontendIPConfigurations\": [\r\n      {\r\n        \"name\": \"\
        LoadBalancerFrontEnd\",\r\n        \"id\": \"/subscriptions/00000000-0000-0000-0000-000000000000/resourceGroups/cli_test_lb_nat_rules000001/providers/Microsoft.Network/loadBalancers/lb1/frontendIPConfigurations/LoadBalancerFrontEnd\"\
        ,\r\n        \"etag\": \"W/\\\"05dde337-2454-4414-8266-8fca7c515ec6\\\"\"\
        ,\r\n        \"properties\": {\r\n          \"provisioningState\": \"Succeeded\"\
        ,\r\n          \"privateIPAllocationMethod\": \"Dynamic\",\r\n          \"\
        publicIPAddress\": {\r\n            \"id\": \"/subscriptions/00000000-0000-0000-0000-000000000000/resourceGroups/cli_test_lb_nat_rules000001/providers/Microsoft.Network/publicIPAddresses/PublicIPlb1\"\
        \r\n          },\r\n          \"inboundNatRules\": [\r\n            {\r\n\
        \              \"id\": \"/subscriptions/00000000-0000-0000-0000-000000000000/resourceGroups/cli_test_lb_nat_rules000001/providers/Microsoft.Network/loadBalancers/lb1/inboundNatRules/rule1\"\
        \r\n            },\r\n            {\r\n              \"id\": \"/subscriptions/00000000-0000-0000-0000-000000000000/resourceGroups/cli_test_lb_nat_rules000001/providers/Microsoft.Network/loadBalancers/lb1/inboundNatRules/rule2\"\
        \r\n            }\r\n          ]\r\n        }\r\n      }\r\n    ],\r\n   \
        \ \"backendAddressPools\": [\r\n      {\r\n        \"name\": \"lb1bepool\"\
        ,\r\n        \"id\": \"/subscriptions/00000000-0000-0000-0000-000000000000/resourceGroups/cli_test_lb_nat_rules000001/providers/Microsoft.Network/loadBalancers/lb1/backendAddressPools/lb1bepool\"\
        ,\r\n        \"etag\": \"W/\\\"05dde337-2454-4414-8266-8fca7c515ec6\\\"\"\
        ,\r\n        \"properties\": {\r\n          \"provisioningState\": \"Succeeded\"\
        \r\n        }\r\n      }\r\n    ],\r\n    \"loadBalancingRules\": [],\r\n\
        \    \"probes\": [],\r\n    \"inboundNatRules\": [\r\n      {\r\n        \"\
        name\": \"rule1\",\r\n        \"id\": \"/subscriptions/00000000-0000-0000-0000-000000000000/resourceGroups/cli_test_lb_nat_rules000001/providers/Microsoft.Network/loadBalancers/lb1/inboundNatRules/rule1\"\
        ,\r\n        \"etag\": \"W/\\\"05dde337-2454-4414-8266-8fca7c515ec6\\\"\"\
        ,\r\n        \"properties\": {\r\n          \"provisioningState\": \"Succeeded\"\
        ,\r\n          \"frontendIPConfiguration\": {\r\n            \"id\": \"/subscriptions/00000000-0000-0000-0000-000000000000/resourceGroups/cli_test_lb_nat_rules000001/providers/Microsoft.Network/loadBalancers/lb1/frontendIPConfigurations/LoadBalancerFrontEnd\"\
        \r\n          },\r\n          \"frontendPort\": 1,\r\n          \"backendPort\"\
        : 1,\r\n          \"enableFloatingIP\": false,\r\n          \"idleTimeoutInMinutes\"\
        : 4,\r\n          \"protocol\": \"Tcp\"\r\n        }\r\n      },\r\n     \
        \ {\r\n        \"name\": \"rule2\",\r\n        \"id\": \"/subscriptions/00000000-0000-0000-0000-000000000000/resourceGroups/cli_test_lb_nat_rules000001/providers/Microsoft.Network/loadBalancers/lb1/inboundNatRules/rule2\"\
        ,\r\n        \"etag\": \"W/\\\"05dde337-2454-4414-8266-8fca7c515ec6\\\"\"\
        ,\r\n        \"properties\": {\r\n          \"provisioningState\": \"Succeeded\"\
        ,\r\n          \"frontendIPConfiguration\": {\r\n            \"id\": \"/subscriptions/00000000-0000-0000-0000-000000000000/resourceGroups/cli_test_lb_nat_rules000001/providers/Microsoft.Network/loadBalancers/lb1/frontendIPConfigurations/LoadBalancerFrontEnd\"\
        \r\n          },\r\n          \"frontendPort\": 2,\r\n          \"backendPort\"\
        : 2,\r\n          \"enableFloatingIP\": false,\r\n          \"idleTimeoutInMinutes\"\
        : 4,\r\n          \"protocol\": \"Tcp\"\r\n        }\r\n      }\r\n    ],\r\
        \n    \"outboundNatRules\": [],\r\n    \"inboundNatPools\": []\r\n  }\r\n}"}
    headers:
      azure-asyncoperation: ['https://management.azure.com/subscriptions/00000000-0000-0000-0000-000000000000/providers/Microsoft.Network/locations/westus/operations/b059224c-38eb-410c-bae2-0d11ebeff73d?api-version=2017-06-01']
      cache-control: [no-cache]
      content-length: ['4271']
      content-type: [application/json; charset=utf-8]
      date: ['Fri, 28 Jul 2017 18:07:45 GMT']
      expires: ['-1']
      pragma: [no-cache]
      server: [Microsoft-HTTPAPI/2.0, Microsoft-HTTPAPI/2.0]
      strict-transport-security: [max-age=31536000; includeSubDomains]
      transfer-encoding: [chunked]
      vary: [Accept-Encoding]
      x-ms-ratelimit-remaining-subscription-writes: ['1196']
    status: {code: 200, message: OK}
- request:
    body: null
    headers:
      Accept: [application/json]
      Accept-Encoding: ['gzip, deflate']
      CommandName: [network lb inbound-nat-rule create]
      Connection: [keep-alive]
      Content-Type: [application/json; charset=utf-8]
      User-Agent: [python/3.5.1 (Windows-10-10.0.15063-SP0) requests/2.9.1 msrest/0.4.11
          msrest_azure/0.4.11 networkmanagementclient/1.3.0 Azure-SDK-For-Python AZURECLI/2.0.12+dev]
      accept-language: [en-US]
    method: GET
    uri: https://management.azure.com/subscriptions/00000000-0000-0000-0000-000000000000/providers/Microsoft.Network/locations/westus/operations/b059224c-38eb-410c-bae2-0d11ebeff73d?api-version=2017-06-01
  response:
    body: {string: "{\r\n  \"status\": \"Succeeded\"\r\n}"}
    headers:
      cache-control: [no-cache]
      content-length: ['29']
      content-type: [application/json; charset=utf-8]
      date: ['Fri, 28 Jul 2017 18:08:16 GMT']
      expires: ['-1']
      pragma: [no-cache]
      server: [Microsoft-HTTPAPI/2.0, Microsoft-HTTPAPI/2.0]
      strict-transport-security: [max-age=31536000; includeSubDomains]
      transfer-encoding: [chunked]
      vary: [Accept-Encoding]
    status: {code: 200, message: OK}
- request:
    body: null
    headers:
      Accept: [application/json]
      Accept-Encoding: ['gzip, deflate']
      CommandName: [network lb inbound-nat-rule create]
      Connection: [keep-alive]
      Content-Type: [application/json; charset=utf-8]
      User-Agent: [python/3.5.1 (Windows-10-10.0.15063-SP0) requests/2.9.1 msrest/0.4.11
          msrest_azure/0.4.11 networkmanagementclient/1.3.0 Azure-SDK-For-Python AZURECLI/2.0.12+dev]
      accept-language: [en-US]
    method: GET
    uri: https://management.azure.com/subscriptions/00000000-0000-0000-0000-000000000000/resourceGroups/cli_test_lb_nat_rules000001/providers/Microsoft.Network/loadBalancers/lb1?api-version=2017-06-01
  response:
    body: {string: "{\r\n  \"name\": \"lb1\",\r\n  \"id\": \"/subscriptions/00000000-0000-0000-0000-000000000000/resourceGroups/cli_test_lb_nat_rules000001/providers/Microsoft.Network/loadBalancers/lb1\"\
        ,\r\n  \"etag\": \"W/\\\"05dde337-2454-4414-8266-8fca7c515ec6\\\"\",\r\n \
        \ \"type\": \"Microsoft.Network/loadBalancers\",\r\n  \"location\": \"westus\"\
        ,\r\n  \"tags\": {},\r\n  \"properties\": {\r\n    \"provisioningState\":\
        \ \"Succeeded\",\r\n    \"resourceGuid\": \"6a493479-f859-49aa-8da0-35df8399a413\"\
        ,\r\n    \"frontendIPConfigurations\": [\r\n      {\r\n        \"name\": \"\
        LoadBalancerFrontEnd\",\r\n        \"id\": \"/subscriptions/00000000-0000-0000-0000-000000000000/resourceGroups/cli_test_lb_nat_rules000001/providers/Microsoft.Network/loadBalancers/lb1/frontendIPConfigurations/LoadBalancerFrontEnd\"\
        ,\r\n        \"etag\": \"W/\\\"05dde337-2454-4414-8266-8fca7c515ec6\\\"\"\
        ,\r\n        \"properties\": {\r\n          \"provisioningState\": \"Succeeded\"\
        ,\r\n          \"privateIPAllocationMethod\": \"Dynamic\",\r\n          \"\
        publicIPAddress\": {\r\n            \"id\": \"/subscriptions/00000000-0000-0000-0000-000000000000/resourceGroups/cli_test_lb_nat_rules000001/providers/Microsoft.Network/publicIPAddresses/PublicIPlb1\"\
        \r\n          },\r\n          \"inboundNatRules\": [\r\n            {\r\n\
        \              \"id\": \"/subscriptions/00000000-0000-0000-0000-000000000000/resourceGroups/cli_test_lb_nat_rules000001/providers/Microsoft.Network/loadBalancers/lb1/inboundNatRules/rule1\"\
        \r\n            },\r\n            {\r\n              \"id\": \"/subscriptions/00000000-0000-0000-0000-000000000000/resourceGroups/cli_test_lb_nat_rules000001/providers/Microsoft.Network/loadBalancers/lb1/inboundNatRules/rule2\"\
        \r\n            }\r\n          ]\r\n        }\r\n      }\r\n    ],\r\n   \
        \ \"backendAddressPools\": [\r\n      {\r\n        \"name\": \"lb1bepool\"\
        ,\r\n        \"id\": \"/subscriptions/00000000-0000-0000-0000-000000000000/resourceGroups/cli_test_lb_nat_rules000001/providers/Microsoft.Network/loadBalancers/lb1/backendAddressPools/lb1bepool\"\
        ,\r\n        \"etag\": \"W/\\\"05dde337-2454-4414-8266-8fca7c515ec6\\\"\"\
        ,\r\n        \"properties\": {\r\n          \"provisioningState\": \"Succeeded\"\
        \r\n        }\r\n      }\r\n    ],\r\n    \"loadBalancingRules\": [],\r\n\
        \    \"probes\": [],\r\n    \"inboundNatRules\": [\r\n      {\r\n        \"\
        name\": \"rule1\",\r\n        \"id\": \"/subscriptions/00000000-0000-0000-0000-000000000000/resourceGroups/cli_test_lb_nat_rules000001/providers/Microsoft.Network/loadBalancers/lb1/inboundNatRules/rule1\"\
        ,\r\n        \"etag\": \"W/\\\"05dde337-2454-4414-8266-8fca7c515ec6\\\"\"\
        ,\r\n        \"properties\": {\r\n          \"provisioningState\": \"Succeeded\"\
        ,\r\n          \"frontendIPConfiguration\": {\r\n            \"id\": \"/subscriptions/00000000-0000-0000-0000-000000000000/resourceGroups/cli_test_lb_nat_rules000001/providers/Microsoft.Network/loadBalancers/lb1/frontendIPConfigurations/LoadBalancerFrontEnd\"\
        \r\n          },\r\n          \"frontendPort\": 1,\r\n          \"backendPort\"\
        : 1,\r\n          \"enableFloatingIP\": false,\r\n          \"idleTimeoutInMinutes\"\
        : 4,\r\n          \"protocol\": \"Tcp\"\r\n        }\r\n      },\r\n     \
        \ {\r\n        \"name\": \"rule2\",\r\n        \"id\": \"/subscriptions/00000000-0000-0000-0000-000000000000/resourceGroups/cli_test_lb_nat_rules000001/providers/Microsoft.Network/loadBalancers/lb1/inboundNatRules/rule2\"\
        ,\r\n        \"etag\": \"W/\\\"05dde337-2454-4414-8266-8fca7c515ec6\\\"\"\
        ,\r\n        \"properties\": {\r\n          \"provisioningState\": \"Succeeded\"\
        ,\r\n          \"frontendIPConfiguration\": {\r\n            \"id\": \"/subscriptions/00000000-0000-0000-0000-000000000000/resourceGroups/cli_test_lb_nat_rules000001/providers/Microsoft.Network/loadBalancers/lb1/frontendIPConfigurations/LoadBalancerFrontEnd\"\
        \r\n          },\r\n          \"frontendPort\": 2,\r\n          \"backendPort\"\
        : 2,\r\n          \"enableFloatingIP\": false,\r\n          \"idleTimeoutInMinutes\"\
        : 4,\r\n          \"protocol\": \"Tcp\"\r\n        }\r\n      }\r\n    ],\r\
        \n    \"outboundNatRules\": [],\r\n    \"inboundNatPools\": []\r\n  }\r\n}"}
    headers:
      cache-control: [no-cache]
      content-length: ['4271']
      content-type: [application/json; charset=utf-8]
      date: ['Fri, 28 Jul 2017 18:08:15 GMT']
      etag: [W/"05dde337-2454-4414-8266-8fca7c515ec6"]
      expires: ['-1']
      pragma: [no-cache]
      server: [Microsoft-HTTPAPI/2.0, Microsoft-HTTPAPI/2.0]
      strict-transport-security: [max-age=31536000; includeSubDomains]
      transfer-encoding: [chunked]
      vary: [Accept-Encoding]
    status: {code: 200, message: OK}
- request:
    body: null
    headers:
      Accept: [application/json]
      Accept-Encoding: ['gzip, deflate']
      CommandName: [network lb inbound-nat-rule create]
      Connection: [keep-alive]
      Content-Type: [application/json; charset=utf-8]
      User-Agent: [python/3.5.1 (Windows-10-10.0.15063-SP0) requests/2.9.1 msrest/0.4.11
          msrest_azure/0.4.11 networkmanagementclient/1.3.0 Azure-SDK-For-Python AZURECLI/2.0.12+dev]
      accept-language: [en-US]
    method: GET
    uri: https://management.azure.com/subscriptions/00000000-0000-0000-0000-000000000000/resourceGroups/cli_test_lb_nat_rules000001/providers/Microsoft.Network/loadBalancers/lb1?api-version=2017-06-01
  response:
    body: {string: "{\r\n  \"name\": \"lb1\",\r\n  \"id\": \"/subscriptions/00000000-0000-0000-0000-000000000000/resourceGroups/cli_test_lb_nat_rules000001/providers/Microsoft.Network/loadBalancers/lb1\"\
        ,\r\n  \"etag\": \"W/\\\"05dde337-2454-4414-8266-8fca7c515ec6\\\"\",\r\n \
        \ \"type\": \"Microsoft.Network/loadBalancers\",\r\n  \"location\": \"westus\"\
        ,\r\n  \"tags\": {},\r\n  \"properties\": {\r\n    \"provisioningState\":\
        \ \"Succeeded\",\r\n    \"resourceGuid\": \"6a493479-f859-49aa-8da0-35df8399a413\"\
        ,\r\n    \"frontendIPConfigurations\": [\r\n      {\r\n        \"name\": \"\
        LoadBalancerFrontEnd\",\r\n        \"id\": \"/subscriptions/00000000-0000-0000-0000-000000000000/resourceGroups/cli_test_lb_nat_rules000001/providers/Microsoft.Network/loadBalancers/lb1/frontendIPConfigurations/LoadBalancerFrontEnd\"\
        ,\r\n        \"etag\": \"W/\\\"05dde337-2454-4414-8266-8fca7c515ec6\\\"\"\
        ,\r\n        \"properties\": {\r\n          \"provisioningState\": \"Succeeded\"\
        ,\r\n          \"privateIPAllocationMethod\": \"Dynamic\",\r\n          \"\
        publicIPAddress\": {\r\n            \"id\": \"/subscriptions/00000000-0000-0000-0000-000000000000/resourceGroups/cli_test_lb_nat_rules000001/providers/Microsoft.Network/publicIPAddresses/PublicIPlb1\"\
        \r\n          },\r\n          \"inboundNatRules\": [\r\n            {\r\n\
        \              \"id\": \"/subscriptions/00000000-0000-0000-0000-000000000000/resourceGroups/cli_test_lb_nat_rules000001/providers/Microsoft.Network/loadBalancers/lb1/inboundNatRules/rule1\"\
        \r\n            },\r\n            {\r\n              \"id\": \"/subscriptions/00000000-0000-0000-0000-000000000000/resourceGroups/cli_test_lb_nat_rules000001/providers/Microsoft.Network/loadBalancers/lb1/inboundNatRules/rule2\"\
        \r\n            }\r\n          ]\r\n        }\r\n      }\r\n    ],\r\n   \
        \ \"backendAddressPools\": [\r\n      {\r\n        \"name\": \"lb1bepool\"\
        ,\r\n        \"id\": \"/subscriptions/00000000-0000-0000-0000-000000000000/resourceGroups/cli_test_lb_nat_rules000001/providers/Microsoft.Network/loadBalancers/lb1/backendAddressPools/lb1bepool\"\
        ,\r\n        \"etag\": \"W/\\\"05dde337-2454-4414-8266-8fca7c515ec6\\\"\"\
        ,\r\n        \"properties\": {\r\n          \"provisioningState\": \"Succeeded\"\
        \r\n        }\r\n      }\r\n    ],\r\n    \"loadBalancingRules\": [],\r\n\
        \    \"probes\": [],\r\n    \"inboundNatRules\": [\r\n      {\r\n        \"\
        name\": \"rule1\",\r\n        \"id\": \"/subscriptions/00000000-0000-0000-0000-000000000000/resourceGroups/cli_test_lb_nat_rules000001/providers/Microsoft.Network/loadBalancers/lb1/inboundNatRules/rule1\"\
        ,\r\n        \"etag\": \"W/\\\"05dde337-2454-4414-8266-8fca7c515ec6\\\"\"\
        ,\r\n        \"properties\": {\r\n          \"provisioningState\": \"Succeeded\"\
        ,\r\n          \"frontendIPConfiguration\": {\r\n            \"id\": \"/subscriptions/00000000-0000-0000-0000-000000000000/resourceGroups/cli_test_lb_nat_rules000001/providers/Microsoft.Network/loadBalancers/lb1/frontendIPConfigurations/LoadBalancerFrontEnd\"\
        \r\n          },\r\n          \"frontendPort\": 1,\r\n          \"backendPort\"\
        : 1,\r\n          \"enableFloatingIP\": false,\r\n          \"idleTimeoutInMinutes\"\
        : 4,\r\n          \"protocol\": \"Tcp\"\r\n        }\r\n      },\r\n     \
        \ {\r\n        \"name\": \"rule2\",\r\n        \"id\": \"/subscriptions/00000000-0000-0000-0000-000000000000/resourceGroups/cli_test_lb_nat_rules000001/providers/Microsoft.Network/loadBalancers/lb1/inboundNatRules/rule2\"\
        ,\r\n        \"etag\": \"W/\\\"05dde337-2454-4414-8266-8fca7c515ec6\\\"\"\
        ,\r\n        \"properties\": {\r\n          \"provisioningState\": \"Succeeded\"\
        ,\r\n          \"frontendIPConfiguration\": {\r\n            \"id\": \"/subscriptions/00000000-0000-0000-0000-000000000000/resourceGroups/cli_test_lb_nat_rules000001/providers/Microsoft.Network/loadBalancers/lb1/frontendIPConfigurations/LoadBalancerFrontEnd\"\
        \r\n          },\r\n          \"frontendPort\": 2,\r\n          \"backendPort\"\
        : 2,\r\n          \"enableFloatingIP\": false,\r\n          \"idleTimeoutInMinutes\"\
        : 4,\r\n          \"protocol\": \"Tcp\"\r\n        }\r\n      }\r\n    ],\r\
        \n    \"outboundNatRules\": [],\r\n    \"inboundNatPools\": []\r\n  }\r\n}"}
    headers:
      cache-control: [no-cache]
      content-length: ['4271']
      content-type: [application/json; charset=utf-8]
      date: ['Fri, 28 Jul 2017 18:08:16 GMT']
      etag: [W/"05dde337-2454-4414-8266-8fca7c515ec6"]
      expires: ['-1']
      pragma: [no-cache]
      server: [Microsoft-HTTPAPI/2.0, Microsoft-HTTPAPI/2.0]
      strict-transport-security: [max-age=31536000; includeSubDomains]
      transfer-encoding: [chunked]
      vary: [Accept-Encoding]
    status: {code: 200, message: OK}
- request:
    body: 'b''{"location": "westus", "etag": "W/\\"05dde337-2454-4414-8266-8fca7c515ec6\\"",
      "tags": {}, "id": "/subscriptions/6b085460-5f21-477e-ba44-1035046e9101/resourceGroups/cli_test_lb_nat_rules000001/providers/Microsoft.Network/loadBalancers/lb1",
      "properties": {"inboundNatRules": [{"name": "rule1", "etag": "W/\\"05dde337-2454-4414-8266-8fca7c515ec6\\"",
      "id": "/subscriptions/6b085460-5f21-477e-ba44-1035046e9101/resourceGroups/cli_test_lb_nat_rules000001/providers/Microsoft.Network/loadBalancers/lb1/inboundNatRules/rule1",
      "properties": {"protocol": "Tcp", "idleTimeoutInMinutes": 4, "backendPort":
      1, "enableFloatingIP": false, "provisioningState": "Succeeded", "frontendIPConfiguration":
      {"id": "/subscriptions/6b085460-5f21-477e-ba44-1035046e9101/resourceGroups/cli_test_lb_nat_rules000001/providers/Microsoft.Network/loadBalancers/lb1/frontendIPConfigurations/LoadBalancerFrontEnd"},
      "frontendPort": 1}}, {"name": "rule2", "etag": "W/\\"05dde337-2454-4414-8266-8fca7c515ec6\\"",
      "id": "/subscriptions/6b085460-5f21-477e-ba44-1035046e9101/resourceGroups/cli_test_lb_nat_rules000001/providers/Microsoft.Network/loadBalancers/lb1/inboundNatRules/rule2",
      "properties": {"protocol": "Tcp", "idleTimeoutInMinutes": 4, "backendPort":
      2, "enableFloatingIP": false, "provisioningState": "Succeeded", "frontendIPConfiguration":
      {"id": "/subscriptions/6b085460-5f21-477e-ba44-1035046e9101/resourceGroups/cli_test_lb_nat_rules000001/providers/Microsoft.Network/loadBalancers/lb1/frontendIPConfigurations/LoadBalancerFrontEnd"},
      "frontendPort": 2}}, {"name": "rule3", "properties": {"protocol": "Tcp", "frontendIPConfiguration":
      {"name": "LoadBalancerFrontEnd", "etag": "W/\\"05dde337-2454-4414-8266-8fca7c515ec6\\"",
      "id": "/subscriptions/6b085460-5f21-477e-ba44-1035046e9101/resourceGroups/cli_test_lb_nat_rules000001/providers/Microsoft.Network/loadBalancers/lb1/frontendIPConfigurations/LoadBalancerFrontEnd",
      "properties": {"provisioningState": "Succeeded", "privateIPAllocationMethod":
      "Dynamic", "publicIPAddress": {"id": "/subscriptions/6b085460-5f21-477e-ba44-1035046e9101/resourceGroups/cli_test_lb_nat_rules000001/providers/Microsoft.Network/publicIPAddresses/PublicIPlb1"}}},
      "backendPort": 3, "frontendPort": 3, "enableFloatingIP": false}}], "outboundNatRules":
      [], "backendAddressPools": [{"name": "lb1bepool", "etag": "W/\\"05dde337-2454-4414-8266-8fca7c515ec6\\"",
      "id": "/subscriptions/6b085460-5f21-477e-ba44-1035046e9101/resourceGroups/cli_test_lb_nat_rules000001/providers/Microsoft.Network/loadBalancers/lb1/backendAddressPools/lb1bepool",
      "properties": {"provisioningState": "Succeeded"}}], "provisioningState": "Succeeded",
      "frontendIPConfigurations": [{"name": "LoadBalancerFrontEnd", "etag": "W/\\"05dde337-2454-4414-8266-8fca7c515ec6\\"",
      "id": "/subscriptions/6b085460-5f21-477e-ba44-1035046e9101/resourceGroups/cli_test_lb_nat_rules000001/providers/Microsoft.Network/loadBalancers/lb1/frontendIPConfigurations/LoadBalancerFrontEnd",
      "properties": {"provisioningState": "Succeeded", "privateIPAllocationMethod":
      "Dynamic", "publicIPAddress": {"id": "/subscriptions/6b085460-5f21-477e-ba44-1035046e9101/resourceGroups/cli_test_lb_nat_rules000001/providers/Microsoft.Network/publicIPAddresses/PublicIPlb1"}}}],
      "loadBalancingRules": [], "probes": [], "inboundNatPools": [], "resourceGuid":
      "6a493479-f859-49aa-8da0-35df8399a413"}}'''
    headers:
      Accept: [application/json]
      Accept-Encoding: ['gzip, deflate']
      CommandName: [network lb inbound-nat-rule create]
      Connection: [keep-alive]
      Content-Length: ['3813']
      Content-Type: [application/json; charset=utf-8]
      User-Agent: [python/3.5.1 (Windows-10-10.0.15063-SP0) requests/2.9.1 msrest/0.4.11
          msrest_azure/0.4.11 networkmanagementclient/1.3.0 Azure-SDK-For-Python AZURECLI/2.0.12+dev]
      accept-language: [en-US]
    method: PUT
    uri: https://management.azure.com/subscriptions/00000000-0000-0000-0000-000000000000/resourceGroups/cli_test_lb_nat_rules000001/providers/Microsoft.Network/loadBalancers/lb1?api-version=2017-06-01
  response:
    body: {string: "{\r\n  \"name\": \"lb1\",\r\n  \"id\": \"/subscriptions/00000000-0000-0000-0000-000000000000/resourceGroups/cli_test_lb_nat_rules000001/providers/Microsoft.Network/loadBalancers/lb1\"\
        ,\r\n  \"etag\": \"W/\\\"2649506c-1a28-4568-93c2-edacd121b5e1\\\"\",\r\n \
        \ \"type\": \"Microsoft.Network/loadBalancers\",\r\n  \"location\": \"westus\"\
        ,\r\n  \"tags\": {},\r\n  \"properties\": {\r\n    \"provisioningState\":\
        \ \"Succeeded\",\r\n    \"resourceGuid\": \"6a493479-f859-49aa-8da0-35df8399a413\"\
        ,\r\n    \"frontendIPConfigurations\": [\r\n      {\r\n        \"name\": \"\
        LoadBalancerFrontEnd\",\r\n        \"id\": \"/subscriptions/00000000-0000-0000-0000-000000000000/resourceGroups/cli_test_lb_nat_rules000001/providers/Microsoft.Network/loadBalancers/lb1/frontendIPConfigurations/LoadBalancerFrontEnd\"\
        ,\r\n        \"etag\": \"W/\\\"2649506c-1a28-4568-93c2-edacd121b5e1\\\"\"\
        ,\r\n        \"properties\": {\r\n          \"provisioningState\": \"Succeeded\"\
        ,\r\n          \"privateIPAllocationMethod\": \"Dynamic\",\r\n          \"\
        publicIPAddress\": {\r\n            \"id\": \"/subscriptions/00000000-0000-0000-0000-000000000000/resourceGroups/cli_test_lb_nat_rules000001/providers/Microsoft.Network/publicIPAddresses/PublicIPlb1\"\
        \r\n          },\r\n          \"inboundNatRules\": [\r\n            {\r\n\
        \              \"id\": \"/subscriptions/00000000-0000-0000-0000-000000000000/resourceGroups/cli_test_lb_nat_rules000001/providers/Microsoft.Network/loadBalancers/lb1/inboundNatRules/rule1\"\
        \r\n            },\r\n            {\r\n              \"id\": \"/subscriptions/00000000-0000-0000-0000-000000000000/resourceGroups/cli_test_lb_nat_rules000001/providers/Microsoft.Network/loadBalancers/lb1/inboundNatRules/rule2\"\
        \r\n            },\r\n            {\r\n              \"id\": \"/subscriptions/00000000-0000-0000-0000-000000000000/resourceGroups/cli_test_lb_nat_rules000001/providers/Microsoft.Network/loadBalancers/lb1/inboundNatRules/rule3\"\
        \r\n            }\r\n          ]\r\n        }\r\n      }\r\n    ],\r\n   \
        \ \"backendAddressPools\": [\r\n      {\r\n        \"name\": \"lb1bepool\"\
        ,\r\n        \"id\": \"/subscriptions/00000000-0000-0000-0000-000000000000/resourceGroups/cli_test_lb_nat_rules000001/providers/Microsoft.Network/loadBalancers/lb1/backendAddressPools/lb1bepool\"\
        ,\r\n        \"etag\": \"W/\\\"2649506c-1a28-4568-93c2-edacd121b5e1\\\"\"\
        ,\r\n        \"properties\": {\r\n          \"provisioningState\": \"Succeeded\"\
        \r\n        }\r\n      }\r\n    ],\r\n    \"loadBalancingRules\": [],\r\n\
        \    \"probes\": [],\r\n    \"inboundNatRules\": [\r\n      {\r\n        \"\
        name\": \"rule1\",\r\n        \"id\": \"/subscriptions/00000000-0000-0000-0000-000000000000/resourceGroups/cli_test_lb_nat_rules000001/providers/Microsoft.Network/loadBalancers/lb1/inboundNatRules/rule1\"\
        ,\r\n        \"etag\": \"W/\\\"2649506c-1a28-4568-93c2-edacd121b5e1\\\"\"\
        ,\r\n        \"properties\": {\r\n          \"provisioningState\": \"Succeeded\"\
        ,\r\n          \"frontendIPConfiguration\": {\r\n            \"id\": \"/subscriptions/00000000-0000-0000-0000-000000000000/resourceGroups/cli_test_lb_nat_rules000001/providers/Microsoft.Network/loadBalancers/lb1/frontendIPConfigurations/LoadBalancerFrontEnd\"\
        \r\n          },\r\n          \"frontendPort\": 1,\r\n          \"backendPort\"\
        : 1,\r\n          \"enableFloatingIP\": false,\r\n          \"idleTimeoutInMinutes\"\
        : 4,\r\n          \"protocol\": \"Tcp\"\r\n        }\r\n      },\r\n     \
        \ {\r\n        \"name\": \"rule2\",\r\n        \"id\": \"/subscriptions/00000000-0000-0000-0000-000000000000/resourceGroups/cli_test_lb_nat_rules000001/providers/Microsoft.Network/loadBalancers/lb1/inboundNatRules/rule2\"\
        ,\r\n        \"etag\": \"W/\\\"2649506c-1a28-4568-93c2-edacd121b5e1\\\"\"\
        ,\r\n        \"properties\": {\r\n          \"provisioningState\": \"Succeeded\"\
        ,\r\n          \"frontendIPConfiguration\": {\r\n            \"id\": \"/subscriptions/00000000-0000-0000-0000-000000000000/resourceGroups/cli_test_lb_nat_rules000001/providers/Microsoft.Network/loadBalancers/lb1/frontendIPConfigurations/LoadBalancerFrontEnd\"\
        \r\n          },\r\n          \"frontendPort\": 2,\r\n          \"backendPort\"\
        : 2,\r\n          \"enableFloatingIP\": false,\r\n          \"idleTimeoutInMinutes\"\
        : 4,\r\n          \"protocol\": \"Tcp\"\r\n        }\r\n      },\r\n     \
        \ {\r\n        \"name\": \"rule3\",\r\n        \"id\": \"/subscriptions/00000000-0000-0000-0000-000000000000/resourceGroups/cli_test_lb_nat_rules000001/providers/Microsoft.Network/loadBalancers/lb1/inboundNatRules/rule3\"\
        ,\r\n        \"etag\": \"W/\\\"2649506c-1a28-4568-93c2-edacd121b5e1\\\"\"\
        ,\r\n        \"properties\": {\r\n          \"provisioningState\": \"Succeeded\"\
        ,\r\n          \"frontendIPConfiguration\": {\r\n            \"id\": \"/subscriptions/00000000-0000-0000-0000-000000000000/resourceGroups/cli_test_lb_nat_rules000001/providers/Microsoft.Network/loadBalancers/lb1/frontendIPConfigurations/LoadBalancerFrontEnd\"\
        \r\n          },\r\n          \"frontendPort\": 3,\r\n          \"backendPort\"\
        : 3,\r\n          \"enableFloatingIP\": false,\r\n          \"idleTimeoutInMinutes\"\
        : 4,\r\n          \"protocol\": \"Tcp\"\r\n        }\r\n      }\r\n    ],\r\
        \n    \"outboundNatRules\": [],\r\n    \"inboundNatPools\": []\r\n  }\r\n}"}
    headers:
      azure-asyncoperation: ['https://management.azure.com/subscriptions/00000000-0000-0000-0000-000000000000/providers/Microsoft.Network/locations/westus/operations/8db35df9-08e9-4a5a-bf0b-9c644d3aff9e?api-version=2017-06-01']
      cache-control: [no-cache]
      content-length: ['5428']
      content-type: [application/json; charset=utf-8]
      date: ['Fri, 28 Jul 2017 18:08:16 GMT']
      expires: ['-1']
      pragma: [no-cache]
      server: [Microsoft-HTTPAPI/2.0, Microsoft-HTTPAPI/2.0]
      strict-transport-security: [max-age=31536000; includeSubDomains]
      transfer-encoding: [chunked]
      vary: [Accept-Encoding]
      x-ms-ratelimit-remaining-subscription-writes: ['1197']
    status: {code: 200, message: OK}
- request:
    body: null
    headers:
      Accept: [application/json]
      Accept-Encoding: ['gzip, deflate']
      CommandName: [network lb inbound-nat-rule create]
      Connection: [keep-alive]
      Content-Type: [application/json; charset=utf-8]
      User-Agent: [python/3.5.1 (Windows-10-10.0.15063-SP0) requests/2.9.1 msrest/0.4.11
          msrest_azure/0.4.11 networkmanagementclient/1.3.0 Azure-SDK-For-Python AZURECLI/2.0.12+dev]
      accept-language: [en-US]
    method: GET
    uri: https://management.azure.com/subscriptions/00000000-0000-0000-0000-000000000000/providers/Microsoft.Network/locations/westus/operations/8db35df9-08e9-4a5a-bf0b-9c644d3aff9e?api-version=2017-06-01
  response:
    body: {string: "{\r\n  \"status\": \"Succeeded\"\r\n}"}
    headers:
      cache-control: [no-cache]
      content-length: ['29']
      content-type: [application/json; charset=utf-8]
      date: ['Fri, 28 Jul 2017 18:08:47 GMT']
      expires: ['-1']
      pragma: [no-cache]
      server: [Microsoft-HTTPAPI/2.0, Microsoft-HTTPAPI/2.0]
      strict-transport-security: [max-age=31536000; includeSubDomains]
      transfer-encoding: [chunked]
      vary: [Accept-Encoding]
    status: {code: 200, message: OK}
- request:
    body: null
    headers:
      Accept: [application/json]
      Accept-Encoding: ['gzip, deflate']
      CommandName: [network lb inbound-nat-rule create]
      Connection: [keep-alive]
      Content-Type: [application/json; charset=utf-8]
      User-Agent: [python/3.5.1 (Windows-10-10.0.15063-SP0) requests/2.9.1 msrest/0.4.11
          msrest_azure/0.4.11 networkmanagementclient/1.3.0 Azure-SDK-For-Python AZURECLI/2.0.12+dev]
      accept-language: [en-US]
    method: GET
    uri: https://management.azure.com/subscriptions/00000000-0000-0000-0000-000000000000/resourceGroups/cli_test_lb_nat_rules000001/providers/Microsoft.Network/loadBalancers/lb1?api-version=2017-06-01
  response:
    body: {string: "{\r\n  \"name\": \"lb1\",\r\n  \"id\": \"/subscriptions/00000000-0000-0000-0000-000000000000/resourceGroups/cli_test_lb_nat_rules000001/providers/Microsoft.Network/loadBalancers/lb1\"\
        ,\r\n  \"etag\": \"W/\\\"2649506c-1a28-4568-93c2-edacd121b5e1\\\"\",\r\n \
        \ \"type\": \"Microsoft.Network/loadBalancers\",\r\n  \"location\": \"westus\"\
        ,\r\n  \"tags\": {},\r\n  \"properties\": {\r\n    \"provisioningState\":\
        \ \"Succeeded\",\r\n    \"resourceGuid\": \"6a493479-f859-49aa-8da0-35df8399a413\"\
        ,\r\n    \"frontendIPConfigurations\": [\r\n      {\r\n        \"name\": \"\
        LoadBalancerFrontEnd\",\r\n        \"id\": \"/subscriptions/00000000-0000-0000-0000-000000000000/resourceGroups/cli_test_lb_nat_rules000001/providers/Microsoft.Network/loadBalancers/lb1/frontendIPConfigurations/LoadBalancerFrontEnd\"\
        ,\r\n        \"etag\": \"W/\\\"2649506c-1a28-4568-93c2-edacd121b5e1\\\"\"\
        ,\r\n        \"properties\": {\r\n          \"provisioningState\": \"Succeeded\"\
        ,\r\n          \"privateIPAllocationMethod\": \"Dynamic\",\r\n          \"\
        publicIPAddress\": {\r\n            \"id\": \"/subscriptions/00000000-0000-0000-0000-000000000000/resourceGroups/cli_test_lb_nat_rules000001/providers/Microsoft.Network/publicIPAddresses/PublicIPlb1\"\
        \r\n          },\r\n          \"inboundNatRules\": [\r\n            {\r\n\
        \              \"id\": \"/subscriptions/00000000-0000-0000-0000-000000000000/resourceGroups/cli_test_lb_nat_rules000001/providers/Microsoft.Network/loadBalancers/lb1/inboundNatRules/rule1\"\
        \r\n            },\r\n            {\r\n              \"id\": \"/subscriptions/00000000-0000-0000-0000-000000000000/resourceGroups/cli_test_lb_nat_rules000001/providers/Microsoft.Network/loadBalancers/lb1/inboundNatRules/rule2\"\
        \r\n            },\r\n            {\r\n              \"id\": \"/subscriptions/00000000-0000-0000-0000-000000000000/resourceGroups/cli_test_lb_nat_rules000001/providers/Microsoft.Network/loadBalancers/lb1/inboundNatRules/rule3\"\
        \r\n            }\r\n          ]\r\n        }\r\n      }\r\n    ],\r\n   \
        \ \"backendAddressPools\": [\r\n      {\r\n        \"name\": \"lb1bepool\"\
        ,\r\n        \"id\": \"/subscriptions/00000000-0000-0000-0000-000000000000/resourceGroups/cli_test_lb_nat_rules000001/providers/Microsoft.Network/loadBalancers/lb1/backendAddressPools/lb1bepool\"\
        ,\r\n        \"etag\": \"W/\\\"2649506c-1a28-4568-93c2-edacd121b5e1\\\"\"\
        ,\r\n        \"properties\": {\r\n          \"provisioningState\": \"Succeeded\"\
        \r\n        }\r\n      }\r\n    ],\r\n    \"loadBalancingRules\": [],\r\n\
        \    \"probes\": [],\r\n    \"inboundNatRules\": [\r\n      {\r\n        \"\
        name\": \"rule1\",\r\n        \"id\": \"/subscriptions/00000000-0000-0000-0000-000000000000/resourceGroups/cli_test_lb_nat_rules000001/providers/Microsoft.Network/loadBalancers/lb1/inboundNatRules/rule1\"\
        ,\r\n        \"etag\": \"W/\\\"2649506c-1a28-4568-93c2-edacd121b5e1\\\"\"\
        ,\r\n        \"properties\": {\r\n          \"provisioningState\": \"Succeeded\"\
        ,\r\n          \"frontendIPConfiguration\": {\r\n            \"id\": \"/subscriptions/00000000-0000-0000-0000-000000000000/resourceGroups/cli_test_lb_nat_rules000001/providers/Microsoft.Network/loadBalancers/lb1/frontendIPConfigurations/LoadBalancerFrontEnd\"\
        \r\n          },\r\n          \"frontendPort\": 1,\r\n          \"backendPort\"\
        : 1,\r\n          \"enableFloatingIP\": false,\r\n          \"idleTimeoutInMinutes\"\
        : 4,\r\n          \"protocol\": \"Tcp\"\r\n        }\r\n      },\r\n     \
        \ {\r\n        \"name\": \"rule2\",\r\n        \"id\": \"/subscriptions/00000000-0000-0000-0000-000000000000/resourceGroups/cli_test_lb_nat_rules000001/providers/Microsoft.Network/loadBalancers/lb1/inboundNatRules/rule2\"\
        ,\r\n        \"etag\": \"W/\\\"2649506c-1a28-4568-93c2-edacd121b5e1\\\"\"\
        ,\r\n        \"properties\": {\r\n          \"provisioningState\": \"Succeeded\"\
        ,\r\n          \"frontendIPConfiguration\": {\r\n            \"id\": \"/subscriptions/00000000-0000-0000-0000-000000000000/resourceGroups/cli_test_lb_nat_rules000001/providers/Microsoft.Network/loadBalancers/lb1/frontendIPConfigurations/LoadBalancerFrontEnd\"\
        \r\n          },\r\n          \"frontendPort\": 2,\r\n          \"backendPort\"\
        : 2,\r\n          \"enableFloatingIP\": false,\r\n          \"idleTimeoutInMinutes\"\
        : 4,\r\n          \"protocol\": \"Tcp\"\r\n        }\r\n      },\r\n     \
        \ {\r\n        \"name\": \"rule3\",\r\n        \"id\": \"/subscriptions/00000000-0000-0000-0000-000000000000/resourceGroups/cli_test_lb_nat_rules000001/providers/Microsoft.Network/loadBalancers/lb1/inboundNatRules/rule3\"\
        ,\r\n        \"etag\": \"W/\\\"2649506c-1a28-4568-93c2-edacd121b5e1\\\"\"\
        ,\r\n        \"properties\": {\r\n          \"provisioningState\": \"Succeeded\"\
        ,\r\n          \"frontendIPConfiguration\": {\r\n            \"id\": \"/subscriptions/00000000-0000-0000-0000-000000000000/resourceGroups/cli_test_lb_nat_rules000001/providers/Microsoft.Network/loadBalancers/lb1/frontendIPConfigurations/LoadBalancerFrontEnd\"\
        \r\n          },\r\n          \"frontendPort\": 3,\r\n          \"backendPort\"\
        : 3,\r\n          \"enableFloatingIP\": false,\r\n          \"idleTimeoutInMinutes\"\
        : 4,\r\n          \"protocol\": \"Tcp\"\r\n        }\r\n      }\r\n    ],\r\
        \n    \"outboundNatRules\": [],\r\n    \"inboundNatPools\": []\r\n  }\r\n}"}
    headers:
      cache-control: [no-cache]
      content-length: ['5428']
      content-type: [application/json; charset=utf-8]
      date: ['Fri, 28 Jul 2017 18:08:47 GMT']
      etag: [W/"2649506c-1a28-4568-93c2-edacd121b5e1"]
      expires: ['-1']
      pragma: [no-cache]
      server: [Microsoft-HTTPAPI/2.0, Microsoft-HTTPAPI/2.0]
      strict-transport-security: [max-age=31536000; includeSubDomains]
      transfer-encoding: [chunked]
      vary: [Accept-Encoding]
    status: {code: 200, message: OK}
- request:
    body: null
    headers:
      Accept: [application/json]
      Accept-Encoding: ['gzip, deflate']
      CommandName: [network lb inbound-nat-rule list]
      Connection: [keep-alive]
      Content-Type: [application/json; charset=utf-8]
      User-Agent: [python/3.5.1 (Windows-10-10.0.15063-SP0) requests/2.9.1 msrest/0.4.11
          msrest_azure/0.4.11 networkmanagementclient/1.3.0 Azure-SDK-For-Python AZURECLI/2.0.12+dev]
      accept-language: [en-US]
    method: GET
    uri: https://management.azure.com/subscriptions/00000000-0000-0000-0000-000000000000/resourceGroups/cli_test_lb_nat_rules000001/providers/Microsoft.Network/loadBalancers/lb1?api-version=2017-06-01
  response:
    body: {string: "{\r\n  \"name\": \"lb1\",\r\n  \"id\": \"/subscriptions/00000000-0000-0000-0000-000000000000/resourceGroups/cli_test_lb_nat_rules000001/providers/Microsoft.Network/loadBalancers/lb1\"\
        ,\r\n  \"etag\": \"W/\\\"2649506c-1a28-4568-93c2-edacd121b5e1\\\"\",\r\n \
        \ \"type\": \"Microsoft.Network/loadBalancers\",\r\n  \"location\": \"westus\"\
        ,\r\n  \"tags\": {},\r\n  \"properties\": {\r\n    \"provisioningState\":\
        \ \"Succeeded\",\r\n    \"resourceGuid\": \"6a493479-f859-49aa-8da0-35df8399a413\"\
        ,\r\n    \"frontendIPConfigurations\": [\r\n      {\r\n        \"name\": \"\
        LoadBalancerFrontEnd\",\r\n        \"id\": \"/subscriptions/00000000-0000-0000-0000-000000000000/resourceGroups/cli_test_lb_nat_rules000001/providers/Microsoft.Network/loadBalancers/lb1/frontendIPConfigurations/LoadBalancerFrontEnd\"\
        ,\r\n        \"etag\": \"W/\\\"2649506c-1a28-4568-93c2-edacd121b5e1\\\"\"\
        ,\r\n        \"properties\": {\r\n          \"provisioningState\": \"Succeeded\"\
        ,\r\n          \"privateIPAllocationMethod\": \"Dynamic\",\r\n          \"\
        publicIPAddress\": {\r\n            \"id\": \"/subscriptions/00000000-0000-0000-0000-000000000000/resourceGroups/cli_test_lb_nat_rules000001/providers/Microsoft.Network/publicIPAddresses/PublicIPlb1\"\
        \r\n          },\r\n          \"inboundNatRules\": [\r\n            {\r\n\
        \              \"id\": \"/subscriptions/00000000-0000-0000-0000-000000000000/resourceGroups/cli_test_lb_nat_rules000001/providers/Microsoft.Network/loadBalancers/lb1/inboundNatRules/rule1\"\
        \r\n            },\r\n            {\r\n              \"id\": \"/subscriptions/00000000-0000-0000-0000-000000000000/resourceGroups/cli_test_lb_nat_rules000001/providers/Microsoft.Network/loadBalancers/lb1/inboundNatRules/rule2\"\
        \r\n            },\r\n            {\r\n              \"id\": \"/subscriptions/00000000-0000-0000-0000-000000000000/resourceGroups/cli_test_lb_nat_rules000001/providers/Microsoft.Network/loadBalancers/lb1/inboundNatRules/rule3\"\
        \r\n            }\r\n          ]\r\n        }\r\n      }\r\n    ],\r\n   \
        \ \"backendAddressPools\": [\r\n      {\r\n        \"name\": \"lb1bepool\"\
        ,\r\n        \"id\": \"/subscriptions/00000000-0000-0000-0000-000000000000/resourceGroups/cli_test_lb_nat_rules000001/providers/Microsoft.Network/loadBalancers/lb1/backendAddressPools/lb1bepool\"\
        ,\r\n        \"etag\": \"W/\\\"2649506c-1a28-4568-93c2-edacd121b5e1\\\"\"\
        ,\r\n        \"properties\": {\r\n          \"provisioningState\": \"Succeeded\"\
        \r\n        }\r\n      }\r\n    ],\r\n    \"loadBalancingRules\": [],\r\n\
        \    \"probes\": [],\r\n    \"inboundNatRules\": [\r\n      {\r\n        \"\
        name\": \"rule1\",\r\n        \"id\": \"/subscriptions/00000000-0000-0000-0000-000000000000/resourceGroups/cli_test_lb_nat_rules000001/providers/Microsoft.Network/loadBalancers/lb1/inboundNatRules/rule1\"\
        ,\r\n        \"etag\": \"W/\\\"2649506c-1a28-4568-93c2-edacd121b5e1\\\"\"\
        ,\r\n        \"properties\": {\r\n          \"provisioningState\": \"Succeeded\"\
        ,\r\n          \"frontendIPConfiguration\": {\r\n            \"id\": \"/subscriptions/00000000-0000-0000-0000-000000000000/resourceGroups/cli_test_lb_nat_rules000001/providers/Microsoft.Network/loadBalancers/lb1/frontendIPConfigurations/LoadBalancerFrontEnd\"\
        \r\n          },\r\n          \"frontendPort\": 1,\r\n          \"backendPort\"\
        : 1,\r\n          \"enableFloatingIP\": false,\r\n          \"idleTimeoutInMinutes\"\
        : 4,\r\n          \"protocol\": \"Tcp\"\r\n        }\r\n      },\r\n     \
        \ {\r\n        \"name\": \"rule2\",\r\n        \"id\": \"/subscriptions/00000000-0000-0000-0000-000000000000/resourceGroups/cli_test_lb_nat_rules000001/providers/Microsoft.Network/loadBalancers/lb1/inboundNatRules/rule2\"\
        ,\r\n        \"etag\": \"W/\\\"2649506c-1a28-4568-93c2-edacd121b5e1\\\"\"\
        ,\r\n        \"properties\": {\r\n          \"provisioningState\": \"Succeeded\"\
        ,\r\n          \"frontendIPConfiguration\": {\r\n            \"id\": \"/subscriptions/00000000-0000-0000-0000-000000000000/resourceGroups/cli_test_lb_nat_rules000001/providers/Microsoft.Network/loadBalancers/lb1/frontendIPConfigurations/LoadBalancerFrontEnd\"\
        \r\n          },\r\n          \"frontendPort\": 2,\r\n          \"backendPort\"\
        : 2,\r\n          \"enableFloatingIP\": false,\r\n          \"idleTimeoutInMinutes\"\
        : 4,\r\n          \"protocol\": \"Tcp\"\r\n        }\r\n      },\r\n     \
        \ {\r\n        \"name\": \"rule3\",\r\n        \"id\": \"/subscriptions/00000000-0000-0000-0000-000000000000/resourceGroups/cli_test_lb_nat_rules000001/providers/Microsoft.Network/loadBalancers/lb1/inboundNatRules/rule3\"\
        ,\r\n        \"etag\": \"W/\\\"2649506c-1a28-4568-93c2-edacd121b5e1\\\"\"\
        ,\r\n        \"properties\": {\r\n          \"provisioningState\": \"Succeeded\"\
        ,\r\n          \"frontendIPConfiguration\": {\r\n            \"id\": \"/subscriptions/00000000-0000-0000-0000-000000000000/resourceGroups/cli_test_lb_nat_rules000001/providers/Microsoft.Network/loadBalancers/lb1/frontendIPConfigurations/LoadBalancerFrontEnd\"\
        \r\n          },\r\n          \"frontendPort\": 3,\r\n          \"backendPort\"\
        : 3,\r\n          \"enableFloatingIP\": false,\r\n          \"idleTimeoutInMinutes\"\
        : 4,\r\n          \"protocol\": \"Tcp\"\r\n        }\r\n      }\r\n    ],\r\
        \n    \"outboundNatRules\": [],\r\n    \"inboundNatPools\": []\r\n  }\r\n}"}
    headers:
      cache-control: [no-cache]
      content-length: ['5428']
      content-type: [application/json; charset=utf-8]
      date: ['Fri, 28 Jul 2017 18:08:47 GMT']
      etag: [W/"2649506c-1a28-4568-93c2-edacd121b5e1"]
      expires: ['-1']
      pragma: [no-cache]
      server: [Microsoft-HTTPAPI/2.0, Microsoft-HTTPAPI/2.0]
      strict-transport-security: [max-age=31536000; includeSubDomains]
      transfer-encoding: [chunked]
      vary: [Accept-Encoding]
    status: {code: 200, message: OK}
- request:
    body: null
    headers:
      Accept: [application/json]
      Accept-Encoding: ['gzip, deflate']
      CommandName: [network lb inbound-nat-rule update]
      Connection: [keep-alive]
      Content-Type: [application/json; charset=utf-8]
      User-Agent: [python/3.5.1 (Windows-10-10.0.15063-SP0) requests/2.9.1 msrest/0.4.11
          msrest_azure/0.4.11 networkmanagementclient/1.3.0 Azure-SDK-For-Python AZURECLI/2.0.12+dev]
      accept-language: [en-US]
    method: GET
    uri: https://management.azure.com/subscriptions/00000000-0000-0000-0000-000000000000/resourceGroups/cli_test_lb_nat_rules000001/providers/Microsoft.Network/loadBalancers/lb1?api-version=2017-06-01
  response:
    body: {string: "{\r\n  \"name\": \"lb1\",\r\n  \"id\": \"/subscriptions/00000000-0000-0000-0000-000000000000/resourceGroups/cli_test_lb_nat_rules000001/providers/Microsoft.Network/loadBalancers/lb1\"\
        ,\r\n  \"etag\": \"W/\\\"2649506c-1a28-4568-93c2-edacd121b5e1\\\"\",\r\n \
        \ \"type\": \"Microsoft.Network/loadBalancers\",\r\n  \"location\": \"westus\"\
        ,\r\n  \"tags\": {},\r\n  \"properties\": {\r\n    \"provisioningState\":\
        \ \"Succeeded\",\r\n    \"resourceGuid\": \"6a493479-f859-49aa-8da0-35df8399a413\"\
        ,\r\n    \"frontendIPConfigurations\": [\r\n      {\r\n        \"name\": \"\
        LoadBalancerFrontEnd\",\r\n        \"id\": \"/subscriptions/00000000-0000-0000-0000-000000000000/resourceGroups/cli_test_lb_nat_rules000001/providers/Microsoft.Network/loadBalancers/lb1/frontendIPConfigurations/LoadBalancerFrontEnd\"\
        ,\r\n        \"etag\": \"W/\\\"2649506c-1a28-4568-93c2-edacd121b5e1\\\"\"\
        ,\r\n        \"properties\": {\r\n          \"provisioningState\": \"Succeeded\"\
        ,\r\n          \"privateIPAllocationMethod\": \"Dynamic\",\r\n          \"\
        publicIPAddress\": {\r\n            \"id\": \"/subscriptions/00000000-0000-0000-0000-000000000000/resourceGroups/cli_test_lb_nat_rules000001/providers/Microsoft.Network/publicIPAddresses/PublicIPlb1\"\
        \r\n          },\r\n          \"inboundNatRules\": [\r\n            {\r\n\
        \              \"id\": \"/subscriptions/00000000-0000-0000-0000-000000000000/resourceGroups/cli_test_lb_nat_rules000001/providers/Microsoft.Network/loadBalancers/lb1/inboundNatRules/rule1\"\
        \r\n            },\r\n            {\r\n              \"id\": \"/subscriptions/00000000-0000-0000-0000-000000000000/resourceGroups/cli_test_lb_nat_rules000001/providers/Microsoft.Network/loadBalancers/lb1/inboundNatRules/rule2\"\
        \r\n            },\r\n            {\r\n              \"id\": \"/subscriptions/00000000-0000-0000-0000-000000000000/resourceGroups/cli_test_lb_nat_rules000001/providers/Microsoft.Network/loadBalancers/lb1/inboundNatRules/rule3\"\
        \r\n            }\r\n          ]\r\n        }\r\n      }\r\n    ],\r\n   \
        \ \"backendAddressPools\": [\r\n      {\r\n        \"name\": \"lb1bepool\"\
        ,\r\n        \"id\": \"/subscriptions/00000000-0000-0000-0000-000000000000/resourceGroups/cli_test_lb_nat_rules000001/providers/Microsoft.Network/loadBalancers/lb1/backendAddressPools/lb1bepool\"\
        ,\r\n        \"etag\": \"W/\\\"2649506c-1a28-4568-93c2-edacd121b5e1\\\"\"\
        ,\r\n        \"properties\": {\r\n          \"provisioningState\": \"Succeeded\"\
        \r\n        }\r\n      }\r\n    ],\r\n    \"loadBalancingRules\": [],\r\n\
        \    \"probes\": [],\r\n    \"inboundNatRules\": [\r\n      {\r\n        \"\
        name\": \"rule1\",\r\n        \"id\": \"/subscriptions/00000000-0000-0000-0000-000000000000/resourceGroups/cli_test_lb_nat_rules000001/providers/Microsoft.Network/loadBalancers/lb1/inboundNatRules/rule1\"\
        ,\r\n        \"etag\": \"W/\\\"2649506c-1a28-4568-93c2-edacd121b5e1\\\"\"\
        ,\r\n        \"properties\": {\r\n          \"provisioningState\": \"Succeeded\"\
        ,\r\n          \"frontendIPConfiguration\": {\r\n            \"id\": \"/subscriptions/00000000-0000-0000-0000-000000000000/resourceGroups/cli_test_lb_nat_rules000001/providers/Microsoft.Network/loadBalancers/lb1/frontendIPConfigurations/LoadBalancerFrontEnd\"\
        \r\n          },\r\n          \"frontendPort\": 1,\r\n          \"backendPort\"\
        : 1,\r\n          \"enableFloatingIP\": false,\r\n          \"idleTimeoutInMinutes\"\
        : 4,\r\n          \"protocol\": \"Tcp\"\r\n        }\r\n      },\r\n     \
        \ {\r\n        \"name\": \"rule2\",\r\n        \"id\": \"/subscriptions/00000000-0000-0000-0000-000000000000/resourceGroups/cli_test_lb_nat_rules000001/providers/Microsoft.Network/loadBalancers/lb1/inboundNatRules/rule2\"\
        ,\r\n        \"etag\": \"W/\\\"2649506c-1a28-4568-93c2-edacd121b5e1\\\"\"\
        ,\r\n        \"properties\": {\r\n          \"provisioningState\": \"Succeeded\"\
        ,\r\n          \"frontendIPConfiguration\": {\r\n            \"id\": \"/subscriptions/00000000-0000-0000-0000-000000000000/resourceGroups/cli_test_lb_nat_rules000001/providers/Microsoft.Network/loadBalancers/lb1/frontendIPConfigurations/LoadBalancerFrontEnd\"\
        \r\n          },\r\n          \"frontendPort\": 2,\r\n          \"backendPort\"\
        : 2,\r\n          \"enableFloatingIP\": false,\r\n          \"idleTimeoutInMinutes\"\
        : 4,\r\n          \"protocol\": \"Tcp\"\r\n        }\r\n      },\r\n     \
        \ {\r\n        \"name\": \"rule3\",\r\n        \"id\": \"/subscriptions/00000000-0000-0000-0000-000000000000/resourceGroups/cli_test_lb_nat_rules000001/providers/Microsoft.Network/loadBalancers/lb1/inboundNatRules/rule3\"\
        ,\r\n        \"etag\": \"W/\\\"2649506c-1a28-4568-93c2-edacd121b5e1\\\"\"\
        ,\r\n        \"properties\": {\r\n          \"provisioningState\": \"Succeeded\"\
        ,\r\n          \"frontendIPConfiguration\": {\r\n            \"id\": \"/subscriptions/00000000-0000-0000-0000-000000000000/resourceGroups/cli_test_lb_nat_rules000001/providers/Microsoft.Network/loadBalancers/lb1/frontendIPConfigurations/LoadBalancerFrontEnd\"\
        \r\n          },\r\n          \"frontendPort\": 3,\r\n          \"backendPort\"\
        : 3,\r\n          \"enableFloatingIP\": false,\r\n          \"idleTimeoutInMinutes\"\
        : 4,\r\n          \"protocol\": \"Tcp\"\r\n        }\r\n      }\r\n    ],\r\
        \n    \"outboundNatRules\": [],\r\n    \"inboundNatPools\": []\r\n  }\r\n}"}
    headers:
      cache-control: [no-cache]
      content-length: ['5428']
      content-type: [application/json; charset=utf-8]
      date: ['Fri, 28 Jul 2017 18:08:47 GMT']
      etag: [W/"2649506c-1a28-4568-93c2-edacd121b5e1"]
      expires: ['-1']
      pragma: [no-cache]
      server: [Microsoft-HTTPAPI/2.0, Microsoft-HTTPAPI/2.0]
      strict-transport-security: [max-age=31536000; includeSubDomains]
      transfer-encoding: [chunked]
      vary: [Accept-Encoding]
    status: {code: 200, message: OK}
- request:
    body: 'b''{"location": "westus", "etag": "W/\\"2649506c-1a28-4568-93c2-edacd121b5e1\\"",
      "tags": {}, "id": "/subscriptions/6b085460-5f21-477e-ba44-1035046e9101/resourceGroups/cli_test_lb_nat_rules000001/providers/Microsoft.Network/loadBalancers/lb1",
      "properties": {"inboundNatRules": [{"name": "rule1", "etag": "W/\\"2649506c-1a28-4568-93c2-edacd121b5e1\\"",
      "id": "/subscriptions/6b085460-5f21-477e-ba44-1035046e9101/resourceGroups/cli_test_lb_nat_rules000001/providers/Microsoft.Network/loadBalancers/lb1/inboundNatRules/rule1",
      "properties": {"protocol": "Tcp", "idleTimeoutInMinutes": 10, "backendPort":
      1, "enableFloatingIP": true, "provisioningState": "Succeeded", "frontendIPConfiguration":
      {"id": "/subscriptions/6b085460-5f21-477e-ba44-1035046e9101/resourceGroups/cli_test_lb_nat_rules000001/providers/Microsoft.Network/loadBalancers/lb1/frontendIPConfigurations/LoadBalancerFrontEnd"},
      "frontendPort": 1}}, {"name": "rule2", "etag": "W/\\"2649506c-1a28-4568-93c2-edacd121b5e1\\"",
      "id": "/subscriptions/6b085460-5f21-477e-ba44-1035046e9101/resourceGroups/cli_test_lb_nat_rules000001/providers/Microsoft.Network/loadBalancers/lb1/inboundNatRules/rule2",
      "properties": {"protocol": "Tcp", "idleTimeoutInMinutes": 4, "backendPort":
      2, "enableFloatingIP": false, "provisioningState": "Succeeded", "frontendIPConfiguration":
      {"id": "/subscriptions/6b085460-5f21-477e-ba44-1035046e9101/resourceGroups/cli_test_lb_nat_rules000001/providers/Microsoft.Network/loadBalancers/lb1/frontendIPConfigurations/LoadBalancerFrontEnd"},
      "frontendPort": 2}}, {"name": "rule3", "etag": "W/\\"2649506c-1a28-4568-93c2-edacd121b5e1\\"",
      "id": "/subscriptions/6b085460-5f21-477e-ba44-1035046e9101/resourceGroups/cli_test_lb_nat_rules000001/providers/Microsoft.Network/loadBalancers/lb1/inboundNatRules/rule3",
      "properties": {"protocol": "Tcp", "idleTimeoutInMinutes": 4, "backendPort":
      3, "enableFloatingIP": false, "provisioningState": "Succeeded", "frontendIPConfiguration":
      {"id": "/subscriptions/6b085460-5f21-477e-ba44-1035046e9101/resourceGroups/cli_test_lb_nat_rules000001/providers/Microsoft.Network/loadBalancers/lb1/frontendIPConfigurations/LoadBalancerFrontEnd"},
      "frontendPort": 3}}], "outboundNatRules": [], "backendAddressPools": [{"name":
      "lb1bepool", "etag": "W/\\"2649506c-1a28-4568-93c2-edacd121b5e1\\"", "id": "/subscriptions/6b085460-5f21-477e-ba44-1035046e9101/resourceGroups/cli_test_lb_nat_rules000001/providers/Microsoft.Network/loadBalancers/lb1/backendAddressPools/lb1bepool",
      "properties": {"provisioningState": "Succeeded"}}], "provisioningState": "Succeeded",
      "frontendIPConfigurations": [{"name": "LoadBalancerFrontEnd", "etag": "W/\\"2649506c-1a28-4568-93c2-edacd121b5e1\\"",
      "id": "/subscriptions/6b085460-5f21-477e-ba44-1035046e9101/resourceGroups/cli_test_lb_nat_rules000001/providers/Microsoft.Network/loadBalancers/lb1/frontendIPConfigurations/LoadBalancerFrontEnd",
      "properties": {"provisioningState": "Succeeded", "privateIPAllocationMethod":
      "Dynamic", "publicIPAddress": {"id": "/subscriptions/6b085460-5f21-477e-ba44-1035046e9101/resourceGroups/cli_test_lb_nat_rules000001/providers/Microsoft.Network/publicIPAddresses/PublicIPlb1"}}}],
      "loadBalancingRules": [], "probes": [], "inboundNatPools": [], "resourceGuid":
      "6a493479-f859-49aa-8da0-35df8399a413"}}'''
    headers:
      Accept: [application/json]
      Accept-Encoding: ['gzip, deflate']
      CommandName: [network lb inbound-nat-rule update]
      Connection: [keep-alive]
      Content-Length: ['3741']
      Content-Type: [application/json; charset=utf-8]
      User-Agent: [python/3.5.1 (Windows-10-10.0.15063-SP0) requests/2.9.1 msrest/0.4.11
          msrest_azure/0.4.11 networkmanagementclient/1.3.0 Azure-SDK-For-Python AZURECLI/2.0.12+dev]
      accept-language: [en-US]
    method: PUT
    uri: https://management.azure.com/subscriptions/00000000-0000-0000-0000-000000000000/resourceGroups/cli_test_lb_nat_rules000001/providers/Microsoft.Network/loadBalancers/lb1?api-version=2017-06-01
  response:
    body: {string: "{\r\n  \"name\": \"lb1\",\r\n  \"id\": \"/subscriptions/00000000-0000-0000-0000-000000000000/resourceGroups/cli_test_lb_nat_rules000001/providers/Microsoft.Network/loadBalancers/lb1\"\
        ,\r\n  \"etag\": \"W/\\\"8e4511f0-fc42-4ce0-a40e-b1188c11e2f2\\\"\",\r\n \
        \ \"type\": \"Microsoft.Network/loadBalancers\",\r\n  \"location\": \"westus\"\
        ,\r\n  \"tags\": {},\r\n  \"properties\": {\r\n    \"provisioningState\":\
        \ \"Succeeded\",\r\n    \"resourceGuid\": \"6a493479-f859-49aa-8da0-35df8399a413\"\
        ,\r\n    \"frontendIPConfigurations\": [\r\n      {\r\n        \"name\": \"\
        LoadBalancerFrontEnd\",\r\n        \"id\": \"/subscriptions/00000000-0000-0000-0000-000000000000/resourceGroups/cli_test_lb_nat_rules000001/providers/Microsoft.Network/loadBalancers/lb1/frontendIPConfigurations/LoadBalancerFrontEnd\"\
        ,\r\n        \"etag\": \"W/\\\"8e4511f0-fc42-4ce0-a40e-b1188c11e2f2\\\"\"\
        ,\r\n        \"properties\": {\r\n          \"provisioningState\": \"Succeeded\"\
        ,\r\n          \"privateIPAllocationMethod\": \"Dynamic\",\r\n          \"\
        publicIPAddress\": {\r\n            \"id\": \"/subscriptions/00000000-0000-0000-0000-000000000000/resourceGroups/cli_test_lb_nat_rules000001/providers/Microsoft.Network/publicIPAddresses/PublicIPlb1\"\
        \r\n          },\r\n          \"inboundNatRules\": [\r\n            {\r\n\
        \              \"id\": \"/subscriptions/00000000-0000-0000-0000-000000000000/resourceGroups/cli_test_lb_nat_rules000001/providers/Microsoft.Network/loadBalancers/lb1/inboundNatRules/rule1\"\
        \r\n            },\r\n            {\r\n              \"id\": \"/subscriptions/00000000-0000-0000-0000-000000000000/resourceGroups/cli_test_lb_nat_rules000001/providers/Microsoft.Network/loadBalancers/lb1/inboundNatRules/rule2\"\
        \r\n            },\r\n            {\r\n              \"id\": \"/subscriptions/00000000-0000-0000-0000-000000000000/resourceGroups/cli_test_lb_nat_rules000001/providers/Microsoft.Network/loadBalancers/lb1/inboundNatRules/rule3\"\
        \r\n            }\r\n          ]\r\n        }\r\n      }\r\n    ],\r\n   \
        \ \"backendAddressPools\": [\r\n      {\r\n        \"name\": \"lb1bepool\"\
        ,\r\n        \"id\": \"/subscriptions/00000000-0000-0000-0000-000000000000/resourceGroups/cli_test_lb_nat_rules000001/providers/Microsoft.Network/loadBalancers/lb1/backendAddressPools/lb1bepool\"\
        ,\r\n        \"etag\": \"W/\\\"8e4511f0-fc42-4ce0-a40e-b1188c11e2f2\\\"\"\
        ,\r\n        \"properties\": {\r\n          \"provisioningState\": \"Succeeded\"\
        \r\n        }\r\n      }\r\n    ],\r\n    \"loadBalancingRules\": [],\r\n\
        \    \"probes\": [],\r\n    \"inboundNatRules\": [\r\n      {\r\n        \"\
        name\": \"rule1\",\r\n        \"id\": \"/subscriptions/00000000-0000-0000-0000-000000000000/resourceGroups/cli_test_lb_nat_rules000001/providers/Microsoft.Network/loadBalancers/lb1/inboundNatRules/rule1\"\
        ,\r\n        \"etag\": \"W/\\\"8e4511f0-fc42-4ce0-a40e-b1188c11e2f2\\\"\"\
        ,\r\n        \"properties\": {\r\n          \"provisioningState\": \"Succeeded\"\
        ,\r\n          \"frontendIPConfiguration\": {\r\n            \"id\": \"/subscriptions/00000000-0000-0000-0000-000000000000/resourceGroups/cli_test_lb_nat_rules000001/providers/Microsoft.Network/loadBalancers/lb1/frontendIPConfigurations/LoadBalancerFrontEnd\"\
        \r\n          },\r\n          \"frontendPort\": 1,\r\n          \"backendPort\"\
        : 1,\r\n          \"enableFloatingIP\": true,\r\n          \"idleTimeoutInMinutes\"\
        : 10,\r\n          \"protocol\": \"Tcp\"\r\n        }\r\n      },\r\n    \
        \  {\r\n        \"name\": \"rule2\",\r\n        \"id\": \"/subscriptions/00000000-0000-0000-0000-000000000000/resourceGroups/cli_test_lb_nat_rules000001/providers/Microsoft.Network/loadBalancers/lb1/inboundNatRules/rule2\"\
        ,\r\n        \"etag\": \"W/\\\"8e4511f0-fc42-4ce0-a40e-b1188c11e2f2\\\"\"\
        ,\r\n        \"properties\": {\r\n          \"provisioningState\": \"Succeeded\"\
        ,\r\n          \"frontendIPConfiguration\": {\r\n            \"id\": \"/subscriptions/00000000-0000-0000-0000-000000000000/resourceGroups/cli_test_lb_nat_rules000001/providers/Microsoft.Network/loadBalancers/lb1/frontendIPConfigurations/LoadBalancerFrontEnd\"\
        \r\n          },\r\n          \"frontendPort\": 2,\r\n          \"backendPort\"\
        : 2,\r\n          \"enableFloatingIP\": false,\r\n          \"idleTimeoutInMinutes\"\
        : 4,\r\n          \"protocol\": \"Tcp\"\r\n        }\r\n      },\r\n     \
        \ {\r\n        \"name\": \"rule3\",\r\n        \"id\": \"/subscriptions/00000000-0000-0000-0000-000000000000/resourceGroups/cli_test_lb_nat_rules000001/providers/Microsoft.Network/loadBalancers/lb1/inboundNatRules/rule3\"\
        ,\r\n        \"etag\": \"W/\\\"8e4511f0-fc42-4ce0-a40e-b1188c11e2f2\\\"\"\
        ,\r\n        \"properties\": {\r\n          \"provisioningState\": \"Succeeded\"\
        ,\r\n          \"frontendIPConfiguration\": {\r\n            \"id\": \"/subscriptions/00000000-0000-0000-0000-000000000000/resourceGroups/cli_test_lb_nat_rules000001/providers/Microsoft.Network/loadBalancers/lb1/frontendIPConfigurations/LoadBalancerFrontEnd\"\
        \r\n          },\r\n          \"frontendPort\": 3,\r\n          \"backendPort\"\
        : 3,\r\n          \"enableFloatingIP\": false,\r\n          \"idleTimeoutInMinutes\"\
        : 4,\r\n          \"protocol\": \"Tcp\"\r\n        }\r\n      }\r\n    ],\r\
        \n    \"outboundNatRules\": [],\r\n    \"inboundNatPools\": []\r\n  }\r\n}"}
    headers:
      azure-asyncoperation: ['https://management.azure.com/subscriptions/00000000-0000-0000-0000-000000000000/providers/Microsoft.Network/locations/westus/operations/f773fe0d-2baf-448c-8355-b38927337725?api-version=2017-06-01']
      cache-control: [no-cache]
      content-length: ['5428']
      content-type: [application/json; charset=utf-8]
      date: ['Fri, 28 Jul 2017 18:08:48 GMT']
      expires: ['-1']
      pragma: [no-cache]
      server: [Microsoft-HTTPAPI/2.0, Microsoft-HTTPAPI/2.0]
      strict-transport-security: [max-age=31536000; includeSubDomains]
      transfer-encoding: [chunked]
      vary: [Accept-Encoding]
      x-ms-ratelimit-remaining-subscription-writes: ['1196']
    status: {code: 200, message: OK}
- request:
    body: null
    headers:
      Accept: [application/json]
      Accept-Encoding: ['gzip, deflate']
      CommandName: [network lb inbound-nat-rule update]
      Connection: [keep-alive]
      Content-Type: [application/json; charset=utf-8]
      User-Agent: [python/3.5.1 (Windows-10-10.0.15063-SP0) requests/2.9.1 msrest/0.4.11
          msrest_azure/0.4.11 networkmanagementclient/1.3.0 Azure-SDK-For-Python AZURECLI/2.0.12+dev]
      accept-language: [en-US]
    method: GET
    uri: https://management.azure.com/subscriptions/00000000-0000-0000-0000-000000000000/providers/Microsoft.Network/locations/westus/operations/f773fe0d-2baf-448c-8355-b38927337725?api-version=2017-06-01
  response:
    body: {string: "{\r\n  \"status\": \"Succeeded\"\r\n}"}
    headers:
      cache-control: [no-cache]
      content-length: ['29']
      content-type: [application/json; charset=utf-8]
      date: ['Fri, 28 Jul 2017 18:09:18 GMT']
      expires: ['-1']
      pragma: [no-cache]
      server: [Microsoft-HTTPAPI/2.0, Microsoft-HTTPAPI/2.0]
      strict-transport-security: [max-age=31536000; includeSubDomains]
      transfer-encoding: [chunked]
      vary: [Accept-Encoding]
    status: {code: 200, message: OK}
- request:
    body: null
    headers:
      Accept: [application/json]
      Accept-Encoding: ['gzip, deflate']
      CommandName: [network lb inbound-nat-rule update]
      Connection: [keep-alive]
      Content-Type: [application/json; charset=utf-8]
      User-Agent: [python/3.5.1 (Windows-10-10.0.15063-SP0) requests/2.9.1 msrest/0.4.11
          msrest_azure/0.4.11 networkmanagementclient/1.3.0 Azure-SDK-For-Python AZURECLI/2.0.12+dev]
      accept-language: [en-US]
    method: GET
    uri: https://management.azure.com/subscriptions/00000000-0000-0000-0000-000000000000/resourceGroups/cli_test_lb_nat_rules000001/providers/Microsoft.Network/loadBalancers/lb1?api-version=2017-06-01
  response:
    body: {string: "{\r\n  \"name\": \"lb1\",\r\n  \"id\": \"/subscriptions/00000000-0000-0000-0000-000000000000/resourceGroups/cli_test_lb_nat_rules000001/providers/Microsoft.Network/loadBalancers/lb1\"\
        ,\r\n  \"etag\": \"W/\\\"8e4511f0-fc42-4ce0-a40e-b1188c11e2f2\\\"\",\r\n \
        \ \"type\": \"Microsoft.Network/loadBalancers\",\r\n  \"location\": \"westus\"\
        ,\r\n  \"tags\": {},\r\n  \"properties\": {\r\n    \"provisioningState\":\
        \ \"Succeeded\",\r\n    \"resourceGuid\": \"6a493479-f859-49aa-8da0-35df8399a413\"\
        ,\r\n    \"frontendIPConfigurations\": [\r\n      {\r\n        \"name\": \"\
        LoadBalancerFrontEnd\",\r\n        \"id\": \"/subscriptions/00000000-0000-0000-0000-000000000000/resourceGroups/cli_test_lb_nat_rules000001/providers/Microsoft.Network/loadBalancers/lb1/frontendIPConfigurations/LoadBalancerFrontEnd\"\
        ,\r\n        \"etag\": \"W/\\\"8e4511f0-fc42-4ce0-a40e-b1188c11e2f2\\\"\"\
        ,\r\n        \"properties\": {\r\n          \"provisioningState\": \"Succeeded\"\
        ,\r\n          \"privateIPAllocationMethod\": \"Dynamic\",\r\n          \"\
        publicIPAddress\": {\r\n            \"id\": \"/subscriptions/00000000-0000-0000-0000-000000000000/resourceGroups/cli_test_lb_nat_rules000001/providers/Microsoft.Network/publicIPAddresses/PublicIPlb1\"\
        \r\n          },\r\n          \"inboundNatRules\": [\r\n            {\r\n\
        \              \"id\": \"/subscriptions/00000000-0000-0000-0000-000000000000/resourceGroups/cli_test_lb_nat_rules000001/providers/Microsoft.Network/loadBalancers/lb1/inboundNatRules/rule1\"\
        \r\n            },\r\n            {\r\n              \"id\": \"/subscriptions/00000000-0000-0000-0000-000000000000/resourceGroups/cli_test_lb_nat_rules000001/providers/Microsoft.Network/loadBalancers/lb1/inboundNatRules/rule2\"\
        \r\n            },\r\n            {\r\n              \"id\": \"/subscriptions/00000000-0000-0000-0000-000000000000/resourceGroups/cli_test_lb_nat_rules000001/providers/Microsoft.Network/loadBalancers/lb1/inboundNatRules/rule3\"\
        \r\n            }\r\n          ]\r\n        }\r\n      }\r\n    ],\r\n   \
        \ \"backendAddressPools\": [\r\n      {\r\n        \"name\": \"lb1bepool\"\
        ,\r\n        \"id\": \"/subscriptions/00000000-0000-0000-0000-000000000000/resourceGroups/cli_test_lb_nat_rules000001/providers/Microsoft.Network/loadBalancers/lb1/backendAddressPools/lb1bepool\"\
        ,\r\n        \"etag\": \"W/\\\"8e4511f0-fc42-4ce0-a40e-b1188c11e2f2\\\"\"\
        ,\r\n        \"properties\": {\r\n          \"provisioningState\": \"Succeeded\"\
        \r\n        }\r\n      }\r\n    ],\r\n    \"loadBalancingRules\": [],\r\n\
        \    \"probes\": [],\r\n    \"inboundNatRules\": [\r\n      {\r\n        \"\
        name\": \"rule1\",\r\n        \"id\": \"/subscriptions/00000000-0000-0000-0000-000000000000/resourceGroups/cli_test_lb_nat_rules000001/providers/Microsoft.Network/loadBalancers/lb1/inboundNatRules/rule1\"\
        ,\r\n        \"etag\": \"W/\\\"8e4511f0-fc42-4ce0-a40e-b1188c11e2f2\\\"\"\
        ,\r\n        \"properties\": {\r\n          \"provisioningState\": \"Succeeded\"\
        ,\r\n          \"frontendIPConfiguration\": {\r\n            \"id\": \"/subscriptions/00000000-0000-0000-0000-000000000000/resourceGroups/cli_test_lb_nat_rules000001/providers/Microsoft.Network/loadBalancers/lb1/frontendIPConfigurations/LoadBalancerFrontEnd\"\
        \r\n          },\r\n          \"frontendPort\": 1,\r\n          \"backendPort\"\
        : 1,\r\n          \"enableFloatingIP\": true,\r\n          \"idleTimeoutInMinutes\"\
        : 10,\r\n          \"protocol\": \"Tcp\"\r\n        }\r\n      },\r\n    \
        \  {\r\n        \"name\": \"rule2\",\r\n        \"id\": \"/subscriptions/00000000-0000-0000-0000-000000000000/resourceGroups/cli_test_lb_nat_rules000001/providers/Microsoft.Network/loadBalancers/lb1/inboundNatRules/rule2\"\
        ,\r\n        \"etag\": \"W/\\\"8e4511f0-fc42-4ce0-a40e-b1188c11e2f2\\\"\"\
        ,\r\n        \"properties\": {\r\n          \"provisioningState\": \"Succeeded\"\
        ,\r\n          \"frontendIPConfiguration\": {\r\n            \"id\": \"/subscriptions/00000000-0000-0000-0000-000000000000/resourceGroups/cli_test_lb_nat_rules000001/providers/Microsoft.Network/loadBalancers/lb1/frontendIPConfigurations/LoadBalancerFrontEnd\"\
        \r\n          },\r\n          \"frontendPort\": 2,\r\n          \"backendPort\"\
        : 2,\r\n          \"enableFloatingIP\": false,\r\n          \"idleTimeoutInMinutes\"\
        : 4,\r\n          \"protocol\": \"Tcp\"\r\n        }\r\n      },\r\n     \
        \ {\r\n        \"name\": \"rule3\",\r\n        \"id\": \"/subscriptions/00000000-0000-0000-0000-000000000000/resourceGroups/cli_test_lb_nat_rules000001/providers/Microsoft.Network/loadBalancers/lb1/inboundNatRules/rule3\"\
        ,\r\n        \"etag\": \"W/\\\"8e4511f0-fc42-4ce0-a40e-b1188c11e2f2\\\"\"\
        ,\r\n        \"properties\": {\r\n          \"provisioningState\": \"Succeeded\"\
        ,\r\n          \"frontendIPConfiguration\": {\r\n            \"id\": \"/subscriptions/00000000-0000-0000-0000-000000000000/resourceGroups/cli_test_lb_nat_rules000001/providers/Microsoft.Network/loadBalancers/lb1/frontendIPConfigurations/LoadBalancerFrontEnd\"\
        \r\n          },\r\n          \"frontendPort\": 3,\r\n          \"backendPort\"\
        : 3,\r\n          \"enableFloatingIP\": false,\r\n          \"idleTimeoutInMinutes\"\
        : 4,\r\n          \"protocol\": \"Tcp\"\r\n        }\r\n      }\r\n    ],\r\
        \n    \"outboundNatRules\": [],\r\n    \"inboundNatPools\": []\r\n  }\r\n}"}
    headers:
      cache-control: [no-cache]
      content-length: ['5428']
      content-type: [application/json; charset=utf-8]
      date: ['Fri, 28 Jul 2017 18:09:18 GMT']
      etag: [W/"8e4511f0-fc42-4ce0-a40e-b1188c11e2f2"]
      expires: ['-1']
      pragma: [no-cache]
      server: [Microsoft-HTTPAPI/2.0, Microsoft-HTTPAPI/2.0]
      strict-transport-security: [max-age=31536000; includeSubDomains]
      transfer-encoding: [chunked]
      vary: [Accept-Encoding]
    status: {code: 200, message: OK}
- request:
    body: null
    headers:
      Accept: [application/json]
      Accept-Encoding: ['gzip, deflate']
      CommandName: [network lb inbound-nat-rule show]
      Connection: [keep-alive]
      Content-Type: [application/json; charset=utf-8]
      User-Agent: [python/3.5.1 (Windows-10-10.0.15063-SP0) requests/2.9.1 msrest/0.4.11
          msrest_azure/0.4.11 networkmanagementclient/1.3.0 Azure-SDK-For-Python AZURECLI/2.0.12+dev]
      accept-language: [en-US]
    method: GET
    uri: https://management.azure.com/subscriptions/00000000-0000-0000-0000-000000000000/resourceGroups/cli_test_lb_nat_rules000001/providers/Microsoft.Network/loadBalancers/lb1?api-version=2017-06-01
  response:
    body: {string: "{\r\n  \"name\": \"lb1\",\r\n  \"id\": \"/subscriptions/00000000-0000-0000-0000-000000000000/resourceGroups/cli_test_lb_nat_rules000001/providers/Microsoft.Network/loadBalancers/lb1\"\
        ,\r\n  \"etag\": \"W/\\\"8e4511f0-fc42-4ce0-a40e-b1188c11e2f2\\\"\",\r\n \
        \ \"type\": \"Microsoft.Network/loadBalancers\",\r\n  \"location\": \"westus\"\
        ,\r\n  \"tags\": {},\r\n  \"properties\": {\r\n    \"provisioningState\":\
        \ \"Succeeded\",\r\n    \"resourceGuid\": \"6a493479-f859-49aa-8da0-35df8399a413\"\
        ,\r\n    \"frontendIPConfigurations\": [\r\n      {\r\n        \"name\": \"\
        LoadBalancerFrontEnd\",\r\n        \"id\": \"/subscriptions/00000000-0000-0000-0000-000000000000/resourceGroups/cli_test_lb_nat_rules000001/providers/Microsoft.Network/loadBalancers/lb1/frontendIPConfigurations/LoadBalancerFrontEnd\"\
        ,\r\n        \"etag\": \"W/\\\"8e4511f0-fc42-4ce0-a40e-b1188c11e2f2\\\"\"\
        ,\r\n        \"properties\": {\r\n          \"provisioningState\": \"Succeeded\"\
        ,\r\n          \"privateIPAllocationMethod\": \"Dynamic\",\r\n          \"\
        publicIPAddress\": {\r\n            \"id\": \"/subscriptions/00000000-0000-0000-0000-000000000000/resourceGroups/cli_test_lb_nat_rules000001/providers/Microsoft.Network/publicIPAddresses/PublicIPlb1\"\
        \r\n          },\r\n          \"inboundNatRules\": [\r\n            {\r\n\
        \              \"id\": \"/subscriptions/00000000-0000-0000-0000-000000000000/resourceGroups/cli_test_lb_nat_rules000001/providers/Microsoft.Network/loadBalancers/lb1/inboundNatRules/rule1\"\
        \r\n            },\r\n            {\r\n              \"id\": \"/subscriptions/00000000-0000-0000-0000-000000000000/resourceGroups/cli_test_lb_nat_rules000001/providers/Microsoft.Network/loadBalancers/lb1/inboundNatRules/rule2\"\
        \r\n            },\r\n            {\r\n              \"id\": \"/subscriptions/00000000-0000-0000-0000-000000000000/resourceGroups/cli_test_lb_nat_rules000001/providers/Microsoft.Network/loadBalancers/lb1/inboundNatRules/rule3\"\
        \r\n            }\r\n          ]\r\n        }\r\n      }\r\n    ],\r\n   \
        \ \"backendAddressPools\": [\r\n      {\r\n        \"name\": \"lb1bepool\"\
        ,\r\n        \"id\": \"/subscriptions/00000000-0000-0000-0000-000000000000/resourceGroups/cli_test_lb_nat_rules000001/providers/Microsoft.Network/loadBalancers/lb1/backendAddressPools/lb1bepool\"\
        ,\r\n        \"etag\": \"W/\\\"8e4511f0-fc42-4ce0-a40e-b1188c11e2f2\\\"\"\
        ,\r\n        \"properties\": {\r\n          \"provisioningState\": \"Succeeded\"\
        \r\n        }\r\n      }\r\n    ],\r\n    \"loadBalancingRules\": [],\r\n\
        \    \"probes\": [],\r\n    \"inboundNatRules\": [\r\n      {\r\n        \"\
        name\": \"rule1\",\r\n        \"id\": \"/subscriptions/00000000-0000-0000-0000-000000000000/resourceGroups/cli_test_lb_nat_rules000001/providers/Microsoft.Network/loadBalancers/lb1/inboundNatRules/rule1\"\
        ,\r\n        \"etag\": \"W/\\\"8e4511f0-fc42-4ce0-a40e-b1188c11e2f2\\\"\"\
        ,\r\n        \"properties\": {\r\n          \"provisioningState\": \"Succeeded\"\
        ,\r\n          \"frontendIPConfiguration\": {\r\n            \"id\": \"/subscriptions/00000000-0000-0000-0000-000000000000/resourceGroups/cli_test_lb_nat_rules000001/providers/Microsoft.Network/loadBalancers/lb1/frontendIPConfigurations/LoadBalancerFrontEnd\"\
        \r\n          },\r\n          \"frontendPort\": 1,\r\n          \"backendPort\"\
        : 1,\r\n          \"enableFloatingIP\": true,\r\n          \"idleTimeoutInMinutes\"\
        : 10,\r\n          \"protocol\": \"Tcp\"\r\n        }\r\n      },\r\n    \
        \  {\r\n        \"name\": \"rule2\",\r\n        \"id\": \"/subscriptions/00000000-0000-0000-0000-000000000000/resourceGroups/cli_test_lb_nat_rules000001/providers/Microsoft.Network/loadBalancers/lb1/inboundNatRules/rule2\"\
        ,\r\n        \"etag\": \"W/\\\"8e4511f0-fc42-4ce0-a40e-b1188c11e2f2\\\"\"\
        ,\r\n        \"properties\": {\r\n          \"provisioningState\": \"Succeeded\"\
        ,\r\n          \"frontendIPConfiguration\": {\r\n            \"id\": \"/subscriptions/00000000-0000-0000-0000-000000000000/resourceGroups/cli_test_lb_nat_rules000001/providers/Microsoft.Network/loadBalancers/lb1/frontendIPConfigurations/LoadBalancerFrontEnd\"\
        \r\n          },\r\n          \"frontendPort\": 2,\r\n          \"backendPort\"\
        : 2,\r\n          \"enableFloatingIP\": false,\r\n          \"idleTimeoutInMinutes\"\
        : 4,\r\n          \"protocol\": \"Tcp\"\r\n        }\r\n      },\r\n     \
        \ {\r\n        \"name\": \"rule3\",\r\n        \"id\": \"/subscriptions/00000000-0000-0000-0000-000000000000/resourceGroups/cli_test_lb_nat_rules000001/providers/Microsoft.Network/loadBalancers/lb1/inboundNatRules/rule3\"\
        ,\r\n        \"etag\": \"W/\\\"8e4511f0-fc42-4ce0-a40e-b1188c11e2f2\\\"\"\
        ,\r\n        \"properties\": {\r\n          \"provisioningState\": \"Succeeded\"\
        ,\r\n          \"frontendIPConfiguration\": {\r\n            \"id\": \"/subscriptions/00000000-0000-0000-0000-000000000000/resourceGroups/cli_test_lb_nat_rules000001/providers/Microsoft.Network/loadBalancers/lb1/frontendIPConfigurations/LoadBalancerFrontEnd\"\
        \r\n          },\r\n          \"frontendPort\": 3,\r\n          \"backendPort\"\
        : 3,\r\n          \"enableFloatingIP\": false,\r\n          \"idleTimeoutInMinutes\"\
        : 4,\r\n          \"protocol\": \"Tcp\"\r\n        }\r\n      }\r\n    ],\r\
        \n    \"outboundNatRules\": [],\r\n    \"inboundNatPools\": []\r\n  }\r\n}"}
    headers:
      cache-control: [no-cache]
      content-length: ['5428']
      content-type: [application/json; charset=utf-8]
      date: ['Fri, 28 Jul 2017 18:09:19 GMT']
      etag: [W/"8e4511f0-fc42-4ce0-a40e-b1188c11e2f2"]
      expires: ['-1']
      pragma: [no-cache]
      server: [Microsoft-HTTPAPI/2.0, Microsoft-HTTPAPI/2.0]
      strict-transport-security: [max-age=31536000; includeSubDomains]
      transfer-encoding: [chunked]
      vary: [Accept-Encoding]
    status: {code: 200, message: OK}
- request:
    body: null
    headers:
      Accept: [application/json]
      Accept-Encoding: ['gzip, deflate']
      CommandName: [network lb inbound-nat-rule update]
      Connection: [keep-alive]
      Content-Type: [application/json; charset=utf-8]
      User-Agent: [python/3.5.1 (Windows-10-10.0.15063-SP0) requests/2.9.1 msrest/0.4.11
          msrest_azure/0.4.11 networkmanagementclient/1.3.0 Azure-SDK-For-Python AZURECLI/2.0.12+dev]
      accept-language: [en-US]
    method: GET
    uri: https://management.azure.com/subscriptions/00000000-0000-0000-0000-000000000000/resourceGroups/cli_test_lb_nat_rules000001/providers/Microsoft.Network/loadBalancers/lb1?api-version=2017-06-01
  response:
    body: {string: "{\r\n  \"name\": \"lb1\",\r\n  \"id\": \"/subscriptions/00000000-0000-0000-0000-000000000000/resourceGroups/cli_test_lb_nat_rules000001/providers/Microsoft.Network/loadBalancers/lb1\"\
        ,\r\n  \"etag\": \"W/\\\"8e4511f0-fc42-4ce0-a40e-b1188c11e2f2\\\"\",\r\n \
        \ \"type\": \"Microsoft.Network/loadBalancers\",\r\n  \"location\": \"westus\"\
        ,\r\n  \"tags\": {},\r\n  \"properties\": {\r\n    \"provisioningState\":\
        \ \"Succeeded\",\r\n    \"resourceGuid\": \"6a493479-f859-49aa-8da0-35df8399a413\"\
        ,\r\n    \"frontendIPConfigurations\": [\r\n      {\r\n        \"name\": \"\
        LoadBalancerFrontEnd\",\r\n        \"id\": \"/subscriptions/00000000-0000-0000-0000-000000000000/resourceGroups/cli_test_lb_nat_rules000001/providers/Microsoft.Network/loadBalancers/lb1/frontendIPConfigurations/LoadBalancerFrontEnd\"\
        ,\r\n        \"etag\": \"W/\\\"8e4511f0-fc42-4ce0-a40e-b1188c11e2f2\\\"\"\
        ,\r\n        \"properties\": {\r\n          \"provisioningState\": \"Succeeded\"\
        ,\r\n          \"privateIPAllocationMethod\": \"Dynamic\",\r\n          \"\
        publicIPAddress\": {\r\n            \"id\": \"/subscriptions/00000000-0000-0000-0000-000000000000/resourceGroups/cli_test_lb_nat_rules000001/providers/Microsoft.Network/publicIPAddresses/PublicIPlb1\"\
        \r\n          },\r\n          \"inboundNatRules\": [\r\n            {\r\n\
        \              \"id\": \"/subscriptions/00000000-0000-0000-0000-000000000000/resourceGroups/cli_test_lb_nat_rules000001/providers/Microsoft.Network/loadBalancers/lb1/inboundNatRules/rule1\"\
        \r\n            },\r\n            {\r\n              \"id\": \"/subscriptions/00000000-0000-0000-0000-000000000000/resourceGroups/cli_test_lb_nat_rules000001/providers/Microsoft.Network/loadBalancers/lb1/inboundNatRules/rule2\"\
        \r\n            },\r\n            {\r\n              \"id\": \"/subscriptions/00000000-0000-0000-0000-000000000000/resourceGroups/cli_test_lb_nat_rules000001/providers/Microsoft.Network/loadBalancers/lb1/inboundNatRules/rule3\"\
        \r\n            }\r\n          ]\r\n        }\r\n      }\r\n    ],\r\n   \
        \ \"backendAddressPools\": [\r\n      {\r\n        \"name\": \"lb1bepool\"\
        ,\r\n        \"id\": \"/subscriptions/00000000-0000-0000-0000-000000000000/resourceGroups/cli_test_lb_nat_rules000001/providers/Microsoft.Network/loadBalancers/lb1/backendAddressPools/lb1bepool\"\
        ,\r\n        \"etag\": \"W/\\\"8e4511f0-fc42-4ce0-a40e-b1188c11e2f2\\\"\"\
        ,\r\n        \"properties\": {\r\n          \"provisioningState\": \"Succeeded\"\
        \r\n        }\r\n      }\r\n    ],\r\n    \"loadBalancingRules\": [],\r\n\
        \    \"probes\": [],\r\n    \"inboundNatRules\": [\r\n      {\r\n        \"\
        name\": \"rule1\",\r\n        \"id\": \"/subscriptions/00000000-0000-0000-0000-000000000000/resourceGroups/cli_test_lb_nat_rules000001/providers/Microsoft.Network/loadBalancers/lb1/inboundNatRules/rule1\"\
        ,\r\n        \"etag\": \"W/\\\"8e4511f0-fc42-4ce0-a40e-b1188c11e2f2\\\"\"\
        ,\r\n        \"properties\": {\r\n          \"provisioningState\": \"Succeeded\"\
        ,\r\n          \"frontendIPConfiguration\": {\r\n            \"id\": \"/subscriptions/00000000-0000-0000-0000-000000000000/resourceGroups/cli_test_lb_nat_rules000001/providers/Microsoft.Network/loadBalancers/lb1/frontendIPConfigurations/LoadBalancerFrontEnd\"\
        \r\n          },\r\n          \"frontendPort\": 1,\r\n          \"backendPort\"\
        : 1,\r\n          \"enableFloatingIP\": true,\r\n          \"idleTimeoutInMinutes\"\
        : 10,\r\n          \"protocol\": \"Tcp\"\r\n        }\r\n      },\r\n    \
        \  {\r\n        \"name\": \"rule2\",\r\n        \"id\": \"/subscriptions/00000000-0000-0000-0000-000000000000/resourceGroups/cli_test_lb_nat_rules000001/providers/Microsoft.Network/loadBalancers/lb1/inboundNatRules/rule2\"\
        ,\r\n        \"etag\": \"W/\\\"8e4511f0-fc42-4ce0-a40e-b1188c11e2f2\\\"\"\
        ,\r\n        \"properties\": {\r\n          \"provisioningState\": \"Succeeded\"\
        ,\r\n          \"frontendIPConfiguration\": {\r\n            \"id\": \"/subscriptions/00000000-0000-0000-0000-000000000000/resourceGroups/cli_test_lb_nat_rules000001/providers/Microsoft.Network/loadBalancers/lb1/frontendIPConfigurations/LoadBalancerFrontEnd\"\
        \r\n          },\r\n          \"frontendPort\": 2,\r\n          \"backendPort\"\
        : 2,\r\n          \"enableFloatingIP\": false,\r\n          \"idleTimeoutInMinutes\"\
        : 4,\r\n          \"protocol\": \"Tcp\"\r\n        }\r\n      },\r\n     \
        \ {\r\n        \"name\": \"rule3\",\r\n        \"id\": \"/subscriptions/00000000-0000-0000-0000-000000000000/resourceGroups/cli_test_lb_nat_rules000001/providers/Microsoft.Network/loadBalancers/lb1/inboundNatRules/rule3\"\
        ,\r\n        \"etag\": \"W/\\\"8e4511f0-fc42-4ce0-a40e-b1188c11e2f2\\\"\"\
        ,\r\n        \"properties\": {\r\n          \"provisioningState\": \"Succeeded\"\
        ,\r\n          \"frontendIPConfiguration\": {\r\n            \"id\": \"/subscriptions/00000000-0000-0000-0000-000000000000/resourceGroups/cli_test_lb_nat_rules000001/providers/Microsoft.Network/loadBalancers/lb1/frontendIPConfigurations/LoadBalancerFrontEnd\"\
        \r\n          },\r\n          \"frontendPort\": 3,\r\n          \"backendPort\"\
        : 3,\r\n          \"enableFloatingIP\": false,\r\n          \"idleTimeoutInMinutes\"\
        : 4,\r\n          \"protocol\": \"Tcp\"\r\n        }\r\n      }\r\n    ],\r\
        \n    \"outboundNatRules\": [],\r\n    \"inboundNatPools\": []\r\n  }\r\n}"}
    headers:
      cache-control: [no-cache]
      content-length: ['5428']
      content-type: [application/json; charset=utf-8]
      date: ['Fri, 28 Jul 2017 18:09:19 GMT']
      etag: [W/"8e4511f0-fc42-4ce0-a40e-b1188c11e2f2"]
      expires: ['-1']
      pragma: [no-cache]
      server: [Microsoft-HTTPAPI/2.0, Microsoft-HTTPAPI/2.0]
      strict-transport-security: [max-age=31536000; includeSubDomains]
      transfer-encoding: [chunked]
      vary: [Accept-Encoding]
    status: {code: 200, message: OK}
- request:
    body: 'b''{"location": "westus", "etag": "W/\\"8e4511f0-fc42-4ce0-a40e-b1188c11e2f2\\"",
      "tags": {}, "id": "/subscriptions/6b085460-5f21-477e-ba44-1035046e9101/resourceGroups/cli_test_lb_nat_rules000001/providers/Microsoft.Network/loadBalancers/lb1",
      "properties": {"inboundNatRules": [{"name": "rule1", "etag": "W/\\"8e4511f0-fc42-4ce0-a40e-b1188c11e2f2\\"",
      "id": "/subscriptions/6b085460-5f21-477e-ba44-1035046e9101/resourceGroups/cli_test_lb_nat_rules000001/providers/Microsoft.Network/loadBalancers/lb1/inboundNatRules/rule1",
      "properties": {"protocol": "Tcp", "idleTimeoutInMinutes": 5, "backendPort":
      1, "enableFloatingIP": true, "provisioningState": "Succeeded", "frontendIPConfiguration":
      {"id": "/subscriptions/6b085460-5f21-477e-ba44-1035046e9101/resourceGroups/cli_test_lb_nat_rules000001/providers/Microsoft.Network/loadBalancers/lb1/frontendIPConfigurations/LoadBalancerFrontEnd"},
      "frontendPort": 1}}, {"name": "rule2", "etag": "W/\\"8e4511f0-fc42-4ce0-a40e-b1188c11e2f2\\"",
      "id": "/subscriptions/6b085460-5f21-477e-ba44-1035046e9101/resourceGroups/cli_test_lb_nat_rules000001/providers/Microsoft.Network/loadBalancers/lb1/inboundNatRules/rule2",
      "properties": {"protocol": "Tcp", "idleTimeoutInMinutes": 4, "backendPort":
      2, "enableFloatingIP": false, "provisioningState": "Succeeded", "frontendIPConfiguration":
      {"id": "/subscriptions/6b085460-5f21-477e-ba44-1035046e9101/resourceGroups/cli_test_lb_nat_rules000001/providers/Microsoft.Network/loadBalancers/lb1/frontendIPConfigurations/LoadBalancerFrontEnd"},
      "frontendPort": 2}}, {"name": "rule3", "etag": "W/\\"8e4511f0-fc42-4ce0-a40e-b1188c11e2f2\\"",
      "id": "/subscriptions/6b085460-5f21-477e-ba44-1035046e9101/resourceGroups/cli_test_lb_nat_rules000001/providers/Microsoft.Network/loadBalancers/lb1/inboundNatRules/rule3",
      "properties": {"protocol": "Tcp", "idleTimeoutInMinutes": 4, "backendPort":
      3, "enableFloatingIP": false, "provisioningState": "Succeeded", "frontendIPConfiguration":
      {"id": "/subscriptions/6b085460-5f21-477e-ba44-1035046e9101/resourceGroups/cli_test_lb_nat_rules000001/providers/Microsoft.Network/loadBalancers/lb1/frontendIPConfigurations/LoadBalancerFrontEnd"},
      "frontendPort": 3}}], "outboundNatRules": [], "backendAddressPools": [{"name":
      "lb1bepool", "etag": "W/\\"8e4511f0-fc42-4ce0-a40e-b1188c11e2f2\\"", "id": "/subscriptions/6b085460-5f21-477e-ba44-1035046e9101/resourceGroups/cli_test_lb_nat_rules000001/providers/Microsoft.Network/loadBalancers/lb1/backendAddressPools/lb1bepool",
      "properties": {"provisioningState": "Succeeded"}}], "provisioningState": "Succeeded",
      "frontendIPConfigurations": [{"name": "LoadBalancerFrontEnd", "etag": "W/\\"8e4511f0-fc42-4ce0-a40e-b1188c11e2f2\\"",
      "id": "/subscriptions/6b085460-5f21-477e-ba44-1035046e9101/resourceGroups/cli_test_lb_nat_rules000001/providers/Microsoft.Network/loadBalancers/lb1/frontendIPConfigurations/LoadBalancerFrontEnd",
      "properties": {"provisioningState": "Succeeded", "privateIPAllocationMethod":
      "Dynamic", "publicIPAddress": {"id": "/subscriptions/6b085460-5f21-477e-ba44-1035046e9101/resourceGroups/cli_test_lb_nat_rules000001/providers/Microsoft.Network/publicIPAddresses/PublicIPlb1"}}}],
      "loadBalancingRules": [], "probes": [], "inboundNatPools": [], "resourceGuid":
      "6a493479-f859-49aa-8da0-35df8399a413"}}'''
    headers:
      Accept: [application/json]
      Accept-Encoding: ['gzip, deflate']
      CommandName: [network lb inbound-nat-rule update]
      Connection: [keep-alive]
      Content-Length: ['3740']
      Content-Type: [application/json; charset=utf-8]
      User-Agent: [python/3.5.1 (Windows-10-10.0.15063-SP0) requests/2.9.1 msrest/0.4.11
          msrest_azure/0.4.11 networkmanagementclient/1.3.0 Azure-SDK-For-Python AZURECLI/2.0.12+dev]
      accept-language: [en-US]
    method: PUT
    uri: https://management.azure.com/subscriptions/00000000-0000-0000-0000-000000000000/resourceGroups/cli_test_lb_nat_rules000001/providers/Microsoft.Network/loadBalancers/lb1?api-version=2017-06-01
  response:
    body: {string: "{\r\n  \"name\": \"lb1\",\r\n  \"id\": \"/subscriptions/00000000-0000-0000-0000-000000000000/resourceGroups/cli_test_lb_nat_rules000001/providers/Microsoft.Network/loadBalancers/lb1\"\
        ,\r\n  \"etag\": \"W/\\\"d0cf6e5c-f395-45ef-8a8b-1ce4eedd93c0\\\"\",\r\n \
        \ \"type\": \"Microsoft.Network/loadBalancers\",\r\n  \"location\": \"westus\"\
        ,\r\n  \"tags\": {},\r\n  \"properties\": {\r\n    \"provisioningState\":\
        \ \"Succeeded\",\r\n    \"resourceGuid\": \"6a493479-f859-49aa-8da0-35df8399a413\"\
        ,\r\n    \"frontendIPConfigurations\": [\r\n      {\r\n        \"name\": \"\
        LoadBalancerFrontEnd\",\r\n        \"id\": \"/subscriptions/00000000-0000-0000-0000-000000000000/resourceGroups/cli_test_lb_nat_rules000001/providers/Microsoft.Network/loadBalancers/lb1/frontendIPConfigurations/LoadBalancerFrontEnd\"\
        ,\r\n        \"etag\": \"W/\\\"d0cf6e5c-f395-45ef-8a8b-1ce4eedd93c0\\\"\"\
        ,\r\n        \"properties\": {\r\n          \"provisioningState\": \"Succeeded\"\
        ,\r\n          \"privateIPAllocationMethod\": \"Dynamic\",\r\n          \"\
        publicIPAddress\": {\r\n            \"id\": \"/subscriptions/00000000-0000-0000-0000-000000000000/resourceGroups/cli_test_lb_nat_rules000001/providers/Microsoft.Network/publicIPAddresses/PublicIPlb1\"\
        \r\n          },\r\n          \"inboundNatRules\": [\r\n            {\r\n\
        \              \"id\": \"/subscriptions/00000000-0000-0000-0000-000000000000/resourceGroups/cli_test_lb_nat_rules000001/providers/Microsoft.Network/loadBalancers/lb1/inboundNatRules/rule1\"\
        \r\n            },\r\n            {\r\n              \"id\": \"/subscriptions/00000000-0000-0000-0000-000000000000/resourceGroups/cli_test_lb_nat_rules000001/providers/Microsoft.Network/loadBalancers/lb1/inboundNatRules/rule2\"\
        \r\n            },\r\n            {\r\n              \"id\": \"/subscriptions/00000000-0000-0000-0000-000000000000/resourceGroups/cli_test_lb_nat_rules000001/providers/Microsoft.Network/loadBalancers/lb1/inboundNatRules/rule3\"\
        \r\n            }\r\n          ]\r\n        }\r\n      }\r\n    ],\r\n   \
        \ \"backendAddressPools\": [\r\n      {\r\n        \"name\": \"lb1bepool\"\
        ,\r\n        \"id\": \"/subscriptions/00000000-0000-0000-0000-000000000000/resourceGroups/cli_test_lb_nat_rules000001/providers/Microsoft.Network/loadBalancers/lb1/backendAddressPools/lb1bepool\"\
        ,\r\n        \"etag\": \"W/\\\"d0cf6e5c-f395-45ef-8a8b-1ce4eedd93c0\\\"\"\
        ,\r\n        \"properties\": {\r\n          \"provisioningState\": \"Succeeded\"\
        \r\n        }\r\n      }\r\n    ],\r\n    \"loadBalancingRules\": [],\r\n\
        \    \"probes\": [],\r\n    \"inboundNatRules\": [\r\n      {\r\n        \"\
        name\": \"rule1\",\r\n        \"id\": \"/subscriptions/00000000-0000-0000-0000-000000000000/resourceGroups/cli_test_lb_nat_rules000001/providers/Microsoft.Network/loadBalancers/lb1/inboundNatRules/rule1\"\
        ,\r\n        \"etag\": \"W/\\\"d0cf6e5c-f395-45ef-8a8b-1ce4eedd93c0\\\"\"\
        ,\r\n        \"properties\": {\r\n          \"provisioningState\": \"Succeeded\"\
        ,\r\n          \"frontendIPConfiguration\": {\r\n            \"id\": \"/subscriptions/00000000-0000-0000-0000-000000000000/resourceGroups/cli_test_lb_nat_rules000001/providers/Microsoft.Network/loadBalancers/lb1/frontendIPConfigurations/LoadBalancerFrontEnd\"\
        \r\n          },\r\n          \"frontendPort\": 1,\r\n          \"backendPort\"\
        : 1,\r\n          \"enableFloatingIP\": true,\r\n          \"idleTimeoutInMinutes\"\
        : 5,\r\n          \"protocol\": \"Tcp\"\r\n        }\r\n      },\r\n     \
        \ {\r\n        \"name\": \"rule2\",\r\n        \"id\": \"/subscriptions/00000000-0000-0000-0000-000000000000/resourceGroups/cli_test_lb_nat_rules000001/providers/Microsoft.Network/loadBalancers/lb1/inboundNatRules/rule2\"\
        ,\r\n        \"etag\": \"W/\\\"d0cf6e5c-f395-45ef-8a8b-1ce4eedd93c0\\\"\"\
        ,\r\n        \"properties\": {\r\n          \"provisioningState\": \"Succeeded\"\
        ,\r\n          \"frontendIPConfiguration\": {\r\n            \"id\": \"/subscriptions/00000000-0000-0000-0000-000000000000/resourceGroups/cli_test_lb_nat_rules000001/providers/Microsoft.Network/loadBalancers/lb1/frontendIPConfigurations/LoadBalancerFrontEnd\"\
        \r\n          },\r\n          \"frontendPort\": 2,\r\n          \"backendPort\"\
        : 2,\r\n          \"enableFloatingIP\": false,\r\n          \"idleTimeoutInMinutes\"\
        : 4,\r\n          \"protocol\": \"Tcp\"\r\n        }\r\n      },\r\n     \
        \ {\r\n        \"name\": \"rule3\",\r\n        \"id\": \"/subscriptions/00000000-0000-0000-0000-000000000000/resourceGroups/cli_test_lb_nat_rules000001/providers/Microsoft.Network/loadBalancers/lb1/inboundNatRules/rule3\"\
        ,\r\n        \"etag\": \"W/\\\"d0cf6e5c-f395-45ef-8a8b-1ce4eedd93c0\\\"\"\
        ,\r\n        \"properties\": {\r\n          \"provisioningState\": \"Succeeded\"\
        ,\r\n          \"frontendIPConfiguration\": {\r\n            \"id\": \"/subscriptions/00000000-0000-0000-0000-000000000000/resourceGroups/cli_test_lb_nat_rules000001/providers/Microsoft.Network/loadBalancers/lb1/frontendIPConfigurations/LoadBalancerFrontEnd\"\
        \r\n          },\r\n          \"frontendPort\": 3,\r\n          \"backendPort\"\
        : 3,\r\n          \"enableFloatingIP\": false,\r\n          \"idleTimeoutInMinutes\"\
        : 4,\r\n          \"protocol\": \"Tcp\"\r\n        }\r\n      }\r\n    ],\r\
        \n    \"outboundNatRules\": [],\r\n    \"inboundNatPools\": []\r\n  }\r\n}"}
    headers:
      azure-asyncoperation: ['https://management.azure.com/subscriptions/00000000-0000-0000-0000-000000000000/providers/Microsoft.Network/locations/westus/operations/6722075e-7c6b-4c37-afed-e7b9d31199ee?api-version=2017-06-01']
      cache-control: [no-cache]
      content-length: ['5427']
      content-type: [application/json; charset=utf-8]
      date: ['Fri, 28 Jul 2017 18:09:21 GMT']
      expires: ['-1']
      pragma: [no-cache]
      server: [Microsoft-HTTPAPI/2.0, Microsoft-HTTPAPI/2.0]
      strict-transport-security: [max-age=31536000; includeSubDomains]
      transfer-encoding: [chunked]
      vary: [Accept-Encoding]
      x-ms-ratelimit-remaining-subscription-writes: ['1198']
    status: {code: 200, message: OK}
- request:
    body: null
    headers:
      Accept: [application/json]
      Accept-Encoding: ['gzip, deflate']
      CommandName: [network lb inbound-nat-rule update]
      Connection: [keep-alive]
      Content-Type: [application/json; charset=utf-8]
      User-Agent: [python/3.5.1 (Windows-10-10.0.15063-SP0) requests/2.9.1 msrest/0.4.11
          msrest_azure/0.4.11 networkmanagementclient/1.3.0 Azure-SDK-For-Python AZURECLI/2.0.12+dev]
      accept-language: [en-US]
    method: GET
    uri: https://management.azure.com/subscriptions/00000000-0000-0000-0000-000000000000/providers/Microsoft.Network/locations/westus/operations/6722075e-7c6b-4c37-afed-e7b9d31199ee?api-version=2017-06-01
  response:
    body: {string: "{\r\n  \"status\": \"Succeeded\"\r\n}"}
    headers:
      cache-control: [no-cache]
      content-length: ['29']
      content-type: [application/json; charset=utf-8]
      date: ['Fri, 28 Jul 2017 18:09:50 GMT']
      expires: ['-1']
      pragma: [no-cache]
      server: [Microsoft-HTTPAPI/2.0, Microsoft-HTTPAPI/2.0]
      strict-transport-security: [max-age=31536000; includeSubDomains]
      transfer-encoding: [chunked]
      vary: [Accept-Encoding]
    status: {code: 200, message: OK}
- request:
    body: null
    headers:
      Accept: [application/json]
      Accept-Encoding: ['gzip, deflate']
      CommandName: [network lb inbound-nat-rule update]
      Connection: [keep-alive]
      Content-Type: [application/json; charset=utf-8]
      User-Agent: [python/3.5.1 (Windows-10-10.0.15063-SP0) requests/2.9.1 msrest/0.4.11
          msrest_azure/0.4.11 networkmanagementclient/1.3.0 Azure-SDK-For-Python AZURECLI/2.0.12+dev]
      accept-language: [en-US]
    method: GET
    uri: https://management.azure.com/subscriptions/00000000-0000-0000-0000-000000000000/resourceGroups/cli_test_lb_nat_rules000001/providers/Microsoft.Network/loadBalancers/lb1?api-version=2017-06-01
  response:
    body: {string: "{\r\n  \"name\": \"lb1\",\r\n  \"id\": \"/subscriptions/00000000-0000-0000-0000-000000000000/resourceGroups/cli_test_lb_nat_rules000001/providers/Microsoft.Network/loadBalancers/lb1\"\
        ,\r\n  \"etag\": \"W/\\\"d0cf6e5c-f395-45ef-8a8b-1ce4eedd93c0\\\"\",\r\n \
        \ \"type\": \"Microsoft.Network/loadBalancers\",\r\n  \"location\": \"westus\"\
        ,\r\n  \"tags\": {},\r\n  \"properties\": {\r\n    \"provisioningState\":\
        \ \"Succeeded\",\r\n    \"resourceGuid\": \"6a493479-f859-49aa-8da0-35df8399a413\"\
        ,\r\n    \"frontendIPConfigurations\": [\r\n      {\r\n        \"name\": \"\
        LoadBalancerFrontEnd\",\r\n        \"id\": \"/subscriptions/00000000-0000-0000-0000-000000000000/resourceGroups/cli_test_lb_nat_rules000001/providers/Microsoft.Network/loadBalancers/lb1/frontendIPConfigurations/LoadBalancerFrontEnd\"\
        ,\r\n        \"etag\": \"W/\\\"d0cf6e5c-f395-45ef-8a8b-1ce4eedd93c0\\\"\"\
        ,\r\n        \"properties\": {\r\n          \"provisioningState\": \"Succeeded\"\
        ,\r\n          \"privateIPAllocationMethod\": \"Dynamic\",\r\n          \"\
        publicIPAddress\": {\r\n            \"id\": \"/subscriptions/00000000-0000-0000-0000-000000000000/resourceGroups/cli_test_lb_nat_rules000001/providers/Microsoft.Network/publicIPAddresses/PublicIPlb1\"\
        \r\n          },\r\n          \"inboundNatRules\": [\r\n            {\r\n\
        \              \"id\": \"/subscriptions/00000000-0000-0000-0000-000000000000/resourceGroups/cli_test_lb_nat_rules000001/providers/Microsoft.Network/loadBalancers/lb1/inboundNatRules/rule1\"\
        \r\n            },\r\n            {\r\n              \"id\": \"/subscriptions/00000000-0000-0000-0000-000000000000/resourceGroups/cli_test_lb_nat_rules000001/providers/Microsoft.Network/loadBalancers/lb1/inboundNatRules/rule2\"\
        \r\n            },\r\n            {\r\n              \"id\": \"/subscriptions/00000000-0000-0000-0000-000000000000/resourceGroups/cli_test_lb_nat_rules000001/providers/Microsoft.Network/loadBalancers/lb1/inboundNatRules/rule3\"\
        \r\n            }\r\n          ]\r\n        }\r\n      }\r\n    ],\r\n   \
        \ \"backendAddressPools\": [\r\n      {\r\n        \"name\": \"lb1bepool\"\
        ,\r\n        \"id\": \"/subscriptions/00000000-0000-0000-0000-000000000000/resourceGroups/cli_test_lb_nat_rules000001/providers/Microsoft.Network/loadBalancers/lb1/backendAddressPools/lb1bepool\"\
        ,\r\n        \"etag\": \"W/\\\"d0cf6e5c-f395-45ef-8a8b-1ce4eedd93c0\\\"\"\
        ,\r\n        \"properties\": {\r\n          \"provisioningState\": \"Succeeded\"\
        \r\n        }\r\n      }\r\n    ],\r\n    \"loadBalancingRules\": [],\r\n\
        \    \"probes\": [],\r\n    \"inboundNatRules\": [\r\n      {\r\n        \"\
        name\": \"rule1\",\r\n        \"id\": \"/subscriptions/00000000-0000-0000-0000-000000000000/resourceGroups/cli_test_lb_nat_rules000001/providers/Microsoft.Network/loadBalancers/lb1/inboundNatRules/rule1\"\
        ,\r\n        \"etag\": \"W/\\\"d0cf6e5c-f395-45ef-8a8b-1ce4eedd93c0\\\"\"\
        ,\r\n        \"properties\": {\r\n          \"provisioningState\": \"Succeeded\"\
        ,\r\n          \"frontendIPConfiguration\": {\r\n            \"id\": \"/subscriptions/00000000-0000-0000-0000-000000000000/resourceGroups/cli_test_lb_nat_rules000001/providers/Microsoft.Network/loadBalancers/lb1/frontendIPConfigurations/LoadBalancerFrontEnd\"\
        \r\n          },\r\n          \"frontendPort\": 1,\r\n          \"backendPort\"\
        : 1,\r\n          \"enableFloatingIP\": true,\r\n          \"idleTimeoutInMinutes\"\
        : 5,\r\n          \"protocol\": \"Tcp\"\r\n        }\r\n      },\r\n     \
        \ {\r\n        \"name\": \"rule2\",\r\n        \"id\": \"/subscriptions/00000000-0000-0000-0000-000000000000/resourceGroups/cli_test_lb_nat_rules000001/providers/Microsoft.Network/loadBalancers/lb1/inboundNatRules/rule2\"\
        ,\r\n        \"etag\": \"W/\\\"d0cf6e5c-f395-45ef-8a8b-1ce4eedd93c0\\\"\"\
        ,\r\n        \"properties\": {\r\n          \"provisioningState\": \"Succeeded\"\
        ,\r\n          \"frontendIPConfiguration\": {\r\n            \"id\": \"/subscriptions/00000000-0000-0000-0000-000000000000/resourceGroups/cli_test_lb_nat_rules000001/providers/Microsoft.Network/loadBalancers/lb1/frontendIPConfigurations/LoadBalancerFrontEnd\"\
        \r\n          },\r\n          \"frontendPort\": 2,\r\n          \"backendPort\"\
        : 2,\r\n          \"enableFloatingIP\": false,\r\n          \"idleTimeoutInMinutes\"\
        : 4,\r\n          \"protocol\": \"Tcp\"\r\n        }\r\n      },\r\n     \
        \ {\r\n        \"name\": \"rule3\",\r\n        \"id\": \"/subscriptions/00000000-0000-0000-0000-000000000000/resourceGroups/cli_test_lb_nat_rules000001/providers/Microsoft.Network/loadBalancers/lb1/inboundNatRules/rule3\"\
        ,\r\n        \"etag\": \"W/\\\"d0cf6e5c-f395-45ef-8a8b-1ce4eedd93c0\\\"\"\
        ,\r\n        \"properties\": {\r\n          \"provisioningState\": \"Succeeded\"\
        ,\r\n          \"frontendIPConfiguration\": {\r\n            \"id\": \"/subscriptions/00000000-0000-0000-0000-000000000000/resourceGroups/cli_test_lb_nat_rules000001/providers/Microsoft.Network/loadBalancers/lb1/frontendIPConfigurations/LoadBalancerFrontEnd\"\
        \r\n          },\r\n          \"frontendPort\": 3,\r\n          \"backendPort\"\
        : 3,\r\n          \"enableFloatingIP\": false,\r\n          \"idleTimeoutInMinutes\"\
        : 4,\r\n          \"protocol\": \"Tcp\"\r\n        }\r\n      }\r\n    ],\r\
        \n    \"outboundNatRules\": [],\r\n    \"inboundNatPools\": []\r\n  }\r\n}"}
    headers:
      cache-control: [no-cache]
      content-length: ['5427']
      content-type: [application/json; charset=utf-8]
      date: ['Fri, 28 Jul 2017 18:09:51 GMT']
      etag: [W/"d0cf6e5c-f395-45ef-8a8b-1ce4eedd93c0"]
      expires: ['-1']
      pragma: [no-cache]
      server: [Microsoft-HTTPAPI/2.0, Microsoft-HTTPAPI/2.0]
      strict-transport-security: [max-age=31536000; includeSubDomains]
      transfer-encoding: [chunked]
      vary: [Accept-Encoding]
    status: {code: 200, message: OK}
- request:
    body: null
    headers:
      Accept: [application/json]
      Accept-Encoding: ['gzip, deflate']
      CommandName: [network lb inbound-nat-rule delete]
      Connection: [keep-alive]
      Content-Type: [application/json; charset=utf-8]
      User-Agent: [python/3.5.1 (Windows-10-10.0.15063-SP0) requests/2.9.1 msrest/0.4.11
          msrest_azure/0.4.11 networkmanagementclient/1.3.0 Azure-SDK-For-Python AZURECLI/2.0.12+dev]
      accept-language: [en-US]
    method: GET
    uri: https://management.azure.com/subscriptions/00000000-0000-0000-0000-000000000000/resourceGroups/cli_test_lb_nat_rules000001/providers/Microsoft.Network/loadBalancers/lb1?api-version=2017-06-01
  response:
    body: {string: "{\r\n  \"name\": \"lb1\",\r\n  \"id\": \"/subscriptions/00000000-0000-0000-0000-000000000000/resourceGroups/cli_test_lb_nat_rules000001/providers/Microsoft.Network/loadBalancers/lb1\"\
        ,\r\n  \"etag\": \"W/\\\"d0cf6e5c-f395-45ef-8a8b-1ce4eedd93c0\\\"\",\r\n \
        \ \"type\": \"Microsoft.Network/loadBalancers\",\r\n  \"location\": \"westus\"\
        ,\r\n  \"tags\": {},\r\n  \"properties\": {\r\n    \"provisioningState\":\
        \ \"Succeeded\",\r\n    \"resourceGuid\": \"6a493479-f859-49aa-8da0-35df8399a413\"\
        ,\r\n    \"frontendIPConfigurations\": [\r\n      {\r\n        \"name\": \"\
        LoadBalancerFrontEnd\",\r\n        \"id\": \"/subscriptions/00000000-0000-0000-0000-000000000000/resourceGroups/cli_test_lb_nat_rules000001/providers/Microsoft.Network/loadBalancers/lb1/frontendIPConfigurations/LoadBalancerFrontEnd\"\
        ,\r\n        \"etag\": \"W/\\\"d0cf6e5c-f395-45ef-8a8b-1ce4eedd93c0\\\"\"\
        ,\r\n        \"properties\": {\r\n          \"provisioningState\": \"Succeeded\"\
        ,\r\n          \"privateIPAllocationMethod\": \"Dynamic\",\r\n          \"\
        publicIPAddress\": {\r\n            \"id\": \"/subscriptions/00000000-0000-0000-0000-000000000000/resourceGroups/cli_test_lb_nat_rules000001/providers/Microsoft.Network/publicIPAddresses/PublicIPlb1\"\
        \r\n          },\r\n          \"inboundNatRules\": [\r\n            {\r\n\
        \              \"id\": \"/subscriptions/00000000-0000-0000-0000-000000000000/resourceGroups/cli_test_lb_nat_rules000001/providers/Microsoft.Network/loadBalancers/lb1/inboundNatRules/rule1\"\
        \r\n            },\r\n            {\r\n              \"id\": \"/subscriptions/00000000-0000-0000-0000-000000000000/resourceGroups/cli_test_lb_nat_rules000001/providers/Microsoft.Network/loadBalancers/lb1/inboundNatRules/rule2\"\
        \r\n            },\r\n            {\r\n              \"id\": \"/subscriptions/00000000-0000-0000-0000-000000000000/resourceGroups/cli_test_lb_nat_rules000001/providers/Microsoft.Network/loadBalancers/lb1/inboundNatRules/rule3\"\
        \r\n            }\r\n          ]\r\n        }\r\n      }\r\n    ],\r\n   \
        \ \"backendAddressPools\": [\r\n      {\r\n        \"name\": \"lb1bepool\"\
        ,\r\n        \"id\": \"/subscriptions/00000000-0000-0000-0000-000000000000/resourceGroups/cli_test_lb_nat_rules000001/providers/Microsoft.Network/loadBalancers/lb1/backendAddressPools/lb1bepool\"\
        ,\r\n        \"etag\": \"W/\\\"d0cf6e5c-f395-45ef-8a8b-1ce4eedd93c0\\\"\"\
        ,\r\n        \"properties\": {\r\n          \"provisioningState\": \"Succeeded\"\
        \r\n        }\r\n      }\r\n    ],\r\n    \"loadBalancingRules\": [],\r\n\
        \    \"probes\": [],\r\n    \"inboundNatRules\": [\r\n      {\r\n        \"\
        name\": \"rule1\",\r\n        \"id\": \"/subscriptions/00000000-0000-0000-0000-000000000000/resourceGroups/cli_test_lb_nat_rules000001/providers/Microsoft.Network/loadBalancers/lb1/inboundNatRules/rule1\"\
        ,\r\n        \"etag\": \"W/\\\"d0cf6e5c-f395-45ef-8a8b-1ce4eedd93c0\\\"\"\
        ,\r\n        \"properties\": {\r\n          \"provisioningState\": \"Succeeded\"\
        ,\r\n          \"frontendIPConfiguration\": {\r\n            \"id\": \"/subscriptions/00000000-0000-0000-0000-000000000000/resourceGroups/cli_test_lb_nat_rules000001/providers/Microsoft.Network/loadBalancers/lb1/frontendIPConfigurations/LoadBalancerFrontEnd\"\
        \r\n          },\r\n          \"frontendPort\": 1,\r\n          \"backendPort\"\
        : 1,\r\n          \"enableFloatingIP\": true,\r\n          \"idleTimeoutInMinutes\"\
        : 5,\r\n          \"protocol\": \"Tcp\"\r\n        }\r\n      },\r\n     \
        \ {\r\n        \"name\": \"rule2\",\r\n        \"id\": \"/subscriptions/00000000-0000-0000-0000-000000000000/resourceGroups/cli_test_lb_nat_rules000001/providers/Microsoft.Network/loadBalancers/lb1/inboundNatRules/rule2\"\
        ,\r\n        \"etag\": \"W/\\\"d0cf6e5c-f395-45ef-8a8b-1ce4eedd93c0\\\"\"\
        ,\r\n        \"properties\": {\r\n          \"provisioningState\": \"Succeeded\"\
        ,\r\n          \"frontendIPConfiguration\": {\r\n            \"id\": \"/subscriptions/00000000-0000-0000-0000-000000000000/resourceGroups/cli_test_lb_nat_rules000001/providers/Microsoft.Network/loadBalancers/lb1/frontendIPConfigurations/LoadBalancerFrontEnd\"\
        \r\n          },\r\n          \"frontendPort\": 2,\r\n          \"backendPort\"\
        : 2,\r\n          \"enableFloatingIP\": false,\r\n          \"idleTimeoutInMinutes\"\
        : 4,\r\n          \"protocol\": \"Tcp\"\r\n        }\r\n      },\r\n     \
        \ {\r\n        \"name\": \"rule3\",\r\n        \"id\": \"/subscriptions/00000000-0000-0000-0000-000000000000/resourceGroups/cli_test_lb_nat_rules000001/providers/Microsoft.Network/loadBalancers/lb1/inboundNatRules/rule3\"\
        ,\r\n        \"etag\": \"W/\\\"d0cf6e5c-f395-45ef-8a8b-1ce4eedd93c0\\\"\"\
        ,\r\n        \"properties\": {\r\n          \"provisioningState\": \"Succeeded\"\
        ,\r\n          \"frontendIPConfiguration\": {\r\n            \"id\": \"/subscriptions/00000000-0000-0000-0000-000000000000/resourceGroups/cli_test_lb_nat_rules000001/providers/Microsoft.Network/loadBalancers/lb1/frontendIPConfigurations/LoadBalancerFrontEnd\"\
        \r\n          },\r\n          \"frontendPort\": 3,\r\n          \"backendPort\"\
        : 3,\r\n          \"enableFloatingIP\": false,\r\n          \"idleTimeoutInMinutes\"\
        : 4,\r\n          \"protocol\": \"Tcp\"\r\n        }\r\n      }\r\n    ],\r\
        \n    \"outboundNatRules\": [],\r\n    \"inboundNatPools\": []\r\n  }\r\n}"}
    headers:
      cache-control: [no-cache]
      content-length: ['5427']
      content-type: [application/json; charset=utf-8]
      date: ['Fri, 28 Jul 2017 18:09:52 GMT']
      etag: [W/"d0cf6e5c-f395-45ef-8a8b-1ce4eedd93c0"]
      expires: ['-1']
      pragma: [no-cache]
      server: [Microsoft-HTTPAPI/2.0, Microsoft-HTTPAPI/2.0]
      strict-transport-security: [max-age=31536000; includeSubDomains]
      transfer-encoding: [chunked]
      vary: [Accept-Encoding]
    status: {code: 200, message: OK}
- request:
    body: 'b''{"location": "westus", "etag": "W/\\"d0cf6e5c-f395-45ef-8a8b-1ce4eedd93c0\\"",
      "tags": {}, "id": "/subscriptions/6b085460-5f21-477e-ba44-1035046e9101/resourceGroups/cli_test_lb_nat_rules000001/providers/Microsoft.Network/loadBalancers/lb1",
      "properties": {"inboundNatRules": [{"name": "rule2", "etag": "W/\\"d0cf6e5c-f395-45ef-8a8b-1ce4eedd93c0\\"",
      "id": "/subscriptions/6b085460-5f21-477e-ba44-1035046e9101/resourceGroups/cli_test_lb_nat_rules000001/providers/Microsoft.Network/loadBalancers/lb1/inboundNatRules/rule2",
      "properties": {"protocol": "Tcp", "idleTimeoutInMinutes": 4, "backendPort":
      2, "enableFloatingIP": false, "provisioningState": "Succeeded", "frontendIPConfiguration":
      {"id": "/subscriptions/6b085460-5f21-477e-ba44-1035046e9101/resourceGroups/cli_test_lb_nat_rules000001/providers/Microsoft.Network/loadBalancers/lb1/frontendIPConfigurations/LoadBalancerFrontEnd"},
      "frontendPort": 2}}, {"name": "rule3", "etag": "W/\\"d0cf6e5c-f395-45ef-8a8b-1ce4eedd93c0\\"",
      "id": "/subscriptions/6b085460-5f21-477e-ba44-1035046e9101/resourceGroups/cli_test_lb_nat_rules000001/providers/Microsoft.Network/loadBalancers/lb1/inboundNatRules/rule3",
      "properties": {"protocol": "Tcp", "idleTimeoutInMinutes": 4, "backendPort":
      3, "enableFloatingIP": false, "provisioningState": "Succeeded", "frontendIPConfiguration":
      {"id": "/subscriptions/6b085460-5f21-477e-ba44-1035046e9101/resourceGroups/cli_test_lb_nat_rules000001/providers/Microsoft.Network/loadBalancers/lb1/frontendIPConfigurations/LoadBalancerFrontEnd"},
      "frontendPort": 3}}], "outboundNatRules": [], "backendAddressPools": [{"name":
      "lb1bepool", "etag": "W/\\"d0cf6e5c-f395-45ef-8a8b-1ce4eedd93c0\\"", "id": "/subscriptions/6b085460-5f21-477e-ba44-1035046e9101/resourceGroups/cli_test_lb_nat_rules000001/providers/Microsoft.Network/loadBalancers/lb1/backendAddressPools/lb1bepool",
      "properties": {"provisioningState": "Succeeded"}}], "provisioningState": "Succeeded",
      "frontendIPConfigurations": [{"name": "LoadBalancerFrontEnd", "etag": "W/\\"d0cf6e5c-f395-45ef-8a8b-1ce4eedd93c0\\"",
      "id": "/subscriptions/6b085460-5f21-477e-ba44-1035046e9101/resourceGroups/cli_test_lb_nat_rules000001/providers/Microsoft.Network/loadBalancers/lb1/frontendIPConfigurations/LoadBalancerFrontEnd",
      "properties": {"provisioningState": "Succeeded", "privateIPAllocationMethod":
      "Dynamic", "publicIPAddress": {"id": "/subscriptions/6b085460-5f21-477e-ba44-1035046e9101/resourceGroups/cli_test_lb_nat_rules000001/providers/Microsoft.Network/publicIPAddresses/PublicIPlb1"}}}],
      "loadBalancingRules": [], "probes": [], "inboundNatPools": [], "resourceGuid":
      "6a493479-f859-49aa-8da0-35df8399a413"}}'''
    headers:
      Accept: [application/json]
      Accept-Encoding: ['gzip, deflate']
      CommandName: [network lb inbound-nat-rule delete]
      Connection: [keep-alive]
      Content-Length: ['3015']
      Content-Type: [application/json; charset=utf-8]
      User-Agent: [python/3.5.1 (Windows-10-10.0.15063-SP0) requests/2.9.1 msrest/0.4.11
          msrest_azure/0.4.11 networkmanagementclient/1.3.0 Azure-SDK-For-Python AZURECLI/2.0.12+dev]
      accept-language: [en-US]
    method: PUT
    uri: https://management.azure.com/subscriptions/00000000-0000-0000-0000-000000000000/resourceGroups/cli_test_lb_nat_rules000001/providers/Microsoft.Network/loadBalancers/lb1?api-version=2017-06-01
  response:
    body: {string: "{\r\n  \"name\": \"lb1\",\r\n  \"id\": \"/subscriptions/00000000-0000-0000-0000-000000000000/resourceGroups/cli_test_lb_nat_rules000001/providers/Microsoft.Network/loadBalancers/lb1\"\
        ,\r\n  \"etag\": \"W/\\\"7dc33891-06e4-4c88-817a-3c63de2fe524\\\"\",\r\n \
        \ \"type\": \"Microsoft.Network/loadBalancers\",\r\n  \"location\": \"westus\"\
        ,\r\n  \"tags\": {},\r\n  \"properties\": {\r\n    \"provisioningState\":\
        \ \"Succeeded\",\r\n    \"resourceGuid\": \"6a493479-f859-49aa-8da0-35df8399a413\"\
        ,\r\n    \"frontendIPConfigurations\": [\r\n      {\r\n        \"name\": \"\
        LoadBalancerFrontEnd\",\r\n        \"id\": \"/subscriptions/00000000-0000-0000-0000-000000000000/resourceGroups/cli_test_lb_nat_rules000001/providers/Microsoft.Network/loadBalancers/lb1/frontendIPConfigurations/LoadBalancerFrontEnd\"\
        ,\r\n        \"etag\": \"W/\\\"7dc33891-06e4-4c88-817a-3c63de2fe524\\\"\"\
        ,\r\n        \"properties\": {\r\n          \"provisioningState\": \"Succeeded\"\
        ,\r\n          \"privateIPAllocationMethod\": \"Dynamic\",\r\n          \"\
        publicIPAddress\": {\r\n            \"id\": \"/subscriptions/00000000-0000-0000-0000-000000000000/resourceGroups/cli_test_lb_nat_rules000001/providers/Microsoft.Network/publicIPAddresses/PublicIPlb1\"\
        \r\n          },\r\n          \"inboundNatRules\": [\r\n            {\r\n\
        \              \"id\": \"/subscriptions/00000000-0000-0000-0000-000000000000/resourceGroups/cli_test_lb_nat_rules000001/providers/Microsoft.Network/loadBalancers/lb1/inboundNatRules/rule2\"\
        \r\n            },\r\n            {\r\n              \"id\": \"/subscriptions/00000000-0000-0000-0000-000000000000/resourceGroups/cli_test_lb_nat_rules000001/providers/Microsoft.Network/loadBalancers/lb1/inboundNatRules/rule3\"\
        \r\n            }\r\n          ]\r\n        }\r\n      }\r\n    ],\r\n   \
        \ \"backendAddressPools\": [\r\n      {\r\n        \"name\": \"lb1bepool\"\
        ,\r\n        \"id\": \"/subscriptions/00000000-0000-0000-0000-000000000000/resourceGroups/cli_test_lb_nat_rules000001/providers/Microsoft.Network/loadBalancers/lb1/backendAddressPools/lb1bepool\"\
        ,\r\n        \"etag\": \"W/\\\"7dc33891-06e4-4c88-817a-3c63de2fe524\\\"\"\
        ,\r\n        \"properties\": {\r\n          \"provisioningState\": \"Succeeded\"\
        \r\n        }\r\n      }\r\n    ],\r\n    \"loadBalancingRules\": [],\r\n\
        \    \"probes\": [],\r\n    \"inboundNatRules\": [\r\n      {\r\n        \"\
        name\": \"rule2\",\r\n        \"id\": \"/subscriptions/00000000-0000-0000-0000-000000000000/resourceGroups/cli_test_lb_nat_rules000001/providers/Microsoft.Network/loadBalancers/lb1/inboundNatRules/rule2\"\
        ,\r\n        \"etag\": \"W/\\\"7dc33891-06e4-4c88-817a-3c63de2fe524\\\"\"\
        ,\r\n        \"properties\": {\r\n          \"provisioningState\": \"Succeeded\"\
        ,\r\n          \"frontendIPConfiguration\": {\r\n            \"id\": \"/subscriptions/00000000-0000-0000-0000-000000000000/resourceGroups/cli_test_lb_nat_rules000001/providers/Microsoft.Network/loadBalancers/lb1/frontendIPConfigurations/LoadBalancerFrontEnd\"\
        \r\n          },\r\n          \"frontendPort\": 2,\r\n          \"backendPort\"\
        : 2,\r\n          \"enableFloatingIP\": false,\r\n          \"idleTimeoutInMinutes\"\
        : 4,\r\n          \"protocol\": \"Tcp\"\r\n        }\r\n      },\r\n     \
        \ {\r\n        \"name\": \"rule3\",\r\n        \"id\": \"/subscriptions/00000000-0000-0000-0000-000000000000/resourceGroups/cli_test_lb_nat_rules000001/providers/Microsoft.Network/loadBalancers/lb1/inboundNatRules/rule3\"\
        ,\r\n        \"etag\": \"W/\\\"7dc33891-06e4-4c88-817a-3c63de2fe524\\\"\"\
        ,\r\n        \"properties\": {\r\n          \"provisioningState\": \"Succeeded\"\
        ,\r\n          \"frontendIPConfiguration\": {\r\n            \"id\": \"/subscriptions/00000000-0000-0000-0000-000000000000/resourceGroups/cli_test_lb_nat_rules000001/providers/Microsoft.Network/loadBalancers/lb1/frontendIPConfigurations/LoadBalancerFrontEnd\"\
        \r\n          },\r\n          \"frontendPort\": 3,\r\n          \"backendPort\"\
        : 3,\r\n          \"enableFloatingIP\": false,\r\n          \"idleTimeoutInMinutes\"\
        : 4,\r\n          \"protocol\": \"Tcp\"\r\n        }\r\n      }\r\n    ],\r\
        \n    \"outboundNatRules\": [],\r\n    \"inboundNatPools\": []\r\n  }\r\n}"}
    headers:
      azure-asyncoperation: ['https://management.azure.com/subscriptions/00000000-0000-0000-0000-000000000000/providers/Microsoft.Network/locations/westus/operations/2447187b-9ba1-4158-b40d-34cdbabaed61?api-version=2017-06-01']
      cache-control: [no-cache]
      content-length: ['4271']
      content-type: [application/json; charset=utf-8]
      date: ['Fri, 28 Jul 2017 18:09:52 GMT']
      expires: ['-1']
      pragma: [no-cache]
      server: [Microsoft-HTTPAPI/2.0, Microsoft-HTTPAPI/2.0]
      strict-transport-security: [max-age=31536000; includeSubDomains]
      transfer-encoding: [chunked]
      vary: [Accept-Encoding]
      x-ms-ratelimit-remaining-subscription-writes: ['1195']
    status: {code: 200, message: OK}
- request:
    body: null
    headers:
      Accept: [application/json]
      Accept-Encoding: ['gzip, deflate']
      CommandName: [network lb inbound-nat-rule delete]
      Connection: [keep-alive]
      Content-Type: [application/json; charset=utf-8]
      User-Agent: [python/3.5.1 (Windows-10-10.0.15063-SP0) requests/2.9.1 msrest/0.4.11
          msrest_azure/0.4.11 networkmanagementclient/1.3.0 Azure-SDK-For-Python AZURECLI/2.0.12+dev]
      accept-language: [en-US]
    method: GET
    uri: https://management.azure.com/subscriptions/00000000-0000-0000-0000-000000000000/providers/Microsoft.Network/locations/westus/operations/2447187b-9ba1-4158-b40d-34cdbabaed61?api-version=2017-06-01
  response:
    body: {string: "{\r\n  \"status\": \"Succeeded\"\r\n}"}
    headers:
      cache-control: [no-cache]
      content-length: ['29']
      content-type: [application/json; charset=utf-8]
      date: ['Fri, 28 Jul 2017 18:10:22 GMT']
      expires: ['-1']
      pragma: [no-cache]
      server: [Microsoft-HTTPAPI/2.0, Microsoft-HTTPAPI/2.0]
      strict-transport-security: [max-age=31536000; includeSubDomains]
      transfer-encoding: [chunked]
      vary: [Accept-Encoding]
    status: {code: 200, message: OK}
- request:
    body: null
    headers:
      Accept: [application/json]
      Accept-Encoding: ['gzip, deflate']
      CommandName: [network lb inbound-nat-rule delete]
      Connection: [keep-alive]
      Content-Type: [application/json; charset=utf-8]
      User-Agent: [python/3.5.1 (Windows-10-10.0.15063-SP0) requests/2.9.1 msrest/0.4.11
          msrest_azure/0.4.11 networkmanagementclient/1.3.0 Azure-SDK-For-Python AZURECLI/2.0.12+dev]
      accept-language: [en-US]
    method: GET
    uri: https://management.azure.com/subscriptions/00000000-0000-0000-0000-000000000000/resourceGroups/cli_test_lb_nat_rules000001/providers/Microsoft.Network/loadBalancers/lb1?api-version=2017-06-01
  response:
    body: {string: "{\r\n  \"name\": \"lb1\",\r\n  \"id\": \"/subscriptions/00000000-0000-0000-0000-000000000000/resourceGroups/cli_test_lb_nat_rules000001/providers/Microsoft.Network/loadBalancers/lb1\"\
        ,\r\n  \"etag\": \"W/\\\"7dc33891-06e4-4c88-817a-3c63de2fe524\\\"\",\r\n \
        \ \"type\": \"Microsoft.Network/loadBalancers\",\r\n  \"location\": \"westus\"\
        ,\r\n  \"tags\": {},\r\n  \"properties\": {\r\n    \"provisioningState\":\
        \ \"Succeeded\",\r\n    \"resourceGuid\": \"6a493479-f859-49aa-8da0-35df8399a413\"\
        ,\r\n    \"frontendIPConfigurations\": [\r\n      {\r\n        \"name\": \"\
        LoadBalancerFrontEnd\",\r\n        \"id\": \"/subscriptions/00000000-0000-0000-0000-000000000000/resourceGroups/cli_test_lb_nat_rules000001/providers/Microsoft.Network/loadBalancers/lb1/frontendIPConfigurations/LoadBalancerFrontEnd\"\
        ,\r\n        \"etag\": \"W/\\\"7dc33891-06e4-4c88-817a-3c63de2fe524\\\"\"\
        ,\r\n        \"properties\": {\r\n          \"provisioningState\": \"Succeeded\"\
        ,\r\n          \"privateIPAllocationMethod\": \"Dynamic\",\r\n          \"\
        publicIPAddress\": {\r\n            \"id\": \"/subscriptions/00000000-0000-0000-0000-000000000000/resourceGroups/cli_test_lb_nat_rules000001/providers/Microsoft.Network/publicIPAddresses/PublicIPlb1\"\
        \r\n          },\r\n          \"inboundNatRules\": [\r\n            {\r\n\
        \              \"id\": \"/subscriptions/00000000-0000-0000-0000-000000000000/resourceGroups/cli_test_lb_nat_rules000001/providers/Microsoft.Network/loadBalancers/lb1/inboundNatRules/rule2\"\
        \r\n            },\r\n            {\r\n              \"id\": \"/subscriptions/00000000-0000-0000-0000-000000000000/resourceGroups/cli_test_lb_nat_rules000001/providers/Microsoft.Network/loadBalancers/lb1/inboundNatRules/rule3\"\
        \r\n            }\r\n          ]\r\n        }\r\n      }\r\n    ],\r\n   \
        \ \"backendAddressPools\": [\r\n      {\r\n        \"name\": \"lb1bepool\"\
        ,\r\n        \"id\": \"/subscriptions/00000000-0000-0000-0000-000000000000/resourceGroups/cli_test_lb_nat_rules000001/providers/Microsoft.Network/loadBalancers/lb1/backendAddressPools/lb1bepool\"\
        ,\r\n        \"etag\": \"W/\\\"7dc33891-06e4-4c88-817a-3c63de2fe524\\\"\"\
        ,\r\n        \"properties\": {\r\n          \"provisioningState\": \"Succeeded\"\
        \r\n        }\r\n      }\r\n    ],\r\n    \"loadBalancingRules\": [],\r\n\
        \    \"probes\": [],\r\n    \"inboundNatRules\": [\r\n      {\r\n        \"\
        name\": \"rule2\",\r\n        \"id\": \"/subscriptions/00000000-0000-0000-0000-000000000000/resourceGroups/cli_test_lb_nat_rules000001/providers/Microsoft.Network/loadBalancers/lb1/inboundNatRules/rule2\"\
        ,\r\n        \"etag\": \"W/\\\"7dc33891-06e4-4c88-817a-3c63de2fe524\\\"\"\
        ,\r\n        \"properties\": {\r\n          \"provisioningState\": \"Succeeded\"\
        ,\r\n          \"frontendIPConfiguration\": {\r\n            \"id\": \"/subscriptions/00000000-0000-0000-0000-000000000000/resourceGroups/cli_test_lb_nat_rules000001/providers/Microsoft.Network/loadBalancers/lb1/frontendIPConfigurations/LoadBalancerFrontEnd\"\
        \r\n          },\r\n          \"frontendPort\": 2,\r\n          \"backendPort\"\
        : 2,\r\n          \"enableFloatingIP\": false,\r\n          \"idleTimeoutInMinutes\"\
        : 4,\r\n          \"protocol\": \"Tcp\"\r\n        }\r\n      },\r\n     \
        \ {\r\n        \"name\": \"rule3\",\r\n        \"id\": \"/subscriptions/00000000-0000-0000-0000-000000000000/resourceGroups/cli_test_lb_nat_rules000001/providers/Microsoft.Network/loadBalancers/lb1/inboundNatRules/rule3\"\
        ,\r\n        \"etag\": \"W/\\\"7dc33891-06e4-4c88-817a-3c63de2fe524\\\"\"\
        ,\r\n        \"properties\": {\r\n          \"provisioningState\": \"Succeeded\"\
        ,\r\n          \"frontendIPConfiguration\": {\r\n            \"id\": \"/subscriptions/00000000-0000-0000-0000-000000000000/resourceGroups/cli_test_lb_nat_rules000001/providers/Microsoft.Network/loadBalancers/lb1/frontendIPConfigurations/LoadBalancerFrontEnd\"\
        \r\n          },\r\n          \"frontendPort\": 3,\r\n          \"backendPort\"\
        : 3,\r\n          \"enableFloatingIP\": false,\r\n          \"idleTimeoutInMinutes\"\
        : 4,\r\n          \"protocol\": \"Tcp\"\r\n        }\r\n      }\r\n    ],\r\
        \n    \"outboundNatRules\": [],\r\n    \"inboundNatPools\": []\r\n  }\r\n}"}
    headers:
      cache-control: [no-cache]
      content-length: ['4271']
      content-type: [application/json; charset=utf-8]
      date: ['Fri, 28 Jul 2017 18:10:24 GMT']
      etag: [W/"7dc33891-06e4-4c88-817a-3c63de2fe524"]
      expires: ['-1']
      pragma: [no-cache]
      server: [Microsoft-HTTPAPI/2.0, Microsoft-HTTPAPI/2.0]
      strict-transport-security: [max-age=31536000; includeSubDomains]
      transfer-encoding: [chunked]
      vary: [Accept-Encoding]
    status: {code: 200, message: OK}
- request:
    body: null
    headers:
      Accept: [application/json]
      Accept-Encoding: ['gzip, deflate']
      CommandName: [network lb inbound-nat-rule delete]
      Connection: [keep-alive]
      Content-Type: [application/json; charset=utf-8]
      User-Agent: [python/3.5.1 (Windows-10-10.0.15063-SP0) requests/2.9.1 msrest/0.4.11
          msrest_azure/0.4.11 networkmanagementclient/1.3.0 Azure-SDK-For-Python AZURECLI/2.0.12+dev]
      accept-language: [en-US]
    method: GET
    uri: https://management.azure.com/subscriptions/00000000-0000-0000-0000-000000000000/resourceGroups/cli_test_lb_nat_rules000001/providers/Microsoft.Network/loadBalancers/lb1?api-version=2017-06-01
  response:
    body: {string: "{\r\n  \"name\": \"lb1\",\r\n  \"id\": \"/subscriptions/00000000-0000-0000-0000-000000000000/resourceGroups/cli_test_lb_nat_rules000001/providers/Microsoft.Network/loadBalancers/lb1\"\
        ,\r\n  \"etag\": \"W/\\\"7dc33891-06e4-4c88-817a-3c63de2fe524\\\"\",\r\n \
        \ \"type\": \"Microsoft.Network/loadBalancers\",\r\n  \"location\": \"westus\"\
        ,\r\n  \"tags\": {},\r\n  \"properties\": {\r\n    \"provisioningState\":\
        \ \"Succeeded\",\r\n    \"resourceGuid\": \"6a493479-f859-49aa-8da0-35df8399a413\"\
        ,\r\n    \"frontendIPConfigurations\": [\r\n      {\r\n        \"name\": \"\
        LoadBalancerFrontEnd\",\r\n        \"id\": \"/subscriptions/00000000-0000-0000-0000-000000000000/resourceGroups/cli_test_lb_nat_rules000001/providers/Microsoft.Network/loadBalancers/lb1/frontendIPConfigurations/LoadBalancerFrontEnd\"\
        ,\r\n        \"etag\": \"W/\\\"7dc33891-06e4-4c88-817a-3c63de2fe524\\\"\"\
        ,\r\n        \"properties\": {\r\n          \"provisioningState\": \"Succeeded\"\
        ,\r\n          \"privateIPAllocationMethod\": \"Dynamic\",\r\n          \"\
        publicIPAddress\": {\r\n            \"id\": \"/subscriptions/00000000-0000-0000-0000-000000000000/resourceGroups/cli_test_lb_nat_rules000001/providers/Microsoft.Network/publicIPAddresses/PublicIPlb1\"\
        \r\n          },\r\n          \"inboundNatRules\": [\r\n            {\r\n\
        \              \"id\": \"/subscriptions/00000000-0000-0000-0000-000000000000/resourceGroups/cli_test_lb_nat_rules000001/providers/Microsoft.Network/loadBalancers/lb1/inboundNatRules/rule2\"\
        \r\n            },\r\n            {\r\n              \"id\": \"/subscriptions/00000000-0000-0000-0000-000000000000/resourceGroups/cli_test_lb_nat_rules000001/providers/Microsoft.Network/loadBalancers/lb1/inboundNatRules/rule3\"\
        \r\n            }\r\n          ]\r\n        }\r\n      }\r\n    ],\r\n   \
        \ \"backendAddressPools\": [\r\n      {\r\n        \"name\": \"lb1bepool\"\
        ,\r\n        \"id\": \"/subscriptions/00000000-0000-0000-0000-000000000000/resourceGroups/cli_test_lb_nat_rules000001/providers/Microsoft.Network/loadBalancers/lb1/backendAddressPools/lb1bepool\"\
        ,\r\n        \"etag\": \"W/\\\"7dc33891-06e4-4c88-817a-3c63de2fe524\\\"\"\
        ,\r\n        \"properties\": {\r\n          \"provisioningState\": \"Succeeded\"\
        \r\n        }\r\n      }\r\n    ],\r\n    \"loadBalancingRules\": [],\r\n\
        \    \"probes\": [],\r\n    \"inboundNatRules\": [\r\n      {\r\n        \"\
        name\": \"rule2\",\r\n        \"id\": \"/subscriptions/00000000-0000-0000-0000-000000000000/resourceGroups/cli_test_lb_nat_rules000001/providers/Microsoft.Network/loadBalancers/lb1/inboundNatRules/rule2\"\
        ,\r\n        \"etag\": \"W/\\\"7dc33891-06e4-4c88-817a-3c63de2fe524\\\"\"\
        ,\r\n        \"properties\": {\r\n          \"provisioningState\": \"Succeeded\"\
        ,\r\n          \"frontendIPConfiguration\": {\r\n            \"id\": \"/subscriptions/00000000-0000-0000-0000-000000000000/resourceGroups/cli_test_lb_nat_rules000001/providers/Microsoft.Network/loadBalancers/lb1/frontendIPConfigurations/LoadBalancerFrontEnd\"\
        \r\n          },\r\n          \"frontendPort\": 2,\r\n          \"backendPort\"\
        : 2,\r\n          \"enableFloatingIP\": false,\r\n          \"idleTimeoutInMinutes\"\
        : 4,\r\n          \"protocol\": \"Tcp\"\r\n        }\r\n      },\r\n     \
        \ {\r\n        \"name\": \"rule3\",\r\n        \"id\": \"/subscriptions/00000000-0000-0000-0000-000000000000/resourceGroups/cli_test_lb_nat_rules000001/providers/Microsoft.Network/loadBalancers/lb1/inboundNatRules/rule3\"\
        ,\r\n        \"etag\": \"W/\\\"7dc33891-06e4-4c88-817a-3c63de2fe524\\\"\"\
        ,\r\n        \"properties\": {\r\n          \"provisioningState\": \"Succeeded\"\
        ,\r\n          \"frontendIPConfiguration\": {\r\n            \"id\": \"/subscriptions/00000000-0000-0000-0000-000000000000/resourceGroups/cli_test_lb_nat_rules000001/providers/Microsoft.Network/loadBalancers/lb1/frontendIPConfigurations/LoadBalancerFrontEnd\"\
        \r\n          },\r\n          \"frontendPort\": 3,\r\n          \"backendPort\"\
        : 3,\r\n          \"enableFloatingIP\": false,\r\n          \"idleTimeoutInMinutes\"\
        : 4,\r\n          \"protocol\": \"Tcp\"\r\n        }\r\n      }\r\n    ],\r\
        \n    \"outboundNatRules\": [],\r\n    \"inboundNatPools\": []\r\n  }\r\n}"}
    headers:
      cache-control: [no-cache]
      content-length: ['4271']
      content-type: [application/json; charset=utf-8]
      date: ['Fri, 28 Jul 2017 18:10:24 GMT']
      etag: [W/"7dc33891-06e4-4c88-817a-3c63de2fe524"]
      expires: ['-1']
      pragma: [no-cache]
      server: [Microsoft-HTTPAPI/2.0, Microsoft-HTTPAPI/2.0]
      strict-transport-security: [max-age=31536000; includeSubDomains]
      transfer-encoding: [chunked]
      vary: [Accept-Encoding]
    status: {code: 200, message: OK}
- request:
    body: 'b''{"location": "westus", "etag": "W/\\"7dc33891-06e4-4c88-817a-3c63de2fe524\\"",
      "tags": {}, "id": "/subscriptions/6b085460-5f21-477e-ba44-1035046e9101/resourceGroups/cli_test_lb_nat_rules000001/providers/Microsoft.Network/loadBalancers/lb1",
      "properties": {"inboundNatRules": [{"name": "rule3", "etag": "W/\\"7dc33891-06e4-4c88-817a-3c63de2fe524\\"",
      "id": "/subscriptions/6b085460-5f21-477e-ba44-1035046e9101/resourceGroups/cli_test_lb_nat_rules000001/providers/Microsoft.Network/loadBalancers/lb1/inboundNatRules/rule3",
      "properties": {"protocol": "Tcp", "idleTimeoutInMinutes": 4, "backendPort":
      3, "enableFloatingIP": false, "provisioningState": "Succeeded", "frontendIPConfiguration":
      {"id": "/subscriptions/6b085460-5f21-477e-ba44-1035046e9101/resourceGroups/cli_test_lb_nat_rules000001/providers/Microsoft.Network/loadBalancers/lb1/frontendIPConfigurations/LoadBalancerFrontEnd"},
      "frontendPort": 3}}], "outboundNatRules": [], "backendAddressPools": [{"name":
      "lb1bepool", "etag": "W/\\"7dc33891-06e4-4c88-817a-3c63de2fe524\\"", "id": "/subscriptions/6b085460-5f21-477e-ba44-1035046e9101/resourceGroups/cli_test_lb_nat_rules000001/providers/Microsoft.Network/loadBalancers/lb1/backendAddressPools/lb1bepool",
      "properties": {"provisioningState": "Succeeded"}}], "provisioningState": "Succeeded",
      "frontendIPConfigurations": [{"name": "LoadBalancerFrontEnd", "etag": "W/\\"7dc33891-06e4-4c88-817a-3c63de2fe524\\"",
      "id": "/subscriptions/6b085460-5f21-477e-ba44-1035046e9101/resourceGroups/cli_test_lb_nat_rules000001/providers/Microsoft.Network/loadBalancers/lb1/frontendIPConfigurations/LoadBalancerFrontEnd",
      "properties": {"provisioningState": "Succeeded", "privateIPAllocationMethod":
      "Dynamic", "publicIPAddress": {"id": "/subscriptions/6b085460-5f21-477e-ba44-1035046e9101/resourceGroups/cli_test_lb_nat_rules000001/providers/Microsoft.Network/publicIPAddresses/PublicIPlb1"}}}],
      "loadBalancingRules": [], "probes": [], "inboundNatPools": [], "resourceGuid":
      "6a493479-f859-49aa-8da0-35df8399a413"}}'''
    headers:
      Accept: [application/json]
      Accept-Encoding: ['gzip, deflate']
      CommandName: [network lb inbound-nat-rule delete]
      Connection: [keep-alive]
      Content-Length: ['2289']
      Content-Type: [application/json; charset=utf-8]
      User-Agent: [python/3.5.1 (Windows-10-10.0.15063-SP0) requests/2.9.1 msrest/0.4.11
          msrest_azure/0.4.11 networkmanagementclient/1.3.0 Azure-SDK-For-Python AZURECLI/2.0.12+dev]
      accept-language: [en-US]
    method: PUT
    uri: https://management.azure.com/subscriptions/00000000-0000-0000-0000-000000000000/resourceGroups/cli_test_lb_nat_rules000001/providers/Microsoft.Network/loadBalancers/lb1?api-version=2017-06-01
  response:
    body: {string: "{\r\n  \"name\": \"lb1\",\r\n  \"id\": \"/subscriptions/00000000-0000-0000-0000-000000000000/resourceGroups/cli_test_lb_nat_rules000001/providers/Microsoft.Network/loadBalancers/lb1\"\
        ,\r\n  \"etag\": \"W/\\\"a9b86860-a28b-42d3-8ca9-e1fc48aab839\\\"\",\r\n \
        \ \"type\": \"Microsoft.Network/loadBalancers\",\r\n  \"location\": \"westus\"\
        ,\r\n  \"tags\": {},\r\n  \"properties\": {\r\n    \"provisioningState\":\
        \ \"Succeeded\",\r\n    \"resourceGuid\": \"6a493479-f859-49aa-8da0-35df8399a413\"\
        ,\r\n    \"frontendIPConfigurations\": [\r\n      {\r\n        \"name\": \"\
        LoadBalancerFrontEnd\",\r\n        \"id\": \"/subscriptions/00000000-0000-0000-0000-000000000000/resourceGroups/cli_test_lb_nat_rules000001/providers/Microsoft.Network/loadBalancers/lb1/frontendIPConfigurations/LoadBalancerFrontEnd\"\
        ,\r\n        \"etag\": \"W/\\\"a9b86860-a28b-42d3-8ca9-e1fc48aab839\\\"\"\
        ,\r\n        \"properties\": {\r\n          \"provisioningState\": \"Succeeded\"\
        ,\r\n          \"privateIPAllocationMethod\": \"Dynamic\",\r\n          \"\
        publicIPAddress\": {\r\n            \"id\": \"/subscriptions/00000000-0000-0000-0000-000000000000/resourceGroups/cli_test_lb_nat_rules000001/providers/Microsoft.Network/publicIPAddresses/PublicIPlb1\"\
        \r\n          },\r\n          \"inboundNatRules\": [\r\n            {\r\n\
        \              \"id\": \"/subscriptions/00000000-0000-0000-0000-000000000000/resourceGroups/cli_test_lb_nat_rules000001/providers/Microsoft.Network/loadBalancers/lb1/inboundNatRules/rule3\"\
        \r\n            }\r\n          ]\r\n        }\r\n      }\r\n    ],\r\n   \
        \ \"backendAddressPools\": [\r\n      {\r\n        \"name\": \"lb1bepool\"\
        ,\r\n        \"id\": \"/subscriptions/00000000-0000-0000-0000-000000000000/resourceGroups/cli_test_lb_nat_rules000001/providers/Microsoft.Network/loadBalancers/lb1/backendAddressPools/lb1bepool\"\
        ,\r\n        \"etag\": \"W/\\\"a9b86860-a28b-42d3-8ca9-e1fc48aab839\\\"\"\
        ,\r\n        \"properties\": {\r\n          \"provisioningState\": \"Succeeded\"\
        \r\n        }\r\n      }\r\n    ],\r\n    \"loadBalancingRules\": [],\r\n\
        \    \"probes\": [],\r\n    \"inboundNatRules\": [\r\n      {\r\n        \"\
        name\": \"rule3\",\r\n        \"id\": \"/subscriptions/00000000-0000-0000-0000-000000000000/resourceGroups/cli_test_lb_nat_rules000001/providers/Microsoft.Network/loadBalancers/lb1/inboundNatRules/rule3\"\
        ,\r\n        \"etag\": \"W/\\\"a9b86860-a28b-42d3-8ca9-e1fc48aab839\\\"\"\
        ,\r\n        \"properties\": {\r\n          \"provisioningState\": \"Succeeded\"\
        ,\r\n          \"frontendIPConfiguration\": {\r\n            \"id\": \"/subscriptions/00000000-0000-0000-0000-000000000000/resourceGroups/cli_test_lb_nat_rules000001/providers/Microsoft.Network/loadBalancers/lb1/frontendIPConfigurations/LoadBalancerFrontEnd\"\
        \r\n          },\r\n          \"frontendPort\": 3,\r\n          \"backendPort\"\
        : 3,\r\n          \"enableFloatingIP\": false,\r\n          \"idleTimeoutInMinutes\"\
        : 4,\r\n          \"protocol\": \"Tcp\"\r\n        }\r\n      }\r\n    ],\r\
        \n    \"outboundNatRules\": [],\r\n    \"inboundNatPools\": []\r\n  }\r\n}"}
    headers:
      azure-asyncoperation: ['https://management.azure.com/subscriptions/00000000-0000-0000-0000-000000000000/providers/Microsoft.Network/locations/westus/operations/df80c68b-983b-45c9-81db-fe7fdc9d0736?api-version=2017-06-01']
      cache-control: [no-cache]
      content-length: ['3114']
      content-type: [application/json; charset=utf-8]
      date: ['Fri, 28 Jul 2017 18:10:25 GMT']
      expires: ['-1']
      pragma: [no-cache]
      server: [Microsoft-HTTPAPI/2.0, Microsoft-HTTPAPI/2.0]
      strict-transport-security: [max-age=31536000; includeSubDomains]
      transfer-encoding: [chunked]
      vary: [Accept-Encoding]
      x-ms-ratelimit-remaining-subscription-writes: ['1194']
    status: {code: 200, message: OK}
- request:
    body: null
    headers:
      Accept: [application/json]
      Accept-Encoding: ['gzip, deflate']
      CommandName: [network lb inbound-nat-rule delete]
      Connection: [keep-alive]
      Content-Type: [application/json; charset=utf-8]
      User-Agent: [python/3.5.1 (Windows-10-10.0.15063-SP0) requests/2.9.1 msrest/0.4.11
          msrest_azure/0.4.11 networkmanagementclient/1.3.0 Azure-SDK-For-Python AZURECLI/2.0.12+dev]
      accept-language: [en-US]
    method: GET
    uri: https://management.azure.com/subscriptions/00000000-0000-0000-0000-000000000000/providers/Microsoft.Network/locations/westus/operations/df80c68b-983b-45c9-81db-fe7fdc9d0736?api-version=2017-06-01
  response:
    body: {string: "{\r\n  \"status\": \"Succeeded\"\r\n}"}
    headers:
      cache-control: [no-cache]
      content-length: ['29']
      content-type: [application/json; charset=utf-8]
      date: ['Fri, 28 Jul 2017 18:10:56 GMT']
      expires: ['-1']
      pragma: [no-cache]
      server: [Microsoft-HTTPAPI/2.0, Microsoft-HTTPAPI/2.0]
      strict-transport-security: [max-age=31536000; includeSubDomains]
      transfer-encoding: [chunked]
      vary: [Accept-Encoding]
    status: {code: 200, message: OK}
- request:
    body: null
    headers:
      Accept: [application/json]
      Accept-Encoding: ['gzip, deflate']
      CommandName: [network lb inbound-nat-rule delete]
      Connection: [keep-alive]
      Content-Type: [application/json; charset=utf-8]
      User-Agent: [python/3.5.1 (Windows-10-10.0.15063-SP0) requests/2.9.1 msrest/0.4.11
          msrest_azure/0.4.11 networkmanagementclient/1.3.0 Azure-SDK-For-Python AZURECLI/2.0.12+dev]
      accept-language: [en-US]
    method: GET
    uri: https://management.azure.com/subscriptions/00000000-0000-0000-0000-000000000000/resourceGroups/cli_test_lb_nat_rules000001/providers/Microsoft.Network/loadBalancers/lb1?api-version=2017-06-01
  response:
    body: {string: "{\r\n  \"name\": \"lb1\",\r\n  \"id\": \"/subscriptions/00000000-0000-0000-0000-000000000000/resourceGroups/cli_test_lb_nat_rules000001/providers/Microsoft.Network/loadBalancers/lb1\"\
        ,\r\n  \"etag\": \"W/\\\"a9b86860-a28b-42d3-8ca9-e1fc48aab839\\\"\",\r\n \
        \ \"type\": \"Microsoft.Network/loadBalancers\",\r\n  \"location\": \"westus\"\
        ,\r\n  \"tags\": {},\r\n  \"properties\": {\r\n    \"provisioningState\":\
        \ \"Succeeded\",\r\n    \"resourceGuid\": \"6a493479-f859-49aa-8da0-35df8399a413\"\
        ,\r\n    \"frontendIPConfigurations\": [\r\n      {\r\n        \"name\": \"\
        LoadBalancerFrontEnd\",\r\n        \"id\": \"/subscriptions/00000000-0000-0000-0000-000000000000/resourceGroups/cli_test_lb_nat_rules000001/providers/Microsoft.Network/loadBalancers/lb1/frontendIPConfigurations/LoadBalancerFrontEnd\"\
        ,\r\n        \"etag\": \"W/\\\"a9b86860-a28b-42d3-8ca9-e1fc48aab839\\\"\"\
        ,\r\n        \"properties\": {\r\n          \"provisioningState\": \"Succeeded\"\
        ,\r\n          \"privateIPAllocationMethod\": \"Dynamic\",\r\n          \"\
        publicIPAddress\": {\r\n            \"id\": \"/subscriptions/00000000-0000-0000-0000-000000000000/resourceGroups/cli_test_lb_nat_rules000001/providers/Microsoft.Network/publicIPAddresses/PublicIPlb1\"\
        \r\n          },\r\n          \"inboundNatRules\": [\r\n            {\r\n\
        \              \"id\": \"/subscriptions/00000000-0000-0000-0000-000000000000/resourceGroups/cli_test_lb_nat_rules000001/providers/Microsoft.Network/loadBalancers/lb1/inboundNatRules/rule3\"\
        \r\n            }\r\n          ]\r\n        }\r\n      }\r\n    ],\r\n   \
        \ \"backendAddressPools\": [\r\n      {\r\n        \"name\": \"lb1bepool\"\
        ,\r\n        \"id\": \"/subscriptions/00000000-0000-0000-0000-000000000000/resourceGroups/cli_test_lb_nat_rules000001/providers/Microsoft.Network/loadBalancers/lb1/backendAddressPools/lb1bepool\"\
        ,\r\n        \"etag\": \"W/\\\"a9b86860-a28b-42d3-8ca9-e1fc48aab839\\\"\"\
        ,\r\n        \"properties\": {\r\n          \"provisioningState\": \"Succeeded\"\
        \r\n        }\r\n      }\r\n    ],\r\n    \"loadBalancingRules\": [],\r\n\
        \    \"probes\": [],\r\n    \"inboundNatRules\": [\r\n      {\r\n        \"\
        name\": \"rule3\",\r\n        \"id\": \"/subscriptions/00000000-0000-0000-0000-000000000000/resourceGroups/cli_test_lb_nat_rules000001/providers/Microsoft.Network/loadBalancers/lb1/inboundNatRules/rule3\"\
        ,\r\n        \"etag\": \"W/\\\"a9b86860-a28b-42d3-8ca9-e1fc48aab839\\\"\"\
        ,\r\n        \"properties\": {\r\n          \"provisioningState\": \"Succeeded\"\
        ,\r\n          \"frontendIPConfiguration\": {\r\n            \"id\": \"/subscriptions/00000000-0000-0000-0000-000000000000/resourceGroups/cli_test_lb_nat_rules000001/providers/Microsoft.Network/loadBalancers/lb1/frontendIPConfigurations/LoadBalancerFrontEnd\"\
        \r\n          },\r\n          \"frontendPort\": 3,\r\n          \"backendPort\"\
        : 3,\r\n          \"enableFloatingIP\": false,\r\n          \"idleTimeoutInMinutes\"\
        : 4,\r\n          \"protocol\": \"Tcp\"\r\n        }\r\n      }\r\n    ],\r\
        \n    \"outboundNatRules\": [],\r\n    \"inboundNatPools\": []\r\n  }\r\n}"}
    headers:
      cache-control: [no-cache]
      content-length: ['3114']
      content-type: [application/json; charset=utf-8]
      date: ['Fri, 28 Jul 2017 18:10:56 GMT']
      etag: [W/"a9b86860-a28b-42d3-8ca9-e1fc48aab839"]
      expires: ['-1']
      pragma: [no-cache]
      server: [Microsoft-HTTPAPI/2.0, Microsoft-HTTPAPI/2.0]
      strict-transport-security: [max-age=31536000; includeSubDomains]
      transfer-encoding: [chunked]
      vary: [Accept-Encoding]
    status: {code: 200, message: OK}
- request:
    body: null
    headers:
      Accept: [application/json]
      Accept-Encoding: ['gzip, deflate']
      CommandName: [network lb inbound-nat-rule delete]
      Connection: [keep-alive]
      Content-Type: [application/json; charset=utf-8]
      User-Agent: [python/3.5.1 (Windows-10-10.0.15063-SP0) requests/2.9.1 msrest/0.4.11
          msrest_azure/0.4.11 networkmanagementclient/1.3.0 Azure-SDK-For-Python AZURECLI/2.0.12+dev]
      accept-language: [en-US]
    method: GET
    uri: https://management.azure.com/subscriptions/00000000-0000-0000-0000-000000000000/resourceGroups/cli_test_lb_nat_rules000001/providers/Microsoft.Network/loadBalancers/lb1?api-version=2017-06-01
  response:
    body: {string: "{\r\n  \"name\": \"lb1\",\r\n  \"id\": \"/subscriptions/00000000-0000-0000-0000-000000000000/resourceGroups/cli_test_lb_nat_rules000001/providers/Microsoft.Network/loadBalancers/lb1\"\
        ,\r\n  \"etag\": \"W/\\\"a9b86860-a28b-42d3-8ca9-e1fc48aab839\\\"\",\r\n \
        \ \"type\": \"Microsoft.Network/loadBalancers\",\r\n  \"location\": \"westus\"\
        ,\r\n  \"tags\": {},\r\n  \"properties\": {\r\n    \"provisioningState\":\
        \ \"Succeeded\",\r\n    \"resourceGuid\": \"6a493479-f859-49aa-8da0-35df8399a413\"\
        ,\r\n    \"frontendIPConfigurations\": [\r\n      {\r\n        \"name\": \"\
        LoadBalancerFrontEnd\",\r\n        \"id\": \"/subscriptions/00000000-0000-0000-0000-000000000000/resourceGroups/cli_test_lb_nat_rules000001/providers/Microsoft.Network/loadBalancers/lb1/frontendIPConfigurations/LoadBalancerFrontEnd\"\
        ,\r\n        \"etag\": \"W/\\\"a9b86860-a28b-42d3-8ca9-e1fc48aab839\\\"\"\
        ,\r\n        \"properties\": {\r\n          \"provisioningState\": \"Succeeded\"\
        ,\r\n          \"privateIPAllocationMethod\": \"Dynamic\",\r\n          \"\
        publicIPAddress\": {\r\n            \"id\": \"/subscriptions/00000000-0000-0000-0000-000000000000/resourceGroups/cli_test_lb_nat_rules000001/providers/Microsoft.Network/publicIPAddresses/PublicIPlb1\"\
        \r\n          },\r\n          \"inboundNatRules\": [\r\n            {\r\n\
        \              \"id\": \"/subscriptions/00000000-0000-0000-0000-000000000000/resourceGroups/cli_test_lb_nat_rules000001/providers/Microsoft.Network/loadBalancers/lb1/inboundNatRules/rule3\"\
        \r\n            }\r\n          ]\r\n        }\r\n      }\r\n    ],\r\n   \
        \ \"backendAddressPools\": [\r\n      {\r\n        \"name\": \"lb1bepool\"\
        ,\r\n        \"id\": \"/subscriptions/00000000-0000-0000-0000-000000000000/resourceGroups/cli_test_lb_nat_rules000001/providers/Microsoft.Network/loadBalancers/lb1/backendAddressPools/lb1bepool\"\
        ,\r\n        \"etag\": \"W/\\\"a9b86860-a28b-42d3-8ca9-e1fc48aab839\\\"\"\
        ,\r\n        \"properties\": {\r\n          \"provisioningState\": \"Succeeded\"\
        \r\n        }\r\n      }\r\n    ],\r\n    \"loadBalancingRules\": [],\r\n\
        \    \"probes\": [],\r\n    \"inboundNatRules\": [\r\n      {\r\n        \"\
        name\": \"rule3\",\r\n        \"id\": \"/subscriptions/00000000-0000-0000-0000-000000000000/resourceGroups/cli_test_lb_nat_rules000001/providers/Microsoft.Network/loadBalancers/lb1/inboundNatRules/rule3\"\
        ,\r\n        \"etag\": \"W/\\\"a9b86860-a28b-42d3-8ca9-e1fc48aab839\\\"\"\
        ,\r\n        \"properties\": {\r\n          \"provisioningState\": \"Succeeded\"\
        ,\r\n          \"frontendIPConfiguration\": {\r\n            \"id\": \"/subscriptions/00000000-0000-0000-0000-000000000000/resourceGroups/cli_test_lb_nat_rules000001/providers/Microsoft.Network/loadBalancers/lb1/frontendIPConfigurations/LoadBalancerFrontEnd\"\
        \r\n          },\r\n          \"frontendPort\": 3,\r\n          \"backendPort\"\
        : 3,\r\n          \"enableFloatingIP\": false,\r\n          \"idleTimeoutInMinutes\"\
        : 4,\r\n          \"protocol\": \"Tcp\"\r\n        }\r\n      }\r\n    ],\r\
        \n    \"outboundNatRules\": [],\r\n    \"inboundNatPools\": []\r\n  }\r\n}"}
    headers:
      cache-control: [no-cache]
      content-length: ['3114']
      content-type: [application/json; charset=utf-8]
      date: ['Fri, 28 Jul 2017 18:10:55 GMT']
      etag: [W/"a9b86860-a28b-42d3-8ca9-e1fc48aab839"]
      expires: ['-1']
      pragma: [no-cache]
      server: [Microsoft-HTTPAPI/2.0, Microsoft-HTTPAPI/2.0]
      strict-transport-security: [max-age=31536000; includeSubDomains]
      transfer-encoding: [chunked]
      vary: [Accept-Encoding]
    status: {code: 200, message: OK}
- request:
    body: 'b''{"location": "westus", "etag": "W/\\"a9b86860-a28b-42d3-8ca9-e1fc48aab839\\"",
      "tags": {}, "id": "/subscriptions/6b085460-5f21-477e-ba44-1035046e9101/resourceGroups/cli_test_lb_nat_rules000001/providers/Microsoft.Network/loadBalancers/lb1",
      "properties": {"inboundNatRules": [], "outboundNatRules": [], "backendAddressPools":
      [{"name": "lb1bepool", "etag": "W/\\"a9b86860-a28b-42d3-8ca9-e1fc48aab839\\"",
      "id": "/subscriptions/6b085460-5f21-477e-ba44-1035046e9101/resourceGroups/cli_test_lb_nat_rules000001/providers/Microsoft.Network/loadBalancers/lb1/backendAddressPools/lb1bepool",
      "properties": {"provisioningState": "Succeeded"}}], "provisioningState": "Succeeded",
      "frontendIPConfigurations": [{"name": "LoadBalancerFrontEnd", "etag": "W/\\"a9b86860-a28b-42d3-8ca9-e1fc48aab839\\"",
      "id": "/subscriptions/6b085460-5f21-477e-ba44-1035046e9101/resourceGroups/cli_test_lb_nat_rules000001/providers/Microsoft.Network/loadBalancers/lb1/frontendIPConfigurations/LoadBalancerFrontEnd",
      "properties": {"provisioningState": "Succeeded", "privateIPAllocationMethod":
      "Dynamic", "publicIPAddress": {"id": "/subscriptions/6b085460-5f21-477e-ba44-1035046e9101/resourceGroups/cli_test_lb_nat_rules000001/providers/Microsoft.Network/publicIPAddresses/PublicIPlb1"}}}],
      "loadBalancingRules": [], "probes": [], "inboundNatPools": [], "resourceGuid":
      "6a493479-f859-49aa-8da0-35df8399a413"}}'''
    headers:
      Accept: [application/json]
      Accept-Encoding: ['gzip, deflate']
      CommandName: [network lb inbound-nat-rule delete]
      Connection: [keep-alive]
      Content-Length: ['1565']
      Content-Type: [application/json; charset=utf-8]
      User-Agent: [python/3.5.1 (Windows-10-10.0.15063-SP0) requests/2.9.1 msrest/0.4.11
          msrest_azure/0.4.11 networkmanagementclient/1.3.0 Azure-SDK-For-Python AZURECLI/2.0.12+dev]
      accept-language: [en-US]
    method: PUT
    uri: https://management.azure.com/subscriptions/00000000-0000-0000-0000-000000000000/resourceGroups/cli_test_lb_nat_rules000001/providers/Microsoft.Network/loadBalancers/lb1?api-version=2017-06-01
  response:
    body: {string: "{\r\n  \"name\": \"lb1\",\r\n  \"id\": \"/subscriptions/00000000-0000-0000-0000-000000000000/resourceGroups/cli_test_lb_nat_rules000001/providers/Microsoft.Network/loadBalancers/lb1\"\
        ,\r\n  \"etag\": \"W/\\\"1747b273-d2d5-473f-a6f0-a27394b1323c\\\"\",\r\n \
        \ \"type\": \"Microsoft.Network/loadBalancers\",\r\n  \"location\": \"westus\"\
        ,\r\n  \"tags\": {},\r\n  \"properties\": {\r\n    \"provisioningState\":\
        \ \"Succeeded\",\r\n    \"resourceGuid\": \"6a493479-f859-49aa-8da0-35df8399a413\"\
        ,\r\n    \"frontendIPConfigurations\": [\r\n      {\r\n        \"name\": \"\
        LoadBalancerFrontEnd\",\r\n        \"id\": \"/subscriptions/00000000-0000-0000-0000-000000000000/resourceGroups/cli_test_lb_nat_rules000001/providers/Microsoft.Network/loadBalancers/lb1/frontendIPConfigurations/LoadBalancerFrontEnd\"\
        ,\r\n        \"etag\": \"W/\\\"1747b273-d2d5-473f-a6f0-a27394b1323c\\\"\"\
        ,\r\n        \"properties\": {\r\n          \"provisioningState\": \"Succeeded\"\
        ,\r\n          \"privateIPAllocationMethod\": \"Dynamic\",\r\n          \"\
        publicIPAddress\": {\r\n            \"id\": \"/subscriptions/00000000-0000-0000-0000-000000000000/resourceGroups/cli_test_lb_nat_rules000001/providers/Microsoft.Network/publicIPAddresses/PublicIPlb1\"\
        \r\n          }\r\n        }\r\n      }\r\n    ],\r\n    \"backendAddressPools\"\
        : [\r\n      {\r\n        \"name\": \"lb1bepool\",\r\n        \"id\": \"/subscriptions/00000000-0000-0000-0000-000000000000/resourceGroups/cli_test_lb_nat_rules000001/providers/Microsoft.Network/loadBalancers/lb1/backendAddressPools/lb1bepool\"\
        ,\r\n        \"etag\": \"W/\\\"1747b273-d2d5-473f-a6f0-a27394b1323c\\\"\"\
        ,\r\n        \"properties\": {\r\n          \"provisioningState\": \"Succeeded\"\
        \r\n        }\r\n      }\r\n    ],\r\n    \"loadBalancingRules\": [],\r\n\
        \    \"probes\": [],\r\n    \"inboundNatRules\": [],\r\n    \"outboundNatRules\"\
        : [],\r\n    \"inboundNatPools\": []\r\n  }\r\n}"}
    headers:
      azure-asyncoperation: ['https://management.azure.com/subscriptions/00000000-0000-0000-0000-000000000000/providers/Microsoft.Network/locations/westus/operations/c2c61d46-d422-4e11-b316-c02937ea39db?api-version=2017-06-01']
      cache-control: [no-cache]
      content-length: ['1907']
      content-type: [application/json; charset=utf-8]
      date: ['Fri, 28 Jul 2017 18:10:56 GMT']
      expires: ['-1']
      pragma: [no-cache]
      server: [Microsoft-HTTPAPI/2.0, Microsoft-HTTPAPI/2.0]
      strict-transport-security: [max-age=31536000; includeSubDomains]
      transfer-encoding: [chunked]
      vary: [Accept-Encoding]
      x-ms-ratelimit-remaining-subscription-writes: ['1199']
    status: {code: 200, message: OK}
- request:
    body: null
    headers:
      Accept: [application/json]
      Accept-Encoding: ['gzip, deflate']
      CommandName: [network lb inbound-nat-rule delete]
      Connection: [keep-alive]
      Content-Type: [application/json; charset=utf-8]
      User-Agent: [python/3.5.1 (Windows-10-10.0.15063-SP0) requests/2.9.1 msrest/0.4.11
          msrest_azure/0.4.11 networkmanagementclient/1.3.0 Azure-SDK-For-Python AZURECLI/2.0.12+dev]
      accept-language: [en-US]
    method: GET
    uri: https://management.azure.com/subscriptions/00000000-0000-0000-0000-000000000000/providers/Microsoft.Network/locations/westus/operations/c2c61d46-d422-4e11-b316-c02937ea39db?api-version=2017-06-01
  response:
    body: {string: "{\r\n  \"status\": \"Succeeded\"\r\n}"}
    headers:
      cache-control: [no-cache]
      content-length: ['29']
      content-type: [application/json; charset=utf-8]
      date: ['Fri, 28 Jul 2017 18:11:27 GMT']
      expires: ['-1']
      pragma: [no-cache]
      server: [Microsoft-HTTPAPI/2.0, Microsoft-HTTPAPI/2.0]
      strict-transport-security: [max-age=31536000; includeSubDomains]
      transfer-encoding: [chunked]
      vary: [Accept-Encoding]
    status: {code: 200, message: OK}
- request:
    body: null
    headers:
      Accept: [application/json]
      Accept-Encoding: ['gzip, deflate']
      CommandName: [network lb inbound-nat-rule delete]
      Connection: [keep-alive]
      Content-Type: [application/json; charset=utf-8]
      User-Agent: [python/3.5.1 (Windows-10-10.0.15063-SP0) requests/2.9.1 msrest/0.4.11
          msrest_azure/0.4.11 networkmanagementclient/1.3.0 Azure-SDK-For-Python AZURECLI/2.0.12+dev]
      accept-language: [en-US]
    method: GET
    uri: https://management.azure.com/subscriptions/00000000-0000-0000-0000-000000000000/resourceGroups/cli_test_lb_nat_rules000001/providers/Microsoft.Network/loadBalancers/lb1?api-version=2017-06-01
  response:
    body: {string: "{\r\n  \"name\": \"lb1\",\r\n  \"id\": \"/subscriptions/00000000-0000-0000-0000-000000000000/resourceGroups/cli_test_lb_nat_rules000001/providers/Microsoft.Network/loadBalancers/lb1\"\
        ,\r\n  \"etag\": \"W/\\\"1747b273-d2d5-473f-a6f0-a27394b1323c\\\"\",\r\n \
        \ \"type\": \"Microsoft.Network/loadBalancers\",\r\n  \"location\": \"westus\"\
        ,\r\n  \"tags\": {},\r\n  \"properties\": {\r\n    \"provisioningState\":\
        \ \"Succeeded\",\r\n    \"resourceGuid\": \"6a493479-f859-49aa-8da0-35df8399a413\"\
        ,\r\n    \"frontendIPConfigurations\": [\r\n      {\r\n        \"name\": \"\
        LoadBalancerFrontEnd\",\r\n        \"id\": \"/subscriptions/00000000-0000-0000-0000-000000000000/resourceGroups/cli_test_lb_nat_rules000001/providers/Microsoft.Network/loadBalancers/lb1/frontendIPConfigurations/LoadBalancerFrontEnd\"\
        ,\r\n        \"etag\": \"W/\\\"1747b273-d2d5-473f-a6f0-a27394b1323c\\\"\"\
        ,\r\n        \"properties\": {\r\n          \"provisioningState\": \"Succeeded\"\
        ,\r\n          \"privateIPAllocationMethod\": \"Dynamic\",\r\n          \"\
        publicIPAddress\": {\r\n            \"id\": \"/subscriptions/00000000-0000-0000-0000-000000000000/resourceGroups/cli_test_lb_nat_rules000001/providers/Microsoft.Network/publicIPAddresses/PublicIPlb1\"\
        \r\n          }\r\n        }\r\n      }\r\n    ],\r\n    \"backendAddressPools\"\
        : [\r\n      {\r\n        \"name\": \"lb1bepool\",\r\n        \"id\": \"/subscriptions/00000000-0000-0000-0000-000000000000/resourceGroups/cli_test_lb_nat_rules000001/providers/Microsoft.Network/loadBalancers/lb1/backendAddressPools/lb1bepool\"\
        ,\r\n        \"etag\": \"W/\\\"1747b273-d2d5-473f-a6f0-a27394b1323c\\\"\"\
        ,\r\n        \"properties\": {\r\n          \"provisioningState\": \"Succeeded\"\
        \r\n        }\r\n      }\r\n    ],\r\n    \"loadBalancingRules\": [],\r\n\
        \    \"probes\": [],\r\n    \"inboundNatRules\": [],\r\n    \"outboundNatRules\"\
        : [],\r\n    \"inboundNatPools\": []\r\n  }\r\n}"}
    headers:
      cache-control: [no-cache]
      content-length: ['1907']
      content-type: [application/json; charset=utf-8]
      date: ['Fri, 28 Jul 2017 18:11:28 GMT']
      etag: [W/"1747b273-d2d5-473f-a6f0-a27394b1323c"]
      expires: ['-1']
      pragma: [no-cache]
      server: [Microsoft-HTTPAPI/2.0, Microsoft-HTTPAPI/2.0]
      strict-transport-security: [max-age=31536000; includeSubDomains]
      transfer-encoding: [chunked]
      vary: [Accept-Encoding]
    status: {code: 200, message: OK}
- request:
    body: null
    headers:
      Accept: [application/json]
      Accept-Encoding: ['gzip, deflate']
      CommandName: [network lb inbound-nat-rule list]
      Connection: [keep-alive]
      Content-Type: [application/json; charset=utf-8]
      User-Agent: [python/3.5.1 (Windows-10-10.0.15063-SP0) requests/2.9.1 msrest/0.4.11
          msrest_azure/0.4.11 networkmanagementclient/1.3.0 Azure-SDK-For-Python AZURECLI/2.0.12+dev]
      accept-language: [en-US]
    method: GET
    uri: https://management.azure.com/subscriptions/00000000-0000-0000-0000-000000000000/resourceGroups/cli_test_lb_nat_rules000001/providers/Microsoft.Network/loadBalancers/lb1?api-version=2017-06-01
  response:
    body: {string: "{\r\n  \"name\": \"lb1\",\r\n  \"id\": \"/subscriptions/00000000-0000-0000-0000-000000000000/resourceGroups/cli_test_lb_nat_rules000001/providers/Microsoft.Network/loadBalancers/lb1\"\
        ,\r\n  \"etag\": \"W/\\\"1747b273-d2d5-473f-a6f0-a27394b1323c\\\"\",\r\n \
        \ \"type\": \"Microsoft.Network/loadBalancers\",\r\n  \"location\": \"westus\"\
        ,\r\n  \"tags\": {},\r\n  \"properties\": {\r\n    \"provisioningState\":\
        \ \"Succeeded\",\r\n    \"resourceGuid\": \"6a493479-f859-49aa-8da0-35df8399a413\"\
        ,\r\n    \"frontendIPConfigurations\": [\r\n      {\r\n        \"name\": \"\
        LoadBalancerFrontEnd\",\r\n        \"id\": \"/subscriptions/00000000-0000-0000-0000-000000000000/resourceGroups/cli_test_lb_nat_rules000001/providers/Microsoft.Network/loadBalancers/lb1/frontendIPConfigurations/LoadBalancerFrontEnd\"\
        ,\r\n        \"etag\": \"W/\\\"1747b273-d2d5-473f-a6f0-a27394b1323c\\\"\"\
        ,\r\n        \"properties\": {\r\n          \"provisioningState\": \"Succeeded\"\
        ,\r\n          \"privateIPAllocationMethod\": \"Dynamic\",\r\n          \"\
        publicIPAddress\": {\r\n            \"id\": \"/subscriptions/00000000-0000-0000-0000-000000000000/resourceGroups/cli_test_lb_nat_rules000001/providers/Microsoft.Network/publicIPAddresses/PublicIPlb1\"\
        \r\n          }\r\n        }\r\n      }\r\n    ],\r\n    \"backendAddressPools\"\
        : [\r\n      {\r\n        \"name\": \"lb1bepool\",\r\n        \"id\": \"/subscriptions/00000000-0000-0000-0000-000000000000/resourceGroups/cli_test_lb_nat_rules000001/providers/Microsoft.Network/loadBalancers/lb1/backendAddressPools/lb1bepool\"\
        ,\r\n        \"etag\": \"W/\\\"1747b273-d2d5-473f-a6f0-a27394b1323c\\\"\"\
        ,\r\n        \"properties\": {\r\n          \"provisioningState\": \"Succeeded\"\
        \r\n        }\r\n      }\r\n    ],\r\n    \"loadBalancingRules\": [],\r\n\
        \    \"probes\": [],\r\n    \"inboundNatRules\": [],\r\n    \"outboundNatRules\"\
        : [],\r\n    \"inboundNatPools\": []\r\n  }\r\n}"}
    headers:
      cache-control: [no-cache]
      content-length: ['1907']
      content-type: [application/json; charset=utf-8]
      date: ['Fri, 28 Jul 2017 18:11:28 GMT']
      etag: [W/"1747b273-d2d5-473f-a6f0-a27394b1323c"]
      expires: ['-1']
      pragma: [no-cache]
      server: [Microsoft-HTTPAPI/2.0, Microsoft-HTTPAPI/2.0]
      strict-transport-security: [max-age=31536000; includeSubDomains]
      transfer-encoding: [chunked]
      vary: [Accept-Encoding]
    status: {code: 200, message: OK}
- request:
    body: null
    headers:
      Accept: [application/json]
      Accept-Encoding: ['gzip, deflate']
      CommandName: [group delete]
      Connection: [keep-alive]
      Content-Length: ['0']
      Content-Type: [application/json; charset=utf-8]
      User-Agent: [python/3.5.1 (Windows-10-10.0.15063-SP0) requests/2.9.1 msrest/0.4.11
          msrest_azure/0.4.11 resourcemanagementclient/1.1.0 Azure-SDK-For-Python
          AZURECLI/2.0.12+dev]
      accept-language: [en-US]
    method: DELETE
    uri: https://management.azure.com/subscriptions/00000000-0000-0000-0000-000000000000/resourcegroups/cli_test_lb_nat_rules000001?api-version=2017-05-10
  response:
    body: {string: ''}
    headers:
      cache-control: [no-cache]
      content-length: ['0']
      date: ['Fri, 28 Jul 2017 18:11:28 GMT']
      expires: ['-1']
      location: ['https://management.azure.com/subscriptions/00000000-0000-0000-0000-000000000000/operationresults/eyJqb2JJZCI6IlJFU09VUkNFR1JPVVBERUxFVElPTkpPQi1DTEk6NUZURVNUOjVGTEI6NUZOQVQ6NUZSVUxFU1Q0NVJBTFZBMk5YVEE3RDZXU3w5NDQzMDc2QkRBQjM0NkQ1LVdFU1RVUyIsImpvYkxvY2F0aW9uIjoid2VzdHVzIn0?api-version=2017-05-10']
      pragma: [no-cache]
      strict-transport-security: [max-age=31536000; includeSubDomains]
      x-ms-ratelimit-remaining-subscription-writes: ['1196']
    status: {code: 202, message: Accepted}
version: 1
