interactions:
- request:
    body: null
    headers:
      Accept: [application/json]
      Accept-Encoding: ['gzip, deflate']
      Connection: [keep-alive]
      Content-Type: [application/json; charset=utf-8]
      User-Agent: [python/3.5.3 (Windows-10-10.0.15063-SP0) requests/2.9.1 msrest/0.4.13
          msrest_azure/0.4.11 resourcemanagementclient/1.1.0 Azure-SDK-For-Python
          AZURECLI/TEST/2.0.13+dev]
      accept-language: [en-US]
      x-ms-client-request-id: [aebb1cc6-89e3-11e7-bc04-a0b3ccf7272a]
    method: GET
    uri: https://management.azure.com/subscriptions/00000000-0000-0000-0000-000000000000/resourcegroups/cli_test_nsg?api-version=2017-05-10
  response:
    body: {string: '{"id":"/subscriptions/00000000-0000-0000-0000-000000000000/resourceGroups/cli_test_nsg","name":"cli_test_nsg","location":"westus","tags":{"use":"az-test"},"properties":{"provisioningState":"Succeeded"}}'}
    headers:
      Cache-Control: [no-cache]
      Content-Type: [application/json; charset=utf-8]
      Date: ['Fri, 25 Aug 2017 22:21:03 GMT']
      Expires: ['-1']
      Pragma: [no-cache]
      Strict-Transport-Security: [max-age=31536000; includeSubDomains]
      Vary: [Accept-Encoding]
      content-length: ['214']
    status: {code: 200, message: OK}
- request:
    body: '{"location": "westus"}'
    headers:
      Accept: [application/json]
      Accept-Encoding: ['gzip, deflate']
      Connection: [keep-alive]
      Content-Length: ['22']
      Content-Type: [application/json; charset=utf-8]
      User-Agent: [python/3.5.3 (Windows-10-10.0.15063-SP0) requests/2.9.1 msrest/0.4.13
          msrest_azure/0.4.11 networkmanagementclient/1.4.0 Azure-SDK-For-Python AZURECLI/TEST/2.0.13+dev]
      accept-language: [en-US]
      x-ms-client-request-id: [aeda0f58-89e3-11e7-8a31-a0b3ccf7272a]
    method: PUT
    uri: https://management.azure.com/subscriptions/00000000-0000-0000-0000-000000000000/resourceGroups/cli_test_nsg/providers/Microsoft.Network/networkSecurityGroups/test-nsg1?api-version=2017-08-01
  response:
    body: {string: "{\r\n  \"name\": \"test-nsg1\",\r\n  \"id\": \"/subscriptions/00000000-0000-0000-0000-000000000000/resourceGroups/cli_test_nsg/providers/Microsoft.Network/networkSecurityGroups/test-nsg1\"\
        ,\r\n  \"etag\": \"W/\\\"54fc1eaa-25c5-4ecf-aca1-fe792632d82f\\\"\",\r\n \
        \ \"type\": \"Microsoft.Network/networkSecurityGroups\",\r\n  \"location\"\
        : \"westus\",\r\n  \"properties\": {\r\n    \"provisioningState\": \"Updating\"\
        ,\r\n    \"resourceGuid\": \"c7111776-409f-46a6-8214-57aaceebf77e\",\r\n \
        \   \"securityRules\": [],\r\n    \"defaultSecurityRules\": [\r\n      {\r\
        \n        \"name\": \"AllowVnetInBound\",\r\n        \"id\": \"/subscriptions/00000000-0000-0000-0000-000000000000/resourceGroups/cli_test_nsg/providers/Microsoft.Network/networkSecurityGroups/test-nsg1/defaultSecurityRules/AllowVnetInBound\"\
        ,\r\n        \"etag\": \"W/\\\"54fc1eaa-25c5-4ecf-aca1-fe792632d82f\\\"\"\
        ,\r\n        \"properties\": {\r\n          \"provisioningState\": \"Updating\"\
        ,\r\n          \"description\": \"Allow inbound traffic from all VMs in VNET\"\
        ,\r\n          \"protocol\": \"*\",\r\n          \"sourcePortRange\": \"*\"\
        ,\r\n          \"destinationPortRange\": \"*\",\r\n          \"sourceAddressPrefix\"\
        : \"VirtualNetwork\",\r\n          \"destinationAddressPrefix\": \"VirtualNetwork\"\
        ,\r\n          \"access\": \"Allow\",\r\n          \"priority\": 65000,\r\n\
        \          \"direction\": \"Inbound\",\r\n          \"sourcePortRanges\":\
        \ [],\r\n          \"destinationPortRanges\": [],\r\n          \"sourceAddressPrefixes\"\
        : [],\r\n          \"destinationAddressPrefixes\": []\r\n        }\r\n   \
        \   },\r\n      {\r\n        \"name\": \"AllowAzureLoadBalancerInBound\",\r\
        \n        \"id\": \"/subscriptions/00000000-0000-0000-0000-000000000000/resourceGroups/cli_test_nsg/providers/Microsoft.Network/networkSecurityGroups/test-nsg1/defaultSecurityRules/AllowAzureLoadBalancerInBound\"\
        ,\r\n        \"etag\": \"W/\\\"54fc1eaa-25c5-4ecf-aca1-fe792632d82f\\\"\"\
        ,\r\n        \"properties\": {\r\n          \"provisioningState\": \"Updating\"\
        ,\r\n          \"description\": \"Allow inbound traffic from azure load balancer\"\
        ,\r\n          \"protocol\": \"*\",\r\n          \"sourcePortRange\": \"*\"\
        ,\r\n          \"destinationPortRange\": \"*\",\r\n          \"sourceAddressPrefix\"\
        : \"AzureLoadBalancer\",\r\n          \"destinationAddressPrefix\": \"*\"\
        ,\r\n          \"access\": \"Allow\",\r\n          \"priority\": 65001,\r\n\
        \          \"direction\": \"Inbound\",\r\n          \"sourcePortRanges\":\
        \ [],\r\n          \"destinationPortRanges\": [],\r\n          \"sourceAddressPrefixes\"\
        : [],\r\n          \"destinationAddressPrefixes\": []\r\n        }\r\n   \
        \   },\r\n      {\r\n        \"name\": \"DenyAllInBound\",\r\n        \"id\"\
        : \"/subscriptions/00000000-0000-0000-0000-000000000000/resourceGroups/cli_test_nsg/providers/Microsoft.Network/networkSecurityGroups/test-nsg1/defaultSecurityRules/DenyAllInBound\"\
        ,\r\n        \"etag\": \"W/\\\"54fc1eaa-25c5-4ecf-aca1-fe792632d82f\\\"\"\
        ,\r\n        \"properties\": {\r\n          \"provisioningState\": \"Updating\"\
        ,\r\n          \"description\": \"Deny all inbound traffic\",\r\n        \
        \  \"protocol\": \"*\",\r\n          \"sourcePortRange\": \"*\",\r\n     \
        \     \"destinationPortRange\": \"*\",\r\n          \"sourceAddressPrefix\"\
        : \"*\",\r\n          \"destinationAddressPrefix\": \"*\",\r\n          \"\
        access\": \"Deny\",\r\n          \"priority\": 65500,\r\n          \"direction\"\
        : \"Inbound\",\r\n          \"sourcePortRanges\": [],\r\n          \"destinationPortRanges\"\
        : [],\r\n          \"sourceAddressPrefixes\": [],\r\n          \"destinationAddressPrefixes\"\
        : []\r\n        }\r\n      },\r\n      {\r\n        \"name\": \"AllowVnetOutBound\"\
        ,\r\n        \"id\": \"/subscriptions/00000000-0000-0000-0000-000000000000/resourceGroups/cli_test_nsg/providers/Microsoft.Network/networkSecurityGroups/test-nsg1/defaultSecurityRules/AllowVnetOutBound\"\
        ,\r\n        \"etag\": \"W/\\\"54fc1eaa-25c5-4ecf-aca1-fe792632d82f\\\"\"\
        ,\r\n        \"properties\": {\r\n          \"provisioningState\": \"Updating\"\
        ,\r\n          \"description\": \"Allow outbound traffic from all VMs to all\
        \ VMs in VNET\",\r\n          \"protocol\": \"*\",\r\n          \"sourcePortRange\"\
        : \"*\",\r\n          \"destinationPortRange\": \"*\",\r\n          \"sourceAddressPrefix\"\
        : \"VirtualNetwork\",\r\n          \"destinationAddressPrefix\": \"VirtualNetwork\"\
        ,\r\n          \"access\": \"Allow\",\r\n          \"priority\": 65000,\r\n\
        \          \"direction\": \"Outbound\",\r\n          \"sourcePortRanges\"\
        : [],\r\n          \"destinationPortRanges\": [],\r\n          \"sourceAddressPrefixes\"\
        : [],\r\n          \"destinationAddressPrefixes\": []\r\n        }\r\n   \
        \   },\r\n      {\r\n        \"name\": \"AllowInternetOutBound\",\r\n    \
        \    \"id\": \"/subscriptions/00000000-0000-0000-0000-000000000000/resourceGroups/cli_test_nsg/providers/Microsoft.Network/networkSecurityGroups/test-nsg1/defaultSecurityRules/AllowInternetOutBound\"\
        ,\r\n        \"etag\": \"W/\\\"54fc1eaa-25c5-4ecf-aca1-fe792632d82f\\\"\"\
        ,\r\n        \"properties\": {\r\n          \"provisioningState\": \"Updating\"\
        ,\r\n          \"description\": \"Allow outbound traffic from all VMs to Internet\"\
        ,\r\n          \"protocol\": \"*\",\r\n          \"sourcePortRange\": \"*\"\
        ,\r\n          \"destinationPortRange\": \"*\",\r\n          \"sourceAddressPrefix\"\
        : \"*\",\r\n          \"destinationAddressPrefix\": \"Internet\",\r\n    \
        \      \"access\": \"Allow\",\r\n          \"priority\": 65001,\r\n      \
        \    \"direction\": \"Outbound\",\r\n          \"sourcePortRanges\": [],\r\
        \n          \"destinationPortRanges\": [],\r\n          \"sourceAddressPrefixes\"\
        : [],\r\n          \"destinationAddressPrefixes\": []\r\n        }\r\n   \
        \   },\r\n      {\r\n        \"name\": \"DenyAllOutBound\",\r\n        \"\
        id\": \"/subscriptions/00000000-0000-0000-0000-000000000000/resourceGroups/cli_test_nsg/providers/Microsoft.Network/networkSecurityGroups/test-nsg1/defaultSecurityRules/DenyAllOutBound\"\
        ,\r\n        \"etag\": \"W/\\\"54fc1eaa-25c5-4ecf-aca1-fe792632d82f\\\"\"\
        ,\r\n        \"properties\": {\r\n          \"provisioningState\": \"Updating\"\
        ,\r\n          \"description\": \"Deny all outbound traffic\",\r\n       \
        \   \"protocol\": \"*\",\r\n          \"sourcePortRange\": \"*\",\r\n    \
        \      \"destinationPortRange\": \"*\",\r\n          \"sourceAddressPrefix\"\
        : \"*\",\r\n          \"destinationAddressPrefix\": \"*\",\r\n          \"\
        access\": \"Deny\",\r\n          \"priority\": 65500,\r\n          \"direction\"\
        : \"Outbound\",\r\n          \"sourcePortRanges\": [],\r\n          \"destinationPortRanges\"\
        : [],\r\n          \"sourceAddressPrefixes\": [],\r\n          \"destinationAddressPrefixes\"\
        : []\r\n        }\r\n      }\r\n    ]\r\n  }\r\n}"}
    headers:
      Azure-AsyncOperation: ['https://management.azure.com/subscriptions/0b1f6471-1bf0-4dda-aec3-cb9272f09590/providers/Microsoft.Network/locations/westus/operations/4b566758-c86f-489a-93c6-39649089dc56?api-version=2017-08-01']
      Cache-Control: [no-cache]
      Content-Length: ['6080']
      Content-Type: [application/json; charset=utf-8]
      Date: ['Fri, 25 Aug 2017 22:21:04 GMT']
      Expires: ['-1']
      Pragma: [no-cache]
      Retry-After: ['10']
      Server: [Microsoft-HTTPAPI/2.0, Microsoft-HTTPAPI/2.0]
      Strict-Transport-Security: [max-age=31536000; includeSubDomains]
      x-ms-ratelimit-remaining-subscription-writes: ['1199']
    status: {code: 201, message: Created}
- request:
    body: null
    headers:
      Accept: [application/json]
      Accept-Encoding: ['gzip, deflate']
      Connection: [keep-alive]
      Content-Type: [application/json; charset=utf-8]
      User-Agent: [python/3.5.3 (Windows-10-10.0.15063-SP0) requests/2.9.1 msrest/0.4.13
          msrest_azure/0.4.11 networkmanagementclient/1.4.0 Azure-SDK-For-Python AZURECLI/TEST/2.0.13+dev]
      accept-language: [en-US]
      x-ms-client-request-id: [aeda0f58-89e3-11e7-8a31-a0b3ccf7272a]
    method: GET
    uri: https://management.azure.com/subscriptions/00000000-0000-0000-0000-000000000000/providers/Microsoft.Network/locations/westus/operations/4b566758-c86f-489a-93c6-39649089dc56?api-version=2017-08-01
  response:
    body: {string: "{\r\n  \"status\": \"Succeeded\"\r\n}"}
    headers:
      Cache-Control: [no-cache]
      Content-Type: [application/json; charset=utf-8]
      Date: ['Fri, 25 Aug 2017 22:21:14 GMT']
      Expires: ['-1']
      Pragma: [no-cache]
      Server: [Microsoft-HTTPAPI/2.0, Microsoft-HTTPAPI/2.0]
      Strict-Transport-Security: [max-age=31536000; includeSubDomains]
      Transfer-Encoding: [chunked]
      Vary: [Accept-Encoding]
      content-length: ['29']
    status: {code: 200, message: OK}
- request:
    body: null
    headers:
      Accept: [application/json]
      Accept-Encoding: ['gzip, deflate']
      Connection: [keep-alive]
      Content-Type: [application/json; charset=utf-8]
      User-Agent: [python/3.5.3 (Windows-10-10.0.15063-SP0) requests/2.9.1 msrest/0.4.13
          msrest_azure/0.4.11 networkmanagementclient/1.4.0 Azure-SDK-For-Python AZURECLI/TEST/2.0.13+dev]
      accept-language: [en-US]
      x-ms-client-request-id: [aeda0f58-89e3-11e7-8a31-a0b3ccf7272a]
    method: GET
    uri: https://management.azure.com/subscriptions/00000000-0000-0000-0000-000000000000/resourceGroups/cli_test_nsg/providers/Microsoft.Network/networkSecurityGroups/test-nsg1?api-version=2017-08-01
  response:
    body: {string: "{\r\n  \"name\": \"test-nsg1\",\r\n  \"id\": \"/subscriptions/00000000-0000-0000-0000-000000000000/resourceGroups/cli_test_nsg/providers/Microsoft.Network/networkSecurityGroups/test-nsg1\"\
        ,\r\n  \"etag\": \"W/\\\"2c0cd9a7-8d39-43bd-96da-bd8ecf957ff9\\\"\",\r\n \
        \ \"type\": \"Microsoft.Network/networkSecurityGroups\",\r\n  \"location\"\
        : \"westus\",\r\n  \"properties\": {\r\n    \"provisioningState\": \"Succeeded\"\
        ,\r\n    \"resourceGuid\": \"c7111776-409f-46a6-8214-57aaceebf77e\",\r\n \
        \   \"securityRules\": [],\r\n    \"defaultSecurityRules\": [\r\n      {\r\
        \n        \"name\": \"AllowVnetInBound\",\r\n        \"id\": \"/subscriptions/00000000-0000-0000-0000-000000000000/resourceGroups/cli_test_nsg/providers/Microsoft.Network/networkSecurityGroups/test-nsg1/defaultSecurityRules/AllowVnetInBound\"\
        ,\r\n        \"etag\": \"W/\\\"2c0cd9a7-8d39-43bd-96da-bd8ecf957ff9\\\"\"\
        ,\r\n        \"properties\": {\r\n          \"provisioningState\": \"Succeeded\"\
        ,\r\n          \"description\": \"Allow inbound traffic from all VMs in VNET\"\
        ,\r\n          \"protocol\": \"*\",\r\n          \"sourcePortRange\": \"*\"\
        ,\r\n          \"destinationPortRange\": \"*\",\r\n          \"sourceAddressPrefix\"\
        : \"VirtualNetwork\",\r\n          \"destinationAddressPrefix\": \"VirtualNetwork\"\
        ,\r\n          \"access\": \"Allow\",\r\n          \"priority\": 65000,\r\n\
        \          \"direction\": \"Inbound\",\r\n          \"sourcePortRanges\":\
        \ [],\r\n          \"destinationPortRanges\": [],\r\n          \"sourceAddressPrefixes\"\
        : [],\r\n          \"destinationAddressPrefixes\": []\r\n        }\r\n   \
        \   },\r\n      {\r\n        \"name\": \"AllowAzureLoadBalancerInBound\",\r\
        \n        \"id\": \"/subscriptions/00000000-0000-0000-0000-000000000000/resourceGroups/cli_test_nsg/providers/Microsoft.Network/networkSecurityGroups/test-nsg1/defaultSecurityRules/AllowAzureLoadBalancerInBound\"\
        ,\r\n        \"etag\": \"W/\\\"2c0cd9a7-8d39-43bd-96da-bd8ecf957ff9\\\"\"\
        ,\r\n        \"properties\": {\r\n          \"provisioningState\": \"Succeeded\"\
        ,\r\n          \"description\": \"Allow inbound traffic from azure load balancer\"\
        ,\r\n          \"protocol\": \"*\",\r\n          \"sourcePortRange\": \"*\"\
        ,\r\n          \"destinationPortRange\": \"*\",\r\n          \"sourceAddressPrefix\"\
        : \"AzureLoadBalancer\",\r\n          \"destinationAddressPrefix\": \"*\"\
        ,\r\n          \"access\": \"Allow\",\r\n          \"priority\": 65001,\r\n\
        \          \"direction\": \"Inbound\",\r\n          \"sourcePortRanges\":\
        \ [],\r\n          \"destinationPortRanges\": [],\r\n          \"sourceAddressPrefixes\"\
        : [],\r\n          \"destinationAddressPrefixes\": []\r\n        }\r\n   \
        \   },\r\n      {\r\n        \"name\": \"DenyAllInBound\",\r\n        \"id\"\
        : \"/subscriptions/00000000-0000-0000-0000-000000000000/resourceGroups/cli_test_nsg/providers/Microsoft.Network/networkSecurityGroups/test-nsg1/defaultSecurityRules/DenyAllInBound\"\
        ,\r\n        \"etag\": \"W/\\\"2c0cd9a7-8d39-43bd-96da-bd8ecf957ff9\\\"\"\
        ,\r\n        \"properties\": {\r\n          \"provisioningState\": \"Succeeded\"\
        ,\r\n          \"description\": \"Deny all inbound traffic\",\r\n        \
        \  \"protocol\": \"*\",\r\n          \"sourcePortRange\": \"*\",\r\n     \
        \     \"destinationPortRange\": \"*\",\r\n          \"sourceAddressPrefix\"\
        : \"*\",\r\n          \"destinationAddressPrefix\": \"*\",\r\n          \"\
        access\": \"Deny\",\r\n          \"priority\": 65500,\r\n          \"direction\"\
        : \"Inbound\",\r\n          \"sourcePortRanges\": [],\r\n          \"destinationPortRanges\"\
        : [],\r\n          \"sourceAddressPrefixes\": [],\r\n          \"destinationAddressPrefixes\"\
        : []\r\n        }\r\n      },\r\n      {\r\n        \"name\": \"AllowVnetOutBound\"\
        ,\r\n        \"id\": \"/subscriptions/00000000-0000-0000-0000-000000000000/resourceGroups/cli_test_nsg/providers/Microsoft.Network/networkSecurityGroups/test-nsg1/defaultSecurityRules/AllowVnetOutBound\"\
        ,\r\n        \"etag\": \"W/\\\"2c0cd9a7-8d39-43bd-96da-bd8ecf957ff9\\\"\"\
        ,\r\n        \"properties\": {\r\n          \"provisioningState\": \"Succeeded\"\
        ,\r\n          \"description\": \"Allow outbound traffic from all VMs to all\
        \ VMs in VNET\",\r\n          \"protocol\": \"*\",\r\n          \"sourcePortRange\"\
        : \"*\",\r\n          \"destinationPortRange\": \"*\",\r\n          \"sourceAddressPrefix\"\
        : \"VirtualNetwork\",\r\n          \"destinationAddressPrefix\": \"VirtualNetwork\"\
        ,\r\n          \"access\": \"Allow\",\r\n          \"priority\": 65000,\r\n\
        \          \"direction\": \"Outbound\",\r\n          \"sourcePortRanges\"\
        : [],\r\n          \"destinationPortRanges\": [],\r\n          \"sourceAddressPrefixes\"\
        : [],\r\n          \"destinationAddressPrefixes\": []\r\n        }\r\n   \
        \   },\r\n      {\r\n        \"name\": \"AllowInternetOutBound\",\r\n    \
        \    \"id\": \"/subscriptions/00000000-0000-0000-0000-000000000000/resourceGroups/cli_test_nsg/providers/Microsoft.Network/networkSecurityGroups/test-nsg1/defaultSecurityRules/AllowInternetOutBound\"\
        ,\r\n        \"etag\": \"W/\\\"2c0cd9a7-8d39-43bd-96da-bd8ecf957ff9\\\"\"\
        ,\r\n        \"properties\": {\r\n          \"provisioningState\": \"Succeeded\"\
        ,\r\n          \"description\": \"Allow outbound traffic from all VMs to Internet\"\
        ,\r\n          \"protocol\": \"*\",\r\n          \"sourcePortRange\": \"*\"\
        ,\r\n          \"destinationPortRange\": \"*\",\r\n          \"sourceAddressPrefix\"\
        : \"*\",\r\n          \"destinationAddressPrefix\": \"Internet\",\r\n    \
        \      \"access\": \"Allow\",\r\n          \"priority\": 65001,\r\n      \
        \    \"direction\": \"Outbound\",\r\n          \"sourcePortRanges\": [],\r\
        \n          \"destinationPortRanges\": [],\r\n          \"sourceAddressPrefixes\"\
        : [],\r\n          \"destinationAddressPrefixes\": []\r\n        }\r\n   \
        \   },\r\n      {\r\n        \"name\": \"DenyAllOutBound\",\r\n        \"\
        id\": \"/subscriptions/00000000-0000-0000-0000-000000000000/resourceGroups/cli_test_nsg/providers/Microsoft.Network/networkSecurityGroups/test-nsg1/defaultSecurityRules/DenyAllOutBound\"\
        ,\r\n        \"etag\": \"W/\\\"2c0cd9a7-8d39-43bd-96da-bd8ecf957ff9\\\"\"\
        ,\r\n        \"properties\": {\r\n          \"provisioningState\": \"Succeeded\"\
        ,\r\n          \"description\": \"Deny all outbound traffic\",\r\n       \
        \   \"protocol\": \"*\",\r\n          \"sourcePortRange\": \"*\",\r\n    \
        \      \"destinationPortRange\": \"*\",\r\n          \"sourceAddressPrefix\"\
        : \"*\",\r\n          \"destinationAddressPrefix\": \"*\",\r\n          \"\
        access\": \"Deny\",\r\n          \"priority\": 65500,\r\n          \"direction\"\
        : \"Outbound\",\r\n          \"sourcePortRanges\": [],\r\n          \"destinationPortRanges\"\
        : [],\r\n          \"sourceAddressPrefixes\": [],\r\n          \"destinationAddressPrefixes\"\
        : []\r\n        }\r\n      }\r\n    ]\r\n  }\r\n}"}
    headers:
      Cache-Control: [no-cache]
      Content-Type: [application/json; charset=utf-8]
      Date: ['Fri, 25 Aug 2017 22:21:14 GMT']
      ETag: [W/"2c0cd9a7-8d39-43bd-96da-bd8ecf957ff9"]
      Expires: ['-1']
      Pragma: [no-cache]
      Server: [Microsoft-HTTPAPI/2.0, Microsoft-HTTPAPI/2.0]
      Strict-Transport-Security: [max-age=31536000; includeSubDomains]
      Transfer-Encoding: [chunked]
      Vary: [Accept-Encoding]
      content-length: ['6087']
    status: {code: 200, message: OK}
- request:
    body: '{"properties": {"protocol": "*", "direction": "Inbound", "sourceAddressPrefix":
      "789", "access": "Allow", "destinationPortRange": "4444", "destinationAddressPrefix":
      "1234", "priority": 1000, "sourcePortRange": "*"}, "name": "web"}'
    headers:
      Accept: [application/json]
      Accept-Encoding: ['gzip, deflate']
      Connection: [keep-alive]
      Content-Length: ['231']
      Content-Type: [application/json; charset=utf-8]
      User-Agent: [python/3.5.3 (Windows-10-10.0.15063-SP0) requests/2.9.1 msrest/0.4.13
          msrest_azure/0.4.11 networkmanagementclient/1.4.0 Azure-SDK-For-Python AZURECLI/TEST/2.0.13+dev]
      accept-language: [en-US]
      x-ms-client-request-id: [b598af10-89e3-11e7-8ad1-a0b3ccf7272a]
    method: PUT
    uri: https://management.azure.com/subscriptions/00000000-0000-0000-0000-000000000000/resourceGroups/cli_test_nsg/providers/Microsoft.Network/networkSecurityGroups/test-nsg1/securityRules/web?api-version=2017-08-01
  response:
    body: {string: "{\r\n  \"name\": \"web\",\r\n  \"id\": \"/subscriptions/00000000-0000-0000-0000-000000000000/resourceGroups/cli_test_nsg/providers/Microsoft.Network/networkSecurityGroups/test-nsg1/securityRules/web\"\
        ,\r\n  \"etag\": \"W/\\\"5b0f4096-677e-4423-b3f0-fdac06911d07\\\"\",\r\n \
        \ \"properties\": {\r\n    \"provisioningState\": \"Updating\",\r\n    \"\
        protocol\": \"*\",\r\n    \"sourcePortRange\": \"*\",\r\n    \"destinationPortRange\"\
        : \"4444\",\r\n    \"sourceAddressPrefix\": \"789\",\r\n    \"destinationAddressPrefix\"\
        : \"1234\",\r\n    \"access\": \"Allow\",\r\n    \"priority\": 1000,\r\n \
        \   \"direction\": \"Inbound\",\r\n    \"sourcePortRanges\": [],\r\n    \"\
        destinationPortRanges\": [],\r\n    \"sourceAddressPrefixes\": [],\r\n   \
        \ \"destinationAddressPrefixes\": []\r\n  }\r\n}"}
    headers:
      Azure-AsyncOperation: ['https://management.azure.com/subscriptions/0b1f6471-1bf0-4dda-aec3-cb9272f09590/providers/Microsoft.Network/locations/westus/operations/e4d3cdb8-3fc2-43ad-ac83-33dea954df09?api-version=2017-08-01']
      Cache-Control: [no-cache]
      Content-Length: ['692']
      Content-Type: [application/json; charset=utf-8]
      Date: ['Fri, 25 Aug 2017 22:21:15 GMT']
      Expires: ['-1']
      Pragma: [no-cache]
      Retry-After: ['10']
      Server: [Microsoft-HTTPAPI/2.0, Microsoft-HTTPAPI/2.0]
      Strict-Transport-Security: [max-age=31536000; includeSubDomains]
      x-ms-ratelimit-remaining-subscription-writes: ['1197']
    status: {code: 201, message: Created}
- request:
    body: null
    headers:
      Accept: [application/json]
      Accept-Encoding: ['gzip, deflate']
      Connection: [keep-alive]
      Content-Type: [application/json; charset=utf-8]
      User-Agent: [python/3.5.3 (Windows-10-10.0.15063-SP0) requests/2.9.1 msrest/0.4.13
          msrest_azure/0.4.11 networkmanagementclient/1.4.0 Azure-SDK-For-Python AZURECLI/TEST/2.0.13+dev]
      accept-language: [en-US]
      x-ms-client-request-id: [b598af10-89e3-11e7-8ad1-a0b3ccf7272a]
    method: GET
    uri: https://management.azure.com/subscriptions/00000000-0000-0000-0000-000000000000/providers/Microsoft.Network/locations/westus/operations/e4d3cdb8-3fc2-43ad-ac83-33dea954df09?api-version=2017-08-01
  response:
    body: {string: "{\r\n  \"status\": \"Succeeded\"\r\n}"}
    headers:
      Cache-Control: [no-cache]
      Content-Type: [application/json; charset=utf-8]
      Date: ['Fri, 25 Aug 2017 22:21:25 GMT']
      Expires: ['-1']
      Pragma: [no-cache]
      Server: [Microsoft-HTTPAPI/2.0, Microsoft-HTTPAPI/2.0]
      Strict-Transport-Security: [max-age=31536000; includeSubDomains]
      Transfer-Encoding: [chunked]
      Vary: [Accept-Encoding]
      content-length: ['29']
    status: {code: 200, message: OK}
- request:
    body: null
    headers:
      Accept: [application/json]
      Accept-Encoding: ['gzip, deflate']
      Connection: [keep-alive]
      Content-Type: [application/json; charset=utf-8]
      User-Agent: [python/3.5.3 (Windows-10-10.0.15063-SP0) requests/2.9.1 msrest/0.4.13
          msrest_azure/0.4.11 networkmanagementclient/1.4.0 Azure-SDK-For-Python AZURECLI/TEST/2.0.13+dev]
      accept-language: [en-US]
      x-ms-client-request-id: [b598af10-89e3-11e7-8ad1-a0b3ccf7272a]
    method: GET
    uri: https://management.azure.com/subscriptions/00000000-0000-0000-0000-000000000000/resourceGroups/cli_test_nsg/providers/Microsoft.Network/networkSecurityGroups/test-nsg1/securityRules/web?api-version=2017-08-01
  response:
    body: {string: "{\r\n  \"name\": \"web\",\r\n  \"id\": \"/subscriptions/00000000-0000-0000-0000-000000000000/resourceGroups/cli_test_nsg/providers/Microsoft.Network/networkSecurityGroups/test-nsg1/securityRules/web\"\
        ,\r\n  \"etag\": \"W/\\\"a05f0aa1-5870-4222-b872-4f4106f927d0\\\"\",\r\n \
        \ \"properties\": {\r\n    \"provisioningState\": \"Succeeded\",\r\n    \"\
        protocol\": \"*\",\r\n    \"sourcePortRange\": \"*\",\r\n    \"destinationPortRange\"\
        : \"4444\",\r\n    \"sourceAddressPrefix\": \"789\",\r\n    \"destinationAddressPrefix\"\
        : \"1234\",\r\n    \"access\": \"Allow\",\r\n    \"priority\": 1000,\r\n \
        \   \"direction\": \"Inbound\",\r\n    \"sourcePortRanges\": [],\r\n    \"\
        destinationPortRanges\": [],\r\n    \"sourceAddressPrefixes\": [],\r\n   \
        \ \"destinationAddressPrefixes\": []\r\n  }\r\n}"}
    headers:
      Cache-Control: [no-cache]
      Content-Type: [application/json; charset=utf-8]
      Date: ['Fri, 25 Aug 2017 22:21:25 GMT']
      ETag: [W/"a05f0aa1-5870-4222-b872-4f4106f927d0"]
      Expires: ['-1']
      Pragma: [no-cache]
      Server: [Microsoft-HTTPAPI/2.0, Microsoft-HTTPAPI/2.0]
      Strict-Transport-Security: [max-age=31536000; includeSubDomains]
      Transfer-Encoding: [chunked]
      Vary: [Accept-Encoding]
      content-length: ['693']
    status: {code: 200, message: OK}
- request:
    body: null
    headers:
      Accept: [application/json]
      Accept-Encoding: ['gzip, deflate']
      Connection: [keep-alive]
      Content-Type: [application/json; charset=utf-8]
      User-Agent: [python/3.5.3 (Windows-10-10.0.15063-SP0) requests/2.9.1 msrest/0.4.13
          msrest_azure/0.4.11 networkmanagementclient/1.4.0 Azure-SDK-For-Python AZURECLI/TEST/2.0.13+dev]
      accept-language: [en-US]
      x-ms-client-request-id: [bc776f70-89e3-11e7-9241-a0b3ccf7272a]
    method: GET
    uri: https://management.azure.com/subscriptions/00000000-0000-0000-0000-000000000000/providers/Microsoft.Network/networkSecurityGroups?api-version=2017-08-01
  response:
    body: {string: '{"value":[{"name":"vm1NSG","id":"/subscriptions/00000000-0000-0000-0000-000000000000/resourceGroups/clitest.rgtzoojkkacvjflzzoixi3r2sru3gdtdxqdf372kytvxh6hup2zqslh7c5hoosp2psg/providers/Microsoft.Network/networkSecurityGroups/vm1NSG","etag":"W/\"be2ee813-301a-4e98-a6ce-8cd2518bf7d1\"","type":"Microsoft.Network/networkSecurityGroups","location":"westus","tags":{},"properties":{"provisioningState":"Succeeded","resourceGuid":"d1c36907-805a-490e-9dd5-9329a081c09d","securityRules":[{"name":"default-allow-ssh","id":"/subscriptions/00000000-0000-0000-0000-000000000000/resourceGroups/clitest.rgtzoojkkacvjflzzoixi3r2sru3gdtdxqdf372kytvxh6hup2zqslh7c5hoosp2psg/providers/Microsoft.Network/networkSecurityGroups/vm1NSG/securityRules/default-allow-ssh","etag":"W/\"be2ee813-301a-4e98-a6ce-8cd2518bf7d1\"","properties":{"provisioningState":"Succeeded","protocol":"Tcp","sourcePortRange":"*","destinationPortRange":"22","sourceAddressPrefix":"*","destinationAddressPrefix":"*","access":"Allow","priority":1000,"direction":"Inbound","sourcePortRanges":[],"destinationPortRanges":[],"sourceAddressPrefixes":[],"destinationAddressPrefixes":[]}}],"defaultSecurityRules":[{"name":"AllowVnetInBound","id":"/subscriptions/00000000-0000-0000-0000-000000000000/resourceGroups/clitest.rgtzoojkkacvjflzzoixi3r2sru3gdtdxqdf372kytvxh6hup2zqslh7c5hoosp2psg/providers/Microsoft.Network/networkSecurityGroups/vm1NSG/defaultSecurityRules/AllowVnetInBound","etag":"W/\"be2ee813-301a-4e98-a6ce-8cd2518bf7d1\"","properties":{"provisioningState":"Succeeded","description":"Allow
        inbound traffic from all VMs in VNET","protocol":"*","sourcePortRange":"*","destinationPortRange":"*","sourceAddressPrefix":"VirtualNetwork","destinationAddressPrefix":"VirtualNetwork","access":"Allow","priority":65000,"direction":"Inbound","sourcePortRanges":[],"destinationPortRanges":[],"sourceAddressPrefixes":[],"destinationAddressPrefixes":[]}},{"name":"AllowAzureLoadBalancerInBound","id":"/subscriptions/00000000-0000-0000-0000-000000000000/resourceGroups/clitest.rgtzoojkkacvjflzzoixi3r2sru3gdtdxqdf372kytvxh6hup2zqslh7c5hoosp2psg/providers/Microsoft.Network/networkSecurityGroups/vm1NSG/defaultSecurityRules/AllowAzureLoadBalancerInBound","etag":"W/\"be2ee813-301a-4e98-a6ce-8cd2518bf7d1\"","properties":{"provisioningState":"Succeeded","description":"Allow
        inbound traffic from azure load balancer","protocol":"*","sourcePortRange":"*","destinationPortRange":"*","sourceAddressPrefix":"AzureLoadBalancer","destinationAddressPrefix":"*","access":"Allow","priority":65001,"direction":"Inbound","sourcePortRanges":[],"destinationPortRanges":[],"sourceAddressPrefixes":[],"destinationAddressPrefixes":[]}},{"name":"DenyAllInBound","id":"/subscriptions/00000000-0000-0000-0000-000000000000/resourceGroups/clitest.rgtzoojkkacvjflzzoixi3r2sru3gdtdxqdf372kytvxh6hup2zqslh7c5hoosp2psg/providers/Microsoft.Network/networkSecurityGroups/vm1NSG/defaultSecurityRules/DenyAllInBound","etag":"W/\"be2ee813-301a-4e98-a6ce-8cd2518bf7d1\"","properties":{"provisioningState":"Succeeded","description":"Deny
        all inbound traffic","protocol":"*","sourcePortRange":"*","destinationPortRange":"*","sourceAddressPrefix":"*","destinationAddressPrefix":"*","access":"Deny","priority":65500,"direction":"Inbound","sourcePortRanges":[],"destinationPortRanges":[],"sourceAddressPrefixes":[],"destinationAddressPrefixes":[]}},{"name":"AllowVnetOutBound","id":"/subscriptions/00000000-0000-0000-0000-000000000000/resourceGroups/clitest.rgtzoojkkacvjflzzoixi3r2sru3gdtdxqdf372kytvxh6hup2zqslh7c5hoosp2psg/providers/Microsoft.Network/networkSecurityGroups/vm1NSG/defaultSecurityRules/AllowVnetOutBound","etag":"W/\"be2ee813-301a-4e98-a6ce-8cd2518bf7d1\"","properties":{"provisioningState":"Succeeded","description":"Allow
        outbound traffic from all VMs to all VMs in VNET","protocol":"*","sourcePortRange":"*","destinationPortRange":"*","sourceAddressPrefix":"VirtualNetwork","destinationAddressPrefix":"VirtualNetwork","access":"Allow","priority":65000,"direction":"Outbound","sourcePortRanges":[],"destinationPortRanges":[],"sourceAddressPrefixes":[],"destinationAddressPrefixes":[]}},{"name":"AllowInternetOutBound","id":"/subscriptions/00000000-0000-0000-0000-000000000000/resourceGroups/clitest.rgtzoojkkacvjflzzoixi3r2sru3gdtdxqdf372kytvxh6hup2zqslh7c5hoosp2psg/providers/Microsoft.Network/networkSecurityGroups/vm1NSG/defaultSecurityRules/AllowInternetOutBound","etag":"W/\"be2ee813-301a-4e98-a6ce-8cd2518bf7d1\"","properties":{"provisioningState":"Succeeded","description":"Allow
        outbound traffic from all VMs to Internet","protocol":"*","sourcePortRange":"*","destinationPortRange":"*","sourceAddressPrefix":"*","destinationAddressPrefix":"Internet","access":"Allow","priority":65001,"direction":"Outbound","sourcePortRanges":[],"destinationPortRanges":[],"sourceAddressPrefixes":[],"destinationAddressPrefixes":[]}},{"name":"DenyAllOutBound","id":"/subscriptions/00000000-0000-0000-0000-000000000000/resourceGroups/clitest.rgtzoojkkacvjflzzoixi3r2sru3gdtdxqdf372kytvxh6hup2zqslh7c5hoosp2psg/providers/Microsoft.Network/networkSecurityGroups/vm1NSG/defaultSecurityRules/DenyAllOutBound","etag":"W/\"be2ee813-301a-4e98-a6ce-8cd2518bf7d1\"","properties":{"provisioningState":"Succeeded","description":"Deny
        all outbound traffic","protocol":"*","sourcePortRange":"*","destinationPortRange":"*","sourceAddressPrefix":"*","destinationAddressPrefix":"*","access":"Deny","priority":65500,"direction":"Outbound","sourcePortRanges":[],"destinationPortRanges":[],"sourceAddressPrefixes":[],"destinationAddressPrefixes":[]}}],"networkInterfaces":[{"id":"/subscriptions/00000000-0000-0000-0000-000000000000/resourceGroups/clitest.rgtzoojkkacvjflzzoixi3r2sru3gdtdxqdf372kytvxh6hup2zqslh7c5hoosp2psg/providers/Microsoft.Network/networkInterfaces/vm1VMNic"}]}},{"name":"vm2NSG","id":"/subscriptions/00000000-0000-0000-0000-000000000000/resourceGroups/clitest.rgtzoojkkacvjflzzoixi3r2sru3gdtdxqdf372kytvxh6hup2zqslh7c5hoosp2psg/providers/Microsoft.Network/networkSecurityGroups/vm2NSG","etag":"W/\"6409bcdf-def4-4cc1-9ed8-9a1898b1c785\"","type":"Microsoft.Network/networkSecurityGroups","location":"westus","tags":{},"properties":{"provisioningState":"Succeeded","resourceGuid":"f2812784-fd0a-4f01-8034-ecdc1533f83e","securityRules":[{"name":"default-allow-ssh","id":"/subscriptions/00000000-0000-0000-0000-000000000000/resourceGroups/clitest.rgtzoojkkacvjflzzoixi3r2sru3gdtdxqdf372kytvxh6hup2zqslh7c5hoosp2psg/providers/Microsoft.Network/networkSecurityGroups/vm2NSG/securityRules/default-allow-ssh","etag":"W/\"6409bcdf-def4-4cc1-9ed8-9a1898b1c785\"","properties":{"provisioningState":"Succeeded","protocol":"Tcp","sourcePortRange":"*","destinationPortRange":"22","sourceAddressPrefix":"*","destinationAddressPrefix":"*","access":"Allow","priority":1000,"direction":"Inbound","sourcePortRanges":[],"destinationPortRanges":[],"sourceAddressPrefixes":[],"destinationAddressPrefixes":[]}}],"defaultSecurityRules":[{"name":"AllowVnetInBound","id":"/subscriptions/00000000-0000-0000-0000-000000000000/resourceGroups/clitest.rgtzoojkkacvjflzzoixi3r2sru3gdtdxqdf372kytvxh6hup2zqslh7c5hoosp2psg/providers/Microsoft.Network/networkSecurityGroups/vm2NSG/defaultSecurityRules/AllowVnetInBound","etag":"W/\"6409bcdf-def4-4cc1-9ed8-9a1898b1c785\"","properties":{"provisioningState":"Succeeded","description":"Allow
        inbound traffic from all VMs in VNET","protocol":"*","sourcePortRange":"*","destinationPortRange":"*","sourceAddressPrefix":"VirtualNetwork","destinationAddressPrefix":"VirtualNetwork","access":"Allow","priority":65000,"direction":"Inbound","sourcePortRanges":[],"destinationPortRanges":[],"sourceAddressPrefixes":[],"destinationAddressPrefixes":[]}},{"name":"AllowAzureLoadBalancerInBound","id":"/subscriptions/00000000-0000-0000-0000-000000000000/resourceGroups/clitest.rgtzoojkkacvjflzzoixi3r2sru3gdtdxqdf372kytvxh6hup2zqslh7c5hoosp2psg/providers/Microsoft.Network/networkSecurityGroups/vm2NSG/defaultSecurityRules/AllowAzureLoadBalancerInBound","etag":"W/\"6409bcdf-def4-4cc1-9ed8-9a1898b1c785\"","properties":{"provisioningState":"Succeeded","description":"Allow
        inbound traffic from azure load balancer","protocol":"*","sourcePortRange":"*","destinationPortRange":"*","sourceAddressPrefix":"AzureLoadBalancer","destinationAddressPrefix":"*","access":"Allow","priority":65001,"direction":"Inbound","sourcePortRanges":[],"destinationPortRanges":[],"sourceAddressPrefixes":[],"destinationAddressPrefixes":[]}},{"name":"DenyAllInBound","id":"/subscriptions/00000000-0000-0000-0000-000000000000/resourceGroups/clitest.rgtzoojkkacvjflzzoixi3r2sru3gdtdxqdf372kytvxh6hup2zqslh7c5hoosp2psg/providers/Microsoft.Network/networkSecurityGroups/vm2NSG/defaultSecurityRules/DenyAllInBound","etag":"W/\"6409bcdf-def4-4cc1-9ed8-9a1898b1c785\"","properties":{"provisioningState":"Succeeded","description":"Deny
        all inbound traffic","protocol":"*","sourcePortRange":"*","destinationPortRange":"*","sourceAddressPrefix":"*","destinationAddressPrefix":"*","access":"Deny","priority":65500,"direction":"Inbound","sourcePortRanges":[],"destinationPortRanges":[],"sourceAddressPrefixes":[],"destinationAddressPrefixes":[]}},{"name":"AllowVnetOutBound","id":"/subscriptions/00000000-0000-0000-0000-000000000000/resourceGroups/clitest.rgtzoojkkacvjflzzoixi3r2sru3gdtdxqdf372kytvxh6hup2zqslh7c5hoosp2psg/providers/Microsoft.Network/networkSecurityGroups/vm2NSG/defaultSecurityRules/AllowVnetOutBound","etag":"W/\"6409bcdf-def4-4cc1-9ed8-9a1898b1c785\"","properties":{"provisioningState":"Succeeded","description":"Allow
        outbound traffic from all VMs to all VMs in VNET","protocol":"*","sourcePortRange":"*","destinationPortRange":"*","sourceAddressPrefix":"VirtualNetwork","destinationAddressPrefix":"VirtualNetwork","access":"Allow","priority":65000,"direction":"Outbound","sourcePortRanges":[],"destinationPortRanges":[],"sourceAddressPrefixes":[],"destinationAddressPrefixes":[]}},{"name":"AllowInternetOutBound","id":"/subscriptions/00000000-0000-0000-0000-000000000000/resourceGroups/clitest.rgtzoojkkacvjflzzoixi3r2sru3gdtdxqdf372kytvxh6hup2zqslh7c5hoosp2psg/providers/Microsoft.Network/networkSecurityGroups/vm2NSG/defaultSecurityRules/AllowInternetOutBound","etag":"W/\"6409bcdf-def4-4cc1-9ed8-9a1898b1c785\"","properties":{"provisioningState":"Succeeded","description":"Allow
        outbound traffic from all VMs to Internet","protocol":"*","sourcePortRange":"*","destinationPortRange":"*","sourceAddressPrefix":"*","destinationAddressPrefix":"Internet","access":"Allow","priority":65001,"direction":"Outbound","sourcePortRanges":[],"destinationPortRanges":[],"sourceAddressPrefixes":[],"destinationAddressPrefixes":[]}},{"name":"DenyAllOutBound","id":"/subscriptions/00000000-0000-0000-0000-000000000000/resourceGroups/clitest.rgtzoojkkacvjflzzoixi3r2sru3gdtdxqdf372kytvxh6hup2zqslh7c5hoosp2psg/providers/Microsoft.Network/networkSecurityGroups/vm2NSG/defaultSecurityRules/DenyAllOutBound","etag":"W/\"6409bcdf-def4-4cc1-9ed8-9a1898b1c785\"","properties":{"provisioningState":"Succeeded","description":"Deny
        all outbound traffic","protocol":"*","sourcePortRange":"*","destinationPortRange":"*","sourceAddressPrefix":"*","destinationAddressPrefix":"*","access":"Deny","priority":65500,"direction":"Outbound","sourcePortRanges":[],"destinationPortRanges":[],"sourceAddressPrefixes":[],"destinationAddressPrefixes":[]}}],"networkInterfaces":[{"id":"/subscriptions/00000000-0000-0000-0000-000000000000/resourceGroups/clitest.rgtzoojkkacvjflzzoixi3r2sru3gdtdxqdf372kytvxh6hup2zqslh7c5hoosp2psg/providers/Microsoft.Network/networkInterfaces/vm2VMNic"}]}},{"name":"vm-nameNSG","id":"/subscriptions/00000000-0000-0000-0000-000000000000/resourceGroups/clitest.rgxqkn4yz77jq3hchrb244hbb7x73rbrvnqclljjudq72gz4bdghtzhlye25qkygjts/providers/Microsoft.Network/networkSecurityGroups/vm-nameNSG","etag":"W/\"211031fe-2bbf-4a83-98c9-6bdce89dfe38\"","type":"Microsoft.Network/networkSecurityGroups","location":"westus","tags":{},"properties":{"provisioningState":"Succeeded","resourceGuid":"42204a65-fb1e-41c6-9cdb-18fbd5f3e16f","securityRules":[{"name":"rdp","id":"/subscriptions/00000000-0000-0000-0000-000000000000/resourceGroups/clitest.rgxqkn4yz77jq3hchrb244hbb7x73rbrvnqclljjudq72gz4bdghtzhlye25qkygjts/providers/Microsoft.Network/networkSecurityGroups/vm-nameNSG/securityRules/rdp","etag":"W/\"211031fe-2bbf-4a83-98c9-6bdce89dfe38\"","properties":{"provisioningState":"Succeeded","protocol":"Tcp","sourcePortRange":"*","destinationPortRange":"3389","sourceAddressPrefix":"*","destinationAddressPrefix":"*","access":"Allow","priority":1000,"direction":"Inbound","sourcePortRanges":[],"destinationPortRanges":[],"sourceAddressPrefixes":[],"destinationAddressPrefixes":[]}}],"defaultSecurityRules":[{"name":"AllowVnetInBound","id":"/subscriptions/00000000-0000-0000-0000-000000000000/resourceGroups/clitest.rgxqkn4yz77jq3hchrb244hbb7x73rbrvnqclljjudq72gz4bdghtzhlye25qkygjts/providers/Microsoft.Network/networkSecurityGroups/vm-nameNSG/defaultSecurityRules/AllowVnetInBound","etag":"W/\"211031fe-2bbf-4a83-98c9-6bdce89dfe38\"","properties":{"provisioningState":"Succeeded","description":"Allow
        inbound traffic from all VMs in VNET","protocol":"*","sourcePortRange":"*","destinationPortRange":"*","sourceAddressPrefix":"VirtualNetwork","destinationAddressPrefix":"VirtualNetwork","access":"Allow","priority":65000,"direction":"Inbound","sourcePortRanges":[],"destinationPortRanges":[],"sourceAddressPrefixes":[],"destinationAddressPrefixes":[]}},{"name":"AllowAzureLoadBalancerInBound","id":"/subscriptions/00000000-0000-0000-0000-000000000000/resourceGroups/clitest.rgxqkn4yz77jq3hchrb244hbb7x73rbrvnqclljjudq72gz4bdghtzhlye25qkygjts/providers/Microsoft.Network/networkSecurityGroups/vm-nameNSG/defaultSecurityRules/AllowAzureLoadBalancerInBound","etag":"W/\"211031fe-2bbf-4a83-98c9-6bdce89dfe38\"","properties":{"provisioningState":"Succeeded","description":"Allow
        inbound traffic from azure load balancer","protocol":"*","sourcePortRange":"*","destinationPortRange":"*","sourceAddressPrefix":"AzureLoadBalancer","destinationAddressPrefix":"*","access":"Allow","priority":65001,"direction":"Inbound","sourcePortRanges":[],"destinationPortRanges":[],"sourceAddressPrefixes":[],"destinationAddressPrefixes":[]}},{"name":"DenyAllInBound","id":"/subscriptions/00000000-0000-0000-0000-000000000000/resourceGroups/clitest.rgxqkn4yz77jq3hchrb244hbb7x73rbrvnqclljjudq72gz4bdghtzhlye25qkygjts/providers/Microsoft.Network/networkSecurityGroups/vm-nameNSG/defaultSecurityRules/DenyAllInBound","etag":"W/\"211031fe-2bbf-4a83-98c9-6bdce89dfe38\"","properties":{"provisioningState":"Succeeded","description":"Deny
        all inbound traffic","protocol":"*","sourcePortRange":"*","destinationPortRange":"*","sourceAddressPrefix":"*","destinationAddressPrefix":"*","access":"Deny","priority":65500,"direction":"Inbound","sourcePortRanges":[],"destinationPortRanges":[],"sourceAddressPrefixes":[],"destinationAddressPrefixes":[]}},{"name":"AllowVnetOutBound","id":"/subscriptions/00000000-0000-0000-0000-000000000000/resourceGroups/clitest.rgxqkn4yz77jq3hchrb244hbb7x73rbrvnqclljjudq72gz4bdghtzhlye25qkygjts/providers/Microsoft.Network/networkSecurityGroups/vm-nameNSG/defaultSecurityRules/AllowVnetOutBound","etag":"W/\"211031fe-2bbf-4a83-98c9-6bdce89dfe38\"","properties":{"provisioningState":"Succeeded","description":"Allow
        outbound traffic from all VMs to all VMs in VNET","protocol":"*","sourcePortRange":"*","destinationPortRange":"*","sourceAddressPrefix":"VirtualNetwork","destinationAddressPrefix":"VirtualNetwork","access":"Allow","priority":65000,"direction":"Outbound","sourcePortRanges":[],"destinationPortRanges":[],"sourceAddressPrefixes":[],"destinationAddressPrefixes":[]}},{"name":"AllowInternetOutBound","id":"/subscriptions/00000000-0000-0000-0000-000000000000/resourceGroups/clitest.rgxqkn4yz77jq3hchrb244hbb7x73rbrvnqclljjudq72gz4bdghtzhlye25qkygjts/providers/Microsoft.Network/networkSecurityGroups/vm-nameNSG/defaultSecurityRules/AllowInternetOutBound","etag":"W/\"211031fe-2bbf-4a83-98c9-6bdce89dfe38\"","properties":{"provisioningState":"Succeeded","description":"Allow
        outbound traffic from all VMs to Internet","protocol":"*","sourcePortRange":"*","destinationPortRange":"*","sourceAddressPrefix":"*","destinationAddressPrefix":"Internet","access":"Allow","priority":65001,"direction":"Outbound","sourcePortRanges":[],"destinationPortRanges":[],"sourceAddressPrefixes":[],"destinationAddressPrefixes":[]}},{"name":"DenyAllOutBound","id":"/subscriptions/00000000-0000-0000-0000-000000000000/resourceGroups/clitest.rgxqkn4yz77jq3hchrb244hbb7x73rbrvnqclljjudq72gz4bdghtzhlye25qkygjts/providers/Microsoft.Network/networkSecurityGroups/vm-nameNSG/defaultSecurityRules/DenyAllOutBound","etag":"W/\"211031fe-2bbf-4a83-98c9-6bdce89dfe38\"","properties":{"provisioningState":"Succeeded","description":"Deny
        all outbound traffic","protocol":"*","sourcePortRange":"*","destinationPortRange":"*","sourceAddressPrefix":"*","destinationAddressPrefix":"*","access":"Deny","priority":65500,"direction":"Outbound","sourcePortRanges":[],"destinationPortRanges":[],"sourceAddressPrefixes":[],"destinationAddressPrefixes":[]}}],"networkInterfaces":[{"id":"/subscriptions/00000000-0000-0000-0000-000000000000/resourceGroups/clitest.rgxqkn4yz77jq3hchrb244hbb7x73rbrvnqclljjudq72gz4bdghtzhlye25qkygjts/providers/Microsoft.Network/networkInterfaces/vm-nameVMNic"}]}},{"name":"test-nsg1","id":"/subscriptions/00000000-0000-0000-0000-000000000000/resourceGroups/cli_test_nsg/providers/Microsoft.Network/networkSecurityGroups/test-nsg1","etag":"W/\"a05f0aa1-5870-4222-b872-4f4106f927d0\"","type":"Microsoft.Network/networkSecurityGroups","location":"westus","properties":{"provisioningState":"Succeeded","resourceGuid":"c7111776-409f-46a6-8214-57aaceebf77e","securityRules":[{"name":"web","id":"/subscriptions/00000000-0000-0000-0000-000000000000/resourceGroups/cli_test_nsg/providers/Microsoft.Network/networkSecurityGroups/test-nsg1/securityRules/web","etag":"W/\"a05f0aa1-5870-4222-b872-4f4106f927d0\"","properties":{"provisioningState":"Succeeded","protocol":"*","sourcePortRange":"*","destinationPortRange":"4444","sourceAddressPrefix":"789","destinationAddressPrefix":"1234","access":"Allow","priority":1000,"direction":"Inbound","sourcePortRanges":[],"destinationPortRanges":[],"sourceAddressPrefixes":[],"destinationAddressPrefixes":[]}}],"defaultSecurityRules":[{"name":"AllowVnetInBound","id":"/subscriptions/00000000-0000-0000-0000-000000000000/resourceGroups/cli_test_nsg/providers/Microsoft.Network/networkSecurityGroups/test-nsg1/defaultSecurityRules/AllowVnetInBound","etag":"W/\"a05f0aa1-5870-4222-b872-4f4106f927d0\"","properties":{"provisioningState":"Succeeded","description":"Allow
        inbound traffic from all VMs in VNET","protocol":"*","sourcePortRange":"*","destinationPortRange":"*","sourceAddressPrefix":"VirtualNetwork","destinationAddressPrefix":"VirtualNetwork","access":"Allow","priority":65000,"direction":"Inbound","sourcePortRanges":[],"destinationPortRanges":[],"sourceAddressPrefixes":[],"destinationAddressPrefixes":[]}},{"name":"AllowAzureLoadBalancerInBound","id":"/subscriptions/00000000-0000-0000-0000-000000000000/resourceGroups/cli_test_nsg/providers/Microsoft.Network/networkSecurityGroups/test-nsg1/defaultSecurityRules/AllowAzureLoadBalancerInBound","etag":"W/\"a05f0aa1-5870-4222-b872-4f4106f927d0\"","properties":{"provisioningState":"Succeeded","description":"Allow
        inbound traffic from azure load balancer","protocol":"*","sourcePortRange":"*","destinationPortRange":"*","sourceAddressPrefix":"AzureLoadBalancer","destinationAddressPrefix":"*","access":"Allow","priority":65001,"direction":"Inbound","sourcePortRanges":[],"destinationPortRanges":[],"sourceAddressPrefixes":[],"destinationAddressPrefixes":[]}},{"name":"DenyAllInBound","id":"/subscriptions/00000000-0000-0000-0000-000000000000/resourceGroups/cli_test_nsg/providers/Microsoft.Network/networkSecurityGroups/test-nsg1/defaultSecurityRules/DenyAllInBound","etag":"W/\"a05f0aa1-5870-4222-b872-4f4106f927d0\"","properties":{"provisioningState":"Succeeded","description":"Deny
        all inbound traffic","protocol":"*","sourcePortRange":"*","destinationPortRange":"*","sourceAddressPrefix":"*","destinationAddressPrefix":"*","access":"Deny","priority":65500,"direction":"Inbound","sourcePortRanges":[],"destinationPortRanges":[],"sourceAddressPrefixes":[],"destinationAddressPrefixes":[]}},{"name":"AllowVnetOutBound","id":"/subscriptions/00000000-0000-0000-0000-000000000000/resourceGroups/cli_test_nsg/providers/Microsoft.Network/networkSecurityGroups/test-nsg1/defaultSecurityRules/AllowVnetOutBound","etag":"W/\"a05f0aa1-5870-4222-b872-4f4106f927d0\"","properties":{"provisioningState":"Succeeded","description":"Allow
        outbound traffic from all VMs to all VMs in VNET","protocol":"*","sourcePortRange":"*","destinationPortRange":"*","sourceAddressPrefix":"VirtualNetwork","destinationAddressPrefix":"VirtualNetwork","access":"Allow","priority":65000,"direction":"Outbound","sourcePortRanges":[],"destinationPortRanges":[],"sourceAddressPrefixes":[],"destinationAddressPrefixes":[]}},{"name":"AllowInternetOutBound","id":"/subscriptions/00000000-0000-0000-0000-000000000000/resourceGroups/cli_test_nsg/providers/Microsoft.Network/networkSecurityGroups/test-nsg1/defaultSecurityRules/AllowInternetOutBound","etag":"W/\"a05f0aa1-5870-4222-b872-4f4106f927d0\"","properties":{"provisioningState":"Succeeded","description":"Allow
        outbound traffic from all VMs to Internet","protocol":"*","sourcePortRange":"*","destinationPortRange":"*","sourceAddressPrefix":"*","destinationAddressPrefix":"Internet","access":"Allow","priority":65001,"direction":"Outbound","sourcePortRanges":[],"destinationPortRanges":[],"sourceAddressPrefixes":[],"destinationAddressPrefixes":[]}},{"name":"DenyAllOutBound","id":"/subscriptions/00000000-0000-0000-0000-000000000000/resourceGroups/cli_test_nsg/providers/Microsoft.Network/networkSecurityGroups/test-nsg1/defaultSecurityRules/DenyAllOutBound","etag":"W/\"a05f0aa1-5870-4222-b872-4f4106f927d0\"","properties":{"provisioningState":"Succeeded","description":"Deny
        all outbound traffic","protocol":"*","sourcePortRange":"*","destinationPortRange":"*","sourceAddressPrefix":"*","destinationAddressPrefix":"*","access":"Deny","priority":65500,"direction":"Outbound","sourcePortRanges":[],"destinationPortRanges":[],"sourceAddressPrefixes":[],"destinationAddressPrefixes":[]}}]}},{"name":"myvm1NSG","id":"/subscriptions/00000000-0000-0000-0000-000000000000/resourceGroups/debekoe1/providers/Microsoft.Network/networkSecurityGroups/myvm1NSG","etag":"W/\"f7c91e62-1f49-448f-851d-caedef61af15\"","type":"Microsoft.Network/networkSecurityGroups","location":"westus","tags":{},"properties":{"provisioningState":"Succeeded","resourceGuid":"2f51c9a4-9af2-4d82-a865-d78573b83c2a","securityRules":[{"name":"default-allow-ssh","id":"/subscriptions/00000000-0000-0000-0000-000000000000/resourceGroups/debekoe1/providers/Microsoft.Network/networkSecurityGroups/myvm1NSG/securityRules/default-allow-ssh","etag":"W/\"f7c91e62-1f49-448f-851d-caedef61af15\"","properties":{"provisioningState":"Succeeded","protocol":"Tcp","sourcePortRange":"*","destinationPortRange":"22","sourceAddressPrefix":"*","destinationAddressPrefix":"*","access":"Allow","priority":1000,"direction":"Inbound","sourcePortRanges":[],"destinationPortRanges":[],"sourceAddressPrefixes":[],"destinationAddressPrefixes":[]}}],"defaultSecurityRules":[{"name":"AllowVnetInBound","id":"/subscriptions/00000000-0000-0000-0000-000000000000/resourceGroups/debekoe1/providers/Microsoft.Network/networkSecurityGroups/myvm1NSG/defaultSecurityRules/AllowVnetInBound","etag":"W/\"f7c91e62-1f49-448f-851d-caedef61af15\"","properties":{"provisioningState":"Succeeded","description":"Allow
        inbound traffic from all VMs in VNET","protocol":"*","sourcePortRange":"*","destinationPortRange":"*","sourceAddressPrefix":"VirtualNetwork","destinationAddressPrefix":"VirtualNetwork","access":"Allow","priority":65000,"direction":"Inbound","sourcePortRanges":[],"destinationPortRanges":[],"sourceAddressPrefixes":[],"destinationAddressPrefixes":[]}},{"name":"AllowAzureLoadBalancerInBound","id":"/subscriptions/00000000-0000-0000-0000-000000000000/resourceGroups/debekoe1/providers/Microsoft.Network/networkSecurityGroups/myvm1NSG/defaultSecurityRules/AllowAzureLoadBalancerInBound","etag":"W/\"f7c91e62-1f49-448f-851d-caedef61af15\"","properties":{"provisioningState":"Succeeded","description":"Allow
        inbound traffic from azure load balancer","protocol":"*","sourcePortRange":"*","destinationPortRange":"*","sourceAddressPrefix":"AzureLoadBalancer","destinationAddressPrefix":"*","access":"Allow","priority":65001,"direction":"Inbound","sourcePortRanges":[],"destinationPortRanges":[],"sourceAddressPrefixes":[],"destinationAddressPrefixes":[]}},{"name":"DenyAllInBound","id":"/subscriptions/00000000-0000-0000-0000-000000000000/resourceGroups/debekoe1/providers/Microsoft.Network/networkSecurityGroups/myvm1NSG/defaultSecurityRules/DenyAllInBound","etag":"W/\"f7c91e62-1f49-448f-851d-caedef61af15\"","properties":{"provisioningState":"Succeeded","description":"Deny
        all inbound traffic","protocol":"*","sourcePortRange":"*","destinationPortRange":"*","sourceAddressPrefix":"*","destinationAddressPrefix":"*","access":"Deny","priority":65500,"direction":"Inbound","sourcePortRanges":[],"destinationPortRanges":[],"sourceAddressPrefixes":[],"destinationAddressPrefixes":[]}},{"name":"AllowVnetOutBound","id":"/subscriptions/00000000-0000-0000-0000-000000000000/resourceGroups/debekoe1/providers/Microsoft.Network/networkSecurityGroups/myvm1NSG/defaultSecurityRules/AllowVnetOutBound","etag":"W/\"f7c91e62-1f49-448f-851d-caedef61af15\"","properties":{"provisioningState":"Succeeded","description":"Allow
        outbound traffic from all VMs to all VMs in VNET","protocol":"*","sourcePortRange":"*","destinationPortRange":"*","sourceAddressPrefix":"VirtualNetwork","destinationAddressPrefix":"VirtualNetwork","access":"Allow","priority":65000,"direction":"Outbound","sourcePortRanges":[],"destinationPortRanges":[],"sourceAddressPrefixes":[],"destinationAddressPrefixes":[]}},{"name":"AllowInternetOutBound","id":"/subscriptions/00000000-0000-0000-0000-000000000000/resourceGroups/debekoe1/providers/Microsoft.Network/networkSecurityGroups/myvm1NSG/defaultSecurityRules/AllowInternetOutBound","etag":"W/\"f7c91e62-1f49-448f-851d-caedef61af15\"","properties":{"provisioningState":"Succeeded","description":"Allow
        outbound traffic from all VMs to Internet","protocol":"*","sourcePortRange":"*","destinationPortRange":"*","sourceAddressPrefix":"*","destinationAddressPrefix":"Internet","access":"Allow","priority":65001,"direction":"Outbound","sourcePortRanges":[],"destinationPortRanges":[],"sourceAddressPrefixes":[],"destinationAddressPrefixes":[]}},{"name":"DenyAllOutBound","id":"/subscriptions/00000000-0000-0000-0000-000000000000/resourceGroups/debekoe1/providers/Microsoft.Network/networkSecurityGroups/myvm1NSG/defaultSecurityRules/DenyAllOutBound","etag":"W/\"f7c91e62-1f49-448f-851d-caedef61af15\"","properties":{"provisioningState":"Succeeded","description":"Deny
        all outbound traffic","protocol":"*","sourcePortRange":"*","destinationPortRange":"*","sourceAddressPrefix":"*","destinationAddressPrefix":"*","access":"Deny","priority":65500,"direction":"Outbound","sourcePortRanges":[],"destinationPortRanges":[],"sourceAddressPrefixes":[],"destinationAddressPrefixes":[]}}],"networkInterfaces":[{"id":"/subscriptions/00000000-0000-0000-0000-000000000000/resourceGroups/debekoe1/providers/Microsoft.Network/networkInterfaces/myvm1VMNic"}]}},{"name":"sdk-test-mNSG","id":"/subscriptions/00000000-0000-0000-0000-000000000000/resourceGroups/sdk-test/providers/Microsoft.Network/networkSecurityGroups/sdk-test-mNSG","etag":"W/\"7c429793-619b-47e0-9541-c158745d0384\"","type":"Microsoft.Network/networkSecurityGroups","location":"westus","tags":{},"properties":{"provisioningState":"Succeeded","resourceGuid":"f03d55e3-d89d-495d-bff6-c544cd58ebcf","securityRules":[{"name":"default-allow-ssh","id":"/subscriptions/00000000-0000-0000-0000-000000000000/resourceGroups/sdk-test/providers/Microsoft.Network/networkSecurityGroups/sdk-test-mNSG/securityRules/default-allow-ssh","etag":"W/\"7c429793-619b-47e0-9541-c158745d0384\"","properties":{"provisioningState":"Succeeded","protocol":"Tcp","sourcePortRange":"*","destinationPortRange":"22","sourceAddressPrefix":"*","destinationAddressPrefix":"*","access":"Allow","priority":1000,"direction":"Inbound","sourcePortRanges":[],"destinationPortRanges":[],"sourceAddressPrefixes":[],"destinationAddressPrefixes":[]}}],"defaultSecurityRules":[{"name":"AllowVnetInBound","id":"/subscriptions/00000000-0000-0000-0000-000000000000/resourceGroups/sdk-test/providers/Microsoft.Network/networkSecurityGroups/sdk-test-mNSG/defaultSecurityRules/AllowVnetInBound","etag":"W/\"7c429793-619b-47e0-9541-c158745d0384\"","properties":{"provisioningState":"Succeeded","description":"Allow
        inbound traffic from all VMs in VNET","protocol":"*","sourcePortRange":"*","destinationPortRange":"*","sourceAddressPrefix":"VirtualNetwork","destinationAddressPrefix":"VirtualNetwork","access":"Allow","priority":65000,"direction":"Inbound","sourcePortRanges":[],"destinationPortRanges":[],"sourceAddressPrefixes":[],"destinationAddressPrefixes":[]}},{"name":"AllowAzureLoadBalancerInBound","id":"/subscriptions/00000000-0000-0000-0000-000000000000/resourceGroups/sdk-test/providers/Microsoft.Network/networkSecurityGroups/sdk-test-mNSG/defaultSecurityRules/AllowAzureLoadBalancerInBound","etag":"W/\"7c429793-619b-47e0-9541-c158745d0384\"","properties":{"provisioningState":"Succeeded","description":"Allow
        inbound traffic from azure load balancer","protocol":"*","sourcePortRange":"*","destinationPortRange":"*","sourceAddressPrefix":"AzureLoadBalancer","destinationAddressPrefix":"*","access":"Allow","priority":65001,"direction":"Inbound","sourcePortRanges":[],"destinationPortRanges":[],"sourceAddressPrefixes":[],"destinationAddressPrefixes":[]}},{"name":"DenyAllInBound","id":"/subscriptions/00000000-0000-0000-0000-000000000000/resourceGroups/sdk-test/providers/Microsoft.Network/networkSecurityGroups/sdk-test-mNSG/defaultSecurityRules/DenyAllInBound","etag":"W/\"7c429793-619b-47e0-9541-c158745d0384\"","properties":{"provisioningState":"Succeeded","description":"Deny
        all inbound traffic","protocol":"*","sourcePortRange":"*","destinationPortRange":"*","sourceAddressPrefix":"*","destinationAddressPrefix":"*","access":"Deny","priority":65500,"direction":"Inbound","sourcePortRanges":[],"destinationPortRanges":[],"sourceAddressPrefixes":[],"destinationAddressPrefixes":[]}},{"name":"AllowVnetOutBound","id":"/subscriptions/00000000-0000-0000-0000-000000000000/resourceGroups/sdk-test/providers/Microsoft.Network/networkSecurityGroups/sdk-test-mNSG/defaultSecurityRules/AllowVnetOutBound","etag":"W/\"7c429793-619b-47e0-9541-c158745d0384\"","properties":{"provisioningState":"Succeeded","description":"Allow
        outbound traffic from all VMs to all VMs in VNET","protocol":"*","sourcePortRange":"*","destinationPortRange":"*","sourceAddressPrefix":"VirtualNetwork","destinationAddressPrefix":"VirtualNetwork","access":"Allow","priority":65000,"direction":"Outbound","sourcePortRanges":[],"destinationPortRanges":[],"sourceAddressPrefixes":[],"destinationAddressPrefixes":[]}},{"name":"AllowInternetOutBound","id":"/subscriptions/00000000-0000-0000-0000-000000000000/resourceGroups/sdk-test/providers/Microsoft.Network/networkSecurityGroups/sdk-test-mNSG/defaultSecurityRules/AllowInternetOutBound","etag":"W/\"7c429793-619b-47e0-9541-c158745d0384\"","properties":{"provisioningState":"Succeeded","description":"Allow
        outbound traffic from all VMs to Internet","protocol":"*","sourcePortRange":"*","destinationPortRange":"*","sourceAddressPrefix":"*","destinationAddressPrefix":"Internet","access":"Allow","priority":65001,"direction":"Outbound","sourcePortRanges":[],"destinationPortRanges":[],"sourceAddressPrefixes":[],"destinationAddressPrefixes":[]}},{"name":"DenyAllOutBound","id":"/subscriptions/00000000-0000-0000-0000-000000000000/resourceGroups/sdk-test/providers/Microsoft.Network/networkSecurityGroups/sdk-test-mNSG/defaultSecurityRules/DenyAllOutBound","etag":"W/\"7c429793-619b-47e0-9541-c158745d0384\"","properties":{"provisioningState":"Succeeded","description":"Deny
        all outbound traffic","protocol":"*","sourcePortRange":"*","destinationPortRange":"*","sourceAddressPrefix":"*","destinationAddressPrefix":"*","access":"Deny","priority":65500,"direction":"Outbound","sourcePortRanges":[],"destinationPortRanges":[],"sourceAddressPrefixes":[],"destinationAddressPrefixes":[]}}],"networkInterfaces":[{"id":"/subscriptions/00000000-0000-0000-0000-000000000000/resourceGroups/sdk-test/providers/Microsoft.Network/networkInterfaces/sdk-test-mVMNic"}]}},{"name":"sdk-test-umNSG","id":"/subscriptions/00000000-0000-0000-0000-000000000000/resourceGroups/sdk-test/providers/Microsoft.Network/networkSecurityGroups/sdk-test-umNSG","etag":"W/\"5cb592e2-37a1-4a48-b777-355082cb2bf6\"","type":"Microsoft.Network/networkSecurityGroups","location":"westus","tags":{},"properties":{"provisioningState":"Succeeded","resourceGuid":"746dc470-5d49-448c-a8a1-d677e164ff68","securityRules":[{"name":"default-allow-ssh","id":"/subscriptions/00000000-0000-0000-0000-000000000000/resourceGroups/sdk-test/providers/Microsoft.Network/networkSecurityGroups/sdk-test-umNSG/securityRules/default-allow-ssh","etag":"W/\"5cb592e2-37a1-4a48-b777-355082cb2bf6\"","properties":{"provisioningState":"Succeeded","protocol":"Tcp","sourcePortRange":"*","destinationPortRange":"22","sourceAddressPrefix":"*","destinationAddressPrefix":"*","access":"Allow","priority":1000,"direction":"Inbound","sourcePortRanges":[],"destinationPortRanges":[],"sourceAddressPrefixes":[],"destinationAddressPrefixes":[]}}],"defaultSecurityRules":[{"name":"AllowVnetInBound","id":"/subscriptions/00000000-0000-0000-0000-000000000000/resourceGroups/sdk-test/providers/Microsoft.Network/networkSecurityGroups/sdk-test-umNSG/defaultSecurityRules/AllowVnetInBound","etag":"W/\"5cb592e2-37a1-4a48-b777-355082cb2bf6\"","properties":{"provisioningState":"Succeeded","description":"Allow
        inbound traffic from all VMs in VNET","protocol":"*","sourcePortRange":"*","destinationPortRange":"*","sourceAddressPrefix":"VirtualNetwork","destinationAddressPrefix":"VirtualNetwork","access":"Allow","priority":65000,"direction":"Inbound","sourcePortRanges":[],"destinationPortRanges":[],"sourceAddressPrefixes":[],"destinationAddressPrefixes":[]}},{"name":"AllowAzureLoadBalancerInBound","id":"/subscriptions/00000000-0000-0000-0000-000000000000/resourceGroups/sdk-test/providers/Microsoft.Network/networkSecurityGroups/sdk-test-umNSG/defaultSecurityRules/AllowAzureLoadBalancerInBound","etag":"W/\"5cb592e2-37a1-4a48-b777-355082cb2bf6\"","properties":{"provisioningState":"Succeeded","description":"Allow
        inbound traffic from azure load balancer","protocol":"*","sourcePortRange":"*","destinationPortRange":"*","sourceAddressPrefix":"AzureLoadBalancer","destinationAddressPrefix":"*","access":"Allow","priority":65001,"direction":"Inbound","sourcePortRanges":[],"destinationPortRanges":[],"sourceAddressPrefixes":[],"destinationAddressPrefixes":[]}},{"name":"DenyAllInBound","id":"/subscriptions/00000000-0000-0000-0000-000000000000/resourceGroups/sdk-test/providers/Microsoft.Network/networkSecurityGroups/sdk-test-umNSG/defaultSecurityRules/DenyAllInBound","etag":"W/\"5cb592e2-37a1-4a48-b777-355082cb2bf6\"","properties":{"provisioningState":"Succeeded","description":"Deny
        all inbound traffic","protocol":"*","sourcePortRange":"*","destinationPortRange":"*","sourceAddressPrefix":"*","destinationAddressPrefix":"*","access":"Deny","priority":65500,"direction":"Inbound","sourcePortRanges":[],"destinationPortRanges":[],"sourceAddressPrefixes":[],"destinationAddressPrefixes":[]}},{"name":"AllowVnetOutBound","id":"/subscriptions/00000000-0000-0000-0000-000000000000/resourceGroups/sdk-test/providers/Microsoft.Network/networkSecurityGroups/sdk-test-umNSG/defaultSecurityRules/AllowVnetOutBound","etag":"W/\"5cb592e2-37a1-4a48-b777-355082cb2bf6\"","properties":{"provisioningState":"Succeeded","description":"Allow
        outbound traffic from all VMs to all VMs in VNET","protocol":"*","sourcePortRange":"*","destinationPortRange":"*","sourceAddressPrefix":"VirtualNetwork","destinationAddressPrefix":"VirtualNetwork","access":"Allow","priority":65000,"direction":"Outbound","sourcePortRanges":[],"destinationPortRanges":[],"sourceAddressPrefixes":[],"destinationAddressPrefixes":[]}},{"name":"AllowInternetOutBound","id":"/subscriptions/00000000-0000-0000-0000-000000000000/resourceGroups/sdk-test/providers/Microsoft.Network/networkSecurityGroups/sdk-test-umNSG/defaultSecurityRules/AllowInternetOutBound","etag":"W/\"5cb592e2-37a1-4a48-b777-355082cb2bf6\"","properties":{"provisioningState":"Succeeded","description":"Allow
        outbound traffic from all VMs to Internet","protocol":"*","sourcePortRange":"*","destinationPortRange":"*","sourceAddressPrefix":"*","destinationAddressPrefix":"Internet","access":"Allow","priority":65001,"direction":"Outbound","sourcePortRanges":[],"destinationPortRanges":[],"sourceAddressPrefixes":[],"destinationAddressPrefixes":[]}},{"name":"DenyAllOutBound","id":"/subscriptions/00000000-0000-0000-0000-000000000000/resourceGroups/sdk-test/providers/Microsoft.Network/networkSecurityGroups/sdk-test-umNSG/defaultSecurityRules/DenyAllOutBound","etag":"W/\"5cb592e2-37a1-4a48-b777-355082cb2bf6\"","properties":{"provisioningState":"Succeeded","description":"Deny
        all outbound traffic","protocol":"*","sourcePortRange":"*","destinationPortRange":"*","sourceAddressPrefix":"*","destinationAddressPrefix":"*","access":"Deny","priority":65500,"direction":"Outbound","sourcePortRanges":[],"destinationPortRanges":[],"sourceAddressPrefixes":[],"destinationAddressPrefixes":[]}}],"networkInterfaces":[{"id":"/subscriptions/00000000-0000-0000-0000-000000000000/resourceGroups/sdk-test/providers/Microsoft.Network/networkInterfaces/sdk-test-umVMNic"}]}},{"name":"nsg1","id":"/subscriptions/00000000-0000-0000-0000-000000000000/resourceGroups/tjp-nsg/providers/Microsoft.Network/networkSecurityGroups/nsg1","etag":"W/\"faa053bc-7b86-4dbc-9e3e-aef0f4af83da\"","type":"Microsoft.Network/networkSecurityGroups","location":"westus","properties":{"provisioningState":"Succeeded","resourceGuid":"2214e4fc-77c7-4f75-b381-b48c0f2bdf2f","securityRules":[{"name":"rule1","id":"/subscriptions/00000000-0000-0000-0000-000000000000/resourceGroups/tjp-nsg/providers/Microsoft.Network/networkSecurityGroups/nsg1/securityRules/rule1","etag":"W/\"faa053bc-7b86-4dbc-9e3e-aef0f4af83da\"","properties":{"provisioningState":"Succeeded","protocol":"*","destinationPortRange":"*","sourceAddressPrefix":"","destinationAddressPrefix":"","access":"Allow","priority":100,"direction":"Inbound","sourcePortRanges":["80-100","250-500"],"destinationPortRanges":[],"sourceAddressPrefixes":["100.0.0.0/24","200.0.0.0/24"],"destinationAddressPrefixes":["10.0.0.0/24","11.0.0.0/24"]}},{"name":"rule2","id":"/subscriptions/00000000-0000-0000-0000-000000000000/resourceGroups/tjp-nsg/providers/Microsoft.Network/networkSecurityGroups/nsg1/securityRules/rule2","etag":"W/\"faa053bc-7b86-4dbc-9e3e-aef0f4af83da\"","properties":{"provisioningState":"Succeeded","protocol":"*","sourcePortRange":"*","destinationPortRange":"80-100","sourceAddressPrefix":"","destinationAddressPrefix":"","access":"Allow","priority":200,"direction":"Inbound","sourcePortRanges":[],"destinationPortRanges":[],"sourceAddressPrefixes":["100.0.0.0/24","200.0.0.0/24"],"destinationAddressPrefixes":["10.0.0.0/24","11.0.0.0/24"]}}],"defaultSecurityRules":[{"name":"AllowVnetInBound","id":"/subscriptions/00000000-0000-0000-0000-000000000000/resourceGroups/tjp-nsg/providers/Microsoft.Network/networkSecurityGroups/nsg1/defaultSecurityRules/AllowVnetInBound","etag":"W/\"faa053bc-7b86-4dbc-9e3e-aef0f4af83da\"","properties":{"provisioningState":"Succeeded","description":"Allow
        inbound traffic from all VMs in VNET","protocol":"*","sourcePortRange":"*","destinationPortRange":"*","sourceAddressPrefix":"VirtualNetwork","destinationAddressPrefix":"VirtualNetwork","access":"Allow","priority":65000,"direction":"Inbound","sourcePortRanges":[],"destinationPortRanges":[],"sourceAddressPrefixes":[],"destinationAddressPrefixes":[]}},{"name":"AllowAzureLoadBalancerInBound","id":"/subscriptions/00000000-0000-0000-0000-000000000000/resourceGroups/tjp-nsg/providers/Microsoft.Network/networkSecurityGroups/nsg1/defaultSecurityRules/AllowAzureLoadBalancerInBound","etag":"W/\"faa053bc-7b86-4dbc-9e3e-aef0f4af83da\"","properties":{"provisioningState":"Succeeded","description":"Allow
        inbound traffic from azure load balancer","protocol":"*","sourcePortRange":"*","destinationPortRange":"*","sourceAddressPrefix":"AzureLoadBalancer","destinationAddressPrefix":"*","access":"Allow","priority":65001,"direction":"Inbound","sourcePortRanges":[],"destinationPortRanges":[],"sourceAddressPrefixes":[],"destinationAddressPrefixes":[]}},{"name":"DenyAllInBound","id":"/subscriptions/00000000-0000-0000-0000-000000000000/resourceGroups/tjp-nsg/providers/Microsoft.Network/networkSecurityGroups/nsg1/defaultSecurityRules/DenyAllInBound","etag":"W/\"faa053bc-7b86-4dbc-9e3e-aef0f4af83da\"","properties":{"provisioningState":"Succeeded","description":"Deny
        all inbound traffic","protocol":"*","sourcePortRange":"*","destinationPortRange":"*","sourceAddressPrefix":"*","destinationAddressPrefix":"*","access":"Deny","priority":65500,"direction":"Inbound","sourcePortRanges":[],"destinationPortRanges":[],"sourceAddressPrefixes":[],"destinationAddressPrefixes":[]}},{"name":"AllowVnetOutBound","id":"/subscriptions/00000000-0000-0000-0000-000000000000/resourceGroups/tjp-nsg/providers/Microsoft.Network/networkSecurityGroups/nsg1/defaultSecurityRules/AllowVnetOutBound","etag":"W/\"faa053bc-7b86-4dbc-9e3e-aef0f4af83da\"","properties":{"provisioningState":"Succeeded","description":"Allow
        outbound traffic from all VMs to all VMs in VNET","protocol":"*","sourcePortRange":"*","destinationPortRange":"*","sourceAddressPrefix":"VirtualNetwork","destinationAddressPrefix":"VirtualNetwork","access":"Allow","priority":65000,"direction":"Outbound","sourcePortRanges":[],"destinationPortRanges":[],"sourceAddressPrefixes":[],"destinationAddressPrefixes":[]}},{"name":"AllowInternetOutBound","id":"/subscriptions/00000000-0000-0000-0000-000000000000/resourceGroups/tjp-nsg/providers/Microsoft.Network/networkSecurityGroups/nsg1/defaultSecurityRules/AllowInternetOutBound","etag":"W/\"faa053bc-7b86-4dbc-9e3e-aef0f4af83da\"","properties":{"provisioningState":"Succeeded","description":"Allow
        outbound traffic from all VMs to Internet","protocol":"*","sourcePortRange":"*","destinationPortRange":"*","sourceAddressPrefix":"*","destinationAddressPrefix":"Internet","access":"Allow","priority":65001,"direction":"Outbound","sourcePortRanges":[],"destinationPortRanges":[],"sourceAddressPrefixes":[],"destinationAddressPrefixes":[]}},{"name":"DenyAllOutBound","id":"/subscriptions/00000000-0000-0000-0000-000000000000/resourceGroups/tjp-nsg/providers/Microsoft.Network/networkSecurityGroups/nsg1/defaultSecurityRules/DenyAllOutBound","etag":"W/\"faa053bc-7b86-4dbc-9e3e-aef0f4af83da\"","properties":{"provisioningState":"Succeeded","description":"Deny
        all outbound traffic","protocol":"*","sourcePortRange":"*","destinationPortRange":"*","sourceAddressPrefix":"*","destinationAddressPrefix":"*","access":"Deny","priority":65500,"direction":"Outbound","sourcePortRanges":[],"destinationPortRanges":[],"sourceAddressPrefixes":[],"destinationAddressPrefixes":[]}}]}},{"name":"yugangwm-1NSG","id":"/subscriptions/00000000-0000-0000-0000-000000000000/resourceGroups/yugangwm/providers/Microsoft.Network/networkSecurityGroups/yugangwm-1NSG","etag":"W/\"6366a2f8-3f60-407c-840c-88196741aebf\"","type":"Microsoft.Network/networkSecurityGroups","location":"westus","tags":{},"properties":{"provisioningState":"Succeeded","resourceGuid":"abf49f39-069c-4609-94e9-987f8ae4d82f","securityRules":[{"name":"default-allow-ssh","id":"/subscriptions/00000000-0000-0000-0000-000000000000/resourceGroups/yugangwm/providers/Microsoft.Network/networkSecurityGroups/yugangwm-1NSG/securityRules/default-allow-ssh","etag":"W/\"6366a2f8-3f60-407c-840c-88196741aebf\"","properties":{"provisioningState":"Succeeded","protocol":"Tcp","sourcePortRange":"*","destinationPortRange":"22","sourceAddressPrefix":"*","destinationAddressPrefix":"*","access":"Allow","priority":1000,"direction":"Inbound","sourcePortRanges":[],"destinationPortRanges":[],"sourceAddressPrefixes":[],"destinationAddressPrefixes":[]}}],"defaultSecurityRules":[{"name":"AllowVnetInBound","id":"/subscriptions/00000000-0000-0000-0000-000000000000/resourceGroups/yugangwm/providers/Microsoft.Network/networkSecurityGroups/yugangwm-1NSG/defaultSecurityRules/AllowVnetInBound","etag":"W/\"6366a2f8-3f60-407c-840c-88196741aebf\"","properties":{"provisioningState":"Succeeded","description":"Allow
        inbound traffic from all VMs in VNET","protocol":"*","sourcePortRange":"*","destinationPortRange":"*","sourceAddressPrefix":"VirtualNetwork","destinationAddressPrefix":"VirtualNetwork","access":"Allow","priority":65000,"direction":"Inbound","sourcePortRanges":[],"destinationPortRanges":[],"sourceAddressPrefixes":[],"destinationAddressPrefixes":[]}},{"name":"AllowAzureLoadBalancerInBound","id":"/subscriptions/00000000-0000-0000-0000-000000000000/resourceGroups/yugangwm/providers/Microsoft.Network/networkSecurityGroups/yugangwm-1NSG/defaultSecurityRules/AllowAzureLoadBalancerInBound","etag":"W/\"6366a2f8-3f60-407c-840c-88196741aebf\"","properties":{"provisioningState":"Succeeded","description":"Allow
        inbound traffic from azure load balancer","protocol":"*","sourcePortRange":"*","destinationPortRange":"*","sourceAddressPrefix":"AzureLoadBalancer","destinationAddressPrefix":"*","access":"Allow","priority":65001,"direction":"Inbound","sourcePortRanges":[],"destinationPortRanges":[],"sourceAddressPrefixes":[],"destinationAddressPrefixes":[]}},{"name":"DenyAllInBound","id":"/subscriptions/00000000-0000-0000-0000-000000000000/resourceGroups/yugangwm/providers/Microsoft.Network/networkSecurityGroups/yugangwm-1NSG/defaultSecurityRules/DenyAllInBound","etag":"W/\"6366a2f8-3f60-407c-840c-88196741aebf\"","properties":{"provisioningState":"Succeeded","description":"Deny
        all inbound traffic","protocol":"*","sourcePortRange":"*","destinationPortRange":"*","sourceAddressPrefix":"*","destinationAddressPrefix":"*","access":"Deny","priority":65500,"direction":"Inbound","sourcePortRanges":[],"destinationPortRanges":[],"sourceAddressPrefixes":[],"destinationAddressPrefixes":[]}},{"name":"AllowVnetOutBound","id":"/subscriptions/00000000-0000-0000-0000-000000000000/resourceGroups/yugangwm/providers/Microsoft.Network/networkSecurityGroups/yugangwm-1NSG/defaultSecurityRules/AllowVnetOutBound","etag":"W/\"6366a2f8-3f60-407c-840c-88196741aebf\"","properties":{"provisioningState":"Succeeded","description":"Allow
        outbound traffic from all VMs to all VMs in VNET","protocol":"*","sourcePortRange":"*","destinationPortRange":"*","sourceAddressPrefix":"VirtualNetwork","destinationAddressPrefix":"VirtualNetwork","access":"Allow","priority":65000,"direction":"Outbound","sourcePortRanges":[],"destinationPortRanges":[],"sourceAddressPrefixes":[],"destinationAddressPrefixes":[]}},{"name":"AllowInternetOutBound","id":"/subscriptions/00000000-0000-0000-0000-000000000000/resourceGroups/yugangwm/providers/Microsoft.Network/networkSecurityGroups/yugangwm-1NSG/defaultSecurityRules/AllowInternetOutBound","etag":"W/\"6366a2f8-3f60-407c-840c-88196741aebf\"","properties":{"provisioningState":"Succeeded","description":"Allow
        outbound traffic from all VMs to Internet","protocol":"*","sourcePortRange":"*","destinationPortRange":"*","sourceAddressPrefix":"*","destinationAddressPrefix":"Internet","access":"Allow","priority":65001,"direction":"Outbound","sourcePortRanges":[],"destinationPortRanges":[],"sourceAddressPrefixes":[],"destinationAddressPrefixes":[]}},{"name":"DenyAllOutBound","id":"/subscriptions/00000000-0000-0000-0000-000000000000/resourceGroups/yugangwm/providers/Microsoft.Network/networkSecurityGroups/yugangwm-1NSG/defaultSecurityRules/DenyAllOutBound","etag":"W/\"6366a2f8-3f60-407c-840c-88196741aebf\"","properties":{"provisioningState":"Succeeded","description":"Deny
        all outbound traffic","protocol":"*","sourcePortRange":"*","destinationPortRange":"*","sourceAddressPrefix":"*","destinationAddressPrefix":"*","access":"Deny","priority":65500,"direction":"Outbound","sourcePortRanges":[],"destinationPortRanges":[],"sourceAddressPrefixes":[],"destinationAddressPrefixes":[]}}],"networkInterfaces":[{"id":"/subscriptions/00000000-0000-0000-0000-000000000000/resourceGroups/yugangwm/providers/Microsoft.Network/networkInterfaces/yugangwm-1VMNic"}]}},{"name":"yugangw2-winNSG","id":"/subscriptions/00000000-0000-0000-0000-000000000000/resourceGroups/yugangw2/providers/Microsoft.Network/networkSecurityGroups/yugangw2-winNSG","etag":"W/\"274d468e-a0cf-4828-8656-2145ceabd027\"","type":"Microsoft.Network/networkSecurityGroups","location":"southcentralus","tags":{},"properties":{"provisioningState":"Succeeded","resourceGuid":"b9f7964f-8a9a-4c82-a50f-5945ec9078a9","securityRules":[{"name":"rdp","id":"/subscriptions/00000000-0000-0000-0000-000000000000/resourceGroups/yugangw2/providers/Microsoft.Network/networkSecurityGroups/yugangw2-winNSG/securityRules/rdp","etag":"W/\"274d468e-a0cf-4828-8656-2145ceabd027\"","properties":{"provisioningState":"Succeeded","protocol":"Tcp","sourcePortRange":"*","destinationPortRange":"3389","sourceAddressPrefix":"*","destinationAddressPrefix":"*","access":"Allow","priority":1000,"direction":"Inbound","sourcePortRanges":[],"destinationPortRanges":[],"sourceAddressPrefixes":[],"destinationAddressPrefixes":[]}}],"defaultSecurityRules":[{"name":"AllowVnetInBound","id":"/subscriptions/00000000-0000-0000-0000-000000000000/resourceGroups/yugangw2/providers/Microsoft.Network/networkSecurityGroups/yugangw2-winNSG/defaultSecurityRules/AllowVnetInBound","etag":"W/\"274d468e-a0cf-4828-8656-2145ceabd027\"","properties":{"provisioningState":"Succeeded","description":"Allow
        inbound traffic from all VMs in VNET","protocol":"*","sourcePortRange":"*","destinationPortRange":"*","sourceAddressPrefix":"VirtualNetwork","destinationAddressPrefix":"VirtualNetwork","access":"Allow","priority":65000,"direction":"Inbound","sourcePortRanges":[],"destinationPortRanges":[],"sourceAddressPrefixes":[],"destinationAddressPrefixes":[]}},{"name":"AllowAzureLoadBalancerInBound","id":"/subscriptions/00000000-0000-0000-0000-000000000000/resourceGroups/yugangw2/providers/Microsoft.Network/networkSecurityGroups/yugangw2-winNSG/defaultSecurityRules/AllowAzureLoadBalancerInBound","etag":"W/\"274d468e-a0cf-4828-8656-2145ceabd027\"","properties":{"provisioningState":"Succeeded","description":"Allow
        inbound traffic from azure load balancer","protocol":"*","sourcePortRange":"*","destinationPortRange":"*","sourceAddressPrefix":"AzureLoadBalancer","destinationAddressPrefix":"*","access":"Allow","priority":65001,"direction":"Inbound","sourcePortRanges":[],"destinationPortRanges":[],"sourceAddressPrefixes":[],"destinationAddressPrefixes":[]}},{"name":"DenyAllInBound","id":"/subscriptions/00000000-0000-0000-0000-000000000000/resourceGroups/yugangw2/providers/Microsoft.Network/networkSecurityGroups/yugangw2-winNSG/defaultSecurityRules/DenyAllInBound","etag":"W/\"274d468e-a0cf-4828-8656-2145ceabd027\"","properties":{"provisioningState":"Succeeded","description":"Deny
        all inbound traffic","protocol":"*","sourcePortRange":"*","destinationPortRange":"*","sourceAddressPrefix":"*","destinationAddressPrefix":"*","access":"Deny","priority":65500,"direction":"Inbound","sourcePortRanges":[],"destinationPortRanges":[],"sourceAddressPrefixes":[],"destinationAddressPrefixes":[]}},{"name":"AllowVnetOutBound","id":"/subscriptions/00000000-0000-0000-0000-000000000000/resourceGroups/yugangw2/providers/Microsoft.Network/networkSecurityGroups/yugangw2-winNSG/defaultSecurityRules/AllowVnetOutBound","etag":"W/\"274d468e-a0cf-4828-8656-2145ceabd027\"","properties":{"provisioningState":"Succeeded","description":"Allow
        outbound traffic from all VMs to all VMs in VNET","protocol":"*","sourcePortRange":"*","destinationPortRange":"*","sourceAddressPrefix":"VirtualNetwork","destinationAddressPrefix":"VirtualNetwork","access":"Allow","priority":65000,"direction":"Outbound","sourcePortRanges":[],"destinationPortRanges":[],"sourceAddressPrefixes":[],"destinationAddressPrefixes":[]}},{"name":"AllowInternetOutBound","id":"/subscriptions/00000000-0000-0000-0000-000000000000/resourceGroups/yugangw2/providers/Microsoft.Network/networkSecurityGroups/yugangw2-winNSG/defaultSecurityRules/AllowInternetOutBound","etag":"W/\"274d468e-a0cf-4828-8656-2145ceabd027\"","properties":{"provisioningState":"Succeeded","description":"Allow
        outbound traffic from all VMs to Internet","protocol":"*","sourcePortRange":"*","destinationPortRange":"*","sourceAddressPrefix":"*","destinationAddressPrefix":"Internet","access":"Allow","priority":65001,"direction":"Outbound","sourcePortRanges":[],"destinationPortRanges":[],"sourceAddressPrefixes":[],"destinationAddressPrefixes":[]}},{"name":"DenyAllOutBound","id":"/subscriptions/00000000-0000-0000-0000-000000000000/resourceGroups/yugangw2/providers/Microsoft.Network/networkSecurityGroups/yugangw2-winNSG/defaultSecurityRules/DenyAllOutBound","etag":"W/\"274d468e-a0cf-4828-8656-2145ceabd027\"","properties":{"provisioningState":"Succeeded","description":"Deny
        all outbound traffic","protocol":"*","sourcePortRange":"*","destinationPortRange":"*","sourceAddressPrefix":"*","destinationAddressPrefix":"*","access":"Deny","priority":65500,"direction":"Outbound","sourcePortRanges":[],"destinationPortRanges":[],"sourceAddressPrefixes":[],"destinationAddressPrefixes":[]}}],"networkInterfaces":[{"id":"/subscriptions/00000000-0000-0000-0000-000000000000/resourceGroups/yugangw2/providers/Microsoft.Network/networkInterfaces/yugangw2-winVMNic"}]}},{"name":"yugangwmsi-1NSG","id":"/subscriptions/00000000-0000-0000-0000-000000000000/resourceGroups/yugangwmsi/providers/Microsoft.Network/networkSecurityGroups/yugangwmsi-1NSG","etag":"W/\"85ecb566-0c33-4366-93dc-07291cf5f918\"","type":"Microsoft.Network/networkSecurityGroups","location":"southcentralus","tags":{},"properties":{"provisioningState":"Succeeded","resourceGuid":"a9f22f68-f780-4ed6-af3d-d2d673262fb6","securityRules":[{"name":"default-allow-ssh","id":"/subscriptions/00000000-0000-0000-0000-000000000000/resourceGroups/yugangwmsi/providers/Microsoft.Network/networkSecurityGroups/yugangwmsi-1NSG/securityRules/default-allow-ssh","etag":"W/\"85ecb566-0c33-4366-93dc-07291cf5f918\"","properties":{"provisioningState":"Succeeded","protocol":"Tcp","sourcePortRange":"*","destinationPortRange":"22","sourceAddressPrefix":"*","destinationAddressPrefix":"*","access":"Allow","priority":1000,"direction":"Inbound","sourcePortRanges":[],"destinationPortRanges":[],"sourceAddressPrefixes":[],"destinationAddressPrefixes":[]}}],"defaultSecurityRules":[{"name":"AllowVnetInBound","id":"/subscriptions/00000000-0000-0000-0000-000000000000/resourceGroups/yugangwmsi/providers/Microsoft.Network/networkSecurityGroups/yugangwmsi-1NSG/defaultSecurityRules/AllowVnetInBound","etag":"W/\"85ecb566-0c33-4366-93dc-07291cf5f918\"","properties":{"provisioningState":"Succeeded","description":"Allow
        inbound traffic from all VMs in VNET","protocol":"*","sourcePortRange":"*","destinationPortRange":"*","sourceAddressPrefix":"VirtualNetwork","destinationAddressPrefix":"VirtualNetwork","access":"Allow","priority":65000,"direction":"Inbound","sourcePortRanges":[],"destinationPortRanges":[],"sourceAddressPrefixes":[],"destinationAddressPrefixes":[]}},{"name":"AllowAzureLoadBalancerInBound","id":"/subscriptions/00000000-0000-0000-0000-000000000000/resourceGroups/yugangwmsi/providers/Microsoft.Network/networkSecurityGroups/yugangwmsi-1NSG/defaultSecurityRules/AllowAzureLoadBalancerInBound","etag":"W/\"85ecb566-0c33-4366-93dc-07291cf5f918\"","properties":{"provisioningState":"Succeeded","description":"Allow
        inbound traffic from azure load balancer","protocol":"*","sourcePortRange":"*","destinationPortRange":"*","sourceAddressPrefix":"AzureLoadBalancer","destinationAddressPrefix":"*","access":"Allow","priority":65001,"direction":"Inbound","sourcePortRanges":[],"destinationPortRanges":[],"sourceAddressPrefixes":[],"destinationAddressPrefixes":[]}},{"name":"DenyAllInBound","id":"/subscriptions/00000000-0000-0000-0000-000000000000/resourceGroups/yugangwmsi/providers/Microsoft.Network/networkSecurityGroups/yugangwmsi-1NSG/defaultSecurityRules/DenyAllInBound","etag":"W/\"85ecb566-0c33-4366-93dc-07291cf5f918\"","properties":{"provisioningState":"Succeeded","description":"Deny
        all inbound traffic","protocol":"*","sourcePortRange":"*","destinationPortRange":"*","sourceAddressPrefix":"*","destinationAddressPrefix":"*","access":"Deny","priority":65500,"direction":"Inbound","sourcePortRanges":[],"destinationPortRanges":[],"sourceAddressPrefixes":[],"destinationAddressPrefixes":[]}},{"name":"AllowVnetOutBound","id":"/subscriptions/00000000-0000-0000-0000-000000000000/resourceGroups/yugangwmsi/providers/Microsoft.Network/networkSecurityGroups/yugangwmsi-1NSG/defaultSecurityRules/AllowVnetOutBound","etag":"W/\"85ecb566-0c33-4366-93dc-07291cf5f918\"","properties":{"provisioningState":"Succeeded","description":"Allow
        outbound traffic from all VMs to all VMs in VNET","protocol":"*","sourcePortRange":"*","destinationPortRange":"*","sourceAddressPrefix":"VirtualNetwork","destinationAddressPrefix":"VirtualNetwork","access":"Allow","priority":65000,"direction":"Outbound","sourcePortRanges":[],"destinationPortRanges":[],"sourceAddressPrefixes":[],"destinationAddressPrefixes":[]}},{"name":"AllowInternetOutBound","id":"/subscriptions/00000000-0000-0000-0000-000000000000/resourceGroups/yugangwmsi/providers/Microsoft.Network/networkSecurityGroups/yugangwmsi-1NSG/defaultSecurityRules/AllowInternetOutBound","etag":"W/\"85ecb566-0c33-4366-93dc-07291cf5f918\"","properties":{"provisioningState":"Succeeded","description":"Allow
        outbound traffic from all VMs to Internet","protocol":"*","sourcePortRange":"*","destinationPortRange":"*","sourceAddressPrefix":"*","destinationAddressPrefix":"Internet","access":"Allow","priority":65001,"direction":"Outbound","sourcePortRanges":[],"destinationPortRanges":[],"sourceAddressPrefixes":[],"destinationAddressPrefixes":[]}},{"name":"DenyAllOutBound","id":"/subscriptions/00000000-0000-0000-0000-000000000000/resourceGroups/yugangwmsi/providers/Microsoft.Network/networkSecurityGroups/yugangwmsi-1NSG/defaultSecurityRules/DenyAllOutBound","etag":"W/\"85ecb566-0c33-4366-93dc-07291cf5f918\"","properties":{"provisioningState":"Succeeded","description":"Deny
        all outbound traffic","protocol":"*","sourcePortRange":"*","destinationPortRange":"*","sourceAddressPrefix":"*","destinationAddressPrefix":"*","access":"Deny","priority":65500,"direction":"Outbound","sourcePortRanges":[],"destinationPortRanges":[],"sourceAddressPrefixes":[],"destinationAddressPrefixes":[]}}],"networkInterfaces":[{"id":"/subscriptions/00000000-0000-0000-0000-000000000000/resourceGroups/yugangwmsi/providers/Microsoft.Network/networkInterfaces/yugangwmsi-1VMNic"}]}},{"name":"yugangwmsi-2NSG","id":"/subscriptions/00000000-0000-0000-0000-000000000000/resourceGroups/yugangwmsi/providers/Microsoft.Network/networkSecurityGroups/yugangwmsi-2NSG","etag":"W/\"2a5e6c17-c7e9-4411-b816-fca8df98697d\"","type":"Microsoft.Network/networkSecurityGroups","location":"southcentralus","tags":{},"properties":{"provisioningState":"Succeeded","resourceGuid":"f5574016-45b9-49e7-a2c3-e1b3bcbd5b3a","securityRules":[{"name":"default-allow-ssh","id":"/subscriptions/00000000-0000-0000-0000-000000000000/resourceGroups/yugangwmsi/providers/Microsoft.Network/networkSecurityGroups/yugangwmsi-2NSG/securityRules/default-allow-ssh","etag":"W/\"2a5e6c17-c7e9-4411-b816-fca8df98697d\"","properties":{"provisioningState":"Succeeded","protocol":"Tcp","sourcePortRange":"*","destinationPortRange":"22","sourceAddressPrefix":"*","destinationAddressPrefix":"*","access":"Allow","priority":1000,"direction":"Inbound","sourcePortRanges":[],"destinationPortRanges":[],"sourceAddressPrefixes":[],"destinationAddressPrefixes":[]}}],"defaultSecurityRules":[{"name":"AllowVnetInBound","id":"/subscriptions/00000000-0000-0000-0000-000000000000/resourceGroups/yugangwmsi/providers/Microsoft.Network/networkSecurityGroups/yugangwmsi-2NSG/defaultSecurityRules/AllowVnetInBound","etag":"W/\"2a5e6c17-c7e9-4411-b816-fca8df98697d\"","properties":{"provisioningState":"Succeeded","description":"Allow
        inbound traffic from all VMs in VNET","protocol":"*","sourcePortRange":"*","destinationPortRange":"*","sourceAddressPrefix":"VirtualNetwork","destinationAddressPrefix":"VirtualNetwork","access":"Allow","priority":65000,"direction":"Inbound","sourcePortRanges":[],"destinationPortRanges":[],"sourceAddressPrefixes":[],"destinationAddressPrefixes":[]}},{"name":"AllowAzureLoadBalancerInBound","id":"/subscriptions/00000000-0000-0000-0000-000000000000/resourceGroups/yugangwmsi/providers/Microsoft.Network/networkSecurityGroups/yugangwmsi-2NSG/defaultSecurityRules/AllowAzureLoadBalancerInBound","etag":"W/\"2a5e6c17-c7e9-4411-b816-fca8df98697d\"","properties":{"provisioningState":"Succeeded","description":"Allow
        inbound traffic from azure load balancer","protocol":"*","sourcePortRange":"*","destinationPortRange":"*","sourceAddressPrefix":"AzureLoadBalancer","destinationAddressPrefix":"*","access":"Allow","priority":65001,"direction":"Inbound","sourcePortRanges":[],"destinationPortRanges":[],"sourceAddressPrefixes":[],"destinationAddressPrefixes":[]}},{"name":"DenyAllInBound","id":"/subscriptions/00000000-0000-0000-0000-000000000000/resourceGroups/yugangwmsi/providers/Microsoft.Network/networkSecurityGroups/yugangwmsi-2NSG/defaultSecurityRules/DenyAllInBound","etag":"W/\"2a5e6c17-c7e9-4411-b816-fca8df98697d\"","properties":{"provisioningState":"Succeeded","description":"Deny
        all inbound traffic","protocol":"*","sourcePortRange":"*","destinationPortRange":"*","sourceAddressPrefix":"*","destinationAddressPrefix":"*","access":"Deny","priority":65500,"direction":"Inbound","sourcePortRanges":[],"destinationPortRanges":[],"sourceAddressPrefixes":[],"destinationAddressPrefixes":[]}},{"name":"AllowVnetOutBound","id":"/subscriptions/00000000-0000-0000-0000-000000000000/resourceGroups/yugangwmsi/providers/Microsoft.Network/networkSecurityGroups/yugangwmsi-2NSG/defaultSecurityRules/AllowVnetOutBound","etag":"W/\"2a5e6c17-c7e9-4411-b816-fca8df98697d\"","properties":{"provisioningState":"Succeeded","description":"Allow
        outbound traffic from all VMs to all VMs in VNET","protocol":"*","sourcePortRange":"*","destinationPortRange":"*","sourceAddressPrefix":"VirtualNetwork","destinationAddressPrefix":"VirtualNetwork","access":"Allow","priority":65000,"direction":"Outbound","sourcePortRanges":[],"destinationPortRanges":[],"sourceAddressPrefixes":[],"destinationAddressPrefixes":[]}},{"name":"AllowInternetOutBound","id":"/subscriptions/00000000-0000-0000-0000-000000000000/resourceGroups/yugangwmsi/providers/Microsoft.Network/networkSecurityGroups/yugangwmsi-2NSG/defaultSecurityRules/AllowInternetOutBound","etag":"W/\"2a5e6c17-c7e9-4411-b816-fca8df98697d\"","properties":{"provisioningState":"Succeeded","description":"Allow
        outbound traffic from all VMs to Internet","protocol":"*","sourcePortRange":"*","destinationPortRange":"*","sourceAddressPrefix":"*","destinationAddressPrefix":"Internet","access":"Allow","priority":65001,"direction":"Outbound","sourcePortRanges":[],"destinationPortRanges":[],"sourceAddressPrefixes":[],"destinationAddressPrefixes":[]}},{"name":"DenyAllOutBound","id":"/subscriptions/00000000-0000-0000-0000-000000000000/resourceGroups/yugangwmsi/providers/Microsoft.Network/networkSecurityGroups/yugangwmsi-2NSG/defaultSecurityRules/DenyAllOutBound","etag":"W/\"2a5e6c17-c7e9-4411-b816-fca8df98697d\"","properties":{"provisioningState":"Succeeded","description":"Deny
        all outbound traffic","protocol":"*","sourcePortRange":"*","destinationPortRange":"*","sourceAddressPrefix":"*","destinationAddressPrefix":"*","access":"Deny","priority":65500,"direction":"Outbound","sourcePortRanges":[],"destinationPortRanges":[],"sourceAddressPrefixes":[],"destinationAddressPrefixes":[]}}],"networkInterfaces":[{"id":"/subscriptions/00000000-0000-0000-0000-000000000000/resourceGroups/yugangwmsi/providers/Microsoft.Network/networkInterfaces/yugangwmsi-2VMNic"}]}}]}'}
    headers:
      Cache-Control: [no-cache]
      Content-Type: [application/json; charset=utf-8]
      Date: ['Fri, 25 Aug 2017 22:21:26 GMT']
      Expires: ['-1']
      Pragma: [no-cache]
      Strict-Transport-Security: [max-age=31536000; includeSubDomains]
      Vary: [Accept-Encoding]
      content-length: ['64769']
      x-ms-original-request-ids: [433820f0-3848-4613-8cb2-6b3121635251, b691dfce-53ec-4c30-b99f-a41b3219d133]
    status: {code: 200, message: OK}
- request:
    body: null
    headers:
      Accept: [application/json]
      Accept-Encoding: ['gzip, deflate']
      Connection: [keep-alive]
      Content-Type: [application/json; charset=utf-8]
      User-Agent: [python/3.5.3 (Windows-10-10.0.15063-SP0) requests/2.9.1 msrest/0.4.13
          msrest_azure/0.4.11 networkmanagementclient/1.4.0 Azure-SDK-For-Python AZURECLI/TEST/2.0.13+dev]
      accept-language: [en-US]
      x-ms-client-request-id: [bccb7f70-89e3-11e7-a036-a0b3ccf7272a]
    method: GET
    uri: https://management.azure.com/subscriptions/00000000-0000-0000-0000-000000000000/resourceGroups/cli_test_nsg/providers/Microsoft.Network/networkSecurityGroups?api-version=2017-08-01
  response:
    body: {string: "{\r\n  \"value\": [\r\n    {\r\n      \"name\": \"test-nsg1\"\
        ,\r\n      \"id\": \"/subscriptions/00000000-0000-0000-0000-000000000000/resourceGroups/cli_test_nsg/providers/Microsoft.Network/networkSecurityGroups/test-nsg1\"\
        ,\r\n      \"etag\": \"W/\\\"a05f0aa1-5870-4222-b872-4f4106f927d0\\\"\",\r\
        \n      \"type\": \"Microsoft.Network/networkSecurityGroups\",\r\n      \"\
        location\": \"westus\",\r\n      \"properties\": {\r\n        \"provisioningState\"\
        : \"Succeeded\",\r\n        \"resourceGuid\": \"c7111776-409f-46a6-8214-57aaceebf77e\"\
        ,\r\n        \"securityRules\": [\r\n          {\r\n            \"name\":\
        \ \"web\",\r\n            \"id\": \"/subscriptions/00000000-0000-0000-0000-000000000000/resourceGroups/cli_test_nsg/providers/Microsoft.Network/networkSecurityGroups/test-nsg1/securityRules/web\"\
        ,\r\n            \"etag\": \"W/\\\"a05f0aa1-5870-4222-b872-4f4106f927d0\\\"\
        \",\r\n            \"properties\": {\r\n              \"provisioningState\"\
        : \"Succeeded\",\r\n              \"protocol\": \"*\",\r\n              \"\
        sourcePortRange\": \"*\",\r\n              \"destinationPortRange\": \"4444\"\
        ,\r\n              \"sourceAddressPrefix\": \"789\",\r\n              \"destinationAddressPrefix\"\
        : \"1234\",\r\n              \"access\": \"Allow\",\r\n              \"priority\"\
        : 1000,\r\n              \"direction\": \"Inbound\",\r\n              \"sourcePortRanges\"\
        : [],\r\n              \"destinationPortRanges\": [],\r\n              \"\
        sourceAddressPrefixes\": [],\r\n              \"destinationAddressPrefixes\"\
        : []\r\n            }\r\n          }\r\n        ],\r\n        \"defaultSecurityRules\"\
        : [\r\n          {\r\n            \"name\": \"AllowVnetInBound\",\r\n    \
        \        \"id\": \"/subscriptions/00000000-0000-0000-0000-000000000000/resourceGroups/cli_test_nsg/providers/Microsoft.Network/networkSecurityGroups/test-nsg1/defaultSecurityRules/AllowVnetInBound\"\
        ,\r\n            \"etag\": \"W/\\\"a05f0aa1-5870-4222-b872-4f4106f927d0\\\"\
        \",\r\n            \"properties\": {\r\n              \"provisioningState\"\
        : \"Succeeded\",\r\n              \"description\": \"Allow inbound traffic\
        \ from all VMs in VNET\",\r\n              \"protocol\": \"*\",\r\n      \
        \        \"sourcePortRange\": \"*\",\r\n              \"destinationPortRange\"\
        : \"*\",\r\n              \"sourceAddressPrefix\": \"VirtualNetwork\",\r\n\
        \              \"destinationAddressPrefix\": \"VirtualNetwork\",\r\n     \
        \         \"access\": \"Allow\",\r\n              \"priority\": 65000,\r\n\
        \              \"direction\": \"Inbound\",\r\n              \"sourcePortRanges\"\
        : [],\r\n              \"destinationPortRanges\": [],\r\n              \"\
        sourceAddressPrefixes\": [],\r\n              \"destinationAddressPrefixes\"\
        : []\r\n            }\r\n          },\r\n          {\r\n            \"name\"\
        : \"AllowAzureLoadBalancerInBound\",\r\n            \"id\": \"/subscriptions/00000000-0000-0000-0000-000000000000/resourceGroups/cli_test_nsg/providers/Microsoft.Network/networkSecurityGroups/test-nsg1/defaultSecurityRules/AllowAzureLoadBalancerInBound\"\
        ,\r\n            \"etag\": \"W/\\\"a05f0aa1-5870-4222-b872-4f4106f927d0\\\"\
        \",\r\n            \"properties\": {\r\n              \"provisioningState\"\
        : \"Succeeded\",\r\n              \"description\": \"Allow inbound traffic\
        \ from azure load balancer\",\r\n              \"protocol\": \"*\",\r\n  \
        \            \"sourcePortRange\": \"*\",\r\n              \"destinationPortRange\"\
        : \"*\",\r\n              \"sourceAddressPrefix\": \"AzureLoadBalancer\",\r\
        \n              \"destinationAddressPrefix\": \"*\",\r\n              \"access\"\
        : \"Allow\",\r\n              \"priority\": 65001,\r\n              \"direction\"\
        : \"Inbound\",\r\n              \"sourcePortRanges\": [],\r\n            \
        \  \"destinationPortRanges\": [],\r\n              \"sourceAddressPrefixes\"\
        : [],\r\n              \"destinationAddressPrefixes\": []\r\n            }\r\
        \n          },\r\n          {\r\n            \"name\": \"DenyAllInBound\"\
        ,\r\n            \"id\": \"/subscriptions/00000000-0000-0000-0000-000000000000/resourceGroups/cli_test_nsg/providers/Microsoft.Network/networkSecurityGroups/test-nsg1/defaultSecurityRules/DenyAllInBound\"\
        ,\r\n            \"etag\": \"W/\\\"a05f0aa1-5870-4222-b872-4f4106f927d0\\\"\
        \",\r\n            \"properties\": {\r\n              \"provisioningState\"\
        : \"Succeeded\",\r\n              \"description\": \"Deny all inbound traffic\"\
        ,\r\n              \"protocol\": \"*\",\r\n              \"sourcePortRange\"\
        : \"*\",\r\n              \"destinationPortRange\": \"*\",\r\n           \
        \   \"sourceAddressPrefix\": \"*\",\r\n              \"destinationAddressPrefix\"\
        : \"*\",\r\n              \"access\": \"Deny\",\r\n              \"priority\"\
        : 65500,\r\n              \"direction\": \"Inbound\",\r\n              \"\
        sourcePortRanges\": [],\r\n              \"destinationPortRanges\": [],\r\n\
        \              \"sourceAddressPrefixes\": [],\r\n              \"destinationAddressPrefixes\"\
        : []\r\n            }\r\n          },\r\n          {\r\n            \"name\"\
        : \"AllowVnetOutBound\",\r\n            \"id\": \"/subscriptions/00000000-0000-0000-0000-000000000000/resourceGroups/cli_test_nsg/providers/Microsoft.Network/networkSecurityGroups/test-nsg1/defaultSecurityRules/AllowVnetOutBound\"\
        ,\r\n            \"etag\": \"W/\\\"a05f0aa1-5870-4222-b872-4f4106f927d0\\\"\
        \",\r\n            \"properties\": {\r\n              \"provisioningState\"\
        : \"Succeeded\",\r\n              \"description\": \"Allow outbound traffic\
        \ from all VMs to all VMs in VNET\",\r\n              \"protocol\": \"*\"\
        ,\r\n              \"sourcePortRange\": \"*\",\r\n              \"destinationPortRange\"\
        : \"*\",\r\n              \"sourceAddressPrefix\": \"VirtualNetwork\",\r\n\
        \              \"destinationAddressPrefix\": \"VirtualNetwork\",\r\n     \
        \         \"access\": \"Allow\",\r\n              \"priority\": 65000,\r\n\
        \              \"direction\": \"Outbound\",\r\n              \"sourcePortRanges\"\
        : [],\r\n              \"destinationPortRanges\": [],\r\n              \"\
        sourceAddressPrefixes\": [],\r\n              \"destinationAddressPrefixes\"\
        : []\r\n            }\r\n          },\r\n          {\r\n            \"name\"\
        : \"AllowInternetOutBound\",\r\n            \"id\": \"/subscriptions/00000000-0000-0000-0000-000000000000/resourceGroups/cli_test_nsg/providers/Microsoft.Network/networkSecurityGroups/test-nsg1/defaultSecurityRules/AllowInternetOutBound\"\
        ,\r\n            \"etag\": \"W/\\\"a05f0aa1-5870-4222-b872-4f4106f927d0\\\"\
        \",\r\n            \"properties\": {\r\n              \"provisioningState\"\
        : \"Succeeded\",\r\n              \"description\": \"Allow outbound traffic\
        \ from all VMs to Internet\",\r\n              \"protocol\": \"*\",\r\n  \
        \            \"sourcePortRange\": \"*\",\r\n              \"destinationPortRange\"\
        : \"*\",\r\n              \"sourceAddressPrefix\": \"*\",\r\n            \
        \  \"destinationAddressPrefix\": \"Internet\",\r\n              \"access\"\
        : \"Allow\",\r\n              \"priority\": 65001,\r\n              \"direction\"\
        : \"Outbound\",\r\n              \"sourcePortRanges\": [],\r\n           \
        \   \"destinationPortRanges\": [],\r\n              \"sourceAddressPrefixes\"\
        : [],\r\n              \"destinationAddressPrefixes\": []\r\n            }\r\
        \n          },\r\n          {\r\n            \"name\": \"DenyAllOutBound\"\
        ,\r\n            \"id\": \"/subscriptions/00000000-0000-0000-0000-000000000000/resourceGroups/cli_test_nsg/providers/Microsoft.Network/networkSecurityGroups/test-nsg1/defaultSecurityRules/DenyAllOutBound\"\
        ,\r\n            \"etag\": \"W/\\\"a05f0aa1-5870-4222-b872-4f4106f927d0\\\"\
        \",\r\n            \"properties\": {\r\n              \"provisioningState\"\
        : \"Succeeded\",\r\n              \"description\": \"Deny all outbound traffic\"\
        ,\r\n              \"protocol\": \"*\",\r\n              \"sourcePortRange\"\
        : \"*\",\r\n              \"destinationPortRange\": \"*\",\r\n           \
        \   \"sourceAddressPrefix\": \"*\",\r\n              \"destinationAddressPrefix\"\
        : \"*\",\r\n              \"access\": \"Deny\",\r\n              \"priority\"\
        : 65500,\r\n              \"direction\": \"Outbound\",\r\n              \"\
        sourcePortRanges\": [],\r\n              \"destinationPortRanges\": [],\r\n\
        \              \"sourceAddressPrefixes\": [],\r\n              \"destinationAddressPrefixes\"\
        : []\r\n            }\r\n          }\r\n        ]\r\n      }\r\n    }\r\n\
        \  ]\r\n}"}
    headers:
      Cache-Control: [no-cache]
      Content-Type: [application/json; charset=utf-8]
      Date: ['Fri, 25 Aug 2017 22:21:27 GMT']
      Expires: ['-1']
      Pragma: [no-cache]
      Server: [Microsoft-HTTPAPI/2.0, Microsoft-HTTPAPI/2.0]
      Strict-Transport-Security: [max-age=31536000; includeSubDomains]
      Transfer-Encoding: [chunked]
      Vary: [Accept-Encoding]
      content-length: ['7577']
    status: {code: 200, message: OK}
- request:
    body: null
    headers:
      Accept: [application/json]
      Accept-Encoding: ['gzip, deflate']
      Connection: [keep-alive]
      Content-Type: [application/json; charset=utf-8]
      User-Agent: [python/3.5.3 (Windows-10-10.0.15063-SP0) requests/2.9.1 msrest/0.4.13
          msrest_azure/0.4.11 networkmanagementclient/1.4.0 Azure-SDK-For-Python AZURECLI/TEST/2.0.13+dev]
      accept-language: [en-US]
      x-ms-client-request-id: [bcfde948-89e3-11e7-a3d3-a0b3ccf7272a]
    method: GET
    uri: https://management.azure.com/subscriptions/00000000-0000-0000-0000-000000000000/resourceGroups/cli_test_nsg/providers/Microsoft.Network/networkSecurityGroups/test-nsg1?api-version=2017-08-01
  response:
    body: {string: "{\r\n  \"name\": \"test-nsg1\",\r\n  \"id\": \"/subscriptions/00000000-0000-0000-0000-000000000000/resourceGroups/cli_test_nsg/providers/Microsoft.Network/networkSecurityGroups/test-nsg1\"\
        ,\r\n  \"etag\": \"W/\\\"a05f0aa1-5870-4222-b872-4f4106f927d0\\\"\",\r\n \
        \ \"type\": \"Microsoft.Network/networkSecurityGroups\",\r\n  \"location\"\
        : \"westus\",\r\n  \"properties\": {\r\n    \"provisioningState\": \"Succeeded\"\
        ,\r\n    \"resourceGuid\": \"c7111776-409f-46a6-8214-57aaceebf77e\",\r\n \
        \   \"securityRules\": [\r\n      {\r\n        \"name\": \"web\",\r\n    \
        \    \"id\": \"/subscriptions/00000000-0000-0000-0000-000000000000/resourceGroups/cli_test_nsg/providers/Microsoft.Network/networkSecurityGroups/test-nsg1/securityRules/web\"\
        ,\r\n        \"etag\": \"W/\\\"a05f0aa1-5870-4222-b872-4f4106f927d0\\\"\"\
        ,\r\n        \"properties\": {\r\n          \"provisioningState\": \"Succeeded\"\
        ,\r\n          \"protocol\": \"*\",\r\n          \"sourcePortRange\": \"*\"\
        ,\r\n          \"destinationPortRange\": \"4444\",\r\n          \"sourceAddressPrefix\"\
        : \"789\",\r\n          \"destinationAddressPrefix\": \"1234\",\r\n      \
        \    \"access\": \"Allow\",\r\n          \"priority\": 1000,\r\n         \
        \ \"direction\": \"Inbound\",\r\n          \"sourcePortRanges\": [],\r\n \
        \         \"destinationPortRanges\": [],\r\n          \"sourceAddressPrefixes\"\
        : [],\r\n          \"destinationAddressPrefixes\": []\r\n        }\r\n   \
        \   }\r\n    ],\r\n    \"defaultSecurityRules\": [\r\n      {\r\n        \"\
        name\": \"AllowVnetInBound\",\r\n        \"id\": \"/subscriptions/00000000-0000-0000-0000-000000000000/resourceGroups/cli_test_nsg/providers/Microsoft.Network/networkSecurityGroups/test-nsg1/defaultSecurityRules/AllowVnetInBound\"\
        ,\r\n        \"etag\": \"W/\\\"a05f0aa1-5870-4222-b872-4f4106f927d0\\\"\"\
        ,\r\n        \"properties\": {\r\n          \"provisioningState\": \"Succeeded\"\
        ,\r\n          \"description\": \"Allow inbound traffic from all VMs in VNET\"\
        ,\r\n          \"protocol\": \"*\",\r\n          \"sourcePortRange\": \"*\"\
        ,\r\n          \"destinationPortRange\": \"*\",\r\n          \"sourceAddressPrefix\"\
        : \"VirtualNetwork\",\r\n          \"destinationAddressPrefix\": \"VirtualNetwork\"\
        ,\r\n          \"access\": \"Allow\",\r\n          \"priority\": 65000,\r\n\
        \          \"direction\": \"Inbound\",\r\n          \"sourcePortRanges\":\
        \ [],\r\n          \"destinationPortRanges\": [],\r\n          \"sourceAddressPrefixes\"\
        : [],\r\n          \"destinationAddressPrefixes\": []\r\n        }\r\n   \
        \   },\r\n      {\r\n        \"name\": \"AllowAzureLoadBalancerInBound\",\r\
        \n        \"id\": \"/subscriptions/00000000-0000-0000-0000-000000000000/resourceGroups/cli_test_nsg/providers/Microsoft.Network/networkSecurityGroups/test-nsg1/defaultSecurityRules/AllowAzureLoadBalancerInBound\"\
        ,\r\n        \"etag\": \"W/\\\"a05f0aa1-5870-4222-b872-4f4106f927d0\\\"\"\
        ,\r\n        \"properties\": {\r\n          \"provisioningState\": \"Succeeded\"\
        ,\r\n          \"description\": \"Allow inbound traffic from azure load balancer\"\
        ,\r\n          \"protocol\": \"*\",\r\n          \"sourcePortRange\": \"*\"\
        ,\r\n          \"destinationPortRange\": \"*\",\r\n          \"sourceAddressPrefix\"\
        : \"AzureLoadBalancer\",\r\n          \"destinationAddressPrefix\": \"*\"\
        ,\r\n          \"access\": \"Allow\",\r\n          \"priority\": 65001,\r\n\
        \          \"direction\": \"Inbound\",\r\n          \"sourcePortRanges\":\
        \ [],\r\n          \"destinationPortRanges\": [],\r\n          \"sourceAddressPrefixes\"\
        : [],\r\n          \"destinationAddressPrefixes\": []\r\n        }\r\n   \
        \   },\r\n      {\r\n        \"name\": \"DenyAllInBound\",\r\n        \"id\"\
        : \"/subscriptions/00000000-0000-0000-0000-000000000000/resourceGroups/cli_test_nsg/providers/Microsoft.Network/networkSecurityGroups/test-nsg1/defaultSecurityRules/DenyAllInBound\"\
        ,\r\n        \"etag\": \"W/\\\"a05f0aa1-5870-4222-b872-4f4106f927d0\\\"\"\
        ,\r\n        \"properties\": {\r\n          \"provisioningState\": \"Succeeded\"\
        ,\r\n          \"description\": \"Deny all inbound traffic\",\r\n        \
        \  \"protocol\": \"*\",\r\n          \"sourcePortRange\": \"*\",\r\n     \
        \     \"destinationPortRange\": \"*\",\r\n          \"sourceAddressPrefix\"\
        : \"*\",\r\n          \"destinationAddressPrefix\": \"*\",\r\n          \"\
        access\": \"Deny\",\r\n          \"priority\": 65500,\r\n          \"direction\"\
        : \"Inbound\",\r\n          \"sourcePortRanges\": [],\r\n          \"destinationPortRanges\"\
        : [],\r\n          \"sourceAddressPrefixes\": [],\r\n          \"destinationAddressPrefixes\"\
        : []\r\n        }\r\n      },\r\n      {\r\n        \"name\": \"AllowVnetOutBound\"\
        ,\r\n        \"id\": \"/subscriptions/00000000-0000-0000-0000-000000000000/resourceGroups/cli_test_nsg/providers/Microsoft.Network/networkSecurityGroups/test-nsg1/defaultSecurityRules/AllowVnetOutBound\"\
        ,\r\n        \"etag\": \"W/\\\"a05f0aa1-5870-4222-b872-4f4106f927d0\\\"\"\
        ,\r\n        \"properties\": {\r\n          \"provisioningState\": \"Succeeded\"\
        ,\r\n          \"description\": \"Allow outbound traffic from all VMs to all\
        \ VMs in VNET\",\r\n          \"protocol\": \"*\",\r\n          \"sourcePortRange\"\
        : \"*\",\r\n          \"destinationPortRange\": \"*\",\r\n          \"sourceAddressPrefix\"\
        : \"VirtualNetwork\",\r\n          \"destinationAddressPrefix\": \"VirtualNetwork\"\
        ,\r\n          \"access\": \"Allow\",\r\n          \"priority\": 65000,\r\n\
        \          \"direction\": \"Outbound\",\r\n          \"sourcePortRanges\"\
        : [],\r\n          \"destinationPortRanges\": [],\r\n          \"sourceAddressPrefixes\"\
        : [],\r\n          \"destinationAddressPrefixes\": []\r\n        }\r\n   \
        \   },\r\n      {\r\n        \"name\": \"AllowInternetOutBound\",\r\n    \
        \    \"id\": \"/subscriptions/00000000-0000-0000-0000-000000000000/resourceGroups/cli_test_nsg/providers/Microsoft.Network/networkSecurityGroups/test-nsg1/defaultSecurityRules/AllowInternetOutBound\"\
        ,\r\n        \"etag\": \"W/\\\"a05f0aa1-5870-4222-b872-4f4106f927d0\\\"\"\
        ,\r\n        \"properties\": {\r\n          \"provisioningState\": \"Succeeded\"\
        ,\r\n          \"description\": \"Allow outbound traffic from all VMs to Internet\"\
        ,\r\n          \"protocol\": \"*\",\r\n          \"sourcePortRange\": \"*\"\
        ,\r\n          \"destinationPortRange\": \"*\",\r\n          \"sourceAddressPrefix\"\
        : \"*\",\r\n          \"destinationAddressPrefix\": \"Internet\",\r\n    \
        \      \"access\": \"Allow\",\r\n          \"priority\": 65001,\r\n      \
        \    \"direction\": \"Outbound\",\r\n          \"sourcePortRanges\": [],\r\
        \n          \"destinationPortRanges\": [],\r\n          \"sourceAddressPrefixes\"\
        : [],\r\n          \"destinationAddressPrefixes\": []\r\n        }\r\n   \
        \   },\r\n      {\r\n        \"name\": \"DenyAllOutBound\",\r\n        \"\
        id\": \"/subscriptions/00000000-0000-0000-0000-000000000000/resourceGroups/cli_test_nsg/providers/Microsoft.Network/networkSecurityGroups/test-nsg1/defaultSecurityRules/DenyAllOutBound\"\
        ,\r\n        \"etag\": \"W/\\\"a05f0aa1-5870-4222-b872-4f4106f927d0\\\"\"\
        ,\r\n        \"properties\": {\r\n          \"provisioningState\": \"Succeeded\"\
        ,\r\n          \"description\": \"Deny all outbound traffic\",\r\n       \
        \   \"protocol\": \"*\",\r\n          \"sourcePortRange\": \"*\",\r\n    \
        \      \"destinationPortRange\": \"*\",\r\n          \"sourceAddressPrefix\"\
        : \"*\",\r\n          \"destinationAddressPrefix\": \"*\",\r\n          \"\
        access\": \"Deny\",\r\n          \"priority\": 65500,\r\n          \"direction\"\
        : \"Outbound\",\r\n          \"sourcePortRanges\": [],\r\n          \"destinationPortRanges\"\
        : [],\r\n          \"sourceAddressPrefixes\": [],\r\n          \"destinationAddressPrefixes\"\
        : []\r\n        }\r\n      }\r\n    ]\r\n  }\r\n}"}
    headers:
      Cache-Control: [no-cache]
      Content-Type: [application/json; charset=utf-8]
      Date: ['Fri, 25 Aug 2017 22:21:27 GMT']
      ETag: [W/"a05f0aa1-5870-4222-b872-4f4106f927d0"]
      Expires: ['-1']
      Pragma: [no-cache]
      Server: [Microsoft-HTTPAPI/2.0, Microsoft-HTTPAPI/2.0]
      Strict-Transport-Security: [max-age=31536000; includeSubDomains]
      Transfer-Encoding: [chunked]
      Vary: [Accept-Encoding]
      content-length: ['6908']
    status: {code: 200, message: OK}
- request:
    body: null
    headers:
      Accept: [application/json]
      Accept-Encoding: ['gzip, deflate']
      Connection: [keep-alive]
      Content-Type: [application/json; charset=utf-8]
      User-Agent: [python/3.5.3 (Windows-10-10.0.15063-SP0) requests/2.9.1 msrest/0.4.13
          msrest_azure/0.4.11 networkmanagementclient/1.4.0 Azure-SDK-For-Python AZURECLI/TEST/2.0.13+dev]
      accept-language: [en-US]
      x-ms-client-request-id: [bd1fa04a-89e3-11e7-8b2f-a0b3ccf7272a]
    method: GET
    uri: https://management.azure.com/subscriptions/00000000-0000-0000-0000-000000000000/resourceGroups/cli_test_nsg/providers/Microsoft.Network/networkSecurityGroups/test-nsg1/securityRules?api-version=2017-08-01
  response:
    body: {string: "{\r\n  \"value\": [\r\n    {\r\n      \"name\": \"web\",\r\n \
        \     \"id\": \"/subscriptions/00000000-0000-0000-0000-000000000000/resourceGroups/cli_test_nsg/providers/Microsoft.Network/networkSecurityGroups/test-nsg1/securityRules/web\"\
        ,\r\n      \"etag\": \"W/\\\"a05f0aa1-5870-4222-b872-4f4106f927d0\\\"\",\r\
        \n      \"properties\": {\r\n        \"provisioningState\": \"Succeeded\"\
        ,\r\n        \"protocol\": \"*\",\r\n        \"sourcePortRange\": \"*\",\r\
        \n        \"destinationPortRange\": \"4444\",\r\n        \"sourceAddressPrefix\"\
        : \"789\",\r\n        \"destinationAddressPrefix\": \"1234\",\r\n        \"\
        access\": \"Allow\",\r\n        \"priority\": 1000,\r\n        \"direction\"\
        : \"Inbound\",\r\n        \"sourcePortRanges\": [],\r\n        \"destinationPortRanges\"\
        : [],\r\n        \"sourceAddressPrefixes\": [],\r\n        \"destinationAddressPrefixes\"\
        : []\r\n      }\r\n    }\r\n  ]\r\n}"}
    headers:
      Cache-Control: [no-cache]
      Content-Type: [application/json; charset=utf-8]
      Date: ['Fri, 25 Aug 2017 22:21:27 GMT']
      Expires: ['-1']
      Pragma: [no-cache]
      Server: [Microsoft-HTTPAPI/2.0, Microsoft-HTTPAPI/2.0]
      Strict-Transport-Security: [max-age=31536000; includeSubDomains]
      Transfer-Encoding: [chunked]
      Vary: [Accept-Encoding]
      content-length: ['798']
    status: {code: 200, message: OK}
- request:
    body: null
    headers:
      Accept: [application/json]
      Accept-Encoding: ['gzip, deflate']
      Connection: [keep-alive]
      Content-Type: [application/json; charset=utf-8]
      User-Agent: [python/3.5.3 (Windows-10-10.0.15063-SP0) requests/2.9.1 msrest/0.4.13
          msrest_azure/0.4.11 networkmanagementclient/1.4.0 Azure-SDK-For-Python AZURECLI/TEST/2.0.13+dev]
      accept-language: [en-US]
      x-ms-client-request-id: [bd548fb0-89e3-11e7-903c-a0b3ccf7272a]
    method: GET
    uri: https://management.azure.com/subscriptions/00000000-0000-0000-0000-000000000000/resourceGroups/cli_test_nsg/providers/Microsoft.Network/networkSecurityGroups/test-nsg1/securityRules/web?api-version=2017-08-01
  response:
    body: {string: "{\r\n  \"name\": \"web\",\r\n  \"id\": \"/subscriptions/00000000-0000-0000-0000-000000000000/resourceGroups/cli_test_nsg/providers/Microsoft.Network/networkSecurityGroups/test-nsg1/securityRules/web\"\
        ,\r\n  \"etag\": \"W/\\\"a05f0aa1-5870-4222-b872-4f4106f927d0\\\"\",\r\n \
        \ \"properties\": {\r\n    \"provisioningState\": \"Succeeded\",\r\n    \"\
        protocol\": \"*\",\r\n    \"sourcePortRange\": \"*\",\r\n    \"destinationPortRange\"\
        : \"4444\",\r\n    \"sourceAddressPrefix\": \"789\",\r\n    \"destinationAddressPrefix\"\
        : \"1234\",\r\n    \"access\": \"Allow\",\r\n    \"priority\": 1000,\r\n \
        \   \"direction\": \"Inbound\",\r\n    \"sourcePortRanges\": [],\r\n    \"\
        destinationPortRanges\": [],\r\n    \"sourceAddressPrefixes\": [],\r\n   \
        \ \"destinationAddressPrefixes\": []\r\n  }\r\n}"}
    headers:
      Cache-Control: [no-cache]
      Content-Type: [application/json; charset=utf-8]
      Date: ['Fri, 25 Aug 2017 22:21:27 GMT']
      ETag: [W/"a05f0aa1-5870-4222-b872-4f4106f927d0"]
      Expires: ['-1']
      Pragma: [no-cache]
      Server: [Microsoft-HTTPAPI/2.0, Microsoft-HTTPAPI/2.0]
      Strict-Transport-Security: [max-age=31536000; includeSubDomains]
      Transfer-Encoding: [chunked]
      Vary: [Accept-Encoding]
      content-length: ['693']
    status: {code: 200, message: OK}
- request:
    body: null
    headers:
      Accept: [application/json]
      Accept-Encoding: ['gzip, deflate']
      Connection: [keep-alive]
      Content-Type: [application/json; charset=utf-8]
      User-Agent: [python/3.5.3 (Windows-10-10.0.15063-SP0) requests/2.9.1 msrest/0.4.13
          msrest_azure/0.4.11 networkmanagementclient/1.4.0 Azure-SDK-For-Python AZURECLI/TEST/2.0.13+dev]
      accept-language: [en-US]
      x-ms-client-request-id: [bd7e7a38-89e3-11e7-ae44-a0b3ccf7272a]
    method: GET
    uri: https://management.azure.com/subscriptions/00000000-0000-0000-0000-000000000000/resourceGroups/cli_test_nsg/providers/Microsoft.Network/networkSecurityGroups/test-nsg1/securityRules/web?api-version=2017-08-01
  response:
    body: {string: "{\r\n  \"name\": \"web\",\r\n  \"id\": \"/subscriptions/00000000-0000-0000-0000-000000000000/resourceGroups/cli_test_nsg/providers/Microsoft.Network/networkSecurityGroups/test-nsg1/securityRules/web\"\
        ,\r\n  \"etag\": \"W/\\\"a05f0aa1-5870-4222-b872-4f4106f927d0\\\"\",\r\n \
        \ \"properties\": {\r\n    \"provisioningState\": \"Succeeded\",\r\n    \"\
        protocol\": \"*\",\r\n    \"sourcePortRange\": \"*\",\r\n    \"destinationPortRange\"\
        : \"4444\",\r\n    \"sourceAddressPrefix\": \"789\",\r\n    \"destinationAddressPrefix\"\
        : \"1234\",\r\n    \"access\": \"Allow\",\r\n    \"priority\": 1000,\r\n \
        \   \"direction\": \"Inbound\",\r\n    \"sourcePortRanges\": [],\r\n    \"\
        destinationPortRanges\": [],\r\n    \"sourceAddressPrefixes\": [],\r\n   \
        \ \"destinationAddressPrefixes\": []\r\n  }\r\n}"}
    headers:
      Cache-Control: [no-cache]
      Content-Type: [application/json; charset=utf-8]
      Date: ['Fri, 25 Aug 2017 22:21:28 GMT']
      ETag: [W/"a05f0aa1-5870-4222-b872-4f4106f927d0"]
      Expires: ['-1']
      Pragma: [no-cache]
      Server: [Microsoft-HTTPAPI/2.0, Microsoft-HTTPAPI/2.0]
      Strict-Transport-Security: [max-age=31536000; includeSubDomains]
      Transfer-Encoding: [chunked]
      Vary: [Accept-Encoding]
      content-length: ['693']
    status: {code: 200, message: OK}
- request:
    body: '{"properties": {"protocol": "Tcp", "direction": "Outbound", "sourceAddressPrefix":
      "111", "description": "greatrule", "access": "Deny", "destinationPortRange":
      "1234-1235", "destinationAddressPrefix": "111", "provisioningState": "Succeeded",
      "priority": 888, "sourcePortRange": "1234-1235"}, "name": "web", "id": "/subscriptions/0b1f6471-1bf0-4dda-aec3-cb9272f09590/resourceGroups/cli_test_nsg/providers/Microsoft.Network/networkSecurityGroups/test-nsg1/securityRules/web",
      "etag": "W/\"a05f0aa1-5870-4222-b872-4f4106f927d0\""}'
    headers:
      Accept: [application/json]
      Accept-Encoding: ['gzip, deflate']
      Connection: [keep-alive]
      Content-Length: ['533']
      Content-Type: [application/json; charset=utf-8]
      User-Agent: [python/3.5.3 (Windows-10-10.0.15063-SP0) requests/2.9.1 msrest/0.4.13
          msrest_azure/0.4.11 networkmanagementclient/1.4.0 Azure-SDK-For-Python AZURECLI/TEST/2.0.13+dev]
      accept-language: [en-US]
      x-ms-client-request-id: [bdb91bc6-89e3-11e7-9ff9-a0b3ccf7272a]
    method: PUT
    uri: https://management.azure.com/subscriptions/00000000-0000-0000-0000-000000000000/resourceGroups/cli_test_nsg/providers/Microsoft.Network/networkSecurityGroups/test-nsg1/securityRules/web?api-version=2017-08-01
  response:
    body: {string: "{\r\n  \"name\": \"web\",\r\n  \"id\": \"/subscriptions/00000000-0000-0000-0000-000000000000/resourceGroups/cli_test_nsg/providers/Microsoft.Network/networkSecurityGroups/test-nsg1/securityRules/web\"\
        ,\r\n  \"etag\": \"W/\\\"2c6a7199-ad3e-4211-bfd4-78957fda0531\\\"\",\r\n \
        \ \"properties\": {\r\n    \"provisioningState\": \"Updating\",\r\n    \"\
        description\": \"greatrule\",\r\n    \"protocol\": \"Tcp\",\r\n    \"sourcePortRange\"\
        : \"1234-1235\",\r\n    \"destinationPortRange\": \"1234-1235\",\r\n    \"\
        sourceAddressPrefix\": \"111\",\r\n    \"destinationAddressPrefix\": \"111\"\
        ,\r\n    \"access\": \"Deny\",\r\n    \"priority\": 888,\r\n    \"direction\"\
        : \"Outbound\",\r\n    \"sourcePortRanges\": [],\r\n    \"destinationPortRanges\"\
        : [],\r\n    \"sourceAddressPrefixes\": [],\r\n    \"destinationAddressPrefixes\"\
        : []\r\n  }\r\n}"}
    headers:
      Azure-AsyncOperation: ['https://management.azure.com/subscriptions/0b1f6471-1bf0-4dda-aec3-cb9272f09590/providers/Microsoft.Network/locations/westus/operations/7e3b361d-d6ce-4d8d-abae-67947dd17d67?api-version=2017-08-01']
      Cache-Control: [no-cache]
      Content-Type: [application/json; charset=utf-8]
      Date: ['Fri, 25 Aug 2017 22:21:28 GMT']
      Expires: ['-1']
      Pragma: [no-cache]
      Retry-After: ['10']
      Server: [Microsoft-HTTPAPI/2.0, Microsoft-HTTPAPI/2.0]
      Strict-Transport-Security: [max-age=31536000; includeSubDomains]
      Transfer-Encoding: [chunked]
      Vary: [Accept-Encoding]
      content-length: ['738']
      x-ms-ratelimit-remaining-subscription-writes: ['1197']
    status: {code: 200, message: OK}
- request:
    body: null
    headers:
      Accept: [application/json]
      Accept-Encoding: ['gzip, deflate']
      Connection: [keep-alive]
      Content-Type: [application/json; charset=utf-8]
      User-Agent: [python/3.5.3 (Windows-10-10.0.15063-SP0) requests/2.9.1 msrest/0.4.13
          msrest_azure/0.4.11 networkmanagementclient/1.4.0 Azure-SDK-For-Python AZURECLI/TEST/2.0.13+dev]
      accept-language: [en-US]
      x-ms-client-request-id: [bdb91bc6-89e3-11e7-9ff9-a0b3ccf7272a]
    method: GET
    uri: https://management.azure.com/subscriptions/00000000-0000-0000-0000-000000000000/providers/Microsoft.Network/locations/westus/operations/7e3b361d-d6ce-4d8d-abae-67947dd17d67?api-version=2017-08-01
  response:
    body: {string: "{\r\n  \"status\": \"Succeeded\"\r\n}"}
    headers:
      Cache-Control: [no-cache]
      Content-Type: [application/json; charset=utf-8]
      Date: ['Fri, 25 Aug 2017 22:21:39 GMT']
      Expires: ['-1']
      Pragma: [no-cache]
      Server: [Microsoft-HTTPAPI/2.0, Microsoft-HTTPAPI/2.0]
      Strict-Transport-Security: [max-age=31536000; includeSubDomains]
      Transfer-Encoding: [chunked]
      Vary: [Accept-Encoding]
      content-length: ['29']
    status: {code: 200, message: OK}
- request:
    body: null
    headers:
      Accept: [application/json]
      Accept-Encoding: ['gzip, deflate']
      Connection: [keep-alive]
      Content-Type: [application/json; charset=utf-8]
      User-Agent: [python/3.5.3 (Windows-10-10.0.15063-SP0) requests/2.9.1 msrest/0.4.13
          msrest_azure/0.4.11 networkmanagementclient/1.4.0 Azure-SDK-For-Python AZURECLI/TEST/2.0.13+dev]
      accept-language: [en-US]
      x-ms-client-request-id: [bdb91bc6-89e3-11e7-9ff9-a0b3ccf7272a]
    method: GET
    uri: https://management.azure.com/subscriptions/00000000-0000-0000-0000-000000000000/resourceGroups/cli_test_nsg/providers/Microsoft.Network/networkSecurityGroups/test-nsg1/securityRules/web?api-version=2017-08-01
  response:
    body: {string: "{\r\n  \"name\": \"web\",\r\n  \"id\": \"/subscriptions/00000000-0000-0000-0000-000000000000/resourceGroups/cli_test_nsg/providers/Microsoft.Network/networkSecurityGroups/test-nsg1/securityRules/web\"\
        ,\r\n  \"etag\": \"W/\\\"7c9c0472-53ca-41cd-8dd9-54e6d2a4ee93\\\"\",\r\n \
        \ \"properties\": {\r\n    \"provisioningState\": \"Succeeded\",\r\n    \"\
        description\": \"greatrule\",\r\n    \"protocol\": \"Tcp\",\r\n    \"sourcePortRange\"\
        : \"1234-1235\",\r\n    \"destinationPortRange\": \"1234-1235\",\r\n    \"\
        sourceAddressPrefix\": \"111\",\r\n    \"destinationAddressPrefix\": \"111\"\
        ,\r\n    \"access\": \"Deny\",\r\n    \"priority\": 888,\r\n    \"direction\"\
        : \"Outbound\",\r\n    \"sourcePortRanges\": [],\r\n    \"destinationPortRanges\"\
        : [],\r\n    \"sourceAddressPrefixes\": [],\r\n    \"destinationAddressPrefixes\"\
        : []\r\n  }\r\n}"}
    headers:
      Cache-Control: [no-cache]
      Content-Type: [application/json; charset=utf-8]
      Date: ['Fri, 25 Aug 2017 22:21:39 GMT']
      ETag: [W/"7c9c0472-53ca-41cd-8dd9-54e6d2a4ee93"]
      Expires: ['-1']
      Pragma: [no-cache]
      Server: [Microsoft-HTTPAPI/2.0, Microsoft-HTTPAPI/2.0]
      Strict-Transport-Security: [max-age=31536000; includeSubDomains]
      Transfer-Encoding: [chunked]
      Vary: [Accept-Encoding]
      content-length: ['739']
    status: {code: 200, message: OK}
- request:
    body: null
    headers:
      Accept: [application/json]
      Accept-Encoding: ['gzip, deflate']
      Connection: [keep-alive]
      Content-Type: [application/json; charset=utf-8]
      User-Agent: [python/3.5.3 (Windows-10-10.0.15063-SP0) requests/2.9.1 msrest/0.4.13
          msrest_azure/0.4.11 networkmanagementclient/1.4.0 Azure-SDK-For-Python AZURECLI/TEST/2.0.13+dev]
      accept-language: [en-US]
      x-ms-client-request-id: [c46738b0-89e3-11e7-a40f-a0b3ccf7272a]
    method: GET
    uri: https://management.azure.com/subscriptions/00000000-0000-0000-0000-000000000000/resourceGroups/cli_test_nsg/providers/Microsoft.Network/networkSecurityGroups/test-nsg1/securityRules/web?api-version=2017-08-01
  response:
    body: {string: "{\r\n  \"name\": \"web\",\r\n  \"id\": \"/subscriptions/00000000-0000-0000-0000-000000000000/resourceGroups/cli_test_nsg/providers/Microsoft.Network/networkSecurityGroups/test-nsg1/securityRules/web\"\
        ,\r\n  \"etag\": \"W/\\\"7c9c0472-53ca-41cd-8dd9-54e6d2a4ee93\\\"\",\r\n \
        \ \"properties\": {\r\n    \"provisioningState\": \"Succeeded\",\r\n    \"\
        description\": \"greatrule\",\r\n    \"protocol\": \"Tcp\",\r\n    \"sourcePortRange\"\
        : \"1234-1235\",\r\n    \"destinationPortRange\": \"1234-1235\",\r\n    \"\
        sourceAddressPrefix\": \"111\",\r\n    \"destinationAddressPrefix\": \"111\"\
        ,\r\n    \"access\": \"Deny\",\r\n    \"priority\": 888,\r\n    \"direction\"\
        : \"Outbound\",\r\n    \"sourcePortRanges\": [],\r\n    \"destinationPortRanges\"\
        : [],\r\n    \"sourceAddressPrefixes\": [],\r\n    \"destinationAddressPrefixes\"\
        : []\r\n  }\r\n}"}
    headers:
      Cache-Control: [no-cache]
      Content-Type: [application/json; charset=utf-8]
      Date: ['Fri, 25 Aug 2017 22:21:40 GMT']
      ETag: [W/"7c9c0472-53ca-41cd-8dd9-54e6d2a4ee93"]
      Expires: ['-1']
      Pragma: [no-cache]
      Server: [Microsoft-HTTPAPI/2.0, Microsoft-HTTPAPI/2.0]
      Strict-Transport-Security: [max-age=31536000; includeSubDomains]
      Transfer-Encoding: [chunked]
      Vary: [Accept-Encoding]
      content-length: ['739']
    status: {code: 200, message: OK}
- request:
    body: '{"properties": {"protocol": "Tcp", "direction": "Outbound", "sourceAddressPrefix":
      "111", "description": "cool", "destinationPortRanges": [], "provisioningState":
      "Succeeded", "sourcePortRange": "1234-1235", "access": "Deny", "sourcePortRanges":
      [], "destinationPortRange": "1234-1235", "destinationAddressPrefixes": [], "destinationAddressPrefix":
      "111", "priority": 888, "sourceAddressPrefixes": []}, "name": "web", "id": "/subscriptions/0b1f6471-1bf0-4dda-aec3-cb9272f09590/resourceGroups/cli_test_nsg/providers/Microsoft.Network/networkSecurityGroups/test-nsg1/securityRules/web",
      "etag": "W/\"7c9c0472-53ca-41cd-8dd9-54e6d2a4ee93\""}'
    headers:
      Accept: [application/json]
      Accept-Encoding: ['gzip, deflate']
      Connection: [keep-alive]
      Content-Length: ['644']
      Content-Type: [application/json; charset=utf-8]
      User-Agent: [python/3.5.3 (Windows-10-10.0.15063-SP0) requests/2.9.1 msrest/0.4.13
          msrest_azure/0.4.11 networkmanagementclient/1.4.0 Azure-SDK-For-Python AZURECLI/TEST/2.0.13+dev]
      accept-language: [en-US]
      x-ms-client-request-id: [c49e3362-89e3-11e7-969d-a0b3ccf7272a]
    method: PUT
    uri: https://management.azure.com/subscriptions/00000000-0000-0000-0000-000000000000/resourceGroups/cli_test_nsg/providers/Microsoft.Network/networkSecurityGroups/test-nsg1/securityRules/web?api-version=2017-08-01
  response:
    body: {string: "{\r\n  \"name\": \"web\",\r\n  \"id\": \"/subscriptions/00000000-0000-0000-0000-000000000000/resourceGroups/cli_test_nsg/providers/Microsoft.Network/networkSecurityGroups/test-nsg1/securityRules/web\"\
        ,\r\n  \"etag\": \"W/\\\"8c40e5d3-9480-4ae6-8d85-2cbb8d313616\\\"\",\r\n \
        \ \"properties\": {\r\n    \"provisioningState\": \"Updating\",\r\n    \"\
        description\": \"cool\",\r\n    \"protocol\": \"Tcp\",\r\n    \"sourcePortRange\"\
        : \"1234-1235\",\r\n    \"destinationPortRange\": \"1234-1235\",\r\n    \"\
        sourceAddressPrefix\": \"111\",\r\n    \"destinationAddressPrefix\": \"111\"\
        ,\r\n    \"access\": \"Deny\",\r\n    \"priority\": 888,\r\n    \"direction\"\
        : \"Outbound\",\r\n    \"sourcePortRanges\": [],\r\n    \"destinationPortRanges\"\
        : [],\r\n    \"sourceAddressPrefixes\": [],\r\n    \"destinationAddressPrefixes\"\
        : []\r\n  }\r\n}"}
    headers:
      Azure-AsyncOperation: ['https://management.azure.com/subscriptions/0b1f6471-1bf0-4dda-aec3-cb9272f09590/providers/Microsoft.Network/locations/westus/operations/063d3cb8-f2dd-4684-bc7d-680682f384ee?api-version=2017-08-01']
      Cache-Control: [no-cache]
      Content-Type: [application/json; charset=utf-8]
      Date: ['Fri, 25 Aug 2017 22:21:40 GMT']
      Expires: ['-1']
      Pragma: [no-cache]
      Retry-After: ['10']
      Server: [Microsoft-HTTPAPI/2.0, Microsoft-HTTPAPI/2.0]
      Strict-Transport-Security: [max-age=31536000; includeSubDomains]
      Transfer-Encoding: [chunked]
      Vary: [Accept-Encoding]
      content-length: ['733']
      x-ms-ratelimit-remaining-subscription-writes: ['1199']
    status: {code: 200, message: OK}
- request:
    body: null
    headers:
      Accept: [application/json]
      Accept-Encoding: ['gzip, deflate']
      Connection: [keep-alive]
      Content-Type: [application/json; charset=utf-8]
      User-Agent: [python/3.5.3 (Windows-10-10.0.15063-SP0) requests/2.9.1 msrest/0.4.13
          msrest_azure/0.4.11 networkmanagementclient/1.4.0 Azure-SDK-For-Python AZURECLI/TEST/2.0.13+dev]
      accept-language: [en-US]
      x-ms-client-request-id: [c49e3362-89e3-11e7-969d-a0b3ccf7272a]
    method: GET
    uri: https://management.azure.com/subscriptions/00000000-0000-0000-0000-000000000000/providers/Microsoft.Network/locations/westus/operations/063d3cb8-f2dd-4684-bc7d-680682f384ee?api-version=2017-08-01
  response:
    body: {string: "{\r\n  \"status\": \"Succeeded\"\r\n}"}
    headers:
      Cache-Control: [no-cache]
      Content-Type: [application/json; charset=utf-8]
      Date: ['Fri, 25 Aug 2017 22:21:51 GMT']
      Expires: ['-1']
      Pragma: [no-cache]
      Server: [Microsoft-HTTPAPI/2.0, Microsoft-HTTPAPI/2.0]
      Strict-Transport-Security: [max-age=31536000; includeSubDomains]
      Transfer-Encoding: [chunked]
      Vary: [Accept-Encoding]
      content-length: ['29']
    status: {code: 200, message: OK}
- request:
    body: null
    headers:
      Accept: [application/json]
      Accept-Encoding: ['gzip, deflate']
      Connection: [keep-alive]
      Content-Type: [application/json; charset=utf-8]
      User-Agent: [python/3.5.3 (Windows-10-10.0.15063-SP0) requests/2.9.1 msrest/0.4.13
          msrest_azure/0.4.11 networkmanagementclient/1.4.0 Azure-SDK-For-Python AZURECLI/TEST/2.0.13+dev]
      accept-language: [en-US]
      x-ms-client-request-id: [c49e3362-89e3-11e7-969d-a0b3ccf7272a]
    method: GET
    uri: https://management.azure.com/subscriptions/00000000-0000-0000-0000-000000000000/resourceGroups/cli_test_nsg/providers/Microsoft.Network/networkSecurityGroups/test-nsg1/securityRules/web?api-version=2017-08-01
  response:
    body: {string: "{\r\n  \"name\": \"web\",\r\n  \"id\": \"/subscriptions/00000000-0000-0000-0000-000000000000/resourceGroups/cli_test_nsg/providers/Microsoft.Network/networkSecurityGroups/test-nsg1/securityRules/web\"\
        ,\r\n  \"etag\": \"W/\\\"57a014c7-eab7-4188-8d81-fee4a5725c6b\\\"\",\r\n \
        \ \"properties\": {\r\n    \"provisioningState\": \"Succeeded\",\r\n    \"\
        description\": \"cool\",\r\n    \"protocol\": \"Tcp\",\r\n    \"sourcePortRange\"\
        : \"1234-1235\",\r\n    \"destinationPortRange\": \"1234-1235\",\r\n    \"\
        sourceAddressPrefix\": \"111\",\r\n    \"destinationAddressPrefix\": \"111\"\
        ,\r\n    \"access\": \"Deny\",\r\n    \"priority\": 888,\r\n    \"direction\"\
        : \"Outbound\",\r\n    \"sourcePortRanges\": [],\r\n    \"destinationPortRanges\"\
        : [],\r\n    \"sourceAddressPrefixes\": [],\r\n    \"destinationAddressPrefixes\"\
        : []\r\n  }\r\n}"}
    headers:
      Cache-Control: [no-cache]
      Content-Type: [application/json; charset=utf-8]
      Date: ['Fri, 25 Aug 2017 22:21:51 GMT']
      ETag: [W/"57a014c7-eab7-4188-8d81-fee4a5725c6b"]
      Expires: ['-1']
      Pragma: [no-cache]
      Server: [Microsoft-HTTPAPI/2.0, Microsoft-HTTPAPI/2.0]
      Strict-Transport-Security: [max-age=31536000; includeSubDomains]
      Transfer-Encoding: [chunked]
      Vary: [Accept-Encoding]
      content-length: ['734']
    status: {code: 200, message: OK}
- request:
    body: null
    headers:
      Accept: [application/json]
      Accept-Encoding: ['gzip, deflate']
      Connection: [keep-alive]
      Content-Length: ['0']
      Content-Type: [application/json; charset=utf-8]
      User-Agent: [python/3.5.3 (Windows-10-10.0.15063-SP0) requests/2.9.1 msrest/0.4.13
          msrest_azure/0.4.11 networkmanagementclient/1.4.0 Azure-SDK-For-Python AZURECLI/TEST/2.0.13+dev]
      accept-language: [en-US]
      x-ms-client-request-id: [cb90ea2e-89e3-11e7-9fb6-a0b3ccf7272a]
    method: DELETE
    uri: https://management.azure.com/subscriptions/00000000-0000-0000-0000-000000000000/resourceGroups/cli_test_nsg/providers/Microsoft.Network/networkSecurityGroups/test-nsg1/securityRules/web?api-version=2017-08-01
  response:
    body: {string: ''}
    headers:
      Azure-AsyncOperation: ['https://management.azure.com/subscriptions/0b1f6471-1bf0-4dda-aec3-cb9272f09590/providers/Microsoft.Network/locations/westus/operations/e283ebc5-efbd-4488-9a09-4a73be82c599?api-version=2017-08-01']
      Cache-Control: [no-cache]
      Content-Length: ['0']
      Date: ['Fri, 25 Aug 2017 22:21:51 GMT']
      Expires: ['-1']
      Location: ['https://management.azure.com/subscriptions/0b1f6471-1bf0-4dda-aec3-cb9272f09590/providers/Microsoft.Network/locations/westus/operationResults/e283ebc5-efbd-4488-9a09-4a73be82c599?api-version=2017-08-01']
      Pragma: [no-cache]
      Retry-After: ['10']
      Server: [Microsoft-HTTPAPI/2.0, Microsoft-HTTPAPI/2.0]
      Strict-Transport-Security: [max-age=31536000; includeSubDomains]
      x-ms-ratelimit-remaining-subscription-writes: ['1196']
    status: {code: 202, message: Accepted}
- request:
    body: null
    headers:
      Accept: [application/json]
      Accept-Encoding: ['gzip, deflate']
      Connection: [keep-alive]
      Content-Type: [application/json; charset=utf-8]
      User-Agent: [python/3.5.3 (Windows-10-10.0.15063-SP0) requests/2.9.1 msrest/0.4.13
          msrest_azure/0.4.11 networkmanagementclient/1.4.0 Azure-SDK-For-Python AZURECLI/TEST/2.0.13+dev]
      accept-language: [en-US]
      x-ms-client-request-id: [cb90ea2e-89e3-11e7-9fb6-a0b3ccf7272a]
    method: GET
    uri: https://management.azure.com/subscriptions/00000000-0000-0000-0000-000000000000/providers/Microsoft.Network/locations/westus/operations/e283ebc5-efbd-4488-9a09-4a73be82c599?api-version=2017-08-01
  response:
    body: {string: "{\r\n  \"status\": \"Succeeded\"\r\n}"}
    headers:
      Cache-Control: [no-cache]
      Content-Type: [application/json; charset=utf-8]
      Date: ['Fri, 25 Aug 2017 22:22:02 GMT']
      Expires: ['-1']
      Pragma: [no-cache]
      Server: [Microsoft-HTTPAPI/2.0, Microsoft-HTTPAPI/2.0]
      Strict-Transport-Security: [max-age=31536000; includeSubDomains]
      Transfer-Encoding: [chunked]
      Vary: [Accept-Encoding]
      content-length: ['29']
    status: {code: 200, message: OK}
- request:
    body: null
    headers:
      Accept: [application/json]
      Accept-Encoding: ['gzip, deflate']
      Connection: [keep-alive]
      Content-Length: ['0']
      Content-Type: [application/json; charset=utf-8]
      User-Agent: [python/3.5.3 (Windows-10-10.0.15063-SP0) requests/2.9.1 msrest/0.4.13
          msrest_azure/0.4.11 networkmanagementclient/1.4.0 Azure-SDK-For-Python AZURECLI/TEST/2.0.13+dev]
      accept-language: [en-US]
      x-ms-client-request-id: [d2586ef0-89e3-11e7-b64d-a0b3ccf7272a]
    method: DELETE
    uri: https://management.azure.com/subscriptions/00000000-0000-0000-0000-000000000000/resourceGroups/cli_test_nsg/providers/Microsoft.Network/networkSecurityGroups/test-nsg1?api-version=2017-08-01
  response:
    body: {string: ''}
    headers:
      Azure-AsyncOperation: ['https://management.azure.com/subscriptions/0b1f6471-1bf0-4dda-aec3-cb9272f09590/providers/Microsoft.Network/locations/westus/operations/c94b9e65-5d36-4e29-90b0-c043fca65b18?api-version=2017-08-01']
      Cache-Control: [no-cache]
      Content-Length: ['0']
      Date: ['Fri, 25 Aug 2017 22:22:03 GMT']
      Expires: ['-1']
      Location: ['https://management.azure.com/subscriptions/0b1f6471-1bf0-4dda-aec3-cb9272f09590/providers/Microsoft.Network/locations/westus/operationResults/c94b9e65-5d36-4e29-90b0-c043fca65b18?api-version=2017-08-01']
      Pragma: [no-cache]
      Retry-After: ['10']
      Server: [Microsoft-HTTPAPI/2.0, Microsoft-HTTPAPI/2.0]
      Strict-Transport-Security: [max-age=31536000; includeSubDomains]
      x-ms-ratelimit-remaining-subscription-writes: ['1197']
    status: {code: 202, message: Accepted}
- request:
    body: null
    headers:
      Accept: [application/json]
      Accept-Encoding: ['gzip, deflate']
      Connection: [keep-alive]
      Content-Type: [application/json; charset=utf-8]
      User-Agent: [python/3.5.3 (Windows-10-10.0.15063-SP0) requests/2.9.1 msrest/0.4.13
          msrest_azure/0.4.11 networkmanagementclient/1.4.0 Azure-SDK-For-Python AZURECLI/TEST/2.0.13+dev]
      accept-language: [en-US]
      x-ms-client-request-id: [d2586ef0-89e3-11e7-b64d-a0b3ccf7272a]
    method: GET
    uri: https://management.azure.com/subscriptions/00000000-0000-0000-0000-000000000000/providers/Microsoft.Network/locations/westus/operations/c94b9e65-5d36-4e29-90b0-c043fca65b18?api-version=2017-08-01
  response:
    body: {string: "{\r\n  \"status\": \"Succeeded\"\r\n}"}
    headers:
      Cache-Control: [no-cache]
      Content-Type: [application/json; charset=utf-8]
      Date: ['Fri, 25 Aug 2017 22:22:14 GMT']
      Expires: ['-1']
      Pragma: [no-cache]
      Server: [Microsoft-HTTPAPI/2.0, Microsoft-HTTPAPI/2.0]
      Strict-Transport-Security: [max-age=31536000; includeSubDomains]
      Transfer-Encoding: [chunked]
      Vary: [Accept-Encoding]
      content-length: ['29']
    status: {code: 200, message: OK}
- request:
    body: null
    headers:
      Accept: [application/json]
      Accept-Encoding: ['gzip, deflate']
      Connection: [keep-alive]
      Content-Type: [application/json; charset=utf-8]
      User-Agent: [python/3.5.3 (Windows-10-10.0.15063-SP0) requests/2.9.1 msrest/0.4.13
          msrest_azure/0.4.11 networkmanagementclient/1.4.0 Azure-SDK-For-Python AZURECLI/TEST/2.0.13+dev]
      accept-language: [en-US]
      x-ms-client-request-id: [d93b8352-89e3-11e7-b2e2-a0b3ccf7272a]
    method: GET
    uri: https://management.azure.com/subscriptions/00000000-0000-0000-0000-000000000000/resourceGroups/cli_test_nsg/providers/Microsoft.Network/networkSecurityGroups?api-version=2017-08-01
  response:
    body: {string: '{"value":[]}'}
    headers:
      Cache-Control: [no-cache]
      Content-Type: [application/json; charset=utf-8]
      Date: ['Fri, 25 Aug 2017 22:22:15 GMT']
      Expires: ['-1']
      Pragma: [no-cache]
      Strict-Transport-Security: [max-age=31536000; includeSubDomains]
      Vary: [Accept-Encoding]
      content-length: ['12']
    status: {code: 200, message: OK}
version: 1
