interactions:
- request:
    body: '{"tags": {"use": "az-test"}, "location": "westus"}'
    headers:
      Accept: [application/json]
      Accept-Encoding: ['gzip, deflate']
      CommandName: [group create]
      Connection: [keep-alive]
      Content-Length: ['50']
      Content-Type: [application/json; charset=utf-8]
      User-Agent: [python/3.5.3 (Windows-10-10.0.15063-SP0) requests/2.9.1 msrest/0.4.13
          msrest_azure/0.4.11 resourcemanagementclient/1.2.0rc2 Azure-SDK-For-Python
          AZURECLI/2.0.16+dev]
      accept-language: [en-US]
    method: PUT
    uri: https://management.azure.com/subscriptions/00000000-0000-0000-0000-000000000000/resourcegroups/cli_test_network_lb_zone000001?api-version=2017-05-10
  response:
    body: {string: '{"id":"/subscriptions/00000000-0000-0000-0000-000000000000/resourceGroups/cli_test_network_lb_zone000001","name":"cli_test_network_lb_zone000001","location":"westus","tags":{"use":"az-test"},"properties":{"provisioningState":"Succeeded"}}'}
    headers:
      cache-control: [no-cache]
      content-length: ['328']
      content-type: [application/json; charset=utf-8]
      date: ['Tue, 19 Sep 2017 22:55:48 GMT']
      expires: ['-1']
      pragma: [no-cache]
      strict-transport-security: [max-age=31536000; includeSubDomains]
      x-ms-ratelimit-remaining-subscription-writes: ['1199']
    status: {code: 201, message: Created}
- request:
    body: null
    headers:
      Accept: [application/json]
      Accept-Encoding: ['gzip, deflate']
      CommandName: [network lb create]
      Connection: [keep-alive]
      Content-Type: [application/json; charset=utf-8]
      User-Agent: [python/3.5.3 (Windows-10-10.0.15063-SP0) requests/2.9.1 msrest/0.4.13
          msrest_azure/0.4.11 resourcemanagementclient/1.2.0rc2 Azure-SDK-For-Python
          AZURECLI/2.0.16+dev]
      accept-language: [en-US]
    method: GET
    uri: https://management.azure.com/subscriptions/00000000-0000-0000-0000-000000000000/resources?$filter=resourceGroup%20eq%20%27cli_test_network_lb_zone000001%27%20and%20name%20eq%20%27pubip1%27%20and%20resourceType%20eq%20%27Microsoft.Network%2FpublicIPAddresses%27&api-version=2017-05-10
  response:
    body: {string: '{"value":[]}'}
    headers:
      cache-control: [no-cache]
      content-length: ['12']
      content-type: [application/json; charset=utf-8]
      date: ['Tue, 19 Sep 2017 22:55:48 GMT']
      expires: ['-1']
      pragma: [no-cache]
      strict-transport-security: [max-age=31536000; includeSubDomains]
      vary: [Accept-Encoding]
    status: {code: 200, message: OK}
- request:
    body: 'b''{"properties": {"template": {"$schema": "https://schema.management.azure.com/schemas/2015-01-01/deploymentTemplate.json#",
      "outputs": {"loadBalancer": {"value": "[reference(\''lb1\'')]", "type": "object"}},
      "variables": {}, "contentVersion": "1.0.0.0", "parameters": {}, "resources":
      [{"zones": ["2"], "apiVersion": "2017-09-01", "sku": {"name": "Basic"}, "dependsOn":
      [], "location": "eastus2", "properties": {"publicIPAllocationMethod": "Dynamic"},
      "tags": {}, "name": "pubip1", "type": "Microsoft.Network/publicIPAddresses"},
      {"dependsOn": ["Microsoft.Network/publicIpAddresses/pubip1"], "apiVersion":
      "2017-09-01", "sku": {"name": "Basic"}, "location": "eastus2", "properties":
      {"backendAddressPools": [{"name": "lb1bepool"}], "frontendIPConfigurations":
      [{"properties": {"publicIPAddress": {"id": "/subscriptions/00000000-0000-0000-0000-000000000000/resourceGroups/cli_test_network_lb_zone000001/providers/Microsoft.Network/publicIPAddresses/pubip1"}},
      "name": "LoadBalancerFrontEnd"}]}, "tags": {}, "name": "lb1", "type": "Microsoft.Network/loadBalancers"}]},
      "mode": "Incremental", "parameters": {}}}'''
    headers:
      Accept: [application/json]
      Accept-Encoding: ['gzip, deflate']
      CommandName: [network lb create]
      Connection: [keep-alive]
      Content-Length: ['1148']
      Content-Type: [application/json; charset=utf-8]
      User-Agent: [python/3.5.3 (Windows-10-10.0.15063-SP0) requests/2.9.1 msrest/0.4.13
          msrest_azure/0.4.11 resourcemanagementclient/1.2.0rc2 Azure-SDK-For-Python
          AZURECLI/2.0.16+dev]
      accept-language: [en-US]
    method: PUT
    uri: https://management.azure.com/subscriptions/00000000-0000-0000-0000-000000000000/resourcegroups/cli_test_network_lb_zone000001/providers/Microsoft.Resources/deployments/mock-deployment?api-version=2017-05-10
  response:
    body: {string: '{"id":"/subscriptions/00000000-0000-0000-0000-000000000000/resourceGroups/cli_test_network_lb_zone000001/providers/Microsoft.Resources/deployments/lb_deploy_JtgRPWIDsXhAICgC0gaN3l8PsyyQHLHF","name":"lb_deploy_JtgRPWIDsXhAICgC0gaN3l8PsyyQHLHF","properties":{"templateHash":"1172509193047925089","parameters":{},"mode":"Incremental","provisioningState":"Accepted","timestamp":"2017-09-19T22:55:50.1164566Z","duration":"PT0.2528247S","correlationId":"5e7df025-de9b-47f4-84ce-4e00b47cca77","providers":[{"namespace":"Microsoft.Network","resourceTypes":[{"resourceType":"publicIPAddresses","locations":["eastus2"]},{"resourceType":"loadBalancers","locations":["eastus2"]}]}],"dependencies":[{"dependsOn":[{"id":"/subscriptions/00000000-0000-0000-0000-000000000000/resourceGroups/cli_test_network_lb_zone000001/providers/Microsoft.Network/publicIPAddresses/pubip1","resourceType":"Microsoft.Network/publicIPAddresses","resourceName":"pubip1"}],"id":"/subscriptions/00000000-0000-0000-0000-000000000000/resourceGroups/cli_test_network_lb_zone000001/providers/Microsoft.Network/loadBalancers/lb1","resourceType":"Microsoft.Network/loadBalancers","resourceName":"lb1"}]}}'}
    headers:
      azure-asyncoperation: ['https://management.azure.com/subscriptions/00000000-0000-0000-0000-000000000000/resourcegroups/cli_test_network_lb_zone000001/providers/Microsoft.Resources/deployments/lb_deploy_JtgRPWIDsXhAICgC0gaN3l8PsyyQHLHF/operationStatuses/08586957451356139926?api-version=2017-05-10']
      cache-control: [no-cache]
      content-length: ['1297']
      content-type: [application/json; charset=utf-8]
      date: ['Tue, 19 Sep 2017 22:55:49 GMT']
      expires: ['-1']
      pragma: [no-cache]
      strict-transport-security: [max-age=31536000; includeSubDomains]
      x-ms-ratelimit-remaining-subscription-writes: ['1199']
    status: {code: 201, message: Created}
- request:
    body: null
    headers:
      Accept: [application/json]
      Accept-Encoding: ['gzip, deflate']
      CommandName: [network lb create]
      Connection: [keep-alive]
      Content-Type: [application/json; charset=utf-8]
      User-Agent: [python/3.5.3 (Windows-10-10.0.15063-SP0) requests/2.9.1 msrest/0.4.13
          msrest_azure/0.4.11 resourcemanagementclient/1.2.0rc2 Azure-SDK-For-Python
          AZURECLI/2.0.16+dev]
      accept-language: [en-US]
    method: GET
    uri: https://management.azure.com/subscriptions/00000000-0000-0000-0000-000000000000/resourcegroups/cli_test_network_lb_zone000001/providers/Microsoft.Resources/deployments/mock-deployment/operationStatuses/08586957451356139926?api-version=2017-05-10
  response:
    body: {string: '{"status":"Succeeded"}'}
    headers:
      cache-control: [no-cache]
      content-length: ['22']
      content-type: [application/json; charset=utf-8]
      date: ['Tue, 19 Sep 2017 22:56:19 GMT']
      expires: ['-1']
      pragma: [no-cache]
      strict-transport-security: [max-age=31536000; includeSubDomains]
      vary: [Accept-Encoding]
    status: {code: 200, message: OK}
- request:
    body: null
    headers:
      Accept: [application/json]
      Accept-Encoding: ['gzip, deflate']
      CommandName: [network lb create]
      Connection: [keep-alive]
      Content-Type: [application/json; charset=utf-8]
      User-Agent: [python/3.5.3 (Windows-10-10.0.15063-SP0) requests/2.9.1 msrest/0.4.13
          msrest_azure/0.4.11 resourcemanagementclient/1.2.0rc2 Azure-SDK-For-Python
          AZURECLI/2.0.16+dev]
      accept-language: [en-US]
    method: GET
    uri: https://management.azure.com/subscriptions/00000000-0000-0000-0000-000000000000/resourcegroups/cli_test_network_lb_zone000001/providers/Microsoft.Resources/deployments/mock-deployment?api-version=2017-05-10
  response:
    body: {string: '{"id":"/subscriptions/00000000-0000-0000-0000-000000000000/resourceGroups/cli_test_network_lb_zone000001/providers/Microsoft.Resources/deployments/lb_deploy_JtgRPWIDsXhAICgC0gaN3l8PsyyQHLHF","name":"lb_deploy_JtgRPWIDsXhAICgC0gaN3l8PsyyQHLHF","properties":{"templateHash":"1172509193047925089","parameters":{},"mode":"Incremental","provisioningState":"Succeeded","timestamp":"2017-09-19T22:56:01.0488916Z","duration":"PT11.1852597S","correlationId":"5e7df025-de9b-47f4-84ce-4e00b47cca77","providers":[{"namespace":"Microsoft.Network","resourceTypes":[{"resourceType":"publicIPAddresses","locations":["eastus2"]},{"resourceType":"loadBalancers","locations":["eastus2"]}]}],"dependencies":[{"dependsOn":[{"id":"/subscriptions/00000000-0000-0000-0000-000000000000/resourceGroups/cli_test_network_lb_zone000001/providers/Microsoft.Network/publicIPAddresses/pubip1","resourceType":"Microsoft.Network/publicIPAddresses","resourceName":"pubip1"}],"id":"/subscriptions/00000000-0000-0000-0000-000000000000/resourceGroups/cli_test_network_lb_zone000001/providers/Microsoft.Network/loadBalancers/lb1","resourceType":"Microsoft.Network/loadBalancers","resourceName":"lb1"}],"outputs":{"loadBalancer":{"type":"Object","value":{"provisioningState":"Succeeded","resourceGuid":"3abd8901-a69f-4298-86c5-8f3c78da5ea4","frontendIPConfigurations":[{"name":"LoadBalancerFrontEnd","id":"/subscriptions/00000000-0000-0000-0000-000000000000/resourceGroups/cli_test_network_lb_zone000001/providers/Microsoft.Network/loadBalancers/lb1/frontendIPConfigurations/LoadBalancerFrontEnd","etag":"W/\"861eaca4-b58a-4993-a20a-4da9bba4dca4\"","properties":{"provisioningState":"Succeeded","privateIPAllocationMethod":"Dynamic","publicIPAddress":{"id":"/subscriptions/00000000-0000-0000-0000-000000000000/resourceGroups/cli_test_network_lb_zone000001/providers/Microsoft.Network/publicIPAddresses/pubip1"}}}],"backendAddressPools":[{"name":"lb1bepool","id":"/subscriptions/00000000-0000-0000-0000-000000000000/resourceGroups/cli_test_network_lb_zone000001/providers/Microsoft.Network/loadBalancers/lb1/backendAddressPools/lb1bepool","etag":"W/\"861eaca4-b58a-4993-a20a-4da9bba4dca4\"","properties":{"provisioningState":"Succeeded"}}],"loadBalancingRules":[],"probes":[],"inboundNatRules":[],"outboundNatRules":[],"inboundNatPools":[]}}},"outputResources":[{"id":"/subscriptions/00000000-0000-0000-0000-000000000000/resourceGroups/cli_test_network_lb_zone000001/providers/Microsoft.Network/loadBalancers/lb1"},{"id":"/subscriptions/00000000-0000-0000-0000-000000000000/resourceGroups/cli_test_network_lb_zone000001/providers/Microsoft.Network/publicIPAddresses/pubip1"}]}}'}
    headers:
      cache-control: [no-cache]
      content-length: ['2996']
      content-type: [application/json; charset=utf-8]
      date: ['Tue, 19 Sep 2017 22:56:20 GMT']
      expires: ['-1']
      pragma: [no-cache]
      strict-transport-security: [max-age=31536000; includeSubDomains]
      vary: [Accept-Encoding]
    status: {code: 200, message: OK}
- request:
    body: null
    headers:
      Accept: [application/json]
      Accept-Encoding: ['gzip, deflate']
      CommandName: [network lb show]
      Connection: [keep-alive]
      Content-Type: [application/json; charset=utf-8]
      User-Agent: [python/3.5.3 (Windows-10-10.0.15063-SP0) requests/2.9.1 msrest/0.4.13
          msrest_azure/0.4.11 networkmanagementclient/1.5.0rc2 Azure-SDK-For-Python
          AZURECLI/2.0.16+dev]
      accept-language: [en-US]
    method: GET
    uri: https://management.azure.com/subscriptions/00000000-0000-0000-0000-000000000000/resourceGroups/cli_test_network_lb_zone000001/providers/Microsoft.Network/loadBalancers/lb1?api-version=2017-09-01
  response:
    body: {string: "{\r\n  \"name\": \"lb1\",\r\n  \"id\": \"/subscriptions/00000000-0000-0000-0000-000000000000/resourceGroups/cli_test_network_lb_zone000001/providers/Microsoft.Network/loadBalancers/lb1\"\
        ,\r\n  \"etag\": \"W/\\\"861eaca4-b58a-4993-a20a-4da9bba4dca4\\\"\",\r\n \
        \ \"type\": \"Microsoft.Network/loadBalancers\",\r\n  \"location\": \"eastus2\"\
        ,\r\n  \"tags\": {},\r\n  \"properties\": {\r\n    \"provisioningState\":\
        \ \"Succeeded\",\r\n    \"resourceGuid\": \"3abd8901-a69f-4298-86c5-8f3c78da5ea4\"\
        ,\r\n    \"frontendIPConfigurations\": [\r\n      {\r\n        \"name\": \"\
        LoadBalancerFrontEnd\",\r\n        \"id\": \"/subscriptions/00000000-0000-0000-0000-000000000000/resourceGroups/cli_test_network_lb_zone000001/providers/Microsoft.Network/loadBalancers/lb1/frontendIPConfigurations/LoadBalancerFrontEnd\"\
        ,\r\n        \"etag\": \"W/\\\"861eaca4-b58a-4993-a20a-4da9bba4dca4\\\"\"\
        ,\r\n        \"properties\": {\r\n          \"provisioningState\": \"Succeeded\"\
        ,\r\n          \"privateIPAllocationMethod\": \"Dynamic\",\r\n          \"\
        publicIPAddress\": {\r\n            \"id\": \"/subscriptions/00000000-0000-0000-0000-000000000000/resourceGroups/cli_test_network_lb_zone000001/providers/Microsoft.Network/publicIPAddresses/pubip1\"\
        \r\n          }\r\n        }\r\n      }\r\n    ],\r\n    \"backendAddressPools\"\
        : [\r\n      {\r\n        \"name\": \"lb1bepool\",\r\n        \"id\": \"/subscriptions/00000000-0000-0000-0000-000000000000/resourceGroups/cli_test_network_lb_zone000001/providers/Microsoft.Network/loadBalancers/lb1/backendAddressPools/lb1bepool\"\
        ,\r\n        \"etag\": \"W/\\\"861eaca4-b58a-4993-a20a-4da9bba4dca4\\\"\"\
        ,\r\n        \"properties\": {\r\n          \"provisioningState\": \"Succeeded\"\
        \r\n        }\r\n      }\r\n    ],\r\n    \"loadBalancingRules\": [],\r\n\
        \    \"probes\": [],\r\n    \"inboundNatRules\": [],\r\n    \"outboundNatRules\"\
        : [],\r\n    \"inboundNatPools\": []\r\n  },\r\n  \"sku\": {\r\n    \"name\"\
        : \"Basic\"\r\n  }\r\n}"}
    headers:
      cache-control: [no-cache]
      content-length: ['1942']
      content-type: [application/json; charset=utf-8]
      date: ['Tue, 19 Sep 2017 22:56:20 GMT']
      etag: [W/"861eaca4-b58a-4993-a20a-4da9bba4dca4"]
      expires: ['-1']
      pragma: [no-cache]
      server: [Microsoft-HTTPAPI/2.0, Microsoft-HTTPAPI/2.0]
      strict-transport-security: [max-age=31536000; includeSubDomains]
      transfer-encoding: [chunked]
      vary: [Accept-Encoding]
    status: {code: 200, message: OK}
- request:
    body: null
    headers:
      Accept: [application/json]
      Accept-Encoding: ['gzip, deflate']
      CommandName: [network public-ip show]
      Connection: [keep-alive]
      Content-Type: [application/json; charset=utf-8]
      User-Agent: [python/3.5.3 (Windows-10-10.0.15063-SP0) requests/2.9.1 msrest/0.4.13
          msrest_azure/0.4.11 networkmanagementclient/1.5.0rc2 Azure-SDK-For-Python
          AZURECLI/2.0.16+dev]
      accept-language: [en-US]
    method: GET
    uri: https://management.azure.com/subscriptions/00000000-0000-0000-0000-000000000000/resourceGroups/cli_test_network_lb_zone000001/providers/Microsoft.Network/publicIPAddresses/pubip1?api-version=2017-09-01
  response:
    body: {string: "{\r\n  \"name\": \"pubip1\",\r\n  \"id\": \"/subscriptions/00000000-0000-0000-0000-000000000000/resourceGroups/cli_test_network_lb_zone000001/providers/Microsoft.Network/publicIPAddresses/pubip1\"\
        ,\r\n  \"etag\": \"W/\\\"412f6c48-c860-4703-ae06-8d17012255e6\\\"\",\r\n \
        \ \"location\": \"eastus2\",\r\n  \"tags\": {},\r\n  \"zones\": [\r\n    \"\
        2\"\r\n  ],\r\n  \"properties\": {\r\n    \"provisioningState\": \"Succeeded\"\
        ,\r\n    \"resourceGuid\": \"55b33524-e7e3-4e62-beca-f22277335749\",\r\n \
        \   \"publicIPAddressVersion\": \"IPv4\",\r\n    \"publicIPAllocationMethod\"\
        : \"Dynamic\",\r\n    \"idleTimeoutInMinutes\": 4,\r\n    \"ipConfiguration\"\
        : {\r\n      \"id\": \"/subscriptions/00000000-0000-0000-0000-000000000000/resourceGroups/cli_test_network_lb_zone000001/providers/Microsoft.Network/loadBalancers/lb1/frontendIPConfigurations/LoadBalancerFrontEnd\"\
        \r\n    }\r\n  },\r\n  \"type\": \"Microsoft.Network/publicIPAddresses\",\r\
        \n  \"sku\": {\r\n    \"name\": \"Basic\"\r\n  }\r\n}"}
    headers:
      cache-control: [no-cache]
      content-length: ['971']
      content-type: [application/json; charset=utf-8]
      date: ['Tue, 19 Sep 2017 22:56:22 GMT']
      etag: [W/"412f6c48-c860-4703-ae06-8d17012255e6"]
      expires: ['-1']
      pragma: [no-cache]
      server: [Microsoft-HTTPAPI/2.0, Microsoft-HTTPAPI/2.0]
      strict-transport-security: [max-age=31536000; includeSubDomains]
      transfer-encoding: [chunked]
      vary: [Accept-Encoding]
    status: {code: 200, message: OK}
- request:
    body: null
    headers:
      Accept: [application/json]
      Accept-Encoding: ['gzip, deflate']
      CommandName: [network lb create]
      Connection: [keep-alive]
      Content-Type: [application/json; charset=utf-8]
      User-Agent: [python/3.5.3 (Windows-10-10.0.15063-SP0) requests/2.9.1 msrest/0.4.13
          msrest_azure/0.4.11 resourcemanagementclient/1.2.0rc2 Azure-SDK-For-Python
          AZURECLI/2.0.16+dev]
      accept-language: [en-US]
    method: GET
    uri: https://management.azure.com/subscriptions/00000000-0000-0000-0000-000000000000/resources?$filter=resourceGroup%20eq%20%27cli_test_network_lb_zone000001%27%20and%20name%20eq%20%27vnet1%27%20and%20resourceType%20eq%20%27Microsoft.Network%2FvirtualNetworks%27&api-version=2017-05-10
  response:
    body: {string: '{"value":[]}'}
    headers:
      cache-control: [no-cache]
      content-length: ['12']
      content-type: [application/json; charset=utf-8]
      date: ['Tue, 19 Sep 2017 22:56:22 GMT']
      expires: ['-1']
      pragma: [no-cache]
      strict-transport-security: [max-age=31536000; includeSubDomains]
      vary: [Accept-Encoding]
    status: {code: 200, message: OK}
- request:
    body: 'b''{"properties": {"template": {"$schema": "https://schema.management.azure.com/schemas/2015-01-01/deploymentTemplate.json#",
      "outputs": {"loadBalancer": {"value": "[reference(\''lb2\'')]", "type": "object"}},
      "variables": {}, "contentVersion": "1.0.0.0", "parameters": {}, "resources":
      [{"name": "vnet1", "apiVersion": "2015-06-15", "tags": {}, "properties": {"addressSpace":
      {"addressPrefixes": ["10.0.0.0/16"]}, "subnets": [{"properties": {"addressPrefix":
      "10.0.0.0/24"}, "name": "subnet1"}]}, "dependsOn": [], "location": "eastus2",
      "type": "Microsoft.Network/virtualNetworks"}, {"dependsOn": ["Microsoft.Network/virtualNetworks/vnet1"],
      "apiVersion": "2017-09-01", "sku": {"name": "Basic"}, "location": "eastus2",
      "properties": {"backendAddressPools": [{"name": "lb2bepool"}], "frontendIPConfigurations":
      [{"properties": {"privateIPAllocationMethod": "Dynamic", "privateIPAddress":
      null, "subnet": {"id": "/subscriptions/00000000-0000-0000-0000-000000000000/resourceGroups/cli_test_network_lb_zone000001/providers/Microsoft.Network/virtualNetworks/vnet1/subnets/subnet1"}},
      "zones": ["2"], "name": "LoadBalancerFrontEnd"}]}, "tags": {}, "name": "lb2",
      "type": "Microsoft.Network/loadBalancers"}]}, "mode": "Incremental", "parameters":
      {}}}'''
    headers:
      Accept: [application/json]
      Accept-Encoding: ['gzip, deflate']
      CommandName: [network lb create]
      Connection: [keep-alive]
      Content-Length: ['1283']
      Content-Type: [application/json; charset=utf-8]
      User-Agent: [python/3.5.3 (Windows-10-10.0.15063-SP0) requests/2.9.1 msrest/0.4.13
          msrest_azure/0.4.11 resourcemanagementclient/1.2.0rc2 Azure-SDK-For-Python
          AZURECLI/2.0.16+dev]
      accept-language: [en-US]
    method: PUT
    uri: https://management.azure.com/subscriptions/00000000-0000-0000-0000-000000000000/resourcegroups/cli_test_network_lb_zone000001/providers/Microsoft.Resources/deployments/mock-deployment?api-version=2017-05-10
  response:
    body: {string: '{"id":"/subscriptions/00000000-0000-0000-0000-000000000000/resourceGroups/cli_test_network_lb_zone000001/providers/Microsoft.Resources/deployments/lb_deploy_VmbzJvyDY5SFEhDULpdsLaJjBTX1gcb6","name":"lb_deploy_VmbzJvyDY5SFEhDULpdsLaJjBTX1gcb6","properties":{"templateHash":"16642192827439827038","parameters":{},"mode":"Incremental","provisioningState":"Accepted","timestamp":"2017-09-19T22:56:24.3416196Z","duration":"PT0.3918586S","correlationId":"b30b829d-6441-4474-81ff-26be7ec35321","providers":[{"namespace":"Microsoft.Network","resourceTypes":[{"resourceType":"virtualNetworks","locations":["eastus2"]},{"resourceType":"loadBalancers","locations":["eastus2"]}]}],"dependencies":[{"dependsOn":[{"id":"/subscriptions/00000000-0000-0000-0000-000000000000/resourceGroups/cli_test_network_lb_zone000001/providers/Microsoft.Network/virtualNetworks/vnet1","resourceType":"Microsoft.Network/virtualNetworks","resourceName":"vnet1"}],"id":"/subscriptions/00000000-0000-0000-0000-000000000000/resourceGroups/cli_test_network_lb_zone000001/providers/Microsoft.Network/loadBalancers/lb2","resourceType":"Microsoft.Network/loadBalancers","resourceName":"lb2"}]}}'}
    headers:
      azure-asyncoperation: ['https://management.azure.com/subscriptions/00000000-0000-0000-0000-000000000000/resourcegroups/cli_test_network_lb_zone000001/providers/Microsoft.Resources/deployments/lb_deploy_VmbzJvyDY5SFEhDULpdsLaJjBTX1gcb6/operationStatuses/08586957451015278592?api-version=2017-05-10']
      cache-control: [no-cache]
      content-length: ['1290']
      content-type: [application/json; charset=utf-8]
      date: ['Tue, 19 Sep 2017 22:56:23 GMT']
      expires: ['-1']
      pragma: [no-cache]
      strict-transport-security: [max-age=31536000; includeSubDomains]
      x-ms-ratelimit-remaining-subscription-writes: ['1199']
    status: {code: 201, message: Created}
- request:
    body: null
    headers:
      Accept: [application/json]
      Accept-Encoding: ['gzip, deflate']
      CommandName: [network lb create]
      Connection: [keep-alive]
      Content-Type: [application/json; charset=utf-8]
      User-Agent: [python/3.5.3 (Windows-10-10.0.15063-SP0) requests/2.9.1 msrest/0.4.13
          msrest_azure/0.4.11 resourcemanagementclient/1.2.0rc2 Azure-SDK-For-Python
          AZURECLI/2.0.16+dev]
      accept-language: [en-US]
    method: GET
    uri: https://management.azure.com/subscriptions/00000000-0000-0000-0000-000000000000/resourcegroups/cli_test_network_lb_zone000001/providers/Microsoft.Resources/deployments/mock-deployment/operationStatuses/08586957451015278592?api-version=2017-05-10
  response:
    body: {string: '{"status":"Succeeded"}'}
    headers:
      cache-control: [no-cache]
      content-length: ['22']
      content-type: [application/json; charset=utf-8]
      date: ['Tue, 19 Sep 2017 22:56:54 GMT']
      expires: ['-1']
      pragma: [no-cache]
      strict-transport-security: [max-age=31536000; includeSubDomains]
      vary: [Accept-Encoding]
    status: {code: 200, message: OK}
- request:
    body: null
    headers:
      Accept: [application/json]
      Accept-Encoding: ['gzip, deflate']
      CommandName: [network lb create]
      Connection: [keep-alive]
      Content-Type: [application/json; charset=utf-8]
      User-Agent: [python/3.5.3 (Windows-10-10.0.15063-SP0) requests/2.9.1 msrest/0.4.13
          msrest_azure/0.4.11 resourcemanagementclient/1.2.0rc2 Azure-SDK-For-Python
          AZURECLI/2.0.16+dev]
      accept-language: [en-US]
    method: GET
    uri: https://management.azure.com/subscriptions/00000000-0000-0000-0000-000000000000/resourcegroups/cli_test_network_lb_zone000001/providers/Microsoft.Resources/deployments/mock-deployment?api-version=2017-05-10
  response:
    body: {string: '{"id":"/subscriptions/00000000-0000-0000-0000-000000000000/resourceGroups/cli_test_network_lb_zone000001/providers/Microsoft.Resources/deployments/lb_deploy_VmbzJvyDY5SFEhDULpdsLaJjBTX1gcb6","name":"lb_deploy_VmbzJvyDY5SFEhDULpdsLaJjBTX1gcb6","properties":{"templateHash":"16642192827439827038","parameters":{},"mode":"Incremental","provisioningState":"Succeeded","timestamp":"2017-09-19T22:56:33.6648258Z","duration":"PT9.7150648S","correlationId":"b30b829d-6441-4474-81ff-26be7ec35321","providers":[{"namespace":"Microsoft.Network","resourceTypes":[{"resourceType":"virtualNetworks","locations":["eastus2"]},{"resourceType":"loadBalancers","locations":["eastus2"]}]}],"dependencies":[{"dependsOn":[{"id":"/subscriptions/00000000-0000-0000-0000-000000000000/resourceGroups/cli_test_network_lb_zone000001/providers/Microsoft.Network/virtualNetworks/vnet1","resourceType":"Microsoft.Network/virtualNetworks","resourceName":"vnet1"}],"id":"/subscriptions/00000000-0000-0000-0000-000000000000/resourceGroups/cli_test_network_lb_zone000001/providers/Microsoft.Network/loadBalancers/lb2","resourceType":"Microsoft.Network/loadBalancers","resourceName":"lb2"}],"outputs":{"loadBalancer":{"type":"Object","value":{"provisioningState":"Succeeded","resourceGuid":"efe2599d-3a99-4f5e-949a-bf961b862e21","frontendIPConfigurations":[{"name":"LoadBalancerFrontEnd","id":"/subscriptions/00000000-0000-0000-0000-000000000000/resourceGroups/cli_test_network_lb_zone000001/providers/Microsoft.Network/loadBalancers/lb2/frontendIPConfigurations/LoadBalancerFrontEnd","etag":"W/\"59bb9005-a0e6-47e1-a6a2-fc0cd9349016\"","properties":{"provisioningState":"Succeeded","privateIPAddress":"10.0.0.4","privateIPAllocationMethod":"Dynamic","subnet":{"id":"/subscriptions/00000000-0000-0000-0000-000000000000/resourceGroups/cli_test_network_lb_zone000001/providers/Microsoft.Network/virtualNetworks/vnet1/subnets/subnet1"}},"zones":["2"]}],"backendAddressPools":[{"name":"lb2bepool","id":"/subscriptions/00000000-0000-0000-0000-000000000000/resourceGroups/cli_test_network_lb_zone000001/providers/Microsoft.Network/loadBalancers/lb2/backendAddressPools/lb2bepool","etag":"W/\"59bb9005-a0e6-47e1-a6a2-fc0cd9349016\"","properties":{"provisioningState":"Succeeded"}}],"loadBalancingRules":[],"probes":[],"inboundNatRules":[],"outboundNatRules":[],"inboundNatPools":[]}}},"outputResources":[{"id":"/subscriptions/00000000-0000-0000-0000-000000000000/resourceGroups/cli_test_network_lb_zone000001/providers/Microsoft.Network/loadBalancers/lb2"},{"id":"/subscriptions/00000000-0000-0000-0000-000000000000/resourceGroups/cli_test_network_lb_zone000001/providers/Microsoft.Network/virtualNetworks/vnet1"}]}}'}
    headers:
      cache-control: [no-cache]
      content-length: ['3033']
      content-type: [application/json; charset=utf-8]
      date: ['Tue, 19 Sep 2017 22:56:54 GMT']
      expires: ['-1']
      pragma: [no-cache]
      strict-transport-security: [max-age=31536000; includeSubDomains]
      vary: [Accept-Encoding]
    status: {code: 200, message: OK}
- request:
    body: null
    headers:
      Accept: [application/json]
      Accept-Encoding: ['gzip, deflate']
      CommandName: [network lb show]
      Connection: [keep-alive]
      Content-Type: [application/json; charset=utf-8]
      User-Agent: [python/3.5.3 (Windows-10-10.0.15063-SP0) requests/2.9.1 msrest/0.4.13
          msrest_azure/0.4.11 networkmanagementclient/1.5.0rc2 Azure-SDK-For-Python
          AZURECLI/2.0.16+dev]
      accept-language: [en-US]
    method: GET
    uri: https://management.azure.com/subscriptions/00000000-0000-0000-0000-000000000000/resourceGroups/cli_test_network_lb_zone000001/providers/Microsoft.Network/loadBalancers/lb2?api-version=2017-09-01
  response:
    body: {string: "{\r\n  \"name\": \"lb2\",\r\n  \"id\": \"/subscriptions/00000000-0000-0000-0000-000000000000/resourceGroups/cli_test_network_lb_zone000001/providers/Microsoft.Network/loadBalancers/lb2\"\
        ,\r\n  \"etag\": \"W/\\\"59bb9005-a0e6-47e1-a6a2-fc0cd9349016\\\"\",\r\n \
        \ \"type\": \"Microsoft.Network/loadBalancers\",\r\n  \"location\": \"eastus2\"\
        ,\r\n  \"tags\": {},\r\n  \"properties\": {\r\n    \"provisioningState\":\
        \ \"Succeeded\",\r\n    \"resourceGuid\": \"efe2599d-3a99-4f5e-949a-bf961b862e21\"\
        ,\r\n    \"frontendIPConfigurations\": [\r\n      {\r\n        \"name\": \"\
        LoadBalancerFrontEnd\",\r\n        \"id\": \"/subscriptions/00000000-0000-0000-0000-000000000000/resourceGroups/cli_test_network_lb_zone000001/providers/Microsoft.Network/loadBalancers/lb2/frontendIPConfigurations/LoadBalancerFrontEnd\"\
        ,\r\n        \"etag\": \"W/\\\"59bb9005-a0e6-47e1-a6a2-fc0cd9349016\\\"\"\
        ,\r\n        \"properties\": {\r\n          \"provisioningState\": \"Succeeded\"\
        ,\r\n          \"privateIPAddress\": \"10.0.0.4\",\r\n          \"privateIPAllocationMethod\"\
        : \"Dynamic\",\r\n          \"subnet\": {\r\n            \"id\": \"/subscriptions/00000000-0000-0000-0000-000000000000/resourceGroups/cli_test_network_lb_zone000001/providers/Microsoft.Network/virtualNetworks/vnet1/subnets/subnet1\"\
        \r\n          }\r\n        },\r\n        \"zones\": [\r\n          \"2\"\r\
        \n        ]\r\n      }\r\n    ],\r\n    \"backendAddressPools\": [\r\n   \
        \   {\r\n        \"name\": \"lb2bepool\",\r\n        \"id\": \"/subscriptions/00000000-0000-0000-0000-000000000000/resourceGroups/cli_test_network_lb_zone000001/providers/Microsoft.Network/loadBalancers/lb2/backendAddressPools/lb2bepool\"\
        ,\r\n        \"etag\": \"W/\\\"59bb9005-a0e6-47e1-a6a2-fc0cd9349016\\\"\"\
        ,\r\n        \"properties\": {\r\n          \"provisioningState\": \"Succeeded\"\
        \r\n        }\r\n      }\r\n    ],\r\n    \"loadBalancingRules\": [],\r\n\
        \    \"probes\": [],\r\n    \"inboundNatRules\": [],\r\n    \"outboundNatRules\"\
        : [],\r\n    \"inboundNatPools\": []\r\n  },\r\n  \"sku\": {\r\n    \"name\"\
        : \"Basic\"\r\n  }\r\n}"}
    headers:
      cache-control: [no-cache]
      content-length: ['2036']
      content-type: [application/json; charset=utf-8]
      date: ['Tue, 19 Sep 2017 22:56:55 GMT']
      etag: [W/"59bb9005-a0e6-47e1-a6a2-fc0cd9349016"]
      expires: ['-1']
      pragma: [no-cache]
      server: [Microsoft-HTTPAPI/2.0, Microsoft-HTTPAPI/2.0]
      strict-transport-security: [max-age=31536000; includeSubDomains]
      transfer-encoding: [chunked]
      vary: [Accept-Encoding]
    status: {code: 200, message: OK}
- request:
    body: null
    headers:
      Accept: [application/json]
      Accept-Encoding: ['gzip, deflate']
      CommandName: [network lb frontend-ip create]
      Connection: [keep-alive]
      Content-Type: [application/json; charset=utf-8]
      User-Agent: [python/3.5.3 (Windows-10-10.0.15063-SP0) requests/2.9.1 msrest/0.4.13
          msrest_azure/0.4.11 networkmanagementclient/1.5.0rc2 Azure-SDK-For-Python
          AZURECLI/2.0.16+dev]
      accept-language: [en-US]
    method: GET
    uri: https://management.azure.com/subscriptions/00000000-0000-0000-0000-000000000000/resourceGroups/cli_test_network_lb_zone000001/providers/Microsoft.Network/loadBalancers/lb2?api-version=2017-09-01
  response:
    body: {string: "{\r\n  \"name\": \"lb2\",\r\n  \"id\": \"/subscriptions/00000000-0000-0000-0000-000000000000/resourceGroups/cli_test_network_lb_zone000001/providers/Microsoft.Network/loadBalancers/lb2\"\
        ,\r\n  \"etag\": \"W/\\\"59bb9005-a0e6-47e1-a6a2-fc0cd9349016\\\"\",\r\n \
        \ \"type\": \"Microsoft.Network/loadBalancers\",\r\n  \"location\": \"eastus2\"\
        ,\r\n  \"tags\": {},\r\n  \"properties\": {\r\n    \"provisioningState\":\
        \ \"Succeeded\",\r\n    \"resourceGuid\": \"efe2599d-3a99-4f5e-949a-bf961b862e21\"\
        ,\r\n    \"frontendIPConfigurations\": [\r\n      {\r\n        \"name\": \"\
        LoadBalancerFrontEnd\",\r\n        \"id\": \"/subscriptions/00000000-0000-0000-0000-000000000000/resourceGroups/cli_test_network_lb_zone000001/providers/Microsoft.Network/loadBalancers/lb2/frontendIPConfigurations/LoadBalancerFrontEnd\"\
        ,\r\n        \"etag\": \"W/\\\"59bb9005-a0e6-47e1-a6a2-fc0cd9349016\\\"\"\
        ,\r\n        \"properties\": {\r\n          \"provisioningState\": \"Succeeded\"\
        ,\r\n          \"privateIPAddress\": \"10.0.0.4\",\r\n          \"privateIPAllocationMethod\"\
        : \"Dynamic\",\r\n          \"subnet\": {\r\n            \"id\": \"/subscriptions/00000000-0000-0000-0000-000000000000/resourceGroups/cli_test_network_lb_zone000001/providers/Microsoft.Network/virtualNetworks/vnet1/subnets/subnet1\"\
        \r\n          }\r\n        },\r\n        \"zones\": [\r\n          \"2\"\r\
        \n        ]\r\n      }\r\n    ],\r\n    \"backendAddressPools\": [\r\n   \
        \   {\r\n        \"name\": \"lb2bepool\",\r\n        \"id\": \"/subscriptions/00000000-0000-0000-0000-000000000000/resourceGroups/cli_test_network_lb_zone000001/providers/Microsoft.Network/loadBalancers/lb2/backendAddressPools/lb2bepool\"\
        ,\r\n        \"etag\": \"W/\\\"59bb9005-a0e6-47e1-a6a2-fc0cd9349016\\\"\"\
        ,\r\n        \"properties\": {\r\n          \"provisioningState\": \"Succeeded\"\
        \r\n        }\r\n      }\r\n    ],\r\n    \"loadBalancingRules\": [],\r\n\
        \    \"probes\": [],\r\n    \"inboundNatRules\": [],\r\n    \"outboundNatRules\"\
        : [],\r\n    \"inboundNatPools\": []\r\n  },\r\n  \"sku\": {\r\n    \"name\"\
        : \"Basic\"\r\n  }\r\n}"}
    headers:
      cache-control: [no-cache]
      content-length: ['2036']
      content-type: [application/json; charset=utf-8]
      date: ['Tue, 19 Sep 2017 22:56:56 GMT']
      etag: [W/"59bb9005-a0e6-47e1-a6a2-fc0cd9349016"]
      expires: ['-1']
      pragma: [no-cache]
      server: [Microsoft-HTTPAPI/2.0, Microsoft-HTTPAPI/2.0]
      strict-transport-security: [max-age=31536000; includeSubDomains]
      transfer-encoding: [chunked]
      vary: [Accept-Encoding]
    status: {code: 200, message: OK}
- request:
    body: 'b''{"etag": "W/\\"59bb9005-a0e6-47e1-a6a2-fc0cd9349016\\"", "location":
      "eastus2", "properties": {"frontendIPConfigurations": [{"properties": {"subnet":
      {"id": "/subscriptions/00000000-0000-0000-0000-000000000000/resourceGroups/cli_test_network_lb_zone000001/providers/Microsoft.Network/virtualNetworks/vnet1/subnets/subnet1"},
      "privateIPAllocationMethod": "Dynamic", "privateIPAddress": "10.0.0.4", "provisioningState":
      "Succeeded"}, "etag": "W/\\"59bb9005-a0e6-47e1-a6a2-fc0cd9349016\\"", "name":
      "LoadBalancerFrontEnd", "zones": ["2"], "id": "/subscriptions/00000000-0000-0000-0000-000000000000/resourceGroups/cli_test_network_lb_zone000001/providers/Microsoft.Network/loadBalancers/lb2/frontendIPConfigurations/LoadBalancerFrontEnd"},
      {"properties": {"privateIPAllocationMethod": "dynamic", "subnet": {"id": "/subscriptions/00000000-0000-0000-0000-000000000000/resourceGroups/cli_test_network_lb_zone000001/providers/Microsoft.Network/virtualNetworks/vnet1/subnets/subnet1"}},
      "zones": ["2"], "name": "LoadBalancerFrontEnd2"}], "inboundNatPools": [], "resourceGuid":
      "efe2599d-3a99-4f5e-949a-bf961b862e21", "inboundNatRules": [], "provisioningState":
      "Succeeded", "backendAddressPools": [{"properties": {"provisioningState": "Succeeded"},
      "etag": "W/\\"59bb9005-a0e6-47e1-a6a2-fc0cd9349016\\"", "name": "lb2bepool",
      "id": "/subscriptions/00000000-0000-0000-0000-000000000000/resourceGroups/cli_test_network_lb_zone000001/providers/Microsoft.Network/loadBalancers/lb2/backendAddressPools/lb2bepool"}],
      "loadBalancingRules": [], "probes": [], "outboundNatRules": []}, "tags": {},
      "id": "/subscriptions/00000000-0000-0000-0000-000000000000/resourceGroups/cli_test_network_lb_zone000001/providers/Microsoft.Network/loadBalancers/lb2",
      "sku": {"name": "Basic"}}'''
    headers:
      Accept: [application/json]
      Accept-Encoding: ['gzip, deflate']
      CommandName: [network lb frontend-ip create]
      Connection: [keep-alive]
      Content-Length: ['1976']
      Content-Type: [application/json; charset=utf-8]
      User-Agent: [python/3.5.3 (Windows-10-10.0.15063-SP0) requests/2.9.1 msrest/0.4.13
          msrest_azure/0.4.11 networkmanagementclient/1.5.0rc2 Azure-SDK-For-Python
          AZURECLI/2.0.16+dev]
      accept-language: [en-US]
    method: PUT
    uri: https://management.azure.com/subscriptions/00000000-0000-0000-0000-000000000000/resourceGroups/cli_test_network_lb_zone000001/providers/Microsoft.Network/loadBalancers/lb2?api-version=2017-09-01
  response:
    body: {string: "{\r\n  \"name\": \"lb2\",\r\n  \"id\": \"/subscriptions/00000000-0000-0000-0000-000000000000/resourceGroups/cli_test_network_lb_zone000001/providers/Microsoft.Network/loadBalancers/lb2\"\
        ,\r\n  \"etag\": \"W/\\\"ca05dc20-3876-4278-9fe5-14bae7027dee\\\"\",\r\n \
        \ \"type\": \"Microsoft.Network/loadBalancers\",\r\n  \"location\": \"eastus2\"\
        ,\r\n  \"tags\": {},\r\n  \"properties\": {\r\n    \"provisioningState\":\
        \ \"Succeeded\",\r\n    \"resourceGuid\": \"efe2599d-3a99-4f5e-949a-bf961b862e21\"\
        ,\r\n    \"frontendIPConfigurations\": [\r\n      {\r\n        \"name\": \"\
        LoadBalancerFrontEnd\",\r\n        \"id\": \"/subscriptions/00000000-0000-0000-0000-000000000000/resourceGroups/cli_test_network_lb_zone000001/providers/Microsoft.Network/loadBalancers/lb2/frontendIPConfigurations/LoadBalancerFrontEnd\"\
        ,\r\n        \"etag\": \"W/\\\"ca05dc20-3876-4278-9fe5-14bae7027dee\\\"\"\
        ,\r\n        \"properties\": {\r\n          \"provisioningState\": \"Succeeded\"\
        ,\r\n          \"privateIPAddress\": \"10.0.0.4\",\r\n          \"privateIPAllocationMethod\"\
        : \"Dynamic\",\r\n          \"subnet\": {\r\n            \"id\": \"/subscriptions/00000000-0000-0000-0000-000000000000/resourceGroups/cli_test_network_lb_zone000001/providers/Microsoft.Network/virtualNetworks/vnet1/subnets/subnet1\"\
        \r\n          }\r\n        },\r\n        \"zones\": [\r\n          \"2\"\r\
        \n        ]\r\n      },\r\n      {\r\n        \"name\": \"LoadBalancerFrontEnd2\"\
        ,\r\n        \"id\": \"/subscriptions/00000000-0000-0000-0000-000000000000/resourceGroups/cli_test_network_lb_zone000001/providers/Microsoft.Network/loadBalancers/lb2/frontendIPConfigurations/LoadBalancerFrontEnd2\"\
        ,\r\n        \"etag\": \"W/\\\"ca05dc20-3876-4278-9fe5-14bae7027dee\\\"\"\
        ,\r\n        \"properties\": {\r\n          \"provisioningState\": \"Succeeded\"\
        ,\r\n          \"privateIPAddress\": \"10.0.0.5\",\r\n          \"privateIPAllocationMethod\"\
        : \"Dynamic\",\r\n          \"subnet\": {\r\n            \"id\": \"/subscriptions/00000000-0000-0000-0000-000000000000/resourceGroups/cli_test_network_lb_zone000001/providers/Microsoft.Network/virtualNetworks/vnet1/subnets/subnet1\"\
        \r\n          }\r\n        },\r\n        \"zones\": [\r\n          \"2\"\r\
        \n        ]\r\n      }\r\n    ],\r\n    \"backendAddressPools\": [\r\n   \
        \   {\r\n        \"name\": \"lb2bepool\",\r\n        \"id\": \"/subscriptions/00000000-0000-0000-0000-000000000000/resourceGroups/cli_test_network_lb_zone000001/providers/Microsoft.Network/loadBalancers/lb2/backendAddressPools/lb2bepool\"\
        ,\r\n        \"etag\": \"W/\\\"ca05dc20-3876-4278-9fe5-14bae7027dee\\\"\"\
        ,\r\n        \"properties\": {\r\n          \"provisioningState\": \"Succeeded\"\
        \r\n        }\r\n      }\r\n    ],\r\n    \"loadBalancingRules\": [],\r\n\
        \    \"probes\": [],\r\n    \"inboundNatRules\": [],\r\n    \"outboundNatRules\"\
        : [],\r\n    \"inboundNatPools\": []\r\n  },\r\n  \"sku\": {\r\n    \"name\"\
        : \"Basic\"\r\n  }\r\n}"}
    headers:
      azure-asyncoperation: ['https://management.azure.com/subscriptions/00000000-0000-0000-0000-000000000000/providers/Microsoft.Network/locations/eastus2/operations/2e4e34a9-0a25-46a6-9f11-1fdb8895088c?api-version=2017-09-01']
      cache-control: [no-cache]
      content-length: ['2902']
      content-type: [application/json; charset=utf-8]
      date: ['Tue, 19 Sep 2017 22:56:57 GMT']
      expires: ['-1']
      pragma: [no-cache]
      server: [Microsoft-HTTPAPI/2.0, Microsoft-HTTPAPI/2.0]
      strict-transport-security: [max-age=31536000; includeSubDomains]
      transfer-encoding: [chunked]
      vary: [Accept-Encoding]
      x-ms-ratelimit-remaining-subscription-writes: ['1196']
    status: {code: 200, message: OK}
- request:
    body: null
    headers:
      Accept: [application/json]
      Accept-Encoding: ['gzip, deflate']
      CommandName: [network lb frontend-ip create]
      Connection: [keep-alive]
      Content-Type: [application/json; charset=utf-8]
      User-Agent: [python/3.5.3 (Windows-10-10.0.15063-SP0) requests/2.9.1 msrest/0.4.13
          msrest_azure/0.4.11 networkmanagementclient/1.5.0rc2 Azure-SDK-For-Python
          AZURECLI/2.0.16+dev]
      accept-language: [en-US]
    method: GET
    uri: https://management.azure.com/subscriptions/00000000-0000-0000-0000-000000000000/providers/Microsoft.Network/locations/eastus2/operations/2e4e34a9-0a25-46a6-9f11-1fdb8895088c?api-version=2017-09-01
  response:
    body: {string: "{\r\n  \"status\": \"Succeeded\"\r\n}"}
    headers:
      cache-control: [no-cache]
      content-length: ['29']
      content-type: [application/json; charset=utf-8]
      date: ['Tue, 19 Sep 2017 22:57:27 GMT']
      expires: ['-1']
      pragma: [no-cache]
      server: [Microsoft-HTTPAPI/2.0, Microsoft-HTTPAPI/2.0]
      strict-transport-security: [max-age=31536000; includeSubDomains]
      transfer-encoding: [chunked]
      vary: [Accept-Encoding]
    status: {code: 200, message: OK}
- request:
    body: null
    headers:
      Accept: [application/json]
      Accept-Encoding: ['gzip, deflate']
      CommandName: [network lb frontend-ip create]
      Connection: [keep-alive]
      Content-Type: [application/json; charset=utf-8]
      User-Agent: [python/3.5.3 (Windows-10-10.0.15063-SP0) requests/2.9.1 msrest/0.4.13
          msrest_azure/0.4.11 networkmanagementclient/1.5.0rc2 Azure-SDK-For-Python
          AZURECLI/2.0.16+dev]
      accept-language: [en-US]
    method: GET
    uri: https://management.azure.com/subscriptions/00000000-0000-0000-0000-000000000000/resourceGroups/cli_test_network_lb_zone000001/providers/Microsoft.Network/loadBalancers/lb2?api-version=2017-09-01
  response:
    body: {string: "{\r\n  \"name\": \"lb2\",\r\n  \"id\": \"/subscriptions/00000000-0000-0000-0000-000000000000/resourceGroups/cli_test_network_lb_zone000001/providers/Microsoft.Network/loadBalancers/lb2\"\
        ,\r\n  \"etag\": \"W/\\\"ca05dc20-3876-4278-9fe5-14bae7027dee\\\"\",\r\n \
        \ \"type\": \"Microsoft.Network/loadBalancers\",\r\n  \"location\": \"eastus2\"\
        ,\r\n  \"tags\": {},\r\n  \"properties\": {\r\n    \"provisioningState\":\
        \ \"Succeeded\",\r\n    \"resourceGuid\": \"efe2599d-3a99-4f5e-949a-bf961b862e21\"\
        ,\r\n    \"frontendIPConfigurations\": [\r\n      {\r\n        \"name\": \"\
        LoadBalancerFrontEnd\",\r\n        \"id\": \"/subscriptions/00000000-0000-0000-0000-000000000000/resourceGroups/cli_test_network_lb_zone000001/providers/Microsoft.Network/loadBalancers/lb2/frontendIPConfigurations/LoadBalancerFrontEnd\"\
        ,\r\n        \"etag\": \"W/\\\"ca05dc20-3876-4278-9fe5-14bae7027dee\\\"\"\
        ,\r\n        \"properties\": {\r\n          \"provisioningState\": \"Succeeded\"\
        ,\r\n          \"privateIPAddress\": \"10.0.0.4\",\r\n          \"privateIPAllocationMethod\"\
        : \"Dynamic\",\r\n          \"subnet\": {\r\n            \"id\": \"/subscriptions/00000000-0000-0000-0000-000000000000/resourceGroups/cli_test_network_lb_zone000001/providers/Microsoft.Network/virtualNetworks/vnet1/subnets/subnet1\"\
        \r\n          }\r\n        },\r\n        \"zones\": [\r\n          \"2\"\r\
        \n        ]\r\n      },\r\n      {\r\n        \"name\": \"LoadBalancerFrontEnd2\"\
        ,\r\n        \"id\": \"/subscriptions/00000000-0000-0000-0000-000000000000/resourceGroups/cli_test_network_lb_zone000001/providers/Microsoft.Network/loadBalancers/lb2/frontendIPConfigurations/LoadBalancerFrontEnd2\"\
        ,\r\n        \"etag\": \"W/\\\"ca05dc20-3876-4278-9fe5-14bae7027dee\\\"\"\
        ,\r\n        \"properties\": {\r\n          \"provisioningState\": \"Succeeded\"\
        ,\r\n          \"privateIPAddress\": \"10.0.0.5\",\r\n          \"privateIPAllocationMethod\"\
        : \"Dynamic\",\r\n          \"subnet\": {\r\n            \"id\": \"/subscriptions/00000000-0000-0000-0000-000000000000/resourceGroups/cli_test_network_lb_zone000001/providers/Microsoft.Network/virtualNetworks/vnet1/subnets/subnet1\"\
        \r\n          }\r\n        },\r\n        \"zones\": [\r\n          \"2\"\r\
        \n        ]\r\n      }\r\n    ],\r\n    \"backendAddressPools\": [\r\n   \
        \   {\r\n        \"name\": \"lb2bepool\",\r\n        \"id\": \"/subscriptions/00000000-0000-0000-0000-000000000000/resourceGroups/cli_test_network_lb_zone000001/providers/Microsoft.Network/loadBalancers/lb2/backendAddressPools/lb2bepool\"\
        ,\r\n        \"etag\": \"W/\\\"ca05dc20-3876-4278-9fe5-14bae7027dee\\\"\"\
        ,\r\n        \"properties\": {\r\n          \"provisioningState\": \"Succeeded\"\
        \r\n        }\r\n      }\r\n    ],\r\n    \"loadBalancingRules\": [],\r\n\
        \    \"probes\": [],\r\n    \"inboundNatRules\": [],\r\n    \"outboundNatRules\"\
        : [],\r\n    \"inboundNatPools\": []\r\n  },\r\n  \"sku\": {\r\n    \"name\"\
        : \"Basic\"\r\n  }\r\n}"}
    headers:
      cache-control: [no-cache]
      content-length: ['2902']
      content-type: [application/json; charset=utf-8]
      date: ['Tue, 19 Sep 2017 22:57:27 GMT']
      etag: [W/"ca05dc20-3876-4278-9fe5-14bae7027dee"]
      expires: ['-1']
      pragma: [no-cache]
      server: [Microsoft-HTTPAPI/2.0, Microsoft-HTTPAPI/2.0]
      strict-transport-security: [max-age=31536000; includeSubDomains]
      transfer-encoding: [chunked]
      vary: [Accept-Encoding]
    status: {code: 200, message: OK}
- request:
    body: null
    headers:
      Accept: [application/json]
      Accept-Encoding: ['gzip, deflate']
      CommandName: [group delete]
      Connection: [keep-alive]
      Content-Length: ['0']
      Content-Type: [application/json; charset=utf-8]
      User-Agent: [python/3.5.3 (Windows-10-10.0.15063-SP0) requests/2.9.1 msrest/0.4.13
          msrest_azure/0.4.11 resourcemanagementclient/1.2.0rc2 Azure-SDK-For-Python
          AZURECLI/2.0.16+dev]
      accept-language: [en-US]
    method: DELETE
    uri: https://management.azure.com/subscriptions/00000000-0000-0000-0000-000000000000/resourcegroups/cli_test_network_lb_zone000001?api-version=2017-05-10
  response:
    body: {string: ''}
    headers:
      cache-control: [no-cache]
      content-length: ['0']
      date: ['Tue, 19 Sep 2017 22:57:28 GMT']
      expires: ['-1']
      location: ['https://management.azure.com/subscriptions/00000000-0000-0000-0000-000000000000/operationresults/eyJqb2JJZCI6IlJFU09VUkNFR1JPVVBERUxFVElPTkpPQi1DTEk6NUZURVNUOjVGTkVUV09SSzo1RkxCOjVGWk9ORUVKTTNGSUMySzRHUUZBR3w0NkVENDJEMkY3OTlBMTYwLVdFU1RVUyIsImpvYkxvY2F0aW9uIjoid2VzdHVzIn0?api-version=2017-05-10']
      pragma: [no-cache]
      strict-transport-security: [max-age=31536000; includeSubDomains]
      x-ms-ratelimit-remaining-subscription-writes: ['1195']
    status: {code: 202, message: Accepted}
version: 1
