interactions:
- request:
    body: null
    headers:
      Accept: [application/json]
      Accept-Encoding: ['gzip, deflate']
      Connection: [keep-alive]
      Content-Type: [application/json; charset=utf-8]
      User-Agent: [python/3.5.1 (Windows-10-10.0.15063-SP0) requests/2.9.1 msrest/0.4.11
          msrest_azure/0.4.9 resourcemanagementclient/1.1.0 Azure-SDK-For-Python AZURECLI/TEST/2.0.10+dev]
      accept-language: [en-US]
      x-ms-client-request-id: [bb9e0b36-5c6d-11e7-a0b3-a0b3ccf7272a]
    method: GET
    uri: https://management.azure.com/subscriptions/00000000-0000-0000-0000-000000000000/resourcegroups/cli_test_route_table?api-version=2017-05-10
  response:
    body: {string: '{"id":"/subscriptions/00000000-0000-0000-0000-000000000000/resourceGroups/cli_test_route_table","name":"cli_test_route_table","location":"westus","tags":{"use":"az-test"},"properties":{"provisioningState":"Succeeded"}}'}
    headers:
      Cache-Control: [no-cache]
      Content-Type: [application/json; charset=utf-8]
      Date: ['Thu, 29 Jun 2017 01:53:22 GMT']
      Expires: ['-1']
      Pragma: [no-cache]
      Strict-Transport-Security: [max-age=31536000; includeSubDomains]
      Vary: [Accept-Encoding]
      content-length: ['230']
    status: {code: 200, message: OK}
- request:
    body: '{"location": "westus"}'
    headers:
      Accept: [application/json]
      Accept-Encoding: ['gzip, deflate']
      Connection: [keep-alive]
      Content-Length: ['22']
      Content-Type: [application/json; charset=utf-8]
      User-Agent: [python/3.5.1 (Windows-10-10.0.15063-SP0) requests/2.9.1 msrest/0.4.11
          msrest_azure/0.4.9 networkmanagementclient/1.1.0 Azure-SDK-For-Python AZURECLI/TEST/2.0.10+dev]
      accept-language: [en-US]
      x-ms-client-request-id: [bbafc75c-5c6d-11e7-9ba5-a0b3ccf7272a]
    method: PUT
    uri: https://management.azure.com/subscriptions/00000000-0000-0000-0000-000000000000/resourceGroups/cli_test_route_table/providers/Microsoft.Network/routeTables/cli-test-route-table?api-version=2017-06-01
  response:
    body: {string: "{\r\n  \"name\": \"cli-test-route-table\",\r\n  \"id\": \"/subscriptions/00000000-0000-0000-0000-000000000000/resourceGroups/cli_test_route_table/providers/Microsoft.Network/routeTables/cli-test-route-table\"\
        ,\r\n  \"etag\": \"W/\\\"fc98ebf4-86a7-48d2-8755-ed894025a0bf\\\"\",\r\n \
        \ \"type\": \"Microsoft.Network/routeTables\",\r\n  \"location\": \"westus\"\
        ,\r\n  \"properties\": {\r\n    \"provisioningState\": \"Updating\",\r\n \
        \   \"resourceGuid\": \"59ced2bb-d8af-447b-95c2-64477b57c574\",\r\n    \"\
        routes\": []\r\n  }\r\n}"}
    headers:
      Azure-AsyncOperation: ['https://management.azure.com/subscriptions/0b1f6471-1bf0-4dda-aec3-cb9272f09590/providers/Microsoft.Network/locations/westus/operations/ec913c26-f81f-4409-8ca7-5973aec032ed?api-version=2017-06-01']
      Cache-Control: [no-cache]
      Content-Length: ['473']
      Content-Type: [application/json; charset=utf-8]
      Date: ['Thu, 29 Jun 2017 01:53:23 GMT']
      Expires: ['-1']
      Pragma: [no-cache]
      Retry-After: ['10']
      Server: [Microsoft-HTTPAPI/2.0, Microsoft-HTTPAPI/2.0]
      Strict-Transport-Security: [max-age=31536000; includeSubDomains]
      x-ms-ratelimit-remaining-subscription-writes: ['1191']
    status: {code: 201, message: Created}
- request:
    body: null
    headers:
      Accept: [application/json]
      Accept-Encoding: ['gzip, deflate']
      Connection: [keep-alive]
      Content-Type: [application/json; charset=utf-8]
      User-Agent: [python/3.5.1 (Windows-10-10.0.15063-SP0) requests/2.9.1 msrest/0.4.11
          msrest_azure/0.4.9 networkmanagementclient/1.1.0 Azure-SDK-For-Python AZURECLI/TEST/2.0.10+dev]
      accept-language: [en-US]
      x-ms-client-request-id: [bbafc75c-5c6d-11e7-9ba5-a0b3ccf7272a]
    method: GET
    uri: https://management.azure.com/subscriptions/00000000-0000-0000-0000-000000000000/providers/Microsoft.Network/locations/westus/operations/ec913c26-f81f-4409-8ca7-5973aec032ed?api-version=2017-06-01
  response:
    body: {string: "{\r\n  \"status\": \"Succeeded\"\r\n}"}
    headers:
      Cache-Control: [no-cache]
      Content-Type: [application/json; charset=utf-8]
      Date: ['Thu, 29 Jun 2017 01:53:33 GMT']
      Expires: ['-1']
      Pragma: [no-cache]
      Server: [Microsoft-HTTPAPI/2.0, Microsoft-HTTPAPI/2.0]
      Strict-Transport-Security: [max-age=31536000; includeSubDomains]
      Transfer-Encoding: [chunked]
      Vary: [Accept-Encoding]
      content-length: ['29']
    status: {code: 200, message: OK}
- request:
    body: null
    headers:
      Accept: [application/json]
      Accept-Encoding: ['gzip, deflate']
      Connection: [keep-alive]
      Content-Type: [application/json; charset=utf-8]
      User-Agent: [python/3.5.1 (Windows-10-10.0.15063-SP0) requests/2.9.1 msrest/0.4.11
          msrest_azure/0.4.9 networkmanagementclient/1.1.0 Azure-SDK-For-Python AZURECLI/TEST/2.0.10+dev]
      accept-language: [en-US]
      x-ms-client-request-id: [bbafc75c-5c6d-11e7-9ba5-a0b3ccf7272a]
    method: GET
    uri: https://management.azure.com/subscriptions/00000000-0000-0000-0000-000000000000/resourceGroups/cli_test_route_table/providers/Microsoft.Network/routeTables/cli-test-route-table?api-version=2017-06-01
  response:
    body: {string: "{\r\n  \"name\": \"cli-test-route-table\",\r\n  \"id\": \"/subscriptions/00000000-0000-0000-0000-000000000000/resourceGroups/cli_test_route_table/providers/Microsoft.Network/routeTables/cli-test-route-table\"\
        ,\r\n  \"etag\": \"W/\\\"c8d455f1-8e05-4380-9094-67fb9404a463\\\"\",\r\n \
        \ \"type\": \"Microsoft.Network/routeTables\",\r\n  \"location\": \"westus\"\
        ,\r\n  \"properties\": {\r\n    \"provisioningState\": \"Succeeded\",\r\n\
        \    \"resourceGuid\": \"59ced2bb-d8af-447b-95c2-64477b57c574\",\r\n    \"\
        routes\": []\r\n  }\r\n}"}
    headers:
      Cache-Control: [no-cache]
      Content-Type: [application/json; charset=utf-8]
      Date: ['Thu, 29 Jun 2017 01:53:33 GMT']
      ETag: [W/"c8d455f1-8e05-4380-9094-67fb9404a463"]
      Expires: ['-1']
      Pragma: [no-cache]
      Server: [Microsoft-HTTPAPI/2.0, Microsoft-HTTPAPI/2.0]
      Strict-Transport-Security: [max-age=31536000; includeSubDomains]
      Transfer-Encoding: [chunked]
      Vary: [Accept-Encoding]
      content-length: ['474']
    status: {code: 200, message: OK}
- request:
    body: '{"name": "my-route", "properties": {"nextHopType": "None", "addressPrefix":
      "10.0.5.0/24"}}'
    headers:
      Accept: [application/json]
      Accept-Encoding: ['gzip, deflate']
      Connection: [keep-alive]
      Content-Length: ['91']
      Content-Type: [application/json; charset=utf-8]
      User-Agent: [python/3.5.1 (Windows-10-10.0.15063-SP0) requests/2.9.1 msrest/0.4.11
          msrest_azure/0.4.9 networkmanagementclient/1.1.0 Azure-SDK-For-Python AZURECLI/TEST/2.0.10+dev]
      accept-language: [en-US]
      x-ms-client-request-id: [c2df2092-5c6d-11e7-9125-a0b3ccf7272a]
    method: PUT
    uri: https://management.azure.com/subscriptions/00000000-0000-0000-0000-000000000000/resourceGroups/cli_test_route_table/providers/Microsoft.Network/routeTables/cli-test-route-table/routes/my-route?api-version=2017-06-01
  response:
    body: {string: "{\r\n  \"name\": \"my-route\",\r\n  \"id\": \"/subscriptions/00000000-0000-0000-0000-000000000000/resourceGroups/cli_test_route_table/providers/Microsoft.Network/routeTables/cli-test-route-table/routes/my-route\"\
        ,\r\n  \"etag\": \"W/\\\"9da9d1fc-5172-44df-a834-66303bb02df4\\\"\",\r\n \
        \ \"properties\": {\r\n    \"provisioningState\": \"Updating\",\r\n    \"\
        addressPrefix\": \"10.0.5.0/24\",\r\n    \"nextHopType\": \"None\"\r\n  }\r\
        \n}"}
    headers:
      Azure-AsyncOperation: ['https://management.azure.com/subscriptions/0b1f6471-1bf0-4dda-aec3-cb9272f09590/providers/Microsoft.Network/locations/westus/operations/865657a3-59a0-4d20-a3cd-8090e5a81f71?api-version=2017-06-01']
      Cache-Control: [no-cache]
      Content-Length: ['393']
      Content-Type: [application/json; charset=utf-8]
      Date: ['Thu, 29 Jun 2017 01:53:35 GMT']
      Expires: ['-1']
      Pragma: [no-cache]
      Retry-After: ['10']
      Server: [Microsoft-HTTPAPI/2.0, Microsoft-HTTPAPI/2.0]
      Strict-Transport-Security: [max-age=31536000; includeSubDomains]
      x-ms-ratelimit-remaining-subscription-writes: ['1198']
    status: {code: 201, message: Created}
- request:
    body: null
    headers:
      Accept: [application/json]
      Accept-Encoding: ['gzip, deflate']
      Connection: [keep-alive]
      Content-Type: [application/json; charset=utf-8]
      User-Agent: [python/3.5.1 (Windows-10-10.0.15063-SP0) requests/2.9.1 msrest/0.4.11
          msrest_azure/0.4.9 networkmanagementclient/1.1.0 Azure-SDK-For-Python AZURECLI/TEST/2.0.10+dev]
      accept-language: [en-US]
      x-ms-client-request-id: [c2df2092-5c6d-11e7-9125-a0b3ccf7272a]
    method: GET
    uri: https://management.azure.com/subscriptions/00000000-0000-0000-0000-000000000000/providers/Microsoft.Network/locations/westus/operations/865657a3-59a0-4d20-a3cd-8090e5a81f71?api-version=2017-06-01
  response:
    body: {string: "{\r\n  \"status\": \"Succeeded\"\r\n}"}
    headers:
      Cache-Control: [no-cache]
      Content-Type: [application/json; charset=utf-8]
      Date: ['Thu, 29 Jun 2017 01:53:45 GMT']
      Expires: ['-1']
      Pragma: [no-cache]
      Server: [Microsoft-HTTPAPI/2.0, Microsoft-HTTPAPI/2.0]
      Strict-Transport-Security: [max-age=31536000; includeSubDomains]
      Transfer-Encoding: [chunked]
      Vary: [Accept-Encoding]
      content-length: ['29']
    status: {code: 200, message: OK}
- request:
    body: null
    headers:
      Accept: [application/json]
      Accept-Encoding: ['gzip, deflate']
      Connection: [keep-alive]
      Content-Type: [application/json; charset=utf-8]
      User-Agent: [python/3.5.1 (Windows-10-10.0.15063-SP0) requests/2.9.1 msrest/0.4.11
          msrest_azure/0.4.9 networkmanagementclient/1.1.0 Azure-SDK-For-Python AZURECLI/TEST/2.0.10+dev]
      accept-language: [en-US]
      x-ms-client-request-id: [c2df2092-5c6d-11e7-9125-a0b3ccf7272a]
    method: GET
    uri: https://management.azure.com/subscriptions/00000000-0000-0000-0000-000000000000/resourceGroups/cli_test_route_table/providers/Microsoft.Network/routeTables/cli-test-route-table/routes/my-route?api-version=2017-06-01
  response:
    body: {string: "{\r\n  \"name\": \"my-route\",\r\n  \"id\": \"/subscriptions/00000000-0000-0000-0000-000000000000/resourceGroups/cli_test_route_table/providers/Microsoft.Network/routeTables/cli-test-route-table/routes/my-route\"\
        ,\r\n  \"etag\": \"W/\\\"d04fbeeb-275c-410b-9d0e-11f87cf25e3d\\\"\",\r\n \
        \ \"properties\": {\r\n    \"provisioningState\": \"Succeeded\",\r\n    \"\
        addressPrefix\": \"10.0.5.0/24\",\r\n    \"nextHopType\": \"None\"\r\n  }\r\
        \n}"}
    headers:
      Cache-Control: [no-cache]
      Content-Type: [application/json; charset=utf-8]
      Date: ['Thu, 29 Jun 2017 01:53:45 GMT']
      ETag: [W/"d04fbeeb-275c-410b-9d0e-11f87cf25e3d"]
      Expires: ['-1']
      Pragma: [no-cache]
      Server: [Microsoft-HTTPAPI/2.0, Microsoft-HTTPAPI/2.0]
      Strict-Transport-Security: [max-age=31536000; includeSubDomains]
      Transfer-Encoding: [chunked]
      Vary: [Accept-Encoding]
      content-length: ['394']
    status: {code: 200, message: OK}
- request:
    body: null
    headers:
      Accept: [application/json]
      Accept-Encoding: ['gzip, deflate']
      Connection: [keep-alive]
      Content-Type: [application/json; charset=utf-8]
      User-Agent: [python/3.5.1 (Windows-10-10.0.15063-SP0) requests/2.9.1 msrest/0.4.11
          msrest_azure/0.4.9 networkmanagementclient/1.1.0 Azure-SDK-For-Python AZURECLI/TEST/2.0.10+dev]
      accept-language: [en-US]
      x-ms-client-request-id: [c9ceecc0-5c6d-11e7-8a48-a0b3ccf7272a]
    method: GET
    uri: https://management.azure.com/subscriptions/00000000-0000-0000-0000-000000000000/providers/Microsoft.Network/routeTables?api-version=2017-06-01
  response:
    body: {string: "{\r\n  \"value\": [\r\n    {\r\n      \"name\": \"cli-test-route-table\"\
        ,\r\n      \"id\": \"/subscriptions/00000000-0000-0000-0000-000000000000/resourceGroups/cli_test_route_table/providers/Microsoft.Network/routeTables/cli-test-route-table\"\
        ,\r\n      \"etag\": \"W/\\\"d04fbeeb-275c-410b-9d0e-11f87cf25e3d\\\"\",\r\
        \n      \"type\": \"Microsoft.Network/routeTables\",\r\n      \"location\"\
        : \"westus\",\r\n      \"properties\": {\r\n        \"provisioningState\"\
        : \"Succeeded\",\r\n        \"resourceGuid\": \"59ced2bb-d8af-447b-95c2-64477b57c574\"\
        ,\r\n        \"routes\": [\r\n          {\r\n            \"name\": \"my-route\"\
        ,\r\n            \"id\": \"/subscriptions/00000000-0000-0000-0000-000000000000/resourceGroups/cli_test_route_table/providers/Microsoft.Network/routeTables/cli-test-route-table/routes/my-route\"\
        ,\r\n            \"etag\": \"W/\\\"d04fbeeb-275c-410b-9d0e-11f87cf25e3d\\\"\
        \",\r\n            \"properties\": {\r\n              \"provisioningState\"\
        : \"Succeeded\",\r\n              \"addressPrefix\": \"10.0.5.0/24\",\r\n\
        \              \"nextHopType\": \"None\"\r\n            }\r\n          }\r\
        \n        ]\r\n      }\r\n    }\r\n  ]\r\n}"}
    headers:
      Cache-Control: [no-cache]
      Content-Type: [application/json; charset=utf-8]
      Date: ['Thu, 29 Jun 2017 01:53:46 GMT']
      Expires: ['-1']
      Pragma: [no-cache]
      Server: [Microsoft-HTTPAPI/2.0, Microsoft-HTTPAPI/2.0]
      Strict-Transport-Security: [max-age=31536000; includeSubDomains]
      Transfer-Encoding: [chunked]
      Vary: [Accept-Encoding]
      content-length: ['1053']
    status: {code: 200, message: OK}
- request:
    body: null
    headers:
      Accept: [application/json]
      Accept-Encoding: ['gzip, deflate']
      Connection: [keep-alive]
      Content-Type: [application/json; charset=utf-8]
      User-Agent: [python/3.5.1 (Windows-10-10.0.15063-SP0) requests/2.9.1 msrest/0.4.11
          msrest_azure/0.4.9 networkmanagementclient/1.1.0 Azure-SDK-For-Python AZURECLI/TEST/2.0.10+dev]
      accept-language: [en-US]
      x-ms-client-request-id: [c9f88ea2-5c6d-11e7-89cc-a0b3ccf7272a]
    method: GET
    uri: https://management.azure.com/subscriptions/00000000-0000-0000-0000-000000000000/resourceGroups/cli_test_route_table/providers/Microsoft.Network/routeTables?api-version=2017-06-01
  response:
    body: {string: "{\r\n  \"value\": [\r\n    {\r\n      \"name\": \"cli-test-route-table\"\
        ,\r\n      \"id\": \"/subscriptions/00000000-0000-0000-0000-000000000000/resourceGroups/cli_test_route_table/providers/Microsoft.Network/routeTables/cli-test-route-table\"\
        ,\r\n      \"etag\": \"W/\\\"d04fbeeb-275c-410b-9d0e-11f87cf25e3d\\\"\",\r\
        \n      \"type\": \"Microsoft.Network/routeTables\",\r\n      \"location\"\
        : \"westus\",\r\n      \"properties\": {\r\n        \"provisioningState\"\
        : \"Succeeded\",\r\n        \"resourceGuid\": \"59ced2bb-d8af-447b-95c2-64477b57c574\"\
        ,\r\n        \"routes\": [\r\n          {\r\n            \"name\": \"my-route\"\
        ,\r\n            \"id\": \"/subscriptions/00000000-0000-0000-0000-000000000000/resourceGroups/cli_test_route_table/providers/Microsoft.Network/routeTables/cli-test-route-table/routes/my-route\"\
        ,\r\n            \"etag\": \"W/\\\"d04fbeeb-275c-410b-9d0e-11f87cf25e3d\\\"\
        \",\r\n            \"properties\": {\r\n              \"provisioningState\"\
        : \"Succeeded\",\r\n              \"addressPrefix\": \"10.0.5.0/24\",\r\n\
        \              \"nextHopType\": \"None\"\r\n            }\r\n          }\r\
        \n        ]\r\n      }\r\n    }\r\n  ]\r\n}"}
    headers:
      Cache-Control: [no-cache]
      Content-Type: [application/json; charset=utf-8]
      Date: ['Thu, 29 Jun 2017 01:53:46 GMT']
      Expires: ['-1']
      Pragma: [no-cache]
      Server: [Microsoft-HTTPAPI/2.0, Microsoft-HTTPAPI/2.0]
      Strict-Transport-Security: [max-age=31536000; includeSubDomains]
      Transfer-Encoding: [chunked]
      Vary: [Accept-Encoding]
      content-length: ['1053']
    status: {code: 200, message: OK}
- request:
    body: null
    headers:
      Accept: [application/json]
      Accept-Encoding: ['gzip, deflate']
      Connection: [keep-alive]
      Content-Type: [application/json; charset=utf-8]
      User-Agent: [python/3.5.1 (Windows-10-10.0.15063-SP0) requests/2.9.1 msrest/0.4.11
          msrest_azure/0.4.9 networkmanagementclient/1.1.0 Azure-SDK-For-Python AZURECLI/TEST/2.0.10+dev]
      accept-language: [en-US]
      x-ms-client-request-id: [ca2bab3e-5c6d-11e7-bb15-a0b3ccf7272a]
    method: GET
    uri: https://management.azure.com/subscriptions/00000000-0000-0000-0000-000000000000/resourceGroups/cli_test_route_table/providers/Microsoft.Network/routeTables/cli-test-route-table?api-version=2017-06-01
  response:
    body: {string: "{\r\n  \"name\": \"cli-test-route-table\",\r\n  \"id\": \"/subscriptions/00000000-0000-0000-0000-000000000000/resourceGroups/cli_test_route_table/providers/Microsoft.Network/routeTables/cli-test-route-table\"\
        ,\r\n  \"etag\": \"W/\\\"d04fbeeb-275c-410b-9d0e-11f87cf25e3d\\\"\",\r\n \
        \ \"type\": \"Microsoft.Network/routeTables\",\r\n  \"location\": \"westus\"\
        ,\r\n  \"properties\": {\r\n    \"provisioningState\": \"Succeeded\",\r\n\
        \    \"resourceGuid\": \"59ced2bb-d8af-447b-95c2-64477b57c574\",\r\n    \"\
        routes\": [\r\n      {\r\n        \"name\": \"my-route\",\r\n        \"id\"\
        : \"/subscriptions/00000000-0000-0000-0000-000000000000/resourceGroups/cli_test_route_table/providers/Microsoft.Network/routeTables/cli-test-route-table/routes/my-route\"\
        ,\r\n        \"etag\": \"W/\\\"d04fbeeb-275c-410b-9d0e-11f87cf25e3d\\\"\"\
        ,\r\n        \"properties\": {\r\n          \"provisioningState\": \"Succeeded\"\
        ,\r\n          \"addressPrefix\": \"10.0.5.0/24\",\r\n          \"nextHopType\"\
        : \"None\"\r\n        }\r\n      }\r\n    ]\r\n  }\r\n}"}
    headers:
      Cache-Control: [no-cache]
      Content-Type: [application/json; charset=utf-8]
      Date: ['Thu, 29 Jun 2017 01:53:46 GMT']
      ETag: [W/"d04fbeeb-275c-410b-9d0e-11f87cf25e3d"]
      Expires: ['-1']
      Pragma: [no-cache]
      Server: [Microsoft-HTTPAPI/2.0, Microsoft-HTTPAPI/2.0]
      Strict-Transport-Security: [max-age=31536000; includeSubDomains]
      Transfer-Encoding: [chunked]
      Vary: [Accept-Encoding]
      content-length: ['936']
    status: {code: 200, message: OK}
- request:
    body: null
    headers:
      Accept: [application/json]
      Accept-Encoding: ['gzip, deflate']
      Connection: [keep-alive]
      Content-Type: [application/json; charset=utf-8]
      User-Agent: [python/3.5.1 (Windows-10-10.0.15063-SP0) requests/2.9.1 msrest/0.4.11
          msrest_azure/0.4.9 networkmanagementclient/1.1.0 Azure-SDK-For-Python AZURECLI/TEST/2.0.10+dev]
      accept-language: [en-US]
      x-ms-client-request-id: [ca599fb8-5c6d-11e7-b3af-a0b3ccf7272a]
    method: GET
    uri: https://management.azure.com/subscriptions/00000000-0000-0000-0000-000000000000/resourceGroups/cli_test_route_table/providers/Microsoft.Network/routeTables/cli-test-route-table/routes?api-version=2017-06-01
  response:
    body: {string: "{\r\n  \"value\": [\r\n    {\r\n      \"name\": \"my-route\",\r\
        \n      \"id\": \"/subscriptions/00000000-0000-0000-0000-000000000000/resourceGroups/cli_test_route_table/providers/Microsoft.Network/routeTables/cli-test-route-table/routes/my-route\"\
        ,\r\n      \"etag\": \"W/\\\"d04fbeeb-275c-410b-9d0e-11f87cf25e3d\\\"\",\r\
        \n      \"properties\": {\r\n        \"provisioningState\": \"Succeeded\"\
        ,\r\n        \"addressPrefix\": \"10.0.5.0/24\",\r\n        \"nextHopType\"\
        : \"None\"\r\n      }\r\n    }\r\n  ]\r\n}"}
    headers:
      Cache-Control: [no-cache]
      Content-Type: [application/json; charset=utf-8]
      Date: ['Thu, 29 Jun 2017 01:53:47 GMT']
      Expires: ['-1']
      Pragma: [no-cache]
      Server: [Microsoft-HTTPAPI/2.0, Microsoft-HTTPAPI/2.0]
      Strict-Transport-Security: [max-age=31536000; includeSubDomains]
      Transfer-Encoding: [chunked]
      Vary: [Accept-Encoding]
      content-length: ['459']
    status: {code: 200, message: OK}
- request:
    body: null
    headers:
      Accept: [application/json]
      Accept-Encoding: ['gzip, deflate']
      Connection: [keep-alive]
      Content-Type: [application/json; charset=utf-8]
      User-Agent: [python/3.5.1 (Windows-10-10.0.15063-SP0) requests/2.9.1 msrest/0.4.11
          msrest_azure/0.4.9 networkmanagementclient/1.1.0 Azure-SDK-For-Python AZURECLI/TEST/2.0.10+dev]
      accept-language: [en-US]
      x-ms-client-request-id: [caa81446-5c6d-11e7-b563-a0b3ccf7272a]
    method: GET
    uri: https://management.azure.com/subscriptions/00000000-0000-0000-0000-000000000000/resourceGroups/cli_test_route_table/providers/Microsoft.Network/routeTables/cli-test-route-table/routes/my-route?api-version=2017-06-01
  response:
    body: {string: "{\r\n  \"name\": \"my-route\",\r\n  \"id\": \"/subscriptions/00000000-0000-0000-0000-000000000000/resourceGroups/cli_test_route_table/providers/Microsoft.Network/routeTables/cli-test-route-table/routes/my-route\"\
        ,\r\n  \"etag\": \"W/\\\"d04fbeeb-275c-410b-9d0e-11f87cf25e3d\\\"\",\r\n \
        \ \"properties\": {\r\n    \"provisioningState\": \"Succeeded\",\r\n    \"\
        addressPrefix\": \"10.0.5.0/24\",\r\n    \"nextHopType\": \"None\"\r\n  }\r\
        \n}"}
    headers:
      Cache-Control: [no-cache]
      Content-Type: [application/json; charset=utf-8]
      Date: ['Thu, 29 Jun 2017 01:53:47 GMT']
      ETag: [W/"d04fbeeb-275c-410b-9d0e-11f87cf25e3d"]
      Expires: ['-1']
      Pragma: [no-cache]
      Server: [Microsoft-HTTPAPI/2.0, Microsoft-HTTPAPI/2.0]
      Strict-Transport-Security: [max-age=31536000; includeSubDomains]
      Transfer-Encoding: [chunked]
      Vary: [Accept-Encoding]
      content-length: ['394']
    status: {code: 200, message: OK}
- request:
    body: null
    headers:
      Accept: [application/json]
      Accept-Encoding: ['gzip, deflate']
      Connection: [keep-alive]
      Content-Length: ['0']
      Content-Type: [application/json; charset=utf-8]
      User-Agent: [python/3.5.1 (Windows-10-10.0.15063-SP0) requests/2.9.1 msrest/0.4.11
          msrest_azure/0.4.9 networkmanagementclient/1.1.0 Azure-SDK-For-Python AZURECLI/TEST/2.0.10+dev]
      accept-language: [en-US]
      x-ms-client-request-id: [caec2282-5c6d-11e7-ab9f-a0b3ccf7272a]
    method: DELETE
    uri: https://management.azure.com/subscriptions/00000000-0000-0000-0000-000000000000/resourceGroups/cli_test_route_table/providers/Microsoft.Network/routeTables/cli-test-route-table/routes/my-route?api-version=2017-06-01
  response:
    body: {string: ''}
    headers:
      Azure-AsyncOperation: ['https://management.azure.com/subscriptions/0b1f6471-1bf0-4dda-aec3-cb9272f09590/providers/Microsoft.Network/locations/westus/operations/97002de1-ecfc-45b1-b82d-2e0eaa18dd75?api-version=2017-06-01']
      Cache-Control: [no-cache]
      Content-Length: ['0']
      Date: ['Thu, 29 Jun 2017 01:53:48 GMT']
      Expires: ['-1']
      Location: ['https://management.azure.com/subscriptions/0b1f6471-1bf0-4dda-aec3-cb9272f09590/providers/Microsoft.Network/locations/westus/operationResults/97002de1-ecfc-45b1-b82d-2e0eaa18dd75?api-version=2017-06-01']
      Pragma: [no-cache]
      Retry-After: ['10']
      Server: [Microsoft-HTTPAPI/2.0, Microsoft-HTTPAPI/2.0]
      Strict-Transport-Security: [max-age=31536000; includeSubDomains]
      x-ms-ratelimit-remaining-subscription-writes: ['1191']
    status: {code: 202, message: Accepted}
- request:
    body: null
    headers:
      Accept: [application/json]
      Accept-Encoding: ['gzip, deflate']
      Connection: [keep-alive]
      Content-Type: [application/json; charset=utf-8]
      User-Agent: [python/3.5.1 (Windows-10-10.0.15063-SP0) requests/2.9.1 msrest/0.4.11
          msrest_azure/0.4.9 networkmanagementclient/1.1.0 Azure-SDK-For-Python AZURECLI/TEST/2.0.10+dev]
      accept-language: [en-US]
      x-ms-client-request-id: [caec2282-5c6d-11e7-ab9f-a0b3ccf7272a]
    method: GET
    uri: https://management.azure.com/subscriptions/00000000-0000-0000-0000-000000000000/providers/Microsoft.Network/locations/westus/operations/97002de1-ecfc-45b1-b82d-2e0eaa18dd75?api-version=2017-06-01
  response:
    body: {string: "{\r\n  \"status\": \"Succeeded\"\r\n}"}
    headers:
      Cache-Control: [no-cache]
      Content-Type: [application/json; charset=utf-8]
      Date: ['Thu, 29 Jun 2017 01:53:59 GMT']
      Expires: ['-1']
      Pragma: [no-cache]
      Server: [Microsoft-HTTPAPI/2.0, Microsoft-HTTPAPI/2.0]
      Strict-Transport-Security: [max-age=31536000; includeSubDomains]
      Transfer-Encoding: [chunked]
      Vary: [Accept-Encoding]
      content-length: ['29']
    status: {code: 200, message: OK}
- request:
    body: null
    headers:
      Accept: [application/json]
      Accept-Encoding: ['gzip, deflate']
      Connection: [keep-alive]
      Content-Type: [application/json; charset=utf-8]
      User-Agent: [python/3.5.1 (Windows-10-10.0.15063-SP0) requests/2.9.1 msrest/0.4.11
          msrest_azure/0.4.9 networkmanagementclient/1.1.0 Azure-SDK-For-Python AZURECLI/TEST/2.0.10+dev]
      accept-language: [en-US]
      x-ms-client-request-id: [d1f09490-5c6d-11e7-bff7-a0b3ccf7272a]
    method: GET
    uri: https://management.azure.com/subscriptions/00000000-0000-0000-0000-000000000000/resourceGroups/cli_test_route_table/providers/Microsoft.Network/routeTables/cli-test-route-table/routes?api-version=2017-06-01
  response:
    body: {string: "{\r\n  \"value\": []\r\n}"}
    headers:
      Cache-Control: [no-cache]
      Content-Type: [application/json; charset=utf-8]
      Date: ['Thu, 29 Jun 2017 01:54:01 GMT']
      Expires: ['-1']
      Pragma: [no-cache]
      Server: [Microsoft-HTTPAPI/2.0, Microsoft-HTTPAPI/2.0]
      Strict-Transport-Security: [max-age=31536000; includeSubDomains]
      Transfer-Encoding: [chunked]
      Vary: [Accept-Encoding]
      content-length: ['19']
    status: {code: 200, message: OK}
- request:
    body: null
    headers:
      Accept: [application/json]
      Accept-Encoding: ['gzip, deflate']
      Connection: [keep-alive]
      Content-Length: ['0']
      Content-Type: [application/json; charset=utf-8]
      User-Agent: [python/3.5.1 (Windows-10-10.0.15063-SP0) requests/2.9.1 msrest/0.4.11
          msrest_azure/0.4.9 networkmanagementclient/1.1.0 Azure-SDK-For-Python AZURECLI/TEST/2.0.10+dev]
      accept-language: [en-US]
      x-ms-client-request-id: [d2fb7ec2-5c6d-11e7-bedf-a0b3ccf7272a]
    method: DELETE
    uri: https://management.azure.com/subscriptions/00000000-0000-0000-0000-000000000000/resourceGroups/cli_test_route_table/providers/Microsoft.Network/routeTables/cli-test-route-table?api-version=2017-06-01
  response:
    body: {string: ''}
    headers:
      Azure-AsyncOperation: ['https://management.azure.com/subscriptions/0b1f6471-1bf0-4dda-aec3-cb9272f09590/providers/Microsoft.Network/locations/westus/operations/155b8bb3-b4b1-4d35-803b-c8ead5443709?api-version=2017-06-01']
      Cache-Control: [no-cache]
      Content-Length: ['0']
      Date: ['Thu, 29 Jun 2017 01:54:01 GMT']
      Expires: ['-1']
      Location: ['https://management.azure.com/subscriptions/0b1f6471-1bf0-4dda-aec3-cb9272f09590/providers/Microsoft.Network/locations/westus/operationResults/155b8bb3-b4b1-4d35-803b-c8ead5443709?api-version=2017-06-01']
      Pragma: [no-cache]
      Retry-After: ['10']
      Server: [Microsoft-HTTPAPI/2.0, Microsoft-HTTPAPI/2.0]
      Strict-Transport-Security: [max-age=31536000; includeSubDomains]
      x-ms-ratelimit-remaining-subscription-writes: ['1196']
    status: {code: 202, message: Accepted}
- request:
    body: null
    headers:
      Accept: [application/json]
      Accept-Encoding: ['gzip, deflate']
      Connection: [keep-alive]
      Content-Type: [application/json; charset=utf-8]
      User-Agent: [python/3.5.1 (Windows-10-10.0.15063-SP0) requests/2.9.1 msrest/0.4.11
          msrest_azure/0.4.9 networkmanagementclient/1.1.0 Azure-SDK-For-Python AZURECLI/TEST/2.0.10+dev]
      accept-language: [en-US]
      x-ms-client-request-id: [d2fb7ec2-5c6d-11e7-bedf-a0b3ccf7272a]
    method: GET
    uri: https://management.azure.com/subscriptions/00000000-0000-0000-0000-000000000000/providers/Microsoft.Network/locations/westus/operations/155b8bb3-b4b1-4d35-803b-c8ead5443709?api-version=2017-06-01
  response:
    body: {string: "{\r\n  \"status\": \"Succeeded\"\r\n}"}
    headers:
      Cache-Control: [no-cache]
      Content-Type: [application/json; charset=utf-8]
      Date: ['Thu, 29 Jun 2017 01:54:12 GMT']
      Expires: ['-1']
      Pragma: [no-cache]
      Server: [Microsoft-HTTPAPI/2.0, Microsoft-HTTPAPI/2.0]
      Strict-Transport-Security: [max-age=31536000; includeSubDomains]
      Transfer-Encoding: [chunked]
      Vary: [Accept-Encoding]
      content-length: ['29']
    status: {code: 200, message: OK}
- request:
    body: null
    headers:
      Accept: [application/json]
      Accept-Encoding: ['gzip, deflate']
      Connection: [keep-alive]
      Content-Type: [application/json; charset=utf-8]
      User-Agent: [python/3.5.1 (Windows-10-10.0.15063-SP0) requests/2.9.1 msrest/0.4.11
          msrest_azure/0.4.9 networkmanagementclient/1.1.0 Azure-SDK-For-Python AZURECLI/TEST/2.0.10+dev]
      accept-language: [en-US]
      x-ms-client-request-id: [d9d73576-5c6d-11e7-b3a9-a0b3ccf7272a]
    method: GET
    uri: https://management.azure.com/subscriptions/00000000-0000-0000-0000-000000000000/resourceGroups/cli_test_route_table/providers/Microsoft.Network/routeTables?api-version=2017-06-01
  response:
    body: {string: "{\r\n  \"value\": []\r\n}"}
    headers:
      Cache-Control: [no-cache]
      Content-Type: [application/json; charset=utf-8]
      Date: ['Thu, 29 Jun 2017 01:54:12 GMT']
      Expires: ['-1']
      Pragma: [no-cache]
      Server: [Microsoft-HTTPAPI/2.0, Microsoft-HTTPAPI/2.0]
      Strict-Transport-Security: [max-age=31536000; includeSubDomains]
      Transfer-Encoding: [chunked]
      Vary: [Accept-Encoding]
      content-length: ['19']
    status: {code: 200, message: OK}
version: 1
