interactions:
- request:
    body: '{"location": "westus", "tags": {"use": "az-test"}}'
    headers:
      Accept: [application/json]
      Accept-Encoding: ['gzip, deflate']
      CommandName: [group create]
      Connection: [keep-alive]
      Content-Length: ['50']
      Content-Type: [application/json; charset=utf-8]
      User-Agent: [python/3.5.3 (Windows-10-10.0.15063-SP0) requests/2.9.1 msrest/0.4.14
          msrest_azure/0.4.14 resourcemanagementclient/1.1.0 Azure-SDK-For-Python
          AZURECLI/2.0.16+dev]
      accept-language: [en-US]
    method: PUT
    uri: https://management.azure.com/subscriptions/00000000-0000-0000-0000-000000000000/resourcegroups/cli_test_lb_probes000001?api-version=2017-05-10
  response:
    body: {string: '{"id":"/subscriptions/00000000-0000-0000-0000-000000000000/resourceGroups/cli_test_lb_probes000001","name":"cli_test_lb_probes000001","location":"westus","tags":{"use":"az-test"},"properties":{"provisioningState":"Succeeded"}}'}
    headers:
      cache-control: [no-cache]
      content-length: ['328']
      content-type: [application/json; charset=utf-8]
      date: ['Tue, 19 Sep 2017 00:24:52 GMT']
      expires: ['-1']
      pragma: [no-cache]
      strict-transport-security: [max-age=31536000; includeSubDomains]
      x-ms-ratelimit-remaining-subscription-writes: ['1190']
    status: {code: 201, message: Created}
- request:
    body: null
    headers:
      Accept: [application/json]
      Accept-Encoding: ['gzip, deflate']
      CommandName: [network lb create]
      Connection: [keep-alive]
      Content-Type: [application/json; charset=utf-8]
      User-Agent: [python/3.5.3 (Windows-10-10.0.15063-SP0) requests/2.9.1 msrest/0.4.14
          msrest_azure/0.4.14 resourcemanagementclient/1.1.0 Azure-SDK-For-Python
          AZURECLI/2.0.16+dev]
      accept-language: [en-US]
    method: GET
    uri: https://management.azure.com/subscriptions/00000000-0000-0000-0000-000000000000/resourcegroups/cli_test_lb_probes000001?api-version=2017-05-10
  response:
    body: {string: '{"id":"/subscriptions/00000000-0000-0000-0000-000000000000/resourceGroups/cli_test_lb_probes000001","name":"cli_test_lb_probes000001","location":"westus","tags":{"use":"az-test"},"properties":{"provisioningState":"Succeeded"}}'}
    headers:
      cache-control: [no-cache]
      content-length: ['328']
      content-type: [application/json; charset=utf-8]
      date: ['Tue, 19 Sep 2017 00:24:52 GMT']
      expires: ['-1']
      pragma: [no-cache]
      strict-transport-security: [max-age=31536000; includeSubDomains]
      vary: [Accept-Encoding]
    status: {code: 200, message: OK}
- request:
    body: null
    headers:
      Accept: [application/json]
      Accept-Encoding: ['gzip, deflate']
      CommandName: [network lb create]
      Connection: [keep-alive]
      Content-Type: [application/json; charset=utf-8]
      User-Agent: [python/3.5.3 (Windows-10-10.0.15063-SP0) requests/2.9.1 msrest/0.4.14
          msrest_azure/0.4.14 resourcemanagementclient/1.1.0 Azure-SDK-For-Python
          AZURECLI/2.0.16+dev]
      accept-language: [en-US]
    method: GET
    uri: https://management.azure.com/subscriptions/00000000-0000-0000-0000-000000000000/resources?api-version=2017-05-10&$filter=resourceGroup%20eq%20%27cli_test_lb_probes000001%27%20and%20name%20eq%20%27None%27%20and%20resourceType%20eq%20%27Microsoft.Network%2FpublicIPAddresses%27
  response:
    body: {string: '{"value":[]}'}
    headers:
      cache-control: [no-cache]
      content-length: ['12']
      content-type: [application/json; charset=utf-8]
      date: ['Tue, 19 Sep 2017 00:24:53 GMT']
      expires: ['-1']
      pragma: [no-cache]
      strict-transport-security: [max-age=31536000; includeSubDomains]
      vary: [Accept-Encoding]
    status: {code: 200, message: OK}
- request:
    body: 'b''{"properties": {"parameters": {}, "mode": "Incremental", "template":
      {"resources": [{"dependsOn": [], "type": "Microsoft.Network/publicIPAddresses",
      "sku": {"name": "Basic"}, "name": "PublicIPlb1", "apiVersion": "2017-09-01",
      "location": "westus", "properties": {"publicIPAllocationMethod": "Dynamic"},
      "tags": {}}, {"dependsOn": ["Microsoft.Network/publicIpAddresses/PublicIPlb1"],
      "type": "Microsoft.Network/loadBalancers", "sku": {"name": "Basic"}, "name":
      "lb1", "apiVersion": "2017-09-01", "location": "westus", "properties": {"frontendIPConfigurations":
      [{"name": "LoadBalancerFrontEnd", "properties": {"publicIPAddress": {"id": "/subscriptions/00000000-0000-0000-0000-000000000000/resourceGroups/cli_test_lb_probes000001/providers/Microsoft.Network/publicIPAddresses/PublicIPlb1"}}}],
      "backendAddressPools": [{"name": "lb1bepool"}]}, "tags": {}}], "outputs": {"loadBalancer":
      {"type": "object", "value": "[reference(\''lb1\'')]"}}, "$schema": "https://schema.management.azure.com/schemas/2015-01-01/deploymentTemplate.json#",
      "variables": {}, "parameters": {}, "contentVersion": "1.0.0.0"}}}'''
    headers:
      Accept: [application/json]
      Accept-Encoding: ['gzip, deflate']
      CommandName: [network lb create]
      Connection: [keep-alive]
      Content-Length: ['1145']
      Content-Type: [application/json; charset=utf-8]
      User-Agent: [python/3.5.3 (Windows-10-10.0.15063-SP0) requests/2.9.1 msrest/0.4.14
          msrest_azure/0.4.14 resourcemanagementclient/1.1.0 Azure-SDK-For-Python
          AZURECLI/2.0.16+dev]
      accept-language: [en-US]
    method: PUT
    uri: https://management.azure.com/subscriptions/00000000-0000-0000-0000-000000000000/resourcegroups/cli_test_lb_probes000001/providers/Microsoft.Resources/deployments/mock-deployment?api-version=2017-05-10
  response:
    body: {string: '{"id":"/subscriptions/00000000-0000-0000-0000-000000000000/resourceGroups/cli_test_lb_probes000001/providers/Microsoft.Resources/deployments/lb_deploy_7VueeEQCzPmDkQk2c2AWKIGayJKRnAZM","name":"lb_deploy_7VueeEQCzPmDkQk2c2AWKIGayJKRnAZM","properties":{"templateHash":"9859041302076653111","parameters":{},"mode":"Incremental","provisioningState":"Accepted","timestamp":"2017-09-19T00:24:54.7477285Z","duration":"PT0.5025155S","correlationId":"44b2e9fb-ce68-4e62-832a-518c1a6d104a","providers":[{"namespace":"Microsoft.Network","resourceTypes":[{"resourceType":"publicIPAddresses","locations":["westus"]},{"resourceType":"loadBalancers","locations":["westus"]}]}],"dependencies":[{"dependsOn":[{"id":"/subscriptions/00000000-0000-0000-0000-000000000000/resourceGroups/cli_test_lb_probes000001/providers/Microsoft.Network/publicIPAddresses/PublicIPlb1","resourceType":"Microsoft.Network/publicIPAddresses","resourceName":"PublicIPlb1"}],"id":"/subscriptions/00000000-0000-0000-0000-000000000000/resourceGroups/cli_test_lb_probes000001/providers/Microsoft.Network/loadBalancers/lb1","resourceType":"Microsoft.Network/loadBalancers","resourceName":"lb1"}]}}'}
    headers:
      azure-asyncoperation: ['https://management.azure.com/subscriptions/00000000-0000-0000-0000-000000000000/resourcegroups/cli_test_lb_probes000001/providers/Microsoft.Resources/deployments/lb_deploy_7VueeEQCzPmDkQk2c2AWKIGayJKRnAZM/operationStatuses/08586958261912324005?api-version=2017-05-10']
      cache-control: [no-cache]
      content-length: ['1305']
      content-type: [application/json; charset=utf-8]
      date: ['Tue, 19 Sep 2017 00:24:54 GMT']
      expires: ['-1']
      pragma: [no-cache]
      strict-transport-security: [max-age=31536000; includeSubDomains]
      x-ms-ratelimit-remaining-subscription-writes: ['1191']
    status: {code: 201, message: Created}
- request:
    body: null
    headers:
      Accept: [application/json]
      Accept-Encoding: ['gzip, deflate']
      CommandName: [network lb create]
      Connection: [keep-alive]
      Content-Type: [application/json; charset=utf-8]
      User-Agent: [python/3.5.3 (Windows-10-10.0.15063-SP0) requests/2.9.1 msrest/0.4.14
          msrest_azure/0.4.14 resourcemanagementclient/1.1.0 Azure-SDK-For-Python
          AZURECLI/2.0.16+dev]
      accept-language: [en-US]
    method: GET
    uri: https://management.azure.com/subscriptions/00000000-0000-0000-0000-000000000000/resourcegroups/cli_test_lb_probes000001/providers/Microsoft.Resources/deployments/mock-deployment/operationStatuses/08586958261912324005?api-version=2017-05-10
  response:
    body: {string: '{"status":"Succeeded"}'}
    headers:
      cache-control: [no-cache]
      content-length: ['22']
      content-type: [application/json; charset=utf-8]
      date: ['Tue, 19 Sep 2017 00:25:24 GMT']
      expires: ['-1']
      pragma: [no-cache]
      strict-transport-security: [max-age=31536000; includeSubDomains]
      vary: [Accept-Encoding]
    status: {code: 200, message: OK}
- request:
    body: null
    headers:
      Accept: [application/json]
      Accept-Encoding: ['gzip, deflate']
      CommandName: [network lb create]
      Connection: [keep-alive]
      Content-Type: [application/json; charset=utf-8]
      User-Agent: [python/3.5.3 (Windows-10-10.0.15063-SP0) requests/2.9.1 msrest/0.4.14
          msrest_azure/0.4.14 resourcemanagementclient/1.1.0 Azure-SDK-For-Python
          AZURECLI/2.0.16+dev]
      accept-language: [en-US]
    method: GET
    uri: https://management.azure.com/subscriptions/00000000-0000-0000-0000-000000000000/resourcegroups/cli_test_lb_probes000001/providers/Microsoft.Resources/deployments/mock-deployment?api-version=2017-05-10
  response:
    body: {string: '{"id":"/subscriptions/00000000-0000-0000-0000-000000000000/resourceGroups/cli_test_lb_probes000001/providers/Microsoft.Resources/deployments/lb_deploy_7VueeEQCzPmDkQk2c2AWKIGayJKRnAZM","name":"lb_deploy_7VueeEQCzPmDkQk2c2AWKIGayJKRnAZM","properties":{"templateHash":"9859041302076653111","parameters":{},"mode":"Incremental","provisioningState":"Succeeded","timestamp":"2017-09-19T00:25:10.8695357Z","duration":"PT16.6243227S","correlationId":"44b2e9fb-ce68-4e62-832a-518c1a6d104a","providers":[{"namespace":"Microsoft.Network","resourceTypes":[{"resourceType":"publicIPAddresses","locations":["westus"]},{"resourceType":"loadBalancers","locations":["westus"]}]}],"dependencies":[{"dependsOn":[{"id":"/subscriptions/00000000-0000-0000-0000-000000000000/resourceGroups/cli_test_lb_probes000001/providers/Microsoft.Network/publicIPAddresses/PublicIPlb1","resourceType":"Microsoft.Network/publicIPAddresses","resourceName":"PublicIPlb1"}],"id":"/subscriptions/00000000-0000-0000-0000-000000000000/resourceGroups/cli_test_lb_probes000001/providers/Microsoft.Network/loadBalancers/lb1","resourceType":"Microsoft.Network/loadBalancers","resourceName":"lb1"}],"outputs":{"loadBalancer":{"type":"Object","value":{"provisioningState":"Succeeded","resourceGuid":"753fef39-74bd-45f8-a70b-46a4f8af51b2","frontendIPConfigurations":[{"name":"LoadBalancerFrontEnd","id":"/subscriptions/00000000-0000-0000-0000-000000000000/resourceGroups/cli_test_lb_probes000001/providers/Microsoft.Network/loadBalancers/lb1/frontendIPConfigurations/LoadBalancerFrontEnd","etag":"W/\"71b0033a-a8c1-4d4d-814f-f02439eaa785\"","properties":{"provisioningState":"Succeeded","privateIPAllocationMethod":"Dynamic","publicIPAddress":{"id":"/subscriptions/00000000-0000-0000-0000-000000000000/resourceGroups/cli_test_lb_probes000001/providers/Microsoft.Network/publicIPAddresses/PublicIPlb1"}}}],"backendAddressPools":[{"name":"lb1bepool","id":"/subscriptions/00000000-0000-0000-0000-000000000000/resourceGroups/cli_test_lb_probes000001/providers/Microsoft.Network/loadBalancers/lb1/backendAddressPools/lb1bepool","etag":"W/\"71b0033a-a8c1-4d4d-814f-f02439eaa785\"","properties":{"provisioningState":"Succeeded"}}],"loadBalancingRules":[],"probes":[],"inboundNatRules":[],"outboundNatRules":[],"inboundNatPools":[]}}},"outputResources":[{"id":"/subscriptions/00000000-0000-0000-0000-000000000000/resourceGroups/cli_test_lb_probes000001/providers/Microsoft.Network/loadBalancers/lb1"},{"id":"/subscriptions/00000000-0000-0000-0000-000000000000/resourceGroups/cli_test_lb_probes000001/providers/Microsoft.Network/publicIPAddresses/PublicIPlb1"}]}}'}
    headers:
      cache-control: [no-cache]
      content-length: ['3014']
      content-type: [application/json; charset=utf-8]
      date: ['Tue, 19 Sep 2017 00:25:24 GMT']
      expires: ['-1']
      pragma: [no-cache]
      strict-transport-security: [max-age=31536000; includeSubDomains]
      vary: [Accept-Encoding]
    status: {code: 200, message: OK}
- request:
    body: null
    headers:
      Accept: [application/json]
      Accept-Encoding: ['gzip, deflate']
      CommandName: [network lb probe create]
      Connection: [keep-alive]
      Content-Type: [application/json; charset=utf-8]
      User-Agent: [python/3.5.3 (Windows-10-10.0.15063-SP0) requests/2.9.1 msrest/0.4.14
          msrest_azure/0.4.14 networkmanagementclient/1.5.0rc1 Azure-SDK-For-Python
          AZURECLI/2.0.16+dev]
      accept-language: [en-US]
    method: GET
    uri: https://management.azure.com/subscriptions/00000000-0000-0000-0000-000000000000/resourceGroups/cli_test_lb_probes000001/providers/Microsoft.Network/loadBalancers/lb1?api-version=2017-09-01
  response:
    body: {string: "{\r\n  \"name\": \"lb1\",\r\n  \"id\": \"/subscriptions/00000000-0000-0000-0000-000000000000/resourceGroups/cli_test_lb_probes000001/providers/Microsoft.Network/loadBalancers/lb1\"\
        ,\r\n  \"etag\": \"W/\\\"71b0033a-a8c1-4d4d-814f-f02439eaa785\\\"\",\r\n \
        \ \"type\": \"Microsoft.Network/loadBalancers\",\r\n  \"location\": \"westus\"\
        ,\r\n  \"tags\": {},\r\n  \"properties\": {\r\n    \"provisioningState\":\
        \ \"Succeeded\",\r\n    \"resourceGuid\": \"753fef39-74bd-45f8-a70b-46a4f8af51b2\"\
        ,\r\n    \"frontendIPConfigurations\": [\r\n      {\r\n        \"name\": \"\
        LoadBalancerFrontEnd\",\r\n        \"id\": \"/subscriptions/00000000-0000-0000-0000-000000000000/resourceGroups/cli_test_lb_probes000001/providers/Microsoft.Network/loadBalancers/lb1/frontendIPConfigurations/LoadBalancerFrontEnd\"\
        ,\r\n        \"etag\": \"W/\\\"71b0033a-a8c1-4d4d-814f-f02439eaa785\\\"\"\
        ,\r\n        \"properties\": {\r\n          \"provisioningState\": \"Succeeded\"\
        ,\r\n          \"privateIPAllocationMethod\": \"Dynamic\",\r\n          \"\
        publicIPAddress\": {\r\n            \"id\": \"/subscriptions/00000000-0000-0000-0000-000000000000/resourceGroups/cli_test_lb_probes000001/providers/Microsoft.Network/publicIPAddresses/PublicIPlb1\"\
        \r\n          }\r\n        }\r\n      }\r\n    ],\r\n    \"backendAddressPools\"\
        : [\r\n      {\r\n        \"name\": \"lb1bepool\",\r\n        \"id\": \"/subscriptions/00000000-0000-0000-0000-000000000000/resourceGroups/cli_test_lb_probes000001/providers/Microsoft.Network/loadBalancers/lb1/backendAddressPools/lb1bepool\"\
        ,\r\n        \"etag\": \"W/\\\"71b0033a-a8c1-4d4d-814f-f02439eaa785\\\"\"\
        ,\r\n        \"properties\": {\r\n          \"provisioningState\": \"Succeeded\"\
        \r\n        }\r\n      }\r\n    ],\r\n    \"loadBalancingRules\": [],\r\n\
        \    \"probes\": [],\r\n    \"inboundNatRules\": [],\r\n    \"outboundNatRules\"\
        : [],\r\n    \"inboundNatPools\": []\r\n  },\r\n  \"sku\": {\r\n    \"name\"\
        : \"Basic\"\r\n  }\r\n}"}
    headers:
      cache-control: [no-cache]
      content-length: ['1946']
      content-type: [application/json; charset=utf-8]
      date: ['Tue, 19 Sep 2017 00:25:25 GMT']
      etag: [W/"71b0033a-a8c1-4d4d-814f-f02439eaa785"]
      expires: ['-1']
      pragma: [no-cache]
      server: [Microsoft-HTTPAPI/2.0, Microsoft-HTTPAPI/2.0]
      strict-transport-security: [max-age=31536000; includeSubDomains]
      transfer-encoding: [chunked]
      vary: [Accept-Encoding]
    status: {code: 200, message: OK}
- request:
    body: 'b''{"id": "/subscriptions/00000000-0000-0000-0000-000000000000/resourceGroups/cli_test_lb_probes000001/providers/Microsoft.Network/loadBalancers/lb1",
      "sku": {"name": "Basic"}, "etag": "W/\\"71b0033a-a8c1-4d4d-814f-f02439eaa785\\"",
      "location": "westus", "properties": {"resourceGuid": "753fef39-74bd-45f8-a70b-46a4f8af51b2",
      "outboundNatRules": [], "backendAddressPools": [{"id": "/subscriptions/00000000-0000-0000-0000-000000000000/resourceGroups/cli_test_lb_probes000001/providers/Microsoft.Network/loadBalancers/lb1/backendAddressPools/lb1bepool",
      "name": "lb1bepool", "properties": {"provisioningState": "Succeeded"}, "etag":
      "W/\\"71b0033a-a8c1-4d4d-814f-f02439eaa785\\""}], "probes": [{"name": "probe1",
      "properties": {"protocol": "Http", "port": 1, "requestPath": "/test1"}}], "frontendIPConfigurations":
      [{"id": "/subscriptions/00000000-0000-0000-0000-000000000000/resourceGroups/cli_test_lb_probes000001/providers/Microsoft.Network/loadBalancers/lb1/frontendIPConfigurations/LoadBalancerFrontEnd",
      "name": "LoadBalancerFrontEnd", "etag": "W/\\"71b0033a-a8c1-4d4d-814f-f02439eaa785\\"",
      "properties": {"publicIPAddress": {"id": "/subscriptions/00000000-0000-0000-0000-000000000000/resourceGroups/cli_test_lb_probes000001/providers/Microsoft.Network/publicIPAddresses/PublicIPlb1"},
      "provisioningState": "Succeeded", "privateIPAllocationMethod": "Dynamic"}}],
      "inboundNatRules": [], "provisioningState": "Succeeded", "inboundNatPools":
      [], "loadBalancingRules": []}, "tags": {}}'''
    headers:
      Accept: [application/json]
      Accept-Encoding: ['gzip, deflate']
      CommandName: [network lb probe create]
      Connection: [keep-alive]
      Content-Length: ['1681']
      Content-Type: [application/json; charset=utf-8]
      User-Agent: [python/3.5.3 (Windows-10-10.0.15063-SP0) requests/2.9.1 msrest/0.4.14
          msrest_azure/0.4.14 networkmanagementclient/1.5.0rc1 Azure-SDK-For-Python
          AZURECLI/2.0.16+dev]
      accept-language: [en-US]
    method: PUT
    uri: https://management.azure.com/subscriptions/00000000-0000-0000-0000-000000000000/resourceGroups/cli_test_lb_probes000001/providers/Microsoft.Network/loadBalancers/lb1?api-version=2017-09-01
  response:
    body: {string: "{\r\n  \"name\": \"lb1\",\r\n  \"id\": \"/subscriptions/00000000-0000-0000-0000-000000000000/resourceGroups/cli_test_lb_probes000001/providers/Microsoft.Network/loadBalancers/lb1\"\
        ,\r\n  \"etag\": \"W/\\\"75739cfa-d4c0-4683-8eb5-2a5d1d38945f\\\"\",\r\n \
        \ \"type\": \"Microsoft.Network/loadBalancers\",\r\n  \"location\": \"westus\"\
        ,\r\n  \"tags\": {},\r\n  \"properties\": {\r\n    \"provisioningState\":\
        \ \"Succeeded\",\r\n    \"resourceGuid\": \"753fef39-74bd-45f8-a70b-46a4f8af51b2\"\
        ,\r\n    \"frontendIPConfigurations\": [\r\n      {\r\n        \"name\": \"\
        LoadBalancerFrontEnd\",\r\n        \"id\": \"/subscriptions/00000000-0000-0000-0000-000000000000/resourceGroups/cli_test_lb_probes000001/providers/Microsoft.Network/loadBalancers/lb1/frontendIPConfigurations/LoadBalancerFrontEnd\"\
        ,\r\n        \"etag\": \"W/\\\"75739cfa-d4c0-4683-8eb5-2a5d1d38945f\\\"\"\
        ,\r\n        \"properties\": {\r\n          \"provisioningState\": \"Succeeded\"\
        ,\r\n          \"privateIPAllocationMethod\": \"Dynamic\",\r\n          \"\
        publicIPAddress\": {\r\n            \"id\": \"/subscriptions/00000000-0000-0000-0000-000000000000/resourceGroups/cli_test_lb_probes000001/providers/Microsoft.Network/publicIPAddresses/PublicIPlb1\"\
        \r\n          }\r\n        }\r\n      }\r\n    ],\r\n    \"backendAddressPools\"\
        : [\r\n      {\r\n        \"name\": \"lb1bepool\",\r\n        \"id\": \"/subscriptions/00000000-0000-0000-0000-000000000000/resourceGroups/cli_test_lb_probes000001/providers/Microsoft.Network/loadBalancers/lb1/backendAddressPools/lb1bepool\"\
        ,\r\n        \"etag\": \"W/\\\"75739cfa-d4c0-4683-8eb5-2a5d1d38945f\\\"\"\
        ,\r\n        \"properties\": {\r\n          \"provisioningState\": \"Succeeded\"\
        \r\n        }\r\n      }\r\n    ],\r\n    \"loadBalancingRules\": [],\r\n\
        \    \"probes\": [\r\n      {\r\n        \"name\": \"probe1\",\r\n       \
        \ \"id\": \"/subscriptions/00000000-0000-0000-0000-000000000000/resourceGroups/cli_test_lb_probes000001/providers/Microsoft.Network/loadBalancers/lb1/probes/probe1\"\
        ,\r\n        \"etag\": \"W/\\\"75739cfa-d4c0-4683-8eb5-2a5d1d38945f\\\"\"\
        ,\r\n        \"properties\": {\r\n          \"provisioningState\": \"Succeeded\"\
        ,\r\n          \"protocol\": \"Http\",\r\n          \"port\": 1,\r\n     \
        \     \"requestPath\": \"/test1\",\r\n          \"intervalInSeconds\": 15,\r\
        \n          \"numberOfProbes\": 2\r\n        }\r\n      }\r\n    ],\r\n  \
        \  \"inboundNatRules\": [],\r\n    \"outboundNatRules\": [],\r\n    \"inboundNatPools\"\
        : []\r\n  },\r\n  \"sku\": {\r\n    \"name\": \"Basic\"\r\n  }\r\n}"}
    headers:
      azure-asyncoperation: ['https://management.azure.com/subscriptions/00000000-0000-0000-0000-000000000000/providers/Microsoft.Network/locations/westus/operations/300e42a0-b0e5-4eae-8d8f-4fb80e17ca95?api-version=2017-09-01']
      cache-control: [no-cache]
      content-length: ['2518']
      content-type: [application/json; charset=utf-8]
      date: ['Tue, 19 Sep 2017 00:25:26 GMT']
      expires: ['-1']
      pragma: [no-cache]
      server: [Microsoft-HTTPAPI/2.0, Microsoft-HTTPAPI/2.0]
      strict-transport-security: [max-age=31536000; includeSubDomains]
      transfer-encoding: [chunked]
      vary: [Accept-Encoding]
      x-ms-ratelimit-remaining-subscription-writes: ['1189']
    status: {code: 200, message: OK}
- request:
    body: null
    headers:
      Accept: [application/json]
      Accept-Encoding: ['gzip, deflate']
      CommandName: [network lb probe create]
      Connection: [keep-alive]
      Content-Type: [application/json; charset=utf-8]
      User-Agent: [python/3.5.3 (Windows-10-10.0.15063-SP0) requests/2.9.1 msrest/0.4.14
          msrest_azure/0.4.14 networkmanagementclient/1.5.0rc1 Azure-SDK-For-Python
          AZURECLI/2.0.16+dev]
      accept-language: [en-US]
    method: GET
    uri: https://management.azure.com/subscriptions/00000000-0000-0000-0000-000000000000/providers/Microsoft.Network/locations/westus/operations/300e42a0-b0e5-4eae-8d8f-4fb80e17ca95?api-version=2017-09-01
  response:
    body: {string: "{\r\n  \"status\": \"Succeeded\"\r\n}"}
    headers:
      cache-control: [no-cache]
      content-length: ['29']
      content-type: [application/json; charset=utf-8]
      date: ['Tue, 19 Sep 2017 00:25:56 GMT']
      expires: ['-1']
      pragma: [no-cache]
      server: [Microsoft-HTTPAPI/2.0, Microsoft-HTTPAPI/2.0]
      strict-transport-security: [max-age=31536000; includeSubDomains]
      transfer-encoding: [chunked]
      vary: [Accept-Encoding]
    status: {code: 200, message: OK}
- request:
    body: null
    headers:
      Accept: [application/json]
      Accept-Encoding: ['gzip, deflate']
      CommandName: [network lb probe create]
      Connection: [keep-alive]
      Content-Type: [application/json; charset=utf-8]
      User-Agent: [python/3.5.3 (Windows-10-10.0.15063-SP0) requests/2.9.1 msrest/0.4.14
          msrest_azure/0.4.14 networkmanagementclient/1.5.0rc1 Azure-SDK-For-Python
          AZURECLI/2.0.16+dev]
      accept-language: [en-US]
    method: GET
    uri: https://management.azure.com/subscriptions/00000000-0000-0000-0000-000000000000/resourceGroups/cli_test_lb_probes000001/providers/Microsoft.Network/loadBalancers/lb1?api-version=2017-09-01
  response:
    body: {string: "{\r\n  \"name\": \"lb1\",\r\n  \"id\": \"/subscriptions/00000000-0000-0000-0000-000000000000/resourceGroups/cli_test_lb_probes000001/providers/Microsoft.Network/loadBalancers/lb1\"\
        ,\r\n  \"etag\": \"W/\\\"75739cfa-d4c0-4683-8eb5-2a5d1d38945f\\\"\",\r\n \
        \ \"type\": \"Microsoft.Network/loadBalancers\",\r\n  \"location\": \"westus\"\
        ,\r\n  \"tags\": {},\r\n  \"properties\": {\r\n    \"provisioningState\":\
        \ \"Succeeded\",\r\n    \"resourceGuid\": \"753fef39-74bd-45f8-a70b-46a4f8af51b2\"\
        ,\r\n    \"frontendIPConfigurations\": [\r\n      {\r\n        \"name\": \"\
        LoadBalancerFrontEnd\",\r\n        \"id\": \"/subscriptions/00000000-0000-0000-0000-000000000000/resourceGroups/cli_test_lb_probes000001/providers/Microsoft.Network/loadBalancers/lb1/frontendIPConfigurations/LoadBalancerFrontEnd\"\
        ,\r\n        \"etag\": \"W/\\\"75739cfa-d4c0-4683-8eb5-2a5d1d38945f\\\"\"\
        ,\r\n        \"properties\": {\r\n          \"provisioningState\": \"Succeeded\"\
        ,\r\n          \"privateIPAllocationMethod\": \"Dynamic\",\r\n          \"\
        publicIPAddress\": {\r\n            \"id\": \"/subscriptions/00000000-0000-0000-0000-000000000000/resourceGroups/cli_test_lb_probes000001/providers/Microsoft.Network/publicIPAddresses/PublicIPlb1\"\
        \r\n          }\r\n        }\r\n      }\r\n    ],\r\n    \"backendAddressPools\"\
        : [\r\n      {\r\n        \"name\": \"lb1bepool\",\r\n        \"id\": \"/subscriptions/00000000-0000-0000-0000-000000000000/resourceGroups/cli_test_lb_probes000001/providers/Microsoft.Network/loadBalancers/lb1/backendAddressPools/lb1bepool\"\
        ,\r\n        \"etag\": \"W/\\\"75739cfa-d4c0-4683-8eb5-2a5d1d38945f\\\"\"\
        ,\r\n        \"properties\": {\r\n          \"provisioningState\": \"Succeeded\"\
        \r\n        }\r\n      }\r\n    ],\r\n    \"loadBalancingRules\": [],\r\n\
        \    \"probes\": [\r\n      {\r\n        \"name\": \"probe1\",\r\n       \
        \ \"id\": \"/subscriptions/00000000-0000-0000-0000-000000000000/resourceGroups/cli_test_lb_probes000001/providers/Microsoft.Network/loadBalancers/lb1/probes/probe1\"\
        ,\r\n        \"etag\": \"W/\\\"75739cfa-d4c0-4683-8eb5-2a5d1d38945f\\\"\"\
        ,\r\n        \"properties\": {\r\n          \"provisioningState\": \"Succeeded\"\
        ,\r\n          \"protocol\": \"Http\",\r\n          \"port\": 1,\r\n     \
        \     \"requestPath\": \"/test1\",\r\n          \"intervalInSeconds\": 15,\r\
        \n          \"numberOfProbes\": 2\r\n        }\r\n      }\r\n    ],\r\n  \
        \  \"inboundNatRules\": [],\r\n    \"outboundNatRules\": [],\r\n    \"inboundNatPools\"\
        : []\r\n  },\r\n  \"sku\": {\r\n    \"name\": \"Basic\"\r\n  }\r\n}"}
    headers:
      cache-control: [no-cache]
      content-length: ['2518']
      content-type: [application/json; charset=utf-8]
      date: ['Tue, 19 Sep 2017 00:25:56 GMT']
      etag: [W/"75739cfa-d4c0-4683-8eb5-2a5d1d38945f"]
      expires: ['-1']
      pragma: [no-cache]
      server: [Microsoft-HTTPAPI/2.0, Microsoft-HTTPAPI/2.0]
      strict-transport-security: [max-age=31536000; includeSubDomains]
      transfer-encoding: [chunked]
      vary: [Accept-Encoding]
    status: {code: 200, message: OK}
- request:
    body: null
    headers:
      Accept: [application/json]
      Accept-Encoding: ['gzip, deflate']
      CommandName: [network lb probe create]
      Connection: [keep-alive]
      Content-Type: [application/json; charset=utf-8]
      User-Agent: [python/3.5.3 (Windows-10-10.0.15063-SP0) requests/2.9.1 msrest/0.4.14
          msrest_azure/0.4.14 networkmanagementclient/1.5.0rc1 Azure-SDK-For-Python
          AZURECLI/2.0.16+dev]
      accept-language: [en-US]
    method: GET
    uri: https://management.azure.com/subscriptions/00000000-0000-0000-0000-000000000000/resourceGroups/cli_test_lb_probes000001/providers/Microsoft.Network/loadBalancers/lb1?api-version=2017-09-01
  response:
    body: {string: "{\r\n  \"name\": \"lb1\",\r\n  \"id\": \"/subscriptions/00000000-0000-0000-0000-000000000000/resourceGroups/cli_test_lb_probes000001/providers/Microsoft.Network/loadBalancers/lb1\"\
        ,\r\n  \"etag\": \"W/\\\"75739cfa-d4c0-4683-8eb5-2a5d1d38945f\\\"\",\r\n \
        \ \"type\": \"Microsoft.Network/loadBalancers\",\r\n  \"location\": \"westus\"\
        ,\r\n  \"tags\": {},\r\n  \"properties\": {\r\n    \"provisioningState\":\
        \ \"Succeeded\",\r\n    \"resourceGuid\": \"753fef39-74bd-45f8-a70b-46a4f8af51b2\"\
        ,\r\n    \"frontendIPConfigurations\": [\r\n      {\r\n        \"name\": \"\
        LoadBalancerFrontEnd\",\r\n        \"id\": \"/subscriptions/00000000-0000-0000-0000-000000000000/resourceGroups/cli_test_lb_probes000001/providers/Microsoft.Network/loadBalancers/lb1/frontendIPConfigurations/LoadBalancerFrontEnd\"\
        ,\r\n        \"etag\": \"W/\\\"75739cfa-d4c0-4683-8eb5-2a5d1d38945f\\\"\"\
        ,\r\n        \"properties\": {\r\n          \"provisioningState\": \"Succeeded\"\
        ,\r\n          \"privateIPAllocationMethod\": \"Dynamic\",\r\n          \"\
        publicIPAddress\": {\r\n            \"id\": \"/subscriptions/00000000-0000-0000-0000-000000000000/resourceGroups/cli_test_lb_probes000001/providers/Microsoft.Network/publicIPAddresses/PublicIPlb1\"\
        \r\n          }\r\n        }\r\n      }\r\n    ],\r\n    \"backendAddressPools\"\
        : [\r\n      {\r\n        \"name\": \"lb1bepool\",\r\n        \"id\": \"/subscriptions/00000000-0000-0000-0000-000000000000/resourceGroups/cli_test_lb_probes000001/providers/Microsoft.Network/loadBalancers/lb1/backendAddressPools/lb1bepool\"\
        ,\r\n        \"etag\": \"W/\\\"75739cfa-d4c0-4683-8eb5-2a5d1d38945f\\\"\"\
        ,\r\n        \"properties\": {\r\n          \"provisioningState\": \"Succeeded\"\
        \r\n        }\r\n      }\r\n    ],\r\n    \"loadBalancingRules\": [],\r\n\
        \    \"probes\": [\r\n      {\r\n        \"name\": \"probe1\",\r\n       \
        \ \"id\": \"/subscriptions/00000000-0000-0000-0000-000000000000/resourceGroups/cli_test_lb_probes000001/providers/Microsoft.Network/loadBalancers/lb1/probes/probe1\"\
        ,\r\n        \"etag\": \"W/\\\"75739cfa-d4c0-4683-8eb5-2a5d1d38945f\\\"\"\
        ,\r\n        \"properties\": {\r\n          \"provisioningState\": \"Succeeded\"\
        ,\r\n          \"protocol\": \"Http\",\r\n          \"port\": 1,\r\n     \
        \     \"requestPath\": \"/test1\",\r\n          \"intervalInSeconds\": 15,\r\
        \n          \"numberOfProbes\": 2\r\n        }\r\n      }\r\n    ],\r\n  \
        \  \"inboundNatRules\": [],\r\n    \"outboundNatRules\": [],\r\n    \"inboundNatPools\"\
        : []\r\n  },\r\n  \"sku\": {\r\n    \"name\": \"Basic\"\r\n  }\r\n}"}
    headers:
      cache-control: [no-cache]
      content-length: ['2518']
      content-type: [application/json; charset=utf-8]
      date: ['Tue, 19 Sep 2017 00:25:56 GMT']
      etag: [W/"75739cfa-d4c0-4683-8eb5-2a5d1d38945f"]
      expires: ['-1']
      pragma: [no-cache]
      server: [Microsoft-HTTPAPI/2.0, Microsoft-HTTPAPI/2.0]
      strict-transport-security: [max-age=31536000; includeSubDomains]
      transfer-encoding: [chunked]
      vary: [Accept-Encoding]
    status: {code: 200, message: OK}
- request:
    body: 'b''{"id": "/subscriptions/00000000-0000-0000-0000-000000000000/resourceGroups/cli_test_lb_probes000001/providers/Microsoft.Network/loadBalancers/lb1",
      "sku": {"name": "Basic"}, "etag": "W/\\"75739cfa-d4c0-4683-8eb5-2a5d1d38945f\\"",
      "location": "westus", "properties": {"resourceGuid": "753fef39-74bd-45f8-a70b-46a4f8af51b2",
      "outboundNatRules": [], "backendAddressPools": [{"id": "/subscriptions/00000000-0000-0000-0000-000000000000/resourceGroups/cli_test_lb_probes000001/providers/Microsoft.Network/loadBalancers/lb1/backendAddressPools/lb1bepool",
      "name": "lb1bepool", "properties": {"provisioningState": "Succeeded"}, "etag":
      "W/\\"75739cfa-d4c0-4683-8eb5-2a5d1d38945f\\""}], "probes": [{"id": "/subscriptions/00000000-0000-0000-0000-000000000000/resourceGroups/cli_test_lb_probes000001/providers/Microsoft.Network/loadBalancers/lb1/probes/probe1",
      "name": "probe1", "etag": "W/\\"75739cfa-d4c0-4683-8eb5-2a5d1d38945f\\"", "properties":
      {"protocol": "Http", "requestPath": "/test1", "numberOfProbes": 2, "port": 1,
      "provisioningState": "Succeeded", "intervalInSeconds": 15}}, {"name": "probe2",
      "properties": {"protocol": "Http", "port": 2, "requestPath": "/test2"}}], "frontendIPConfigurations":
      [{"id": "/subscriptions/00000000-0000-0000-0000-000000000000/resourceGroups/cli_test_lb_probes000001/providers/Microsoft.Network/loadBalancers/lb1/frontendIPConfigurations/LoadBalancerFrontEnd",
      "name": "LoadBalancerFrontEnd", "etag": "W/\\"75739cfa-d4c0-4683-8eb5-2a5d1d38945f\\"",
      "properties": {"publicIPAddress": {"id": "/subscriptions/00000000-0000-0000-0000-000000000000/resourceGroups/cli_test_lb_probes000001/providers/Microsoft.Network/publicIPAddresses/PublicIPlb1"},
      "provisioningState": "Succeeded", "privateIPAllocationMethod": "Dynamic"}}],
      "inboundNatRules": [], "provisioningState": "Succeeded", "inboundNatPools":
      [], "loadBalancingRules": []}, "tags": {}}'''
    headers:
      Accept: [application/json]
      Accept-Encoding: ['gzip, deflate']
      CommandName: [network lb probe create]
      Connection: [keep-alive]
      Content-Length: ['2119']
      Content-Type: [application/json; charset=utf-8]
      User-Agent: [python/3.5.3 (Windows-10-10.0.15063-SP0) requests/2.9.1 msrest/0.4.14
          msrest_azure/0.4.14 networkmanagementclient/1.5.0rc1 Azure-SDK-For-Python
          AZURECLI/2.0.16+dev]
      accept-language: [en-US]
    method: PUT
    uri: https://management.azure.com/subscriptions/00000000-0000-0000-0000-000000000000/resourceGroups/cli_test_lb_probes000001/providers/Microsoft.Network/loadBalancers/lb1?api-version=2017-09-01
  response:
    body: {string: "{\r\n  \"name\": \"lb1\",\r\n  \"id\": \"/subscriptions/00000000-0000-0000-0000-000000000000/resourceGroups/cli_test_lb_probes000001/providers/Microsoft.Network/loadBalancers/lb1\"\
        ,\r\n  \"etag\": \"W/\\\"60ce0124-572b-4838-ad9a-5d7f5d35348e\\\"\",\r\n \
        \ \"type\": \"Microsoft.Network/loadBalancers\",\r\n  \"location\": \"westus\"\
        ,\r\n  \"tags\": {},\r\n  \"properties\": {\r\n    \"provisioningState\":\
        \ \"Succeeded\",\r\n    \"resourceGuid\": \"753fef39-74bd-45f8-a70b-46a4f8af51b2\"\
        ,\r\n    \"frontendIPConfigurations\": [\r\n      {\r\n        \"name\": \"\
        LoadBalancerFrontEnd\",\r\n        \"id\": \"/subscriptions/00000000-0000-0000-0000-000000000000/resourceGroups/cli_test_lb_probes000001/providers/Microsoft.Network/loadBalancers/lb1/frontendIPConfigurations/LoadBalancerFrontEnd\"\
        ,\r\n        \"etag\": \"W/\\\"60ce0124-572b-4838-ad9a-5d7f5d35348e\\\"\"\
        ,\r\n        \"properties\": {\r\n          \"provisioningState\": \"Succeeded\"\
        ,\r\n          \"privateIPAllocationMethod\": \"Dynamic\",\r\n          \"\
        publicIPAddress\": {\r\n            \"id\": \"/subscriptions/00000000-0000-0000-0000-000000000000/resourceGroups/cli_test_lb_probes000001/providers/Microsoft.Network/publicIPAddresses/PublicIPlb1\"\
        \r\n          }\r\n        }\r\n      }\r\n    ],\r\n    \"backendAddressPools\"\
        : [\r\n      {\r\n        \"name\": \"lb1bepool\",\r\n        \"id\": \"/subscriptions/00000000-0000-0000-0000-000000000000/resourceGroups/cli_test_lb_probes000001/providers/Microsoft.Network/loadBalancers/lb1/backendAddressPools/lb1bepool\"\
        ,\r\n        \"etag\": \"W/\\\"60ce0124-572b-4838-ad9a-5d7f5d35348e\\\"\"\
        ,\r\n        \"properties\": {\r\n          \"provisioningState\": \"Succeeded\"\
        \r\n        }\r\n      }\r\n    ],\r\n    \"loadBalancingRules\": [],\r\n\
        \    \"probes\": [\r\n      {\r\n        \"name\": \"probe1\",\r\n       \
        \ \"id\": \"/subscriptions/00000000-0000-0000-0000-000000000000/resourceGroups/cli_test_lb_probes000001/providers/Microsoft.Network/loadBalancers/lb1/probes/probe1\"\
        ,\r\n        \"etag\": \"W/\\\"60ce0124-572b-4838-ad9a-5d7f5d35348e\\\"\"\
        ,\r\n        \"properties\": {\r\n          \"provisioningState\": \"Succeeded\"\
        ,\r\n          \"protocol\": \"Http\",\r\n          \"port\": 1,\r\n     \
        \     \"requestPath\": \"/test1\",\r\n          \"intervalInSeconds\": 15,\r\
        \n          \"numberOfProbes\": 2\r\n        }\r\n      },\r\n      {\r\n\
        \        \"name\": \"probe2\",\r\n        \"id\": \"/subscriptions/00000000-0000-0000-0000-000000000000/resourceGroups/cli_test_lb_probes000001/providers/Microsoft.Network/loadBalancers/lb1/probes/probe2\"\
        ,\r\n        \"etag\": \"W/\\\"60ce0124-572b-4838-ad9a-5d7f5d35348e\\\"\"\
        ,\r\n        \"properties\": {\r\n          \"provisioningState\": \"Succeeded\"\
        ,\r\n          \"protocol\": \"Http\",\r\n          \"port\": 2,\r\n     \
        \     \"requestPath\": \"/test2\",\r\n          \"intervalInSeconds\": 15,\r\
        \n          \"numberOfProbes\": 2\r\n        }\r\n      }\r\n    ],\r\n  \
        \  \"inboundNatRules\": [],\r\n    \"outboundNatRules\": [],\r\n    \"inboundNatPools\"\
        : []\r\n  },\r\n  \"sku\": {\r\n    \"name\": \"Basic\"\r\n  }\r\n}"}
    headers:
      azure-asyncoperation: ['https://management.azure.com/subscriptions/00000000-0000-0000-0000-000000000000/providers/Microsoft.Network/locations/westus/operations/076be43a-73bb-4432-ac63-5df6fa39c535?api-version=2017-09-01']
      cache-control: [no-cache]
      content-length: ['3085']
      content-type: [application/json; charset=utf-8]
      date: ['Tue, 19 Sep 2017 00:25:57 GMT']
      expires: ['-1']
      pragma: [no-cache]
      server: [Microsoft-HTTPAPI/2.0, Microsoft-HTTPAPI/2.0]
      strict-transport-security: [max-age=31536000; includeSubDomains]
      transfer-encoding: [chunked]
      vary: [Accept-Encoding]
      x-ms-ratelimit-remaining-subscription-writes: ['1187']
    status: {code: 200, message: OK}
- request:
    body: null
    headers:
      Accept: [application/json]
      Accept-Encoding: ['gzip, deflate']
      CommandName: [network lb probe create]
      Connection: [keep-alive]
      Content-Type: [application/json; charset=utf-8]
      User-Agent: [python/3.5.3 (Windows-10-10.0.15063-SP0) requests/2.9.1 msrest/0.4.14
          msrest_azure/0.4.14 networkmanagementclient/1.5.0rc1 Azure-SDK-For-Python
          AZURECLI/2.0.16+dev]
      accept-language: [en-US]
    method: GET
    uri: https://management.azure.com/subscriptions/00000000-0000-0000-0000-000000000000/providers/Microsoft.Network/locations/westus/operations/076be43a-73bb-4432-ac63-5df6fa39c535?api-version=2017-09-01
  response:
    body: {string: "{\r\n  \"status\": \"Succeeded\"\r\n}"}
    headers:
      cache-control: [no-cache]
      content-length: ['29']
      content-type: [application/json; charset=utf-8]
      date: ['Tue, 19 Sep 2017 00:26:27 GMT']
      expires: ['-1']
      pragma: [no-cache]
      server: [Microsoft-HTTPAPI/2.0, Microsoft-HTTPAPI/2.0]
      strict-transport-security: [max-age=31536000; includeSubDomains]
      transfer-encoding: [chunked]
      vary: [Accept-Encoding]
    status: {code: 200, message: OK}
- request:
    body: null
    headers:
      Accept: [application/json]
      Accept-Encoding: ['gzip, deflate']
      CommandName: [network lb probe create]
      Connection: [keep-alive]
      Content-Type: [application/json; charset=utf-8]
      User-Agent: [python/3.5.3 (Windows-10-10.0.15063-SP0) requests/2.9.1 msrest/0.4.14
          msrest_azure/0.4.14 networkmanagementclient/1.5.0rc1 Azure-SDK-For-Python
          AZURECLI/2.0.16+dev]
      accept-language: [en-US]
    method: GET
    uri: https://management.azure.com/subscriptions/00000000-0000-0000-0000-000000000000/resourceGroups/cli_test_lb_probes000001/providers/Microsoft.Network/loadBalancers/lb1?api-version=2017-09-01
  response:
    body: {string: "{\r\n  \"name\": \"lb1\",\r\n  \"id\": \"/subscriptions/00000000-0000-0000-0000-000000000000/resourceGroups/cli_test_lb_probes000001/providers/Microsoft.Network/loadBalancers/lb1\"\
        ,\r\n  \"etag\": \"W/\\\"60ce0124-572b-4838-ad9a-5d7f5d35348e\\\"\",\r\n \
        \ \"type\": \"Microsoft.Network/loadBalancers\",\r\n  \"location\": \"westus\"\
        ,\r\n  \"tags\": {},\r\n  \"properties\": {\r\n    \"provisioningState\":\
        \ \"Succeeded\",\r\n    \"resourceGuid\": \"753fef39-74bd-45f8-a70b-46a4f8af51b2\"\
        ,\r\n    \"frontendIPConfigurations\": [\r\n      {\r\n        \"name\": \"\
        LoadBalancerFrontEnd\",\r\n        \"id\": \"/subscriptions/00000000-0000-0000-0000-000000000000/resourceGroups/cli_test_lb_probes000001/providers/Microsoft.Network/loadBalancers/lb1/frontendIPConfigurations/LoadBalancerFrontEnd\"\
        ,\r\n        \"etag\": \"W/\\\"60ce0124-572b-4838-ad9a-5d7f5d35348e\\\"\"\
        ,\r\n        \"properties\": {\r\n          \"provisioningState\": \"Succeeded\"\
        ,\r\n          \"privateIPAllocationMethod\": \"Dynamic\",\r\n          \"\
        publicIPAddress\": {\r\n            \"id\": \"/subscriptions/00000000-0000-0000-0000-000000000000/resourceGroups/cli_test_lb_probes000001/providers/Microsoft.Network/publicIPAddresses/PublicIPlb1\"\
        \r\n          }\r\n        }\r\n      }\r\n    ],\r\n    \"backendAddressPools\"\
        : [\r\n      {\r\n        \"name\": \"lb1bepool\",\r\n        \"id\": \"/subscriptions/00000000-0000-0000-0000-000000000000/resourceGroups/cli_test_lb_probes000001/providers/Microsoft.Network/loadBalancers/lb1/backendAddressPools/lb1bepool\"\
        ,\r\n        \"etag\": \"W/\\\"60ce0124-572b-4838-ad9a-5d7f5d35348e\\\"\"\
        ,\r\n        \"properties\": {\r\n          \"provisioningState\": \"Succeeded\"\
        \r\n        }\r\n      }\r\n    ],\r\n    \"loadBalancingRules\": [],\r\n\
        \    \"probes\": [\r\n      {\r\n        \"name\": \"probe1\",\r\n       \
        \ \"id\": \"/subscriptions/00000000-0000-0000-0000-000000000000/resourceGroups/cli_test_lb_probes000001/providers/Microsoft.Network/loadBalancers/lb1/probes/probe1\"\
        ,\r\n        \"etag\": \"W/\\\"60ce0124-572b-4838-ad9a-5d7f5d35348e\\\"\"\
        ,\r\n        \"properties\": {\r\n          \"provisioningState\": \"Succeeded\"\
        ,\r\n          \"protocol\": \"Http\",\r\n          \"port\": 1,\r\n     \
        \     \"requestPath\": \"/test1\",\r\n          \"intervalInSeconds\": 15,\r\
        \n          \"numberOfProbes\": 2\r\n        }\r\n      },\r\n      {\r\n\
        \        \"name\": \"probe2\",\r\n        \"id\": \"/subscriptions/00000000-0000-0000-0000-000000000000/resourceGroups/cli_test_lb_probes000001/providers/Microsoft.Network/loadBalancers/lb1/probes/probe2\"\
        ,\r\n        \"etag\": \"W/\\\"60ce0124-572b-4838-ad9a-5d7f5d35348e\\\"\"\
        ,\r\n        \"properties\": {\r\n          \"provisioningState\": \"Succeeded\"\
        ,\r\n          \"protocol\": \"Http\",\r\n          \"port\": 2,\r\n     \
        \     \"requestPath\": \"/test2\",\r\n          \"intervalInSeconds\": 15,\r\
        \n          \"numberOfProbes\": 2\r\n        }\r\n      }\r\n    ],\r\n  \
        \  \"inboundNatRules\": [],\r\n    \"outboundNatRules\": [],\r\n    \"inboundNatPools\"\
        : []\r\n  },\r\n  \"sku\": {\r\n    \"name\": \"Basic\"\r\n  }\r\n}"}
    headers:
      cache-control: [no-cache]
      content-length: ['3085']
      content-type: [application/json; charset=utf-8]
      date: ['Tue, 19 Sep 2017 00:26:27 GMT']
      etag: [W/"60ce0124-572b-4838-ad9a-5d7f5d35348e"]
      expires: ['-1']
      pragma: [no-cache]
      server: [Microsoft-HTTPAPI/2.0, Microsoft-HTTPAPI/2.0]
      strict-transport-security: [max-age=31536000; includeSubDomains]
      transfer-encoding: [chunked]
      vary: [Accept-Encoding]
    status: {code: 200, message: OK}
- request:
    body: null
    headers:
      Accept: [application/json]
      Accept-Encoding: ['gzip, deflate']
      CommandName: [network lb probe create]
      Connection: [keep-alive]
      Content-Type: [application/json; charset=utf-8]
      User-Agent: [python/3.5.3 (Windows-10-10.0.15063-SP0) requests/2.9.1 msrest/0.4.14
          msrest_azure/0.4.14 networkmanagementclient/1.5.0rc1 Azure-SDK-For-Python
          AZURECLI/2.0.16+dev]
      accept-language: [en-US]
    method: GET
    uri: https://management.azure.com/subscriptions/00000000-0000-0000-0000-000000000000/resourceGroups/cli_test_lb_probes000001/providers/Microsoft.Network/loadBalancers/lb1?api-version=2017-09-01
  response:
    body: {string: "{\r\n  \"name\": \"lb1\",\r\n  \"id\": \"/subscriptions/00000000-0000-0000-0000-000000000000/resourceGroups/cli_test_lb_probes000001/providers/Microsoft.Network/loadBalancers/lb1\"\
        ,\r\n  \"etag\": \"W/\\\"60ce0124-572b-4838-ad9a-5d7f5d35348e\\\"\",\r\n \
        \ \"type\": \"Microsoft.Network/loadBalancers\",\r\n  \"location\": \"westus\"\
        ,\r\n  \"tags\": {},\r\n  \"properties\": {\r\n    \"provisioningState\":\
        \ \"Succeeded\",\r\n    \"resourceGuid\": \"753fef39-74bd-45f8-a70b-46a4f8af51b2\"\
        ,\r\n    \"frontendIPConfigurations\": [\r\n      {\r\n        \"name\": \"\
        LoadBalancerFrontEnd\",\r\n        \"id\": \"/subscriptions/00000000-0000-0000-0000-000000000000/resourceGroups/cli_test_lb_probes000001/providers/Microsoft.Network/loadBalancers/lb1/frontendIPConfigurations/LoadBalancerFrontEnd\"\
        ,\r\n        \"etag\": \"W/\\\"60ce0124-572b-4838-ad9a-5d7f5d35348e\\\"\"\
        ,\r\n        \"properties\": {\r\n          \"provisioningState\": \"Succeeded\"\
        ,\r\n          \"privateIPAllocationMethod\": \"Dynamic\",\r\n          \"\
        publicIPAddress\": {\r\n            \"id\": \"/subscriptions/00000000-0000-0000-0000-000000000000/resourceGroups/cli_test_lb_probes000001/providers/Microsoft.Network/publicIPAddresses/PublicIPlb1\"\
        \r\n          }\r\n        }\r\n      }\r\n    ],\r\n    \"backendAddressPools\"\
        : [\r\n      {\r\n        \"name\": \"lb1bepool\",\r\n        \"id\": \"/subscriptions/00000000-0000-0000-0000-000000000000/resourceGroups/cli_test_lb_probes000001/providers/Microsoft.Network/loadBalancers/lb1/backendAddressPools/lb1bepool\"\
        ,\r\n        \"etag\": \"W/\\\"60ce0124-572b-4838-ad9a-5d7f5d35348e\\\"\"\
        ,\r\n        \"properties\": {\r\n          \"provisioningState\": \"Succeeded\"\
        \r\n        }\r\n      }\r\n    ],\r\n    \"loadBalancingRules\": [],\r\n\
        \    \"probes\": [\r\n      {\r\n        \"name\": \"probe1\",\r\n       \
        \ \"id\": \"/subscriptions/00000000-0000-0000-0000-000000000000/resourceGroups/cli_test_lb_probes000001/providers/Microsoft.Network/loadBalancers/lb1/probes/probe1\"\
        ,\r\n        \"etag\": \"W/\\\"60ce0124-572b-4838-ad9a-5d7f5d35348e\\\"\"\
        ,\r\n        \"properties\": {\r\n          \"provisioningState\": \"Succeeded\"\
        ,\r\n          \"protocol\": \"Http\",\r\n          \"port\": 1,\r\n     \
        \     \"requestPath\": \"/test1\",\r\n          \"intervalInSeconds\": 15,\r\
        \n          \"numberOfProbes\": 2\r\n        }\r\n      },\r\n      {\r\n\
        \        \"name\": \"probe2\",\r\n        \"id\": \"/subscriptions/00000000-0000-0000-0000-000000000000/resourceGroups/cli_test_lb_probes000001/providers/Microsoft.Network/loadBalancers/lb1/probes/probe2\"\
        ,\r\n        \"etag\": \"W/\\\"60ce0124-572b-4838-ad9a-5d7f5d35348e\\\"\"\
        ,\r\n        \"properties\": {\r\n          \"provisioningState\": \"Succeeded\"\
        ,\r\n          \"protocol\": \"Http\",\r\n          \"port\": 2,\r\n     \
        \     \"requestPath\": \"/test2\",\r\n          \"intervalInSeconds\": 15,\r\
        \n          \"numberOfProbes\": 2\r\n        }\r\n      }\r\n    ],\r\n  \
        \  \"inboundNatRules\": [],\r\n    \"outboundNatRules\": [],\r\n    \"inboundNatPools\"\
        : []\r\n  },\r\n  \"sku\": {\r\n    \"name\": \"Basic\"\r\n  }\r\n}"}
    headers:
      cache-control: [no-cache]
      content-length: ['3085']
      content-type: [application/json; charset=utf-8]
      date: ['Tue, 19 Sep 2017 00:26:28 GMT']
      etag: [W/"60ce0124-572b-4838-ad9a-5d7f5d35348e"]
      expires: ['-1']
      pragma: [no-cache]
      server: [Microsoft-HTTPAPI/2.0, Microsoft-HTTPAPI/2.0]
      strict-transport-security: [max-age=31536000; includeSubDomains]
      transfer-encoding: [chunked]
      vary: [Accept-Encoding]
    status: {code: 200, message: OK}
- request:
    body: 'b''{"id": "/subscriptions/00000000-0000-0000-0000-000000000000/resourceGroups/cli_test_lb_probes000001/providers/Microsoft.Network/loadBalancers/lb1",
      "sku": {"name": "Basic"}, "etag": "W/\\"60ce0124-572b-4838-ad9a-5d7f5d35348e\\"",
      "location": "westus", "properties": {"resourceGuid": "753fef39-74bd-45f8-a70b-46a4f8af51b2",
      "outboundNatRules": [], "backendAddressPools": [{"id": "/subscriptions/00000000-0000-0000-0000-000000000000/resourceGroups/cli_test_lb_probes000001/providers/Microsoft.Network/loadBalancers/lb1/backendAddressPools/lb1bepool",
      "name": "lb1bepool", "properties": {"provisioningState": "Succeeded"}, "etag":
      "W/\\"60ce0124-572b-4838-ad9a-5d7f5d35348e\\""}], "probes": [{"id": "/subscriptions/00000000-0000-0000-0000-000000000000/resourceGroups/cli_test_lb_probes000001/providers/Microsoft.Network/loadBalancers/lb1/probes/probe1",
      "name": "probe1", "etag": "W/\\"60ce0124-572b-4838-ad9a-5d7f5d35348e\\"", "properties":
      {"protocol": "Http", "requestPath": "/test1", "numberOfProbes": 2, "port": 1,
      "provisioningState": "Succeeded", "intervalInSeconds": 15}}, {"id": "/subscriptions/00000000-0000-0000-0000-000000000000/resourceGroups/cli_test_lb_probes000001/providers/Microsoft.Network/loadBalancers/lb1/probes/probe2",
      "name": "probe2", "etag": "W/\\"60ce0124-572b-4838-ad9a-5d7f5d35348e\\"", "properties":
      {"protocol": "Http", "requestPath": "/test2", "numberOfProbes": 2, "port": 2,
      "provisioningState": "Succeeded", "intervalInSeconds": 15}}, {"name": "probe3",
      "properties": {"protocol": "Http", "port": 3, "requestPath": "/test3"}}], "frontendIPConfigurations":
      [{"id": "/subscriptions/00000000-0000-0000-0000-000000000000/resourceGroups/cli_test_lb_probes000001/providers/Microsoft.Network/loadBalancers/lb1/frontendIPConfigurations/LoadBalancerFrontEnd",
      "name": "LoadBalancerFrontEnd", "etag": "W/\\"60ce0124-572b-4838-ad9a-5d7f5d35348e\\"",
      "properties": {"publicIPAddress": {"id": "/subscriptions/00000000-0000-0000-0000-000000000000/resourceGroups/cli_test_lb_probes000001/providers/Microsoft.Network/publicIPAddresses/PublicIPlb1"},
      "provisioningState": "Succeeded", "privateIPAllocationMethod": "Dynamic"}}],
      "inboundNatRules": [], "provisioningState": "Succeeded", "inboundNatPools":
      [], "loadBalancingRules": []}, "tags": {}}'''
    headers:
      Accept: [application/json]
      Accept-Encoding: ['gzip, deflate']
      CommandName: [network lb probe create]
      Connection: [keep-alive]
      Content-Length: ['2557']
      Content-Type: [application/json; charset=utf-8]
      User-Agent: [python/3.5.3 (Windows-10-10.0.15063-SP0) requests/2.9.1 msrest/0.4.14
          msrest_azure/0.4.14 networkmanagementclient/1.5.0rc1 Azure-SDK-For-Python
          AZURECLI/2.0.16+dev]
      accept-language: [en-US]
    method: PUT
    uri: https://management.azure.com/subscriptions/00000000-0000-0000-0000-000000000000/resourceGroups/cli_test_lb_probes000001/providers/Microsoft.Network/loadBalancers/lb1?api-version=2017-09-01
  response:
    body: {string: "{\r\n  \"name\": \"lb1\",\r\n  \"id\": \"/subscriptions/00000000-0000-0000-0000-000000000000/resourceGroups/cli_test_lb_probes000001/providers/Microsoft.Network/loadBalancers/lb1\"\
        ,\r\n  \"etag\": \"W/\\\"11e03657-4e66-47ad-be61-5d866f0324d3\\\"\",\r\n \
        \ \"type\": \"Microsoft.Network/loadBalancers\",\r\n  \"location\": \"westus\"\
        ,\r\n  \"tags\": {},\r\n  \"properties\": {\r\n    \"provisioningState\":\
        \ \"Succeeded\",\r\n    \"resourceGuid\": \"753fef39-74bd-45f8-a70b-46a4f8af51b2\"\
        ,\r\n    \"frontendIPConfigurations\": [\r\n      {\r\n        \"name\": \"\
        LoadBalancerFrontEnd\",\r\n        \"id\": \"/subscriptions/00000000-0000-0000-0000-000000000000/resourceGroups/cli_test_lb_probes000001/providers/Microsoft.Network/loadBalancers/lb1/frontendIPConfigurations/LoadBalancerFrontEnd\"\
        ,\r\n        \"etag\": \"W/\\\"11e03657-4e66-47ad-be61-5d866f0324d3\\\"\"\
        ,\r\n        \"properties\": {\r\n          \"provisioningState\": \"Succeeded\"\
        ,\r\n          \"privateIPAllocationMethod\": \"Dynamic\",\r\n          \"\
        publicIPAddress\": {\r\n            \"id\": \"/subscriptions/00000000-0000-0000-0000-000000000000/resourceGroups/cli_test_lb_probes000001/providers/Microsoft.Network/publicIPAddresses/PublicIPlb1\"\
        \r\n          }\r\n        }\r\n      }\r\n    ],\r\n    \"backendAddressPools\"\
        : [\r\n      {\r\n        \"name\": \"lb1bepool\",\r\n        \"id\": \"/subscriptions/00000000-0000-0000-0000-000000000000/resourceGroups/cli_test_lb_probes000001/providers/Microsoft.Network/loadBalancers/lb1/backendAddressPools/lb1bepool\"\
        ,\r\n        \"etag\": \"W/\\\"11e03657-4e66-47ad-be61-5d866f0324d3\\\"\"\
        ,\r\n        \"properties\": {\r\n          \"provisioningState\": \"Succeeded\"\
        \r\n        }\r\n      }\r\n    ],\r\n    \"loadBalancingRules\": [],\r\n\
        \    \"probes\": [\r\n      {\r\n        \"name\": \"probe1\",\r\n       \
        \ \"id\": \"/subscriptions/00000000-0000-0000-0000-000000000000/resourceGroups/cli_test_lb_probes000001/providers/Microsoft.Network/loadBalancers/lb1/probes/probe1\"\
        ,\r\n        \"etag\": \"W/\\\"11e03657-4e66-47ad-be61-5d866f0324d3\\\"\"\
        ,\r\n        \"properties\": {\r\n          \"provisioningState\": \"Succeeded\"\
        ,\r\n          \"protocol\": \"Http\",\r\n          \"port\": 1,\r\n     \
        \     \"requestPath\": \"/test1\",\r\n          \"intervalInSeconds\": 15,\r\
        \n          \"numberOfProbes\": 2\r\n        }\r\n      },\r\n      {\r\n\
        \        \"name\": \"probe2\",\r\n        \"id\": \"/subscriptions/00000000-0000-0000-0000-000000000000/resourceGroups/cli_test_lb_probes000001/providers/Microsoft.Network/loadBalancers/lb1/probes/probe2\"\
        ,\r\n        \"etag\": \"W/\\\"11e03657-4e66-47ad-be61-5d866f0324d3\\\"\"\
        ,\r\n        \"properties\": {\r\n          \"provisioningState\": \"Succeeded\"\
        ,\r\n          \"protocol\": \"Http\",\r\n          \"port\": 2,\r\n     \
        \     \"requestPath\": \"/test2\",\r\n          \"intervalInSeconds\": 15,\r\
        \n          \"numberOfProbes\": 2\r\n        }\r\n      },\r\n      {\r\n\
        \        \"name\": \"probe3\",\r\n        \"id\": \"/subscriptions/00000000-0000-0000-0000-000000000000/resourceGroups/cli_test_lb_probes000001/providers/Microsoft.Network/loadBalancers/lb1/probes/probe3\"\
        ,\r\n        \"etag\": \"W/\\\"11e03657-4e66-47ad-be61-5d866f0324d3\\\"\"\
        ,\r\n        \"properties\": {\r\n          \"provisioningState\": \"Succeeded\"\
        ,\r\n          \"protocol\": \"Http\",\r\n          \"port\": 3,\r\n     \
        \     \"requestPath\": \"/test3\",\r\n          \"intervalInSeconds\": 15,\r\
        \n          \"numberOfProbes\": 2\r\n        }\r\n      }\r\n    ],\r\n  \
        \  \"inboundNatRules\": [],\r\n    \"outboundNatRules\": [],\r\n    \"inboundNatPools\"\
        : []\r\n  },\r\n  \"sku\": {\r\n    \"name\": \"Basic\"\r\n  }\r\n}"}
    headers:
      azure-asyncoperation: ['https://management.azure.com/subscriptions/00000000-0000-0000-0000-000000000000/providers/Microsoft.Network/locations/westus/operations/f7058e2d-1108-4fa1-b868-e0909d99ad6f?api-version=2017-09-01']
      cache-control: [no-cache]
      content-length: ['3652']
      content-type: [application/json; charset=utf-8]
      date: ['Tue, 19 Sep 2017 00:26:29 GMT']
      expires: ['-1']
      pragma: [no-cache]
      server: [Microsoft-HTTPAPI/2.0, Microsoft-HTTPAPI/2.0]
      strict-transport-security: [max-age=31536000; includeSubDomains]
      transfer-encoding: [chunked]
      vary: [Accept-Encoding]
      x-ms-ratelimit-remaining-subscription-writes: ['1194']
    status: {code: 200, message: OK}
- request:
    body: null
    headers:
      Accept: [application/json]
      Accept-Encoding: ['gzip, deflate']
      CommandName: [network lb probe create]
      Connection: [keep-alive]
      Content-Type: [application/json; charset=utf-8]
      User-Agent: [python/3.5.3 (Windows-10-10.0.15063-SP0) requests/2.9.1 msrest/0.4.14
          msrest_azure/0.4.14 networkmanagementclient/1.5.0rc1 Azure-SDK-For-Python
          AZURECLI/2.0.16+dev]
      accept-language: [en-US]
    method: GET
    uri: https://management.azure.com/subscriptions/00000000-0000-0000-0000-000000000000/providers/Microsoft.Network/locations/westus/operations/f7058e2d-1108-4fa1-b868-e0909d99ad6f?api-version=2017-09-01
  response:
    body: {string: "{\r\n  \"status\": \"Succeeded\"\r\n}"}
    headers:
      cache-control: [no-cache]
      content-length: ['29']
      content-type: [application/json; charset=utf-8]
      date: ['Tue, 19 Sep 2017 00:26:59 GMT']
      expires: ['-1']
      pragma: [no-cache]
      server: [Microsoft-HTTPAPI/2.0, Microsoft-HTTPAPI/2.0]
      strict-transport-security: [max-age=31536000; includeSubDomains]
      transfer-encoding: [chunked]
      vary: [Accept-Encoding]
    status: {code: 200, message: OK}
- request:
    body: null
    headers:
      Accept: [application/json]
      Accept-Encoding: ['gzip, deflate']
      CommandName: [network lb probe create]
      Connection: [keep-alive]
      Content-Type: [application/json; charset=utf-8]
      User-Agent: [python/3.5.3 (Windows-10-10.0.15063-SP0) requests/2.9.1 msrest/0.4.14
          msrest_azure/0.4.14 networkmanagementclient/1.5.0rc1 Azure-SDK-For-Python
          AZURECLI/2.0.16+dev]
      accept-language: [en-US]
    method: GET
    uri: https://management.azure.com/subscriptions/00000000-0000-0000-0000-000000000000/resourceGroups/cli_test_lb_probes000001/providers/Microsoft.Network/loadBalancers/lb1?api-version=2017-09-01
  response:
    body: {string: "{\r\n  \"name\": \"lb1\",\r\n  \"id\": \"/subscriptions/00000000-0000-0000-0000-000000000000/resourceGroups/cli_test_lb_probes000001/providers/Microsoft.Network/loadBalancers/lb1\"\
        ,\r\n  \"etag\": \"W/\\\"11e03657-4e66-47ad-be61-5d866f0324d3\\\"\",\r\n \
        \ \"type\": \"Microsoft.Network/loadBalancers\",\r\n  \"location\": \"westus\"\
        ,\r\n  \"tags\": {},\r\n  \"properties\": {\r\n    \"provisioningState\":\
        \ \"Succeeded\",\r\n    \"resourceGuid\": \"753fef39-74bd-45f8-a70b-46a4f8af51b2\"\
        ,\r\n    \"frontendIPConfigurations\": [\r\n      {\r\n        \"name\": \"\
        LoadBalancerFrontEnd\",\r\n        \"id\": \"/subscriptions/00000000-0000-0000-0000-000000000000/resourceGroups/cli_test_lb_probes000001/providers/Microsoft.Network/loadBalancers/lb1/frontendIPConfigurations/LoadBalancerFrontEnd\"\
        ,\r\n        \"etag\": \"W/\\\"11e03657-4e66-47ad-be61-5d866f0324d3\\\"\"\
        ,\r\n        \"properties\": {\r\n          \"provisioningState\": \"Succeeded\"\
        ,\r\n          \"privateIPAllocationMethod\": \"Dynamic\",\r\n          \"\
        publicIPAddress\": {\r\n            \"id\": \"/subscriptions/00000000-0000-0000-0000-000000000000/resourceGroups/cli_test_lb_probes000001/providers/Microsoft.Network/publicIPAddresses/PublicIPlb1\"\
        \r\n          }\r\n        }\r\n      }\r\n    ],\r\n    \"backendAddressPools\"\
        : [\r\n      {\r\n        \"name\": \"lb1bepool\",\r\n        \"id\": \"/subscriptions/00000000-0000-0000-0000-000000000000/resourceGroups/cli_test_lb_probes000001/providers/Microsoft.Network/loadBalancers/lb1/backendAddressPools/lb1bepool\"\
        ,\r\n        \"etag\": \"W/\\\"11e03657-4e66-47ad-be61-5d866f0324d3\\\"\"\
        ,\r\n        \"properties\": {\r\n          \"provisioningState\": \"Succeeded\"\
        \r\n        }\r\n      }\r\n    ],\r\n    \"loadBalancingRules\": [],\r\n\
        \    \"probes\": [\r\n      {\r\n        \"name\": \"probe1\",\r\n       \
        \ \"id\": \"/subscriptions/00000000-0000-0000-0000-000000000000/resourceGroups/cli_test_lb_probes000001/providers/Microsoft.Network/loadBalancers/lb1/probes/probe1\"\
        ,\r\n        \"etag\": \"W/\\\"11e03657-4e66-47ad-be61-5d866f0324d3\\\"\"\
        ,\r\n        \"properties\": {\r\n          \"provisioningState\": \"Succeeded\"\
        ,\r\n          \"protocol\": \"Http\",\r\n          \"port\": 1,\r\n     \
        \     \"requestPath\": \"/test1\",\r\n          \"intervalInSeconds\": 15,\r\
        \n          \"numberOfProbes\": 2\r\n        }\r\n      },\r\n      {\r\n\
        \        \"name\": \"probe2\",\r\n        \"id\": \"/subscriptions/00000000-0000-0000-0000-000000000000/resourceGroups/cli_test_lb_probes000001/providers/Microsoft.Network/loadBalancers/lb1/probes/probe2\"\
        ,\r\n        \"etag\": \"W/\\\"11e03657-4e66-47ad-be61-5d866f0324d3\\\"\"\
        ,\r\n        \"properties\": {\r\n          \"provisioningState\": \"Succeeded\"\
        ,\r\n          \"protocol\": \"Http\",\r\n          \"port\": 2,\r\n     \
        \     \"requestPath\": \"/test2\",\r\n          \"intervalInSeconds\": 15,\r\
        \n          \"numberOfProbes\": 2\r\n        }\r\n      },\r\n      {\r\n\
        \        \"name\": \"probe3\",\r\n        \"id\": \"/subscriptions/00000000-0000-0000-0000-000000000000/resourceGroups/cli_test_lb_probes000001/providers/Microsoft.Network/loadBalancers/lb1/probes/probe3\"\
        ,\r\n        \"etag\": \"W/\\\"11e03657-4e66-47ad-be61-5d866f0324d3\\\"\"\
        ,\r\n        \"properties\": {\r\n          \"provisioningState\": \"Succeeded\"\
        ,\r\n          \"protocol\": \"Http\",\r\n          \"port\": 3,\r\n     \
        \     \"requestPath\": \"/test3\",\r\n          \"intervalInSeconds\": 15,\r\
        \n          \"numberOfProbes\": 2\r\n        }\r\n      }\r\n    ],\r\n  \
        \  \"inboundNatRules\": [],\r\n    \"outboundNatRules\": [],\r\n    \"inboundNatPools\"\
        : []\r\n  },\r\n  \"sku\": {\r\n    \"name\": \"Basic\"\r\n  }\r\n}"}
    headers:
      cache-control: [no-cache]
      content-length: ['3652']
      content-type: [application/json; charset=utf-8]
      date: ['Tue, 19 Sep 2017 00:26:59 GMT']
      etag: [W/"11e03657-4e66-47ad-be61-5d866f0324d3"]
      expires: ['-1']
      pragma: [no-cache]
      server: [Microsoft-HTTPAPI/2.0, Microsoft-HTTPAPI/2.0]
      strict-transport-security: [max-age=31536000; includeSubDomains]
      transfer-encoding: [chunked]
      vary: [Accept-Encoding]
    status: {code: 200, message: OK}
- request:
    body: null
    headers:
      Accept: [application/json]
      Accept-Encoding: ['gzip, deflate']
      CommandName: [network lb probe list]
      Connection: [keep-alive]
      Content-Type: [application/json; charset=utf-8]
      User-Agent: [python/3.5.3 (Windows-10-10.0.15063-SP0) requests/2.9.1 msrest/0.4.14
          msrest_azure/0.4.14 networkmanagementclient/1.5.0rc1 Azure-SDK-For-Python
          AZURECLI/2.0.16+dev]
      accept-language: [en-US]
    method: GET
    uri: https://management.azure.com/subscriptions/00000000-0000-0000-0000-000000000000/resourceGroups/cli_test_lb_probes000001/providers/Microsoft.Network/loadBalancers/lb1?api-version=2017-09-01
  response:
    body: {string: "{\r\n  \"name\": \"lb1\",\r\n  \"id\": \"/subscriptions/00000000-0000-0000-0000-000000000000/resourceGroups/cli_test_lb_probes000001/providers/Microsoft.Network/loadBalancers/lb1\"\
        ,\r\n  \"etag\": \"W/\\\"11e03657-4e66-47ad-be61-5d866f0324d3\\\"\",\r\n \
        \ \"type\": \"Microsoft.Network/loadBalancers\",\r\n  \"location\": \"westus\"\
        ,\r\n  \"tags\": {},\r\n  \"properties\": {\r\n    \"provisioningState\":\
        \ \"Succeeded\",\r\n    \"resourceGuid\": \"753fef39-74bd-45f8-a70b-46a4f8af51b2\"\
        ,\r\n    \"frontendIPConfigurations\": [\r\n      {\r\n        \"name\": \"\
        LoadBalancerFrontEnd\",\r\n        \"id\": \"/subscriptions/00000000-0000-0000-0000-000000000000/resourceGroups/cli_test_lb_probes000001/providers/Microsoft.Network/loadBalancers/lb1/frontendIPConfigurations/LoadBalancerFrontEnd\"\
        ,\r\n        \"etag\": \"W/\\\"11e03657-4e66-47ad-be61-5d866f0324d3\\\"\"\
        ,\r\n        \"properties\": {\r\n          \"provisioningState\": \"Succeeded\"\
        ,\r\n          \"privateIPAllocationMethod\": \"Dynamic\",\r\n          \"\
        publicIPAddress\": {\r\n            \"id\": \"/subscriptions/00000000-0000-0000-0000-000000000000/resourceGroups/cli_test_lb_probes000001/providers/Microsoft.Network/publicIPAddresses/PublicIPlb1\"\
        \r\n          }\r\n        }\r\n      }\r\n    ],\r\n    \"backendAddressPools\"\
        : [\r\n      {\r\n        \"name\": \"lb1bepool\",\r\n        \"id\": \"/subscriptions/00000000-0000-0000-0000-000000000000/resourceGroups/cli_test_lb_probes000001/providers/Microsoft.Network/loadBalancers/lb1/backendAddressPools/lb1bepool\"\
        ,\r\n        \"etag\": \"W/\\\"11e03657-4e66-47ad-be61-5d866f0324d3\\\"\"\
        ,\r\n        \"properties\": {\r\n          \"provisioningState\": \"Succeeded\"\
        \r\n        }\r\n      }\r\n    ],\r\n    \"loadBalancingRules\": [],\r\n\
        \    \"probes\": [\r\n      {\r\n        \"name\": \"probe1\",\r\n       \
        \ \"id\": \"/subscriptions/00000000-0000-0000-0000-000000000000/resourceGroups/cli_test_lb_probes000001/providers/Microsoft.Network/loadBalancers/lb1/probes/probe1\"\
        ,\r\n        \"etag\": \"W/\\\"11e03657-4e66-47ad-be61-5d866f0324d3\\\"\"\
        ,\r\n        \"properties\": {\r\n          \"provisioningState\": \"Succeeded\"\
        ,\r\n          \"protocol\": \"Http\",\r\n          \"port\": 1,\r\n     \
        \     \"requestPath\": \"/test1\",\r\n          \"intervalInSeconds\": 15,\r\
        \n          \"numberOfProbes\": 2\r\n        }\r\n      },\r\n      {\r\n\
        \        \"name\": \"probe2\",\r\n        \"id\": \"/subscriptions/00000000-0000-0000-0000-000000000000/resourceGroups/cli_test_lb_probes000001/providers/Microsoft.Network/loadBalancers/lb1/probes/probe2\"\
        ,\r\n        \"etag\": \"W/\\\"11e03657-4e66-47ad-be61-5d866f0324d3\\\"\"\
        ,\r\n        \"properties\": {\r\n          \"provisioningState\": \"Succeeded\"\
        ,\r\n          \"protocol\": \"Http\",\r\n          \"port\": 2,\r\n     \
        \     \"requestPath\": \"/test2\",\r\n          \"intervalInSeconds\": 15,\r\
        \n          \"numberOfProbes\": 2\r\n        }\r\n      },\r\n      {\r\n\
        \        \"name\": \"probe3\",\r\n        \"id\": \"/subscriptions/00000000-0000-0000-0000-000000000000/resourceGroups/cli_test_lb_probes000001/providers/Microsoft.Network/loadBalancers/lb1/probes/probe3\"\
        ,\r\n        \"etag\": \"W/\\\"11e03657-4e66-47ad-be61-5d866f0324d3\\\"\"\
        ,\r\n        \"properties\": {\r\n          \"provisioningState\": \"Succeeded\"\
        ,\r\n          \"protocol\": \"Http\",\r\n          \"port\": 3,\r\n     \
        \     \"requestPath\": \"/test3\",\r\n          \"intervalInSeconds\": 15,\r\
        \n          \"numberOfProbes\": 2\r\n        }\r\n      }\r\n    ],\r\n  \
        \  \"inboundNatRules\": [],\r\n    \"outboundNatRules\": [],\r\n    \"inboundNatPools\"\
        : []\r\n  },\r\n  \"sku\": {\r\n    \"name\": \"Basic\"\r\n  }\r\n}"}
    headers:
      cache-control: [no-cache]
      content-length: ['3652']
      content-type: [application/json; charset=utf-8]
      date: ['Tue, 19 Sep 2017 00:27:00 GMT']
      etag: [W/"11e03657-4e66-47ad-be61-5d866f0324d3"]
      expires: ['-1']
      pragma: [no-cache]
      server: [Microsoft-HTTPAPI/2.0, Microsoft-HTTPAPI/2.0]
      strict-transport-security: [max-age=31536000; includeSubDomains]
      transfer-encoding: [chunked]
      vary: [Accept-Encoding]
    status: {code: 200, message: OK}
- request:
    body: null
    headers:
      Accept: [application/json]
      Accept-Encoding: ['gzip, deflate']
      CommandName: [network lb probe update]
      Connection: [keep-alive]
      Content-Type: [application/json; charset=utf-8]
      User-Agent: [python/3.5.3 (Windows-10-10.0.15063-SP0) requests/2.9.1 msrest/0.4.14
          msrest_azure/0.4.14 networkmanagementclient/1.5.0rc1 Azure-SDK-For-Python
          AZURECLI/2.0.16+dev]
      accept-language: [en-US]
    method: GET
    uri: https://management.azure.com/subscriptions/00000000-0000-0000-0000-000000000000/resourceGroups/cli_test_lb_probes000001/providers/Microsoft.Network/loadBalancers/lb1?api-version=2017-09-01
  response:
    body: {string: "{\r\n  \"name\": \"lb1\",\r\n  \"id\": \"/subscriptions/00000000-0000-0000-0000-000000000000/resourceGroups/cli_test_lb_probes000001/providers/Microsoft.Network/loadBalancers/lb1\"\
        ,\r\n  \"etag\": \"W/\\\"11e03657-4e66-47ad-be61-5d866f0324d3\\\"\",\r\n \
        \ \"type\": \"Microsoft.Network/loadBalancers\",\r\n  \"location\": \"westus\"\
        ,\r\n  \"tags\": {},\r\n  \"properties\": {\r\n    \"provisioningState\":\
        \ \"Succeeded\",\r\n    \"resourceGuid\": \"753fef39-74bd-45f8-a70b-46a4f8af51b2\"\
        ,\r\n    \"frontendIPConfigurations\": [\r\n      {\r\n        \"name\": \"\
        LoadBalancerFrontEnd\",\r\n        \"id\": \"/subscriptions/00000000-0000-0000-0000-000000000000/resourceGroups/cli_test_lb_probes000001/providers/Microsoft.Network/loadBalancers/lb1/frontendIPConfigurations/LoadBalancerFrontEnd\"\
        ,\r\n        \"etag\": \"W/\\\"11e03657-4e66-47ad-be61-5d866f0324d3\\\"\"\
        ,\r\n        \"properties\": {\r\n          \"provisioningState\": \"Succeeded\"\
        ,\r\n          \"privateIPAllocationMethod\": \"Dynamic\",\r\n          \"\
        publicIPAddress\": {\r\n            \"id\": \"/subscriptions/00000000-0000-0000-0000-000000000000/resourceGroups/cli_test_lb_probes000001/providers/Microsoft.Network/publicIPAddresses/PublicIPlb1\"\
        \r\n          }\r\n        }\r\n      }\r\n    ],\r\n    \"backendAddressPools\"\
        : [\r\n      {\r\n        \"name\": \"lb1bepool\",\r\n        \"id\": \"/subscriptions/00000000-0000-0000-0000-000000000000/resourceGroups/cli_test_lb_probes000001/providers/Microsoft.Network/loadBalancers/lb1/backendAddressPools/lb1bepool\"\
        ,\r\n        \"etag\": \"W/\\\"11e03657-4e66-47ad-be61-5d866f0324d3\\\"\"\
        ,\r\n        \"properties\": {\r\n          \"provisioningState\": \"Succeeded\"\
        \r\n        }\r\n      }\r\n    ],\r\n    \"loadBalancingRules\": [],\r\n\
        \    \"probes\": [\r\n      {\r\n        \"name\": \"probe1\",\r\n       \
        \ \"id\": \"/subscriptions/00000000-0000-0000-0000-000000000000/resourceGroups/cli_test_lb_probes000001/providers/Microsoft.Network/loadBalancers/lb1/probes/probe1\"\
        ,\r\n        \"etag\": \"W/\\\"11e03657-4e66-47ad-be61-5d866f0324d3\\\"\"\
        ,\r\n        \"properties\": {\r\n          \"provisioningState\": \"Succeeded\"\
        ,\r\n          \"protocol\": \"Http\",\r\n          \"port\": 1,\r\n     \
        \     \"requestPath\": \"/test1\",\r\n          \"intervalInSeconds\": 15,\r\
        \n          \"numberOfProbes\": 2\r\n        }\r\n      },\r\n      {\r\n\
        \        \"name\": \"probe2\",\r\n        \"id\": \"/subscriptions/00000000-0000-0000-0000-000000000000/resourceGroups/cli_test_lb_probes000001/providers/Microsoft.Network/loadBalancers/lb1/probes/probe2\"\
        ,\r\n        \"etag\": \"W/\\\"11e03657-4e66-47ad-be61-5d866f0324d3\\\"\"\
        ,\r\n        \"properties\": {\r\n          \"provisioningState\": \"Succeeded\"\
        ,\r\n          \"protocol\": \"Http\",\r\n          \"port\": 2,\r\n     \
        \     \"requestPath\": \"/test2\",\r\n          \"intervalInSeconds\": 15,\r\
        \n          \"numberOfProbes\": 2\r\n        }\r\n      },\r\n      {\r\n\
        \        \"name\": \"probe3\",\r\n        \"id\": \"/subscriptions/00000000-0000-0000-0000-000000000000/resourceGroups/cli_test_lb_probes000001/providers/Microsoft.Network/loadBalancers/lb1/probes/probe3\"\
        ,\r\n        \"etag\": \"W/\\\"11e03657-4e66-47ad-be61-5d866f0324d3\\\"\"\
        ,\r\n        \"properties\": {\r\n          \"provisioningState\": \"Succeeded\"\
        ,\r\n          \"protocol\": \"Http\",\r\n          \"port\": 3,\r\n     \
        \     \"requestPath\": \"/test3\",\r\n          \"intervalInSeconds\": 15,\r\
        \n          \"numberOfProbes\": 2\r\n        }\r\n      }\r\n    ],\r\n  \
        \  \"inboundNatRules\": [],\r\n    \"outboundNatRules\": [],\r\n    \"inboundNatPools\"\
        : []\r\n  },\r\n  \"sku\": {\r\n    \"name\": \"Basic\"\r\n  }\r\n}"}
    headers:
      cache-control: [no-cache]
      content-length: ['3652']
      content-type: [application/json; charset=utf-8]
      date: ['Tue, 19 Sep 2017 00:26:59 GMT']
      etag: [W/"11e03657-4e66-47ad-be61-5d866f0324d3"]
      expires: ['-1']
      pragma: [no-cache]
      server: [Microsoft-HTTPAPI/2.0, Microsoft-HTTPAPI/2.0]
      strict-transport-security: [max-age=31536000; includeSubDomains]
      transfer-encoding: [chunked]
      vary: [Accept-Encoding]
    status: {code: 200, message: OK}
- request:
    body: 'b''{"id": "/subscriptions/00000000-0000-0000-0000-000000000000/resourceGroups/cli_test_lb_probes000001/providers/Microsoft.Network/loadBalancers/lb1",
      "sku": {"name": "Basic"}, "etag": "W/\\"11e03657-4e66-47ad-be61-5d866f0324d3\\"",
      "location": "westus", "properties": {"resourceGuid": "753fef39-74bd-45f8-a70b-46a4f8af51b2",
      "outboundNatRules": [], "backendAddressPools": [{"id": "/subscriptions/00000000-0000-0000-0000-000000000000/resourceGroups/cli_test_lb_probes000001/providers/Microsoft.Network/loadBalancers/lb1/backendAddressPools/lb1bepool",
      "name": "lb1bepool", "properties": {"provisioningState": "Succeeded"}, "etag":
      "W/\\"11e03657-4e66-47ad-be61-5d866f0324d3\\""}], "probes": [{"id": "/subscriptions/00000000-0000-0000-0000-000000000000/resourceGroups/cli_test_lb_probes000001/providers/Microsoft.Network/loadBalancers/lb1/probes/probe1",
      "name": "probe1", "etag": "W/\\"11e03657-4e66-47ad-be61-5d866f0324d3\\"", "properties":
      {"protocol": "Http", "requestPath": "/test1", "numberOfProbes": 5, "port": 1,
      "provisioningState": "Succeeded", "intervalInSeconds": 20}}, {"id": "/subscriptions/00000000-0000-0000-0000-000000000000/resourceGroups/cli_test_lb_probes000001/providers/Microsoft.Network/loadBalancers/lb1/probes/probe2",
      "name": "probe2", "etag": "W/\\"11e03657-4e66-47ad-be61-5d866f0324d3\\"", "properties":
      {"protocol": "Http", "requestPath": "/test2", "numberOfProbes": 2, "port": 2,
      "provisioningState": "Succeeded", "intervalInSeconds": 15}}, {"id": "/subscriptions/00000000-0000-0000-0000-000000000000/resourceGroups/cli_test_lb_probes000001/providers/Microsoft.Network/loadBalancers/lb1/probes/probe3",
      "name": "probe3", "etag": "W/\\"11e03657-4e66-47ad-be61-5d866f0324d3\\"", "properties":
      {"protocol": "Http", "requestPath": "/test3", "numberOfProbes": 2, "port": 3,
      "provisioningState": "Succeeded", "intervalInSeconds": 15}}], "frontendIPConfigurations":
      [{"id": "/subscriptions/00000000-0000-0000-0000-000000000000/resourceGroups/cli_test_lb_probes000001/providers/Microsoft.Network/loadBalancers/lb1/frontendIPConfigurations/LoadBalancerFrontEnd",
      "name": "LoadBalancerFrontEnd", "etag": "W/\\"11e03657-4e66-47ad-be61-5d866f0324d3\\"",
      "properties": {"publicIPAddress": {"id": "/subscriptions/00000000-0000-0000-0000-000000000000/resourceGroups/cli_test_lb_probes000001/providers/Microsoft.Network/publicIPAddresses/PublicIPlb1"},
      "provisioningState": "Succeeded", "privateIPAllocationMethod": "Dynamic"}}],
      "inboundNatRules": [], "provisioningState": "Succeeded", "inboundNatPools":
      [], "loadBalancingRules": []}, "tags": {}}'''
    headers:
      Accept: [application/json]
      Accept-Encoding: ['gzip, deflate']
      CommandName: [network lb probe update]
      Connection: [keep-alive]
      Content-Length: ['2903']
      Content-Type: [application/json; charset=utf-8]
      User-Agent: [python/3.5.3 (Windows-10-10.0.15063-SP0) requests/2.9.1 msrest/0.4.14
          msrest_azure/0.4.14 networkmanagementclient/1.5.0rc1 Azure-SDK-For-Python
          AZURECLI/2.0.16+dev]
      accept-language: [en-US]
    method: PUT
    uri: https://management.azure.com/subscriptions/00000000-0000-0000-0000-000000000000/resourceGroups/cli_test_lb_probes000001/providers/Microsoft.Network/loadBalancers/lb1?api-version=2017-09-01
  response:
    body: {string: "{\r\n  \"name\": \"lb1\",\r\n  \"id\": \"/subscriptions/00000000-0000-0000-0000-000000000000/resourceGroups/cli_test_lb_probes000001/providers/Microsoft.Network/loadBalancers/lb1\"\
        ,\r\n  \"etag\": \"W/\\\"d563b801-97e7-4e29-9718-c0ad89a8ccaa\\\"\",\r\n \
        \ \"type\": \"Microsoft.Network/loadBalancers\",\r\n  \"location\": \"westus\"\
        ,\r\n  \"tags\": {},\r\n  \"properties\": {\r\n    \"provisioningState\":\
        \ \"Succeeded\",\r\n    \"resourceGuid\": \"753fef39-74bd-45f8-a70b-46a4f8af51b2\"\
        ,\r\n    \"frontendIPConfigurations\": [\r\n      {\r\n        \"name\": \"\
        LoadBalancerFrontEnd\",\r\n        \"id\": \"/subscriptions/00000000-0000-0000-0000-000000000000/resourceGroups/cli_test_lb_probes000001/providers/Microsoft.Network/loadBalancers/lb1/frontendIPConfigurations/LoadBalancerFrontEnd\"\
        ,\r\n        \"etag\": \"W/\\\"d563b801-97e7-4e29-9718-c0ad89a8ccaa\\\"\"\
        ,\r\n        \"properties\": {\r\n          \"provisioningState\": \"Succeeded\"\
        ,\r\n          \"privateIPAllocationMethod\": \"Dynamic\",\r\n          \"\
        publicIPAddress\": {\r\n            \"id\": \"/subscriptions/00000000-0000-0000-0000-000000000000/resourceGroups/cli_test_lb_probes000001/providers/Microsoft.Network/publicIPAddresses/PublicIPlb1\"\
        \r\n          }\r\n        }\r\n      }\r\n    ],\r\n    \"backendAddressPools\"\
        : [\r\n      {\r\n        \"name\": \"lb1bepool\",\r\n        \"id\": \"/subscriptions/00000000-0000-0000-0000-000000000000/resourceGroups/cli_test_lb_probes000001/providers/Microsoft.Network/loadBalancers/lb1/backendAddressPools/lb1bepool\"\
        ,\r\n        \"etag\": \"W/\\\"d563b801-97e7-4e29-9718-c0ad89a8ccaa\\\"\"\
        ,\r\n        \"properties\": {\r\n          \"provisioningState\": \"Succeeded\"\
        \r\n        }\r\n      }\r\n    ],\r\n    \"loadBalancingRules\": [],\r\n\
        \    \"probes\": [\r\n      {\r\n        \"name\": \"probe1\",\r\n       \
        \ \"id\": \"/subscriptions/00000000-0000-0000-0000-000000000000/resourceGroups/cli_test_lb_probes000001/providers/Microsoft.Network/loadBalancers/lb1/probes/probe1\"\
        ,\r\n        \"etag\": \"W/\\\"d563b801-97e7-4e29-9718-c0ad89a8ccaa\\\"\"\
        ,\r\n        \"properties\": {\r\n          \"provisioningState\": \"Succeeded\"\
        ,\r\n          \"protocol\": \"Http\",\r\n          \"port\": 1,\r\n     \
        \     \"requestPath\": \"/test1\",\r\n          \"intervalInSeconds\": 20,\r\
        \n          \"numberOfProbes\": 5\r\n        }\r\n      },\r\n      {\r\n\
        \        \"name\": \"probe2\",\r\n        \"id\": \"/subscriptions/00000000-0000-0000-0000-000000000000/resourceGroups/cli_test_lb_probes000001/providers/Microsoft.Network/loadBalancers/lb1/probes/probe2\"\
        ,\r\n        \"etag\": \"W/\\\"d563b801-97e7-4e29-9718-c0ad89a8ccaa\\\"\"\
        ,\r\n        \"properties\": {\r\n          \"provisioningState\": \"Succeeded\"\
        ,\r\n          \"protocol\": \"Http\",\r\n          \"port\": 2,\r\n     \
        \     \"requestPath\": \"/test2\",\r\n          \"intervalInSeconds\": 15,\r\
        \n          \"numberOfProbes\": 2\r\n        }\r\n      },\r\n      {\r\n\
        \        \"name\": \"probe3\",\r\n        \"id\": \"/subscriptions/00000000-0000-0000-0000-000000000000/resourceGroups/cli_test_lb_probes000001/providers/Microsoft.Network/loadBalancers/lb1/probes/probe3\"\
        ,\r\n        \"etag\": \"W/\\\"d563b801-97e7-4e29-9718-c0ad89a8ccaa\\\"\"\
        ,\r\n        \"properties\": {\r\n          \"provisioningState\": \"Succeeded\"\
        ,\r\n          \"protocol\": \"Http\",\r\n          \"port\": 3,\r\n     \
        \     \"requestPath\": \"/test3\",\r\n          \"intervalInSeconds\": 15,\r\
        \n          \"numberOfProbes\": 2\r\n        }\r\n      }\r\n    ],\r\n  \
        \  \"inboundNatRules\": [],\r\n    \"outboundNatRules\": [],\r\n    \"inboundNatPools\"\
        : []\r\n  },\r\n  \"sku\": {\r\n    \"name\": \"Basic\"\r\n  }\r\n}"}
    headers:
      azure-asyncoperation: ['https://management.azure.com/subscriptions/00000000-0000-0000-0000-000000000000/providers/Microsoft.Network/locations/westus/operations/6d759dcc-65a0-4ca3-9e1c-561a89a66078?api-version=2017-09-01']
      cache-control: [no-cache]
      content-length: ['3652']
      content-type: [application/json; charset=utf-8]
      date: ['Tue, 19 Sep 2017 00:27:01 GMT']
      expires: ['-1']
      pragma: [no-cache]
      server: [Microsoft-HTTPAPI/2.0, Microsoft-HTTPAPI/2.0]
      strict-transport-security: [max-age=31536000; includeSubDomains]
      transfer-encoding: [chunked]
      vary: [Accept-Encoding]
      x-ms-ratelimit-remaining-subscription-writes: ['1189']
    status: {code: 200, message: OK}
- request:
    body: null
    headers:
      Accept: [application/json]
      Accept-Encoding: ['gzip, deflate']
      CommandName: [network lb probe update]
      Connection: [keep-alive]
      Content-Type: [application/json; charset=utf-8]
      User-Agent: [python/3.5.3 (Windows-10-10.0.15063-SP0) requests/2.9.1 msrest/0.4.14
          msrest_azure/0.4.14 networkmanagementclient/1.5.0rc1 Azure-SDK-For-Python
          AZURECLI/2.0.16+dev]
      accept-language: [en-US]
    method: GET
    uri: https://management.azure.com/subscriptions/00000000-0000-0000-0000-000000000000/providers/Microsoft.Network/locations/westus/operations/6d759dcc-65a0-4ca3-9e1c-561a89a66078?api-version=2017-09-01
  response:
    body: {string: "{\r\n  \"status\": \"Succeeded\"\r\n}"}
    headers:
      cache-control: [no-cache]
      content-length: ['29']
      content-type: [application/json; charset=utf-8]
      date: ['Tue, 19 Sep 2017 00:27:30 GMT']
      expires: ['-1']
      pragma: [no-cache]
      server: [Microsoft-HTTPAPI/2.0, Microsoft-HTTPAPI/2.0]
      strict-transport-security: [max-age=31536000; includeSubDomains]
      transfer-encoding: [chunked]
      vary: [Accept-Encoding]
    status: {code: 200, message: OK}
- request:
    body: null
    headers:
      Accept: [application/json]
      Accept-Encoding: ['gzip, deflate']
      CommandName: [network lb probe update]
      Connection: [keep-alive]
      Content-Type: [application/json; charset=utf-8]
      User-Agent: [python/3.5.3 (Windows-10-10.0.15063-SP0) requests/2.9.1 msrest/0.4.14
          msrest_azure/0.4.14 networkmanagementclient/1.5.0rc1 Azure-SDK-For-Python
          AZURECLI/2.0.16+dev]
      accept-language: [en-US]
    method: GET
    uri: https://management.azure.com/subscriptions/00000000-0000-0000-0000-000000000000/resourceGroups/cli_test_lb_probes000001/providers/Microsoft.Network/loadBalancers/lb1?api-version=2017-09-01
  response:
    body: {string: "{\r\n  \"name\": \"lb1\",\r\n  \"id\": \"/subscriptions/00000000-0000-0000-0000-000000000000/resourceGroups/cli_test_lb_probes000001/providers/Microsoft.Network/loadBalancers/lb1\"\
        ,\r\n  \"etag\": \"W/\\\"d563b801-97e7-4e29-9718-c0ad89a8ccaa\\\"\",\r\n \
        \ \"type\": \"Microsoft.Network/loadBalancers\",\r\n  \"location\": \"westus\"\
        ,\r\n  \"tags\": {},\r\n  \"properties\": {\r\n    \"provisioningState\":\
        \ \"Succeeded\",\r\n    \"resourceGuid\": \"753fef39-74bd-45f8-a70b-46a4f8af51b2\"\
        ,\r\n    \"frontendIPConfigurations\": [\r\n      {\r\n        \"name\": \"\
        LoadBalancerFrontEnd\",\r\n        \"id\": \"/subscriptions/00000000-0000-0000-0000-000000000000/resourceGroups/cli_test_lb_probes000001/providers/Microsoft.Network/loadBalancers/lb1/frontendIPConfigurations/LoadBalancerFrontEnd\"\
        ,\r\n        \"etag\": \"W/\\\"d563b801-97e7-4e29-9718-c0ad89a8ccaa\\\"\"\
        ,\r\n        \"properties\": {\r\n          \"provisioningState\": \"Succeeded\"\
        ,\r\n          \"privateIPAllocationMethod\": \"Dynamic\",\r\n          \"\
        publicIPAddress\": {\r\n            \"id\": \"/subscriptions/00000000-0000-0000-0000-000000000000/resourceGroups/cli_test_lb_probes000001/providers/Microsoft.Network/publicIPAddresses/PublicIPlb1\"\
        \r\n          }\r\n        }\r\n      }\r\n    ],\r\n    \"backendAddressPools\"\
        : [\r\n      {\r\n        \"name\": \"lb1bepool\",\r\n        \"id\": \"/subscriptions/00000000-0000-0000-0000-000000000000/resourceGroups/cli_test_lb_probes000001/providers/Microsoft.Network/loadBalancers/lb1/backendAddressPools/lb1bepool\"\
        ,\r\n        \"etag\": \"W/\\\"d563b801-97e7-4e29-9718-c0ad89a8ccaa\\\"\"\
        ,\r\n        \"properties\": {\r\n          \"provisioningState\": \"Succeeded\"\
        \r\n        }\r\n      }\r\n    ],\r\n    \"loadBalancingRules\": [],\r\n\
        \    \"probes\": [\r\n      {\r\n        \"name\": \"probe1\",\r\n       \
        \ \"id\": \"/subscriptions/00000000-0000-0000-0000-000000000000/resourceGroups/cli_test_lb_probes000001/providers/Microsoft.Network/loadBalancers/lb1/probes/probe1\"\
        ,\r\n        \"etag\": \"W/\\\"d563b801-97e7-4e29-9718-c0ad89a8ccaa\\\"\"\
        ,\r\n        \"properties\": {\r\n          \"provisioningState\": \"Succeeded\"\
        ,\r\n          \"protocol\": \"Http\",\r\n          \"port\": 1,\r\n     \
        \     \"requestPath\": \"/test1\",\r\n          \"intervalInSeconds\": 20,\r\
        \n          \"numberOfProbes\": 5\r\n        }\r\n      },\r\n      {\r\n\
        \        \"name\": \"probe2\",\r\n        \"id\": \"/subscriptions/00000000-0000-0000-0000-000000000000/resourceGroups/cli_test_lb_probes000001/providers/Microsoft.Network/loadBalancers/lb1/probes/probe2\"\
        ,\r\n        \"etag\": \"W/\\\"d563b801-97e7-4e29-9718-c0ad89a8ccaa\\\"\"\
        ,\r\n        \"properties\": {\r\n          \"provisioningState\": \"Succeeded\"\
        ,\r\n          \"protocol\": \"Http\",\r\n          \"port\": 2,\r\n     \
        \     \"requestPath\": \"/test2\",\r\n          \"intervalInSeconds\": 15,\r\
        \n          \"numberOfProbes\": 2\r\n        }\r\n      },\r\n      {\r\n\
        \        \"name\": \"probe3\",\r\n        \"id\": \"/subscriptions/00000000-0000-0000-0000-000000000000/resourceGroups/cli_test_lb_probes000001/providers/Microsoft.Network/loadBalancers/lb1/probes/probe3\"\
        ,\r\n        \"etag\": \"W/\\\"d563b801-97e7-4e29-9718-c0ad89a8ccaa\\\"\"\
        ,\r\n        \"properties\": {\r\n          \"provisioningState\": \"Succeeded\"\
        ,\r\n          \"protocol\": \"Http\",\r\n          \"port\": 3,\r\n     \
        \     \"requestPath\": \"/test3\",\r\n          \"intervalInSeconds\": 15,\r\
        \n          \"numberOfProbes\": 2\r\n        }\r\n      }\r\n    ],\r\n  \
        \  \"inboundNatRules\": [],\r\n    \"outboundNatRules\": [],\r\n    \"inboundNatPools\"\
        : []\r\n  },\r\n  \"sku\": {\r\n    \"name\": \"Basic\"\r\n  }\r\n}"}
    headers:
      cache-control: [no-cache]
      content-length: ['3652']
      content-type: [application/json; charset=utf-8]
      date: ['Tue, 19 Sep 2017 00:27:31 GMT']
      etag: [W/"d563b801-97e7-4e29-9718-c0ad89a8ccaa"]
      expires: ['-1']
      pragma: [no-cache]
      server: [Microsoft-HTTPAPI/2.0, Microsoft-HTTPAPI/2.0]
      strict-transport-security: [max-age=31536000; includeSubDomains]
      transfer-encoding: [chunked]
      vary: [Accept-Encoding]
    status: {code: 200, message: OK}
- request:
    body: null
    headers:
      Accept: [application/json]
      Accept-Encoding: ['gzip, deflate']
      CommandName: [network lb probe update]
      Connection: [keep-alive]
      Content-Type: [application/json; charset=utf-8]
      User-Agent: [python/3.5.3 (Windows-10-10.0.15063-SP0) requests/2.9.1 msrest/0.4.14
          msrest_azure/0.4.14 networkmanagementclient/1.5.0rc1 Azure-SDK-For-Python
          AZURECLI/2.0.16+dev]
      accept-language: [en-US]
    method: GET
    uri: https://management.azure.com/subscriptions/00000000-0000-0000-0000-000000000000/resourceGroups/cli_test_lb_probes000001/providers/Microsoft.Network/loadBalancers/lb1?api-version=2017-09-01
  response:
    body: {string: "{\r\n  \"name\": \"lb1\",\r\n  \"id\": \"/subscriptions/00000000-0000-0000-0000-000000000000/resourceGroups/cli_test_lb_probes000001/providers/Microsoft.Network/loadBalancers/lb1\"\
        ,\r\n  \"etag\": \"W/\\\"d563b801-97e7-4e29-9718-c0ad89a8ccaa\\\"\",\r\n \
        \ \"type\": \"Microsoft.Network/loadBalancers\",\r\n  \"location\": \"westus\"\
        ,\r\n  \"tags\": {},\r\n  \"properties\": {\r\n    \"provisioningState\":\
        \ \"Succeeded\",\r\n    \"resourceGuid\": \"753fef39-74bd-45f8-a70b-46a4f8af51b2\"\
        ,\r\n    \"frontendIPConfigurations\": [\r\n      {\r\n        \"name\": \"\
        LoadBalancerFrontEnd\",\r\n        \"id\": \"/subscriptions/00000000-0000-0000-0000-000000000000/resourceGroups/cli_test_lb_probes000001/providers/Microsoft.Network/loadBalancers/lb1/frontendIPConfigurations/LoadBalancerFrontEnd\"\
        ,\r\n        \"etag\": \"W/\\\"d563b801-97e7-4e29-9718-c0ad89a8ccaa\\\"\"\
        ,\r\n        \"properties\": {\r\n          \"provisioningState\": \"Succeeded\"\
        ,\r\n          \"privateIPAllocationMethod\": \"Dynamic\",\r\n          \"\
        publicIPAddress\": {\r\n            \"id\": \"/subscriptions/00000000-0000-0000-0000-000000000000/resourceGroups/cli_test_lb_probes000001/providers/Microsoft.Network/publicIPAddresses/PublicIPlb1\"\
        \r\n          }\r\n        }\r\n      }\r\n    ],\r\n    \"backendAddressPools\"\
        : [\r\n      {\r\n        \"name\": \"lb1bepool\",\r\n        \"id\": \"/subscriptions/00000000-0000-0000-0000-000000000000/resourceGroups/cli_test_lb_probes000001/providers/Microsoft.Network/loadBalancers/lb1/backendAddressPools/lb1bepool\"\
        ,\r\n        \"etag\": \"W/\\\"d563b801-97e7-4e29-9718-c0ad89a8ccaa\\\"\"\
        ,\r\n        \"properties\": {\r\n          \"provisioningState\": \"Succeeded\"\
        \r\n        }\r\n      }\r\n    ],\r\n    \"loadBalancingRules\": [],\r\n\
        \    \"probes\": [\r\n      {\r\n        \"name\": \"probe1\",\r\n       \
        \ \"id\": \"/subscriptions/00000000-0000-0000-0000-000000000000/resourceGroups/cli_test_lb_probes000001/providers/Microsoft.Network/loadBalancers/lb1/probes/probe1\"\
        ,\r\n        \"etag\": \"W/\\\"d563b801-97e7-4e29-9718-c0ad89a8ccaa\\\"\"\
        ,\r\n        \"properties\": {\r\n          \"provisioningState\": \"Succeeded\"\
        ,\r\n          \"protocol\": \"Http\",\r\n          \"port\": 1,\r\n     \
        \     \"requestPath\": \"/test1\",\r\n          \"intervalInSeconds\": 20,\r\
        \n          \"numberOfProbes\": 5\r\n        }\r\n      },\r\n      {\r\n\
        \        \"name\": \"probe2\",\r\n        \"id\": \"/subscriptions/00000000-0000-0000-0000-000000000000/resourceGroups/cli_test_lb_probes000001/providers/Microsoft.Network/loadBalancers/lb1/probes/probe2\"\
        ,\r\n        \"etag\": \"W/\\\"d563b801-97e7-4e29-9718-c0ad89a8ccaa\\\"\"\
        ,\r\n        \"properties\": {\r\n          \"provisioningState\": \"Succeeded\"\
        ,\r\n          \"protocol\": \"Http\",\r\n          \"port\": 2,\r\n     \
        \     \"requestPath\": \"/test2\",\r\n          \"intervalInSeconds\": 15,\r\
        \n          \"numberOfProbes\": 2\r\n        }\r\n      },\r\n      {\r\n\
        \        \"name\": \"probe3\",\r\n        \"id\": \"/subscriptions/00000000-0000-0000-0000-000000000000/resourceGroups/cli_test_lb_probes000001/providers/Microsoft.Network/loadBalancers/lb1/probes/probe3\"\
        ,\r\n        \"etag\": \"W/\\\"d563b801-97e7-4e29-9718-c0ad89a8ccaa\\\"\"\
        ,\r\n        \"properties\": {\r\n          \"provisioningState\": \"Succeeded\"\
        ,\r\n          \"protocol\": \"Http\",\r\n          \"port\": 3,\r\n     \
        \     \"requestPath\": \"/test3\",\r\n          \"intervalInSeconds\": 15,\r\
        \n          \"numberOfProbes\": 2\r\n        }\r\n      }\r\n    ],\r\n  \
        \  \"inboundNatRules\": [],\r\n    \"outboundNatRules\": [],\r\n    \"inboundNatPools\"\
        : []\r\n  },\r\n  \"sku\": {\r\n    \"name\": \"Basic\"\r\n  }\r\n}"}
    headers:
      cache-control: [no-cache]
      content-length: ['3652']
      content-type: [application/json; charset=utf-8]
      date: ['Tue, 19 Sep 2017 00:27:31 GMT']
      etag: [W/"d563b801-97e7-4e29-9718-c0ad89a8ccaa"]
      expires: ['-1']
      pragma: [no-cache]
      server: [Microsoft-HTTPAPI/2.0, Microsoft-HTTPAPI/2.0]
      strict-transport-security: [max-age=31536000; includeSubDomains]
      transfer-encoding: [chunked]
      vary: [Accept-Encoding]
    status: {code: 200, message: OK}
- request:
    body: 'b''{"id": "/subscriptions/00000000-0000-0000-0000-000000000000/resourceGroups/cli_test_lb_probes000001/providers/Microsoft.Network/loadBalancers/lb1",
      "sku": {"name": "Basic"}, "etag": "W/\\"d563b801-97e7-4e29-9718-c0ad89a8ccaa\\"",
      "location": "westus", "properties": {"resourceGuid": "753fef39-74bd-45f8-a70b-46a4f8af51b2",
      "outboundNatRules": [], "backendAddressPools": [{"id": "/subscriptions/00000000-0000-0000-0000-000000000000/resourceGroups/cli_test_lb_probes000001/providers/Microsoft.Network/loadBalancers/lb1/backendAddressPools/lb1bepool",
      "name": "lb1bepool", "properties": {"provisioningState": "Succeeded"}, "etag":
      "W/\\"d563b801-97e7-4e29-9718-c0ad89a8ccaa\\""}], "probes": [{"id": "/subscriptions/00000000-0000-0000-0000-000000000000/resourceGroups/cli_test_lb_probes000001/providers/Microsoft.Network/loadBalancers/lb1/probes/probe1",
      "name": "probe1", "etag": "W/\\"d563b801-97e7-4e29-9718-c0ad89a8ccaa\\"", "properties":
      {"protocol": "Http", "requestPath": "/test1", "numberOfProbes": 5, "port": 1,
      "provisioningState": "Succeeded", "intervalInSeconds": 20}}, {"id": "/subscriptions/00000000-0000-0000-0000-000000000000/resourceGroups/cli_test_lb_probes000001/providers/Microsoft.Network/loadBalancers/lb1/probes/probe2",
      "name": "probe2", "etag": "W/\\"d563b801-97e7-4e29-9718-c0ad89a8ccaa\\"", "properties":
      {"protocol": "Tcp", "port": 2, "provisioningState": "Succeeded", "numberOfProbes":
      2, "intervalInSeconds": 15}}, {"id": "/subscriptions/00000000-0000-0000-0000-000000000000/resourceGroups/cli_test_lb_probes000001/providers/Microsoft.Network/loadBalancers/lb1/probes/probe3",
      "name": "probe3", "etag": "W/\\"d563b801-97e7-4e29-9718-c0ad89a8ccaa\\"", "properties":
      {"protocol": "Http", "requestPath": "/test3", "numberOfProbes": 2, "port": 3,
      "provisioningState": "Succeeded", "intervalInSeconds": 15}}], "frontendIPConfigurations":
      [{"id": "/subscriptions/00000000-0000-0000-0000-000000000000/resourceGroups/cli_test_lb_probes000001/providers/Microsoft.Network/loadBalancers/lb1/frontendIPConfigurations/LoadBalancerFrontEnd",
      "name": "LoadBalancerFrontEnd", "etag": "W/\\"d563b801-97e7-4e29-9718-c0ad89a8ccaa\\"",
      "properties": {"publicIPAddress": {"id": "/subscriptions/00000000-0000-0000-0000-000000000000/resourceGroups/cli_test_lb_probes000001/providers/Microsoft.Network/publicIPAddresses/PublicIPlb1"},
      "provisioningState": "Succeeded", "privateIPAllocationMethod": "Dynamic"}}],
      "inboundNatRules": [], "provisioningState": "Succeeded", "inboundNatPools":
      [], "loadBalancingRules": []}, "tags": {}}'''
    headers:
      Accept: [application/json]
      Accept-Encoding: ['gzip, deflate']
      CommandName: [network lb probe update]
      Connection: [keep-alive]
      Content-Length: ['2877']
      Content-Type: [application/json; charset=utf-8]
      User-Agent: [python/3.5.3 (Windows-10-10.0.15063-SP0) requests/2.9.1 msrest/0.4.14
          msrest_azure/0.4.14 networkmanagementclient/1.5.0rc1 Azure-SDK-For-Python
          AZURECLI/2.0.16+dev]
      accept-language: [en-US]
    method: PUT
    uri: https://management.azure.com/subscriptions/00000000-0000-0000-0000-000000000000/resourceGroups/cli_test_lb_probes000001/providers/Microsoft.Network/loadBalancers/lb1?api-version=2017-09-01
  response:
    body: {string: "{\r\n  \"name\": \"lb1\",\r\n  \"id\": \"/subscriptions/00000000-0000-0000-0000-000000000000/resourceGroups/cli_test_lb_probes000001/providers/Microsoft.Network/loadBalancers/lb1\"\
        ,\r\n  \"etag\": \"W/\\\"6d75bdcf-458d-4a78-ac86-53c4710cb53b\\\"\",\r\n \
        \ \"type\": \"Microsoft.Network/loadBalancers\",\r\n  \"location\": \"westus\"\
        ,\r\n  \"tags\": {},\r\n  \"properties\": {\r\n    \"provisioningState\":\
        \ \"Succeeded\",\r\n    \"resourceGuid\": \"753fef39-74bd-45f8-a70b-46a4f8af51b2\"\
        ,\r\n    \"frontendIPConfigurations\": [\r\n      {\r\n        \"name\": \"\
        LoadBalancerFrontEnd\",\r\n        \"id\": \"/subscriptions/00000000-0000-0000-0000-000000000000/resourceGroups/cli_test_lb_probes000001/providers/Microsoft.Network/loadBalancers/lb1/frontendIPConfigurations/LoadBalancerFrontEnd\"\
        ,\r\n        \"etag\": \"W/\\\"6d75bdcf-458d-4a78-ac86-53c4710cb53b\\\"\"\
        ,\r\n        \"properties\": {\r\n          \"provisioningState\": \"Succeeded\"\
        ,\r\n          \"privateIPAllocationMethod\": \"Dynamic\",\r\n          \"\
        publicIPAddress\": {\r\n            \"id\": \"/subscriptions/00000000-0000-0000-0000-000000000000/resourceGroups/cli_test_lb_probes000001/providers/Microsoft.Network/publicIPAddresses/PublicIPlb1\"\
        \r\n          }\r\n        }\r\n      }\r\n    ],\r\n    \"backendAddressPools\"\
        : [\r\n      {\r\n        \"name\": \"lb1bepool\",\r\n        \"id\": \"/subscriptions/00000000-0000-0000-0000-000000000000/resourceGroups/cli_test_lb_probes000001/providers/Microsoft.Network/loadBalancers/lb1/backendAddressPools/lb1bepool\"\
        ,\r\n        \"etag\": \"W/\\\"6d75bdcf-458d-4a78-ac86-53c4710cb53b\\\"\"\
        ,\r\n        \"properties\": {\r\n          \"provisioningState\": \"Succeeded\"\
        \r\n        }\r\n      }\r\n    ],\r\n    \"loadBalancingRules\": [],\r\n\
        \    \"probes\": [\r\n      {\r\n        \"name\": \"probe1\",\r\n       \
        \ \"id\": \"/subscriptions/00000000-0000-0000-0000-000000000000/resourceGroups/cli_test_lb_probes000001/providers/Microsoft.Network/loadBalancers/lb1/probes/probe1\"\
        ,\r\n        \"etag\": \"W/\\\"6d75bdcf-458d-4a78-ac86-53c4710cb53b\\\"\"\
        ,\r\n        \"properties\": {\r\n          \"provisioningState\": \"Succeeded\"\
        ,\r\n          \"protocol\": \"Http\",\r\n          \"port\": 1,\r\n     \
        \     \"requestPath\": \"/test1\",\r\n          \"intervalInSeconds\": 20,\r\
        \n          \"numberOfProbes\": 5\r\n        }\r\n      },\r\n      {\r\n\
        \        \"name\": \"probe2\",\r\n        \"id\": \"/subscriptions/00000000-0000-0000-0000-000000000000/resourceGroups/cli_test_lb_probes000001/providers/Microsoft.Network/loadBalancers/lb1/probes/probe2\"\
        ,\r\n        \"etag\": \"W/\\\"6d75bdcf-458d-4a78-ac86-53c4710cb53b\\\"\"\
        ,\r\n        \"properties\": {\r\n          \"provisioningState\": \"Succeeded\"\
        ,\r\n          \"protocol\": \"Tcp\",\r\n          \"port\": 2,\r\n      \
        \    \"intervalInSeconds\": 15,\r\n          \"numberOfProbes\": 2\r\n   \
        \     }\r\n      },\r\n      {\r\n        \"name\": \"probe3\",\r\n      \
        \  \"id\": \"/subscriptions/00000000-0000-0000-0000-000000000000/resourceGroups/cli_test_lb_probes000001/providers/Microsoft.Network/loadBalancers/lb1/probes/probe3\"\
        ,\r\n        \"etag\": \"W/\\\"6d75bdcf-458d-4a78-ac86-53c4710cb53b\\\"\"\
        ,\r\n        \"properties\": {\r\n          \"provisioningState\": \"Succeeded\"\
        ,\r\n          \"protocol\": \"Http\",\r\n          \"port\": 3,\r\n     \
        \     \"requestPath\": \"/test3\",\r\n          \"intervalInSeconds\": 15,\r\
        \n          \"numberOfProbes\": 2\r\n        }\r\n      }\r\n    ],\r\n  \
        \  \"inboundNatRules\": [],\r\n    \"outboundNatRules\": [],\r\n    \"inboundNatPools\"\
        : []\r\n  },\r\n  \"sku\": {\r\n    \"name\": \"Basic\"\r\n  }\r\n}"}
    headers:
      azure-asyncoperation: ['https://management.azure.com/subscriptions/00000000-0000-0000-0000-000000000000/providers/Microsoft.Network/locations/westus/operations/73e9cf3d-943a-4bba-b5de-15d852d33944?api-version=2017-09-01']
      cache-control: [no-cache]
      content-length: ['3615']
      content-type: [application/json; charset=utf-8]
      date: ['Tue, 19 Sep 2017 00:27:32 GMT']
      expires: ['-1']
      pragma: [no-cache]
      server: [Microsoft-HTTPAPI/2.0, Microsoft-HTTPAPI/2.0]
      strict-transport-security: [max-age=31536000; includeSubDomains]
      transfer-encoding: [chunked]
      vary: [Accept-Encoding]
      x-ms-ratelimit-remaining-subscription-writes: ['1194']
    status: {code: 200, message: OK}
- request:
    body: null
    headers:
      Accept: [application/json]
      Accept-Encoding: ['gzip, deflate']
      CommandName: [network lb probe update]
      Connection: [keep-alive]
      Content-Type: [application/json; charset=utf-8]
      User-Agent: [python/3.5.3 (Windows-10-10.0.15063-SP0) requests/2.9.1 msrest/0.4.14
          msrest_azure/0.4.14 networkmanagementclient/1.5.0rc1 Azure-SDK-For-Python
          AZURECLI/2.0.16+dev]
      accept-language: [en-US]
    method: GET
    uri: https://management.azure.com/subscriptions/00000000-0000-0000-0000-000000000000/providers/Microsoft.Network/locations/westus/operations/73e9cf3d-943a-4bba-b5de-15d852d33944?api-version=2017-09-01
  response:
    body: {string: "{\r\n  \"status\": \"Succeeded\"\r\n}"}
    headers:
      cache-control: [no-cache]
      content-length: ['29']
      content-type: [application/json; charset=utf-8]
      date: ['Tue, 19 Sep 2017 00:28:02 GMT']
      expires: ['-1']
      pragma: [no-cache]
      server: [Microsoft-HTTPAPI/2.0, Microsoft-HTTPAPI/2.0]
      strict-transport-security: [max-age=31536000; includeSubDomains]
      transfer-encoding: [chunked]
      vary: [Accept-Encoding]
    status: {code: 200, message: OK}
- request:
    body: null
    headers:
      Accept: [application/json]
      Accept-Encoding: ['gzip, deflate']
      CommandName: [network lb probe update]
      Connection: [keep-alive]
      Content-Type: [application/json; charset=utf-8]
      User-Agent: [python/3.5.3 (Windows-10-10.0.15063-SP0) requests/2.9.1 msrest/0.4.14
          msrest_azure/0.4.14 networkmanagementclient/1.5.0rc1 Azure-SDK-For-Python
          AZURECLI/2.0.16+dev]
      accept-language: [en-US]
    method: GET
    uri: https://management.azure.com/subscriptions/00000000-0000-0000-0000-000000000000/resourceGroups/cli_test_lb_probes000001/providers/Microsoft.Network/loadBalancers/lb1?api-version=2017-09-01
  response:
    body: {string: "{\r\n  \"name\": \"lb1\",\r\n  \"id\": \"/subscriptions/00000000-0000-0000-0000-000000000000/resourceGroups/cli_test_lb_probes000001/providers/Microsoft.Network/loadBalancers/lb1\"\
        ,\r\n  \"etag\": \"W/\\\"6d75bdcf-458d-4a78-ac86-53c4710cb53b\\\"\",\r\n \
        \ \"type\": \"Microsoft.Network/loadBalancers\",\r\n  \"location\": \"westus\"\
        ,\r\n  \"tags\": {},\r\n  \"properties\": {\r\n    \"provisioningState\":\
        \ \"Succeeded\",\r\n    \"resourceGuid\": \"753fef39-74bd-45f8-a70b-46a4f8af51b2\"\
        ,\r\n    \"frontendIPConfigurations\": [\r\n      {\r\n        \"name\": \"\
        LoadBalancerFrontEnd\",\r\n        \"id\": \"/subscriptions/00000000-0000-0000-0000-000000000000/resourceGroups/cli_test_lb_probes000001/providers/Microsoft.Network/loadBalancers/lb1/frontendIPConfigurations/LoadBalancerFrontEnd\"\
        ,\r\n        \"etag\": \"W/\\\"6d75bdcf-458d-4a78-ac86-53c4710cb53b\\\"\"\
        ,\r\n        \"properties\": {\r\n          \"provisioningState\": \"Succeeded\"\
        ,\r\n          \"privateIPAllocationMethod\": \"Dynamic\",\r\n          \"\
        publicIPAddress\": {\r\n            \"id\": \"/subscriptions/00000000-0000-0000-0000-000000000000/resourceGroups/cli_test_lb_probes000001/providers/Microsoft.Network/publicIPAddresses/PublicIPlb1\"\
        \r\n          }\r\n        }\r\n      }\r\n    ],\r\n    \"backendAddressPools\"\
        : [\r\n      {\r\n        \"name\": \"lb1bepool\",\r\n        \"id\": \"/subscriptions/00000000-0000-0000-0000-000000000000/resourceGroups/cli_test_lb_probes000001/providers/Microsoft.Network/loadBalancers/lb1/backendAddressPools/lb1bepool\"\
        ,\r\n        \"etag\": \"W/\\\"6d75bdcf-458d-4a78-ac86-53c4710cb53b\\\"\"\
        ,\r\n        \"properties\": {\r\n          \"provisioningState\": \"Succeeded\"\
        \r\n        }\r\n      }\r\n    ],\r\n    \"loadBalancingRules\": [],\r\n\
        \    \"probes\": [\r\n      {\r\n        \"name\": \"probe1\",\r\n       \
        \ \"id\": \"/subscriptions/00000000-0000-0000-0000-000000000000/resourceGroups/cli_test_lb_probes000001/providers/Microsoft.Network/loadBalancers/lb1/probes/probe1\"\
        ,\r\n        \"etag\": \"W/\\\"6d75bdcf-458d-4a78-ac86-53c4710cb53b\\\"\"\
        ,\r\n        \"properties\": {\r\n          \"provisioningState\": \"Succeeded\"\
        ,\r\n          \"protocol\": \"Http\",\r\n          \"port\": 1,\r\n     \
        \     \"requestPath\": \"/test1\",\r\n          \"intervalInSeconds\": 20,\r\
        \n          \"numberOfProbes\": 5\r\n        }\r\n      },\r\n      {\r\n\
        \        \"name\": \"probe2\",\r\n        \"id\": \"/subscriptions/00000000-0000-0000-0000-000000000000/resourceGroups/cli_test_lb_probes000001/providers/Microsoft.Network/loadBalancers/lb1/probes/probe2\"\
        ,\r\n        \"etag\": \"W/\\\"6d75bdcf-458d-4a78-ac86-53c4710cb53b\\\"\"\
        ,\r\n        \"properties\": {\r\n          \"provisioningState\": \"Succeeded\"\
        ,\r\n          \"protocol\": \"Tcp\",\r\n          \"port\": 2,\r\n      \
        \    \"intervalInSeconds\": 15,\r\n          \"numberOfProbes\": 2\r\n   \
        \     }\r\n      },\r\n      {\r\n        \"name\": \"probe3\",\r\n      \
        \  \"id\": \"/subscriptions/00000000-0000-0000-0000-000000000000/resourceGroups/cli_test_lb_probes000001/providers/Microsoft.Network/loadBalancers/lb1/probes/probe3\"\
        ,\r\n        \"etag\": \"W/\\\"6d75bdcf-458d-4a78-ac86-53c4710cb53b\\\"\"\
        ,\r\n        \"properties\": {\r\n          \"provisioningState\": \"Succeeded\"\
        ,\r\n          \"protocol\": \"Http\",\r\n          \"port\": 3,\r\n     \
        \     \"requestPath\": \"/test3\",\r\n          \"intervalInSeconds\": 15,\r\
        \n          \"numberOfProbes\": 2\r\n        }\r\n      }\r\n    ],\r\n  \
        \  \"inboundNatRules\": [],\r\n    \"outboundNatRules\": [],\r\n    \"inboundNatPools\"\
        : []\r\n  },\r\n  \"sku\": {\r\n    \"name\": \"Basic\"\r\n  }\r\n}"}
    headers:
      cache-control: [no-cache]
      content-length: ['3615']
      content-type: [application/json; charset=utf-8]
      date: ['Tue, 19 Sep 2017 00:28:02 GMT']
      etag: [W/"6d75bdcf-458d-4a78-ac86-53c4710cb53b"]
      expires: ['-1']
      pragma: [no-cache]
      server: [Microsoft-HTTPAPI/2.0, Microsoft-HTTPAPI/2.0]
      strict-transport-security: [max-age=31536000; includeSubDomains]
      transfer-encoding: [chunked]
      vary: [Accept-Encoding]
    status: {code: 200, message: OK}
- request:
    body: null
    headers:
      Accept: [application/json]
      Accept-Encoding: ['gzip, deflate']
      CommandName: [network lb probe show]
      Connection: [keep-alive]
      Content-Type: [application/json; charset=utf-8]
      User-Agent: [python/3.5.3 (Windows-10-10.0.15063-SP0) requests/2.9.1 msrest/0.4.14
          msrest_azure/0.4.14 networkmanagementclient/1.5.0rc1 Azure-SDK-For-Python
          AZURECLI/2.0.16+dev]
      accept-language: [en-US]
    method: GET
    uri: https://management.azure.com/subscriptions/00000000-0000-0000-0000-000000000000/resourceGroups/cli_test_lb_probes000001/providers/Microsoft.Network/loadBalancers/lb1?api-version=2017-09-01
  response:
    body: {string: "{\r\n  \"name\": \"lb1\",\r\n  \"id\": \"/subscriptions/00000000-0000-0000-0000-000000000000/resourceGroups/cli_test_lb_probes000001/providers/Microsoft.Network/loadBalancers/lb1\"\
        ,\r\n  \"etag\": \"W/\\\"6d75bdcf-458d-4a78-ac86-53c4710cb53b\\\"\",\r\n \
        \ \"type\": \"Microsoft.Network/loadBalancers\",\r\n  \"location\": \"westus\"\
        ,\r\n  \"tags\": {},\r\n  \"properties\": {\r\n    \"provisioningState\":\
        \ \"Succeeded\",\r\n    \"resourceGuid\": \"753fef39-74bd-45f8-a70b-46a4f8af51b2\"\
        ,\r\n    \"frontendIPConfigurations\": [\r\n      {\r\n        \"name\": \"\
        LoadBalancerFrontEnd\",\r\n        \"id\": \"/subscriptions/00000000-0000-0000-0000-000000000000/resourceGroups/cli_test_lb_probes000001/providers/Microsoft.Network/loadBalancers/lb1/frontendIPConfigurations/LoadBalancerFrontEnd\"\
        ,\r\n        \"etag\": \"W/\\\"6d75bdcf-458d-4a78-ac86-53c4710cb53b\\\"\"\
        ,\r\n        \"properties\": {\r\n          \"provisioningState\": \"Succeeded\"\
        ,\r\n          \"privateIPAllocationMethod\": \"Dynamic\",\r\n          \"\
        publicIPAddress\": {\r\n            \"id\": \"/subscriptions/00000000-0000-0000-0000-000000000000/resourceGroups/cli_test_lb_probes000001/providers/Microsoft.Network/publicIPAddresses/PublicIPlb1\"\
        \r\n          }\r\n        }\r\n      }\r\n    ],\r\n    \"backendAddressPools\"\
        : [\r\n      {\r\n        \"name\": \"lb1bepool\",\r\n        \"id\": \"/subscriptions/00000000-0000-0000-0000-000000000000/resourceGroups/cli_test_lb_probes000001/providers/Microsoft.Network/loadBalancers/lb1/backendAddressPools/lb1bepool\"\
        ,\r\n        \"etag\": \"W/\\\"6d75bdcf-458d-4a78-ac86-53c4710cb53b\\\"\"\
        ,\r\n        \"properties\": {\r\n          \"provisioningState\": \"Succeeded\"\
        \r\n        }\r\n      }\r\n    ],\r\n    \"loadBalancingRules\": [],\r\n\
        \    \"probes\": [\r\n      {\r\n        \"name\": \"probe1\",\r\n       \
        \ \"id\": \"/subscriptions/00000000-0000-0000-0000-000000000000/resourceGroups/cli_test_lb_probes000001/providers/Microsoft.Network/loadBalancers/lb1/probes/probe1\"\
        ,\r\n        \"etag\": \"W/\\\"6d75bdcf-458d-4a78-ac86-53c4710cb53b\\\"\"\
        ,\r\n        \"properties\": {\r\n          \"provisioningState\": \"Succeeded\"\
        ,\r\n          \"protocol\": \"Http\",\r\n          \"port\": 1,\r\n     \
        \     \"requestPath\": \"/test1\",\r\n          \"intervalInSeconds\": 20,\r\
        \n          \"numberOfProbes\": 5\r\n        }\r\n      },\r\n      {\r\n\
        \        \"name\": \"probe2\",\r\n        \"id\": \"/subscriptions/00000000-0000-0000-0000-000000000000/resourceGroups/cli_test_lb_probes000001/providers/Microsoft.Network/loadBalancers/lb1/probes/probe2\"\
        ,\r\n        \"etag\": \"W/\\\"6d75bdcf-458d-4a78-ac86-53c4710cb53b\\\"\"\
        ,\r\n        \"properties\": {\r\n          \"provisioningState\": \"Succeeded\"\
        ,\r\n          \"protocol\": \"Tcp\",\r\n          \"port\": 2,\r\n      \
        \    \"intervalInSeconds\": 15,\r\n          \"numberOfProbes\": 2\r\n   \
        \     }\r\n      },\r\n      {\r\n        \"name\": \"probe3\",\r\n      \
        \  \"id\": \"/subscriptions/00000000-0000-0000-0000-000000000000/resourceGroups/cli_test_lb_probes000001/providers/Microsoft.Network/loadBalancers/lb1/probes/probe3\"\
        ,\r\n        \"etag\": \"W/\\\"6d75bdcf-458d-4a78-ac86-53c4710cb53b\\\"\"\
        ,\r\n        \"properties\": {\r\n          \"provisioningState\": \"Succeeded\"\
        ,\r\n          \"protocol\": \"Http\",\r\n          \"port\": 3,\r\n     \
        \     \"requestPath\": \"/test3\",\r\n          \"intervalInSeconds\": 15,\r\
        \n          \"numberOfProbes\": 2\r\n        }\r\n      }\r\n    ],\r\n  \
        \  \"inboundNatRules\": [],\r\n    \"outboundNatRules\": [],\r\n    \"inboundNatPools\"\
        : []\r\n  },\r\n  \"sku\": {\r\n    \"name\": \"Basic\"\r\n  }\r\n}"}
    headers:
      cache-control: [no-cache]
      content-length: ['3615']
      content-type: [application/json; charset=utf-8]
      date: ['Tue, 19 Sep 2017 00:28:03 GMT']
      etag: [W/"6d75bdcf-458d-4a78-ac86-53c4710cb53b"]
      expires: ['-1']
      pragma: [no-cache]
      server: [Microsoft-HTTPAPI/2.0, Microsoft-HTTPAPI/2.0]
      strict-transport-security: [max-age=31536000; includeSubDomains]
      transfer-encoding: [chunked]
      vary: [Accept-Encoding]
    status: {code: 200, message: OK}
- request:
    body: null
    headers:
      Accept: [application/json]
      Accept-Encoding: ['gzip, deflate']
      CommandName: [network lb probe update]
      Connection: [keep-alive]
      Content-Type: [application/json; charset=utf-8]
      User-Agent: [python/3.5.3 (Windows-10-10.0.15063-SP0) requests/2.9.1 msrest/0.4.14
          msrest_azure/0.4.14 networkmanagementclient/1.5.0rc1 Azure-SDK-For-Python
          AZURECLI/2.0.16+dev]
      accept-language: [en-US]
    method: GET
    uri: https://management.azure.com/subscriptions/00000000-0000-0000-0000-000000000000/resourceGroups/cli_test_lb_probes000001/providers/Microsoft.Network/loadBalancers/lb1?api-version=2017-09-01
  response:
    body: {string: "{\r\n  \"name\": \"lb1\",\r\n  \"id\": \"/subscriptions/00000000-0000-0000-0000-000000000000/resourceGroups/cli_test_lb_probes000001/providers/Microsoft.Network/loadBalancers/lb1\"\
        ,\r\n  \"etag\": \"W/\\\"6d75bdcf-458d-4a78-ac86-53c4710cb53b\\\"\",\r\n \
        \ \"type\": \"Microsoft.Network/loadBalancers\",\r\n  \"location\": \"westus\"\
        ,\r\n  \"tags\": {},\r\n  \"properties\": {\r\n    \"provisioningState\":\
        \ \"Succeeded\",\r\n    \"resourceGuid\": \"753fef39-74bd-45f8-a70b-46a4f8af51b2\"\
        ,\r\n    \"frontendIPConfigurations\": [\r\n      {\r\n        \"name\": \"\
        LoadBalancerFrontEnd\",\r\n        \"id\": \"/subscriptions/00000000-0000-0000-0000-000000000000/resourceGroups/cli_test_lb_probes000001/providers/Microsoft.Network/loadBalancers/lb1/frontendIPConfigurations/LoadBalancerFrontEnd\"\
        ,\r\n        \"etag\": \"W/\\\"6d75bdcf-458d-4a78-ac86-53c4710cb53b\\\"\"\
        ,\r\n        \"properties\": {\r\n          \"provisioningState\": \"Succeeded\"\
        ,\r\n          \"privateIPAllocationMethod\": \"Dynamic\",\r\n          \"\
        publicIPAddress\": {\r\n            \"id\": \"/subscriptions/00000000-0000-0000-0000-000000000000/resourceGroups/cli_test_lb_probes000001/providers/Microsoft.Network/publicIPAddresses/PublicIPlb1\"\
        \r\n          }\r\n        }\r\n      }\r\n    ],\r\n    \"backendAddressPools\"\
        : [\r\n      {\r\n        \"name\": \"lb1bepool\",\r\n        \"id\": \"/subscriptions/00000000-0000-0000-0000-000000000000/resourceGroups/cli_test_lb_probes000001/providers/Microsoft.Network/loadBalancers/lb1/backendAddressPools/lb1bepool\"\
        ,\r\n        \"etag\": \"W/\\\"6d75bdcf-458d-4a78-ac86-53c4710cb53b\\\"\"\
        ,\r\n        \"properties\": {\r\n          \"provisioningState\": \"Succeeded\"\
        \r\n        }\r\n      }\r\n    ],\r\n    \"loadBalancingRules\": [],\r\n\
        \    \"probes\": [\r\n      {\r\n        \"name\": \"probe1\",\r\n       \
        \ \"id\": \"/subscriptions/00000000-0000-0000-0000-000000000000/resourceGroups/cli_test_lb_probes000001/providers/Microsoft.Network/loadBalancers/lb1/probes/probe1\"\
        ,\r\n        \"etag\": \"W/\\\"6d75bdcf-458d-4a78-ac86-53c4710cb53b\\\"\"\
        ,\r\n        \"properties\": {\r\n          \"provisioningState\": \"Succeeded\"\
        ,\r\n          \"protocol\": \"Http\",\r\n          \"port\": 1,\r\n     \
        \     \"requestPath\": \"/test1\",\r\n          \"intervalInSeconds\": 20,\r\
        \n          \"numberOfProbes\": 5\r\n        }\r\n      },\r\n      {\r\n\
        \        \"name\": \"probe2\",\r\n        \"id\": \"/subscriptions/00000000-0000-0000-0000-000000000000/resourceGroups/cli_test_lb_probes000001/providers/Microsoft.Network/loadBalancers/lb1/probes/probe2\"\
        ,\r\n        \"etag\": \"W/\\\"6d75bdcf-458d-4a78-ac86-53c4710cb53b\\\"\"\
        ,\r\n        \"properties\": {\r\n          \"provisioningState\": \"Succeeded\"\
        ,\r\n          \"protocol\": \"Tcp\",\r\n          \"port\": 2,\r\n      \
        \    \"intervalInSeconds\": 15,\r\n          \"numberOfProbes\": 2\r\n   \
        \     }\r\n      },\r\n      {\r\n        \"name\": \"probe3\",\r\n      \
        \  \"id\": \"/subscriptions/00000000-0000-0000-0000-000000000000/resourceGroups/cli_test_lb_probes000001/providers/Microsoft.Network/loadBalancers/lb1/probes/probe3\"\
        ,\r\n        \"etag\": \"W/\\\"6d75bdcf-458d-4a78-ac86-53c4710cb53b\\\"\"\
        ,\r\n        \"properties\": {\r\n          \"provisioningState\": \"Succeeded\"\
        ,\r\n          \"protocol\": \"Http\",\r\n          \"port\": 3,\r\n     \
        \     \"requestPath\": \"/test3\",\r\n          \"intervalInSeconds\": 15,\r\
        \n          \"numberOfProbes\": 2\r\n        }\r\n      }\r\n    ],\r\n  \
        \  \"inboundNatRules\": [],\r\n    \"outboundNatRules\": [],\r\n    \"inboundNatPools\"\
        : []\r\n  },\r\n  \"sku\": {\r\n    \"name\": \"Basic\"\r\n  }\r\n}"}
    headers:
      cache-control: [no-cache]
      content-length: ['3615']
      content-type: [application/json; charset=utf-8]
      date: ['Tue, 19 Sep 2017 00:28:03 GMT']
      etag: [W/"6d75bdcf-458d-4a78-ac86-53c4710cb53b"]
      expires: ['-1']
      pragma: [no-cache]
      server: [Microsoft-HTTPAPI/2.0, Microsoft-HTTPAPI/2.0]
      strict-transport-security: [max-age=31536000; includeSubDomains]
      transfer-encoding: [chunked]
      vary: [Accept-Encoding]
    status: {code: 200, message: OK}
- request:
    body: 'b''{"id": "/subscriptions/00000000-0000-0000-0000-000000000000/resourceGroups/cli_test_lb_probes000001/providers/Microsoft.Network/loadBalancers/lb1",
      "sku": {"name": "Basic"}, "etag": "W/\\"6d75bdcf-458d-4a78-ac86-53c4710cb53b\\"",
      "location": "westus", "properties": {"resourceGuid": "753fef39-74bd-45f8-a70b-46a4f8af51b2",
      "outboundNatRules": [], "backendAddressPools": [{"id": "/subscriptions/00000000-0000-0000-0000-000000000000/resourceGroups/cli_test_lb_probes000001/providers/Microsoft.Network/loadBalancers/lb1/backendAddressPools/lb1bepool",
      "name": "lb1bepool", "properties": {"provisioningState": "Succeeded"}, "etag":
      "W/\\"6d75bdcf-458d-4a78-ac86-53c4710cb53b\\""}], "probes": [{"id": "/subscriptions/00000000-0000-0000-0000-000000000000/resourceGroups/cli_test_lb_probes000001/providers/Microsoft.Network/loadBalancers/lb1/probes/probe1",
      "name": "probe1", "etag": "W/\\"6d75bdcf-458d-4a78-ac86-53c4710cb53b\\"", "properties":
      {"protocol": "Http", "requestPath": "/test1", "numberOfProbes": 3, "port": 1,
      "provisioningState": "Succeeded", "intervalInSeconds": 15}}, {"id": "/subscriptions/00000000-0000-0000-0000-000000000000/resourceGroups/cli_test_lb_probes000001/providers/Microsoft.Network/loadBalancers/lb1/probes/probe2",
      "name": "probe2", "etag": "W/\\"6d75bdcf-458d-4a78-ac86-53c4710cb53b\\"", "properties":
      {"protocol": "Tcp", "port": 2, "provisioningState": "Succeeded", "numberOfProbes":
      2, "intervalInSeconds": 15}}, {"id": "/subscriptions/00000000-0000-0000-0000-000000000000/resourceGroups/cli_test_lb_probes000001/providers/Microsoft.Network/loadBalancers/lb1/probes/probe3",
      "name": "probe3", "etag": "W/\\"6d75bdcf-458d-4a78-ac86-53c4710cb53b\\"", "properties":
      {"protocol": "Http", "requestPath": "/test3", "numberOfProbes": 2, "port": 3,
      "provisioningState": "Succeeded", "intervalInSeconds": 15}}], "frontendIPConfigurations":
      [{"id": "/subscriptions/00000000-0000-0000-0000-000000000000/resourceGroups/cli_test_lb_probes000001/providers/Microsoft.Network/loadBalancers/lb1/frontendIPConfigurations/LoadBalancerFrontEnd",
      "name": "LoadBalancerFrontEnd", "etag": "W/\\"6d75bdcf-458d-4a78-ac86-53c4710cb53b\\"",
      "properties": {"publicIPAddress": {"id": "/subscriptions/00000000-0000-0000-0000-000000000000/resourceGroups/cli_test_lb_probes000001/providers/Microsoft.Network/publicIPAddresses/PublicIPlb1"},
      "provisioningState": "Succeeded", "privateIPAllocationMethod": "Dynamic"}}],
      "inboundNatRules": [], "provisioningState": "Succeeded", "inboundNatPools":
      [], "loadBalancingRules": []}, "tags": {}}'''
    headers:
      Accept: [application/json]
      Accept-Encoding: ['gzip, deflate']
      CommandName: [network lb probe update]
      Connection: [keep-alive]
      Content-Length: ['2877']
      Content-Type: [application/json; charset=utf-8]
      User-Agent: [python/3.5.3 (Windows-10-10.0.15063-SP0) requests/2.9.1 msrest/0.4.14
          msrest_azure/0.4.14 networkmanagementclient/1.5.0rc1 Azure-SDK-For-Python
          AZURECLI/2.0.16+dev]
      accept-language: [en-US]
    method: PUT
    uri: https://management.azure.com/subscriptions/00000000-0000-0000-0000-000000000000/resourceGroups/cli_test_lb_probes000001/providers/Microsoft.Network/loadBalancers/lb1?api-version=2017-09-01
  response:
    body: {string: "{\r\n  \"name\": \"lb1\",\r\n  \"id\": \"/subscriptions/00000000-0000-0000-0000-000000000000/resourceGroups/cli_test_lb_probes000001/providers/Microsoft.Network/loadBalancers/lb1\"\
        ,\r\n  \"etag\": \"W/\\\"86cacfa5-0c0c-447e-8ec5-98d340deaa0c\\\"\",\r\n \
        \ \"type\": \"Microsoft.Network/loadBalancers\",\r\n  \"location\": \"westus\"\
        ,\r\n  \"tags\": {},\r\n  \"properties\": {\r\n    \"provisioningState\":\
        \ \"Succeeded\",\r\n    \"resourceGuid\": \"753fef39-74bd-45f8-a70b-46a4f8af51b2\"\
        ,\r\n    \"frontendIPConfigurations\": [\r\n      {\r\n        \"name\": \"\
        LoadBalancerFrontEnd\",\r\n        \"id\": \"/subscriptions/00000000-0000-0000-0000-000000000000/resourceGroups/cli_test_lb_probes000001/providers/Microsoft.Network/loadBalancers/lb1/frontendIPConfigurations/LoadBalancerFrontEnd\"\
        ,\r\n        \"etag\": \"W/\\\"86cacfa5-0c0c-447e-8ec5-98d340deaa0c\\\"\"\
        ,\r\n        \"properties\": {\r\n          \"provisioningState\": \"Succeeded\"\
        ,\r\n          \"privateIPAllocationMethod\": \"Dynamic\",\r\n          \"\
        publicIPAddress\": {\r\n            \"id\": \"/subscriptions/00000000-0000-0000-0000-000000000000/resourceGroups/cli_test_lb_probes000001/providers/Microsoft.Network/publicIPAddresses/PublicIPlb1\"\
        \r\n          }\r\n        }\r\n      }\r\n    ],\r\n    \"backendAddressPools\"\
        : [\r\n      {\r\n        \"name\": \"lb1bepool\",\r\n        \"id\": \"/subscriptions/00000000-0000-0000-0000-000000000000/resourceGroups/cli_test_lb_probes000001/providers/Microsoft.Network/loadBalancers/lb1/backendAddressPools/lb1bepool\"\
        ,\r\n        \"etag\": \"W/\\\"86cacfa5-0c0c-447e-8ec5-98d340deaa0c\\\"\"\
        ,\r\n        \"properties\": {\r\n          \"provisioningState\": \"Succeeded\"\
        \r\n        }\r\n      }\r\n    ],\r\n    \"loadBalancingRules\": [],\r\n\
        \    \"probes\": [\r\n      {\r\n        \"name\": \"probe1\",\r\n       \
        \ \"id\": \"/subscriptions/00000000-0000-0000-0000-000000000000/resourceGroups/cli_test_lb_probes000001/providers/Microsoft.Network/loadBalancers/lb1/probes/probe1\"\
        ,\r\n        \"etag\": \"W/\\\"86cacfa5-0c0c-447e-8ec5-98d340deaa0c\\\"\"\
        ,\r\n        \"properties\": {\r\n          \"provisioningState\": \"Succeeded\"\
        ,\r\n          \"protocol\": \"Http\",\r\n          \"port\": 1,\r\n     \
        \     \"requestPath\": \"/test1\",\r\n          \"intervalInSeconds\": 15,\r\
        \n          \"numberOfProbes\": 3\r\n        }\r\n      },\r\n      {\r\n\
        \        \"name\": \"probe2\",\r\n        \"id\": \"/subscriptions/00000000-0000-0000-0000-000000000000/resourceGroups/cli_test_lb_probes000001/providers/Microsoft.Network/loadBalancers/lb1/probes/probe2\"\
        ,\r\n        \"etag\": \"W/\\\"86cacfa5-0c0c-447e-8ec5-98d340deaa0c\\\"\"\
        ,\r\n        \"properties\": {\r\n          \"provisioningState\": \"Succeeded\"\
        ,\r\n          \"protocol\": \"Tcp\",\r\n          \"port\": 2,\r\n      \
        \    \"intervalInSeconds\": 15,\r\n          \"numberOfProbes\": 2\r\n   \
        \     }\r\n      },\r\n      {\r\n        \"name\": \"probe3\",\r\n      \
        \  \"id\": \"/subscriptions/00000000-0000-0000-0000-000000000000/resourceGroups/cli_test_lb_probes000001/providers/Microsoft.Network/loadBalancers/lb1/probes/probe3\"\
        ,\r\n        \"etag\": \"W/\\\"86cacfa5-0c0c-447e-8ec5-98d340deaa0c\\\"\"\
        ,\r\n        \"properties\": {\r\n          \"provisioningState\": \"Succeeded\"\
        ,\r\n          \"protocol\": \"Http\",\r\n          \"port\": 3,\r\n     \
        \     \"requestPath\": \"/test3\",\r\n          \"intervalInSeconds\": 15,\r\
        \n          \"numberOfProbes\": 2\r\n        }\r\n      }\r\n    ],\r\n  \
        \  \"inboundNatRules\": [],\r\n    \"outboundNatRules\": [],\r\n    \"inboundNatPools\"\
        : []\r\n  },\r\n  \"sku\": {\r\n    \"name\": \"Basic\"\r\n  }\r\n}"}
    headers:
      azure-asyncoperation: ['https://management.azure.com/subscriptions/00000000-0000-0000-0000-000000000000/providers/Microsoft.Network/locations/westus/operations/ab20608e-b9dc-4b2a-8797-8d653fc4df69?api-version=2017-09-01']
      cache-control: [no-cache]
      content-length: ['3615']
      content-type: [application/json; charset=utf-8]
      date: ['Tue, 19 Sep 2017 00:28:03 GMT']
      expires: ['-1']
      pragma: [no-cache]
      server: [Microsoft-HTTPAPI/2.0, Microsoft-HTTPAPI/2.0]
      strict-transport-security: [max-age=31536000; includeSubDomains]
      transfer-encoding: [chunked]
      vary: [Accept-Encoding]
      x-ms-ratelimit-remaining-subscription-writes: ['1195']
    status: {code: 200, message: OK}
- request:
    body: null
    headers:
      Accept: [application/json]
      Accept-Encoding: ['gzip, deflate']
      CommandName: [network lb probe update]
      Connection: [keep-alive]
      Content-Type: [application/json; charset=utf-8]
      User-Agent: [python/3.5.3 (Windows-10-10.0.15063-SP0) requests/2.9.1 msrest/0.4.14
          msrest_azure/0.4.14 networkmanagementclient/1.5.0rc1 Azure-SDK-For-Python
          AZURECLI/2.0.16+dev]
      accept-language: [en-US]
    method: GET
    uri: https://management.azure.com/subscriptions/00000000-0000-0000-0000-000000000000/providers/Microsoft.Network/locations/westus/operations/ab20608e-b9dc-4b2a-8797-8d653fc4df69?api-version=2017-09-01
  response:
    body: {string: "{\r\n  \"status\": \"Succeeded\"\r\n}"}
    headers:
      cache-control: [no-cache]
      content-length: ['29']
      content-type: [application/json; charset=utf-8]
      date: ['Tue, 19 Sep 2017 00:28:34 GMT']
      expires: ['-1']
      pragma: [no-cache]
      server: [Microsoft-HTTPAPI/2.0, Microsoft-HTTPAPI/2.0]
      strict-transport-security: [max-age=31536000; includeSubDomains]
      transfer-encoding: [chunked]
      vary: [Accept-Encoding]
    status: {code: 200, message: OK}
- request:
    body: null
    headers:
      Accept: [application/json]
      Accept-Encoding: ['gzip, deflate']
      CommandName: [network lb probe update]
      Connection: [keep-alive]
      Content-Type: [application/json; charset=utf-8]
      User-Agent: [python/3.5.3 (Windows-10-10.0.15063-SP0) requests/2.9.1 msrest/0.4.14
          msrest_azure/0.4.14 networkmanagementclient/1.5.0rc1 Azure-SDK-For-Python
          AZURECLI/2.0.16+dev]
      accept-language: [en-US]
    method: GET
    uri: https://management.azure.com/subscriptions/00000000-0000-0000-0000-000000000000/resourceGroups/cli_test_lb_probes000001/providers/Microsoft.Network/loadBalancers/lb1?api-version=2017-09-01
  response:
    body: {string: "{\r\n  \"name\": \"lb1\",\r\n  \"id\": \"/subscriptions/00000000-0000-0000-0000-000000000000/resourceGroups/cli_test_lb_probes000001/providers/Microsoft.Network/loadBalancers/lb1\"\
        ,\r\n  \"etag\": \"W/\\\"86cacfa5-0c0c-447e-8ec5-98d340deaa0c\\\"\",\r\n \
        \ \"type\": \"Microsoft.Network/loadBalancers\",\r\n  \"location\": \"westus\"\
        ,\r\n  \"tags\": {},\r\n  \"properties\": {\r\n    \"provisioningState\":\
        \ \"Succeeded\",\r\n    \"resourceGuid\": \"753fef39-74bd-45f8-a70b-46a4f8af51b2\"\
        ,\r\n    \"frontendIPConfigurations\": [\r\n      {\r\n        \"name\": \"\
        LoadBalancerFrontEnd\",\r\n        \"id\": \"/subscriptions/00000000-0000-0000-0000-000000000000/resourceGroups/cli_test_lb_probes000001/providers/Microsoft.Network/loadBalancers/lb1/frontendIPConfigurations/LoadBalancerFrontEnd\"\
        ,\r\n        \"etag\": \"W/\\\"86cacfa5-0c0c-447e-8ec5-98d340deaa0c\\\"\"\
        ,\r\n        \"properties\": {\r\n          \"provisioningState\": \"Succeeded\"\
        ,\r\n          \"privateIPAllocationMethod\": \"Dynamic\",\r\n          \"\
        publicIPAddress\": {\r\n            \"id\": \"/subscriptions/00000000-0000-0000-0000-000000000000/resourceGroups/cli_test_lb_probes000001/providers/Microsoft.Network/publicIPAddresses/PublicIPlb1\"\
        \r\n          }\r\n        }\r\n      }\r\n    ],\r\n    \"backendAddressPools\"\
        : [\r\n      {\r\n        \"name\": \"lb1bepool\",\r\n        \"id\": \"/subscriptions/00000000-0000-0000-0000-000000000000/resourceGroups/cli_test_lb_probes000001/providers/Microsoft.Network/loadBalancers/lb1/backendAddressPools/lb1bepool\"\
        ,\r\n        \"etag\": \"W/\\\"86cacfa5-0c0c-447e-8ec5-98d340deaa0c\\\"\"\
        ,\r\n        \"properties\": {\r\n          \"provisioningState\": \"Succeeded\"\
        \r\n        }\r\n      }\r\n    ],\r\n    \"loadBalancingRules\": [],\r\n\
        \    \"probes\": [\r\n      {\r\n        \"name\": \"probe1\",\r\n       \
        \ \"id\": \"/subscriptions/00000000-0000-0000-0000-000000000000/resourceGroups/cli_test_lb_probes000001/providers/Microsoft.Network/loadBalancers/lb1/probes/probe1\"\
        ,\r\n        \"etag\": \"W/\\\"86cacfa5-0c0c-447e-8ec5-98d340deaa0c\\\"\"\
        ,\r\n        \"properties\": {\r\n          \"provisioningState\": \"Succeeded\"\
        ,\r\n          \"protocol\": \"Http\",\r\n          \"port\": 1,\r\n     \
        \     \"requestPath\": \"/test1\",\r\n          \"intervalInSeconds\": 15,\r\
        \n          \"numberOfProbes\": 3\r\n        }\r\n      },\r\n      {\r\n\
        \        \"name\": \"probe2\",\r\n        \"id\": \"/subscriptions/00000000-0000-0000-0000-000000000000/resourceGroups/cli_test_lb_probes000001/providers/Microsoft.Network/loadBalancers/lb1/probes/probe2\"\
        ,\r\n        \"etag\": \"W/\\\"86cacfa5-0c0c-447e-8ec5-98d340deaa0c\\\"\"\
        ,\r\n        \"properties\": {\r\n          \"provisioningState\": \"Succeeded\"\
        ,\r\n          \"protocol\": \"Tcp\",\r\n          \"port\": 2,\r\n      \
        \    \"intervalInSeconds\": 15,\r\n          \"numberOfProbes\": 2\r\n   \
        \     }\r\n      },\r\n      {\r\n        \"name\": \"probe3\",\r\n      \
        \  \"id\": \"/subscriptions/00000000-0000-0000-0000-000000000000/resourceGroups/cli_test_lb_probes000001/providers/Microsoft.Network/loadBalancers/lb1/probes/probe3\"\
        ,\r\n        \"etag\": \"W/\\\"86cacfa5-0c0c-447e-8ec5-98d340deaa0c\\\"\"\
        ,\r\n        \"properties\": {\r\n          \"provisioningState\": \"Succeeded\"\
        ,\r\n          \"protocol\": \"Http\",\r\n          \"port\": 3,\r\n     \
        \     \"requestPath\": \"/test3\",\r\n          \"intervalInSeconds\": 15,\r\
        \n          \"numberOfProbes\": 2\r\n        }\r\n      }\r\n    ],\r\n  \
        \  \"inboundNatRules\": [],\r\n    \"outboundNatRules\": [],\r\n    \"inboundNatPools\"\
        : []\r\n  },\r\n  \"sku\": {\r\n    \"name\": \"Basic\"\r\n  }\r\n}"}
    headers:
      cache-control: [no-cache]
      content-length: ['3615']
      content-type: [application/json; charset=utf-8]
      date: ['Tue, 19 Sep 2017 00:28:34 GMT']
      etag: [W/"86cacfa5-0c0c-447e-8ec5-98d340deaa0c"]
      expires: ['-1']
      pragma: [no-cache]
      server: [Microsoft-HTTPAPI/2.0, Microsoft-HTTPAPI/2.0]
      strict-transport-security: [max-age=31536000; includeSubDomains]
      transfer-encoding: [chunked]
      vary: [Accept-Encoding]
    status: {code: 200, message: OK}
- request:
    body: null
    headers:
      Accept: [application/json]
      Accept-Encoding: ['gzip, deflate']
      CommandName: [network lb probe show]
      Connection: [keep-alive]
      Content-Type: [application/json; charset=utf-8]
      User-Agent: [python/3.5.3 (Windows-10-10.0.15063-SP0) requests/2.9.1 msrest/0.4.14
          msrest_azure/0.4.14 networkmanagementclient/1.5.0rc1 Azure-SDK-For-Python
          AZURECLI/2.0.16+dev]
      accept-language: [en-US]
    method: GET
    uri: https://management.azure.com/subscriptions/00000000-0000-0000-0000-000000000000/resourceGroups/cli_test_lb_probes000001/providers/Microsoft.Network/loadBalancers/lb1?api-version=2017-09-01
  response:
    body: {string: "{\r\n  \"name\": \"lb1\",\r\n  \"id\": \"/subscriptions/00000000-0000-0000-0000-000000000000/resourceGroups/cli_test_lb_probes000001/providers/Microsoft.Network/loadBalancers/lb1\"\
        ,\r\n  \"etag\": \"W/\\\"86cacfa5-0c0c-447e-8ec5-98d340deaa0c\\\"\",\r\n \
        \ \"type\": \"Microsoft.Network/loadBalancers\",\r\n  \"location\": \"westus\"\
        ,\r\n  \"tags\": {},\r\n  \"properties\": {\r\n    \"provisioningState\":\
        \ \"Succeeded\",\r\n    \"resourceGuid\": \"753fef39-74bd-45f8-a70b-46a4f8af51b2\"\
        ,\r\n    \"frontendIPConfigurations\": [\r\n      {\r\n        \"name\": \"\
        LoadBalancerFrontEnd\",\r\n        \"id\": \"/subscriptions/00000000-0000-0000-0000-000000000000/resourceGroups/cli_test_lb_probes000001/providers/Microsoft.Network/loadBalancers/lb1/frontendIPConfigurations/LoadBalancerFrontEnd\"\
        ,\r\n        \"etag\": \"W/\\\"86cacfa5-0c0c-447e-8ec5-98d340deaa0c\\\"\"\
        ,\r\n        \"properties\": {\r\n          \"provisioningState\": \"Succeeded\"\
        ,\r\n          \"privateIPAllocationMethod\": \"Dynamic\",\r\n          \"\
        publicIPAddress\": {\r\n            \"id\": \"/subscriptions/00000000-0000-0000-0000-000000000000/resourceGroups/cli_test_lb_probes000001/providers/Microsoft.Network/publicIPAddresses/PublicIPlb1\"\
        \r\n          }\r\n        }\r\n      }\r\n    ],\r\n    \"backendAddressPools\"\
        : [\r\n      {\r\n        \"name\": \"lb1bepool\",\r\n        \"id\": \"/subscriptions/00000000-0000-0000-0000-000000000000/resourceGroups/cli_test_lb_probes000001/providers/Microsoft.Network/loadBalancers/lb1/backendAddressPools/lb1bepool\"\
        ,\r\n        \"etag\": \"W/\\\"86cacfa5-0c0c-447e-8ec5-98d340deaa0c\\\"\"\
        ,\r\n        \"properties\": {\r\n          \"provisioningState\": \"Succeeded\"\
        \r\n        }\r\n      }\r\n    ],\r\n    \"loadBalancingRules\": [],\r\n\
        \    \"probes\": [\r\n      {\r\n        \"name\": \"probe1\",\r\n       \
        \ \"id\": \"/subscriptions/00000000-0000-0000-0000-000000000000/resourceGroups/cli_test_lb_probes000001/providers/Microsoft.Network/loadBalancers/lb1/probes/probe1\"\
        ,\r\n        \"etag\": \"W/\\\"86cacfa5-0c0c-447e-8ec5-98d340deaa0c\\\"\"\
        ,\r\n        \"properties\": {\r\n          \"provisioningState\": \"Succeeded\"\
        ,\r\n          \"protocol\": \"Http\",\r\n          \"port\": 1,\r\n     \
        \     \"requestPath\": \"/test1\",\r\n          \"intervalInSeconds\": 15,\r\
        \n          \"numberOfProbes\": 3\r\n        }\r\n      },\r\n      {\r\n\
        \        \"name\": \"probe2\",\r\n        \"id\": \"/subscriptions/00000000-0000-0000-0000-000000000000/resourceGroups/cli_test_lb_probes000001/providers/Microsoft.Network/loadBalancers/lb1/probes/probe2\"\
        ,\r\n        \"etag\": \"W/\\\"86cacfa5-0c0c-447e-8ec5-98d340deaa0c\\\"\"\
        ,\r\n        \"properties\": {\r\n          \"provisioningState\": \"Succeeded\"\
        ,\r\n          \"protocol\": \"Tcp\",\r\n          \"port\": 2,\r\n      \
        \    \"intervalInSeconds\": 15,\r\n          \"numberOfProbes\": 2\r\n   \
        \     }\r\n      },\r\n      {\r\n        \"name\": \"probe3\",\r\n      \
        \  \"id\": \"/subscriptions/00000000-0000-0000-0000-000000000000/resourceGroups/cli_test_lb_probes000001/providers/Microsoft.Network/loadBalancers/lb1/probes/probe3\"\
        ,\r\n        \"etag\": \"W/\\\"86cacfa5-0c0c-447e-8ec5-98d340deaa0c\\\"\"\
        ,\r\n        \"properties\": {\r\n          \"provisioningState\": \"Succeeded\"\
        ,\r\n          \"protocol\": \"Http\",\r\n          \"port\": 3,\r\n     \
        \     \"requestPath\": \"/test3\",\r\n          \"intervalInSeconds\": 15,\r\
        \n          \"numberOfProbes\": 2\r\n        }\r\n      }\r\n    ],\r\n  \
        \  \"inboundNatRules\": [],\r\n    \"outboundNatRules\": [],\r\n    \"inboundNatPools\"\
        : []\r\n  },\r\n  \"sku\": {\r\n    \"name\": \"Basic\"\r\n  }\r\n}"}
    headers:
      cache-control: [no-cache]
      content-length: ['3615']
      content-type: [application/json; charset=utf-8]
      date: ['Tue, 19 Sep 2017 00:28:34 GMT']
      etag: [W/"86cacfa5-0c0c-447e-8ec5-98d340deaa0c"]
      expires: ['-1']
      pragma: [no-cache]
      server: [Microsoft-HTTPAPI/2.0, Microsoft-HTTPAPI/2.0]
      strict-transport-security: [max-age=31536000; includeSubDomains]
      transfer-encoding: [chunked]
      vary: [Accept-Encoding]
    status: {code: 200, message: OK}
- request:
    body: null
    headers:
      Accept: [application/json]
      Accept-Encoding: ['gzip, deflate']
      CommandName: [network lb probe delete]
      Connection: [keep-alive]
      Content-Type: [application/json; charset=utf-8]
      User-Agent: [python/3.5.3 (Windows-10-10.0.15063-SP0) requests/2.9.1 msrest/0.4.14
          msrest_azure/0.4.14 networkmanagementclient/1.5.0rc1 Azure-SDK-For-Python
          AZURECLI/2.0.16+dev]
      accept-language: [en-US]
    method: GET
    uri: https://management.azure.com/subscriptions/00000000-0000-0000-0000-000000000000/resourceGroups/cli_test_lb_probes000001/providers/Microsoft.Network/loadBalancers/lb1?api-version=2017-09-01
  response:
    body: {string: "{\r\n  \"name\": \"lb1\",\r\n  \"id\": \"/subscriptions/00000000-0000-0000-0000-000000000000/resourceGroups/cli_test_lb_probes000001/providers/Microsoft.Network/loadBalancers/lb1\"\
        ,\r\n  \"etag\": \"W/\\\"86cacfa5-0c0c-447e-8ec5-98d340deaa0c\\\"\",\r\n \
        \ \"type\": \"Microsoft.Network/loadBalancers\",\r\n  \"location\": \"westus\"\
        ,\r\n  \"tags\": {},\r\n  \"properties\": {\r\n    \"provisioningState\":\
        \ \"Succeeded\",\r\n    \"resourceGuid\": \"753fef39-74bd-45f8-a70b-46a4f8af51b2\"\
        ,\r\n    \"frontendIPConfigurations\": [\r\n      {\r\n        \"name\": \"\
        LoadBalancerFrontEnd\",\r\n        \"id\": \"/subscriptions/00000000-0000-0000-0000-000000000000/resourceGroups/cli_test_lb_probes000001/providers/Microsoft.Network/loadBalancers/lb1/frontendIPConfigurations/LoadBalancerFrontEnd\"\
        ,\r\n        \"etag\": \"W/\\\"86cacfa5-0c0c-447e-8ec5-98d340deaa0c\\\"\"\
        ,\r\n        \"properties\": {\r\n          \"provisioningState\": \"Succeeded\"\
        ,\r\n          \"privateIPAllocationMethod\": \"Dynamic\",\r\n          \"\
        publicIPAddress\": {\r\n            \"id\": \"/subscriptions/00000000-0000-0000-0000-000000000000/resourceGroups/cli_test_lb_probes000001/providers/Microsoft.Network/publicIPAddresses/PublicIPlb1\"\
        \r\n          }\r\n        }\r\n      }\r\n    ],\r\n    \"backendAddressPools\"\
        : [\r\n      {\r\n        \"name\": \"lb1bepool\",\r\n        \"id\": \"/subscriptions/00000000-0000-0000-0000-000000000000/resourceGroups/cli_test_lb_probes000001/providers/Microsoft.Network/loadBalancers/lb1/backendAddressPools/lb1bepool\"\
        ,\r\n        \"etag\": \"W/\\\"86cacfa5-0c0c-447e-8ec5-98d340deaa0c\\\"\"\
        ,\r\n        \"properties\": {\r\n          \"provisioningState\": \"Succeeded\"\
        \r\n        }\r\n      }\r\n    ],\r\n    \"loadBalancingRules\": [],\r\n\
        \    \"probes\": [\r\n      {\r\n        \"name\": \"probe1\",\r\n       \
        \ \"id\": \"/subscriptions/00000000-0000-0000-0000-000000000000/resourceGroups/cli_test_lb_probes000001/providers/Microsoft.Network/loadBalancers/lb1/probes/probe1\"\
        ,\r\n        \"etag\": \"W/\\\"86cacfa5-0c0c-447e-8ec5-98d340deaa0c\\\"\"\
        ,\r\n        \"properties\": {\r\n          \"provisioningState\": \"Succeeded\"\
        ,\r\n          \"protocol\": \"Http\",\r\n          \"port\": 1,\r\n     \
        \     \"requestPath\": \"/test1\",\r\n          \"intervalInSeconds\": 15,\r\
        \n          \"numberOfProbes\": 3\r\n        }\r\n      },\r\n      {\r\n\
        \        \"name\": \"probe2\",\r\n        \"id\": \"/subscriptions/00000000-0000-0000-0000-000000000000/resourceGroups/cli_test_lb_probes000001/providers/Microsoft.Network/loadBalancers/lb1/probes/probe2\"\
        ,\r\n        \"etag\": \"W/\\\"86cacfa5-0c0c-447e-8ec5-98d340deaa0c\\\"\"\
        ,\r\n        \"properties\": {\r\n          \"provisioningState\": \"Succeeded\"\
        ,\r\n          \"protocol\": \"Tcp\",\r\n          \"port\": 2,\r\n      \
        \    \"intervalInSeconds\": 15,\r\n          \"numberOfProbes\": 2\r\n   \
        \     }\r\n      },\r\n      {\r\n        \"name\": \"probe3\",\r\n      \
        \  \"id\": \"/subscriptions/00000000-0000-0000-0000-000000000000/resourceGroups/cli_test_lb_probes000001/providers/Microsoft.Network/loadBalancers/lb1/probes/probe3\"\
        ,\r\n        \"etag\": \"W/\\\"86cacfa5-0c0c-447e-8ec5-98d340deaa0c\\\"\"\
        ,\r\n        \"properties\": {\r\n          \"provisioningState\": \"Succeeded\"\
        ,\r\n          \"protocol\": \"Http\",\r\n          \"port\": 3,\r\n     \
        \     \"requestPath\": \"/test3\",\r\n          \"intervalInSeconds\": 15,\r\
        \n          \"numberOfProbes\": 2\r\n        }\r\n      }\r\n    ],\r\n  \
        \  \"inboundNatRules\": [],\r\n    \"outboundNatRules\": [],\r\n    \"inboundNatPools\"\
        : []\r\n  },\r\n  \"sku\": {\r\n    \"name\": \"Basic\"\r\n  }\r\n}"}
    headers:
      cache-control: [no-cache]
      content-length: ['3615']
      content-type: [application/json; charset=utf-8]
      date: ['Tue, 19 Sep 2017 00:28:35 GMT']
      etag: [W/"86cacfa5-0c0c-447e-8ec5-98d340deaa0c"]
      expires: ['-1']
      pragma: [no-cache]
      server: [Microsoft-HTTPAPI/2.0, Microsoft-HTTPAPI/2.0]
      strict-transport-security: [max-age=31536000; includeSubDomains]
      transfer-encoding: [chunked]
      vary: [Accept-Encoding]
    status: {code: 200, message: OK}
- request:
    body: 'b''{"id": "/subscriptions/00000000-0000-0000-0000-000000000000/resourceGroups/cli_test_lb_probes000001/providers/Microsoft.Network/loadBalancers/lb1",
      "sku": {"name": "Basic"}, "etag": "W/\\"86cacfa5-0c0c-447e-8ec5-98d340deaa0c\\"",
      "location": "westus", "properties": {"resourceGuid": "753fef39-74bd-45f8-a70b-46a4f8af51b2",
      "outboundNatRules": [], "backendAddressPools": [{"id": "/subscriptions/00000000-0000-0000-0000-000000000000/resourceGroups/cli_test_lb_probes000001/providers/Microsoft.Network/loadBalancers/lb1/backendAddressPools/lb1bepool",
      "name": "lb1bepool", "properties": {"provisioningState": "Succeeded"}, "etag":
      "W/\\"86cacfa5-0c0c-447e-8ec5-98d340deaa0c\\""}], "probes": [{"id": "/subscriptions/00000000-0000-0000-0000-000000000000/resourceGroups/cli_test_lb_probes000001/providers/Microsoft.Network/loadBalancers/lb1/probes/probe1",
      "name": "probe1", "etag": "W/\\"86cacfa5-0c0c-447e-8ec5-98d340deaa0c\\"", "properties":
      {"protocol": "Http", "requestPath": "/test1", "numberOfProbes": 3, "port": 1,
      "provisioningState": "Succeeded", "intervalInSeconds": 15}}, {"id": "/subscriptions/00000000-0000-0000-0000-000000000000/resourceGroups/cli_test_lb_probes000001/providers/Microsoft.Network/loadBalancers/lb1/probes/probe2",
      "name": "probe2", "etag": "W/\\"86cacfa5-0c0c-447e-8ec5-98d340deaa0c\\"", "properties":
      {"protocol": "Tcp", "port": 2, "provisioningState": "Succeeded", "numberOfProbes":
      2, "intervalInSeconds": 15}}], "frontendIPConfigurations": [{"id": "/subscriptions/00000000-0000-0000-0000-000000000000/resourceGroups/cli_test_lb_probes000001/providers/Microsoft.Network/loadBalancers/lb1/frontendIPConfigurations/LoadBalancerFrontEnd",
      "name": "LoadBalancerFrontEnd", "etag": "W/\\"86cacfa5-0c0c-447e-8ec5-98d340deaa0c\\"",
      "properties": {"publicIPAddress": {"id": "/subscriptions/00000000-0000-0000-0000-000000000000/resourceGroups/cli_test_lb_probes000001/providers/Microsoft.Network/publicIPAddresses/PublicIPlb1"},
      "provisioningState": "Succeeded", "privateIPAllocationMethod": "Dynamic"}}],
      "inboundNatRules": [], "provisioningState": "Succeeded", "inboundNatPools":
      [], "loadBalancingRules": []}, "tags": {}}'''
    headers:
      Accept: [application/json]
      Accept-Encoding: ['gzip, deflate']
      CommandName: [network lb probe delete]
      Connection: [keep-alive]
      Content-Length: ['2439']
      Content-Type: [application/json; charset=utf-8]
      User-Agent: [python/3.5.3 (Windows-10-10.0.15063-SP0) requests/2.9.1 msrest/0.4.14
          msrest_azure/0.4.14 networkmanagementclient/1.5.0rc1 Azure-SDK-For-Python
          AZURECLI/2.0.16+dev]
      accept-language: [en-US]
    method: PUT
    uri: https://management.azure.com/subscriptions/00000000-0000-0000-0000-000000000000/resourceGroups/cli_test_lb_probes000001/providers/Microsoft.Network/loadBalancers/lb1?api-version=2017-09-01
  response:
    body: {string: "{\r\n  \"name\": \"lb1\",\r\n  \"id\": \"/subscriptions/00000000-0000-0000-0000-000000000000/resourceGroups/cli_test_lb_probes000001/providers/Microsoft.Network/loadBalancers/lb1\"\
        ,\r\n  \"etag\": \"W/\\\"ad5a8d76-0d5d-4840-9c83-63b87f0dde5f\\\"\",\r\n \
        \ \"type\": \"Microsoft.Network/loadBalancers\",\r\n  \"location\": \"westus\"\
        ,\r\n  \"tags\": {},\r\n  \"properties\": {\r\n    \"provisioningState\":\
        \ \"Succeeded\",\r\n    \"resourceGuid\": \"753fef39-74bd-45f8-a70b-46a4f8af51b2\"\
        ,\r\n    \"frontendIPConfigurations\": [\r\n      {\r\n        \"name\": \"\
        LoadBalancerFrontEnd\",\r\n        \"id\": \"/subscriptions/00000000-0000-0000-0000-000000000000/resourceGroups/cli_test_lb_probes000001/providers/Microsoft.Network/loadBalancers/lb1/frontendIPConfigurations/LoadBalancerFrontEnd\"\
        ,\r\n        \"etag\": \"W/\\\"ad5a8d76-0d5d-4840-9c83-63b87f0dde5f\\\"\"\
        ,\r\n        \"properties\": {\r\n          \"provisioningState\": \"Succeeded\"\
        ,\r\n          \"privateIPAllocationMethod\": \"Dynamic\",\r\n          \"\
        publicIPAddress\": {\r\n            \"id\": \"/subscriptions/00000000-0000-0000-0000-000000000000/resourceGroups/cli_test_lb_probes000001/providers/Microsoft.Network/publicIPAddresses/PublicIPlb1\"\
        \r\n          }\r\n        }\r\n      }\r\n    ],\r\n    \"backendAddressPools\"\
        : [\r\n      {\r\n        \"name\": \"lb1bepool\",\r\n        \"id\": \"/subscriptions/00000000-0000-0000-0000-000000000000/resourceGroups/cli_test_lb_probes000001/providers/Microsoft.Network/loadBalancers/lb1/backendAddressPools/lb1bepool\"\
        ,\r\n        \"etag\": \"W/\\\"ad5a8d76-0d5d-4840-9c83-63b87f0dde5f\\\"\"\
        ,\r\n        \"properties\": {\r\n          \"provisioningState\": \"Succeeded\"\
        \r\n        }\r\n      }\r\n    ],\r\n    \"loadBalancingRules\": [],\r\n\
        \    \"probes\": [\r\n      {\r\n        \"name\": \"probe1\",\r\n       \
        \ \"id\": \"/subscriptions/00000000-0000-0000-0000-000000000000/resourceGroups/cli_test_lb_probes000001/providers/Microsoft.Network/loadBalancers/lb1/probes/probe1\"\
        ,\r\n        \"etag\": \"W/\\\"ad5a8d76-0d5d-4840-9c83-63b87f0dde5f\\\"\"\
        ,\r\n        \"properties\": {\r\n          \"provisioningState\": \"Succeeded\"\
        ,\r\n          \"protocol\": \"Http\",\r\n          \"port\": 1,\r\n     \
        \     \"requestPath\": \"/test1\",\r\n          \"intervalInSeconds\": 15,\r\
        \n          \"numberOfProbes\": 3\r\n        }\r\n      },\r\n      {\r\n\
        \        \"name\": \"probe2\",\r\n        \"id\": \"/subscriptions/00000000-0000-0000-0000-000000000000/resourceGroups/cli_test_lb_probes000001/providers/Microsoft.Network/loadBalancers/lb1/probes/probe2\"\
        ,\r\n        \"etag\": \"W/\\\"ad5a8d76-0d5d-4840-9c83-63b87f0dde5f\\\"\"\
        ,\r\n        \"properties\": {\r\n          \"provisioningState\": \"Succeeded\"\
        ,\r\n          \"protocol\": \"Tcp\",\r\n          \"port\": 2,\r\n      \
        \    \"intervalInSeconds\": 15,\r\n          \"numberOfProbes\": 2\r\n   \
        \     }\r\n      }\r\n    ],\r\n    \"inboundNatRules\": [],\r\n    \"outboundNatRules\"\
        : [],\r\n    \"inboundNatPools\": []\r\n  },\r\n  \"sku\": {\r\n    \"name\"\
        : \"Basic\"\r\n  }\r\n}"}
    headers:
      azure-asyncoperation: ['https://management.azure.com/subscriptions/00000000-0000-0000-0000-000000000000/providers/Microsoft.Network/locations/westus/operations/1f1c21a0-5c03-402b-9758-641436f11304?api-version=2017-09-01']
      cache-control: [no-cache]
      content-length: ['3048']
      content-type: [application/json; charset=utf-8]
      date: ['Tue, 19 Sep 2017 00:28:35 GMT']
      expires: ['-1']
      pragma: [no-cache]
      server: [Microsoft-HTTPAPI/2.0, Microsoft-HTTPAPI/2.0]
      strict-transport-security: [max-age=31536000; includeSubDomains]
      transfer-encoding: [chunked]
      vary: [Accept-Encoding]
      x-ms-ratelimit-remaining-subscription-writes: ['1195']
    status: {code: 200, message: OK}
- request:
    body: null
    headers:
      Accept: [application/json]
      Accept-Encoding: ['gzip, deflate']
      CommandName: [network lb probe delete]
      Connection: [keep-alive]
      Content-Type: [application/json; charset=utf-8]
      User-Agent: [python/3.5.3 (Windows-10-10.0.15063-SP0) requests/2.9.1 msrest/0.4.14
          msrest_azure/0.4.14 networkmanagementclient/1.5.0rc1 Azure-SDK-For-Python
          AZURECLI/2.0.16+dev]
      accept-language: [en-US]
    method: GET
    uri: https://management.azure.com/subscriptions/00000000-0000-0000-0000-000000000000/providers/Microsoft.Network/locations/westus/operations/1f1c21a0-5c03-402b-9758-641436f11304?api-version=2017-09-01
  response:
    body: {string: "{\r\n  \"status\": \"Succeeded\"\r\n}"}
    headers:
      cache-control: [no-cache]
      content-length: ['29']
      content-type: [application/json; charset=utf-8]
      date: ['Tue, 19 Sep 2017 00:29:06 GMT']
      expires: ['-1']
      pragma: [no-cache]
      server: [Microsoft-HTTPAPI/2.0, Microsoft-HTTPAPI/2.0]
      strict-transport-security: [max-age=31536000; includeSubDomains]
      transfer-encoding: [chunked]
      vary: [Accept-Encoding]
    status: {code: 200, message: OK}
- request:
    body: null
    headers:
      Accept: [application/json]
      Accept-Encoding: ['gzip, deflate']
      CommandName: [network lb probe delete]
      Connection: [keep-alive]
      Content-Type: [application/json; charset=utf-8]
      User-Agent: [python/3.5.3 (Windows-10-10.0.15063-SP0) requests/2.9.1 msrest/0.4.14
          msrest_azure/0.4.14 networkmanagementclient/1.5.0rc1 Azure-SDK-For-Python
          AZURECLI/2.0.16+dev]
      accept-language: [en-US]
    method: GET
    uri: https://management.azure.com/subscriptions/00000000-0000-0000-0000-000000000000/resourceGroups/cli_test_lb_probes000001/providers/Microsoft.Network/loadBalancers/lb1?api-version=2017-09-01
  response:
    body: {string: "{\r\n  \"name\": \"lb1\",\r\n  \"id\": \"/subscriptions/00000000-0000-0000-0000-000000000000/resourceGroups/cli_test_lb_probes000001/providers/Microsoft.Network/loadBalancers/lb1\"\
        ,\r\n  \"etag\": \"W/\\\"ad5a8d76-0d5d-4840-9c83-63b87f0dde5f\\\"\",\r\n \
        \ \"type\": \"Microsoft.Network/loadBalancers\",\r\n  \"location\": \"westus\"\
        ,\r\n  \"tags\": {},\r\n  \"properties\": {\r\n    \"provisioningState\":\
        \ \"Succeeded\",\r\n    \"resourceGuid\": \"753fef39-74bd-45f8-a70b-46a4f8af51b2\"\
        ,\r\n    \"frontendIPConfigurations\": [\r\n      {\r\n        \"name\": \"\
        LoadBalancerFrontEnd\",\r\n        \"id\": \"/subscriptions/00000000-0000-0000-0000-000000000000/resourceGroups/cli_test_lb_probes000001/providers/Microsoft.Network/loadBalancers/lb1/frontendIPConfigurations/LoadBalancerFrontEnd\"\
        ,\r\n        \"etag\": \"W/\\\"ad5a8d76-0d5d-4840-9c83-63b87f0dde5f\\\"\"\
        ,\r\n        \"properties\": {\r\n          \"provisioningState\": \"Succeeded\"\
        ,\r\n          \"privateIPAllocationMethod\": \"Dynamic\",\r\n          \"\
        publicIPAddress\": {\r\n            \"id\": \"/subscriptions/00000000-0000-0000-0000-000000000000/resourceGroups/cli_test_lb_probes000001/providers/Microsoft.Network/publicIPAddresses/PublicIPlb1\"\
        \r\n          }\r\n        }\r\n      }\r\n    ],\r\n    \"backendAddressPools\"\
        : [\r\n      {\r\n        \"name\": \"lb1bepool\",\r\n        \"id\": \"/subscriptions/00000000-0000-0000-0000-000000000000/resourceGroups/cli_test_lb_probes000001/providers/Microsoft.Network/loadBalancers/lb1/backendAddressPools/lb1bepool\"\
        ,\r\n        \"etag\": \"W/\\\"ad5a8d76-0d5d-4840-9c83-63b87f0dde5f\\\"\"\
        ,\r\n        \"properties\": {\r\n          \"provisioningState\": \"Succeeded\"\
        \r\n        }\r\n      }\r\n    ],\r\n    \"loadBalancingRules\": [],\r\n\
        \    \"probes\": [\r\n      {\r\n        \"name\": \"probe1\",\r\n       \
        \ \"id\": \"/subscriptions/00000000-0000-0000-0000-000000000000/resourceGroups/cli_test_lb_probes000001/providers/Microsoft.Network/loadBalancers/lb1/probes/probe1\"\
        ,\r\n        \"etag\": \"W/\\\"ad5a8d76-0d5d-4840-9c83-63b87f0dde5f\\\"\"\
        ,\r\n        \"properties\": {\r\n          \"provisioningState\": \"Succeeded\"\
        ,\r\n          \"protocol\": \"Http\",\r\n          \"port\": 1,\r\n     \
        \     \"requestPath\": \"/test1\",\r\n          \"intervalInSeconds\": 15,\r\
        \n          \"numberOfProbes\": 3\r\n        }\r\n      },\r\n      {\r\n\
        \        \"name\": \"probe2\",\r\n        \"id\": \"/subscriptions/00000000-0000-0000-0000-000000000000/resourceGroups/cli_test_lb_probes000001/providers/Microsoft.Network/loadBalancers/lb1/probes/probe2\"\
        ,\r\n        \"etag\": \"W/\\\"ad5a8d76-0d5d-4840-9c83-63b87f0dde5f\\\"\"\
        ,\r\n        \"properties\": {\r\n          \"provisioningState\": \"Succeeded\"\
        ,\r\n          \"protocol\": \"Tcp\",\r\n          \"port\": 2,\r\n      \
        \    \"intervalInSeconds\": 15,\r\n          \"numberOfProbes\": 2\r\n   \
        \     }\r\n      }\r\n    ],\r\n    \"inboundNatRules\": [],\r\n    \"outboundNatRules\"\
        : [],\r\n    \"inboundNatPools\": []\r\n  },\r\n  \"sku\": {\r\n    \"name\"\
        : \"Basic\"\r\n  }\r\n}"}
    headers:
      cache-control: [no-cache]
      content-length: ['3048']
      content-type: [application/json; charset=utf-8]
      date: ['Tue, 19 Sep 2017 00:29:06 GMT']
      etag: [W/"ad5a8d76-0d5d-4840-9c83-63b87f0dde5f"]
      expires: ['-1']
      pragma: [no-cache]
      server: [Microsoft-HTTPAPI/2.0, Microsoft-HTTPAPI/2.0]
      strict-transport-security: [max-age=31536000; includeSubDomains]
      transfer-encoding: [chunked]
      vary: [Accept-Encoding]
    status: {code: 200, message: OK}
- request:
    body: null
    headers:
      Accept: [application/json]
      Accept-Encoding: ['gzip, deflate']
      CommandName: [network lb probe list]
      Connection: [keep-alive]
      Content-Type: [application/json; charset=utf-8]
      User-Agent: [python/3.5.3 (Windows-10-10.0.15063-SP0) requests/2.9.1 msrest/0.4.14
          msrest_azure/0.4.14 networkmanagementclient/1.5.0rc1 Azure-SDK-For-Python
          AZURECLI/2.0.16+dev]
      accept-language: [en-US]
    method: GET
    uri: https://management.azure.com/subscriptions/00000000-0000-0000-0000-000000000000/resourceGroups/cli_test_lb_probes000001/providers/Microsoft.Network/loadBalancers/lb1?api-version=2017-09-01
  response:
    body: {string: "{\r\n  \"name\": \"lb1\",\r\n  \"id\": \"/subscriptions/00000000-0000-0000-0000-000000000000/resourceGroups/cli_test_lb_probes000001/providers/Microsoft.Network/loadBalancers/lb1\"\
        ,\r\n  \"etag\": \"W/\\\"ad5a8d76-0d5d-4840-9c83-63b87f0dde5f\\\"\",\r\n \
        \ \"type\": \"Microsoft.Network/loadBalancers\",\r\n  \"location\": \"westus\"\
        ,\r\n  \"tags\": {},\r\n  \"properties\": {\r\n    \"provisioningState\":\
        \ \"Succeeded\",\r\n    \"resourceGuid\": \"753fef39-74bd-45f8-a70b-46a4f8af51b2\"\
        ,\r\n    \"frontendIPConfigurations\": [\r\n      {\r\n        \"name\": \"\
        LoadBalancerFrontEnd\",\r\n        \"id\": \"/subscriptions/00000000-0000-0000-0000-000000000000/resourceGroups/cli_test_lb_probes000001/providers/Microsoft.Network/loadBalancers/lb1/frontendIPConfigurations/LoadBalancerFrontEnd\"\
        ,\r\n        \"etag\": \"W/\\\"ad5a8d76-0d5d-4840-9c83-63b87f0dde5f\\\"\"\
        ,\r\n        \"properties\": {\r\n          \"provisioningState\": \"Succeeded\"\
        ,\r\n          \"privateIPAllocationMethod\": \"Dynamic\",\r\n          \"\
        publicIPAddress\": {\r\n            \"id\": \"/subscriptions/00000000-0000-0000-0000-000000000000/resourceGroups/cli_test_lb_probes000001/providers/Microsoft.Network/publicIPAddresses/PublicIPlb1\"\
        \r\n          }\r\n        }\r\n      }\r\n    ],\r\n    \"backendAddressPools\"\
        : [\r\n      {\r\n        \"name\": \"lb1bepool\",\r\n        \"id\": \"/subscriptions/00000000-0000-0000-0000-000000000000/resourceGroups/cli_test_lb_probes000001/providers/Microsoft.Network/loadBalancers/lb1/backendAddressPools/lb1bepool\"\
        ,\r\n        \"etag\": \"W/\\\"ad5a8d76-0d5d-4840-9c83-63b87f0dde5f\\\"\"\
        ,\r\n        \"properties\": {\r\n          \"provisioningState\": \"Succeeded\"\
        \r\n        }\r\n      }\r\n    ],\r\n    \"loadBalancingRules\": [],\r\n\
        \    \"probes\": [\r\n      {\r\n        \"name\": \"probe1\",\r\n       \
        \ \"id\": \"/subscriptions/00000000-0000-0000-0000-000000000000/resourceGroups/cli_test_lb_probes000001/providers/Microsoft.Network/loadBalancers/lb1/probes/probe1\"\
        ,\r\n        \"etag\": \"W/\\\"ad5a8d76-0d5d-4840-9c83-63b87f0dde5f\\\"\"\
        ,\r\n        \"properties\": {\r\n          \"provisioningState\": \"Succeeded\"\
        ,\r\n          \"protocol\": \"Http\",\r\n          \"port\": 1,\r\n     \
        \     \"requestPath\": \"/test1\",\r\n          \"intervalInSeconds\": 15,\r\
        \n          \"numberOfProbes\": 3\r\n        }\r\n      },\r\n      {\r\n\
        \        \"name\": \"probe2\",\r\n        \"id\": \"/subscriptions/00000000-0000-0000-0000-000000000000/resourceGroups/cli_test_lb_probes000001/providers/Microsoft.Network/loadBalancers/lb1/probes/probe2\"\
        ,\r\n        \"etag\": \"W/\\\"ad5a8d76-0d5d-4840-9c83-63b87f0dde5f\\\"\"\
        ,\r\n        \"properties\": {\r\n          \"provisioningState\": \"Succeeded\"\
        ,\r\n          \"protocol\": \"Tcp\",\r\n          \"port\": 2,\r\n      \
        \    \"intervalInSeconds\": 15,\r\n          \"numberOfProbes\": 2\r\n   \
        \     }\r\n      }\r\n    ],\r\n    \"inboundNatRules\": [],\r\n    \"outboundNatRules\"\
        : [],\r\n    \"inboundNatPools\": []\r\n  },\r\n  \"sku\": {\r\n    \"name\"\
        : \"Basic\"\r\n  }\r\n}"}
    headers:
      cache-control: [no-cache]
      content-length: ['3048']
      content-type: [application/json; charset=utf-8]
      date: ['Tue, 19 Sep 2017 00:29:06 GMT']
      etag: [W/"ad5a8d76-0d5d-4840-9c83-63b87f0dde5f"]
      expires: ['-1']
      pragma: [no-cache]
      server: [Microsoft-HTTPAPI/2.0, Microsoft-HTTPAPI/2.0]
      strict-transport-security: [max-age=31536000; includeSubDomains]
      transfer-encoding: [chunked]
      vary: [Accept-Encoding]
    status: {code: 200, message: OK}
- request:
    body: null
    headers:
      Accept: [application/json]
      Accept-Encoding: ['gzip, deflate']
      CommandName: [group delete]
      Connection: [keep-alive]
      Content-Length: ['0']
      Content-Type: [application/json; charset=utf-8]
      User-Agent: [python/3.5.3 (Windows-10-10.0.15063-SP0) requests/2.9.1 msrest/0.4.14
          msrest_azure/0.4.14 resourcemanagementclient/1.1.0 Azure-SDK-For-Python
          AZURECLI/2.0.16+dev]
      accept-language: [en-US]
    method: DELETE
    uri: https://management.azure.com/subscriptions/00000000-0000-0000-0000-000000000000/resourcegroups/cli_test_lb_probes000001?api-version=2017-05-10
  response:
    body: {string: ''}
    headers:
      cache-control: [no-cache]
      content-length: ['0']
      date: ['Tue, 19 Sep 2017 00:29:07 GMT']
      expires: ['-1']
      location: ['https://management.azure.com/subscriptions/00000000-0000-0000-0000-000000000000/operationresults/eyJqb2JJZCI6IlJFU09VUkNFR1JPVVBERUxFVElPTkpPQi1DTEk6NUZURVNUOjVGTEI6NUZQUk9CRVM3MlBTVTVYSlRaS1JPRU1DWE1LM0NJRHw3RDk3Q0E4NTMyOTRFRDc2LVdFU1RVUyIsImpvYkxvY2F0aW9uIjoid2VzdHVzIn0?api-version=2017-05-10']
      pragma: [no-cache]
      strict-transport-security: [max-age=31536000; includeSubDomains]
      x-ms-ratelimit-remaining-subscription-writes: ['1198']
    status: {code: 202, message: Accepted}
version: 1
