interactions:
- request:
    body: '{"tags": {"use": "az-test"}, "location": "westus"}'
    headers:
      Accept: [application/json]
      Accept-Encoding: ['gzip, deflate']
      CommandName: [group create]
      Connection: [keep-alive]
      Content-Length: ['50']
      Content-Type: [application/json; charset=utf-8]
      User-Agent: [python/3.5.3 (Windows-10-10.0.16299-SP0) requests/2.18.4 msrest/0.4.19
          msrest_azure/0.4.18 resourcemanagementclient/1.2.1 Azure-SDK-For-Python
          AZURECLI/2.0.23]
      accept-language: [en-US]
    method: PUT
    uri: https://management.azure.com/subscriptions/00000000-0000-0000-0000-000000000000/resourcegroups/cli_test_ag_frontend_ip_private000001?api-version=2017-05-10
  response:
    body: {string: '{"id":"/subscriptions/00000000-0000-0000-0000-000000000000/resourceGroups/cli_test_ag_frontend_ip_private000001","name":"cli_test_ag_frontend_ip_private000001","location":"westus","tags":{"use":"az-test"},"properties":{"provisioningState":"Succeeded"}}'}
    headers:
      cache-control: [no-cache]
      content-length: ['328']
      content-type: [application/json; charset=utf-8]
      date: ['Wed, 13 Dec 2017 21:10:57 GMT']
      expires: ['-1']
      pragma: [no-cache]
      strict-transport-security: [max-age=31536000; includeSubDomains]
      x-ms-ratelimit-remaining-subscription-writes: ['1198']
    status: {code: 201, message: Created}
- request:
    body: null
    headers:
      Accept: [application/json]
      Accept-Encoding: ['gzip, deflate']
      CommandName: [network public-ip create]
      Connection: [keep-alive]
      Content-Type: [application/json; charset=utf-8]
      User-Agent: [python/3.5.3 (Windows-10-10.0.16299-SP0) requests/2.18.4 msrest/0.4.19
          msrest_azure/0.4.18 resourcemanagementclient/1.2.1 Azure-SDK-For-Python
          AZURECLI/2.0.23]
      accept-language: [en-US]
    method: GET
    uri: https://management.azure.com/subscriptions/00000000-0000-0000-0000-000000000000/resourcegroups/cli_test_ag_frontend_ip_private000001?api-version=2017-05-10
  response:
    body: {string: '{"id":"/subscriptions/00000000-0000-0000-0000-000000000000/resourceGroups/cli_test_ag_frontend_ip_private000001","name":"cli_test_ag_frontend_ip_private000001","location":"westus","tags":{"use":"az-test"},"properties":{"provisioningState":"Succeeded"}}'}
    headers:
      cache-control: [no-cache]
      content-length: ['328']
      content-type: [application/json; charset=utf-8]
      date: ['Wed, 13 Dec 2017 21:10:57 GMT']
      expires: ['-1']
      pragma: [no-cache]
      strict-transport-security: [max-age=31536000; includeSubDomains]
      vary: [Accept-Encoding]
    status: {code: 200, message: OK}
- request:
    body: '{"properties": {"publicIPAllocationMethod": "Dynamic", "idleTimeoutInMinutes":
      4, "publicIPAddressVersion": "IPv4"}, "sku": {"name": "Basic"}, "location":
      "westus"}'
    headers:
      Accept: [application/json]
      Accept-Encoding: ['gzip, deflate']
      CommandName: [network public-ip create]
      Connection: [keep-alive]
      Content-Length: ['164']
      Content-Type: [application/json; charset=utf-8]
      User-Agent: [python/3.5.3 (Windows-10-10.0.16299-SP0) requests/2.18.4 msrest/0.4.19
          msrest_azure/0.4.18 networkmanagementclient/1.6.0 Azure-SDK-For-Python AZURECLI/2.0.23]
      accept-language: [en-US]
    method: PUT
    uri: https://management.azure.com/subscriptions/00000000-0000-0000-0000-000000000000/resourceGroups/cli_test_ag_frontend_ip_private000001/providers/Microsoft.Network/publicIPAddresses/myip1?api-version=2017-11-01
  response:
    body: {string: "{\r\n  \"name\": \"myip1\",\r\n  \"id\": \"/subscriptions/00000000-0000-0000-0000-000000000000/resourceGroups/cli_test_ag_frontend_ip_private000001/providers/Microsoft.Network/publicIPAddresses/myip1\"\
        ,\r\n  \"etag\": \"W/\\\"1605d13b-be24-46e6-8c1c-fef6cfff6e8c\\\"\",\r\n \
        \ \"location\": \"westus\",\r\n  \"properties\": {\r\n    \"provisioningState\"\
        : \"Updating\",\r\n    \"resourceGuid\": \"1e9a7bcf-c6ab-43e1-9fb2-2d46a79f8885\"\
        ,\r\n    \"publicIPAddressVersion\": \"IPv4\",\r\n    \"publicIPAllocationMethod\"\
        : \"Dynamic\",\r\n    \"idleTimeoutInMinutes\": 4,\r\n    \"ipTags\": []\r\
        \n  },\r\n  \"type\": \"Microsoft.Network/publicIPAddresses\",\r\n  \"sku\"\
        : {\r\n    \"name\": \"Basic\"\r\n  }\r\n}"}
    headers:
      azure-asyncoperation: ['https://management.azure.com/subscriptions/00000000-0000-0000-0000-000000000000/providers/Microsoft.Network/locations/westus/operations/6f20d7cd-9b9d-4681-a046-6e771619cdac?api-version=2017-11-01']
      cache-control: [no-cache]
      content-length: ['658']
      content-type: [application/json; charset=utf-8]
      date: ['Wed, 13 Dec 2017 21:10:58 GMT']
      expires: ['-1']
      pragma: [no-cache]
      server: [Microsoft-HTTPAPI/2.0, Microsoft-HTTPAPI/2.0]
      strict-transport-security: [max-age=31536000; includeSubDomains]
      x-ms-ratelimit-remaining-subscription-writes: ['1195']
    status: {code: 201, message: Created}
- request:
    body: null
    headers:
      Accept: [application/json]
      Accept-Encoding: ['gzip, deflate']
      CommandName: [network public-ip create]
      Connection: [keep-alive]
      Content-Type: [application/json; charset=utf-8]
      User-Agent: [python/3.5.3 (Windows-10-10.0.16299-SP0) requests/2.18.4 msrest/0.4.19
          msrest_azure/0.4.18 networkmanagementclient/1.6.0 Azure-SDK-For-Python AZURECLI/2.0.23]
      accept-language: [en-US]
    method: GET
    uri: https://management.azure.com/subscriptions/00000000-0000-0000-0000-000000000000/providers/Microsoft.Network/locations/westus/operations/6f20d7cd-9b9d-4681-a046-6e771619cdac?api-version=2017-11-01
  response:
    body: {string: "{\r\n  \"status\": \"Succeeded\"\r\n}"}
    headers:
      cache-control: [no-cache]
      content-length: ['29']
      content-type: [application/json; charset=utf-8]
      date: ['Wed, 13 Dec 2017 21:11:02 GMT']
      expires: ['-1']
      pragma: [no-cache]
      server: [Microsoft-HTTPAPI/2.0, Microsoft-HTTPAPI/2.0]
      strict-transport-security: [max-age=31536000; includeSubDomains]
      transfer-encoding: [chunked]
      vary: [Accept-Encoding]
    status: {code: 200, message: OK}
- request:
    body: null
    headers:
      Accept: [application/json]
      Accept-Encoding: ['gzip, deflate']
      CommandName: [network public-ip create]
      Connection: [keep-alive]
      Content-Type: [application/json; charset=utf-8]
      User-Agent: [python/3.5.3 (Windows-10-10.0.16299-SP0) requests/2.18.4 msrest/0.4.19
          msrest_azure/0.4.18 networkmanagementclient/1.6.0 Azure-SDK-For-Python AZURECLI/2.0.23]
      accept-language: [en-US]
    method: GET
    uri: https://management.azure.com/subscriptions/00000000-0000-0000-0000-000000000000/resourceGroups/cli_test_ag_frontend_ip_private000001/providers/Microsoft.Network/publicIPAddresses/myip1?api-version=2017-11-01
  response:
    body: {string: "{\r\n  \"name\": \"myip1\",\r\n  \"id\": \"/subscriptions/00000000-0000-0000-0000-000000000000/resourceGroups/cli_test_ag_frontend_ip_private000001/providers/Microsoft.Network/publicIPAddresses/myip1\"\
        ,\r\n  \"etag\": \"W/\\\"c5ed70bf-213b-41b0-bce4-58bca2e31850\\\"\",\r\n \
        \ \"location\": \"westus\",\r\n  \"properties\": {\r\n    \"provisioningState\"\
        : \"Succeeded\",\r\n    \"resourceGuid\": \"1e9a7bcf-c6ab-43e1-9fb2-2d46a79f8885\"\
        ,\r\n    \"publicIPAddressVersion\": \"IPv4\",\r\n    \"publicIPAllocationMethod\"\
        : \"Dynamic\",\r\n    \"idleTimeoutInMinutes\": 4,\r\n    \"ipTags\": []\r\
        \n  },\r\n  \"type\": \"Microsoft.Network/publicIPAddresses\",\r\n  \"sku\"\
        : {\r\n    \"name\": \"Basic\"\r\n  }\r\n}"}
    headers:
      cache-control: [no-cache]
      content-length: ['659']
      content-type: [application/json; charset=utf-8]
      date: ['Wed, 13 Dec 2017 21:11:01 GMT']
      etag: [W/"c5ed70bf-213b-41b0-bce4-58bca2e31850"]
      expires: ['-1']
      pragma: [no-cache]
      server: [Microsoft-HTTPAPI/2.0, Microsoft-HTTPAPI/2.0]
      strict-transport-security: [max-age=31536000; includeSubDomains]
      transfer-encoding: [chunked]
      vary: [Accept-Encoding]
    status: {code: 200, message: OK}
- request:
    body: null
    headers:
      Accept: [application/json]
      Accept-Encoding: ['gzip, deflate']
      CommandName: [network vnet create]
      Connection: [keep-alive]
      Content-Type: [application/json; charset=utf-8]
      User-Agent: [python/3.5.3 (Windows-10-10.0.16299-SP0) requests/2.18.4 msrest/0.4.19
          msrest_azure/0.4.18 resourcemanagementclient/1.2.1 Azure-SDK-For-Python
          AZURECLI/2.0.23]
      accept-language: [en-US]
    method: GET
    uri: https://management.azure.com/subscriptions/00000000-0000-0000-0000-000000000000/resourcegroups/cli_test_ag_frontend_ip_private000001?api-version=2017-05-10
  response:
    body: {string: '{"id":"/subscriptions/00000000-0000-0000-0000-000000000000/resourceGroups/cli_test_ag_frontend_ip_private000001","name":"cli_test_ag_frontend_ip_private000001","location":"westus","tags":{"use":"az-test"},"properties":{"provisioningState":"Succeeded"}}'}
    headers:
      cache-control: [no-cache]
      content-length: ['328']
      content-type: [application/json; charset=utf-8]
      date: ['Wed, 13 Dec 2017 21:11:02 GMT']
      expires: ['-1']
      pragma: [no-cache]
      strict-transport-security: [max-age=31536000; includeSubDomains]
      vary: [Accept-Encoding]
    status: {code: 200, message: OK}
- request:
    body: '{"properties": {"subnets": [{"properties": {"addressPrefix": "10.0.0.0/24"},
      "name": "subnet1"}], "dhcpOptions": {}, "addressSpace": {"addressPrefixes":
      ["10.0.0.0/16"]}}, "location": "westus", "tags": {}}'
    headers:
      Accept: [application/json]
      Accept-Encoding: ['gzip, deflate']
      CommandName: [network vnet create]
      Connection: [keep-alive]
      Content-Length: ['205']
      Content-Type: [application/json; charset=utf-8]
      User-Agent: [python/3.5.3 (Windows-10-10.0.16299-SP0) requests/2.18.4 msrest/0.4.19
          msrest_azure/0.4.18 networkmanagementclient/1.6.0 Azure-SDK-For-Python AZURECLI/2.0.23]
      accept-language: [en-US]
    method: PUT
    uri: https://management.azure.com/subscriptions/00000000-0000-0000-0000-000000000000/resourceGroups/cli_test_ag_frontend_ip_private000001/providers/Microsoft.Network/virtualNetworks/vnet1?api-version=2017-11-01
  response:
    body: {string: "{\r\n  \"name\": \"vnet1\",\r\n  \"id\": \"/subscriptions/00000000-0000-0000-0000-000000000000/resourceGroups/cli_test_ag_frontend_ip_private000001/providers/Microsoft.Network/virtualNetworks/vnet1\"\
        ,\r\n  \"etag\": \"W/\\\"4029a345-3e7d-420b-8109-9c839d75838e\\\"\",\r\n \
        \ \"type\": \"Microsoft.Network/virtualNetworks\",\r\n  \"location\": \"westus\"\
        ,\r\n  \"tags\": {},\r\n  \"properties\": {\r\n    \"provisioningState\":\
        \ \"Updating\",\r\n    \"resourceGuid\": \"d345d077-f441-4fbb-b764-4b01199c474b\"\
        ,\r\n    \"addressSpace\": {\r\n      \"addressPrefixes\": [\r\n        \"\
        10.0.0.0/16\"\r\n      ]\r\n    },\r\n    \"dhcpOptions\": {\r\n      \"dnsServers\"\
        : []\r\n    },\r\n    \"subnets\": [\r\n      {\r\n        \"name\": \"subnet1\"\
        ,\r\n        \"id\": \"/subscriptions/00000000-0000-0000-0000-000000000000/resourceGroups/cli_test_ag_frontend_ip_private000001/providers/Microsoft.Network/virtualNetworks/vnet1/subnets/subnet1\"\
        ,\r\n        \"etag\": \"W/\\\"4029a345-3e7d-420b-8109-9c839d75838e\\\"\"\
        ,\r\n        \"properties\": {\r\n          \"provisioningState\": \"Updating\"\
        ,\r\n          \"addressPrefix\": \"10.0.0.0/24\"\r\n        }\r\n      }\r\
        \n    ],\r\n    \"virtualNetworkPeerings\": [],\r\n    \"enableDdosProtection\"\
        : false,\r\n    \"enableVmProtection\": false\r\n  }\r\n}"}
    headers:
      azure-asyncoperation: ['https://management.azure.com/subscriptions/00000000-0000-0000-0000-000000000000/providers/Microsoft.Network/locations/westus/operations/e3360fa3-ce5a-4f41-bc45-bc1eaadf8dee?api-version=2017-11-01']
      cache-control: [no-cache]
      content-length: ['1230']
      content-type: [application/json; charset=utf-8]
      date: ['Wed, 13 Dec 2017 21:11:02 GMT']
      expires: ['-1']
      pragma: [no-cache]
      server: [Microsoft-HTTPAPI/2.0, Microsoft-HTTPAPI/2.0]
      strict-transport-security: [max-age=31536000; includeSubDomains]
      x-ms-ratelimit-remaining-subscription-writes: ['1197']
    status: {code: 201, message: Created}
- request:
    body: null
    headers:
      Accept: [application/json]
      Accept-Encoding: ['gzip, deflate']
      CommandName: [network vnet create]
      Connection: [keep-alive]
      Content-Type: [application/json; charset=utf-8]
      User-Agent: [python/3.5.3 (Windows-10-10.0.16299-SP0) requests/2.18.4 msrest/0.4.19
          msrest_azure/0.4.18 networkmanagementclient/1.6.0 Azure-SDK-For-Python AZURECLI/2.0.23]
      accept-language: [en-US]
    method: GET
    uri: https://management.azure.com/subscriptions/00000000-0000-0000-0000-000000000000/providers/Microsoft.Network/locations/westus/operations/e3360fa3-ce5a-4f41-bc45-bc1eaadf8dee?api-version=2017-11-01
  response:
    body: {string: "{\r\n  \"status\": \"Succeeded\"\r\n}"}
    headers:
      cache-control: [no-cache]
      content-length: ['29']
      content-type: [application/json; charset=utf-8]
      date: ['Wed, 13 Dec 2017 21:11:06 GMT']
      expires: ['-1']
      pragma: [no-cache]
      server: [Microsoft-HTTPAPI/2.0, Microsoft-HTTPAPI/2.0]
      strict-transport-security: [max-age=31536000; includeSubDomains]
      transfer-encoding: [chunked]
      vary: [Accept-Encoding]
    status: {code: 200, message: OK}
- request:
    body: null
    headers:
      Accept: [application/json]
      Accept-Encoding: ['gzip, deflate']
      CommandName: [network vnet create]
      Connection: [keep-alive]
      Content-Type: [application/json; charset=utf-8]
      User-Agent: [python/3.5.3 (Windows-10-10.0.16299-SP0) requests/2.18.4 msrest/0.4.19
          msrest_azure/0.4.18 networkmanagementclient/1.6.0 Azure-SDK-For-Python AZURECLI/2.0.23]
      accept-language: [en-US]
    method: GET
    uri: https://management.azure.com/subscriptions/00000000-0000-0000-0000-000000000000/resourceGroups/cli_test_ag_frontend_ip_private000001/providers/Microsoft.Network/virtualNetworks/vnet1?api-version=2017-11-01
  response:
    body: {string: "{\r\n  \"name\": \"vnet1\",\r\n  \"id\": \"/subscriptions/00000000-0000-0000-0000-000000000000/resourceGroups/cli_test_ag_frontend_ip_private000001/providers/Microsoft.Network/virtualNetworks/vnet1\"\
        ,\r\n  \"etag\": \"W/\\\"305fc1ac-0ca9-431c-bb9e-1ce5c518dbbc\\\"\",\r\n \
        \ \"type\": \"Microsoft.Network/virtualNetworks\",\r\n  \"location\": \"westus\"\
        ,\r\n  \"tags\": {},\r\n  \"properties\": {\r\n    \"provisioningState\":\
        \ \"Succeeded\",\r\n    \"resourceGuid\": \"d345d077-f441-4fbb-b764-4b01199c474b\"\
        ,\r\n    \"addressSpace\": {\r\n      \"addressPrefixes\": [\r\n        \"\
        10.0.0.0/16\"\r\n      ]\r\n    },\r\n    \"dhcpOptions\": {\r\n      \"dnsServers\"\
        : []\r\n    },\r\n    \"subnets\": [\r\n      {\r\n        \"name\": \"subnet1\"\
        ,\r\n        \"id\": \"/subscriptions/00000000-0000-0000-0000-000000000000/resourceGroups/cli_test_ag_frontend_ip_private000001/providers/Microsoft.Network/virtualNetworks/vnet1/subnets/subnet1\"\
        ,\r\n        \"etag\": \"W/\\\"305fc1ac-0ca9-431c-bb9e-1ce5c518dbbc\\\"\"\
        ,\r\n        \"properties\": {\r\n          \"provisioningState\": \"Succeeded\"\
        ,\r\n          \"addressPrefix\": \"10.0.0.0/24\"\r\n        }\r\n      }\r\
        \n    ],\r\n    \"virtualNetworkPeerings\": [],\r\n    \"enableDdosProtection\"\
        : false,\r\n    \"enableVmProtection\": false\r\n  }\r\n}"}
    headers:
      cache-control: [no-cache]
      content-length: ['1232']
      content-type: [application/json; charset=utf-8]
      date: ['Wed, 13 Dec 2017 21:11:06 GMT']
      etag: [W/"305fc1ac-0ca9-431c-bb9e-1ce5c518dbbc"]
      expires: ['-1']
      pragma: [no-cache]
      server: [Microsoft-HTTPAPI/2.0, Microsoft-HTTPAPI/2.0]
      strict-transport-security: [max-age=31536000; includeSubDomains]
      transfer-encoding: [chunked]
      vary: [Accept-Encoding]
    status: {code: 200, message: OK}
- request:
    body: null
    headers:
      Accept: [application/json]
      Accept-Encoding: ['gzip, deflate']
      CommandName: [network application-gateway create]
      Connection: [keep-alive]
      Content-Type: [application/json; charset=utf-8]
      User-Agent: [python/3.5.3 (Windows-10-10.0.16299-SP0) requests/2.18.4 msrest/0.4.19
          msrest_azure/0.4.18 resourcemanagementclient/1.2.1 Azure-SDK-For-Python
          AZURECLI/2.0.23]
      accept-language: [en-US]
    method: GET
    uri: https://management.azure.com/subscriptions/00000000-0000-0000-0000-000000000000/resourcegroups/cli_test_ag_frontend_ip_private000001?api-version=2017-05-10
  response:
    body: {string: '{"id":"/subscriptions/00000000-0000-0000-0000-000000000000/resourceGroups/cli_test_ag_frontend_ip_private000001","name":"cli_test_ag_frontend_ip_private000001","location":"westus","tags":{"use":"az-test"},"properties":{"provisioningState":"Succeeded"}}'}
    headers:
      cache-control: [no-cache]
      content-length: ['328']
      content-type: [application/json; charset=utf-8]
      date: ['Wed, 13 Dec 2017 21:11:06 GMT']
      expires: ['-1']
      pragma: [no-cache]
      strict-transport-security: [max-age=31536000; includeSubDomains]
      vary: [Accept-Encoding]
    status: {code: 200, message: OK}
- request:
    body: null
    headers:
      Accept: [application/json]
      Accept-Encoding: ['gzip, deflate']
      CommandName: [network application-gateway create]
      Connection: [keep-alive]
      Content-Type: [application/json; charset=utf-8]
      User-Agent: [python/3.5.3 (Windows-10-10.0.16299-SP0) requests/2.18.4 msrest/0.4.19
          msrest_azure/0.4.18 resourcemanagementclient/1.2.1 Azure-SDK-For-Python
          AZURECLI/2.0.23]
      accept-language: [en-US]
    method: GET
    uri: https://management.azure.com/subscriptions/00000000-0000-0000-0000-000000000000/resources?api-version=2017-05-10&$filter=resourceGroup%20eq%20%27cli_test_ag_frontend_ip_private000001%27%20and%20name%20eq%20%27vnet1%27%20and%20resourceType%20eq%20%27Microsoft.Network%2FvirtualNetworks%27
  response:
    body: {string: '{"value":[{"id":"/subscriptions/00000000-0000-0000-0000-000000000000/resourceGroups/cli_test_ag_frontend_ip_private000001/providers/Microsoft.Network/virtualNetworks/vnet1","name":"vnet1","type":"Microsoft.Network/virtualNetworks","location":"westus","tags":{}}]}'}
    headers:
      cache-control: [no-cache]
      content-length: ['301']
      content-type: [application/json; charset=utf-8]
      date: ['Wed, 13 Dec 2017 21:11:07 GMT']
      expires: ['-1']
      pragma: [no-cache]
      strict-transport-security: [max-age=31536000; includeSubDomains]
      vary: [Accept-Encoding]
    status: {code: 200, message: OK}
- request:
    body: null
    headers:
      Accept: [application/json]
      Accept-Encoding: ['gzip, deflate']
      CommandName: [network application-gateway create]
      Connection: [keep-alive]
      Content-Type: [application/json; charset=utf-8]
      User-Agent: [python/3.5.3 (Windows-10-10.0.16299-SP0) requests/2.18.4 msrest/0.4.19
          msrest_azure/0.4.18 resourcemanagementclient/1.2.1 Azure-SDK-For-Python
          AZURECLI/2.0.23]
      accept-language: [en-US]
    method: GET
    uri: https://management.azure.com/subscriptions/00000000-0000-0000-0000-000000000000/resources?api-version=2017-05-10&$filter=resourceGroup%20eq%20%27cli_test_ag_frontend_ip_private000001%27%20and%20name%20eq%20%27myip1%27%20and%20resourceType%20eq%20%27Microsoft.Network%2FpublicIPAddresses%27
  response:
    body: {string: '{"value":[{"id":"/subscriptions/00000000-0000-0000-0000-000000000000/resourceGroups/cli_test_ag_frontend_ip_private000001/providers/Microsoft.Network/publicIPAddresses/myip1","name":"myip1","type":"Microsoft.Network/publicIPAddresses","sku":{"name":"Basic"},"location":"westus"}]}'}
    headers:
      cache-control: [no-cache]
      content-length: ['318']
      content-type: [application/json; charset=utf-8]
      date: ['Wed, 13 Dec 2017 21:11:07 GMT']
      expires: ['-1']
      pragma: [no-cache]
      strict-transport-security: [max-age=31536000; includeSubDomains]
      vary: [Accept-Encoding]
    status: {code: 200, message: OK}
- request:
    body: 'b''{"properties": {"template": {"resources": [{"tags": {}, "apiVersion":
      "2017-11-01", "name": "ag1", "dependsOn": [], "type": "Microsoft.Network/applicationGateways",
      "properties": {"gatewayIPConfigurations": [{"properties": {"subnet": {"id":
      "/subscriptions/00000000-0000-0000-0000-000000000000/resourceGroups/cli_test_ag_frontend_ip_private000001/providers/Microsoft.Network/virtualNetworks/vnet1/subnets/subnet1"}},
      "name": "appGatewayFrontendIP"}], "frontendPorts": [{"properties": {"Port":
      80}, "name": "appGatewayFrontendPort"}], "backendAddressPools": [{"name": "appGatewayBackendPool"}],
      "requestRoutingRules": [{"properties": {"backendAddressPool": {"id": "[concat(variables(\''appGwID\''),
      \''/backendAddressPools/appGatewayBackendPool\'')]"}, "RuleType": "Basic", "backendHttpSettings":
      {"id": "[concat(variables(\''appGwID\''), \''/backendHttpSettingsCollection/appGatewayBackendHttpSettings\'')]"},
      "httpListener": {"id": "[concat(variables(\''appGwID\''), \''/httpListeners/appGatewayHttpListener\'')]"}},
      "Name": "rule1"}], "backendHttpSettingsCollection": [{"properties": {"CookieBasedAffinity":
      "disabled", "Port": 80, "Protocol": "Http", "connectionDraining": {"enabled":
      false, "drainTimeoutInSec": 1}}, "name": "appGatewayBackendHttpSettings"}],
      "sku": {"capacity": 2, "name": "Standard_Medium", "tier": "Standard"}, "httpListeners":
      [{"properties": {"FrontendIpConfiguration": {"Id": "[concat(variables(\''appGwID\''),
      \''/frontendIPConfigurations/appGatewayFrontendIP\'')]"}, "Protocol": "http",
      "SslCertificate": null, "FrontendPort": {"Id": "[concat(variables(\''appGwID\''),
      \''/frontendPorts/appGatewayFrontendPort\'')]"}}, "name": "appGatewayHttpListener"}],
      "frontendIPConfigurations": [{"properties": {"publicIPAddress": {"id": "/subscriptions/00000000-0000-0000-0000-000000000000/resourceGroups/cli_test_ag_frontend_ip_private000001/providers/Microsoft.Network/publicIPAddresses/myip1"}},
      "name": "appGatewayFrontendIP"}]}, "location": "westus"}], "parameters": {},
      "$schema": "https://schema.management.azure.com/schemas/2015-01-01/deploymentTemplate.json#",
      "variables": {"appGwID": "[resourceId(\''Microsoft.Network/applicationGateways\'',
      \''ag1\'')]"}, "contentVersion": "1.0.0.0", "outputs": {"applicationGateway":
      {"value": "[reference(\''ag1\'')]", "type": "object"}}}, "mode": "Incremental",
      "parameters": {}}}'''
    headers:
      Accept: [application/json]
      Accept-Encoding: ['gzip, deflate']
      CommandName: [network application-gateway create]
      Connection: [keep-alive]
      Content-Length: ['2371']
      Content-Type: [application/json; charset=utf-8]
      User-Agent: [python/3.5.3 (Windows-10-10.0.16299-SP0) requests/2.18.4 msrest/0.4.19
          msrest_azure/0.4.18 resourcemanagementclient/1.2.1 Azure-SDK-For-Python
          AZURECLI/2.0.23]
      accept-language: [en-US]
    method: PUT
    uri: https://management.azure.com/subscriptions/00000000-0000-0000-0000-000000000000/resourcegroups/cli_test_ag_frontend_ip_private000001/providers/Microsoft.Resources/deployments/mock-deployment?api-version=2017-05-10
  response:
    body: {string: '{"id":"/subscriptions/00000000-0000-0000-0000-000000000000/resourceGroups/cli_test_ag_frontend_ip_private000001/providers/Microsoft.Resources/deployments/ag_deploy_JeAETwF1hJaK9oE2UPzuLZ9ewBwzr5uU","name":"ag_deploy_JeAETwF1hJaK9oE2UPzuLZ9ewBwzr5uU","properties":{"templateHash":"14158986096663712461","parameters":{},"mode":"Incremental","provisioningState":"Accepted","timestamp":"2017-12-13T21:11:09.4172914Z","duration":"PT0.5451255S","correlationId":"bc32a255-78a2-4e16-93f8-f17c02b84e68","providers":[{"namespace":"Microsoft.Network","resourceTypes":[{"resourceType":"applicationGateways","locations":["westus"]}]}],"dependencies":[]}}'}
    headers:
      azure-asyncoperation: ['https://management.azure.com/subscriptions/00000000-0000-0000-0000-000000000000/resourcegroups/cli_test_ag_frontend_ip_private000001/providers/Microsoft.Resources/deployments/ag_deploy_JeAETwF1hJaK9oE2UPzuLZ9ewBwzr5uU/operationStatuses/08586884074166054464?api-version=2017-05-10']
      cache-control: [no-cache]
      content-length: ['679']
      content-type: [application/json; charset=utf-8]
      date: ['Wed, 13 Dec 2017 21:11:08 GMT']
      expires: ['-1']
      pragma: [no-cache]
      strict-transport-security: [max-age=31536000; includeSubDomains]
      x-ms-ratelimit-remaining-subscription-writes: ['1198']
    status: {code: 201, message: Created}
- request:
    body: null
    headers:
      Accept: [application/json]
      Accept-Encoding: ['gzip, deflate']
      CommandName: [network application-gateway wait]
      Connection: [keep-alive]
      Content-Type: [application/json; charset=utf-8]
      User-Agent: [python/3.5.3 (Windows-10-10.0.16299-SP0) requests/2.18.4 msrest/0.4.19
          msrest_azure/0.4.18 networkmanagementclient/1.6.0 Azure-SDK-For-Python AZURECLI/2.0.23]
      accept-language: [en-US]
    method: GET
    uri: https://management.azure.com/subscriptions/00000000-0000-0000-0000-000000000000/resourceGroups/cli_test_ag_frontend_ip_private000001/providers/Microsoft.Network/applicationGateways/ag1?api-version=2017-11-01
  response:
    body: {string: '{"error":{"code":"ResourceNotFound","message":"The Resource ''Microsoft.Network/applicationGateways/ag1''
        under resource group ''cli_test_ag_frontend_ip_private000001'' was not found."}}'}
    headers:
      cache-control: [no-cache]
      content-length: ['220']
      content-type: [application/json; charset=utf-8]
      date: ['Wed, 13 Dec 2017 21:11:09 GMT']
      expires: ['-1']
      pragma: [no-cache]
      strict-transport-security: [max-age=31536000; includeSubDomains]
      x-ms-failure-cause: [gateway]
    status: {code: 404, message: Not Found}
- request:
    body: null
    headers:
      Accept: [application/json]
      Accept-Encoding: ['gzip, deflate']
      CommandName: [network application-gateway wait]
      Connection: [keep-alive]
      Content-Type: [application/json; charset=utf-8]
      User-Agent: [python/3.5.3 (Windows-10-10.0.16299-SP0) requests/2.18.4 msrest/0.4.19
          msrest_azure/0.4.18 networkmanagementclient/1.6.0 Azure-SDK-For-Python AZURECLI/2.0.23]
      accept-language: [en-US]
    method: GET
    uri: https://management.azure.com/subscriptions/00000000-0000-0000-0000-000000000000/resourceGroups/cli_test_ag_frontend_ip_private000001/providers/Microsoft.Network/applicationGateways/ag1?api-version=2017-11-01
  response:
    body: {string: "{\r\n  \"name\": \"ag1\",\r\n  \"id\": \"/subscriptions/00000000-0000-0000-0000-000000000000/resourceGroups/cli_test_ag_frontend_ip_private000001/providers/Microsoft.Network/applicationGateways/ag1\"\
        ,\r\n  \"etag\": \"W/\\\"42a0919e-72ea-4710-a775-b7c0351bf97f\\\"\",\r\n \
        \ \"type\": \"Microsoft.Network/applicationGateways\",\r\n  \"location\":\
        \ \"westus\",\r\n  \"tags\": {},\r\n  \"properties\": {\r\n    \"provisioningState\"\
        : \"Updating\",\r\n    \"resourceGuid\": \"de5b528e-b964-4179-b2e6-1894987d3852\"\
        ,\r\n    \"sku\": {\r\n      \"name\": \"Standard_Medium\",\r\n      \"tier\"\
        : \"Standard\",\r\n      \"capacity\": 2\r\n    },\r\n    \"operationalState\"\
        : \"Stopped\",\r\n    \"gatewayIPConfigurations\": [\r\n      {\r\n      \
        \  \"name\": \"appGatewayFrontendIP\",\r\n        \"id\": \"/subscriptions/00000000-0000-0000-0000-000000000000/resourceGroups/cli_test_ag_frontend_ip_private000001/providers/Microsoft.Network/applicationGateways/ag1/gatewayIPConfigurations/appGatewayFrontendIP\"\
        ,\r\n        \"etag\": \"W/\\\"42a0919e-72ea-4710-a775-b7c0351bf97f\\\"\"\
        ,\r\n        \"properties\": {\r\n          \"provisioningState\": \"Updating\"\
        ,\r\n          \"subnet\": {\r\n            \"id\": \"/subscriptions/00000000-0000-0000-0000-000000000000/resourceGroups/cli_test_ag_frontend_ip_private000001/providers/Microsoft.Network/virtualNetworks/vnet1/subnets/subnet1\"\
        \r\n          }\r\n        }\r\n      }\r\n    ],\r\n    \"sslCertificates\"\
        : [],\r\n    \"authenticationCertificates\": [],\r\n    \"frontendIPConfigurations\"\
        : [\r\n      {\r\n        \"name\": \"appGatewayFrontendIP\",\r\n        \"\
        id\": \"/subscriptions/00000000-0000-0000-0000-000000000000/resourceGroups/cli_test_ag_frontend_ip_private000001/providers/Microsoft.Network/applicationGateways/ag1/frontendIPConfigurations/appGatewayFrontendIP\"\
        ,\r\n        \"etag\": \"W/\\\"42a0919e-72ea-4710-a775-b7c0351bf97f\\\"\"\
        ,\r\n        \"properties\": {\r\n          \"provisioningState\": \"Updating\"\
        ,\r\n          \"privateIPAllocationMethod\": \"Dynamic\",\r\n          \"\
        publicIPAddress\": {\r\n            \"id\": \"/subscriptions/00000000-0000-0000-0000-000000000000/resourceGroups/cli_test_ag_frontend_ip_private000001/providers/Microsoft.Network/publicIPAddresses/myip1\"\
        \r\n          },\r\n          \"httpListeners\": [\r\n            {\r\n  \
        \            \"id\": \"/subscriptions/00000000-0000-0000-0000-000000000000/resourceGroups/cli_test_ag_frontend_ip_private000001/providers/Microsoft.Network/applicationGateways/ag1/httpListeners/appGatewayHttpListener\"\
        \r\n            }\r\n          ]\r\n        }\r\n      }\r\n    ],\r\n   \
        \ \"frontendPorts\": [\r\n      {\r\n        \"name\": \"appGatewayFrontendPort\"\
        ,\r\n        \"id\": \"/subscriptions/00000000-0000-0000-0000-000000000000/resourceGroups/cli_test_ag_frontend_ip_private000001/providers/Microsoft.Network/applicationGateways/ag1/frontendPorts/appGatewayFrontendPort\"\
        ,\r\n        \"etag\": \"W/\\\"42a0919e-72ea-4710-a775-b7c0351bf97f\\\"\"\
        ,\r\n        \"properties\": {\r\n          \"provisioningState\": \"Updating\"\
        ,\r\n          \"port\": 80,\r\n          \"httpListeners\": [\r\n       \
        \     {\r\n              \"id\": \"/subscriptions/00000000-0000-0000-0000-000000000000/resourceGroups/cli_test_ag_frontend_ip_private000001/providers/Microsoft.Network/applicationGateways/ag1/httpListeners/appGatewayHttpListener\"\
        \r\n            }\r\n          ]\r\n        }\r\n      }\r\n    ],\r\n   \
        \ \"backendAddressPools\": [\r\n      {\r\n        \"name\": \"appGatewayBackendPool\"\
        ,\r\n        \"id\": \"/subscriptions/00000000-0000-0000-0000-000000000000/resourceGroups/cli_test_ag_frontend_ip_private000001/providers/Microsoft.Network/applicationGateways/ag1/backendAddressPools/appGatewayBackendPool\"\
        ,\r\n        \"etag\": \"W/\\\"42a0919e-72ea-4710-a775-b7c0351bf97f\\\"\"\
        ,\r\n        \"properties\": {\r\n          \"provisioningState\": \"Updating\"\
        ,\r\n          \"backendAddresses\": [],\r\n          \"requestRoutingRules\"\
        : [\r\n            {\r\n              \"id\": \"/subscriptions/00000000-0000-0000-0000-000000000000/resourceGroups/cli_test_ag_frontend_ip_private000001/providers/Microsoft.Network/applicationGateways/ag1/requestRoutingRules/rule1\"\
        \r\n            }\r\n          ]\r\n        }\r\n      }\r\n    ],\r\n   \
        \ \"backendHttpSettingsCollection\": [\r\n      {\r\n        \"name\": \"\
        appGatewayBackendHttpSettings\",\r\n        \"id\": \"/subscriptions/00000000-0000-0000-0000-000000000000/resourceGroups/cli_test_ag_frontend_ip_private000001/providers/Microsoft.Network/applicationGateways/ag1/backendHttpSettingsCollection/appGatewayBackendHttpSettings\"\
        ,\r\n        \"etag\": \"W/\\\"42a0919e-72ea-4710-a775-b7c0351bf97f\\\"\"\
        ,\r\n        \"properties\": {\r\n          \"provisioningState\": \"Updating\"\
        ,\r\n          \"port\": 80,\r\n          \"protocol\": \"Http\",\r\n    \
        \      \"cookieBasedAffinity\": \"Disabled\",\r\n          \"connectionDraining\"\
        : {\r\n            \"enabled\": false,\r\n            \"drainTimeoutInSec\"\
        : 1\r\n          },\r\n          \"pickHostNameFromBackendAddress\": false,\r\
        \n          \"requestTimeout\": 30,\r\n          \"requestRoutingRules\":\
        \ [\r\n            {\r\n              \"id\": \"/subscriptions/00000000-0000-0000-0000-000000000000/resourceGroups/cli_test_ag_frontend_ip_private000001/providers/Microsoft.Network/applicationGateways/ag1/requestRoutingRules/rule1\"\
        \r\n            }\r\n          ]\r\n        }\r\n      }\r\n    ],\r\n   \
        \ \"httpListeners\": [\r\n      {\r\n        \"name\": \"appGatewayHttpListener\"\
        ,\r\n        \"id\": \"/subscriptions/00000000-0000-0000-0000-000000000000/resourceGroups/cli_test_ag_frontend_ip_private000001/providers/Microsoft.Network/applicationGateways/ag1/httpListeners/appGatewayHttpListener\"\
        ,\r\n        \"etag\": \"W/\\\"42a0919e-72ea-4710-a775-b7c0351bf97f\\\"\"\
        ,\r\n        \"properties\": {\r\n          \"provisioningState\": \"Updating\"\
        ,\r\n          \"frontendIPConfiguration\": {\r\n            \"id\": \"/subscriptions/00000000-0000-0000-0000-000000000000/resourceGroups/cli_test_ag_frontend_ip_private000001/providers/Microsoft.Network/applicationGateways/ag1/frontendIPConfigurations/appGatewayFrontendIP\"\
        \r\n          },\r\n          \"frontendPort\": {\r\n            \"id\": \"\
        /subscriptions/00000000-0000-0000-0000-000000000000/resourceGroups/cli_test_ag_frontend_ip_private000001/providers/Microsoft.Network/applicationGateways/ag1/frontendPorts/appGatewayFrontendPort\"\
        \r\n          },\r\n          \"protocol\": \"Http\",\r\n          \"requireServerNameIndication\"\
        : false,\r\n          \"requestRoutingRules\": [\r\n            {\r\n    \
        \          \"id\": \"/subscriptions/00000000-0000-0000-0000-000000000000/resourceGroups/cli_test_ag_frontend_ip_private000001/providers/Microsoft.Network/applicationGateways/ag1/requestRoutingRules/rule1\"\
        \r\n            }\r\n          ]\r\n        }\r\n      }\r\n    ],\r\n   \
        \ \"urlPathMaps\": [],\r\n    \"requestRoutingRules\": [\r\n      {\r\n  \
        \      \"name\": \"rule1\",\r\n        \"id\": \"/subscriptions/00000000-0000-0000-0000-000000000000/resourceGroups/cli_test_ag_frontend_ip_private000001/providers/Microsoft.Network/applicationGateways/ag1/requestRoutingRules/rule1\"\
        ,\r\n        \"etag\": \"W/\\\"42a0919e-72ea-4710-a775-b7c0351bf97f\\\"\"\
        ,\r\n        \"properties\": {\r\n          \"provisioningState\": \"Updating\"\
        ,\r\n          \"ruleType\": \"Basic\",\r\n          \"httpListener\": {\r\
        \n            \"id\": \"/subscriptions/00000000-0000-0000-0000-000000000000/resourceGroups/cli_test_ag_frontend_ip_private000001/providers/Microsoft.Network/applicationGateways/ag1/httpListeners/appGatewayHttpListener\"\
        \r\n          },\r\n          \"backendAddressPool\": {\r\n            \"\
        id\": \"/subscriptions/00000000-0000-0000-0000-000000000000/resourceGroups/cli_test_ag_frontend_ip_private000001/providers/Microsoft.Network/applicationGateways/ag1/backendAddressPools/appGatewayBackendPool\"\
        \r\n          },\r\n          \"backendHttpSettings\": {\r\n            \"\
        id\": \"/subscriptions/00000000-0000-0000-0000-000000000000/resourceGroups/cli_test_ag_frontend_ip_private000001/providers/Microsoft.Network/applicationGateways/ag1/backendHttpSettingsCollection/appGatewayBackendHttpSettings\"\
        \r\n          }\r\n        }\r\n      }\r\n    ],\r\n    \"probes\": [],\r\
        \n    \"redirectConfigurations\": []\r\n  }\r\n}"}
    headers:
      cache-control: [no-cache]
      content-length: ['8470']
      content-type: [application/json; charset=utf-8]
      date: ['Wed, 13 Dec 2017 21:11:40 GMT']
      etag: [W/"42a0919e-72ea-4710-a775-b7c0351bf97f"]
      expires: ['-1']
      pragma: [no-cache]
      server: [Microsoft-HTTPAPI/2.0, Microsoft-HTTPAPI/2.0]
      strict-transport-security: [max-age=31536000; includeSubDomains]
      transfer-encoding: [chunked]
      vary: [Accept-Encoding]
    status: {code: 200, message: OK}
- request:
    body: null
    headers:
      Accept: [application/json]
      Accept-Encoding: ['gzip, deflate']
      CommandName: [network application-gateway frontend-ip create]
      Connection: [keep-alive]
      Content-Type: [application/json; charset=utf-8]
      User-Agent: [python/3.5.3 (Windows-10-10.0.16299-SP0) requests/2.18.4 msrest/0.4.19
          msrest_azure/0.4.18 networkmanagementclient/1.6.0 Azure-SDK-For-Python AZURECLI/2.0.23]
      accept-language: [en-US]
    method: GET
    uri: https://management.azure.com/subscriptions/00000000-0000-0000-0000-000000000000/resourceGroups/cli_test_ag_frontend_ip_private000001/providers/Microsoft.Network/applicationGateways/ag1?api-version=2017-11-01
  response:
    body: {string: "{\r\n  \"name\": \"ag1\",\r\n  \"id\": \"/subscriptions/00000000-0000-0000-0000-000000000000/resourceGroups/cli_test_ag_frontend_ip_private000001/providers/Microsoft.Network/applicationGateways/ag1\"\
        ,\r\n  \"etag\": \"W/\\\"42a0919e-72ea-4710-a775-b7c0351bf97f\\\"\",\r\n \
        \ \"type\": \"Microsoft.Network/applicationGateways\",\r\n  \"location\":\
        \ \"westus\",\r\n  \"tags\": {},\r\n  \"properties\": {\r\n    \"provisioningState\"\
        : \"Updating\",\r\n    \"resourceGuid\": \"de5b528e-b964-4179-b2e6-1894987d3852\"\
        ,\r\n    \"sku\": {\r\n      \"name\": \"Standard_Medium\",\r\n      \"tier\"\
        : \"Standard\",\r\n      \"capacity\": 2\r\n    },\r\n    \"operationalState\"\
        : \"Stopped\",\r\n    \"gatewayIPConfigurations\": [\r\n      {\r\n      \
        \  \"name\": \"appGatewayFrontendIP\",\r\n        \"id\": \"/subscriptions/00000000-0000-0000-0000-000000000000/resourceGroups/cli_test_ag_frontend_ip_private000001/providers/Microsoft.Network/applicationGateways/ag1/gatewayIPConfigurations/appGatewayFrontendIP\"\
        ,\r\n        \"etag\": \"W/\\\"42a0919e-72ea-4710-a775-b7c0351bf97f\\\"\"\
        ,\r\n        \"properties\": {\r\n          \"provisioningState\": \"Updating\"\
        ,\r\n          \"subnet\": {\r\n            \"id\": \"/subscriptions/00000000-0000-0000-0000-000000000000/resourceGroups/cli_test_ag_frontend_ip_private000001/providers/Microsoft.Network/virtualNetworks/vnet1/subnets/subnet1\"\
        \r\n          }\r\n        }\r\n      }\r\n    ],\r\n    \"sslCertificates\"\
        : [],\r\n    \"authenticationCertificates\": [],\r\n    \"frontendIPConfigurations\"\
        : [\r\n      {\r\n        \"name\": \"appGatewayFrontendIP\",\r\n        \"\
        id\": \"/subscriptions/00000000-0000-0000-0000-000000000000/resourceGroups/cli_test_ag_frontend_ip_private000001/providers/Microsoft.Network/applicationGateways/ag1/frontendIPConfigurations/appGatewayFrontendIP\"\
        ,\r\n        \"etag\": \"W/\\\"42a0919e-72ea-4710-a775-b7c0351bf97f\\\"\"\
        ,\r\n        \"properties\": {\r\n          \"provisioningState\": \"Updating\"\
        ,\r\n          \"privateIPAllocationMethod\": \"Dynamic\",\r\n          \"\
        publicIPAddress\": {\r\n            \"id\": \"/subscriptions/00000000-0000-0000-0000-000000000000/resourceGroups/cli_test_ag_frontend_ip_private000001/providers/Microsoft.Network/publicIPAddresses/myip1\"\
        \r\n          },\r\n          \"httpListeners\": [\r\n            {\r\n  \
        \            \"id\": \"/subscriptions/00000000-0000-0000-0000-000000000000/resourceGroups/cli_test_ag_frontend_ip_private000001/providers/Microsoft.Network/applicationGateways/ag1/httpListeners/appGatewayHttpListener\"\
        \r\n            }\r\n          ]\r\n        }\r\n      }\r\n    ],\r\n   \
        \ \"frontendPorts\": [\r\n      {\r\n        \"name\": \"appGatewayFrontendPort\"\
        ,\r\n        \"id\": \"/subscriptions/00000000-0000-0000-0000-000000000000/resourceGroups/cli_test_ag_frontend_ip_private000001/providers/Microsoft.Network/applicationGateways/ag1/frontendPorts/appGatewayFrontendPort\"\
        ,\r\n        \"etag\": \"W/\\\"42a0919e-72ea-4710-a775-b7c0351bf97f\\\"\"\
        ,\r\n        \"properties\": {\r\n          \"provisioningState\": \"Updating\"\
        ,\r\n          \"port\": 80,\r\n          \"httpListeners\": [\r\n       \
        \     {\r\n              \"id\": \"/subscriptions/00000000-0000-0000-0000-000000000000/resourceGroups/cli_test_ag_frontend_ip_private000001/providers/Microsoft.Network/applicationGateways/ag1/httpListeners/appGatewayHttpListener\"\
        \r\n            }\r\n          ]\r\n        }\r\n      }\r\n    ],\r\n   \
        \ \"backendAddressPools\": [\r\n      {\r\n        \"name\": \"appGatewayBackendPool\"\
        ,\r\n        \"id\": \"/subscriptions/00000000-0000-0000-0000-000000000000/resourceGroups/cli_test_ag_frontend_ip_private000001/providers/Microsoft.Network/applicationGateways/ag1/backendAddressPools/appGatewayBackendPool\"\
        ,\r\n        \"etag\": \"W/\\\"42a0919e-72ea-4710-a775-b7c0351bf97f\\\"\"\
        ,\r\n        \"properties\": {\r\n          \"provisioningState\": \"Updating\"\
        ,\r\n          \"backendAddresses\": [],\r\n          \"requestRoutingRules\"\
        : [\r\n            {\r\n              \"id\": \"/subscriptions/00000000-0000-0000-0000-000000000000/resourceGroups/cli_test_ag_frontend_ip_private000001/providers/Microsoft.Network/applicationGateways/ag1/requestRoutingRules/rule1\"\
        \r\n            }\r\n          ]\r\n        }\r\n      }\r\n    ],\r\n   \
        \ \"backendHttpSettingsCollection\": [\r\n      {\r\n        \"name\": \"\
        appGatewayBackendHttpSettings\",\r\n        \"id\": \"/subscriptions/00000000-0000-0000-0000-000000000000/resourceGroups/cli_test_ag_frontend_ip_private000001/providers/Microsoft.Network/applicationGateways/ag1/backendHttpSettingsCollection/appGatewayBackendHttpSettings\"\
        ,\r\n        \"etag\": \"W/\\\"42a0919e-72ea-4710-a775-b7c0351bf97f\\\"\"\
        ,\r\n        \"properties\": {\r\n          \"provisioningState\": \"Updating\"\
        ,\r\n          \"port\": 80,\r\n          \"protocol\": \"Http\",\r\n    \
        \      \"cookieBasedAffinity\": \"Disabled\",\r\n          \"connectionDraining\"\
        : {\r\n            \"enabled\": false,\r\n            \"drainTimeoutInSec\"\
        : 1\r\n          },\r\n          \"pickHostNameFromBackendAddress\": false,\r\
        \n          \"requestTimeout\": 30,\r\n          \"requestRoutingRules\":\
        \ [\r\n            {\r\n              \"id\": \"/subscriptions/00000000-0000-0000-0000-000000000000/resourceGroups/cli_test_ag_frontend_ip_private000001/providers/Microsoft.Network/applicationGateways/ag1/requestRoutingRules/rule1\"\
        \r\n            }\r\n          ]\r\n        }\r\n      }\r\n    ],\r\n   \
        \ \"httpListeners\": [\r\n      {\r\n        \"name\": \"appGatewayHttpListener\"\
        ,\r\n        \"id\": \"/subscriptions/00000000-0000-0000-0000-000000000000/resourceGroups/cli_test_ag_frontend_ip_private000001/providers/Microsoft.Network/applicationGateways/ag1/httpListeners/appGatewayHttpListener\"\
        ,\r\n        \"etag\": \"W/\\\"42a0919e-72ea-4710-a775-b7c0351bf97f\\\"\"\
        ,\r\n        \"properties\": {\r\n          \"provisioningState\": \"Updating\"\
        ,\r\n          \"frontendIPConfiguration\": {\r\n            \"id\": \"/subscriptions/00000000-0000-0000-0000-000000000000/resourceGroups/cli_test_ag_frontend_ip_private000001/providers/Microsoft.Network/applicationGateways/ag1/frontendIPConfigurations/appGatewayFrontendIP\"\
        \r\n          },\r\n          \"frontendPort\": {\r\n            \"id\": \"\
        /subscriptions/00000000-0000-0000-0000-000000000000/resourceGroups/cli_test_ag_frontend_ip_private000001/providers/Microsoft.Network/applicationGateways/ag1/frontendPorts/appGatewayFrontendPort\"\
        \r\n          },\r\n          \"protocol\": \"Http\",\r\n          \"requireServerNameIndication\"\
        : false,\r\n          \"requestRoutingRules\": [\r\n            {\r\n    \
        \          \"id\": \"/subscriptions/00000000-0000-0000-0000-000000000000/resourceGroups/cli_test_ag_frontend_ip_private000001/providers/Microsoft.Network/applicationGateways/ag1/requestRoutingRules/rule1\"\
        \r\n            }\r\n          ]\r\n        }\r\n      }\r\n    ],\r\n   \
        \ \"urlPathMaps\": [],\r\n    \"requestRoutingRules\": [\r\n      {\r\n  \
        \      \"name\": \"rule1\",\r\n        \"id\": \"/subscriptions/00000000-0000-0000-0000-000000000000/resourceGroups/cli_test_ag_frontend_ip_private000001/providers/Microsoft.Network/applicationGateways/ag1/requestRoutingRules/rule1\"\
        ,\r\n        \"etag\": \"W/\\\"42a0919e-72ea-4710-a775-b7c0351bf97f\\\"\"\
        ,\r\n        \"properties\": {\r\n          \"provisioningState\": \"Updating\"\
        ,\r\n          \"ruleType\": \"Basic\",\r\n          \"httpListener\": {\r\
        \n            \"id\": \"/subscriptions/00000000-0000-0000-0000-000000000000/resourceGroups/cli_test_ag_frontend_ip_private000001/providers/Microsoft.Network/applicationGateways/ag1/httpListeners/appGatewayHttpListener\"\
        \r\n          },\r\n          \"backendAddressPool\": {\r\n            \"\
        id\": \"/subscriptions/00000000-0000-0000-0000-000000000000/resourceGroups/cli_test_ag_frontend_ip_private000001/providers/Microsoft.Network/applicationGateways/ag1/backendAddressPools/appGatewayBackendPool\"\
        \r\n          },\r\n          \"backendHttpSettings\": {\r\n            \"\
        id\": \"/subscriptions/00000000-0000-0000-0000-000000000000/resourceGroups/cli_test_ag_frontend_ip_private000001/providers/Microsoft.Network/applicationGateways/ag1/backendHttpSettingsCollection/appGatewayBackendHttpSettings\"\
        \r\n          }\r\n        }\r\n      }\r\n    ],\r\n    \"probes\": [],\r\
        \n    \"redirectConfigurations\": []\r\n  }\r\n}"}
    headers:
      cache-control: [no-cache]
      content-length: ['8470']
      content-type: [application/json; charset=utf-8]
      date: ['Wed, 13 Dec 2017 21:11:40 GMT']
      etag: [W/"42a0919e-72ea-4710-a775-b7c0351bf97f"]
      expires: ['-1']
      pragma: [no-cache]
      server: [Microsoft-HTTPAPI/2.0, Microsoft-HTTPAPI/2.0]
      strict-transport-security: [max-age=31536000; includeSubDomains]
      transfer-encoding: [chunked]
      vary: [Accept-Encoding]
    status: {code: 200, message: OK}
- request:
    body: 'b''{"properties": {"resourceGuid": "de5b528e-b964-4179-b2e6-1894987d3852",
      "authenticationCertificates": [], "sku": {"capacity": 2, "name": "Standard_Medium",
      "tier": "Standard"}, "urlPathMaps": [], "redirectConfigurations": [], "sslCertificates":
      [], "probes": [], "frontendIPConfigurations": [{"properties": {"publicIPAddress":
      {"id": "/subscriptions/00000000-0000-0000-0000-000000000000/resourceGroups/cli_test_ag_frontend_ip_private000001/providers/Microsoft.Network/publicIPAddresses/myip1"},
      "privateIPAllocationMethod": "Dynamic", "provisioningState": "Updating"}, "id":
      "/subscriptions/00000000-0000-0000-0000-000000000000/resourceGroups/cli_test_ag_frontend_ip_private000001/providers/Microsoft.Network/applicationGateways/ag1/frontendIPConfigurations/appGatewayFrontendIP",
      "etag": "W/\\"42a0919e-72ea-4710-a775-b7c0351bf97f\\"", "name": "appGatewayFrontendIP"},
      {"properties": {"subnet": {"id": "/subscriptions/00000000-0000-0000-0000-000000000000/resourceGroups/cli_test_ag_frontend_ip_private000001/providers/Microsoft.Network/virtualNetworks/vnet1/subnets/subnet1"},
      "privateIPAllocationMethod": "Static", "privateIPAddress": "10.0.0.10"}, "name":
      "frontendip"}], "gatewayIPConfigurations": [{"properties": {"subnet": {"id":
      "/subscriptions/00000000-0000-0000-0000-000000000000/resourceGroups/cli_test_ag_frontend_ip_private000001/providers/Microsoft.Network/virtualNetworks/vnet1/subnets/subnet1"},
      "provisioningState": "Updating"}, "id": "/subscriptions/00000000-0000-0000-0000-000000000000/resourceGroups/cli_test_ag_frontend_ip_private000001/providers/Microsoft.Network/applicationGateways/ag1/gatewayIPConfigurations/appGatewayFrontendIP",
      "etag": "W/\\"42a0919e-72ea-4710-a775-b7c0351bf97f\\"", "name": "appGatewayFrontendIP"}],
      "frontendPorts": [{"properties": {"port": 80, "provisioningState": "Updating"},
      "id": "/subscriptions/00000000-0000-0000-0000-000000000000/resourceGroups/cli_test_ag_frontend_ip_private000001/providers/Microsoft.Network/applicationGateways/ag1/frontendPorts/appGatewayFrontendPort",
      "etag": "W/\\"42a0919e-72ea-4710-a775-b7c0351bf97f\\"", "name": "appGatewayFrontendPort"}],
      "backendAddressPools": [{"properties": {"backendAddresses": [], "provisioningState":
      "Updating"}, "id": "/subscriptions/00000000-0000-0000-0000-000000000000/resourceGroups/cli_test_ag_frontend_ip_private000001/providers/Microsoft.Network/applicationGateways/ag1/backendAddressPools/appGatewayBackendPool",
      "etag": "W/\\"42a0919e-72ea-4710-a775-b7c0351bf97f\\"", "name": "appGatewayBackendPool"}],
      "requestRoutingRules": [{"properties": {"provisioningState": "Updating", "backendAddressPool":
      {"id": "/subscriptions/00000000-0000-0000-0000-000000000000/resourceGroups/cli_test_ag_frontend_ip_private000001/providers/Microsoft.Network/applicationGateways/ag1/backendAddressPools/appGatewayBackendPool"},
      "ruleType": "Basic", "backendHttpSettings": {"id": "/subscriptions/00000000-0000-0000-0000-000000000000/resourceGroups/cli_test_ag_frontend_ip_private000001/providers/Microsoft.Network/applicationGateways/ag1/backendHttpSettingsCollection/appGatewayBackendHttpSettings"},
      "httpListener": {"id": "/subscriptions/00000000-0000-0000-0000-000000000000/resourceGroups/cli_test_ag_frontend_ip_private000001/providers/Microsoft.Network/applicationGateways/ag1/httpListeners/appGatewayHttpListener"}},
      "id": "/subscriptions/00000000-0000-0000-0000-000000000000/resourceGroups/cli_test_ag_frontend_ip_private000001/providers/Microsoft.Network/applicationGateways/ag1/requestRoutingRules/rule1",
      "etag": "W/\\"42a0919e-72ea-4710-a775-b7c0351bf97f\\"", "name": "rule1"}], "backendHttpSettingsCollection":
      [{"properties": {"cookieBasedAffinity": "Disabled", "connectionDraining": {"enabled":
      false, "drainTimeoutInSec": 1}, "port": 80, "provisioningState": "Updating",
      "protocol": "Http", "pickHostNameFromBackendAddress": false, "requestTimeout":
      30}, "id": "/subscriptions/00000000-0000-0000-0000-000000000000/resourceGroups/cli_test_ag_frontend_ip_private000001/providers/Microsoft.Network/applicationGateways/ag1/backendHttpSettingsCollection/appGatewayBackendHttpSettings",
      "etag": "W/\\"42a0919e-72ea-4710-a775-b7c0351bf97f\\"", "name": "appGatewayBackendHttpSettings"}],
      "httpListeners": [{"properties": {"requireServerNameIndication": false, "frontendIPConfiguration":
      {"id": "/subscriptions/00000000-0000-0000-0000-000000000000/resourceGroups/cli_test_ag_frontend_ip_private000001/providers/Microsoft.Network/applicationGateways/ag1/frontendIPConfigurations/appGatewayFrontendIP"},
      "protocol": "Http", "frontendPort": {"id": "/subscriptions/00000000-0000-0000-0000-000000000000/resourceGroups/cli_test_ag_frontend_ip_private000001/providers/Microsoft.Network/applicationGateways/ag1/frontendPorts/appGatewayFrontendPort"},
      "provisioningState": "Updating"}, "id": "/subscriptions/00000000-0000-0000-0000-000000000000/resourceGroups/cli_test_ag_frontend_ip_private000001/providers/Microsoft.Network/applicationGateways/ag1/httpListeners/appGatewayHttpListener",
      "etag": "W/\\"42a0919e-72ea-4710-a775-b7c0351bf97f\\"", "name": "appGatewayHttpListener"}],
      "provisioningState": "Updating"}, "id": "/subscriptions/00000000-0000-0000-0000-000000000000/resourceGroups/cli_test_ag_frontend_ip_private000001/providers/Microsoft.Network/applicationGateways/ag1",
      "etag": "W/\\"42a0919e-72ea-4710-a775-b7c0351bf97f\\"", "location": "westus",
      "tags": {}}'''
    headers:
      Accept: [application/json]
      Accept-Encoding: ['gzip, deflate']
      CommandName: [network application-gateway frontend-ip create]
      Connection: [keep-alive]
      Content-Length: ['5953']
      Content-Type: [application/json; charset=utf-8]
      User-Agent: [python/3.5.3 (Windows-10-10.0.16299-SP0) requests/2.18.4 msrest/0.4.19
          msrest_azure/0.4.18 networkmanagementclient/1.6.0 Azure-SDK-For-Python AZURECLI/2.0.23]
      accept-language: [en-US]
    method: PUT
    uri: https://management.azure.com/subscriptions/00000000-0000-0000-0000-000000000000/resourceGroups/cli_test_ag_frontend_ip_private000001/providers/Microsoft.Network/applicationGateways/ag1?api-version=2017-11-01
  response:
    body: {string: "{\r\n  \"name\": \"ag1\",\r\n  \"id\": \"/subscriptions/00000000-0000-0000-0000-000000000000/resourceGroups/cli_test_ag_frontend_ip_private000001/providers/Microsoft.Network/applicationGateways/ag1\"\
        ,\r\n  \"etag\": \"W/\\\"69e2cdcf-601c-4129-a5ad-c56b7bee23f1\\\"\",\r\n \
        \ \"type\": \"Microsoft.Network/applicationGateways\",\r\n  \"location\":\
        \ \"westus\",\r\n  \"tags\": {},\r\n  \"properties\": {\r\n    \"provisioningState\"\
        : \"Updating\",\r\n    \"resourceGuid\": \"de5b528e-b964-4179-b2e6-1894987d3852\"\
        ,\r\n    \"sku\": {\r\n      \"name\": \"Standard_Medium\",\r\n      \"tier\"\
        : \"Standard\",\r\n      \"capacity\": 2\r\n    },\r\n    \"operationalState\"\
        : \"Stopped\",\r\n    \"gatewayIPConfigurations\": [\r\n      {\r\n      \
        \  \"name\": \"appGatewayFrontendIP\",\r\n        \"id\": \"/subscriptions/00000000-0000-0000-0000-000000000000/resourceGroups/cli_test_ag_frontend_ip_private000001/providers/Microsoft.Network/applicationGateways/ag1/gatewayIPConfigurations/appGatewayFrontendIP\"\
        ,\r\n        \"etag\": \"W/\\\"69e2cdcf-601c-4129-a5ad-c56b7bee23f1\\\"\"\
        ,\r\n        \"properties\": {\r\n          \"provisioningState\": \"Updating\"\
        ,\r\n          \"subnet\": {\r\n            \"id\": \"/subscriptions/00000000-0000-0000-0000-000000000000/resourceGroups/cli_test_ag_frontend_ip_private000001/providers/Microsoft.Network/virtualNetworks/vnet1/subnets/subnet1\"\
        \r\n          }\r\n        }\r\n      }\r\n    ],\r\n    \"sslCertificates\"\
        : [],\r\n    \"authenticationCertificates\": [],\r\n    \"frontendIPConfigurations\"\
        : [\r\n      {\r\n        \"name\": \"appGatewayFrontendIP\",\r\n        \"\
        id\": \"/subscriptions/00000000-0000-0000-0000-000000000000/resourceGroups/cli_test_ag_frontend_ip_private000001/providers/Microsoft.Network/applicationGateways/ag1/frontendIPConfigurations/appGatewayFrontendIP\"\
        ,\r\n        \"etag\": \"W/\\\"69e2cdcf-601c-4129-a5ad-c56b7bee23f1\\\"\"\
        ,\r\n        \"properties\": {\r\n          \"provisioningState\": \"Updating\"\
        ,\r\n          \"privateIPAllocationMethod\": \"Dynamic\",\r\n          \"\
        publicIPAddress\": {\r\n            \"id\": \"/subscriptions/00000000-0000-0000-0000-000000000000/resourceGroups/cli_test_ag_frontend_ip_private000001/providers/Microsoft.Network/publicIPAddresses/myip1\"\
        \r\n          },\r\n          \"httpListeners\": [\r\n            {\r\n  \
        \            \"id\": \"/subscriptions/00000000-0000-0000-0000-000000000000/resourceGroups/cli_test_ag_frontend_ip_private000001/providers/Microsoft.Network/applicationGateways/ag1/httpListeners/appGatewayHttpListener\"\
        \r\n            }\r\n          ]\r\n        }\r\n      },\r\n      {\r\n \
        \       \"name\": \"frontendip\",\r\n        \"id\": \"/subscriptions/00000000-0000-0000-0000-000000000000/resourceGroups/cli_test_ag_frontend_ip_private000001/providers/Microsoft.Network/applicationGateways/ag1/frontendIPConfigurations/frontendip\"\
        ,\r\n        \"etag\": \"W/\\\"69e2cdcf-601c-4129-a5ad-c56b7bee23f1\\\"\"\
        ,\r\n        \"properties\": {\r\n          \"provisioningState\": \"Updating\"\
        ,\r\n          \"privateIPAddress\": \"10.0.0.10\",\r\n          \"privateIPAllocationMethod\"\
        : \"Static\",\r\n          \"subnet\": {\r\n            \"id\": \"/subscriptions/00000000-0000-0000-0000-000000000000/resourceGroups/cli_test_ag_frontend_ip_private000001/providers/Microsoft.Network/virtualNetworks/vnet1/subnets/subnet1\"\
        \r\n          }\r\n        }\r\n      }\r\n    ],\r\n    \"frontendPorts\"\
        : [\r\n      {\r\n        \"name\": \"appGatewayFrontendPort\",\r\n      \
        \  \"id\": \"/subscriptions/00000000-0000-0000-0000-000000000000/resourceGroups/cli_test_ag_frontend_ip_private000001/providers/Microsoft.Network/applicationGateways/ag1/frontendPorts/appGatewayFrontendPort\"\
        ,\r\n        \"etag\": \"W/\\\"69e2cdcf-601c-4129-a5ad-c56b7bee23f1\\\"\"\
        ,\r\n        \"properties\": {\r\n          \"provisioningState\": \"Updating\"\
        ,\r\n          \"port\": 80,\r\n          \"httpListeners\": [\r\n       \
        \     {\r\n              \"id\": \"/subscriptions/00000000-0000-0000-0000-000000000000/resourceGroups/cli_test_ag_frontend_ip_private000001/providers/Microsoft.Network/applicationGateways/ag1/httpListeners/appGatewayHttpListener\"\
        \r\n            }\r\n          ]\r\n        }\r\n      }\r\n    ],\r\n   \
        \ \"backendAddressPools\": [\r\n      {\r\n        \"name\": \"appGatewayBackendPool\"\
        ,\r\n        \"id\": \"/subscriptions/00000000-0000-0000-0000-000000000000/resourceGroups/cli_test_ag_frontend_ip_private000001/providers/Microsoft.Network/applicationGateways/ag1/backendAddressPools/appGatewayBackendPool\"\
        ,\r\n        \"etag\": \"W/\\\"69e2cdcf-601c-4129-a5ad-c56b7bee23f1\\\"\"\
        ,\r\n        \"properties\": {\r\n          \"provisioningState\": \"Updating\"\
        ,\r\n          \"backendAddresses\": [],\r\n          \"requestRoutingRules\"\
        : [\r\n            {\r\n              \"id\": \"/subscriptions/00000000-0000-0000-0000-000000000000/resourceGroups/cli_test_ag_frontend_ip_private000001/providers/Microsoft.Network/applicationGateways/ag1/requestRoutingRules/rule1\"\
        \r\n            }\r\n          ]\r\n        }\r\n      }\r\n    ],\r\n   \
        \ \"backendHttpSettingsCollection\": [\r\n      {\r\n        \"name\": \"\
        appGatewayBackendHttpSettings\",\r\n        \"id\": \"/subscriptions/00000000-0000-0000-0000-000000000000/resourceGroups/cli_test_ag_frontend_ip_private000001/providers/Microsoft.Network/applicationGateways/ag1/backendHttpSettingsCollection/appGatewayBackendHttpSettings\"\
        ,\r\n        \"etag\": \"W/\\\"69e2cdcf-601c-4129-a5ad-c56b7bee23f1\\\"\"\
        ,\r\n        \"properties\": {\r\n          \"provisioningState\": \"Updating\"\
        ,\r\n          \"port\": 80,\r\n          \"protocol\": \"Http\",\r\n    \
        \      \"cookieBasedAffinity\": \"Disabled\",\r\n          \"connectionDraining\"\
        : {\r\n            \"enabled\": false,\r\n            \"drainTimeoutInSec\"\
        : 1\r\n          },\r\n          \"pickHostNameFromBackendAddress\": false,\r\
        \n          \"requestTimeout\": 30,\r\n          \"requestRoutingRules\":\
        \ [\r\n            {\r\n              \"id\": \"/subscriptions/00000000-0000-0000-0000-000000000000/resourceGroups/cli_test_ag_frontend_ip_private000001/providers/Microsoft.Network/applicationGateways/ag1/requestRoutingRules/rule1\"\
        \r\n            }\r\n          ]\r\n        }\r\n      }\r\n    ],\r\n   \
        \ \"httpListeners\": [\r\n      {\r\n        \"name\": \"appGatewayHttpListener\"\
        ,\r\n        \"id\": \"/subscriptions/00000000-0000-0000-0000-000000000000/resourceGroups/cli_test_ag_frontend_ip_private000001/providers/Microsoft.Network/applicationGateways/ag1/httpListeners/appGatewayHttpListener\"\
        ,\r\n        \"etag\": \"W/\\\"69e2cdcf-601c-4129-a5ad-c56b7bee23f1\\\"\"\
        ,\r\n        \"properties\": {\r\n          \"provisioningState\": \"Updating\"\
        ,\r\n          \"frontendIPConfiguration\": {\r\n            \"id\": \"/subscriptions/00000000-0000-0000-0000-000000000000/resourceGroups/cli_test_ag_frontend_ip_private000001/providers/Microsoft.Network/applicationGateways/ag1/frontendIPConfigurations/appGatewayFrontendIP\"\
        \r\n          },\r\n          \"frontendPort\": {\r\n            \"id\": \"\
        /subscriptions/00000000-0000-0000-0000-000000000000/resourceGroups/cli_test_ag_frontend_ip_private000001/providers/Microsoft.Network/applicationGateways/ag1/frontendPorts/appGatewayFrontendPort\"\
        \r\n          },\r\n          \"protocol\": \"Http\",\r\n          \"requireServerNameIndication\"\
        : false,\r\n          \"requestRoutingRules\": [\r\n            {\r\n    \
        \          \"id\": \"/subscriptions/00000000-0000-0000-0000-000000000000/resourceGroups/cli_test_ag_frontend_ip_private000001/providers/Microsoft.Network/applicationGateways/ag1/requestRoutingRules/rule1\"\
        \r\n            }\r\n          ]\r\n        }\r\n      }\r\n    ],\r\n   \
        \ \"urlPathMaps\": [],\r\n    \"requestRoutingRules\": [\r\n      {\r\n  \
        \      \"name\": \"rule1\",\r\n        \"id\": \"/subscriptions/00000000-0000-0000-0000-000000000000/resourceGroups/cli_test_ag_frontend_ip_private000001/providers/Microsoft.Network/applicationGateways/ag1/requestRoutingRules/rule1\"\
        ,\r\n        \"etag\": \"W/\\\"69e2cdcf-601c-4129-a5ad-c56b7bee23f1\\\"\"\
        ,\r\n        \"properties\": {\r\n          \"provisioningState\": \"Updating\"\
        ,\r\n          \"ruleType\": \"Basic\",\r\n          \"httpListener\": {\r\
        \n            \"id\": \"/subscriptions/00000000-0000-0000-0000-000000000000/resourceGroups/cli_test_ag_frontend_ip_private000001/providers/Microsoft.Network/applicationGateways/ag1/httpListeners/appGatewayHttpListener\"\
        \r\n          },\r\n          \"backendAddressPool\": {\r\n            \"\
        id\": \"/subscriptions/00000000-0000-0000-0000-000000000000/resourceGroups/cli_test_ag_frontend_ip_private000001/providers/Microsoft.Network/applicationGateways/ag1/backendAddressPools/appGatewayBackendPool\"\
        \r\n          },\r\n          \"backendHttpSettings\": {\r\n            \"\
        id\": \"/subscriptions/00000000-0000-0000-0000-000000000000/resourceGroups/cli_test_ag_frontend_ip_private000001/providers/Microsoft.Network/applicationGateways/ag1/backendHttpSettingsCollection/appGatewayBackendHttpSettings\"\
        \r\n          }\r\n        }\r\n      }\r\n    ],\r\n    \"probes\": [],\r\
        \n    \"redirectConfigurations\": []\r\n  }\r\n}"}
    headers:
      azure-asyncoperation: ['https://management.azure.com/subscriptions/00000000-0000-0000-0000-000000000000/providers/Microsoft.Network/locations/westus/operations/f0c2c160-5078-4d30-ab81-50829658aef3?api-version=2017-11-01']
      cache-control: [no-cache]
      content-length: ['9272']
      content-type: [application/json; charset=utf-8]
      date: ['Wed, 13 Dec 2017 21:11:41 GMT']
      expires: ['-1']
      pragma: [no-cache]
      server: [Microsoft-HTTPAPI/2.0, Microsoft-HTTPAPI/2.0]
      strict-transport-security: [max-age=31536000; includeSubDomains]
      transfer-encoding: [chunked]
      vary: [Accept-Encoding]
      x-ms-ratelimit-remaining-subscription-writes: ['1194']
    status: {code: 200, message: OK}
- request:
    body: null
    headers:
      Accept: [application/json]
      Accept-Encoding: ['gzip, deflate']
      CommandName: [network application-gateway frontend-ip show]
      Connection: [keep-alive]
      Content-Type: [application/json; charset=utf-8]
      User-Agent: [python/3.5.3 (Windows-10-10.0.16299-SP0) requests/2.18.4 msrest/0.4.19
          msrest_azure/0.4.18 networkmanagementclient/1.6.0 Azure-SDK-For-Python AZURECLI/2.0.23]
      accept-language: [en-US]
    method: GET
    uri: https://management.azure.com/subscriptions/00000000-0000-0000-0000-000000000000/resourceGroups/cli_test_ag_frontend_ip_private000001/providers/Microsoft.Network/applicationGateways/ag1?api-version=2017-11-01
  response:
    body: {string: "{\r\n  \"name\": \"ag1\",\r\n  \"id\": \"/subscriptions/00000000-0000-0000-0000-000000000000/resourceGroups/cli_test_ag_frontend_ip_private000001/providers/Microsoft.Network/applicationGateways/ag1\"\
        ,\r\n  \"etag\": \"W/\\\"69e2cdcf-601c-4129-a5ad-c56b7bee23f1\\\"\",\r\n \
        \ \"type\": \"Microsoft.Network/applicationGateways\",\r\n  \"location\":\
        \ \"westus\",\r\n  \"tags\": {},\r\n  \"properties\": {\r\n    \"provisioningState\"\
        : \"Updating\",\r\n    \"resourceGuid\": \"de5b528e-b964-4179-b2e6-1894987d3852\"\
        ,\r\n    \"sku\": {\r\n      \"name\": \"Standard_Medium\",\r\n      \"tier\"\
        : \"Standard\",\r\n      \"capacity\": 2\r\n    },\r\n    \"operationalState\"\
        : \"Stopped\",\r\n    \"gatewayIPConfigurations\": [\r\n      {\r\n      \
        \  \"name\": \"appGatewayFrontendIP\",\r\n        \"id\": \"/subscriptions/00000000-0000-0000-0000-000000000000/resourceGroups/cli_test_ag_frontend_ip_private000001/providers/Microsoft.Network/applicationGateways/ag1/gatewayIPConfigurations/appGatewayFrontendIP\"\
        ,\r\n        \"etag\": \"W/\\\"69e2cdcf-601c-4129-a5ad-c56b7bee23f1\\\"\"\
        ,\r\n        \"properties\": {\r\n          \"provisioningState\": \"Updating\"\
        ,\r\n          \"subnet\": {\r\n            \"id\": \"/subscriptions/00000000-0000-0000-0000-000000000000/resourceGroups/cli_test_ag_frontend_ip_private000001/providers/Microsoft.Network/virtualNetworks/vnet1/subnets/subnet1\"\
        \r\n          }\r\n        }\r\n      }\r\n    ],\r\n    \"sslCertificates\"\
        : [],\r\n    \"authenticationCertificates\": [],\r\n    \"frontendIPConfigurations\"\
        : [\r\n      {\r\n        \"name\": \"appGatewayFrontendIP\",\r\n        \"\
        id\": \"/subscriptions/00000000-0000-0000-0000-000000000000/resourceGroups/cli_test_ag_frontend_ip_private000001/providers/Microsoft.Network/applicationGateways/ag1/frontendIPConfigurations/appGatewayFrontendIP\"\
        ,\r\n        \"etag\": \"W/\\\"69e2cdcf-601c-4129-a5ad-c56b7bee23f1\\\"\"\
        ,\r\n        \"properties\": {\r\n          \"provisioningState\": \"Updating\"\
        ,\r\n          \"privateIPAllocationMethod\": \"Dynamic\",\r\n          \"\
        publicIPAddress\": {\r\n            \"id\": \"/subscriptions/00000000-0000-0000-0000-000000000000/resourceGroups/cli_test_ag_frontend_ip_private000001/providers/Microsoft.Network/publicIPAddresses/myip1\"\
        \r\n          },\r\n          \"httpListeners\": [\r\n            {\r\n  \
        \            \"id\": \"/subscriptions/00000000-0000-0000-0000-000000000000/resourceGroups/cli_test_ag_frontend_ip_private000001/providers/Microsoft.Network/applicationGateways/ag1/httpListeners/appGatewayHttpListener\"\
        \r\n            }\r\n          ]\r\n        }\r\n      },\r\n      {\r\n \
        \       \"name\": \"frontendip\",\r\n        \"id\": \"/subscriptions/00000000-0000-0000-0000-000000000000/resourceGroups/cli_test_ag_frontend_ip_private000001/providers/Microsoft.Network/applicationGateways/ag1/frontendIPConfigurations/frontendip\"\
        ,\r\n        \"etag\": \"W/\\\"69e2cdcf-601c-4129-a5ad-c56b7bee23f1\\\"\"\
        ,\r\n        \"properties\": {\r\n          \"provisioningState\": \"Updating\"\
        ,\r\n          \"privateIPAddress\": \"10.0.0.10\",\r\n          \"privateIPAllocationMethod\"\
        : \"Static\",\r\n          \"subnet\": {\r\n            \"id\": \"/subscriptions/00000000-0000-0000-0000-000000000000/resourceGroups/cli_test_ag_frontend_ip_private000001/providers/Microsoft.Network/virtualNetworks/vnet1/subnets/subnet1\"\
        \r\n          }\r\n        }\r\n      }\r\n    ],\r\n    \"frontendPorts\"\
        : [\r\n      {\r\n        \"name\": \"appGatewayFrontendPort\",\r\n      \
        \  \"id\": \"/subscriptions/00000000-0000-0000-0000-000000000000/resourceGroups/cli_test_ag_frontend_ip_private000001/providers/Microsoft.Network/applicationGateways/ag1/frontendPorts/appGatewayFrontendPort\"\
        ,\r\n        \"etag\": \"W/\\\"69e2cdcf-601c-4129-a5ad-c56b7bee23f1\\\"\"\
        ,\r\n        \"properties\": {\r\n          \"provisioningState\": \"Updating\"\
        ,\r\n          \"port\": 80,\r\n          \"httpListeners\": [\r\n       \
        \     {\r\n              \"id\": \"/subscriptions/00000000-0000-0000-0000-000000000000/resourceGroups/cli_test_ag_frontend_ip_private000001/providers/Microsoft.Network/applicationGateways/ag1/httpListeners/appGatewayHttpListener\"\
        \r\n            }\r\n          ]\r\n        }\r\n      }\r\n    ],\r\n   \
        \ \"backendAddressPools\": [\r\n      {\r\n        \"name\": \"appGatewayBackendPool\"\
        ,\r\n        \"id\": \"/subscriptions/00000000-0000-0000-0000-000000000000/resourceGroups/cli_test_ag_frontend_ip_private000001/providers/Microsoft.Network/applicationGateways/ag1/backendAddressPools/appGatewayBackendPool\"\
        ,\r\n        \"etag\": \"W/\\\"69e2cdcf-601c-4129-a5ad-c56b7bee23f1\\\"\"\
        ,\r\n        \"properties\": {\r\n          \"provisioningState\": \"Updating\"\
        ,\r\n          \"backendAddresses\": [],\r\n          \"requestRoutingRules\"\
        : [\r\n            {\r\n              \"id\": \"/subscriptions/00000000-0000-0000-0000-000000000000/resourceGroups/cli_test_ag_frontend_ip_private000001/providers/Microsoft.Network/applicationGateways/ag1/requestRoutingRules/rule1\"\
        \r\n            }\r\n          ]\r\n        }\r\n      }\r\n    ],\r\n   \
        \ \"backendHttpSettingsCollection\": [\r\n      {\r\n        \"name\": \"\
        appGatewayBackendHttpSettings\",\r\n        \"id\": \"/subscriptions/00000000-0000-0000-0000-000000000000/resourceGroups/cli_test_ag_frontend_ip_private000001/providers/Microsoft.Network/applicationGateways/ag1/backendHttpSettingsCollection/appGatewayBackendHttpSettings\"\
        ,\r\n        \"etag\": \"W/\\\"69e2cdcf-601c-4129-a5ad-c56b7bee23f1\\\"\"\
        ,\r\n        \"properties\": {\r\n          \"provisioningState\": \"Updating\"\
        ,\r\n          \"port\": 80,\r\n          \"protocol\": \"Http\",\r\n    \
        \      \"cookieBasedAffinity\": \"Disabled\",\r\n          \"connectionDraining\"\
        : {\r\n            \"enabled\": false,\r\n            \"drainTimeoutInSec\"\
        : 1\r\n          },\r\n          \"pickHostNameFromBackendAddress\": false,\r\
        \n          \"requestTimeout\": 30,\r\n          \"requestRoutingRules\":\
        \ [\r\n            {\r\n              \"id\": \"/subscriptions/00000000-0000-0000-0000-000000000000/resourceGroups/cli_test_ag_frontend_ip_private000001/providers/Microsoft.Network/applicationGateways/ag1/requestRoutingRules/rule1\"\
        \r\n            }\r\n          ]\r\n        }\r\n      }\r\n    ],\r\n   \
        \ \"httpListeners\": [\r\n      {\r\n        \"name\": \"appGatewayHttpListener\"\
        ,\r\n        \"id\": \"/subscriptions/00000000-0000-0000-0000-000000000000/resourceGroups/cli_test_ag_frontend_ip_private000001/providers/Microsoft.Network/applicationGateways/ag1/httpListeners/appGatewayHttpListener\"\
        ,\r\n        \"etag\": \"W/\\\"69e2cdcf-601c-4129-a5ad-c56b7bee23f1\\\"\"\
        ,\r\n        \"properties\": {\r\n          \"provisioningState\": \"Updating\"\
        ,\r\n          \"frontendIPConfiguration\": {\r\n            \"id\": \"/subscriptions/00000000-0000-0000-0000-000000000000/resourceGroups/cli_test_ag_frontend_ip_private000001/providers/Microsoft.Network/applicationGateways/ag1/frontendIPConfigurations/appGatewayFrontendIP\"\
        \r\n          },\r\n          \"frontendPort\": {\r\n            \"id\": \"\
        /subscriptions/00000000-0000-0000-0000-000000000000/resourceGroups/cli_test_ag_frontend_ip_private000001/providers/Microsoft.Network/applicationGateways/ag1/frontendPorts/appGatewayFrontendPort\"\
        \r\n          },\r\n          \"protocol\": \"Http\",\r\n          \"requireServerNameIndication\"\
        : false,\r\n          \"requestRoutingRules\": [\r\n            {\r\n    \
        \          \"id\": \"/subscriptions/00000000-0000-0000-0000-000000000000/resourceGroups/cli_test_ag_frontend_ip_private000001/providers/Microsoft.Network/applicationGateways/ag1/requestRoutingRules/rule1\"\
        \r\n            }\r\n          ]\r\n        }\r\n      }\r\n    ],\r\n   \
        \ \"urlPathMaps\": [],\r\n    \"requestRoutingRules\": [\r\n      {\r\n  \
        \      \"name\": \"rule1\",\r\n        \"id\": \"/subscriptions/00000000-0000-0000-0000-000000000000/resourceGroups/cli_test_ag_frontend_ip_private000001/providers/Microsoft.Network/applicationGateways/ag1/requestRoutingRules/rule1\"\
        ,\r\n        \"etag\": \"W/\\\"69e2cdcf-601c-4129-a5ad-c56b7bee23f1\\\"\"\
        ,\r\n        \"properties\": {\r\n          \"provisioningState\": \"Updating\"\
        ,\r\n          \"ruleType\": \"Basic\",\r\n          \"httpListener\": {\r\
        \n            \"id\": \"/subscriptions/00000000-0000-0000-0000-000000000000/resourceGroups/cli_test_ag_frontend_ip_private000001/providers/Microsoft.Network/applicationGateways/ag1/httpListeners/appGatewayHttpListener\"\
        \r\n          },\r\n          \"backendAddressPool\": {\r\n            \"\
        id\": \"/subscriptions/00000000-0000-0000-0000-000000000000/resourceGroups/cli_test_ag_frontend_ip_private000001/providers/Microsoft.Network/applicationGateways/ag1/backendAddressPools/appGatewayBackendPool\"\
        \r\n          },\r\n          \"backendHttpSettings\": {\r\n            \"\
        id\": \"/subscriptions/00000000-0000-0000-0000-000000000000/resourceGroups/cli_test_ag_frontend_ip_private000001/providers/Microsoft.Network/applicationGateways/ag1/backendHttpSettingsCollection/appGatewayBackendHttpSettings\"\
        \r\n          }\r\n        }\r\n      }\r\n    ],\r\n    \"probes\": [],\r\
        \n    \"redirectConfigurations\": []\r\n  }\r\n}"}
    headers:
      cache-control: [no-cache]
      content-length: ['9272']
      content-type: [application/json; charset=utf-8]
      date: ['Wed, 13 Dec 2017 21:11:41 GMT']
      etag: [W/"69e2cdcf-601c-4129-a5ad-c56b7bee23f1"]
      expires: ['-1']
      pragma: [no-cache]
      server: [Microsoft-HTTPAPI/2.0, Microsoft-HTTPAPI/2.0]
      strict-transport-security: [max-age=31536000; includeSubDomains]
      transfer-encoding: [chunked]
      vary: [Accept-Encoding]
    status: {code: 200, message: OK}
- request:
    body: null
    headers:
      Accept: [application/json]
      Accept-Encoding: ['gzip, deflate']
      CommandName: [network application-gateway frontend-ip list]
      Connection: [keep-alive]
      Content-Type: [application/json; charset=utf-8]
      User-Agent: [python/3.5.3 (Windows-10-10.0.16299-SP0) requests/2.18.4 msrest/0.4.19
          msrest_azure/0.4.18 networkmanagementclient/1.6.0 Azure-SDK-For-Python AZURECLI/2.0.23]
      accept-language: [en-US]
    method: GET
    uri: https://management.azure.com/subscriptions/00000000-0000-0000-0000-000000000000/resourceGroups/cli_test_ag_frontend_ip_private000001/providers/Microsoft.Network/applicationGateways/ag1?api-version=2017-11-01
  response:
    body: {string: "{\r\n  \"name\": \"ag1\",\r\n  \"id\": \"/subscriptions/00000000-0000-0000-0000-000000000000/resourceGroups/cli_test_ag_frontend_ip_private000001/providers/Microsoft.Network/applicationGateways/ag1\"\
        ,\r\n  \"etag\": \"W/\\\"69e2cdcf-601c-4129-a5ad-c56b7bee23f1\\\"\",\r\n \
        \ \"type\": \"Microsoft.Network/applicationGateways\",\r\n  \"location\":\
        \ \"westus\",\r\n  \"tags\": {},\r\n  \"properties\": {\r\n    \"provisioningState\"\
        : \"Updating\",\r\n    \"resourceGuid\": \"de5b528e-b964-4179-b2e6-1894987d3852\"\
        ,\r\n    \"sku\": {\r\n      \"name\": \"Standard_Medium\",\r\n      \"tier\"\
        : \"Standard\",\r\n      \"capacity\": 2\r\n    },\r\n    \"operationalState\"\
        : \"Stopped\",\r\n    \"gatewayIPConfigurations\": [\r\n      {\r\n      \
        \  \"name\": \"appGatewayFrontendIP\",\r\n        \"id\": \"/subscriptions/00000000-0000-0000-0000-000000000000/resourceGroups/cli_test_ag_frontend_ip_private000001/providers/Microsoft.Network/applicationGateways/ag1/gatewayIPConfigurations/appGatewayFrontendIP\"\
        ,\r\n        \"etag\": \"W/\\\"69e2cdcf-601c-4129-a5ad-c56b7bee23f1\\\"\"\
        ,\r\n        \"properties\": {\r\n          \"provisioningState\": \"Updating\"\
        ,\r\n          \"subnet\": {\r\n            \"id\": \"/subscriptions/00000000-0000-0000-0000-000000000000/resourceGroups/cli_test_ag_frontend_ip_private000001/providers/Microsoft.Network/virtualNetworks/vnet1/subnets/subnet1\"\
        \r\n          }\r\n        }\r\n      }\r\n    ],\r\n    \"sslCertificates\"\
        : [],\r\n    \"authenticationCertificates\": [],\r\n    \"frontendIPConfigurations\"\
        : [\r\n      {\r\n        \"name\": \"appGatewayFrontendIP\",\r\n        \"\
        id\": \"/subscriptions/00000000-0000-0000-0000-000000000000/resourceGroups/cli_test_ag_frontend_ip_private000001/providers/Microsoft.Network/applicationGateways/ag1/frontendIPConfigurations/appGatewayFrontendIP\"\
        ,\r\n        \"etag\": \"W/\\\"69e2cdcf-601c-4129-a5ad-c56b7bee23f1\\\"\"\
        ,\r\n        \"properties\": {\r\n          \"provisioningState\": \"Updating\"\
        ,\r\n          \"privateIPAllocationMethod\": \"Dynamic\",\r\n          \"\
        publicIPAddress\": {\r\n            \"id\": \"/subscriptions/00000000-0000-0000-0000-000000000000/resourceGroups/cli_test_ag_frontend_ip_private000001/providers/Microsoft.Network/publicIPAddresses/myip1\"\
        \r\n          },\r\n          \"httpListeners\": [\r\n            {\r\n  \
        \            \"id\": \"/subscriptions/00000000-0000-0000-0000-000000000000/resourceGroups/cli_test_ag_frontend_ip_private000001/providers/Microsoft.Network/applicationGateways/ag1/httpListeners/appGatewayHttpListener\"\
        \r\n            }\r\n          ]\r\n        }\r\n      },\r\n      {\r\n \
        \       \"name\": \"frontendip\",\r\n        \"id\": \"/subscriptions/00000000-0000-0000-0000-000000000000/resourceGroups/cli_test_ag_frontend_ip_private000001/providers/Microsoft.Network/applicationGateways/ag1/frontendIPConfigurations/frontendip\"\
        ,\r\n        \"etag\": \"W/\\\"69e2cdcf-601c-4129-a5ad-c56b7bee23f1\\\"\"\
        ,\r\n        \"properties\": {\r\n          \"provisioningState\": \"Updating\"\
        ,\r\n          \"privateIPAddress\": \"10.0.0.10\",\r\n          \"privateIPAllocationMethod\"\
        : \"Static\",\r\n          \"subnet\": {\r\n            \"id\": \"/subscriptions/00000000-0000-0000-0000-000000000000/resourceGroups/cli_test_ag_frontend_ip_private000001/providers/Microsoft.Network/virtualNetworks/vnet1/subnets/subnet1\"\
        \r\n          }\r\n        }\r\n      }\r\n    ],\r\n    \"frontendPorts\"\
        : [\r\n      {\r\n        \"name\": \"appGatewayFrontendPort\",\r\n      \
        \  \"id\": \"/subscriptions/00000000-0000-0000-0000-000000000000/resourceGroups/cli_test_ag_frontend_ip_private000001/providers/Microsoft.Network/applicationGateways/ag1/frontendPorts/appGatewayFrontendPort\"\
        ,\r\n        \"etag\": \"W/\\\"69e2cdcf-601c-4129-a5ad-c56b7bee23f1\\\"\"\
        ,\r\n        \"properties\": {\r\n          \"provisioningState\": \"Updating\"\
        ,\r\n          \"port\": 80,\r\n          \"httpListeners\": [\r\n       \
        \     {\r\n              \"id\": \"/subscriptions/00000000-0000-0000-0000-000000000000/resourceGroups/cli_test_ag_frontend_ip_private000001/providers/Microsoft.Network/applicationGateways/ag1/httpListeners/appGatewayHttpListener\"\
        \r\n            }\r\n          ]\r\n        }\r\n      }\r\n    ],\r\n   \
        \ \"backendAddressPools\": [\r\n      {\r\n        \"name\": \"appGatewayBackendPool\"\
        ,\r\n        \"id\": \"/subscriptions/00000000-0000-0000-0000-000000000000/resourceGroups/cli_test_ag_frontend_ip_private000001/providers/Microsoft.Network/applicationGateways/ag1/backendAddressPools/appGatewayBackendPool\"\
        ,\r\n        \"etag\": \"W/\\\"69e2cdcf-601c-4129-a5ad-c56b7bee23f1\\\"\"\
        ,\r\n        \"properties\": {\r\n          \"provisioningState\": \"Updating\"\
        ,\r\n          \"backendAddresses\": [],\r\n          \"requestRoutingRules\"\
        : [\r\n            {\r\n              \"id\": \"/subscriptions/00000000-0000-0000-0000-000000000000/resourceGroups/cli_test_ag_frontend_ip_private000001/providers/Microsoft.Network/applicationGateways/ag1/requestRoutingRules/rule1\"\
        \r\n            }\r\n          ]\r\n        }\r\n      }\r\n    ],\r\n   \
        \ \"backendHttpSettingsCollection\": [\r\n      {\r\n        \"name\": \"\
        appGatewayBackendHttpSettings\",\r\n        \"id\": \"/subscriptions/00000000-0000-0000-0000-000000000000/resourceGroups/cli_test_ag_frontend_ip_private000001/providers/Microsoft.Network/applicationGateways/ag1/backendHttpSettingsCollection/appGatewayBackendHttpSettings\"\
        ,\r\n        \"etag\": \"W/\\\"69e2cdcf-601c-4129-a5ad-c56b7bee23f1\\\"\"\
        ,\r\n        \"properties\": {\r\n          \"provisioningState\": \"Updating\"\
        ,\r\n          \"port\": 80,\r\n          \"protocol\": \"Http\",\r\n    \
        \      \"cookieBasedAffinity\": \"Disabled\",\r\n          \"connectionDraining\"\
        : {\r\n            \"enabled\": false,\r\n            \"drainTimeoutInSec\"\
        : 1\r\n          },\r\n          \"pickHostNameFromBackendAddress\": false,\r\
        \n          \"requestTimeout\": 30,\r\n          \"requestRoutingRules\":\
        \ [\r\n            {\r\n              \"id\": \"/subscriptions/00000000-0000-0000-0000-000000000000/resourceGroups/cli_test_ag_frontend_ip_private000001/providers/Microsoft.Network/applicationGateways/ag1/requestRoutingRules/rule1\"\
        \r\n            }\r\n          ]\r\n        }\r\n      }\r\n    ],\r\n   \
        \ \"httpListeners\": [\r\n      {\r\n        \"name\": \"appGatewayHttpListener\"\
        ,\r\n        \"id\": \"/subscriptions/00000000-0000-0000-0000-000000000000/resourceGroups/cli_test_ag_frontend_ip_private000001/providers/Microsoft.Network/applicationGateways/ag1/httpListeners/appGatewayHttpListener\"\
        ,\r\n        \"etag\": \"W/\\\"69e2cdcf-601c-4129-a5ad-c56b7bee23f1\\\"\"\
        ,\r\n        \"properties\": {\r\n          \"provisioningState\": \"Updating\"\
        ,\r\n          \"frontendIPConfiguration\": {\r\n            \"id\": \"/subscriptions/00000000-0000-0000-0000-000000000000/resourceGroups/cli_test_ag_frontend_ip_private000001/providers/Microsoft.Network/applicationGateways/ag1/frontendIPConfigurations/appGatewayFrontendIP\"\
        \r\n          },\r\n          \"frontendPort\": {\r\n            \"id\": \"\
        /subscriptions/00000000-0000-0000-0000-000000000000/resourceGroups/cli_test_ag_frontend_ip_private000001/providers/Microsoft.Network/applicationGateways/ag1/frontendPorts/appGatewayFrontendPort\"\
        \r\n          },\r\n          \"protocol\": \"Http\",\r\n          \"requireServerNameIndication\"\
        : false,\r\n          \"requestRoutingRules\": [\r\n            {\r\n    \
        \          \"id\": \"/subscriptions/00000000-0000-0000-0000-000000000000/resourceGroups/cli_test_ag_frontend_ip_private000001/providers/Microsoft.Network/applicationGateways/ag1/requestRoutingRules/rule1\"\
        \r\n            }\r\n          ]\r\n        }\r\n      }\r\n    ],\r\n   \
        \ \"urlPathMaps\": [],\r\n    \"requestRoutingRules\": [\r\n      {\r\n  \
        \      \"name\": \"rule1\",\r\n        \"id\": \"/subscriptions/00000000-0000-0000-0000-000000000000/resourceGroups/cli_test_ag_frontend_ip_private000001/providers/Microsoft.Network/applicationGateways/ag1/requestRoutingRules/rule1\"\
        ,\r\n        \"etag\": \"W/\\\"69e2cdcf-601c-4129-a5ad-c56b7bee23f1\\\"\"\
        ,\r\n        \"properties\": {\r\n          \"provisioningState\": \"Updating\"\
        ,\r\n          \"ruleType\": \"Basic\",\r\n          \"httpListener\": {\r\
        \n            \"id\": \"/subscriptions/00000000-0000-0000-0000-000000000000/resourceGroups/cli_test_ag_frontend_ip_private000001/providers/Microsoft.Network/applicationGateways/ag1/httpListeners/appGatewayHttpListener\"\
        \r\n          },\r\n          \"backendAddressPool\": {\r\n            \"\
        id\": \"/subscriptions/00000000-0000-0000-0000-000000000000/resourceGroups/cli_test_ag_frontend_ip_private000001/providers/Microsoft.Network/applicationGateways/ag1/backendAddressPools/appGatewayBackendPool\"\
        \r\n          },\r\n          \"backendHttpSettings\": {\r\n            \"\
        id\": \"/subscriptions/00000000-0000-0000-0000-000000000000/resourceGroups/cli_test_ag_frontend_ip_private000001/providers/Microsoft.Network/applicationGateways/ag1/backendHttpSettingsCollection/appGatewayBackendHttpSettings\"\
        \r\n          }\r\n        }\r\n      }\r\n    ],\r\n    \"probes\": [],\r\
        \n    \"redirectConfigurations\": []\r\n  }\r\n}"}
    headers:
      cache-control: [no-cache]
      content-length: ['9272']
      content-type: [application/json; charset=utf-8]
      date: ['Wed, 13 Dec 2017 21:11:42 GMT']
      etag: [W/"69e2cdcf-601c-4129-a5ad-c56b7bee23f1"]
      expires: ['-1']
      pragma: [no-cache]
      server: [Microsoft-HTTPAPI/2.0, Microsoft-HTTPAPI/2.0]
      strict-transport-security: [max-age=31536000; includeSubDomains]
      transfer-encoding: [chunked]
      vary: [Accept-Encoding]
    status: {code: 200, message: OK}
- request:
    body: null
    headers:
      Accept: [application/json]
      Accept-Encoding: ['gzip, deflate']
      CommandName: [network application-gateway frontend-ip delete]
      Connection: [keep-alive]
      Content-Type: [application/json; charset=utf-8]
      User-Agent: [python/3.5.3 (Windows-10-10.0.16299-SP0) requests/2.18.4 msrest/0.4.19
          msrest_azure/0.4.18 networkmanagementclient/1.6.0 Azure-SDK-For-Python AZURECLI/2.0.23]
      accept-language: [en-US]
    method: GET
    uri: https://management.azure.com/subscriptions/00000000-0000-0000-0000-000000000000/resourceGroups/cli_test_ag_frontend_ip_private000001/providers/Microsoft.Network/applicationGateways/ag1?api-version=2017-11-01
  response:
    body: {string: "{\r\n  \"name\": \"ag1\",\r\n  \"id\": \"/subscriptions/00000000-0000-0000-0000-000000000000/resourceGroups/cli_test_ag_frontend_ip_private000001/providers/Microsoft.Network/applicationGateways/ag1\"\
        ,\r\n  \"etag\": \"W/\\\"69e2cdcf-601c-4129-a5ad-c56b7bee23f1\\\"\",\r\n \
        \ \"type\": \"Microsoft.Network/applicationGateways\",\r\n  \"location\":\
        \ \"westus\",\r\n  \"tags\": {},\r\n  \"properties\": {\r\n    \"provisioningState\"\
        : \"Updating\",\r\n    \"resourceGuid\": \"de5b528e-b964-4179-b2e6-1894987d3852\"\
        ,\r\n    \"sku\": {\r\n      \"name\": \"Standard_Medium\",\r\n      \"tier\"\
        : \"Standard\",\r\n      \"capacity\": 2\r\n    },\r\n    \"operationalState\"\
        : \"Stopped\",\r\n    \"gatewayIPConfigurations\": [\r\n      {\r\n      \
        \  \"name\": \"appGatewayFrontendIP\",\r\n        \"id\": \"/subscriptions/00000000-0000-0000-0000-000000000000/resourceGroups/cli_test_ag_frontend_ip_private000001/providers/Microsoft.Network/applicationGateways/ag1/gatewayIPConfigurations/appGatewayFrontendIP\"\
        ,\r\n        \"etag\": \"W/\\\"69e2cdcf-601c-4129-a5ad-c56b7bee23f1\\\"\"\
        ,\r\n        \"properties\": {\r\n          \"provisioningState\": \"Updating\"\
        ,\r\n          \"subnet\": {\r\n            \"id\": \"/subscriptions/00000000-0000-0000-0000-000000000000/resourceGroups/cli_test_ag_frontend_ip_private000001/providers/Microsoft.Network/virtualNetworks/vnet1/subnets/subnet1\"\
        \r\n          }\r\n        }\r\n      }\r\n    ],\r\n    \"sslCertificates\"\
        : [],\r\n    \"authenticationCertificates\": [],\r\n    \"frontendIPConfigurations\"\
        : [\r\n      {\r\n        \"name\": \"appGatewayFrontendIP\",\r\n        \"\
        id\": \"/subscriptions/00000000-0000-0000-0000-000000000000/resourceGroups/cli_test_ag_frontend_ip_private000001/providers/Microsoft.Network/applicationGateways/ag1/frontendIPConfigurations/appGatewayFrontendIP\"\
        ,\r\n        \"etag\": \"W/\\\"69e2cdcf-601c-4129-a5ad-c56b7bee23f1\\\"\"\
        ,\r\n        \"properties\": {\r\n          \"provisioningState\": \"Updating\"\
        ,\r\n          \"privateIPAllocationMethod\": \"Dynamic\",\r\n          \"\
        publicIPAddress\": {\r\n            \"id\": \"/subscriptions/00000000-0000-0000-0000-000000000000/resourceGroups/cli_test_ag_frontend_ip_private000001/providers/Microsoft.Network/publicIPAddresses/myip1\"\
        \r\n          },\r\n          \"httpListeners\": [\r\n            {\r\n  \
        \            \"id\": \"/subscriptions/00000000-0000-0000-0000-000000000000/resourceGroups/cli_test_ag_frontend_ip_private000001/providers/Microsoft.Network/applicationGateways/ag1/httpListeners/appGatewayHttpListener\"\
        \r\n            }\r\n          ]\r\n        }\r\n      },\r\n      {\r\n \
        \       \"name\": \"frontendip\",\r\n        \"id\": \"/subscriptions/00000000-0000-0000-0000-000000000000/resourceGroups/cli_test_ag_frontend_ip_private000001/providers/Microsoft.Network/applicationGateways/ag1/frontendIPConfigurations/frontendip\"\
        ,\r\n        \"etag\": \"W/\\\"69e2cdcf-601c-4129-a5ad-c56b7bee23f1\\\"\"\
        ,\r\n        \"properties\": {\r\n          \"provisioningState\": \"Updating\"\
        ,\r\n          \"privateIPAddress\": \"10.0.0.10\",\r\n          \"privateIPAllocationMethod\"\
        : \"Static\",\r\n          \"subnet\": {\r\n            \"id\": \"/subscriptions/00000000-0000-0000-0000-000000000000/resourceGroups/cli_test_ag_frontend_ip_private000001/providers/Microsoft.Network/virtualNetworks/vnet1/subnets/subnet1\"\
        \r\n          }\r\n        }\r\n      }\r\n    ],\r\n    \"frontendPorts\"\
        : [\r\n      {\r\n        \"name\": \"appGatewayFrontendPort\",\r\n      \
        \  \"id\": \"/subscriptions/00000000-0000-0000-0000-000000000000/resourceGroups/cli_test_ag_frontend_ip_private000001/providers/Microsoft.Network/applicationGateways/ag1/frontendPorts/appGatewayFrontendPort\"\
        ,\r\n        \"etag\": \"W/\\\"69e2cdcf-601c-4129-a5ad-c56b7bee23f1\\\"\"\
        ,\r\n        \"properties\": {\r\n          \"provisioningState\": \"Updating\"\
        ,\r\n          \"port\": 80,\r\n          \"httpListeners\": [\r\n       \
        \     {\r\n              \"id\": \"/subscriptions/00000000-0000-0000-0000-000000000000/resourceGroups/cli_test_ag_frontend_ip_private000001/providers/Microsoft.Network/applicationGateways/ag1/httpListeners/appGatewayHttpListener\"\
        \r\n            }\r\n          ]\r\n        }\r\n      }\r\n    ],\r\n   \
        \ \"backendAddressPools\": [\r\n      {\r\n        \"name\": \"appGatewayBackendPool\"\
        ,\r\n        \"id\": \"/subscriptions/00000000-0000-0000-0000-000000000000/resourceGroups/cli_test_ag_frontend_ip_private000001/providers/Microsoft.Network/applicationGateways/ag1/backendAddressPools/appGatewayBackendPool\"\
        ,\r\n        \"etag\": \"W/\\\"69e2cdcf-601c-4129-a5ad-c56b7bee23f1\\\"\"\
        ,\r\n        \"properties\": {\r\n          \"provisioningState\": \"Updating\"\
        ,\r\n          \"backendAddresses\": [],\r\n          \"requestRoutingRules\"\
        : [\r\n            {\r\n              \"id\": \"/subscriptions/00000000-0000-0000-0000-000000000000/resourceGroups/cli_test_ag_frontend_ip_private000001/providers/Microsoft.Network/applicationGateways/ag1/requestRoutingRules/rule1\"\
        \r\n            }\r\n          ]\r\n        }\r\n      }\r\n    ],\r\n   \
        \ \"backendHttpSettingsCollection\": [\r\n      {\r\n        \"name\": \"\
        appGatewayBackendHttpSettings\",\r\n        \"id\": \"/subscriptions/00000000-0000-0000-0000-000000000000/resourceGroups/cli_test_ag_frontend_ip_private000001/providers/Microsoft.Network/applicationGateways/ag1/backendHttpSettingsCollection/appGatewayBackendHttpSettings\"\
        ,\r\n        \"etag\": \"W/\\\"69e2cdcf-601c-4129-a5ad-c56b7bee23f1\\\"\"\
        ,\r\n        \"properties\": {\r\n          \"provisioningState\": \"Updating\"\
        ,\r\n          \"port\": 80,\r\n          \"protocol\": \"Http\",\r\n    \
        \      \"cookieBasedAffinity\": \"Disabled\",\r\n          \"connectionDraining\"\
        : {\r\n            \"enabled\": false,\r\n            \"drainTimeoutInSec\"\
        : 1\r\n          },\r\n          \"pickHostNameFromBackendAddress\": false,\r\
        \n          \"requestTimeout\": 30,\r\n          \"requestRoutingRules\":\
        \ [\r\n            {\r\n              \"id\": \"/subscriptions/00000000-0000-0000-0000-000000000000/resourceGroups/cli_test_ag_frontend_ip_private000001/providers/Microsoft.Network/applicationGateways/ag1/requestRoutingRules/rule1\"\
        \r\n            }\r\n          ]\r\n        }\r\n      }\r\n    ],\r\n   \
        \ \"httpListeners\": [\r\n      {\r\n        \"name\": \"appGatewayHttpListener\"\
        ,\r\n        \"id\": \"/subscriptions/00000000-0000-0000-0000-000000000000/resourceGroups/cli_test_ag_frontend_ip_private000001/providers/Microsoft.Network/applicationGateways/ag1/httpListeners/appGatewayHttpListener\"\
        ,\r\n        \"etag\": \"W/\\\"69e2cdcf-601c-4129-a5ad-c56b7bee23f1\\\"\"\
        ,\r\n        \"properties\": {\r\n          \"provisioningState\": \"Updating\"\
        ,\r\n          \"frontendIPConfiguration\": {\r\n            \"id\": \"/subscriptions/00000000-0000-0000-0000-000000000000/resourceGroups/cli_test_ag_frontend_ip_private000001/providers/Microsoft.Network/applicationGateways/ag1/frontendIPConfigurations/appGatewayFrontendIP\"\
        \r\n          },\r\n          \"frontendPort\": {\r\n            \"id\": \"\
        /subscriptions/00000000-0000-0000-0000-000000000000/resourceGroups/cli_test_ag_frontend_ip_private000001/providers/Microsoft.Network/applicationGateways/ag1/frontendPorts/appGatewayFrontendPort\"\
        \r\n          },\r\n          \"protocol\": \"Http\",\r\n          \"requireServerNameIndication\"\
        : false,\r\n          \"requestRoutingRules\": [\r\n            {\r\n    \
        \          \"id\": \"/subscriptions/00000000-0000-0000-0000-000000000000/resourceGroups/cli_test_ag_frontend_ip_private000001/providers/Microsoft.Network/applicationGateways/ag1/requestRoutingRules/rule1\"\
        \r\n            }\r\n          ]\r\n        }\r\n      }\r\n    ],\r\n   \
        \ \"urlPathMaps\": [],\r\n    \"requestRoutingRules\": [\r\n      {\r\n  \
        \      \"name\": \"rule1\",\r\n        \"id\": \"/subscriptions/00000000-0000-0000-0000-000000000000/resourceGroups/cli_test_ag_frontend_ip_private000001/providers/Microsoft.Network/applicationGateways/ag1/requestRoutingRules/rule1\"\
        ,\r\n        \"etag\": \"W/\\\"69e2cdcf-601c-4129-a5ad-c56b7bee23f1\\\"\"\
        ,\r\n        \"properties\": {\r\n          \"provisioningState\": \"Updating\"\
        ,\r\n          \"ruleType\": \"Basic\",\r\n          \"httpListener\": {\r\
        \n            \"id\": \"/subscriptions/00000000-0000-0000-0000-000000000000/resourceGroups/cli_test_ag_frontend_ip_private000001/providers/Microsoft.Network/applicationGateways/ag1/httpListeners/appGatewayHttpListener\"\
        \r\n          },\r\n          \"backendAddressPool\": {\r\n            \"\
        id\": \"/subscriptions/00000000-0000-0000-0000-000000000000/resourceGroups/cli_test_ag_frontend_ip_private000001/providers/Microsoft.Network/applicationGateways/ag1/backendAddressPools/appGatewayBackendPool\"\
        \r\n          },\r\n          \"backendHttpSettings\": {\r\n            \"\
        id\": \"/subscriptions/00000000-0000-0000-0000-000000000000/resourceGroups/cli_test_ag_frontend_ip_private000001/providers/Microsoft.Network/applicationGateways/ag1/backendHttpSettingsCollection/appGatewayBackendHttpSettings\"\
        \r\n          }\r\n        }\r\n      }\r\n    ],\r\n    \"probes\": [],\r\
        \n    \"redirectConfigurations\": []\r\n  }\r\n}"}
    headers:
      cache-control: [no-cache]
      content-length: ['9272']
      content-type: [application/json; charset=utf-8]
      date: ['Wed, 13 Dec 2017 21:11:42 GMT']
      etag: [W/"69e2cdcf-601c-4129-a5ad-c56b7bee23f1"]
      expires: ['-1']
      pragma: [no-cache]
      server: [Microsoft-HTTPAPI/2.0, Microsoft-HTTPAPI/2.0]
      strict-transport-security: [max-age=31536000; includeSubDomains]
      transfer-encoding: [chunked]
      vary: [Accept-Encoding]
    status: {code: 200, message: OK}
- request:
    body: 'b''{"properties": {"resourceGuid": "de5b528e-b964-4179-b2e6-1894987d3852",
      "authenticationCertificates": [], "sku": {"capacity": 2, "name": "Standard_Medium",
      "tier": "Standard"}, "urlPathMaps": [], "redirectConfigurations": [], "sslCertificates":
      [], "probes": [], "frontendIPConfigurations": [{"properties": {"publicIPAddress":
      {"id": "/subscriptions/00000000-0000-0000-0000-000000000000/resourceGroups/cli_test_ag_frontend_ip_private000001/providers/Microsoft.Network/publicIPAddresses/myip1"},
      "privateIPAllocationMethod": "Dynamic", "provisioningState": "Updating"}, "id":
      "/subscriptions/00000000-0000-0000-0000-000000000000/resourceGroups/cli_test_ag_frontend_ip_private000001/providers/Microsoft.Network/applicationGateways/ag1/frontendIPConfigurations/appGatewayFrontendIP",
      "etag": "W/\\"69e2cdcf-601c-4129-a5ad-c56b7bee23f1\\"", "name": "appGatewayFrontendIP"}],
      "gatewayIPConfigurations": [{"properties": {"subnet": {"id": "/subscriptions/00000000-0000-0000-0000-000000000000/resourceGroups/cli_test_ag_frontend_ip_private000001/providers/Microsoft.Network/virtualNetworks/vnet1/subnets/subnet1"},
      "provisioningState": "Updating"}, "id": "/subscriptions/00000000-0000-0000-0000-000000000000/resourceGroups/cli_test_ag_frontend_ip_private000001/providers/Microsoft.Network/applicationGateways/ag1/gatewayIPConfigurations/appGatewayFrontendIP",
      "etag": "W/\\"69e2cdcf-601c-4129-a5ad-c56b7bee23f1\\"", "name": "appGatewayFrontendIP"}],
      "frontendPorts": [{"properties": {"port": 80, "provisioningState": "Updating"},
      "id": "/subscriptions/00000000-0000-0000-0000-000000000000/resourceGroups/cli_test_ag_frontend_ip_private000001/providers/Microsoft.Network/applicationGateways/ag1/frontendPorts/appGatewayFrontendPort",
      "etag": "W/\\"69e2cdcf-601c-4129-a5ad-c56b7bee23f1\\"", "name": "appGatewayFrontendPort"}],
      "backendAddressPools": [{"properties": {"backendAddresses": [], "provisioningState":
      "Updating"}, "id": "/subscriptions/00000000-0000-0000-0000-000000000000/resourceGroups/cli_test_ag_frontend_ip_private000001/providers/Microsoft.Network/applicationGateways/ag1/backendAddressPools/appGatewayBackendPool",
      "etag": "W/\\"69e2cdcf-601c-4129-a5ad-c56b7bee23f1\\"", "name": "appGatewayBackendPool"}],
      "requestRoutingRules": [{"properties": {"provisioningState": "Updating", "backendAddressPool":
      {"id": "/subscriptions/00000000-0000-0000-0000-000000000000/resourceGroups/cli_test_ag_frontend_ip_private000001/providers/Microsoft.Network/applicationGateways/ag1/backendAddressPools/appGatewayBackendPool"},
      "ruleType": "Basic", "backendHttpSettings": {"id": "/subscriptions/00000000-0000-0000-0000-000000000000/resourceGroups/cli_test_ag_frontend_ip_private000001/providers/Microsoft.Network/applicationGateways/ag1/backendHttpSettingsCollection/appGatewayBackendHttpSettings"},
      "httpListener": {"id": "/subscriptions/00000000-0000-0000-0000-000000000000/resourceGroups/cli_test_ag_frontend_ip_private000001/providers/Microsoft.Network/applicationGateways/ag1/httpListeners/appGatewayHttpListener"}},
      "id": "/subscriptions/00000000-0000-0000-0000-000000000000/resourceGroups/cli_test_ag_frontend_ip_private000001/providers/Microsoft.Network/applicationGateways/ag1/requestRoutingRules/rule1",
      "etag": "W/\\"69e2cdcf-601c-4129-a5ad-c56b7bee23f1\\"", "name": "rule1"}], "backendHttpSettingsCollection":
      [{"properties": {"cookieBasedAffinity": "Disabled", "connectionDraining": {"enabled":
      false, "drainTimeoutInSec": 1}, "port": 80, "provisioningState": "Updating",
      "protocol": "Http", "pickHostNameFromBackendAddress": false, "requestTimeout":
      30}, "id": "/subscriptions/00000000-0000-0000-0000-000000000000/resourceGroups/cli_test_ag_frontend_ip_private000001/providers/Microsoft.Network/applicationGateways/ag1/backendHttpSettingsCollection/appGatewayBackendHttpSettings",
      "etag": "W/\\"69e2cdcf-601c-4129-a5ad-c56b7bee23f1\\"", "name": "appGatewayBackendHttpSettings"}],
      "httpListeners": [{"properties": {"requireServerNameIndication": false, "frontendIPConfiguration":
      {"id": "/subscriptions/00000000-0000-0000-0000-000000000000/resourceGroups/cli_test_ag_frontend_ip_private000001/providers/Microsoft.Network/applicationGateways/ag1/frontendIPConfigurations/appGatewayFrontendIP"},
      "protocol": "Http", "frontendPort": {"id": "/subscriptions/00000000-0000-0000-0000-000000000000/resourceGroups/cli_test_ag_frontend_ip_private000001/providers/Microsoft.Network/applicationGateways/ag1/frontendPorts/appGatewayFrontendPort"},
      "provisioningState": "Updating"}, "id": "/subscriptions/00000000-0000-0000-0000-000000000000/resourceGroups/cli_test_ag_frontend_ip_private000001/providers/Microsoft.Network/applicationGateways/ag1/httpListeners/appGatewayHttpListener",
      "etag": "W/\\"69e2cdcf-601c-4129-a5ad-c56b7bee23f1\\"", "name": "appGatewayHttpListener"}],
      "provisioningState": "Updating"}, "id": "/subscriptions/00000000-0000-0000-0000-000000000000/resourceGroups/cli_test_ag_frontend_ip_private000001/providers/Microsoft.Network/applicationGateways/ag1",
      "etag": "W/\\"69e2cdcf-601c-4129-a5ad-c56b7bee23f1\\"", "location": "westus",
      "tags": {}}'''
    headers:
      Accept: [application/json]
      Accept-Encoding: ['gzip, deflate']
      CommandName: [network application-gateway frontend-ip delete]
      Connection: [keep-alive]
      Content-Length: ['5611']
      Content-Type: [application/json; charset=utf-8]
      User-Agent: [python/3.5.3 (Windows-10-10.0.16299-SP0) requests/2.18.4 msrest/0.4.19
          msrest_azure/0.4.18 networkmanagementclient/1.6.0 Azure-SDK-For-Python AZURECLI/2.0.23]
      accept-language: [en-US]
    method: PUT
    uri: https://management.azure.com/subscriptions/00000000-0000-0000-0000-000000000000/resourceGroups/cli_test_ag_frontend_ip_private000001/providers/Microsoft.Network/applicationGateways/ag1?api-version=2017-11-01
  response:
    body: {string: "{\r\n  \"name\": \"ag1\",\r\n  \"id\": \"/subscriptions/00000000-0000-0000-0000-000000000000/resourceGroups/cli_test_ag_frontend_ip_private000001/providers/Microsoft.Network/applicationGateways/ag1\"\
        ,\r\n  \"etag\": \"W/\\\"b2e053b7-e0e7-4299-adfb-9bfa765c84c0\\\"\",\r\n \
        \ \"type\": \"Microsoft.Network/applicationGateways\",\r\n  \"location\":\
        \ \"westus\",\r\n  \"tags\": {},\r\n  \"properties\": {\r\n    \"provisioningState\"\
        : \"Updating\",\r\n    \"resourceGuid\": \"de5b528e-b964-4179-b2e6-1894987d3852\"\
        ,\r\n    \"sku\": {\r\n      \"name\": \"Standard_Medium\",\r\n      \"tier\"\
        : \"Standard\",\r\n      \"capacity\": 2\r\n    },\r\n    \"operationalState\"\
        : \"Stopped\",\r\n    \"gatewayIPConfigurations\": [\r\n      {\r\n      \
        \  \"name\": \"appGatewayFrontendIP\",\r\n        \"id\": \"/subscriptions/00000000-0000-0000-0000-000000000000/resourceGroups/cli_test_ag_frontend_ip_private000001/providers/Microsoft.Network/applicationGateways/ag1/gatewayIPConfigurations/appGatewayFrontendIP\"\
        ,\r\n        \"etag\": \"W/\\\"b2e053b7-e0e7-4299-adfb-9bfa765c84c0\\\"\"\
        ,\r\n        \"properties\": {\r\n          \"provisioningState\": \"Updating\"\
        ,\r\n          \"subnet\": {\r\n            \"id\": \"/subscriptions/00000000-0000-0000-0000-000000000000/resourceGroups/cli_test_ag_frontend_ip_private000001/providers/Microsoft.Network/virtualNetworks/vnet1/subnets/subnet1\"\
        \r\n          }\r\n        }\r\n      }\r\n    ],\r\n    \"sslCertificates\"\
        : [],\r\n    \"authenticationCertificates\": [],\r\n    \"frontendIPConfigurations\"\
        : [\r\n      {\r\n        \"name\": \"appGatewayFrontendIP\",\r\n        \"\
        id\": \"/subscriptions/00000000-0000-0000-0000-000000000000/resourceGroups/cli_test_ag_frontend_ip_private000001/providers/Microsoft.Network/applicationGateways/ag1/frontendIPConfigurations/appGatewayFrontendIP\"\
        ,\r\n        \"etag\": \"W/\\\"b2e053b7-e0e7-4299-adfb-9bfa765c84c0\\\"\"\
        ,\r\n        \"properties\": {\r\n          \"provisioningState\": \"Updating\"\
        ,\r\n          \"privateIPAllocationMethod\": \"Dynamic\",\r\n          \"\
        publicIPAddress\": {\r\n            \"id\": \"/subscriptions/00000000-0000-0000-0000-000000000000/resourceGroups/cli_test_ag_frontend_ip_private000001/providers/Microsoft.Network/publicIPAddresses/myip1\"\
        \r\n          },\r\n          \"httpListeners\": [\r\n            {\r\n  \
        \            \"id\": \"/subscriptions/00000000-0000-0000-0000-000000000000/resourceGroups/cli_test_ag_frontend_ip_private000001/providers/Microsoft.Network/applicationGateways/ag1/httpListeners/appGatewayHttpListener\"\
        \r\n            }\r\n          ]\r\n        }\r\n      }\r\n    ],\r\n   \
        \ \"frontendPorts\": [\r\n      {\r\n        \"name\": \"appGatewayFrontendPort\"\
        ,\r\n        \"id\": \"/subscriptions/00000000-0000-0000-0000-000000000000/resourceGroups/cli_test_ag_frontend_ip_private000001/providers/Microsoft.Network/applicationGateways/ag1/frontendPorts/appGatewayFrontendPort\"\
        ,\r\n        \"etag\": \"W/\\\"b2e053b7-e0e7-4299-adfb-9bfa765c84c0\\\"\"\
        ,\r\n        \"properties\": {\r\n          \"provisioningState\": \"Updating\"\
        ,\r\n          \"port\": 80,\r\n          \"httpListeners\": [\r\n       \
        \     {\r\n              \"id\": \"/subscriptions/00000000-0000-0000-0000-000000000000/resourceGroups/cli_test_ag_frontend_ip_private000001/providers/Microsoft.Network/applicationGateways/ag1/httpListeners/appGatewayHttpListener\"\
        \r\n            }\r\n          ]\r\n        }\r\n      }\r\n    ],\r\n   \
        \ \"backendAddressPools\": [\r\n      {\r\n        \"name\": \"appGatewayBackendPool\"\
        ,\r\n        \"id\": \"/subscriptions/00000000-0000-0000-0000-000000000000/resourceGroups/cli_test_ag_frontend_ip_private000001/providers/Microsoft.Network/applicationGateways/ag1/backendAddressPools/appGatewayBackendPool\"\
        ,\r\n        \"etag\": \"W/\\\"b2e053b7-e0e7-4299-adfb-9bfa765c84c0\\\"\"\
        ,\r\n        \"properties\": {\r\n          \"provisioningState\": \"Updating\"\
        ,\r\n          \"backendAddresses\": [],\r\n          \"requestRoutingRules\"\
        : [\r\n            {\r\n              \"id\": \"/subscriptions/00000000-0000-0000-0000-000000000000/resourceGroups/cli_test_ag_frontend_ip_private000001/providers/Microsoft.Network/applicationGateways/ag1/requestRoutingRules/rule1\"\
        \r\n            }\r\n          ]\r\n        }\r\n      }\r\n    ],\r\n   \
        \ \"backendHttpSettingsCollection\": [\r\n      {\r\n        \"name\": \"\
        appGatewayBackendHttpSettings\",\r\n        \"id\": \"/subscriptions/00000000-0000-0000-0000-000000000000/resourceGroups/cli_test_ag_frontend_ip_private000001/providers/Microsoft.Network/applicationGateways/ag1/backendHttpSettingsCollection/appGatewayBackendHttpSettings\"\
        ,\r\n        \"etag\": \"W/\\\"b2e053b7-e0e7-4299-adfb-9bfa765c84c0\\\"\"\
        ,\r\n        \"properties\": {\r\n          \"provisioningState\": \"Updating\"\
        ,\r\n          \"port\": 80,\r\n          \"protocol\": \"Http\",\r\n    \
        \      \"cookieBasedAffinity\": \"Disabled\",\r\n          \"connectionDraining\"\
        : {\r\n            \"enabled\": false,\r\n            \"drainTimeoutInSec\"\
        : 1\r\n          },\r\n          \"pickHostNameFromBackendAddress\": false,\r\
        \n          \"requestTimeout\": 30,\r\n          \"requestRoutingRules\":\
        \ [\r\n            {\r\n              \"id\": \"/subscriptions/00000000-0000-0000-0000-000000000000/resourceGroups/cli_test_ag_frontend_ip_private000001/providers/Microsoft.Network/applicationGateways/ag1/requestRoutingRules/rule1\"\
        \r\n            }\r\n          ]\r\n        }\r\n      }\r\n    ],\r\n   \
        \ \"httpListeners\": [\r\n      {\r\n        \"name\": \"appGatewayHttpListener\"\
        ,\r\n        \"id\": \"/subscriptions/00000000-0000-0000-0000-000000000000/resourceGroups/cli_test_ag_frontend_ip_private000001/providers/Microsoft.Network/applicationGateways/ag1/httpListeners/appGatewayHttpListener\"\
        ,\r\n        \"etag\": \"W/\\\"b2e053b7-e0e7-4299-adfb-9bfa765c84c0\\\"\"\
        ,\r\n        \"properties\": {\r\n          \"provisioningState\": \"Updating\"\
        ,\r\n          \"frontendIPConfiguration\": {\r\n            \"id\": \"/subscriptions/00000000-0000-0000-0000-000000000000/resourceGroups/cli_test_ag_frontend_ip_private000001/providers/Microsoft.Network/applicationGateways/ag1/frontendIPConfigurations/appGatewayFrontendIP\"\
        \r\n          },\r\n          \"frontendPort\": {\r\n            \"id\": \"\
        /subscriptions/00000000-0000-0000-0000-000000000000/resourceGroups/cli_test_ag_frontend_ip_private000001/providers/Microsoft.Network/applicationGateways/ag1/frontendPorts/appGatewayFrontendPort\"\
        \r\n          },\r\n          \"protocol\": \"Http\",\r\n          \"requireServerNameIndication\"\
        : false,\r\n          \"requestRoutingRules\": [\r\n            {\r\n    \
        \          \"id\": \"/subscriptions/00000000-0000-0000-0000-000000000000/resourceGroups/cli_test_ag_frontend_ip_private000001/providers/Microsoft.Network/applicationGateways/ag1/requestRoutingRules/rule1\"\
        \r\n            }\r\n          ]\r\n        }\r\n      }\r\n    ],\r\n   \
        \ \"urlPathMaps\": [],\r\n    \"requestRoutingRules\": [\r\n      {\r\n  \
        \      \"name\": \"rule1\",\r\n        \"id\": \"/subscriptions/00000000-0000-0000-0000-000000000000/resourceGroups/cli_test_ag_frontend_ip_private000001/providers/Microsoft.Network/applicationGateways/ag1/requestRoutingRules/rule1\"\
        ,\r\n        \"etag\": \"W/\\\"b2e053b7-e0e7-4299-adfb-9bfa765c84c0\\\"\"\
        ,\r\n        \"properties\": {\r\n          \"provisioningState\": \"Updating\"\
        ,\r\n          \"ruleType\": \"Basic\",\r\n          \"httpListener\": {\r\
        \n            \"id\": \"/subscriptions/00000000-0000-0000-0000-000000000000/resourceGroups/cli_test_ag_frontend_ip_private000001/providers/Microsoft.Network/applicationGateways/ag1/httpListeners/appGatewayHttpListener\"\
        \r\n          },\r\n          \"backendAddressPool\": {\r\n            \"\
        id\": \"/subscriptions/00000000-0000-0000-0000-000000000000/resourceGroups/cli_test_ag_frontend_ip_private000001/providers/Microsoft.Network/applicationGateways/ag1/backendAddressPools/appGatewayBackendPool\"\
        \r\n          },\r\n          \"backendHttpSettings\": {\r\n            \"\
        id\": \"/subscriptions/00000000-0000-0000-0000-000000000000/resourceGroups/cli_test_ag_frontend_ip_private000001/providers/Microsoft.Network/applicationGateways/ag1/backendHttpSettingsCollection/appGatewayBackendHttpSettings\"\
        \r\n          }\r\n        }\r\n      }\r\n    ],\r\n    \"probes\": [],\r\
        \n    \"redirectConfigurations\": []\r\n  }\r\n}"}
    headers:
      azure-asyncoperation: ['https://management.azure.com/subscriptions/00000000-0000-0000-0000-000000000000/providers/Microsoft.Network/locations/westus/operations/4daba5b7-f9b3-4f06-b555-976a58128295?api-version=2017-11-01']
      cache-control: [no-cache]
      content-length: ['8470']
      content-type: [application/json; charset=utf-8]
      date: ['Wed, 13 Dec 2017 21:11:41 GMT']
      expires: ['-1']
      pragma: [no-cache]
      server: [Microsoft-HTTPAPI/2.0, Microsoft-HTTPAPI/2.0]
      strict-transport-security: [max-age=31536000; includeSubDomains]
      transfer-encoding: [chunked]
      vary: [Accept-Encoding]
      x-ms-ratelimit-remaining-subscription-writes: ['1198']
    status: {code: 200, message: OK}
- request:
    body: null
    headers:
      Accept: [application/json]
      Accept-Encoding: ['gzip, deflate']
      CommandName: [network application-gateway frontend-ip list]
      Connection: [keep-alive]
      Content-Type: [application/json; charset=utf-8]
      User-Agent: [python/3.5.3 (Windows-10-10.0.16299-SP0) requests/2.18.4 msrest/0.4.19
          msrest_azure/0.4.18 networkmanagementclient/1.6.0 Azure-SDK-For-Python AZURECLI/2.0.23]
      accept-language: [en-US]
    method: GET
    uri: https://management.azure.com/subscriptions/00000000-0000-0000-0000-000000000000/resourceGroups/cli_test_ag_frontend_ip_private000001/providers/Microsoft.Network/applicationGateways/ag1?api-version=2017-11-01
  response:
    body: {string: "{\r\n  \"name\": \"ag1\",\r\n  \"id\": \"/subscriptions/00000000-0000-0000-0000-000000000000/resourceGroups/cli_test_ag_frontend_ip_private000001/providers/Microsoft.Network/applicationGateways/ag1\"\
        ,\r\n  \"etag\": \"W/\\\"b2e053b7-e0e7-4299-adfb-9bfa765c84c0\\\"\",\r\n \
        \ \"type\": \"Microsoft.Network/applicationGateways\",\r\n  \"location\":\
        \ \"westus\",\r\n  \"tags\": {},\r\n  \"properties\": {\r\n    \"provisioningState\"\
        : \"Updating\",\r\n    \"resourceGuid\": \"de5b528e-b964-4179-b2e6-1894987d3852\"\
        ,\r\n    \"sku\": {\r\n      \"name\": \"Standard_Medium\",\r\n      \"tier\"\
        : \"Standard\",\r\n      \"capacity\": 2\r\n    },\r\n    \"operationalState\"\
        : \"Stopped\",\r\n    \"gatewayIPConfigurations\": [\r\n      {\r\n      \
        \  \"name\": \"appGatewayFrontendIP\",\r\n        \"id\": \"/subscriptions/00000000-0000-0000-0000-000000000000/resourceGroups/cli_test_ag_frontend_ip_private000001/providers/Microsoft.Network/applicationGateways/ag1/gatewayIPConfigurations/appGatewayFrontendIP\"\
        ,\r\n        \"etag\": \"W/\\\"b2e053b7-e0e7-4299-adfb-9bfa765c84c0\\\"\"\
        ,\r\n        \"properties\": {\r\n          \"provisioningState\": \"Updating\"\
        ,\r\n          \"subnet\": {\r\n            \"id\": \"/subscriptions/00000000-0000-0000-0000-000000000000/resourceGroups/cli_test_ag_frontend_ip_private000001/providers/Microsoft.Network/virtualNetworks/vnet1/subnets/subnet1\"\
        \r\n          }\r\n        }\r\n      }\r\n    ],\r\n    \"sslCertificates\"\
        : [],\r\n    \"authenticationCertificates\": [],\r\n    \"frontendIPConfigurations\"\
        : [\r\n      {\r\n        \"name\": \"appGatewayFrontendIP\",\r\n        \"\
        id\": \"/subscriptions/00000000-0000-0000-0000-000000000000/resourceGroups/cli_test_ag_frontend_ip_private000001/providers/Microsoft.Network/applicationGateways/ag1/frontendIPConfigurations/appGatewayFrontendIP\"\
        ,\r\n        \"etag\": \"W/\\\"b2e053b7-e0e7-4299-adfb-9bfa765c84c0\\\"\"\
        ,\r\n        \"properties\": {\r\n          \"provisioningState\": \"Updating\"\
        ,\r\n          \"privateIPAllocationMethod\": \"Dynamic\",\r\n          \"\
        publicIPAddress\": {\r\n            \"id\": \"/subscriptions/00000000-0000-0000-0000-000000000000/resourceGroups/cli_test_ag_frontend_ip_private000001/providers/Microsoft.Network/publicIPAddresses/myip1\"\
        \r\n          },\r\n          \"httpListeners\": [\r\n            {\r\n  \
        \            \"id\": \"/subscriptions/00000000-0000-0000-0000-000000000000/resourceGroups/cli_test_ag_frontend_ip_private000001/providers/Microsoft.Network/applicationGateways/ag1/httpListeners/appGatewayHttpListener\"\
        \r\n            }\r\n          ]\r\n        }\r\n      }\r\n    ],\r\n   \
        \ \"frontendPorts\": [\r\n      {\r\n        \"name\": \"appGatewayFrontendPort\"\
        ,\r\n        \"id\": \"/subscriptions/00000000-0000-0000-0000-000000000000/resourceGroups/cli_test_ag_frontend_ip_private000001/providers/Microsoft.Network/applicationGateways/ag1/frontendPorts/appGatewayFrontendPort\"\
        ,\r\n        \"etag\": \"W/\\\"b2e053b7-e0e7-4299-adfb-9bfa765c84c0\\\"\"\
        ,\r\n        \"properties\": {\r\n          \"provisioningState\": \"Updating\"\
        ,\r\n          \"port\": 80,\r\n          \"httpListeners\": [\r\n       \
        \     {\r\n              \"id\": \"/subscriptions/00000000-0000-0000-0000-000000000000/resourceGroups/cli_test_ag_frontend_ip_private000001/providers/Microsoft.Network/applicationGateways/ag1/httpListeners/appGatewayHttpListener\"\
        \r\n            }\r\n          ]\r\n        }\r\n      }\r\n    ],\r\n   \
        \ \"backendAddressPools\": [\r\n      {\r\n        \"name\": \"appGatewayBackendPool\"\
        ,\r\n        \"id\": \"/subscriptions/00000000-0000-0000-0000-000000000000/resourceGroups/cli_test_ag_frontend_ip_private000001/providers/Microsoft.Network/applicationGateways/ag1/backendAddressPools/appGatewayBackendPool\"\
        ,\r\n        \"etag\": \"W/\\\"b2e053b7-e0e7-4299-adfb-9bfa765c84c0\\\"\"\
        ,\r\n        \"properties\": {\r\n          \"provisioningState\": \"Updating\"\
        ,\r\n          \"backendAddresses\": [],\r\n          \"requestRoutingRules\"\
        : [\r\n            {\r\n              \"id\": \"/subscriptions/00000000-0000-0000-0000-000000000000/resourceGroups/cli_test_ag_frontend_ip_private000001/providers/Microsoft.Network/applicationGateways/ag1/requestRoutingRules/rule1\"\
        \r\n            }\r\n          ]\r\n        }\r\n      }\r\n    ],\r\n   \
        \ \"backendHttpSettingsCollection\": [\r\n      {\r\n        \"name\": \"\
        appGatewayBackendHttpSettings\",\r\n        \"id\": \"/subscriptions/00000000-0000-0000-0000-000000000000/resourceGroups/cli_test_ag_frontend_ip_private000001/providers/Microsoft.Network/applicationGateways/ag1/backendHttpSettingsCollection/appGatewayBackendHttpSettings\"\
        ,\r\n        \"etag\": \"W/\\\"b2e053b7-e0e7-4299-adfb-9bfa765c84c0\\\"\"\
        ,\r\n        \"properties\": {\r\n          \"provisioningState\": \"Updating\"\
        ,\r\n          \"port\": 80,\r\n          \"protocol\": \"Http\",\r\n    \
        \      \"cookieBasedAffinity\": \"Disabled\",\r\n          \"connectionDraining\"\
        : {\r\n            \"enabled\": false,\r\n            \"drainTimeoutInSec\"\
        : 1\r\n          },\r\n          \"pickHostNameFromBackendAddress\": false,\r\
        \n          \"requestTimeout\": 30,\r\n          \"requestRoutingRules\":\
        \ [\r\n            {\r\n              \"id\": \"/subscriptions/00000000-0000-0000-0000-000000000000/resourceGroups/cli_test_ag_frontend_ip_private000001/providers/Microsoft.Network/applicationGateways/ag1/requestRoutingRules/rule1\"\
        \r\n            }\r\n          ]\r\n        }\r\n      }\r\n    ],\r\n   \
        \ \"httpListeners\": [\r\n      {\r\n        \"name\": \"appGatewayHttpListener\"\
        ,\r\n        \"id\": \"/subscriptions/00000000-0000-0000-0000-000000000000/resourceGroups/cli_test_ag_frontend_ip_private000001/providers/Microsoft.Network/applicationGateways/ag1/httpListeners/appGatewayHttpListener\"\
        ,\r\n        \"etag\": \"W/\\\"b2e053b7-e0e7-4299-adfb-9bfa765c84c0\\\"\"\
        ,\r\n        \"properties\": {\r\n          \"provisioningState\": \"Updating\"\
        ,\r\n          \"frontendIPConfiguration\": {\r\n            \"id\": \"/subscriptions/00000000-0000-0000-0000-000000000000/resourceGroups/cli_test_ag_frontend_ip_private000001/providers/Microsoft.Network/applicationGateways/ag1/frontendIPConfigurations/appGatewayFrontendIP\"\
        \r\n          },\r\n          \"frontendPort\": {\r\n            \"id\": \"\
        /subscriptions/00000000-0000-0000-0000-000000000000/resourceGroups/cli_test_ag_frontend_ip_private000001/providers/Microsoft.Network/applicationGateways/ag1/frontendPorts/appGatewayFrontendPort\"\
        \r\n          },\r\n          \"protocol\": \"Http\",\r\n          \"requireServerNameIndication\"\
        : false,\r\n          \"requestRoutingRules\": [\r\n            {\r\n    \
        \          \"id\": \"/subscriptions/00000000-0000-0000-0000-000000000000/resourceGroups/cli_test_ag_frontend_ip_private000001/providers/Microsoft.Network/applicationGateways/ag1/requestRoutingRules/rule1\"\
        \r\n            }\r\n          ]\r\n        }\r\n      }\r\n    ],\r\n   \
        \ \"urlPathMaps\": [],\r\n    \"requestRoutingRules\": [\r\n      {\r\n  \
        \      \"name\": \"rule1\",\r\n        \"id\": \"/subscriptions/00000000-0000-0000-0000-000000000000/resourceGroups/cli_test_ag_frontend_ip_private000001/providers/Microsoft.Network/applicationGateways/ag1/requestRoutingRules/rule1\"\
        ,\r\n        \"etag\": \"W/\\\"b2e053b7-e0e7-4299-adfb-9bfa765c84c0\\\"\"\
        ,\r\n        \"properties\": {\r\n          \"provisioningState\": \"Updating\"\
        ,\r\n          \"ruleType\": \"Basic\",\r\n          \"httpListener\": {\r\
        \n            \"id\": \"/subscriptions/00000000-0000-0000-0000-000000000000/resourceGroups/cli_test_ag_frontend_ip_private000001/providers/Microsoft.Network/applicationGateways/ag1/httpListeners/appGatewayHttpListener\"\
        \r\n          },\r\n          \"backendAddressPool\": {\r\n            \"\
        id\": \"/subscriptions/00000000-0000-0000-0000-000000000000/resourceGroups/cli_test_ag_frontend_ip_private000001/providers/Microsoft.Network/applicationGateways/ag1/backendAddressPools/appGatewayBackendPool\"\
        \r\n          },\r\n          \"backendHttpSettings\": {\r\n            \"\
        id\": \"/subscriptions/00000000-0000-0000-0000-000000000000/resourceGroups/cli_test_ag_frontend_ip_private000001/providers/Microsoft.Network/applicationGateways/ag1/backendHttpSettingsCollection/appGatewayBackendHttpSettings\"\
        \r\n          }\r\n        }\r\n      }\r\n    ],\r\n    \"probes\": [],\r\
        \n    \"redirectConfigurations\": []\r\n  }\r\n}"}
    headers:
      cache-control: [no-cache]
      content-length: ['8470']
      content-type: [application/json; charset=utf-8]
      date: ['Wed, 13 Dec 2017 21:11:42 GMT']
      etag: [W/"b2e053b7-e0e7-4299-adfb-9bfa765c84c0"]
      expires: ['-1']
      pragma: [no-cache]
      server: [Microsoft-HTTPAPI/2.0, Microsoft-HTTPAPI/2.0]
      strict-transport-security: [max-age=31536000; includeSubDomains]
      transfer-encoding: [chunked]
      vary: [Accept-Encoding]
    status: {code: 200, message: OK}
- request:
    body: null
    headers:
      Accept: [application/json]
      Accept-Encoding: ['gzip, deflate']
      CommandName: [group delete]
      Connection: [keep-alive]
      Content-Length: ['0']
      Content-Type: [application/json; charset=utf-8]
      User-Agent: [python/3.5.3 (Windows-10-10.0.16299-SP0) requests/2.18.4 msrest/0.4.19
          msrest_azure/0.4.18 resourcemanagementclient/1.2.1 Azure-SDK-For-Python
          AZURECLI/2.0.23]
      accept-language: [en-US]
    method: DELETE
    uri: https://management.azure.com/subscriptions/00000000-0000-0000-0000-000000000000/resourcegroups/cli_test_ag_frontend_ip_private000001?api-version=2017-05-10
  response:
    body: {string: ''}
    headers:
      cache-control: [no-cache]
      content-length: ['0']
      date: ['Wed, 13 Dec 2017 21:11:43 GMT']
      expires: ['-1']
      location: ['https://management.azure.com/subscriptions/00000000-0000-0000-0000-000000000000/operationresults/eyJqb2JJZCI6IlJFU09VUkNFR1JPVVBERUxFVElPTkpPQi1DTEk6NUZURVNUOjVGQUc6NUZGUk9OVEVORDo1RklQOjVGUFJJVkFURVpKMkFEQ3w1MUFDRDJFQTBCOEJBRDYzLVdFU1RVUyIsImpvYkxvY2F0aW9uIjoid2VzdHVzIn0?api-version=2017-05-10']
      pragma: [no-cache]
      strict-transport-security: [max-age=31536000; includeSubDomains]
      x-ms-ratelimit-remaining-subscription-writes: ['1197']
    status: {code: 202, message: Accepted}
version: 1
