interactions:
- request:
    body: '{"tags": {"use": "az-test"}, "location": "westus"}'
    headers:
      Accept: [application/json]
      Accept-Encoding: ['gzip, deflate']
      CommandName: [group create]
      Connection: [keep-alive]
      Content-Length: ['50']
      Content-Type: [application/json; charset=utf-8]
      User-Agent: [python/3.5.3 (Windows-10-10.0.15063-SP0) requests/2.18.4 msrest/0.4.11
          msrest_azure/0.4.11 resourcemanagementclient/1.1.0 Azure-SDK-For-Python
          AZURECLI/2.0.13+dev]
      accept-language: [en-US]
    method: PUT
    uri: https://management.azure.com/subscriptions/00000000-0000-0000-0000-000000000000/resourcegroups/cli_test_network_route_filter000001?api-version=2017-05-10
  response:
    body: {string: '{"id":"/subscriptions/00000000-0000-0000-0000-000000000000/resourceGroups/cli_test_network_route_filter000001","name":"cli_test_network_route_filter000001","location":"westus","tags":{"use":"az-test"},"properties":{"provisioningState":"Succeeded"}}'}
    headers:
      cache-control: [no-cache]
      content-length: ['328']
      content-type: [application/json; charset=utf-8]
      date: ['Fri, 18 Aug 2017 22:21:57 GMT']
      expires: ['-1']
      pragma: [no-cache]
      strict-transport-security: [max-age=31536000; includeSubDomains]
      x-ms-ratelimit-remaining-subscription-writes: ['1194']
    status: {code: 201, message: Created}
- request:
    body: null
    headers:
      Accept: [application/json]
      Accept-Encoding: ['gzip, deflate']
      CommandName: [network route-filter create]
      Connection: [keep-alive]
      Content-Type: [application/json; charset=utf-8]
      User-Agent: [python/3.5.3 (Windows-10-10.0.15063-SP0) requests/2.18.4 msrest/0.4.11
          msrest_azure/0.4.11 resourcemanagementclient/1.1.0 Azure-SDK-For-Python
          AZURECLI/2.0.13+dev]
      accept-language: [en-US]
    method: GET
    uri: https://management.azure.com/subscriptions/00000000-0000-0000-0000-000000000000/resourcegroups/cli_test_network_route_filter000001?api-version=2017-05-10
  response:
    body: {string: '{"id":"/subscriptions/00000000-0000-0000-0000-000000000000/resourceGroups/cli_test_network_route_filter000001","name":"cli_test_network_route_filter000001","location":"westus","tags":{"use":"az-test"},"properties":{"provisioningState":"Succeeded"}}'}
    headers:
      cache-control: [no-cache]
      content-length: ['328']
      content-type: [application/json; charset=utf-8]
      date: ['Fri, 18 Aug 2017 22:21:57 GMT']
      expires: ['-1']
      pragma: [no-cache]
      strict-transport-security: [max-age=31536000; includeSubDomains]
      vary: [Accept-Encoding]
    status: {code: 200, message: OK}
- request:
    body: '{"location": "westus"}'
    headers:
      Accept: [application/json]
      Accept-Encoding: ['gzip, deflate']
      CommandName: [network route-filter create]
      Connection: [keep-alive]
      Content-Length: ['22']
      Content-Type: [application/json; charset=utf-8]
      User-Agent: [python/3.5.3 (Windows-10-10.0.15063-SP0) requests/2.18.4 msrest/0.4.11
          msrest_azure/0.4.11 networkmanagementclient/1.4.0a1 Azure-SDK-For-Python
          AZURECLI/2.0.13+dev]
      accept-language: [en-US]
    method: PUT
    uri: https://management.azure.com/subscriptions/00000000-0000-0000-0000-000000000000/resourceGroups/cli_test_network_route_filter000001/providers/Microsoft.Network/routeFilters/filter1?api-version=2017-06-01
  response:
    body: {string: "{\r\n  \"name\": \"filter1\",\r\n  \"id\": \"/subscriptions/00000000-0000-0000-0000-000000000000/resourceGroups/cli_test_network_route_filter000001/providers/Microsoft.Network/routeFilters/filter1\"\
        ,\r\n  \"etag\": \"W/\\\"b72c0140-f35f-4194-87e4-5a3fbd376531\\\"\",\r\n \
        \ \"type\": \"Microsoft.Network/routeFilters\",\r\n  \"location\": \"westus\"\
        ,\r\n  \"properties\": {\r\n    \"provisioningState\": \"Updating\",\r\n \
        \   \"rules\": []\r\n  }\r\n}"}
    headers:
      azure-asyncoperation: ['https://management.azure.com/subscriptions/00000000-0000-0000-0000-000000000000/providers/Microsoft.Network/locations/westus/operations/cc12eab6-d761-4190-b479-a968cae287c0?api-version=2017-06-01']
      cache-control: [no-cache]
      content-length: ['436']
      content-type: [application/json; charset=utf-8]
      date: ['Fri, 18 Aug 2017 22:21:58 GMT']
      expires: ['-1']
      pragma: [no-cache]
      server: [Microsoft-HTTPAPI/2.0, Microsoft-HTTPAPI/2.0]
      strict-transport-security: [max-age=31536000; includeSubDomains]
      x-ms-ratelimit-remaining-subscription-writes: ['1199']
    status: {code: 201, message: Created}
- request:
    body: null
    headers:
      Accept: [application/json]
      Accept-Encoding: ['gzip, deflate']
      CommandName: [network route-filter create]
      Connection: [keep-alive]
      Content-Type: [application/json; charset=utf-8]
      User-Agent: [python/3.5.3 (Windows-10-10.0.15063-SP0) requests/2.18.4 msrest/0.4.11
          msrest_azure/0.4.11 networkmanagementclient/1.4.0a1 Azure-SDK-For-Python
          AZURECLI/2.0.13+dev]
      accept-language: [en-US]
    method: GET
    uri: https://management.azure.com/subscriptions/00000000-0000-0000-0000-000000000000/providers/Microsoft.Network/locations/westus/operations/cc12eab6-d761-4190-b479-a968cae287c0?api-version=2017-06-01
  response:
    body: {string: "{\r\n  \"status\": \"InProgress\"\r\n}"}
    headers:
      cache-control: [no-cache]
      content-length: ['30']
      content-type: [application/json; charset=utf-8]
      date: ['Fri, 18 Aug 2017 22:22:08 GMT']
      expires: ['-1']
      pragma: [no-cache]
      server: [Microsoft-HTTPAPI/2.0, Microsoft-HTTPAPI/2.0]
      strict-transport-security: [max-age=31536000; includeSubDomains]
      transfer-encoding: [chunked]
      vary: [Accept-Encoding]
    status: {code: 200, message: OK}
- request:
    body: null
    headers:
      Accept: [application/json]
      Accept-Encoding: ['gzip, deflate']
      CommandName: [network route-filter create]
      Connection: [keep-alive]
      Content-Type: [application/json; charset=utf-8]
      User-Agent: [python/3.5.3 (Windows-10-10.0.15063-SP0) requests/2.18.4 msrest/0.4.11
          msrest_azure/0.4.11 networkmanagementclient/1.4.0a1 Azure-SDK-For-Python
          AZURECLI/2.0.13+dev]
      accept-language: [en-US]
    method: GET
    uri: https://management.azure.com/subscriptions/00000000-0000-0000-0000-000000000000/providers/Microsoft.Network/locations/westus/operations/cc12eab6-d761-4190-b479-a968cae287c0?api-version=2017-06-01
  response:
    body: {string: "{\r\n  \"status\": \"Succeeded\"\r\n}"}
    headers:
      cache-control: [no-cache]
      content-length: ['29']
      content-type: [application/json; charset=utf-8]
      date: ['Fri, 18 Aug 2017 22:22:18 GMT']
      expires: ['-1']
      pragma: [no-cache]
      server: [Microsoft-HTTPAPI/2.0, Microsoft-HTTPAPI/2.0]
      strict-transport-security: [max-age=31536000; includeSubDomains]
      transfer-encoding: [chunked]
      vary: [Accept-Encoding]
    status: {code: 200, message: OK}
- request:
    body: null
    headers:
      Accept: [application/json]
      Accept-Encoding: ['gzip, deflate']
      CommandName: [network route-filter create]
      Connection: [keep-alive]
      Content-Type: [application/json; charset=utf-8]
      User-Agent: [python/3.5.3 (Windows-10-10.0.15063-SP0) requests/2.18.4 msrest/0.4.11
          msrest_azure/0.4.11 networkmanagementclient/1.4.0a1 Azure-SDK-For-Python
          AZURECLI/2.0.13+dev]
      accept-language: [en-US]
    method: GET
    uri: https://management.azure.com/subscriptions/00000000-0000-0000-0000-000000000000/resourceGroups/cli_test_network_route_filter000001/providers/Microsoft.Network/routeFilters/filter1?api-version=2017-06-01
  response:
    body: {string: "{\r\n  \"name\": \"filter1\",\r\n  \"id\": \"/subscriptions/00000000-0000-0000-0000-000000000000/resourceGroups/cli_test_network_route_filter000001/providers/Microsoft.Network/routeFilters/filter1\"\
        ,\r\n  \"etag\": \"W/\\\"fa70c5d1-b78c-4766-8c7f-351923cad001\\\"\",\r\n \
        \ \"type\": \"Microsoft.Network/routeFilters\",\r\n  \"location\": \"westus\"\
        ,\r\n  \"properties\": {\r\n    \"provisioningState\": \"Succeeded\",\r\n\
        \    \"rules\": []\r\n  }\r\n}"}
    headers:
      cache-control: [no-cache]
      content-length: ['437']
      content-type: [application/json; charset=utf-8]
      date: ['Fri, 18 Aug 2017 22:22:19 GMT']
      etag: [W/"fa70c5d1-b78c-4766-8c7f-351923cad001"]
      expires: ['-1']
      pragma: [no-cache]
      server: [Microsoft-HTTPAPI/2.0, Microsoft-HTTPAPI/2.0]
      strict-transport-security: [max-age=31536000; includeSubDomains]
      transfer-encoding: [chunked]
      vary: [Accept-Encoding]
    status: {code: 200, message: OK}
- request:
    body: null
    headers:
      Accept: [application/json]
      Accept-Encoding: ['gzip, deflate']
      CommandName: [network route-filter update]
      Connection: [keep-alive]
      Content-Type: [application/json; charset=utf-8]
      User-Agent: [python/3.5.3 (Windows-10-10.0.15063-SP0) requests/2.18.4 msrest/0.4.11
          msrest_azure/0.4.11 networkmanagementclient/1.4.0a1 Azure-SDK-For-Python
          AZURECLI/2.0.13+dev]
      accept-language: [en-US]
    method: GET
    uri: https://management.azure.com/subscriptions/00000000-0000-0000-0000-000000000000/resourceGroups/cli_test_network_route_filter000001/providers/Microsoft.Network/routeFilters/filter1?api-version=2017-06-01
  response:
    body: {string: "{\r\n  \"name\": \"filter1\",\r\n  \"id\": \"/subscriptions/00000000-0000-0000-0000-000000000000/resourceGroups/cli_test_network_route_filter000001/providers/Microsoft.Network/routeFilters/filter1\"\
        ,\r\n  \"etag\": \"W/\\\"fa70c5d1-b78c-4766-8c7f-351923cad001\\\"\",\r\n \
        \ \"type\": \"Microsoft.Network/routeFilters\",\r\n  \"location\": \"westus\"\
        ,\r\n  \"properties\": {\r\n    \"provisioningState\": \"Succeeded\",\r\n\
        \    \"rules\": []\r\n  }\r\n}"}
    headers:
      cache-control: [no-cache]
      content-length: ['437']
      content-type: [application/json; charset=utf-8]
      date: ['Fri, 18 Aug 2017 22:22:19 GMT']
      etag: [W/"fa70c5d1-b78c-4766-8c7f-351923cad001"]
      expires: ['-1']
      pragma: [no-cache]
      server: [Microsoft-HTTPAPI/2.0, Microsoft-HTTPAPI/2.0]
      strict-transport-security: [max-age=31536000; includeSubDomains]
      transfer-encoding: [chunked]
      vary: [Accept-Encoding]
    status: {code: 200, message: OK}
- request:
    body: 'b''{"id": "/subscriptions/0b1f6471-1bf0-4dda-aec3-cb9272f09590/resourceGroups/cli_test_network_route_filter000001/providers/Microsoft.Network/routeFilters/filter1",
      "properties": {"rules": []}, "location": "westus"}'''
    headers:
      Accept: [application/json]
      Accept-Encoding: ['gzip, deflate']
      CommandName: [network route-filter update]
      Connection: [keep-alive]
      Content-Length: ['252']
      Content-Type: [application/json; charset=utf-8]
      User-Agent: [python/3.5.3 (Windows-10-10.0.15063-SP0) requests/2.18.4 msrest/0.4.11
          msrest_azure/0.4.11 networkmanagementclient/1.4.0a1 Azure-SDK-For-Python
          AZURECLI/2.0.13+dev]
      accept-language: [en-US]
    method: PUT
    uri: https://management.azure.com/subscriptions/00000000-0000-0000-0000-000000000000/resourceGroups/cli_test_network_route_filter000001/providers/Microsoft.Network/routeFilters/filter1?api-version=2017-06-01
  response:
    body: {string: "{\r\n  \"name\": \"filter1\",\r\n  \"id\": \"/subscriptions/00000000-0000-0000-0000-000000000000/resourceGroups/cli_test_network_route_filter000001/providers/Microsoft.Network/routeFilters/filter1\"\
        ,\r\n  \"etag\": \"W/\\\"531a1d5b-f3f2-401a-9bfe-d622c1cd4cec\\\"\",\r\n \
        \ \"type\": \"Microsoft.Network/routeFilters\",\r\n  \"location\": \"westus\"\
        ,\r\n  \"properties\": {\r\n    \"provisioningState\": \"Succeeded\",\r\n\
        \    \"rules\": []\r\n  }\r\n}"}
    headers:
      azure-asyncoperation: ['https://management.azure.com/subscriptions/00000000-0000-0000-0000-000000000000/providers/Microsoft.Network/locations/westus/operations/8fe235f6-596e-4389-8acd-fb1d0a135bb1?api-version=2017-06-01']
      cache-control: [no-cache]
      content-length: ['437']
      content-type: [application/json; charset=utf-8]
      date: ['Fri, 18 Aug 2017 22:22:19 GMT']
      expires: ['-1']
      pragma: [no-cache]
      server: [Microsoft-HTTPAPI/2.0, Microsoft-HTTPAPI/2.0]
      strict-transport-security: [max-age=31536000; includeSubDomains]
      transfer-encoding: [chunked]
      vary: [Accept-Encoding]
      x-ms-ratelimit-remaining-subscription-writes: ['1130']
    status: {code: 200, message: OK}
- request:
    body: null
    headers:
      Accept: [application/json]
      Accept-Encoding: ['gzip, deflate']
      CommandName: [network route-filter update]
      Connection: [keep-alive]
      Content-Type: [application/json; charset=utf-8]
      User-Agent: [python/3.5.3 (Windows-10-10.0.15063-SP0) requests/2.18.4 msrest/0.4.11
          msrest_azure/0.4.11 networkmanagementclient/1.4.0a1 Azure-SDK-For-Python
          AZURECLI/2.0.13+dev]
      accept-language: [en-US]
    method: GET
    uri: https://management.azure.com/subscriptions/00000000-0000-0000-0000-000000000000/providers/Microsoft.Network/locations/westus/operations/8fe235f6-596e-4389-8acd-fb1d0a135bb1?api-version=2017-06-01
  response:
    body: {string: "{\r\n  \"status\": \"Succeeded\"\r\n}"}
    headers:
      cache-control: [no-cache]
      content-length: ['29']
      content-type: [application/json; charset=utf-8]
      date: ['Fri, 18 Aug 2017 22:22:50 GMT']
      expires: ['-1']
      pragma: [no-cache]
      server: [Microsoft-HTTPAPI/2.0, Microsoft-HTTPAPI/2.0]
      strict-transport-security: [max-age=31536000; includeSubDomains]
      transfer-encoding: [chunked]
      vary: [Accept-Encoding]
    status: {code: 200, message: OK}
- request:
    body: null
    headers:
      Accept: [application/json]
      Accept-Encoding: ['gzip, deflate']
      CommandName: [network route-filter update]
      Connection: [keep-alive]
      Content-Type: [application/json; charset=utf-8]
      User-Agent: [python/3.5.3 (Windows-10-10.0.15063-SP0) requests/2.18.4 msrest/0.4.11
          msrest_azure/0.4.11 networkmanagementclient/1.4.0a1 Azure-SDK-For-Python
          AZURECLI/2.0.13+dev]
      accept-language: [en-US]
    method: GET
    uri: https://management.azure.com/subscriptions/00000000-0000-0000-0000-000000000000/resourceGroups/cli_test_network_route_filter000001/providers/Microsoft.Network/routeFilters/filter1?api-version=2017-06-01
  response:
    body: {string: "{\r\n  \"name\": \"filter1\",\r\n  \"id\": \"/subscriptions/00000000-0000-0000-0000-000000000000/resourceGroups/cli_test_network_route_filter000001/providers/Microsoft.Network/routeFilters/filter1\"\
        ,\r\n  \"etag\": \"W/\\\"531a1d5b-f3f2-401a-9bfe-d622c1cd4cec\\\"\",\r\n \
        \ \"type\": \"Microsoft.Network/routeFilters\",\r\n  \"location\": \"westus\"\
        ,\r\n  \"properties\": {\r\n    \"provisioningState\": \"Succeeded\",\r\n\
        \    \"rules\": []\r\n  }\r\n}"}
    headers:
      cache-control: [no-cache]
      content-length: ['437']
      content-type: [application/json; charset=utf-8]
      date: ['Fri, 18 Aug 2017 22:22:50 GMT']
      etag: [W/"531a1d5b-f3f2-401a-9bfe-d622c1cd4cec"]
      expires: ['-1']
      pragma: [no-cache]
      server: [Microsoft-HTTPAPI/2.0, Microsoft-HTTPAPI/2.0]
      strict-transport-security: [max-age=31536000; includeSubDomains]
      transfer-encoding: [chunked]
      vary: [Accept-Encoding]
    status: {code: 200, message: OK}
- request:
    body: null
    headers:
      Accept: [application/json]
      Accept-Encoding: ['gzip, deflate']
      CommandName: [network route-filter show]
      Connection: [keep-alive]
      Content-Type: [application/json; charset=utf-8]
      User-Agent: [python/3.5.3 (Windows-10-10.0.15063-SP0) requests/2.18.4 msrest/0.4.11
          msrest_azure/0.4.11 networkmanagementclient/1.4.0a1 Azure-SDK-For-Python
          AZURECLI/2.0.13+dev]
      accept-language: [en-US]
    method: GET
    uri: https://management.azure.com/subscriptions/00000000-0000-0000-0000-000000000000/resourceGroups/cli_test_network_route_filter000001/providers/Microsoft.Network/routeFilters/filter1?api-version=2017-06-01
  response:
    body: {string: "{\r\n  \"name\": \"filter1\",\r\n  \"id\": \"/subscriptions/00000000-0000-0000-0000-000000000000/resourceGroups/cli_test_network_route_filter000001/providers/Microsoft.Network/routeFilters/filter1\"\
        ,\r\n  \"etag\": \"W/\\\"531a1d5b-f3f2-401a-9bfe-d622c1cd4cec\\\"\",\r\n \
        \ \"type\": \"Microsoft.Network/routeFilters\",\r\n  \"location\": \"westus\"\
        ,\r\n  \"properties\": {\r\n    \"provisioningState\": \"Succeeded\",\r\n\
        \    \"rules\": []\r\n  }\r\n}"}
    headers:
      cache-control: [no-cache]
      content-length: ['437']
      content-type: [application/json; charset=utf-8]
      date: ['Fri, 18 Aug 2017 22:22:51 GMT']
      etag: [W/"531a1d5b-f3f2-401a-9bfe-d622c1cd4cec"]
      expires: ['-1']
      pragma: [no-cache]
      server: [Microsoft-HTTPAPI/2.0, Microsoft-HTTPAPI/2.0]
      strict-transport-security: [max-age=31536000; includeSubDomains]
      transfer-encoding: [chunked]
      vary: [Accept-Encoding]
    status: {code: 200, message: OK}
- request:
    body: null
    headers:
      Accept: [application/json]
      Accept-Encoding: ['gzip, deflate']
      CommandName: [network route-filter list]
      Connection: [keep-alive]
      Content-Type: [application/json; charset=utf-8]
      User-Agent: [python/3.5.3 (Windows-10-10.0.15063-SP0) requests/2.18.4 msrest/0.4.11
          msrest_azure/0.4.11 networkmanagementclient/1.4.0a1 Azure-SDK-For-Python
          AZURECLI/2.0.13+dev]
      accept-language: [en-US]
    method: GET
    uri: https://management.azure.com/subscriptions/00000000-0000-0000-0000-000000000000/resourceGroups/cli_test_network_route_filter000001/providers/Microsoft.Network/routeFilters?api-version=2017-06-01
  response:
    body: {string: "{\r\n  \"value\": [\r\n    {\r\n      \"name\": \"filter1\",\r\
        \n      \"id\": \"/subscriptions/00000000-0000-0000-0000-000000000000/resourceGroups/cli_test_network_route_filter000001/providers/Microsoft.Network/routeFilters/filter1\"\
        ,\r\n      \"etag\": \"W/\\\"531a1d5b-f3f2-401a-9bfe-d622c1cd4cec\\\"\",\r\
        \n      \"type\": \"Microsoft.Network/routeFilters\",\r\n      \"location\"\
        : \"westus\",\r\n      \"properties\": {\r\n        \"provisioningState\"\
        : \"Succeeded\",\r\n        \"rules\": []\r\n      }\r\n    }\r\n  ]\r\n}"}
    headers:
      cache-control: [no-cache]
      content-length: ['506']
      content-type: [application/json; charset=utf-8]
      date: ['Fri, 18 Aug 2017 22:22:50 GMT']
      expires: ['-1']
      pragma: [no-cache]
      server: [Microsoft-HTTPAPI/2.0, Microsoft-HTTPAPI/2.0]
      strict-transport-security: [max-age=31536000; includeSubDomains]
      transfer-encoding: [chunked]
      vary: [Accept-Encoding]
    status: {code: 200, message: OK}
- request:
    body: null
    headers:
      Accept: [application/json]
      Accept-Encoding: ['gzip, deflate']
      CommandName: [network route-filter rule list-service-communities]
      Connection: [keep-alive]
      Content-Type: [application/json; charset=utf-8]
      User-Agent: [python/3.5.3 (Windows-10-10.0.15063-SP0) requests/2.18.4 msrest/0.4.11
          msrest_azure/0.4.11 networkmanagementclient/1.4.0a1 Azure-SDK-For-Python
          AZURECLI/2.0.13+dev]
      accept-language: [en-US]
    method: GET
    uri: https://management.azure.com/subscriptions/00000000-0000-0000-0000-000000000000/providers/Microsoft.Network/bgpServiceCommunities?api-version=2017-06-01
  response:
    body: {string: '!!! The response body has been omitted from the recording because
        it is larger than 128 KB. It will be replaced with blank content of 140809
        bytes while replay. <CTRL-REPLACE>140809'}
    headers:
      cache-control: [no-cache]
      content-length: ['140809']
      content-type: [application/json; charset=utf-8]
      date: ['Fri, 18 Aug 2017 22:22:55 GMT']
      expires: ['-1']
      pragma: [no-cache]
      server: [Microsoft-HTTPAPI/2.0, Microsoft-HTTPAPI/2.0]
      strict-transport-security: [max-age=31536000; includeSubDomains]
      transfer-encoding: [chunked]
      vary: [Accept-Encoding]
    status: {code: 200, message: OK}
- request:
    body: null
    headers:
      Accept: [application/json]
      Accept-Encoding: ['gzip, deflate']
      CommandName: [network route-filter rule create]
      Connection: [keep-alive]
      Content-Type: [application/json; charset=utf-8]
      User-Agent: [python/3.5.3 (Windows-10-10.0.15063-SP0) requests/2.18.4 msrest/0.4.11
          msrest_azure/0.4.11 resourcemanagementclient/1.1.0 Azure-SDK-For-Python
          AZURECLI/2.0.13+dev]
      accept-language: [en-US]
    method: GET
    uri: https://management.azure.com/subscriptions/00000000-0000-0000-0000-000000000000/resourcegroups/cli_test_network_route_filter000001?api-version=2017-05-10
  response:
    body: {string: '{"id":"/subscriptions/00000000-0000-0000-0000-000000000000/resourceGroups/cli_test_network_route_filter000001","name":"cli_test_network_route_filter000001","location":"westus","tags":{"use":"az-test"},"properties":{"provisioningState":"Succeeded"}}'}
    headers:
      cache-control: [no-cache]
      content-length: ['328']
      content-type: [application/json; charset=utf-8]
      date: ['Fri, 18 Aug 2017 22:22:55 GMT']
      expires: ['-1']
      pragma: [no-cache]
      strict-transport-security: [max-age=31536000; includeSubDomains]
      vary: [Accept-Encoding]
    status: {code: 200, message: OK}
- request:
    body: '{"properties": {"access": "Allow", "routeFilterRuleType": "Community",
      "communities": ["12076:5040", "12076:5030"]}, "location": "westus"}'
    headers:
      Accept: [application/json]
      Accept-Encoding: ['gzip, deflate']
      CommandName: [network route-filter rule create]
      Connection: [keep-alive]
      Content-Length: ['138']
      Content-Type: [application/json; charset=utf-8]
      User-Agent: [python/3.5.3 (Windows-10-10.0.15063-SP0) requests/2.18.4 msrest/0.4.11
          msrest_azure/0.4.11 networkmanagementclient/1.4.0a1 Azure-SDK-For-Python
          AZURECLI/2.0.13+dev]
      accept-language: [en-US]
    method: PUT
    uri: https://management.azure.com/subscriptions/00000000-0000-0000-0000-000000000000/resourceGroups/cli_test_network_route_filter000001/providers/Microsoft.Network/routeFilters/filter1/routeFilterRules/rule1?api-version=2017-06-01
  response:
    body: {string: "{\r\n  \"name\": \"rule1\",\r\n  \"id\": \"/subscriptions/00000000-0000-0000-0000-000000000000/resourceGroups/cli_test_network_route_filter000001/providers/Microsoft.Network/routeFilters/filter1/routeFilterRules/rule1\"\
        ,\r\n  \"etag\": \"W/\\\"81e0b356-5602-42fb-ae8f-2e7fc256f961\\\"\",\r\n \
        \ \"properties\": {\r\n    \"provisioningState\": \"Updating\",\r\n    \"\
        access\": \"Allow\",\r\n    \"routeFilterRuleType\": \"Community\",\r\n  \
        \  \"communities\": [\r\n      \"12076:5040\",\r\n      \"12076:5030\"\r\n\
        \    ]\r\n  }\r\n}"}
    headers:
      azure-asyncoperation: ['https://management.azure.com/subscriptions/00000000-0000-0000-0000-000000000000/providers/Microsoft.Network/locations/westus/operations/18c47ed4-70e6-4989-8e71-d8d8532db75d?api-version=2017-06-01']
      cache-control: [no-cache]
      content-length: ['505']
      content-type: [application/json; charset=utf-8]
      date: ['Fri, 18 Aug 2017 22:22:56 GMT']
      expires: ['-1']
      pragma: [no-cache]
      server: [Microsoft-HTTPAPI/2.0, Microsoft-HTTPAPI/2.0]
      strict-transport-security: [max-age=31536000; includeSubDomains]
      x-ms-ratelimit-remaining-subscription-writes: ['1127']
    status: {code: 201, message: Created}
- request:
    body: null
    headers:
      Accept: [application/json]
      Accept-Encoding: ['gzip, deflate']
      CommandName: [network route-filter rule create]
      Connection: [keep-alive]
      Content-Type: [application/json; charset=utf-8]
      User-Agent: [python/3.5.3 (Windows-10-10.0.15063-SP0) requests/2.18.4 msrest/0.4.11
          msrest_azure/0.4.11 networkmanagementclient/1.4.0a1 Azure-SDK-For-Python
          AZURECLI/2.0.13+dev]
      accept-language: [en-US]
    method: GET
    uri: https://management.azure.com/subscriptions/00000000-0000-0000-0000-000000000000/providers/Microsoft.Network/locations/westus/operations/18c47ed4-70e6-4989-8e71-d8d8532db75d?api-version=2017-06-01
  response:
    body: {string: "{\r\n  \"status\": \"Failed\",\r\n  \"error\": {\r\n    \"code\"\
        : \" SubscriptionNotAuthorized\",\r\n    \"message\": \" 0b1f6471-1bf0-4dda-aec3-cb9272f09590\"\
        ,\r\n    \"details\": []\r\n  }\r\n}"}
    headers:
      cache-control: [no-cache]
      content-length: ['165']
      content-type: [application/json; charset=utf-8]
      date: ['Fri, 18 Aug 2017 22:23:06 GMT']
      expires: ['-1']
      pragma: [no-cache]
      server: [Microsoft-HTTPAPI/2.0, Microsoft-HTTPAPI/2.0]
      strict-transport-security: [max-age=31536000; includeSubDomains]
      transfer-encoding: [chunked]
      vary: [Accept-Encoding]
    status: {code: 200, message: OK}
- request:
    body: null
    headers:
      Accept: [application/json]
      Accept-Encoding: ['gzip, deflate']
      CommandName: [network route-filter rule update]
      Connection: [keep-alive]
      Content-Type: [application/json; charset=utf-8]
      User-Agent: [python/3.5.3 (Windows-10-10.0.15063-SP0) requests/2.18.4 msrest/0.4.11
          msrest_azure/0.4.11 networkmanagementclient/1.4.0a1 Azure-SDK-For-Python
          AZURECLI/2.0.13+dev]
      accept-language: [en-US]
    method: GET
    uri: https://management.azure.com/subscriptions/00000000-0000-0000-0000-000000000000/resourceGroups/cli_test_network_route_filter000001/providers/Microsoft.Network/routeFilters/filter1/routeFilterRules/rule1?api-version=2017-06-01
  response:
    body: {string: "{\r\n  \"name\": \"rule1\",\r\n  \"id\": \"/subscriptions/00000000-0000-0000-0000-000000000000/resourceGroups/cli_test_network_route_filter000001/providers/Microsoft.Network/routeFilters/filter1/routeFilterRules/rule1\"\
        ,\r\n  \"etag\": \"W/\\\"7cebdc53-c82e-4a7c-a895-156136e90151\\\"\",\r\n \
        \ \"properties\": {\r\n    \"provisioningState\": \"Failed\",\r\n    \"access\"\
        : \"Allow\",\r\n    \"routeFilterRuleType\": \"Community\",\r\n    \"communities\"\
        : [\r\n      \"12076:5040\",\r\n      \"12076:5030\"\r\n    ]\r\n  }\r\n}"}
    headers:
      cache-control: [no-cache]
      content-length: ['503']
      content-type: [application/json; charset=utf-8]
      date: ['Fri, 18 Aug 2017 22:23:07 GMT']
      etag: [W/"7cebdc53-c82e-4a7c-a895-156136e90151"]
      expires: ['-1']
      pragma: [no-cache]
      server: [Microsoft-HTTPAPI/2.0, Microsoft-HTTPAPI/2.0]
      strict-transport-security: [max-age=31536000; includeSubDomains]
      transfer-encoding: [chunked]
      vary: [Accept-Encoding]
    status: {code: 200, message: OK}
- request:
    body: 'b''{"id": "/subscriptions/0b1f6471-1bf0-4dda-aec3-cb9272f09590/resourceGroups/cli_test_network_route_filter000001/providers/Microsoft.Network/routeFilters/filter1/routeFilterRules/rule1",
      "properties": {"access": "Deny", "routeFilterRuleType": "Community", "communities":
      ["12076:5040", "12076:5030"]}, "name": "rule1"}'''
    headers:
      Accept: [application/json]
      Accept-Encoding: ['gzip, deflate']
      CommandName: [network route-filter rule update]
      Connection: [keep-alive]
      Content-Length: ['356']
      Content-Type: [application/json; charset=utf-8]
      User-Agent: [python/3.5.3 (Windows-10-10.0.15063-SP0) requests/2.18.4 msrest/0.4.11
          msrest_azure/0.4.11 networkmanagementclient/1.4.0a1 Azure-SDK-For-Python
          AZURECLI/2.0.13+dev]
      accept-language: [en-US]
    method: PUT
    uri: https://management.azure.com/subscriptions/00000000-0000-0000-0000-000000000000/resourceGroups/cli_test_network_route_filter000001/providers/Microsoft.Network/routeFilters/filter1/routeFilterRules/rule1?api-version=2017-06-01
  response:
    body: {string: "{\r\n  \"name\": \"rule1\",\r\n  \"id\": \"/subscriptions/00000000-0000-0000-0000-000000000000/resourceGroups/cli_test_network_route_filter000001/providers/Microsoft.Network/routeFilters/filter1/routeFilterRules/rule1\"\
        ,\r\n  \"etag\": \"W/\\\"3fa0146a-4699-46c1-9033-19e67677f0b0\\\"\",\r\n \
        \ \"properties\": {\r\n    \"provisioningState\": \"Updating\",\r\n    \"\
        access\": \"Deny\",\r\n    \"routeFilterRuleType\": \"Community\",\r\n   \
        \ \"communities\": [\r\n      \"12076:5040\",\r\n      \"12076:5030\"\r\n\
        \    ]\r\n  }\r\n}"}
    headers:
      azure-asyncoperation: ['https://management.azure.com/subscriptions/00000000-0000-0000-0000-000000000000/providers/Microsoft.Network/locations/westus/operations/a67d8e66-ad41-41bb-a70c-85de9746c9cb?api-version=2017-06-01']
      cache-control: [no-cache]
      content-length: ['504']
      content-type: [application/json; charset=utf-8]
      date: ['Fri, 18 Aug 2017 22:23:08 GMT']
      expires: ['-1']
      pragma: [no-cache]
      server: [Microsoft-HTTPAPI/2.0, Microsoft-HTTPAPI/2.0]
      strict-transport-security: [max-age=31536000; includeSubDomains]
      transfer-encoding: [chunked]
      vary: [Accept-Encoding]
      x-ms-ratelimit-remaining-subscription-writes: ['1193']
    status: {code: 200, message: OK}
- request:
    body: null
    headers:
      Accept: [application/json]
      Accept-Encoding: ['gzip, deflate']
      CommandName: [network route-filter rule update]
      Connection: [keep-alive]
      Content-Type: [application/json; charset=utf-8]
      User-Agent: [python/3.5.3 (Windows-10-10.0.15063-SP0) requests/2.18.4 msrest/0.4.11
          msrest_azure/0.4.11 networkmanagementclient/1.4.0a1 Azure-SDK-For-Python
          AZURECLI/2.0.13+dev]
      accept-language: [en-US]
    method: GET
    uri: https://management.azure.com/subscriptions/00000000-0000-0000-0000-000000000000/providers/Microsoft.Network/locations/westus/operations/a67d8e66-ad41-41bb-a70c-85de9746c9cb?api-version=2017-06-01
  response:
    body: {string: "{\r\n  \"status\": \"Failed\",\r\n  \"error\": {\r\n    \"code\"\
        : \" SubscriptionNotAuthorized\",\r\n    \"message\": \" 0b1f6471-1bf0-4dda-aec3-cb9272f09590\"\
        ,\r\n    \"details\": []\r\n  }\r\n}"}
    headers:
      cache-control: [no-cache]
      content-length: ['165']
      content-type: [application/json; charset=utf-8]
      date: ['Fri, 18 Aug 2017 22:23:18 GMT']
      expires: ['-1']
      pragma: [no-cache]
      server: [Microsoft-HTTPAPI/2.0, Microsoft-HTTPAPI/2.0]
      strict-transport-security: [max-age=31536000; includeSubDomains]
      transfer-encoding: [chunked]
      vary: [Accept-Encoding]
    status: {code: 200, message: OK}
- request:
    body: null
    headers:
      Accept: [application/json]
      Accept-Encoding: ['gzip, deflate']
      CommandName: [network route-filter rule show]
      Connection: [keep-alive]
      Content-Type: [application/json; charset=utf-8]
      User-Agent: [python/3.5.3 (Windows-10-10.0.15063-SP0) requests/2.18.4 msrest/0.4.11
          msrest_azure/0.4.11 networkmanagementclient/1.4.0a1 Azure-SDK-For-Python
          AZURECLI/2.0.13+dev]
      accept-language: [en-US]
    method: GET
    uri: https://management.azure.com/subscriptions/00000000-0000-0000-0000-000000000000/resourceGroups/cli_test_network_route_filter000001/providers/Microsoft.Network/routeFilters/filter1/routeFilterRules/rule1?api-version=2017-06-01
  response:
    body: {string: "{\r\n  \"name\": \"rule1\",\r\n  \"id\": \"/subscriptions/00000000-0000-0000-0000-000000000000/resourceGroups/cli_test_network_route_filter000001/providers/Microsoft.Network/routeFilters/filter1/routeFilterRules/rule1\"\
        ,\r\n  \"etag\": \"W/\\\"e5e6bf75-ac92-460e-9a96-a7b468d57c45\\\"\",\r\n \
        \ \"properties\": {\r\n    \"provisioningState\": \"Failed\",\r\n    \"access\"\
        : \"Deny\",\r\n    \"routeFilterRuleType\": \"Community\",\r\n    \"communities\"\
        : [\r\n      \"12076:5040\",\r\n      \"12076:5030\"\r\n    ]\r\n  }\r\n}"}
    headers:
      cache-control: [no-cache]
      content-length: ['502']
      content-type: [application/json; charset=utf-8]
      date: ['Fri, 18 Aug 2017 22:23:18 GMT']
      etag: [W/"e5e6bf75-ac92-460e-9a96-a7b468d57c45"]
      expires: ['-1']
      pragma: [no-cache]
      server: [Microsoft-HTTPAPI/2.0, Microsoft-HTTPAPI/2.0]
      strict-transport-security: [max-age=31536000; includeSubDomains]
      transfer-encoding: [chunked]
      vary: [Accept-Encoding]
    status: {code: 200, message: OK}
- request:
    body: null
    headers:
      Accept: [application/json]
      Accept-Encoding: ['gzip, deflate']
      CommandName: [network route-filter rule list]
      Connection: [keep-alive]
      Content-Type: [application/json; charset=utf-8]
      User-Agent: [python/3.5.3 (Windows-10-10.0.15063-SP0) requests/2.18.4 msrest/0.4.11
          msrest_azure/0.4.11 networkmanagementclient/1.4.0a1 Azure-SDK-For-Python
          AZURECLI/2.0.13+dev]
      accept-language: [en-US]
    method: GET
    uri: https://management.azure.com/subscriptions/00000000-0000-0000-0000-000000000000/resourceGroups/cli_test_network_route_filter000001/providers/Microsoft.Network/routeFilters/filter1/routeFilterRules?api-version=2017-06-01
  response:
    body: {string: "{\r\n  \"value\": [\r\n    {\r\n      \"name\": \"rule1\",\r\n\
        \      \"id\": \"/subscriptions/00000000-0000-0000-0000-000000000000/resourceGroups/cli_test_network_route_filter000001/providers/Microsoft.Network/routeFilters/filter1/routeFilterRules/rule1\"\
        ,\r\n      \"etag\": \"W/\\\"e5e6bf75-ac92-460e-9a96-a7b468d57c45\\\"\",\r\
        \n      \"properties\": {\r\n        \"provisioningState\": \"Failed\",\r\n\
        \        \"access\": \"Deny\",\r\n        \"routeFilterRuleType\": \"Community\"\
        ,\r\n        \"communities\": [\r\n          \"12076:5040\",\r\n         \
        \ \"12076:5030\"\r\n        ]\r\n      }\r\n    }\r\n  ]\r\n}"}
    headers:
      cache-control: [no-cache]
      content-length: ['583']
      content-type: [application/json; charset=utf-8]
      date: ['Fri, 18 Aug 2017 22:23:19 GMT']
      expires: ['-1']
      pragma: [no-cache]
      server: [Microsoft-HTTPAPI/2.0, Microsoft-HTTPAPI/2.0]
      strict-transport-security: [max-age=31536000; includeSubDomains]
      transfer-encoding: [chunked]
      vary: [Accept-Encoding]
    status: {code: 200, message: OK}
- request:
    body: null
    headers:
      Accept: [application/json]
      Accept-Encoding: ['gzip, deflate']
      CommandName: [network route-filter rule delete]
      Connection: [keep-alive]
      Content-Length: ['0']
      Content-Type: [application/json; charset=utf-8]
      User-Agent: [python/3.5.3 (Windows-10-10.0.15063-SP0) requests/2.18.4 msrest/0.4.11
          msrest_azure/0.4.11 networkmanagementclient/1.4.0a1 Azure-SDK-For-Python
          AZURECLI/2.0.13+dev]
      accept-language: [en-US]
    method: DELETE
    uri: https://management.azure.com/subscriptions/00000000-0000-0000-0000-000000000000/resourceGroups/cli_test_network_route_filter000001/providers/Microsoft.Network/routeFilters/filter1/routeFilterRules/rule1?api-version=2017-06-01
  response:
    body: {string: ''}
    headers:
      azure-asyncoperation: ['https://management.azure.com/subscriptions/00000000-0000-0000-0000-000000000000/providers/Microsoft.Network/locations/westus/operations/39bdced7-fb88-4c01-80b8-6c258617316f?api-version=2017-06-01']
      cache-control: [no-cache]
      content-length: ['0']
      date: ['Fri, 18 Aug 2017 22:23:20 GMT']
      expires: ['-1']
      location: ['https://management.azure.com/subscriptions/00000000-0000-0000-0000-000000000000/providers/Microsoft.Network/locations/westus/operationResults/39bdced7-fb88-4c01-80b8-6c258617316f?api-version=2017-06-01']
      pragma: [no-cache]
      server: [Microsoft-HTTPAPI/2.0, Microsoft-HTTPAPI/2.0]
      strict-transport-security: [max-age=31536000; includeSubDomains]
      x-ms-ratelimit-remaining-subscription-writes: ['1199']
    status: {code: 202, message: Accepted}
- request:
    body: null
    headers:
      Accept: [application/json]
      Accept-Encoding: ['gzip, deflate']
      CommandName: [network route-filter rule delete]
      Connection: [keep-alive]
      Content-Type: [application/json; charset=utf-8]
      User-Agent: [python/3.5.3 (Windows-10-10.0.15063-SP0) requests/2.18.4 msrest/0.4.11
          msrest_azure/0.4.11 networkmanagementclient/1.4.0a1 Azure-SDK-For-Python
          AZURECLI/2.0.13+dev]
      accept-language: [en-US]
    method: GET
    uri: https://management.azure.com/subscriptions/00000000-0000-0000-0000-000000000000/providers/Microsoft.Network/locations/westus/operations/39bdced7-fb88-4c01-80b8-6c258617316f?api-version=2017-06-01
  response:
    body: {string: "{\r\n  \"status\": \"Succeeded\"\r\n}"}
    headers:
      cache-control: [no-cache]
      content-length: ['29']
      content-type: [application/json; charset=utf-8]
      date: ['Fri, 18 Aug 2017 22:23:30 GMT']
      expires: ['-1']
      pragma: [no-cache]
      server: [Microsoft-HTTPAPI/2.0, Microsoft-HTTPAPI/2.0]
      strict-transport-security: [max-age=31536000; includeSubDomains]
      transfer-encoding: [chunked]
      vary: [Accept-Encoding]
    status: {code: 200, message: OK}
- request:
    body: null
    headers:
      Accept: [application/json]
      Accept-Encoding: ['gzip, deflate']
      CommandName: [network route-filter delete]
      Connection: [keep-alive]
      Content-Length: ['0']
      Content-Type: [application/json; charset=utf-8]
      User-Agent: [python/3.5.3 (Windows-10-10.0.15063-SP0) requests/2.18.4 msrest/0.4.11
          msrest_azure/0.4.11 networkmanagementclient/1.4.0a1 Azure-SDK-For-Python
          AZURECLI/2.0.13+dev]
      accept-language: [en-US]
    method: DELETE
    uri: https://management.azure.com/subscriptions/00000000-0000-0000-0000-000000000000/resourceGroups/cli_test_network_route_filter000001/providers/Microsoft.Network/routeFilters/filter1?api-version=2017-06-01
  response:
    body: {string: ''}
    headers:
      azure-asyncoperation: ['https://management.azure.com/subscriptions/00000000-0000-0000-0000-000000000000/providers/Microsoft.Network/locations/westus/operations/ea191df9-23df-4158-903e-377b3578abca?api-version=2017-06-01']
      cache-control: [no-cache]
      content-length: ['0']
      date: ['Fri, 18 Aug 2017 22:23:31 GMT']
      expires: ['-1']
      location: ['https://management.azure.com/subscriptions/00000000-0000-0000-0000-000000000000/providers/Microsoft.Network/locations/westus/operationResults/ea191df9-23df-4158-903e-377b3578abca?api-version=2017-06-01']
      pragma: [no-cache]
      server: [Microsoft-HTTPAPI/2.0, Microsoft-HTTPAPI/2.0]
      strict-transport-security: [max-age=31536000; includeSubDomains]
      x-ms-ratelimit-remaining-subscription-writes: ['1199']
    status: {code: 202, message: Accepted}
- request:
    body: null
    headers:
      Accept: [application/json]
      Accept-Encoding: ['gzip, deflate']
      CommandName: [network route-filter delete]
      Connection: [keep-alive]
      Content-Type: [application/json; charset=utf-8]
      User-Agent: [python/3.5.3 (Windows-10-10.0.15063-SP0) requests/2.18.4 msrest/0.4.11
          msrest_azure/0.4.11 networkmanagementclient/1.4.0a1 Azure-SDK-For-Python
          AZURECLI/2.0.13+dev]
      accept-language: [en-US]
    method: GET
    uri: https://management.azure.com/subscriptions/00000000-0000-0000-0000-000000000000/providers/Microsoft.Network/locations/westus/operations/ea191df9-23df-4158-903e-377b3578abca?api-version=2017-06-01
  response:
    body: {string: "{\r\n  \"status\": \"InProgress\"\r\n}"}
    headers:
      cache-control: [no-cache]
      content-length: ['30']
      content-type: [application/json; charset=utf-8]
      date: ['Fri, 18 Aug 2017 22:23:42 GMT']
      expires: ['-1']
      pragma: [no-cache]
      server: [Microsoft-HTTPAPI/2.0, Microsoft-HTTPAPI/2.0]
      strict-transport-security: [max-age=31536000; includeSubDomains]
      transfer-encoding: [chunked]
      vary: [Accept-Encoding]
    status: {code: 200, message: OK}
- request:
    body: null
    headers:
      Accept: [application/json]
      Accept-Encoding: ['gzip, deflate']
      CommandName: [network route-filter delete]
      Connection: [keep-alive]
      Content-Type: [application/json; charset=utf-8]
      User-Agent: [python/3.5.3 (Windows-10-10.0.15063-SP0) requests/2.18.4 msrest/0.4.11
          msrest_azure/0.4.11 networkmanagementclient/1.4.0a1 Azure-SDK-For-Python
          AZURECLI/2.0.13+dev]
      accept-language: [en-US]
    method: GET
    uri: https://management.azure.com/subscriptions/00000000-0000-0000-0000-000000000000/providers/Microsoft.Network/locations/westus/operations/ea191df9-23df-4158-903e-377b3578abca?api-version=2017-06-01
  response:
    body: {string: "{\r\n  \"status\": \"Succeeded\"\r\n}"}
    headers:
      cache-control: [no-cache]
      content-length: ['29']
      content-type: [application/json; charset=utf-8]
      date: ['Fri, 18 Aug 2017 22:23:52 GMT']
      expires: ['-1']
      pragma: [no-cache]
      server: [Microsoft-HTTPAPI/2.0, Microsoft-HTTPAPI/2.0]
      strict-transport-security: [max-age=31536000; includeSubDomains]
      transfer-encoding: [chunked]
      vary: [Accept-Encoding]
    status: {code: 200, message: OK}
- request:
    body: null
    headers:
      Accept: [application/json]
      Accept-Encoding: ['gzip, deflate']
      CommandName: [group delete]
      Connection: [keep-alive]
      Content-Length: ['0']
      Content-Type: [application/json; charset=utf-8]
      User-Agent: [python/3.5.3 (Windows-10-10.0.15063-SP0) requests/2.18.4 msrest/0.4.11
          msrest_azure/0.4.11 resourcemanagementclient/1.1.0 Azure-SDK-For-Python
          AZURECLI/2.0.13+dev]
      accept-language: [en-US]
    method: DELETE
    uri: https://management.azure.com/subscriptions/00000000-0000-0000-0000-000000000000/resourcegroups/cli_test_network_route_filter000001?api-version=2017-05-10
  response:
    body: {string: ''}
    headers:
      cache-control: [no-cache]
      content-length: ['0']
      date: ['Fri, 18 Aug 2017 22:23:52 GMT']
      expires: ['-1']
      location: ['https://management.azure.com/subscriptions/00000000-0000-0000-0000-000000000000/operationresults/eyJqb2JJZCI6IlJFU09VUkNFR1JPVVBERUxFVElPTkpPQi1DTEk6NUZURVNUOjVGTkVUV09SSzo1RlJPVVRFOjVGRklMVEVSN0ZCQUlERU5KQXxENDZGODNEN0NFQjM2OUQwLVdFU1RVUyIsImpvYkxvY2F0aW9uIjoid2VzdHVzIn0?api-version=2017-05-10']
      pragma: [no-cache]
      strict-transport-security: [max-age=31536000; includeSubDomains]
      x-ms-ratelimit-remaining-subscription-writes: ['1198']
    status: {code: 202, message: Accepted}
version: 1
