interactions:
- request:
    body: '{"location": "westus", "tags": {"use": "az-test"}}'
    headers:
      Accept: [application/json]
      Accept-Encoding: ['gzip, deflate']
      CommandName: [group create]
      Connection: [keep-alive]
      Content-Length: ['50']
      Content-Type: [application/json; charset=utf-8]
      User-Agent: [python/3.5.3 (Windows-10-10.0.15063-SP0) requests/2.9.1 msrest/0.4.14
          msrest_azure/0.4.13 resourcemanagementclient/1.1.0 Azure-SDK-For-Python
          AZURECLI/2.0.16+dev]
      accept-language: [en-US]
    method: PUT
    uri: https://management.azure.com/subscriptions/00000000-0000-0000-0000-000000000000/resourcegroups/cli_test_network_route_filter000001?api-version=2017-05-10
  response:
    body: {string: '{"id":"/subscriptions/00000000-0000-0000-0000-000000000000/resourceGroups/cli_test_network_route_filter000001","name":"cli_test_network_route_filter000001","location":"westus","tags":{"use":"az-test"},"properties":{"provisioningState":"Succeeded"}}'}
    headers:
      cache-control: [no-cache]
      content-length: ['328']
      content-type: [application/json; charset=utf-8]
      date: ['Tue, 12 Sep 2017 15:50:20 GMT']
      expires: ['-1']
      pragma: [no-cache]
      strict-transport-security: [max-age=31536000; includeSubDomains]
      x-ms-ratelimit-remaining-subscription-writes: ['1188']
    status: {code: 201, message: Created}
- request:
    body: null
    headers:
      Accept: [application/json]
      Accept-Encoding: ['gzip, deflate']
      CommandName: [network route-filter create]
      Connection: [keep-alive]
      Content-Type: [application/json; charset=utf-8]
      User-Agent: [python/3.5.3 (Windows-10-10.0.15063-SP0) requests/2.9.1 msrest/0.4.14
          msrest_azure/0.4.13 resourcemanagementclient/1.1.0 Azure-SDK-For-Python
          AZURECLI/2.0.16+dev]
      accept-language: [en-US]
    method: GET
    uri: https://management.azure.com/subscriptions/00000000-0000-0000-0000-000000000000/resourcegroups/cli_test_network_route_filter000001?api-version=2017-05-10
  response:
    body: {string: '{"id":"/subscriptions/00000000-0000-0000-0000-000000000000/resourceGroups/cli_test_network_route_filter000001","name":"cli_test_network_route_filter000001","location":"westus","tags":{"use":"az-test"},"properties":{"provisioningState":"Succeeded"}}'}
    headers:
      cache-control: [no-cache]
      content-length: ['328']
      content-type: [application/json; charset=utf-8]
      date: ['Tue, 12 Sep 2017 15:50:20 GMT']
      expires: ['-1']
      pragma: [no-cache]
      strict-transport-security: [max-age=31536000; includeSubDomains]
      vary: [Accept-Encoding]
    status: {code: 200, message: OK}
- request:
    body: '{"location": "westus"}'
    headers:
      Accept: [application/json]
      Accept-Encoding: ['gzip, deflate']
      CommandName: [network route-filter create]
      Connection: [keep-alive]
      Content-Length: ['22']
      Content-Type: [application/json; charset=utf-8]
      User-Agent: [python/3.5.3 (Windows-10-10.0.15063-SP0) requests/2.9.1 msrest/0.4.14
          msrest_azure/0.4.13 networkmanagementclient/1.4.0 Azure-SDK-For-Python AZURECLI/2.0.16+dev]
      accept-language: [en-US]
    method: PUT
    uri: https://management.azure.com/subscriptions/00000000-0000-0000-0000-000000000000/resourceGroups/cli_test_network_route_filter000001/providers/Microsoft.Network/routeFilters/filter1?api-version=2017-08-01
  response:
    body: {string: "{\r\n  \"name\": \"filter1\",\r\n  \"id\": \"/subscriptions/00000000-0000-0000-0000-000000000000/resourceGroups/cli_test_network_route_filter000001/providers/Microsoft.Network/routeFilters/filter1\"\
        ,\r\n  \"etag\": \"W/\\\"fc46fa4b-b7ed-4744-a4de-e30d9146b77e\\\"\",\r\n \
        \ \"type\": \"Microsoft.Network/routeFilters\",\r\n  \"location\": \"westus\"\
        ,\r\n  \"properties\": {\r\n    \"provisioningState\": \"Updating\",\r\n \
        \   \"rules\": []\r\n  }\r\n}"}
    headers:
      azure-asyncoperation: ['https://management.azure.com/subscriptions/00000000-0000-0000-0000-000000000000/providers/Microsoft.Network/locations/westus/operations/b7c0c519-9e41-4146-85e4-ccd5ed7b35be?api-version=2017-08-01']
      cache-control: [no-cache]
      content-length: ['436']
      content-type: [application/json; charset=utf-8]
      date: ['Tue, 12 Sep 2017 15:50:24 GMT']
      expires: ['-1']
      pragma: [no-cache]
      server: [Microsoft-HTTPAPI/2.0, Microsoft-HTTPAPI/2.0]
      strict-transport-security: [max-age=31536000; includeSubDomains]
      x-ms-ratelimit-remaining-subscription-writes: ['1181']
    status: {code: 201, message: Created}
- request:
    body: null
    headers:
      Accept: [application/json]
      Accept-Encoding: ['gzip, deflate']
      CommandName: [network route-filter create]
      Connection: [keep-alive]
      Content-Type: [application/json; charset=utf-8]
      User-Agent: [python/3.5.3 (Windows-10-10.0.15063-SP0) requests/2.9.1 msrest/0.4.14
          msrest_azure/0.4.13 networkmanagementclient/1.4.0 Azure-SDK-For-Python AZURECLI/2.0.16+dev]
      accept-language: [en-US]
    method: GET
    uri: https://management.azure.com/subscriptions/00000000-0000-0000-0000-000000000000/providers/Microsoft.Network/locations/westus/operations/b7c0c519-9e41-4146-85e4-ccd5ed7b35be?api-version=2017-08-01
  response:
    body: {string: "{\r\n  \"status\": \"InProgress\"\r\n}"}
    headers:
      cache-control: [no-cache]
      content-length: ['30']
      content-type: [application/json; charset=utf-8]
      date: ['Tue, 12 Sep 2017 15:50:35 GMT']
      expires: ['-1']
      pragma: [no-cache]
      server: [Microsoft-HTTPAPI/2.0, Microsoft-HTTPAPI/2.0]
      strict-transport-security: [max-age=31536000; includeSubDomains]
      transfer-encoding: [chunked]
      vary: [Accept-Encoding]
    status: {code: 200, message: OK}
- request:
    body: null
    headers:
      Accept: [application/json]
      Accept-Encoding: ['gzip, deflate']
      CommandName: [network route-filter create]
      Connection: [keep-alive]
      Content-Type: [application/json; charset=utf-8]
      User-Agent: [python/3.5.3 (Windows-10-10.0.15063-SP0) requests/2.9.1 msrest/0.4.14
          msrest_azure/0.4.13 networkmanagementclient/1.4.0 Azure-SDK-For-Python AZURECLI/2.0.16+dev]
      accept-language: [en-US]
    method: GET
    uri: https://management.azure.com/subscriptions/00000000-0000-0000-0000-000000000000/providers/Microsoft.Network/locations/westus/operations/b7c0c519-9e41-4146-85e4-ccd5ed7b35be?api-version=2017-08-01
  response:
    body: {string: "{\r\n  \"status\": \"Succeeded\"\r\n}"}
    headers:
      cache-control: [no-cache]
      content-length: ['29']
      content-type: [application/json; charset=utf-8]
      date: ['Tue, 12 Sep 2017 15:50:46 GMT']
      expires: ['-1']
      pragma: [no-cache]
      server: [Microsoft-HTTPAPI/2.0, Microsoft-HTTPAPI/2.0]
      strict-transport-security: [max-age=31536000; includeSubDomains]
      transfer-encoding: [chunked]
      vary: [Accept-Encoding]
    status: {code: 200, message: OK}
- request:
    body: null
    headers:
      Accept: [application/json]
      Accept-Encoding: ['gzip, deflate']
      CommandName: [network route-filter create]
      Connection: [keep-alive]
      Content-Type: [application/json; charset=utf-8]
      User-Agent: [python/3.5.3 (Windows-10-10.0.15063-SP0) requests/2.9.1 msrest/0.4.14
          msrest_azure/0.4.13 networkmanagementclient/1.4.0 Azure-SDK-For-Python AZURECLI/2.0.16+dev]
      accept-language: [en-US]
    method: GET
    uri: https://management.azure.com/subscriptions/00000000-0000-0000-0000-000000000000/resourceGroups/cli_test_network_route_filter000001/providers/Microsoft.Network/routeFilters/filter1?api-version=2017-08-01
  response:
    body: {string: "{\r\n  \"name\": \"filter1\",\r\n  \"id\": \"/subscriptions/00000000-0000-0000-0000-000000000000/resourceGroups/cli_test_network_route_filter000001/providers/Microsoft.Network/routeFilters/filter1\"\
        ,\r\n  \"etag\": \"W/\\\"137aa1ab-1c19-482f-ba2e-991383a7a7e8\\\"\",\r\n \
        \ \"type\": \"Microsoft.Network/routeFilters\",\r\n  \"location\": \"westus\"\
        ,\r\n  \"properties\": {\r\n    \"provisioningState\": \"Succeeded\",\r\n\
        \    \"rules\": []\r\n  }\r\n}"}
    headers:
      cache-control: [no-cache]
      content-length: ['437']
      content-type: [application/json; charset=utf-8]
      date: ['Tue, 12 Sep 2017 15:50:47 GMT']
      etag: [W/"137aa1ab-1c19-482f-ba2e-991383a7a7e8"]
      expires: ['-1']
      pragma: [no-cache]
      server: [Microsoft-HTTPAPI/2.0, Microsoft-HTTPAPI/2.0]
      strict-transport-security: [max-age=31536000; includeSubDomains]
      transfer-encoding: [chunked]
      vary: [Accept-Encoding]
    status: {code: 200, message: OK}
- request:
    body: null
    headers:
      Accept: [application/json]
      Accept-Encoding: ['gzip, deflate']
      CommandName: [network route-filter update]
      Connection: [keep-alive]
      Content-Type: [application/json; charset=utf-8]
      User-Agent: [python/3.5.3 (Windows-10-10.0.15063-SP0) requests/2.9.1 msrest/0.4.14
          msrest_azure/0.4.13 networkmanagementclient/1.4.0 Azure-SDK-For-Python AZURECLI/2.0.16+dev]
      accept-language: [en-US]
    method: GET
    uri: https://management.azure.com/subscriptions/00000000-0000-0000-0000-000000000000/resourceGroups/cli_test_network_route_filter000001/providers/Microsoft.Network/routeFilters/filter1?api-version=2017-08-01
  response:
    body: {string: "{\r\n  \"name\": \"filter1\",\r\n  \"id\": \"/subscriptions/00000000-0000-0000-0000-000000000000/resourceGroups/cli_test_network_route_filter000001/providers/Microsoft.Network/routeFilters/filter1\"\
        ,\r\n  \"etag\": \"W/\\\"137aa1ab-1c19-482f-ba2e-991383a7a7e8\\\"\",\r\n \
        \ \"type\": \"Microsoft.Network/routeFilters\",\r\n  \"location\": \"westus\"\
        ,\r\n  \"properties\": {\r\n    \"provisioningState\": \"Succeeded\",\r\n\
        \    \"rules\": []\r\n  }\r\n}"}
    headers:
      cache-control: [no-cache]
      content-length: ['437']
      content-type: [application/json; charset=utf-8]
      date: ['Tue, 12 Sep 2017 15:50:47 GMT']
      etag: [W/"137aa1ab-1c19-482f-ba2e-991383a7a7e8"]
      expires: ['-1']
      pragma: [no-cache]
      server: [Microsoft-HTTPAPI/2.0, Microsoft-HTTPAPI/2.0]
      strict-transport-security: [max-age=31536000; includeSubDomains]
      transfer-encoding: [chunked]
      vary: [Accept-Encoding]
    status: {code: 200, message: OK}
- request:
    body: 'b''{"location": "westus", "properties": {"rules": []}, "id": "/subscriptions/00000000-0000-0000-0000-000000000000/resourceGroups/cli_test_network_route_filter000001/providers/Microsoft.Network/routeFilters/filter1"}'''
    headers:
      Accept: [application/json]
      Accept-Encoding: ['gzip, deflate']
      CommandName: [network route-filter update]
      Connection: [keep-alive]
      Content-Length: ['252']
      Content-Type: [application/json; charset=utf-8]
      User-Agent: [python/3.5.3 (Windows-10-10.0.15063-SP0) requests/2.9.1 msrest/0.4.14
          msrest_azure/0.4.13 networkmanagementclient/1.4.0 Azure-SDK-For-Python AZURECLI/2.0.16+dev]
      accept-language: [en-US]
    method: PUT
    uri: https://management.azure.com/subscriptions/00000000-0000-0000-0000-000000000000/resourceGroups/cli_test_network_route_filter000001/providers/Microsoft.Network/routeFilters/filter1?api-version=2017-08-01
  response:
    body: {string: "{\r\n  \"name\": \"filter1\",\r\n  \"id\": \"/subscriptions/00000000-0000-0000-0000-000000000000/resourceGroups/cli_test_network_route_filter000001/providers/Microsoft.Network/routeFilters/filter1\"\
        ,\r\n  \"etag\": \"W/\\\"ee01f2fc-aa96-44d2-88a2-fe0ef7be8d3a\\\"\",\r\n \
        \ \"type\": \"Microsoft.Network/routeFilters\",\r\n  \"location\": \"westus\"\
        ,\r\n  \"properties\": {\r\n    \"provisioningState\": \"Succeeded\",\r\n\
        \    \"rules\": []\r\n  }\r\n}"}
    headers:
      azure-asyncoperation: ['https://management.azure.com/subscriptions/00000000-0000-0000-0000-000000000000/providers/Microsoft.Network/locations/westus/operations/49a25a20-dbb3-4642-8d44-314d8d611c93?api-version=2017-08-01']
      cache-control: [no-cache]
      content-length: ['437']
      content-type: [application/json; charset=utf-8]
      date: ['Tue, 12 Sep 2017 15:50:48 GMT']
      expires: ['-1']
      pragma: [no-cache]
      server: [Microsoft-HTTPAPI/2.0, Microsoft-HTTPAPI/2.0]
      strict-transport-security: [max-age=31536000; includeSubDomains]
      transfer-encoding: [chunked]
      vary: [Accept-Encoding]
      x-ms-ratelimit-remaining-subscription-writes: ['1199']
    status: {code: 200, message: OK}
- request:
    body: null
    headers:
      Accept: [application/json]
      Accept-Encoding: ['gzip, deflate']
      CommandName: [network route-filter update]
      Connection: [keep-alive]
      Content-Type: [application/json; charset=utf-8]
      User-Agent: [python/3.5.3 (Windows-10-10.0.15063-SP0) requests/2.9.1 msrest/0.4.14
          msrest_azure/0.4.13 networkmanagementclient/1.4.0 Azure-SDK-For-Python AZURECLI/2.0.16+dev]
      accept-language: [en-US]
    method: GET
    uri: https://management.azure.com/subscriptions/00000000-0000-0000-0000-000000000000/providers/Microsoft.Network/locations/westus/operations/49a25a20-dbb3-4642-8d44-314d8d611c93?api-version=2017-08-01
  response:
    body: {string: "{\r\n  \"status\": \"Succeeded\"\r\n}"}
    headers:
      cache-control: [no-cache]
      content-length: ['29']
      content-type: [application/json; charset=utf-8]
      date: ['Tue, 12 Sep 2017 15:51:19 GMT']
      expires: ['-1']
      pragma: [no-cache]
      server: [Microsoft-HTTPAPI/2.0, Microsoft-HTTPAPI/2.0]
      strict-transport-security: [max-age=31536000; includeSubDomains]
      transfer-encoding: [chunked]
      vary: [Accept-Encoding]
    status: {code: 200, message: OK}
- request:
    body: null
    headers:
      Accept: [application/json]
      Accept-Encoding: ['gzip, deflate']
      CommandName: [network route-filter update]
      Connection: [keep-alive]
      Content-Type: [application/json; charset=utf-8]
      User-Agent: [python/3.5.3 (Windows-10-10.0.15063-SP0) requests/2.9.1 msrest/0.4.14
          msrest_azure/0.4.13 networkmanagementclient/1.4.0 Azure-SDK-For-Python AZURECLI/2.0.16+dev]
      accept-language: [en-US]
    method: GET
    uri: https://management.azure.com/subscriptions/00000000-0000-0000-0000-000000000000/resourceGroups/cli_test_network_route_filter000001/providers/Microsoft.Network/routeFilters/filter1?api-version=2017-08-01
  response:
    body: {string: "{\r\n  \"name\": \"filter1\",\r\n  \"id\": \"/subscriptions/00000000-0000-0000-0000-000000000000/resourceGroups/cli_test_network_route_filter000001/providers/Microsoft.Network/routeFilters/filter1\"\
        ,\r\n  \"etag\": \"W/\\\"ee01f2fc-aa96-44d2-88a2-fe0ef7be8d3a\\\"\",\r\n \
        \ \"type\": \"Microsoft.Network/routeFilters\",\r\n  \"location\": \"westus\"\
        ,\r\n  \"properties\": {\r\n    \"provisioningState\": \"Succeeded\",\r\n\
        \    \"rules\": []\r\n  }\r\n}"}
    headers:
      cache-control: [no-cache]
      content-length: ['437']
      content-type: [application/json; charset=utf-8]
      date: ['Tue, 12 Sep 2017 15:51:19 GMT']
      etag: [W/"ee01f2fc-aa96-44d2-88a2-fe0ef7be8d3a"]
      expires: ['-1']
      pragma: [no-cache]
      server: [Microsoft-HTTPAPI/2.0, Microsoft-HTTPAPI/2.0]
      strict-transport-security: [max-age=31536000; includeSubDomains]
      transfer-encoding: [chunked]
      vary: [Accept-Encoding]
    status: {code: 200, message: OK}
- request:
    body: null
    headers:
      Accept: [application/json]
      Accept-Encoding: ['gzip, deflate']
      CommandName: [network route-filter show]
      Connection: [keep-alive]
      Content-Type: [application/json; charset=utf-8]
      User-Agent: [python/3.5.3 (Windows-10-10.0.15063-SP0) requests/2.9.1 msrest/0.4.14
          msrest_azure/0.4.13 networkmanagementclient/1.4.0 Azure-SDK-For-Python AZURECLI/2.0.16+dev]
      accept-language: [en-US]
    method: GET
    uri: https://management.azure.com/subscriptions/00000000-0000-0000-0000-000000000000/resourceGroups/cli_test_network_route_filter000001/providers/Microsoft.Network/routeFilters/filter1?api-version=2017-08-01
  response:
    body: {string: "{\r\n  \"name\": \"filter1\",\r\n  \"id\": \"/subscriptions/00000000-0000-0000-0000-000000000000/resourceGroups/cli_test_network_route_filter000001/providers/Microsoft.Network/routeFilters/filter1\"\
        ,\r\n  \"etag\": \"W/\\\"ee01f2fc-aa96-44d2-88a2-fe0ef7be8d3a\\\"\",\r\n \
        \ \"type\": \"Microsoft.Network/routeFilters\",\r\n  \"location\": \"westus\"\
        ,\r\n  \"properties\": {\r\n    \"provisioningState\": \"Succeeded\",\r\n\
        \    \"rules\": []\r\n  }\r\n}"}
    headers:
      cache-control: [no-cache]
      content-length: ['437']
      content-type: [application/json; charset=utf-8]
      date: ['Tue, 12 Sep 2017 15:51:19 GMT']
      etag: [W/"ee01f2fc-aa96-44d2-88a2-fe0ef7be8d3a"]
      expires: ['-1']
      pragma: [no-cache]
      server: [Microsoft-HTTPAPI/2.0, Microsoft-HTTPAPI/2.0]
      strict-transport-security: [max-age=31536000; includeSubDomains]
      transfer-encoding: [chunked]
      vary: [Accept-Encoding]
    status: {code: 200, message: OK}
- request:
    body: null
    headers:
      Accept: [application/json]
      Accept-Encoding: ['gzip, deflate']
      CommandName: [network route-filter list]
      Connection: [keep-alive]
      Content-Type: [application/json; charset=utf-8]
      User-Agent: [python/3.5.3 (Windows-10-10.0.15063-SP0) requests/2.9.1 msrest/0.4.14
          msrest_azure/0.4.13 networkmanagementclient/1.4.0 Azure-SDK-For-Python AZURECLI/2.0.16+dev]
      accept-language: [en-US]
    method: GET
    uri: https://management.azure.com/subscriptions/00000000-0000-0000-0000-000000000000/resourceGroups/cli_test_network_route_filter000001/providers/Microsoft.Network/routeFilters?api-version=2017-08-01
  response:
    body: {string: "{\r\n  \"value\": [\r\n    {\r\n      \"name\": \"filter1\",\r\
        \n      \"id\": \"/subscriptions/00000000-0000-0000-0000-000000000000/resourceGroups/cli_test_network_route_filter000001/providers/Microsoft.Network/routeFilters/filter1\"\
        ,\r\n      \"etag\": \"W/\\\"ee01f2fc-aa96-44d2-88a2-fe0ef7be8d3a\\\"\",\r\
        \n      \"type\": \"Microsoft.Network/routeFilters\",\r\n      \"location\"\
        : \"westus\",\r\n      \"properties\": {\r\n        \"provisioningState\"\
        : \"Succeeded\",\r\n        \"rules\": []\r\n      }\r\n    }\r\n  ]\r\n}"}
    headers:
      cache-control: [no-cache]
      content-length: ['506']
      content-type: [application/json; charset=utf-8]
      date: ['Tue, 12 Sep 2017 15:51:20 GMT']
      expires: ['-1']
      pragma: [no-cache]
      server: [Microsoft-HTTPAPI/2.0, Microsoft-HTTPAPI/2.0]
      strict-transport-security: [max-age=31536000; includeSubDomains]
      transfer-encoding: [chunked]
      vary: [Accept-Encoding]
    status: {code: 200, message: OK}
- request:
    body: null
    headers:
      Accept: [application/json]
      Accept-Encoding: ['gzip, deflate']
      CommandName: [network route-filter rule list-service-communities]
      Connection: [keep-alive]
      Content-Type: [application/json; charset=utf-8]
      User-Agent: [python/3.5.3 (Windows-10-10.0.15063-SP0) requests/2.9.1 msrest/0.4.14
          msrest_azure/0.4.13 networkmanagementclient/1.4.0 Azure-SDK-For-Python AZURECLI/2.0.16+dev]
      accept-language: [en-US]
    method: GET
    uri: https://management.azure.com/subscriptions/00000000-0000-0000-0000-000000000000/providers/Microsoft.Network/bgpServiceCommunities?api-version=2017-08-01
  response:
    body: {string: "{\r\n  \"value\": [\r\n    {\r\n      \"name\": \"Exchange\",\r\
        \n      \"id\": \"/subscriptions//resourceGroups//providers/Microsoft.Network/bgpServiceCommunities/Exchange\"\
        ,\r\n      \"type\": \"Microsoft.Network/bgpServiceCommunities\",\r\n    \
        \  \"properties\": {\r\n        \"serviceName\": \"Exchange\",\r\n       \
        \ \"bgpCommunities\": [\r\n          {\r\n            \"serviceSupportedRegion\"\
        : \"Global\",\r\n            \"communityName\": \"Exchange\",\r\n        \
        \    \"communityValue\": \"12076:5010\",\r\n            \"communityPrefixes\"\
        : [\r\n              \"13.107.6.152/31\",\r\n              \"13.107.9.152/31\"\
        ,\r\n              \"13.107.18.10/31\",\r\n              \"13.107.19.10/31\"\
        ,\r\n              \"23.103.160.0/20\",\r\n              \"23.103.224.0/19\"\
        ,\r\n              \"40.96.0.0/13\",\r\n              \"40.104.0.0/15\",\r\
        \n              \"70.37.151.128/25\",\r\n              \"111.221.112.0/21\"\
        ,\r\n              \"131.253.33.215/32\",\r\n              \"132.245.0.0/16\"\
        ,\r\n              \"134.170.68.0/23\",\r\n              \"157.56.96.16/28\"\
        ,\r\n              \"157.56.96.224/28\",\r\n              \"157.56.106.128/28\"\
        ,\r\n              \"157.56.232.0/21\",\r\n              \"157.56.240.0/20\"\
        ,\r\n              \"191.232.96.0/19\",\r\n              \"191.234.6.152/32\"\
        ,\r\n              \"191.234.140.0/22\",\r\n              \"191.234.224.0/22\"\
        ,\r\n              \"204.79.197.215/32\",\r\n              \"206.191.224.0/19\"\
        ,\r\n              \"207.46.150.128/25\",\r\n              \"207.46.203.128/26\"\
        ,\r\n              \"23.103.132.0/22\",\r\n              \"23.103.136.0/21\"\
        ,\r\n              \"23.103.144.0/20\",\r\n              \"23.103.191.0/24\"\
        ,\r\n              \"23.103.198.0/23\",\r\n              \"23.103.200.0/22\"\
        ,\r\n              \"23.103.212.0/22\",\r\n              \"40.92.0.0/14\"\
        ,\r\n              \"40.107.0.0/17\",\r\n              \"40.107.128.0/18\"\
        ,\r\n              \"52.100.0.0/14\",\r\n              \"65.55.88.0/24\",\r\
        \n              \"65.55.169.0/24\",\r\n              \"94.245.120.64/26\"\
        ,\r\n              \"104.47.0.0/17\",\r\n              \"104.212.58.0/23\"\
        ,\r\n              \"134.170.132.0/24\",\r\n              \"134.170.140.0/24\"\
        ,\r\n              \"157.55.234.0/24\",\r\n              \"157.56.110.0/23\"\
        ,\r\n              \"157.56.112.0/24\",\r\n              \"207.46.51.64/26\"\
        ,\r\n              \"207.46.100.0/24\",\r\n              \"207.46.163.0/24\"\
        ,\r\n              \"213.199.154.0/24\",\r\n              \"213.199.180.128/26\"\
        ,\r\n              \"216.32.180.0/23\"\r\n            ],\r\n            \"\
        isAuthorizedToUse\": false,\r\n            \"serviceGroup\": \"O365\"\r\n\
        \          }\r\n        ]\r\n      }\r\n    },\r\n    {\r\n      \"name\"\
        : \"OtherOffice365Services\",\r\n      \"id\": \"/subscriptions//resourceGroups//providers/Microsoft.Network/bgpServiceCommunities/OtherOffice365Services\"\
        ,\r\n      \"type\": \"Microsoft.Network/bgpServiceCommunities\",\r\n    \
        \  \"properties\": {\r\n        \"serviceName\": \"OtherOffice365Services\"\
        ,\r\n        \"bgpCommunities\": [\r\n          {\r\n            \"serviceSupportedRegion\"\
        : \"Global\",\r\n            \"communityName\": \"Other Office 365 Services\"\
        ,\r\n            \"communityValue\": \"12076:5100\",\r\n            \"communityPrefixes\"\
        : [\r\n              \"13.65.240.22/32\",\r\n              \"13.66.58.59/32\"\
        ,\r\n              \"13.70.156.206/32\",\r\n              \"13.71.145.114/32\"\
        ,\r\n              \"13.71.145.122/32\",\r\n              \"13.75.149.223/32\"\
        ,\r\n              \"13.71.151.88/32\",\r\n              \"13.78.120.69/32\"\
        ,\r\n              \"13.78.120.70/32\",\r\n              \"13.78.120.99/32\"\
        ,\r\n              \"13.78.122.54/32\",\r\n              \"13.84.216.209/32\"\
        ,\r\n              \"13.84.219.100/32\",\r\n              \"13.84.222.249/32\"\
        ,\r\n              \"13.87.36.128/32\",\r\n              \"13.88.17.54/32\"\
        ,\r\n              \"13.92.181.66/32\",\r\n              \"13.92.236.241/32\"\
        ,\r\n              \"13.93.164.45/32\",\r\n              \"13.107.6.156/31\"\
        ,\r\n              \"13.107.7.190/31\",\r\n              \"13.107.9.156/31\"\
        ,\r\n              \"23.96.32.105/32\",\r\n              \"23.96.251.50/32\"\
        ,\r\n              \"23.96.253.65/32\",\r\n              \"23.97.66.55/32\"\
        ,\r\n              \"23.97.78.94/32\",\r\n              \"23.99.121.16/32\"\
        ,\r\n              \"23.99.125.4/32\",\r\n              \"40.71.88.196/32\"\
        ,\r\n              \"40.83.120.174/32\",\r\n              \"40.83.185.155/32\"\
        ,\r\n              \"40.83.185.230/32\",\r\n              \"40.84.145.72/32\"\
        ,\r\n              \"40.112.187.89/32\",\r\n              \"40.117.96.104/32\"\
        ,\r\n              \"40.117.100.187/32\",\r\n              \"40.117.229.133/32\"\
        ,\r\n              \"40.117.229.194/32\",\r\n              \"51.140.45.81/32\"\
        ,\r\n              \"51.140.226.217/32\",\r\n              \"51.142.213.184/32\"\
        ,\r\n              \"52.163.58.153/32\",\r\n              \"52.163.93.38/32\"\
        ,\r\n              \"52.172.49.206/32\",\r\n              \"52.175.154.183/32\"\
        ,\r\n              \"52.175.158.8/32\",\r\n              \"52.178.27.129/32\"\
        ,\r\n              \"52.178.144.25/32\",\r\n              \"52.178.146.3/32\"\
        ,\r\n              \"52.178.146.67/32\",\r\n              \"52.178.150.186/32\"\
        ,\r\n              \"52.185.154.106/32\",\r\n              \"52.187.42.197/32\"\
        ,\r\n              \"52.187.78.144/32\",\r\n              \"52.228.36.141/32\"\
        ,\r\n              \"52.230.24.83/32\",\r\n              \"52.231.24.115/32\"\
        ,\r\n              \"52.231.204.153/32\",\r\n              \"52.232.112.133/32\"\
        ,\r\n              \"52.232.118.68/32\",\r\n              \"52.232.129.232/32\"\
        ,\r\n              \"65.52.144.46/32\",\r\n              \"65.52.176.186/32\"\
        ,\r\n              \"65.52.192.203/32\",\r\n              \"65.52.240.200/32\"\
        ,\r\n              \"65.55.239.168/32\",\r\n              \"70.37.96.155/32\"\
        ,\r\n              \"94.245.88.28/32\",\r\n              \"94.245.117.53/32\"\
        ,\r\n              \"104.40.178.127/32\",\r\n              \"104.40.179.160/32\"\
        ,\r\n              \"104.42.225.143/32\",\r\n              \"104.42.230.91/32\"\
        ,\r\n              \"104.45.225.7/32\",\r\n              \"104.47.156.62/32\"\
        ,\r\n              \"104.211.160.244/32\",\r\n              \"104.214.144.62/32\"\
        ,\r\n              \"104.214.144.252/32\",\r\n              \"104.214.145.126/32\"\
        ,\r\n              \"104.214.145.173/32\",\r\n              \"104.214.146.199/32\"\
        ,\r\n              \"111.221.96.149/32\",\r\n              \"111.221.104.43/32\"\
        ,\r\n              \"137.116.156.3/32\",\r\n              \"137.116.248.150/32\"\
        ,\r\n              \"137.117.17.124/32\",\r\n              \"138.91.61.107/32\"\
        ,\r\n              \"157.55.139.177/32\",\r\n              \"157.55.145.0/25\"\
        ,\r\n              \"157.55.155.0/25\",\r\n              \"157.55.212.37/32\"\
        ,\r\n              \"157.55.227.192/26\",\r\n              \"168.62.104.83/32\"\
        ,\r\n              \"168.62.106.224/32\",\r\n              \"168.63.92.133/32\"\
        ,\r\n              \"191.235.95.142/32\",\r\n              \"191.238.160.173/32\"\
        ,\r\n              \"207.46.73.250/32\",\r\n              \"207.46.141.38/32\"\
        ,\r\n              \"207.46.156.124/32\",\r\n              \"207.46.216.54/32\"\
        ,\r\n              \"213.199.128.119/32\",\r\n              \"13.67.50.224/29\"\
        ,\r\n              \"13.71.201.64/26\",\r\n              \"13.106.4.128/25\"\
        ,\r\n              \"13.75.48.16/29\",\r\n              \"13.75.80.16/29\"\
        ,\r\n              \"13.106.56.0/25\",\r\n              \"23.100.16.168/29\"\
        ,\r\n              \"23.100.32.136/29\",\r\n              \"23.100.64.24/29\"\
        ,\r\n              \"23.100.72.32/29\",\r\n              \"23.100.80.64/29\"\
        ,\r\n              \"23.100.88.32/29\",\r\n              \"23.100.101.112/28\"\
        ,\r\n              \"23.100.104.16/28\",\r\n              \"23.100.112.64/29\"\
        ,\r\n              \"23.100.120.64/29\",\r\n              \"23.101.5.104/29\"\
        ,\r\n              \"23.101.144.136/29\",\r\n              \"23.101.165.168/29\"\
        ,\r\n              \"23.101.181.128/29\",\r\n              \"23.101.210.24/29\"\
        ,\r\n              \"23.101.222.240/28\",\r\n              \"23.101.224.16/29\"\
        ,\r\n              \"23.101.226.16/28\",\r\n              \"40.112.64.16/28\"\
        ,\r\n              \"40.113.192.16/29\",\r\n              \"40.114.120.16/29\"\
        ,\r\n              \"40.115.152.16/28\",\r\n              \"40.127.67.24/29\"\
        ,\r\n              \"52.125.0.0/17\",\r\n              \"52.172.144.16/28\"\
        ,\r\n              \"65.52.1.16/29\",\r\n              \"65.52.193.136/29\"\
        ,\r\n              \"65.54.170.128/25\",\r\n              \"70.37.128.0/23\"\
        ,\r\n              \"104.40.240.48/28\",\r\n              \"104.41.13.120/29\"\
        ,\r\n              \"104.41.216.16/28\",\r\n              \"104.42.72.16/29\"\
        ,\r\n              \"104.43.208.16/29\",\r\n              \"104.43.240.16/29\"\
        ,\r\n              \"104.44.218.128/25\",\r\n              \"104.44.254.128/25\"\
        ,\r\n              \"104.44.255.0/25\",\r\n              \"104.45.0.16/28\"\
        ,\r\n              \"104.45.208.104/29\",\r\n              \"104.46.112.8/29\"\
        ,\r\n              \"104.46.224.64/28\",\r\n              \"104.209.144.16/29\"\
        ,\r\n              \"104.210.48.8/29\",\r\n              \"104.210.83.160/29\"\
        ,\r\n              \"104.210.208.16/29\",\r\n              \"104.211.16.16/29\"\
        ,\r\n              \"104.211.48.16/29\",\r\n              \"104.211.88.16/28\"\
        ,\r\n              \"104.211.98.138/32\",\r\n              \"104.211.98.146/32\"\
        ,\r\n              \"104.211.98.246/32\",\r\n              \"104.211.99.236/32\"\
        ,\r\n              \"104.211.100.160/32\",\r\n              \"104.211.100.204/32\"\
        ,\r\n              \"104.211.102.225/32\",\r\n              \"104.211.152.32/27\"\
        ,\r\n              \"104.211.161.150/32\",\r\n              \"104.211.161.165/32\"\
        ,\r\n              \"104.211.161.185/32\",\r\n              \"104.211.162.33/32\"\
        ,\r\n              \"104.211.165.35/32\",\r\n              \"104.211.166.139/32\"\
        ,\r\n              \"104.211.216.32/27\",\r\n              \"104.211.224.118/32\"\
        ,\r\n              \"104.211.225.135/32\",\r\n              \"104.211.227.110/32\"\
        ,\r\n              \"104.211.231.147/32\",\r\n              \"104.211.231.248/32\"\
        ,\r\n              \"104.215.96.24/29\",\r\n              \"104.215.144.64/29\"\
        ,\r\n              \"104.215.184.16/29\",\r\n              \"131.253.120.128/32\"\
        ,\r\n              \"132.245.165.0/25\",\r\n              \"134.170.67.0/25\"\
        ,\r\n              \"134.170.172.128/25\",\r\n              \"157.55.45.128/25\"\
        ,\r\n              \"157.55.59.128/25\",\r\n              \"157.55.130.0/25\"\
        ,\r\n              \"157.55.145.0/25\",\r\n              \"157.55.155.0/25\"\
        ,\r\n              \"157.55.227.192/26\",\r\n              \"157.56.53.128/25\"\
        ,\r\n              \"157.56.55.0/25\",\r\n              \"157.56.58.0/25\"\
        ,\r\n              \"157.56.151.0/25\",\r\n              \"191.232.2.128/25\"\
        ,\r\n              \"191.237.248.32/29\",\r\n              \"191.237.252.192/28\"\
        ,\r\n              \"13.69.187.20/32\",\r\n              \"13.70.184.242/32\"\
        ,\r\n              \"13.71.155.176/32\",\r\n              \"13.75.153.216/32\"\
        ,\r\n              \"13.76.140.48/32\",\r\n              \"13.78.114.39/32\"\
        ,\r\n              \"13.85.84.102/32\",\r\n              \"13.88.248.161/32\"\
        ,\r\n              \"13.88.254.212/32\",\r\n              \"13.107.6.171/32\"\
        ,\r\n              \"13.107.6.172/32\",\r\n              \"23.98.219.76/32\"\
        ,\r\n              \"40.68.166.51/32\",\r\n              \"40.71.251.78/32\"\
        ,\r\n              \"40.74.130.243/32\",\r\n              \"40.74.138.42/32\"\
        ,\r\n              \"40.86.230.88/32\",\r\n              \"40.87.61.217/32\"\
        ,\r\n              \"40.114.192.209/32\",\r\n              \"40.117.226.146/32\"\
        ,\r\n              \"40.126.236.216/32\",\r\n              \"40.127.79.139/32\"\
        ,\r\n              \"51.140.46.128/32\",\r\n              \"51.140.46.150/32\"\
        ,\r\n              \"51.141.1.194/32\",\r\n              \"51.141.8.160/32\"\
        ,\r\n              \"52.108.0.0/14\",\r\n              \"52.164.242.47/32\"\
        ,\r\n              \"52.169.109.48/32\",\r\n              \"52.172.12.123/32\"\
        ,\r\n              \"52.172.13.171/32\",\r\n              \"52.172.152.100/32\"\
        ,\r\n              \"52.172.153.104/32\",\r\n              \"52.174.190.59/32\"\
        ,\r\n              \"52.175.25.142/32\",\r\n              \"52.232.128.169/32\"\
        ,\r\n              \"104.40.225.204/32\",\r\n              \"104.41.62.54/32\"\
        ,\r\n              \"104.214.38.136/32\",\r\n              \"104.215.194.17/32\"\
        ,\r\n              \"137.116.172.39/32\",\r\n              \"137.135.65.72/32\"\
        ,\r\n              \"191.235.84.172/32\",\r\n              \"191.235.87.181/32\"\
        ,\r\n              \"191.237.40.220/32\"\r\n            ],\r\n           \
        \ \"isAuthorizedToUse\": false,\r\n            \"serviceGroup\": \"O365\"\r\
        \n          }\r\n        ]\r\n      }\r\n    },\r\n    {\r\n      \"name\"\
        : \"SharePoint\",\r\n      \"id\": \"/subscriptions//resourceGroups//providers/Microsoft.Network/bgpServiceCommunities/SharePoint\"\
        ,\r\n      \"type\": \"Microsoft.Network/bgpServiceCommunities\",\r\n    \
        \  \"properties\": {\r\n        \"serviceName\": \"SharePoint\",\r\n     \
        \   \"bgpCommunities\": [\r\n          {\r\n            \"serviceSupportedRegion\"\
        : \"Global\",\r\n            \"communityName\": \"SharePoint Online\",\r\n\
        \            \"communityValue\": \"12076:5020\",\r\n            \"communityPrefixes\"\
        : [\r\n              \"13.107.6.150/31\",\r\n              \"13.107.6.168/32\"\
        ,\r\n              \"13.107.9.150/31\",\r\n              \"13.107.9.168/32\"\
        ,\r\n              \"40.108.0.0/19\",\r\n              \"40.108.128.0/17\"\
        ,\r\n              \"52.104.0.0/14\",\r\n              \"104.146.0.0/19\"\
        ,\r\n              \"104.146.128.0/17\",\r\n              \"134.170.200.0/21\"\
        ,\r\n              \"134.170.208.0/21\",\r\n              \"191.232.0.0/23\"\
        ,\r\n              \"191.234.128.0/21\",\r\n              \"191.235.0.0/20\"\
        \r\n            ],\r\n            \"isAuthorizedToUse\": false,\r\n      \
        \      \"serviceGroup\": \"O365\"\r\n          }\r\n        ]\r\n      }\r\
        \n    },\r\n    {\r\n      \"name\": \"SkypeForBusiness\",\r\n      \"id\"\
        : \"/subscriptions//resourceGroups//providers/Microsoft.Network/bgpServiceCommunities/SkypeForBusiness\"\
        ,\r\n      \"type\": \"Microsoft.Network/bgpServiceCommunities\",\r\n    \
        \  \"properties\": {\r\n        \"serviceName\": \"SkypeForBusiness\",\r\n\
        \        \"bgpCommunities\": [\r\n          {\r\n            \"serviceSupportedRegion\"\
        : \"Global\",\r\n            \"communityName\": \"Skype For Business\",\r\n\
        \            \"communityValue\": \"12076:5030\",\r\n            \"communityPrefixes\"\
        : [\r\n              \"13.64.106.229/32\",\r\n              \"13.64.240.95/32\"\
        ,\r\n              \"13.67.56.225/32\",\r\n              \"13.67.109.136/32\"\
        ,\r\n              \"13.67.180.128/32\",\r\n              \"13.67.186.105/32\"\
        ,\r\n              \"13.67.209.156/32\",\r\n              \"13.67.214.76/32\"\
        ,\r\n              \"13.67.222.144/32\",\r\n              \"13.68.31.102/32\"\
        ,\r\n              \"13.70.89.162/32\",\r\n              \"13.70.156.147/32\"\
        ,\r\n              \"13.70.159.107/32\",\r\n              \"13.70.186.54/32\"\
        ,\r\n              \"13.73.109.13/32\",\r\n              \"13.73.155.42/32\"\
        ,\r\n              \"13.74.146.183/32\",\r\n              \"13.75.42.168/32\"\
        ,\r\n              \"13.75.120.15/32\",\r\n              \"13.75.120.61/32\"\
        ,\r\n              \"13.75.125.228/32\",\r\n              \"13.75.126.46/32\"\
        ,\r\n              \"13.75.127.250/32\",\r\n              \"13.75.154.195/32\"\
        ,\r\n              \"13.75.159.17/32\",\r\n              \"13.75.159.51/32\"\
        ,\r\n              \"13.76.188.52/32\",\r\n              \"13.76.189.79/32\"\
        ,\r\n              \"13.76.241.210/32\",\r\n              \"13.77.1.253/32\"\
        ,\r\n              \"13.77.7.84/32\",\r\n              \"13.78.59.246/32\"\
        ,\r\n              \"13.78.93.8/32\",\r\n              \"13.78.94.7/32\",\r\
        \n              \"13.78.95.252/32\",\r\n              \"13.78.112.190/32\"\
        ,\r\n              \"13.79.153.60/32\",\r\n              \"13.79.161.153/32\"\
        ,\r\n              \"13.79.234.229/32\",\r\n              \"13.88.183.247/32\"\
        ,\r\n              \"13.88.241.210/32\",\r\n              \"13.89.44.84/32\"\
        ,\r\n              \"13.91.40.251/32\",\r\n              \"13.91.106.134/32\"\
        ,\r\n              \"13.91.108.91/32\",\r\n              \"13.91.252.242/32\"\
        ,\r\n              \"13.92.80.132/32\",\r\n              \"13.92.136.118/32\"\
        ,\r\n              \"13.93.149.3/32\",\r\n              \"13.93.156.214/32\"\
        ,\r\n              \"13.93.167.93/32\",\r\n              \"13.93.209.18/32\"\
        ,\r\n              \"13.94.47.37/32\",\r\n              \"13.95.88.228/32\"\
        ,\r\n              \"13.95.233.176/32\",\r\n              \"13.95.234.10/32\"\
        ,\r\n              \"13.95.236.192/32\",\r\n              \"13.107.3.0/24\"\
        ,\r\n              \"13.107.8.0/24\",\r\n              \"13.107.64.0/18\"\
        ,\r\n              \"23.97.72.141/32\",\r\n              \"23.97.75.102/32\"\
        ,\r\n              \"23.97.78.16/32\",\r\n              \"23.97.164.28/32\"\
        ,\r\n              \"23.99.101.49/32\",\r\n              \"23.99.101.118/32\"\
        ,\r\n              \"23.99.112.73/32\",\r\n              \"23.99.113.23/32\"\
        ,\r\n              \"23.99.113.163/32\",\r\n              \"23.99.115.104/32\"\
        ,\r\n              \"23.99.121.38/32\",\r\n              \"23.99.121.255/32\"\
        ,\r\n              \"23.99.122.87/32\",\r\n              \"23.99.124.9/32\"\
        ,\r\n              \"23.99.195.117/32\",\r\n              \"23.101.61.176/32\"\
        ,\r\n              \"23.101.112.170/32\",\r\n              \"23.101.115.193/32\"\
        ,\r\n              \"23.101.116.26/32\",\r\n              \"23.101.151.89/32\"\
        ,\r\n              \"23.101.156.198/32\",\r\n              \"23.101.158.111/32\"\
        ,\r\n              \"23.102.17.214/32\",\r\n              \"23.102.24.114/32\"\
        ,\r\n              \"23.103.128.0/23\",\r\n              \"23.103.130.0/24\"\
        ,\r\n              \"23.103.176.128/26\",\r\n              \"23.103.176.192/27\"\
        ,\r\n              \"23.103.178.128/26\",\r\n              \"23.103.178.192/27\"\
        ,\r\n              \"40.68.225.164/32\",\r\n              \"40.68.250.216/32\"\
        ,\r\n              \"40.68.251.17/32\",\r\n              \"40.69.45.108/32\"\
        ,\r\n              \"40.69.210.145/32\",\r\n              \"40.74.62.125/32\"\
        ,\r\n              \"40.74.84.253/32\",\r\n              \"40.74.113.62/32\"\
        ,\r\n              \"40.74.127.186/32\",\r\n              \"40.74.128.205/32\"\
        ,\r\n              \"40.74.129.215/32\",\r\n              \"40.74.130.253/32\"\
        ,\r\n              \"40.74.143.94/32\",\r\n              \"40.76.24.32/32\"\
        ,\r\n              \"40.76.24.177/32\",\r\n              \"40.76.77.68/32\"\
        ,\r\n              \"40.77.16.36/32\",\r\n              \"40.78.68.158/32\"\
        ,\r\n              \"40.78.71.48/32\",\r\n              \"40.78.98.202/32\"\
        ,\r\n              \"40.78.146.128/32\",\r\n              \"40.79.38.101/32\"\
        ,\r\n              \"40.79.41.254/32\",\r\n              \"40.79.74.185/32\"\
        ,\r\n              \"40.79.82.21/32\",\r\n              \"40.83.17.24/32\"\
        ,\r\n              \"40.83.121.219/32\",\r\n              \"40.83.124.144/32\"\
        ,\r\n              \"40.83.176.46/32\",\r\n              \"40.83.177.162/32\"\
        ,\r\n              \"40.83.183.236/32\",\r\n              \"40.84.28.125/32\"\
        ,\r\n              \"40.86.90.132/32\",\r\n              \"40.86.92.191/32\"\
        ,\r\n              \"40.112.188.2/32\",\r\n              \"40.113.16.205/32\"\
        ,\r\n              \"40.113.87.220/32\",\r\n              \"40.113.136.240/32\"\
        ,\r\n              \"40.114.149.220/32\",\r\n              \"40.114.244.22/32\"\
        ,\r\n              \"40.115.1.44/32\",\r\n              \"40.115.74.171/32\"\
        ,\r\n              \"40.117.100.83/32\",\r\n              \"40.117.145.132/32\"\
        ,\r\n              \"40.118.169.78/32\",\r\n              \"40.118.214.164/32\"\
        ,\r\n              \"40.118.251.206/32\",\r\n              \"40.118.253.51/32\"\
        ,\r\n              \"40.121.200.212/32\",\r\n              \"40.121.221.52/32\"\
        ,\r\n              \"40.122.44.96/32\",\r\n              \"40.122.165.60/32\"\
        ,\r\n              \"40.122.168.86/32\",\r\n              \"40.123.43.195/32\"\
        ,\r\n              \"40.123.50.17/32\",\r\n              \"40.126.239.210/32\"\
        ,\r\n              \"40.126.251.57/32\",\r\n              \"40.127.129.109/32\"\
        ,\r\n              \"40.127.169.165/32\",\r\n              \"51.140.53.252/32\"\
        ,\r\n              \"51.140.55.82/32\",\r\n              \"51.140.183.120/32\"\
        ,\r\n              \"51.141.5.99/32\",\r\n              \"51.141.9.8/32\"\
        ,\r\n              \"51.141.12.151/32\",\r\n              \"52.112.0.0/14\"\
        ,\r\n              \"52.160.110.94/32\",\r\n              \"52.163.112.45/32\"\
        ,\r\n              \"52.163.114.181/32\",\r\n              \"52.163.115.44/32\"\
        ,\r\n              \"52.163.118.82/32\",\r\n              \"52.163.224.242/32\"\
        ,\r\n              \"52.163.225.1/32\",\r\n              \"52.163.229.196/32\"\
        ,\r\n              \"52.163.230.187/32\",\r\n              \"52.163.231.50/32\"\
        ,\r\n              \"52.163.231.126/32\",\r\n              \"52.164.253.101/32\"\
        ,\r\n              \"52.164.255.104/32\",\r\n              \"52.165.35.53/32\"\
        ,\r\n              \"52.165.45.77/32\",\r\n              \"52.165.150.215/32\"\
        ,\r\n              \"52.166.61.83/32\",\r\n              \"52.169.9.241/32\"\
        ,\r\n              \"52.169.10.109/32\",\r\n              \"52.169.30.95/32\"\
        ,\r\n              \"52.169.67.1/32\",\r\n              \"52.169.104.89/32\"\
        ,\r\n              \"52.169.105.194/32\",\r\n              \"52.169.105.219/32\"\
        ,\r\n              \"52.169.106.115/32\",\r\n              \"52.169.154.144/32\"\
        ,\r\n              \"52.169.190.101/32\",\r\n              \"52.172.53.101/32\"\
        ,\r\n              \"52.172.54.196/32\",\r\n              \"52.172.55.238/32\"\
        ,\r\n              \"52.173.190.229/32\",\r\n              \"52.174.144.192/32\"\
        ,\r\n              \"52.174.150.25/32\",\r\n              \"52.174.166.73/32\"\
        ,\r\n              \"52.174.166.107/32\",\r\n              \"52.174.166.156/32\"\
        ,\r\n              \"52.174.186.47/32\",\r\n              \"52.175.24.155/32\"\
        ,\r\n              \"52.175.33.58/32\",\r\n              \"52.175.37.105/32\"\
        ,\r\n              \"52.175.38.240/32\",\r\n              \"52.177.186.61/32\"\
        ,\r\n              \"52.177.186.70/32\",\r\n              \"52.177.186.78/32\"\
        ,\r\n              \"52.178.25.175/32\",\r\n              \"52.178.34.159/32\"\
        ,\r\n              \"52.178.36.12/32\",\r\n              \"52.178.36.169/32\"\
        ,\r\n              \"52.178.38.115/32\",\r\n              \"52.178.108.202/32\"\
        ,\r\n              \"52.178.114.127/32\",\r\n              \"52.178.145.227/32\"\
        ,\r\n              \"52.178.148.1/32\",\r\n              \"52.178.148.152/32\"\
        ,\r\n              \"52.178.158.225/32\",\r\n              \"52.178.179.194/32\"\
        ,\r\n              \"52.178.186.230/32\",\r\n              \"52.178.198.107/32\"\
        ,\r\n              \"52.179.139.166/32\",\r\n              \"52.179.142.102/32\"\
        ,\r\n              \"52.183.117.84/32\",\r\n              \"52.185.146.154/32\"\
        ,\r\n              \"52.185.151.102/32\",\r\n              \"52.187.6.119/32\"\
        ,\r\n              \"52.187.79.90/32\",\r\n              \"52.187.117.218/32\"\
        ,\r\n              \"52.187.123.78/32\",\r\n              \"52.187.126.35/32\"\
        ,\r\n              \"52.187.135.79/32\",\r\n              \"52.225.131.249/32\"\
        ,\r\n              \"52.232.76.40/32\",\r\n              \"52.232.78.53/32\"\
        ,\r\n              \"52.232.129.71/32\",\r\n              \"52.232.132.60/32\"\
        ,\r\n              \"52.232.135.81/32\",\r\n              \"52.233.128.227/32\"\
        ,\r\n              \"52.233.29.169/32\",\r\n              \"52.233.30.121/32\"\
        ,\r\n              \"65.55.127.0/24\",\r\n              \"66.119.157.192/26\"\
        ,\r\n              \"66.119.158.0/25\",\r\n              \"104.40.75.8/32\"\
        ,\r\n              \"104.40.76.196/32\",\r\n              \"104.40.82.150/32\"\
        ,\r\n              \"104.40.91.215/32\",\r\n              \"104.40.189.177/32\"\
        ,\r\n              \"104.41.151.83/32\",\r\n              \"104.41.207.112/32\"\
        ,\r\n              \"104.41.208.54/32\",\r\n              \"104.41.210.140/32\"\
        ,\r\n              \"104.42.228.150/32\",\r\n              \"104.42.229.230/32\"\
        ,\r\n              \"104.43.12.164/32\",\r\n              \"104.44.195.0/24\"\
        ,\r\n              \"104.44.200.0/23\",\r\n              \"104.45.18.178/32\"\
        ,\r\n              \"104.45.231.95/32\",\r\n              \"104.45.231.155/32\"\
        ,\r\n              \"104.46.62.41/32\",\r\n              \"104.46.96.162/32\"\
        ,\r\n              \"104.46.97.194/32\",\r\n              \"104.46.101.116/32\"\
        ,\r\n              \"104.46.105.95/32\",\r\n              \"104.47.151.128/32\"\
        ,\r\n              \"104.208.28.54/32\",\r\n              \"104.208.31.113/32\"\
        ,\r\n              \"104.208.152.137/32\",\r\n              \"104.209.188.207/32\"\
        ,\r\n              \"104.210.1.218/32\",\r\n              \"104.210.9.95/32\"\
        ,\r\n              \"104.210.80.193/32\",\r\n              \"104.211.162.59/32\"\
        ,\r\n              \"104.211.165.113/32\",\r\n              \"104.211.165.216/32\"\
        ,\r\n              \"111.221.76.128/25\",\r\n              \"111.221.77.0/26\"\
        ,\r\n              \"111.221.101.75/32\",\r\n              \"111.221.122.192/26\"\
        ,\r\n              \"131.253.128.0/19\",\r\n              \"131.253.160.0/20\"\
        ,\r\n              \"132.245.0.0/24\",\r\n              \"132.245.1.0/25\"\
        ,\r\n              \"132.245.112.0/24\",\r\n              \"132.245.113.0/25\"\
        ,\r\n              \"134.170.0.0/25\",\r\n              \"134.170.54.0/26\"\
        ,\r\n              \"134.170.54.128/25\",\r\n              \"134.170.113.192/26\"\
        ,\r\n              \"134.170.115.128/25\",\r\n              \"137.116.66.252/32\"\
        ,\r\n              \"137.116.132.4/32\",\r\n              \"137.116.157.126/32\"\
        ,\r\n              \"137.116.159.19/32\",\r\n              \"137.116.159.228/32\"\
        ,\r\n              \"137.116.248.105/32\",\r\n              \"137.117.109.221/32\"\
        ,\r\n              \"137.117.128.25/32\",\r\n              \"157.55.40.128/25\"\
        ,\r\n              \"157.55.238.0/25\",\r\n              \"157.56.176.68/32\"\
        ,\r\n              \"168.61.145.101/32\",\r\n              \"168.61.152.29/32\"\
        ,\r\n              \"168.61.155.249/32\",\r\n              \"168.63.14.15/32\"\
        ,\r\n              \"168.63.204.74/32\",\r\n              \"168.63.219.57/32\"\
        ,\r\n              \"168.63.245.120/32\",\r\n              \"191.233.80.151/32\"\
        ,\r\n              \"191.233.95.169/32\",\r\n              \"191.234.20.241/32\"\
        ,\r\n              \"191.234.23.27/32\",\r\n              \"191.237.44.60/32\"\
        ,\r\n              \"207.46.5.0/24\",\r\n              \"207.46.155.141/32\"\
        ,\r\n              \"207.46.156.136/32\",\r\n              \"207.46.230.50/32\"\
        \r\n            ],\r\n            \"isAuthorizedToUse\": false,\r\n      \
        \      \"serviceGroup\": \"O365\"\r\n          }\r\n        ]\r\n      }\r\
        \n    },\r\n    {\r\n      \"name\": \"CRMOnline\",\r\n      \"id\": \"/subscriptions//resourceGroups//providers/Microsoft.Network/bgpServiceCommunities/CRMOnline\"\
        ,\r\n      \"type\": \"Microsoft.Network/bgpServiceCommunities\",\r\n    \
        \  \"properties\": {\r\n        \"serviceName\": \"CRMOnline\",\r\n      \
        \  \"bgpCommunities\": [\r\n          {\r\n            \"serviceSupportedRegion\"\
        : \"Global\",\r\n            \"communityName\": \"CRM Online\",\r\n      \
        \      \"communityValue\": \"12076:5040\",\r\n            \"communityPrefixes\"\
        : [\r\n              \"104.44.102.0/23\",\r\n              \"104.44.104.0/23\"\
        ,\r\n              \"104.44.113.0/24\",\r\n              \"104.44.114.0/23\"\
        ,\r\n              \"104.44.116.0/23\",\r\n              \"104.44.118.0/24\"\
        ,\r\n              \"104.44.208.192/26\",\r\n              \"104.44.209.0/25\"\
        ,\r\n              \"104.44.209.128/26\",\r\n              \"104.44.249.0/24\"\
        ,\r\n              \"104.44.250.0/24\",\r\n              \"13.106.8.128/26\"\
        ,\r\n              \"13.106.42.64/26\",\r\n              \"134.170.26.0/24\"\
        ,\r\n              \"134.170.70.0/24\",\r\n              \"134.170.98.0/24\"\
        ,\r\n              \"134.170.217.160/27\",\r\n              \"157.56.174.160/27\"\
        ,\r\n              \"157.56.199.0/24\",\r\n              \"65.55.132.0/24\"\
        ,\r\n              \"65.55.135.0/24\",\r\n              \"66.119.148.0/24\"\
        ,\r\n              \"66.119.154.0/23\",\r\n              \"66.119.156.0/24\"\
        ,\r\n              \"13.106.108.0/25\",\r\n              \"13.106.72.128/25\"\
        ,\r\n              \"13.106.102.128/25\",\r\n              \"13.106.110.0/25\"\
        ,\r\n              \"13.106.44.128/26\",\r\n              \"13.106.5.0/26\"\
        ,\r\n              \"191.232.3.192/26\",\r\n              \"13.106.52.64/26\"\
        ,\r\n              \"13.106.6.128/25\",\r\n              \"13.106.18.64/26\"\
        ,\r\n              \"13.106.60.128/26\",\r\n              \"13.106.58.192/26\"\
        ,\r\n              \"13.106.14.128/26\",\r\n              \"13.106.16.128/26\"\
        \r\n            ],\r\n            \"isAuthorizedToUse\": false,\r\n      \
        \      \"serviceGroup\": \"CRM\"\r\n          }\r\n        ]\r\n      }\r\n\
        \    }\r\n  ]\r\n}"}
    headers:
      cache-control: [no-cache]
      content-length: ['26134']
      content-type: [application/json; charset=utf-8]
      date: ['Tue, 12 Sep 2017 15:51:21 GMT']
      expires: ['-1']
      pragma: [no-cache]
      server: [Microsoft-HTTPAPI/2.0, Microsoft-HTTPAPI/2.0]
      strict-transport-security: [max-age=31536000; includeSubDomains]
      transfer-encoding: [chunked]
      vary: [Accept-Encoding]
    status: {code: 200, message: OK}
- request:
    body: null
    headers:
      Accept: [application/json]
      Accept-Encoding: ['gzip, deflate']
      CommandName: [network route-filter rule create]
      Connection: [keep-alive]
      Content-Type: [application/json; charset=utf-8]
      User-Agent: [python/3.5.3 (Windows-10-10.0.15063-SP0) requests/2.9.1 msrest/0.4.14
          msrest_azure/0.4.13 resourcemanagementclient/1.1.0 Azure-SDK-For-Python
          AZURECLI/2.0.16+dev]
      accept-language: [en-US]
    method: GET
    uri: https://management.azure.com/subscriptions/00000000-0000-0000-0000-000000000000/resourcegroups/cli_test_network_route_filter000001?api-version=2017-05-10
  response:
    body: {string: '{"id":"/subscriptions/00000000-0000-0000-0000-000000000000/resourceGroups/cli_test_network_route_filter000001","name":"cli_test_network_route_filter000001","location":"westus","tags":{"use":"az-test"},"properties":{"provisioningState":"Succeeded"}}'}
    headers:
      cache-control: [no-cache]
      content-length: ['328']
      content-type: [application/json; charset=utf-8]
      date: ['Tue, 12 Sep 2017 15:51:21 GMT']
      expires: ['-1']
      pragma: [no-cache]
      strict-transport-security: [max-age=31536000; includeSubDomains]
      vary: [Accept-Encoding]
    status: {code: 200, message: OK}
- request:
    body: '{"properties": {"communities": ["12076:5040", "12076:5030"], "routeFilterRuleType":
      "Community", "access": "Allow"}, "location": "westus"}'
    headers:
      Accept: [application/json]
      Accept-Encoding: ['gzip, deflate']
      CommandName: [network route-filter rule create]
      Connection: [keep-alive]
      Content-Length: ['138']
      Content-Type: [application/json; charset=utf-8]
      User-Agent: [python/3.5.3 (Windows-10-10.0.15063-SP0) requests/2.9.1 msrest/0.4.14
          msrest_azure/0.4.13 networkmanagementclient/1.4.0 Azure-SDK-For-Python AZURECLI/2.0.16+dev]
      accept-language: [en-US]
    method: PUT
    uri: https://management.azure.com/subscriptions/00000000-0000-0000-0000-000000000000/resourceGroups/cli_test_network_route_filter000001/providers/Microsoft.Network/routeFilters/filter1/routeFilterRules/rule1?api-version=2017-08-01
  response:
    body: {string: "{\r\n  \"name\": \"rule1\",\r\n  \"id\": \"/subscriptions/00000000-0000-0000-0000-000000000000/resourceGroups/cli_test_network_route_filter000001/providers/Microsoft.Network/routeFilters/filter1/routeFilterRules/rule1\"\
        ,\r\n  \"etag\": \"W/\\\"62f5e386-8379-4f42-b570-184a71c2d759\\\"\",\r\n \
        \ \"properties\": {\r\n    \"provisioningState\": \"Updating\",\r\n    \"\
        access\": \"Allow\",\r\n    \"routeFilterRuleType\": \"Community\",\r\n  \
        \  \"communities\": [\r\n      \"12076:5040\",\r\n      \"12076:5030\"\r\n\
        \    ]\r\n  }\r\n}"}
    headers:
      azure-asyncoperation: ['https://management.azure.com/subscriptions/00000000-0000-0000-0000-000000000000/providers/Microsoft.Network/locations/westus/operations/31d1a151-6ed3-4d4c-be88-9233c66c92a9?api-version=2017-08-01']
      cache-control: [no-cache]
      content-length: ['505']
      content-type: [application/json; charset=utf-8]
      date: ['Tue, 12 Sep 2017 15:51:23 GMT']
      expires: ['-1']
      pragma: [no-cache]
      server: [Microsoft-HTTPAPI/2.0, Microsoft-HTTPAPI/2.0]
      strict-transport-security: [max-age=31536000; includeSubDomains]
      x-ms-ratelimit-remaining-subscription-writes: ['1199']
    status: {code: 201, message: Created}
- request:
    body: null
    headers:
      Accept: [application/json]
      Accept-Encoding: ['gzip, deflate']
      CommandName: [network route-filter rule create]
      Connection: [keep-alive]
      Content-Type: [application/json; charset=utf-8]
      User-Agent: [python/3.5.3 (Windows-10-10.0.15063-SP0) requests/2.9.1 msrest/0.4.14
          msrest_azure/0.4.13 networkmanagementclient/1.4.0 Azure-SDK-For-Python AZURECLI/2.0.16+dev]
      accept-language: [en-US]
    method: GET
    uri: https://management.azure.com/subscriptions/00000000-0000-0000-0000-000000000000/providers/Microsoft.Network/locations/westus/operations/31d1a151-6ed3-4d4c-be88-9233c66c92a9?api-version=2017-08-01
  response:
    body: {string: "{\r\n  \"status\": \"Failed\",\r\n  \"error\": {\r\n    \"code\"\
        : \" SubscriptionNotAuthorized\",\r\n    \"message\": \" 0b1f6471-1bf0-4dda-aec3-cb9272f09590\"\
        ,\r\n    \"details\": []\r\n  }\r\n}"}
    headers:
      cache-control: [no-cache]
      content-length: ['165']
      content-type: [application/json; charset=utf-8]
      date: ['Tue, 12 Sep 2017 15:51:33 GMT']
      expires: ['-1']
      pragma: [no-cache]
      server: [Microsoft-HTTPAPI/2.0, Microsoft-HTTPAPI/2.0]
      strict-transport-security: [max-age=31536000; includeSubDomains]
      transfer-encoding: [chunked]
      vary: [Accept-Encoding]
    status: {code: 200, message: OK}
- request:
    body: null
    headers:
      Accept: [application/json]
      Accept-Encoding: ['gzip, deflate']
      CommandName: [network route-filter rule update]
      Connection: [keep-alive]
      Content-Type: [application/json; charset=utf-8]
      User-Agent: [python/3.5.3 (Windows-10-10.0.15063-SP0) requests/2.9.1 msrest/0.4.14
          msrest_azure/0.4.13 networkmanagementclient/1.4.0 Azure-SDK-For-Python AZURECLI/2.0.16+dev]
      accept-language: [en-US]
    method: GET
    uri: https://management.azure.com/subscriptions/00000000-0000-0000-0000-000000000000/resourceGroups/cli_test_network_route_filter000001/providers/Microsoft.Network/routeFilters/filter1/routeFilterRules/rule1?api-version=2017-08-01
  response:
    body: {string: "{\r\n  \"name\": \"rule1\",\r\n  \"id\": \"/subscriptions/00000000-0000-0000-0000-000000000000/resourceGroups/cli_test_network_route_filter000001/providers/Microsoft.Network/routeFilters/filter1/routeFilterRules/rule1\"\
        ,\r\n  \"etag\": \"W/\\\"3e3522f0-918d-4079-b1a0-53c06b8a8029\\\"\",\r\n \
        \ \"properties\": {\r\n    \"provisioningState\": \"Failed\",\r\n    \"access\"\
        : \"Allow\",\r\n    \"routeFilterRuleType\": \"Community\",\r\n    \"communities\"\
        : [\r\n      \"12076:5040\",\r\n      \"12076:5030\"\r\n    ]\r\n  }\r\n}"}
    headers:
      cache-control: [no-cache]
      content-length: ['503']
      content-type: [application/json; charset=utf-8]
      date: ['Tue, 12 Sep 2017 15:51:34 GMT']
      etag: [W/"3e3522f0-918d-4079-b1a0-53c06b8a8029"]
      expires: ['-1']
      pragma: [no-cache]
      server: [Microsoft-HTTPAPI/2.0, Microsoft-HTTPAPI/2.0]
      strict-transport-security: [max-age=31536000; includeSubDomains]
      transfer-encoding: [chunked]
      vary: [Accept-Encoding]
    status: {code: 200, message: OK}
- request:
    body: 'b''{"properties": {"communities": ["12076:5040", "12076:5030"], "routeFilterRuleType":
      "Community", "access": "Deny"}, "id": "/subscriptions/00000000-0000-0000-0000-000000000000/resourceGroups/cli_test_network_route_filter000001/providers/Microsoft.Network/routeFilters/filter1/routeFilterRules/rule1",
      "name": "rule1"}'''
    headers:
      Accept: [application/json]
      Accept-Encoding: ['gzip, deflate']
      CommandName: [network route-filter rule update]
      Connection: [keep-alive]
      Content-Length: ['356']
      Content-Type: [application/json; charset=utf-8]
      User-Agent: [python/3.5.3 (Windows-10-10.0.15063-SP0) requests/2.9.1 msrest/0.4.14
          msrest_azure/0.4.13 networkmanagementclient/1.4.0 Azure-SDK-For-Python AZURECLI/2.0.16+dev]
      accept-language: [en-US]
    method: PUT
    uri: https://management.azure.com/subscriptions/00000000-0000-0000-0000-000000000000/resourceGroups/cli_test_network_route_filter000001/providers/Microsoft.Network/routeFilters/filter1/routeFilterRules/rule1?api-version=2017-08-01
  response:
    body: {string: "{\r\n  \"name\": \"rule1\",\r\n  \"id\": \"/subscriptions/00000000-0000-0000-0000-000000000000/resourceGroups/cli_test_network_route_filter000001/providers/Microsoft.Network/routeFilters/filter1/routeFilterRules/rule1\"\
        ,\r\n  \"etag\": \"W/\\\"cd49a17a-b158-4985-a097-279333255343\\\"\",\r\n \
        \ \"properties\": {\r\n    \"provisioningState\": \"Updating\",\r\n    \"\
        access\": \"Deny\",\r\n    \"routeFilterRuleType\": \"Community\",\r\n   \
        \ \"communities\": [\r\n      \"12076:5040\",\r\n      \"12076:5030\"\r\n\
        \    ]\r\n  }\r\n}"}
    headers:
      azure-asyncoperation: ['https://management.azure.com/subscriptions/00000000-0000-0000-0000-000000000000/providers/Microsoft.Network/locations/westus/operations/474d70ac-6e29-4c6b-8b15-dc4bb1644869?api-version=2017-08-01']
      cache-control: [no-cache]
      content-length: ['504']
      content-type: [application/json; charset=utf-8]
      date: ['Tue, 12 Sep 2017 15:51:35 GMT']
      expires: ['-1']
      pragma: [no-cache]
      server: [Microsoft-HTTPAPI/2.0, Microsoft-HTTPAPI/2.0]
      strict-transport-security: [max-age=31536000; includeSubDomains]
      transfer-encoding: [chunked]
      vary: [Accept-Encoding]
      x-ms-ratelimit-remaining-subscription-writes: ['1199']
    status: {code: 200, message: OK}
- request:
    body: null
    headers:
      Accept: [application/json]
      Accept-Encoding: ['gzip, deflate']
      CommandName: [network route-filter rule update]
      Connection: [keep-alive]
      Content-Type: [application/json; charset=utf-8]
      User-Agent: [python/3.5.3 (Windows-10-10.0.15063-SP0) requests/2.9.1 msrest/0.4.14
          msrest_azure/0.4.13 networkmanagementclient/1.4.0 Azure-SDK-For-Python AZURECLI/2.0.16+dev]
      accept-language: [en-US]
    method: GET
    uri: https://management.azure.com/subscriptions/00000000-0000-0000-0000-000000000000/providers/Microsoft.Network/locations/westus/operations/474d70ac-6e29-4c6b-8b15-dc4bb1644869?api-version=2017-08-01
  response:
    body: {string: "{\r\n  \"status\": \"Failed\",\r\n  \"error\": {\r\n    \"code\"\
        : \" SubscriptionNotAuthorized\",\r\n    \"message\": \" 0b1f6471-1bf0-4dda-aec3-cb9272f09590\"\
        ,\r\n    \"details\": []\r\n  }\r\n}"}
    headers:
      cache-control: [no-cache]
      content-length: ['165']
      content-type: [application/json; charset=utf-8]
      date: ['Tue, 12 Sep 2017 15:51:45 GMT']
      expires: ['-1']
      pragma: [no-cache]
      server: [Microsoft-HTTPAPI/2.0, Microsoft-HTTPAPI/2.0]
      strict-transport-security: [max-age=31536000; includeSubDomains]
      transfer-encoding: [chunked]
      vary: [Accept-Encoding]
    status: {code: 200, message: OK}
- request:
    body: null
    headers:
      Accept: [application/json]
      Accept-Encoding: ['gzip, deflate']
      CommandName: [network route-filter rule show]
      Connection: [keep-alive]
      Content-Type: [application/json; charset=utf-8]
      User-Agent: [python/3.5.3 (Windows-10-10.0.15063-SP0) requests/2.9.1 msrest/0.4.14
          msrest_azure/0.4.13 networkmanagementclient/1.4.0 Azure-SDK-For-Python AZURECLI/2.0.16+dev]
      accept-language: [en-US]
    method: GET
    uri: https://management.azure.com/subscriptions/00000000-0000-0000-0000-000000000000/resourceGroups/cli_test_network_route_filter000001/providers/Microsoft.Network/routeFilters/filter1/routeFilterRules/rule1?api-version=2017-08-01
  response:
    body: {string: "{\r\n  \"name\": \"rule1\",\r\n  \"id\": \"/subscriptions/00000000-0000-0000-0000-000000000000/resourceGroups/cli_test_network_route_filter000001/providers/Microsoft.Network/routeFilters/filter1/routeFilterRules/rule1\"\
        ,\r\n  \"etag\": \"W/\\\"228b3073-99bb-4253-a567-516c84f01240\\\"\",\r\n \
        \ \"properties\": {\r\n    \"provisioningState\": \"Failed\",\r\n    \"access\"\
        : \"Deny\",\r\n    \"routeFilterRuleType\": \"Community\",\r\n    \"communities\"\
        : [\r\n      \"12076:5040\",\r\n      \"12076:5030\"\r\n    ]\r\n  }\r\n}"}
    headers:
      cache-control: [no-cache]
      content-length: ['502']
      content-type: [application/json; charset=utf-8]
      date: ['Tue, 12 Sep 2017 15:51:46 GMT']
      etag: [W/"228b3073-99bb-4253-a567-516c84f01240"]
      expires: ['-1']
      pragma: [no-cache]
      server: [Microsoft-HTTPAPI/2.0, Microsoft-HTTPAPI/2.0]
      strict-transport-security: [max-age=31536000; includeSubDomains]
      transfer-encoding: [chunked]
      vary: [Accept-Encoding]
    status: {code: 200, message: OK}
- request:
    body: null
    headers:
      Accept: [application/json]
      Accept-Encoding: ['gzip, deflate']
      CommandName: [network route-filter rule list]
      Connection: [keep-alive]
      Content-Type: [application/json; charset=utf-8]
      User-Agent: [python/3.5.3 (Windows-10-10.0.15063-SP0) requests/2.9.1 msrest/0.4.14
          msrest_azure/0.4.13 networkmanagementclient/1.4.0 Azure-SDK-For-Python AZURECLI/2.0.16+dev]
      accept-language: [en-US]
    method: GET
    uri: https://management.azure.com/subscriptions/00000000-0000-0000-0000-000000000000/resourceGroups/cli_test_network_route_filter000001/providers/Microsoft.Network/routeFilters/filter1/routeFilterRules?api-version=2017-08-01
  response:
    body: {string: "{\r\n  \"value\": [\r\n    {\r\n      \"name\": \"rule1\",\r\n\
        \      \"id\": \"/subscriptions/00000000-0000-0000-0000-000000000000/resourceGroups/cli_test_network_route_filter000001/providers/Microsoft.Network/routeFilters/filter1/routeFilterRules/rule1\"\
        ,\r\n      \"etag\": \"W/\\\"228b3073-99bb-4253-a567-516c84f01240\\\"\",\r\
        \n      \"properties\": {\r\n        \"provisioningState\": \"Failed\",\r\n\
        \        \"access\": \"Deny\",\r\n        \"routeFilterRuleType\": \"Community\"\
        ,\r\n        \"communities\": [\r\n          \"12076:5040\",\r\n         \
        \ \"12076:5030\"\r\n        ]\r\n      }\r\n    }\r\n  ]\r\n}"}
    headers:
      cache-control: [no-cache]
      content-length: ['583']
      content-type: [application/json; charset=utf-8]
      date: ['Tue, 12 Sep 2017 15:51:46 GMT']
      expires: ['-1']
      pragma: [no-cache]
      server: [Microsoft-HTTPAPI/2.0, Microsoft-HTTPAPI/2.0]
      strict-transport-security: [max-age=31536000; includeSubDomains]
      transfer-encoding: [chunked]
      vary: [Accept-Encoding]
    status: {code: 200, message: OK}
- request:
    body: null
    headers:
      Accept: [application/json]
      Accept-Encoding: ['gzip, deflate']
      CommandName: [network route-filter rule delete]
      Connection: [keep-alive]
      Content-Length: ['0']
      Content-Type: [application/json; charset=utf-8]
      User-Agent: [python/3.5.3 (Windows-10-10.0.15063-SP0) requests/2.9.1 msrest/0.4.14
          msrest_azure/0.4.13 networkmanagementclient/1.4.0 Azure-SDK-For-Python AZURECLI/2.0.16+dev]
      accept-language: [en-US]
    method: DELETE
    uri: https://management.azure.com/subscriptions/00000000-0000-0000-0000-000000000000/resourceGroups/cli_test_network_route_filter000001/providers/Microsoft.Network/routeFilters/filter1/routeFilterRules/rule1?api-version=2017-08-01
  response:
    body: {string: ''}
    headers:
      azure-asyncoperation: ['https://management.azure.com/subscriptions/00000000-0000-0000-0000-000000000000/providers/Microsoft.Network/locations/westus/operations/714a21b3-7d11-4dbf-97cc-a20af60bce1c?api-version=2017-08-01']
      cache-control: [no-cache]
      content-length: ['0']
      date: ['Tue, 12 Sep 2017 15:51:46 GMT']
      expires: ['-1']
      location: ['https://management.azure.com/subscriptions/00000000-0000-0000-0000-000000000000/providers/Microsoft.Network/locations/westus/operationResults/714a21b3-7d11-4dbf-97cc-a20af60bce1c?api-version=2017-08-01']
      pragma: [no-cache]
      server: [Microsoft-HTTPAPI/2.0, Microsoft-HTTPAPI/2.0]
      strict-transport-security: [max-age=31536000; includeSubDomains]
      x-ms-ratelimit-remaining-subscription-writes: ['1198']
    status: {code: 202, message: Accepted}
- request:
    body: null
    headers:
      Accept: [application/json]
      Accept-Encoding: ['gzip, deflate']
      CommandName: [network route-filter rule delete]
      Connection: [keep-alive]
      Content-Type: [application/json; charset=utf-8]
      User-Agent: [python/3.5.3 (Windows-10-10.0.15063-SP0) requests/2.9.1 msrest/0.4.14
          msrest_azure/0.4.13 networkmanagementclient/1.4.0 Azure-SDK-For-Python AZURECLI/2.0.16+dev]
      accept-language: [en-US]
    method: GET
    uri: https://management.azure.com/subscriptions/00000000-0000-0000-0000-000000000000/providers/Microsoft.Network/locations/westus/operations/714a21b3-7d11-4dbf-97cc-a20af60bce1c?api-version=2017-08-01
  response:
    body: {string: "{\r\n  \"status\": \"Succeeded\"\r\n}"}
    headers:
      cache-control: [no-cache]
      content-length: ['29']
      content-type: [application/json; charset=utf-8]
      date: ['Tue, 12 Sep 2017 15:51:57 GMT']
      expires: ['-1']
      pragma: [no-cache]
      server: [Microsoft-HTTPAPI/2.0, Microsoft-HTTPAPI/2.0]
      strict-transport-security: [max-age=31536000; includeSubDomains]
      transfer-encoding: [chunked]
      vary: [Accept-Encoding]
    status: {code: 200, message: OK}
- request:
    body: null
    headers:
      Accept: [application/json]
      Accept-Encoding: ['gzip, deflate']
      CommandName: [network route-filter delete]
      Connection: [keep-alive]
      Content-Length: ['0']
      Content-Type: [application/json; charset=utf-8]
      User-Agent: [python/3.5.3 (Windows-10-10.0.15063-SP0) requests/2.9.1 msrest/0.4.14
          msrest_azure/0.4.13 networkmanagementclient/1.4.0 Azure-SDK-For-Python AZURECLI/2.0.16+dev]
      accept-language: [en-US]
    method: DELETE
    uri: https://management.azure.com/subscriptions/00000000-0000-0000-0000-000000000000/resourceGroups/cli_test_network_route_filter000001/providers/Microsoft.Network/routeFilters/filter1?api-version=2017-08-01
  response:
    body: {string: ''}
    headers:
      azure-asyncoperation: ['https://management.azure.com/subscriptions/00000000-0000-0000-0000-000000000000/providers/Microsoft.Network/locations/westus/operations/8eb9b545-adfe-4211-b91b-8c9cc00777a1?api-version=2017-08-01']
      cache-control: [no-cache]
      content-length: ['0']
      date: ['Tue, 12 Sep 2017 15:51:58 GMT']
      expires: ['-1']
      location: ['https://management.azure.com/subscriptions/00000000-0000-0000-0000-000000000000/providers/Microsoft.Network/locations/westus/operationResults/8eb9b545-adfe-4211-b91b-8c9cc00777a1?api-version=2017-08-01']
      pragma: [no-cache]
      server: [Microsoft-HTTPAPI/2.0, Microsoft-HTTPAPI/2.0]
      strict-transport-security: [max-age=31536000; includeSubDomains]
      x-ms-ratelimit-remaining-subscription-writes: ['1199']
    status: {code: 202, message: Accepted}
- request:
    body: null
    headers:
      Accept: [application/json]
      Accept-Encoding: ['gzip, deflate']
      CommandName: [network route-filter delete]
      Connection: [keep-alive]
      Content-Type: [application/json; charset=utf-8]
      User-Agent: [python/3.5.3 (Windows-10-10.0.15063-SP0) requests/2.9.1 msrest/0.4.14
          msrest_azure/0.4.13 networkmanagementclient/1.4.0 Azure-SDK-For-Python AZURECLI/2.0.16+dev]
      accept-language: [en-US]
    method: GET
    uri: https://management.azure.com/subscriptions/00000000-0000-0000-0000-000000000000/providers/Microsoft.Network/locations/westus/operations/8eb9b545-adfe-4211-b91b-8c9cc00777a1?api-version=2017-08-01
  response:
    body: {string: "{\r\n  \"status\": \"InProgress\"\r\n}"}
    headers:
      cache-control: [no-cache]
      content-length: ['30']
      content-type: [application/json; charset=utf-8]
      date: ['Tue, 12 Sep 2017 15:52:09 GMT']
      expires: ['-1']
      pragma: [no-cache]
      server: [Microsoft-HTTPAPI/2.0, Microsoft-HTTPAPI/2.0]
      strict-transport-security: [max-age=31536000; includeSubDomains]
      transfer-encoding: [chunked]
      vary: [Accept-Encoding]
    status: {code: 200, message: OK}
- request:
    body: null
    headers:
      Accept: [application/json]
      Accept-Encoding: ['gzip, deflate']
      CommandName: [network route-filter delete]
      Connection: [keep-alive]
      Content-Type: [application/json; charset=utf-8]
      User-Agent: [python/3.5.3 (Windows-10-10.0.15063-SP0) requests/2.9.1 msrest/0.4.14
          msrest_azure/0.4.13 networkmanagementclient/1.4.0 Azure-SDK-For-Python AZURECLI/2.0.16+dev]
      accept-language: [en-US]
    method: GET
    uri: https://management.azure.com/subscriptions/00000000-0000-0000-0000-000000000000/providers/Microsoft.Network/locations/westus/operations/8eb9b545-adfe-4211-b91b-8c9cc00777a1?api-version=2017-08-01
  response:
    body: {string: "{\r\n  \"status\": \"InProgress\"\r\n}"}
    headers:
      cache-control: [no-cache]
      content-length: ['30']
      content-type: [application/json; charset=utf-8]
      date: ['Tue, 12 Sep 2017 15:52:19 GMT']
      expires: ['-1']
      pragma: [no-cache]
      server: [Microsoft-HTTPAPI/2.0, Microsoft-HTTPAPI/2.0]
      strict-transport-security: [max-age=31536000; includeSubDomains]
      transfer-encoding: [chunked]
      vary: [Accept-Encoding]
    status: {code: 200, message: OK}
- request:
    body: null
    headers:
      Accept: [application/json]
      Accept-Encoding: ['gzip, deflate']
      CommandName: [network route-filter delete]
      Connection: [keep-alive]
      Content-Type: [application/json; charset=utf-8]
      User-Agent: [python/3.5.3 (Windows-10-10.0.15063-SP0) requests/2.9.1 msrest/0.4.14
          msrest_azure/0.4.13 networkmanagementclient/1.4.0 Azure-SDK-For-Python AZURECLI/2.0.16+dev]
      accept-language: [en-US]
    method: GET
    uri: https://management.azure.com/subscriptions/00000000-0000-0000-0000-000000000000/providers/Microsoft.Network/locations/westus/operations/8eb9b545-adfe-4211-b91b-8c9cc00777a1?api-version=2017-08-01
  response:
    body: {string: "{\r\n  \"status\": \"Succeeded\"\r\n}"}
    headers:
      cache-control: [no-cache]
      content-length: ['29']
      content-type: [application/json; charset=utf-8]
      date: ['Tue, 12 Sep 2017 15:52:30 GMT']
      expires: ['-1']
      pragma: [no-cache]
      server: [Microsoft-HTTPAPI/2.0, Microsoft-HTTPAPI/2.0]
      strict-transport-security: [max-age=31536000; includeSubDomains]
      transfer-encoding: [chunked]
      vary: [Accept-Encoding]
    status: {code: 200, message: OK}
- request:
    body: null
    headers:
      Accept: [application/json]
      Accept-Encoding: ['gzip, deflate']
      CommandName: [group delete]
      Connection: [keep-alive]
      Content-Length: ['0']
      Content-Type: [application/json; charset=utf-8]
      User-Agent: [python/3.5.3 (Windows-10-10.0.15063-SP0) requests/2.9.1 msrest/0.4.14
          msrest_azure/0.4.13 resourcemanagementclient/1.1.0 Azure-SDK-For-Python
          AZURECLI/2.0.16+dev]
      accept-language: [en-US]
    method: DELETE
    uri: https://management.azure.com/subscriptions/00000000-0000-0000-0000-000000000000/resourcegroups/cli_test_network_route_filter000001?api-version=2017-05-10
  response:
    body: {string: ''}
    headers:
      cache-control: [no-cache]
      content-length: ['0']
      date: ['Tue, 12 Sep 2017 15:52:30 GMT']
      expires: ['-1']
      location: ['https://management.azure.com/subscriptions/00000000-0000-0000-0000-000000000000/operationresults/eyJqb2JJZCI6IlJFU09VUkNFR1JPVVBERUxFVElPTkpPQi1DTEk6NUZURVNUOjVGTkVUV09SSzo1RlJPVVRFOjVGRklMVEVSQU1TRjNMSkhGSnw4MEI4NzUwM0E0MjQ4QUZBLVdFU1RVUyIsImpvYkxvY2F0aW9uIjoid2VzdHVzIn0?api-version=2017-05-10']
      pragma: [no-cache]
      strict-transport-security: [max-age=31536000; includeSubDomains]
      x-ms-ratelimit-remaining-subscription-writes: ['1198']
    status: {code: 202, message: Accepted}
version: 1
