interactions:
- request:
    body: null
    headers:
      Accept: [application/json]
      Accept-Encoding: ['gzip, deflate']
      Connection: [keep-alive]
      Content-Type: [application/json; charset=utf-8]
      User-Agent: [python/3.5.3 (Windows-10-10.0.15063-SP0) requests/2.9.1 msrest/0.4.14
          msrest_azure/0.4.14 resourcemanagementclient/1.1.0 Azure-SDK-For-Python
          AZURECLI/TEST/2.0.16+dev]
      accept-language: [en-US]
      x-ms-client-request-id: [ffc24334-9d4f-11e7-b3cb-a0b3ccf7272a]
    method: GET
    uri: https://management.azure.com/subscriptions/00000000-0000-0000-0000-000000000000/resourcegroups/cli_test_load_balancer?api-version=2017-05-10
  response:
    body: {string: '{"id":"/subscriptions/00000000-0000-0000-0000-000000000000/resourceGroups/cli_test_load_balancer","name":"cli_test_load_balancer","location":"westus","tags":{"use":"az-test"},"properties":{"provisioningState":"Succeeded"}}'}
    headers:
      Cache-Control: [no-cache]
      Content-Type: [application/json; charset=utf-8]
      Date: ['Tue, 19 Sep 2017 15:34:17 GMT']
      Expires: ['-1']
      Pragma: [no-cache]
      Strict-Transport-Security: [max-age=31536000; includeSubDomains]
      Vary: [Accept-Encoding]
      content-length: ['234']
    status: {code: 200, message: OK}
- request:
    body: null
    headers:
      Accept: [application/json]
      Accept-Encoding: ['gzip, deflate']
      Connection: [keep-alive]
      Content-Type: [application/json; charset=utf-8]
      User-Agent: [python/3.5.3 (Windows-10-10.0.15063-SP0) requests/2.9.1 msrest/0.4.14
          msrest_azure/0.4.14 resourcemanagementclient/1.1.0 Azure-SDK-For-Python
          AZURECLI/TEST/2.0.16+dev]
      accept-language: [en-US]
      x-ms-client-request-id: [0004af0c-9d50-11e7-bead-a0b3ccf7272a]
    method: GET
    uri: https://management.azure.com/subscriptions/00000000-0000-0000-0000-000000000000/resources?$filter=resourceGroup%20eq%20%27cli_test_load_balancer%27%20and%20name%20eq%20%27None%27%20and%20resourceType%20eq%20%27Microsoft.Network%2FpublicIPAddresses%27&api-version=2017-05-10
  response:
    body: {string: '{"value":[]}'}
    headers:
      Cache-Control: [no-cache]
      Content-Type: [application/json; charset=utf-8]
      Date: ['Tue, 19 Sep 2017 15:34:18 GMT']
      Expires: ['-1']
      Pragma: [no-cache]
      Strict-Transport-Security: [max-age=31536000; includeSubDomains]
      Vary: [Accept-Encoding]
      content-length: ['12']
    status: {code: 200, message: OK}
- request:
    body: '{"properties": {"template": {"contentVersion": "1.0.0.0", "parameters":
      {}, "variables": {}, "resources": [{"location": "westus", "sku": {"name": "Basic"},
      "tags": {}, "dependsOn": [], "properties": {"publicIPAllocationMethod": "Dynamic"},
      "apiVersion": "2017-09-01", "name": "PublicIPlb1", "type": "Microsoft.Network/publicIPAddresses"},
      {"location": "westus", "sku": {"name": "Basic"}, "tags": {}, "dependsOn": ["Microsoft.Network/publicIpAddresses/PublicIPlb1"],
      "properties": {"frontendIPConfigurations": [{"properties": {"publicIPAddress":
      {"id": "/subscriptions/0b1f6471-1bf0-4dda-aec3-cb9272f09590/resourceGroups/cli_test_load_balancer/providers/Microsoft.Network/publicIPAddresses/PublicIPlb1"}},
      "name": "LoadBalancerFrontEnd"}], "backendAddressPools": [{"name": "lb1bepool"}]},
      "apiVersion": "2017-09-01", "name": "lb1", "type": "Microsoft.Network/loadBalancers"}],
      "$schema": "https://schema.management.azure.com/schemas/2015-01-01/deploymentTemplate.json#",
      "outputs": {"loadBalancer": {"value": "[reference(''lb1'')]", "type": "object"}}},
      "mode": "Incremental", "parameters": {}}}'
    headers:
      Accept: [application/json]
      Accept-Encoding: ['gzip, deflate']
      Connection: [keep-alive]
      Content-Length: ['1098']
      Content-Type: [application/json; charset=utf-8]
      User-Agent: [python/3.5.3 (Windows-10-10.0.15063-SP0) requests/2.9.1 msrest/0.4.14
          msrest_azure/0.4.14 resourcemanagementclient/1.1.0 Azure-SDK-For-Python
          AZURECLI/TEST/2.0.16+dev]
      accept-language: [en-US]
      x-ms-client-request-id: [0094ac62-9d50-11e7-a2d5-a0b3ccf7272a]
    method: PUT
    uri: https://management.azure.com/subscriptions/00000000-0000-0000-0000-000000000000/resourcegroups/cli_test_load_balancer/providers/Microsoft.Resources/deployments/mock-deployment?api-version=2017-05-10
  response:
    body: {string: '{"id":"/subscriptions/00000000-0000-0000-0000-000000000000/resourceGroups/cli_test_load_balancer/providers/Microsoft.Resources/deployments/lb_deploy_CMO5Uj1HznPdlWmebu5XV4933IBJUACb","name":"lb_deploy_CMO5Uj1HznPdlWmebu5XV4933IBJUACb","properties":{"templateHash":"14744216508152902137","parameters":{},"mode":"Incremental","provisioningState":"Accepted","timestamp":"2017-09-19T15:34:19.898151Z","duration":"PT0.1944084S","correlationId":"02afbe1b-3d9a-4a10-b2a5-0bc4be358ae5","providers":[{"namespace":"Microsoft.Network","resourceTypes":[{"resourceType":"publicIPAddresses","locations":["westus"]},{"resourceType":"loadBalancers","locations":["westus"]}]}],"dependencies":[{"dependsOn":[{"id":"/subscriptions/00000000-0000-0000-0000-000000000000/resourceGroups/cli_test_load_balancer/providers/Microsoft.Network/publicIPAddresses/PublicIPlb1","resourceType":"Microsoft.Network/publicIPAddresses","resourceName":"PublicIPlb1"}],"id":"/subscriptions/00000000-0000-0000-0000-000000000000/resourceGroups/cli_test_load_balancer/providers/Microsoft.Network/loadBalancers/lb1","resourceType":"Microsoft.Network/loadBalancers","resourceName":"lb1"}]}}'}
    headers:
      Azure-AsyncOperation: ['https://management.azure.com/subscriptions/0b1f6471-1bf0-4dda-aec3-cb9272f09590/resourcegroups/cli_test_load_balancer/providers/Microsoft.Resources/deployments/lb_deploy_CMO5Uj1HznPdlWmebu5XV4933IBJUACb/operationStatuses/08586957716257738757?api-version=2017-05-10']
      Cache-Control: [no-cache]
      Content-Length: ['1164']
      Content-Type: [application/json; charset=utf-8]
      Date: ['Tue, 19 Sep 2017 15:34:19 GMT']
      Expires: ['-1']
      Pragma: [no-cache]
      Strict-Transport-Security: [max-age=31536000; includeSubDomains]
      x-ms-ratelimit-remaining-subscription-writes: ['1198']
    status: {code: 201, message: Created}
- request:
    body: null
    headers:
      Accept: [application/json]
      Accept-Encoding: ['gzip, deflate']
      Connection: [keep-alive]
      Content-Type: [application/json; charset=utf-8]
      User-Agent: [python/3.5.3 (Windows-10-10.0.15063-SP0) requests/2.9.1 msrest/0.4.14
          msrest_azure/0.4.14 resourcemanagementclient/1.1.0 Azure-SDK-For-Python
          AZURECLI/TEST/2.0.16+dev]
      accept-language: [en-US]
      x-ms-client-request-id: [0094ac62-9d50-11e7-a2d5-a0b3ccf7272a]
    method: GET
    uri: https://management.azure.com/subscriptions/00000000-0000-0000-0000-000000000000/resourcegroups/cli_test_load_balancer/providers/Microsoft.Resources/deployments/mock-deployment/operationStatuses/08586957716257738757?api-version=2017-05-10
  response:
    body: {string: '{"status":"Succeeded"}'}
    headers:
      Cache-Control: [no-cache]
      Content-Type: [application/json; charset=utf-8]
      Date: ['Tue, 19 Sep 2017 15:34:50 GMT']
      Expires: ['-1']
      Pragma: [no-cache]
      Strict-Transport-Security: [max-age=31536000; includeSubDomains]
      Vary: [Accept-Encoding]
      content-length: ['22']
    status: {code: 200, message: OK}
- request:
    body: null
    headers:
      Accept: [application/json]
      Accept-Encoding: ['gzip, deflate']
      Connection: [keep-alive]
      Content-Type: [application/json; charset=utf-8]
      User-Agent: [python/3.5.3 (Windows-10-10.0.15063-SP0) requests/2.9.1 msrest/0.4.14
          msrest_azure/0.4.14 resourcemanagementclient/1.1.0 Azure-SDK-For-Python
          AZURECLI/TEST/2.0.16+dev]
      accept-language: [en-US]
      x-ms-client-request-id: [0094ac62-9d50-11e7-a2d5-a0b3ccf7272a]
    method: GET
    uri: https://management.azure.com/subscriptions/00000000-0000-0000-0000-000000000000/resourcegroups/cli_test_load_balancer/providers/Microsoft.Resources/deployments/mock-deployment?api-version=2017-05-10
  response:
    body: {string: '{"id":"/subscriptions/00000000-0000-0000-0000-000000000000/resourceGroups/cli_test_load_balancer/providers/Microsoft.Resources/deployments/lb_deploy_CMO5Uj1HznPdlWmebu5XV4933IBJUACb","name":"lb_deploy_CMO5Uj1HznPdlWmebu5XV4933IBJUACb","properties":{"templateHash":"14744216508152902137","parameters":{},"mode":"Incremental","provisioningState":"Succeeded","timestamp":"2017-09-19T15:34:42.0497233Z","duration":"PT22.3459807S","correlationId":"02afbe1b-3d9a-4a10-b2a5-0bc4be358ae5","providers":[{"namespace":"Microsoft.Network","resourceTypes":[{"resourceType":"publicIPAddresses","locations":["westus"]},{"resourceType":"loadBalancers","locations":["westus"]}]}],"dependencies":[{"dependsOn":[{"id":"/subscriptions/00000000-0000-0000-0000-000000000000/resourceGroups/cli_test_load_balancer/providers/Microsoft.Network/publicIPAddresses/PublicIPlb1","resourceType":"Microsoft.Network/publicIPAddresses","resourceName":"PublicIPlb1"}],"id":"/subscriptions/00000000-0000-0000-0000-000000000000/resourceGroups/cli_test_load_balancer/providers/Microsoft.Network/loadBalancers/lb1","resourceType":"Microsoft.Network/loadBalancers","resourceName":"lb1"}],"outputs":{"loadBalancer":{"type":"Object","value":{"provisioningState":"Succeeded","resourceGuid":"f42215d3-7fab-474b-99fd-68e212a6b1a1","frontendIPConfigurations":[{"name":"LoadBalancerFrontEnd","id":"/subscriptions/00000000-0000-0000-0000-000000000000/resourceGroups/cli_test_load_balancer/providers/Microsoft.Network/loadBalancers/lb1/frontendIPConfigurations/LoadBalancerFrontEnd","etag":"W/\"fc727a33-84f8-49bc-9d38-214b5e78486c\"","properties":{"provisioningState":"Succeeded","privateIPAllocationMethod":"Dynamic","publicIPAddress":{"id":"/subscriptions/00000000-0000-0000-0000-000000000000/resourceGroups/cli_test_load_balancer/providers/Microsoft.Network/publicIPAddresses/PublicIPlb1"}}}],"backendAddressPools":[{"name":"lb1bepool","id":"/subscriptions/00000000-0000-0000-0000-000000000000/resourceGroups/cli_test_load_balancer/providers/Microsoft.Network/loadBalancers/lb1/backendAddressPools/lb1bepool","etag":"W/\"fc727a33-84f8-49bc-9d38-214b5e78486c\"","properties":{"provisioningState":"Succeeded"}}],"loadBalancingRules":[],"probes":[],"inboundNatRules":[],"outboundNatRules":[],"inboundNatPools":[]}}},"outputResources":[{"id":"/subscriptions/00000000-0000-0000-0000-000000000000/resourceGroups/cli_test_load_balancer/providers/Microsoft.Network/loadBalancers/lb1"},{"id":"/subscriptions/00000000-0000-0000-0000-000000000000/resourceGroups/cli_test_load_balancer/providers/Microsoft.Network/publicIPAddresses/PublicIPlb1"}]}}'}
    headers:
      Cache-Control: [no-cache]
      Content-Type: [application/json; charset=utf-8]
      Date: ['Tue, 19 Sep 2017 15:34:50 GMT']
      Expires: ['-1']
      Pragma: [no-cache]
      Strict-Transport-Security: [max-age=31536000; includeSubDomains]
      Vary: [Accept-Encoding]
      content-length: ['2639']
    status: {code: 200, message: OK}
- request:
    body: null
    headers:
      Accept: [application/json]
      Accept-Encoding: ['gzip, deflate']
      Connection: [keep-alive]
      Content-Type: [application/json; charset=utf-8]
      User-Agent: [python/3.5.3 (Windows-10-10.0.15063-SP0) requests/2.9.1 msrest/0.4.14
          msrest_azure/0.4.14 resourcemanagementclient/1.1.0 Azure-SDK-For-Python
          AZURECLI/TEST/2.0.16+dev]
      accept-language: [en-US]
      x-ms-client-request-id: [13b7f67a-9d50-11e7-9c24-a0b3ccf7272a]
    method: GET
    uri: https://management.azure.com/subscriptions/00000000-0000-0000-0000-000000000000/resourcegroups/cli_test_load_balancer?api-version=2017-05-10
  response:
    body: {string: '{"id":"/subscriptions/00000000-0000-0000-0000-000000000000/resourceGroups/cli_test_load_balancer","name":"cli_test_load_balancer","location":"westus","tags":{"use":"az-test"},"properties":{"provisioningState":"Succeeded"}}'}
    headers:
      Cache-Control: [no-cache]
      Content-Type: [application/json; charset=utf-8]
      Date: ['Tue, 19 Sep 2017 15:34:51 GMT']
      Expires: ['-1']
      Pragma: [no-cache]
      Strict-Transport-Security: [max-age=31536000; includeSubDomains]
      Vary: [Accept-Encoding]
      content-length: ['234']
    status: {code: 200, message: OK}
- request:
    body: null
    headers:
      Accept: [application/json]
      Accept-Encoding: ['gzip, deflate']
      Connection: [keep-alive]
      Content-Type: [application/json; charset=utf-8]
      User-Agent: [python/3.5.3 (Windows-10-10.0.15063-SP0) requests/2.9.1 msrest/0.4.14
          msrest_azure/0.4.14 resourcemanagementclient/1.1.0 Azure-SDK-For-Python
          AZURECLI/TEST/2.0.16+dev]
      accept-language: [en-US]
      x-ms-client-request-id: [13d6593e-9d50-11e7-bfd2-a0b3ccf7272a]
    method: GET
    uri: https://management.azure.com/subscriptions/00000000-0000-0000-0000-000000000000/resources?$filter=resourceGroup%20eq%20%27cli_test_load_balancer%27%20and%20name%20eq%20%27None%27%20and%20resourceType%20eq%20%27Microsoft.Network%2FpublicIPAddresses%27&api-version=2017-05-10
  response:
    body: {string: '{"value":[]}'}
    headers:
      Cache-Control: [no-cache]
      Content-Type: [application/json; charset=utf-8]
      Date: ['Tue, 19 Sep 2017 15:34:51 GMT']
      Expires: ['-1']
      Pragma: [no-cache]
      Strict-Transport-Security: [max-age=31536000; includeSubDomains]
      Vary: [Accept-Encoding]
      content-length: ['12']
    status: {code: 200, message: OK}
- request:
    body: '{"properties": {"template": {"contentVersion": "1.0.0.0", "parameters":
      {}, "variables": {}, "resources": [{"location": "westus", "sku": {"name": "Basic"},
      "tags": {}, "dependsOn": [], "properties": {"publicIPAllocationMethod": "Static"},
      "apiVersion": "2017-09-01", "name": "PublicIPlb2", "type": "Microsoft.Network/publicIPAddresses"},
      {"location": "westus", "sku": {"name": "Basic"}, "tags": {}, "dependsOn": ["Microsoft.Network/publicIpAddresses/PublicIPlb2"],
      "properties": {"frontendIPConfigurations": [{"properties": {"publicIPAddress":
      {"id": "/subscriptions/0b1f6471-1bf0-4dda-aec3-cb9272f09590/resourceGroups/cli_test_load_balancer/providers/Microsoft.Network/publicIPAddresses/PublicIPlb2"}},
      "name": "LoadBalancerFrontEnd"}], "backendAddressPools": [{"name": "lb2bepool"}]},
      "apiVersion": "2017-09-01", "name": "lb2", "type": "Microsoft.Network/loadBalancers"}],
      "$schema": "https://schema.management.azure.com/schemas/2015-01-01/deploymentTemplate.json#",
      "outputs": {"loadBalancer": {"value": "[reference(''lb2'')]", "type": "object"}}},
      "mode": "Incremental", "parameters": {}}}'
    headers:
      Accept: [application/json]
      Accept-Encoding: ['gzip, deflate']
      Connection: [keep-alive]
      Content-Length: ['1097']
      Content-Type: [application/json; charset=utf-8]
      User-Agent: [python/3.5.3 (Windows-10-10.0.15063-SP0) requests/2.9.1 msrest/0.4.14
          msrest_azure/0.4.14 resourcemanagementclient/1.1.0 Azure-SDK-For-Python
          AZURECLI/TEST/2.0.16+dev]
      accept-language: [en-US]
      x-ms-client-request-id: [1427e2f6-9d50-11e7-b39a-a0b3ccf7272a]
    method: PUT
    uri: https://management.azure.com/subscriptions/00000000-0000-0000-0000-000000000000/resourcegroups/cli_test_load_balancer/providers/Microsoft.Resources/deployments/mock-deployment?api-version=2017-05-10
  response:
    body: {string: '{"id":"/subscriptions/00000000-0000-0000-0000-000000000000/resourceGroups/cli_test_load_balancer/providers/Microsoft.Resources/deployments/lb_deploy_5touV7RPoZCWkyftOfF8dxisAO2dGq5d","name":"lb_deploy_5touV7RPoZCWkyftOfF8dxisAO2dGq5d","properties":{"templateHash":"13334982300857805534","parameters":{},"mode":"Incremental","provisioningState":"Accepted","timestamp":"2017-09-19T15:34:53.4254429Z","duration":"PT0.6817949S","correlationId":"5221e216-ab3c-4012-a086-f890b24982a8","providers":[{"namespace":"Microsoft.Network","resourceTypes":[{"resourceType":"publicIPAddresses","locations":["westus"]},{"resourceType":"loadBalancers","locations":["westus"]}]}],"dependencies":[{"dependsOn":[{"id":"/subscriptions/00000000-0000-0000-0000-000000000000/resourceGroups/cli_test_load_balancer/providers/Microsoft.Network/publicIPAddresses/PublicIPlb2","resourceType":"Microsoft.Network/publicIPAddresses","resourceName":"PublicIPlb2"}],"id":"/subscriptions/00000000-0000-0000-0000-000000000000/resourceGroups/cli_test_load_balancer/providers/Microsoft.Network/loadBalancers/lb2","resourceType":"Microsoft.Network/loadBalancers","resourceName":"lb2"}]}}'}
    headers:
      Azure-AsyncOperation: ['https://management.azure.com/subscriptions/0b1f6471-1bf0-4dda-aec3-cb9272f09590/resourcegroups/cli_test_load_balancer/providers/Microsoft.Resources/deployments/lb_deploy_5touV7RPoZCWkyftOfF8dxisAO2dGq5d/operationStatuses/08586957715927340031?api-version=2017-05-10']
      Cache-Control: [no-cache]
      Content-Length: ['1165']
      Content-Type: [application/json; charset=utf-8]
      Date: ['Tue, 19 Sep 2017 15:34:53 GMT']
      Expires: ['-1']
      Pragma: [no-cache]
      Strict-Transport-Security: [max-age=31536000; includeSubDomains]
      x-ms-ratelimit-remaining-subscription-writes: ['1198']
    status: {code: 201, message: Created}
- request:
    body: null
    headers:
      Accept: [application/json]
      Accept-Encoding: ['gzip, deflate']
      Connection: [keep-alive]
      Content-Type: [application/json; charset=utf-8]
      User-Agent: [python/3.5.3 (Windows-10-10.0.15063-SP0) requests/2.9.1 msrest/0.4.14
          msrest_azure/0.4.14 resourcemanagementclient/1.1.0 Azure-SDK-For-Python
          AZURECLI/TEST/2.0.16+dev]
      accept-language: [en-US]
      x-ms-client-request-id: [1427e2f6-9d50-11e7-b39a-a0b3ccf7272a]
    method: GET
    uri: https://management.azure.com/subscriptions/00000000-0000-0000-0000-000000000000/resourcegroups/cli_test_load_balancer/providers/Microsoft.Resources/deployments/mock-deployment/operationStatuses/08586957715927340031?api-version=2017-05-10
  response:
    body: {string: '{"status":"Succeeded"}'}
    headers:
      Cache-Control: [no-cache]
      Content-Type: [application/json; charset=utf-8]
      Date: ['Tue, 19 Sep 2017 15:35:23 GMT']
      Expires: ['-1']
      Pragma: [no-cache]
      Strict-Transport-Security: [max-age=31536000; includeSubDomains]
      Vary: [Accept-Encoding]
      content-length: ['22']
    status: {code: 200, message: OK}
- request:
    body: null
    headers:
      Accept: [application/json]
      Accept-Encoding: ['gzip, deflate']
      Connection: [keep-alive]
      Content-Type: [application/json; charset=utf-8]
      User-Agent: [python/3.5.3 (Windows-10-10.0.15063-SP0) requests/2.9.1 msrest/0.4.14
          msrest_azure/0.4.14 resourcemanagementclient/1.1.0 Azure-SDK-For-Python
          AZURECLI/TEST/2.0.16+dev]
      accept-language: [en-US]
      x-ms-client-request-id: [1427e2f6-9d50-11e7-b39a-a0b3ccf7272a]
    method: GET
    uri: https://management.azure.com/subscriptions/00000000-0000-0000-0000-000000000000/resourcegroups/cli_test_load_balancer/providers/Microsoft.Resources/deployments/mock-deployment?api-version=2017-05-10
  response:
    body: {string: '{"id":"/subscriptions/00000000-0000-0000-0000-000000000000/resourceGroups/cli_test_load_balancer/providers/Microsoft.Resources/deployments/lb_deploy_5touV7RPoZCWkyftOfF8dxisAO2dGq5d","name":"lb_deploy_5touV7RPoZCWkyftOfF8dxisAO2dGq5d","properties":{"templateHash":"13334982300857805534","parameters":{},"mode":"Incremental","provisioningState":"Succeeded","timestamp":"2017-09-19T15:35:09.8706078Z","duration":"PT17.1269598S","correlationId":"5221e216-ab3c-4012-a086-f890b24982a8","providers":[{"namespace":"Microsoft.Network","resourceTypes":[{"resourceType":"publicIPAddresses","locations":["westus"]},{"resourceType":"loadBalancers","locations":["westus"]}]}],"dependencies":[{"dependsOn":[{"id":"/subscriptions/00000000-0000-0000-0000-000000000000/resourceGroups/cli_test_load_balancer/providers/Microsoft.Network/publicIPAddresses/PublicIPlb2","resourceType":"Microsoft.Network/publicIPAddresses","resourceName":"PublicIPlb2"}],"id":"/subscriptions/00000000-0000-0000-0000-000000000000/resourceGroups/cli_test_load_balancer/providers/Microsoft.Network/loadBalancers/lb2","resourceType":"Microsoft.Network/loadBalancers","resourceName":"lb2"}],"outputs":{"loadBalancer":{"type":"Object","value":{"provisioningState":"Succeeded","resourceGuid":"1556c9f9-feaf-48b8-b8e3-488bfc3f2354","frontendIPConfigurations":[{"name":"LoadBalancerFrontEnd","id":"/subscriptions/00000000-0000-0000-0000-000000000000/resourceGroups/cli_test_load_balancer/providers/Microsoft.Network/loadBalancers/lb2/frontendIPConfigurations/LoadBalancerFrontEnd","etag":"W/\"438ccf28-0122-4ff4-824f-2fe27c9762ff\"","properties":{"provisioningState":"Succeeded","privateIPAllocationMethod":"Dynamic","publicIPAddress":{"id":"/subscriptions/00000000-0000-0000-0000-000000000000/resourceGroups/cli_test_load_balancer/providers/Microsoft.Network/publicIPAddresses/PublicIPlb2"}}}],"backendAddressPools":[{"name":"lb2bepool","id":"/subscriptions/00000000-0000-0000-0000-000000000000/resourceGroups/cli_test_load_balancer/providers/Microsoft.Network/loadBalancers/lb2/backendAddressPools/lb2bepool","etag":"W/\"438ccf28-0122-4ff4-824f-2fe27c9762ff\"","properties":{"provisioningState":"Succeeded"}}],"loadBalancingRules":[],"probes":[],"inboundNatRules":[],"outboundNatRules":[],"inboundNatPools":[]}}},"outputResources":[{"id":"/subscriptions/00000000-0000-0000-0000-000000000000/resourceGroups/cli_test_load_balancer/providers/Microsoft.Network/loadBalancers/lb2"},{"id":"/subscriptions/00000000-0000-0000-0000-000000000000/resourceGroups/cli_test_load_balancer/providers/Microsoft.Network/publicIPAddresses/PublicIPlb2"}]}}'}
    headers:
      Cache-Control: [no-cache]
      Content-Type: [application/json; charset=utf-8]
      Date: ['Tue, 19 Sep 2017 15:35:23 GMT']
      Expires: ['-1']
      Pragma: [no-cache]
      Strict-Transport-Security: [max-age=31536000; includeSubDomains]
      Vary: [Accept-Encoding]
      content-length: ['2639']
    status: {code: 200, message: OK}
- request:
    body: null
    headers:
      Accept: [application/json]
      Accept-Encoding: ['gzip, deflate']
      Connection: [keep-alive]
      Content-Type: [application/json; charset=utf-8]
      User-Agent: [python/3.5.3 (Windows-10-10.0.15063-SP0) requests/2.9.1 msrest/0.4.14
          msrest_azure/0.4.14 networkmanagementclient/1.5.0rc1 Azure-SDK-For-Python
          AZURECLI/TEST/2.0.16+dev]
      accept-language: [en-US]
      x-ms-client-request-id: [27ca8006-9d50-11e7-bb20-a0b3ccf7272a]
    method: GET
    uri: https://management.azure.com/subscriptions/00000000-0000-0000-0000-000000000000/resourceGroups/cli_test_load_balancer/providers/Microsoft.Network/publicIPAddresses/PublicIPlb2?api-version=2017-09-01
  response:
    body: {string: "{\r\n  \"name\": \"PublicIPlb2\",\r\n  \"id\": \"/subscriptions/00000000-0000-0000-0000-000000000000/resourceGroups/cli_test_load_balancer/providers/Microsoft.Network/publicIPAddresses/PublicIPlb2\"\
        ,\r\n  \"etag\": \"W/\\\"c880397c-2896-4a14-bca5-2217298afdfb\\\"\",\r\n \
        \ \"location\": \"westus\",\r\n  \"tags\": {},\r\n  \"properties\": {\r\n\
        \    \"provisioningState\": \"Succeeded\",\r\n    \"resourceGuid\": \"26cb4ac9-b606-4c4f-856c-012f5a532064\"\
        ,\r\n    \"ipAddress\": \"52.160.96.168\",\r\n    \"publicIPAddressVersion\"\
        : \"IPv4\",\r\n    \"publicIPAllocationMethod\": \"Static\",\r\n    \"idleTimeoutInMinutes\"\
        : 4,\r\n    \"ipConfiguration\": {\r\n      \"id\": \"/subscriptions/00000000-0000-0000-0000-000000000000/resourceGroups/cli_test_load_balancer/providers/Microsoft.Network/loadBalancers/lb2/frontendIPConfigurations/LoadBalancerFrontEnd\"\
        \r\n    }\r\n  },\r\n  \"type\": \"Microsoft.Network/publicIPAddresses\",\r\
        \n  \"sku\": {\r\n    \"name\": \"Basic\"\r\n  }\r\n}"}
    headers:
      Cache-Control: [no-cache]
      Content-Type: [application/json; charset=utf-8]
      Date: ['Tue, 19 Sep 2017 15:35:26 GMT']
      ETag: [W/"c880397c-2896-4a14-bca5-2217298afdfb"]
      Expires: ['-1']
      Pragma: [no-cache]
      Server: [Microsoft-HTTPAPI/2.0, Microsoft-HTTPAPI/2.0]
      Strict-Transport-Security: [max-age=31536000; includeSubDomains]
      Transfer-Encoding: [chunked]
      Vary: [Accept-Encoding]
      content-length: ['891']
    status: {code: 200, message: OK}
- request:
    body: null
    headers:
      Accept: [application/json]
      Accept-Encoding: ['gzip, deflate']
      Connection: [keep-alive]
      Content-Type: [application/json; charset=utf-8]
      User-Agent: [python/3.5.3 (Windows-10-10.0.15063-SP0) requests/2.9.1 msrest/0.4.14
          msrest_azure/0.4.14 resourcemanagementclient/1.1.0 Azure-SDK-For-Python
          AZURECLI/TEST/2.0.16+dev]
      accept-language: [en-US]
      x-ms-client-request-id: [29433a78-9d50-11e7-b34e-a0b3ccf7272a]
    method: GET
    uri: https://management.azure.com/subscriptions/00000000-0000-0000-0000-000000000000/resourcegroups/cli_test_load_balancer?api-version=2017-05-10
  response:
    body: {string: '{"id":"/subscriptions/00000000-0000-0000-0000-000000000000/resourceGroups/cli_test_load_balancer","name":"cli_test_load_balancer","location":"westus","tags":{"use":"az-test"},"properties":{"provisioningState":"Succeeded"}}'}
    headers:
      Cache-Control: [no-cache]
      Content-Type: [application/json; charset=utf-8]
      Date: ['Tue, 19 Sep 2017 15:35:26 GMT']
      Expires: ['-1']
      Pragma: [no-cache]
      Strict-Transport-Security: [max-age=31536000; includeSubDomains]
      Vary: [Accept-Encoding]
      content-length: ['234']
    status: {code: 200, message: OK}
- request:
    body: '{"location": "westus", "tags": {}, "properties": {"addressSpace": {"addressPrefixes":
      ["10.0.0.0/16"]}, "dhcpOptions": {}, "subnets": [{"properties": {"addressPrefix":
      "10.0.0.0/24"}, "name": "default"}]}}'
    headers:
      Accept: [application/json]
      Accept-Encoding: ['gzip, deflate']
      Connection: [keep-alive]
      Content-Length: ['205']
      Content-Type: [application/json; charset=utf-8]
      User-Agent: [python/3.5.3 (Windows-10-10.0.15063-SP0) requests/2.9.1 msrest/0.4.14
          msrest_azure/0.4.14 networkmanagementclient/1.5.0rc1 Azure-SDK-For-Python
          AZURECLI/TEST/2.0.16+dev]
      accept-language: [en-US]
      x-ms-client-request-id: [2953eb34-9d50-11e7-ac89-a0b3ccf7272a]
    method: PUT
    uri: https://management.azure.com/subscriptions/00000000-0000-0000-0000-000000000000/resourceGroups/cli_test_load_balancer/providers/Microsoft.Network/virtualNetworks/mytestvnet?api-version=2017-09-01
  response:
    body: {string: "{\r\n  \"name\": \"mytestvnet\",\r\n  \"id\": \"/subscriptions/00000000-0000-0000-0000-000000000000/resourceGroups/cli_test_load_balancer/providers/Microsoft.Network/virtualNetworks/mytestvnet\"\
        ,\r\n  \"etag\": \"W/\\\"cf037bb1-d02a-41a3-b1b5-918f77e96b95\\\"\",\r\n \
        \ \"type\": \"Microsoft.Network/virtualNetworks\",\r\n  \"location\": \"westus\"\
        ,\r\n  \"tags\": {},\r\n  \"properties\": {\r\n    \"provisioningState\":\
        \ \"Updating\",\r\n    \"resourceGuid\": \"59425e64-8474-4d7b-9504-1121484cc6ae\"\
        ,\r\n    \"addressSpace\": {\r\n      \"addressPrefixes\": [\r\n        \"\
        10.0.0.0/16\"\r\n      ]\r\n    },\r\n    \"dhcpOptions\": {\r\n      \"dnsServers\"\
        : []\r\n    },\r\n    \"subnets\": [\r\n      {\r\n        \"name\": \"default\"\
        ,\r\n        \"id\": \"/subscriptions/00000000-0000-0000-0000-000000000000/resourceGroups/cli_test_load_balancer/providers/Microsoft.Network/virtualNetworks/mytestvnet/subnets/default\"\
        ,\r\n        \"etag\": \"W/\\\"cf037bb1-d02a-41a3-b1b5-918f77e96b95\\\"\"\
        ,\r\n        \"properties\": {\r\n          \"provisioningState\": \"Updating\"\
        ,\r\n          \"addressPrefix\": \"10.0.0.0/24\"\r\n        }\r\n      }\r\
        \n    ],\r\n    \"virtualNetworkPeerings\": [],\r\n    \"enableDdosProtection\"\
        : false,\r\n    \"enableVmProtection\": false\r\n  }\r\n}"}
    headers:
      Azure-AsyncOperation: ['https://management.azure.com/subscriptions/0b1f6471-1bf0-4dda-aec3-cb9272f09590/providers/Microsoft.Network/locations/westus/operations/3b491d4d-7d8d-44bb-90d2-f304978cf389?api-version=2017-09-01']
      Cache-Control: [no-cache]
      Content-Length: ['1151']
      Content-Type: [application/json; charset=utf-8]
      Date: ['Tue, 19 Sep 2017 15:35:27 GMT']
      Expires: ['-1']
      Pragma: [no-cache]
      Retry-After: ['3']
      Server: [Microsoft-HTTPAPI/2.0, Microsoft-HTTPAPI/2.0]
      Strict-Transport-Security: [max-age=31536000; includeSubDomains]
      x-ms-ratelimit-remaining-subscription-writes: ['1190']
    status: {code: 201, message: Created}
- request:
    body: null
    headers:
      Accept: [application/json]
      Accept-Encoding: ['gzip, deflate']
      Connection: [keep-alive]
      Content-Type: [application/json; charset=utf-8]
      User-Agent: [python/3.5.3 (Windows-10-10.0.15063-SP0) requests/2.9.1 msrest/0.4.14
          msrest_azure/0.4.14 networkmanagementclient/1.5.0rc1 Azure-SDK-For-Python
          AZURECLI/TEST/2.0.16+dev]
      accept-language: [en-US]
      x-ms-client-request-id: [2953eb34-9d50-11e7-ac89-a0b3ccf7272a]
    method: GET
    uri: https://management.azure.com/subscriptions/00000000-0000-0000-0000-000000000000/providers/Microsoft.Network/locations/westus/operations/3b491d4d-7d8d-44bb-90d2-f304978cf389?api-version=2017-09-01
  response:
    body: {string: "{\r\n  \"status\": \"Succeeded\"\r\n}"}
    headers:
      Cache-Control: [no-cache]
      Content-Type: [application/json; charset=utf-8]
      Date: ['Tue, 19 Sep 2017 15:35:30 GMT']
      Expires: ['-1']
      Pragma: [no-cache]
      Server: [Microsoft-HTTPAPI/2.0, Microsoft-HTTPAPI/2.0]
      Strict-Transport-Security: [max-age=31536000; includeSubDomains]
      Transfer-Encoding: [chunked]
      Vary: [Accept-Encoding]
      content-length: ['29']
    status: {code: 200, message: OK}
- request:
    body: null
    headers:
      Accept: [application/json]
      Accept-Encoding: ['gzip, deflate']
      Connection: [keep-alive]
      Content-Type: [application/json; charset=utf-8]
      User-Agent: [python/3.5.3 (Windows-10-10.0.15063-SP0) requests/2.9.1 msrest/0.4.14
          msrest_azure/0.4.14 networkmanagementclient/1.5.0rc1 Azure-SDK-For-Python
          AZURECLI/TEST/2.0.16+dev]
      accept-language: [en-US]
      x-ms-client-request-id: [2953eb34-9d50-11e7-ac89-a0b3ccf7272a]
    method: GET
    uri: https://management.azure.com/subscriptions/00000000-0000-0000-0000-000000000000/resourceGroups/cli_test_load_balancer/providers/Microsoft.Network/virtualNetworks/mytestvnet?api-version=2017-09-01
  response:
    body: {string: "{\r\n  \"name\": \"mytestvnet\",\r\n  \"id\": \"/subscriptions/00000000-0000-0000-0000-000000000000/resourceGroups/cli_test_load_balancer/providers/Microsoft.Network/virtualNetworks/mytestvnet\"\
        ,\r\n  \"etag\": \"W/\\\"b1389991-5107-4de3-ab63-6c04139b54e7\\\"\",\r\n \
        \ \"type\": \"Microsoft.Network/virtualNetworks\",\r\n  \"location\": \"westus\"\
        ,\r\n  \"tags\": {},\r\n  \"properties\": {\r\n    \"provisioningState\":\
        \ \"Succeeded\",\r\n    \"resourceGuid\": \"59425e64-8474-4d7b-9504-1121484cc6ae\"\
        ,\r\n    \"addressSpace\": {\r\n      \"addressPrefixes\": [\r\n        \"\
        10.0.0.0/16\"\r\n      ]\r\n    },\r\n    \"dhcpOptions\": {\r\n      \"dnsServers\"\
        : []\r\n    },\r\n    \"subnets\": [\r\n      {\r\n        \"name\": \"default\"\
        ,\r\n        \"id\": \"/subscriptions/00000000-0000-0000-0000-000000000000/resourceGroups/cli_test_load_balancer/providers/Microsoft.Network/virtualNetworks/mytestvnet/subnets/default\"\
        ,\r\n        \"etag\": \"W/\\\"b1389991-5107-4de3-ab63-6c04139b54e7\\\"\"\
        ,\r\n        \"properties\": {\r\n          \"provisioningState\": \"Succeeded\"\
        ,\r\n          \"addressPrefix\": \"10.0.0.0/24\"\r\n        }\r\n      }\r\
        \n    ],\r\n    \"virtualNetworkPeerings\": [],\r\n    \"enableDdosProtection\"\
        : false,\r\n    \"enableVmProtection\": false\r\n  }\r\n}"}
    headers:
      Cache-Control: [no-cache]
      Content-Type: [application/json; charset=utf-8]
      Date: ['Tue, 19 Sep 2017 15:35:31 GMT']
      ETag: [W/"b1389991-5107-4de3-ab63-6c04139b54e7"]
      Expires: ['-1']
      Pragma: [no-cache]
      Server: [Microsoft-HTTPAPI/2.0, Microsoft-HTTPAPI/2.0]
      Strict-Transport-Security: [max-age=31536000; includeSubDomains]
      Transfer-Encoding: [chunked]
      Vary: [Accept-Encoding]
      content-length: ['1153']
    status: {code: 200, message: OK}
- request:
    body: null
    headers:
      Accept: [application/json]
      Accept-Encoding: ['gzip, deflate']
      Connection: [keep-alive]
      Content-Type: [application/json; charset=utf-8]
      User-Agent: [python/3.5.3 (Windows-10-10.0.15063-SP0) requests/2.9.1 msrest/0.4.14
          msrest_azure/0.4.14 resourcemanagementclient/1.1.0 Azure-SDK-For-Python
          AZURECLI/TEST/2.0.16+dev]
      accept-language: [en-US]
      x-ms-client-request-id: [2bc1cd74-9d50-11e7-b32c-a0b3ccf7272a]
    method: GET
    uri: https://management.azure.com/subscriptions/00000000-0000-0000-0000-000000000000/resourcegroups/cli_test_load_balancer?api-version=2017-05-10
  response:
    body: {string: '{"id":"/subscriptions/00000000-0000-0000-0000-000000000000/resourceGroups/cli_test_load_balancer","name":"cli_test_load_balancer","location":"westus","tags":{"use":"az-test"},"properties":{"provisioningState":"Succeeded"}}'}
    headers:
      Cache-Control: [no-cache]
      Content-Type: [application/json; charset=utf-8]
      Date: ['Tue, 19 Sep 2017 15:35:31 GMT']
      Expires: ['-1']
      Pragma: [no-cache]
      Strict-Transport-Security: [max-age=31536000; includeSubDomains]
      Vary: [Accept-Encoding]
      content-length: ['234']
    status: {code: 200, message: OK}
- request:
    body: null
    headers:
      Accept: [application/json]
      Accept-Encoding: ['gzip, deflate']
      Connection: [keep-alive]
      Content-Type: [application/json; charset=utf-8]
      User-Agent: [python/3.5.3 (Windows-10-10.0.15063-SP0) requests/2.9.1 msrest/0.4.14
          msrest_azure/0.4.14 resourcemanagementclient/1.1.0 Azure-SDK-For-Python
          AZURECLI/TEST/2.0.16+dev]
      accept-language: [en-US]
      x-ms-client-request-id: [2bd27e36-9d50-11e7-b0ff-a0b3ccf7272a]
    method: GET
    uri: https://management.azure.com/subscriptions/00000000-0000-0000-0000-000000000000/resources?$filter=resourceGroup%20eq%20%27cli_test_load_balancer%27%20and%20name%20eq%20%27mytestvnet%27%20and%20resourceType%20eq%20%27Microsoft.Network%2FvirtualNetworks%27&api-version=2017-05-10
  response:
    body: {string: '{"value":[{"id":"/subscriptions/00000000-0000-0000-0000-000000000000/resourceGroups/cli_test_load_balancer/providers/Microsoft.Network/virtualNetworks/mytestvnet","name":"mytestvnet","type":"Microsoft.Network/virtualNetworks","location":"westus","tags":{}}]}'}
    headers:
      Cache-Control: [no-cache]
      Content-Type: [application/json; charset=utf-8]
      Date: ['Tue, 19 Sep 2017 15:35:31 GMT']
      Expires: ['-1']
      Pragma: [no-cache]
      Strict-Transport-Security: [max-age=31536000; includeSubDomains]
      Vary: [Accept-Encoding]
      content-length: ['264']
    status: {code: 200, message: OK}
- request:
    body: '{"properties": {"template": {"contentVersion": "1.0.0.0", "parameters":
      {}, "variables": {}, "resources": [{"location": "westus", "sku": {"name": "Basic"},
      "tags": {}, "dependsOn": [], "properties": {"frontendIPConfigurations": [{"properties":
      {"privateIPAllocationMethod": "Static", "subnet": {"id": "/subscriptions/0b1f6471-1bf0-4dda-aec3-cb9272f09590/resourceGroups/cli_test_load_balancer/providers/Microsoft.Network/virtualNetworks/mytestvnet/subnets/default"},
      "privateIPAddress": "10.0.0.15"}, "name": "LoadBalancerFrontEnd"}], "backendAddressPools":
      [{"name": "lb3bepool"}]}, "apiVersion": "2017-09-01", "name": "lb3", "type":
      "Microsoft.Network/loadBalancers"}], "$schema": "https://schema.management.azure.com/schemas/2015-01-01/deploymentTemplate.json#",
      "outputs": {"loadBalancer": {"value": "[reference(''lb3'')]", "type": "object"}}},
      "mode": "Incremental", "parameters": {}}}'
    headers:
      Accept: [application/json]
      Accept-Encoding: ['gzip, deflate']
      Connection: [keep-alive]
      Content-Length: ['893']
      Content-Type: [application/json; charset=utf-8]
      User-Agent: [python/3.5.3 (Windows-10-10.0.15063-SP0) requests/2.9.1 msrest/0.4.14
          msrest_azure/0.4.14 resourcemanagementclient/1.1.0 Azure-SDK-For-Python
          AZURECLI/TEST/2.0.16+dev]
      accept-language: [en-US]
      x-ms-client-request-id: [2bfd695e-9d50-11e7-88ed-a0b3ccf7272a]
    method: PUT
    uri: https://management.azure.com/subscriptions/00000000-0000-0000-0000-000000000000/resourcegroups/cli_test_load_balancer/providers/Microsoft.Resources/deployments/mock-deployment?api-version=2017-05-10
  response:
    body: {string: '{"id":"/subscriptions/00000000-0000-0000-0000-000000000000/resourceGroups/cli_test_load_balancer/providers/Microsoft.Resources/deployments/lb_deploy_ljCEk2pIPsnW5lJ1LaSlsUNxHq8J5xjT","name":"lb_deploy_ljCEk2pIPsnW5lJ1LaSlsUNxHq8J5xjT","properties":{"templateHash":"11017788522170238402","parameters":{},"mode":"Incremental","provisioningState":"Accepted","timestamp":"2017-09-19T15:35:33.1240883Z","duration":"PT0.5540743S","correlationId":"8c259f80-7f4f-4229-a5f4-1edb1a0a62c1","providers":[{"namespace":"Microsoft.Network","resourceTypes":[{"resourceType":"loadBalancers","locations":["westus"]}]}],"dependencies":[]}}'}
    headers:
      Azure-AsyncOperation: ['https://management.azure.com/subscriptions/0b1f6471-1bf0-4dda-aec3-cb9272f09590/resourcegroups/cli_test_load_balancer/providers/Microsoft.Resources/deployments/lb_deploy_ljCEk2pIPsnW5lJ1LaSlsUNxHq8J5xjT/operationStatuses/08586957715529075958?api-version=2017-05-10']
      Cache-Control: [no-cache]
      Content-Length: ['626']
      Content-Type: [application/json; charset=utf-8]
      Date: ['Tue, 19 Sep 2017 15:35:32 GMT']
      Expires: ['-1']
      Pragma: [no-cache]
      Strict-Transport-Security: [max-age=31536000; includeSubDomains]
      x-ms-ratelimit-remaining-subscription-writes: ['1199']
    status: {code: 201, message: Created}
- request:
    body: null
    headers:
      Accept: [application/json]
      Accept-Encoding: ['gzip, deflate']
      Connection: [keep-alive]
      Content-Type: [application/json; charset=utf-8]
      User-Agent: [python/3.5.3 (Windows-10-10.0.15063-SP0) requests/2.9.1 msrest/0.4.14
          msrest_azure/0.4.14 resourcemanagementclient/1.1.0 Azure-SDK-For-Python
          AZURECLI/TEST/2.0.16+dev]
      accept-language: [en-US]
      x-ms-client-request-id: [2bfd695e-9d50-11e7-88ed-a0b3ccf7272a]
    method: GET
    uri: https://management.azure.com/subscriptions/00000000-0000-0000-0000-000000000000/resourcegroups/cli_test_load_balancer/providers/Microsoft.Resources/deployments/mock-deployment/operationStatuses/08586957715529075958?api-version=2017-05-10
  response:
    body: {string: '{"status":"Succeeded"}'}
    headers:
      Cache-Control: [no-cache]
      Content-Type: [application/json; charset=utf-8]
      Date: ['Tue, 19 Sep 2017 15:36:03 GMT']
      Expires: ['-1']
      Pragma: [no-cache]
      Strict-Transport-Security: [max-age=31536000; includeSubDomains]
      Vary: [Accept-Encoding]
      content-length: ['22']
    status: {code: 200, message: OK}
- request:
    body: null
    headers:
      Accept: [application/json]
      Accept-Encoding: ['gzip, deflate']
      Connection: [keep-alive]
      Content-Type: [application/json; charset=utf-8]
      User-Agent: [python/3.5.3 (Windows-10-10.0.15063-SP0) requests/2.9.1 msrest/0.4.14
          msrest_azure/0.4.14 resourcemanagementclient/1.1.0 Azure-SDK-For-Python
          AZURECLI/TEST/2.0.16+dev]
      accept-language: [en-US]
      x-ms-client-request-id: [2bfd695e-9d50-11e7-88ed-a0b3ccf7272a]
    method: GET
    uri: https://management.azure.com/subscriptions/00000000-0000-0000-0000-000000000000/resourcegroups/cli_test_load_balancer/providers/Microsoft.Resources/deployments/mock-deployment?api-version=2017-05-10
  response:
    body: {string: '{"id":"/subscriptions/00000000-0000-0000-0000-000000000000/resourceGroups/cli_test_load_balancer/providers/Microsoft.Resources/deployments/lb_deploy_ljCEk2pIPsnW5lJ1LaSlsUNxHq8J5xjT","name":"lb_deploy_ljCEk2pIPsnW5lJ1LaSlsUNxHq8J5xjT","properties":{"templateHash":"11017788522170238402","parameters":{},"mode":"Incremental","provisioningState":"Succeeded","timestamp":"2017-09-19T15:35:35.6142083Z","duration":"PT3.0441943S","correlationId":"8c259f80-7f4f-4229-a5f4-1edb1a0a62c1","providers":[{"namespace":"Microsoft.Network","resourceTypes":[{"resourceType":"loadBalancers","locations":["westus"]}]}],"dependencies":[],"outputs":{"loadBalancer":{"type":"Object","value":{"provisioningState":"Succeeded","resourceGuid":"730cd46c-efbf-4769-a87e-afaed0544387","frontendIPConfigurations":[{"name":"LoadBalancerFrontEnd","id":"/subscriptions/00000000-0000-0000-0000-000000000000/resourceGroups/cli_test_load_balancer/providers/Microsoft.Network/loadBalancers/lb3/frontendIPConfigurations/LoadBalancerFrontEnd","etag":"W/\"f6e8be2f-4aa1-47c3-9bc3-143b54d8cde8\"","properties":{"provisioningState":"Succeeded","privateIPAddress":"10.0.0.15","privateIPAllocationMethod":"Static","subnet":{"id":"/subscriptions/00000000-0000-0000-0000-000000000000/resourceGroups/cli_test_load_balancer/providers/Microsoft.Network/virtualNetworks/mytestvnet/subnets/default"}}}],"backendAddressPools":[{"name":"lb3bepool","id":"/subscriptions/00000000-0000-0000-0000-000000000000/resourceGroups/cli_test_load_balancer/providers/Microsoft.Network/loadBalancers/lb3/backendAddressPools/lb3bepool","etag":"W/\"f6e8be2f-4aa1-47c3-9bc3-143b54d8cde8\"","properties":{"provisioningState":"Succeeded"}}],"loadBalancingRules":[],"probes":[],"inboundNatRules":[],"outboundNatRules":[],"inboundNatPools":[]}}},"outputResources":[{"id":"/subscriptions/00000000-0000-0000-0000-000000000000/resourceGroups/cli_test_load_balancer/providers/Microsoft.Network/loadBalancers/lb3"}]}}'}
    headers:
      Cache-Control: [no-cache]
      Content-Type: [application/json; charset=utf-8]
      Date: ['Tue, 19 Sep 2017 15:36:03 GMT']
      Expires: ['-1']
      Pragma: [no-cache]
      Strict-Transport-Security: [max-age=31536000; includeSubDomains]
      Vary: [Accept-Encoding]
      content-length: ['1970']
    status: {code: 200, message: OK}
- request:
    body: null
    headers:
      Accept: [application/json]
      Accept-Encoding: ['gzip, deflate']
      Connection: [keep-alive]
      Content-Type: [application/json; charset=utf-8]
      User-Agent: [python/3.5.3 (Windows-10-10.0.15063-SP0) requests/2.9.1 msrest/0.4.14
          msrest_azure/0.4.14 resourcemanagementclient/1.1.0 Azure-SDK-For-Python
          AZURECLI/TEST/2.0.16+dev]
      accept-language: [en-US]
      x-ms-client-request-id: [3f77fe64-9d50-11e7-a1ec-a0b3ccf7272a]
    method: GET
    uri: https://management.azure.com/subscriptions/00000000-0000-0000-0000-000000000000/resourcegroups/cli_test_load_balancer?api-version=2017-05-10
  response:
    body: {string: '{"id":"/subscriptions/00000000-0000-0000-0000-000000000000/resourceGroups/cli_test_load_balancer","name":"cli_test_load_balancer","location":"westus","tags":{"use":"az-test"},"properties":{"provisioningState":"Succeeded"}}'}
    headers:
      Cache-Control: [no-cache]
      Content-Type: [application/json; charset=utf-8]
      Date: ['Tue, 19 Sep 2017 15:36:03 GMT']
      Expires: ['-1']
      Pragma: [no-cache]
      Strict-Transport-Security: [max-age=31536000; includeSubDomains]
      Vary: [Accept-Encoding]
      content-length: ['234']
    status: {code: 200, message: OK}
- request:
    body: '{"location": "westus", "sku": {"name": "Basic"}, "properties": {"publicIPAllocationMethod":
      "Dynamic", "idleTimeoutInMinutes": 4, "publicIPAddressVersion": "IPv4"}}'
    headers:
      Accept: [application/json]
      Accept-Encoding: ['gzip, deflate']
      Connection: [keep-alive]
      Content-Length: ['164']
      Content-Type: [application/json; charset=utf-8]
      User-Agent: [python/3.5.3 (Windows-10-10.0.15063-SP0) requests/2.9.1 msrest/0.4.14
          msrest_azure/0.4.14 networkmanagementclient/1.5.0rc1 Azure-SDK-For-Python
          AZURECLI/TEST/2.0.16+dev]
      accept-language: [en-US]
      x-ms-client-request-id: [3f8aed6c-9d50-11e7-b804-a0b3ccf7272a]
    method: PUT
    uri: https://management.azure.com/subscriptions/00000000-0000-0000-0000-000000000000/resourceGroups/cli_test_load_balancer/providers/Microsoft.Network/publicIPAddresses/publicip4?api-version=2017-09-01
  response:
    body: {string: "{\r\n  \"name\": \"publicip4\",\r\n  \"id\": \"/subscriptions/00000000-0000-0000-0000-000000000000/resourceGroups/cli_test_load_balancer/providers/Microsoft.Network/publicIPAddresses/publicip4\"\
        ,\r\n  \"etag\": \"W/\\\"d8cae40a-86d8-4ceb-b28a-dff2c92b4cae\\\"\",\r\n \
        \ \"location\": \"westus\",\r\n  \"properties\": {\r\n    \"provisioningState\"\
        : \"Updating\",\r\n    \"resourceGuid\": \"514d5f66-3d39-4737-ad88-9e445eacb090\"\
        ,\r\n    \"publicIPAddressVersion\": \"IPv4\",\r\n    \"publicIPAllocationMethod\"\
        : \"Dynamic\",\r\n    \"idleTimeoutInMinutes\": 4\r\n  },\r\n  \"type\": \"\
        Microsoft.Network/publicIPAddresses\",\r\n  \"sku\": {\r\n    \"name\": \"\
        Basic\"\r\n  }\r\n}"}
    headers:
      Azure-AsyncOperation: ['https://management.azure.com/subscriptions/0b1f6471-1bf0-4dda-aec3-cb9272f09590/providers/Microsoft.Network/locations/westus/operations/923a32e7-9801-4ce8-8eee-9c698662b217?api-version=2017-09-01']
      Cache-Control: [no-cache]
      Content-Length: ['600']
      Content-Type: [application/json; charset=utf-8]
      Date: ['Tue, 19 Sep 2017 15:36:05 GMT']
      Expires: ['-1']
      Pragma: [no-cache]
      Retry-After: ['3']
      Server: [Microsoft-HTTPAPI/2.0, Microsoft-HTTPAPI/2.0]
      Strict-Transport-Security: [max-age=31536000; includeSubDomains]
      x-ms-ratelimit-remaining-subscription-writes: ['1197']
    status: {code: 201, message: Created}
- request:
    body: null
    headers:
      Accept: [application/json]
      Accept-Encoding: ['gzip, deflate']
      Connection: [keep-alive]
      Content-Type: [application/json; charset=utf-8]
      User-Agent: [python/3.5.3 (Windows-10-10.0.15063-SP0) requests/2.9.1 msrest/0.4.14
          msrest_azure/0.4.14 networkmanagementclient/1.5.0rc1 Azure-SDK-For-Python
          AZURECLI/TEST/2.0.16+dev]
      accept-language: [en-US]
      x-ms-client-request-id: [3f8aed6c-9d50-11e7-b804-a0b3ccf7272a]
    method: GET
    uri: https://management.azure.com/subscriptions/00000000-0000-0000-0000-000000000000/providers/Microsoft.Network/locations/westus/operations/923a32e7-9801-4ce8-8eee-9c698662b217?api-version=2017-09-01
  response:
    body: {string: "{\r\n  \"status\": \"Succeeded\"\r\n}"}
    headers:
      Cache-Control: [no-cache]
      Content-Type: [application/json; charset=utf-8]
      Date: ['Tue, 19 Sep 2017 15:36:07 GMT']
      Expires: ['-1']
      Pragma: [no-cache]
      Server: [Microsoft-HTTPAPI/2.0, Microsoft-HTTPAPI/2.0]
      Strict-Transport-Security: [max-age=31536000; includeSubDomains]
      Transfer-Encoding: [chunked]
      Vary: [Accept-Encoding]
      content-length: ['29']
    status: {code: 200, message: OK}
- request:
    body: null
    headers:
      Accept: [application/json]
      Accept-Encoding: ['gzip, deflate']
      Connection: [keep-alive]
      Content-Type: [application/json; charset=utf-8]
      User-Agent: [python/3.5.3 (Windows-10-10.0.15063-SP0) requests/2.9.1 msrest/0.4.14
          msrest_azure/0.4.14 networkmanagementclient/1.5.0rc1 Azure-SDK-For-Python
          AZURECLI/TEST/2.0.16+dev]
      accept-language: [en-US]
      x-ms-client-request-id: [3f8aed6c-9d50-11e7-b804-a0b3ccf7272a]
    method: GET
    uri: https://management.azure.com/subscriptions/00000000-0000-0000-0000-000000000000/resourceGroups/cli_test_load_balancer/providers/Microsoft.Network/publicIPAddresses/publicip4?api-version=2017-09-01
  response:
    body: {string: "{\r\n  \"name\": \"publicip4\",\r\n  \"id\": \"/subscriptions/00000000-0000-0000-0000-000000000000/resourceGroups/cli_test_load_balancer/providers/Microsoft.Network/publicIPAddresses/publicip4\"\
        ,\r\n  \"etag\": \"W/\\\"ab418fc3-895c-4b08-84de-3bf0d7a984b7\\\"\",\r\n \
        \ \"location\": \"westus\",\r\n  \"properties\": {\r\n    \"provisioningState\"\
        : \"Succeeded\",\r\n    \"resourceGuid\": \"514d5f66-3d39-4737-ad88-9e445eacb090\"\
        ,\r\n    \"publicIPAddressVersion\": \"IPv4\",\r\n    \"publicIPAllocationMethod\"\
        : \"Dynamic\",\r\n    \"idleTimeoutInMinutes\": 4\r\n  },\r\n  \"type\": \"\
        Microsoft.Network/publicIPAddresses\",\r\n  \"sku\": {\r\n    \"name\": \"\
        Basic\"\r\n  }\r\n}"}
    headers:
      Cache-Control: [no-cache]
      Content-Type: [application/json; charset=utf-8]
      Date: ['Tue, 19 Sep 2017 15:36:09 GMT']
      ETag: [W/"ab418fc3-895c-4b08-84de-3bf0d7a984b7"]
      Expires: ['-1']
      Pragma: [no-cache]
      Server: [Microsoft-HTTPAPI/2.0, Microsoft-HTTPAPI/2.0]
      Strict-Transport-Security: [max-age=31536000; includeSubDomains]
      Transfer-Encoding: [chunked]
      Vary: [Accept-Encoding]
      content-length: ['601']
    status: {code: 200, message: OK}
- request:
    body: null
    headers:
      Accept: [application/json]
      Accept-Encoding: ['gzip, deflate']
      Connection: [keep-alive]
      Content-Type: [application/json; charset=utf-8]
      User-Agent: [python/3.5.3 (Windows-10-10.0.15063-SP0) requests/2.9.1 msrest/0.4.14
          msrest_azure/0.4.14 resourcemanagementclient/1.1.0 Azure-SDK-For-Python
          AZURECLI/TEST/2.0.16+dev]
      accept-language: [en-US]
      x-ms-client-request-id: [424a13ee-9d50-11e7-b47e-a0b3ccf7272a]
    method: GET
    uri: https://management.azure.com/subscriptions/00000000-0000-0000-0000-000000000000/resourcegroups/cli_test_load_balancer?api-version=2017-05-10
  response:
    body: {string: '{"id":"/subscriptions/00000000-0000-0000-0000-000000000000/resourceGroups/cli_test_load_balancer","name":"cli_test_load_balancer","location":"westus","tags":{"use":"az-test"},"properties":{"provisioningState":"Succeeded"}}'}
    headers:
      Cache-Control: [no-cache]
      Content-Type: [application/json; charset=utf-8]
      Date: ['Tue, 19 Sep 2017 15:36:09 GMT']
      Expires: ['-1']
      Pragma: [no-cache]
      Strict-Transport-Security: [max-age=31536000; includeSubDomains]
      Vary: [Accept-Encoding]
      content-length: ['234']
    status: {code: 200, message: OK}
- request:
    body: null
    headers:
      Accept: [application/json]
      Accept-Encoding: ['gzip, deflate']
      Connection: [keep-alive]
      Content-Type: [application/json; charset=utf-8]
      User-Agent: [python/3.5.3 (Windows-10-10.0.15063-SP0) requests/2.9.1 msrest/0.4.14
          msrest_azure/0.4.14 resourcemanagementclient/1.1.0 Azure-SDK-For-Python
          AZURECLI/TEST/2.0.16+dev]
      accept-language: [en-US]
      x-ms-client-request-id: [425d02f4-9d50-11e7-9461-a0b3ccf7272a]
    method: GET
    uri: https://management.azure.com/subscriptions/00000000-0000-0000-0000-000000000000/resources?$filter=resourceGroup%20eq%20%27cli_test_load_balancer%27%20and%20name%20eq%20%27publicip4%27%20and%20resourceType%20eq%20%27Microsoft.Network%2FpublicIPAddresses%27&api-version=2017-05-10
  response:
    body: {string: '{"value":[{"id":"/subscriptions/00000000-0000-0000-0000-000000000000/resourceGroups/cli_test_load_balancer/providers/Microsoft.Network/publicIPAddresses/publicip4","name":"publicip4","type":"Microsoft.Network/publicIPAddresses","sku":{"name":"Basic"},"location":"westus"}]}'}
    headers:
      Cache-Control: [no-cache]
      Content-Type: [application/json; charset=utf-8]
      Date: ['Tue, 19 Sep 2017 15:36:08 GMT']
      Expires: ['-1']
      Pragma: [no-cache]
      Strict-Transport-Security: [max-age=31536000; includeSubDomains]
      Vary: [Accept-Encoding]
      content-length: ['279']
    status: {code: 200, message: OK}
- request:
    body: '{"properties": {"template": {"contentVersion": "1.0.0.0", "parameters":
      {}, "variables": {}, "resources": [{"location": "westus", "sku": {"name": "Basic"},
      "tags": {}, "dependsOn": [], "properties": {"frontendIPConfigurations": [{"properties":
      {"publicIPAddress": {"id": "/subscriptions/0b1f6471-1bf0-4dda-aec3-cb9272f09590/resourceGroups/cli_test_load_balancer/providers/Microsoft.Network/publicIPAddresses/publicip4"}},
      "name": "LoadBalancerFrontEnd"}], "backendAddressPools": [{"name": "lb4bepool"}]},
      "apiVersion": "2017-09-01", "name": "lb4", "type": "Microsoft.Network/loadBalancers"}],
      "$schema": "https://schema.management.azure.com/schemas/2015-01-01/deploymentTemplate.json#",
      "outputs": {"loadBalancer": {"value": "[reference(''lb4'')]", "type": "object"}}},
      "mode": "Incremental", "parameters": {}}}'
    headers:
      Accept: [application/json]
      Accept-Encoding: ['gzip, deflate']
      Connection: [keep-alive]
      Content-Length: ['815']
      Content-Type: [application/json; charset=utf-8]
      User-Agent: [python/3.5.3 (Windows-10-10.0.15063-SP0) requests/2.9.1 msrest/0.4.14
          msrest_azure/0.4.14 resourcemanagementclient/1.1.0 Azure-SDK-For-Python
          AZURECLI/TEST/2.0.16+dev]
      accept-language: [en-US]
      x-ms-client-request-id: [42826be2-9d50-11e7-875f-a0b3ccf7272a]
    method: PUT
    uri: https://management.azure.com/subscriptions/00000000-0000-0000-0000-000000000000/resourcegroups/cli_test_load_balancer/providers/Microsoft.Resources/deployments/mock-deployment?api-version=2017-05-10
  response:
    body: {string: '{"id":"/subscriptions/00000000-0000-0000-0000-000000000000/resourceGroups/cli_test_load_balancer/providers/Microsoft.Resources/deployments/lb_deploy_LKo6HYGFExNHsOnSGMoNvb7mssns8ySA","name":"lb_deploy_LKo6HYGFExNHsOnSGMoNvb7mssns8ySA","properties":{"templateHash":"17059103188131434276","parameters":{},"mode":"Incremental","provisioningState":"Accepted","timestamp":"2017-09-19T15:36:10.9698373Z","duration":"PT0.480524S","correlationId":"e728a8a3-505f-4cd2-b04b-80e7cdbafa46","providers":[{"namespace":"Microsoft.Network","resourceTypes":[{"resourceType":"loadBalancers","locations":["westus"]}]}],"dependencies":[]}}'}
    headers:
      Azure-AsyncOperation: ['https://management.azure.com/subscriptions/0b1f6471-1bf0-4dda-aec3-cb9272f09590/resourcegroups/cli_test_load_balancer/providers/Microsoft.Resources/deployments/lb_deploy_LKo6HYGFExNHsOnSGMoNvb7mssns8ySA/operationStatuses/08586957715149882994?api-version=2017-05-10']
      Cache-Control: [no-cache]
      Content-Length: ['625']
      Content-Type: [application/json; charset=utf-8]
      Date: ['Tue, 19 Sep 2017 15:36:11 GMT']
      Expires: ['-1']
      Pragma: [no-cache]
      Strict-Transport-Security: [max-age=31536000; includeSubDomains]
      x-ms-ratelimit-remaining-subscription-writes: ['1193']
    status: {code: 201, message: Created}
- request:
    body: null
    headers:
      Accept: [application/json]
      Accept-Encoding: ['gzip, deflate']
      Connection: [keep-alive]
      Content-Type: [application/json; charset=utf-8]
      User-Agent: [python/3.5.3 (Windows-10-10.0.15063-SP0) requests/2.9.1 msrest/0.4.14
          msrest_azure/0.4.14 resourcemanagementclient/1.1.0 Azure-SDK-For-Python
          AZURECLI/TEST/2.0.16+dev]
      accept-language: [en-US]
      x-ms-client-request-id: [42826be2-9d50-11e7-875f-a0b3ccf7272a]
    method: GET
    uri: https://management.azure.com/subscriptions/00000000-0000-0000-0000-000000000000/resourcegroups/cli_test_load_balancer/providers/Microsoft.Resources/deployments/mock-deployment/operationStatuses/08586957715149882994?api-version=2017-05-10
  response:
    body: {string: '{"status":"Succeeded"}'}
    headers:
      Cache-Control: [no-cache]
      Content-Type: [application/json; charset=utf-8]
      Date: ['Tue, 19 Sep 2017 15:36:41 GMT']
      Expires: ['-1']
      Pragma: [no-cache]
      Strict-Transport-Security: [max-age=31536000; includeSubDomains]
      Vary: [Accept-Encoding]
      content-length: ['22']
    status: {code: 200, message: OK}
- request:
    body: null
    headers:
      Accept: [application/json]
      Accept-Encoding: ['gzip, deflate']
      Connection: [keep-alive]
      Content-Type: [application/json; charset=utf-8]
      User-Agent: [python/3.5.3 (Windows-10-10.0.15063-SP0) requests/2.9.1 msrest/0.4.14
          msrest_azure/0.4.14 resourcemanagementclient/1.1.0 Azure-SDK-For-Python
          AZURECLI/TEST/2.0.16+dev]
      accept-language: [en-US]
      x-ms-client-request-id: [42826be2-9d50-11e7-875f-a0b3ccf7272a]
    method: GET
    uri: https://management.azure.com/subscriptions/00000000-0000-0000-0000-000000000000/resourcegroups/cli_test_load_balancer/providers/Microsoft.Resources/deployments/mock-deployment?api-version=2017-05-10
  response:
    body: {string: '{"id":"/subscriptions/00000000-0000-0000-0000-000000000000/resourceGroups/cli_test_load_balancer/providers/Microsoft.Resources/deployments/lb_deploy_LKo6HYGFExNHsOnSGMoNvb7mssns8ySA","name":"lb_deploy_LKo6HYGFExNHsOnSGMoNvb7mssns8ySA","properties":{"templateHash":"17059103188131434276","parameters":{},"mode":"Incremental","provisioningState":"Succeeded","timestamp":"2017-09-19T15:36:18.5079212Z","duration":"PT8.0186079S","correlationId":"e728a8a3-505f-4cd2-b04b-80e7cdbafa46","providers":[{"namespace":"Microsoft.Network","resourceTypes":[{"resourceType":"loadBalancers","locations":["westus"]}]}],"dependencies":[],"outputs":{"loadBalancer":{"type":"Object","value":{"provisioningState":"Succeeded","resourceGuid":"108d9d81-59b6-442f-90ea-312eeb706428","frontendIPConfigurations":[{"name":"LoadBalancerFrontEnd","id":"/subscriptions/00000000-0000-0000-0000-000000000000/resourceGroups/cli_test_load_balancer/providers/Microsoft.Network/loadBalancers/lb4/frontendIPConfigurations/LoadBalancerFrontEnd","etag":"W/\"73a3bd9b-5b33-4a72-901c-5bba70201ce9\"","properties":{"provisioningState":"Succeeded","privateIPAllocationMethod":"Dynamic","publicIPAddress":{"id":"/subscriptions/00000000-0000-0000-0000-000000000000/resourceGroups/cli_test_load_balancer/providers/Microsoft.Network/publicIPAddresses/publicip4"}}}],"backendAddressPools":[{"name":"lb4bepool","id":"/subscriptions/00000000-0000-0000-0000-000000000000/resourceGroups/cli_test_load_balancer/providers/Microsoft.Network/loadBalancers/lb4/backendAddressPools/lb4bepool","etag":"W/\"73a3bd9b-5b33-4a72-901c-5bba70201ce9\"","properties":{"provisioningState":"Succeeded"}}],"loadBalancingRules":[],"probes":[],"inboundNatRules":[],"outboundNatRules":[],"inboundNatPools":[]}}},"outputResources":[{"id":"/subscriptions/00000000-0000-0000-0000-000000000000/resourceGroups/cli_test_load_balancer/providers/Microsoft.Network/loadBalancers/lb4"}]}}'}
    headers:
      Cache-Control: [no-cache]
      Content-Type: [application/json; charset=utf-8]
      Date: ['Tue, 19 Sep 2017 15:36:41 GMT']
      Expires: ['-1']
      Pragma: [no-cache]
      Strict-Transport-Security: [max-age=31536000; includeSubDomains]
      Vary: [Accept-Encoding]
      content-length: ['1934']
    status: {code: 200, message: OK}
- request:
    body: null
    headers:
      Accept: [application/json]
      Accept-Encoding: ['gzip, deflate']
      Connection: [keep-alive]
      Content-Type: [application/json; charset=utf-8]
      User-Agent: [python/3.5.3 (Windows-10-10.0.15063-SP0) requests/2.9.1 msrest/0.4.14
          msrest_azure/0.4.14 networkmanagementclient/1.5.0rc1 Azure-SDK-For-Python
          AZURECLI/TEST/2.0.16+dev]
      accept-language: [en-US]
      x-ms-client-request-id: [5609c168-9d50-11e7-85be-a0b3ccf7272a]
    method: GET
    uri: https://management.azure.com/subscriptions/00000000-0000-0000-0000-000000000000/providers/Microsoft.Network/loadBalancers?api-version=2017-09-01
  response:
    body: {string: '{"value":[{"name":"vmss1LB","id":"/subscriptions/00000000-0000-0000-0000-000000000000/resourceGroups/clitest.rgjmqdndazxmerwgp5ej5qzy6mdi6k6nzgnso6eexabg4w7r2r75jfxyxzo5m6okzgt/providers/Microsoft.Network/loadBalancers/vmss1LB","etag":"W/\"5278fffd-5dde-4057-9e69-2e601d121bd7\"","type":"Microsoft.Network/loadBalancers","location":"westus","tags":{},"properties":{"provisioningState":"Succeeded","resourceGuid":"832dccfc-a456-4be9-9861-8b055673991e","frontendIPConfigurations":[{"name":"loadBalancerFrontEnd","id":"/subscriptions/00000000-0000-0000-0000-000000000000/resourceGroups/clitest.rgjmqdndazxmerwgp5ej5qzy6mdi6k6nzgnso6eexabg4w7r2r75jfxyxzo5m6okzgt/providers/Microsoft.Network/loadBalancers/vmss1LB/frontendIPConfigurations/loadBalancerFrontEnd","etag":"W/\"5278fffd-5dde-4057-9e69-2e601d121bd7\"","properties":{"provisioningState":"Succeeded","privateIPAllocationMethod":"Dynamic","publicIPAddress":{"id":"/subscriptions/00000000-0000-0000-0000-000000000000/resourceGroups/clitest.rgjmqdndazxmerwgp5ej5qzy6mdi6k6nzgnso6eexabg4w7r2r75jfxyxzo5m6okzgt/providers/Microsoft.Network/publicIPAddresses/vmss1LBPublicIP"},"inboundNatRules":[{"id":"/subscriptions/00000000-0000-0000-0000-000000000000/resourceGroups/clitest.rgjmqdndazxmerwgp5ej5qzy6mdi6k6nzgnso6eexabg4w7r2r75jfxyxzo5m6okzgt/providers/Microsoft.Network/loadBalancers/vmss1LB/inboundNatRules/vmss1LBNatPool.0"},{"id":"/subscriptions/00000000-0000-0000-0000-000000000000/resourceGroups/clitest.rgjmqdndazxmerwgp5ej5qzy6mdi6k6nzgnso6eexabg4w7r2r75jfxyxzo5m6okzgt/providers/Microsoft.Network/loadBalancers/vmss1LB/inboundNatRules/vmss1LBNatPool.1"}],"inboundNatPools":[{"id":"/subscriptions/00000000-0000-0000-0000-000000000000/resourceGroups/clitest.rgjmqdndazxmerwgp5ej5qzy6mdi6k6nzgnso6eexabg4w7r2r75jfxyxzo5m6okzgt/providers/Microsoft.Network/loadBalancers/vmss1LB/inboundNatPools/vmss1LBNatPool"}]}}],"backendAddressPools":[{"name":"vmss1LBBEPool","id":"/subscriptions/00000000-0000-0000-0000-000000000000/resourceGroups/clitest.rgjmqdndazxmerwgp5ej5qzy6mdi6k6nzgnso6eexabg4w7r2r75jfxyxzo5m6okzgt/providers/Microsoft.Network/loadBalancers/vmss1LB/backendAddressPools/vmss1LBBEPool","etag":"W/\"5278fffd-5dde-4057-9e69-2e601d121bd7\"","properties":{"provisioningState":"Succeeded","backendIPConfigurations":[{"id":"/subscriptions/00000000-0000-0000-0000-000000000000/resourceGroups/clitest.rgjmqdndazxmerwgp5ej5qzy6mdi6k6nzgnso6eexabg4w7r2r75jfxyxzo5m6okzgt/providers/Microsoft.Compute/virtualMachineScaleSets/vmss1/virtualMachines/0/networkInterfaces/vmss1e043Nic/ipConfigurations/vmss1e043IPConfig"},{"id":"/subscriptions/00000000-0000-0000-0000-000000000000/resourceGroups/clitest.rgjmqdndazxmerwgp5ej5qzy6mdi6k6nzgnso6eexabg4w7r2r75jfxyxzo5m6okzgt/providers/Microsoft.Compute/virtualMachineScaleSets/vmss1/virtualMachines/1/networkInterfaces/vmss1e043Nic/ipConfigurations/vmss1e043IPConfig"}]}}],"loadBalancingRules":[],"probes":[],"inboundNatRules":[{"name":"vmss1LBNatPool.0","id":"/subscriptions/00000000-0000-0000-0000-000000000000/resourceGroups/clitest.rgjmqdndazxmerwgp5ej5qzy6mdi6k6nzgnso6eexabg4w7r2r75jfxyxzo5m6okzgt/providers/Microsoft.Network/loadBalancers/vmss1LB/inboundNatRules/vmss1LBNatPool.0","etag":"W/\"5278fffd-5dde-4057-9e69-2e601d121bd7\"","properties":{"provisioningState":"Succeeded","frontendIPConfiguration":{"id":"/subscriptions/00000000-0000-0000-0000-000000000000/resourceGroups/clitest.rgjmqdndazxmerwgp5ej5qzy6mdi6k6nzgnso6eexabg4w7r2r75jfxyxzo5m6okzgt/providers/Microsoft.Network/loadBalancers/vmss1LB/frontendIPConfigurations/loadBalancerFrontEnd"},"frontendPort":50000,"backendPort":22,"enableFloatingIP":false,"idleTimeoutInMinutes":4,"protocol":"Tcp","backendIPConfiguration":{"id":"/subscriptions/00000000-0000-0000-0000-000000000000/resourceGroups/clitest.rgjmqdndazxmerwgp5ej5qzy6mdi6k6nzgnso6eexabg4w7r2r75jfxyxzo5m6okzgt/providers/Microsoft.Compute/virtualMachineScaleSets/vmss1/virtualMachines/0/networkInterfaces/vmss1e043Nic/ipConfigurations/vmss1e043IPConfig"}}},{"name":"vmss1LBNatPool.1","id":"/subscriptions/00000000-0000-0000-0000-000000000000/resourceGroups/clitest.rgjmqdndazxmerwgp5ej5qzy6mdi6k6nzgnso6eexabg4w7r2r75jfxyxzo5m6okzgt/providers/Microsoft.Network/loadBalancers/vmss1LB/inboundNatRules/vmss1LBNatPool.1","etag":"W/\"5278fffd-5dde-4057-9e69-2e601d121bd7\"","properties":{"provisioningState":"Succeeded","frontendIPConfiguration":{"id":"/subscriptions/00000000-0000-0000-0000-000000000000/resourceGroups/clitest.rgjmqdndazxmerwgp5ej5qzy6mdi6k6nzgnso6eexabg4w7r2r75jfxyxzo5m6okzgt/providers/Microsoft.Network/loadBalancers/vmss1LB/frontendIPConfigurations/loadBalancerFrontEnd"},"frontendPort":50001,"backendPort":22,"enableFloatingIP":false,"idleTimeoutInMinutes":4,"protocol":"Tcp","backendIPConfiguration":{"id":"/subscriptions/00000000-0000-0000-0000-000000000000/resourceGroups/clitest.rgjmqdndazxmerwgp5ej5qzy6mdi6k6nzgnso6eexabg4w7r2r75jfxyxzo5m6okzgt/providers/Microsoft.Compute/virtualMachineScaleSets/vmss1/virtualMachines/1/networkInterfaces/vmss1e043Nic/ipConfigurations/vmss1e043IPConfig"}}}],"outboundNatRules":[],"inboundNatPools":[{"name":"vmss1LBNatPool","id":"/subscriptions/00000000-0000-0000-0000-000000000000/resourceGroups/clitest.rgjmqdndazxmerwgp5ej5qzy6mdi6k6nzgnso6eexabg4w7r2r75jfxyxzo5m6okzgt/providers/Microsoft.Network/loadBalancers/vmss1LB/inboundNatPools/vmss1LBNatPool","etag":"W/\"5278fffd-5dde-4057-9e69-2e601d121bd7\"","properties":{"provisioningState":"Succeeded","frontendPortRangeStart":50000,"frontendPortRangeEnd":50119,"backendPort":22,"protocol":"Tcp","frontendIPConfiguration":{"id":"/subscriptions/00000000-0000-0000-0000-000000000000/resourceGroups/clitest.rgjmqdndazxmerwgp5ej5qzy6mdi6k6nzgnso6eexabg4w7r2r75jfxyxzo5m6okzgt/providers/Microsoft.Network/loadBalancers/vmss1LB/frontendIPConfigurations/loadBalancerFrontEnd"}}}]},"sku":{"name":"Basic"}},{"name":"vmss1LB","id":"/subscriptions/00000000-0000-0000-0000-000000000000/resourceGroups/clitest.rgp52n6eifuk23shtadiu5c7kzef7nrnxd7gkz6ywps6pss4pzos6hkrh5ukyuuajji/providers/Microsoft.Network/loadBalancers/vmss1LB","etag":"W/\"276ee019-cffa-4d59-9b97-653c15d00d45\"","type":"Microsoft.Network/loadBalancers","location":"westus","tags":{},"properties":{"provisioningState":"Succeeded","resourceGuid":"90aeb109-46a5-471a-aecd-7a6884d50a2c","frontendIPConfigurations":[{"name":"loadBalancerFrontEnd","id":"/subscriptions/00000000-0000-0000-0000-000000000000/resourceGroups/clitest.rgp52n6eifuk23shtadiu5c7kzef7nrnxd7gkz6ywps6pss4pzos6hkrh5ukyuuajji/providers/Microsoft.Network/loadBalancers/vmss1LB/frontendIPConfigurations/loadBalancerFrontEnd","etag":"W/\"276ee019-cffa-4d59-9b97-653c15d00d45\"","properties":{"provisioningState":"Succeeded","privateIPAllocationMethod":"Dynamic","publicIPAddress":{"id":"/subscriptions/00000000-0000-0000-0000-000000000000/resourceGroups/clitest.rgp52n6eifuk23shtadiu5c7kzef7nrnxd7gkz6ywps6pss4pzos6hkrh5ukyuuajji/providers/Microsoft.Network/publicIPAddresses/vmss1LBPublicIP"},"inboundNatRules":[{"id":"/subscriptions/00000000-0000-0000-0000-000000000000/resourceGroups/clitest.rgp52n6eifuk23shtadiu5c7kzef7nrnxd7gkz6ywps6pss4pzos6hkrh5ukyuuajji/providers/Microsoft.Network/loadBalancers/vmss1LB/inboundNatRules/vmss1LBNatPool.1"},{"id":"/subscriptions/00000000-0000-0000-0000-000000000000/resourceGroups/clitest.rgp52n6eifuk23shtadiu5c7kzef7nrnxd7gkz6ywps6pss4pzos6hkrh5ukyuuajji/providers/Microsoft.Network/loadBalancers/vmss1LB/inboundNatRules/vmss1LBNatPool.3"}],"inboundNatPools":[{"id":"/subscriptions/00000000-0000-0000-0000-000000000000/resourceGroups/clitest.rgp52n6eifuk23shtadiu5c7kzef7nrnxd7gkz6ywps6pss4pzos6hkrh5ukyuuajji/providers/Microsoft.Network/loadBalancers/vmss1LB/inboundNatPools/vmss1LBNatPool"}]}}],"backendAddressPools":[{"name":"vmss1LBBEPool","id":"/subscriptions/00000000-0000-0000-0000-000000000000/resourceGroups/clitest.rgp52n6eifuk23shtadiu5c7kzef7nrnxd7gkz6ywps6pss4pzos6hkrh5ukyuuajji/providers/Microsoft.Network/loadBalancers/vmss1LB/backendAddressPools/vmss1LBBEPool","etag":"W/\"276ee019-cffa-4d59-9b97-653c15d00d45\"","properties":{"provisioningState":"Succeeded","backendIPConfigurations":[{"id":"/subscriptions/00000000-0000-0000-0000-000000000000/resourceGroups/clitest.rgp52n6eifuk23shtadiu5c7kzef7nrnxd7gkz6ywps6pss4pzos6hkrh5ukyuuajji/providers/Microsoft.Compute/virtualMachineScaleSets/vmss1/virtualMachines/1/networkInterfaces/vmss1519cNic/ipConfigurations/vmss1519cIPConfig"},{"id":"/subscriptions/00000000-0000-0000-0000-000000000000/resourceGroups/clitest.rgp52n6eifuk23shtadiu5c7kzef7nrnxd7gkz6ywps6pss4pzos6hkrh5ukyuuajji/providers/Microsoft.Compute/virtualMachineScaleSets/vmss1/virtualMachines/3/networkInterfaces/vmss1519cNic/ipConfigurations/vmss1519cIPConfig"}]}}],"loadBalancingRules":[],"probes":[],"inboundNatRules":[{"name":"vmss1LBNatPool.1","id":"/subscriptions/00000000-0000-0000-0000-000000000000/resourceGroups/clitest.rgp52n6eifuk23shtadiu5c7kzef7nrnxd7gkz6ywps6pss4pzos6hkrh5ukyuuajji/providers/Microsoft.Network/loadBalancers/vmss1LB/inboundNatRules/vmss1LBNatPool.1","etag":"W/\"276ee019-cffa-4d59-9b97-653c15d00d45\"","properties":{"provisioningState":"Succeeded","frontendIPConfiguration":{"id":"/subscriptions/00000000-0000-0000-0000-000000000000/resourceGroups/clitest.rgp52n6eifuk23shtadiu5c7kzef7nrnxd7gkz6ywps6pss4pzos6hkrh5ukyuuajji/providers/Microsoft.Network/loadBalancers/vmss1LB/frontendIPConfigurations/loadBalancerFrontEnd"},"frontendPort":50001,"backendPort":22,"enableFloatingIP":false,"idleTimeoutInMinutes":4,"protocol":"Tcp","backendIPConfiguration":{"id":"/subscriptions/00000000-0000-0000-0000-000000000000/resourceGroups/clitest.rgp52n6eifuk23shtadiu5c7kzef7nrnxd7gkz6ywps6pss4pzos6hkrh5ukyuuajji/providers/Microsoft.Compute/virtualMachineScaleSets/vmss1/virtualMachines/1/networkInterfaces/vmss1519cNic/ipConfigurations/vmss1519cIPConfig"}}},{"name":"vmss1LBNatPool.3","id":"/subscriptions/00000000-0000-0000-0000-000000000000/resourceGroups/clitest.rgp52n6eifuk23shtadiu5c7kzef7nrnxd7gkz6ywps6pss4pzos6hkrh5ukyuuajji/providers/Microsoft.Network/loadBalancers/vmss1LB/inboundNatRules/vmss1LBNatPool.3","etag":"W/\"276ee019-cffa-4d59-9b97-653c15d00d45\"","properties":{"provisioningState":"Succeeded","frontendIPConfiguration":{"id":"/subscriptions/00000000-0000-0000-0000-000000000000/resourceGroups/clitest.rgp52n6eifuk23shtadiu5c7kzef7nrnxd7gkz6ywps6pss4pzos6hkrh5ukyuuajji/providers/Microsoft.Network/loadBalancers/vmss1LB/frontendIPConfigurations/loadBalancerFrontEnd"},"frontendPort":50003,"backendPort":22,"enableFloatingIP":false,"idleTimeoutInMinutes":4,"protocol":"Tcp","backendIPConfiguration":{"id":"/subscriptions/00000000-0000-0000-0000-000000000000/resourceGroups/clitest.rgp52n6eifuk23shtadiu5c7kzef7nrnxd7gkz6ywps6pss4pzos6hkrh5ukyuuajji/providers/Microsoft.Compute/virtualMachineScaleSets/vmss1/virtualMachines/3/networkInterfaces/vmss1519cNic/ipConfigurations/vmss1519cIPConfig"}}}],"outboundNatRules":[],"inboundNatPools":[{"name":"vmss1LBNatPool","id":"/subscriptions/00000000-0000-0000-0000-000000000000/resourceGroups/clitest.rgp52n6eifuk23shtadiu5c7kzef7nrnxd7gkz6ywps6pss4pzos6hkrh5ukyuuajji/providers/Microsoft.Network/loadBalancers/vmss1LB/inboundNatPools/vmss1LBNatPool","etag":"W/\"276ee019-cffa-4d59-9b97-653c15d00d45\"","properties":{"provisioningState":"Succeeded","frontendPortRangeStart":50000,"frontendPortRangeEnd":50119,"backendPort":22,"protocol":"Tcp","frontendIPConfiguration":{"id":"/subscriptions/00000000-0000-0000-0000-000000000000/resourceGroups/clitest.rgp52n6eifuk23shtadiu5c7kzef7nrnxd7gkz6ywps6pss4pzos6hkrh5ukyuuajji/providers/Microsoft.Network/loadBalancers/vmss1LB/frontendIPConfigurations/loadBalancerFrontEnd"}}}]},"sku":{"name":"Basic"}},{"name":"lb1","id":"/subscriptions/00000000-0000-0000-0000-000000000000/resourceGroups/cli_test_load_balancer/providers/Microsoft.Network/loadBalancers/lb1","etag":"W/\"fc727a33-84f8-49bc-9d38-214b5e78486c\"","type":"Microsoft.Network/loadBalancers","location":"westus","tags":{},"properties":{"provisioningState":"Succeeded","resourceGuid":"f42215d3-7fab-474b-99fd-68e212a6b1a1","frontendIPConfigurations":[{"name":"LoadBalancerFrontEnd","id":"/subscriptions/00000000-0000-0000-0000-000000000000/resourceGroups/cli_test_load_balancer/providers/Microsoft.Network/loadBalancers/lb1/frontendIPConfigurations/LoadBalancerFrontEnd","etag":"W/\"fc727a33-84f8-49bc-9d38-214b5e78486c\"","properties":{"provisioningState":"Succeeded","privateIPAllocationMethod":"Dynamic","publicIPAddress":{"id":"/subscriptions/00000000-0000-0000-0000-000000000000/resourceGroups/cli_test_load_balancer/providers/Microsoft.Network/publicIPAddresses/PublicIPlb1"}}}],"backendAddressPools":[{"name":"lb1bepool","id":"/subscriptions/00000000-0000-0000-0000-000000000000/resourceGroups/cli_test_load_balancer/providers/Microsoft.Network/loadBalancers/lb1/backendAddressPools/lb1bepool","etag":"W/\"fc727a33-84f8-49bc-9d38-214b5e78486c\"","properties":{"provisioningState":"Succeeded"}}],"loadBalancingRules":[],"probes":[],"inboundNatRules":[],"outboundNatRules":[],"inboundNatPools":[]},"sku":{"name":"Basic"}},{"name":"lb2","id":"/subscriptions/00000000-0000-0000-0000-000000000000/resourceGroups/cli_test_load_balancer/providers/Microsoft.Network/loadBalancers/lb2","etag":"W/\"438ccf28-0122-4ff4-824f-2fe27c9762ff\"","type":"Microsoft.Network/loadBalancers","location":"westus","tags":{},"properties":{"provisioningState":"Succeeded","resourceGuid":"1556c9f9-feaf-48b8-b8e3-488bfc3f2354","frontendIPConfigurations":[{"name":"LoadBalancerFrontEnd","id":"/subscriptions/00000000-0000-0000-0000-000000000000/resourceGroups/cli_test_load_balancer/providers/Microsoft.Network/loadBalancers/lb2/frontendIPConfigurations/LoadBalancerFrontEnd","etag":"W/\"438ccf28-0122-4ff4-824f-2fe27c9762ff\"","properties":{"provisioningState":"Succeeded","privateIPAllocationMethod":"Dynamic","publicIPAddress":{"id":"/subscriptions/00000000-0000-0000-0000-000000000000/resourceGroups/cli_test_load_balancer/providers/Microsoft.Network/publicIPAddresses/PublicIPlb2"}}}],"backendAddressPools":[{"name":"lb2bepool","id":"/subscriptions/00000000-0000-0000-0000-000000000000/resourceGroups/cli_test_load_balancer/providers/Microsoft.Network/loadBalancers/lb2/backendAddressPools/lb2bepool","etag":"W/\"438ccf28-0122-4ff4-824f-2fe27c9762ff\"","properties":{"provisioningState":"Succeeded"}}],"loadBalancingRules":[],"probes":[],"inboundNatRules":[],"outboundNatRules":[],"inboundNatPools":[]},"sku":{"name":"Basic"}},{"name":"lb3","id":"/subscriptions/00000000-0000-0000-0000-000000000000/resourceGroups/cli_test_load_balancer/providers/Microsoft.Network/loadBalancers/lb3","etag":"W/\"f6e8be2f-4aa1-47c3-9bc3-143b54d8cde8\"","type":"Microsoft.Network/loadBalancers","location":"westus","tags":{},"properties":{"provisioningState":"Succeeded","resourceGuid":"730cd46c-efbf-4769-a87e-afaed0544387","frontendIPConfigurations":[{"name":"LoadBalancerFrontEnd","id":"/subscriptions/00000000-0000-0000-0000-000000000000/resourceGroups/cli_test_load_balancer/providers/Microsoft.Network/loadBalancers/lb3/frontendIPConfigurations/LoadBalancerFrontEnd","etag":"W/\"f6e8be2f-4aa1-47c3-9bc3-143b54d8cde8\"","properties":{"provisioningState":"Succeeded","privateIPAddress":"10.0.0.15","privateIPAllocationMethod":"Static","subnet":{"id":"/subscriptions/00000000-0000-0000-0000-000000000000/resourceGroups/cli_test_load_balancer/providers/Microsoft.Network/virtualNetworks/mytestvnet/subnets/default"}}}],"backendAddressPools":[{"name":"lb3bepool","id":"/subscriptions/00000000-0000-0000-0000-000000000000/resourceGroups/cli_test_load_balancer/providers/Microsoft.Network/loadBalancers/lb3/backendAddressPools/lb3bepool","etag":"W/\"f6e8be2f-4aa1-47c3-9bc3-143b54d8cde8\"","properties":{"provisioningState":"Succeeded"}}],"loadBalancingRules":[],"probes":[],"inboundNatRules":[],"outboundNatRules":[],"inboundNatPools":[]},"sku":{"name":"Basic"}},{"name":"lb4","id":"/subscriptions/00000000-0000-0000-0000-000000000000/resourceGroups/cli_test_load_balancer/providers/Microsoft.Network/loadBalancers/lb4","etag":"W/\"73a3bd9b-5b33-4a72-901c-5bba70201ce9\"","type":"Microsoft.Network/loadBalancers","location":"westus","tags":{},"properties":{"provisioningState":"Succeeded","resourceGuid":"108d9d81-59b6-442f-90ea-312eeb706428","frontendIPConfigurations":[{"name":"LoadBalancerFrontEnd","id":"/subscriptions/00000000-0000-0000-0000-000000000000/resourceGroups/cli_test_load_balancer/providers/Microsoft.Network/loadBalancers/lb4/frontendIPConfigurations/LoadBalancerFrontEnd","etag":"W/\"73a3bd9b-5b33-4a72-901c-5bba70201ce9\"","properties":{"provisioningState":"Succeeded","privateIPAllocationMethod":"Dynamic","publicIPAddress":{"id":"/subscriptions/00000000-0000-0000-0000-000000000000/resourceGroups/cli_test_load_balancer/providers/Microsoft.Network/publicIPAddresses/publicip4"}}}],"backendAddressPools":[{"name":"lb4bepool","id":"/subscriptions/00000000-0000-0000-0000-000000000000/resourceGroups/cli_test_load_balancer/providers/Microsoft.Network/loadBalancers/lb4/backendAddressPools/lb4bepool","etag":"W/\"73a3bd9b-5b33-4a72-901c-5bba70201ce9\"","properties":{"provisioningState":"Succeeded"}}],"loadBalancingRules":[],"probes":[],"inboundNatRules":[],"outboundNatRules":[],"inboundNatPools":[]},"sku":{"name":"Basic"}},{"name":"vmss1LB","id":"/subscriptions/00000000-0000-0000-0000-000000000000/resourceGroups/cli_test_vmss_create_and_modify_ul0o_/providers/Microsoft.Network/loadBalancers/vmss1LB","etag":"W/\"dfde4b8f-8eea-42f8-9473-aead30adad28\"","type":"Microsoft.Network/loadBalancers","location":"westus","tags":{},"properties":{"provisioningState":"Succeeded","resourceGuid":"16e37a25-3e8d-422a-83e2-84f1a535ab99","frontendIPConfigurations":[{"name":"loadBalancerFrontEnd","id":"/subscriptions/00000000-0000-0000-0000-000000000000/resourceGroups/cli_test_vmss_create_and_modify_ul0o_/providers/Microsoft.Network/loadBalancers/vmss1LB/frontendIPConfigurations/loadBalancerFrontEnd","etag":"W/\"dfde4b8f-8eea-42f8-9473-aead30adad28\"","properties":{"provisioningState":"Succeeded","privateIPAllocationMethod":"Dynamic","publicIPAddress":{"id":"/subscriptions/00000000-0000-0000-0000-000000000000/resourceGroups/cli_test_vmss_create_and_modify_ul0o_/providers/Microsoft.Network/publicIPAddresses/vmss1LBPublicIP"},"inboundNatRules":[{"id":"/subscriptions/00000000-0000-0000-0000-000000000000/resourceGroups/cli_test_vmss_create_and_modify_ul0o_/providers/Microsoft.Network/loadBalancers/vmss1LB/inboundNatRules/vmss1LBNatPool.1"},{"id":"/subscriptions/00000000-0000-0000-0000-000000000000/resourceGroups/cli_test_vmss_create_and_modify_ul0o_/providers/Microsoft.Network/loadBalancers/vmss1LB/inboundNatRules/vmss1LBNatPool.4"}],"inboundNatPools":[{"id":"/subscriptions/00000000-0000-0000-0000-000000000000/resourceGroups/cli_test_vmss_create_and_modify_ul0o_/providers/Microsoft.Network/loadBalancers/vmss1LB/inboundNatPools/vmss1LBNatPool"}]}}],"backendAddressPools":[{"name":"vmss1LBBEPool","id":"/subscriptions/00000000-0000-0000-0000-000000000000/resourceGroups/cli_test_vmss_create_and_modify_ul0o_/providers/Microsoft.Network/loadBalancers/vmss1LB/backendAddressPools/vmss1LBBEPool","etag":"W/\"dfde4b8f-8eea-42f8-9473-aead30adad28\"","properties":{"provisioningState":"Succeeded","backendIPConfigurations":[{"id":"/subscriptions/00000000-0000-0000-0000-000000000000/resourceGroups/cli_test_vmss_create_and_modify_ul0o_/providers/Microsoft.Compute/virtualMachineScaleSets/vmss1/virtualMachines/1/networkInterfaces/vmss1a6c3Nic/ipConfigurations/vmss1a6c3IPConfig"},{"id":"/subscriptions/00000000-0000-0000-0000-000000000000/resourceGroups/cli_test_vmss_create_and_modify_ul0o_/providers/Microsoft.Compute/virtualMachineScaleSets/vmss1/virtualMachines/4/networkInterfaces/vmss1a6c3Nic/ipConfigurations/vmss1a6c3IPConfig"}]}}],"loadBalancingRules":[],"probes":[],"inboundNatRules":[{"name":"vmss1LBNatPool.1","id":"/subscriptions/00000000-0000-0000-0000-000000000000/resourceGroups/cli_test_vmss_create_and_modify_ul0o_/providers/Microsoft.Network/loadBalancers/vmss1LB/inboundNatRules/vmss1LBNatPool.1","etag":"W/\"dfde4b8f-8eea-42f8-9473-aead30adad28\"","properties":{"provisioningState":"Succeeded","frontendIPConfiguration":{"id":"/subscriptions/00000000-0000-0000-0000-000000000000/resourceGroups/cli_test_vmss_create_and_modify_ul0o_/providers/Microsoft.Network/loadBalancers/vmss1LB/frontendIPConfigurations/loadBalancerFrontEnd"},"frontendPort":50001,"backendPort":3389,"enableFloatingIP":false,"idleTimeoutInMinutes":4,"protocol":"Tcp","backendIPConfiguration":{"id":"/subscriptions/00000000-0000-0000-0000-000000000000/resourceGroups/cli_test_vmss_create_and_modify_ul0o_/providers/Microsoft.Compute/virtualMachineScaleSets/vmss1/virtualMachines/1/networkInterfaces/vmss1a6c3Nic/ipConfigurations/vmss1a6c3IPConfig"}}},{"name":"vmss1LBNatPool.4","id":"/subscriptions/00000000-0000-0000-0000-000000000000/resourceGroups/cli_test_vmss_create_and_modify_ul0o_/providers/Microsoft.Network/loadBalancers/vmss1LB/inboundNatRules/vmss1LBNatPool.4","etag":"W/\"dfde4b8f-8eea-42f8-9473-aead30adad28\"","properties":{"provisioningState":"Succeeded","frontendIPConfiguration":{"id":"/subscriptions/00000000-0000-0000-0000-000000000000/resourceGroups/cli_test_vmss_create_and_modify_ul0o_/providers/Microsoft.Network/loadBalancers/vmss1LB/frontendIPConfigurations/loadBalancerFrontEnd"},"frontendPort":50004,"backendPort":3389,"enableFloatingIP":false,"idleTimeoutInMinutes":4,"protocol":"Tcp","backendIPConfiguration":{"id":"/subscriptions/00000000-0000-0000-0000-000000000000/resourceGroups/cli_test_vmss_create_and_modify_ul0o_/providers/Microsoft.Compute/virtualMachineScaleSets/vmss1/virtualMachines/4/networkInterfaces/vmss1a6c3Nic/ipConfigurations/vmss1a6c3IPConfig"}}}],"outboundNatRules":[],"inboundNatPools":[{"name":"vmss1LBNatPool","id":"/subscriptions/00000000-0000-0000-0000-000000000000/resourceGroups/cli_test_vmss_create_and_modify_ul0o_/providers/Microsoft.Network/loadBalancers/vmss1LB/inboundNatPools/vmss1LBNatPool","etag":"W/\"dfde4b8f-8eea-42f8-9473-aead30adad28\"","properties":{"provisioningState":"Succeeded","frontendPortRangeStart":50000,"frontendPortRangeEnd":50119,"backendPort":3389,"protocol":"Tcp","frontendIPConfiguration":{"id":"/subscriptions/00000000-0000-0000-0000-000000000000/resourceGroups/cli_test_vmss_create_and_modify_ul0o_/providers/Microsoft.Network/loadBalancers/vmss1LB/frontendIPConfigurations/loadBalancerFrontEnd"}}}]},"sku":{"name":"Basic"}},{"name":"vmss1LB","id":"/subscriptions/00000000-0000-0000-0000-000000000000/resourceGroups/cli_test_vmss_vms_0pen_/providers/Microsoft.Network/loadBalancers/vmss1LB","etag":"W/\"f1915ef4-2187-410d-9e54-9d87f660a3e3\"","type":"Microsoft.Network/loadBalancers","location":"westus","tags":{},"properties":{"provisioningState":"Succeeded","resourceGuid":"1b61dd4c-0bb8-444d-81d1-efdeb25ee7e0","frontendIPConfigurations":[{"name":"loadBalancerFrontEnd","id":"/subscriptions/00000000-0000-0000-0000-000000000000/resourceGroups/cli_test_vmss_vms_0pen_/providers/Microsoft.Network/loadBalancers/vmss1LB/frontendIPConfigurations/loadBalancerFrontEnd","etag":"W/\"f1915ef4-2187-410d-9e54-9d87f660a3e3\"","properties":{"provisioningState":"Succeeded","privateIPAllocationMethod":"Dynamic","publicIPAddress":{"id":"/subscriptions/00000000-0000-0000-0000-000000000000/resourceGroups/cli_test_vmss_vms_0pen_/providers/Microsoft.Network/publicIPAddresses/vmss1LBPublicIP"},"inboundNatRules":[{"id":"/subscriptions/00000000-0000-0000-0000-000000000000/resourceGroups/cli_test_vmss_vms_0pen_/providers/Microsoft.Network/loadBalancers/vmss1LB/inboundNatRules/vmss1LBNatPool.1"},{"id":"/subscriptions/00000000-0000-0000-0000-000000000000/resourceGroups/cli_test_vmss_vms_0pen_/providers/Microsoft.Network/loadBalancers/vmss1LB/inboundNatRules/vmss1LBNatPool.3"}],"inboundNatPools":[{"id":"/subscriptions/00000000-0000-0000-0000-000000000000/resourceGroups/cli_test_vmss_vms_0pen_/providers/Microsoft.Network/loadBalancers/vmss1LB/inboundNatPools/vmss1LBNatPool"}]}}],"backendAddressPools":[{"name":"vmss1LBBEPool","id":"/subscriptions/00000000-0000-0000-0000-000000000000/resourceGroups/cli_test_vmss_vms_0pen_/providers/Microsoft.Network/loadBalancers/vmss1LB/backendAddressPools/vmss1LBBEPool","etag":"W/\"f1915ef4-2187-410d-9e54-9d87f660a3e3\"","properties":{"provisioningState":"Succeeded","backendIPConfigurations":[{"id":"/subscriptions/00000000-0000-0000-0000-000000000000/resourceGroups/cli_test_vmss_vms_0pen_/providers/Microsoft.Compute/virtualMachineScaleSets/vmss1/virtualMachines/1/networkInterfaces/vmss1861aNic/ipConfigurations/vmss1861aIPConfig"},{"id":"/subscriptions/00000000-0000-0000-0000-000000000000/resourceGroups/cli_test_vmss_vms_0pen_/providers/Microsoft.Compute/virtualMachineScaleSets/vmss1/virtualMachines/3/networkInterfaces/vmss1861aNic/ipConfigurations/vmss1861aIPConfig"}]}}],"loadBalancingRules":[],"probes":[],"inboundNatRules":[{"name":"vmss1LBNatPool.1","id":"/subscriptions/00000000-0000-0000-0000-000000000000/resourceGroups/cli_test_vmss_vms_0pen_/providers/Microsoft.Network/loadBalancers/vmss1LB/inboundNatRules/vmss1LBNatPool.1","etag":"W/\"f1915ef4-2187-410d-9e54-9d87f660a3e3\"","properties":{"provisioningState":"Succeeded","frontendIPConfiguration":{"id":"/subscriptions/00000000-0000-0000-0000-000000000000/resourceGroups/cli_test_vmss_vms_0pen_/providers/Microsoft.Network/loadBalancers/vmss1LB/frontendIPConfigurations/loadBalancerFrontEnd"},"frontendPort":50001,"backendPort":22,"enableFloatingIP":false,"idleTimeoutInMinutes":4,"protocol":"Tcp","backendIPConfiguration":{"id":"/subscriptions/00000000-0000-0000-0000-000000000000/resourceGroups/cli_test_vmss_vms_0pen_/providers/Microsoft.Compute/virtualMachineScaleSets/vmss1/virtualMachines/1/networkInterfaces/vmss1861aNic/ipConfigurations/vmss1861aIPConfig"}}},{"name":"vmss1LBNatPool.3","id":"/subscriptions/00000000-0000-0000-0000-000000000000/resourceGroups/cli_test_vmss_vms_0pen_/providers/Microsoft.Network/loadBalancers/vmss1LB/inboundNatRules/vmss1LBNatPool.3","etag":"W/\"f1915ef4-2187-410d-9e54-9d87f660a3e3\"","properties":{"provisioningState":"Succeeded","frontendIPConfiguration":{"id":"/subscriptions/00000000-0000-0000-0000-000000000000/resourceGroups/cli_test_vmss_vms_0pen_/providers/Microsoft.Network/loadBalancers/vmss1LB/frontendIPConfigurations/loadBalancerFrontEnd"},"frontendPort":50003,"backendPort":22,"enableFloatingIP":false,"idleTimeoutInMinutes":4,"protocol":"Tcp","backendIPConfiguration":{"id":"/subscriptions/00000000-0000-0000-0000-000000000000/resourceGroups/cli_test_vmss_vms_0pen_/providers/Microsoft.Compute/virtualMachineScaleSets/vmss1/virtualMachines/3/networkInterfaces/vmss1861aNic/ipConfigurations/vmss1861aIPConfig"}}}],"outboundNatRules":[],"inboundNatPools":[{"name":"vmss1LBNatPool","id":"/subscriptions/00000000-0000-0000-0000-000000000000/resourceGroups/cli_test_vmss_vms_0pen_/providers/Microsoft.Network/loadBalancers/vmss1LB/inboundNatPools/vmss1LBNatPool","etag":"W/\"f1915ef4-2187-410d-9e54-9d87f660a3e3\"","properties":{"provisioningState":"Succeeded","frontendPortRangeStart":50000,"frontendPortRangeEnd":50119,"backendPort":22,"protocol":"Tcp","frontendIPConfiguration":{"id":"/subscriptions/00000000-0000-0000-0000-000000000000/resourceGroups/cli_test_vmss_vms_0pen_/providers/Microsoft.Network/loadBalancers/vmss1LB/frontendIPConfigurations/loadBalancerFrontEnd"}}}]},"sku":{"name":"Basic"}},{"name":"extlb1-5494","id":"/subscriptions/00000000-0000-0000-0000-000000000000/resourceGroups/javacsmrg588/providers/Microsoft.Network/loadBalancers/extlb1-5494","etag":"W/\"06e53741-a53d-4d31-9553-013c7ad59580\"","type":"Microsoft.Network/loadBalancers","location":"eastus","tags":{},"properties":{"provisioningState":"Succeeded","resourceGuid":"ffc53bdc-0d7c-4e5a-b855-0a286f23c331","frontendIPConfigurations":[{"name":"extlb1-5494-FE1","id":"/subscriptions/00000000-0000-0000-0000-000000000000/resourceGroups/javacsmrg588/providers/Microsoft.Network/loadBalancers/extlb1-5494/frontendIPConfigurations/extlb1-5494-FE1","etag":"W/\"06e53741-a53d-4d31-9553-013c7ad59580\"","properties":{"provisioningState":"Succeeded","privateIPAllocationMethod":"Dynamic","publicIPAddress":{"id":"/subscriptions/00000000-0000-0000-0000-000000000000/resourceGroups/javacsmrg588/providers/Microsoft.Network/publicIPAddresses/pip-extlb1-5494"},"loadBalancingRules":[{"id":"/subscriptions/00000000-0000-0000-0000-000000000000/resourceGroups/javacsmrg588/providers/Microsoft.Network/loadBalancers/extlb1-5494/loadBalancingRules/httpRule"}],"inboundNatRules":[{"id":"/subscriptions/00000000-0000-0000-0000-000000000000/resourceGroups/javacsmrg588/providers/Microsoft.Network/loadBalancers/extlb1-5494/inboundNatRules/extlb1-5494-INP1.0"},{"id":"/subscriptions/00000000-0000-0000-0000-000000000000/resourceGroups/javacsmrg588/providers/Microsoft.Network/loadBalancers/extlb1-5494/inboundNatRules/extlb1-5494-INP1.3"}],"inboundNatPools":[{"id":"/subscriptions/00000000-0000-0000-0000-000000000000/resourceGroups/javacsmrg588/providers/Microsoft.Network/loadBalancers/extlb1-5494/inboundNatPools/extlb1-5494-INP1"}]}}],"backendAddressPools":[{"name":"extlb1-5494-BAP1","id":"/subscriptions/00000000-0000-0000-0000-000000000000/resourceGroups/javacsmrg588/providers/Microsoft.Network/loadBalancers/extlb1-5494/backendAddressPools/extlb1-5494-BAP1","etag":"W/\"06e53741-a53d-4d31-9553-013c7ad59580\"","properties":{"provisioningState":"Succeeded","backendIPConfigurations":[{"id":"/subscriptions/00000000-0000-0000-0000-000000000000/resourceGroups/javacsmrg588/providers/Microsoft.Compute/virtualMachineScaleSets/vmss6670/virtualMachines/0/networkInterfaces/primary-nic-cfg/ipConfigurations/primary-nic-ip-cfg"},{"id":"/subscriptions/00000000-0000-0000-0000-000000000000/resourceGroups/javacsmrg588/providers/Microsoft.Compute/virtualMachineScaleSets/vmss6670/virtualMachines/3/networkInterfaces/primary-nic-cfg/ipConfigurations/primary-nic-ip-cfg"}],"loadBalancingRules":[{"id":"/subscriptions/00000000-0000-0000-0000-000000000000/resourceGroups/javacsmrg588/providers/Microsoft.Network/loadBalancers/extlb1-5494/loadBalancingRules/httpRule"}]}}],"loadBalancingRules":[{"name":"httpRule","id":"/subscriptions/00000000-0000-0000-0000-000000000000/resourceGroups/javacsmrg588/providers/Microsoft.Network/loadBalancers/extlb1-5494/loadBalancingRules/httpRule","etag":"W/\"06e53741-a53d-4d31-9553-013c7ad59580\"","properties":{"provisioningState":"Succeeded","frontendIPConfiguration":{"id":"/subscriptions/00000000-0000-0000-0000-000000000000/resourceGroups/javacsmrg588/providers/Microsoft.Network/loadBalancers/extlb1-5494/frontendIPConfigurations/extlb1-5494-FE1"},"frontendPort":80,"backendPort":80,"enableFloatingIP":false,"idleTimeoutInMinutes":4,"protocol":"Tcp","loadDistribution":"Default","backendAddressPool":{"id":"/subscriptions/00000000-0000-0000-0000-000000000000/resourceGroups/javacsmrg588/providers/Microsoft.Network/loadBalancers/extlb1-5494/backendAddressPools/extlb1-5494-BAP1"},"probe":{"id":"/subscriptions/00000000-0000-0000-0000-000000000000/resourceGroups/javacsmrg588/providers/Microsoft.Network/loadBalancers/extlb1-5494/probes/httpProbe"}}}],"probes":[{"name":"httpProbe","id":"/subscriptions/00000000-0000-0000-0000-000000000000/resourceGroups/javacsmrg588/providers/Microsoft.Network/loadBalancers/extlb1-5494/probes/httpProbe","etag":"W/\"06e53741-a53d-4d31-9553-013c7ad59580\"","properties":{"provisioningState":"Succeeded","protocol":"Http","port":80,"requestPath":"/","intervalInSeconds":15,"numberOfProbes":2,"loadBalancingRules":[{"id":"/subscriptions/00000000-0000-0000-0000-000000000000/resourceGroups/javacsmrg588/providers/Microsoft.Network/loadBalancers/extlb1-5494/loadBalancingRules/httpRule"}]}}],"inboundNatRules":[{"name":"extlb1-5494-INP1.0","id":"/subscriptions/00000000-0000-0000-0000-000000000000/resourceGroups/javacsmrg588/providers/Microsoft.Network/loadBalancers/extlb1-5494/inboundNatRules/extlb1-5494-INP1.0","etag":"W/\"06e53741-a53d-4d31-9553-013c7ad59580\"","properties":{"provisioningState":"Succeeded","frontendIPConfiguration":{"id":"/subscriptions/00000000-0000-0000-0000-000000000000/resourceGroups/javacsmrg588/providers/Microsoft.Network/loadBalancers/extlb1-5494/frontendIPConfigurations/extlb1-5494-FE1"},"frontendPort":5000,"backendPort":22,"enableFloatingIP":false,"idleTimeoutInMinutes":4,"protocol":"Tcp","backendIPConfiguration":{"id":"/subscriptions/00000000-0000-0000-0000-000000000000/resourceGroups/javacsmrg588/providers/Microsoft.Compute/virtualMachineScaleSets/vmss6670/virtualMachines/0/networkInterfaces/primary-nic-cfg/ipConfigurations/primary-nic-ip-cfg"}}},{"name":"extlb1-5494-INP1.3","id":"/subscriptions/00000000-0000-0000-0000-000000000000/resourceGroups/javacsmrg588/providers/Microsoft.Network/loadBalancers/extlb1-5494/inboundNatRules/extlb1-5494-INP1.3","etag":"W/\"06e53741-a53d-4d31-9553-013c7ad59580\"","properties":{"provisioningState":"Succeeded","frontendIPConfiguration":{"id":"/subscriptions/00000000-0000-0000-0000-000000000000/resourceGroups/javacsmrg588/providers/Microsoft.Network/loadBalancers/extlb1-5494/frontendIPConfigurations/extlb1-5494-FE1"},"frontendPort":5003,"backendPort":22,"enableFloatingIP":false,"idleTimeoutInMinutes":4,"protocol":"Tcp","backendIPConfiguration":{"id":"/subscriptions/00000000-0000-0000-0000-000000000000/resourceGroups/javacsmrg588/providers/Microsoft.Compute/virtualMachineScaleSets/vmss6670/virtualMachines/3/networkInterfaces/primary-nic-cfg/ipConfigurations/primary-nic-ip-cfg"}}}],"outboundNatRules":[],"inboundNatPools":[{"name":"extlb1-5494-INP1","id":"/subscriptions/00000000-0000-0000-0000-000000000000/resourceGroups/javacsmrg588/providers/Microsoft.Network/loadBalancers/extlb1-5494/inboundNatPools/extlb1-5494-INP1","etag":"W/\"06e53741-a53d-4d31-9553-013c7ad59580\"","properties":{"provisioningState":"Succeeded","frontendPortRangeStart":5000,"frontendPortRangeEnd":5099,"backendPort":22,"protocol":"Tcp","frontendIPConfiguration":{"id":"/subscriptions/00000000-0000-0000-0000-000000000000/resourceGroups/javacsmrg588/providers/Microsoft.Network/loadBalancers/extlb1-5494/frontendIPConfigurations/extlb1-5494-FE1"}}}]},"sku":{"name":"Basic"}},{"name":"extlb1-6193","id":"/subscriptions/00000000-0000-0000-0000-000000000000/resourceGroups/javacsmrg7623/providers/Microsoft.Network/loadBalancers/extlb1-6193","etag":"W/\"5ec7782e-5f07-41ec-a344-ff92ab987d07\"","type":"Microsoft.Network/loadBalancers","location":"eastus","tags":{},"properties":{"provisioningState":"Succeeded","resourceGuid":"3f40533f-be6d-438a-8cf8-3840bd34461f","frontendIPConfigurations":[{"name":"extlb1-6193-FE1","id":"/subscriptions/00000000-0000-0000-0000-000000000000/resourceGroups/javacsmrg7623/providers/Microsoft.Network/loadBalancers/extlb1-6193/frontendIPConfigurations/extlb1-6193-FE1","etag":"W/\"5ec7782e-5f07-41ec-a344-ff92ab987d07\"","properties":{"provisioningState":"Succeeded","privateIPAllocationMethod":"Dynamic","publicIPAddress":{"id":"/subscriptions/00000000-0000-0000-0000-000000000000/resourceGroups/javacsmrg7623/providers/Microsoft.Network/publicIPAddresses/pip-extlb1-6193"},"loadBalancingRules":[{"id":"/subscriptions/00000000-0000-0000-0000-000000000000/resourceGroups/javacsmrg7623/providers/Microsoft.Network/loadBalancers/extlb1-6193/loadBalancingRules/httpRule"},{"id":"/subscriptions/00000000-0000-0000-0000-000000000000/resourceGroups/javacsmrg7623/providers/Microsoft.Network/loadBalancers/extlb1-6193/loadBalancingRules/httpsRule"}],"inboundNatRules":[{"id":"/subscriptions/00000000-0000-0000-0000-000000000000/resourceGroups/javacsmrg7623/providers/Microsoft.Network/loadBalancers/extlb1-6193/inboundNatRules/extlb1-6193-INP1.0"},{"id":"/subscriptions/00000000-0000-0000-0000-000000000000/resourceGroups/javacsmrg7623/providers/Microsoft.Network/loadBalancers/extlb1-6193/inboundNatRules/extlb1-6193-INP1.1"}],"inboundNatPools":[{"id":"/subscriptions/00000000-0000-0000-0000-000000000000/resourceGroups/javacsmrg7623/providers/Microsoft.Network/loadBalancers/extlb1-6193/inboundNatPools/extlb1-6193-INP1"},{"id":"/subscriptions/00000000-0000-0000-0000-000000000000/resourceGroups/javacsmrg7623/providers/Microsoft.Network/loadBalancers/extlb1-6193/inboundNatPools/extlb1-6193-INP2"}]}}],"backendAddressPools":[{"name":"extlb1-6193-BAP1","id":"/subscriptions/00000000-0000-0000-0000-000000000000/resourceGroups/javacsmrg7623/providers/Microsoft.Network/loadBalancers/extlb1-6193/backendAddressPools/extlb1-6193-BAP1","etag":"W/\"5ec7782e-5f07-41ec-a344-ff92ab987d07\"","properties":{"provisioningState":"Succeeded","backendIPConfigurations":[{"id":"/subscriptions/00000000-0000-0000-0000-000000000000/resourceGroups/javacsmrg7623/providers/Microsoft.Compute/virtualMachineScaleSets/vmss7028/virtualMachines/0/networkInterfaces/primary-nic-cfg/ipConfigurations/primary-nic-ip-cfg"},{"id":"/subscriptions/00000000-0000-0000-0000-000000000000/resourceGroups/javacsmrg7623/providers/Microsoft.Compute/virtualMachineScaleSets/vmss7028/virtualMachines/1/networkInterfaces/primary-nic-cfg/ipConfigurations/primary-nic-ip-cfg"}],"loadBalancingRules":[{"id":"/subscriptions/00000000-0000-0000-0000-000000000000/resourceGroups/javacsmrg7623/providers/Microsoft.Network/loadBalancers/extlb1-6193/loadBalancingRules/httpRule"}]}},{"name":"extlb1-6193-BAP2","id":"/subscriptions/00000000-0000-0000-0000-000000000000/resourceGroups/javacsmrg7623/providers/Microsoft.Network/loadBalancers/extlb1-6193/backendAddressPools/extlb1-6193-BAP2","etag":"W/\"5ec7782e-5f07-41ec-a344-ff92ab987d07\"","properties":{"provisioningState":"Succeeded","backendIPConfigurations":[{"id":"/subscriptions/00000000-0000-0000-0000-000000000000/resourceGroups/javacsmrg7623/providers/Microsoft.Compute/virtualMachineScaleSets/vmss7028/virtualMachines/0/networkInterfaces/primary-nic-cfg/ipConfigurations/primary-nic-ip-cfg"},{"id":"/subscriptions/00000000-0000-0000-0000-000000000000/resourceGroups/javacsmrg7623/providers/Microsoft.Compute/virtualMachineScaleSets/vmss7028/virtualMachines/1/networkInterfaces/primary-nic-cfg/ipConfigurations/primary-nic-ip-cfg"}],"loadBalancingRules":[{"id":"/subscriptions/00000000-0000-0000-0000-000000000000/resourceGroups/javacsmrg7623/providers/Microsoft.Network/loadBalancers/extlb1-6193/loadBalancingRules/httpsRule"}]}}],"loadBalancingRules":[{"name":"httpRule","id":"/subscriptions/00000000-0000-0000-0000-000000000000/resourceGroups/javacsmrg7623/providers/Microsoft.Network/loadBalancers/extlb1-6193/loadBalancingRules/httpRule","etag":"W/\"5ec7782e-5f07-41ec-a344-ff92ab987d07\"","properties":{"provisioningState":"Succeeded","frontendIPConfiguration":{"id":"/subscriptions/00000000-0000-0000-0000-000000000000/resourceGroups/javacsmrg7623/providers/Microsoft.Network/loadBalancers/extlb1-6193/frontendIPConfigurations/extlb1-6193-FE1"},"frontendPort":80,"backendPort":80,"enableFloatingIP":false,"idleTimeoutInMinutes":4,"protocol":"Tcp","loadDistribution":"Default","backendAddressPool":{"id":"/subscriptions/00000000-0000-0000-0000-000000000000/resourceGroups/javacsmrg7623/providers/Microsoft.Network/loadBalancers/extlb1-6193/backendAddressPools/extlb1-6193-BAP1"},"probe":{"id":"/subscriptions/00000000-0000-0000-0000-000000000000/resourceGroups/javacsmrg7623/providers/Microsoft.Network/loadBalancers/extlb1-6193/probes/httpProbe"}}},{"name":"httpsRule","id":"/subscriptions/00000000-0000-0000-0000-000000000000/resourceGroups/javacsmrg7623/providers/Microsoft.Network/loadBalancers/extlb1-6193/loadBalancingRules/httpsRule","etag":"W/\"5ec7782e-5f07-41ec-a344-ff92ab987d07\"","properties":{"provisioningState":"Succeeded","frontendIPConfiguration":{"id":"/subscriptions/00000000-0000-0000-0000-000000000000/resourceGroups/javacsmrg7623/providers/Microsoft.Network/loadBalancers/extlb1-6193/frontendIPConfigurations/extlb1-6193-FE1"},"frontendPort":443,"backendPort":443,"enableFloatingIP":false,"idleTimeoutInMinutes":4,"protocol":"Tcp","loadDistribution":"Default","backendAddressPool":{"id":"/subscriptions/00000000-0000-0000-0000-000000000000/resourceGroups/javacsmrg7623/providers/Microsoft.Network/loadBalancers/extlb1-6193/backendAddressPools/extlb1-6193-BAP2"},"probe":{"id":"/subscriptions/00000000-0000-0000-0000-000000000000/resourceGroups/javacsmrg7623/providers/Microsoft.Network/loadBalancers/extlb1-6193/probes/httpsProbe"}}}],"probes":[{"name":"httpProbe","id":"/subscriptions/00000000-0000-0000-0000-000000000000/resourceGroups/javacsmrg7623/providers/Microsoft.Network/loadBalancers/extlb1-6193/probes/httpProbe","etag":"W/\"5ec7782e-5f07-41ec-a344-ff92ab987d07\"","properties":{"provisioningState":"Succeeded","protocol":"Http","port":80,"requestPath":"/","intervalInSeconds":15,"numberOfProbes":2,"loadBalancingRules":[{"id":"/subscriptions/00000000-0000-0000-0000-000000000000/resourceGroups/javacsmrg7623/providers/Microsoft.Network/loadBalancers/extlb1-6193/loadBalancingRules/httpRule"}]}},{"name":"httpsProbe","id":"/subscriptions/00000000-0000-0000-0000-000000000000/resourceGroups/javacsmrg7623/providers/Microsoft.Network/loadBalancers/extlb1-6193/probes/httpsProbe","etag":"W/\"5ec7782e-5f07-41ec-a344-ff92ab987d07\"","properties":{"provisioningState":"Succeeded","protocol":"Http","port":80,"requestPath":"/","intervalInSeconds":15,"numberOfProbes":2,"loadBalancingRules":[{"id":"/subscriptions/00000000-0000-0000-0000-000000000000/resourceGroups/javacsmrg7623/providers/Microsoft.Network/loadBalancers/extlb1-6193/loadBalancingRules/httpsRule"}]}}],"inboundNatRules":[{"name":"extlb1-6193-INP1.0","id":"/subscriptions/00000000-0000-0000-0000-000000000000/resourceGroups/javacsmrg7623/providers/Microsoft.Network/loadBalancers/extlb1-6193/inboundNatRules/extlb1-6193-INP1.0","etag":"W/\"5ec7782e-5f07-41ec-a344-ff92ab987d07\"","properties":{"provisioningState":"Succeeded","frontendIPConfiguration":{"id":"/subscriptions/00000000-0000-0000-0000-000000000000/resourceGroups/javacsmrg7623/providers/Microsoft.Network/loadBalancers/extlb1-6193/frontendIPConfigurations/extlb1-6193-FE1"},"frontendPort":5000,"backendPort":22,"enableFloatingIP":false,"idleTimeoutInMinutes":4,"protocol":"Tcp","backendIPConfiguration":{"id":"/subscriptions/00000000-0000-0000-0000-000000000000/resourceGroups/javacsmrg7623/providers/Microsoft.Compute/virtualMachineScaleSets/vmss7028/virtualMachines/0/networkInterfaces/primary-nic-cfg/ipConfigurations/primary-nic-ip-cfg"}}},{"name":"extlb1-6193-INP1.1","id":"/subscriptions/00000000-0000-0000-0000-000000000000/resourceGroups/javacsmrg7623/providers/Microsoft.Network/loadBalancers/extlb1-6193/inboundNatRules/extlb1-6193-INP1.1","etag":"W/\"5ec7782e-5f07-41ec-a344-ff92ab987d07\"","properties":{"provisioningState":"Succeeded","frontendIPConfiguration":{"id":"/subscriptions/00000000-0000-0000-0000-000000000000/resourceGroups/javacsmrg7623/providers/Microsoft.Network/loadBalancers/extlb1-6193/frontendIPConfigurations/extlb1-6193-FE1"},"frontendPort":5001,"backendPort":22,"enableFloatingIP":false,"idleTimeoutInMinutes":4,"protocol":"Tcp","backendIPConfiguration":{"id":"/subscriptions/00000000-0000-0000-0000-000000000000/resourceGroups/javacsmrg7623/providers/Microsoft.Compute/virtualMachineScaleSets/vmss7028/virtualMachines/1/networkInterfaces/primary-nic-cfg/ipConfigurations/primary-nic-ip-cfg"}}}],"outboundNatRules":[],"inboundNatPools":[{"name":"extlb1-6193-INP1","id":"/subscriptions/00000000-0000-0000-0000-000000000000/resourceGroups/javacsmrg7623/providers/Microsoft.Network/loadBalancers/extlb1-6193/inboundNatPools/extlb1-6193-INP1","etag":"W/\"5ec7782e-5f07-41ec-a344-ff92ab987d07\"","properties":{"provisioningState":"Succeeded","frontendPortRangeStart":5000,"frontendPortRangeEnd":5099,"backendPort":22,"protocol":"Tcp","frontendIPConfiguration":{"id":"/subscriptions/00000000-0000-0000-0000-000000000000/resourceGroups/javacsmrg7623/providers/Microsoft.Network/loadBalancers/extlb1-6193/frontendIPConfigurations/extlb1-6193-FE1"}}},{"name":"extlb1-6193-INP2","id":"/subscriptions/00000000-0000-0000-0000-000000000000/resourceGroups/javacsmrg7623/providers/Microsoft.Network/loadBalancers/extlb1-6193/inboundNatPools/extlb1-6193-INP2","etag":"W/\"5ec7782e-5f07-41ec-a344-ff92ab987d07\"","properties":{"provisioningState":"Succeeded","frontendPortRangeStart":6000,"frontendPortRangeEnd":6099,"backendPort":23,"protocol":"Tcp","frontendIPConfiguration":{"id":"/subscriptions/00000000-0000-0000-0000-000000000000/resourceGroups/javacsmrg7623/providers/Microsoft.Network/loadBalancers/extlb1-6193/frontendIPConfigurations/extlb1-6193-FE1"}}}]},"sku":{"name":"Basic"}},{"name":"InternalLb1-7519","id":"/subscriptions/00000000-0000-0000-0000-000000000000/resourceGroups/javacsmrg7623/providers/Microsoft.Network/loadBalancers/InternalLb1-7519","etag":"W/\"9ea05097-920e-4086-86d3-05ee10a4f74a\"","type":"Microsoft.Network/loadBalancers","location":"eastus","tags":{},"properties":{"provisioningState":"Succeeded","resourceGuid":"d90d0187-a508-4bee-8a81-2f2639a2147d","frontendIPConfigurations":[{"name":"InternalLb1-7519-FE1","id":"/subscriptions/00000000-0000-0000-0000-000000000000/resourceGroups/javacsmrg7623/providers/Microsoft.Network/loadBalancers/InternalLb1-7519/frontendIPConfigurations/InternalLb1-7519-FE1","etag":"W/\"9ea05097-920e-4086-86d3-05ee10a4f74a\"","properties":{"provisioningState":"Succeeded","privateIPAddress":"10.0.0.8","privateIPAllocationMethod":"Dynamic","subnet":{"id":"/subscriptions/00000000-0000-0000-0000-000000000000/resourceGroups/javacsmrg7623/providers/Microsoft.Network/virtualNetworks/vmssvnet/subnets/subnet1"},"loadBalancingRules":[{"id":"/subscriptions/00000000-0000-0000-0000-000000000000/resourceGroups/javacsmrg7623/providers/Microsoft.Network/loadBalancers/InternalLb1-7519/loadBalancingRules/httpRule"},{"id":"/subscriptions/00000000-0000-0000-0000-000000000000/resourceGroups/javacsmrg7623/providers/Microsoft.Network/loadBalancers/InternalLb1-7519/loadBalancingRules/httpsRule"}],"inboundNatRules":[{"id":"/subscriptions/00000000-0000-0000-0000-000000000000/resourceGroups/javacsmrg7623/providers/Microsoft.Network/loadBalancers/InternalLb1-7519/inboundNatRules/InternalLb1-7519-INP1.0"},{"id":"/subscriptions/00000000-0000-0000-0000-000000000000/resourceGroups/javacsmrg7623/providers/Microsoft.Network/loadBalancers/InternalLb1-7519/inboundNatRules/InternalLb1-7519-INP2.0"},{"id":"/subscriptions/00000000-0000-0000-0000-000000000000/resourceGroups/javacsmrg7623/providers/Microsoft.Network/loadBalancers/InternalLb1-7519/inboundNatRules/InternalLb1-7519-INP1.1"},{"id":"/subscriptions/00000000-0000-0000-0000-000000000000/resourceGroups/javacsmrg7623/providers/Microsoft.Network/loadBalancers/InternalLb1-7519/inboundNatRules/InternalLb1-7519-INP2.1"}],"inboundNatPools":[{"id":"/subscriptions/00000000-0000-0000-0000-000000000000/resourceGroups/javacsmrg7623/providers/Microsoft.Network/loadBalancers/InternalLb1-7519/inboundNatPools/InternalLb1-7519-INP1"},{"id":"/subscriptions/00000000-0000-0000-0000-000000000000/resourceGroups/javacsmrg7623/providers/Microsoft.Network/loadBalancers/InternalLb1-7519/inboundNatPools/InternalLb1-7519-INP2"}]}}],"backendAddressPools":[{"name":"InternalLb1-7519-BAP1","id":"/subscriptions/00000000-0000-0000-0000-000000000000/resourceGroups/javacsmrg7623/providers/Microsoft.Network/loadBalancers/InternalLb1-7519/backendAddressPools/InternalLb1-7519-BAP1","etag":"W/\"9ea05097-920e-4086-86d3-05ee10a4f74a\"","properties":{"provisioningState":"Succeeded","backendIPConfigurations":[{"id":"/subscriptions/00000000-0000-0000-0000-000000000000/resourceGroups/javacsmrg7623/providers/Microsoft.Compute/virtualMachineScaleSets/vmss7028/virtualMachines/0/networkInterfaces/primary-nic-cfg/ipConfigurations/primary-nic-ip-cfg"},{"id":"/subscriptions/00000000-0000-0000-0000-000000000000/resourceGroups/javacsmrg7623/providers/Microsoft.Compute/virtualMachineScaleSets/vmss7028/virtualMachines/1/networkInterfaces/primary-nic-cfg/ipConfigurations/primary-nic-ip-cfg"}],"loadBalancingRules":[{"id":"/subscriptions/00000000-0000-0000-0000-000000000000/resourceGroups/javacsmrg7623/providers/Microsoft.Network/loadBalancers/InternalLb1-7519/loadBalancingRules/httpRule"}]}},{"name":"InternalLb1-7519-BAP2","id":"/subscriptions/00000000-0000-0000-0000-000000000000/resourceGroups/javacsmrg7623/providers/Microsoft.Network/loadBalancers/InternalLb1-7519/backendAddressPools/InternalLb1-7519-BAP2","etag":"W/\"9ea05097-920e-4086-86d3-05ee10a4f74a\"","properties":{"provisioningState":"Succeeded","backendIPConfigurations":[{"id":"/subscriptions/00000000-0000-0000-0000-000000000000/resourceGroups/javacsmrg7623/providers/Microsoft.Compute/virtualMachineScaleSets/vmss7028/virtualMachines/0/networkInterfaces/primary-nic-cfg/ipConfigurations/primary-nic-ip-cfg"},{"id":"/subscriptions/00000000-0000-0000-0000-000000000000/resourceGroups/javacsmrg7623/providers/Microsoft.Compute/virtualMachineScaleSets/vmss7028/virtualMachines/1/networkInterfaces/primary-nic-cfg/ipConfigurations/primary-nic-ip-cfg"}],"loadBalancingRules":[{"id":"/subscriptions/00000000-0000-0000-0000-000000000000/resourceGroups/javacsmrg7623/providers/Microsoft.Network/loadBalancers/InternalLb1-7519/loadBalancingRules/httpsRule"}]}}],"loadBalancingRules":[{"name":"httpRule","id":"/subscriptions/00000000-0000-0000-0000-000000000000/resourceGroups/javacsmrg7623/providers/Microsoft.Network/loadBalancers/InternalLb1-7519/loadBalancingRules/httpRule","etag":"W/\"9ea05097-920e-4086-86d3-05ee10a4f74a\"","properties":{"provisioningState":"Succeeded","frontendIPConfiguration":{"id":"/subscriptions/00000000-0000-0000-0000-000000000000/resourceGroups/javacsmrg7623/providers/Microsoft.Network/loadBalancers/InternalLb1-7519/frontendIPConfigurations/InternalLb1-7519-FE1"},"frontendPort":1000,"backendPort":1000,"enableFloatingIP":false,"idleTimeoutInMinutes":4,"protocol":"Tcp","loadDistribution":"Default","backendAddressPool":{"id":"/subscriptions/00000000-0000-0000-0000-000000000000/resourceGroups/javacsmrg7623/providers/Microsoft.Network/loadBalancers/InternalLb1-7519/backendAddressPools/InternalLb1-7519-BAP1"},"probe":{"id":"/subscriptions/00000000-0000-0000-0000-000000000000/resourceGroups/javacsmrg7623/providers/Microsoft.Network/loadBalancers/InternalLb1-7519/probes/httpProbe"}}},{"name":"httpsRule","id":"/subscriptions/00000000-0000-0000-0000-000000000000/resourceGroups/javacsmrg7623/providers/Microsoft.Network/loadBalancers/InternalLb1-7519/loadBalancingRules/httpsRule","etag":"W/\"9ea05097-920e-4086-86d3-05ee10a4f74a\"","properties":{"provisioningState":"Succeeded","frontendIPConfiguration":{"id":"/subscriptions/00000000-0000-0000-0000-000000000000/resourceGroups/javacsmrg7623/providers/Microsoft.Network/loadBalancers/InternalLb1-7519/frontendIPConfigurations/InternalLb1-7519-FE1"},"frontendPort":1001,"backendPort":1001,"enableFloatingIP":false,"idleTimeoutInMinutes":4,"protocol":"Tcp","loadDistribution":"Default","backendAddressPool":{"id":"/subscriptions/00000000-0000-0000-0000-000000000000/resourceGroups/javacsmrg7623/providers/Microsoft.Network/loadBalancers/InternalLb1-7519/backendAddressPools/InternalLb1-7519-BAP2"},"probe":{"id":"/subscriptions/00000000-0000-0000-0000-000000000000/resourceGroups/javacsmrg7623/providers/Microsoft.Network/loadBalancers/InternalLb1-7519/probes/httpsProbe"}}}],"probes":[{"name":"httpProbe","id":"/subscriptions/00000000-0000-0000-0000-000000000000/resourceGroups/javacsmrg7623/providers/Microsoft.Network/loadBalancers/InternalLb1-7519/probes/httpProbe","etag":"W/\"9ea05097-920e-4086-86d3-05ee10a4f74a\"","properties":{"provisioningState":"Succeeded","protocol":"Http","port":80,"requestPath":"/","intervalInSeconds":15,"numberOfProbes":2,"loadBalancingRules":[{"id":"/subscriptions/00000000-0000-0000-0000-000000000000/resourceGroups/javacsmrg7623/providers/Microsoft.Network/loadBalancers/InternalLb1-7519/loadBalancingRules/httpRule"}]}},{"name":"httpsProbe","id":"/subscriptions/00000000-0000-0000-0000-000000000000/resourceGroups/javacsmrg7623/providers/Microsoft.Network/loadBalancers/InternalLb1-7519/probes/httpsProbe","etag":"W/\"9ea05097-920e-4086-86d3-05ee10a4f74a\"","properties":{"provisioningState":"Succeeded","protocol":"Http","port":80,"requestPath":"/","intervalInSeconds":15,"numberOfProbes":2,"loadBalancingRules":[{"id":"/subscriptions/00000000-0000-0000-0000-000000000000/resourceGroups/javacsmrg7623/providers/Microsoft.Network/loadBalancers/InternalLb1-7519/loadBalancingRules/httpsRule"}]}}],"inboundNatRules":[{"name":"InternalLb1-7519-INP1.0","id":"/subscriptions/00000000-0000-0000-0000-000000000000/resourceGroups/javacsmrg7623/providers/Microsoft.Network/loadBalancers/InternalLb1-7519/inboundNatRules/InternalLb1-7519-INP1.0","etag":"W/\"9ea05097-920e-4086-86d3-05ee10a4f74a\"","properties":{"provisioningState":"Succeeded","frontendIPConfiguration":{"id":"/subscriptions/00000000-0000-0000-0000-000000000000/resourceGroups/javacsmrg7623/providers/Microsoft.Network/loadBalancers/InternalLb1-7519/frontendIPConfigurations/InternalLb1-7519-FE1"},"frontendPort":8000,"backendPort":44,"enableFloatingIP":false,"idleTimeoutInMinutes":4,"protocol":"Tcp","backendIPConfiguration":{"id":"/subscriptions/00000000-0000-0000-0000-000000000000/resourceGroups/javacsmrg7623/providers/Microsoft.Compute/virtualMachineScaleSets/vmss7028/virtualMachines/0/networkInterfaces/primary-nic-cfg/ipConfigurations/primary-nic-ip-cfg"}}},{"name":"InternalLb1-7519-INP2.0","id":"/subscriptions/00000000-0000-0000-0000-000000000000/resourceGroups/javacsmrg7623/providers/Microsoft.Network/loadBalancers/InternalLb1-7519/inboundNatRules/InternalLb1-7519-INP2.0","etag":"W/\"9ea05097-920e-4086-86d3-05ee10a4f74a\"","properties":{"provisioningState":"Succeeded","frontendIPConfiguration":{"id":"/subscriptions/00000000-0000-0000-0000-000000000000/resourceGroups/javacsmrg7623/providers/Microsoft.Network/loadBalancers/InternalLb1-7519/frontendIPConfigurations/InternalLb1-7519-FE1"},"frontendPort":9000,"backendPort":45,"enableFloatingIP":false,"idleTimeoutInMinutes":4,"protocol":"Tcp","backendIPConfiguration":{"id":"/subscriptions/00000000-0000-0000-0000-000000000000/resourceGroups/javacsmrg7623/providers/Microsoft.Compute/virtualMachineScaleSets/vmss7028/virtualMachines/0/networkInterfaces/primary-nic-cfg/ipConfigurations/primary-nic-ip-cfg"}}},{"name":"InternalLb1-7519-INP1.1","id":"/subscriptions/00000000-0000-0000-0000-000000000000/resourceGroups/javacsmrg7623/providers/Microsoft.Network/loadBalancers/InternalLb1-7519/inboundNatRules/InternalLb1-7519-INP1.1","etag":"W/\"9ea05097-920e-4086-86d3-05ee10a4f74a\"","properties":{"provisioningState":"Succeeded","frontendIPConfiguration":{"id":"/subscriptions/00000000-0000-0000-0000-000000000000/resourceGroups/javacsmrg7623/providers/Microsoft.Network/loadBalancers/InternalLb1-7519/frontendIPConfigurations/InternalLb1-7519-FE1"},"frontendPort":8001,"backendPort":44,"enableFloatingIP":false,"idleTimeoutInMinutes":4,"protocol":"Tcp","backendIPConfiguration":{"id":"/subscriptions/00000000-0000-0000-0000-000000000000/resourceGroups/javacsmrg7623/providers/Microsoft.Compute/virtualMachineScaleSets/vmss7028/virtualMachines/1/networkInterfaces/primary-nic-cfg/ipConfigurations/primary-nic-ip-cfg"}}},{"name":"InternalLb1-7519-INP2.1","id":"/subscriptions/00000000-0000-0000-0000-000000000000/resourceGroups/javacsmrg7623/providers/Microsoft.Network/loadBalancers/InternalLb1-7519/inboundNatRules/InternalLb1-7519-INP2.1","etag":"W/\"9ea05097-920e-4086-86d3-05ee10a4f74a\"","properties":{"provisioningState":"Succeeded","frontendIPConfiguration":{"id":"/subscriptions/00000000-0000-0000-0000-000000000000/resourceGroups/javacsmrg7623/providers/Microsoft.Network/loadBalancers/InternalLb1-7519/frontendIPConfigurations/InternalLb1-7519-FE1"},"frontendPort":9001,"backendPort":45,"enableFloatingIP":false,"idleTimeoutInMinutes":4,"protocol":"Tcp","backendIPConfiguration":{"id":"/subscriptions/00000000-0000-0000-0000-000000000000/resourceGroups/javacsmrg7623/providers/Microsoft.Compute/virtualMachineScaleSets/vmss7028/virtualMachines/1/networkInterfaces/primary-nic-cfg/ipConfigurations/primary-nic-ip-cfg"}}}],"outboundNatRules":[],"inboundNatPools":[{"name":"InternalLb1-7519-INP1","id":"/subscriptions/00000000-0000-0000-0000-000000000000/resourceGroups/javacsmrg7623/providers/Microsoft.Network/loadBalancers/InternalLb1-7519/inboundNatPools/InternalLb1-7519-INP1","etag":"W/\"9ea05097-920e-4086-86d3-05ee10a4f74a\"","properties":{"provisioningState":"Succeeded","frontendPortRangeStart":8000,"frontendPortRangeEnd":8099,"backendPort":44,"protocol":"Tcp","frontendIPConfiguration":{"id":"/subscriptions/00000000-0000-0000-0000-000000000000/resourceGroups/javacsmrg7623/providers/Microsoft.Network/loadBalancers/InternalLb1-7519/frontendIPConfigurations/InternalLb1-7519-FE1"}}},{"name":"InternalLb1-7519-INP2","id":"/subscriptions/00000000-0000-0000-0000-000000000000/resourceGroups/javacsmrg7623/providers/Microsoft.Network/loadBalancers/InternalLb1-7519/inboundNatPools/InternalLb1-7519-INP2","etag":"W/\"9ea05097-920e-4086-86d3-05ee10a4f74a\"","properties":{"provisioningState":"Succeeded","frontendPortRangeStart":9000,"frontendPortRangeEnd":9099,"backendPort":45,"protocol":"Tcp","frontendIPConfiguration":{"id":"/subscriptions/00000000-0000-0000-0000-000000000000/resourceGroups/javacsmrg7623/providers/Microsoft.Network/loadBalancers/InternalLb1-7519/frontendIPConfigurations/InternalLb1-7519-FE1"}}}]},"sku":{"name":"Basic"}},{"name":"extlb1-8217","id":"/subscriptions/00000000-0000-0000-0000-000000000000/resourceGroups/javacsmrg7925/providers/Microsoft.Network/loadBalancers/extlb1-8217","etag":"W/\"53ea2884-1f58-4bb2-a498-cdb918796853\"","type":"Microsoft.Network/loadBalancers","location":"eastus","tags":{},"properties":{"provisioningState":"Succeeded","resourceGuid":"e470a412-054e-471e-8869-d77165479f0a","frontendIPConfigurations":[{"name":"extlb1-8217-FE1","id":"/subscriptions/00000000-0000-0000-0000-000000000000/resourceGroups/javacsmrg7925/providers/Microsoft.Network/loadBalancers/extlb1-8217/frontendIPConfigurations/extlb1-8217-FE1","etag":"W/\"53ea2884-1f58-4bb2-a498-cdb918796853\"","properties":{"provisioningState":"Succeeded","privateIPAllocationMethod":"Dynamic","publicIPAddress":{"id":"/subscriptions/00000000-0000-0000-0000-000000000000/resourceGroups/javacsmrg7925/providers/Microsoft.Network/publicIPAddresses/pip-extlb1-8217"},"loadBalancingRules":[{"id":"/subscriptions/00000000-0000-0000-0000-000000000000/resourceGroups/javacsmrg7925/providers/Microsoft.Network/loadBalancers/extlb1-8217/loadBalancingRules/httpRule"}],"inboundNatRules":[{"id":"/subscriptions/00000000-0000-0000-0000-000000000000/resourceGroups/javacsmrg7925/providers/Microsoft.Network/loadBalancers/extlb1-8217/inboundNatRules/extlb1-8217-INP1.1"},{"id":"/subscriptions/00000000-0000-0000-0000-000000000000/resourceGroups/javacsmrg7925/providers/Microsoft.Network/loadBalancers/extlb1-8217/inboundNatRules/extlb1-8217-INP1.3"}],"inboundNatPools":[{"id":"/subscriptions/00000000-0000-0000-0000-000000000000/resourceGroups/javacsmrg7925/providers/Microsoft.Network/loadBalancers/extlb1-8217/inboundNatPools/extlb1-8217-INP1"}]}}],"backendAddressPools":[{"name":"extlb1-8217-BAP1","id":"/subscriptions/00000000-0000-0000-0000-000000000000/resourceGroups/javacsmrg7925/providers/Microsoft.Network/loadBalancers/extlb1-8217/backendAddressPools/extlb1-8217-BAP1","etag":"W/\"53ea2884-1f58-4bb2-a498-cdb918796853\"","properties":{"provisioningState":"Succeeded","backendIPConfigurations":[{"id":"/subscriptions/00000000-0000-0000-0000-000000000000/resourceGroups/javacsmrg7925/providers/Microsoft.Compute/virtualMachineScaleSets/vmss4482/virtualMachines/1/networkInterfaces/primary-nic-cfg/ipConfigurations/primary-nic-ip-cfg"},{"id":"/subscriptions/00000000-0000-0000-0000-000000000000/resourceGroups/javacsmrg7925/providers/Microsoft.Compute/virtualMachineScaleSets/vmss4482/virtualMachines/3/networkInterfaces/primary-nic-cfg/ipConfigurations/primary-nic-ip-cfg"}],"loadBalancingRules":[{"id":"/subscriptions/00000000-0000-0000-0000-000000000000/resourceGroups/javacsmrg7925/providers/Microsoft.Network/loadBalancers/extlb1-8217/loadBalancingRules/httpRule"}]}}],"loadBalancingRules":[{"name":"httpRule","id":"/subscriptions/00000000-0000-0000-0000-000000000000/resourceGroups/javacsmrg7925/providers/Microsoft.Network/loadBalancers/extlb1-8217/loadBalancingRules/httpRule","etag":"W/\"53ea2884-1f58-4bb2-a498-cdb918796853\"","properties":{"provisioningState":"Succeeded","frontendIPConfiguration":{"id":"/subscriptions/00000000-0000-0000-0000-000000000000/resourceGroups/javacsmrg7925/providers/Microsoft.Network/loadBalancers/extlb1-8217/frontendIPConfigurations/extlb1-8217-FE1"},"frontendPort":80,"backendPort":80,"enableFloatingIP":false,"idleTimeoutInMinutes":4,"protocol":"Tcp","loadDistribution":"Default","backendAddressPool":{"id":"/subscriptions/00000000-0000-0000-0000-000000000000/resourceGroups/javacsmrg7925/providers/Microsoft.Network/loadBalancers/extlb1-8217/backendAddressPools/extlb1-8217-BAP1"},"probe":{"id":"/subscriptions/00000000-0000-0000-0000-000000000000/resourceGroups/javacsmrg7925/providers/Microsoft.Network/loadBalancers/extlb1-8217/probes/httpProbe"}}}],"probes":[{"name":"httpProbe","id":"/subscriptions/00000000-0000-0000-0000-000000000000/resourceGroups/javacsmrg7925/providers/Microsoft.Network/loadBalancers/extlb1-8217/probes/httpProbe","etag":"W/\"53ea2884-1f58-4bb2-a498-cdb918796853\"","properties":{"provisioningState":"Succeeded","protocol":"Http","port":80,"requestPath":"/","intervalInSeconds":15,"numberOfProbes":2,"loadBalancingRules":[{"id":"/subscriptions/00000000-0000-0000-0000-000000000000/resourceGroups/javacsmrg7925/providers/Microsoft.Network/loadBalancers/extlb1-8217/loadBalancingRules/httpRule"}]}}],"inboundNatRules":[{"name":"extlb1-8217-INP1.1","id":"/subscriptions/00000000-0000-0000-0000-000000000000/resourceGroups/javacsmrg7925/providers/Microsoft.Network/loadBalancers/extlb1-8217/inboundNatRules/extlb1-8217-INP1.1","etag":"W/\"53ea2884-1f58-4bb2-a498-cdb918796853\"","properties":{"provisioningState":"Succeeded","frontendIPConfiguration":{"id":"/subscriptions/00000000-0000-0000-0000-000000000000/resourceGroups/javacsmrg7925/providers/Microsoft.Network/loadBalancers/extlb1-8217/frontendIPConfigurations/extlb1-8217-FE1"},"frontendPort":5001,"backendPort":22,"enableFloatingIP":false,"idleTimeoutInMinutes":4,"protocol":"Tcp","backendIPConfiguration":{"id":"/subscriptions/00000000-0000-0000-0000-000000000000/resourceGroups/javacsmrg7925/providers/Microsoft.Compute/virtualMachineScaleSets/vmss4482/virtualMachines/1/networkInterfaces/primary-nic-cfg/ipConfigurations/primary-nic-ip-cfg"}}},{"name":"extlb1-8217-INP1.3","id":"/subscriptions/00000000-0000-0000-0000-000000000000/resourceGroups/javacsmrg7925/providers/Microsoft.Network/loadBalancers/extlb1-8217/inboundNatRules/extlb1-8217-INP1.3","etag":"W/\"53ea2884-1f58-4bb2-a498-cdb918796853\"","properties":{"provisioningState":"Succeeded","frontendIPConfiguration":{"id":"/subscriptions/00000000-0000-0000-0000-000000000000/resourceGroups/javacsmrg7925/providers/Microsoft.Network/loadBalancers/extlb1-8217/frontendIPConfigurations/extlb1-8217-FE1"},"frontendPort":5003,"backendPort":22,"enableFloatingIP":false,"idleTimeoutInMinutes":4,"protocol":"Tcp","backendIPConfiguration":{"id":"/subscriptions/00000000-0000-0000-0000-000000000000/resourceGroups/javacsmrg7925/providers/Microsoft.Compute/virtualMachineScaleSets/vmss4482/virtualMachines/3/networkInterfaces/primary-nic-cfg/ipConfigurations/primary-nic-ip-cfg"}}}],"outboundNatRules":[],"inboundNatPools":[{"name":"extlb1-8217-INP1","id":"/subscriptions/00000000-0000-0000-0000-000000000000/resourceGroups/javacsmrg7925/providers/Microsoft.Network/loadBalancers/extlb1-8217/inboundNatPools/extlb1-8217-INP1","etag":"W/\"53ea2884-1f58-4bb2-a498-cdb918796853\"","properties":{"provisioningState":"Succeeded","frontendPortRangeStart":5000,"frontendPortRangeEnd":5099,"backendPort":22,"protocol":"Tcp","frontendIPConfiguration":{"id":"/subscriptions/00000000-0000-0000-0000-000000000000/resourceGroups/javacsmrg7925/providers/Microsoft.Network/loadBalancers/extlb1-8217/frontendIPConfigurations/extlb1-8217-FE1"}}}]},"sku":{"name":"Basic"}},{"name":"extlb1-9662","id":"/subscriptions/00000000-0000-0000-0000-000000000000/resourceGroups/javacsmrg9687/providers/Microsoft.Network/loadBalancers/extlb1-9662","etag":"W/\"272113d5-6b2a-46c4-8210-3653b7ab8c3f\"","type":"Microsoft.Network/loadBalancers","location":"eastus","tags":{},"properties":{"provisioningState":"Succeeded","resourceGuid":"16cdbbf3-ed1e-4906-ad34-d2400d201147","frontendIPConfigurations":[{"name":"extlb1-9662-FE1","id":"/subscriptions/00000000-0000-0000-0000-000000000000/resourceGroups/javacsmrg9687/providers/Microsoft.Network/loadBalancers/extlb1-9662/frontendIPConfigurations/extlb1-9662-FE1","etag":"W/\"272113d5-6b2a-46c4-8210-3653b7ab8c3f\"","properties":{"provisioningState":"Succeeded","privateIPAllocationMethod":"Dynamic","publicIPAddress":{"id":"/subscriptions/00000000-0000-0000-0000-000000000000/resourceGroups/javacsmrg9687/providers/Microsoft.Network/publicIPAddresses/pip-extlb1-9662"},"loadBalancingRules":[{"id":"/subscriptions/00000000-0000-0000-0000-000000000000/resourceGroups/javacsmrg9687/providers/Microsoft.Network/loadBalancers/extlb1-9662/loadBalancingRules/httpRule"},{"id":"/subscriptions/00000000-0000-0000-0000-000000000000/resourceGroups/javacsmrg9687/providers/Microsoft.Network/loadBalancers/extlb1-9662/loadBalancingRules/httpsRule"}],"inboundNatRules":[{"id":"/subscriptions/00000000-0000-0000-0000-000000000000/resourceGroups/javacsmrg9687/providers/Microsoft.Network/loadBalancers/extlb1-9662/inboundNatRules/extlb1-9662-INP1.1"},{"id":"/subscriptions/00000000-0000-0000-0000-000000000000/resourceGroups/javacsmrg9687/providers/Microsoft.Network/loadBalancers/extlb1-9662/inboundNatRules/extlb1-9662-INP1.3"}],"inboundNatPools":[{"id":"/subscriptions/00000000-0000-0000-0000-000000000000/resourceGroups/javacsmrg9687/providers/Microsoft.Network/loadBalancers/extlb1-9662/inboundNatPools/extlb1-9662-INP1"},{"id":"/subscriptions/00000000-0000-0000-0000-000000000000/resourceGroups/javacsmrg9687/providers/Microsoft.Network/loadBalancers/extlb1-9662/inboundNatPools/extlb1-9662-INP2"}]}}],"backendAddressPools":[{"name":"extlb1-9662-BAP1","id":"/subscriptions/00000000-0000-0000-0000-000000000000/resourceGroups/javacsmrg9687/providers/Microsoft.Network/loadBalancers/extlb1-9662/backendAddressPools/extlb1-9662-BAP1","etag":"W/\"272113d5-6b2a-46c4-8210-3653b7ab8c3f\"","properties":{"provisioningState":"Succeeded","backendIPConfigurations":[{"id":"/subscriptions/00000000-0000-0000-0000-000000000000/resourceGroups/javacsmrg9687/providers/Microsoft.Compute/virtualMachineScaleSets/vmss8717/virtualMachines/1/networkInterfaces/primary-nic-cfg/ipConfigurations/primary-nic-ip-cfg"},{"id":"/subscriptions/00000000-0000-0000-0000-000000000000/resourceGroups/javacsmrg9687/providers/Microsoft.Compute/virtualMachineScaleSets/vmss8717/virtualMachines/3/networkInterfaces/primary-nic-cfg/ipConfigurations/primary-nic-ip-cfg"}],"loadBalancingRules":[{"id":"/subscriptions/00000000-0000-0000-0000-000000000000/resourceGroups/javacsmrg9687/providers/Microsoft.Network/loadBalancers/extlb1-9662/loadBalancingRules/httpRule"}]}},{"name":"extlb1-9662-BAP2","id":"/subscriptions/00000000-0000-0000-0000-000000000000/resourceGroups/javacsmrg9687/providers/Microsoft.Network/loadBalancers/extlb1-9662/backendAddressPools/extlb1-9662-BAP2","etag":"W/\"272113d5-6b2a-46c4-8210-3653b7ab8c3f\"","properties":{"provisioningState":"Succeeded","backendIPConfigurations":[{"id":"/subscriptions/00000000-0000-0000-0000-000000000000/resourceGroups/javacsmrg9687/providers/Microsoft.Compute/virtualMachineScaleSets/vmss8717/virtualMachines/1/networkInterfaces/primary-nic-cfg/ipConfigurations/primary-nic-ip-cfg"},{"id":"/subscriptions/00000000-0000-0000-0000-000000000000/resourceGroups/javacsmrg9687/providers/Microsoft.Compute/virtualMachineScaleSets/vmss8717/virtualMachines/3/networkInterfaces/primary-nic-cfg/ipConfigurations/primary-nic-ip-cfg"}],"loadBalancingRules":[{"id":"/subscriptions/00000000-0000-0000-0000-000000000000/resourceGroups/javacsmrg9687/providers/Microsoft.Network/loadBalancers/extlb1-9662/loadBalancingRules/httpsRule"}]}}],"loadBalancingRules":[{"name":"httpRule","id":"/subscriptions/00000000-0000-0000-0000-000000000000/resourceGroups/javacsmrg9687/providers/Microsoft.Network/loadBalancers/extlb1-9662/loadBalancingRules/httpRule","etag":"W/\"272113d5-6b2a-46c4-8210-3653b7ab8c3f\"","properties":{"provisioningState":"Succeeded","frontendIPConfiguration":{"id":"/subscriptions/00000000-0000-0000-0000-000000000000/resourceGroups/javacsmrg9687/providers/Microsoft.Network/loadBalancers/extlb1-9662/frontendIPConfigurations/extlb1-9662-FE1"},"frontendPort":80,"backendPort":80,"enableFloatingIP":false,"idleTimeoutInMinutes":4,"protocol":"Tcp","loadDistribution":"Default","backendAddressPool":{"id":"/subscriptions/00000000-0000-0000-0000-000000000000/resourceGroups/javacsmrg9687/providers/Microsoft.Network/loadBalancers/extlb1-9662/backendAddressPools/extlb1-9662-BAP1"},"probe":{"id":"/subscriptions/00000000-0000-0000-0000-000000000000/resourceGroups/javacsmrg9687/providers/Microsoft.Network/loadBalancers/extlb1-9662/probes/httpProbe"}}},{"name":"httpsRule","id":"/subscriptions/00000000-0000-0000-0000-000000000000/resourceGroups/javacsmrg9687/providers/Microsoft.Network/loadBalancers/extlb1-9662/loadBalancingRules/httpsRule","etag":"W/\"272113d5-6b2a-46c4-8210-3653b7ab8c3f\"","properties":{"provisioningState":"Succeeded","frontendIPConfiguration":{"id":"/subscriptions/00000000-0000-0000-0000-000000000000/resourceGroups/javacsmrg9687/providers/Microsoft.Network/loadBalancers/extlb1-9662/frontendIPConfigurations/extlb1-9662-FE1"},"frontendPort":443,"backendPort":443,"enableFloatingIP":false,"idleTimeoutInMinutes":4,"protocol":"Tcp","loadDistribution":"Default","backendAddressPool":{"id":"/subscriptions/00000000-0000-0000-0000-000000000000/resourceGroups/javacsmrg9687/providers/Microsoft.Network/loadBalancers/extlb1-9662/backendAddressPools/extlb1-9662-BAP2"},"probe":{"id":"/subscriptions/00000000-0000-0000-0000-000000000000/resourceGroups/javacsmrg9687/providers/Microsoft.Network/loadBalancers/extlb1-9662/probes/httpsProbe"}}}],"probes":[{"name":"httpProbe","id":"/subscriptions/00000000-0000-0000-0000-000000000000/resourceGroups/javacsmrg9687/providers/Microsoft.Network/loadBalancers/extlb1-9662/probes/httpProbe","etag":"W/\"272113d5-6b2a-46c4-8210-3653b7ab8c3f\"","properties":{"provisioningState":"Succeeded","protocol":"Http","port":80,"requestPath":"/","intervalInSeconds":15,"numberOfProbes":2,"loadBalancingRules":[{"id":"/subscriptions/00000000-0000-0000-0000-000000000000/resourceGroups/javacsmrg9687/providers/Microsoft.Network/loadBalancers/extlb1-9662/loadBalancingRules/httpRule"}]}},{"name":"httpsProbe","id":"/subscriptions/00000000-0000-0000-0000-000000000000/resourceGroups/javacsmrg9687/providers/Microsoft.Network/loadBalancers/extlb1-9662/probes/httpsProbe","etag":"W/\"272113d5-6b2a-46c4-8210-3653b7ab8c3f\"","properties":{"provisioningState":"Succeeded","protocol":"Http","port":80,"requestPath":"/","intervalInSeconds":15,"numberOfProbes":2,"loadBalancingRules":[{"id":"/subscriptions/00000000-0000-0000-0000-000000000000/resourceGroups/javacsmrg9687/providers/Microsoft.Network/loadBalancers/extlb1-9662/loadBalancingRules/httpsRule"}]}}],"inboundNatRules":[{"name":"extlb1-9662-INP1.1","id":"/subscriptions/00000000-0000-0000-0000-000000000000/resourceGroups/javacsmrg9687/providers/Microsoft.Network/loadBalancers/extlb1-9662/inboundNatRules/extlb1-9662-INP1.1","etag":"W/\"272113d5-6b2a-46c4-8210-3653b7ab8c3f\"","properties":{"provisioningState":"Succeeded","frontendIPConfiguration":{"id":"/subscriptions/00000000-0000-0000-0000-000000000000/resourceGroups/javacsmrg9687/providers/Microsoft.Network/loadBalancers/extlb1-9662/frontendIPConfigurations/extlb1-9662-FE1"},"frontendPort":5001,"backendPort":22,"enableFloatingIP":false,"idleTimeoutInMinutes":4,"protocol":"Tcp","backendIPConfiguration":{"id":"/subscriptions/00000000-0000-0000-0000-000000000000/resourceGroups/javacsmrg9687/providers/Microsoft.Compute/virtualMachineScaleSets/vmss8717/virtualMachines/1/networkInterfaces/primary-nic-cfg/ipConfigurations/primary-nic-ip-cfg"}}},{"name":"extlb1-9662-INP1.3","id":"/subscriptions/00000000-0000-0000-0000-000000000000/resourceGroups/javacsmrg9687/providers/Microsoft.Network/loadBalancers/extlb1-9662/inboundNatRules/extlb1-9662-INP1.3","etag":"W/\"272113d5-6b2a-46c4-8210-3653b7ab8c3f\"","properties":{"provisioningState":"Succeeded","frontendIPConfiguration":{"id":"/subscriptions/00000000-0000-0000-0000-000000000000/resourceGroups/javacsmrg9687/providers/Microsoft.Network/loadBalancers/extlb1-9662/frontendIPConfigurations/extlb1-9662-FE1"},"frontendPort":5003,"backendPort":22,"enableFloatingIP":false,"idleTimeoutInMinutes":4,"protocol":"Tcp","backendIPConfiguration":{"id":"/subscriptions/00000000-0000-0000-0000-000000000000/resourceGroups/javacsmrg9687/providers/Microsoft.Compute/virtualMachineScaleSets/vmss8717/virtualMachines/3/networkInterfaces/primary-nic-cfg/ipConfigurations/primary-nic-ip-cfg"}}}],"outboundNatRules":[],"inboundNatPools":[{"name":"extlb1-9662-INP1","id":"/subscriptions/00000000-0000-0000-0000-000000000000/resourceGroups/javacsmrg9687/providers/Microsoft.Network/loadBalancers/extlb1-9662/inboundNatPools/extlb1-9662-INP1","etag":"W/\"272113d5-6b2a-46c4-8210-3653b7ab8c3f\"","properties":{"provisioningState":"Succeeded","frontendPortRangeStart":5000,"frontendPortRangeEnd":5099,"backendPort":22,"protocol":"Tcp","frontendIPConfiguration":{"id":"/subscriptions/00000000-0000-0000-0000-000000000000/resourceGroups/javacsmrg9687/providers/Microsoft.Network/loadBalancers/extlb1-9662/frontendIPConfigurations/extlb1-9662-FE1"}}},{"name":"extlb1-9662-INP2","id":"/subscriptions/00000000-0000-0000-0000-000000000000/resourceGroups/javacsmrg9687/providers/Microsoft.Network/loadBalancers/extlb1-9662/inboundNatPools/extlb1-9662-INP2","etag":"W/\"272113d5-6b2a-46c4-8210-3653b7ab8c3f\"","properties":{"provisioningState":"Succeeded","frontendPortRangeStart":6000,"frontendPortRangeEnd":6099,"backendPort":23,"protocol":"Tcp","frontendIPConfiguration":{"id":"/subscriptions/00000000-0000-0000-0000-000000000000/resourceGroups/javacsmrg9687/providers/Microsoft.Network/loadBalancers/extlb1-9662/frontendIPConfigurations/extlb1-9662-FE1"}}}]},"sku":{"name":"Basic"}},{"name":"InternalLb1-6109","id":"/subscriptions/00000000-0000-0000-0000-000000000000/resourceGroups/javacsmrg9687/providers/Microsoft.Network/loadBalancers/InternalLb1-6109","etag":"W/\"dc918499-838e-4eaf-a14e-f6be05b17128\"","type":"Microsoft.Network/loadBalancers","location":"eastus","tags":{},"properties":{"provisioningState":"Succeeded","resourceGuid":"03c85900-11b0-40d7-9f8c-c1d88f790404","frontendIPConfigurations":[{"name":"InternalLb1-6109-FE1","id":"/subscriptions/00000000-0000-0000-0000-000000000000/resourceGroups/javacsmrg9687/providers/Microsoft.Network/loadBalancers/InternalLb1-6109/frontendIPConfigurations/InternalLb1-6109-FE1","etag":"W/\"dc918499-838e-4eaf-a14e-f6be05b17128\"","properties":{"provisioningState":"Succeeded","privateIPAddress":"10.0.0.8","privateIPAllocationMethod":"Dynamic","subnet":{"id":"/subscriptions/00000000-0000-0000-0000-000000000000/resourceGroups/javacsmrg9687/providers/Microsoft.Network/virtualNetworks/vmssvnet/subnets/subnet1"},"loadBalancingRules":[{"id":"/subscriptions/00000000-0000-0000-0000-000000000000/resourceGroups/javacsmrg9687/providers/Microsoft.Network/loadBalancers/InternalLb1-6109/loadBalancingRules/httpRule"},{"id":"/subscriptions/00000000-0000-0000-0000-000000000000/resourceGroups/javacsmrg9687/providers/Microsoft.Network/loadBalancers/InternalLb1-6109/loadBalancingRules/httpsRule"}],"inboundNatRules":[{"id":"/subscriptions/00000000-0000-0000-0000-000000000000/resourceGroups/javacsmrg9687/providers/Microsoft.Network/loadBalancers/InternalLb1-6109/inboundNatRules/InternalLb1-6109-INP1.1"},{"id":"/subscriptions/00000000-0000-0000-0000-000000000000/resourceGroups/javacsmrg9687/providers/Microsoft.Network/loadBalancers/InternalLb1-6109/inboundNatRules/InternalLb1-6109-INP2.1"},{"id":"/subscriptions/00000000-0000-0000-0000-000000000000/resourceGroups/javacsmrg9687/providers/Microsoft.Network/loadBalancers/InternalLb1-6109/inboundNatRules/InternalLb1-6109-INP1.3"},{"id":"/subscriptions/00000000-0000-0000-0000-000000000000/resourceGroups/javacsmrg9687/providers/Microsoft.Network/loadBalancers/InternalLb1-6109/inboundNatRules/InternalLb1-6109-INP2.3"}],"inboundNatPools":[{"id":"/subscriptions/00000000-0000-0000-0000-000000000000/resourceGroups/javacsmrg9687/providers/Microsoft.Network/loadBalancers/InternalLb1-6109/inboundNatPools/InternalLb1-6109-INP1"},{"id":"/subscriptions/00000000-0000-0000-0000-000000000000/resourceGroups/javacsmrg9687/providers/Microsoft.Network/loadBalancers/InternalLb1-6109/inboundNatPools/InternalLb1-6109-INP2"}]}}],"backendAddressPools":[{"name":"InternalLb1-6109-BAP1","id":"/subscriptions/00000000-0000-0000-0000-000000000000/resourceGroups/javacsmrg9687/providers/Microsoft.Network/loadBalancers/InternalLb1-6109/backendAddressPools/InternalLb1-6109-BAP1","etag":"W/\"dc918499-838e-4eaf-a14e-f6be05b17128\"","properties":{"provisioningState":"Succeeded","backendIPConfigurations":[{"id":"/subscriptions/00000000-0000-0000-0000-000000000000/resourceGroups/javacsmrg9687/providers/Microsoft.Compute/virtualMachineScaleSets/vmss8717/virtualMachines/1/networkInterfaces/primary-nic-cfg/ipConfigurations/primary-nic-ip-cfg"},{"id":"/subscriptions/00000000-0000-0000-0000-000000000000/resourceGroups/javacsmrg9687/providers/Microsoft.Compute/virtualMachineScaleSets/vmss8717/virtualMachines/3/networkInterfaces/primary-nic-cfg/ipConfigurations/primary-nic-ip-cfg"}],"loadBalancingRules":[{"id":"/subscriptions/00000000-0000-0000-0000-000000000000/resourceGroups/javacsmrg9687/providers/Microsoft.Network/loadBalancers/InternalLb1-6109/loadBalancingRules/httpRule"}]}},{"name":"InternalLb1-6109-BAP2","id":"/subscriptions/00000000-0000-0000-0000-000000000000/resourceGroups/javacsmrg9687/providers/Microsoft.Network/loadBalancers/InternalLb1-6109/backendAddressPools/InternalLb1-6109-BAP2","etag":"W/\"dc918499-838e-4eaf-a14e-f6be05b17128\"","properties":{"provisioningState":"Succeeded","backendIPConfigurations":[{"id":"/subscriptions/00000000-0000-0000-0000-000000000000/resourceGroups/javacsmrg9687/providers/Microsoft.Compute/virtualMachineScaleSets/vmss8717/virtualMachines/1/networkInterfaces/primary-nic-cfg/ipConfigurations/primary-nic-ip-cfg"},{"id":"/subscriptions/00000000-0000-0000-0000-000000000000/resourceGroups/javacsmrg9687/providers/Microsoft.Compute/virtualMachineScaleSets/vmss8717/virtualMachines/3/networkInterfaces/primary-nic-cfg/ipConfigurations/primary-nic-ip-cfg"}],"loadBalancingRules":[{"id":"/subscriptions/00000000-0000-0000-0000-000000000000/resourceGroups/javacsmrg9687/providers/Microsoft.Network/loadBalancers/InternalLb1-6109/loadBalancingRules/httpsRule"}]}}],"loadBalancingRules":[{"name":"httpRule","id":"/subscriptions/00000000-0000-0000-0000-000000000000/resourceGroups/javacsmrg9687/providers/Microsoft.Network/loadBalancers/InternalLb1-6109/loadBalancingRules/httpRule","etag":"W/\"dc918499-838e-4eaf-a14e-f6be05b17128\"","properties":{"provisioningState":"Succeeded","frontendIPConfiguration":{"id":"/subscriptions/00000000-0000-0000-0000-000000000000/resourceGroups/javacsmrg9687/providers/Microsoft.Network/loadBalancers/InternalLb1-6109/frontendIPConfigurations/InternalLb1-6109-FE1"},"frontendPort":1000,"backendPort":1000,"enableFloatingIP":false,"idleTimeoutInMinutes":4,"protocol":"Tcp","loadDistribution":"Default","backendAddressPool":{"id":"/subscriptions/00000000-0000-0000-0000-000000000000/resourceGroups/javacsmrg9687/providers/Microsoft.Network/loadBalancers/InternalLb1-6109/backendAddressPools/InternalLb1-6109-BAP1"},"probe":{"id":"/subscriptions/00000000-0000-0000-0000-000000000000/resourceGroups/javacsmrg9687/providers/Microsoft.Network/loadBalancers/InternalLb1-6109/probes/httpProbe"}}},{"name":"httpsRule","id":"/subscriptions/00000000-0000-0000-0000-000000000000/resourceGroups/javacsmrg9687/providers/Microsoft.Network/loadBalancers/InternalLb1-6109/loadBalancingRules/httpsRule","etag":"W/\"dc918499-838e-4eaf-a14e-f6be05b17128\"","properties":{"provisioningState":"Succeeded","frontendIPConfiguration":{"id":"/subscriptions/00000000-0000-0000-0000-000000000000/resourceGroups/javacsmrg9687/providers/Microsoft.Network/loadBalancers/InternalLb1-6109/frontendIPConfigurations/InternalLb1-6109-FE1"},"frontendPort":1001,"backendPort":1001,"enableFloatingIP":false,"idleTimeoutInMinutes":4,"protocol":"Tcp","loadDistribution":"Default","backendAddressPool":{"id":"/subscriptions/00000000-0000-0000-0000-000000000000/resourceGroups/javacsmrg9687/providers/Microsoft.Network/loadBalancers/InternalLb1-6109/backendAddressPools/InternalLb1-6109-BAP2"},"probe":{"id":"/subscriptions/00000000-0000-0000-0000-000000000000/resourceGroups/javacsmrg9687/providers/Microsoft.Network/loadBalancers/InternalLb1-6109/probes/httpsProbe"}}}],"probes":[{"name":"httpProbe","id":"/subscriptions/00000000-0000-0000-0000-000000000000/resourceGroups/javacsmrg9687/providers/Microsoft.Network/loadBalancers/InternalLb1-6109/probes/httpProbe","etag":"W/\"dc918499-838e-4eaf-a14e-f6be05b17128\"","properties":{"provisioningState":"Succeeded","protocol":"Http","port":80,"requestPath":"/","intervalInSeconds":15,"numberOfProbes":2,"loadBalancingRules":[{"id":"/subscriptions/00000000-0000-0000-0000-000000000000/resourceGroups/javacsmrg9687/providers/Microsoft.Network/loadBalancers/InternalLb1-6109/loadBalancingRules/httpRule"}]}},{"name":"httpsProbe","id":"/subscriptions/00000000-0000-0000-0000-000000000000/resourceGroups/javacsmrg9687/providers/Microsoft.Network/loadBalancers/InternalLb1-6109/probes/httpsProbe","etag":"W/\"dc918499-838e-4eaf-a14e-f6be05b17128\"","properties":{"provisioningState":"Succeeded","protocol":"Http","port":80,"requestPath":"/","intervalInSeconds":15,"numberOfProbes":2,"loadBalancingRules":[{"id":"/subscriptions/00000000-0000-0000-0000-000000000000/resourceGroups/javacsmrg9687/providers/Microsoft.Network/loadBalancers/InternalLb1-6109/loadBalancingRules/httpsRule"}]}}],"inboundNatRules":[{"name":"InternalLb1-6109-INP1.1","id":"/subscriptions/00000000-0000-0000-0000-000000000000/resourceGroups/javacsmrg9687/providers/Microsoft.Network/loadBalancers/InternalLb1-6109/inboundNatRules/InternalLb1-6109-INP1.1","etag":"W/\"dc918499-838e-4eaf-a14e-f6be05b17128\"","properties":{"provisioningState":"Succeeded","frontendIPConfiguration":{"id":"/subscriptions/00000000-0000-0000-0000-000000000000/resourceGroups/javacsmrg9687/providers/Microsoft.Network/loadBalancers/InternalLb1-6109/frontendIPConfigurations/InternalLb1-6109-FE1"},"frontendPort":8000,"backendPort":44,"enableFloatingIP":false,"idleTimeoutInMinutes":4,"protocol":"Tcp","backendIPConfiguration":{"id":"/subscriptions/00000000-0000-0000-0000-000000000000/resourceGroups/javacsmrg9687/providers/Microsoft.Compute/virtualMachineScaleSets/vmss8717/virtualMachines/1/networkInterfaces/primary-nic-cfg/ipConfigurations/primary-nic-ip-cfg"}}},{"name":"InternalLb1-6109-INP2.1","id":"/subscriptions/00000000-0000-0000-0000-000000000000/resourceGroups/javacsmrg9687/providers/Microsoft.Network/loadBalancers/InternalLb1-6109/inboundNatRules/InternalLb1-6109-INP2.1","etag":"W/\"dc918499-838e-4eaf-a14e-f6be05b17128\"","properties":{"provisioningState":"Succeeded","frontendIPConfiguration":{"id":"/subscriptions/00000000-0000-0000-0000-000000000000/resourceGroups/javacsmrg9687/providers/Microsoft.Network/loadBalancers/InternalLb1-6109/frontendIPConfigurations/InternalLb1-6109-FE1"},"frontendPort":9000,"backendPort":45,"enableFloatingIP":false,"idleTimeoutInMinutes":4,"protocol":"Tcp","backendIPConfiguration":{"id":"/subscriptions/00000000-0000-0000-0000-000000000000/resourceGroups/javacsmrg9687/providers/Microsoft.Compute/virtualMachineScaleSets/vmss8717/virtualMachines/1/networkInterfaces/primary-nic-cfg/ipConfigurations/primary-nic-ip-cfg"}}},{"name":"InternalLb1-6109-INP1.3","id":"/subscriptions/00000000-0000-0000-0000-000000000000/resourceGroups/javacsmrg9687/providers/Microsoft.Network/loadBalancers/InternalLb1-6109/inboundNatRules/InternalLb1-6109-INP1.3","etag":"W/\"dc918499-838e-4eaf-a14e-f6be05b17128\"","properties":{"provisioningState":"Succeeded","frontendIPConfiguration":{"id":"/subscriptions/00000000-0000-0000-0000-000000000000/resourceGroups/javacsmrg9687/providers/Microsoft.Network/loadBalancers/InternalLb1-6109/frontendIPConfigurations/InternalLb1-6109-FE1"},"frontendPort":8001,"backendPort":44,"enableFloatingIP":false,"idleTimeoutInMinutes":4,"protocol":"Tcp","backendIPConfiguration":{"id":"/subscriptions/00000000-0000-0000-0000-000000000000/resourceGroups/javacsmrg9687/providers/Microsoft.Compute/virtualMachineScaleSets/vmss8717/virtualMachines/3/networkInterfaces/primary-nic-cfg/ipConfigurations/primary-nic-ip-cfg"}}},{"name":"InternalLb1-6109-INP2.3","id":"/subscriptions/00000000-0000-0000-0000-000000000000/resourceGroups/javacsmrg9687/providers/Microsoft.Network/loadBalancers/InternalLb1-6109/inboundNatRules/InternalLb1-6109-INP2.3","etag":"W/\"dc918499-838e-4eaf-a14e-f6be05b17128\"","properties":{"provisioningState":"Succeeded","frontendIPConfiguration":{"id":"/subscriptions/00000000-0000-0000-0000-000000000000/resourceGroups/javacsmrg9687/providers/Microsoft.Network/loadBalancers/InternalLb1-6109/frontendIPConfigurations/InternalLb1-6109-FE1"},"frontendPort":9001,"backendPort":45,"enableFloatingIP":false,"idleTimeoutInMinutes":4,"protocol":"Tcp","backendIPConfiguration":{"id":"/subscriptions/00000000-0000-0000-0000-000000000000/resourceGroups/javacsmrg9687/providers/Microsoft.Compute/virtualMachineScaleSets/vmss8717/virtualMachines/3/networkInterfaces/primary-nic-cfg/ipConfigurations/primary-nic-ip-cfg"}}}],"outboundNatRules":[],"inboundNatPools":[{"name":"InternalLb1-6109-INP1","id":"/subscriptions/00000000-0000-0000-0000-000000000000/resourceGroups/javacsmrg9687/providers/Microsoft.Network/loadBalancers/InternalLb1-6109/inboundNatPools/InternalLb1-6109-INP1","etag":"W/\"dc918499-838e-4eaf-a14e-f6be05b17128\"","properties":{"provisioningState":"Succeeded","frontendPortRangeStart":8000,"frontendPortRangeEnd":8099,"backendPort":44,"protocol":"Tcp","frontendIPConfiguration":{"id":"/subscriptions/00000000-0000-0000-0000-000000000000/resourceGroups/javacsmrg9687/providers/Microsoft.Network/loadBalancers/InternalLb1-6109/frontendIPConfigurations/InternalLb1-6109-FE1"}}},{"name":"InternalLb1-6109-INP2","id":"/subscriptions/00000000-0000-0000-0000-000000000000/resourceGroups/javacsmrg9687/providers/Microsoft.Network/loadBalancers/InternalLb1-6109/inboundNatPools/InternalLb1-6109-INP2","etag":"W/\"dc918499-838e-4eaf-a14e-f6be05b17128\"","properties":{"provisioningState":"Succeeded","frontendPortRangeStart":9000,"frontendPortRangeEnd":9099,"backendPort":45,"protocol":"Tcp","frontendIPConfiguration":{"id":"/subscriptions/00000000-0000-0000-0000-000000000000/resourceGroups/javacsmrg9687/providers/Microsoft.Network/loadBalancers/InternalLb1-6109/frontendIPConfigurations/InternalLb1-6109-FE1"}}}]},"sku":{"name":"Basic"}},{"name":"yugangw-canary-ssLB","id":"/subscriptions/00000000-0000-0000-0000-000000000000/resourceGroups/yugangw-canary/providers/Microsoft.Network/loadBalancers/yugangw-canary-ssLB","etag":"W/\"63ea3b4e-a0aa-4468-bc84-8c4935ee78e7\"","type":"Microsoft.Network/loadBalancers","location":"eastus2euap","tags":{},"properties":{"provisioningState":"Succeeded","resourceGuid":"2bba2d96-67b3-4599-988e-476d9a380c74","frontendIPConfigurations":[{"name":"loadBalancerFrontEnd","id":"/subscriptions/00000000-0000-0000-0000-000000000000/resourceGroups/yugangw-canary/providers/Microsoft.Network/loadBalancers/yugangw-canary-ssLB/frontendIPConfigurations/loadBalancerFrontEnd","etag":"W/\"63ea3b4e-a0aa-4468-bc84-8c4935ee78e7\"","properties":{"provisioningState":"Succeeded","privateIPAllocationMethod":"Dynamic","publicIPAddress":{"id":"/subscriptions/00000000-0000-0000-0000-000000000000/resourceGroups/yugangw-canary/providers/Microsoft.Network/publicIPAddresses/yugangw-canary-ssLBPublicIP"},"inboundNatRules":[{"id":"/subscriptions/00000000-0000-0000-0000-000000000000/resourceGroups/yugangw-canary/providers/Microsoft.Network/loadBalancers/yugangw-canary-ssLB/inboundNatRules/yugangw-canary-ssLBNatPool.1"}],"inboundNatPools":[{"id":"/subscriptions/00000000-0000-0000-0000-000000000000/resourceGroups/yugangw-canary/providers/Microsoft.Network/loadBalancers/yugangw-canary-ssLB/inboundNatPools/yugangw-canary-ssLBNatPool"}]}}],"backendAddressPools":[{"name":"yugangw-canary-ssLBBEPool","id":"/subscriptions/00000000-0000-0000-0000-000000000000/resourceGroups/yugangw-canary/providers/Microsoft.Network/loadBalancers/yugangw-canary-ssLB/backendAddressPools/yugangw-canary-ssLBBEPool","etag":"W/\"63ea3b4e-a0aa-4468-bc84-8c4935ee78e7\"","properties":{"provisioningState":"Succeeded","backendIPConfigurations":[{"id":"/subscriptions/00000000-0000-0000-0000-000000000000/resourceGroups/yugangw-canary/providers/Microsoft.Compute/virtualMachineScaleSets/yugangw-canary-ss/virtualMachines/1/networkInterfaces/yugan6806Nic/ipConfigurations/yugan6806IPConfig"}]}}],"loadBalancingRules":[],"probes":[],"inboundNatRules":[{"name":"yugangw-canary-ssLBNatPool.1","id":"/subscriptions/00000000-0000-0000-0000-000000000000/resourceGroups/yugangw-canary/providers/Microsoft.Network/loadBalancers/yugangw-canary-ssLB/inboundNatRules/yugangw-canary-ssLBNatPool.1","etag":"W/\"63ea3b4e-a0aa-4468-bc84-8c4935ee78e7\"","properties":{"provisioningState":"Succeeded","frontendIPConfiguration":{"id":"/subscriptions/00000000-0000-0000-0000-000000000000/resourceGroups/yugangw-canary/providers/Microsoft.Network/loadBalancers/yugangw-canary-ssLB/frontendIPConfigurations/loadBalancerFrontEnd"},"frontendPort":50001,"backendPort":3389,"enableFloatingIP":false,"idleTimeoutInMinutes":4,"protocol":"Tcp","backendIPConfiguration":{"id":"/subscriptions/00000000-0000-0000-0000-000000000000/resourceGroups/yugangw-canary/providers/Microsoft.Compute/virtualMachineScaleSets/yugangw-canary-ss/virtualMachines/1/networkInterfaces/yugan6806Nic/ipConfigurations/yugan6806IPConfig"}}}],"outboundNatRules":[],"inboundNatPools":[{"name":"yugangw-canary-ssLBNatPool","id":"/subscriptions/00000000-0000-0000-0000-000000000000/resourceGroups/yugangw-canary/providers/Microsoft.Network/loadBalancers/yugangw-canary-ssLB/inboundNatPools/yugangw-canary-ssLBNatPool","etag":"W/\"63ea3b4e-a0aa-4468-bc84-8c4935ee78e7\"","properties":{"provisioningState":"Succeeded","frontendPortRangeStart":50000,"frontendPortRangeEnd":50119,"backendPort":3389,"protocol":"Tcp","frontendIPConfiguration":{"id":"/subscriptions/00000000-0000-0000-0000-000000000000/resourceGroups/yugangw-canary/providers/Microsoft.Network/loadBalancers/yugangw-canary-ssLB/frontendIPConfigurations/loadBalancerFrontEnd"}}}]},"sku":{"name":"Basic"}}]}'}
    headers:
      Cache-Control: [no-cache]
      Content-Type: [application/json; charset=utf-8]
      Date: ['Tue, 19 Sep 2017 15:36:42 GMT']
      Expires: ['-1']
      Pragma: [no-cache]
      Strict-Transport-Security: [max-age=31536000; includeSubDomains]
      Vary: [Accept-Encoding]
      content-length: ['91131']
      x-ms-original-request-ids: [19022156-09bf-4e3a-965a-c7bba959db99, a92efa05-4f04-4e5d-9317-0306a6042dbc,
        fb86b071-f072-4dc7-a428-c46d9f12cecd]
    status: {code: 200, message: OK}
- request:
    body: null
    headers:
      Accept: [application/json]
      Accept-Encoding: ['gzip, deflate']
      Connection: [keep-alive]
      Content-Type: [application/json; charset=utf-8]
      User-Agent: [python/3.5.3 (Windows-10-10.0.15063-SP0) requests/2.9.1 msrest/0.4.14
          msrest_azure/0.4.14 networkmanagementclient/1.5.0rc1 Azure-SDK-For-Python
          AZURECLI/TEST/2.0.16+dev]
      accept-language: [en-US]
      x-ms-client-request-id: [567f658a-9d50-11e7-bacb-a0b3ccf7272a]
    method: GET
    uri: https://management.azure.com/subscriptions/00000000-0000-0000-0000-000000000000/resourceGroups/cli_test_load_balancer/providers/Microsoft.Network/loadBalancers?api-version=2017-09-01
  response:
    body: {string: "{\r\n  \"value\": [\r\n    {\r\n      \"name\": \"lb1\",\r\n \
        \     \"id\": \"/subscriptions/00000000-0000-0000-0000-000000000000/resourceGroups/cli_test_load_balancer/providers/Microsoft.Network/loadBalancers/lb1\"\
        ,\r\n      \"etag\": \"W/\\\"fc727a33-84f8-49bc-9d38-214b5e78486c\\\"\",\r\
        \n      \"type\": \"Microsoft.Network/loadBalancers\",\r\n      \"location\"\
        : \"westus\",\r\n      \"tags\": {},\r\n      \"properties\": {\r\n      \
        \  \"provisioningState\": \"Succeeded\",\r\n        \"resourceGuid\": \"f42215d3-7fab-474b-99fd-68e212a6b1a1\"\
        ,\r\n        \"frontendIPConfigurations\": [\r\n          {\r\n          \
        \  \"name\": \"LoadBalancerFrontEnd\",\r\n            \"id\": \"/subscriptions/00000000-0000-0000-0000-000000000000/resourceGroups/cli_test_load_balancer/providers/Microsoft.Network/loadBalancers/lb1/frontendIPConfigurations/LoadBalancerFrontEnd\"\
        ,\r\n            \"etag\": \"W/\\\"fc727a33-84f8-49bc-9d38-214b5e78486c\\\"\
        \",\r\n            \"properties\": {\r\n              \"provisioningState\"\
        : \"Succeeded\",\r\n              \"privateIPAllocationMethod\": \"Dynamic\"\
        ,\r\n              \"publicIPAddress\": {\r\n                \"id\": \"/subscriptions/00000000-0000-0000-0000-000000000000/resourceGroups/cli_test_load_balancer/providers/Microsoft.Network/publicIPAddresses/PublicIPlb1\"\
        \r\n              }\r\n            }\r\n          }\r\n        ],\r\n    \
        \    \"backendAddressPools\": [\r\n          {\r\n            \"name\": \"\
        lb1bepool\",\r\n            \"id\": \"/subscriptions/00000000-0000-0000-0000-000000000000/resourceGroups/cli_test_load_balancer/providers/Microsoft.Network/loadBalancers/lb1/backendAddressPools/lb1bepool\"\
        ,\r\n            \"etag\": \"W/\\\"fc727a33-84f8-49bc-9d38-214b5e78486c\\\"\
        \",\r\n            \"properties\": {\r\n              \"provisioningState\"\
        : \"Succeeded\"\r\n            }\r\n          }\r\n        ],\r\n        \"\
        loadBalancingRules\": [],\r\n        \"probes\": [],\r\n        \"inboundNatRules\"\
        : [],\r\n        \"outboundNatRules\": [],\r\n        \"inboundNatPools\"\
        : []\r\n      },\r\n      \"sku\": {\r\n        \"name\": \"Basic\"\r\n  \
        \    }\r\n    },\r\n    {\r\n      \"name\": \"lb2\",\r\n      \"id\": \"\
        /subscriptions/00000000-0000-0000-0000-000000000000/resourceGroups/cli_test_load_balancer/providers/Microsoft.Network/loadBalancers/lb2\"\
        ,\r\n      \"etag\": \"W/\\\"438ccf28-0122-4ff4-824f-2fe27c9762ff\\\"\",\r\
        \n      \"type\": \"Microsoft.Network/loadBalancers\",\r\n      \"location\"\
        : \"westus\",\r\n      \"tags\": {},\r\n      \"properties\": {\r\n      \
        \  \"provisioningState\": \"Succeeded\",\r\n        \"resourceGuid\": \"1556c9f9-feaf-48b8-b8e3-488bfc3f2354\"\
        ,\r\n        \"frontendIPConfigurations\": [\r\n          {\r\n          \
        \  \"name\": \"LoadBalancerFrontEnd\",\r\n            \"id\": \"/subscriptions/00000000-0000-0000-0000-000000000000/resourceGroups/cli_test_load_balancer/providers/Microsoft.Network/loadBalancers/lb2/frontendIPConfigurations/LoadBalancerFrontEnd\"\
        ,\r\n            \"etag\": \"W/\\\"438ccf28-0122-4ff4-824f-2fe27c9762ff\\\"\
        \",\r\n            \"properties\": {\r\n              \"provisioningState\"\
        : \"Succeeded\",\r\n              \"privateIPAllocationMethod\": \"Dynamic\"\
        ,\r\n              \"publicIPAddress\": {\r\n                \"id\": \"/subscriptions/00000000-0000-0000-0000-000000000000/resourceGroups/cli_test_load_balancer/providers/Microsoft.Network/publicIPAddresses/PublicIPlb2\"\
        \r\n              }\r\n            }\r\n          }\r\n        ],\r\n    \
        \    \"backendAddressPools\": [\r\n          {\r\n            \"name\": \"\
        lb2bepool\",\r\n            \"id\": \"/subscriptions/00000000-0000-0000-0000-000000000000/resourceGroups/cli_test_load_balancer/providers/Microsoft.Network/loadBalancers/lb2/backendAddressPools/lb2bepool\"\
        ,\r\n            \"etag\": \"W/\\\"438ccf28-0122-4ff4-824f-2fe27c9762ff\\\"\
        \",\r\n            \"properties\": {\r\n              \"provisioningState\"\
        : \"Succeeded\"\r\n            }\r\n          }\r\n        ],\r\n        \"\
        loadBalancingRules\": [],\r\n        \"probes\": [],\r\n        \"inboundNatRules\"\
        : [],\r\n        \"outboundNatRules\": [],\r\n        \"inboundNatPools\"\
        : []\r\n      },\r\n      \"sku\": {\r\n        \"name\": \"Basic\"\r\n  \
        \    }\r\n    },\r\n    {\r\n      \"name\": \"lb3\",\r\n      \"id\": \"\
        /subscriptions/00000000-0000-0000-0000-000000000000/resourceGroups/cli_test_load_balancer/providers/Microsoft.Network/loadBalancers/lb3\"\
        ,\r\n      \"etag\": \"W/\\\"f6e8be2f-4aa1-47c3-9bc3-143b54d8cde8\\\"\",\r\
        \n      \"type\": \"Microsoft.Network/loadBalancers\",\r\n      \"location\"\
        : \"westus\",\r\n      \"tags\": {},\r\n      \"properties\": {\r\n      \
        \  \"provisioningState\": \"Succeeded\",\r\n        \"resourceGuid\": \"730cd46c-efbf-4769-a87e-afaed0544387\"\
        ,\r\n        \"frontendIPConfigurations\": [\r\n          {\r\n          \
        \  \"name\": \"LoadBalancerFrontEnd\",\r\n            \"id\": \"/subscriptions/00000000-0000-0000-0000-000000000000/resourceGroups/cli_test_load_balancer/providers/Microsoft.Network/loadBalancers/lb3/frontendIPConfigurations/LoadBalancerFrontEnd\"\
        ,\r\n            \"etag\": \"W/\\\"f6e8be2f-4aa1-47c3-9bc3-143b54d8cde8\\\"\
        \",\r\n            \"properties\": {\r\n              \"provisioningState\"\
        : \"Succeeded\",\r\n              \"privateIPAddress\": \"10.0.0.15\",\r\n\
        \              \"privateIPAllocationMethod\": \"Static\",\r\n            \
        \  \"subnet\": {\r\n                \"id\": \"/subscriptions/00000000-0000-0000-0000-000000000000/resourceGroups/cli_test_load_balancer/providers/Microsoft.Network/virtualNetworks/mytestvnet/subnets/default\"\
        \r\n              }\r\n            }\r\n          }\r\n        ],\r\n    \
        \    \"backendAddressPools\": [\r\n          {\r\n            \"name\": \"\
        lb3bepool\",\r\n            \"id\": \"/subscriptions/00000000-0000-0000-0000-000000000000/resourceGroups/cli_test_load_balancer/providers/Microsoft.Network/loadBalancers/lb3/backendAddressPools/lb3bepool\"\
        ,\r\n            \"etag\": \"W/\\\"f6e8be2f-4aa1-47c3-9bc3-143b54d8cde8\\\"\
        \",\r\n            \"properties\": {\r\n              \"provisioningState\"\
        : \"Succeeded\"\r\n            }\r\n          }\r\n        ],\r\n        \"\
        loadBalancingRules\": [],\r\n        \"probes\": [],\r\n        \"inboundNatRules\"\
        : [],\r\n        \"outboundNatRules\": [],\r\n        \"inboundNatPools\"\
        : []\r\n      },\r\n      \"sku\": {\r\n        \"name\": \"Basic\"\r\n  \
        \    }\r\n    },\r\n    {\r\n      \"name\": \"lb4\",\r\n      \"id\": \"\
        /subscriptions/00000000-0000-0000-0000-000000000000/resourceGroups/cli_test_load_balancer/providers/Microsoft.Network/loadBalancers/lb4\"\
        ,\r\n      \"etag\": \"W/\\\"73a3bd9b-5b33-4a72-901c-5bba70201ce9\\\"\",\r\
        \n      \"type\": \"Microsoft.Network/loadBalancers\",\r\n      \"location\"\
        : \"westus\",\r\n      \"tags\": {},\r\n      \"properties\": {\r\n      \
        \  \"provisioningState\": \"Succeeded\",\r\n        \"resourceGuid\": \"108d9d81-59b6-442f-90ea-312eeb706428\"\
        ,\r\n        \"frontendIPConfigurations\": [\r\n          {\r\n          \
        \  \"name\": \"LoadBalancerFrontEnd\",\r\n            \"id\": \"/subscriptions/00000000-0000-0000-0000-000000000000/resourceGroups/cli_test_load_balancer/providers/Microsoft.Network/loadBalancers/lb4/frontendIPConfigurations/LoadBalancerFrontEnd\"\
        ,\r\n            \"etag\": \"W/\\\"73a3bd9b-5b33-4a72-901c-5bba70201ce9\\\"\
        \",\r\n            \"properties\": {\r\n              \"provisioningState\"\
        : \"Succeeded\",\r\n              \"privateIPAllocationMethod\": \"Dynamic\"\
        ,\r\n              \"publicIPAddress\": {\r\n                \"id\": \"/subscriptions/00000000-0000-0000-0000-000000000000/resourceGroups/cli_test_load_balancer/providers/Microsoft.Network/publicIPAddresses/publicip4\"\
        \r\n              }\r\n            }\r\n          }\r\n        ],\r\n    \
        \    \"backendAddressPools\": [\r\n          {\r\n            \"name\": \"\
        lb4bepool\",\r\n            \"id\": \"/subscriptions/00000000-0000-0000-0000-000000000000/resourceGroups/cli_test_load_balancer/providers/Microsoft.Network/loadBalancers/lb4/backendAddressPools/lb4bepool\"\
        ,\r\n            \"etag\": \"W/\\\"73a3bd9b-5b33-4a72-901c-5bba70201ce9\\\"\
        \",\r\n            \"properties\": {\r\n              \"provisioningState\"\
        : \"Succeeded\"\r\n            }\r\n          }\r\n        ],\r\n        \"\
        loadBalancingRules\": [],\r\n        \"probes\": [],\r\n        \"inboundNatRules\"\
        : [],\r\n        \"outboundNatRules\": [],\r\n        \"inboundNatPools\"\
        : []\r\n      },\r\n      \"sku\": {\r\n        \"name\": \"Basic\"\r\n  \
        \    }\r\n    }\r\n  ]\r\n}"}
    headers:
      Cache-Control: [no-cache]
      Content-Type: [application/json; charset=utf-8]
      Date: ['Tue, 19 Sep 2017 15:36:42 GMT']
      Expires: ['-1']
      Pragma: [no-cache]
      Server: [Microsoft-HTTPAPI/2.0, Microsoft-HTTPAPI/2.0]
      Strict-Transport-Security: [max-age=31536000; includeSubDomains]
      Transfer-Encoding: [chunked]
      Vary: [Accept-Encoding]
      content-length: ['7819']
    status: {code: 200, message: OK}
- request:
    body: null
    headers:
      Accept: [application/json]
      Accept-Encoding: ['gzip, deflate']
      Connection: [keep-alive]
      Content-Type: [application/json; charset=utf-8]
      User-Agent: [python/3.5.3 (Windows-10-10.0.15063-SP0) requests/2.9.1 msrest/0.4.14
          msrest_azure/0.4.14 networkmanagementclient/1.5.0rc1 Azure-SDK-For-Python
          AZURECLI/TEST/2.0.16+dev]
      accept-language: [en-US]
      x-ms-client-request-id: [56a963d2-9d50-11e7-9ba8-a0b3ccf7272a]
    method: GET
    uri: https://management.azure.com/subscriptions/00000000-0000-0000-0000-000000000000/resourceGroups/cli_test_load_balancer/providers/Microsoft.Network/loadBalancers/lb1?api-version=2017-09-01
  response:
    body: {string: "{\r\n  \"name\": \"lb1\",\r\n  \"id\": \"/subscriptions/00000000-0000-0000-0000-000000000000/resourceGroups/cli_test_load_balancer/providers/Microsoft.Network/loadBalancers/lb1\"\
        ,\r\n  \"etag\": \"W/\\\"fc727a33-84f8-49bc-9d38-214b5e78486c\\\"\",\r\n \
        \ \"type\": \"Microsoft.Network/loadBalancers\",\r\n  \"location\": \"westus\"\
        ,\r\n  \"tags\": {},\r\n  \"properties\": {\r\n    \"provisioningState\":\
        \ \"Succeeded\",\r\n    \"resourceGuid\": \"f42215d3-7fab-474b-99fd-68e212a6b1a1\"\
        ,\r\n    \"frontendIPConfigurations\": [\r\n      {\r\n        \"name\": \"\
        LoadBalancerFrontEnd\",\r\n        \"id\": \"/subscriptions/00000000-0000-0000-0000-000000000000/resourceGroups/cli_test_load_balancer/providers/Microsoft.Network/loadBalancers/lb1/frontendIPConfigurations/LoadBalancerFrontEnd\"\
        ,\r\n        \"etag\": \"W/\\\"fc727a33-84f8-49bc-9d38-214b5e78486c\\\"\"\
        ,\r\n        \"properties\": {\r\n          \"provisioningState\": \"Succeeded\"\
        ,\r\n          \"privateIPAllocationMethod\": \"Dynamic\",\r\n          \"\
        publicIPAddress\": {\r\n            \"id\": \"/subscriptions/00000000-0000-0000-0000-000000000000/resourceGroups/cli_test_load_balancer/providers/Microsoft.Network/publicIPAddresses/PublicIPlb1\"\
        \r\n          }\r\n        }\r\n      }\r\n    ],\r\n    \"backendAddressPools\"\
        : [\r\n      {\r\n        \"name\": \"lb1bepool\",\r\n        \"id\": \"/subscriptions/00000000-0000-0000-0000-000000000000/resourceGroups/cli_test_load_balancer/providers/Microsoft.Network/loadBalancers/lb1/backendAddressPools/lb1bepool\"\
        ,\r\n        \"etag\": \"W/\\\"fc727a33-84f8-49bc-9d38-214b5e78486c\\\"\"\
        ,\r\n        \"properties\": {\r\n          \"provisioningState\": \"Succeeded\"\
        \r\n        }\r\n      }\r\n    ],\r\n    \"loadBalancingRules\": [],\r\n\
        \    \"probes\": [],\r\n    \"inboundNatRules\": [],\r\n    \"outboundNatRules\"\
        : [],\r\n    \"inboundNatPools\": []\r\n  },\r\n  \"sku\": {\r\n    \"name\"\
        : \"Basic\"\r\n  }\r\n}"}
    headers:
      Cache-Control: [no-cache]
      Content-Type: [application/json; charset=utf-8]
      Date: ['Tue, 19 Sep 2017 15:36:43 GMT']
      ETag: [W/"fc727a33-84f8-49bc-9d38-214b5e78486c"]
      Expires: ['-1']
      Pragma: [no-cache]
      Server: [Microsoft-HTTPAPI/2.0, Microsoft-HTTPAPI/2.0]
      Strict-Transport-Security: [max-age=31536000; includeSubDomains]
      Transfer-Encoding: [chunked]
      Vary: [Accept-Encoding]
      content-length: ['1758']
    status: {code: 200, message: OK}
- request:
    body: null
    headers:
      Accept: [application/json]
      Accept-Encoding: ['gzip, deflate']
      Connection: [keep-alive]
      Content-Length: ['0']
      Content-Type: [application/json; charset=utf-8]
      User-Agent: [python/3.5.3 (Windows-10-10.0.15063-SP0) requests/2.9.1 msrest/0.4.14
          msrest_azure/0.4.14 networkmanagementclient/1.5.0rc1 Azure-SDK-For-Python
          AZURECLI/TEST/2.0.16+dev]
      accept-language: [en-US]
      x-ms-client-request-id: [56da4106-9d50-11e7-9311-a0b3ccf7272a]
    method: DELETE
    uri: https://management.azure.com/subscriptions/00000000-0000-0000-0000-000000000000/resourceGroups/cli_test_load_balancer/providers/Microsoft.Network/loadBalancers/lb1?api-version=2017-09-01
  response:
    body: {string: ''}
    headers:
      Azure-AsyncOperation: ['https://management.azure.com/subscriptions/0b1f6471-1bf0-4dda-aec3-cb9272f09590/providers/Microsoft.Network/locations/westus/operations/2e262416-41eb-488b-be62-09098a8de854?api-version=2017-09-01']
      Cache-Control: [no-cache]
      Content-Length: ['0']
      Date: ['Tue, 19 Sep 2017 15:36:43 GMT']
      Expires: ['-1']
      Location: ['https://management.azure.com/subscriptions/0b1f6471-1bf0-4dda-aec3-cb9272f09590/providers/Microsoft.Network/locations/westus/operationResults/2e262416-41eb-488b-be62-09098a8de854?api-version=2017-09-01']
      Pragma: [no-cache]
      Retry-After: ['10']
      Server: [Microsoft-HTTPAPI/2.0, Microsoft-HTTPAPI/2.0]
      Strict-Transport-Security: [max-age=31536000; includeSubDomains]
      x-ms-ratelimit-remaining-subscription-writes: ['1197']
    status: {code: 202, message: Accepted}
- request:
    body: null
    headers:
      Accept: [application/json]
      Accept-Encoding: ['gzip, deflate']
      Connection: [keep-alive]
      Content-Type: [application/json; charset=utf-8]
      User-Agent: [python/3.5.3 (Windows-10-10.0.15063-SP0) requests/2.9.1 msrest/0.4.14
          msrest_azure/0.4.14 networkmanagementclient/1.5.0rc1 Azure-SDK-For-Python
          AZURECLI/TEST/2.0.16+dev]
      accept-language: [en-US]
      x-ms-client-request-id: [56da4106-9d50-11e7-9311-a0b3ccf7272a]
    method: GET
    uri: https://management.azure.com/subscriptions/00000000-0000-0000-0000-000000000000/providers/Microsoft.Network/locations/westus/operations/2e262416-41eb-488b-be62-09098a8de854?api-version=2017-09-01
  response:
    body: {string: "{\r\n  \"status\": \"Succeeded\"\r\n}"}
    headers:
      Cache-Control: [no-cache]
      Content-Type: [application/json; charset=utf-8]
      Date: ['Tue, 19 Sep 2017 15:36:53 GMT']
      Expires: ['-1']
      Pragma: [no-cache]
      Server: [Microsoft-HTTPAPI/2.0, Microsoft-HTTPAPI/2.0]
      Strict-Transport-Security: [max-age=31536000; includeSubDomains]
      Transfer-Encoding: [chunked]
      Vary: [Accept-Encoding]
      content-length: ['29']
    status: {code: 200, message: OK}
- request:
    body: null
    headers:
      Accept: [application/json]
      Accept-Encoding: ['gzip, deflate']
      Connection: [keep-alive]
      Content-Type: [application/json; charset=utf-8]
      User-Agent: [python/3.5.3 (Windows-10-10.0.15063-SP0) requests/2.9.1 msrest/0.4.14
          msrest_azure/0.4.14 networkmanagementclient/1.5.0rc1 Azure-SDK-For-Python
          AZURECLI/TEST/2.0.16+dev]
      accept-language: [en-US]
      x-ms-client-request-id: [5dba254a-9d50-11e7-a7c0-a0b3ccf7272a]
    method: GET
    uri: https://management.azure.com/subscriptions/00000000-0000-0000-0000-000000000000/resourceGroups/cli_test_load_balancer/providers/Microsoft.Network/loadBalancers?api-version=2017-09-01
  response:
    body: {string: "{\r\n  \"value\": [\r\n    {\r\n      \"name\": \"lb2\",\r\n \
        \     \"id\": \"/subscriptions/00000000-0000-0000-0000-000000000000/resourceGroups/cli_test_load_balancer/providers/Microsoft.Network/loadBalancers/lb2\"\
        ,\r\n      \"etag\": \"W/\\\"438ccf28-0122-4ff4-824f-2fe27c9762ff\\\"\",\r\
        \n      \"type\": \"Microsoft.Network/loadBalancers\",\r\n      \"location\"\
        : \"westus\",\r\n      \"tags\": {},\r\n      \"properties\": {\r\n      \
        \  \"provisioningState\": \"Succeeded\",\r\n        \"resourceGuid\": \"1556c9f9-feaf-48b8-b8e3-488bfc3f2354\"\
        ,\r\n        \"frontendIPConfigurations\": [\r\n          {\r\n          \
        \  \"name\": \"LoadBalancerFrontEnd\",\r\n            \"id\": \"/subscriptions/00000000-0000-0000-0000-000000000000/resourceGroups/cli_test_load_balancer/providers/Microsoft.Network/loadBalancers/lb2/frontendIPConfigurations/LoadBalancerFrontEnd\"\
        ,\r\n            \"etag\": \"W/\\\"438ccf28-0122-4ff4-824f-2fe27c9762ff\\\"\
        \",\r\n            \"properties\": {\r\n              \"provisioningState\"\
        : \"Succeeded\",\r\n              \"privateIPAllocationMethod\": \"Dynamic\"\
        ,\r\n              \"publicIPAddress\": {\r\n                \"id\": \"/subscriptions/00000000-0000-0000-0000-000000000000/resourceGroups/cli_test_load_balancer/providers/Microsoft.Network/publicIPAddresses/PublicIPlb2\"\
        \r\n              }\r\n            }\r\n          }\r\n        ],\r\n    \
        \    \"backendAddressPools\": [\r\n          {\r\n            \"name\": \"\
        lb2bepool\",\r\n            \"id\": \"/subscriptions/00000000-0000-0000-0000-000000000000/resourceGroups/cli_test_load_balancer/providers/Microsoft.Network/loadBalancers/lb2/backendAddressPools/lb2bepool\"\
        ,\r\n            \"etag\": \"W/\\\"438ccf28-0122-4ff4-824f-2fe27c9762ff\\\"\
        \",\r\n            \"properties\": {\r\n              \"provisioningState\"\
        : \"Succeeded\"\r\n            }\r\n          }\r\n        ],\r\n        \"\
        loadBalancingRules\": [],\r\n        \"probes\": [],\r\n        \"inboundNatRules\"\
        : [],\r\n        \"outboundNatRules\": [],\r\n        \"inboundNatPools\"\
        : []\r\n      },\r\n      \"sku\": {\r\n        \"name\": \"Basic\"\r\n  \
        \    }\r\n    },\r\n    {\r\n      \"name\": \"lb3\",\r\n      \"id\": \"\
        /subscriptions/00000000-0000-0000-0000-000000000000/resourceGroups/cli_test_load_balancer/providers/Microsoft.Network/loadBalancers/lb3\"\
        ,\r\n      \"etag\": \"W/\\\"f6e8be2f-4aa1-47c3-9bc3-143b54d8cde8\\\"\",\r\
        \n      \"type\": \"Microsoft.Network/loadBalancers\",\r\n      \"location\"\
        : \"westus\",\r\n      \"tags\": {},\r\n      \"properties\": {\r\n      \
        \  \"provisioningState\": \"Succeeded\",\r\n        \"resourceGuid\": \"730cd46c-efbf-4769-a87e-afaed0544387\"\
        ,\r\n        \"frontendIPConfigurations\": [\r\n          {\r\n          \
        \  \"name\": \"LoadBalancerFrontEnd\",\r\n            \"id\": \"/subscriptions/00000000-0000-0000-0000-000000000000/resourceGroups/cli_test_load_balancer/providers/Microsoft.Network/loadBalancers/lb3/frontendIPConfigurations/LoadBalancerFrontEnd\"\
        ,\r\n            \"etag\": \"W/\\\"f6e8be2f-4aa1-47c3-9bc3-143b54d8cde8\\\"\
        \",\r\n            \"properties\": {\r\n              \"provisioningState\"\
        : \"Succeeded\",\r\n              \"privateIPAddress\": \"10.0.0.15\",\r\n\
        \              \"privateIPAllocationMethod\": \"Static\",\r\n            \
        \  \"subnet\": {\r\n                \"id\": \"/subscriptions/00000000-0000-0000-0000-000000000000/resourceGroups/cli_test_load_balancer/providers/Microsoft.Network/virtualNetworks/mytestvnet/subnets/default\"\
        \r\n              }\r\n            }\r\n          }\r\n        ],\r\n    \
        \    \"backendAddressPools\": [\r\n          {\r\n            \"name\": \"\
        lb3bepool\",\r\n            \"id\": \"/subscriptions/00000000-0000-0000-0000-000000000000/resourceGroups/cli_test_load_balancer/providers/Microsoft.Network/loadBalancers/lb3/backendAddressPools/lb3bepool\"\
        ,\r\n            \"etag\": \"W/\\\"f6e8be2f-4aa1-47c3-9bc3-143b54d8cde8\\\"\
        \",\r\n            \"properties\": {\r\n              \"provisioningState\"\
        : \"Succeeded\"\r\n            }\r\n          }\r\n        ],\r\n        \"\
        loadBalancingRules\": [],\r\n        \"probes\": [],\r\n        \"inboundNatRules\"\
        : [],\r\n        \"outboundNatRules\": [],\r\n        \"inboundNatPools\"\
        : []\r\n      },\r\n      \"sku\": {\r\n        \"name\": \"Basic\"\r\n  \
        \    }\r\n    },\r\n    {\r\n      \"name\": \"lb4\",\r\n      \"id\": \"\
        /subscriptions/00000000-0000-0000-0000-000000000000/resourceGroups/cli_test_load_balancer/providers/Microsoft.Network/loadBalancers/lb4\"\
        ,\r\n      \"etag\": \"W/\\\"73a3bd9b-5b33-4a72-901c-5bba70201ce9\\\"\",\r\
        \n      \"type\": \"Microsoft.Network/loadBalancers\",\r\n      \"location\"\
        : \"westus\",\r\n      \"tags\": {},\r\n      \"properties\": {\r\n      \
        \  \"provisioningState\": \"Succeeded\",\r\n        \"resourceGuid\": \"108d9d81-59b6-442f-90ea-312eeb706428\"\
        ,\r\n        \"frontendIPConfigurations\": [\r\n          {\r\n          \
        \  \"name\": \"LoadBalancerFrontEnd\",\r\n            \"id\": \"/subscriptions/00000000-0000-0000-0000-000000000000/resourceGroups/cli_test_load_balancer/providers/Microsoft.Network/loadBalancers/lb4/frontendIPConfigurations/LoadBalancerFrontEnd\"\
        ,\r\n            \"etag\": \"W/\\\"73a3bd9b-5b33-4a72-901c-5bba70201ce9\\\"\
        \",\r\n            \"properties\": {\r\n              \"provisioningState\"\
        : \"Succeeded\",\r\n              \"privateIPAllocationMethod\": \"Dynamic\"\
        ,\r\n              \"publicIPAddress\": {\r\n                \"id\": \"/subscriptions/00000000-0000-0000-0000-000000000000/resourceGroups/cli_test_load_balancer/providers/Microsoft.Network/publicIPAddresses/publicip4\"\
        \r\n              }\r\n            }\r\n          }\r\n        ],\r\n    \
        \    \"backendAddressPools\": [\r\n          {\r\n            \"name\": \"\
        lb4bepool\",\r\n            \"id\": \"/subscriptions/00000000-0000-0000-0000-000000000000/resourceGroups/cli_test_load_balancer/providers/Microsoft.Network/loadBalancers/lb4/backendAddressPools/lb4bepool\"\
        ,\r\n            \"etag\": \"W/\\\"73a3bd9b-5b33-4a72-901c-5bba70201ce9\\\"\
        \",\r\n            \"properties\": {\r\n              \"provisioningState\"\
        : \"Succeeded\"\r\n            }\r\n          }\r\n        ],\r\n        \"\
        loadBalancingRules\": [],\r\n        \"probes\": [],\r\n        \"inboundNatRules\"\
        : [],\r\n        \"outboundNatRules\": [],\r\n        \"inboundNatPools\"\
        : []\r\n      },\r\n      \"sku\": {\r\n        \"name\": \"Basic\"\r\n  \
        \    }\r\n    }\r\n  ]\r\n}"}
    headers:
      Cache-Control: [no-cache]
      Content-Type: [application/json; charset=utf-8]
      Date: ['Tue, 19 Sep 2017 15:36:54 GMT']
      Expires: ['-1']
      Pragma: [no-cache]
      Server: [Microsoft-HTTPAPI/2.0, Microsoft-HTTPAPI/2.0]
      Strict-Transport-Security: [max-age=31536000; includeSubDomains]
      Transfer-Encoding: [chunked]
      Vary: [Accept-Encoding]
      content-length: ['5882']
    status: {code: 200, message: OK}
version: 1
