interactions:
- request:
    body: '{"tags": {"use": "az-test"}, "location": "westus"}'
    headers:
      Accept: [application/json]
      Accept-Encoding: ['gzip, deflate']
      CommandName: [unknown]
      Connection: [keep-alive]
      Content-Length: ['50']
      Content-Type: [application/json; charset=utf-8]
      User-Agent: [python/3.5.3 (Windows-10-10.0.16299-SP0) requests/2.18.4 msrest/0.4.18
          msrest_azure/0.4.15 resourcemanagementclient/1.2.1 Azure-SDK-For-Python
          AZURECLI/2.0.21]
      accept-language: [en-US]
    method: PUT
    uri: https://management.azure.com/subscriptions/00000000-0000-0000-0000-000000000000/resourcegroups/cli_dns_zone_import_export000001?api-version=2017-05-10
  response:
    body: {string: '{"id":"/subscriptions/00000000-0000-0000-0000-000000000000/resourceGroups/cli_dns_zone_import_export000001","name":"cli_dns_zone_import_export000001","location":"westus","tags":{"use":"az-test"},"properties":{"provisioningState":"Succeeded"}}'}
    headers:
      cache-control: [no-cache]
      content-length: ['328']
      content-type: [application/json; charset=utf-8]
      date: ['Fri, 27 Oct 2017 23:50:01 GMT']
      expires: ['-1']
      pragma: [no-cache]
      strict-transport-security: [max-age=31536000; includeSubDomains]
      x-ms-ratelimit-remaining-subscription-writes: ['1198']
    status: {code: 201, message: Created}
- request:
    body: '{"location": "global"}'
    headers:
      Accept: [application/json]
      Accept-Encoding: ['gzip, deflate']
      CommandName: [unknown]
      Connection: [keep-alive]
      Content-Length: ['22']
      Content-Type: [application/json; charset=utf-8]
      User-Agent: [python/3.5.3 (Windows-10-10.0.16299-SP0) requests/2.18.4 msrest/0.4.18
          msrest_azure/0.4.15 dnsmanagementclient/1.2.0 Azure-SDK-For-Python AZURECLI/2.0.21]
      accept-language: [en-US]
    method: PUT
    uri: https://management.azure.com/subscriptions/00000000-0000-0000-0000-000000000000/resourceGroups/cli_dns_zone_import_export000001/providers/Microsoft.Network/dnsZones/myzone.com?api-version=2017-09-01
  response:
    body: {string: '{"id":"\/subscriptions\/0b1f6471-1bf0-4dda-aec3-cb9272f09590\/resourceGroups\/cli_dns_zone_import_export000001\/providers\/Microsoft.Network\/dnszones\/myzone.com","name":"myzone.com","type":"Microsoft.Network\/dnszones","etag":"00000002-0000-0000-34d7-624f7e4fd301","location":"global","tags":{},"properties":{"maxNumberOfRecordSets":5000,"nameServers":["ns1-05.azure-dns.com.","ns2-05.azure-dns.net.","ns3-05.azure-dns.org.","ns4-05.azure-dns.info."],"numberOfRecordSets":2,"zoneType":"Public"}}'}
    headers:
      cache-control: [private]
      content-length: ['540']
      content-type: [application/json; charset=utf-8]
      date: ['Fri, 27 Oct 2017 23:50:03 GMT']
      etag: [00000002-0000-0000-34d7-624f7e4fd301]
      server: [Microsoft-IIS/8.5]
      strict-transport-security: [max-age=31536000; includeSubDomains]
      x-aspnet-version: [4.0.30319]
      x-content-type-options: [nosniff]
      x-ms-ratelimit-remaining-subscription-resource-requests: ['11999']
      x-powered-by: [ASP.NET]
    status: {code: 201, message: Created}
- request:
    body: '{"properties": {"MXRecords": [{"exchange": "mail.contoso.com.", "preference":
      1}], "TTL": 3600}}'
    headers:
      Accept: [application/json]
      Accept-Encoding: ['gzip, deflate']
      CommandName: [unknown]
      Connection: [keep-alive]
      Content-Length: ['96']
      Content-Type: [application/json; charset=utf-8]
      User-Agent: [python/3.5.3 (Windows-10-10.0.16299-SP0) requests/2.18.4 msrest/0.4.18
          msrest_azure/0.4.15 dnsmanagementclient/1.2.0 Azure-SDK-For-Python AZURECLI/2.0.21]
      accept-language: [en-US]
    method: PUT
    uri: https://management.azure.com/subscriptions/00000000-0000-0000-0000-000000000000/resourceGroups/cli_dns_zone_import_export000001/providers/Microsoft.Network/dnsZones/myzone.com/MX/mymx.zone1.com?api-version=2017-09-01
  response:
    body: {string: '{"id":"\/subscriptions\/0b1f6471-1bf0-4dda-aec3-cb9272f09590\/resourceGroups\/cli_dns_zone_import_export000001\/providers\/Microsoft.Network\/dnszones\/myzone.com\/MX\/mymx.zone1.com","name":"mymx.zone1.com","type":"Microsoft.Network\/dnszones\/MX","etag":"75f67b8e-350a-45a3-b9d3-b29637fbca57","properties":{"fqdn":"mymx.zone1.com.myzone.com.","TTL":3600,"MXRecords":[{"exchange":"mail.contoso.com.","preference":1}]}}'}
    headers:
      cache-control: [private]
      content-length: ['462']
      content-type: [application/json; charset=utf-8]
      date: ['Fri, 27 Oct 2017 23:50:05 GMT']
      etag: [75f67b8e-350a-45a3-b9d3-b29637fbca57]
      server: [Microsoft-IIS/8.5]
      strict-transport-security: [max-age=31536000; includeSubDomains]
      x-aspnet-version: [4.0.30319]
      x-content-type-options: [nosniff]
      x-ms-ratelimit-remaining-subscription-resource-requests: ['11999']
      x-powered-by: [ASP.NET]
    status: {code: 201, message: Created}
- request:
    body: null
    headers:
      Accept: [application/json]
      Accept-Encoding: ['gzip, deflate']
      CommandName: [unknown]
      Connection: [keep-alive]
      Content-Type: [application/json; charset=utf-8]
      User-Agent: [python/3.5.3 (Windows-10-10.0.16299-SP0) requests/2.18.4 msrest/0.4.18
          msrest_azure/0.4.15 dnsmanagementclient/1.2.0 Azure-SDK-For-Python AZURECLI/2.0.21]
      accept-language: [en-US]
    method: GET
    uri: https://management.azure.com/subscriptions/00000000-0000-0000-0000-000000000000/resourceGroups/cli_dns_zone_import_export000001/providers/Microsoft.Network/dnsZones/myzone.com/SOA/@?api-version=2017-09-01
  response:
    body: {string: '{"id":"\/subscriptions\/0b1f6471-1bf0-4dda-aec3-cb9272f09590\/resourceGroups\/cli_dns_zone_import_export000001\/providers\/Microsoft.Network\/dnszones\/myzone.com\/SOA\/@","name":"@","type":"Microsoft.Network\/dnszones\/SOA","etag":"f051008c-741d-4be0-8bdf-73f52756093a","properties":{"fqdn":"myzone.com.","TTL":3600,"SOARecord":{"email":"azuredns-hostmaster.microsoft.com","expireTime":2419200,"host":"ns1-05.azure-dns.com.","minimumTTL":300,"refreshTime":3600,"retryTime":300,"serialNumber":1}}}'}
    headers:
      cache-control: [private]
      content-length: ['540']
      content-type: [application/json; charset=utf-8]
      date: ['Fri, 27 Oct 2017 23:50:06 GMT']
      etag: [f051008c-741d-4be0-8bdf-73f52756093a]
      server: [Microsoft-IIS/8.5]
      strict-transport-security: [max-age=31536000; includeSubDomains]
      x-aspnet-version: [4.0.30319]
      x-content-type-options: [nosniff]
      x-ms-ratelimit-remaining-subscription-resource-requests: ['11999']
      x-powered-by: [ASP.NET]
    status: {code: 200, message: OK}
- request:
    body: '{"properties": {"SOARecord": {"expireTime": 2419200, "refreshTime": 3600,
      "retryTime": 300, "serialNumber": 1, "host": "ns1-05.azure-dns.com.", "email":
      "azuredns-hostmaster.microsoft.com.", "minimumTTL": 300}, "TTL": 3600}}'
    headers:
      Accept: [application/json]
      Accept-Encoding: ['gzip, deflate']
      CommandName: [unknown]
      Connection: [keep-alive]
      Content-Length: ['224']
      Content-Type: [application/json; charset=utf-8]
      User-Agent: [python/3.5.3 (Windows-10-10.0.16299-SP0) requests/2.18.4 msrest/0.4.18
          msrest_azure/0.4.15 dnsmanagementclient/1.2.0 Azure-SDK-For-Python AZURECLI/2.0.21]
      accept-language: [en-US]
    method: PUT
    uri: https://management.azure.com/subscriptions/00000000-0000-0000-0000-000000000000/resourceGroups/cli_dns_zone_import_export000001/providers/Microsoft.Network/dnsZones/myzone.com/SOA/@?api-version=2017-09-01
  response:
    body: {string: '{"id":"\/subscriptions\/0b1f6471-1bf0-4dda-aec3-cb9272f09590\/resourceGroups\/cli_dns_zone_import_export000001\/providers\/Microsoft.Network\/dnszones\/myzone.com\/SOA\/@","name":"@","type":"Microsoft.Network\/dnszones\/SOA","etag":"14ee1bd5-767e-4889-8230-11e9dc28facc","properties":{"fqdn":"myzone.com.","TTL":3600,"SOARecord":{"email":"azuredns-hostmaster.microsoft.com.","expireTime":2419200,"host":"ns1-05.azure-dns.com.","minimumTTL":300,"refreshTime":3600,"retryTime":300,"serialNumber":1}}}'}
    headers:
      cache-control: [private]
      content-length: ['541']
      content-type: [application/json; charset=utf-8]
      date: ['Fri, 27 Oct 2017 23:50:06 GMT']
      etag: [14ee1bd5-767e-4889-8230-11e9dc28facc]
      server: [Microsoft-IIS/8.5]
      strict-transport-security: [max-age=31536000; includeSubDomains]
      transfer-encoding: [chunked]
      vary: [Accept-Encoding]
      x-aspnet-version: [4.0.30319]
      x-content-type-options: [nosniff]
      x-ms-ratelimit-remaining-subscription-resource-requests: ['11999']
      x-powered-by: [ASP.NET]
    status: {code: 200, message: OK}
- request:
    body: '{"properties": {"CNAMERecord": {"cname": "contoso.com."}, "TTL": 3600}}'
    headers:
      Accept: [application/json]
      Accept-Encoding: ['gzip, deflate']
      CommandName: [unknown]
      Connection: [keep-alive]
      Content-Length: ['71']
      Content-Type: [application/json; charset=utf-8]
      User-Agent: [python/3.5.3 (Windows-10-10.0.16299-SP0) requests/2.18.4 msrest/0.4.18
          msrest_azure/0.4.15 dnsmanagementclient/1.2.0 Azure-SDK-For-Python AZURECLI/2.0.21]
      accept-language: [en-US]
    method: PUT
    uri: https://management.azure.com/subscriptions/00000000-0000-0000-0000-000000000000/resourceGroups/cli_dns_zone_import_export000001/providers/Microsoft.Network/dnsZones/myzone.com/CNAME/mycname.zone1.com?api-version=2017-09-01
  response:
    body: {string: '{"id":"\/subscriptions\/0b1f6471-1bf0-4dda-aec3-cb9272f09590\/resourceGroups\/cli_dns_zone_import_export000001\/providers\/Microsoft.Network\/dnszones\/myzone.com\/CNAME\/mycname.zone1.com","name":"mycname.zone1.com","type":"Microsoft.Network\/dnszones\/CNAME","etag":"7ad03214-409e-4f40-a7d7-10e24579e105","properties":{"fqdn":"mycname.zone1.com.myzone.com.","TTL":3600,"CNAMERecord":{"cname":"contoso.com."}}}'}
    headers:
      cache-control: [private]
      content-length: ['454']
      content-type: [application/json; charset=utf-8]
      date: ['Fri, 27 Oct 2017 23:50:08 GMT']
      etag: [7ad03214-409e-4f40-a7d7-10e24579e105]
      server: [Microsoft-IIS/8.5]
      strict-transport-security: [max-age=31536000; includeSubDomains]
      x-aspnet-version: [4.0.30319]
      x-content-type-options: [nosniff]
      x-ms-ratelimit-remaining-subscription-resource-requests: ['11999']
      x-powered-by: [ASP.NET]
    status: {code: 201, message: Created}
- request:
    body: '{"properties": {"caaRecords": [{"flags": 0, "value": "ca1.contoso.com",
      "tag": "issue"}, {"flags": 128, "value": "mailto:test@contoso.com", "tag": "iodef"}],
      "TTL": 60}}'
    headers:
      Accept: [application/json]
      Accept-Encoding: ['gzip, deflate']
      CommandName: [unknown]
      Connection: [keep-alive]
      Content-Length: ['169']
      Content-Type: [application/json; charset=utf-8]
      User-Agent: [python/3.5.3 (Windows-10-10.0.16299-SP0) requests/2.18.4 msrest/0.4.18
          msrest_azure/0.4.15 dnsmanagementclient/1.2.0 Azure-SDK-For-Python AZURECLI/2.0.21]
      accept-language: [en-US]
    method: PUT
    uri: https://management.azure.com/subscriptions/00000000-0000-0000-0000-000000000000/resourceGroups/cli_dns_zone_import_export000001/providers/Microsoft.Network/dnsZones/myzone.com/CAA/caa1.zone1.com?api-version=2017-09-01
  response:
    body: {string: '{"id":"\/subscriptions\/0b1f6471-1bf0-4dda-aec3-cb9272f09590\/resourceGroups\/cli_dns_zone_import_export000001\/providers\/Microsoft.Network\/dnszones\/myzone.com\/CAA\/caa1.zone1.com","name":"caa1.zone1.com","type":"Microsoft.Network\/dnszones\/CAA","etag":"ea0ba6b7-1844-42bd-a6bc-4ae8fdc4d66d","properties":{"fqdn":"caa1.zone1.com.myzone.com.","TTL":60,"caaRecords":[{"flags":0,"tag":"issue","value":"ca1.contoso.com"},{"flags":128,"tag":"iodef","value":"mailto:test@contoso.com"}]}}'}
    headers:
      cache-control: [private]
      content-length: ['529']
      content-type: [application/json; charset=utf-8]
      date: ['Fri, 27 Oct 2017 23:50:09 GMT']
      etag: [ea0ba6b7-1844-42bd-a6bc-4ae8fdc4d66d]
      server: [Microsoft-IIS/8.5]
      strict-transport-security: [max-age=31536000; includeSubDomains]
      x-aspnet-version: [4.0.30319]
      x-content-type-options: [nosniff]
      x-ms-ratelimit-remaining-subscription-resource-requests: ['11999']
      x-powered-by: [ASP.NET]
    status: {code: 201, message: Created}
- request:
    body: '{"properties": {"SRVRecords": [{"weight": 2, "port": 1234, "target": "target.contoso.com.",
      "priority": 1}], "TTL": 3600}}'
    headers:
      Accept: [application/json]
      Accept-Encoding: ['gzip, deflate']
      CommandName: [unknown]
      Connection: [keep-alive]
      Content-Length: ['122']
      Content-Type: [application/json; charset=utf-8]
      User-Agent: [python/3.5.3 (Windows-10-10.0.16299-SP0) requests/2.18.4 msrest/0.4.18
          msrest_azure/0.4.15 dnsmanagementclient/1.2.0 Azure-SDK-For-Python AZURECLI/2.0.21]
      accept-language: [en-US]
    method: PUT
    uri: https://management.azure.com/subscriptions/00000000-0000-0000-0000-000000000000/resourceGroups/cli_dns_zone_import_export000001/providers/Microsoft.Network/dnsZones/myzone.com/SRV/mysrv.zone1.com?api-version=2017-09-01
  response:
    body: {string: '{"id":"\/subscriptions\/0b1f6471-1bf0-4dda-aec3-cb9272f09590\/resourceGroups\/cli_dns_zone_import_export000001\/providers\/Microsoft.Network\/dnszones\/myzone.com\/SRV\/mysrv.zone1.com","name":"mysrv.zone1.com","type":"Microsoft.Network\/dnszones\/SRV","etag":"30f92563-9749-48e0-a51f-897f1514cd6a","properties":{"fqdn":"mysrv.zone1.com.myzone.com.","TTL":3600,"SRVRecords":[{"port":1234,"priority":1,"target":"target.contoso.com.","weight":2}]}}'}
    headers:
      cache-control: [private]
      content-length: ['489']
      content-type: [application/json; charset=utf-8]
      date: ['Fri, 27 Oct 2017 23:50:10 GMT']
      etag: [30f92563-9749-48e0-a51f-897f1514cd6a]
      server: [Microsoft-IIS/8.5]
      strict-transport-security: [max-age=31536000; includeSubDomains]
      x-aspnet-version: [4.0.30319]
      x-content-type-options: [nosniff]
      x-ms-ratelimit-remaining-subscription-resource-requests: ['11999']
      x-powered-by: [ASP.NET]
    status: {code: 201, message: Created}
- request:
    body: '{"properties": {"TXTRecords": [{"value": ["abc def"]}, {"value": ["foo
      bar"]}], "TTL": 7200}}'
    headers:
      Accept: [application/json]
      Accept-Encoding: ['gzip, deflate']
      CommandName: [unknown]
      Connection: [keep-alive]
      Content-Length: ['93']
      Content-Type: [application/json; charset=utf-8]
      User-Agent: [python/3.5.3 (Windows-10-10.0.16299-SP0) requests/2.18.4 msrest/0.4.18
          msrest_azure/0.4.15 dnsmanagementclient/1.2.0 Azure-SDK-For-Python AZURECLI/2.0.21]
      accept-language: [en-US]
    method: PUT
    uri: https://management.azure.com/subscriptions/00000000-0000-0000-0000-000000000000/resourceGroups/cli_dns_zone_import_export000001/providers/Microsoft.Network/dnsZones/myzone.com/TXT/mytxt2.zone1.com?api-version=2017-09-01
  response:
    body: {string: '{"id":"\/subscriptions\/0b1f6471-1bf0-4dda-aec3-cb9272f09590\/resourceGroups\/cli_dns_zone_import_export000001\/providers\/Microsoft.Network\/dnszones\/myzone.com\/TXT\/mytxt2.zone1.com","name":"mytxt2.zone1.com","type":"Microsoft.Network\/dnszones\/TXT","etag":"1939ac92-74fb-481c-b3f7-daf0823cc786","properties":{"fqdn":"mytxt2.zone1.com.myzone.com.","TTL":7200,"TXTRecords":[{"value":["abc
        def"]},{"value":["foo bar"]}]}}'}
    headers:
      cache-control: [private]
      content-length: ['467']
      content-type: [application/json; charset=utf-8]
      date: ['Fri, 27 Oct 2017 23:50:11 GMT']
      etag: [1939ac92-74fb-481c-b3f7-daf0823cc786]
      server: [Microsoft-IIS/8.5]
      strict-transport-security: [max-age=31536000; includeSubDomains]
      x-aspnet-version: [4.0.30319]
      x-content-type-options: [nosniff]
      x-ms-ratelimit-remaining-subscription-resource-requests: ['11999']
      x-powered-by: [ASP.NET]
    status: {code: 201, message: Created}
- request:
    body: '{"properties": {"caaRecords": [{"flags": 0, "value": "ca1.contoso.com",
      "tag": "issue"}, {"flags": 45, "value": "test test test", "tag": "tag56"}],
      "TTL": 60}}'
    headers:
      Accept: [application/json]
      Accept-Encoding: ['gzip, deflate']
      CommandName: [unknown]
      Connection: [keep-alive]
      Content-Length: ['159']
      Content-Type: [application/json; charset=utf-8]
      User-Agent: [python/3.5.3 (Windows-10-10.0.16299-SP0) requests/2.18.4 msrest/0.4.18
          msrest_azure/0.4.15 dnsmanagementclient/1.2.0 Azure-SDK-For-Python AZURECLI/2.0.21]
      accept-language: [en-US]
    method: PUT
    uri: https://management.azure.com/subscriptions/00000000-0000-0000-0000-000000000000/resourceGroups/cli_dns_zone_import_export000001/providers/Microsoft.Network/dnsZones/myzone.com/CAA/caa2.zone1.com?api-version=2017-09-01
  response:
    body: {string: '{"id":"\/subscriptions\/0b1f6471-1bf0-4dda-aec3-cb9272f09590\/resourceGroups\/cli_dns_zone_import_export000001\/providers\/Microsoft.Network\/dnszones\/myzone.com\/CAA\/caa2.zone1.com","name":"caa2.zone1.com","type":"Microsoft.Network\/dnszones\/CAA","etag":"e0d06894-3571-4ab8-882b-87329ec74ab7","properties":{"fqdn":"caa2.zone1.com.myzone.com.","TTL":60,"caaRecords":[{"flags":0,"tag":"issue","value":"ca1.contoso.com"},{"flags":45,"tag":"tag56","value":"test
        test test"}]}}'}
    headers:
      cache-control: [private]
      content-length: ['519']
      content-type: [application/json; charset=utf-8]
      date: ['Fri, 27 Oct 2017 23:50:12 GMT']
      etag: [e0d06894-3571-4ab8-882b-87329ec74ab7]
      server: [Microsoft-IIS/8.5]
      strict-transport-security: [max-age=31536000; includeSubDomains]
      x-aspnet-version: [4.0.30319]
      x-content-type-options: [nosniff]
      x-ms-ratelimit-remaining-subscription-resource-requests: ['11999']
      x-powered-by: [ASP.NET]
    status: {code: 201, message: Created}
- request:
    body: '{"properties": {"PTRRecords": [{"ptrdname": "contoso.com"}], "TTL": 3600}}'
    headers:
      Accept: [application/json]
      Accept-Encoding: ['gzip, deflate']
      CommandName: [unknown]
      Connection: [keep-alive]
      Content-Length: ['74']
      Content-Type: [application/json; charset=utf-8]
      User-Agent: [python/3.5.3 (Windows-10-10.0.16299-SP0) requests/2.18.4 msrest/0.4.18
          msrest_azure/0.4.15 dnsmanagementclient/1.2.0 Azure-SDK-For-Python AZURECLI/2.0.21]
      accept-language: [en-US]
    method: PUT
    uri: https://management.azure.com/subscriptions/00000000-0000-0000-0000-000000000000/resourceGroups/cli_dns_zone_import_export000001/providers/Microsoft.Network/dnsZones/myzone.com/PTR/myptr.zone1.com?api-version=2017-09-01
  response:
    body: {string: '{"id":"\/subscriptions\/0b1f6471-1bf0-4dda-aec3-cb9272f09590\/resourceGroups\/cli_dns_zone_import_export000001\/providers\/Microsoft.Network\/dnszones\/myzone.com\/PTR\/myptr.zone1.com","name":"myptr.zone1.com","type":"Microsoft.Network\/dnszones\/PTR","etag":"759d666d-aab9-4d5e-92f7-1ec5f50b42a4","properties":{"fqdn":"myptr.zone1.com.myzone.com.","TTL":3600,"PTRRecords":[{"ptrdname":"contoso.com"}]}}'}
    headers:
      cache-control: [private]
      content-length: ['447']
      content-type: [application/json; charset=utf-8]
      date: ['Fri, 27 Oct 2017 23:50:13 GMT']
      etag: [759d666d-aab9-4d5e-92f7-1ec5f50b42a4]
      server: [Microsoft-IIS/8.5]
      strict-transport-security: [max-age=31536000; includeSubDomains]
      x-aspnet-version: [4.0.30319]
      x-content-type-options: [nosniff]
      x-ms-ratelimit-remaining-subscription-resource-requests: ['11999']
      x-powered-by: [ASP.NET]
    status: {code: 201, message: Created}
- request:
    body: '{"properties": {"PTRRecords": [{"ptrdname": "myptrdname"}], "TTL": 3600}}'
    headers:
      Accept: [application/json]
      Accept-Encoding: ['gzip, deflate']
      CommandName: [unknown]
      Connection: [keep-alive]
      Content-Length: ['73']
      Content-Type: [application/json; charset=utf-8]
      User-Agent: [python/3.5.3 (Windows-10-10.0.16299-SP0) requests/2.18.4 msrest/0.4.18
          msrest_azure/0.4.15 dnsmanagementclient/1.2.0 Azure-SDK-For-Python AZURECLI/2.0.21]
      accept-language: [en-US]
    method: PUT
    uri: https://management.azure.com/subscriptions/00000000-0000-0000-0000-000000000000/resourceGroups/cli_dns_zone_import_export000001/providers/Microsoft.Network/dnsZones/myzone.com/PTR/myname.zone1.com?api-version=2017-09-01
  response:
    body: {string: '{"id":"\/subscriptions\/0b1f6471-1bf0-4dda-aec3-cb9272f09590\/resourceGroups\/cli_dns_zone_import_export000001\/providers\/Microsoft.Network\/dnszones\/myzone.com\/PTR\/myname.zone1.com","name":"myname.zone1.com","type":"Microsoft.Network\/dnszones\/PTR","etag":"31f60657-baa1-41ee-8733-7cc00918dee2","properties":{"fqdn":"myname.zone1.com.myzone.com.","TTL":3600,"PTRRecords":[{"ptrdname":"myptrdname"}]}}'}
    headers:
      cache-control: [private]
      content-length: ['449']
      content-type: [application/json; charset=utf-8]
      date: ['Fri, 27 Oct 2017 23:50:14 GMT']
      etag: [31f60657-baa1-41ee-8733-7cc00918dee2]
      server: [Microsoft-IIS/8.5]
      strict-transport-security: [max-age=31536000; includeSubDomains]
      x-aspnet-version: [4.0.30319]
      x-content-type-options: [nosniff]
      x-ms-ratelimit-remaining-subscription-resource-requests: ['11999']
      x-powered-by: [ASP.NET]
    status: {code: 201, message: Created}
- request:
    body: '{"properties": {"TXTRecords": [{"value": ["manualtxt"]}], "TTL": 3600}}'
    headers:
      Accept: [application/json]
      Accept-Encoding: ['gzip, deflate']
      CommandName: [unknown]
      Connection: [keep-alive]
      Content-Length: ['71']
      Content-Type: [application/json; charset=utf-8]
      User-Agent: [python/3.5.3 (Windows-10-10.0.16299-SP0) requests/2.18.4 msrest/0.4.18
          msrest_azure/0.4.15 dnsmanagementclient/1.2.0 Azure-SDK-For-Python AZURECLI/2.0.21]
      accept-language: [en-US]
    method: PUT
    uri: https://management.azure.com/subscriptions/00000000-0000-0000-0000-000000000000/resourceGroups/cli_dns_zone_import_export000001/providers/Microsoft.Network/dnsZones/myzone.com/TXT/myname2.zone1.com?api-version=2017-09-01
  response:
    body: {string: '{"id":"\/subscriptions\/0b1f6471-1bf0-4dda-aec3-cb9272f09590\/resourceGroups\/cli_dns_zone_import_export000001\/providers\/Microsoft.Network\/dnszones\/myzone.com\/TXT\/myname2.zone1.com","name":"myname2.zone1.com","type":"Microsoft.Network\/dnszones\/TXT","etag":"65342d39-0845-4f03-8b4c-b78ad8d4c460","properties":{"fqdn":"myname2.zone1.com.myzone.com.","TTL":3600,"TXTRecords":[{"value":["manualtxt"]}]}}'}
    headers:
      cache-control: [private]
      content-length: ['450']
      content-type: [application/json; charset=utf-8]
      date: ['Fri, 27 Oct 2017 23:50:15 GMT']
      etag: [65342d39-0845-4f03-8b4c-b78ad8d4c460]
      server: [Microsoft-IIS/8.5]
      strict-transport-security: [max-age=31536000; includeSubDomains]
      x-aspnet-version: [4.0.30319]
      x-content-type-options: [nosniff]
      x-ms-ratelimit-remaining-subscription-resource-requests: ['11999']
      x-powered-by: [ASP.NET]
    status: {code: 201, message: Created}
- request:
    body: '{"properties": {"NSRecords": [{"nsdname": "ns.contoso.com."}], "TTL": 3600}}'
    headers:
      Accept: [application/json]
      Accept-Encoding: ['gzip, deflate']
      CommandName: [unknown]
      Connection: [keep-alive]
      Content-Length: ['76']
      Content-Type: [application/json; charset=utf-8]
      User-Agent: [python/3.5.3 (Windows-10-10.0.16299-SP0) requests/2.18.4 msrest/0.4.18
          msrest_azure/0.4.15 dnsmanagementclient/1.2.0 Azure-SDK-For-Python AZURECLI/2.0.21]
      accept-language: [en-US]
    method: PUT
    uri: https://management.azure.com/subscriptions/00000000-0000-0000-0000-000000000000/resourceGroups/cli_dns_zone_import_export000001/providers/Microsoft.Network/dnsZones/myzone.com/NS/myns.zone1.com?api-version=2017-09-01
  response:
    body: {string: '{"id":"\/subscriptions\/0b1f6471-1bf0-4dda-aec3-cb9272f09590\/resourceGroups\/cli_dns_zone_import_export000001\/providers\/Microsoft.Network\/dnszones\/myzone.com\/NS\/myns.zone1.com","name":"myns.zone1.com","type":"Microsoft.Network\/dnszones\/NS","etag":"8cea2561-36a5-468d-a38c-408f441d4b80","properties":{"fqdn":"myns.zone1.com.myzone.com.","TTL":3600,"NSRecords":[{"nsdname":"ns.contoso.com."}]}}'}
    headers:
      cache-control: [private]
      content-length: ['444']
      content-type: [application/json; charset=utf-8]
      date: ['Fri, 27 Oct 2017 23:50:16 GMT']
      etag: [8cea2561-36a5-468d-a38c-408f441d4b80]
      server: [Microsoft-IIS/8.5]
      strict-transport-security: [max-age=31536000; includeSubDomains]
      x-aspnet-version: [4.0.30319]
      x-content-type-options: [nosniff]
      x-ms-ratelimit-remaining-subscription-resource-requests: ['11999']
      x-powered-by: [ASP.NET]
    status: {code: 201, message: Created}
- request:
    body: '{"properties": {"TXTRecords": [{"value": ["hi"]}], "TTL": 3600}}'
    headers:
      Accept: [application/json]
      Accept-Encoding: ['gzip, deflate']
      CommandName: [unknown]
      Connection: [keep-alive]
      Content-Length: ['64']
      Content-Type: [application/json; charset=utf-8]
      User-Agent: [python/3.5.3 (Windows-10-10.0.16299-SP0) requests/2.18.4 msrest/0.4.18
          msrest_azure/0.4.15 dnsmanagementclient/1.2.0 Azure-SDK-For-Python AZURECLI/2.0.21]
      accept-language: [en-US]
    method: PUT
    uri: https://management.azure.com/subscriptions/00000000-0000-0000-0000-000000000000/resourceGroups/cli_dns_zone_import_export000001/providers/Microsoft.Network/dnsZones/myzone.com/TXT/mytxtrs.zone1.com?api-version=2017-09-01
  response:
    body: {string: '{"id":"\/subscriptions\/0b1f6471-1bf0-4dda-aec3-cb9272f09590\/resourceGroups\/cli_dns_zone_import_export000001\/providers\/Microsoft.Network\/dnszones\/myzone.com\/TXT\/mytxtrs.zone1.com","name":"mytxtrs.zone1.com","type":"Microsoft.Network\/dnszones\/TXT","etag":"056bfafb-3acc-4bde-be41-ed2666127233","properties":{"fqdn":"mytxtrs.zone1.com.myzone.com.","TTL":3600,"TXTRecords":[{"value":["hi"]}]}}'}
    headers:
      cache-control: [private]
      content-length: ['443']
      content-type: [application/json; charset=utf-8]
      date: ['Fri, 27 Oct 2017 23:50:17 GMT']
      etag: [056bfafb-3acc-4bde-be41-ed2666127233]
      server: [Microsoft-IIS/8.5]
      strict-transport-security: [max-age=31536000; includeSubDomains]
      x-aspnet-version: [4.0.30319]
      x-content-type-options: [nosniff]
      x-ms-ratelimit-remaining-subscription-resource-requests: ['11999']
      x-powered-by: [ASP.NET]
    status: {code: 201, message: Created}
- request:
    body: '{"properties": {"ARecords": [{"ipv4Address": "10.0.0.10"}], "TTL": 3600}}'
    headers:
      Accept: [application/json]
      Accept-Encoding: ['gzip, deflate']
      CommandName: [unknown]
      Connection: [keep-alive]
      Content-Length: ['73']
      Content-Type: [application/json; charset=utf-8]
      User-Agent: [python/3.5.3 (Windows-10-10.0.16299-SP0) requests/2.18.4 msrest/0.4.18
          msrest_azure/0.4.15 dnsmanagementclient/1.2.0 Azure-SDK-For-Python AZURECLI/2.0.21]
      accept-language: [en-US]
    method: PUT
    uri: https://management.azure.com/subscriptions/00000000-0000-0000-0000-000000000000/resourceGroups/cli_dns_zone_import_export000001/providers/Microsoft.Network/dnsZones/myzone.com/A/manuala.zone1.com?api-version=2017-09-01
  response:
    body: {string: '{"id":"\/subscriptions\/0b1f6471-1bf0-4dda-aec3-cb9272f09590\/resourceGroups\/cli_dns_zone_import_export000001\/providers\/Microsoft.Network\/dnszones\/myzone.com\/A\/manuala.zone1.com","name":"manuala.zone1.com","type":"Microsoft.Network\/dnszones\/A","etag":"f9fe93e6-9410-402f-8c9a-6a62752101c0","properties":{"fqdn":"manuala.zone1.com.myzone.com.","TTL":3600,"ARecords":[{"ipv4Address":"10.0.0.10"}]}}'}
    headers:
      cache-control: [private]
      content-length: ['448']
      content-type: [application/json; charset=utf-8]
      date: ['Fri, 27 Oct 2017 23:50:18 GMT']
      etag: [f9fe93e6-9410-402f-8c9a-6a62752101c0]
      server: [Microsoft-IIS/8.5]
      strict-transport-security: [max-age=31536000; includeSubDomains]
      x-aspnet-version: [4.0.30319]
      x-content-type-options: [nosniff]
      x-ms-ratelimit-remaining-subscription-resource-requests: ['11999']
      x-powered-by: [ASP.NET]
    status: {code: 201, message: Created}
- request:
    body: '{"properties": {"ARecords": [{"ipv4Address": "10.0.1.0"}, {"ipv4Address":
      "10.0.1.1"}], "TTL": 0}}'
    headers:
      Accept: [application/json]
      Accept-Encoding: ['gzip, deflate']
      CommandName: [unknown]
      Connection: [keep-alive]
      Content-Length: ['98']
      Content-Type: [application/json; charset=utf-8]
      User-Agent: [python/3.5.3 (Windows-10-10.0.16299-SP0) requests/2.18.4 msrest/0.4.18
          msrest_azure/0.4.15 dnsmanagementclient/1.2.0 Azure-SDK-For-Python AZURECLI/2.0.21]
      accept-language: [en-US]
    method: PUT
    uri: https://management.azure.com/subscriptions/00000000-0000-0000-0000-000000000000/resourceGroups/cli_dns_zone_import_export000001/providers/Microsoft.Network/dnsZones/myzone.com/A/mya.zone1.com?api-version=2017-09-01
  response:
    body: {string: '{"id":"\/subscriptions\/0b1f6471-1bf0-4dda-aec3-cb9272f09590\/resourceGroups\/cli_dns_zone_import_export000001\/providers\/Microsoft.Network\/dnszones\/myzone.com\/A\/mya.zone1.com","name":"mya.zone1.com","type":"Microsoft.Network\/dnszones\/A","etag":"2a990f09-ce8f-47c6-b51c-b056997e4cea","properties":{"fqdn":"mya.zone1.com.myzone.com.","TTL":0,"ARecords":[{"ipv4Address":"10.0.1.0"},{"ipv4Address":"10.0.1.1"}]}}'}
    headers:
      cache-control: [private]
      content-length: ['459']
      content-type: [application/json; charset=utf-8]
      date: ['Fri, 27 Oct 2017 23:50:19 GMT']
      etag: [2a990f09-ce8f-47c6-b51c-b056997e4cea]
      server: [Microsoft-IIS/8.5]
      strict-transport-security: [max-age=31536000; includeSubDomains]
      x-aspnet-version: [4.0.30319]
      x-content-type-options: [nosniff]
      x-ms-ratelimit-remaining-subscription-resource-requests: ['11999']
      x-powered-by: [ASP.NET]
    status: {code: 201, message: Created}
- request:
    body: null
    headers:
      Accept: [application/json]
      Accept-Encoding: ['gzip, deflate']
      CommandName: [unknown]
      Connection: [keep-alive]
      Content-Type: [application/json; charset=utf-8]
      User-Agent: [python/3.5.3 (Windows-10-10.0.16299-SP0) requests/2.18.4 msrest/0.4.18
          msrest_azure/0.4.15 dnsmanagementclient/1.2.0 Azure-SDK-For-Python AZURECLI/2.0.21]
      accept-language: [en-US]
    method: GET
    uri: https://management.azure.com/subscriptions/00000000-0000-0000-0000-000000000000/resourceGroups/cli_dns_zone_import_export000001/providers/Microsoft.Network/dnsZones/myzone.com/NS/@?api-version=2017-09-01
  response:
    body: {string: '{"id":"\/subscriptions\/0b1f6471-1bf0-4dda-aec3-cb9272f09590\/resourceGroups\/cli_dns_zone_import_export000001\/providers\/Microsoft.Network\/dnszones\/myzone.com\/NS\/@","name":"@","type":"Microsoft.Network\/dnszones\/NS","etag":"db11b089-fdb3-45e7-aca2-19896cb3d788","properties":{"fqdn":"myzone.com.","TTL":172800,"NSRecords":[{"nsdname":"ns1-05.azure-dns.com."},{"nsdname":"ns2-05.azure-dns.net."},{"nsdname":"ns3-05.azure-dns.org."},{"nsdname":"ns4-05.azure-dns.info."}]}}'}
    headers:
      cache-control: [private]
      content-length: ['520']
      content-type: [application/json; charset=utf-8]
      date: ['Fri, 27 Oct 2017 23:50:20 GMT']
      etag: [db11b089-fdb3-45e7-aca2-19896cb3d788]
      server: [Microsoft-IIS/8.5]
      strict-transport-security: [max-age=31536000; includeSubDomains]
      transfer-encoding: [chunked]
      vary: [Accept-Encoding]
      x-aspnet-version: [4.0.30319]
      x-content-type-options: [nosniff]
      x-ms-ratelimit-remaining-subscription-resource-requests: ['11998']
      x-powered-by: [ASP.NET]
    status: {code: 200, message: OK}
- request:
    body: '{"etag": "db11b089-fdb3-45e7-aca2-19896cb3d788", "properties": {"NSRecords":
      [{"nsdname": "ns1-05.azure-dns.com."}, {"nsdname": "ns2-05.azure-dns.net."},
      {"nsdname": "ns3-05.azure-dns.org."}, {"nsdname": "ns4-05.azure-dns.info."}],
      "TTL": 172800}}'
    headers:
      Accept: [application/json]
      Accept-Encoding: ['gzip, deflate']
      CommandName: [unknown]
      Connection: [keep-alive]
      Content-Length: ['247']
      Content-Type: [application/json; charset=utf-8]
      User-Agent: [python/3.5.3 (Windows-10-10.0.16299-SP0) requests/2.18.4 msrest/0.4.18
          msrest_azure/0.4.15 dnsmanagementclient/1.2.0 Azure-SDK-For-Python AZURECLI/2.0.21]
      accept-language: [en-US]
    method: PUT
    uri: https://management.azure.com/subscriptions/00000000-0000-0000-0000-000000000000/resourceGroups/cli_dns_zone_import_export000001/providers/Microsoft.Network/dnsZones/myzone.com/NS/@?api-version=2017-09-01
  response:
    body: {string: '{"id":"\/subscriptions\/0b1f6471-1bf0-4dda-aec3-cb9272f09590\/resourceGroups\/cli_dns_zone_import_export000001\/providers\/Microsoft.Network\/dnszones\/myzone.com\/NS\/@","name":"@","type":"Microsoft.Network\/dnszones\/NS","etag":"7f3588fc-ee24-49d8-9692-fac6bbddda72","properties":{"fqdn":"myzone.com.","TTL":172800,"NSRecords":[{"nsdname":"ns1-05.azure-dns.com."},{"nsdname":"ns2-05.azure-dns.net."},{"nsdname":"ns3-05.azure-dns.org."},{"nsdname":"ns4-05.azure-dns.info."}]}}'}
    headers:
      cache-control: [private]
      content-length: ['520']
      content-type: [application/json; charset=utf-8]
      date: ['Fri, 27 Oct 2017 23:50:21 GMT']
      etag: [7f3588fc-ee24-49d8-9692-fac6bbddda72]
      server: [Microsoft-IIS/8.5]
      strict-transport-security: [max-age=31536000; includeSubDomains]
      x-aspnet-version: [4.0.30319]
      x-content-type-options: [nosniff]
      x-ms-ratelimit-remaining-subscription-resource-requests: ['11999']
      x-powered-by: [ASP.NET]
    status: {code: 200, message: OK}
- request:
    body: '{"properties": {"AAAARecords": [{"ipv6Address": "2001:4898:e0:99:6dc4:6329:1c99:4e69"}],
      "TTL": 3600}}'
    headers:
      Accept: [application/json]
      Accept-Encoding: ['gzip, deflate']
      CommandName: [unknown]
      Connection: [keep-alive]
      Content-Length: ['102']
      Content-Type: [application/json; charset=utf-8]
      User-Agent: [python/3.5.3 (Windows-10-10.0.16299-SP0) requests/2.18.4 msrest/0.4.18
          msrest_azure/0.4.15 dnsmanagementclient/1.2.0 Azure-SDK-For-Python AZURECLI/2.0.21]
      accept-language: [en-US]
    method: PUT
    uri: https://management.azure.com/subscriptions/00000000-0000-0000-0000-000000000000/resourceGroups/cli_dns_zone_import_export000001/providers/Microsoft.Network/dnsZones/myzone.com/AAAA/myaaaa.zone1.com?api-version=2017-09-01
  response:
    body: {string: '{"id":"\/subscriptions\/0b1f6471-1bf0-4dda-aec3-cb9272f09590\/resourceGroups\/cli_dns_zone_import_export000001\/providers\/Microsoft.Network\/dnszones\/myzone.com\/AAAA\/myaaaa.zone1.com","name":"myaaaa.zone1.com","type":"Microsoft.Network\/dnszones\/AAAA","etag":"41a43cab-4fb8-4f6d-aabb-be352d868861","properties":{"fqdn":"myaaaa.zone1.com.myzone.com.","TTL":3600,"AAAARecords":[{"ipv6Address":"2001:4898:e0:99:6dc4:6329:1c99:4e69"}]}}'}
    headers:
      cache-control: [private]
      content-length: ['480']
      content-type: [application/json; charset=utf-8]
      date: ['Fri, 27 Oct 2017 23:50:22 GMT']
      etag: [41a43cab-4fb8-4f6d-aabb-be352d868861]
      server: [Microsoft-IIS/8.5]
      strict-transport-security: [max-age=31536000; includeSubDomains]
      x-aspnet-version: [4.0.30319]
      x-content-type-options: [nosniff]
      x-ms-ratelimit-remaining-subscription-resource-requests: ['11999']
      x-powered-by: [ASP.NET]
    status: {code: 201, message: Created}
- request:
    body: null
    headers:
      Accept: [application/json]
      Accept-Encoding: ['gzip, deflate']
      CommandName: [unknown]
      Connection: [keep-alive]
      Content-Type: [application/json; charset=utf-8]
      User-Agent: [python/3.5.3 (Windows-10-10.0.16299-SP0) requests/2.18.4 msrest/0.4.18
          msrest_azure/0.4.15 dnsmanagementclient/1.2.0 Azure-SDK-For-Python AZURECLI/2.0.21]
      accept-language: [en-US]
    method: GET
    uri: https://management.azure.com/subscriptions/00000000-0000-0000-0000-000000000000/resourceGroups/cli_dns_zone_import_export000001/providers/Microsoft.Network/dnsZones/myzone.com/recordsets?api-version=2017-09-01
  response:
    body: {string: '{"value":[{"id":"\/subscriptions\/0b1f6471-1bf0-4dda-aec3-cb9272f09590\/resourceGroups\/cli_dns_zone_import_export000001\/providers\/Microsoft.Network\/dnszones\/myzone.com\/NS\/@","name":"@","type":"Microsoft.Network\/dnszones\/NS","etag":"7f3588fc-ee24-49d8-9692-fac6bbddda72","properties":{"fqdn":"myzone.com.","TTL":172800,"NSRecords":[{"nsdname":"ns1-05.azure-dns.com."},{"nsdname":"ns2-05.azure-dns.net."},{"nsdname":"ns3-05.azure-dns.org."},{"nsdname":"ns4-05.azure-dns.info."}]}},{"id":"\/subscriptions\/0b1f6471-1bf0-4dda-aec3-cb9272f09590\/resourceGroups\/cli_dns_zone_import_export000001\/providers\/Microsoft.Network\/dnszones\/myzone.com\/SOA\/@","name":"@","type":"Microsoft.Network\/dnszones\/SOA","etag":"14ee1bd5-767e-4889-8230-11e9dc28facc","properties":{"fqdn":"myzone.com.","TTL":3600,"SOARecord":{"email":"azuredns-hostmaster.microsoft.com.","expireTime":2419200,"host":"ns1-05.azure-dns.com.","minimumTTL":300,"refreshTime":3600,"retryTime":300,"serialNumber":1}}},{"id":"\/subscriptions\/0b1f6471-1bf0-4dda-aec3-cb9272f09590\/resourceGroups\/cli_dns_zone_import_export000001\/providers\/Microsoft.Network\/dnszones\/myzone.com\/CAA\/caa1.zone1.com","name":"caa1.zone1.com","type":"Microsoft.Network\/dnszones\/CAA","etag":"ea0ba6b7-1844-42bd-a6bc-4ae8fdc4d66d","properties":{"fqdn":"caa1.zone1.com.myzone.com.","TTL":60,"caaRecords":[{"flags":0,"tag":"issue","value":"ca1.contoso.com"},{"flags":128,"tag":"iodef","value":"mailto:test@contoso.com"}]}},{"id":"\/subscriptions\/0b1f6471-1bf0-4dda-aec3-cb9272f09590\/resourceGroups\/cli_dns_zone_import_export000001\/providers\/Microsoft.Network\/dnszones\/myzone.com\/CAA\/caa2.zone1.com","name":"caa2.zone1.com","type":"Microsoft.Network\/dnszones\/CAA","etag":"e0d06894-3571-4ab8-882b-87329ec74ab7","properties":{"fqdn":"caa2.zone1.com.myzone.com.","TTL":60,"caaRecords":[{"flags":0,"tag":"issue","value":"ca1.contoso.com"},{"flags":45,"tag":"tag56","value":"test
        test test"}]}},{"id":"\/subscriptions\/0b1f6471-1bf0-4dda-aec3-cb9272f09590\/resourceGroups\/cli_dns_zone_import_export000001\/providers\/Microsoft.Network\/dnszones\/myzone.com\/A\/manuala.zone1.com","name":"manuala.zone1.com","type":"Microsoft.Network\/dnszones\/A","etag":"f9fe93e6-9410-402f-8c9a-6a62752101c0","properties":{"fqdn":"manuala.zone1.com.myzone.com.","TTL":3600,"ARecords":[{"ipv4Address":"10.0.0.10"}]}},{"id":"\/subscriptions\/0b1f6471-1bf0-4dda-aec3-cb9272f09590\/resourceGroups\/cli_dns_zone_import_export000001\/providers\/Microsoft.Network\/dnszones\/myzone.com\/A\/mya.zone1.com","name":"mya.zone1.com","type":"Microsoft.Network\/dnszones\/A","etag":"2a990f09-ce8f-47c6-b51c-b056997e4cea","properties":{"fqdn":"mya.zone1.com.myzone.com.","TTL":0,"ARecords":[{"ipv4Address":"10.0.1.0"},{"ipv4Address":"10.0.1.1"}]}},{"id":"\/subscriptions\/0b1f6471-1bf0-4dda-aec3-cb9272f09590\/resourceGroups\/cli_dns_zone_import_export000001\/providers\/Microsoft.Network\/dnszones\/myzone.com\/AAAA\/myaaaa.zone1.com","name":"myaaaa.zone1.com","type":"Microsoft.Network\/dnszones\/AAAA","etag":"41a43cab-4fb8-4f6d-aabb-be352d868861","properties":{"fqdn":"myaaaa.zone1.com.myzone.com.","TTL":3600,"AAAARecords":[{"ipv6Address":"2001:4898:e0:99:6dc4:6329:1c99:4e69"}]}},{"id":"\/subscriptions\/0b1f6471-1bf0-4dda-aec3-cb9272f09590\/resourceGroups\/cli_dns_zone_import_export000001\/providers\/Microsoft.Network\/dnszones\/myzone.com\/CNAME\/mycname.zone1.com","name":"mycname.zone1.com","type":"Microsoft.Network\/dnszones\/CNAME","etag":"7ad03214-409e-4f40-a7d7-10e24579e105","properties":{"fqdn":"mycname.zone1.com.myzone.com.","TTL":3600,"CNAMERecord":{"cname":"contoso.com."}}},{"id":"\/subscriptions\/0b1f6471-1bf0-4dda-aec3-cb9272f09590\/resourceGroups\/cli_dns_zone_import_export000001\/providers\/Microsoft.Network\/dnszones\/myzone.com\/MX\/mymx.zone1.com","name":"mymx.zone1.com","type":"Microsoft.Network\/dnszones\/MX","etag":"75f67b8e-350a-45a3-b9d3-b29637fbca57","properties":{"fqdn":"mymx.zone1.com.myzone.com.","TTL":3600,"MXRecords":[{"exchange":"mail.contoso.com.","preference":1}]}},{"id":"\/subscriptions\/0b1f6471-1bf0-4dda-aec3-cb9272f09590\/resourceGroups\/cli_dns_zone_import_export000001\/providers\/Microsoft.Network\/dnszones\/myzone.com\/PTR\/myname.zone1.com","name":"myname.zone1.com","type":"Microsoft.Network\/dnszones\/PTR","etag":"31f60657-baa1-41ee-8733-7cc00918dee2","properties":{"fqdn":"myname.zone1.com.myzone.com.","TTL":3600,"PTRRecords":[{"ptrdname":"myptrdname"}]}},{"id":"\/subscriptions\/0b1f6471-1bf0-4dda-aec3-cb9272f09590\/resourceGroups\/cli_dns_zone_import_export000001\/providers\/Microsoft.Network\/dnszones\/myzone.com\/TXT\/myname2.zone1.com","name":"myname2.zone1.com","type":"Microsoft.Network\/dnszones\/TXT","etag":"65342d39-0845-4f03-8b4c-b78ad8d4c460","properties":{"fqdn":"myname2.zone1.com.myzone.com.","TTL":3600,"TXTRecords":[{"value":["manualtxt"]}]}},{"id":"\/subscriptions\/0b1f6471-1bf0-4dda-aec3-cb9272f09590\/resourceGroups\/cli_dns_zone_import_export000001\/providers\/Microsoft.Network\/dnszones\/myzone.com\/NS\/myns.zone1.com","name":"myns.zone1.com","type":"Microsoft.Network\/dnszones\/NS","etag":"8cea2561-36a5-468d-a38c-408f441d4b80","properties":{"fqdn":"myns.zone1.com.myzone.com.","TTL":3600,"NSRecords":[{"nsdname":"ns.contoso.com."}]}},{"id":"\/subscriptions\/0b1f6471-1bf0-4dda-aec3-cb9272f09590\/resourceGroups\/cli_dns_zone_import_export000001\/providers\/Microsoft.Network\/dnszones\/myzone.com\/PTR\/myptr.zone1.com","name":"myptr.zone1.com","type":"Microsoft.Network\/dnszones\/PTR","etag":"759d666d-aab9-4d5e-92f7-1ec5f50b42a4","properties":{"fqdn":"myptr.zone1.com.myzone.com.","TTL":3600,"PTRRecords":[{"ptrdname":"contoso.com"}]}},{"id":"\/subscriptions\/0b1f6471-1bf0-4dda-aec3-cb9272f09590\/resourceGroups\/cli_dns_zone_import_export000001\/providers\/Microsoft.Network\/dnszones\/myzone.com\/SRV\/mysrv.zone1.com","name":"mysrv.zone1.com","type":"Microsoft.Network\/dnszones\/SRV","etag":"30f92563-9749-48e0-a51f-897f1514cd6a","properties":{"fqdn":"mysrv.zone1.com.myzone.com.","TTL":3600,"SRVRecords":[{"port":1234,"priority":1,"target":"target.contoso.com.","weight":2}]}},{"id":"\/subscriptions\/0b1f6471-1bf0-4dda-aec3-cb9272f09590\/resourceGroups\/cli_dns_zone_import_export000001\/providers\/Microsoft.Network\/dnszones\/myzone.com\/TXT\/mytxt2.zone1.com","name":"mytxt2.zone1.com","type":"Microsoft.Network\/dnszones\/TXT","etag":"1939ac92-74fb-481c-b3f7-daf0823cc786","properties":{"fqdn":"mytxt2.zone1.com.myzone.com.","TTL":7200,"TXTRecords":[{"value":["abc
        def"]},{"value":["foo bar"]}]}},{"id":"\/subscriptions\/0b1f6471-1bf0-4dda-aec3-cb9272f09590\/resourceGroups\/cli_dns_zone_import_export000001\/providers\/Microsoft.Network\/dnszones\/myzone.com\/TXT\/mytxtrs.zone1.com","name":"mytxtrs.zone1.com","type":"Microsoft.Network\/dnszones\/TXT","etag":"056bfafb-3acc-4bde-be41-ed2666127233","properties":{"fqdn":"mytxtrs.zone1.com.myzone.com.","TTL":3600,"TXTRecords":[{"value":["hi"]}]}}]}'}
    headers:
      cache-control: [private]
      content-length: ['7628']
      content-type: [application/json; charset=utf-8]
      date: ['Fri, 27 Oct 2017 23:50:23 GMT']
      server: [Microsoft-IIS/8.5]
      strict-transport-security: [max-age=31536000; includeSubDomains]
      transfer-encoding: [chunked]
      vary: [Accept-Encoding]
      x-aspnet-version: [4.0.30319]
      x-content-type-options: [nosniff]
      x-ms-ratelimit-remaining-subscription-resource-requests: ['11999']
      x-powered-by: [ASP.NET]
    status: {code: 200, message: OK}
- request:
    body: null
    headers:
      Accept: [application/json]
      Accept-Encoding: ['gzip, deflate']
      CommandName: [unknown]
      Connection: [keep-alive]
      Content-Length: ['0']
      Content-Type: [application/json; charset=utf-8]
      User-Agent: [python/3.5.3 (Windows-10-10.0.16299-SP0) requests/2.18.4 msrest/0.4.18
          msrest_azure/0.4.15 resourcemanagementclient/1.2.1 Azure-SDK-For-Python
          AZURECLI/2.0.21]
      accept-language: [en-US]
    method: DELETE
    uri: https://management.azure.com/subscriptions/00000000-0000-0000-0000-000000000000/resourcegroups/cli_dns_zone_import_export000001?api-version=2017-05-10
  response:
    body: {string: ''}
    headers:
      cache-control: [no-cache]
      content-length: ['0']
      date: ['Fri, 27 Oct 2017 23:50:23 GMT']
      expires: ['-1']
      location: ['https://management.azure.com/subscriptions/00000000-0000-0000-0000-000000000000/operationresults/eyJqb2JJZCI6IlJFU09VUkNFR1JPVVBERUxFVElPTkpPQi1DTEk6NUZETlM6NUZaT05FOjVGSU1QT1JUOjVGRVhQT1JUVVhZMkhUUU82QkVNS3w3NTFGMjMxQTM1OUQ0Mzc2LVdFU1RVUyIsImpvYkxvY2F0aW9uIjoid2VzdHVzIn0?api-version=2017-05-10']
      pragma: [no-cache]
      strict-transport-security: [max-age=31536000; includeSubDomains]
      x-ms-ratelimit-remaining-subscription-writes: ['1197']
    status: {code: 202, message: Accepted}
version: 1
