interactions:
- request:
    body: null
    headers:
      Accept: [application/json]
      Accept-Encoding: ['gzip, deflate']
      Connection: [keep-alive]
      Content-Type: [application/json; charset=utf-8]
      User-Agent: [python/3.5.3 (Windows-10-10.0.16299-SP0) requests/2.18.4 msrest/0.4.19
          msrest_azure/0.4.17 resourcemanagementclient/1.2.1 Azure-SDK-For-Python
          AZURECLI/TEST/2.0.22]
      accept-language: [en-US]
      x-ms-client-request-id: [5199ab64-d3d1-11e7-ba74-a0b3ccf7272a]
    method: GET
    uri: https://management.azure.com/subscriptions/00000000-0000-0000-0000-000000000000/resourcegroups/cli_vnet_test?api-version=2017-05-10
  response:
    body: {string: '{"id":"/subscriptions/00000000-0000-0000-0000-000000000000/resourceGroups/cli_vnet_test","name":"cli_vnet_test","location":"westus","tags":{"use":"az-test"},"properties":{"provisioningState":"Succeeded"}}'}
    headers:
      Cache-Control: [no-cache]
      Content-Type: [application/json; charset=utf-8]
      Date: ['Tue, 28 Nov 2017 00:16:02 GMT']
      Expires: ['-1']
      Pragma: [no-cache]
      Strict-Transport-Security: [max-age=31536000; includeSubDomains]
      Vary: [Accept-Encoding]
      content-length: ['216']
    status: {code: 200, message: OK}
- request:
    body: '{"properties": {"addressSpace": {"addressPrefixes": ["10.0.0.0/16"]}, "subnets":
      [{"properties": {"addressPrefix": "10.0.0.0/24"}, "name": "default"}], "dhcpOptions":
      {}}, "tags": {}, "location": "westus"}'
    headers:
      Accept: [application/json]
      Accept-Encoding: ['gzip, deflate']
      Connection: [keep-alive]
      Content-Length: ['205']
      Content-Type: [application/json; charset=utf-8]
      User-Agent: [python/3.5.3 (Windows-10-10.0.16299-SP0) requests/2.18.4 msrest/0.4.19
          msrest_azure/0.4.17 networkmanagementclient/1.6.0 Azure-SDK-For-Python AZURECLI/TEST/2.0.22]
      accept-language: [en-US]
      x-ms-client-request-id: [51addbdc-d3d1-11e7-9cd4-a0b3ccf7272a]
    method: PUT
    uri: https://management.azure.com/subscriptions/00000000-0000-0000-0000-000000000000/resourceGroups/cli_vnet_test/providers/Microsoft.Network/virtualNetworks/test-vnet?api-version=2017-10-01
  response:
    body: {string: "{\r\n  \"name\": \"test-vnet\",\r\n  \"id\": \"/subscriptions/00000000-0000-0000-0000-000000000000/resourceGroups/cli_vnet_test/providers/Microsoft.Network/virtualNetworks/test-vnet\"\
        ,\r\n  \"etag\": \"W/\\\"2dffc6f4-9ec6-4b63-b138-a744f71196f6\\\"\",\r\n \
        \ \"type\": \"Microsoft.Network/virtualNetworks\",\r\n  \"location\": \"westus\"\
        ,\r\n  \"tags\": {},\r\n  \"properties\": {\r\n    \"provisioningState\":\
        \ \"Updating\",\r\n    \"resourceGuid\": \"933c561e-4303-4455-85dd-62a9c6a9ff4a\"\
        ,\r\n    \"addressSpace\": {\r\n      \"addressPrefixes\": [\r\n        \"\
        10.0.0.0/16\"\r\n      ]\r\n    },\r\n    \"dhcpOptions\": {\r\n      \"dnsServers\"\
        : []\r\n    },\r\n    \"subnets\": [\r\n      {\r\n        \"name\": \"default\"\
        ,\r\n        \"id\": \"/subscriptions/00000000-0000-0000-0000-000000000000/resourceGroups/cli_vnet_test/providers/Microsoft.Network/virtualNetworks/test-vnet/subnets/default\"\
        ,\r\n        \"etag\": \"W/\\\"2dffc6f4-9ec6-4b63-b138-a744f71196f6\\\"\"\
        ,\r\n        \"properties\": {\r\n          \"provisioningState\": \"Updating\"\
        ,\r\n          \"addressPrefix\": \"10.0.0.0/24\"\r\n        }\r\n      }\r\
        \n    ],\r\n    \"virtualNetworkPeerings\": [],\r\n    \"enableDdosProtection\"\
        : false,\r\n    \"enableVmProtection\": false\r\n  }\r\n}"}
    headers:
      Azure-AsyncOperation: ['https://management.azure.com/subscriptions/0b1f6471-1bf0-4dda-aec3-cb9272f09590/providers/Microsoft.Network/locations/westus/operations/8d4bd4a6-7a9e-48d7-9362-38402fdcf02a?api-version=2017-10-01']
      Cache-Control: [no-cache]
      Content-Length: ['1130']
      Content-Type: [application/json; charset=utf-8]
      Date: ['Tue, 28 Nov 2017 00:16:04 GMT']
      Expires: ['-1']
      Pragma: [no-cache]
      Retry-After: ['3']
      Server: [Microsoft-HTTPAPI/2.0, Microsoft-HTTPAPI/2.0]
      Strict-Transport-Security: [max-age=31536000; includeSubDomains]
      x-ms-ratelimit-remaining-subscription-writes: ['1197']
    status: {code: 201, message: Created}
- request:
    body: null
    headers:
      Accept: [application/json]
      Accept-Encoding: ['gzip, deflate']
      Connection: [keep-alive]
      Content-Type: [application/json; charset=utf-8]
      User-Agent: [python/3.5.3 (Windows-10-10.0.16299-SP0) requests/2.18.4 msrest/0.4.19
          msrest_azure/0.4.17 networkmanagementclient/1.6.0 Azure-SDK-For-Python AZURECLI/TEST/2.0.22]
      accept-language: [en-US]
      x-ms-client-request-id: [51addbdc-d3d1-11e7-9cd4-a0b3ccf7272a]
    method: GET
    uri: https://management.azure.com/subscriptions/00000000-0000-0000-0000-000000000000/providers/Microsoft.Network/locations/westus/operations/8d4bd4a6-7a9e-48d7-9362-38402fdcf02a?api-version=2017-10-01
  response:
    body: {string: "{\r\n  \"status\": \"Succeeded\"\r\n}"}
    headers:
      Cache-Control: [no-cache]
      Content-Type: [application/json; charset=utf-8]
      Date: ['Tue, 28 Nov 2017 00:16:08 GMT']
      Expires: ['-1']
      Pragma: [no-cache]
      Server: [Microsoft-HTTPAPI/2.0, Microsoft-HTTPAPI/2.0]
      Strict-Transport-Security: [max-age=31536000; includeSubDomains]
      Transfer-Encoding: [chunked]
      Vary: [Accept-Encoding]
      content-length: ['29']
    status: {code: 200, message: OK}
- request:
    body: null
    headers:
      Accept: [application/json]
      Accept-Encoding: ['gzip, deflate']
      Connection: [keep-alive]
      Content-Type: [application/json; charset=utf-8]
      User-Agent: [python/3.5.3 (Windows-10-10.0.16299-SP0) requests/2.18.4 msrest/0.4.19
          msrest_azure/0.4.17 networkmanagementclient/1.6.0 Azure-SDK-For-Python AZURECLI/TEST/2.0.22]
      accept-language: [en-US]
      x-ms-client-request-id: [51addbdc-d3d1-11e7-9cd4-a0b3ccf7272a]
    method: GET
    uri: https://management.azure.com/subscriptions/00000000-0000-0000-0000-000000000000/resourceGroups/cli_vnet_test/providers/Microsoft.Network/virtualNetworks/test-vnet?api-version=2017-10-01
  response:
    body: {string: "{\r\n  \"name\": \"test-vnet\",\r\n  \"id\": \"/subscriptions/00000000-0000-0000-0000-000000000000/resourceGroups/cli_vnet_test/providers/Microsoft.Network/virtualNetworks/test-vnet\"\
        ,\r\n  \"etag\": \"W/\\\"c30a5e2b-7119-4717-820c-a78fa10a800b\\\"\",\r\n \
        \ \"type\": \"Microsoft.Network/virtualNetworks\",\r\n  \"location\": \"westus\"\
        ,\r\n  \"tags\": {},\r\n  \"properties\": {\r\n    \"provisioningState\":\
        \ \"Succeeded\",\r\n    \"resourceGuid\": \"933c561e-4303-4455-85dd-62a9c6a9ff4a\"\
        ,\r\n    \"addressSpace\": {\r\n      \"addressPrefixes\": [\r\n        \"\
        10.0.0.0/16\"\r\n      ]\r\n    },\r\n    \"dhcpOptions\": {\r\n      \"dnsServers\"\
        : []\r\n    },\r\n    \"subnets\": [\r\n      {\r\n        \"name\": \"default\"\
        ,\r\n        \"id\": \"/subscriptions/00000000-0000-0000-0000-000000000000/resourceGroups/cli_vnet_test/providers/Microsoft.Network/virtualNetworks/test-vnet/subnets/default\"\
        ,\r\n        \"etag\": \"W/\\\"c30a5e2b-7119-4717-820c-a78fa10a800b\\\"\"\
        ,\r\n        \"properties\": {\r\n          \"provisioningState\": \"Succeeded\"\
        ,\r\n          \"addressPrefix\": \"10.0.0.0/24\"\r\n        }\r\n      }\r\
        \n    ],\r\n    \"virtualNetworkPeerings\": [],\r\n    \"enableDdosProtection\"\
        : false,\r\n    \"enableVmProtection\": false\r\n  }\r\n}"}
    headers:
      Cache-Control: [no-cache]
      Content-Type: [application/json; charset=utf-8]
      Date: ['Tue, 28 Nov 2017 00:16:08 GMT']
      ETag: [W/"c30a5e2b-7119-4717-820c-a78fa10a800b"]
      Expires: ['-1']
      Pragma: [no-cache]
      Server: [Microsoft-HTTPAPI/2.0, Microsoft-HTTPAPI/2.0]
      Strict-Transport-Security: [max-age=31536000; includeSubDomains]
      Transfer-Encoding: [chunked]
      Vary: [Accept-Encoding]
      content-length: ['1132']
    status: {code: 200, message: OK}
- request:
    body: null
    headers:
      Accept: [application/json]
      Accept-Encoding: ['gzip, deflate']
      Connection: [keep-alive]
      Content-Type: [application/json; charset=utf-8]
      User-Agent: [python/3.5.3 (Windows-10-10.0.16299-SP0) requests/2.18.4 msrest/0.4.19
          msrest_azure/0.4.17 networkmanagementclient/1.6.0 Azure-SDK-For-Python AZURECLI/TEST/2.0.22]
      accept-language: [en-US]
      x-ms-client-request-id: [5582931a-d3d1-11e7-9e91-a0b3ccf7272a]
    method: GET
    uri: https://management.azure.com/subscriptions/00000000-0000-0000-0000-000000000000/resourceGroups/cli_vnet_test/providers/Microsoft.Network/virtualNetworks/test-vnet/CheckIPAddressAvailability?ipAddress=10.0.0.50&api-version=2017-10-01
  response:
    body: {string: "{\r\n  \"available\": true\r\n}"}
    headers:
      Cache-Control: [no-cache]
      Content-Type: [application/json; charset=utf-8]
      Date: ['Tue, 28 Nov 2017 00:16:09 GMT']
      Expires: ['-1']
      Pragma: [no-cache]
      Server: [Microsoft-HTTPAPI/2.0, Microsoft-HTTPAPI/2.0]
      Strict-Transport-Security: [max-age=31536000; includeSubDomains]
      Transfer-Encoding: [chunked]
      Vary: [Accept-Encoding]
      content-length: ['25']
    status: {code: 200, message: OK}
- request:
    body: null
    headers:
      Accept: [application/json]
      Accept-Encoding: ['gzip, deflate']
      Connection: [keep-alive]
      Content-Type: [application/json; charset=utf-8]
      User-Agent: [python/3.5.3 (Windows-10-10.0.16299-SP0) requests/2.18.4 msrest/0.4.19
          msrest_azure/0.4.17 networkmanagementclient/1.6.0 Azure-SDK-For-Python AZURECLI/TEST/2.0.22]
      accept-language: [en-US]
      x-ms-client-request-id: [55c228f6-d3d1-11e7-b075-a0b3ccf7272a]
    method: GET
    uri: https://management.azure.com/subscriptions/00000000-0000-0000-0000-000000000000/resourceGroups/cli_vnet_test/providers/Microsoft.Network/virtualNetworks/test-vnet/CheckIPAddressAvailability?ipAddress=10.0.0.0&api-version=2017-10-01
  response:
    body: {string: "{\r\n  \"available\": false,\r\n  \"availableIPAddresses\": [\r\
        \n    \"10.0.0.4\",\r\n    \"10.0.0.5\",\r\n    \"10.0.0.6\",\r\n    \"10.0.0.7\"\
        ,\r\n    \"10.0.0.8\"\r\n  ]\r\n}"}
    headers:
      Cache-Control: [no-cache]
      Content-Type: [application/json; charset=utf-8]
      Date: ['Tue, 28 Nov 2017 00:16:09 GMT']
      Expires: ['-1']
      Pragma: [no-cache]
      Server: [Microsoft-HTTPAPI/2.0, Microsoft-HTTPAPI/2.0]
      Strict-Transport-Security: [max-age=31536000; includeSubDomains]
      Transfer-Encoding: [chunked]
      Vary: [Accept-Encoding]
      content-length: ['145']
    status: {code: 200, message: OK}
- request:
    body: null
    headers:
      Accept: [application/json]
      Accept-Encoding: ['gzip, deflate']
      Connection: [keep-alive]
      Content-Type: [application/json; charset=utf-8]
      User-Agent: [python/3.5.3 (Windows-10-10.0.16299-SP0) requests/2.18.4 msrest/0.4.19
          msrest_azure/0.4.17 networkmanagementclient/1.6.0 Azure-SDK-For-Python AZURECLI/TEST/2.0.22]
      accept-language: [en-US]
      x-ms-client-request-id: [56040bb6-d3d1-11e7-8ed9-a0b3ccf7272a]
    method: GET
    uri: https://management.azure.com/subscriptions/00000000-0000-0000-0000-000000000000/providers/Microsoft.Network/virtualNetworks?api-version=2017-10-01
  response:
    body: {string: '{"value":[{"name":"Dtlcliautomationlab","id":"/subscriptions/00000000-0000-0000-0000-000000000000/resourceGroups/cliautomation/providers/Microsoft.Network/virtualNetworks/Dtlcliautomationlab","etag":"W/\"7a9fbc6c-d902-4ce2-ba72-1c43b3201efc\"","type":"Microsoft.Network/virtualNetworks","location":"westus","tags":{"hidden-DevTestLabs-LabUId":"9f45d4bf-7e01-4684-9438-37c712728db1"},"properties":{"provisioningState":"Succeeded","resourceGuid":"55c22cf6-f423-45d2-92e0-c1e9cd0cc0b1","addressSpace":{"addressPrefixes":["10.0.0.0/20"]},"dhcpOptions":{"dnsServers":[]},"subnets":[{"name":"DtlcliautomationlabSubnet","id":"/subscriptions/00000000-0000-0000-0000-000000000000/resourceGroups/cliautomation/providers/Microsoft.Network/virtualNetworks/Dtlcliautomationlab/subnets/DtlcliautomationlabSubnet","etag":"W/\"7a9fbc6c-d902-4ce2-ba72-1c43b3201efc\"","properties":{"provisioningState":"Succeeded","addressPrefix":"10.0.0.0/20"}}],"virtualNetworkPeerings":[],"enableDdosProtection":false,"enableVmProtection":false}},{"name":"Dtlcliautomationlab","id":"/subscriptions/00000000-0000-0000-0000-000000000000/resourceGroups/cliautomation01/providers/Microsoft.Network/virtualNetworks/Dtlcliautomationlab","etag":"W/\"1fe83bae-1d3a-4b04-af02-731b2b65d150\"","type":"Microsoft.Network/virtualNetworks","location":"westus","tags":{"hidden-DevTestLabs-LabUId":"72f1b266-2a21-4f0a-af01-934c93c72e6e"},"properties":{"provisioningState":"Succeeded","resourceGuid":"58d9d284-409c-4aa6-9878-5bd35ac2c617","addressSpace":{"addressPrefixes":["10.0.0.0/20"]},"dhcpOptions":{"dnsServers":[]},"subnets":[{"name":"DtlcliautomationlabSubnet","id":"/subscriptions/00000000-0000-0000-0000-000000000000/resourceGroups/cliautomation01/providers/Microsoft.Network/virtualNetworks/Dtlcliautomationlab/subnets/DtlcliautomationlabSubnet","etag":"W/\"1fe83bae-1d3a-4b04-af02-731b2b65d150\"","properties":{"provisioningState":"Succeeded","addressPrefix":"10.0.0.0/20"}}],"virtualNetworkPeerings":[],"enableDdosProtection":false,"enableVmProtection":false}},{"name":"conveniencevm1VNET","id":"/subscriptions/00000000-0000-0000-0000-000000000000/resourceGroups/cli_nic_convenience_test_0pft_/providers/Microsoft.Network/virtualNetworks/conveniencevm1VNET","etag":"W/\"305cce9a-4dc1-412f-906d-6d9bf867ea89\"","type":"Microsoft.Network/virtualNetworks","location":"westus","tags":{},"properties":{"provisioningState":"Succeeded","resourceGuid":"a82a7620-bb0e-4944-a71a-c93ed472cf43","addressSpace":{"addressPrefixes":["10.0.0.0/16"]},"subnets":[{"name":"conveniencevm1Subnet","id":"/subscriptions/00000000-0000-0000-0000-000000000000/resourceGroups/cli_nic_convenience_test_0pft_/providers/Microsoft.Network/virtualNetworks/conveniencevm1VNET/subnets/conveniencevm1Subnet","etag":"W/\"305cce9a-4dc1-412f-906d-6d9bf867ea89\"","properties":{"provisioningState":"Succeeded","addressPrefix":"10.0.0.0/24","ipConfigurations":[{"id":"/subscriptions/00000000-0000-0000-0000-000000000000/resourceGroups/cli_nic_convenience_test_0pft_/providers/Microsoft.Network/networkInterfaces/conveniencevm1VMNic/ipConfigurations/ipconfigconveniencevm1"}]}}],"virtualNetworkPeerings":[],"enableDdosProtection":false,"enableVmProtection":false}},{"name":"vnet1","id":"/subscriptions/00000000-0000-0000-0000-000000000000/resourceGroups/cli_test_active_active_cross_premise_connection_dq4g_/providers/Microsoft.Network/virtualNetworks/vnet1","etag":"W/\"52989542-bbac-4f54-98d2-09b96c39dcf5\"","type":"Microsoft.Network/virtualNetworks","location":"westus","tags":{},"properties":{"provisioningState":"Succeeded","resourceGuid":"dd52d17d-9864-46a7-b189-bf163bc801f4","addressSpace":{"addressPrefixes":["10.11.0.0/16","10.12.0.0/16"]},"dhcpOptions":{"dnsServers":[]},"subnets":[{"name":"GatewaySubnet","id":"/subscriptions/00000000-0000-0000-0000-000000000000/resourceGroups/cli_test_active_active_cross_premise_connection_dq4g_/providers/Microsoft.Network/virtualNetworks/vnet1/subnets/GatewaySubnet","etag":"W/\"52989542-bbac-4f54-98d2-09b96c39dcf5\"","properties":{"provisioningState":"Succeeded","addressPrefix":"10.12.255.0/27","ipConfigurations":[{"id":"/subscriptions/00000000-0000-0000-0000-000000000000/resourceGroups/cli_test_active_active_cross_premise_connection_dq4g_/providers/Microsoft.Network/virtualNetworkGateways/gw1/ipConfigurations/vnetGatewayConfig0"},{"id":"/subscriptions/00000000-0000-0000-0000-000000000000/resourceGroups/cli_test_active_active_cross_premise_connection_dq4g_/providers/Microsoft.Network/virtualNetworkGateways/gw1/ipConfigurations/vnetGatewayConfig1"}]}}],"virtualNetworkPeerings":[],"enableDdosProtection":false,"enableVmProtection":false}},{"name":"vnet1","id":"/subscriptions/00000000-0000-0000-0000-000000000000/resourceGroups/cli_test_active_active_cross_premise_connection_ruwg_/providers/Microsoft.Network/virtualNetworks/vnet1","etag":"W/\"7aa81065-4d6a-41e0-9793-174b9d3568b8\"","type":"Microsoft.Network/virtualNetworks","location":"westus","tags":{},"properties":{"provisioningState":"Succeeded","resourceGuid":"8bb0192b-bc35-4e30-b506-f3cb54aaf866","addressSpace":{"addressPrefixes":["10.11.0.0/16","10.12.0.0/16"]},"dhcpOptions":{"dnsServers":[]},"subnets":[{"name":"GatewaySubnet","id":"/subscriptions/00000000-0000-0000-0000-000000000000/resourceGroups/cli_test_active_active_cross_premise_connection_ruwg_/providers/Microsoft.Network/virtualNetworks/vnet1/subnets/GatewaySubnet","etag":"W/\"7aa81065-4d6a-41e0-9793-174b9d3568b8\"","properties":{"provisioningState":"Succeeded","addressPrefix":"10.12.255.0/27","ipConfigurations":[{"id":"/subscriptions/00000000-0000-0000-0000-000000000000/resourceGroups/cli_test_active_active_cross_premise_connection_ruwg_/providers/Microsoft.Network/virtualNetworkGateways/gw1/ipConfigurations/vnetGatewayConfig0"},{"id":"/subscriptions/00000000-0000-0000-0000-000000000000/resourceGroups/cli_test_active_active_cross_premise_connection_ruwg_/providers/Microsoft.Network/virtualNetworkGateways/gw1/ipConfigurations/vnetGatewayConfig1"}]}}],"virtualNetworkPeerings":[],"enableDdosProtection":false,"enableVmProtection":false}},{"name":"vnet1","id":"/subscriptions/00000000-0000-0000-0000-000000000000/resourceGroups/cli_test_active_active_vnet_vnet_connection_0xdx_/providers/Microsoft.Network/virtualNetworks/vnet1","etag":"W/\"bf73a8ec-332e-42e6-be12-567c8ea3f6f9\"","type":"Microsoft.Network/virtualNetworks","location":"westus","tags":{},"properties":{"provisioningState":"Succeeded","resourceGuid":"c29db1c0-3d3b-45cd-8cb5-1d63ae4f6fb8","addressSpace":{"addressPrefixes":["10.21.0.0/16"]},"dhcpOptions":{"dnsServers":[]},"subnets":[{"name":"GatewaySubnet","id":"/subscriptions/00000000-0000-0000-0000-000000000000/resourceGroups/cli_test_active_active_vnet_vnet_connection_0xdx_/providers/Microsoft.Network/virtualNetworks/vnet1/subnets/GatewaySubnet","etag":"W/\"bf73a8ec-332e-42e6-be12-567c8ea3f6f9\"","properties":{"provisioningState":"Succeeded","addressPrefix":"10.21.255.0/27","ipConfigurations":[{"id":"/subscriptions/00000000-0000-0000-0000-000000000000/resourceGroups/cli_test_active_active_vnet_vnet_connection_0xdx_/providers/Microsoft.Network/virtualNetworkGateways/vgw1/ipConfigurations/vnetGatewayConfig0"},{"id":"/subscriptions/00000000-0000-0000-0000-000000000000/resourceGroups/cli_test_active_active_vnet_vnet_connection_0xdx_/providers/Microsoft.Network/virtualNetworkGateways/vgw1/ipConfigurations/vnetGatewayConfig1"}]}}],"virtualNetworkPeerings":[],"enableDdosProtection":false,"enableVmProtection":false}},{"name":"vnet2","id":"/subscriptions/00000000-0000-0000-0000-000000000000/resourceGroups/cli_test_active_active_vnet_vnet_connection_0xdx_/providers/Microsoft.Network/virtualNetworks/vnet2","etag":"W/\"4fa0640e-a29f-412b-b014-96ec0b00efaa\"","type":"Microsoft.Network/virtualNetworks","location":"westus","tags":{},"properties":{"provisioningState":"Succeeded","resourceGuid":"fb526dcf-14c4-48a4-942c-243c765271c4","addressSpace":{"addressPrefixes":["10.22.0.0/16"]},"dhcpOptions":{"dnsServers":[]},"subnets":[{"name":"GatewaySubnet","id":"/subscriptions/00000000-0000-0000-0000-000000000000/resourceGroups/cli_test_active_active_vnet_vnet_connection_0xdx_/providers/Microsoft.Network/virtualNetworks/vnet2/subnets/GatewaySubnet","etag":"W/\"4fa0640e-a29f-412b-b014-96ec0b00efaa\"","properties":{"provisioningState":"Succeeded","addressPrefix":"10.22.255.0/27","ipConfigurations":[{"id":"/subscriptions/00000000-0000-0000-0000-000000000000/resourceGroups/cli_test_active_active_vnet_vnet_connection_0xdx_/providers/Microsoft.Network/virtualNetworkGateways/vgw2/ipConfigurations/vnetGatewayConfig0"},{"id":"/subscriptions/00000000-0000-0000-0000-000000000000/resourceGroups/cli_test_active_active_vnet_vnet_connection_0xdx_/providers/Microsoft.Network/virtualNetworkGateways/vgw2/ipConfigurations/vnetGatewayConfig1"}]}}],"virtualNetworkPeerings":[],"enableDdosProtection":false,"enableVmProtection":false}},{"name":"vnet1","id":"/subscriptions/00000000-0000-0000-0000-000000000000/resourceGroups/cli_test_active_active_vnet_vnet_connection_qrh8_/providers/Microsoft.Network/virtualNetworks/vnet1","etag":"W/\"e9264fa1-83d1-4820-b9d8-1f06060fa002\"","type":"Microsoft.Network/virtualNetworks","location":"westus","tags":{},"properties":{"provisioningState":"Succeeded","resourceGuid":"76ef4b79-aff0-46c5-a56e-4b90354e5ab2","addressSpace":{"addressPrefixes":["10.21.0.0/16"]},"dhcpOptions":{"dnsServers":[]},"subnets":[{"name":"GatewaySubnet","id":"/subscriptions/00000000-0000-0000-0000-000000000000/resourceGroups/cli_test_active_active_vnet_vnet_connection_qrh8_/providers/Microsoft.Network/virtualNetworks/vnet1/subnets/GatewaySubnet","etag":"W/\"e9264fa1-83d1-4820-b9d8-1f06060fa002\"","properties":{"provisioningState":"Succeeded","addressPrefix":"10.21.255.0/27","ipConfigurations":[{"id":"/subscriptions/00000000-0000-0000-0000-000000000000/resourceGroups/cli_test_active_active_vnet_vnet_connection_qrh8_/providers/Microsoft.Network/virtualNetworkGateways/vgw1/ipConfigurations/vnetGatewayConfig0"},{"id":"/subscriptions/00000000-0000-0000-0000-000000000000/resourceGroups/cli_test_active_active_vnet_vnet_connection_qrh8_/providers/Microsoft.Network/virtualNetworkGateways/vgw1/ipConfigurations/vnetGatewayConfig1"}]}}],"virtualNetworkPeerings":[],"enableDdosProtection":false,"enableVmProtection":false}},{"name":"vnet2","id":"/subscriptions/00000000-0000-0000-0000-000000000000/resourceGroups/cli_test_active_active_vnet_vnet_connection_qrh8_/providers/Microsoft.Network/virtualNetworks/vnet2","etag":"W/\"6a1738c1-d781-4911-97bd-072350f6e990\"","type":"Microsoft.Network/virtualNetworks","location":"westus","tags":{},"properties":{"provisioningState":"Succeeded","resourceGuid":"b2ff3c96-941e-4d3b-ac7e-f839f5342d65","addressSpace":{"addressPrefixes":["10.22.0.0/16"]},"dhcpOptions":{"dnsServers":[]},"subnets":[{"name":"GatewaySubnet","id":"/subscriptions/00000000-0000-0000-0000-000000000000/resourceGroups/cli_test_active_active_vnet_vnet_connection_qrh8_/providers/Microsoft.Network/virtualNetworks/vnet2/subnets/GatewaySubnet","etag":"W/\"6a1738c1-d781-4911-97bd-072350f6e990\"","properties":{"provisioningState":"Succeeded","addressPrefix":"10.22.255.0/27","ipConfigurations":[{"id":"/subscriptions/00000000-0000-0000-0000-000000000000/resourceGroups/cli_test_active_active_vnet_vnet_connection_qrh8_/providers/Microsoft.Network/virtualNetworkGateways/vgw2/ipConfigurations/vnetGatewayConfig0"},{"id":"/subscriptions/00000000-0000-0000-0000-000000000000/resourceGroups/cli_test_active_active_vnet_vnet_connection_qrh8_/providers/Microsoft.Network/virtualNetworkGateways/vgw2/ipConfigurations/vnetGatewayConfig1"}]}}],"virtualNetworkPeerings":[],"enableDdosProtection":false,"enableVmProtection":false}},{"name":"ag1Vnet","id":"/subscriptions/00000000-0000-0000-0000-000000000000/resourceGroups/cli_test_ag_basicbdjgtbesvhwifemjbns5imt7xf5yrivj2qis23eaijx2frs4crqcsrkktp/providers/Microsoft.Network/virtualNetworks/ag1Vnet","etag":"W/\"3eec65a7-5eea-4d33-aa16-d841067dffc8\"","type":"Microsoft.Network/virtualNetworks","location":"westus","tags":{},"properties":{"provisioningState":"Succeeded","resourceGuid":"b1ee3dd6-acdf-4347-befc-a4ced841422a","addressSpace":{"addressPrefixes":["10.0.0.0/16"]},"subnets":[{"name":"default","id":"/subscriptions/00000000-0000-0000-0000-000000000000/resourceGroups/cli_test_ag_basicbdjgtbesvhwifemjbns5imt7xf5yrivj2qis23eaijx2frs4crqcsrkktp/providers/Microsoft.Network/virtualNetworks/ag1Vnet/subnets/default","etag":"W/\"3eec65a7-5eea-4d33-aa16-d841067dffc8\"","properties":{"provisioningState":"Succeeded","addressPrefix":"10.0.0.0/24","ipConfigurations":[{"id":"/subscriptions/00000000-0000-0000-0000-000000000000/resourceGroups/cli_test_ag_basicbdjgtbesvhwifemjbns5imt7xf5yrivj2qis23eaijx2frs4crqcsrkktp/providers/Microsoft.Network/applicationGateways/ag1/frontendIPConfigurations/appGatewayFrontendIP"}],"applicationGatewayIPConfigurations":[{"id":"/subscriptions/00000000-0000-0000-0000-000000000000/resourceGroups/cli_test_ag_basicbdjgtbesvhwifemjbns5imt7xf5yrivj2qis23eaijx2frs4crqcsrkktp/providers/Microsoft.Network/applicationGateways/ag1/gatewayIPConfigurations/appGatewayFrontendIP"}]}}],"virtualNetworkPeerings":[],"enableDdosProtection":false,"enableVmProtection":false}},{"name":"ag1Vnet","id":"/subscriptions/00000000-0000-0000-0000-000000000000/resourceGroups/cli_test_ag_basicfetzxcswphyxolvswpbikgljg4lcplxt7udmyz52nbbahqqfnxs6u37mlu/providers/Microsoft.Network/virtualNetworks/ag1Vnet","etag":"W/\"fbbe75b1-4dec-401b-bb94-d942746e3914\"","type":"Microsoft.Network/virtualNetworks","location":"westus","tags":{},"properties":{"provisioningState":"Succeeded","resourceGuid":"1eb69d31-f7b6-4386-8f03-225b478914e1","addressSpace":{"addressPrefixes":["10.0.0.0/16"]},"subnets":[{"name":"default","id":"/subscriptions/00000000-0000-0000-0000-000000000000/resourceGroups/cli_test_ag_basicfetzxcswphyxolvswpbikgljg4lcplxt7udmyz52nbbahqqfnxs6u37mlu/providers/Microsoft.Network/virtualNetworks/ag1Vnet/subnets/default","etag":"W/\"fbbe75b1-4dec-401b-bb94-d942746e3914\"","properties":{"provisioningState":"Succeeded","addressPrefix":"10.0.0.0/24","ipConfigurations":[{"id":"/subscriptions/00000000-0000-0000-0000-000000000000/resourceGroups/cli_test_ag_basicfetzxcswphyxolvswpbikgljg4lcplxt7udmyz52nbbahqqfnxs6u37mlu/providers/Microsoft.Network/applicationGateways/ag1/frontendIPConfigurations/appGatewayFrontendIP"}],"applicationGatewayIPConfigurations":[{"id":"/subscriptions/00000000-0000-0000-0000-000000000000/resourceGroups/cli_test_ag_basicfetzxcswphyxolvswpbikgljg4lcplxt7udmyz52nbbahqqfnxs6u37mlu/providers/Microsoft.Network/applicationGateways/ag1/gatewayIPConfigurations/appGatewayFrontendIP"}]}}],"virtualNetworkPeerings":[],"enableDdosProtection":false,"enableVmProtection":false}},{"name":"ag1Vnet","id":"/subscriptions/00000000-0000-0000-0000-000000000000/resourceGroups/cli_test_ag_basicx2mwouvqpwyegrv33z2jktfshrakyae4ahqsgd4mugfvrwvxwitzj62jwg/providers/Microsoft.Network/virtualNetworks/ag1Vnet","etag":"W/\"3fbb034c-c222-4c05-8c57-476e89d6aada\"","type":"Microsoft.Network/virtualNetworks","location":"westus","tags":{},"properties":{"provisioningState":"Succeeded","resourceGuid":"70465a2e-b5c4-4ea6-ad8f-94a6a4d4c92a","addressSpace":{"addressPrefixes":["10.0.0.0/16"]},"subnets":[{"name":"default","id":"/subscriptions/00000000-0000-0000-0000-000000000000/resourceGroups/cli_test_ag_basicx2mwouvqpwyegrv33z2jktfshrakyae4ahqsgd4mugfvrwvxwitzj62jwg/providers/Microsoft.Network/virtualNetworks/ag1Vnet/subnets/default","etag":"W/\"3fbb034c-c222-4c05-8c57-476e89d6aada\"","properties":{"provisioningState":"Succeeded","addressPrefix":"10.0.0.0/24","ipConfigurations":[{"id":"/subscriptions/00000000-0000-0000-0000-000000000000/resourceGroups/cli_test_ag_basicx2mwouvqpwyegrv33z2jktfshrakyae4ahqsgd4mugfvrwvxwitzj62jwg/providers/Microsoft.Network/applicationGateways/ag1/frontendIPConfigurations/appGatewayFrontendIP"}],"applicationGatewayIPConfigurations":[{"id":"/subscriptions/00000000-0000-0000-0000-000000000000/resourceGroups/cli_test_ag_basicx2mwouvqpwyegrv33z2jktfshrakyae4ahqsgd4mugfvrwvxwitzj62jwg/providers/Microsoft.Network/applicationGateways/ag1/gatewayIPConfigurations/appGatewayFrontendIP"}]}}],"virtualNetworkPeerings":[],"enableDdosProtection":false,"enableVmProtection":false}},{"name":"vnet2","id":"/subscriptions/00000000-0000-0000-0000-000000000000/resourceGroups/cli_test_ag_existing_subnet3b6gt7axunbhygwymhd725beqshgiclhhajowl7cgj6r5xid/providers/Microsoft.Network/virtualNetworks/vnet2","etag":"W/\"c3a698cd-8ab5-4129-9da4-b711b0c30605\"","type":"Microsoft.Network/virtualNetworks","location":"westus","tags":{},"properties":{"provisioningState":"Succeeded","resourceGuid":"079b8401-cdaf-4a62-8cd5-529ccf39db0b","addressSpace":{"addressPrefixes":["10.0.0.0/16"]},"dhcpOptions":{"dnsServers":[]},"subnets":[{"name":"subnet1","id":"/subscriptions/00000000-0000-0000-0000-000000000000/resourceGroups/cli_test_ag_existing_subnet3b6gt7axunbhygwymhd725beqshgiclhhajowl7cgj6r5xid/providers/Microsoft.Network/virtualNetworks/vnet2/subnets/subnet1","etag":"W/\"c3a698cd-8ab5-4129-9da4-b711b0c30605\"","properties":{"provisioningState":"Succeeded","addressPrefix":"10.0.0.0/24","ipConfigurations":[{"id":"/subscriptions/00000000-0000-0000-0000-000000000000/resourceGroups/cli_test_ag_existing_subnet3b6gt7axunbhygwymhd725beqshgiclhhajowl7cgj6r5xid/providers/Microsoft.Network/applicationGateways/ag2/frontendIPConfigurations/appGatewayFrontendIP"}],"applicationGatewayIPConfigurations":[{"id":"/subscriptions/00000000-0000-0000-0000-000000000000/resourceGroups/cli_test_ag_existing_subnet3b6gt7axunbhygwymhd725beqshgiclhhajowl7cgj6r5xid/providers/Microsoft.Network/applicationGateways/ag2/gatewayIPConfigurations/appGatewayFrontendIP"}]}}],"virtualNetworkPeerings":[],"enableDdosProtection":false,"enableVmProtection":false}},{"name":"vnet2","id":"/subscriptions/00000000-0000-0000-0000-000000000000/resourceGroups/cli_test_ag_existing_subnettdm5ylyciel3fhoy2ekdq2haojic5fx65nynkmlvqrsgdx6j/providers/Microsoft.Network/virtualNetworks/vnet2","etag":"W/\"186e6546-d9f8-4c4f-b01e-8db2175f3a05\"","type":"Microsoft.Network/virtualNetworks","location":"westus","tags":{},"properties":{"provisioningState":"Succeeded","resourceGuid":"7a7f3e05-8abd-4a81-b861-541419c7e395","addressSpace":{"addressPrefixes":["10.0.0.0/16"]},"dhcpOptions":{"dnsServers":[]},"subnets":[{"name":"subnet1","id":"/subscriptions/00000000-0000-0000-0000-000000000000/resourceGroups/cli_test_ag_existing_subnettdm5ylyciel3fhoy2ekdq2haojic5fx65nynkmlvqrsgdx6j/providers/Microsoft.Network/virtualNetworks/vnet2/subnets/subnet1","etag":"W/\"186e6546-d9f8-4c4f-b01e-8db2175f3a05\"","properties":{"provisioningState":"Succeeded","addressPrefix":"10.0.0.0/24","ipConfigurations":[{"id":"/subscriptions/00000000-0000-0000-0000-000000000000/resourceGroups/cli_test_ag_existing_subnettdm5ylyciel3fhoy2ekdq2haojic5fx65nynkmlvqrsgdx6j/providers/Microsoft.Network/applicationGateways/ag2/frontendIPConfigurations/appGatewayFrontendIP"}],"applicationGatewayIPConfigurations":[{"id":"/subscriptions/00000000-0000-0000-0000-000000000000/resourceGroups/cli_test_ag_existing_subnettdm5ylyciel3fhoy2ekdq2haojic5fx65nynkmlvqrsgdx6j/providers/Microsoft.Network/applicationGateways/ag2/gatewayIPConfigurations/appGatewayFrontendIP"}]}}],"virtualNetworkPeerings":[],"enableDdosProtection":false,"enableVmProtection":false}},{"name":"ag1Vnet","id":"/subscriptions/00000000-0000-0000-0000-000000000000/resourceGroups/cli_test_ag_no_waitjteoxewrufo2wzcaeizddngvlyfvamz4smrvf5hjzq7ctslyguu6dhsy/providers/Microsoft.Network/virtualNetworks/ag1Vnet","etag":"W/\"3f4fa995-6f51-4341-aa50-8e81c5439da4\"","type":"Microsoft.Network/virtualNetworks","location":"westus","tags":{},"properties":{"provisioningState":"Succeeded","resourceGuid":"3b086063-46b3-4ccc-bb8c-bc921cc6fd51","addressSpace":{"addressPrefixes":["10.0.0.0/16"]},"subnets":[{"name":"default","id":"/subscriptions/00000000-0000-0000-0000-000000000000/resourceGroups/cli_test_ag_no_waitjteoxewrufo2wzcaeizddngvlyfvamz4smrvf5hjzq7ctslyguu6dhsy/providers/Microsoft.Network/virtualNetworks/ag1Vnet/subnets/default","etag":"W/\"3f4fa995-6f51-4341-aa50-8e81c5439da4\"","properties":{"provisioningState":"Succeeded","addressPrefix":"10.0.0.0/24","ipConfigurations":[{"id":"/subscriptions/00000000-0000-0000-0000-000000000000/resourceGroups/cli_test_ag_no_waitjteoxewrufo2wzcaeizddngvlyfvamz4smrvf5hjzq7ctslyguu6dhsy/providers/Microsoft.Network/applicationGateways/ag1/frontendIPConfigurations/appGatewayFrontendIP"}],"applicationGatewayIPConfigurations":[{"id":"/subscriptions/00000000-0000-0000-0000-000000000000/resourceGroups/cli_test_ag_no_waitjteoxewrufo2wzcaeizddngvlyfvamz4smrvf5hjzq7ctslyguu6dhsy/providers/Microsoft.Network/applicationGateways/ag1/gatewayIPConfigurations/appGatewayFrontendIP"}]}}],"virtualNetworkPeerings":[],"enableDdosProtection":false,"enableVmProtection":false}},{"name":"ag2Vnet","id":"/subscriptions/00000000-0000-0000-0000-000000000000/resourceGroups/cli_test_ag_no_waitjteoxewrufo2wzcaeizddngvlyfvamz4smrvf5hjzq7ctslyguu6dhsy/providers/Microsoft.Network/virtualNetworks/ag2Vnet","etag":"W/\"35164fe8-32d3-42b4-9c26-126eb2494663\"","type":"Microsoft.Network/virtualNetworks","location":"westus","tags":{},"properties":{"provisioningState":"Succeeded","resourceGuid":"1886d168-0916-4350-af76-a2d50200611b","addressSpace":{"addressPrefixes":["10.0.0.0/16"]},"subnets":[{"name":"default","id":"/subscriptions/00000000-0000-0000-0000-000000000000/resourceGroups/cli_test_ag_no_waitjteoxewrufo2wzcaeizddngvlyfvamz4smrvf5hjzq7ctslyguu6dhsy/providers/Microsoft.Network/virtualNetworks/ag2Vnet/subnets/default","etag":"W/\"35164fe8-32d3-42b4-9c26-126eb2494663\"","properties":{"provisioningState":"Succeeded","addressPrefix":"10.0.0.0/24","ipConfigurations":[{"id":"/subscriptions/00000000-0000-0000-0000-000000000000/resourceGroups/cli_test_ag_no_waitjteoxewrufo2wzcaeizddngvlyfvamz4smrvf5hjzq7ctslyguu6dhsy/providers/Microsoft.Network/applicationGateways/ag2/frontendIPConfigurations/appGatewayFrontendIP"}],"applicationGatewayIPConfigurations":[{"id":"/subscriptions/00000000-0000-0000-0000-000000000000/resourceGroups/cli_test_ag_no_waitjteoxewrufo2wzcaeizddngvlyfvamz4smrvf5hjzq7ctslyguu6dhsy/providers/Microsoft.Network/applicationGateways/ag2/gatewayIPConfigurations/appGatewayFrontendIP"}]}}],"virtualNetworkPeerings":[],"enableDdosProtection":false,"enableVmProtection":false}},{"name":"ag1Vnet","id":"/subscriptions/00000000-0000-0000-0000-000000000000/resourceGroups/cli_test_ag_no_waitwz4sz22in2oqgrfheaqiwucqwvrtjy6hz46lh3ceswmnclaynxsn2vln/providers/Microsoft.Network/virtualNetworks/ag1Vnet","etag":"W/\"8c9c5d01-b117-4c2a-8816-36d9900121b2\"","type":"Microsoft.Network/virtualNetworks","location":"westus","tags":{},"properties":{"provisioningState":"Succeeded","resourceGuid":"f5262dfd-374e-4047-b659-4f49e6d350f1","addressSpace":{"addressPrefixes":["10.0.0.0/16"]},"subnets":[{"name":"default","id":"/subscriptions/00000000-0000-0000-0000-000000000000/resourceGroups/cli_test_ag_no_waitwz4sz22in2oqgrfheaqiwucqwvrtjy6hz46lh3ceswmnclaynxsn2vln/providers/Microsoft.Network/virtualNetworks/ag1Vnet/subnets/default","etag":"W/\"8c9c5d01-b117-4c2a-8816-36d9900121b2\"","properties":{"provisioningState":"Succeeded","addressPrefix":"10.0.0.0/24","ipConfigurations":[{"id":"/subscriptions/00000000-0000-0000-0000-000000000000/resourceGroups/cli_test_ag_no_waitwz4sz22in2oqgrfheaqiwucqwvrtjy6hz46lh3ceswmnclaynxsn2vln/providers/Microsoft.Network/applicationGateways/ag1/frontendIPConfigurations/appGatewayFrontendIP"}],"applicationGatewayIPConfigurations":[{"id":"/subscriptions/00000000-0000-0000-0000-000000000000/resourceGroups/cli_test_ag_no_waitwz4sz22in2oqgrfheaqiwucqwvrtjy6hz46lh3ceswmnclaynxsn2vln/providers/Microsoft.Network/applicationGateways/ag1/gatewayIPConfigurations/appGatewayFrontendIP"}]}}],"virtualNetworkPeerings":[],"enableDdosProtection":false,"enableVmProtection":false}},{"name":"ag2Vnet","id":"/subscriptions/00000000-0000-0000-0000-000000000000/resourceGroups/cli_test_ag_no_waitwz4sz22in2oqgrfheaqiwucqwvrtjy6hz46lh3ceswmnclaynxsn2vln/providers/Microsoft.Network/virtualNetworks/ag2Vnet","etag":"W/\"731f5754-4982-4a6d-a5f6-81e4062b0b97\"","type":"Microsoft.Network/virtualNetworks","location":"westus","tags":{},"properties":{"provisioningState":"Succeeded","resourceGuid":"63411037-a69a-4db8-ae69-8321066f6300","addressSpace":{"addressPrefixes":["10.0.0.0/16"]},"subnets":[{"name":"default","id":"/subscriptions/00000000-0000-0000-0000-000000000000/resourceGroups/cli_test_ag_no_waitwz4sz22in2oqgrfheaqiwucqwvrtjy6hz46lh3ceswmnclaynxsn2vln/providers/Microsoft.Network/virtualNetworks/ag2Vnet/subnets/default","etag":"W/\"731f5754-4982-4a6d-a5f6-81e4062b0b97\"","properties":{"provisioningState":"Succeeded","addressPrefix":"10.0.0.0/24","ipConfigurations":[{"id":"/subscriptions/00000000-0000-0000-0000-000000000000/resourceGroups/cli_test_ag_no_waitwz4sz22in2oqgrfheaqiwucqwvrtjy6hz46lh3ceswmnclaynxsn2vln/providers/Microsoft.Network/applicationGateways/ag2/frontendIPConfigurations/appGatewayFrontendIP"}],"applicationGatewayIPConfigurations":[{"id":"/subscriptions/00000000-0000-0000-0000-000000000000/resourceGroups/cli_test_ag_no_waitwz4sz22in2oqgrfheaqiwucqwvrtjy6hz46lh3ceswmnclaynxsn2vln/providers/Microsoft.Network/applicationGateways/ag2/gatewayIPConfigurations/appGatewayFrontendIP"}]}}],"virtualNetworkPeerings":[],"enableDdosProtection":false,"enableVmProtection":false}},{"name":"ag3Vnet","id":"/subscriptions/00000000-0000-0000-0000-000000000000/resourceGroups/cli_test_ag_private_ipaxczcozm7i75grprlmn75dhadphekikuorilmqvk5xccp6xgjtv2v/providers/Microsoft.Network/virtualNetworks/ag3Vnet","etag":"W/\"ff6510d6-025c-4c03-9f74-968ce225a0e7\"","type":"Microsoft.Network/virtualNetworks","location":"westus","tags":{},"properties":{"provisioningState":"Succeeded","resourceGuid":"91bf525b-a8c0-46d9-b956-131a5f5e3e06","addressSpace":{"addressPrefixes":["10.0.0.0/16"]},"subnets":[{"name":"subnet1","id":"/subscriptions/00000000-0000-0000-0000-000000000000/resourceGroups/cli_test_ag_private_ipaxczcozm7i75grprlmn75dhadphekikuorilmqvk5xccp6xgjtv2v/providers/Microsoft.Network/virtualNetworks/ag3Vnet/subnets/subnet1","etag":"W/\"ff6510d6-025c-4c03-9f74-968ce225a0e7\"","properties":{"provisioningState":"Succeeded","addressPrefix":"10.0.0.0/24","ipConfigurations":[{"id":"/subscriptions/00000000-0000-0000-0000-000000000000/resourceGroups/cli_test_ag_private_ipaxczcozm7i75grprlmn75dhadphekikuorilmqvk5xccp6xgjtv2v/providers/Microsoft.Network/applicationGateways/ag3/frontendIPConfigurations/appGatewayFrontendIP"}],"applicationGatewayIPConfigurations":[{"id":"/subscriptions/00000000-0000-0000-0000-000000000000/resourceGroups/cli_test_ag_private_ipaxczcozm7i75grprlmn75dhadphekikuorilmqvk5xccp6xgjtv2v/providers/Microsoft.Network/applicationGateways/ag3/gatewayIPConfigurations/appGatewayFrontendIP"}]}}],"virtualNetworkPeerings":[],"enableDdosProtection":false,"enableVmProtection":false}},{"name":"ag3Vnet","id":"/subscriptions/00000000-0000-0000-0000-000000000000/resourceGroups/cli_test_ag_private_iprqukahspx33rrimtg4ovx5x2svnveffkpapdi42wynjf5cvxpkjq3/providers/Microsoft.Network/virtualNetworks/ag3Vnet","etag":"W/\"4f23d142-b1e8-412b-a5b1-5e8171f248c2\"","type":"Microsoft.Network/virtualNetworks","location":"westus","tags":{},"properties":{"provisioningState":"Succeeded","resourceGuid":"1707e540-ccd6-4f48-bb2e-98d1232d53c7","addressSpace":{"addressPrefixes":["10.0.0.0/16"]},"subnets":[{"name":"subnet1","id":"/subscriptions/00000000-0000-0000-0000-000000000000/resourceGroups/cli_test_ag_private_iprqukahspx33rrimtg4ovx5x2svnveffkpapdi42wynjf5cvxpkjq3/providers/Microsoft.Network/virtualNetworks/ag3Vnet/subnets/subnet1","etag":"W/\"4f23d142-b1e8-412b-a5b1-5e8171f248c2\"","properties":{"provisioningState":"Succeeded","addressPrefix":"10.0.0.0/24","ipConfigurations":[{"id":"/subscriptions/00000000-0000-0000-0000-000000000000/resourceGroups/cli_test_ag_private_iprqukahspx33rrimtg4ovx5x2svnveffkpapdi42wynjf5cvxpkjq3/providers/Microsoft.Network/applicationGateways/ag3/frontendIPConfigurations/appGatewayFrontendIP"}],"applicationGatewayIPConfigurations":[{"id":"/subscriptions/00000000-0000-0000-0000-000000000000/resourceGroups/cli_test_ag_private_iprqukahspx33rrimtg4ovx5x2svnveffkpapdi42wynjf5cvxpkjq3/providers/Microsoft.Network/applicationGateways/ag3/gatewayIPConfigurations/appGatewayFrontendIP"}]}}],"virtualNetworkPeerings":[],"enableDdosProtection":false,"enableVmProtection":false}},{"name":"ag3Vnet","id":"/subscriptions/00000000-0000-0000-0000-000000000000/resourceGroups/cli_test_ag_private_ipukcjy3ymo5ktq645fuik2klz4klcaho5wzz2unfpktjzauanwtfip/providers/Microsoft.Network/virtualNetworks/ag3Vnet","etag":"W/\"855a0c85-c925-40f7-be7f-05fb297d1856\"","type":"Microsoft.Network/virtualNetworks","location":"westus","tags":{},"properties":{"provisioningState":"Succeeded","resourceGuid":"457f55fd-7484-4b67-b7bb-a2c1bf445c39","addressSpace":{"addressPrefixes":["10.0.0.0/16"]},"subnets":[{"name":"subnet1","id":"/subscriptions/00000000-0000-0000-0000-000000000000/resourceGroups/cli_test_ag_private_ipukcjy3ymo5ktq645fuik2klz4klcaho5wzz2unfpktjzauanwtfip/providers/Microsoft.Network/virtualNetworks/ag3Vnet/subnets/subnet1","etag":"W/\"855a0c85-c925-40f7-be7f-05fb297d1856\"","properties":{"provisioningState":"Succeeded","addressPrefix":"10.0.0.0/24","ipConfigurations":[{"id":"/subscriptions/00000000-0000-0000-0000-000000000000/resourceGroups/cli_test_ag_private_ipukcjy3ymo5ktq645fuik2klz4klcaho5wzz2unfpktjzauanwtfip/providers/Microsoft.Network/applicationGateways/ag3/frontendIPConfigurations/appGatewayFrontendIP"}],"applicationGatewayIPConfigurations":[{"id":"/subscriptions/00000000-0000-0000-0000-000000000000/resourceGroups/cli_test_ag_private_ipukcjy3ymo5ktq645fuik2klz4klcaho5wzz2unfpktjzauanwtfip/providers/Microsoft.Network/applicationGateways/ag3/gatewayIPConfigurations/appGatewayFrontendIP"}]}}],"virtualNetworkPeerings":[],"enableDdosProtection":false,"enableVmProtection":false}},{"name":"vnet4","id":"/subscriptions/00000000-0000-0000-0000-000000000000/resourceGroups/cli_test_ag_public_ipx6nfx7g6fafjbzqe2jhvhg6dnuhjhkmuwcmfxf5ddz3glkapbllnw2/providers/Microsoft.Network/virtualNetworks/vnet4","etag":"W/\"20386075-4a24-43f5-a7a2-230e98dddc13\"","type":"Microsoft.Network/virtualNetworks","location":"westus","tags":{},"properties":{"provisioningState":"Succeeded","resourceGuid":"916affac-772b-4255-92e7-5da29158b57e","addressSpace":{"addressPrefixes":["10.0.0.1/16"]},"subnets":[{"name":"subnet1","id":"/subscriptions/00000000-0000-0000-0000-000000000000/resourceGroups/cli_test_ag_public_ipx6nfx7g6fafjbzqe2jhvhg6dnuhjhkmuwcmfxf5ddz3glkapbllnw2/providers/Microsoft.Network/virtualNetworks/vnet4/subnets/subnet1","etag":"W/\"20386075-4a24-43f5-a7a2-230e98dddc13\"","properties":{"provisioningState":"Succeeded","addressPrefix":"10.0.0.1/28","applicationGatewayIPConfigurations":[{"id":"/subscriptions/00000000-0000-0000-0000-000000000000/resourceGroups/cli_test_ag_public_ipx6nfx7g6fafjbzqe2jhvhg6dnuhjhkmuwcmfxf5ddz3glkapbllnw2/providers/Microsoft.Network/applicationGateways/test4/gatewayIPConfigurations/appGatewayFrontendIP"}]}}],"virtualNetworkPeerings":[],"enableDdosProtection":false,"enableVmProtection":false}},{"name":"vnet4","id":"/subscriptions/00000000-0000-0000-0000-000000000000/resourceGroups/cli_test_ag_public_ipza5izix2tinang3efrzytahmvibyc2hmnv4t53gqzzdbsih4azrlue/providers/Microsoft.Network/virtualNetworks/vnet4","etag":"W/\"97e33acd-593a-4046-8690-cd315ebf7b6d\"","type":"Microsoft.Network/virtualNetworks","location":"westus","tags":{},"properties":{"provisioningState":"Succeeded","resourceGuid":"eb6341d6-a1a9-4a18-8ee1-56d7717a3fd7","addressSpace":{"addressPrefixes":["10.0.0.1/16"]},"subnets":[{"name":"subnet1","id":"/subscriptions/00000000-0000-0000-0000-000000000000/resourceGroups/cli_test_ag_public_ipza5izix2tinang3efrzytahmvibyc2hmnv4t53gqzzdbsih4azrlue/providers/Microsoft.Network/virtualNetworks/vnet4/subnets/subnet1","etag":"W/\"97e33acd-593a-4046-8690-cd315ebf7b6d\"","properties":{"provisioningState":"Succeeded","addressPrefix":"10.0.0.1/28","applicationGatewayIPConfigurations":[{"id":"/subscriptions/00000000-0000-0000-0000-000000000000/resourceGroups/cli_test_ag_public_ipza5izix2tinang3efrzytahmvibyc2hmnv4t53gqzzdbsih4azrlue/providers/Microsoft.Network/applicationGateways/test4/gatewayIPConfigurations/appGatewayFrontendIP"}]}}],"virtualNetworkPeerings":[],"enableDdosProtection":false,"enableVmProtection":false}},{"name":"vnet1","id":"/subscriptions/00000000-0000-0000-0000-000000000000/resourceGroups/cli_test_app_gateway_waf_config2zol6dul726l3eymm7f444o476foykiua3cai77wowt3/providers/Microsoft.Network/virtualNetworks/vnet1","etag":"W/\"cc172b3e-9e86-4561-93d6-8e83e868f864\"","type":"Microsoft.Network/virtualNetworks","location":"westus","tags":{},"properties":{"provisioningState":"Succeeded","resourceGuid":"9ca1e9b5-22f8-486e-b9c8-4fb8236ab6ce","addressSpace":{"addressPrefixes":["10.0.0.0/16"]},"subnets":[{"name":"subnet1","id":"/subscriptions/00000000-0000-0000-0000-000000000000/resourceGroups/cli_test_app_gateway_waf_config2zol6dul726l3eymm7f444o476foykiua3cai77wowt3/providers/Microsoft.Network/virtualNetworks/vnet1/subnets/subnet1","etag":"W/\"cc172b3e-9e86-4561-93d6-8e83e868f864\"","properties":{"provisioningState":"Succeeded","addressPrefix":"10.0.0.0/24","applicationGatewayIPConfigurations":[{"id":"/subscriptions/00000000-0000-0000-0000-000000000000/resourceGroups/cli_test_app_gateway_waf_config2zol6dul726l3eymm7f444o476foykiua3cai77wowt3/providers/Microsoft.Network/applicationGateways/ag1/gatewayIPConfigurations/appGatewayFrontendIP"}]}}],"virtualNetworkPeerings":[],"enableDdosProtection":false,"enableVmProtection":false}},{"name":"vnet1","id":"/subscriptions/00000000-0000-0000-0000-000000000000/resourceGroups/cli_test_app_gateway_waf_configfullm7tkxopstd4s6jke2zdctbwmf7rzbgczwujqn2u6/providers/Microsoft.Network/virtualNetworks/vnet1","etag":"W/\"d4510004-0449-49ef-ba61-6624cd68be4a\"","type":"Microsoft.Network/virtualNetworks","location":"westus","tags":{},"properties":{"provisioningState":"Succeeded","resourceGuid":"0333c823-0c84-4551-b0cd-06fe54b81006","addressSpace":{"addressPrefixes":["10.0.0.0/16"]},"subnets":[{"name":"subnet1","id":"/subscriptions/00000000-0000-0000-0000-000000000000/resourceGroups/cli_test_app_gateway_waf_configfullm7tkxopstd4s6jke2zdctbwmf7rzbgczwujqn2u6/providers/Microsoft.Network/virtualNetworks/vnet1/subnets/subnet1","etag":"W/\"d4510004-0449-49ef-ba61-6624cd68be4a\"","properties":{"provisioningState":"Succeeded","addressPrefix":"10.0.0.0/24","applicationGatewayIPConfigurations":[{"id":"/subscriptions/00000000-0000-0000-0000-000000000000/resourceGroups/cli_test_app_gateway_waf_configfullm7tkxopstd4s6jke2zdctbwmf7rzbgczwujqn2u6/providers/Microsoft.Network/applicationGateways/ag1/gatewayIPConfigurations/appGatewayFrontendIP"}]}}],"virtualNetworkPeerings":[],"enableDdosProtection":false,"enableVmProtection":false}},{"name":"vnet1","id":"/subscriptions/00000000-0000-0000-0000-000000000000/resourceGroups/cli_test_app_gateway_waf_configxzw3wvi37p74cdm5n6gbm7jmq7wxtp5f6opxuhzcj5zz/providers/Microsoft.Network/virtualNetworks/vnet1","etag":"W/\"c8759481-b755-4c9f-8704-b63b0b8e25d9\"","type":"Microsoft.Network/virtualNetworks","location":"westus","tags":{},"properties":{"provisioningState":"Succeeded","resourceGuid":"704348a5-3bfc-4fb4-9c9e-1857ae1cb09d","addressSpace":{"addressPrefixes":["10.0.0.0/16"]},"subnets":[{"name":"subnet1","id":"/subscriptions/00000000-0000-0000-0000-000000000000/resourceGroups/cli_test_app_gateway_waf_configxzw3wvi37p74cdm5n6gbm7jmq7wxtp5f6opxuhzcj5zz/providers/Microsoft.Network/virtualNetworks/vnet1/subnets/subnet1","etag":"W/\"c8759481-b755-4c9f-8704-b63b0b8e25d9\"","properties":{"provisioningState":"Succeeded","addressPrefix":"10.0.0.0/24","applicationGatewayIPConfigurations":[{"id":"/subscriptions/00000000-0000-0000-0000-000000000000/resourceGroups/cli_test_app_gateway_waf_configxzw3wvi37p74cdm5n6gbm7jmq7wxtp5f6opxuhzcj5zz/providers/Microsoft.Network/applicationGateways/ag1/gatewayIPConfigurations/appGatewayFrontendIP"}]}}],"virtualNetworkPeerings":[],"enableDdosProtection":false,"enableVmProtection":false}},{"name":"test-vnet","id":"/subscriptions/00000000-0000-0000-0000-000000000000/resourceGroups/cli_vnet_test/providers/Microsoft.Network/virtualNetworks/test-vnet","etag":"W/\"c30a5e2b-7119-4717-820c-a78fa10a800b\"","type":"Microsoft.Network/virtualNetworks","location":"westus","tags":{},"properties":{"provisioningState":"Succeeded","resourceGuid":"933c561e-4303-4455-85dd-62a9c6a9ff4a","addressSpace":{"addressPrefixes":["10.0.0.0/16"]},"dhcpOptions":{"dnsServers":[]},"subnets":[{"name":"default","id":"/subscriptions/00000000-0000-0000-0000-000000000000/resourceGroups/cli_vnet_test/providers/Microsoft.Network/virtualNetworks/test-vnet/subnets/default","etag":"W/\"c30a5e2b-7119-4717-820c-a78fa10a800b\"","properties":{"provisioningState":"Succeeded","addressPrefix":"10.0.0.0/24"}}],"virtualNetworkPeerings":[],"enableDdosProtection":false,"enableVmProtection":false}},{"name":"vnetda7930862bbf","id":"/subscriptions/00000000-0000-0000-0000-000000000000/resourceGroups/rgcomv90291843/providers/Microsoft.Network/virtualNetworks/vnetda7930862bbf","etag":"W/\"c0b4f625-b945-4f58-8d18-3dcfecace849\"","type":"Microsoft.Network/virtualNetworks","location":"westus","tags":{},"properties":{"provisioningState":"Succeeded","resourceGuid":"6db68bb0-1f9a-415c-a1e9-a0e522370a0b","addressSpace":{"addressPrefixes":["10.0.0.0/28"]},"dhcpOptions":{"dnsServers":[]},"subnets":[{"name":"subnet1","id":"/subscriptions/00000000-0000-0000-0000-000000000000/resourceGroups/rgcomv90291843/providers/Microsoft.Network/virtualNetworks/vnetda7930862bbf/subnets/subnet1","etag":"W/\"c0b4f625-b945-4f58-8d18-3dcfecace849\"","properties":{"provisioningState":"Succeeded","addressPrefix":"10.0.0.0/28","ipConfigurations":[{"id":"/subscriptions/00000000-0000-0000-0000-000000000000/resourceGroups/rgcomv90291843/providers/Microsoft.Network/networkInterfaces/nicvm151176466909387/ipConfigurations/primary"}]}}],"virtualNetworkPeerings":[],"enableDdosProtection":false,"enableVmProtection":false}},{"name":"sdk-test-umVNET","id":"/subscriptions/00000000-0000-0000-0000-000000000000/resourceGroups/sdk-test/providers/Microsoft.Network/virtualNetworks/sdk-test-umVNET","etag":"W/\"7ccc29ef-fa4f-49b2-9d12-401e15f8bf90\"","type":"Microsoft.Network/virtualNetworks","location":"westus","tags":{},"properties":{"provisioningState":"Succeeded","resourceGuid":"9138ac66-3a9b-41a5-9b42-ee4035ec0299","addressSpace":{"addressPrefixes":["10.0.0.0/16"]},"subnets":[{"name":"sdk-test-umSubnet","id":"/subscriptions/00000000-0000-0000-0000-000000000000/resourceGroups/sdk-test/providers/Microsoft.Network/virtualNetworks/sdk-test-umVNET/subnets/sdk-test-umSubnet","etag":"W/\"7ccc29ef-fa4f-49b2-9d12-401e15f8bf90\"","properties":{"provisioningState":"Succeeded","addressPrefix":"10.0.0.0/24","ipConfigurations":[{"id":"/subscriptions/00000000-0000-0000-0000-000000000000/resourceGroups/sdk-test/providers/Microsoft.Network/networkInterfaces/sdk-test-umVMNic/ipConfigurations/ipconfigsdk-test-um"},{"id":"/subscriptions/00000000-0000-0000-0000-000000000000/resourceGroups/sdk-test/providers/Microsoft.Network/networkInterfaces/sdk-test-mVMNic/ipConfigurations/ipconfigsdk-test-m"}]}}],"virtualNetworkPeerings":[],"enableDdosProtection":false,"enableVmProtection":false}},{"name":"vnet9927276845a5","id":"/subscriptions/00000000-0000-0000-0000-000000000000/resourceGroups/abc4496group/providers/Microsoft.Network/virtualNetworks/vnet9927276845a5","etag":"W/\"15944f2e-c9df-4dff-b559-d6675511174b\"","type":"Microsoft.Network/virtualNetworks","location":"eastus","tags":{},"properties":{"provisioningState":"Succeeded","resourceGuid":"0c363fd4-2f2d-4f30-b1ce-f40617615bdd","addressSpace":{"addressPrefixes":["10.0.0.0/28"]},"dhcpOptions":{"dnsServers":[]},"subnets":[{"name":"subnet1","id":"/subscriptions/00000000-0000-0000-0000-000000000000/resourceGroups/abc4496group/providers/Microsoft.Network/virtualNetworks/vnet9927276845a5/subnets/subnet1","etag":"W/\"15944f2e-c9df-4dff-b559-d6675511174b\"","properties":{"provisioningState":"Succeeded","addressPrefix":"10.0.0.0/28","ipConfigurations":[{"id":"/subscriptions/00000000-0000-0000-0000-000000000000/resourceGroups/abc4496group/providers/Microsoft.Network/networkInterfaces/nicvm979932a872186/ipConfigurations/primary"}]}}],"virtualNetworkPeerings":[],"enableDdosProtection":false,"enableVmProtection":false}},{"name":"vnetcab271201217","id":"/subscriptions/00000000-0000-0000-0000-000000000000/resourceGroups/abc9450group/providers/Microsoft.Network/virtualNetworks/vnetcab271201217","etag":"W/\"e0988e16-a022-4d1c-bdf8-3982cfc75ff2\"","type":"Microsoft.Network/virtualNetworks","location":"eastus","tags":{},"properties":{"provisioningState":"Succeeded","resourceGuid":"cddf9987-9910-4549-abfb-8f5752b5cfa6","addressSpace":{"addressPrefixes":["10.0.0.0/28"]},"dhcpOptions":{"dnsServers":[]},"subnets":[{"name":"subnet1","id":"/subscriptions/00000000-0000-0000-0000-000000000000/resourceGroups/abc9450group/providers/Microsoft.Network/virtualNetworks/vnetcab271201217/subnets/subnet1","etag":"W/\"e0988e16-a022-4d1c-bdf8-3982cfc75ff2\"","properties":{"provisioningState":"Succeeded","addressPrefix":"10.0.0.0/28","ipConfigurations":[{"id":"/subscriptions/00000000-0000-0000-0000-000000000000/resourceGroups/abc9450group/providers/Microsoft.Network/networkInterfaces/nicvm5466bb8856996/ipConfigurations/primary"}]}}],"virtualNetworkPeerings":[],"enableDdosProtection":false,"enableVmProtection":false}},{"name":"vmssvnet385","id":"/subscriptions/00000000-0000-0000-0000-000000000000/resourceGroups/javacsmrg2515/providers/Microsoft.Network/virtualNetworks/vmssvnet385","etag":"W/\"1396dd79-b384-4c91-92bc-ed6c391ec505\"","type":"Microsoft.Network/virtualNetworks","location":"eastus","tags":{},"properties":{"provisioningState":"Succeeded","resourceGuid":"d1b120e8-787a-4847-a7df-c93e73228739","addressSpace":{"addressPrefixes":["10.0.0.0/28"]},"dhcpOptions":{"dnsServers":[]},"subnets":[{"name":"subnet1","id":"/subscriptions/00000000-0000-0000-0000-000000000000/resourceGroups/javacsmrg2515/providers/Microsoft.Network/virtualNetworks/vmssvnet385/subnets/subnet1","etag":"W/\"1396dd79-b384-4c91-92bc-ed6c391ec505\"","properties":{"provisioningState":"Succeeded","addressPrefix":"10.0.0.0/28","ipConfigurations":[{"id":"/subscriptions/00000000-0000-0000-0000-000000000000/resourceGroups/javacsmrg2515/providers/Microsoft.Compute/virtualMachineScaleSets/vmss1167/virtualMachines/1/networkInterfaces/primary-nic-cfg/ipConfigurations/primary-nic-ip-cfg"},{"id":"/subscriptions/00000000-0000-0000-0000-000000000000/resourceGroups/javacsmrg2515/providers/Microsoft.Compute/virtualMachineScaleSets/vmss1167/virtualMachines/3/networkInterfaces/primary-nic-cfg/ipConfigurations/primary-nic-ip-cfg"}]}}],"virtualNetworkPeerings":[],"enableDdosProtection":false,"enableVmProtection":false}},{"name":"vmssvnet8190","id":"/subscriptions/00000000-0000-0000-0000-000000000000/resourceGroups/javacsmrg392/providers/Microsoft.Network/virtualNetworks/vmssvnet8190","etag":"W/\"dd135352-941e-4488-9d82-7bfa97ae7158\"","type":"Microsoft.Network/virtualNetworks","location":"eastus","tags":{},"properties":{"provisioningState":"Succeeded","resourceGuid":"f5873bf2-6a7a-4d63-9690-80a4e71dc27e","addressSpace":{"addressPrefixes":["10.0.0.0/28"]},"dhcpOptions":{"dnsServers":[]},"subnets":[{"name":"subnet1","id":"/subscriptions/00000000-0000-0000-0000-000000000000/resourceGroups/javacsmrg392/providers/Microsoft.Network/virtualNetworks/vmssvnet8190/subnets/subnet1","etag":"W/\"dd135352-941e-4488-9d82-7bfa97ae7158\"","properties":{"provisioningState":"Succeeded","addressPrefix":"10.0.0.0/28","ipConfigurations":[{"id":"/subscriptions/00000000-0000-0000-0000-000000000000/resourceGroups/javacsmrg392/providers/Microsoft.Compute/virtualMachineScaleSets/vmss2669/virtualMachines/0/networkInterfaces/primary-nic-cfg/ipConfigurations/primary-nic-ip-cfg"},{"id":"/subscriptions/00000000-0000-0000-0000-000000000000/resourceGroups/javacsmrg392/providers/Microsoft.Compute/virtualMachineScaleSets/vmss2669/virtualMachines/2/networkInterfaces/primary-nic-cfg/ipConfigurations/primary-nic-ip-cfg"}]}}],"virtualNetworkPeerings":[],"enableDdosProtection":false,"enableVmProtection":false}},{"name":"vmssvnet2698","id":"/subscriptions/00000000-0000-0000-0000-000000000000/resourceGroups/javacsmrg4295/providers/Microsoft.Network/virtualNetworks/vmssvnet2698","etag":"W/\"4bcb023b-ac0e-481b-97e8-4636399a1207\"","type":"Microsoft.Network/virtualNetworks","location":"eastus","tags":{},"properties":{"provisioningState":"Succeeded","resourceGuid":"0c4fc409-ac0a-4c55-9f90-ec989d6ca0f0","addressSpace":{"addressPrefixes":["10.0.0.0/28"]},"dhcpOptions":{"dnsServers":[]},"subnets":[{"name":"subnet1","id":"/subscriptions/00000000-0000-0000-0000-000000000000/resourceGroups/javacsmrg4295/providers/Microsoft.Network/virtualNetworks/vmssvnet2698/subnets/subnet1","etag":"W/\"4bcb023b-ac0e-481b-97e8-4636399a1207\"","properties":{"provisioningState":"Succeeded","addressPrefix":"10.0.0.0/28","ipConfigurations":[{"id":"/subscriptions/00000000-0000-0000-0000-000000000000/resourceGroups/javacsmrg4295/providers/Microsoft.Compute/virtualMachineScaleSets/vmss6219/virtualMachines/0/networkInterfaces/primary-nic-cfg/ipConfigurations/primary-nic-ip-cfg"},{"id":"/subscriptions/00000000-0000-0000-0000-000000000000/resourceGroups/javacsmrg4295/providers/Microsoft.Compute/virtualMachineScaleSets/vmss6219/virtualMachines/2/networkInterfaces/primary-nic-cfg/ipConfigurations/primary-nic-ip-cfg"},{"id":"/subscriptions/00000000-0000-0000-0000-000000000000/resourceGroups/javacsmrg4295/providers/Microsoft.Compute/virtualMachineScaleSets/vmss6219/virtualMachines/4/networkInterfaces/primary-nic-cfg/ipConfigurations/primary-nic-ip-cfg"}]}}],"virtualNetworkPeerings":[],"enableDdosProtection":false,"enableVmProtection":false}},{"name":"vmssvnet4697","id":"/subscriptions/00000000-0000-0000-0000-000000000000/resourceGroups/javacsmrg5800/providers/Microsoft.Network/virtualNetworks/vmssvnet4697","etag":"W/\"930c39b3-6a28-4ecb-85df-82a4bd0b4bd7\"","type":"Microsoft.Network/virtualNetworks","location":"eastus","tags":{},"properties":{"provisioningState":"Succeeded","resourceGuid":"c1752a5c-aa73-4c09-8683-829dcb7d1c46","addressSpace":{"addressPrefixes":["10.0.0.0/28"]},"dhcpOptions":{"dnsServers":[]},"subnets":[{"name":"subnet1","id":"/subscriptions/00000000-0000-0000-0000-000000000000/resourceGroups/javacsmrg5800/providers/Microsoft.Network/virtualNetworks/vmssvnet4697/subnets/subnet1","etag":"W/\"930c39b3-6a28-4ecb-85df-82a4bd0b4bd7\"","properties":{"provisioningState":"Succeeded","addressPrefix":"10.0.0.0/28","ipConfigurations":[{"id":"/subscriptions/00000000-0000-0000-0000-000000000000/resourceGroups/javacsmrg5800/providers/Microsoft.Compute/virtualMachineScaleSets/vmss6422/virtualMachines/1/networkInterfaces/primary-nic-cfg/ipConfigurations/primary-nic-ip-cfg"},{"id":"/subscriptions/00000000-0000-0000-0000-000000000000/resourceGroups/javacsmrg5800/providers/Microsoft.Compute/virtualMachineScaleSets/vmss6422/virtualMachines/2/networkInterfaces/primary-nic-cfg/ipConfigurations/primary-nic-ip-cfg"}]}}],"virtualNetworkPeerings":[],"enableDdosProtection":false,"enableVmProtection":false}},{"name":"vmssvnet955","id":"/subscriptions/00000000-0000-0000-0000-000000000000/resourceGroups/javacsmrg5906/providers/Microsoft.Network/virtualNetworks/vmssvnet955","etag":"W/\"0055d391-201a-4369-af1b-91c54a28a7b8\"","type":"Microsoft.Network/virtualNetworks","location":"eastus","tags":{},"properties":{"provisioningState":"Succeeded","resourceGuid":"2b89af0e-01d4-44ce-9e57-0421af5e9265","addressSpace":{"addressPrefixes":["10.0.0.0/28"]},"dhcpOptions":{"dnsServers":[]},"subnets":[{"name":"subnet1","id":"/subscriptions/00000000-0000-0000-0000-000000000000/resourceGroups/javacsmrg5906/providers/Microsoft.Network/virtualNetworks/vmssvnet955/subnets/subnet1","etag":"W/\"0055d391-201a-4369-af1b-91c54a28a7b8\"","properties":{"provisioningState":"Succeeded","addressPrefix":"10.0.0.0/28","ipConfigurations":[{"id":"/subscriptions/00000000-0000-0000-0000-000000000000/resourceGroups/javacsmrg5906/providers/Microsoft.Compute/virtualMachineScaleSets/vmss3763/virtualMachines/0/networkInterfaces/primary-nic-cfg/ipConfigurations/primary-nic-ip-cfg"},{"id":"/subscriptions/00000000-0000-0000-0000-000000000000/resourceGroups/javacsmrg5906/providers/Microsoft.Compute/virtualMachineScaleSets/vmss3763/virtualMachines/2/networkInterfaces/primary-nic-cfg/ipConfigurations/primary-nic-ip-cfg"},{"id":"/subscriptions/00000000-0000-0000-0000-000000000000/resourceGroups/javacsmrg5906/providers/Microsoft.Compute/virtualMachineScaleSets/vmss3763/virtualMachines/4/networkInterfaces/primary-nic-cfg/ipConfigurations/primary-nic-ip-cfg"}]}}],"virtualNetworkPeerings":[],"enableDdosProtection":false,"enableVmProtection":false}},{"name":"vmssvnet","id":"/subscriptions/00000000-0000-0000-0000-000000000000/resourceGroups/javacsmrg805/providers/Microsoft.Network/virtualNetworks/vmssvnet","etag":"W/\"f5c883b9-b18c-4db2-86e0-3d49c8f701b9\"","type":"Microsoft.Network/virtualNetworks","location":"eastus","tags":{},"properties":{"provisioningState":"Succeeded","resourceGuid":"c0b054de-1424-44e3-8666-213531e34c57","addressSpace":{"addressPrefixes":["10.0.0.0/28"]},"dhcpOptions":{"dnsServers":[]},"subnets":[{"name":"subnet1","id":"/subscriptions/00000000-0000-0000-0000-000000000000/resourceGroups/javacsmrg805/providers/Microsoft.Network/virtualNetworks/vmssvnet/subnets/subnet1","etag":"W/\"f5c883b9-b18c-4db2-86e0-3d49c8f701b9\"","properties":{"provisioningState":"Succeeded","addressPrefix":"10.0.0.0/28","ipConfigurations":[{"id":"/subscriptions/00000000-0000-0000-0000-000000000000/resourceGroups/javacsmrg805/providers/Microsoft.Compute/virtualMachineScaleSets/vmss2390/virtualMachines/0/networkInterfaces/primary-nic-cfg/ipConfigurations/primary-nic-ip-cfg"},{"id":"/subscriptions/00000000-0000-0000-0000-000000000000/resourceGroups/javacsmrg805/providers/Microsoft.Compute/virtualMachineScaleSets/vmss2390/virtualMachines/1/networkInterfaces/primary-nic-cfg/ipConfigurations/primary-nic-ip-cfg"},{"id":"/subscriptions/00000000-0000-0000-0000-000000000000/resourceGroups/javacsmrg805/providers/Microsoft.Network/loadBalancers/InternalLb1-6091/frontendIPConfigurations/InternalLb1-6091-FE1"}]}}],"virtualNetworkPeerings":[],"enableDdosProtection":false,"enableVmProtection":false}},{"name":"vmssvnet3112","id":"/subscriptions/00000000-0000-0000-0000-000000000000/resourceGroups/javacsmrg838/providers/Microsoft.Network/virtualNetworks/vmssvnet3112","etag":"W/\"7a85bc3c-589f-456c-8cf8-0618b57efd10\"","type":"Microsoft.Network/virtualNetworks","location":"eastus","tags":{},"properties":{"provisioningState":"Succeeded","resourceGuid":"10786b69-22e0-4671-96f2-442b0bcb68e1","addressSpace":{"addressPrefixes":["10.0.0.0/28"]},"dhcpOptions":{"dnsServers":[]},"subnets":[{"name":"subnet1","id":"/subscriptions/00000000-0000-0000-0000-000000000000/resourceGroups/javacsmrg838/providers/Microsoft.Network/virtualNetworks/vmssvnet3112/subnets/subnet1","etag":"W/\"7a85bc3c-589f-456c-8cf8-0618b57efd10\"","properties":{"provisioningState":"Succeeded","addressPrefix":"10.0.0.0/28","ipConfigurations":[{"id":"/subscriptions/00000000-0000-0000-0000-000000000000/resourceGroups/javacsmrg838/providers/Microsoft.Compute/virtualMachineScaleSets/vmss6172/virtualMachines/1/networkInterfaces/primary-nic-cfg/ipConfigurations/primary-nic-ip-cfg"},{"id":"/subscriptions/00000000-0000-0000-0000-000000000000/resourceGroups/javacsmrg838/providers/Microsoft.Compute/virtualMachineScaleSets/vmss6172/virtualMachines/2/networkInterfaces/primary-nic-cfg/ipConfigurations/primary-nic-ip-cfg"}]}}],"virtualNetworkPeerings":[],"enableDdosProtection":false,"enableVmProtection":false}},{"name":"vmssvnet","id":"/subscriptions/00000000-0000-0000-0000-000000000000/resourceGroups/javacsmrg8478/providers/Microsoft.Network/virtualNetworks/vmssvnet","etag":"W/\"e4a09708-76f5-47e1-b1cc-7b8abf659f5e\"","type":"Microsoft.Network/virtualNetworks","location":"eastus","tags":{},"properties":{"provisioningState":"Succeeded","resourceGuid":"faaafe79-ff28-4e30-9362-60206c915fd1","addressSpace":{"addressPrefixes":["10.0.0.0/28"]},"dhcpOptions":{"dnsServers":[]},"subnets":[{"name":"subnet1","id":"/subscriptions/00000000-0000-0000-0000-000000000000/resourceGroups/javacsmrg8478/providers/Microsoft.Network/virtualNetworks/vmssvnet/subnets/subnet1","etag":"W/\"e4a09708-76f5-47e1-b1cc-7b8abf659f5e\"","properties":{"provisioningState":"Succeeded","addressPrefix":"10.0.0.0/28","ipConfigurations":[{"id":"/subscriptions/00000000-0000-0000-0000-000000000000/resourceGroups/javacsmrg8478/providers/Microsoft.Compute/virtualMachineScaleSets/vmss8555/virtualMachines/0/networkInterfaces/primary-nic-cfg/ipConfigurations/primary-nic-ip-cfg"},{"id":"/subscriptions/00000000-0000-0000-0000-000000000000/resourceGroups/javacsmrg8478/providers/Microsoft.Compute/virtualMachineScaleSets/vmss8555/virtualMachines/2/networkInterfaces/primary-nic-cfg/ipConfigurations/primary-nic-ip-cfg"},{"id":"/subscriptions/00000000-0000-0000-0000-000000000000/resourceGroups/javacsmrg8478/providers/Microsoft.Network/loadBalancers/InternalLb1-5067/frontendIPConfigurations/InternalLb1-5067-FE1"}]}}],"virtualNetworkPeerings":[],"enableDdosProtection":false,"enableVmProtection":false}},{"name":"vmssvnet9166","id":"/subscriptions/00000000-0000-0000-0000-000000000000/resourceGroups/javacsmrg8678/providers/Microsoft.Network/virtualNetworks/vmssvnet9166","etag":"W/\"7619ed06-a7ce-42db-a566-73d1e17cae56\"","type":"Microsoft.Network/virtualNetworks","location":"eastus","tags":{},"properties":{"provisioningState":"Succeeded","resourceGuid":"ff241ee5-2c77-4e7a-80f4-e35565e6fa18","addressSpace":{"addressPrefixes":["10.0.0.0/28"]},"dhcpOptions":{"dnsServers":[]},"subnets":[{"name":"subnet1","id":"/subscriptions/00000000-0000-0000-0000-000000000000/resourceGroups/javacsmrg8678/providers/Microsoft.Network/virtualNetworks/vmssvnet9166/subnets/subnet1","etag":"W/\"7619ed06-a7ce-42db-a566-73d1e17cae56\"","properties":{"provisioningState":"Succeeded","addressPrefix":"10.0.0.0/28","ipConfigurations":[{"id":"/subscriptions/00000000-0000-0000-0000-000000000000/resourceGroups/javacsmrg8678/providers/Microsoft.Compute/virtualMachineScaleSets/vmss3271/virtualMachines/0/networkInterfaces/primary-nic-cfg/ipConfigurations/primary-nic-ip-cfg"},{"id":"/subscriptions/00000000-0000-0000-0000-000000000000/resourceGroups/javacsmrg8678/providers/Microsoft.Compute/virtualMachineScaleSets/vmss3271/virtualMachines/1/networkInterfaces/primary-nic-cfg/ipConfigurations/primary-nic-ip-cfg"}]}}],"virtualNetworkPeerings":[],"enableDdosProtection":false,"enableVmProtection":false}},{"name":"vnet11239","id":"/subscriptions/00000000-0000-0000-0000-000000000000/resourceGroups/rg2022/providers/Microsoft.Network/virtualNetworks/vnet11239","etag":"W/\"604b8fc0-36b3-4d61-93b4-173b80c614b4\"","type":"Microsoft.Network/virtualNetworks","location":"eastus","tags":{},"properties":{"provisioningState":"Failed","resourceGuid":"e18709b7-19d1-43a9-9433-04495781e197","addressSpace":{"addressPrefixes":["10.0.0.0/24"]},"dhcpOptions":{"dnsServers":[]},"subnets":[{"name":"default","id":"/subscriptions/00000000-0000-0000-0000-000000000000/resourceGroups/rg2022/providers/Microsoft.Network/virtualNetworks/vnet11239/subnets/default","etag":"W/\"604b8fc0-36b3-4d61-93b4-173b80c614b4\"","properties":{"provisioningState":"Failed","addressPrefix":"10.0.0.0/25"}},{"name":"apps","id":"/subscriptions/00000000-0000-0000-0000-000000000000/resourceGroups/rg2022/providers/Microsoft.Network/virtualNetworks/vnet11239/subnets/apps","etag":"W/\"604b8fc0-36b3-4d61-93b4-173b80c614b4\"","properties":{"provisioningState":"Failed","addressPrefix":"10.0.0.128/25"}}],"virtualNetworkPeerings":[],"enableDdosProtection":false,"enableVmProtection":false}},{"name":"vnet508735253e85","id":"/subscriptions/00000000-0000-0000-0000-000000000000/resourceGroups/rgcomvad814855116a9864/providers/Microsoft.Network/virtualNetworks/vnet508735253e85","etag":"W/\"6dafbfc6-17a5-4498-9bfe-d0f818fa309e\"","type":"Microsoft.Network/virtualNetworks","location":"eastus","tags":{},"properties":{"provisioningState":"Succeeded","resourceGuid":"5631a65e-4824-4f22-bbd2-f1fcb7b2e564","addressSpace":{"addressPrefixes":["10.0.0.0/28"]},"dhcpOptions":{"dnsServers":[]},"subnets":[{"name":"subnet1","id":"/subscriptions/00000000-0000-0000-0000-000000000000/resourceGroups/rgcomvad814855116a9864/providers/Microsoft.Network/virtualNetworks/vnet508735253e85/subnets/subnet1","etag":"W/\"6dafbfc6-17a5-4498-9bfe-d0f818fa309e\"","properties":{"provisioningState":"Succeeded","addressPrefix":"10.0.0.0/28","ipConfigurations":[{"id":"/subscriptions/00000000-0000-0000-0000-000000000000/resourceGroups/rgcomvad814855116a9864/providers/Microsoft.Network/networkInterfaces/nicvm-32735dbab03546/ipConfigurations/primary"}]}}],"virtualNetworkPeerings":[],"enableDdosProtection":false,"enableVmProtection":false}},{"name":"nete1352643ac","id":"/subscriptions/00000000-0000-0000-0000-000000000000/resourceGroups/rged92722916/providers/Microsoft.Network/virtualNetworks/nete1352643ac","etag":"W/\"2031b5df-320f-4a54-a38c-07f93c026c67\"","type":"Microsoft.Network/virtualNetworks","location":"eastus","tags":{},"properties":{"provisioningState":"Succeeded","resourceGuid":"8b99246f-a388-46e6-a9d2-c1f66a2c2dec","addressSpace":{"addressPrefixes":["10.0.0.0/28"]},"dhcpOptions":{"dnsServers":[]},"subnets":[{"name":"subnet1","id":"/subscriptions/00000000-0000-0000-0000-000000000000/resourceGroups/rged92722916/providers/Microsoft.Network/virtualNetworks/nete1352643ac/subnets/subnet1","etag":"W/\"2031b5df-320f-4a54-a38c-07f93c026c67\"","properties":{"provisioningState":"Succeeded","addressPrefix":"10.0.0.0/28","ipConfigurations":[{"id":"/subscriptions/00000000-0000-0000-0000-000000000000/resourceGroups/rged92722916/providers/Microsoft.Network/networkInterfaces/nic6677868bacc/ipConfigurations/primary"}]}}],"virtualNetworkPeerings":[],"enableDdosProtection":false,"enableVmProtection":false}},{"name":"vnet879126a87d","id":"/subscriptions/00000000-0000-0000-0000-000000000000/resourceGroups/vm625810group/providers/Microsoft.Network/virtualNetworks/vnet879126a87d","etag":"W/\"adc5b1d9-6108-4870-b573-aea1ca792237\"","type":"Microsoft.Network/virtualNetworks","location":"eastus","tags":{},"properties":{"provisioningState":"Succeeded","resourceGuid":"c0655c51-cc75-4f1f-9886-cf73521df7a5","addressSpace":{"addressPrefixes":["10.0.0.0/28"]},"dhcpOptions":{"dnsServers":[]},"subnets":[{"name":"subnet1","id":"/subscriptions/00000000-0000-0000-0000-000000000000/resourceGroups/vm625810group/providers/Microsoft.Network/virtualNetworks/vnet879126a87d/subnets/subnet1","etag":"W/\"adc5b1d9-6108-4870-b573-aea1ca792237\"","properties":{"provisioningState":"Succeeded","addressPrefix":"10.0.0.0/28","ipConfigurations":[{"id":"/subscriptions/00000000-0000-0000-0000-000000000000/resourceGroups/vm625810group/providers/Microsoft.Network/networkInterfaces/nicvm62581016f24781/ipConfigurations/primary"}]}}],"virtualNetworkPeerings":[],"enableDdosProtection":false,"enableVmProtection":false}},{"name":"vnet57813f99a9","id":"/subscriptions/00000000-0000-0000-0000-000000000000/resourceGroups/vm795032group/providers/Microsoft.Network/virtualNetworks/vnet57813f99a9","etag":"W/\"c390a9a4-1e3c-45dd-a68a-f8a200592770\"","type":"Microsoft.Network/virtualNetworks","location":"eastus","tags":{},"properties":{"provisioningState":"Succeeded","resourceGuid":"dbf9d7fb-4239-436a-bc21-7d7867c20ff6","addressSpace":{"addressPrefixes":["10.0.0.0/28"]},"dhcpOptions":{"dnsServers":[]},"subnets":[{"name":"subnet1","id":"/subscriptions/00000000-0000-0000-0000-000000000000/resourceGroups/vm795032group/providers/Microsoft.Network/virtualNetworks/vnet57813f99a9/subnets/subnet1","etag":"W/\"c390a9a4-1e3c-45dd-a68a-f8a200592770\"","properties":{"provisioningState":"Succeeded","addressPrefix":"10.0.0.0/28","ipConfigurations":[{"id":"/subscriptions/00000000-0000-0000-0000-000000000000/resourceGroups/vm795032group/providers/Microsoft.Network/networkInterfaces/nicvm79503273788530/ipConfigurations/primary"}]}}],"virtualNetworkPeerings":[],"enableDdosProtection":false,"enableVmProtection":false}},{"name":"vnet9eb982841fdc","id":"/subscriptions/00000000-0000-0000-0000-000000000000/resourceGroups/vmbdtest135/providers/Microsoft.Network/virtualNetworks/vnet9eb982841fdc","etag":"W/\"d229e40e-8947-420f-803a-00393ce864e3\"","type":"Microsoft.Network/virtualNetworks","location":"eastus","tags":{},"properties":{"provisioningState":"Succeeded","resourceGuid":"9ef201df-7ec1-4c37-b18a-7e90e7223be4","addressSpace":{"addressPrefixes":["10.0.0.0/28"]},"dhcpOptions":{"dnsServers":[]},"subnets":[{"name":"subnet1","id":"/subscriptions/00000000-0000-0000-0000-000000000000/resourceGroups/vmbdtest135/providers/Microsoft.Network/virtualNetworks/vnet9eb982841fdc/subnets/subnet1","etag":"W/\"d229e40e-8947-420f-803a-00393ce864e3\"","properties":{"provisioningState":"Succeeded","addressPrefix":"10.0.0.0/28","ipConfigurations":[{"id":"/subscriptions/00000000-0000-0000-0000-000000000000/resourceGroups/vmbdtest135/providers/Microsoft.Network/networkInterfaces/nicjavavm7e0167516/ipConfigurations/primary"}]}}],"virtualNetworkPeerings":[],"enableDdosProtection":false,"enableVmProtection":false}},{"name":"vnet8e2658888673","id":"/subscriptions/00000000-0000-0000-0000-000000000000/resourceGroups/vmbdtest208/providers/Microsoft.Network/virtualNetworks/vnet8e2658888673","etag":"W/\"705f99f6-9183-4d13-b807-2fade9567921\"","type":"Microsoft.Network/virtualNetworks","location":"eastus","tags":{},"properties":{"provisioningState":"Succeeded","resourceGuid":"df00e927-58f5-453b-947d-099d351c94ad","addressSpace":{"addressPrefixes":["10.0.0.0/28"]},"dhcpOptions":{"dnsServers":[]},"subnets":[{"name":"subnet1","id":"/subscriptions/00000000-0000-0000-0000-000000000000/resourceGroups/vmbdtest208/providers/Microsoft.Network/virtualNetworks/vnet8e2658888673/subnets/subnet1","etag":"W/\"705f99f6-9183-4d13-b807-2fade9567921\"","properties":{"provisioningState":"Succeeded","addressPrefix":"10.0.0.0/28","ipConfigurations":[{"id":"/subscriptions/00000000-0000-0000-0000-000000000000/resourceGroups/vmbdtest208/providers/Microsoft.Network/networkInterfaces/nicjavavm3f322852b/ipConfigurations/primary"}]}}],"virtualNetworkPeerings":[],"enableDdosProtection":false,"enableVmProtection":false}},{"name":"vnetdad873389594","id":"/subscriptions/00000000-0000-0000-0000-000000000000/resourceGroups/vmbdtest220/providers/Microsoft.Network/virtualNetworks/vnetdad873389594","etag":"W/\"ef18f82f-54bf-43bf-be2e-756c7ceecc71\"","type":"Microsoft.Network/virtualNetworks","location":"eastus","tags":{},"properties":{"provisioningState":"Succeeded","resourceGuid":"be4530d1-81a5-4bb1-90f6-1a2cdbc3c574","addressSpace":{"addressPrefixes":["10.0.0.0/28"]},"dhcpOptions":{"dnsServers":[]},"subnets":[{"name":"subnet1","id":"/subscriptions/00000000-0000-0000-0000-000000000000/resourceGroups/vmbdtest220/providers/Microsoft.Network/virtualNetworks/vnetdad873389594/subnets/subnet1","etag":"W/\"ef18f82f-54bf-43bf-be2e-756c7ceecc71\"","properties":{"provisioningState":"Succeeded","addressPrefix":"10.0.0.0/28","ipConfigurations":[{"id":"/subscriptions/00000000-0000-0000-0000-000000000000/resourceGroups/vmbdtest220/providers/Microsoft.Network/networkInterfaces/nicjavavm91b33460a/ipConfigurations/primary"}]}}],"virtualNetworkPeerings":[],"enableDdosProtection":false,"enableVmProtection":false}},{"name":"vnet3bc6049040e0","id":"/subscriptions/00000000-0000-0000-0000-000000000000/resourceGroups/vmbdtest4289/providers/Microsoft.Network/virtualNetworks/vnet3bc6049040e0","etag":"W/\"3c0d27fb-6a03-4ddd-86d0-122220ec0d41\"","type":"Microsoft.Network/virtualNetworks","location":"eastus","tags":{},"properties":{"provisioningState":"Succeeded","resourceGuid":"d6edec93-1da9-40a8-9900-b92b1e454ef2","addressSpace":{"addressPrefixes":["10.0.0.0/28"]},"dhcpOptions":{"dnsServers":[]},"subnets":[{"name":"subnet1","id":"/subscriptions/00000000-0000-0000-0000-000000000000/resourceGroups/vmbdtest4289/providers/Microsoft.Network/virtualNetworks/vnet3bc6049040e0/subnets/subnet1","etag":"W/\"3c0d27fb-6a03-4ddd-86d0-122220ec0d41\"","properties":{"provisioningState":"Succeeded","addressPrefix":"10.0.0.0/28","ipConfigurations":[{"id":"/subscriptions/00000000-0000-0000-0000-000000000000/resourceGroups/vmbdtest4289/providers/Microsoft.Network/networkInterfaces/nicjavavm8ff52056e/ipConfigurations/primary"}]}}],"virtualNetworkPeerings":[],"enableDdosProtection":false,"enableVmProtection":false}},{"name":"vnetd5e352285677","id":"/subscriptions/00000000-0000-0000-0000-000000000000/resourceGroups/vmbdtest4289/providers/Microsoft.Network/virtualNetworks/vnetd5e352285677","etag":"W/\"fbc30ba1-a8bb-422f-81f8-a0dd223cfb9e\"","type":"Microsoft.Network/virtualNetworks","location":"eastus","tags":{},"properties":{"provisioningState":"Succeeded","resourceGuid":"b648279e-f0ff-4544-abed-67dd3d51e015","addressSpace":{"addressPrefixes":["10.0.0.0/28"]},"dhcpOptions":{"dnsServers":[]},"subnets":[{"name":"subnet1","id":"/subscriptions/00000000-0000-0000-0000-000000000000/resourceGroups/vmbdtest4289/providers/Microsoft.Network/virtualNetworks/vnetd5e352285677/subnets/subnet1","etag":"W/\"fbc30ba1-a8bb-422f-81f8-a0dd223cfb9e\"","properties":{"provisioningState":"Succeeded","addressPrefix":"10.0.0.0/28","ipConfigurations":[{"id":"/subscriptions/00000000-0000-0000-0000-000000000000/resourceGroups/vmbdtest4289/providers/Microsoft.Network/networkInterfaces/nicjavavm8da344778/ipConfigurations/primary"}]}}],"virtualNetworkPeerings":[],"enableDdosProtection":false,"enableVmProtection":false}},{"name":"vnet52b93456f59e","id":"/subscriptions/00000000-0000-0000-0000-000000000000/resourceGroups/vmbdtest7345/providers/Microsoft.Network/virtualNetworks/vnet52b93456f59e","etag":"W/\"2e5951a3-8c2f-4f15-a6d9-2d6dd6116885\"","type":"Microsoft.Network/virtualNetworks","location":"eastus","tags":{},"properties":{"provisioningState":"Succeeded","resourceGuid":"e2f916bf-5070-4eef-a66f-676a45ef1a22","addressSpace":{"addressPrefixes":["10.0.0.0/28"]},"dhcpOptions":{"dnsServers":[]},"subnets":[{"name":"subnet1","id":"/subscriptions/00000000-0000-0000-0000-000000000000/resourceGroups/vmbdtest7345/providers/Microsoft.Network/virtualNetworks/vnet52b93456f59e/subnets/subnet1","etag":"W/\"2e5951a3-8c2f-4f15-a6d9-2d6dd6116885\"","properties":{"provisioningState":"Succeeded","addressPrefix":"10.0.0.0/28","ipConfigurations":[{"id":"/subscriptions/00000000-0000-0000-0000-000000000000/resourceGroups/vmbdtest7345/providers/Microsoft.Network/networkInterfaces/nicjavavmef3482283/ipConfigurations/primary"}]}}],"virtualNetworkPeerings":[],"enableDdosProtection":false,"enableVmProtection":false}},{"name":"vnetee6296006347","id":"/subscriptions/00000000-0000-0000-0000-000000000000/resourceGroups/vmbdtest9286/providers/Microsoft.Network/virtualNetworks/vnetee6296006347","etag":"W/\"34ca0fdf-7cbe-419c-904f-d1e7d6dcc162\"","type":"Microsoft.Network/virtualNetworks","location":"eastus","tags":{},"properties":{"provisioningState":"Succeeded","resourceGuid":"72cbf16b-064a-46cb-b217-bcd42d95faae","addressSpace":{"addressPrefixes":["10.0.0.0/28"]},"dhcpOptions":{"dnsServers":[]},"subnets":[{"name":"subnet1","id":"/subscriptions/00000000-0000-0000-0000-000000000000/resourceGroups/vmbdtest9286/providers/Microsoft.Network/virtualNetworks/vnetee6296006347/subnets/subnet1","etag":"W/\"34ca0fdf-7cbe-419c-904f-d1e7d6dcc162\"","properties":{"provisioningState":"Succeeded","addressPrefix":"10.0.0.0/28","ipConfigurations":[{"id":"/subscriptions/00000000-0000-0000-0000-000000000000/resourceGroups/vmbdtest9286/providers/Microsoft.Network/networkInterfaces/nicjavavm43f668659/ipConfigurations/primary"}]}}],"virtualNetworkPeerings":[],"enableDdosProtection":false,"enableVmProtection":false}},{"name":"vnete86952524ff1","id":"/subscriptions/00000000-0000-0000-0000-000000000000/resourceGroups/vmbdtest9339/providers/Microsoft.Network/virtualNetworks/vnete86952524ff1","etag":"W/\"b7054623-673e-4fcf-9f6b-0bb2393e0549\"","type":"Microsoft.Network/virtualNetworks","location":"eastus","tags":{},"properties":{"provisioningState":"Succeeded","resourceGuid":"b3dd047f-03c6-4898-969d-ee98452add40","addressSpace":{"addressPrefixes":["10.0.0.0/28"]},"dhcpOptions":{"dnsServers":[]},"subnets":[{"name":"subnet1","id":"/subscriptions/00000000-0000-0000-0000-000000000000/resourceGroups/vmbdtest9339/providers/Microsoft.Network/virtualNetworks/vnete86952524ff1/subnets/subnet1","etag":"W/\"b7054623-673e-4fcf-9f6b-0bb2393e0549\"","properties":{"provisioningState":"Succeeded","addressPrefix":"10.0.0.0/28","ipConfigurations":[{"id":"/subscriptions/00000000-0000-0000-0000-000000000000/resourceGroups/vmbdtest9339/providers/Microsoft.Network/networkInterfaces/nicjavavme49307656/ipConfigurations/primary"}]}}],"virtualNetworkPeerings":[],"enableDdosProtection":false,"enableVmProtection":false}},{"name":"vnet0bd00661cf96","id":"/subscriptions/00000000-0000-0000-0000-000000000000/resourceGroups/vmbdtest9524/providers/Microsoft.Network/virtualNetworks/vnet0bd00661cf96","etag":"W/\"cc67ba5e-a656-47ff-aaf9-d70774d9b5f8\"","type":"Microsoft.Network/virtualNetworks","location":"eastus","tags":{},"properties":{"provisioningState":"Succeeded","resourceGuid":"37e97dbb-ea76-4f58-90aa-7f656d32146c","addressSpace":{"addressPrefixes":["10.0.0.0/28"]},"dhcpOptions":{"dnsServers":[]},"subnets":[{"name":"subnet1","id":"/subscriptions/00000000-0000-0000-0000-000000000000/resourceGroups/vmbdtest9524/providers/Microsoft.Network/virtualNetworks/vnet0bd00661cf96/subnets/subnet1","etag":"W/\"cc67ba5e-a656-47ff-aaf9-d70774d9b5f8\"","properties":{"provisioningState":"Succeeded","addressPrefix":"10.0.0.0/28","ipConfigurations":[{"id":"/subscriptions/00000000-0000-0000-0000-000000000000/resourceGroups/vmbdtest9524/providers/Microsoft.Network/networkInterfaces/nicjavavm62f122500/ipConfigurations/primary"}]}}],"virtualNetworkPeerings":[],"enableDdosProtection":false,"enableVmProtection":false}},{"name":"vnetea626901f0fd","id":"/subscriptions/00000000-0000-0000-0000-000000000000/resourceGroups/vmexttest3092/providers/Microsoft.Network/virtualNetworks/vnetea626901f0fd","etag":"W/\"3aaa980f-4dbc-4261-a5cf-455b11c99240\"","type":"Microsoft.Network/virtualNetworks","location":"eastus","tags":{},"properties":{"provisioningState":"Succeeded","resourceGuid":"04287b2a-8867-42e1-9feb-0eb38039b181","addressSpace":{"addressPrefixes":["10.0.0.0/28"]},"dhcpOptions":{"dnsServers":[]},"subnets":[{"name":"subnet1","id":"/subscriptions/00000000-0000-0000-0000-000000000000/resourceGroups/vmexttest3092/providers/Microsoft.Network/virtualNetworks/vnetea626901f0fd/subnets/subnet1","etag":"W/\"3aaa980f-4dbc-4261-a5cf-455b11c99240\"","properties":{"provisioningState":"Succeeded","addressPrefix":"10.0.0.0/28","ipConfigurations":[{"id":"/subscriptions/00000000-0000-0000-0000-000000000000/resourceGroups/vmexttest3092/providers/Microsoft.Network/networkInterfaces/nicjavavmb6c27644c/ipConfigurations/primary"}]}}],"virtualNetworkPeerings":[],"enableDdosProtection":false,"enableVmProtection":false}},{"name":"vnet466423732aa9","id":"/subscriptions/00000000-0000-0000-0000-000000000000/resourceGroups/vmexttest340/providers/Microsoft.Network/virtualNetworks/vnet466423732aa9","etag":"W/\"831b6cf8-5601-4b11-aa76-a41bc141c702\"","type":"Microsoft.Network/virtualNetworks","location":"eastus","tags":{},"properties":{"provisioningState":"Succeeded","resourceGuid":"464cef7f-5ea0-4da0-9223-92140625f661","addressSpace":{"addressPrefixes":["10.0.0.0/28"]},"dhcpOptions":{"dnsServers":[]},"subnets":[{"name":"subnet1","id":"/subscriptions/00000000-0000-0000-0000-000000000000/resourceGroups/vmexttest340/providers/Microsoft.Network/virtualNetworks/vnet466423732aa9/subnets/subnet1","etag":"W/\"831b6cf8-5601-4b11-aa76-a41bc141c702\"","properties":{"provisioningState":"Succeeded","addressPrefix":"10.0.0.0/28","ipConfigurations":[{"id":"/subscriptions/00000000-0000-0000-0000-000000000000/resourceGroups/vmexttest340/providers/Microsoft.Network/networkInterfaces/nicjavavm66833682b/ipConfigurations/primary"}]}}],"virtualNetworkPeerings":[],"enableDdosProtection":false,"enableVmProtection":false}},{"name":"vnet1b6281280929","id":"/subscriptions/00000000-0000-0000-0000-000000000000/resourceGroups/vmexttest6038/providers/Microsoft.Network/virtualNetworks/vnet1b6281280929","etag":"W/\"12f4bb67-f979-46d5-a431-b32bbfc925e4\"","type":"Microsoft.Network/virtualNetworks","location":"eastus","tags":{},"properties":{"provisioningState":"Succeeded","resourceGuid":"89198789-f5d7-44fc-852e-0f186e1c910a","addressSpace":{"addressPrefixes":["10.0.0.0/28"]},"dhcpOptions":{"dnsServers":[]},"subnets":[{"name":"subnet1","id":"/subscriptions/00000000-0000-0000-0000-000000000000/resourceGroups/vmexttest6038/providers/Microsoft.Network/virtualNetworks/vnet1b6281280929/subnets/subnet1","etag":"W/\"12f4bb67-f979-46d5-a431-b32bbfc925e4\"","properties":{"provisioningState":"Succeeded","addressPrefix":"10.0.0.0/28","ipConfigurations":[{"id":"/subscriptions/00000000-0000-0000-0000-000000000000/resourceGroups/vmexttest6038/providers/Microsoft.Network/networkInterfaces/nicjavavme9d09795a/ipConfigurations/primary"}]}}],"virtualNetworkPeerings":[],"enableDdosProtection":false,"enableVmProtection":false}},{"name":"vnetcd716854429d","id":"/subscriptions/00000000-0000-0000-0000-000000000000/resourceGroups/vmexttest6897/providers/Microsoft.Network/virtualNetworks/vnetcd716854429d","etag":"W/\"bc6bc7f6-d31d-463b-b711-1895feb72b27\"","type":"Microsoft.Network/virtualNetworks","location":"eastus","tags":{},"properties":{"provisioningState":"Succeeded","resourceGuid":"caefa072-d4ae-42e0-912f-98d22116c859","addressSpace":{"addressPrefixes":["10.0.0.0/28"]},"dhcpOptions":{"dnsServers":[]},"subnets":[{"name":"subnet1","id":"/subscriptions/00000000-0000-0000-0000-000000000000/resourceGroups/vmexttest6897/providers/Microsoft.Network/virtualNetworks/vnetcd716854429d/subnets/subnet1","etag":"W/\"bc6bc7f6-d31d-463b-b711-1895feb72b27\"","properties":{"provisioningState":"Succeeded","addressPrefix":"10.0.0.0/28","ipConfigurations":[{"id":"/subscriptions/00000000-0000-0000-0000-000000000000/resourceGroups/vmexttest6897/providers/Microsoft.Network/networkInterfaces/nicjavavmd87311151/ipConfigurations/primary"}]}}],"virtualNetworkPeerings":[],"enableDdosProtection":false,"enableVmProtection":false}},{"name":"vnet87769569c60c","id":"/subscriptions/00000000-0000-0000-0000-000000000000/resourceGroups/vmexttest7000/providers/Microsoft.Network/virtualNetworks/vnet87769569c60c","etag":"W/\"6020eb54-56d6-4294-b86b-738c91876954\"","type":"Microsoft.Network/virtualNetworks","location":"eastus","tags":{},"properties":{"provisioningState":"Succeeded","resourceGuid":"9017279b-e0cb-4a66-8854-b1400881fcc6","addressSpace":{"addressPrefixes":["10.0.0.0/28"]},"dhcpOptions":{"dnsServers":[]},"subnets":[{"name":"subnet1","id":"/subscriptions/00000000-0000-0000-0000-000000000000/resourceGroups/vmexttest7000/providers/Microsoft.Network/virtualNetworks/vnet87769569c60c/subnets/subnet1","etag":"W/\"6020eb54-56d6-4294-b86b-738c91876954\"","properties":{"provisioningState":"Succeeded","addressPrefix":"10.0.0.0/28","ipConfigurations":[{"id":"/subscriptions/00000000-0000-0000-0000-000000000000/resourceGroups/vmexttest7000/providers/Microsoft.Network/networkInterfaces/nicjavavm9ba526447/ipConfigurations/primary"}]}}],"virtualNetworkPeerings":[],"enableDdosProtection":false,"enableVmProtection":false}},{"name":"vnet51277277afef","id":"/subscriptions/00000000-0000-0000-0000-000000000000/resourceGroups/vmexttest7514/providers/Microsoft.Network/virtualNetworks/vnet51277277afef","etag":"W/\"7227d15e-5be0-42c3-8997-9f009f85fa06\"","type":"Microsoft.Network/virtualNetworks","location":"eastus","tags":{},"properties":{"provisioningState":"Succeeded","resourceGuid":"286f4ea3-14ce-4677-96fb-5e2ad2926d96","addressSpace":{"addressPrefixes":["10.0.0.0/28"]},"dhcpOptions":{"dnsServers":[]},"subnets":[{"name":"subnet1","id":"/subscriptions/00000000-0000-0000-0000-000000000000/resourceGroups/vmexttest7514/providers/Microsoft.Network/virtualNetworks/vnet51277277afef/subnets/subnet1","etag":"W/\"7227d15e-5be0-42c3-8997-9f009f85fa06\"","properties":{"provisioningState":"Succeeded","addressPrefix":"10.0.0.0/28","ipConfigurations":[{"id":"/subscriptions/00000000-0000-0000-0000-000000000000/resourceGroups/vmexttest7514/providers/Microsoft.Network/networkInterfaces/nicjavavmc24088473/ipConfigurations/primary"}]}}],"virtualNetworkPeerings":[],"enableDdosProtection":false,"enableVmProtection":false}},{"name":"vnet116028989b5e","id":"/subscriptions/00000000-0000-0000-0000-000000000000/resourceGroups/rgfluentchash-3715/providers/Microsoft.Network/virtualNetworks/vnet116028989b5e","etag":"W/\"1956a080-07f8-4e52-a367-e9bd30d9c85f\"","type":"Microsoft.Network/virtualNetworks","location":"southcentralus","tags":{},"properties":{"provisioningState":"Succeeded","resourceGuid":"d1be193d-e96c-462f-87ba-b9dbb2693ce6","addressSpace":{"addressPrefixes":["10.0.0.0/28"]},"dhcpOptions":{"dnsServers":[]},"subnets":[{"name":"subnet1","id":"/subscriptions/00000000-0000-0000-0000-000000000000/resourceGroups/rgfluentchash-3715/providers/Microsoft.Network/virtualNetworks/vnet116028989b5e/subnets/subnet1","etag":"W/\"1956a080-07f8-4e52-a367-e9bd30d9c85f\"","properties":{"provisioningState":"Succeeded","addressPrefix":"10.0.0.0/28","ipConfigurations":[{"id":"/subscriptions/00000000-0000-0000-0000-000000000000/resourceGroups/rgfluentchash-3715/providers/Microsoft.Network/networkInterfaces/nicchashvmb41499114/ipConfigurations/primary"}]}}],"virtualNetworkPeerings":[],"enableDdosProtection":false,"enableVmProtection":false}},{"name":"vnet218114803062","id":"/subscriptions/00000000-0000-0000-0000-000000000000/resourceGroups/rgfluentchash-3715/providers/Microsoft.Network/virtualNetworks/vnet218114803062","etag":"W/\"0455697e-be28-4cf6-a2d8-023c63bbd7dc\"","type":"Microsoft.Network/virtualNetworks","location":"southcentralus","tags":{},"properties":{"provisioningState":"Succeeded","resourceGuid":"d9f3e4b7-3395-4d56-903e-0c6585a70a37","addressSpace":{"addressPrefixes":["10.0.0.0/28"]},"dhcpOptions":{"dnsServers":[]},"subnets":[{"name":"subnet1","id":"/subscriptions/00000000-0000-0000-0000-000000000000/resourceGroups/rgfluentchash-3715/providers/Microsoft.Network/virtualNetworks/vnet218114803062/subnets/subnet1","etag":"W/\"0455697e-be28-4cf6-a2d8-023c63bbd7dc\"","properties":{"provisioningState":"Succeeded","addressPrefix":"10.0.0.0/28","ipConfigurations":[{"id":"/subscriptions/00000000-0000-0000-0000-000000000000/resourceGroups/rgfluentchash-3715/providers/Microsoft.Network/networkInterfaces/nicchashvmf3b898463/ipConfigurations/primary"}]}}],"virtualNetworkPeerings":[],"enableDdosProtection":false,"enableVmProtection":false}},{"name":"vnet34a330766c44","id":"/subscriptions/00000000-0000-0000-0000-000000000000/resourceGroups/rgfluentchash-4172/providers/Microsoft.Network/virtualNetworks/vnet34a330766c44","etag":"W/\"75a5d1df-88ac-4907-a0a7-574ea96c2ead\"","type":"Microsoft.Network/virtualNetworks","location":"southcentralus","tags":{},"properties":{"provisioningState":"Succeeded","resourceGuid":"8f7a74c2-ffb7-4e47-a889-2072632b331e","addressSpace":{"addressPrefixes":["10.0.0.0/28"]},"dhcpOptions":{"dnsServers":[]},"subnets":[{"name":"subnet1","id":"/subscriptions/00000000-0000-0000-0000-000000000000/resourceGroups/rgfluentchash-4172/providers/Microsoft.Network/virtualNetworks/vnet34a330766c44/subnets/subnet1","etag":"W/\"75a5d1df-88ac-4907-a0a7-574ea96c2ead\"","properties":{"provisioningState":"Succeeded","addressPrefix":"10.0.0.0/28","ipConfigurations":[{"id":"/subscriptions/00000000-0000-0000-0000-000000000000/resourceGroups/rgfluentchash-4172/providers/Microsoft.Network/networkInterfaces/nicchashvm86571638a/ipConfigurations/primary"}]}}],"virtualNetworkPeerings":[],"enableDdosProtection":false,"enableVmProtection":false}},{"name":"vnet40e6202916d8","id":"/subscriptions/00000000-0000-0000-0000-000000000000/resourceGroups/javacsmrg4309/providers/Microsoft.Network/virtualNetworks/vnet40e6202916d8","etag":"W/\"8b099bdd-5bcd-46dd-b7dc-9fa3c7dc8a3f\"","type":"Microsoft.Network/virtualNetworks","location":"eastus2","tags":{},"properties":{"provisioningState":"Succeeded","resourceGuid":"82df5a13-10af-4437-ab4d-3b4697403ac5","addressSpace":{"addressPrefixes":["10.0.0.0/28"]},"dhcpOptions":{"dnsServers":[]},"subnets":[{"name":"subnet1","id":"/subscriptions/00000000-0000-0000-0000-000000000000/resourceGroups/javacsmrg4309/providers/Microsoft.Network/virtualNetworks/vnet40e6202916d8/subnets/subnet1","etag":"W/\"8b099bdd-5bcd-46dd-b7dc-9fa3c7dc8a3f\"","properties":{"provisioningState":"Succeeded","addressPrefix":"10.0.0.0/28","ipConfigurations":[{"id":"/subscriptions/00000000-0000-0000-0000-000000000000/resourceGroups/javacsmrg4309/providers/Microsoft.Network/networkInterfaces/nicextvm1911f7264402/ipConfigurations/primary"}]}}],"virtualNetworkPeerings":[],"enableDdosProtection":false,"enableVmProtection":false}},{"name":"vnet792775081e49","id":"/subscriptions/00000000-0000-0000-0000-000000000000/resourceGroups/javacsmrg5955/providers/Microsoft.Network/virtualNetworks/vnet792775081e49","etag":"W/\"d63a3845-71fe-450e-a6ff-7a9d70867861\"","type":"Microsoft.Network/virtualNetworks","location":"eastus2","tags":{},"properties":{"provisioningState":"Succeeded","resourceGuid":"4eaefce7-ce9d-48cf-9256-72442d524a15","addressSpace":{"addressPrefixes":["10.0.0.0/28"]},"dhcpOptions":{"dnsServers":[]},"subnets":[{"name":"subnet1","id":"/subscriptions/00000000-0000-0000-0000-000000000000/resourceGroups/javacsmrg5955/providers/Microsoft.Network/virtualNetworks/vnet792775081e49/subnets/subnet1","etag":"W/\"d63a3845-71fe-450e-a6ff-7a9d70867861\"","properties":{"provisioningState":"Succeeded","addressPrefix":"10.0.0.0/28","ipConfigurations":[{"id":"/subscriptions/00000000-0000-0000-0000-000000000000/resourceGroups/javacsmrg5955/providers/Microsoft.Network/networkInterfaces/nicextvm2770df210331/ipConfigurations/primary"}]}}],"virtualNetworkPeerings":[],"enableDdosProtection":false,"enableVmProtection":false}}]}'}
    headers:
      Cache-Control: [no-cache]
      Content-Type: [application/json; charset=utf-8]
      Date: ['Tue, 28 Nov 2017 00:16:10 GMT']
      Expires: ['-1']
      Pragma: [no-cache]
      Strict-Transport-Security: [max-age=31536000; includeSubDomains]
      Vary: [Accept-Encoding]
      content-length: ['82371']
      x-ms-original-request-ids: [e0b031d9-e726-4c71-a94a-5b3424b513cb, 8aae08f4-8bca-4e03-b755-aa56040c424c,
        79089e68-a266-4caa-991b-93d93a0f22f7, 72135e6b-cce2-4d3a-826a-d71507587dde]
    status: {code: 200, message: OK}
- request:
    body: null
    headers:
      Accept: [application/json]
      Accept-Encoding: ['gzip, deflate']
      Connection: [keep-alive]
      Content-Type: [application/json; charset=utf-8]
      User-Agent: [python/3.5.3 (Windows-10-10.0.16299-SP0) requests/2.18.4 msrest/0.4.19
          msrest_azure/0.4.17 networkmanagementclient/1.6.0 Azure-SDK-For-Python AZURECLI/TEST/2.0.22]
      accept-language: [en-US]
      x-ms-client-request-id: [56a9da3e-d3d1-11e7-a692-a0b3ccf7272a]
    method: GET
    uri: https://management.azure.com/subscriptions/00000000-0000-0000-0000-000000000000/resourceGroups/cli_vnet_test/providers/Microsoft.Network/virtualNetworks?api-version=2017-10-01
  response:
    body: {string: "{\r\n  \"value\": [\r\n    {\r\n      \"name\": \"test-vnet\"\
        ,\r\n      \"id\": \"/subscriptions/00000000-0000-0000-0000-000000000000/resourceGroups/cli_vnet_test/providers/Microsoft.Network/virtualNetworks/test-vnet\"\
        ,\r\n      \"etag\": \"W/\\\"c30a5e2b-7119-4717-820c-a78fa10a800b\\\"\",\r\
        \n      \"type\": \"Microsoft.Network/virtualNetworks\",\r\n      \"location\"\
        : \"westus\",\r\n      \"tags\": {},\r\n      \"properties\": {\r\n      \
        \  \"provisioningState\": \"Succeeded\",\r\n        \"resourceGuid\": \"933c561e-4303-4455-85dd-62a9c6a9ff4a\"\
        ,\r\n        \"addressSpace\": {\r\n          \"addressPrefixes\": [\r\n \
        \           \"10.0.0.0/16\"\r\n          ]\r\n        },\r\n        \"dhcpOptions\"\
        : {\r\n          \"dnsServers\": []\r\n        },\r\n        \"subnets\":\
        \ [\r\n          {\r\n            \"name\": \"default\",\r\n            \"\
        id\": \"/subscriptions/00000000-0000-0000-0000-000000000000/resourceGroups/cli_vnet_test/providers/Microsoft.Network/virtualNetworks/test-vnet/subnets/default\"\
        ,\r\n            \"etag\": \"W/\\\"c30a5e2b-7119-4717-820c-a78fa10a800b\\\"\
        \",\r\n            \"properties\": {\r\n              \"provisioningState\"\
        : \"Succeeded\",\r\n              \"addressPrefix\": \"10.0.0.0/24\"\r\n \
        \           }\r\n          }\r\n        ],\r\n        \"virtualNetworkPeerings\"\
        : [],\r\n        \"enableDdosProtection\": false,\r\n        \"enableVmProtection\"\
        : false\r\n      }\r\n    }\r\n  ]\r\n}"}
    headers:
      Cache-Control: [no-cache]
      Content-Type: [application/json; charset=utf-8]
      Date: ['Tue, 28 Nov 2017 00:16:11 GMT']
      Expires: ['-1']
      Pragma: [no-cache]
      Server: [Microsoft-HTTPAPI/2.0, Microsoft-HTTPAPI/2.0]
      Strict-Transport-Security: [max-age=31536000; includeSubDomains]
      Transfer-Encoding: [chunked]
      Vary: [Accept-Encoding]
      content-length: ['1293']
    status: {code: 200, message: OK}
- request:
    body: null
    headers:
      Accept: [application/json]
      Accept-Encoding: ['gzip, deflate']
      Connection: [keep-alive]
      Content-Type: [application/json; charset=utf-8]
      User-Agent: [python/3.5.3 (Windows-10-10.0.16299-SP0) requests/2.18.4 msrest/0.4.19
          msrest_azure/0.4.17 networkmanagementclient/1.6.0 Azure-SDK-For-Python AZURECLI/TEST/2.0.22]
      accept-language: [en-US]
      x-ms-client-request-id: [56f61c94-d3d1-11e7-bb50-a0b3ccf7272a]
    method: GET
    uri: https://management.azure.com/subscriptions/00000000-0000-0000-0000-000000000000/resourceGroups/cli_vnet_test/providers/Microsoft.Network/virtualNetworks/test-vnet?api-version=2017-10-01
  response:
    body: {string: "{\r\n  \"name\": \"test-vnet\",\r\n  \"id\": \"/subscriptions/00000000-0000-0000-0000-000000000000/resourceGroups/cli_vnet_test/providers/Microsoft.Network/virtualNetworks/test-vnet\"\
        ,\r\n  \"etag\": \"W/\\\"c30a5e2b-7119-4717-820c-a78fa10a800b\\\"\",\r\n \
        \ \"type\": \"Microsoft.Network/virtualNetworks\",\r\n  \"location\": \"westus\"\
        ,\r\n  \"tags\": {},\r\n  \"properties\": {\r\n    \"provisioningState\":\
        \ \"Succeeded\",\r\n    \"resourceGuid\": \"933c561e-4303-4455-85dd-62a9c6a9ff4a\"\
        ,\r\n    \"addressSpace\": {\r\n      \"addressPrefixes\": [\r\n        \"\
        10.0.0.0/16\"\r\n      ]\r\n    },\r\n    \"dhcpOptions\": {\r\n      \"dnsServers\"\
        : []\r\n    },\r\n    \"subnets\": [\r\n      {\r\n        \"name\": \"default\"\
        ,\r\n        \"id\": \"/subscriptions/00000000-0000-0000-0000-000000000000/resourceGroups/cli_vnet_test/providers/Microsoft.Network/virtualNetworks/test-vnet/subnets/default\"\
        ,\r\n        \"etag\": \"W/\\\"c30a5e2b-7119-4717-820c-a78fa10a800b\\\"\"\
        ,\r\n        \"properties\": {\r\n          \"provisioningState\": \"Succeeded\"\
        ,\r\n          \"addressPrefix\": \"10.0.0.0/24\"\r\n        }\r\n      }\r\
        \n    ],\r\n    \"virtualNetworkPeerings\": [],\r\n    \"enableDdosProtection\"\
        : false,\r\n    \"enableVmProtection\": false\r\n  }\r\n}"}
    headers:
      Cache-Control: [no-cache]
      Content-Type: [application/json; charset=utf-8]
      Date: ['Tue, 28 Nov 2017 00:16:11 GMT']
      ETag: [W/"c30a5e2b-7119-4717-820c-a78fa10a800b"]
      Expires: ['-1']
      Pragma: [no-cache]
      Server: [Microsoft-HTTPAPI/2.0, Microsoft-HTTPAPI/2.0]
      Strict-Transport-Security: [max-age=31536000; includeSubDomains]
      Transfer-Encoding: [chunked]
      Vary: [Accept-Encoding]
      content-length: ['1132']
    status: {code: 200, message: OK}
- request:
    body: null
    headers:
      Accept: [application/json]
      Accept-Encoding: ['gzip, deflate']
      Connection: [keep-alive]
      Content-Type: [application/json; charset=utf-8]
      User-Agent: [python/3.5.3 (Windows-10-10.0.16299-SP0) requests/2.18.4 msrest/0.4.19
          msrest_azure/0.4.17 networkmanagementclient/1.6.0 Azure-SDK-For-Python AZURECLI/TEST/2.0.22]
      accept-language: [en-US]
      x-ms-client-request-id: [57474982-d3d1-11e7-bb79-a0b3ccf7272a]
    method: GET
    uri: https://management.azure.com/subscriptions/00000000-0000-0000-0000-000000000000/resourceGroups/cli_vnet_test/providers/Microsoft.Network/virtualNetworks/test-vnet?api-version=2017-10-01
  response:
    body: {string: "{\r\n  \"name\": \"test-vnet\",\r\n  \"id\": \"/subscriptions/00000000-0000-0000-0000-000000000000/resourceGroups/cli_vnet_test/providers/Microsoft.Network/virtualNetworks/test-vnet\"\
        ,\r\n  \"etag\": \"W/\\\"c30a5e2b-7119-4717-820c-a78fa10a800b\\\"\",\r\n \
        \ \"type\": \"Microsoft.Network/virtualNetworks\",\r\n  \"location\": \"westus\"\
        ,\r\n  \"tags\": {},\r\n  \"properties\": {\r\n    \"provisioningState\":\
        \ \"Succeeded\",\r\n    \"resourceGuid\": \"933c561e-4303-4455-85dd-62a9c6a9ff4a\"\
        ,\r\n    \"addressSpace\": {\r\n      \"addressPrefixes\": [\r\n        \"\
        10.0.0.0/16\"\r\n      ]\r\n    },\r\n    \"dhcpOptions\": {\r\n      \"dnsServers\"\
        : []\r\n    },\r\n    \"subnets\": [\r\n      {\r\n        \"name\": \"default\"\
        ,\r\n        \"id\": \"/subscriptions/00000000-0000-0000-0000-000000000000/resourceGroups/cli_vnet_test/providers/Microsoft.Network/virtualNetworks/test-vnet/subnets/default\"\
        ,\r\n        \"etag\": \"W/\\\"c30a5e2b-7119-4717-820c-a78fa10a800b\\\"\"\
        ,\r\n        \"properties\": {\r\n          \"provisioningState\": \"Succeeded\"\
        ,\r\n          \"addressPrefix\": \"10.0.0.0/24\"\r\n        }\r\n      }\r\
        \n    ],\r\n    \"virtualNetworkPeerings\": [],\r\n    \"enableDdosProtection\"\
        : false,\r\n    \"enableVmProtection\": false\r\n  }\r\n}"}
    headers:
      Cache-Control: [no-cache]
      Content-Type: [application/json; charset=utf-8]
      Date: ['Tue, 28 Nov 2017 00:16:12 GMT']
      ETag: [W/"c30a5e2b-7119-4717-820c-a78fa10a800b"]
      Expires: ['-1']
      Pragma: [no-cache]
      Server: [Microsoft-HTTPAPI/2.0, Microsoft-HTTPAPI/2.0]
      Strict-Transport-Security: [max-age=31536000; includeSubDomains]
      Transfer-Encoding: [chunked]
      Vary: [Accept-Encoding]
      content-length: ['1132']
    status: {code: 200, message: OK}
- request:
    body: '{"properties": {"addressSpace": {"addressPrefixes": ["20.0.0.0/16", "10.0.0.0/16"]},
      "virtualNetworkPeerings": [], "provisioningState": "Succeeded", "enableDdosProtection":
      false, "resourceGuid": "933c561e-4303-4455-85dd-62a9c6a9ff4a", "dhcpOptions":
      {"dnsServers": ["1.2.3.4"]}, "subnets": [{"properties": {"addressPrefix": "10.0.0.0/24",
      "provisioningState": "Succeeded"}, "id": "/subscriptions/0b1f6471-1bf0-4dda-aec3-cb9272f09590/resourceGroups/cli_vnet_test/providers/Microsoft.Network/virtualNetworks/test-vnet/subnets/default",
      "etag": "W/\"c30a5e2b-7119-4717-820c-a78fa10a800b\"", "name": "default"}], "enableVmProtection":
      false}, "id": "/subscriptions/0b1f6471-1bf0-4dda-aec3-cb9272f09590/resourceGroups/cli_vnet_test/providers/Microsoft.Network/virtualNetworks/test-vnet",
      "tags": {}, "etag": "W/\"c30a5e2b-7119-4717-820c-a78fa10a800b\"", "location":
      "westus"}'
    headers:
      Accept: [application/json]
      Accept-Encoding: ['gzip, deflate']
      Connection: [keep-alive]
      Content-Length: ['883']
      Content-Type: [application/json; charset=utf-8]
      User-Agent: [python/3.5.3 (Windows-10-10.0.16299-SP0) requests/2.18.4 msrest/0.4.19
          msrest_azure/0.4.17 networkmanagementclient/1.6.0 Azure-SDK-For-Python AZURECLI/TEST/2.0.22]
      accept-language: [en-US]
      x-ms-client-request-id: [576ae35a-d3d1-11e7-a3b6-a0b3ccf7272a]
    method: PUT
    uri: https://management.azure.com/subscriptions/00000000-0000-0000-0000-000000000000/resourceGroups/cli_vnet_test/providers/Microsoft.Network/virtualNetworks/test-vnet?api-version=2017-10-01
  response:
    body: {string: "{\r\n  \"name\": \"test-vnet\",\r\n  \"id\": \"/subscriptions/00000000-0000-0000-0000-000000000000/resourceGroups/cli_vnet_test/providers/Microsoft.Network/virtualNetworks/test-vnet\"\
        ,\r\n  \"etag\": \"W/\\\"adeb344b-db44-485b-b19e-7a7fd377ca50\\\"\",\r\n \
        \ \"type\": \"Microsoft.Network/virtualNetworks\",\r\n  \"location\": \"westus\"\
        ,\r\n  \"tags\": {},\r\n  \"properties\": {\r\n    \"provisioningState\":\
        \ \"Updating\",\r\n    \"resourceGuid\": \"933c561e-4303-4455-85dd-62a9c6a9ff4a\"\
        ,\r\n    \"addressSpace\": {\r\n      \"addressPrefixes\": [\r\n        \"\
        20.0.0.0/16\",\r\n        \"10.0.0.0/16\"\r\n      ]\r\n    },\r\n    \"dhcpOptions\"\
        : {\r\n      \"dnsServers\": [\r\n        \"1.2.3.4\"\r\n      ]\r\n    },\r\
        \n    \"subnets\": [\r\n      {\r\n        \"name\": \"default\",\r\n    \
        \    \"id\": \"/subscriptions/00000000-0000-0000-0000-000000000000/resourceGroups/cli_vnet_test/providers/Microsoft.Network/virtualNetworks/test-vnet/subnets/default\"\
        ,\r\n        \"etag\": \"W/\\\"adeb344b-db44-485b-b19e-7a7fd377ca50\\\"\"\
        ,\r\n        \"properties\": {\r\n          \"provisioningState\": \"Updating\"\
        ,\r\n          \"addressPrefix\": \"10.0.0.0/24\"\r\n        }\r\n      }\r\
        \n    ],\r\n    \"virtualNetworkPeerings\": [],\r\n    \"enableDdosProtection\"\
        : false,\r\n    \"enableVmProtection\": false\r\n  }\r\n}"}
    headers:
      Azure-AsyncOperation: ['https://management.azure.com/subscriptions/0b1f6471-1bf0-4dda-aec3-cb9272f09590/providers/Microsoft.Network/locations/westus/operations/7457427f-02ec-4dad-bc15-f807cb77294c?api-version=2017-10-01']
      Cache-Control: [no-cache]
      Content-Type: [application/json; charset=utf-8]
      Date: ['Tue, 28 Nov 2017 00:16:12 GMT']
      Expires: ['-1']
      Pragma: [no-cache]
      Retry-After: ['3']
      Server: [Microsoft-HTTPAPI/2.0, Microsoft-HTTPAPI/2.0]
      Strict-Transport-Security: [max-age=31536000; includeSubDomains]
      Transfer-Encoding: [chunked]
      Vary: [Accept-Encoding]
      content-length: ['1181']
      x-ms-ratelimit-remaining-subscription-writes: ['1190']
    status: {code: 200, message: OK}
- request:
    body: null
    headers:
      Accept: [application/json]
      Accept-Encoding: ['gzip, deflate']
      Connection: [keep-alive]
      Content-Type: [application/json; charset=utf-8]
      User-Agent: [python/3.5.3 (Windows-10-10.0.16299-SP0) requests/2.18.4 msrest/0.4.19
          msrest_azure/0.4.17 networkmanagementclient/1.6.0 Azure-SDK-For-Python AZURECLI/TEST/2.0.22]
      accept-language: [en-US]
      x-ms-client-request-id: [576ae35a-d3d1-11e7-a3b6-a0b3ccf7272a]
    method: GET
    uri: https://management.azure.com/subscriptions/00000000-0000-0000-0000-000000000000/providers/Microsoft.Network/locations/westus/operations/7457427f-02ec-4dad-bc15-f807cb77294c?api-version=2017-10-01
  response:
    body: {string: "{\r\n  \"status\": \"Succeeded\"\r\n}"}
    headers:
      Cache-Control: [no-cache]
      Content-Type: [application/json; charset=utf-8]
      Date: ['Tue, 28 Nov 2017 00:16:15 GMT']
      Expires: ['-1']
      Pragma: [no-cache]
      Server: [Microsoft-HTTPAPI/2.0, Microsoft-HTTPAPI/2.0]
      Strict-Transport-Security: [max-age=31536000; includeSubDomains]
      Transfer-Encoding: [chunked]
      Vary: [Accept-Encoding]
      content-length: ['29']
    status: {code: 200, message: OK}
- request:
    body: null
    headers:
      Accept: [application/json]
      Accept-Encoding: ['gzip, deflate']
      Connection: [keep-alive]
      Content-Type: [application/json; charset=utf-8]
      User-Agent: [python/3.5.3 (Windows-10-10.0.16299-SP0) requests/2.18.4 msrest/0.4.19
          msrest_azure/0.4.17 networkmanagementclient/1.6.0 Azure-SDK-For-Python AZURECLI/TEST/2.0.22]
      accept-language: [en-US]
      x-ms-client-request-id: [576ae35a-d3d1-11e7-a3b6-a0b3ccf7272a]
    method: GET
    uri: https://management.azure.com/subscriptions/00000000-0000-0000-0000-000000000000/resourceGroups/cli_vnet_test/providers/Microsoft.Network/virtualNetworks/test-vnet?api-version=2017-10-01
  response:
    body: {string: "{\r\n  \"name\": \"test-vnet\",\r\n  \"id\": \"/subscriptions/00000000-0000-0000-0000-000000000000/resourceGroups/cli_vnet_test/providers/Microsoft.Network/virtualNetworks/test-vnet\"\
        ,\r\n  \"etag\": \"W/\\\"86134b1d-85f6-417a-9a92-b670efe936c0\\\"\",\r\n \
        \ \"type\": \"Microsoft.Network/virtualNetworks\",\r\n  \"location\": \"westus\"\
        ,\r\n  \"tags\": {},\r\n  \"properties\": {\r\n    \"provisioningState\":\
        \ \"Succeeded\",\r\n    \"resourceGuid\": \"933c561e-4303-4455-85dd-62a9c6a9ff4a\"\
        ,\r\n    \"addressSpace\": {\r\n      \"addressPrefixes\": [\r\n        \"\
        20.0.0.0/16\",\r\n        \"10.0.0.0/16\"\r\n      ]\r\n    },\r\n    \"dhcpOptions\"\
        : {\r\n      \"dnsServers\": [\r\n        \"1.2.3.4\"\r\n      ]\r\n    },\r\
        \n    \"subnets\": [\r\n      {\r\n        \"name\": \"default\",\r\n    \
        \    \"id\": \"/subscriptions/00000000-0000-0000-0000-000000000000/resourceGroups/cli_vnet_test/providers/Microsoft.Network/virtualNetworks/test-vnet/subnets/default\"\
        ,\r\n        \"etag\": \"W/\\\"86134b1d-85f6-417a-9a92-b670efe936c0\\\"\"\
        ,\r\n        \"properties\": {\r\n          \"provisioningState\": \"Succeeded\"\
        ,\r\n          \"addressPrefix\": \"10.0.0.0/24\"\r\n        }\r\n      }\r\
        \n    ],\r\n    \"virtualNetworkPeerings\": [],\r\n    \"enableDdosProtection\"\
        : false,\r\n    \"enableVmProtection\": false\r\n  }\r\n}"}
    headers:
      Cache-Control: [no-cache]
      Content-Type: [application/json; charset=utf-8]
      Date: ['Tue, 28 Nov 2017 00:16:15 GMT']
      ETag: [W/"86134b1d-85f6-417a-9a92-b670efe936c0"]
      Expires: ['-1']
      Pragma: [no-cache]
      Server: [Microsoft-HTTPAPI/2.0, Microsoft-HTTPAPI/2.0]
      Strict-Transport-Security: [max-age=31536000; includeSubDomains]
      Transfer-Encoding: [chunked]
      Vary: [Accept-Encoding]
      content-length: ['1183']
    status: {code: 200, message: OK}
- request:
    body: null
    headers:
      Accept: [application/json]
      Accept-Encoding: ['gzip, deflate']
      Connection: [keep-alive]
      Content-Type: [application/json; charset=utf-8]
      User-Agent: [python/3.5.3 (Windows-10-10.0.16299-SP0) requests/2.18.4 msrest/0.4.19
          msrest_azure/0.4.17 networkmanagementclient/1.6.0 Azure-SDK-For-Python AZURECLI/TEST/2.0.22]
      accept-language: [en-US]
      x-ms-client-request-id: [59d07c8c-d3d1-11e7-96b5-a0b3ccf7272a]
    method: GET
    uri: https://management.azure.com/subscriptions/00000000-0000-0000-0000-000000000000/resourceGroups/cli_vnet_test/providers/Microsoft.Network/virtualNetworks/test-vnet?api-version=2017-10-01
  response:
    body: {string: "{\r\n  \"name\": \"test-vnet\",\r\n  \"id\": \"/subscriptions/00000000-0000-0000-0000-000000000000/resourceGroups/cli_vnet_test/providers/Microsoft.Network/virtualNetworks/test-vnet\"\
        ,\r\n  \"etag\": \"W/\\\"86134b1d-85f6-417a-9a92-b670efe936c0\\\"\",\r\n \
        \ \"type\": \"Microsoft.Network/virtualNetworks\",\r\n  \"location\": \"westus\"\
        ,\r\n  \"tags\": {},\r\n  \"properties\": {\r\n    \"provisioningState\":\
        \ \"Succeeded\",\r\n    \"resourceGuid\": \"933c561e-4303-4455-85dd-62a9c6a9ff4a\"\
        ,\r\n    \"addressSpace\": {\r\n      \"addressPrefixes\": [\r\n        \"\
        20.0.0.0/16\",\r\n        \"10.0.0.0/16\"\r\n      ]\r\n    },\r\n    \"dhcpOptions\"\
        : {\r\n      \"dnsServers\": [\r\n        \"1.2.3.4\"\r\n      ]\r\n    },\r\
        \n    \"subnets\": [\r\n      {\r\n        \"name\": \"default\",\r\n    \
        \    \"id\": \"/subscriptions/00000000-0000-0000-0000-000000000000/resourceGroups/cli_vnet_test/providers/Microsoft.Network/virtualNetworks/test-vnet/subnets/default\"\
        ,\r\n        \"etag\": \"W/\\\"86134b1d-85f6-417a-9a92-b670efe936c0\\\"\"\
        ,\r\n        \"properties\": {\r\n          \"provisioningState\": \"Succeeded\"\
        ,\r\n          \"addressPrefix\": \"10.0.0.0/24\"\r\n        }\r\n      }\r\
        \n    ],\r\n    \"virtualNetworkPeerings\": [],\r\n    \"enableDdosProtection\"\
        : false,\r\n    \"enableVmProtection\": false\r\n  }\r\n}"}
    headers:
      Cache-Control: [no-cache]
      Content-Type: [application/json; charset=utf-8]
      Date: ['Tue, 28 Nov 2017 00:16:16 GMT']
      ETag: [W/"86134b1d-85f6-417a-9a92-b670efe936c0"]
      Expires: ['-1']
      Pragma: [no-cache]
      Server: [Microsoft-HTTPAPI/2.0, Microsoft-HTTPAPI/2.0]
      Strict-Transport-Security: [max-age=31536000; includeSubDomains]
      Transfer-Encoding: [chunked]
      Vary: [Accept-Encoding]
      content-length: ['1183']
    status: {code: 200, message: OK}
- request:
    body: '{"properties": {"addressSpace": {"addressPrefixes": ["20.0.0.0/16", "10.0.0.0/16"]},
      "virtualNetworkPeerings": [], "provisioningState": "Succeeded", "enableDdosProtection":
      false, "resourceGuid": "933c561e-4303-4455-85dd-62a9c6a9ff4a", "dhcpOptions":
      {}, "subnets": [{"properties": {"addressPrefix": "10.0.0.0/24", "provisioningState":
      "Succeeded"}, "id": "/subscriptions/0b1f6471-1bf0-4dda-aec3-cb9272f09590/resourceGroups/cli_vnet_test/providers/Microsoft.Network/virtualNetworks/test-vnet/subnets/default",
      "etag": "W/\"86134b1d-85f6-417a-9a92-b670efe936c0\"", "name": "default"}], "enableVmProtection":
      false}, "id": "/subscriptions/0b1f6471-1bf0-4dda-aec3-cb9272f09590/resourceGroups/cli_vnet_test/providers/Microsoft.Network/virtualNetworks/test-vnet",
      "tags": {}, "etag": "W/\"86134b1d-85f6-417a-9a92-b670efe936c0\"", "location":
      "westus"}'
    headers:
      Accept: [application/json]
      Accept-Encoding: ['gzip, deflate']
      Connection: [keep-alive]
      Content-Length: ['858']
      Content-Type: [application/json; charset=utf-8]
      User-Agent: [python/3.5.3 (Windows-10-10.0.16299-SP0) requests/2.18.4 msrest/0.4.19
          msrest_azure/0.4.17 networkmanagementclient/1.6.0 Azure-SDK-For-Python AZURECLI/TEST/2.0.22]
      accept-language: [en-US]
      x-ms-client-request-id: [5a0d8eb6-d3d1-11e7-8882-a0b3ccf7272a]
    method: PUT
    uri: https://management.azure.com/subscriptions/00000000-0000-0000-0000-000000000000/resourceGroups/cli_vnet_test/providers/Microsoft.Network/virtualNetworks/test-vnet?api-version=2017-10-01
  response:
    body: {string: "{\r\n  \"name\": \"test-vnet\",\r\n  \"id\": \"/subscriptions/00000000-0000-0000-0000-000000000000/resourceGroups/cli_vnet_test/providers/Microsoft.Network/virtualNetworks/test-vnet\"\
        ,\r\n  \"etag\": \"W/\\\"e2552c05-9ef8-41c6-9971-5b9d45619696\\\"\",\r\n \
        \ \"type\": \"Microsoft.Network/virtualNetworks\",\r\n  \"location\": \"westus\"\
        ,\r\n  \"tags\": {},\r\n  \"properties\": {\r\n    \"provisioningState\":\
        \ \"Updating\",\r\n    \"resourceGuid\": \"933c561e-4303-4455-85dd-62a9c6a9ff4a\"\
        ,\r\n    \"addressSpace\": {\r\n      \"addressPrefixes\": [\r\n        \"\
        20.0.0.0/16\",\r\n        \"10.0.0.0/16\"\r\n      ]\r\n    },\r\n    \"dhcpOptions\"\
        : {\r\n      \"dnsServers\": []\r\n    },\r\n    \"subnets\": [\r\n      {\r\
        \n        \"name\": \"default\",\r\n        \"id\": \"/subscriptions/00000000-0000-0000-0000-000000000000/resourceGroups/cli_vnet_test/providers/Microsoft.Network/virtualNetworks/test-vnet/subnets/default\"\
        ,\r\n        \"etag\": \"W/\\\"e2552c05-9ef8-41c6-9971-5b9d45619696\\\"\"\
        ,\r\n        \"properties\": {\r\n          \"provisioningState\": \"Updating\"\
        ,\r\n          \"addressPrefix\": \"10.0.0.0/24\"\r\n        }\r\n      }\r\
        \n    ],\r\n    \"virtualNetworkPeerings\": [],\r\n    \"enableDdosProtection\"\
        : false,\r\n    \"enableVmProtection\": false\r\n  }\r\n}"}
    headers:
      Azure-AsyncOperation: ['https://management.azure.com/subscriptions/0b1f6471-1bf0-4dda-aec3-cb9272f09590/providers/Microsoft.Network/locations/westus/operations/addd1d1a-3b2c-4057-b61c-20f06dff9744?api-version=2017-10-01']
      Cache-Control: [no-cache]
      Content-Type: [application/json; charset=utf-8]
      Date: ['Tue, 28 Nov 2017 00:16:17 GMT']
      Expires: ['-1']
      Pragma: [no-cache]
      Retry-After: ['3']
      Server: [Microsoft-HTTPAPI/2.0, Microsoft-HTTPAPI/2.0]
      Strict-Transport-Security: [max-age=31536000; includeSubDomains]
      Transfer-Encoding: [chunked]
      Vary: [Accept-Encoding]
      content-length: ['1154']
      x-ms-ratelimit-remaining-subscription-writes: ['1196']
    status: {code: 200, message: OK}
- request:
    body: null
    headers:
      Accept: [application/json]
      Accept-Encoding: ['gzip, deflate']
      Connection: [keep-alive]
      Content-Type: [application/json; charset=utf-8]
      User-Agent: [python/3.5.3 (Windows-10-10.0.16299-SP0) requests/2.18.4 msrest/0.4.19
          msrest_azure/0.4.17 networkmanagementclient/1.6.0 Azure-SDK-For-Python AZURECLI/TEST/2.0.22]
      accept-language: [en-US]
      x-ms-client-request-id: [5a0d8eb6-d3d1-11e7-8882-a0b3ccf7272a]
    method: GET
    uri: https://management.azure.com/subscriptions/00000000-0000-0000-0000-000000000000/providers/Microsoft.Network/locations/westus/operations/addd1d1a-3b2c-4057-b61c-20f06dff9744?api-version=2017-10-01
  response:
    body: {string: "{\r\n  \"status\": \"Succeeded\"\r\n}"}
    headers:
      Cache-Control: [no-cache]
      Content-Type: [application/json; charset=utf-8]
      Date: ['Tue, 28 Nov 2017 00:16:19 GMT']
      Expires: ['-1']
      Pragma: [no-cache]
      Server: [Microsoft-HTTPAPI/2.0, Microsoft-HTTPAPI/2.0]
      Strict-Transport-Security: [max-age=31536000; includeSubDomains]
      Transfer-Encoding: [chunked]
      Vary: [Accept-Encoding]
      content-length: ['29']
    status: {code: 200, message: OK}
- request:
    body: null
    headers:
      Accept: [application/json]
      Accept-Encoding: ['gzip, deflate']
      Connection: [keep-alive]
      Content-Type: [application/json; charset=utf-8]
      User-Agent: [python/3.5.3 (Windows-10-10.0.16299-SP0) requests/2.18.4 msrest/0.4.19
          msrest_azure/0.4.17 networkmanagementclient/1.6.0 Azure-SDK-For-Python AZURECLI/TEST/2.0.22]
      accept-language: [en-US]
      x-ms-client-request-id: [5a0d8eb6-d3d1-11e7-8882-a0b3ccf7272a]
    method: GET
    uri: https://management.azure.com/subscriptions/00000000-0000-0000-0000-000000000000/resourceGroups/cli_vnet_test/providers/Microsoft.Network/virtualNetworks/test-vnet?api-version=2017-10-01
  response:
    body: {string: "{\r\n  \"name\": \"test-vnet\",\r\n  \"id\": \"/subscriptions/00000000-0000-0000-0000-000000000000/resourceGroups/cli_vnet_test/providers/Microsoft.Network/virtualNetworks/test-vnet\"\
        ,\r\n  \"etag\": \"W/\\\"c163eb0f-a851-4728-86e4-34bf7c23fe4e\\\"\",\r\n \
        \ \"type\": \"Microsoft.Network/virtualNetworks\",\r\n  \"location\": \"westus\"\
        ,\r\n  \"tags\": {},\r\n  \"properties\": {\r\n    \"provisioningState\":\
        \ \"Succeeded\",\r\n    \"resourceGuid\": \"933c561e-4303-4455-85dd-62a9c6a9ff4a\"\
        ,\r\n    \"addressSpace\": {\r\n      \"addressPrefixes\": [\r\n        \"\
        20.0.0.0/16\",\r\n        \"10.0.0.0/16\"\r\n      ]\r\n    },\r\n    \"dhcpOptions\"\
        : {\r\n      \"dnsServers\": []\r\n    },\r\n    \"subnets\": [\r\n      {\r\
        \n        \"name\": \"default\",\r\n        \"id\": \"/subscriptions/00000000-0000-0000-0000-000000000000/resourceGroups/cli_vnet_test/providers/Microsoft.Network/virtualNetworks/test-vnet/subnets/default\"\
        ,\r\n        \"etag\": \"W/\\\"c163eb0f-a851-4728-86e4-34bf7c23fe4e\\\"\"\
        ,\r\n        \"properties\": {\r\n          \"provisioningState\": \"Succeeded\"\
        ,\r\n          \"addressPrefix\": \"10.0.0.0/24\"\r\n        }\r\n      }\r\
        \n    ],\r\n    \"virtualNetworkPeerings\": [],\r\n    \"enableDdosProtection\"\
        : false,\r\n    \"enableVmProtection\": false\r\n  }\r\n}"}
    headers:
      Cache-Control: [no-cache]
      Content-Type: [application/json; charset=utf-8]
      Date: ['Tue, 28 Nov 2017 00:16:20 GMT']
      ETag: [W/"c163eb0f-a851-4728-86e4-34bf7c23fe4e"]
      Expires: ['-1']
      Pragma: [no-cache]
      Server: [Microsoft-HTTPAPI/2.0, Microsoft-HTTPAPI/2.0]
      Strict-Transport-Security: [max-age=31536000; includeSubDomains]
      Transfer-Encoding: [chunked]
      Vary: [Accept-Encoding]
      content-length: ['1156']
    status: {code: 200, message: OK}
- request:
    body: null
    headers:
      Accept: [application/json]
      Accept-Encoding: ['gzip, deflate']
      Connection: [keep-alive]
      Content-Type: [application/json; charset=utf-8]
      User-Agent: [python/3.5.3 (Windows-10-10.0.16299-SP0) requests/2.18.4 msrest/0.4.19
          msrest_azure/0.4.17 networkmanagementclient/1.6.0 Azure-SDK-For-Python AZURECLI/TEST/2.0.22]
      accept-language: [en-US]
      x-ms-client-request-id: [5c7c3ab8-d3d1-11e7-86f8-a0b3ccf7272a]
    method: GET
    uri: https://management.azure.com/subscriptions/00000000-0000-0000-0000-000000000000/resourceGroups/cli_vnet_test/providers/Microsoft.Network/virtualNetworks/test-vnet?api-version=2017-10-01
  response:
    body: {string: "{\r\n  \"name\": \"test-vnet\",\r\n  \"id\": \"/subscriptions/00000000-0000-0000-0000-000000000000/resourceGroups/cli_vnet_test/providers/Microsoft.Network/virtualNetworks/test-vnet\"\
        ,\r\n  \"etag\": \"W/\\\"c163eb0f-a851-4728-86e4-34bf7c23fe4e\\\"\",\r\n \
        \ \"type\": \"Microsoft.Network/virtualNetworks\",\r\n  \"location\": \"westus\"\
        ,\r\n  \"tags\": {},\r\n  \"properties\": {\r\n    \"provisioningState\":\
        \ \"Succeeded\",\r\n    \"resourceGuid\": \"933c561e-4303-4455-85dd-62a9c6a9ff4a\"\
        ,\r\n    \"addressSpace\": {\r\n      \"addressPrefixes\": [\r\n        \"\
        20.0.0.0/16\",\r\n        \"10.0.0.0/16\"\r\n      ]\r\n    },\r\n    \"dhcpOptions\"\
        : {\r\n      \"dnsServers\": []\r\n    },\r\n    \"subnets\": [\r\n      {\r\
        \n        \"name\": \"default\",\r\n        \"id\": \"/subscriptions/00000000-0000-0000-0000-000000000000/resourceGroups/cli_vnet_test/providers/Microsoft.Network/virtualNetworks/test-vnet/subnets/default\"\
        ,\r\n        \"etag\": \"W/\\\"c163eb0f-a851-4728-86e4-34bf7c23fe4e\\\"\"\
        ,\r\n        \"properties\": {\r\n          \"provisioningState\": \"Succeeded\"\
        ,\r\n          \"addressPrefix\": \"10.0.0.0/24\"\r\n        }\r\n      }\r\
        \n    ],\r\n    \"virtualNetworkPeerings\": [],\r\n    \"enableDdosProtection\"\
        : false,\r\n    \"enableVmProtection\": false\r\n  }\r\n}"}
    headers:
      Cache-Control: [no-cache]
      Content-Type: [application/json; charset=utf-8]
      Date: ['Tue, 28 Nov 2017 00:16:21 GMT']
      ETag: [W/"c163eb0f-a851-4728-86e4-34bf7c23fe4e"]
      Expires: ['-1']
      Pragma: [no-cache]
      Server: [Microsoft-HTTPAPI/2.0, Microsoft-HTTPAPI/2.0]
      Strict-Transport-Security: [max-age=31536000; includeSubDomains]
      Transfer-Encoding: [chunked]
      Vary: [Accept-Encoding]
      content-length: ['1156']
    status: {code: 200, message: OK}
- request:
    body: '{"properties": {"addressSpace": {"addressPrefixes": ["20.0.0.0/24", "10.0.0.0/16"]},
      "virtualNetworkPeerings": [], "provisioningState": "Succeeded", "enableDdosProtection":
      false, "resourceGuid": "933c561e-4303-4455-85dd-62a9c6a9ff4a", "dhcpOptions":
      {"dnsServers": []}, "subnets": [{"properties": {"addressPrefix": "10.0.0.0/24",
      "provisioningState": "Succeeded"}, "id": "/subscriptions/0b1f6471-1bf0-4dda-aec3-cb9272f09590/resourceGroups/cli_vnet_test/providers/Microsoft.Network/virtualNetworks/test-vnet/subnets/default",
      "etag": "W/\"c163eb0f-a851-4728-86e4-34bf7c23fe4e\"", "name": "default"}], "enableVmProtection":
      false}, "id": "/subscriptions/0b1f6471-1bf0-4dda-aec3-cb9272f09590/resourceGroups/cli_vnet_test/providers/Microsoft.Network/virtualNetworks/test-vnet",
      "tags": {}, "etag": "W/\"c163eb0f-a851-4728-86e4-34bf7c23fe4e\"", "location":
      "westus"}'
    headers:
      Accept: [application/json]
      Accept-Encoding: ['gzip, deflate']
      Connection: [keep-alive]
      Content-Length: ['874']
      Content-Type: [application/json; charset=utf-8]
      User-Agent: [python/3.5.3 (Windows-10-10.0.16299-SP0) requests/2.18.4 msrest/0.4.19
          msrest_azure/0.4.17 networkmanagementclient/1.6.0 Azure-SDK-For-Python AZURECLI/TEST/2.0.22]
      accept-language: [en-US]
      x-ms-client-request-id: [5ca09786-d3d1-11e7-b03c-a0b3ccf7272a]
    method: PUT
    uri: https://management.azure.com/subscriptions/00000000-0000-0000-0000-000000000000/resourceGroups/cli_vnet_test/providers/Microsoft.Network/virtualNetworks/test-vnet?api-version=2017-10-01
  response:
    body: {string: "{\r\n  \"name\": \"test-vnet\",\r\n  \"id\": \"/subscriptions/00000000-0000-0000-0000-000000000000/resourceGroups/cli_vnet_test/providers/Microsoft.Network/virtualNetworks/test-vnet\"\
        ,\r\n  \"etag\": \"W/\\\"2f1f2f91-bf30-40cc-aed1-131cbfa214f9\\\"\",\r\n \
        \ \"type\": \"Microsoft.Network/virtualNetworks\",\r\n  \"location\": \"westus\"\
        ,\r\n  \"tags\": {},\r\n  \"properties\": {\r\n    \"provisioningState\":\
        \ \"Updating\",\r\n    \"resourceGuid\": \"933c561e-4303-4455-85dd-62a9c6a9ff4a\"\
        ,\r\n    \"addressSpace\": {\r\n      \"addressPrefixes\": [\r\n        \"\
        20.0.0.0/24\",\r\n        \"10.0.0.0/16\"\r\n      ]\r\n    },\r\n    \"dhcpOptions\"\
        : {\r\n      \"dnsServers\": []\r\n    },\r\n    \"subnets\": [\r\n      {\r\
        \n        \"name\": \"default\",\r\n        \"id\": \"/subscriptions/00000000-0000-0000-0000-000000000000/resourceGroups/cli_vnet_test/providers/Microsoft.Network/virtualNetworks/test-vnet/subnets/default\"\
        ,\r\n        \"etag\": \"W/\\\"2f1f2f91-bf30-40cc-aed1-131cbfa214f9\\\"\"\
        ,\r\n        \"properties\": {\r\n          \"provisioningState\": \"Updating\"\
        ,\r\n          \"addressPrefix\": \"10.0.0.0/24\"\r\n        }\r\n      }\r\
        \n    ],\r\n    \"virtualNetworkPeerings\": [],\r\n    \"enableDdosProtection\"\
        : false,\r\n    \"enableVmProtection\": false\r\n  }\r\n}"}
    headers:
      Azure-AsyncOperation: ['https://management.azure.com/subscriptions/0b1f6471-1bf0-4dda-aec3-cb9272f09590/providers/Microsoft.Network/locations/westus/operations/0945701b-9de2-44c7-8b82-07d2f856183b?api-version=2017-10-01']
      Cache-Control: [no-cache]
      Content-Type: [application/json; charset=utf-8]
      Date: ['Tue, 28 Nov 2017 00:16:21 GMT']
      Expires: ['-1']
      Pragma: [no-cache]
      Retry-After: ['3']
      Server: [Microsoft-HTTPAPI/2.0, Microsoft-HTTPAPI/2.0]
      Strict-Transport-Security: [max-age=31536000; includeSubDomains]
      Transfer-Encoding: [chunked]
      Vary: [Accept-Encoding]
      content-length: ['1154']
      x-ms-ratelimit-remaining-subscription-writes: ['1184']
    status: {code: 200, message: OK}
- request:
    body: null
    headers:
      Accept: [application/json]
      Accept-Encoding: ['gzip, deflate']
      Connection: [keep-alive]
      Content-Type: [application/json; charset=utf-8]
      User-Agent: [python/3.5.3 (Windows-10-10.0.16299-SP0) requests/2.18.4 msrest/0.4.19
          msrest_azure/0.4.17 networkmanagementclient/1.6.0 Azure-SDK-For-Python AZURECLI/TEST/2.0.22]
      accept-language: [en-US]
      x-ms-client-request-id: [5ca09786-d3d1-11e7-b03c-a0b3ccf7272a]
    method: GET
    uri: https://management.azure.com/subscriptions/00000000-0000-0000-0000-000000000000/providers/Microsoft.Network/locations/westus/operations/0945701b-9de2-44c7-8b82-07d2f856183b?api-version=2017-10-01
  response:
    body: {string: "{\r\n  \"status\": \"Succeeded\"\r\n}"}
    headers:
      Cache-Control: [no-cache]
      Content-Type: [application/json; charset=utf-8]
      Date: ['Tue, 28 Nov 2017 00:16:24 GMT']
      Expires: ['-1']
      Pragma: [no-cache]
      Server: [Microsoft-HTTPAPI/2.0, Microsoft-HTTPAPI/2.0]
      Strict-Transport-Security: [max-age=31536000; includeSubDomains]
      Transfer-Encoding: [chunked]
      Vary: [Accept-Encoding]
      content-length: ['29']
    status: {code: 200, message: OK}
- request:
    body: null
    headers:
      Accept: [application/json]
      Accept-Encoding: ['gzip, deflate']
      Connection: [keep-alive]
      Content-Type: [application/json; charset=utf-8]
      User-Agent: [python/3.5.3 (Windows-10-10.0.16299-SP0) requests/2.18.4 msrest/0.4.19
          msrest_azure/0.4.17 networkmanagementclient/1.6.0 Azure-SDK-For-Python AZURECLI/TEST/2.0.22]
      accept-language: [en-US]
      x-ms-client-request-id: [5ca09786-d3d1-11e7-b03c-a0b3ccf7272a]
    method: GET
    uri: https://management.azure.com/subscriptions/00000000-0000-0000-0000-000000000000/resourceGroups/cli_vnet_test/providers/Microsoft.Network/virtualNetworks/test-vnet?api-version=2017-10-01
  response:
    body: {string: "{\r\n  \"name\": \"test-vnet\",\r\n  \"id\": \"/subscriptions/00000000-0000-0000-0000-000000000000/resourceGroups/cli_vnet_test/providers/Microsoft.Network/virtualNetworks/test-vnet\"\
        ,\r\n  \"etag\": \"W/\\\"056c3cce-d1b5-4fc3-846c-8f614544bb74\\\"\",\r\n \
        \ \"type\": \"Microsoft.Network/virtualNetworks\",\r\n  \"location\": \"westus\"\
        ,\r\n  \"tags\": {},\r\n  \"properties\": {\r\n    \"provisioningState\":\
        \ \"Succeeded\",\r\n    \"resourceGuid\": \"933c561e-4303-4455-85dd-62a9c6a9ff4a\"\
        ,\r\n    \"addressSpace\": {\r\n      \"addressPrefixes\": [\r\n        \"\
        20.0.0.0/24\",\r\n        \"10.0.0.0/16\"\r\n      ]\r\n    },\r\n    \"dhcpOptions\"\
        : {\r\n      \"dnsServers\": []\r\n    },\r\n    \"subnets\": [\r\n      {\r\
        \n        \"name\": \"default\",\r\n        \"id\": \"/subscriptions/00000000-0000-0000-0000-000000000000/resourceGroups/cli_vnet_test/providers/Microsoft.Network/virtualNetworks/test-vnet/subnets/default\"\
        ,\r\n        \"etag\": \"W/\\\"056c3cce-d1b5-4fc3-846c-8f614544bb74\\\"\"\
        ,\r\n        \"properties\": {\r\n          \"provisioningState\": \"Succeeded\"\
        ,\r\n          \"addressPrefix\": \"10.0.0.0/24\"\r\n        }\r\n      }\r\
        \n    ],\r\n    \"virtualNetworkPeerings\": [],\r\n    \"enableDdosProtection\"\
        : false,\r\n    \"enableVmProtection\": false\r\n  }\r\n}"}
    headers:
      Cache-Control: [no-cache]
      Content-Type: [application/json; charset=utf-8]
      Date: ['Tue, 28 Nov 2017 00:16:26 GMT']
      ETag: [W/"056c3cce-d1b5-4fc3-846c-8f614544bb74"]
      Expires: ['-1']
      Pragma: [no-cache]
      Server: [Microsoft-HTTPAPI/2.0, Microsoft-HTTPAPI/2.0]
      Strict-Transport-Security: [max-age=31536000; includeSubDomains]
      Transfer-Encoding: [chunked]
      Vary: [Accept-Encoding]
      content-length: ['1156']
    status: {code: 200, message: OK}
- request:
    body: '{"properties": {"addressPrefix": "20.0.0.0/24"}, "name": "test-subnet1"}'
    headers:
      Accept: [application/json]
      Accept-Encoding: ['gzip, deflate']
      Connection: [keep-alive]
      Content-Length: ['72']
      Content-Type: [application/json; charset=utf-8]
      User-Agent: [python/3.5.3 (Windows-10-10.0.16299-SP0) requests/2.18.4 msrest/0.4.19
          msrest_azure/0.4.17 networkmanagementclient/1.6.0 Azure-SDK-For-Python AZURECLI/TEST/2.0.22]
      accept-language: [en-US]
      x-ms-client-request-id: [5f97326e-d3d1-11e7-b175-a0b3ccf7272a]
    method: PUT
    uri: https://management.azure.com/subscriptions/00000000-0000-0000-0000-000000000000/resourceGroups/cli_vnet_test/providers/Microsoft.Network/virtualNetworks/test-vnet/subnets/test-subnet1?api-version=2017-10-01
  response:
    body: {string: "{\r\n  \"name\": \"test-subnet1\",\r\n  \"id\": \"/subscriptions/00000000-0000-0000-0000-000000000000/resourceGroups/cli_vnet_test/providers/Microsoft.Network/virtualNetworks/test-vnet/subnets/test-subnet1\"\
        ,\r\n  \"etag\": \"W/\\\"940413ff-5102-4a2f-bb14-ce24225bab71\\\"\",\r\n \
        \ \"properties\": {\r\n    \"provisioningState\": \"Updating\",\r\n    \"\
        addressPrefix\": \"20.0.0.0/24\"\r\n  }\r\n}"}
    headers:
      Azure-AsyncOperation: ['https://management.azure.com/subscriptions/0b1f6471-1bf0-4dda-aec3-cb9272f09590/providers/Microsoft.Network/locations/westus/operations/c310d127-550e-415d-bcab-1299502dba22?api-version=2017-10-01']
      Cache-Control: [no-cache]
      Content-Length: ['360']
      Content-Type: [application/json; charset=utf-8]
      Date: ['Tue, 28 Nov 2017 00:16:26 GMT']
      Expires: ['-1']
      Pragma: [no-cache]
      Retry-After: ['3']
      Server: [Microsoft-HTTPAPI/2.0, Microsoft-HTTPAPI/2.0]
      Strict-Transport-Security: [max-age=31536000; includeSubDomains]
      x-ms-ratelimit-remaining-subscription-writes: ['1196']
    status: {code: 201, message: Created}
- request:
    body: null
    headers:
      Accept: [application/json]
      Accept-Encoding: ['gzip, deflate']
      Connection: [keep-alive]
      Content-Type: [application/json; charset=utf-8]
      User-Agent: [python/3.5.3 (Windows-10-10.0.16299-SP0) requests/2.18.4 msrest/0.4.19
          msrest_azure/0.4.17 networkmanagementclient/1.6.0 Azure-SDK-For-Python AZURECLI/TEST/2.0.22]
      accept-language: [en-US]
      x-ms-client-request-id: [5f97326e-d3d1-11e7-b175-a0b3ccf7272a]
    method: GET
    uri: https://management.azure.com/subscriptions/00000000-0000-0000-0000-000000000000/providers/Microsoft.Network/locations/westus/operations/c310d127-550e-415d-bcab-1299502dba22?api-version=2017-10-01
  response:
    body: {string: "{\r\n  \"status\": \"Succeeded\"\r\n}"}
    headers:
      Cache-Control: [no-cache]
      Content-Type: [application/json; charset=utf-8]
      Date: ['Tue, 28 Nov 2017 00:16:30 GMT']
      Expires: ['-1']
      Pragma: [no-cache]
      Server: [Microsoft-HTTPAPI/2.0, Microsoft-HTTPAPI/2.0]
      Strict-Transport-Security: [max-age=31536000; includeSubDomains]
      Transfer-Encoding: [chunked]
      Vary: [Accept-Encoding]
      content-length: ['29']
    status: {code: 200, message: OK}
- request:
    body: null
    headers:
      Accept: [application/json]
      Accept-Encoding: ['gzip, deflate']
      Connection: [keep-alive]
      Content-Type: [application/json; charset=utf-8]
      User-Agent: [python/3.5.3 (Windows-10-10.0.16299-SP0) requests/2.18.4 msrest/0.4.19
          msrest_azure/0.4.17 networkmanagementclient/1.6.0 Azure-SDK-For-Python AZURECLI/TEST/2.0.22]
      accept-language: [en-US]
      x-ms-client-request-id: [5f97326e-d3d1-11e7-b175-a0b3ccf7272a]
    method: GET
    uri: https://management.azure.com/subscriptions/00000000-0000-0000-0000-000000000000/resourceGroups/cli_vnet_test/providers/Microsoft.Network/virtualNetworks/test-vnet/subnets/test-subnet1?api-version=2017-10-01
  response:
    body: {string: "{\r\n  \"name\": \"test-subnet1\",\r\n  \"id\": \"/subscriptions/00000000-0000-0000-0000-000000000000/resourceGroups/cli_vnet_test/providers/Microsoft.Network/virtualNetworks/test-vnet/subnets/test-subnet1\"\
        ,\r\n  \"etag\": \"W/\\\"e3c0c0e5-4e4f-4767-a656-ca515c244872\\\"\",\r\n \
        \ \"properties\": {\r\n    \"provisioningState\": \"Succeeded\",\r\n    \"\
        addressPrefix\": \"20.0.0.0/24\"\r\n  }\r\n}"}
    headers:
      Cache-Control: [no-cache]
      Content-Type: [application/json; charset=utf-8]
      Date: ['Tue, 28 Nov 2017 00:16:30 GMT']
      ETag: [W/"e3c0c0e5-4e4f-4767-a656-ca515c244872"]
      Expires: ['-1']
      Pragma: [no-cache]
      Server: [Microsoft-HTTPAPI/2.0, Microsoft-HTTPAPI/2.0]
      Strict-Transport-Security: [max-age=31536000; includeSubDomains]
      Transfer-Encoding: [chunked]
      Vary: [Accept-Encoding]
      content-length: ['361']
    status: {code: 200, message: OK}
- request:
    body: null
    headers:
      Accept: [application/json]
      Accept-Encoding: ['gzip, deflate']
      Connection: [keep-alive]
      Content-Type: [application/json; charset=utf-8]
      User-Agent: [python/3.5.3 (Windows-10-10.0.16299-SP0) requests/2.18.4 msrest/0.4.19
          msrest_azure/0.4.17 networkmanagementclient/1.6.0 Azure-SDK-For-Python AZURECLI/TEST/2.0.22]
      accept-language: [en-US]
      x-ms-client-request-id: [62ca741a-d3d1-11e7-a5fe-a0b3ccf7272a]
    method: GET
    uri: https://management.azure.com/subscriptions/00000000-0000-0000-0000-000000000000/resourceGroups/cli_vnet_test/providers/Microsoft.Network/virtualNetworks/test-vnet/subnets?api-version=2017-10-01
  response:
    body: {string: "{\r\n  \"value\": [\r\n    {\r\n      \"name\": \"default\",\r\
        \n      \"id\": \"/subscriptions/00000000-0000-0000-0000-000000000000/resourceGroups/cli_vnet_test/providers/Microsoft.Network/virtualNetworks/test-vnet/subnets/default\"\
        ,\r\n      \"etag\": \"W/\\\"e3c0c0e5-4e4f-4767-a656-ca515c244872\\\"\",\r\
        \n      \"properties\": {\r\n        \"provisioningState\": \"Succeeded\"\
        ,\r\n        \"addressPrefix\": \"10.0.0.0/24\"\r\n      }\r\n    },\r\n \
        \   {\r\n      \"name\": \"test-subnet1\",\r\n      \"id\": \"/subscriptions/00000000-0000-0000-0000-000000000000/resourceGroups/cli_vnet_test/providers/Microsoft.Network/virtualNetworks/test-vnet/subnets/test-subnet1\"\
        ,\r\n      \"etag\": \"W/\\\"e3c0c0e5-4e4f-4767-a656-ca515c244872\\\"\",\r\
        \n      \"properties\": {\r\n        \"provisioningState\": \"Succeeded\"\
        ,\r\n        \"addressPrefix\": \"20.0.0.0/24\"\r\n      }\r\n    }\r\n  ]\r\
        \n}"}
    headers:
      Cache-Control: [no-cache]
      Content-Type: [application/json; charset=utf-8]
      Date: ['Tue, 28 Nov 2017 00:16:30 GMT']
      Expires: ['-1']
      Pragma: [no-cache]
      Server: [Microsoft-HTTPAPI/2.0, Microsoft-HTTPAPI/2.0]
      Strict-Transport-Security: [max-age=31536000; includeSubDomains]
      Transfer-Encoding: [chunked]
      Vary: [Accept-Encoding]
      content-length: ['812']
    status: {code: 200, message: OK}
- request:
    body: null
    headers:
      Accept: [application/json]
      Accept-Encoding: ['gzip, deflate']
      Connection: [keep-alive]
      Content-Type: [application/json; charset=utf-8]
      User-Agent: [python/3.5.3 (Windows-10-10.0.16299-SP0) requests/2.18.4 msrest/0.4.19
          msrest_azure/0.4.17 networkmanagementclient/1.6.0 Azure-SDK-For-Python AZURECLI/TEST/2.0.22]
      accept-language: [en-US]
      x-ms-client-request-id: [62f5d568-d3d1-11e7-8401-a0b3ccf7272a]
    method: GET
    uri: https://management.azure.com/subscriptions/00000000-0000-0000-0000-000000000000/resourceGroups/cli_vnet_test/providers/Microsoft.Network/virtualNetworks/test-vnet/subnets/test-subnet1?api-version=2017-10-01
  response:
    body: {string: "{\r\n  \"name\": \"test-subnet1\",\r\n  \"id\": \"/subscriptions/00000000-0000-0000-0000-000000000000/resourceGroups/cli_vnet_test/providers/Microsoft.Network/virtualNetworks/test-vnet/subnets/test-subnet1\"\
        ,\r\n  \"etag\": \"W/\\\"e3c0c0e5-4e4f-4767-a656-ca515c244872\\\"\",\r\n \
        \ \"properties\": {\r\n    \"provisioningState\": \"Succeeded\",\r\n    \"\
        addressPrefix\": \"20.0.0.0/24\"\r\n  }\r\n}"}
    headers:
      Cache-Control: [no-cache]
      Content-Type: [application/json; charset=utf-8]
      Date: ['Tue, 28 Nov 2017 00:16:31 GMT']
      ETag: [W/"e3c0c0e5-4e4f-4767-a656-ca515c244872"]
      Expires: ['-1']
      Pragma: [no-cache]
      Server: [Microsoft-HTTPAPI/2.0, Microsoft-HTTPAPI/2.0]
      Strict-Transport-Security: [max-age=31536000; includeSubDomains]
      Transfer-Encoding: [chunked]
      Vary: [Accept-Encoding]
      content-length: ['361']
    status: {code: 200, message: OK}
- request:
    body: null
    headers:
      Accept: [application/json]
      Accept-Encoding: ['gzip, deflate']
      Connection: [keep-alive]
      Content-Length: ['0']
      Content-Type: [application/json; charset=utf-8]
      User-Agent: [python/3.5.3 (Windows-10-10.0.16299-SP0) requests/2.18.4 msrest/0.4.19
          msrest_azure/0.4.17 networkmanagementclient/1.6.0 Azure-SDK-For-Python AZURECLI/TEST/2.0.22]
      accept-language: [en-US]
      x-ms-client-request-id: [6326096c-d3d1-11e7-b092-a0b3ccf7272a]
    method: DELETE
    uri: https://management.azure.com/subscriptions/00000000-0000-0000-0000-000000000000/resourceGroups/cli_vnet_test/providers/Microsoft.Network/virtualNetworks/test-vnet/subnets/test-subnet1?api-version=2017-10-01
  response:
    body: {string: ''}
    headers:
      Azure-AsyncOperation: ['https://management.azure.com/subscriptions/0b1f6471-1bf0-4dda-aec3-cb9272f09590/providers/Microsoft.Network/locations/westus/operations/fb1778be-a6a3-4aa9-96e6-bcb162fd0a85?api-version=2017-10-01']
      Cache-Control: [no-cache]
      Content-Length: ['0']
      Date: ['Tue, 28 Nov 2017 00:16:35 GMT']
      Expires: ['-1']
      Location: ['https://management.azure.com/subscriptions/0b1f6471-1bf0-4dda-aec3-cb9272f09590/providers/Microsoft.Network/locations/westus/operationResults/fb1778be-a6a3-4aa9-96e6-bcb162fd0a85?api-version=2017-10-01']
      Pragma: [no-cache]
      Retry-After: ['10']
      Server: [Microsoft-HTTPAPI/2.0, Microsoft-HTTPAPI/2.0]
      Strict-Transport-Security: [max-age=31536000; includeSubDomains]
      x-ms-ratelimit-remaining-subscription-writes: ['1195']
    status: {code: 202, message: Accepted}
- request:
    body: null
    headers:
      Accept: [application/json]
      Accept-Encoding: ['gzip, deflate']
      Connection: [keep-alive]
      Content-Type: [application/json; charset=utf-8]
      User-Agent: [python/3.5.3 (Windows-10-10.0.16299-SP0) requests/2.18.4 msrest/0.4.19
          msrest_azure/0.4.17 networkmanagementclient/1.6.0 Azure-SDK-For-Python AZURECLI/TEST/2.0.22]
      accept-language: [en-US]
      x-ms-client-request-id: [6326096c-d3d1-11e7-b092-a0b3ccf7272a]
    method: GET
    uri: https://management.azure.com/subscriptions/00000000-0000-0000-0000-000000000000/providers/Microsoft.Network/locations/westus/operations/fb1778be-a6a3-4aa9-96e6-bcb162fd0a85?api-version=2017-10-01
  response:
    body: {string: "{\r\n  \"status\": \"Succeeded\"\r\n}"}
    headers:
      Cache-Control: [no-cache]
      Content-Type: [application/json; charset=utf-8]
      Date: ['Tue, 28 Nov 2017 00:16:45 GMT']
      Expires: ['-1']
      Pragma: [no-cache]
      Server: [Microsoft-HTTPAPI/2.0, Microsoft-HTTPAPI/2.0]
      Strict-Transport-Security: [max-age=31536000; includeSubDomains]
      Transfer-Encoding: [chunked]
      Vary: [Accept-Encoding]
      content-length: ['29']
    status: {code: 200, message: OK}
- request:
    body: null
    headers:
      Accept: [application/json]
      Accept-Encoding: ['gzip, deflate']
      Connection: [keep-alive]
      Content-Type: [application/json; charset=utf-8]
      User-Agent: [python/3.5.3 (Windows-10-10.0.16299-SP0) requests/2.18.4 msrest/0.4.19
          msrest_azure/0.4.17 networkmanagementclient/1.6.0 Azure-SDK-For-Python AZURECLI/TEST/2.0.22]
      accept-language: [en-US]
      x-ms-client-request-id: [6c19db10-d3d1-11e7-aa67-a0b3ccf7272a]
    method: GET
    uri: https://management.azure.com/subscriptions/00000000-0000-0000-0000-000000000000/resourceGroups/cli_vnet_test/providers/Microsoft.Network/virtualNetworks/test-vnet/subnets?api-version=2017-10-01
  response:
    body: {string: "{\r\n  \"value\": [\r\n    {\r\n      \"name\": \"default\",\r\
        \n      \"id\": \"/subscriptions/00000000-0000-0000-0000-000000000000/resourceGroups/cli_vnet_test/providers/Microsoft.Network/virtualNetworks/test-vnet/subnets/default\"\
        ,\r\n      \"etag\": \"W/\\\"55567c17-c2e7-4836-a0d0-454020b3eb3e\\\"\",\r\
        \n      \"properties\": {\r\n        \"provisioningState\": \"Succeeded\"\
        ,\r\n        \"addressPrefix\": \"10.0.0.0/24\"\r\n      }\r\n    }\r\n  ]\r\
        \n}"}
    headers:
      Cache-Control: [no-cache]
      Content-Type: [application/json; charset=utf-8]
      Date: ['Tue, 28 Nov 2017 00:16:46 GMT']
      Expires: ['-1']
      Pragma: [no-cache]
      Server: [Microsoft-HTTPAPI/2.0, Microsoft-HTTPAPI/2.0]
      Strict-Transport-Security: [max-age=31536000; includeSubDomains]
      Transfer-Encoding: [chunked]
      Vary: [Accept-Encoding]
      content-length: ['412']
    status: {code: 200, message: OK}
- request:
    body: null
    headers:
      Accept: [application/json]
      Accept-Encoding: ['gzip, deflate']
      Connection: [keep-alive]
      Content-Type: [application/json; charset=utf-8]
      User-Agent: [python/3.5.3 (Windows-10-10.0.16299-SP0) requests/2.18.4 msrest/0.4.19
          msrest_azure/0.4.17 networkmanagementclient/1.6.0 Azure-SDK-For-Python AZURECLI/TEST/2.0.22]
      accept-language: [en-US]
      x-ms-client-request-id: [6c42ed7a-d3d1-11e7-9639-a0b3ccf7272a]
    method: GET
    uri: https://management.azure.com/subscriptions/00000000-0000-0000-0000-000000000000/resourceGroups/cli_vnet_test/providers/Microsoft.Network/virtualNetworks?api-version=2017-10-01
  response:
    body: {string: "{\r\n  \"value\": [\r\n    {\r\n      \"name\": \"test-vnet\"\
        ,\r\n      \"id\": \"/subscriptions/00000000-0000-0000-0000-000000000000/resourceGroups/cli_vnet_test/providers/Microsoft.Network/virtualNetworks/test-vnet\"\
        ,\r\n      \"etag\": \"W/\\\"55567c17-c2e7-4836-a0d0-454020b3eb3e\\\"\",\r\
        \n      \"type\": \"Microsoft.Network/virtualNetworks\",\r\n      \"location\"\
        : \"westus\",\r\n      \"tags\": {},\r\n      \"properties\": {\r\n      \
        \  \"provisioningState\": \"Succeeded\",\r\n        \"resourceGuid\": \"933c561e-4303-4455-85dd-62a9c6a9ff4a\"\
        ,\r\n        \"addressSpace\": {\r\n          \"addressPrefixes\": [\r\n \
        \           \"20.0.0.0/24\",\r\n            \"10.0.0.0/16\"\r\n          ]\r\
        \n        },\r\n        \"dhcpOptions\": {\r\n          \"dnsServers\": []\r\
        \n        },\r\n        \"subnets\": [\r\n          {\r\n            \"name\"\
        : \"default\",\r\n            \"id\": \"/subscriptions/00000000-0000-0000-0000-000000000000/resourceGroups/cli_vnet_test/providers/Microsoft.Network/virtualNetworks/test-vnet/subnets/default\"\
        ,\r\n            \"etag\": \"W/\\\"55567c17-c2e7-4836-a0d0-454020b3eb3e\\\"\
        \",\r\n            \"properties\": {\r\n              \"provisioningState\"\
        : \"Succeeded\",\r\n              \"addressPrefix\": \"10.0.0.0/24\"\r\n \
        \           }\r\n          }\r\n        ],\r\n        \"virtualNetworkPeerings\"\
        : [],\r\n        \"enableDdosProtection\": false,\r\n        \"enableVmProtection\"\
        : false\r\n      }\r\n    }\r\n  ]\r\n}"}
    headers:
      Cache-Control: [no-cache]
      Content-Type: [application/json; charset=utf-8]
      Date: ['Tue, 28 Nov 2017 00:16:47 GMT']
      Expires: ['-1']
      Pragma: [no-cache]
      Server: [Microsoft-HTTPAPI/2.0, Microsoft-HTTPAPI/2.0]
      Strict-Transport-Security: [max-age=31536000; includeSubDomains]
      Transfer-Encoding: [chunked]
      Vary: [Accept-Encoding]
      content-length: ['1321']
    status: {code: 200, message: OK}
- request:
    body: null
    headers:
      Accept: [application/json]
      Accept-Encoding: ['gzip, deflate']
      Connection: [keep-alive]
      Content-Length: ['0']
      Content-Type: [application/json; charset=utf-8]
      User-Agent: [python/3.5.3 (Windows-10-10.0.16299-SP0) requests/2.18.4 msrest/0.4.19
          msrest_azure/0.4.17 networkmanagementclient/1.6.0 Azure-SDK-For-Python AZURECLI/TEST/2.0.22]
      accept-language: [en-US]
      x-ms-client-request-id: [6c873dc8-d3d1-11e7-887a-a0b3ccf7272a]
    method: DELETE
    uri: https://management.azure.com/subscriptions/00000000-0000-0000-0000-000000000000/resourceGroups/cli_vnet_test/providers/Microsoft.Network/virtualNetworks/test-vnet?api-version=2017-10-01
  response:
    body: {string: ''}
    headers:
      Azure-AsyncOperation: ['https://management.azure.com/subscriptions/0b1f6471-1bf0-4dda-aec3-cb9272f09590/providers/Microsoft.Network/locations/westus/operations/a039ad36-13a7-445b-a5d6-9515d8562cc8?api-version=2017-10-01']
      Cache-Control: [no-cache]
      Content-Length: ['0']
      Date: ['Tue, 28 Nov 2017 00:16:48 GMT']
      Expires: ['-1']
      Location: ['https://management.azure.com/subscriptions/0b1f6471-1bf0-4dda-aec3-cb9272f09590/providers/Microsoft.Network/locations/westus/operationResults/a039ad36-13a7-445b-a5d6-9515d8562cc8?api-version=2017-10-01']
      Pragma: [no-cache]
      Retry-After: ['10']
      Server: [Microsoft-HTTPAPI/2.0, Microsoft-HTTPAPI/2.0]
      Strict-Transport-Security: [max-age=31536000; includeSubDomains]
      x-ms-ratelimit-remaining-subscription-writes: ['1189']
    status: {code: 202, message: Accepted}
- request:
    body: null
    headers:
      Accept: [application/json]
      Accept-Encoding: ['gzip, deflate']
      Connection: [keep-alive]
      Content-Type: [application/json; charset=utf-8]
      User-Agent: [python/3.5.3 (Windows-10-10.0.16299-SP0) requests/2.18.4 msrest/0.4.19
          msrest_azure/0.4.17 networkmanagementclient/1.6.0 Azure-SDK-For-Python AZURECLI/TEST/2.0.22]
      accept-language: [en-US]
      x-ms-client-request-id: [6c873dc8-d3d1-11e7-887a-a0b3ccf7272a]
    method: GET
    uri: https://management.azure.com/subscriptions/00000000-0000-0000-0000-000000000000/providers/Microsoft.Network/locations/westus/operations/a039ad36-13a7-445b-a5d6-9515d8562cc8?api-version=2017-10-01
  response:
    body: {string: "{\r\n  \"status\": \"Succeeded\"\r\n}"}
    headers:
      Cache-Control: [no-cache]
      Content-Type: [application/json; charset=utf-8]
      Date: ['Tue, 28 Nov 2017 00:16:58 GMT']
      Expires: ['-1']
      Pragma: [no-cache]
      Server: [Microsoft-HTTPAPI/2.0, Microsoft-HTTPAPI/2.0]
      Strict-Transport-Security: [max-age=31536000; includeSubDomains]
      Transfer-Encoding: [chunked]
      Vary: [Accept-Encoding]
      content-length: ['29']
    status: {code: 200, message: OK}
- request:
    body: null
    headers:
      Accept: [application/json]
      Accept-Encoding: ['gzip, deflate']
      Connection: [keep-alive]
      Content-Type: [application/json; charset=utf-8]
      User-Agent: [python/3.5.3 (Windows-10-10.0.16299-SP0) requests/2.18.4 msrest/0.4.19
          msrest_azure/0.4.17 networkmanagementclient/1.6.0 Azure-SDK-For-Python AZURECLI/TEST/2.0.22]
      accept-language: [en-US]
      x-ms-client-request-id: [736b5c76-d3d1-11e7-af8b-a0b3ccf7272a]
    method: GET
    uri: https://management.azure.com/subscriptions/00000000-0000-0000-0000-000000000000/resourceGroups/cli_vnet_test/providers/Microsoft.Network/virtualNetworks?api-version=2017-10-01
  response:
    body: {string: '{"value":[]}'}
    headers:
      Cache-Control: [no-cache]
      Content-Type: [application/json; charset=utf-8]
      Date: ['Tue, 28 Nov 2017 00:16:59 GMT']
      Expires: ['-1']
      Pragma: [no-cache]
      Strict-Transport-Security: [max-age=31536000; includeSubDomains]
      Vary: [Accept-Encoding]
      content-length: ['12']
    status: {code: 200, message: OK}
version: 1
