interactions:
- request:
    body: null
    headers:
      Accept:
      - application/json
      Accept-Encoding:
      - gzip, deflate
      CommandName:
      - iot hub create
      Connection:
      - keep-alive
      ParameterSetName:
      - -n -g --sku
      User-Agent:
      - AZURECLI/2.25.0 azsdk-python-azure-mgmt-resource/18.0.0 Python/3.8.10 (Windows-10-10.0.19043-SP0)
    method: GET
    uri: https://management.azure.com/subscriptions/00000000-0000-0000-0000-000000000000/resourcegroups/clitest.rg000001?api-version=2021-01-01
  response:
    body:
      string: '{"id":"/subscriptions/00000000-0000-0000-0000-000000000000/resourceGroups/clitest.rg000001","name":"clitest.rg000001","type":"Microsoft.Resources/resourceGroups","location":"westus","tags":{"product":"azurecli","cause":"automation","date":"2021-06-29T04:00:47Z"},"properties":{"provisioningState":"Succeeded"}}'
    headers:
      cache-control:
      - no-cache
      content-length:
      - '428'
      content-type:
      - application/json; charset=utf-8
      date:
      - Tue, 29 Jun 2021 04:00:52 GMT
      expires:
      - '-1'
      pragma:
      - no-cache
      strict-transport-security:
      - max-age=31536000; includeSubDomains
      vary:
      - Accept-Encoding
      x-content-type-options:
      - nosniff
    status:
      code: 200
      message: OK
- request:
    body: '{"location": "westus", "properties": {"eventHubEndpoints": {"events": {"retentionTimeInDays":
      1, "partitionCount": 4}}, "storageEndpoints": {"$default": {"sasTtlAsIso8601":
      "PT1H", "connectionString": "", "containerName": ""}}, "messagingEndpoints":
      {"fileNotifications": {"ttlAsIso8601": "PT1H", "maxDeliveryCount": 10}}, "enableFileUploadNotifications":
      false, "cloudToDevice": {"maxDeliveryCount": 10, "defaultTtlAsIso8601": "PT1H",
      "feedback": {"lockDurationAsIso8601": "PT5S", "ttlAsIso8601": "PT1H", "maxDeliveryCount":
      10}}}, "sku": {"name": "S1", "capacity": 1}}'
    headers:
      Accept:
      - application/json
      Accept-Encoding:
      - gzip, deflate
      CommandName:
      - iot hub create
      Connection:
      - keep-alive
      Content-Length:
      - '570'
      Content-Type:
      - application/json
      ParameterSetName:
      - -n -g --sku
      User-Agent:
      - AZURECLI/2.25.0 azsdk-python-azure-mgmt-iothub/2.0.0 Python/3.8.10 (Windows-10-10.0.19043-SP0)
    method: PUT
    uri: https://management.azure.com/subscriptions/00000000-0000-0000-0000-000000000000/resourceGroups/clitest.rg000001/providers/Microsoft.Devices/IotHubs/iot000003?api-version=2021-03-31
  response:
    body:
      string: '{"id":"/subscriptions/00000000-0000-0000-0000-000000000000/resourceGroups/clitest.rg000001/providers/Microsoft.Devices/IotHubs/iot000003","name":"iot000003","type":"Microsoft.Devices/IotHubs","location":"westus","tags":{},"subscriptionid":"a1bfa635-f2bf-42f1-86b5-848c674fc321","resourcegroup":"clitest.rg000001","properties":{"state":"Activating","provisioningState":"Accepted","eventHubEndpoints":{"events":{"retentionTimeInDays":1,"partitionCount":4},"operationsMonitoringEvents":{"retentionTimeInDays":1,"partitionCount":4}},"storageEndpoints":{"$default":{"sasTtlAsIso8601":"PT1H","connectionString":"","containerName":""}},"messagingEndpoints":{"fileNotifications":{"lockDurationAsIso8601":"PT1M","ttlAsIso8601":"PT1H","maxDeliveryCount":10}},"enableFileUploadNotifications":false,"cloudToDevice":{"maxDeliveryCount":10,"defaultTtlAsIso8601":"PT1H","feedback":{"lockDurationAsIso8601":"PT5S","ttlAsIso8601":"PT1H","maxDeliveryCount":10}},"features":"None"},"sku":{"name":"S1","tier":"Standard","capacity":1}}'
    headers:
      azure-asyncoperation:
      - https://management.azure.com/subscriptions/00000000-0000-0000-0000-000000000000/providers/Microsoft.Devices/operationResults/b3NfaWhfM2FiNDE4N2UtM2EyNS00NzA5LWE2ZTctMTdiN2UzMWZlOTlm?api-version=2021-03-31&operationSource=os_ih&asyncinfo
      cache-control:
      - no-cache
      content-length:
      - '1154'
      content-type:
      - application/json; charset=utf-8
      date:
      - Tue, 29 Jun 2021 04:01:01 GMT
      expires:
      - '-1'
      pragma:
      - no-cache
      server:
      - Microsoft-HTTPAPI/2.0
      strict-transport-security:
      - max-age=31536000; includeSubDomains
      x-content-type-options:
      - nosniff
      x-ms-ratelimit-remaining-subscription-resource-requests:
      - '4999'
    status:
      code: 201
      message: Created
- request:
    body: null
    headers:
      Accept:
      - '*/*'
      Accept-Encoding:
      - gzip, deflate
      CommandName:
      - iot hub create
      Connection:
      - keep-alive
      ParameterSetName:
      - -n -g --sku
      User-Agent:
      - AZURECLI/2.25.0 azsdk-python-azure-mgmt-iothub/2.0.0 Python/3.8.10 (Windows-10-10.0.19043-SP0)
    method: GET
    uri: https://management.azure.com/subscriptions/00000000-0000-0000-0000-000000000000/providers/Microsoft.Devices/operationResults/b3NfaWhfM2FiNDE4N2UtM2EyNS00NzA5LWE2ZTctMTdiN2UzMWZlOTlm?api-version=2021-03-31&operationSource=os_ih&asyncinfo
  response:
    body:
      string: '{"status":"Running"}'
    headers:
      cache-control:
      - no-cache
      content-length:
      - '20'
      content-type:
      - application/json; charset=utf-8
      date:
      - Tue, 29 Jun 2021 04:01:32 GMT
      expires:
      - '-1'
      pragma:
      - no-cache
      server:
      - Microsoft-HTTPAPI/2.0
      strict-transport-security:
      - max-age=31536000; includeSubDomains
      transfer-encoding:
      - chunked
      vary:
      - Accept-Encoding
      x-content-type-options:
      - nosniff
    status:
      code: 200
      message: OK
- request:
    body: null
    headers:
      Accept:
      - '*/*'
      Accept-Encoding:
      - gzip, deflate
      CommandName:
      - iot hub create
      Connection:
      - keep-alive
      ParameterSetName:
      - -n -g --sku
      User-Agent:
      - AZURECLI/2.25.0 azsdk-python-azure-mgmt-iothub/2.0.0 Python/3.8.10 (Windows-10-10.0.19043-SP0)
    method: GET
    uri: https://management.azure.com/subscriptions/00000000-0000-0000-0000-000000000000/providers/Microsoft.Devices/operationResults/b3NfaWhfM2FiNDE4N2UtM2EyNS00NzA5LWE2ZTctMTdiN2UzMWZlOTlm?api-version=2021-03-31&operationSource=os_ih&asyncinfo
  response:
    body:
      string: '{"status":"Running"}'
    headers:
      cache-control:
      - no-cache
      content-length:
      - '20'
      content-type:
      - application/json; charset=utf-8
      date:
      - Tue, 29 Jun 2021 04:02:03 GMT
      expires:
      - '-1'
      pragma:
      - no-cache
      server:
      - Microsoft-HTTPAPI/2.0
      strict-transport-security:
      - max-age=31536000; includeSubDomains
      transfer-encoding:
      - chunked
      vary:
      - Accept-Encoding
      x-content-type-options:
      - nosniff
    status:
      code: 200
      message: OK
- request:
    body: null
    headers:
      Accept:
      - '*/*'
      Accept-Encoding:
      - gzip, deflate
      CommandName:
      - iot hub create
      Connection:
      - keep-alive
      ParameterSetName:
      - -n -g --sku
      User-Agent:
      - AZURECLI/2.25.0 azsdk-python-azure-mgmt-iothub/2.0.0 Python/3.8.10 (Windows-10-10.0.19043-SP0)
    method: GET
    uri: https://management.azure.com/subscriptions/00000000-0000-0000-0000-000000000000/providers/Microsoft.Devices/operationResults/b3NfaWhfM2FiNDE4N2UtM2EyNS00NzA5LWE2ZTctMTdiN2UzMWZlOTlm?api-version=2021-03-31&operationSource=os_ih&asyncinfo
  response:
    body:
      string: '{"status":"Running"}'
    headers:
      cache-control:
      - no-cache
      content-length:
      - '20'
      content-type:
      - application/json; charset=utf-8
      date:
      - Tue, 29 Jun 2021 04:02:34 GMT
      expires:
      - '-1'
      pragma:
      - no-cache
      server:
      - Microsoft-HTTPAPI/2.0
      strict-transport-security:
      - max-age=31536000; includeSubDomains
      transfer-encoding:
      - chunked
      vary:
      - Accept-Encoding
      x-content-type-options:
      - nosniff
    status:
      code: 200
      message: OK
- request:
    body: null
    headers:
      Accept:
      - '*/*'
      Accept-Encoding:
      - gzip, deflate
      CommandName:
      - iot hub create
      Connection:
      - keep-alive
      ParameterSetName:
      - -n -g --sku
      User-Agent:
      - AZURECLI/2.25.0 azsdk-python-azure-mgmt-iothub/2.0.0 Python/3.8.10 (Windows-10-10.0.19043-SP0)
    method: GET
    uri: https://management.azure.com/subscriptions/00000000-0000-0000-0000-000000000000/providers/Microsoft.Devices/operationResults/b3NfaWhfM2FiNDE4N2UtM2EyNS00NzA5LWE2ZTctMTdiN2UzMWZlOTlm?api-version=2021-03-31&operationSource=os_ih&asyncinfo
  response:
    body:
      string: '{"status":"Running"}'
    headers:
      cache-control:
      - no-cache
      content-length:
      - '20'
      content-type:
      - application/json; charset=utf-8
      date:
      - Tue, 29 Jun 2021 04:03:04 GMT
      expires:
      - '-1'
      pragma:
      - no-cache
      server:
      - Microsoft-HTTPAPI/2.0
      strict-transport-security:
      - max-age=31536000; includeSubDomains
      transfer-encoding:
      - chunked
      vary:
      - Accept-Encoding
      x-content-type-options:
      - nosniff
    status:
      code: 200
      message: OK
- request:
    body: null
    headers:
      Accept:
      - '*/*'
      Accept-Encoding:
      - gzip, deflate
      CommandName:
      - iot hub create
      Connection:
      - keep-alive
      ParameterSetName:
      - -n -g --sku
      User-Agent:
      - AZURECLI/2.25.0 azsdk-python-azure-mgmt-iothub/2.0.0 Python/3.8.10 (Windows-10-10.0.19043-SP0)
    method: GET
    uri: https://management.azure.com/subscriptions/00000000-0000-0000-0000-000000000000/providers/Microsoft.Devices/operationResults/b3NfaWhfM2FiNDE4N2UtM2EyNS00NzA5LWE2ZTctMTdiN2UzMWZlOTlm?api-version=2021-03-31&operationSource=os_ih&asyncinfo
  response:
    body:
      string: '{"status":"Running"}'
    headers:
      cache-control:
      - no-cache
      content-length:
      - '20'
      content-type:
      - application/json; charset=utf-8
      date:
      - Tue, 29 Jun 2021 04:03:34 GMT
      expires:
      - '-1'
      pragma:
      - no-cache
      server:
      - Microsoft-HTTPAPI/2.0
      strict-transport-security:
      - max-age=31536000; includeSubDomains
      transfer-encoding:
      - chunked
      vary:
      - Accept-Encoding
      x-content-type-options:
      - nosniff
    status:
      code: 200
      message: OK
- request:
    body: null
    headers:
      Accept:
      - '*/*'
      Accept-Encoding:
      - gzip, deflate
      CommandName:
      - iot hub create
      Connection:
      - keep-alive
      ParameterSetName:
      - -n -g --sku
      User-Agent:
      - AZURECLI/2.25.0 azsdk-python-azure-mgmt-iothub/2.0.0 Python/3.8.10 (Windows-10-10.0.19043-SP0)
    method: GET
    uri: https://management.azure.com/subscriptions/00000000-0000-0000-0000-000000000000/providers/Microsoft.Devices/operationResults/b3NfaWhfM2FiNDE4N2UtM2EyNS00NzA5LWE2ZTctMTdiN2UzMWZlOTlm?api-version=2021-03-31&operationSource=os_ih&asyncinfo
  response:
    body:
      string: '{"status":"Succeeded"}'
    headers:
      cache-control:
      - no-cache
      content-length:
      - '22'
      content-type:
      - application/json; charset=utf-8
      date:
      - Tue, 29 Jun 2021 04:04:05 GMT
      expires:
      - '-1'
      pragma:
      - no-cache
      server:
      - Microsoft-HTTPAPI/2.0
      strict-transport-security:
      - max-age=31536000; includeSubDomains
      transfer-encoding:
      - chunked
      vary:
      - Accept-Encoding
      x-content-type-options:
      - nosniff
    status:
      code: 200
      message: OK
- request:
    body: null
    headers:
      Accept:
      - '*/*'
      Accept-Encoding:
      - gzip, deflate
      CommandName:
      - iot hub create
      Connection:
      - keep-alive
      ParameterSetName:
      - -n -g --sku
      User-Agent:
      - AZURECLI/2.25.0 azsdk-python-azure-mgmt-iothub/2.0.0 Python/3.8.10 (Windows-10-10.0.19043-SP0)
    method: GET
    uri: https://management.azure.com/subscriptions/00000000-0000-0000-0000-000000000000/resourceGroups/clitest.rg000001/providers/Microsoft.Devices/IotHubs/iot000003?api-version=2021-03-31
  response:
    body:
      string: '{"id":"/subscriptions/00000000-0000-0000-0000-000000000000/resourceGroups/clitest.rg000001/providers/Microsoft.Devices/IotHubs/iot000003","name":"iot000003","type":"Microsoft.Devices/IotHubs","location":"westus","tags":{},"subscriptionid":"a1bfa635-f2bf-42f1-86b5-848c674fc321","resourcegroup":"clitest.rg000001","etag":"AAAADFDUaZA=","properties":{"locations":[{"location":"West
        US","role":"primary"},{"location":"East US","role":"secondary"}],"state":"Active","provisioningState":"Succeeded","ipFilterRules":[],"hostName":"iot000003.azure-devices.net","eventHubEndpoints":{"events":{"retentionTimeInDays":1,"partitionCount":4,"partitionIds":["0","1","2","3"],"path":"iot000003","endpoint":"sb://iothub-ns-iotmvrsar5-12851992-60afbd5264.servicebus.windows.net/"}},"routing":{"endpoints":{"serviceBusQueues":[],"serviceBusTopics":[],"eventHubs":[],"storageContainers":[]},"routes":[],"fallbackRoute":{"name":"$fallback","source":"DeviceMessages","condition":"true","endpointNames":["events"],"isEnabled":true}},"storageEndpoints":{"$default":{"sasTtlAsIso8601":"PT1H","connectionString":"","containerName":""}},"messagingEndpoints":{"fileNotifications":{"lockDurationAsIso8601":"PT1M","ttlAsIso8601":"PT1H","maxDeliveryCount":10}},"enableFileUploadNotifications":false,"cloudToDevice":{"maxDeliveryCount":10,"defaultTtlAsIso8601":"PT1H","feedback":{"lockDurationAsIso8601":"PT5S","ttlAsIso8601":"PT1H","maxDeliveryCount":10}},"features":"None"},"sku":{"name":"S1","tier":"Standard","capacity":1},"identity":{"type":"None"}}'
    headers:
      cache-control:
      - no-cache
      content-length:
      - '1685'
      content-type:
      - application/json; charset=utf-8
      date:
      - Tue, 29 Jun 2021 04:04:05 GMT
      expires:
      - '-1'
      pragma:
      - no-cache
      server:
      - Microsoft-HTTPAPI/2.0
      strict-transport-security:
      - max-age=31536000; includeSubDomains
      transfer-encoding:
      - chunked
      vary:
      - Accept-Encoding
      x-content-type-options:
      - nosniff
    status:
      code: 200
      message: OK
- request:
    body: '{"name": "dps000002"}'
    headers:
      Accept:
      - application/json
      Accept-Encoding:
      - gzip, deflate
      CommandName:
      - iot dps create
      Connection:
      - keep-alive
      Content-Length:
      - '32'
      Content-Type:
      - application/json; charset=utf-8
      ParameterSetName:
      - -g -n --tags
      User-Agent:
      - python/3.8.10 (Windows-10-10.0.19043-SP0) msrest/0.6.21 msrest_azure/0.6.3
        azure-mgmt-iothubprovisioningservices/0.2.0 Azure-SDK-For-Python AZURECLI/2.25.0
      accept-language:
      - en-US
    method: POST
    uri: https://management.azure.com/subscriptions/00000000-0000-0000-0000-000000000000/providers/Microsoft.Devices/checkProvisioningServiceNameAvailability?api-version=2018-01-22
  response:
    body:
      string: '{"nameAvailable":true,"reason":"Invalid","message":null}'
    headers:
      cache-control:
      - no-cache
      content-length:
      - '56'
      content-type:
      - application/json; charset=utf-8
      date:
      - Tue, 29 Jun 2021 04:04:08 GMT
      expires:
      - '-1'
      pragma:
      - no-cache
      server:
      - Microsoft-HTTPAPI/2.0
      strict-transport-security:
      - max-age=31536000; includeSubDomains
      transfer-encoding:
      - chunked
      vary:
      - Accept-Encoding
      x-content-type-options:
      - nosniff
      x-ms-ratelimit-remaining-subscription-writes:
      - '1199'
    status:
      code: 200
      message: OK
- request:
    body: null
    headers:
      Accept:
      - application/json
      Accept-Encoding:
      - gzip, deflate
      CommandName:
      - iot dps create
      Connection:
      - keep-alive
      ParameterSetName:
      - -g -n --tags
      User-Agent:
      - AZURECLI/2.25.0 azsdk-python-azure-mgmt-resource/18.0.0 Python/3.8.10 (Windows-10-10.0.19043-SP0)
    method: GET
    uri: https://management.azure.com/subscriptions/00000000-0000-0000-0000-000000000000/resourcegroups/clitest.rg000001?api-version=2021-01-01
  response:
    body:
      string: '{"id":"/subscriptions/00000000-0000-0000-0000-000000000000/resourceGroups/clitest.rg000001","name":"clitest.rg000001","type":"Microsoft.Resources/resourceGroups","location":"westus","tags":{"product":"azurecli","cause":"automation","date":"2021-06-29T04:00:47Z"},"properties":{"provisioningState":"Succeeded"}}'
    headers:
      cache-control:
      - no-cache
      content-length:
      - '428'
      content-type:
      - application/json; charset=utf-8
      date:
      - Tue, 29 Jun 2021 04:04:09 GMT
      expires:
      - '-1'
      pragma:
      - no-cache
      strict-transport-security:
      - max-age=31536000; includeSubDomains
      vary:
      - Accept-Encoding
      x-content-type-options:
      - nosniff
    status:
      code: 200
      message: OK
- request:
    body: '{"location": "westus", "tags": {"key1": "value1", "key2": "value2"}, "properties":
      {}, "sku": {"name": "S1", "capacity": 1}}'
    headers:
      Accept:
      - application/json
      Accept-Encoding:
      - gzip, deflate
      CommandName:
      - iot dps create
      Connection:
      - keep-alive
      Content-Length:
      - '124'
      Content-Type:
      - application/json; charset=utf-8
      ParameterSetName:
      - -g -n --tags
      User-Agent:
      - python/3.8.10 (Windows-10-10.0.19043-SP0) msrest/0.6.21 msrest_azure/0.6.3
        azure-mgmt-iothubprovisioningservices/0.2.0 Azure-SDK-For-Python AZURECLI/2.25.0
      accept-language:
      - en-US
    method: PUT
    uri: https://management.azure.com/subscriptions/00000000-0000-0000-0000-000000000000/resourceGroups/clitest.rg000001/providers/Microsoft.Devices/provisioningServices/dps000002?api-version=2018-01-22
  response:
    body:
      string: '{"name":"dps000002","location":"westus","properties":{"state":"Activating","provisioningState":"Accepted","allocationPolicy":"Hashed","idScope":null},"resourcegroup":"clitest.rg000001","type":"Microsoft.Devices/provisioningServices","id":"/subscriptions/00000000-0000-0000-0000-000000000000/resourceGroups/clitest.rg000001/providers/Microsoft.Devices/provisioningServices/dps000002","subscriptionid":"a1bfa635-f2bf-42f1-86b5-848c674fc321","tags":{"key1":"value1","key2":"value2"},"sku":{"name":"S1","tier":"Standard","capacity":1}}'
    headers:
      azure-asyncoperation:
      - https://management.azure.com/subscriptions/00000000-0000-0000-0000-000000000000/resourceGroups/clitest.rg000001/providers/Microsoft.Devices/provisioningServices/dps000002/operationResults/b3NfaWRfZDI2YTYxMGItMTIxOS00NGM4LWJjOGUtMzc1Y2YxZjhlNWYx?api-version=2018-01-22&asyncinfo
      cache-control:
      - no-cache
      content-length:
      - '671'
      content-type:
      - application/json; charset=utf-8
      date:
      - Tue, 29 Jun 2021 04:04:16 GMT
      expires:
      - '-1'
      pragma:
      - no-cache
      server:
      - Microsoft-HTTPAPI/2.0
      strict-transport-security:
      - max-age=31536000; includeSubDomains
      x-content-type-options:
      - nosniff
      x-ms-ratelimit-remaining-subscription-resource-requests:
      - '4999'
    status:
      code: 201
      message: Created
- request:
    body: null
    headers:
      Accept:
      - application/json
      Accept-Encoding:
      - gzip, deflate
      CommandName:
      - iot dps create
      Connection:
      - keep-alive
      ParameterSetName:
      - -g -n --tags
      User-Agent:
      - python/3.8.10 (Windows-10-10.0.19043-SP0) msrest/0.6.21 msrest_azure/0.6.3
        azure-mgmt-iothubprovisioningservices/0.2.0 Azure-SDK-For-Python AZURECLI/2.25.0
    method: GET
    uri: https://management.azure.com/subscriptions/00000000-0000-0000-0000-000000000000/resourceGroups/clitest.rg000001/providers/Microsoft.Devices/provisioningServices/dps000002/operationResults/b3NfaWRfZDI2YTYxMGItMTIxOS00NGM4LWJjOGUtMzc1Y2YxZjhlNWYx?api-version=2018-01-22&asyncinfo
  response:
    body:
      string: '{"status":"Succeeded"}'
    headers:
      cache-control:
      - no-cache
      content-length:
      - '22'
      content-type:
      - application/json; charset=utf-8
      date:
      - Tue, 29 Jun 2021 04:04:48 GMT
      expires:
      - '-1'
      pragma:
      - no-cache
      server:
      - Microsoft-HTTPAPI/2.0
      strict-transport-security:
      - max-age=31536000; includeSubDomains
      transfer-encoding:
      - chunked
      vary:
      - Accept-Encoding
      x-content-type-options:
      - nosniff
    status:
      code: 200
      message: OK
- request:
    body: null
    headers:
      Accept:
      - application/json
      Accept-Encoding:
      - gzip, deflate
      CommandName:
      - iot dps create
      Connection:
      - keep-alive
      ParameterSetName:
      - -g -n --tags
      User-Agent:
      - python/3.8.10 (Windows-10-10.0.19043-SP0) msrest/0.6.21 msrest_azure/0.6.3
        azure-mgmt-iothubprovisioningservices/0.2.0 Azure-SDK-For-Python AZURECLI/2.25.0
    method: GET
    uri: https://management.azure.com/subscriptions/00000000-0000-0000-0000-000000000000/resourceGroups/clitest.rg000001/providers/Microsoft.Devices/provisioningServices/dps000002?api-version=2018-01-22
  response:
    body:
      string: '{"etag":"AAAAAAnXmAU=","name":"dps000002","location":"westus","properties":{"state":"Active","provisioningState":"Succeeded","iotHubs":[],"allocationPolicy":"Hashed","serviceOperationsHostName":"dps000002.azure-devices-provisioning.net","deviceProvisioningHostName":"global.azure-devices-provisioning.net","idScope":"0ne0031BC41"},"resourcegroup":"clitest.rg000001","type":"Microsoft.Devices/provisioningServices","id":"/subscriptions/00000000-0000-0000-0000-000000000000/resourceGroups/clitest.rg000001/providers/Microsoft.Devices/provisioningServices/dps000002","subscriptionid":"a1bfa635-f2bf-42f1-86b5-848c674fc321","tags":{"key1":"value1","key2":"value2"},"sku":{"name":"S1","tier":"Standard","capacity":1}}'
    headers:
      cache-control:
      - no-cache
      content-length:
      - '863'
      content-type:
      - application/json; charset=utf-8
      date:
      - Tue, 29 Jun 2021 04:04:49 GMT
      expires:
      - '-1'
      pragma:
      - no-cache
      server:
      - Microsoft-HTTPAPI/2.0
      strict-transport-security:
      - max-age=31536000; includeSubDomains
      transfer-encoding:
      - chunked
      vary:
      - Accept-Encoding
      x-content-type-options:
      - nosniff
    status:
      code: 200
      message: OK
- request:
    body: null
    headers:
      Accept:
      - application/json
      Accept-Encoding:
      - gzip, deflate
      CommandName:
      - iot dps list
      Connection:
      - keep-alive
      Content-Type:
      - application/json; charset=utf-8
      ParameterSetName:
      - -g
      User-Agent:
      - python/3.8.10 (Windows-10-10.0.19043-SP0) msrest/0.6.21 msrest_azure/0.6.3
        azure-mgmt-iothubprovisioningservices/0.2.0 Azure-SDK-For-Python AZURECLI/2.25.0
      accept-language:
      - en-US
    method: GET
    uri: https://management.azure.com/subscriptions/00000000-0000-0000-0000-000000000000/resourceGroups/clitest.rg000001/providers/Microsoft.Devices/provisioningServices?api-version=2018-01-22
  response:
    body:
      string: '{"value":[{"etag":"AAAAAAnXmAU=","name":"dps000002","location":"westus","properties":{"state":"Active","provisioningState":"Succeeded","iotHubs":[],"allocationPolicy":"Hashed","serviceOperationsHostName":"dps000002.azure-devices-provisioning.net","deviceProvisioningHostName":"global.azure-devices-provisioning.net","idScope":"0ne0031BC41"},"resourcegroup":"clitest.rg000001","type":"Microsoft.Devices/provisioningServices","id":"/subscriptions/00000000-0000-0000-0000-000000000000/resourceGroups/clitest.rg000001/providers/Microsoft.Devices/provisioningServices/dps000002","subscriptionid":"a1bfa635-f2bf-42f1-86b5-848c674fc321","tags":{"key1":"value1","key2":"value2"},"sku":{"name":"S1","tier":"Standard","capacity":1}}]}'
    headers:
      cache-control:
      - no-cache
      content-length:
      - '875'
      content-type:
      - application/json; charset=utf-8
      date:
      - Tue, 29 Jun 2021 04:04:51 GMT
      expires:
      - '-1'
      pragma:
      - no-cache
      server:
      - Microsoft-HTTPAPI/2.0
      strict-transport-security:
      - max-age=31536000; includeSubDomains
      transfer-encoding:
      - chunked
      vary:
      - Accept-Encoding
      x-content-type-options:
      - nosniff
    status:
      code: 200
      message: OK
- request:
    body: null
    headers:
      Accept:
      - application/json
      Accept-Encoding:
      - gzip, deflate
      CommandName:
      - iot dps show
      Connection:
      - keep-alive
      Content-Type:
      - application/json; charset=utf-8
      ParameterSetName:
      - -g -n
      User-Agent:
      - python/3.8.10 (Windows-10-10.0.19043-SP0) msrest/0.6.21 msrest_azure/0.6.3
        azure-mgmt-iothubprovisioningservices/0.2.0 Azure-SDK-For-Python AZURECLI/2.25.0
      accept-language:
      - en-US
    method: GET
    uri: https://management.azure.com/subscriptions/00000000-0000-0000-0000-000000000000/resourceGroups/clitest.rg000001/providers/Microsoft.Devices/provisioningServices/dps000002?api-version=2018-01-22
  response:
    body:
      string: '{"etag":"AAAAAAnXmAU=","name":"dps000002","location":"westus","properties":{"state":"Active","provisioningState":"Succeeded","iotHubs":[],"allocationPolicy":"Hashed","serviceOperationsHostName":"dps000002.azure-devices-provisioning.net","deviceProvisioningHostName":"global.azure-devices-provisioning.net","idScope":"0ne0031BC41"},"resourcegroup":"clitest.rg000001","type":"Microsoft.Devices/provisioningServices","id":"/subscriptions/00000000-0000-0000-0000-000000000000/resourceGroups/clitest.rg000001/providers/Microsoft.Devices/provisioningServices/dps000002","subscriptionid":"a1bfa635-f2bf-42f1-86b5-848c674fc321","tags":{"key1":"value1","key2":"value2"},"sku":{"name":"S1","tier":"Standard","capacity":1}}'
    headers:
      cache-control:
      - no-cache
      content-length:
      - '863'
      content-type:
      - application/json; charset=utf-8
      date:
      - Tue, 29 Jun 2021 04:04:54 GMT
      expires:
      - '-1'
      pragma:
      - no-cache
      server:
      - Microsoft-HTTPAPI/2.0
      strict-transport-security:
      - max-age=31536000; includeSubDomains
      transfer-encoding:
      - chunked
      vary:
      - Accept-Encoding
      x-content-type-options:
      - nosniff
    status:
      code: 200
      message: OK
- request:
    body: null
    headers:
      Accept:
      - application/json
      Accept-Encoding:
      - gzip, deflate
      CommandName:
      - iot dps update
      Connection:
      - keep-alive
      Content-Type:
      - application/json; charset=utf-8
      ParameterSetName:
      - -g -n --tags --set
      User-Agent:
      - python/3.8.10 (Windows-10-10.0.19043-SP0) msrest/0.6.21 msrest_azure/0.6.3
        azure-mgmt-iothubprovisioningservices/0.2.0 Azure-SDK-For-Python AZURECLI/2.25.0
      accept-language:
      - en-US
    method: GET
    uri: https://management.azure.com/subscriptions/00000000-0000-0000-0000-000000000000/resourceGroups/clitest.rg000001/providers/Microsoft.Devices/provisioningServices/dps000002?api-version=2018-01-22
  response:
    body:
      string: '{"etag":"AAAAAAnXmAU=","name":"dps000002","location":"westus","properties":{"state":"Active","provisioningState":"Succeeded","iotHubs":[],"allocationPolicy":"Hashed","serviceOperationsHostName":"dps000002.azure-devices-provisioning.net","deviceProvisioningHostName":"global.azure-devices-provisioning.net","idScope":"0ne0031BC41"},"resourcegroup":"clitest.rg000001","type":"Microsoft.Devices/provisioningServices","id":"/subscriptions/00000000-0000-0000-0000-000000000000/resourceGroups/clitest.rg000001/providers/Microsoft.Devices/provisioningServices/dps000002","subscriptionid":"a1bfa635-f2bf-42f1-86b5-848c674fc321","tags":{"key1":"value1","key2":"value2"},"sku":{"name":"S1","tier":"Standard","capacity":1}}'
    headers:
      cache-control:
      - no-cache
      content-length:
      - '863'
      content-type:
      - application/json; charset=utf-8
      date:
      - Tue, 29 Jun 2021 04:04:56 GMT
      expires:
      - '-1'
      pragma:
      - no-cache
      server:
      - Microsoft-HTTPAPI/2.0
      strict-transport-security:
      - max-age=31536000; includeSubDomains
      transfer-encoding:
      - chunked
      vary:
      - Accept-Encoding
      x-content-type-options:
      - nosniff
    status:
      code: 200
      message: OK
- request:
    body: '{"location": "westus", "tags": {"key3": "value3"}, "etag": "AAAAAAnXmAU=",
      "properties": {"state": "Active", "provisioningState": "Succeeded", "iotHubs":
      [], "allocationPolicy": "GeoLatency"}, "sku": {"name": "S1", "capacity": 1}}'
    headers:
      Accept:
      - application/json
      Accept-Encoding:
      - gzip, deflate
      CommandName:
      - iot dps update
      Connection:
      - keep-alive
      Content-Length:
      - '230'
      Content-Type:
      - application/json; charset=utf-8
      ParameterSetName:
      - -g -n --tags --set
      User-Agent:
      - python/3.8.10 (Windows-10-10.0.19043-SP0) msrest/0.6.21 msrest_azure/0.6.3
        azure-mgmt-iothubprovisioningservices/0.2.0 Azure-SDK-For-Python AZURECLI/2.25.0
      accept-language:
      - en-US
    method: PUT
    uri: https://management.azure.com/subscriptions/00000000-0000-0000-0000-000000000000/resourceGroups/clitest.rg000001/providers/Microsoft.Devices/provisioningServices/dps000002?api-version=2018-01-22
  response:
    body:
      string: '{"etag":"AAAAAAnXmAU=","name":"dps000002","location":"westus","properties":{"state":"Transitioning","provisioningState":"Accepted","iotHubs":[],"allocationPolicy":"GeoLatency","idScope":null},"resourcegroup":"clitest.rg000001","type":"Microsoft.Devices/provisioningServices","id":"/subscriptions/00000000-0000-0000-0000-000000000000/resourceGroups/clitest.rg000001/providers/Microsoft.Devices/provisioningServices/dps000002","subscriptionid":"a1bfa635-f2bf-42f1-86b5-848c674fc321","tags":{"key3":"value3"},"sku":{"name":"S1","tier":"Standard","capacity":1}}'
    headers:
      azure-asyncoperation:
      - https://management.azure.com/subscriptions/00000000-0000-0000-0000-000000000000/resourceGroups/clitest.rg000001/providers/Microsoft.Devices/provisioningServices/dps000002/operationResults/b3NfaWRfNDFmOWQ4YzAtN2U4My00M2VjLWJlZDQtNzYwYTc5NDU3NTk3?api-version=2018-01-22&asyncinfo
      cache-control:
      - no-cache
      content-length:
      - '697'
      content-type:
      - application/json; charset=utf-8
      date:
      - Tue, 29 Jun 2021 04:05:02 GMT
      expires:
      - '-1'
      pragma:
      - no-cache
      server:
      - Microsoft-HTTPAPI/2.0
      strict-transport-security:
      - max-age=31536000; includeSubDomains
      x-content-type-options:
      - nosniff
      x-ms-ratelimit-remaining-subscription-resource-requests:
      - '4999'
    status:
      code: 201
      message: Created
- request:
    body: null
    headers:
      Accept:
      - application/json
      Accept-Encoding:
      - gzip, deflate
      CommandName:
      - iot dps update
      Connection:
      - keep-alive
      ParameterSetName:
      - -g -n --tags --set
      User-Agent:
      - python/3.8.10 (Windows-10-10.0.19043-SP0) msrest/0.6.21 msrest_azure/0.6.3
        azure-mgmt-iothubprovisioningservices/0.2.0 Azure-SDK-For-Python AZURECLI/2.25.0
    method: GET
    uri: https://management.azure.com/subscriptions/00000000-0000-0000-0000-000000000000/resourceGroups/clitest.rg000001/providers/Microsoft.Devices/provisioningServices/dps000002/operationResults/b3NfaWRfNDFmOWQ4YzAtN2U4My00M2VjLWJlZDQtNzYwYTc5NDU3NTk3?api-version=2018-01-22&asyncinfo
  response:
    body:
      string: '{"status":"Succeeded"}'
    headers:
      cache-control:
      - no-cache
      content-length:
      - '22'
      content-type:
      - application/json; charset=utf-8
      date:
      - Tue, 29 Jun 2021 04:05:33 GMT
      expires:
      - '-1'
      pragma:
      - no-cache
      server:
      - Microsoft-HTTPAPI/2.0
      strict-transport-security:
      - max-age=31536000; includeSubDomains
      transfer-encoding:
      - chunked
      vary:
      - Accept-Encoding
      x-content-type-options:
      - nosniff
    status:
      code: 200
      message: OK
- request:
    body: null
    headers:
      Accept:
      - application/json
      Accept-Encoding:
      - gzip, deflate
      CommandName:
      - iot dps update
      Connection:
      - keep-alive
      ParameterSetName:
      - -g -n --tags --set
      User-Agent:
      - python/3.8.10 (Windows-10-10.0.19043-SP0) msrest/0.6.21 msrest_azure/0.6.3
        azure-mgmt-iothubprovisioningservices/0.2.0 Azure-SDK-For-Python AZURECLI/2.25.0
    method: GET
    uri: https://management.azure.com/subscriptions/00000000-0000-0000-0000-000000000000/resourceGroups/clitest.rg000001/providers/Microsoft.Devices/provisioningServices/dps000002?api-version=2018-01-22
  response:
    body:
      string: '{"etag":"AAAAAAnXmH8=","name":"dps000002","location":"westus","properties":{"state":"Active","provisioningState":"Succeeded","iotHubs":[],"allocationPolicy":"GeoLatency","serviceOperationsHostName":"dps000002.azure-devices-provisioning.net","deviceProvisioningHostName":"global.azure-devices-provisioning.net","idScope":"0ne0031BC41"},"resourcegroup":"clitest.rg000001","type":"Microsoft.Devices/provisioningServices","id":"/subscriptions/00000000-0000-0000-0000-000000000000/resourceGroups/clitest.rg000001/providers/Microsoft.Devices/provisioningServices/dps000002","subscriptionid":"a1bfa635-f2bf-42f1-86b5-848c674fc321","tags":{"key3":"value3"},"sku":{"name":"S1","tier":"Standard","capacity":1}}'
    headers:
      cache-control:
      - no-cache
      content-length:
      - '851'
      content-type:
      - application/json; charset=utf-8
      date:
      - Tue, 29 Jun 2021 04:05:35 GMT
      expires:
      - '-1'
      pragma:
      - no-cache
      server:
      - Microsoft-HTTPAPI/2.0
      strict-transport-security:
      - max-age=31536000; includeSubDomains
      transfer-encoding:
      - chunked
      vary:
      - Accept-Encoding
      x-content-type-options:
      - nosniff
    status:
      code: 200
      message: OK
- request:
    body: null
    headers:
      Accept:
      - application/json
      Accept-Encoding:
      - gzip, deflate
      CommandName:
      - iot dps update
      Connection:
      - keep-alive
      Content-Type:
      - application/json; charset=utf-8
      ParameterSetName:
      - -g -n --tags
      User-Agent:
      - python/3.8.10 (Windows-10-10.0.19043-SP0) msrest/0.6.21 msrest_azure/0.6.3
        azure-mgmt-iothubprovisioningservices/0.2.0 Azure-SDK-For-Python AZURECLI/2.25.0
      accept-language:
      - en-US
    method: GET
    uri: https://management.azure.com/subscriptions/00000000-0000-0000-0000-000000000000/resourceGroups/clitest.rg000001/providers/Microsoft.Devices/provisioningServices/dps000002?api-version=2018-01-22
  response:
    body:
      string: '{"etag":"AAAAAAnXmH8=","name":"dps000002","location":"westus","properties":{"state":"Active","provisioningState":"Succeeded","iotHubs":[],"allocationPolicy":"GeoLatency","serviceOperationsHostName":"dps000002.azure-devices-provisioning.net","deviceProvisioningHostName":"global.azure-devices-provisioning.net","idScope":"0ne0031BC41"},"resourcegroup":"clitest.rg000001","type":"Microsoft.Devices/provisioningServices","id":"/subscriptions/00000000-0000-0000-0000-000000000000/resourceGroups/clitest.rg000001/providers/Microsoft.Devices/provisioningServices/dps000002","subscriptionid":"a1bfa635-f2bf-42f1-86b5-848c674fc321","tags":{"key3":"value3"},"sku":{"name":"S1","tier":"Standard","capacity":1}}'
    headers:
      cache-control:
      - no-cache
      content-length:
      - '851'
      content-type:
      - application/json; charset=utf-8
      date:
      - Tue, 29 Jun 2021 04:05:38 GMT
      expires:
      - '-1'
      pragma:
      - no-cache
      server:
      - Microsoft-HTTPAPI/2.0
      strict-transport-security:
      - max-age=31536000; includeSubDomains
      transfer-encoding:
      - chunked
      vary:
      - Accept-Encoding
      x-content-type-options:
      - nosniff
    status:
      code: 200
      message: OK
- request:
    body: '{"location": "westus", "tags": {}, "etag": "AAAAAAnXmH8=", "properties":
      {"state": "Active", "provisioningState": "Succeeded", "iotHubs": [], "allocationPolicy":
      "GeoLatency"}, "sku": {"name": "S1", "capacity": 1}}'
    headers:
      Accept:
      - application/json
      Accept-Encoding:
      - gzip, deflate
      CommandName:
      - iot dps update
      Connection:
      - keep-alive
      Content-Length:
      - '214'
      Content-Type:
      - application/json; charset=utf-8
      ParameterSetName:
      - -g -n --tags
      User-Agent:
      - python/3.8.10 (Windows-10-10.0.19043-SP0) msrest/0.6.21 msrest_azure/0.6.3
        azure-mgmt-iothubprovisioningservices/0.2.0 Azure-SDK-For-Python AZURECLI/2.25.0
      accept-language:
      - en-US
    method: PUT
    uri: https://management.azure.com/subscriptions/00000000-0000-0000-0000-000000000000/resourceGroups/clitest.rg000001/providers/Microsoft.Devices/provisioningServices/dps000002?api-version=2018-01-22
  response:
    body:
      string: '{"etag":"AAAAAAnXmH8=","name":"dps000002","location":"westus","properties":{"state":"Transitioning","provisioningState":"Accepted","iotHubs":[],"allocationPolicy":"GeoLatency","idScope":null},"resourcegroup":"clitest.rg000001","type":"Microsoft.Devices/provisioningServices","id":"/subscriptions/00000000-0000-0000-0000-000000000000/resourceGroups/clitest.rg000001/providers/Microsoft.Devices/provisioningServices/dps000002","subscriptionid":"a1bfa635-f2bf-42f1-86b5-848c674fc321","tags":{},"sku":{"name":"S1","tier":"Standard","capacity":1}}'
    headers:
      azure-asyncoperation:
      - https://management.azure.com/subscriptions/00000000-0000-0000-0000-000000000000/resourceGroups/clitest.rg000001/providers/Microsoft.Devices/provisioningServices/dps000002/operationResults/b3NfaWRfYjI2MTY5OGQtZjA3Mi00MWU4LWE4ZDgtNzQ1MmI5YjNhM2Vi?api-version=2018-01-22&asyncinfo
      cache-control:
      - no-cache
      content-length:
      - '682'
      content-type:
      - application/json; charset=utf-8
      date:
      - Tue, 29 Jun 2021 04:05:42 GMT
      expires:
      - '-1'
      pragma:
      - no-cache
      server:
      - Microsoft-HTTPAPI/2.0
      strict-transport-security:
      - max-age=31536000; includeSubDomains
      x-content-type-options:
      - nosniff
      x-ms-ratelimit-remaining-subscription-resource-requests:
      - '4999'
    status:
      code: 201
      message: Created
- request:
    body: null
    headers:
      Accept:
      - application/json
      Accept-Encoding:
      - gzip, deflate
      CommandName:
      - iot dps update
      Connection:
      - keep-alive
      ParameterSetName:
      - -g -n --tags
      User-Agent:
      - python/3.8.10 (Windows-10-10.0.19043-SP0) msrest/0.6.21 msrest_azure/0.6.3
        azure-mgmt-iothubprovisioningservices/0.2.0 Azure-SDK-For-Python AZURECLI/2.25.0
    method: GET
    uri: https://management.azure.com/subscriptions/00000000-0000-0000-0000-000000000000/resourceGroups/clitest.rg000001/providers/Microsoft.Devices/provisioningServices/dps000002/operationResults/b3NfaWRfYjI2MTY5OGQtZjA3Mi00MWU4LWE4ZDgtNzQ1MmI5YjNhM2Vi?api-version=2018-01-22&asyncinfo
  response:
    body:
      string: '{"status":"Succeeded"}'
    headers:
      cache-control:
      - no-cache
      content-length:
      - '22'
      content-type:
      - application/json; charset=utf-8
      date:
      - Tue, 29 Jun 2021 04:06:14 GMT
      expires:
      - '-1'
      pragma:
      - no-cache
      server:
      - Microsoft-HTTPAPI/2.0
      strict-transport-security:
      - max-age=31536000; includeSubDomains
      transfer-encoding:
      - chunked
      vary:
      - Accept-Encoding
      x-content-type-options:
      - nosniff
    status:
      code: 200
      message: OK
- request:
    body: null
    headers:
      Accept:
      - application/json
      Accept-Encoding:
      - gzip, deflate
      CommandName:
      - iot dps update
      Connection:
      - keep-alive
      ParameterSetName:
      - -g -n --tags
      User-Agent:
      - python/3.8.10 (Windows-10-10.0.19043-SP0) msrest/0.6.21 msrest_azure/0.6.3
        azure-mgmt-iothubprovisioningservices/0.2.0 Azure-SDK-For-Python AZURECLI/2.25.0
    method: GET
    uri: https://management.azure.com/subscriptions/00000000-0000-0000-0000-000000000000/resourceGroups/clitest.rg000001/providers/Microsoft.Devices/provisioningServices/dps000002?api-version=2018-01-22
  response:
    body:
      string: '{"etag":"AAAAAAnXmQk=","name":"dps000002","location":"westus","properties":{"state":"Active","provisioningState":"Succeeded","iotHubs":[],"allocationPolicy":"GeoLatency","serviceOperationsHostName":"dps000002.azure-devices-provisioning.net","deviceProvisioningHostName":"global.azure-devices-provisioning.net","idScope":"0ne0031BC41"},"resourcegroup":"clitest.rg000001","type":"Microsoft.Devices/provisioningServices","id":"/subscriptions/00000000-0000-0000-0000-000000000000/resourceGroups/clitest.rg000001/providers/Microsoft.Devices/provisioningServices/dps000002","subscriptionid":"a1bfa635-f2bf-42f1-86b5-848c674fc321","tags":{},"sku":{"name":"S1","tier":"Standard","capacity":1}}'
    headers:
      cache-control:
      - no-cache
      content-length:
      - '836'
      content-type:
      - application/json; charset=utf-8
      date:
      - Tue, 29 Jun 2021 04:06:17 GMT
      expires:
      - '-1'
      pragma:
      - no-cache
      server:
      - Microsoft-HTTPAPI/2.0
      strict-transport-security:
      - max-age=31536000; includeSubDomains
      transfer-encoding:
      - chunked
      vary:
      - Accept-Encoding
      x-content-type-options:
      - nosniff
    status:
      code: 200
      message: OK
- request:
    body: null
    headers:
      Accept:
      - application/json
      Accept-Encoding:
      - gzip, deflate
      CommandName:
      - iot dps access-policy create
      Connection:
      - keep-alive
      Content-Type:
      - application/json; charset=utf-8
      ParameterSetName:
      - -g --dps-name -n -r
      User-Agent:
      - python/3.8.10 (Windows-10-10.0.19043-SP0) msrest/0.6.21 msrest_azure/0.6.3
        azure-mgmt-iothubprovisioningservices/0.2.0 Azure-SDK-For-Python AZURECLI/2.25.0
      accept-language:
      - en-US
    method: GET
    uri: https://management.azure.com/subscriptions/00000000-0000-0000-0000-000000000000/resourceGroups/clitest.rg000001/providers/Microsoft.Devices/provisioningServices/dps000002?api-version=2018-01-22
  response:
    body:
      string: '{"etag":"AAAAAAnXmQk=","name":"dps000002","location":"westus","properties":{"state":"Active","provisioningState":"Succeeded","iotHubs":[],"allocationPolicy":"GeoLatency","serviceOperationsHostName":"dps000002.azure-devices-provisioning.net","deviceProvisioningHostName":"global.azure-devices-provisioning.net","idScope":"0ne0031BC41"},"resourcegroup":"clitest.rg000001","type":"Microsoft.Devices/provisioningServices","id":"/subscriptions/00000000-0000-0000-0000-000000000000/resourceGroups/clitest.rg000001/providers/Microsoft.Devices/provisioningServices/dps000002","subscriptionid":"a1bfa635-f2bf-42f1-86b5-848c674fc321","tags":{},"sku":{"name":"S1","tier":"Standard","capacity":1}}'
    headers:
      cache-control:
      - no-cache
      content-length:
      - '836'
      content-type:
      - application/json; charset=utf-8
      date:
      - Tue, 29 Jun 2021 04:06:17 GMT
      expires:
      - '-1'
      pragma:
      - no-cache
      server:
      - Microsoft-HTTPAPI/2.0
      strict-transport-security:
      - max-age=31536000; includeSubDomains
      transfer-encoding:
      - chunked
      vary:
      - Accept-Encoding
      x-content-type-options:
      - nosniff
    status:
      code: 200
      message: OK
- request:
    body: null
    headers:
      Accept:
      - application/json
      Accept-Encoding:
      - gzip, deflate
      CommandName:
      - iot dps access-policy create
      Connection:
      - keep-alive
      Content-Length:
      - '0'
      Content-Type:
      - application/json; charset=utf-8
      ParameterSetName:
      - -g --dps-name -n -r
      User-Agent:
      - python/3.8.10 (Windows-10-10.0.19043-SP0) msrest/0.6.21 msrest_azure/0.6.3
        azure-mgmt-iothubprovisioningservices/0.2.0 Azure-SDK-For-Python AZURECLI/2.25.0
      accept-language:
      - en-US
    method: POST
    uri: https://management.azure.com/subscriptions/00000000-0000-0000-0000-000000000000/resourceGroups/clitest.rg000001/providers/Microsoft.Devices/provisioningServices/dps000002/listkeys?api-version=2018-01-22
  response:
    body:
      string: '{"value":[{"keyName":"provisioningserviceowner","primaryKey":"MVu9rbuIapYRoDpWRy4LQaFcuUjMwj942IWA0HfhzJA=","secondaryKey":"VeSWrrQgIK+639iPkmx15AkJwdAWECxNEBzWY4Pu7IQ=","rights":"ServiceConfig,
        DeviceConnect, EnrollmentWrite"}]}'
    headers:
      cache-control:
      - no-cache
      content-length:
      - '229'
      content-type:
      - application/json; charset=utf-8
      date:
      - Tue, 29 Jun 2021 04:06:19 GMT
      expires:
      - '-1'
      pragma:
      - no-cache
      server:
      - Microsoft-HTTPAPI/2.0
      strict-transport-security:
      - max-age=31536000; includeSubDomains
      transfer-encoding:
      - chunked
      vary:
      - Accept-Encoding
      x-content-type-options:
      - nosniff
      x-ms-ratelimit-remaining-subscription-writes:
      - '1198'
    status:
      code: 200
      message: OK
- request:
    body: null
    headers:
      Accept:
      - application/json
      Accept-Encoding:
      - gzip, deflate
      CommandName:
      - iot dps access-policy create
      Connection:
      - keep-alive
      Content-Type:
      - application/json; charset=utf-8
      ParameterSetName:
      - -g --dps-name -n -r
      User-Agent:
      - python/3.8.10 (Windows-10-10.0.19043-SP0) msrest/0.6.21 msrest_azure/0.6.3
        azure-mgmt-iothubprovisioningservices/0.2.0 Azure-SDK-For-Python AZURECLI/2.25.0
      accept-language:
      - en-US
    method: GET
    uri: https://management.azure.com/subscriptions/00000000-0000-0000-0000-000000000000/resourceGroups/clitest.rg000001/providers/Microsoft.Devices/provisioningServices/dps000002?api-version=2018-01-22
  response:
    body:
      string: '{"etag":"AAAAAAnXmQk=","name":"dps000002","location":"westus","properties":{"state":"Active","provisioningState":"Succeeded","iotHubs":[],"allocationPolicy":"GeoLatency","serviceOperationsHostName":"dps000002.azure-devices-provisioning.net","deviceProvisioningHostName":"global.azure-devices-provisioning.net","idScope":"0ne0031BC41"},"resourcegroup":"clitest.rg000001","type":"Microsoft.Devices/provisioningServices","id":"/subscriptions/00000000-0000-0000-0000-000000000000/resourceGroups/clitest.rg000001/providers/Microsoft.Devices/provisioningServices/dps000002","subscriptionid":"a1bfa635-f2bf-42f1-86b5-848c674fc321","tags":{},"sku":{"name":"S1","tier":"Standard","capacity":1}}'
    headers:
      cache-control:
      - no-cache
      content-length:
      - '836'
      content-type:
      - application/json; charset=utf-8
      date:
      - Tue, 29 Jun 2021 04:06:22 GMT
      expires:
      - '-1'
      pragma:
      - no-cache
      server:
      - Microsoft-HTTPAPI/2.0
      strict-transport-security:
      - max-age=31536000; includeSubDomains
      transfer-encoding:
      - chunked
      vary:
      - Accept-Encoding
      x-content-type-options:
      - nosniff
    status:
      code: 200
      message: OK
- request:
    body: '{"location": "westus", "properties": {"iotHubs": [], "allocationPolicy":
      "GeoLatency", "authorizationPolicies": [{"keyName": "provisioningserviceowner",
      "primaryKey": "MVu9rbuIapYRoDpWRy4LQaFcuUjMwj942IWA0HfhzJA=", "secondaryKey":
      "VeSWrrQgIK+639iPkmx15AkJwdAWECxNEBzWY4Pu7IQ=", "rights": "ServiceConfig, DeviceConnect,
      EnrollmentWrite"}, {"keyName": "policy000004", "rights": "EnrollmentRead"}]},
      "sku": {"name": "S1", "capacity": 1}}'
    headers:
      Accept:
      - application/json
      Accept-Encoding:
      - gzip, deflate
      CommandName:
      - iot dps access-policy create
      Connection:
      - keep-alive
      Content-Length:
      - '443'
      Content-Type:
      - application/json; charset=utf-8
      ParameterSetName:
      - -g --dps-name -n -r
      User-Agent:
      - python/3.8.10 (Windows-10-10.0.19043-SP0) msrest/0.6.21 msrest_azure/0.6.3
        azure-mgmt-iothubprovisioningservices/0.2.0 Azure-SDK-For-Python AZURECLI/2.25.0
      accept-language:
      - en-US
    method: PUT
    uri: https://management.azure.com/subscriptions/00000000-0000-0000-0000-000000000000/resourceGroups/clitest.rg000001/providers/Microsoft.Devices/provisioningServices/dps000002?api-version=2018-01-22
  response:
    body:
      string: '{"name":"dps000002","location":"westus","properties":{"state":"Transitioning","provisioningState":"Accepted","iotHubs":[],"allocationPolicy":"GeoLatency","idScope":null,"authorizationPolicies":[{"keyName":"provisioningserviceowner","primaryKey":"MVu9rbuIapYRoDpWRy4LQaFcuUjMwj942IWA0HfhzJA=","secondaryKey":"VeSWrrQgIK+639iPkmx15AkJwdAWECxNEBzWY4Pu7IQ=","rights":"ServiceConfig,
        DeviceConnect, EnrollmentWrite"},{"keyName":"policy000004","primaryKey":"8NfSyyqa6laUSV/Npg9AhYIQcPyrNb7WQPO2edwn4yQ=","secondaryKey":"U7q74PA+LATjBa3cSw1pYJualPN4G6znagMGdn1PpEY=","rights":"EnrollmentRead"}]},"resourcegroup":"clitest.rg000001","type":"Microsoft.Devices/provisioningServices","id":"/subscriptions/00000000-0000-0000-0000-000000000000/resourceGroups/clitest.rg000001/providers/Microsoft.Devices/provisioningServices/dps000002","subscriptionid":"a1bfa635-f2bf-42f1-86b5-848c674fc321","tags":{},"sku":{"name":"S1","tier":"Standard","capacity":1}}'
    headers:
      azure-asyncoperation:
      - https://management.azure.com/subscriptions/00000000-0000-0000-0000-000000000000/resourceGroups/clitest.rg000001/providers/Microsoft.Devices/provisioningServices/dps000002/operationResults/b3NfaWRfZWVmNTdhZGYtYjY2ZS00OGRmLWI1NmQtMGQxOTM5MDhjOThj?api-version=2018-01-22&asyncinfo
      cache-control:
      - no-cache
      content-length:
      - '1087'
      content-type:
      - application/json; charset=utf-8
      date:
      - Tue, 29 Jun 2021 04:06:27 GMT
      expires:
      - '-1'
      pragma:
      - no-cache
      server:
      - Microsoft-HTTPAPI/2.0
      strict-transport-security:
      - max-age=31536000; includeSubDomains
      x-content-type-options:
      - nosniff
      x-ms-ratelimit-remaining-subscription-resource-requests:
      - '4999'
    status:
      code: 201
      message: Created
- request:
    body: null
    headers:
      Accept:
      - application/json
      Accept-Encoding:
      - gzip, deflate
      CommandName:
      - iot dps access-policy create
      Connection:
      - keep-alive
      ParameterSetName:
      - -g --dps-name -n -r
      User-Agent:
      - python/3.8.10 (Windows-10-10.0.19043-SP0) msrest/0.6.21 msrest_azure/0.6.3
        azure-mgmt-iothubprovisioningservices/0.2.0 Azure-SDK-For-Python AZURECLI/2.25.0
    method: GET
    uri: https://management.azure.com/subscriptions/00000000-0000-0000-0000-000000000000/resourceGroups/clitest.rg000001/providers/Microsoft.Devices/provisioningServices/dps000002/operationResults/b3NfaWRfZWVmNTdhZGYtYjY2ZS00OGRmLWI1NmQtMGQxOTM5MDhjOThj?api-version=2018-01-22&asyncinfo
  response:
    body:
      string: '{"status":"Succeeded"}'
    headers:
      cache-control:
      - no-cache
      content-length:
      - '22'
      content-type:
      - application/json; charset=utf-8
      date:
      - Tue, 29 Jun 2021 04:06:59 GMT
      expires:
      - '-1'
      pragma:
      - no-cache
      server:
      - Microsoft-HTTPAPI/2.0
      strict-transport-security:
      - max-age=31536000; includeSubDomains
      transfer-encoding:
      - chunked
      vary:
      - Accept-Encoding
      x-content-type-options:
      - nosniff
    status:
      code: 200
      message: OK
- request:
    body: null
    headers:
      Accept:
      - application/json
      Accept-Encoding:
      - gzip, deflate
      CommandName:
      - iot dps access-policy create
      Connection:
      - keep-alive
      ParameterSetName:
      - -g --dps-name -n -r
      User-Agent:
      - python/3.8.10 (Windows-10-10.0.19043-SP0) msrest/0.6.21 msrest_azure/0.6.3
        azure-mgmt-iothubprovisioningservices/0.2.0 Azure-SDK-For-Python AZURECLI/2.25.0
    method: GET
    uri: https://management.azure.com/subscriptions/00000000-0000-0000-0000-000000000000/resourceGroups/clitest.rg000001/providers/Microsoft.Devices/provisioningServices/dps000002?api-version=2018-01-22
  response:
    body:
      string: '{"etag":"AAAAAAnXmac=","name":"dps000002","location":"westus","properties":{"state":"Active","provisioningState":"Succeeded","iotHubs":[],"allocationPolicy":"GeoLatency","serviceOperationsHostName":"dps000002.azure-devices-provisioning.net","deviceProvisioningHostName":"global.azure-devices-provisioning.net","idScope":"0ne0031BC41"},"resourcegroup":"clitest.rg000001","type":"Microsoft.Devices/provisioningServices","id":"/subscriptions/00000000-0000-0000-0000-000000000000/resourceGroups/clitest.rg000001/providers/Microsoft.Devices/provisioningServices/dps000002","subscriptionid":"a1bfa635-f2bf-42f1-86b5-848c674fc321","tags":{},"sku":{"name":"S1","tier":"Standard","capacity":1}}'
    headers:
      cache-control:
      - no-cache
      content-length:
      - '836'
      content-type:
      - application/json; charset=utf-8
      date:
      - Tue, 29 Jun 2021 04:07:02 GMT
      expires:
      - '-1'
      pragma:
      - no-cache
      server:
      - Microsoft-HTTPAPI/2.0
      strict-transport-security:
      - max-age=31536000; includeSubDomains
      transfer-encoding:
      - chunked
      vary:
      - Accept-Encoding
      x-content-type-options:
      - nosniff
    status:
      code: 200
      message: OK
- request:
    body: null
    headers:
      Accept:
      - application/json
      Accept-Encoding:
      - gzip, deflate
      CommandName:
      - iot dps access-policy create
      Connection:
      - keep-alive
      Content-Type:
      - application/json; charset=utf-8
      ParameterSetName:
      - -g --dps-name -n -r
      User-Agent:
      - python/3.8.10 (Windows-10-10.0.19043-SP0) msrest/0.6.21 msrest_azure/0.6.3
        azure-mgmt-iothubprovisioningservices/0.2.0 Azure-SDK-For-Python AZURECLI/2.25.0
      accept-language:
      - en-US
    method: GET
    uri: https://management.azure.com/subscriptions/00000000-0000-0000-0000-000000000000/resourceGroups/clitest.rg000001/providers/Microsoft.Devices/provisioningServices/dps000002?api-version=2018-01-22
  response:
    body:
      string: '{"etag":"AAAAAAnXmac=","name":"dps000002","location":"westus","properties":{"state":"Active","provisioningState":"Succeeded","iotHubs":[],"allocationPolicy":"GeoLatency","serviceOperationsHostName":"dps000002.azure-devices-provisioning.net","deviceProvisioningHostName":"global.azure-devices-provisioning.net","idScope":"0ne0031BC41"},"resourcegroup":"clitest.rg000001","type":"Microsoft.Devices/provisioningServices","id":"/subscriptions/00000000-0000-0000-0000-000000000000/resourceGroups/clitest.rg000001/providers/Microsoft.Devices/provisioningServices/dps000002","subscriptionid":"a1bfa635-f2bf-42f1-86b5-848c674fc321","tags":{},"sku":{"name":"S1","tier":"Standard","capacity":1}}'
    headers:
      cache-control:
      - no-cache
      content-length:
      - '836'
      content-type:
      - application/json; charset=utf-8
      date:
      - Tue, 29 Jun 2021 04:07:04 GMT
      expires:
      - '-1'
      pragma:
      - no-cache
      server:
      - Microsoft-HTTPAPI/2.0
      strict-transport-security:
      - max-age=31536000; includeSubDomains
      transfer-encoding:
      - chunked
      vary:
      - Accept-Encoding
      x-content-type-options:
      - nosniff
    status:
      code: 200
      message: OK
- request:
    body: null
    headers:
      Accept:
      - application/json
      Accept-Encoding:
      - gzip, deflate
      CommandName:
      - iot dps access-policy create
      Connection:
      - keep-alive
      Content-Length:
      - '0'
      Content-Type:
      - application/json; charset=utf-8
      ParameterSetName:
      - -g --dps-name -n -r
      User-Agent:
      - python/3.8.10 (Windows-10-10.0.19043-SP0) msrest/0.6.21 msrest_azure/0.6.3
        azure-mgmt-iothubprovisioningservices/0.2.0 Azure-SDK-For-Python AZURECLI/2.25.0
      accept-language:
      - en-US
    method: POST
    uri: https://management.azure.com/subscriptions/00000000-0000-0000-0000-000000000000/resourceGroups/clitest.rg000001/providers/Microsoft.Devices/provisioningServices/dps000002/keys/policy000004/listkeys?api-version=2018-01-22
  response:
    body:
      string: '{"keyName":"policy000004","primaryKey":"8NfSyyqa6laUSV/Npg9AhYIQcPyrNb7WQPO2edwn4yQ=","secondaryKey":"U7q74PA+LATjBa3cSw1pYJualPN4G6znagMGdn1PpEY=","rights":"EnrollmentRead"}'
    headers:
      cache-control:
      - no-cache
      content-length:
      - '182'
      content-type:
      - application/json; charset=utf-8
      date:
      - Tue, 29 Jun 2021 04:07:06 GMT
      expires:
      - '-1'
      pragma:
      - no-cache
      server:
      - Microsoft-HTTPAPI/2.0
      strict-transport-security:
      - max-age=31536000; includeSubDomains
      transfer-encoding:
      - chunked
      vary:
      - Accept-Encoding
      x-content-type-options:
      - nosniff
      x-ms-ratelimit-remaining-subscription-writes:
      - '1199'
    status:
      code: 200
      message: OK
- request:
    body: null
    headers:
      Accept:
      - application/json
      Accept-Encoding:
      - gzip, deflate
      CommandName:
      - iot dps access-policy list
      Connection:
      - keep-alive
      Content-Type:
      - application/json; charset=utf-8
      ParameterSetName:
      - -g --dps-name
      User-Agent:
      - python/3.8.10 (Windows-10-10.0.19043-SP0) msrest/0.6.21 msrest_azure/0.6.3
        azure-mgmt-iothubprovisioningservices/0.2.0 Azure-SDK-For-Python AZURECLI/2.25.0
      accept-language:
      - en-US
    method: GET
    uri: https://management.azure.com/subscriptions/00000000-0000-0000-0000-000000000000/resourceGroups/clitest.rg000001/providers/Microsoft.Devices/provisioningServices/dps000002?api-version=2018-01-22
  response:
    body:
      string: '{"etag":"AAAAAAnXmac=","name":"dps000002","location":"westus","properties":{"state":"Active","provisioningState":"Succeeded","iotHubs":[],"allocationPolicy":"GeoLatency","serviceOperationsHostName":"dps000002.azure-devices-provisioning.net","deviceProvisioningHostName":"global.azure-devices-provisioning.net","idScope":"0ne0031BC41"},"resourcegroup":"clitest.rg000001","type":"Microsoft.Devices/provisioningServices","id":"/subscriptions/00000000-0000-0000-0000-000000000000/resourceGroups/clitest.rg000001/providers/Microsoft.Devices/provisioningServices/dps000002","subscriptionid":"a1bfa635-f2bf-42f1-86b5-848c674fc321","tags":{},"sku":{"name":"S1","tier":"Standard","capacity":1}}'
    headers:
      cache-control:
      - no-cache
      content-length:
      - '836'
      content-type:
      - application/json; charset=utf-8
      date:
      - Tue, 29 Jun 2021 04:07:07 GMT
      expires:
      - '-1'
      pragma:
      - no-cache
      server:
      - Microsoft-HTTPAPI/2.0
      strict-transport-security:
      - max-age=31536000; includeSubDomains
      transfer-encoding:
      - chunked
      vary:
      - Accept-Encoding
      x-content-type-options:
      - nosniff
    status:
      code: 200
      message: OK
- request:
    body: null
    headers:
      Accept:
      - application/json
      Accept-Encoding:
      - gzip, deflate
      CommandName:
      - iot dps access-policy list
      Connection:
      - keep-alive
      Content-Length:
      - '0'
      Content-Type:
      - application/json; charset=utf-8
      ParameterSetName:
      - -g --dps-name
      User-Agent:
      - python/3.8.10 (Windows-10-10.0.19043-SP0) msrest/0.6.21 msrest_azure/0.6.3
        azure-mgmt-iothubprovisioningservices/0.2.0 Azure-SDK-For-Python AZURECLI/2.25.0
      accept-language:
      - en-US
    method: POST
    uri: https://management.azure.com/subscriptions/00000000-0000-0000-0000-000000000000/resourceGroups/clitest.rg000001/providers/Microsoft.Devices/provisioningServices/dps000002/listkeys?api-version=2018-01-22
  response:
    body:
      string: '{"value":[{"keyName":"provisioningserviceowner","primaryKey":"MVu9rbuIapYRoDpWRy4LQaFcuUjMwj942IWA0HfhzJA=","secondaryKey":"VeSWrrQgIK+639iPkmx15AkJwdAWECxNEBzWY4Pu7IQ=","rights":"ServiceConfig,
        DeviceConnect, EnrollmentWrite"},{"keyName":"policy000004","primaryKey":"8NfSyyqa6laUSV/Npg9AhYIQcPyrNb7WQPO2edwn4yQ=","secondaryKey":"U7q74PA+LATjBa3cSw1pYJualPN4G6znagMGdn1PpEY=","rights":"EnrollmentRead"}]}'
    headers:
      cache-control:
      - no-cache
      content-length:
      - '412'
      content-type:
      - application/json; charset=utf-8
      date:
      - Tue, 29 Jun 2021 04:07:09 GMT
      expires:
      - '-1'
      pragma:
      - no-cache
      server:
      - Microsoft-HTTPAPI/2.0
      strict-transport-security:
      - max-age=31536000; includeSubDomains
      transfer-encoding:
      - chunked
      vary:
      - Accept-Encoding
      x-content-type-options:
      - nosniff
      x-ms-ratelimit-remaining-subscription-writes:
      - '1199'
    status:
      code: 200
      message: OK
- request:
    body: null
    headers:
      Accept:
      - application/json
      Accept-Encoding:
      - gzip, deflate
      CommandName:
      - iot dps access-policy show
      Connection:
      - keep-alive
      Content-Type:
      - application/json; charset=utf-8
      ParameterSetName:
      - -g --dps-name -n
      User-Agent:
      - python/3.8.10 (Windows-10-10.0.19043-SP0) msrest/0.6.21 msrest_azure/0.6.3
        azure-mgmt-iothubprovisioningservices/0.2.0 Azure-SDK-For-Python AZURECLI/2.25.0
      accept-language:
      - en-US
    method: GET
    uri: https://management.azure.com/subscriptions/00000000-0000-0000-0000-000000000000/resourceGroups/clitest.rg000001/providers/Microsoft.Devices/provisioningServices/dps000002?api-version=2018-01-22
  response:
    body:
      string: '{"etag":"AAAAAAnXmac=","name":"dps000002","location":"westus","properties":{"state":"Active","provisioningState":"Succeeded","iotHubs":[],"allocationPolicy":"GeoLatency","serviceOperationsHostName":"dps000002.azure-devices-provisioning.net","deviceProvisioningHostName":"global.azure-devices-provisioning.net","idScope":"0ne0031BC41"},"resourcegroup":"clitest.rg000001","type":"Microsoft.Devices/provisioningServices","id":"/subscriptions/00000000-0000-0000-0000-000000000000/resourceGroups/clitest.rg000001/providers/Microsoft.Devices/provisioningServices/dps000002","subscriptionid":"a1bfa635-f2bf-42f1-86b5-848c674fc321","tags":{},"sku":{"name":"S1","tier":"Standard","capacity":1}}'
    headers:
      cache-control:
      - no-cache
      content-length:
      - '836'
      content-type:
      - application/json; charset=utf-8
      date:
      - Tue, 29 Jun 2021 04:07:11 GMT
      expires:
      - '-1'
      pragma:
      - no-cache
      server:
      - Microsoft-HTTPAPI/2.0
      strict-transport-security:
      - max-age=31536000; includeSubDomains
      transfer-encoding:
      - chunked
      vary:
      - Accept-Encoding
      x-content-type-options:
      - nosniff
    status:
      code: 200
      message: OK
- request:
    body: null
    headers:
      Accept:
      - application/json
      Accept-Encoding:
      - gzip, deflate
      CommandName:
      - iot dps access-policy show
      Connection:
      - keep-alive
      Content-Length:
      - '0'
      Content-Type:
      - application/json; charset=utf-8
      ParameterSetName:
      - -g --dps-name -n
      User-Agent:
      - python/3.8.10 (Windows-10-10.0.19043-SP0) msrest/0.6.21 msrest_azure/0.6.3
        azure-mgmt-iothubprovisioningservices/0.2.0 Azure-SDK-For-Python AZURECLI/2.25.0
      accept-language:
      - en-US
    method: POST
    uri: https://management.azure.com/subscriptions/00000000-0000-0000-0000-000000000000/resourceGroups/clitest.rg000001/providers/Microsoft.Devices/provisioningServices/dps000002/keys/policy000004/listkeys?api-version=2018-01-22
  response:
    body:
      string: '{"keyName":"policy000004","primaryKey":"8NfSyyqa6laUSV/Npg9AhYIQcPyrNb7WQPO2edwn4yQ=","secondaryKey":"U7q74PA+LATjBa3cSw1pYJualPN4G6znagMGdn1PpEY=","rights":"EnrollmentRead"}'
    headers:
      cache-control:
      - no-cache
      content-length:
      - '182'
      content-type:
      - application/json; charset=utf-8
      date:
      - Tue, 29 Jun 2021 04:07:14 GMT
      expires:
      - '-1'
      pragma:
      - no-cache
      server:
      - Microsoft-HTTPAPI/2.0
      strict-transport-security:
      - max-age=31536000; includeSubDomains
      transfer-encoding:
      - chunked
      vary:
      - Accept-Encoding
      x-content-type-options:
      - nosniff
      x-ms-ratelimit-remaining-subscription-writes:
      - '1199'
    status:
      code: 200
      message: OK
- request:
    body: null
    headers:
      Accept:
      - application/json
      Accept-Encoding:
      - gzip, deflate
      CommandName:
      - iot dps access-policy update
      Connection:
      - keep-alive
      Content-Type:
      - application/json; charset=utf-8
      ParameterSetName:
      - -g --dps-name -n -r
      User-Agent:
      - python/3.8.10 (Windows-10-10.0.19043-SP0) msrest/0.6.21 msrest_azure/0.6.3
        azure-mgmt-iothubprovisioningservices/0.2.0 Azure-SDK-For-Python AZURECLI/2.25.0
      accept-language:
      - en-US
    method: GET
    uri: https://management.azure.com/subscriptions/00000000-0000-0000-0000-000000000000/resourceGroups/clitest.rg000001/providers/Microsoft.Devices/provisioningServices/dps000002?api-version=2018-01-22
  response:
    body:
      string: '{"etag":"AAAAAAnXmac=","name":"dps000002","location":"westus","properties":{"state":"Active","provisioningState":"Succeeded","iotHubs":[],"allocationPolicy":"GeoLatency","serviceOperationsHostName":"dps000002.azure-devices-provisioning.net","deviceProvisioningHostName":"global.azure-devices-provisioning.net","idScope":"0ne0031BC41"},"resourcegroup":"clitest.rg000001","type":"Microsoft.Devices/provisioningServices","id":"/subscriptions/00000000-0000-0000-0000-000000000000/resourceGroups/clitest.rg000001/providers/Microsoft.Devices/provisioningServices/dps000002","subscriptionid":"a1bfa635-f2bf-42f1-86b5-848c674fc321","tags":{},"sku":{"name":"S1","tier":"Standard","capacity":1}}'
    headers:
      cache-control:
      - no-cache
      content-length:
      - '836'
      content-type:
      - application/json; charset=utf-8
      date:
      - Tue, 29 Jun 2021 04:07:16 GMT
      expires:
      - '-1'
      pragma:
      - no-cache
      server:
      - Microsoft-HTTPAPI/2.0
      strict-transport-security:
      - max-age=31536000; includeSubDomains
      transfer-encoding:
      - chunked
      vary:
      - Accept-Encoding
      x-content-type-options:
      - nosniff
    status:
      code: 200
      message: OK
- request:
    body: null
    headers:
      Accept:
      - application/json
      Accept-Encoding:
      - gzip, deflate
      CommandName:
      - iot dps access-policy update
      Connection:
      - keep-alive
      Content-Length:
      - '0'
      Content-Type:
      - application/json; charset=utf-8
      ParameterSetName:
      - -g --dps-name -n -r
      User-Agent:
      - python/3.8.10 (Windows-10-10.0.19043-SP0) msrest/0.6.21 msrest_azure/0.6.3
        azure-mgmt-iothubprovisioningservices/0.2.0 Azure-SDK-For-Python AZURECLI/2.25.0
      accept-language:
      - en-US
    method: POST
    uri: https://management.azure.com/subscriptions/00000000-0000-0000-0000-000000000000/resourceGroups/clitest.rg000001/providers/Microsoft.Devices/provisioningServices/dps000002/listkeys?api-version=2018-01-22
  response:
    body:
      string: '{"value":[{"keyName":"provisioningserviceowner","primaryKey":"MVu9rbuIapYRoDpWRy4LQaFcuUjMwj942IWA0HfhzJA=","secondaryKey":"VeSWrrQgIK+639iPkmx15AkJwdAWECxNEBzWY4Pu7IQ=","rights":"ServiceConfig,
        DeviceConnect, EnrollmentWrite"},{"keyName":"policy000004","primaryKey":"8NfSyyqa6laUSV/Npg9AhYIQcPyrNb7WQPO2edwn4yQ=","secondaryKey":"U7q74PA+LATjBa3cSw1pYJualPN4G6znagMGdn1PpEY=","rights":"EnrollmentRead"}]}'
    headers:
      cache-control:
      - no-cache
      content-length:
      - '412'
      content-type:
      - application/json; charset=utf-8
      date:
      - Tue, 29 Jun 2021 04:07:18 GMT
      expires:
      - '-1'
      pragma:
      - no-cache
      server:
      - Microsoft-HTTPAPI/2.0
      strict-transport-security:
      - max-age=31536000; includeSubDomains
      transfer-encoding:
      - chunked
      vary:
      - Accept-Encoding
      x-content-type-options:
      - nosniff
      x-ms-ratelimit-remaining-subscription-writes:
      - '1199'
    status:
      code: 200
      message: OK
- request:
    body: null
    headers:
      Accept:
      - application/json
      Accept-Encoding:
      - gzip, deflate
      CommandName:
      - iot dps access-policy update
      Connection:
      - keep-alive
      Content-Type:
      - application/json; charset=utf-8
      ParameterSetName:
      - -g --dps-name -n -r
      User-Agent:
      - python/3.8.10 (Windows-10-10.0.19043-SP0) msrest/0.6.21 msrest_azure/0.6.3
        azure-mgmt-iothubprovisioningservices/0.2.0 Azure-SDK-For-Python AZURECLI/2.25.0
      accept-language:
      - en-US
    method: GET
    uri: https://management.azure.com/subscriptions/00000000-0000-0000-0000-000000000000/resourceGroups/clitest.rg000001/providers/Microsoft.Devices/provisioningServices/dps000002?api-version=2018-01-22
  response:
    body:
      string: '{"etag":"AAAAAAnXmac=","name":"dps000002","location":"westus","properties":{"state":"Active","provisioningState":"Succeeded","iotHubs":[],"allocationPolicy":"GeoLatency","serviceOperationsHostName":"dps000002.azure-devices-provisioning.net","deviceProvisioningHostName":"global.azure-devices-provisioning.net","idScope":"0ne0031BC41"},"resourcegroup":"clitest.rg000001","type":"Microsoft.Devices/provisioningServices","id":"/subscriptions/00000000-0000-0000-0000-000000000000/resourceGroups/clitest.rg000001/providers/Microsoft.Devices/provisioningServices/dps000002","subscriptionid":"a1bfa635-f2bf-42f1-86b5-848c674fc321","tags":{},"sku":{"name":"S1","tier":"Standard","capacity":1}}'
    headers:
      cache-control:
      - no-cache
      content-length:
      - '836'
      content-type:
      - application/json; charset=utf-8
      date:
      - Tue, 29 Jun 2021 04:07:20 GMT
      expires:
      - '-1'
      pragma:
      - no-cache
      server:
      - Microsoft-HTTPAPI/2.0
      strict-transport-security:
      - max-age=31536000; includeSubDomains
      transfer-encoding:
      - chunked
      vary:
      - Accept-Encoding
      x-content-type-options:
      - nosniff
    status:
      code: 200
      message: OK
- request:
    body: '{"location": "westus", "properties": {"iotHubs": [], "allocationPolicy":
      "GeoLatency", "authorizationPolicies": [{"keyName": "provisioningserviceowner",
      "primaryKey": "MVu9rbuIapYRoDpWRy4LQaFcuUjMwj942IWA0HfhzJA=", "secondaryKey":
      "VeSWrrQgIK+639iPkmx15AkJwdAWECxNEBzWY4Pu7IQ=", "rights": "ServiceConfig, DeviceConnect,
      EnrollmentWrite"}, {"keyName": "policy000004", "primaryKey": "8NfSyyqa6laUSV/Npg9AhYIQcPyrNb7WQPO2edwn4yQ=",
      "secondaryKey": "U7q74PA+LATjBa3cSw1pYJualPN4G6znagMGdn1PpEY=", "rights": "EnrollmentWrite"}]},
      "sku": {"name": "S1", "capacity": 1}}'
    headers:
      Accept:
      - application/json
      Accept-Encoding:
      - gzip, deflate
      CommandName:
      - iot dps access-policy update
      Connection:
      - keep-alive
      Content-Length:
      - '570'
      Content-Type:
      - application/json; charset=utf-8
      ParameterSetName:
      - -g --dps-name -n -r
      User-Agent:
      - python/3.8.10 (Windows-10-10.0.19043-SP0) msrest/0.6.21 msrest_azure/0.6.3
        azure-mgmt-iothubprovisioningservices/0.2.0 Azure-SDK-For-Python AZURECLI/2.25.0
      accept-language:
      - en-US
    method: PUT
    uri: https://management.azure.com/subscriptions/00000000-0000-0000-0000-000000000000/resourceGroups/clitest.rg000001/providers/Microsoft.Devices/provisioningServices/dps000002?api-version=2018-01-22
  response:
    body:
      string: '{"name":"dps000002","location":"westus","properties":{"state":"Transitioning","provisioningState":"Accepted","iotHubs":[],"allocationPolicy":"GeoLatency","idScope":null,"authorizationPolicies":[{"keyName":"provisioningserviceowner","primaryKey":"MVu9rbuIapYRoDpWRy4LQaFcuUjMwj942IWA0HfhzJA=","secondaryKey":"VeSWrrQgIK+639iPkmx15AkJwdAWECxNEBzWY4Pu7IQ=","rights":"ServiceConfig,
        DeviceConnect, EnrollmentWrite"},{"keyName":"policy000004","primaryKey":"8NfSyyqa6laUSV/Npg9AhYIQcPyrNb7WQPO2edwn4yQ=","secondaryKey":"U7q74PA+LATjBa3cSw1pYJualPN4G6znagMGdn1PpEY=","rights":"EnrollmentWrite"}]},"resourcegroup":"clitest.rg000001","type":"Microsoft.Devices/provisioningServices","id":"/subscriptions/00000000-0000-0000-0000-000000000000/resourceGroups/clitest.rg000001/providers/Microsoft.Devices/provisioningServices/dps000002","subscriptionid":"a1bfa635-f2bf-42f1-86b5-848c674fc321","tags":{},"sku":{"name":"S1","tier":"Standard","capacity":1}}'
    headers:
      azure-asyncoperation:
      - https://management.azure.com/subscriptions/00000000-0000-0000-0000-000000000000/resourceGroups/clitest.rg000001/providers/Microsoft.Devices/provisioningServices/dps000002/operationResults/b3NfaWRfZGM4YWM5NGMtNjdmMy00ODY4LWJhYmUtNzk3ZDJhMWVkOTcz?api-version=2018-01-22&asyncinfo
      cache-control:
      - no-cache
      content-length:
      - '1088'
      content-type:
      - application/json; charset=utf-8
      date:
      - Tue, 29 Jun 2021 04:07:27 GMT
      expires:
      - '-1'
      pragma:
      - no-cache
      server:
      - Microsoft-HTTPAPI/2.0
      strict-transport-security:
      - max-age=31536000; includeSubDomains
      x-content-type-options:
      - nosniff
      x-ms-ratelimit-remaining-subscription-resource-requests:
      - '4999'
    status:
      code: 201
      message: Created
- request:
    body: null
    headers:
      Accept:
      - application/json
      Accept-Encoding:
      - gzip, deflate
      CommandName:
      - iot dps access-policy update
      Connection:
      - keep-alive
      ParameterSetName:
      - -g --dps-name -n -r
      User-Agent:
      - python/3.8.10 (Windows-10-10.0.19043-SP0) msrest/0.6.21 msrest_azure/0.6.3
        azure-mgmt-iothubprovisioningservices/0.2.0 Azure-SDK-For-Python AZURECLI/2.25.0
    method: GET
    uri: https://management.azure.com/subscriptions/00000000-0000-0000-0000-000000000000/resourceGroups/clitest.rg000001/providers/Microsoft.Devices/provisioningServices/dps000002/operationResults/b3NfaWRfZGM4YWM5NGMtNjdmMy00ODY4LWJhYmUtNzk3ZDJhMWVkOTcz?api-version=2018-01-22&asyncinfo
  response:
    body:
      string: '{"status":"Succeeded"}'
    headers:
      cache-control:
      - no-cache
      content-length:
      - '22'
      content-type:
      - application/json; charset=utf-8
      date:
      - Tue, 29 Jun 2021 04:07:59 GMT
      expires:
      - '-1'
      pragma:
      - no-cache
      server:
      - Microsoft-HTTPAPI/2.0
      strict-transport-security:
      - max-age=31536000; includeSubDomains
      transfer-encoding:
      - chunked
      vary:
      - Accept-Encoding
      x-content-type-options:
      - nosniff
    status:
      code: 200
      message: OK
- request:
    body: null
    headers:
      Accept:
      - application/json
      Accept-Encoding:
      - gzip, deflate
      CommandName:
      - iot dps access-policy update
      Connection:
      - keep-alive
      ParameterSetName:
      - -g --dps-name -n -r
      User-Agent:
      - python/3.8.10 (Windows-10-10.0.19043-SP0) msrest/0.6.21 msrest_azure/0.6.3
        azure-mgmt-iothubprovisioningservices/0.2.0 Azure-SDK-For-Python AZURECLI/2.25.0
    method: GET
    uri: https://management.azure.com/subscriptions/00000000-0000-0000-0000-000000000000/resourceGroups/clitest.rg000001/providers/Microsoft.Devices/provisioningServices/dps000002?api-version=2018-01-22
  response:
    body:
      string: '{"etag":"AAAAAAnXmlw=","name":"dps000002","location":"westus","properties":{"state":"Active","provisioningState":"Succeeded","iotHubs":[],"allocationPolicy":"GeoLatency","serviceOperationsHostName":"dps000002.azure-devices-provisioning.net","deviceProvisioningHostName":"global.azure-devices-provisioning.net","idScope":"0ne0031BC41"},"resourcegroup":"clitest.rg000001","type":"Microsoft.Devices/provisioningServices","id":"/subscriptions/00000000-0000-0000-0000-000000000000/resourceGroups/clitest.rg000001/providers/Microsoft.Devices/provisioningServices/dps000002","subscriptionid":"a1bfa635-f2bf-42f1-86b5-848c674fc321","tags":{},"sku":{"name":"S1","tier":"Standard","capacity":1}}'
    headers:
      cache-control:
      - no-cache
      content-length:
      - '836'
      content-type:
      - application/json; charset=utf-8
      date:
      - Tue, 29 Jun 2021 04:08:01 GMT
      expires:
      - '-1'
      pragma:
      - no-cache
      server:
      - Microsoft-HTTPAPI/2.0
      strict-transport-security:
      - max-age=31536000; includeSubDomains
      transfer-encoding:
      - chunked
      vary:
      - Accept-Encoding
      x-content-type-options:
      - nosniff
    status:
      code: 200
      message: OK
- request:
    body: null
    headers:
      Accept:
      - application/json
      Accept-Encoding:
      - gzip, deflate
      CommandName:
      - iot dps access-policy update
      Connection:
      - keep-alive
      Content-Type:
      - application/json; charset=utf-8
      ParameterSetName:
      - -g --dps-name -n -r
      User-Agent:
      - python/3.8.10 (Windows-10-10.0.19043-SP0) msrest/0.6.21 msrest_azure/0.6.3
        azure-mgmt-iothubprovisioningservices/0.2.0 Azure-SDK-For-Python AZURECLI/2.25.0
      accept-language:
      - en-US
    method: GET
    uri: https://management.azure.com/subscriptions/00000000-0000-0000-0000-000000000000/resourceGroups/clitest.rg000001/providers/Microsoft.Devices/provisioningServices/dps000002?api-version=2018-01-22
  response:
    body:
      string: '{"etag":"AAAAAAnXmlw=","name":"dps000002","location":"westus","properties":{"state":"Active","provisioningState":"Succeeded","iotHubs":[],"allocationPolicy":"GeoLatency","serviceOperationsHostName":"dps000002.azure-devices-provisioning.net","deviceProvisioningHostName":"global.azure-devices-provisioning.net","idScope":"0ne0031BC41"},"resourcegroup":"clitest.rg000001","type":"Microsoft.Devices/provisioningServices","id":"/subscriptions/00000000-0000-0000-0000-000000000000/resourceGroups/clitest.rg000001/providers/Microsoft.Devices/provisioningServices/dps000002","subscriptionid":"a1bfa635-f2bf-42f1-86b5-848c674fc321","tags":{},"sku":{"name":"S1","tier":"Standard","capacity":1}}'
    headers:
      cache-control:
      - no-cache
      content-length:
      - '836'
      content-type:
      - application/json; charset=utf-8
      date:
      - Tue, 29 Jun 2021 04:08:04 GMT
      expires:
      - '-1'
      pragma:
      - no-cache
      server:
      - Microsoft-HTTPAPI/2.0
      strict-transport-security:
      - max-age=31536000; includeSubDomains
      transfer-encoding:
      - chunked
      vary:
      - Accept-Encoding
      x-content-type-options:
      - nosniff
    status:
      code: 200
      message: OK
- request:
    body: null
    headers:
      Accept:
      - application/json
      Accept-Encoding:
      - gzip, deflate
      CommandName:
      - iot dps access-policy update
      Connection:
      - keep-alive
      Content-Length:
      - '0'
      Content-Type:
      - application/json; charset=utf-8
      ParameterSetName:
      - -g --dps-name -n -r
      User-Agent:
      - python/3.8.10 (Windows-10-10.0.19043-SP0) msrest/0.6.21 msrest_azure/0.6.3
        azure-mgmt-iothubprovisioningservices/0.2.0 Azure-SDK-For-Python AZURECLI/2.25.0
      accept-language:
      - en-US
    method: POST
    uri: https://management.azure.com/subscriptions/00000000-0000-0000-0000-000000000000/resourceGroups/clitest.rg000001/providers/Microsoft.Devices/provisioningServices/dps000002/keys/policy000004/listkeys?api-version=2018-01-22
  response:
    body:
      string: '{"keyName":"policy000004","primaryKey":"8NfSyyqa6laUSV/Npg9AhYIQcPyrNb7WQPO2edwn4yQ=","secondaryKey":"U7q74PA+LATjBa3cSw1pYJualPN4G6znagMGdn1PpEY=","rights":"EnrollmentWrite"}'
    headers:
      cache-control:
      - no-cache
      content-length:
      - '183'
      content-type:
      - application/json; charset=utf-8
      date:
      - Tue, 29 Jun 2021 04:08:04 GMT
      expires:
      - '-1'
      pragma:
      - no-cache
      server:
      - Microsoft-HTTPAPI/2.0
      strict-transport-security:
      - max-age=31536000; includeSubDomains
      transfer-encoding:
      - chunked
      vary:
      - Accept-Encoding
      x-content-type-options:
      - nosniff
      x-ms-ratelimit-remaining-subscription-writes:
      - '1199'
    status:
      code: 200
      message: OK
- request:
    body: null
    headers:
      Accept:
      - application/json
      Accept-Encoding:
      - gzip, deflate
      CommandName:
      - iot dps access-policy delete
      Connection:
      - keep-alive
      Content-Type:
      - application/json; charset=utf-8
      ParameterSetName:
      - -g --dps-name -n
      User-Agent:
      - python/3.8.10 (Windows-10-10.0.19043-SP0) msrest/0.6.21 msrest_azure/0.6.3
        azure-mgmt-iothubprovisioningservices/0.2.0 Azure-SDK-For-Python AZURECLI/2.25.0
      accept-language:
      - en-US
    method: GET
    uri: https://management.azure.com/subscriptions/00000000-0000-0000-0000-000000000000/resourceGroups/clitest.rg000001/providers/Microsoft.Devices/provisioningServices/dps000002?api-version=2018-01-22
  response:
    body:
      string: '{"etag":"AAAAAAnXmlw=","name":"dps000002","location":"westus","properties":{"state":"Active","provisioningState":"Succeeded","iotHubs":[],"allocationPolicy":"GeoLatency","serviceOperationsHostName":"dps000002.azure-devices-provisioning.net","deviceProvisioningHostName":"global.azure-devices-provisioning.net","idScope":"0ne0031BC41"},"resourcegroup":"clitest.rg000001","type":"Microsoft.Devices/provisioningServices","id":"/subscriptions/00000000-0000-0000-0000-000000000000/resourceGroups/clitest.rg000001/providers/Microsoft.Devices/provisioningServices/dps000002","subscriptionid":"a1bfa635-f2bf-42f1-86b5-848c674fc321","tags":{},"sku":{"name":"S1","tier":"Standard","capacity":1}}'
    headers:
      cache-control:
      - no-cache
      content-length:
      - '836'
      content-type:
      - application/json; charset=utf-8
      date:
      - Tue, 29 Jun 2021 04:08:07 GMT
      expires:
      - '-1'
      pragma:
      - no-cache
      server:
      - Microsoft-HTTPAPI/2.0
      strict-transport-security:
      - max-age=31536000; includeSubDomains
      transfer-encoding:
      - chunked
      vary:
      - Accept-Encoding
      x-content-type-options:
      - nosniff
    status:
      code: 200
      message: OK
- request:
    body: null
    headers:
      Accept:
      - application/json
      Accept-Encoding:
      - gzip, deflate
      CommandName:
      - iot dps access-policy delete
      Connection:
      - keep-alive
      Content-Length:
      - '0'
      Content-Type:
      - application/json; charset=utf-8
      ParameterSetName:
      - -g --dps-name -n
      User-Agent:
      - python/3.8.10 (Windows-10-10.0.19043-SP0) msrest/0.6.21 msrest_azure/0.6.3
        azure-mgmt-iothubprovisioningservices/0.2.0 Azure-SDK-For-Python AZURECLI/2.25.0
      accept-language:
      - en-US
    method: POST
    uri: https://management.azure.com/subscriptions/00000000-0000-0000-0000-000000000000/resourceGroups/clitest.rg000001/providers/Microsoft.Devices/provisioningServices/dps000002/listkeys?api-version=2018-01-22
  response:
    body:
      string: '{"value":[{"keyName":"provisioningserviceowner","primaryKey":"MVu9rbuIapYRoDpWRy4LQaFcuUjMwj942IWA0HfhzJA=","secondaryKey":"VeSWrrQgIK+639iPkmx15AkJwdAWECxNEBzWY4Pu7IQ=","rights":"ServiceConfig,
        DeviceConnect, EnrollmentWrite"},{"keyName":"policy000004","primaryKey":"8NfSyyqa6laUSV/Npg9AhYIQcPyrNb7WQPO2edwn4yQ=","secondaryKey":"U7q74PA+LATjBa3cSw1pYJualPN4G6znagMGdn1PpEY=","rights":"EnrollmentWrite"}]}'
    headers:
      cache-control:
      - no-cache
      content-length:
      - '413'
      content-type:
      - application/json; charset=utf-8
      date:
      - Tue, 29 Jun 2021 04:08:08 GMT
      expires:
      - '-1'
      pragma:
      - no-cache
      server:
      - Microsoft-HTTPAPI/2.0
      strict-transport-security:
      - max-age=31536000; includeSubDomains
      transfer-encoding:
      - chunked
      vary:
      - Accept-Encoding
      x-content-type-options:
      - nosniff
      x-ms-ratelimit-remaining-subscription-writes:
      - '1199'
    status:
      code: 200
      message: OK
- request:
    body: null
    headers:
      Accept:
      - application/json
      Accept-Encoding:
      - gzip, deflate
      CommandName:
      - iot dps access-policy delete
      Connection:
      - keep-alive
      Content-Type:
      - application/json; charset=utf-8
      ParameterSetName:
      - -g --dps-name -n
      User-Agent:
      - python/3.8.10 (Windows-10-10.0.19043-SP0) msrest/0.6.21 msrest_azure/0.6.3
        azure-mgmt-iothubprovisioningservices/0.2.0 Azure-SDK-For-Python AZURECLI/2.25.0
      accept-language:
      - en-US
    method: GET
    uri: https://management.azure.com/subscriptions/00000000-0000-0000-0000-000000000000/resourceGroups/clitest.rg000001/providers/Microsoft.Devices/provisioningServices/dps000002?api-version=2018-01-22
  response:
    body:
      string: '{"etag":"AAAAAAnXmlw=","name":"dps000002","location":"westus","properties":{"state":"Active","provisioningState":"Succeeded","iotHubs":[],"allocationPolicy":"GeoLatency","serviceOperationsHostName":"dps000002.azure-devices-provisioning.net","deviceProvisioningHostName":"global.azure-devices-provisioning.net","idScope":"0ne0031BC41"},"resourcegroup":"clitest.rg000001","type":"Microsoft.Devices/provisioningServices","id":"/subscriptions/00000000-0000-0000-0000-000000000000/resourceGroups/clitest.rg000001/providers/Microsoft.Devices/provisioningServices/dps000002","subscriptionid":"a1bfa635-f2bf-42f1-86b5-848c674fc321","tags":{},"sku":{"name":"S1","tier":"Standard","capacity":1}}'
    headers:
      cache-control:
      - no-cache
      content-length:
      - '836'
      content-type:
      - application/json; charset=utf-8
      date:
      - Tue, 29 Jun 2021 04:08:09 GMT
      expires:
      - '-1'
      pragma:
      - no-cache
      server:
      - Microsoft-HTTPAPI/2.0
      strict-transport-security:
      - max-age=31536000; includeSubDomains
      transfer-encoding:
      - chunked
      vary:
      - Accept-Encoding
      x-content-type-options:
      - nosniff
    status:
      code: 200
      message: OK
- request:
    body: '{"location": "westus", "properties": {"iotHubs": [], "allocationPolicy":
      "GeoLatency", "authorizationPolicies": [{"keyName": "provisioningserviceowner",
      "primaryKey": "MVu9rbuIapYRoDpWRy4LQaFcuUjMwj942IWA0HfhzJA=", "secondaryKey":
      "VeSWrrQgIK+639iPkmx15AkJwdAWECxNEBzWY4Pu7IQ=", "rights": "ServiceConfig, DeviceConnect,
      EnrollmentWrite"}]}, "sku": {"name": "S1", "capacity": 1}}'
    headers:
      Accept:
      - application/json
      Accept-Encoding:
      - gzip, deflate
      CommandName:
      - iot dps access-policy delete
      Connection:
      - keep-alive
      Content-Length:
      - '378'
      Content-Type:
      - application/json; charset=utf-8
      ParameterSetName:
      - -g --dps-name -n
      User-Agent:
      - python/3.8.10 (Windows-10-10.0.19043-SP0) msrest/0.6.21 msrest_azure/0.6.3
        azure-mgmt-iothubprovisioningservices/0.2.0 Azure-SDK-For-Python AZURECLI/2.25.0
      accept-language:
      - en-US
    method: PUT
    uri: https://management.azure.com/subscriptions/00000000-0000-0000-0000-000000000000/resourceGroups/clitest.rg000001/providers/Microsoft.Devices/provisioningServices/dps000002?api-version=2018-01-22
  response:
    body:
      string: '{"name":"dps000002","location":"westus","properties":{"state":"Transitioning","provisioningState":"Accepted","iotHubs":[],"allocationPolicy":"GeoLatency","idScope":null,"authorizationPolicies":[{"keyName":"provisioningserviceowner","primaryKey":"MVu9rbuIapYRoDpWRy4LQaFcuUjMwj942IWA0HfhzJA=","secondaryKey":"VeSWrrQgIK+639iPkmx15AkJwdAWECxNEBzWY4Pu7IQ=","rights":"ServiceConfig,
        DeviceConnect, EnrollmentWrite"}]},"resourcegroup":"clitest.rg000001","type":"Microsoft.Devices/provisioningServices","id":"/subscriptions/00000000-0000-0000-0000-000000000000/resourceGroups/clitest.rg000001/providers/Microsoft.Devices/provisioningServices/dps000002","subscriptionid":"a1bfa635-f2bf-42f1-86b5-848c674fc321","tags":{},"sku":{"name":"S1","tier":"Standard","capacity":1}}'
    headers:
      azure-asyncoperation:
      - https://management.azure.com/subscriptions/00000000-0000-0000-0000-000000000000/resourceGroups/clitest.rg000001/providers/Microsoft.Devices/provisioningServices/dps000002/operationResults/b3NfaWRfNTdhMTM4MzUtZDc4My00OGU1LTljMTAtMjYzOGM4MjFmMzVi?api-version=2018-01-22&asyncinfo
      cache-control:
      - no-cache
      content-length:
      - '904'
      content-type:
      - application/json; charset=utf-8
      date:
      - Tue, 29 Jun 2021 04:08:14 GMT
      expires:
      - '-1'
      pragma:
      - no-cache
      server:
      - Microsoft-HTTPAPI/2.0
      strict-transport-security:
      - max-age=31536000; includeSubDomains
      x-content-type-options:
      - nosniff
      x-ms-ratelimit-remaining-subscription-resource-requests:
      - '4999'
    status:
      code: 201
      message: Created
- request:
    body: null
    headers:
      Accept:
      - application/json
      Accept-Encoding:
      - gzip, deflate
      CommandName:
      - iot dps access-policy delete
      Connection:
      - keep-alive
      ParameterSetName:
      - -g --dps-name -n
      User-Agent:
      - python/3.8.10 (Windows-10-10.0.19043-SP0) msrest/0.6.21 msrest_azure/0.6.3
        azure-mgmt-iothubprovisioningservices/0.2.0 Azure-SDK-For-Python AZURECLI/2.25.0
    method: GET
    uri: https://management.azure.com/subscriptions/00000000-0000-0000-0000-000000000000/resourceGroups/clitest.rg000001/providers/Microsoft.Devices/provisioningServices/dps000002/operationResults/b3NfaWRfNTdhMTM4MzUtZDc4My00OGU1LTljMTAtMjYzOGM4MjFmMzVi?api-version=2018-01-22&asyncinfo
  response:
    body:
      string: '{"status":"Succeeded"}'
    headers:
      cache-control:
      - no-cache
      content-length:
      - '22'
      content-type:
      - application/json; charset=utf-8
      date:
      - Tue, 29 Jun 2021 04:08:46 GMT
      expires:
      - '-1'
      pragma:
      - no-cache
      server:
      - Microsoft-HTTPAPI/2.0
      strict-transport-security:
      - max-age=31536000; includeSubDomains
      transfer-encoding:
      - chunked
      vary:
      - Accept-Encoding
      x-content-type-options:
      - nosniff
    status:
      code: 200
      message: OK
- request:
    body: null
    headers:
      Accept:
      - application/json
      Accept-Encoding:
      - gzip, deflate
      CommandName:
      - iot dps access-policy delete
      Connection:
      - keep-alive
      ParameterSetName:
      - -g --dps-name -n
      User-Agent:
      - python/3.8.10 (Windows-10-10.0.19043-SP0) msrest/0.6.21 msrest_azure/0.6.3
        azure-mgmt-iothubprovisioningservices/0.2.0 Azure-SDK-For-Python AZURECLI/2.25.0
    method: GET
    uri: https://management.azure.com/subscriptions/00000000-0000-0000-0000-000000000000/resourceGroups/clitest.rg000001/providers/Microsoft.Devices/provisioningServices/dps000002?api-version=2018-01-22
  response:
    body:
      string: '{"etag":"AAAAAAnXmwQ=","name":"dps000002","location":"westus","properties":{"state":"Active","provisioningState":"Succeeded","iotHubs":[],"allocationPolicy":"GeoLatency","serviceOperationsHostName":"dps000002.azure-devices-provisioning.net","deviceProvisioningHostName":"global.azure-devices-provisioning.net","idScope":"0ne0031BC41"},"resourcegroup":"clitest.rg000001","type":"Microsoft.Devices/provisioningServices","id":"/subscriptions/00000000-0000-0000-0000-000000000000/resourceGroups/clitest.rg000001/providers/Microsoft.Devices/provisioningServices/dps000002","subscriptionid":"a1bfa635-f2bf-42f1-86b5-848c674fc321","tags":{},"sku":{"name":"S1","tier":"Standard","capacity":1}}'
    headers:
      cache-control:
      - no-cache
      content-length:
      - '836'
      content-type:
      - application/json; charset=utf-8
      date:
      - Tue, 29 Jun 2021 04:08:47 GMT
      expires:
      - '-1'
      pragma:
      - no-cache
      server:
      - Microsoft-HTTPAPI/2.0
      strict-transport-security:
      - max-age=31536000; includeSubDomains
      transfer-encoding:
      - chunked
      vary:
      - Accept-Encoding
      x-content-type-options:
      - nosniff
    status:
      code: 200
      message: OK
- request:
    body: null
    headers:
      Accept:
      - application/json
      Accept-Encoding:
      - gzip, deflate
      CommandName:
      - iot dps access-policy delete
      Connection:
      - keep-alive
      Content-Type:
      - application/json; charset=utf-8
      ParameterSetName:
      - -g --dps-name -n
      User-Agent:
      - python/3.8.10 (Windows-10-10.0.19043-SP0) msrest/0.6.21 msrest_azure/0.6.3
        azure-mgmt-iothubprovisioningservices/0.2.0 Azure-SDK-For-Python AZURECLI/2.25.0
      accept-language:
      - en-US
    method: GET
    uri: https://management.azure.com/subscriptions/00000000-0000-0000-0000-000000000000/resourceGroups/clitest.rg000001/providers/Microsoft.Devices/provisioningServices/dps000002?api-version=2018-01-22
  response:
    body:
      string: '{"etag":"AAAAAAnXmwQ=","name":"dps000002","location":"westus","properties":{"state":"Active","provisioningState":"Succeeded","iotHubs":[],"allocationPolicy":"GeoLatency","serviceOperationsHostName":"dps000002.azure-devices-provisioning.net","deviceProvisioningHostName":"global.azure-devices-provisioning.net","idScope":"0ne0031BC41"},"resourcegroup":"clitest.rg000001","type":"Microsoft.Devices/provisioningServices","id":"/subscriptions/00000000-0000-0000-0000-000000000000/resourceGroups/clitest.rg000001/providers/Microsoft.Devices/provisioningServices/dps000002","subscriptionid":"a1bfa635-f2bf-42f1-86b5-848c674fc321","tags":{},"sku":{"name":"S1","tier":"Standard","capacity":1}}'
    headers:
      cache-control:
      - no-cache
      content-length:
      - '836'
      content-type:
      - application/json; charset=utf-8
      date:
      - Tue, 29 Jun 2021 04:08:49 GMT
      expires:
      - '-1'
      pragma:
      - no-cache
      server:
      - Microsoft-HTTPAPI/2.0
      strict-transport-security:
      - max-age=31536000; includeSubDomains
      transfer-encoding:
      - chunked
      vary:
      - Accept-Encoding
      x-content-type-options:
      - nosniff
    status:
      code: 200
      message: OK
- request:
    body: null
    headers:
      Accept:
      - application/json
      Accept-Encoding:
      - gzip, deflate
      CommandName:
      - iot dps access-policy delete
      Connection:
      - keep-alive
      Content-Length:
      - '0'
      Content-Type:
      - application/json; charset=utf-8
      ParameterSetName:
      - -g --dps-name -n
      User-Agent:
      - python/3.8.10 (Windows-10-10.0.19043-SP0) msrest/0.6.21 msrest_azure/0.6.3
        azure-mgmt-iothubprovisioningservices/0.2.0 Azure-SDK-For-Python AZURECLI/2.25.0
      accept-language:
      - en-US
    method: POST
    uri: https://management.azure.com/subscriptions/00000000-0000-0000-0000-000000000000/resourceGroups/clitest.rg000001/providers/Microsoft.Devices/provisioningServices/dps000002/listkeys?api-version=2018-01-22
  response:
    body:
      string: '{"value":[{"keyName":"provisioningserviceowner","primaryKey":"MVu9rbuIapYRoDpWRy4LQaFcuUjMwj942IWA0HfhzJA=","secondaryKey":"VeSWrrQgIK+639iPkmx15AkJwdAWECxNEBzWY4Pu7IQ=","rights":"ServiceConfig,
        DeviceConnect, EnrollmentWrite"}]}'
    headers:
      cache-control:
      - no-cache
      content-length:
      - '229'
      content-type:
      - application/json; charset=utf-8
      date:
      - Tue, 29 Jun 2021 04:08:51 GMT
      expires:
      - '-1'
      pragma:
      - no-cache
      server:
      - Microsoft-HTTPAPI/2.0
      strict-transport-security:
      - max-age=31536000; includeSubDomains
      transfer-encoding:
      - chunked
      vary:
      - Accept-Encoding
      x-content-type-options:
      - nosniff
      x-ms-ratelimit-remaining-subscription-writes:
      - '1199'
    status:
      code: 200
      message: OK
- request:
    body: null
    headers:
      Accept:
      - application/json
      Accept-Encoding:
      - gzip, deflate
      CommandName:
      - iot dps certificate create
      Connection:
      - keep-alive
      Content-Type:
      - application/json; charset=utf-8
      ParameterSetName:
      - --dps-name -g --name -p
      User-Agent:
      - python/3.8.10 (Windows-10-10.0.19043-SP0) msrest/0.6.21 msrest_azure/0.6.3
        azure-mgmt-iothubprovisioningservices/0.2.0 Azure-SDK-For-Python AZURECLI/2.25.0
      accept-language:
      - en-US
    method: GET
    uri: https://management.azure.com/subscriptions/00000000-0000-0000-0000-000000000000/resourceGroups/clitest.rg000001/providers/Microsoft.Devices/provisioningServices/dps000002/certificates?api-version=2018-01-22
  response:
    body:
      string: '{"value":[]}'
    headers:
      cache-control:
      - no-cache
      content-length:
      - '12'
      content-type:
      - application/json; charset=utf-8
      date:
      - Tue, 29 Jun 2021 04:08:52 GMT
      expires:
      - '-1'
      pragma:
      - no-cache
      server:
      - Microsoft-HTTPAPI/2.0
      strict-transport-security:
      - max-age=31536000; includeSubDomains
      transfer-encoding:
      - chunked
      vary:
      - Accept-Encoding
      x-content-type-options:
      - nosniff
    status:
      code: 200
      message: OK
- request:
    body: '{"certificate": "-----BEGIN CERTIFICATE-----\r\nMIIDHTCCAgWgAwIBAgIIagznf83lCSkwDQYJKoZIhvcNAQELBQAwIzEhMB8GA1UE\r\nAwwYVEVTVENFUlR0Ym55N2Vzd3ZwbHJpYzZiMB4XDTIxMDYyODA0MDg1MVoXDTIx\r\nMDcwMjA0MDg1MVowIzEhMB8GA1UEAwwYVEVTVENFUlR0Ym55N2Vzd3ZwbHJpYzZi\r\nMIIBITANBgkqhkiG9w0BAQEFAAOCAQ4AMIIBCQKCAQAyZDhkRH2FYsrzamTSg7Jp\r\naYNpqGAwByjc5P2ulsgt+mRxeNDpJ8PhEFzFGOB2Lhs6cwNRXVcoj6R+Cc5jUJMV\r\nc8i38kHySGCjto8QafM+4S7DhYD8OVJbXv6ZTUk2skgFP1FWl50CfevWCL2z15OM\r\n8HgbsPjSsAt8O2NQovmfeYTlkpB/pFS+Q7bmSAeJAhfs/5HU7SfFSRVAUCFhQA+I\r\nOIKQx92UH88PKfQFWQmJfQqwSa9qe0mgWUxR4AWSn9KuXDIddvfuYLGA4hyPWW31\r\nRpw24m1UAVqLK+SakvBdxtgE56Y/tnkoPMAwFbJNOrFsKK3NnhVbFgb0Lr0iHDjT\r\nAgMBAAGjVjBUMBIGA1UdEwEB/wQIMAYBAf8CAQEwHQYDVR0OBBYEFNo5o+5ea0sN\r\nMlW/75VgGJCv2AcJMB8GA1UdIwQYMBaAFNo5o+5ea0sNMlW/75VgGJCv2AcJMA0G\r\nCSqGSIb3DQEBCwUAA4IBAQAU1NsUp6r9Y4V+vRzxTv6DCs1wfq7HQOC+kEZcHXPc\r\nMgfjxXzt/j7g3wBI6u710CuvSdHKkMdjOkvKuto0iQq+In+C54pKkPCiaRYh9hDo\r\n0jYKY0yuo0M7eyAwfRS1+acXZ/xw8Cu07FCz2zBxX2be0Z1Msahs8qOVbdDTiESd\r\nnr2jzh00rq1H8eNoREFsDP1OBTOXJwoDbchxxkvtSo9Duc9Sr+2hmwDJFmsU/8zX\r\nsoyOBCj5Kl5sApwthBouB8Dhozj6yyQghQyV72cyk29zdc/x7mrM5gITlmQR0myd\r\nU+9KzxjMgajZIz4pVwBx76IACXFipz2bG1z45Vis66y6\r\n-----END
      CERTIFICATE-----\r\n"}'
    headers:
      Accept:
      - application/json
      Accept-Encoding:
      - gzip, deflate
      CommandName:
      - iot dps certificate create
      Connection:
      - keep-alive
      Content-Length:
      - '1215'
      Content-Type:
      - application/json; charset=utf-8
      ParameterSetName:
      - --dps-name -g --name -p
      User-Agent:
      - python/3.8.10 (Windows-10-10.0.19043-SP0) msrest/0.6.21 msrest_azure/0.6.3
        azure-mgmt-iothubprovisioningservices/0.2.0 Azure-SDK-For-Python AZURECLI/2.25.0
      accept-language:
      - en-US
    method: PUT
    uri: https://management.azure.com/subscriptions/00000000-0000-0000-0000-000000000000/resourceGroups/clitest.rg000001/providers/Microsoft.Devices/provisioningServices/dps000002/certificates/certificate000005?api-version=2018-01-22
  response:
    body:
      string: '{"properties":{"subject":"TESTCERT000006","expiry":"Fri, 02 Jul 2021
        04:08:51 GMT","thumbprint":"721DBF499A4B0294553FC873D6A0493BD3631B77","isVerified":false,"created":"Tue,
        29 Jun 2021 04:08:55 GMT","updated":"Tue, 29 Jun 2021 04:08:55 GMT","certificate":null},"id":"/subscriptions/00000000-0000-0000-0000-000000000000/resourceGroups/clitest.rg000001/providers/Microsoft.Devices/provisioningServices/dps000002/certificates/certificate000005","name":"certificate000005","type":"Microsoft.Devices/provisioningServices/Certificates","etag":"AAAAAAnXm4M="}'
    headers:
      cache-control:
      - no-cache
      content-length:
      - '639'
      content-type:
      - application/json; charset=utf-8
      date:
      - Tue, 29 Jun 2021 04:08:54 GMT
      expires:
      - '-1'
      pragma:
      - no-cache
      server:
      - Microsoft-HTTPAPI/2.0
      strict-transport-security:
      - max-age=31536000; includeSubDomains
      transfer-encoding:
      - chunked
      vary:
      - Accept-Encoding
      x-content-type-options:
      - nosniff
      x-ms-ratelimit-remaining-subscription-writes:
      - '1197'
    status:
      code: 200
      message: OK
- request:
    body: null
    headers:
      Accept:
      - application/json
      Accept-Encoding:
      - gzip, deflate
      CommandName:
      - iot dps certificate list
      Connection:
      - keep-alive
      Content-Type:
      - application/json; charset=utf-8
      ParameterSetName:
      - --dps-name -g
      User-Agent:
      - python/3.8.10 (Windows-10-10.0.19043-SP0) msrest/0.6.21 msrest_azure/0.6.3
        azure-mgmt-iothubprovisioningservices/0.2.0 Azure-SDK-For-Python AZURECLI/2.25.0
      accept-language:
      - en-US
    method: GET
    uri: https://management.azure.com/subscriptions/00000000-0000-0000-0000-000000000000/resourceGroups/clitest.rg000001/providers/Microsoft.Devices/provisioningServices/dps000002/certificates?api-version=2018-01-22
  response:
    body:
      string: '{"value":[{"properties":{"subject":"TESTCERT000006","expiry":"Fri,
        02 Jul 2021 04:08:51 GMT","thumbprint":"721DBF499A4B0294553FC873D6A0493BD3631B77","isVerified":false,"created":"Tue,
        29 Jun 2021 04:08:55 GMT","updated":"Tue, 29 Jun 2021 04:08:55 GMT","certificate":null},"id":"/subscriptions/00000000-0000-0000-0000-000000000000/resourceGroups/clitest.rg000001/providers/Microsoft.Devices/provisioningServices/dps000002/certificates/certificate000005","name":"certificate000005","type":"Microsoft.Devices/provisioningServices/Certificates","etag":"AAAAAAnXm4M="}]}'
    headers:
      cache-control:
      - no-cache
      content-length:
      - '651'
      content-type:
      - application/json; charset=utf-8
      date:
      - Tue, 29 Jun 2021 04:08:57 GMT
      expires:
      - '-1'
      pragma:
      - no-cache
      server:
      - Microsoft-HTTPAPI/2.0
      strict-transport-security:
      - max-age=31536000; includeSubDomains
      transfer-encoding:
      - chunked
      vary:
      - Accept-Encoding
      x-content-type-options:
      - nosniff
    status:
      code: 200
      message: OK
- request:
    body: null
    headers:
      Accept:
      - application/json
      Accept-Encoding:
      - gzip, deflate
      CommandName:
      - iot dps certificate show
      Connection:
      - keep-alive
      Content-Type:
      - application/json; charset=utf-8
      ParameterSetName:
      - --dps-name -g --name
      User-Agent:
      - python/3.8.10 (Windows-10-10.0.19043-SP0) msrest/0.6.21 msrest_azure/0.6.3
        azure-mgmt-iothubprovisioningservices/0.2.0 Azure-SDK-For-Python AZURECLI/2.25.0
      accept-language:
      - en-US
    method: GET
    uri: https://management.azure.com/subscriptions/00000000-0000-0000-0000-000000000000/resourceGroups/clitest.rg000001/providers/Microsoft.Devices/provisioningServices/dps000002/certificates/certificate000005?api-version=2018-01-22
  response:
    body:
      string: '{"properties":{"subject":"TESTCERT000006","expiry":"Fri, 02 Jul 2021
        04:08:51 GMT","thumbprint":"721DBF499A4B0294553FC873D6A0493BD3631B77","isVerified":false,"created":"Tue,
        29 Jun 2021 04:08:55 GMT","updated":"Tue, 29 Jun 2021 04:08:55 GMT","certificate":null},"id":"/subscriptions/00000000-0000-0000-0000-000000000000/resourceGroups/clitest.rg000001/providers/Microsoft.Devices/provisioningServices/dps000002/certificates/certificate000005","name":"certificate000005","type":"Microsoft.Devices/provisioningServices/Certificates","etag":"AAAAAAnXm4M="}'
    headers:
      cache-control:
      - no-cache
      content-length:
      - '639'
      content-type:
      - application/json; charset=utf-8
      date:
      - Tue, 29 Jun 2021 04:08:59 GMT
      expires:
      - '-1'
      pragma:
      - no-cache
      server:
      - Microsoft-HTTPAPI/2.0
      strict-transport-security:
      - max-age=31536000; includeSubDomains
      transfer-encoding:
      - chunked
      vary:
      - Accept-Encoding
      x-content-type-options:
      - nosniff
    status:
      code: 200
      message: OK
- request:
    body: null
    headers:
      Accept:
      - application/json
      Accept-Encoding:
      - gzip, deflate
      CommandName:
      - iot dps certificate update
      Connection:
      - keep-alive
      Content-Type:
      - application/json; charset=utf-8
      ParameterSetName:
      - --dps-name -g --name -p --etag
      User-Agent:
      - python/3.8.10 (Windows-10-10.0.19043-SP0) msrest/0.6.21 msrest_azure/0.6.3
        azure-mgmt-iothubprovisioningservices/0.2.0 Azure-SDK-For-Python AZURECLI/2.25.0
      accept-language:
      - en-US
    method: GET
    uri: https://management.azure.com/subscriptions/00000000-0000-0000-0000-000000000000/resourceGroups/clitest.rg000001/providers/Microsoft.Devices/provisioningServices/dps000002/certificates?api-version=2018-01-22
  response:
    body:
      string: '{"value":[{"properties":{"subject":"TESTCERT000006","expiry":"Fri,
        02 Jul 2021 04:08:51 GMT","thumbprint":"721DBF499A4B0294553FC873D6A0493BD3631B77","isVerified":false,"created":"Tue,
        29 Jun 2021 04:08:55 GMT","updated":"Tue, 29 Jun 2021 04:08:55 GMT","certificate":null},"id":"/subscriptions/00000000-0000-0000-0000-000000000000/resourceGroups/clitest.rg000001/providers/Microsoft.Devices/provisioningServices/dps000002/certificates/certificate000005","name":"certificate000005","type":"Microsoft.Devices/provisioningServices/Certificates","etag":"AAAAAAnXm4M="}]}'
    headers:
      cache-control:
      - no-cache
      content-length:
      - '651'
      content-type:
      - application/json; charset=utf-8
      date:
      - Tue, 29 Jun 2021 04:09:01 GMT
      expires:
      - '-1'
      pragma:
      - no-cache
      server:
      - Microsoft-HTTPAPI/2.0
      strict-transport-security:
      - max-age=31536000; includeSubDomains
      transfer-encoding:
      - chunked
      vary:
      - Accept-Encoding
      x-content-type-options:
      - nosniff
    status:
      code: 200
      message: OK
- request:
    body: '{"certificate": "-----BEGIN CERTIFICATE-----\r\nMIIDHTCCAgWgAwIBAgIIagznf83lCSkwDQYJKoZIhvcNAQELBQAwIzEhMB8GA1UE\r\nAwwYVEVTVENFUlR0Ym55N2Vzd3ZwbHJpYzZiMB4XDTIxMDYyODA0MDg1MVoXDTIx\r\nMDcwMjA0MDg1MVowIzEhMB8GA1UEAwwYVEVTVENFUlR0Ym55N2Vzd3ZwbHJpYzZi\r\nMIIBITANBgkqhkiG9w0BAQEFAAOCAQ4AMIIBCQKCAQAyZDhkRH2FYsrzamTSg7Jp\r\naYNpqGAwByjc5P2ulsgt+mRxeNDpJ8PhEFzFGOB2Lhs6cwNRXVcoj6R+Cc5jUJMV\r\nc8i38kHySGCjto8QafM+4S7DhYD8OVJbXv6ZTUk2skgFP1FWl50CfevWCL2z15OM\r\n8HgbsPjSsAt8O2NQovmfeYTlkpB/pFS+Q7bmSAeJAhfs/5HU7SfFSRVAUCFhQA+I\r\nOIKQx92UH88PKfQFWQmJfQqwSa9qe0mgWUxR4AWSn9KuXDIddvfuYLGA4hyPWW31\r\nRpw24m1UAVqLK+SakvBdxtgE56Y/tnkoPMAwFbJNOrFsKK3NnhVbFgb0Lr0iHDjT\r\nAgMBAAGjVjBUMBIGA1UdEwEB/wQIMAYBAf8CAQEwHQYDVR0OBBYEFNo5o+5ea0sN\r\nMlW/75VgGJCv2AcJMB8GA1UdIwQYMBaAFNo5o+5ea0sNMlW/75VgGJCv2AcJMA0G\r\nCSqGSIb3DQEBCwUAA4IBAQAU1NsUp6r9Y4V+vRzxTv6DCs1wfq7HQOC+kEZcHXPc\r\nMgfjxXzt/j7g3wBI6u710CuvSdHKkMdjOkvKuto0iQq+In+C54pKkPCiaRYh9hDo\r\n0jYKY0yuo0M7eyAwfRS1+acXZ/xw8Cu07FCz2zBxX2be0Z1Msahs8qOVbdDTiESd\r\nnr2jzh00rq1H8eNoREFsDP1OBTOXJwoDbchxxkvtSo9Duc9Sr+2hmwDJFmsU/8zX\r\nsoyOBCj5Kl5sApwthBouB8Dhozj6yyQghQyV72cyk29zdc/x7mrM5gITlmQR0myd\r\nU+9KzxjMgajZIz4pVwBx76IACXFipz2bG1z45Vis66y6\r\n-----END
      CERTIFICATE-----\r\n"}'
    headers:
      Accept:
      - application/json
      Accept-Encoding:
      - gzip, deflate
      CommandName:
      - iot dps certificate update
      Connection:
      - keep-alive
      Content-Length:
      - '1215'
      Content-Type:
      - application/json; charset=utf-8
      If-Match:
      - AAAAAAnXm4M=
      ParameterSetName:
      - --dps-name -g --name -p --etag
      User-Agent:
      - python/3.8.10 (Windows-10-10.0.19043-SP0) msrest/0.6.21 msrest_azure/0.6.3
        azure-mgmt-iothubprovisioningservices/0.2.0 Azure-SDK-For-Python AZURECLI/2.25.0
      accept-language:
      - en-US
    method: PUT
    uri: https://management.azure.com/subscriptions/00000000-0000-0000-0000-000000000000/resourceGroups/clitest.rg000001/providers/Microsoft.Devices/provisioningServices/dps000002/certificates/certificate000005?api-version=2018-01-22
  response:
    body:
      string: '{"properties":{"subject":"TESTCERT000006","expiry":"Fri, 02 Jul 2021
        04:08:51 GMT","thumbprint":"721DBF499A4B0294553FC873D6A0493BD3631B77","isVerified":false,"created":"Tue,
        29 Jun 2021 04:08:55 GMT","updated":"Tue, 29 Jun 2021 04:09:02 GMT","certificate":null},"id":"/subscriptions/00000000-0000-0000-0000-000000000000/resourceGroups/clitest.rg000001/providers/Microsoft.Devices/provisioningServices/dps000002/certificates/certificate000005","name":"certificate000005","type":"Microsoft.Devices/provisioningServices/Certificates","etag":"AAAAAAnXm50="}'
    headers:
      cache-control:
      - no-cache
      content-length:
      - '639'
      content-type:
      - application/json; charset=utf-8
      date:
      - Tue, 29 Jun 2021 04:09:02 GMT
      expires:
      - '-1'
      pragma:
      - no-cache
      server:
      - Microsoft-HTTPAPI/2.0
      strict-transport-security:
      - max-age=31536000; includeSubDomains
      transfer-encoding:
      - chunked
      vary:
      - Accept-Encoding
      x-content-type-options:
      - nosniff
      x-ms-ratelimit-remaining-subscription-writes:
      - '1197'
    status:
      code: 200
      message: OK
- request:
    body: null
    headers:
      Accept:
      - application/json
      Accept-Encoding:
      - gzip, deflate
      CommandName:
      - iot dps certificate generate-verification-code
      Connection:
      - keep-alive
      Content-Length:
      - '0'
      Content-Type:
      - application/json; charset=utf-8
      If-Match:
      - AAAAAAnXm50=
      ParameterSetName:
      - --dps-name -g -n --etag
      User-Agent:
      - python/3.8.10 (Windows-10-10.0.19043-SP0) msrest/0.6.21 msrest_azure/0.6.3
        azure-mgmt-iothubprovisioningservices/0.2.0 Azure-SDK-For-Python AZURECLI/2.25.0
      accept-language:
      - en-US
    method: POST
    uri: https://management.azure.com/subscriptions/00000000-0000-0000-0000-000000000000/resourceGroups/clitest.rg000001/providers/Microsoft.Devices/provisioningServices/dps000002/certificates/certificate000005/generateVerificationCode?api-version=2018-01-22
  response:
    body:
      string: '{"properties":{"verificationCode":"37968954DCE56E73377816F664AA8965A8E94726A1B516DD","subject":"TESTCERT000006","expiry":"Fri,
        02 Jul 2021 04:08:51 GMT","thumbprint":"721DBF499A4B0294553FC873D6A0493BD3631B77","isVerified":false,"created":"Tue,
        29 Jun 2021 04:08:55 GMT","updated":"Tue, 29 Jun 2021 04:09:05 GMT","certificate":"MIIDHTCCAgWgAwIBAgIIagznf83lCSkwDQYJKoZIhvcNAQELBQAwIzEhMB8GA1UEAwwYVEVTVENFUlR0Ym55N2Vzd3ZwbHJpYzZiMB4XDTIxMDYyODA0MDg1MVoXDTIxMDcwMjA0MDg1MVowIzEhMB8GA1UEAwwYVEVTVENFUlR0Ym55N2Vzd3ZwbHJpYzZiMIIBITANBgkqhkiG9w0BAQEFAAOCAQ4AMIIBCQKCAQAyZDhkRH2FYsrzamTSg7JpaYNpqGAwByjc5P2ulsgt+mRxeNDpJ8PhEFzFGOB2Lhs6cwNRXVcoj6R+Cc5jUJMVc8i38kHySGCjto8QafM+4S7DhYD8OVJbXv6ZTUk2skgFP1FWl50CfevWCL2z15OM8HgbsPjSsAt8O2NQovmfeYTlkpB/pFS+Q7bmSAeJAhfs/5HU7SfFSRVAUCFhQA+IOIKQx92UH88PKfQFWQmJfQqwSa9qe0mgWUxR4AWSn9KuXDIddvfuYLGA4hyPWW31Rpw24m1UAVqLK+SakvBdxtgE56Y/tnkoPMAwFbJNOrFsKK3NnhVbFgb0Lr0iHDjTAgMBAAGjVjBUMBIGA1UdEwEB/wQIMAYBAf8CAQEwHQYDVR0OBBYEFNo5o+5ea0sNMlW/75VgGJCv2AcJMB8GA1UdIwQYMBaAFNo5o+5ea0sNMlW/75VgGJCv2AcJMA0GCSqGSIb3DQEBCwUAA4IBAQAU1NsUp6r9Y4V+vRzxTv6DCs1wfq7HQOC+kEZcHXPcMgfjxXzt/j7g3wBI6u710CuvSdHKkMdjOkvKuto0iQq+In+C54pKkPCiaRYh9hDo0jYKY0yuo0M7eyAwfRS1+acXZ/xw8Cu07FCz2zBxX2be0Z1Msahs8qOVbdDTiESdnr2jzh00rq1H8eNoREFsDP1OBTOXJwoDbchxxkvtSo9Duc9Sr+2hmwDJFmsU/8zXsoyOBCj5Kl5sApwthBouB8Dhozj6yyQghQyV72cyk29zdc/x7mrM5gITlmQR0mydU+9KzxjMgajZIz4pVwBx76IACXFipz2bG1z45Vis66y6"},"id":"/subscriptions/00000000-0000-0000-0000-000000000000/resourceGroups/clitest.rg000001/providers/Microsoft.Devices/provisioningServices/dps000002/certificates/certificate000005","name":"certificate000005","type":"Microsoft.Devices/provisioningServices/Certificates","etag":"AAAAAAnXm6s="}'
    headers:
      cache-control:
      - no-cache
      content-length:
      - '1775'
      content-type:
      - application/json; charset=utf-8
      date:
      - Tue, 29 Jun 2021 04:09:04 GMT
      expires:
      - '-1'
      pragma:
      - no-cache
      server:
      - Microsoft-HTTPAPI/2.0
      strict-transport-security:
      - max-age=31536000; includeSubDomains
      transfer-encoding:
      - chunked
      vary:
      - Accept-Encoding
      x-content-type-options:
      - nosniff
      x-ms-ratelimit-remaining-subscription-writes:
      - '1199'
    status:
      code: 200
      message: OK
- request:
    body: '{"certificate": "-----BEGIN CERTIFICATE-----\r\nMIIDAjCCAeqgAwIBAgIIMSIEOxauLoEwDQYJKoZIhvcNAQELBQAwIzEhMB8GA1UE\r\nAwwYVEVTVENFUlR0Ym55N2Vzd3ZwbHJpYzZiMB4XDTIxMDYyODA0MDkwNFoXDTIx\r\nMDcwMjA0MDkwNFowOzE5MDcGA1UEAwwwMzc5Njg5NTREQ0U1NkU3MzM3NzgxNkY2\r\nNjRBQTg5NjVBOEU5NDcyNkExQjUxNkREMIIBITANBgkqhkiG9w0BAQEFAAOCAQ4A\r\nMIIBCQKCAQAv5mxrRTJgjXZkjn2FlarCm1blECcWubx7P4uMqm7dSdynYGhNlnk9\r\n4k0UogqqkC7vdsjK+LDv7o6BjHJZbwUvcuznmvQ4yJlT81Vxp6oiGUdeCns5U27P\r\ne5+RmcSOrtRBq2PAAEXmZr8lqzkvaapb628kMGCg4R9I11a3k0Y2sa0qQHIKUFxD\r\nV3gsWO6zsZa+MgDy8EkjI6IHnPOYa9KyPjPZnxoo+SkaLM+jGb0Yzh19hi+Dsr8g\r\nfJI/UHjQp7mfdPIjUPtSOVpWA7mSHCPUlI54h2qcdqquRw4HK3u/+pWnqQ7E4od3\r\nIPqC74/qGkSLejTJhiRHxgiVceNmJCKjAgMBAAGjIzAhMB8GA1UdIwQYMBaAFNo5\r\no+5ea0sNMlW/75VgGJCv2AcJMA0GCSqGSIb3DQEBCwUAA4IBAQAyQ1ObI0Sh9cjy\r\nilGhqJhp6c31E3cKWF7fnzsnYcN955D/XNIsTaEJl1+zbIFoZ4DSwp/393sSWKqq\r\nwruqqK1P7z2zwI7OCr82NAijCO1B9TgVty1bMVnUzsLOst96uc5GnsnmPgzAslU4\r\neRU5eOS2RrbsZLct9iDaqa7rJm3x9PggRdgwq3uVsI2fsYsGmO0Ogf6KI2yjeqnk\r\n3vWthVnc/Y4HIn87X/Dhu0C99ZGrCmQ3QEAFFhfkSmdfbwgAoTOKIV2F0uBxpB8F\r\nRnWw7i8v4KrOGZZSnPVG/2z9ZdS0kY76x3Qn32bTcb/bj5N3AIJGsmnvUFdgBm01\r\n/SSa788h\r\n-----END
      CERTIFICATE-----\r\n"}'
    headers:
      Accept:
      - application/json
      Accept-Encoding:
      - gzip, deflate
      CommandName:
      - iot dps certificate verify
      Connection:
      - keep-alive
      Content-Length:
      - '1179'
      Content-Type:
      - application/json; charset=utf-8
      If-Match:
      - AAAAAAnXm6s=
      ParameterSetName:
      - --dps-name -g -n -p --etag
      User-Agent:
      - python/3.8.10 (Windows-10-10.0.19043-SP0) msrest/0.6.21 msrest_azure/0.6.3
        azure-mgmt-iothubprovisioningservices/0.2.0 Azure-SDK-For-Python AZURECLI/2.25.0
      accept-language:
      - en-US
    method: POST
    uri: https://management.azure.com/subscriptions/00000000-0000-0000-0000-000000000000/resourceGroups/clitest.rg000001/providers/Microsoft.Devices/provisioningServices/dps000002/certificates/certificate000005/verify?api-version=2018-01-22
  response:
    body:
      string: '{"properties":{"subject":"TESTCERT000006","expiry":"Fri, 02 Jul 2021
        04:08:51 GMT","thumbprint":"721DBF499A4B0294553FC873D6A0493BD3631B77","isVerified":true,"created":"Tue,
        29 Jun 2021 04:08:55 GMT","updated":"Tue, 29 Jun 2021 04:09:07 GMT","certificate":null},"id":"/subscriptions/00000000-0000-0000-0000-000000000000/resourceGroups/clitest.rg000001/providers/Microsoft.Devices/provisioningServices/dps000002/certificates/certificate000005","name":"certificate000005","type":"Microsoft.Devices/provisioningServices/Certificates","etag":"AAAAAAnXm7g="}'
    headers:
      cache-control:
      - no-cache
      content-length:
      - '638'
      content-type:
      - application/json; charset=utf-8
      date:
      - Tue, 29 Jun 2021 04:09:07 GMT
      expires:
      - '-1'
      pragma:
      - no-cache
      server:
      - Microsoft-HTTPAPI/2.0
      strict-transport-security:
      - max-age=31536000; includeSubDomains
      transfer-encoding:
      - chunked
      vary:
      - Accept-Encoding
      x-content-type-options:
      - nosniff
      x-ms-ratelimit-remaining-subscription-writes:
      - '1199'
    status:
      code: 200
      message: OK
- request:
    body: null
    headers:
      Accept:
      - application/json
      Accept-Encoding:
      - gzip, deflate
      CommandName:
      - iot dps certificate delete
      Connection:
      - keep-alive
      Content-Length:
      - '0'
      Content-Type:
      - application/json; charset=utf-8
      If-Match:
      - AAAAAAnXm7g=
      ParameterSetName:
      - --dps-name -g --name --etag
      User-Agent:
      - python/3.8.10 (Windows-10-10.0.19043-SP0) msrest/0.6.21 msrest_azure/0.6.3
        azure-mgmt-iothubprovisioningservices/0.2.0 Azure-SDK-For-Python AZURECLI/2.25.0
      accept-language:
      - en-US
    method: DELETE
    uri: https://management.azure.com/subscriptions/00000000-0000-0000-0000-000000000000/resourceGroups/clitest.rg000001/providers/Microsoft.Devices/provisioningServices/dps000002/certificates/certificate000005?api-version=2018-01-22
  response:
    body:
      string: ''
    headers:
      cache-control:
      - no-cache
      content-length:
      - '0'
      date:
      - Tue, 29 Jun 2021 04:09:09 GMT
      expires:
      - '-1'
      pragma:
      - no-cache
      server:
      - Microsoft-HTTPAPI/2.0
      strict-transport-security:
      - max-age=31536000; includeSubDomains
      x-content-type-options:
      - nosniff
      x-ms-ratelimit-remaining-subscription-deletes:
      - '14999'
    status:
      code: 200
      message: OK
- request:
    body: null
    headers:
      Accept:
      - application/json
      Accept-Encoding:
      - gzip, deflate
      CommandName:
      - iot hub policy create
      Connection:
      - keep-alive
      ParameterSetName:
      - --hub-name -n --permissions
      User-Agent:
      - AZURECLI/2.25.0 azsdk-python-azure-mgmt-iothub/2.0.0 Python/3.8.10 (Windows-10-10.0.19043-SP0)
    method: GET
    uri: https://management.azure.com/subscriptions/00000000-0000-0000-0000-000000000000/providers/Microsoft.Devices/IotHubs?api-version=2021-03-31
  response:
    body:
      string: '{"value":[{"id":"/subscriptions/00000000-0000-0000-0000-000000000000/resourceGroups/clitest.rg000001/providers/Microsoft.Devices/IotHubs/iot000003","name":"iot000003","type":"Microsoft.Devices/IotHubs","location":"westus","tags":{},"subscriptionid":"a1bfa635-f2bf-42f1-86b5-848c674fc321","resourcegroup":"clitest.rg000001","etag":"AAAADFDUaZA=","properties":{"locations":[{"location":"West
        US","role":"primary"},{"location":"East US","role":"secondary"}],"state":"Active","provisioningState":"Succeeded","ipFilterRules":[],"hostName":"iot000003.azure-devices.net","eventHubEndpoints":{"events":{"retentionTimeInDays":1,"partitionCount":4,"partitionIds":["0","1","2","3"],"path":"iot000003","endpoint":"sb://iothub-ns-iotmvrsar5-12851992-60afbd5264.servicebus.windows.net/"}},"routing":{"endpoints":{"serviceBusQueues":[],"serviceBusTopics":[],"eventHubs":[],"storageContainers":[]},"routes":[],"fallbackRoute":{"name":"$fallback","source":"DeviceMessages","condition":"true","endpointNames":["events"],"isEnabled":true}},"storageEndpoints":{"$default":{"sasTtlAsIso8601":"PT1H","connectionString":"","containerName":""}},"messagingEndpoints":{"fileNotifications":{"lockDurationAsIso8601":"PT1M","ttlAsIso8601":"PT1H","maxDeliveryCount":10}},"enableFileUploadNotifications":false,"cloudToDevice":{"maxDeliveryCount":10,"defaultTtlAsIso8601":"PT1H","feedback":{"lockDurationAsIso8601":"PT5S","ttlAsIso8601":"PT1H","maxDeliveryCount":10}},"features":"None"},"sku":{"name":"S1","tier":"Standard","capacity":1},"identity":{"type":"None"}},{"id":"/subscriptions/00000000-0000-0000-0000-000000000000/resourceGroups/clitest.rgzxgomn4wxg54iqjqg6oqm2e3iuqxzqfnitl6durgsl3remiafthtoyb7wu7nw7255/providers/Microsoft.Devices/IotHubs/identitytesthubof77gzlom2t5uihap","name":"identitytesthubof77gzlom2t5uihap","type":"Microsoft.Devices/IotHubs","location":"westus2","tags":{},"subscriptionid":"a1bfa635-f2bf-42f1-86b5-848c674fc321","resourcegroup":"clitest.rgzxgomn4wxg54iqjqg6oqm2e3iuqxzqfnitl6durgsl3remiafthtoyb7wu7nw7255","etag":"AAAADFDUkDU=","properties":{"locations":[{"location":"West
        US 2","role":"primary"},{"location":"West Central US","role":"secondary"}],"state":"Active","provisioningState":"Succeeded","ipFilterRules":[],"hostName":"identitytesthubof77gzlom2t5uihap.azure-devices.net","eventHubEndpoints":{"events":{"retentionTimeInDays":4,"partitionCount":4,"partitionIds":["0","1","2","3"],"path":"identitytesthubof77gzlom2","endpoint":"sb://iothub-ns-identityte-12852045-5f6c872f7f.servicebus.windows.net/"}},"routing":{"endpoints":{"serviceBusQueues":[],"serviceBusTopics":[],"eventHubs":[],"storageContainers":[]},"routes":[],"fallbackRoute":{"name":"$fallback","source":"DeviceMessages","condition":"true","endpointNames":["events"],"isEnabled":true}},"storageEndpoints":{"$default":{"sasTtlAsIso8601":"PT1H","connectionString":"DefaultEndpointsProtocol=https;EndpointSuffix=core.windows.net;AccountName=clitestzhilxcmrul25owuxk;AccountKey=****","containerName":"iothubcontainer","authenticationType":"identityBased"}},"messagingEndpoints":{"fileNotifications":{"lockDurationAsIso8601":"PT1M","ttlAsIso8601":"P1DT8H","maxDeliveryCount":80}},"enableFileUploadNotifications":true,"cloudToDevice":{"maxDeliveryCount":46,"defaultTtlAsIso8601":"P1DT10H","feedback":{"lockDurationAsIso8601":"PT10S","ttlAsIso8601":"P1DT19H","maxDeliveryCount":76}},"features":"None","minTlsVersion":"1.2"},"sku":{"name":"S1","tier":"Standard","capacity":1},"identity":{"tenantId":"72f988bf-86f1-41af-91ab-2d7cd011db47","type":"SystemAssigned,
        UserAssigned","userAssignedIdentities":{"/subscriptions/00000000-0000-0000-0000-000000000000/resourcegroups/clitest.rgzxgomn4wxg54iqjqg6oqm2e3iuqxzqfnitl6durgsl3remiafthtoyb7wu7nw7255/providers/Microsoft.ManagedIdentity/userAssignedIdentities/iot-user-identityuz775sjfpqjmunt":{"clientId":"58b88f9d-d373-4d3f-9a92-a916a52ad9ab","principalId":"839ede46-b0b8-4bba-882e-2cd01320aaba"}},"principalId":"e00f6e02-862a-40cf-a60f-a36ed0972a2d"}},{"id":"/subscriptions/00000000-0000-0000-0000-000000000000/resourceGroups/clitest.rgupffciqp6na5fehoblcmtjkn7fm56egzzsveuinjignmzbi2gvldowq3vfav5lgsp/providers/Microsoft.Devices/IotHubs/iot-hub-for-test-11hixhmuw3y43ci","name":"iot-hub-for-test-11hixhmuw3y43ci","type":"Microsoft.Devices/IotHubs","location":"westus2","tags":{"e":"f","g":"h"},"subscriptionid":"a1bfa635-f2bf-42f1-86b5-848c674fc321","resourcegroup":"clitest.rgupffciqp6na5fehoblcmtjkn7fm56egzzsveuinjignmzbi2gvldowq3vfav5lgsp","etag":"AAAADFDUojc=","properties":{"locations":[{"location":"West
        US 2","role":"primary"},{"location":"West Central US","role":"secondary"}],"state":"Transitioning","provisioningState":"Transitioning","ipFilterRules":[],"hostName":"iot-hub-for-test-11hixhmuw3y43ci.azure-devices.net","eventHubEndpoints":{"events":{"retentionTimeInDays":4,"partitionCount":4,"partitionIds":["0","1","2","3"],"path":"iot-hub-for-test-11hixhmu","endpoint":"sb://iothub-ns-iot-hub-fo-12852088-3ee9cf75d8.servicebus.windows.net/"}},"routing":{"endpoints":{"serviceBusQueues":[],"serviceBusTopics":[],"eventHubs":[],"storageContainers":[]},"routes":[],"fallbackRoute":{"name":"$fallback","source":"DeviceMessages","condition":"true","endpointNames":["events"],"isEnabled":true}},"storageEndpoints":{"$default":{"sasTtlAsIso8601":"PT3H","connectionString":"DefaultEndpointsProtocol=https;EndpointSuffix=core.windows.net;AccountName=clitestq3p7xjra2ktyiovd7;AccountKey=****","containerName":"iothubcontainer13dhv6vwn"}},"messagingEndpoints":{"fileNotifications":{"lockDurationAsIso8601":"PT1M","ttlAsIso8601":"P1DT8H","maxDeliveryCount":80}},"enableFileUploadNotifications":true,"cloudToDevice":{"maxDeliveryCount":46,"defaultTtlAsIso8601":"P1DT10H","feedback":{"lockDurationAsIso8601":"PT10S","ttlAsIso8601":"P1DT19H","maxDeliveryCount":76}},"features":"None","minTlsVersion":"1.2"},"sku":{"name":"S1","tier":"Standard","capacity":1},"identity":{"type":"None"}}]}'
    headers:
      cache-control:
      - no-cache
      content-length:
      - '6061'
      content-type:
      - application/json; charset=utf-8
      date:
      - Tue, 29 Jun 2021 04:09:09 GMT
      expires:
      - '-1'
      pragma:
      - no-cache
      server:
      - Microsoft-HTTPAPI/2.0
      strict-transport-security:
      - max-age=31536000; includeSubDomains
      transfer-encoding:
      - chunked
      vary:
      - Accept-Encoding
      x-content-type-options:
      - nosniff
    status:
      code: 200
      message: OK
- request:
    body: null
    headers:
      Accept:
      - application/json
      Accept-Encoding:
      - gzip, deflate
      CommandName:
      - iot hub policy create
      Connection:
      - keep-alive
      Content-Length:
      - '0'
      ParameterSetName:
      - --hub-name -n --permissions
      User-Agent:
      - AZURECLI/2.25.0 azsdk-python-azure-mgmt-iothub/2.0.0 Python/3.8.10 (Windows-10-10.0.19043-SP0)
    method: POST
    uri: https://management.azure.com/subscriptions/00000000-0000-0000-0000-000000000000/resourceGroups/clitest.rg000001/providers/Microsoft.Devices/IotHubs/iot000003/listkeys?api-version=2021-03-31
  response:
    body:
      string: '{"value":[{"keyName":"iothubowner","primaryKey":"iSoHGEMFKMJ04O9Jm4QtaY7eQeqX29/YSxV83Se2nok=","secondaryKey":"jcjnKW/VB4OeqZYinjzJG8Zkoz8STkBofy0h2zZk2QM=","rights":"RegistryWrite,
        ServiceConnect, DeviceConnect"},{"keyName":"service","primaryKey":"wpDqG4nfDLgp851+5KJXXT3u9MnzBEa3rjmcD7vWPTE=","secondaryKey":"UkU4WrIxtLGHDQqFAd5rtmqPs5DRYUeUoM1aHfR3UDY=","rights":"ServiceConnect"},{"keyName":"device","primaryKey":"2bqhKKYc4fb7Hni9Vy8Km32UmVM0tYUrbPmVmuPtSn8=","secondaryKey":"1Ee6YYViwHQ/2E9/x91ILB1zyHPP5R1JLYyk07oOgzU=","rights":"DeviceConnect"},{"keyName":"registryRead","primaryKey":"3G90UbrGowT1PBs8cHVTJuX5MyWNkAfVQpR+O1XF3nE=","secondaryKey":"4m3Poxn9KhAEZZWZSg9+iOmKfHikI6uOTdnI5DIcNZo=","rights":"RegistryRead"},{"keyName":"registryReadWrite","primaryKey":"MoVbPOTDBqq3tvGv5b0+6QrU52pjg+MkCtfxbHi0yUY=","secondaryKey":"YMkccfVAF3rp3ZBr/WrcotkCkAl5cwv3R3/EeRHF/DM=","rights":"RegistryWrite"}]}'
    headers:
      cache-control:
      - no-cache
      content-length:
      - '905'
      content-type:
      - application/json; charset=utf-8
      date:
      - Tue, 29 Jun 2021 04:09:10 GMT
      expires:
      - '-1'
      pragma:
      - no-cache
      server:
      - Microsoft-HTTPAPI/2.0
      strict-transport-security:
      - max-age=31536000; includeSubDomains
      transfer-encoding:
      - chunked
      vary:
      - Accept-Encoding
      x-content-type-options:
      - nosniff
      x-ms-ratelimit-remaining-subscription-writes:
      - '1198'
    status:
      code: 200
      message: OK
- request:
    body: '{"location": "westus", "tags": {}, "etag": "AAAADFDUaZA=", "properties":
      {"authorizationPolicies": [{"keyName": "iothubowner", "primaryKey": "iSoHGEMFKMJ04O9Jm4QtaY7eQeqX29/YSxV83Se2nok=",
      "secondaryKey": "jcjnKW/VB4OeqZYinjzJG8Zkoz8STkBofy0h2zZk2QM=", "rights": "RegistryWrite,
      ServiceConnect, DeviceConnect"}, {"keyName": "service", "primaryKey": "wpDqG4nfDLgp851+5KJXXT3u9MnzBEa3rjmcD7vWPTE=",
      "secondaryKey": "UkU4WrIxtLGHDQqFAd5rtmqPs5DRYUeUoM1aHfR3UDY=", "rights": "ServiceConnect"},
      {"keyName": "device", "primaryKey": "2bqhKKYc4fb7Hni9Vy8Km32UmVM0tYUrbPmVmuPtSn8=",
      "secondaryKey": "1Ee6YYViwHQ/2E9/x91ILB1zyHPP5R1JLYyk07oOgzU=", "rights": "DeviceConnect"},
      {"keyName": "registryRead", "primaryKey": "3G90UbrGowT1PBs8cHVTJuX5MyWNkAfVQpR+O1XF3nE=",
      "secondaryKey": "4m3Poxn9KhAEZZWZSg9+iOmKfHikI6uOTdnI5DIcNZo=", "rights": "RegistryRead"},
      {"keyName": "registryReadWrite", "primaryKey": "MoVbPOTDBqq3tvGv5b0+6QrU52pjg+MkCtfxbHi0yUY=",
      "secondaryKey": "YMkccfVAF3rp3ZBr/WrcotkCkAl5cwv3R3/EeRHF/DM=", "rights": "RegistryWrite"},
      {"keyName": "key000007", "rights": "RegistryWrite"}], "ipFilterRules": [], "eventHubEndpoints":
      {"events": {"retentionTimeInDays": 1, "partitionCount": 4}}, "routing": {"endpoints":
      {"serviceBusQueues": [], "serviceBusTopics": [], "eventHubs": [], "storageContainers":
      []}, "routes": [], "fallbackRoute": {"name": "$fallback", "source": "DeviceMessages",
      "condition": "true", "endpointNames": ["events"], "isEnabled": true}}, "storageEndpoints":
      {"$default": {"sasTtlAsIso8601": "PT1H", "connectionString": "", "containerName":
      ""}}, "messagingEndpoints": {"fileNotifications": {"lockDurationAsIso8601":
      "PT1M", "ttlAsIso8601": "PT1H", "maxDeliveryCount": 10}}, "enableFileUploadNotifications":
      false, "cloudToDevice": {"maxDeliveryCount": 10, "defaultTtlAsIso8601": "PT1H",
      "feedback": {"lockDurationAsIso8601": "PT5S", "ttlAsIso8601": "PT1H", "maxDeliveryCount":
      10}}, "features": "None"}, "sku": {"name": "S1", "capacity": 1}, "identity":
      {"type": "None"}}'
    headers:
      Accept:
      - application/json
      Accept-Encoding:
      - gzip, deflate
      CommandName:
      - iot hub policy create
      Connection:
      - keep-alive
      Content-Length:
      - '2004'
      Content-Type:
      - application/json
      If-Match:
      - '{''IF-MATCH'': ''AAAADFDUaZA=''}'
      ParameterSetName:
      - --hub-name -n --permissions
      User-Agent:
      - AZURECLI/2.25.0 azsdk-python-azure-mgmt-iothub/2.0.0 Python/3.8.10 (Windows-10-10.0.19043-SP0)
    method: PUT
    uri: https://management.azure.com/subscriptions/00000000-0000-0000-0000-000000000000/resourceGroups/clitest.rg000001/providers/Microsoft.Devices/IotHubs/iot000003?api-version=2021-03-31
  response:
    body:
      string: '{"id":"/subscriptions/00000000-0000-0000-0000-000000000000/resourceGroups/clitest.rg000001/providers/Microsoft.Devices/IotHubs/iot000003","name":"iot000003","type":"Microsoft.Devices/IotHubs","location":"westus","tags":{},"subscriptionid":"a1bfa635-f2bf-42f1-86b5-848c674fc321","resourcegroup":"clitest.rg000001","etag":"AAAADFDUaZA=","properties":{"operationsMonitoringProperties":{"events":{"None":"None","Connections":"None","DeviceTelemetry":"None","C2DCommands":"None","DeviceIdentityOperations":"None","FileUploadOperations":"None","Routes":"None"}},"provisioningState":"Accepted","authorizationPolicies":[{"keyName":"iothubowner","primaryKey":"iSoHGEMFKMJ04O9Jm4QtaY7eQeqX29/YSxV83Se2nok=","secondaryKey":"jcjnKW/VB4OeqZYinjzJG8Zkoz8STkBofy0h2zZk2QM=","rights":"RegistryWrite,
        ServiceConnect, DeviceConnect"},{"keyName":"service","primaryKey":"wpDqG4nfDLgp851+5KJXXT3u9MnzBEa3rjmcD7vWPTE=","secondaryKey":"UkU4WrIxtLGHDQqFAd5rtmqPs5DRYUeUoM1aHfR3UDY=","rights":"ServiceConnect"},{"keyName":"device","primaryKey":"2bqhKKYc4fb7Hni9Vy8Km32UmVM0tYUrbPmVmuPtSn8=","secondaryKey":"1Ee6YYViwHQ/2E9/x91ILB1zyHPP5R1JLYyk07oOgzU=","rights":"DeviceConnect"},{"keyName":"registryRead","primaryKey":"3G90UbrGowT1PBs8cHVTJuX5MyWNkAfVQpR+O1XF3nE=","secondaryKey":"4m3Poxn9KhAEZZWZSg9+iOmKfHikI6uOTdnI5DIcNZo=","rights":"RegistryRead"},{"keyName":"registryReadWrite","primaryKey":"MoVbPOTDBqq3tvGv5b0+6QrU52pjg+MkCtfxbHi0yUY=","secondaryKey":"YMkccfVAF3rp3ZBr/WrcotkCkAl5cwv3R3/EeRHF/DM=","rights":"RegistryWrite"},{"keyName":"key000007","primaryKey":"GI+dw5vXntqa03STP93qC5ZGxmdPLwr/LwtgvI+ev4M=","secondaryKey":"nvIVJqk5Gk7oPsMLQX5cvsENDgagT2bwQSiE3UlB/m0=","rights":"RegistryWrite"}],"ipFilterRules":[],"eventHubEndpoints":{"events":{"retentionTimeInDays":1,"partitionCount":4},"operationsMonitoringEvents":{"retentionTimeInDays":1,"partitionCount":4,"partitionIds":["0","1","2","3"],"path":"iot000003-operationmonitoring","endpoint":"sb://iothub-ns-iotmvrsar5-12851992-60afbd5264.servicebus.windows.net/","internalAuthorizationPolicies":[{"ClaimType":"SharedAccessKey","ClaimValue":"None","KeyName":"scaleunitsend-e34fad93-3285-4610-97a6-2ec4a1ea6880-iothub","PrimaryKey":"h3zehCWGm+LGy9xinwu0GMfOlVSUpggwW50ltFRbd84=","SecondaryKey":"9HTHPzB7au941IKxAtDxgB/1xn7YI/Vm7DRmVBlcTow=","Rights":["Send"],"CreatedTime":"Tue,
        29 Jun 2021 04:02:59 GMT","ModifiedTime":"Tue, 29 Jun 2021 04:02:59 GMT"},{"ClaimType":"SharedAccessKey","ClaimValue":"None","KeyName":"owner-7e60cb06-79e7-499a-91da-7507ef05755e-iothub","PrimaryKey":"tSN37zDyAm0fpVouYsAMs4UlhBYWKxwgqpRRF9SBdpU=","SecondaryKey":"akvH5LtoC5wu/ke6yoGC90hP0IxJuMVloAFcPkolPzk=","Rights":["Listen","Manage","Send"],"CreatedTime":"Tue,
        29 Jun 2021 04:02:59 GMT","ModifiedTime":"Tue, 29 Jun 2021 04:02:59 GMT"}],"authorizationPolicies":[{"ClaimType":"SharedAccessKey","ClaimValue":"None","KeyName":"iothubowner","PrimaryKey":"iSoHGEMFKMJ04O9Jm4QtaY7eQeqX29/YSxV83Se2nok=","SecondaryKey":"jcjnKW/VB4OeqZYinjzJG8Zkoz8STkBofy0h2zZk2QM=","Rights":["Listen"],"CreatedTime":"Tue,
        29 Jun 2021 04:02:59 GMT","ModifiedTime":"Tue, 29 Jun 2021 04:02:59 GMT"},{"ClaimType":"SharedAccessKey","ClaimValue":"None","KeyName":"service","PrimaryKey":"wpDqG4nfDLgp851+5KJXXT3u9MnzBEa3rjmcD7vWPTE=","SecondaryKey":"UkU4WrIxtLGHDQqFAd5rtmqPs5DRYUeUoM1aHfR3UDY=","Rights":["Listen"],"CreatedTime":"Tue,
        29 Jun 2021 04:02:59 GMT","ModifiedTime":"Tue, 29 Jun 2021 04:02:59 GMT"}]}},"routing":{"endpoints":{"serviceBusQueues":[],"serviceBusTopics":[],"eventHubs":[],"storageContainers":[],"cosmosDBSqlCollections":[]},"routes":[],"fallbackRoute":{"name":"$fallback","source":"DeviceMessages","condition":"true","endpointNames":["events"],"isEnabled":true}},"storageEndpoints":{"$default":{"sasTtlAsIso8601":"PT1H","connectionString":"","containerName":""}},"messagingEndpoints":{"fileNotifications":{"lockDurationAsIso8601":"PT1M","ttlAsIso8601":"PT1H","maxDeliveryCount":10}},"enableFileUploadNotifications":false,"cloudToDevice":{"maxDeliveryCount":10,"defaultTtlAsIso8601":"PT1H","feedback":{"lockDurationAsIso8601":"PT5S","ttlAsIso8601":"PT1H","maxDeliveryCount":10}},"features":"None"},"sku":{"name":"S1","tier":"Standard","capacity":1},"identity":{"type":"None"}}'
    headers:
      azure-asyncoperation:
      - https://management.azure.com/subscriptions/00000000-0000-0000-0000-000000000000/providers/Microsoft.Devices/operationResults/b3NfaWhfNjE3ZjVjM2YtMjkwNi00NmVjLTg2YTMtNWFhNzY3MjkxMDA0?api-version=2021-03-31&operationSource=os_ih&asyncinfo
      cache-control:
      - no-cache
      content-length:
      - '4348'
      content-type:
      - application/json; charset=utf-8
      date:
      - Tue, 29 Jun 2021 04:09:16 GMT
      expires:
      - '-1'
      pragma:
      - no-cache
      server:
      - Microsoft-HTTPAPI/2.0
      strict-transport-security:
      - max-age=31536000; includeSubDomains
      x-content-type-options:
      - nosniff
      x-ms-ratelimit-remaining-subscription-resource-requests:
      - '4999'
    status:
      code: 201
      message: Created
- request:
    body: null
    headers:
      Accept:
      - '*/*'
      Accept-Encoding:
      - gzip, deflate
      CommandName:
      - iot hub policy create
      Connection:
      - keep-alive
      ParameterSetName:
      - --hub-name -n --permissions
      User-Agent:
      - AZURECLI/2.25.0 azsdk-python-azure-mgmt-iothub/2.0.0 Python/3.8.10 (Windows-10-10.0.19043-SP0)
    method: GET
    uri: https://management.azure.com/subscriptions/00000000-0000-0000-0000-000000000000/providers/Microsoft.Devices/operationResults/b3NfaWhfNjE3ZjVjM2YtMjkwNi00NmVjLTg2YTMtNWFhNzY3MjkxMDA0?api-version=2021-03-31&operationSource=os_ih&asyncinfo
  response:
    body:
      string: '{"status":"Running"}'
    headers:
      cache-control:
      - no-cache
      content-length:
      - '20'
      content-type:
      - application/json; charset=utf-8
      date:
      - Tue, 29 Jun 2021 04:09:47 GMT
      expires:
      - '-1'
      pragma:
      - no-cache
      server:
      - Microsoft-HTTPAPI/2.0
      strict-transport-security:
      - max-age=31536000; includeSubDomains
      transfer-encoding:
      - chunked
      vary:
      - Accept-Encoding
      x-content-type-options:
      - nosniff
    status:
      code: 200
      message: OK
- request:
    body: null
    headers:
      Accept:
      - '*/*'
      Accept-Encoding:
      - gzip, deflate
      CommandName:
      - iot hub policy create
      Connection:
      - keep-alive
      ParameterSetName:
      - --hub-name -n --permissions
      User-Agent:
      - AZURECLI/2.25.0 azsdk-python-azure-mgmt-iothub/2.0.0 Python/3.8.10 (Windows-10-10.0.19043-SP0)
    method: GET
    uri: https://management.azure.com/subscriptions/00000000-0000-0000-0000-000000000000/providers/Microsoft.Devices/operationResults/b3NfaWhfNjE3ZjVjM2YtMjkwNi00NmVjLTg2YTMtNWFhNzY3MjkxMDA0?api-version=2021-03-31&operationSource=os_ih&asyncinfo
  response:
    body:
      string: '{"status":"Succeeded"}'
    headers:
      cache-control:
      - no-cache
      content-length:
      - '22'
      content-type:
      - application/json; charset=utf-8
      date:
      - Tue, 29 Jun 2021 04:10:19 GMT
      expires:
      - '-1'
      pragma:
      - no-cache
      server:
      - Microsoft-HTTPAPI/2.0
      strict-transport-security:
      - max-age=31536000; includeSubDomains
      transfer-encoding:
      - chunked
      vary:
      - Accept-Encoding
      x-content-type-options:
      - nosniff
    status:
      code: 200
      message: OK
- request:
    body: null
    headers:
      Accept:
      - '*/*'
      Accept-Encoding:
      - gzip, deflate
      CommandName:
      - iot hub policy create
      Connection:
      - keep-alive
      ParameterSetName:
      - --hub-name -n --permissions
      User-Agent:
      - AZURECLI/2.25.0 azsdk-python-azure-mgmt-iothub/2.0.0 Python/3.8.10 (Windows-10-10.0.19043-SP0)
    method: GET
    uri: https://management.azure.com/subscriptions/00000000-0000-0000-0000-000000000000/resourceGroups/clitest.rg000001/providers/Microsoft.Devices/IotHubs/iot000003?api-version=2021-03-31
  response:
    body:
      string: '{"id":"/subscriptions/00000000-0000-0000-0000-000000000000/resourceGroups/clitest.rg000001/providers/Microsoft.Devices/IotHubs/iot000003","name":"iot000003","type":"Microsoft.Devices/IotHubs","location":"westus","tags":{},"subscriptionid":"a1bfa635-f2bf-42f1-86b5-848c674fc321","resourcegroup":"clitest.rg000001","etag":"AAAADFDUqrE=","properties":{"locations":[{"location":"West
        US","role":"primary"},{"location":"East US","role":"secondary"}],"state":"Active","provisioningState":"Succeeded","ipFilterRules":[],"hostName":"iot000003.azure-devices.net","eventHubEndpoints":{"events":{"retentionTimeInDays":1,"partitionCount":4,"partitionIds":["0","1","2","3"],"path":"iot000003","endpoint":"sb://iothub-ns-iotmvrsar5-12851992-60afbd5264.servicebus.windows.net/"}},"routing":{"endpoints":{"serviceBusQueues":[],"serviceBusTopics":[],"eventHubs":[],"storageContainers":[]},"routes":[],"fallbackRoute":{"name":"$fallback","source":"DeviceMessages","condition":"true","endpointNames":["events"],"isEnabled":true}},"storageEndpoints":{"$default":{"sasTtlAsIso8601":"PT1H","connectionString":"","containerName":""}},"messagingEndpoints":{"fileNotifications":{"lockDurationAsIso8601":"PT1M","ttlAsIso8601":"PT1H","maxDeliveryCount":10}},"enableFileUploadNotifications":false,"cloudToDevice":{"maxDeliveryCount":10,"defaultTtlAsIso8601":"PT1H","feedback":{"lockDurationAsIso8601":"PT5S","ttlAsIso8601":"PT1H","maxDeliveryCount":10}},"features":"None"},"sku":{"name":"S1","tier":"Standard","capacity":1},"identity":{"type":"None"}}'
    headers:
      cache-control:
      - no-cache
      content-length:
      - '1685'
      content-type:
      - application/json; charset=utf-8
      date:
      - Tue, 29 Jun 2021 04:10:19 GMT
      expires:
      - '-1'
      pragma:
      - no-cache
      server:
      - Microsoft-HTTPAPI/2.0
      strict-transport-security:
      - max-age=31536000; includeSubDomains
      transfer-encoding:
      - chunked
      vary:
      - Accept-Encoding
      x-content-type-options:
      - nosniff
    status:
      code: 200
      message: OK
- request:
    body: null
    headers:
      Accept:
      - application/json
      Accept-Encoding:
      - gzip, deflate
      CommandName:
      - iot hub show-connection-string
      Connection:
      - keep-alive
      Content-Length:
      - '0'
      ParameterSetName:
      - --name -g
      User-Agent:
      - AZURECLI/2.25.0 azsdk-python-azure-mgmt-iothub/2.0.0 Python/3.8.10 (Windows-10-10.0.19043-SP0)
    method: POST
    uri: https://management.azure.com/subscriptions/00000000-0000-0000-0000-000000000000/resourceGroups/clitest.rg000001/providers/Microsoft.Devices/IotHubs/iot000003/IotHubKeys/iothubowner/listkeys?api-version=2021-03-31
  response:
    body:
      string: '{"keyName":"iothubowner","primaryKey":"iSoHGEMFKMJ04O9Jm4QtaY7eQeqX29/YSxV83Se2nok=","secondaryKey":"jcjnKW/VB4OeqZYinjzJG8Zkoz8STkBofy0h2zZk2QM=","rights":"RegistryWrite,
        ServiceConnect, DeviceConnect"}'
    headers:
      cache-control:
      - no-cache
      content-length:
      - '203'
      content-type:
      - application/json; charset=utf-8
      date:
      - Tue, 29 Jun 2021 04:10:20 GMT
      expires:
      - '-1'
      pragma:
      - no-cache
      server:
      - Microsoft-HTTPAPI/2.0
      strict-transport-security:
      - max-age=31536000; includeSubDomains
      transfer-encoding:
      - chunked
      vary:
      - Accept-Encoding
      x-content-type-options:
      - nosniff
      x-ms-ratelimit-remaining-subscription-writes:
      - '1199'
    status:
      code: 200
      message: OK
- request:
    body: null
    headers:
      Accept:
      - application/json
      Accept-Encoding:
      - gzip, deflate
      CommandName:
      - iot hub show-connection-string
      Connection:
      - keep-alive
      ParameterSetName:
      - --name -g
      User-Agent:
      - AZURECLI/2.25.0 azsdk-python-azure-mgmt-iothub/2.0.0 Python/3.8.10 (Windows-10-10.0.19043-SP0)
    method: GET
    uri: https://management.azure.com/subscriptions/00000000-0000-0000-0000-000000000000/providers/Microsoft.Devices/IotHubs?api-version=2021-03-31
  response:
    body:
      string: '{"value":[{"id":"/subscriptions/00000000-0000-0000-0000-000000000000/resourceGroups/clitest.rg000001/providers/Microsoft.Devices/IotHubs/iot000003","name":"iot000003","type":"Microsoft.Devices/IotHubs","location":"westus","tags":{},"subscriptionid":"a1bfa635-f2bf-42f1-86b5-848c674fc321","resourcegroup":"clitest.rg000001","etag":"AAAADFDUqrE=","properties":{"locations":[{"location":"West
        US","role":"primary"},{"location":"East US","role":"secondary"}],"state":"Active","provisioningState":"Succeeded","ipFilterRules":[],"hostName":"iot000003.azure-devices.net","eventHubEndpoints":{"events":{"retentionTimeInDays":1,"partitionCount":4,"partitionIds":["0","1","2","3"],"path":"iot000003","endpoint":"sb://iothub-ns-iotmvrsar5-12851992-60afbd5264.servicebus.windows.net/"}},"routing":{"endpoints":{"serviceBusQueues":[],"serviceBusTopics":[],"eventHubs":[],"storageContainers":[]},"routes":[],"fallbackRoute":{"name":"$fallback","source":"DeviceMessages","condition":"true","endpointNames":["events"],"isEnabled":true}},"storageEndpoints":{"$default":{"sasTtlAsIso8601":"PT1H","connectionString":"","containerName":""}},"messagingEndpoints":{"fileNotifications":{"lockDurationAsIso8601":"PT1M","ttlAsIso8601":"PT1H","maxDeliveryCount":10}},"enableFileUploadNotifications":false,"cloudToDevice":{"maxDeliveryCount":10,"defaultTtlAsIso8601":"PT1H","feedback":{"lockDurationAsIso8601":"PT5S","ttlAsIso8601":"PT1H","maxDeliveryCount":10}},"features":"None"},"sku":{"name":"S1","tier":"Standard","capacity":1},"identity":{"type":"None"}},{"id":"/subscriptions/00000000-0000-0000-0000-000000000000/resourceGroups/clitest.rgzxgomn4wxg54iqjqg6oqm2e3iuqxzqfnitl6durgsl3remiafthtoyb7wu7nw7255/providers/Microsoft.Devices/IotHubs/identitytesthubof77gzlom2t5uihap","name":"identitytesthubof77gzlom2t5uihap","type":"Microsoft.Devices/IotHubs","location":"westus2","tags":{},"subscriptionid":"a1bfa635-f2bf-42f1-86b5-848c674fc321","resourcegroup":"clitest.rgzxgomn4wxg54iqjqg6oqm2e3iuqxzqfnitl6durgsl3remiafthtoyb7wu7nw7255","etag":"AAAADFDUrWg=","properties":{"locations":[{"location":"West
        US 2","role":"primary"},{"location":"West Central US","role":"secondary"}],"state":"Active","provisioningState":"Succeeded","ipFilterRules":[],"hostName":"identitytesthubof77gzlom2t5uihap.azure-devices.net","eventHubEndpoints":{"events":{"retentionTimeInDays":4,"partitionCount":4,"partitionIds":["0","1","2","3"],"path":"identitytesthubof77gzlom2","endpoint":"sb://iothub-ns-identityte-12852045-5f6c872f7f.servicebus.windows.net/"}},"routing":{"endpoints":{"serviceBusQueues":[],"serviceBusTopics":[],"eventHubs":[{"endpointUri":"sb://ehNamespaceiothubfortest1f5u4d2k.servicebus.windows.net","entityPath":"eventHubiothubfortesteiltae6dayl","authenticationType":"identityBased","name":"EHSystemIdentityEndpointjkkmnijr","id":"976fcd48-4eef-4f2f-afa8-85f5d8fb5bb6","subscriptionId":"a1bfa635-f2bf-42f1-86b5-848c674fc321","resourceGroup":"clitest.rgzxgomn4wxg54iqjqg6oqm2e3iuqxzqfnitl6durgsl3remiafthtoyb7wu7nw7255"}],"storageContainers":[]},"routes":[],"fallbackRoute":{"name":"$fallback","source":"DeviceMessages","condition":"true","endpointNames":["events"],"isEnabled":true}},"storageEndpoints":{"$default":{"sasTtlAsIso8601":"PT1H","connectionString":"DefaultEndpointsProtocol=https;EndpointSuffix=core.windows.net;AccountName=clitestzhilxcmrul25owuxk;AccountKey=****","containerName":"iothubcontainer","authenticationType":"identityBased"}},"messagingEndpoints":{"fileNotifications":{"lockDurationAsIso8601":"PT1M","ttlAsIso8601":"P1DT8H","maxDeliveryCount":80}},"enableFileUploadNotifications":true,"cloudToDevice":{"maxDeliveryCount":46,"defaultTtlAsIso8601":"P1DT10H","feedback":{"lockDurationAsIso8601":"PT10S","ttlAsIso8601":"P1DT19H","maxDeliveryCount":76}},"features":"None","minTlsVersion":"1.2"},"sku":{"name":"S1","tier":"Standard","capacity":1},"identity":{"tenantId":"72f988bf-86f1-41af-91ab-2d7cd011db47","type":"SystemAssigned,
        UserAssigned","userAssignedIdentities":{"/subscriptions/00000000-0000-0000-0000-000000000000/resourcegroups/clitest.rgzxgomn4wxg54iqjqg6oqm2e3iuqxzqfnitl6durgsl3remiafthtoyb7wu7nw7255/providers/Microsoft.ManagedIdentity/userAssignedIdentities/iot-user-identityuz775sjfpqjmunt":{"clientId":"58b88f9d-d373-4d3f-9a92-a916a52ad9ab","principalId":"839ede46-b0b8-4bba-882e-2cd01320aaba"}},"principalId":"e00f6e02-862a-40cf-a60f-a36ed0972a2d"}},{"id":"/subscriptions/00000000-0000-0000-0000-000000000000/resourceGroups/clitest.rgupffciqp6na5fehoblcmtjkn7fm56egzzsveuinjignmzbi2gvldowq3vfav5lgsp/providers/Microsoft.Devices/IotHubs/iot-hub-for-test-11hixhmuw3y43ci","name":"iot-hub-for-test-11hixhmuw3y43ci","type":"Microsoft.Devices/IotHubs","location":"westus2","tags":{"e":"f","g":"h"},"subscriptionid":"a1bfa635-f2bf-42f1-86b5-848c674fc321","resourcegroup":"clitest.rgupffciqp6na5fehoblcmtjkn7fm56egzzsveuinjignmzbi2gvldowq3vfav5lgsp","etag":"AAAADFDUrIA=","properties":{"locations":[{"location":"West
        US 2","role":"primary"},{"location":"West Central US","role":"secondary"}],"state":"Transitioning","provisioningState":"Transitioning","ipFilterRules":[],"hostName":"iot-hub-for-test-11hixhmuw3y43ci.azure-devices.net","eventHubEndpoints":{"events":{"retentionTimeInDays":4,"partitionCount":4,"partitionIds":["0","1","2","3"],"path":"iot-hub-for-test-11hixhmu","endpoint":"sb://iothub-ns-iot-hub-fo-12852088-3ee9cf75d8.servicebus.windows.net/"}},"routing":{"endpoints":{"serviceBusQueues":[],"serviceBusTopics":[],"eventHubs":[],"storageContainers":[]},"routes":[],"fallbackRoute":{"name":"$fallback","source":"DeviceMessages","condition":"true","endpointNames":["events"],"isEnabled":true}},"storageEndpoints":{"$default":{"sasTtlAsIso8601":"PT3H","connectionString":"DefaultEndpointsProtocol=https;EndpointSuffix=core.windows.net;AccountName=clitestq3p7xjra2ktyiovd7;AccountKey=****","containerName":"iothubcontainer13dhv6vwn"}},"messagingEndpoints":{"fileNotifications":{"lockDurationAsIso8601":"PT1M","ttlAsIso8601":"P1DT8H","maxDeliveryCount":80}},"enableFileUploadNotifications":true,"cloudToDevice":{"maxDeliveryCount":46,"defaultTtlAsIso8601":"P1DT10H","feedback":{"lockDurationAsIso8601":"PT10S","ttlAsIso8601":"P1DT19H","maxDeliveryCount":76}},"features":"None","minTlsVersion":"1.2"},"sku":{"name":"S1","tier":"Standard","capacity":1},"identity":{"type":"None"}}]}'
    headers:
      cache-control:
      - no-cache
      content-length:
      - '6460'
      content-type:
      - application/json; charset=utf-8
      date:
      - Tue, 29 Jun 2021 04:10:21 GMT
      expires:
      - '-1'
      pragma:
      - no-cache
      server:
      - Microsoft-HTTPAPI/2.0
      strict-transport-security:
      - max-age=31536000; includeSubDomains
      transfer-encoding:
      - chunked
      vary:
      - Accept-Encoding
      x-content-type-options:
      - nosniff
    status:
      code: 200
      message: OK
- request:
    body: null
    headers:
      Accept:
      - application/json
      Accept-Encoding:
      - gzip, deflate
      CommandName:
      - iot dps linked-hub create
      Connection:
      - keep-alive
      Content-Type:
      - application/json; charset=utf-8
      ParameterSetName:
      - --dps-name -g --connection-string -l
      User-Agent:
      - python/3.8.10 (Windows-10-10.0.19043-SP0) msrest/0.6.21 msrest_azure/0.6.3
        azure-mgmt-iothubprovisioningservices/0.2.0 Azure-SDK-For-Python AZURECLI/2.25.0
      accept-language:
      - en-US
    method: GET
    uri: https://management.azure.com/subscriptions/00000000-0000-0000-0000-000000000000/resourceGroups/clitest.rg000001/providers/Microsoft.Devices/provisioningServices/dps000002?api-version=2018-01-22
  response:
    body:
      string: '{"etag":"AAAAAAnXmwQ=","name":"dps000002","location":"westus","properties":{"state":"Active","provisioningState":"Succeeded","iotHubs":[],"allocationPolicy":"GeoLatency","serviceOperationsHostName":"dps000002.azure-devices-provisioning.net","deviceProvisioningHostName":"global.azure-devices-provisioning.net","idScope":"0ne0031BC41"},"resourcegroup":"clitest.rg000001","type":"Microsoft.Devices/provisioningServices","id":"/subscriptions/00000000-0000-0000-0000-000000000000/resourceGroups/clitest.rg000001/providers/Microsoft.Devices/provisioningServices/dps000002","subscriptionid":"a1bfa635-f2bf-42f1-86b5-848c674fc321","tags":{},"sku":{"name":"S1","tier":"Standard","capacity":1}}'
    headers:
      cache-control:
      - no-cache
      content-length:
      - '836'
      content-type:
      - application/json; charset=utf-8
      date:
      - Tue, 29 Jun 2021 04:10:22 GMT
      expires:
      - '-1'
      pragma:
      - no-cache
      server:
      - Microsoft-HTTPAPI/2.0
      strict-transport-security:
      - max-age=31536000; includeSubDomains
      transfer-encoding:
      - chunked
      vary:
      - Accept-Encoding
      x-content-type-options:
      - nosniff
    status:
      code: 200
      message: OK
- request:
    body: null
    headers:
      Accept:
      - application/json
      Accept-Encoding:
      - gzip, deflate
      CommandName:
      - iot dps linked-hub create
      Connection:
      - keep-alive
      Content-Type:
      - application/json; charset=utf-8
      ParameterSetName:
      - --dps-name -g --connection-string -l
      User-Agent:
      - python/3.8.10 (Windows-10-10.0.19043-SP0) msrest/0.6.21 msrest_azure/0.6.3
        azure-mgmt-iothubprovisioningservices/0.2.0 Azure-SDK-For-Python AZURECLI/2.25.0
      accept-language:
      - en-US
    method: GET
    uri: https://management.azure.com/subscriptions/00000000-0000-0000-0000-000000000000/resourceGroups/clitest.rg000001/providers/Microsoft.Devices/provisioningServices/dps000002?api-version=2018-01-22
  response:
    body:
      string: '{"etag":"AAAAAAnXmwQ=","name":"dps000002","location":"westus","properties":{"state":"Active","provisioningState":"Succeeded","iotHubs":[],"allocationPolicy":"GeoLatency","serviceOperationsHostName":"dps000002.azure-devices-provisioning.net","deviceProvisioningHostName":"global.azure-devices-provisioning.net","idScope":"0ne0031BC41"},"resourcegroup":"clitest.rg000001","type":"Microsoft.Devices/provisioningServices","id":"/subscriptions/00000000-0000-0000-0000-000000000000/resourceGroups/clitest.rg000001/providers/Microsoft.Devices/provisioningServices/dps000002","subscriptionid":"a1bfa635-f2bf-42f1-86b5-848c674fc321","tags":{},"sku":{"name":"S1","tier":"Standard","capacity":1}}'
    headers:
      cache-control:
      - no-cache
      content-length:
      - '836'
      content-type:
      - application/json; charset=utf-8
      date:
      - Tue, 29 Jun 2021 04:10:26 GMT
      expires:
      - '-1'
      pragma:
      - no-cache
      server:
      - Microsoft-HTTPAPI/2.0
      strict-transport-security:
      - max-age=31536000; includeSubDomains
      transfer-encoding:
      - chunked
      vary:
      - Accept-Encoding
      x-content-type-options:
      - nosniff
    status:
      code: 200
      message: OK
- request:
    body: '{"location": "westus", "properties": {"iotHubs": [{"connectionString":
      "HostName=iot000003.azure-devices.net;SharedAccessKeyName=iothubowner;SharedAccessKey=iSoHGEMFKMJ04O9Jm4QtaY7eQeqX29/YSxV83Se2nok=",
      "location": "westus"}], "allocationPolicy": "GeoLatency"}, "sku": {"name": "S1",
      "capacity": 1}}'
    headers:
      Accept:
      - application/json
      Accept-Encoding:
      - gzip, deflate
      CommandName:
      - iot dps linked-hub create
      Connection:
      - keep-alive
      Content-Length:
      - '311'
      Content-Type:
      - application/json; charset=utf-8
      ParameterSetName:
      - --dps-name -g --connection-string -l
      User-Agent:
      - python/3.8.10 (Windows-10-10.0.19043-SP0) msrest/0.6.21 msrest_azure/0.6.3
        azure-mgmt-iothubprovisioningservices/0.2.0 Azure-SDK-For-Python AZURECLI/2.25.0
      accept-language:
      - en-US
    method: PUT
    uri: https://management.azure.com/subscriptions/00000000-0000-0000-0000-000000000000/resourceGroups/clitest.rg000001/providers/Microsoft.Devices/provisioningServices/dps000002?api-version=2018-01-22
  response:
    body:
      string: '{"name":"dps000002","location":"westus","properties":{"state":"Transitioning","provisioningState":"Accepted","iotHubs":[{"name":"iot000003.azure-devices.net","connectionString":"HostName=iot000003.azure-devices.net;SharedAccessKeyName=iothubowner;SharedAccessKey=iSoHGEMFKMJ04O9Jm4QtaY7eQeqX29/YSxV83Se2nok=","location":"westus"}],"allocationPolicy":"GeoLatency","idScope":null},"resourcegroup":"clitest.rg000001","type":"Microsoft.Devices/provisioningServices","id":"/subscriptions/00000000-0000-0000-0000-000000000000/resourceGroups/clitest.rg000001/providers/Microsoft.Devices/provisioningServices/dps000002","subscriptionid":"a1bfa635-f2bf-42f1-86b5-848c674fc321","tags":{},"sku":{"name":"S1","tier":"Standard","capacity":1}}'
    headers:
      azure-asyncoperation:
      - https://management.azure.com/subscriptions/00000000-0000-0000-0000-000000000000/resourceGroups/clitest.rg000001/providers/Microsoft.Devices/provisioningServices/dps000002/operationResults/b3NfaWRfZjczMDgzMDEtMjI5Zi00NzVkLTkwN2UtNDUwODNkYzQ0YTE5?api-version=2018-01-22&asyncinfo
      cache-control:
      - no-cache
      content-length:
      - '891'
      content-type:
      - application/json; charset=utf-8
      date:
      - Tue, 29 Jun 2021 04:10:31 GMT
      expires:
      - '-1'
      pragma:
      - no-cache
      server:
      - Microsoft-HTTPAPI/2.0
      strict-transport-security:
      - max-age=31536000; includeSubDomains
      x-content-type-options:
      - nosniff
      x-ms-ratelimit-remaining-subscription-resource-requests:
      - '4999'
    status:
      code: 201
      message: Created
- request:
    body: null
    headers:
      Accept:
      - application/json
      Accept-Encoding:
      - gzip, deflate
      CommandName:
      - iot dps linked-hub create
      Connection:
      - keep-alive
      ParameterSetName:
      - --dps-name -g --connection-string -l
      User-Agent:
      - python/3.8.10 (Windows-10-10.0.19043-SP0) msrest/0.6.21 msrest_azure/0.6.3
        azure-mgmt-iothubprovisioningservices/0.2.0 Azure-SDK-For-Python AZURECLI/2.25.0
    method: GET
    uri: https://management.azure.com/subscriptions/00000000-0000-0000-0000-000000000000/resourceGroups/clitest.rg000001/providers/Microsoft.Devices/provisioningServices/dps000002/operationResults/b3NfaWRfZjczMDgzMDEtMjI5Zi00NzVkLTkwN2UtNDUwODNkYzQ0YTE5?api-version=2018-01-22&asyncinfo
  response:
    body:
      string: '{"status":"Succeeded"}'
    headers:
      cache-control:
      - no-cache
      content-length:
      - '22'
      content-type:
      - application/json; charset=utf-8
      date:
      - Tue, 29 Jun 2021 04:11:03 GMT
      expires:
      - '-1'
      pragma:
      - no-cache
      server:
      - Microsoft-HTTPAPI/2.0
      strict-transport-security:
      - max-age=31536000; includeSubDomains
      transfer-encoding:
      - chunked
      vary:
      - Accept-Encoding
      x-content-type-options:
      - nosniff
    status:
      code: 200
      message: OK
- request:
    body: null
    headers:
      Accept:
      - application/json
      Accept-Encoding:
      - gzip, deflate
      CommandName:
      - iot dps linked-hub create
      Connection:
      - keep-alive
      ParameterSetName:
      - --dps-name -g --connection-string -l
      User-Agent:
      - python/3.8.10 (Windows-10-10.0.19043-SP0) msrest/0.6.21 msrest_azure/0.6.3
        azure-mgmt-iothubprovisioningservices/0.2.0 Azure-SDK-For-Python AZURECLI/2.25.0
    method: GET
    uri: https://management.azure.com/subscriptions/00000000-0000-0000-0000-000000000000/resourceGroups/clitest.rg000001/providers/Microsoft.Devices/provisioningServices/dps000002?api-version=2018-01-22
  response:
    body:
      string: '{"etag":"AAAAAAnXnNU=","name":"dps000002","location":"westus","properties":{"state":"Active","provisioningState":"Succeeded","iotHubs":[{"name":"iot000003.azure-devices.net","connectionString":"HostName=iot000003.azure-devices.net;SharedAccessKeyName=iothubowner;SharedAccessKey=****","location":"westus"}],"allocationPolicy":"GeoLatency","serviceOperationsHostName":"dps000002.azure-devices-provisioning.net","deviceProvisioningHostName":"global.azure-devices-provisioning.net","idScope":"0ne0031BC41"},"resourcegroup":"clitest.rg000001","type":"Microsoft.Devices/provisioningServices","id":"/subscriptions/00000000-0000-0000-0000-000000000000/resourceGroups/clitest.rg000001/providers/Microsoft.Devices/provisioningServices/dps000002","subscriptionid":"a1bfa635-f2bf-42f1-86b5-848c674fc321","tags":{},"sku":{"name":"S1","tier":"Standard","capacity":1}}'
    headers:
      cache-control:
      - no-cache
      content-length:
      - '1027'
      content-type:
      - application/json; charset=utf-8
      date:
      - Tue, 29 Jun 2021 04:11:05 GMT
      expires:
      - '-1'
      pragma:
      - no-cache
      server:
      - Microsoft-HTTPAPI/2.0
      strict-transport-security:
      - max-age=31536000; includeSubDomains
      transfer-encoding:
      - chunked
      vary:
      - Accept-Encoding
      x-content-type-options:
      - nosniff
    status:
      code: 200
      message: OK
- request:
    body: null
    headers:
      Accept:
      - application/json
      Accept-Encoding:
      - gzip, deflate
      CommandName:
      - iot dps linked-hub create
      Connection:
      - keep-alive
      Content-Type:
      - application/json; charset=utf-8
      ParameterSetName:
      - --dps-name -g --connection-string -l
      User-Agent:
      - python/3.8.10 (Windows-10-10.0.19043-SP0) msrest/0.6.21 msrest_azure/0.6.3
        azure-mgmt-iothubprovisioningservices/0.2.0 Azure-SDK-For-Python AZURECLI/2.25.0
      accept-language:
      - en-US
    method: GET
    uri: https://management.azure.com/subscriptions/00000000-0000-0000-0000-000000000000/resourceGroups/clitest.rg000001/providers/Microsoft.Devices/provisioningServices/dps000002?api-version=2018-01-22
  response:
    body:
      string: '{"etag":"AAAAAAnXnNU=","name":"dps000002","location":"westus","properties":{"state":"Active","provisioningState":"Succeeded","iotHubs":[{"name":"iot000003.azure-devices.net","connectionString":"HostName=iot000003.azure-devices.net;SharedAccessKeyName=iothubowner;SharedAccessKey=****","location":"westus"}],"allocationPolicy":"GeoLatency","serviceOperationsHostName":"dps000002.azure-devices-provisioning.net","deviceProvisioningHostName":"global.azure-devices-provisioning.net","idScope":"0ne0031BC41"},"resourcegroup":"clitest.rg000001","type":"Microsoft.Devices/provisioningServices","id":"/subscriptions/00000000-0000-0000-0000-000000000000/resourceGroups/clitest.rg000001/providers/Microsoft.Devices/provisioningServices/dps000002","subscriptionid":"a1bfa635-f2bf-42f1-86b5-848c674fc321","tags":{},"sku":{"name":"S1","tier":"Standard","capacity":1}}'
    headers:
      cache-control:
      - no-cache
      content-length:
      - '1027'
      content-type:
      - application/json; charset=utf-8
      date:
      - Tue, 29 Jun 2021 04:11:06 GMT
      expires:
      - '-1'
      pragma:
      - no-cache
      server:
      - Microsoft-HTTPAPI/2.0
      strict-transport-security:
      - max-age=31536000; includeSubDomains
      transfer-encoding:
      - chunked
      vary:
      - Accept-Encoding
      x-content-type-options:
      - nosniff
    status:
      code: 200
      message: OK
- request:
    body: null
    headers:
      Accept:
      - application/json
      Accept-Encoding:
      - gzip, deflate
      CommandName:
      - iot dps linked-hub list
      Connection:
      - keep-alive
      Content-Type:
      - application/json; charset=utf-8
      ParameterSetName:
      - --dps-name -g
      User-Agent:
      - python/3.8.10 (Windows-10-10.0.19043-SP0) msrest/0.6.21 msrest_azure/0.6.3
        azure-mgmt-iothubprovisioningservices/0.2.0 Azure-SDK-For-Python AZURECLI/2.25.0
      accept-language:
      - en-US
    method: GET
    uri: https://management.azure.com/subscriptions/00000000-0000-0000-0000-000000000000/resourceGroups/clitest.rg000001/providers/Microsoft.Devices/provisioningServices/dps000002?api-version=2018-01-22
  response:
    body:
      string: '{"etag":"AAAAAAnXnNU=","name":"dps000002","location":"westus","properties":{"state":"Active","provisioningState":"Succeeded","iotHubs":[{"name":"iot000003.azure-devices.net","connectionString":"HostName=iot000003.azure-devices.net;SharedAccessKeyName=iothubowner;SharedAccessKey=****","location":"westus"}],"allocationPolicy":"GeoLatency","serviceOperationsHostName":"dps000002.azure-devices-provisioning.net","deviceProvisioningHostName":"global.azure-devices-provisioning.net","idScope":"0ne0031BC41"},"resourcegroup":"clitest.rg000001","type":"Microsoft.Devices/provisioningServices","id":"/subscriptions/00000000-0000-0000-0000-000000000000/resourceGroups/clitest.rg000001/providers/Microsoft.Devices/provisioningServices/dps000002","subscriptionid":"a1bfa635-f2bf-42f1-86b5-848c674fc321","tags":{},"sku":{"name":"S1","tier":"Standard","capacity":1}}'
    headers:
      cache-control:
      - no-cache
      content-length:
      - '1027'
      content-type:
      - application/json; charset=utf-8
      date:
      - Tue, 29 Jun 2021 04:11:08 GMT
      expires:
      - '-1'
      pragma:
      - no-cache
      server:
      - Microsoft-HTTPAPI/2.0
      strict-transport-security:
      - max-age=31536000; includeSubDomains
      transfer-encoding:
      - chunked
      vary:
      - Accept-Encoding
      x-content-type-options:
      - nosniff
    status:
      code: 200
      message: OK
- request:
    body: null
    headers:
      Accept:
      - application/json
      Accept-Encoding:
      - gzip, deflate
      CommandName:
      - iot dps linked-hub show
      Connection:
      - keep-alive
      Content-Type:
      - application/json; charset=utf-8
      ParameterSetName:
      - --dps-name -g --linked-hub
      User-Agent:
      - python/3.8.10 (Windows-10-10.0.19043-SP0) msrest/0.6.21 msrest_azure/0.6.3
        azure-mgmt-iothubprovisioningservices/0.2.0 Azure-SDK-For-Python AZURECLI/2.25.0
      accept-language:
      - en-US
    method: GET
    uri: https://management.azure.com/subscriptions/00000000-0000-0000-0000-000000000000/resourceGroups/clitest.rg000001/providers/Microsoft.Devices/provisioningServices/dps000002?api-version=2018-01-22
  response:
    body:
      string: '{"etag":"AAAAAAnXnNU=","name":"dps000002","location":"westus","properties":{"state":"Active","provisioningState":"Succeeded","iotHubs":[{"name":"iot000003.azure-devices.net","connectionString":"HostName=iot000003.azure-devices.net;SharedAccessKeyName=iothubowner;SharedAccessKey=****","location":"westus"}],"allocationPolicy":"GeoLatency","serviceOperationsHostName":"dps000002.azure-devices-provisioning.net","deviceProvisioningHostName":"global.azure-devices-provisioning.net","idScope":"0ne0031BC41"},"resourcegroup":"clitest.rg000001","type":"Microsoft.Devices/provisioningServices","id":"/subscriptions/00000000-0000-0000-0000-000000000000/resourceGroups/clitest.rg000001/providers/Microsoft.Devices/provisioningServices/dps000002","subscriptionid":"a1bfa635-f2bf-42f1-86b5-848c674fc321","tags":{},"sku":{"name":"S1","tier":"Standard","capacity":1}}'
    headers:
      cache-control:
      - no-cache
      content-length:
      - '1027'
      content-type:
      - application/json; charset=utf-8
      date:
      - Tue, 29 Jun 2021 04:11:11 GMT
      expires:
      - '-1'
      pragma:
      - no-cache
      server:
      - Microsoft-HTTPAPI/2.0
      strict-transport-security:
      - max-age=31536000; includeSubDomains
      transfer-encoding:
      - chunked
      vary:
      - Accept-Encoding
      x-content-type-options:
      - nosniff
    status:
      code: 200
      message: OK
- request:
    body: null
    headers:
      Accept:
      - application/json
      Accept-Encoding:
      - gzip, deflate
      CommandName:
      - iot dps linked-hub update
      Connection:
      - keep-alive
      Content-Type:
      - application/json; charset=utf-8
      ParameterSetName:
      - --dps-name -g --linked-hub --allocation-weight --apply-allocation-policy
      User-Agent:
      - python/3.8.10 (Windows-10-10.0.19043-SP0) msrest/0.6.21 msrest_azure/0.6.3
        azure-mgmt-iothubprovisioningservices/0.2.0 Azure-SDK-For-Python AZURECLI/2.25.0
      accept-language:
      - en-US
    method: GET
    uri: https://management.azure.com/subscriptions/00000000-0000-0000-0000-000000000000/resourceGroups/clitest.rg000001/providers/Microsoft.Devices/provisioningServices/dps000002?api-version=2018-01-22
  response:
    body:
      string: '{"etag":"AAAAAAnXnNU=","name":"dps000002","location":"westus","properties":{"state":"Active","provisioningState":"Succeeded","iotHubs":[{"name":"iot000003.azure-devices.net","connectionString":"HostName=iot000003.azure-devices.net;SharedAccessKeyName=iothubowner;SharedAccessKey=****","location":"westus"}],"allocationPolicy":"GeoLatency","serviceOperationsHostName":"dps000002.azure-devices-provisioning.net","deviceProvisioningHostName":"global.azure-devices-provisioning.net","idScope":"0ne0031BC41"},"resourcegroup":"clitest.rg000001","type":"Microsoft.Devices/provisioningServices","id":"/subscriptions/00000000-0000-0000-0000-000000000000/resourceGroups/clitest.rg000001/providers/Microsoft.Devices/provisioningServices/dps000002","subscriptionid":"a1bfa635-f2bf-42f1-86b5-848c674fc321","tags":{},"sku":{"name":"S1","tier":"Standard","capacity":1}}'
    headers:
      cache-control:
      - no-cache
      content-length:
      - '1027'
      content-type:
      - application/json; charset=utf-8
      date:
      - Tue, 29 Jun 2021 04:11:13 GMT
      expires:
      - '-1'
      pragma:
      - no-cache
      server:
      - Microsoft-HTTPAPI/2.0
      strict-transport-security:
      - max-age=31536000; includeSubDomains
      transfer-encoding:
      - chunked
      vary:
      - Accept-Encoding
      x-content-type-options:
      - nosniff
    status:
      code: 200
      message: OK
- request:
    body: null
    headers:
      Accept:
      - application/json
      Accept-Encoding:
      - gzip, deflate
      CommandName:
      - iot dps linked-hub update
      Connection:
      - keep-alive
      Content-Type:
      - application/json; charset=utf-8
      ParameterSetName:
      - --dps-name -g --linked-hub --allocation-weight --apply-allocation-policy
      User-Agent:
      - python/3.8.10 (Windows-10-10.0.19043-SP0) msrest/0.6.21 msrest_azure/0.6.3
        azure-mgmt-iothubprovisioningservices/0.2.0 Azure-SDK-For-Python AZURECLI/2.25.0
      accept-language:
      - en-US
    method: GET
    uri: https://management.azure.com/subscriptions/00000000-0000-0000-0000-000000000000/resourceGroups/clitest.rg000001/providers/Microsoft.Devices/provisioningServices/dps000002?api-version=2018-01-22
  response:
    body:
      string: '{"etag":"AAAAAAnXnNU=","name":"dps000002","location":"westus","properties":{"state":"Active","provisioningState":"Succeeded","iotHubs":[{"name":"iot000003.azure-devices.net","connectionString":"HostName=iot000003.azure-devices.net;SharedAccessKeyName=iothubowner;SharedAccessKey=****","location":"westus"}],"allocationPolicy":"GeoLatency","serviceOperationsHostName":"dps000002.azure-devices-provisioning.net","deviceProvisioningHostName":"global.azure-devices-provisioning.net","idScope":"0ne0031BC41"},"resourcegroup":"clitest.rg000001","type":"Microsoft.Devices/provisioningServices","id":"/subscriptions/00000000-0000-0000-0000-000000000000/resourceGroups/clitest.rg000001/providers/Microsoft.Devices/provisioningServices/dps000002","subscriptionid":"a1bfa635-f2bf-42f1-86b5-848c674fc321","tags":{},"sku":{"name":"S1","tier":"Standard","capacity":1}}'
    headers:
      cache-control:
      - no-cache
      content-length:
      - '1027'
      content-type:
      - application/json; charset=utf-8
      date:
      - Tue, 29 Jun 2021 04:11:14 GMT
      expires:
      - '-1'
      pragma:
      - no-cache
      server:
      - Microsoft-HTTPAPI/2.0
      strict-transport-security:
      - max-age=31536000; includeSubDomains
      transfer-encoding:
      - chunked
      vary:
      - Accept-Encoding
      x-content-type-options:
      - nosniff
    status:
      code: 200
      message: OK
- request:
    body: '{"location": "westus", "properties": {"iotHubs": [{"applyAllocationPolicy":
      true, "allocationWeight": 10, "connectionString": "HostName=iot000003.azure-devices.net;SharedAccessKeyName=iothubowner;SharedAccessKey=****",
      "location": "westus"}], "allocationPolicy": "GeoLatency"}, "sku": {"name": "S1",
      "capacity": 1}}'
    headers:
      Accept:
      - application/json
      Accept-Encoding:
      - gzip, deflate
      CommandName:
      - iot dps linked-hub update
      Connection:
      - keep-alive
      Content-Length:
      - '326'
      Content-Type:
      - application/json; charset=utf-8
      ParameterSetName:
      - --dps-name -g --linked-hub --allocation-weight --apply-allocation-policy
      User-Agent:
      - python/3.8.10 (Windows-10-10.0.19043-SP0) msrest/0.6.21 msrest_azure/0.6.3
        azure-mgmt-iothubprovisioningservices/0.2.0 Azure-SDK-For-Python AZURECLI/2.25.0
      accept-language:
      - en-US
    method: PUT
    uri: https://management.azure.com/subscriptions/00000000-0000-0000-0000-000000000000/resourceGroups/clitest.rg000001/providers/Microsoft.Devices/provisioningServices/dps000002?api-version=2018-01-22
  response:
    body:
      string: '{"name":"dps000002","location":"westus","properties":{"state":"Transitioning","provisioningState":"Accepted","iotHubs":[{"applyAllocationPolicy":true,"allocationWeight":10,"name":"iot000003.azure-devices.net","connectionString":"HostName=iot000003.azure-devices.net;SharedAccessKeyName=iothubowner;SharedAccessKey=****","location":"westus"}],"allocationPolicy":"GeoLatency","idScope":null},"resourcegroup":"clitest.rg000001","type":"Microsoft.Devices/provisioningServices","id":"/subscriptions/00000000-0000-0000-0000-000000000000/resourceGroups/clitest.rg000001/providers/Microsoft.Devices/provisioningServices/dps000002","subscriptionid":"a1bfa635-f2bf-42f1-86b5-848c674fc321","tags":{},"sku":{"name":"S1","tier":"Standard","capacity":1}}'
    headers:
      azure-asyncoperation:
      - https://management.azure.com/subscriptions/00000000-0000-0000-0000-000000000000/resourceGroups/clitest.rg000001/providers/Microsoft.Devices/provisioningServices/dps000002/operationResults/b3NfaWRfOTAzMjk4NjgtYjUxYi00YzNjLWIzN2QtODNjYTVlYmRmM2Iw?api-version=2018-01-22&asyncinfo
      cache-control:
      - no-cache
      content-length:
      - '902'
      content-type:
      - application/json; charset=utf-8
      date:
      - Tue, 29 Jun 2021 04:11:20 GMT
      expires:
      - '-1'
      pragma:
      - no-cache
      server:
      - Microsoft-HTTPAPI/2.0
      strict-transport-security:
      - max-age=31536000; includeSubDomains
      x-content-type-options:
      - nosniff
      x-ms-ratelimit-remaining-subscription-resource-requests:
      - '4999'
    status:
      code: 201
      message: Created
- request:
    body: null
    headers:
      Accept:
      - application/json
      Accept-Encoding:
      - gzip, deflate
      CommandName:
      - iot dps linked-hub update
      Connection:
      - keep-alive
      ParameterSetName:
      - --dps-name -g --linked-hub --allocation-weight --apply-allocation-policy
      User-Agent:
      - python/3.8.10 (Windows-10-10.0.19043-SP0) msrest/0.6.21 msrest_azure/0.6.3
        azure-mgmt-iothubprovisioningservices/0.2.0 Azure-SDK-For-Python AZURECLI/2.25.0
    method: GET
    uri: https://management.azure.com/subscriptions/00000000-0000-0000-0000-000000000000/resourceGroups/clitest.rg000001/providers/Microsoft.Devices/provisioningServices/dps000002/operationResults/b3NfaWRfOTAzMjk4NjgtYjUxYi00YzNjLWIzN2QtODNjYTVlYmRmM2Iw?api-version=2018-01-22&asyncinfo
  response:
    body:
      string: '{"status":"Succeeded"}'
    headers:
      cache-control:
      - no-cache
      content-length:
      - '22'
      content-type:
      - application/json; charset=utf-8
      date:
      - Tue, 29 Jun 2021 04:11:52 GMT
      expires:
      - '-1'
      pragma:
      - no-cache
      server:
      - Microsoft-HTTPAPI/2.0
      strict-transport-security:
      - max-age=31536000; includeSubDomains
      transfer-encoding:
      - chunked
      vary:
      - Accept-Encoding
      x-content-type-options:
      - nosniff
    status:
      code: 200
      message: OK
- request:
    body: null
    headers:
      Accept:
      - application/json
      Accept-Encoding:
      - gzip, deflate
      CommandName:
      - iot dps linked-hub update
      Connection:
      - keep-alive
      ParameterSetName:
      - --dps-name -g --linked-hub --allocation-weight --apply-allocation-policy
      User-Agent:
      - python/3.8.10 (Windows-10-10.0.19043-SP0) msrest/0.6.21 msrest_azure/0.6.3
        azure-mgmt-iothubprovisioningservices/0.2.0 Azure-SDK-For-Python AZURECLI/2.25.0
    method: GET
    uri: https://management.azure.com/subscriptions/00000000-0000-0000-0000-000000000000/resourceGroups/clitest.rg000001/providers/Microsoft.Devices/provisioningServices/dps000002?api-version=2018-01-22
  response:
    body:
      string: '{"etag":"AAAAAAnXnXI=","name":"dps000002","location":"westus","properties":{"state":"Active","provisioningState":"Succeeded","iotHubs":[{"applyAllocationPolicy":true,"allocationWeight":10,"name":"iot000003.azure-devices.net","connectionString":"HostName=iot000003.azure-devices.net;SharedAccessKeyName=iothubowner;SharedAccessKey=****","location":"westus"}],"allocationPolicy":"GeoLatency","serviceOperationsHostName":"dps000002.azure-devices-provisioning.net","deviceProvisioningHostName":"global.azure-devices-provisioning.net","idScope":"0ne0031BC41"},"resourcegroup":"clitest.rg000001","type":"Microsoft.Devices/provisioningServices","id":"/subscriptions/00000000-0000-0000-0000-000000000000/resourceGroups/clitest.rg000001/providers/Microsoft.Devices/provisioningServices/dps000002","subscriptionid":"a1bfa635-f2bf-42f1-86b5-848c674fc321","tags":{},"sku":{"name":"S1","tier":"Standard","capacity":1}}'
    headers:
      cache-control:
      - no-cache
      content-length:
      - '1078'
      content-type:
      - application/json; charset=utf-8
      date:
      - Tue, 29 Jun 2021 04:11:54 GMT
      expires:
      - '-1'
      pragma:
      - no-cache
      server:
      - Microsoft-HTTPAPI/2.0
      strict-transport-security:
      - max-age=31536000; includeSubDomains
      transfer-encoding:
      - chunked
      vary:
      - Accept-Encoding
      x-content-type-options:
      - nosniff
    status:
      code: 200
      message: OK
- request:
    body: null
    headers:
      Accept:
      - application/json
      Accept-Encoding:
      - gzip, deflate
      CommandName:
      - iot dps linked-hub update
      Connection:
      - keep-alive
      Content-Type:
      - application/json; charset=utf-8
      ParameterSetName:
      - --dps-name -g --linked-hub --allocation-weight --apply-allocation-policy
      User-Agent:
      - python/3.8.10 (Windows-10-10.0.19043-SP0) msrest/0.6.21 msrest_azure/0.6.3
        azure-mgmt-iothubprovisioningservices/0.2.0 Azure-SDK-For-Python AZURECLI/2.25.0
      accept-language:
      - en-US
    method: GET
    uri: https://management.azure.com/subscriptions/00000000-0000-0000-0000-000000000000/resourceGroups/clitest.rg000001/providers/Microsoft.Devices/provisioningServices/dps000002?api-version=2018-01-22
  response:
    body:
      string: '{"etag":"AAAAAAnXnXI=","name":"dps000002","location":"westus","properties":{"state":"Active","provisioningState":"Succeeded","iotHubs":[{"applyAllocationPolicy":true,"allocationWeight":10,"name":"iot000003.azure-devices.net","connectionString":"HostName=iot000003.azure-devices.net;SharedAccessKeyName=iothubowner;SharedAccessKey=****","location":"westus"}],"allocationPolicy":"GeoLatency","serviceOperationsHostName":"dps000002.azure-devices-provisioning.net","deviceProvisioningHostName":"global.azure-devices-provisioning.net","idScope":"0ne0031BC41"},"resourcegroup":"clitest.rg000001","type":"Microsoft.Devices/provisioningServices","id":"/subscriptions/00000000-0000-0000-0000-000000000000/resourceGroups/clitest.rg000001/providers/Microsoft.Devices/provisioningServices/dps000002","subscriptionid":"a1bfa635-f2bf-42f1-86b5-848c674fc321","tags":{},"sku":{"name":"S1","tier":"Standard","capacity":1}}'
    headers:
      cache-control:
      - no-cache
      content-length:
      - '1078'
      content-type:
      - application/json; charset=utf-8
      date:
      - Tue, 29 Jun 2021 04:11:57 GMT
      expires:
      - '-1'
      pragma:
      - no-cache
      server:
      - Microsoft-HTTPAPI/2.0
      strict-transport-security:
      - max-age=31536000; includeSubDomains
      transfer-encoding:
      - chunked
      vary:
      - Accept-Encoding
      x-content-type-options:
      - nosniff
    status:
      code: 200
      message: OK
- request:
    body: null
    headers:
      Accept:
      - application/json
      Accept-Encoding:
      - gzip, deflate
      CommandName:
      - iot dps linked-hub show
      Connection:
      - keep-alive
      Content-Type:
      - application/json; charset=utf-8
      ParameterSetName:
      - --dps-name -g --linked-hub
      User-Agent:
      - python/3.8.10 (Windows-10-10.0.19043-SP0) msrest/0.6.21 msrest_azure/0.6.3
        azure-mgmt-iothubprovisioningservices/0.2.0 Azure-SDK-For-Python AZURECLI/2.25.0
      accept-language:
      - en-US
    method: GET
    uri: https://management.azure.com/subscriptions/00000000-0000-0000-0000-000000000000/resourceGroups/clitest.rg000001/providers/Microsoft.Devices/provisioningServices/dps000002?api-version=2018-01-22
  response:
    body:
      string: '{"etag":"AAAAAAnXnXI=","name":"dps000002","location":"westus","properties":{"state":"Active","provisioningState":"Succeeded","iotHubs":[{"applyAllocationPolicy":true,"allocationWeight":10,"name":"iot000003.azure-devices.net","connectionString":"HostName=iot000003.azure-devices.net;SharedAccessKeyName=iothubowner;SharedAccessKey=****","location":"westus"}],"allocationPolicy":"GeoLatency","serviceOperationsHostName":"dps000002.azure-devices-provisioning.net","deviceProvisioningHostName":"global.azure-devices-provisioning.net","idScope":"0ne0031BC41"},"resourcegroup":"clitest.rg000001","type":"Microsoft.Devices/provisioningServices","id":"/subscriptions/00000000-0000-0000-0000-000000000000/resourceGroups/clitest.rg000001/providers/Microsoft.Devices/provisioningServices/dps000002","subscriptionid":"a1bfa635-f2bf-42f1-86b5-848c674fc321","tags":{},"sku":{"name":"S1","tier":"Standard","capacity":1}}'
    headers:
      cache-control:
      - no-cache
      content-length:
      - '1078'
      content-type:
      - application/json; charset=utf-8
      date:
      - Tue, 29 Jun 2021 04:11:58 GMT
      expires:
      - '-1'
      pragma:
      - no-cache
      server:
      - Microsoft-HTTPAPI/2.0
      strict-transport-security:
      - max-age=31536000; includeSubDomains
      transfer-encoding:
      - chunked
      vary:
      - Accept-Encoding
      x-content-type-options:
      - nosniff
    status:
      code: 200
      message: OK
- request:
    body: null
    headers:
      Accept:
      - application/json
      Accept-Encoding:
      - gzip, deflate
      CommandName:
      - iot dps linked-hub delete
      Connection:
      - keep-alive
      Content-Type:
      - application/json; charset=utf-8
      ParameterSetName:
      - --dps-name -g --linked-hub
      User-Agent:
      - python/3.8.10 (Windows-10-10.0.19043-SP0) msrest/0.6.21 msrest_azure/0.6.3
        azure-mgmt-iothubprovisioningservices/0.2.0 Azure-SDK-For-Python AZURECLI/2.25.0
      accept-language:
      - en-US
    method: GET
    uri: https://management.azure.com/subscriptions/00000000-0000-0000-0000-000000000000/resourceGroups/clitest.rg000001/providers/Microsoft.Devices/provisioningServices/dps000002?api-version=2018-01-22
  response:
    body:
      string: '{"etag":"AAAAAAnXnXI=","name":"dps000002","location":"westus","properties":{"state":"Active","provisioningState":"Succeeded","iotHubs":[{"applyAllocationPolicy":true,"allocationWeight":10,"name":"iot000003.azure-devices.net","connectionString":"HostName=iot000003.azure-devices.net;SharedAccessKeyName=iothubowner;SharedAccessKey=****","location":"westus"}],"allocationPolicy":"GeoLatency","serviceOperationsHostName":"dps000002.azure-devices-provisioning.net","deviceProvisioningHostName":"global.azure-devices-provisioning.net","idScope":"0ne0031BC41"},"resourcegroup":"clitest.rg000001","type":"Microsoft.Devices/provisioningServices","id":"/subscriptions/00000000-0000-0000-0000-000000000000/resourceGroups/clitest.rg000001/providers/Microsoft.Devices/provisioningServices/dps000002","subscriptionid":"a1bfa635-f2bf-42f1-86b5-848c674fc321","tags":{},"sku":{"name":"S1","tier":"Standard","capacity":1}}'
    headers:
      cache-control:
      - no-cache
      content-length:
      - '1078'
      content-type:
      - application/json; charset=utf-8
      date:
      - Tue, 29 Jun 2021 04:12:00 GMT
      expires:
      - '-1'
      pragma:
      - no-cache
      server:
      - Microsoft-HTTPAPI/2.0
      strict-transport-security:
      - max-age=31536000; includeSubDomains
      transfer-encoding:
      - chunked
      vary:
      - Accept-Encoding
      x-content-type-options:
      - nosniff
    status:
      code: 200
      message: OK
- request:
    body: null
    headers:
      Accept:
      - application/json
      Accept-Encoding:
      - gzip, deflate
      CommandName:
      - iot dps linked-hub delete
      Connection:
      - keep-alive
      Content-Type:
      - application/json; charset=utf-8
      ParameterSetName:
      - --dps-name -g --linked-hub
      User-Agent:
      - python/3.8.10 (Windows-10-10.0.19043-SP0) msrest/0.6.21 msrest_azure/0.6.3
        azure-mgmt-iothubprovisioningservices/0.2.0 Azure-SDK-For-Python AZURECLI/2.25.0
      accept-language:
      - en-US
    method: GET
    uri: https://management.azure.com/subscriptions/00000000-0000-0000-0000-000000000000/resourceGroups/clitest.rg000001/providers/Microsoft.Devices/provisioningServices/dps000002?api-version=2018-01-22
  response:
    body:
      string: '{"etag":"AAAAAAnXnXI=","name":"dps000002","location":"westus","properties":{"state":"Active","provisioningState":"Succeeded","iotHubs":[{"applyAllocationPolicy":true,"allocationWeight":10,"name":"iot000003.azure-devices.net","connectionString":"HostName=iot000003.azure-devices.net;SharedAccessKeyName=iothubowner;SharedAccessKey=****","location":"westus"}],"allocationPolicy":"GeoLatency","serviceOperationsHostName":"dps000002.azure-devices-provisioning.net","deviceProvisioningHostName":"global.azure-devices-provisioning.net","idScope":"0ne0031BC41"},"resourcegroup":"clitest.rg000001","type":"Microsoft.Devices/provisioningServices","id":"/subscriptions/00000000-0000-0000-0000-000000000000/resourceGroups/clitest.rg000001/providers/Microsoft.Devices/provisioningServices/dps000002","subscriptionid":"a1bfa635-f2bf-42f1-86b5-848c674fc321","tags":{},"sku":{"name":"S1","tier":"Standard","capacity":1}}'
    headers:
      cache-control:
      - no-cache
      content-length:
      - '1078'
      content-type:
      - application/json; charset=utf-8
      date:
      - Tue, 29 Jun 2021 04:12:02 GMT
      expires:
      - '-1'
      pragma:
      - no-cache
      server:
      - Microsoft-HTTPAPI/2.0
      strict-transport-security:
      - max-age=31536000; includeSubDomains
      transfer-encoding:
      - chunked
      vary:
      - Accept-Encoding
      x-content-type-options:
      - nosniff
    status:
      code: 200
      message: OK
- request:
    body: '{"location": "westus", "properties": {"iotHubs": [], "allocationPolicy":
      "GeoLatency"}, "sku": {"name": "S1", "capacity": 1}}'
    headers:
      Accept:
      - application/json
      Accept-Encoding:
      - gzip, deflate
      CommandName:
      - iot dps linked-hub delete
      Connection:
      - keep-alive
      Content-Length:
      - '125'
      Content-Type:
      - application/json; charset=utf-8
      ParameterSetName:
      - --dps-name -g --linked-hub
      User-Agent:
      - python/3.8.10 (Windows-10-10.0.19043-SP0) msrest/0.6.21 msrest_azure/0.6.3
        azure-mgmt-iothubprovisioningservices/0.2.0 Azure-SDK-For-Python AZURECLI/2.25.0
      accept-language:
      - en-US
    method: PUT
    uri: https://management.azure.com/subscriptions/00000000-0000-0000-0000-000000000000/resourceGroups/clitest.rg000001/providers/Microsoft.Devices/provisioningServices/dps000002?api-version=2018-01-22
  response:
    body:
      string: '{"name":"dps000002","location":"westus","properties":{"state":"Transitioning","provisioningState":"Accepted","iotHubs":[],"allocationPolicy":"GeoLatency","idScope":null},"resourcegroup":"clitest.rg000001","type":"Microsoft.Devices/provisioningServices","id":"/subscriptions/00000000-0000-0000-0000-000000000000/resourceGroups/clitest.rg000001/providers/Microsoft.Devices/provisioningServices/dps000002","subscriptionid":"a1bfa635-f2bf-42f1-86b5-848c674fc321","tags":{},"sku":{"name":"S1","tier":"Standard","capacity":1}}'
    headers:
      azure-asyncoperation:
      - https://management.azure.com/subscriptions/00000000-0000-0000-0000-000000000000/resourceGroups/clitest.rg000001/providers/Microsoft.Devices/provisioningServices/dps000002/operationResults/b3NfaWRfZDIyYmJiZjktMzQ0ZC00NjYzLTg3MWMtM2M3YmJiOThlYTgz?api-version=2018-01-22&asyncinfo
      cache-control:
      - no-cache
      content-length:
      - '660'
      content-type:
      - application/json; charset=utf-8
      date:
      - Tue, 29 Jun 2021 04:12:09 GMT
      expires:
      - '-1'
      pragma:
      - no-cache
      server:
      - Microsoft-HTTPAPI/2.0
      strict-transport-security:
      - max-age=31536000; includeSubDomains
      x-content-type-options:
      - nosniff
      x-ms-ratelimit-remaining-subscription-resource-requests:
      - '4999'
    status:
      code: 201
      message: Created
- request:
    body: null
    headers:
      Accept:
      - application/json
      Accept-Encoding:
      - gzip, deflate
      CommandName:
      - iot dps linked-hub delete
      Connection:
      - keep-alive
      ParameterSetName:
      - --dps-name -g --linked-hub
      User-Agent:
      - python/3.8.10 (Windows-10-10.0.19043-SP0) msrest/0.6.21 msrest_azure/0.6.3
        azure-mgmt-iothubprovisioningservices/0.2.0 Azure-SDK-For-Python AZURECLI/2.25.0
    method: GET
    uri: https://management.azure.com/subscriptions/00000000-0000-0000-0000-000000000000/resourceGroups/clitest.rg000001/providers/Microsoft.Devices/provisioningServices/dps000002/operationResults/b3NfaWRfZDIyYmJiZjktMzQ0ZC00NjYzLTg3MWMtM2M3YmJiOThlYTgz?api-version=2018-01-22&asyncinfo
  response:
    body:
      string: '{"status":"Succeeded"}'
    headers:
      cache-control:
      - no-cache
      content-length:
      - '22'
      content-type:
      - application/json; charset=utf-8
      date:
      - Tue, 29 Jun 2021 04:12:41 GMT
      expires:
      - '-1'
      pragma:
      - no-cache
      server:
      - Microsoft-HTTPAPI/2.0
      strict-transport-security:
      - max-age=31536000; includeSubDomains
      transfer-encoding:
      - chunked
      vary:
      - Accept-Encoding
      x-content-type-options:
      - nosniff
    status:
      code: 200
      message: OK
- request:
    body: null
    headers:
      Accept:
      - application/json
      Accept-Encoding:
      - gzip, deflate
      CommandName:
      - iot dps linked-hub delete
      Connection:
      - keep-alive
      ParameterSetName:
      - --dps-name -g --linked-hub
      User-Agent:
      - python/3.8.10 (Windows-10-10.0.19043-SP0) msrest/0.6.21 msrest_azure/0.6.3
        azure-mgmt-iothubprovisioningservices/0.2.0 Azure-SDK-For-Python AZURECLI/2.25.0
    method: GET
    uri: https://management.azure.com/subscriptions/00000000-0000-0000-0000-000000000000/resourceGroups/clitest.rg000001/providers/Microsoft.Devices/provisioningServices/dps000002?api-version=2018-01-22
  response:
    body:
      string: '{"etag":"AAAAAAnXngg=","name":"dps000002","location":"westus","properties":{"state":"Active","provisioningState":"Succeeded","iotHubs":[],"allocationPolicy":"GeoLatency","serviceOperationsHostName":"dps000002.azure-devices-provisioning.net","deviceProvisioningHostName":"global.azure-devices-provisioning.net","idScope":"0ne0031BC41"},"resourcegroup":"clitest.rg000001","type":"Microsoft.Devices/provisioningServices","id":"/subscriptions/00000000-0000-0000-0000-000000000000/resourceGroups/clitest.rg000001/providers/Microsoft.Devices/provisioningServices/dps000002","subscriptionid":"a1bfa635-f2bf-42f1-86b5-848c674fc321","tags":{},"sku":{"name":"S1","tier":"Standard","capacity":1}}'
    headers:
      cache-control:
      - no-cache
      content-length:
      - '836'
      content-type:
      - application/json; charset=utf-8
      date:
      - Tue, 29 Jun 2021 04:12:42 GMT
      expires:
      - '-1'
      pragma:
      - no-cache
      server:
      - Microsoft-HTTPAPI/2.0
      strict-transport-security:
      - max-age=31536000; includeSubDomains
      transfer-encoding:
      - chunked
      vary:
      - Accept-Encoding
      x-content-type-options:
      - nosniff
    status:
      code: 200
      message: OK
- request:
    body: null
    headers:
      Accept:
      - application/json
      Accept-Encoding:
      - gzip, deflate
      CommandName:
      - iot dps linked-hub delete
      Connection:
      - keep-alive
      Content-Type:
      - application/json; charset=utf-8
      ParameterSetName:
      - --dps-name -g --linked-hub
      User-Agent:
      - python/3.8.10 (Windows-10-10.0.19043-SP0) msrest/0.6.21 msrest_azure/0.6.3
        azure-mgmt-iothubprovisioningservices/0.2.0 Azure-SDK-For-Python AZURECLI/2.25.0
      accept-language:
      - en-US
    method: GET
    uri: https://management.azure.com/subscriptions/00000000-0000-0000-0000-000000000000/resourceGroups/clitest.rg000001/providers/Microsoft.Devices/provisioningServices/dps000002?api-version=2018-01-22
  response:
    body:
      string: '{"etag":"AAAAAAnXngg=","name":"dps000002","location":"westus","properties":{"state":"Active","provisioningState":"Succeeded","iotHubs":[],"allocationPolicy":"GeoLatency","serviceOperationsHostName":"dps000002.azure-devices-provisioning.net","deviceProvisioningHostName":"global.azure-devices-provisioning.net","idScope":"0ne0031BC41"},"resourcegroup":"clitest.rg000001","type":"Microsoft.Devices/provisioningServices","id":"/subscriptions/00000000-0000-0000-0000-000000000000/resourceGroups/clitest.rg000001/providers/Microsoft.Devices/provisioningServices/dps000002","subscriptionid":"a1bfa635-f2bf-42f1-86b5-848c674fc321","tags":{},"sku":{"name":"S1","tier":"Standard","capacity":1}}'
    headers:
      cache-control:
      - no-cache
      content-length:
      - '836'
      content-type:
      - application/json; charset=utf-8
      date:
      - Tue, 29 Jun 2021 04:12:43 GMT
      expires:
      - '-1'
      pragma:
      - no-cache
      server:
      - Microsoft-HTTPAPI/2.0
      strict-transport-security:
      - max-age=31536000; includeSubDomains
      transfer-encoding:
      - chunked
      vary:
      - Accept-Encoding
      x-content-type-options:
      - nosniff
    status:
      code: 200
      message: OK
- request:
    body: null
    headers:
      Accept:
      - application/json
      Accept-Encoding:
      - gzip, deflate
      CommandName:
      - iot dps delete
      Connection:
      - keep-alive
      Content-Length:
      - '0'
      Content-Type:
      - application/json; charset=utf-8
      ParameterSetName:
      - -g -n
      User-Agent:
      - python/3.8.10 (Windows-10-10.0.19043-SP0) msrest/0.6.21 msrest_azure/0.6.3
        azure-mgmt-iothubprovisioningservices/0.2.0 Azure-SDK-For-Python AZURECLI/2.25.0
      accept-language:
      - en-US
    method: DELETE
    uri: https://management.azure.com/subscriptions/00000000-0000-0000-0000-000000000000/resourceGroups/clitest.rg000001/providers/Microsoft.Devices/provisioningServices/dps000002?api-version=2018-01-22
  response:
    body:
      string: 'null'
    headers:
      azure-asyncoperation:
      - https://management.azure.com/subscriptions/00000000-0000-0000-0000-000000000000/resourceGroups/clitest.rg000001/providers/Microsoft.Devices/provisioningServices/dps000002/operationResults/b3NfaWRfYzViODE4MGMtYzUyYi00NmMxLTgyOTYtY2IxNzI1N2UwNzRi?api-version=2018-01-22&asyncinfo
      cache-control:
      - no-cache
      content-length:
      - '4'
      content-type:
      - application/json; charset=utf-8
      date:
      - Tue, 29 Jun 2021 04:12:47 GMT
      expires:
      - '-1'
      location:
      - https://management.azure.com/subscriptions/00000000-0000-0000-0000-000000000000/resourceGroups/clitest.rg000001/providers/Microsoft.Devices/provisioningServices/dps000002/operationResults/b3NfaWRfYzViODE4MGMtYzUyYi00NmMxLTgyOTYtY2IxNzI1N2UwNzRi?api-version=2018-01-22
      pragma:
      - no-cache
      server:
      - Microsoft-HTTPAPI/2.0
      strict-transport-security:
      - max-age=31536000; includeSubDomains
      x-content-type-options:
      - nosniff
      x-ms-ratelimit-remaining-subscription-deletes:
      - '14999'
    status:
      code: 202
      message: Accepted
- request:
    body: null
    headers:
      Accept:
      - application/json
      Accept-Encoding:
      - gzip, deflate
      CommandName:
      - iot dps delete
      Connection:
      - keep-alive
      ParameterSetName:
      - -g -n
      User-Agent:
      - python/3.8.10 (Windows-10-10.0.19043-SP0) msrest/0.6.21 msrest_azure/0.6.3
        azure-mgmt-iothubprovisioningservices/0.2.0 Azure-SDK-For-Python AZURECLI/2.25.0
    method: GET
    uri: https://management.azure.com/subscriptions/00000000-0000-0000-0000-000000000000/resourceGroups/clitest.rg000001/providers/Microsoft.Devices/provisioningServices/dps000002/operationResults/b3NfaWRfYzViODE4MGMtYzUyYi00NmMxLTgyOTYtY2IxNzI1N2UwNzRi?api-version=2018-01-22&asyncinfo
  response:
    body:
      string: '{"status":"Succeeded"}'
    headers:
      cache-control:
      - no-cache
      content-length:
      - '22'
      content-type:
      - application/json; charset=utf-8
      date:
      - Tue, 29 Jun 2021 04:13:02 GMT
      expires:
      - '-1'
      pragma:
      - no-cache
      server:
      - Microsoft-HTTPAPI/2.0
      strict-transport-security:
      - max-age=31536000; includeSubDomains
      transfer-encoding:
      - chunked
      vary:
      - Accept-Encoding
      x-content-type-options:
      - nosniff
    status:
      code: 200
      message: OK
version: 1
