interactions:
- request:
    body: null
    headers:
      Accept:
      - application/json
      Accept-Encoding:
      - gzip, deflate
      CommandName:
      - iot hub create
      Connection:
      - keep-alive
      ParameterSetName:
      - -n -g --no-wait
      User-Agent:
      - AZURECLI/2.54.0 azsdk-python-azure-mgmt-resource/23.1.0b2 Python/3.10.13 (Linux-5.15.0-1050-azure-x86_64-with-glibc2.31)
        VSTS_7b238909-6802-4b65-b90d-184bca47f458_build_220_0
    method: GET
    uri: https://management.azure.com/subscriptions/00000000-0000-0000-0000-000000000000/resourcegroups/clitest.rg000001?api-version=2022-09-01
  response:
    body:
      string: '{"id":"/subscriptions/00000000-0000-0000-0000-000000000000/resourceGroups/clitest.rg000001","name":"clitest.rg000001","type":"Microsoft.Resources/resourceGroups","location":"westus2","tags":{"product":"azurecli","cause":"automation","test":"test_hub_wait","date":"2023-11-15T15:55:28Z","module":"iot"},"properties":{"provisioningState":"Succeeded"}}'
    headers:
      cache-control:
      - no-cache
      content-length:
      - '349'
      content-type:
      - application/json; charset=utf-8
      date:
      - Wed, 15 Nov 2023 15:55:29 GMT
      expires:
      - '-1'
      pragma:
      - no-cache
      strict-transport-security:
      - max-age=31536000; includeSubDomains
      vary:
      - Accept-Encoding
      x-content-type-options:
      - nosniff
    status:
      code: 200
      message: OK
- request:
    body: '{"location": "westus2", "properties": {"eventHubEndpoints": {"events":
      {"retentionTimeInDays": 1, "partitionCount": 4}}, "storageEndpoints": {"$default":
      {"sasTtlAsIso8601": "PT1H", "connectionString": "", "containerName": ""}}, "messagingEndpoints":
      {"fileNotifications": {"lockDurationAsIso8601": "PT5S", "ttlAsIso8601": "PT1H",
      "maxDeliveryCount": 10}}, "enableFileUploadNotifications": false, "cloudToDevice":
      {"maxDeliveryCount": 10, "defaultTtlAsIso8601": "PT1H", "feedback": {"lockDurationAsIso8601":
      "PT5S", "ttlAsIso8601": "PT1H", "maxDeliveryCount": 10}}}, "sku": {"name": "S1",
      "capacity": 1}}'
    headers:
      Accept:
      - application/json
      Accept-Encoding:
      - gzip, deflate
      CommandName:
      - iot hub create
      Connection:
      - keep-alive
      Content-Length:
      - '604'
      Content-Type:
      - application/json
      ParameterSetName:
      - -n -g --no-wait
      User-Agent:
      - AZURECLI/2.54.0 azsdk-python-azure-mgmt-iothub/3.0.0 Python/3.10.13 (Linux-5.15.0-1050-azure-x86_64-with-glibc2.31)
        VSTS_7b238909-6802-4b65-b90d-184bca47f458_build_220_0
    method: PUT
    uri: https://management.azure.com/subscriptions/00000000-0000-0000-0000-000000000000/resourceGroups/clitest.rg000001/providers/Microsoft.Devices/IotHubs/iot-hub-for-test-11000002?api-version=2023-06-30-preview
  response:
    body:
      string: '{"id":"/subscriptions/00000000-0000-0000-0000-000000000000/resourceGroups/clitest.rg000001/providers/Microsoft.Devices/IotHubs/iot-hub-for-test-11000002","name":"iot-hub-for-test-11000002","type":"Microsoft.Devices/IotHubs","location":"westus2","tags":{},"subscriptionid":"0b1f6471-1bf0-4dda-aec3-cb9272f09590","resourcegroup":"clitest.rg000001","properties":{"provisioningState":"Accepted","eventHubEndpoints":{"events":{"retentionTimeInDays":1,"partitionCount":4}},"storageEndpoints":{"$default":{"sasTtlAsIso8601":"PT1H","connectionString":"","containerName":""}},"messagingEndpoints":{"fileNotifications":{"lockDurationAsIso8601":"PT5S","ttlAsIso8601":"PT1H","maxDeliveryCount":10}},"enableFileUploadNotifications":false,"cloudToDevice":{"maxDeliveryCount":10,"defaultTtlAsIso8601":"PT1H","feedback":{"lockDurationAsIso8601":"PT5S","ttlAsIso8601":"PT1H","maxDeliveryCount":10}},"features":"None","allowedFqdnList":[]},"sku":{"name":"S1","tier":"Standard","capacity":1}}'
    headers:
      azure-asyncoperation:
      - https://management.azure.com/subscriptions/00000000-0000-0000-0000-000000000000/providers/Microsoft.Devices/locations/westus2/operationResults/aWQ9b3NfaWhfNTQxYTJkMGMtYTY3MC00N2JhLWEwMTQtNzZhZWU3MGZiZjcyO3JlZ2lvbj13ZXN0dXMy?api-version=2023-06-30-preview&operationSource=other&asyncinfo
      cache-control:
      - no-cache
      content-length:
      - '973'
      content-type:
      - application/json; charset=utf-8
      date:
      - Wed, 15 Nov 2023 15:55:57 GMT
      expires:
      - '-1'
      pragma:
      - no-cache
      server:
      - Microsoft-HTTPAPI/2.0
      strict-transport-security:
      - max-age=31536000; includeSubDomains
      x-content-type-options:
      - nosniff
      x-ms-ratelimit-remaining-subscription-resource-requests:
      - '4999'
    status:
      code: 201
      message: Created
- request:
    body: '{"name": "iot-hub-for-test-11000002"}'
    headers:
      Accept:
      - application/json
      Accept-Encoding:
      - gzip, deflate
      CommandName:
      - iot hub wait
      Connection:
      - keep-alive
      Content-Length:
      - '37'
      Content-Type:
      - application/json
      ParameterSetName:
      - -n -g --created
      User-Agent:
      - AZURECLI/2.54.0 azsdk-python-azure-mgmt-iothub/3.0.0 Python/3.10.13 (Linux-5.15.0-1050-azure-x86_64-with-glibc2.31)
        VSTS_7b238909-6802-4b65-b90d-184bca47f458_build_220_0
    method: POST
    uri: https://management.azure.com/subscriptions/00000000-0000-0000-0000-000000000000/providers/Microsoft.Devices/checkNameAvailability?api-version=2023-06-30-preview
  response:
    body:
      string: '{"nameAvailable":false,"reason":"AlreadyExists","message":"IotHub name
        ''iot-hub-for-test-11000002'' is not available"}'
    headers:
      cache-control:
      - no-cache
      content-length:
      - '117'
      content-type:
      - application/json; charset=utf-8
      date:
      - Wed, 15 Nov 2023 15:55:58 GMT
      expires:
      - '-1'
      pragma:
      - no-cache
      server:
      - Microsoft-HTTPAPI/2.0
      strict-transport-security:
      - max-age=31536000; includeSubDomains
      x-content-type-options:
      - nosniff
      x-ms-ratelimit-remaining-subscription-writes:
      - '1199'
    status:
      code: 200
      message: OK
- request:
    body: null
    headers:
      Accept:
      - '*/*'
      Accept-Encoding:
      - gzip, deflate
      CommandName:
      - iot hub create
      Connection:
      - keep-alive
      ParameterSetName:
      - -n -g --no-wait
      User-Agent:
      - AZURECLI/2.54.0 azsdk-python-azure-mgmt-iothub/3.0.0 Python/3.10.13 (Linux-5.15.0-1050-azure-x86_64-with-glibc2.31)
        VSTS_7b238909-6802-4b65-b90d-184bca47f458_build_220_0
    method: GET
    uri: https://management.azure.com/subscriptions/00000000-0000-0000-0000-000000000000/providers/Microsoft.Devices/locations/westus2/operationResults/aWQ9b3NfaWhfNTQxYTJkMGMtYTY3MC00N2JhLWEwMTQtNzZhZWU3MGZiZjcyO3JlZ2lvbj13ZXN0dXMy?api-version=2023-06-30-preview&operationSource=other&asyncinfo
  response:
    body:
      string: '{"status":"Running"}'
    headers:
      cache-control:
      - no-cache
      content-length:
      - '20'
      content-type:
      - application/json; charset=utf-8
      date:
      - Wed, 15 Nov 2023 15:55:58 GMT
      expires:
      - '-1'
      pragma:
      - no-cache
      server:
      - Microsoft-HTTPAPI/2.0
      strict-transport-security:
      - max-age=31536000; includeSubDomains
      transfer-encoding:
      - chunked
      vary:
      - Accept-Encoding
      x-content-type-options:
      - nosniff
    status:
      code: 200
      message: OK
- request:
    body: null
    headers:
      Accept:
      - application/json
      Accept-Encoding:
      - gzip, deflate
      CommandName:
      - iot hub wait
      Connection:
      - keep-alive
      ParameterSetName:
      - -n -g --created
      User-Agent:
      - AZURECLI/2.54.0 azsdk-python-azure-mgmt-iothub/3.0.0 Python/3.10.13 (Linux-5.15.0-1050-azure-x86_64-with-glibc2.31)
        VSTS_7b238909-6802-4b65-b90d-184bca47f458_build_220_0
    method: GET
    uri: https://management.azure.com/subscriptions/00000000-0000-0000-0000-000000000000/resourceGroups/clitest.rg000001/providers/Microsoft.Devices/IotHubs/iot-hub-for-test-11000002?api-version=2023-06-30-preview
  response:
    body:
      string: '{"id":"/subscriptions/00000000-0000-0000-0000-000000000000/resourceGroups/clitest.rg000001/providers/Microsoft.Devices/IotHubs/iot-hub-for-test-11000002","name":"iot-hub-for-test-11000002","type":"Microsoft.Devices/IotHubs","location":"westus2","tags":{},"subscriptionid":"0b1f6471-1bf0-4dda-aec3-cb9272f09590","resourcegroup":"clitest.rg000001","etag":"AAAADIAJe+M=","properties":{"locations":[{"location":"West
        US 2","role":"primary"},{"location":"West Central US","role":"secondary"}],"state":"Activating","provisioningState":"Activating","ipFilterRules":[],"eventHubEndpoints":{"events":{"retentionTimeInDays":1,"partitionCount":4}},"routing":{"endpoints":{"serviceBusQueues":[],"serviceBusTopics":[],"eventHubs":[],"storageContainers":[],"cosmosDBSqlContainers":[]},"routes":[],"fallbackRoute":{"name":"$fallback","source":"DeviceMessages","condition":"true","endpointNames":["events"],"isEnabled":true}},"storageEndpoints":{"$default":{"sasTtlAsIso8601":"PT1H","connectionString":"","containerName":""}},"messagingEndpoints":{"fileNotifications":{"lockDurationAsIso8601":"PT5S","ttlAsIso8601":"PT1H","maxDeliveryCount":10}},"enableFileUploadNotifications":false,"cloudToDevice":{"maxDeliveryCount":10,"defaultTtlAsIso8601":"PT1H","feedback":{"lockDurationAsIso8601":"PT5S","ttlAsIso8601":"PT1H","maxDeliveryCount":10}},"features":"RootCertificateV2","allowedFqdnList":[],"rootCertificate":{"enableRootCertificateV2":true,"lastUpdatedTimeUtc":"2023-11-15T15:55:32.5837061Z"}},"sku":{"name":"S1","tier":"Standard","capacity":1},"identity":{"type":"None"},"systemData":{"createdAt":"2023-11-15T15:55:57.8966667Z"}}'
    headers:
      cache-control:
      - no-cache
      content-length:
      - '1617'
      content-type:
      - application/json; charset=utf-8
      date:
      - Wed, 15 Nov 2023 15:55:59 GMT
      expires:
      - '-1'
      pragma:
      - no-cache
      server:
      - Microsoft-HTTPAPI/2.0
      strict-transport-security:
      - max-age=31536000; includeSubDomains
      transfer-encoding:
      - chunked
      vary:
      - Accept-Encoding
      x-content-type-options:
      - nosniff
    status:
      code: 200
      message: OK
- request:
    body: null
    headers:
      Accept:
      - '*/*'
      Accept-Encoding:
      - gzip, deflate
      CommandName:
      - iot hub create
      Connection:
      - keep-alive
      ParameterSetName:
      - -n -g --no-wait
      User-Agent:
      - AZURECLI/2.54.0 azsdk-python-azure-mgmt-iothub/3.0.0 Python/3.10.13 (Linux-5.15.0-1050-azure-x86_64-with-glibc2.31)
        VSTS_7b238909-6802-4b65-b90d-184bca47f458_build_220_0
    method: GET
    uri: https://management.azure.com/subscriptions/00000000-0000-0000-0000-000000000000/providers/Microsoft.Devices/locations/westus2/operationResults/aWQ9b3NfaWhfNTQxYTJkMGMtYTY3MC00N2JhLWEwMTQtNzZhZWU3MGZiZjcyO3JlZ2lvbj13ZXN0dXMy?api-version=2023-06-30-preview&operationSource=other&asyncinfo
  response:
    body:
      string: '{"status":"Running"}'
    headers:
      cache-control:
      - no-cache
      content-length:
      - '20'
      content-type:
      - application/json; charset=utf-8
      date:
      - Wed, 15 Nov 2023 15:56:28 GMT
      expires:
      - '-1'
      pragma:
      - no-cache
      server:
      - Microsoft-HTTPAPI/2.0
      strict-transport-security:
      - max-age=31536000; includeSubDomains
      transfer-encoding:
      - chunked
      vary:
      - Accept-Encoding
      x-content-type-options:
      - nosniff
    status:
      code: 200
      message: OK
- request:
    body: null
    headers:
      Accept:
      - application/json
      Accept-Encoding:
      - gzip, deflate
      CommandName:
      - iot hub wait
      Connection:
      - keep-alive
      ParameterSetName:
      - -n -g --created
      User-Agent:
      - AZURECLI/2.54.0 azsdk-python-azure-mgmt-resource/23.1.0b2 Python/3.10.13 (Linux-5.15.0-1050-azure-x86_64-with-glibc2.31)
        VSTS_7b238909-6802-4b65-b90d-184bca47f458_build_220_0
    method: HEAD
    uri: https://management.azure.com/subscriptions/00000000-0000-0000-0000-000000000000/resourcegroups/clitest.rg000001?api-version=2022-09-01
  response:
    body:
      string: ''
    headers:
      cache-control:
      - no-cache
      content-length:
      - '0'
      date:
      - Wed, 15 Nov 2023 15:56:29 GMT
      expires:
      - '-1'
      pragma:
      - no-cache
      strict-transport-security:
      - max-age=31536000; includeSubDomains
      x-content-type-options:
      - nosniff
    status:
      code: 204
      message: No Content
- request:
    body: '{"name": "iot-hub-for-test-11000002"}'
    headers:
      Accept:
      - application/json
      Accept-Encoding:
      - gzip, deflate
      CommandName:
      - iot hub wait
      Connection:
      - keep-alive
      Content-Length:
      - '37'
      Content-Type:
      - application/json
      ParameterSetName:
      - -n -g --created
      User-Agent:
      - AZURECLI/2.54.0 azsdk-python-azure-mgmt-iothub/3.0.0 Python/3.10.13 (Linux-5.15.0-1050-azure-x86_64-with-glibc2.31)
        VSTS_7b238909-6802-4b65-b90d-184bca47f458_build_220_0
    method: POST
    uri: https://management.azure.com/subscriptions/00000000-0000-0000-0000-000000000000/providers/Microsoft.Devices/checkNameAvailability?api-version=2023-06-30-preview
  response:
    body:
      string: '{"nameAvailable":false,"reason":"AlreadyExists","message":"IotHub name
        ''iot-hub-for-test-11000002'' is not available"}'
    headers:
      cache-control:
      - no-cache
      content-length:
      - '117'
      content-type:
      - application/json; charset=utf-8
      date:
      - Wed, 15 Nov 2023 15:56:29 GMT
      expires:
      - '-1'
      pragma:
      - no-cache
      server:
      - Microsoft-HTTPAPI/2.0
      strict-transport-security:
      - max-age=31536000; includeSubDomains
      transfer-encoding:
      - chunked
      vary:
      - Accept-Encoding
      x-content-type-options:
      - nosniff
      x-ms-ratelimit-remaining-subscription-writes:
      - '1199'
    status:
      code: 200
      message: OK
- request:
    body: null
    headers:
      Accept:
      - application/json
      Accept-Encoding:
      - gzip, deflate
      CommandName:
      - iot hub wait
      Connection:
      - keep-alive
      ParameterSetName:
      - -n -g --created
      User-Agent:
      - AZURECLI/2.54.0 azsdk-python-azure-mgmt-iothub/3.0.0 Python/3.10.13 (Linux-5.15.0-1050-azure-x86_64-with-glibc2.31)
        VSTS_7b238909-6802-4b65-b90d-184bca47f458_build_220_0
    method: GET
    uri: https://management.azure.com/subscriptions/00000000-0000-0000-0000-000000000000/resourceGroups/clitest.rg000001/providers/Microsoft.Devices/IotHubs/iot-hub-for-test-11000002?api-version=2023-06-30-preview
  response:
    body:
      string: '{"id":"/subscriptions/00000000-0000-0000-0000-000000000000/resourceGroups/clitest.rg000001/providers/Microsoft.Devices/IotHubs/iot-hub-for-test-11000002","name":"iot-hub-for-test-11000002","type":"Microsoft.Devices/IotHubs","location":"westus2","tags":{},"subscriptionid":"0b1f6471-1bf0-4dda-aec3-cb9272f09590","resourcegroup":"clitest.rg000001","etag":"AAAADIAJe+M=","properties":{"locations":[{"location":"West
        US 2","role":"primary"},{"location":"West Central US","role":"secondary"}],"state":"Activating","provisioningState":"Activating","ipFilterRules":[],"eventHubEndpoints":{"events":{"retentionTimeInDays":1,"partitionCount":4}},"routing":{"endpoints":{"serviceBusQueues":[],"serviceBusTopics":[],"eventHubs":[],"storageContainers":[],"cosmosDBSqlContainers":[]},"routes":[],"fallbackRoute":{"name":"$fallback","source":"DeviceMessages","condition":"true","endpointNames":["events"],"isEnabled":true}},"storageEndpoints":{"$default":{"sasTtlAsIso8601":"PT1H","connectionString":"","containerName":""}},"messagingEndpoints":{"fileNotifications":{"lockDurationAsIso8601":"PT5S","ttlAsIso8601":"PT1H","maxDeliveryCount":10}},"enableFileUploadNotifications":false,"cloudToDevice":{"maxDeliveryCount":10,"defaultTtlAsIso8601":"PT1H","feedback":{"lockDurationAsIso8601":"PT5S","ttlAsIso8601":"PT1H","maxDeliveryCount":10}},"features":"RootCertificateV2","allowedFqdnList":[],"rootCertificate":{"enableRootCertificateV2":true,"lastUpdatedTimeUtc":"2023-11-15T15:55:32.5837061Z"}},"sku":{"name":"S1","tier":"Standard","capacity":1},"identity":{"type":"None"},"systemData":{"createdAt":"2023-11-15T15:55:57.8966667Z"}}'
    headers:
      cache-control:
      - no-cache
      content-length:
      - '1617'
      content-type:
      - application/json; charset=utf-8
      date:
      - Wed, 15 Nov 2023 15:56:31 GMT
      expires:
      - '-1'
      pragma:
      - no-cache
      server:
      - Microsoft-HTTPAPI/2.0
      strict-transport-security:
      - max-age=31536000; includeSubDomains
      transfer-encoding:
      - chunked
      vary:
      - Accept-Encoding
      x-content-type-options:
      - nosniff
    status:
      code: 200
      message: OK
- request:
    body: null
    headers:
      Accept:
      - '*/*'
      Accept-Encoding:
      - gzip, deflate
      CommandName:
      - iot hub create
      Connection:
      - keep-alive
      ParameterSetName:
      - -n -g --no-wait
      User-Agent:
      - AZURECLI/2.54.0 azsdk-python-azure-mgmt-iothub/3.0.0 Python/3.10.13 (Linux-5.15.0-1050-azure-x86_64-with-glibc2.31)
        VSTS_7b238909-6802-4b65-b90d-184bca47f458_build_220_0
    method: GET
    uri: https://management.azure.com/subscriptions/00000000-0000-0000-0000-000000000000/providers/Microsoft.Devices/locations/westus2/operationResults/aWQ9b3NfaWhfNTQxYTJkMGMtYTY3MC00N2JhLWEwMTQtNzZhZWU3MGZiZjcyO3JlZ2lvbj13ZXN0dXMy?api-version=2023-06-30-preview&operationSource=other&asyncinfo
  response:
    body:
      string: '{"status":"Running"}'
    headers:
      cache-control:
      - no-cache
      content-length:
      - '20'
      content-type:
      - application/json; charset=utf-8
      date:
      - Wed, 15 Nov 2023 15:56:58 GMT
      expires:
      - '-1'
      pragma:
      - no-cache
      server:
      - Microsoft-HTTPAPI/2.0
      strict-transport-security:
      - max-age=31536000; includeSubDomains
      transfer-encoding:
      - chunked
      vary:
      - Accept-Encoding
      x-content-type-options:
      - nosniff
    status:
      code: 200
      message: OK
- request:
    body: null
    headers:
      Accept:
      - application/json
      Accept-Encoding:
      - gzip, deflate
      CommandName:
      - iot hub wait
      Connection:
      - keep-alive
      ParameterSetName:
      - -n -g --created
      User-Agent:
      - AZURECLI/2.54.0 azsdk-python-azure-mgmt-resource/23.1.0b2 Python/3.10.13 (Linux-5.15.0-1050-azure-x86_64-with-glibc2.31)
        VSTS_7b238909-6802-4b65-b90d-184bca47f458_build_220_0
    method: HEAD
    uri: https://management.azure.com/subscriptions/00000000-0000-0000-0000-000000000000/resourcegroups/clitest.rg000001?api-version=2022-09-01
  response:
    body:
      string: ''
    headers:
      cache-control:
      - no-cache
      content-length:
      - '0'
      date:
      - Wed, 15 Nov 2023 15:57:01 GMT
      expires:
      - '-1'
      pragma:
      - no-cache
      strict-transport-security:
      - max-age=31536000; includeSubDomains
      x-content-type-options:
      - nosniff
    status:
      code: 204
      message: No Content
- request:
    body: '{"name": "iot-hub-for-test-11000002"}'
    headers:
      Accept:
      - application/json
      Accept-Encoding:
      - gzip, deflate
      CommandName:
      - iot hub wait
      Connection:
      - keep-alive
      Content-Length:
      - '37'
      Content-Type:
      - application/json
      ParameterSetName:
      - -n -g --created
      User-Agent:
      - AZURECLI/2.54.0 azsdk-python-azure-mgmt-iothub/3.0.0 Python/3.10.13 (Linux-5.15.0-1050-azure-x86_64-with-glibc2.31)
        VSTS_7b238909-6802-4b65-b90d-184bca47f458_build_220_0
    method: POST
    uri: https://management.azure.com/subscriptions/00000000-0000-0000-0000-000000000000/providers/Microsoft.Devices/checkNameAvailability?api-version=2023-06-30-preview
  response:
    body:
      string: '{"nameAvailable":false,"reason":"AlreadyExists","message":"IotHub name
        ''iot-hub-for-test-11000002'' is not available"}'
    headers:
      cache-control:
      - no-cache
      content-length:
      - '117'
      content-type:
      - application/json; charset=utf-8
      date:
      - Wed, 15 Nov 2023 15:57:02 GMT
      expires:
      - '-1'
      pragma:
      - no-cache
      server:
      - Microsoft-HTTPAPI/2.0
      strict-transport-security:
      - max-age=31536000; includeSubDomains
      transfer-encoding:
      - chunked
      vary:
      - Accept-Encoding
      x-content-type-options:
      - nosniff
      x-ms-ratelimit-remaining-subscription-writes:
      - '1199'
    status:
      code: 200
      message: OK
- request:
    body: null
    headers:
      Accept:
      - application/json
      Accept-Encoding:
      - gzip, deflate
      CommandName:
      - iot hub wait
      Connection:
      - keep-alive
      ParameterSetName:
      - -n -g --created
      User-Agent:
      - AZURECLI/2.54.0 azsdk-python-azure-mgmt-iothub/3.0.0 Python/3.10.13 (Linux-5.15.0-1050-azure-x86_64-with-glibc2.31)
        VSTS_7b238909-6802-4b65-b90d-184bca47f458_build_220_0
    method: GET
    uri: https://management.azure.com/subscriptions/00000000-0000-0000-0000-000000000000/resourceGroups/clitest.rg000001/providers/Microsoft.Devices/IotHubs/iot-hub-for-test-11000002?api-version=2023-06-30-preview
  response:
    body:
      string: '{"id":"/subscriptions/00000000-0000-0000-0000-000000000000/resourceGroups/clitest.rg000001/providers/Microsoft.Devices/IotHubs/iot-hub-for-test-11000002","name":"iot-hub-for-test-11000002","type":"Microsoft.Devices/IotHubs","location":"westus2","tags":{},"subscriptionid":"0b1f6471-1bf0-4dda-aec3-cb9272f09590","resourcegroup":"clitest.rg000001","etag":"AAAADIAJe+M=","properties":{"locations":[{"location":"West
        US 2","role":"primary"},{"location":"West Central US","role":"secondary"}],"state":"Activating","provisioningState":"Activating","ipFilterRules":[],"eventHubEndpoints":{"events":{"retentionTimeInDays":1,"partitionCount":4}},"routing":{"endpoints":{"serviceBusQueues":[],"serviceBusTopics":[],"eventHubs":[],"storageContainers":[],"cosmosDBSqlContainers":[]},"routes":[],"fallbackRoute":{"name":"$fallback","source":"DeviceMessages","condition":"true","endpointNames":["events"],"isEnabled":true}},"storageEndpoints":{"$default":{"sasTtlAsIso8601":"PT1H","connectionString":"","containerName":""}},"messagingEndpoints":{"fileNotifications":{"lockDurationAsIso8601":"PT5S","ttlAsIso8601":"PT1H","maxDeliveryCount":10}},"enableFileUploadNotifications":false,"cloudToDevice":{"maxDeliveryCount":10,"defaultTtlAsIso8601":"PT1H","feedback":{"lockDurationAsIso8601":"PT5S","ttlAsIso8601":"PT1H","maxDeliveryCount":10}},"features":"RootCertificateV2","allowedFqdnList":[],"rootCertificate":{"enableRootCertificateV2":true,"lastUpdatedTimeUtc":"2023-11-15T15:55:32.5837061Z"}},"sku":{"name":"S1","tier":"Standard","capacity":1},"identity":{"type":"None"},"systemData":{"createdAt":"2023-11-15T15:55:57.8966667Z"}}'
    headers:
      cache-control:
      - no-cache
      content-length:
      - '1617'
      content-type:
      - application/json; charset=utf-8
      date:
      - Wed, 15 Nov 2023 15:57:03 GMT
      expires:
      - '-1'
      pragma:
      - no-cache
      server:
      - Microsoft-HTTPAPI/2.0
      strict-transport-security:
      - max-age=31536000; includeSubDomains
      transfer-encoding:
      - chunked
      vary:
      - Accept-Encoding
      x-content-type-options:
      - nosniff
    status:
      code: 200
      message: OK
- request:
    body: null
    headers:
      Accept:
      - '*/*'
      Accept-Encoding:
      - gzip, deflate
      CommandName:
      - iot hub create
      Connection:
      - keep-alive
      ParameterSetName:
      - -n -g --no-wait
      User-Agent:
      - AZURECLI/2.54.0 azsdk-python-azure-mgmt-iothub/3.0.0 Python/3.10.13 (Linux-5.15.0-1050-azure-x86_64-with-glibc2.31)
        VSTS_7b238909-6802-4b65-b90d-184bca47f458_build_220_0
    method: GET
    uri: https://management.azure.com/subscriptions/00000000-0000-0000-0000-000000000000/providers/Microsoft.Devices/locations/westus2/operationResults/aWQ9b3NfaWhfNTQxYTJkMGMtYTY3MC00N2JhLWEwMTQtNzZhZWU3MGZiZjcyO3JlZ2lvbj13ZXN0dXMy?api-version=2023-06-30-preview&operationSource=other&asyncinfo
  response:
    body:
      string: '{"status":"Running"}'
    headers:
      cache-control:
      - no-cache
      content-length:
      - '20'
      content-type:
      - application/json; charset=utf-8
      date:
      - Wed, 15 Nov 2023 15:57:29 GMT
      expires:
      - '-1'
      pragma:
      - no-cache
      server:
      - Microsoft-HTTPAPI/2.0
      strict-transport-security:
      - max-age=31536000; includeSubDomains
      transfer-encoding:
      - chunked
      vary:
      - Accept-Encoding
      x-content-type-options:
      - nosniff
    status:
      code: 200
      message: OK
- request:
    body: null
    headers:
      Accept:
      - application/json
      Accept-Encoding:
      - gzip, deflate
      CommandName:
      - iot hub wait
      Connection:
      - keep-alive
      ParameterSetName:
      - -n -g --created
      User-Agent:
      - AZURECLI/2.54.0 azsdk-python-azure-mgmt-resource/23.1.0b2 Python/3.10.13 (Linux-5.15.0-1050-azure-x86_64-with-glibc2.31)
        VSTS_7b238909-6802-4b65-b90d-184bca47f458_build_220_0
    method: HEAD
    uri: https://management.azure.com/subscriptions/00000000-0000-0000-0000-000000000000/resourcegroups/clitest.rg000001?api-version=2022-09-01
  response:
    body:
      string: ''
    headers:
      cache-control:
      - no-cache
      content-length:
      - '0'
      date:
      - Wed, 15 Nov 2023 15:57:33 GMT
      expires:
      - '-1'
      pragma:
      - no-cache
      strict-transport-security:
      - max-age=31536000; includeSubDomains
      x-content-type-options:
      - nosniff
    status:
      code: 204
      message: No Content
- request:
    body: '{"name": "iot-hub-for-test-11000002"}'
    headers:
      Accept:
      - application/json
      Accept-Encoding:
      - gzip, deflate
      CommandName:
      - iot hub wait
      Connection:
      - keep-alive
      Content-Length:
      - '37'
      Content-Type:
      - application/json
      ParameterSetName:
      - -n -g --created
      User-Agent:
      - AZURECLI/2.54.0 azsdk-python-azure-mgmt-iothub/3.0.0 Python/3.10.13 (Linux-5.15.0-1050-azure-x86_64-with-glibc2.31)
        VSTS_7b238909-6802-4b65-b90d-184bca47f458_build_220_0
    method: POST
    uri: https://management.azure.com/subscriptions/00000000-0000-0000-0000-000000000000/providers/Microsoft.Devices/checkNameAvailability?api-version=2023-06-30-preview
  response:
    body:
      string: '{"nameAvailable":false,"reason":"AlreadyExists","message":"IotHub name
        ''iot-hub-for-test-11000002'' is not available"}'
    headers:
      cache-control:
      - no-cache
      content-length:
      - '117'
      content-type:
      - application/json; charset=utf-8
      date:
      - Wed, 15 Nov 2023 15:57:33 GMT
      expires:
      - '-1'
      pragma:
      - no-cache
      server:
      - Microsoft-HTTPAPI/2.0
      strict-transport-security:
      - max-age=31536000; includeSubDomains
      transfer-encoding:
      - chunked
      vary:
      - Accept-Encoding
      x-content-type-options:
      - nosniff
      x-ms-ratelimit-remaining-subscription-writes:
      - '1199'
    status:
      code: 200
      message: OK
- request:
    body: null
    headers:
      Accept:
      - application/json
      Accept-Encoding:
      - gzip, deflate
      CommandName:
      - iot hub wait
      Connection:
      - keep-alive
      ParameterSetName:
      - -n -g --created
      User-Agent:
      - AZURECLI/2.54.0 azsdk-python-azure-mgmt-iothub/3.0.0 Python/3.10.13 (Linux-5.15.0-1050-azure-x86_64-with-glibc2.31)
        VSTS_7b238909-6802-4b65-b90d-184bca47f458_build_220_0
    method: GET
    uri: https://management.azure.com/subscriptions/00000000-0000-0000-0000-000000000000/resourceGroups/clitest.rg000001/providers/Microsoft.Devices/IotHubs/iot-hub-for-test-11000002?api-version=2023-06-30-preview
  response:
    body:
      string: '{"id":"/subscriptions/00000000-0000-0000-0000-000000000000/resourceGroups/clitest.rg000001/providers/Microsoft.Devices/IotHubs/iot-hub-for-test-11000002","name":"iot-hub-for-test-11000002","type":"Microsoft.Devices/IotHubs","location":"westus2","tags":{},"subscriptionid":"0b1f6471-1bf0-4dda-aec3-cb9272f09590","resourcegroup":"clitest.rg000001","etag":"AAAADIAJe+M=","properties":{"locations":[{"location":"West
        US 2","role":"primary"},{"location":"West Central US","role":"secondary"}],"state":"Activating","provisioningState":"Activating","ipFilterRules":[],"eventHubEndpoints":{"events":{"retentionTimeInDays":1,"partitionCount":4}},"routing":{"endpoints":{"serviceBusQueues":[],"serviceBusTopics":[],"eventHubs":[],"storageContainers":[],"cosmosDBSqlContainers":[]},"routes":[],"fallbackRoute":{"name":"$fallback","source":"DeviceMessages","condition":"true","endpointNames":["events"],"isEnabled":true}},"storageEndpoints":{"$default":{"sasTtlAsIso8601":"PT1H","connectionString":"","containerName":""}},"messagingEndpoints":{"fileNotifications":{"lockDurationAsIso8601":"PT5S","ttlAsIso8601":"PT1H","maxDeliveryCount":10}},"enableFileUploadNotifications":false,"cloudToDevice":{"maxDeliveryCount":10,"defaultTtlAsIso8601":"PT1H","feedback":{"lockDurationAsIso8601":"PT5S","ttlAsIso8601":"PT1H","maxDeliveryCount":10}},"features":"RootCertificateV2","allowedFqdnList":[],"rootCertificate":{"enableRootCertificateV2":true,"lastUpdatedTimeUtc":"2023-11-15T15:55:32.5837061Z"}},"sku":{"name":"S1","tier":"Standard","capacity":1},"identity":{"type":"None"},"systemData":{"createdAt":"2023-11-15T15:55:57.8966667Z"}}'
    headers:
      cache-control:
      - no-cache
      content-length:
      - '1617'
      content-type:
      - application/json; charset=utf-8
      date:
      - Wed, 15 Nov 2023 15:57:35 GMT
      expires:
      - '-1'
      pragma:
      - no-cache
      server:
      - Microsoft-HTTPAPI/2.0
      strict-transport-security:
      - max-age=31536000; includeSubDomains
      transfer-encoding:
      - chunked
      vary:
      - Accept-Encoding
      x-content-type-options:
      - nosniff
    status:
      code: 200
      message: OK
- request:
    body: null
    headers:
      Accept:
      - '*/*'
      Accept-Encoding:
      - gzip, deflate
      CommandName:
      - iot hub create
      Connection:
      - keep-alive
      ParameterSetName:
      - -n -g --no-wait
      User-Agent:
      - AZURECLI/2.54.0 azsdk-python-azure-mgmt-iothub/3.0.0 Python/3.10.13 (Linux-5.15.0-1050-azure-x86_64-with-glibc2.31)
        VSTS_7b238909-6802-4b65-b90d-184bca47f458_build_220_0
    method: GET
    uri: https://management.azure.com/subscriptions/00000000-0000-0000-0000-000000000000/providers/Microsoft.Devices/locations/westus2/operationResults/aWQ9b3NfaWhfNTQxYTJkMGMtYTY3MC00N2JhLWEwMTQtNzZhZWU3MGZiZjcyO3JlZ2lvbj13ZXN0dXMy?api-version=2023-06-30-preview&operationSource=other&asyncinfo
  response:
    body:
      string: '{"status":"Running"}'
    headers:
      cache-control:
      - no-cache
      content-length:
      - '20'
      content-type:
      - application/json; charset=utf-8
      date:
      - Wed, 15 Nov 2023 15:58:00 GMT
      expires:
      - '-1'
      pragma:
      - no-cache
      server:
      - Microsoft-HTTPAPI/2.0
      strict-transport-security:
      - max-age=31536000; includeSubDomains
      x-content-type-options:
      - nosniff
    status:
      code: 200
      message: OK
- request:
    body: null
    headers:
      Accept:
      - application/json
      Accept-Encoding:
      - gzip, deflate
      CommandName:
      - iot hub wait
      Connection:
      - keep-alive
      ParameterSetName:
      - -n -g --created
      User-Agent:
      - AZURECLI/2.54.0 azsdk-python-azure-mgmt-resource/23.1.0b2 Python/3.10.13 (Linux-5.15.0-1050-azure-x86_64-with-glibc2.31)
        VSTS_7b238909-6802-4b65-b90d-184bca47f458_build_220_0
    method: HEAD
    uri: https://management.azure.com/subscriptions/00000000-0000-0000-0000-000000000000/resourcegroups/clitest.rg000001?api-version=2022-09-01
  response:
    body:
      string: ''
    headers:
      cache-control:
      - no-cache
      content-length:
      - '0'
      date:
      - Wed, 15 Nov 2023 15:58:04 GMT
      expires:
      - '-1'
      pragma:
      - no-cache
      strict-transport-security:
      - max-age=31536000; includeSubDomains
      x-content-type-options:
      - nosniff
    status:
      code: 204
      message: No Content
- request:
    body: '{"name": "iot-hub-for-test-11000002"}'
    headers:
      Accept:
      - application/json
      Accept-Encoding:
      - gzip, deflate
      CommandName:
      - iot hub wait
      Connection:
      - keep-alive
      Content-Length:
      - '37'
      Content-Type:
      - application/json
      ParameterSetName:
      - -n -g --created
      User-Agent:
      - AZURECLI/2.54.0 azsdk-python-azure-mgmt-iothub/3.0.0 Python/3.10.13 (Linux-5.15.0-1050-azure-x86_64-with-glibc2.31)
        VSTS_7b238909-6802-4b65-b90d-184bca47f458_build_220_0
    method: POST
    uri: https://management.azure.com/subscriptions/00000000-0000-0000-0000-000000000000/providers/Microsoft.Devices/checkNameAvailability?api-version=2023-06-30-preview
  response:
    body:
      string: '{"nameAvailable":false,"reason":"AlreadyExists","message":"IotHub name
        ''iot-hub-for-test-11000002'' is not available"}'
    headers:
      cache-control:
      - no-cache
      content-length:
      - '117'
      content-type:
      - application/json; charset=utf-8
      date:
      - Wed, 15 Nov 2023 15:58:05 GMT
      expires:
      - '-1'
      pragma:
      - no-cache
      server:
      - Microsoft-HTTPAPI/2.0
      strict-transport-security:
      - max-age=31536000; includeSubDomains
      transfer-encoding:
      - chunked
      vary:
      - Accept-Encoding
      x-content-type-options:
      - nosniff
      x-ms-ratelimit-remaining-subscription-writes:
      - '1199'
    status:
      code: 200
      message: OK
- request:
    body: null
    headers:
      Accept:
      - application/json
      Accept-Encoding:
      - gzip, deflate
      CommandName:
      - iot hub wait
      Connection:
      - keep-alive
      ParameterSetName:
      - -n -g --created
      User-Agent:
      - AZURECLI/2.54.0 azsdk-python-azure-mgmt-iothub/3.0.0 Python/3.10.13 (Linux-5.15.0-1050-azure-x86_64-with-glibc2.31)
        VSTS_7b238909-6802-4b65-b90d-184bca47f458_build_220_0
    method: GET
    uri: https://management.azure.com/subscriptions/00000000-0000-0000-0000-000000000000/resourceGroups/clitest.rg000001/providers/Microsoft.Devices/IotHubs/iot-hub-for-test-11000002?api-version=2023-06-30-preview
  response:
    body:
      string: '{"id":"/subscriptions/00000000-0000-0000-0000-000000000000/resourceGroups/clitest.rg000001/providers/Microsoft.Devices/IotHubs/iot-hub-for-test-11000002","name":"iot-hub-for-test-11000002","type":"Microsoft.Devices/IotHubs","location":"westus2","tags":{},"subscriptionid":"0b1f6471-1bf0-4dda-aec3-cb9272f09590","resourcegroup":"clitest.rg000001","etag":"AAAADIAJe+M=","properties":{"locations":[{"location":"West
        US 2","role":"primary"},{"location":"West Central US","role":"secondary"}],"state":"Activating","provisioningState":"Activating","ipFilterRules":[],"eventHubEndpoints":{"events":{"retentionTimeInDays":1,"partitionCount":4}},"routing":{"endpoints":{"serviceBusQueues":[],"serviceBusTopics":[],"eventHubs":[],"storageContainers":[],"cosmosDBSqlContainers":[]},"routes":[],"fallbackRoute":{"name":"$fallback","source":"DeviceMessages","condition":"true","endpointNames":["events"],"isEnabled":true}},"storageEndpoints":{"$default":{"sasTtlAsIso8601":"PT1H","connectionString":"","containerName":""}},"messagingEndpoints":{"fileNotifications":{"lockDurationAsIso8601":"PT5S","ttlAsIso8601":"PT1H","maxDeliveryCount":10}},"enableFileUploadNotifications":false,"cloudToDevice":{"maxDeliveryCount":10,"defaultTtlAsIso8601":"PT1H","feedback":{"lockDurationAsIso8601":"PT5S","ttlAsIso8601":"PT1H","maxDeliveryCount":10}},"features":"RootCertificateV2","allowedFqdnList":[],"rootCertificate":{"enableRootCertificateV2":true,"lastUpdatedTimeUtc":"2023-11-15T15:55:32.5837061Z"}},"sku":{"name":"S1","tier":"Standard","capacity":1},"identity":{"type":"None"},"systemData":{"createdAt":"2023-11-15T15:55:57.8966667Z"}}'
    headers:
      cache-control:
      - no-cache
      content-length:
      - '1617'
      content-type:
      - application/json; charset=utf-8
      date:
      - Wed, 15 Nov 2023 15:58:06 GMT
      expires:
      - '-1'
      pragma:
      - no-cache
      server:
      - Microsoft-HTTPAPI/2.0
      strict-transport-security:
      - max-age=31536000; includeSubDomains
      transfer-encoding:
      - chunked
      vary:
      - Accept-Encoding
      x-content-type-options:
      - nosniff
    status:
      code: 200
      message: OK
- request:
    body: null
    headers:
      Accept:
      - '*/*'
      Accept-Encoding:
      - gzip, deflate
      CommandName:
      - iot hub create
      Connection:
      - keep-alive
      ParameterSetName:
      - -n -g --no-wait
      User-Agent:
      - AZURECLI/2.54.0 azsdk-python-azure-mgmt-iothub/3.0.0 Python/3.10.13 (Linux-5.15.0-1050-azure-x86_64-with-glibc2.31)
        VSTS_7b238909-6802-4b65-b90d-184bca47f458_build_220_0
    method: GET
    uri: https://management.azure.com/subscriptions/00000000-0000-0000-0000-000000000000/providers/Microsoft.Devices/locations/westus2/operationResults/aWQ9b3NfaWhfNTQxYTJkMGMtYTY3MC00N2JhLWEwMTQtNzZhZWU3MGZiZjcyO3JlZ2lvbj13ZXN0dXMy?api-version=2023-06-30-preview&operationSource=other&asyncinfo
  response:
    body:
      string: '{"status":"Succeeded"}'
    headers:
      cache-control:
      - no-cache
      content-length:
      - '22'
      content-type:
      - application/json; charset=utf-8
      date:
      - Wed, 15 Nov 2023 15:58:30 GMT
      expires:
      - '-1'
      pragma:
      - no-cache
      server:
      - Microsoft-HTTPAPI/2.0
      strict-transport-security:
      - max-age=31536000; includeSubDomains
      x-content-type-options:
      - nosniff
    status:
      code: 200
      message: OK
- request:
    body: null
    headers:
      Accept:
      - '*/*'
      Accept-Encoding:
      - gzip, deflate
      CommandName:
      - iot hub create
      Connection:
      - keep-alive
      ParameterSetName:
      - -n -g --no-wait
      User-Agent:
      - AZURECLI/2.54.0 azsdk-python-azure-mgmt-iothub/3.0.0 Python/3.10.13 (Linux-5.15.0-1050-azure-x86_64-with-glibc2.31)
        VSTS_7b238909-6802-4b65-b90d-184bca47f458_build_220_0
    method: GET
    uri: https://management.azure.com/subscriptions/00000000-0000-0000-0000-000000000000/resourceGroups/clitest.rg000001/providers/Microsoft.Devices/IotHubs/iot-hub-for-test-11000002?api-version=2023-06-30-preview
  response:
    body:
      string: '{"id":"/subscriptions/00000000-0000-0000-0000-000000000000/resourceGroups/clitest.rg000001/providers/Microsoft.Devices/IotHubs/iot-hub-for-test-11000002","name":"iot-hub-for-test-11000002","type":"Microsoft.Devices/IotHubs","location":"westus2","tags":{},"subscriptionid":"0b1f6471-1bf0-4dda-aec3-cb9272f09590","resourcegroup":"clitest.rg000001","etag":"AAAADIAJfQ0=","properties":{"locations":[{"location":"West
        US 2","role":"primary"},{"location":"West Central US","role":"secondary"}],"state":"Active","provisioningState":"Succeeded","ipFilterRules":[],"hostName":"iot-hub-for-test-11000002.azure-devices.net","eventHubEndpoints":{"events":{"retentionTimeInDays":1,"partitionCount":4,"partitionIds":["0","1","2","3"],"path":"iot-hub-for-test-11bqjwog","endpoint":"sb://iothub-ns-iot-hub-fo-25353894-56f2066e06.servicebus.windows.net/"}},"routing":{"endpoints":{"serviceBusQueues":[],"serviceBusTopics":[],"eventHubs":[],"storageContainers":[],"cosmosDBSqlContainers":[]},"routes":[],"fallbackRoute":{"name":"$fallback","source":"DeviceMessages","condition":"true","endpointNames":["events"],"isEnabled":true}},"storageEndpoints":{"$default":{"sasTtlAsIso8601":"PT1H","connectionString":"","containerName":""}},"messagingEndpoints":{"fileNotifications":{"lockDurationAsIso8601":"PT5S","ttlAsIso8601":"PT1H","maxDeliveryCount":10}},"enableFileUploadNotifications":false,"cloudToDevice":{"maxDeliveryCount":10,"defaultTtlAsIso8601":"PT1H","feedback":{"lockDurationAsIso8601":"PT5S","ttlAsIso8601":"PT1H","maxDeliveryCount":10}},"features":"RootCertificateV2","allowedFqdnList":[],"rootCertificate":{"enableRootCertificateV2":true,"lastUpdatedTimeUtc":"2023-11-15T15:55:32.5837061Z"}},"sku":{"name":"S1","tier":"Standard","capacity":1},"identity":{"type":"None"},"systemData":{"createdAt":"2023-11-15T15:55:57.8966667Z"}}'
    headers:
      cache-control:
      - no-cache
      content-length:
      - '1820'
      content-type:
      - application/json; charset=utf-8
      date:
      - Wed, 15 Nov 2023 15:58:31 GMT
      expires:
      - '-1'
      pragma:
      - no-cache
      server:
      - Microsoft-HTTPAPI/2.0
      strict-transport-security:
      - max-age=31536000; includeSubDomains
      transfer-encoding:
      - chunked
      vary:
      - Accept-Encoding
      x-content-type-options:
      - nosniff
    status:
      code: 200
      message: OK
- request:
    body: null
    headers:
      Accept:
      - application/json
      Accept-Encoding:
      - gzip, deflate
      CommandName:
      - iot hub wait
      Connection:
      - keep-alive
      ParameterSetName:
      - -n -g --created
      User-Agent:
      - AZURECLI/2.54.0 azsdk-python-azure-mgmt-resource/23.1.0b2 Python/3.10.13 (Linux-5.15.0-1050-azure-x86_64-with-glibc2.31)
        VSTS_7b238909-6802-4b65-b90d-184bca47f458_build_220_0
    method: HEAD
    uri: https://management.azure.com/subscriptions/00000000-0000-0000-0000-000000000000/resourcegroups/clitest.rg000001?api-version=2022-09-01
  response:
    body:
      string: ''
    headers:
      cache-control:
      - no-cache
      content-length:
      - '0'
      date:
      - Wed, 15 Nov 2023 15:58:36 GMT
      expires:
      - '-1'
      pragma:
      - no-cache
      strict-transport-security:
      - max-age=31536000; includeSubDomains
      x-content-type-options:
      - nosniff
    status:
      code: 204
      message: No Content
- request:
    body: '{"name": "iot-hub-for-test-11000002"}'
    headers:
      Accept:
      - application/json
      Accept-Encoding:
      - gzip, deflate
      CommandName:
      - iot hub wait
      Connection:
      - keep-alive
      Content-Length:
      - '37'
      Content-Type:
      - application/json
      ParameterSetName:
      - -n -g --created
      User-Agent:
      - AZURECLI/2.54.0 azsdk-python-azure-mgmt-iothub/3.0.0 Python/3.10.13 (Linux-5.15.0-1050-azure-x86_64-with-glibc2.31)
        VSTS_7b238909-6802-4b65-b90d-184bca47f458_build_220_0
    method: POST
    uri: https://management.azure.com/subscriptions/00000000-0000-0000-0000-000000000000/providers/Microsoft.Devices/checkNameAvailability?api-version=2023-06-30-preview
  response:
    body:
      string: '{"nameAvailable":false,"reason":"AlreadyExists","message":"IotHub name
        ''iot-hub-for-test-11000002'' is not available"}'
    headers:
      cache-control:
      - no-cache
      content-length:
      - '117'
      content-type:
      - application/json; charset=utf-8
      date:
      - Wed, 15 Nov 2023 15:58:37 GMT
      expires:
      - '-1'
      pragma:
      - no-cache
      server:
      - Microsoft-HTTPAPI/2.0
      strict-transport-security:
      - max-age=31536000; includeSubDomains
      transfer-encoding:
      - chunked
      vary:
      - Accept-Encoding
      x-content-type-options:
      - nosniff
      x-ms-ratelimit-remaining-subscription-writes:
      - '1199'
    status:
      code: 200
      message: OK
- request:
    body: null
    headers:
      Accept:
      - application/json
      Accept-Encoding:
      - gzip, deflate
      CommandName:
      - iot hub wait
      Connection:
      - keep-alive
      ParameterSetName:
      - -n -g --created
      User-Agent:
      - AZURECLI/2.54.0 azsdk-python-azure-mgmt-iothub/3.0.0 Python/3.10.13 (Linux-5.15.0-1050-azure-x86_64-with-glibc2.31)
        VSTS_7b238909-6802-4b65-b90d-184bca47f458_build_220_0
    method: GET
    uri: https://management.azure.com/subscriptions/00000000-0000-0000-0000-000000000000/resourceGroups/clitest.rg000001/providers/Microsoft.Devices/IotHubs/iot-hub-for-test-11000002?api-version=2023-06-30-preview
  response:
    body:
      string: '{"id":"/subscriptions/00000000-0000-0000-0000-000000000000/resourceGroups/clitest.rg000001/providers/Microsoft.Devices/IotHubs/iot-hub-for-test-11000002","name":"iot-hub-for-test-11000002","type":"Microsoft.Devices/IotHubs","location":"westus2","tags":{},"subscriptionid":"0b1f6471-1bf0-4dda-aec3-cb9272f09590","resourcegroup":"clitest.rg000001","etag":"AAAADIAJfQ0=","properties":{"locations":[{"location":"West
        US 2","role":"primary"},{"location":"West Central US","role":"secondary"}],"state":"Active","provisioningState":"Succeeded","ipFilterRules":[],"hostName":"iot-hub-for-test-11000002.azure-devices.net","eventHubEndpoints":{"events":{"retentionTimeInDays":1,"partitionCount":4,"partitionIds":["0","1","2","3"],"path":"iot-hub-for-test-11bqjwog","endpoint":"sb://iothub-ns-iot-hub-fo-25353894-56f2066e06.servicebus.windows.net/"}},"routing":{"endpoints":{"serviceBusQueues":[],"serviceBusTopics":[],"eventHubs":[],"storageContainers":[],"cosmosDBSqlContainers":[]},"routes":[],"fallbackRoute":{"name":"$fallback","source":"DeviceMessages","condition":"true","endpointNames":["events"],"isEnabled":true}},"storageEndpoints":{"$default":{"sasTtlAsIso8601":"PT1H","connectionString":"","containerName":""}},"messagingEndpoints":{"fileNotifications":{"lockDurationAsIso8601":"PT5S","ttlAsIso8601":"PT1H","maxDeliveryCount":10}},"enableFileUploadNotifications":false,"cloudToDevice":{"maxDeliveryCount":10,"defaultTtlAsIso8601":"PT1H","feedback":{"lockDurationAsIso8601":"PT5S","ttlAsIso8601":"PT1H","maxDeliveryCount":10}},"features":"RootCertificateV2","allowedFqdnList":[],"rootCertificate":{"enableRootCertificateV2":true,"lastUpdatedTimeUtc":"2023-11-15T15:55:32.5837061Z"}},"sku":{"name":"S1","tier":"Standard","capacity":1},"identity":{"type":"None"},"systemData":{"createdAt":"2023-11-15T15:55:57.8966667Z"}}'
    headers:
      cache-control:
      - no-cache
      content-length:
      - '1820'
      content-type:
      - application/json; charset=utf-8
      date:
      - Wed, 15 Nov 2023 15:58:38 GMT
      expires:
      - '-1'
      pragma:
      - no-cache
      server:
      - Microsoft-HTTPAPI/2.0
      strict-transport-security:
      - max-age=31536000; includeSubDomains
      transfer-encoding:
      - chunked
      vary:
      - Accept-Encoding
      x-content-type-options:
      - nosniff
    status:
      code: 200
      message: OK
- request:
    body: null
    headers:
      Accept:
      - application/json
      Accept-Encoding:
      - gzip, deflate
      CommandName:
      - iot hub delete
      Connection:
      - keep-alive
      Content-Length:
      - '0'
      ParameterSetName:
      - -n -g --no-wait
      User-Agent:
      - AZURECLI/2.54.0 azsdk-python-azure-mgmt-iothub/3.0.0 Python/3.10.13 (Linux-5.15.0-1050-azure-x86_64-with-glibc2.31)
        VSTS_7b238909-6802-4b65-b90d-184bca47f458_build_220_0
    method: DELETE
    uri: https://management.azure.com/subscriptions/00000000-0000-0000-0000-000000000000/resourceGroups/clitest.rg000001/providers/Microsoft.Devices/IotHubs/iot-hub-for-test-11000002?api-version=2023-06-30-preview
  response:
    body:
      string: 'null'
    headers:
      azure-asyncoperation:
      - https://management.azure.com/subscriptions/00000000-0000-0000-0000-000000000000/providers/Microsoft.Devices/locations/westus2/operationResults/aWQ9b3NfaWhfMWYyNWI0MDAtYWFlNC00ZWY2LWE1NGItMDIzYTBlZTAzMTUzO3JlZ2lvbj13ZXN0dXMy?api-version=2023-06-30-preview&operationSource=other&asyncinfo
      cache-control:
      - no-cache
      content-length:
      - '4'
      content-type:
      - application/json; charset=utf-8
      date:
      - Wed, 15 Nov 2023 15:58:39 GMT
      expires:
      - '-1'
      location:
      - https://management.azure.com/subscriptions/00000000-0000-0000-0000-000000000000/providers/Microsoft.Devices/locations/westus2/operationResults/aWQ9b3NfaWhfMWYyNWI0MDAtYWFlNC00ZWY2LWE1NGItMDIzYTBlZTAzMTUzO3JlZ2lvbj13ZXN0dXMy?api-version=2023-06-30-preview&operationSource=other
      pragma:
      - no-cache
      server:
      - Microsoft-HTTPAPI/2.0
      strict-transport-security:
      - max-age=31536000; includeSubDomains
      x-content-type-options:
      - nosniff
      x-ms-ratelimit-remaining-subscription-deletes:
      - '14999'
    status:
      code: 202
      message: Accepted
- request:
    body: null
    headers:
      Accept:
      - '*/*'
      Accept-Encoding:
      - gzip, deflate
      CommandName:
      - iot hub delete
      Connection:
      - keep-alive
      ParameterSetName:
      - -n -g --no-wait
      User-Agent:
      - AZURECLI/2.54.0 azsdk-python-azure-mgmt-iothub/3.0.0 Python/3.10.13 (Linux-5.15.0-1050-azure-x86_64-with-glibc2.31)
        VSTS_7b238909-6802-4b65-b90d-184bca47f458_build_220_0
    method: GET
    uri: https://management.azure.com/subscriptions/00000000-0000-0000-0000-000000000000/providers/Microsoft.Devices/locations/westus2/operationResults/aWQ9b3NfaWhfMWYyNWI0MDAtYWFlNC00ZWY2LWE1NGItMDIzYTBlZTAzMTUzO3JlZ2lvbj13ZXN0dXMy?api-version=2023-06-30-preview&operationSource=other&asyncinfo
  response:
    body:
      string: '{"status":"Running"}'
    headers:
      cache-control:
      - no-cache
      content-length:
      - '20'
      content-type:
      - application/json; charset=utf-8
      date:
      - Wed, 15 Nov 2023 15:58:40 GMT
      expires:
      - '-1'
      pragma:
      - no-cache
      server:
      - Microsoft-HTTPAPI/2.0
      strict-transport-security:
      - max-age=31536000; includeSubDomains
      transfer-encoding:
      - chunked
      vary:
      - Accept-Encoding
      x-content-type-options:
      - nosniff
    status:
      code: 200
      message: OK
- request:
    body: '{"name": "iot-hub-for-test-11000002"}'
    headers:
      Accept:
      - application/json
      Accept-Encoding:
      - gzip, deflate
      CommandName:
      - iot hub wait
      Connection:
      - keep-alive
      Content-Length:
      - '37'
      Content-Type:
      - application/json
      ParameterSetName:
      - -n -g --deleted
      User-Agent:
      - AZURECLI/2.54.0 azsdk-python-azure-mgmt-iothub/3.0.0 Python/3.10.13 (Linux-5.15.0-1050-azure-x86_64-with-glibc2.31)
        VSTS_7b238909-6802-4b65-b90d-184bca47f458_build_220_0
    method: POST
    uri: https://management.azure.com/subscriptions/00000000-0000-0000-0000-000000000000/providers/Microsoft.Devices/checkNameAvailability?api-version=2023-06-30-preview
  response:
    body:
      string: '{"nameAvailable":false,"reason":"AlreadyExists","message":"IotHub name
        ''iot-hub-for-test-11000002'' is not available"}'
    headers:
      cache-control:
      - no-cache
      content-length:
      - '117'
      content-type:
      - application/json; charset=utf-8
      date:
      - Wed, 15 Nov 2023 15:58:39 GMT
      expires:
      - '-1'
      pragma:
      - no-cache
      server:
      - Microsoft-HTTPAPI/2.0
      strict-transport-security:
      - max-age=31536000; includeSubDomains
      transfer-encoding:
      - chunked
      vary:
      - Accept-Encoding
      x-content-type-options:
      - nosniff
      x-ms-ratelimit-remaining-subscription-writes:
      - '1199'
    status:
      code: 200
      message: OK
- request:
    body: null
    headers:
      Accept:
      - application/json
      Accept-Encoding:
      - gzip, deflate
      CommandName:
      - iot hub wait
      Connection:
      - keep-alive
      ParameterSetName:
      - -n -g --deleted
      User-Agent:
      - AZURECLI/2.54.0 azsdk-python-azure-mgmt-iothub/3.0.0 Python/3.10.13 (Linux-5.15.0-1050-azure-x86_64-with-glibc2.31)
        VSTS_7b238909-6802-4b65-b90d-184bca47f458_build_220_0
    method: GET
    uri: https://management.azure.com/subscriptions/00000000-0000-0000-0000-000000000000/resourceGroups/clitest.rg000001/providers/Microsoft.Devices/IotHubs/iot-hub-for-test-11000002?api-version=2023-06-30-preview
  response:
    body:
      string: '{"id":"/subscriptions/00000000-0000-0000-0000-000000000000/resourceGroups/clitest.rg000001/providers/Microsoft.Devices/IotHubs/iot-hub-for-test-11000002","name":"iot-hub-for-test-11000002","type":"Microsoft.Devices/IotHubs","location":"westus2","tags":{},"subscriptionid":"0b1f6471-1bf0-4dda-aec3-cb9272f09590","resourcegroup":"clitest.rg000001","etag":"AAAADIAJfUc=","properties":{"locations":[{"location":"West
        US 2","role":"primary"},{"location":"West Central US","role":"secondary"}],"state":"Deleting","provisioningState":"Deleting","ipFilterRules":[],"hostName":"iot-hub-for-test-11000002.azure-devices.net","eventHubEndpoints":{"events":{"retentionTimeInDays":1,"partitionCount":4,"partitionIds":["0","1","2","3"],"path":"iot-hub-for-test-11bqjwog","endpoint":"sb://iothub-ns-iot-hub-fo-25353894-56f2066e06.servicebus.windows.net/"}},"routing":{"endpoints":{"serviceBusQueues":[],"serviceBusTopics":[],"eventHubs":[],"storageContainers":[],"cosmosDBSqlContainers":[]},"routes":[],"fallbackRoute":{"name":"$fallback","source":"DeviceMessages","condition":"true","endpointNames":["events"],"isEnabled":true}},"storageEndpoints":{"$default":{"sasTtlAsIso8601":"PT1H","connectionString":"","containerName":""}},"messagingEndpoints":{"fileNotifications":{"lockDurationAsIso8601":"PT5S","ttlAsIso8601":"PT1H","maxDeliveryCount":10}},"enableFileUploadNotifications":false,"cloudToDevice":{"maxDeliveryCount":10,"defaultTtlAsIso8601":"PT1H","feedback":{"lockDurationAsIso8601":"PT5S","ttlAsIso8601":"PT1H","maxDeliveryCount":10}},"features":"RootCertificateV2","allowedFqdnList":[],"rootCertificate":{"enableRootCertificateV2":true,"lastUpdatedTimeUtc":"2023-11-15T15:55:32.5837061Z"}},"sku":{"name":"S1","tier":"Standard","capacity":1},"identity":{"type":"None"},"systemData":{"createdAt":"2023-11-15T15:55:57.8966667Z"}}'
    headers:
      cache-control:
      - no-cache
      content-length:
      - '1821'
      content-type:
      - application/json; charset=utf-8
      date:
      - Wed, 15 Nov 2023 15:58:41 GMT
      expires:
      - '-1'
      pragma:
      - no-cache
      server:
      - Microsoft-HTTPAPI/2.0
      strict-transport-security:
      - max-age=31536000; includeSubDomains
      transfer-encoding:
      - chunked
      vary:
      - Accept-Encoding
      x-content-type-options:
      - nosniff
    status:
      code: 200
      message: OK
- request:
    body: null
    headers:
      Accept:
      - '*/*'
      Accept-Encoding:
      - gzip, deflate
      CommandName:
      - iot hub delete
      Connection:
      - keep-alive
      ParameterSetName:
      - -n -g --no-wait
      User-Agent:
      - AZURECLI/2.54.0 azsdk-python-azure-mgmt-iothub/3.0.0 Python/3.10.13 (Linux-5.15.0-1050-azure-x86_64-with-glibc2.31)
        VSTS_7b238909-6802-4b65-b90d-184bca47f458_build_220_0
    method: GET
    uri: https://management.azure.com/subscriptions/00000000-0000-0000-0000-000000000000/providers/Microsoft.Devices/locations/westus2/operationResults/aWQ9b3NfaWhfMWYyNWI0MDAtYWFlNC00ZWY2LWE1NGItMDIzYTBlZTAzMTUzO3JlZ2lvbj13ZXN0dXMy?api-version=2023-06-30-preview&operationSource=other&asyncinfo
  response:
    body:
      string: '{"status":"Succeeded"}'
    headers:
      cache-control:
      - no-cache
      content-length:
      - '22'
      content-type:
      - application/json; charset=utf-8
      date:
      - Wed, 15 Nov 2023 15:59:10 GMT
      expires:
      - '-1'
      pragma:
      - no-cache
      server:
      - Microsoft-HTTPAPI/2.0
      strict-transport-security:
      - max-age=31536000; includeSubDomains
      transfer-encoding:
      - chunked
      vary:
      - Accept-Encoding
      x-content-type-options:
      - nosniff
    status:
      code: 200
      message: OK
- request:
    body: null
    headers:
      Accept:
      - application/json
      Accept-Encoding:
      - gzip, deflate
      CommandName:
      - iot hub wait
      Connection:
      - keep-alive
      ParameterSetName:
      - -n -g --deleted
      User-Agent:
      - AZURECLI/2.54.0 azsdk-python-azure-mgmt-resource/23.1.0b2 Python/3.10.13 (Linux-5.15.0-1050-azure-x86_64-with-glibc2.31)
        VSTS_7b238909-6802-4b65-b90d-184bca47f458_build_220_0
    method: HEAD
    uri: https://management.azure.com/subscriptions/00000000-0000-0000-0000-000000000000/resourcegroups/clitest.rg000001?api-version=2022-09-01
  response:
    body:
      string: ''
    headers:
      cache-control:
      - no-cache
      content-length:
      - '0'
      date:
      - Wed, 15 Nov 2023 15:59:11 GMT
      expires:
      - '-1'
      pragma:
      - no-cache
      strict-transport-security:
      - max-age=31536000; includeSubDomains
      x-content-type-options:
      - nosniff
    status:
      code: 204
      message: No Content
- request:
    body: '{"name": "iot-hub-for-test-11000002"}'
    headers:
      Accept:
      - application/json
      Accept-Encoding:
      - gzip, deflate
      CommandName:
      - iot hub wait
      Connection:
      - keep-alive
      Content-Length:
      - '37'
      Content-Type:
      - application/json
      ParameterSetName:
      - -n -g --deleted
      User-Agent:
      - AZURECLI/2.54.0 azsdk-python-azure-mgmt-iothub/3.0.0 Python/3.10.13 (Linux-5.15.0-1050-azure-x86_64-with-glibc2.31)
        VSTS_7b238909-6802-4b65-b90d-184bca47f458_build_220_0
    method: POST
    uri: https://management.azure.com/subscriptions/00000000-0000-0000-0000-000000000000/providers/Microsoft.Devices/checkNameAvailability?api-version=2023-06-30-preview
  response:
    body:
      string: '{"nameAvailable":true,"reason":"Invalid","message":null}'
    headers:
      cache-control:
      - no-cache
      content-length:
      - '56'
      content-type:
      - application/json; charset=utf-8
      date:
      - Wed, 15 Nov 2023 15:59:11 GMT
      expires:
      - '-1'
      pragma:
      - no-cache
      server:
      - Microsoft-HTTPAPI/2.0
      strict-transport-security:
      - max-age=31536000; includeSubDomains
      transfer-encoding:
      - chunked
      vary:
      - Accept-Encoding
      x-content-type-options:
      - nosniff
      x-ms-ratelimit-remaining-subscription-writes:
      - '1199'
    status:
      code: 200
      message: OK
- request:
    body: null
    headers:
      Accept:
      - application/json
      Accept-Encoding:
      - gzip, deflate
      CommandName:
      - iot hub show
      Connection:
      - keep-alive
      ParameterSetName:
      - -n -g
      User-Agent:
      - AZURECLI/2.54.0 azsdk-python-azure-mgmt-resource/23.1.0b2 Python/3.10.13 (Linux-5.15.0-1050-azure-x86_64-with-glibc2.31)
        VSTS_7b238909-6802-4b65-b90d-184bca47f458_build_220_0
    method: HEAD
    uri: https://management.azure.com/subscriptions/00000000-0000-0000-0000-000000000000/resourcegroups/clitest.rg000001?api-version=2022-09-01
  response:
    body:
      string: ''
    headers:
      cache-control:
      - no-cache
      content-length:
      - '0'
      date:
      - Wed, 15 Nov 2023 15:59:12 GMT
      expires:
      - '-1'
      pragma:
      - no-cache
      strict-transport-security:
      - max-age=31536000; includeSubDomains
      x-content-type-options:
      - nosniff
    status:
      code: 204
      message: No Content
- request:
    body: '{"name": "iot-hub-for-test-11000002"}'
    headers:
      Accept:
      - application/json
      Accept-Encoding:
      - gzip, deflate
      CommandName:
      - iot hub show
      Connection:
      - keep-alive
      Content-Length:
      - '37'
      Content-Type:
      - application/json
      ParameterSetName:
      - -n -g
      User-Agent:
      - AZURECLI/2.54.0 azsdk-python-azure-mgmt-iothub/3.0.0 Python/3.10.13 (Linux-5.15.0-1050-azure-x86_64-with-glibc2.31)
        VSTS_7b238909-6802-4b65-b90d-184bca47f458_build_220_0
    method: POST
    uri: https://management.azure.com/subscriptions/00000000-0000-0000-0000-000000000000/providers/Microsoft.Devices/checkNameAvailability?api-version=2023-06-30-preview
  response:
    body:
      string: '{"nameAvailable":true,"reason":"Invalid","message":null}'
    headers:
      cache-control:
      - no-cache
      content-length:
      - '56'
      content-type:
      - application/json; charset=utf-8
      date:
      - Wed, 15 Nov 2023 15:59:12 GMT
      expires:
      - '-1'
      pragma:
      - no-cache
      server:
      - Microsoft-HTTPAPI/2.0
      strict-transport-security:
      - max-age=31536000; includeSubDomains
      x-content-type-options:
      - nosniff
      x-ms-ratelimit-remaining-subscription-writes:
      - '1199'
    status:
      code: 200
      message: OK
version: 1
