interactions:
- request:
    body: '{"name": "dps000002"}'
    headers:
      Accept:
      - application/json
      Accept-Encoding:
      - gzip, deflate
      CommandName:
      - iot dps create
      Connection:
      - keep-alive
      Content-Length:
      - '21'
      Content-Type:
      - application/json
      ParameterSetName:
      - -g -n --tags
      User-Agent:
      - AZURECLI/2.32.0 azsdk-python-mgmt-iothubprovisioningservices/1.1.0 Python/3.8.3
        (Windows-10-10.0.22000-SP0)
    method: POST
    uri: https://management.azure.com/subscriptions/00000000-0000-0000-0000-000000000000/providers/Microsoft.Devices/checkProvisioningServiceNameAvailability?api-version=2021-10-15
  response:
    body:
      string: '{"nameAvailable":true,"reason":"Invalid","message":null}'
    headers:
      cache-control:
      - no-cache
      content-length:
      - '56'
      content-type:
      - application/json; charset=utf-8
      date:
      - Thu, 17 Feb 2022 00:34:08 GMT
      expires:
      - '-1'
      pragma:
      - no-cache
      server:
      - Microsoft-HTTPAPI/2.0
      strict-transport-security:
      - max-age=31536000; includeSubDomains
      transfer-encoding:
      - chunked
      vary:
      - Accept-Encoding
      x-content-type-options:
      - nosniff
      x-ms-ratelimit-remaining-subscription-writes:
      - '1199'
    status:
      code: 200
      message: OK
- request:
    body: null
    headers:
      Accept:
      - application/json
      Accept-Encoding:
      - gzip, deflate
      CommandName:
      - iot dps create
      Connection:
      - keep-alive
      ParameterSetName:
      - -g -n --tags
      User-Agent:
      - AZURECLI/2.32.0 azsdk-python-azure-mgmt-resource/20.0.0 Python/3.8.3 (Windows-10-10.0.22000-SP0)
    method: GET
    uri: https://management.azure.com/subscriptions/00000000-0000-0000-0000-000000000000/resourcegroups/clitest.rg000001?api-version=2021-04-01
  response:
    body:
      string: '{"id":"/subscriptions/00000000-0000-0000-0000-000000000000/resourceGroups/clitest.rg000001","name":"clitest.rg000001","type":"Microsoft.Resources/resourceGroups","location":"westus","tags":{"product":"azurecli","cause":"automation","date":"2022-02-17T00:34:05Z"},"properties":{"provisioningState":"Succeeded"}}'
    headers:
      cache-control:
      - no-cache
      content-length:
      - '310'
      content-type:
      - application/json; charset=utf-8
      date:
      - Thu, 17 Feb 2022 00:34:08 GMT
      expires:
      - '-1'
      pragma:
      - no-cache
      strict-transport-security:
      - max-age=31536000; includeSubDomains
      vary:
      - Accept-Encoding
      x-content-type-options:
      - nosniff
    status:
      code: 200
      message: OK
- request:
    body: '{"location": "westus", "tags": {"key1": "value1", "key2": "value2"}, "properties":
      {}, "sku": {"name": "S1", "capacity": 1}}'
    headers:
      Accept:
      - application/json
      Accept-Encoding:
      - gzip, deflate
      CommandName:
      - iot dps create
      Connection:
      - keep-alive
      Content-Length:
      - '124'
      Content-Type:
      - application/json
      ParameterSetName:
      - -g -n --tags
      User-Agent:
      - AZURECLI/2.32.0 azsdk-python-mgmt-iothubprovisioningservices/1.1.0 Python/3.8.3
        (Windows-10-10.0.22000-SP0)
    method: PUT
    uri: https://management.azure.com/subscriptions/00000000-0000-0000-0000-000000000000/resourceGroups/clitest.rg000001/providers/Microsoft.Devices/provisioningServices/dps000002?api-version=2021-10-15
  response:
    body:
      string: '{"name":"dps000002","location":"westus","properties":{"state":"Activating","provisioningState":"Accepted","allocationPolicy":"Hashed","idScope":null},"resourcegroup":"clitest.rg000001","type":"Microsoft.Devices/provisioningServices","id":"/subscriptions/00000000-0000-0000-0000-000000000000/resourceGroups/clitest.rg000001/providers/Microsoft.Devices/provisioningServices/dps000002","subscriptionid":"a386d5ea-ea90-441a-8263-d816368c84a1","tags":{"key1":"value1","key2":"value2"},"sku":{"name":"S1","tier":"Standard","capacity":1}}'
    headers:
      azure-asyncoperation:
      - https://management.azure.com/subscriptions/00000000-0000-0000-0000-000000000000/resourceGroups/clitest.rg000001/providers/Microsoft.Devices/provisioningServices/dps000002/operationResults/aWQ9b3NfaWRfYmQ4ZTkyOWItYmNkYy00MmRlLTllOTUtOWYxYzM2ZDVlZjI2O3JlZ2lvbj13ZXN0dXM=?api-version=2021-10-15&asyncinfo
      cache-control:
      - no-cache
      content-length:
      - '531'
      content-type:
      - application/json; charset=utf-8
      date:
      - Thu, 17 Feb 2022 00:34:11 GMT
      expires:
      - '-1'
      pragma:
      - no-cache
      server:
      - Microsoft-HTTPAPI/2.0
      strict-transport-security:
      - max-age=31536000; includeSubDomains
      x-content-type-options:
      - nosniff
      x-ms-ratelimit-remaining-subscription-resource-requests:
      - '4999'
    status:
      code: 201
      message: Created
- request:
    body: null
    headers:
      Accept:
      - '*/*'
      Accept-Encoding:
      - gzip, deflate
      CommandName:
      - iot dps create
      Connection:
      - keep-alive
      ParameterSetName:
      - -g -n --tags
      User-Agent:
      - AZURECLI/2.32.0 azsdk-python-mgmt-iothubprovisioningservices/1.1.0 Python/3.8.3
        (Windows-10-10.0.22000-SP0)
    method: GET
    uri: https://management.azure.com/subscriptions/00000000-0000-0000-0000-000000000000/resourceGroups/clitest.rg000001/providers/Microsoft.Devices/provisioningServices/dps000002/operationResults/aWQ9b3NfaWRfYmQ4ZTkyOWItYmNkYy00MmRlLTllOTUtOWYxYzM2ZDVlZjI2O3JlZ2lvbj13ZXN0dXM=?api-version=2021-10-15&asyncinfo
  response:
    body:
      string: '{"status":"Succeeded"}'
    headers:
      cache-control:
      - no-cache
      content-length:
      - '22'
      content-type:
      - application/json; charset=utf-8
      date:
      - Thu, 17 Feb 2022 00:34:42 GMT
      expires:
      - '-1'
      pragma:
      - no-cache
      server:
      - Microsoft-HTTPAPI/2.0
      strict-transport-security:
      - max-age=31536000; includeSubDomains
      transfer-encoding:
      - chunked
      vary:
      - Accept-Encoding
      x-content-type-options:
      - nosniff
    status:
      code: 200
      message: OK
- request:
    body: null
    headers:
      Accept:
      - '*/*'
      Accept-Encoding:
      - gzip, deflate
      CommandName:
      - iot dps create
      Connection:
      - keep-alive
      ParameterSetName:
      - -g -n --tags
      User-Agent:
      - AZURECLI/2.32.0 azsdk-python-mgmt-iothubprovisioningservices/1.1.0 Python/3.8.3
        (Windows-10-10.0.22000-SP0)
    method: GET
    uri: https://management.azure.com/subscriptions/00000000-0000-0000-0000-000000000000/resourceGroups/clitest.rg000001/providers/Microsoft.Devices/provisioningServices/dps000002?api-version=2021-10-15
  response:
    body:
      string: '{"etag":"AAAAAA3ez90=","name":"dps000002","location":"westus","properties":{"state":"Active","provisioningState":"Succeeded","iotHubs":[],"allocationPolicy":"Hashed","serviceOperationsHostName":"dps000002.azure-devices-provisioning.net","deviceProvisioningHostName":"global.azure-devices-provisioning.net","idScope":"0ne004E2F06"},"resourcegroup":"clitest.rg000001","type":"Microsoft.Devices/provisioningServices","id":"/subscriptions/00000000-0000-0000-0000-000000000000/resourceGroups/clitest.rg000001/providers/Microsoft.Devices/provisioningServices/dps000002","subscriptionid":"a386d5ea-ea90-441a-8263-d816368c84a1","tags":{"key1":"value1","key2":"value2"},"sku":{"name":"S1","tier":"Standard","capacity":1}}'
    headers:
      cache-control:
      - no-cache
      content-length:
      - '712'
      content-type:
      - application/json; charset=utf-8
      date:
      - Thu, 17 Feb 2022 00:34:42 GMT
      expires:
      - '-1'
      pragma:
      - no-cache
      server:
      - Microsoft-HTTPAPI/2.0
      strict-transport-security:
      - max-age=31536000; includeSubDomains
      transfer-encoding:
      - chunked
      vary:
      - Accept-Encoding
      x-content-type-options:
      - nosniff
    status:
      code: 200
      message: OK
- request:
    body: null
    headers:
      Accept:
      - application/json
      Accept-Encoding:
      - gzip, deflate
      CommandName:
      - iot dps list
      Connection:
      - keep-alive
      ParameterSetName:
      - -g
      User-Agent:
      - AZURECLI/2.32.0 azsdk-python-mgmt-iothubprovisioningservices/1.1.0 Python/3.8.3
        (Windows-10-10.0.22000-SP0)
    method: GET
    uri: https://management.azure.com/subscriptions/00000000-0000-0000-0000-000000000000/resourceGroups/clitest.rg000001/providers/Microsoft.Devices/provisioningServices?api-version=2021-10-15
  response:
    body:
      string: '{"value":[{"etag":"AAAAAA3ez90=","name":"dps000002","location":"westus","properties":{"state":"Active","provisioningState":"Succeeded","iotHubs":[],"allocationPolicy":"Hashed","serviceOperationsHostName":"dps000002.azure-devices-provisioning.net","deviceProvisioningHostName":"global.azure-devices-provisioning.net","idScope":"0ne004E2F06"},"resourcegroup":"clitest.rg000001","type":"Microsoft.Devices/provisioningServices","id":"/subscriptions/00000000-0000-0000-0000-000000000000/resourceGroups/clitest.rg000001/providers/Microsoft.Devices/provisioningServices/dps000002","subscriptionid":"a386d5ea-ea90-441a-8263-d816368c84a1","tags":{"key1":"value1","key2":"value2"},"sku":{"name":"S1","tier":"Standard","capacity":1}}]}'
    headers:
      cache-control:
      - no-cache
      content-length:
      - '724'
      content-type:
      - application/json; charset=utf-8
      date:
      - Thu, 17 Feb 2022 00:34:42 GMT
      expires:
      - '-1'
      pragma:
      - no-cache
      server:
      - Microsoft-HTTPAPI/2.0
      strict-transport-security:
      - max-age=31536000; includeSubDomains
      transfer-encoding:
      - chunked
      vary:
      - Accept-Encoding
      x-content-type-options:
      - nosniff
    status:
      code: 200
      message: OK
- request:
    body: null
    headers:
      Accept:
      - application/json
      Accept-Encoding:
      - gzip, deflate
      CommandName:
      - iot dps show
      Connection:
      - keep-alive
      ParameterSetName:
      - -g -n
      User-Agent:
      - AZURECLI/2.32.0 azsdk-python-mgmt-iothubprovisioningservices/1.1.0 Python/3.8.3
        (Windows-10-10.0.22000-SP0)
    method: GET
    uri: https://management.azure.com/subscriptions/00000000-0000-0000-0000-000000000000/resourceGroups/clitest.rg000001/providers/Microsoft.Devices/provisioningServices/dps000002?api-version=2021-10-15
  response:
    body:
      string: '{"etag":"AAAAAA3ez90=","name":"dps000002","location":"westus","properties":{"state":"Active","provisioningState":"Succeeded","iotHubs":[],"allocationPolicy":"Hashed","serviceOperationsHostName":"dps000002.azure-devices-provisioning.net","deviceProvisioningHostName":"global.azure-devices-provisioning.net","idScope":"0ne004E2F06"},"resourcegroup":"clitest.rg000001","type":"Microsoft.Devices/provisioningServices","id":"/subscriptions/00000000-0000-0000-0000-000000000000/resourceGroups/clitest.rg000001/providers/Microsoft.Devices/provisioningServices/dps000002","subscriptionid":"a386d5ea-ea90-441a-8263-d816368c84a1","tags":{"key1":"value1","key2":"value2"},"sku":{"name":"S1","tier":"Standard","capacity":1}}'
    headers:
      cache-control:
      - no-cache
      content-length:
      - '712'
      content-type:
      - application/json; charset=utf-8
      date:
      - Thu, 17 Feb 2022 00:34:43 GMT
      expires:
      - '-1'
      pragma:
      - no-cache
      server:
      - Microsoft-HTTPAPI/2.0
      strict-transport-security:
      - max-age=31536000; includeSubDomains
      transfer-encoding:
      - chunked
      vary:
      - Accept-Encoding
      x-content-type-options:
      - nosniff
    status:
      code: 200
      message: OK
- request:
    body: null
    headers:
      Accept:
      - application/json
      Accept-Encoding:
      - gzip, deflate
      CommandName:
      - iot dps update
      Connection:
      - keep-alive
      ParameterSetName:
      - -g -n --tags --set
      User-Agent:
      - AZURECLI/2.32.0 azsdk-python-mgmt-iothubprovisioningservices/1.1.0 Python/3.8.3
        (Windows-10-10.0.22000-SP0)
    method: GET
    uri: https://management.azure.com/subscriptions/00000000-0000-0000-0000-000000000000/resourceGroups/clitest.rg000001/providers/Microsoft.Devices/provisioningServices/dps000002?api-version=2021-10-15
  response:
    body:
      string: '{"etag":"AAAAAA3ez90=","name":"dps000002","location":"westus","properties":{"state":"Active","provisioningState":"Succeeded","iotHubs":[],"allocationPolicy":"Hashed","serviceOperationsHostName":"dps000002.azure-devices-provisioning.net","deviceProvisioningHostName":"global.azure-devices-provisioning.net","idScope":"0ne004E2F06"},"resourcegroup":"clitest.rg000001","type":"Microsoft.Devices/provisioningServices","id":"/subscriptions/00000000-0000-0000-0000-000000000000/resourceGroups/clitest.rg000001/providers/Microsoft.Devices/provisioningServices/dps000002","subscriptionid":"a386d5ea-ea90-441a-8263-d816368c84a1","tags":{"key1":"value1","key2":"value2"},"sku":{"name":"S1","tier":"Standard","capacity":1}}'
    headers:
      cache-control:
      - no-cache
      content-length:
      - '712'
      content-type:
      - application/json; charset=utf-8
      date:
      - Thu, 17 Feb 2022 00:34:43 GMT
      expires:
      - '-1'
      pragma:
      - no-cache
      server:
      - Microsoft-HTTPAPI/2.0
      strict-transport-security:
      - max-age=31536000; includeSubDomains
      transfer-encoding:
      - chunked
      vary:
      - Accept-Encoding
      x-content-type-options:
      - nosniff
    status:
      code: 200
      message: OK
- request:
    body: '{"location": "westus", "tags": {"key3": "value3"}, "etag": "AAAAAA3ez90=",
      "properties": {"state": "Active", "provisioningState": "Succeeded", "iotHubs":
      [], "allocationPolicy": "GeoLatency"}, "sku": {"name": "S1", "capacity": 1}}'
    headers:
      Accept:
      - application/json
      Accept-Encoding:
      - gzip, deflate
      CommandName:
      - iot dps update
      Connection:
      - keep-alive
      Content-Length:
      - '230'
      Content-Type:
      - application/json
      ParameterSetName:
      - -g -n --tags --set
      User-Agent:
      - AZURECLI/2.32.0 azsdk-python-mgmt-iothubprovisioningservices/1.1.0 Python/3.8.3
        (Windows-10-10.0.22000-SP0)
    method: PUT
    uri: https://management.azure.com/subscriptions/00000000-0000-0000-0000-000000000000/resourceGroups/clitest.rg000001/providers/Microsoft.Devices/provisioningServices/dps000002?api-version=2021-10-15
  response:
    body:
      string: '{"etag":"AAAAAA3ez90=","name":"dps000002","location":"westus","properties":{"state":"Transitioning","provisioningState":"Accepted","iotHubs":[],"allocationPolicy":"GeoLatency","idScope":null},"resourcegroup":"clitest.rg000001","type":"Microsoft.Devices/provisioningServices","id":"/subscriptions/00000000-0000-0000-0000-000000000000/resourceGroups/clitest.rg000001/providers/Microsoft.Devices/provisioningServices/dps000002","subscriptionid":"a386d5ea-ea90-441a-8263-d816368c84a1","tags":{"key3":"value3"},"sku":{"name":"S1","tier":"Standard","capacity":1}}'
    headers:
      azure-asyncoperation:
      - https://management.azure.com/subscriptions/00000000-0000-0000-0000-000000000000/resourceGroups/clitest.rg000001/providers/Microsoft.Devices/provisioningServices/dps000002/operationResults/aWQ9b3NfaWRfYTQxZThlMGUtNDAyNS00OGYwLTg1ZTMtNzRjYThiZWMyYTBjO3JlZ2lvbj13ZXN0dXM=?api-version=2021-10-15&asyncinfo
      cache-control:
      - no-cache
      content-length:
      - '557'
      content-type:
      - application/json; charset=utf-8
      date:
      - Thu, 17 Feb 2022 00:34:46 GMT
      expires:
      - '-1'
      pragma:
      - no-cache
      server:
      - Microsoft-HTTPAPI/2.0
      strict-transport-security:
      - max-age=31536000; includeSubDomains
      x-content-type-options:
      - nosniff
      x-ms-ratelimit-remaining-subscription-resource-requests:
      - '4999'
    status:
      code: 201
      message: Created
- request:
    body: null
    headers:
      Accept:
      - '*/*'
      Accept-Encoding:
      - gzip, deflate
      CommandName:
      - iot dps update
      Connection:
      - keep-alive
      ParameterSetName:
      - -g -n --tags --set
      User-Agent:
      - AZURECLI/2.32.0 azsdk-python-mgmt-iothubprovisioningservices/1.1.0 Python/3.8.3
        (Windows-10-10.0.22000-SP0)
    method: GET
    uri: https://management.azure.com/subscriptions/00000000-0000-0000-0000-000000000000/resourceGroups/clitest.rg000001/providers/Microsoft.Devices/provisioningServices/dps000002/operationResults/aWQ9b3NfaWRfYTQxZThlMGUtNDAyNS00OGYwLTg1ZTMtNzRjYThiZWMyYTBjO3JlZ2lvbj13ZXN0dXM=?api-version=2021-10-15&asyncinfo
  response:
    body:
      string: '{"status":"Succeeded"}'
    headers:
      cache-control:
      - no-cache
      content-length:
      - '22'
      content-type:
      - application/json; charset=utf-8
      date:
      - Thu, 17 Feb 2022 00:35:16 GMT
      expires:
      - '-1'
      pragma:
      - no-cache
      server:
      - Microsoft-HTTPAPI/2.0
      strict-transport-security:
      - max-age=31536000; includeSubDomains
      transfer-encoding:
      - chunked
      vary:
      - Accept-Encoding
      x-content-type-options:
      - nosniff
    status:
      code: 200
      message: OK
- request:
    body: null
    headers:
      Accept:
      - '*/*'
      Accept-Encoding:
      - gzip, deflate
      CommandName:
      - iot dps update
      Connection:
      - keep-alive
      ParameterSetName:
      - -g -n --tags --set
      User-Agent:
      - AZURECLI/2.32.0 azsdk-python-mgmt-iothubprovisioningservices/1.1.0 Python/3.8.3
        (Windows-10-10.0.22000-SP0)
    method: GET
    uri: https://management.azure.com/subscriptions/00000000-0000-0000-0000-000000000000/resourceGroups/clitest.rg000001/providers/Microsoft.Devices/provisioningServices/dps000002?api-version=2021-10-15
  response:
    body:
      string: '{"etag":"AAAAAA3e0Ck=","name":"dps000002","location":"westus","properties":{"state":"Active","provisioningState":"Succeeded","iotHubs":[],"allocationPolicy":"GeoLatency","serviceOperationsHostName":"dps000002.azure-devices-provisioning.net","deviceProvisioningHostName":"global.azure-devices-provisioning.net","idScope":"0ne004E2F06"},"resourcegroup":"clitest.rg000001","type":"Microsoft.Devices/provisioningServices","id":"/subscriptions/00000000-0000-0000-0000-000000000000/resourceGroups/clitest.rg000001/providers/Microsoft.Devices/provisioningServices/dps000002","subscriptionid":"a386d5ea-ea90-441a-8263-d816368c84a1","tags":{"key3":"value3"},"sku":{"name":"S1","tier":"Standard","capacity":1}}'
    headers:
      cache-control:
      - no-cache
      content-length:
      - '700'
      content-type:
      - application/json; charset=utf-8
      date:
      - Thu, 17 Feb 2022 00:35:16 GMT
      expires:
      - '-1'
      pragma:
      - no-cache
      server:
      - Microsoft-HTTPAPI/2.0
      strict-transport-security:
      - max-age=31536000; includeSubDomains
      transfer-encoding:
      - chunked
      vary:
      - Accept-Encoding
      x-content-type-options:
      - nosniff
    status:
      code: 200
      message: OK
- request:
    body: null
    headers:
      Accept:
      - application/json
      Accept-Encoding:
      - gzip, deflate
      CommandName:
      - iot dps update
      Connection:
      - keep-alive
      ParameterSetName:
      - -g -n --tags
      User-Agent:
      - AZURECLI/2.32.0 azsdk-python-mgmt-iothubprovisioningservices/1.1.0 Python/3.8.3
        (Windows-10-10.0.22000-SP0)
    method: GET
    uri: https://management.azure.com/subscriptions/00000000-0000-0000-0000-000000000000/resourceGroups/clitest.rg000001/providers/Microsoft.Devices/provisioningServices/dps000002?api-version=2021-10-15
  response:
    body:
      string: '{"etag":"AAAAAA3e0Ck=","name":"dps000002","location":"westus","properties":{"state":"Active","provisioningState":"Succeeded","iotHubs":[],"allocationPolicy":"GeoLatency","serviceOperationsHostName":"dps000002.azure-devices-provisioning.net","deviceProvisioningHostName":"global.azure-devices-provisioning.net","idScope":"0ne004E2F06"},"resourcegroup":"clitest.rg000001","type":"Microsoft.Devices/provisioningServices","id":"/subscriptions/00000000-0000-0000-0000-000000000000/resourceGroups/clitest.rg000001/providers/Microsoft.Devices/provisioningServices/dps000002","subscriptionid":"a386d5ea-ea90-441a-8263-d816368c84a1","tags":{"key3":"value3"},"sku":{"name":"S1","tier":"Standard","capacity":1}}'
    headers:
      cache-control:
      - no-cache
      content-length:
      - '700'
      content-type:
      - application/json; charset=utf-8
      date:
      - Thu, 17 Feb 2022 00:35:16 GMT
      expires:
      - '-1'
      pragma:
      - no-cache
      server:
      - Microsoft-HTTPAPI/2.0
      strict-transport-security:
      - max-age=31536000; includeSubDomains
      transfer-encoding:
      - chunked
      vary:
      - Accept-Encoding
      x-content-type-options:
      - nosniff
    status:
      code: 200
      message: OK
- request:
    body: '{"location": "westus", "tags": {}, "etag": "AAAAAA3e0Ck=", "properties":
      {"state": "Active", "provisioningState": "Succeeded", "iotHubs": [], "allocationPolicy":
      "GeoLatency"}, "sku": {"name": "S1", "capacity": 1}}'
    headers:
      Accept:
      - application/json
      Accept-Encoding:
      - gzip, deflate
      CommandName:
      - iot dps update
      Connection:
      - keep-alive
      Content-Length:
      - '214'
      Content-Type:
      - application/json
      ParameterSetName:
      - -g -n --tags
      User-Agent:
      - AZURECLI/2.32.0 azsdk-python-mgmt-iothubprovisioningservices/1.1.0 Python/3.8.3
        (Windows-10-10.0.22000-SP0)
    method: PUT
    uri: https://management.azure.com/subscriptions/00000000-0000-0000-0000-000000000000/resourceGroups/clitest.rg000001/providers/Microsoft.Devices/provisioningServices/dps000002?api-version=2021-10-15
  response:
    body:
      string: '{"etag":"AAAAAA3e0Ck=","name":"dps000002","location":"westus","properties":{"state":"Transitioning","provisioningState":"Accepted","iotHubs":[],"allocationPolicy":"GeoLatency","idScope":null},"resourcegroup":"clitest.rg000001","type":"Microsoft.Devices/provisioningServices","id":"/subscriptions/00000000-0000-0000-0000-000000000000/resourceGroups/clitest.rg000001/providers/Microsoft.Devices/provisioningServices/dps000002","subscriptionid":"a386d5ea-ea90-441a-8263-d816368c84a1","tags":{},"sku":{"name":"S1","tier":"Standard","capacity":1}}'
    headers:
      azure-asyncoperation:
      - https://management.azure.com/subscriptions/00000000-0000-0000-0000-000000000000/resourceGroups/clitest.rg000001/providers/Microsoft.Devices/provisioningServices/dps000002/operationResults/aWQ9b3NfaWRfNjg2NWMxODktNzNkZi00ZGFhLTg3ZGEtODZlYTMxZDJiMmM4O3JlZ2lvbj13ZXN0dXM=?api-version=2021-10-15&asyncinfo
      cache-control:
      - no-cache
      content-length:
      - '542'
      content-type:
      - application/json; charset=utf-8
      date:
      - Thu, 17 Feb 2022 00:35:19 GMT
      expires:
      - '-1'
      pragma:
      - no-cache
      server:
      - Microsoft-HTTPAPI/2.0
      strict-transport-security:
      - max-age=31536000; includeSubDomains
      x-content-type-options:
      - nosniff
      x-ms-ratelimit-remaining-subscription-resource-requests:
      - '4999'
    status:
      code: 201
      message: Created
- request:
    body: null
    headers:
      Accept:
      - '*/*'
      Accept-Encoding:
      - gzip, deflate
      CommandName:
      - iot dps update
      Connection:
      - keep-alive
      ParameterSetName:
      - -g -n --tags
      User-Agent:
      - AZURECLI/2.32.0 azsdk-python-mgmt-iothubprovisioningservices/1.1.0 Python/3.8.3
        (Windows-10-10.0.22000-SP0)
    method: GET
    uri: https://management.azure.com/subscriptions/00000000-0000-0000-0000-000000000000/resourceGroups/clitest.rg000001/providers/Microsoft.Devices/provisioningServices/dps000002/operationResults/aWQ9b3NfaWRfNjg2NWMxODktNzNkZi00ZGFhLTg3ZGEtODZlYTMxZDJiMmM4O3JlZ2lvbj13ZXN0dXM=?api-version=2021-10-15&asyncinfo
  response:
    body:
      string: '{"status":"Succeeded"}'
    headers:
      cache-control:
      - no-cache
      content-length:
      - '22'
      content-type:
      - application/json; charset=utf-8
      date:
      - Thu, 17 Feb 2022 00:35:49 GMT
      expires:
      - '-1'
      pragma:
      - no-cache
      server:
      - Microsoft-HTTPAPI/2.0
      strict-transport-security:
      - max-age=31536000; includeSubDomains
      transfer-encoding:
      - chunked
      vary:
      - Accept-Encoding
      x-content-type-options:
      - nosniff
    status:
      code: 200
      message: OK
- request:
    body: null
    headers:
      Accept:
      - '*/*'
      Accept-Encoding:
      - gzip, deflate
      CommandName:
      - iot dps update
      Connection:
      - keep-alive
      ParameterSetName:
      - -g -n --tags
      User-Agent:
      - AZURECLI/2.32.0 azsdk-python-mgmt-iothubprovisioningservices/1.1.0 Python/3.8.3
        (Windows-10-10.0.22000-SP0)
    method: GET
    uri: https://management.azure.com/subscriptions/00000000-0000-0000-0000-000000000000/resourceGroups/clitest.rg000001/providers/Microsoft.Devices/provisioningServices/dps000002?api-version=2021-10-15
  response:
    body:
      string: '{"etag":"AAAAAA3e0Ik=","name":"dps000002","location":"westus","properties":{"state":"Active","provisioningState":"Succeeded","iotHubs":[],"allocationPolicy":"GeoLatency","serviceOperationsHostName":"dps000002.azure-devices-provisioning.net","deviceProvisioningHostName":"global.azure-devices-provisioning.net","idScope":"0ne004E2F06"},"resourcegroup":"clitest.rg000001","type":"Microsoft.Devices/provisioningServices","id":"/subscriptions/00000000-0000-0000-0000-000000000000/resourceGroups/clitest.rg000001/providers/Microsoft.Devices/provisioningServices/dps000002","subscriptionid":"a386d5ea-ea90-441a-8263-d816368c84a1","tags":{},"sku":{"name":"S1","tier":"Standard","capacity":1}}'
    headers:
      cache-control:
      - no-cache
      content-length:
      - '685'
      content-type:
      - application/json; charset=utf-8
      date:
      - Thu, 17 Feb 2022 00:35:49 GMT
      expires:
      - '-1'
      pragma:
      - no-cache
      server:
      - Microsoft-HTTPAPI/2.0
      strict-transport-security:
      - max-age=31536000; includeSubDomains
      transfer-encoding:
      - chunked
      vary:
      - Accept-Encoding
      x-content-type-options:
      - nosniff
    status:
      code: 200
      message: OK
- request:
    body: null
    headers:
      Accept:
      - application/json
      Accept-Encoding:
      - gzip, deflate
      CommandName:
      - iot dps policy create
      Connection:
      - keep-alive
      Content-Length:
      - '0'
      ParameterSetName:
      - -g --dps-name --pn -r
      User-Agent:
      - AZURECLI/2.32.0 azsdk-python-mgmt-iothubprovisioningservices/1.1.0 Python/3.8.3
        (Windows-10-10.0.22000-SP0)
    method: POST
    uri: https://management.azure.com/subscriptions/00000000-0000-0000-0000-000000000000/resourceGroups/clitest.rg000001/providers/Microsoft.Devices/provisioningServices/dps000002/listkeys?api-version=2021-10-15
  response:
    body:
      string: '{"value":[{"keyName":"provisioningserviceowner","primaryKey":"mock_key","secondaryKey":"mock_key","rights":"ServiceConfig,
        DeviceConnect, EnrollmentWrite"}]}'
    headers:
      cache-control:
      - no-cache
      content-length:
      - '157'
      content-type:
      - application/json; charset=utf-8
      date:
      - Thu, 17 Feb 2022 00:35:50 GMT
      expires:
      - '-1'
      pragma:
      - no-cache
      server:
      - Microsoft-HTTPAPI/2.0
      strict-transport-security:
      - max-age=31536000; includeSubDomains
      transfer-encoding:
      - chunked
      vary:
      - Accept-Encoding
      x-content-type-options:
      - nosniff
      x-ms-ratelimit-remaining-subscription-writes:
      - '1199'
    status:
      code: 200
      message: OK
- request:
    body: null
    headers:
      Accept:
      - application/json
      Accept-Encoding:
      - gzip, deflate
      CommandName:
      - iot dps policy create
      Connection:
      - keep-alive
      ParameterSetName:
      - -g --dps-name --pn -r
      User-Agent:
      - AZURECLI/2.32.0 azsdk-python-mgmt-iothubprovisioningservices/1.1.0 Python/3.8.3
        (Windows-10-10.0.22000-SP0)
    method: GET
    uri: https://management.azure.com/subscriptions/00000000-0000-0000-0000-000000000000/resourceGroups/clitest.rg000001/providers/Microsoft.Devices/provisioningServices/dps000002?api-version=2021-10-15
  response:
    body:
      string: '{"etag":"AAAAAA3e0Ik=","name":"dps000002","location":"westus","properties":{"state":"Active","provisioningState":"Succeeded","iotHubs":[],"allocationPolicy":"GeoLatency","serviceOperationsHostName":"dps000002.azure-devices-provisioning.net","deviceProvisioningHostName":"global.azure-devices-provisioning.net","idScope":"0ne004E2F06"},"resourcegroup":"clitest.rg000001","type":"Microsoft.Devices/provisioningServices","id":"/subscriptions/00000000-0000-0000-0000-000000000000/resourceGroups/clitest.rg000001/providers/Microsoft.Devices/provisioningServices/dps000002","subscriptionid":"a386d5ea-ea90-441a-8263-d816368c84a1","tags":{},"sku":{"name":"S1","tier":"Standard","capacity":1}}'
    headers:
      cache-control:
      - no-cache
      content-length:
      - '685'
      content-type:
      - application/json; charset=utf-8
      date:
      - Thu, 17 Feb 2022 00:35:50 GMT
      expires:
      - '-1'
      pragma:
      - no-cache
      server:
      - Microsoft-HTTPAPI/2.0
      strict-transport-security:
      - max-age=31536000; includeSubDomains
      transfer-encoding:
      - chunked
      vary:
      - Accept-Encoding
      x-content-type-options:
      - nosniff
    status:
      code: 200
      message: OK
- request:
    body: '{"location": "westus", "properties": {"iotHubs": [], "allocationPolicy":
      "GeoLatency", "authorizationPolicies": [{"keyName": "provisioningserviceowner",
      "primaryKey":"mock_key", "secondaryKey":"mock_key", "rights": "ServiceConfig,
      DeviceConnect, EnrollmentWrite"}, {"keyName": "policy000003", "rights": "EnrollmentRead"}]},
      "sku": {"name": "S1", "capacity": 1}}'
    headers:
      Accept:
      - application/json
      Accept-Encoding:
      - gzip, deflate
      CommandName:
      - iot dps policy create
      Connection:
      - keep-alive
      Content-Length:
      - '361'
      Content-Type:
      - application/json
      ParameterSetName:
      - -g --dps-name --pn -r
      User-Agent:
      - AZURECLI/2.32.0 azsdk-python-mgmt-iothubprovisioningservices/1.1.0 Python/3.8.3
        (Windows-10-10.0.22000-SP0)
    method: PUT
    uri: https://management.azure.com/subscriptions/00000000-0000-0000-0000-000000000000/resourceGroups/clitest.rg000001/providers/Microsoft.Devices/provisioningServices/dps000002?api-version=2021-10-15
  response:
    body:
      string: '{"name":"dps000002","location":"westus","properties":{"state":"Transitioning","provisioningState":"Accepted","iotHubs":[],"allocationPolicy":"GeoLatency","idScope":null,"authorizationPolicies":[{"keyName":"provisioningserviceowner","primaryKey":"mock_key","secondaryKey":"mock_key","rights":"ServiceConfig,
        DeviceConnect, EnrollmentWrite"},{"keyName":"policy000003","primaryKey":"mock_key","secondaryKey":"mock_key","rights":"EnrollmentRead"}]},"resourcegroup":"clitest.rg000001","type":"Microsoft.Devices/provisioningServices","id":"/subscriptions/00000000-0000-0000-0000-000000000000/resourceGroups/clitest.rg000001/providers/Microsoft.Devices/provisioningServices/dps000002","subscriptionid":"a386d5ea-ea90-441a-8263-d816368c84a1","tags":{},"sku":{"name":"S1","tier":"Standard","capacity":1}}'
    headers:
      azure-asyncoperation:
      - https://management.azure.com/subscriptions/00000000-0000-0000-0000-000000000000/resourceGroups/clitest.rg000001/providers/Microsoft.Devices/provisioningServices/dps000002/operationResults/aWQ9b3NfaWRfY2U1NGU3M2UtNTU5OS00NTdlLWEwYTctYWMwNWU2NWNhNjQ3O3JlZ2lvbj13ZXN0dXM=?api-version=2021-10-15&asyncinfo
      cache-control:
      - no-cache
      content-length:
      - '795'
      content-type:
      - application/json; charset=utf-8
      date:
      - Thu, 17 Feb 2022 00:35:52 GMT
      expires:
      - '-1'
      pragma:
      - no-cache
      server:
      - Microsoft-HTTPAPI/2.0
      strict-transport-security:
      - max-age=31536000; includeSubDomains
      x-content-type-options:
      - nosniff
      x-ms-ratelimit-remaining-subscription-resource-requests:
      - '4999'
    status:
      code: 201
      message: Created
- request:
    body: null
    headers:
      Accept:
      - '*/*'
      Accept-Encoding:
      - gzip, deflate
      CommandName:
      - iot dps policy create
      Connection:
      - keep-alive
      ParameterSetName:
      - -g --dps-name --pn -r
      User-Agent:
      - AZURECLI/2.32.0 azsdk-python-mgmt-iothubprovisioningservices/1.1.0 Python/3.8.3
        (Windows-10-10.0.22000-SP0)
    method: GET
    uri: https://management.azure.com/subscriptions/00000000-0000-0000-0000-000000000000/resourceGroups/clitest.rg000001/providers/Microsoft.Devices/provisioningServices/dps000002/operationResults/aWQ9b3NfaWRfY2U1NGU3M2UtNTU5OS00NTdlLWEwYTctYWMwNWU2NWNhNjQ3O3JlZ2lvbj13ZXN0dXM=?api-version=2021-10-15&asyncinfo
  response:
    body:
      string: '{"status":"Succeeded"}'
    headers:
      cache-control:
      - no-cache
      content-length:
      - '22'
      content-type:
      - application/json; charset=utf-8
      date:
      - Thu, 17 Feb 2022 00:36:23 GMT
      expires:
      - '-1'
      pragma:
      - no-cache
      server:
      - Microsoft-HTTPAPI/2.0
      strict-transport-security:
      - max-age=31536000; includeSubDomains
      transfer-encoding:
      - chunked
      vary:
      - Accept-Encoding
      x-content-type-options:
      - nosniff
    status:
      code: 200
      message: OK
- request:
    body: null
    headers:
      Accept:
      - '*/*'
      Accept-Encoding:
      - gzip, deflate
      CommandName:
      - iot dps policy create
      Connection:
      - keep-alive
      ParameterSetName:
      - -g --dps-name --pn -r
      User-Agent:
      - AZURECLI/2.32.0 azsdk-python-mgmt-iothubprovisioningservices/1.1.0 Python/3.8.3
        (Windows-10-10.0.22000-SP0)
    method: GET
    uri: https://management.azure.com/subscriptions/00000000-0000-0000-0000-000000000000/resourceGroups/clitest.rg000001/providers/Microsoft.Devices/provisioningServices/dps000002?api-version=2021-10-15
  response:
    body:
      string: '{"etag":"AAAAAA3e0Ok=","name":"dps000002","location":"westus","properties":{"state":"Active","provisioningState":"Succeeded","iotHubs":[],"allocationPolicy":"GeoLatency","serviceOperationsHostName":"dps000002.azure-devices-provisioning.net","deviceProvisioningHostName":"global.azure-devices-provisioning.net","idScope":"0ne004E2F06"},"resourcegroup":"clitest.rg000001","type":"Microsoft.Devices/provisioningServices","id":"/subscriptions/00000000-0000-0000-0000-000000000000/resourceGroups/clitest.rg000001/providers/Microsoft.Devices/provisioningServices/dps000002","subscriptionid":"a386d5ea-ea90-441a-8263-d816368c84a1","tags":{},"sku":{"name":"S1","tier":"Standard","capacity":1}}'
    headers:
      cache-control:
      - no-cache
      content-length:
      - '685'
      content-type:
      - application/json; charset=utf-8
      date:
      - Thu, 17 Feb 2022 00:36:23 GMT
      expires:
      - '-1'
      pragma:
      - no-cache
      server:
      - Microsoft-HTTPAPI/2.0
      strict-transport-security:
      - max-age=31536000; includeSubDomains
      transfer-encoding:
      - chunked
      vary:
      - Accept-Encoding
      x-content-type-options:
      - nosniff
    status:
      code: 200
      message: OK
- request:
    body: null
    headers:
      Accept:
      - application/json
      Accept-Encoding:
      - gzip, deflate
      CommandName:
      - iot dps policy create
      Connection:
      - keep-alive
      Content-Length:
      - '0'
      ParameterSetName:
      - -g --dps-name --pn -r
      User-Agent:
      - AZURECLI/2.32.0 azsdk-python-mgmt-iothubprovisioningservices/1.1.0 Python/3.8.3
        (Windows-10-10.0.22000-SP0)
    method: POST
    uri: https://management.azure.com/subscriptions/00000000-0000-0000-0000-000000000000/resourceGroups/clitest.rg000001/providers/Microsoft.Devices/provisioningServices/dps000002/keys/policy000003/listkeys?api-version=2021-10-15
  response:
    body:
      string: '{"keyName":"policy000003","primaryKey":"mock_key","secondaryKey":"mock_key","rights":"EnrollmentRead"}'
    headers:
      cache-control:
      - no-cache
      content-length:
      - '102'
      content-type:
      - application/json; charset=utf-8
      date:
      - Thu, 17 Feb 2022 00:36:23 GMT
      expires:
      - '-1'
      pragma:
      - no-cache
      server:
      - Microsoft-HTTPAPI/2.0
      strict-transport-security:
      - max-age=31536000; includeSubDomains
      transfer-encoding:
      - chunked
      vary:
      - Accept-Encoding
      x-content-type-options:
      - nosniff
      x-ms-ratelimit-remaining-subscription-writes:
      - '1198'
    status:
      code: 200
      message: OK
- request:
    body: null
    headers:
      Accept:
      - application/json
      Accept-Encoding:
      - gzip, deflate
      CommandName:
      - iot dps policy list
      Connection:
      - keep-alive
      Content-Length:
      - '0'
      ParameterSetName:
      - -g --dps-name
      User-Agent:
      - AZURECLI/2.32.0 azsdk-python-mgmt-iothubprovisioningservices/1.1.0 Python/3.8.3
        (Windows-10-10.0.22000-SP0)
    method: POST
    uri: https://management.azure.com/subscriptions/00000000-0000-0000-0000-000000000000/resourceGroups/clitest.rg000001/providers/Microsoft.Devices/provisioningServices/dps000002/listkeys?api-version=2021-10-15
  response:
    body:
      string: '{"value":[{"keyName":"provisioningserviceowner","primaryKey":"mock_key","secondaryKey":"mock_key","rights":"ServiceConfig,
        DeviceConnect, EnrollmentWrite"},{"keyName":"policy000003","primaryKey":"mock_key","secondaryKey":"mock_key","rights":"EnrollmentRead"}]}'
    headers:
      cache-control:
      - no-cache
      content-length:
      - '260'
      content-type:
      - application/json; charset=utf-8
      date:
      - Thu, 17 Feb 2022 00:36:23 GMT
      expires:
      - '-1'
      pragma:
      - no-cache
      server:
      - Microsoft-HTTPAPI/2.0
      strict-transport-security:
      - max-age=31536000; includeSubDomains
      transfer-encoding:
      - chunked
      vary:
      - Accept-Encoding
      x-content-type-options:
      - nosniff
      x-ms-ratelimit-remaining-subscription-writes:
      - '1199'
    status:
      code: 200
      message: OK
- request:
    body: null
    headers:
      Accept:
      - application/json
      Accept-Encoding:
      - gzip, deflate
      CommandName:
      - iot dps policy show
      Connection:
      - keep-alive
      Content-Length:
      - '0'
      ParameterSetName:
      - -g --dps-name --pn
      User-Agent:
      - AZURECLI/2.32.0 azsdk-python-mgmt-iothubprovisioningservices/1.1.0 Python/3.8.3
        (Windows-10-10.0.22000-SP0)
    method: POST
    uri: https://management.azure.com/subscriptions/00000000-0000-0000-0000-000000000000/resourceGroups/clitest.rg000001/providers/Microsoft.Devices/provisioningServices/dps000002/keys/policy000003/listkeys?api-version=2021-10-15
  response:
    body:
      string: '{"keyName":"policy000003","primaryKey":"mock_key","secondaryKey":"mock_key","rights":"EnrollmentRead"}'
    headers:
      cache-control:
      - no-cache
      content-length:
      - '102'
      content-type:
      - application/json; charset=utf-8
      date:
      - Thu, 17 Feb 2022 00:36:24 GMT
      expires:
      - '-1'
      pragma:
      - no-cache
      server:
      - Microsoft-HTTPAPI/2.0
      strict-transport-security:
      - max-age=31536000; includeSubDomains
      transfer-encoding:
      - chunked
      vary:
      - Accept-Encoding
      x-content-type-options:
      - nosniff
      x-ms-ratelimit-remaining-subscription-writes:
      - '1199'
    status:
      code: 200
      message: OK
- request:
    body: null
    headers:
      Accept:
      - application/json
      Accept-Encoding:
      - gzip, deflate
      CommandName:
      - iot dps policy update
      Connection:
      - keep-alive
      Content-Length:
      - '0'
      ParameterSetName:
      - -g --dps-name --pn -r
      User-Agent:
      - AZURECLI/2.32.0 azsdk-python-mgmt-iothubprovisioningservices/1.1.0 Python/3.8.3
        (Windows-10-10.0.22000-SP0)
    method: POST
    uri: https://management.azure.com/subscriptions/00000000-0000-0000-0000-000000000000/resourceGroups/clitest.rg000001/providers/Microsoft.Devices/provisioningServices/dps000002/listkeys?api-version=2021-10-15
  response:
    body:
      string: '{"value":[{"keyName":"provisioningserviceowner","primaryKey":"mock_key","secondaryKey":"mock_key","rights":"ServiceConfig,
        DeviceConnect, EnrollmentWrite"},{"keyName":"policy000003","primaryKey":"mock_key","secondaryKey":"mock_key","rights":"EnrollmentRead"}]}'
    headers:
      cache-control:
      - no-cache
      content-length:
      - '260'
      content-type:
      - application/json; charset=utf-8
      date:
      - Thu, 17 Feb 2022 00:36:25 GMT
      expires:
      - '-1'
      pragma:
      - no-cache
      server:
      - Microsoft-HTTPAPI/2.0
      strict-transport-security:
      - max-age=31536000; includeSubDomains
      transfer-encoding:
      - chunked
      vary:
      - Accept-Encoding
      x-content-type-options:
      - nosniff
      x-ms-ratelimit-remaining-subscription-writes:
      - '1199'
    status:
      code: 200
      message: OK
- request:
    body: null
    headers:
      Accept:
      - application/json
      Accept-Encoding:
      - gzip, deflate
      CommandName:
      - iot dps policy update
      Connection:
      - keep-alive
      ParameterSetName:
      - -g --dps-name --pn -r
      User-Agent:
      - AZURECLI/2.32.0 azsdk-python-mgmt-iothubprovisioningservices/1.1.0 Python/3.8.3
        (Windows-10-10.0.22000-SP0)
    method: GET
    uri: https://management.azure.com/subscriptions/00000000-0000-0000-0000-000000000000/resourceGroups/clitest.rg000001/providers/Microsoft.Devices/provisioningServices/dps000002?api-version=2021-10-15
  response:
    body:
      string: '{"etag":"AAAAAA3e0Ok=","name":"dps000002","location":"westus","properties":{"state":"Active","provisioningState":"Succeeded","iotHubs":[],"allocationPolicy":"GeoLatency","serviceOperationsHostName":"dps000002.azure-devices-provisioning.net","deviceProvisioningHostName":"global.azure-devices-provisioning.net","idScope":"0ne004E2F06"},"resourcegroup":"clitest.rg000001","type":"Microsoft.Devices/provisioningServices","id":"/subscriptions/00000000-0000-0000-0000-000000000000/resourceGroups/clitest.rg000001/providers/Microsoft.Devices/provisioningServices/dps000002","subscriptionid":"a386d5ea-ea90-441a-8263-d816368c84a1","tags":{},"sku":{"name":"S1","tier":"Standard","capacity":1}}'
    headers:
      cache-control:
      - no-cache
      content-length:
      - '685'
      content-type:
      - application/json; charset=utf-8
      date:
      - Thu, 17 Feb 2022 00:36:25 GMT
      expires:
      - '-1'
      pragma:
      - no-cache
      server:
      - Microsoft-HTTPAPI/2.0
      strict-transport-security:
      - max-age=31536000; includeSubDomains
      transfer-encoding:
      - chunked
      vary:
      - Accept-Encoding
      x-content-type-options:
      - nosniff
    status:
      code: 200
      message: OK
- request:
    body: '{"location": "westus", "properties": {"iotHubs": [], "allocationPolicy":
      "GeoLatency", "authorizationPolicies": [{"keyName": "provisioningserviceowner",
      "primaryKey":"mock_key", "secondaryKey":"mock_key", "rights": "ServiceConfig,
      DeviceConnect, EnrollmentWrite"}, {"keyName": "policy000003", "primaryKey":"mock_key",
      "secondaryKey":"mock_key", "rights": "EnrollmentWrite"}]}, "sku": {"name": "S1",
      "capacity": 1}}'
    headers:
      Accept:
      - application/json
      Accept-Encoding:
      - gzip, deflate
      CommandName:
      - iot dps policy update
      Connection:
      - keep-alive
      Content-Length:
      - '414'
      Content-Type:
      - application/json
      ParameterSetName:
      - -g --dps-name --pn -r
      User-Agent:
      - AZURECLI/2.32.0 azsdk-python-mgmt-iothubprovisioningservices/1.1.0 Python/3.8.3
        (Windows-10-10.0.22000-SP0)
    method: PUT
    uri: https://management.azure.com/subscriptions/00000000-0000-0000-0000-000000000000/resourceGroups/clitest.rg000001/providers/Microsoft.Devices/provisioningServices/dps000002?api-version=2021-10-15
  response:
    body:
      string: '{"name":"dps000002","location":"westus","properties":{"state":"Transitioning","provisioningState":"Accepted","iotHubs":[],"allocationPolicy":"GeoLatency","idScope":null,"authorizationPolicies":[{"keyName":"provisioningserviceowner","primaryKey":"mock_key","secondaryKey":"mock_key","rights":"ServiceConfig,
        DeviceConnect, EnrollmentWrite"},{"keyName":"policy000003","primaryKey":"mock_key","secondaryKey":"mock_key","rights":"EnrollmentWrite"}]},"resourcegroup":"clitest.rg000001","type":"Microsoft.Devices/provisioningServices","id":"/subscriptions/00000000-0000-0000-0000-000000000000/resourceGroups/clitest.rg000001/providers/Microsoft.Devices/provisioningServices/dps000002","subscriptionid":"a386d5ea-ea90-441a-8263-d816368c84a1","tags":{},"sku":{"name":"S1","tier":"Standard","capacity":1}}'
    headers:
      azure-asyncoperation:
      - https://management.azure.com/subscriptions/00000000-0000-0000-0000-000000000000/resourceGroups/clitest.rg000001/providers/Microsoft.Devices/provisioningServices/dps000002/operationResults/aWQ9b3NfaWRfY2E5MjVkMDUtZmExOC00NzBiLWJjNWMtNjNkM2I2Y2Q2OWFhO3JlZ2lvbj13ZXN0dXM=?api-version=2021-10-15&asyncinfo
      cache-control:
      - no-cache
      content-length:
      - '796'
      content-type:
      - application/json; charset=utf-8
      date:
      - Thu, 17 Feb 2022 00:36:27 GMT
      expires:
      - '-1'
      pragma:
      - no-cache
      server:
      - Microsoft-HTTPAPI/2.0
      strict-transport-security:
      - max-age=31536000; includeSubDomains
      x-content-type-options:
      - nosniff
      x-ms-ratelimit-remaining-subscription-resource-requests:
      - '4999'
    status:
      code: 201
      message: Created
- request:
    body: null
    headers:
      Accept:
      - '*/*'
      Accept-Encoding:
      - gzip, deflate
      CommandName:
      - iot dps policy update
      Connection:
      - keep-alive
      ParameterSetName:
      - -g --dps-name --pn -r
      User-Agent:
      - AZURECLI/2.32.0 azsdk-python-mgmt-iothubprovisioningservices/1.1.0 Python/3.8.3
        (Windows-10-10.0.22000-SP0)
    method: GET
    uri: https://management.azure.com/subscriptions/00000000-0000-0000-0000-000000000000/resourceGroups/clitest.rg000001/providers/Microsoft.Devices/provisioningServices/dps000002/operationResults/aWQ9b3NfaWRfY2E5MjVkMDUtZmExOC00NzBiLWJjNWMtNjNkM2I2Y2Q2OWFhO3JlZ2lvbj13ZXN0dXM=?api-version=2021-10-15&asyncinfo
  response:
    body:
      string: '{"status":"Succeeded"}'
    headers:
      cache-control:
      - no-cache
      content-length:
      - '22'
      content-type:
      - application/json; charset=utf-8
      date:
      - Thu, 17 Feb 2022 00:36:57 GMT
      expires:
      - '-1'
      pragma:
      - no-cache
      server:
      - Microsoft-HTTPAPI/2.0
      strict-transport-security:
      - max-age=31536000; includeSubDomains
      transfer-encoding:
      - chunked
      vary:
      - Accept-Encoding
      x-content-type-options:
      - nosniff
    status:
      code: 200
      message: OK
- request:
    body: null
    headers:
      Accept:
      - '*/*'
      Accept-Encoding:
      - gzip, deflate
      CommandName:
      - iot dps policy update
      Connection:
      - keep-alive
      ParameterSetName:
      - -g --dps-name --pn -r
      User-Agent:
      - AZURECLI/2.32.0 azsdk-python-mgmt-iothubprovisioningservices/1.1.0 Python/3.8.3
        (Windows-10-10.0.22000-SP0)
    method: GET
    uri: https://management.azure.com/subscriptions/00000000-0000-0000-0000-000000000000/resourceGroups/clitest.rg000001/providers/Microsoft.Devices/provisioningServices/dps000002?api-version=2021-10-15
  response:
    body:
      string: '{"etag":"AAAAAA3e0YI=","name":"dps000002","location":"westus","properties":{"state":"Active","provisioningState":"Succeeded","iotHubs":[],"allocationPolicy":"GeoLatency","serviceOperationsHostName":"dps000002.azure-devices-provisioning.net","deviceProvisioningHostName":"global.azure-devices-provisioning.net","idScope":"0ne004E2F06"},"resourcegroup":"clitest.rg000001","type":"Microsoft.Devices/provisioningServices","id":"/subscriptions/00000000-0000-0000-0000-000000000000/resourceGroups/clitest.rg000001/providers/Microsoft.Devices/provisioningServices/dps000002","subscriptionid":"a386d5ea-ea90-441a-8263-d816368c84a1","tags":{},"sku":{"name":"S1","tier":"Standard","capacity":1}}'
    headers:
      cache-control:
      - no-cache
      content-length:
      - '685'
      content-type:
      - application/json; charset=utf-8
      date:
      - Thu, 17 Feb 2022 00:36:57 GMT
      expires:
      - '-1'
      pragma:
      - no-cache
      server:
      - Microsoft-HTTPAPI/2.0
      strict-transport-security:
      - max-age=31536000; includeSubDomains
      transfer-encoding:
      - chunked
      vary:
      - Accept-Encoding
      x-content-type-options:
      - nosniff
    status:
      code: 200
      message: OK
- request:
    body: null
    headers:
      Accept:
      - application/json
      Accept-Encoding:
      - gzip, deflate
      CommandName:
      - iot dps policy update
      Connection:
      - keep-alive
      Content-Length:
      - '0'
      ParameterSetName:
      - -g --dps-name --pn -r
      User-Agent:
      - AZURECLI/2.32.0 azsdk-python-mgmt-iothubprovisioningservices/1.1.0 Python/3.8.3
        (Windows-10-10.0.22000-SP0)
    method: POST
    uri: https://management.azure.com/subscriptions/00000000-0000-0000-0000-000000000000/resourceGroups/clitest.rg000001/providers/Microsoft.Devices/provisioningServices/dps000002/keys/policy000003/listkeys?api-version=2021-10-15
  response:
    body:
      string: '{"keyName":"policy000003","primaryKey":"mock_key","secondaryKey":"mock_key","rights":"EnrollmentWrite"}'
    headers:
      cache-control:
      - no-cache
      content-length:
      - '103'
      content-type:
      - application/json; charset=utf-8
      date:
      - Thu, 17 Feb 2022 00:36:57 GMT
      expires:
      - '-1'
      pragma:
      - no-cache
      server:
      - Microsoft-HTTPAPI/2.0
      strict-transport-security:
      - max-age=31536000; includeSubDomains
      transfer-encoding:
      - chunked
      vary:
      - Accept-Encoding
      x-content-type-options:
      - nosniff
      x-ms-ratelimit-remaining-subscription-writes:
      - '1198'
    status:
      code: 200
      message: OK
- request:
    body: null
    headers:
      Accept:
      - application/json
      Accept-Encoding:
      - gzip, deflate
      CommandName:
      - iot dps policy delete
      Connection:
      - keep-alive
      Content-Length:
      - '0'
      ParameterSetName:
      - -g --dps-name --pn
      User-Agent:
      - AZURECLI/2.32.0 azsdk-python-mgmt-iothubprovisioningservices/1.1.0 Python/3.8.3
        (Windows-10-10.0.22000-SP0)
    method: POST
    uri: https://management.azure.com/subscriptions/00000000-0000-0000-0000-000000000000/resourceGroups/clitest.rg000001/providers/Microsoft.Devices/provisioningServices/dps000002/listkeys?api-version=2021-10-15
  response:
    body:
      string: '{"value":[{"keyName":"provisioningserviceowner","primaryKey":"mock_key","secondaryKey":"mock_key","rights":"ServiceConfig,
        DeviceConnect, EnrollmentWrite"},{"keyName":"policy000003","primaryKey":"mock_key","secondaryKey":"mock_key","rights":"EnrollmentWrite"}]}'
    headers:
      cache-control:
      - no-cache
      content-length:
      - '261'
      content-type:
      - application/json; charset=utf-8
      date:
      - Thu, 17 Feb 2022 00:36:58 GMT
      expires:
      - '-1'
      pragma:
      - no-cache
      server:
      - Microsoft-HTTPAPI/2.0
      strict-transport-security:
      - max-age=31536000; includeSubDomains
      transfer-encoding:
      - chunked
      vary:
      - Accept-Encoding
      x-content-type-options:
      - nosniff
      x-ms-ratelimit-remaining-subscription-writes:
      - '1199'
    status:
      code: 200
      message: OK
- request:
    body: null
    headers:
      Accept:
      - application/json
      Accept-Encoding:
      - gzip, deflate
      CommandName:
      - iot dps policy delete
      Connection:
      - keep-alive
      ParameterSetName:
      - -g --dps-name --pn
      User-Agent:
      - AZURECLI/2.32.0 azsdk-python-mgmt-iothubprovisioningservices/1.1.0 Python/3.8.3
        (Windows-10-10.0.22000-SP0)
    method: GET
    uri: https://management.azure.com/subscriptions/00000000-0000-0000-0000-000000000000/resourceGroups/clitest.rg000001/providers/Microsoft.Devices/provisioningServices/dps000002?api-version=2021-10-15
  response:
    body:
      string: '{"etag":"AAAAAA3e0YI=","name":"dps000002","location":"westus","properties":{"state":"Active","provisioningState":"Succeeded","iotHubs":[],"allocationPolicy":"GeoLatency","serviceOperationsHostName":"dps000002.azure-devices-provisioning.net","deviceProvisioningHostName":"global.azure-devices-provisioning.net","idScope":"0ne004E2F06"},"resourcegroup":"clitest.rg000001","type":"Microsoft.Devices/provisioningServices","id":"/subscriptions/00000000-0000-0000-0000-000000000000/resourceGroups/clitest.rg000001/providers/Microsoft.Devices/provisioningServices/dps000002","subscriptionid":"a386d5ea-ea90-441a-8263-d816368c84a1","tags":{},"sku":{"name":"S1","tier":"Standard","capacity":1}}'
    headers:
      cache-control:
      - no-cache
      content-length:
      - '685'
      content-type:
      - application/json; charset=utf-8
      date:
      - Thu, 17 Feb 2022 00:36:58 GMT
      expires:
      - '-1'
      pragma:
      - no-cache
      server:
      - Microsoft-HTTPAPI/2.0
      strict-transport-security:
      - max-age=31536000; includeSubDomains
      transfer-encoding:
      - chunked
      vary:
      - Accept-Encoding
      x-content-type-options:
      - nosniff
    status:
      code: 200
      message: OK
- request:
    body: '{"location": "westus", "properties": {"iotHubs": [], "allocationPolicy":
      "GeoLatency", "authorizationPolicies": [{"keyName": "provisioningserviceowner",
      "primaryKey":"mock_key", "secondaryKey":"mock_key", "rights": "ServiceConfig,
      DeviceConnect, EnrollmentWrite"}]}, "sku": {"name": "S1", "capacity": 1}}'
    headers:
      Accept:
      - application/json
      Accept-Encoding:
      - gzip, deflate
      CommandName:
      - iot dps policy delete
      Connection:
      - keep-alive
      Content-Length:
      - '304'
      Content-Type:
      - application/json
      ParameterSetName:
      - -g --dps-name --pn
      User-Agent:
      - AZURECLI/2.32.0 azsdk-python-mgmt-iothubprovisioningservices/1.1.0 Python/3.8.3
        (Windows-10-10.0.22000-SP0)
    method: PUT
    uri: https://management.azure.com/subscriptions/00000000-0000-0000-0000-000000000000/resourceGroups/clitest.rg000001/providers/Microsoft.Devices/provisioningServices/dps000002?api-version=2021-10-15
  response:
    body:
      string: '{"name":"dps000002","location":"westus","properties":{"state":"Transitioning","provisioningState":"Accepted","iotHubs":[],"allocationPolicy":"GeoLatency","idScope":null,"authorizationPolicies":[{"keyName":"provisioningserviceowner","primaryKey":"mock_key","secondaryKey":"mock_key","rights":"ServiceConfig,
        DeviceConnect, EnrollmentWrite"}]},"resourcegroup":"clitest.rg000001","type":"Microsoft.Devices/provisioningServices","id":"/subscriptions/00000000-0000-0000-0000-000000000000/resourceGroups/clitest.rg000001/providers/Microsoft.Devices/provisioningServices/dps000002","subscriptionid":"a386d5ea-ea90-441a-8263-d816368c84a1","tags":{},"sku":{"name":"S1","tier":"Standard","capacity":1}}'
    headers:
      azure-asyncoperation:
      - https://management.azure.com/subscriptions/00000000-0000-0000-0000-000000000000/resourceGroups/clitest.rg000001/providers/Microsoft.Devices/provisioningServices/dps000002/operationResults/aWQ9b3NfaWRfY2EyNzg5YTUtODJmNC00M2Q2LTliNDEtOWY1MDI5YWQ5NjVhO3JlZ2lvbj13ZXN0dXM=?api-version=2021-10-15&asyncinfo
      cache-control:
      - no-cache
      content-length:
      - '692'
      content-type:
      - application/json; charset=utf-8
      date:
      - Thu, 17 Feb 2022 00:37:01 GMT
      expires:
      - '-1'
      pragma:
      - no-cache
      server:
      - Microsoft-HTTPAPI/2.0
      strict-transport-security:
      - max-age=31536000; includeSubDomains
      x-content-type-options:
      - nosniff
      x-ms-ratelimit-remaining-subscription-resource-requests:
      - '4999'
    status:
      code: 201
      message: Created
- request:
    body: null
    headers:
      Accept:
      - '*/*'
      Accept-Encoding:
      - gzip, deflate
      CommandName:
      - iot dps policy delete
      Connection:
      - keep-alive
      ParameterSetName:
      - -g --dps-name --pn
      User-Agent:
      - AZURECLI/2.32.0 azsdk-python-mgmt-iothubprovisioningservices/1.1.0 Python/3.8.3
        (Windows-10-10.0.22000-SP0)
    method: GET
    uri: https://management.azure.com/subscriptions/00000000-0000-0000-0000-000000000000/resourceGroups/clitest.rg000001/providers/Microsoft.Devices/provisioningServices/dps000002/operationResults/aWQ9b3NfaWRfY2EyNzg5YTUtODJmNC00M2Q2LTliNDEtOWY1MDI5YWQ5NjVhO3JlZ2lvbj13ZXN0dXM=?api-version=2021-10-15&asyncinfo
  response:
    body:
      string: '{"status":"Succeeded"}'
    headers:
      cache-control:
      - no-cache
      content-length:
      - '22'
      content-type:
      - application/json; charset=utf-8
      date:
      - Thu, 17 Feb 2022 00:37:30 GMT
      expires:
      - '-1'
      pragma:
      - no-cache
      server:
      - Microsoft-HTTPAPI/2.0
      strict-transport-security:
      - max-age=31536000; includeSubDomains
      transfer-encoding:
      - chunked
      vary:
      - Accept-Encoding
      x-content-type-options:
      - nosniff
    status:
      code: 200
      message: OK
- request:
    body: null
    headers:
      Accept:
      - '*/*'
      Accept-Encoding:
      - gzip, deflate
      CommandName:
      - iot dps policy delete
      Connection:
      - keep-alive
      ParameterSetName:
      - -g --dps-name --pn
      User-Agent:
      - AZURECLI/2.32.0 azsdk-python-mgmt-iothubprovisioningservices/1.1.0 Python/3.8.3
        (Windows-10-10.0.22000-SP0)
    method: GET
    uri: https://management.azure.com/subscriptions/00000000-0000-0000-0000-000000000000/resourceGroups/clitest.rg000001/providers/Microsoft.Devices/provisioningServices/dps000002?api-version=2021-10-15
  response:
    body:
      string: '{"etag":"AAAAAA3e0gM=","name":"dps000002","location":"westus","properties":{"state":"Active","provisioningState":"Succeeded","iotHubs":[],"allocationPolicy":"GeoLatency","serviceOperationsHostName":"dps000002.azure-devices-provisioning.net","deviceProvisioningHostName":"global.azure-devices-provisioning.net","idScope":"0ne004E2F06"},"resourcegroup":"clitest.rg000001","type":"Microsoft.Devices/provisioningServices","id":"/subscriptions/00000000-0000-0000-0000-000000000000/resourceGroups/clitest.rg000001/providers/Microsoft.Devices/provisioningServices/dps000002","subscriptionid":"a386d5ea-ea90-441a-8263-d816368c84a1","tags":{},"sku":{"name":"S1","tier":"Standard","capacity":1}}'
    headers:
      cache-control:
      - no-cache
      content-length:
      - '685'
      content-type:
      - application/json; charset=utf-8
      date:
      - Thu, 17 Feb 2022 00:37:31 GMT
      expires:
      - '-1'
      pragma:
      - no-cache
      server:
      - Microsoft-HTTPAPI/2.0
      strict-transport-security:
      - max-age=31536000; includeSubDomains
      transfer-encoding:
      - chunked
      vary:
      - Accept-Encoding
      x-content-type-options:
      - nosniff
    status:
      code: 200
      message: OK
- request:
    body: null
    headers:
      Accept:
      - application/json
      Accept-Encoding:
      - gzip, deflate
      CommandName:
      - iot dps policy delete
      Connection:
      - keep-alive
      Content-Length:
      - '0'
      ParameterSetName:
      - -g --dps-name --pn
      User-Agent:
      - AZURECLI/2.32.0 azsdk-python-mgmt-iothubprovisioningservices/1.1.0 Python/3.8.3
        (Windows-10-10.0.22000-SP0)
    method: POST
    uri: https://management.azure.com/subscriptions/00000000-0000-0000-0000-000000000000/resourceGroups/clitest.rg000001/providers/Microsoft.Devices/provisioningServices/dps000002/listkeys?api-version=2021-10-15
  response:
    body:
      string: '{"value":[{"keyName":"provisioningserviceowner","primaryKey":"mock_key","secondaryKey":"mock_key","rights":"ServiceConfig,
        DeviceConnect, EnrollmentWrite"}]}'
    headers:
      cache-control:
      - no-cache
      content-length:
      - '157'
      content-type:
      - application/json; charset=utf-8
      date:
      - Thu, 17 Feb 2022 00:37:31 GMT
      expires:
      - '-1'
      pragma:
      - no-cache
      server:
      - Microsoft-HTTPAPI/2.0
      strict-transport-security:
      - max-age=31536000; includeSubDomains
      transfer-encoding:
      - chunked
      vary:
      - Accept-Encoding
      x-content-type-options:
      - nosniff
      x-ms-ratelimit-remaining-subscription-writes:
      - '1198'
    status:
      code: 200
      message: OK
- request:
    body: null
    headers:
      Accept:
      - application/json
      Accept-Encoding:
      - gzip, deflate
      CommandName:
      - iot dps delete
      Connection:
      - keep-alive
      Content-Length:
      - '0'
      ParameterSetName:
      - -g -n
      User-Agent:
      - AZURECLI/2.32.0 azsdk-python-mgmt-iothubprovisioningservices/1.1.0 Python/3.8.3
        (Windows-10-10.0.22000-SP0)
    method: DELETE
    uri: https://management.azure.com/subscriptions/00000000-0000-0000-0000-000000000000/resourceGroups/clitest.rg000001/providers/Microsoft.Devices/provisioningServices/dps000002?api-version=2021-10-15
  response:
    body:
      string: 'null'
    headers:
      azure-asyncoperation:
      - https://management.azure.com/subscriptions/00000000-0000-0000-0000-000000000000/resourceGroups/clitest.rg000001/providers/Microsoft.Devices/provisioningServices/dps000002/operationResults/aWQ9b3NfaWRfMDRkMGYwOWQtYzhiMy00OTVlLTk1MzAtMzZmN2VhYTAzNzdjO3JlZ2lvbj13ZXN0dXM=?api-version=2021-10-15&asyncinfo
      cache-control:
      - no-cache
      content-length:
      - '4'
      content-type:
      - application/json; charset=utf-8
      date:
      - Thu, 17 Feb 2022 00:37:33 GMT
      expires:
      - '-1'
      location:
      - https://management.azure.com/subscriptions/00000000-0000-0000-0000-000000000000/resourceGroups/clitest.rg000001/providers/Microsoft.Devices/provisioningServices/dps000002/operationResults/aWQ9b3NfaWRfMDRkMGYwOWQtYzhiMy00OTVlLTk1MzAtMzZmN2VhYTAzNzdjO3JlZ2lvbj13ZXN0dXM=?api-version=2021-10-15
      pragma:
      - no-cache
      server:
      - Microsoft-HTTPAPI/2.0
      strict-transport-security:
      - max-age=31536000; includeSubDomains
      x-content-type-options:
      - nosniff
      x-ms-ratelimit-remaining-subscription-deletes:
      - '14999'
    status:
      code: 202
      message: Accepted
- request:
    body: null
    headers:
      Accept:
      - '*/*'
      Accept-Encoding:
      - gzip, deflate
      CommandName:
      - iot dps delete
      Connection:
      - keep-alive
      ParameterSetName:
      - -g -n
      User-Agent:
      - AZURECLI/2.32.0 azsdk-python-mgmt-iothubprovisioningservices/1.1.0 Python/3.8.3
        (Windows-10-10.0.22000-SP0)
    method: GET
    uri: https://management.azure.com/subscriptions/00000000-0000-0000-0000-000000000000/resourceGroups/clitest.rg000001/providers/Microsoft.Devices/provisioningServices/dps000002/operationResults/aWQ9b3NfaWRfMDRkMGYwOWQtYzhiMy00OTVlLTk1MzAtMzZmN2VhYTAzNzdjO3JlZ2lvbj13ZXN0dXM=?api-version=2021-10-15&asyncinfo
  response:
    body:
      string: '{"status":"Succeeded"}'
    headers:
      cache-control:
      - no-cache
      content-length:
      - '22'
      content-type:
      - application/json; charset=utf-8
      date:
      - Thu, 17 Feb 2022 00:37:48 GMT
      expires:
      - '-1'
      pragma:
      - no-cache
      server:
      - Microsoft-HTTPAPI/2.0
      strict-transport-security:
      - max-age=31536000; includeSubDomains
      transfer-encoding:
      - chunked
      vary:
      - Accept-Encoding
      x-content-type-options:
      - nosniff
    status:
      code: 200
      message: OK
- request:
    body: '{"name": "dps-dr000004"}'
    headers:
      Accept:
      - application/json
      Accept-Encoding:
      - gzip, deflate
      CommandName:
      - iot dps create
      Connection:
      - keep-alive
      Content-Length:
      - '24'
      Content-Type:
      - application/json
      ParameterSetName:
      - -g -n --edr
      User-Agent:
      - AZURECLI/2.32.0 azsdk-python-mgmt-iothubprovisioningservices/1.1.0 Python/3.8.3
        (Windows-10-10.0.22000-SP0)
    method: POST
    uri: https://management.azure.com/subscriptions/00000000-0000-0000-0000-000000000000/providers/Microsoft.Devices/checkProvisioningServiceNameAvailability?api-version=2021-10-15
  response:
    body:
      string: '{"nameAvailable":true,"reason":"Invalid","message":null}'
    headers:
      cache-control:
      - no-cache
      content-length:
      - '56'
      content-type:
      - application/json; charset=utf-8
      date:
      - Thu, 17 Feb 2022 00:37:49 GMT
      expires:
      - '-1'
      pragma:
      - no-cache
      server:
      - Microsoft-HTTPAPI/2.0
      strict-transport-security:
      - max-age=31536000; includeSubDomains
      transfer-encoding:
      - chunked
      vary:
      - Accept-Encoding
      x-content-type-options:
      - nosniff
      x-ms-ratelimit-remaining-subscription-writes:
      - '1199'
    status:
      code: 200
      message: OK
- request:
    body: null
    headers:
      Accept:
      - application/json
      Accept-Encoding:
      - gzip, deflate
      CommandName:
      - iot dps create
      Connection:
      - keep-alive
      ParameterSetName:
      - -g -n --edr
      User-Agent:
      - AZURECLI/2.32.0 azsdk-python-azure-mgmt-resource/20.0.0 Python/3.8.3 (Windows-10-10.0.22000-SP0)
    method: GET
    uri: https://management.azure.com/subscriptions/00000000-0000-0000-0000-000000000000/resourcegroups/clitest.rg000001?api-version=2021-04-01
  response:
    body:
      string: '{"id":"/subscriptions/00000000-0000-0000-0000-000000000000/resourceGroups/clitest.rg000001","name":"clitest.rg000001","type":"Microsoft.Resources/resourceGroups","location":"westus","tags":{"product":"azurecli","cause":"automation","date":"2022-02-17T00:34:05Z"},"properties":{"provisioningState":"Succeeded"}}'
    headers:
      cache-control:
      - no-cache
      content-length:
      - '310'
      content-type:
      - application/json; charset=utf-8
      date:
      - Thu, 17 Feb 2022 00:37:49 GMT
      expires:
      - '-1'
      pragma:
      - no-cache
      strict-transport-security:
      - max-age=31536000; includeSubDomains
      vary:
      - Accept-Encoding
      x-content-type-options:
      - nosniff
    status:
      code: 200
      message: OK
- request:
    body: '{"location": "westus", "properties": {"enableDataResidency": true}, "sku":
      {"name": "S1", "capacity": 1}}'
    headers:
      Accept:
      - application/json
      Accept-Encoding:
      - gzip, deflate
      CommandName:
      - iot dps create
      Connection:
      - keep-alive
      Content-Length:
      - '105'
      Content-Type:
      - application/json
      ParameterSetName:
      - -g -n --edr
      User-Agent:
      - AZURECLI/2.32.0 azsdk-python-mgmt-iothubprovisioningservices/1.1.0 Python/3.8.3
        (Windows-10-10.0.22000-SP0)
    method: PUT
    uri: https://management.azure.com/subscriptions/00000000-0000-0000-0000-000000000000/resourceGroups/clitest.rg000001/providers/Microsoft.Devices/provisioningServices/dps-dr000004?api-version=2021-10-15
  response:
    body:
      string: '{"code":400309,"httpStatusCode":"BadRequest","message":"DataResidency
        is not supported in westus for DPS. Supported regions are \"East US 2 EUAP\",
        \"Brazil South\", and \"Southeast Asia\". If you contact a support representative
        please include this correlation identifier: 4e7561a8-8685-4243-b767-3dd73321f811,
        timestamp: 2022-02-17 00:37:52Z, errorcode: IH400309."}'
    headers:
      cache-control:
      - no-cache
      content-length:
      - '367'
      content-type:
      - application/json; charset=utf-8
      date:
      - Thu, 17 Feb 2022 00:37:51 GMT
      expires:
      - '-1'
      pragma:
      - no-cache
      server:
      - Microsoft-HTTPAPI/2.0
      strict-transport-security:
      - max-age=31536000; includeSubDomains
      x-content-type-options:
      - nosniff
      x-ms-ratelimit-remaining-subscription-resource-requests:
      - '4999'
    status:
      code: 400
      message: Bad Request
- request:
    body: '{"name": "dps-dr000004"}'
    headers:
      Accept:
      - application/json
      Accept-Encoding:
      - gzip, deflate
      CommandName:
      - iot dps create
      Connection:
      - keep-alive
      Content-Length:
      - '24'
      Content-Type:
      - application/json
      ParameterSetName:
      - -g -n --location --edr
      User-Agent:
      - AZURECLI/2.32.0 azsdk-python-mgmt-iothubprovisioningservices/1.1.0 Python/3.8.3
        (Windows-10-10.0.22000-SP0)
    method: POST
    uri: https://management.azure.com/subscriptions/00000000-0000-0000-0000-000000000000/providers/Microsoft.Devices/checkProvisioningServiceNameAvailability?api-version=2021-10-15
  response:
    body:
      string: '{"nameAvailable":true,"reason":"Invalid","message":null}'
    headers:
      cache-control:
      - no-cache
      content-length:
      - '56'
      content-type:
      - application/json; charset=utf-8
      date:
      - Thu, 17 Feb 2022 00:37:53 GMT
      expires:
      - '-1'
      pragma:
      - no-cache
      server:
      - Microsoft-HTTPAPI/2.0
      strict-transport-security:
      - max-age=31536000; includeSubDomains
      transfer-encoding:
      - chunked
      vary:
      - Accept-Encoding
      x-content-type-options:
      - nosniff
      x-ms-ratelimit-remaining-subscription-writes:
      - '1199'
    status:
      code: 200
      message: OK
- request:
    body: '{"location": "southeastasia", "properties": {"enableDataResidency": true},
      "sku": {"name": "S1", "capacity": 1}}'
    headers:
      Accept:
      - application/json
      Accept-Encoding:
      - gzip, deflate
      CommandName:
      - iot dps create
      Connection:
      - keep-alive
      Content-Length:
      - '112'
      Content-Type:
      - application/json
      ParameterSetName:
      - -g -n --location --edr
      User-Agent:
      - AZURECLI/2.32.0 azsdk-python-mgmt-iothubprovisioningservices/1.1.0 Python/3.8.3
        (Windows-10-10.0.22000-SP0)
    method: PUT
    uri: https://management.azure.com/subscriptions/00000000-0000-0000-0000-000000000000/resourceGroups/clitest.rg000001/providers/Microsoft.Devices/provisioningServices/dps-dr000004?api-version=2021-10-15
  response:
    body:
      string: '{"name":"dps-dr000004","location":"southeastasia","properties":{"state":"Activating","provisioningState":"Accepted","allocationPolicy":"Hashed","idScope":null,"enableDataResidency":true},"resourcegroup":"clitest.rg000001","type":"Microsoft.Devices/provisioningServices","id":"/subscriptions/00000000-0000-0000-0000-000000000000/resourceGroups/clitest.rg000001/providers/Microsoft.Devices/provisioningServices/dps-dr000004","subscriptionid":"a386d5ea-ea90-441a-8263-d816368c84a1","tags":{},"sku":{"name":"S1","tier":"Standard","capacity":1}}'
    headers:
      azure-asyncoperation:
      - https://management.azure.com/subscriptions/00000000-0000-0000-0000-000000000000/resourceGroups/clitest.rg000001/providers/Microsoft.Devices/provisioningServices/dps-dr000004/operationResults/aWQ9b3NfaWRfOTM2NWQ5ZGItODE3YS00NjU3LTg4ZWUtZjExZjczYmE5NDRjO3JlZ2lvbj1zb3V0aGVhc3Rhc2lh?api-version=2021-10-15&asyncinfo
      cache-control:
      - no-cache
      content-length:
      - '540'
      content-type:
      - application/json; charset=utf-8
      date:
      - Thu, 17 Feb 2022 00:37:58 GMT
      expires:
      - '-1'
      pragma:
      - no-cache
      server:
      - Microsoft-HTTPAPI/2.0
      strict-transport-security:
      - max-age=31536000; includeSubDomains
      x-content-type-options:
      - nosniff
      x-ms-ratelimit-remaining-subscription-resource-requests:
      - '4999'
    status:
      code: 201
      message: Created
- request:
    body: null
    headers:
      Accept:
      - '*/*'
      Accept-Encoding:
      - gzip, deflate
      CommandName:
      - iot dps create
      Connection:
      - keep-alive
      ParameterSetName:
      - -g -n --location --edr
      User-Agent:
      - AZURECLI/2.32.0 azsdk-python-mgmt-iothubprovisioningservices/1.1.0 Python/3.8.3
        (Windows-10-10.0.22000-SP0)
    method: GET
    uri: https://management.azure.com/subscriptions/00000000-0000-0000-0000-000000000000/resourceGroups/clitest.rg000001/providers/Microsoft.Devices/provisioningServices/dps-dr000004/operationResults/aWQ9b3NfaWRfOTM2NWQ5ZGItODE3YS00NjU3LTg4ZWUtZjExZjczYmE5NDRjO3JlZ2lvbj1zb3V0aGVhc3Rhc2lh?api-version=2021-10-15&asyncinfo
  response:
    body:
      string: '{"status":"Succeeded"}'
    headers:
      cache-control:
      - no-cache
      content-length:
      - '22'
      content-type:
      - application/json; charset=utf-8
      date:
      - Thu, 17 Feb 2022 00:38:28 GMT
      expires:
      - '-1'
      pragma:
      - no-cache
      server:
      - Microsoft-HTTPAPI/2.0
      strict-transport-security:
      - max-age=31536000; includeSubDomains
      transfer-encoding:
      - chunked
      vary:
      - Accept-Encoding
      x-content-type-options:
      - nosniff
    status:
      code: 200
      message: OK
- request:
    body: null
    headers:
      Accept:
      - '*/*'
      Accept-Encoding:
      - gzip, deflate
      CommandName:
      - iot dps create
      Connection:
      - keep-alive
      ParameterSetName:
      - -g -n --location --edr
      User-Agent:
      - AZURECLI/2.32.0 azsdk-python-mgmt-iothubprovisioningservices/1.1.0 Python/3.8.3
        (Windows-10-10.0.22000-SP0)
    method: GET
    uri: https://management.azure.com/subscriptions/00000000-0000-0000-0000-000000000000/resourceGroups/clitest.rg000001/providers/Microsoft.Devices/provisioningServices/dps-dr000004?api-version=2021-10-15
  response:
    body:
      string: '{"etag":"AAAAAA3e0yE=","name":"dps-dr000004","location":"southeastasia","properties":{"state":"Active","provisioningState":"Succeeded","iotHubs":[],"allocationPolicy":"Hashed","serviceOperationsHostName":"dps-dr000004.azure-devices-provisioning.net","deviceProvisioningHostName":"global.azure-devices-provisioning.net","idScope":"0ne004E2F1B","enableDataResidency":true},"resourcegroup":"clitest.rg000001","type":"Microsoft.Devices/provisioningServices","id":"/subscriptions/00000000-0000-0000-0000-000000000000/resourceGroups/clitest.rg000001/providers/Microsoft.Devices/provisioningServices/dps-dr000004","subscriptionid":"a386d5ea-ea90-441a-8263-d816368c84a1","tags":{},"sku":{"name":"S1","tier":"Standard","capacity":1}}'
    headers:
      cache-control:
      - no-cache
      content-length:
      - '724'
      content-type:
      - application/json; charset=utf-8
      date:
      - Thu, 17 Feb 2022 00:38:29 GMT
      expires:
      - '-1'
      pragma:
      - no-cache
      server:
      - Microsoft-HTTPAPI/2.0
      strict-transport-security:
      - max-age=31536000; includeSubDomains
      transfer-encoding:
      - chunked
      vary:
      - Accept-Encoding
      x-content-type-options:
      - nosniff
    status:
      code: 200
      message: OK
- request:
    body: null
    headers:
      Accept:
      - application/json
      Accept-Encoding:
      - gzip, deflate
      CommandName:
      - iot dps delete
      Connection:
      - keep-alive
      Content-Length:
      - '0'
      ParameterSetName:
      - -g -n
      User-Agent:
      - AZURECLI/2.32.0 azsdk-python-mgmt-iothubprovisioningservices/1.1.0 Python/3.8.3
        (Windows-10-10.0.22000-SP0)
    method: DELETE
    uri: https://management.azure.com/subscriptions/00000000-0000-0000-0000-000000000000/resourceGroups/clitest.rg000001/providers/Microsoft.Devices/provisioningServices/dps-dr000004?api-version=2021-10-15
  response:
    body:
      string: 'null'
    headers:
      azure-asyncoperation:
      - https://management.azure.com/subscriptions/00000000-0000-0000-0000-000000000000/resourceGroups/clitest.rg000001/providers/Microsoft.Devices/provisioningServices/dps-dr000004/operationResults/aWQ9b3NfaWRfMjE2ZmIzZDQtYjJmYS00OWZlLTgwMTAtZGY2YjU5ZjRhYmY5O3JlZ2lvbj1zb3V0aGVhc3Rhc2lh?api-version=2021-10-15&asyncinfo
      cache-control:
      - no-cache
      content-length:
      - '4'
      content-type:
      - application/json; charset=utf-8
      date:
      - Thu, 17 Feb 2022 00:38:32 GMT
      expires:
      - '-1'
      location:
      - https://management.azure.com/subscriptions/00000000-0000-0000-0000-000000000000/resourceGroups/clitest.rg000001/providers/Microsoft.Devices/provisioningServices/dps-dr000004/operationResults/aWQ9b3NfaWRfMjE2ZmIzZDQtYjJmYS00OWZlLTgwMTAtZGY2YjU5ZjRhYmY5O3JlZ2lvbj1zb3V0aGVhc3Rhc2lh?api-version=2021-10-15
      pragma:
      - no-cache
      server:
      - Microsoft-HTTPAPI/2.0
      strict-transport-security:
      - max-age=31536000; includeSubDomains
      x-content-type-options:
      - nosniff
      x-ms-ratelimit-remaining-subscription-deletes:
      - '14999'
    status:
      code: 202
      message: Accepted
- request:
    body: null
    headers:
      Accept:
      - '*/*'
      Accept-Encoding:
      - gzip, deflate
      CommandName:
      - iot dps delete
      Connection:
      - keep-alive
      ParameterSetName:
      - -g -n
      User-Agent:
      - AZURECLI/2.32.0 azsdk-python-mgmt-iothubprovisioningservices/1.1.0 Python/3.8.3
        (Windows-10-10.0.22000-SP0)
    method: GET
    uri: https://management.azure.com/subscriptions/00000000-0000-0000-0000-000000000000/resourceGroups/clitest.rg000001/providers/Microsoft.Devices/provisioningServices/dps-dr000004/operationResults/aWQ9b3NfaWRfMjE2ZmIzZDQtYjJmYS00OWZlLTgwMTAtZGY2YjU5ZjRhYmY5O3JlZ2lvbj1zb3V0aGVhc3Rhc2lh?api-version=2021-10-15&asyncinfo
  response:
    body:
      string: '{"status":"Succeeded"}'
    headers:
      cache-control:
      - no-cache
      content-length:
      - '22'
      content-type:
      - application/json; charset=utf-8
      date:
      - Thu, 17 Feb 2022 00:38:47 GMT
      expires:
      - '-1'
      pragma:
      - no-cache
      server:
      - Microsoft-HTTPAPI/2.0
      strict-transport-security:
      - max-age=31536000; includeSubDomains
      transfer-encoding:
      - chunked
      vary:
      - Accept-Encoding
      x-content-type-options:
      - nosniff
    status:
      code: 200
      message: OK
version: 1
