interactions:
- request:
    body: null
    headers:
      Accept: [application/json]
      Accept-Encoding: ['gzip, deflate']
      Connection: [keep-alive]
      Content-Type: [application/json; charset=utf-8]
      User-Agent: [python/3.6.1 (Windows-10-10.0.15063-SP0) requests/2.9.1 msrest/0.4.14
          msrest_azure/0.4.12 azure-mgmt-servicefabric/0.1.0 Azure-SDK-For-Python
          AZURECLI/TEST/2.0.13+dev]
      accept-language: [en-US]
      x-ms-client-request-id: [837a6fd0-89ae-11e7-bdce-185e0fecfac1]
    method: GET
    uri: https://management.azure.com/subscriptions/00000000-0000-0000-0000-000000000000/resourcegroups/sfcli1/providers/Microsoft.ServiceFabric/clusters?api-version=2016-09-01
  response:
    body: {string: "{\r\n  \"value\": [\r\n    {\r\n      \"type\": \"Microsoft.ServiceFabric/clusters\"\
        ,\r\n      \"location\": \"westus\",\r\n      \"id\": \"/subscriptions/00000000-0000-0000-0000-000000000000/resourcegroups/sfcli1/providers/Microsoft.ServiceFabric/clusters/sfcli1\"\
        ,\r\n      \"name\": \"sfcli1\",\r\n      \"tags\": {\r\n        \"resourceType\"\
        : \"Service Fabric\",\r\n        \"clusterName\": \"sfcli1\"\r\n      },\r\
        \n      \"etag\": \"W/\\\"636392724620660745\\\"\",\r\n      \"properties\"\
        : {\r\n        \"provisioningState\": \"Succeeded\",\r\n        \"clusterId\"\
        : \"0734fe55-d1c3-4d9d-b69f-a0e352ad10b2\",\r\n        \"clusterCodeVersion\"\
        : \"5.7.198.9494\",\r\n        \"clusterState\": \"Ready\",\r\n        \"\
        managementEndpoint\": \"https://sfcli1.westus.cloudapp.azure.com:19080\",\r\
        \n        \"clusterEndpoint\": \"https://westus.servicefabric.azure.com/runtime/clusters/0734fe55-d1c3-4d9d-b69f-a0e352ad10b2\"\
        ,\r\n        \"certificate\": {\r\n          \"thumbprint\": \"F308E293581E4032A1B29D7118D8D3E2BDC2A1D0\"\
        ,\r\n          \"x509StoreName\": \"My\"\r\n        },\r\n        \"clientCertificateThumbprints\"\
        : [],\r\n        \"clientCertificateCommonNames\": [],\r\n        \"fabricSettings\"\
        : [\r\n          {\r\n            \"name\": \"Security\",\r\n            \"\
        parameters\": [\r\n              {\r\n                \"name\": \"ClusterProtectionLevel\"\
        ,\r\n                \"value\": \"EncryptAndSign\"\r\n              }\r\n\
        \            ]\r\n          }\r\n        ],\r\n        \"upgradeDescription\"\
        : {\r\n          \"overrideUserUpgradePolicy\": false,\r\n          \"forceRestart\"\
        : false,\r\n          \"upgradeReplicaSetCheckTimeout\": \"05:00:00\",\r\n\
        \          \"healthCheckWaitDuration\": \"00:00:02\",\r\n          \"healthCheckStableDuration\"\
        : \"00:00:02\",\r\n          \"healthCheckRetryTimeout\": \"00:00:02\",\r\n\
        \          \"upgradeTimeout\": \"06:00:00\",\r\n          \"upgradeDomainTimeout\"\
        : \"02:00:00\"\r\n        },\r\n        \"diagnosticsStorageAccountConfig\"\
        : {\r\n          \"storageAccountName\": \"johunj27dl4cm2\",\r\n         \
        \ \"protectedAccountKeyName\": \"StorageAccountKey1\",\r\n          \"blobEndpoint\"\
        : \"https://johunj27dl4cm2.blob.core.windows.net/\",\r\n          \"queueEndpoint\"\
        : \"https://johunj27dl4cm2.queue.core.windows.net/\",\r\n          \"tableEndpoint\"\
        : \"https://johunj27dl4cm2.table.core.windows.net/\"\r\n        },\r\n   \
        \     \"nodeTypes\": [\r\n          {\r\n            \"name\": \"nt1vm\",\r\
        \n            \"clientConnectionEndpointPort\": 19000,\r\n            \"httpGatewayEndpointPort\"\
        : 19080,\r\n            \"applicationPorts\": {\r\n              \"startPort\"\
        : 20000,\r\n              \"endPort\": 30000\r\n            },\r\n       \
        \     \"ephemeralPorts\": {\r\n              \"startPort\": 49152,\r\n   \
        \           \"endPort\": 65534\r\n            },\r\n            \"isPrimary\"\
        : true,\r\n            \"vmInstanceCount\": 1,\r\n            \"durabilityLevel\"\
        : \"Bronze\"\r\n          }\r\n        ],\r\n        \"vmImage\": \"Windows\"\
        ,\r\n        \"reliabilityLevel\": \"None\",\r\n        \"upgradeMode\": \"\
        Automatic\",\r\n        \"availableClusterVersions\": [\r\n          {\r\n\
        \            \"codeVersion\": \"5.7.198.9494\",\r\n            \"supportExpiryUtc\"\
        : \"9999-12-31T23:59:59.9999999\",\r\n            \"environment\": \"Windows\"\
        \r\n          },\r\n          {\r\n            \"codeVersion\": \"5.7.207.9494\"\
        ,\r\n            \"supportExpiryUtc\": \"9999-12-31T23:59:59.9999999\",\r\n\
        \            \"environment\": \"Windows\"\r\n          }\r\n        ]\r\n\
        \      }\r\n    }\r\n  ]\r\n}"}
    headers:
      Cache-Control: [no-cache]
      Content-Type: [application/json]
      Date: ['Fri, 25 Aug 2017 16:00:27 GMT']
      Expires: ['-1']
      Pragma: [no-cache]
      Server: [Microsoft-HTTPAPI/2.0, Microsoft-HTTPAPI/2.0]
      Strict-Transport-Security: [max-age=31536000; includeSubDomains]
      Transfer-Encoding: [chunked]
      Vary: [Accept-Encoding]
      X-Content-Type-Options: [nosniff]
      content-length: ['3207']
    status: {code: 200, message: OK}
- request:
    body: null
    headers:
      Accept: [application/json]
      Accept-Encoding: ['gzip, deflate']
      Connection: [keep-alive]
      Content-Type: [application/json; charset=utf-8]
      User-Agent: [python/3.6.1 (Windows-10-10.0.15063-SP0) requests/2.9.1 msrest/0.4.14
          msrest_azure/0.4.12 azure-mgmt-servicefabric/0.1.0 Azure-SDK-For-Python
          AZURECLI/TEST/2.0.13+dev]
      accept-language: [en-US]
      x-ms-client-request-id: [83ae1d62-89ae-11e7-a02b-185e0fecfac1]
    method: GET
    uri: https://management.azure.com/subscriptions/00000000-0000-0000-0000-000000000000/resourceGroups/sfcli1/providers/Microsoft.ServiceFabric/clusters/sfcli1?api-version=2016-09-01
  response:
    body: {string: "{\r\n  \"type\": \"Microsoft.ServiceFabric/clusters\",\r\n  \"\
        location\": \"westus\",\r\n  \"id\": \"/subscriptions/00000000-0000-0000-0000-000000000000/resourcegroups/sfcli1/providers/Microsoft.ServiceFabric/clusters/sfcli1\"\
        ,\r\n  \"name\": \"sfcli1\",\r\n  \"tags\": {\r\n    \"resourceType\": \"\
        Service Fabric\",\r\n    \"clusterName\": \"sfcli1\"\r\n  },\r\n  \"etag\"\
        : \"W/\\\"636392724620660745\\\"\",\r\n  \"properties\": {\r\n    \"provisioningState\"\
        : \"Succeeded\",\r\n    \"clusterId\": \"0734fe55-d1c3-4d9d-b69f-a0e352ad10b2\"\
        ,\r\n    \"clusterCodeVersion\": \"5.7.198.9494\",\r\n    \"clusterState\"\
        : \"Ready\",\r\n    \"managementEndpoint\": \"https://sfcli1.westus.cloudapp.azure.com:19080\"\
        ,\r\n    \"clusterEndpoint\": \"https://westus.servicefabric.azure.com/runtime/clusters/0734fe55-d1c3-4d9d-b69f-a0e352ad10b2\"\
        ,\r\n    \"certificate\": {\r\n      \"thumbprint\": \"F308E293581E4032A1B29D7118D8D3E2BDC2A1D0\"\
        ,\r\n      \"x509StoreName\": \"My\"\r\n    },\r\n    \"clientCertificateThumbprints\"\
        : [],\r\n    \"clientCertificateCommonNames\": [],\r\n    \"fabricSettings\"\
        : [\r\n      {\r\n        \"name\": \"Security\",\r\n        \"parameters\"\
        : [\r\n          {\r\n            \"name\": \"ClusterProtectionLevel\",\r\n\
        \            \"value\": \"EncryptAndSign\"\r\n          }\r\n        ]\r\n\
        \      }\r\n    ],\r\n    \"upgradeDescription\": {\r\n      \"overrideUserUpgradePolicy\"\
        : false,\r\n      \"forceRestart\": false,\r\n      \"upgradeReplicaSetCheckTimeout\"\
        : \"05:00:00\",\r\n      \"healthCheckWaitDuration\": \"00:00:02\",\r\n  \
        \    \"healthCheckStableDuration\": \"00:00:02\",\r\n      \"healthCheckRetryTimeout\"\
        : \"00:00:02\",\r\n      \"upgradeTimeout\": \"06:00:00\",\r\n      \"upgradeDomainTimeout\"\
        : \"02:00:00\"\r\n    },\r\n    \"diagnosticsStorageAccountConfig\": {\r\n\
        \      \"storageAccountName\": \"johunj27dl4cm2\",\r\n      \"protectedAccountKeyName\"\
        : \"StorageAccountKey1\",\r\n      \"blobEndpoint\": \"https://johunj27dl4cm2.blob.core.windows.net/\"\
        ,\r\n      \"queueEndpoint\": \"https://johunj27dl4cm2.queue.core.windows.net/\"\
        ,\r\n      \"tableEndpoint\": \"https://johunj27dl4cm2.table.core.windows.net/\"\
        \r\n    },\r\n    \"nodeTypes\": [\r\n      {\r\n        \"name\": \"nt1vm\"\
        ,\r\n        \"clientConnectionEndpointPort\": 19000,\r\n        \"httpGatewayEndpointPort\"\
        : 19080,\r\n        \"applicationPorts\": {\r\n          \"startPort\": 20000,\r\
        \n          \"endPort\": 30000\r\n        },\r\n        \"ephemeralPorts\"\
        : {\r\n          \"startPort\": 49152,\r\n          \"endPort\": 65534\r\n\
        \        },\r\n        \"isPrimary\": true,\r\n        \"vmInstanceCount\"\
        : 1,\r\n        \"durabilityLevel\": \"Bronze\"\r\n      }\r\n    ],\r\n \
        \   \"vmImage\": \"Windows\",\r\n    \"reliabilityLevel\": \"None\",\r\n \
        \   \"upgradeMode\": \"Automatic\",\r\n    \"availableClusterVersions\": [\r\
        \n      {\r\n        \"codeVersion\": \"5.7.198.9494\",\r\n        \"supportExpiryUtc\"\
        : \"9999-12-31T23:59:59.9999999\",\r\n        \"environment\": \"Windows\"\
        \r\n      },\r\n      {\r\n        \"codeVersion\": \"5.7.207.9494\",\r\n\
        \        \"supportExpiryUtc\": \"9999-12-31T23:59:59.9999999\",\r\n      \
        \  \"environment\": \"Windows\"\r\n      }\r\n    ]\r\n  }\r\n}"}
    headers:
      Cache-Control: [no-cache]
      Content-Type: [application/json]
      Date: ['Fri, 25 Aug 2017 16:00:28 GMT']
      Expires: ['-1']
      Pragma: [no-cache]
      Server: [Microsoft-HTTPAPI/2.0, Microsoft-HTTPAPI/2.0]
      Strict-Transport-Security: [max-age=31536000; includeSubDomains]
      Transfer-Encoding: [chunked]
      Vary: [Accept-Encoding]
      X-Content-Type-Options: [nosniff]
      content-length: ['2838']
    status: {code: 200, message: OK}
- request:
    body: null
    headers:
      Accept: [application/json]
      Accept-Encoding: ['gzip, deflate']
      Connection: [keep-alive]
      Content-Type: [application/json; charset=utf-8]
      User-Agent: [python/3.6.1 (Windows-10-10.0.15063-SP0) requests/2.9.1 msrest/0.4.14
          msrest_azure/0.4.12 azure-mgmt-servicefabric/0.1.0 Azure-SDK-For-Python
          AZURECLI/TEST/2.0.13+dev]
      accept-language: [en-US]
      x-ms-client-request-id: [83d64768-89ae-11e7-a463-185e0fecfac1]
    method: GET
    uri: https://management.azure.com/subscriptions/00000000-0000-0000-0000-000000000000/resourceGroups/sfcli1/providers/Microsoft.ServiceFabric/clusters/sfcli1?api-version=2016-09-01
  response:
    body: {string: "{\r\n  \"type\": \"Microsoft.ServiceFabric/clusters\",\r\n  \"\
        location\": \"westus\",\r\n  \"id\": \"/subscriptions/00000000-0000-0000-0000-000000000000/resourcegroups/sfcli1/providers/Microsoft.ServiceFabric/clusters/sfcli1\"\
        ,\r\n  \"name\": \"sfcli1\",\r\n  \"tags\": {\r\n    \"resourceType\": \"\
        Service Fabric\",\r\n    \"clusterName\": \"sfcli1\"\r\n  },\r\n  \"etag\"\
        : \"W/\\\"636392724620660745\\\"\",\r\n  \"properties\": {\r\n    \"provisioningState\"\
        : \"Succeeded\",\r\n    \"clusterId\": \"0734fe55-d1c3-4d9d-b69f-a0e352ad10b2\"\
        ,\r\n    \"clusterCodeVersion\": \"5.7.198.9494\",\r\n    \"clusterState\"\
        : \"Ready\",\r\n    \"managementEndpoint\": \"https://sfcli1.westus.cloudapp.azure.com:19080\"\
        ,\r\n    \"clusterEndpoint\": \"https://westus.servicefabric.azure.com/runtime/clusters/0734fe55-d1c3-4d9d-b69f-a0e352ad10b2\"\
        ,\r\n    \"certificate\": {\r\n      \"thumbprint\": \"F308E293581E4032A1B29D7118D8D3E2BDC2A1D0\"\
        ,\r\n      \"x509StoreName\": \"My\"\r\n    },\r\n    \"clientCertificateThumbprints\"\
        : [],\r\n    \"clientCertificateCommonNames\": [],\r\n    \"fabricSettings\"\
        : [\r\n      {\r\n        \"name\": \"Security\",\r\n        \"parameters\"\
        : [\r\n          {\r\n            \"name\": \"ClusterProtectionLevel\",\r\n\
        \            \"value\": \"EncryptAndSign\"\r\n          }\r\n        ]\r\n\
        \      }\r\n    ],\r\n    \"upgradeDescription\": {\r\n      \"overrideUserUpgradePolicy\"\
        : false,\r\n      \"forceRestart\": false,\r\n      \"upgradeReplicaSetCheckTimeout\"\
        : \"05:00:00\",\r\n      \"healthCheckWaitDuration\": \"00:00:02\",\r\n  \
        \    \"healthCheckStableDuration\": \"00:00:02\",\r\n      \"healthCheckRetryTimeout\"\
        : \"00:00:02\",\r\n      \"upgradeTimeout\": \"06:00:00\",\r\n      \"upgradeDomainTimeout\"\
        : \"02:00:00\"\r\n    },\r\n    \"diagnosticsStorageAccountConfig\": {\r\n\
        \      \"storageAccountName\": \"johunj27dl4cm2\",\r\n      \"protectedAccountKeyName\"\
        : \"StorageAccountKey1\",\r\n      \"blobEndpoint\": \"https://johunj27dl4cm2.blob.core.windows.net/\"\
        ,\r\n      \"queueEndpoint\": \"https://johunj27dl4cm2.queue.core.windows.net/\"\
        ,\r\n      \"tableEndpoint\": \"https://johunj27dl4cm2.table.core.windows.net/\"\
        \r\n    },\r\n    \"nodeTypes\": [\r\n      {\r\n        \"name\": \"nt1vm\"\
        ,\r\n        \"clientConnectionEndpointPort\": 19000,\r\n        \"httpGatewayEndpointPort\"\
        : 19080,\r\n        \"applicationPorts\": {\r\n          \"startPort\": 20000,\r\
        \n          \"endPort\": 30000\r\n        },\r\n        \"ephemeralPorts\"\
        : {\r\n          \"startPort\": 49152,\r\n          \"endPort\": 65534\r\n\
        \        },\r\n        \"isPrimary\": true,\r\n        \"vmInstanceCount\"\
        : 1,\r\n        \"durabilityLevel\": \"Bronze\"\r\n      }\r\n    ],\r\n \
        \   \"vmImage\": \"Windows\",\r\n    \"reliabilityLevel\": \"None\",\r\n \
        \   \"upgradeMode\": \"Automatic\",\r\n    \"availableClusterVersions\": [\r\
        \n      {\r\n        \"codeVersion\": \"5.7.198.9494\",\r\n        \"supportExpiryUtc\"\
        : \"9999-12-31T23:59:59.9999999\",\r\n        \"environment\": \"Windows\"\
        \r\n      },\r\n      {\r\n        \"codeVersion\": \"5.7.207.9494\",\r\n\
        \        \"supportExpiryUtc\": \"9999-12-31T23:59:59.9999999\",\r\n      \
        \  \"environment\": \"Windows\"\r\n      }\r\n    ]\r\n  }\r\n}"}
    headers:
      Cache-Control: [no-cache]
      Content-Type: [application/json]
      Date: ['Fri, 25 Aug 2017 16:00:28 GMT']
      Expires: ['-1']
      Pragma: [no-cache]
      Server: [Microsoft-HTTPAPI/2.0, Microsoft-HTTPAPI/2.0]
      Strict-Transport-Security: [max-age=31536000; includeSubDomains]
      Transfer-Encoding: [chunked]
      Vary: [Accept-Encoding]
      X-Content-Type-Options: [nosniff]
      content-length: ['2838']
    status: {code: 200, message: OK}
- request:
    body: '{"properties": {"upgradeMode": "automatic", "nodeTypes": [{"name": "nt1vm",
      "clientConnectionEndpointPort": 19000, "httpGatewayEndpointPort": 19080, "durabilityLevel":
      "Bronze", "applicationPorts": {"startPort": 20000, "endPort": 30000}, "ephemeralPorts":
      {"startPort": 49152, "endPort": 65534}, "isPrimary": true, "vmInstanceCount":
      1}]}}'
    headers:
      Accept: [application/json]
      Accept-Encoding: ['gzip, deflate']
      Connection: [keep-alive]
      Content-Length: ['339']
      Content-Type: [application/json; charset=utf-8]
      User-Agent: [python/3.6.1 (Windows-10-10.0.15063-SP0) requests/2.9.1 msrest/0.4.14
          msrest_azure/0.4.12 azure-mgmt-servicefabric/0.1.0 Azure-SDK-For-Python
          AZURECLI/TEST/2.0.13+dev]
      accept-language: [en-US]
      x-ms-client-request-id: [83f9bfd2-89ae-11e7-94b0-185e0fecfac1]
    method: PATCH
    uri: https://management.azure.com/subscriptions/00000000-0000-0000-0000-000000000000/resourceGroups/sfcli1/providers/Microsoft.ServiceFabric/clusters/sfcli1?api-version=2016-09-01
  response:
    body: {string: "{\r\n  \"type\": \"Microsoft.ServiceFabric/clusters\",\r\n  \"\
        location\": \"westus\",\r\n  \"id\": \"/subscriptions/00000000-0000-0000-0000-000000000000/resourcegroups/sfcli1/providers/Microsoft.ServiceFabric/clusters/sfcli1\"\
        ,\r\n  \"name\": \"sfcli1\",\r\n  \"tags\": {},\r\n  \"etag\": \"W/\\\"636392724620660746\\\
        \"\",\r\n  \"properties\": {\r\n    \"provisioningState\": \"Succeeded\",\r\
        \n    \"clusterId\": \"0734fe55-d1c3-4d9d-b69f-a0e352ad10b2\",\r\n    \"clusterCodeVersion\"\
        : \"5.7.198.9494\",\r\n    \"clusterState\": \"Ready\",\r\n    \"managementEndpoint\"\
        : \"https://sfcli1.westus.cloudapp.azure.com:19080\",\r\n    \"clusterEndpoint\"\
        : \"https://westus.servicefabric.azure.com/runtime/clusters/0734fe55-d1c3-4d9d-b69f-a0e352ad10b2\"\
        ,\r\n    \"certificate\": {\r\n      \"thumbprint\": \"F308E293581E4032A1B29D7118D8D3E2BDC2A1D0\"\
        ,\r\n      \"x509StoreName\": \"My\"\r\n    },\r\n    \"clientCertificateThumbprints\"\
        : [],\r\n    \"clientCertificateCommonNames\": [],\r\n    \"fabricSettings\"\
        : [\r\n      {\r\n        \"name\": \"Security\",\r\n        \"parameters\"\
        : [\r\n          {\r\n            \"name\": \"ClusterProtectionLevel\",\r\n\
        \            \"value\": \"EncryptAndSign\"\r\n          }\r\n        ]\r\n\
        \      }\r\n    ],\r\n    \"upgradeDescription\": {\r\n      \"overrideUserUpgradePolicy\"\
        : false,\r\n      \"forceRestart\": false,\r\n      \"upgradeReplicaSetCheckTimeout\"\
        : \"05:00:00\",\r\n      \"healthCheckWaitDuration\": \"00:00:02\",\r\n  \
        \    \"healthCheckStableDuration\": \"00:00:02\",\r\n      \"healthCheckRetryTimeout\"\
        : \"00:00:02\",\r\n      \"upgradeTimeout\": \"06:00:00\",\r\n      \"upgradeDomainTimeout\"\
        : \"02:00:00\"\r\n    },\r\n    \"diagnosticsStorageAccountConfig\": {\r\n\
        \      \"storageAccountName\": \"johunj27dl4cm2\",\r\n      \"protectedAccountKeyName\"\
        : \"StorageAccountKey1\",\r\n      \"blobEndpoint\": \"https://johunj27dl4cm2.blob.core.windows.net/\"\
        ,\r\n      \"queueEndpoint\": \"https://johunj27dl4cm2.queue.core.windows.net/\"\
        ,\r\n      \"tableEndpoint\": \"https://johunj27dl4cm2.table.core.windows.net/\"\
        \r\n    },\r\n    \"nodeTypes\": [\r\n      {\r\n        \"name\": \"nt1vm\"\
        ,\r\n        \"clientConnectionEndpointPort\": 19000,\r\n        \"httpGatewayEndpointPort\"\
        : 19080,\r\n        \"applicationPorts\": {\r\n          \"startPort\": 20000,\r\
        \n          \"endPort\": 30000\r\n        },\r\n        \"ephemeralPorts\"\
        : {\r\n          \"startPort\": 49152,\r\n          \"endPort\": 65534\r\n\
        \        },\r\n        \"isPrimary\": true,\r\n        \"vmInstanceCount\"\
        : 1,\r\n        \"durabilityLevel\": \"Bronze\"\r\n      }\r\n    ],\r\n \
        \   \"vmImage\": \"Windows\",\r\n    \"reliabilityLevel\": \"None\",\r\n \
        \   \"upgradeMode\": \"Automatic\",\r\n    \"availableClusterVersions\": [\r\
        \n      {\r\n        \"codeVersion\": \"5.7.198.9494\",\r\n        \"supportExpiryUtc\"\
        : \"9999-12-31T23:59:59.9999999\",\r\n        \"environment\": \"Windows\"\
        \r\n      },\r\n      {\r\n        \"codeVersion\": \"5.7.207.9494\",\r\n\
        \        \"supportExpiryUtc\": \"9999-12-31T23:59:59.9999999\",\r\n      \
        \  \"environment\": \"Windows\"\r\n      }\r\n    ]\r\n  }\r\n}"}
    headers:
      Azure-AsyncOperation: ['https://management.azure.com/subscriptions/13ad2c84-84fa-4798-ad71-e70c07af873f/providers/Microsoft.ServiceFabric/locations/westus/operations/7edc6224-8cfb-4b34-9086-6803678218ae?api-version=2016-09-01']
      Cache-Control: [no-cache]
      Content-Length: ['2766']
      Content-Type: [application/json]
      Date: ['Fri, 25 Aug 2017 16:00:29 GMT']
      Expires: ['-1']
      Location: ['https://management.azure.com/subscriptions/13ad2c84-84fa-4798-ad71-e70c07af873f/providers/Microsoft.ServiceFabric/locations/westus/operationResults/7edc6224-8cfb-4b34-9086-6803678218ae?api-version=2016-09-01']
      Pragma: [no-cache]
      Retry-After: ['10']
      Server: ['Microsoft-HTTPAPI/2.0,Microsoft-HTTPAPI/2.0 Microsoft-HTTPAPI/2.0']
      Strict-Transport-Security: [max-age=31536000; includeSubDomains]
      X-Content-Type-Options: [nosniff]
      x-ms-ratelimit-remaining-subscription-writes: ['1198']
    status: {code: 202, message: Accepted}
- request:
    body: null
    headers:
      Accept: [application/json]
      Accept-Encoding: ['gzip, deflate']
      Connection: [keep-alive]
      Content-Type: [application/json; charset=utf-8]
      User-Agent: [python/3.6.1 (Windows-10-10.0.15063-SP0) requests/2.9.1 msrest/0.4.14
          msrest_azure/0.4.12 azure-mgmt-servicefabric/0.1.0 Azure-SDK-For-Python
          AZURECLI/TEST/2.0.13+dev]
      accept-language: [en-US]
      x-ms-client-request-id: [83f9bfd2-89ae-11e7-94b0-185e0fecfac1]
    method: GET
    uri: https://management.azure.com/subscriptions/00000000-0000-0000-0000-000000000000/providers/Microsoft.ServiceFabric/locations/westus/operations/7edc6224-8cfb-4b34-9086-6803678218ae?api-version=2016-09-01
  response:
    body: {string: "{\r\n  \"id\": \"/subscriptions/00000000-0000-0000-0000-000000000000/providers/Microsoft.ServiceFabric/locations/westus/operations/7edc6224-8cfb-4b34-9086-6803678218ae\"\
        ,\r\n  \"name\": \"7edc6224-8cfb-4b34-9086-6803678218ae\",\r\n  \"status\"\
        : \"Succeeded\",\r\n  \"startTime\": \"2017-08-25T16:00:29.2296579Z\",\r\n\
        \  \"endTime\": \"2017-08-25T16:00:29.2452957Z\",\r\n  \"percentComplete\"\
        : 100.0\r\n}"}
    headers:
      Cache-Control: [no-cache]
      Content-Type: [application/json]
      Date: ['Fri, 25 Aug 2017 16:00:39 GMT']
      Expires: ['-1']
      Pragma: [no-cache]
      Server: [Microsoft-HTTPAPI/2.0, Microsoft-HTTPAPI/2.0]
      Strict-Transport-Security: [max-age=31536000; includeSubDomains]
      Transfer-Encoding: [chunked]
      Vary: [Accept-Encoding]
      X-Content-Type-Options: [nosniff]
      content-length: ['366']
    status: {code: 200, message: OK}
- request:
    body: null
    headers:
      Accept: [application/json]
      Accept-Encoding: ['gzip, deflate']
      Connection: [keep-alive]
      Content-Type: [application/json; charset=utf-8]
      User-Agent: [python/3.6.1 (Windows-10-10.0.15063-SP0) requests/2.9.1 msrest/0.4.14
          msrest_azure/0.4.12 azure-mgmt-servicefabric/0.1.0 Azure-SDK-For-Python
          AZURECLI/TEST/2.0.13+dev]
      accept-language: [en-US]
      x-ms-client-request-id: [83f9bfd2-89ae-11e7-94b0-185e0fecfac1]
    method: GET
    uri: https://management.azure.com/subscriptions/00000000-0000-0000-0000-000000000000/resourceGroups/sfcli1/providers/Microsoft.ServiceFabric/clusters/sfcli1?api-version=2016-09-01
  response:
    body: {string: "{\r\n  \"type\": \"Microsoft.ServiceFabric/clusters\",\r\n  \"\
        location\": \"westus\",\r\n  \"id\": \"/subscriptions/00000000-0000-0000-0000-000000000000/resourcegroups/sfcli1/providers/Microsoft.ServiceFabric/clusters/sfcli1\"\
        ,\r\n  \"name\": \"sfcli1\",\r\n  \"tags\": {},\r\n  \"etag\": \"W/\\\"636392724620660746\\\
        \"\",\r\n  \"properties\": {\r\n    \"provisioningState\": \"Succeeded\",\r\
        \n    \"clusterId\": \"0734fe55-d1c3-4d9d-b69f-a0e352ad10b2\",\r\n    \"clusterCodeVersion\"\
        : \"5.7.198.9494\",\r\n    \"clusterState\": \"Ready\",\r\n    \"managementEndpoint\"\
        : \"https://sfcli1.westus.cloudapp.azure.com:19080\",\r\n    \"clusterEndpoint\"\
        : \"https://westus.servicefabric.azure.com/runtime/clusters/0734fe55-d1c3-4d9d-b69f-a0e352ad10b2\"\
        ,\r\n    \"certificate\": {\r\n      \"thumbprint\": \"F308E293581E4032A1B29D7118D8D3E2BDC2A1D0\"\
        ,\r\n      \"x509StoreName\": \"My\"\r\n    },\r\n    \"clientCertificateThumbprints\"\
        : [],\r\n    \"clientCertificateCommonNames\": [],\r\n    \"fabricSettings\"\
        : [\r\n      {\r\n        \"name\": \"Security\",\r\n        \"parameters\"\
        : [\r\n          {\r\n            \"name\": \"ClusterProtectionLevel\",\r\n\
        \            \"value\": \"EncryptAndSign\"\r\n          }\r\n        ]\r\n\
        \      }\r\n    ],\r\n    \"upgradeDescription\": {\r\n      \"overrideUserUpgradePolicy\"\
        : false,\r\n      \"forceRestart\": false,\r\n      \"upgradeReplicaSetCheckTimeout\"\
        : \"05:00:00\",\r\n      \"healthCheckWaitDuration\": \"00:00:02\",\r\n  \
        \    \"healthCheckStableDuration\": \"00:00:02\",\r\n      \"healthCheckRetryTimeout\"\
        : \"00:00:02\",\r\n      \"upgradeTimeout\": \"06:00:00\",\r\n      \"upgradeDomainTimeout\"\
        : \"02:00:00\"\r\n    },\r\n    \"diagnosticsStorageAccountConfig\": {\r\n\
        \      \"storageAccountName\": \"johunj27dl4cm2\",\r\n      \"protectedAccountKeyName\"\
        : \"StorageAccountKey1\",\r\n      \"blobEndpoint\": \"https://johunj27dl4cm2.blob.core.windows.net/\"\
        ,\r\n      \"queueEndpoint\": \"https://johunj27dl4cm2.queue.core.windows.net/\"\
        ,\r\n      \"tableEndpoint\": \"https://johunj27dl4cm2.table.core.windows.net/\"\
        \r\n    },\r\n    \"nodeTypes\": [\r\n      {\r\n        \"name\": \"nt1vm\"\
        ,\r\n        \"clientConnectionEndpointPort\": 19000,\r\n        \"httpGatewayEndpointPort\"\
        : 19080,\r\n        \"applicationPorts\": {\r\n          \"startPort\": 20000,\r\
        \n          \"endPort\": 30000\r\n        },\r\n        \"ephemeralPorts\"\
        : {\r\n          \"startPort\": 49152,\r\n          \"endPort\": 65534\r\n\
        \        },\r\n        \"isPrimary\": true,\r\n        \"vmInstanceCount\"\
        : 1,\r\n        \"durabilityLevel\": \"Bronze\"\r\n      }\r\n    ],\r\n \
        \   \"vmImage\": \"Windows\",\r\n    \"reliabilityLevel\": \"None\",\r\n \
        \   \"upgradeMode\": \"Automatic\",\r\n    \"availableClusterVersions\": [\r\
        \n      {\r\n        \"codeVersion\": \"5.7.198.9494\",\r\n        \"supportExpiryUtc\"\
        : \"9999-12-31T23:59:59.9999999\",\r\n        \"environment\": \"Windows\"\
        \r\n      },\r\n      {\r\n        \"codeVersion\": \"5.7.207.9494\",\r\n\
        \        \"supportExpiryUtc\": \"9999-12-31T23:59:59.9999999\",\r\n      \
        \  \"environment\": \"Windows\"\r\n      }\r\n    ]\r\n  }\r\n}"}
    headers:
      Cache-Control: [no-cache]
      Content-Type: [application/json]
      Date: ['Fri, 25 Aug 2017 16:00:39 GMT']
      Expires: ['-1']
      Pragma: [no-cache]
      Server: [Microsoft-HTTPAPI/2.0, Microsoft-HTTPAPI/2.0]
      Strict-Transport-Security: [max-age=31536000; includeSubDomains]
      Transfer-Encoding: [chunked]
      Vary: [Accept-Encoding]
      X-Content-Type-Options: [nosniff]
      content-length: ['2766']
    status: {code: 200, message: OK}
- request:
    body: null
    headers:
      Accept: [application/json]
      Accept-Encoding: ['gzip, deflate']
      Connection: [keep-alive]
      Content-Type: [application/json; charset=utf-8]
      User-Agent: [python/3.6.1 (Windows-10-10.0.15063-SP0) requests/2.9.1 msrest/0.4.14
          msrest_azure/0.4.12 azure-mgmt-servicefabric/0.1.0 Azure-SDK-For-Python
          AZURECLI/TEST/2.0.13+dev]
      accept-language: [en-US]
      x-ms-client-request-id: [8ad53fc8-89ae-11e7-b0ca-185e0fecfac1]
    method: GET
    uri: https://management.azure.com/subscriptions/00000000-0000-0000-0000-000000000000/resourceGroups/sfcli1/providers/Microsoft.ServiceFabric/clusters/sfcli1?api-version=2016-09-01
  response:
    body: {string: "{\r\n  \"type\": \"Microsoft.ServiceFabric/clusters\",\r\n  \"\
        location\": \"westus\",\r\n  \"id\": \"/subscriptions/00000000-0000-0000-0000-000000000000/resourcegroups/sfcli1/providers/Microsoft.ServiceFabric/clusters/sfcli1\"\
        ,\r\n  \"name\": \"sfcli1\",\r\n  \"tags\": {},\r\n  \"etag\": \"W/\\\"636392724620660746\\\
        \"\",\r\n  \"properties\": {\r\n    \"provisioningState\": \"Succeeded\",\r\
        \n    \"clusterId\": \"0734fe55-d1c3-4d9d-b69f-a0e352ad10b2\",\r\n    \"clusterCodeVersion\"\
        : \"5.7.198.9494\",\r\n    \"clusterState\": \"Ready\",\r\n    \"managementEndpoint\"\
        : \"https://sfcli1.westus.cloudapp.azure.com:19080\",\r\n    \"clusterEndpoint\"\
        : \"https://westus.servicefabric.azure.com/runtime/clusters/0734fe55-d1c3-4d9d-b69f-a0e352ad10b2\"\
        ,\r\n    \"certificate\": {\r\n      \"thumbprint\": \"F308E293581E4032A1B29D7118D8D3E2BDC2A1D0\"\
        ,\r\n      \"x509StoreName\": \"My\"\r\n    },\r\n    \"clientCertificateThumbprints\"\
        : [],\r\n    \"clientCertificateCommonNames\": [],\r\n    \"fabricSettings\"\
        : [\r\n      {\r\n        \"name\": \"Security\",\r\n        \"parameters\"\
        : [\r\n          {\r\n            \"name\": \"ClusterProtectionLevel\",\r\n\
        \            \"value\": \"EncryptAndSign\"\r\n          }\r\n        ]\r\n\
        \      }\r\n    ],\r\n    \"upgradeDescription\": {\r\n      \"overrideUserUpgradePolicy\"\
        : false,\r\n      \"forceRestart\": false,\r\n      \"upgradeReplicaSetCheckTimeout\"\
        : \"05:00:00\",\r\n      \"healthCheckWaitDuration\": \"00:00:02\",\r\n  \
        \    \"healthCheckStableDuration\": \"00:00:02\",\r\n      \"healthCheckRetryTimeout\"\
        : \"00:00:02\",\r\n      \"upgradeTimeout\": \"06:00:00\",\r\n      \"upgradeDomainTimeout\"\
        : \"02:00:00\"\r\n    },\r\n    \"diagnosticsStorageAccountConfig\": {\r\n\
        \      \"storageAccountName\": \"johunj27dl4cm2\",\r\n      \"protectedAccountKeyName\"\
        : \"StorageAccountKey1\",\r\n      \"blobEndpoint\": \"https://johunj27dl4cm2.blob.core.windows.net/\"\
        ,\r\n      \"queueEndpoint\": \"https://johunj27dl4cm2.queue.core.windows.net/\"\
        ,\r\n      \"tableEndpoint\": \"https://johunj27dl4cm2.table.core.windows.net/\"\
        \r\n    },\r\n    \"nodeTypes\": [\r\n      {\r\n        \"name\": \"nt1vm\"\
        ,\r\n        \"clientConnectionEndpointPort\": 19000,\r\n        \"httpGatewayEndpointPort\"\
        : 19080,\r\n        \"applicationPorts\": {\r\n          \"startPort\": 20000,\r\
        \n          \"endPort\": 30000\r\n        },\r\n        \"ephemeralPorts\"\
        : {\r\n          \"startPort\": 49152,\r\n          \"endPort\": 65534\r\n\
        \        },\r\n        \"isPrimary\": true,\r\n        \"vmInstanceCount\"\
        : 1,\r\n        \"durabilityLevel\": \"Bronze\"\r\n      }\r\n    ],\r\n \
        \   \"vmImage\": \"Windows\",\r\n    \"reliabilityLevel\": \"None\",\r\n \
        \   \"upgradeMode\": \"Automatic\",\r\n    \"availableClusterVersions\": [\r\
        \n      {\r\n        \"codeVersion\": \"5.7.198.9494\",\r\n        \"supportExpiryUtc\"\
        : \"9999-12-31T23:59:59.9999999\",\r\n        \"environment\": \"Windows\"\
        \r\n      },\r\n      {\r\n        \"codeVersion\": \"5.7.207.9494\",\r\n\
        \        \"supportExpiryUtc\": \"9999-12-31T23:59:59.9999999\",\r\n      \
        \  \"environment\": \"Windows\"\r\n      }\r\n    ]\r\n  }\r\n}"}
    headers:
      Cache-Control: [no-cache]
      Content-Type: [application/json]
      Date: ['Fri, 25 Aug 2017 16:00:40 GMT']
      Expires: ['-1']
      Pragma: [no-cache]
      Server: [Microsoft-HTTPAPI/2.0, Microsoft-HTTPAPI/2.0]
      Strict-Transport-Security: [max-age=31536000; includeSubDomains]
      Transfer-Encoding: [chunked]
      Vary: [Accept-Encoding]
      X-Content-Type-Options: [nosniff]
      content-length: ['2766']
    status: {code: 200, message: OK}
- request:
    body: '{"properties": {"clientCertificateThumbprints": [{"isAdmin": false, "certificateThumbprint":
      "9B609A389BD4597BEEFABFB363BF2BBF2E806001"}], "clientCertificateCommonNames":
      []}}'
    headers:
      Accept: [application/json]
      Accept-Encoding: ['gzip, deflate']
      Connection: [keep-alive]
      Content-Length: ['175']
      Content-Type: [application/json; charset=utf-8]
      User-Agent: [python/3.6.1 (Windows-10-10.0.15063-SP0) requests/2.9.1 msrest/0.4.14
          msrest_azure/0.4.12 azure-mgmt-servicefabric/0.1.0 Azure-SDK-For-Python
          AZURECLI/TEST/2.0.13+dev]
      accept-language: [en-US]
      x-ms-client-request-id: [8af5ba6e-89ae-11e7-8cfe-185e0fecfac1]
    method: PATCH
    uri: https://management.azure.com/subscriptions/00000000-0000-0000-0000-000000000000/resourceGroups/sfcli1/providers/Microsoft.ServiceFabric/clusters/sfcli1?api-version=2016-09-01
  response:
    body: {string: "{\r\n  \"type\": \"Microsoft.ServiceFabric/clusters\",\r\n  \"\
        location\": \"westus\",\r\n  \"id\": \"/subscriptions/00000000-0000-0000-0000-000000000000/resourcegroups/sfcli1/providers/Microsoft.ServiceFabric/clusters/sfcli1\"\
        ,\r\n  \"name\": \"sfcli1\",\r\n  \"tags\": {},\r\n  \"etag\": \"W/\\\"636392724620660747\\\
        \"\",\r\n  \"properties\": {\r\n    \"provisioningState\": \"Updating\",\r\
        \n    \"clusterId\": \"0734fe55-d1c3-4d9d-b69f-a0e352ad10b2\",\r\n    \"clusterCodeVersion\"\
        : \"5.7.198.9494\",\r\n    \"clusterState\": \"UpdatingUserConfiguration\"\
        ,\r\n    \"managementEndpoint\": \"https://sfcli1.westus.cloudapp.azure.com:19080\"\
        ,\r\n    \"clusterEndpoint\": \"https://westus.servicefabric.azure.com/runtime/clusters/0734fe55-d1c3-4d9d-b69f-a0e352ad10b2\"\
        ,\r\n    \"certificate\": {\r\n      \"thumbprint\": \"F308E293581E4032A1B29D7118D8D3E2BDC2A1D0\"\
        ,\r\n      \"x509StoreName\": \"My\"\r\n    },\r\n    \"clientCertificateThumbprints\"\
        : [],\r\n    \"clientCertificateCommonNames\": [],\r\n    \"fabricSettings\"\
        : [\r\n      {\r\n        \"name\": \"Security\",\r\n        \"parameters\"\
        : [\r\n          {\r\n            \"name\": \"ClusterProtectionLevel\",\r\n\
        \            \"value\": \"EncryptAndSign\"\r\n          }\r\n        ]\r\n\
        \      }\r\n    ],\r\n    \"upgradeDescription\": {\r\n      \"overrideUserUpgradePolicy\"\
        : false,\r\n      \"forceRestart\": false,\r\n      \"upgradeReplicaSetCheckTimeout\"\
        : \"05:00:00\",\r\n      \"healthCheckWaitDuration\": \"00:00:02\",\r\n  \
        \    \"healthCheckStableDuration\": \"00:00:02\",\r\n      \"healthCheckRetryTimeout\"\
        : \"00:00:02\",\r\n      \"upgradeTimeout\": \"06:00:00\",\r\n      \"upgradeDomainTimeout\"\
        : \"02:00:00\"\r\n    },\r\n    \"diagnosticsStorageAccountConfig\": {\r\n\
        \      \"storageAccountName\": \"johunj27dl4cm2\",\r\n      \"protectedAccountKeyName\"\
        : \"StorageAccountKey1\",\r\n      \"blobEndpoint\": \"https://johunj27dl4cm2.blob.core.windows.net/\"\
        ,\r\n      \"queueEndpoint\": \"https://johunj27dl4cm2.queue.core.windows.net/\"\
        ,\r\n      \"tableEndpoint\": \"https://johunj27dl4cm2.table.core.windows.net/\"\
        \r\n    },\r\n    \"nodeTypes\": [\r\n      {\r\n        \"name\": \"nt1vm\"\
        ,\r\n        \"clientConnectionEndpointPort\": 19000,\r\n        \"httpGatewayEndpointPort\"\
        : 19080,\r\n        \"applicationPorts\": {\r\n          \"startPort\": 20000,\r\
        \n          \"endPort\": 30000\r\n        },\r\n        \"ephemeralPorts\"\
        : {\r\n          \"startPort\": 49152,\r\n          \"endPort\": 65534\r\n\
        \        },\r\n        \"isPrimary\": true,\r\n        \"vmInstanceCount\"\
        : 1,\r\n        \"durabilityLevel\": \"Bronze\"\r\n      }\r\n    ],\r\n \
        \   \"vmImage\": \"Windows\",\r\n    \"reliabilityLevel\": \"None\",\r\n \
        \   \"upgradeMode\": \"Automatic\",\r\n    \"availableClusterVersions\": [\r\
        \n      {\r\n        \"codeVersion\": \"5.7.198.9494\",\r\n        \"supportExpiryUtc\"\
        : \"9999-12-31T23:59:59.9999999\",\r\n        \"environment\": \"Windows\"\
        \r\n      },\r\n      {\r\n        \"codeVersion\": \"5.7.207.9494\",\r\n\
        \        \"supportExpiryUtc\": \"9999-12-31T23:59:59.9999999\",\r\n      \
        \  \"environment\": \"Windows\"\r\n      }\r\n    ]\r\n  }\r\n}"}
    headers:
      Azure-AsyncOperation: ['https://management.azure.com/subscriptions/13ad2c84-84fa-4798-ad71-e70c07af873f/providers/Microsoft.ServiceFabric/locations/westus/operations/d140130d-0c2c-4de9-a9d9-c1a71dc01210?api-version=2016-09-01']
      Cache-Control: [no-cache]
      Content-Length: ['2785']
      Content-Type: [application/json]
      Date: ['Fri, 25 Aug 2017 16:00:40 GMT']
      Expires: ['-1']
      Location: ['https://management.azure.com/subscriptions/13ad2c84-84fa-4798-ad71-e70c07af873f/providers/Microsoft.ServiceFabric/locations/westus/operationResults/d140130d-0c2c-4de9-a9d9-c1a71dc01210?api-version=2016-09-01']
      Pragma: [no-cache]
      Retry-After: ['10']
      Server: ['Microsoft-HTTPAPI/2.0,Microsoft-HTTPAPI/2.0 Microsoft-HTTPAPI/2.0']
      Strict-Transport-Security: [max-age=31536000; includeSubDomains]
      X-Content-Type-Options: [nosniff]
      x-ms-ratelimit-remaining-subscription-writes: ['1199']
    status: {code: 202, message: Accepted}
- request:
    body: null
    headers:
      Accept: [application/json]
      Accept-Encoding: ['gzip, deflate']
      Connection: [keep-alive]
      Content-Type: [application/json; charset=utf-8]
      User-Agent: [python/3.6.1 (Windows-10-10.0.15063-SP0) requests/2.9.1 msrest/0.4.14
          msrest_azure/0.4.12 azure-mgmt-servicefabric/0.1.0 Azure-SDK-For-Python
          AZURECLI/TEST/2.0.13+dev]
      accept-language: [en-US]
      x-ms-client-request-id: [8af5ba6e-89ae-11e7-8cfe-185e0fecfac1]
    method: GET
    uri: https://management.azure.com/subscriptions/00000000-0000-0000-0000-000000000000/providers/Microsoft.ServiceFabric/locations/westus/operations/d140130d-0c2c-4de9-a9d9-c1a71dc01210?api-version=2016-09-01
  response:
    body: {string: "{\r\n  \"id\": \"/subscriptions/00000000-0000-0000-0000-000000000000/providers/Microsoft.ServiceFabric/locations/westus/operations/d140130d-0c2c-4de9-a9d9-c1a71dc01210\"\
        ,\r\n  \"name\": \"d140130d-0c2c-4de9-a9d9-c1a71dc01210\",\r\n  \"status\"\
        : \"Created\",\r\n  \"startTime\": \"2017-08-25T16:00:40.8781386Z\",\r\n \
        \ \"endTime\": \"0001-01-01T00:00:00\",\r\n  \"percentComplete\": 0.0\r\n}"}
    headers:
      Cache-Control: [no-cache]
      Content-Type: [application/json]
      Date: ['Fri, 25 Aug 2017 16:00:50 GMT']
      Expires: ['-1']
      Pragma: [no-cache]
      Server: [Microsoft-HTTPAPI/2.0, Microsoft-HTTPAPI/2.0]
      Strict-Transport-Security: [max-age=31536000; includeSubDomains]
      Transfer-Encoding: [chunked]
      Vary: [Accept-Encoding]
      X-Content-Type-Options: [nosniff]
      content-length: ['353']
    status: {code: 200, message: OK}
- request:
    body: null
    headers:
      Accept: [application/json]
      Accept-Encoding: ['gzip, deflate']
      Connection: [keep-alive]
      Content-Type: [application/json; charset=utf-8]
      User-Agent: [python/3.6.1 (Windows-10-10.0.15063-SP0) requests/2.9.1 msrest/0.4.14
          msrest_azure/0.4.12 azure-mgmt-servicefabric/0.1.0 Azure-SDK-For-Python
          AZURECLI/TEST/2.0.13+dev]
      accept-language: [en-US]
      x-ms-client-request-id: [8af5ba6e-89ae-11e7-8cfe-185e0fecfac1]
    method: GET
    uri: https://management.azure.com/subscriptions/00000000-0000-0000-0000-000000000000/providers/Microsoft.ServiceFabric/locations/westus/operations/d140130d-0c2c-4de9-a9d9-c1a71dc01210?api-version=2016-09-01
  response:
    body: {string: "{\r\n  \"id\": \"/subscriptions/00000000-0000-0000-0000-000000000000/providers/Microsoft.ServiceFabric/locations/westus/operations/d140130d-0c2c-4de9-a9d9-c1a71dc01210\"\
        ,\r\n  \"name\": \"d140130d-0c2c-4de9-a9d9-c1a71dc01210\",\r\n  \"status\"\
        : \"Created\",\r\n  \"startTime\": \"2017-08-25T16:00:40.8781386Z\",\r\n \
        \ \"endTime\": \"0001-01-01T00:00:00\",\r\n  \"percentComplete\": 0.0\r\n}"}
    headers:
      Cache-Control: [no-cache]
      Content-Type: [application/json]
      Date: ['Fri, 25 Aug 2017 16:01:21 GMT']
      Expires: ['-1']
      Pragma: [no-cache]
      Server: [Microsoft-HTTPAPI/2.0, Microsoft-HTTPAPI/2.0]
      Strict-Transport-Security: [max-age=31536000; includeSubDomains]
      Transfer-Encoding: [chunked]
      Vary: [Accept-Encoding]
      X-Content-Type-Options: [nosniff]
      content-length: ['353']
    status: {code: 200, message: OK}
- request:
    body: null
    headers:
      Accept: [application/json]
      Accept-Encoding: ['gzip, deflate']
      Connection: [keep-alive]
      Content-Type: [application/json; charset=utf-8]
      User-Agent: [python/3.6.1 (Windows-10-10.0.15063-SP0) requests/2.9.1 msrest/0.4.14
          msrest_azure/0.4.12 azure-mgmt-servicefabric/0.1.0 Azure-SDK-For-Python
          AZURECLI/TEST/2.0.13+dev]
      accept-language: [en-US]
      x-ms-client-request-id: [8af5ba6e-89ae-11e7-8cfe-185e0fecfac1]
    method: GET
    uri: https://management.azure.com/subscriptions/00000000-0000-0000-0000-000000000000/providers/Microsoft.ServiceFabric/locations/westus/operations/d140130d-0c2c-4de9-a9d9-c1a71dc01210?api-version=2016-09-01
  response:
    body: {string: "{\r\n  \"id\": \"/subscriptions/00000000-0000-0000-0000-000000000000/providers/Microsoft.ServiceFabric/locations/westus/operations/d140130d-0c2c-4de9-a9d9-c1a71dc01210\"\
        ,\r\n  \"name\": \"d140130d-0c2c-4de9-a9d9-c1a71dc01210\",\r\n  \"status\"\
        : \"Created\",\r\n  \"startTime\": \"2017-08-25T16:00:40.8781386Z\",\r\n \
        \ \"endTime\": \"0001-01-01T00:00:00\",\r\n  \"percentComplete\": 0.0\r\n}"}
    headers:
      Cache-Control: [no-cache]
      Content-Type: [application/json]
      Date: ['Fri, 25 Aug 2017 16:01:50 GMT']
      Expires: ['-1']
      Pragma: [no-cache]
      Server: [Microsoft-HTTPAPI/2.0, Microsoft-HTTPAPI/2.0]
      Strict-Transport-Security: [max-age=31536000; includeSubDomains]
      Transfer-Encoding: [chunked]
      Vary: [Accept-Encoding]
      X-Content-Type-Options: [nosniff]
      content-length: ['353']
    status: {code: 200, message: OK}
- request:
    body: null
    headers:
      Accept: [application/json]
      Accept-Encoding: ['gzip, deflate']
      Connection: [keep-alive]
      Content-Type: [application/json; charset=utf-8]
      User-Agent: [python/3.6.1 (Windows-10-10.0.15063-SP0) requests/2.9.1 msrest/0.4.14
          msrest_azure/0.4.12 azure-mgmt-servicefabric/0.1.0 Azure-SDK-For-Python
          AZURECLI/TEST/2.0.13+dev]
      accept-language: [en-US]
      x-ms-client-request-id: [8af5ba6e-89ae-11e7-8cfe-185e0fecfac1]
    method: GET
    uri: https://management.azure.com/subscriptions/00000000-0000-0000-0000-000000000000/providers/Microsoft.ServiceFabric/locations/westus/operations/d140130d-0c2c-4de9-a9d9-c1a71dc01210?api-version=2016-09-01
  response:
    body: {string: "{\r\n  \"id\": \"/subscriptions/00000000-0000-0000-0000-000000000000/providers/Microsoft.ServiceFabric/locations/westus/operations/d140130d-0c2c-4de9-a9d9-c1a71dc01210\"\
        ,\r\n  \"name\": \"d140130d-0c2c-4de9-a9d9-c1a71dc01210\",\r\n  \"status\"\
        : \"Created\",\r\n  \"startTime\": \"2017-08-25T16:00:40.8781386Z\",\r\n \
        \ \"endTime\": \"0001-01-01T00:00:00\",\r\n  \"percentComplete\": 0.0\r\n}"}
    headers:
      Cache-Control: [no-cache]
      Content-Type: [application/json]
      Date: ['Fri, 25 Aug 2017 16:02:21 GMT']
      Expires: ['-1']
      Pragma: [no-cache]
      Server: [Microsoft-HTTPAPI/2.0, Microsoft-HTTPAPI/2.0]
      Strict-Transport-Security: [max-age=31536000; includeSubDomains]
      Transfer-Encoding: [chunked]
      Vary: [Accept-Encoding]
      X-Content-Type-Options: [nosniff]
      content-length: ['353']
    status: {code: 200, message: OK}
- request:
    body: null
    headers:
      Accept: [application/json]
      Accept-Encoding: ['gzip, deflate']
      Connection: [keep-alive]
      Content-Type: [application/json; charset=utf-8]
      User-Agent: [python/3.6.1 (Windows-10-10.0.15063-SP0) requests/2.9.1 msrest/0.4.14
          msrest_azure/0.4.12 azure-mgmt-servicefabric/0.1.0 Azure-SDK-For-Python
          AZURECLI/TEST/2.0.13+dev]
      accept-language: [en-US]
      x-ms-client-request-id: [8af5ba6e-89ae-11e7-8cfe-185e0fecfac1]
    method: GET
    uri: https://management.azure.com/subscriptions/00000000-0000-0000-0000-000000000000/providers/Microsoft.ServiceFabric/locations/westus/operations/d140130d-0c2c-4de9-a9d9-c1a71dc01210?api-version=2016-09-01
  response:
    body: {string: "{\r\n  \"id\": \"/subscriptions/00000000-0000-0000-0000-000000000000/providers/Microsoft.ServiceFabric/locations/westus/operations/d140130d-0c2c-4de9-a9d9-c1a71dc01210\"\
        ,\r\n  \"name\": \"d140130d-0c2c-4de9-a9d9-c1a71dc01210\",\r\n  \"status\"\
        : \"Created\",\r\n  \"startTime\": \"2017-08-25T16:00:40.8781386Z\",\r\n \
        \ \"endTime\": \"0001-01-01T00:00:00\",\r\n  \"percentComplete\": 0.0\r\n}"}
    headers:
      Cache-Control: [no-cache]
      Content-Type: [application/json]
      Date: ['Fri, 25 Aug 2017 16:02:52 GMT']
      Expires: ['-1']
      Pragma: [no-cache]
      Server: [Microsoft-HTTPAPI/2.0, Microsoft-HTTPAPI/2.0]
      Strict-Transport-Security: [max-age=31536000; includeSubDomains]
      Transfer-Encoding: [chunked]
      Vary: [Accept-Encoding]
      X-Content-Type-Options: [nosniff]
      content-length: ['353']
    status: {code: 200, message: OK}
- request:
    body: null
    headers:
      Accept: [application/json]
      Accept-Encoding: ['gzip, deflate']
      Connection: [keep-alive]
      Content-Type: [application/json; charset=utf-8]
      User-Agent: [python/3.6.1 (Windows-10-10.0.15063-SP0) requests/2.9.1 msrest/0.4.14
          msrest_azure/0.4.12 azure-mgmt-servicefabric/0.1.0 Azure-SDK-For-Python
          AZURECLI/TEST/2.0.13+dev]
      accept-language: [en-US]
      x-ms-client-request-id: [8af5ba6e-89ae-11e7-8cfe-185e0fecfac1]
    method: GET
    uri: https://management.azure.com/subscriptions/00000000-0000-0000-0000-000000000000/providers/Microsoft.ServiceFabric/locations/westus/operations/d140130d-0c2c-4de9-a9d9-c1a71dc01210?api-version=2016-09-01
  response:
    body: {string: "{\r\n  \"id\": \"/subscriptions/00000000-0000-0000-0000-000000000000/providers/Microsoft.ServiceFabric/locations/westus/operations/d140130d-0c2c-4de9-a9d9-c1a71dc01210\"\
        ,\r\n  \"name\": \"d140130d-0c2c-4de9-a9d9-c1a71dc01210\",\r\n  \"status\"\
        : \"Created\",\r\n  \"startTime\": \"2017-08-25T16:00:40.8781386Z\",\r\n \
        \ \"endTime\": \"0001-01-01T00:00:00\",\r\n  \"percentComplete\": 0.0\r\n}"}
    headers:
      Cache-Control: [no-cache]
      Content-Type: [application/json]
      Date: ['Fri, 25 Aug 2017 16:03:21 GMT']
      Expires: ['-1']
      Pragma: [no-cache]
      Server: [Microsoft-HTTPAPI/2.0, Microsoft-HTTPAPI/2.0]
      Strict-Transport-Security: [max-age=31536000; includeSubDomains]
      Transfer-Encoding: [chunked]
      Vary: [Accept-Encoding]
      X-Content-Type-Options: [nosniff]
      content-length: ['353']
    status: {code: 200, message: OK}
- request:
    body: null
    headers:
      Accept: [application/json]
      Accept-Encoding: ['gzip, deflate']
      Connection: [keep-alive]
      Content-Type: [application/json; charset=utf-8]
      User-Agent: [python/3.6.1 (Windows-10-10.0.15063-SP0) requests/2.9.1 msrest/0.4.14
          msrest_azure/0.4.12 azure-mgmt-servicefabric/0.1.0 Azure-SDK-For-Python
          AZURECLI/TEST/2.0.13+dev]
      accept-language: [en-US]
      x-ms-client-request-id: [8af5ba6e-89ae-11e7-8cfe-185e0fecfac1]
    method: GET
    uri: https://management.azure.com/subscriptions/00000000-0000-0000-0000-000000000000/providers/Microsoft.ServiceFabric/locations/westus/operations/d140130d-0c2c-4de9-a9d9-c1a71dc01210?api-version=2016-09-01
  response:
    body: {string: "{\r\n  \"id\": \"/subscriptions/00000000-0000-0000-0000-000000000000/providers/Microsoft.ServiceFabric/locations/westus/operations/d140130d-0c2c-4de9-a9d9-c1a71dc01210\"\
        ,\r\n  \"name\": \"d140130d-0c2c-4de9-a9d9-c1a71dc01210\",\r\n  \"status\"\
        : \"Succeeded\",\r\n  \"startTime\": \"2017-08-25T16:00:40.8781386Z\",\r\n\
        \  \"endTime\": \"2017-08-25T16:03:39.472873Z\",\r\n  \"percentComplete\"\
        : 100.0\r\n}"}
    headers:
      Cache-Control: [no-cache]
      Content-Type: [application/json]
      Date: ['Fri, 25 Aug 2017 16:03:52 GMT']
      Expires: ['-1']
      Pragma: [no-cache]
      Server: [Microsoft-HTTPAPI/2.0, Microsoft-HTTPAPI/2.0]
      Strict-Transport-Security: [max-age=31536000; includeSubDomains]
      Transfer-Encoding: [chunked]
      Vary: [Accept-Encoding]
      X-Content-Type-Options: [nosniff]
      content-length: ['365']
    status: {code: 200, message: OK}
- request:
    body: null
    headers:
      Accept: [application/json]
      Accept-Encoding: ['gzip, deflate']
      Connection: [keep-alive]
      Content-Type: [application/json; charset=utf-8]
      User-Agent: [python/3.6.1 (Windows-10-10.0.15063-SP0) requests/2.9.1 msrest/0.4.14
          msrest_azure/0.4.12 azure-mgmt-servicefabric/0.1.0 Azure-SDK-For-Python
          AZURECLI/TEST/2.0.13+dev]
      accept-language: [en-US]
      x-ms-client-request-id: [8af5ba6e-89ae-11e7-8cfe-185e0fecfac1]
    method: GET
    uri: https://management.azure.com/subscriptions/00000000-0000-0000-0000-000000000000/resourceGroups/sfcli1/providers/Microsoft.ServiceFabric/clusters/sfcli1?api-version=2016-09-01
  response:
    body: {string: "{\r\n  \"type\": \"Microsoft.ServiceFabric/clusters\",\r\n  \"\
        location\": \"westus\",\r\n  \"id\": \"/subscriptions/00000000-0000-0000-0000-000000000000/resourcegroups/sfcli1/providers/Microsoft.ServiceFabric/clusters/sfcli1\"\
        ,\r\n  \"name\": \"sfcli1\",\r\n  \"tags\": {},\r\n  \"etag\": \"W/\\\"636392724620660747\\\
        \"\",\r\n  \"properties\": {\r\n    \"provisioningState\": \"Succeeded\",\r\
        \n    \"clusterId\": \"0734fe55-d1c3-4d9d-b69f-a0e352ad10b2\",\r\n    \"clusterCodeVersion\"\
        : \"5.7.198.9494\",\r\n    \"clusterState\": \"Ready\",\r\n    \"managementEndpoint\"\
        : \"https://sfcli1.westus.cloudapp.azure.com:19080\",\r\n    \"clusterEndpoint\"\
        : \"https://westus.servicefabric.azure.com/runtime/clusters/0734fe55-d1c3-4d9d-b69f-a0e352ad10b2\"\
        ,\r\n    \"certificate\": {\r\n      \"thumbprint\": \"F308E293581E4032A1B29D7118D8D3E2BDC2A1D0\"\
        ,\r\n      \"x509StoreName\": \"My\"\r\n    },\r\n    \"clientCertificateThumbprints\"\
        : [\r\n      {\r\n        \"isAdmin\": false,\r\n        \"certificateThumbprint\"\
        : \"9B609A389BD4597BEEFABFB363BF2BBF2E806001\"\r\n      }\r\n    ],\r\n  \
        \  \"clientCertificateCommonNames\": [],\r\n    \"fabricSettings\": [\r\n\
        \      {\r\n        \"name\": \"Security\",\r\n        \"parameters\": [\r\
        \n          {\r\n            \"name\": \"ClusterProtectionLevel\",\r\n   \
        \         \"value\": \"EncryptAndSign\"\r\n          }\r\n        ]\r\n  \
        \    }\r\n    ],\r\n    \"upgradeDescription\": {\r\n      \"overrideUserUpgradePolicy\"\
        : false,\r\n      \"forceRestart\": false,\r\n      \"upgradeReplicaSetCheckTimeout\"\
        : \"05:00:00\",\r\n      \"healthCheckWaitDuration\": \"00:00:02\",\r\n  \
        \    \"healthCheckStableDuration\": \"00:00:02\",\r\n      \"healthCheckRetryTimeout\"\
        : \"00:00:02\",\r\n      \"upgradeTimeout\": \"06:00:00\",\r\n      \"upgradeDomainTimeout\"\
        : \"02:00:00\"\r\n    },\r\n    \"diagnosticsStorageAccountConfig\": {\r\n\
        \      \"storageAccountName\": \"johunj27dl4cm2\",\r\n      \"protectedAccountKeyName\"\
        : \"StorageAccountKey1\",\r\n      \"blobEndpoint\": \"https://johunj27dl4cm2.blob.core.windows.net/\"\
        ,\r\n      \"queueEndpoint\": \"https://johunj27dl4cm2.queue.core.windows.net/\"\
        ,\r\n      \"tableEndpoint\": \"https://johunj27dl4cm2.table.core.windows.net/\"\
        \r\n    },\r\n    \"nodeTypes\": [\r\n      {\r\n        \"name\": \"nt1vm\"\
        ,\r\n        \"clientConnectionEndpointPort\": 19000,\r\n        \"httpGatewayEndpointPort\"\
        : 19080,\r\n        \"applicationPorts\": {\r\n          \"startPort\": 20000,\r\
        \n          \"endPort\": 30000\r\n        },\r\n        \"ephemeralPorts\"\
        : {\r\n          \"startPort\": 49152,\r\n          \"endPort\": 65534\r\n\
        \        },\r\n        \"isPrimary\": true,\r\n        \"vmInstanceCount\"\
        : 1,\r\n        \"durabilityLevel\": \"Bronze\"\r\n      }\r\n    ],\r\n \
        \   \"vmImage\": \"Windows\",\r\n    \"reliabilityLevel\": \"None\",\r\n \
        \   \"upgradeMode\": \"Automatic\",\r\n    \"availableClusterVersions\": [\r\
        \n      {\r\n        \"codeVersion\": \"5.7.198.9494\",\r\n        \"supportExpiryUtc\"\
        : \"9999-12-31T23:59:59.9999999\",\r\n        \"environment\": \"Windows\"\
        \r\n      },\r\n      {\r\n        \"codeVersion\": \"5.7.207.9494\",\r\n\
        \        \"supportExpiryUtc\": \"9999-12-31T23:59:59.9999999\",\r\n      \
        \  \"environment\": \"Windows\"\r\n      }\r\n    ]\r\n  }\r\n}"}
    headers:
      Cache-Control: [no-cache]
      Content-Type: [application/json]
      Date: ['Fri, 25 Aug 2017 16:03:52 GMT']
      Expires: ['-1']
      Pragma: [no-cache]
      Server: [Microsoft-HTTPAPI/2.0, Microsoft-HTTPAPI/2.0]
      Strict-Transport-Security: [max-age=31536000; includeSubDomains]
      Transfer-Encoding: [chunked]
      Vary: [Accept-Encoding]
      X-Content-Type-Options: [nosniff]
      content-length: ['2894']
    status: {code: 200, message: OK}
- request:
    body: null
    headers:
      Accept: [application/json]
      Accept-Encoding: ['gzip, deflate']
      Connection: [keep-alive]
      Content-Type: [application/json; charset=utf-8]
      User-Agent: [python/3.6.1 (Windows-10-10.0.15063-SP0) requests/2.9.1 msrest/0.4.14
          msrest_azure/0.4.12 azure-mgmt-servicefabric/0.1.0 Azure-SDK-For-Python
          AZURECLI/TEST/2.0.13+dev]
      accept-language: [en-US]
      x-ms-client-request-id: [fdf86098-89ae-11e7-b9c0-185e0fecfac1]
    method: GET
    uri: https://management.azure.com/subscriptions/00000000-0000-0000-0000-000000000000/resourceGroups/sfcli1/providers/Microsoft.ServiceFabric/clusters/sfcli1?api-version=2016-09-01
  response:
    body: {string: "{\r\n  \"type\": \"Microsoft.ServiceFabric/clusters\",\r\n  \"\
        location\": \"westus\",\r\n  \"id\": \"/subscriptions/00000000-0000-0000-0000-000000000000/resourcegroups/sfcli1/providers/Microsoft.ServiceFabric/clusters/sfcli1\"\
        ,\r\n  \"name\": \"sfcli1\",\r\n  \"tags\": {},\r\n  \"etag\": \"W/\\\"636392724620660747\\\
        \"\",\r\n  \"properties\": {\r\n    \"provisioningState\": \"Succeeded\",\r\
        \n    \"clusterId\": \"0734fe55-d1c3-4d9d-b69f-a0e352ad10b2\",\r\n    \"clusterCodeVersion\"\
        : \"5.7.198.9494\",\r\n    \"clusterState\": \"Ready\",\r\n    \"managementEndpoint\"\
        : \"https://sfcli1.westus.cloudapp.azure.com:19080\",\r\n    \"clusterEndpoint\"\
        : \"https://westus.servicefabric.azure.com/runtime/clusters/0734fe55-d1c3-4d9d-b69f-a0e352ad10b2\"\
        ,\r\n    \"certificate\": {\r\n      \"thumbprint\": \"F308E293581E4032A1B29D7118D8D3E2BDC2A1D0\"\
        ,\r\n      \"x509StoreName\": \"My\"\r\n    },\r\n    \"clientCertificateThumbprints\"\
        : [\r\n      {\r\n        \"isAdmin\": false,\r\n        \"certificateThumbprint\"\
        : \"9B609A389BD4597BEEFABFB363BF2BBF2E806001\"\r\n      }\r\n    ],\r\n  \
        \  \"clientCertificateCommonNames\": [],\r\n    \"fabricSettings\": [\r\n\
        \      {\r\n        \"name\": \"Security\",\r\n        \"parameters\": [\r\
        \n          {\r\n            \"name\": \"ClusterProtectionLevel\",\r\n   \
        \         \"value\": \"EncryptAndSign\"\r\n          }\r\n        ]\r\n  \
        \    }\r\n    ],\r\n    \"upgradeDescription\": {\r\n      \"overrideUserUpgradePolicy\"\
        : false,\r\n      \"forceRestart\": false,\r\n      \"upgradeReplicaSetCheckTimeout\"\
        : \"05:00:00\",\r\n      \"healthCheckWaitDuration\": \"00:00:02\",\r\n  \
        \    \"healthCheckStableDuration\": \"00:00:02\",\r\n      \"healthCheckRetryTimeout\"\
        : \"00:00:02\",\r\n      \"upgradeTimeout\": \"06:00:00\",\r\n      \"upgradeDomainTimeout\"\
        : \"02:00:00\"\r\n    },\r\n    \"diagnosticsStorageAccountConfig\": {\r\n\
        \      \"storageAccountName\": \"johunj27dl4cm2\",\r\n      \"protectedAccountKeyName\"\
        : \"StorageAccountKey1\",\r\n      \"blobEndpoint\": \"https://johunj27dl4cm2.blob.core.windows.net/\"\
        ,\r\n      \"queueEndpoint\": \"https://johunj27dl4cm2.queue.core.windows.net/\"\
        ,\r\n      \"tableEndpoint\": \"https://johunj27dl4cm2.table.core.windows.net/\"\
        \r\n    },\r\n    \"nodeTypes\": [\r\n      {\r\n        \"name\": \"nt1vm\"\
        ,\r\n        \"clientConnectionEndpointPort\": 19000,\r\n        \"httpGatewayEndpointPort\"\
        : 19080,\r\n        \"applicationPorts\": {\r\n          \"startPort\": 20000,\r\
        \n          \"endPort\": 30000\r\n        },\r\n        \"ephemeralPorts\"\
        : {\r\n          \"startPort\": 49152,\r\n          \"endPort\": 65534\r\n\
        \        },\r\n        \"isPrimary\": true,\r\n        \"vmInstanceCount\"\
        : 1,\r\n        \"durabilityLevel\": \"Bronze\"\r\n      }\r\n    ],\r\n \
        \   \"vmImage\": \"Windows\",\r\n    \"reliabilityLevel\": \"None\",\r\n \
        \   \"upgradeMode\": \"Automatic\",\r\n    \"availableClusterVersions\": [\r\
        \n      {\r\n        \"codeVersion\": \"5.7.198.9494\",\r\n        \"supportExpiryUtc\"\
        : \"9999-12-31T23:59:59.9999999\",\r\n        \"environment\": \"Windows\"\
        \r\n      },\r\n      {\r\n        \"codeVersion\": \"5.7.207.9494\",\r\n\
        \        \"supportExpiryUtc\": \"9999-12-31T23:59:59.9999999\",\r\n      \
        \  \"environment\": \"Windows\"\r\n      }\r\n    ]\r\n  }\r\n}"}
    headers:
      Cache-Control: [no-cache]
      Content-Type: [application/json]
      Date: ['Fri, 25 Aug 2017 16:03:52 GMT']
      Expires: ['-1']
      Pragma: [no-cache]
      Server: [Microsoft-HTTPAPI/2.0, Microsoft-HTTPAPI/2.0]
      Strict-Transport-Security: [max-age=31536000; includeSubDomains]
      Transfer-Encoding: [chunked]
      Vary: [Accept-Encoding]
      X-Content-Type-Options: [nosniff]
      content-length: ['2894']
    status: {code: 200, message: OK}
- request:
    body: '{"properties": {"clientCertificateThumbprints": [], "clientCertificateCommonNames":
      []}}'
    headers:
      Accept: [application/json]
      Accept-Encoding: ['gzip, deflate']
      Connection: [keep-alive]
      Content-Length: ['88']
      Content-Type: [application/json; charset=utf-8]
      User-Agent: [python/3.6.1 (Windows-10-10.0.15063-SP0) requests/2.9.1 msrest/0.4.14
          msrest_azure/0.4.12 azure-mgmt-servicefabric/0.1.0 Azure-SDK-For-Python
          AZURECLI/TEST/2.0.13+dev]
      accept-language: [en-US]
      x-ms-client-request-id: [fe15b074-89ae-11e7-88de-185e0fecfac1]
    method: PATCH
    uri: https://management.azure.com/subscriptions/00000000-0000-0000-0000-000000000000/resourceGroups/sfcli1/providers/Microsoft.ServiceFabric/clusters/sfcli1?api-version=2016-09-01
  response:
    body: {string: "{\r\n  \"type\": \"Microsoft.ServiceFabric/clusters\",\r\n  \"\
        location\": \"westus\",\r\n  \"id\": \"/subscriptions/00000000-0000-0000-0000-000000000000/resourcegroups/sfcli1/providers/Microsoft.ServiceFabric/clusters/sfcli1\"\
        ,\r\n  \"name\": \"sfcli1\",\r\n  \"tags\": {},\r\n  \"etag\": \"W/\\\"636392724620660748\\\
        \"\",\r\n  \"properties\": {\r\n    \"provisioningState\": \"Updating\",\r\
        \n    \"clusterId\": \"0734fe55-d1c3-4d9d-b69f-a0e352ad10b2\",\r\n    \"clusterCodeVersion\"\
        : \"5.7.198.9494\",\r\n    \"clusterState\": \"UpdatingUserConfiguration\"\
        ,\r\n    \"managementEndpoint\": \"https://sfcli1.westus.cloudapp.azure.com:19080\"\
        ,\r\n    \"clusterEndpoint\": \"https://westus.servicefabric.azure.com/runtime/clusters/0734fe55-d1c3-4d9d-b69f-a0e352ad10b2\"\
        ,\r\n    \"certificate\": {\r\n      \"thumbprint\": \"F308E293581E4032A1B29D7118D8D3E2BDC2A1D0\"\
        ,\r\n      \"x509StoreName\": \"My\"\r\n    },\r\n    \"clientCertificateThumbprints\"\
        : [\r\n      {\r\n        \"isAdmin\": false,\r\n        \"certificateThumbprint\"\
        : \"9B609A389BD4597BEEFABFB363BF2BBF2E806001\"\r\n      }\r\n    ],\r\n  \
        \  \"clientCertificateCommonNames\": [],\r\n    \"fabricSettings\": [\r\n\
        \      {\r\n        \"name\": \"Security\",\r\n        \"parameters\": [\r\
        \n          {\r\n            \"name\": \"ClusterProtectionLevel\",\r\n   \
        \         \"value\": \"EncryptAndSign\"\r\n          }\r\n        ]\r\n  \
        \    }\r\n    ],\r\n    \"upgradeDescription\": {\r\n      \"overrideUserUpgradePolicy\"\
        : false,\r\n      \"forceRestart\": false,\r\n      \"upgradeReplicaSetCheckTimeout\"\
        : \"05:00:00\",\r\n      \"healthCheckWaitDuration\": \"00:00:02\",\r\n  \
        \    \"healthCheckStableDuration\": \"00:00:02\",\r\n      \"healthCheckRetryTimeout\"\
        : \"00:00:02\",\r\n      \"upgradeTimeout\": \"06:00:00\",\r\n      \"upgradeDomainTimeout\"\
        : \"02:00:00\"\r\n    },\r\n    \"diagnosticsStorageAccountConfig\": {\r\n\
        \      \"storageAccountName\": \"johunj27dl4cm2\",\r\n      \"protectedAccountKeyName\"\
        : \"StorageAccountKey1\",\r\n      \"blobEndpoint\": \"https://johunj27dl4cm2.blob.core.windows.net/\"\
        ,\r\n      \"queueEndpoint\": \"https://johunj27dl4cm2.queue.core.windows.net/\"\
        ,\r\n      \"tableEndpoint\": \"https://johunj27dl4cm2.table.core.windows.net/\"\
        \r\n    },\r\n    \"nodeTypes\": [\r\n      {\r\n        \"name\": \"nt1vm\"\
        ,\r\n        \"clientConnectionEndpointPort\": 19000,\r\n        \"httpGatewayEndpointPort\"\
        : 19080,\r\n        \"applicationPorts\": {\r\n          \"startPort\": 20000,\r\
        \n          \"endPort\": 30000\r\n        },\r\n        \"ephemeralPorts\"\
        : {\r\n          \"startPort\": 49152,\r\n          \"endPort\": 65534\r\n\
        \        },\r\n        \"isPrimary\": true,\r\n        \"vmInstanceCount\"\
        : 1,\r\n        \"durabilityLevel\": \"Bronze\"\r\n      }\r\n    ],\r\n \
        \   \"vmImage\": \"Windows\",\r\n    \"reliabilityLevel\": \"None\",\r\n \
        \   \"upgradeMode\": \"Automatic\",\r\n    \"availableClusterVersions\": [\r\
        \n      {\r\n        \"codeVersion\": \"5.7.198.9494\",\r\n        \"supportExpiryUtc\"\
        : \"9999-12-31T23:59:59.9999999\",\r\n        \"environment\": \"Windows\"\
        \r\n      },\r\n      {\r\n        \"codeVersion\": \"5.7.207.9494\",\r\n\
        \        \"supportExpiryUtc\": \"9999-12-31T23:59:59.9999999\",\r\n      \
        \  \"environment\": \"Windows\"\r\n      }\r\n    ]\r\n  }\r\n}"}
    headers:
      Azure-AsyncOperation: ['https://management.azure.com/subscriptions/13ad2c84-84fa-4798-ad71-e70c07af873f/providers/Microsoft.ServiceFabric/locations/westus/operations/96e315b6-882f-482f-99b7-0ad516d35ba4?api-version=2016-09-01']
      Cache-Control: [no-cache]
      Content-Length: ['2913']
      Content-Type: [application/json]
      Date: ['Fri, 25 Aug 2017 16:03:53 GMT']
      Expires: ['-1']
      Location: ['https://management.azure.com/subscriptions/13ad2c84-84fa-4798-ad71-e70c07af873f/providers/Microsoft.ServiceFabric/locations/westus/operationResults/96e315b6-882f-482f-99b7-0ad516d35ba4?api-version=2016-09-01']
      Pragma: [no-cache]
      Retry-After: ['10']
      Server: ['Microsoft-HTTPAPI/2.0,Microsoft-HTTPAPI/2.0 Microsoft-HTTPAPI/2.0']
      Strict-Transport-Security: [max-age=31536000; includeSubDomains]
      X-Content-Type-Options: [nosniff]
      x-ms-ratelimit-remaining-subscription-writes: ['1199']
    status: {code: 202, message: Accepted}
- request:
    body: null
    headers:
      Accept: [application/json]
      Accept-Encoding: ['gzip, deflate']
      Connection: [keep-alive]
      Content-Type: [application/json; charset=utf-8]
      User-Agent: [python/3.6.1 (Windows-10-10.0.15063-SP0) requests/2.9.1 msrest/0.4.14
          msrest_azure/0.4.12 azure-mgmt-servicefabric/0.1.0 Azure-SDK-For-Python
          AZURECLI/TEST/2.0.13+dev]
      accept-language: [en-US]
      x-ms-client-request-id: [fe15b074-89ae-11e7-88de-185e0fecfac1]
    method: GET
    uri: https://management.azure.com/subscriptions/00000000-0000-0000-0000-000000000000/providers/Microsoft.ServiceFabric/locations/westus/operations/96e315b6-882f-482f-99b7-0ad516d35ba4?api-version=2016-09-01
  response:
    body: {string: "{\r\n  \"id\": \"/subscriptions/00000000-0000-0000-0000-000000000000/providers/Microsoft.ServiceFabric/locations/westus/operations/96e315b6-882f-482f-99b7-0ad516d35ba4\"\
        ,\r\n  \"name\": \"96e315b6-882f-482f-99b7-0ad516d35ba4\",\r\n  \"status\"\
        : \"Created\",\r\n  \"startTime\": \"2017-08-25T16:03:54.1690543Z\",\r\n \
        \ \"endTime\": \"0001-01-01T00:00:00\",\r\n  \"percentComplete\": 0.0\r\n}"}
    headers:
      Cache-Control: [no-cache]
      Content-Type: [application/json]
      Date: ['Fri, 25 Aug 2017 16:04:03 GMT']
      Expires: ['-1']
      Pragma: [no-cache]
      Server: [Microsoft-HTTPAPI/2.0, Microsoft-HTTPAPI/2.0]
      Strict-Transport-Security: [max-age=31536000; includeSubDomains]
      Transfer-Encoding: [chunked]
      Vary: [Accept-Encoding]
      X-Content-Type-Options: [nosniff]
      content-length: ['353']
    status: {code: 200, message: OK}
- request:
    body: null
    headers:
      Accept: [application/json]
      Accept-Encoding: ['gzip, deflate']
      Connection: [keep-alive]
      Content-Type: [application/json; charset=utf-8]
      User-Agent: [python/3.6.1 (Windows-10-10.0.15063-SP0) requests/2.9.1 msrest/0.4.14
          msrest_azure/0.4.12 azure-mgmt-servicefabric/0.1.0 Azure-SDK-For-Python
          AZURECLI/TEST/2.0.13+dev]
      accept-language: [en-US]
      x-ms-client-request-id: [fe15b074-89ae-11e7-88de-185e0fecfac1]
    method: GET
    uri: https://management.azure.com/subscriptions/00000000-0000-0000-0000-000000000000/providers/Microsoft.ServiceFabric/locations/westus/operations/96e315b6-882f-482f-99b7-0ad516d35ba4?api-version=2016-09-01
  response:
    body: {string: "{\r\n  \"id\": \"/subscriptions/00000000-0000-0000-0000-000000000000/providers/Microsoft.ServiceFabric/locations/westus/operations/96e315b6-882f-482f-99b7-0ad516d35ba4\"\
        ,\r\n  \"name\": \"96e315b6-882f-482f-99b7-0ad516d35ba4\",\r\n  \"status\"\
        : \"Created\",\r\n  \"startTime\": \"2017-08-25T16:03:54.1690543Z\",\r\n \
        \ \"endTime\": \"0001-01-01T00:00:00\",\r\n  \"percentComplete\": 0.0\r\n}"}
    headers:
      Cache-Control: [no-cache]
      Content-Type: [application/json]
      Date: ['Fri, 25 Aug 2017 16:04:34 GMT']
      Expires: ['-1']
      Pragma: [no-cache]
      Server: [Microsoft-HTTPAPI/2.0, Microsoft-HTTPAPI/2.0]
      Strict-Transport-Security: [max-age=31536000; includeSubDomains]
      Transfer-Encoding: [chunked]
      Vary: [Accept-Encoding]
      X-Content-Type-Options: [nosniff]
      content-length: ['353']
    status: {code: 200, message: OK}
- request:
    body: null
    headers:
      Accept: [application/json]
      Accept-Encoding: ['gzip, deflate']
      Connection: [keep-alive]
      Content-Type: [application/json; charset=utf-8]
      User-Agent: [python/3.6.1 (Windows-10-10.0.15063-SP0) requests/2.9.1 msrest/0.4.14
          msrest_azure/0.4.12 azure-mgmt-servicefabric/0.1.0 Azure-SDK-For-Python
          AZURECLI/TEST/2.0.13+dev]
      accept-language: [en-US]
      x-ms-client-request-id: [fe15b074-89ae-11e7-88de-185e0fecfac1]
    method: GET
    uri: https://management.azure.com/subscriptions/00000000-0000-0000-0000-000000000000/providers/Microsoft.ServiceFabric/locations/westus/operations/96e315b6-882f-482f-99b7-0ad516d35ba4?api-version=2016-09-01
  response:
    body: {string: "{\r\n  \"id\": \"/subscriptions/00000000-0000-0000-0000-000000000000/providers/Microsoft.ServiceFabric/locations/westus/operations/96e315b6-882f-482f-99b7-0ad516d35ba4\"\
        ,\r\n  \"name\": \"96e315b6-882f-482f-99b7-0ad516d35ba4\",\r\n  \"status\"\
        : \"Created\",\r\n  \"startTime\": \"2017-08-25T16:03:54.1690543Z\",\r\n \
        \ \"endTime\": \"0001-01-01T00:00:00\",\r\n  \"percentComplete\": 0.0\r\n}"}
    headers:
      Cache-Control: [no-cache]
      Content-Type: [application/json]
      Date: ['Fri, 25 Aug 2017 16:05:04 GMT']
      Expires: ['-1']
      Pragma: [no-cache]
      Server: [Microsoft-HTTPAPI/2.0, Microsoft-HTTPAPI/2.0]
      Strict-Transport-Security: [max-age=31536000; includeSubDomains]
      Transfer-Encoding: [chunked]
      Vary: [Accept-Encoding]
      X-Content-Type-Options: [nosniff]
      content-length: ['353']
    status: {code: 200, message: OK}
- request:
    body: null
    headers:
      Accept: [application/json]
      Accept-Encoding: ['gzip, deflate']
      Connection: [keep-alive]
      Content-Type: [application/json; charset=utf-8]
      User-Agent: [python/3.6.1 (Windows-10-10.0.15063-SP0) requests/2.9.1 msrest/0.4.14
          msrest_azure/0.4.12 azure-mgmt-servicefabric/0.1.0 Azure-SDK-For-Python
          AZURECLI/TEST/2.0.13+dev]
      accept-language: [en-US]
      x-ms-client-request-id: [fe15b074-89ae-11e7-88de-185e0fecfac1]
    method: GET
    uri: https://management.azure.com/subscriptions/00000000-0000-0000-0000-000000000000/providers/Microsoft.ServiceFabric/locations/westus/operations/96e315b6-882f-482f-99b7-0ad516d35ba4?api-version=2016-09-01
  response:
    body: {string: "{\r\n  \"id\": \"/subscriptions/00000000-0000-0000-0000-000000000000/providers/Microsoft.ServiceFabric/locations/westus/operations/96e315b6-882f-482f-99b7-0ad516d35ba4\"\
        ,\r\n  \"name\": \"96e315b6-882f-482f-99b7-0ad516d35ba4\",\r\n  \"status\"\
        : \"Created\",\r\n  \"startTime\": \"2017-08-25T16:03:54.1690543Z\",\r\n \
        \ \"endTime\": \"0001-01-01T00:00:00\",\r\n  \"percentComplete\": 0.0\r\n}"}
    headers:
      Cache-Control: [no-cache]
      Content-Type: [application/json]
      Date: ['Fri, 25 Aug 2017 16:05:34 GMT']
      Expires: ['-1']
      Pragma: [no-cache]
      Server: [Microsoft-HTTPAPI/2.0, Microsoft-HTTPAPI/2.0]
      Strict-Transport-Security: [max-age=31536000; includeSubDomains]
      Transfer-Encoding: [chunked]
      Vary: [Accept-Encoding]
      X-Content-Type-Options: [nosniff]
      content-length: ['353']
    status: {code: 200, message: OK}
- request:
    body: null
    headers:
      Accept: [application/json]
      Accept-Encoding: ['gzip, deflate']
      Connection: [keep-alive]
      Content-Type: [application/json; charset=utf-8]
      User-Agent: [python/3.6.1 (Windows-10-10.0.15063-SP0) requests/2.9.1 msrest/0.4.14
          msrest_azure/0.4.12 azure-mgmt-servicefabric/0.1.0 Azure-SDK-For-Python
          AZURECLI/TEST/2.0.13+dev]
      accept-language: [en-US]
      x-ms-client-request-id: [fe15b074-89ae-11e7-88de-185e0fecfac1]
    method: GET
    uri: https://management.azure.com/subscriptions/00000000-0000-0000-0000-000000000000/providers/Microsoft.ServiceFabric/locations/westus/operations/96e315b6-882f-482f-99b7-0ad516d35ba4?api-version=2016-09-01
  response:
    body: {string: "{\r\n  \"id\": \"/subscriptions/00000000-0000-0000-0000-000000000000/providers/Microsoft.ServiceFabric/locations/westus/operations/96e315b6-882f-482f-99b7-0ad516d35ba4\"\
        ,\r\n  \"name\": \"96e315b6-882f-482f-99b7-0ad516d35ba4\",\r\n  \"status\"\
        : \"Created\",\r\n  \"startTime\": \"2017-08-25T16:03:54.1690543Z\",\r\n \
        \ \"endTime\": \"0001-01-01T00:00:00\",\r\n  \"percentComplete\": 0.0\r\n}"}
    headers:
      Cache-Control: [no-cache]
      Content-Type: [application/json]
      Date: ['Fri, 25 Aug 2017 16:06:05 GMT']
      Expires: ['-1']
      Pragma: [no-cache]
      Server: [Microsoft-HTTPAPI/2.0, Microsoft-HTTPAPI/2.0]
      Strict-Transport-Security: [max-age=31536000; includeSubDomains]
      Transfer-Encoding: [chunked]
      Vary: [Accept-Encoding]
      X-Content-Type-Options: [nosniff]
      content-length: ['353']
    status: {code: 200, message: OK}
- request:
    body: null
    headers:
      Accept: [application/json]
      Accept-Encoding: ['gzip, deflate']
      Connection: [keep-alive]
      Content-Type: [application/json; charset=utf-8]
      User-Agent: [python/3.6.1 (Windows-10-10.0.15063-SP0) requests/2.9.1 msrest/0.4.14
          msrest_azure/0.4.12 azure-mgmt-servicefabric/0.1.0 Azure-SDK-For-Python
          AZURECLI/TEST/2.0.13+dev]
      accept-language: [en-US]
      x-ms-client-request-id: [fe15b074-89ae-11e7-88de-185e0fecfac1]
    method: GET
    uri: https://management.azure.com/subscriptions/00000000-0000-0000-0000-000000000000/providers/Microsoft.ServiceFabric/locations/westus/operations/96e315b6-882f-482f-99b7-0ad516d35ba4?api-version=2016-09-01
  response:
    body: {string: "{\r\n  \"id\": \"/subscriptions/00000000-0000-0000-0000-000000000000/providers/Microsoft.ServiceFabric/locations/westus/operations/96e315b6-882f-482f-99b7-0ad516d35ba4\"\
        ,\r\n  \"name\": \"96e315b6-882f-482f-99b7-0ad516d35ba4\",\r\n  \"status\"\
        : \"Created\",\r\n  \"startTime\": \"2017-08-25T16:03:54.1690543Z\",\r\n \
        \ \"endTime\": \"0001-01-01T00:00:00\",\r\n  \"percentComplete\": 0.0\r\n}"}
    headers:
      Cache-Control: [no-cache]
      Content-Type: [application/json]
      Date: ['Fri, 25 Aug 2017 16:06:35 GMT']
      Expires: ['-1']
      Pragma: [no-cache]
      Server: [Microsoft-HTTPAPI/2.0, Microsoft-HTTPAPI/2.0]
      Strict-Transport-Security: [max-age=31536000; includeSubDomains]
      Transfer-Encoding: [chunked]
      Vary: [Accept-Encoding]
      X-Content-Type-Options: [nosniff]
      content-length: ['353']
    status: {code: 200, message: OK}
- request:
    body: null
    headers:
      Accept: [application/json]
      Accept-Encoding: ['gzip, deflate']
      Connection: [keep-alive]
      Content-Type: [application/json; charset=utf-8]
      User-Agent: [python/3.6.1 (Windows-10-10.0.15063-SP0) requests/2.9.1 msrest/0.4.14
          msrest_azure/0.4.12 azure-mgmt-servicefabric/0.1.0 Azure-SDK-For-Python
          AZURECLI/TEST/2.0.13+dev]
      accept-language: [en-US]
      x-ms-client-request-id: [fe15b074-89ae-11e7-88de-185e0fecfac1]
    method: GET
    uri: https://management.azure.com/subscriptions/00000000-0000-0000-0000-000000000000/providers/Microsoft.ServiceFabric/locations/westus/operations/96e315b6-882f-482f-99b7-0ad516d35ba4?api-version=2016-09-01
  response:
    body: {string: "{\r\n  \"id\": \"/subscriptions/00000000-0000-0000-0000-000000000000/providers/Microsoft.ServiceFabric/locations/westus/operations/96e315b6-882f-482f-99b7-0ad516d35ba4\"\
        ,\r\n  \"name\": \"96e315b6-882f-482f-99b7-0ad516d35ba4\",\r\n  \"status\"\
        : \"Succeeded\",\r\n  \"startTime\": \"2017-08-25T16:03:54.1690543Z\",\r\n\
        \  \"endTime\": \"2017-08-25T16:06:41.6245734Z\",\r\n  \"percentComplete\"\
        : 100.0\r\n}"}
    headers:
      Cache-Control: [no-cache]
      Content-Type: [application/json]
      Date: ['Fri, 25 Aug 2017 16:07:05 GMT']
      Expires: ['-1']
      Pragma: [no-cache]
      Server: [Microsoft-HTTPAPI/2.0, Microsoft-HTTPAPI/2.0]
      Strict-Transport-Security: [max-age=31536000; includeSubDomains]
      Transfer-Encoding: [chunked]
      Vary: [Accept-Encoding]
      X-Content-Type-Options: [nosniff]
      content-length: ['366']
    status: {code: 200, message: OK}
- request:
    body: null
    headers:
      Accept: [application/json]
      Accept-Encoding: ['gzip, deflate']
      Connection: [keep-alive]
      Content-Type: [application/json; charset=utf-8]
      User-Agent: [python/3.6.1 (Windows-10-10.0.15063-SP0) requests/2.9.1 msrest/0.4.14
          msrest_azure/0.4.12 azure-mgmt-servicefabric/0.1.0 Azure-SDK-For-Python
          AZURECLI/TEST/2.0.13+dev]
      accept-language: [en-US]
      x-ms-client-request-id: [fe15b074-89ae-11e7-88de-185e0fecfac1]
    method: GET
    uri: https://management.azure.com/subscriptions/00000000-0000-0000-0000-000000000000/resourceGroups/sfcli1/providers/Microsoft.ServiceFabric/clusters/sfcli1?api-version=2016-09-01
  response:
    body: {string: "{\r\n  \"type\": \"Microsoft.ServiceFabric/clusters\",\r\n  \"\
        location\": \"westus\",\r\n  \"id\": \"/subscriptions/00000000-0000-0000-0000-000000000000/resourcegroups/sfcli1/providers/Microsoft.ServiceFabric/clusters/sfcli1\"\
        ,\r\n  \"name\": \"sfcli1\",\r\n  \"tags\": {},\r\n  \"etag\": \"W/\\\"636392724620660748\\\
        \"\",\r\n  \"properties\": {\r\n    \"provisioningState\": \"Succeeded\",\r\
        \n    \"clusterId\": \"0734fe55-d1c3-4d9d-b69f-a0e352ad10b2\",\r\n    \"clusterCodeVersion\"\
        : \"5.7.198.9494\",\r\n    \"clusterState\": \"Ready\",\r\n    \"managementEndpoint\"\
        : \"https://sfcli1.westus.cloudapp.azure.com:19080\",\r\n    \"clusterEndpoint\"\
        : \"https://westus.servicefabric.azure.com/runtime/clusters/0734fe55-d1c3-4d9d-b69f-a0e352ad10b2\"\
        ,\r\n    \"certificate\": {\r\n      \"thumbprint\": \"F308E293581E4032A1B29D7118D8D3E2BDC2A1D0\"\
        ,\r\n      \"x509StoreName\": \"My\"\r\n    },\r\n    \"clientCertificateThumbprints\"\
        : [],\r\n    \"clientCertificateCommonNames\": [],\r\n    \"fabricSettings\"\
        : [\r\n      {\r\n        \"name\": \"Security\",\r\n        \"parameters\"\
        : [\r\n          {\r\n            \"name\": \"ClusterProtectionLevel\",\r\n\
        \            \"value\": \"EncryptAndSign\"\r\n          }\r\n        ]\r\n\
        \      }\r\n    ],\r\n    \"upgradeDescription\": {\r\n      \"overrideUserUpgradePolicy\"\
        : false,\r\n      \"forceRestart\": false,\r\n      \"upgradeReplicaSetCheckTimeout\"\
        : \"05:00:00\",\r\n      \"healthCheckWaitDuration\": \"00:00:02\",\r\n  \
        \    \"healthCheckStableDuration\": \"00:00:02\",\r\n      \"healthCheckRetryTimeout\"\
        : \"00:00:02\",\r\n      \"upgradeTimeout\": \"06:00:00\",\r\n      \"upgradeDomainTimeout\"\
        : \"02:00:00\"\r\n    },\r\n    \"diagnosticsStorageAccountConfig\": {\r\n\
        \      \"storageAccountName\": \"johunj27dl4cm2\",\r\n      \"protectedAccountKeyName\"\
        : \"StorageAccountKey1\",\r\n      \"blobEndpoint\": \"https://johunj27dl4cm2.blob.core.windows.net/\"\
        ,\r\n      \"queueEndpoint\": \"https://johunj27dl4cm2.queue.core.windows.net/\"\
        ,\r\n      \"tableEndpoint\": \"https://johunj27dl4cm2.table.core.windows.net/\"\
        \r\n    },\r\n    \"nodeTypes\": [\r\n      {\r\n        \"name\": \"nt1vm\"\
        ,\r\n        \"clientConnectionEndpointPort\": 19000,\r\n        \"httpGatewayEndpointPort\"\
        : 19080,\r\n        \"applicationPorts\": {\r\n          \"startPort\": 20000,\r\
        \n          \"endPort\": 30000\r\n        },\r\n        \"ephemeralPorts\"\
        : {\r\n          \"startPort\": 49152,\r\n          \"endPort\": 65534\r\n\
        \        },\r\n        \"isPrimary\": true,\r\n        \"vmInstanceCount\"\
        : 1,\r\n        \"durabilityLevel\": \"Bronze\"\r\n      }\r\n    ],\r\n \
        \   \"vmImage\": \"Windows\",\r\n    \"reliabilityLevel\": \"None\",\r\n \
        \   \"upgradeMode\": \"Automatic\",\r\n    \"availableClusterVersions\": [\r\
        \n      {\r\n        \"codeVersion\": \"5.7.198.9494\",\r\n        \"supportExpiryUtc\"\
        : \"9999-12-31T23:59:59.9999999\",\r\n        \"environment\": \"Windows\"\
        \r\n      },\r\n      {\r\n        \"codeVersion\": \"5.7.207.9494\",\r\n\
        \        \"supportExpiryUtc\": \"9999-12-31T23:59:59.9999999\",\r\n      \
        \  \"environment\": \"Windows\"\r\n      }\r\n    ]\r\n  }\r\n}"}
    headers:
      Cache-Control: [no-cache]
      Content-Type: [application/json]
      Date: ['Fri, 25 Aug 2017 16:07:06 GMT']
      Expires: ['-1']
      Pragma: [no-cache]
      Server: [Microsoft-HTTPAPI/2.0, Microsoft-HTTPAPI/2.0]
      Strict-Transport-Security: [max-age=31536000; includeSubDomains]
      Transfer-Encoding: [chunked]
      Vary: [Accept-Encoding]
      X-Content-Type-Options: [nosniff]
      content-length: ['2766']
    status: {code: 200, message: OK}
version: 1
