interactions:
- request:
    body: null
    headers:
      Accept: [application/json]
      Accept-Encoding: ['gzip, deflate']
      Connection: [keep-alive]
      Content-Length: ['0']
      Content-Type: [application/json; charset=utf-8]
      User-Agent: [python/2.7.13 (Darwin-16.3.0-x86_64-i386-64bit) requests/2.9.1
          msrest/0.4.4 msrest_azure/0.4.6 storagemanagementclient/0.31.0 Azure-SDK-For-Python
          AZURECLI/TEST/0.1.1b2+dev]
      accept-language: [en-US]
      x-ms-client-request-id: [edef7b42-e1ae-11e6-b91d-3c15c2cf0610]
    method: POST
    uri: https://management.azure.com/subscriptions/00000000-0000-0000-0000-000000000000/resourceGroups/vcr_resource_group/providers/Microsoft.Storage/storageAccounts/dummystorage.listKeys?api-version=2016-12-01
  response:
    body: {string: !!python/unicode '{"keys":[{"keyName":"key1","permissions":"Full","value":"1GG66zuBrQ5nZF5uM8VAZuCqcezcYtDPVem0J6TLAc8MPmJk0VSnd4fZLVYLvIk7uvCE/uV7+4wCFcTcVdVwbQ=="},{"keyName":"key2","permissions":"Full","value":"12Z63rxXflpm2ATKWn/Wf7Ig3l0rn7SgocBaE9XxgtOdpnNyqnQCaaUw5FhL+U8OeoepaiaeV82q1HQIhOn0tQ=="}]}

        '}
    headers:
      cache-control: [no-cache]
      content-length: ['289']
      content-type: [application/json]
      date: ['Mon, 23 Jan 2017 21:00:10 GMT']
      expires: ['-1']
      pragma: [no-cache]
      server: [Microsoft-Azure-Storage-Resource-Provider/1.0, Microsoft-HTTPAPI/2.0]
      strict-transport-security: [max-age=31536000; includeSubDomains]
      transfer-encoding: [chunked]
      vary: [Accept-Encoding]
      x-ms-ratelimit-remaining-subscription-writes: ['1192']
    status: {code: 200, message: OK}
- request:
    body: null
    headers:
      Connection: [keep-alive]
      User-Agent: [Azure-Storage/0.33.0 (Python CPython 2.7.13; Darwin 16.3.0) AZURECLI/0.1.1b2+dev]
      x-ms-client-request-id: [bf322142-e1ae-11e6-aa6d-3c15c2cf0610]
      x-ms-date: ['Mon, 23 Jan 2017 21:00:12 GMT']
      x-ms-version: ['2015-07-08']
    method: GET
    uri: https://dummystorage.file.core.windows.net/acltestshare?comp=acl&restype=share
  response:
    body: {string: "\uFEFF<?xml version=\"1.0\" encoding=\"utf-8\"?><SignedIdentifiers\
        \ />"}
    headers:
      content-type: [application/xml]
      date: ['Mon, 23 Jan 2017 21:00:11 GMT']
      etag: ['"0x8D443D2D1F57FA2"']
      last-modified: ['Mon, 23 Jan 2017 21:00:11 GMT']
      server: [Windows-Azure-File/1.0 Microsoft-HTTPAPI/2.0]
      transfer-encoding: [chunked]
      x-ms-version: ['2015-07-08']
    status: {code: 200, message: OK}
- request:
    body: null
    headers:
      Connection: [keep-alive]
      User-Agent: [Azure-Storage/0.33.0 (Python CPython 2.7.13; Darwin 16.3.0) AZURECLI/0.1.1b2+dev]
      x-ms-client-request-id: [bf322142-e1ae-11e6-aa6d-3c15c2cf0610]
      x-ms-date: ['Mon, 23 Jan 2017 21:00:13 GMT']
      x-ms-version: ['2015-07-08']
    method: GET
    uri: https://dummystorage.file.core.windows.net/acltestshare?comp=acl&restype=share
  response:
    body: {string: "\uFEFF<?xml version=\"1.0\" encoding=\"utf-8\"?><SignedIdentifiers\
        \ />"}
    headers:
      content-type: [application/xml]
      date: ['Mon, 23 Jan 2017 21:00:14 GMT']
      etag: ['"0x8D443D2D1F57FA2"']
      last-modified: ['Mon, 23 Jan 2017 21:00:11 GMT']
      server: [Windows-Azure-File/1.0 Microsoft-HTTPAPI/2.0]
      transfer-encoding: [chunked]
      x-ms-version: ['2015-07-08']
    status: {code: 200, message: OK}
- request:
    body: !!python/unicode '<?xml version=''1.0'' encoding=''utf-8''?>

      <SignedIdentifiers><SignedIdentifier><Id>test1</Id><AccessPolicy><Permission>l</Permission></AccessPolicy></SignedIdentifier></SignedIdentifiers>'
    headers:
      Connection: [keep-alive]
      Content-Length: ['184']
      User-Agent: [Azure-Storage/0.33.0 (Python CPython 2.7.13; Darwin 16.3.0) AZURECLI/0.1.1b2+dev]
      x-ms-client-request-id: [bf322142-e1ae-11e6-aa6d-3c15c2cf0610]
      x-ms-date: ['Mon, 23 Jan 2017 21:00:13 GMT']
      x-ms-version: ['2015-07-08']
    method: PUT
    uri: https://dummystorage.file.core.windows.net/acltestshare?comp=acl&restype=share
  response:
    body: {string: !!python/unicode ''}
    headers:
      date: ['Mon, 23 Jan 2017 21:00:14 GMT']
      etag: ['"0x8D443D2D3D03DBF"']
      last-modified: ['Mon, 23 Jan 2017 21:00:14 GMT']
      server: [Windows-Azure-File/1.0 Microsoft-HTTPAPI/2.0]
      transfer-encoding: [chunked]
      x-ms-version: ['2015-07-08']
    status: {code: 200, message: OK}
- request:
    body: null
    headers:
      Connection: [keep-alive]
      User-Agent: [Azure-Storage/0.33.0 (Python CPython 2.7.13; Darwin 16.3.0) AZURECLI/0.1.1b2+dev]
      x-ms-client-request-id: [bf322142-e1ae-11e6-aa6d-3c15c2cf0610]
      x-ms-date: ['Mon, 23 Jan 2017 21:00:15 GMT']
      x-ms-version: ['2015-07-08']
    method: GET
    uri: https://dummystorage.file.core.windows.net/acltestshare?comp=acl&restype=share
  response:
    body: {string: "\uFEFF<?xml version=\"1.0\" encoding=\"utf-8\"?><SignedIdentifiers><SignedIdentifier><Id>test1</Id><AccessPolicy><Permission>l</Permission></AccessPolicy></SignedIdentifier></SignedIdentifiers>"}
    headers:
      content-type: [application/xml]
      date: ['Mon, 23 Jan 2017 21:00:15 GMT']
      etag: ['"0x8D443D2D3D03DBF"']
      last-modified: ['Mon, 23 Jan 2017 21:00:14 GMT']
      server: [Windows-Azure-File/1.0 Microsoft-HTTPAPI/2.0]
      transfer-encoding: [chunked]
      x-ms-version: ['2015-07-08']
    status: {code: 200, message: OK}
- request:
    body: !!python/unicode '<?xml version=''1.0'' encoding=''utf-8''?>

      <SignedIdentifiers><SignedIdentifier><Id>test1</Id><AccessPolicy><Permission>l</Permission></AccessPolicy></SignedIdentifier><SignedIdentifier><Id>test2</Id><AccessPolicy><Start>2016-01-01T00:00Z</Start></AccessPolicy></SignedIdentifier></SignedIdentifiers>'
    headers:
      Connection: [keep-alive]
      Content-Length: ['296']
      User-Agent: [Azure-Storage/0.33.0 (Python CPython 2.7.13; Darwin 16.3.0) AZURECLI/0.1.1b2+dev]
      x-ms-client-request-id: [bf322142-e1ae-11e6-aa6d-3c15c2cf0610]
      x-ms-date: ['Mon, 23 Jan 2017 21:00:15 GMT']
      x-ms-version: ['2015-07-08']
    method: PUT
    uri: https://dummystorage.file.core.windows.net/acltestshare?comp=acl&restype=share
  response:
    body: {string: !!python/unicode ''}
    headers:
      date: ['Mon, 23 Jan 2017 21:00:15 GMT']
      etag: ['"0x8D443D2D4BBE030"']
      last-modified: ['Mon, 23 Jan 2017 21:00:15 GMT']
      server: [Windows-Azure-File/1.0 Microsoft-HTTPAPI/2.0]
      transfer-encoding: [chunked]
      x-ms-version: ['2015-07-08']
    status: {code: 200, message: OK}
- request:
    body: null
    headers:
      Connection: [keep-alive]
      User-Agent: [Azure-Storage/0.33.0 (Python CPython 2.7.13; Darwin 16.3.0) AZURECLI/0.1.1b2+dev]
      x-ms-client-request-id: [bf322142-e1ae-11e6-aa6d-3c15c2cf0610]
      x-ms-date: ['Mon, 23 Jan 2017 21:00:17 GMT']
      x-ms-version: ['2015-07-08']
    method: GET
    uri: https://dummystorage.file.core.windows.net/acltestshare?comp=acl&restype=share
  response:
    body: {string: "\uFEFF<?xml version=\"1.0\" encoding=\"utf-8\"?><SignedIdentifiers><SignedIdentifier><Id>test1</Id><AccessPolicy><Permission>l</Permission></AccessPolicy></SignedIdentifier><SignedIdentifier><Id>test2</Id><AccessPolicy><Start>2016-01-01T00:00:00.0000000Z</Start></AccessPolicy></SignedIdentifier></SignedIdentifiers>"}
    headers:
      content-type: [application/xml]
      date: ['Mon, 23 Jan 2017 21:00:16 GMT']
      etag: ['"0x8D443D2D4BBE030"']
      last-modified: ['Mon, 23 Jan 2017 21:00:15 GMT']
      server: [Windows-Azure-File/1.0 Microsoft-HTTPAPI/2.0]
      transfer-encoding: [chunked]
      x-ms-version: ['2015-07-08']
    status: {code: 200, message: OK}
- request:
    body: !!python/unicode '<?xml version=''1.0'' encoding=''utf-8''?>

      <SignedIdentifiers><SignedIdentifier><Id>test1</Id><AccessPolicy><Permission>l</Permission></AccessPolicy></SignedIdentifier><SignedIdentifier><Id>test3</Id><AccessPolicy><Expiry>2018-01-01T00:00Z</Expiry></AccessPolicy></SignedIdentifier><SignedIdentifier><Id>test2</Id><AccessPolicy><Start>2016-01-01T00:00:00Z</Start></AccessPolicy></SignedIdentifier></SignedIdentifiers>'
    headers:
      Connection: [keep-alive]
      Content-Length: ['413']
      User-Agent: [Azure-Storage/0.33.0 (Python CPython 2.7.13; Darwin 16.3.0) AZURECLI/0.1.1b2+dev]
      x-ms-client-request-id: [bf322142-e1ae-11e6-aa6d-3c15c2cf0610]
      x-ms-date: ['Mon, 23 Jan 2017 21:00:17 GMT']
      x-ms-version: ['2015-07-08']
    method: PUT
    uri: https://dummystorage.file.core.windows.net/acltestshare?comp=acl&restype=share
  response:
    body: {string: !!python/unicode ''}
    headers:
      date: ['Mon, 23 Jan 2017 21:00:17 GMT']
      etag: ['"0x8D443D2D6143DBE"']
      last-modified: ['Mon, 23 Jan 2017 21:00:17 GMT']
      server: [Windows-Azure-File/1.0 Microsoft-HTTPAPI/2.0]
      transfer-encoding: [chunked]
      x-ms-version: ['2015-07-08']
    status: {code: 200, message: OK}
- request:
    body: null
    headers:
      Connection: [keep-alive]
      User-Agent: [Azure-Storage/0.33.0 (Python CPython 2.7.13; Darwin 16.3.0) AZURECLI/0.1.1b2+dev]
      x-ms-client-request-id: [bf322142-e1ae-11e6-aa6d-3c15c2cf0610]
      x-ms-date: ['Mon, 23 Jan 2017 21:00:19 GMT']
      x-ms-version: ['2015-07-08']
    method: GET
    uri: https://dummystorage.file.core.windows.net/acltestshare?comp=acl&restype=share
  response:
    body: {string: "\uFEFF<?xml version=\"1.0\" encoding=\"utf-8\"?><SignedIdentifiers><SignedIdentifier><Id>test1</Id><AccessPolicy><Permission>l</Permission></AccessPolicy></SignedIdentifier><SignedIdentifier><Id>test3</Id><AccessPolicy><Expiry>2018-01-01T00:00:00.0000000Z</Expiry></AccessPolicy></SignedIdentifier><SignedIdentifier><Id>test2</Id><AccessPolicy><Start>2016-01-01T00:00:00.0000000Z</Start></AccessPolicy></SignedIdentifier></SignedIdentifiers>"}
    headers:
      content-type: [application/xml]
      date: ['Mon, 23 Jan 2017 21:00:17 GMT']
      etag: ['"0x8D443D2D6143DBE"']
      last-modified: ['Mon, 23 Jan 2017 21:00:17 GMT']
      server: [Windows-Azure-File/1.0 Microsoft-HTTPAPI/2.0]
      transfer-encoding: [chunked]
      x-ms-version: ['2015-07-08']
    status: {code: 200, message: OK}
- request:
    body: !!python/unicode '<?xml version=''1.0'' encoding=''utf-8''?>

      <SignedIdentifiers><SignedIdentifier><Id>test1</Id><AccessPolicy><Permission>l</Permission></AccessPolicy></SignedIdentifier><SignedIdentifier><Id>test3</Id><AccessPolicy><Expiry>2018-01-01T00:00:00Z</Expiry></AccessPolicy></SignedIdentifier><SignedIdentifier><Id>test2</Id><AccessPolicy><Start>2016-01-01T00:00:00Z</Start></AccessPolicy></SignedIdentifier><SignedIdentifier><Id>test4</Id><AccessPolicy><Start>2016-01-01T00:00Z</Start><Expiry>2016-05-01T00:00Z</Expiry><Permission>rwdl</Permission></AccessPolicy></SignedIdentifier></SignedIdentifiers>'
    headers:
      Connection: [keep-alive]
      Content-Length: ['591']
      User-Agent: [Azure-Storage/0.33.0 (Python CPython 2.7.13; Darwin 16.3.0) AZURECLI/0.1.1b2+dev]
      x-ms-client-request-id: [bf322142-e1ae-11e6-aa6d-3c15c2cf0610]
      x-ms-date: ['Mon, 23 Jan 2017 21:00:19 GMT']
      x-ms-version: ['2015-07-08']
    method: PUT
    uri: https://dummystorage.file.core.windows.net/acltestshare?comp=acl&restype=share
  response:
    body: {string: !!python/unicode ''}
    headers:
      date: ['Mon, 23 Jan 2017 21:00:18 GMT']
      etag: ['"0x8D443D2D733F354"']
      last-modified: ['Mon, 23 Jan 2017 21:00:19 GMT']
      server: [Windows-Azure-File/1.0 Microsoft-HTTPAPI/2.0]
      transfer-encoding: [chunked]
      x-ms-version: ['2015-07-08']
    status: {code: 200, message: OK}
- request:
    body: null
    headers:
      Connection: [keep-alive]
      User-Agent: [Azure-Storage/0.33.0 (Python CPython 2.7.13; Darwin 16.3.0) AZURECLI/0.1.1b2+dev]
      x-ms-client-request-id: [bf322142-e1ae-11e6-aa6d-3c15c2cf0610]
      x-ms-date: ['Mon, 23 Jan 2017 21:00:21 GMT']
      x-ms-version: ['2015-07-08']
    method: GET
    uri: https://dummystorage.file.core.windows.net/acltestshare?comp=acl&restype=share
  response:
    body: {string: "\uFEFF<?xml version=\"1.0\" encoding=\"utf-8\"?><SignedIdentifiers><SignedIdentifier><Id>test1</Id><AccessPolicy><Permission>l</Permission></AccessPolicy></SignedIdentifier><SignedIdentifier><Id>test3</Id><AccessPolicy><Expiry>2018-01-01T00:00:00.0000000Z</Expiry></AccessPolicy></SignedIdentifier><SignedIdentifier><Id>test2</Id><AccessPolicy><Start>2016-01-01T00:00:00.0000000Z</Start></AccessPolicy></SignedIdentifier><SignedIdentifier><Id>test4</Id><AccessPolicy><Start>2016-01-01T00:00:00.0000000Z</Start><Expiry>2016-05-01T00:00:00.0000000Z</Expiry><Permission>rwdl</Permission></AccessPolicy></SignedIdentifier></SignedIdentifiers>"}
    headers:
      content-type: [application/xml]
      date: ['Mon, 23 Jan 2017 21:00:22 GMT']
      etag: ['"0x8D443D2D733F354"']
      last-modified: ['Mon, 23 Jan 2017 21:00:19 GMT']
      server: [Windows-Azure-File/1.0 Microsoft-HTTPAPI/2.0]
      transfer-encoding: [chunked]
      x-ms-version: ['2015-07-08']
    status: {code: 200, message: OK}
- request:
    body: null
    headers:
      Connection: [keep-alive]
      User-Agent: [Azure-Storage/0.33.0 (Python CPython 2.7.13; Darwin 16.3.0) AZURECLI/0.1.1b2+dev]
      x-ms-client-request-id: [bf322142-e1ae-11e6-aa6d-3c15c2cf0610]
      x-ms-date: ['Mon, 23 Jan 2017 21:00:22 GMT']
      x-ms-version: ['2015-07-08']
    method: GET
    uri: https://dummystorage.file.core.windows.net/acltestshare?comp=acl&restype=share
  response:
    body: {string: "\uFEFF<?xml version=\"1.0\" encoding=\"utf-8\"?><SignedIdentifiers><SignedIdentifier><Id>test1</Id><AccessPolicy><Permission>l</Permission></AccessPolicy></SignedIdentifier><SignedIdentifier><Id>test3</Id><AccessPolicy><Expiry>2018-01-01T00:00:00.0000000Z</Expiry></AccessPolicy></SignedIdentifier><SignedIdentifier><Id>test2</Id><AccessPolicy><Start>2016-01-01T00:00:00.0000000Z</Start></AccessPolicy></SignedIdentifier><SignedIdentifier><Id>test4</Id><AccessPolicy><Start>2016-01-01T00:00:00.0000000Z</Start><Expiry>2016-05-01T00:00:00.0000000Z</Expiry><Permission>rwdl</Permission></AccessPolicy></SignedIdentifier></SignedIdentifiers>"}
    headers:
      content-type: [application/xml]
      date: ['Mon, 23 Jan 2017 21:00:22 GMT']
      etag: ['"0x8D443D2D733F354"']
      last-modified: ['Mon, 23 Jan 2017 21:00:19 GMT']
      server: [Windows-Azure-File/1.0 Microsoft-HTTPAPI/2.0]
      transfer-encoding: [chunked]
      x-ms-version: ['2015-07-08']
    status: {code: 200, message: OK}
- request:
    body: null
    headers:
      Connection: [keep-alive]
      User-Agent: [Azure-Storage/0.33.0 (Python CPython 2.7.13; Darwin 16.3.0) AZURECLI/0.1.1b2+dev]
      x-ms-client-request-id: [bf322142-e1ae-11e6-aa6d-3c15c2cf0610]
      x-ms-date: ['Mon, 23 Jan 2017 21:00:24 GMT']
      x-ms-version: ['2015-07-08']
    method: GET
    uri: https://dummystorage.file.core.windows.net/acltestshare?comp=acl&restype=share
  response:
    body: {string: "\uFEFF<?xml version=\"1.0\" encoding=\"utf-8\"?><SignedIdentifiers><SignedIdentifier><Id>test1</Id><AccessPolicy><Permission>l</Permission></AccessPolicy></SignedIdentifier><SignedIdentifier><Id>test3</Id><AccessPolicy><Expiry>2018-01-01T00:00:00.0000000Z</Expiry></AccessPolicy></SignedIdentifier><SignedIdentifier><Id>test2</Id><AccessPolicy><Start>2016-01-01T00:00:00.0000000Z</Start></AccessPolicy></SignedIdentifier><SignedIdentifier><Id>test4</Id><AccessPolicy><Start>2016-01-01T00:00:00.0000000Z</Start><Expiry>2016-05-01T00:00:00.0000000Z</Expiry><Permission>rwdl</Permission></AccessPolicy></SignedIdentifier></SignedIdentifiers>"}
    headers:
      content-type: [application/xml]
      date: ['Mon, 23 Jan 2017 21:00:24 GMT']
      etag: ['"0x8D443D2D733F354"']
      last-modified: ['Mon, 23 Jan 2017 21:00:19 GMT']
      server: [Windows-Azure-File/1.0 Microsoft-HTTPAPI/2.0]
      transfer-encoding: [chunked]
      x-ms-version: ['2015-07-08']
    status: {code: 200, message: OK}
- request:
    body: null
    headers:
      Connection: [keep-alive]
      User-Agent: [Azure-Storage/0.33.0 (Python CPython 2.7.13; Darwin 16.3.0) AZURECLI/0.1.1b2+dev]
      x-ms-client-request-id: [bf322142-e1ae-11e6-aa6d-3c15c2cf0610]
      x-ms-date: ['Mon, 23 Jan 2017 21:00:26 GMT']
      x-ms-version: ['2015-07-08']
    method: GET
    uri: https://dummystorage.file.core.windows.net/acltestshare?comp=acl&restype=share
  response:
    body: {string: "\uFEFF<?xml version=\"1.0\" encoding=\"utf-8\"?><SignedIdentifiers><SignedIdentifier><Id>test1</Id><AccessPolicy><Permission>l</Permission></AccessPolicy></SignedIdentifier><SignedIdentifier><Id>test3</Id><AccessPolicy><Expiry>2018-01-01T00:00:00.0000000Z</Expiry></AccessPolicy></SignedIdentifier><SignedIdentifier><Id>test2</Id><AccessPolicy><Start>2016-01-01T00:00:00.0000000Z</Start></AccessPolicy></SignedIdentifier><SignedIdentifier><Id>test4</Id><AccessPolicy><Start>2016-01-01T00:00:00.0000000Z</Start><Expiry>2016-05-01T00:00:00.0000000Z</Expiry><Permission>rwdl</Permission></AccessPolicy></SignedIdentifier></SignedIdentifiers>"}
    headers:
      content-type: [application/xml]
      date: ['Mon, 23 Jan 2017 21:00:25 GMT']
      etag: ['"0x8D443D2D733F354"']
      last-modified: ['Mon, 23 Jan 2017 21:00:19 GMT']
      server: [Windows-Azure-File/1.0 Microsoft-HTTPAPI/2.0]
      transfer-encoding: [chunked]
      x-ms-version: ['2015-07-08']
    status: {code: 200, message: OK}
- request:
    body: null
    headers:
      Connection: [keep-alive]
      User-Agent: [Azure-Storage/0.33.0 (Python CPython 2.7.13; Darwin 16.3.0) AZURECLI/0.1.1b2+dev]
      x-ms-client-request-id: [bf322142-e1ae-11e6-aa6d-3c15c2cf0610]
      x-ms-date: ['Mon, 23 Jan 2017 21:00:28 GMT']
      x-ms-version: ['2015-07-08']
    method: GET
    uri: https://dummystorage.file.core.windows.net/acltestshare?comp=acl&restype=share
  response:
    body: {string: "\uFEFF<?xml version=\"1.0\" encoding=\"utf-8\"?><SignedIdentifiers><SignedIdentifier><Id>test1</Id><AccessPolicy><Permission>l</Permission></AccessPolicy></SignedIdentifier><SignedIdentifier><Id>test3</Id><AccessPolicy><Expiry>2018-01-01T00:00:00.0000000Z</Expiry></AccessPolicy></SignedIdentifier><SignedIdentifier><Id>test2</Id><AccessPolicy><Start>2016-01-01T00:00:00.0000000Z</Start></AccessPolicy></SignedIdentifier><SignedIdentifier><Id>test4</Id><AccessPolicy><Start>2016-01-01T00:00:00.0000000Z</Start><Expiry>2016-05-01T00:00:00.0000000Z</Expiry><Permission>rwdl</Permission></AccessPolicy></SignedIdentifier></SignedIdentifiers>"}
    headers:
      content-type: [application/xml]
      date: ['Mon, 23 Jan 2017 21:00:28 GMT']
      etag: ['"0x8D443D2D733F354"']
      last-modified: ['Mon, 23 Jan 2017 21:00:19 GMT']
      server: [Windows-Azure-File/1.0 Microsoft-HTTPAPI/2.0]
      transfer-encoding: [chunked]
      x-ms-version: ['2015-07-08']
    status: {code: 200, message: OK}
- request:
    body: null
    headers:
      Connection: [keep-alive]
      User-Agent: [Azure-Storage/0.33.0 (Python CPython 2.7.13; Darwin 16.3.0) AZURECLI/0.1.1b2+dev]
      x-ms-client-request-id: [bf322142-e1ae-11e6-aa6d-3c15c2cf0610]
      x-ms-date: ['Mon, 23 Jan 2017 21:00:30 GMT']
      x-ms-version: ['2015-07-08']
    method: GET
    uri: https://dummystorage.file.core.windows.net/acltestshare?comp=acl&restype=share
  response:
    body: {string: "\uFEFF<?xml version=\"1.0\" encoding=\"utf-8\"?><SignedIdentifiers><SignedIdentifier><Id>test1</Id><AccessPolicy><Permission>l</Permission></AccessPolicy></SignedIdentifier><SignedIdentifier><Id>test3</Id><AccessPolicy><Expiry>2018-01-01T00:00:00.0000000Z</Expiry></AccessPolicy></SignedIdentifier><SignedIdentifier><Id>test2</Id><AccessPolicy><Start>2016-01-01T00:00:00.0000000Z</Start></AccessPolicy></SignedIdentifier><SignedIdentifier><Id>test4</Id><AccessPolicy><Start>2016-01-01T00:00:00.0000000Z</Start><Expiry>2016-05-01T00:00:00.0000000Z</Expiry><Permission>rwdl</Permission></AccessPolicy></SignedIdentifier></SignedIdentifiers>"}
    headers:
      content-type: [application/xml]
      date: ['Mon, 23 Jan 2017 21:00:29 GMT']
      etag: ['"0x8D443D2D733F354"']
      last-modified: ['Mon, 23 Jan 2017 21:00:19 GMT']
      server: [Windows-Azure-File/1.0 Microsoft-HTTPAPI/2.0]
      transfer-encoding: [chunked]
      x-ms-version: ['2015-07-08']
    status: {code: 200, message: OK}
- request:
    body: !!python/unicode '<?xml version=''1.0'' encoding=''utf-8''?>

      <SignedIdentifiers><SignedIdentifier><Id>test1</Id><AccessPolicy><Permission>r</Permission></AccessPolicy></SignedIdentifier><SignedIdentifier><Id>test3</Id><AccessPolicy><Expiry>2018-01-01T00:00:00Z</Expiry></AccessPolicy></SignedIdentifier><SignedIdentifier><Id>test2</Id><AccessPolicy><Start>2016-01-01T00:00:00Z</Start></AccessPolicy></SignedIdentifier><SignedIdentifier><Id>test4</Id><AccessPolicy><Start>2016-01-01T00:00:00Z</Start><Expiry>2016-05-01T00:00:00Z</Expiry><Permission>rwdl</Permission></AccessPolicy></SignedIdentifier></SignedIdentifiers>'
    headers:
      Connection: [keep-alive]
      Content-Length: ['597']
      User-Agent: [Azure-Storage/0.33.0 (Python CPython 2.7.13; Darwin 16.3.0) AZURECLI/0.1.1b2+dev]
      x-ms-client-request-id: [bf322142-e1ae-11e6-aa6d-3c15c2cf0610]
      x-ms-date: ['Mon, 23 Jan 2017 21:00:30 GMT']
      x-ms-version: ['2015-07-08']
    method: PUT
    uri: https://dummystorage.file.core.windows.net/acltestshare?comp=acl&restype=share
  response:
    body: {string: !!python/unicode ''}
    headers:
      date: ['Mon, 23 Jan 2017 21:00:30 GMT']
      etag: ['"0x8D443D2DDAA206B"']
      last-modified: ['Mon, 23 Jan 2017 21:00:30 GMT']
      server: [Windows-Azure-File/1.0 Microsoft-HTTPAPI/2.0]
      transfer-encoding: [chunked]
      x-ms-version: ['2015-07-08']
    status: {code: 200, message: OK}
- request:
    body: null
    headers:
      Connection: [keep-alive]
      User-Agent: [Azure-Storage/0.33.0 (Python CPython 2.7.13; Darwin 16.3.0) AZURECLI/0.1.1b2+dev]
      x-ms-client-request-id: [bf322142-e1ae-11e6-aa6d-3c15c2cf0610]
      x-ms-date: ['Mon, 23 Jan 2017 21:00:32 GMT']
      x-ms-version: ['2015-07-08']
    method: GET
    uri: https://dummystorage.file.core.windows.net/acltestshare?comp=acl&restype=share
  response:
    body: {string: "\uFEFF<?xml version=\"1.0\" encoding=\"utf-8\"?><SignedIdentifiers><SignedIdentifier><Id>test1</Id><AccessPolicy><Permission>r</Permission></AccessPolicy></SignedIdentifier><SignedIdentifier><Id>test3</Id><AccessPolicy><Expiry>2018-01-01T00:00:00.0000000Z</Expiry></AccessPolicy></SignedIdentifier><SignedIdentifier><Id>test2</Id><AccessPolicy><Start>2016-01-01T00:00:00.0000000Z</Start></AccessPolicy></SignedIdentifier><SignedIdentifier><Id>test4</Id><AccessPolicy><Start>2016-01-01T00:00:00.0000000Z</Start><Expiry>2016-05-01T00:00:00.0000000Z</Expiry><Permission>rwdl</Permission></AccessPolicy></SignedIdentifier></SignedIdentifiers>"}
    headers:
      content-type: [application/xml]
      date: ['Mon, 23 Jan 2017 21:00:32 GMT']
      etag: ['"0x8D443D2DDAA206B"']
      last-modified: ['Mon, 23 Jan 2017 21:00:30 GMT']
      server: [Windows-Azure-File/1.0 Microsoft-HTTPAPI/2.0]
      transfer-encoding: [chunked]
      x-ms-version: ['2015-07-08']
    status: {code: 200, message: OK}
- request:
    body: null
    headers:
      Connection: [keep-alive]
      User-Agent: [Azure-Storage/0.33.0 (Python CPython 2.7.13; Darwin 16.3.0) AZURECLI/0.1.1b2+dev]
      x-ms-client-request-id: [bf322142-e1ae-11e6-aa6d-3c15c2cf0610]
      x-ms-date: ['Mon, 23 Jan 2017 21:00:33 GMT']
      x-ms-version: ['2015-07-08']
    method: GET
    uri: https://dummystorage.file.core.windows.net/acltestshare?comp=acl&restype=share
  response:
    body: {string: "\uFEFF<?xml version=\"1.0\" encoding=\"utf-8\"?><SignedIdentifiers><SignedIdentifier><Id>test1</Id><AccessPolicy><Permission>r</Permission></AccessPolicy></SignedIdentifier><SignedIdentifier><Id>test3</Id><AccessPolicy><Expiry>2018-01-01T00:00:00.0000000Z</Expiry></AccessPolicy></SignedIdentifier><SignedIdentifier><Id>test2</Id><AccessPolicy><Start>2016-01-01T00:00:00.0000000Z</Start></AccessPolicy></SignedIdentifier><SignedIdentifier><Id>test4</Id><AccessPolicy><Start>2016-01-01T00:00:00.0000000Z</Start><Expiry>2016-05-01T00:00:00.0000000Z</Expiry><Permission>rwdl</Permission></AccessPolicy></SignedIdentifier></SignedIdentifiers>"}
    headers:
      content-type: [application/xml]
      date: ['Mon, 23 Jan 2017 21:00:33 GMT']
      etag: ['"0x8D443D2DDAA206B"']
      last-modified: ['Mon, 23 Jan 2017 21:00:30 GMT']
      server: [Windows-Azure-File/1.0 Microsoft-HTTPAPI/2.0]
      transfer-encoding: [chunked]
      x-ms-version: ['2015-07-08']
    status: {code: 200, message: OK}
- request:
    body: !!python/unicode '<?xml version=''1.0'' encoding=''utf-8''?>

      <SignedIdentifiers><SignedIdentifier><Id>test3</Id><AccessPolicy><Expiry>2018-01-01T00:00:00Z</Expiry></AccessPolicy></SignedIdentifier><SignedIdentifier><Id>test2</Id><AccessPolicy><Start>2016-01-01T00:00:00Z</Start></AccessPolicy></SignedIdentifier><SignedIdentifier><Id>test4</Id><AccessPolicy><Start>2016-01-01T00:00:00Z</Start><Expiry>2016-05-01T00:00:00Z</Expiry><Permission>rwdl</Permission></AccessPolicy></SignedIdentifier></SignedIdentifiers>'
    headers:
      Connection: [keep-alive]
      Content-Length: ['491']
      User-Agent: [Azure-Storage/0.33.0 (Python CPython 2.7.13; Darwin 16.3.0) AZURECLI/0.1.1b2+dev]
      x-ms-client-request-id: [bf322142-e1ae-11e6-aa6d-3c15c2cf0610]
      x-ms-date: ['Mon, 23 Jan 2017 21:00:34 GMT']
      x-ms-version: ['2015-07-08']
    method: PUT
    uri: https://dummystorage.file.core.windows.net/acltestshare?comp=acl&restype=share
  response:
    body: {string: !!python/unicode ''}
    headers:
      date: ['Mon, 23 Jan 2017 21:00:34 GMT']
      etag: ['"0x8D443D2DFE45A52"']
      last-modified: ['Mon, 23 Jan 2017 21:00:34 GMT']
      server: [Windows-Azure-File/1.0 Microsoft-HTTPAPI/2.0]
      transfer-encoding: [chunked]
      x-ms-version: ['2015-07-08']
    status: {code: 200, message: OK}
- request:
    body: null
    headers:
      Connection: [keep-alive]
      User-Agent: [Azure-Storage/0.33.0 (Python CPython 2.7.13; Darwin 16.3.0) AZURECLI/0.1.1b2+dev]
      x-ms-client-request-id: [bf322142-e1ae-11e6-aa6d-3c15c2cf0610]
      x-ms-date: ['Mon, 23 Jan 2017 21:00:36 GMT']
      x-ms-version: ['2015-07-08']
    method: GET
    uri: https://dummystorage.file.core.windows.net/acltestshare?comp=acl&restype=share
  response:
    body: {string: "\uFEFF<?xml version=\"1.0\" encoding=\"utf-8\"?><SignedIdentifiers><SignedIdentifier><Id>test3</Id><AccessPolicy><Expiry>2018-01-01T00:00:00.0000000Z</Expiry></AccessPolicy></SignedIdentifier><SignedIdentifier><Id>test2</Id><AccessPolicy><Start>2016-01-01T00:00:00.0000000Z</Start></AccessPolicy></SignedIdentifier><SignedIdentifier><Id>test4</Id><AccessPolicy><Start>2016-01-01T00:00:00.0000000Z</Start><Expiry>2016-05-01T00:00:00.0000000Z</Expiry><Permission>rwdl</Permission></AccessPolicy></SignedIdentifier></SignedIdentifiers>"}
    headers:
      content-type: [application/xml]
      date: ['Mon, 23 Jan 2017 21:00:34 GMT']
      etag: ['"0x8D443D2DFE45A52"']
      last-modified: ['Mon, 23 Jan 2017 21:00:34 GMT']
      server: [Windows-Azure-File/1.0 Microsoft-HTTPAPI/2.0]
      transfer-encoding: [chunked]
      x-ms-version: ['2015-07-08']
    status: {code: 200, message: OK}
version: 1
