test_locations_database_accounts
