interactions:
- request:
    body: '{"sku": {"name": "Standard_LRS"}, "kind": "Storage", "location": "ukwest"}'
    headers:
      Accept:
      - application/json
      Accept-Encoding:
      - gzip, deflate
      CommandName:
      - storage account create
      Connection:
      - keep-alive
      Content-Length:
      - '74'
      Content-Type:
      - application/json; charset=utf-8
      ParameterSetName:
      - -g -n -l --sku
      User-Agent:
      - python/3.6.5 (Windows-10-10.0.18362-SP0) msrest/0.6.9 msrest_azure/0.6.1 azure-mgmt-storage/4.0.0
        Azure-SDK-For-Python AZURECLI/2.0.71
      accept-language:
      - en-US
    method: PUT
    uri: https://management.azure.com/subscriptions/00000000-0000-0000-0000-000000000000/resourceGroups/clitest.rg000001/providers/Microsoft.Storage/storageAccounts/clibatchteststorage7?api-version=2019-04-01
  response:
    body:
      string: ''
    headers:
      cache-control:
      - no-cache
      content-length:
      - '0'
      content-type:
      - text/plain; charset=utf-8
      date:
      - Fri, 16 Aug 2019 21:47:18 GMT
      expires:
      - '-1'
      location:
      - https://management.azure.com/subscriptions/00000000-0000-0000-0000-000000000000/providers/Microsoft.Storage/locations/ukwest/asyncoperations/a2352a7d-892e-4fdb-8663-40027062c618?monitor=true&api-version=2019-04-01
      pragma:
      - no-cache
      server:
      - Microsoft-Azure-Storage-Resource-Provider/1.0,Microsoft-HTTPAPI/2.0 Microsoft-HTTPAPI/2.0
      strict-transport-security:
      - max-age=31536000; includeSubDomains
      x-content-type-options:
      - nosniff
      x-ms-ratelimit-remaining-subscription-writes:
      - '1199'
    status:
      code: 202
      message: Accepted
- request:
    body: null
    headers:
      Accept:
      - application/json
      Accept-Encoding:
      - gzip, deflate
      CommandName:
      - storage account create
      Connection:
      - keep-alive
      ParameterSetName:
      - -g -n -l --sku
      User-Agent:
      - python/3.6.5 (Windows-10-10.0.18362-SP0) msrest/0.6.9 msrest_azure/0.6.1 azure-mgmt-storage/4.0.0
        Azure-SDK-For-Python AZURECLI/2.0.71
    method: GET
    uri: https://management.azure.com/subscriptions/00000000-0000-0000-0000-000000000000/providers/Microsoft.Storage/locations/ukwest/asyncoperations/a2352a7d-892e-4fdb-8663-40027062c618?monitor=true&api-version=2019-04-01
  response:
    body:
      string: ''
    headers:
      cache-control:
      - no-cache
      content-length:
      - '0'
      content-type:
      - text/plain; charset=utf-8
      date:
      - Fri, 16 Aug 2019 21:47:36 GMT
      expires:
      - '-1'
      location:
      - https://management.azure.com/subscriptions/00000000-0000-0000-0000-000000000000/providers/Microsoft.Storage/locations/ukwest/asyncoperations/a2352a7d-892e-4fdb-8663-40027062c618?monitor=true&api-version=2019-04-01
      pragma:
      - no-cache
      server:
      - Microsoft-Azure-Storage-Resource-Provider/1.0,Microsoft-HTTPAPI/2.0 Microsoft-HTTPAPI/2.0
      strict-transport-security:
      - max-age=31536000; includeSubDomains
      x-content-type-options:
      - nosniff
    status:
      code: 202
      message: Accepted
- request:
    body: null
    headers:
      Accept:
      - application/json
      Accept-Encoding:
      - gzip, deflate
      CommandName:
      - storage account create
      Connection:
      - keep-alive
      ParameterSetName:
      - -g -n -l --sku
      User-Agent:
      - python/3.6.5 (Windows-10-10.0.18362-SP0) msrest/0.6.9 msrest_azure/0.6.1 azure-mgmt-storage/4.0.0
        Azure-SDK-For-Python AZURECLI/2.0.71
    method: GET
    uri: https://management.azure.com/subscriptions/00000000-0000-0000-0000-000000000000/providers/Microsoft.Storage/locations/ukwest/asyncoperations/a2352a7d-892e-4fdb-8663-40027062c618?monitor=true&api-version=2019-04-01
  response:
    body:
      string: ''
    headers:
      cache-control:
      - no-cache
      content-length:
      - '0'
      content-type:
      - text/plain; charset=utf-8
      date:
      - Fri, 16 Aug 2019 21:47:40 GMT
      expires:
      - '-1'
      location:
      - https://management.azure.com/subscriptions/00000000-0000-0000-0000-000000000000/providers/Microsoft.Storage/locations/ukwest/asyncoperations/a2352a7d-892e-4fdb-8663-40027062c618?monitor=true&api-version=2019-04-01
      pragma:
      - no-cache
      server:
      - Microsoft-Azure-Storage-Resource-Provider/1.0,Microsoft-HTTPAPI/2.0 Microsoft-HTTPAPI/2.0
      strict-transport-security:
      - max-age=31536000; includeSubDomains
      x-content-type-options:
      - nosniff
    status:
      code: 202
      message: Accepted
- request:
    body: null
    headers:
      Accept:
      - application/json
      Accept-Encoding:
      - gzip, deflate
      CommandName:
      - storage account create
      Connection:
      - keep-alive
      ParameterSetName:
      - -g -n -l --sku
      User-Agent:
      - python/3.6.5 (Windows-10-10.0.18362-SP0) msrest/0.6.9 msrest_azure/0.6.1 azure-mgmt-storage/4.0.0
        Azure-SDK-For-Python AZURECLI/2.0.71
    method: GET
    uri: https://management.azure.com/subscriptions/00000000-0000-0000-0000-000000000000/providers/Microsoft.Storage/locations/ukwest/asyncoperations/a2352a7d-892e-4fdb-8663-40027062c618?monitor=true&api-version=2019-04-01
  response:
    body:
      string: '{"sku":{"name":"Standard_LRS","tier":"Standard"},"kind":"Storage","id":"/subscriptions/00000000-0000-0000-0000-000000000000/resourceGroups/clitest.rg000001/providers/Microsoft.Storage/storageAccounts/clibatchteststorage7","name":"clibatchteststorage7","type":"Microsoft.Storage/storageAccounts","location":"ukwest","tags":{},"properties":{"networkAcls":{"bypass":"AzureServices","virtualNetworkRules":[],"ipRules":[],"defaultAction":"Allow"},"supportsHttpsTrafficOnly":true,"encryption":{"services":{"file":{"enabled":true,"lastEnabledTime":"2019-08-16T21:47:18.6785343Z"},"blob":{"enabled":true,"lastEnabledTime":"2019-08-16T21:47:18.6785343Z"}},"keySource":"Microsoft.Storage"},"provisioningState":"Succeeded","creationTime":"2019-08-16T21:47:18.6160227Z","primaryEndpoints":{"blob":"https://clibatchteststorage7.blob.core.windows.net/","queue":"https://clibatchteststorage7.queue.core.windows.net/","table":"https://clibatchteststorage7.table.core.windows.net/","file":"https://clibatchteststorage7.file.core.windows.net/"},"primaryLocation":"ukwest","statusOfPrimary":"available"}}'
    headers:
      cache-control:
      - no-cache
      content-length:
      - '1144'
      content-type:
      - application/json
      date:
      - Fri, 16 Aug 2019 21:47:43 GMT
      expires:
      - '-1'
      pragma:
      - no-cache
      server:
      - Microsoft-Azure-Storage-Resource-Provider/1.0,Microsoft-HTTPAPI/2.0 Microsoft-HTTPAPI/2.0
      strict-transport-security:
      - max-age=31536000; includeSubDomains
      transfer-encoding:
      - chunked
      vary:
      - Accept-Encoding
      x-content-type-options:
      - nosniff
    status:
      code: 200
      message: OK
- request:
    body: null
    headers:
      Accept:
      - application/json
      Accept-Encoding:
      - gzip, deflate
      CommandName:
      - batch account create
      Connection:
      - keep-alive
      ParameterSetName:
      - -g -n -l --storage-account
      User-Agent:
      - python/3.6.5 (Windows-10-10.0.18362-SP0) msrest/0.6.9 msrest_azure/0.6.1 azure-mgmt-storage/4.0.0
        Azure-SDK-For-Python AZURECLI/2.0.71
      accept-language:
      - en-US
    method: GET
    uri: https://management.azure.com/subscriptions/00000000-0000-0000-0000-000000000000/resourceGroups/clitest.rg000001/providers/Microsoft.Storage/storageAccounts/clibatchteststorage7?api-version=2019-04-01
  response:
    body:
      string: '{"sku":{"name":"Standard_LRS","tier":"Standard"},"kind":"Storage","id":"/subscriptions/00000000-0000-0000-0000-000000000000/resourceGroups/clitest.rg000001/providers/Microsoft.Storage/storageAccounts/clibatchteststorage7","name":"clibatchteststorage7","type":"Microsoft.Storage/storageAccounts","location":"ukwest","tags":{},"properties":{"networkAcls":{"bypass":"AzureServices","virtualNetworkRules":[],"ipRules":[],"defaultAction":"Allow"},"supportsHttpsTrafficOnly":true,"encryption":{"services":{"file":{"enabled":true,"lastEnabledTime":"2019-08-16T21:47:18.6785343Z"},"blob":{"enabled":true,"lastEnabledTime":"2019-08-16T21:47:18.6785343Z"}},"keySource":"Microsoft.Storage"},"provisioningState":"Succeeded","creationTime":"2019-08-16T21:47:18.6160227Z","primaryEndpoints":{"blob":"https://clibatchteststorage7.blob.core.windows.net/","queue":"https://clibatchteststorage7.queue.core.windows.net/","table":"https://clibatchteststorage7.table.core.windows.net/","file":"https://clibatchteststorage7.file.core.windows.net/"},"primaryLocation":"ukwest","statusOfPrimary":"available"}}'
    headers:
      cache-control:
      - no-cache
      content-length:
      - '1144'
      content-type:
      - application/json
      date:
      - Fri, 16 Aug 2019 21:47:44 GMT
      expires:
      - '-1'
      pragma:
      - no-cache
      server:
      - Microsoft-Azure-Storage-Resource-Provider/1.0,Microsoft-HTTPAPI/2.0 Microsoft-HTTPAPI/2.0
      strict-transport-security:
      - max-age=31536000; includeSubDomains
      transfer-encoding:
      - chunked
      vary:
      - Accept-Encoding
      x-content-type-options:
      - nosniff
    status:
      code: 200
      message: OK
- request:
    body: 'b''{"location": "ukwest", "properties": {"autoStorage": {"storageAccountId":
      "/subscriptions/00000000-0000-0000-0000-000000000000/resourceGroups/clitest.rg000001/providers/Microsoft.Storage/storageAccounts/clibatchteststorage7"}}}'''
    headers:
      Accept:
      - application/json
      Accept-Encoding:
      - gzip, deflate
      CommandName:
      - batch account create
      Connection:
      - keep-alive
      Content-Length:
      - '286'
      Content-Type:
      - application/json; charset=utf-8
      ParameterSetName:
      - -g -n -l --storage-account
      User-Agent:
      - python/3.6.5 (Windows-10-10.0.18362-SP0) msrest/0.6.9 msrest_azure/0.6.1 azure-mgmt-batch/7.0.0
        Azure-SDK-For-Python AZURECLI/2.0.71
      accept-language:
      - en-US
    method: PUT
    uri: https://management.azure.com/subscriptions/00000000-0000-0000-0000-000000000000/resourceGroups/clitest.rg000001/providers/Microsoft.Batch/batchAccounts/clibatchtest7?api-version=2019-08-01
  response:
    body:
      string: ''
    headers:
      cache-control:
      - no-cache
      content-length:
      - '0'
      date:
      - Fri, 16 Aug 2019 21:47:50 GMT
      expires:
      - '-1'
      location:
      - https://management.azure.com/subscriptions/00000000-0000-0000-0000-000000000000/resourceGroups/clitest.rg000001/providers/Microsoft.Batch/batchAccounts/clibatchtest7/operationResults/eff1aedd-26df-4328-9360-fe0816d52db3?api-version=2019-08-01
      pragma:
      - no-cache
      server:
      - Microsoft-HTTPAPI/2.0
      strict-transport-security:
      - max-age=31536000; includeSubDomains
      x-content-type-options:
      - nosniff
      x-ms-ratelimit-remaining-subscription-writes:
      - '1198'
    status:
      code: 202
      message: Accepted
- request:
    body: null
    headers:
      Accept:
      - application/json
      Accept-Encoding:
      - gzip, deflate
      CommandName:
      - batch account create
      Connection:
      - keep-alive
      ParameterSetName:
      - -g -n -l --storage-account
      User-Agent:
      - python/3.6.5 (Windows-10-10.0.18362-SP0) msrest/0.6.9 msrest_azure/0.6.1 azure-mgmt-batch/7.0.0
        Azure-SDK-For-Python AZURECLI/2.0.71
    method: GET
    uri: https://management.azure.com/subscriptions/00000000-0000-0000-0000-000000000000/resourceGroups/clitest.rg000001/providers/Microsoft.Batch/batchAccounts/clibatchtest7/operationResults/eff1aedd-26df-4328-9360-fe0816d52db3?api-version=2019-08-01
  response:
    body:
      string: '{"id":"/subscriptions/00000000-0000-0000-0000-000000000000/resourceGroups/clitest.rg000001/providers/Microsoft.Batch/batchAccounts/clibatchtest7","name":"clibatchtest7","type":"Microsoft.Batch/batchAccounts","location":"ukwest","properties":{"accountEndpoint":"clibatchtest7.ukwest.batch.azure.com","provisioningState":"Succeeded","dedicatedCoreQuota":700,"dedicatedCoreQuotaPerVMFamily":[{"name":"standardAv2Family","coreQuota":100},{"name":"standardDv2Family","coreQuota":100},{"name":"standardDv3Family","coreQuota":100},{"name":"standardEv3Family","coreQuota":50},{"name":"standardDSv2Family","coreQuota":100},{"name":"standardDSv3Family","coreQuota":100},{"name":"standardESv3Family","coreQuota":50},{"name":"standardFFamily","coreQuota":50},{"name":"standardFSFamily","coreQuota":50},{"name":"standardA0_A7Family","coreQuota":0},{"name":"standardA8_A11Family","coreQuota":0},{"name":"standardDFamily","coreQuota":0},{"name":"standardGFamily","coreQuota":0},{"name":"basicAFamily","coreQuota":0},{"name":"standardNVFamily","coreQuota":0},{"name":"standardNVPromoFamily","coreQuota":0},{"name":"standardNCFamily","coreQuota":0},{"name":"standardNCPromoFamily","coreQuota":0},{"name":"standardHFamily","coreQuota":0},{"name":"standardHPromoFamily","coreQuota":0},{"name":"standardMSFamily","coreQuota":0},{"name":"standardDSFamily","coreQuota":0},{"name":"standardGSFamily","coreQuota":0},{"name":"standardLSFamily","coreQuota":0},{"name":"standardNCSv2Family","coreQuota":0},{"name":"standardNDSFamily","coreQuota":0},{"name":"standardNCSv3Family","coreQuota":0},{"name":"standardFSv2Family","coreQuota":0},{"name":"standardHBSFamily","coreQuota":0},{"name":"standardHCSFamily","coreQuota":0}],"dedicatedCoreQuotaPerVMFamilyEnforced":false,"lowPriorityCoreQuota":500,"poolQuota":100,"activeJobAndJobScheduleQuota":300,"autoStorage":{"storageAccountId":"/subscriptions/00000000-0000-0000-0000-000000000000/resourceGroups/clitest.rg000001/providers/Microsoft.Storage/storageAccounts/clibatchteststorage7","lastKeySync":"2019-08-16T21:47:51.2895389Z"},"poolAllocationMode":"BatchService"}}'
    headers:
      cache-control:
      - no-cache
      content-length:
      - '2208'
      content-type:
      - application/json; charset=utf-8
      date:
      - Fri, 16 Aug 2019 21:48:07 GMT
      etag:
      - '"0x8D722936CA205D1"'
      expires:
      - '-1'
      last-modified:
      - Fri, 16 Aug 2019 21:48:07 GMT
      pragma:
      - no-cache
      server:
      - Microsoft-HTTPAPI/2.0
      strict-transport-security:
      - max-age=31536000; includeSubDomains
      transfer-encoding:
      - chunked
      vary:
      - Accept-Encoding
      x-content-type-options:
      - nosniff
    status:
      code: 200
      message: OK
- request:
    body: null
    headers:
      Accept:
      - application/json
      Accept-Encoding:
      - gzip, deflate
      CommandName:
      - batch application create
      Connection:
      - keep-alive
      ParameterSetName:
      - -g -n --application-name
      User-Agent:
      - python/3.6.5 (Windows-10-10.0.18362-SP0) msrest/0.6.9 msrest_azure/0.6.1 azure-mgmt-batch/7.0.0
        Azure-SDK-For-Python AZURECLI/2.0.71
      accept-language:
      - en-US
    method: GET
    uri: https://management.azure.com/subscriptions/00000000-0000-0000-0000-000000000000/resourceGroups/clitest.rg000001/providers/Microsoft.Batch/batchAccounts/clibatchtest7?api-version=2019-08-01
  response:
    body:
      string: '{"id":"/subscriptions/00000000-0000-0000-0000-000000000000/resourceGroups/clitest.rg000001/providers/Microsoft.Batch/batchAccounts/clibatchtest7","name":"clibatchtest7","type":"Microsoft.Batch/batchAccounts","location":"ukwest","properties":{"accountEndpoint":"clibatchtest7.ukwest.batch.azure.com","provisioningState":"Succeeded","dedicatedCoreQuota":700,"dedicatedCoreQuotaPerVMFamily":[{"name":"standardAv2Family","coreQuota":100},{"name":"standardDv2Family","coreQuota":100},{"name":"standardDv3Family","coreQuota":100},{"name":"standardEv3Family","coreQuota":50},{"name":"standardDSv2Family","coreQuota":100},{"name":"standardDSv3Family","coreQuota":100},{"name":"standardESv3Family","coreQuota":50},{"name":"standardFFamily","coreQuota":50},{"name":"standardFSFamily","coreQuota":50},{"name":"standardA0_A7Family","coreQuota":0},{"name":"standardA8_A11Family","coreQuota":0},{"name":"standardDFamily","coreQuota":0},{"name":"standardGFamily","coreQuota":0},{"name":"basicAFamily","coreQuota":0},{"name":"standardNVFamily","coreQuota":0},{"name":"standardNVPromoFamily","coreQuota":0},{"name":"standardNCFamily","coreQuota":0},{"name":"standardNCPromoFamily","coreQuota":0},{"name":"standardHFamily","coreQuota":0},{"name":"standardHPromoFamily","coreQuota":0},{"name":"standardMSFamily","coreQuota":0},{"name":"standardDSFamily","coreQuota":0},{"name":"standardGSFamily","coreQuota":0},{"name":"standardLSFamily","coreQuota":0},{"name":"standardNCSv2Family","coreQuota":0},{"name":"standardNDSFamily","coreQuota":0},{"name":"standardNCSv3Family","coreQuota":0},{"name":"standardFSv2Family","coreQuota":0},{"name":"standardHBSFamily","coreQuota":0},{"name":"standardHCSFamily","coreQuota":0}],"dedicatedCoreQuotaPerVMFamilyEnforced":false,"lowPriorityCoreQuota":500,"poolQuota":100,"activeJobAndJobScheduleQuota":300,"autoStorage":{"storageAccountId":"/subscriptions/00000000-0000-0000-0000-000000000000/resourceGroups/clitest.rg000001/providers/Microsoft.Storage/storageAccounts/clibatchteststorage7","lastKeySync":"2019-08-16T21:47:51.2895389Z"},"poolAllocationMode":"BatchService"}}'
    headers:
      cache-control:
      - no-cache
      content-length:
      - '2208'
      content-type:
      - application/json; charset=utf-8
      date:
      - Fri, 16 Aug 2019 21:48:08 GMT
      etag:
      - '"0x8D7229363030B9D"'
      expires:
      - '-1'
      last-modified:
      - Fri, 16 Aug 2019 21:47:51 GMT
      pragma:
      - no-cache
      server:
      - Microsoft-HTTPAPI/2.0
      strict-transport-security:
      - max-age=31536000; includeSubDomains
      transfer-encoding:
      - chunked
      vary:
      - Accept-Encoding
      x-content-type-options:
      - nosniff
    status:
      code: 200
      message: OK
- request:
    body: null
    headers:
      Accept:
      - application/json
      Accept-Encoding:
      - gzip, deflate
      CommandName:
      - batch application create
      Connection:
      - keep-alive
      Content-Length:
      - '0'
      Content-Type:
      - application/json; charset=utf-8
      ParameterSetName:
      - -g -n --application-name
      User-Agent:
      - python/3.6.5 (Windows-10-10.0.18362-SP0) msrest/0.6.9 msrest_azure/0.6.1 azure-mgmt-batch/7.0.0
        Azure-SDK-For-Python AZURECLI/2.0.71
      accept-language:
      - en-US
    method: PUT
    uri: https://management.azure.com/subscriptions/00000000-0000-0000-0000-000000000000/resourceGroups/clitest.rg000001/providers/Microsoft.Batch/batchAccounts/clibatchtest7/applications/testapp?api-version=2019-08-01
  response:
    body:
      string: '{"type":"Microsoft.Batch/batchAccounts/applications","id":"/subscriptions/00000000-0000-0000-0000-000000000000/resourceGroups/clitest.rg000001/providers/Microsoft.Batch/batchAccounts/clibatchtest7/applications/testapp","name":"testapp","etag":"W/\"0x8D722936DDC344D\"","properties":{"allowUpdates":true}}'
    headers:
      cache-control:
      - no-cache
      content-length:
      - '363'
      content-type:
      - application/json; charset=utf-8
      date:
      - Fri, 16 Aug 2019 21:48:09 GMT
      etag:
      - W/"0x8D722936DDC344D"
      expires:
      - '-1'
      last-modified:
      - Fri, 16 Aug 2019 21:48:09 GMT
      pragma:
      - no-cache
      server:
      - Microsoft-HTTPAPI/2.0
      strict-transport-security:
      - max-age=31536000; includeSubDomains
      transfer-encoding:
      - chunked
      vary:
      - Accept-Encoding
      x-content-type-options:
      - nosniff
      x-ms-ratelimit-remaining-subscription-writes:
      - '1198'
    status:
      code: 200
      message: OK
- request:
    body: null
    headers:
      Accept:
      - application/json
      Accept-Encoding:
      - gzip, deflate
      CommandName:
      - batch application list
      Connection:
      - keep-alive
      ParameterSetName:
      - -g -n
      User-Agent:
      - python/3.6.5 (Windows-10-10.0.18362-SP0) msrest/0.6.9 msrest_azure/0.6.1 azure-mgmt-batch/7.0.0
        Azure-SDK-For-Python AZURECLI/2.0.71
      accept-language:
      - en-US
    method: GET
    uri: https://management.azure.com/subscriptions/00000000-0000-0000-0000-000000000000/resourceGroups/clitest.rg000001/providers/Microsoft.Batch/batchAccounts/clibatchtest7?api-version=2019-08-01
  response:
    body:
      string: '{"id":"/subscriptions/00000000-0000-0000-0000-000000000000/resourceGroups/clitest.rg000001/providers/Microsoft.Batch/batchAccounts/clibatchtest7","name":"clibatchtest7","type":"Microsoft.Batch/batchAccounts","location":"ukwest","properties":{"accountEndpoint":"clibatchtest7.ukwest.batch.azure.com","provisioningState":"Succeeded","dedicatedCoreQuota":700,"dedicatedCoreQuotaPerVMFamily":[{"name":"standardAv2Family","coreQuota":100},{"name":"standardDv2Family","coreQuota":100},{"name":"standardDv3Family","coreQuota":100},{"name":"standardEv3Family","coreQuota":50},{"name":"standardDSv2Family","coreQuota":100},{"name":"standardDSv3Family","coreQuota":100},{"name":"standardESv3Family","coreQuota":50},{"name":"standardFFamily","coreQuota":50},{"name":"standardFSFamily","coreQuota":50},{"name":"standardA0_A7Family","coreQuota":0},{"name":"standardA8_A11Family","coreQuota":0},{"name":"standardDFamily","coreQuota":0},{"name":"standardGFamily","coreQuota":0},{"name":"basicAFamily","coreQuota":0},{"name":"standardNVFamily","coreQuota":0},{"name":"standardNVPromoFamily","coreQuota":0},{"name":"standardNCFamily","coreQuota":0},{"name":"standardNCPromoFamily","coreQuota":0},{"name":"standardHFamily","coreQuota":0},{"name":"standardHPromoFamily","coreQuota":0},{"name":"standardMSFamily","coreQuota":0},{"name":"standardDSFamily","coreQuota":0},{"name":"standardGSFamily","coreQuota":0},{"name":"standardLSFamily","coreQuota":0},{"name":"standardNCSv2Family","coreQuota":0},{"name":"standardNDSFamily","coreQuota":0},{"name":"standardNCSv3Family","coreQuota":0},{"name":"standardFSv2Family","coreQuota":0},{"name":"standardHBSFamily","coreQuota":0},{"name":"standardHCSFamily","coreQuota":0}],"dedicatedCoreQuotaPerVMFamilyEnforced":false,"lowPriorityCoreQuota":500,"poolQuota":100,"activeJobAndJobScheduleQuota":300,"autoStorage":{"storageAccountId":"/subscriptions/00000000-0000-0000-0000-000000000000/resourceGroups/clitest.rg000001/providers/Microsoft.Storage/storageAccounts/clibatchteststorage7","lastKeySync":"2019-08-16T21:47:51.2895389Z"},"poolAllocationMode":"BatchService"}}'
    headers:
      cache-control:
      - no-cache
      content-length:
      - '2208'
      content-type:
      - application/json; charset=utf-8
      date:
      - Fri, 16 Aug 2019 21:48:10 GMT
      etag:
      - '"0x8D7229363030B9D"'
      expires:
      - '-1'
      last-modified:
      - Fri, 16 Aug 2019 21:47:51 GMT
      pragma:
      - no-cache
      server:
      - Microsoft-HTTPAPI/2.0
      strict-transport-security:
      - max-age=31536000; includeSubDomains
      transfer-encoding:
      - chunked
      vary:
      - Accept-Encoding
      x-content-type-options:
      - nosniff
    status:
      code: 200
      message: OK
- request:
    body: null
    headers:
      Accept:
      - application/json
      Accept-Encoding:
      - gzip, deflate
      CommandName:
      - batch application list
      Connection:
      - keep-alive
      ParameterSetName:
      - -g -n
      User-Agent:
      - python/3.6.5 (Windows-10-10.0.18362-SP0) msrest/0.6.9 msrest_azure/0.6.1 azure-mgmt-batch/7.0.0
        Azure-SDK-For-Python AZURECLI/2.0.71
      accept-language:
      - en-US
    method: GET
    uri: https://management.azure.com/subscriptions/00000000-0000-0000-0000-000000000000/resourceGroups/clitest.rg000001/providers/Microsoft.Batch/batchAccounts/clibatchtest7/applications?api-version=2019-08-01
  response:
    body:
      string: '{"value":[{"type":"Microsoft.Batch/batchAccounts/applications","id":"/subscriptions/00000000-0000-0000-0000-000000000000/resourceGroups/clitest.rg000001/providers/Microsoft.Batch/batchAccounts/clibatchtest7/applications/testapp","name":"testapp","etag":"W/\"0x8D722936DDC344D\"","properties":{"allowUpdates":true}}]}'
    headers:
      cache-control:
      - no-cache
      content-length:
      - '375'
      content-type:
      - application/json; charset=utf-8
      date:
      - Fri, 16 Aug 2019 21:48:11 GMT
      expires:
      - '-1'
      pragma:
      - no-cache
      server:
      - Microsoft-HTTPAPI/2.0
      strict-transport-security:
      - max-age=31536000; includeSubDomains
      transfer-encoding:
      - chunked
      vary:
      - Accept-Encoding
      x-content-type-options:
      - nosniff
    status:
      code: 200
      message: OK
- request:
    body: null
    headers:
      Accept:
      - application/json
      Accept-Encoding:
      - gzip, deflate
      CommandName:
      - batch application package create
      Connection:
      - keep-alive
      ParameterSetName:
      - -g -n --application-name --version --package-file
      User-Agent:
      - python/3.6.5 (Windows-10-10.0.18362-SP0) msrest/0.6.9 msrest_azure/0.6.1 azure-mgmt-batch/7.0.0
        Azure-SDK-For-Python AZURECLI/2.0.71
      accept-language:
      - en-US
    method: GET
    uri: https://management.azure.com/subscriptions/00000000-0000-0000-0000-000000000000/resourceGroups/clitest.rg000001/providers/Microsoft.Batch/batchAccounts/clibatchtest7?api-version=2019-08-01
  response:
    body:
      string: '{"id":"/subscriptions/00000000-0000-0000-0000-000000000000/resourceGroups/clitest.rg000001/providers/Microsoft.Batch/batchAccounts/clibatchtest7","name":"clibatchtest7","type":"Microsoft.Batch/batchAccounts","location":"ukwest","properties":{"accountEndpoint":"clibatchtest7.ukwest.batch.azure.com","provisioningState":"Succeeded","dedicatedCoreQuota":700,"dedicatedCoreQuotaPerVMFamily":[{"name":"standardAv2Family","coreQuota":100},{"name":"standardDv2Family","coreQuota":100},{"name":"standardDv3Family","coreQuota":100},{"name":"standardEv3Family","coreQuota":50},{"name":"standardDSv2Family","coreQuota":100},{"name":"standardDSv3Family","coreQuota":100},{"name":"standardESv3Family","coreQuota":50},{"name":"standardFFamily","coreQuota":50},{"name":"standardFSFamily","coreQuota":50},{"name":"standardA0_A7Family","coreQuota":0},{"name":"standardA8_A11Family","coreQuota":0},{"name":"standardDFamily","coreQuota":0},{"name":"standardGFamily","coreQuota":0},{"name":"basicAFamily","coreQuota":0},{"name":"standardNVFamily","coreQuota":0},{"name":"standardNVPromoFamily","coreQuota":0},{"name":"standardNCFamily","coreQuota":0},{"name":"standardNCPromoFamily","coreQuota":0},{"name":"standardHFamily","coreQuota":0},{"name":"standardHPromoFamily","coreQuota":0},{"name":"standardMSFamily","coreQuota":0},{"name":"standardDSFamily","coreQuota":0},{"name":"standardGSFamily","coreQuota":0},{"name":"standardLSFamily","coreQuota":0},{"name":"standardNCSv2Family","coreQuota":0},{"name":"standardNDSFamily","coreQuota":0},{"name":"standardNCSv3Family","coreQuota":0},{"name":"standardFSv2Family","coreQuota":0},{"name":"standardHBSFamily","coreQuota":0},{"name":"standardHCSFamily","coreQuota":0}],"dedicatedCoreQuotaPerVMFamilyEnforced":false,"lowPriorityCoreQuota":500,"poolQuota":100,"activeJobAndJobScheduleQuota":300,"autoStorage":{"storageAccountId":"/subscriptions/00000000-0000-0000-0000-000000000000/resourceGroups/clitest.rg000001/providers/Microsoft.Storage/storageAccounts/clibatchteststorage7","lastKeySync":"2019-08-16T21:47:51.2895389Z"},"poolAllocationMode":"BatchService"}}'
    headers:
      cache-control:
      - no-cache
      content-length:
      - '2208'
      content-type:
      - application/json; charset=utf-8
      date:
      - Fri, 16 Aug 2019 21:48:12 GMT
      etag:
      - '"0x8D7229363030B9D"'
      expires:
      - '-1'
      last-modified:
      - Fri, 16 Aug 2019 21:47:51 GMT
      pragma:
      - no-cache
      server:
      - Microsoft-HTTPAPI/2.0
      strict-transport-security:
      - max-age=31536000; includeSubDomains
      transfer-encoding:
      - chunked
      vary:
      - Accept-Encoding
      x-content-type-options:
      - nosniff
    status:
      code: 200
      message: OK
- request:
    body: null
    headers:
      Accept:
      - application/json
      Accept-Encoding:
      - gzip, deflate
      CommandName:
      - batch application package create
      Connection:
      - keep-alive
      ParameterSetName:
      - -g -n --application-name --version --package-file
      User-Agent:
      - python/3.6.5 (Windows-10-10.0.18362-SP0) msrest/0.6.9 msrest_azure/0.6.1 azure-mgmt-batch/7.0.0
        Azure-SDK-For-Python AZURECLI/2.0.71
      accept-language:
      - en-US
    method: GET
    uri: https://management.azure.com/subscriptions/00000000-0000-0000-0000-000000000000/resourceGroups/clitest.rg000001/providers/Microsoft.Batch/batchAccounts/clibatchtest7/applications/testapp?api-version=2019-08-01
  response:
    body:
      string: '{"type":"Microsoft.Batch/batchAccounts/applications","id":"/subscriptions/00000000-0000-0000-0000-000000000000/resourceGroups/clitest.rg000001/providers/Microsoft.Batch/batchAccounts/clibatchtest7/applications/testapp","name":"testapp","etag":"W/\"0x8D722936DDC344D\"","properties":{"allowUpdates":true}}'
    headers:
      cache-control:
      - no-cache
      content-length:
      - '363'
      content-type:
      - application/json; charset=utf-8
      date:
      - Fri, 16 Aug 2019 21:48:13 GMT
      etag:
      - W/"0x8D722936DDC344D"
      expires:
      - '-1'
      last-modified:
      - Fri, 16 Aug 2019 21:48:09 GMT
      pragma:
      - no-cache
      server:
      - Microsoft-HTTPAPI/2.0
      strict-transport-security:
      - max-age=31536000; includeSubDomains
      transfer-encoding:
      - chunked
      vary:
      - Accept-Encoding
      x-content-type-options:
      - nosniff
    status:
      code: 200
      message: OK
- request:
    body: null
    headers:
      Accept:
      - application/json
      Accept-Encoding:
      - gzip, deflate
      CommandName:
      - batch application package create
      Connection:
      - keep-alive
      Content-Length:
      - '0'
      Content-Type:
      - application/json; charset=utf-8
      ParameterSetName:
      - -g -n --application-name --version --package-file
      User-Agent:
      - python/3.6.5 (Windows-10-10.0.18362-SP0) msrest/0.6.9 msrest_azure/0.6.1 azure-mgmt-batch/7.0.0
        Azure-SDK-For-Python AZURECLI/2.0.71
      accept-language:
      - en-US
    method: PUT
    uri: https://management.azure.com/subscriptions/00000000-0000-0000-0000-000000000000/resourceGroups/clitest.rg000001/providers/Microsoft.Batch/batchAccounts/clibatchtest7/applications/testapp/versions/1.0?api-version=2019-08-01
  response:
    body:
      string: '{"type":"Microsoft.Batch/batchAccounts/applications/versions","id":"/subscriptions/00000000-0000-0000-0000-000000000000/resourceGroups/clitest.rg000001/providers/Microsoft.Batch/batchAccounts/clibatchtest7/applications/testapp/versions/1.0","name":"1.0","etag":"W/\"0x8D7229370F5014A\"","properties":{"storageUrl":"https://clibatchteststorage7.blob.core.windows.net/app-testapp-4a19557dc1b96c20dfa19772af36624f6913ae44/testapp-1.0-7ec37132-b79a-4694-babe-8c24240d33b7?sv=2018-03-28&sr=b&sig=iuE%2F3mtOVXY8EerDSkCviwXmaLHQb6lERvHGVo9wcg4%3D&st=2019-08-16T21%3A43%3A14Z&se=2019-08-17T01%3A48%3A14Z&sp=rw","storageUrlExpiry":"2019-08-17T01:48:14.6885434Z","state":"Pending"}}'
    headers:
      cache-control:
      - no-cache
      content-length:
      - '731'
      content-type:
      - application/json; charset=utf-8
      date:
      - Fri, 16 Aug 2019 21:48:14 GMT
      etag:
      - W/"0x8D7229370F5014A"
      expires:
      - '-1'
      last-modified:
      - Fri, 16 Aug 2019 21:48:14 GMT
      pragma:
      - no-cache
      server:
      - Microsoft-HTTPAPI/2.0
      strict-transport-security:
      - max-age=31536000; includeSubDomains
      transfer-encoding:
      - chunked
      vary:
      - Accept-Encoding
      x-content-type-options:
      - nosniff
      x-ms-ratelimit-remaining-subscription-writes:
      - '1199'
    status:
      code: 200
      message: OK
- request:
    body: storage blob test sample file
    headers:
      Connection:
      - keep-alive
      Content-Length:
      - '29'
      User-Agent:
      - Azure-Storage/2.0.0-2.0.1 (Python CPython 3.6.5; Windows 10)
      x-ms-blob-type:
      - BlockBlob
      x-ms-date:
      - Fri, 16 Aug 2019 21:48:15 GMT
      x-ms-version:
      - '2018-11-09'
    method: PUT
    uri: https://clibatchteststorage7.blob.core.windows.net/app-testapp-4a19557dc1b96c20dfa19772af36624f6913ae44/testapp-1.0-7ec37132-b79a-4694-babe-8c24240d33b7?sv=2018-03-28&sr=b&sig=iuE%2F3mtOVXY8EerDSkCviwXmaLHQb6lERvHGVo9wcg4%3D&st=2019-08-16T21%3A43%3A14Z&se=2019-08-17T01%3A48%3A14Z&sp=rw
  response:
    body:
      string: ''
    headers:
      content-length:
      - '0'
      content-md5:
      - JeBon6PeparxrbCKMR+6hw==
      date:
      - Fri, 16 Aug 2019 21:48:16 GMT
      etag:
      - '"0x8D7229372503471"'
      last-modified:
      - Fri, 16 Aug 2019 21:48:16 GMT
      server:
      - Windows-Azure-Blob/1.0 Microsoft-HTTPAPI/2.0
      x-ms-request-server-encrypted:
      - 'true'
      x-ms-version:
      - '2018-11-09'
    status:
      code: 201
      message: Created
- request:
    body: '{"format": "zip"}'
    headers:
      Accept:
      - application/json
      Accept-Encoding:
      - gzip, deflate
      CommandName:
      - batch application package create
      Connection:
      - keep-alive
      Content-Length:
      - '17'
      Content-Type:
      - application/json; charset=utf-8
      ParameterSetName:
      - -g -n --application-name --version --package-file
      User-Agent:
      - python/3.6.5 (Windows-10-10.0.18362-SP0) msrest/0.6.9 msrest_azure/0.6.1 azure-mgmt-batch/7.0.0
        Azure-SDK-For-Python AZURECLI/2.0.71
      accept-language:
      - en-US
    method: POST
    uri: https://management.azure.com/subscriptions/00000000-0000-0000-0000-000000000000/resourceGroups/clitest.rg000001/providers/Microsoft.Batch/batchAccounts/clibatchtest7/applications/testapp/versions/1.0/activate?api-version=2019-08-01
  response:
    body:
      string: '{"type":"Microsoft.Batch/batchAccounts/applications/versions","id":"/subscriptions/00000000-0000-0000-0000-000000000000/resourceGroups/clitest.rg000001/providers/Microsoft.Batch/batchAccounts/clibatchtest7/applications/testapp/versions/1.0","name":"1.0","etag":"W/\"0x8D722937275579E\"","properties":{"storageUrl":"https://clibatchteststorage7.blob.core.windows.net/app-testapp-4a19557dc1b96c20dfa19772af36624f6913ae44/testapp-1.0-7ec37132-b79a-4694-babe-8c24240d33b7?sv=2018-03-28&sr=b&sig=ZNNhEGjfA1aDQDTltO5DZY%2F3ZSAdfsbGNIPPPosDvyY%3D&st=2019-08-16T21%3A43%3A17Z&se=2019-08-17T01%3A48%3A17Z&sp=rw","storageUrlExpiry":"2019-08-17T01:48:17.2338258Z","state":"Active","format":"zip","lastActivationTime":"2019-08-16T21:48:17.1992038Z"}}'
    headers:
      cache-control:
      - no-cache
      content-length:
      - '797'
      content-type:
      - application/json; charset=utf-8
      date:
      - Fri, 16 Aug 2019 21:48:16 GMT
      etag:
      - W/"0x8D722937275579E"
      expires:
      - '-1'
      last-modified:
      - Fri, 16 Aug 2019 21:48:17 GMT
      pragma:
      - no-cache
      server:
      - Microsoft-HTTPAPI/2.0
      strict-transport-security:
      - max-age=31536000; includeSubDomains
      transfer-encoding:
      - chunked
      vary:
      - Accept-Encoding
      x-content-type-options:
      - nosniff
      x-ms-ratelimit-remaining-subscription-writes:
      - '1199'
    status:
      code: 200
      message: OK
- request:
    body: null
    headers:
      Accept:
      - application/json
      Accept-Encoding:
      - gzip, deflate
      CommandName:
      - batch application package create
      Connection:
      - keep-alive
      ParameterSetName:
      - -g -n --application-name --version --package-file
      User-Agent:
      - python/3.6.5 (Windows-10-10.0.18362-SP0) msrest/0.6.9 msrest_azure/0.6.1 azure-mgmt-batch/7.0.0
        Azure-SDK-For-Python AZURECLI/2.0.71
      accept-language:
      - en-US
    method: GET
    uri: https://management.azure.com/subscriptions/00000000-0000-0000-0000-000000000000/resourceGroups/clitest.rg000001/providers/Microsoft.Batch/batchAccounts/clibatchtest7/applications/testapp/versions/1.0?api-version=2019-08-01
  response:
    body:
      string: '{"type":"Microsoft.Batch/batchAccounts/applications/versions","id":"/subscriptions/00000000-0000-0000-0000-000000000000/resourceGroups/clitest.rg000001/providers/Microsoft.Batch/batchAccounts/clibatchtest7/applications/testapp/versions/1.0","name":"1.0","etag":"W/\"0x8D722937275579E\"","properties":{"storageUrl":"https://clibatchteststorage7.blob.core.windows.net/app-testapp-4a19557dc1b96c20dfa19772af36624f6913ae44/testapp-1.0-7ec37132-b79a-4694-babe-8c24240d33b7?sv=2018-03-28&sr=b&sig=ZNNhEGjfA1aDQDTltO5DZY%2F3ZSAdfsbGNIPPPosDvyY%3D&st=2019-08-16T21%3A43%3A17Z&se=2019-08-17T01%3A48%3A17Z&sp=rw","storageUrlExpiry":"2019-08-17T01:48:17.4863419Z","state":"Active","format":"zip","lastActivationTime":"2019-08-16T21:48:17.1992038Z"}}'
    headers:
      cache-control:
      - no-cache
      content-length:
      - '797'
      content-type:
      - application/json; charset=utf-8
      date:
      - Fri, 16 Aug 2019 21:48:17 GMT
      etag:
      - W/"0x8D722937275579E"
      expires:
      - '-1'
      last-modified:
      - Fri, 16 Aug 2019 21:48:17 GMT
      pragma:
      - no-cache
      server:
      - Microsoft-HTTPAPI/2.0
      strict-transport-security:
      - max-age=31536000; includeSubDomains
      transfer-encoding:
      - chunked
      vary:
      - Accept-Encoding
      x-content-type-options:
      - nosniff
    status:
      code: 200
      message: OK
- request:
    body: null
    headers:
      Accept:
      - application/json
      Accept-Encoding:
      - gzip, deflate
      CommandName:
      - batch application package activate
      Connection:
      - keep-alive
      ParameterSetName:
      - -g -n --application-name --version --format
      User-Agent:
      - python/3.6.5 (Windows-10-10.0.18362-SP0) msrest/0.6.9 msrest_azure/0.6.1 azure-mgmt-batch/7.0.0
        Azure-SDK-For-Python AZURECLI/2.0.71
      accept-language:
      - en-US
    method: GET
    uri: https://management.azure.com/subscriptions/00000000-0000-0000-0000-000000000000/resourceGroups/clitest.rg000001/providers/Microsoft.Batch/batchAccounts/clibatchtest7?api-version=2019-08-01
  response:
    body:
      string: '{"id":"/subscriptions/00000000-0000-0000-0000-000000000000/resourceGroups/clitest.rg000001/providers/Microsoft.Batch/batchAccounts/clibatchtest7","name":"clibatchtest7","type":"Microsoft.Batch/batchAccounts","location":"ukwest","properties":{"accountEndpoint":"clibatchtest7.ukwest.batch.azure.com","provisioningState":"Succeeded","dedicatedCoreQuota":700,"dedicatedCoreQuotaPerVMFamily":[{"name":"standardAv2Family","coreQuota":100},{"name":"standardDv2Family","coreQuota":100},{"name":"standardDv3Family","coreQuota":100},{"name":"standardEv3Family","coreQuota":50},{"name":"standardDSv2Family","coreQuota":100},{"name":"standardDSv3Family","coreQuota":100},{"name":"standardESv3Family","coreQuota":50},{"name":"standardFFamily","coreQuota":50},{"name":"standardFSFamily","coreQuota":50},{"name":"standardA0_A7Family","coreQuota":0},{"name":"standardA8_A11Family","coreQuota":0},{"name":"standardDFamily","coreQuota":0},{"name":"standardGFamily","coreQuota":0},{"name":"basicAFamily","coreQuota":0},{"name":"standardNVFamily","coreQuota":0},{"name":"standardNVPromoFamily","coreQuota":0},{"name":"standardNCFamily","coreQuota":0},{"name":"standardNCPromoFamily","coreQuota":0},{"name":"standardHFamily","coreQuota":0},{"name":"standardHPromoFamily","coreQuota":0},{"name":"standardMSFamily","coreQuota":0},{"name":"standardDSFamily","coreQuota":0},{"name":"standardGSFamily","coreQuota":0},{"name":"standardLSFamily","coreQuota":0},{"name":"standardNCSv2Family","coreQuota":0},{"name":"standardNDSFamily","coreQuota":0},{"name":"standardNCSv3Family","coreQuota":0},{"name":"standardFSv2Family","coreQuota":0},{"name":"standardHBSFamily","coreQuota":0},{"name":"standardHCSFamily","coreQuota":0}],"dedicatedCoreQuotaPerVMFamilyEnforced":false,"lowPriorityCoreQuota":500,"poolQuota":100,"activeJobAndJobScheduleQuota":300,"autoStorage":{"storageAccountId":"/subscriptions/00000000-0000-0000-0000-000000000000/resourceGroups/clitest.rg000001/providers/Microsoft.Storage/storageAccounts/clibatchteststorage7","lastKeySync":"2019-08-16T21:47:51.2895389Z"},"poolAllocationMode":"BatchService"}}'
    headers:
      cache-control:
      - no-cache
      content-length:
      - '2208'
      content-type:
      - application/json; charset=utf-8
      date:
      - Fri, 16 Aug 2019 21:48:17 GMT
      etag:
      - '"0x8D7229363030B9D"'
      expires:
      - '-1'
      last-modified:
      - Fri, 16 Aug 2019 21:47:51 GMT
      pragma:
      - no-cache
      server:
      - Microsoft-HTTPAPI/2.0
      strict-transport-security:
      - max-age=31536000; includeSubDomains
      transfer-encoding:
      - chunked
      vary:
      - Accept-Encoding
      x-content-type-options:
      - nosniff
    status:
      code: 200
      message: OK
- request:
    body: '{"format": "zip"}'
    headers:
      Accept:
      - application/json
      Accept-Encoding:
      - gzip, deflate
      CommandName:
      - batch application package activate
      Connection:
      - keep-alive
      Content-Length:
      - '17'
      Content-Type:
      - application/json; charset=utf-8
      ParameterSetName:
      - -g -n --application-name --version --format
      User-Agent:
      - python/3.6.5 (Windows-10-10.0.18362-SP0) msrest/0.6.9 msrest_azure/0.6.1 azure-mgmt-batch/7.0.0
        Azure-SDK-For-Python AZURECLI/2.0.71
      accept-language:
      - en-US
    method: POST
    uri: https://management.azure.com/subscriptions/00000000-0000-0000-0000-000000000000/resourceGroups/clitest.rg000001/providers/Microsoft.Batch/batchAccounts/clibatchtest7/applications/testapp/versions/1.0/activate?api-version=2019-08-01
  response:
    body:
      string: '{"type":"Microsoft.Batch/batchAccounts/applications/versions","id":"/subscriptions/00000000-0000-0000-0000-000000000000/resourceGroups/clitest.rg000001/providers/Microsoft.Batch/batchAccounts/clibatchtest7/applications/testapp/versions/1.0","name":"1.0","etag":"W/\"0x8D722937391A9DD\"","properties":{"storageUrl":"https://clibatchteststorage7.blob.core.windows.net/app-testapp-4a19557dc1b96c20dfa19772af36624f6913ae44/testapp-1.0-7ec37132-b79a-4694-babe-8c24240d33b7?sv=2018-03-28&sr=b&sig=xuz%2B5XMvLH6NfqnbStuDuX14ujVJ870trolsNeIi%2FJQ%3D&st=2019-08-16T21%3A43%3A19Z&se=2019-08-17T01%3A48%3A19Z&sp=rw","storageUrlExpiry":"2019-08-17T01:48:19.0965431Z","state":"Active","format":"zip","lastActivationTime":"2019-08-16T21:48:19.061525Z"}}'
    headers:
      cache-control:
      - no-cache
      content-length:
      - '798'
      content-type:
      - application/json; charset=utf-8
      date:
      - Fri, 16 Aug 2019 21:48:19 GMT
      etag:
      - W/"0x8D722937391A9DD"
      expires:
      - '-1'
      last-modified:
      - Fri, 16 Aug 2019 21:48:19 GMT
      pragma:
      - no-cache
      server:
      - Microsoft-HTTPAPI/2.0
      strict-transport-security:
      - max-age=31536000; includeSubDomains
      transfer-encoding:
      - chunked
      vary:
      - Accept-Encoding
      x-content-type-options:
      - nosniff
      x-ms-ratelimit-remaining-subscription-writes:
      - '1199'
    status:
      code: 200
      message: OK
- request:
    body: null
    headers:
      Accept:
      - application/json
      Accept-Encoding:
      - gzip, deflate
      CommandName:
      - batch application package show
      Connection:
      - keep-alive
      ParameterSetName:
      - -g -n --application-name --version
      User-Agent:
      - python/3.6.5 (Windows-10-10.0.18362-SP0) msrest/0.6.9 msrest_azure/0.6.1 azure-mgmt-batch/7.0.0
        Azure-SDK-For-Python AZURECLI/2.0.71
      accept-language:
      - en-US
    method: GET
    uri: https://management.azure.com/subscriptions/00000000-0000-0000-0000-000000000000/resourceGroups/clitest.rg000001/providers/Microsoft.Batch/batchAccounts/clibatchtest7?api-version=2019-08-01
  response:
    body:
      string: '{"id":"/subscriptions/00000000-0000-0000-0000-000000000000/resourceGroups/clitest.rg000001/providers/Microsoft.Batch/batchAccounts/clibatchtest7","name":"clibatchtest7","type":"Microsoft.Batch/batchAccounts","location":"ukwest","properties":{"accountEndpoint":"clibatchtest7.ukwest.batch.azure.com","provisioningState":"Succeeded","dedicatedCoreQuota":700,"dedicatedCoreQuotaPerVMFamily":[{"name":"standardAv2Family","coreQuota":100},{"name":"standardDv2Family","coreQuota":100},{"name":"standardDv3Family","coreQuota":100},{"name":"standardEv3Family","coreQuota":50},{"name":"standardDSv2Family","coreQuota":100},{"name":"standardDSv3Family","coreQuota":100},{"name":"standardESv3Family","coreQuota":50},{"name":"standardFFamily","coreQuota":50},{"name":"standardFSFamily","coreQuota":50},{"name":"standardA0_A7Family","coreQuota":0},{"name":"standardA8_A11Family","coreQuota":0},{"name":"standardDFamily","coreQuota":0},{"name":"standardGFamily","coreQuota":0},{"name":"basicAFamily","coreQuota":0},{"name":"standardNVFamily","coreQuota":0},{"name":"standardNVPromoFamily","coreQuota":0},{"name":"standardNCFamily","coreQuota":0},{"name":"standardNCPromoFamily","coreQuota":0},{"name":"standardHFamily","coreQuota":0},{"name":"standardHPromoFamily","coreQuota":0},{"name":"standardMSFamily","coreQuota":0},{"name":"standardDSFamily","coreQuota":0},{"name":"standardGSFamily","coreQuota":0},{"name":"standardLSFamily","coreQuota":0},{"name":"standardNCSv2Family","coreQuota":0},{"name":"standardNDSFamily","coreQuota":0},{"name":"standardNCSv3Family","coreQuota":0},{"name":"standardFSv2Family","coreQuota":0},{"name":"standardHBSFamily","coreQuota":0},{"name":"standardHCSFamily","coreQuota":0}],"dedicatedCoreQuotaPerVMFamilyEnforced":false,"lowPriorityCoreQuota":500,"poolQuota":100,"activeJobAndJobScheduleQuota":300,"autoStorage":{"storageAccountId":"/subscriptions/00000000-0000-0000-0000-000000000000/resourceGroups/clitest.rg000001/providers/Microsoft.Storage/storageAccounts/clibatchteststorage7","lastKeySync":"2019-08-16T21:47:51.2895389Z"},"poolAllocationMode":"BatchService"}}'
    headers:
      cache-control:
      - no-cache
      content-length:
      - '2208'
      content-type:
      - application/json; charset=utf-8
      date:
      - Fri, 16 Aug 2019 21:48:19 GMT
      etag:
      - '"0x8D7229363030B9D"'
      expires:
      - '-1'
      last-modified:
      - Fri, 16 Aug 2019 21:47:51 GMT
      pragma:
      - no-cache
      server:
      - Microsoft-HTTPAPI/2.0
      strict-transport-security:
      - max-age=31536000; includeSubDomains
      transfer-encoding:
      - chunked
      vary:
      - Accept-Encoding
      x-content-type-options:
      - nosniff
    status:
      code: 200
      message: OK
- request:
    body: null
    headers:
      Accept:
      - application/json
      Accept-Encoding:
      - gzip, deflate
      CommandName:
      - batch application package show
      Connection:
      - keep-alive
      ParameterSetName:
      - -g -n --application-name --version
      User-Agent:
      - python/3.6.5 (Windows-10-10.0.18362-SP0) msrest/0.6.9 msrest_azure/0.6.1 azure-mgmt-batch/7.0.0
        Azure-SDK-For-Python AZURECLI/2.0.71
      accept-language:
      - en-US
    method: GET
    uri: https://management.azure.com/subscriptions/00000000-0000-0000-0000-000000000000/resourceGroups/clitest.rg000001/providers/Microsoft.Batch/batchAccounts/clibatchtest7/applications/testapp/versions/1.0?api-version=2019-08-01
  response:
    body:
      string: '{"type":"Microsoft.Batch/batchAccounts/applications/versions","id":"/subscriptions/00000000-0000-0000-0000-000000000000/resourceGroups/clitest.rg000001/providers/Microsoft.Batch/batchAccounts/clibatchtest7/applications/testapp/versions/1.0","name":"1.0","etag":"W/\"0x8D722937391A9DD\"","properties":{"storageUrl":"https://clibatchteststorage7.blob.core.windows.net/app-testapp-4a19557dc1b96c20dfa19772af36624f6913ae44/testapp-1.0-7ec37132-b79a-4694-babe-8c24240d33b7?sv=2018-03-28&sr=b&sig=NLqwtaHn9LAgVWidmKy7L7jGs90C%2BpBUudjPzL3YXfU%3D&st=2019-08-16T21%3A43%3A21Z&se=2019-08-17T01%3A48%3A21Z&sp=rw","storageUrlExpiry":"2019-08-17T01:48:21.2967227Z","state":"Active","format":"zip","lastActivationTime":"2019-08-16T21:48:19.061525Z"}}'
    headers:
      cache-control:
      - no-cache
      content-length:
      - '796'
      content-type:
      - application/json; charset=utf-8
      date:
      - Fri, 16 Aug 2019 21:48:20 GMT
      etag:
      - W/"0x8D722937391A9DD"
      expires:
      - '-1'
      last-modified:
      - Fri, 16 Aug 2019 21:48:19 GMT
      pragma:
      - no-cache
      server:
      - Microsoft-HTTPAPI/2.0
      strict-transport-security:
      - max-age=31536000; includeSubDomains
      transfer-encoding:
      - chunked
      vary:
      - Accept-Encoding
      x-content-type-options:
      - nosniff
    status:
      code: 200
      message: OK
- request:
    body: null
    headers:
      Accept:
      - application/json
      Accept-Encoding:
      - gzip, deflate
      CommandName:
      - batch application set
      Connection:
      - keep-alive
      ParameterSetName:
      - -g -n --application-name --default-version
      User-Agent:
      - python/3.6.5 (Windows-10-10.0.18362-SP0) msrest/0.6.9 msrest_azure/0.6.1 azure-mgmt-batch/7.0.0
        Azure-SDK-For-Python AZURECLI/2.0.71
      accept-language:
      - en-US
    method: GET
    uri: https://management.azure.com/subscriptions/00000000-0000-0000-0000-000000000000/resourceGroups/clitest.rg000001/providers/Microsoft.Batch/batchAccounts/clibatchtest7?api-version=2019-08-01
  response:
    body:
      string: '{"id":"/subscriptions/00000000-0000-0000-0000-000000000000/resourceGroups/clitest.rg000001/providers/Microsoft.Batch/batchAccounts/clibatchtest7","name":"clibatchtest7","type":"Microsoft.Batch/batchAccounts","location":"ukwest","properties":{"accountEndpoint":"clibatchtest7.ukwest.batch.azure.com","provisioningState":"Succeeded","dedicatedCoreQuota":700,"dedicatedCoreQuotaPerVMFamily":[{"name":"standardAv2Family","coreQuota":100},{"name":"standardDv2Family","coreQuota":100},{"name":"standardDv3Family","coreQuota":100},{"name":"standardEv3Family","coreQuota":50},{"name":"standardDSv2Family","coreQuota":100},{"name":"standardDSv3Family","coreQuota":100},{"name":"standardESv3Family","coreQuota":50},{"name":"standardFFamily","coreQuota":50},{"name":"standardFSFamily","coreQuota":50},{"name":"standardA0_A7Family","coreQuota":0},{"name":"standardA8_A11Family","coreQuota":0},{"name":"standardDFamily","coreQuota":0},{"name":"standardGFamily","coreQuota":0},{"name":"basicAFamily","coreQuota":0},{"name":"standardNVFamily","coreQuota":0},{"name":"standardNVPromoFamily","coreQuota":0},{"name":"standardNCFamily","coreQuota":0},{"name":"standardNCPromoFamily","coreQuota":0},{"name":"standardHFamily","coreQuota":0},{"name":"standardHPromoFamily","coreQuota":0},{"name":"standardMSFamily","coreQuota":0},{"name":"standardDSFamily","coreQuota":0},{"name":"standardGSFamily","coreQuota":0},{"name":"standardLSFamily","coreQuota":0},{"name":"standardNCSv2Family","coreQuota":0},{"name":"standardNDSFamily","coreQuota":0},{"name":"standardNCSv3Family","coreQuota":0},{"name":"standardFSv2Family","coreQuota":0},{"name":"standardHBSFamily","coreQuota":0},{"name":"standardHCSFamily","coreQuota":0}],"dedicatedCoreQuotaPerVMFamilyEnforced":false,"lowPriorityCoreQuota":500,"poolQuota":100,"activeJobAndJobScheduleQuota":300,"autoStorage":{"storageAccountId":"/subscriptions/00000000-0000-0000-0000-000000000000/resourceGroups/clitest.rg000001/providers/Microsoft.Storage/storageAccounts/clibatchteststorage7","lastKeySync":"2019-08-16T21:47:51.2895389Z"},"poolAllocationMode":"BatchService"}}'
    headers:
      cache-control:
      - no-cache
      content-length:
      - '2208'
      content-type:
      - application/json; charset=utf-8
      date:
      - Fri, 16 Aug 2019 21:48:21 GMT
      etag:
      - '"0x8D7229363030B9D"'
      expires:
      - '-1'
      last-modified:
      - Fri, 16 Aug 2019 21:47:51 GMT
      pragma:
      - no-cache
      server:
      - Microsoft-HTTPAPI/2.0
      strict-transport-security:
      - max-age=31536000; includeSubDomains
      transfer-encoding:
      - chunked
      vary:
      - Accept-Encoding
      x-content-type-options:
      - nosniff
    status:
      code: 200
      message: OK
- request:
    body: '{"properties": {"defaultVersion": "1.0"}}'
    headers:
      Accept:
      - application/json
      Accept-Encoding:
      - gzip, deflate
      CommandName:
      - batch application set
      Connection:
      - keep-alive
      Content-Length:
      - '41'
      Content-Type:
      - application/json; charset=utf-8
      ParameterSetName:
      - -g -n --application-name --default-version
      User-Agent:
      - python/3.6.5 (Windows-10-10.0.18362-SP0) msrest/0.6.9 msrest_azure/0.6.1 azure-mgmt-batch/7.0.0
        Azure-SDK-For-Python AZURECLI/2.0.71
      accept-language:
      - en-US
    method: PATCH
    uri: https://management.azure.com/subscriptions/00000000-0000-0000-0000-000000000000/resourceGroups/clitest.rg000001/providers/Microsoft.Batch/batchAccounts/clibatchtest7/applications/testapp?api-version=2019-08-01
  response:
    body:
      string: '{"type":"Microsoft.Batch/batchAccounts/applications","id":"/subscriptions/00000000-0000-0000-0000-000000000000/resourceGroups/clitest.rg000001/providers/Microsoft.Batch/batchAccounts/clibatchtest7/applications/testapp","name":"testapp","etag":"W/\"0x8D7229375C347F3\"","properties":{"allowUpdates":true,"defaultVersion":"1.0"}}'
    headers:
      cache-control:
      - no-cache
      content-length:
      - '386'
      content-type:
      - application/json; charset=utf-8
      date:
      - Fri, 16 Aug 2019 21:48:23 GMT
      etag:
      - W/"0x8D7229375C347F3"
      expires:
      - '-1'
      last-modified:
      - Fri, 16 Aug 2019 21:48:22 GMT
      pragma:
      - no-cache
      server:
      - Microsoft-HTTPAPI/2.0
      strict-transport-security:
      - max-age=31536000; includeSubDomains
      transfer-encoding:
      - chunked
      vary:
      - Accept-Encoding
      x-content-type-options:
      - nosniff
      x-ms-ratelimit-remaining-subscription-writes:
      - '1199'
    status:
      code: 200
      message: OK
- request:
    body: null
    headers:
      Accept:
      - application/json
      Accept-Encoding:
      - gzip, deflate
      CommandName:
      - batch application show
      Connection:
      - keep-alive
      ParameterSetName:
      - -g -n --application-name
      User-Agent:
      - python/3.6.5 (Windows-10-10.0.18362-SP0) msrest/0.6.9 msrest_azure/0.6.1 azure-mgmt-batch/7.0.0
        Azure-SDK-For-Python AZURECLI/2.0.71
      accept-language:
      - en-US
    method: GET
    uri: https://management.azure.com/subscriptions/00000000-0000-0000-0000-000000000000/resourceGroups/clitest.rg000001/providers/Microsoft.Batch/batchAccounts/clibatchtest7?api-version=2019-08-01
  response:
    body:
      string: '{"id":"/subscriptions/00000000-0000-0000-0000-000000000000/resourceGroups/clitest.rg000001/providers/Microsoft.Batch/batchAccounts/clibatchtest7","name":"clibatchtest7","type":"Microsoft.Batch/batchAccounts","location":"ukwest","properties":{"accountEndpoint":"clibatchtest7.ukwest.batch.azure.com","provisioningState":"Succeeded","dedicatedCoreQuota":700,"dedicatedCoreQuotaPerVMFamily":[{"name":"standardAv2Family","coreQuota":100},{"name":"standardDv2Family","coreQuota":100},{"name":"standardDv3Family","coreQuota":100},{"name":"standardEv3Family","coreQuota":50},{"name":"standardDSv2Family","coreQuota":100},{"name":"standardDSv3Family","coreQuota":100},{"name":"standardESv3Family","coreQuota":50},{"name":"standardFFamily","coreQuota":50},{"name":"standardFSFamily","coreQuota":50},{"name":"standardA0_A7Family","coreQuota":0},{"name":"standardA8_A11Family","coreQuota":0},{"name":"standardDFamily","coreQuota":0},{"name":"standardGFamily","coreQuota":0},{"name":"basicAFamily","coreQuota":0},{"name":"standardNVFamily","coreQuota":0},{"name":"standardNVPromoFamily","coreQuota":0},{"name":"standardNCFamily","coreQuota":0},{"name":"standardNCPromoFamily","coreQuota":0},{"name":"standardHFamily","coreQuota":0},{"name":"standardHPromoFamily","coreQuota":0},{"name":"standardMSFamily","coreQuota":0},{"name":"standardDSFamily","coreQuota":0},{"name":"standardGSFamily","coreQuota":0},{"name":"standardLSFamily","coreQuota":0},{"name":"standardNCSv2Family","coreQuota":0},{"name":"standardNDSFamily","coreQuota":0},{"name":"standardNCSv3Family","coreQuota":0},{"name":"standardFSv2Family","coreQuota":0},{"name":"standardHBSFamily","coreQuota":0},{"name":"standardHCSFamily","coreQuota":0}],"dedicatedCoreQuotaPerVMFamilyEnforced":false,"lowPriorityCoreQuota":500,"poolQuota":100,"activeJobAndJobScheduleQuota":300,"autoStorage":{"storageAccountId":"/subscriptions/00000000-0000-0000-0000-000000000000/resourceGroups/clitest.rg000001/providers/Microsoft.Storage/storageAccounts/clibatchteststorage7","lastKeySync":"2019-08-16T21:47:51.2895389Z"},"poolAllocationMode":"BatchService"}}'
    headers:
      cache-control:
      - no-cache
      content-length:
      - '2208'
      content-type:
      - application/json; charset=utf-8
      date:
      - Fri, 16 Aug 2019 21:48:23 GMT
      etag:
      - '"0x8D7229363030B9D"'
      expires:
      - '-1'
      last-modified:
      - Fri, 16 Aug 2019 21:47:51 GMT
      pragma:
      - no-cache
      server:
      - Microsoft-HTTPAPI/2.0
      strict-transport-security:
      - max-age=31536000; includeSubDomains
      transfer-encoding:
      - chunked
      vary:
      - Accept-Encoding
      x-content-type-options:
      - nosniff
    status:
      code: 200
      message: OK
- request:
    body: null
    headers:
      Accept:
      - application/json
      Accept-Encoding:
      - gzip, deflate
      CommandName:
      - batch application show
      Connection:
      - keep-alive
      ParameterSetName:
      - -g -n --application-name
      User-Agent:
      - python/3.6.5 (Windows-10-10.0.18362-SP0) msrest/0.6.9 msrest_azure/0.6.1 azure-mgmt-batch/7.0.0
        Azure-SDK-For-Python AZURECLI/2.0.71
      accept-language:
      - en-US
    method: GET
    uri: https://management.azure.com/subscriptions/00000000-0000-0000-0000-000000000000/resourceGroups/clitest.rg000001/providers/Microsoft.Batch/batchAccounts/clibatchtest7/applications/testapp?api-version=2019-08-01
  response:
    body:
      string: '{"type":"Microsoft.Batch/batchAccounts/applications","id":"/subscriptions/00000000-0000-0000-0000-000000000000/resourceGroups/clitest.rg000001/providers/Microsoft.Batch/batchAccounts/clibatchtest7/applications/testapp","name":"testapp","etag":"W/\"0x8D7229375C347F3\"","properties":{"allowUpdates":true,"defaultVersion":"1.0"}}'
    headers:
      cache-control:
      - no-cache
      content-length:
      - '386'
      content-type:
      - application/json; charset=utf-8
      date:
      - Fri, 16 Aug 2019 21:48:24 GMT
      etag:
      - W/"0x8D7229375C347F3"
      expires:
      - '-1'
      last-modified:
      - Fri, 16 Aug 2019 21:48:22 GMT
      pragma:
      - no-cache
      server:
      - Microsoft-HTTPAPI/2.0
      strict-transport-security:
      - max-age=31536000; includeSubDomains
      transfer-encoding:
      - chunked
      vary:
      - Accept-Encoding
      x-content-type-options:
      - nosniff
    status:
      code: 200
      message: OK
- request:
    body: null
    headers:
      Accept:
      - application/json
      Accept-Encoding:
      - gzip, deflate
      CommandName:
      - batch application package delete
      Connection:
      - keep-alive
      ParameterSetName:
      - -g -n --application-name --version --yes
      User-Agent:
      - python/3.6.5 (Windows-10-10.0.18362-SP0) msrest/0.6.9 msrest_azure/0.6.1 azure-mgmt-batch/7.0.0
        Azure-SDK-For-Python AZURECLI/2.0.71
      accept-language:
      - en-US
    method: GET
    uri: https://management.azure.com/subscriptions/00000000-0000-0000-0000-000000000000/resourceGroups/clitest.rg000001/providers/Microsoft.Batch/batchAccounts/clibatchtest7?api-version=2019-08-01
  response:
    body:
      string: '{"id":"/subscriptions/00000000-0000-0000-0000-000000000000/resourceGroups/clitest.rg000001/providers/Microsoft.Batch/batchAccounts/clibatchtest7","name":"clibatchtest7","type":"Microsoft.Batch/batchAccounts","location":"ukwest","properties":{"accountEndpoint":"clibatchtest7.ukwest.batch.azure.com","provisioningState":"Succeeded","dedicatedCoreQuota":700,"dedicatedCoreQuotaPerVMFamily":[{"name":"standardAv2Family","coreQuota":100},{"name":"standardDv2Family","coreQuota":100},{"name":"standardDv3Family","coreQuota":100},{"name":"standardEv3Family","coreQuota":50},{"name":"standardDSv2Family","coreQuota":100},{"name":"standardDSv3Family","coreQuota":100},{"name":"standardESv3Family","coreQuota":50},{"name":"standardFFamily","coreQuota":50},{"name":"standardFSFamily","coreQuota":50},{"name":"standardA0_A7Family","coreQuota":0},{"name":"standardA8_A11Family","coreQuota":0},{"name":"standardDFamily","coreQuota":0},{"name":"standardGFamily","coreQuota":0},{"name":"basicAFamily","coreQuota":0},{"name":"standardNVFamily","coreQuota":0},{"name":"standardNVPromoFamily","coreQuota":0},{"name":"standardNCFamily","coreQuota":0},{"name":"standardNCPromoFamily","coreQuota":0},{"name":"standardHFamily","coreQuota":0},{"name":"standardHPromoFamily","coreQuota":0},{"name":"standardMSFamily","coreQuota":0},{"name":"standardDSFamily","coreQuota":0},{"name":"standardGSFamily","coreQuota":0},{"name":"standardLSFamily","coreQuota":0},{"name":"standardNCSv2Family","coreQuota":0},{"name":"standardNDSFamily","coreQuota":0},{"name":"standardNCSv3Family","coreQuota":0},{"name":"standardFSv2Family","coreQuota":0},{"name":"standardHBSFamily","coreQuota":0},{"name":"standardHCSFamily","coreQuota":0}],"dedicatedCoreQuotaPerVMFamilyEnforced":false,"lowPriorityCoreQuota":500,"poolQuota":100,"activeJobAndJobScheduleQuota":300,"autoStorage":{"storageAccountId":"/subscriptions/00000000-0000-0000-0000-000000000000/resourceGroups/clitest.rg000001/providers/Microsoft.Storage/storageAccounts/clibatchteststorage7","lastKeySync":"2019-08-16T21:47:51.2895389Z"},"poolAllocationMode":"BatchService"}}'
    headers:
      cache-control:
      - no-cache
      content-length:
      - '2208'
      content-type:
      - application/json; charset=utf-8
      date:
      - Fri, 16 Aug 2019 21:48:25 GMT
      etag:
      - '"0x8D7229363030B9D"'
      expires:
      - '-1'
      last-modified:
      - Fri, 16 Aug 2019 21:47:51 GMT
      pragma:
      - no-cache
      server:
      - Microsoft-HTTPAPI/2.0
      strict-transport-security:
      - max-age=31536000; includeSubDomains
      transfer-encoding:
      - chunked
      vary:
      - Accept-Encoding
      x-content-type-options:
      - nosniff
    status:
      code: 200
      message: OK
- request:
    body: null
    headers:
      Accept:
      - application/json
      Accept-Encoding:
      - gzip, deflate
      CommandName:
      - batch application package delete
      Connection:
      - keep-alive
      Content-Length:
      - '0'
      ParameterSetName:
      - -g -n --application-name --version --yes
      User-Agent:
      - python/3.6.5 (Windows-10-10.0.18362-SP0) msrest/0.6.9 msrest_azure/0.6.1 azure-mgmt-batch/7.0.0
        Azure-SDK-For-Python AZURECLI/2.0.71
      accept-language:
      - en-US
    method: DELETE
    uri: https://management.azure.com/subscriptions/00000000-0000-0000-0000-000000000000/resourceGroups/clitest.rg000001/providers/Microsoft.Batch/batchAccounts/clibatchtest7/applications/testapp/versions/1.0?api-version=2019-08-01
  response:
    body:
      string: ''
    headers:
      cache-control:
      - no-cache
      content-length:
      - '0'
      date:
      - Fri, 16 Aug 2019 21:48:26 GMT
      expires:
      - '-1'
      pragma:
      - no-cache
      server:
      - Microsoft-HTTPAPI/2.0
      strict-transport-security:
      - max-age=31536000; includeSubDomains
      x-content-type-options:
      - nosniff
      x-ms-ratelimit-remaining-subscription-deletes:
      - '14999'
    status:
      code: 200
      message: OK
- request:
    body: null
    headers:
      Accept:
      - application/json
      Accept-Encoding:
      - gzip, deflate
      CommandName:
      - batch application delete
      Connection:
      - keep-alive
      ParameterSetName:
      - -g -n --application-name --yes
      User-Agent:
      - python/3.6.5 (Windows-10-10.0.18362-SP0) msrest/0.6.9 msrest_azure/0.6.1 azure-mgmt-batch/7.0.0
        Azure-SDK-For-Python AZURECLI/2.0.71
      accept-language:
      - en-US
    method: GET
    uri: https://management.azure.com/subscriptions/00000000-0000-0000-0000-000000000000/resourceGroups/clitest.rg000001/providers/Microsoft.Batch/batchAccounts/clibatchtest7?api-version=2019-08-01
  response:
    body:
      string: '{"id":"/subscriptions/00000000-0000-0000-0000-000000000000/resourceGroups/clitest.rg000001/providers/Microsoft.Batch/batchAccounts/clibatchtest7","name":"clibatchtest7","type":"Microsoft.Batch/batchAccounts","location":"ukwest","properties":{"accountEndpoint":"clibatchtest7.ukwest.batch.azure.com","provisioningState":"Succeeded","dedicatedCoreQuota":700,"dedicatedCoreQuotaPerVMFamily":[{"name":"standardAv2Family","coreQuota":100},{"name":"standardDv2Family","coreQuota":100},{"name":"standardDv3Family","coreQuota":100},{"name":"standardEv3Family","coreQuota":50},{"name":"standardDSv2Family","coreQuota":100},{"name":"standardDSv3Family","coreQuota":100},{"name":"standardESv3Family","coreQuota":50},{"name":"standardFFamily","coreQuota":50},{"name":"standardFSFamily","coreQuota":50},{"name":"standardA0_A7Family","coreQuota":0},{"name":"standardA8_A11Family","coreQuota":0},{"name":"standardDFamily","coreQuota":0},{"name":"standardGFamily","coreQuota":0},{"name":"basicAFamily","coreQuota":0},{"name":"standardNVFamily","coreQuota":0},{"name":"standardNVPromoFamily","coreQuota":0},{"name":"standardNCFamily","coreQuota":0},{"name":"standardNCPromoFamily","coreQuota":0},{"name":"standardHFamily","coreQuota":0},{"name":"standardHPromoFamily","coreQuota":0},{"name":"standardMSFamily","coreQuota":0},{"name":"standardDSFamily","coreQuota":0},{"name":"standardGSFamily","coreQuota":0},{"name":"standardLSFamily","coreQuota":0},{"name":"standardNCSv2Family","coreQuota":0},{"name":"standardNDSFamily","coreQuota":0},{"name":"standardNCSv3Family","coreQuota":0},{"name":"standardFSv2Family","coreQuota":0},{"name":"standardHBSFamily","coreQuota":0},{"name":"standardHCSFamily","coreQuota":0}],"dedicatedCoreQuotaPerVMFamilyEnforced":false,"lowPriorityCoreQuota":500,"poolQuota":100,"activeJobAndJobScheduleQuota":300,"autoStorage":{"storageAccountId":"/subscriptions/00000000-0000-0000-0000-000000000000/resourceGroups/clitest.rg000001/providers/Microsoft.Storage/storageAccounts/clibatchteststorage7","lastKeySync":"2019-08-16T21:47:51.2895389Z"},"poolAllocationMode":"BatchService"}}'
    headers:
      cache-control:
      - no-cache
      content-length:
      - '2208'
      content-type:
      - application/json; charset=utf-8
      date:
      - Fri, 16 Aug 2019 21:48:27 GMT
      etag:
      - '"0x8D7229363030B9D"'
      expires:
      - '-1'
      last-modified:
      - Fri, 16 Aug 2019 21:47:51 GMT
      pragma:
      - no-cache
      server:
      - Microsoft-HTTPAPI/2.0
      strict-transport-security:
      - max-age=31536000; includeSubDomains
      transfer-encoding:
      - chunked
      vary:
      - Accept-Encoding
      x-content-type-options:
      - nosniff
    status:
      code: 200
      message: OK
- request:
    body: null
    headers:
      Accept:
      - application/json
      Accept-Encoding:
      - gzip, deflate
      CommandName:
      - batch application delete
      Connection:
      - keep-alive
      Content-Length:
      - '0'
      ParameterSetName:
      - -g -n --application-name --yes
      User-Agent:
      - python/3.6.5 (Windows-10-10.0.18362-SP0) msrest/0.6.9 msrest_azure/0.6.1 azure-mgmt-batch/7.0.0
        Azure-SDK-For-Python AZURECLI/2.0.71
      accept-language:
      - en-US
    method: DELETE
    uri: https://management.azure.com/subscriptions/00000000-0000-0000-0000-000000000000/resourceGroups/clitest.rg000001/providers/Microsoft.Batch/batchAccounts/clibatchtest7/applications/testapp?api-version=2019-08-01
  response:
    body:
      string: ''
    headers:
      cache-control:
      - no-cache
      content-length:
      - '0'
      date:
      - Fri, 16 Aug 2019 21:48:28 GMT
      expires:
      - '-1'
      pragma:
      - no-cache
      server:
      - Microsoft-HTTPAPI/2.0
      strict-transport-security:
      - max-age=31536000; includeSubDomains
      x-content-type-options:
      - nosniff
      x-ms-ratelimit-remaining-subscription-deletes:
      - '14999'
    status:
      code: 200
      message: OK
- request:
    body: null
    headers:
      Accept:
      - application/json
      Accept-Encoding:
      - gzip, deflate
      CommandName:
      - batch application list
      Connection:
      - keep-alive
      ParameterSetName:
      - -g -n
      User-Agent:
      - python/3.6.5 (Windows-10-10.0.18362-SP0) msrest/0.6.9 msrest_azure/0.6.1 azure-mgmt-batch/7.0.0
        Azure-SDK-For-Python AZURECLI/2.0.71
      accept-language:
      - en-US
    method: GET
    uri: https://management.azure.com/subscriptions/00000000-0000-0000-0000-000000000000/resourceGroups/clitest.rg000001/providers/Microsoft.Batch/batchAccounts/clibatchtest7?api-version=2019-08-01
  response:
    body:
      string: '{"id":"/subscriptions/00000000-0000-0000-0000-000000000000/resourceGroups/clitest.rg000001/providers/Microsoft.Batch/batchAccounts/clibatchtest7","name":"clibatchtest7","type":"Microsoft.Batch/batchAccounts","location":"ukwest","properties":{"accountEndpoint":"clibatchtest7.ukwest.batch.azure.com","provisioningState":"Succeeded","dedicatedCoreQuota":700,"dedicatedCoreQuotaPerVMFamily":[{"name":"standardAv2Family","coreQuota":100},{"name":"standardDv2Family","coreQuota":100},{"name":"standardDv3Family","coreQuota":100},{"name":"standardEv3Family","coreQuota":50},{"name":"standardDSv2Family","coreQuota":100},{"name":"standardDSv3Family","coreQuota":100},{"name":"standardESv3Family","coreQuota":50},{"name":"standardFFamily","coreQuota":50},{"name":"standardFSFamily","coreQuota":50},{"name":"standardA0_A7Family","coreQuota":0},{"name":"standardA8_A11Family","coreQuota":0},{"name":"standardDFamily","coreQuota":0},{"name":"standardGFamily","coreQuota":0},{"name":"basicAFamily","coreQuota":0},{"name":"standardNVFamily","coreQuota":0},{"name":"standardNVPromoFamily","coreQuota":0},{"name":"standardNCFamily","coreQuota":0},{"name":"standardNCPromoFamily","coreQuota":0},{"name":"standardHFamily","coreQuota":0},{"name":"standardHPromoFamily","coreQuota":0},{"name":"standardMSFamily","coreQuota":0},{"name":"standardDSFamily","coreQuota":0},{"name":"standardGSFamily","coreQuota":0},{"name":"standardLSFamily","coreQuota":0},{"name":"standardNCSv2Family","coreQuota":0},{"name":"standardNDSFamily","coreQuota":0},{"name":"standardNCSv3Family","coreQuota":0},{"name":"standardFSv2Family","coreQuota":0},{"name":"standardHBSFamily","coreQuota":0},{"name":"standardHCSFamily","coreQuota":0}],"dedicatedCoreQuotaPerVMFamilyEnforced":false,"lowPriorityCoreQuota":500,"poolQuota":100,"activeJobAndJobScheduleQuota":300,"autoStorage":{"storageAccountId":"/subscriptions/00000000-0000-0000-0000-000000000000/resourceGroups/clitest.rg000001/providers/Microsoft.Storage/storageAccounts/clibatchteststorage7","lastKeySync":"2019-08-16T21:47:51.2895389Z"},"poolAllocationMode":"BatchService"}}'
    headers:
      cache-control:
      - no-cache
      content-length:
      - '2208'
      content-type:
      - application/json; charset=utf-8
      date:
      - Fri, 16 Aug 2019 21:48:29 GMT
      etag:
      - '"0x8D7229363030B9D"'
      expires:
      - '-1'
      last-modified:
      - Fri, 16 Aug 2019 21:47:51 GMT
      pragma:
      - no-cache
      server:
      - Microsoft-HTTPAPI/2.0
      strict-transport-security:
      - max-age=31536000; includeSubDomains
      transfer-encoding:
      - chunked
      vary:
      - Accept-Encoding
      x-content-type-options:
      - nosniff
    status:
      code: 200
      message: OK
- request:
    body: null
    headers:
      Accept:
      - application/json
      Accept-Encoding:
      - gzip, deflate
      CommandName:
      - batch application list
      Connection:
      - keep-alive
      ParameterSetName:
      - -g -n
      User-Agent:
      - python/3.6.5 (Windows-10-10.0.18362-SP0) msrest/0.6.9 msrest_azure/0.6.1 azure-mgmt-batch/7.0.0
        Azure-SDK-For-Python AZURECLI/2.0.71
      accept-language:
      - en-US
    method: GET
    uri: https://management.azure.com/subscriptions/00000000-0000-0000-0000-000000000000/resourceGroups/clitest.rg000001/providers/Microsoft.Batch/batchAccounts/clibatchtest7/applications?api-version=2019-08-01
  response:
    body:
      string: '{"value":[]}'
    headers:
      cache-control:
      - no-cache
      content-length:
      - '12'
      content-type:
      - application/json; charset=utf-8
      date:
      - Fri, 16 Aug 2019 21:48:29 GMT
      expires:
      - '-1'
      pragma:
      - no-cache
      server:
      - Microsoft-HTTPAPI/2.0
      strict-transport-security:
      - max-age=31536000; includeSubDomains
      transfer-encoding:
      - chunked
      vary:
      - Accept-Encoding
      x-content-type-options:
      - nosniff
    status:
      code: 200
      message: OK
- request:
    body: null
    headers:
      Accept:
      - application/json
      Accept-Encoding:
      - gzip, deflate
      CommandName:
      - storage account delete
      Connection:
      - keep-alive
      Content-Length:
      - '0'
      ParameterSetName:
      - -g -n --yes
      User-Agent:
      - python/3.6.5 (Windows-10-10.0.18362-SP0) msrest/0.6.9 msrest_azure/0.6.1 azure-mgmt-storage/4.0.0
        Azure-SDK-For-Python AZURECLI/2.0.71
      accept-language:
      - en-US
    method: DELETE
    uri: https://management.azure.com/subscriptions/00000000-0000-0000-0000-000000000000/resourceGroups/clitest.rg000001/providers/Microsoft.Storage/storageAccounts/clibatchteststorage7?api-version=2019-04-01
  response:
    body:
      string: ''
    headers:
      cache-control:
      - no-cache
      content-length:
      - '0'
      content-type:
      - text/plain; charset=utf-8
      date:
      - Fri, 16 Aug 2019 21:48:34 GMT
      expires:
      - '-1'
      pragma:
      - no-cache
      server:
      - Microsoft-Azure-Storage-Resource-Provider/1.0,Microsoft-HTTPAPI/2.0 Microsoft-HTTPAPI/2.0
      strict-transport-security:
      - max-age=31536000; includeSubDomains
      x-content-type-options:
      - nosniff
      x-ms-ratelimit-remaining-subscription-deletes:
      - '14999'
    status:
      code: 200
      message: OK
version: 1
