interactions:
- request:
    body: '{"location": "eastus"}'
    headers:
      Accept:
      - application/json
      Accept-Encoding:
      - gzip, deflate
      CommandName:
      - batch account create
      Connection:
      - keep-alive
      Content-Length:
      - '22'
      Content-Type:
      - application/json
      ParameterSetName:
      - -n -g -l
      User-Agent:
      - AZURECLI/2.49.0 azsdk-python-mgmt-batch/17.0.0 Python/3.8.10 (Windows-10-10.0.22621-SP0)
    method: PUT
    uri: https://management.azure.com/subscriptions/00000000-0000-0000-0000-000000000000/resourceGroups/clitest.rg000001/providers/Microsoft.Batch/batchAccounts/clibatch000002?api-version=2022-10-01
  response:
    body:
      string: ''
    headers:
      cache-control:
      - no-cache
      content-length:
      - '0'
      date:
      - Wed, 28 Jun 2023 15:03:07 GMT
      expires:
      - '-1'
      location:
      - https://management.azure.com/subscriptions/00000000-0000-0000-0000-000000000000/resourceGroups/clitest.rg000001/providers/Microsoft.Batch/batchAccounts/clibatch000002/operationResults/82affa63-bd13-468c-866e-555c1f747d71?api-version=2022-10-01
      pragma:
      - no-cache
      server:
      - Microsoft-HTTPAPI/2.0
      strict-transport-security:
      - max-age=31536000; includeSubDomains
      x-content-type-options:
      - nosniff
      x-ms-ratelimit-remaining-subscription-writes:
      - '1199'
    status:
      code: 202
      message: Accepted
- request:
    body: null
    headers:
      Accept:
      - '*/*'
      Accept-Encoding:
      - gzip, deflate
      CommandName:
      - batch account create
      Connection:
      - keep-alive
      ParameterSetName:
      - -n -g -l
      User-Agent:
      - AZURECLI/2.49.0 azsdk-python-mgmt-batch/17.0.0 Python/3.8.10 (Windows-10-10.0.22621-SP0)
    method: GET
    uri: https://management.azure.com/subscriptions/00000000-0000-0000-0000-000000000000/resourceGroups/clitest.rg000001/providers/Microsoft.Batch/batchAccounts/clibatch000002/operationResults/82affa63-bd13-468c-866e-555c1f747d71?api-version=2022-10-01
  response:
    body:
      string: ''
    headers:
      cache-control:
      - no-cache
      content-length:
      - '0'
      date:
      - Wed, 28 Jun 2023 15:03:07 GMT
      expires:
      - '-1'
      location:
      - https://management.azure.com/subscriptions/00000000-0000-0000-0000-000000000000/resourceGroups/clitest.rg000001/providers/Microsoft.Batch/batchAccounts/clibatch000002/operationResults/82affa63-bd13-468c-866e-555c1f747d71?api-version=2022-10-01
      pragma:
      - no-cache
      server:
      - Microsoft-HTTPAPI/2.0
      strict-transport-security:
      - max-age=31536000; includeSubDomains
      x-content-type-options:
      - nosniff
    status:
      code: 202
      message: Accepted
- request:
    body: null
    headers:
      Accept:
      - '*/*'
      Accept-Encoding:
      - gzip, deflate
      CommandName:
      - batch account create
      Connection:
      - keep-alive
      ParameterSetName:
      - -n -g -l
      User-Agent:
      - AZURECLI/2.49.0 azsdk-python-mgmt-batch/17.0.0 Python/3.8.10 (Windows-10-10.0.22621-SP0)
    method: GET
    uri: https://management.azure.com/subscriptions/00000000-0000-0000-0000-000000000000/resourceGroups/clitest.rg000001/providers/Microsoft.Batch/batchAccounts/clibatch000002/operationResults/82affa63-bd13-468c-866e-555c1f747d71?api-version=2022-10-01
  response:
    body:
      string: '{"id":"/subscriptions/00000000-0000-0000-0000-000000000000/resourceGroups/clitest.rg000001/providers/Microsoft.Batch/batchAccounts/clibatch000002","name":"clibatch000002","type":"Microsoft.Batch/batchAccounts","location":"eastus","properties":{"accountEndpoint":"clibatch000002.eastus.batch.azure.com","nodeManagementEndpoint":"4ca95ef7-95f1-4ecc-816e-13fe0cd41d13.eastus.service.batch.azure.com","provisioningState":"Succeeded","dedicatedCoreQuota":500,"dedicatedCoreQuotaPerVMFamily":[{"name":"standardAv2Family","coreQuota":500},{"name":"standardDv2Family","coreQuota":250},{"name":"standardDv3Family","coreQuota":500},{"name":"standardEv3Family","coreQuota":500},{"name":"standardDSv2Family","coreQuota":250},{"name":"standardDSv3Family","coreQuota":500},{"name":"standardESv3Family","coreQuota":500},{"name":"standardFSv2Family","coreQuota":100},{"name":"standardNCFamily","coreQuota":24},{"name":"standardNVFamily","coreQuota":24},{"name":"standardDDv4Family","coreQuota":100},{"name":"standardDDSv4Family","coreQuota":100},{"name":"standardEDv4Family","coreQuota":100},{"name":"standardEDSv4Family","coreQuota":100},{"name":"standardA0_A7Family","coreQuota":0},{"name":"standardA8_A11Family","coreQuota":0},{"name":"standardDFamily","coreQuota":0},{"name":"standardGFamily","coreQuota":0},{"name":"basicAFamily","coreQuota":0},{"name":"standardFFamily","coreQuota":0},{"name":"standardNVPromoFamily","coreQuota":0},{"name":"standardNCPromoFamily","coreQuota":0},{"name":"standardHFamily","coreQuota":0},{"name":"standardHPromoFamily","coreQuota":0},{"name":"standardMSFamily","coreQuota":0},{"name":"standardDSFamily","coreQuota":0},{"name":"standardFSFamily","coreQuota":0},{"name":"standardGSFamily","coreQuota":0},{"name":"standardLSFamily","coreQuota":0},{"name":"standardLSv2Family","coreQuota":0},{"name":"standardNCSv2Family","coreQuota":0},{"name":"standardNDSFamily","coreQuota":0},{"name":"standardNCSv3Family","coreQuota":0},{"name":"standardHBSFamily","coreQuota":0},{"name":"standardHCSFamily","coreQuota":0},{"name":"standardNVSv3Family","coreQuota":0},{"name":"standardHBrsv2Family","coreQuota":0},{"name":"standardDAv4Family","coreQuota":0},{"name":"standardDASv4Family","coreQuota":0},{"name":"standardEAv4Family","coreQuota":0},{"name":"standardEASv4Family","coreQuota":0},{"name":"standardMSv2Family","coreQuota":0},{"name":"standardEIv3Family","coreQuota":0},{"name":"standardNVSv4Family","coreQuota":0},{"name":"Standard
        NCASv3_T4 Family","coreQuota":0},{"name":"standardXEIDSv4Family","coreQuota":0},{"name":"Standard
        NDASv4_A100 Family","coreQuota":0},{"name":"standardDCSv2Family","coreQuota":0},{"name":"standardHBv3Family","coreQuota":0},{"name":"standardNPSFamily","coreQuota":0},{"name":"standardFXMDVSFamily","coreQuota":0},{"name":"standardDDv5Family","coreQuota":0},{"name":"standardDDSv5Family","coreQuota":0},{"name":"standardEDv5Family","coreQuota":0},{"name":"standardEDSv5Family","coreQuota":0},{"name":"standardNCADSA100v4Family","coreQuota":0},{"name":"standardDADSv5Family","coreQuota":0},{"name":"standardEADSv5Family","coreQuota":0},{"name":"StandardNVADSA10v5Family","coreQuota":0},{"name":"standardEBDSv5Family","coreQuota":0},{"name":"standardHBv4Family","coreQuota":0},{"name":"standardHXFamily","coreQuota":0},{"name":"standardLSv3Family","coreQuota":0},{"name":"standardLASv3Family","coreQuota":0}],"dedicatedCoreQuotaPerVMFamilyEnforced":true,"lowPriorityCoreQuota":500,"poolQuota":100,"activeJobAndJobScheduleQuota":300,"poolAllocationMode":"BatchService","publicNetworkAccess":"Enabled","privateEndpointConnections":[],"encryption":{"keySource":"Microsoft.Batch"},"allowedAuthenticationModes":["SharedKey","AAD","TaskAuthenticationToken"]},"identity":{"type":"None"}}'
    headers:
      cache-control:
      - no-cache
      content-length:
      - '3724'
      content-type:
      - application/json; charset=utf-8
      date:
      - Wed, 28 Jun 2023 15:03:24 GMT
      etag:
      - '"0x8DB77E8D20F3AFF"'
      expires:
      - '-1'
      last-modified:
      - Wed, 28 Jun 2023 15:03:24 GMT
      pragma:
      - no-cache
      server:
      - Microsoft-HTTPAPI/2.0
      strict-transport-security:
      - max-age=31536000; includeSubDomains
      transfer-encoding:
      - chunked
      vary:
      - Accept-Encoding
      x-content-type-options:
      - nosniff
    status:
      code: 200
      message: OK
- request:
    body: null
    headers:
      Accept:
      - application/json
      Accept-Encoding:
      - gzip, deflate
      CommandName:
      - batch account keys list
      Connection:
      - keep-alive
      Content-Length:
      - '0'
      ParameterSetName:
      - -n -g --query -o
      User-Agent:
      - AZURECLI/2.49.0 azsdk-python-mgmt-batch/17.0.0 Python/3.8.10 (Windows-10-10.0.22621-SP0)
    method: POST
    uri: https://management.azure.com/subscriptions/00000000-0000-0000-0000-000000000000/resourceGroups/clitest.rg000001/providers/Microsoft.Batch/batchAccounts/clibatch000002/listKeys?api-version=2022-10-01
  response:
    body:
      string: '{"accountName":"clibatch000002","primary":"JU1VDbrPx5mFpF2ScPq3yqJuV8VtWd4od5IAL/Gh0muAk+CsDNhMJC12GgxWOYYP5oyN52xXSD9W+ABai4hcGA==","secondary":"fakeBatchAccountKey0=="}'
    headers:
      cache-control:
      - no-cache
      content-length:
      - '170'
      content-type:
      - application/json; charset=utf-8
      date:
      - Wed, 28 Jun 2023 15:03:26 GMT
      expires:
      - '-1'
      pragma:
      - no-cache
      server:
      - Microsoft-HTTPAPI/2.0
      strict-transport-security:
      - max-age=31536000; includeSubDomains
      transfer-encoding:
      - chunked
      vary:
      - Accept-Encoding
      x-content-type-options:
      - nosniff
      x-ms-ratelimit-remaining-subscription-writes:
      - '1199'
    status:
      code: 200
      message: OK
- request:
    body: null
    headers:
      Accept:
      - application/json
      Accept-Encoding:
      - gzip, deflate
      CommandName:
      - batch account show
      Connection:
      - keep-alive
      ParameterSetName:
      - -n -g
      User-Agent:
      - AZURECLI/2.49.0 azsdk-python-mgmt-batch/17.0.0 Python/3.8.10 (Windows-10-10.0.22621-SP0)
    method: GET
    uri: https://management.azure.com/subscriptions/00000000-0000-0000-0000-000000000000/resourceGroups/clitest.rg000001/providers/Microsoft.Batch/batchAccounts/clibatch000002?api-version=2022-10-01
  response:
    body:
      string: '{"id":"/subscriptions/00000000-0000-0000-0000-000000000000/resourceGroups/clitest.rg000001/providers/Microsoft.Batch/batchAccounts/clibatch000002","name":"clibatch000002","type":"Microsoft.Batch/batchAccounts","location":"eastus","properties":{"accountEndpoint":"clibatch000002.eastus.batch.azure.com","nodeManagementEndpoint":"4ca95ef7-95f1-4ecc-816e-13fe0cd41d13.eastus.service.batch.azure.com","provisioningState":"Succeeded","dedicatedCoreQuota":500,"dedicatedCoreQuotaPerVMFamily":[{"name":"standardAv2Family","coreQuota":500},{"name":"standardDv2Family","coreQuota":250},{"name":"standardDv3Family","coreQuota":500},{"name":"standardEv3Family","coreQuota":500},{"name":"standardDSv2Family","coreQuota":250},{"name":"standardDSv3Family","coreQuota":500},{"name":"standardESv3Family","coreQuota":500},{"name":"standardFSv2Family","coreQuota":100},{"name":"standardNCFamily","coreQuota":24},{"name":"standardNVFamily","coreQuota":24},{"name":"standardDDv4Family","coreQuota":100},{"name":"standardDDSv4Family","coreQuota":100},{"name":"standardEDv4Family","coreQuota":100},{"name":"standardEDSv4Family","coreQuota":100},{"name":"standardA0_A7Family","coreQuota":0},{"name":"standardA8_A11Family","coreQuota":0},{"name":"standardDFamily","coreQuota":0},{"name":"standardGFamily","coreQuota":0},{"name":"basicAFamily","coreQuota":0},{"name":"standardFFamily","coreQuota":0},{"name":"standardNVPromoFamily","coreQuota":0},{"name":"standardNCPromoFamily","coreQuota":0},{"name":"standardHFamily","coreQuota":0},{"name":"standardHPromoFamily","coreQuota":0},{"name":"standardMSFamily","coreQuota":0},{"name":"standardDSFamily","coreQuota":0},{"name":"standardFSFamily","coreQuota":0},{"name":"standardGSFamily","coreQuota":0},{"name":"standardLSFamily","coreQuota":0},{"name":"standardLSv2Family","coreQuota":0},{"name":"standardNCSv2Family","coreQuota":0},{"name":"standardNDSFamily","coreQuota":0},{"name":"standardNCSv3Family","coreQuota":0},{"name":"standardHBSFamily","coreQuota":0},{"name":"standardHCSFamily","coreQuota":0},{"name":"standardNVSv3Family","coreQuota":0},{"name":"standardHBrsv2Family","coreQuota":0},{"name":"standardDAv4Family","coreQuota":0},{"name":"standardDASv4Family","coreQuota":0},{"name":"standardEAv4Family","coreQuota":0},{"name":"standardEASv4Family","coreQuota":0},{"name":"standardMSv2Family","coreQuota":0},{"name":"standardEIv3Family","coreQuota":0},{"name":"standardNVSv4Family","coreQuota":0},{"name":"Standard
        NCASv3_T4 Family","coreQuota":0},{"name":"standardXEIDSv4Family","coreQuota":0},{"name":"Standard
        NDASv4_A100 Family","coreQuota":0},{"name":"standardDCSv2Family","coreQuota":0},{"name":"standardHBv3Family","coreQuota":0},{"name":"standardNPSFamily","coreQuota":0},{"name":"standardFXMDVSFamily","coreQuota":0},{"name":"standardDDv5Family","coreQuota":0},{"name":"standardDDSv5Family","coreQuota":0},{"name":"standardEDv5Family","coreQuota":0},{"name":"standardEDSv5Family","coreQuota":0},{"name":"standardNCADSA100v4Family","coreQuota":0},{"name":"standardDADSv5Family","coreQuota":0},{"name":"standardEADSv5Family","coreQuota":0},{"name":"StandardNVADSA10v5Family","coreQuota":0},{"name":"standardEBDSv5Family","coreQuota":0},{"name":"standardHBv4Family","coreQuota":0},{"name":"standardHXFamily","coreQuota":0},{"name":"standardLSv3Family","coreQuota":0},{"name":"standardLASv3Family","coreQuota":0}],"dedicatedCoreQuotaPerVMFamilyEnforced":true,"lowPriorityCoreQuota":500,"poolQuota":100,"activeJobAndJobScheduleQuota":300,"poolAllocationMode":"BatchService","publicNetworkAccess":"Enabled","privateEndpointConnections":[],"encryption":{"keySource":"Microsoft.Batch"},"allowedAuthenticationModes":["SharedKey","AAD","TaskAuthenticationToken"]},"identity":{"type":"None"}}'
    headers:
      cache-control:
      - no-cache
      content-length:
      - '3724'
      content-type:
      - application/json; charset=utf-8
      date:
      - Wed, 28 Jun 2023 15:03:28 GMT
      etag:
      - '"0x8DB77E8CD139A17"'
      expires:
      - '-1'
      last-modified:
      - Wed, 28 Jun 2023 15:03:15 GMT
      pragma:
      - no-cache
      server:
      - Microsoft-HTTPAPI/2.0
      strict-transport-security:
      - max-age=31536000; includeSubDomains
      transfer-encoding:
      - chunked
      vary:
      - Accept-Encoding
      x-content-type-options:
      - nosniff
    status:
      code: 200
      message: OK
- request:
    body: '{"id": "xplatJobForTaskTests", "displayName": "displayName", "priority":
      1, "constraints": {"maxWallClockTime": "P1D", "maxTaskRetryCount": 5}, "commonEnvironmentSettings":
      [{"name": "commonName1", "value": "commonValue1"}, {"name": "commonName2", "value":
      "commonValue2"}], "poolInfo": {"poolId": "xplatTestPool"}, "metadata": [{"name":
      "specMeta1", "value": "specMetaValue1"}, {"name": "specMeta2", "value": "specMetaValue2"}]}'
    headers:
      Accept:
      - application/json
      Accept-Encoding:
      - gzip, deflate
      Connection:
      - keep-alive
      Content-Length:
      - '429'
      Content-Type:
      - application/json; odata=minimalmetadata; charset=utf-8
      User-Agent:
      - python/3.8.10 (Windows-10-10.0.22621-SP0) msrest/0.7.1 msrest_azure/0.6.4
        azure-batch/14.0.0 Azure-SDK-For-Python
      accept-language:
      - en-US
      return-client-request-id:
      - 'false'
    method: POST
    uri: https://clibatch000002.eastus.batch.azure.com/jobs?api-version=2023-05-01.17.0&timeout=30
  response:
    body:
      string: ''
    headers:
      dataserviceid:
      - https://clibatchrau3en37sq252oqt.eastus.batch.azure.com/jobs/job-1
      dataserviceversion:
      - '3.0'
      date:
      - Wed, 28 Jun 2023 15:03:30 GMT
      etag:
      - '0x8DB77E8D6557424'
      last-modified:
      - Wed, 28 Jun 2023 15:03:31 GMT
      location:
      - https://clibatch000002.eastus.batch.azure.com/jobs/job-1
      request-id:
      - 01ede240-82b4-423f-b050-57466169e1d1
      server:
      - Microsoft-HTTPAPI/2.0
      strict-transport-security:
      - max-age=31536000; includeSubDomains
      transfer-encoding:
      - chunked
      x-content-type-options:
      - nosniff
    status:
      code: 201
      message: Created
- request:
    body: '{"id": "xplatTask", "displayName": "displayName", "commandLine": "cmd /c
      dir /s", "environmentSettings": [{"name": "env1", "value": "value1"}, {"name":
      "env2", "value": "value2"}], "constraints": {"maxWallClockTime": "P1D", "maxTaskRetryCount":
      2}, "userIdentity": {"autoUser": {"scope": "pool", "elevationLevel": "nonadmin"}},
      "multiInstanceSettings": {"numberOfInstances": 3, "coordinationCommandLine":
      "cmd /c echo hello"}, "authenticationTokenSettings": {"access": ["job"]}}'
    headers:
      Accept:
      - application/json
      Accept-Encoding:
      - gzip, deflate
      Connection:
      - keep-alive
      Content-Length:
      - '478'
      Content-Type:
      - application/json; odata=minimalmetadata; charset=utf-8
      User-Agent:
      - python/3.8.10 (Windows-10-10.0.22621-SP0) msrest/0.7.1 msrest_azure/0.6.4
        azure-batch/14.0.0 Azure-SDK-For-Python
      accept-language:
      - en-US
    method: POST
    uri: https://clibatch000002.eastus.batch.azure.com/jobs/xplatJobForTaskTests/tasks?api-version=2023-05-01.17.0
  response:
    body:
      string: ''
    headers:
      dataserviceid:
      - https://clibatchrau3en37sq252oqt.eastus.batch.azure.com/jobs/xplatJobForTaskTests/tasks/xplatTask
      dataserviceversion:
      - '3.0'
      date:
      - Wed, 28 Jun 2023 15:03:33 GMT
      etag:
      - '0x8DB77E8D7593569'
      last-modified:
      - Wed, 28 Jun 2023 15:03:33 GMT
      location:
      - https://clibatch000002.eastus.batch.azure.com/jobs/xplatJobForTaskTests/tasks/xplatTask
      request-id:
      - 9ffec13e-4e98-4dd1-8acf-4ad46b466c9d
      server:
      - Microsoft-HTTPAPI/2.0
      strict-transport-security:
      - max-age=31536000; includeSubDomains
      transfer-encoding:
      - chunked
      x-content-type-options:
      - nosniff
    status:
      code: 201
      message: Created
- request:
    body: null
    headers:
      Accept:
      - application/json
      Accept-Encoding:
      - gzip, deflate
      Connection:
      - keep-alive
      User-Agent:
      - python/3.8.10 (Windows-10-10.0.22621-SP0) msrest/0.7.1 msrest_azure/0.6.4
        azure-batch/14.0.0 Azure-SDK-For-Python
      accept-language:
      - en-US
    method: GET
    uri: https://clibatch000002.eastus.batch.azure.com/jobs/xplatJobForTaskTests/tasks/xplatTask?api-version=2023-05-01.17.0
  response:
    body:
      string: "{\r\n  \"odata.metadata\":\"https://clibatch000002.eastus.batch.azure.com/$metadata#tasks/@Element\",\"id\":\"xplatTask\",\"displayName\":\"displayName\",\"url\":\"https://clibatch000002.eastus.batch.azure.com/jobs/xplatJobForTaskTests/tasks/xplatTask\",\"eTag\":\"0x8DB77E8D7593569\",\"creationTime\":\"2023-06-28T15:03:33.2122985Z\",\"lastModified\":\"2023-06-28T15:03:33.2122985Z\",\"state\":\"active\",\"stateTransitionTime\":\"2023-06-28T15:03:33.2122985Z\",\"commandLine\":\"cmd
        /c dir /s\",\"environmentSettings\":[\r\n    {\r\n      \"name\":\"env1\",\"value\":\"value1\"\r\n
        \   },{\r\n      \"name\":\"env2\",\"value\":\"value2\"\r\n    }\r\n  ],\"userIdentity\":{\r\n
        \   \"autoUser\":{\r\n      \"scope\":\"pool\",\"elevationLevel\":\"nonadmin\"\r\n
        \   }\r\n  },\"multiInstanceSettings\":{\r\n    \"numberOfInstances\":3,\"coordinationCommandLine\":\"cmd
        /c echo hello\"\r\n  },\"authenticationTokenSettings\":{\r\n    \"access\":[\r\n
        \     \"job\"\r\n    ]\r\n  },\"constraints\":{\r\n    \"maxWallClockTime\":\"P1D\",\"retentionTime\":\"P7D\",\"maxTaskRetryCount\":2\r\n
        \ },\"requiredSlots\":1,\"executionInfo\":{\r\n    \"retryCount\":0,\"requeueCount\":0\r\n
        \ }\r\n}"
    headers:
      content-type:
      - application/json;odata=minimalmetadata
      dataserviceversion:
      - '3.0'
      date:
      - Wed, 28 Jun 2023 15:03:33 GMT
      etag:
      - '0x8DB77E8D7593569'
      last-modified:
      - Wed, 28 Jun 2023 15:03:33 GMT
      request-id:
      - fc90604c-ab22-4d5f-805c-2541543000d0
      server:
      - Microsoft-HTTPAPI/2.0
      strict-transport-security:
      - max-age=31536000; includeSubDomains
      transfer-encoding:
      - chunked
      x-content-type-options:
      - nosniff
    status:
      code: 200
      message: OK
- request:
    body: null
    headers:
      Accept:
      - application/json
      Accept-Encoding:
      - gzip, deflate
      Connection:
      - keep-alive
      User-Agent:
      - python/3.8.10 (Windows-10-10.0.22621-SP0) msrest/0.7.1 msrest_azure/0.6.4
        azure-batch/14.0.0 Azure-SDK-For-Python
      accept-language:
      - en-US
      return-client-request-id:
      - 'false'
    method: GET
    uri: https://clibatch000002.eastus.batch.azure.com/jobs/xplatJobForTaskTests/tasks/xplatTask?api-version=2023-05-01.17.0&timeout=30
  response:
    body:
      string: "{\r\n  \"odata.metadata\":\"https://clibatch000002.eastus.batch.azure.com/$metadata#tasks/@Element\",\"id\":\"xplatTask\",\"displayName\":\"displayName\",\"url\":\"https://clibatch000002.eastus.batch.azure.com/jobs/xplatJobForTaskTests/tasks/xplatTask\",\"eTag\":\"0x8DB77E8D7593569\",\"creationTime\":\"2023-06-28T15:03:33.2122985Z\",\"lastModified\":\"2023-06-28T15:03:33.2122985Z\",\"state\":\"active\",\"stateTransitionTime\":\"2023-06-28T15:03:33.2122985Z\",\"commandLine\":\"cmd
        /c dir /s\",\"environmentSettings\":[\r\n    {\r\n      \"name\":\"env1\",\"value\":\"value1\"\r\n
        \   },{\r\n      \"name\":\"env2\",\"value\":\"value2\"\r\n    }\r\n  ],\"userIdentity\":{\r\n
        \   \"autoUser\":{\r\n      \"scope\":\"pool\",\"elevationLevel\":\"nonadmin\"\r\n
        \   }\r\n  },\"multiInstanceSettings\":{\r\n    \"numberOfInstances\":3,\"coordinationCommandLine\":\"cmd
        /c echo hello\"\r\n  },\"authenticationTokenSettings\":{\r\n    \"access\":[\r\n
        \     \"job\"\r\n    ]\r\n  },\"constraints\":{\r\n    \"maxWallClockTime\":\"P1D\",\"retentionTime\":\"P7D\",\"maxTaskRetryCount\":2\r\n
        \ },\"requiredSlots\":1,\"executionInfo\":{\r\n    \"retryCount\":0,\"requeueCount\":0\r\n
        \ }\r\n}"
    headers:
      content-type:
      - application/json;odata=minimalmetadata
      dataserviceversion:
      - '3.0'
      date:
      - Wed, 28 Jun 2023 15:03:35 GMT
      etag:
      - '0x8DB77E8D7593569'
      last-modified:
      - Wed, 28 Jun 2023 15:03:33 GMT
      request-id:
      - b689172b-8833-4795-931d-7570adc0534d
      server:
      - Microsoft-HTTPAPI/2.0
      strict-transport-security:
      - max-age=31536000; includeSubDomains
      transfer-encoding:
      - chunked
      x-content-type-options:
      - nosniff
    status:
      code: 200
      message: OK
- request:
    body: null
    headers:
      Accept:
      - application/json
      Accept-Encoding:
      - gzip, deflate
      Connection:
      - keep-alive
      Content-Length:
      - '0'
      User-Agent:
      - python/3.8.10 (Windows-10-10.0.22621-SP0) msrest/0.7.1 msrest_azure/0.6.4
        azure-batch/14.0.0 Azure-SDK-For-Python
      accept-language:
      - en-US
      return-client-request-id:
      - 'false'
    method: DELETE
    uri: https://clibatch000002.eastus.batch.azure.com/jobs/xplatJobForTaskTests/tasks/xplatTask?api-version=2023-05-01.17.0&timeout=30
  response:
    body:
      string: ''
    headers:
      dataserviceversion:
      - '3.0'
      date:
      - Wed, 28 Jun 2023 15:03:36 GMT
      request-id:
      - 0ccae9f8-c52b-45f7-9275-8c1f409747e3
      server:
      - Microsoft-HTTPAPI/2.0
      strict-transport-security:
      - max-age=31536000; includeSubDomains
      transfer-encoding:
      - chunked
      x-content-type-options:
      - nosniff
    status:
      code: 200
      message: OK
- request:
    body: '{"id": "aaa", "commandLine": "ping 127.0.0.1 -n 30"}'
    headers:
      Accept:
      - application/json
      Accept-Encoding:
      - gzip, deflate
      Connection:
      - keep-alive
      Content-Length:
      - '52'
      Content-Type:
      - application/json; odata=minimalmetadata; charset=utf-8
      User-Agent:
      - python/3.8.10 (Windows-10-10.0.22621-SP0) msrest/0.7.1 msrest_azure/0.6.4
        azure-batch/14.0.0 Azure-SDK-For-Python
      accept-language:
      - en-US
    method: POST
    uri: https://clibatch000002.eastus.batch.azure.com/jobs/xplatJobForTaskTests/tasks?api-version=2023-05-01.17.0
  response:
    body:
      string: ''
    headers:
      dataserviceid:
      - https://clibatchrau3en37sq252oqt.eastus.batch.azure.com/jobs/xplatJobForTaskTests/tasks/aaa
      dataserviceversion:
      - '3.0'
      date:
      - Wed, 28 Jun 2023 15:03:38 GMT
      etag:
      - '0x8DB77E8DAAC28FC'
      last-modified:
      - Wed, 28 Jun 2023 15:03:38 GMT
      location:
      - https://clibatch000002.eastus.batch.azure.com/jobs/xplatJobForTaskTests/tasks/aaa
      request-id:
      - ce69778d-a381-4593-b364-4b2e979b29ba
      server:
      - Microsoft-HTTPAPI/2.0
      strict-transport-security:
      - max-age=31536000; includeSubDomains
      transfer-encoding:
      - chunked
      x-content-type-options:
      - nosniff
    status:
      code: 201
      message: Created
- request:
    body: null
    headers:
      Accept:
      - application/json
      Accept-Encoding:
      - gzip, deflate
      Connection:
      - keep-alive
      User-Agent:
      - python/3.8.10 (Windows-10-10.0.22621-SP0) msrest/0.7.1 msrest_azure/0.6.4
        azure-batch/14.0.0 Azure-SDK-For-Python
      accept-language:
      - en-US
    method: GET
    uri: https://clibatch000002.eastus.batch.azure.com/jobs/xplatJobForTaskTests/tasks/aaa?api-version=2023-05-01.17.0
  response:
    body:
      string: "{\r\n  \"odata.metadata\":\"https://clibatch000002.eastus.batch.azure.com/$metadata#tasks/@Element\",\"id\":\"aaa\",\"url\":\"https://clibatch000002.eastus.batch.azure.com/jobs/xplatJobForTaskTests/tasks/aaa\",\"eTag\":\"0x8DB77E8DAAC28FC\",\"creationTime\":\"2023-06-28T15:03:38.789094Z\",\"lastModified\":\"2023-06-28T15:03:38.789094Z\",\"state\":\"active\",\"stateTransitionTime\":\"2023-06-28T15:03:38.789094Z\",\"commandLine\":\"ping
        127.0.0.1 -n 30\",\"userIdentity\":{\r\n    \"autoUser\":{\r\n      \"scope\":\"pool\",\"elevationLevel\":\"nonadmin\"\r\n
        \   }\r\n  },\"constraints\":{\r\n    \"maxWallClockTime\":\"P10675199DT2H48M5.4775807S\",\"retentionTime\":\"P7D\",\"maxTaskRetryCount\":5\r\n
        \ },\"requiredSlots\":1,\"executionInfo\":{\r\n    \"retryCount\":0,\"requeueCount\":0\r\n
        \ }\r\n}"
    headers:
      content-type:
      - application/json;odata=minimalmetadata
      dataserviceversion:
      - '3.0'
      date:
      - Wed, 28 Jun 2023 15:03:38 GMT
      etag:
      - '0x8DB77E8DAAC28FC'
      last-modified:
      - Wed, 28 Jun 2023 15:03:38 GMT
      request-id:
      - 03663304-c93f-43cf-b2b7-17d31edf46a3
      server:
      - Microsoft-HTTPAPI/2.0
      strict-transport-security:
      - max-age=31536000; includeSubDomains
      transfer-encoding:
      - chunked
      x-content-type-options:
      - nosniff
    status:
      code: 200
      message: OK
- request:
    body: null
    headers:
      Accept:
      - application/json
      Accept-Encoding:
      - gzip, deflate
      Connection:
      - keep-alive
      User-Agent:
      - python/3.8.10 (Windows-10-10.0.22621-SP0) msrest/0.7.1 msrest_azure/0.6.4
        azure-batch/14.0.0 Azure-SDK-For-Python
      accept-language:
      - en-US
      return-client-request-id:
      - 'false'
    method: GET
    uri: https://clibatch000002.eastus.batch.azure.com/jobs/xplatJobForTaskTests/taskcounts?api-version=2023-05-01.17.0&timeout=30
  response:
    body:
      string: "{\r\n  \"odata.metadata\":\"https://clibatch000002.eastus.batch.azure.com/$metadata#taskcountsresult/@Element\",\"taskCounts\":{\r\n
        \   \"active\":0,\"running\":0,\"completed\":0,\"succeeded\":0,\"failed\":0\r\n
        \ },\"taskSlotCounts\":{\r\n    \"active\":0,\"running\":0,\"completed\":0,\"succeeded\":0,\"failed\":0\r\n
        \ }\r\n}"
    headers:
      content-type:
      - application/json;odata=minimalmetadata
      dataserviceversion:
      - '3.0'
      date:
      - Wed, 28 Jun 2023 15:05:40 GMT
      request-id:
      - 360e62a6-79f0-4db0-91ee-5064f75ff97d
      server:
      - Microsoft-HTTPAPI/2.0
      strict-transport-security:
      - max-age=31536000; includeSubDomains
      transfer-encoding:
      - chunked
      x-content-type-options:
      - nosniff
    status:
      code: 200
      message: OK
- request:
    body: null
    headers:
      Accept:
      - application/json
      Accept-Encoding:
      - gzip, deflate
      Connection:
      - keep-alive
      User-Agent:
      - python/3.8.10 (Windows-10-10.0.22621-SP0) msrest/0.7.1 msrest_azure/0.6.4
        azure-batch/14.0.0 Azure-SDK-For-Python
      accept-language:
      - en-US
      return-client-request-id:
      - 'false'
    method: GET
    uri: https://clibatch000002.eastus.batch.azure.com/jobs/xplatJobForTaskTests/taskcounts?api-version=2023-05-01.17.0&timeout=30
  response:
    body:
      string: "{\r\n  \"odata.metadata\":\"https://clibatch000002.eastus.batch.azure.com/$metadata#taskcountsresult/@Element\",\"taskCounts\":{\r\n
        \   \"active\":1,\"running\":0,\"completed\":0,\"succeeded\":0,\"failed\":0\r\n
        \ },\"taskSlotCounts\":{\r\n    \"active\":1,\"running\":0,\"completed\":0,\"succeeded\":0,\"failed\":0\r\n
        \ }\r\n}"
    headers:
      content-type:
      - application/json;odata=minimalmetadata
      dataserviceversion:
      - '3.0'
      date:
      - Wed, 28 Jun 2023 15:07:13 GMT
      request-id:
      - da211e77-1aef-405d-b056-bbdbbe74a868
      server:
      - Microsoft-HTTPAPI/2.0
      strict-transport-security:
      - max-age=31536000; includeSubDomains
      transfer-encoding:
      - chunked
      x-content-type-options:
      - nosniff
    status:
      code: 200
      message: OK
- request:
    body: null
    headers:
      Accept:
      - application/json
      Accept-Encoding:
      - gzip, deflate
      Connection:
      - keep-alive
      User-Agent:
      - python/3.8.10 (Windows-10-10.0.22621-SP0) msrest/0.7.1 msrest_azure/0.6.4
        azure-batch/14.0.0 Azure-SDK-For-Python
      accept-language:
      - en-US
      return-client-request-id:
      - 'false'
    method: GET
    uri: https://clibatch000002.eastus.batch.azure.com/jobs/xplatJobForTaskTests/taskcounts?api-version=2023-05-01.17.0&timeout=30
  response:
    body:
      string: "{\r\n  \"odata.metadata\":\"https://clibatch000002.eastus.batch.azure.com/$metadata#taskcountsresult/@Element\",\"taskCounts\":{\r\n
        \   \"active\":1,\"running\":0,\"completed\":0,\"succeeded\":0,\"failed\":0\r\n
        \ },\"taskSlotCounts\":{\r\n    \"active\":1,\"running\":0,\"completed\":0,\"succeeded\":0,\"failed\":0\r\n
        \ }\r\n}"
    headers:
      content-type:
      - application/json;odata=minimalmetadata
      dataserviceversion:
      - '3.0'
      date:
      - Wed, 28 Jun 2023 15:07:23 GMT
      request-id:
      - 099e3150-e2e4-4aa4-bc94-6d67c272ece5
      server:
      - Microsoft-HTTPAPI/2.0
      strict-transport-security:
      - max-age=31536000; includeSubDomains
      transfer-encoding:
      - chunked
      x-content-type-options:
      - nosniff
    status:
      code: 200
      message: OK
- request:
    body: null
    headers:
      Accept:
      - application/json
      Accept-Encoding:
      - gzip, deflate
      Connection:
      - keep-alive
      Content-Length:
      - '0'
      User-Agent:
      - python/3.8.10 (Windows-10-10.0.22621-SP0) msrest/0.7.1 msrest_azure/0.6.4
        azure-batch/14.0.0 Azure-SDK-For-Python
      accept-language:
      - en-US
      return-client-request-id:
      - 'false'
    method: DELETE
    uri: https://clibatch000002.eastus.batch.azure.com/jobs/xplatJobForTaskTests/tasks/aaa?api-version=2023-05-01.17.0&timeout=30
  response:
    body:
      string: ''
    headers:
      dataserviceversion:
      - '3.0'
      date:
      - Wed, 28 Jun 2023 15:07:25 GMT
      request-id:
      - d0aaaf0a-f664-404b-a267-34e38442753b
      server:
      - Microsoft-HTTPAPI/2.0
      strict-transport-security:
      - max-age=31536000; includeSubDomains
      transfer-encoding:
      - chunked
      x-content-type-options:
      - nosniff
    status:
      code: 200
      message: OK
- request:
    body: '{"value": [{"id": "xplatTask3", "displayName": "displayName2", "commandLine":
      "cmd /c dir /s", "environmentSettings": [{"name": "env1", "value": "value1"},
      {"name": "env2", "value": "value2"}]}, {"id": "xplatTask2", "displayName": "displayName1",
      "commandLine": "cmd /c dir /s", "constraints": {"maxWallClockTime": "P1D", "maxTaskRetryCount":
      2}}, {"id": "xplatTask1", "displayName": "displayName", "commandLine": "cmd
      /c dir /s", "environmentSettings": [{"name": "env1", "value": "value1"}, {"name":
      "env2", "value": "value2"}], "constraints": {"maxWallClockTime": "P1D", "maxTaskRetryCount":
      2}}]}'
    headers:
      Accept:
      - application/json
      Accept-Encoding:
      - gzip, deflate
      Connection:
      - keep-alive
      Content-Length:
      - '599'
      Content-Type:
      - application/json; odata=minimalmetadata; charset=utf-8
      User-Agent:
      - python/3.8.10 (Windows-10-10.0.22621-SP0) msrest/0.7.1 msrest_azure/0.6.4
        azure-batch/14.0.0 Azure-SDK-For-Python
      accept-language:
      - en-US
    method: POST
    uri: https://clibatch000002.eastus.batch.azure.com/jobs/xplatJobForTaskTests/addtaskcollection?api-version=2023-05-01.17.0
  response:
    body:
      string: "{\r\n  \"odata.metadata\":\"https://clibatch000002.eastus.batch.azure.com/$metadata#taskaddresult\",\"value\":[\r\n
        \   {\r\n      \"status\":\"Success\",\"taskId\":\"xplatTask2\",\"eTag\":\"0x8DB77E9635B0BE3\",\"lastModified\":\"2023-06-28T15:07:28.1053667Z\",\"location\":\"https://clibatch000002.eastus.batch.azure.com/jobs/xplatJobForTaskTests/tasks/xplatTask2\"\r\n
        \   },{\r\n      \"status\":\"Success\",\"taskId\":\"xplatTask3\",\"eTag\":\"0x8DB77E9635B3303\",\"lastModified\":\"2023-06-28T15:07:28.1063683Z\",\"location\":\"https://clibatch000002.eastus.batch.azure.com/jobs/xplatJobForTaskTests/tasks/xplatTask3\"\r\n
        \   },{\r\n      \"status\":\"Success\",\"taskId\":\"xplatTask1\",\"eTag\":\"0x8DB77E9635B5A11\",\"lastModified\":\"2023-06-28T15:07:28.1073681Z\",\"location\":\"https://clibatch000002.eastus.batch.azure.com/jobs/xplatJobForTaskTests/tasks/xplatTask1\"\r\n
        \   }\r\n  ]\r\n}"
    headers:
      content-type:
      - application/json;odata=minimalmetadata
      dataserviceversion:
      - '3.0'
      date:
      - Wed, 28 Jun 2023 15:07:27 GMT
      request-id:
      - 60ebc1c9-a178-41c8-9329-798c3d206893
      server:
      - Microsoft-HTTPAPI/2.0
      strict-transport-security:
      - max-age=31536000; includeSubDomains
      transfer-encoding:
      - chunked
      x-content-type-options:
      - nosniff
    status:
      code: 200
      message: OK
- request:
    body: null
    headers:
      Accept:
      - application/json
      Accept-Encoding:
      - gzip, deflate
      Connection:
      - keep-alive
      Content-Length:
      - '0'
      User-Agent:
      - python/3.8.10 (Windows-10-10.0.22621-SP0) msrest/0.7.1 msrest_azure/0.6.4
        azure-batch/14.0.0 Azure-SDK-For-Python
      accept-language:
      - en-US
      return-client-request-id:
      - 'false'
    method: DELETE
    uri: https://clibatch000002.eastus.batch.azure.com/jobs/xplatJobForTaskTests?api-version=2023-05-01.17.0&timeout=30
  response:
    body:
      string: ''
    headers:
      dataserviceversion:
      - '3.0'
      date:
      - Wed, 28 Jun 2023 15:07:34 GMT
      request-id:
      - 132b5dbd-6ea0-4d3b-81a0-cfc1b424d5d4
      server:
      - Microsoft-HTTPAPI/2.0
      strict-transport-security:
      - max-age=31536000; includeSubDomains
      transfer-encoding:
      - chunked
      x-content-type-options:
      - nosniff
    status:
      code: 202
      message: Accepted
version: 1
