interactions:
- request:
    body: '{"location": "eastus"}'
    headers:
      Accept:
      - application/json
      Accept-Encoding:
      - gzip, deflate
      CommandName:
      - batch account create
      Connection:
      - keep-alive
      Content-Length:
      - '22'
      Content-Type:
      - application/json; charset=utf-8
      ParameterSetName:
      - -n -g -l
      User-Agent:
      - python/3.6.5 (Windows-10-10.0.18362-SP0) msrest/0.6.9 msrest_azure/0.6.1 azure-mgmt-batch/7.0.0
        Azure-SDK-For-Python AZURECLI/2.0.71
      accept-language:
      - en-US
    method: PUT
    uri: https://management.azure.com/subscriptions/00000000-0000-0000-0000-000000000000/resourceGroups/clitest.rg000001/providers/Microsoft.Batch/batchAccounts/clibatch000002?api-version=2019-08-01
  response:
    body:
      string: ''
    headers:
      cache-control:
      - no-cache
      content-length:
      - '0'
      date:
      - Thu, 15 Aug 2019 14:47:09 GMT
      expires:
      - '-1'
      location:
      - https://management.azure.com/subscriptions/00000000-0000-0000-0000-000000000000/resourceGroups/clitest.rg000001/providers/Microsoft.Batch/batchAccounts/clibatch000002/operationResults/5c95a160-3f4d-4752-94b9-969473a977e7?api-version=2019-08-01
      pragma:
      - no-cache
      server:
      - Microsoft-HTTPAPI/2.0
      strict-transport-security:
      - max-age=31536000; includeSubDomains
      x-content-type-options:
      - nosniff
      x-ms-ratelimit-remaining-subscription-writes:
      - '1199'
    status:
      code: 202
      message: Accepted
- request:
    body: null
    headers:
      Accept:
      - application/json
      Accept-Encoding:
      - gzip, deflate
      CommandName:
      - batch account create
      Connection:
      - keep-alive
      ParameterSetName:
      - -n -g -l
      User-Agent:
      - python/3.6.5 (Windows-10-10.0.18362-SP0) msrest/0.6.9 msrest_azure/0.6.1 azure-mgmt-batch/7.0.0
        Azure-SDK-For-Python AZURECLI/2.0.71
    method: GET
    uri: https://management.azure.com/subscriptions/00000000-0000-0000-0000-000000000000/resourceGroups/clitest.rg000001/providers/Microsoft.Batch/batchAccounts/clibatch000002/operationResults/5c95a160-3f4d-4752-94b9-969473a977e7?api-version=2019-08-01
  response:
    body:
      string: '{"id":"/subscriptions/00000000-0000-0000-0000-000000000000/resourceGroups/clitest.rg000001/providers/Microsoft.Batch/batchAccounts/clibatch000002","name":"clibatch000002","type":"Microsoft.Batch/batchAccounts","location":"eastus","properties":{"accountEndpoint":"clibatch000002.eastus.batch.azure.com","provisioningState":"Succeeded","dedicatedCoreQuota":700,"dedicatedCoreQuotaPerVMFamily":[{"name":"standardAv2Family","coreQuota":100},{"name":"standardDv2Family","coreQuota":100},{"name":"standardDv3Family","coreQuota":100},{"name":"standardEv3Family","coreQuota":50},{"name":"standardDSv2Family","coreQuota":100},{"name":"standardDSv3Family","coreQuota":100},{"name":"standardESv3Family","coreQuota":50},{"name":"standardFFamily","coreQuota":50},{"name":"standardFSFamily","coreQuota":50},{"name":"standardA0_A7Family","coreQuota":0},{"name":"standardA8_A11Family","coreQuota":0},{"name":"standardDFamily","coreQuota":0},{"name":"standardGFamily","coreQuota":0},{"name":"basicAFamily","coreQuota":0},{"name":"standardNVFamily","coreQuota":0},{"name":"standardNVPromoFamily","coreQuota":0},{"name":"standardNCFamily","coreQuota":0},{"name":"standardNCPromoFamily","coreQuota":0},{"name":"standardHFamily","coreQuota":0},{"name":"standardHPromoFamily","coreQuota":0},{"name":"standardMSFamily","coreQuota":0},{"name":"standardDSFamily","coreQuota":0},{"name":"standardGSFamily","coreQuota":0},{"name":"standardLSFamily","coreQuota":0},{"name":"standardNCSv2Family","coreQuota":0},{"name":"standardNDSFamily","coreQuota":0},{"name":"standardNCSv3Family","coreQuota":0},{"name":"standardFSv2Family","coreQuota":0},{"name":"standardHBSFamily","coreQuota":0},{"name":"standardHCSFamily","coreQuota":0}],"dedicatedCoreQuotaPerVMFamilyEnforced":false,"lowPriorityCoreQuota":500,"poolQuota":100,"activeJobAndJobScheduleQuota":300,"poolAllocationMode":"BatchService"}}'
    headers:
      cache-control:
      - no-cache
      content-length:
      - '1951'
      content-type:
      - application/json; charset=utf-8
      date:
      - Thu, 15 Aug 2019 14:47:24 GMT
      etag:
      - '"0x8D7218F7CE2EC88"'
      expires:
      - '-1'
      last-modified:
      - Thu, 15 Aug 2019 14:47:25 GMT
      pragma:
      - no-cache
      server:
      - Microsoft-HTTPAPI/2.0
      strict-transport-security:
      - max-age=31536000; includeSubDomains
      transfer-encoding:
      - chunked
      vary:
      - Accept-Encoding
      x-content-type-options:
      - nosniff
    status:
      code: 200
      message: OK
- request:
    body: null
    headers:
      Accept:
      - application/json
      Accept-Encoding:
      - gzip, deflate
      CommandName:
      - batch account keys list
      Connection:
      - keep-alive
      Content-Length:
      - '0'
      ParameterSetName:
      - -n -g --query -o
      User-Agent:
      - python/3.6.5 (Windows-10-10.0.18362-SP0) msrest/0.6.9 msrest_azure/0.6.1 azure-mgmt-batch/7.0.0
        Azure-SDK-For-Python AZURECLI/2.0.71
      accept-language:
      - en-US
    method: POST
    uri: https://management.azure.com/subscriptions/00000000-0000-0000-0000-000000000000/resourceGroups/clitest.rg000001/providers/Microsoft.Batch/batchAccounts/clibatch000002/listKeys?api-version=2019-08-01
  response:
    body:
      string: '{"accountName":"clibatch000002","primary":"ioZdNcjol2Z+j6oAcAECMJ4v1dFD3Dq1TViFZZkxHQNwBbApfkMH/iL738uvGGsW3Q4cX3lLl7gL9/YmfILMdA==","secondary":"TssWWU3DARvWMT02KZlh/BrPK8RL3YJiINBmcqFVSzcYrJFpLQNLdOOAY9mQgS3coqK8xnDk6WKIJIvOerSxnQ=="}'
    headers:
      cache-control:
      - no-cache
      content-length:
      - '246'
      content-type:
      - application/json; charset=utf-8
      date:
      - Thu, 15 Aug 2019 14:47:26 GMT
      expires:
      - '-1'
      pragma:
      - no-cache
      server:
      - Microsoft-HTTPAPI/2.0
      strict-transport-security:
      - max-age=31536000; includeSubDomains
      transfer-encoding:
      - chunked
      vary:
      - Accept-Encoding
      x-content-type-options:
      - nosniff
      x-ms-ratelimit-remaining-subscription-writes:
      - '1199'
    status:
      code: 200
      message: OK
- request:
    body: null
    headers:
      Accept:
      - application/json
      Accept-Encoding:
      - gzip, deflate
      CommandName:
      - batch account show
      Connection:
      - keep-alive
      ParameterSetName:
      - -n -g
      User-Agent:
      - python/3.6.5 (Windows-10-10.0.18362-SP0) msrest/0.6.9 msrest_azure/0.6.1 azure-mgmt-batch/7.0.0
        Azure-SDK-For-Python AZURECLI/2.0.71
      accept-language:
      - en-US
    method: GET
    uri: https://management.azure.com/subscriptions/00000000-0000-0000-0000-000000000000/resourceGroups/clitest.rg000001/providers/Microsoft.Batch/batchAccounts/clibatch000002?api-version=2019-08-01
  response:
    body:
      string: '{"id":"/subscriptions/00000000-0000-0000-0000-000000000000/resourceGroups/clitest.rg000001/providers/Microsoft.Batch/batchAccounts/clibatch000002","name":"clibatch000002","type":"Microsoft.Batch/batchAccounts","location":"eastus","properties":{"accountEndpoint":"clibatch000002.eastus.batch.azure.com","provisioningState":"Succeeded","dedicatedCoreQuota":700,"dedicatedCoreQuotaPerVMFamily":[{"name":"standardAv2Family","coreQuota":100},{"name":"standardDv2Family","coreQuota":100},{"name":"standardDv3Family","coreQuota":100},{"name":"standardEv3Family","coreQuota":50},{"name":"standardDSv2Family","coreQuota":100},{"name":"standardDSv3Family","coreQuota":100},{"name":"standardESv3Family","coreQuota":50},{"name":"standardFFamily","coreQuota":50},{"name":"standardFSFamily","coreQuota":50},{"name":"standardA0_A7Family","coreQuota":0},{"name":"standardA8_A11Family","coreQuota":0},{"name":"standardDFamily","coreQuota":0},{"name":"standardGFamily","coreQuota":0},{"name":"basicAFamily","coreQuota":0},{"name":"standardNVFamily","coreQuota":0},{"name":"standardNVPromoFamily","coreQuota":0},{"name":"standardNCFamily","coreQuota":0},{"name":"standardNCPromoFamily","coreQuota":0},{"name":"standardHFamily","coreQuota":0},{"name":"standardHPromoFamily","coreQuota":0},{"name":"standardMSFamily","coreQuota":0},{"name":"standardDSFamily","coreQuota":0},{"name":"standardGSFamily","coreQuota":0},{"name":"standardLSFamily","coreQuota":0},{"name":"standardNCSv2Family","coreQuota":0},{"name":"standardNDSFamily","coreQuota":0},{"name":"standardNCSv3Family","coreQuota":0},{"name":"standardFSv2Family","coreQuota":0},{"name":"standardHBSFamily","coreQuota":0},{"name":"standardHCSFamily","coreQuota":0}],"dedicatedCoreQuotaPerVMFamilyEnforced":false,"lowPriorityCoreQuota":500,"poolQuota":100,"activeJobAndJobScheduleQuota":300,"poolAllocationMode":"BatchService"}}'
    headers:
      cache-control:
      - no-cache
      content-length:
      - '1951'
      content-type:
      - application/json; charset=utf-8
      date:
      - Thu, 15 Aug 2019 14:47:27 GMT
      etag:
      - '"0x8D7218F735BEA30"'
      expires:
      - '-1'
      last-modified:
      - Thu, 15 Aug 2019 14:47:09 GMT
      pragma:
      - no-cache
      server:
      - Microsoft-HTTPAPI/2.0
      strict-transport-security:
      - max-age=31536000; includeSubDomains
      transfer-encoding:
      - chunked
      vary:
      - Accept-Encoding
      x-content-type-options:
      - nosniff
    status:
      code: 200
      message: OK
- request:
    body: '{"id": "xplatJobScheduleJobTests", "displayName": "displayName", "schedule":
      {"recurrenceInterval": "P2D"}, "jobSpecification": {"priority": 1, "displayName":
      "jobSpecDisplayName", "constraints": {"maxWallClockTime": "P1D", "maxTaskRetryCount":
      5}, "jobManagerTask": {"id": "jobManager", "displayName": "jobManagerDisplay",
      "commandLine": "cmd /c dir /s", "resourceFiles": [{"httpUrl": "https://testacct.blob.core.windows.net/",
      "filePath": "filePath"}], "environmentSettings": [{"name": "name1", "value":
      "value1"}, {"name": "name2", "value": "value2"}], "constraints": {"maxWallClockTime":
      "PT1H"}, "killJobOnCompletion": false}, "jobPreparationTask": {"id": "jobPrep",
      "commandLine": "cmd /c dir /s", "resourceFiles": [{"httpUrl": "https://testacct.blob.core.windows.net/",
      "filePath": "jobPrepFilePath"}], "environmentSettings": [{"name": "jobPrepName1",
      "value": "jobPrepValue1"}, {"name": "jobPrepName2", "value": "jobPrepValue2"}],
      "constraints": {"maxTaskRetryCount": 2}}, "jobReleaseTask": {"id": "jobRelease",
      "commandLine": "cmd /c dir /s", "resourceFiles": [{"httpUrl": "https://testacct.blob.core.windows.net/",
      "filePath": "jobReleaseFilePath"}], "environmentSettings": [{"name": "jobReleaseName1",
      "value": "jobReleaseValue1"}, {"name": "jobReleaseName2", "value": "jobReleaseValue2"}]},
      "commonEnvironmentSettings": [{"name": "commonName1", "value": "commonValue1"},
      {"name": "commonName2", "value": "commonValue2"}], "poolInfo": {"autoPoolSpecification":
      {"autoPoolIdPrefix": "TestSpecPrefix", "poolLifetimeOption": "jobschedule",
      "keepAlive": false, "pool": {"vmSize": "small", "cloudServiceConfiguration":
      {"osFamily": "4"}, "startTask": {"commandLine": "cmd /c dir /s"}, "certificateReferences":
      [{"thumbprint": "0123456789ABCDEF", "thumbprintAlgorithm": "sha1", "storeLocation":
      "localmachine", "storeName": "certStore", "visibility": ["starttask"]}]}}},
      "metadata": [{"name": "specMeta1", "value": "specMetaValue1"}, {"name": "specMeta2",
      "value": "specMetaValue2"}]}, "metadata": [{"name": "meta2", "value": "value2"},
      {"name": "meta1", "value": "value1"}]}'
    headers:
      Accept:
      - application/json
      Accept-Encoding:
      - gzip, deflate
      Connection:
      - keep-alive
      Content-Length:
      - '2080'
      Content-Type:
      - application/json; odata=minimalmetadata; charset=utf-8
      User-Agent:
      - python/3.6.5 (Windows-10-10.0.18362-SP0) msrest/0.6.9 msrest_azure/0.6.1 azure-batch/8.0.0
        Azure-SDK-For-Python
      accept-language:
      - en-US
      ocp-date:
      - Thu, 15 Aug 2019 14:47:27 GMT
      return-client-request-id:
      - 'false'
    method: POST
    uri: https://clibatch000002.eastus.batch.azure.com/jobschedules?api-version=2019-08-01.10.0&timeout=30
  response:
    body:
      string: ''
    headers:
      dataserviceid:
      - https://clibatchhgoqorccmqppmrin.eastus.batch.azure.com/jobschedules/xplatJobScheduleJobTests
      dataserviceversion:
      - '3.0'
      date:
      - Thu, 15 Aug 2019 14:47:28 GMT
      etag:
      - '0x8D7218F7E92DEF9'
      last-modified:
      - Thu, 15 Aug 2019 14:47:28 GMT
      location:
      - https://clibatch000002.eastus.batch.azure.com/jobschedules/xplatJobScheduleJobTests
      request-id:
      - 0c62dad8-f58f-419b-8871-149b041b654b
      server:
      - Microsoft-HTTPAPI/2.0
      strict-transport-security:
      - max-age=31536000; includeSubDomains
      transfer-encoding:
      - chunked
      x-content-type-options:
      - nosniff
    status:
      code: 201
      message: Created
- request:
    body: '{"id": "xplatJob", "displayName": "displayName", "priority": 1, "constraints":
      {"maxWallClockTime": "P1D", "maxTaskRetryCount": 5}, "jobManagerTask": {"id":
      "jobManager", "displayName": "jobManagerDisplay", "commandLine": "cmd /c dir
      /s", "resourceFiles": [{"httpUrl": "https://testacct.blob.core.windows.net/",
      "filePath": "filePath"}], "environmentSettings": [{"name": "name1", "value":
      "value1"}, {"name": "name2", "value": "value2"}], "constraints": {"maxWallClockTime":
      "PT1H"}, "killJobOnCompletion": false}, "jobPreparationTask": {"id": "jobPrep",
      "commandLine": "cmd /c dir /s", "resourceFiles": [{"httpUrl": "https://testacct.blob.core.windows.net/",
      "filePath": "jobPrepFilePath"}], "environmentSettings": [{"name": "jobPrepName1",
      "value": "jobPrepValue1"}, {"name": "jobPrepName2", "value": "jobPrepValue2"}],
      "constraints": {"maxTaskRetryCount": 2}}, "jobReleaseTask": {"id": "jobRelease",
      "commandLine": "cmd /c dir /s", "resourceFiles": [{"httpUrl": "https://testacct.blob.core.windows.net/",
      "filePath": "jobReleaseFilePath"}], "environmentSettings": [{"name": "jobReleaseName1",
      "value": "jobReleaseValue1"}, {"name": "jobReleaseName2", "value": "jobReleaseValue2"}]},
      "commonEnvironmentSettings": [{"name": "commonName1", "value": "commonValue1"},
      {"name": "commonName2", "value": "commonValue2"}], "poolInfo": {"poolId": "xplatTestPool"},
      "metadata": [{"name": "specMeta1", "value": "specMetaValue1"}, {"name": "specMeta2",
      "value": "specMetaValue2"}]}'
    headers:
      Accept:
      - application/json
      Accept-Encoding:
      - gzip, deflate
      Connection:
      - keep-alive
      Content-Length:
      - '1471'
      Content-Type:
      - application/json; odata=minimalmetadata; charset=utf-8
      User-Agent:
      - python/3.6.5 (Windows-10-10.0.18362-SP0) msrest/0.6.9 msrest_azure/0.6.1 azure-batch/8.0.0
        Azure-SDK-For-Python
      accept-language:
      - en-US
      ocp-date:
      - Thu, 15 Aug 2019 14:47:28 GMT
      return-client-request-id:
      - 'false'
    method: POST
    uri: https://clibatch000002.eastus.batch.azure.com/jobs?api-version=2019-08-01.10.0&timeout=30
  response:
    body:
      string: ''
    headers:
      dataserviceid:
      - https://clibatchhgoqorccmqppmrin.eastus.batch.azure.com/jobs/job-1
      dataserviceversion:
      - '3.0'
      date:
      - Thu, 15 Aug 2019 14:47:29 GMT
      etag:
      - '0x8D7218F7F154F54'
      last-modified:
      - Thu, 15 Aug 2019 14:47:29 GMT
      location:
      - https://clibatch000002.eastus.batch.azure.com/jobs/job-1
      request-id:
      - 6ddded44-595c-4bd1-b885-0075a93ad4e0
      server:
      - Microsoft-HTTPAPI/2.0
      strict-transport-security:
      - max-age=31536000; includeSubDomains
      transfer-encoding:
      - chunked
      x-content-type-options:
      - nosniff
    status:
      code: 201
      message: Created
- request:
    body: null
    headers:
      Accept:
      - application/json
      Accept-Encoding:
      - gzip, deflate
      Connection:
      - keep-alive
      User-Agent:
      - python/3.6.5 (Windows-10-10.0.18362-SP0) msrest/0.6.9 msrest_azure/0.6.1 azure-batch/8.0.0
        Azure-SDK-For-Python
      accept-language:
      - en-US
      ocp-date:
      - Thu, 15 Aug 2019 14:47:29 GMT
      return-client-request-id:
      - 'false'
    method: GET
    uri: https://clibatch000002.eastus.batch.azure.com/jobschedules/xplatJobScheduleJobTests/jobs?api-version=2019-08-01.10.0&maxresults=1000&timeout=30
  response:
    body:
      string: "{\r\n  \"odata.metadata\":\"https://clibatch000002.eastus.batch.azure.com/$metadata#jobs\",\"value\":[\r\n
        \   {\r\n      \"id\":\"xplatJobScheduleJobTests:job-1\",\"displayName\":\"jobSpecDisplayName\",\"url\":\"https://clibatch000002.eastus.batch.azure.com/jobs/xplatJobScheduleJobTests:job-1\",\"eTag\":\"0x8D7218F7EA8C04F\",\"lastModified\":\"2019-08-15T14:47:28.5242959Z\",\"creationTime\":\"2019-08-15T14:47:28.4845332Z\",\"state\":\"completed\",\"stateTransitionTime\":\"2019-08-15T14:47:28.6207527Z\",\"previousState\":\"active\",\"previousStateTransitionTime\":\"2019-08-15T14:47:28.5242959Z\",\"priority\":1,\"usesTaskDependencies\":false,\"constraints\":{\r\n
        \       \"maxWallClockTime\":\"P1D\",\"maxTaskRetryCount\":5\r\n      },\"jobManagerTask\":{\r\n
        \       \"id\":\"jobManager\",\"displayName\":\"jobManagerDisplay\",\"commandLine\":\"cmd
        /c dir /s\",\"resourceFiles\":[\r\n          {\r\n            \"httpUrl\":\"https://testacct.blob.core.windows.net/\",\"filePath\":\"filePath\"\r\n
        \         }\r\n        ],\"environmentSettings\":[\r\n          {\r\n            \"name\":\"name1\",\"value\":\"value1\"\r\n
        \         },{\r\n            \"name\":\"name2\",\"value\":\"value2\"\r\n          }\r\n
        \       ],\"constraints\":{\r\n          \"maxWallClockTime\":\"PT1H\",\"retentionTime\":\"P7D\",\"maxTaskRetryCount\":5\r\n
        \       },\"userIdentity\":{\r\n          \"autoUser\":{\r\n            \"scope\":\"pool\",\"elevationLevel\":\"nonadmin\"\r\n
        \         }\r\n        },\"runExclusive\":true,\"allowLowPriorityNode\":true,\"killJobOnCompletion\":false\r\n
        \     },\"jobPreparationTask\":{\r\n        \"id\":\"jobPrep\",\"commandLine\":\"cmd
        /c dir /s\",\"resourceFiles\":[\r\n          {\r\n            \"httpUrl\":\"https://testacct.blob.core.windows.net/\",\"filePath\":\"jobPrepFilePath\"\r\n
        \         }\r\n        ],\"environmentSettings\":[\r\n          {\r\n            \"name\":\"jobPrepName1\",\"value\":\"jobPrepValue1\"\r\n
        \         },{\r\n            \"name\":\"jobPrepName2\",\"value\":\"jobPrepValue2\"\r\n
        \         }\r\n        ],\"constraints\":{\r\n          \"maxWallClockTime\":\"P10675199DT2H48M5.4775807S\",\"retentionTime\":\"P7D\",\"maxTaskRetryCount\":2\r\n
        \       },\"userIdentity\":{\r\n          \"autoUser\":{\r\n            \"scope\":\"pool\",\"elevationLevel\":\"nonadmin\"\r\n
        \         }\r\n        },\"waitForSuccess\":true,\"rerunOnNodeRebootAfterSuccess\":true\r\n
        \     },\"jobReleaseTask\":{\r\n        \"id\":\"jobRelease\",\"commandLine\":\"cmd
        /c dir /s\",\"resourceFiles\":[\r\n          {\r\n            \"httpUrl\":\"https://testacct.blob.core.windows.net/\",\"filePath\":\"jobReleaseFilePath\"\r\n
        \         }\r\n        ],\"environmentSettings\":[\r\n          {\r\n            \"name\":\"jobReleaseName1\",\"value\":\"jobReleaseValue1\"\r\n
        \         },{\r\n            \"name\":\"jobReleaseName2\",\"value\":\"jobReleaseValue2\"\r\n
        \         }\r\n        ],\"maxWallClockTime\":\"PT15M\",\"retentionTime\":\"P7D\",\"userIdentity\":{\r\n
        \         \"autoUser\":{\r\n            \"scope\":\"pool\",\"elevationLevel\":\"nonadmin\"\r\n
        \         }\r\n        }\r\n      },\"commonEnvironmentSettings\":[\r\n        {\r\n
        \         \"name\":\"commonName1\",\"value\":\"commonValue1\"\r\n        },{\r\n
        \         \"name\":\"commonName2\",\"value\":\"commonValue2\"\r\n        }\r\n
        \     ],\"poolInfo\":{\r\n        \"autoPoolSpecification\":{\r\n          \"autoPoolIdPrefix\":\"TestSpecPrefix\",\"poolLifetimeOption\":\"jobschedule\",\"keepAlive\":false,\"pool\":{\r\n
        \           \"vmSize\":\"small\",\"maxTasksPerNode\":1,\"taskSchedulingPolicy\":{\r\n
        \             \"nodeFillType\":\"Spread\"\r\n            },\"resizeTimeout\":\"PT15M\",\"targetDedicatedNodes\":0,\"targetLowPriorityNodes\":0,\"enableAutoScale\":false,\"enableInterNodeCommunication\":false,\"startTask\":{\r\n
        \             \"commandLine\":\"cmd /c dir /s\",\"userIdentity\":{\r\n                \"autoUser\":{\r\n
        \                 \"scope\":\"pool\",\"elevationLevel\":\"nonadmin\"\r\n                }\r\n
        \             },\"maxTaskRetryCount\":0,\"waitForSuccess\":true\r\n            },\"certificateReferences\":[\r\n
        \             {\r\n                \"thumbprint\":\"0123456789abcdef\",\"thumbprintAlgorithm\":\"sha1\",\"storeLocation\":\"LocalMachine\",\"storeName\":\"certStore\",\"visibility\":[\r\n
        \                 \"starttask\"\r\n                ]\r\n              }\r\n
        \           ],\"cloudServiceConfiguration\":{\r\n              \"osFamily\":\"4\",\"osVersion\":\"*\"\r\n
        \           }\r\n          }\r\n        }\r\n      },\"metadata\":[\r\n        {\r\n
        \         \"name\":\"specMeta1\",\"value\":\"specMetaValue1\"\r\n        },{\r\n
        \         \"name\":\"specMeta2\",\"value\":\"specMetaValue2\"\r\n        }\r\n
        \     ],\"executionInfo\":{\r\n        \"startTime\":\"2019-08-15T14:47:28.5242959Z\",\"endTime\":\"2019-08-15T14:47:28.6207527Z\",\"poolId\":\"TestSpecPrefix_ABCAE13C-8FD5-43EB-918F-9271126EC93E\",\"schedulingError\":{\r\n
        \         \"category\":\"UserError\",\"code\":\"InvalidCertificatesInAutoPool\",\"message\":\"One
        or more certificates specified for the pool are invalid\",\"details\":[\r\n
        \           {\r\n              \"name\":\"sha1-0123456789abcdef\",\"value\":\"The
        specified certificate does not exist.\"\r\n            }\r\n          ]\r\n
        \       }\r\n      },\"onAllTasksComplete\":\"noaction\",\"onTaskFailure\":\"noaction\"\r\n
        \   }\r\n  ]\r\n}"
    headers:
      content-type:
      - application/json;odata=minimalmetadata
      dataserviceversion:
      - '3.0'
      date:
      - Thu, 15 Aug 2019 14:47:29 GMT
      request-id:
      - 88885ee0-d5be-4516-9e2b-f536d7c43135
      server:
      - Microsoft-HTTPAPI/2.0
      strict-transport-security:
      - max-age=31536000; includeSubDomains
      transfer-encoding:
      - chunked
      x-content-type-options:
      - nosniff
    status:
      code: 200
      message: OK
- request:
    body: null
    headers:
      Accept:
      - application/json
      Accept-Encoding:
      - gzip, deflate
      Connection:
      - keep-alive
      User-Agent:
      - python/3.6.5 (Windows-10-10.0.18362-SP0) msrest/0.6.9 msrest_azure/0.6.1 azure-batch/8.0.0
        Azure-SDK-For-Python
      accept-language:
      - en-US
      ocp-date:
      - Thu, 15 Aug 2019 14:47:30 GMT
      return-client-request-id:
      - 'false'
    method: GET
    uri: https://clibatch000002.eastus.batch.azure.com/jobs?api-version=2019-08-01.10.0&maxresults=1000&timeout=30
  response:
    body:
      string: "{\r\n  \"odata.metadata\":\"https://clibatch000002.eastus.batch.azure.com/$metadata#jobs\",\"value\":[\r\n
        \   {\r\n      \"id\":\"xplatJob\",\"displayName\":\"displayName\",\"url\":\"https://clibatch000002.eastus.batch.azure.com/jobs/xplatJob\",\"eTag\":\"0x8D7218F7F154F54\",\"lastModified\":\"2019-08-15T14:47:29.235746Z\",\"creationTime\":\"2019-08-15T14:47:29.0893975Z\",\"state\":\"active\",\"stateTransitionTime\":\"2019-08-15T14:47:29.235746Z\",\"priority\":1,\"usesTaskDependencies\":false,\"constraints\":{\r\n
        \       \"maxWallClockTime\":\"P1D\",\"maxTaskRetryCount\":5\r\n      },\"jobManagerTask\":{\r\n
        \       \"id\":\"jobManager\",\"displayName\":\"jobManagerDisplay\",\"commandLine\":\"cmd
        /c dir /s\",\"resourceFiles\":[\r\n          {\r\n            \"httpUrl\":\"https://testacct.blob.core.windows.net/\",\"filePath\":\"filePath\"\r\n
        \         }\r\n        ],\"environmentSettings\":[\r\n          {\r\n            \"name\":\"name1\",\"value\":\"value1\"\r\n
        \         },{\r\n            \"name\":\"name2\",\"value\":\"value2\"\r\n          }\r\n
        \       ],\"constraints\":{\r\n          \"maxWallClockTime\":\"PT1H\",\"retentionTime\":\"P7D\",\"maxTaskRetryCount\":5\r\n
        \       },\"userIdentity\":{\r\n          \"autoUser\":{\r\n            \"scope\":\"pool\",\"elevationLevel\":\"nonadmin\"\r\n
        \         }\r\n        },\"runExclusive\":true,\"allowLowPriorityNode\":true,\"killJobOnCompletion\":false\r\n
        \     },\"jobPreparationTask\":{\r\n        \"id\":\"jobPrep\",\"commandLine\":\"cmd
        /c dir /s\",\"resourceFiles\":[\r\n          {\r\n            \"httpUrl\":\"https://testacct.blob.core.windows.net/\",\"filePath\":\"jobPrepFilePath\"\r\n
        \         }\r\n        ],\"environmentSettings\":[\r\n          {\r\n            \"name\":\"jobPrepName1\",\"value\":\"jobPrepValue1\"\r\n
        \         },{\r\n            \"name\":\"jobPrepName2\",\"value\":\"jobPrepValue2\"\r\n
        \         }\r\n        ],\"constraints\":{\r\n          \"maxWallClockTime\":\"P10675199DT2H48M5.4775807S\",\"retentionTime\":\"P7D\",\"maxTaskRetryCount\":2\r\n
        \       },\"userIdentity\":{\r\n          \"autoUser\":{\r\n            \"scope\":\"pool\",\"elevationLevel\":\"nonadmin\"\r\n
        \         }\r\n        },\"waitForSuccess\":true,\"rerunOnNodeRebootAfterSuccess\":true\r\n
        \     },\"jobReleaseTask\":{\r\n        \"id\":\"jobRelease\",\"commandLine\":\"cmd
        /c dir /s\",\"resourceFiles\":[\r\n          {\r\n            \"httpUrl\":\"https://testacct.blob.core.windows.net/\",\"filePath\":\"jobReleaseFilePath\"\r\n
        \         }\r\n        ],\"environmentSettings\":[\r\n          {\r\n            \"name\":\"jobReleaseName1\",\"value\":\"jobReleaseValue1\"\r\n
        \         },{\r\n            \"name\":\"jobReleaseName2\",\"value\":\"jobReleaseValue2\"\r\n
        \         }\r\n        ],\"maxWallClockTime\":\"PT15M\",\"retentionTime\":\"P7D\",\"userIdentity\":{\r\n
        \         \"autoUser\":{\r\n            \"scope\":\"pool\",\"elevationLevel\":\"nonadmin\"\r\n
        \         }\r\n        }\r\n      },\"commonEnvironmentSettings\":[\r\n        {\r\n
        \         \"name\":\"commonName1\",\"value\":\"commonValue1\"\r\n        },{\r\n
        \         \"name\":\"commonName2\",\"value\":\"commonValue2\"\r\n        }\r\n
        \     ],\"poolInfo\":{\r\n        \"poolId\":\"xplatTestPool\"\r\n      },\"metadata\":[\r\n
        \       {\r\n          \"name\":\"specMeta1\",\"value\":\"specMetaValue1\"\r\n
        \       },{\r\n          \"name\":\"specMeta2\",\"value\":\"specMetaValue2\"\r\n
        \       }\r\n      ],\"executionInfo\":{\r\n        \"startTime\":\"2019-08-15T14:47:29.235746Z\",\"poolId\":\"xplatTestPool\"\r\n
        \     },\"onAllTasksComplete\":\"noaction\",\"onTaskFailure\":\"noaction\"\r\n
        \   },{\r\n      \"id\":\"xplatJobScheduleJobTests:job-1\",\"displayName\":\"jobSpecDisplayName\",\"url\":\"https://clibatch000002.eastus.batch.azure.com/jobs/xplatJobScheduleJobTests:job-1\",\"eTag\":\"0x8D7218F7EA8C04F\",\"lastModified\":\"2019-08-15T14:47:28.5242959Z\",\"creationTime\":\"2019-08-15T14:47:28.4845332Z\",\"state\":\"completed\",\"stateTransitionTime\":\"2019-08-15T14:47:28.6207527Z\",\"previousState\":\"active\",\"previousStateTransitionTime\":\"2019-08-15T14:47:28.5242959Z\",\"priority\":1,\"usesTaskDependencies\":false,\"constraints\":{\r\n
        \       \"maxWallClockTime\":\"P1D\",\"maxTaskRetryCount\":5\r\n      },\"jobManagerTask\":{\r\n
        \       \"id\":\"jobManager\",\"displayName\":\"jobManagerDisplay\",\"commandLine\":\"cmd
        /c dir /s\",\"resourceFiles\":[\r\n          {\r\n            \"httpUrl\":\"https://testacct.blob.core.windows.net/\",\"filePath\":\"filePath\"\r\n
        \         }\r\n        ],\"environmentSettings\":[\r\n          {\r\n            \"name\":\"name1\",\"value\":\"value1\"\r\n
        \         },{\r\n            \"name\":\"name2\",\"value\":\"value2\"\r\n          }\r\n
        \       ],\"constraints\":{\r\n          \"maxWallClockTime\":\"PT1H\",\"retentionTime\":\"P7D\",\"maxTaskRetryCount\":5\r\n
        \       },\"userIdentity\":{\r\n          \"autoUser\":{\r\n            \"scope\":\"pool\",\"elevationLevel\":\"nonadmin\"\r\n
        \         }\r\n        },\"runExclusive\":true,\"allowLowPriorityNode\":true,\"killJobOnCompletion\":false\r\n
        \     },\"jobPreparationTask\":{\r\n        \"id\":\"jobPrep\",\"commandLine\":\"cmd
        /c dir /s\",\"resourceFiles\":[\r\n          {\r\n            \"httpUrl\":\"https://testacct.blob.core.windows.net/\",\"filePath\":\"jobPrepFilePath\"\r\n
        \         }\r\n        ],\"environmentSettings\":[\r\n          {\r\n            \"name\":\"jobPrepName1\",\"value\":\"jobPrepValue1\"\r\n
        \         },{\r\n            \"name\":\"jobPrepName2\",\"value\":\"jobPrepValue2\"\r\n
        \         }\r\n        ],\"constraints\":{\r\n          \"maxWallClockTime\":\"P10675199DT2H48M5.4775807S\",\"retentionTime\":\"P7D\",\"maxTaskRetryCount\":2\r\n
        \       },\"userIdentity\":{\r\n          \"autoUser\":{\r\n            \"scope\":\"pool\",\"elevationLevel\":\"nonadmin\"\r\n
        \         }\r\n        },\"waitForSuccess\":true,\"rerunOnNodeRebootAfterSuccess\":true\r\n
        \     },\"jobReleaseTask\":{\r\n        \"id\":\"jobRelease\",\"commandLine\":\"cmd
        /c dir /s\",\"resourceFiles\":[\r\n          {\r\n            \"httpUrl\":\"https://testacct.blob.core.windows.net/\",\"filePath\":\"jobReleaseFilePath\"\r\n
        \         }\r\n        ],\"environmentSettings\":[\r\n          {\r\n            \"name\":\"jobReleaseName1\",\"value\":\"jobReleaseValue1\"\r\n
        \         },{\r\n            \"name\":\"jobReleaseName2\",\"value\":\"jobReleaseValue2\"\r\n
        \         }\r\n        ],\"maxWallClockTime\":\"PT15M\",\"retentionTime\":\"P7D\",\"userIdentity\":{\r\n
        \         \"autoUser\":{\r\n            \"scope\":\"pool\",\"elevationLevel\":\"nonadmin\"\r\n
        \         }\r\n        }\r\n      },\"commonEnvironmentSettings\":[\r\n        {\r\n
        \         \"name\":\"commonName1\",\"value\":\"commonValue1\"\r\n        },{\r\n
        \         \"name\":\"commonName2\",\"value\":\"commonValue2\"\r\n        }\r\n
        \     ],\"poolInfo\":{\r\n        \"autoPoolSpecification\":{\r\n          \"autoPoolIdPrefix\":\"TestSpecPrefix\",\"poolLifetimeOption\":\"jobschedule\",\"keepAlive\":false,\"pool\":{\r\n
        \           \"vmSize\":\"small\",\"maxTasksPerNode\":1,\"taskSchedulingPolicy\":{\r\n
        \             \"nodeFillType\":\"Spread\"\r\n            },\"resizeTimeout\":\"PT15M\",\"targetDedicatedNodes\":0,\"targetLowPriorityNodes\":0,\"enableAutoScale\":false,\"enableInterNodeCommunication\":false,\"startTask\":{\r\n
        \             \"commandLine\":\"cmd /c dir /s\",\"userIdentity\":{\r\n                \"autoUser\":{\r\n
        \                 \"scope\":\"pool\",\"elevationLevel\":\"nonadmin\"\r\n                }\r\n
        \             },\"maxTaskRetryCount\":0,\"waitForSuccess\":true\r\n            },\"certificateReferences\":[\r\n
        \             {\r\n                \"thumbprint\":\"0123456789abcdef\",\"thumbprintAlgorithm\":\"sha1\",\"storeLocation\":\"LocalMachine\",\"storeName\":\"certStore\",\"visibility\":[\r\n
        \                 \"starttask\"\r\n                ]\r\n              }\r\n
        \           ],\"cloudServiceConfiguration\":{\r\n              \"osFamily\":\"4\",\"osVersion\":\"*\"\r\n
        \           }\r\n          }\r\n        }\r\n      },\"metadata\":[\r\n        {\r\n
        \         \"name\":\"specMeta1\",\"value\":\"specMetaValue1\"\r\n        },{\r\n
        \         \"name\":\"specMeta2\",\"value\":\"specMetaValue2\"\r\n        }\r\n
        \     ],\"executionInfo\":{\r\n        \"startTime\":\"2019-08-15T14:47:28.5242959Z\",\"endTime\":\"2019-08-15T14:47:28.6207527Z\",\"poolId\":\"TestSpecPrefix_ABCAE13C-8FD5-43EB-918F-9271126EC93E\",\"schedulingError\":{\r\n
        \         \"category\":\"UserError\",\"code\":\"InvalidCertificatesInAutoPool\",\"message\":\"One
        or more certificates specified for the pool are invalid\",\"details\":[\r\n
        \           {\r\n              \"name\":\"sha1-0123456789abcdef\",\"value\":\"The
        specified certificate does not exist.\"\r\n            }\r\n          ]\r\n
        \       }\r\n      },\"onAllTasksComplete\":\"noaction\",\"onTaskFailure\":\"noaction\"\r\n
        \   }\r\n  ]\r\n}"
    headers:
      content-type:
      - application/json;odata=minimalmetadata
      dataserviceversion:
      - '3.0'
      date:
      - Thu, 15 Aug 2019 14:47:29 GMT
      request-id:
      - fe7d2e1c-3f0d-4b11-b642-6132d28b1838
      server:
      - Microsoft-HTTPAPI/2.0
      strict-transport-security:
      - max-age=31536000; includeSubDomains
      transfer-encoding:
      - chunked
      x-content-type-options:
      - nosniff
    status:
      code: 200
      message: OK
- request:
    body: null
    headers:
      Accept:
      - application/json
      Accept-Encoding:
      - gzip, deflate
      Connection:
      - keep-alive
      Content-Length:
      - '0'
      User-Agent:
      - python/3.6.5 (Windows-10-10.0.18362-SP0) msrest/0.6.9 msrest_azure/0.6.1 azure-batch/8.0.0
        Azure-SDK-For-Python
      accept-language:
      - en-US
      ocp-date:
      - Thu, 15 Aug 2019 14:47:30 GMT
      return-client-request-id:
      - 'false'
    method: DELETE
    uri: https://clibatch000002.eastus.batch.azure.com/jobs/xplatJob?api-version=2019-08-01.10.0&timeout=30
  response:
    body:
      string: ''
    headers:
      dataserviceversion:
      - '3.0'
      date:
      - Thu, 15 Aug 2019 14:47:31 GMT
      request-id:
      - 17026646-141f-4a85-a0af-333a7d698d33
      server:
      - Microsoft-HTTPAPI/2.0
      strict-transport-security:
      - max-age=31536000; includeSubDomains
      transfer-encoding:
      - chunked
      x-content-type-options:
      - nosniff
    status:
      code: 202
      message: Accepted
- request:
    body: null
    headers:
      Accept:
      - application/json
      Accept-Encoding:
      - gzip, deflate
      Connection:
      - keep-alive
      Content-Length:
      - '0'
      User-Agent:
      - python/3.6.5 (Windows-10-10.0.18362-SP0) msrest/0.6.9 msrest_azure/0.6.1 azure-batch/8.0.0
        Azure-SDK-For-Python
      accept-language:
      - en-US
      ocp-date:
      - Thu, 15 Aug 2019 14:47:33 GMT
      return-client-request-id:
      - 'false'
    method: DELETE
    uri: https://clibatch000002.eastus.batch.azure.com/jobschedules/xplatJobScheduleJobTests?api-version=2019-08-01.10.0&timeout=30
  response:
    body:
      string: ''
    headers:
      dataserviceversion:
      - '3.0'
      date:
      - Thu, 15 Aug 2019 14:47:32 GMT
      request-id:
      - 55b1e559-2769-4412-aca5-484742438a86
      server:
      - Microsoft-HTTPAPI/2.0
      strict-transport-security:
      - max-age=31536000; includeSubDomains
      transfer-encoding:
      - chunked
      x-content-type-options:
      - nosniff
    status:
      code: 202
      message: Accepted
version: 1
