interactions:
- request:
    body: '{"location": "northeurope", "tags": {"product": "azurecli", "cause": "automation",
      "date": "2019-05-02T19:39:52Z"}}'
    headers:
      Accept:
      - application/json
      Accept-Encoding:
      - gzip, deflate
      CommandName:
      - group create
      Connection:
      - keep-alive
      Content-Length:
      - '115'
      Content-Type:
      - application/json; charset=utf-8
      ParameterSetName:
      - --location --name --tag
      User-Agent:
      - python/3.7.2 (Darwin-18.2.0-x86_64-i386-64bit) msrest/0.6.6 msrest_azure/0.6.0
        resourcemanagementclient/2.1.0 Azure-SDK-For-Python AZURECLI/2.0.63
      accept-language:
      - en-US
    method: PUT
    uri: https://management.azure.com/subscriptions/00000000-0000-0000-0000-000000000000/resourcegroups/clitest.rg000001?api-version=2018-05-01
  response:
    body:
      string: '{"id":"/subscriptions/00000000-0000-0000-0000-000000000000/resourceGroups/clitest.rg000001","name":"clitest.rg000001","location":"northeurope","tags":{"product":"azurecli","cause":"automation","date":"2019-05-02T19:39:52Z"},"properties":{"provisioningState":"Succeeded"}}'
    headers:
      cache-control:
      - no-cache
      content-length:
      - '389'
      content-type:
      - application/json; charset=utf-8
      date:
      - Thu, 02 May 2019 19:39:54 GMT
      expires:
      - '-1'
      pragma:
      - no-cache
      strict-transport-security:
      - max-age=31536000; includeSubDomains
      x-content-type-options:
      - nosniff
      x-ms-ratelimit-remaining-subscription-writes:
      - '1195'
    status:
      code: 201
      message: Created
- request:
    body: '{"sku": {"name": "Standard_LRS"}, "kind": "Storage", "location": "northeurope"}'
    headers:
      Accept:
      - application/json
      Accept-Encoding:
      - gzip, deflate
      CommandName:
      - storage account create
      Connection:
      - keep-alive
      Content-Length:
      - '79'
      Content-Type:
      - application/json; charset=utf-8
      ParameterSetName:
      - -n -g -l --sku
      User-Agent:
      - python/3.7.2 (Darwin-18.2.0-x86_64-i386-64bit) msrest/0.6.6 msrest_azure/0.6.0
        azure-mgmt-storage/3.3.0 Azure-SDK-For-Python AZURECLI/2.0.63
      accept-language:
      - en-US
    method: PUT
    uri: https://management.azure.com/subscriptions/00000000-0000-0000-0000-000000000000/resourceGroups/clitest.rg000001/providers/Microsoft.Storage/storageAccounts/clitest000002?api-version=2018-11-01
  response:
    body:
      string: '{"error":{"code":"MultipleErrorsOccurred","message":"Multiple error
        occurred: . Please see details.","details":[{"code":"InternalServerError","message":"Encountered
        internal server error. Diagnostic information: timestamp ''20190502T194006Z'',
        subscription id ''00977cdb-163f-435f-9c32-39ec8ae61f4d'', tracking id ''70fa082b-c4fe-4673-a7b2-8173142f2b1a'',
        request correlation id ''70fa082b-c4fe-4673-a7b2-8173142f2b1a''."},{"code":"InternalServerError","message":"Encountered
        internal server error. Diagnostic information: timestamp ''20190502T194006Z'',
        subscription id ''00977cdb-163f-435f-9c32-39ec8ae61f4d'', tracking id ''70fa082b-c4fe-4673-a7b2-8173142f2b1a'',
        request correlation id ''70fa082b-c4fe-4673-a7b2-8173142f2b1a''."}]}}'
    headers:
      cache-control:
      - no-cache
      connection:
      - close
      content-length:
      - '720'
      content-type:
      - application/json; charset=utf-8
      date:
      - Thu, 02 May 2019 19:40:06 GMT
      expires:
      - '-1'
      pragma:
      - no-cache
      strict-transport-security:
      - max-age=31536000; includeSubDomains
      x-content-type-options:
      - nosniff
      x-ms-failure-cause:
      - gateway
    status:
      code: 500
      message: Internal Server Error
- request:
    body: '{"sku": {"name": "Standard_LRS"}, "kind": "Storage", "location": "northeurope"}'
    headers:
      Accept:
      - application/json
      Accept-Encoding:
      - gzip, deflate
      CommandName:
      - storage account create
      Connection:
      - keep-alive
      Content-Length:
      - '79'
      Content-Type:
      - application/json; charset=utf-8
      ParameterSetName:
      - -n -g -l --sku
      User-Agent:
      - python/3.7.2 (Darwin-18.2.0-x86_64-i386-64bit) msrest/0.6.6 msrest_azure/0.6.0
        azure-mgmt-storage/3.3.0 Azure-SDK-For-Python AZURECLI/2.0.63
      accept-language:
      - en-US
    method: PUT
    uri: https://management.azure.com/subscriptions/00000000-0000-0000-0000-000000000000/resourceGroups/clitest.rg000001/providers/Microsoft.Storage/storageAccounts/clitest000002?api-version=2018-11-01
  response:
    body:
      string: '{"error":{"code":"MultipleErrorsOccurred","message":"Multiple error
        occurred: . Please see details.","details":[{"code":"InternalServerError","message":"Encountered
        internal server error. Diagnostic information: timestamp ''20190502T194017Z'',
        subscription id ''00977cdb-163f-435f-9c32-39ec8ae61f4d'', tracking id ''71a7e5ed-e735-49ca-a6e9-933a0e360031'',
        request correlation id ''71a7e5ed-e735-49ca-a6e9-933a0e360031''."},{"code":"InternalServerError","message":"Encountered
        internal server error. Diagnostic information: timestamp ''20190502T194017Z'',
        subscription id ''00977cdb-163f-435f-9c32-39ec8ae61f4d'', tracking id ''71a7e5ed-e735-49ca-a6e9-933a0e360031'',
        request correlation id ''71a7e5ed-e735-49ca-a6e9-933a0e360031''."}]}}'
    headers:
      cache-control:
      - no-cache
      connection:
      - close
      content-length:
      - '720'
      content-type:
      - application/json; charset=utf-8
      date:
      - Thu, 02 May 2019 19:40:17 GMT
      expires:
      - '-1'
      pragma:
      - no-cache
      strict-transport-security:
      - max-age=31536000; includeSubDomains
      x-content-type-options:
      - nosniff
      x-ms-failure-cause:
      - gateway
    status:
      code: 500
      message: Internal Server Error
- request:
    body: '{"sku": {"name": "Standard_LRS"}, "kind": "Storage", "location": "northeurope"}'
    headers:
      Accept:
      - application/json
      Accept-Encoding:
      - gzip, deflate
      CommandName:
      - storage account create
      Connection:
      - keep-alive
      Content-Length:
      - '79'
      Content-Type:
      - application/json; charset=utf-8
      ParameterSetName:
      - -n -g -l --sku
      User-Agent:
      - python/3.7.2 (Darwin-18.2.0-x86_64-i386-64bit) msrest/0.6.6 msrest_azure/0.6.0
        azure-mgmt-storage/3.3.0 Azure-SDK-For-Python AZURECLI/2.0.63
      accept-language:
      - en-US
    method: PUT
    uri: https://management.azure.com/subscriptions/00000000-0000-0000-0000-000000000000/resourceGroups/clitest.rg000001/providers/Microsoft.Storage/storageAccounts/clitest000002?api-version=2018-11-01
  response:
    body:
      string: ''
    headers:
      cache-control:
      - no-cache
      content-length:
      - '0'
      content-type:
      - text/plain; charset=utf-8
      date:
      - Thu, 02 May 2019 19:40:22 GMT
      expires:
      - '-1'
      location:
      - https://management.azure.com/subscriptions/00000000-0000-0000-0000-000000000000/providers/Microsoft.Storage/locations/northeurope/asyncoperations/f280fe1b-cea9-46a5-b877-128f9aff7e00?monitor=true&api-version=2018-11-01
      pragma:
      - no-cache
      server:
      - Microsoft-Azure-Storage-Resource-Provider/1.0,Microsoft-HTTPAPI/2.0 Microsoft-HTTPAPI/2.0
      strict-transport-security:
      - max-age=31536000; includeSubDomains
      x-content-type-options:
      - nosniff
      x-ms-ratelimit-remaining-subscription-writes:
      - '1197'
    status:
      code: 202
      message: Accepted
- request:
    body: null
    headers:
      Accept:
      - application/json
      Accept-Encoding:
      - gzip, deflate
      CommandName:
      - storage account create
      Connection:
      - keep-alive
      ParameterSetName:
      - -n -g -l --sku
      User-Agent:
      - python/3.7.2 (Darwin-18.2.0-x86_64-i386-64bit) msrest/0.6.6 msrest_azure/0.6.0
        azure-mgmt-storage/3.3.0 Azure-SDK-For-Python AZURECLI/2.0.63
    method: GET
    uri: https://management.azure.com/subscriptions/00000000-0000-0000-0000-000000000000/providers/Microsoft.Storage/locations/northeurope/asyncoperations/f280fe1b-cea9-46a5-b877-128f9aff7e00?monitor=true&api-version=2018-11-01
  response:
    body:
      string: '{"sku":{"name":"Standard_LRS","tier":"Standard"},"kind":"Storage","id":"/subscriptions/00000000-0000-0000-0000-000000000000/resourceGroups/clitest.rg000001/providers/Microsoft.Storage/storageAccounts/clitest000002","name":"clitest000002","type":"Microsoft.Storage/storageAccounts","location":"northeurope","tags":{},"properties":{"networkAcls":{"bypass":"AzureServices","virtualNetworkRules":[],"ipRules":[],"defaultAction":"Allow"},"supportsHttpsTrafficOnly":false,"encryption":{"services":{"file":{"enabled":true,"lastEnabledTime":"2019-05-02T19:40:22.1368346Z"},"blob":{"enabled":true,"lastEnabledTime":"2019-05-02T19:40:22.1368346Z"}},"keySource":"Microsoft.Storage"},"provisioningState":"Succeeded","creationTime":"2019-05-02T19:40:22.0430757Z","primaryEndpoints":{"blob":"https://clitest000002.blob.core.windows.net/","queue":"https://clitest000002.queue.core.windows.net/","table":"https://clitest000002.table.core.windows.net/","file":"https://clitest000002.file.core.windows.net/"},"primaryLocation":"northeurope","statusOfPrimary":"available"}}'
    headers:
      cache-control:
      - no-cache
      content-length:
      - '1179'
      content-type:
      - application/json
      date:
      - Thu, 02 May 2019 19:40:39 GMT
      expires:
      - '-1'
      pragma:
      - no-cache
      server:
      - Microsoft-Azure-Storage-Resource-Provider/1.0,Microsoft-HTTPAPI/2.0 Microsoft-HTTPAPI/2.0
      strict-transport-security:
      - max-age=31536000; includeSubDomains
      transfer-encoding:
      - chunked
      vary:
      - Accept-Encoding
      x-content-type-options:
      - nosniff
    status:
      code: 200
      message: OK
- request:
    body: null
    headers:
      Accept:
      - application/json
      Accept-Encoding:
      - gzip, deflate
      CommandName:
      - storage account keys list
      Connection:
      - keep-alive
      Content-Length:
      - '0'
      ParameterSetName:
      - -n -g --query -o
      User-Agent:
      - python/3.7.2 (Darwin-18.2.0-x86_64-i386-64bit) msrest/0.6.6 msrest_azure/0.6.0
        azure-mgmt-storage/3.3.0 Azure-SDK-For-Python AZURECLI/2.0.63
      accept-language:
      - en-US
    method: POST
    uri: https://management.azure.com/subscriptions/00000000-0000-0000-0000-000000000000/resourceGroups/clitest.rg000001/providers/Microsoft.Storage/storageAccounts/clitest000002/listKeys?api-version=2018-11-01
  response:
    body:
      string: '{"keys":[{"keyName":"key1","value":"veryFakedStorageAccountKey==","permissions":"FULL"},{"keyName":"key2","value":"veryFakedStorageAccountKey==","permissions":"FULL"}]}'
    headers:
      cache-control:
      - no-cache
      content-length:
      - '288'
      content-type:
      - application/json
      date:
      - Thu, 02 May 2019 19:40:40 GMT
      expires:
      - '-1'
      pragma:
      - no-cache
      server:
      - Microsoft-Azure-Storage-Resource-Provider/1.0,Microsoft-HTTPAPI/2.0 Microsoft-HTTPAPI/2.0
      strict-transport-security:
      - max-age=31536000; includeSubDomains
      transfer-encoding:
      - chunked
      vary:
      - Accept-Encoding
      x-content-type-options:
      - nosniff
      x-ms-ratelimit-remaining-subscription-writes:
      - '1198'
    status:
      code: 200
      message: OK
- request:
    body: null
    headers:
      Accept:
      - application/json
      Accept-Encoding:
      - gzip, deflate
      CommandName:
      - storage account keys list
      Connection:
      - keep-alive
      Content-Length:
      - '0'
      ParameterSetName:
      - -n -g --query -o
      User-Agent:
      - python/3.7.2 (Darwin-18.2.0-x86_64-i386-64bit) msrest/0.6.6 msrest_azure/0.6.0
        azure-mgmt-storage/3.3.0 Azure-SDK-For-Python AZURECLI/2.0.63
      accept-language:
      - en-US
    method: POST
    uri: https://management.azure.com/subscriptions/00000000-0000-0000-0000-000000000000/resourceGroups/clitest.rg000001/providers/Microsoft.Storage/storageAccounts/clitest000002/listKeys?api-version=2018-11-01
  response:
    body:
      string: '{"keys":[{"keyName":"key1","value":"veryFakedStorageAccountKey==","permissions":"FULL"},{"keyName":"key2","value":"veryFakedStorageAccountKey==","permissions":"FULL"}]}'
    headers:
      cache-control:
      - no-cache
      content-length:
      - '288'
      content-type:
      - application/json
      date:
      - Thu, 02 May 2019 19:40:41 GMT
      expires:
      - '-1'
      pragma:
      - no-cache
      server:
      - Microsoft-Azure-Storage-Resource-Provider/1.0,Microsoft-HTTPAPI/2.0 Microsoft-HTTPAPI/2.0
      strict-transport-security:
      - max-age=31536000; includeSubDomains
      transfer-encoding:
      - chunked
      vary:
      - Accept-Encoding
      x-content-type-options:
      - nosniff
      x-ms-ratelimit-remaining-subscription-writes:
      - '1197'
    status:
      code: 200
      message: OK
- request:
    body: null
    headers:
      Connection:
      - keep-alive
      Content-Length:
      - '0'
      User-Agent:
      - Azure-Storage/1.3.0-1.3.1 (Python CPython 3.7.2; Darwin 18.2.0) AZURECLI/2.0.63
      x-ms-date:
      - Thu, 02 May 2019 19:40:41 GMT
      x-ms-version:
      - '2018-03-28'
    method: PUT
    uri: https://clitest000002.file.core.windows.net/share?restype=share
  response:
    body:
      string: ''
    headers:
      content-length:
      - '0'
      date:
      - Thu, 02 May 2019 19:40:42 GMT
      etag:
      - '"0x8D6CF361024E9AB"'
      last-modified:
      - Thu, 02 May 2019 19:40:42 GMT
      server:
      - Windows-Azure-File/1.0 Microsoft-HTTPAPI/2.0
      x-ms-version:
      - '2018-03-28'
    status:
      code: 201
      message: Created
- request:
    body: null
    headers:
      Connection:
      - keep-alive
      Content-Length:
      - '0'
      User-Agent:
      - Azure-Storage/1.3.0-1.3.1 (Python CPython 3.7.2; Darwin 18.2.0) AZURECLI/2.0.63
      x-ms-date:
      - Thu, 02 May 2019 19:40:42 GMT
      x-ms-version:
      - '2018-03-28'
    method: PUT
    uri: https://clitest000002.blob.core.windows.net/container?restype=container
  response:
    body:
      string: ''
    headers:
      content-length:
      - '0'
      date:
      - Thu, 02 May 2019 19:40:43 GMT
      etag:
      - '"0x8D6CF3610A24501"'
      last-modified:
      - Thu, 02 May 2019 19:40:43 GMT
      server:
      - Windows-Azure-Blob/1.0 Microsoft-HTTPAPI/2.0
      x-ms-version:
      - '2018-03-28'
    status:
      code: 201
      message: Created
- request:
    body: null
    headers:
      Accept:
      - application/json
      Accept-Encoding:
      - gzip, deflate
      CommandName:
      - batchai workspace create
      Connection:
      - keep-alive
      ParameterSetName:
      - -g -n
      User-Agent:
      - python/3.7.2 (Darwin-18.2.0-x86_64-i386-64bit) msrest/0.6.6 msrest_azure/0.6.0
        resourcemanagementclient/2.1.0 Azure-SDK-For-Python AZURECLI/2.0.63
      accept-language:
      - en-US
    method: GET
    uri: https://management.azure.com/subscriptions/00000000-0000-0000-0000-000000000000/resourcegroups/clitest.rg000001?api-version=2018-05-01
  response:
    body:
      string: '{"id":"/subscriptions/00000000-0000-0000-0000-000000000000/resourceGroups/clitest.rg000001","name":"clitest.rg000001","location":"northeurope","tags":{"product":"azurecli","cause":"automation","date":"2019-05-02T19:39:52Z"},"properties":{"provisioningState":"Succeeded"}}'
    headers:
      cache-control:
      - no-cache
      content-length:
      - '389'
      content-type:
      - application/json; charset=utf-8
      date:
      - Thu, 02 May 2019 19:40:43 GMT
      expires:
      - '-1'
      pragma:
      - no-cache
      strict-transport-security:
      - max-age=31536000; includeSubDomains
      vary:
      - Accept-Encoding
      x-content-type-options:
      - nosniff
    status:
      code: 200
      message: OK
- request:
    body: '{"location": "northeurope"}'
    headers:
      Accept:
      - application/json
      Accept-Encoding:
      - gzip, deflate
      CommandName:
      - batchai workspace create
      Connection:
      - keep-alive
      Content-Length:
      - '27'
      Content-Type:
      - application/json; charset=utf-8
      ParameterSetName:
      - -g -n
      User-Agent:
      - python/3.7.2 (Darwin-18.2.0-x86_64-i386-64bit) msrest/0.6.6 msrest_azure/0.6.0
        azure-mgmt-batchai/2.0.0 Azure-SDK-For-Python AZURECLI/2.0.63
      accept-language:
      - en-US
    method: PUT
    uri: https://management.azure.com/subscriptions/00000000-0000-0000-0000-000000000000/resourceGroups/clitest.rg000001/providers/Microsoft.BatchAI/workspaces/workspace?api-version=2018-05-01
  response:
    body:
      string: '{"id":"/subscriptions/00000000-0000-0000-0000-000000000000/resourceGroups/clitest.rg000001/providers/Microsoft.BatchAI/workspaces/workspace","name":"workspace","type":"Microsoft.BatchAI/workspaces","location":"northeurope","properties":{"provisioningState":"succeeded","provisioningStateTransitionTime":"2019-05-02T19:40:44.899Z","creationTime":"2019-05-02T19:40:44.899Z"}}'
    headers:
      cache-control:
      - no-cache
      content-length:
      - '432'
      content-type:
      - application/json; charset=utf-8
      date:
      - Thu, 02 May 2019 19:40:45 GMT
      etag:
      - '"0x8D6CF36118AC95F"'
      expires:
      - '-1'
      last-modified:
      - Thu, 02 May 2019 19:40:44 GMT
      pragma:
      - no-cache
      request-id:
      - cc8bf8ac-9f3c-41d2-b24e-c14ffd8dbd2b
      server:
      - Microsoft-HTTPAPI/2.0
      strict-transport-security:
      - max-age=31536000; includeSubDomains
      transfer-encoding:
      - chunked
      vary:
      - Accept-Encoding
      x-content-type-options:
      - nosniff
      x-ms-ratelimit-remaining-subscription-writes:
      - '1194'
    status:
      code: 200
      message: OK
- request:
    body: null
    headers:
      Accept:
      - application/json
      Accept-Encoding:
      - gzip, deflate
      CommandName:
      - batchai cluster create
      Connection:
      - keep-alive
      Content-Type:
      - application/json; charset=utf-8
      ParameterSetName:
      - -g -w -n -f -u -k
      User-Agent:
      - python/3.7.2 (Darwin-18.2.0-x86_64-i386-64bit) msrest/0.6.6 msrest_azure/0.6.0
        azure-mgmt-batchai/2.0.0 Azure-SDK-For-Python AZURECLI/2.0.63
      accept-language:
      - en-US
    method: GET
    uri: https://management.azure.com/subscriptions/00000000-0000-0000-0000-000000000000/resourceGroups/clitest.rg000001/providers/Microsoft.BatchAI/workspaces/workspace/clusters/cluster?api-version=2018-05-01
  response:
    body:
      string: '{"error":{"code":"ClusterNotFound","message":"The specified cluster
        cluster is not found"}}'
    headers:
      cache-control:
      - no-cache
      content-length:
      - '91'
      content-type:
      - application/json; charset=utf-8
      date:
      - Thu, 02 May 2019 19:40:45 GMT
      expires:
      - '-1'
      pragma:
      - no-cache
      request-id:
      - 1de3c7c6-1ad9-4e8d-8175-52979bd9bc53
      server:
      - Microsoft-HTTPAPI/2.0
      strict-transport-security:
      - max-age=31536000; includeSubDomains
      x-content-type-options:
      - nosniff
    status:
      code: 404
      message: The specified cluster cluster is not found
- request:
    body: '{"properties": {"vmSize": "STANDARD_D1", "scaleSettings": {"manual": {"targetNodeCount":
      1}}, "userAccountSettings": {"adminUserName": "DemoUser", "adminUserSshPublicKey":
      "ssh-rsa AAAAB3NzaC1yc2EAAAADAQABAAABAQDKUDnWeK6rx36apNE9ij1iAXn68FKXLTW0009XK/7dyMewlNfXi6Z2opnxHDDYWucMluU0dsvBR22OuYH2RHriPJTi1jN3aZ0zZSrlH/W4MSNQKlG/AnrjJPA3xfYjIKLGuKBqSIvMsmrkuDfIfMaDnPcxb+GzM10L5epRhoP5FwqaQbLqp640YzFSLqMChz7E6RG54CpEm+MRvA7lj9nD9AlYnfRQAKj2thsFrkz7AlYLQ1ug8vV+1Y3xSKDbo5vy6oqM3QKeLiUiyN9Ff1Rq4uYnrqJqcWN1ADfiPGZZjEStOkRgG3V6JrpIN+z0Zl3n+sjrH+CKwrYmyni6D41L"}}}'
    headers:
      Accept:
      - application/json
      Accept-Encoding:
      - gzip, deflate
      CommandName:
      - batchai cluster create
      Connection:
      - keep-alive
      Content-Length:
      - '557'
      Content-Type:
      - application/json; charset=utf-8
      ParameterSetName:
      - -g -w -n -f -u -k
      User-Agent:
      - python/3.7.2 (Darwin-18.2.0-x86_64-i386-64bit) msrest/0.6.6 msrest_azure/0.6.0
        azure-mgmt-batchai/2.0.0 Azure-SDK-For-Python AZURECLI/2.0.63
      accept-language:
      - en-US
    method: PUT
    uri: https://management.azure.com/subscriptions/00000000-0000-0000-0000-000000000000/resourceGroups/clitest.rg000001/providers/Microsoft.BatchAI/workspaces/workspace/clusters/cluster?api-version=2018-05-01
  response:
    body:
      string: ''
    headers:
      azure-asyncoperation:
      - https://management.azure.com/subscriptions/00000000-0000-0000-0000-000000000000/providers/Microsoft.BatchAI/locations/northeurope/operationresults/ee4d76d5-a025-412c-86d2-12013200b1c4?api-version=2018-05-01
      cache-control:
      - no-cache
      content-length:
      - '0'
      date:
      - Thu, 02 May 2019 19:40:47 GMT
      expires:
      - '-1'
      location:
      - https://management.azure.com/subscriptions/00000000-0000-0000-0000-000000000000/providers/Microsoft.BatchAI/locations/northeurope/operationstatuses/ee4d76d5-a025-412c-86d2-12013200b1c4?api-version=2018-05-01
      pragma:
      - no-cache
      request-id:
      - d19e8038-74b9-41a5-933a-d4c100853efe
      server:
      - Microsoft-HTTPAPI/2.0
      strict-transport-security:
      - max-age=31536000; includeSubDomains
      x-content-type-options:
      - nosniff
      x-ms-ratelimit-remaining-subscription-writes:
      - '1197'
    status:
      code: 202
      message: Accepted
- request:
    body: null
    headers:
      Accept:
      - application/json
      Accept-Encoding:
      - gzip, deflate
      CommandName:
      - batchai cluster create
      Connection:
      - keep-alive
      ParameterSetName:
      - -g -w -n -f -u -k
      User-Agent:
      - python/3.7.2 (Darwin-18.2.0-x86_64-i386-64bit) msrest/0.6.6 msrest_azure/0.6.0
        azure-mgmt-batchai/2.0.0 Azure-SDK-For-Python AZURECLI/2.0.63
    method: GET
    uri: https://management.azure.com/subscriptions/00000000-0000-0000-0000-000000000000/providers/Microsoft.BatchAI/locations/northeurope/operationresults/ee4d76d5-a025-412c-86d2-12013200b1c4?api-version=2018-05-01
  response:
    body:
      string: '{"id":"https://management.azure.com/subscriptions/00000000-0000-0000-0000-000000000000/providers/Microsoft.BatchAI/locations/northeurope/operationresults/ee4d76d5-a025-412c-86d2-12013200b1c4","name":"ee4d76d5-a025-412c-86d2-12013200b1c4","status":"Succeeded","startTime":"2019-05-02T19:40:47.061Z","endTime":"2019-05-02T19:40:56.742Z","properties":{"resourceId":"00977cdb-163f-435f-9c32-39ec8ae61f4d$clitest.rg000001$workspace$cluster"}}'
    headers:
      cache-control:
      - no-cache
      content-length:
      - '496'
      content-type:
      - application/json; charset=utf-8
      date:
      - Thu, 02 May 2019 19:41:02 GMT
      expires:
      - '-1'
      pragma:
      - no-cache
      request-id:
      - a77f9fe6-a05b-450a-adb8-2d463195efc0
      server:
      - Microsoft-HTTPAPI/2.0
      strict-transport-security:
      - max-age=31536000; includeSubDomains
      transfer-encoding:
      - chunked
      vary:
      - Accept-Encoding
      x-content-type-options:
      - nosniff
    status:
      code: 200
      message: OK
- request:
    body: null
    headers:
      Accept:
      - application/json
      Accept-Encoding:
      - gzip, deflate
      CommandName:
      - batchai cluster create
      Connection:
      - keep-alive
      ParameterSetName:
      - -g -w -n -f -u -k
      User-Agent:
      - python/3.7.2 (Darwin-18.2.0-x86_64-i386-64bit) msrest/0.6.6 msrest_azure/0.6.0
        azure-mgmt-batchai/2.0.0 Azure-SDK-For-Python AZURECLI/2.0.63
    method: GET
    uri: https://management.azure.com/subscriptions/00000000-0000-0000-0000-000000000000/resourceGroups/clitest.rg000001/providers/Microsoft.BatchAI/workspaces/workspace/clusters/cluster?api-version=2018-05-01
  response:
    body:
      string: '{"id":"/subscriptions/00000000-0000-0000-0000-000000000000/resourceGroups/clitest.rg000001/providers/Microsoft.BatchAI/workspaces/workspace/clusters/cluster","name":"cluster","type":"Microsoft.BatchAI/workspaces/clusters","properties":{"provisioningState":"succeeded","allocationState":"resizing","creationTime":"2019-05-02T19:40:47.054Z","allocationStateTransitionTime":"2019-05-02T19:40:47.054Z","provisioningStateTransitionTime":"2019-05-02T19:40:56.729Z","vmSize":"STANDARD_D1","currentNodeCount":0,"nodeStateCounts":{"runningNodeCount":0,"idleNodeCount":0,"unusableNodeCount":0,"preparingNodeCount":0,"leavingNodeCount":0},"vmPriority":"dedicated","scaleSettings":{"manual":{"targetNodeCount":1,"nodeDeallocationOption":"requeue"}},"virtualMachineConfiguration":{"imageReference":{"publisher":"microsoft-dsvm","offer":"azureml","sku":"runtime","version":"latest"}},"userAccountSettings":{"adminUserName":"DemoUser","adminUserSshPublicKey":"ssh-rsa
        AAAAB3NzaC1yc2EAAAADAQABAAABAQDKUDnWeK6rx36apNE9ij1iAXn68FKXLTW0009XK/7dyMewlNfXi6Z2opnxHDDYWucMluU0dsvBR22OuYH2RHriPJTi1jN3aZ0zZSrlH/W4MSNQKlG/AnrjJPA3xfYjIKLGuKBqSIvMsmrkuDfIfMaDnPcxb+GzM10L5epRhoP5FwqaQbLqp640YzFSLqMChz7E6RG54CpEm+MRvA7lj9nD9AlYnfRQAKj2thsFrkz7AlYLQ1ug8vV+1Y3xSKDbo5vy6oqM3QKeLiUiyN9Ff1Rq4uYnrqJqcWN1ADfiPGZZjEStOkRgG3V6JrpIN+z0Zl3n+sjrH+CKwrYmyni6D41L"}}}'
    headers:
      cache-control:
      - no-cache
      content-length:
      - '1388'
      content-type:
      - application/json; charset=utf-8
      date:
      - Thu, 02 May 2019 19:41:03 GMT
      etag:
      - '"0x8D6CF3612D3A3F6"'
      expires:
      - '-1'
      last-modified:
      - Thu, 02 May 2019 19:40:47 GMT
      pragma:
      - no-cache
      request-id:
      - de726591-3390-40f7-886c-4c7ca231a156
      server:
      - Microsoft-HTTPAPI/2.0
      strict-transport-security:
      - max-age=31536000; includeSubDomains
      transfer-encoding:
      - chunked
      vary:
      - Accept-Encoding
      x-content-type-options:
      - nosniff
    status:
      code: 200
      message: OK
- request:
    body: null
    headers:
      Accept:
      - application/json
      Accept-Encoding:
      - gzip, deflate
      CommandName:
      - batchai experiment create
      Connection:
      - keep-alive
      Content-Length:
      - '0'
      Content-Type:
      - application/json; charset=utf-8
      ParameterSetName:
      - -g -w -n
      User-Agent:
      - python/3.7.2 (Darwin-18.2.0-x86_64-i386-64bit) msrest/0.6.6 msrest_azure/0.6.0
        azure-mgmt-batchai/2.0.0 Azure-SDK-For-Python AZURECLI/2.0.63
      accept-language:
      - en-US
    method: PUT
    uri: https://management.azure.com/subscriptions/00000000-0000-0000-0000-000000000000/resourceGroups/clitest.rg000001/providers/Microsoft.BatchAI/workspaces/workspace/experiments/experiment?api-version=2018-05-01
  response:
    body:
      string: '{"error":{"code":"MultipleErrorsOccurred","message":"Multiple error
        occurred: . Please see details.","details":[{"code":"InternalServerError","message":"Encountered
        internal server error. Diagnostic information: timestamp ''20190502T194115Z'',
        subscription id ''00977cdb-163f-435f-9c32-39ec8ae61f4d'', tracking id ''8883fd19-d9f6-4dcb-83dd-c3fe9f76b00b'',
        request correlation id ''8883fd19-d9f6-4dcb-83dd-c3fe9f76b00b''."},{"code":"InternalServerError","message":"Encountered
        internal server error. Diagnostic information: timestamp ''20190502T194115Z'',
        subscription id ''00977cdb-163f-435f-9c32-39ec8ae61f4d'', tracking id ''8883fd19-d9f6-4dcb-83dd-c3fe9f76b00b'',
        request correlation id ''8883fd19-d9f6-4dcb-83dd-c3fe9f76b00b''."}]}}'
    headers:
      cache-control:
      - no-cache
      connection:
      - close
      content-length:
      - '720'
      content-type:
      - application/json; charset=utf-8
      date:
      - Thu, 02 May 2019 19:41:15 GMT
      expires:
      - '-1'
      pragma:
      - no-cache
      strict-transport-security:
      - max-age=31536000; includeSubDomains
      x-content-type-options:
      - nosniff
      x-ms-failure-cause:
      - gateway
    status:
      code: 500
      message: Internal Server Error
- request:
    body: null
    headers:
      Accept:
      - application/json
      Accept-Encoding:
      - gzip, deflate
      CommandName:
      - batchai experiment create
      Connection:
      - keep-alive
      Content-Length:
      - '0'
      Content-Type:
      - application/json; charset=utf-8
      ParameterSetName:
      - -g -w -n
      User-Agent:
      - python/3.7.2 (Darwin-18.2.0-x86_64-i386-64bit) msrest/0.6.6 msrest_azure/0.6.0
        azure-mgmt-batchai/2.0.0 Azure-SDK-For-Python AZURECLI/2.0.63
      accept-language:
      - en-US
    method: PUT
    uri: https://management.azure.com/subscriptions/00000000-0000-0000-0000-000000000000/resourceGroups/clitest.rg000001/providers/Microsoft.BatchAI/workspaces/workspace/experiments/experiment?api-version=2018-05-01
  response:
    body:
      string: '{"id":"/subscriptions/00000000-0000-0000-0000-000000000000/resourceGroups/clitest.rg000001/providers/Microsoft.BatchAI/workspaces/workspace/experiments/experiment","name":"experiment","type":"Microsoft.BatchAI/workspaces/experiments","properties":{"provisioningState":"succeeded","provisioningStateTransitionTime":"2019-05-02T19:41:15.854Z","creationTime":"2019-05-02T19:41:15.854Z"}}'
    headers:
      cache-control:
      - no-cache
      content-length:
      - '443'
      content-type:
      - application/json; charset=utf-8
      date:
      - Thu, 02 May 2019 19:41:15 GMT
      etag:
      - '"0x8D6CF3623FE22F8"'
      expires:
      - '-1'
      last-modified:
      - Thu, 02 May 2019 19:41:15 GMT
      pragma:
      - no-cache
      request-id:
      - df78893c-5a90-4c14-b362-b7b10d99d70d
      server:
      - Microsoft-HTTPAPI/2.0
      strict-transport-security:
      - max-age=31536000; includeSubDomains
      transfer-encoding:
      - chunked
      vary:
      - Accept-Encoding
      x-content-type-options:
      - nosniff
      x-ms-ratelimit-remaining-subscription-writes:
      - '1197'
    status:
      code: 200
      message: OK
- request:
    body: null
    headers:
      Accept:
      - application/json
      Accept-Encoding:
      - gzip, deflate
      CommandName:
      - batchai job create
      Connection:
      - keep-alive
      Content-Type:
      - application/json; charset=utf-8
      ParameterSetName:
      - -c -g -w -e -n -f
      User-Agent:
      - python/3.7.2 (Darwin-18.2.0-x86_64-i386-64bit) msrest/0.6.6 msrest_azure/0.6.0
        azure-mgmt-batchai/2.0.0 Azure-SDK-For-Python AZURECLI/2.0.63
      accept-language:
      - en-US
    method: GET
    uri: https://management.azure.com/subscriptions/00000000-0000-0000-0000-000000000000/resourceGroups/clitest.rg000001/providers/Microsoft.BatchAI/workspaces/workspace/experiments/experiment/jobs/job?api-version=2018-05-01
  response:
    body:
      string: '{"error":{"code":"JobNotFound","message":"The specified job job is
        not found"}}'
    headers:
      cache-control:
      - no-cache
      content-length:
      - '79'
      content-type:
      - application/json; charset=utf-8
      date:
      - Thu, 02 May 2019 19:41:16 GMT
      expires:
      - '-1'
      pragma:
      - no-cache
      request-id:
      - 918c0d1b-7d6f-49de-9981-df14c8b26349
      server:
      - Microsoft-HTTPAPI/2.0
      strict-transport-security:
      - max-age=31536000; includeSubDomains
      x-content-type-options:
      - nosniff
    status:
      code: 404
      message: The specified job job is not found
- request:
    body: null
    headers:
      Accept:
      - application/json
      Accept-Encoding:
      - gzip, deflate
      CommandName:
      - batchai job create
      Connection:
      - keep-alive
      Content-Type:
      - application/json; charset=utf-8
      ParameterSetName:
      - -c -g -w -e -n -f
      User-Agent:
      - python/3.7.2 (Darwin-18.2.0-x86_64-i386-64bit) msrest/0.6.6 msrest_azure/0.6.0
        azure-mgmt-batchai/2.0.0 Azure-SDK-For-Python AZURECLI/2.0.63
      accept-language:
      - en-US
    method: GET
    uri: https://management.azure.com/subscriptions/00000000-0000-0000-0000-000000000000/resourceGroups/clitest.rg000001/providers/Microsoft.BatchAI/workspaces/workspace/clusters/cluster?api-version=2018-05-01
  response:
    body:
      string: '{"id":"/subscriptions/00000000-0000-0000-0000-000000000000/resourceGroups/clitest.rg000001/providers/Microsoft.BatchAI/workspaces/workspace/clusters/cluster","name":"cluster","type":"Microsoft.BatchAI/workspaces/clusters","properties":{"provisioningState":"succeeded","allocationState":"resizing","creationTime":"2019-05-02T19:40:47.054Z","allocationStateTransitionTime":"2019-05-02T19:40:47.054Z","provisioningStateTransitionTime":"2019-05-02T19:40:56.729Z","vmSize":"STANDARD_D1","currentNodeCount":0,"nodeStateCounts":{"runningNodeCount":0,"idleNodeCount":0,"unusableNodeCount":0,"preparingNodeCount":0,"leavingNodeCount":0},"vmPriority":"dedicated","scaleSettings":{"manual":{"targetNodeCount":1,"nodeDeallocationOption":"requeue"}},"virtualMachineConfiguration":{"imageReference":{"publisher":"microsoft-dsvm","offer":"azureml","sku":"runtime","version":"latest"}},"userAccountSettings":{"adminUserName":"DemoUser","adminUserSshPublicKey":"ssh-rsa
        AAAAB3NzaC1yc2EAAAADAQABAAABAQDKUDnWeK6rx36apNE9ij1iAXn68FKXLTW0009XK/7dyMewlNfXi6Z2opnxHDDYWucMluU0dsvBR22OuYH2RHriPJTi1jN3aZ0zZSrlH/W4MSNQKlG/AnrjJPA3xfYjIKLGuKBqSIvMsmrkuDfIfMaDnPcxb+GzM10L5epRhoP5FwqaQbLqp640YzFSLqMChz7E6RG54CpEm+MRvA7lj9nD9AlYnfRQAKj2thsFrkz7AlYLQ1ug8vV+1Y3xSKDbo5vy6oqM3QKeLiUiyN9Ff1Rq4uYnrqJqcWN1ADfiPGZZjEStOkRgG3V6JrpIN+z0Zl3n+sjrH+CKwrYmyni6D41L"}}}'
    headers:
      cache-control:
      - no-cache
      content-length:
      - '1388'
      content-type:
      - application/json; charset=utf-8
      date:
      - Thu, 02 May 2019 19:41:17 GMT
      etag:
      - '"0x8D6CF3612D3A3F6"'
      expires:
      - '-1'
      last-modified:
      - Thu, 02 May 2019 19:40:47 GMT
      pragma:
      - no-cache
      request-id:
      - a73ee27b-62e1-45b7-ad26-8fde560f8d58
      server:
      - Microsoft-HTTPAPI/2.0
      strict-transport-security:
      - max-age=31536000; includeSubDomains
      transfer-encoding:
      - chunked
      vary:
      - Accept-Encoding
      x-content-type-options:
      - nosniff
    status:
      code: 200
      message: OK
- request:
    body: 'b''b\''{"properties": {"cluster": {"id": "/subscriptions/00000000-0000-0000-0000-000000000000/resourceGroups/clitest.rg000001/providers/Microsoft.BatchAI/workspaces/workspace/clusters/cluster"},
      "mountVolumes": {"azureFileShares": [{"accountName": "clitest000002", "azureFileUrl":
      "https://clitest000002.file.core.windows.net/share", "credentials": {"accountKey":
      "veryFakedStorageAccountKey=="}, "relativeMountPath": "afs"}], "azureBlobFileSystems":
      [{"accountName": "clitest000002", "containerName": "container", "credentials":
      {"accountKey": "veryFakedStorageAccountKey=="}, "relativeMountPath": "bfs"}]},
      "nodeCount": 1, "containerSettings": {"imageSourceRegistry": {"image": "ubuntu"}},
      "customToolkitSettings": {"commandLine": "echo hi | tee $AZ_BATCHAI_OUTPUT_OUTPUT/result.txt"},
      "stdOutErrPathPrefix": "$AZ_BATCHAI_JOB_MOUNT_ROOT/afs", "outputDirectories":
      [{"id": "OUTPUT", "pathPrefix": "$AZ_BATCHAI_JOB_MOUNT_ROOT/bfs", "pathSuffix":
      "output"}]}}\'''''
    headers:
      Accept:
      - application/json
      Accept-Encoding:
      - gzip, deflate
      CommandName:
      - batchai job create
      Connection:
      - keep-alive
      Content-Length:
      - '1163'
      Content-Type:
      - application/json; charset=utf-8
      ParameterSetName:
      - -c -g -w -e -n -f
      User-Agent:
      - python/3.7.2 (Darwin-18.2.0-x86_64-i386-64bit) msrest/0.6.6 msrest_azure/0.6.0
        azure-mgmt-batchai/2.0.0 Azure-SDK-For-Python AZURECLI/2.0.63
      accept-language:
      - en-US
    method: PUT
    uri: https://management.azure.com/subscriptions/00000000-0000-0000-0000-000000000000/resourceGroups/clitest.rg000001/providers/Microsoft.BatchAI/workspaces/workspace/experiments/experiment/jobs/job?api-version=2018-05-01
  response:
    body:
      string: ''
    headers:
      azure-asyncoperation:
      - https://management.azure.com/subscriptions/00000000-0000-0000-0000-000000000000/providers/Microsoft.BatchAI/locations/northeurope/operationresults/5fb141f4-dc6a-4449-9dc5-7c326cc3e83a?api-version=2018-05-01
      cache-control:
      - no-cache
      content-length:
      - '0'
      date:
      - Thu, 02 May 2019 19:41:18 GMT
      expires:
      - '-1'
      location:
      - https://management.azure.com/subscriptions/00000000-0000-0000-0000-000000000000/providers/Microsoft.BatchAI/locations/northeurope/operationstatuses/5fb141f4-dc6a-4449-9dc5-7c326cc3e83a?api-version=2018-05-01
      pragma:
      - no-cache
      request-id:
      - c7dec01f-5e25-44d6-ab7e-7a53355877b2
      server:
      - Microsoft-HTTPAPI/2.0
      strict-transport-security:
      - max-age=31536000; includeSubDomains
      x-content-type-options:
      - nosniff
      x-ms-ratelimit-remaining-subscription-writes:
      - '1193'
    status:
      code: 202
      message: Accepted
- request:
    body: null
    headers:
      Accept:
      - application/json
      Accept-Encoding:
      - gzip, deflate
      CommandName:
      - batchai job create
      Connection:
      - keep-alive
      ParameterSetName:
      - -c -g -w -e -n -f
      User-Agent:
      - python/3.7.2 (Darwin-18.2.0-x86_64-i386-64bit) msrest/0.6.6 msrest_azure/0.6.0
        azure-mgmt-batchai/2.0.0 Azure-SDK-For-Python AZURECLI/2.0.63
    method: GET
    uri: https://management.azure.com/subscriptions/00000000-0000-0000-0000-000000000000/providers/Microsoft.BatchAI/locations/northeurope/operationresults/5fb141f4-dc6a-4449-9dc5-7c326cc3e83a?api-version=2018-05-01
  response:
    body:
      string: '{"id":"https://management.azure.com/subscriptions/00000000-0000-0000-0000-000000000000/providers/Microsoft.BatchAI/locations/northeurope/operationresults/5fb141f4-dc6a-4449-9dc5-7c326cc3e83a","name":"5fb141f4-dc6a-4449-9dc5-7c326cc3e83a","status":"Succeeded","startTime":"2019-05-02T19:41:18.664Z","endTime":"2019-05-02T19:41:23.892Z","properties":{"resourceId":"00977cdb-163f-435f-9c32-39ec8ae61f4d$clitest.rg000001$workspace$experiment$job"}}'
    headers:
      cache-control:
      - no-cache
      content-length:
      - '503'
      content-type:
      - application/json; charset=utf-8
      date:
      - Thu, 02 May 2019 19:41:24 GMT
      expires:
      - '-1'
      pragma:
      - no-cache
      request-id:
      - 094233f5-8f6f-483c-bb8c-5b7251bc7988
      server:
      - Microsoft-HTTPAPI/2.0
      strict-transport-security:
      - max-age=31536000; includeSubDomains
      transfer-encoding:
      - chunked
      vary:
      - Accept-Encoding
      x-content-type-options:
      - nosniff
    status:
      code: 200
      message: OK
- request:
    body: null
    headers:
      Accept:
      - application/json
      Accept-Encoding:
      - gzip, deflate
      CommandName:
      - batchai job create
      Connection:
      - keep-alive
      ParameterSetName:
      - -c -g -w -e -n -f
      User-Agent:
      - python/3.7.2 (Darwin-18.2.0-x86_64-i386-64bit) msrest/0.6.6 msrest_azure/0.6.0
        azure-mgmt-batchai/2.0.0 Azure-SDK-For-Python AZURECLI/2.0.63
    method: GET
    uri: https://management.azure.com/subscriptions/00000000-0000-0000-0000-000000000000/resourceGroups/clitest.rg000001/providers/Microsoft.BatchAI/workspaces/workspace/experiments/experiment/jobs/job?api-version=2018-05-01
  response:
    body:
      string: '{"id":"/subscriptions/00000000-0000-0000-0000-000000000000/resourceGroups/clitest.rg000001/providers/Microsoft.BatchAI/workspaces/workspace/experiments/experiment/jobs/job","name":"job","type":"Microsoft.BatchAI/workspaces/experiments/jobs","properties":{"experimentName":"experiment","schedulingPriority":"normal","cluster":{"id":"/subscriptions/00000000-0000-0000-0000-000000000000/resourceGroups/clitest.rg000001/providers/Microsoft.BatchAI/workspaces/workspace/clusters/cluster"},"jobOutputDirectoryPathSegment":"00977cdb-163f-435f-9c32-39ec8ae61f4d/clitest.rg000001/workspaces/workspace/experiments/experiment/jobs/job/9a11bb96-88f7-43fe-bfb7-d3e2a5c70ee5","nodeCount":1,"containerSettings":{"imageSourceRegistry":{"image":"ubuntu"}},"mountVolumes":{"azureFileShares":[{"accountName":"clitest000002","azureFileUrl":"https://clitest000002.file.core.windows.net/share","credentials":{},"relativeMountPath":"afs","fileMode":"0777","directoryMode":"0777"}],"azureBlobFileSystems":[{"accountName":"clitest000002","containerName":"container","credentials":{},"relativeMountPath":"bfs"}]},"toolType":"custom","customToolkitSettings":{"commandLine":"echo
        hi | tee $AZ_BATCHAI_OUTPUT_OUTPUT/result.txt"},"stdOutErrPathPrefix":"$AZ_BATCHAI_JOB_MOUNT_ROOT/afs","outputDirectories":[{"id":"OUTPUT","pathPrefix":"$AZ_BATCHAI_JOB_MOUNT_ROOT/bfs","pathSuffix":"output"}],"constraints":{"maxWallClockTime":"P150D"},"creationTime":"2019-05-02T19:41:18.655Z","provisioningState":"succeeded","provisioningStateTransitionTime":"2019-05-02T19:41:23.88Z","executionState":"queued","executionStateTransitionTime":"2019-05-02T19:41:18.655Z"}}'
    headers:
      cache-control:
      - no-cache
      content-length:
      - '1833'
      content-type:
      - application/json; charset=utf-8
      date:
      - Thu, 02 May 2019 19:41:24 GMT
      etag:
      - '"0x8D6CF3625A99381"'
      expires:
      - '-1'
      last-modified:
      - Thu, 02 May 2019 19:41:18 GMT
      pragma:
      - no-cache
      request-id:
      - c236de3d-657e-4058-80ca-84510700bc7f
      server:
      - Microsoft-HTTPAPI/2.0
      strict-transport-security:
      - max-age=31536000; includeSubDomains
      transfer-encoding:
      - chunked
      vary:
      - Accept-Encoding
      x-content-type-options:
      - nosniff
    status:
      code: 200
      message: OK
- request:
    body: null
    headers:
      Accept:
      - application/json
      Accept-Encoding:
      - gzip, deflate
      CommandName:
      - batchai job wait
      Connection:
      - keep-alive
      Content-Type:
      - application/json; charset=utf-8
      ParameterSetName:
      - -g -w -e -n
      User-Agent:
      - python/3.7.2 (Darwin-18.2.0-x86_64-i386-64bit) msrest/0.6.6 msrest_azure/0.6.0
        azure-mgmt-batchai/2.0.0 Azure-SDK-For-Python AZURECLI/2.0.63
      accept-language:
      - en-US
    method: GET
    uri: https://management.azure.com/subscriptions/00000000-0000-0000-0000-000000000000/resourceGroups/clitest.rg000001/providers/Microsoft.BatchAI/workspaces/workspace/experiments/experiment/jobs/job?api-version=2018-05-01
  response:
    body:
      string: '{"id":"/subscriptions/00000000-0000-0000-0000-000000000000/resourceGroups/clitest.rg000001/providers/Microsoft.BatchAI/workspaces/workspace/experiments/experiment/jobs/job","name":"job","type":"Microsoft.BatchAI/workspaces/experiments/jobs","properties":{"experimentName":"experiment","schedulingPriority":"normal","cluster":{"id":"/subscriptions/00000000-0000-0000-0000-000000000000/resourceGroups/clitest.rg000001/providers/Microsoft.BatchAI/workspaces/workspace/clusters/cluster"},"jobOutputDirectoryPathSegment":"00977cdb-163f-435f-9c32-39ec8ae61f4d/clitest.rg000001/workspaces/workspace/experiments/experiment/jobs/job/9a11bb96-88f7-43fe-bfb7-d3e2a5c70ee5","nodeCount":1,"containerSettings":{"imageSourceRegistry":{"image":"ubuntu"}},"mountVolumes":{"azureFileShares":[{"accountName":"clitest000002","azureFileUrl":"https://clitest000002.file.core.windows.net/share","credentials":{},"relativeMountPath":"afs","fileMode":"0777","directoryMode":"0777"}],"azureBlobFileSystems":[{"accountName":"clitest000002","containerName":"container","credentials":{},"relativeMountPath":"bfs"}]},"toolType":"custom","customToolkitSettings":{"commandLine":"echo
        hi | tee $AZ_BATCHAI_OUTPUT_OUTPUT/result.txt"},"stdOutErrPathPrefix":"$AZ_BATCHAI_JOB_MOUNT_ROOT/afs","outputDirectories":[{"id":"OUTPUT","pathPrefix":"$AZ_BATCHAI_JOB_MOUNT_ROOT/bfs","pathSuffix":"output"}],"constraints":{"maxWallClockTime":"P150D"},"creationTime":"2019-05-02T19:41:18.655Z","provisioningState":"succeeded","provisioningStateTransitionTime":"2019-05-02T19:41:23.88Z","executionState":"queued","executionStateTransitionTime":"2019-05-02T19:41:18.655Z"}}'
    headers:
      cache-control:
      - no-cache
      content-length:
      - '1833'
      content-type:
      - application/json; charset=utf-8
      date:
      - Thu, 02 May 2019 19:41:27 GMT
      etag:
      - '"0x8D6CF3625A99381"'
      expires:
      - '-1'
      last-modified:
      - Thu, 02 May 2019 19:41:18 GMT
      pragma:
      - no-cache
      request-id:
      - 82997a5b-3d0a-43e9-b4fb-32dabbde6c9b
      server:
      - Microsoft-HTTPAPI/2.0
      strict-transport-security:
      - max-age=31536000; includeSubDomains
      transfer-encoding:
      - chunked
      vary:
      - Accept-Encoding
      x-content-type-options:
      - nosniff
    status:
      code: 200
      message: OK
- request:
    body: null
    headers:
      Accept:
      - application/json
      Accept-Encoding:
      - gzip, deflate
      CommandName:
      - batchai job wait
      Connection:
      - keep-alive
      Content-Type:
      - application/json; charset=utf-8
      ParameterSetName:
      - -g -w -e -n
      User-Agent:
      - python/3.7.2 (Darwin-18.2.0-x86_64-i386-64bit) msrest/0.6.6 msrest_azure/0.6.0
        azure-mgmt-batchai/2.0.0 Azure-SDK-For-Python AZURECLI/2.0.63
      accept-language:
      - en-US
    method: GET
    uri: https://management.azure.com/subscriptions/00000000-0000-0000-0000-000000000000/resourceGroups/clitest.rg000001/providers/Microsoft.BatchAI/workspaces/workspace/experiments/experiment/jobs/job?api-version=2018-05-01
  response:
    body:
      string: '{"id":"/subscriptions/00000000-0000-0000-0000-000000000000/resourceGroups/clitest.rg000001/providers/Microsoft.BatchAI/workspaces/workspace/experiments/experiment/jobs/job","name":"job","type":"Microsoft.BatchAI/workspaces/experiments/jobs","properties":{"experimentName":"experiment","schedulingPriority":"normal","cluster":{"id":"/subscriptions/00000000-0000-0000-0000-000000000000/resourceGroups/clitest.rg000001/providers/Microsoft.BatchAI/workspaces/workspace/clusters/cluster"},"jobOutputDirectoryPathSegment":"00977cdb-163f-435f-9c32-39ec8ae61f4d/clitest.rg000001/workspaces/workspace/experiments/experiment/jobs/job/9a11bb96-88f7-43fe-bfb7-d3e2a5c70ee5","nodeCount":1,"containerSettings":{"imageSourceRegistry":{"image":"ubuntu"}},"mountVolumes":{"azureFileShares":[{"accountName":"clitest000002","azureFileUrl":"https://clitest000002.file.core.windows.net/share","credentials":{},"relativeMountPath":"afs","fileMode":"0777","directoryMode":"0777"}],"azureBlobFileSystems":[{"accountName":"clitest000002","containerName":"container","credentials":{},"relativeMountPath":"bfs"}]},"toolType":"custom","customToolkitSettings":{"commandLine":"echo
        hi | tee $AZ_BATCHAI_OUTPUT_OUTPUT/result.txt"},"stdOutErrPathPrefix":"$AZ_BATCHAI_JOB_MOUNT_ROOT/afs","outputDirectories":[{"id":"OUTPUT","pathPrefix":"$AZ_BATCHAI_JOB_MOUNT_ROOT/bfs","pathSuffix":"output"}],"constraints":{"maxWallClockTime":"P150D"},"creationTime":"2019-05-02T19:41:18.655Z","provisioningState":"succeeded","provisioningStateTransitionTime":"2019-05-02T19:41:23.88Z","executionState":"queued","executionStateTransitionTime":"2019-05-02T19:41:18.655Z"}}'
    headers:
      cache-control:
      - no-cache
      content-length:
      - '1833'
      content-type:
      - application/json; charset=utf-8
      date:
      - Thu, 02 May 2019 19:41:43 GMT
      etag:
      - '"0x8D6CF3625A99381"'
      expires:
      - '-1'
      last-modified:
      - Thu, 02 May 2019 19:41:18 GMT
      pragma:
      - no-cache
      request-id:
      - 8291e665-fe8d-407a-a2b3-621eab56f767
      server:
      - Microsoft-HTTPAPI/2.0
      strict-transport-security:
      - max-age=31536000; includeSubDomains
      transfer-encoding:
      - chunked
      vary:
      - Accept-Encoding
      x-content-type-options:
      - nosniff
    status:
      code: 200
      message: OK
- request:
    body: null
    headers:
      Accept:
      - application/json
      Accept-Encoding:
      - gzip, deflate
      CommandName:
      - batchai job wait
      Connection:
      - keep-alive
      Content-Type:
      - application/json; charset=utf-8
      ParameterSetName:
      - -g -w -e -n
      User-Agent:
      - python/3.7.2 (Darwin-18.2.0-x86_64-i386-64bit) msrest/0.6.6 msrest_azure/0.6.0
        azure-mgmt-batchai/2.0.0 Azure-SDK-For-Python AZURECLI/2.0.63
      accept-language:
      - en-US
    method: GET
    uri: https://management.azure.com/subscriptions/00000000-0000-0000-0000-000000000000/resourceGroups/clitest.rg000001/providers/Microsoft.BatchAI/workspaces/workspace/experiments/experiment/jobs/job?api-version=2018-05-01
  response:
    body:
      string: '{"id":"/subscriptions/00000000-0000-0000-0000-000000000000/resourceGroups/clitest.rg000001/providers/Microsoft.BatchAI/workspaces/workspace/experiments/experiment/jobs/job","name":"job","type":"Microsoft.BatchAI/workspaces/experiments/jobs","properties":{"experimentName":"experiment","schedulingPriority":"normal","cluster":{"id":"/subscriptions/00000000-0000-0000-0000-000000000000/resourceGroups/clitest.rg000001/providers/Microsoft.BatchAI/workspaces/workspace/clusters/cluster"},"jobOutputDirectoryPathSegment":"00977cdb-163f-435f-9c32-39ec8ae61f4d/clitest.rg000001/workspaces/workspace/experiments/experiment/jobs/job/9a11bb96-88f7-43fe-bfb7-d3e2a5c70ee5","nodeCount":1,"containerSettings":{"imageSourceRegistry":{"image":"ubuntu"}},"mountVolumes":{"azureFileShares":[{"accountName":"clitest000002","azureFileUrl":"https://clitest000002.file.core.windows.net/share","credentials":{},"relativeMountPath":"afs","fileMode":"0777","directoryMode":"0777"}],"azureBlobFileSystems":[{"accountName":"clitest000002","containerName":"container","credentials":{},"relativeMountPath":"bfs"}]},"toolType":"custom","customToolkitSettings":{"commandLine":"echo
        hi | tee $AZ_BATCHAI_OUTPUT_OUTPUT/result.txt"},"stdOutErrPathPrefix":"$AZ_BATCHAI_JOB_MOUNT_ROOT/afs","outputDirectories":[{"id":"OUTPUT","pathPrefix":"$AZ_BATCHAI_JOB_MOUNT_ROOT/bfs","pathSuffix":"output"}],"constraints":{"maxWallClockTime":"P150D"},"creationTime":"2019-05-02T19:41:18.655Z","provisioningState":"succeeded","provisioningStateTransitionTime":"2019-05-02T19:41:23.88Z","executionState":"queued","executionStateTransitionTime":"2019-05-02T19:41:18.655Z"}}'
    headers:
      cache-control:
      - no-cache
      content-length:
      - '1833'
      content-type:
      - application/json; charset=utf-8
      date:
      - Thu, 02 May 2019 19:41:58 GMT
      etag:
      - '"0x8D6CF3625A99381"'
      expires:
      - '-1'
      last-modified:
      - Thu, 02 May 2019 19:41:18 GMT
      pragma:
      - no-cache
      request-id:
      - d4599af8-7394-4d08-9abe-303ff1c3bb91
      server:
      - Microsoft-HTTPAPI/2.0
      strict-transport-security:
      - max-age=31536000; includeSubDomains
      transfer-encoding:
      - chunked
      vary:
      - Accept-Encoding
      x-content-type-options:
      - nosniff
    status:
      code: 200
      message: OK
- request:
    body: null
    headers:
      Accept:
      - application/json
      Accept-Encoding:
      - gzip, deflate
      CommandName:
      - batchai job wait
      Connection:
      - keep-alive
      Content-Type:
      - application/json; charset=utf-8
      ParameterSetName:
      - -g -w -e -n
      User-Agent:
      - python/3.7.2 (Darwin-18.2.0-x86_64-i386-64bit) msrest/0.6.6 msrest_azure/0.6.0
        azure-mgmt-batchai/2.0.0 Azure-SDK-For-Python AZURECLI/2.0.63
      accept-language:
      - en-US
    method: GET
    uri: https://management.azure.com/subscriptions/00000000-0000-0000-0000-000000000000/resourceGroups/clitest.rg000001/providers/Microsoft.BatchAI/workspaces/workspace/experiments/experiment/jobs/job?api-version=2018-05-01
  response:
    body:
      string: '{"id":"/subscriptions/00000000-0000-0000-0000-000000000000/resourceGroups/clitest.rg000001/providers/Microsoft.BatchAI/workspaces/workspace/experiments/experiment/jobs/job","name":"job","type":"Microsoft.BatchAI/workspaces/experiments/jobs","properties":{"experimentName":"experiment","schedulingPriority":"normal","cluster":{"id":"/subscriptions/00000000-0000-0000-0000-000000000000/resourceGroups/clitest.rg000001/providers/Microsoft.BatchAI/workspaces/workspace/clusters/cluster"},"jobOutputDirectoryPathSegment":"00977cdb-163f-435f-9c32-39ec8ae61f4d/clitest.rg000001/workspaces/workspace/experiments/experiment/jobs/job/9a11bb96-88f7-43fe-bfb7-d3e2a5c70ee5","nodeCount":1,"containerSettings":{"imageSourceRegistry":{"image":"ubuntu"}},"mountVolumes":{"azureFileShares":[{"accountName":"clitest000002","azureFileUrl":"https://clitest000002.file.core.windows.net/share","credentials":{},"relativeMountPath":"afs","fileMode":"0777","directoryMode":"0777"}],"azureBlobFileSystems":[{"accountName":"clitest000002","containerName":"container","credentials":{},"relativeMountPath":"bfs"}]},"toolType":"custom","customToolkitSettings":{"commandLine":"echo
        hi | tee $AZ_BATCHAI_OUTPUT_OUTPUT/result.txt"},"stdOutErrPathPrefix":"$AZ_BATCHAI_JOB_MOUNT_ROOT/afs","outputDirectories":[{"id":"OUTPUT","pathPrefix":"$AZ_BATCHAI_JOB_MOUNT_ROOT/bfs","pathSuffix":"output"}],"constraints":{"maxWallClockTime":"P150D"},"creationTime":"2019-05-02T19:41:18.655Z","provisioningState":"succeeded","provisioningStateTransitionTime":"2019-05-02T19:41:23.88Z","executionState":"queued","executionStateTransitionTime":"2019-05-02T19:41:18.655Z"}}'
    headers:
      cache-control:
      - no-cache
      content-length:
      - '1833'
      content-type:
      - application/json; charset=utf-8
      date:
      - Thu, 02 May 2019 19:42:14 GMT
      etag:
      - '"0x8D6CF3625A99381"'
      expires:
      - '-1'
      last-modified:
      - Thu, 02 May 2019 19:41:18 GMT
      pragma:
      - no-cache
      request-id:
      - 0edd9f9a-fa43-45d1-942b-b443db3a4ba9
      server:
      - Microsoft-HTTPAPI/2.0
      strict-transport-security:
      - max-age=31536000; includeSubDomains
      transfer-encoding:
      - chunked
      vary:
      - Accept-Encoding
      x-content-type-options:
      - nosniff
    status:
      code: 200
      message: OK
- request:
    body: null
    headers:
      Accept:
      - application/json
      Accept-Encoding:
      - gzip, deflate
      CommandName:
      - batchai job wait
      Connection:
      - keep-alive
      Content-Type:
      - application/json; charset=utf-8
      ParameterSetName:
      - -g -w -e -n
      User-Agent:
      - python/3.7.2 (Darwin-18.2.0-x86_64-i386-64bit) msrest/0.6.6 msrest_azure/0.6.0
        azure-mgmt-batchai/2.0.0 Azure-SDK-For-Python AZURECLI/2.0.63
      accept-language:
      - en-US
    method: GET
    uri: https://management.azure.com/subscriptions/00000000-0000-0000-0000-000000000000/resourceGroups/clitest.rg000001/providers/Microsoft.BatchAI/workspaces/workspace/experiments/experiment/jobs/job?api-version=2018-05-01
  response:
    body:
      string: '{"id":"/subscriptions/00000000-0000-0000-0000-000000000000/resourceGroups/clitest.rg000001/providers/Microsoft.BatchAI/workspaces/workspace/experiments/experiment/jobs/job","name":"job","type":"Microsoft.BatchAI/workspaces/experiments/jobs","properties":{"experimentName":"experiment","schedulingPriority":"normal","cluster":{"id":"/subscriptions/00000000-0000-0000-0000-000000000000/resourceGroups/clitest.rg000001/providers/Microsoft.BatchAI/workspaces/workspace/clusters/cluster"},"jobOutputDirectoryPathSegment":"00977cdb-163f-435f-9c32-39ec8ae61f4d/clitest.rg000001/workspaces/workspace/experiments/experiment/jobs/job/9a11bb96-88f7-43fe-bfb7-d3e2a5c70ee5","nodeCount":1,"containerSettings":{"imageSourceRegistry":{"image":"ubuntu"}},"mountVolumes":{"azureFileShares":[{"accountName":"clitest000002","azureFileUrl":"https://clitest000002.file.core.windows.net/share","credentials":{},"relativeMountPath":"afs","fileMode":"0777","directoryMode":"0777"}],"azureBlobFileSystems":[{"accountName":"clitest000002","containerName":"container","credentials":{},"relativeMountPath":"bfs"}]},"toolType":"custom","customToolkitSettings":{"commandLine":"echo
        hi | tee $AZ_BATCHAI_OUTPUT_OUTPUT/result.txt"},"stdOutErrPathPrefix":"$AZ_BATCHAI_JOB_MOUNT_ROOT/afs","outputDirectories":[{"id":"OUTPUT","pathPrefix":"$AZ_BATCHAI_JOB_MOUNT_ROOT/bfs","pathSuffix":"output"}],"constraints":{"maxWallClockTime":"P150D"},"creationTime":"2019-05-02T19:41:18.655Z","provisioningState":"succeeded","provisioningStateTransitionTime":"2019-05-02T19:41:23.88Z","executionState":"queued","executionStateTransitionTime":"2019-05-02T19:41:18.655Z"}}'
    headers:
      cache-control:
      - no-cache
      content-length:
      - '1833'
      content-type:
      - application/json; charset=utf-8
      date:
      - Thu, 02 May 2019 19:42:29 GMT
      etag:
      - '"0x8D6CF3625A99381"'
      expires:
      - '-1'
      last-modified:
      - Thu, 02 May 2019 19:41:18 GMT
      pragma:
      - no-cache
      request-id:
      - 53c75086-bf85-4d5e-bc91-9e355a4ca365
      server:
      - Microsoft-HTTPAPI/2.0
      strict-transport-security:
      - max-age=31536000; includeSubDomains
      transfer-encoding:
      - chunked
      vary:
      - Accept-Encoding
      x-content-type-options:
      - nosniff
    status:
      code: 200
      message: OK
- request:
    body: null
    headers:
      Accept:
      - application/json
      Accept-Encoding:
      - gzip, deflate
      CommandName:
      - batchai job wait
      Connection:
      - keep-alive
      Content-Type:
      - application/json; charset=utf-8
      ParameterSetName:
      - -g -w -e -n
      User-Agent:
      - python/3.7.2 (Darwin-18.2.0-x86_64-i386-64bit) msrest/0.6.6 msrest_azure/0.6.0
        azure-mgmt-batchai/2.0.0 Azure-SDK-For-Python AZURECLI/2.0.63
      accept-language:
      - en-US
    method: GET
    uri: https://management.azure.com/subscriptions/00000000-0000-0000-0000-000000000000/resourceGroups/clitest.rg000001/providers/Microsoft.BatchAI/workspaces/workspace/experiments/experiment/jobs/job?api-version=2018-05-01
  response:
    body:
      string: '{"id":"/subscriptions/00000000-0000-0000-0000-000000000000/resourceGroups/clitest.rg000001/providers/Microsoft.BatchAI/workspaces/workspace/experiments/experiment/jobs/job","name":"job","type":"Microsoft.BatchAI/workspaces/experiments/jobs","properties":{"experimentName":"experiment","schedulingPriority":"normal","cluster":{"id":"/subscriptions/00000000-0000-0000-0000-000000000000/resourceGroups/clitest.rg000001/providers/Microsoft.BatchAI/workspaces/workspace/clusters/cluster"},"jobOutputDirectoryPathSegment":"00977cdb-163f-435f-9c32-39ec8ae61f4d/clitest.rg000001/workspaces/workspace/experiments/experiment/jobs/job/9a11bb96-88f7-43fe-bfb7-d3e2a5c70ee5","nodeCount":1,"containerSettings":{"imageSourceRegistry":{"image":"ubuntu"}},"mountVolumes":{"azureFileShares":[{"accountName":"clitest000002","azureFileUrl":"https://clitest000002.file.core.windows.net/share","credentials":{},"relativeMountPath":"afs","fileMode":"0777","directoryMode":"0777"}],"azureBlobFileSystems":[{"accountName":"clitest000002","containerName":"container","credentials":{},"relativeMountPath":"bfs"}]},"toolType":"custom","customToolkitSettings":{"commandLine":"echo
        hi | tee $AZ_BATCHAI_OUTPUT_OUTPUT/result.txt"},"stdOutErrPathPrefix":"$AZ_BATCHAI_JOB_MOUNT_ROOT/afs","outputDirectories":[{"id":"OUTPUT","pathPrefix":"$AZ_BATCHAI_JOB_MOUNT_ROOT/bfs","pathSuffix":"output"}],"constraints":{"maxWallClockTime":"P150D"},"creationTime":"2019-05-02T19:41:18.655Z","provisioningState":"succeeded","provisioningStateTransitionTime":"2019-05-02T19:41:23.88Z","executionState":"queued","executionStateTransitionTime":"2019-05-02T19:41:18.655Z"}}'
    headers:
      cache-control:
      - no-cache
      content-length:
      - '1833'
      content-type:
      - application/json; charset=utf-8
      date:
      - Thu, 02 May 2019 19:42:45 GMT
      etag:
      - '"0x8D6CF3625A99381"'
      expires:
      - '-1'
      last-modified:
      - Thu, 02 May 2019 19:41:18 GMT
      pragma:
      - no-cache
      request-id:
      - 08225a85-f94a-49b4-9c98-be39c494845e
      server:
      - Microsoft-HTTPAPI/2.0
      strict-transport-security:
      - max-age=31536000; includeSubDomains
      transfer-encoding:
      - chunked
      vary:
      - Accept-Encoding
      x-content-type-options:
      - nosniff
    status:
      code: 200
      message: OK
- request:
    body: null
    headers:
      Accept:
      - application/json
      Accept-Encoding:
      - gzip, deflate
      CommandName:
      - batchai job wait
      Connection:
      - keep-alive
      Content-Type:
      - application/json; charset=utf-8
      ParameterSetName:
      - -g -w -e -n
      User-Agent:
      - python/3.7.2 (Darwin-18.2.0-x86_64-i386-64bit) msrest/0.6.6 msrest_azure/0.6.0
        azure-mgmt-batchai/2.0.0 Azure-SDK-For-Python AZURECLI/2.0.63
      accept-language:
      - en-US
    method: GET
    uri: https://management.azure.com/subscriptions/00000000-0000-0000-0000-000000000000/resourceGroups/clitest.rg000001/providers/Microsoft.BatchAI/workspaces/workspace/experiments/experiment/jobs/job?api-version=2018-05-01
  response:
    body:
      string: '{"id":"/subscriptions/00000000-0000-0000-0000-000000000000/resourceGroups/clitest.rg000001/providers/Microsoft.BatchAI/workspaces/workspace/experiments/experiment/jobs/job","name":"job","type":"Microsoft.BatchAI/workspaces/experiments/jobs","properties":{"experimentName":"experiment","schedulingPriority":"normal","cluster":{"id":"/subscriptions/00000000-0000-0000-0000-000000000000/resourceGroups/clitest.rg000001/providers/Microsoft.BatchAI/workspaces/workspace/clusters/cluster"},"jobOutputDirectoryPathSegment":"00977cdb-163f-435f-9c32-39ec8ae61f4d/clitest.rg000001/workspaces/workspace/experiments/experiment/jobs/job/9a11bb96-88f7-43fe-bfb7-d3e2a5c70ee5","nodeCount":1,"containerSettings":{"imageSourceRegistry":{"image":"ubuntu"}},"mountVolumes":{"azureFileShares":[{"accountName":"clitest000002","azureFileUrl":"https://clitest000002.file.core.windows.net/share","credentials":{},"relativeMountPath":"afs","fileMode":"0777","directoryMode":"0777"}],"azureBlobFileSystems":[{"accountName":"clitest000002","containerName":"container","credentials":{},"relativeMountPath":"bfs"}]},"toolType":"custom","customToolkitSettings":{"commandLine":"echo
        hi | tee $AZ_BATCHAI_OUTPUT_OUTPUT/result.txt"},"stdOutErrPathPrefix":"$AZ_BATCHAI_JOB_MOUNT_ROOT/afs","outputDirectories":[{"id":"OUTPUT","pathPrefix":"$AZ_BATCHAI_JOB_MOUNT_ROOT/bfs","pathSuffix":"output"}],"constraints":{"maxWallClockTime":"P150D"},"creationTime":"2019-05-02T19:41:18.655Z","provisioningState":"succeeded","provisioningStateTransitionTime":"2019-05-02T19:41:23.88Z","executionState":"queued","executionStateTransitionTime":"2019-05-02T19:41:18.655Z"}}'
    headers:
      cache-control:
      - no-cache
      content-length:
      - '1833'
      content-type:
      - application/json; charset=utf-8
      date:
      - Thu, 02 May 2019 19:43:00 GMT
      etag:
      - '"0x8D6CF3625A99381"'
      expires:
      - '-1'
      last-modified:
      - Thu, 02 May 2019 19:41:18 GMT
      pragma:
      - no-cache
      request-id:
      - 6773ee1f-948a-45ad-8044-a9f61905d222
      server:
      - Microsoft-HTTPAPI/2.0
      strict-transport-security:
      - max-age=31536000; includeSubDomains
      transfer-encoding:
      - chunked
      vary:
      - Accept-Encoding
      x-content-type-options:
      - nosniff
    status:
      code: 200
      message: OK
- request:
    body: null
    headers:
      Accept:
      - application/json
      Accept-Encoding:
      - gzip, deflate
      CommandName:
      - batchai job wait
      Connection:
      - keep-alive
      Content-Type:
      - application/json; charset=utf-8
      ParameterSetName:
      - -g -w -e -n
      User-Agent:
      - python/3.7.2 (Darwin-18.2.0-x86_64-i386-64bit) msrest/0.6.6 msrest_azure/0.6.0
        azure-mgmt-batchai/2.0.0 Azure-SDK-For-Python AZURECLI/2.0.63
      accept-language:
      - en-US
    method: GET
    uri: https://management.azure.com/subscriptions/00000000-0000-0000-0000-000000000000/resourceGroups/clitest.rg000001/providers/Microsoft.BatchAI/workspaces/workspace/experiments/experiment/jobs/job?api-version=2018-05-01
  response:
    body:
      string: '{"id":"/subscriptions/00000000-0000-0000-0000-000000000000/resourceGroups/clitest.rg000001/providers/Microsoft.BatchAI/workspaces/workspace/experiments/experiment/jobs/job","name":"job","type":"Microsoft.BatchAI/workspaces/experiments/jobs","properties":{"experimentName":"experiment","schedulingPriority":"normal","cluster":{"id":"/subscriptions/00000000-0000-0000-0000-000000000000/resourceGroups/clitest.rg000001/providers/Microsoft.BatchAI/workspaces/workspace/clusters/cluster"},"jobOutputDirectoryPathSegment":"00977cdb-163f-435f-9c32-39ec8ae61f4d/clitest.rg000001/workspaces/workspace/experiments/experiment/jobs/job/9a11bb96-88f7-43fe-bfb7-d3e2a5c70ee5","nodeCount":1,"containerSettings":{"imageSourceRegistry":{"image":"ubuntu"}},"mountVolumes":{"azureFileShares":[{"accountName":"clitest000002","azureFileUrl":"https://clitest000002.file.core.windows.net/share","credentials":{},"relativeMountPath":"afs","fileMode":"0777","directoryMode":"0777"}],"azureBlobFileSystems":[{"accountName":"clitest000002","containerName":"container","credentials":{},"relativeMountPath":"bfs"}]},"toolType":"custom","customToolkitSettings":{"commandLine":"echo
        hi | tee $AZ_BATCHAI_OUTPUT_OUTPUT/result.txt"},"stdOutErrPathPrefix":"$AZ_BATCHAI_JOB_MOUNT_ROOT/afs","outputDirectories":[{"id":"OUTPUT","pathPrefix":"$AZ_BATCHAI_JOB_MOUNT_ROOT/bfs","pathSuffix":"output"}],"constraints":{"maxWallClockTime":"P150D"},"creationTime":"2019-05-02T19:41:18.655Z","provisioningState":"succeeded","provisioningStateTransitionTime":"2019-05-02T19:41:23.88Z","executionState":"queued","executionStateTransitionTime":"2019-05-02T19:41:18.655Z"}}'
    headers:
      cache-control:
      - no-cache
      content-length:
      - '1833'
      content-type:
      - application/json; charset=utf-8
      date:
      - Thu, 02 May 2019 19:43:17 GMT
      etag:
      - '"0x8D6CF3625A99381"'
      expires:
      - '-1'
      last-modified:
      - Thu, 02 May 2019 19:41:18 GMT
      pragma:
      - no-cache
      request-id:
      - 044aa18e-a724-4223-af55-31a6f96e0093
      server:
      - Microsoft-HTTPAPI/2.0
      strict-transport-security:
      - max-age=31536000; includeSubDomains
      transfer-encoding:
      - chunked
      vary:
      - Accept-Encoding
      x-content-type-options:
      - nosniff
    status:
      code: 200
      message: OK
- request:
    body: null
    headers:
      Accept:
      - application/json
      Accept-Encoding:
      - gzip, deflate
      CommandName:
      - batchai job wait
      Connection:
      - keep-alive
      Content-Type:
      - application/json; charset=utf-8
      ParameterSetName:
      - -g -w -e -n
      User-Agent:
      - python/3.7.2 (Darwin-18.2.0-x86_64-i386-64bit) msrest/0.6.6 msrest_azure/0.6.0
        azure-mgmt-batchai/2.0.0 Azure-SDK-For-Python AZURECLI/2.0.63
      accept-language:
      - en-US
    method: GET
    uri: https://management.azure.com/subscriptions/00000000-0000-0000-0000-000000000000/resourceGroups/clitest.rg000001/providers/Microsoft.BatchAI/workspaces/workspace/experiments/experiment/jobs/job?api-version=2018-05-01
  response:
    body:
      string: '{"id":"/subscriptions/00000000-0000-0000-0000-000000000000/resourceGroups/clitest.rg000001/providers/Microsoft.BatchAI/workspaces/workspace/experiments/experiment/jobs/job","name":"job","type":"Microsoft.BatchAI/workspaces/experiments/jobs","properties":{"experimentName":"experiment","schedulingPriority":"normal","cluster":{"id":"/subscriptions/00000000-0000-0000-0000-000000000000/resourceGroups/clitest.rg000001/providers/Microsoft.BatchAI/workspaces/workspace/clusters/cluster"},"jobOutputDirectoryPathSegment":"00977cdb-163f-435f-9c32-39ec8ae61f4d/clitest.rg000001/workspaces/workspace/experiments/experiment/jobs/job/9a11bb96-88f7-43fe-bfb7-d3e2a5c70ee5","nodeCount":1,"containerSettings":{"imageSourceRegistry":{"image":"ubuntu"}},"mountVolumes":{"azureFileShares":[{"accountName":"clitest000002","azureFileUrl":"https://clitest000002.file.core.windows.net/share","credentials":{},"relativeMountPath":"afs","fileMode":"0777","directoryMode":"0777"}],"azureBlobFileSystems":[{"accountName":"clitest000002","containerName":"container","credentials":{},"relativeMountPath":"bfs"}]},"toolType":"custom","customToolkitSettings":{"commandLine":"echo
        hi | tee $AZ_BATCHAI_OUTPUT_OUTPUT/result.txt"},"stdOutErrPathPrefix":"$AZ_BATCHAI_JOB_MOUNT_ROOT/afs","outputDirectories":[{"id":"OUTPUT","pathPrefix":"$AZ_BATCHAI_JOB_MOUNT_ROOT/bfs","pathSuffix":"output"}],"constraints":{"maxWallClockTime":"P150D"},"creationTime":"2019-05-02T19:41:18.655Z","provisioningState":"succeeded","provisioningStateTransitionTime":"2019-05-02T19:41:23.88Z","executionState":"queued","executionStateTransitionTime":"2019-05-02T19:41:18.655Z"}}'
    headers:
      cache-control:
      - no-cache
      content-length:
      - '1833'
      content-type:
      - application/json; charset=utf-8
      date:
      - Thu, 02 May 2019 19:43:33 GMT
      etag:
      - '"0x8D6CF3625A99381"'
      expires:
      - '-1'
      last-modified:
      - Thu, 02 May 2019 19:41:18 GMT
      pragma:
      - no-cache
      request-id:
      - 9e0aa2d5-448b-4181-ab5e-1eb0dc6bdb1a
      server:
      - Microsoft-HTTPAPI/2.0
      strict-transport-security:
      - max-age=31536000; includeSubDomains
      transfer-encoding:
      - chunked
      vary:
      - Accept-Encoding
      x-content-type-options:
      - nosniff
    status:
      code: 200
      message: OK
- request:
    body: null
    headers:
      Accept:
      - application/json
      Accept-Encoding:
      - gzip, deflate
      CommandName:
      - batchai job wait
      Connection:
      - keep-alive
      Content-Type:
      - application/json; charset=utf-8
      ParameterSetName:
      - -g -w -e -n
      User-Agent:
      - python/3.7.2 (Darwin-18.2.0-x86_64-i386-64bit) msrest/0.6.6 msrest_azure/0.6.0
        azure-mgmt-batchai/2.0.0 Azure-SDK-For-Python AZURECLI/2.0.63
      accept-language:
      - en-US
    method: GET
    uri: https://management.azure.com/subscriptions/00000000-0000-0000-0000-000000000000/resourceGroups/clitest.rg000001/providers/Microsoft.BatchAI/workspaces/workspace/experiments/experiment/jobs/job?api-version=2018-05-01
  response:
    body:
      string: '{"id":"/subscriptions/00000000-0000-0000-0000-000000000000/resourceGroups/clitest.rg000001/providers/Microsoft.BatchAI/workspaces/workspace/experiments/experiment/jobs/job","name":"job","type":"Microsoft.BatchAI/workspaces/experiments/jobs","properties":{"experimentName":"experiment","schedulingPriority":"normal","cluster":{"id":"/subscriptions/00000000-0000-0000-0000-000000000000/resourceGroups/clitest.rg000001/providers/Microsoft.BatchAI/workspaces/workspace/clusters/cluster"},"jobOutputDirectoryPathSegment":"00977cdb-163f-435f-9c32-39ec8ae61f4d/clitest.rg000001/workspaces/workspace/experiments/experiment/jobs/job/9a11bb96-88f7-43fe-bfb7-d3e2a5c70ee5","nodeCount":1,"containerSettings":{"imageSourceRegistry":{"image":"ubuntu"}},"mountVolumes":{"azureFileShares":[{"accountName":"clitest000002","azureFileUrl":"https://clitest000002.file.core.windows.net/share","credentials":{},"relativeMountPath":"afs","fileMode":"0777","directoryMode":"0777"}],"azureBlobFileSystems":[{"accountName":"clitest000002","containerName":"container","credentials":{},"relativeMountPath":"bfs"}]},"toolType":"custom","customToolkitSettings":{"commandLine":"echo
        hi | tee $AZ_BATCHAI_OUTPUT_OUTPUT/result.txt"},"stdOutErrPathPrefix":"$AZ_BATCHAI_JOB_MOUNT_ROOT/afs","outputDirectories":[{"id":"OUTPUT","pathPrefix":"$AZ_BATCHAI_JOB_MOUNT_ROOT/bfs","pathSuffix":"output"}],"constraints":{"maxWallClockTime":"P150D"},"creationTime":"2019-05-02T19:41:18.655Z","provisioningState":"succeeded","provisioningStateTransitionTime":"2019-05-02T19:41:23.88Z","executionState":"queued","executionStateTransitionTime":"2019-05-02T19:41:18.655Z"}}'
    headers:
      cache-control:
      - no-cache
      content-length:
      - '1833'
      content-type:
      - application/json; charset=utf-8
      date:
      - Thu, 02 May 2019 19:43:48 GMT
      etag:
      - '"0x8D6CF3625A99381"'
      expires:
      - '-1'
      last-modified:
      - Thu, 02 May 2019 19:41:18 GMT
      pragma:
      - no-cache
      request-id:
      - e119e0e1-7a55-4914-80dd-c4fa0e27b3ef
      server:
      - Microsoft-HTTPAPI/2.0
      strict-transport-security:
      - max-age=31536000; includeSubDomains
      transfer-encoding:
      - chunked
      vary:
      - Accept-Encoding
      x-content-type-options:
      - nosniff
    status:
      code: 200
      message: OK
- request:
    body: null
    headers:
      Accept:
      - application/json
      Accept-Encoding:
      - gzip, deflate
      CommandName:
      - batchai job wait
      Connection:
      - keep-alive
      Content-Type:
      - application/json; charset=utf-8
      ParameterSetName:
      - -g -w -e -n
      User-Agent:
      - python/3.7.2 (Darwin-18.2.0-x86_64-i386-64bit) msrest/0.6.6 msrest_azure/0.6.0
        azure-mgmt-batchai/2.0.0 Azure-SDK-For-Python AZURECLI/2.0.63
      accept-language:
      - en-US
    method: GET
    uri: https://management.azure.com/subscriptions/00000000-0000-0000-0000-000000000000/resourceGroups/clitest.rg000001/providers/Microsoft.BatchAI/workspaces/workspace/experiments/experiment/jobs/job?api-version=2018-05-01
  response:
    body:
      string: '{"id":"/subscriptions/00000000-0000-0000-0000-000000000000/resourceGroups/clitest.rg000001/providers/Microsoft.BatchAI/workspaces/workspace/experiments/experiment/jobs/job","name":"job","type":"Microsoft.BatchAI/workspaces/experiments/jobs","properties":{"experimentName":"experiment","schedulingPriority":"normal","cluster":{"id":"/subscriptions/00000000-0000-0000-0000-000000000000/resourceGroups/clitest.rg000001/providers/Microsoft.BatchAI/workspaces/workspace/clusters/cluster"},"jobOutputDirectoryPathSegment":"00977cdb-163f-435f-9c32-39ec8ae61f4d/clitest.rg000001/workspaces/workspace/experiments/experiment/jobs/job/9a11bb96-88f7-43fe-bfb7-d3e2a5c70ee5","nodeCount":1,"containerSettings":{"imageSourceRegistry":{"image":"ubuntu"}},"mountVolumes":{"azureFileShares":[{"accountName":"clitest000002","azureFileUrl":"https://clitest000002.file.core.windows.net/share","credentials":{},"relativeMountPath":"afs","fileMode":"0777","directoryMode":"0777"}],"azureBlobFileSystems":[{"accountName":"clitest000002","containerName":"container","credentials":{},"relativeMountPath":"bfs"}]},"toolType":"custom","customToolkitSettings":{"commandLine":"echo
        hi | tee $AZ_BATCHAI_OUTPUT_OUTPUT/result.txt"},"stdOutErrPathPrefix":"$AZ_BATCHAI_JOB_MOUNT_ROOT/afs","outputDirectories":[{"id":"OUTPUT","pathPrefix":"$AZ_BATCHAI_JOB_MOUNT_ROOT/bfs","pathSuffix":"output"}],"constraints":{"maxWallClockTime":"P150D"},"creationTime":"2019-05-02T19:41:18.655Z","provisioningState":"succeeded","provisioningStateTransitionTime":"2019-05-02T19:41:23.88Z","executionState":"queued","executionStateTransitionTime":"2019-05-02T19:41:18.655Z"}}'
    headers:
      cache-control:
      - no-cache
      content-length:
      - '1833'
      content-type:
      - application/json; charset=utf-8
      date:
      - Thu, 02 May 2019 19:44:04 GMT
      etag:
      - '"0x8D6CF3625A99381"'
      expires:
      - '-1'
      last-modified:
      - Thu, 02 May 2019 19:41:18 GMT
      pragma:
      - no-cache
      request-id:
      - b3ffd2e9-6117-4b8b-b642-1912817517ee
      server:
      - Microsoft-HTTPAPI/2.0
      strict-transport-security:
      - max-age=31536000; includeSubDomains
      transfer-encoding:
      - chunked
      vary:
      - Accept-Encoding
      x-content-type-options:
      - nosniff
    status:
      code: 200
      message: OK
- request:
    body: null
    headers:
      Accept:
      - application/json
      Accept-Encoding:
      - gzip, deflate
      CommandName:
      - batchai job wait
      Connection:
      - keep-alive
      Content-Type:
      - application/json; charset=utf-8
      ParameterSetName:
      - -g -w -e -n
      User-Agent:
      - python/3.7.2 (Darwin-18.2.0-x86_64-i386-64bit) msrest/0.6.6 msrest_azure/0.6.0
        azure-mgmt-batchai/2.0.0 Azure-SDK-For-Python AZURECLI/2.0.63
      accept-language:
      - en-US
    method: GET
    uri: https://management.azure.com/subscriptions/00000000-0000-0000-0000-000000000000/resourceGroups/clitest.rg000001/providers/Microsoft.BatchAI/workspaces/workspace/experiments/experiment/jobs/job?api-version=2018-05-01
  response:
    body:
      string: '{"id":"/subscriptions/00000000-0000-0000-0000-000000000000/resourceGroups/clitest.rg000001/providers/Microsoft.BatchAI/workspaces/workspace/experiments/experiment/jobs/job","name":"job","type":"Microsoft.BatchAI/workspaces/experiments/jobs","properties":{"experimentName":"experiment","schedulingPriority":"normal","cluster":{"id":"/subscriptions/00000000-0000-0000-0000-000000000000/resourceGroups/clitest.rg000001/providers/Microsoft.BatchAI/workspaces/workspace/clusters/cluster"},"jobOutputDirectoryPathSegment":"00977cdb-163f-435f-9c32-39ec8ae61f4d/clitest.rg000001/workspaces/workspace/experiments/experiment/jobs/job/9a11bb96-88f7-43fe-bfb7-d3e2a5c70ee5","nodeCount":1,"containerSettings":{"imageSourceRegistry":{"image":"ubuntu"}},"mountVolumes":{"azureFileShares":[{"accountName":"clitest000002","azureFileUrl":"https://clitest000002.file.core.windows.net/share","credentials":{},"relativeMountPath":"afs","fileMode":"0777","directoryMode":"0777"}],"azureBlobFileSystems":[{"accountName":"clitest000002","containerName":"container","credentials":{},"relativeMountPath":"bfs"}]},"toolType":"custom","customToolkitSettings":{"commandLine":"echo
        hi | tee $AZ_BATCHAI_OUTPUT_OUTPUT/result.txt"},"stdOutErrPathPrefix":"$AZ_BATCHAI_JOB_MOUNT_ROOT/afs","outputDirectories":[{"id":"OUTPUT","pathPrefix":"$AZ_BATCHAI_JOB_MOUNT_ROOT/bfs","pathSuffix":"output"}],"constraints":{"maxWallClockTime":"P150D"},"creationTime":"2019-05-02T19:41:18.655Z","provisioningState":"succeeded","provisioningStateTransitionTime":"2019-05-02T19:41:23.88Z","executionState":"queued","executionStateTransitionTime":"2019-05-02T19:41:18.655Z"}}'
    headers:
      cache-control:
      - no-cache
      content-length:
      - '1833'
      content-type:
      - application/json; charset=utf-8
      date:
      - Thu, 02 May 2019 19:44:21 GMT
      etag:
      - '"0x8D6CF3625A99381"'
      expires:
      - '-1'
      last-modified:
      - Thu, 02 May 2019 19:41:18 GMT
      pragma:
      - no-cache
      request-id:
      - 30789afa-111d-49c1-b112-d991bedc6992
      server:
      - Microsoft-HTTPAPI/2.0
      strict-transport-security:
      - max-age=31536000; includeSubDomains
      transfer-encoding:
      - chunked
      vary:
      - Accept-Encoding
      x-content-type-options:
      - nosniff
    status:
      code: 200
      message: OK
- request:
    body: null
    headers:
      Accept:
      - application/json
      Accept-Encoding:
      - gzip, deflate
      CommandName:
      - batchai job wait
      Connection:
      - keep-alive
      Content-Type:
      - application/json; charset=utf-8
      ParameterSetName:
      - -g -w -e -n
      User-Agent:
      - python/3.7.2 (Darwin-18.2.0-x86_64-i386-64bit) msrest/0.6.6 msrest_azure/0.6.0
        azure-mgmt-batchai/2.0.0 Azure-SDK-For-Python AZURECLI/2.0.63
      accept-language:
      - en-US
    method: GET
    uri: https://management.azure.com/subscriptions/00000000-0000-0000-0000-000000000000/resourceGroups/clitest.rg000001/providers/Microsoft.BatchAI/workspaces/workspace/experiments/experiment/jobs/job?api-version=2018-05-01
  response:
    body:
      string: '{"id":"/subscriptions/00000000-0000-0000-0000-000000000000/resourceGroups/clitest.rg000001/providers/Microsoft.BatchAI/workspaces/workspace/experiments/experiment/jobs/job","name":"job","type":"Microsoft.BatchAI/workspaces/experiments/jobs","properties":{"experimentName":"experiment","schedulingPriority":"normal","cluster":{"id":"/subscriptions/00000000-0000-0000-0000-000000000000/resourceGroups/clitest.rg000001/providers/Microsoft.BatchAI/workspaces/workspace/clusters/cluster"},"jobOutputDirectoryPathSegment":"00977cdb-163f-435f-9c32-39ec8ae61f4d/clitest.rg000001/workspaces/workspace/experiments/experiment/jobs/job/9a11bb96-88f7-43fe-bfb7-d3e2a5c70ee5","nodeCount":1,"containerSettings":{"imageSourceRegistry":{"image":"ubuntu"}},"mountVolumes":{"azureFileShares":[{"accountName":"clitest000002","azureFileUrl":"https://clitest000002.file.core.windows.net/share","credentials":{},"relativeMountPath":"afs","fileMode":"0777","directoryMode":"0777"}],"azureBlobFileSystems":[{"accountName":"clitest000002","containerName":"container","credentials":{},"relativeMountPath":"bfs"}]},"toolType":"custom","customToolkitSettings":{"commandLine":"echo
        hi | tee $AZ_BATCHAI_OUTPUT_OUTPUT/result.txt"},"stdOutErrPathPrefix":"$AZ_BATCHAI_JOB_MOUNT_ROOT/afs","outputDirectories":[{"id":"OUTPUT","pathPrefix":"$AZ_BATCHAI_JOB_MOUNT_ROOT/bfs","pathSuffix":"output"}],"constraints":{"maxWallClockTime":"P150D"},"creationTime":"2019-05-02T19:41:18.655Z","provisioningState":"succeeded","provisioningStateTransitionTime":"2019-05-02T19:41:23.88Z","executionState":"queued","executionStateTransitionTime":"2019-05-02T19:41:18.655Z"}}'
    headers:
      cache-control:
      - no-cache
      content-length:
      - '1833'
      content-type:
      - application/json; charset=utf-8
      date:
      - Thu, 02 May 2019 19:44:37 GMT
      etag:
      - '"0x8D6CF3625A99381"'
      expires:
      - '-1'
      last-modified:
      - Thu, 02 May 2019 19:41:18 GMT
      pragma:
      - no-cache
      request-id:
      - 8b4f581e-81cf-4a0d-a8dc-dff4907d5a3d
      server:
      - Microsoft-HTTPAPI/2.0
      strict-transport-security:
      - max-age=31536000; includeSubDomains
      transfer-encoding:
      - chunked
      vary:
      - Accept-Encoding
      x-content-type-options:
      - nosniff
    status:
      code: 200
      message: OK
- request:
    body: null
    headers:
      Accept:
      - application/json
      Accept-Encoding:
      - gzip, deflate
      CommandName:
      - batchai job wait
      Connection:
      - keep-alive
      Content-Type:
      - application/json; charset=utf-8
      ParameterSetName:
      - -g -w -e -n
      User-Agent:
      - python/3.7.2 (Darwin-18.2.0-x86_64-i386-64bit) msrest/0.6.6 msrest_azure/0.6.0
        azure-mgmt-batchai/2.0.0 Azure-SDK-For-Python AZURECLI/2.0.63
      accept-language:
      - en-US
    method: GET
    uri: https://management.azure.com/subscriptions/00000000-0000-0000-0000-000000000000/resourceGroups/clitest.rg000001/providers/Microsoft.BatchAI/workspaces/workspace/experiments/experiment/jobs/job?api-version=2018-05-01
  response:
    body:
      string: '{"id":"/subscriptions/00000000-0000-0000-0000-000000000000/resourceGroups/clitest.rg000001/providers/Microsoft.BatchAI/workspaces/workspace/experiments/experiment/jobs/job","name":"job","type":"Microsoft.BatchAI/workspaces/experiments/jobs","properties":{"experimentName":"experiment","schedulingPriority":"normal","cluster":{"id":"/subscriptions/00000000-0000-0000-0000-000000000000/resourceGroups/clitest.rg000001/providers/Microsoft.BatchAI/workspaces/workspace/clusters/cluster"},"jobOutputDirectoryPathSegment":"00977cdb-163f-435f-9c32-39ec8ae61f4d/clitest.rg000001/workspaces/workspace/experiments/experiment/jobs/job/9a11bb96-88f7-43fe-bfb7-d3e2a5c70ee5","nodeCount":1,"containerSettings":{"imageSourceRegistry":{"image":"ubuntu"}},"mountVolumes":{"azureFileShares":[{"accountName":"clitest000002","azureFileUrl":"https://clitest000002.file.core.windows.net/share","credentials":{},"relativeMountPath":"afs","fileMode":"0777","directoryMode":"0777"}],"azureBlobFileSystems":[{"accountName":"clitest000002","containerName":"container","credentials":{},"relativeMountPath":"bfs"}]},"toolType":"custom","customToolkitSettings":{"commandLine":"echo
        hi | tee $AZ_BATCHAI_OUTPUT_OUTPUT/result.txt"},"stdOutErrPathPrefix":"$AZ_BATCHAI_JOB_MOUNT_ROOT/afs","outputDirectories":[{"id":"OUTPUT","pathPrefix":"$AZ_BATCHAI_JOB_MOUNT_ROOT/bfs","pathSuffix":"output"}],"constraints":{"maxWallClockTime":"P150D"},"creationTime":"2019-05-02T19:41:18.655Z","provisioningState":"succeeded","provisioningStateTransitionTime":"2019-05-02T19:41:23.88Z","executionState":"queued","executionStateTransitionTime":"2019-05-02T19:41:18.655Z"}}'
    headers:
      cache-control:
      - no-cache
      content-length:
      - '1833'
      content-type:
      - application/json; charset=utf-8
      date:
      - Thu, 02 May 2019 19:44:52 GMT
      etag:
      - '"0x8D6CF3625A99381"'
      expires:
      - '-1'
      last-modified:
      - Thu, 02 May 2019 19:41:18 GMT
      pragma:
      - no-cache
      request-id:
      - e6477c00-d361-4d59-98ae-faf21b2046f8
      server:
      - Microsoft-HTTPAPI/2.0
      strict-transport-security:
      - max-age=31536000; includeSubDomains
      transfer-encoding:
      - chunked
      vary:
      - Accept-Encoding
      x-content-type-options:
      - nosniff
    status:
      code: 200
      message: OK
- request:
    body: null
    headers:
      Accept:
      - application/json
      Accept-Encoding:
      - gzip, deflate
      CommandName:
      - batchai job wait
      Connection:
      - keep-alive
      Content-Type:
      - application/json; charset=utf-8
      ParameterSetName:
      - -g -w -e -n
      User-Agent:
      - python/3.7.2 (Darwin-18.2.0-x86_64-i386-64bit) msrest/0.6.6 msrest_azure/0.6.0
        azure-mgmt-batchai/2.0.0 Azure-SDK-For-Python AZURECLI/2.0.63
      accept-language:
      - en-US
    method: GET
    uri: https://management.azure.com/subscriptions/00000000-0000-0000-0000-000000000000/resourceGroups/clitest.rg000001/providers/Microsoft.BatchAI/workspaces/workspace/experiments/experiment/jobs/job?api-version=2018-05-01
  response:
    body:
      string: '{"error":{"code":"InternalServerError","message":"Encountered internal
        server error. Diagnostic information: timestamp ''20190502T194519Z'', subscription
        id ''00977cdb-163f-435f-9c32-39ec8ae61f4d'', tracking id ''cf68b51a-fa70-4b19-9b2a-e8fcd0ee968e'',
        request correlation id ''cf68b51a-fa70-4b19-9b2a-e8fcd0ee968e''."}}'
    headers:
      cache-control:
      - no-cache
      connection:
      - close
      content-length:
      - '312'
      content-type:
      - application/json; charset=utf-8
      date:
      - Thu, 02 May 2019 19:45:18 GMT
      expires:
      - '-1'
      pragma:
      - no-cache
      strict-transport-security:
      - max-age=31536000; includeSubDomains
      x-content-type-options:
      - nosniff
      x-ms-failure-cause:
      - gateway
    status:
      code: 500
      message: Internal Server Error
- request:
    body: null
    headers:
      Accept:
      - application/json
      Accept-Encoding:
      - gzip, deflate
      CommandName:
      - batchai job wait
      Connection:
      - keep-alive
      Content-Type:
      - application/json; charset=utf-8
      ParameterSetName:
      - -g -w -e -n
      User-Agent:
      - python/3.7.2 (Darwin-18.2.0-x86_64-i386-64bit) msrest/0.6.6 msrest_azure/0.6.0
        azure-mgmt-batchai/2.0.0 Azure-SDK-For-Python AZURECLI/2.0.63
      accept-language:
      - en-US
    method: GET
    uri: https://management.azure.com/subscriptions/00000000-0000-0000-0000-000000000000/resourceGroups/clitest.rg000001/providers/Microsoft.BatchAI/workspaces/workspace/experiments/experiment/jobs/job?api-version=2018-05-01
  response:
    body:
      string: '{"error":{"code":"InternalServerError","message":"Encountered internal
        server error. Diagnostic information: timestamp ''20190502T194530Z'', subscription
        id ''00977cdb-163f-435f-9c32-39ec8ae61f4d'', tracking id ''9c9a03c7-45f9-4c69-bf7a-52b360ffa4b4'',
        request correlation id ''9c9a03c7-45f9-4c69-bf7a-52b360ffa4b4''."}}'
    headers:
      cache-control:
      - no-cache
      connection:
      - close
      content-length:
      - '312'
      content-type:
      - application/json; charset=utf-8
      date:
      - Thu, 02 May 2019 19:45:30 GMT
      expires:
      - '-1'
      pragma:
      - no-cache
      strict-transport-security:
      - max-age=31536000; includeSubDomains
      x-content-type-options:
      - nosniff
      x-ms-failure-cause:
      - gateway
    status:
      code: 500
      message: Internal Server Error
- request:
    body: null
    headers:
      Accept:
      - application/json
      Accept-Encoding:
      - gzip, deflate
      CommandName:
      - batchai job wait
      Connection:
      - keep-alive
      Content-Type:
      - application/json; charset=utf-8
      ParameterSetName:
      - -g -w -e -n
      User-Agent:
      - python/3.7.2 (Darwin-18.2.0-x86_64-i386-64bit) msrest/0.6.6 msrest_azure/0.6.0
        azure-mgmt-batchai/2.0.0 Azure-SDK-For-Python AZURECLI/2.0.63
      accept-language:
      - en-US
    method: GET
    uri: https://management.azure.com/subscriptions/00000000-0000-0000-0000-000000000000/resourceGroups/clitest.rg000001/providers/Microsoft.BatchAI/workspaces/workspace/experiments/experiment/jobs/job?api-version=2018-05-01
  response:
    body:
      string: '{"id":"/subscriptions/00000000-0000-0000-0000-000000000000/resourceGroups/clitest.rg000001/providers/Microsoft.BatchAI/workspaces/workspace/experiments/experiment/jobs/job","name":"job","type":"Microsoft.BatchAI/workspaces/experiments/jobs","properties":{"experimentName":"experiment","schedulingPriority":"normal","cluster":{"id":"/subscriptions/00000000-0000-0000-0000-000000000000/resourceGroups/clitest.rg000001/providers/Microsoft.BatchAI/workspaces/workspace/clusters/cluster"},"jobOutputDirectoryPathSegment":"00977cdb-163f-435f-9c32-39ec8ae61f4d/clitest.rg000001/workspaces/workspace/experiments/experiment/jobs/job/9a11bb96-88f7-43fe-bfb7-d3e2a5c70ee5","nodeCount":1,"containerSettings":{"imageSourceRegistry":{"image":"ubuntu"}},"mountVolumes":{"azureFileShares":[{"accountName":"clitest000002","azureFileUrl":"https://clitest000002.file.core.windows.net/share","credentials":{},"relativeMountPath":"afs","fileMode":"0777","directoryMode":"0777"}],"azureBlobFileSystems":[{"accountName":"clitest000002","containerName":"container","credentials":{},"relativeMountPath":"bfs"}]},"toolType":"custom","customToolkitSettings":{"commandLine":"echo
        hi | tee $AZ_BATCHAI_OUTPUT_OUTPUT/result.txt"},"stdOutErrPathPrefix":"$AZ_BATCHAI_JOB_MOUNT_ROOT/afs","outputDirectories":[{"id":"OUTPUT","pathPrefix":"$AZ_BATCHAI_JOB_MOUNT_ROOT/bfs","pathSuffix":"output"}],"constraints":{"maxWallClockTime":"P150D"},"creationTime":"2019-05-02T19:41:18.655Z","provisioningState":"succeeded","provisioningStateTransitionTime":"2019-05-02T19:41:23.88Z","executionState":"queued","executionStateTransitionTime":"2019-05-02T19:41:18.655Z"}}'
    headers:
      cache-control:
      - no-cache
      content-length:
      - '1833'
      content-type:
      - application/json; charset=utf-8
      date:
      - Thu, 02 May 2019 19:45:32 GMT
      etag:
      - '"0x8D6CF3625A99381"'
      expires:
      - '-1'
      last-modified:
      - Thu, 02 May 2019 19:41:18 GMT
      pragma:
      - no-cache
      request-id:
      - 5401e11d-a4ea-4704-8609-80448137c1ac
      server:
      - Microsoft-HTTPAPI/2.0
      strict-transport-security:
      - max-age=31536000; includeSubDomains
      transfer-encoding:
      - chunked
      vary:
      - Accept-Encoding
      x-content-type-options:
      - nosniff
    status:
      code: 200
      message: OK
- request:
    body: null
    headers:
      Accept:
      - application/json
      Accept-Encoding:
      - gzip, deflate
      CommandName:
      - batchai job wait
      Connection:
      - keep-alive
      Content-Type:
      - application/json; charset=utf-8
      ParameterSetName:
      - -g -w -e -n
      User-Agent:
      - python/3.7.2 (Darwin-18.2.0-x86_64-i386-64bit) msrest/0.6.6 msrest_azure/0.6.0
        azure-mgmt-batchai/2.0.0 Azure-SDK-For-Python AZURECLI/2.0.63
      accept-language:
      - en-US
    method: GET
    uri: https://management.azure.com/subscriptions/00000000-0000-0000-0000-000000000000/resourceGroups/clitest.rg000001/providers/Microsoft.BatchAI/workspaces/workspace/experiments/experiment/jobs/job?api-version=2018-05-01
  response:
    body:
      string: '{"id":"/subscriptions/00000000-0000-0000-0000-000000000000/resourceGroups/clitest.rg000001/providers/Microsoft.BatchAI/workspaces/workspace/experiments/experiment/jobs/job","name":"job","type":"Microsoft.BatchAI/workspaces/experiments/jobs","properties":{"experimentName":"experiment","schedulingPriority":"normal","cluster":{"id":"/subscriptions/00000000-0000-0000-0000-000000000000/resourceGroups/clitest.rg000001/providers/Microsoft.BatchAI/workspaces/workspace/clusters/cluster"},"jobOutputDirectoryPathSegment":"00977cdb-163f-435f-9c32-39ec8ae61f4d/clitest.rg000001/workspaces/workspace/experiments/experiment/jobs/job/9a11bb96-88f7-43fe-bfb7-d3e2a5c70ee5","nodeCount":1,"containerSettings":{"imageSourceRegistry":{"image":"ubuntu"}},"mountVolumes":{"azureFileShares":[{"accountName":"clitest000002","azureFileUrl":"https://clitest000002.file.core.windows.net/share","credentials":{},"relativeMountPath":"afs","fileMode":"0777","directoryMode":"0777"}],"azureBlobFileSystems":[{"accountName":"clitest000002","containerName":"container","credentials":{},"relativeMountPath":"bfs"}]},"toolType":"custom","customToolkitSettings":{"commandLine":"echo
        hi | tee $AZ_BATCHAI_OUTPUT_OUTPUT/result.txt"},"stdOutErrPathPrefix":"$AZ_BATCHAI_JOB_MOUNT_ROOT/afs","outputDirectories":[{"id":"OUTPUT","pathPrefix":"$AZ_BATCHAI_JOB_MOUNT_ROOT/bfs","pathSuffix":"output"}],"constraints":{"maxWallClockTime":"P150D"},"creationTime":"2019-05-02T19:41:18.655Z","provisioningState":"succeeded","provisioningStateTransitionTime":"2019-05-02T19:41:23.88Z","executionState":"queued","executionStateTransitionTime":"2019-05-02T19:41:18.655Z"}}'
    headers:
      cache-control:
      - no-cache
      content-length:
      - '1833'
      content-type:
      - application/json; charset=utf-8
      date:
      - Thu, 02 May 2019 19:45:48 GMT
      etag:
      - '"0x8D6CF3625A99381"'
      expires:
      - '-1'
      last-modified:
      - Thu, 02 May 2019 19:41:18 GMT
      pragma:
      - no-cache
      request-id:
      - 7b84b104-66e1-43a8-9871-6f121226eab6
      server:
      - Microsoft-HTTPAPI/2.0
      strict-transport-security:
      - max-age=31536000; includeSubDomains
      transfer-encoding:
      - chunked
      vary:
      - Accept-Encoding
      x-content-type-options:
      - nosniff
    status:
      code: 200
      message: OK
- request:
    body: null
    headers:
      Accept:
      - application/json
      Accept-Encoding:
      - gzip, deflate
      CommandName:
      - batchai job wait
      Connection:
      - keep-alive
      Content-Type:
      - application/json; charset=utf-8
      ParameterSetName:
      - -g -w -e -n
      User-Agent:
      - python/3.7.2 (Darwin-18.2.0-x86_64-i386-64bit) msrest/0.6.6 msrest_azure/0.6.0
        azure-mgmt-batchai/2.0.0 Azure-SDK-For-Python AZURECLI/2.0.63
      accept-language:
      - en-US
    method: GET
    uri: https://management.azure.com/subscriptions/00000000-0000-0000-0000-000000000000/resourceGroups/clitest.rg000001/providers/Microsoft.BatchAI/workspaces/workspace/experiments/experiment/jobs/job?api-version=2018-05-01
  response:
    body:
      string: '{"error":{"code":"InternalServerError","message":"Encountered internal
        server error. Diagnostic information: timestamp ''20190502T194613Z'', subscription
        id ''00977cdb-163f-435f-9c32-39ec8ae61f4d'', tracking id ''6bc422c4-f354-43b4-84ec-fbed22055af7'',
        request correlation id ''6bc422c4-f354-43b4-84ec-fbed22055af7''."}}'
    headers:
      cache-control:
      - no-cache
      connection:
      - close
      content-length:
      - '312'
      content-type:
      - application/json; charset=utf-8
      date:
      - Thu, 02 May 2019 19:46:13 GMT
      expires:
      - '-1'
      pragma:
      - no-cache
      strict-transport-security:
      - max-age=31536000; includeSubDomains
      x-content-type-options:
      - nosniff
      x-ms-failure-cause:
      - gateway
    status:
      code: 500
      message: Internal Server Error
- request:
    body: null
    headers:
      Accept:
      - application/json
      Accept-Encoding:
      - gzip, deflate
      CommandName:
      - batchai job wait
      Connection:
      - keep-alive
      Content-Type:
      - application/json; charset=utf-8
      ParameterSetName:
      - -g -w -e -n
      User-Agent:
      - python/3.7.2 (Darwin-18.2.0-x86_64-i386-64bit) msrest/0.6.6 msrest_azure/0.6.0
        azure-mgmt-batchai/2.0.0 Azure-SDK-For-Python AZURECLI/2.0.63
      accept-language:
      - en-US
    method: GET
    uri: https://management.azure.com/subscriptions/00000000-0000-0000-0000-000000000000/resourceGroups/clitest.rg000001/providers/Microsoft.BatchAI/workspaces/workspace/experiments/experiment/jobs/job?api-version=2018-05-01
  response:
    body:
      string: '{"error":{"code":"InternalServerError","message":"Encountered internal
        server error. Diagnostic information: timestamp ''20190502T194624Z'', subscription
        id ''00977cdb-163f-435f-9c32-39ec8ae61f4d'', tracking id ''ea482cd0-f96f-4a22-9eab-7b675f95a773'',
        request correlation id ''ea482cd0-f96f-4a22-9eab-7b675f95a773''."}}'
    headers:
      cache-control:
      - no-cache
      connection:
      - close
      content-length:
      - '312'
      content-type:
      - application/json; charset=utf-8
      date:
      - Thu, 02 May 2019 19:46:24 GMT
      expires:
      - '-1'
      pragma:
      - no-cache
      strict-transport-security:
      - max-age=31536000; includeSubDomains
      x-content-type-options:
      - nosniff
      x-ms-failure-cause:
      - gateway
    status:
      code: 500
      message: Internal Server Error
- request:
    body: null
    headers:
      Accept:
      - application/json
      Accept-Encoding:
      - gzip, deflate
      CommandName:
      - batchai job wait
      Connection:
      - keep-alive
      Content-Type:
      - application/json; charset=utf-8
      ParameterSetName:
      - -g -w -e -n
      User-Agent:
      - python/3.7.2 (Darwin-18.2.0-x86_64-i386-64bit) msrest/0.6.6 msrest_azure/0.6.0
        azure-mgmt-batchai/2.0.0 Azure-SDK-For-Python AZURECLI/2.0.63
      accept-language:
      - en-US
    method: GET
    uri: https://management.azure.com/subscriptions/00000000-0000-0000-0000-000000000000/resourceGroups/clitest.rg000001/providers/Microsoft.BatchAI/workspaces/workspace/experiments/experiment/jobs/job?api-version=2018-05-01
  response:
    body:
      string: '{"error":{"code":"InternalServerError","message":"Encountered internal
        server error. Diagnostic information: timestamp ''20190502T194635Z'', subscription
        id ''00977cdb-163f-435f-9c32-39ec8ae61f4d'', tracking id ''21b4018c-3772-4b27-90d5-56786f1e32cb'',
        request correlation id ''21b4018c-3772-4b27-90d5-56786f1e32cb''."}}'
    headers:
      cache-control:
      - no-cache
      connection:
      - close
      content-length:
      - '312'
      content-type:
      - application/json; charset=utf-8
      date:
      - Thu, 02 May 2019 19:46:35 GMT
      expires:
      - '-1'
      pragma:
      - no-cache
      strict-transport-security:
      - max-age=31536000; includeSubDomains
      x-content-type-options:
      - nosniff
      x-ms-failure-cause:
      - gateway
    status:
      code: 500
      message: Internal Server Error
- request:
    body: null
    headers:
      Accept:
      - application/json
      Accept-Encoding:
      - gzip, deflate
      CommandName:
      - batchai job wait
      Connection:
      - keep-alive
      Content-Type:
      - application/json; charset=utf-8
      ParameterSetName:
      - -g -w -e -n
      User-Agent:
      - python/3.7.2 (Darwin-18.2.0-x86_64-i386-64bit) msrest/0.6.6 msrest_azure/0.6.0
        azure-mgmt-batchai/2.0.0 Azure-SDK-For-Python AZURECLI/2.0.63
      accept-language:
      - en-US
    method: GET
    uri: https://management.azure.com/subscriptions/00000000-0000-0000-0000-000000000000/resourceGroups/clitest.rg000001/providers/Microsoft.BatchAI/workspaces/workspace/experiments/experiment/jobs/job?api-version=2018-05-01
  response:
    body:
      string: '{"id":"/subscriptions/00000000-0000-0000-0000-000000000000/resourceGroups/clitest.rg000001/providers/Microsoft.BatchAI/workspaces/workspace/experiments/experiment/jobs/job","name":"job","type":"Microsoft.BatchAI/workspaces/experiments/jobs","properties":{"experimentName":"experiment","schedulingPriority":"normal","cluster":{"id":"/subscriptions/00000000-0000-0000-0000-000000000000/resourceGroups/clitest.rg000001/providers/Microsoft.BatchAI/workspaces/workspace/clusters/cluster"},"jobOutputDirectoryPathSegment":"00977cdb-163f-435f-9c32-39ec8ae61f4d/clitest.rg000001/workspaces/workspace/experiments/experiment/jobs/job/9a11bb96-88f7-43fe-bfb7-d3e2a5c70ee5","nodeCount":1,"containerSettings":{"imageSourceRegistry":{"image":"ubuntu"}},"mountVolumes":{"azureFileShares":[{"accountName":"clitest000002","azureFileUrl":"https://clitest000002.file.core.windows.net/share","credentials":{},"relativeMountPath":"afs","fileMode":"0777","directoryMode":"0777"}],"azureBlobFileSystems":[{"accountName":"clitest000002","containerName":"container","credentials":{},"relativeMountPath":"bfs"}]},"toolType":"custom","customToolkitSettings":{"commandLine":"echo
        hi | tee $AZ_BATCHAI_OUTPUT_OUTPUT/result.txt"},"stdOutErrPathPrefix":"$AZ_BATCHAI_JOB_MOUNT_ROOT/afs","outputDirectories":[{"id":"OUTPUT","pathPrefix":"$AZ_BATCHAI_JOB_MOUNT_ROOT/bfs","pathSuffix":"output"}],"constraints":{"maxWallClockTime":"P150D"},"creationTime":"2019-05-02T19:41:18.655Z","provisioningState":"succeeded","provisioningStateTransitionTime":"2019-05-02T19:41:23.88Z","executionState":"queued","executionStateTransitionTime":"2019-05-02T19:41:18.655Z"}}'
    headers:
      cache-control:
      - no-cache
      content-length:
      - '1833'
      content-type:
      - application/json; charset=utf-8
      date:
      - Thu, 02 May 2019 19:46:39 GMT
      etag:
      - '"0x8D6CF3625A99381"'
      expires:
      - '-1'
      last-modified:
      - Thu, 02 May 2019 19:41:18 GMT
      pragma:
      - no-cache
      request-id:
      - 83c18b8b-1586-4ac0-89dc-aa855522d8ce
      server:
      - Microsoft-HTTPAPI/2.0
      strict-transport-security:
      - max-age=31536000; includeSubDomains
      transfer-encoding:
      - chunked
      vary:
      - Accept-Encoding
      x-content-type-options:
      - nosniff
    status:
      code: 200
      message: OK
- request:
    body: null
    headers:
      Accept:
      - application/json
      Accept-Encoding:
      - gzip, deflate
      CommandName:
      - batchai job wait
      Connection:
      - keep-alive
      Content-Type:
      - application/json; charset=utf-8
      ParameterSetName:
      - -g -w -e -n
      User-Agent:
      - python/3.7.2 (Darwin-18.2.0-x86_64-i386-64bit) msrest/0.6.6 msrest_azure/0.6.0
        azure-mgmt-batchai/2.0.0 Azure-SDK-For-Python AZURECLI/2.0.63
      accept-language:
      - en-US
    method: GET
    uri: https://management.azure.com/subscriptions/00000000-0000-0000-0000-000000000000/resourceGroups/clitest.rg000001/providers/Microsoft.BatchAI/workspaces/workspace/experiments/experiment/jobs/job?api-version=2018-05-01
  response:
    body:
      string: '{"id":"/subscriptions/00000000-0000-0000-0000-000000000000/resourceGroups/clitest.rg000001/providers/Microsoft.BatchAI/workspaces/workspace/experiments/experiment/jobs/job","name":"job","type":"Microsoft.BatchAI/workspaces/experiments/jobs","properties":{"experimentName":"experiment","schedulingPriority":"normal","cluster":{"id":"/subscriptions/00000000-0000-0000-0000-000000000000/resourceGroups/clitest.rg000001/providers/Microsoft.BatchAI/workspaces/workspace/clusters/cluster"},"jobOutputDirectoryPathSegment":"00977cdb-163f-435f-9c32-39ec8ae61f4d/clitest.rg000001/workspaces/workspace/experiments/experiment/jobs/job/9a11bb96-88f7-43fe-bfb7-d3e2a5c70ee5","nodeCount":1,"containerSettings":{"imageSourceRegistry":{"image":"ubuntu"}},"mountVolumes":{"azureFileShares":[{"accountName":"clitest000002","azureFileUrl":"https://clitest000002.file.core.windows.net/share","credentials":{},"relativeMountPath":"afs","fileMode":"0777","directoryMode":"0777"}],"azureBlobFileSystems":[{"accountName":"clitest000002","containerName":"container","credentials":{},"relativeMountPath":"bfs"}]},"toolType":"custom","customToolkitSettings":{"commandLine":"echo
        hi | tee $AZ_BATCHAI_OUTPUT_OUTPUT/result.txt"},"stdOutErrPathPrefix":"$AZ_BATCHAI_JOB_MOUNT_ROOT/afs","outputDirectories":[{"id":"OUTPUT","pathPrefix":"$AZ_BATCHAI_JOB_MOUNT_ROOT/bfs","pathSuffix":"output"}],"constraints":{"maxWallClockTime":"P150D"},"creationTime":"2019-05-02T19:41:18.655Z","provisioningState":"succeeded","provisioningStateTransitionTime":"2019-05-02T19:41:23.88Z","executionState":"running","executionStateTransitionTime":"2019-05-02T19:46:52.61Z","executionInfo":{"startTime":"2019-05-02T19:46:52.61Z"}}}'
    headers:
      cache-control:
      - no-cache
      content-length:
      - '1889'
      content-type:
      - application/json; charset=utf-8
      date:
      - Thu, 02 May 2019 19:46:55 GMT
      etag:
      - '"0x8D6CF3625A99381"'
      expires:
      - '-1'
      last-modified:
      - Thu, 02 May 2019 19:41:18 GMT
      pragma:
      - no-cache
      request-id:
      - 73a54558-ee76-4cab-a76e-7ab5e327bdcc
      server:
      - Microsoft-HTTPAPI/2.0
      strict-transport-security:
      - max-age=31536000; includeSubDomains
      transfer-encoding:
      - chunked
      vary:
      - Accept-Encoding
      x-content-type-options:
      - nosniff
    status:
      code: 200
      message: OK
- request:
    body: null
    headers:
      Accept:
      - application/json
      Accept-Encoding:
      - gzip, deflate
      CommandName:
      - batchai job wait
      Connection:
      - keep-alive
      Content-Type:
      - application/json; charset=utf-8
      ParameterSetName:
      - -g -w -e -n
      User-Agent:
      - python/3.7.2 (Darwin-18.2.0-x86_64-i386-64bit) msrest/0.6.6 msrest_azure/0.6.0
        azure-mgmt-batchai/2.0.0 Azure-SDK-For-Python AZURECLI/2.0.63
      accept-language:
      - en-US
    method: GET
    uri: https://management.azure.com/subscriptions/00000000-0000-0000-0000-000000000000/resourceGroups/clitest.rg000001/providers/Microsoft.BatchAI/workspaces/workspace/experiments/experiment/jobs/job?api-version=2018-05-01
  response:
    body:
      string: '{"id":"/subscriptions/00000000-0000-0000-0000-000000000000/resourceGroups/clitest.rg000001/providers/Microsoft.BatchAI/workspaces/workspace/experiments/experiment/jobs/job","name":"job","type":"Microsoft.BatchAI/workspaces/experiments/jobs","properties":{"experimentName":"experiment","schedulingPriority":"normal","cluster":{"id":"/subscriptions/00000000-0000-0000-0000-000000000000/resourceGroups/clitest.rg000001/providers/Microsoft.BatchAI/workspaces/workspace/clusters/cluster"},"jobOutputDirectoryPathSegment":"00977cdb-163f-435f-9c32-39ec8ae61f4d/clitest.rg000001/workspaces/workspace/experiments/experiment/jobs/job/9a11bb96-88f7-43fe-bfb7-d3e2a5c70ee5","nodeCount":1,"containerSettings":{"imageSourceRegistry":{"image":"ubuntu"}},"mountVolumes":{"azureFileShares":[{"accountName":"clitest000002","azureFileUrl":"https://clitest000002.file.core.windows.net/share","credentials":{},"relativeMountPath":"afs","fileMode":"0777","directoryMode":"0777"}],"azureBlobFileSystems":[{"accountName":"clitest000002","containerName":"container","credentials":{},"relativeMountPath":"bfs"}]},"toolType":"custom","customToolkitSettings":{"commandLine":"echo
        hi | tee $AZ_BATCHAI_OUTPUT_OUTPUT/result.txt"},"stdOutErrPathPrefix":"$AZ_BATCHAI_JOB_MOUNT_ROOT/afs","outputDirectories":[{"id":"OUTPUT","pathPrefix":"$AZ_BATCHAI_JOB_MOUNT_ROOT/bfs","pathSuffix":"output"}],"constraints":{"maxWallClockTime":"P150D"},"creationTime":"2019-05-02T19:41:18.655Z","provisioningState":"succeeded","provisioningStateTransitionTime":"2019-05-02T19:41:23.88Z","executionState":"running","executionStateTransitionTime":"2019-05-02T19:46:52.61Z","executionInfo":{"startTime":"2019-05-02T19:46:52.61Z"}}}'
    headers:
      cache-control:
      - no-cache
      content-length:
      - '1889'
      content-type:
      - application/json; charset=utf-8
      date:
      - Thu, 02 May 2019 19:47:11 GMT
      etag:
      - '"0x8D6CF3625A99381"'
      expires:
      - '-1'
      last-modified:
      - Thu, 02 May 2019 19:41:18 GMT
      pragma:
      - no-cache
      request-id:
      - 7ba1e729-2703-4a1d-93dc-83614e494a59
      server:
      - Microsoft-HTTPAPI/2.0
      strict-transport-security:
      - max-age=31536000; includeSubDomains
      transfer-encoding:
      - chunked
      vary:
      - Accept-Encoding
      x-content-type-options:
      - nosniff
    status:
      code: 200
      message: OK
- request:
    body: null
    headers:
      Accept:
      - application/json
      Accept-Encoding:
      - gzip, deflate
      CommandName:
      - batchai job wait
      Connection:
      - keep-alive
      Content-Type:
      - application/json; charset=utf-8
      ParameterSetName:
      - -g -w -e -n
      User-Agent:
      - python/3.7.2 (Darwin-18.2.0-x86_64-i386-64bit) msrest/0.6.6 msrest_azure/0.6.0
        azure-mgmt-batchai/2.0.0 Azure-SDK-For-Python AZURECLI/2.0.63
      accept-language:
      - en-US
    method: GET
    uri: https://management.azure.com/subscriptions/00000000-0000-0000-0000-000000000000/resourceGroups/clitest.rg000001/providers/Microsoft.BatchAI/workspaces/workspace/experiments/experiment/jobs/job?api-version=2018-05-01
  response:
    body:
      string: '{"id":"/subscriptions/00000000-0000-0000-0000-000000000000/resourceGroups/clitest.rg000001/providers/Microsoft.BatchAI/workspaces/workspace/experiments/experiment/jobs/job","name":"job","type":"Microsoft.BatchAI/workspaces/experiments/jobs","properties":{"experimentName":"experiment","schedulingPriority":"normal","cluster":{"id":"/subscriptions/00000000-0000-0000-0000-000000000000/resourceGroups/clitest.rg000001/providers/Microsoft.BatchAI/workspaces/workspace/clusters/cluster"},"jobOutputDirectoryPathSegment":"00977cdb-163f-435f-9c32-39ec8ae61f4d/clitest.rg000001/workspaces/workspace/experiments/experiment/jobs/job/9a11bb96-88f7-43fe-bfb7-d3e2a5c70ee5","nodeCount":1,"containerSettings":{"imageSourceRegistry":{"image":"ubuntu"}},"mountVolumes":{"azureFileShares":[{"accountName":"clitest000002","azureFileUrl":"https://clitest000002.file.core.windows.net/share","credentials":{},"relativeMountPath":"afs","fileMode":"0777","directoryMode":"0777"}],"azureBlobFileSystems":[{"accountName":"clitest000002","containerName":"container","credentials":{},"relativeMountPath":"bfs"}]},"toolType":"custom","customToolkitSettings":{"commandLine":"echo
        hi | tee $AZ_BATCHAI_OUTPUT_OUTPUT/result.txt"},"stdOutErrPathPrefix":"$AZ_BATCHAI_JOB_MOUNT_ROOT/afs","outputDirectories":[{"id":"OUTPUT","pathPrefix":"$AZ_BATCHAI_JOB_MOUNT_ROOT/bfs","pathSuffix":"output"}],"constraints":{"maxWallClockTime":"P150D"},"creationTime":"2019-05-02T19:41:18.655Z","provisioningState":"succeeded","provisioningStateTransitionTime":"2019-05-02T19:41:23.88Z","executionState":"running","executionStateTransitionTime":"2019-05-02T19:46:52.61Z","executionInfo":{"startTime":"2019-05-02T19:46:52.61Z"}}}'
    headers:
      cache-control:
      - no-cache
      content-length:
      - '1889'
      content-type:
      - application/json; charset=utf-8
      date:
      - Thu, 02 May 2019 19:47:27 GMT
      etag:
      - '"0x8D6CF3625A99381"'
      expires:
      - '-1'
      last-modified:
      - Thu, 02 May 2019 19:41:18 GMT
      pragma:
      - no-cache
      request-id:
      - f4118da5-a54c-406e-82c1-1713bc6c9f21
      server:
      - Microsoft-HTTPAPI/2.0
      strict-transport-security:
      - max-age=31536000; includeSubDomains
      transfer-encoding:
      - chunked
      vary:
      - Accept-Encoding
      x-content-type-options:
      - nosniff
    status:
      code: 200
      message: OK
- request:
    body: null
    headers:
      Accept:
      - application/json
      Accept-Encoding:
      - gzip, deflate
      CommandName:
      - batchai job wait
      Connection:
      - keep-alive
      Content-Type:
      - application/json; charset=utf-8
      ParameterSetName:
      - -g -w -e -n
      User-Agent:
      - python/3.7.2 (Darwin-18.2.0-x86_64-i386-64bit) msrest/0.6.6 msrest_azure/0.6.0
        azure-mgmt-batchai/2.0.0 Azure-SDK-For-Python AZURECLI/2.0.63
      accept-language:
      - en-US
    method: GET
    uri: https://management.azure.com/subscriptions/00000000-0000-0000-0000-000000000000/resourceGroups/clitest.rg000001/providers/Microsoft.BatchAI/workspaces/workspace/experiments/experiment/jobs/job?api-version=2018-05-01
  response:
    body:
      string: '{"id":"/subscriptions/00000000-0000-0000-0000-000000000000/resourceGroups/clitest.rg000001/providers/Microsoft.BatchAI/workspaces/workspace/experiments/experiment/jobs/job","name":"job","type":"Microsoft.BatchAI/workspaces/experiments/jobs","properties":{"experimentName":"experiment","schedulingPriority":"normal","cluster":{"id":"/subscriptions/00000000-0000-0000-0000-000000000000/resourceGroups/clitest.rg000001/providers/Microsoft.BatchAI/workspaces/workspace/clusters/cluster"},"jobOutputDirectoryPathSegment":"00977cdb-163f-435f-9c32-39ec8ae61f4d/clitest.rg000001/workspaces/workspace/experiments/experiment/jobs/job/9a11bb96-88f7-43fe-bfb7-d3e2a5c70ee5","nodeCount":1,"containerSettings":{"imageSourceRegistry":{"image":"ubuntu"}},"mountVolumes":{"azureFileShares":[{"accountName":"clitest000002","azureFileUrl":"https://clitest000002.file.core.windows.net/share","credentials":{},"relativeMountPath":"afs","fileMode":"0777","directoryMode":"0777"}],"azureBlobFileSystems":[{"accountName":"clitest000002","containerName":"container","credentials":{},"relativeMountPath":"bfs"}]},"toolType":"custom","customToolkitSettings":{"commandLine":"echo
        hi | tee $AZ_BATCHAI_OUTPUT_OUTPUT/result.txt"},"stdOutErrPathPrefix":"$AZ_BATCHAI_JOB_MOUNT_ROOT/afs","outputDirectories":[{"id":"OUTPUT","pathPrefix":"$AZ_BATCHAI_JOB_MOUNT_ROOT/bfs","pathSuffix":"output"}],"constraints":{"maxWallClockTime":"P150D"},"creationTime":"2019-05-02T19:41:18.655Z","provisioningState":"succeeded","provisioningStateTransitionTime":"2019-05-02T19:41:23.88Z","executionState":"succeeded","executionStateTransitionTime":"2019-05-02T19:47:41.38Z","executionInfo":{"startTime":"2019-05-02T19:46:52.61Z","endTime":"2019-05-02T19:47:41.38Z","exitCode":0}}}'
    headers:
      cache-control:
      - no-cache
      content-length:
      - '1940'
      content-type:
      - application/json; charset=utf-8
      date:
      - Thu, 02 May 2019 19:47:44 GMT
      etag:
      - '"0x8D6CF3625A99381"'
      expires:
      - '-1'
      last-modified:
      - Thu, 02 May 2019 19:41:18 GMT
      pragma:
      - no-cache
      request-id:
      - 97c88a7e-4f61-4490-919f-152da557302b
      server:
      - Microsoft-HTTPAPI/2.0
      strict-transport-security:
      - max-age=31536000; includeSubDomains
      transfer-encoding:
      - chunked
      vary:
      - Accept-Encoding
      x-content-type-options:
      - nosniff
    status:
      code: 200
      message: OK
- request:
    body: null
    headers:
      Accept:
      - application/json
      Accept-Encoding:
      - gzip, deflate
      CommandName:
      - batchai job show
      Connection:
      - keep-alive
      Content-Type:
      - application/json; charset=utf-8
      ParameterSetName:
      - -g -w -e -n
      User-Agent:
      - python/3.7.2 (Darwin-18.2.0-x86_64-i386-64bit) msrest/0.6.6 msrest_azure/0.6.0
        azure-mgmt-batchai/2.0.0 Azure-SDK-For-Python AZURECLI/2.0.63
      accept-language:
      - en-US
    method: GET
    uri: https://management.azure.com/subscriptions/00000000-0000-0000-0000-000000000000/resourceGroups/clitest.rg000001/providers/Microsoft.BatchAI/workspaces/workspace/experiments/experiment/jobs/job?api-version=2018-05-01
  response:
    body:
      string: '{"id":"/subscriptions/00000000-0000-0000-0000-000000000000/resourceGroups/clitest.rg000001/providers/Microsoft.BatchAI/workspaces/workspace/experiments/experiment/jobs/job","name":"job","type":"Microsoft.BatchAI/workspaces/experiments/jobs","properties":{"experimentName":"experiment","schedulingPriority":"normal","cluster":{"id":"/subscriptions/00000000-0000-0000-0000-000000000000/resourceGroups/clitest.rg000001/providers/Microsoft.BatchAI/workspaces/workspace/clusters/cluster"},"jobOutputDirectoryPathSegment":"00977cdb-163f-435f-9c32-39ec8ae61f4d/clitest.rg000001/workspaces/workspace/experiments/experiment/jobs/job/9a11bb96-88f7-43fe-bfb7-d3e2a5c70ee5","nodeCount":1,"containerSettings":{"imageSourceRegistry":{"image":"ubuntu"}},"mountVolumes":{"azureFileShares":[{"accountName":"clitest000002","azureFileUrl":"https://clitest000002.file.core.windows.net/share","credentials":{},"relativeMountPath":"afs","fileMode":"0777","directoryMode":"0777"}],"azureBlobFileSystems":[{"accountName":"clitest000002","containerName":"container","credentials":{},"relativeMountPath":"bfs"}]},"toolType":"custom","customToolkitSettings":{"commandLine":"echo
        hi | tee $AZ_BATCHAI_OUTPUT_OUTPUT/result.txt"},"stdOutErrPathPrefix":"$AZ_BATCHAI_JOB_MOUNT_ROOT/afs","outputDirectories":[{"id":"OUTPUT","pathPrefix":"$AZ_BATCHAI_JOB_MOUNT_ROOT/bfs","pathSuffix":"output"}],"constraints":{"maxWallClockTime":"P150D"},"creationTime":"2019-05-02T19:41:18.655Z","provisioningState":"succeeded","provisioningStateTransitionTime":"2019-05-02T19:41:23.88Z","executionState":"succeeded","executionStateTransitionTime":"2019-05-02T19:47:41.38Z","executionInfo":{"startTime":"2019-05-02T19:46:52.61Z","endTime":"2019-05-02T19:47:41.38Z","exitCode":0}}}'
    headers:
      cache-control:
      - no-cache
      content-length:
      - '1940'
      content-type:
      - application/json; charset=utf-8
      date:
      - Thu, 02 May 2019 19:47:45 GMT
      etag:
      - '"0x8D6CF3625A99381"'
      expires:
      - '-1'
      last-modified:
      - Thu, 02 May 2019 19:41:18 GMT
      pragma:
      - no-cache
      request-id:
      - 140f5284-0dba-4de1-8cee-74f19a79b40b
      server:
      - Microsoft-HTTPAPI/2.0
      strict-transport-security:
      - max-age=31536000; includeSubDomains
      transfer-encoding:
      - chunked
      vary:
      - Accept-Encoding
      x-content-type-options:
      - nosniff
    status:
      code: 200
      message: OK
- request:
    body: null
    headers:
      Accept:
      - application/json
      Accept-Encoding:
      - gzip, deflate
      CommandName:
      - batchai job file list
      Connection:
      - keep-alive
      Content-Length:
      - '0'
      Content-Type:
      - application/json; charset=utf-8
      ParameterSetName:
      - -g -w -e -j -d
      User-Agent:
      - python/3.7.2 (Darwin-18.2.0-x86_64-i386-64bit) msrest/0.6.6 msrest_azure/0.6.0
        azure-mgmt-batchai/2.0.0 Azure-SDK-For-Python AZURECLI/2.0.63
      accept-language:
      - en-US
    method: POST
    uri: https://management.azure.com/subscriptions/00000000-0000-0000-0000-000000000000/resourceGroups/clitest.rg000001/providers/Microsoft.BatchAI/workspaces/workspace/experiments/experiment/jobs/job/listOutputFiles?api-version=2018-05-01&outputdirectoryid=stdouterr&directory=.&linkexpiryinminutes=60&maxresults=1000
  response:
    body:
      string: '{"value":[{"name":"execution.log","fileType":"file","downloadUrl":"https://clitest000002.file.core.windows.net/share/00977cdb-163f-435f-9c32-39ec8ae61f4d/clitest.rg000001/workspaces/workspace/experiments/experiment/jobs/job/9a11bb96-88f7-43fe-bfb7-d3e2a5c70ee5/stdouterr/execution.log?sv=2018-03-28&sr=f&sig=SFm7my%2F3PE1WlTOSR3R6Ex4%2F%2Bno46Ubb9fHf5chklOQ%3D&se=2019-05-02T20%3A47%3A47Z&sp=rl","properties":{"lastModified":"2019-05-02T19:47:39Z","contentLength":17551}},{"name":"stderr.txt","fileType":"file","downloadUrl":"https://clitest000002.file.core.windows.net/share/00977cdb-163f-435f-9c32-39ec8ae61f4d/clitest.rg000001/workspaces/workspace/experiments/experiment/jobs/job/9a11bb96-88f7-43fe-bfb7-d3e2a5c70ee5/stdouterr/stderr.txt?sv=2018-03-28&sr=f&sig=dAxi1fe0d0k6HAN9JE7Vbtzs1IjWz%2BQYDZ2W95v7TGQ%3D&se=2019-05-02T20%3A47%3A47Z&sp=rl","properties":{"lastModified":"2019-05-02T19:47:39Z","contentLength":0}},{"name":"stdout.txt","fileType":"file","downloadUrl":"https://clitest000002.file.core.windows.net/share/00977cdb-163f-435f-9c32-39ec8ae61f4d/clitest.rg000001/workspaces/workspace/experiments/experiment/jobs/job/9a11bb96-88f7-43fe-bfb7-d3e2a5c70ee5/stdouterr/stdout.txt?sv=2018-03-28&sr=f&sig=lK4qWxKHWBSAX0E0gfHseXr3y250%2FSNaVAC85A7m020%3D&se=2019-05-02T20%3A47%3A47Z&sp=rl","properties":{"lastModified":"2019-05-02T19:47:39Z","contentLength":3}}]}'
    headers:
      cache-control:
      - no-cache
      content-length:
      - '1579'
      content-type:
      - application/json; charset=utf-8
      date:
      - Thu, 02 May 2019 19:47:47 GMT
      expires:
      - '-1'
      pragma:
      - no-cache
      request-id:
      - b7e84bc7-d14a-4267-bdc9-f65661713548
      server:
      - Microsoft-HTTPAPI/2.0
      strict-transport-security:
      - max-age=31536000; includeSubDomains
      transfer-encoding:
      - chunked
      vary:
      - Accept-Encoding
      x-content-type-options:
      - nosniff
    status:
      code: 200
      message: OK
- request:
    body: null
    headers:
      Accept:
      - application/json
      Accept-Encoding:
      - gzip, deflate
      CommandName:
      - batchai job file list
      Connection:
      - keep-alive
      Content-Length:
      - '0'
      Content-Type:
      - application/json; charset=utf-8
      ParameterSetName:
      - -g -w -e -j -d
      User-Agent:
      - python/3.7.2 (Darwin-18.2.0-x86_64-i386-64bit) msrest/0.6.6 msrest_azure/0.6.0
        azure-mgmt-batchai/2.0.0 Azure-SDK-For-Python AZURECLI/2.0.63
      accept-language:
      - en-US
    method: POST
    uri: https://management.azure.com/subscriptions/00000000-0000-0000-0000-000000000000/resourceGroups/clitest.rg000001/providers/Microsoft.BatchAI/workspaces/workspace/experiments/experiment/jobs/job/listOutputFiles?api-version=2018-05-01&outputdirectoryid=OUTPUT&directory=.&linkexpiryinminutes=60&maxresults=1000
  response:
    body:
      string: '{"error":{"code":"InternalServerError","message":"Encountered internal
        server error. Diagnostic information: timestamp ''20190502T194757Z'', subscription
        id ''00977cdb-163f-435f-9c32-39ec8ae61f4d'', tracking id ''51e16221-dcea-41c2-a667-f9092e970796'',
        request correlation id ''51e16221-dcea-41c2-a667-f9092e970796''."}}'
    headers:
      cache-control:
      - no-cache
      connection:
      - close
      content-length:
      - '312'
      content-type:
      - application/json; charset=utf-8
      date:
      - Thu, 02 May 2019 19:47:56 GMT
      expires:
      - '-1'
      pragma:
      - no-cache
      strict-transport-security:
      - max-age=31536000; includeSubDomains
      x-content-type-options:
      - nosniff
      x-ms-failure-cause:
      - gateway
    status:
      code: 500
      message: Internal Server Error
- request:
    body: null
    headers:
      Accept:
      - application/json
      Accept-Encoding:
      - gzip, deflate
      CommandName:
      - batchai job file list
      Connection:
      - keep-alive
      Content-Length:
      - '0'
      Content-Type:
      - application/json; charset=utf-8
      ParameterSetName:
      - -g -w -e -j -d
      User-Agent:
      - python/3.7.2 (Darwin-18.2.0-x86_64-i386-64bit) msrest/0.6.6 msrest_azure/0.6.0
        azure-mgmt-batchai/2.0.0 Azure-SDK-For-Python AZURECLI/2.0.63
      accept-language:
      - en-US
    method: POST
    uri: https://management.azure.com/subscriptions/00000000-0000-0000-0000-000000000000/resourceGroups/clitest.rg000001/providers/Microsoft.BatchAI/workspaces/workspace/experiments/experiment/jobs/job/listOutputFiles?api-version=2018-05-01&outputdirectoryid=OUTPUT&directory=.&linkexpiryinminutes=60&maxresults=1000
  response:
    body:
      string: '{"error":{"code":"GatewayTimeout","message":"The gateway did not receive
        a response from ''Microsoft.BatchAI'' within the specified time period."}}'
    headers:
      cache-control:
      - no-cache
      connection:
      - close
      content-length:
      - '145'
      content-type:
      - application/json; charset=utf-8
      date:
      - Thu, 02 May 2019 19:48:17 GMT
      expires:
      - '-1'
      pragma:
      - no-cache
      strict-transport-security:
      - max-age=31536000; includeSubDomains
      x-content-type-options:
      - nosniff
      x-ms-failure-cause:
      - service
    status:
      code: 504
      message: Gateway Timeout
- request:
    body: null
    headers:
      Accept:
      - application/json
      Accept-Encoding:
      - gzip, deflate
      CommandName:
      - batchai job file list
      Connection:
      - keep-alive
      Content-Length:
      - '0'
      Content-Type:
      - application/json; charset=utf-8
      ParameterSetName:
      - -g -w -e -j -d
      User-Agent:
      - python/3.7.2 (Darwin-18.2.0-x86_64-i386-64bit) msrest/0.6.6 msrest_azure/0.6.0
        azure-mgmt-batchai/2.0.0 Azure-SDK-For-Python AZURECLI/2.0.63
      accept-language:
      - en-US
    method: POST
    uri: https://management.azure.com/subscriptions/00000000-0000-0000-0000-000000000000/resourceGroups/clitest.rg000001/providers/Microsoft.BatchAI/workspaces/workspace/experiments/experiment/jobs/job/listOutputFiles?api-version=2018-05-01&outputdirectoryid=OUTPUT&directory=.&linkexpiryinminutes=60&maxresults=1000
  response:
    body:
      string: '{"value":[{"name":"result.txt","fileType":"file","downloadUrl":"https://clitest000002.blob.core.windows.net/container/00977cdb-163f-435f-9c32-39ec8ae61f4d/clitest.rg000001/workspaces/workspace/experiments/experiment/jobs/job/9a11bb96-88f7-43fe-bfb7-d3e2a5c70ee5/outputs/output/result.txt?sv=2018-03-28&sr=b&sig=pgtzD2FxwaASNIEAQdTvVA9QdIcYipkYr6nYtwhoVvc%3D&se=2019-05-02T20%3A48%3A30Z&sp=rl","properties":{"lastModified":"2019-05-02T19:47:39Z","contentLength":3}}]}'
    headers:
      cache-control:
      - no-cache
      content-length:
      - '536'
      content-type:
      - application/json; charset=utf-8
      date:
      - Thu, 02 May 2019 19:48:29 GMT
      expires:
      - '-1'
      pragma:
      - no-cache
      request-id:
      - d7d3df1e-c35b-4ed8-bd20-fdb50f01d6f1
      server:
      - Microsoft-HTTPAPI/2.0
      strict-transport-security:
      - max-age=31536000; includeSubDomains
      transfer-encoding:
      - chunked
      vary:
      - Accept-Encoding
      x-content-type-options:
      - nosniff
    status:
      code: 200
      message: OK
- request:
    body: null
    headers:
      Accept:
      - application/json
      Accept-Encoding:
      - gzip, deflate
      CommandName:
      - batchai job create
      Connection:
      - keep-alive
      Content-Type:
      - application/json; charset=utf-8
      ParameterSetName:
      - -c -g -w -e -n -f --afs-name --bfs-name
      User-Agent:
      - python/3.7.2 (Darwin-18.2.0-x86_64-i386-64bit) msrest/0.6.6 msrest_azure/0.6.0
        azure-mgmt-batchai/2.0.0 Azure-SDK-For-Python AZURECLI/2.0.63
      accept-language:
      - en-US
    method: GET
    uri: https://management.azure.com/subscriptions/00000000-0000-0000-0000-000000000000/resourceGroups/clitest.rg000001/providers/Microsoft.BatchAI/workspaces/workspace/experiments/experiment/jobs/job2?api-version=2018-05-01
  response:
    body:
      string: '{"error":{"code":"InternalServerError","message":"Encountered internal
        server error. Diagnostic information: timestamp ''20190502T194840Z'', subscription
        id ''00977cdb-163f-435f-9c32-39ec8ae61f4d'', tracking id ''c2acc236-8084-4478-9446-5d47cf563102'',
        request correlation id ''c2acc236-8084-4478-9446-5d47cf563102''."}}'
    headers:
      cache-control:
      - no-cache
      connection:
      - close
      content-length:
      - '312'
      content-type:
      - application/json; charset=utf-8
      date:
      - Thu, 02 May 2019 19:48:40 GMT
      expires:
      - '-1'
      pragma:
      - no-cache
      strict-transport-security:
      - max-age=31536000; includeSubDomains
      x-content-type-options:
      - nosniff
      x-ms-failure-cause:
      - gateway
    status:
      code: 500
      message: Internal Server Error
- request:
    body: null
    headers:
      Accept:
      - application/json
      Accept-Encoding:
      - gzip, deflate
      CommandName:
      - batchai job create
      Connection:
      - keep-alive
      Content-Type:
      - application/json; charset=utf-8
      ParameterSetName:
      - -c -g -w -e -n -f --afs-name --bfs-name
      User-Agent:
      - python/3.7.2 (Darwin-18.2.0-x86_64-i386-64bit) msrest/0.6.6 msrest_azure/0.6.0
        azure-mgmt-batchai/2.0.0 Azure-SDK-For-Python AZURECLI/2.0.63
      accept-language:
      - en-US
    method: GET
    uri: https://management.azure.com/subscriptions/00000000-0000-0000-0000-000000000000/resourceGroups/clitest.rg000001/providers/Microsoft.BatchAI/workspaces/workspace/experiments/experiment/jobs/job2?api-version=2018-05-01
  response:
    body:
      string: '{"error":{"code":"JobNotFound","message":"The specified job job2 is
        not found"}}'
    headers:
      cache-control:
      - no-cache
      content-length:
      - '80'
      content-type:
      - application/json; charset=utf-8
      date:
      - Thu, 02 May 2019 19:48:41 GMT
      expires:
      - '-1'
      pragma:
      - no-cache
      request-id:
      - d6d379f4-54cb-4002-a0a5-46d9584c60c7
      server:
      - Microsoft-HTTPAPI/2.0
      strict-transport-security:
      - max-age=31536000; includeSubDomains
      x-content-type-options:
      - nosniff
    status:
      code: 404
      message: The specified job job2 is not found
- request:
    body: null
    headers:
      Accept:
      - application/json
      Accept-Encoding:
      - gzip, deflate
      CommandName:
      - batchai job create
      Connection:
      - keep-alive
      Content-Type:
      - application/json; charset=utf-8
      ParameterSetName:
      - -c -g -w -e -n -f --afs-name --bfs-name
      User-Agent:
      - python/3.7.2 (Darwin-18.2.0-x86_64-i386-64bit) msrest/0.6.6 msrest_azure/0.6.0
        azure-mgmt-batchai/2.0.0 Azure-SDK-For-Python AZURECLI/2.0.63
      accept-language:
      - en-US
    method: GET
    uri: https://management.azure.com/subscriptions/00000000-0000-0000-0000-000000000000/resourceGroups/clitest.rg000001/providers/Microsoft.BatchAI/workspaces/workspace/clusters/cluster?api-version=2018-05-01
  response:
    body:
      string: '{"id":"/subscriptions/00000000-0000-0000-0000-000000000000/resourceGroups/clitest.rg000001/providers/Microsoft.BatchAI/workspaces/workspace/clusters/cluster","name":"cluster","type":"Microsoft.BatchAI/workspaces/clusters","properties":{"provisioningState":"succeeded","allocationState":"steady","creationTime":"2019-05-02T19:40:47.054Z","allocationStateTransitionTime":"2019-05-02T19:44:48.17Z","provisioningStateTransitionTime":"2019-05-02T19:40:56.729Z","vmSize":"STANDARD_D1","currentNodeCount":1,"nodeStateCounts":{"runningNodeCount":0,"idleNodeCount":1,"unusableNodeCount":0,"preparingNodeCount":0,"leavingNodeCount":0},"vmPriority":"dedicated","scaleSettings":{"manual":{"targetNodeCount":1,"nodeDeallocationOption":"requeue"}},"virtualMachineConfiguration":{"imageReference":{"publisher":"microsoft-dsvm","offer":"azureml","sku":"runtime","version":"latest"}},"userAccountSettings":{"adminUserName":"DemoUser","adminUserSshPublicKey":"ssh-rsa
        AAAAB3NzaC1yc2EAAAADAQABAAABAQDKUDnWeK6rx36apNE9ij1iAXn68FKXLTW0009XK/7dyMewlNfXi6Z2opnxHDDYWucMluU0dsvBR22OuYH2RHriPJTi1jN3aZ0zZSrlH/W4MSNQKlG/AnrjJPA3xfYjIKLGuKBqSIvMsmrkuDfIfMaDnPcxb+GzM10L5epRhoP5FwqaQbLqp640YzFSLqMChz7E6RG54CpEm+MRvA7lj9nD9AlYnfRQAKj2thsFrkz7AlYLQ1ug8vV+1Y3xSKDbo5vy6oqM3QKeLiUiyN9Ff1Rq4uYnrqJqcWN1ADfiPGZZjEStOkRgG3V6JrpIN+z0Zl3n+sjrH+CKwrYmyni6D41L"}}}'
    headers:
      cache-control:
      - no-cache
      content-length:
      - '1385'
      content-type:
      - application/json; charset=utf-8
      date:
      - Thu, 02 May 2019 19:48:42 GMT
      etag:
      - '"0x8D6CF3612D3A3F6"'
      expires:
      - '-1'
      last-modified:
      - Thu, 02 May 2019 19:40:47 GMT
      pragma:
      - no-cache
      request-id:
      - 282a3860-72e8-4cb2-ab72-0afa72d28c7e
      server:
      - Microsoft-HTTPAPI/2.0
      strict-transport-security:
      - max-age=31536000; includeSubDomains
      transfer-encoding:
      - chunked
      vary:
      - Accept-Encoding
      x-content-type-options:
      - nosniff
    status:
      code: 200
      message: OK
- request:
    body: 'b''b\''{"properties": {"cluster": {"id": "/subscriptions/00000000-0000-0000-0000-000000000000/resourceGroups/clitest.rg000001/providers/Microsoft.BatchAI/workspaces/workspace/clusters/cluster"},
      "mountVolumes": {"azureFileShares": [{"accountName": "clitest000002", "azureFileUrl":
      "https://clitest000002.file.core.windows.net/share", "credentials": {"accountKey":
      "veryFakedStorageAccountKey=="}, "relativeMountPath": "afs", "fileMode": "0777",
      "directoryMode": "0777"}], "azureBlobFileSystems": [{"accountName": "clitest000002",
      "containerName": "container", "credentials": {"accountKey": "veryFakedStorageAccountKey=="},
      "relativeMountPath": "bfs"}]}, "nodeCount": 1, "containerSettings": {"imageSourceRegistry":
      {"image": "ubuntu"}}, "customToolkitSettings": {"commandLine": "echo hi | tee
      $AZ_BATCHAI_OUTPUT_OUTPUT/result.txt"}, "stdOutErrPathPrefix": "$AZ_BATCHAI_JOB_MOUNT_ROOT/afs",
      "outputDirectories": [{"id": "OUTPUT", "pathPrefix": "$AZ_BATCHAI_JOB_MOUNT_ROOT/bfs",
      "pathSuffix": "output"}]}}\'''''
    headers:
      Accept:
      - application/json
      Accept-Encoding:
      - gzip, deflate
      CommandName:
      - batchai job create
      Connection:
      - keep-alive
      Content-Length:
      - '1208'
      Content-Type:
      - application/json; charset=utf-8
      ParameterSetName:
      - -c -g -w -e -n -f --afs-name --bfs-name
      User-Agent:
      - python/3.7.2 (Darwin-18.2.0-x86_64-i386-64bit) msrest/0.6.6 msrest_azure/0.6.0
        azure-mgmt-batchai/2.0.0 Azure-SDK-For-Python AZURECLI/2.0.63
      accept-language:
      - en-US
    method: PUT
    uri: https://management.azure.com/subscriptions/00000000-0000-0000-0000-000000000000/resourceGroups/clitest.rg000001/providers/Microsoft.BatchAI/workspaces/workspace/experiments/experiment/jobs/job2?api-version=2018-05-01
  response:
    body:
      string: ''
    headers:
      azure-asyncoperation:
      - https://management.azure.com/subscriptions/00000000-0000-0000-0000-000000000000/providers/Microsoft.BatchAI/locations/northeurope/operationresults/703a904a-9387-4b27-bfd3-77b484a1a6f2?api-version=2018-05-01
      cache-control:
      - no-cache
      content-length:
      - '0'
      date:
      - Thu, 02 May 2019 19:48:43 GMT
      expires:
      - '-1'
      location:
      - https://management.azure.com/subscriptions/00000000-0000-0000-0000-000000000000/providers/Microsoft.BatchAI/locations/northeurope/operationstatuses/703a904a-9387-4b27-bfd3-77b484a1a6f2?api-version=2018-05-01
      pragma:
      - no-cache
      request-id:
      - 88328151-d725-410e-9f61-7c99d4d5bb10
      server:
      - Microsoft-HTTPAPI/2.0
      strict-transport-security:
      - max-age=31536000; includeSubDomains
      x-content-type-options:
      - nosniff
      x-ms-ratelimit-remaining-subscription-writes:
      - '1197'
    status:
      code: 202
      message: Accepted
- request:
    body: null
    headers:
      Accept:
      - application/json
      Accept-Encoding:
      - gzip, deflate
      CommandName:
      - batchai job create
      Connection:
      - keep-alive
      ParameterSetName:
      - -c -g -w -e -n -f --afs-name --bfs-name
      User-Agent:
      - python/3.7.2 (Darwin-18.2.0-x86_64-i386-64bit) msrest/0.6.6 msrest_azure/0.6.0
        azure-mgmt-batchai/2.0.0 Azure-SDK-For-Python AZURECLI/2.0.63
    method: GET
    uri: https://management.azure.com/subscriptions/00000000-0000-0000-0000-000000000000/providers/Microsoft.BatchAI/locations/northeurope/operationresults/703a904a-9387-4b27-bfd3-77b484a1a6f2?api-version=2018-05-01
  response:
    body:
      string: '{"id":"https://management.azure.com/subscriptions/00000000-0000-0000-0000-000000000000/providers/Microsoft.BatchAI/locations/northeurope/operationresults/703a904a-9387-4b27-bfd3-77b484a1a6f2","name":"703a904a-9387-4b27-bfd3-77b484a1a6f2","status":"Succeeded","startTime":"2019-05-02T19:48:44.196Z","endTime":"2019-05-02T19:48:44.368Z","properties":{"resourceId":"00977cdb-163f-435f-9c32-39ec8ae61f4d$clitest.rg000001$workspace$experiment$job2"}}'
    headers:
      cache-control:
      - no-cache
      content-length:
      - '504'
      content-type:
      - application/json; charset=utf-8
      date:
      - Thu, 02 May 2019 19:48:49 GMT
      expires:
      - '-1'
      pragma:
      - no-cache
      request-id:
      - 8a2dbcae-d101-4f4a-bf46-46640f1cce47
      server:
      - Microsoft-HTTPAPI/2.0
      strict-transport-security:
      - max-age=31536000; includeSubDomains
      transfer-encoding:
      - chunked
      vary:
      - Accept-Encoding
      x-content-type-options:
      - nosniff
    status:
      code: 200
      message: OK
- request:
    body: null
    headers:
      Accept:
      - application/json
      Accept-Encoding:
      - gzip, deflate
      CommandName:
      - batchai job create
      Connection:
      - keep-alive
      ParameterSetName:
      - -c -g -w -e -n -f --afs-name --bfs-name
      User-Agent:
      - python/3.7.2 (Darwin-18.2.0-x86_64-i386-64bit) msrest/0.6.6 msrest_azure/0.6.0
        azure-mgmt-batchai/2.0.0 Azure-SDK-For-Python AZURECLI/2.0.63
    method: GET
    uri: https://management.azure.com/subscriptions/00000000-0000-0000-0000-000000000000/resourceGroups/clitest.rg000001/providers/Microsoft.BatchAI/workspaces/workspace/experiments/experiment/jobs/job2?api-version=2018-05-01
  response:
    body:
      string: '{"id":"/subscriptions/00000000-0000-0000-0000-000000000000/resourceGroups/clitest.rg000001/providers/Microsoft.BatchAI/workspaces/workspace/experiments/experiment/jobs/job2","name":"job2","type":"Microsoft.BatchAI/workspaces/experiments/jobs","properties":{"experimentName":"experiment","schedulingPriority":"normal","cluster":{"id":"/subscriptions/00000000-0000-0000-0000-000000000000/resourceGroups/clitest.rg000001/providers/Microsoft.BatchAI/workspaces/workspace/clusters/cluster"},"jobOutputDirectoryPathSegment":"00977cdb-163f-435f-9c32-39ec8ae61f4d/clitest.rg000001/workspaces/workspace/experiments/experiment/jobs/job2/ffb067c6-d429-40b6-8b86-57552c29dbe1","nodeCount":1,"containerSettings":{"imageSourceRegistry":{"image":"ubuntu"}},"mountVolumes":{"azureFileShares":[{"accountName":"clitest000002","azureFileUrl":"https://clitest000002.file.core.windows.net/share","credentials":{},"relativeMountPath":"afs","fileMode":"0777","directoryMode":"0777"}],"azureBlobFileSystems":[{"accountName":"clitest000002","containerName":"container","credentials":{},"relativeMountPath":"bfs"}]},"toolType":"custom","customToolkitSettings":{"commandLine":"echo
        hi | tee $AZ_BATCHAI_OUTPUT_OUTPUT/result.txt"},"stdOutErrPathPrefix":"$AZ_BATCHAI_JOB_MOUNT_ROOT/afs","outputDirectories":[{"id":"OUTPUT","pathPrefix":"$AZ_BATCHAI_JOB_MOUNT_ROOT/bfs","pathSuffix":"output"}],"constraints":{"maxWallClockTime":"P150D"},"creationTime":"2019-05-02T19:48:44.186Z","provisioningState":"succeeded","provisioningStateTransitionTime":"2019-05-02T19:48:44.356Z","executionState":"running","executionStateTransitionTime":"2019-05-02T19:48:46.687Z","executionInfo":{"startTime":"2019-05-02T19:48:46.687Z"}}}'
    headers:
      cache-control:
      - no-cache
      content-length:
      - '1895'
      content-type:
      - application/json; charset=utf-8
      date:
      - Thu, 02 May 2019 19:48:50 GMT
      etag:
      - '"0x8D6CF372F382FCE"'
      expires:
      - '-1'
      last-modified:
      - Thu, 02 May 2019 19:48:44 GMT
      pragma:
      - no-cache
      request-id:
      - 8f6d63f1-c29c-47d0-9935-41cf06c89d54
      server:
      - Microsoft-HTTPAPI/2.0
      strict-transport-security:
      - max-age=31536000; includeSubDomains
      transfer-encoding:
      - chunked
      vary:
      - Accept-Encoding
      x-content-type-options:
      - nosniff
    status:
      code: 200
      message: OK
- request:
    body: null
    headers:
      Accept:
      - application/json
      Accept-Encoding:
      - gzip, deflate
      CommandName:
      - batchai job wait
      Connection:
      - keep-alive
      Content-Type:
      - application/json; charset=utf-8
      ParameterSetName:
      - -g -w -e -n
      User-Agent:
      - python/3.7.2 (Darwin-18.2.0-x86_64-i386-64bit) msrest/0.6.6 msrest_azure/0.6.0
        azure-mgmt-batchai/2.0.0 Azure-SDK-For-Python AZURECLI/2.0.63
      accept-language:
      - en-US
    method: GET
    uri: https://management.azure.com/subscriptions/00000000-0000-0000-0000-000000000000/resourceGroups/clitest.rg000001/providers/Microsoft.BatchAI/workspaces/workspace/experiments/experiment/jobs/job2?api-version=2018-05-01
  response:
    body:
      string: '{"id":"/subscriptions/00000000-0000-0000-0000-000000000000/resourceGroups/clitest.rg000001/providers/Microsoft.BatchAI/workspaces/workspace/experiments/experiment/jobs/job2","name":"job2","type":"Microsoft.BatchAI/workspaces/experiments/jobs","properties":{"experimentName":"experiment","schedulingPriority":"normal","cluster":{"id":"/subscriptions/00000000-0000-0000-0000-000000000000/resourceGroups/clitest.rg000001/providers/Microsoft.BatchAI/workspaces/workspace/clusters/cluster"},"jobOutputDirectoryPathSegment":"00977cdb-163f-435f-9c32-39ec8ae61f4d/clitest.rg000001/workspaces/workspace/experiments/experiment/jobs/job2/ffb067c6-d429-40b6-8b86-57552c29dbe1","nodeCount":1,"containerSettings":{"imageSourceRegistry":{"image":"ubuntu"}},"mountVolumes":{"azureFileShares":[{"accountName":"clitest000002","azureFileUrl":"https://clitest000002.file.core.windows.net/share","credentials":{},"relativeMountPath":"afs","fileMode":"0777","directoryMode":"0777"}],"azureBlobFileSystems":[{"accountName":"clitest000002","containerName":"container","credentials":{},"relativeMountPath":"bfs"}]},"toolType":"custom","customToolkitSettings":{"commandLine":"echo
        hi | tee $AZ_BATCHAI_OUTPUT_OUTPUT/result.txt"},"stdOutErrPathPrefix":"$AZ_BATCHAI_JOB_MOUNT_ROOT/afs","outputDirectories":[{"id":"OUTPUT","pathPrefix":"$AZ_BATCHAI_JOB_MOUNT_ROOT/bfs","pathSuffix":"output"}],"constraints":{"maxWallClockTime":"P150D"},"creationTime":"2019-05-02T19:48:44.186Z","provisioningState":"succeeded","provisioningStateTransitionTime":"2019-05-02T19:48:44.356Z","executionState":"running","executionStateTransitionTime":"2019-05-02T19:48:46.687Z","executionInfo":{"startTime":"2019-05-02T19:48:46.687Z"}}}'
    headers:
      cache-control:
      - no-cache
      content-length:
      - '1895'
      content-type:
      - application/json; charset=utf-8
      date:
      - Thu, 02 May 2019 19:48:51 GMT
      etag:
      - '"0x8D6CF372F382FCE"'
      expires:
      - '-1'
      last-modified:
      - Thu, 02 May 2019 19:48:44 GMT
      pragma:
      - no-cache
      request-id:
      - fea96b91-635d-4bd9-8af9-7a4f19be71bc
      server:
      - Microsoft-HTTPAPI/2.0
      strict-transport-security:
      - max-age=31536000; includeSubDomains
      transfer-encoding:
      - chunked
      vary:
      - Accept-Encoding
      x-content-type-options:
      - nosniff
    status:
      code: 200
      message: OK
- request:
    body: null
    headers:
      Accept:
      - application/json
      Accept-Encoding:
      - gzip, deflate
      CommandName:
      - batchai job wait
      Connection:
      - keep-alive
      Content-Type:
      - application/json; charset=utf-8
      ParameterSetName:
      - -g -w -e -n
      User-Agent:
      - python/3.7.2 (Darwin-18.2.0-x86_64-i386-64bit) msrest/0.6.6 msrest_azure/0.6.0
        azure-mgmt-batchai/2.0.0 Azure-SDK-For-Python AZURECLI/2.0.63
      accept-language:
      - en-US
    method: GET
    uri: https://management.azure.com/subscriptions/00000000-0000-0000-0000-000000000000/resourceGroups/clitest.rg000001/providers/Microsoft.BatchAI/workspaces/workspace/experiments/experiment/jobs/job2?api-version=2018-05-01
  response:
    body:
      string: '{"id":"/subscriptions/00000000-0000-0000-0000-000000000000/resourceGroups/clitest.rg000001/providers/Microsoft.BatchAI/workspaces/workspace/experiments/experiment/jobs/job2","name":"job2","type":"Microsoft.BatchAI/workspaces/experiments/jobs","properties":{"experimentName":"experiment","schedulingPriority":"normal","cluster":{"id":"/subscriptions/00000000-0000-0000-0000-000000000000/resourceGroups/clitest.rg000001/providers/Microsoft.BatchAI/workspaces/workspace/clusters/cluster"},"jobOutputDirectoryPathSegment":"00977cdb-163f-435f-9c32-39ec8ae61f4d/clitest.rg000001/workspaces/workspace/experiments/experiment/jobs/job2/ffb067c6-d429-40b6-8b86-57552c29dbe1","nodeCount":1,"containerSettings":{"imageSourceRegistry":{"image":"ubuntu"}},"mountVolumes":{"azureFileShares":[{"accountName":"clitest000002","azureFileUrl":"https://clitest000002.file.core.windows.net/share","credentials":{},"relativeMountPath":"afs","fileMode":"0777","directoryMode":"0777"}],"azureBlobFileSystems":[{"accountName":"clitest000002","containerName":"container","credentials":{},"relativeMountPath":"bfs"}]},"toolType":"custom","customToolkitSettings":{"commandLine":"echo
        hi | tee $AZ_BATCHAI_OUTPUT_OUTPUT/result.txt"},"stdOutErrPathPrefix":"$AZ_BATCHAI_JOB_MOUNT_ROOT/afs","outputDirectories":[{"id":"OUTPUT","pathPrefix":"$AZ_BATCHAI_JOB_MOUNT_ROOT/bfs","pathSuffix":"output"}],"constraints":{"maxWallClockTime":"P150D"},"creationTime":"2019-05-02T19:48:44.186Z","provisioningState":"succeeded","provisioningStateTransitionTime":"2019-05-02T19:48:44.356Z","executionState":"succeeded","executionStateTransitionTime":"2019-05-02T19:49:05.88Z","executionInfo":{"startTime":"2019-05-02T19:48:46.687Z","endTime":"2019-05-02T19:49:05.88Z","exitCode":0}}}'
    headers:
      cache-control:
      - no-cache
      content-length:
      - '1945'
      content-type:
      - application/json; charset=utf-8
      date:
      - Thu, 02 May 2019 19:49:06 GMT
      etag:
      - '"0x8D6CF372F382FCE"'
      expires:
      - '-1'
      last-modified:
      - Thu, 02 May 2019 19:48:44 GMT
      pragma:
      - no-cache
      request-id:
      - 91d06972-d96b-4e16-b2f6-2e6eebe55c68
      server:
      - Microsoft-HTTPAPI/2.0
      strict-transport-security:
      - max-age=31536000; includeSubDomains
      transfer-encoding:
      - chunked
      vary:
      - Accept-Encoding
      x-content-type-options:
      - nosniff
    status:
      code: 200
      message: OK
- request:
    body: null
    headers:
      Accept:
      - application/json
      Accept-Encoding:
      - gzip, deflate
      CommandName:
      - batchai job show
      Connection:
      - keep-alive
      Content-Type:
      - application/json; charset=utf-8
      ParameterSetName:
      - -g -w -e -n
      User-Agent:
      - python/3.7.2 (Darwin-18.2.0-x86_64-i386-64bit) msrest/0.6.6 msrest_azure/0.6.0
        azure-mgmt-batchai/2.0.0 Azure-SDK-For-Python AZURECLI/2.0.63
      accept-language:
      - en-US
    method: GET
    uri: https://management.azure.com/subscriptions/00000000-0000-0000-0000-000000000000/resourceGroups/clitest.rg000001/providers/Microsoft.BatchAI/workspaces/workspace/experiments/experiment/jobs/job2?api-version=2018-05-01
  response:
    body:
      string: '{"id":"/subscriptions/00000000-0000-0000-0000-000000000000/resourceGroups/clitest.rg000001/providers/Microsoft.BatchAI/workspaces/workspace/experiments/experiment/jobs/job2","name":"job2","type":"Microsoft.BatchAI/workspaces/experiments/jobs","properties":{"experimentName":"experiment","schedulingPriority":"normal","cluster":{"id":"/subscriptions/00000000-0000-0000-0000-000000000000/resourceGroups/clitest.rg000001/providers/Microsoft.BatchAI/workspaces/workspace/clusters/cluster"},"jobOutputDirectoryPathSegment":"00977cdb-163f-435f-9c32-39ec8ae61f4d/clitest.rg000001/workspaces/workspace/experiments/experiment/jobs/job2/ffb067c6-d429-40b6-8b86-57552c29dbe1","nodeCount":1,"containerSettings":{"imageSourceRegistry":{"image":"ubuntu"}},"mountVolumes":{"azureFileShares":[{"accountName":"clitest000002","azureFileUrl":"https://clitest000002.file.core.windows.net/share","credentials":{},"relativeMountPath":"afs","fileMode":"0777","directoryMode":"0777"}],"azureBlobFileSystems":[{"accountName":"clitest000002","containerName":"container","credentials":{},"relativeMountPath":"bfs"}]},"toolType":"custom","customToolkitSettings":{"commandLine":"echo
        hi | tee $AZ_BATCHAI_OUTPUT_OUTPUT/result.txt"},"stdOutErrPathPrefix":"$AZ_BATCHAI_JOB_MOUNT_ROOT/afs","outputDirectories":[{"id":"OUTPUT","pathPrefix":"$AZ_BATCHAI_JOB_MOUNT_ROOT/bfs","pathSuffix":"output"}],"constraints":{"maxWallClockTime":"P150D"},"creationTime":"2019-05-02T19:48:44.186Z","provisioningState":"succeeded","provisioningStateTransitionTime":"2019-05-02T19:48:44.356Z","executionState":"succeeded","executionStateTransitionTime":"2019-05-02T19:49:05.88Z","executionInfo":{"startTime":"2019-05-02T19:48:46.687Z","endTime":"2019-05-02T19:49:05.88Z","exitCode":0}}}'
    headers:
      cache-control:
      - no-cache
      content-length:
      - '1945'
      content-type:
      - application/json; charset=utf-8
      date:
      - Thu, 02 May 2019 19:49:08 GMT
      etag:
      - '"0x8D6CF372F382FCE"'
      expires:
      - '-1'
      last-modified:
      - Thu, 02 May 2019 19:48:44 GMT
      pragma:
      - no-cache
      request-id:
      - d1f9384d-abbe-466a-8e45-2ca8560b9888
      server:
      - Microsoft-HTTPAPI/2.0
      strict-transport-security:
      - max-age=31536000; includeSubDomains
      transfer-encoding:
      - chunked
      vary:
      - Accept-Encoding
      x-content-type-options:
      - nosniff
    status:
      code: 200
      message: OK
- request:
    body: null
    headers:
      Accept:
      - application/json
      Accept-Encoding:
      - gzip, deflate
      CommandName:
      - batchai job file list
      Connection:
      - keep-alive
      Content-Length:
      - '0'
      Content-Type:
      - application/json; charset=utf-8
      ParameterSetName:
      - -g -w -e -j -d
      User-Agent:
      - python/3.7.2 (Darwin-18.2.0-x86_64-i386-64bit) msrest/0.6.6 msrest_azure/0.6.0
        azure-mgmt-batchai/2.0.0 Azure-SDK-For-Python AZURECLI/2.0.63
      accept-language:
      - en-US
    method: POST
    uri: https://management.azure.com/subscriptions/00000000-0000-0000-0000-000000000000/resourceGroups/clitest.rg000001/providers/Microsoft.BatchAI/workspaces/workspace/experiments/experiment/jobs/job2/listOutputFiles?api-version=2018-05-01&outputdirectoryid=stdouterr&directory=.&linkexpiryinminutes=60&maxresults=1000
  response:
    body:
      string: '{"value":[{"name":"execution.log","fileType":"file","downloadUrl":"https://clitest000002.file.core.windows.net/share/00977cdb-163f-435f-9c32-39ec8ae61f4d/clitest.rg000001/workspaces/workspace/experiments/experiment/jobs/job2/ffb067c6-d429-40b6-8b86-57552c29dbe1/stdouterr/execution.log?sv=2018-03-28&sr=f&sig=sDQbUCmHNZO6OArv0JcCvxL9X2GWj8NQX7cwFCO52V4%3D&se=2019-05-02T20%3A49%3A10Z&sp=rl","properties":{"lastModified":"2019-05-02T19:49:05Z","contentLength":17060}},{"name":"stderr.txt","fileType":"file","downloadUrl":"https://clitest000002.file.core.windows.net/share/00977cdb-163f-435f-9c32-39ec8ae61f4d/clitest.rg000001/workspaces/workspace/experiments/experiment/jobs/job2/ffb067c6-d429-40b6-8b86-57552c29dbe1/stdouterr/stderr.txt?sv=2018-03-28&sr=f&sig=fU2XoKALggxqFzZzMrgryYAs%2FG6SV0LzNVrBHoXddWY%3D&se=2019-05-02T20%3A49%3A10Z&sp=rl","properties":{"lastModified":"2019-05-02T19:49:04Z","contentLength":0}},{"name":"stdout.txt","fileType":"file","downloadUrl":"https://clitest000002.file.core.windows.net/share/00977cdb-163f-435f-9c32-39ec8ae61f4d/clitest.rg000001/workspaces/workspace/experiments/experiment/jobs/job2/ffb067c6-d429-40b6-8b86-57552c29dbe1/stdouterr/stdout.txt?sv=2018-03-28&sr=f&sig=8mjiIT43u0esbRgoNpTD%2FNco9I0RF44irW6dCP0sD4k%3D&se=2019-05-02T20%3A49%3A10Z&sp=rl","properties":{"lastModified":"2019-05-02T19:49:04Z","contentLength":3}}]}'
    headers:
      cache-control:
      - no-cache
      content-length:
      - '1576'
      content-type:
      - application/json; charset=utf-8
      date:
      - Thu, 02 May 2019 19:49:09 GMT
      expires:
      - '-1'
      pragma:
      - no-cache
      request-id:
      - 46fe3c5e-6bb0-4c7a-96a8-0a69b62823b1
      server:
      - Microsoft-HTTPAPI/2.0
      strict-transport-security:
      - max-age=31536000; includeSubDomains
      transfer-encoding:
      - chunked
      vary:
      - Accept-Encoding
      x-content-type-options:
      - nosniff
    status:
      code: 200
      message: OK
- request:
    body: null
    headers:
      Accept:
      - application/json
      Accept-Encoding:
      - gzip, deflate
      CommandName:
      - batchai job file list
      Connection:
      - keep-alive
      Content-Length:
      - '0'
      Content-Type:
      - application/json; charset=utf-8
      ParameterSetName:
      - -g -w -e -j -d
      User-Agent:
      - python/3.7.2 (Darwin-18.2.0-x86_64-i386-64bit) msrest/0.6.6 msrest_azure/0.6.0
        azure-mgmt-batchai/2.0.0 Azure-SDK-For-Python AZURECLI/2.0.63
      accept-language:
      - en-US
    method: POST
    uri: https://management.azure.com/subscriptions/00000000-0000-0000-0000-000000000000/resourceGroups/clitest.rg000001/providers/Microsoft.BatchAI/workspaces/workspace/experiments/experiment/jobs/job2/listOutputFiles?api-version=2018-05-01&outputdirectoryid=OUTPUT&directory=.&linkexpiryinminutes=60&maxresults=1000
  response:
    body:
      string: '{"value":[{"name":"result.txt","fileType":"file","downloadUrl":"https://clitest000002.blob.core.windows.net/container/00977cdb-163f-435f-9c32-39ec8ae61f4d/clitest.rg000001/workspaces/workspace/experiments/experiment/jobs/job2/ffb067c6-d429-40b6-8b86-57552c29dbe1/outputs/output/result.txt?sv=2018-03-28&sr=b&sig=%2FFqh62mKGabNb5RwYqyzRW0H4KPwCr3aDvrN3y%2BL58w%3D&se=2019-05-02T20%3A49%3A11Z&sp=rl","properties":{"lastModified":"2019-05-02T19:49:04Z","contentLength":3}}]}'
    headers:
      cache-control:
      - no-cache
      content-length:
      - '541'
      content-type:
      - application/json; charset=utf-8
      date:
      - Thu, 02 May 2019 19:49:11 GMT
      expires:
      - '-1'
      pragma:
      - no-cache
      request-id:
      - 3bae1243-f84c-40bb-afcc-c0e38dbe3872
      server:
      - Microsoft-HTTPAPI/2.0
      strict-transport-security:
      - max-age=31536000; includeSubDomains
      transfer-encoding:
      - chunked
      vary:
      - Accept-Encoding
      x-content-type-options:
      - nosniff
    status:
      code: 200
      message: OK
- request:
    body: null
    headers:
      Accept:
      - application/json
      Accept-Encoding:
      - gzip, deflate
      CommandName:
      - group delete
      Connection:
      - keep-alive
      Content-Length:
      - '0'
      ParameterSetName:
      - --name --yes --no-wait
      User-Agent:
      - python/3.7.2 (Darwin-18.2.0-x86_64-i386-64bit) msrest/0.6.6 msrest_azure/0.6.0
        resourcemanagementclient/2.1.0 Azure-SDK-For-Python AZURECLI/2.0.63
      accept-language:
      - en-US
    method: DELETE
    uri: https://management.azure.com/subscriptions/00000000-0000-0000-0000-000000000000/resourcegroups/clitest.rg000001?api-version=2018-05-01
  response:
    body:
      string: '{"error":{"code":"InternalServerError","message":"Encountered internal
        server error. Diagnostic information: timestamp ''20190502T194921Z'', subscription
        id ''00977cdb-163f-435f-9c32-39ec8ae61f4d'', tracking id ''924d1ba4-5599-4eee-9f3b-a56c1649c5c0'',
        request correlation id ''924d1ba4-5599-4eee-9f3b-a56c1649c5c0''."}}'
    headers:
      cache-control:
      - no-cache
      connection:
      - close
      content-length:
      - '312'
      content-type:
      - application/json; charset=utf-8
      date:
      - Thu, 02 May 2019 19:49:21 GMT
      expires:
      - '-1'
      pragma:
      - no-cache
      strict-transport-security:
      - max-age=31536000; includeSubDomains
      x-content-type-options:
      - nosniff
      x-ms-failure-cause:
      - gateway
      x-ms-ratelimit-remaining-subscription-deletes:
      - '14999'
    status:
      code: 500
      message: Internal Server Error
- request:
    body: null
    headers:
      Accept:
      - application/json
      Accept-Encoding:
      - gzip, deflate
      CommandName:
      - group delete
      Connection:
      - keep-alive
      Content-Length:
      - '0'
      ParameterSetName:
      - --name --yes --no-wait
      User-Agent:
      - python/3.7.2 (Darwin-18.2.0-x86_64-i386-64bit) msrest/0.6.6 msrest_azure/0.6.0
        resourcemanagementclient/2.1.0 Azure-SDK-For-Python AZURECLI/2.0.63
      accept-language:
      - en-US
    method: DELETE
    uri: https://management.azure.com/subscriptions/00000000-0000-0000-0000-000000000000/resourcegroups/clitest.rg000001?api-version=2018-05-01
  response:
    body:
      string: ''
    headers:
      cache-control:
      - no-cache
      content-length:
      - '0'
      date:
      - Thu, 02 May 2019 19:49:25 GMT
      expires:
      - '-1'
      location:
      - https://management.azure.com/subscriptions/00000000-0000-0000-0000-000000000000/operationresults/eyJqb2JJZCI6IlJFU09VUkNFR1JPVVBERUxFVElPTkpPQi1DTElURVNUOjJFUkdURkNMRU5XWkFNMlBBNkpQWFhDUkpHU1lFVllENlpMSFRQWHxFQTZBMEVBMDVDRUNDNTQ3LU5PUlRIRVVST1BFIiwiam9iTG9jYXRpb24iOiJub3J0aGV1cm9wZSJ9?api-version=2018-05-01
      pragma:
      - no-cache
      strict-transport-security:
      - max-age=31536000; includeSubDomains
      x-content-type-options:
      - nosniff
      x-ms-ratelimit-remaining-subscription-deletes:
      - '14998'
    status:
      code: 202
      message: Accepted
version: 1
