interactions:
- request:
    body: '{"location": "northeurope", "tags": {"product": "azurecli", "cause": "automation",
      "date": "2018-08-01T20:15:12Z"}}'
    headers:
      Accept: [application/json]
      Accept-Encoding: ['gzip, deflate']
      CommandName: [group create]
      Connection: [keep-alive]
      Content-Length: ['115']
      Content-Type: [application/json; charset=utf-8]
      User-Agent: [python/3.7.0 (Windows-10-10.0.17134-SP0) requests/2.19.1 msrest/0.5.4
          msrest_azure/0.4.34 resourcemanagementclient/2.0.0 Azure-SDK-For-Python
          AZURECLI/2.0.43]
      accept-language: [en-US]
    method: PUT
    uri: https://management.azure.com/subscriptions/00000000-0000-0000-0000-000000000000/resourcegroups/clitest.rg000001?api-version=2018-05-01
  response:
    body: {string: '{"id":"/subscriptions/00000000-0000-0000-0000-000000000000/resourceGroups/clitest.rg000001","name":"clitest.rg000001","location":"northeurope","tags":{"product":"azurecli","cause":"automation","date":"2018-08-01T20:15:12Z"},"properties":{"provisioningState":"Succeeded"}}'}
    headers:
      cache-control: [no-cache]
      content-length: ['389']
      content-type: [application/json; charset=utf-8]
      date: ['Wed, 01 Aug 2018 20:15:17 GMT']
      expires: ['-1']
      pragma: [no-cache]
      strict-transport-security: [max-age=31536000; includeSubDomains]
      x-content-type-options: [nosniff]
      x-ms-ratelimit-remaining-subscription-writes: ['1199']
    status: {code: 201, message: Created}
- request:
    body: '{"sku": {"name": "Standard_LRS"}, "kind": "Storage", "location": "northeurope",
      "properties": {"supportsHttpsTrafficOnly": false, "isHnsEnabled": false}}'
    headers:
      Accept: [application/json]
      Accept-Encoding: ['gzip, deflate']
      CommandName: [storage account create]
      Connection: [keep-alive]
      Content-Length: ['153']
      Content-Type: [application/json; charset=utf-8]
      User-Agent: [python/3.7.0 (Windows-10-10.0.17134-SP0) requests/2.19.1 msrest/0.5.4
          msrest_azure/0.4.34 azure-mgmt-storage/2.0.0rc4 Azure-SDK-For-Python AZURECLI/2.0.43]
      accept-language: [en-US]
    method: PUT
    uri: https://management.azure.com/subscriptions/00000000-0000-0000-0000-000000000000/resourceGroups/clitest.rg000001/providers/Microsoft.Storage/storageAccounts/bai000002?api-version=2018-03-01-preview
  response:
    body: {string: ''}
    headers:
      cache-control: [no-cache]
      content-length: ['0']
      content-type: [text/plain; charset=utf-8]
      date: ['Wed, 01 Aug 2018 20:15:22 GMT']
      expires: ['-1']
      location: ['https://management.azure.com/subscriptions/00000000-0000-0000-0000-000000000000/providers/Microsoft.Storage/locations/northeurope/asyncoperations/81fbb34f-78c6-4bee-9245-c25dd59cdc09?monitor=true&api-version=2018-03-01-preview']
      pragma: [no-cache]
      server: ['Microsoft-Azure-Storage-Resource-Provider/1.0,Microsoft-HTTPAPI/2.0
          Microsoft-HTTPAPI/2.0']
      strict-transport-security: [max-age=31536000; includeSubDomains]
      x-content-type-options: [nosniff]
      x-ms-ratelimit-remaining-subscription-writes: ['1199']
    status: {code: 202, message: Accepted}
- request:
    body: null
    headers:
      Accept: [application/json]
      Accept-Encoding: ['gzip, deflate']
      CommandName: [storage account create]
      Connection: [keep-alive]
      User-Agent: [python/3.7.0 (Windows-10-10.0.17134-SP0) requests/2.19.1 msrest/0.5.4
          msrest_azure/0.4.34 azure-mgmt-storage/2.0.0rc4 Azure-SDK-For-Python AZURECLI/2.0.43]
    method: GET
    uri: https://management.azure.com/subscriptions/00000000-0000-0000-0000-000000000000/providers/Microsoft.Storage/locations/northeurope/asyncoperations/81fbb34f-78c6-4bee-9245-c25dd59cdc09?monitor=true&api-version=2018-03-01-preview
  response:
    body: {string: '{"sku":{"name":"Standard_LRS","tier":"Standard"},"kind":"Storage","id":"/subscriptions/00000000-0000-0000-0000-000000000000/resourceGroups/clitest.rg000001/providers/Microsoft.Storage/storageAccounts/bai000002","name":"bai000002","type":"Microsoft.Storage/storageAccounts","location":"northeurope","tags":{},"properties":{"isHnsEnabled":false,"networkAcls":{"bypass":"AzureServices","virtualNetworkRules":[],"ipRules":[],"defaultAction":"Allow"},"trustedDirectories":["72f988bf-86f1-41af-91ab-2d7cd011db47"],"supportsHttpsTrafficOnly":false,"encryption":{"services":{"file":{"enabled":true,"lastEnabledTime":"2018-08-01T20:15:22.2892132Z"},"blob":{"enabled":true,"lastEnabledTime":"2018-08-01T20:15:22.2892132Z"}},"keySource":"Microsoft.Storage"},"provisioningState":"Succeeded","creationTime":"2018-08-01T20:15:22.1485901Z","primaryEndpoints":{"blob":"https://bai000002.blob.core.windows.net/","queue":"https://bai000002.queue.core.windows.net/","table":"https://bai000002.table.core.windows.net/","file":"https://bai000002.file.core.windows.net/"},"primaryLocation":"northeurope","statusOfPrimary":"available"}}'}
    headers:
      cache-control: [no-cache]
      content-length: ['1262']
      content-type: [application/json]
      date: ['Wed, 01 Aug 2018 20:15:40 GMT']
      expires: ['-1']
      pragma: [no-cache]
      server: ['Microsoft-Azure-Storage-Resource-Provider/1.0,Microsoft-HTTPAPI/2.0
          Microsoft-HTTPAPI/2.0']
      strict-transport-security: [max-age=31536000; includeSubDomains]
      transfer-encoding: [chunked]
      vary: [Accept-Encoding]
      x-content-type-options: [nosniff]
    status: {code: 200, message: OK}
- request:
    body: null
    headers:
      Accept: [application/json]
      Accept-Encoding: ['gzip, deflate']
      CommandName: [storage account keys list]
      Connection: [keep-alive]
      Content-Length: ['0']
      Content-Type: [application/json; charset=utf-8]
      User-Agent: [python/3.7.0 (Windows-10-10.0.17134-SP0) requests/2.19.1 msrest/0.5.4
          msrest_azure/0.4.34 azure-mgmt-storage/2.0.0rc4 Azure-SDK-For-Python AZURECLI/2.0.43]
      accept-language: [en-US]
    method: POST
    uri: https://management.azure.com/subscriptions/00000000-0000-0000-0000-000000000000/resourceGroups/clitest.rg000001/providers/Microsoft.Storage/storageAccounts/bai000002/listKeys?api-version=2018-03-01-preview
  response:
    body: {string: '{"keys":[{"keyName":"key1","value":"G7bU0HcQdeyL35XAU7vl+mHXMHFeZcN6hGSEtaFPJFpQil3G25Kj4hixoaCd6IjmCqji5emVXG0I5NdyI0WwIQ==","permissions":"FULL"},{"keyName":"key2","value":"rP5AoSTnZsOHWd7heCm8/hBotTfdXGYX5ezkn0qiBIsLkG6Gh/pdi/etxZyQuYEuov3UWikRKXFC/9CCULniUg==","permissions":"FULL"}]}'}
    headers:
      cache-control: [no-cache]
      content-length: ['288']
      content-type: [application/json]
      date: ['Wed, 01 Aug 2018 20:15:41 GMT']
      expires: ['-1']
      pragma: [no-cache]
      server: ['Microsoft-Azure-Storage-Resource-Provider/1.0,Microsoft-HTTPAPI/2.0
          Microsoft-HTTPAPI/2.0']
      strict-transport-security: [max-age=31536000; includeSubDomains]
      transfer-encoding: [chunked]
      vary: [Accept-Encoding]
      x-content-type-options: [nosniff]
      x-ms-ratelimit-remaining-subscription-writes: ['1199']
    status: {code: 200, message: OK}
- request:
    body: null
    headers:
      Accept: [application/json]
      Accept-Encoding: ['gzip, deflate']
      CommandName: [batchai workspace create]
      Connection: [keep-alive]
      Content-Type: [application/json; charset=utf-8]
      User-Agent: [python/3.7.0 (Windows-10-10.0.17134-SP0) requests/2.19.1 msrest/0.5.4
          msrest_azure/0.4.34 resourcemanagementclient/2.0.0 Azure-SDK-For-Python
          AZURECLI/2.0.43]
      accept-language: [en-US]
    method: GET
    uri: https://management.azure.com/subscriptions/00000000-0000-0000-0000-000000000000/resourcegroups/clitest.rg000001?api-version=2018-05-01
  response:
    body: {string: '{"id":"/subscriptions/00000000-0000-0000-0000-000000000000/resourceGroups/clitest.rg000001","name":"clitest.rg000001","location":"northeurope","tags":{"product":"azurecli","cause":"automation","date":"2018-08-01T20:15:12Z"},"properties":{"provisioningState":"Succeeded"}}'}
    headers:
      cache-control: [no-cache]
      content-length: ['389']
      content-type: [application/json; charset=utf-8]
      date: ['Wed, 01 Aug 2018 20:15:42 GMT']
      expires: ['-1']
      pragma: [no-cache]
      strict-transport-security: [max-age=31536000; includeSubDomains]
      vary: [Accept-Encoding]
      x-content-type-options: [nosniff]
    status: {code: 200, message: OK}
- request:
    body: '{"location": "northeurope"}'
    headers:
      Accept: [application/json]
      Accept-Encoding: ['gzip, deflate']
      CommandName: [batchai workspace create]
      Connection: [keep-alive]
      Content-Length: ['27']
      Content-Type: [application/json; charset=utf-8]
      User-Agent: [python/3.7.0 (Windows-10-10.0.17134-SP0) requests/2.19.1 msrest/0.5.4
          msrest_azure/0.4.34 azure-mgmt-batchai/2.0.0 Azure-SDK-For-Python AZURECLI/2.0.43]
      accept-language: [en-US]
    method: PUT
    uri: https://management.azure.com/subscriptions/00000000-0000-0000-0000-000000000000/resourceGroups/clitest.rg000001/providers/Microsoft.BatchAI/workspaces/workspace?api-version=2018-05-01
  response:
    body: {string: '{"error":{"code":"MissingSubscriptionRegistration","message":"The
        subscription is not registered to use namespace ''Microsoft.BatchAI''. See
        https://aka.ms/rps-not-found for how to register subscriptions.","details":[{"code":"MissingSubscriptionRegistration","target":"Microsoft.BatchAI","message":"The
        subscription is not registered to use namespace ''Microsoft.BatchAI''. See
        https://aka.ms/rps-not-found for how to register subscriptions."}]}}'}
    headers:
      cache-control: [no-cache]
      content-length: ['442']
      content-type: [application/json; charset=utf-8]
      date: ['Wed, 01 Aug 2018 20:15:42 GMT']
      expires: ['-1']
      pragma: [no-cache]
      strict-transport-security: [max-age=31536000; includeSubDomains]
      x-content-type-options: [nosniff]
      x-ms-failure-cause: [gateway]
    status: {code: 409, message: Conflict}
- request:
    body: null
    headers:
      Accept: ['*/*']
      Accept-Encoding: ['gzip, deflate']
      Connection: [keep-alive]
      Content-Length: ['0']
      User-Agent: [python-requests/2.19.1]
    method: POST
    uri: https://management.azure.com/subscriptions/00000000-0000-0000-0000-000000000000/providers/Microsoft.BatchAI/register?api-version=2016-02-01
  response:
    body: {string: '{"id":"/subscriptions/00000000-0000-0000-0000-000000000000/providers/Microsoft.BatchAI","namespace":"Microsoft.BatchAI","authorization":{"applicationId":"9fcb3732-5f52-4135-8c08-9d4bbaf203ea","roleDefinitionId":"703B89C7-CE2C-431B-BDD8-FA34E39AF696","managedByRoleDefinitionId":"90B8E153-EBFF-4073-A95F-4DAD56B14C78"},"resourceTypes":[{"resourceType":"clusters","locations":["East
        US","West US 2","West Europe","East US 2","North Europe","Australia East"],"apiVersions":["2018-03-01","2017-09-01-preview"],"capabilities":"None"},{"resourceType":"jobs","locations":["East
        US","West US 2","West Europe","East US 2","North Europe","Australia East"],"apiVersions":["2018-03-01","2017-09-01-preview"],"capabilities":"None"},{"resourceType":"fileservers","locations":["East
        US","West US 2","West Europe","East US 2","North Europe","Australia East"],"apiVersions":["2018-03-01","2017-09-01-preview"],"capabilities":"None"},{"resourceType":"workspaces","locations":["East
        US","West US 2","West Europe","East US 2","North Europe","Australia East"],"apiVersions":["2018-05-01"],"capabilities":"None"},{"resourceType":"workspaces/clusters","locations":["East
        US","West US 2","West Europe","East US 2","North Europe","Australia East"],"apiVersions":["2018-05-01"]},{"resourceType":"workspaces/fileservers","locations":["East
        US","West US 2","West Europe","East US 2","North Europe","Australia East"],"apiVersions":["2018-05-01"]},{"resourceType":"workspaces/experiments","locations":["East
        US","West US 2","West Europe","East US 2","North Europe","Australia East"],"apiVersions":["2018-05-01"]},{"resourceType":"workspaces/experiments/jobs","locations":["East
        US","West US 2","West Europe","East US 2","North Europe","Australia East"],"apiVersions":["2018-05-01"]},{"resourceType":"operations","locations":["East
        US","West US 2","West Europe","East US 2","North Europe","Australia East"],"apiVersions":["2018-05-01","2018-03-01","2017-09-01-preview"]},{"resourceType":"locations","locations":[],"apiVersions":["2018-05-01","2018-03-01","2017-09-01-preview"]},{"resourceType":"locations/operationresults","locations":["East
        US","West US 2","West Europe","East US 2","North Europe","Australia East"],"apiVersions":["2018-05-01","2018-03-01","2017-09-01-preview"]},{"resourceType":"locations/operationstatuses","locations":["East
        US","West US 2","West Europe","East US 2","North Europe","Australia East"],"apiVersions":["2018-05-01","2018-03-01","2017-09-01-preview"]},{"resourceType":"locations/usages","locations":["East
        US","West US 2","West Europe","East US 2","North Europe","Australia East"],"apiVersions":["2018-05-01","2018-03-01"]}],"registrationState":"Registering"}'}
    headers:
      cache-control: [no-cache]
      content-length: ['2661']
      content-type: [application/json; charset=utf-8]
      date: ['Wed, 01 Aug 2018 20:15:44 GMT']
      expires: ['-1']
      pragma: [no-cache]
      strict-transport-security: [max-age=31536000; includeSubDomains]
      transfer-encoding: [chunked]
      vary: [Accept-Encoding]
      x-content-type-options: [nosniff]
      x-ms-ratelimit-remaining-subscription-writes: ['1198']
    status: {code: 200, message: OK}
- request:
    body: null
    headers:
      Accept: ['*/*']
      Accept-Encoding: ['gzip, deflate']
      Connection: [keep-alive]
      User-Agent: [python-requests/2.19.1]
    method: GET
    uri: https://management.azure.com/subscriptions/00000000-0000-0000-0000-000000000000/providers/Microsoft.BatchAI?api-version=2016-02-01
  response:
    body: {string: '{"id":"/subscriptions/00000000-0000-0000-0000-000000000000/providers/Microsoft.BatchAI","namespace":"Microsoft.BatchAI","authorization":{"applicationId":"9fcb3732-5f52-4135-8c08-9d4bbaf203ea","roleDefinitionId":"703B89C7-CE2C-431B-BDD8-FA34E39AF696","managedByRoleDefinitionId":"90B8E153-EBFF-4073-A95F-4DAD56B14C78"},"resourceTypes":[{"resourceType":"clusters","locations":["East
        US","West US 2","West Europe","East US 2","North Europe","Australia East"],"apiVersions":["2018-03-01","2017-09-01-preview"],"capabilities":"None"},{"resourceType":"jobs","locations":["East
        US","West US 2","West Europe","East US 2","North Europe","Australia East"],"apiVersions":["2018-03-01","2017-09-01-preview"],"capabilities":"None"},{"resourceType":"fileservers","locations":["East
        US","West US 2","West Europe","East US 2","North Europe","Australia East"],"apiVersions":["2018-03-01","2017-09-01-preview"],"capabilities":"None"},{"resourceType":"workspaces","locations":["East
        US","West US 2","West Europe","East US 2","North Europe","Australia East"],"apiVersions":["2018-05-01"],"capabilities":"None"},{"resourceType":"workspaces/clusters","locations":["East
        US","West US 2","West Europe","East US 2","North Europe","Australia East"],"apiVersions":["2018-05-01"]},{"resourceType":"workspaces/fileservers","locations":["East
        US","West US 2","West Europe","East US 2","North Europe","Australia East"],"apiVersions":["2018-05-01"]},{"resourceType":"workspaces/experiments","locations":["East
        US","West US 2","West Europe","East US 2","North Europe","Australia East"],"apiVersions":["2018-05-01"]},{"resourceType":"workspaces/experiments/jobs","locations":["East
        US","West US 2","West Europe","East US 2","North Europe","Australia East"],"apiVersions":["2018-05-01"]},{"resourceType":"operations","locations":["East
        US","West US 2","West Europe","East US 2","North Europe","Australia East"],"apiVersions":["2018-05-01","2018-03-01","2017-09-01-preview"]},{"resourceType":"locations","locations":[],"apiVersions":["2018-05-01","2018-03-01","2017-09-01-preview"]},{"resourceType":"locations/operationresults","locations":["East
        US","West US 2","West Europe","East US 2","North Europe","Australia East"],"apiVersions":["2018-05-01","2018-03-01","2017-09-01-preview"]},{"resourceType":"locations/operationstatuses","locations":["East
        US","West US 2","West Europe","East US 2","North Europe","Australia East"],"apiVersions":["2018-05-01","2018-03-01","2017-09-01-preview"]},{"resourceType":"locations/usages","locations":["East
        US","West US 2","West Europe","East US 2","North Europe","Australia East"],"apiVersions":["2018-05-01","2018-03-01"]}],"registrationState":"Registering"}'}
    headers:
      cache-control: [no-cache]
      content-length: ['2661']
      content-type: [application/json; charset=utf-8]
      date: ['Wed, 01 Aug 2018 20:15:54 GMT']
      expires: ['-1']
      pragma: [no-cache]
      strict-transport-security: [max-age=31536000; includeSubDomains]
      vary: [Accept-Encoding]
      x-content-type-options: [nosniff]
    status: {code: 200, message: OK}
- request:
    body: null
    headers:
      Accept: ['*/*']
      Accept-Encoding: ['gzip, deflate']
      Connection: [keep-alive]
      User-Agent: [python-requests/2.19.1]
    method: GET
    uri: https://management.azure.com/subscriptions/00000000-0000-0000-0000-000000000000/providers/Microsoft.BatchAI?api-version=2016-02-01
  response:
    body: {string: '{"id":"/subscriptions/00000000-0000-0000-0000-000000000000/providers/Microsoft.BatchAI","namespace":"Microsoft.BatchAI","authorization":{"applicationId":"9fcb3732-5f52-4135-8c08-9d4bbaf203ea","roleDefinitionId":"703B89C7-CE2C-431B-BDD8-FA34E39AF696","managedByRoleDefinitionId":"90B8E153-EBFF-4073-A95F-4DAD56B14C78"},"resourceTypes":[{"resourceType":"clusters","locations":["East
        US","West US 2","West Europe","East US 2","North Europe","Australia East"],"apiVersions":["2018-03-01","2017-09-01-preview"],"capabilities":"None"},{"resourceType":"jobs","locations":["East
        US","West US 2","West Europe","East US 2","North Europe","Australia East"],"apiVersions":["2018-03-01","2017-09-01-preview"],"capabilities":"None"},{"resourceType":"fileservers","locations":["East
        US","West US 2","West Europe","East US 2","North Europe","Australia East"],"apiVersions":["2018-03-01","2017-09-01-preview"],"capabilities":"None"},{"resourceType":"workspaces","locations":["East
        US","West US 2","West Europe","East US 2","North Europe","Australia East"],"apiVersions":["2018-05-01"],"capabilities":"None"},{"resourceType":"workspaces/clusters","locations":["East
        US","West US 2","West Europe","East US 2","North Europe","Australia East"],"apiVersions":["2018-05-01"]},{"resourceType":"workspaces/fileservers","locations":["East
        US","West US 2","West Europe","East US 2","North Europe","Australia East"],"apiVersions":["2018-05-01"]},{"resourceType":"workspaces/experiments","locations":["East
        US","West US 2","West Europe","East US 2","North Europe","Australia East"],"apiVersions":["2018-05-01"]},{"resourceType":"workspaces/experiments/jobs","locations":["East
        US","West US 2","West Europe","East US 2","North Europe","Australia East"],"apiVersions":["2018-05-01"]},{"resourceType":"operations","locations":["East
        US","West US 2","West Europe","East US 2","North Europe","Australia East"],"apiVersions":["2018-05-01","2018-03-01","2017-09-01-preview"]},{"resourceType":"locations","locations":[],"apiVersions":["2018-05-01","2018-03-01","2017-09-01-preview"]},{"resourceType":"locations/operationresults","locations":["East
        US","West US 2","West Europe","East US 2","North Europe","Australia East"],"apiVersions":["2018-05-01","2018-03-01","2017-09-01-preview"]},{"resourceType":"locations/operationstatuses","locations":["East
        US","West US 2","West Europe","East US 2","North Europe","Australia East"],"apiVersions":["2018-05-01","2018-03-01","2017-09-01-preview"]},{"resourceType":"locations/usages","locations":["East
        US","West US 2","West Europe","East US 2","North Europe","Australia East"],"apiVersions":["2018-05-01","2018-03-01"]}],"registrationState":"Registering"}'}
    headers:
      cache-control: [no-cache]
      content-length: ['2661']
      content-type: [application/json; charset=utf-8]
      date: ['Wed, 01 Aug 2018 20:16:05 GMT']
      expires: ['-1']
      pragma: [no-cache]
      strict-transport-security: [max-age=31536000; includeSubDomains]
      vary: [Accept-Encoding]
      x-content-type-options: [nosniff]
    status: {code: 200, message: OK}
- request:
    body: null
    headers:
      Accept: ['*/*']
      Accept-Encoding: ['gzip, deflate']
      Connection: [keep-alive]
      User-Agent: [python-requests/2.19.1]
    method: GET
    uri: https://management.azure.com/subscriptions/00000000-0000-0000-0000-000000000000/providers/Microsoft.BatchAI?api-version=2016-02-01
  response:
    body: {string: '{"id":"/subscriptions/00000000-0000-0000-0000-000000000000/providers/Microsoft.BatchAI","namespace":"Microsoft.BatchAI","authorization":{"applicationId":"9fcb3732-5f52-4135-8c08-9d4bbaf203ea","roleDefinitionId":"703B89C7-CE2C-431B-BDD8-FA34E39AF696","managedByRoleDefinitionId":"90B8E153-EBFF-4073-A95F-4DAD56B14C78"},"resourceTypes":[{"resourceType":"clusters","locations":["East
        US","West US 2","West Europe","East US 2","North Europe","Australia East"],"apiVersions":["2018-03-01","2017-09-01-preview"],"capabilities":"None"},{"resourceType":"jobs","locations":["East
        US","West US 2","West Europe","East US 2","North Europe","Australia East"],"apiVersions":["2018-03-01","2017-09-01-preview"],"capabilities":"None"},{"resourceType":"fileservers","locations":["East
        US","West US 2","West Europe","East US 2","North Europe","Australia East"],"apiVersions":["2018-03-01","2017-09-01-preview"],"capabilities":"None"},{"resourceType":"workspaces","locations":["East
        US","West US 2","West Europe","East US 2","North Europe","Australia East"],"apiVersions":["2018-05-01"],"capabilities":"None"},{"resourceType":"workspaces/clusters","locations":["East
        US","West US 2","West Europe","East US 2","North Europe","Australia East"],"apiVersions":["2018-05-01"]},{"resourceType":"workspaces/fileservers","locations":["East
        US","West US 2","West Europe","East US 2","North Europe","Australia East"],"apiVersions":["2018-05-01"]},{"resourceType":"workspaces/experiments","locations":["East
        US","West US 2","West Europe","East US 2","North Europe","Australia East"],"apiVersions":["2018-05-01"]},{"resourceType":"workspaces/experiments/jobs","locations":["East
        US","West US 2","West Europe","East US 2","North Europe","Australia East"],"apiVersions":["2018-05-01"]},{"resourceType":"operations","locations":["East
        US","West US 2","West Europe","East US 2","North Europe","Australia East"],"apiVersions":["2018-05-01","2018-03-01","2017-09-01-preview"]},{"resourceType":"locations","locations":[],"apiVersions":["2018-05-01","2018-03-01","2017-09-01-preview"]},{"resourceType":"locations/operationresults","locations":["East
        US","West US 2","West Europe","East US 2","North Europe","Australia East"],"apiVersions":["2018-05-01","2018-03-01","2017-09-01-preview"]},{"resourceType":"locations/operationstatuses","locations":["East
        US","West US 2","West Europe","East US 2","North Europe","Australia East"],"apiVersions":["2018-05-01","2018-03-01","2017-09-01-preview"]},{"resourceType":"locations/usages","locations":["East
        US","West US 2","West Europe","East US 2","North Europe","Australia East"],"apiVersions":["2018-05-01","2018-03-01"]}],"registrationState":"Registering"}'}
    headers:
      cache-control: [no-cache]
      content-length: ['2661']
      content-type: [application/json; charset=utf-8]
      date: ['Wed, 01 Aug 2018 20:16:15 GMT']
      expires: ['-1']
      pragma: [no-cache]
      strict-transport-security: [max-age=31536000; includeSubDomains]
      vary: [Accept-Encoding]
      x-content-type-options: [nosniff]
    status: {code: 200, message: OK}
- request:
    body: null
    headers:
      Accept: ['*/*']
      Accept-Encoding: ['gzip, deflate']
      Connection: [keep-alive]
      User-Agent: [python-requests/2.19.1]
    method: GET
    uri: https://management.azure.com/subscriptions/00000000-0000-0000-0000-000000000000/providers/Microsoft.BatchAI?api-version=2016-02-01
  response:
    body: {string: '{"id":"/subscriptions/00000000-0000-0000-0000-000000000000/providers/Microsoft.BatchAI","namespace":"Microsoft.BatchAI","authorization":{"applicationId":"9fcb3732-5f52-4135-8c08-9d4bbaf203ea","roleDefinitionId":"703B89C7-CE2C-431B-BDD8-FA34E39AF696","managedByRoleDefinitionId":"90B8E153-EBFF-4073-A95F-4DAD56B14C78"},"resourceTypes":[{"resourceType":"clusters","locations":["East
        US","West US 2","West Europe","East US 2","North Europe","Australia East"],"apiVersions":["2018-03-01","2017-09-01-preview"],"capabilities":"None"},{"resourceType":"jobs","locations":["East
        US","West US 2","West Europe","East US 2","North Europe","Australia East"],"apiVersions":["2018-03-01","2017-09-01-preview"],"capabilities":"None"},{"resourceType":"fileservers","locations":["East
        US","West US 2","West Europe","East US 2","North Europe","Australia East"],"apiVersions":["2018-03-01","2017-09-01-preview"],"capabilities":"None"},{"resourceType":"workspaces","locations":["East
        US","West US 2","West Europe","East US 2","North Europe","Australia East"],"apiVersions":["2018-05-01"],"capabilities":"None"},{"resourceType":"workspaces/clusters","locations":["East
        US","West US 2","West Europe","East US 2","North Europe","Australia East"],"apiVersions":["2018-05-01"]},{"resourceType":"workspaces/fileservers","locations":["East
        US","West US 2","West Europe","East US 2","North Europe","Australia East"],"apiVersions":["2018-05-01"]},{"resourceType":"workspaces/experiments","locations":["East
        US","West US 2","West Europe","East US 2","North Europe","Australia East"],"apiVersions":["2018-05-01"]},{"resourceType":"workspaces/experiments/jobs","locations":["East
        US","West US 2","West Europe","East US 2","North Europe","Australia East"],"apiVersions":["2018-05-01"]},{"resourceType":"operations","locations":["East
        US","West US 2","West Europe","East US 2","North Europe","Australia East"],"apiVersions":["2018-05-01","2018-03-01","2017-09-01-preview"]},{"resourceType":"locations","locations":[],"apiVersions":["2018-05-01","2018-03-01","2017-09-01-preview"]},{"resourceType":"locations/operationresults","locations":["East
        US","West US 2","West Europe","East US 2","North Europe","Australia East"],"apiVersions":["2018-05-01","2018-03-01","2017-09-01-preview"]},{"resourceType":"locations/operationstatuses","locations":["East
        US","West US 2","West Europe","East US 2","North Europe","Australia East"],"apiVersions":["2018-05-01","2018-03-01","2017-09-01-preview"]},{"resourceType":"locations/usages","locations":["East
        US","West US 2","West Europe","East US 2","North Europe","Australia East"],"apiVersions":["2018-05-01","2018-03-01"]}],"registrationState":"Registering"}'}
    headers:
      cache-control: [no-cache]
      content-length: ['2661']
      content-type: [application/json; charset=utf-8]
      date: ['Wed, 01 Aug 2018 20:16:24 GMT']
      expires: ['-1']
      pragma: [no-cache]
      strict-transport-security: [max-age=31536000; includeSubDomains]
      vary: [Accept-Encoding]
      x-content-type-options: [nosniff]
    status: {code: 200, message: OK}
- request:
    body: null
    headers:
      Accept: ['*/*']
      Accept-Encoding: ['gzip, deflate']
      Connection: [keep-alive]
      User-Agent: [python-requests/2.19.1]
    method: GET
    uri: https://management.azure.com/subscriptions/00000000-0000-0000-0000-000000000000/providers/Microsoft.BatchAI?api-version=2016-02-01
  response:
    body: {string: '{"id":"/subscriptions/00000000-0000-0000-0000-000000000000/providers/Microsoft.BatchAI","namespace":"Microsoft.BatchAI","authorization":{"applicationId":"9fcb3732-5f52-4135-8c08-9d4bbaf203ea","roleDefinitionId":"703B89C7-CE2C-431B-BDD8-FA34E39AF696","managedByRoleDefinitionId":"90B8E153-EBFF-4073-A95F-4DAD56B14C78"},"resourceTypes":[{"resourceType":"clusters","locations":["East
        US","West US 2","West Europe","East US 2","North Europe","Australia East"],"apiVersions":["2018-03-01","2017-09-01-preview"],"capabilities":"None"},{"resourceType":"jobs","locations":["East
        US","West US 2","West Europe","East US 2","North Europe","Australia East"],"apiVersions":["2018-03-01","2017-09-01-preview"],"capabilities":"None"},{"resourceType":"fileservers","locations":["East
        US","West US 2","West Europe","East US 2","North Europe","Australia East"],"apiVersions":["2018-03-01","2017-09-01-preview"],"capabilities":"None"},{"resourceType":"workspaces","locations":["East
        US","West US 2","West Europe","East US 2","North Europe","Australia East"],"apiVersions":["2018-05-01"],"capabilities":"None"},{"resourceType":"workspaces/clusters","locations":["East
        US","West US 2","West Europe","East US 2","North Europe","Australia East"],"apiVersions":["2018-05-01"]},{"resourceType":"workspaces/fileservers","locations":["East
        US","West US 2","West Europe","East US 2","North Europe","Australia East"],"apiVersions":["2018-05-01"]},{"resourceType":"workspaces/experiments","locations":["East
        US","West US 2","West Europe","East US 2","North Europe","Australia East"],"apiVersions":["2018-05-01"]},{"resourceType":"workspaces/experiments/jobs","locations":["East
        US","West US 2","West Europe","East US 2","North Europe","Australia East"],"apiVersions":["2018-05-01"]},{"resourceType":"operations","locations":["East
        US","West US 2","West Europe","East US 2","North Europe","Australia East"],"apiVersions":["2018-05-01","2018-03-01","2017-09-01-preview"]},{"resourceType":"locations","locations":[],"apiVersions":["2018-05-01","2018-03-01","2017-09-01-preview"]},{"resourceType":"locations/operationresults","locations":["East
        US","West US 2","West Europe","East US 2","North Europe","Australia East"],"apiVersions":["2018-05-01","2018-03-01","2017-09-01-preview"]},{"resourceType":"locations/operationstatuses","locations":["East
        US","West US 2","West Europe","East US 2","North Europe","Australia East"],"apiVersions":["2018-05-01","2018-03-01","2017-09-01-preview"]},{"resourceType":"locations/usages","locations":["East
        US","West US 2","West Europe","East US 2","North Europe","Australia East"],"apiVersions":["2018-05-01","2018-03-01"]}],"registrationState":"Registering"}'}
    headers:
      cache-control: [no-cache]
      content-length: ['2661']
      content-type: [application/json; charset=utf-8]
      date: ['Wed, 01 Aug 2018 20:16:34 GMT']
      expires: ['-1']
      pragma: [no-cache]
      strict-transport-security: [max-age=31536000; includeSubDomains]
      vary: [Accept-Encoding]
      x-content-type-options: [nosniff]
    status: {code: 200, message: OK}
- request:
    body: null
    headers:
      Accept: ['*/*']
      Accept-Encoding: ['gzip, deflate']
      Connection: [keep-alive]
      User-Agent: [python-requests/2.19.1]
    method: GET
    uri: https://management.azure.com/subscriptions/00000000-0000-0000-0000-000000000000/providers/Microsoft.BatchAI?api-version=2016-02-01
  response:
    body: {string: '{"id":"/subscriptions/00000000-0000-0000-0000-000000000000/providers/Microsoft.BatchAI","namespace":"Microsoft.BatchAI","authorization":{"applicationId":"9fcb3732-5f52-4135-8c08-9d4bbaf203ea","roleDefinitionId":"703B89C7-CE2C-431B-BDD8-FA34E39AF696","managedByRoleDefinitionId":"90B8E153-EBFF-4073-A95F-4DAD56B14C78"},"resourceTypes":[{"resourceType":"clusters","locations":["East
        US","West US 2","West Europe","East US 2","North Europe","Australia East"],"apiVersions":["2018-03-01","2017-09-01-preview"],"capabilities":"None"},{"resourceType":"jobs","locations":["East
        US","West US 2","West Europe","East US 2","North Europe","Australia East"],"apiVersions":["2018-03-01","2017-09-01-preview"],"capabilities":"None"},{"resourceType":"fileservers","locations":["East
        US","West US 2","West Europe","East US 2","North Europe","Australia East"],"apiVersions":["2018-03-01","2017-09-01-preview"],"capabilities":"None"},{"resourceType":"workspaces","locations":["East
        US","West US 2","West Europe","East US 2","North Europe","Australia East"],"apiVersions":["2018-05-01"],"capabilities":"None"},{"resourceType":"workspaces/clusters","locations":["East
        US","West US 2","West Europe","East US 2","North Europe","Australia East"],"apiVersions":["2018-05-01"]},{"resourceType":"workspaces/fileservers","locations":["East
        US","West US 2","West Europe","East US 2","North Europe","Australia East"],"apiVersions":["2018-05-01"]},{"resourceType":"workspaces/experiments","locations":["East
        US","West US 2","West Europe","East US 2","North Europe","Australia East"],"apiVersions":["2018-05-01"]},{"resourceType":"workspaces/experiments/jobs","locations":["East
        US","West US 2","West Europe","East US 2","North Europe","Australia East"],"apiVersions":["2018-05-01"]},{"resourceType":"operations","locations":["East
        US","West US 2","West Europe","East US 2","North Europe","Australia East"],"apiVersions":["2018-05-01","2018-03-01","2017-09-01-preview"]},{"resourceType":"locations","locations":[],"apiVersions":["2018-05-01","2018-03-01","2017-09-01-preview"]},{"resourceType":"locations/operationresults","locations":["East
        US","West US 2","West Europe","East US 2","North Europe","Australia East"],"apiVersions":["2018-05-01","2018-03-01","2017-09-01-preview"]},{"resourceType":"locations/operationstatuses","locations":["East
        US","West US 2","West Europe","East US 2","North Europe","Australia East"],"apiVersions":["2018-05-01","2018-03-01","2017-09-01-preview"]},{"resourceType":"locations/usages","locations":["East
        US","West US 2","West Europe","East US 2","North Europe","Australia East"],"apiVersions":["2018-05-01","2018-03-01"]}],"registrationState":"Registering"}'}
    headers:
      cache-control: [no-cache]
      content-length: ['2661']
      content-type: [application/json; charset=utf-8]
      date: ['Wed, 01 Aug 2018 20:16:44 GMT']
      expires: ['-1']
      pragma: [no-cache]
      strict-transport-security: [max-age=31536000; includeSubDomains]
      vary: [Accept-Encoding]
      x-content-type-options: [nosniff]
    status: {code: 200, message: OK}
- request:
    body: null
    headers:
      Accept: ['*/*']
      Accept-Encoding: ['gzip, deflate']
      Connection: [keep-alive]
      User-Agent: [python-requests/2.19.1]
    method: GET
    uri: https://management.azure.com/subscriptions/00000000-0000-0000-0000-000000000000/providers/Microsoft.BatchAI?api-version=2016-02-01
  response:
    body: {string: '{"id":"/subscriptions/00000000-0000-0000-0000-000000000000/providers/Microsoft.BatchAI","namespace":"Microsoft.BatchAI","authorization":{"applicationId":"9fcb3732-5f52-4135-8c08-9d4bbaf203ea","roleDefinitionId":"703B89C7-CE2C-431B-BDD8-FA34E39AF696","managedByRoleDefinitionId":"90B8E153-EBFF-4073-A95F-4DAD56B14C78"},"resourceTypes":[{"resourceType":"clusters","locations":["East
        US","West US 2","West Europe","East US 2","North Europe","Australia East"],"apiVersions":["2018-03-01","2017-09-01-preview"],"capabilities":"None"},{"resourceType":"jobs","locations":["East
        US","West US 2","West Europe","East US 2","North Europe","Australia East"],"apiVersions":["2018-03-01","2017-09-01-preview"],"capabilities":"None"},{"resourceType":"fileservers","locations":["East
        US","West US 2","West Europe","East US 2","North Europe","Australia East"],"apiVersions":["2018-03-01","2017-09-01-preview"],"capabilities":"None"},{"resourceType":"workspaces","locations":["East
        US","West US 2","West Europe","East US 2","North Europe","Australia East"],"apiVersions":["2018-05-01"],"capabilities":"None"},{"resourceType":"workspaces/clusters","locations":["East
        US","West US 2","West Europe","East US 2","North Europe","Australia East"],"apiVersions":["2018-05-01"]},{"resourceType":"workspaces/fileservers","locations":["East
        US","West US 2","West Europe","East US 2","North Europe","Australia East"],"apiVersions":["2018-05-01"]},{"resourceType":"workspaces/experiments","locations":["East
        US","West US 2","West Europe","East US 2","North Europe","Australia East"],"apiVersions":["2018-05-01"]},{"resourceType":"workspaces/experiments/jobs","locations":["East
        US","West US 2","West Europe","East US 2","North Europe","Australia East"],"apiVersions":["2018-05-01"]},{"resourceType":"operations","locations":["East
        US","West US 2","West Europe","East US 2","North Europe","Australia East"],"apiVersions":["2018-05-01","2018-03-01","2017-09-01-preview"]},{"resourceType":"locations","locations":[],"apiVersions":["2018-05-01","2018-03-01","2017-09-01-preview"]},{"resourceType":"locations/operationresults","locations":["East
        US","West US 2","West Europe","East US 2","North Europe","Australia East"],"apiVersions":["2018-05-01","2018-03-01","2017-09-01-preview"]},{"resourceType":"locations/operationstatuses","locations":["East
        US","West US 2","West Europe","East US 2","North Europe","Australia East"],"apiVersions":["2018-05-01","2018-03-01","2017-09-01-preview"]},{"resourceType":"locations/usages","locations":["East
        US","West US 2","West Europe","East US 2","North Europe","Australia East"],"apiVersions":["2018-05-01","2018-03-01"]}],"registrationState":"Registered"}'}
    headers:
      cache-control: [no-cache]
      content-length: ['2660']
      content-type: [application/json; charset=utf-8]
      date: ['Wed, 01 Aug 2018 20:16:54 GMT']
      expires: ['-1']
      pragma: [no-cache]
      strict-transport-security: [max-age=31536000; includeSubDomains]
      vary: [Accept-Encoding]
      x-content-type-options: [nosniff]
    status: {code: 200, message: OK}
- request:
    body: '{"location": "northeurope"}'
    headers:
      Accept: [application/json]
      Accept-Encoding: ['gzip, deflate']
      CommandName: [batchai workspace create]
      Connection: [keep-alive]
      Content-Length: ['27']
      Content-Type: [application/json; charset=utf-8]
      User-Agent: [python/3.7.0 (Windows-10-10.0.17134-SP0) requests/2.19.1 msrest/0.5.4
          msrest_azure/0.4.34 azure-mgmt-batchai/2.0.0 Azure-SDK-For-Python AZURECLI/2.0.43]
      accept-language: [en-US]
    method: PUT
    uri: https://management.azure.com/subscriptions/00000000-0000-0000-0000-000000000000/resourceGroups/clitest.rg000001/providers/Microsoft.BatchAI/workspaces/workspace?api-version=2018-05-01
  response:
    body: {string: '{"id":"/subscriptions/00000000-0000-0000-0000-000000000000/resourceGroups/clitest.rg000001/providers/Microsoft.BatchAI/workspaces/workspace","name":"workspace","type":"Microsoft.BatchAI/workspaces","location":"northeurope","properties":{"provisioningState":"succeeded","provisioningStateTransitionTime":"2018-08-01T20:16:58.438Z","creationTime":"2018-08-01T20:16:58.438Z"}}'}
    headers:
      cache-control: [no-cache]
      content-length: ['432']
      content-type: [application/json; charset=utf-8]
      date: ['Wed, 01 Aug 2018 20:16:59 GMT']
      etag: ['"0x8D5F7EBBBE2F184"']
      expires: ['-1']
      last-modified: ['Wed, 01 Aug 2018 20:16:58 GMT']
      pragma: [no-cache]
      request-id: [9acf6a6c-6507-4d69-a58d-d355bbca6447]
      server: [Microsoft-HTTPAPI/2.0]
      strict-transport-security: [max-age=31536000; includeSubDomains]
      transfer-encoding: [chunked]
      vary: [Accept-Encoding]
      x-content-type-options: [nosniff]
      x-ms-ratelimit-remaining-subscription-writes: ['1197']
    status: {code: 200, message: OK}
- request:
    body: null
    headers:
      Accept: [application/json]
      Accept-Encoding: ['gzip, deflate']
      CommandName: [batchai cluster create]
      Connection: [keep-alive]
      Content-Type: [application/json; charset=utf-8]
      User-Agent: [python/3.7.0 (Windows-10-10.0.17134-SP0) requests/2.19.1 msrest/0.5.4
          msrest_azure/0.4.34 azure-mgmt-batchai/2.0.0 Azure-SDK-For-Python AZURECLI/2.0.43]
      accept-language: [en-US]
    method: GET
    uri: https://management.azure.com/subscriptions/00000000-0000-0000-0000-000000000000/resourceGroups/clitest.rg000001/providers/Microsoft.BatchAI/workspaces/workspace/clusters/cluster?api-version=2018-05-01
  response:
    body: {string: '{"error":{"code":"ClusterNotFound","message":"The specified cluster
        cluster is not found"}}'}
    headers:
      cache-control: [no-cache]
      content-length: ['91']
      content-type: [application/json; charset=utf-8]
      date: ['Wed, 01 Aug 2018 20:16:59 GMT']
      expires: ['-1']
      pragma: [no-cache]
      request-id: [e68480b6-3bfa-4be1-96f2-5d6b95196857]
      server: [Microsoft-HTTPAPI/2.0]
      strict-transport-security: [max-age=31536000; includeSubDomains]
      x-content-type-options: [nosniff]
    status: {code: 404, message: The specified cluster cluster is not found}
- request:
    body: null
    headers:
      Accept: [application/json]
      Accept-Encoding: ['gzip, deflate']
      CommandName: [batchai cluster create]
      Connection: [keep-alive]
      Content-Type: [application/json; charset=utf-8]
      User-Agent: [python/3.7.0 (Windows-10-10.0.17134-SP0) requests/2.19.1 msrest/0.5.4
          msrest_azure/0.4.34 azure-mgmt-batchai/2.0.0 Azure-SDK-For-Python AZURECLI/2.0.43]
      accept-language: [en-US]
    method: GET
    uri: https://management.azure.com/subscriptions/00000000-0000-0000-0000-000000000000/resourceGroups/clitest.rg000001/providers/Microsoft.BatchAI/workspaces/workspace?api-version=2018-05-01
  response:
    body: {string: '{"id":"/subscriptions/00000000-0000-0000-0000-000000000000/resourceGroups/clitest.rg000001/providers/Microsoft.BatchAI/workspaces/workspace","name":"workspace","type":"Microsoft.BatchAI/workspaces","location":"northeurope","properties":{"provisioningState":"succeeded","provisioningStateTransitionTime":"2018-08-01T20:16:58.438Z","creationTime":"2018-08-01T20:16:58.438Z"}}'}
    headers:
      cache-control: [no-cache]
      content-length: ['432']
      content-type: [application/json; charset=utf-8]
      date: ['Wed, 01 Aug 2018 20:17:01 GMT']
      etag: ['"0x8D5F7EBBBE2F184"']
      expires: ['-1']
      last-modified: ['Wed, 01 Aug 2018 20:16:58 GMT']
      pragma: [no-cache]
      request-id: [e61730f6-1e8c-4267-9846-0ff0d3c03468]
      server: [Microsoft-HTTPAPI/2.0]
      strict-transport-security: [max-age=31536000; includeSubDomains]
      transfer-encoding: [chunked]
      vary: [Accept-Encoding]
      x-content-type-options: [nosniff]
    status: {code: 200, message: OK}
- request:
    body: null
    headers:
      Accept: [application/json]
      Accept-Encoding: ['gzip, deflate']
      CommandName: [batchai cluster create]
      Connection: [keep-alive]
      Content-Type: [application/json; charset=utf-8]
      User-Agent: [python/3.7.0 (Windows-10-10.0.17134-SP0) requests/2.19.1 msrest/0.5.4
          msrest_azure/0.4.34 resourcemanagementclient/2.0.0 Azure-SDK-For-Python
          AZURECLI/2.0.43]
      accept-language: [en-US]
    method: HEAD
    uri: https://management.azure.com/subscriptions/00000000-0000-0000-0000-000000000000/resourcegroups/clitest.rg000001?api-version=2018-05-01
  response:
    body: {string: ''}
    headers:
      cache-control: [no-cache]
      content-length: ['0']
      date: ['Wed, 01 Aug 2018 20:17:01 GMT']
      expires: ['-1']
      pragma: [no-cache]
      strict-transport-security: [max-age=31536000; includeSubDomains]
      x-content-type-options: [nosniff]
    status: {code: 204, message: No Content}
- request:
    body: null
    headers:
      Accept: [application/json]
      Accept-Encoding: ['gzip, deflate']
      CommandName: [batchai cluster create]
      Connection: [keep-alive]
      Content-Type: [application/json; charset=utf-8]
      User-Agent: [python/3.7.0 (Windows-10-10.0.17134-SP0) requests/2.19.1 msrest/0.5.4
          msrest_azure/0.4.34 azure-mgmt-storage/2.0.0rc4 Azure-SDK-For-Python AZURECLI/2.0.43]
      accept-language: [en-US]
    method: GET
    uri: https://management.azure.com/subscriptions/00000000-0000-0000-0000-000000000000/resourceGroups/clitest.rg000001/providers/Microsoft.Storage/storageAccounts?api-version=2018-02-01
  response:
    body: {string: '{"value":[{"sku":{"name":"Standard_LRS","tier":"Standard"},"kind":"Storage","id":"/subscriptions/00000000-0000-0000-0000-000000000000/resourceGroups/clitest.rg000001/providers/Microsoft.Storage/storageAccounts/bai000002","name":"bai000002","type":"Microsoft.Storage/storageAccounts","location":"northeurope","tags":{},"properties":{"isHnsEnabled":false,"networkAcls":{"bypass":"AzureServices","virtualNetworkRules":[],"ipRules":[],"defaultAction":"Allow"},"trustedDirectories":["72f988bf-86f1-41af-91ab-2d7cd011db47"],"supportsHttpsTrafficOnly":false,"encryption":{"services":{"file":{"enabled":true,"lastEnabledTime":"2018-08-01T20:15:22.2892132Z"},"blob":{"enabled":true,"lastEnabledTime":"2018-08-01T20:15:22.2892132Z"}},"keySource":"Microsoft.Storage"},"provisioningState":"Succeeded","creationTime":"2018-08-01T20:15:22.1485901Z","primaryEndpoints":{"blob":"https://bai000002.blob.core.windows.net/","queue":"https://bai000002.queue.core.windows.net/","table":"https://bai000002.table.core.windows.net/","file":"https://bai000002.file.core.windows.net/"},"primaryLocation":"northeurope","statusOfPrimary":"available"}}]}'}
    headers:
      cache-control: [no-cache]
      content-length: ['1274']
      content-type: [application/json]
      date: ['Wed, 01 Aug 2018 20:17:01 GMT']
      expires: ['-1']
      pragma: [no-cache]
      server: ['Microsoft-Azure-Storage-Resource-Provider/1.0,Microsoft-HTTPAPI/2.0
          Microsoft-HTTPAPI/2.0']
      strict-transport-security: [max-age=31536000; includeSubDomains]
      transfer-encoding: [chunked]
      vary: [Accept-Encoding]
      x-content-type-options: [nosniff]
    status: {code: 200, message: OK}
- request:
    body: null
    headers:
      Accept: [application/json]
      Accept-Encoding: ['gzip, deflate']
      CommandName: [batchai cluster create]
      Connection: [keep-alive]
      Content-Type: [application/json; charset=utf-8]
      User-Agent: [python/3.7.0 (Windows-10-10.0.17134-SP0) requests/2.19.1 msrest/0.5.4
          msrest_azure/0.4.34 azure-mgmt-storage/2.0.0rc4 Azure-SDK-For-Python AZURECLI/2.0.43]
      accept-language: [en-US]
    method: GET
    uri: https://management.azure.com/subscriptions/00000000-0000-0000-0000-000000000000/providers/Microsoft.Storage/storageAccounts?api-version=2018-02-01
  response:
    body: {string: '{"value":[{"sku":{"name":"Standard_LRS","tier":"Standard"},"kind":"Storage","id":"/subscriptions/00000000-0000-0000-0000-000000000000/resourceGroups/amar/providers/Microsoft.Storage/storageAccounts/amardiag405","name":"amardiag405","type":"Microsoft.Storage/storageAccounts","location":"eastus","tags":{},"properties":{"networkAcls":{"bypass":"AzureServices","virtualNetworkRules":[],"ipRules":[],"defaultAction":"Allow"},"trustedDirectories":["72f988bf-86f1-41af-91ab-2d7cd011db47"],"supportsHttpsTrafficOnly":false,"encryption":{"services":{"file":{"enabled":true,"lastEnabledTime":"2018-07-09T23:17:52.8405689Z"},"blob":{"enabled":true,"lastEnabledTime":"2018-07-09T23:17:52.8405689Z"}},"keySource":"Microsoft.Storage"},"provisioningState":"Succeeded","creationTime":"2018-07-09T23:17:52.6686838Z","primaryEndpoints":{"blob":"https://amardiag405.blob.core.windows.net/","queue":"https://amardiag405.queue.core.windows.net/","table":"https://amardiag405.table.core.windows.net/","file":"https://amardiag405.file.core.windows.net/"},"primaryLocation":"eastus","statusOfPrimary":"available"}},{"sku":{"name":"Standard_GRS","tier":"Standard"},"kind":"StorageV2","id":"/subscriptions/00000000-0000-0000-0000-000000000000/resourceGroups/amar/providers/Microsoft.Storage/storageAccounts/nodetest12","name":"nodetest12","type":"Microsoft.Storage/storageAccounts","location":"eastus","tags":{},"properties":{"networkAcls":{"bypass":"AzureServices","virtualNetworkRules":[],"ipRules":[],"defaultAction":"Allow"},"trustedDirectories":["72f988bf-86f1-41af-91ab-2d7cd011db47"],"supportsHttpsTrafficOnly":false,"encryption":{"services":{"file":{"enabled":true,"lastEnabledTime":"2018-06-11T22:34:54.8545695Z"},"blob":{"enabled":true,"lastEnabledTime":"2018-06-11T22:34:54.8545695Z"}},"keySource":"Microsoft.Storage"},"accessTier":"Hot","provisioningState":"Succeeded","creationTime":"2018-06-11T22:34:54.6358258Z","primaryEndpoints":{"web":"https://nodetest12.z13.web.core.windows.net/","blob":"https://nodetest12.blob.core.windows.net/","queue":"https://nodetest12.queue.core.windows.net/","table":"https://nodetest12.table.core.windows.net/","file":"https://nodetest12.file.core.windows.net/"},"primaryLocation":"eastus","statusOfPrimary":"available","secondaryLocation":"westus","statusOfSecondary":"available"}},{"sku":{"name":"Standard_RAGRS","tier":"Standard"},"kind":"Storage","id":"/subscriptions/00000000-0000-0000-0000-000000000000/resourceGroups/wilxgroup1/providers/Microsoft.Storage/storageAccounts/wilxstorage","name":"wilxstorage","type":"Microsoft.Storage/storageAccounts","location":"westus","tags":{},"properties":{"networkAcls":{"bypass":"AzureServices","virtualNetworkRules":[],"ipRules":[],"defaultAction":"Allow"},"trustedDirectories":["72f988bf-86f1-41af-91ab-2d7cd011db47"],"supportsHttpsTrafficOnly":false,"encryption":{"services":{"file":{"enabled":true,"lastEnabledTime":"2018-06-14T19:36:28.8945460Z"},"blob":{"enabled":true,"lastEnabledTime":"2018-06-14T19:36:28.8945460Z"}},"keySource":"Microsoft.Storage"},"provisioningState":"Succeeded","creationTime":"2018-06-14T19:36:28.7383212Z","primaryEndpoints":{"blob":"https://wilxstorage.blob.core.windows.net/","queue":"https://wilxstorage.queue.core.windows.net/","table":"https://wilxstorage.table.core.windows.net/","file":"https://wilxstorage.file.core.windows.net/"},"primaryLocation":"westus","statusOfPrimary":"available","secondaryLocation":"eastus","statusOfSecondary":"available","secondaryEndpoints":{"blob":"https://wilxstorage-secondary.blob.core.windows.net/","queue":"https://wilxstorage-secondary.queue.core.windows.net/","table":"https://wilxstorage-secondary.table.core.windows.net/"}}},{"sku":{"name":"Standard_RAGRS","tier":"Standard"},"kind":"Storage","id":"/subscriptions/00000000-0000-0000-0000-000000000000/resourceGroups/wilxgroup1/providers/Microsoft.Storage/storageAccounts/wilxstorage22","name":"wilxstorage22","type":"Microsoft.Storage/storageAccounts","location":"westus","tags":{},"properties":{"networkAcls":{"bypass":"AzureServices","virtualNetworkRules":[],"ipRules":[],"defaultAction":"Allow"},"trustedDirectories":["72f988bf-86f1-41af-91ab-2d7cd011db47"],"supportsHttpsTrafficOnly":false,"encryption":{"services":{"file":{"enabled":true,"lastEnabledTime":"2018-06-14T20:13:40.8405286Z"},"blob":{"enabled":true,"lastEnabledTime":"2018-06-14T20:13:40.8405286Z"}},"keySource":"Microsoft.Storage"},"provisioningState":"Succeeded","creationTime":"2018-06-14T20:13:40.6373918Z","primaryEndpoints":{"blob":"https://wilxstorage22.blob.core.windows.net/","queue":"https://wilxstorage22.queue.core.windows.net/","table":"https://wilxstorage22.table.core.windows.net/","file":"https://wilxstorage22.file.core.windows.net/"},"primaryLocation":"westus","statusOfPrimary":"available","secondaryLocation":"eastus","statusOfSecondary":"available","secondaryEndpoints":{"blob":"https://wilxstorage22-secondary.blob.core.windows.net/","queue":"https://wilxstorage22-secondary.queue.core.windows.net/","table":"https://wilxstorage22-secondary.table.core.windows.net/"}}},{"sku":{"name":"Standard_RAGRS","tier":"Standard"},"kind":"Storage","id":"/subscriptions/00000000-0000-0000-0000-000000000000/resourceGroups/wilxgroup1/providers/Microsoft.Storage/storageAccounts/wilxstorage23","name":"wilxstorage23","type":"Microsoft.Storage/storageAccounts","location":"westus","tags":{},"properties":{"networkAcls":{"bypass":"AzureServices","virtualNetworkRules":[],"ipRules":[],"defaultAction":"Allow"},"trustedDirectories":["72f988bf-86f1-41af-91ab-2d7cd011db47"],"supportsHttpsTrafficOnly":false,"encryption":{"services":{"file":{"enabled":true,"lastEnabledTime":"2018-06-14T20:14:06.2300026Z"},"blob":{"enabled":true,"lastEnabledTime":"2018-06-14T20:14:06.2300026Z"}},"keySource":"Microsoft.Storage"},"provisioningState":"Succeeded","creationTime":"2018-06-14T20:14:06.0893541Z","primaryEndpoints":{"blob":"https://wilxstorage23.blob.core.windows.net/","queue":"https://wilxstorage23.queue.core.windows.net/","table":"https://wilxstorage23.table.core.windows.net/","file":"https://wilxstorage23.file.core.windows.net/"},"primaryLocation":"westus","statusOfPrimary":"available","secondaryLocation":"eastus","statusOfSecondary":"available","secondaryEndpoints":{"blob":"https://wilxstorage23-secondary.blob.core.windows.net/","queue":"https://wilxstorage23-secondary.queue.core.windows.net/","table":"https://wilxstorage23-secondary.table.core.windows.net/"}}},{"sku":{"name":"Standard_LRS","tier":"Standard"},"kind":"Storage","id":"/subscriptions/00000000-0000-0000-0000-000000000000/resourceGroups/wilxgroup1/providers/Microsoft.Storage/storageAccounts/wilxgroup1diag230","name":"wilxgroup1diag230","type":"Microsoft.Storage/storageAccounts","location":"westus","tags":{},"properties":{"networkAcls":{"bypass":"AzureServices","virtualNetworkRules":[],"ipRules":[],"defaultAction":"Allow"},"trustedDirectories":["72f988bf-86f1-41af-91ab-2d7cd011db47"],"supportsHttpsTrafficOnly":false,"encryption":{"services":{"file":{"enabled":true,"lastEnabledTime":"2018-06-13T21:55:06.8353870Z"},"blob":{"enabled":true,"lastEnabledTime":"2018-06-13T21:55:06.8353870Z"}},"keySource":"Microsoft.Storage"},"provisioningState":"Succeeded","creationTime":"2018-06-13T21:55:06.6635043Z","primaryEndpoints":{"blob":"https://wilxgroup1diag230.blob.core.windows.net/","queue":"https://wilxgroup1diag230.queue.core.windows.net/","table":"https://wilxgroup1diag230.table.core.windows.net/","file":"https://wilxgroup1diag230.file.core.windows.net/"},"primaryLocation":"westus","statusOfPrimary":"available"}},{"sku":{"name":"Standard_RAGRS","tier":"Standard"},"kind":"StorageV2","id":"/subscriptions/00000000-0000-0000-0000-000000000000/resourceGroups/clitest.rgwrwfwfeym72qee3nah2tasiw4z3ccr3lo6xnpbdlmiuzm4hs574o7lgzayesgwffv/providers/Microsoft.Storage/storageAccounts/clistoragehhbuuxg3tu","name":"clistoragehhbuuxg3tu","type":"Microsoft.Storage/storageAccounts","location":"westus","tags":{},"properties":{"isHnsEnabled":false,"networkAcls":{"bypass":"AzureServices","virtualNetworkRules":[],"ipRules":[],"defaultAction":"Allow"},"trustedDirectories":["72f988bf-86f1-41af-91ab-2d7cd011db47"],"supportsHttpsTrafficOnly":false,"encryption":{"services":{"file":{"enabled":true,"lastEnabledTime":"2018-06-27T00:17:56.8422453Z"},"blob":{"enabled":true,"lastEnabledTime":"2018-06-27T00:17:56.8422453Z"}},"keySource":"Microsoft.Storage"},"accessTier":"Hot","provisioningState":"Succeeded","creationTime":"2018-06-27T00:17:56.7015542Z","primaryEndpoints":{"web":"https://clistoragehhbuuxg3tu.z22.web.core.windows.net/","blob":"https://clistoragehhbuuxg3tu.blob.core.windows.net/","queue":"https://clistoragehhbuuxg3tu.queue.core.windows.net/","table":"https://clistoragehhbuuxg3tu.table.core.windows.net/","file":"https://clistoragehhbuuxg3tu.file.core.windows.net/"},"primaryLocation":"westus","statusOfPrimary":"available","secondaryLocation":"eastus","statusOfSecondary":"available","secondaryEndpoints":{"web":"https://clistoragehhbuuxg3tu-secondary.z22.web.core.windows.net/","blob":"https://clistoragehhbuuxg3tu-secondary.blob.core.windows.net/","queue":"https://clistoragehhbuuxg3tu-secondary.queue.core.windows.net/","table":"https://clistoragehhbuuxg3tu-secondary.table.core.windows.net/"}}},{"sku":{"name":"Standard_LRS","tier":"Standard"},"kind":"Storage","id":"/subscriptions/00000000-0000-0000-0000-000000000000/resourceGroups/clitestlab1/providers/Microsoft.Storage/storageAccounts/acliautomationlab8902","name":"acliautomationlab8902","type":"Microsoft.Storage/storageAccounts","location":"southcentralus","tags":{"hidden-DevTestLabs-LabUId":"ca9ec547-32c5-422d-b3d2-25906ed71959"},"properties":{"networkAcls":{"bypass":"AzureServices","virtualNetworkRules":[],"ipRules":[],"defaultAction":"Allow"},"trustedDirectories":["72f988bf-86f1-41af-91ab-2d7cd011db47"],"supportsHttpsTrafficOnly":false,"encryption":{"services":{"file":{"enabled":true,"lastEnabledTime":"2018-04-19T16:51:47.2662871Z"},"blob":{"enabled":true,"lastEnabledTime":"2018-04-19T16:51:47.2662871Z"}},"keySource":"Microsoft.Storage"},"provisioningState":"Succeeded","creationTime":"2018-04-19T16:51:47.2194106Z","primaryEndpoints":{"blob":"https://acliautomationlab8902.blob.core.windows.net/","queue":"https://acliautomationlab8902.queue.core.windows.net/","table":"https://acliautomationlab8902.table.core.windows.net/","file":"https://acliautomationlab8902.file.core.windows.net/"},"primaryLocation":"southcentralus","statusOfPrimary":"available"}},{"sku":{"name":"Standard_LRS","tier":"Standard"},"kind":"Storage","id":"/subscriptions/00000000-0000-0000-0000-000000000000/resourceGroups/lmazuel-eventgridtesting/providers/Microsoft.Storage/storageAccounts/eventgridtestin9c1e","name":"eventgridtestin9c1e","type":"Microsoft.Storage/storageAccounts","location":"centralus","tags":{},"properties":{"networkAcls":{"bypass":"AzureServices","virtualNetworkRules":[],"ipRules":[],"defaultAction":"Allow"},"trustedDirectories":["72f988bf-86f1-41af-91ab-2d7cd011db47"],"supportsHttpsTrafficOnly":false,"encryption":{"services":{"file":{"enabled":true,"lastEnabledTime":"2018-05-30T22:57:11.1008680Z"},"blob":{"enabled":true,"lastEnabledTime":"2018-05-30T22:57:11.1008680Z"}},"keySource":"Microsoft.Storage"},"provisioningState":"Succeeded","creationTime":"2018-05-30T22:57:10.9915110Z","primaryEndpoints":{"blob":"https://eventgridtestin9c1e.blob.core.windows.net/","queue":"https://eventgridtestin9c1e.queue.core.windows.net/","table":"https://eventgridtestin9c1e.table.core.windows.net/","file":"https://eventgridtestin9c1e.file.core.windows.net/"},"primaryLocation":"centralus","statusOfPrimary":"available"}},{"sku":{"name":"Standard_LRS","tier":"Standard"},"kind":"Storage","id":"/subscriptions/00000000-0000-0000-0000-000000000000/resourceGroups/clitest.rgsp2qauhei7tahn3t5ejx7lre5ff5oky7ff7so5y3e6flmtcf7gy2m2lufbde5sb5a/providers/Microsoft.Storage/storageAccounts/baim3vn5pm2fsaxhn6zedruk","name":"baim3vn5pm2fsaxhn6zedruk","type":"Microsoft.Storage/storageAccounts","location":"northeurope","tags":{},"properties":{"isHnsEnabled":false,"networkAcls":{"bypass":"AzureServices","virtualNetworkRules":[],"ipRules":[],"defaultAction":"Allow"},"trustedDirectories":["72f988bf-86f1-41af-91ab-2d7cd011db47"],"supportsHttpsTrafficOnly":false,"encryption":{"services":{"file":{"enabled":true,"lastEnabledTime":"2018-08-01T20:15:34.6018509Z"},"blob":{"enabled":true,"lastEnabledTime":"2018-08-01T20:15:34.6018509Z"}},"keySource":"Microsoft.Storage"},"provisioningState":"Succeeded","creationTime":"2018-08-01T20:15:34.4924781Z","primaryEndpoints":{"blob":"https://baim3vn5pm2fsaxhn6zedruk.blob.core.windows.net/","queue":"https://baim3vn5pm2fsaxhn6zedruk.queue.core.windows.net/","table":"https://baim3vn5pm2fsaxhn6zedruk.table.core.windows.net/","file":"https://baim3vn5pm2fsaxhn6zedruk.file.core.windows.net/"},"primaryLocation":"northeurope","statusOfPrimary":"available"}},{"sku":{"name":"Standard_LRS","tier":"Standard"},"kind":"Storage","id":"/subscriptions/00000000-0000-0000-0000-000000000000/resourceGroups/clitest.rg000001/providers/Microsoft.Storage/storageAccounts/bai000002","name":"bai000002","type":"Microsoft.Storage/storageAccounts","location":"northeurope","tags":{},"properties":{"isHnsEnabled":false,"networkAcls":{"bypass":"AzureServices","virtualNetworkRules":[],"ipRules":[],"defaultAction":"Allow"},"trustedDirectories":["72f988bf-86f1-41af-91ab-2d7cd011db47"],"supportsHttpsTrafficOnly":false,"encryption":{"services":{"file":{"enabled":true,"lastEnabledTime":"2018-08-01T20:15:22.2892132Z"},"blob":{"enabled":true,"lastEnabledTime":"2018-08-01T20:15:22.2892132Z"}},"keySource":"Microsoft.Storage"},"provisioningState":"Succeeded","creationTime":"2018-08-01T20:15:22.1485901Z","primaryEndpoints":{"blob":"https://bai000002.blob.core.windows.net/","queue":"https://bai000002.queue.core.windows.net/","table":"https://bai000002.table.core.windows.net/","file":"https://bai000002.file.core.windows.net/"},"primaryLocation":"northeurope","statusOfPrimary":"available"}},{"sku":{"name":"Premium_LRS","tier":"Premium"},"kind":"Storage","id":"/subscriptions/00000000-0000-0000-0000-000000000000/resourceGroups/lmazuel-testcapture/providers/Microsoft.Storage/storageAccounts/lmazueltestcapture451","name":"lmazueltestcapture451","type":"Microsoft.Storage/storageAccounts","location":"westus2","tags":{},"properties":{"networkAcls":{"bypass":"AzureServices","virtualNetworkRules":[],"ipRules":[],"defaultAction":"Allow"},"trustedDirectories":["72f988bf-86f1-41af-91ab-2d7cd011db47"],"supportsHttpsTrafficOnly":false,"encryption":{"services":{"file":{"enabled":true,"lastEnabledTime":"2018-06-06T16:46:02.5308824Z"},"blob":{"enabled":true,"lastEnabledTime":"2018-06-06T16:46:02.5308824Z"}},"keySource":"Microsoft.Storage"},"provisioningState":"Succeeded","creationTime":"2018-06-06T16:46:02.4527298Z","primaryEndpoints":{"blob":"https://lmazueltestcapture451.blob.core.windows.net/"},"primaryLocation":"westus2","statusOfPrimary":"available"}},{"sku":{"name":"Standard_LRS","tier":"Standard"},"kind":"StorageV2","id":"/subscriptions/00000000-0000-0000-0000-000000000000/resourceGroups/wilxgroup2/providers/Microsoft.Storage/storageAccounts/wilxstorage0","name":"wilxstorage0","type":"Microsoft.Storage/storageAccounts","location":"westus2","tags":{},"properties":{"networkAcls":{"bypass":"AzureServices","virtualNetworkRules":[],"ipRules":[],"defaultAction":"Allow"},"trustedDirectories":["72f988bf-86f1-41af-91ab-2d7cd011db47"],"supportsHttpsTrafficOnly":false,"encryption":{"services":{"file":{"enabled":true,"lastEnabledTime":"2018-04-13T01:05:28.4648959Z"},"blob":{"enabled":true,"lastEnabledTime":"2018-04-13T01:05:28.4648959Z"}},"keySource":"Microsoft.Storage"},"accessTier":"Hot","provisioningState":"Succeeded","creationTime":"2018-04-13T01:05:28.4023820Z","primaryEndpoints":{"dfs":"https://wilxstorage0.dfs.core.windows.net/","web":"https://wilxstorage0.z5.web.core.windows.net/","blob":"https://wilxstorage0.blob.core.windows.net/","queue":"https://wilxstorage0.queue.core.windows.net/","table":"https://wilxstorage0.table.core.windows.net/","file":"https://wilxstorage0.file.core.windows.net/"},"primaryLocation":"westus2","statusOfPrimary":"available"}},{"sku":{"name":"Standard_LRS","tier":"Standard"},"kind":"Storage","id":"/subscriptions/00000000-0000-0000-0000-000000000000/resourceGroups/clitest.rgmr6jo34yofyafj3n6gjbhrgmrd6pwgguthc2u235qfle6y6ztyzrlkuqn544s7cop/providers/Microsoft.Storage/storageAccounts/clitestnlmd52jlcmr4ce7b4","name":"clitestnlmd52jlcmr4ce7b4","type":"Microsoft.Storage/storageAccounts","location":"eastus2euap","tags":{},"properties":{"networkAcls":{"bypass":"AzureServices","virtualNetworkRules":[],"ipRules":[],"defaultAction":"Allow"},"trustedDirectories":["72f988bf-86f1-41af-91ab-2d7cd011db47"],"supportsHttpsTrafficOnly":false,"encryption":{"services":{"file":{"enabled":true,"lastEnabledTime":"2018-04-19T20:14:07.3500611Z"},"blob":{"enabled":true,"lastEnabledTime":"2018-04-19T20:14:07.3500611Z"}},"keySource":"Microsoft.Storage"},"provisioningState":"Succeeded","creationTime":"2018-04-19T20:14:07.3188286Z","primaryEndpoints":{"blob":"https://clitestnlmd52jlcmr4ce7b4.blob.core.windows.net/","queue":"https://clitestnlmd52jlcmr4ce7b4.queue.core.windows.net/","table":"https://clitestnlmd52jlcmr4ce7b4.table.core.windows.net/","file":"https://clitestnlmd52jlcmr4ce7b4.file.core.windows.net/"},"primaryLocation":"eastus2euap","statusOfPrimary":"available"}},{"sku":{"name":"Standard_LRS","tier":"Standard"},"kind":"Storage","id":"/subscriptions/00000000-0000-0000-0000-000000000000/resourceGroups/clitest.rgpfhep77mmcmcn3afvnvskjk3g27ybc7gq6kh5c6vu7ugy7e3ykawkib6u7st25kbi/providers/Microsoft.Storage/storageAccounts/clitest5o5upfigqe5aenkc3","name":"clitest5o5upfigqe5aenkc3","type":"Microsoft.Storage/storageAccounts","location":"eastus2euap","tags":{},"properties":{"networkAcls":{"bypass":"AzureServices","virtualNetworkRules":[],"ipRules":[],"defaultAction":"Allow"},"trustedDirectories":["72f988bf-86f1-41af-91ab-2d7cd011db47"],"supportsHttpsTrafficOnly":false,"encryption":{"services":{"file":{"enabled":true,"lastEnabledTime":"2018-05-25T01:22:12.5013507Z"},"blob":{"enabled":true,"lastEnabledTime":"2018-05-25T01:22:12.5013507Z"}},"keySource":"Microsoft.Storage"},"provisioningState":"Succeeded","creationTime":"2018-05-25T01:22:12.4388487Z","primaryEndpoints":{"blob":"https://clitest5o5upfigqe5aenkc3.blob.core.windows.net/","queue":"https://clitest5o5upfigqe5aenkc3.queue.core.windows.net/","table":"https://clitest5o5upfigqe5aenkc3.table.core.windows.net/","file":"https://clitest5o5upfigqe5aenkc3.file.core.windows.net/"},"primaryLocation":"eastus2euap","statusOfPrimary":"available"}},{"sku":{"name":"Standard_RAGRS","tier":"Standard"},"kind":"Storage","id":"/subscriptions/00000000-0000-0000-0000-000000000000/resourceGroups/wilxgroup3/providers/Microsoft.Storage/storageAccounts/wilxstorageworm","name":"wilxstorageworm","type":"Microsoft.Storage/storageAccounts","location":"eastus2euap","tags":{},"properties":{"networkAcls":{"bypass":"AzureServices","virtualNetworkRules":[],"ipRules":[],"defaultAction":"Allow"},"trustedDirectories":["72f988bf-86f1-41af-91ab-2d7cd011db47"],"supportsHttpsTrafficOnly":false,"encryption":{"services":{"file":{"enabled":true,"lastEnabledTime":"2018-04-13T22:36:53.1534839Z"},"blob":{"enabled":true,"lastEnabledTime":"2018-04-13T22:36:53.1534839Z"}},"keySource":"Microsoft.Storage"},"provisioningState":"Succeeded","creationTime":"2018-04-13T22:36:53.0909769Z","primaryEndpoints":{"blob":"https://wilxstorageworm.blob.core.windows.net/","queue":"https://wilxstorageworm.queue.core.windows.net/","table":"https://wilxstorageworm.table.core.windows.net/","file":"https://wilxstorageworm.file.core.windows.net/"},"primaryLocation":"eastus2euap","statusOfPrimary":"available","secondaryLocation":"centraluseuap","statusOfSecondary":"available","secondaryEndpoints":{"blob":"https://wilxstorageworm-secondary.blob.core.windows.net/","queue":"https://wilxstorageworm-secondary.queue.core.windows.net/","table":"https://wilxstorageworm-secondary.table.core.windows.net/"}}},{"sku":{"name":"Standard_LRS","tier":"Standard"},"kind":"Storage","id":"/subscriptions/00000000-0000-0000-0000-000000000000/resourceGroups/clitest.rgnipcxreywyorqhptpg4lmvsb6sqsef3mezozbrenqq6ufmd3hrh7plmdnorjt5y5x/providers/Microsoft.Storage/storageAccounts/clitestshv4qcdkeictveped","name":"clitestshv4qcdkeictveped","type":"Microsoft.Storage/storageAccounts","location":"eastus2euap","tags":{},"properties":{"networkAcls":{"bypass":"AzureServices","virtualNetworkRules":[],"ipRules":[],"defaultAction":"Allow"},"trustedDirectories":["72f988bf-86f1-41af-91ab-2d7cd011db47"],"supportsHttpsTrafficOnly":false,"encryption":{"services":{"file":{"enabled":true,"lastEnabledTime":"2018-05-14T19:04:11.4311113Z"},"blob":{"enabled":true,"lastEnabledTime":"2018-05-14T19:04:11.4311113Z"}},"keySource":"Microsoft.Storage"},"provisioningState":"Succeeded","creationTime":"2018-05-14T19:04:11.3686065Z","primaryEndpoints":{"blob":"https://clitestshv4qcdkeictveped.blob.core.windows.net/","queue":"https://clitestshv4qcdkeictveped.queue.core.windows.net/","table":"https://clitestshv4qcdkeictveped.table.core.windows.net/","file":"https://clitestshv4qcdkeictveped.file.core.windows.net/"},"primaryLocation":"eastus2euap","statusOfPrimary":"available"}},{"sku":{"name":"Standard_LRS","tier":"Standard"},"kind":"Storage","id":"/subscriptions/00000000-0000-0000-0000-000000000000/resourceGroups/clitest.rgv6extdlzddtno2qf5o37e5g2n2d2x5ah4gq2olmpqezmxibj4h36focak4y6dose7/providers/Microsoft.Storage/storageAccounts/clitestcushmpfbtkste2a2a","name":"clitestcushmpfbtkste2a2a","type":"Microsoft.Storage/storageAccounts","location":"eastus2euap","tags":{},"properties":{"networkAcls":{"bypass":"AzureServices","virtualNetworkRules":[],"ipRules":[],"defaultAction":"Allow"},"trustedDirectories":["72f988bf-86f1-41af-91ab-2d7cd011db47"],"supportsHttpsTrafficOnly":false,"encryption":{"services":{"file":{"enabled":true,"lastEnabledTime":"2018-05-25T01:20:25.1414518Z"},"blob":{"enabled":true,"lastEnabledTime":"2018-05-25T01:20:25.1414518Z"}},"keySource":"Microsoft.Storage"},"provisioningState":"Succeeded","creationTime":"2018-05-25T01:20:25.0780033Z","primaryEndpoints":{"blob":"https://clitestcushmpfbtkste2a2a.blob.core.windows.net/","queue":"https://clitestcushmpfbtkste2a2a.queue.core.windows.net/","table":"https://clitestcushmpfbtkste2a2a.table.core.windows.net/","file":"https://clitestcushmpfbtkste2a2a.file.core.windows.net/"},"primaryLocation":"eastus2euap","statusOfPrimary":"available"}},{"sku":{"name":"Standard_LRS","tier":"Standard"},"kind":"Storage","id":"/subscriptions/00000000-0000-0000-0000-000000000000/resourceGroups/clitest.rg326oxnqqn33y3n42vz6x5xol5rvvw3z4o6tladwwtkmcntnsxhhxxtddtrxwm2edj/providers/Microsoft.Storage/storageAccounts/clitestjwzkdsfuou3niutbd","name":"clitestjwzkdsfuou3niutbd","type":"Microsoft.Storage/storageAccounts","location":"eastus2euap","tags":{},"properties":{"networkAcls":{"bypass":"AzureServices","virtualNetworkRules":[],"ipRules":[],"defaultAction":"Allow"},"trustedDirectories":["72f988bf-86f1-41af-91ab-2d7cd011db47"],"supportsHttpsTrafficOnly":false,"encryption":{"services":{"file":{"enabled":true,"lastEnabledTime":"2018-04-19T20:07:33.1021018Z"},"blob":{"enabled":true,"lastEnabledTime":"2018-04-19T20:07:33.1021018Z"}},"keySource":"Microsoft.Storage"},"provisioningState":"Succeeded","creationTime":"2018-04-19T20:07:33.0552270Z","primaryEndpoints":{"blob":"https://clitestjwzkdsfuou3niutbd.blob.core.windows.net/","queue":"https://clitestjwzkdsfuou3niutbd.queue.core.windows.net/","table":"https://clitestjwzkdsfuou3niutbd.table.core.windows.net/","file":"https://clitestjwzkdsfuou3niutbd.file.core.windows.net/"},"primaryLocation":"eastus2euap","statusOfPrimary":"available"}},{"sku":{"name":"Standard_RAGRS","tier":"Standard"},"kind":"Storage","id":"/subscriptions/00000000-0000-0000-0000-000000000000/resourceGroups/wilxgroup3/providers/Microsoft.Storage/storageAccounts/wilxstorageremove1","name":"wilxstorageremove1","type":"Microsoft.Storage/storageAccounts","location":"eastus2euap","tags":{},"properties":{"isHnsEnabled":false,"networkAcls":{"bypass":"AzureServices","virtualNetworkRules":[],"ipRules":[],"defaultAction":"Allow"},"trustedDirectories":["72f988bf-86f1-41af-91ab-2d7cd011db47"],"supportsHttpsTrafficOnly":false,"encryption":{"services":{"file":{"enabled":true,"lastEnabledTime":"2018-08-01T17:05:20.0696218Z"},"blob":{"enabled":true,"lastEnabledTime":"2018-08-01T17:05:20.0696218Z"}},"keySource":"Microsoft.Storage"},"provisioningState":"Succeeded","creationTime":"2018-08-01T17:05:19.9446224Z","primaryEndpoints":{"blob":"https://wilxstorageremove1.blob.core.windows.net/","queue":"https://wilxstorageremove1.queue.core.windows.net/","table":"https://wilxstorageremove1.table.core.windows.net/","file":"https://wilxstorageremove1.file.core.windows.net/"},"primaryLocation":"eastus2euap","statusOfPrimary":"available","secondaryLocation":"centraluseuap","statusOfSecondary":"available","secondaryEndpoints":{"blob":"https://wilxstorageremove1-secondary.blob.core.windows.net/","queue":"https://wilxstorageremove1-secondary.queue.core.windows.net/","table":"https://wilxstorageremove1-secondary.table.core.windows.net/"}}},{"sku":{"name":"Standard_LRS","tier":"Standard"},"kind":"Storage","id":"/subscriptions/00000000-0000-0000-0000-000000000000/resourceGroups/clitest.rgldagdmcl4pklmwzmr3wftx2kidhw7johz6d7tl6m7raetzzfhpqhrfffu5vwqtfxo/providers/Microsoft.Storage/storageAccounts/clitestt6pqb7xneswrh2sp6","name":"clitestt6pqb7xneswrh2sp6","type":"Microsoft.Storage/storageAccounts","location":"eastus2euap","tags":{},"properties":{"networkAcls":{"bypass":"AzureServices","virtualNetworkRules":[],"ipRules":[],"defaultAction":"Allow"},"trustedDirectories":["72f988bf-86f1-41af-91ab-2d7cd011db47"],"supportsHttpsTrafficOnly":false,"encryption":{"services":{"file":{"enabled":true,"lastEnabledTime":"2018-04-19T17:51:14.8730435Z"},"blob":{"enabled":true,"lastEnabledTime":"2018-04-19T17:51:14.8730435Z"}},"keySource":"Microsoft.Storage"},"provisioningState":"Succeeded","creationTime":"2018-04-19T17:51:14.8105336Z","primaryEndpoints":{"blob":"https://clitestt6pqb7xneswrh2sp6.blob.core.windows.net/","queue":"https://clitestt6pqb7xneswrh2sp6.queue.core.windows.net/","table":"https://clitestt6pqb7xneswrh2sp6.table.core.windows.net/","file":"https://clitestt6pqb7xneswrh2sp6.file.core.windows.net/"},"primaryLocation":"eastus2euap","statusOfPrimary":"available"}},{"sku":{"name":"Standard_LRS","tier":"Standard"},"kind":"Storage","id":"/subscriptions/00000000-0000-0000-0000-000000000000/resourceGroups/clitest.rgf3er5m4irbxsxhyil42jxq3t5ehzphmdzn2gortdlrzyw4i6tlgswx2xrcgldp6oh/providers/Microsoft.Storage/storageAccounts/clitestpabilv4yd6qxvguml","name":"clitestpabilv4yd6qxvguml","type":"Microsoft.Storage/storageAccounts","location":"eastus2euap","tags":{},"properties":{"networkAcls":{"bypass":"AzureServices","virtualNetworkRules":[],"ipRules":[],"defaultAction":"Allow"},"trustedDirectories":["72f988bf-86f1-41af-91ab-2d7cd011db47"],"supportsHttpsTrafficOnly":false,"encryption":{"services":{"file":{"enabled":true,"lastEnabledTime":"2018-04-19T19:20:22.2758006Z"},"blob":{"enabled":true,"lastEnabledTime":"2018-04-19T19:20:22.2758006Z"}},"keySource":"Microsoft.Storage"},"provisioningState":"Succeeded","creationTime":"2018-04-19T19:20:22.2445526Z","primaryEndpoints":{"blob":"https://clitestpabilv4yd6qxvguml.blob.core.windows.net/","queue":"https://clitestpabilv4yd6qxvguml.queue.core.windows.net/","table":"https://clitestpabilv4yd6qxvguml.table.core.windows.net/","file":"https://clitestpabilv4yd6qxvguml.file.core.windows.net/"},"primaryLocation":"eastus2euap","statusOfPrimary":"available"}},{"sku":{"name":"Standard_LRS","tier":"Standard"},"kind":"Storage","id":"/subscriptions/00000000-0000-0000-0000-000000000000/resourceGroups/clitest.rgjzhnckmw5ftoqmm2b5gezwgslvfm2dqg7ldpwvuukicy7ca4unquohsptfrbddr2a/providers/Microsoft.Storage/storageAccounts/clitestvjlqxa4ctzkwwpg4b","name":"clitestvjlqxa4ctzkwwpg4b","type":"Microsoft.Storage/storageAccounts","location":"eastus2euap","tags":{},"properties":{"networkAcls":{"bypass":"AzureServices","virtualNetworkRules":[],"ipRules":[],"defaultAction":"Allow"},"trustedDirectories":["72f988bf-86f1-41af-91ab-2d7cd011db47"],"supportsHttpsTrafficOnly":false,"encryption":{"services":{"file":{"enabled":true,"lastEnabledTime":"2018-05-29T19:38:19.5634738Z"},"blob":{"enabled":true,"lastEnabledTime":"2018-05-29T19:38:19.5634738Z"}},"keySource":"Microsoft.Storage"},"provisioningState":"Succeeded","creationTime":"2018-05-29T19:38:19.5165939Z","primaryEndpoints":{"blob":"https://clitestvjlqxa4ctzkwwpg4b.blob.core.windows.net/","queue":"https://clitestvjlqxa4ctzkwwpg4b.queue.core.windows.net/","table":"https://clitestvjlqxa4ctzkwwpg4b.table.core.windows.net/","file":"https://clitestvjlqxa4ctzkwwpg4b.file.core.windows.net/"},"primaryLocation":"eastus2euap","statusOfPrimary":"available"}},{"sku":{"name":"Standard_LRS","tier":"Standard"},"kind":"Storage","id":"/subscriptions/00000000-0000-0000-0000-000000000000/resourceGroups/clitest.rgwxiadyatfxsixayqfinia7ybjwo5cfoyw65qpuna3alx3x2diwukx4tkcpwir2mbq/providers/Microsoft.Storage/storageAccounts/clitesta2lvllqz23rgasyf7","name":"clitesta2lvllqz23rgasyf7","type":"Microsoft.Storage/storageAccounts","location":"eastus2euap","tags":{},"properties":{"networkAcls":{"bypass":"AzureServices","virtualNetworkRules":[],"ipRules":[],"defaultAction":"Allow"},"trustedDirectories":["72f988bf-86f1-41af-91ab-2d7cd011db47"],"supportsHttpsTrafficOnly":false,"encryption":{"services":{"file":{"enabled":true,"lastEnabledTime":"2018-04-19T17:57:25.6818153Z"},"blob":{"enabled":true,"lastEnabledTime":"2018-04-19T17:57:25.6818153Z"}},"keySource":"Microsoft.Storage"},"provisioningState":"Succeeded","creationTime":"2018-04-19T17:57:25.6193002Z","primaryEndpoints":{"blob":"https://clitesta2lvllqz23rgasyf7.blob.core.windows.net/","queue":"https://clitesta2lvllqz23rgasyf7.queue.core.windows.net/","table":"https://clitesta2lvllqz23rgasyf7.table.core.windows.net/","file":"https://clitesta2lvllqz23rgasyf7.file.core.windows.net/"},"primaryLocation":"eastus2euap","statusOfPrimary":"available"}},{"sku":{"name":"Standard_LRS","tier":"Standard"},"kind":"Storage","id":"/subscriptions/00000000-0000-0000-0000-000000000000/resourceGroups/clitest.rgoo2qxqtbb56w7uujqzhodrozdh7fxg5wxscql4ndybxkardgqzqvheltadic2zoxf/providers/Microsoft.Storage/storageAccounts/clitestfyixx74gs3loj3isf","name":"clitestfyixx74gs3loj3isf","type":"Microsoft.Storage/storageAccounts","location":"eastus2euap","tags":{},"properties":{"networkAcls":{"bypass":"AzureServices","virtualNetworkRules":[],"ipRules":[],"defaultAction":"Allow"},"trustedDirectories":["72f988bf-86f1-41af-91ab-2d7cd011db47"],"supportsHttpsTrafficOnly":false,"encryption":{"services":{"file":{"enabled":true,"lastEnabledTime":"2018-04-19T20:34:26.6293927Z"},"blob":{"enabled":true,"lastEnabledTime":"2018-04-19T20:34:26.6293927Z"}},"keySource":"Microsoft.Storage"},"provisioningState":"Succeeded","creationTime":"2018-04-19T20:34:26.5668681Z","primaryEndpoints":{"blob":"https://clitestfyixx74gs3loj3isf.blob.core.windows.net/","queue":"https://clitestfyixx74gs3loj3isf.queue.core.windows.net/","table":"https://clitestfyixx74gs3loj3isf.table.core.windows.net/","file":"https://clitestfyixx74gs3loj3isf.file.core.windows.net/"},"primaryLocation":"eastus2euap","statusOfPrimary":"available"}},{"sku":{"name":"Standard_LRS","tier":"Standard"},"kind":"Storage","id":"/subscriptions/00000000-0000-0000-0000-000000000000/resourceGroups/clitest.rg6xf4idvnxclgamrcp2ezv54qhk3doyffriwiegbm7ouxjbfmd2cj7izni3bhdv4wf/providers/Microsoft.Storage/storageAccounts/clitestoj23vdhimampujgji","name":"clitestoj23vdhimampujgji","type":"Microsoft.Storage/storageAccounts","location":"eastus2euap","tags":{},"properties":{"networkAcls":{"bypass":"AzureServices","virtualNetworkRules":[],"ipRules":[],"defaultAction":"Allow"},"trustedDirectories":["72f988bf-86f1-41af-91ab-2d7cd011db47"],"supportsHttpsTrafficOnly":false,"encryption":{"services":{"file":{"enabled":true,"lastEnabledTime":"2018-05-15T02:09:49.4622185Z"},"blob":{"enabled":true,"lastEnabledTime":"2018-05-15T02:09:49.4622185Z"}},"keySource":"Microsoft.Storage"},"provisioningState":"Succeeded","creationTime":"2018-05-15T02:09:49.3684695Z","primaryEndpoints":{"blob":"https://clitestoj23vdhimampujgji.blob.core.windows.net/","queue":"https://clitestoj23vdhimampujgji.queue.core.windows.net/","table":"https://clitestoj23vdhimampujgji.table.core.windows.net/","file":"https://clitestoj23vdhimampujgji.file.core.windows.net/"},"primaryLocation":"eastus2euap","statusOfPrimary":"available"}},{"sku":{"name":"Standard_LRS","tier":"Standard"},"kind":"Storage","id":"/subscriptions/00000000-0000-0000-0000-000000000000/resourceGroups/clitest.rgd5ygu6mbq43qw57ncgznekmhwaqlrowjc6dggyk2h6cfwioigvtt3bg7ayqckcwvk/providers/Microsoft.Storage/storageAccounts/clitestixsogcl5p5af5w2p3","name":"clitestixsogcl5p5af5w2p3","type":"Microsoft.Storage/storageAccounts","location":"eastus2euap","tags":{},"properties":{"networkAcls":{"bypass":"AzureServices","virtualNetworkRules":[],"ipRules":[],"defaultAction":"Allow"},"trustedDirectories":["72f988bf-86f1-41af-91ab-2d7cd011db47"],"supportsHttpsTrafficOnly":false,"encryption":{"services":{"file":{"enabled":true,"lastEnabledTime":"2018-04-19T18:00:02.2397791Z"},"blob":{"enabled":true,"lastEnabledTime":"2018-04-19T18:00:02.2397791Z"}},"keySource":"Microsoft.Storage"},"provisioningState":"Succeeded","creationTime":"2018-04-19T18:00:02.2087326Z","primaryEndpoints":{"blob":"https://clitestixsogcl5p5af5w2p3.blob.core.windows.net/","queue":"https://clitestixsogcl5p5af5w2p3.queue.core.windows.net/","table":"https://clitestixsogcl5p5af5w2p3.table.core.windows.net/","file":"https://clitestixsogcl5p5af5w2p3.file.core.windows.net/"},"primaryLocation":"eastus2euap","statusOfPrimary":"available"}},{"sku":{"name":"Standard_LRS","tier":"Standard"},"kind":"Storage","id":"/subscriptions/00000000-0000-0000-0000-000000000000/resourceGroups/clitest.rgeyg7p46zydk24opv23uowejjybhvp2nqcyqpnmknbs7o3w5c3tocuuygkogbvxz5f/providers/Microsoft.Storage/storageAccounts/clitestcrdofae6jvibomf2w","name":"clitestcrdofae6jvibomf2w","type":"Microsoft.Storage/storageAccounts","location":"eastus2euap","tags":{},"properties":{"networkAcls":{"bypass":"AzureServices","virtualNetworkRules":[],"ipRules":[],"defaultAction":"Allow"},"trustedDirectories":["72f988bf-86f1-41af-91ab-2d7cd011db47"],"supportsHttpsTrafficOnly":false,"encryption":{"services":{"file":{"enabled":true,"lastEnabledTime":"2018-04-20T01:19:55.8214506Z"},"blob":{"enabled":true,"lastEnabledTime":"2018-04-20T01:19:55.8214506Z"}},"keySource":"Microsoft.Storage"},"provisioningState":"Succeeded","creationTime":"2018-04-20T01:19:55.7120798Z","primaryEndpoints":{"blob":"https://clitestcrdofae6jvibomf2w.blob.core.windows.net/","queue":"https://clitestcrdofae6jvibomf2w.queue.core.windows.net/","table":"https://clitestcrdofae6jvibomf2w.table.core.windows.net/","file":"https://clitestcrdofae6jvibomf2w.file.core.windows.net/"},"primaryLocation":"eastus2euap","statusOfPrimary":"available"}},{"sku":{"name":"Standard_LRS","tier":"Standard"},"kind":"Storage","id":"/subscriptions/00000000-0000-0000-0000-000000000000/resourceGroups/clitest.rgeblmtd6pv6car44ga6qwvicwjyuxydhhkaharam4nad6uekgqgm2uiisw7v4a3czx/providers/Microsoft.Storage/storageAccounts/clitestcdx4bwlcvgviotc2p","name":"clitestcdx4bwlcvgviotc2p","type":"Microsoft.Storage/storageAccounts","location":"eastus2euap","tags":{},"properties":{"networkAcls":{"bypass":"AzureServices","virtualNetworkRules":[],"ipRules":[],"defaultAction":"Allow"},"trustedDirectories":["72f988bf-86f1-41af-91ab-2d7cd011db47"],"supportsHttpsTrafficOnly":false,"encryption":{"services":{"file":{"enabled":true,"lastEnabledTime":"2018-04-19T22:26:49.0369320Z"},"blob":{"enabled":true,"lastEnabledTime":"2018-04-19T22:26:49.0369320Z"}},"keySource":"Microsoft.Storage"},"provisioningState":"Succeeded","creationTime":"2018-04-19T22:26:48.9744081Z","primaryEndpoints":{"blob":"https://clitestcdx4bwlcvgviotc2p.blob.core.windows.net/","queue":"https://clitestcdx4bwlcvgviotc2p.queue.core.windows.net/","table":"https://clitestcdx4bwlcvgviotc2p.table.core.windows.net/","file":"https://clitestcdx4bwlcvgviotc2p.file.core.windows.net/"},"primaryLocation":"eastus2euap","statusOfPrimary":"available"}}]}'}
    headers:
      cache-control: [no-cache]
      content-length: ['36629']
      content-type: [application/json; charset=utf-8]
      date: ['Wed, 01 Aug 2018 20:17:02 GMT']
      expires: ['-1']
      pragma: [no-cache]
      strict-transport-security: [max-age=31536000; includeSubDomains]
      vary: [Accept-Encoding]
      x-content-type-options: [nosniff]
      x-ms-original-request-ids: [ebd9c1c8-27c3-4155-b791-7757e856186e, a6a915ce-b56c-46be-8330-97724e6e0c4e,
        ddddab6c-07a4-4dc4-bf16-c122c73de4b6, d9b9848c-dd51-48bc-9a39-e4bc824583b2,
        6b04008b-c8e6-463c-9eab-c1ad09ca7120, 07c42c31-5680-4833-aa15-16a1bf15d33a,
        d196a100-5c34-4c6f-ad2d-e52d5aa3277e]
    status: {code: 200, message: OK}
- request:
    body: null
    headers:
      Accept: [application/json]
      Accept-Encoding: ['gzip, deflate']
      CommandName: [batchai cluster create]
      Connection: [keep-alive]
      Content-Length: ['0']
      Content-Type: [application/json; charset=utf-8]
      User-Agent: [python/3.7.0 (Windows-10-10.0.17134-SP0) requests/2.19.1 msrest/0.5.4
          msrest_azure/0.4.34 azure-mgmt-storage/2.0.0rc4 Azure-SDK-For-Python AZURECLI/2.0.43]
      accept-language: [en-US]
    method: POST
    uri: https://management.azure.com/subscriptions/00000000-0000-0000-0000-000000000000/resourceGroups/clitest.rg000001/providers/Microsoft.Storage/storageAccounts/bai000002/listKeys?api-version=2018-02-01
  response:
    body: {string: '{"keys":[{"keyName":"key1","value":"G7bU0HcQdeyL35XAU7vl+mHXMHFeZcN6hGSEtaFPJFpQil3G25Kj4hixoaCd6IjmCqji5emVXG0I5NdyI0WwIQ==","permissions":"FULL"},{"keyName":"key2","value":"rP5AoSTnZsOHWd7heCm8/hBotTfdXGYX5ezkn0qiBIsLkG6Gh/pdi/etxZyQuYEuov3UWikRKXFC/9CCULniUg==","permissions":"FULL"}]}'}
    headers:
      cache-control: [no-cache]
      content-length: ['288']
      content-type: [application/json]
      date: ['Wed, 01 Aug 2018 20:17:03 GMT']
      expires: ['-1']
      pragma: [no-cache]
      server: ['Microsoft-Azure-Storage-Resource-Provider/1.0,Microsoft-HTTPAPI/2.0
          Microsoft-HTTPAPI/2.0']
      strict-transport-security: [max-age=31536000; includeSubDomains]
      transfer-encoding: [chunked]
      vary: [Accept-Encoding]
      x-content-type-options: [nosniff]
      x-ms-ratelimit-remaining-subscription-writes: ['1199']
    status: {code: 200, message: OK}
- request:
    body: null
    headers:
      Connection: [keep-alive]
      Content-Length: ['0']
      User-Agent: [Azure-Storage/1.3.0-1.3.1 (Python CPython 3.7.0; Windows 10)]
      x-ms-date: ['Wed, 01 Aug 2018 20:17:04 GMT']
      x-ms-version: ['2018-03-28']
    method: PUT
    uri: https://bai000002.file.core.windows.net/batchaishare?restype=share
  response:
    body: {string: ''}
    headers:
      date: ['Wed, 01 Aug 2018 20:17:04 GMT']
      etag: ['"0x8D5F7EBBFFDC212"']
      last-modified: ['Wed, 01 Aug 2018 20:17:05 GMT']
      server: [Windows-Azure-File/1.0 Microsoft-HTTPAPI/2.0]
      transfer-encoding: [chunked]
      x-ms-version: ['2018-03-28']
    status: {code: 201, message: Created}
- request:
    body: null
    headers:
      Connection: [keep-alive]
      Content-Length: ['0']
      User-Agent: [Azure-Storage/1.3.0-1.3.1 (Python CPython 3.7.0; Windows 10)]
      x-ms-date: ['Wed, 01 Aug 2018 20:17:05 GMT']
      x-ms-version: ['2018-03-28']
    method: PUT
    uri: https://bai000002.blob.core.windows.net/batchaicontainer?restype=container
  response:
    body: {string: ''}
    headers:
      date: ['Wed, 01 Aug 2018 20:17:05 GMT']
      etag: ['"0x8D5F7EBC07E3876"']
      last-modified: ['Wed, 01 Aug 2018 20:17:06 GMT']
      server: [Windows-Azure-Blob/1.0 Microsoft-HTTPAPI/2.0]
      transfer-encoding: [chunked]
      x-ms-version: ['2018-03-28']
    status: {code: 201, message: Created}
- request:
    body: 'b''{"properties": {"vmSize": "STANDARD_D1", "vmPriority": "dedicated",
      "scaleSettings": {"manual": {"targetNodeCount": 0, "nodeDeallocationOption":
      "requeue"}}, "nodeSetup": {"setupTask": {"commandLine": "echo hi", "stdOutErrPathPrefix":
      "$AZ_BATCHAI_MOUNT_ROOT/autoafs"}, "mountVolumes": {"azureFileShares": [{"accountName":
      "bai000002", "azureFileUrl": "https://bai000002.file.core.windows.net/batchaishare",
      "credentials": {"accountKey": "G7bU0HcQdeyL35XAU7vl+mHXMHFeZcN6hGSEtaFPJFpQil3G25Kj4hixoaCd6IjmCqji5emVXG0I5NdyI0WwIQ=="},
      "relativeMountPath": "autoafs", "fileMode": "0777", "directoryMode": "0777"}],
      "azureBlobFileSystems": [{"accountName": "bai000002", "containerName": "batchaicontainer",
      "credentials": {"accountKey": "G7bU0HcQdeyL35XAU7vl+mHXMHFeZcN6hGSEtaFPJFpQil3G25Kj4hixoaCd6IjmCqji5emVXG0I5NdyI0WwIQ=="},
      "relativeMountPath": "autobfs"}]}}, "userAccountSettings": {"adminUserName":
      "DemoUser", "adminUserSshPublicKey": "ssh-rsa AAAAB3NzaC1yc2EAAAADAQABAAABAQDKUDnWeK6rx36apNE9ij1iAXn68FKXLTW0009XK/7dyMewlNfXi6Z2opnxHDDYWucMluU0dsvBR22OuYH2RHriPJTi1jN3aZ0zZSrlH/W4MSNQKlG/AnrjJPA3xfYjIKLGuKBqSIvMsmrkuDfIfMaDnPcxb+GzM10L5epRhoP5FwqaQbLqp640YzFSLqMChz7E6RG54CpEm+MRvA7lj9nD9AlYnfRQAKj2thsFrkz7AlYLQ1ug8vV+1Y3xSKDbo5vy6oqM3QKeLiUiyN9Ff1Rq4uYnrqJqcWN1ADfiPGZZjEStOkRgG3V6JrpIN+z0Zl3n+sjrH+CKwrYmyni6D41L"}}}'''
    headers:
      Accept: [application/json]
      Accept-Encoding: ['gzip, deflate']
      CommandName: [batchai cluster create]
      Connection: [keep-alive]
      Content-Length: ['1368']
      Content-Type: [application/json; charset=utf-8]
      User-Agent: [python/3.7.0 (Windows-10-10.0.17134-SP0) requests/2.19.1 msrest/0.5.4
          msrest_azure/0.4.34 azure-mgmt-batchai/2.0.0 Azure-SDK-For-Python AZURECLI/2.0.43]
      accept-language: [en-US]
    method: PUT
    uri: https://management.azure.com/subscriptions/00000000-0000-0000-0000-000000000000/resourceGroups/clitest.rg000001/providers/Microsoft.BatchAI/workspaces/workspace/clusters/cluster?api-version=2018-05-01
  response:
    body: {string: ''}
    headers:
      azure-asyncoperation: ['https://management.azure.com/subscriptions/00000000-0000-0000-0000-000000000000/providers/Microsoft.BatchAI/locations/northeurope/operationresults/19d507e2-808a-454f-bcf2-8b5210dd3ed2?api-version=2018-05-01']
      cache-control: [no-cache]
      content-length: ['0']
      date: ['Wed, 01 Aug 2018 20:17:07 GMT']
      expires: ['-1']
      location: ['https://management.azure.com/subscriptions/00000000-0000-0000-0000-000000000000/providers/Microsoft.BatchAI/locations/northeurope/operationstatuses/19d507e2-808a-454f-bcf2-8b5210dd3ed2?api-version=2018-05-01']
      pragma: [no-cache]
      request-id: [8fbe44cb-95dd-4422-bb49-f09f134bc4e2]
      server: [Microsoft-HTTPAPI/2.0]
      strict-transport-security: [max-age=31536000; includeSubDomains]
      x-content-type-options: [nosniff]
      x-ms-ratelimit-remaining-subscription-writes: ['1199']
    status: {code: 202, message: Accepted}
- request:
    body: null
    headers:
      Accept: [application/json]
      Accept-Encoding: ['gzip, deflate']
      CommandName: [batchai cluster create]
      Connection: [keep-alive]
      User-Agent: [python/3.7.0 (Windows-10-10.0.17134-SP0) requests/2.19.1 msrest/0.5.4
          msrest_azure/0.4.34 azure-mgmt-batchai/2.0.0 Azure-SDK-For-Python AZURECLI/2.0.43]
    method: GET
    uri: https://management.azure.com/subscriptions/00000000-0000-0000-0000-000000000000/providers/Microsoft.BatchAI/locations/northeurope/operationresults/19d507e2-808a-454f-bcf2-8b5210dd3ed2?api-version=2018-05-01
  response:
    body: {string: '{"id":"https://management.azure.com/subscriptions/00000000-0000-0000-0000-000000000000/providers/Microsoft.BatchAI/locations/northeurope/operationresults/19d507e2-808a-454f-bcf2-8b5210dd3ed2","name":"19d507e2-808a-454f-bcf2-8b5210dd3ed2","status":"Succeeded","startTime":"2018-08-01T20:17:07.963Z","endTime":"2018-08-01T20:17:16.529Z","properties":{"resourceId":"00977cdb-163f-435f-9c32-39ec8ae61f4d$clitest.rg000001$workspace$cluster"}}'}
    headers:
      cache-control: [no-cache]
      content-length: ['496']
      content-type: [application/json; charset=utf-8]
      date: ['Wed, 01 Aug 2018 20:17:23 GMT']
      expires: ['-1']
      pragma: [no-cache]
      request-id: [1d58e245-0e0c-4a29-8731-e40bb876d996]
      server: [Microsoft-HTTPAPI/2.0]
      strict-transport-security: [max-age=31536000; includeSubDomains]
      transfer-encoding: [chunked]
      vary: [Accept-Encoding]
      x-content-type-options: [nosniff]
    status: {code: 200, message: OK}
- request:
    body: null
    headers:
      Accept: [application/json]
      Accept-Encoding: ['gzip, deflate']
      CommandName: [batchai cluster create]
      Connection: [keep-alive]
      User-Agent: [python/3.7.0 (Windows-10-10.0.17134-SP0) requests/2.19.1 msrest/0.5.4
          msrest_azure/0.4.34 azure-mgmt-batchai/2.0.0 Azure-SDK-For-Python AZURECLI/2.0.43]
    method: GET
    uri: https://management.azure.com/subscriptions/00000000-0000-0000-0000-000000000000/resourceGroups/clitest.rg000001/providers/Microsoft.BatchAI/workspaces/workspace/clusters/cluster?api-version=2018-05-01
  response:
    body: {string: '{"id":"/subscriptions/00000000-0000-0000-0000-000000000000/resourceGroups/clitest.rg000001/providers/Microsoft.BatchAI/workspaces/workspace/clusters/cluster","name":"cluster","type":"Microsoft.BatchAI/workspaces/clusters","properties":{"provisioningState":"succeeded","allocationState":"steady","creationTime":"2018-08-01T20:17:07.947Z","allocationStateTransitionTime":"2018-08-01T20:17:17.004Z","provisioningStateTransitionTime":"2018-08-01T20:17:16.514Z","vmSize":"STANDARD_D1","currentNodeCount":0,"nodeStateCounts":{"runningNodeCount":0,"idleNodeCount":0,"unusableNodeCount":0,"preparingNodeCount":0,"leavingNodeCount":0},"vmPriority":"dedicated","scaleSettings":{"manual":{"targetNodeCount":0,"nodeDeallocationOption":"requeue"}},"virtualMachineConfiguration":{"imageReference":{"publisher":"Canonical","offer":"UbuntuServer","sku":"16.04-LTS","version":"latest"}},"userAccountSettings":{"adminUserName":"DemoUser","adminUserSshPublicKey":"ssh-rsa
        AAAAB3NzaC1yc2EAAAADAQABAAABAQDKUDnWeK6rx36apNE9ij1iAXn68FKXLTW0009XK/7dyMewlNfXi6Z2opnxHDDYWucMluU0dsvBR22OuYH2RHriPJTi1jN3aZ0zZSrlH/W4MSNQKlG/AnrjJPA3xfYjIKLGuKBqSIvMsmrkuDfIfMaDnPcxb+GzM10L5epRhoP5FwqaQbLqp640YzFSLqMChz7E6RG54CpEm+MRvA7lj9nD9AlYnfRQAKj2thsFrkz7AlYLQ1ug8vV+1Y3xSKDbo5vy6oqM3QKeLiUiyN9Ff1Rq4uYnrqJqcWN1ADfiPGZZjEStOkRgG3V6JrpIN+z0Zl3n+sjrH+CKwrYmyni6D41L"},"nodeSetup":{"setupTask":{"commandLine":"echo
        hi","stdOutErrPathPrefix":"$AZ_BATCHAI_MOUNT_ROOT/autoafs","stdOutErrPathSuffix":"00977cdb-163f-435f-9c32-39ec8ae61f4d/clitest.rg000001/workspaces/workspace/clusters/cluster/0545aa90-fcc1-42eb-aa62-4f94e6d32370"},"mountVolumes":{"azureFileShares":[{"accountName":"bai000002","azureFileUrl":"https://bai000002.file.core.windows.net/batchaishare","credentials":{},"relativeMountPath":"autoafs","fileMode":"0777","directoryMode":"0777"}],"azureBlobFileSystems":[{"accountName":"bai000002","containerName":"batchaicontainer","credentials":{},"relativeMountPath":"autobfs"}]}}}}'}
    headers:
      cache-control: [no-cache]
      content-length: ['2110']
      content-type: [application/json; charset=utf-8]
      date: ['Wed, 01 Aug 2018 20:17:24 GMT']
      etag: ['"0x8D5F7EBC18E054B"']
      expires: ['-1']
      last-modified: ['Wed, 01 Aug 2018 20:17:07 GMT']
      pragma: [no-cache]
      request-id: [51805a57-4fe1-4150-b56d-abef57e421be]
      server: [Microsoft-HTTPAPI/2.0]
      strict-transport-security: [max-age=31536000; includeSubDomains]
      transfer-encoding: [chunked]
      vary: [Accept-Encoding]
      x-content-type-options: [nosniff]
    status: {code: 200, message: OK}
- request:
    body: null
    headers:
      Accept: [application/json]
      Accept-Encoding: ['gzip, deflate']
      CommandName: [group delete]
      Connection: [keep-alive]
      Content-Length: ['0']
      Content-Type: [application/json; charset=utf-8]
      User-Agent: [python/3.7.0 (Windows-10-10.0.17134-SP0) requests/2.19.1 msrest/0.5.4
          msrest_azure/0.4.34 resourcemanagementclient/2.0.0 Azure-SDK-For-Python
          AZURECLI/2.0.43]
      accept-language: [en-US]
    method: DELETE
    uri: https://management.azure.com/subscriptions/00000000-0000-0000-0000-000000000000/resourcegroups/clitest.rg000001?api-version=2018-05-01
  response:
    body: {string: ''}
    headers:
      cache-control: [no-cache]
      content-length: ['0']
      date: ['Wed, 01 Aug 2018 20:17:28 GMT']
      expires: ['-1']
      location: ['https://management.azure.com/subscriptions/00000000-0000-0000-0000-000000000000/operationresults/eyJqb2JJZCI6IlJFU09VUkNFR1JPVVBERUxFVElPTkpPQi1DTElURVNUOjJFUkdNRzNHMkY3V0VONVlUV1lOVFFSSk1BSktGUUJVNURGWkkzRnxBOTcxOTk2NzlFOTY5MDZFLU5PUlRIRVVST1BFIiwiam9iTG9jYXRpb24iOiJub3J0aGV1cm9wZSJ9?api-version=2018-05-01']
      pragma: [no-cache]
      strict-transport-security: [max-age=31536000; includeSubDomains]
      x-content-type-options: [nosniff]
      x-ms-ratelimit-remaining-subscription-deletes: ['14999']
    status: {code: 202, message: Accepted}
version: 1
