interactions:
- request:
    body: null
    headers:
      Accept:
      - application/json
      Accept-Encoding:
      - gzip, deflate
      CommandName:
      - network vnet list-endpoint-services
      Connection:
      - keep-alive
      ParameterSetName:
      - -l
      User-Agent:
      - AZURECLI/2.45.0 (AAZ) azsdk-python-core/1.24.0 Python/3.10.9 (Windows-10-10.0.22621-SP0)
    method: GET
    uri: https://management.azure.com/subscriptions/00000000-0000-0000-0000-000000000000/providers/Microsoft.Network/locations/westus/virtualNetworkAvailableEndpointServices?api-version=2017-10-01
  response:
    body:
      string: "{\r\n  \"value\": [\r\n    {\r\n      \"name\": \"Microsoft.Storage\"\
        ,\r\n      \"id\": \"/subscriptions/00000000-0000-0000-0000-000000000000/providers/Microsoft.Network/virtualNetworkEndpointServices/Microsoft.Storage\"\
        ,\r\n      \"type\": \"Microsoft.Network/virtualNetworkEndpointServices\"\r\
        \n    },\r\n    {\r\n      \"name\": \"Microsoft.Sql\",\r\n      \"id\": \"\
        /subscriptions/00000000-0000-0000-0000-000000000000/providers/Microsoft.Network/virtualNetworkEndpointServices/Microsoft.Sql\"\
        ,\r\n      \"type\": \"Microsoft.Network/virtualNetworkEndpointServices\"\r\
        \n    },\r\n    {\r\n      \"name\": \"Microsoft.AzureActiveDirectory\",\r\
        \n      \"id\": \"/subscriptions/00000000-0000-0000-0000-000000000000/providers/Microsoft.Network/virtualNetworkEndpointServices/Microsoft.AzureActiveDirectory\"\
        ,\r\n      \"type\": \"Microsoft.Network/virtualNetworkEndpointServices\"\r\
        \n    },\r\n    {\r\n      \"name\": \"Microsoft.AzureCosmosDB\",\r\n    \
        \  \"id\": \"/subscriptions/00000000-0000-0000-0000-000000000000/providers/Microsoft.Network/virtualNetworkEndpointServices/Microsoft.AzureCosmosDB\"\
        ,\r\n      \"type\": \"Microsoft.Network/virtualNetworkEndpointServices\"\r\
        \n    },\r\n    {\r\n      \"name\": \"Microsoft.Web\",\r\n      \"id\": \"\
        /subscriptions/00000000-0000-0000-0000-000000000000/providers/Microsoft.Network/virtualNetworkEndpointServices/Microsoft.Web\"\
        ,\r\n      \"type\": \"Microsoft.Network/virtualNetworkEndpointServices\"\r\
        \n    },\r\n    {\r\n      \"name\": \"Microsoft.KeyVault\",\r\n      \"id\"\
        : \"/subscriptions/00000000-0000-0000-0000-000000000000/providers/Microsoft.Network/virtualNetworkEndpointServices/Microsoft.KeyVault\"\
        ,\r\n      \"type\": \"Microsoft.Network/virtualNetworkEndpointServices\"\r\
        \n    },\r\n    {\r\n      \"name\": \"Microsoft.EventHub\",\r\n      \"id\"\
        : \"/subscriptions/00000000-0000-0000-0000-000000000000/providers/Microsoft.Network/virtualNetworkEndpointServices/Microsoft.EventHub\"\
        ,\r\n      \"type\": \"Microsoft.Network/virtualNetworkEndpointServices\"\r\
        \n    },\r\n    {\r\n      \"name\": \"Microsoft.ServiceBus\",\r\n      \"\
        id\": \"/subscriptions/00000000-0000-0000-0000-000000000000/providers/Microsoft.Network/virtualNetworkEndpointServices/Microsoft.ServiceBus\"\
        ,\r\n      \"type\": \"Microsoft.Network/virtualNetworkEndpointServices\"\r\
        \n    },\r\n    {\r\n      \"name\": \"Microsoft.ContainerRegistry\",\r\n\
        \      \"id\": \"/subscriptions/00000000-0000-0000-0000-000000000000/providers/Microsoft.Network/virtualNetworkEndpointServices/Microsoft.ContainerRegistry\"\
        ,\r\n      \"type\": \"Microsoft.Network/virtualNetworkEndpointServices\"\r\
        \n    },\r\n    {\r\n      \"name\": \"Microsoft.CognitiveServices\",\r\n\
        \      \"id\": \"/subscriptions/00000000-0000-0000-0000-000000000000/providers/Microsoft.Network/virtualNetworkEndpointServices/Microsoft.CognitiveServices\"\
        ,\r\n      \"type\": \"Microsoft.Network/virtualNetworkEndpointServices\"\r\
        \n    },\r\n    {\r\n      \"name\": \"Microsoft.CosmosDBManagedInstance\"\
        ,\r\n      \"id\": \"/subscriptions/00000000-0000-0000-0000-000000000000/providers/Microsoft.Network/virtualNetworkEndpointServices/Microsoft.CosmosDBManagedInstance\"\
        ,\r\n      \"type\": \"Microsoft.Network/virtualNetworkEndpointServices\"\r\
        \n    },\r\n    {\r\n      \"name\": \"Microsoft.Storage.Global\",\r\n   \
        \   \"id\": \"/subscriptions/00000000-0000-0000-0000-000000000000/providers/Microsoft.Network/virtualNetworkEndpointServices/Microsoft.Storage.Global\"\
        ,\r\n      \"type\": \"Microsoft.Network/virtualNetworkEndpointServices\"\r\
        \n    }\r\n  ]\r\n}"
    headers:
      cache-control:
      - no-cache
      content-length:
      - '3284'
      content-type:
      - application/json; charset=utf-8
      date:
      - Fri, 24 Feb 2023 09:02:28 GMT
      expires:
      - '-1'
      pragma:
      - no-cache
      server:
      - Microsoft-HTTPAPI/2.0
      - Microsoft-HTTPAPI/2.0
      strict-transport-security:
      - max-age=31536000; includeSubDomains
      transfer-encoding:
      - chunked
      vary:
      - Accept-Encoding
      x-content-type-options:
      - nosniff
      x-ms-arm-service-request-id:
      - e034af4f-9d12-496e-8e8c-418876e83b6d
    status:
      code: 200
      message: OK
- request:
    body: null
    headers:
      Accept:
      - application/json
      Accept-Encoding:
      - gzip, deflate
      CommandName:
      - network vnet list-endpoint-services
      Connection:
      - keep-alive
      ParameterSetName:
      - -l
      User-Agent:
      - AZURECLI/2.45.0 (AAZ) azsdk-python-core/1.24.0 Python/3.10.9 (Windows-10-10.0.22621-SP0)
    method: GET
    uri: https://management.azure.com/subscriptions/00000000-0000-0000-0000-000000000000/providers/Microsoft.Network/locations/westus/virtualNetworkAvailableEndpointServices?api-version=2017-10-01
  response:
    body:
      string: "{\r\n  \"value\": [\r\n    {\r\n      \"name\": \"Microsoft.Storage\"\
        ,\r\n      \"id\": \"/subscriptions/00000000-0000-0000-0000-000000000000/providers/Microsoft.Network/virtualNetworkEndpointServices/Microsoft.Storage\"\
        ,\r\n      \"type\": \"Microsoft.Network/virtualNetworkEndpointServices\"\r\
        \n    },\r\n    {\r\n      \"name\": \"Microsoft.Sql\",\r\n      \"id\": \"\
        /subscriptions/00000000-0000-0000-0000-000000000000/providers/Microsoft.Network/virtualNetworkEndpointServices/Microsoft.Sql\"\
        ,\r\n      \"type\": \"Microsoft.Network/virtualNetworkEndpointServices\"\r\
        \n    },\r\n    {\r\n      \"name\": \"Microsoft.AzureActiveDirectory\",\r\
        \n      \"id\": \"/subscriptions/00000000-0000-0000-0000-000000000000/providers/Microsoft.Network/virtualNetworkEndpointServices/Microsoft.AzureActiveDirectory\"\
        ,\r\n      \"type\": \"Microsoft.Network/virtualNetworkEndpointServices\"\r\
        \n    },\r\n    {\r\n      \"name\": \"Microsoft.AzureCosmosDB\",\r\n    \
        \  \"id\": \"/subscriptions/00000000-0000-0000-0000-000000000000/providers/Microsoft.Network/virtualNetworkEndpointServices/Microsoft.AzureCosmosDB\"\
        ,\r\n      \"type\": \"Microsoft.Network/virtualNetworkEndpointServices\"\r\
        \n    },\r\n    {\r\n      \"name\": \"Microsoft.Web\",\r\n      \"id\": \"\
        /subscriptions/00000000-0000-0000-0000-000000000000/providers/Microsoft.Network/virtualNetworkEndpointServices/Microsoft.Web\"\
        ,\r\n      \"type\": \"Microsoft.Network/virtualNetworkEndpointServices\"\r\
        \n    },\r\n    {\r\n      \"name\": \"Microsoft.KeyVault\",\r\n      \"id\"\
        : \"/subscriptions/00000000-0000-0000-0000-000000000000/providers/Microsoft.Network/virtualNetworkEndpointServices/Microsoft.KeyVault\"\
        ,\r\n      \"type\": \"Microsoft.Network/virtualNetworkEndpointServices\"\r\
        \n    },\r\n    {\r\n      \"name\": \"Microsoft.EventHub\",\r\n      \"id\"\
        : \"/subscriptions/00000000-0000-0000-0000-000000000000/providers/Microsoft.Network/virtualNetworkEndpointServices/Microsoft.EventHub\"\
        ,\r\n      \"type\": \"Microsoft.Network/virtualNetworkEndpointServices\"\r\
        \n    },\r\n    {\r\n      \"name\": \"Microsoft.ServiceBus\",\r\n      \"\
        id\": \"/subscriptions/00000000-0000-0000-0000-000000000000/providers/Microsoft.Network/virtualNetworkEndpointServices/Microsoft.ServiceBus\"\
        ,\r\n      \"type\": \"Microsoft.Network/virtualNetworkEndpointServices\"\r\
        \n    },\r\n    {\r\n      \"name\": \"Microsoft.ContainerRegistry\",\r\n\
        \      \"id\": \"/subscriptions/00000000-0000-0000-0000-000000000000/providers/Microsoft.Network/virtualNetworkEndpointServices/Microsoft.ContainerRegistry\"\
        ,\r\n      \"type\": \"Microsoft.Network/virtualNetworkEndpointServices\"\r\
        \n    },\r\n    {\r\n      \"name\": \"Microsoft.CognitiveServices\",\r\n\
        \      \"id\": \"/subscriptions/00000000-0000-0000-0000-000000000000/providers/Microsoft.Network/virtualNetworkEndpointServices/Microsoft.CognitiveServices\"\
        ,\r\n      \"type\": \"Microsoft.Network/virtualNetworkEndpointServices\"\r\
        \n    },\r\n    {\r\n      \"name\": \"Microsoft.CosmosDBManagedInstance\"\
        ,\r\n      \"id\": \"/subscriptions/00000000-0000-0000-0000-000000000000/providers/Microsoft.Network/virtualNetworkEndpointServices/Microsoft.CosmosDBManagedInstance\"\
        ,\r\n      \"type\": \"Microsoft.Network/virtualNetworkEndpointServices\"\r\
        \n    },\r\n    {\r\n      \"name\": \"Microsoft.Storage.Global\",\r\n   \
        \   \"id\": \"/subscriptions/00000000-0000-0000-0000-000000000000/providers/Microsoft.Network/virtualNetworkEndpointServices/Microsoft.Storage.Global\"\
        ,\r\n      \"type\": \"Microsoft.Network/virtualNetworkEndpointServices\"\r\
        \n    }\r\n  ]\r\n}"
    headers:
      cache-control:
      - no-cache
      content-length:
      - '3284'
      content-type:
      - application/json; charset=utf-8
      date:
      - Fri, 24 Feb 2023 09:02:29 GMT
      expires:
      - '-1'
      pragma:
      - no-cache
      server:
      - Microsoft-HTTPAPI/2.0
      - Microsoft-HTTPAPI/2.0
      strict-transport-security:
      - max-age=31536000; includeSubDomains
      transfer-encoding:
      - chunked
      vary:
      - Accept-Encoding
      x-content-type-options:
      - nosniff
      x-ms-arm-service-request-id:
      - b5a06e9f-3b10-4322-b7fe-419cfdede362
    status:
      code: 200
      message: OK
- request:
    body: null
    headers:
      Accept:
      - application/json
      Accept-Encoding:
      - gzip, deflate
      CommandName:
      - network vnet create
      Connection:
      - keep-alive
      ParameterSetName:
      - -g -n
      User-Agent:
      - AZURECLI/2.45.0 azsdk-python-azure-mgmt-resource/21.1.0b1 Python/3.10.9 (Windows-10-10.0.22621-SP0)
    method: GET
    uri: https://management.azure.com/subscriptions/00000000-0000-0000-0000-000000000000/resourcegroups/cli_subnet_endpoint_service_test000001?api-version=2018-05-01
  response:
    body:
      string: '{"id":"/subscriptions/00000000-0000-0000-0000-000000000000/resourceGroups/cli_subnet_endpoint_service_test000001","name":"cli_subnet_endpoint_service_test000001","location":"westus","tags":{"product":"azurecli","cause":"automation","date":"2023-02-24T09:02:24Z"},"properties":{"provisioningState":"Succeeded"}}'
    headers:
      cache-control:
      - no-cache
      content-length:
      - '310'
      content-type:
      - application/json; charset=utf-8
      date:
      - Fri, 24 Feb 2023 09:02:29 GMT
      expires:
      - '-1'
      pragma:
      - no-cache
      strict-transport-security:
      - max-age=31536000; includeSubDomains
      vary:
      - Accept-Encoding
      x-content-type-options:
      - nosniff
    status:
      code: 200
      message: OK
- request:
    body: '{"location": "westus", "properties": {"addressSpace": {"addressPrefixes":
      ["10.0.0.0/16"]}, "enableDdosProtection": false, "enableVmProtection": false}}'
    headers:
      Accept:
      - application/json
      Accept-Encoding:
      - gzip, deflate
      CommandName:
      - network vnet create
      Connection:
      - keep-alive
      Content-Length:
      - '152'
      Content-Type:
      - application/json
      ParameterSetName:
      - -g -n
      User-Agent:
      - AZURECLI/2.45.0 (AAZ) azsdk-python-core/1.24.0 Python/3.10.9 (Windows-10-10.0.22621-SP0)
    method: PUT
    uri: https://management.azure.com/subscriptions/00000000-0000-0000-0000-000000000000/resourceGroups/cli_subnet_endpoint_service_test000001/providers/Microsoft.Network/virtualNetworks/vnet1?api-version=2017-10-01
  response:
    body:
      string: "{\r\n  \"name\": \"vnet1\",\r\n  \"id\": \"/subscriptions/00000000-0000-0000-0000-000000000000/resourceGroups/cli_subnet_endpoint_service_test000001/providers/Microsoft.Network/virtualNetworks/vnet1\"\
        ,\r\n  \"etag\": \"W/\\\"c45e04a0-4599-4110-9556-5825adda8d2c\\\"\",\r\n \
        \ \"type\": \"Microsoft.Network/virtualNetworks\",\r\n  \"location\": \"westus\"\
        ,\r\n  \"properties\": {\r\n    \"provisioningState\": \"Updating\",\r\n \
        \   \"resourceGuid\": \"903ec28b-a306-4c1c-8bff-024b9092e2a0\",\r\n    \"\
        addressSpace\": {\r\n      \"addressPrefixes\": [\r\n        \"10.0.0.0/16\"\
        \r\n      ]\r\n    },\r\n    \"subnets\": [],\r\n    \"virtualNetworkPeerings\"\
        : [],\r\n    \"enableDdosProtection\": false\r\n  }\r\n}"
    headers:
      azure-asyncnotification:
      - Enabled
      azure-asyncoperation:
      - https://management.azure.com/subscriptions/00000000-0000-0000-0000-000000000000/providers/Microsoft.Network/locations/westus/operations/251ce839-da7c-422c-b14d-32e32d263883?api-version=2017-10-01
      cache-control:
      - no-cache
      content-length:
      - '626'
      content-type:
      - application/json; charset=utf-8
      date:
      - Fri, 24 Feb 2023 09:02:37 GMT
      expires:
      - '-1'
      pragma:
      - no-cache
      server:
      - Microsoft-HTTPAPI/2.0
      - Microsoft-HTTPAPI/2.0
      strict-transport-security:
      - max-age=31536000; includeSubDomains
      x-content-type-options:
      - nosniff
      x-ms-arm-service-request-id:
      - 8a9c1078-a6e9-4ec8-a20f-dd6abbf08101
      x-ms-ratelimit-remaining-subscription-writes:
      - '1199'
    status:
      code: 201
      message: Created
- request:
    body: null
    headers:
      Accept:
      - '*/*'
      Accept-Encoding:
      - gzip, deflate
      CommandName:
      - network vnet create
      Connection:
      - keep-alive
      ParameterSetName:
      - -g -n
      User-Agent:
      - AZURECLI/2.45.0 (AAZ) azsdk-python-core/1.24.0 Python/3.10.9 (Windows-10-10.0.22621-SP0)
    method: GET
    uri: https://management.azure.com/subscriptions/00000000-0000-0000-0000-000000000000/providers/Microsoft.Network/locations/westus/operations/251ce839-da7c-422c-b14d-32e32d263883?api-version=2017-10-01
  response:
    body:
      string: "{\r\n  \"status\": \"Succeeded\"\r\n}"
    headers:
      cache-control:
      - no-cache
      content-length:
      - '29'
      content-type:
      - application/json; charset=utf-8
      date:
      - Fri, 24 Feb 2023 09:02:40 GMT
      expires:
      - '-1'
      pragma:
      - no-cache
      server:
      - Microsoft-HTTPAPI/2.0
      - Microsoft-HTTPAPI/2.0
      strict-transport-security:
      - max-age=31536000; includeSubDomains
      x-content-type-options:
      - nosniff
      x-ms-arm-service-request-id:
      - 94ab072b-921e-446c-9e5d-6a17e4b994cb
    status:
      code: 200
      message: OK
- request:
    body: null
    headers:
      Accept:
      - '*/*'
      Accept-Encoding:
      - gzip, deflate
      CommandName:
      - network vnet create
      Connection:
      - keep-alive
      ParameterSetName:
      - -g -n
      User-Agent:
      - AZURECLI/2.45.0 (AAZ) azsdk-python-core/1.24.0 Python/3.10.9 (Windows-10-10.0.22621-SP0)
    method: GET
    uri: https://management.azure.com/subscriptions/00000000-0000-0000-0000-000000000000/resourceGroups/cli_subnet_endpoint_service_test000001/providers/Microsoft.Network/virtualNetworks/vnet1?api-version=2017-10-01
  response:
    body:
      string: "{\r\n  \"name\": \"vnet1\",\r\n  \"id\": \"/subscriptions/00000000-0000-0000-0000-000000000000/resourceGroups/cli_subnet_endpoint_service_test000001/providers/Microsoft.Network/virtualNetworks/vnet1\"\
        ,\r\n  \"etag\": \"W/\\\"626df366-3d1e-410f-8fcc-48f48f72e18a\\\"\",\r\n \
        \ \"type\": \"Microsoft.Network/virtualNetworks\",\r\n  \"location\": \"westus\"\
        ,\r\n  \"properties\": {\r\n    \"provisioningState\": \"Succeeded\",\r\n\
        \    \"resourceGuid\": \"903ec28b-a306-4c1c-8bff-024b9092e2a0\",\r\n    \"\
        addressSpace\": {\r\n      \"addressPrefixes\": [\r\n        \"10.0.0.0/16\"\
        \r\n      ]\r\n    },\r\n    \"subnets\": [],\r\n    \"virtualNetworkPeerings\"\
        : [],\r\n    \"enableDdosProtection\": false\r\n  }\r\n}"
    headers:
      cache-control:
      - no-cache
      content-length:
      - '627'
      content-type:
      - application/json; charset=utf-8
      date:
      - Fri, 24 Feb 2023 09:02:41 GMT
      etag:
      - W/"626df366-3d1e-410f-8fcc-48f48f72e18a"
      expires:
      - '-1'
      pragma:
      - no-cache
      server:
      - Microsoft-HTTPAPI/2.0
      - Microsoft-HTTPAPI/2.0
      strict-transport-security:
      - max-age=31536000; includeSubDomains
      x-content-type-options:
      - nosniff
      x-ms-arm-service-request-id:
      - e0556512-eb33-4d0d-8cc0-118c95814856
    status:
      code: 200
      message: OK
- request:
    body: '{"name": "subnet1", "properties": {"addressPrefix": "10.0.1.0/24", "serviceEndpoints":
      [{"service": "Microsoft.Storage"}]}}'
    headers:
      Accept:
      - application/json
      Accept-Encoding:
      - gzip, deflate
      CommandName:
      - network vnet subnet create
      Connection:
      - keep-alive
      Content-Length:
      - '123'
      Content-Type:
      - application/json
      ParameterSetName:
      - -g --vnet-name -n --address-prefix --service-endpoints
      User-Agent:
      - AZURECLI/2.45.0 (AAZ) azsdk-python-core/1.24.0 Python/3.10.9 (Windows-10-10.0.22621-SP0)
    method: PUT
    uri: https://management.azure.com/subscriptions/00000000-0000-0000-0000-000000000000/resourceGroups/cli_subnet_endpoint_service_test000001/providers/Microsoft.Network/virtualNetworks/vnet1/subnets/subnet1?api-version=2017-10-01
  response:
    body:
      string: "{\r\n  \"name\": \"subnet1\",\r\n  \"id\": \"/subscriptions/00000000-0000-0000-0000-000000000000/resourceGroups/cli_subnet_endpoint_service_test000001/providers/Microsoft.Network/virtualNetworks/vnet1/subnets/subnet1\"\
        ,\r\n  \"etag\": \"W/\\\"1a739045-f91d-4b75-b56d-f6e9a314d3ab\\\"\",\r\n \
        \ \"properties\": {\r\n    \"provisioningState\": \"Updating\",\r\n    \"\
        addressPrefix\": \"10.0.1.0/24\",\r\n    \"serviceEndpoints\": [\r\n     \
        \ {\r\n        \"provisioningState\": \"Updating\",\r\n        \"service\"\
        : \"Microsoft.Storage\",\r\n        \"locations\": [\r\n          \"*\"\r\n\
        \        ]\r\n      }\r\n    ]\r\n  },\r\n  \"type\": \"Microsoft.Network/virtualNetworks/subnets\"\
        \r\n}"
    headers:
      azure-asyncnotification:
      - Enabled
      azure-asyncoperation:
      - https://management.azure.com/subscriptions/00000000-0000-0000-0000-000000000000/providers/Microsoft.Network/locations/westus/operations/74cdbefe-ccca-4684-94c3-961eda10ddf5?api-version=2017-10-01
      cache-control:
      - no-cache
      content-length:
      - '607'
      content-type:
      - application/json; charset=utf-8
      date:
      - Fri, 24 Feb 2023 09:02:42 GMT
      expires:
      - '-1'
      pragma:
      - no-cache
      server:
      - Microsoft-HTTPAPI/2.0
      - Microsoft-HTTPAPI/2.0
      strict-transport-security:
      - max-age=31536000; includeSubDomains
      x-content-type-options:
      - nosniff
      x-ms-arm-service-request-id:
      - 0b2e091c-9069-4019-8bcc-01179958eda5
      x-ms-ratelimit-remaining-subscription-writes:
      - '1199'
    status:
      code: 201
      message: Created
- request:
    body: null
    headers:
      Accept:
      - '*/*'
      Accept-Encoding:
      - gzip, deflate
      CommandName:
      - network vnet subnet create
      Connection:
      - keep-alive
      ParameterSetName:
      - -g --vnet-name -n --address-prefix --service-endpoints
      User-Agent:
      - AZURECLI/2.45.0 (AAZ) azsdk-python-core/1.24.0 Python/3.10.9 (Windows-10-10.0.22621-SP0)
    method: GET
    uri: https://management.azure.com/subscriptions/00000000-0000-0000-0000-000000000000/providers/Microsoft.Network/locations/westus/operations/74cdbefe-ccca-4684-94c3-961eda10ddf5?api-version=2017-10-01
  response:
    body:
      string: "{\r\n  \"status\": \"Succeeded\"\r\n}"
    headers:
      cache-control:
      - no-cache
      content-length:
      - '29'
      content-type:
      - application/json; charset=utf-8
      date:
      - Fri, 24 Feb 2023 09:02:46 GMT
      expires:
      - '-1'
      pragma:
      - no-cache
      server:
      - Microsoft-HTTPAPI/2.0
      - Microsoft-HTTPAPI/2.0
      strict-transport-security:
      - max-age=31536000; includeSubDomains
      transfer-encoding:
      - chunked
      vary:
      - Accept-Encoding
      x-content-type-options:
      - nosniff
      x-ms-arm-service-request-id:
      - 131a38bf-00c1-4159-8ac1-7e7a93572536
    status:
      code: 200
      message: OK
- request:
    body: null
    headers:
      Accept:
      - '*/*'
      Accept-Encoding:
      - gzip, deflate
      CommandName:
      - network vnet subnet create
      Connection:
      - keep-alive
      ParameterSetName:
      - -g --vnet-name -n --address-prefix --service-endpoints
      User-Agent:
      - AZURECLI/2.45.0 (AAZ) azsdk-python-core/1.24.0 Python/3.10.9 (Windows-10-10.0.22621-SP0)
    method: GET
    uri: https://management.azure.com/subscriptions/00000000-0000-0000-0000-000000000000/resourceGroups/cli_subnet_endpoint_service_test000001/providers/Microsoft.Network/virtualNetworks/vnet1/subnets/subnet1?api-version=2017-10-01
  response:
    body:
      string: "{\r\n  \"name\": \"subnet1\",\r\n  \"id\": \"/subscriptions/00000000-0000-0000-0000-000000000000/resourceGroups/cli_subnet_endpoint_service_test000001/providers/Microsoft.Network/virtualNetworks/vnet1/subnets/subnet1\"\
        ,\r\n  \"etag\": \"W/\\\"52a78d5e-aad3-42af-9fcb-0df71c769fc8\\\"\",\r\n \
        \ \"properties\": {\r\n    \"provisioningState\": \"Succeeded\",\r\n    \"\
        addressPrefix\": \"10.0.1.0/24\",\r\n    \"serviceEndpoints\": [\r\n     \
        \ {\r\n        \"provisioningState\": \"Succeeded\",\r\n        \"service\"\
        : \"Microsoft.Storage\",\r\n        \"locations\": [\r\n          \"*\"\r\n\
        \        ]\r\n      }\r\n    ]\r\n  },\r\n  \"type\": \"Microsoft.Network/virtualNetworks/subnets\"\
        \r\n}"
    headers:
      cache-control:
      - no-cache
      content-length:
      - '609'
      content-type:
      - application/json; charset=utf-8
      date:
      - Fri, 24 Feb 2023 09:02:46 GMT
      etag:
      - W/"52a78d5e-aad3-42af-9fcb-0df71c769fc8"
      expires:
      - '-1'
      pragma:
      - no-cache
      server:
      - Microsoft-HTTPAPI/2.0
      - Microsoft-HTTPAPI/2.0
      strict-transport-security:
      - max-age=31536000; includeSubDomains
      transfer-encoding:
      - chunked
      vary:
      - Accept-Encoding
      x-content-type-options:
      - nosniff
      x-ms-arm-service-request-id:
      - 8b42cbd7-27ad-490e-a1a3-ee811ee07b32
    status:
      code: 200
      message: OK
- request:
    body: null
    headers:
      Accept:
      - application/json
      Accept-Encoding:
      - gzip, deflate
      CommandName:
      - network vnet subnet update
      Connection:
      - keep-alive
      ParameterSetName:
      - -g --vnet-name -n --service-endpoints
      User-Agent:
      - AZURECLI/2.45.0 (AAZ) azsdk-python-core/1.24.0 Python/3.10.9 (Windows-10-10.0.22621-SP0)
    method: GET
    uri: https://management.azure.com/subscriptions/00000000-0000-0000-0000-000000000000/resourceGroups/cli_subnet_endpoint_service_test000001/providers/Microsoft.Network/virtualNetworks/vnet1/subnets/subnet1?api-version=2017-10-01
  response:
    body:
      string: "{\r\n  \"name\": \"subnet1\",\r\n  \"id\": \"/subscriptions/00000000-0000-0000-0000-000000000000/resourceGroups/cli_subnet_endpoint_service_test000001/providers/Microsoft.Network/virtualNetworks/vnet1/subnets/subnet1\"\
        ,\r\n  \"etag\": \"W/\\\"52a78d5e-aad3-42af-9fcb-0df71c769fc8\\\"\",\r\n \
        \ \"properties\": {\r\n    \"provisioningState\": \"Succeeded\",\r\n    \"\
        addressPrefix\": \"10.0.1.0/24\",\r\n    \"serviceEndpoints\": [\r\n     \
        \ {\r\n        \"provisioningState\": \"Succeeded\",\r\n        \"service\"\
        : \"Microsoft.Storage\",\r\n        \"locations\": [\r\n          \"*\"\r\n\
        \        ]\r\n      }\r\n    ]\r\n  },\r\n  \"type\": \"Microsoft.Network/virtualNetworks/subnets\"\
        \r\n}"
    headers:
      cache-control:
      - no-cache
      content-length:
      - '609'
      content-type:
      - application/json; charset=utf-8
      date:
      - Fri, 24 Feb 2023 09:02:48 GMT
      etag:
      - W/"52a78d5e-aad3-42af-9fcb-0df71c769fc8"
      expires:
      - '-1'
      pragma:
      - no-cache
      server:
      - Microsoft-HTTPAPI/2.0
      - Microsoft-HTTPAPI/2.0
      strict-transport-security:
      - max-age=31536000; includeSubDomains
      transfer-encoding:
      - chunked
      vary:
      - Accept-Encoding
      x-content-type-options:
      - nosniff
      x-ms-arm-service-request-id:
      - 7bee85a7-b1eb-4100-9590-b002972bbb2f
    status:
      code: 200
      message: OK
- request:
    body: '{"etag": "W/\"52a78d5e-aad3-42af-9fcb-0df71c769fc8\"", "id": "/subscriptions/00000000-0000-0000-0000-000000000000/resourceGroups/cli_subnet_endpoint_service_test000001/providers/Microsoft.Network/virtualNetworks/vnet1/subnets/subnet1",
      "name": "subnet1", "properties": {"addressPrefix": "10.0.1.0/24", "provisioningState":
      "Succeeded"}}'
    headers:
      Accept:
      - application/json
      Accept-Encoding:
      - gzip, deflate
      CommandName:
      - network vnet subnet update
      Connection:
      - keep-alive
      Content-Length:
      - '336'
      Content-Type:
      - application/json
      ParameterSetName:
      - -g --vnet-name -n --service-endpoints
      User-Agent:
      - AZURECLI/2.45.0 (AAZ) azsdk-python-core/1.24.0 Python/3.10.9 (Windows-10-10.0.22621-SP0)
    method: PUT
    uri: https://management.azure.com/subscriptions/00000000-0000-0000-0000-000000000000/resourceGroups/cli_subnet_endpoint_service_test000001/providers/Microsoft.Network/virtualNetworks/vnet1/subnets/subnet1?api-version=2017-10-01
  response:
    body:
      string: "{\r\n  \"name\": \"subnet1\",\r\n  \"id\": \"/subscriptions/00000000-0000-0000-0000-000000000000/resourceGroups/cli_subnet_endpoint_service_test000001/providers/Microsoft.Network/virtualNetworks/vnet1/subnets/subnet1\"\
        ,\r\n  \"etag\": \"W/\\\"9140d91b-b0cc-41eb-ba2b-3281076c66e6\\\"\",\r\n \
        \ \"properties\": {\r\n    \"provisioningState\": \"Updating\",\r\n    \"\
        addressPrefix\": \"10.0.1.0/24\"\r\n  },\r\n  \"type\": \"Microsoft.Network/virtualNetworks/subnets\"\
        \r\n}"
    headers:
      azure-asyncnotification:
      - Enabled
      azure-asyncoperation:
      - https://management.azure.com/subscriptions/00000000-0000-0000-0000-000000000000/providers/Microsoft.Network/locations/westus/operations/fa10c8b2-1459-4eaa-87f5-5ba952eaf490?api-version=2017-10-01
      cache-control:
      - no-cache
      content-length:
      - '421'
      content-type:
      - application/json; charset=utf-8
      date:
      - Fri, 24 Feb 2023 09:02:49 GMT
      expires:
      - '-1'
      pragma:
      - no-cache
      server:
      - Microsoft-HTTPAPI/2.0
      - Microsoft-HTTPAPI/2.0
      strict-transport-security:
      - max-age=31536000; includeSubDomains
      transfer-encoding:
      - chunked
      vary:
      - Accept-Encoding
      x-content-type-options:
      - nosniff
      x-ms-arm-service-request-id:
      - 41c60dcf-8d38-4e5b-9e9e-6d885bc18c19
      x-ms-ratelimit-remaining-subscription-writes:
      - '1199'
    status:
      code: 200
      message: OK
- request:
    body: null
    headers:
      Accept:
      - '*/*'
      Accept-Encoding:
      - gzip, deflate
      CommandName:
      - network vnet subnet update
      Connection:
      - keep-alive
      ParameterSetName:
      - -g --vnet-name -n --service-endpoints
      User-Agent:
      - AZURECLI/2.45.0 (AAZ) azsdk-python-core/1.24.0 Python/3.10.9 (Windows-10-10.0.22621-SP0)
    method: GET
    uri: https://management.azure.com/subscriptions/00000000-0000-0000-0000-000000000000/providers/Microsoft.Network/locations/westus/operations/fa10c8b2-1459-4eaa-87f5-5ba952eaf490?api-version=2017-10-01
  response:
    body:
      string: "{\r\n  \"status\": \"Succeeded\"\r\n}"
    headers:
      cache-control:
      - no-cache
      content-length:
      - '29'
      content-type:
      - application/json; charset=utf-8
      date:
      - Fri, 24 Feb 2023 09:02:53 GMT
      expires:
      - '-1'
      pragma:
      - no-cache
      server:
      - Microsoft-HTTPAPI/2.0
      - Microsoft-HTTPAPI/2.0
      strict-transport-security:
      - max-age=31536000; includeSubDomains
      transfer-encoding:
      - chunked
      vary:
      - Accept-Encoding
      x-content-type-options:
      - nosniff
      x-ms-arm-service-request-id:
      - 2e5f157f-4f3d-4c40-bf8b-fe79e22fc9b3
    status:
      code: 200
      message: OK
- request:
    body: null
    headers:
      Accept:
      - '*/*'
      Accept-Encoding:
      - gzip, deflate
      CommandName:
      - network vnet subnet update
      Connection:
      - keep-alive
      ParameterSetName:
      - -g --vnet-name -n --service-endpoints
      User-Agent:
      - AZURECLI/2.45.0 (AAZ) azsdk-python-core/1.24.0 Python/3.10.9 (Windows-10-10.0.22621-SP0)
    method: GET
    uri: https://management.azure.com/subscriptions/00000000-0000-0000-0000-000000000000/resourceGroups/cli_subnet_endpoint_service_test000001/providers/Microsoft.Network/virtualNetworks/vnet1/subnets/subnet1?api-version=2017-10-01
  response:
    body:
      string: "{\r\n  \"name\": \"subnet1\",\r\n  \"id\": \"/subscriptions/00000000-0000-0000-0000-000000000000/resourceGroups/cli_subnet_endpoint_service_test000001/providers/Microsoft.Network/virtualNetworks/vnet1/subnets/subnet1\"\
        ,\r\n  \"etag\": \"W/\\\"1a6c93d0-55d5-44eb-b3a8-dbf2c5a4f0da\\\"\",\r\n \
        \ \"properties\": {\r\n    \"provisioningState\": \"Succeeded\",\r\n    \"\
        addressPrefix\": \"10.0.1.0/24\"\r\n  },\r\n  \"type\": \"Microsoft.Network/virtualNetworks/subnets\"\
        \r\n}"
    headers:
      cache-control:
      - no-cache
      content-length:
      - '422'
      content-type:
      - application/json; charset=utf-8
      date:
      - Fri, 24 Feb 2023 09:02:53 GMT
      etag:
      - W/"1a6c93d0-55d5-44eb-b3a8-dbf2c5a4f0da"
      expires:
      - '-1'
      pragma:
      - no-cache
      server:
      - Microsoft-HTTPAPI/2.0
      - Microsoft-HTTPAPI/2.0
      strict-transport-security:
      - max-age=31536000; includeSubDomains
      transfer-encoding:
      - chunked
      vary:
      - Accept-Encoding
      x-content-type-options:
      - nosniff
      x-ms-arm-service-request-id:
      - db067b9e-05ee-4add-b6c7-cee28c12d33c
    status:
      code: 200
      message: OK
version: 1
