interactions:
- request:
    body: '{"location": "eastus", "tags": {"key": "value"}, "sku": {"name": "Standard_S1",
      "capacity": 1}, "properties": {"features": [{"flag": "ServiceMode", "value":
      "Classic"}, {"flag": "EnableMessagingLogs", "value": "False"}], "cors": {"allowedOrigins":
      ["http://example1.com", "http://example2.com"]}, "networkACLs": {"defaultAction":
      "Deny"}}}'
    headers:
      Accept:
      - application/json
      Accept-Encoding:
      - gzip, deflate
      CommandName:
      - signalr create
      Connection:
      - keep-alive
      Content-Length:
      - '339'
      Content-Type:
      - application/json
      ParameterSetName:
      - -n -g --sku --unit-count -l --tags --service-mode --allowed-origins --default-action
      User-Agent:
      - AZURECLI/2.23.0 azsdk-python-mgmt-signalr/1.0.0b2 Python/3.9.2 (Windows-10-10.0.19041-SP0)
    method: PUT
    uri: https://management.azure.com/subscriptions/00000000-0000-0000-0000-000000000000/resourceGroups/clitest.rg000001/providers/Microsoft.SignalRService/signalR/signalr000002?api-version=2021-04-01-preview
  response:
    body:
      string: '{"sku":{"name":"Standard_S1","tier":"Standard","size":"S1","capacity":1},"properties":{"provisioningState":"Creating","externalIP":null,"hostName":"signalr000002.service.signalr.net","publicPort":443,"serverPort":443,"version":"1.0-preview","privateEndpointConnections":[],"sharedPrivateLinkResources":[],"tls":{"clientCertEnabled":false},"features":[{"flag":"ServiceMode","value":"Classic","properties":{}},{"flag":"EnableConnectivityLogs","value":"False","properties":{}},{"flag":"EnableMessagingLogs","value":"False","properties":{}},{"flag":"EnableLiveTrace","value":"False","properties":{}}],"cors":{"allowedOrigins":["http://example1.com","http://example2.com"]},"upstream":{"templates":null},"networkACLs":{"defaultAction":"Deny","publicNetwork":{"allow":["ServerConnection","ClientConnection","RESTAPI","Trace"],"deny":null},"privateEndpoints":[]}},"kind":"SignalR","systemData":{"createdBy":"chenyl@microsoft.com","createdByType":"User","createdAt":"2021-05-28T08:09:41.6935473Z","lastModifiedBy":"chenyl@microsoft.com","lastModifiedByType":"User","lastModifiedAt":"2021-05-28T08:09:41.6935473Z"},"location":"eastus","tags":{"key":"value"},"id":"/subscriptions/00000000-0000-0000-0000-000000000000/resourceGroups/clitest.rg000001/providers/Microsoft.SignalRService/SignalR/signalr000002","name":"signalr000002","type":"Microsoft.SignalRService/SignalR"}'
    headers:
      azure-asyncoperation:
      - https://management.azure.com/subscriptions/00000000-0000-0000-0000-000000000000/resourceGroups/clitest.rg000001/providers/Microsoft.SignalRService/locations/eastus/operationStatuses/32241617-6a7f-44c6-b316-7bd289e6024a/SignalR/signalr000002?api-version=2021-04-01-preview
      cache-control:
      - no-cache
      content-length:
      - '1375'
      content-type:
      - application/json; charset=utf-8
      date:
      - Fri, 28 May 2021 08:09:46 GMT
      expires:
      - '-1'
      location:
      - https://management.azure.com/subscriptions/00000000-0000-0000-0000-000000000000/resourceGroups/clitest.rg000001/providers/Microsoft.SignalRService/locations/eastus/operationResults/32241617-6a7f-44c6-b316-7bd289e6024a/SignalR/signalr000002?api-version=2021-04-01-preview
      pragma:
      - no-cache
      server:
      - Kestrel
      strict-transport-security:
      - max-age=31536000; includeSubDomains
      x-content-type-options:
      - nosniff
      x-ms-ratelimit-remaining-subscription-writes:
      - '1197'
      x-rp-server-mvid:
      - 984a9db1-8dbb-44a5-825f-40facb4f334c
    status:
      code: 201
      message: Created
- request:
    body: null
    headers:
      Accept:
      - '*/*'
      Accept-Encoding:
      - gzip, deflate
      CommandName:
      - signalr create
      Connection:
      - keep-alive
      ParameterSetName:
      - -n -g --sku --unit-count -l --tags --service-mode --allowed-origins --default-action
      User-Agent:
      - AZURECLI/2.23.0 azsdk-python-mgmt-signalr/1.0.0b2 Python/3.9.2 (Windows-10-10.0.19041-SP0)
    method: GET
    uri: https://management.azure.com/subscriptions/00000000-0000-0000-0000-000000000000/resourceGroups/clitest.rg000001/providers/Microsoft.SignalRService/locations/eastus/operationStatuses/32241617-6a7f-44c6-b316-7bd289e6024a/SignalR/signalr000002?api-version=2021-04-01-preview
  response:
    body:
      string: '{"id":"/subscriptions/00000000-0000-0000-0000-000000000000/resourceGroups/clitest.rg000001/providers/Microsoft.SignalRService/locations/eastus/operationStatuses/32241617-6a7f-44c6-b316-7bd289e6024a/SignalR/signalr000002","name":"32241617-6a7f-44c6-b316-7bd289e6024a","status":"Running","startTime":"2021-05-28T08:09:43.7089872Z"}'
    headers:
      cache-control:
      - no-cache
      content-length:
      - '336'
      content-type:
      - application/json; charset=utf-8
      date:
      - Fri, 28 May 2021 08:10:16 GMT
      expires:
      - '-1'
      pragma:
      - no-cache
      server:
      - Kestrel
      strict-transport-security:
      - max-age=31536000; includeSubDomains
      transfer-encoding:
      - chunked
      vary:
      - Accept-Encoding
      x-content-type-options:
      - nosniff
      x-rp-server-mvid:
      - 984a9db1-8dbb-44a5-825f-40facb4f334c
    status:
      code: 200
      message: OK
- request:
    body: null
    headers:
      Accept:
      - '*/*'
      Accept-Encoding:
      - gzip, deflate
      CommandName:
      - signalr create
      Connection:
      - keep-alive
      ParameterSetName:
      - -n -g --sku --unit-count -l --tags --service-mode --allowed-origins --default-action
      User-Agent:
      - AZURECLI/2.23.0 azsdk-python-mgmt-signalr/1.0.0b2 Python/3.9.2 (Windows-10-10.0.19041-SP0)
    method: GET
    uri: https://management.azure.com/subscriptions/00000000-0000-0000-0000-000000000000/resourceGroups/clitest.rg000001/providers/Microsoft.SignalRService/locations/eastus/operationStatuses/32241617-6a7f-44c6-b316-7bd289e6024a/SignalR/signalr000002?api-version=2021-04-01-preview
  response:
    body:
      string: '{"id":"/subscriptions/00000000-0000-0000-0000-000000000000/resourceGroups/clitest.rg000001/providers/Microsoft.SignalRService/locations/eastus/operationStatuses/32241617-6a7f-44c6-b316-7bd289e6024a/SignalR/signalr000002","name":"32241617-6a7f-44c6-b316-7bd289e6024a","status":"Running","startTime":"2021-05-28T08:09:43.7089872Z"}'
    headers:
      cache-control:
      - no-cache
      content-length:
      - '336'
      content-type:
      - application/json; charset=utf-8
      date:
      - Fri, 28 May 2021 08:10:46 GMT
      expires:
      - '-1'
      pragma:
      - no-cache
      server:
      - Kestrel
      strict-transport-security:
      - max-age=31536000; includeSubDomains
      transfer-encoding:
      - chunked
      vary:
      - Accept-Encoding
      x-content-type-options:
      - nosniff
      x-rp-server-mvid:
      - 984a9db1-8dbb-44a5-825f-40facb4f334c
    status:
      code: 200
      message: OK
- request:
    body: null
    headers:
      Accept:
      - '*/*'
      Accept-Encoding:
      - gzip, deflate
      CommandName:
      - signalr create
      Connection:
      - keep-alive
      ParameterSetName:
      - -n -g --sku --unit-count -l --tags --service-mode --allowed-origins --default-action
      User-Agent:
      - AZURECLI/2.23.0 azsdk-python-mgmt-signalr/1.0.0b2 Python/3.9.2 (Windows-10-10.0.19041-SP0)
    method: GET
    uri: https://management.azure.com/subscriptions/00000000-0000-0000-0000-000000000000/resourceGroups/clitest.rg000001/providers/Microsoft.SignalRService/locations/eastus/operationStatuses/32241617-6a7f-44c6-b316-7bd289e6024a/SignalR/signalr000002?api-version=2021-04-01-preview
  response:
    body:
      string: '{"id":"/subscriptions/00000000-0000-0000-0000-000000000000/resourceGroups/clitest.rg000001/providers/Microsoft.SignalRService/locations/eastus/operationStatuses/32241617-6a7f-44c6-b316-7bd289e6024a/SignalR/signalr000002","name":"32241617-6a7f-44c6-b316-7bd289e6024a","status":"Succeeded","startTime":"2021-05-28T08:09:43.7089872Z","endTime":"2021-05-28T08:11:01.3101469Z"}'
    headers:
      cache-control:
      - no-cache
      content-length:
      - '379'
      content-type:
      - application/json; charset=utf-8
      date:
      - Fri, 28 May 2021 08:11:17 GMT
      expires:
      - '-1'
      pragma:
      - no-cache
      server:
      - Kestrel
      strict-transport-security:
      - max-age=31536000; includeSubDomains
      transfer-encoding:
      - chunked
      vary:
      - Accept-Encoding
      x-content-type-options:
      - nosniff
      x-rp-server-mvid:
      - 984a9db1-8dbb-44a5-825f-40facb4f334c
    status:
      code: 200
      message: OK
- request:
    body: null
    headers:
      Accept:
      - '*/*'
      Accept-Encoding:
      - gzip, deflate
      CommandName:
      - signalr create
      Connection:
      - keep-alive
      ParameterSetName:
      - -n -g --sku --unit-count -l --tags --service-mode --allowed-origins --default-action
      User-Agent:
      - AZURECLI/2.23.0 azsdk-python-mgmt-signalr/1.0.0b2 Python/3.9.2 (Windows-10-10.0.19041-SP0)
    method: GET
    uri: https://management.azure.com/subscriptions/00000000-0000-0000-0000-000000000000/resourceGroups/clitest.rg000001/providers/Microsoft.SignalRService/signalR/signalr000002?api-version=2021-04-01-preview
  response:
    body:
      string: '{"sku":{"name":"Standard_S1","tier":"Standard","size":"S1","capacity":1},"properties":{"provisioningState":"Succeeded","externalIP":"40.71.15.8","hostName":"signalr000002.service.signalr.net","publicPort":443,"serverPort":443,"version":"1.0","privateEndpointConnections":[],"sharedPrivateLinkResources":[],"tls":{"clientCertEnabled":false},"features":[{"flag":"ServiceMode","value":"Classic","properties":{}},{"flag":"EnableConnectivityLogs","value":"False","properties":{}},{"flag":"EnableMessagingLogs","value":"False","properties":{}},{"flag":"EnableLiveTrace","value":"False","properties":{}}],"cors":{"allowedOrigins":["http://example1.com","http://example2.com"]},"upstream":{"templates":null},"networkACLs":{"defaultAction":"Deny","publicNetwork":{"allow":["ServerConnection","ClientConnection","RESTAPI","Trace"],"deny":null},"privateEndpoints":[]}},"kind":"SignalR","systemData":{"createdBy":"chenyl@microsoft.com","createdByType":"User","createdAt":"2021-05-28T08:09:41.6935473Z","lastModifiedBy":"chenyl@microsoft.com","lastModifiedByType":"User","lastModifiedAt":"2021-05-28T08:09:41.6935473Z"},"location":"eastus","tags":{"key":"value"},"id":"/subscriptions/00000000-0000-0000-0000-000000000000/resourceGroups/clitest.rg000001/providers/Microsoft.SignalRService/SignalR/signalr000002","name":"signalr000002","type":"Microsoft.SignalRService/SignalR"}'
    headers:
      cache-control:
      - no-cache
      content-length:
      - '1376'
      content-type:
      - application/json; charset=utf-8
      date:
      - Fri, 28 May 2021 08:11:18 GMT
      expires:
      - '-1'
      pragma:
      - no-cache
      server:
      - Kestrel
      strict-transport-security:
      - max-age=31536000; includeSubDomains
      transfer-encoding:
      - chunked
      vary:
      - Accept-Encoding
      x-content-type-options:
      - nosniff
      x-rp-server-mvid:
      - 984a9db1-8dbb-44a5-825f-40facb4f334c
    status:
      code: 200
      message: OK
- request:
    body: '{"properties": {"upstream": {"templates": [{"hubPattern": "chat", "eventPattern":
      "connected", "categoryPattern": "connections", "urlTemplate": "http://host1.com"},
      {"categoryPattern": "messages", "urlTemplate": "http://host2.com"}]}}}'
    headers:
      Accept:
      - application/json
      Accept-Encoding:
      - gzip, deflate
      CommandName:
      - signalr upstream update
      Connection:
      - keep-alive
      Content-Length:
      - '235'
      Content-Type:
      - application/json
      ParameterSetName:
      - -n -g --template --template
      User-Agent:
      - AZURECLI/2.23.0 azsdk-python-mgmt-signalr/1.0.0b2 Python/3.9.2 (Windows-10-10.0.19041-SP0)
    method: PATCH
    uri: https://management.azure.com/subscriptions/00000000-0000-0000-0000-000000000000/resourceGroups/clitest.rg000001/providers/Microsoft.SignalRService/signalR/signalr000002?api-version=2021-04-01-preview
  response:
    body:
      string: ''
    headers:
      azure-asyncoperation:
      - https://management.azure.com/subscriptions/00000000-0000-0000-0000-000000000000/resourceGroups/clitest.rg000001/providers/Microsoft.SignalRService/locations/eastus/operationStatuses/345688b4-3d0d-45d0-898c-84cc7c3fb8f8/SignalR/signalr000002?api-version=2021-04-01-preview
      cache-control:
      - no-cache
      content-length:
      - '0'
      date:
      - Fri, 28 May 2021 08:11:20 GMT
      expires:
      - '-1'
      location:
      - https://management.azure.com/subscriptions/00000000-0000-0000-0000-000000000000/resourceGroups/clitest.rg000001/providers/Microsoft.SignalRService/locations/eastus/operationResults/345688b4-3d0d-45d0-898c-84cc7c3fb8f8/SignalR/signalr000002?api-version=2021-04-01-preview
      pragma:
      - no-cache
      server:
      - Kestrel
      strict-transport-security:
      - max-age=31536000; includeSubDomains
      x-content-type-options:
      - nosniff
      x-ms-ratelimit-remaining-subscription-writes:
      - '1198'
      x-rp-server-mvid:
      - 984a9db1-8dbb-44a5-825f-40facb4f334c
    status:
      code: 202
      message: Accepted
- request:
    body: null
    headers:
      Accept:
      - '*/*'
      Accept-Encoding:
      - gzip, deflate
      CommandName:
      - signalr upstream update
      Connection:
      - keep-alive
      ParameterSetName:
      - -n -g --template --template
      User-Agent:
      - AZURECLI/2.23.0 azsdk-python-mgmt-signalr/1.0.0b2 Python/3.9.2 (Windows-10-10.0.19041-SP0)
    method: GET
    uri: https://management.azure.com/subscriptions/00000000-0000-0000-0000-000000000000/resourceGroups/clitest.rg000001/providers/Microsoft.SignalRService/locations/eastus/operationStatuses/345688b4-3d0d-45d0-898c-84cc7c3fb8f8/SignalR/signalr000002?api-version=2021-04-01-preview
  response:
    body:
      string: '{"id":"/subscriptions/00000000-0000-0000-0000-000000000000/resourceGroups/clitest.rg000001/providers/Microsoft.SignalRService/locations/eastus/operationStatuses/345688b4-3d0d-45d0-898c-84cc7c3fb8f8/SignalR/signalr000002","name":"345688b4-3d0d-45d0-898c-84cc7c3fb8f8","status":"Running","startTime":"2021-05-28T08:11:20.3300527Z"}'
    headers:
      cache-control:
      - no-cache
      content-length:
      - '336'
      content-type:
      - application/json; charset=utf-8
      date:
      - Fri, 28 May 2021 08:11:50 GMT
      expires:
      - '-1'
      pragma:
      - no-cache
      server:
      - Kestrel
      strict-transport-security:
      - max-age=31536000; includeSubDomains
      transfer-encoding:
      - chunked
      vary:
      - Accept-Encoding
      x-content-type-options:
      - nosniff
      x-rp-server-mvid:
      - 984a9db1-8dbb-44a5-825f-40facb4f334c
    status:
      code: 200
      message: OK
- request:
    body: null
    headers:
      Accept:
      - '*/*'
      Accept-Encoding:
      - gzip, deflate
      CommandName:
      - signalr upstream update
      Connection:
      - keep-alive
      ParameterSetName:
      - -n -g --template --template
      User-Agent:
      - AZURECLI/2.23.0 azsdk-python-mgmt-signalr/1.0.0b2 Python/3.9.2 (Windows-10-10.0.19041-SP0)
    method: GET
    uri: https://management.azure.com/subscriptions/00000000-0000-0000-0000-000000000000/resourceGroups/clitest.rg000001/providers/Microsoft.SignalRService/locations/eastus/operationStatuses/345688b4-3d0d-45d0-898c-84cc7c3fb8f8/SignalR/signalr000002?api-version=2021-04-01-preview
  response:
    body:
      string: '{"id":"/subscriptions/00000000-0000-0000-0000-000000000000/resourceGroups/clitest.rg000001/providers/Microsoft.SignalRService/locations/eastus/operationStatuses/345688b4-3d0d-45d0-898c-84cc7c3fb8f8/SignalR/signalr000002","name":"345688b4-3d0d-45d0-898c-84cc7c3fb8f8","status":"Running","startTime":"2021-05-28T08:11:20.3300527Z"}'
    headers:
      cache-control:
      - no-cache
      content-length:
      - '336'
      content-type:
      - application/json; charset=utf-8
      date:
      - Fri, 28 May 2021 08:12:20 GMT
      expires:
      - '-1'
      pragma:
      - no-cache
      server:
      - Kestrel
      strict-transport-security:
      - max-age=31536000; includeSubDomains
      transfer-encoding:
      - chunked
      vary:
      - Accept-Encoding
      x-content-type-options:
      - nosniff
      x-rp-server-mvid:
      - 984a9db1-8dbb-44a5-825f-40facb4f334c
    status:
      code: 200
      message: OK
- request:
    body: null
    headers:
      Accept:
      - '*/*'
      Accept-Encoding:
      - gzip, deflate
      CommandName:
      - signalr upstream update
      Connection:
      - keep-alive
      ParameterSetName:
      - -n -g --template --template
      User-Agent:
      - AZURECLI/2.23.0 azsdk-python-mgmt-signalr/1.0.0b2 Python/3.9.2 (Windows-10-10.0.19041-SP0)
    method: GET
    uri: https://management.azure.com/subscriptions/00000000-0000-0000-0000-000000000000/resourceGroups/clitest.rg000001/providers/Microsoft.SignalRService/locations/eastus/operationStatuses/345688b4-3d0d-45d0-898c-84cc7c3fb8f8/SignalR/signalr000002?api-version=2021-04-01-preview
  response:
    body:
      string: '{"id":"/subscriptions/00000000-0000-0000-0000-000000000000/resourceGroups/clitest.rg000001/providers/Microsoft.SignalRService/locations/eastus/operationStatuses/345688b4-3d0d-45d0-898c-84cc7c3fb8f8/SignalR/signalr000002","name":"345688b4-3d0d-45d0-898c-84cc7c3fb8f8","status":"Succeeded","startTime":"2021-05-28T08:11:20.3300527Z","endTime":"2021-05-28T08:12:37.4261716Z"}'
    headers:
      cache-control:
      - no-cache
      content-length:
      - '379'
      content-type:
      - application/json; charset=utf-8
      date:
      - Fri, 28 May 2021 08:12:50 GMT
      expires:
      - '-1'
      pragma:
      - no-cache
      server:
      - Kestrel
      strict-transport-security:
      - max-age=31536000; includeSubDomains
      transfer-encoding:
      - chunked
      vary:
      - Accept-Encoding
      x-content-type-options:
      - nosniff
      x-rp-server-mvid:
      - 984a9db1-8dbb-44a5-825f-40facb4f334c
    status:
      code: 200
      message: OK
- request:
    body: null
    headers:
      Accept:
      - '*/*'
      Accept-Encoding:
      - gzip, deflate
      CommandName:
      - signalr upstream update
      Connection:
      - keep-alive
      ParameterSetName:
      - -n -g --template --template
      User-Agent:
      - AZURECLI/2.23.0 azsdk-python-mgmt-signalr/1.0.0b2 Python/3.9.2 (Windows-10-10.0.19041-SP0)
    method: GET
    uri: https://management.azure.com/subscriptions/00000000-0000-0000-0000-000000000000/resourceGroups/clitest.rg000001/providers/Microsoft.SignalRService/signalR/signalr000002?api-version=2021-04-01-preview
  response:
    body:
      string: '{"sku":{"name":"Standard_S1","tier":"Standard","size":"S1","capacity":1},"properties":{"provisioningState":"Succeeded","externalIP":"40.71.15.8","hostName":"signalr000002.service.signalr.net","publicPort":443,"serverPort":443,"version":"1.0","privateEndpointConnections":[],"sharedPrivateLinkResources":[],"tls":{"clientCertEnabled":false},"features":[{"flag":"ServiceMode","value":"Classic","properties":{}},{"flag":"EnableConnectivityLogs","value":"False","properties":{}},{"flag":"EnableMessagingLogs","value":"False","properties":{}},{"flag":"EnableLiveTrace","value":"False","properties":{}}],"cors":{"allowedOrigins":["http://example1.com","http://example2.com"]},"upstream":{"templates":[{"hubPattern":"chat","eventPattern":"connected","categoryPattern":"connections","urlTemplate":"http://host1.com","auth":null},{"hubPattern":"*","eventPattern":"*","categoryPattern":"messages","urlTemplate":"http://host2.com","auth":null}]},"networkACLs":{"defaultAction":"Deny","publicNetwork":{"allow":["ServerConnection","ClientConnection","RESTAPI","Trace"],"deny":null},"privateEndpoints":[]}},"kind":"SignalR","systemData":{"createdBy":"chenyl@microsoft.com","createdByType":"User","createdAt":"2021-05-28T08:09:41.6935473Z","lastModifiedBy":"chenyl@microsoft.com","lastModifiedByType":"User","lastModifiedAt":"2021-05-28T08:11:19.524055Z"},"location":"eastus","tags":{"key":"value"},"id":"/subscriptions/00000000-0000-0000-0000-000000000000/resourceGroups/clitest.rg000001/providers/Microsoft.SignalRService/SignalR/signalr000002","name":"signalr000002","type":"Microsoft.SignalRService/SignalR"}'
    headers:
      cache-control:
      - no-cache
      content-length:
      - '1610'
      content-type:
      - application/json; charset=utf-8
      date:
      - Fri, 28 May 2021 08:12:51 GMT
      expires:
      - '-1'
      pragma:
      - no-cache
      server:
      - Kestrel
      strict-transport-security:
      - max-age=31536000; includeSubDomains
      transfer-encoding:
      - chunked
      vary:
      - Accept-Encoding
      x-content-type-options:
      - nosniff
      x-rp-server-mvid:
      - 984a9db1-8dbb-44a5-825f-40facb4f334c
    status:
      code: 200
      message: OK
- request:
    body: null
    headers:
      Accept:
      - application/json
      Accept-Encoding:
      - gzip, deflate
      CommandName:
      - signalr upstream list
      Connection:
      - keep-alive
      ParameterSetName:
      - -n -g
      User-Agent:
      - AZURECLI/2.23.0 azsdk-python-mgmt-signalr/1.0.0b2 Python/3.9.2 (Windows-10-10.0.19041-SP0)
    method: GET
    uri: https://management.azure.com/subscriptions/00000000-0000-0000-0000-000000000000/resourceGroups/clitest.rg000001/providers/Microsoft.SignalRService/signalR/signalr000002?api-version=2021-04-01-preview
  response:
    body:
      string: '{"sku":{"name":"Standard_S1","tier":"Standard","size":"S1","capacity":1},"properties":{"provisioningState":"Succeeded","externalIP":"40.71.15.8","hostName":"signalr000002.service.signalr.net","publicPort":443,"serverPort":443,"version":"1.0","privateEndpointConnections":[],"sharedPrivateLinkResources":[],"tls":{"clientCertEnabled":false},"features":[{"flag":"ServiceMode","value":"Classic","properties":{}},{"flag":"EnableConnectivityLogs","value":"False","properties":{}},{"flag":"EnableMessagingLogs","value":"False","properties":{}},{"flag":"EnableLiveTrace","value":"False","properties":{}}],"cors":{"allowedOrigins":["http://example1.com","http://example2.com"]},"upstream":{"templates":[{"hubPattern":"chat","eventPattern":"connected","categoryPattern":"connections","urlTemplate":"http://host1.com","auth":null},{"hubPattern":"*","eventPattern":"*","categoryPattern":"messages","urlTemplate":"http://host2.com","auth":null}]},"networkACLs":{"defaultAction":"Deny","publicNetwork":{"allow":["ServerConnection","ClientConnection","RESTAPI","Trace"],"deny":null},"privateEndpoints":[]}},"kind":"SignalR","systemData":{"createdBy":"chenyl@microsoft.com","createdByType":"User","createdAt":"2021-05-28T08:09:41.6935473Z","lastModifiedBy":"chenyl@microsoft.com","lastModifiedByType":"User","lastModifiedAt":"2021-05-28T08:11:19.524055Z"},"location":"eastus","tags":{"key":"value"},"id":"/subscriptions/00000000-0000-0000-0000-000000000000/resourceGroups/clitest.rg000001/providers/Microsoft.SignalRService/SignalR/signalr000002","name":"signalr000002","type":"Microsoft.SignalRService/SignalR"}'
    headers:
      cache-control:
      - no-cache
      content-length:
      - '1610'
      content-type:
      - application/json; charset=utf-8
      date:
      - Fri, 28 May 2021 08:12:53 GMT
      expires:
      - '-1'
      pragma:
      - no-cache
      server:
      - Kestrel
      strict-transport-security:
      - max-age=31536000; includeSubDomains
      transfer-encoding:
      - chunked
      vary:
      - Accept-Encoding
      x-content-type-options:
      - nosniff
      x-rp-server-mvid:
      - 984a9db1-8dbb-44a5-825f-40facb4f334c
    status:
      code: 200
      message: OK
- request:
    body: '{"properties": {"upstream": {"templates": []}}}'
    headers:
      Accept:
      - application/json
      Accept-Encoding:
      - gzip, deflate
      CommandName:
      - signalr upstream clear
      Connection:
      - keep-alive
      Content-Length:
      - '47'
      Content-Type:
      - application/json
      ParameterSetName:
      - -n -g
      User-Agent:
      - AZURECLI/2.23.0 azsdk-python-mgmt-signalr/1.0.0b2 Python/3.9.2 (Windows-10-10.0.19041-SP0)
    method: PATCH
    uri: https://management.azure.com/subscriptions/00000000-0000-0000-0000-000000000000/resourceGroups/clitest.rg000001/providers/Microsoft.SignalRService/signalR/signalr000002?api-version=2021-04-01-preview
  response:
    body:
      string: ''
    headers:
      azure-asyncoperation:
      - https://management.azure.com/subscriptions/00000000-0000-0000-0000-000000000000/resourceGroups/clitest.rg000001/providers/Microsoft.SignalRService/locations/eastus/operationStatuses/b056c9b3-7991-4f17-ac99-40ee86956321/SignalR/signalr000002?api-version=2021-04-01-preview
      cache-control:
      - no-cache
      content-length:
      - '0'
      date:
      - Fri, 28 May 2021 08:12:54 GMT
      expires:
      - '-1'
      location:
      - https://management.azure.com/subscriptions/00000000-0000-0000-0000-000000000000/resourceGroups/clitest.rg000001/providers/Microsoft.SignalRService/locations/eastus/operationResults/b056c9b3-7991-4f17-ac99-40ee86956321/SignalR/signalr000002?api-version=2021-04-01-preview
      pragma:
      - no-cache
      server:
      - Kestrel
      strict-transport-security:
      - max-age=31536000; includeSubDomains
      x-content-type-options:
      - nosniff
      x-ms-ratelimit-remaining-subscription-writes:
      - '1199'
      x-rp-server-mvid:
      - 984a9db1-8dbb-44a5-825f-40facb4f334c
    status:
      code: 202
      message: Accepted
- request:
    body: null
    headers:
      Accept:
      - '*/*'
      Accept-Encoding:
      - gzip, deflate
      CommandName:
      - signalr upstream clear
      Connection:
      - keep-alive
      ParameterSetName:
      - -n -g
      User-Agent:
      - AZURECLI/2.23.0 azsdk-python-mgmt-signalr/1.0.0b2 Python/3.9.2 (Windows-10-10.0.19041-SP0)
    method: GET
    uri: https://management.azure.com/subscriptions/00000000-0000-0000-0000-000000000000/resourceGroups/clitest.rg000001/providers/Microsoft.SignalRService/locations/eastus/operationStatuses/b056c9b3-7991-4f17-ac99-40ee86956321/SignalR/signalr000002?api-version=2021-04-01-preview
  response:
    body:
      string: '{"id":"/subscriptions/00000000-0000-0000-0000-000000000000/resourceGroups/clitest.rg000001/providers/Microsoft.SignalRService/locations/eastus/operationStatuses/b056c9b3-7991-4f17-ac99-40ee86956321/SignalR/signalr000002","name":"b056c9b3-7991-4f17-ac99-40ee86956321","status":"Running","startTime":"2021-05-28T08:12:55.5892148Z"}'
    headers:
      cache-control:
      - no-cache
      content-length:
      - '336'
      content-type:
      - application/json; charset=utf-8
      date:
      - Fri, 28 May 2021 08:13:26 GMT
      expires:
      - '-1'
      pragma:
      - no-cache
      server:
      - Kestrel
      strict-transport-security:
      - max-age=31536000; includeSubDomains
      transfer-encoding:
      - chunked
      vary:
      - Accept-Encoding
      x-content-type-options:
      - nosniff
      x-rp-server-mvid:
      - 984a9db1-8dbb-44a5-825f-40facb4f334c
    status:
      code: 200
      message: OK
- request:
    body: null
    headers:
      Accept:
      - '*/*'
      Accept-Encoding:
      - gzip, deflate
      CommandName:
      - signalr upstream clear
      Connection:
      - keep-alive
      ParameterSetName:
      - -n -g
      User-Agent:
      - AZURECLI/2.23.0 azsdk-python-mgmt-signalr/1.0.0b2 Python/3.9.2 (Windows-10-10.0.19041-SP0)
    method: GET
    uri: https://management.azure.com/subscriptions/00000000-0000-0000-0000-000000000000/resourceGroups/clitest.rg000001/providers/Microsoft.SignalRService/locations/eastus/operationStatuses/b056c9b3-7991-4f17-ac99-40ee86956321/SignalR/signalr000002?api-version=2021-04-01-preview
  response:
    body:
      string: '{"id":"/subscriptions/00000000-0000-0000-0000-000000000000/resourceGroups/clitest.rg000001/providers/Microsoft.SignalRService/locations/eastus/operationStatuses/b056c9b3-7991-4f17-ac99-40ee86956321/SignalR/signalr000002","name":"b056c9b3-7991-4f17-ac99-40ee86956321","status":"Running","startTime":"2021-05-28T08:12:55.5892148Z"}'
    headers:
      cache-control:
      - no-cache
      content-length:
      - '336'
      content-type:
      - application/json; charset=utf-8
      date:
      - Fri, 28 May 2021 08:13:56 GMT
      expires:
      - '-1'
      pragma:
      - no-cache
      server:
      - Kestrel
      strict-transport-security:
      - max-age=31536000; includeSubDomains
      transfer-encoding:
      - chunked
      vary:
      - Accept-Encoding
      x-content-type-options:
      - nosniff
      x-rp-server-mvid:
      - 984a9db1-8dbb-44a5-825f-40facb4f334c
    status:
      code: 200
      message: OK
- request:
    body: null
    headers:
      Accept:
      - '*/*'
      Accept-Encoding:
      - gzip, deflate
      CommandName:
      - signalr upstream clear
      Connection:
      - keep-alive
      ParameterSetName:
      - -n -g
      User-Agent:
      - AZURECLI/2.23.0 azsdk-python-mgmt-signalr/1.0.0b2 Python/3.9.2 (Windows-10-10.0.19041-SP0)
    method: GET
    uri: https://management.azure.com/subscriptions/00000000-0000-0000-0000-000000000000/resourceGroups/clitest.rg000001/providers/Microsoft.SignalRService/locations/eastus/operationStatuses/b056c9b3-7991-4f17-ac99-40ee86956321/SignalR/signalr000002?api-version=2021-04-01-preview
  response:
    body:
      string: '{"id":"/subscriptions/00000000-0000-0000-0000-000000000000/resourceGroups/clitest.rg000001/providers/Microsoft.SignalRService/locations/eastus/operationStatuses/b056c9b3-7991-4f17-ac99-40ee86956321/SignalR/signalr000002","name":"b056c9b3-7991-4f17-ac99-40ee86956321","status":"Succeeded","startTime":"2021-05-28T08:12:55.5892148Z","endTime":"2021-05-28T08:14:13.5738909Z"}'
    headers:
      cache-control:
      - no-cache
      content-length:
      - '379'
      content-type:
      - application/json; charset=utf-8
      date:
      - Fri, 28 May 2021 08:14:26 GMT
      expires:
      - '-1'
      pragma:
      - no-cache
      server:
      - Kestrel
      strict-transport-security:
      - max-age=31536000; includeSubDomains
      transfer-encoding:
      - chunked
      vary:
      - Accept-Encoding
      x-content-type-options:
      - nosniff
      x-rp-server-mvid:
      - 984a9db1-8dbb-44a5-825f-40facb4f334c
    status:
      code: 200
      message: OK
- request:
    body: null
    headers:
      Accept:
      - '*/*'
      Accept-Encoding:
      - gzip, deflate
      CommandName:
      - signalr upstream clear
      Connection:
      - keep-alive
      ParameterSetName:
      - -n -g
      User-Agent:
      - AZURECLI/2.23.0 azsdk-python-mgmt-signalr/1.0.0b2 Python/3.9.2 (Windows-10-10.0.19041-SP0)
    method: GET
    uri: https://management.azure.com/subscriptions/00000000-0000-0000-0000-000000000000/resourceGroups/clitest.rg000001/providers/Microsoft.SignalRService/signalR/signalr000002?api-version=2021-04-01-preview
  response:
    body:
      string: '{"sku":{"name":"Standard_S1","tier":"Standard","size":"S1","capacity":1},"properties":{"provisioningState":"Succeeded","externalIP":"40.71.15.8","hostName":"signalr000002.service.signalr.net","publicPort":443,"serverPort":443,"version":"1.0","privateEndpointConnections":[],"sharedPrivateLinkResources":[],"tls":{"clientCertEnabled":false},"features":[{"flag":"ServiceMode","value":"Classic","properties":{}},{"flag":"EnableConnectivityLogs","value":"False","properties":{}},{"flag":"EnableMessagingLogs","value":"False","properties":{}},{"flag":"EnableLiveTrace","value":"False","properties":{}}],"cors":{"allowedOrigins":["http://example1.com","http://example2.com"]},"upstream":{"templates":[]},"networkACLs":{"defaultAction":"Deny","publicNetwork":{"allow":["ServerConnection","ClientConnection","RESTAPI","Trace"],"deny":null},"privateEndpoints":[]}},"kind":"SignalR","systemData":{"createdBy":"chenyl@microsoft.com","createdByType":"User","createdAt":"2021-05-28T08:09:41.6935473Z","lastModifiedBy":"chenyl@microsoft.com","lastModifiedByType":"User","lastModifiedAt":"2021-05-28T08:12:55.460187Z"},"location":"eastus","tags":{"key":"value"},"id":"/subscriptions/00000000-0000-0000-0000-000000000000/resourceGroups/clitest.rg000001/providers/Microsoft.SignalRService/SignalR/signalr000002","name":"signalr000002","type":"Microsoft.SignalRService/SignalR"}'
    headers:
      cache-control:
      - no-cache
      content-length:
      - '1373'
      content-type:
      - application/json; charset=utf-8
      date:
      - Fri, 28 May 2021 08:14:26 GMT
      expires:
      - '-1'
      pragma:
      - no-cache
      server:
      - Kestrel
      strict-transport-security:
      - max-age=31536000; includeSubDomains
      transfer-encoding:
      - chunked
      vary:
      - Accept-Encoding
      x-content-type-options:
      - nosniff
      x-rp-server-mvid:
      - 984a9db1-8dbb-44a5-825f-40facb4f334c
    status:
      code: 200
      message: OK
version: 1
