interactions:
- request:
    body: '{"location": "westus", "tags": {"cause": "automation", "date": "2018-05-21T17:42:48Z",
      "product": "azurecli"}}'
    headers:
      Accept: [application/json]
      Accept-Encoding: ['gzip, deflate']
      CommandName: [group create]
      Connection: [keep-alive]
      Content-Length: ['110']
      Content-Type: [application/json; charset=utf-8]
      User-Agent: [python/3.5.2 (Windows-10-10.0.17134-SP0) requests/2.18.4 msrest/0.4.29
          msrest_azure/0.4.29 resourcemanagementclient/1.2.1 Azure-SDK-For-Python
          AZURECLI/2.0.33]
      accept-language: [en-US]
    method: PUT
    uri: https://management.azure.com/subscriptions/00000000-0000-0000-0000-000000000000/resourcegroups/cli_test_vmss_lb_sku000001?api-version=2016-02-01
  response:
    body: {string: '{"id":"/subscriptions/00000000-0000-0000-0000-000000000000/resourceGroups/cli_test_vmss_lb_sku000001","name":"cli_test_vmss_lb_sku000001","location":"westus","tags":{"cause":"automation","date":"2018-05-21T17:42:48Z","product":"azurecli"},"properties":{"provisioningState":"Succeeded"}}'}
    headers:
      cache-control: [no-cache]
      content-length: ['384']
      content-type: [application/json; charset=utf-8]
      date: ['Mon, 21 May 2018 17:42:48 GMT']
      expires: ['-1']
      pragma: [no-cache]
      strict-transport-security: [max-age=31536000; includeSubDomains]
      x-content-type-options: [nosniff]
      x-ms-ratelimit-remaining-subscription-writes: ['1199']
    status: {code: 201, message: Created}
- request:
    body: null
    headers:
      Accept: ['*/*']
      Accept-Encoding: ['gzip, deflate']
      Connection: [keep-alive]
      User-Agent: [python-requests/2.18.4]
    method: GET
    uri: https://raw.githubusercontent.com/Azure/azure-rest-api-specs/master/arm-compute/quickstart-templates/aliases.json
  response:
    body: {string: "{\n  \"$schema\":\"http://schema.management.azure.com/schemas/2015-01-01/deploymentTemplate.json\"\
        ,\n  \"contentVersion\":\"1.0.0.0\",\n  \"parameters\":{},\n  \"variables\"\
        :{},\n  \"resources\":[],\n\n  \"outputs\":{\n    \"aliases\":{\n      \"\
        type\":\"object\",\n      \"value\":{\n\n        \"Linux\":{\n          \"\
        CentOS\":{\n            \"publisher\":\"OpenLogic\",\n            \"offer\"\
        :\"CentOS\",\n            \"sku\":\"7.3\",\n            \"version\":\"latest\"\
        \n          },\n          \"CoreOS\":{\n            \"publisher\":\"CoreOS\"\
        ,\n            \"offer\":\"CoreOS\",\n            \"sku\":\"Stable\",\n  \
        \          \"version\":\"latest\"\n          },\n          \"Debian\":{\n\
        \            \"publisher\":\"credativ\",\n            \"offer\":\"Debian\"\
        ,\n            \"sku\":\"8\",\n            \"version\":\"latest\"\n      \
        \    },\n          \"openSUSE-Leap\": {\n            \"publisher\":\"SUSE\"\
        ,\n            \"offer\":\"openSUSE-Leap\",\n            \"sku\":\"42.3\"\
        ,\n            \"version\": \"latest\"\n          },\n          \"RHEL\":{\n\
        \            \"publisher\":\"RedHat\",\n            \"offer\":\"RHEL\",\n\
        \            \"sku\":\"7.3\",\n            \"version\":\"latest\"\n      \
        \    },\n          \"SLES\":{\n            \"publisher\":\"SUSE\",\n     \
        \       \"offer\":\"SLES\",\n            \"sku\":\"12-SP2\",\n           \
        \ \"version\":\"latest\"\n          },\n          \"UbuntuLTS\":{\n      \
        \      \"publisher\":\"Canonical\",\n            \"offer\":\"UbuntuServer\"\
        ,\n            \"sku\":\"16.04-LTS\",\n            \"version\":\"latest\"\n\
        \          }\n        },\n\n        \"Windows\":{\n          \"Win2016Datacenter\"\
        :{\n            \"publisher\":\"MicrosoftWindowsServer\",\n            \"\
        offer\":\"WindowsServer\",\n            \"sku\":\"2016-Datacenter\",\n   \
        \         \"version\":\"latest\"\n          },\n          \"Win2012R2Datacenter\"\
        :{\n            \"publisher\":\"MicrosoftWindowsServer\",\n            \"\
        offer\":\"WindowsServer\",\n            \"sku\":\"2012-R2-Datacenter\",\n\
        \            \"version\":\"latest\"\n          },\n          \"Win2012Datacenter\"\
        :{\n            \"publisher\":\"MicrosoftWindowsServer\",\n            \"\
        offer\":\"WindowsServer\",\n            \"sku\":\"2012-Datacenter\",\n   \
        \         \"version\":\"latest\"\n          },\n          \"Win2008R2SP1\"\
        :{\n            \"publisher\":\"MicrosoftWindowsServer\",\n            \"\
        offer\":\"WindowsServer\",\n            \"sku\":\"2008-R2-SP1\",\n       \
        \     \"version\":\"latest\"\n          }\n        }\n      }\n    }\n  }\n\
        }\n"}
    headers:
      accept-ranges: [bytes]
      access-control-allow-origin: ['*']
      cache-control: [max-age=300]
      connection: [keep-alive]
      content-length: ['2235']
      content-security-policy: [default-src 'none'; style-src 'unsafe-inline'; sandbox]
      content-type: [text/plain; charset=utf-8]
      date: ['Mon, 21 May 2018 17:42:50 GMT']
      etag: ['"60d07919b4224266adafb81340896eea100dc887"']
      expires: ['Mon, 21 May 2018 17:47:50 GMT']
      source-age: ['0']
      strict-transport-security: [max-age=31536000]
      vary: ['Authorization,Accept-Encoding']
      via: [1.1 varnish]
      x-cache: [MISS]
      x-cache-hits: ['0']
      x-content-type-options: [nosniff]
      x-fastly-request-id: [f0f6bd8862b3ad0f3b8a6d2730531be8646b6619]
      x-frame-options: [deny]
      x-geo-block-list: ['']
      x-github-request-id: ['C7AC:640B:F856A3:109B485:5B030519']
      x-served-by: [cache-sea1028-SEA]
      x-timer: ['S1526924570.148553,VS0,VE99']
      x-xss-protection: [1; mode=block]
    status: {code: 200, message: OK}
- request:
    body: null
    headers:
      Accept: [application/json]
      Accept-Encoding: ['gzip, deflate']
      CommandName: [vmss create]
      Connection: [keep-alive]
      Content-Type: [application/json; charset=utf-8]
      User-Agent: [python/3.5.2 (Windows-10-10.0.17134-SP0) requests/2.18.4 msrest/0.4.29
          msrest_azure/0.4.29 networkmanagementclient/2.0.0rc2 Azure-SDK-For-Python
          AZURECLI/2.0.33]
      accept-language: [en-US]
    method: GET
    uri: https://management.azure.com/subscriptions/00000000-0000-0000-0000-000000000000/resourceGroups/cli_test_vmss_lb_sku000001/providers/Microsoft.Network/virtualnetworks?api-version=2015-06-15
  response:
    body: {string: '{"value":[]}'}
    headers:
      cache-control: [no-cache]
      content-length: ['12']
      content-type: [application/json; charset=utf-8]
      date: ['Mon, 21 May 2018 17:42:50 GMT']
      expires: ['-1']
      pragma: [no-cache]
      strict-transport-security: [max-age=31536000; includeSubDomains]
      vary: [Accept-Encoding]
      x-content-type-options: [nosniff]
    status: {code: 200, message: OK}
- request:
    body: 'b''{"properties": {"template": {"$schema": "https://schema.management.azure.com/schemas/2015-01-01/deploymentTemplate.json#",
      "contentVersion": "1.0.0.0", "outputs": {"VMSS": {"value": "[reference(resourceId(\''Microsoft.Compute/virtualMachineScaleSets\'',
      \''vmss0\''),providers(\''Microsoft.Compute\'', \''virtualMachineScaleSets\'').apiVersions[0])]",
      "type": "object"}}, "variables": {"storageAccountNames": ["vmss0083d0", "vmss0083d1",
      "vmss0083d2", "vmss0083d3", "vmss0083d4"], "vhdContainers": ["[concat(\''https://\'',
      variables(\''storageAccountNames\'')[0], \''.blob.core.windows.net/vhds\'')]",
      "[concat(\''https://\'', variables(\''storageAccountNames\'')[1], \''.blob.core.windows.net/vhds\'')]",
      "[concat(\''https://\'', variables(\''storageAccountNames\'')[2], \''.blob.core.windows.net/vhds\'')]",
      "[concat(\''https://\'', variables(\''storageAccountNames\'')[3], \''.blob.core.windows.net/vhds\'')]",
      "[concat(\''https://\'', variables(\''storageAccountNames\'')[4], \''.blob.core.windows.net/vhds\'')]"]},
      "parameters": {"adminPassword": {"type": "securestring", "metadata": {"description":
      "Secure adminPassword"}}}, "resources": [{"name": "vmss0VNET", "tags": {}, "properties":
      {"subnets": [{"properties": {"addressPrefix": "10.0.0.0/24"}, "name": "vmss0Subnet"}],
      "addressSpace": {"addressPrefixes": ["10.0.0.0/16"]}}, "type": "Microsoft.Network/virtualNetworks",
      "location": "eastus2", "apiVersion": "2015-06-15", "dependsOn": []}, {"name":
      "vmss0LBPublicIP", "tags": {}, "properties": {"publicIPAllocationMethod": "Dynamic"},
      "type": "Microsoft.Network/publicIPAddresses", "location": "eastus2", "apiVersion":
      "2015-06-15", "dependsOn": []}, {"name": "vmss0LB", "tags": {}, "properties":
      {"inboundNatPools": [{"properties": {"protocol": "tcp", "frontendPortRangeEnd":
      "50119", "frontendPortRangeStart": "50000", "backendPort": 22, "frontendIPConfiguration":
      {"id": "[concat(resourceId(\''Microsoft.Network/loadBalancers\'', \''vmss0LB\''),
      \''/frontendIPConfigurations/\'', \''loadBalancerFrontEnd\'')]"}}, "name": "vmss0LBNatPool"}],
      "frontendIPConfigurations": [{"properties": {"publicIPAddress": {"id": "/subscriptions/00000000-0000-0000-0000-000000000000/resourceGroups/cli_test_vmss_lb_sku000001/providers/Microsoft.Network/publicIPAddresses/vmss0LBPublicIP"}},
      "name": "loadBalancerFrontEnd"}], "backendAddressPools": [{"name": "vmss0LBBEPool"}]},
      "type": "Microsoft.Network/loadBalancers", "location": "eastus2", "apiVersion":
      "2015-06-15", "dependsOn": ["Microsoft.Network/virtualNetworks/vmss0VNET", "Microsoft.Network/publicIpAddresses/vmss0LBPublicIP"]},
      {"name": "[variables(\''storageAccountNames\'')[copyIndex()]]", "tags": {},
      "properties": {"accountType": "Standard_LRS"}, "copy": {"count": 5, "name":
      "storageLoop"}, "type": "Microsoft.Storage/storageAccounts", "location": "eastus2",
      "apiVersion": "2015-06-15"}, {"name": "vmss0", "tags": {}, "sku": {"name": "Standard_D1_v2",
      "capacity": 2}, "properties": {"overprovision": true, "virtualMachineProfile":
      {"networkProfile": {"networkInterfaceConfigurations": [{"properties": {"ipConfigurations":
      [{"properties": {"loadBalancerInboundNatPools": [{"id": "/subscriptions/00000000-0000-0000-0000-000000000000/resourceGroups/cli_test_vmss_lb_sku000001/providers/Microsoft.Network/loadBalancers/vmss0LB/inboundNatPools/vmss0LBNatPool"}],
      "subnet": {"id": "/subscriptions/00000000-0000-0000-0000-000000000000/resourceGroups/cli_test_vmss_lb_sku000001/providers/Microsoft.Network/virtualNetworks/vmss0VNET/subnets/vmss0Subnet"},
      "loadBalancerBackendAddressPools": [{"id": "/subscriptions/00000000-0000-0000-0000-000000000000/resourceGroups/cli_test_vmss_lb_sku000001/providers/Microsoft.Network/loadBalancers/vmss0LB/backendAddressPools/vmss0LBBEPool"}]},
      "name": "vmss0083dIPConfig"}], "primary": "true"}, "name": "vmss0083dNic"}]},
      "osProfile": {"adminPassword": "[parameters(\''adminPassword\'')]", "computerNamePrefix":
      "vmss0083d", "adminUsername": "admin123"}, "storageProfile": {"imageReference":
      {"publisher": "Canonical", "version": "latest", "offer": "UbuntuServer", "sku":
      "16.04-LTS"}, "osDisk": {"vhdContainers": "[variables(\''vhdContainers\'')]",
      "name": "osdisk_083d98f73e", "createOption": "FromImage", "caching": "ReadWrite"}}},
      "upgradePolicy": {"mode": "manual"}}, "type": "Microsoft.Compute/virtualMachineScaleSets",
      "location": "eastus2", "apiVersion": "2016-03-30", "dependsOn": ["Microsoft.Network/virtualNetworks/vmss0VNET",
      "Microsoft.Network/loadBalancers/vmss0LB", "storageLoop"]}]}, "parameters":
      {"adminPassword": {"value": "PasswordPassword1!"}}, "mode": "Incremental"}}'''
    headers:
      Accept: [application/json]
      Accept-Encoding: ['gzip, deflate']
      CommandName: [vmss create]
      Connection: [keep-alive]
      Content-Length: ['4674']
      Content-Type: [application/json; charset=utf-8]
      User-Agent: [python/3.5.2 (Windows-10-10.0.17134-SP0) requests/2.18.4 msrest/0.4.29
          msrest_azure/0.4.29 resourcemanagementclient/1.2.1 Azure-SDK-For-Python
          AZURECLI/2.0.33]
      accept-language: [en-US]
    method: PUT
    uri: https://management.azure.com/subscriptions/00000000-0000-0000-0000-000000000000/resourcegroups/cli_test_vmss_lb_sku000001/providers/Microsoft.Resources/deployments/mock-deployment?api-version=2016-02-01
  response:
    body: {string: '{"id":"/subscriptions/00000000-0000-0000-0000-000000000000/resourceGroups/cli_test_vmss_lb_sku000001/providers/Microsoft.Resources/deployments/vmss_deploy_3qztOeDzqEopAF2IjSucamXNXFHiTQxa","name":"vmss_deploy_3qztOeDzqEopAF2IjSucamXNXFHiTQxa","properties":{"templateHash":"1901361449981873785","parameters":{"adminPassword":{"type":"SecureString"}},"mode":"Incremental","provisioningState":"Accepted","timestamp":"2018-05-21T17:42:52.4098068Z","duration":"PT0.8689088S","correlationId":"7944e1e4-615e-402e-9f7a-16d8fd8bbf60","providers":[{"namespace":"Microsoft.Network","resourceTypes":[{"resourceType":"virtualNetworks","locations":["eastus2"]},{"resourceType":"publicIPAddresses","locations":["eastus2"]},{"resourceType":"loadBalancers","locations":["eastus2"]}]},{"namespace":"Microsoft.Compute","resourceTypes":[{"resourceType":"virtualMachineScaleSets","locations":["eastus2"]}]},{"namespace":"Microsoft.Storage","resourceTypes":[{"resourceType":"storageAccounts","locations":["eastus2"]}]}],"dependencies":[{"dependsOn":[{"id":"/subscriptions/00000000-0000-0000-0000-000000000000/resourceGroups/cli_test_vmss_lb_sku000001/providers/Microsoft.Network/virtualNetworks/vmss0VNET","resourceType":"Microsoft.Network/virtualNetworks","resourceName":"vmss0VNET"},{"id":"/subscriptions/00000000-0000-0000-0000-000000000000/resourceGroups/cli_test_vmss_lb_sku000001/providers/Microsoft.Network/publicIPAddresses/vmss0LBPublicIP","resourceType":"Microsoft.Network/publicIPAddresses","resourceName":"vmss0LBPublicIP"}],"id":"/subscriptions/00000000-0000-0000-0000-000000000000/resourceGroups/cli_test_vmss_lb_sku000001/providers/Microsoft.Network/loadBalancers/vmss0LB","resourceType":"Microsoft.Network/loadBalancers","resourceName":"vmss0LB"},{"dependsOn":[{"id":"/subscriptions/00000000-0000-0000-0000-000000000000/resourceGroups/cli_test_vmss_lb_sku000001/providers/Microsoft.Network/virtualNetworks/vmss0VNET","resourceType":"Microsoft.Network/virtualNetworks","resourceName":"vmss0VNET"},{"id":"/subscriptions/00000000-0000-0000-0000-000000000000/resourceGroups/cli_test_vmss_lb_sku000001/providers/Microsoft.Network/loadBalancers/vmss0LB","resourceType":"Microsoft.Network/loadBalancers","resourceName":"vmss0LB"},{"id":"/subscriptions/00000000-0000-0000-0000-000000000000/resourceGroups/cli_test_vmss_lb_sku000001/providers/Microsoft.Storage/storageAccounts/vmss0083d0","resourceType":"Microsoft.Storage/storageAccounts","resourceName":"vmss0083d0"},{"id":"/subscriptions/00000000-0000-0000-0000-000000000000/resourceGroups/cli_test_vmss_lb_sku000001/providers/Microsoft.Storage/storageAccounts/vmss0083d1","resourceType":"Microsoft.Storage/storageAccounts","resourceName":"vmss0083d1"},{"id":"/subscriptions/00000000-0000-0000-0000-000000000000/resourceGroups/cli_test_vmss_lb_sku000001/providers/Microsoft.Storage/storageAccounts/vmss0083d2","resourceType":"Microsoft.Storage/storageAccounts","resourceName":"vmss0083d2"},{"id":"/subscriptions/00000000-0000-0000-0000-000000000000/resourceGroups/cli_test_vmss_lb_sku000001/providers/Microsoft.Storage/storageAccounts/vmss0083d3","resourceType":"Microsoft.Storage/storageAccounts","resourceName":"vmss0083d3"},{"id":"/subscriptions/00000000-0000-0000-0000-000000000000/resourceGroups/cli_test_vmss_lb_sku000001/providers/Microsoft.Storage/storageAccounts/vmss0083d4","resourceType":"Microsoft.Storage/storageAccounts","resourceName":"vmss0083d4"}],"id":"/subscriptions/00000000-0000-0000-0000-000000000000/resourceGroups/cli_test_vmss_lb_sku000001/providers/Microsoft.Compute/virtualMachineScaleSets/vmss0","resourceType":"Microsoft.Compute/virtualMachineScaleSets","resourceName":"vmss0"}]}}'}
    headers:
      azure-asyncoperation: ['https://management.azure.com/subscriptions/00000000-0000-0000-0000-000000000000/resourcegroups/cli_test_vmss_lb_sku000001/providers/Microsoft.Resources/deployments/vmss_deploy_3qztOeDzqEopAF2IjSucamXNXFHiTQxa/operationStatuses/08586746823139367411?api-version=2016-02-01']
      cache-control: [no-cache]
      content-length: ['4235']
      content-type: [application/json; charset=utf-8]
      date: ['Mon, 21 May 2018 17:42:52 GMT']
      expires: ['-1']
      pragma: [no-cache]
      strict-transport-security: [max-age=31536000; includeSubDomains]
      x-content-type-options: [nosniff]
      x-ms-ratelimit-remaining-subscription-writes: ['1199']
    status: {code: 201, message: Created}
- request:
    body: null
    headers:
      Accept: [application/json]
      Accept-Encoding: ['gzip, deflate']
      CommandName: [vmss create]
      Connection: [keep-alive]
      Content-Type: [application/json; charset=utf-8]
      User-Agent: [python/3.5.2 (Windows-10-10.0.17134-SP0) requests/2.18.4 msrest/0.4.29
          msrest_azure/0.4.29 resourcemanagementclient/1.2.1 Azure-SDK-For-Python
          AZURECLI/2.0.33]
      accept-language: [en-US]
    method: GET
    uri: https://management.azure.com/subscriptions/00000000-0000-0000-0000-000000000000/resourcegroups/cli_test_vmss_lb_sku000001/providers/Microsoft.Resources/deployments/mock-deployment/operationStatuses/08586746823139367411?api-version=2016-02-01
  response:
    body: {string: '{"status":"Running"}'}
    headers:
      cache-control: [no-cache]
      content-length: ['20']
      content-type: [application/json; charset=utf-8]
      date: ['Mon, 21 May 2018 17:43:22 GMT']
      expires: ['-1']
      pragma: [no-cache]
      strict-transport-security: [max-age=31536000; includeSubDomains]
      vary: [Accept-Encoding]
      x-content-type-options: [nosniff]
    status: {code: 200, message: OK}
- request:
    body: null
    headers:
      Accept: [application/json]
      Accept-Encoding: ['gzip, deflate']
      CommandName: [vmss create]
      Connection: [keep-alive]
      Content-Type: [application/json; charset=utf-8]
      User-Agent: [python/3.5.2 (Windows-10-10.0.17134-SP0) requests/2.18.4 msrest/0.4.29
          msrest_azure/0.4.29 resourcemanagementclient/1.2.1 Azure-SDK-For-Python
          AZURECLI/2.0.33]
      accept-language: [en-US]
    method: GET
    uri: https://management.azure.com/subscriptions/00000000-0000-0000-0000-000000000000/resourcegroups/cli_test_vmss_lb_sku000001/providers/Microsoft.Resources/deployments/mock-deployment/operationStatuses/08586746823139367411?api-version=2016-02-01
  response:
    body: {string: '{"status":"Running"}'}
    headers:
      cache-control: [no-cache]
      content-length: ['20']
      content-type: [application/json; charset=utf-8]
      date: ['Mon, 21 May 2018 17:43:53 GMT']
      expires: ['-1']
      pragma: [no-cache]
      strict-transport-security: [max-age=31536000; includeSubDomains]
      vary: [Accept-Encoding]
      x-content-type-options: [nosniff]
    status: {code: 200, message: OK}
- request:
    body: null
    headers:
      Accept: [application/json]
      Accept-Encoding: ['gzip, deflate']
      CommandName: [vmss create]
      Connection: [keep-alive]
      Content-Type: [application/json; charset=utf-8]
      User-Agent: [python/3.5.2 (Windows-10-10.0.17134-SP0) requests/2.18.4 msrest/0.4.29
          msrest_azure/0.4.29 resourcemanagementclient/1.2.1 Azure-SDK-For-Python
          AZURECLI/2.0.33]
      accept-language: [en-US]
    method: GET
    uri: https://management.azure.com/subscriptions/00000000-0000-0000-0000-000000000000/resourcegroups/cli_test_vmss_lb_sku000001/providers/Microsoft.Resources/deployments/mock-deployment/operationStatuses/08586746823139367411?api-version=2016-02-01
  response:
    body: {string: '{"status":"Running"}'}
    headers:
      cache-control: [no-cache]
      content-length: ['20']
      content-type: [application/json; charset=utf-8]
      date: ['Mon, 21 May 2018 17:44:23 GMT']
      expires: ['-1']
      pragma: [no-cache]
      strict-transport-security: [max-age=31536000; includeSubDomains]
      vary: [Accept-Encoding]
      x-content-type-options: [nosniff]
    status: {code: 200, message: OK}
- request:
    body: null
    headers:
      Accept: [application/json]
      Accept-Encoding: ['gzip, deflate']
      CommandName: [vmss create]
      Connection: [keep-alive]
      Content-Type: [application/json; charset=utf-8]
      User-Agent: [python/3.5.2 (Windows-10-10.0.17134-SP0) requests/2.18.4 msrest/0.4.29
          msrest_azure/0.4.29 resourcemanagementclient/1.2.1 Azure-SDK-For-Python
          AZURECLI/2.0.33]
      accept-language: [en-US]
    method: GET
    uri: https://management.azure.com/subscriptions/00000000-0000-0000-0000-000000000000/resourcegroups/cli_test_vmss_lb_sku000001/providers/Microsoft.Resources/deployments/mock-deployment/operationStatuses/08586746823139367411?api-version=2016-02-01
  response:
    body: {string: '{"status":"Running"}'}
    headers:
      cache-control: [no-cache]
      content-length: ['20']
      content-type: [application/json; charset=utf-8]
      date: ['Mon, 21 May 2018 17:44:53 GMT']
      expires: ['-1']
      pragma: [no-cache]
      strict-transport-security: [max-age=31536000; includeSubDomains]
      vary: [Accept-Encoding]
      x-content-type-options: [nosniff]
    status: {code: 200, message: OK}
- request:
    body: null
    headers:
      Accept: [application/json]
      Accept-Encoding: ['gzip, deflate']
      CommandName: [vmss create]
      Connection: [keep-alive]
      Content-Type: [application/json; charset=utf-8]
      User-Agent: [python/3.5.2 (Windows-10-10.0.17134-SP0) requests/2.18.4 msrest/0.4.29
          msrest_azure/0.4.29 resourcemanagementclient/1.2.1 Azure-SDK-For-Python
          AZURECLI/2.0.33]
      accept-language: [en-US]
    method: GET
    uri: https://management.azure.com/subscriptions/00000000-0000-0000-0000-000000000000/resourcegroups/cli_test_vmss_lb_sku000001/providers/Microsoft.Resources/deployments/mock-deployment/operationStatuses/08586746823139367411?api-version=2016-02-01
  response:
    body: {string: '{"status":"Succeeded"}'}
    headers:
      cache-control: [no-cache]
      content-length: ['22']
      content-type: [application/json; charset=utf-8]
      date: ['Mon, 21 May 2018 17:45:23 GMT']
      expires: ['-1']
      pragma: [no-cache]
      strict-transport-security: [max-age=31536000; includeSubDomains]
      vary: [Accept-Encoding]
      x-content-type-options: [nosniff]
    status: {code: 200, message: OK}
- request:
    body: null
    headers:
      Accept: [application/json]
      Accept-Encoding: ['gzip, deflate']
      CommandName: [vmss create]
      Connection: [keep-alive]
      Content-Type: [application/json; charset=utf-8]
      User-Agent: [python/3.5.2 (Windows-10-10.0.17134-SP0) requests/2.18.4 msrest/0.4.29
          msrest_azure/0.4.29 resourcemanagementclient/1.2.1 Azure-SDK-For-Python
          AZURECLI/2.0.33]
      accept-language: [en-US]
    method: GET
    uri: https://management.azure.com/subscriptions/00000000-0000-0000-0000-000000000000/resourcegroups/cli_test_vmss_lb_sku000001/providers/Microsoft.Resources/deployments/mock-deployment?api-version=2016-02-01
  response:
    body: {string: '{"id":"/subscriptions/00000000-0000-0000-0000-000000000000/resourceGroups/cli_test_vmss_lb_sku000001/providers/Microsoft.Resources/deployments/vmss_deploy_3qztOeDzqEopAF2IjSucamXNXFHiTQxa","name":"vmss_deploy_3qztOeDzqEopAF2IjSucamXNXFHiTQxa","properties":{"templateHash":"1901361449981873785","parameters":{"adminPassword":{"type":"SecureString"}},"mode":"Incremental","provisioningState":"Succeeded","timestamp":"2018-05-21T17:45:13.9373249Z","duration":"PT2M22.3964269S","correlationId":"7944e1e4-615e-402e-9f7a-16d8fd8bbf60","providers":[{"namespace":"Microsoft.Network","resourceTypes":[{"resourceType":"virtualNetworks","locations":["eastus2"]},{"resourceType":"publicIPAddresses","locations":["eastus2"]},{"resourceType":"loadBalancers","locations":["eastus2"]}]},{"namespace":"Microsoft.Compute","resourceTypes":[{"resourceType":"virtualMachineScaleSets","locations":["eastus2"]}]},{"namespace":"Microsoft.Storage","resourceTypes":[{"resourceType":"storageAccounts","locations":["eastus2"]}]}],"dependencies":[{"dependsOn":[{"id":"/subscriptions/00000000-0000-0000-0000-000000000000/resourceGroups/cli_test_vmss_lb_sku000001/providers/Microsoft.Network/virtualNetworks/vmss0VNET","resourceType":"Microsoft.Network/virtualNetworks","resourceName":"vmss0VNET"},{"id":"/subscriptions/00000000-0000-0000-0000-000000000000/resourceGroups/cli_test_vmss_lb_sku000001/providers/Microsoft.Network/publicIPAddresses/vmss0LBPublicIP","resourceType":"Microsoft.Network/publicIPAddresses","resourceName":"vmss0LBPublicIP"}],"id":"/subscriptions/00000000-0000-0000-0000-000000000000/resourceGroups/cli_test_vmss_lb_sku000001/providers/Microsoft.Network/loadBalancers/vmss0LB","resourceType":"Microsoft.Network/loadBalancers","resourceName":"vmss0LB"},{"dependsOn":[{"id":"/subscriptions/00000000-0000-0000-0000-000000000000/resourceGroups/cli_test_vmss_lb_sku000001/providers/Microsoft.Network/virtualNetworks/vmss0VNET","resourceType":"Microsoft.Network/virtualNetworks","resourceName":"vmss0VNET"},{"id":"/subscriptions/00000000-0000-0000-0000-000000000000/resourceGroups/cli_test_vmss_lb_sku000001/providers/Microsoft.Network/loadBalancers/vmss0LB","resourceType":"Microsoft.Network/loadBalancers","resourceName":"vmss0LB"},{"id":"/subscriptions/00000000-0000-0000-0000-000000000000/resourceGroups/cli_test_vmss_lb_sku000001/providers/Microsoft.Storage/storageAccounts/vmss0083d0","resourceType":"Microsoft.Storage/storageAccounts","resourceName":"vmss0083d0"},{"id":"/subscriptions/00000000-0000-0000-0000-000000000000/resourceGroups/cli_test_vmss_lb_sku000001/providers/Microsoft.Storage/storageAccounts/vmss0083d1","resourceType":"Microsoft.Storage/storageAccounts","resourceName":"vmss0083d1"},{"id":"/subscriptions/00000000-0000-0000-0000-000000000000/resourceGroups/cli_test_vmss_lb_sku000001/providers/Microsoft.Storage/storageAccounts/vmss0083d2","resourceType":"Microsoft.Storage/storageAccounts","resourceName":"vmss0083d2"},{"id":"/subscriptions/00000000-0000-0000-0000-000000000000/resourceGroups/cli_test_vmss_lb_sku000001/providers/Microsoft.Storage/storageAccounts/vmss0083d3","resourceType":"Microsoft.Storage/storageAccounts","resourceName":"vmss0083d3"},{"id":"/subscriptions/00000000-0000-0000-0000-000000000000/resourceGroups/cli_test_vmss_lb_sku000001/providers/Microsoft.Storage/storageAccounts/vmss0083d4","resourceType":"Microsoft.Storage/storageAccounts","resourceName":"vmss0083d4"}],"id":"/subscriptions/00000000-0000-0000-0000-000000000000/resourceGroups/cli_test_vmss_lb_sku000001/providers/Microsoft.Compute/virtualMachineScaleSets/vmss0","resourceType":"Microsoft.Compute/virtualMachineScaleSets","resourceName":"vmss0"}],"outputs":{"vmss":{"type":"Object","value":{"singlePlacementGroup":true,"upgradePolicy":{"mode":"Manual","automaticOSUpgrade":false},"virtualMachineProfile":{"osProfile":{"computerNamePrefix":"vmss0083d","adminUsername":"admin123","linuxConfiguration":{"disablePasswordAuthentication":false},"secrets":[]},"storageProfile":{"osDisk":{"vhdContainers":["https://vmss0083d0.blob.core.windows.net/vhds","https://vmss0083d1.blob.core.windows.net/vhds","https://vmss0083d2.blob.core.windows.net/vhds","https://vmss0083d3.blob.core.windows.net/vhds","https://vmss0083d4.blob.core.windows.net/vhds"],"name":"osdisk_083d98f73e","createOption":"FromImage","caching":"ReadWrite"},"imageReference":{"publisher":"Canonical","offer":"UbuntuServer","sku":"16.04-LTS","version":"latest"}},"networkProfile":{"networkInterfaceConfigurations":[{"name":"vmss0083dNic","properties":{"primary":true,"ipConfigurations":[{"name":"vmss0083dIPConfig","properties":{"subnet":{"id":"/subscriptions/00000000-0000-0000-0000-000000000000/resourceGroups/cli_test_vmss_lb_sku000001/providers/Microsoft.Network/virtualNetworks/vmss0VNET/subnets/vmss0Subnet"},"loadBalancerBackendAddressPools":[{"id":"/subscriptions/00000000-0000-0000-0000-000000000000/resourceGroups/cli_test_vmss_lb_sku000001/providers/Microsoft.Network/loadBalancers/vmss0LB/backendAddressPools/vmss0LBBEPool"}],"loadBalancerInboundNatPools":[{"id":"/subscriptions/00000000-0000-0000-0000-000000000000/resourceGroups/cli_test_vmss_lb_sku000001/providers/Microsoft.Network/loadBalancers/vmss0LB/inboundNatPools/vmss0LBNatPool"}]}}]}}]}},"provisioningState":"Succeeded","overprovision":true,"uniqueId":"5db547bf-7928-40b6-925c-91e7bf0c4828"}}},"outputResources":[{"id":"Microsoft.Compute/virtualMachineScaleSets/vmss0"},{"id":"Microsoft.Network/loadBalancers/vmss0LB"},{"id":"Microsoft.Network/publicIPAddresses/vmss0LBPublicIP"},{"id":"Microsoft.Network/virtualNetworks/vmss0VNET"},{"id":"Microsoft.Storage/storageAccounts/vmss0083d0"},{"id":"Microsoft.Storage/storageAccounts/vmss0083d1"},{"id":"Microsoft.Storage/storageAccounts/vmss0083d2"},{"id":"Microsoft.Storage/storageAccounts/vmss0083d3"},{"id":"Microsoft.Storage/storageAccounts/vmss0083d4"}]}}'}
    headers:
      cache-control: [no-cache]
      content-length: ['6574']
      content-type: [application/json; charset=utf-8]
      date: ['Mon, 21 May 2018 17:45:24 GMT']
      expires: ['-1']
      pragma: [no-cache]
      strict-transport-security: [max-age=31536000; includeSubDomains]
      vary: [Accept-Encoding]
      x-content-type-options: [nosniff]
    status: {code: 200, message: OK}
- request:
    body: null
    headers:
      Accept: [application/json]
      Accept-Encoding: ['gzip, deflate']
      CommandName: [network lb list]
      Connection: [keep-alive]
      Content-Type: [application/json; charset=utf-8]
      User-Agent: [python/3.5.2 (Windows-10-10.0.17134-SP0) requests/2.18.4 msrest/0.4.29
          msrest_azure/0.4.29 networkmanagementclient/2.0.0rc2 Azure-SDK-For-Python
          AZURECLI/2.0.33]
      accept-language: [en-US]
    method: GET
    uri: https://management.azure.com/subscriptions/00000000-0000-0000-0000-000000000000/resourceGroups/cli_test_vmss_lb_sku000001/providers/Microsoft.Network/loadBalancers?api-version=2015-06-15
  response:
    body: {string: "{\r\n  \"value\": [\r\n    {\r\n      \"name\": \"vmss0LB\",\r\
        \n      \"id\": \"/subscriptions/00000000-0000-0000-0000-000000000000/resourceGroups/cli_test_vmss_lb_sku000001/providers/Microsoft.Network/loadBalancers/vmss0LB\"\
        ,\r\n      \"etag\": \"W/\\\"6245209c-c12c-4b07-88a8-a5194b2748fc\\\"\",\r\
        \n      \"type\": \"Microsoft.Network/loadBalancers\",\r\n      \"location\"\
        : \"eastus2\",\r\n      \"tags\": {},\r\n      \"properties\": {\r\n     \
        \   \"provisioningState\": \"Succeeded\",\r\n        \"resourceGuid\": \"\
        1a0c2748-281f-415f-bc86-ec991e8e939a\",\r\n        \"frontendIPConfigurations\"\
        : [\r\n          {\r\n            \"name\": \"loadBalancerFrontEnd\",\r\n\
        \            \"id\": \"/subscriptions/00000000-0000-0000-0000-000000000000/resourceGroups/cli_test_vmss_lb_sku000001/providers/Microsoft.Network/loadBalancers/vmss0LB/frontendIPConfigurations/loadBalancerFrontEnd\"\
        ,\r\n            \"etag\": \"W/\\\"6245209c-c12c-4b07-88a8-a5194b2748fc\\\"\
        \",\r\n            \"properties\": {\r\n              \"provisioningState\"\
        : \"Succeeded\",\r\n              \"privateIPAllocationMethod\": \"Dynamic\"\
        ,\r\n              \"publicIPAddress\": {\r\n                \"id\": \"/subscriptions/00000000-0000-0000-0000-000000000000/resourceGroups/cli_test_vmss_lb_sku000001/providers/Microsoft.Network/publicIPAddresses/vmss0LBPublicIP\"\
        \r\n              },\r\n              \"inboundNatRules\": [\r\n         \
        \       {\r\n                  \"id\": \"/subscriptions/00000000-0000-0000-0000-000000000000/resourceGroups/cli_test_vmss_lb_sku000001/providers/Microsoft.Network/loadBalancers/vmss0LB/inboundNatRules/vmss0LBNatPool.0\"\
        \r\n                },\r\n                {\r\n                  \"id\": \"\
        /subscriptions/00000000-0000-0000-0000-000000000000/resourceGroups/cli_test_vmss_lb_sku000001/providers/Microsoft.Network/loadBalancers/vmss0LB/inboundNatRules/vmss0LBNatPool.1\"\
        \r\n                },\r\n                {\r\n                  \"id\": \"\
        /subscriptions/00000000-0000-0000-0000-000000000000/resourceGroups/cli_test_vmss_lb_sku000001/providers/Microsoft.Network/loadBalancers/vmss0LB/inboundNatRules/vmss0LBNatPool.2\"\
        \r\n                },\r\n                {\r\n                  \"id\": \"\
        /subscriptions/00000000-0000-0000-0000-000000000000/resourceGroups/cli_test_vmss_lb_sku000001/providers/Microsoft.Network/loadBalancers/vmss0LB/inboundNatRules/vmss0LBNatPool.3\"\
        \r\n                }\r\n              ],\r\n              \"inboundNatPools\"\
        : [\r\n                {\r\n                  \"id\": \"/subscriptions/00000000-0000-0000-0000-000000000000/resourceGroups/cli_test_vmss_lb_sku000001/providers/Microsoft.Network/loadBalancers/vmss0LB/inboundNatPools/vmss0LBNatPool\"\
        \r\n                }\r\n              ]\r\n            }\r\n          }\r\
        \n        ],\r\n        \"backendAddressPools\": [\r\n          {\r\n    \
        \        \"name\": \"vmss0LBBEPool\",\r\n            \"id\": \"/subscriptions/00000000-0000-0000-0000-000000000000/resourceGroups/cli_test_vmss_lb_sku000001/providers/Microsoft.Network/loadBalancers/vmss0LB/backendAddressPools/vmss0LBBEPool\"\
        ,\r\n            \"etag\": \"W/\\\"6245209c-c12c-4b07-88a8-a5194b2748fc\\\"\
        \",\r\n            \"properties\": {\r\n              \"provisioningState\"\
        : \"Succeeded\",\r\n              \"backendIPConfigurations\": [\r\n     \
        \           {\r\n                  \"id\": \"/subscriptions/00000000-0000-0000-0000-000000000000/resourceGroups/cli_test_vmss_lb_sku000001/providers/Microsoft.Compute/virtualMachineScaleSets/vmss0/virtualMachines/0/networkInterfaces/vmss0083dNic/ipConfigurations/vmss0083dIPConfig\"\
        \r\n                },\r\n                {\r\n                  \"id\": \"\
        /subscriptions/00000000-0000-0000-0000-000000000000/resourceGroups/cli_test_vmss_lb_sku000001/providers/Microsoft.Compute/virtualMachineScaleSets/vmss0/virtualMachines/1/networkInterfaces/vmss0083dNic/ipConfigurations/vmss0083dIPConfig\"\
        \r\n                },\r\n                {\r\n                  \"id\": \"\
        /subscriptions/00000000-0000-0000-0000-000000000000/resourceGroups/cli_test_vmss_lb_sku000001/providers/Microsoft.Compute/virtualMachineScaleSets/vmss0/virtualMachines/2/networkInterfaces/vmss0083dNic/ipConfigurations/vmss0083dIPConfig\"\
        \r\n                },\r\n                {\r\n                  \"id\": \"\
        /subscriptions/00000000-0000-0000-0000-000000000000/resourceGroups/cli_test_vmss_lb_sku000001/providers/Microsoft.Compute/virtualMachineScaleSets/vmss0/virtualMachines/3/networkInterfaces/vmss0083dNic/ipConfigurations/vmss0083dIPConfig\"\
        \r\n                }\r\n              ]\r\n            }\r\n          }\r\
        \n        ],\r\n        \"loadBalancingRules\": [],\r\n        \"probes\"\
        : [],\r\n        \"inboundNatRules\": [\r\n          {\r\n            \"name\"\
        : \"vmss0LBNatPool.0\",\r\n            \"id\": \"/subscriptions/00000000-0000-0000-0000-000000000000/resourceGroups/cli_test_vmss_lb_sku000001/providers/Microsoft.Network/loadBalancers/vmss0LB/inboundNatRules/vmss0LBNatPool.0\"\
        ,\r\n            \"etag\": \"W/\\\"6245209c-c12c-4b07-88a8-a5194b2748fc\\\"\
        \",\r\n            \"properties\": {\r\n              \"provisioningState\"\
        : \"Succeeded\",\r\n              \"frontendIPConfiguration\": {\r\n     \
        \           \"id\": \"/subscriptions/00000000-0000-0000-0000-000000000000/resourceGroups/cli_test_vmss_lb_sku000001/providers/Microsoft.Network/loadBalancers/vmss0LB/frontendIPConfigurations/loadBalancerFrontEnd\"\
        \r\n              },\r\n              \"frontendPort\": 50000,\r\n       \
        \       \"backendPort\": 22,\r\n              \"enableFloatingIP\": false,\r\
        \n              \"idleTimeoutInMinutes\": 4,\r\n              \"protocol\"\
        : \"Tcp\",\r\n              \"backendIPConfiguration\": {\r\n            \
        \    \"id\": \"/subscriptions/00000000-0000-0000-0000-000000000000/resourceGroups/cli_test_vmss_lb_sku000001/providers/Microsoft.Compute/virtualMachineScaleSets/vmss0/virtualMachines/0/networkInterfaces/vmss0083dNic/ipConfigurations/vmss0083dIPConfig\"\
        \r\n              }\r\n            }\r\n          },\r\n          {\r\n  \
        \          \"name\": \"vmss0LBNatPool.1\",\r\n            \"id\": \"/subscriptions/00000000-0000-0000-0000-000000000000/resourceGroups/cli_test_vmss_lb_sku000001/providers/Microsoft.Network/loadBalancers/vmss0LB/inboundNatRules/vmss0LBNatPool.1\"\
        ,\r\n            \"etag\": \"W/\\\"6245209c-c12c-4b07-88a8-a5194b2748fc\\\"\
        \",\r\n            \"properties\": {\r\n              \"provisioningState\"\
        : \"Succeeded\",\r\n              \"frontendIPConfiguration\": {\r\n     \
        \           \"id\": \"/subscriptions/00000000-0000-0000-0000-000000000000/resourceGroups/cli_test_vmss_lb_sku000001/providers/Microsoft.Network/loadBalancers/vmss0LB/frontendIPConfigurations/loadBalancerFrontEnd\"\
        \r\n              },\r\n              \"frontendPort\": 50001,\r\n       \
        \       \"backendPort\": 22,\r\n              \"enableFloatingIP\": false,\r\
        \n              \"idleTimeoutInMinutes\": 4,\r\n              \"protocol\"\
        : \"Tcp\",\r\n              \"backendIPConfiguration\": {\r\n            \
        \    \"id\": \"/subscriptions/00000000-0000-0000-0000-000000000000/resourceGroups/cli_test_vmss_lb_sku000001/providers/Microsoft.Compute/virtualMachineScaleSets/vmss0/virtualMachines/1/networkInterfaces/vmss0083dNic/ipConfigurations/vmss0083dIPConfig\"\
        \r\n              }\r\n            }\r\n          },\r\n          {\r\n  \
        \          \"name\": \"vmss0LBNatPool.2\",\r\n            \"id\": \"/subscriptions/00000000-0000-0000-0000-000000000000/resourceGroups/cli_test_vmss_lb_sku000001/providers/Microsoft.Network/loadBalancers/vmss0LB/inboundNatRules/vmss0LBNatPool.2\"\
        ,\r\n            \"etag\": \"W/\\\"6245209c-c12c-4b07-88a8-a5194b2748fc\\\"\
        \",\r\n            \"properties\": {\r\n              \"provisioningState\"\
        : \"Succeeded\",\r\n              \"frontendIPConfiguration\": {\r\n     \
        \           \"id\": \"/subscriptions/00000000-0000-0000-0000-000000000000/resourceGroups/cli_test_vmss_lb_sku000001/providers/Microsoft.Network/loadBalancers/vmss0LB/frontendIPConfigurations/loadBalancerFrontEnd\"\
        \r\n              },\r\n              \"frontendPort\": 50002,\r\n       \
        \       \"backendPort\": 22,\r\n              \"enableFloatingIP\": false,\r\
        \n              \"idleTimeoutInMinutes\": 4,\r\n              \"protocol\"\
        : \"Tcp\",\r\n              \"backendIPConfiguration\": {\r\n            \
        \    \"id\": \"/subscriptions/00000000-0000-0000-0000-000000000000/resourceGroups/cli_test_vmss_lb_sku000001/providers/Microsoft.Compute/virtualMachineScaleSets/vmss0/virtualMachines/2/networkInterfaces/vmss0083dNic/ipConfigurations/vmss0083dIPConfig\"\
        \r\n              }\r\n            }\r\n          },\r\n          {\r\n  \
        \          \"name\": \"vmss0LBNatPool.3\",\r\n            \"id\": \"/subscriptions/00000000-0000-0000-0000-000000000000/resourceGroups/cli_test_vmss_lb_sku000001/providers/Microsoft.Network/loadBalancers/vmss0LB/inboundNatRules/vmss0LBNatPool.3\"\
        ,\r\n            \"etag\": \"W/\\\"6245209c-c12c-4b07-88a8-a5194b2748fc\\\"\
        \",\r\n            \"properties\": {\r\n              \"provisioningState\"\
        : \"Succeeded\",\r\n              \"frontendIPConfiguration\": {\r\n     \
        \           \"id\": \"/subscriptions/00000000-0000-0000-0000-000000000000/resourceGroups/cli_test_vmss_lb_sku000001/providers/Microsoft.Network/loadBalancers/vmss0LB/frontendIPConfigurations/loadBalancerFrontEnd\"\
        \r\n              },\r\n              \"frontendPort\": 50003,\r\n       \
        \       \"backendPort\": 22,\r\n              \"enableFloatingIP\": false,\r\
        \n              \"idleTimeoutInMinutes\": 4,\r\n              \"protocol\"\
        : \"Tcp\",\r\n              \"backendIPConfiguration\": {\r\n            \
        \    \"id\": \"/subscriptions/00000000-0000-0000-0000-000000000000/resourceGroups/cli_test_vmss_lb_sku000001/providers/Microsoft.Compute/virtualMachineScaleSets/vmss0/virtualMachines/3/networkInterfaces/vmss0083dNic/ipConfigurations/vmss0083dIPConfig\"\
        \r\n              }\r\n            }\r\n          }\r\n        ],\r\n    \
        \    \"outboundNatRules\": [],\r\n        \"inboundNatPools\": [\r\n     \
        \     {\r\n            \"name\": \"vmss0LBNatPool\",\r\n            \"id\"\
        : \"/subscriptions/00000000-0000-0000-0000-000000000000/resourceGroups/cli_test_vmss_lb_sku000001/providers/Microsoft.Network/loadBalancers/vmss0LB/inboundNatPools/vmss0LBNatPool\"\
        ,\r\n            \"etag\": \"W/\\\"6245209c-c12c-4b07-88a8-a5194b2748fc\\\"\
        \",\r\n            \"properties\": {\r\n              \"provisioningState\"\
        : \"Succeeded\",\r\n              \"frontendPortRangeStart\": 50000,\r\n \
        \             \"frontendPortRangeEnd\": 50119,\r\n              \"backendPort\"\
        : 22,\r\n              \"protocol\": \"Tcp\",\r\n              \"frontendIPConfiguration\"\
        : {\r\n                \"id\": \"/subscriptions/00000000-0000-0000-0000-000000000000/resourceGroups/cli_test_vmss_lb_sku000001/providers/Microsoft.Network/loadBalancers/vmss0LB/frontendIPConfigurations/loadBalancerFrontEnd\"\
        \r\n              }\r\n            }\r\n          }\r\n        ]\r\n     \
        \ }\r\n    }\r\n  ]\r\n}"}
    headers:
      cache-control: [no-cache]
      content-length: ['11579']
      content-type: [application/json; charset=utf-8]
      date: ['Mon, 21 May 2018 17:45:25 GMT']
      expires: ['-1']
      pragma: [no-cache]
      server: [Microsoft-HTTPAPI/2.0, Microsoft-HTTPAPI/2.0]
      strict-transport-security: [max-age=31536000; includeSubDomains]
      transfer-encoding: [chunked]
      vary: [Accept-Encoding]
      x-content-type-options: [nosniff]
    status: {code: 200, message: OK}
- request:
    body: null
    headers:
      Accept: [application/json]
      Accept-Encoding: ['gzip, deflate']
      CommandName: [group delete]
      Connection: [keep-alive]
      Content-Length: ['0']
      Content-Type: [application/json; charset=utf-8]
      User-Agent: [python/3.5.2 (Windows-10-10.0.17134-SP0) requests/2.18.4 msrest/0.4.29
          msrest_azure/0.4.29 resourcemanagementclient/1.2.1 Azure-SDK-For-Python
          AZURECLI/2.0.33]
      accept-language: [en-US]
    method: DELETE
    uri: https://management.azure.com/subscriptions/00000000-0000-0000-0000-000000000000/resourcegroups/cli_test_vmss_lb_sku000001?api-version=2016-02-01
  response:
    body: {string: ''}
    headers:
      cache-control: [no-cache]
      content-length: ['0']
      date: ['Mon, 21 May 2018 17:45:26 GMT']
      expires: ['-1']
      location: ['https://management.azure.com/subscriptions/00000000-0000-0000-0000-000000000000/operationresults/eyJqb2JJZCI6IlJFU09VUkNFR1JPVVBERUxFVElPTkpPQi1DTEk6NUZURVNUOjVGVk1TUzo1RkxCOjVGU0tVWFNQSE1NWEhNUFRDTVZJRk9LMnw4M0ZBRjE3REYyMTJCQUU4LVdFU1RVUyIsImpvYkxvY2F0aW9uIjoid2VzdHVzIn0?api-version=2016-02-01']
      pragma: [no-cache]
      strict-transport-security: [max-age=31536000; includeSubDomains]
      x-content-type-options: [nosniff]
      x-ms-ratelimit-remaining-subscription-deletes: ['14999']
    status: {code: 202, message: Accepted}
version: 1
