interactions:
- request:
    body: '{"location": "westus", "tags": {"product": "azurecli", "cause": "automation",
      "date": "2018-05-19T03:34:07Z"}}'
    headers:
      Accept: [application/json]
      Accept-Encoding: ['gzip, deflate']
      CommandName: [group create]
      Connection: [keep-alive]
      Content-Length: ['110']
      Content-Type: [application/json; charset=utf-8]
      User-Agent: [python/3.5.2 (Windows-10-10.0.16299-SP0) requests/2.18.4 msrest/0.4.29
          msrest_azure/0.4.29 resourcemanagementclient/1.2.1 Azure-SDK-For-Python
          AZURECLI/2.0.33]
      accept-language: [en-US]
    method: PUT
    uri: https://management.azure.com/subscriptions/00000000-0000-0000-0000-000000000000/resourcegroups/cli_test_vmss_extension000001?api-version=2016-02-01
  response:
    body: {string: '{"id":"/subscriptions/00000000-0000-0000-0000-000000000000/resourceGroups/cli_test_vmss_extension000001","name":"cli_test_vmss_extension000001","location":"westus","tags":{"product":"azurecli","cause":"automation","date":"2018-05-19T03:34:07Z"},"properties":{"provisioningState":"Succeeded"}}'}
    headers:
      cache-control: [no-cache]
      content-length: ['384']
      content-type: [application/json; charset=utf-8]
      date: ['Sat, 19 May 2018 03:34:07 GMT']
      expires: ['-1']
      pragma: [no-cache]
      strict-transport-security: [max-age=31536000; includeSubDomains]
      x-content-type-options: [nosniff]
      x-ms-ratelimit-remaining-subscription-writes: ['1197']
    status: {code: 201, message: Created}
- request:
    body: null
    headers:
      Accept: [application/json]
      Accept-Encoding: ['gzip, deflate']
      CommandName: [vmss create]
      Connection: [keep-alive]
      Content-Type: [application/json; charset=utf-8]
      User-Agent: [python/3.5.2 (Windows-10-10.0.16299-SP0) requests/2.18.4 msrest/0.4.29
          msrest_azure/0.4.29 resourcemanagementclient/1.2.1 Azure-SDK-For-Python
          AZURECLI/2.0.33]
      accept-language: [en-US]
    method: GET
    uri: https://management.azure.com/subscriptions/00000000-0000-0000-0000-000000000000/resourcegroups/cli_test_vmss_extension000001?api-version=2016-02-01
  response:
    body: {string: '{"id":"/subscriptions/00000000-0000-0000-0000-000000000000/resourceGroups/cli_test_vmss_extension000001","name":"cli_test_vmss_extension000001","location":"westus","tags":{"product":"azurecli","cause":"automation","date":"2018-05-19T03:34:07Z"},"properties":{"provisioningState":"Succeeded"}}'}
    headers:
      cache-control: [no-cache]
      content-length: ['384']
      content-type: [application/json; charset=utf-8]
      date: ['Sat, 19 May 2018 03:34:08 GMT']
      expires: ['-1']
      pragma: [no-cache]
      strict-transport-security: [max-age=31536000; includeSubDomains]
      vary: [Accept-Encoding]
      x-content-type-options: [nosniff]
    status: {code: 200, message: OK}
- request:
    body: null
    headers:
      Accept: ['*/*']
      Accept-Encoding: ['gzip, deflate']
      Connection: [keep-alive]
      User-Agent: [python-requests/2.18.4]
    method: GET
    uri: https://raw.githubusercontent.com/Azure/azure-rest-api-specs/master/arm-compute/quickstart-templates/aliases.json
  response:
    body: {string: "{\n  \"$schema\":\"http://schema.management.azure.com/schemas/2015-01-01/deploymentTemplate.json\"\
        ,\n  \"contentVersion\":\"1.0.0.0\",\n  \"parameters\":{},\n  \"variables\"\
        :{},\n  \"resources\":[],\n\n  \"outputs\":{\n    \"aliases\":{\n      \"\
        type\":\"object\",\n      \"value\":{\n\n        \"Linux\":{\n          \"\
        CentOS\":{\n            \"publisher\":\"OpenLogic\",\n            \"offer\"\
        :\"CentOS\",\n            \"sku\":\"7.3\",\n            \"version\":\"latest\"\
        \n          },\n          \"CoreOS\":{\n            \"publisher\":\"CoreOS\"\
        ,\n            \"offer\":\"CoreOS\",\n            \"sku\":\"Stable\",\n  \
        \          \"version\":\"latest\"\n          },\n          \"Debian\":{\n\
        \            \"publisher\":\"credativ\",\n            \"offer\":\"Debian\"\
        ,\n            \"sku\":\"8\",\n            \"version\":\"latest\"\n      \
        \    },\n          \"openSUSE-Leap\": {\n            \"publisher\":\"SUSE\"\
        ,\n            \"offer\":\"openSUSE-Leap\",\n            \"sku\":\"42.3\"\
        ,\n            \"version\": \"latest\"\n          },\n          \"RHEL\":{\n\
        \            \"publisher\":\"RedHat\",\n            \"offer\":\"RHEL\",\n\
        \            \"sku\":\"7.3\",\n            \"version\":\"latest\"\n      \
        \    },\n          \"SLES\":{\n            \"publisher\":\"SUSE\",\n     \
        \       \"offer\":\"SLES\",\n            \"sku\":\"12-SP2\",\n           \
        \ \"version\":\"latest\"\n          },\n          \"UbuntuLTS\":{\n      \
        \      \"publisher\":\"Canonical\",\n            \"offer\":\"UbuntuServer\"\
        ,\n            \"sku\":\"16.04-LTS\",\n            \"version\":\"latest\"\n\
        \          }\n        },\n\n        \"Windows\":{\n          \"Win2016Datacenter\"\
        :{\n            \"publisher\":\"MicrosoftWindowsServer\",\n            \"\
        offer\":\"WindowsServer\",\n            \"sku\":\"2016-Datacenter\",\n   \
        \         \"version\":\"latest\"\n          },\n          \"Win2012R2Datacenter\"\
        :{\n            \"publisher\":\"MicrosoftWindowsServer\",\n            \"\
        offer\":\"WindowsServer\",\n            \"sku\":\"2012-R2-Datacenter\",\n\
        \            \"version\":\"latest\"\n          },\n          \"Win2012Datacenter\"\
        :{\n            \"publisher\":\"MicrosoftWindowsServer\",\n            \"\
        offer\":\"WindowsServer\",\n            \"sku\":\"2012-Datacenter\",\n   \
        \         \"version\":\"latest\"\n          },\n          \"Win2008R2SP1\"\
        :{\n            \"publisher\":\"MicrosoftWindowsServer\",\n            \"\
        offer\":\"WindowsServer\",\n            \"sku\":\"2008-R2-SP1\",\n       \
        \     \"version\":\"latest\"\n          }\n        }\n      }\n    }\n  }\n\
        }\n"}
    headers:
      accept-ranges: [bytes]
      access-control-allow-origin: ['*']
      cache-control: [max-age=300]
      connection: [keep-alive]
      content-length: ['2235']
      content-security-policy: [default-src 'none'; style-src 'unsafe-inline'; sandbox]
      content-type: [text/plain; charset=utf-8]
      date: ['Sat, 19 May 2018 03:34:08 GMT']
      etag: ['"60d07919b4224266adafb81340896eea100dc887"']
      expires: ['Sat, 19 May 2018 03:39:08 GMT']
      source-age: ['2']
      strict-transport-security: [max-age=31536000]
      vary: ['Authorization,Accept-Encoding']
      via: [1.1 varnish]
      x-cache: [HIT]
      x-cache-hits: ['1']
      x-content-type-options: [nosniff]
      x-fastly-request-id: [37b6f8e6c11b861f560ad27ae7684862bacff704]
      x-frame-options: [deny]
      x-geo-block-list: ['']
      x-github-request-id: ['670E:640A:30B586:341FC0:5AFF9B2D']
      x-served-by: [cache-sea1020-SEA]
      x-timer: ['S1526700849.670588,VS0,VE0']
      x-xss-protection: [1; mode=block]
    status: {code: 200, message: OK}
- request:
    body: null
    headers:
      Accept: [application/json]
      Accept-Encoding: ['gzip, deflate']
      CommandName: [vmss create]
      Connection: [keep-alive]
      Content-Type: [application/json; charset=utf-8]
      User-Agent: [python/3.5.2 (Windows-10-10.0.16299-SP0) requests/2.18.4 msrest/0.4.29
          msrest_azure/0.4.29 networkmanagementclient/2.0.0rc2 Azure-SDK-For-Python
          AZURECLI/2.0.33]
      accept-language: [en-US]
    method: GET
    uri: https://management.azure.com/subscriptions/00000000-0000-0000-0000-000000000000/resourceGroups/cli_test_vmss_extension000001/providers/Microsoft.Network/virtualnetworks?api-version=2015-06-15
  response:
    body: {string: '{"value":[]}'}
    headers:
      cache-control: [no-cache]
      content-length: ['12']
      content-type: [application/json; charset=utf-8]
      date: ['Sat, 19 May 2018 03:34:08 GMT']
      expires: ['-1']
      pragma: [no-cache]
      strict-transport-security: [max-age=31536000; includeSubDomains]
      vary: [Accept-Encoding]
      x-content-type-options: [nosniff]
    status: {code: 200, message: OK}
- request:
    body: 'b''{"properties": {"mode": "Incremental", "template": {"resources": [{"dependsOn":
      [], "properties": {"subnets": [{"properties": {"addressPrefix": "10.0.0.0/24"},
      "name": "vmss1Subnet"}], "addressSpace": {"addressPrefixes": ["10.0.0.0/16"]}},
      "name": "vmss1VNET", "tags": {}, "apiVersion": "2015-06-15", "type": "Microsoft.Network/virtualNetworks",
      "location": "westus"}, {"dependsOn": [], "properties": {"publicIPAllocationMethod":
      "Dynamic"}, "name": "vmss1LBPublicIP", "tags": {}, "apiVersion": "2015-06-15",
      "type": "Microsoft.Network/publicIPAddresses", "location": "westus"}, {"dependsOn":
      ["Microsoft.Network/virtualNetworks/vmss1VNET", "Microsoft.Network/publicIpAddresses/vmss1LBPublicIP"],
      "properties": {"inboundNatPools": [{"properties": {"backendPort": 22, "frontendPortRangeStart":
      "50000", "frontendPortRangeEnd": "50119", "protocol": "tcp", "frontendIPConfiguration":
      {"id": "[concat(resourceId(\''Microsoft.Network/loadBalancers\'', \''vmss1LB\''),
      \''/frontendIPConfigurations/\'', \''loadBalancerFrontEnd\'')]"}}, "name": "vmss1LBNatPool"}],
      "frontendIPConfigurations": [{"properties": {"publicIPAddress": {"id": "/subscriptions/00000000-0000-0000-0000-000000000000/resourceGroups/cli_test_vmss_extension000001/providers/Microsoft.Network/publicIPAddresses/vmss1LBPublicIP"}},
      "name": "loadBalancerFrontEnd"}], "backendAddressPools": [{"name": "vmss1LBBEPool"}]},
      "name": "vmss1LB", "tags": {}, "apiVersion": "2015-06-15", "type": "Microsoft.Network/loadBalancers",
      "location": "westus"}, {"properties": {"accountType": "Standard_LRS"}, "name":
      "[variables(\''storageAccountNames\'')[copyIndex()]]", "copy": {"count": 5,
      "name": "storageLoop"}, "tags": {}, "apiVersion": "2015-06-15", "type": "Microsoft.Storage/storageAccounts",
      "location": "westus"}, {"dependsOn": ["Microsoft.Network/virtualNetworks/vmss1VNET",
      "Microsoft.Network/loadBalancers/vmss1LB", "storageLoop"], "properties": {"virtualMachineProfile":
      {"osProfile": {"computerNamePrefix": "vmss1220c", "adminUsername": "admin123",
      "adminPassword": "[parameters(\''adminPassword\'')]"}, "networkProfile": {"networkInterfaceConfigurations":
      [{"properties": {"ipConfigurations": [{"properties": {"loadBalancerInboundNatPools":
      [{"id": "/subscriptions/00000000-0000-0000-0000-000000000000/resourceGroups/cli_test_vmss_extension000001/providers/Microsoft.Network/loadBalancers/vmss1LB/inboundNatPools/vmss1LBNatPool"}],
      "subnet": {"id": "/subscriptions/00000000-0000-0000-0000-000000000000/resourceGroups/cli_test_vmss_extension000001/providers/Microsoft.Network/virtualNetworks/vmss1VNET/subnets/vmss1Subnet"},
      "loadBalancerBackendAddressPools": [{"id": "/subscriptions/00000000-0000-0000-0000-000000000000/resourceGroups/cli_test_vmss_extension000001/providers/Microsoft.Network/loadBalancers/vmss1LB/backendAddressPools/vmss1LBBEPool"}]},
      "name": "vmss1220cIPConfig"}], "primary": "true"}, "name": "vmss1220cNic"}]},
      "storageProfile": {"osDisk": {"vhdContainers": "[variables(\''vhdContainers\'')]",
      "createOption": "FromImage", "name": "osdisk_220c1703ad", "caching": "ReadWrite"},
      "imageReference": {"publisher": "Canonical", "version": "latest", "sku": "16.04-LTS",
      "offer": "UbuntuServer"}}}, "upgradePolicy": {"mode": "manual"}, "overprovision":
      true}, "name": "vmss1", "tags": {}, "apiVersion": "2016-03-30", "type": "Microsoft.Compute/virtualMachineScaleSets",
      "location": "westus", "sku": {"capacity": 1, "name": "Standard_D1_v2"}}], "$schema":
      "https://schema.management.azure.com/schemas/2015-01-01/deploymentTemplate.json#",
      "outputs": {"VMSS": {"value": "[reference(resourceId(\''Microsoft.Compute/virtualMachineScaleSets\'',
      \''vmss1\''),providers(\''Microsoft.Compute\'', \''virtualMachineScaleSets\'').apiVersions[0])]",
      "type": "object"}}, "contentVersion": "1.0.0.0", "parameters": {"adminPassword":
      {"metadata": {"description": "Secure adminPassword"}, "type": "securestring"}},
      "variables": {"storageAccountNames": ["vmss1220c0", "vmss1220c1", "vmss1220c2",
      "vmss1220c3", "vmss1220c4"], "vhdContainers": ["[concat(\''https://\'', variables(\''storageAccountNames\'')[0],
      \''.blob.core.windows.net/vhds\'')]", "[concat(\''https://\'', variables(\''storageAccountNames\'')[1],
      \''.blob.core.windows.net/vhds\'')]", "[concat(\''https://\'', variables(\''storageAccountNames\'')[2],
      \''.blob.core.windows.net/vhds\'')]", "[concat(\''https://\'', variables(\''storageAccountNames\'')[3],
      \''.blob.core.windows.net/vhds\'')]", "[concat(\''https://\'', variables(\''storageAccountNames\'')[4],
      \''.blob.core.windows.net/vhds\'')]"]}}, "parameters": {"adminPassword": {"value":
      "testPassword0"}}}}'''
    headers:
      Accept: [application/json]
      Accept-Encoding: ['gzip, deflate']
      CommandName: [vmss create]
      Connection: [keep-alive]
      Content-Length: ['4664']
      Content-Type: [application/json; charset=utf-8]
      User-Agent: [python/3.5.2 (Windows-10-10.0.16299-SP0) requests/2.18.4 msrest/0.4.29
          msrest_azure/0.4.29 resourcemanagementclient/1.2.1 Azure-SDK-For-Python
          AZURECLI/2.0.33]
      accept-language: [en-US]
    method: PUT
    uri: https://management.azure.com/subscriptions/00000000-0000-0000-0000-000000000000/resourcegroups/cli_test_vmss_extension000001/providers/Microsoft.Resources/deployments/mock-deployment?api-version=2016-02-01
  response:
    body: {string: '{"id":"/subscriptions/00000000-0000-0000-0000-000000000000/resourceGroups/cli_test_vmss_extension000001/providers/Microsoft.Resources/deployments/vmss_deploy_R5wYa00SKc9qXIl53LIeavKfgYu2GHM7","name":"vmss_deploy_R5wYa00SKc9qXIl53LIeavKfgYu2GHM7","properties":{"templateHash":"17447328432623582138","parameters":{"adminPassword":{"type":"SecureString"}},"mode":"Incremental","provisioningState":"Accepted","timestamp":"2018-05-19T03:34:10.3121449Z","duration":"PT0.6513884S","correlationId":"926909df-64cb-4d0d-b96d-6ba73b531ff1","providers":[{"namespace":"Microsoft.Network","resourceTypes":[{"resourceType":"virtualNetworks","locations":["westus"]},{"resourceType":"publicIPAddresses","locations":["westus"]},{"resourceType":"loadBalancers","locations":["westus"]}]},{"namespace":"Microsoft.Compute","resourceTypes":[{"resourceType":"virtualMachineScaleSets","locations":["westus"]}]},{"namespace":"Microsoft.Storage","resourceTypes":[{"resourceType":"storageAccounts","locations":["westus"]}]}],"dependencies":[{"dependsOn":[{"id":"/subscriptions/00000000-0000-0000-0000-000000000000/resourceGroups/cli_test_vmss_extension000001/providers/Microsoft.Network/virtualNetworks/vmss1VNET","resourceType":"Microsoft.Network/virtualNetworks","resourceName":"vmss1VNET"},{"id":"/subscriptions/00000000-0000-0000-0000-000000000000/resourceGroups/cli_test_vmss_extension000001/providers/Microsoft.Network/publicIPAddresses/vmss1LBPublicIP","resourceType":"Microsoft.Network/publicIPAddresses","resourceName":"vmss1LBPublicIP"}],"id":"/subscriptions/00000000-0000-0000-0000-000000000000/resourceGroups/cli_test_vmss_extension000001/providers/Microsoft.Network/loadBalancers/vmss1LB","resourceType":"Microsoft.Network/loadBalancers","resourceName":"vmss1LB"},{"dependsOn":[{"id":"/subscriptions/00000000-0000-0000-0000-000000000000/resourceGroups/cli_test_vmss_extension000001/providers/Microsoft.Network/virtualNetworks/vmss1VNET","resourceType":"Microsoft.Network/virtualNetworks","resourceName":"vmss1VNET"},{"id":"/subscriptions/00000000-0000-0000-0000-000000000000/resourceGroups/cli_test_vmss_extension000001/providers/Microsoft.Network/loadBalancers/vmss1LB","resourceType":"Microsoft.Network/loadBalancers","resourceName":"vmss1LB"},{"id":"/subscriptions/00000000-0000-0000-0000-000000000000/resourceGroups/cli_test_vmss_extension000001/providers/Microsoft.Storage/storageAccounts/vmss1220c0","resourceType":"Microsoft.Storage/storageAccounts","resourceName":"vmss1220c0"},{"id":"/subscriptions/00000000-0000-0000-0000-000000000000/resourceGroups/cli_test_vmss_extension000001/providers/Microsoft.Storage/storageAccounts/vmss1220c1","resourceType":"Microsoft.Storage/storageAccounts","resourceName":"vmss1220c1"},{"id":"/subscriptions/00000000-0000-0000-0000-000000000000/resourceGroups/cli_test_vmss_extension000001/providers/Microsoft.Storage/storageAccounts/vmss1220c2","resourceType":"Microsoft.Storage/storageAccounts","resourceName":"vmss1220c2"},{"id":"/subscriptions/00000000-0000-0000-0000-000000000000/resourceGroups/cli_test_vmss_extension000001/providers/Microsoft.Storage/storageAccounts/vmss1220c3","resourceType":"Microsoft.Storage/storageAccounts","resourceName":"vmss1220c3"},{"id":"/subscriptions/00000000-0000-0000-0000-000000000000/resourceGroups/cli_test_vmss_extension000001/providers/Microsoft.Storage/storageAccounts/vmss1220c4","resourceType":"Microsoft.Storage/storageAccounts","resourceName":"vmss1220c4"}],"id":"/subscriptions/00000000-0000-0000-0000-000000000000/resourceGroups/cli_test_vmss_extension000001/providers/Microsoft.Compute/virtualMachineScaleSets/vmss1","resourceType":"Microsoft.Compute/virtualMachineScaleSets","resourceName":"vmss1"}]}}'}
    headers:
      azure-asyncoperation: ['https://management.azure.com/subscriptions/00000000-0000-0000-0000-000000000000/resourcegroups/cli_test_vmss_extension000001/providers/Microsoft.Resources/deployments/vmss_deploy_R5wYa00SKc9qXIl53LIeavKfgYu2GHM7/operationStatuses/08586749060358168942?api-version=2016-02-01']
      cache-control: [no-cache]
      content-length: ['4231']
      content-type: [application/json; charset=utf-8]
      date: ['Sat, 19 May 2018 03:34:10 GMT']
      expires: ['-1']
      pragma: [no-cache]
      strict-transport-security: [max-age=31536000; includeSubDomains]
      x-content-type-options: [nosniff]
      x-ms-ratelimit-remaining-subscription-writes: ['1199']
    status: {code: 201, message: Created}
- request:
    body: null
    headers:
      Accept: [application/json]
      Accept-Encoding: ['gzip, deflate']
      CommandName: [vmss create]
      Connection: [keep-alive]
      Content-Type: [application/json; charset=utf-8]
      User-Agent: [python/3.5.2 (Windows-10-10.0.16299-SP0) requests/2.18.4 msrest/0.4.29
          msrest_azure/0.4.29 resourcemanagementclient/1.2.1 Azure-SDK-For-Python
          AZURECLI/2.0.33]
      accept-language: [en-US]
    method: GET
    uri: https://management.azure.com/subscriptions/00000000-0000-0000-0000-000000000000/resourcegroups/cli_test_vmss_extension000001/providers/Microsoft.Resources/deployments/mock-deployment/operationStatuses/08586749060358168942?api-version=2016-02-01
  response:
    body: {string: '{"status":"Running"}'}
    headers:
      cache-control: [no-cache]
      content-length: ['20']
      content-type: [application/json; charset=utf-8]
      date: ['Sat, 19 May 2018 03:34:40 GMT']
      expires: ['-1']
      pragma: [no-cache]
      strict-transport-security: [max-age=31536000; includeSubDomains]
      vary: [Accept-Encoding]
      x-content-type-options: [nosniff]
    status: {code: 200, message: OK}
- request:
    body: null
    headers:
      Accept: [application/json]
      Accept-Encoding: ['gzip, deflate']
      CommandName: [vmss create]
      Connection: [keep-alive]
      Content-Type: [application/json; charset=utf-8]
      User-Agent: [python/3.5.2 (Windows-10-10.0.16299-SP0) requests/2.18.4 msrest/0.4.29
          msrest_azure/0.4.29 resourcemanagementclient/1.2.1 Azure-SDK-For-Python
          AZURECLI/2.0.33]
      accept-language: [en-US]
    method: GET
    uri: https://management.azure.com/subscriptions/00000000-0000-0000-0000-000000000000/resourcegroups/cli_test_vmss_extension000001/providers/Microsoft.Resources/deployments/mock-deployment/operationStatuses/08586749060358168942?api-version=2016-02-01
  response:
    body: {string: '{"status":"Running"}'}
    headers:
      cache-control: [no-cache]
      content-length: ['20']
      content-type: [application/json; charset=utf-8]
      date: ['Sat, 19 May 2018 03:35:10 GMT']
      expires: ['-1']
      pragma: [no-cache]
      strict-transport-security: [max-age=31536000; includeSubDomains]
      vary: [Accept-Encoding]
      x-content-type-options: [nosniff]
    status: {code: 200, message: OK}
- request:
    body: null
    headers:
      Accept: [application/json]
      Accept-Encoding: ['gzip, deflate']
      CommandName: [vmss create]
      Connection: [keep-alive]
      Content-Type: [application/json; charset=utf-8]
      User-Agent: [python/3.5.2 (Windows-10-10.0.16299-SP0) requests/2.18.4 msrest/0.4.29
          msrest_azure/0.4.29 resourcemanagementclient/1.2.1 Azure-SDK-For-Python
          AZURECLI/2.0.33]
      accept-language: [en-US]
    method: GET
    uri: https://management.azure.com/subscriptions/00000000-0000-0000-0000-000000000000/resourcegroups/cli_test_vmss_extension000001/providers/Microsoft.Resources/deployments/mock-deployment/operationStatuses/08586749060358168942?api-version=2016-02-01
  response:
    body: {string: '{"status":"Running"}'}
    headers:
      cache-control: [no-cache]
      content-length: ['20']
      content-type: [application/json; charset=utf-8]
      date: ['Sat, 19 May 2018 03:35:41 GMT']
      expires: ['-1']
      pragma: [no-cache]
      strict-transport-security: [max-age=31536000; includeSubDomains]
      vary: [Accept-Encoding]
      x-content-type-options: [nosniff]
    status: {code: 200, message: OK}
- request:
    body: null
    headers:
      Accept: [application/json]
      Accept-Encoding: ['gzip, deflate']
      CommandName: [vmss create]
      Connection: [keep-alive]
      Content-Type: [application/json; charset=utf-8]
      User-Agent: [python/3.5.2 (Windows-10-10.0.16299-SP0) requests/2.18.4 msrest/0.4.29
          msrest_azure/0.4.29 resourcemanagementclient/1.2.1 Azure-SDK-For-Python
          AZURECLI/2.0.33]
      accept-language: [en-US]
    method: GET
    uri: https://management.azure.com/subscriptions/00000000-0000-0000-0000-000000000000/resourcegroups/cli_test_vmss_extension000001/providers/Microsoft.Resources/deployments/mock-deployment/operationStatuses/08586749060358168942?api-version=2016-02-01
  response:
    body: {string: '{"status":"Running"}'}
    headers:
      cache-control: [no-cache]
      content-length: ['20']
      content-type: [application/json; charset=utf-8]
      date: ['Sat, 19 May 2018 03:36:11 GMT']
      expires: ['-1']
      pragma: [no-cache]
      strict-transport-security: [max-age=31536000; includeSubDomains]
      vary: [Accept-Encoding]
      x-content-type-options: [nosniff]
    status: {code: 200, message: OK}
- request:
    body: null
    headers:
      Accept: [application/json]
      Accept-Encoding: ['gzip, deflate']
      CommandName: [vmss create]
      Connection: [keep-alive]
      Content-Type: [application/json; charset=utf-8]
      User-Agent: [python/3.5.2 (Windows-10-10.0.16299-SP0) requests/2.18.4 msrest/0.4.29
          msrest_azure/0.4.29 resourcemanagementclient/1.2.1 Azure-SDK-For-Python
          AZURECLI/2.0.33]
      accept-language: [en-US]
    method: GET
    uri: https://management.azure.com/subscriptions/00000000-0000-0000-0000-000000000000/resourcegroups/cli_test_vmss_extension000001/providers/Microsoft.Resources/deployments/mock-deployment/operationStatuses/08586749060358168942?api-version=2016-02-01
  response:
    body: {string: '{"status":"Succeeded"}'}
    headers:
      cache-control: [no-cache]
      content-length: ['22']
      content-type: [application/json; charset=utf-8]
      date: ['Sat, 19 May 2018 03:36:42 GMT']
      expires: ['-1']
      pragma: [no-cache]
      strict-transport-security: [max-age=31536000; includeSubDomains]
      vary: [Accept-Encoding]
      x-content-type-options: [nosniff]
    status: {code: 200, message: OK}
- request:
    body: null
    headers:
      Accept: [application/json]
      Accept-Encoding: ['gzip, deflate']
      CommandName: [vmss create]
      Connection: [keep-alive]
      Content-Type: [application/json; charset=utf-8]
      User-Agent: [python/3.5.2 (Windows-10-10.0.16299-SP0) requests/2.18.4 msrest/0.4.29
          msrest_azure/0.4.29 resourcemanagementclient/1.2.1 Azure-SDK-For-Python
          AZURECLI/2.0.33]
      accept-language: [en-US]
    method: GET
    uri: https://management.azure.com/subscriptions/00000000-0000-0000-0000-000000000000/resourcegroups/cli_test_vmss_extension000001/providers/Microsoft.Resources/deployments/mock-deployment?api-version=2016-02-01
  response:
    body: {string: '{"id":"/subscriptions/00000000-0000-0000-0000-000000000000/resourceGroups/cli_test_vmss_extension000001/providers/Microsoft.Resources/deployments/vmss_deploy_R5wYa00SKc9qXIl53LIeavKfgYu2GHM7","name":"vmss_deploy_R5wYa00SKc9qXIl53LIeavKfgYu2GHM7","properties":{"templateHash":"17447328432623582138","parameters":{"adminPassword":{"type":"SecureString"}},"mode":"Incremental","provisioningState":"Succeeded","timestamp":"2018-05-19T03:36:13.2502754Z","duration":"PT2M3.5895189S","correlationId":"926909df-64cb-4d0d-b96d-6ba73b531ff1","providers":[{"namespace":"Microsoft.Network","resourceTypes":[{"resourceType":"virtualNetworks","locations":["westus"]},{"resourceType":"publicIPAddresses","locations":["westus"]},{"resourceType":"loadBalancers","locations":["westus"]}]},{"namespace":"Microsoft.Compute","resourceTypes":[{"resourceType":"virtualMachineScaleSets","locations":["westus"]}]},{"namespace":"Microsoft.Storage","resourceTypes":[{"resourceType":"storageAccounts","locations":["westus"]}]}],"dependencies":[{"dependsOn":[{"id":"/subscriptions/00000000-0000-0000-0000-000000000000/resourceGroups/cli_test_vmss_extension000001/providers/Microsoft.Network/virtualNetworks/vmss1VNET","resourceType":"Microsoft.Network/virtualNetworks","resourceName":"vmss1VNET"},{"id":"/subscriptions/00000000-0000-0000-0000-000000000000/resourceGroups/cli_test_vmss_extension000001/providers/Microsoft.Network/publicIPAddresses/vmss1LBPublicIP","resourceType":"Microsoft.Network/publicIPAddresses","resourceName":"vmss1LBPublicIP"}],"id":"/subscriptions/00000000-0000-0000-0000-000000000000/resourceGroups/cli_test_vmss_extension000001/providers/Microsoft.Network/loadBalancers/vmss1LB","resourceType":"Microsoft.Network/loadBalancers","resourceName":"vmss1LB"},{"dependsOn":[{"id":"/subscriptions/00000000-0000-0000-0000-000000000000/resourceGroups/cli_test_vmss_extension000001/providers/Microsoft.Network/virtualNetworks/vmss1VNET","resourceType":"Microsoft.Network/virtualNetworks","resourceName":"vmss1VNET"},{"id":"/subscriptions/00000000-0000-0000-0000-000000000000/resourceGroups/cli_test_vmss_extension000001/providers/Microsoft.Network/loadBalancers/vmss1LB","resourceType":"Microsoft.Network/loadBalancers","resourceName":"vmss1LB"},{"id":"/subscriptions/00000000-0000-0000-0000-000000000000/resourceGroups/cli_test_vmss_extension000001/providers/Microsoft.Storage/storageAccounts/vmss1220c0","resourceType":"Microsoft.Storage/storageAccounts","resourceName":"vmss1220c0"},{"id":"/subscriptions/00000000-0000-0000-0000-000000000000/resourceGroups/cli_test_vmss_extension000001/providers/Microsoft.Storage/storageAccounts/vmss1220c1","resourceType":"Microsoft.Storage/storageAccounts","resourceName":"vmss1220c1"},{"id":"/subscriptions/00000000-0000-0000-0000-000000000000/resourceGroups/cli_test_vmss_extension000001/providers/Microsoft.Storage/storageAccounts/vmss1220c2","resourceType":"Microsoft.Storage/storageAccounts","resourceName":"vmss1220c2"},{"id":"/subscriptions/00000000-0000-0000-0000-000000000000/resourceGroups/cli_test_vmss_extension000001/providers/Microsoft.Storage/storageAccounts/vmss1220c3","resourceType":"Microsoft.Storage/storageAccounts","resourceName":"vmss1220c3"},{"id":"/subscriptions/00000000-0000-0000-0000-000000000000/resourceGroups/cli_test_vmss_extension000001/providers/Microsoft.Storage/storageAccounts/vmss1220c4","resourceType":"Microsoft.Storage/storageAccounts","resourceName":"vmss1220c4"}],"id":"/subscriptions/00000000-0000-0000-0000-000000000000/resourceGroups/cli_test_vmss_extension000001/providers/Microsoft.Compute/virtualMachineScaleSets/vmss1","resourceType":"Microsoft.Compute/virtualMachineScaleSets","resourceName":"vmss1"}],"outputs":{"vmss":{"type":"Object","value":{"singlePlacementGroup":true,"upgradePolicy":{"mode":"Manual","automaticOSUpgrade":false},"virtualMachineProfile":{"osProfile":{"computerNamePrefix":"vmss1220c","adminUsername":"admin123","linuxConfiguration":{"disablePasswordAuthentication":false},"secrets":[]},"storageProfile":{"osDisk":{"vhdContainers":["https://vmss1220c0.blob.core.windows.net/vhds","https://vmss1220c1.blob.core.windows.net/vhds","https://vmss1220c2.blob.core.windows.net/vhds","https://vmss1220c3.blob.core.windows.net/vhds","https://vmss1220c4.blob.core.windows.net/vhds"],"name":"osdisk_220c1703ad","createOption":"FromImage","caching":"ReadWrite"},"imageReference":{"publisher":"Canonical","offer":"UbuntuServer","sku":"16.04-LTS","version":"latest"}},"networkProfile":{"networkInterfaceConfigurations":[{"name":"vmss1220cNic","properties":{"primary":true,"ipConfigurations":[{"name":"vmss1220cIPConfig","properties":{"subnet":{"id":"/subscriptions/00000000-0000-0000-0000-000000000000/resourceGroups/cli_test_vmss_extension000001/providers/Microsoft.Network/virtualNetworks/vmss1VNET/subnets/vmss1Subnet"},"loadBalancerBackendAddressPools":[{"id":"/subscriptions/00000000-0000-0000-0000-000000000000/resourceGroups/cli_test_vmss_extension000001/providers/Microsoft.Network/loadBalancers/vmss1LB/backendAddressPools/vmss1LBBEPool"}],"loadBalancerInboundNatPools":[{"id":"/subscriptions/00000000-0000-0000-0000-000000000000/resourceGroups/cli_test_vmss_extension000001/providers/Microsoft.Network/loadBalancers/vmss1LB/inboundNatPools/vmss1LBNatPool"}]}}]}}]}},"provisioningState":"Succeeded","overprovision":true,"uniqueId":"a65f3b16-ca06-423a-86f1-73dffc4f4d35"}}},"outputResources":[{"id":"Microsoft.Compute/virtualMachineScaleSets/vmss1"},{"id":"Microsoft.Network/loadBalancers/vmss1LB"},{"id":"Microsoft.Network/publicIPAddresses/vmss1LBPublicIP"},{"id":"Microsoft.Network/virtualNetworks/vmss1VNET"},{"id":"Microsoft.Storage/storageAccounts/vmss1220c0"},{"id":"Microsoft.Storage/storageAccounts/vmss1220c1"},{"id":"Microsoft.Storage/storageAccounts/vmss1220c2"},{"id":"Microsoft.Storage/storageAccounts/vmss1220c3"},{"id":"Microsoft.Storage/storageAccounts/vmss1220c4"}]}}'}
    headers:
      cache-control: [no-cache]
      content-length: ['6569']
      content-type: [application/json; charset=utf-8]
      date: ['Sat, 19 May 2018 03:36:42 GMT']
      expires: ['-1']
      pragma: [no-cache]
      strict-transport-security: [max-age=31536000; includeSubDomains]
      vary: [Accept-Encoding]
      x-content-type-options: [nosniff]
    status: {code: 200, message: OK}
- request:
    body: null
    headers:
      Accept: [application/json]
      Accept-Encoding: ['gzip, deflate']
      CommandName: [vmss extension set]
      Connection: [keep-alive]
      Content-Type: [application/json; charset=utf-8]
      User-Agent: [python/3.5.2 (Windows-10-10.0.16299-SP0) requests/2.18.4 msrest/0.4.29
          msrest_azure/0.4.29 computemanagementclient/4.0.0rc2 Azure-SDK-For-Python
          AZURECLI/2.0.33]
      accept-language: [en-US]
    method: GET
    uri: https://management.azure.com/subscriptions/00000000-0000-0000-0000-000000000000/resourceGroups/cli_test_vmss_extension000001/providers/Microsoft.Compute/virtualMachineScaleSets/vmss1?api-version=2016-03-30
  response:
    body: {string: "{\r\n  \"sku\": {\r\n    \"name\": \"Standard_D1_v2\",\r\n   \
        \ \"tier\": \"Standard\",\r\n    \"capacity\": 1\r\n  },\r\n  \"properties\"\
        : {\r\n    \"upgradePolicy\": {\r\n      \"mode\": \"Manual\"\r\n    },\r\n\
        \    \"virtualMachineProfile\": {\r\n      \"osProfile\": {\r\n        \"\
        computerNamePrefix\": \"vmss1220c\",\r\n        \"adminUsername\": \"admin123\"\
        ,\r\n        \"linuxConfiguration\": {\r\n          \"disablePasswordAuthentication\"\
        : false\r\n        },\r\n        \"secrets\": []\r\n      },\r\n      \"storageProfile\"\
        : {\r\n        \"osDisk\": {\r\n          \"vhdContainers\": [\r\n       \
        \     \"https://vmss1220c0.blob.core.windows.net/vhds\",\r\n            \"\
        https://vmss1220c1.blob.core.windows.net/vhds\",\r\n            \"https://vmss1220c2.blob.core.windows.net/vhds\"\
        ,\r\n            \"https://vmss1220c3.blob.core.windows.net/vhds\",\r\n  \
        \          \"https://vmss1220c4.blob.core.windows.net/vhds\"\r\n         \
        \ ],\r\n          \"name\": \"osdisk_220c1703ad\",\r\n          \"createOption\"\
        : \"FromImage\",\r\n          \"caching\": \"ReadWrite\"\r\n        },\r\n\
        \        \"imageReference\": {\r\n          \"publisher\": \"Canonical\",\r\
        \n          \"offer\": \"UbuntuServer\",\r\n          \"sku\": \"16.04-LTS\"\
        ,\r\n          \"version\": \"latest\"\r\n        }\r\n      },\r\n      \"\
        networkProfile\": {\"networkInterfaceConfigurations\":[{\"name\":\"vmss1220cNic\"\
        ,\"properties\":{\"primary\":true,\"ipConfigurations\":[{\"name\":\"vmss1220cIPConfig\"\
        ,\"properties\":{\"subnet\":{\"id\":\"/subscriptions/00000000-0000-0000-0000-000000000000/resourceGroups/cli_test_vmss_extension000001/providers/Microsoft.Network/virtualNetworks/vmss1VNET/subnets/vmss1Subnet\"\
        },\"loadBalancerBackendAddressPools\":[{\"id\":\"/subscriptions/00000000-0000-0000-0000-000000000000/resourceGroups/cli_test_vmss_extension000001/providers/Microsoft.Network/loadBalancers/vmss1LB/backendAddressPools/vmss1LBBEPool\"\
        }],\"loadBalancerInboundNatPools\":[{\"id\":\"/subscriptions/00000000-0000-0000-0000-000000000000/resourceGroups/cli_test_vmss_extension000001/providers/Microsoft.Network/loadBalancers/vmss1LB/inboundNatPools/vmss1LBNatPool\"\
        }]}}]}}]}\r\n    },\r\n    \"provisioningState\": \"Succeeded\",\r\n    \"\
        overprovision\": true,\r\n    \"uniqueId\": \"a65f3b16-ca06-423a-86f1-73dffc4f4d35\"\
        \r\n  },\r\n  \"type\": \"Microsoft.Compute/virtualMachineScaleSets\",\r\n\
        \  \"location\": \"westus\",\r\n  \"tags\": {},\r\n  \"id\": \"/subscriptions/00000000-0000-0000-0000-000000000000/resourceGroups/cli_test_vmss_extension000001/providers/Microsoft.Compute/virtualMachineScaleSets/vmss1\"\
        ,\r\n  \"name\": \"vmss1\"\r\n}"}
    headers:
      cache-control: [no-cache]
      content-length: ['2566']
      content-type: [application/json; charset=utf-8]
      date: ['Sat, 19 May 2018 03:36:43 GMT']
      expires: ['-1']
      pragma: [no-cache]
      server: [Microsoft-HTTPAPI/2.0, Microsoft-HTTPAPI/2.0]
      strict-transport-security: [max-age=31536000; includeSubDomains]
      transfer-encoding: [chunked]
      vary: [Accept-Encoding]
      x-content-type-options: [nosniff]
      x-ms-ratelimit-remaining-resource: ['Microsoft.Compute/GetVMScaleSet3Min;189,Microsoft.Compute/GetVMScaleSet30Min;1442']
    status: {code: 200, message: OK}
- request:
    body: 'b''{"properties": {"virtualMachineProfile": {"osProfile": {"computerNamePrefix":
      "vmss1220c", "linuxConfiguration": {"disablePasswordAuthentication": false},
      "secrets": [], "adminUsername": "admin123"}, "networkProfile": {"networkInterfaceConfigurations":
      [{"properties": {"ipConfigurations": [{"properties": {"loadBalancerInboundNatPools":
      [{"id": "/subscriptions/00000000-0000-0000-0000-000000000000/resourceGroups/cli_test_vmss_extension000001/providers/Microsoft.Network/loadBalancers/vmss1LB/inboundNatPools/vmss1LBNatPool"}],
      "subnet": {"id": "/subscriptions/00000000-0000-0000-0000-000000000000/resourceGroups/cli_test_vmss_extension000001/providers/Microsoft.Network/virtualNetworks/vmss1VNET/subnets/vmss1Subnet"},
      "loadBalancerBackendAddressPools": [{"id": "/subscriptions/00000000-0000-0000-0000-000000000000/resourceGroups/cli_test_vmss_extension000001/providers/Microsoft.Network/loadBalancers/vmss1LB/backendAddressPools/vmss1LBBEPool"}]},
      "name": "vmss1220cIPConfig"}], "primary": true}, "name": "vmss1220cNic"}]},
      "extensionProfile": {"extensions": [{"properties": {"protectedSettings": {"ssh_key":
      "ssh-rsa AAAAB3NzaC1yc2EAAAADAQABAAABAQC8InHIPLAu6lMc0d+5voyXqigZfT5r6fAM1+FQAi+mkPDdk2hNq1BG0Bwfc88Gm7BImw8TS+x2bnZmhCbVnHd6BPCDY7a+cHCSqrQMW89Cv6Vl4ueGOeAWHpJTV9CTLVz4IY1x4HBdkLI2lKIHri9+z7NIdvFk7iOkMVGyez5H1xDbF2szURxgc4I2/o5wycSwX+G8DrtsBvWLmFv9YAPx+VkEHQDjR0WWezOjuo1rDn6MQfiKfqAjPuInwNOg5AIxXAOResrin2PUlArNtdDH1zlvI4RZi36+tJO7mtm3dJiKs4Sj7G6b1CjIU6aaj27MmKy3arIFChYav9yYM3IT",
      "username": "myadmin"}, "publisher": "Microsoft.Azure.NetworkWatcher", "autoUpgradeMinorVersion":
      true, "type": "NetworkWatcherAgentLinux", "typeHandlerVersion": "1.4"}, "name":
      "NetworkWatcherAgentLinux"}]}, "storageProfile": {"osDisk": {"vhdContainers":
      ["https://vmss1220c0.blob.core.windows.net/vhds", "https://vmss1220c1.blob.core.windows.net/vhds",
      "https://vmss1220c2.blob.core.windows.net/vhds", "https://vmss1220c3.blob.core.windows.net/vhds",
      "https://vmss1220c4.blob.core.windows.net/vhds"], "createOption": "FromImage",
      "name": "osdisk_220c1703ad", "caching": "ReadWrite"}, "imageReference": {"publisher":
      "Canonical", "sku": "16.04-LTS", "version": "latest", "offer": "UbuntuServer"}}},
      "upgradePolicy": {"mode": "Manual"}}, "location": "westus", "sku": {"tier":
      "Standard", "capacity": 1, "name": "Standard_D1_v2"}, "tags": {}}'''
    headers:
      Accept: [application/json]
      Accept-Encoding: ['gzip, deflate']
      CommandName: [vmss extension set]
      Connection: [keep-alive]
      Content-Length: ['2475']
      Content-Type: [application/json; charset=utf-8]
      User-Agent: [python/3.5.2 (Windows-10-10.0.16299-SP0) requests/2.18.4 msrest/0.4.29
          msrest_azure/0.4.29 computemanagementclient/4.0.0rc2 Azure-SDK-For-Python
          AZURECLI/2.0.33]
      accept-language: [en-US]
    method: PUT
    uri: https://management.azure.com/subscriptions/00000000-0000-0000-0000-000000000000/resourceGroups/cli_test_vmss_extension000001/providers/Microsoft.Compute/virtualMachineScaleSets/vmss1?api-version=2016-03-30
  response:
    body: {string: "{\r\n  \"sku\": {\r\n    \"name\": \"Standard_D1_v2\",\r\n   \
        \ \"tier\": \"Standard\",\r\n    \"capacity\": 1\r\n  },\r\n  \"properties\"\
        : {\r\n    \"upgradePolicy\": {\r\n      \"mode\": \"Manual\"\r\n    },\r\n\
        \    \"virtualMachineProfile\": {\r\n      \"osProfile\": {\r\n        \"\
        computerNamePrefix\": \"vmss1220c\",\r\n        \"adminUsername\": \"admin123\"\
        ,\r\n        \"linuxConfiguration\": {\r\n          \"disablePasswordAuthentication\"\
        : false\r\n        },\r\n        \"secrets\": []\r\n      },\r\n      \"storageProfile\"\
        : {\r\n        \"osDisk\": {\r\n          \"vhdContainers\": [\r\n       \
        \     \"https://vmss1220c0.blob.core.windows.net/vhds\",\r\n            \"\
        https://vmss1220c1.blob.core.windows.net/vhds\",\r\n            \"https://vmss1220c2.blob.core.windows.net/vhds\"\
        ,\r\n            \"https://vmss1220c3.blob.core.windows.net/vhds\",\r\n  \
        \          \"https://vmss1220c4.blob.core.windows.net/vhds\"\r\n         \
        \ ],\r\n          \"name\": \"osdisk_220c1703ad\",\r\n          \"createOption\"\
        : \"FromImage\",\r\n          \"caching\": \"ReadWrite\"\r\n        },\r\n\
        \        \"imageReference\": {\r\n          \"publisher\": \"Canonical\",\r\
        \n          \"offer\": \"UbuntuServer\",\r\n          \"sku\": \"16.04-LTS\"\
        ,\r\n          \"version\": \"latest\"\r\n        }\r\n      },\r\n      \"\
        networkProfile\": {\"networkInterfaceConfigurations\":[{\"name\":\"vmss1220cNic\"\
        ,\"properties\":{\"primary\":true,\"ipConfigurations\":[{\"name\":\"vmss1220cIPConfig\"\
        ,\"properties\":{\"subnet\":{\"id\":\"/subscriptions/00000000-0000-0000-0000-000000000000/resourceGroups/cli_test_vmss_extension000001/providers/Microsoft.Network/virtualNetworks/vmss1VNET/subnets/vmss1Subnet\"\
        },\"loadBalancerBackendAddressPools\":[{\"id\":\"/subscriptions/00000000-0000-0000-0000-000000000000/resourceGroups/cli_test_vmss_extension000001/providers/Microsoft.Network/loadBalancers/vmss1LB/backendAddressPools/vmss1LBBEPool\"\
        }],\"loadBalancerInboundNatPools\":[{\"id\":\"/subscriptions/00000000-0000-0000-0000-000000000000/resourceGroups/cli_test_vmss_extension000001/providers/Microsoft.Network/loadBalancers/vmss1LB/inboundNatPools/vmss1LBNatPool\"\
        }]}}]}}]},\r\n      \"extensionProfile\": {\r\n        \"extensions\": [\r\
        \n          {\r\n            \"properties\": {\r\n              \"publisher\"\
        : \"Microsoft.Azure.NetworkWatcher\",\r\n              \"type\": \"NetworkWatcherAgentLinux\"\
        ,\r\n              \"typeHandlerVersion\": \"1.4\",\r\n              \"autoUpgradeMinorVersion\"\
        : true\r\n            },\r\n            \"name\": \"NetworkWatcherAgentLinux\"\
        \r\n          }\r\n        ]\r\n      }\r\n    },\r\n    \"provisioningState\"\
        : \"Updating\",\r\n    \"overprovision\": true,\r\n    \"uniqueId\": \"a65f3b16-ca06-423a-86f1-73dffc4f4d35\"\
        \r\n  },\r\n  \"type\": \"Microsoft.Compute/virtualMachineScaleSets\",\r\n\
        \  \"location\": \"westus\",\r\n  \"tags\": {},\r\n  \"id\": \"/subscriptions/00000000-0000-0000-0000-000000000000/resourceGroups/cli_test_vmss_extension000001/providers/Microsoft.Compute/virtualMachineScaleSets/vmss1\"\
        ,\r\n  \"name\": \"vmss1\"\r\n}"}
    headers:
      azure-asyncoperation: ['https://management.azure.com/subscriptions/00000000-0000-0000-0000-000000000000/providers/Microsoft.Compute/locations/westus/operations/252d72d8-bddb-4015-81e4-9d5eb03f66c8?api-version=2016-03-30']
      cache-control: [no-cache]
      content-length: ['2963']
      content-type: [application/json; charset=utf-8]
      date: ['Sat, 19 May 2018 03:36:43 GMT']
      expires: ['-1']
      pragma: [no-cache]
      server: [Microsoft-HTTPAPI/2.0, Microsoft-HTTPAPI/2.0]
      strict-transport-security: [max-age=31536000; includeSubDomains]
      transfer-encoding: [chunked]
      vary: [Accept-Encoding]
      x-content-type-options: [nosniff]
      x-ms-ratelimit-remaining-resource: ['Microsoft.Compute/CreateVMScaleSet3Min;38,Microsoft.Compute/CreateVMScaleSet30Min;194,Microsoft.Compute/VmssQueuedVMOperations;4800']
      x-ms-ratelimit-remaining-subscription-writes: ['1199']
      x-ms-request-charge: ['0']
    status: {code: 200, message: OK}
- request:
    body: null
    headers:
      Accept: [application/json]
      Accept-Encoding: ['gzip, deflate']
      CommandName: [vmss extension set]
      Connection: [keep-alive]
      User-Agent: [python/3.5.2 (Windows-10-10.0.16299-SP0) requests/2.18.4 msrest/0.4.29
          msrest_azure/0.4.29 computemanagementclient/4.0.0rc2 Azure-SDK-For-Python
          AZURECLI/2.0.33]
    method: GET
    uri: https://management.azure.com/subscriptions/00000000-0000-0000-0000-000000000000/providers/Microsoft.Compute/locations/westus/operations/252d72d8-bddb-4015-81e4-9d5eb03f66c8?api-version=2016-03-30
  response:
    body: {string: "{\r\n  \"startTime\": \"2018-05-19T03:36:43.9938706+00:00\",\r\
        \n  \"status\": \"InProgress\",\r\n  \"name\": \"252d72d8-bddb-4015-81e4-9d5eb03f66c8\"\
        \r\n}"}
    headers:
      cache-control: [no-cache]
      content-length: ['134']
      content-type: [application/json; charset=utf-8]
      date: ['Sat, 19 May 2018 03:37:00 GMT']
      expires: ['-1']
      pragma: [no-cache]
      server: [Microsoft-HTTPAPI/2.0, Microsoft-HTTPAPI/2.0]
      strict-transport-security: [max-age=31536000; includeSubDomains]
      transfer-encoding: [chunked]
      vary: [Accept-Encoding]
      x-content-type-options: [nosniff]
      x-ms-ratelimit-remaining-resource: ['Microsoft.Compute/GetOperation3Min;14986,Microsoft.Compute/GetOperation30Min;29883']
    status: {code: 200, message: OK}
- request:
    body: null
    headers:
      Accept: [application/json]
      Accept-Encoding: ['gzip, deflate']
      CommandName: [vmss extension set]
      Connection: [keep-alive]
      User-Agent: [python/3.5.2 (Windows-10-10.0.16299-SP0) requests/2.18.4 msrest/0.4.29
          msrest_azure/0.4.29 computemanagementclient/4.0.0rc2 Azure-SDK-For-Python
          AZURECLI/2.0.33]
    method: GET
    uri: https://management.azure.com/subscriptions/00000000-0000-0000-0000-000000000000/providers/Microsoft.Compute/locations/westus/operations/252d72d8-bddb-4015-81e4-9d5eb03f66c8?api-version=2016-03-30
  response:
    body: {string: "{\r\n  \"startTime\": \"2018-05-19T03:36:43.9938706+00:00\",\r\
        \n  \"status\": \"InProgress\",\r\n  \"name\": \"252d72d8-bddb-4015-81e4-9d5eb03f66c8\"\
        \r\n}"}
    headers:
      cache-control: [no-cache]
      content-length: ['134']
      content-type: [application/json; charset=utf-8]
      date: ['Sat, 19 May 2018 03:37:31 GMT']
      expires: ['-1']
      pragma: [no-cache]
      server: [Microsoft-HTTPAPI/2.0, Microsoft-HTTPAPI/2.0]
      strict-transport-security: [max-age=31536000; includeSubDomains]
      transfer-encoding: [chunked]
      vary: [Accept-Encoding]
      x-content-type-options: [nosniff]
      x-ms-ratelimit-remaining-resource: ['Microsoft.Compute/GetOperation3Min;14989,Microsoft.Compute/GetOperation30Min;29882']
    status: {code: 200, message: OK}
- request:
    body: null
    headers:
      Accept: [application/json]
      Accept-Encoding: ['gzip, deflate']
      CommandName: [vmss extension set]
      Connection: [keep-alive]
      User-Agent: [python/3.5.2 (Windows-10-10.0.16299-SP0) requests/2.18.4 msrest/0.4.29
          msrest_azure/0.4.29 computemanagementclient/4.0.0rc2 Azure-SDK-For-Python
          AZURECLI/2.0.33]
    method: GET
    uri: https://management.azure.com/subscriptions/00000000-0000-0000-0000-000000000000/providers/Microsoft.Compute/locations/westus/operations/252d72d8-bddb-4015-81e4-9d5eb03f66c8?api-version=2016-03-30
  response:
    body: {string: "{\r\n  \"startTime\": \"2018-05-19T03:36:43.9938706+00:00\",\r\
        \n  \"status\": \"InProgress\",\r\n  \"name\": \"252d72d8-bddb-4015-81e4-9d5eb03f66c8\"\
        \r\n}"}
    headers:
      cache-control: [no-cache]
      content-length: ['134']
      content-type: [application/json; charset=utf-8]
      date: ['Sat, 19 May 2018 03:38:00 GMT']
      expires: ['-1']
      pragma: [no-cache]
      server: [Microsoft-HTTPAPI/2.0, Microsoft-HTTPAPI/2.0]
      strict-transport-security: [max-age=31536000; includeSubDomains]
      transfer-encoding: [chunked]
      vary: [Accept-Encoding]
      x-content-type-options: [nosniff]
      x-ms-ratelimit-remaining-resource: ['Microsoft.Compute/GetOperation3Min;14987,Microsoft.Compute/GetOperation30Min;29879']
    status: {code: 200, message: OK}
- request:
    body: null
    headers:
      Accept: [application/json]
      Accept-Encoding: ['gzip, deflate']
      CommandName: [vmss extension set]
      Connection: [keep-alive]
      User-Agent: [python/3.5.2 (Windows-10-10.0.16299-SP0) requests/2.18.4 msrest/0.4.29
          msrest_azure/0.4.29 computemanagementclient/4.0.0rc2 Azure-SDK-For-Python
          AZURECLI/2.0.33]
    method: GET
    uri: https://management.azure.com/subscriptions/00000000-0000-0000-0000-000000000000/providers/Microsoft.Compute/locations/westus/operations/252d72d8-bddb-4015-81e4-9d5eb03f66c8?api-version=2016-03-30
  response:
    body: {string: "{\r\n  \"startTime\": \"2018-05-19T03:36:43.9938706+00:00\",\r\
        \n  \"endTime\": \"2018-05-19T03:38:08.4029961+00:00\",\r\n  \"status\": \"\
        Succeeded\",\r\n  \"name\": \"252d72d8-bddb-4015-81e4-9d5eb03f66c8\"\r\n}"}
    headers:
      cache-control: [no-cache]
      content-length: ['184']
      content-type: [application/json; charset=utf-8]
      date: ['Sat, 19 May 2018 03:38:31 GMT']
      expires: ['-1']
      pragma: [no-cache]
      server: [Microsoft-HTTPAPI/2.0, Microsoft-HTTPAPI/2.0]
      strict-transport-security: [max-age=31536000; includeSubDomains]
      transfer-encoding: [chunked]
      vary: [Accept-Encoding]
      x-content-type-options: [nosniff]
      x-ms-ratelimit-remaining-resource: ['Microsoft.Compute/GetOperation3Min;14987,Microsoft.Compute/GetOperation30Min;29875']
    status: {code: 200, message: OK}
- request:
    body: null
    headers:
      Accept: [application/json]
      Accept-Encoding: ['gzip, deflate']
      CommandName: [vmss extension set]
      Connection: [keep-alive]
      User-Agent: [python/3.5.2 (Windows-10-10.0.16299-SP0) requests/2.18.4 msrest/0.4.29
          msrest_azure/0.4.29 computemanagementclient/4.0.0rc2 Azure-SDK-For-Python
          AZURECLI/2.0.33]
    method: GET
    uri: https://management.azure.com/subscriptions/00000000-0000-0000-0000-000000000000/resourceGroups/cli_test_vmss_extension000001/providers/Microsoft.Compute/virtualMachineScaleSets/vmss1?api-version=2016-03-30
  response:
    body: {string: "{\r\n  \"sku\": {\r\n    \"name\": \"Standard_D1_v2\",\r\n   \
        \ \"tier\": \"Standard\",\r\n    \"capacity\": 1\r\n  },\r\n  \"properties\"\
        : {\r\n    \"upgradePolicy\": {\r\n      \"mode\": \"Manual\"\r\n    },\r\n\
        \    \"virtualMachineProfile\": {\r\n      \"osProfile\": {\r\n        \"\
        computerNamePrefix\": \"vmss1220c\",\r\n        \"adminUsername\": \"admin123\"\
        ,\r\n        \"linuxConfiguration\": {\r\n          \"disablePasswordAuthentication\"\
        : false\r\n        },\r\n        \"secrets\": []\r\n      },\r\n      \"storageProfile\"\
        : {\r\n        \"osDisk\": {\r\n          \"vhdContainers\": [\r\n       \
        \     \"https://vmss1220c0.blob.core.windows.net/vhds\",\r\n            \"\
        https://vmss1220c1.blob.core.windows.net/vhds\",\r\n            \"https://vmss1220c2.blob.core.windows.net/vhds\"\
        ,\r\n            \"https://vmss1220c3.blob.core.windows.net/vhds\",\r\n  \
        \          \"https://vmss1220c4.blob.core.windows.net/vhds\"\r\n         \
        \ ],\r\n          \"name\": \"osdisk_220c1703ad\",\r\n          \"createOption\"\
        : \"FromImage\",\r\n          \"caching\": \"ReadWrite\"\r\n        },\r\n\
        \        \"imageReference\": {\r\n          \"publisher\": \"Canonical\",\r\
        \n          \"offer\": \"UbuntuServer\",\r\n          \"sku\": \"16.04-LTS\"\
        ,\r\n          \"version\": \"latest\"\r\n        }\r\n      },\r\n      \"\
        networkProfile\": {\"networkInterfaceConfigurations\":[{\"name\":\"vmss1220cNic\"\
        ,\"properties\":{\"primary\":true,\"ipConfigurations\":[{\"name\":\"vmss1220cIPConfig\"\
        ,\"properties\":{\"subnet\":{\"id\":\"/subscriptions/00000000-0000-0000-0000-000000000000/resourceGroups/cli_test_vmss_extension000001/providers/Microsoft.Network/virtualNetworks/vmss1VNET/subnets/vmss1Subnet\"\
        },\"loadBalancerBackendAddressPools\":[{\"id\":\"/subscriptions/00000000-0000-0000-0000-000000000000/resourceGroups/cli_test_vmss_extension000001/providers/Microsoft.Network/loadBalancers/vmss1LB/backendAddressPools/vmss1LBBEPool\"\
        }],\"loadBalancerInboundNatPools\":[{\"id\":\"/subscriptions/00000000-0000-0000-0000-000000000000/resourceGroups/cli_test_vmss_extension000001/providers/Microsoft.Network/loadBalancers/vmss1LB/inboundNatPools/vmss1LBNatPool\"\
        }]}}]}}]},\r\n      \"extensionProfile\": {\r\n        \"extensions\": [\r\
        \n          {\r\n            \"properties\": {\r\n              \"publisher\"\
        : \"Microsoft.Azure.NetworkWatcher\",\r\n              \"type\": \"NetworkWatcherAgentLinux\"\
        ,\r\n              \"typeHandlerVersion\": \"1.4\",\r\n              \"autoUpgradeMinorVersion\"\
        : true\r\n            },\r\n            \"name\": \"NetworkWatcherAgentLinux\"\
        \r\n          }\r\n        ]\r\n      }\r\n    },\r\n    \"provisioningState\"\
        : \"Succeeded\",\r\n    \"overprovision\": true,\r\n    \"uniqueId\": \"a65f3b16-ca06-423a-86f1-73dffc4f4d35\"\
        \r\n  },\r\n  \"type\": \"Microsoft.Compute/virtualMachineScaleSets\",\r\n\
        \  \"location\": \"westus\",\r\n  \"tags\": {},\r\n  \"id\": \"/subscriptions/00000000-0000-0000-0000-000000000000/resourceGroups/cli_test_vmss_extension000001/providers/Microsoft.Compute/virtualMachineScaleSets/vmss1\"\
        ,\r\n  \"name\": \"vmss1\"\r\n}"}
    headers:
      cache-control: [no-cache]
      content-length: ['2964']
      content-type: [application/json; charset=utf-8]
      date: ['Sat, 19 May 2018 03:38:32 GMT']
      expires: ['-1']
      pragma: [no-cache]
      server: [Microsoft-HTTPAPI/2.0, Microsoft-HTTPAPI/2.0]
      strict-transport-security: [max-age=31536000; includeSubDomains]
      transfer-encoding: [chunked]
      vary: [Accept-Encoding]
      x-content-type-options: [nosniff]
      x-ms-ratelimit-remaining-resource: ['Microsoft.Compute/GetVMScaleSet3Min;184,Microsoft.Compute/GetVMScaleSet30Min;1435']
    status: {code: 200, message: OK}
- request:
    body: null
    headers:
      Accept: [application/json]
      Accept-Encoding: ['gzip, deflate']
      CommandName: [vmss extension show]
      Connection: [keep-alive]
      Content-Type: [application/json; charset=utf-8]
      User-Agent: [python/3.5.2 (Windows-10-10.0.16299-SP0) requests/2.18.4 msrest/0.4.29
          msrest_azure/0.4.29 computemanagementclient/4.0.0rc2 Azure-SDK-For-Python
          AZURECLI/2.0.33]
      accept-language: [en-US]
    method: GET
    uri: https://management.azure.com/subscriptions/00000000-0000-0000-0000-000000000000/resourceGroups/cli_test_vmss_extension000001/providers/Microsoft.Compute/virtualMachineScaleSets/vmss1?api-version=2016-03-30
  response:
    body: {string: "{\r\n  \"sku\": {\r\n    \"name\": \"Standard_D1_v2\",\r\n   \
        \ \"tier\": \"Standard\",\r\n    \"capacity\": 1\r\n  },\r\n  \"properties\"\
        : {\r\n    \"upgradePolicy\": {\r\n      \"mode\": \"Manual\"\r\n    },\r\n\
        \    \"virtualMachineProfile\": {\r\n      \"osProfile\": {\r\n        \"\
        computerNamePrefix\": \"vmss1220c\",\r\n        \"adminUsername\": \"admin123\"\
        ,\r\n        \"linuxConfiguration\": {\r\n          \"disablePasswordAuthentication\"\
        : false\r\n        },\r\n        \"secrets\": []\r\n      },\r\n      \"storageProfile\"\
        : {\r\n        \"osDisk\": {\r\n          \"vhdContainers\": [\r\n       \
        \     \"https://vmss1220c0.blob.core.windows.net/vhds\",\r\n            \"\
        https://vmss1220c1.blob.core.windows.net/vhds\",\r\n            \"https://vmss1220c2.blob.core.windows.net/vhds\"\
        ,\r\n            \"https://vmss1220c3.blob.core.windows.net/vhds\",\r\n  \
        \          \"https://vmss1220c4.blob.core.windows.net/vhds\"\r\n         \
        \ ],\r\n          \"name\": \"osdisk_220c1703ad\",\r\n          \"createOption\"\
        : \"FromImage\",\r\n          \"caching\": \"ReadWrite\"\r\n        },\r\n\
        \        \"imageReference\": {\r\n          \"publisher\": \"Canonical\",\r\
        \n          \"offer\": \"UbuntuServer\",\r\n          \"sku\": \"16.04-LTS\"\
        ,\r\n          \"version\": \"latest\"\r\n        }\r\n      },\r\n      \"\
        networkProfile\": {\"networkInterfaceConfigurations\":[{\"name\":\"vmss1220cNic\"\
        ,\"properties\":{\"primary\":true,\"ipConfigurations\":[{\"name\":\"vmss1220cIPConfig\"\
        ,\"properties\":{\"subnet\":{\"id\":\"/subscriptions/00000000-0000-0000-0000-000000000000/resourceGroups/cli_test_vmss_extension000001/providers/Microsoft.Network/virtualNetworks/vmss1VNET/subnets/vmss1Subnet\"\
        },\"loadBalancerBackendAddressPools\":[{\"id\":\"/subscriptions/00000000-0000-0000-0000-000000000000/resourceGroups/cli_test_vmss_extension000001/providers/Microsoft.Network/loadBalancers/vmss1LB/backendAddressPools/vmss1LBBEPool\"\
        }],\"loadBalancerInboundNatPools\":[{\"id\":\"/subscriptions/00000000-0000-0000-0000-000000000000/resourceGroups/cli_test_vmss_extension000001/providers/Microsoft.Network/loadBalancers/vmss1LB/inboundNatPools/vmss1LBNatPool\"\
        }]}}]}}]},\r\n      \"extensionProfile\": {\r\n        \"extensions\": [\r\
        \n          {\r\n            \"properties\": {\r\n              \"publisher\"\
        : \"Microsoft.Azure.NetworkWatcher\",\r\n              \"type\": \"NetworkWatcherAgentLinux\"\
        ,\r\n              \"typeHandlerVersion\": \"1.4\",\r\n              \"autoUpgradeMinorVersion\"\
        : true\r\n            },\r\n            \"name\": \"NetworkWatcherAgentLinux\"\
        \r\n          }\r\n        ]\r\n      }\r\n    },\r\n    \"provisioningState\"\
        : \"Succeeded\",\r\n    \"overprovision\": true,\r\n    \"uniqueId\": \"a65f3b16-ca06-423a-86f1-73dffc4f4d35\"\
        \r\n  },\r\n  \"type\": \"Microsoft.Compute/virtualMachineScaleSets\",\r\n\
        \  \"location\": \"westus\",\r\n  \"tags\": {},\r\n  \"id\": \"/subscriptions/00000000-0000-0000-0000-000000000000/resourceGroups/cli_test_vmss_extension000001/providers/Microsoft.Compute/virtualMachineScaleSets/vmss1\"\
        ,\r\n  \"name\": \"vmss1\"\r\n}"}
    headers:
      cache-control: [no-cache]
      content-length: ['2964']
      content-type: [application/json; charset=utf-8]
      date: ['Sat, 19 May 2018 03:38:32 GMT']
      expires: ['-1']
      pragma: [no-cache]
      server: [Microsoft-HTTPAPI/2.0, Microsoft-HTTPAPI/2.0]
      strict-transport-security: [max-age=31536000; includeSubDomains]
      transfer-encoding: [chunked]
      vary: [Accept-Encoding]
      x-content-type-options: [nosniff]
      x-ms-ratelimit-remaining-resource: ['Microsoft.Compute/GetVMScaleSet3Min;183,Microsoft.Compute/GetVMScaleSet30Min;1434']
    status: {code: 200, message: OK}
- request:
    body: null
    headers:
      Accept: [application/json]
      Accept-Encoding: ['gzip, deflate']
      CommandName: [group delete]
      Connection: [keep-alive]
      Content-Length: ['0']
      Content-Type: [application/json; charset=utf-8]
      User-Agent: [python/3.5.2 (Windows-10-10.0.16299-SP0) requests/2.18.4 msrest/0.4.29
          msrest_azure/0.4.29 resourcemanagementclient/1.2.1 Azure-SDK-For-Python
          AZURECLI/2.0.33]
      accept-language: [en-US]
    method: DELETE
    uri: https://management.azure.com/subscriptions/00000000-0000-0000-0000-000000000000/resourcegroups/cli_test_vmss_extension000001?api-version=2016-02-01
  response:
    body: {string: ''}
    headers:
      cache-control: [no-cache]
      content-length: ['0']
      date: ['Sat, 19 May 2018 03:38:32 GMT']
      expires: ['-1']
      location: ['https://management.azure.com/subscriptions/00000000-0000-0000-0000-000000000000/operationresults/eyJqb2JJZCI6IlJFU09VUkNFR1JPVVBERUxFVElPTkpPQi1DTEk6NUZURVNUOjVGVk1TUzo1RkVYVEVOU0lPTkE3QlQyTEJLSVdESEJDSkRNQ3wzRUIyOTgyOUM3N0JGN0VELVdFU1RVUyIsImpvYkxvY2F0aW9uIjoid2VzdHVzIn0?api-version=2016-02-01']
      pragma: [no-cache]
      strict-transport-security: [max-age=31536000; includeSubDomains]
      x-content-type-options: [nosniff]
      x-ms-ratelimit-remaining-subscription-deletes: ['14999']
    status: {code: 202, message: Accepted}
version: 1
