interactions:
- request:
    body: '{"location": "westus", "tags": {"product": "azurecli", "cause": "automation",
      "date": "2018-09-25T03:33:07Z"}}'
    headers:
      Accept: [application/json]
      Accept-Encoding: ['gzip, deflate']
      CommandName: [group create]
      Connection: [keep-alive]
      Content-Length: ['110']
      Content-Type: [application/json; charset=utf-8]
      User-Agent: [python/3.6.3 (Windows-10-10.0.17134-SP0) requests/2.18.4 msrest/0.5.2
          msrest_azure/0.4.34 resourcemanagementclient/2.0.0 Azure-SDK-For-Python
          AZURECLI/2.0.47]
      accept-language: [en-US]
    method: PUT
    uri: https://management.azure.com/subscriptions/00000000-0000-0000-0000-000000000000/resourcegroups/cli_test_sb_subscription000001?api-version=2018-05-01
  response:
    body: {string: '{"id":"/subscriptions/00000000-0000-0000-0000-000000000000/resourceGroups/cli_test_sb_subscription000001","name":"cli_test_sb_subscription000001","location":"westus","tags":{"product":"azurecli","cause":"automation","date":"2018-09-25T03:33:07Z"},"properties":{"provisioningState":"Succeeded"}}'}
    headers:
      cache-control: [no-cache]
      content-length: ['384']
      content-type: [application/json; charset=utf-8]
      date: ['Tue, 25 Sep 2018 03:33:07 GMT']
      expires: ['-1']
      pragma: [no-cache]
      strict-transport-security: [max-age=31536000; includeSubDomains]
      x-content-type-options: [nosniff]
      x-ms-ratelimit-remaining-subscription-writes: ['1197']
    status: {code: 201, message: Created}
- request:
    body: '{"location": "westus2", "tags": {"{tag1: value1,": "", "tag2: value2}":
      ""}, "sku": {"name": "Standard", "tier": "Standard"}}'
    headers:
      Accept: [application/json]
      Accept-Encoding: ['gzip, deflate']
      CommandName: [servicebus namespace create]
      Connection: [keep-alive]
      Content-Length: ['125']
      Content-Type: [application/json; charset=utf-8]
      User-Agent: [python/3.6.3 (Windows-10-10.0.17134-SP0) requests/2.18.4 msrest/0.5.2
          msrest_azure/0.4.34 azure-mgmt-servicebus/0.5.1 Azure-SDK-For-Python AZURECLI/2.0.47]
      accept-language: [en-US]
    method: PUT
    uri: https://management.azure.com/subscriptions/00000000-0000-0000-0000-000000000000/resourceGroups/cli_test_sb_subscription000001/providers/Microsoft.ServiceBus/namespaces/sb-nscli000002?api-version=2017-04-01
  response:
    body: {string: '{"sku":{"name":"Standard","tier":"Standard"},"id":"/subscriptions/00000000-0000-0000-0000-000000000000/resourceGroups/cli_test_sb_subscription000001/providers/Microsoft.ServiceBus/namespaces/sb-nscli000002","name":"sb-nscli000002","type":"Microsoft.ServiceBus/Namespaces","location":"West
        US 2","tags":{"{tag1: value1,":"","tag2: value2}":""},"properties":{"provisioningState":"Created","metricId":"854d368f-1828-428f-8f3c-f2affa9b2f7d:sb-nscli000002","createdAt":"2018-09-25T03:33:08.883Z","updatedAt":"2018-09-25T03:33:08.883Z","serviceBusEndpoint":"https://sb-nscli000002.servicebus.windows.net:443/","status":"Activating"}}'}
    headers:
      cache-control: [no-cache]
      content-length: ['696']
      content-type: [application/json; charset=utf-8]
      date: ['Tue, 25 Sep 2018 03:33:09 GMT']
      expires: ['-1']
      pragma: [no-cache]
      server: [Service-Bus-Resource-Provider/CH3, Microsoft-HTTPAPI/2.0]
      server-sb: [Service-Bus-Resource-Provider/CH3]
      strict-transport-security: [max-age=31536000; includeSubDomains]
      transfer-encoding: [chunked]
      vary: [Accept-Encoding]
      x-content-type-options: [nosniff]
      x-ms-ratelimit-remaining-subscription-writes: ['1196']
    status: {code: 200, message: OK}
- request:
    body: null
    headers:
      Accept: [application/json]
      Accept-Encoding: ['gzip, deflate']
      CommandName: [servicebus namespace create]
      Connection: [keep-alive]
      User-Agent: [python/3.6.3 (Windows-10-10.0.17134-SP0) requests/2.18.4 msrest/0.5.2
          msrest_azure/0.4.34 azure-mgmt-servicebus/0.5.1 Azure-SDK-For-Python AZURECLI/2.0.47]
    method: GET
    uri: https://management.azure.com/subscriptions/00000000-0000-0000-0000-000000000000/resourceGroups/cli_test_sb_subscription000001/providers/Microsoft.ServiceBus/namespaces/sb-nscli000002?api-version=2017-04-01
  response:
    body: {string: '{"sku":{"name":"Standard","tier":"Standard"},"id":"/subscriptions/00000000-0000-0000-0000-000000000000/resourceGroups/cli_test_sb_subscription000001/providers/Microsoft.ServiceBus/namespaces/sb-nscli000002","name":"sb-nscli000002","type":"Microsoft.ServiceBus/Namespaces","location":"West
        US 2","tags":{"{tag1: value1,":"","tag2: value2}":""},"properties":{"provisioningState":"Succeeded","metricId":"854d368f-1828-428f-8f3c-f2affa9b2f7d:sb-nscli000002","createdAt":"2018-09-25T03:33:08.883Z","updatedAt":"2018-09-25T03:33:30.897Z","serviceBusEndpoint":"https://sb-nscli000002.servicebus.windows.net:443/","status":"Active"}}'}
    headers:
      cache-control: [no-cache]
      content-length: ['694']
      content-type: [application/json; charset=utf-8]
      date: ['Tue, 25 Sep 2018 03:33:39 GMT']
      expires: ['-1']
      pragma: [no-cache]
      server: [Service-Bus-Resource-Provider/CH3, Microsoft-HTTPAPI/2.0]
      server-sb: [Service-Bus-Resource-Provider/CH3]
      strict-transport-security: [max-age=31536000; includeSubDomains]
      transfer-encoding: [chunked]
      vary: [Accept-Encoding]
      x-content-type-options: [nosniff]
    status: {code: 200, message: OK}
- request:
    body: null
    headers:
      Accept: [application/json]
      Accept-Encoding: ['gzip, deflate']
      CommandName: [servicebus namespace show]
      Connection: [keep-alive]
      Content-Type: [application/json; charset=utf-8]
      User-Agent: [python/3.6.3 (Windows-10-10.0.17134-SP0) requests/2.18.4 msrest/0.5.2
          msrest_azure/0.4.34 azure-mgmt-servicebus/0.5.1 Azure-SDK-For-Python AZURECLI/2.0.47]
      accept-language: [en-US]
    method: GET
    uri: https://management.azure.com/subscriptions/00000000-0000-0000-0000-000000000000/resourceGroups/cli_test_sb_subscription000001/providers/Microsoft.ServiceBus/namespaces/sb-nscli000002?api-version=2017-04-01
  response:
    body: {string: '{"sku":{"name":"Standard","tier":"Standard"},"id":"/subscriptions/00000000-0000-0000-0000-000000000000/resourceGroups/cli_test_sb_subscription000001/providers/Microsoft.ServiceBus/namespaces/sb-nscli000002","name":"sb-nscli000002","type":"Microsoft.ServiceBus/Namespaces","location":"West
        US 2","tags":{"{tag1: value1,":"","tag2: value2}":""},"properties":{"provisioningState":"Succeeded","metricId":"854d368f-1828-428f-8f3c-f2affa9b2f7d:sb-nscli000002","createdAt":"2018-09-25T03:33:08.883Z","updatedAt":"2018-09-25T03:33:30.897Z","serviceBusEndpoint":"https://sb-nscli000002.servicebus.windows.net:443/","status":"Active"}}'}
    headers:
      cache-control: [no-cache]
      content-length: ['694']
      content-type: [application/json; charset=utf-8]
      date: ['Tue, 25 Sep 2018 03:33:40 GMT']
      expires: ['-1']
      pragma: [no-cache]
      server: [Service-Bus-Resource-Provider/CH3, Microsoft-HTTPAPI/2.0]
      server-sb: [Service-Bus-Resource-Provider/CH3]
      strict-transport-security: [max-age=31536000; includeSubDomains]
      transfer-encoding: [chunked]
      vary: [Accept-Encoding]
      x-content-type-options: [nosniff]
    status: {code: 200, message: OK}
- request:
    body: '{}'
    headers:
      Accept: [application/json]
      Accept-Encoding: ['gzip, deflate']
      CommandName: [servicebus topic create]
      Connection: [keep-alive]
      Content-Length: ['2']
      Content-Type: [application/json; charset=utf-8]
      User-Agent: [python/3.6.3 (Windows-10-10.0.17134-SP0) requests/2.18.4 msrest/0.5.2
          msrest_azure/0.4.34 azure-mgmt-servicebus/0.5.1 Azure-SDK-For-Python AZURECLI/2.0.47]
      accept-language: [en-US]
    method: PUT
    uri: https://management.azure.com/subscriptions/00000000-0000-0000-0000-000000000000/resourceGroups/cli_test_sb_subscription000001/providers/Microsoft.ServiceBus/namespaces/sb-nscli000002/topics/sb-topiccli000004?api-version=2017-04-01
  response:
    body: {string: '{"id":"/subscriptions/00000000-0000-0000-0000-000000000000/resourceGroups/cli_test_sb_subscription000001/providers/Microsoft.ServiceBus/namespaces/sb-nscli000002/topics/sb-topiccli000004","name":"sb-topiccli000004","type":"Microsoft.ServiceBus/Namespaces/Topics","location":"West
        US 2","properties":{"defaultMessageTimeToLive":"P10675199DT2H48M5.4775807S","maxSizeInMegabytes":5120,"requiresDuplicateDetection":false,"duplicateDetectionHistoryTimeWindow":"PT10M","enableBatchedOperations":true,"sizeInBytes":0,"status":"Active","supportOrdering":true,"autoDeleteOnIdle":"P10675199DT2H48M5.4775807S","enablePartitioning":false,"enableExpress":false,"createdAt":"2018-09-25T03:33:42.963Z","updatedAt":"2018-09-25T03:33:43.027Z","accessedAt":"0001-01-01T00:00:00","subscriptionCount":0,"countDetails":{"activeMessageCount":0,"deadLetterMessageCount":0,"scheduledMessageCount":0,"transferMessageCount":0,"transferDeadLetterMessageCount":0}}}'}
    headers:
      cache-control: [no-cache]
      content-length: ['1004']
      content-type: [application/json; charset=utf-8]
      date: ['Tue, 25 Sep 2018 03:33:42 GMT']
      expires: ['-1']
      pragma: [no-cache]
      server: [Service-Bus-Resource-Provider/CH3, Microsoft-HTTPAPI/2.0]
      server-sb: [Service-Bus-Resource-Provider/CH3]
      strict-transport-security: [max-age=31536000; includeSubDomains]
      transfer-encoding: [chunked]
      vary: [Accept-Encoding]
      x-content-type-options: [nosniff]
      x-ms-ratelimit-remaining-subscription-writes: ['1197']
    status: {code: 200, message: OK}
- request:
    body: null
    headers:
      Accept: [application/json]
      Accept-Encoding: ['gzip, deflate']
      CommandName: [servicebus topic show]
      Connection: [keep-alive]
      Content-Type: [application/json; charset=utf-8]
      User-Agent: [python/3.6.3 (Windows-10-10.0.17134-SP0) requests/2.18.4 msrest/0.5.2
          msrest_azure/0.4.34 azure-mgmt-servicebus/0.5.1 Azure-SDK-For-Python AZURECLI/2.0.47]
      accept-language: [en-US]
    method: GET
    uri: https://management.azure.com/subscriptions/00000000-0000-0000-0000-000000000000/resourceGroups/cli_test_sb_subscription000001/providers/Microsoft.ServiceBus/namespaces/sb-nscli000002/topics/sb-topiccli000004?api-version=2017-04-01
  response:
    body: {string: '{"id":"/subscriptions/00000000-0000-0000-0000-000000000000/resourceGroups/cli_test_sb_subscription000001/providers/Microsoft.ServiceBus/namespaces/sb-nscli000002/topics/sb-topiccli000004","name":"sb-topiccli000004","type":"Microsoft.ServiceBus/Namespaces/Topics","location":"West
        US 2","properties":{"defaultMessageTimeToLive":"P10675199DT2H48M5.4775807S","maxSizeInMegabytes":5120,"requiresDuplicateDetection":false,"duplicateDetectionHistoryTimeWindow":"PT10M","enableBatchedOperations":true,"sizeInBytes":0,"status":"Active","supportOrdering":true,"autoDeleteOnIdle":"P10675199DT2H48M5.4775807S","enablePartitioning":false,"enableExpress":false,"createdAt":"2018-09-25T03:33:42.963Z","updatedAt":"2018-09-25T03:33:43.027Z","accessedAt":"0001-01-01T00:00:00Z","subscriptionCount":0,"countDetails":{"activeMessageCount":0,"deadLetterMessageCount":0,"scheduledMessageCount":0,"transferMessageCount":0,"transferDeadLetterMessageCount":0}}}'}
    headers:
      cache-control: [no-cache]
      content-length: ['1005']
      content-type: [application/json; charset=utf-8]
      date: ['Tue, 25 Sep 2018 03:33:44 GMT']
      expires: ['-1']
      pragma: [no-cache]
      server: [Service-Bus-Resource-Provider/CH3, Microsoft-HTTPAPI/2.0]
      server-sb: [Service-Bus-Resource-Provider/CH3]
      strict-transport-security: [max-age=31536000; includeSubDomains]
      transfer-encoding: [chunked]
      vary: [Accept-Encoding]
      x-content-type-options: [nosniff]
    status: {code: 200, message: OK}
- request:
    body: '{}'
    headers:
      Accept: [application/json]
      Accept-Encoding: ['gzip, deflate']
      CommandName: [servicebus topic subscription create]
      Connection: [keep-alive]
      Content-Length: ['2']
      Content-Type: [application/json; charset=utf-8]
      User-Agent: [python/3.6.3 (Windows-10-10.0.17134-SP0) requests/2.18.4 msrest/0.5.2
          msrest_azure/0.4.34 azure-mgmt-servicebus/0.5.1 Azure-SDK-For-Python AZURECLI/2.0.47]
      accept-language: [en-US]
    method: PUT
    uri: https://management.azure.com/subscriptions/00000000-0000-0000-0000-000000000000/resourceGroups/cli_test_sb_subscription000001/providers/Microsoft.ServiceBus/namespaces/sb-nscli000002/topics/sb-topiccli000004/subscriptions/sb-subscli000006?api-version=2017-04-01
  response:
    body: {string: '{"id":"/subscriptions/00000000-0000-0000-0000-000000000000/resourceGroups/cli_test_sb_subscription000001/providers/Microsoft.ServiceBus/namespaces/sb-nscli000002/topics/sb-topiccli000004/subscriptions/sb-subscli000006","name":"sb-subscli000006","type":"Microsoft.ServiceBus/Namespaces/Topics/Subscriptions","location":"West
        US 2","properties":{"lockDuration":"PT1M","requiresSession":false,"defaultMessageTimeToLive":"P10675199DT2H48M5.4775807S","deadLetteringOnMessageExpiration":false,"deadLetteringOnFilterEvaluationExceptions":true,"messageCount":0,"maxDeliveryCount":10,"status":"Active","enableBatchedOperations":true,"createdAt":"2018-09-25T03:33:47.1794148Z","updatedAt":"2018-09-25T03:33:47.1794148Z","accessedAt":"0001-01-01T00:00:00","countDetails":{"activeMessageCount":0,"deadLetterMessageCount":0,"scheduledMessageCount":0,"transferMessageCount":0,"transferDeadLetterMessageCount":0},"autoDeleteOnIdle":"P10675199DT2H48M5.4775807S"}}'}
    headers:
      cache-control: [no-cache]
      content-length: ['1024']
      content-type: [application/json; charset=utf-8]
      date: ['Tue, 25 Sep 2018 03:33:46 GMT']
      expires: ['-1']
      pragma: [no-cache]
      server: [Service-Bus-Resource-Provider/CH3, Microsoft-HTTPAPI/2.0]
      server-sb: [Service-Bus-Resource-Provider/CH3]
      strict-transport-security: [max-age=31536000; includeSubDomains]
      transfer-encoding: [chunked]
      vary: [Accept-Encoding]
      x-content-type-options: [nosniff]
      x-ms-ratelimit-remaining-subscription-writes: ['1198']
    status: {code: 200, message: OK}
- request:
    body: null
    headers:
      Accept: [application/json]
      Accept-Encoding: ['gzip, deflate']
      CommandName: [servicebus topic subscription show]
      Connection: [keep-alive]
      Content-Type: [application/json; charset=utf-8]
      User-Agent: [python/3.6.3 (Windows-10-10.0.17134-SP0) requests/2.18.4 msrest/0.5.2
          msrest_azure/0.4.34 azure-mgmt-servicebus/0.5.1 Azure-SDK-For-Python AZURECLI/2.0.47]
      accept-language: [en-US]
    method: GET
    uri: https://management.azure.com/subscriptions/00000000-0000-0000-0000-000000000000/resourceGroups/cli_test_sb_subscription000001/providers/Microsoft.ServiceBus/namespaces/sb-nscli000002/topics/sb-topiccli000004/subscriptions/sb-subscli000006?api-version=2017-04-01
  response:
    body: {string: '{"id":"/subscriptions/00000000-0000-0000-0000-000000000000/resourceGroups/cli_test_sb_subscription000001/providers/Microsoft.ServiceBus/namespaces/sb-nscli000002/topics/sb-topiccli000004/subscriptions/sb-subscli000006","name":"sb-subscli000006","type":"Microsoft.ServiceBus/Namespaces/Topics/Subscriptions","location":"West
        US 2","properties":{"lockDuration":"PT1M","requiresSession":false,"defaultMessageTimeToLive":"P10675199DT2H48M5.4775807S","deadLetteringOnMessageExpiration":false,"deadLetteringOnFilterEvaluationExceptions":true,"messageCount":0,"maxDeliveryCount":10,"status":"Active","enableBatchedOperations":true,"createdAt":"2018-09-25T03:33:47.1840191Z","updatedAt":"2018-09-25T03:33:47.1840191Z","accessedAt":"2018-09-25T03:33:47.1840191Z","countDetails":{"activeMessageCount":0,"deadLetterMessageCount":0,"scheduledMessageCount":0,"transferMessageCount":0,"transferDeadLetterMessageCount":0},"autoDeleteOnIdle":"P10675199DT2H48M5.4775807S"}}'}
    headers:
      cache-control: [no-cache]
      content-length: ['1033']
      content-type: [application/json; charset=utf-8]
      date: ['Tue, 25 Sep 2018 03:33:48 GMT']
      expires: ['-1']
      pragma: [no-cache]
      server: [Service-Bus-Resource-Provider/CH3, Microsoft-HTTPAPI/2.0]
      server-sb: [Service-Bus-Resource-Provider/CH3]
      strict-transport-security: [max-age=31536000; includeSubDomains]
      transfer-encoding: [chunked]
      vary: [Accept-Encoding]
      x-content-type-options: [nosniff]
    status: {code: 200, message: OK}
- request:
    body: null
    headers:
      Accept: [application/json]
      Accept-Encoding: ['gzip, deflate']
      CommandName: [servicebus topic subscription list]
      Connection: [keep-alive]
      Content-Type: [application/json; charset=utf-8]
      User-Agent: [python/3.6.3 (Windows-10-10.0.17134-SP0) requests/2.18.4 msrest/0.5.2
          msrest_azure/0.4.34 azure-mgmt-servicebus/0.5.1 Azure-SDK-For-Python AZURECLI/2.0.47]
      accept-language: [en-US]
    method: GET
    uri: https://management.azure.com/subscriptions/00000000-0000-0000-0000-000000000000/resourceGroups/cli_test_sb_subscription000001/providers/Microsoft.ServiceBus/namespaces/sb-nscli000002/topics/sb-topiccli000004/subscriptions?api-version=2017-04-01
  response:
    body: {string: '{"value":[{"id":"/subscriptions/00000000-0000-0000-0000-000000000000/resourceGroups/cli_test_sb_subscription000001/providers/Microsoft.ServiceBus/namespaces/sb-nscli000002/topics/sb-topiccli000004/subscriptions/sb-subscli000006","name":"sb-subscli000006","type":"Microsoft.ServiceBus/Namespaces/Topics/Subscriptions","location":"West
        US 2","properties":{"lockDuration":"PT1M","requiresSession":false,"defaultMessageTimeToLive":"P10675199DT2H48M5.4775807S","deadLetteringOnMessageExpiration":false,"deadLetteringOnFilterEvaluationExceptions":true,"messageCount":0,"maxDeliveryCount":10,"status":"Active","enableBatchedOperations":true,"createdAt":"2018-09-25T03:33:47.1840191Z","updatedAt":"2018-09-25T03:33:47.1840191Z","accessedAt":"2018-09-25T03:33:47.1840191Z","countDetails":{"activeMessageCount":0,"deadLetterMessageCount":0,"scheduledMessageCount":0,"transferMessageCount":0,"transferDeadLetterMessageCount":0},"autoDeleteOnIdle":"P10675199DT2H48M5.4775807S"}}]}'}
    headers:
      cache-control: [no-cache]
      content-length: ['1045']
      content-type: [application/json; charset=utf-8]
      date: ['Tue, 25 Sep 2018 03:33:48 GMT']
      expires: ['-1']
      pragma: [no-cache]
      server: [Service-Bus-Resource-Provider/CH3, Microsoft-HTTPAPI/2.0]
      server-sb: [Service-Bus-Resource-Provider/CH3]
      strict-transport-security: [max-age=31536000; includeSubDomains]
      transfer-encoding: [chunked]
      vary: [Accept-Encoding]
      x-content-type-options: [nosniff]
      x-ms-inline-count: ['']
    status: {code: 200, message: OK}
- request:
    body: null
    headers:
      Accept: [application/json]
      Accept-Encoding: ['gzip, deflate']
      CommandName: [servicebus topic subscription update]
      Connection: [keep-alive]
      Content-Type: [application/json; charset=utf-8]
      User-Agent: [python/3.6.3 (Windows-10-10.0.17134-SP0) requests/2.18.4 msrest/0.5.2
          msrest_azure/0.4.34 azure-mgmt-servicebus/0.5.1 Azure-SDK-For-Python AZURECLI/2.0.47]
      accept-language: [en-US]
    method: GET
    uri: https://management.azure.com/subscriptions/00000000-0000-0000-0000-000000000000/resourceGroups/cli_test_sb_subscription000001/providers/Microsoft.ServiceBus/namespaces/sb-nscli000002/topics/sb-topiccli000004/subscriptions/sb-subscli000006?api-version=2017-04-01
  response:
    body: {string: '{"id":"/subscriptions/00000000-0000-0000-0000-000000000000/resourceGroups/cli_test_sb_subscription000001/providers/Microsoft.ServiceBus/namespaces/sb-nscli000002/topics/sb-topiccli000004/subscriptions/sb-subscli000006","name":"sb-subscli000006","type":"Microsoft.ServiceBus/Namespaces/Topics/Subscriptions","location":"West
        US 2","properties":{"lockDuration":"PT1M","requiresSession":false,"defaultMessageTimeToLive":"P10675199DT2H48M5.4775807S","deadLetteringOnMessageExpiration":false,"deadLetteringOnFilterEvaluationExceptions":true,"messageCount":0,"maxDeliveryCount":10,"status":"Active","enableBatchedOperations":true,"createdAt":"2018-09-25T03:33:47.1840191Z","updatedAt":"2018-09-25T03:33:47.1840191Z","accessedAt":"2018-09-25T03:33:47.1840191Z","countDetails":{"activeMessageCount":0,"deadLetterMessageCount":0,"scheduledMessageCount":0,"transferMessageCount":0,"transferDeadLetterMessageCount":0},"autoDeleteOnIdle":"P10675199DT2H48M5.4775807S"}}'}
    headers:
      cache-control: [no-cache]
      content-length: ['1033']
      content-type: [application/json; charset=utf-8]
      date: ['Tue, 25 Sep 2018 03:33:49 GMT']
      expires: ['-1']
      pragma: [no-cache]
      server: [Service-Bus-Resource-Provider/CH3, Microsoft-HTTPAPI/2.0]
      server-sb: [Service-Bus-Resource-Provider/CH3]
      strict-transport-security: [max-age=31536000; includeSubDomains]
      transfer-encoding: [chunked]
      vary: [Accept-Encoding]
      x-content-type-options: [nosniff]
    status: {code: 200, message: OK}
- request:
    body: '{"properties": {"lockDuration": "PT3M"}}'
    headers:
      Accept: [application/json]
      Accept-Encoding: ['gzip, deflate']
      CommandName: [servicebus topic subscription update]
      Connection: [keep-alive]
      Content-Length: ['40']
      Content-Type: [application/json; charset=utf-8]
      User-Agent: [python/3.6.3 (Windows-10-10.0.17134-SP0) requests/2.18.4 msrest/0.5.2
          msrest_azure/0.4.34 azure-mgmt-servicebus/0.5.1 Azure-SDK-For-Python AZURECLI/2.0.47]
      accept-language: [en-US]
    method: PUT
    uri: https://management.azure.com/subscriptions/00000000-0000-0000-0000-000000000000/resourceGroups/cli_test_sb_subscription000001/providers/Microsoft.ServiceBus/namespaces/sb-nscli000002/topics/sb-topiccli000004/subscriptions/sb-subscli000006?api-version=2017-04-01
  response:
    body: {string: '{"id":"/subscriptions/00000000-0000-0000-0000-000000000000/resourceGroups/cli_test_sb_subscription000001/providers/Microsoft.ServiceBus/namespaces/sb-nscli000002/topics/sb-topiccli000004/subscriptions/sb-subscli000006","name":"sb-subscli000006","type":"Microsoft.ServiceBus/Namespaces/Topics/Subscriptions","location":"West
        US 2","properties":{"lockDuration":"PT3M","requiresSession":false,"defaultMessageTimeToLive":"P10675199DT2H48M5.4775807S","deadLetteringOnMessageExpiration":false,"deadLetteringOnFilterEvaluationExceptions":true,"messageCount":0,"maxDeliveryCount":10,"status":"Active","enableBatchedOperations":true,"createdAt":"2018-09-25T03:33:51.6273085Z","updatedAt":"2018-09-25T03:33:51.6273085Z","accessedAt":"0001-01-01T00:00:00","countDetails":{"activeMessageCount":0,"deadLetterMessageCount":0,"scheduledMessageCount":0,"transferMessageCount":0,"transferDeadLetterMessageCount":0},"autoDeleteOnIdle":"P10675199DT2H48M5.4775807S"}}'}
    headers:
      cache-control: [no-cache]
      content-length: ['1024']
      content-type: [application/json; charset=utf-8]
      date: ['Tue, 25 Sep 2018 03:33:51 GMT']
      expires: ['-1']
      pragma: [no-cache]
      server: [Service-Bus-Resource-Provider/CH3, Microsoft-HTTPAPI/2.0]
      server-sb: [Service-Bus-Resource-Provider/CH3]
      strict-transport-security: [max-age=31536000; includeSubDomains]
      transfer-encoding: [chunked]
      vary: [Accept-Encoding]
      x-content-type-options: [nosniff]
      x-ms-ratelimit-remaining-subscription-writes: ['1199']
    status: {code: 200, message: OK}
- request:
    body: null
    headers:
      Accept: [application/json]
      Accept-Encoding: ['gzip, deflate']
      CommandName: [servicebus topic subscription delete]
      Connection: [keep-alive]
      Content-Length: ['0']
      Content-Type: [application/json; charset=utf-8]
      User-Agent: [python/3.6.3 (Windows-10-10.0.17134-SP0) requests/2.18.4 msrest/0.5.2
          msrest_azure/0.4.34 azure-mgmt-servicebus/0.5.1 Azure-SDK-For-Python AZURECLI/2.0.47]
      accept-language: [en-US]
    method: DELETE
    uri: https://management.azure.com/subscriptions/00000000-0000-0000-0000-000000000000/resourceGroups/cli_test_sb_subscription000001/providers/Microsoft.ServiceBus/namespaces/sb-nscli000002/topics/sb-topiccli000004/subscriptions/sb-subscli000006?api-version=2017-04-01
  response:
    body: {string: ''}
    headers:
      cache-control: [no-cache]
      content-length: ['0']
      date: ['Tue, 25 Sep 2018 03:33:52 GMT']
      expires: ['-1']
      pragma: [no-cache]
      server: [Service-Bus-Resource-Provider/CH3, Microsoft-HTTPAPI/2.0]
      server-sb: [Service-Bus-Resource-Provider/CH3]
      strict-transport-security: [max-age=31536000; includeSubDomains]
      x-content-type-options: [nosniff]
      x-ms-ratelimit-remaining-subscription-deletes: ['14999']
    status: {code: 200, message: OK}
- request:
    body: null
    headers:
      Accept: [application/json]
      Accept-Encoding: ['gzip, deflate']
      CommandName: [servicebus topic delete]
      Connection: [keep-alive]
      Content-Length: ['0']
      Content-Type: [application/json; charset=utf-8]
      User-Agent: [python/3.6.3 (Windows-10-10.0.17134-SP0) requests/2.18.4 msrest/0.5.2
          msrest_azure/0.4.34 azure-mgmt-servicebus/0.5.1 Azure-SDK-For-Python AZURECLI/2.0.47]
      accept-language: [en-US]
    method: DELETE
    uri: https://management.azure.com/subscriptions/00000000-0000-0000-0000-000000000000/resourceGroups/cli_test_sb_subscription000001/providers/Microsoft.ServiceBus/namespaces/sb-nscli000002/topics/sb-topiccli000004?api-version=2017-04-01
  response:
    body: {string: ''}
    headers:
      cache-control: [no-cache]
      content-length: ['0']
      date: ['Tue, 25 Sep 2018 03:33:53 GMT']
      expires: ['-1']
      pragma: [no-cache]
      server: [Service-Bus-Resource-Provider/CH3, Microsoft-HTTPAPI/2.0]
      server-sb: [Service-Bus-Resource-Provider/CH3]
      strict-transport-security: [max-age=31536000; includeSubDomains]
      x-content-type-options: [nosniff]
      x-ms-ratelimit-remaining-subscription-deletes: ['14999']
    status: {code: 200, message: OK}
- request:
    body: null
    headers:
      Accept: [application/json]
      Accept-Encoding: ['gzip, deflate']
      CommandName: [servicebus namespace delete]
      Connection: [keep-alive]
      Content-Length: ['0']
      Content-Type: [application/json; charset=utf-8]
      User-Agent: [python/3.6.3 (Windows-10-10.0.17134-SP0) requests/2.18.4 msrest/0.5.2
          msrest_azure/0.4.34 azure-mgmt-servicebus/0.5.1 Azure-SDK-For-Python AZURECLI/2.0.47]
      accept-language: [en-US]
    method: DELETE
    uri: https://management.azure.com/subscriptions/00000000-0000-0000-0000-000000000000/resourceGroups/cli_test_sb_subscription000001/providers/Microsoft.ServiceBus/namespaces/sb-nscli000002?api-version=2017-04-01
  response:
    body: {string: ''}
    headers:
      cache-control: [no-cache]
      content-length: ['0']
      date: ['Tue, 25 Sep 2018 03:33:55 GMT']
      expires: ['-1']
      location: ['https://management.azure.com/subscriptions/00000000-0000-0000-0000-000000000000/resourceGroups/cli_test_sb_subscription000001/providers/Microsoft.ServiceBus/namespaces/sb-nscli000002/operationresults/sb-nscli000002?api-version=2017-04-01']
      pragma: [no-cache]
      server: [Service-Bus-Resource-Provider/CH3, Microsoft-HTTPAPI/2.0]
      server-sb: [Service-Bus-Resource-Provider/CH3]
      strict-transport-security: [max-age=31536000; includeSubDomains]
      x-content-type-options: [nosniff]
      x-ms-ratelimit-remaining-subscription-deletes: ['14999']
    status: {code: 202, message: Accepted}
- request:
    body: null
    headers:
      Accept: [application/json]
      Accept-Encoding: ['gzip, deflate']
      CommandName: [servicebus namespace delete]
      Connection: [keep-alive]
      User-Agent: [python/3.6.3 (Windows-10-10.0.17134-SP0) requests/2.18.4 msrest/0.5.2
          msrest_azure/0.4.34 azure-mgmt-servicebus/0.5.1 Azure-SDK-For-Python AZURECLI/2.0.47]
    method: GET
    uri: https://management.azure.com/subscriptions/00000000-0000-0000-0000-000000000000/resourceGroups/cli_test_sb_subscription000001/providers/Microsoft.ServiceBus/namespaces/sb-nscli000002/operationresults/sb-nscli000002?api-version=2017-04-01
  response:
    body: {string: ''}
    headers:
      cache-control: [no-cache]
      content-length: ['0']
      date: ['Tue, 25 Sep 2018 03:34:25 GMT']
      expires: ['-1']
      pragma: [no-cache]
      server: [Service-Bus-Resource-Provider/CH3, Microsoft-HTTPAPI/2.0]
      server-sb: [Service-Bus-Resource-Provider/CH3]
      strict-transport-security: [max-age=31536000; includeSubDomains]
      x-content-type-options: [nosniff]
    status: {code: 200, message: OK}
- request:
    body: null
    headers:
      Accept: [application/json]
      Accept-Encoding: ['gzip, deflate']
      CommandName: [group delete]
      Connection: [keep-alive]
      Content-Length: ['0']
      Content-Type: [application/json; charset=utf-8]
      User-Agent: [python/3.6.3 (Windows-10-10.0.17134-SP0) requests/2.18.4 msrest/0.5.2
          msrest_azure/0.4.34 resourcemanagementclient/2.0.0 Azure-SDK-For-Python
          AZURECLI/2.0.47]
      accept-language: [en-US]
    method: DELETE
    uri: https://management.azure.com/subscriptions/00000000-0000-0000-0000-000000000000/resourcegroups/cli_test_sb_subscription000001?api-version=2018-05-01
  response:
    body: {string: ''}
    headers:
      cache-control: [no-cache]
      content-length: ['0']
      date: ['Tue, 25 Sep 2018 03:34:26 GMT']
      expires: ['-1']
      location: ['https://management.azure.com/subscriptions/00000000-0000-0000-0000-000000000000/operationresults/eyJqb2JJZCI6IlJFU09VUkNFR1JPVVBERUxFVElPTkpPQi1DTEk6NUZURVNUOjVGU0I6NUZTVUJTQ1JJUFRJT05VUE9SV04zU1hKTVJTUkJNVHw1MzEzODNDNkNEOTMzMTEwLVdFU1RVUyIsImpvYkxvY2F0aW9uIjoid2VzdHVzIn0?api-version=2018-05-01']
      pragma: [no-cache]
      strict-transport-security: [max-age=31536000; includeSubDomains]
      x-content-type-options: [nosniff]
      x-ms-ratelimit-remaining-subscription-deletes: ['14998']
    status: {code: 202, message: Accepted}
version: 1
