interactions:
- request:
    body: '{"location": "westus", "tags": {"product": "azurecli", "cause": "automation",
      "date": "2018-07-13T21:44:56Z"}}'
    headers:
      Accept: [application/json]
      Accept-Encoding: ['gzip, deflate']
      CommandName: [group create]
      Connection: [keep-alive]
      Content-Length: ['110']
      Content-Type: [application/json; charset=utf-8]
      User-Agent: [python/3.6.3 (Windows-10-10.0.17134-SP0) requests/2.18.4 msrest/0.5.2
          msrest_azure/0.4.34 resourcemanagementclient/2.0.0rc2 Azure-SDK-For-Python
          AZURECLI/2.0.41]
      accept-language: [en-US]
    method: PUT
    uri: https://management.azure.com/subscriptions/00000000-0000-0000-0000-000000000000/resourcegroups/cli_test_sb_namespace000001?api-version=2018-05-01
  response:
    body: {string: '{"id":"/subscriptions/00000000-0000-0000-0000-000000000000/resourceGroups/cli_test_sb_namespace000001","name":"cli_test_sb_namespace000001","location":"westus","tags":{"product":"azurecli","cause":"automation","date":"2018-07-13T21:44:56Z"},"properties":{"provisioningState":"Succeeded"}}'}
    headers:
      cache-control: [no-cache]
      content-length: ['384']
      content-type: [application/json; charset=utf-8]
      date: ['Fri, 13 Jul 2018 21:44:57 GMT']
      expires: ['-1']
      pragma: [no-cache]
      strict-transport-security: [max-age=31536000; includeSubDomains]
      x-content-type-options: [nosniff]
      x-ms-ratelimit-remaining-subscription-writes: ['1199']
    status: {code: 201, message: Created}
- request:
    body: 'b''{"name": "sb-nscli000002"}'''
    headers:
      Accept: [application/json]
      Accept-Encoding: ['gzip, deflate']
      CommandName: [servicebus namespace exists]
      Connection: [keep-alive]
      Content-Length: ['32']
      Content-Type: [application/json; charset=utf-8]
      User-Agent: [python/3.6.3 (Windows-10-10.0.17134-SP0) requests/2.18.4 msrest/0.5.2
          msrest_azure/0.4.34 azure-mgmt-servicebus/0.5.1 Azure-SDK-For-Python AZURECLI/2.0.41]
      accept-language: [en-US]
    method: POST
    uri: https://management.azure.com/subscriptions/00000000-0000-0000-0000-000000000000/providers/Microsoft.ServiceBus/CheckNameAvailability?api-version=2017-04-01
  response:
    body: {string: '{"nameAvailable":true,"reason":"None","message":null}'}
    headers:
      cache-control: [no-cache]
      content-length: ['53']
      content-type: [application/json; charset=utf-8]
      date: ['Fri, 13 Jul 2018 21:44:57 GMT']
      expires: ['-1']
      pragma: [no-cache]
      server: [Service-Bus-Resource-Provider/CH3, Microsoft-HTTPAPI/2.0]
      server-sb: [Service-Bus-Resource-Provider/CH3]
      strict-transport-security: [max-age=31536000; includeSubDomains]
      transfer-encoding: [chunked]
      vary: [Accept-Encoding]
      x-content-type-options: [nosniff]
      x-ms-ratelimit-remaining-subscription-writes: ['1199']
    status: {code: 200, message: OK}
- request:
    body: '{"location": "westus2", "tags": {"{tag1": "value1}"}, "sku": {"name": "Standard",
      "tier": "Standard"}}'
    headers:
      Accept: [application/json]
      Accept-Encoding: ['gzip, deflate']
      CommandName: [servicebus namespace create]
      Connection: [keep-alive]
      Content-Length: ['102']
      Content-Type: [application/json; charset=utf-8]
      User-Agent: [python/3.6.3 (Windows-10-10.0.17134-SP0) requests/2.18.4 msrest/0.5.2
          msrest_azure/0.4.34 azure-mgmt-servicebus/0.5.1 Azure-SDK-For-Python AZURECLI/2.0.41]
      accept-language: [en-US]
    method: PUT
    uri: https://management.azure.com/subscriptions/00000000-0000-0000-0000-000000000000/resourceGroups/cli_test_sb_namespace000001/providers/Microsoft.ServiceBus/namespaces/sb-nscli000002?api-version=2017-04-01
  response:
    body: {string: '{"sku":{"name":"Standard","tier":"Standard"},"id":"/subscriptions/00000000-0000-0000-0000-000000000000/resourceGroups/cli_test_sb_namespace000001/providers/Microsoft.ServiceBus/namespaces/sb-nscli000002","name":"sb-nscli000002","type":"Microsoft.ServiceBus/Namespaces","location":"West
        US 2","tags":{"{tag1":"value1}"},"properties":{"provisioningState":"Created","metricId":"1196a38f-8e8a-4916-9056-787c19a53125:sb-nscli000002","createdAt":"2018-07-13T21:44:59.007Z","updatedAt":"2018-07-13T21:44:59.007Z","serviceBusEndpoint":"https://sb-nscli000002.servicebus.windows.net:443/","status":"Activating"}}'}
    headers:
      cache-control: [no-cache]
      content-length: ['675']
      content-type: [application/json; charset=utf-8]
      date: ['Fri, 13 Jul 2018 21:44:58 GMT']
      expires: ['-1']
      pragma: [no-cache]
      server: [Service-Bus-Resource-Provider/CH3, Microsoft-HTTPAPI/2.0]
      server-sb: [Service-Bus-Resource-Provider/CH3]
      strict-transport-security: [max-age=31536000; includeSubDomains]
      transfer-encoding: [chunked]
      vary: [Accept-Encoding]
      x-content-type-options: [nosniff]
      x-ms-ratelimit-remaining-subscription-writes: ['1199']
    status: {code: 200, message: OK}
- request:
    body: null
    headers:
      Accept: [application/json]
      Accept-Encoding: ['gzip, deflate']
      CommandName: [servicebus namespace create]
      Connection: [keep-alive]
      User-Agent: [python/3.6.3 (Windows-10-10.0.17134-SP0) requests/2.18.4 msrest/0.5.2
          msrest_azure/0.4.34 azure-mgmt-servicebus/0.5.1 Azure-SDK-For-Python AZURECLI/2.0.41]
    method: GET
    uri: https://management.azure.com/subscriptions/00000000-0000-0000-0000-000000000000/resourceGroups/cli_test_sb_namespace000001/providers/Microsoft.ServiceBus/namespaces/sb-nscli000002?api-version=2017-04-01
  response:
    body: {string: '{"sku":{"name":"Standard","tier":"Standard"},"id":"/subscriptions/00000000-0000-0000-0000-000000000000/resourceGroups/cli_test_sb_namespace000001/providers/Microsoft.ServiceBus/namespaces/sb-nscli000002","name":"sb-nscli000002","type":"Microsoft.ServiceBus/Namespaces","location":"West
        US 2","tags":{"{tag1":"value1}"},"properties":{"provisioningState":"Succeeded","metricId":"1196a38f-8e8a-4916-9056-787c19a53125:sb-nscli000002","createdAt":"2018-07-13T21:44:59.007Z","updatedAt":"2018-07-13T21:45:24.817Z","serviceBusEndpoint":"https://sb-nscli000002.servicebus.windows.net:443/","status":"Active"}}'}
    headers:
      cache-control: [no-cache]
      content-length: ['673']
      content-type: [application/json; charset=utf-8]
      date: ['Fri, 13 Jul 2018 21:45:29 GMT']
      expires: ['-1']
      pragma: [no-cache]
      server: [Service-Bus-Resource-Provider/CH3, Microsoft-HTTPAPI/2.0]
      server-sb: [Service-Bus-Resource-Provider/CH3]
      strict-transport-security: [max-age=31536000; includeSubDomains]
      transfer-encoding: [chunked]
      vary: [Accept-Encoding]
      x-content-type-options: [nosniff]
    status: {code: 200, message: OK}
- request:
    body: null
    headers:
      Accept: [application/json]
      Accept-Encoding: ['gzip, deflate']
      CommandName: [servicebus namespace show]
      Connection: [keep-alive]
      Content-Type: [application/json; charset=utf-8]
      User-Agent: [python/3.6.3 (Windows-10-10.0.17134-SP0) requests/2.18.4 msrest/0.5.2
          msrest_azure/0.4.34 azure-mgmt-servicebus/0.5.1 Azure-SDK-For-Python AZURECLI/2.0.41]
      accept-language: [en-US]
    method: GET
    uri: https://management.azure.com/subscriptions/00000000-0000-0000-0000-000000000000/resourceGroups/cli_test_sb_namespace000001/providers/Microsoft.ServiceBus/namespaces/sb-nscli000002?api-version=2017-04-01
  response:
    body: {string: '{"sku":{"name":"Standard","tier":"Standard"},"id":"/subscriptions/00000000-0000-0000-0000-000000000000/resourceGroups/cli_test_sb_namespace000001/providers/Microsoft.ServiceBus/namespaces/sb-nscli000002","name":"sb-nscli000002","type":"Microsoft.ServiceBus/Namespaces","location":"West
        US 2","tags":{"{tag1":"value1}"},"properties":{"provisioningState":"Succeeded","metricId":"1196a38f-8e8a-4916-9056-787c19a53125:sb-nscli000002","createdAt":"2018-07-13T21:44:59.007Z","updatedAt":"2018-07-13T21:45:24.817Z","serviceBusEndpoint":"https://sb-nscli000002.servicebus.windows.net:443/","status":"Active"}}'}
    headers:
      cache-control: [no-cache]
      content-length: ['673']
      content-type: [application/json; charset=utf-8]
      date: ['Fri, 13 Jul 2018 21:45:30 GMT']
      expires: ['-1']
      pragma: [no-cache]
      server: [Service-Bus-Resource-Provider/CH3, Microsoft-HTTPAPI/2.0]
      server-sb: [Service-Bus-Resource-Provider/CH3]
      strict-transport-security: [max-age=31536000; includeSubDomains]
      transfer-encoding: [chunked]
      vary: [Accept-Encoding]
      x-content-type-options: [nosniff]
    status: {code: 200, message: OK}
- request:
    body: null
    headers:
      Accept: [application/json]
      Accept-Encoding: ['gzip, deflate']
      CommandName: [servicebus namespace update]
      Connection: [keep-alive]
      Content-Type: [application/json; charset=utf-8]
      User-Agent: [python/3.6.3 (Windows-10-10.0.17134-SP0) requests/2.18.4 msrest/0.5.2
          msrest_azure/0.4.34 azure-mgmt-servicebus/0.5.1 Azure-SDK-For-Python AZURECLI/2.0.41]
      accept-language: [en-US]
    method: GET
    uri: https://management.azure.com/subscriptions/00000000-0000-0000-0000-000000000000/resourceGroups/cli_test_sb_namespace000001/providers/Microsoft.ServiceBus/namespaces/sb-nscli000002?api-version=2017-04-01
  response:
    body: {string: '{"sku":{"name":"Standard","tier":"Standard"},"id":"/subscriptions/00000000-0000-0000-0000-000000000000/resourceGroups/cli_test_sb_namespace000001/providers/Microsoft.ServiceBus/namespaces/sb-nscli000002","name":"sb-nscli000002","type":"Microsoft.ServiceBus/Namespaces","location":"West
        US 2","tags":{"{tag1":"value1}"},"properties":{"provisioningState":"Succeeded","metricId":"1196a38f-8e8a-4916-9056-787c19a53125:sb-nscli000002","createdAt":"2018-07-13T21:44:59.007Z","updatedAt":"2018-07-13T21:45:24.817Z","serviceBusEndpoint":"https://sb-nscli000002.servicebus.windows.net:443/","status":"Active"}}'}
    headers:
      cache-control: [no-cache]
      content-length: ['673']
      content-type: [application/json; charset=utf-8]
      date: ['Fri, 13 Jul 2018 21:45:31 GMT']
      expires: ['-1']
      pragma: [no-cache]
      server: [Service-Bus-Resource-Provider/CH3, Microsoft-HTTPAPI/2.0]
      server-sb: [Service-Bus-Resource-Provider/CH3]
      strict-transport-security: [max-age=31536000; includeSubDomains]
      transfer-encoding: [chunked]
      vary: [Accept-Encoding]
      x-content-type-options: [nosniff]
    status: {code: 200, message: OK}
- request:
    body: '{"location": "West US 2", "tags": {"{tag1": "value1}"}, "sku": {"name":
      "Standard", "tier": "Standard"}}'
    headers:
      Accept: [application/json]
      Accept-Encoding: ['gzip, deflate']
      CommandName: [servicebus namespace update]
      Connection: [keep-alive]
      Content-Length: ['104']
      Content-Type: [application/json; charset=utf-8]
      User-Agent: [python/3.6.3 (Windows-10-10.0.17134-SP0) requests/2.18.4 msrest/0.5.2
          msrest_azure/0.4.34 azure-mgmt-servicebus/0.5.1 Azure-SDK-For-Python AZURECLI/2.0.41]
      accept-language: [en-US]
    method: PUT
    uri: https://management.azure.com/subscriptions/00000000-0000-0000-0000-000000000000/resourceGroups/cli_test_sb_namespace000001/providers/Microsoft.ServiceBus/namespaces/sb-nscli000002?api-version=2017-04-01
  response:
    body: {string: '{"sku":{"name":"Standard","tier":"Standard"},"id":"/subscriptions/00000000-0000-0000-0000-000000000000/resourceGroups/cli_test_sb_namespace000001/providers/Microsoft.ServiceBus/namespaces/sb-nscli000002","name":"sb-nscli000002","type":"Microsoft.ServiceBus/Namespaces","location":"West
        US 2","tags":{"{tag1":"value1}"},"properties":{"provisioningState":"Updating","metricId":"1196a38f-8e8a-4916-9056-787c19a53125:sb-nscli000002","createdAt":"2018-07-13T21:44:59.007Z","updatedAt":"2018-07-13T21:45:48.993Z","serviceBusEndpoint":"https://sb-nscli000002.servicebus.windows.net:443/","status":"Activating"}}'}
    headers:
      cache-control: [no-cache]
      content-length: ['676']
      content-type: [application/json; charset=utf-8]
      date: ['Fri, 13 Jul 2018 21:45:48 GMT']
      expires: ['-1']
      pragma: [no-cache]
      server: [Service-Bus-Resource-Provider/CH3, Microsoft-HTTPAPI/2.0]
      server-sb: [Service-Bus-Resource-Provider/CH3]
      strict-transport-security: [max-age=31536000; includeSubDomains]
      transfer-encoding: [chunked]
      vary: [Accept-Encoding]
      x-content-type-options: [nosniff]
      x-ms-ratelimit-remaining-subscription-writes: ['1199']
    status: {code: 200, message: OK}
- request:
    body: null
    headers:
      Accept: [application/json]
      Accept-Encoding: ['gzip, deflate']
      CommandName: [servicebus namespace update]
      Connection: [keep-alive]
      User-Agent: [python/3.6.3 (Windows-10-10.0.17134-SP0) requests/2.18.4 msrest/0.5.2
          msrest_azure/0.4.34 azure-mgmt-servicebus/0.5.1 Azure-SDK-For-Python AZURECLI/2.0.41]
    method: GET
    uri: https://management.azure.com/subscriptions/00000000-0000-0000-0000-000000000000/resourceGroups/cli_test_sb_namespace000001/providers/Microsoft.ServiceBus/namespaces/sb-nscli000002?api-version=2017-04-01
  response:
    body: {string: '{"sku":{"name":"Standard","tier":"Standard"},"id":"/subscriptions/00000000-0000-0000-0000-000000000000/resourceGroups/cli_test_sb_namespace000001/providers/Microsoft.ServiceBus/namespaces/sb-nscli000002","name":"sb-nscli000002","type":"Microsoft.ServiceBus/Namespaces","location":"West
        US 2","tags":{"{tag1":"value1}"},"properties":{"provisioningState":"Succeeded","metricId":"1196a38f-8e8a-4916-9056-787c19a53125:sb-nscli000002","createdAt":"2018-07-13T21:44:59.007Z","updatedAt":"2018-07-13T21:45:50.75Z","serviceBusEndpoint":"https://sb-nscli000002.servicebus.windows.net:443/","status":"Active"}}'}
    headers:
      cache-control: [no-cache]
      content-length: ['672']
      content-type: [application/json; charset=utf-8]
      date: ['Fri, 13 Jul 2018 21:46:20 GMT']
      expires: ['-1']
      pragma: [no-cache]
      server: [Service-Bus-Resource-Provider/CH3, Microsoft-HTTPAPI/2.0]
      server-sb: [Service-Bus-Resource-Provider/CH3]
      strict-transport-security: [max-age=31536000; includeSubDomains]
      transfer-encoding: [chunked]
      vary: [Accept-Encoding]
      x-content-type-options: [nosniff]
    status: {code: 200, message: OK}
- request:
    body: null
    headers:
      Accept: [application/json]
      Accept-Encoding: ['gzip, deflate']
      CommandName: [servicebus namespace list]
      Connection: [keep-alive]
      Content-Type: [application/json; charset=utf-8]
      User-Agent: [python/3.6.3 (Windows-10-10.0.17134-SP0) requests/2.18.4 msrest/0.5.2
          msrest_azure/0.4.34 azure-mgmt-servicebus/0.5.1 Azure-SDK-For-Python AZURECLI/2.0.41]
      accept-language: [en-US]
    method: GET
    uri: https://management.azure.com/subscriptions/00000000-0000-0000-0000-000000000000/providers/Microsoft.ServiceBus/namespaces?api-version=2017-04-01
  response:
    body: {string: '{"value":[{"sku":{"name":"Standard","tier":"Standard"},"id":"/subscriptions/00000000-0000-0000-0000-000000000000/resourceGroups/cli_test_sb_namespace000001/providers/Microsoft.ServiceBus/namespaces/sb-nscli000002","name":"sb-nscli000002","type":"Microsoft.ServiceBus/Namespaces","location":"West
        US 2","tags":{"{tag1":"value1}"},"properties":{"provisioningState":"Succeeded","metricId":"1196a38f-8e8a-4916-9056-787c19a53125:sb-nscli000002","createdAt":"2018-07-13T21:44:59.007Z","updatedAt":"2018-07-13T21:45:50.75Z","serviceBusEndpoint":"https://sb-nscli000002.servicebus.windows.net:443/","status":"Active"}},{"sku":{"name":"Standard","tier":"Standard"},"id":"/subscriptions/00000000-0000-0000-0000-000000000000/resourceGroups/cli_test_sb_alias37is6z5546hkcxznqlxeotba5dsfzrxcw6qxvpytijtmni4qqudj3yzvyc/providers/Microsoft.ServiceBus/namespaces/sb-pre-nscliu5bpdiur","name":"sb-pre-nscliu5bpdiur","type":"Microsoft.ServiceBus/Namespaces","location":"North
        Central US","tags":{"{tag1: value1,":"","tag2: value2}":""},"properties":{"provisioningState":"Succeeded","metricId":"1196a38f-8e8a-4916-9056-787c19a53125:sb-pre-nscliu5bpdiur","createdAt":"2018-07-11T22:55:18.983Z","updatedAt":"2018-07-11T23:13:40.73Z","serviceBusEndpoint":"https://sb-pre-nscliu5bpdiur.servicebus.windows.net:443/","status":"Active"}},{"sku":{"name":"Standard","tier":"Standard"},"id":"/subscriptions/00000000-0000-0000-0000-000000000000/resourceGroups/cli_test_sb_aliascijchgqoasc4byqwujhkyn6b5n75dx7kntew6mshxbthcb6ruqom6jrjvv/providers/Microsoft.ServiceBus/namespaces/sb-pre-nsclifpwcgeht","name":"sb-pre-nsclifpwcgeht","type":"Microsoft.ServiceBus/Namespaces","location":"North
        Central US","tags":{"{tag2: value2,":"","tag1: value1}":""},"properties":{"provisioningState":"Succeeded","metricId":"1196a38f-8e8a-4916-9056-787c19a53125:sb-pre-nsclifpwcgeht","createdAt":"2018-07-13T01:36:42.39Z","updatedAt":"2018-07-13T01:45:14.26Z","serviceBusEndpoint":"https://sb-pre-nsclifpwcgeht.servicebus.windows.net:443/","status":"Active"}},{"sku":{"name":"Standard","tier":"Standard"},"id":"/subscriptions/00000000-0000-0000-0000-000000000000/resourceGroups/cli_test_sb_migrationhpyqx6xfo3xpprzqs2ze6ocusjggletqvbd4fhszsvkkxfqf4rwjm6/providers/Microsoft.ServiceBus/namespaces/sb-pre-nsclidbfwsasi","name":"sb-pre-nsclidbfwsasi","type":"Microsoft.ServiceBus/Namespaces","location":"North
        Central US","tags":{"{tag2: value2,":"","tag1: value1}":""},"properties":{"provisioningState":"Succeeded","metricId":"1196a38f-8e8a-4916-9056-787c19a53125:sb-pre-nsclidbfwsasi","createdAt":"2018-07-13T18:16:56.73Z","updatedAt":"2018-07-13T18:23:29.203Z","serviceBusEndpoint":"https://sb-pre-nsclidbfwsasi.servicebus.windows.net:443/","status":"Active"}},{"sku":{"name":"Standard","tier":"Standard"},"id":"/subscriptions/00000000-0000-0000-0000-000000000000/resourceGroups/cli_test_sb_migrationzke7l7hq2hautzmapq36y6yrufnog74sxgwnlkn4oldluosftwbj3u/providers/Microsoft.ServiceBus/namespaces/sb-std-nscliceo6zkjt","name":"sb-std-nscliceo6zkjt","type":"Microsoft.ServiceBus/Namespaces","location":"South
        Central US","tags":{"{tag1: value1,":"","tag2: value2}":""},"properties":{"provisioningState":"Succeeded","metricId":"1196a38f-8e8a-4916-9056-787c19a53125:sb-std-nscliceo6zkjt","createdAt":"2018-07-13T19:02:00.74Z","updatedAt":"2018-07-13T19:08:14.697Z","serviceBusEndpoint":"https://sb-std-nscliceo6zkjt.servicebus.windows.net:443/","status":"Active","alternateName":"clipostmigrationmjjf"}},{"sku":{"name":"Premium","tier":"Premium","capacity":1},"id":"/subscriptions/00000000-0000-0000-0000-000000000000/resourceGroups/RGCLITestVM/providers/Microsoft.ServiceBus/namespaces/SBNamespaceIpFilterNS1","name":"SBNamespaceIpFilterNS1","type":"Microsoft.ServiceBus/Namespaces","location":"East
        US 2","tags":{},"properties":{"provisioningState":"Succeeded","metricId":"1196a38f-8e8a-4916-9056-787c19a53125:sbnamespaceipfilterns1","createdAt":"2018-06-26T21:30:40.033Z","updatedAt":"2018-06-26T21:31:49.333Z","serviceBusEndpoint":"https://SBNamespaceIpFilterNS1.servicebus.windows.net:443/","status":"Active"}},{"sku":{"name":"Standard","tier":"Standard"},"id":"/subscriptions/00000000-0000-0000-0000-000000000000/resourceGroups/cli_test_sb_aliaskmkbf5ofxmvon44gdyjt3dgsbnx36hkyxzkltbceugbn53zyee2voywgrn/providers/Microsoft.ServiceBus/namespaces/sb-std-nscli4mjyug5v","name":"sb-std-nscli4mjyug5v","type":"Microsoft.ServiceBus/Namespaces","location":"South
        Central US","tags":{"{tag2: value2,":"","tag1: value1}":""},"properties":{"provisioningState":"Succeeded","metricId":"1196a38f-8e8a-4916-9056-787c19a53125:sb-std-nscli4mjyug5v","createdAt":"2018-07-12T23:48:29.163Z","updatedAt":"2018-07-12T23:55:27.653Z","serviceBusEndpoint":"https://sb-std-nscli4mjyug5v.servicebus.windows.net:443/","status":"Active","alternateName":"clipostmigrationoeri"}},{"sku":{"name":"Premium","tier":"Premium","capacity":4},"id":"/subscriptions/00000000-0000-0000-0000-000000000000/resourceGroups/testvinsu/providers/Microsoft.ServiceBus/namespaces/vinsutestgridintegration22","name":"vinsutestgridintegration22","type":"Microsoft.ServiceBus/Namespaces","location":"East
        US 2","tags":{},"properties":{"provisioningState":"Succeeded","metricId":"1196a38f-8e8a-4916-9056-787c19a53125:vinsutestgridintegration22","createdAt":"2018-02-03T01:34:45.093Z","updatedAt":"2018-02-03T02:26:01.25Z","serviceBusEndpoint":"https://vinsutestgridintegration22.servicebus.windows.net:443/","status":"Active"}},{"sku":{"name":"Standard","tier":"Standard"},"id":"/subscriptions/00000000-0000-0000-0000-000000000000/resourceGroups/cli_test_sb_aliasxm3p33oyiakfty6nimr6eohm2ivqueq5utrhlnn3epokb5q25xlkccwoh7/providers/Microsoft.ServiceBus/namespaces/sb-std-nsclijsvgyjjk","name":"sb-std-nsclijsvgyjjk","type":"Microsoft.ServiceBus/Namespaces","location":"South
        Central US","tags":{"{tag2: value2,":"","tag1: value1}":""},"properties":{"provisioningState":"Succeeded","metricId":"1196a38f-8e8a-4916-9056-787c19a53125:sb-std-nsclijsvgyjjk","createdAt":"2018-07-12T00:38:20.17Z","updatedAt":"2018-07-12T00:45:54.453Z","serviceBusEndpoint":"https://sb-std-nsclijsvgyjjk.servicebus.windows.net:443/","status":"Active","alternateName":"clipostmigrationhgig"}},{"sku":{"name":"Standard","tier":"Standard"},"id":"/subscriptions/00000000-0000-0000-0000-000000000000/resourceGroups/Default-ServiceBus-AustraliaEast/providers/Microsoft.ServiceBus/namespaces/auxtest55","name":"auxtest55","type":"Microsoft.ServiceBus/Namespaces","location":"Australia
        East","tags":{},"properties":{"provisioningState":"Succeeded","metricId":"1196a38f-8e8a-4916-9056-787c19a53125:auxtest55","createdAt":"2015-05-29T01:39:30.033Z","updatedAt":"2017-08-17T18:54:14.71Z","serviceBusEndpoint":"https://auxtest55.servicebus.windows.net:443/","status":"Active"}},{"sku":{"name":"Premium","tier":"Premium","capacity":1},"id":"/subscriptions/00000000-0000-0000-0000-000000000000/resourceGroups/RGName-4444/providers/Microsoft.ServiceBus/namespaces/NSName-ps444","name":"NSName-ps444","type":"Microsoft.ServiceBus/Namespaces","location":"West
        US 2","tags":{},"properties":{"provisioningState":"Succeeded","metricId":"1196a38f-8e8a-4916-9056-787c19a53125:nsname-ps444","createdAt":"2018-06-20T22:45:24.12Z","updatedAt":"2018-06-20T23:32:24.34Z","serviceBusEndpoint":"https://NSName-ps444.servicebus.windows.net:443/","status":"Active"}},{"sku":{"name":"Standard","tier":"Standard"},"id":"/subscriptions/00000000-0000-0000-0000-000000000000/resourceGroups/cli_test_sb_migrationhpyqx6xfo3xpprzqs2ze6ocusjggletqvbd4fhszsvkkxfqf4rwjm6/providers/Microsoft.ServiceBus/namespaces/sb-std-nscli3yuwta57","name":"sb-std-nscli3yuwta57","type":"Microsoft.ServiceBus/Namespaces","location":"South
        Central US","tags":{"{tag2: value2,":"","tag1: value1}":""},"properties":{"provisioningState":"Succeeded","metricId":"1196a38f-8e8a-4916-9056-787c19a53125:sb-std-nscli3yuwta57","createdAt":"2018-07-13T18:16:22.9Z","updatedAt":"2018-07-13T18:23:28.41Z","serviceBusEndpoint":"https://sb-std-nscli3yuwta57.servicebus.windows.net:443/","status":"Active","alternateName":"clipostmigrationmitb"}},{"sku":{"name":"Premium","tier":"Premium","capacity":1},"id":"/subscriptions/00000000-0000-0000-0000-000000000000/resourceGroups/asdfsadf/providers/Microsoft.ServiceBus/namespaces/rrama-test-premium-geodr-3-12","name":"rrama-test-premium-geodr-3-12","type":"Microsoft.ServiceBus/Namespaces","location":"Australia
        East","tags":{},"properties":{"provisioningState":"Succeeded","metricId":"1196a38f-8e8a-4916-9056-787c19a53125:rrama-test-premium-geodr-3-12","createdAt":"2018-03-13T00:32:52.78Z","updatedAt":"2018-03-13T00:37:30.857Z","serviceBusEndpoint":"https://rrama-test-premium-geodr-3-12.servicebus.windows.net:443/","status":"Active"}},{"sku":{"name":"Standard","tier":"Standard"},"id":"/subscriptions/00000000-0000-0000-0000-000000000000/resourceGroups/cli_test_sb_aliascijchgqoasc4byqwujhkyn6b5n75dx7kntew6mshxbthcb6ruqom6jrjvv/providers/Microsoft.ServiceBus/namespaces/sb-std-nscliqlwqog2p","name":"sb-std-nscliqlwqog2p","type":"Microsoft.ServiceBus/Namespaces","location":"South
        Central US","tags":{"{tag2: value2,":"","tag1: value1}":""},"properties":{"provisioningState":"Succeeded","metricId":"1196a38f-8e8a-4916-9056-787c19a53125:sb-std-nscliqlwqog2p","createdAt":"2018-07-13T01:36:08.2Z","updatedAt":"2018-07-13T01:45:13.727Z","serviceBusEndpoint":"https://sb-std-nscliqlwqog2p.servicebus.windows.net:443/","status":"Active","alternateName":"clipostmigrationaqda"}},{"sku":{"name":"Standard","tier":"Standard"},"id":"/subscriptions/00000000-0000-0000-0000-000000000000/resourceGroups/MyRG/providers/Microsoft.ServiceBus/namespaces/wusiyao2","name":"wusiyao2","type":"Microsoft.ServiceBus/Namespaces","location":"West
        US","tags":{},"properties":{"provisioningState":"Succeeded","metricId":"1196a38f-8e8a-4916-9056-787c19a53125:wusiyao2","createdAt":"2018-07-11T18:51:33.657Z","updatedAt":"2018-07-11T18:51:57.073Z","serviceBusEndpoint":"https://wusiyao2.servicebus.windows.net:443/","status":"Active"}},{"sku":{"name":"Premium","tier":"Premium","capacity":1},"id":"/subscriptions/00000000-0000-0000-0000-000000000000/resourceGroups/Default-ServiceBus-SouthCentralUS/providers/Microsoft.ServiceBus/namespaces/NSTestingPremium","name":"NSTestingPremium","type":"Microsoft.ServiceBus/Namespaces","location":"South
        Central US","tags":{},"properties":{"provisioningState":"Succeeded","metricId":"1196a38f-8e8a-4916-9056-787c19a53125:nstestingpremium","createdAt":"2018-07-11T22:32:38.38Z","updatedAt":"2018-07-11T22:34:00.127Z","serviceBusEndpoint":"https://NSTestingPremium.servicebus.windows.net:443/","status":"Active"}},{"sku":{"name":"Standard","tier":"Standard"},"id":"/subscriptions/00000000-0000-0000-0000-000000000000/resourceGroups/huiTest/providers/Microsoft.ServiceBus/namespaces/huisbtest","name":"huisbtest","type":"Microsoft.ServiceBus/Namespaces","location":"West
        US","tags":{},"properties":{"provisioningState":"Succeeded","metricId":"1196a38f-8e8a-4916-9056-787c19a53125:huisbtest","createdAt":"2017-12-05T00:49:25.65Z","updatedAt":"2017-12-05T00:49:51.25Z","serviceBusEndpoint":"https://huisbtest.servicebus.windows.net:443/","status":"Active"}},{"sku":{"name":"Standard","tier":"Standard"},"id":"/subscriptions/00000000-0000-0000-0000-000000000000/resourceGroups/Default-ServiceBus-WestUS/providers/Microsoft.ServiceBus/namespaces/TestingArmTemplateNamespace","name":"TestingArmTemplateNamespace","type":"Microsoft.ServiceBus/Namespaces","location":"West
        US","tags":{},"properties":{"provisioningState":"Succeeded","metricId":"1196a38f-8e8a-4916-9056-787c19a53125:testingarmtemplatenamespace","createdAt":"2017-06-21T18:36:48.467Z","updatedAt":"2017-06-21T18:37:10.857Z","serviceBusEndpoint":"https://TestingArmTemplateNamespace.servicebus.windows.net:443/","status":"Active"}},{"sku":{"name":"Premium","tier":"Premium","capacity":1},"id":"/subscriptions/00000000-0000-0000-0000-000000000000/resourceGroups/cli_test_sb_aliasbkmkudfuqtfctnlznimvrs5txwaap7gimazmfezli4yh5zctevfrjuxhtd/providers/Microsoft.ServiceBus/namespaces/sb-pre-nscliunoj37p3","name":"sb-pre-nscliunoj37p3","type":"Microsoft.ServiceBus/Namespaces","location":"North
        Central US","tags":{"{tag1: value1,":"","tag2: value2}":""},"properties":{"provisioningState":"Succeeded","metricId":"1196a38f-8e8a-4916-9056-787c19a53125:sb-pre-nscliunoj37p3","createdAt":"2018-07-11T23:30:10.667Z","updatedAt":"2018-07-11T23:31:24.413Z","serviceBusEndpoint":"https://sb-pre-nscliunoj37p3.servicebus.windows.net:443/","status":"Active"}},{"sku":{"name":"Standard","tier":"Standard"},"id":"/subscriptions/00000000-0000-0000-0000-000000000000/resourceGroups/Default-ServiceBus-SouthCentralUS/providers/Microsoft.ServiceBus/namespaces/NSTestingStandard","name":"NSTestingStandard","type":"Microsoft.ServiceBus/Namespaces","location":"South
        Central US","tags":{},"properties":{"provisioningState":"Succeeded","metricId":"1196a38f-8e8a-4916-9056-787c19a53125:nstestingstandard","createdAt":"2018-07-11T22:31:30.79Z","updatedAt":"2018-07-11T23:39:03.92Z","serviceBusEndpoint":"https://NSTestingStandard.servicebus.windows.net:443/","status":"Active","alternateName":"TestingNSStandardMigration"}},{"sku":{"name":"Standard","tier":"Standard"},"id":"/subscriptions/00000000-0000-0000-0000-000000000000/resourceGroups/cli_test_sb_aliasvjsyjjglfy2m73zawy4di5pcnz37fykidgbtnpwsvu2tblvgzoir4fqrot/providers/Microsoft.ServiceBus/namespaces/sb-std-nsclih2ldj2gu","name":"sb-std-nsclih2ldj2gu","type":"Microsoft.ServiceBus/Namespaces","location":"South
        Central US","tags":{"{tag2: value2,":"","tag1: value1}":""},"properties":{"provisioningState":"Succeeded","metricId":"1196a38f-8e8a-4916-9056-787c19a53125:sb-std-nsclih2ldj2gu","createdAt":"2018-07-11T04:01:28.61Z","updatedAt":"2018-07-11T04:01:51.187Z","serviceBusEndpoint":"https://sb-std-nsclih2ldj2gu.servicebus.windows.net:443/","status":"Active"}},{"sku":{"name":"Premium","tier":"Premium","capacity":1},"id":"/subscriptions/00000000-0000-0000-0000-000000000000/resourceGroups/testonenote/providers/Microsoft.ServiceBus/namespaces/testonenoteload1MU117","name":"testonenoteload1MU117","type":"Microsoft.ServiceBus/Namespaces","location":"East
        US 2","tags":{},"properties":{"provisioningState":"Succeeded","metricId":"1196a38f-8e8a-4916-9056-787c19a53125:testonenoteload1mu117","createdAt":"2018-01-17T23:49:41.573Z","updatedAt":"2018-01-17T23:50:26.46Z","serviceBusEndpoint":"https://testonenoteload1MU117.servicebus.windows.net:443/","status":"Active"}},{"sku":{"name":"Premium","tier":"Premium","capacity":1},"id":"/subscriptions/00000000-0000-0000-0000-000000000000/resourceGroups/TesttingArm1/providers/Microsoft.ServiceBus/namespaces/TestingVnetARM","name":"TestingVnetARM","type":"Microsoft.ServiceBus/Namespaces","location":"East
        US 2","tags":{},"properties":{"provisioningState":"Succeeded","metricId":"1196a38f-8e8a-4916-9056-787c19a53125:testingvnetarm","createdAt":"2018-06-26T00:04:44.617Z","updatedAt":"2018-06-26T00:05:55.517Z","serviceBusEndpoint":"https://TestingVnetARM.servicebus.windows.net:443/","status":"Active"}},{"sku":{"name":"Standard","tier":"Standard"},"id":"/subscriptions/00000000-0000-0000-0000-000000000000/resourceGroups/cli_test_sb_alias37is6z5546hkcxznqlxeotba5dsfzrxcw6qxvpytijtmni4qqudj3yzvyc/providers/Microsoft.ServiceBus/namespaces/sb-std-nsclikepuhqil","name":"sb-std-nsclikepuhqil","type":"Microsoft.ServiceBus/Namespaces","location":"South
        Central US","tags":{"{tag1: value1,":"","tag2: value2}":""},"properties":{"provisioningState":"Succeeded","metricId":"1196a38f-8e8a-4916-9056-787c19a53125:sb-std-nsclikepuhqil","createdAt":"2018-07-11T22:54:45.23Z","updatedAt":"2018-07-12T00:11:51.307Z","serviceBusEndpoint":"https://sb-std-nsclikepuhqil.servicebus.windows.net:443/","status":"Active","alternateName":"clipostmigrations3mr"}},{"sku":{"name":"Standard","tier":"Standard"},"id":"/subscriptions/00000000-0000-0000-0000-000000000000/resourceGroups/asdfsadf/providers/Microsoft.ServiceBus/namespaces/asdfasdfsadf","name":"asdfasdfsadf","type":"Microsoft.ServiceBus/Namespaces","location":"Central
        US","tags":{},"properties":{"provisioningState":"Succeeded","metricId":"1196a38f-8e8a-4916-9056-787c19a53125:asdfasdfsadf","createdAt":"2016-08-10T00:08:53.55Z","updatedAt":"2017-08-17T21:24:11.297Z","serviceBusEndpoint":"https://asdfasdfsadf.servicebus.windows.net:443/","status":"Active"}},{"sku":{"name":"Standard","tier":"Standard"},"id":"/subscriptions/00000000-0000-0000-0000-000000000000/resourceGroups/cli_test_sb_aliasrwwydcjnfbfufkgwd65bzzncdbq7h6gh2j75ir622qqp5feld4lpcuu52d/providers/Microsoft.ServiceBus/namespaces/sb-std-nsclienfmp7x6","name":"sb-std-nsclienfmp7x6","type":"Microsoft.ServiceBus/Namespaces","location":"South
        Central US","tags":{"{tag2: value2,":"","tag1: value1}":""},"properties":{"provisioningState":"Succeeded","metricId":"1196a38f-8e8a-4916-9056-787c19a53125:sb-std-nsclienfmp7x6","createdAt":"2018-07-11T21:23:41.263Z","updatedAt":"2018-07-11T21:24:03.737Z","serviceBusEndpoint":"https://sb-std-nsclienfmp7x6.servicebus.windows.net:443/","status":"Active"}},{"sku":{"name":"Premium","tier":"Premium","capacity":1},"id":"/subscriptions/00000000-0000-0000-0000-000000000000/resourceGroups/TesttingArm1/providers/Microsoft.ServiceBus/namespaces/TestingVnet12","name":"TestingVnet12","type":"Microsoft.ServiceBus/Namespaces","location":"East
        US 2","tags":{},"properties":{"provisioningState":"Succeeded","metricId":"1196a38f-8e8a-4916-9056-787c19a53125:testingvnet12","createdAt":"2018-06-26T00:14:56.497Z","updatedAt":"2018-06-26T00:16:04.113Z","serviceBusEndpoint":"https://TestingVnet12.servicebus.windows.net:443/","status":"Active"}},{"sku":{"name":"Standard","tier":"Standard"},"id":"/subscriptions/00000000-0000-0000-0000-000000000000/resourceGroups/MigrationTest/providers/Microsoft.ServiceBus/namespaces/ServiceBus-STDNamespace-Jobin","name":"ServiceBus-STDNamespace-Jobin","type":"Microsoft.ServiceBus/Namespaces","location":"West
        Central US","tags":{},"properties":{"provisioningState":"Succeeded","metricId":"1196a38f-8e8a-4916-9056-787c19a53125:servicebus-stdnamespace-jobin","createdAt":"2018-05-04T23:36:19.85Z","updatedAt":"2018-05-05T00:57:03.827Z","serviceBusEndpoint":"https://ServiceBus-STDNamespace-Jobin.servicebus.windows.net:443/","status":"Active","alternateName":"PostMigration-Name-Jobin"}},{"sku":{"name":"Standard","tier":"Standard"},"id":"/subscriptions/00000000-0000-0000-0000-000000000000/resourceGroups/MigrationTest/providers/Microsoft.ServiceBus/namespaces/ServiceBus-PRENamespace-Jobin","name":"ServiceBus-PRENamespace-Jobin","type":"Microsoft.ServiceBus/Namespaces","location":"West
        Central US","tags":{},"properties":{"provisioningState":"Succeeded","metricId":"1196a38f-8e8a-4916-9056-787c19a53125:servicebus-prenamespace-jobin","createdAt":"2018-05-05T00:02:37.97Z","updatedAt":"2018-05-05T00:57:05.513Z","serviceBusEndpoint":"https://ServiceBus-PRENamespace-Jobin.servicebus.windows.net:443/","status":"Active"}},{"sku":{"name":"Premium","tier":"Premium","capacity":4},"id":"/subscriptions/00000000-0000-0000-0000-000000000000/resourceGroups/Default-ServiceBus-NorthEurope/providers/Microsoft.ServiceBus/namespaces/premiummessagingnotheurope","name":"premiummessagingnotheurope","type":"Microsoft.ServiceBus/Namespaces","location":"North
        Europe","tags":{},"properties":{"provisioningState":"Succeeded","metricId":"1196a38f-8e8a-4916-9056-787c19a53125:premiummessagingnotheurope","createdAt":"2015-12-17T22:55:53.963Z","updatedAt":"2015-12-17T22:56:43.763Z","serviceBusEndpoint":"https://premiummessagingnotheurope.servicebus.windows.net:443/","status":"Active"}},{"sku":{"name":"Standard","tier":"Standard"},"id":"/subscriptions/00000000-0000-0000-0000-000000000000/resourceGroups/cli_test_sb_aliaskmkbf5ofxmvon44gdyjt3dgsbnx36hkyxzkltbceugbn53zyee2voywgrn/providers/Microsoft.ServiceBus/namespaces/sb-pre-nsclicvpgpugk","name":"sb-pre-nsclicvpgpugk","type":"Microsoft.ServiceBus/Namespaces","location":"North
        Central US","tags":{"{tag2: value2,":"","tag1: value1}":""},"properties":{"provisioningState":"Succeeded","metricId":"1196a38f-8e8a-4916-9056-787c19a53125:sb-pre-nsclicvpgpugk","createdAt":"2018-07-12T23:49:02.59Z","updatedAt":"2018-07-12T23:55:26.007Z","serviceBusEndpoint":"https://sb-pre-nsclicvpgpugk.servicebus.windows.net:443/","status":"Active"}},{"sku":{"name":"Standard","tier":"Standard"},"id":"/subscriptions/00000000-0000-0000-0000-000000000000/resourceGroups/cli_test_sb_aliasjgvmlyvskrpnv2bf5wh7owjd3evgvyv3xfkro4jucqjzvyjyfma4esbjes/providers/Microsoft.ServiceBus/namespaces/sb-std-nscligcatwohe","name":"sb-std-nscligcatwohe","type":"Microsoft.ServiceBus/Namespaces","location":"South
        Central US","tags":{"{tag2: value2,":"","tag1: value1}":""},"properties":{"provisioningState":"Succeeded","metricId":"1196a38f-8e8a-4916-9056-787c19a53125:sb-std-nscligcatwohe","createdAt":"2018-07-12T23:14:15.467Z","updatedAt":"2018-07-12T23:21:41.183Z","serviceBusEndpoint":"https://sb-std-nscligcatwohe.servicebus.windows.net:443/","status":"Active","alternateName":"clipostmigrationlav6"}},{"sku":{"name":"Premium","tier":"Premium","capacity":1},"id":"/subscriptions/00000000-0000-0000-0000-000000000000/resourceGroups/Default-ServiceBus-SouthCentralUS/providers/Microsoft.ServiceBus/namespaces/rrama-premium-geodr-scus","name":"rrama-premium-geodr-scus","type":"Microsoft.ServiceBus/Namespaces","location":"South
        Central US","tags":{},"properties":{"provisioningState":"Succeeded","metricId":"1196a38f-8e8a-4916-9056-787c19a53125:rrama-premium-geodr-scus","createdAt":"2017-09-22T16:15:21.18Z","updatedAt":"2017-09-22T22:49:41.43Z","serviceBusEndpoint":"https://rrama-premium-geodr-scus.servicebus.windows.net:443/","status":"Active"}},{"sku":{"name":"Premium","tier":"Premium","capacity":1},"id":"/subscriptions/00000000-0000-0000-0000-000000000000/resourceGroups/cli_test_sb_aliasvjsyjjglfy2m73zawy4di5pcnz37fykidgbtnpwsvu2tblvgzoir4fqrot/providers/Microsoft.ServiceBus/namespaces/sb-pre-nscliqdrerql3","name":"sb-pre-nscliqdrerql3","type":"Microsoft.ServiceBus/Namespaces","location":"North
        Central US","tags":{"{tag2: value2,":"","tag1: value1}":""},"properties":{"provisioningState":"Succeeded","metricId":"1196a38f-8e8a-4916-9056-787c19a53125:sb-pre-nscliqdrerql3","createdAt":"2018-07-11T04:02:05.72Z","updatedAt":"2018-07-11T04:03:16.69Z","serviceBusEndpoint":"https://sb-pre-nscliqdrerql3.servicebus.windows.net:443/","status":"Active"}},{"sku":{"name":"Standard","tier":"Standard"},"id":"/subscriptions/00000000-0000-0000-0000-000000000000/resourceGroups/cli_test_sb_aliasfzgwhqtdfcf4lgandagyf7merjynaniuoshz4uglzhn2pmkzrxnl5gwv43/providers/Microsoft.ServiceBus/namespaces/sb-std-nsclil2ucanel","name":"sb-std-nsclil2ucanel","type":"Microsoft.ServiceBus/Namespaces","location":"South
        Central US","tags":{"{tag2: value2,":"","tag1: value1}":""},"properties":{"provisioningState":"Succeeded","metricId":"1196a38f-8e8a-4916-9056-787c19a53125:sb-std-nsclil2ucanel","createdAt":"2018-07-13T00:06:44.507Z","updatedAt":"2018-07-13T00:14:22.637Z","serviceBusEndpoint":"https://sb-std-nsclil2ucanel.servicebus.windows.net:443/","status":"Active","alternateName":"clipostmigrationm4kt"}},{"sku":{"name":"Premium","tier":"Premium","capacity":1},"id":"/subscriptions/00000000-0000-0000-0000-000000000000/resourceGroups/testvinsu1/providers/Microsoft.ServiceBus/namespaces/trygeodrpair","name":"trygeodrpair","type":"Microsoft.ServiceBus/Namespaces","location":"Australia
        East","tags":{},"properties":{"provisioningState":"Succeeded","metricId":"1196a38f-8e8a-4916-9056-787c19a53125:trygeodrpair","createdAt":"2018-06-21T19:04:53.38Z","updatedAt":"2018-06-21T19:44:59.027Z","serviceBusEndpoint":"https://trygeodrpair.servicebus.windows.net:443/","status":"Active"}},{"sku":{"name":"Standard","tier":"Standard"},"id":"/subscriptions/00000000-0000-0000-0000-000000000000/resourceGroups/cli_test_sb_aliasbkmkudfuqtfctnlznimvrs5txwaap7gimazmfezli4yh5zctevfrjuxhtd/providers/Microsoft.ServiceBus/namespaces/sb-std-nsclicauyhjaa","name":"sb-std-nsclicauyhjaa","type":"Microsoft.ServiceBus/Namespaces","location":"South
        Central US","tags":{"{tag1: value1,":"","tag2: value2}":""},"properties":{"provisioningState":"Succeeded","metricId":"1196a38f-8e8a-4916-9056-787c19a53125:sb-std-nsclicauyhjaa","createdAt":"2018-07-11T23:29:36.863Z","updatedAt":"2018-07-11T23:29:58.933Z","serviceBusEndpoint":"https://sb-std-nsclicauyhjaa.servicebus.windows.net:443/","status":"Active"}},{"sku":{"name":"Standard","tier":"Standard"},"id":"/subscriptions/00000000-0000-0000-0000-000000000000/resourceGroups/cli_test_sb_migrationzke7l7hq2hautzmapq36y6yrufnog74sxgwnlkn4oldluosftwbj3u/providers/Microsoft.ServiceBus/namespaces/sb-pre-nsclim6dwslug","name":"sb-pre-nsclim6dwslug","type":"Microsoft.ServiceBus/Namespaces","location":"North
        Central US","tags":{"{tag1: value1,":"","tag2: value2}":""},"properties":{"provisioningState":"Succeeded","metricId":"1196a38f-8e8a-4916-9056-787c19a53125:sb-pre-nsclim6dwslug","createdAt":"2018-07-13T19:02:35.913Z","updatedAt":"2018-07-13T19:08:07.747Z","serviceBusEndpoint":"https://sb-pre-nsclim6dwslug.servicebus.windows.net:443/","status":"Active"}},{"sku":{"name":"Premium","tier":"Premium","capacity":4},"id":"/subscriptions/00000000-0000-0000-0000-000000000000/resourceGroups/premium/providers/Microsoft.ServiceBus/namespaces/premium","name":"premium","type":"Microsoft.ServiceBus/Namespaces","location":"West
        US","tags":{},"properties":{"provisioningState":"Succeeded","metricId":"1196a38f-8e8a-4916-9056-787c19a53125:premium","createdAt":"2015-09-02T21:25:01.29Z","updatedAt":"2015-09-02T21:25:47.96Z","serviceBusEndpoint":"https://premium.servicebus.windows.net:443/","status":"Active"}},{"sku":{"name":"Standard","tier":"Standard"},"id":"/subscriptions/00000000-0000-0000-0000-000000000000/resourceGroups/cli_test_sb_aliasfzgwhqtdfcf4lgandagyf7merjynaniuoshz4uglzhn2pmkzrxnl5gwv43/providers/Microsoft.ServiceBus/namespaces/sb-pre-nscligucdljvf","name":"sb-pre-nscligucdljvf","type":"Microsoft.ServiceBus/Namespaces","location":"North
        Central US","tags":{"{tag2: value2,":"","tag1: value1}":""},"properties":{"provisioningState":"Succeeded","metricId":"1196a38f-8e8a-4916-9056-787c19a53125:sb-pre-nscligucdljvf","createdAt":"2018-07-13T00:07:18.27Z","updatedAt":"2018-07-13T00:14:22.683Z","serviceBusEndpoint":"https://sb-pre-nscligucdljvf.servicebus.windows.net:443/","status":"Active"}},{"sku":{"name":"Premium","tier":"Premium","capacity":1},"id":"/subscriptions/00000000-0000-0000-0000-000000000000/resourceGroups/Default-ServiceBus-NorthCentralUS/providers/Microsoft.ServiceBus/namespaces/rrama-premium-geodr-ncus","name":"rrama-premium-geodr-ncus","type":"Microsoft.ServiceBus/Namespaces","location":"North
        Central US","tags":{},"properties":{"provisioningState":"Succeeded","metricId":"1196a38f-8e8a-4916-9056-787c19a53125:rrama-premium-geodr-ncus","createdAt":"2017-09-22T16:08:12.843Z","updatedAt":"2018-03-13T02:06:01.96Z","serviceBusEndpoint":"https://rrama-premium-geodr-ncus.servicebus.windows.net:443/","status":"Active"}},{"sku":{"name":"Premium","tier":"Premium","capacity":4},"id":"/subscriptions/00000000-0000-0000-0000-000000000000/resourceGroups/Default-ServiceBus-EastAsia/providers/Microsoft.ServiceBus/namespaces/premiumeastasia","name":"premiumeastasia","type":"Microsoft.ServiceBus/Namespaces","location":"East
        Asia","tags":{},"properties":{"provisioningState":"Succeeded","metricId":"1196a38f-8e8a-4916-9056-787c19a53125:premiumeastasia","createdAt":"2015-12-17T22:59:07.717Z","updatedAt":"2015-12-17T22:59:57.123Z","serviceBusEndpoint":"https://premiumeastasia.servicebus.windows.net:443/","status":"Active"}},{"sku":{"name":"Premium","tier":"Premium","capacity":4},"id":"/subscriptions/00000000-0000-0000-0000-000000000000/resourceGroups/Default-ServiceBus-WestUS/providers/Microsoft.ServiceBus/namespaces/premium16","name":"premium16","type":"Microsoft.ServiceBus/Namespaces","location":"West
        US","tags":{},"properties":{"provisioningState":"Succeeded","metricId":"1196a38f-8e8a-4916-9056-787c19a53125:premium16","createdAt":"2015-10-29T22:25:14.677Z","updatedAt":"2017-01-12T23:24:54.063Z","serviceBusEndpoint":"https://premium16.servicebus.windows.net:443/","status":"Active"}},{"sku":{"name":"Premium","tier":"Premium","capacity":1},"id":"/subscriptions/00000000-0000-0000-0000-000000000000/resourceGroups/RGCLITestVM/providers/Microsoft.ServiceBus/namespaces/SBVirtualNetworkRuleNameNS","name":"SBVirtualNetworkRuleNameNS","type":"Microsoft.ServiceBus/Namespaces","location":"South
        Central US","tags":{},"properties":{"provisioningState":"Succeeded","metricId":"1196a38f-8e8a-4916-9056-787c19a53125:sbvirtualnetworkrulenamens","createdAt":"2018-06-26T21:14:34.623Z","updatedAt":"2018-06-26T21:15:43.853Z","serviceBusEndpoint":"https://SBVirtualNetworkRuleNameNS.servicebus.windows.net:443/","status":"Active"}},{"sku":{"name":"Standard","tier":"Standard"},"id":"/subscriptions/00000000-0000-0000-0000-000000000000/resourceGroups/Default-ServiceBus-SouthCentralUS/providers/Microsoft.ServiceBus/namespaces/TestingNSPremimum","name":"TestingNSPremimum","type":"Microsoft.ServiceBus/Namespaces","location":"South
        Central US","tags":{},"properties":{"provisioningState":"Succeeded","metricId":"1196a38f-8e8a-4916-9056-787c19a53125:testingnspremimum","createdAt":"2018-07-11T22:23:59.03Z","updatedAt":"2018-07-11T22:40:47.81Z","serviceBusEndpoint":"https://TestingNSPremimum.servicebus.windows.net:443/","status":"Active"}},{"sku":{"name":"Standard","tier":"Standard"},"id":"/subscriptions/00000000-0000-0000-0000-000000000000/resourceGroups/Default-ServiceBus-WestUS/providers/Microsoft.ServiceBus/namespaces/testamqp123","name":"testamqp123","type":"Microsoft.ServiceBus/Namespaces","location":"West
        US 2","tags":{},"properties":{"provisioningState":"Succeeded","metricId":"1196a38f-8e8a-4916-9056-787c19a53125:testamqp123","createdAt":"2016-10-21T21:55:42.713Z","updatedAt":"2017-08-17T22:04:13.8Z","serviceBusEndpoint":"https://testamqp123.servicebus.windows.net:443/","status":"Active"}},{"sku":{"name":"Premium","tier":"Premium","capacity":1},"id":"/subscriptions/00000000-0000-0000-0000-000000000000/resourceGroups/TestingAZ/providers/Microsoft.ServiceBus/namespaces/TestingSBAZNew","name":"TestingSBAZNew","type":"Microsoft.ServiceBus/Namespaces","location":"Central
        US","tags":{},"properties":{"provisioningState":"Succeeded","metricId":"1196a38f-8e8a-4916-9056-787c19a53125:testingsbaznew","createdAt":"2018-06-25T22:17:28Z","updatedAt":"2018-06-25T22:18:41.043Z","serviceBusEndpoint":"https://TestingSBAZNew.servicebus.windows.net:443/","status":"Active"}},{"sku":{"name":"Standard","tier":"Standard"},"id":"/subscriptions/00000000-0000-0000-0000-000000000000/resourceGroups/Default-ServiceBus-WestUS/providers/Microsoft.ServiceBus/namespaces/TestingSBArmNamespace1","name":"TestingSBArmNamespace1","type":"Microsoft.ServiceBus/Namespaces","location":"West
        US","tags":{},"properties":{"provisioningState":"Succeeded","metricId":"1196a38f-8e8a-4916-9056-787c19a53125:testingsbarmnamespace1","createdAt":"2017-06-23T01:48:12.05Z","updatedAt":"2017-06-23T02:02:48.76Z","serviceBusEndpoint":"https://TestingSBArmNamespace1.servicebus.windows.net:443/","status":"Active"}}]}'}
    headers:
      cache-control: [no-cache]
      content-length: ['31212']
      content-type: [application/json; charset=utf-8]
      date: ['Fri, 13 Jul 2018 21:46:21 GMT']
      expires: ['-1']
      pragma: [no-cache]
      server: [Service-Bus-Resource-Provider/CH3, Microsoft-HTTPAPI/2.0]
      server-sb: [Service-Bus-Resource-Provider/CH3]
      strict-transport-security: [max-age=31536000; includeSubDomains]
      transfer-encoding: [chunked]
      vary: [Accept-Encoding]
      x-content-type-options: [nosniff]
    status: {code: 200, message: OK}
- request:
    body: null
    headers:
      Accept: [application/json]
      Accept-Encoding: ['gzip, deflate']
      CommandName: [servicebus namespace list]
      Connection: [keep-alive]
      Content-Type: [application/json; charset=utf-8]
      User-Agent: [python/3.6.3 (Windows-10-10.0.17134-SP0) requests/2.18.4 msrest/0.5.2
          msrest_azure/0.4.34 azure-mgmt-servicebus/0.5.1 Azure-SDK-For-Python AZURECLI/2.0.41]
      accept-language: [en-US]
    method: GET
    uri: https://management.azure.com/subscriptions/00000000-0000-0000-0000-000000000000/resourceGroups/cli_test_sb_namespace000001/providers/Microsoft.ServiceBus/namespaces?api-version=2017-04-01
  response:
    body: {string: '{"value":[{"sku":{"name":"Standard","tier":"Standard"},"id":"/subscriptions/00000000-0000-0000-0000-000000000000/resourceGroups/cli_test_sb_namespace000001/providers/Microsoft.ServiceBus/namespaces/sb-nscli000002","name":"sb-nscli000002","type":"Microsoft.ServiceBus/Namespaces","location":"West
        US 2","tags":{"{tag1":"value1}"},"properties":{"provisioningState":"Succeeded","metricId":"1196a38f-8e8a-4916-9056-787c19a53125:sb-nscli000002","createdAt":"2018-07-13T21:44:59.007Z","updatedAt":"2018-07-13T21:45:50.75Z","serviceBusEndpoint":"https://sb-nscli000002.servicebus.windows.net:443/","status":"Active"}}]}'}
    headers:
      cache-control: [no-cache]
      content-length: ['684']
      content-type: [application/json; charset=utf-8]
      date: ['Fri, 13 Jul 2018 21:46:22 GMT']
      expires: ['-1']
      pragma: [no-cache]
      server: [Service-Bus-Resource-Provider/CH3, Microsoft-HTTPAPI/2.0]
      server-sb: [Service-Bus-Resource-Provider/CH3]
      strict-transport-security: [max-age=31536000; includeSubDomains]
      transfer-encoding: [chunked]
      vary: [Accept-Encoding]
      x-content-type-options: [nosniff]
    status: {code: 200, message: OK}
- request:
    body: '{"properties": {"rights": ["Send"]}}'
    headers:
      Accept: [application/json]
      Accept-Encoding: ['gzip, deflate']
      CommandName: [servicebus namespace authorization-rule create]
      Connection: [keep-alive]
      Content-Length: ['36']
      Content-Type: [application/json; charset=utf-8]
      User-Agent: [python/3.6.3 (Windows-10-10.0.17134-SP0) requests/2.18.4 msrest/0.5.2
          msrest_azure/0.4.34 azure-mgmt-servicebus/0.5.1 Azure-SDK-For-Python AZURECLI/2.0.41]
      accept-language: [en-US]
    method: PUT
    uri: https://management.azure.com/subscriptions/00000000-0000-0000-0000-000000000000/resourceGroups/cli_test_sb_namespace000001/providers/Microsoft.ServiceBus/namespaces/sb-nscli000002/AuthorizationRules/cliAutho000003?api-version=2017-04-01
  response:
    body: {string: '{"id":"/subscriptions/00000000-0000-0000-0000-000000000000/resourceGroups/cli_test_sb_namespace000001/providers/Microsoft.ServiceBus/namespaces/sb-nscli000002/AuthorizationRules/cliAutho000003","name":"cliAutho000003","type":"","location":"West
        US 2","properties":{"rights":["Send"]}}'}
    headers:
      cache-control: [no-cache]
      content-length: ['350']
      content-type: [application/json; charset=utf-8]
      date: ['Fri, 13 Jul 2018 21:46:39 GMT']
      expires: ['-1']
      pragma: [no-cache]
      server: [Service-Bus-Resource-Provider/CH3, Microsoft-HTTPAPI/2.0]
      server-sb: [Service-Bus-Resource-Provider/CH3]
      strict-transport-security: [max-age=31536000; includeSubDomains]
      transfer-encoding: [chunked]
      vary: [Accept-Encoding]
      x-content-type-options: [nosniff]
      x-ms-ratelimit-remaining-subscription-writes: ['1196']
    status: {code: 200, message: OK}
- request:
    body: null
    headers:
      Accept: [application/json]
      Accept-Encoding: ['gzip, deflate']
      CommandName: [servicebus namespace authorization-rule show]
      Connection: [keep-alive]
      Content-Type: [application/json; charset=utf-8]
      User-Agent: [python/3.6.3 (Windows-10-10.0.17134-SP0) requests/2.18.4 msrest/0.5.2
          msrest_azure/0.4.34 azure-mgmt-servicebus/0.5.1 Azure-SDK-For-Python AZURECLI/2.0.41]
      accept-language: [en-US]
    method: GET
    uri: https://management.azure.com/subscriptions/00000000-0000-0000-0000-000000000000/resourceGroups/cli_test_sb_namespace000001/providers/Microsoft.ServiceBus/namespaces/sb-nscli000002/AuthorizationRules/cliAutho000003?api-version=2017-04-01
  response:
    body: {string: '{"id":"/subscriptions/00000000-0000-0000-0000-000000000000/resourceGroups/cli_test_sb_namespace000001/providers/Microsoft.ServiceBus/namespaces/sb-nscli000002/AuthorizationRules/cliAutho000003","name":"cliAutho000003","type":"","location":"West
        US 2","properties":{"rights":["Send"]}}'}
    headers:
      cache-control: [no-cache]
      content-length: ['350']
      content-type: [application/json; charset=utf-8]
      date: ['Fri, 13 Jul 2018 21:46:40 GMT']
      expires: ['-1']
      pragma: [no-cache]
      server: [Service-Bus-Resource-Provider/CH3, Microsoft-HTTPAPI/2.0]
      server-sb: [Service-Bus-Resource-Provider/CH3]
      strict-transport-security: [max-age=31536000; includeSubDomains]
      transfer-encoding: [chunked]
      vary: [Accept-Encoding]
      x-content-type-options: [nosniff]
    status: {code: 200, message: OK}
- request:
    body: '{"properties": {"rights": ["Listen"]}}'
    headers:
      Accept: [application/json]
      Accept-Encoding: ['gzip, deflate']
      CommandName: [servicebus namespace authorization-rule create]
      Connection: [keep-alive]
      Content-Length: ['38']
      Content-Type: [application/json; charset=utf-8]
      User-Agent: [python/3.6.3 (Windows-10-10.0.17134-SP0) requests/2.18.4 msrest/0.5.2
          msrest_azure/0.4.34 azure-mgmt-servicebus/0.5.1 Azure-SDK-For-Python AZURECLI/2.0.41]
      accept-language: [en-US]
    method: PUT
    uri: https://management.azure.com/subscriptions/00000000-0000-0000-0000-000000000000/resourceGroups/cli_test_sb_namespace000001/providers/Microsoft.ServiceBus/namespaces/sb-nscli000002/AuthorizationRules/cliAutho000003?api-version=2017-04-01
  response:
    body: {string: '{"id":"/subscriptions/00000000-0000-0000-0000-000000000000/resourceGroups/cli_test_sb_namespace000001/providers/Microsoft.ServiceBus/namespaces/sb-nscli000002/AuthorizationRules/cliAutho000003","name":"cliAutho000003","type":"","location":"West
        US 2","properties":{"rights":["Listen"]}}'}
    headers:
      cache-control: [no-cache]
      content-length: ['352']
      content-type: [application/json; charset=utf-8]
      date: ['Fri, 13 Jul 2018 21:47:00 GMT']
      expires: ['-1']
      pragma: [no-cache]
      server: [Service-Bus-Resource-Provider/CH3, Microsoft-HTTPAPI/2.0]
      server-sb: [Service-Bus-Resource-Provider/CH3]
      strict-transport-security: [max-age=31536000; includeSubDomains]
      transfer-encoding: [chunked]
      vary: [Accept-Encoding]
      x-content-type-options: [nosniff]
      x-ms-ratelimit-remaining-subscription-writes: ['1196']
    status: {code: 200, message: OK}
- request:
    body: null
    headers:
      Accept: [application/json]
      Accept-Encoding: ['gzip, deflate']
      CommandName: [servicebus namespace authorization-rule show]
      Connection: [keep-alive]
      Content-Type: [application/json; charset=utf-8]
      User-Agent: [python/3.6.3 (Windows-10-10.0.17134-SP0) requests/2.18.4 msrest/0.5.2
          msrest_azure/0.4.34 azure-mgmt-servicebus/0.5.1 Azure-SDK-For-Python AZURECLI/2.0.41]
      accept-language: [en-US]
    method: GET
    uri: https://management.azure.com/subscriptions/00000000-0000-0000-0000-000000000000/resourceGroups/cli_test_sb_namespace000001/providers/Microsoft.ServiceBus/namespaces/sb-nscli000002/AuthorizationRules/RootManageSharedAccessKey?api-version=2017-04-01
  response:
    body: {string: '{"id":"/subscriptions/00000000-0000-0000-0000-000000000000/resourceGroups/cli_test_sb_namespace000001/providers/Microsoft.ServiceBus/namespaces/sb-nscli000002/AuthorizationRules/RootManageSharedAccessKey","name":"RootManageSharedAccessKey","type":"","location":"West
        US 2","properties":{"rights":["Listen","Manage","Send"]}}'}
    headers:
      cache-control: [no-cache]
      content-length: ['378']
      content-type: [application/json; charset=utf-8]
      date: ['Fri, 13 Jul 2018 21:47:02 GMT']
      expires: ['-1']
      pragma: [no-cache]
      server: [Service-Bus-Resource-Provider/CH3, Microsoft-HTTPAPI/2.0]
      server-sb: [Service-Bus-Resource-Provider/CH3]
      strict-transport-security: [max-age=31536000; includeSubDomains]
      transfer-encoding: [chunked]
      vary: [Accept-Encoding]
      x-content-type-options: [nosniff]
    status: {code: 200, message: OK}
- request:
    body: null
    headers:
      Accept: [application/json]
      Accept-Encoding: ['gzip, deflate']
      CommandName: [servicebus namespace authorization-rule keys list]
      Connection: [keep-alive]
      Content-Length: ['0']
      Content-Type: [application/json; charset=utf-8]
      User-Agent: [python/3.6.3 (Windows-10-10.0.17134-SP0) requests/2.18.4 msrest/0.5.2
          msrest_azure/0.4.34 azure-mgmt-servicebus/0.5.1 Azure-SDK-For-Python AZURECLI/2.0.41]
      accept-language: [en-US]
    method: POST
    uri: https://management.azure.com/subscriptions/00000000-0000-0000-0000-000000000000/resourceGroups/cli_test_sb_namespace000001/providers/Microsoft.ServiceBus/namespaces/sb-nscli000002/AuthorizationRules/cliAutho000003/listKeys?api-version=2017-04-01
  response:
    body: {string: '{"primaryConnectionString":"Endpoint=sb://sb-nscli000002.servicebus.windows.net/;SharedAccessKeyName=cliAutho000003;SharedAccessKey=pdlRwLkgPLupUSsLWiy13gcu3KaIOXdJuSKUbuSUzZY=","secondaryConnectionString":"Endpoint=sb://sb-nscli000002.servicebus.windows.net/;SharedAccessKeyName=cliAutho000003;SharedAccessKey=4qaQP4gz2wHGAqlmrfdhZsGeLF9x2qxNu4Cs68IBoFE=","primaryKey":"pdlRwLkgPLupUSsLWiy13gcu3KaIOXdJuSKUbuSUzZY=","secondaryKey":"4qaQP4gz2wHGAqlmrfdhZsGeLF9x2qxNu4Cs68IBoFE=","keyName":"cliAutho000003"}'}
    headers:
      cache-control: [no-cache]
      content-length: ['536']
      content-type: [application/json; charset=utf-8]
      date: ['Fri, 13 Jul 2018 21:47:03 GMT']
      expires: ['-1']
      pragma: [no-cache]
      server: [Service-Bus-Resource-Provider/CH3, Microsoft-HTTPAPI/2.0]
      server-sb: [Service-Bus-Resource-Provider/CH3]
      strict-transport-security: [max-age=31536000; includeSubDomains]
      transfer-encoding: [chunked]
      vary: [Accept-Encoding]
      x-content-type-options: [nosniff]
      x-ms-ratelimit-remaining-subscription-writes: ['1195']
    status: {code: 200, message: OK}
- request:
    body: '{"keyType": "PrimaryKey"}'
    headers:
      Accept: [application/json]
      Accept-Encoding: ['gzip, deflate']
      CommandName: [servicebus namespace authorization-rule keys renew]
      Connection: [keep-alive]
      Content-Length: ['25']
      Content-Type: [application/json; charset=utf-8]
      User-Agent: [python/3.6.3 (Windows-10-10.0.17134-SP0) requests/2.18.4 msrest/0.5.2
          msrest_azure/0.4.34 azure-mgmt-servicebus/0.5.1 Azure-SDK-For-Python AZURECLI/2.0.41]
      accept-language: [en-US]
    method: POST
    uri: https://management.azure.com/subscriptions/00000000-0000-0000-0000-000000000000/resourceGroups/cli_test_sb_namespace000001/providers/Microsoft.ServiceBus/namespaces/sb-nscli000002/AuthorizationRules/cliAutho000003/regenerateKeys?api-version=2017-04-01
  response:
    body: {string: '{"primaryConnectionString":"Endpoint=sb://sb-nscli000002.servicebus.windows.net/;SharedAccessKeyName=cliAutho000003;SharedAccessKey=G41dfVCjKUQyeFSkUOs9Kyg/54WMAW5B9w5Dac3jwbA=","secondaryConnectionString":"Endpoint=sb://sb-nscli000002.servicebus.windows.net/;SharedAccessKeyName=cliAutho000003;SharedAccessKey=4qaQP4gz2wHGAqlmrfdhZsGeLF9x2qxNu4Cs68IBoFE=","primaryKey":"G41dfVCjKUQyeFSkUOs9Kyg/54WMAW5B9w5Dac3jwbA=","secondaryKey":"4qaQP4gz2wHGAqlmrfdhZsGeLF9x2qxNu4Cs68IBoFE=","keyName":"cliAutho000003"}'}
    headers:
      cache-control: [no-cache]
      content-length: ['536']
      content-type: [application/json; charset=utf-8]
      date: ['Fri, 13 Jul 2018 21:47:20 GMT']
      expires: ['-1']
      pragma: [no-cache]
      server: [Service-Bus-Resource-Provider/CH3, Microsoft-HTTPAPI/2.0]
      server-sb: [Service-Bus-Resource-Provider/CH3]
      strict-transport-security: [max-age=31536000; includeSubDomains]
      transfer-encoding: [chunked]
      vary: [Accept-Encoding]
      x-content-type-options: [nosniff]
      x-ms-ratelimit-remaining-subscription-writes: ['1196']
    status: {code: 200, message: OK}
- request:
    body: '{"keyType": "SecondaryKey"}'
    headers:
      Accept: [application/json]
      Accept-Encoding: ['gzip, deflate']
      CommandName: [servicebus namespace authorization-rule keys renew]
      Connection: [keep-alive]
      Content-Length: ['27']
      Content-Type: [application/json; charset=utf-8]
      User-Agent: [python/3.6.3 (Windows-10-10.0.17134-SP0) requests/2.18.4 msrest/0.5.2
          msrest_azure/0.4.34 azure-mgmt-servicebus/0.5.1 Azure-SDK-For-Python AZURECLI/2.0.41]
      accept-language: [en-US]
    method: POST
    uri: https://management.azure.com/subscriptions/00000000-0000-0000-0000-000000000000/resourceGroups/cli_test_sb_namespace000001/providers/Microsoft.ServiceBus/namespaces/sb-nscli000002/AuthorizationRules/cliAutho000003/regenerateKeys?api-version=2017-04-01
  response:
    body: {string: '{"primaryConnectionString":"Endpoint=sb://sb-nscli000002.servicebus.windows.net/;SharedAccessKeyName=cliAutho000003;SharedAccessKey=G41dfVCjKUQyeFSkUOs9Kyg/54WMAW5B9w5Dac3jwbA=","secondaryConnectionString":"Endpoint=sb://sb-nscli000002.servicebus.windows.net/;SharedAccessKeyName=cliAutho000003;SharedAccessKey=7P6xMNCn6hi305qQ9qP4i8WH4yD3vL1KsrMulST4Lkg=","primaryKey":"G41dfVCjKUQyeFSkUOs9Kyg/54WMAW5B9w5Dac3jwbA=","secondaryKey":"7P6xMNCn6hi305qQ9qP4i8WH4yD3vL1KsrMulST4Lkg=","keyName":"cliAutho000003"}'}
    headers:
      cache-control: [no-cache]
      content-length: ['536']
      content-type: [application/json; charset=utf-8]
      date: ['Fri, 13 Jul 2018 21:47:51 GMT']
      expires: ['-1']
      pragma: [no-cache]
      server: [Service-Bus-Resource-Provider/CH3, Microsoft-HTTPAPI/2.0]
      server-sb: [Service-Bus-Resource-Provider/CH3]
      strict-transport-security: [max-age=31536000; includeSubDomains]
      transfer-encoding: [chunked]
      vary: [Accept-Encoding]
      x-content-type-options: [nosniff]
      x-ms-ratelimit-remaining-subscription-writes: ['1198']
    status: {code: 200, message: OK}
- request:
    body: null
    headers:
      Accept: [application/json]
      Accept-Encoding: ['gzip, deflate']
      CommandName: [servicebus namespace authorization-rule delete]
      Connection: [keep-alive]
      Content-Length: ['0']
      Content-Type: [application/json; charset=utf-8]
      User-Agent: [python/3.6.3 (Windows-10-10.0.17134-SP0) requests/2.18.4 msrest/0.5.2
          msrest_azure/0.4.34 azure-mgmt-servicebus/0.5.1 Azure-SDK-For-Python AZURECLI/2.0.41]
      accept-language: [en-US]
    method: DELETE
    uri: https://management.azure.com/subscriptions/00000000-0000-0000-0000-000000000000/resourceGroups/cli_test_sb_namespace000001/providers/Microsoft.ServiceBus/namespaces/sb-nscli000002/AuthorizationRules/cliAutho000003?api-version=2017-04-01
  response:
    body: {string: ''}
    headers:
      cache-control: [no-cache]
      content-length: ['0']
      date: ['Fri, 13 Jul 2018 21:48:08 GMT']
      expires: ['-1']
      pragma: [no-cache]
      server: [Service-Bus-Resource-Provider/CH3, Microsoft-HTTPAPI/2.0]
      server-sb: [Service-Bus-Resource-Provider/CH3]
      strict-transport-security: [max-age=31536000; includeSubDomains]
      x-content-type-options: [nosniff]
      x-ms-ratelimit-remaining-subscription-deletes: ['14999']
    status: {code: 200, message: OK}
- request:
    body: null
    headers:
      Accept: [application/json]
      Accept-Encoding: ['gzip, deflate']
      CommandName: [servicebus namespace delete]
      Connection: [keep-alive]
      Content-Length: ['0']
      Content-Type: [application/json; charset=utf-8]
      User-Agent: [python/3.6.3 (Windows-10-10.0.17134-SP0) requests/2.18.4 msrest/0.5.2
          msrest_azure/0.4.34 azure-mgmt-servicebus/0.5.1 Azure-SDK-For-Python AZURECLI/2.0.41]
      accept-language: [en-US]
    method: DELETE
    uri: https://management.azure.com/subscriptions/00000000-0000-0000-0000-000000000000/resourceGroups/cli_test_sb_namespace000001/providers/Microsoft.ServiceBus/namespaces/sb-nscli000002?api-version=2017-04-01
  response:
    body: {string: ''}
    headers:
      cache-control: [no-cache]
      content-length: ['0']
      date: ['Fri, 13 Jul 2018 21:48:10 GMT']
      expires: ['-1']
      location: ['https://management.azure.com/subscriptions/00000000-0000-0000-0000-000000000000/resourceGroups/cli_test_sb_namespace000001/providers/Microsoft.ServiceBus/namespaces/sb-nscli000002/operationresults/sb-nscli000002?api-version=2017-04-01']
      pragma: [no-cache]
      server: [Service-Bus-Resource-Provider/CH3, Microsoft-HTTPAPI/2.0]
      server-sb: [Service-Bus-Resource-Provider/CH3]
      strict-transport-security: [max-age=31536000; includeSubDomains]
      x-content-type-options: [nosniff]
      x-ms-ratelimit-remaining-subscription-deletes: ['14999']
    status: {code: 202, message: Accepted}
- request:
    body: null
    headers:
      Accept: [application/json]
      Accept-Encoding: ['gzip, deflate']
      CommandName: [servicebus namespace delete]
      Connection: [keep-alive]
      User-Agent: [python/3.6.3 (Windows-10-10.0.17134-SP0) requests/2.18.4 msrest/0.5.2
          msrest_azure/0.4.34 azure-mgmt-servicebus/0.5.1 Azure-SDK-For-Python AZURECLI/2.0.41]
    method: GET
    uri: https://management.azure.com/subscriptions/00000000-0000-0000-0000-000000000000/resourceGroups/cli_test_sb_namespace000001/providers/Microsoft.ServiceBus/namespaces/sb-nscli000002/operationresults/sb-nscli000002?api-version=2017-04-01
  response:
    body: {string: ''}
    headers:
      cache-control: [no-cache]
      content-length: ['0']
      date: ['Fri, 13 Jul 2018 21:48:40 GMT']
      expires: ['-1']
      pragma: [no-cache]
      server: [Service-Bus-Resource-Provider/CH3, Microsoft-HTTPAPI/2.0]
      server-sb: [Service-Bus-Resource-Provider/CH3]
      strict-transport-security: [max-age=31536000; includeSubDomains]
      x-content-type-options: [nosniff]
    status: {code: 200, message: OK}
- request:
    body: null
    headers:
      Accept: [application/json]
      Accept-Encoding: ['gzip, deflate']
      CommandName: [group delete]
      Connection: [keep-alive]
      Content-Length: ['0']
      Content-Type: [application/json; charset=utf-8]
      User-Agent: [python/3.6.3 (Windows-10-10.0.17134-SP0) requests/2.18.4 msrest/0.5.2
          msrest_azure/0.4.34 resourcemanagementclient/2.0.0rc2 Azure-SDK-For-Python
          AZURECLI/2.0.41]
      accept-language: [en-US]
    method: DELETE
    uri: https://management.azure.com/subscriptions/00000000-0000-0000-0000-000000000000/resourcegroups/cli_test_sb_namespace000001?api-version=2018-05-01
  response:
    body: {string: ''}
    headers:
      cache-control: [no-cache]
      content-length: ['0']
      date: ['Fri, 13 Jul 2018 21:48:41 GMT']
      expires: ['-1']
      location: ['https://management.azure.com/subscriptions/00000000-0000-0000-0000-000000000000/operationresults/eyJqb2JJZCI6IlJFU09VUkNFR1JPVVBERUxFVElPTkpPQi1DTEk6NUZURVNUOjVGU0I6NUZOQU1FU1BBQ0VPNk9HSEVIU01OTktPWUxQNEtBRHxGQzc1ODkzQjMwNzMxQ0VCLVdFU1RVUyIsImpvYkxvY2F0aW9uIjoid2VzdHVzIn0?api-version=2018-05-01']
      pragma: [no-cache]
      strict-transport-security: [max-age=31536000; includeSubDomains]
      x-content-type-options: [nosniff]
      x-ms-ratelimit-remaining-subscription-deletes: ['14999']
    status: {code: 202, message: Accepted}
version: 1
