interactions:
- request:
    body: '{"location": "westus", "tags": {"product": "azurecli", "cause": "automation",
      "date": "2018-04-11T01:29:29Z"}}'
    headers:
      Accept: [application/json]
      Accept-Encoding: ['gzip, deflate']
      CommandName: [group create]
      Connection: [keep-alive]
      Content-Length: ['110']
      Content-Type: [application/json; charset=utf-8]
      User-Agent: [python/3.6.4 (Windows-10-10.0.16299-SP0) requests/2.18.4 msrest/0.4.27
          msrest_azure/0.4.25 resourcemanagementclient/1.2.1 Azure-SDK-For-Python
          AZURECLI/2.0.32]
      accept-language: [en-US]
    method: PUT
    uri: https://management.azure.com/subscriptions/00000000-0000-0000-0000-000000000000/resourcegroups/cli_test_sb_alias000001?api-version=2018-05-01
  response:
    body: {string: '{"id":"/subscriptions/00000000-0000-0000-0000-000000000000/resourceGroups/cli_test_sb_alias000001","name":"cli_test_sb_alias000001","location":"westus","tags":{"product":"azurecli","cause":"automation","date":"2018-04-11T01:29:29Z"},"properties":{"provisioningState":"Succeeded"}}'}
    headers:
      cache-control: [no-cache]
      content-length: ['384']
      content-type: [application/json; charset=utf-8]
      date: ['Wed, 11 Apr 2018 01:29:34 GMT']
      expires: ['-1']
      pragma: [no-cache]
      strict-transport-security: [max-age=31536000; includeSubDomains]
      x-content-type-options: [nosniff]
      x-ms-ratelimit-remaining-subscription-writes: ['1199']
    status: {code: 201, message: Created}
- request:
    body: 'b''{"name": "sb-nscli000002"}'''
    headers:
      Accept: [application/json]
      Accept-Encoding: ['gzip, deflate']
      CommandName: [servicebus namespace exists]
      Connection: [keep-alive]
      Content-Length: ['32']
      Content-Type: [application/json; charset=utf-8]
      User-Agent: [python/3.6.4 (Windows-10-10.0.16299-SP0) requests/2.18.4 msrest/0.4.27
          msrest_azure/0.4.25 azure-mgmt-servicebus/0.4.0 Azure-SDK-For-Python AZURECLI/2.0.32]
      accept-language: [en-US]
    method: POST
    uri: https://management.azure.com/subscriptions/00000000-0000-0000-0000-000000000000/providers/Microsoft.ServiceBus/CheckNameAvailability?api-version=2017-04-01
  response:
    body: {string: '{"nameAvailable":true,"reason":"None","message":null}'}
    headers:
      cache-control: [no-cache]
      content-length: ['53']
      content-type: [application/json; charset=utf-8]
      date: ['Wed, 11 Apr 2018 01:29:35 GMT']
      expires: ['-1']
      pragma: [no-cache]
      server: [Service-Bus-Resource-Provider/CH3, Microsoft-HTTPAPI/2.0]
      server-sb: [Service-Bus-Resource-Provider/CH3]
      strict-transport-security: [max-age=31536000; includeSubDomains]
      transfer-encoding: [chunked]
      vary: [Accept-Encoding]
      x-content-type-options: [nosniff]
      x-ms-ratelimit-remaining-subscription-writes: ['1199']
    status: {code: 200, message: OK}
- request:
    body: '{"location": "SouthCentralUS", "tags": {"{tag1: value1,": "", "tag2: value2}":
      ""}, "sku": {"name": "Premium", "tier": "Premium"}}'
    headers:
      Accept: [application/json]
      Accept-Encoding: ['gzip, deflate']
      CommandName: [servicebus namespace create]
      Connection: [keep-alive]
      Content-Length: ['130']
      Content-Type: [application/json; charset=utf-8]
      User-Agent: [python/3.6.4 (Windows-10-10.0.16299-SP0) requests/2.18.4 msrest/0.4.27
          msrest_azure/0.4.25 azure-mgmt-servicebus/0.4.0 Azure-SDK-For-Python AZURECLI/2.0.32]
      accept-language: [en-US]
    method: PUT
    uri: https://management.azure.com/subscriptions/00000000-0000-0000-0000-000000000000/resourceGroups/cli_test_sb_alias000001/providers/Microsoft.ServiceBus/namespaces/sb-nscli000002?api-version=2017-04-01
  response:
    body: {string: '{"sku":{"name":"Premium","tier":"Premium","capacity":1},"id":"/subscriptions/00000000-0000-0000-0000-000000000000/resourceGroups/cli_test_sb_alias000001/providers/Microsoft.ServiceBus/namespaces/sb-nscli000002","name":"sb-nscli000002","type":"Microsoft.ServiceBus/Namespaces","location":"South
        Central US","tags":{"{tag1: value1,":"","tag2: value2}":""},"properties":{"provisioningState":"Created","metricId":"55f3dcd4-cac7-43b4-990b-a139d62a1eb2:sb-nscli000002","createdAt":"2018-04-11T01:29:37.47Z","updatedAt":"2018-04-11T01:29:37.47Z","serviceBusEndpoint":"https://sb-nscli000002.servicebus.windows.net:443/","status":"Activating"}}'}
    headers:
      cache-control: [no-cache]
      content-length: ['712']
      content-type: [application/json; charset=utf-8]
      date: ['Wed, 11 Apr 2018 01:29:37 GMT']
      expires: ['-1']
      pragma: [no-cache]
      server: [Service-Bus-Resource-Provider/CH3, Microsoft-HTTPAPI/2.0]
      server-sb: [Service-Bus-Resource-Provider/CH3]
      strict-transport-security: [max-age=31536000; includeSubDomains]
      transfer-encoding: [chunked]
      vary: [Accept-Encoding]
      x-content-type-options: [nosniff]
      x-ms-ratelimit-remaining-subscription-writes: ['1198']
    status: {code: 200, message: OK}
- request:
    body: null
    headers:
      Accept: [application/json]
      Accept-Encoding: ['gzip, deflate']
      CommandName: [servicebus namespace create]
      Connection: [keep-alive]
      Content-Type: [application/json; charset=utf-8]
      User-Agent: [python/3.6.4 (Windows-10-10.0.16299-SP0) requests/2.18.4 msrest/0.4.27
          msrest_azure/0.4.25 azure-mgmt-servicebus/0.4.0 Azure-SDK-For-Python AZURECLI/2.0.32]
      accept-language: [en-US]
    method: GET
    uri: https://management.azure.com/subscriptions/00000000-0000-0000-0000-000000000000/resourceGroups/cli_test_sb_alias000001/providers/Microsoft.ServiceBus/namespaces/sb-nscli000002?api-version=2017-04-01
  response:
    body: {string: '{"sku":{"name":"Premium","tier":"Premium","capacity":1},"id":"/subscriptions/00000000-0000-0000-0000-000000000000/resourceGroups/cli_test_sb_alias000001/providers/Microsoft.ServiceBus/namespaces/sb-nscli000002","name":"sb-nscli000002","type":"Microsoft.ServiceBus/Namespaces","location":"South
        Central US","tags":{"{tag1: value1,":"","tag2: value2}":""},"properties":{"provisioningState":"Created","metricId":"55f3dcd4-cac7-43b4-990b-a139d62a1eb2:sb-nscli000002","createdAt":"2018-04-11T01:29:37.47Z","updatedAt":"2018-04-11T01:29:37.47Z","serviceBusEndpoint":"https://sb-nscli000002.servicebus.windows.net:443/","status":"Activating"}}'}
    headers:
      cache-control: [no-cache]
      content-length: ['712']
      content-type: [application/json; charset=utf-8]
      date: ['Wed, 11 Apr 2018 01:30:08 GMT']
      expires: ['-1']
      pragma: [no-cache]
      server: [Service-Bus-Resource-Provider/CH3, Microsoft-HTTPAPI/2.0]
      server-sb: [Service-Bus-Resource-Provider/CH3]
      strict-transport-security: [max-age=31536000; includeSubDomains]
      transfer-encoding: [chunked]
      vary: [Accept-Encoding]
      x-content-type-options: [nosniff]
    status: {code: 200, message: OK}
- request:
    body: null
    headers:
      Accept: [application/json]
      Accept-Encoding: ['gzip, deflate']
      CommandName: [servicebus namespace create]
      Connection: [keep-alive]
      Content-Type: [application/json; charset=utf-8]
      User-Agent: [python/3.6.4 (Windows-10-10.0.16299-SP0) requests/2.18.4 msrest/0.4.27
          msrest_azure/0.4.25 azure-mgmt-servicebus/0.4.0 Azure-SDK-For-Python AZURECLI/2.0.32]
      accept-language: [en-US]
    method: GET
    uri: https://management.azure.com/subscriptions/00000000-0000-0000-0000-000000000000/resourceGroups/cli_test_sb_alias000001/providers/Microsoft.ServiceBus/namespaces/sb-nscli000002?api-version=2017-04-01
  response:
    body: {string: '{"sku":{"name":"Premium","tier":"Premium","capacity":1},"id":"/subscriptions/00000000-0000-0000-0000-000000000000/resourceGroups/cli_test_sb_alias000001/providers/Microsoft.ServiceBus/namespaces/sb-nscli000002","name":"sb-nscli000002","type":"Microsoft.ServiceBus/Namespaces","location":"South
        Central US","tags":{"{tag1: value1,":"","tag2: value2}":""},"properties":{"provisioningState":"Created","metricId":"55f3dcd4-cac7-43b4-990b-a139d62a1eb2:sb-nscli000002","createdAt":"2018-04-11T01:29:37.47Z","updatedAt":"2018-04-11T01:29:37.47Z","serviceBusEndpoint":"https://sb-nscli000002.servicebus.windows.net:443/","status":"Activating"}}'}
    headers:
      cache-control: [no-cache]
      content-length: ['712']
      content-type: [application/json; charset=utf-8]
      date: ['Wed, 11 Apr 2018 01:30:40 GMT']
      expires: ['-1']
      pragma: [no-cache]
      server: [Service-Bus-Resource-Provider/CH3, Microsoft-HTTPAPI/2.0]
      server-sb: [Service-Bus-Resource-Provider/CH3]
      strict-transport-security: [max-age=31536000; includeSubDomains]
      transfer-encoding: [chunked]
      vary: [Accept-Encoding]
      x-content-type-options: [nosniff]
    status: {code: 200, message: OK}
- request:
    body: null
    headers:
      Accept: [application/json]
      Accept-Encoding: ['gzip, deflate']
      CommandName: [servicebus namespace create]
      Connection: [keep-alive]
      Content-Type: [application/json; charset=utf-8]
      User-Agent: [python/3.6.4 (Windows-10-10.0.16299-SP0) requests/2.18.4 msrest/0.4.27
          msrest_azure/0.4.25 azure-mgmt-servicebus/0.4.0 Azure-SDK-For-Python AZURECLI/2.0.32]
      accept-language: [en-US]
    method: GET
    uri: https://management.azure.com/subscriptions/00000000-0000-0000-0000-000000000000/resourceGroups/cli_test_sb_alias000001/providers/Microsoft.ServiceBus/namespaces/sb-nscli000002?api-version=2017-04-01
  response:
    body: {string: '{"sku":{"name":"Premium","tier":"Premium","capacity":1},"id":"/subscriptions/00000000-0000-0000-0000-000000000000/resourceGroups/cli_test_sb_alias000001/providers/Microsoft.ServiceBus/namespaces/sb-nscli000002","name":"sb-nscli000002","type":"Microsoft.ServiceBus/Namespaces","location":"South
        Central US","tags":{"{tag1: value1,":"","tag2: value2}":""},"properties":{"provisioningState":"Succeeded","metricId":"55f3dcd4-cac7-43b4-990b-a139d62a1eb2:sb-nscli000002","createdAt":"2018-04-11T01:29:37.47Z","updatedAt":"2018-04-11T01:30:47.653Z","serviceBusEndpoint":"https://sb-nscli000002.servicebus.windows.net:443/","status":"Active"}}'}
    headers:
      cache-control: [no-cache]
      content-length: ['711']
      content-type: [application/json; charset=utf-8]
      date: ['Wed, 11 Apr 2018 01:31:11 GMT']
      expires: ['-1']
      pragma: [no-cache]
      server: [Service-Bus-Resource-Provider/CH3, Microsoft-HTTPAPI/2.0]
      server-sb: [Service-Bus-Resource-Provider/CH3]
      strict-transport-security: [max-age=31536000; includeSubDomains]
      transfer-encoding: [chunked]
      vary: [Accept-Encoding]
      x-content-type-options: [nosniff]
    status: {code: 200, message: OK}
- request:
    body: null
    headers:
      Accept: [application/json]
      Accept-Encoding: ['gzip, deflate']
      CommandName: [servicebus namespace show]
      Connection: [keep-alive]
      Content-Type: [application/json; charset=utf-8]
      User-Agent: [python/3.6.4 (Windows-10-10.0.16299-SP0) requests/2.18.4 msrest/0.4.27
          msrest_azure/0.4.25 azure-mgmt-servicebus/0.4.0 Azure-SDK-For-Python AZURECLI/2.0.32]
      accept-language: [en-US]
    method: GET
    uri: https://management.azure.com/subscriptions/00000000-0000-0000-0000-000000000000/resourceGroups/cli_test_sb_alias000001/providers/Microsoft.ServiceBus/namespaces/sb-nscli000002?api-version=2017-04-01
  response:
    body: {string: '{"sku":{"name":"Premium","tier":"Premium","capacity":1},"id":"/subscriptions/00000000-0000-0000-0000-000000000000/resourceGroups/cli_test_sb_alias000001/providers/Microsoft.ServiceBus/namespaces/sb-nscli000002","name":"sb-nscli000002","type":"Microsoft.ServiceBus/Namespaces","location":"South
        Central US","tags":{"{tag1: value1,":"","tag2: value2}":""},"properties":{"provisioningState":"Succeeded","metricId":"55f3dcd4-cac7-43b4-990b-a139d62a1eb2:sb-nscli000002","createdAt":"2018-04-11T01:29:37.47Z","updatedAt":"2018-04-11T01:30:47.653Z","serviceBusEndpoint":"https://sb-nscli000002.servicebus.windows.net:443/","status":"Active"}}'}
    headers:
      cache-control: [no-cache]
      content-length: ['711']
      content-type: [application/json; charset=utf-8]
      date: ['Wed, 11 Apr 2018 01:31:12 GMT']
      expires: ['-1']
      pragma: [no-cache]
      server: [Service-Bus-Resource-Provider/CH3, Microsoft-HTTPAPI/2.0]
      server-sb: [Service-Bus-Resource-Provider/CH3]
      strict-transport-security: [max-age=31536000; includeSubDomains]
      transfer-encoding: [chunked]
      vary: [Accept-Encoding]
      x-content-type-options: [nosniff]
    status: {code: 200, message: OK}
- request:
    body: '{"location": "NorthCentralUS", "tags": {"{tag1: value1,": "", "tag2: value2}":
      ""}, "sku": {"name": "Premium", "tier": "Premium"}}'
    headers:
      Accept: [application/json]
      Accept-Encoding: ['gzip, deflate']
      CommandName: [servicebus namespace create]
      Connection: [keep-alive]
      Content-Length: ['130']
      Content-Type: [application/json; charset=utf-8]
      User-Agent: [python/3.6.4 (Windows-10-10.0.16299-SP0) requests/2.18.4 msrest/0.4.27
          msrest_azure/0.4.25 azure-mgmt-servicebus/0.4.0 Azure-SDK-For-Python AZURECLI/2.0.32]
      accept-language: [en-US]
    method: PUT
    uri: https://management.azure.com/subscriptions/00000000-0000-0000-0000-000000000000/resourceGroups/cli_test_sb_alias000001/providers/Microsoft.ServiceBus/namespaces/sb-nscli000003?api-version=2017-04-01
  response:
    body: {string: '{"sku":{"name":"Premium","tier":"Premium","capacity":1},"id":"/subscriptions/00000000-0000-0000-0000-000000000000/resourceGroups/cli_test_sb_alias000001/providers/Microsoft.ServiceBus/namespaces/sb-nscli000003","name":"sb-nscli000003","type":"Microsoft.ServiceBus/Namespaces","location":"North
        Central US","tags":{"{tag1: value1,":"","tag2: value2}":""},"properties":{"provisioningState":"Created","metricId":"55f3dcd4-cac7-43b4-990b-a139d62a1eb2:sb-nscli000003","createdAt":"2018-04-11T01:31:14.8Z","updatedAt":"2018-04-11T01:31:14.8Z","serviceBusEndpoint":"https://sb-nscli000003.servicebus.windows.net:443/","status":"Activating"}}'}
    headers:
      cache-control: [no-cache]
      content-length: ['710']
      content-type: [application/json; charset=utf-8]
      date: ['Wed, 11 Apr 2018 01:31:15 GMT']
      expires: ['-1']
      pragma: [no-cache]
      server: [Service-Bus-Resource-Provider/CH3, Microsoft-HTTPAPI/2.0]
      server-sb: [Service-Bus-Resource-Provider/CH3]
      strict-transport-security: [max-age=31536000; includeSubDomains]
      transfer-encoding: [chunked]
      vary: [Accept-Encoding]
      x-content-type-options: [nosniff]
      x-ms-ratelimit-remaining-subscription-writes: ['1197']
    status: {code: 200, message: OK}
- request:
    body: null
    headers:
      Accept: [application/json]
      Accept-Encoding: ['gzip, deflate']
      CommandName: [servicebus namespace create]
      Connection: [keep-alive]
      Content-Type: [application/json; charset=utf-8]
      User-Agent: [python/3.6.4 (Windows-10-10.0.16299-SP0) requests/2.18.4 msrest/0.4.27
          msrest_azure/0.4.25 azure-mgmt-servicebus/0.4.0 Azure-SDK-For-Python AZURECLI/2.0.32]
      accept-language: [en-US]
    method: GET
    uri: https://management.azure.com/subscriptions/00000000-0000-0000-0000-000000000000/resourceGroups/cli_test_sb_alias000001/providers/Microsoft.ServiceBus/namespaces/sb-nscli000003?api-version=2017-04-01
  response:
    body: {string: '{"sku":{"name":"Premium","tier":"Premium","capacity":1},"id":"/subscriptions/00000000-0000-0000-0000-000000000000/resourceGroups/cli_test_sb_alias000001/providers/Microsoft.ServiceBus/namespaces/sb-nscli000003","name":"sb-nscli000003","type":"Microsoft.ServiceBus/Namespaces","location":"North
        Central US","tags":{"{tag1: value1,":"","tag2: value2}":""},"properties":{"provisioningState":"Created","metricId":"55f3dcd4-cac7-43b4-990b-a139d62a1eb2:sb-nscli000003","createdAt":"2018-04-11T01:31:14.8Z","updatedAt":"2018-04-11T01:31:14.8Z","serviceBusEndpoint":"https://sb-nscli000003.servicebus.windows.net:443/","status":"Activating"}}'}
    headers:
      cache-control: [no-cache]
      content-length: ['710']
      content-type: [application/json; charset=utf-8]
      date: ['Wed, 11 Apr 2018 01:31:45 GMT']
      expires: ['-1']
      pragma: [no-cache]
      server: [Service-Bus-Resource-Provider/CH3, Microsoft-HTTPAPI/2.0]
      server-sb: [Service-Bus-Resource-Provider/CH3]
      strict-transport-security: [max-age=31536000; includeSubDomains]
      transfer-encoding: [chunked]
      vary: [Accept-Encoding]
      x-content-type-options: [nosniff]
    status: {code: 200, message: OK}
- request:
    body: null
    headers:
      Accept: [application/json]
      Accept-Encoding: ['gzip, deflate']
      CommandName: [servicebus namespace create]
      Connection: [keep-alive]
      Content-Type: [application/json; charset=utf-8]
      User-Agent: [python/3.6.4 (Windows-10-10.0.16299-SP0) requests/2.18.4 msrest/0.4.27
          msrest_azure/0.4.25 azure-mgmt-servicebus/0.4.0 Azure-SDK-For-Python AZURECLI/2.0.32]
      accept-language: [en-US]
    method: GET
    uri: https://management.azure.com/subscriptions/00000000-0000-0000-0000-000000000000/resourceGroups/cli_test_sb_alias000001/providers/Microsoft.ServiceBus/namespaces/sb-nscli000003?api-version=2017-04-01
  response:
    body: {string: '{"sku":{"name":"Premium","tier":"Premium","capacity":1},"id":"/subscriptions/00000000-0000-0000-0000-000000000000/resourceGroups/cli_test_sb_alias000001/providers/Microsoft.ServiceBus/namespaces/sb-nscli000003","name":"sb-nscli000003","type":"Microsoft.ServiceBus/Namespaces","location":"North
        Central US","tags":{"{tag1: value1,":"","tag2: value2}":""},"properties":{"provisioningState":"Created","metricId":"55f3dcd4-cac7-43b4-990b-a139d62a1eb2:sb-nscli000003","createdAt":"2018-04-11T01:31:14.8Z","updatedAt":"2018-04-11T01:31:14.8Z","serviceBusEndpoint":"https://sb-nscli000003.servicebus.windows.net:443/","status":"Activating"}}'}
    headers:
      cache-control: [no-cache]
      content-length: ['710']
      content-type: [application/json; charset=utf-8]
      date: ['Wed, 11 Apr 2018 01:32:15 GMT']
      expires: ['-1']
      pragma: [no-cache]
      server: [Service-Bus-Resource-Provider/CH3, Microsoft-HTTPAPI/2.0]
      server-sb: [Service-Bus-Resource-Provider/CH3]
      strict-transport-security: [max-age=31536000; includeSubDomains]
      transfer-encoding: [chunked]
      vary: [Accept-Encoding]
      x-content-type-options: [nosniff]
    status: {code: 200, message: OK}
- request:
    body: null
    headers:
      Accept: [application/json]
      Accept-Encoding: ['gzip, deflate']
      CommandName: [servicebus namespace create]
      Connection: [keep-alive]
      Content-Type: [application/json; charset=utf-8]
      User-Agent: [python/3.6.4 (Windows-10-10.0.16299-SP0) requests/2.18.4 msrest/0.4.27
          msrest_azure/0.4.25 azure-mgmt-servicebus/0.4.0 Azure-SDK-For-Python AZURECLI/2.0.32]
      accept-language: [en-US]
    method: GET
    uri: https://management.azure.com/subscriptions/00000000-0000-0000-0000-000000000000/resourceGroups/cli_test_sb_alias000001/providers/Microsoft.ServiceBus/namespaces/sb-nscli000003?api-version=2017-04-01
  response:
    body: {string: '{"sku":{"name":"Premium","tier":"Premium","capacity":1},"id":"/subscriptions/00000000-0000-0000-0000-000000000000/resourceGroups/cli_test_sb_alias000001/providers/Microsoft.ServiceBus/namespaces/sb-nscli000003","name":"sb-nscli000003","type":"Microsoft.ServiceBus/Namespaces","location":"North
        Central US","tags":{"{tag1: value1,":"","tag2: value2}":""},"properties":{"provisioningState":"Succeeded","metricId":"55f3dcd4-cac7-43b4-990b-a139d62a1eb2:sb-nscli000003","createdAt":"2018-04-11T01:31:14.8Z","updatedAt":"2018-04-11T01:32:23.017Z","serviceBusEndpoint":"https://sb-nscli000003.servicebus.windows.net:443/","status":"Active"}}'}
    headers:
      cache-control: [no-cache]
      content-length: ['710']
      content-type: [application/json; charset=utf-8]
      date: ['Wed, 11 Apr 2018 01:32:46 GMT']
      expires: ['-1']
      pragma: [no-cache]
      server: [Service-Bus-Resource-Provider/CH3, Microsoft-HTTPAPI/2.0]
      server-sb: [Service-Bus-Resource-Provider/CH3]
      strict-transport-security: [max-age=31536000; includeSubDomains]
      transfer-encoding: [chunked]
      vary: [Accept-Encoding]
      x-content-type-options: [nosniff]
    status: {code: 200, message: OK}
- request:
    body: null
    headers:
      Accept: [application/json]
      Accept-Encoding: ['gzip, deflate']
      CommandName: [servicebus namespace show]
      Connection: [keep-alive]
      Content-Type: [application/json; charset=utf-8]
      User-Agent: [python/3.6.4 (Windows-10-10.0.16299-SP0) requests/2.18.4 msrest/0.4.27
          msrest_azure/0.4.25 azure-mgmt-servicebus/0.4.0 Azure-SDK-For-Python AZURECLI/2.0.32]
      accept-language: [en-US]
    method: GET
    uri: https://management.azure.com/subscriptions/00000000-0000-0000-0000-000000000000/resourceGroups/cli_test_sb_alias000001/providers/Microsoft.ServiceBus/namespaces/sb-nscli000003?api-version=2017-04-01
  response:
    body: {string: '{"sku":{"name":"Premium","tier":"Premium","capacity":1},"id":"/subscriptions/00000000-0000-0000-0000-000000000000/resourceGroups/cli_test_sb_alias000001/providers/Microsoft.ServiceBus/namespaces/sb-nscli000003","name":"sb-nscli000003","type":"Microsoft.ServiceBus/Namespaces","location":"North
        Central US","tags":{"{tag1: value1,":"","tag2: value2}":""},"properties":{"provisioningState":"Succeeded","metricId":"55f3dcd4-cac7-43b4-990b-a139d62a1eb2:sb-nscli000003","createdAt":"2018-04-11T01:31:14.8Z","updatedAt":"2018-04-11T01:32:23.017Z","serviceBusEndpoint":"https://sb-nscli000003.servicebus.windows.net:443/","status":"Active"}}'}
    headers:
      cache-control: [no-cache]
      content-length: ['710']
      content-type: [application/json; charset=utf-8]
      date: ['Wed, 11 Apr 2018 01:32:48 GMT']
      expires: ['-1']
      pragma: [no-cache]
      server: [Service-Bus-Resource-Provider/CH3, Microsoft-HTTPAPI/2.0]
      server-sb: [Service-Bus-Resource-Provider/CH3]
      strict-transport-security: [max-age=31536000; includeSubDomains]
      transfer-encoding: [chunked]
      vary: [Accept-Encoding]
      x-content-type-options: [nosniff]
    status: {code: 200, message: OK}
- request:
    body: '{"properties": {"rights": ["Send"]}}'
    headers:
      Accept: [application/json]
      Accept-Encoding: ['gzip, deflate']
      CommandName: [servicebus namespace authorization-rule create]
      Connection: [keep-alive]
      Content-Length: ['36']
      Content-Type: [application/json; charset=utf-8]
      User-Agent: [python/3.6.4 (Windows-10-10.0.16299-SP0) requests/2.18.4 msrest/0.4.27
          msrest_azure/0.4.25 azure-mgmt-servicebus/0.4.0 Azure-SDK-For-Python AZURECLI/2.0.32]
      accept-language: [en-US]
    method: PUT
    uri: https://management.azure.com/subscriptions/00000000-0000-0000-0000-000000000000/resourceGroups/cli_test_sb_alias000001/providers/Microsoft.ServiceBus/namespaces/sb-nscli000002/AuthorizationRules/cliAutho000004?api-version=2017-04-01
  response:
    body: {string: '{"id":"/subscriptions/00000000-0000-0000-0000-000000000000/resourceGroups/cli_test_sb_alias000001/providers/Microsoft.ServiceBus/namespaces/sb-nscli000002/AuthorizationRules/cliAutho000004","name":"cliAutho000004","type":"","location":"South
        Central US","properties":{"rights":["Send"]}}'}
    headers:
      cache-control: [no-cache]
      content-length: ['357']
      content-type: [application/json; charset=utf-8]
      date: ['Wed, 11 Apr 2018 01:33:21 GMT']
      expires: ['-1']
      pragma: [no-cache]
      server: [Service-Bus-Resource-Provider/CH3, Microsoft-HTTPAPI/2.0]
      server-sb: [Service-Bus-Resource-Provider/CH3]
      strict-transport-security: [max-age=31536000; includeSubDomains]
      transfer-encoding: [chunked]
      vary: [Accept-Encoding]
      x-content-type-options: [nosniff]
      x-ms-ratelimit-remaining-subscription-writes: ['1198']
    status: {code: 200, message: OK}
- request:
    body: null
    headers:
      Accept: [application/json]
      Accept-Encoding: ['gzip, deflate']
      CommandName: [servicebus namespace authorization-rule show]
      Connection: [keep-alive]
      Content-Type: [application/json; charset=utf-8]
      User-Agent: [python/3.6.4 (Windows-10-10.0.16299-SP0) requests/2.18.4 msrest/0.4.27
          msrest_azure/0.4.25 azure-mgmt-servicebus/0.4.0 Azure-SDK-For-Python AZURECLI/2.0.32]
      accept-language: [en-US]
    method: GET
    uri: https://management.azure.com/subscriptions/00000000-0000-0000-0000-000000000000/resourceGroups/cli_test_sb_alias000001/providers/Microsoft.ServiceBus/namespaces/sb-nscli000002/AuthorizationRules/cliAutho000004?api-version=2017-04-01
  response:
    body: {string: '{"id":"/subscriptions/00000000-0000-0000-0000-000000000000/resourceGroups/cli_test_sb_alias000001/providers/Microsoft.ServiceBus/namespaces/sb-nscli000002/AuthorizationRules/cliAutho000004","name":"cliAutho000004","type":"","location":"South
        Central US","properties":{"rights":["Send"]}}'}
    headers:
      cache-control: [no-cache]
      content-length: ['357']
      content-type: [application/json; charset=utf-8]
      date: ['Wed, 11 Apr 2018 01:33:22 GMT']
      expires: ['-1']
      pragma: [no-cache]
      server: [Service-Bus-Resource-Provider/CH3, Microsoft-HTTPAPI/2.0]
      server-sb: [Service-Bus-Resource-Provider/CH3]
      strict-transport-security: [max-age=31536000; includeSubDomains]
      transfer-encoding: [chunked]
      vary: [Accept-Encoding]
      x-content-type-options: [nosniff]
    status: {code: 200, message: OK}
- request:
    body: 'b''{"name": "cliAlias000005"}'''
    headers:
      Accept: [application/json]
      Accept-Encoding: ['gzip, deflate']
      CommandName: [servicebus georecovery-alias exists]
      Connection: [keep-alive]
      Content-Length: ['32']
      Content-Type: [application/json; charset=utf-8]
      User-Agent: [python/3.6.4 (Windows-10-10.0.16299-SP0) requests/2.18.4 msrest/0.4.27
          msrest_azure/0.4.25 azure-mgmt-servicebus/0.4.0 Azure-SDK-For-Python AZURECLI/2.0.32]
      accept-language: [en-US]
    method: POST
    uri: https://management.azure.com/subscriptions/00000000-0000-0000-0000-000000000000/resourceGroups/cli_test_sb_alias000001/providers/Microsoft.ServiceBus/namespaces/sb-nscli000002/disasterRecoveryConfigs/CheckNameAvailability?api-version=2017-04-01
  response:
    body: {string: '{"nameAvailable":true,"reason":"None"}'}
    headers:
      cache-control: [no-cache]
      content-length: ['38']
      content-type: [application/json; charset=utf-8]
      date: ['Wed, 11 Apr 2018 01:33:23 GMT']
      expires: ['-1']
      pragma: [no-cache]
      server: [Service-Bus-Resource-Provider/CH3, Microsoft-HTTPAPI/2.0]
      server-sb: [Service-Bus-Resource-Provider/CH3]
      strict-transport-security: [max-age=31536000; includeSubDomains]
      transfer-encoding: [chunked]
      vary: [Accept-Encoding]
      x-content-type-options: [nosniff]
      x-ms-ratelimit-remaining-subscription-writes: ['1196']
    status: {code: 200, message: OK}
- request:
    body: 'b''b\''{"properties": {"partnerNamespace": "/subscriptions/00000000-0000-0000-0000-000000000000/resourceGroups/cli_test_sb_alias000001/providers/Microsoft.ServiceBus/namespaces/sb-nscli000003"}}\'''''
    headers:
      Accept: [application/json]
      Accept-Encoding: ['gzip, deflate']
      CommandName: [servicebus georecovery-alias set]
      Connection: [keep-alive]
      Content-Length: ['245']
      Content-Type: [application/json; charset=utf-8]
      User-Agent: [python/3.6.4 (Windows-10-10.0.16299-SP0) requests/2.18.4 msrest/0.4.27
          msrest_azure/0.4.25 azure-mgmt-servicebus/0.4.0 Azure-SDK-For-Python AZURECLI/2.0.32]
      accept-language: [en-US]
    method: PUT
    uri: https://management.azure.com/subscriptions/00000000-0000-0000-0000-000000000000/resourceGroups/cli_test_sb_alias000001/providers/Microsoft.ServiceBus/namespaces/sb-nscli000002/disasterRecoveryConfigs/cliAlias000005?api-version=2017-04-01
  response:
    body: {string: '{"id":"/subscriptions/00000000-0000-0000-0000-000000000000/resourceGroups/cli_test_sb_alias000001/providers/Microsoft.ServiceBus/namespaces/sb-nscli000002/disasterRecoveryConfigs/cliAlias000005","name":"cliAlias000005","type":"Microsoft.ServiceBus/Namespaces/disasterrecoveryconfigs","properties":{"provisioningState":"Accepted","partnerNamespace":"/subscriptions/00000000-0000-0000-0000-000000000000/resourceGroups/cli_test_sb_alias000001/providers/Microsoft.ServiceBus/namespaces/sb-nscli000003","role":"Primary","type":"MetadataReplication"}}'}
    headers:
      cache-control: [no-cache]
      content-length: ['673']
      content-type: [application/json; charset=utf-8]
      date: ['Wed, 11 Apr 2018 01:33:56 GMT']
      expires: ['-1']
      pragma: [no-cache]
      server: [Service-Bus-Resource-Provider/CH3, Microsoft-HTTPAPI/2.0]
      server-sb: [Service-Bus-Resource-Provider/CH3]
      strict-transport-security: [max-age=31536000; includeSubDomains]
      transfer-encoding: [chunked]
      vary: [Accept-Encoding]
      x-content-type-options: [nosniff]
      x-ms-ratelimit-remaining-subscription-writes: ['1198']
    status: {code: 200, message: OK}
- request:
    body: null
    headers:
      Accept: [application/json]
      Accept-Encoding: ['gzip, deflate']
      CommandName: [servicebus georecovery-alias show]
      Connection: [keep-alive]
      Content-Type: [application/json; charset=utf-8]
      User-Agent: [python/3.6.4 (Windows-10-10.0.16299-SP0) requests/2.18.4 msrest/0.4.27
          msrest_azure/0.4.25 azure-mgmt-servicebus/0.4.0 Azure-SDK-For-Python AZURECLI/2.0.32]
      accept-language: [en-US]
    method: GET
    uri: https://management.azure.com/subscriptions/00000000-0000-0000-0000-000000000000/resourceGroups/cli_test_sb_alias000001/providers/Microsoft.ServiceBus/namespaces/sb-nscli000002/disasterRecoveryConfigs/cliAlias000005?api-version=2017-04-01
  response:
    body: {string: '{"id":"/subscriptions/00000000-0000-0000-0000-000000000000/resourceGroups/cli_test_sb_alias000001/providers/Microsoft.ServiceBus/namespaces/sb-nscli000002/disasterRecoveryConfigs/cliAlias000005","name":"cliAlias000005","type":"Microsoft.ServiceBus/Namespaces/disasterrecoveryconfigs","properties":{"provisioningState":"Accepted","partnerNamespace":"/subscriptions/00000000-0000-0000-0000-000000000000/resourceGroups/cli_test_sb_alias000001/providers/Microsoft.ServiceBus/namespaces/sb-nscli000003","role":"Primary","type":"MetadataReplication"}}'}
    headers:
      cache-control: [no-cache]
      content-length: ['673']
      content-type: [application/json; charset=utf-8]
      date: ['Wed, 11 Apr 2018 01:33:57 GMT']
      expires: ['-1']
      pragma: [no-cache]
      server: [Service-Bus-Resource-Provider/CH3, Microsoft-HTTPAPI/2.0]
      server-sb: [Service-Bus-Resource-Provider/CH3]
      strict-transport-security: [max-age=31536000; includeSubDomains]
      transfer-encoding: [chunked]
      vary: [Accept-Encoding]
      x-content-type-options: [nosniff]
    status: {code: 200, message: OK}
- request:
    body: null
    headers:
      Accept: [application/json]
      Accept-Encoding: ['gzip, deflate']
      CommandName: [servicebus georecovery-alias show]
      Connection: [keep-alive]
      Content-Type: [application/json; charset=utf-8]
      User-Agent: [python/3.6.4 (Windows-10-10.0.16299-SP0) requests/2.18.4 msrest/0.4.27
          msrest_azure/0.4.25 azure-mgmt-servicebus/0.4.0 Azure-SDK-For-Python AZURECLI/2.0.32]
      accept-language: [en-US]
    method: GET
    uri: https://management.azure.com/subscriptions/00000000-0000-0000-0000-000000000000/resourceGroups/cli_test_sb_alias000001/providers/Microsoft.ServiceBus/namespaces/sb-nscli000003/disasterRecoveryConfigs/cliAlias000005?api-version=2017-04-01
  response:
    body: {string: '{"id":"/subscriptions/00000000-0000-0000-0000-000000000000/resourceGroups/cli_test_sb_alias000001/providers/Microsoft.ServiceBus/namespaces/sb-nscli000003/disasterRecoveryConfigs/cliAlias000005","name":"cliAlias000005","type":"Microsoft.ServiceBus/Namespaces/disasterrecoveryconfigs","properties":{"provisioningState":"Accepted","partnerNamespace":"/subscriptions/00000000-0000-0000-0000-000000000000/resourceGroups/cli_test_sb_alias000001/providers/Microsoft.ServiceBus/namespaces/sb-nscli000002","role":"Secondary","type":"MetadataReplication"}}'}
    headers:
      cache-control: [no-cache]
      content-length: ['675']
      content-type: [application/json; charset=utf-8]
      date: ['Wed, 11 Apr 2018 01:33:58 GMT']
      expires: ['-1']
      pragma: [no-cache]
      server: [Service-Bus-Resource-Provider/CH3, Microsoft-HTTPAPI/2.0]
      server-sb: [Service-Bus-Resource-Provider/CH3]
      strict-transport-security: [max-age=31536000; includeSubDomains]
      transfer-encoding: [chunked]
      vary: [Accept-Encoding]
      x-content-type-options: [nosniff]
    status: {code: 200, message: OK}
- request:
    body: null
    headers:
      Accept: [application/json]
      Accept-Encoding: ['gzip, deflate']
      CommandName: [servicebus georecovery-alias show]
      Connection: [keep-alive]
      Content-Type: [application/json; charset=utf-8]
      User-Agent: [python/3.6.4 (Windows-10-10.0.16299-SP0) requests/2.18.4 msrest/0.4.27
          msrest_azure/0.4.25 azure-mgmt-servicebus/0.4.0 Azure-SDK-For-Python AZURECLI/2.0.32]
      accept-language: [en-US]
    method: GET
    uri: https://management.azure.com/subscriptions/00000000-0000-0000-0000-000000000000/resourceGroups/cli_test_sb_alias000001/providers/Microsoft.ServiceBus/namespaces/sb-nscli000002/disasterRecoveryConfigs/cliAlias000005?api-version=2017-04-01
  response:
    body: {string: '{"id":"/subscriptions/00000000-0000-0000-0000-000000000000/resourceGroups/cli_test_sb_alias000001/providers/Microsoft.ServiceBus/namespaces/sb-nscli000002/disasterRecoveryConfigs/cliAlias000005","name":"cliAlias000005","type":"Microsoft.ServiceBus/Namespaces/disasterrecoveryconfigs","properties":{"provisioningState":"Accepted","partnerNamespace":"/subscriptions/00000000-0000-0000-0000-000000000000/resourceGroups/cli_test_sb_alias000001/providers/Microsoft.ServiceBus/namespaces/sb-nscli000003","role":"Primary","type":"MetadataReplication"}}'}
    headers:
      cache-control: [no-cache]
      content-length: ['673']
      content-type: [application/json; charset=utf-8]
      date: ['Wed, 11 Apr 2018 01:33:59 GMT']
      expires: ['-1']
      pragma: [no-cache]
      server: [Service-Bus-Resource-Provider/CH3, Microsoft-HTTPAPI/2.0]
      server-sb: [Service-Bus-Resource-Provider/CH3]
      strict-transport-security: [max-age=31536000; includeSubDomains]
      transfer-encoding: [chunked]
      vary: [Accept-Encoding]
      x-content-type-options: [nosniff]
    status: {code: 200, message: OK}
- request:
    body: null
    headers:
      Accept: [application/json]
      Accept-Encoding: ['gzip, deflate']
      CommandName: [servicebus georecovery-alias show]
      Connection: [keep-alive]
      Content-Type: [application/json; charset=utf-8]
      User-Agent: [python/3.6.4 (Windows-10-10.0.16299-SP0) requests/2.18.4 msrest/0.4.27
          msrest_azure/0.4.25 azure-mgmt-servicebus/0.4.0 Azure-SDK-For-Python AZURECLI/2.0.32]
      accept-language: [en-US]
    method: GET
    uri: https://management.azure.com/subscriptions/00000000-0000-0000-0000-000000000000/resourceGroups/cli_test_sb_alias000001/providers/Microsoft.ServiceBus/namespaces/sb-nscli000002/disasterRecoveryConfigs/cliAlias000005?api-version=2017-04-01
  response:
    body: {string: '{"id":"/subscriptions/00000000-0000-0000-0000-000000000000/resourceGroups/cli_test_sb_alias000001/providers/Microsoft.ServiceBus/namespaces/sb-nscli000002/disasterRecoveryConfigs/cliAlias000005","name":"cliAlias000005","type":"Microsoft.ServiceBus/Namespaces/disasterrecoveryconfigs","properties":{"provisioningState":"Accepted","partnerNamespace":"/subscriptions/00000000-0000-0000-0000-000000000000/resourceGroups/cli_test_sb_alias000001/providers/Microsoft.ServiceBus/namespaces/sb-nscli000003","role":"Primary","type":"MetadataReplication"}}'}
    headers:
      cache-control: [no-cache]
      content-length: ['673']
      content-type: [application/json; charset=utf-8]
      date: ['Wed, 11 Apr 2018 01:34:30 GMT']
      expires: ['-1']
      pragma: [no-cache]
      server: [Service-Bus-Resource-Provider/CH3, Microsoft-HTTPAPI/2.0]
      server-sb: [Service-Bus-Resource-Provider/CH3]
      strict-transport-security: [max-age=31536000; includeSubDomains]
      transfer-encoding: [chunked]
      vary: [Accept-Encoding]
      x-content-type-options: [nosniff]
    status: {code: 200, message: OK}
- request:
    body: null
    headers:
      Accept: [application/json]
      Accept-Encoding: ['gzip, deflate']
      CommandName: [servicebus georecovery-alias show]
      Connection: [keep-alive]
      Content-Type: [application/json; charset=utf-8]
      User-Agent: [python/3.6.4 (Windows-10-10.0.16299-SP0) requests/2.18.4 msrest/0.4.27
          msrest_azure/0.4.25 azure-mgmt-servicebus/0.4.0 Azure-SDK-For-Python AZURECLI/2.0.32]
      accept-language: [en-US]
    method: GET
    uri: https://management.azure.com/subscriptions/00000000-0000-0000-0000-000000000000/resourceGroups/cli_test_sb_alias000001/providers/Microsoft.ServiceBus/namespaces/sb-nscli000002/disasterRecoveryConfigs/cliAlias000005?api-version=2017-04-01
  response:
    body: {string: '{"id":"/subscriptions/00000000-0000-0000-0000-000000000000/resourceGroups/cli_test_sb_alias000001/providers/Microsoft.ServiceBus/namespaces/sb-nscli000002/disasterRecoveryConfigs/cliAlias000005","name":"cliAlias000005","type":"Microsoft.ServiceBus/Namespaces/disasterrecoveryconfigs","properties":{"provisioningState":"Accepted","partnerNamespace":"/subscriptions/00000000-0000-0000-0000-000000000000/resourceGroups/cli_test_sb_alias000001/providers/Microsoft.ServiceBus/namespaces/sb-nscli000003","role":"Primary","type":"MetadataReplication"}}'}
    headers:
      cache-control: [no-cache]
      content-length: ['673']
      content-type: [application/json; charset=utf-8]
      date: ['Wed, 11 Apr 2018 01:35:01 GMT']
      expires: ['-1']
      pragma: [no-cache]
      server: [Service-Bus-Resource-Provider/CH3, Microsoft-HTTPAPI/2.0]
      server-sb: [Service-Bus-Resource-Provider/CH3]
      strict-transport-security: [max-age=31536000; includeSubDomains]
      transfer-encoding: [chunked]
      vary: [Accept-Encoding]
      x-content-type-options: [nosniff]
    status: {code: 200, message: OK}
- request:
    body: null
    headers:
      Accept: [application/json]
      Accept-Encoding: ['gzip, deflate']
      CommandName: [servicebus georecovery-alias show]
      Connection: [keep-alive]
      Content-Type: [application/json; charset=utf-8]
      User-Agent: [python/3.6.4 (Windows-10-10.0.16299-SP0) requests/2.18.4 msrest/0.4.27
          msrest_azure/0.4.25 azure-mgmt-servicebus/0.4.0 Azure-SDK-For-Python AZURECLI/2.0.32]
      accept-language: [en-US]
    method: GET
    uri: https://management.azure.com/subscriptions/00000000-0000-0000-0000-000000000000/resourceGroups/cli_test_sb_alias000001/providers/Microsoft.ServiceBus/namespaces/sb-nscli000002/disasterRecoveryConfigs/cliAlias000005?api-version=2017-04-01
  response:
    body: {string: '{"id":"/subscriptions/00000000-0000-0000-0000-000000000000/resourceGroups/cli_test_sb_alias000001/providers/Microsoft.ServiceBus/namespaces/sb-nscli000002/disasterRecoveryConfigs/cliAlias000005","name":"cliAlias000005","type":"Microsoft.ServiceBus/Namespaces/disasterrecoveryconfigs","properties":{"provisioningState":"Accepted","partnerNamespace":"/subscriptions/00000000-0000-0000-0000-000000000000/resourceGroups/cli_test_sb_alias000001/providers/Microsoft.ServiceBus/namespaces/sb-nscli000003","role":"Primary","type":"MetadataReplication"}}'}
    headers:
      cache-control: [no-cache]
      content-length: ['673']
      content-type: [application/json; charset=utf-8]
      date: ['Wed, 11 Apr 2018 01:35:31 GMT']
      expires: ['-1']
      pragma: [no-cache]
      server: [Service-Bus-Resource-Provider/CH3, Microsoft-HTTPAPI/2.0]
      server-sb: [Service-Bus-Resource-Provider/CH3]
      strict-transport-security: [max-age=31536000; includeSubDomains]
      transfer-encoding: [chunked]
      vary: [Accept-Encoding]
      x-content-type-options: [nosniff]
    status: {code: 200, message: OK}
- request:
    body: null
    headers:
      Accept: [application/json]
      Accept-Encoding: ['gzip, deflate']
      CommandName: [servicebus georecovery-alias show]
      Connection: [keep-alive]
      Content-Type: [application/json; charset=utf-8]
      User-Agent: [python/3.6.4 (Windows-10-10.0.16299-SP0) requests/2.18.4 msrest/0.4.27
          msrest_azure/0.4.25 azure-mgmt-servicebus/0.4.0 Azure-SDK-For-Python AZURECLI/2.0.32]
      accept-language: [en-US]
    method: GET
    uri: https://management.azure.com/subscriptions/00000000-0000-0000-0000-000000000000/resourceGroups/cli_test_sb_alias000001/providers/Microsoft.ServiceBus/namespaces/sb-nscli000002/disasterRecoveryConfigs/cliAlias000005?api-version=2017-04-01
  response:
    body: {string: '{"id":"/subscriptions/00000000-0000-0000-0000-000000000000/resourceGroups/cli_test_sb_alias000001/providers/Microsoft.ServiceBus/namespaces/sb-nscli000002/disasterRecoveryConfigs/cliAlias000005","name":"cliAlias000005","type":"Microsoft.ServiceBus/Namespaces/disasterrecoveryconfigs","properties":{"provisioningState":"Accepted","partnerNamespace":"/subscriptions/00000000-0000-0000-0000-000000000000/resourceGroups/cli_test_sb_alias000001/providers/Microsoft.ServiceBus/namespaces/sb-nscli000003","role":"Primary","type":"MetadataReplication"}}'}
    headers:
      cache-control: [no-cache]
      content-length: ['673']
      content-type: [application/json; charset=utf-8]
      date: ['Wed, 11 Apr 2018 01:36:02 GMT']
      expires: ['-1']
      pragma: [no-cache]
      server: [Service-Bus-Resource-Provider/CH3, Microsoft-HTTPAPI/2.0]
      server-sb: [Service-Bus-Resource-Provider/CH3]
      strict-transport-security: [max-age=31536000; includeSubDomains]
      transfer-encoding: [chunked]
      vary: [Accept-Encoding]
      x-content-type-options: [nosniff]
    status: {code: 200, message: OK}
- request:
    body: null
    headers:
      Accept: [application/json]
      Accept-Encoding: ['gzip, deflate']
      CommandName: [servicebus georecovery-alias show]
      Connection: [keep-alive]
      Content-Type: [application/json; charset=utf-8]
      User-Agent: [python/3.6.4 (Windows-10-10.0.16299-SP0) requests/2.18.4 msrest/0.4.27
          msrest_azure/0.4.25 azure-mgmt-servicebus/0.4.0 Azure-SDK-For-Python AZURECLI/2.0.32]
      accept-language: [en-US]
    method: GET
    uri: https://management.azure.com/subscriptions/00000000-0000-0000-0000-000000000000/resourceGroups/cli_test_sb_alias000001/providers/Microsoft.ServiceBus/namespaces/sb-nscli000002/disasterRecoveryConfigs/cliAlias000005?api-version=2017-04-01
  response:
    body: {string: '{"id":"/subscriptions/00000000-0000-0000-0000-000000000000/resourceGroups/cli_test_sb_alias000001/providers/Microsoft.ServiceBus/namespaces/sb-nscli000002/disasterRecoveryConfigs/cliAlias000005","name":"cliAlias000005","type":"Microsoft.ServiceBus/Namespaces/disasterrecoveryconfigs","properties":{"provisioningState":"Succeeded","partnerNamespace":"/subscriptions/00000000-0000-0000-0000-000000000000/resourceGroups/cli_test_sb_alias000001/providers/Microsoft.ServiceBus/namespaces/sb-nscli000003","role":"Primary","type":"MetadataReplication"}}'}
    headers:
      cache-control: [no-cache]
      content-length: ['674']
      content-type: [application/json; charset=utf-8]
      date: ['Wed, 11 Apr 2018 01:36:33 GMT']
      expires: ['-1']
      pragma: [no-cache]
      server: [Service-Bus-Resource-Provider/CH3, Microsoft-HTTPAPI/2.0]
      server-sb: [Service-Bus-Resource-Provider/CH3]
      strict-transport-security: [max-age=31536000; includeSubDomains]
      transfer-encoding: [chunked]
      vary: [Accept-Encoding]
      x-content-type-options: [nosniff]
    status: {code: 200, message: OK}
- request:
    body: null
    headers:
      Accept: [application/json]
      Accept-Encoding: ['gzip, deflate']
      CommandName: [servicebus georecovery-alias authorization-rule show]
      Connection: [keep-alive]
      Content-Type: [application/json; charset=utf-8]
      User-Agent: [python/3.6.4 (Windows-10-10.0.16299-SP0) requests/2.18.4 msrest/0.4.27
          msrest_azure/0.4.25 azure-mgmt-servicebus/0.4.0 Azure-SDK-For-Python AZURECLI/2.0.32]
      accept-language: [en-US]
    method: GET
    uri: https://management.azure.com/subscriptions/00000000-0000-0000-0000-000000000000/resourceGroups/cli_test_sb_alias000001/providers/Microsoft.ServiceBus/namespaces/sb-nscli000002/disasterRecoveryConfigs/cliAlias000005/AuthorizationRules/cliAutho000004?api-version=2017-04-01
  response:
    body: {string: '{"id":"/subscriptions/00000000-0000-0000-0000-000000000000/resourceGroups/cli_test_sb_alias000001/providers/Microsoft.ServiceBus/namespaces/sb-nscli000002/disasterRecoveryConfigs/cliAlias000005/AuthorizationRules/cliAutho000004","name":"cliAutho000004","type":"","location":"South
        Central US","properties":{"rights":["Send"]}}'}
    headers:
      cache-control: [no-cache]
      content-length: ['402']
      content-type: [application/json; charset=utf-8]
      date: ['Wed, 11 Apr 2018 01:36:35 GMT']
      expires: ['-1']
      pragma: [no-cache]
      server: [Service-Bus-Resource-Provider/CH3, Microsoft-HTTPAPI/2.0]
      server-sb: [Service-Bus-Resource-Provider/CH3]
      strict-transport-security: [max-age=31536000; includeSubDomains]
      transfer-encoding: [chunked]
      vary: [Accept-Encoding]
      x-content-type-options: [nosniff]
    status: {code: 200, message: OK}
- request:
    body: null
    headers:
      Accept: [application/json]
      Accept-Encoding: ['gzip, deflate']
      CommandName: [servicebus georecovery-alias authorization-rule keys list]
      Connection: [keep-alive]
      Content-Length: ['0']
      Content-Type: [application/json; charset=utf-8]
      User-Agent: [python/3.6.4 (Windows-10-10.0.16299-SP0) requests/2.18.4 msrest/0.4.27
          msrest_azure/0.4.25 azure-mgmt-servicebus/0.4.0 Azure-SDK-For-Python AZURECLI/2.0.32]
      accept-language: [en-US]
    method: POST
    uri: https://management.azure.com/subscriptions/00000000-0000-0000-0000-000000000000/resourceGroups/cli_test_sb_alias000001/providers/Microsoft.ServiceBus/namespaces/sb-nscli000002/disasterRecoveryConfigs/cliAlias000005/AuthorizationRules/cliAutho000004/listKeys?api-version=2017-04-01
  response:
    body: {string: '{"aliasPrimaryConnectionString":"Endpoint=sb://clialiaspend62thigke.servicebus.windows.net/;SharedAccessKeyName=cliAutho000004;SharedAccessKey=V8GKIANiJHUOkQ603pWlb3lljsiAn/HPPxsVioMcZhY=","aliasSecondaryConnectionString":"Endpoint=sb://clialiaspend62thigke.servicebus.windows.net/;SharedAccessKeyName=cliAutho000004;SharedAccessKey=Pk0Zf50L9TKHBphfnbJmD+6xgDP23+j96ZDYt7NcIzQ=","primaryKey":"V8GKIANiJHUOkQ603pWlb3lljsiAn/HPPxsVioMcZhY=","secondaryKey":"Pk0Zf50L9TKHBphfnbJmD+6xgDP23+j96ZDYt7NcIzQ=","keyName":"cliAutho000004"}'}
    headers:
      cache-control: [no-cache]
      content-length: ['546']
      content-type: [application/json; charset=utf-8]
      date: ['Wed, 11 Apr 2018 01:36:37 GMT']
      expires: ['-1']
      pragma: [no-cache]
      server: [Service-Bus-Resource-Provider/CH3, Microsoft-HTTPAPI/2.0]
      server-sb: [Service-Bus-Resource-Provider/CH3]
      strict-transport-security: [max-age=31536000; includeSubDomains]
      transfer-encoding: [chunked]
      vary: [Accept-Encoding]
      x-content-type-options: [nosniff]
      x-ms-ratelimit-remaining-subscription-writes: ['1196']
    status: {code: 200, message: OK}
- request:
    body: null
    headers:
      Accept: [application/json]
      Accept-Encoding: ['gzip, deflate']
      CommandName: [servicebus georecovery-alias authorization-rule list]
      Connection: [keep-alive]
      Content-Type: [application/json; charset=utf-8]
      User-Agent: [python/3.6.4 (Windows-10-10.0.16299-SP0) requests/2.18.4 msrest/0.4.27
          msrest_azure/0.4.25 azure-mgmt-servicebus/0.4.0 Azure-SDK-For-Python AZURECLI/2.0.32]
      accept-language: [en-US]
    method: GET
    uri: https://management.azure.com/subscriptions/00000000-0000-0000-0000-000000000000/resourceGroups/cli_test_sb_alias000001/providers/Microsoft.ServiceBus/namespaces/sb-nscli000002/disasterRecoveryConfigs/cliAlias000005/AuthorizationRules?api-version=2017-04-01
  response:
    body: {string: '{"value":[{"id":"/subscriptions/00000000-0000-0000-0000-000000000000/resourceGroups/cli_test_sb_alias000001/providers/Microsoft.ServiceBus/namespaces/sb-nscli000002/disasterRecoveryConfigs/cliAlias000005/AuthorizationRules/RootManageSharedAccessKey","name":"RootManageSharedAccessKey","type":"","location":"South
        Central US","properties":{"rights":["Listen","Manage","Send"]}},{"id":"/subscriptions/00000000-0000-0000-0000-000000000000/resourceGroups/cli_test_sb_alias000001/providers/Microsoft.ServiceBus/namespaces/sb-nscli000002/disasterRecoveryConfigs/cliAlias000005/AuthorizationRules/cliAutho000004","name":"cliAutho000004","type":"","location":"South
        Central US","properties":{"rights":["Send"]}}]}'}
    headers:
      cache-control: [no-cache]
      content-length: ['845']
      content-type: [application/json; charset=utf-8]
      date: ['Wed, 11 Apr 2018 01:36:38 GMT']
      expires: ['-1']
      pragma: [no-cache]
      server: [Service-Bus-Resource-Provider/CH3, Microsoft-HTTPAPI/2.0]
      server-sb: [Service-Bus-Resource-Provider/CH3]
      strict-transport-security: [max-age=31536000; includeSubDomains]
      transfer-encoding: [chunked]
      vary: [Accept-Encoding]
      x-content-type-options: [nosniff]
    status: {code: 200, message: OK}
- request:
    body: null
    headers:
      Accept: [application/json]
      Accept-Encoding: ['gzip, deflate']
      CommandName: [servicebus georecovery-alias break-pair]
      Connection: [keep-alive]
      Content-Length: ['0']
      Content-Type: [application/json; charset=utf-8]
      User-Agent: [python/3.6.4 (Windows-10-10.0.16299-SP0) requests/2.18.4 msrest/0.4.27
          msrest_azure/0.4.25 azure-mgmt-servicebus/0.4.0 Azure-SDK-For-Python AZURECLI/2.0.32]
      accept-language: [en-US]
    method: POST
    uri: https://management.azure.com/subscriptions/00000000-0000-0000-0000-000000000000/resourceGroups/cli_test_sb_alias000001/providers/Microsoft.ServiceBus/namespaces/sb-nscli000002/disasterRecoveryConfigs/cliAlias000005/breakPairing?api-version=2017-04-01
  response:
    body: {string: ''}
    headers:
      cache-control: [no-cache]
      content-length: ['0']
      date: ['Wed, 11 Apr 2018 01:36:39 GMT']
      expires: ['-1']
      pragma: [no-cache]
      server: [Service-Bus-Resource-Provider/CH3, Microsoft-HTTPAPI/2.0]
      server-sb: [Service-Bus-Resource-Provider/CH3]
      strict-transport-security: [max-age=31536000; includeSubDomains]
      x-content-type-options: [nosniff]
      x-ms-ratelimit-remaining-subscription-writes: ['1198']
    status: {code: 200, message: OK}
- request:
    body: null
    headers:
      Accept: [application/json]
      Accept-Encoding: ['gzip, deflate']
      CommandName: [servicebus georecovery-alias show]
      Connection: [keep-alive]
      Content-Type: [application/json; charset=utf-8]
      User-Agent: [python/3.6.4 (Windows-10-10.0.16299-SP0) requests/2.18.4 msrest/0.4.27
          msrest_azure/0.4.25 azure-mgmt-servicebus/0.4.0 Azure-SDK-For-Python AZURECLI/2.0.32]
      accept-language: [en-US]
    method: GET
    uri: https://management.azure.com/subscriptions/00000000-0000-0000-0000-000000000000/resourceGroups/cli_test_sb_alias000001/providers/Microsoft.ServiceBus/namespaces/sb-nscli000002/disasterRecoveryConfigs/cliAlias000005?api-version=2017-04-01
  response:
    body: {string: '{"id":"/subscriptions/00000000-0000-0000-0000-000000000000/resourceGroups/cli_test_sb_alias000001/providers/Microsoft.ServiceBus/namespaces/sb-nscli000002/disasterRecoveryConfigs/cliAlias000005","name":"cliAlias000005","type":"Microsoft.ServiceBus/Namespaces/disasterrecoveryconfigs","properties":{"provisioningState":"Accepted","partnerNamespace":"/subscriptions/00000000-0000-0000-0000-000000000000/resourceGroups/cli_test_sb_alias000001/providers/Microsoft.ServiceBus/namespaces/sb-nscli000003","role":"Primary","type":"MetadataReplication"}}'}
    headers:
      cache-control: [no-cache]
      content-length: ['673']
      content-type: [application/json; charset=utf-8]
      date: ['Wed, 11 Apr 2018 01:36:39 GMT']
      expires: ['-1']
      pragma: [no-cache]
      server: [Service-Bus-Resource-Provider/CH3, Microsoft-HTTPAPI/2.0]
      server-sb: [Service-Bus-Resource-Provider/CH3]
      strict-transport-security: [max-age=31536000; includeSubDomains]
      transfer-encoding: [chunked]
      vary: [Accept-Encoding]
      x-content-type-options: [nosniff]
    status: {code: 200, message: OK}
- request:
    body: null
    headers:
      Accept: [application/json]
      Accept-Encoding: ['gzip, deflate']
      CommandName: [servicebus georecovery-alias show]
      Connection: [keep-alive]
      Content-Type: [application/json; charset=utf-8]
      User-Agent: [python/3.6.4 (Windows-10-10.0.16299-SP0) requests/2.18.4 msrest/0.4.27
          msrest_azure/0.4.25 azure-mgmt-servicebus/0.4.0 Azure-SDK-For-Python AZURECLI/2.0.32]
      accept-language: [en-US]
    method: GET
    uri: https://management.azure.com/subscriptions/00000000-0000-0000-0000-000000000000/resourceGroups/cli_test_sb_alias000001/providers/Microsoft.ServiceBus/namespaces/sb-nscli000002/disasterRecoveryConfigs/cliAlias000005?api-version=2017-04-01
  response:
    body: {string: '{"id":"/subscriptions/00000000-0000-0000-0000-000000000000/resourceGroups/cli_test_sb_alias000001/providers/Microsoft.ServiceBus/namespaces/sb-nscli000002/disasterRecoveryConfigs/cliAlias000005","name":"cliAlias000005","type":"Microsoft.ServiceBus/Namespaces/disasterrecoveryconfigs","properties":{"provisioningState":"Accepted","partnerNamespace":"/subscriptions/00000000-0000-0000-0000-000000000000/resourceGroups/cli_test_sb_alias000001/providers/Microsoft.ServiceBus/namespaces/sb-nscli000003","role":"Primary","type":"MetadataReplication"}}'}
    headers:
      cache-control: [no-cache]
      content-length: ['673']
      content-type: [application/json; charset=utf-8]
      date: ['Wed, 11 Apr 2018 01:37:10 GMT']
      expires: ['-1']
      pragma: [no-cache]
      server: [Service-Bus-Resource-Provider/CH3, Microsoft-HTTPAPI/2.0]
      server-sb: [Service-Bus-Resource-Provider/CH3]
      strict-transport-security: [max-age=31536000; includeSubDomains]
      transfer-encoding: [chunked]
      vary: [Accept-Encoding]
      x-content-type-options: [nosniff]
    status: {code: 200, message: OK}
- request:
    body: null
    headers:
      Accept: [application/json]
      Accept-Encoding: ['gzip, deflate']
      CommandName: [servicebus georecovery-alias show]
      Connection: [keep-alive]
      Content-Type: [application/json; charset=utf-8]
      User-Agent: [python/3.6.4 (Windows-10-10.0.16299-SP0) requests/2.18.4 msrest/0.4.27
          msrest_azure/0.4.25 azure-mgmt-servicebus/0.4.0 Azure-SDK-For-Python AZURECLI/2.0.32]
      accept-language: [en-US]
    method: GET
    uri: https://management.azure.com/subscriptions/00000000-0000-0000-0000-000000000000/resourceGroups/cli_test_sb_alias000001/providers/Microsoft.ServiceBus/namespaces/sb-nscli000002/disasterRecoveryConfigs/cliAlias000005?api-version=2017-04-01
  response:
    body: {string: '{"id":"/subscriptions/00000000-0000-0000-0000-000000000000/resourceGroups/cli_test_sb_alias000001/providers/Microsoft.ServiceBus/namespaces/sb-nscli000002/disasterRecoveryConfigs/cliAlias000005","name":"cliAlias000005","type":"Microsoft.ServiceBus/Namespaces/disasterrecoveryconfigs","properties":{"provisioningState":"Succeeded","partnerNamespace":"","role":"PrimaryNotReplicating","type":"MetadataReplication"}}'}
    headers:
      cache-control: [no-cache]
      content-length: ['483']
      content-type: [application/json; charset=utf-8]
      date: ['Wed, 11 Apr 2018 01:37:41 GMT']
      expires: ['-1']
      pragma: [no-cache]
      server: [Service-Bus-Resource-Provider/CH3, Microsoft-HTTPAPI/2.0]
      server-sb: [Service-Bus-Resource-Provider/CH3]
      strict-transport-security: [max-age=31536000; includeSubDomains]
      transfer-encoding: [chunked]
      vary: [Accept-Encoding]
      x-content-type-options: [nosniff]
    status: {code: 200, message: OK}
- request:
    body: 'b''b\''{"properties": {"partnerNamespace": "/subscriptions/00000000-0000-0000-0000-000000000000/resourceGroups/cli_test_sb_alias000001/providers/Microsoft.ServiceBus/namespaces/sb-nscli000003"}}\'''''
    headers:
      Accept: [application/json]
      Accept-Encoding: ['gzip, deflate']
      CommandName: [servicebus georecovery-alias set]
      Connection: [keep-alive]
      Content-Length: ['245']
      Content-Type: [application/json; charset=utf-8]
      User-Agent: [python/3.6.4 (Windows-10-10.0.16299-SP0) requests/2.18.4 msrest/0.4.27
          msrest_azure/0.4.25 azure-mgmt-servicebus/0.4.0 Azure-SDK-For-Python AZURECLI/2.0.32]
      accept-language: [en-US]
    method: PUT
    uri: https://management.azure.com/subscriptions/00000000-0000-0000-0000-000000000000/resourceGroups/cli_test_sb_alias000001/providers/Microsoft.ServiceBus/namespaces/sb-nscli000002/disasterRecoveryConfigs/cliAlias000005?api-version=2017-04-01
  response:
    body: {string: '{"id":"/subscriptions/00000000-0000-0000-0000-000000000000/resourceGroups/cli_test_sb_alias000001/providers/Microsoft.ServiceBus/namespaces/sb-nscli000002/disasterRecoveryConfigs/cliAlias000005","name":"cliAlias000005","type":"Microsoft.ServiceBus/Namespaces/disasterrecoveryconfigs","properties":{"provisioningState":"Accepted","partnerNamespace":"/subscriptions/00000000-0000-0000-0000-000000000000/resourceGroups/cli_test_sb_alias000001/providers/Microsoft.ServiceBus/namespaces/sb-nscli000003","role":"Primary","type":"MetadataReplication"}}'}
    headers:
      cache-control: [no-cache]
      content-length: ['673']
      content-type: [application/json; charset=utf-8]
      date: ['Wed, 11 Apr 2018 01:37:59 GMT']
      expires: ['-1']
      pragma: [no-cache]
      server: [Service-Bus-Resource-Provider/CH3, Microsoft-HTTPAPI/2.0]
      server-sb: [Service-Bus-Resource-Provider/CH3]
      strict-transport-security: [max-age=31536000; includeSubDomains]
      transfer-encoding: [chunked]
      vary: [Accept-Encoding]
      x-content-type-options: [nosniff]
      x-ms-ratelimit-remaining-subscription-writes: ['1196']
    status: {code: 200, message: OK}
- request:
    body: null
    headers:
      Accept: [application/json]
      Accept-Encoding: ['gzip, deflate']
      CommandName: [servicebus georecovery-alias show]
      Connection: [keep-alive]
      Content-Type: [application/json; charset=utf-8]
      User-Agent: [python/3.6.4 (Windows-10-10.0.16299-SP0) requests/2.18.4 msrest/0.4.27
          msrest_azure/0.4.25 azure-mgmt-servicebus/0.4.0 Azure-SDK-For-Python AZURECLI/2.0.32]
      accept-language: [en-US]
    method: GET
    uri: https://management.azure.com/subscriptions/00000000-0000-0000-0000-000000000000/resourceGroups/cli_test_sb_alias000001/providers/Microsoft.ServiceBus/namespaces/sb-nscli000002/disasterRecoveryConfigs/cliAlias000005?api-version=2017-04-01
  response:
    body: {string: '{"id":"/subscriptions/00000000-0000-0000-0000-000000000000/resourceGroups/cli_test_sb_alias000001/providers/Microsoft.ServiceBus/namespaces/sb-nscli000002/disasterRecoveryConfigs/cliAlias000005","name":"cliAlias000005","type":"Microsoft.ServiceBus/Namespaces/disasterrecoveryconfigs","properties":{"provisioningState":"Accepted","partnerNamespace":"/subscriptions/00000000-0000-0000-0000-000000000000/resourceGroups/cli_test_sb_alias000001/providers/Microsoft.ServiceBus/namespaces/sb-nscli000003","role":"Primary","type":"MetadataReplication"}}'}
    headers:
      cache-control: [no-cache]
      content-length: ['673']
      content-type: [application/json; charset=utf-8]
      date: ['Wed, 11 Apr 2018 01:38:00 GMT']
      expires: ['-1']
      pragma: [no-cache]
      server: [Service-Bus-Resource-Provider/CH3, Microsoft-HTTPAPI/2.0]
      server-sb: [Service-Bus-Resource-Provider/CH3]
      strict-transport-security: [max-age=31536000; includeSubDomains]
      transfer-encoding: [chunked]
      vary: [Accept-Encoding]
      x-content-type-options: [nosniff]
    status: {code: 200, message: OK}
- request:
    body: null
    headers:
      Accept: [application/json]
      Accept-Encoding: ['gzip, deflate']
      CommandName: [servicebus georecovery-alias show]
      Connection: [keep-alive]
      Content-Type: [application/json; charset=utf-8]
      User-Agent: [python/3.6.4 (Windows-10-10.0.16299-SP0) requests/2.18.4 msrest/0.4.27
          msrest_azure/0.4.25 azure-mgmt-servicebus/0.4.0 Azure-SDK-For-Python AZURECLI/2.0.32]
      accept-language: [en-US]
    method: GET
    uri: https://management.azure.com/subscriptions/00000000-0000-0000-0000-000000000000/resourceGroups/cli_test_sb_alias000001/providers/Microsoft.ServiceBus/namespaces/sb-nscli000002/disasterRecoveryConfigs/cliAlias000005?api-version=2017-04-01
  response:
    body: {string: '{"id":"/subscriptions/00000000-0000-0000-0000-000000000000/resourceGroups/cli_test_sb_alias000001/providers/Microsoft.ServiceBus/namespaces/sb-nscli000002/disasterRecoveryConfigs/cliAlias000005","name":"cliAlias000005","type":"Microsoft.ServiceBus/Namespaces/disasterrecoveryconfigs","properties":{"provisioningState":"Accepted","partnerNamespace":"/subscriptions/00000000-0000-0000-0000-000000000000/resourceGroups/cli_test_sb_alias000001/providers/Microsoft.ServiceBus/namespaces/sb-nscli000003","role":"Primary","type":"MetadataReplication"}}'}
    headers:
      cache-control: [no-cache]
      content-length: ['673']
      content-type: [application/json; charset=utf-8]
      date: ['Wed, 11 Apr 2018 01:38:30 GMT']
      expires: ['-1']
      pragma: [no-cache]
      server: [Service-Bus-Resource-Provider/CH3, Microsoft-HTTPAPI/2.0]
      server-sb: [Service-Bus-Resource-Provider/CH3]
      strict-transport-security: [max-age=31536000; includeSubDomains]
      transfer-encoding: [chunked]
      vary: [Accept-Encoding]
      x-content-type-options: [nosniff]
    status: {code: 200, message: OK}
- request:
    body: null
    headers:
      Accept: [application/json]
      Accept-Encoding: ['gzip, deflate']
      CommandName: [servicebus georecovery-alias show]
      Connection: [keep-alive]
      Content-Type: [application/json; charset=utf-8]
      User-Agent: [python/3.6.4 (Windows-10-10.0.16299-SP0) requests/2.18.4 msrest/0.4.27
          msrest_azure/0.4.25 azure-mgmt-servicebus/0.4.0 Azure-SDK-For-Python AZURECLI/2.0.32]
      accept-language: [en-US]
    method: GET
    uri: https://management.azure.com/subscriptions/00000000-0000-0000-0000-000000000000/resourceGroups/cli_test_sb_alias000001/providers/Microsoft.ServiceBus/namespaces/sb-nscli000002/disasterRecoveryConfigs/cliAlias000005?api-version=2017-04-01
  response:
    body: {string: '{"id":"/subscriptions/00000000-0000-0000-0000-000000000000/resourceGroups/cli_test_sb_alias000001/providers/Microsoft.ServiceBus/namespaces/sb-nscli000002/disasterRecoveryConfigs/cliAlias000005","name":"cliAlias000005","type":"Microsoft.ServiceBus/Namespaces/disasterrecoveryconfigs","properties":{"provisioningState":"Accepted","partnerNamespace":"/subscriptions/00000000-0000-0000-0000-000000000000/resourceGroups/cli_test_sb_alias000001/providers/Microsoft.ServiceBus/namespaces/sb-nscli000003","role":"Primary","type":"MetadataReplication"}}'}
    headers:
      cache-control: [no-cache]
      content-length: ['673']
      content-type: [application/json; charset=utf-8]
      date: ['Wed, 11 Apr 2018 01:39:01 GMT']
      expires: ['-1']
      pragma: [no-cache]
      server: [Service-Bus-Resource-Provider/CH3, Microsoft-HTTPAPI/2.0]
      server-sb: [Service-Bus-Resource-Provider/CH3]
      strict-transport-security: [max-age=31536000; includeSubDomains]
      transfer-encoding: [chunked]
      vary: [Accept-Encoding]
      x-content-type-options: [nosniff]
    status: {code: 200, message: OK}
- request:
    body: null
    headers:
      Accept: [application/json]
      Accept-Encoding: ['gzip, deflate']
      CommandName: [servicebus georecovery-alias show]
      Connection: [keep-alive]
      Content-Type: [application/json; charset=utf-8]
      User-Agent: [python/3.6.4 (Windows-10-10.0.16299-SP0) requests/2.18.4 msrest/0.4.27
          msrest_azure/0.4.25 azure-mgmt-servicebus/0.4.0 Azure-SDK-For-Python AZURECLI/2.0.32]
      accept-language: [en-US]
    method: GET
    uri: https://management.azure.com/subscriptions/00000000-0000-0000-0000-000000000000/resourceGroups/cli_test_sb_alias000001/providers/Microsoft.ServiceBus/namespaces/sb-nscli000002/disasterRecoveryConfigs/cliAlias000005?api-version=2017-04-01
  response:
    body: {string: '{"id":"/subscriptions/00000000-0000-0000-0000-000000000000/resourceGroups/cli_test_sb_alias000001/providers/Microsoft.ServiceBus/namespaces/sb-nscli000002/disasterRecoveryConfigs/cliAlias000005","name":"cliAlias000005","type":"Microsoft.ServiceBus/Namespaces/disasterrecoveryconfigs","properties":{"provisioningState":"Accepted","partnerNamespace":"/subscriptions/00000000-0000-0000-0000-000000000000/resourceGroups/cli_test_sb_alias000001/providers/Microsoft.ServiceBus/namespaces/sb-nscli000003","role":"Primary","type":"MetadataReplication"}}'}
    headers:
      cache-control: [no-cache]
      content-length: ['673']
      content-type: [application/json; charset=utf-8]
      date: ['Wed, 11 Apr 2018 01:39:32 GMT']
      expires: ['-1']
      pragma: [no-cache]
      server: [Service-Bus-Resource-Provider/CH3, Microsoft-HTTPAPI/2.0]
      server-sb: [Service-Bus-Resource-Provider/CH3]
      strict-transport-security: [max-age=31536000; includeSubDomains]
      transfer-encoding: [chunked]
      vary: [Accept-Encoding]
      x-content-type-options: [nosniff]
    status: {code: 200, message: OK}
- request:
    body: null
    headers:
      Accept: [application/json]
      Accept-Encoding: ['gzip, deflate']
      CommandName: [servicebus georecovery-alias show]
      Connection: [keep-alive]
      Content-Type: [application/json; charset=utf-8]
      User-Agent: [python/3.6.4 (Windows-10-10.0.16299-SP0) requests/2.18.4 msrest/0.4.27
          msrest_azure/0.4.25 azure-mgmt-servicebus/0.4.0 Azure-SDK-For-Python AZURECLI/2.0.32]
      accept-language: [en-US]
    method: GET
    uri: https://management.azure.com/subscriptions/00000000-0000-0000-0000-000000000000/resourceGroups/cli_test_sb_alias000001/providers/Microsoft.ServiceBus/namespaces/sb-nscli000002/disasterRecoveryConfigs/cliAlias000005?api-version=2017-04-01
  response:
    body: {string: '{"id":"/subscriptions/00000000-0000-0000-0000-000000000000/resourceGroups/cli_test_sb_alias000001/providers/Microsoft.ServiceBus/namespaces/sb-nscli000002/disasterRecoveryConfigs/cliAlias000005","name":"cliAlias000005","type":"Microsoft.ServiceBus/Namespaces/disasterrecoveryconfigs","properties":{"provisioningState":"Accepted","partnerNamespace":"/subscriptions/00000000-0000-0000-0000-000000000000/resourceGroups/cli_test_sb_alias000001/providers/Microsoft.ServiceBus/namespaces/sb-nscli000003","role":"Primary","type":"MetadataReplication"}}'}
    headers:
      cache-control: [no-cache]
      content-length: ['673']
      content-type: [application/json; charset=utf-8]
      date: ['Wed, 11 Apr 2018 01:40:02 GMT']
      expires: ['-1']
      pragma: [no-cache]
      server: [Service-Bus-Resource-Provider/CH3, Microsoft-HTTPAPI/2.0]
      server-sb: [Service-Bus-Resource-Provider/CH3]
      strict-transport-security: [max-age=31536000; includeSubDomains]
      transfer-encoding: [chunked]
      vary: [Accept-Encoding]
      x-content-type-options: [nosniff]
    status: {code: 200, message: OK}
- request:
    body: null
    headers:
      Accept: [application/json]
      Accept-Encoding: ['gzip, deflate']
      CommandName: [servicebus georecovery-alias show]
      Connection: [keep-alive]
      Content-Type: [application/json; charset=utf-8]
      User-Agent: [python/3.6.4 (Windows-10-10.0.16299-SP0) requests/2.18.4 msrest/0.4.27
          msrest_azure/0.4.25 azure-mgmt-servicebus/0.4.0 Azure-SDK-For-Python AZURECLI/2.0.32]
      accept-language: [en-US]
    method: GET
    uri: https://management.azure.com/subscriptions/00000000-0000-0000-0000-000000000000/resourceGroups/cli_test_sb_alias000001/providers/Microsoft.ServiceBus/namespaces/sb-nscli000002/disasterRecoveryConfigs/cliAlias000005?api-version=2017-04-01
  response:
    body: {string: '{"id":"/subscriptions/00000000-0000-0000-0000-000000000000/resourceGroups/cli_test_sb_alias000001/providers/Microsoft.ServiceBus/namespaces/sb-nscli000002/disasterRecoveryConfigs/cliAlias000005","name":"cliAlias000005","type":"Microsoft.ServiceBus/Namespaces/disasterrecoveryconfigs","properties":{"provisioningState":"Succeeded","partnerNamespace":"/subscriptions/00000000-0000-0000-0000-000000000000/resourceGroups/cli_test_sb_alias000001/providers/Microsoft.ServiceBus/namespaces/sb-nscli000003","role":"Primary","type":"MetadataReplication"}}'}
    headers:
      cache-control: [no-cache]
      content-length: ['674']
      content-type: [application/json; charset=utf-8]
      date: ['Wed, 11 Apr 2018 01:40:33 GMT']
      expires: ['-1']
      pragma: [no-cache]
      server: [Service-Bus-Resource-Provider/CH3, Microsoft-HTTPAPI/2.0]
      server-sb: [Service-Bus-Resource-Provider/CH3]
      strict-transport-security: [max-age=31536000; includeSubDomains]
      transfer-encoding: [chunked]
      vary: [Accept-Encoding]
      x-content-type-options: [nosniff]
    status: {code: 200, message: OK}
- request:
    body: null
    headers:
      Accept: [application/json]
      Accept-Encoding: ['gzip, deflate']
      CommandName: [servicebus georecovery-alias fail-over]
      Connection: [keep-alive]
      Content-Length: ['0']
      Content-Type: [application/json; charset=utf-8]
      User-Agent: [python/3.6.4 (Windows-10-10.0.16299-SP0) requests/2.18.4 msrest/0.4.27
          msrest_azure/0.4.25 azure-mgmt-servicebus/0.4.0 Azure-SDK-For-Python AZURECLI/2.0.32]
      accept-language: [en-US]
    method: POST
    uri: https://management.azure.com/subscriptions/00000000-0000-0000-0000-000000000000/resourceGroups/cli_test_sb_alias000001/providers/Microsoft.ServiceBus/namespaces/sb-nscli000003/disasterRecoveryConfigs/cliAlias000005/failover?api-version=2017-04-01
  response:
    body: {string: ''}
    headers:
      cache-control: [no-cache]
      content-length: ['0']
      date: ['Wed, 11 Apr 2018 01:40:34 GMT']
      expires: ['-1']
      pragma: [no-cache]
      server: [Service-Bus-Resource-Provider/CH3, Microsoft-HTTPAPI/2.0]
      server-sb: [Service-Bus-Resource-Provider/CH3]
      strict-transport-security: [max-age=31536000; includeSubDomains]
      x-content-type-options: [nosniff]
      x-ms-ratelimit-remaining-subscription-writes: ['1198']
    status: {code: 200, message: OK}
- request:
    body: null
    headers:
      Accept: [application/json]
      Accept-Encoding: ['gzip, deflate']
      CommandName: [servicebus georecovery-alias show]
      Connection: [keep-alive]
      Content-Type: [application/json; charset=utf-8]
      User-Agent: [python/3.6.4 (Windows-10-10.0.16299-SP0) requests/2.18.4 msrest/0.4.27
          msrest_azure/0.4.25 azure-mgmt-servicebus/0.4.0 Azure-SDK-For-Python AZURECLI/2.0.32]
      accept-language: [en-US]
    method: GET
    uri: https://management.azure.com/subscriptions/00000000-0000-0000-0000-000000000000/resourceGroups/cli_test_sb_alias000001/providers/Microsoft.ServiceBus/namespaces/sb-nscli000003/disasterRecoveryConfigs/cliAlias000005?api-version=2017-04-01
  response:
    body: {string: '{"id":"/subscriptions/00000000-0000-0000-0000-000000000000/resourceGroups/cli_test_sb_alias000001/providers/Microsoft.ServiceBus/namespaces/sb-nscli000003/disasterRecoveryConfigs/cliAlias000005","name":"cliAlias000005","type":"Microsoft.ServiceBus/Namespaces/disasterrecoveryconfigs","properties":{"provisioningState":"Accepted","partnerNamespace":"/subscriptions/00000000-0000-0000-0000-000000000000/resourceGroups/cli_test_sb_alias000001/providers/Microsoft.ServiceBus/namespaces/sb-nscli000002","role":"Secondary","type":"MetadataReplication"}}'}
    headers:
      cache-control: [no-cache]
      content-length: ['675']
      content-type: [application/json; charset=utf-8]
      date: ['Wed, 11 Apr 2018 01:40:34 GMT']
      expires: ['-1']
      pragma: [no-cache]
      server: [Service-Bus-Resource-Provider/CH3, Microsoft-HTTPAPI/2.0]
      server-sb: [Service-Bus-Resource-Provider/CH3]
      strict-transport-security: [max-age=31536000; includeSubDomains]
      transfer-encoding: [chunked]
      vary: [Accept-Encoding]
      x-content-type-options: [nosniff]
    status: {code: 200, message: OK}
- request:
    body: null
    headers:
      Accept: [application/json]
      Accept-Encoding: ['gzip, deflate']
      CommandName: [servicebus georecovery-alias show]
      Connection: [keep-alive]
      Content-Type: [application/json; charset=utf-8]
      User-Agent: [python/3.6.4 (Windows-10-10.0.16299-SP0) requests/2.18.4 msrest/0.4.27
          msrest_azure/0.4.25 azure-mgmt-servicebus/0.4.0 Azure-SDK-For-Python AZURECLI/2.0.32]
      accept-language: [en-US]
    method: GET
    uri: https://management.azure.com/subscriptions/00000000-0000-0000-0000-000000000000/resourceGroups/cli_test_sb_alias000001/providers/Microsoft.ServiceBus/namespaces/sb-nscli000003/disasterRecoveryConfigs/cliAlias000005?api-version=2017-04-01
  response:
    body: {string: '{"id":"/subscriptions/00000000-0000-0000-0000-000000000000/resourceGroups/cli_test_sb_alias000001/providers/Microsoft.ServiceBus/namespaces/sb-nscli000003/disasterRecoveryConfigs/cliAlias000005","name":"cliAlias000005","type":"Microsoft.ServiceBus/Namespaces/disasterrecoveryconfigs","properties":{"provisioningState":"Accepted","partnerNamespace":"/subscriptions/00000000-0000-0000-0000-000000000000/resourceGroups/cli_test_sb_alias000001/providers/Microsoft.ServiceBus/namespaces/sb-nscli000002","role":"Secondary","type":"MetadataReplication"}}'}
    headers:
      cache-control: [no-cache]
      content-length: ['675']
      content-type: [application/json; charset=utf-8]
      date: ['Wed, 11 Apr 2018 01:41:05 GMT']
      expires: ['-1']
      pragma: [no-cache]
      server: [Service-Bus-Resource-Provider/CH3, Microsoft-HTTPAPI/2.0]
      server-sb: [Service-Bus-Resource-Provider/CH3]
      strict-transport-security: [max-age=31536000; includeSubDomains]
      transfer-encoding: [chunked]
      vary: [Accept-Encoding]
      x-content-type-options: [nosniff]
    status: {code: 200, message: OK}
- request:
    body: null
    headers:
      Accept: [application/json]
      Accept-Encoding: ['gzip, deflate']
      CommandName: [servicebus georecovery-alias show]
      Connection: [keep-alive]
      Content-Type: [application/json; charset=utf-8]
      User-Agent: [python/3.6.4 (Windows-10-10.0.16299-SP0) requests/2.18.4 msrest/0.4.27
          msrest_azure/0.4.25 azure-mgmt-servicebus/0.4.0 Azure-SDK-For-Python AZURECLI/2.0.32]
      accept-language: [en-US]
    method: GET
    uri: https://management.azure.com/subscriptions/00000000-0000-0000-0000-000000000000/resourceGroups/cli_test_sb_alias000001/providers/Microsoft.ServiceBus/namespaces/sb-nscli000003/disasterRecoveryConfigs/cliAlias000005?api-version=2017-04-01
  response:
    body: {string: '{"id":"/subscriptions/00000000-0000-0000-0000-000000000000/resourceGroups/cli_test_sb_alias000001/providers/Microsoft.ServiceBus/namespaces/sb-nscli000003/disasterRecoveryConfigs/cliAlias000005","name":"cliAlias000005","type":"Microsoft.ServiceBus/Namespaces/disasterrecoveryconfigs","properties":{"provisioningState":"Accepted","partnerNamespace":"","role":"PrimaryNotReplicating","type":"MetadataReplication"}}'}
    headers:
      cache-control: [no-cache]
      content-length: ['482']
      content-type: [application/json; charset=utf-8]
      date: ['Wed, 11 Apr 2018 01:41:35 GMT']
      expires: ['-1']
      pragma: [no-cache]
      server: [Service-Bus-Resource-Provider/CH3, Microsoft-HTTPAPI/2.0]
      server-sb: [Service-Bus-Resource-Provider/CH3]
      strict-transport-security: [max-age=31536000; includeSubDomains]
      transfer-encoding: [chunked]
      vary: [Accept-Encoding]
      x-content-type-options: [nosniff]
    status: {code: 200, message: OK}
- request:
    body: null
    headers:
      Accept: [application/json]
      Accept-Encoding: ['gzip, deflate']
      CommandName: [servicebus georecovery-alias show]
      Connection: [keep-alive]
      Content-Type: [application/json; charset=utf-8]
      User-Agent: [python/3.6.4 (Windows-10-10.0.16299-SP0) requests/2.18.4 msrest/0.4.27
          msrest_azure/0.4.25 azure-mgmt-servicebus/0.4.0 Azure-SDK-For-Python AZURECLI/2.0.32]
      accept-language: [en-US]
    method: GET
    uri: https://management.azure.com/subscriptions/00000000-0000-0000-0000-000000000000/resourceGroups/cli_test_sb_alias000001/providers/Microsoft.ServiceBus/namespaces/sb-nscli000003/disasterRecoveryConfigs/cliAlias000005?api-version=2017-04-01
  response:
    body: {string: '{"id":"/subscriptions/00000000-0000-0000-0000-000000000000/resourceGroups/cli_test_sb_alias000001/providers/Microsoft.ServiceBus/namespaces/sb-nscli000003/disasterRecoveryConfigs/cliAlias000005","name":"cliAlias000005","type":"Microsoft.ServiceBus/Namespaces/disasterrecoveryconfigs","properties":{"provisioningState":"Succeeded","partnerNamespace":"","role":"PrimaryNotReplicating","type":"MetadataReplication"}}'}
    headers:
      cache-control: [no-cache]
      content-length: ['483']
      content-type: [application/json; charset=utf-8]
      date: ['Wed, 11 Apr 2018 01:42:07 GMT']
      expires: ['-1']
      pragma: [no-cache]
      server: [Service-Bus-Resource-Provider/CH3, Microsoft-HTTPAPI/2.0]
      server-sb: [Service-Bus-Resource-Provider/CH3]
      strict-transport-security: [max-age=31536000; includeSubDomains]
      transfer-encoding: [chunked]
      vary: [Accept-Encoding]
      x-content-type-options: [nosniff]
    status: {code: 200, message: OK}
- request:
    body: null
    headers:
      Accept: [application/json]
      Accept-Encoding: ['gzip, deflate']
      CommandName: [servicebus georecovery-alias delete]
      Connection: [keep-alive]
      Content-Length: ['0']
      Content-Type: [application/json; charset=utf-8]
      User-Agent: [python/3.6.4 (Windows-10-10.0.16299-SP0) requests/2.18.4 msrest/0.4.27
          msrest_azure/0.4.25 azure-mgmt-servicebus/0.4.0 Azure-SDK-For-Python AZURECLI/2.0.32]
      accept-language: [en-US]
    method: DELETE
    uri: https://management.azure.com/subscriptions/00000000-0000-0000-0000-000000000000/resourceGroups/cli_test_sb_alias000001/providers/Microsoft.ServiceBus/namespaces/sb-nscli000003/disasterRecoveryConfigs/cliAlias000005?api-version=2017-04-01
  response:
    body: {string: ''}
    headers:
      cache-control: [no-cache]
      content-length: ['0']
      date: ['Wed, 11 Apr 2018 01:42:08 GMT']
      expires: ['-1']
      pragma: [no-cache]
      server: [Service-Bus-Resource-Provider/CH3, Microsoft-HTTPAPI/2.0]
      server-sb: [Service-Bus-Resource-Provider/CH3]
      strict-transport-security: [max-age=31536000; includeSubDomains]
      x-content-type-options: [nosniff]
      x-ms-ratelimit-remaining-subscription-writes: ['1196']
    status: {code: 200, message: OK}
- request:
    body: null
    headers:
      Accept: [application/json]
      Accept-Encoding: ['gzip, deflate']
      CommandName: [servicebus namespace delete]
      Connection: [keep-alive]
      Content-Length: ['0']
      Content-Type: [application/json; charset=utf-8]
      User-Agent: [python/3.6.4 (Windows-10-10.0.16299-SP0) requests/2.18.4 msrest/0.4.27
          msrest_azure/0.4.25 azure-mgmt-servicebus/0.4.0 Azure-SDK-For-Python AZURECLI/2.0.32]
      accept-language: [en-US]
    method: DELETE
    uri: https://management.azure.com/subscriptions/00000000-0000-0000-0000-000000000000/resourceGroups/cli_test_sb_alias000001/providers/Microsoft.ServiceBus/namespaces/sb-nscli000002?api-version=2017-04-01
  response:
    body: {string: ''}
    headers:
      cache-control: [no-cache]
      content-length: ['0']
      date: ['Wed, 11 Apr 2018 01:42:39 GMT']
      expires: ['-1']
      location: ['https://management.azure.com/subscriptions/00000000-0000-0000-0000-000000000000/resourceGroups/cli_test_sb_alias000001/providers/Microsoft.ServiceBus/namespaces/sb-nscli000002/operationresults/sb-nscli000002?api-version=2017-04-01']
      pragma: [no-cache]
      server: [Service-Bus-Resource-Provider/CH3, Microsoft-HTTPAPI/2.0]
      server-sb: [Service-Bus-Resource-Provider/CH3]
      strict-transport-security: [max-age=31536000; includeSubDomains]
      x-content-type-options: [nosniff]
      x-ms-ratelimit-remaining-subscription-writes: ['1197']
    status: {code: 202, message: Accepted}
- request:
    body: null
    headers:
      Accept: [application/json]
      Accept-Encoding: ['gzip, deflate']
      CommandName: [servicebus namespace delete]
      Connection: [keep-alive]
      Content-Type: [application/json; charset=utf-8]
      User-Agent: [python/3.6.4 (Windows-10-10.0.16299-SP0) requests/2.18.4 msrest/0.4.27
          msrest_azure/0.4.25 azure-mgmt-servicebus/0.4.0 Azure-SDK-For-Python AZURECLI/2.0.32]
      accept-language: [en-US]
    method: GET
    uri: https://management.azure.com/subscriptions/00000000-0000-0000-0000-000000000000/resourceGroups/cli_test_sb_alias000001/providers/Microsoft.ServiceBus/namespaces/sb-nscli000002/operationresults/sb-nscli000002?api-version=2017-04-01
  response:
    body: {string: ''}
    headers:
      cache-control: [no-cache]
      content-length: ['0']
      date: ['Wed, 11 Apr 2018 01:43:10 GMT']
      expires: ['-1']
      location: ['https://management.azure.com/subscriptions/00000000-0000-0000-0000-000000000000/resourceGroups/cli_test_sb_alias000001/providers/Microsoft.ServiceBus/namespaces/sb-nscli000002/operationresults/sb-nscli000002?api-version=2017-04-01']
      pragma: [no-cache]
      server: [Service-Bus-Resource-Provider/CH3, Microsoft-HTTPAPI/2.0]
      server-sb: [Service-Bus-Resource-Provider/CH3]
      strict-transport-security: [max-age=31536000; includeSubDomains]
      x-content-type-options: [nosniff]
    status: {code: 202, message: Accepted}
- request:
    body: null
    headers:
      Accept: [application/json]
      Accept-Encoding: ['gzip, deflate']
      CommandName: [servicebus namespace delete]
      Connection: [keep-alive]
      Content-Type: [application/json; charset=utf-8]
      User-Agent: [python/3.6.4 (Windows-10-10.0.16299-SP0) requests/2.18.4 msrest/0.4.27
          msrest_azure/0.4.25 azure-mgmt-servicebus/0.4.0 Azure-SDK-For-Python AZURECLI/2.0.32]
      accept-language: [en-US]
    method: GET
    uri: https://management.azure.com/subscriptions/00000000-0000-0000-0000-000000000000/resourceGroups/cli_test_sb_alias000001/providers/Microsoft.ServiceBus/namespaces/sb-nscli000002/operationresults/sb-nscli000002?api-version=2017-04-01
  response:
    body: {string: ''}
    headers:
      cache-control: [no-cache]
      content-length: ['0']
      date: ['Wed, 11 Apr 2018 01:43:40 GMT']
      expires: ['-1']
      location: ['https://management.azure.com/subscriptions/00000000-0000-0000-0000-000000000000/resourceGroups/cli_test_sb_alias000001/providers/Microsoft.ServiceBus/namespaces/sb-nscli000002/operationresults/sb-nscli000002?api-version=2017-04-01']
      pragma: [no-cache]
      server: [Service-Bus-Resource-Provider/CH3, Microsoft-HTTPAPI/2.0]
      server-sb: [Service-Bus-Resource-Provider/CH3]
      strict-transport-security: [max-age=31536000; includeSubDomains]
      x-content-type-options: [nosniff]
    status: {code: 202, message: Accepted}
- request:
    body: null
    headers:
      Accept: [application/json]
      Accept-Encoding: ['gzip, deflate']
      CommandName: [servicebus namespace delete]
      Connection: [keep-alive]
      Content-Type: [application/json; charset=utf-8]
      User-Agent: [python/3.6.4 (Windows-10-10.0.16299-SP0) requests/2.18.4 msrest/0.4.27
          msrest_azure/0.4.25 azure-mgmt-servicebus/0.4.0 Azure-SDK-For-Python AZURECLI/2.0.32]
      accept-language: [en-US]
    method: GET
    uri: https://management.azure.com/subscriptions/00000000-0000-0000-0000-000000000000/resourceGroups/cli_test_sb_alias000001/providers/Microsoft.ServiceBus/namespaces/sb-nscli000002/operationresults/sb-nscli000002?api-version=2017-04-01
  response:
    body: {string: ''}
    headers:
      cache-control: [no-cache]
      content-length: ['0']
      date: ['Wed, 11 Apr 2018 01:44:11 GMT']
      expires: ['-1']
      pragma: [no-cache]
      server: [Service-Bus-Resource-Provider/CH3, Microsoft-HTTPAPI/2.0]
      server-sb: [Service-Bus-Resource-Provider/CH3]
      strict-transport-security: [max-age=31536000; includeSubDomains]
      x-content-type-options: [nosniff]
    status: {code: 200, message: OK}
- request:
    body: null
    headers:
      Accept: [application/json]
      Accept-Encoding: ['gzip, deflate']
      CommandName: [servicebus namespace delete]
      Connection: [keep-alive]
      Content-Length: ['0']
      Content-Type: [application/json; charset=utf-8]
      User-Agent: [python/3.6.4 (Windows-10-10.0.16299-SP0) requests/2.18.4 msrest/0.4.27
          msrest_azure/0.4.25 azure-mgmt-servicebus/0.4.0 Azure-SDK-For-Python AZURECLI/2.0.32]
      accept-language: [en-US]
    method: DELETE
    uri: https://management.azure.com/subscriptions/00000000-0000-0000-0000-000000000000/resourceGroups/cli_test_sb_alias000001/providers/Microsoft.ServiceBus/namespaces/sb-nscli000003?api-version=2017-04-01
  response:
    body: {string: ''}
    headers:
      cache-control: [no-cache]
      content-length: ['0']
      date: ['Wed, 11 Apr 2018 01:44:13 GMT']
      expires: ['-1']
      location: ['https://management.azure.com/subscriptions/00000000-0000-0000-0000-000000000000/resourceGroups/cli_test_sb_alias000001/providers/Microsoft.ServiceBus/namespaces/sb-nscli000003/operationresults/sb-nscli000003?api-version=2017-04-01']
      pragma: [no-cache]
      server: [Service-Bus-Resource-Provider/CH3, Microsoft-HTTPAPI/2.0]
      server-sb: [Service-Bus-Resource-Provider/CH3]
      strict-transport-security: [max-age=31536000; includeSubDomains]
      x-content-type-options: [nosniff]
      x-ms-ratelimit-remaining-subscription-writes: ['1198']
    status: {code: 202, message: Accepted}
- request:
    body: null
    headers:
      Accept: [application/json]
      Accept-Encoding: ['gzip, deflate']
      CommandName: [servicebus namespace delete]
      Connection: [keep-alive]
      Content-Type: [application/json; charset=utf-8]
      User-Agent: [python/3.6.4 (Windows-10-10.0.16299-SP0) requests/2.18.4 msrest/0.4.27
          msrest_azure/0.4.25 azure-mgmt-servicebus/0.4.0 Azure-SDK-For-Python AZURECLI/2.0.32]
      accept-language: [en-US]
    method: GET
    uri: https://management.azure.com/subscriptions/00000000-0000-0000-0000-000000000000/resourceGroups/cli_test_sb_alias000001/providers/Microsoft.ServiceBus/namespaces/sb-nscli000003/operationresults/sb-nscli000003?api-version=2017-04-01
  response:
    body: {string: ''}
    headers:
      cache-control: [no-cache]
      content-length: ['0']
      date: ['Wed, 11 Apr 2018 01:44:43 GMT']
      expires: ['-1']
      location: ['https://management.azure.com/subscriptions/00000000-0000-0000-0000-000000000000/resourceGroups/cli_test_sb_alias000001/providers/Microsoft.ServiceBus/namespaces/sb-nscli000003/operationresults/sb-nscli000003?api-version=2017-04-01']
      pragma: [no-cache]
      server: [Service-Bus-Resource-Provider/CH3, Microsoft-HTTPAPI/2.0]
      server-sb: [Service-Bus-Resource-Provider/CH3]
      strict-transport-security: [max-age=31536000; includeSubDomains]
      x-content-type-options: [nosniff]
    status: {code: 202, message: Accepted}
- request:
    body: null
    headers:
      Accept: [application/json]
      Accept-Encoding: ['gzip, deflate']
      CommandName: [servicebus namespace delete]
      Connection: [keep-alive]
      Content-Type: [application/json; charset=utf-8]
      User-Agent: [python/3.6.4 (Windows-10-10.0.16299-SP0) requests/2.18.4 msrest/0.4.27
          msrest_azure/0.4.25 azure-mgmt-servicebus/0.4.0 Azure-SDK-For-Python AZURECLI/2.0.32]
      accept-language: [en-US]
    method: GET
    uri: https://management.azure.com/subscriptions/00000000-0000-0000-0000-000000000000/resourceGroups/cli_test_sb_alias000001/providers/Microsoft.ServiceBus/namespaces/sb-nscli000003/operationresults/sb-nscli000003?api-version=2017-04-01
  response:
    body: {string: ''}
    headers:
      cache-control: [no-cache]
      content-length: ['0']
      date: ['Wed, 11 Apr 2018 01:45:14 GMT']
      expires: ['-1']
      location: ['https://management.azure.com/subscriptions/00000000-0000-0000-0000-000000000000/resourceGroups/cli_test_sb_alias000001/providers/Microsoft.ServiceBus/namespaces/sb-nscli000003/operationresults/sb-nscli000003?api-version=2017-04-01']
      pragma: [no-cache]
      server: [Service-Bus-Resource-Provider/CH3, Microsoft-HTTPAPI/2.0]
      server-sb: [Service-Bus-Resource-Provider/CH3]
      strict-transport-security: [max-age=31536000; includeSubDomains]
      x-content-type-options: [nosniff]
    status: {code: 202, message: Accepted}
- request:
    body: null
    headers:
      Accept: [application/json]
      Accept-Encoding: ['gzip, deflate']
      CommandName: [servicebus namespace delete]
      Connection: [keep-alive]
      Content-Type: [application/json; charset=utf-8]
      User-Agent: [python/3.6.4 (Windows-10-10.0.16299-SP0) requests/2.18.4 msrest/0.4.27
          msrest_azure/0.4.25 azure-mgmt-servicebus/0.4.0 Azure-SDK-For-Python AZURECLI/2.0.32]
      accept-language: [en-US]
    method: GET
    uri: https://management.azure.com/subscriptions/00000000-0000-0000-0000-000000000000/resourceGroups/cli_test_sb_alias000001/providers/Microsoft.ServiceBus/namespaces/sb-nscli000003/operationresults/sb-nscli000003?api-version=2017-04-01
  response:
    body: {string: ''}
    headers:
      cache-control: [no-cache]
      content-length: ['0']
      date: ['Wed, 11 Apr 2018 01:45:46 GMT']
      expires: ['-1']
      pragma: [no-cache]
      server: [Service-Bus-Resource-Provider/CH3, Microsoft-HTTPAPI/2.0]
      server-sb: [Service-Bus-Resource-Provider/CH3]
      strict-transport-security: [max-age=31536000; includeSubDomains]
      x-content-type-options: [nosniff]
    status: {code: 200, message: OK}
- request:
    body: null
    headers:
      Accept: [application/json]
      Accept-Encoding: ['gzip, deflate']
      CommandName: [group delete]
      Connection: [keep-alive]
      Content-Length: ['0']
      Content-Type: [application/json; charset=utf-8]
      User-Agent: [python/3.6.4 (Windows-10-10.0.16299-SP0) requests/2.18.4 msrest/0.4.27
          msrest_azure/0.4.25 resourcemanagementclient/1.2.1 Azure-SDK-For-Python
          AZURECLI/2.0.32]
      accept-language: [en-US]
    method: DELETE
    uri: https://management.azure.com/subscriptions/00000000-0000-0000-0000-000000000000/resourcegroups/cli_test_sb_alias000001?api-version=2018-05-01
  response:
    body: {string: ''}
    headers:
      cache-control: [no-cache]
      content-length: ['0']
      date: ['Wed, 11 Apr 2018 01:45:47 GMT']
      expires: ['-1']
      location: ['https://management.azure.com/subscriptions/00000000-0000-0000-0000-000000000000/operationresults/eyJqb2JJZCI6IlJFU09VUkNFR1JPVVBERUxFVElPTkpPQi1DTEk6NUZURVNUOjVGU0I6NUZBTElBU0ZCNkVOMjRXV0VNQ0pPNk9JNlNNRUFHU3w2ODVGQkU1RDU2QzZBMzk1LVdFU1RVUyIsImpvYkxvY2F0aW9uIjoid2VzdHVzIn0?api-version=2018-05-01']
      pragma: [no-cache]
      strict-transport-security: [max-age=31536000; includeSubDomains]
      x-content-type-options: [nosniff]
      x-ms-ratelimit-remaining-subscription-writes: ['1197']
    status: {code: 202, message: Accepted}
version: 1
