interactions:
- request:
    body: null
    headers:
      Accept:
      - application/json
      Accept-Encoding:
      - gzip, deflate
      CommandName:
      - containerapp env show
      Connection:
      - keep-alive
      ParameterSetName:
      - -g -n
      User-Agent:
      - AZURECLI/2.63.0 azsdk-python-core/1.28.0 Python/3.10.11 (Windows-10-10.0.22631-SP0)
    method: GET
    uri: https://management.azure.com/subscriptions/00000000-0000-0000-0000-000000000000/providers/Microsoft.App?api-version=2022-09-01
  response:
    body:
      string: '{"id":"/subscriptions/00000000-0000-0000-0000-000000000000/providers/Microsoft.App","namespace":"Microsoft.App","authorizations":[{"applicationId":"7e3bc4fd-85a3-4192-b177-5b8bfc87f42c","roleDefinitionId":"39a74f72-b40f-4bdc-b639-562fe2260bf0"},{"applicationId":"3734c1a4-2bed-4998-a37a-ff1a9e7bf019","roleDefinitionId":"5c779a4f-5cb2-4547-8c41-478d9be8ba90"},{"applicationId":"55ebbb62-3b9c-49fd-9b87-9595226dd4ac","roleDefinitionId":"e49ca620-7992-4561-a7df-4ed67dad77b5","managedByRoleDefinitionId":"9e3af657-a8ff-583c-a75c-2fe7c4bcb635"},{"applicationId":"1459b1f6-7a5b-4300-93a2-44b4a651759f","roleDefinitionId":"3c5f1b29-9e3d-4a22-b5d6-9ff4e5a37974"}],"resourceTypes":[{"resourceType":"spaces","locations":["Central
        US","East Asia","West Europe","East US 2 EUAP"],"apiVersions":["2023-11-02-preview"],"defaultApiVersion":"2023-11-02-preview","capabilities":"SupportsTags,
        SupportsLocation"},{"resourceType":"operations","locations":["North Central
        US","West Europe"],"apiVersions":["2024-03-01","2024-02-02-preview","2023-11-02-preview","2023-08-01-preview","2023-05-02-preview","2023-05-01","2023-04-01-preview","2023-02-01","2022-11-01-preview","2022-10-01","2022-06-01-preview","2022-03-01"],"defaultApiVersion":"2023-11-02-preview","capabilities":"None"},{"resourceType":"managedEnvironments","locations":["Central
        US EUAP","East US 2 EUAP","North Central US (Stage)","West US 2","Southeast
        Asia","Sweden Central","Canada Central","West Europe","North Europe","East
        US","East US 2","East Asia","Australia East","Germany West Central","Japan
        East","UK South","West US","Central US","North Central US","South Central
        US","Korea Central","Brazil South","West US 3","France Central","South Africa
        North","Norway East","Switzerland North","UAE North","Canada East","West Central
        US","UK West","Central India","Switzerland West","Italy North","Poland Central","South
        India"],"apiVersions":["2024-08-02-preview","2024-03-01","2024-02-02-preview","2023-11-02-preview","2023-08-01-preview","2023-05-02-preview","2023-05-01","2023-04-01-preview","2022-11-01-preview","2022-10-01","2022-06-01-preview","2022-03-01"],"defaultApiVersion":"2023-05-01","capabilities":"CrossResourceGroupResourceMove,
        CrossSubscriptionResourceMove, SystemAssignedResourceIdentity, SupportsTags,
        SupportsLocation"},{"resourceType":"managedEnvironments/certificates","locations":["Central
        US EUAP","East US 2 EUAP","North Central US (Stage)","West US 2","Southeast
        Asia","Sweden Central","Canada Central","West Europe","North Europe","East
        US","East US 2","East Asia","Australia East","Germany West Central","Japan
        East","UK South","West US","Central US","North Central US","South Central
        US","Korea Central","Brazil South","West US 3","France Central","South Africa
        North","Norway East","Switzerland North","UAE North","Canada East","West Central
        US","UK West","Central India","Switzerland West","Italy North","Poland Central","South
        India"],"apiVersions":["2024-08-02-preview","2024-03-01","2024-02-02-preview","2023-11-02-preview","2023-08-01-preview","2023-05-02-preview","2023-05-01","2023-04-01-preview","2022-11-01-preview","2022-10-01","2022-06-01-preview","2022-03-01"],"defaultApiVersion":"2023-05-01","capabilities":"CrossResourceGroupResourceMove,
        CrossSubscriptionResourceMove, SupportsTags, SupportsLocation"},{"resourceType":"managedEnvironments/managedCertificates","locations":["Central
        US EUAP","East US 2 EUAP","North Central US (Stage)","West US 2","Southeast
        Asia","Sweden Central","Canada Central","West Europe","North Europe","East
        US","East US 2","East Asia","Australia East","Germany West Central","Japan
        East","UK South","West US","Central US","North Central US","South Central
        US","Korea Central","Brazil South","West US 3","France Central","South Africa
        North","Norway East","Switzerland North","UAE North","Canada East","West Central
        US","UK West","Central India","Switzerland West","Italy North","Poland Central","South
        India"],"apiVersions":["2024-08-02-preview","2024-03-01","2024-02-02-preview","2023-11-02-preview","2023-08-01-preview","2023-05-02-preview","2023-05-01","2023-04-01-preview","2022-11-01-preview"],"defaultApiVersion":"2023-05-01","capabilities":"CrossResourceGroupResourceMove,
        CrossSubscriptionResourceMove, SupportsTags, SupportsLocation"},{"resourceType":"containerApps","locations":["Central
        US EUAP","East US 2 EUAP","North Central US (Stage)","West US 2","Southeast
        Asia","Sweden Central","Canada Central","West Europe","North Europe","East
        US","East US 2","East Asia","Australia East","Germany West Central","Japan
        East","UK South","West US","Central US","North Central US","South Central
        US","Korea Central","Brazil South","West US 3","France Central","South Africa
        North","Norway East","Switzerland North","UAE North","Canada East","West Central
        US","UK West","Central India","Switzerland West","Italy North","Poland Central","South
        India"],"apiVersions":["2024-08-02-preview","2024-03-01","2024-02-02-preview","2023-11-02-preview","2023-08-01-preview","2023-05-02-preview","2023-05-01","2023-04-01-preview","2022-11-01-preview","2022-10-01","2022-06-01-preview","2022-03-01"],"defaultApiVersion":"2023-05-01","capabilities":"CrossResourceGroupResourceMove,
        CrossSubscriptionResourceMove, SystemAssignedResourceIdentity, SupportsTags,
        SupportsLocation"},{"resourceType":"containerApps/privateEndpointConnectionProxies","locations":["Central
        US EUAP","East US 2 EUAP","North Central US (Stage)","West US 2","Southeast
        Asia","Sweden Central","Canada Central","West Europe","North Europe","East
        US","East US 2","East Asia","Australia East","Germany West Central","Japan
        East","UK South","West US","Central US","North Central US","South Central
        US","Korea Central","Brazil South","West US 3","France Central","South Africa
        North","Norway East","Switzerland North","UAE North","Canada East","West Central
        US","UK West","Central India","Switzerland West","Italy North","Poland Central","South
        India"],"apiVersions":["2024-08-02-preview","2024-02-02-preview","2023-11-02-preview"],"defaultApiVersion":"2023-11-02-preview","capabilities":"None"},{"resourceType":"managedEnvironments/privateEndpointConnectionProxies","locations":["Central
        US EUAP","East US 2 EUAP","North Central US (Stage)","West US 2","Southeast
        Asia","Sweden Central","Canada Central","West Europe","North Europe","East
        US","East US 2","East Asia","Australia East","Germany West Central","Japan
        East","UK South","West US","Central US","North Central US","South Central
        US","Korea Central","Brazil South","West US 3","France Central","South Africa
        North","Norway East","Switzerland North","UAE North","Canada East","West Central
        US","UK West","Central India","Switzerland West","Italy North","Poland Central","South
        India"],"apiVersions":["2024-08-02-preview","2024-02-02-preview","2023-11-02-preview"],"defaultApiVersion":"2023-11-02-preview","capabilities":"None"},{"resourceType":"sessionPools","locations":["North
        Central US (Stage)","Central US EUAP","East US 2 EUAP","West US 2","North
        Europe","East US","East Asia","North Central US","Germany West Central","Poland
        Central","Italy North","Switzerland North","Sweden Central","Norway East"],"apiVersions":["2024-08-02-preview","2024-02-02-preview","2023-11-02-preview","2023-08-01-preview"],"defaultApiVersion":"2024-02-02-preview","capabilities":"CrossResourceGroupResourceMove,
        CrossSubscriptionResourceMove, SystemAssignedResourceIdentity, SupportsTags,
        SupportsLocation"},{"resourceType":"jobs","locations":["Central US EUAP","East
        US 2 EUAP","North Central US (Stage)","West US 2","Southeast Asia","Sweden
        Central","Canada Central","West Europe","North Europe","East US","East US
        2","East Asia","Australia East","Germany West Central","Japan East","UK South","West
        US","Central US","North Central US","South Central US","Korea Central","Brazil
        South","West US 3","France Central","South Africa North","Norway East","Switzerland
        North","UAE North","Canada East","West Central US","UK West","Central India","Switzerland
        West","Italy North","Poland Central","South India"],"apiVersions":["2024-08-02-preview","2024-03-01","2024-02-02-preview","2023-11-02-preview","2023-08-01-preview","2023-05-02-preview","2023-05-01","2023-04-01-preview","2022-11-01-preview"],"defaultApiVersion":"2023-05-01","capabilities":"CrossResourceGroupResourceMove,
        CrossSubscriptionResourceMove, SystemAssignedResourceIdentity, SupportsTags,
        SupportsLocation"},{"resourceType":"locations","locations":[],"apiVersions":["2024-08-02-preview","2024-03-01","2024-02-02-preview","2023-11-02-preview","2023-08-01-preview","2023-05-02-preview","2023-05-01","2023-04-01-preview","2022-11-01-preview","2022-10-01","2022-06-01-preview","2022-03-01"],"defaultApiVersion":"2023-05-01","capabilities":"None"},{"resourceType":"locations/managedEnvironmentOperationResults","locations":["Central
        US EUAP","East US 2 EUAP","North Central US (Stage)","West US 2","Southeast
        Asia","Sweden Central","Canada Central","West Europe","North Europe","East
        US","East US 2","East Asia","Australia East","Germany West Central","Japan
        East","UK South","West US","Central US","North Central US","South Central
        US","Korea Central","Brazil South","West US 3","France Central","South Africa
        North","Norway East","Switzerland North","UAE North","Canada East","West Central
        US","UK West","Central India","Switzerland West","Italy North","Poland Central","South
        India"],"apiVersions":["2024-08-02-preview","2024-03-01","2024-02-02-preview","2023-11-02-preview","2023-08-01-preview","2023-05-02-preview","2023-05-01","2023-04-01-preview","2022-11-01-preview","2022-10-01","2022-06-01-preview","2022-03-01"],"defaultApiVersion":"2023-05-01","capabilities":"None"},{"resourceType":"locations/managedEnvironmentOperationStatuses","locations":["Central
        US EUAP","East US 2 EUAP","North Central US (Stage)","West US 2","Southeast
        Asia","Sweden Central","Canada Central","West Europe","North Europe","East
        US","East US 2","East Asia","Australia East","Germany West Central","Japan
        East","UK South","West US","Central US","North Central US","South Central
        US","Korea Central","Brazil South","West US 3","France Central","South Africa
        North","Norway East","Switzerland North","UAE North","Canada East","West Central
        US","UK West","Central India","Switzerland West","Italy North","Poland Central","South
        India"],"apiVersions":["2024-08-02-preview","2024-03-01","2024-02-02-preview","2023-11-02-preview","2023-08-01-preview","2023-05-02-preview","2023-05-01","2023-04-01-preview","2022-11-01-preview","2022-10-01","2022-06-01-preview","2022-03-01"],"defaultApiVersion":"2023-05-01","capabilities":"None"},{"resourceType":"locations/containerappOperationResults","locations":["Central
        US EUAP","East US 2 EUAP","North Central US (Stage)","West US 2","Southeast
        Asia","Sweden Central","Canada Central","West Europe","North Europe","East
        US","East US 2","East Asia","Australia East","Germany West Central","Japan
        East","UK South","West US","Central US","North Central US","South Central
        US","Korea Central","Brazil South","West US 3","France Central","South Africa
        North","Norway East","Switzerland North","UAE North","Canada East","West Central
        US","UK West","Central India","Switzerland West","Italy North","Poland Central","South
        India"],"apiVersions":["2024-08-02-preview","2024-03-01","2024-02-02-preview","2023-11-02-preview","2023-08-01-preview","2023-05-02-preview","2023-05-01","2023-04-01-preview","2022-11-01-preview","2022-10-01","2022-06-01-preview","2022-03-01"],"defaultApiVersion":"2023-05-01","capabilities":"None"},{"resourceType":"locations/containerappOperationStatuses","locations":["Central
        US EUAP","East US 2 EUAP","North Central US (Stage)","West US 2","Southeast
        Asia","Sweden Central","Canada Central","West Europe","North Europe","East
        US","East US 2","East Asia","Australia East","Germany West Central","Japan
        East","UK South","West US","Central US","North Central US","South Central
        US","Korea Central","Brazil South","West US 3","France Central","South Africa
        North","Norway East","Switzerland North","UAE North","Canada East","West Central
        US","UK West","Central India","Switzerland West","Italy North","Poland Central","South
        India"],"apiVersions":["2024-08-02-preview","2024-03-01","2024-02-02-preview","2023-11-02-preview","2023-08-01-preview","2023-05-02-preview","2023-05-01","2023-04-01-preview","2022-11-01-preview","2022-10-01","2022-06-01-preview","2022-03-01"],"defaultApiVersion":"2023-05-01","capabilities":"None"},{"resourceType":"locations/containerappsjobOperationResults","locations":["Central
        US EUAP","East US 2 EUAP","North Central US (Stage)","West US 2","Southeast
        Asia","Sweden Central","Canada Central","West Europe","North Europe","East
        US","East US 2","East Asia","Australia East","Germany West Central","Japan
        East","UK South","West US","Central US","North Central US","South Central
        US","Korea Central","Brazil South","West US 3","France Central","South Africa
        North","Norway East","Switzerland North","UAE North","Canada East","West Central
        US","UK West","Central India","Switzerland West","Italy North","Poland Central","South
        India"],"apiVersions":["2024-08-02-preview","2024-03-01","2024-02-02-preview","2023-11-02-preview","2023-08-01-preview","2023-05-02-preview","2023-05-01","2023-04-01-preview","2022-11-01-preview"],"defaultApiVersion":"2023-05-01","capabilities":"None"},{"resourceType":"locations/containerappsjobOperationStatuses","locations":["Central
        US EUAP","East US 2 EUAP","North Central US (Stage)","West US 2","Southeast
        Asia","Sweden Central","Canada Central","West Europe","North Europe","East
        US","East US 2","East Asia","Australia East","Germany West Central","Japan
        East","UK South","West US","Central US","North Central US","South Central
        US","Korea Central","Brazil South","West US 3","France Central","South Africa
        North","Norway East","Switzerland North","UAE North","Canada East","West Central
        US","UK West","Central India","Switzerland West","Italy North","Poland Central","South
        India"],"apiVersions":["2024-08-02-preview","2024-03-01","2024-02-02-preview","2023-11-02-preview","2023-08-01-preview","2023-05-02-preview","2023-05-01","2023-04-01-preview","2022-11-01-preview"],"defaultApiVersion":"2023-05-01","capabilities":"None"},{"resourceType":"locations/sourceControlOperationResults","locations":["Central
        US EUAP","East US 2 EUAP","North Central US (Stage)","West US 2","Southeast
        Asia","Sweden Central","Canada Central","West Europe","North Europe","East
        US","East US 2","East Asia","Australia East","Germany West Central","Japan
        East","UK South","West US","Central US","North Central US","South Central
        US","Korea Central","Brazil South","West US 3","France Central","South Africa
        North","Norway East","Switzerland North","UAE North","Canada East","West Central
        US","UK West","Central India","Switzerland West","Italy North","Poland Central","South
        India"],"apiVersions":["2024-08-02-preview","2024-03-01","2024-02-02-preview","2023-11-02-preview","2023-08-01-preview","2023-05-02-preview","2023-05-01","2023-04-01-preview","2022-11-01-preview","2022-10-01","2022-06-01-preview","2022-03-01"],"defaultApiVersion":"2023-05-01","capabilities":"None"},{"resourceType":"locations/sourceControlOperationStatuses","locations":["Central
        US EUAP","East US 2 EUAP","North Central US (Stage)","West US 2","Southeast
        Asia","Sweden Central","Canada Central","West Europe","North Europe","East
        US","East US 2","East Asia","Australia East","Germany West Central","Japan
        East","UK South","West US","Central US","North Central US","South Central
        US","Korea Central","Brazil South","West US 3","France Central","South Africa
        North","Norway East","Switzerland North","UAE North","Canada East","West Central
        US","UK West","Central India","Switzerland West","Italy North","Poland Central","South
        India"],"apiVersions":["2024-08-02-preview","2024-03-01","2024-02-02-preview","2023-11-02-preview","2023-08-01-preview","2023-05-02-preview","2023-05-01","2023-04-01-preview","2022-11-01-preview","2022-10-01","2022-06-01-preview","2022-03-01"],"defaultApiVersion":"2023-05-01","capabilities":"None"},{"resourceType":"locations/usages","locations":["Central
        US EUAP","East US 2 EUAP","North Central US (Stage)","West US 2","Southeast
        Asia","Sweden Central","Canada Central","West Europe","North Europe","East
        US","East US 2","East Asia","Australia East","Germany West Central","Japan
        East","UK South","West US","Central US","North Central US","South Central
        US","Korea Central","Brazil South","West US 3","France Central","South Africa
        North","Norway East","Switzerland North","UAE North","Canada East","West Central
        US","UK West","Central India","Switzerland West","Italy North","Poland Central","South
        India"],"apiVersions":["2024-08-02-preview","2024-03-01","2024-02-02-preview","2023-11-02-preview","2023-08-01-preview","2023-05-02-preview"],"defaultApiVersion":"2023-05-02-preview","capabilities":"None"},{"resourceType":"connectedEnvironments","locations":["Central
        US EUAP","East US 2 EUAP","North Central US (Stage)","North Central US","East
        US","East Asia","West Europe","Southeast Asia"],"apiVersions":["2024-08-02-preview","2024-03-01","2024-02-02-preview","2023-11-02-preview","2023-08-01-preview","2023-05-02-preview","2023-05-01","2023-04-01-preview","2022-11-01-preview","2022-10-01","2022-06-01-preview"],"defaultApiVersion":"2023-05-01","capabilities":"CrossResourceGroupResourceMove,
        CrossSubscriptionResourceMove, SupportsTags, SupportsLocation"},{"resourceType":"connectedEnvironments/certificates","locations":["Central
        US EUAP","East US 2 EUAP","North Central US (Stage)","North Central US","East
        US","East Asia","West Europe","Southeast Asia"],"apiVersions":["2024-08-02-preview","2024-03-01","2024-02-02-preview","2023-11-02-preview","2023-08-01-preview","2023-05-02-preview","2023-05-01","2023-04-01-preview","2022-11-01-preview","2022-10-01","2022-06-01-preview"],"defaultApiVersion":"2023-05-01","capabilities":"CrossResourceGroupResourceMove,
        CrossSubscriptionResourceMove, SupportsTags, SupportsLocation"},{"resourceType":"locations/connectedEnvironmentOperationResults","locations":["Central
        US EUAP","East US 2 EUAP","North Central US (Stage)","North Central US","East
        US","East Asia","West Europe","Southeast Asia"],"apiVersions":["2024-08-02-preview","2024-03-01","2024-02-02-preview","2023-11-02-preview","2023-08-01-preview","2023-05-02-preview","2023-05-01","2023-04-01-preview","2022-11-01-preview","2022-10-01","2022-06-01-preview"],"defaultApiVersion":"2023-05-01","capabilities":"None"},{"resourceType":"locations/connectedEnvironmentOperationStatuses","locations":["Central
        US EUAP","East US 2 EUAP","North Central US (Stage)","North Central US","East
        US","East Asia","West Europe","Southeast Asia"],"apiVersions":["2024-08-02-preview","2024-03-01","2024-02-02-preview","2023-11-02-preview","2023-08-01-preview","2023-05-02-preview","2023-05-01","2023-04-01-preview","2022-11-01-preview","2022-10-01","2022-06-01-preview"],"defaultApiVersion":"2023-05-01","capabilities":"None"},{"resourceType":"locations/managedCertificateOperationStatuses","locations":["Central
        US EUAP","East US 2 EUAP","North Central US (Stage)","West US 2","Southeast
        Asia","Sweden Central","Canada Central","West Europe","North Europe","East
        US","East US 2","East Asia","Australia East","Germany West Central","Japan
        East","UK South","West US","Central US","North Central US","South Central
        US","Korea Central","Brazil South","West US 3","France Central","South Africa
        North","Norway East","Switzerland North","UAE North","Canada East","West Central
        US","UK West","Central India","Switzerland West","Italy North","Poland Central","South
        India"],"apiVersions":["2024-08-02-preview","2024-03-01","2024-02-02-preview","2023-11-02-preview","2023-08-01-preview","2023-05-02-preview","2023-05-01","2023-04-01-preview","2022-11-01-preview"],"defaultApiVersion":"2023-05-01","capabilities":"None"},{"resourceType":"locations/billingMeters","locations":["Central
        US EUAP","East US 2 EUAP","North Central US (Stage)","West US 2","Southeast
        Asia","Sweden Central","Canada Central","West Europe","North Europe","East
        US","East US 2","East Asia","Australia East","Germany West Central","Japan
        East","UK South","West US","Central US","North Central US","South Central
        US","Korea Central","Brazil South","West US 3","France Central","South Africa
        North","Norway East","Switzerland North","UAE North","Canada East","West Central
        US","UK West","Central India","Switzerland West","Italy North","Poland Central","South
        India"],"apiVersions":["2024-08-02-preview","2024-03-01","2024-02-02-preview","2023-11-02-preview","2023-08-01-preview","2023-05-02-preview","2023-05-01","2023-04-01-preview","2022-11-01-preview","2022-10-01","2022-06-01-preview"],"defaultApiVersion":"2023-05-01","capabilities":"None"},{"resourceType":"locations/availableManagedEnvironmentsWorkloadProfileTypes","locations":["Central
        US EUAP","East US 2 EUAP","North Central US (Stage)","West US 2","Southeast
        Asia","Sweden Central","Canada Central","West Europe","North Europe","East
        US","East US 2","East Asia","Australia East","Germany West Central","Japan
        East","UK South","West US","Central US","North Central US","South Central
        US","Korea Central","Brazil South","West US 3","France Central","South Africa
        North","Norway East","Switzerland North","UAE North","Canada East","West Central
        US","UK West","Central India","Switzerland West","Italy North","Poland Central","South
        India"],"apiVersions":["2024-08-02-preview","2024-03-01","2024-02-02-preview","2023-11-02-preview","2023-08-01-preview","2023-05-02-preview","2023-05-01","2023-04-01-preview","2022-11-01-preview","2022-10-01","2022-06-01-preview"],"defaultApiVersion":"2023-05-01","capabilities":"None"},{"resourceType":"getCustomDomainVerificationId","locations":["Central
        US EUAP","East US 2 EUAP","North Central US (Stage)","West US 2","Southeast
        Asia","Sweden Central","Canada Central","West Europe","North Europe","East
        US","East US 2","East Asia","Australia East","Germany West Central","Japan
        East","UK South","West US","Central US","North Central US","South Central
        US","Korea Central","Brazil South","West US 3","France Central","South Africa
        North","Norway East","Switzerland North","UAE North","Canada East","West Central
        US","UK West","Central India","Italy North","Poland Central","South India","Switzerland
        West"],"apiVersions":["2024-08-02-preview","2024-03-01","2024-02-02-preview","2023-11-02-preview","2023-08-01-preview","2023-05-02-preview"],"defaultApiVersion":"2023-05-02-preview","capabilities":"None"},{"resourceType":"builders","locations":["Central
        US EUAP","East US 2 EUAP","North Central US (Stage)","West US 2","Southeast
        Asia","Sweden Central","Canada Central","West Europe","North Europe","East
        US","East US 2","East Asia","Australia East","Germany West Central","Japan
        East","UK South","West US","Central US","North Central US","South Central
        US","Korea Central","Brazil South","West US 3","France Central","South Africa
        North","Norway East","Switzerland North","UAE North","Canada East","West Central
        US","UK West","Central India","Switzerland West","Italy North","Poland Central","South
        India"],"apiVersions":["2024-08-02-preview","2024-02-02-preview","2023-11-02-preview","2023-08-01-preview"],"defaultApiVersion":"2023-08-01-preview","capabilities":"CrossResourceGroupResourceMove,
        CrossSubscriptionResourceMove, SystemAssignedResourceIdentity, SupportsTags,
        SupportsLocation"},{"resourceType":"builders/builds","locations":["Central
        US EUAP","East US 2 EUAP","North Central US (Stage)","West US 2","Southeast
        Asia","Sweden Central","Canada Central","West Europe","North Europe","East
        US","East US 2","East Asia","Australia East","Germany West Central","Japan
        East","UK South","West US","Central US","North Central US","South Central
        US","Korea Central","Brazil South","West US 3","France Central","South Africa
        North","Norway East","Switzerland North","UAE North","Canada East","West Central
        US","UK West","Central India","Switzerland West","Italy North","Poland Central","South
        India"],"apiVersions":["2024-08-02-preview","2024-02-02-preview","2023-11-02-preview","2023-08-01-preview"],"defaultApiVersion":"2023-08-01-preview","capabilities":"None"},{"resourceType":"builders/patches","locations":["Switzerland
        West","South India"],"apiVersions":["2024-08-02-preview","2024-02-02-preview","2023-11-02-preview","2023-08-01-preview"],"defaultApiVersion":"2023-08-01-preview","capabilities":"None"},{"resourceType":"locations/OperationResults","locations":["Central
        US EUAP","East US 2 EUAP","North Central US (Stage)","West US 2","Southeast
        Asia","Sweden Central","Canada Central","West Europe","North Europe","East
        US","East US 2","East Asia","Australia East","Germany West Central","Japan
        East","UK South","West US","Central US","North Central US","South Central
        US","Korea Central","Brazil South","West US 3","France Central","South Africa
        North","Norway East","Switzerland North","UAE North","Canada East","West Central
        US","UK West","Central India","Switzerland West","Italy North","Poland Central","South
        India"],"apiVersions":["2024-08-02-preview","2024-02-02-preview","2023-11-02-preview","2023-08-01-preview"],"defaultApiVersion":"2023-08-01-preview","capabilities":"None"},{"resourceType":"locations/OperationStatuses","locations":["Central
        US EUAP","East US 2 EUAP","North Central US (Stage)","West US 2","Southeast
        Asia","Sweden Central","Canada Central","West Europe","North Europe","East
        US","East US 2","East Asia","Australia East","Germany West Central","Japan
        East","UK South","West US","Central US","North Central US","South Central
        US","Korea Central","Brazil South","West US 3","France Central","South Africa
        North","Norway East","Switzerland North","UAE North","Canada East","West Central
        US","UK West","Central India","Switzerland West","Italy North","Poland Central","South
        India"],"apiVersions":["2024-08-02-preview","2024-02-02-preview","2023-11-02-preview","2023-08-01-preview"],"defaultApiVersion":"2023-08-01-preview","capabilities":"None"},{"resourceType":"managedEnvironments/dotNetComponents","locations":["Central
        US EUAP","East US 2 EUAP","North Central US (Stage)","West US 2","Southeast
        Asia","Sweden Central","Canada Central","West Europe","North Europe","East
        US","East US 2","East Asia","Australia East","Germany West Central","Japan
        East","UK South","West US","Central US","North Central US","South Central
        US","Korea Central","Brazil South","West US 3","France Central","South Africa
        North","Norway East","Switzerland North","UAE North","Canada East","West Central
        US","UK West","Central India","Switzerland West","Italy North","Poland Central","South
        India"],"apiVersions":["2024-08-02-preview","2024-02-02-preview","2023-11-02-preview"],"defaultApiVersion":"2023-11-02-preview","capabilities":"None"},{"resourceType":"managedEnvironments/javaComponents","locations":["Central
        US EUAP","East US 2 EUAP","North Central US (Stage)","West US 2","Southeast
        Asia","Sweden Central","Canada Central","West Europe","North Europe","East
        US","East US 2","East Asia","Australia East","Germany West Central","Japan
        East","UK South","West US","Central US","North Central US","South Central
        US","Korea Central","Brazil South","West US 3","France Central","South Africa
        North","Norway East","Switzerland North","UAE North","Canada East","West Central
        US","UK West","Central India","Switzerland West","Italy North","Poland Central","South
        India"],"apiVersions":["2024-08-02-preview","2024-02-02-preview","2023-11-02-preview"],"defaultApiVersion":"2023-11-02-preview","capabilities":"None"},{"resourceType":"managedEnvironments/daprComponents","locations":["Central
        US EUAP","East US 2 EUAP","North Central US (Stage)","West US 2","Southeast
        Asia","Sweden Central","Canada Central","West Europe","North Europe","East
        US","East US 2","East Asia","Australia East","Germany West Central","Japan
        East","UK South","West US","Central US","North Central US","South Central
        US","Korea Central","Brazil South","West US 3","France Central","South Africa
        North","Norway East","Switzerland North","UAE North","Canada East","West Central
        US","UK West","Central India","Switzerland West","Italy North","Poland Central","South
        India"],"apiVersions":["2024-08-02-preview","2024-03-01","2024-02-02-preview","2023-11-02-preview","2023-08-01-preview","2023-05-02-preview","2023-05-01","2023-04-01-preview","2022-11-01-preview","2022-10-01","2022-06-01-preview","2022-03-01"],"defaultApiVersion":"2023-05-01","capabilities":"None"},{"resourceType":"functions","locations":["Central
        US EUAP","East US 2 EUAP","North Central US (Stage)","West Central US","West
        US 2","Southeast Asia","Sweden Central","Canada Central","West Europe","North
        Europe","East US","East US 2","East Asia","Australia East","Germany West Central","Japan
        East","UK South","West US","Central US","North Central US","South Central
        US","Korea Central","Brazil South","West US 3","France Central","South Africa
        North","Norway East","Switzerland North","UAE North","Canada East","UK West","Central
        India","Switzerland West","Italy North","Poland Central","South India"],"apiVersions":["2024-08-02-preview","2024-02-02-preview"],"capabilities":"SupportsExtension"},{"resourceType":"logicApps","locations":["Central
        US EUAP","North Central US (Stage)","West Europe"],"apiVersions":["2024-08-02-preview","2024-02-02-preview"],"capabilities":"SupportsExtension"}],"registrationState":"Registered","registrationPolicy":"RegistrationRequired"}'
    headers:
      cache-control:
      - no-cache
      content-length:
      - '29432'
      content-type:
      - application/json; charset=utf-8
      date:
      - Thu, 22 Aug 2024 08:36:54 GMT
      expires:
      - '-1'
      pragma:
      - no-cache
      strict-transport-security:
      - max-age=31536000; includeSubDomains
      x-cache:
      - CONFIG_NOCACHE
      x-content-type-options:
      - nosniff
      x-msedge-ref:
      - 'Ref A: C98003A867BB4405942BAB9CA117D153 Ref B: MAA201060514035 Ref C: 2024-08-22T08:36:54Z'
    status:
      code: 200
      message: OK
- request:
    body: null
    headers:
      Accept:
      - '*/*'
      Accept-Encoding:
      - gzip, deflate
      CommandName:
      - containerapp env show
      Connection:
      - keep-alive
      ParameterSetName:
      - -g -n
      User-Agent:
      - python/3.10.11 (Windows-10-10.0.22631-SP0) AZURECLI/2.63.0
    method: GET
    uri: https://management.azure.com/subscriptions/00000000-0000-0000-0000-000000000000/resourceGroups/client.env_rg_eastus/providers/Microsoft.App/managedEnvironments/env-eastus?api-version=2024-03-01
  response:
    body:
      string: '{"id":"/subscriptions/00000000-0000-0000-0000-000000000000/resourceGroups/client.env_rg_eastus/providers/Microsoft.App/managedEnvironments/env-eastus","name":"env-eastus","type":"Microsoft.App/managedEnvironments","location":"East
        US","systemData":{"createdBy":"xinyupang@microsoft.com","createdByType":"User","createdAt":"2023-10-23T04:59:04.4655929","lastModifiedBy":"xinyupang@microsoft.com","lastModifiedByType":"User","lastModifiedAt":"2023-11-10T02:41:49.4366892"},"properties":{"provisioningState":"Succeeded","daprAIInstrumentationKey":null,"daprAIConnectionString":null,"vnetConfiguration":null,"defaultDomain":"whitebeach-63bf60a5.eastus.azurecontainerapps.io","staticIp":"52.224.202.83","appLogsConfiguration":{"destination":null,"logAnalyticsConfiguration":null},"zoneRedundant":false,"kedaConfiguration":{"version":"2.14.0"},"daprConfiguration":{"version":"1.12.5"},"eventStreamEndpoint":"https://eastus.azurecontainerapps.dev/subscriptions/00000000-0000-0000-0000-000000000000/resourceGroups/client.env_rg_eastus/managedEnvironments/env-eastus/eventstream","customDomainConfiguration":{"customDomainVerificationId":"D3F71C85EB6552E36A89A3E4A080C3CFB00181670B659B0003264FC673AA9B00","dnsSuffix":null,"certificateValue":null,"certificatePassword":null,"thumbprint":null,"subjectName":null,"expirationDate":null},"workloadProfiles":[{"workloadProfileType":"Consumption","name":"Consumption"},{"workloadProfileType":"D8","name":"wpname","minimumCount":1,"maximumCount":8}],"infrastructureResourceGroup":null,"peerAuthentication":{"mtls":{"enabled":false}},"peerTrafficConfiguration":{"encryption":{"enabled":false}}}}'
    headers:
      api-supported-versions:
      - 2022-03-01, 2022-06-01-preview, 2022-10-01, 2022-11-01-preview, 2023-04-01-preview,
        2023-05-01, 2023-05-02-preview, 2023-08-01-preview, 2023-11-02-preview, 2024-02-02-preview,
        2024-03-01, 2024-08-02-preview
      cache-control:
      - no-cache
      content-length:
      - '1627'
      content-type:
      - application/json; charset=utf-8
      date:
      - Thu, 22 Aug 2024 08:36:55 GMT
      expires:
      - '-1'
      pragma:
      - no-cache
      strict-transport-security:
      - max-age=31536000; includeSubDomains
      vary:
      - Accept-Encoding
      x-cache:
      - CONFIG_NOCACHE
      x-content-type-options:
      - nosniff
      x-msedge-ref:
      - 'Ref A: 67FACF79A3934E0C875B7E922A137BA6 Ref B: MAA201060513053 Ref C: 2024-08-22T08:36:55Z'
      x-powered-by:
      - ASP.NET
    status:
      code: 200
      message: OK
- request:
    body: null
    headers:
      Accept:
      - application/json
      Accept-Encoding:
      - gzip, deflate
      CommandName:
      - containerapp create
      Connection:
      - keep-alive
      ParameterSetName:
      - -g -n --environment --min-replicas --ingress --target-port
      User-Agent:
      - AZURECLI/2.63.0 azsdk-python-core/1.28.0 Python/3.10.11 (Windows-10-10.0.22631-SP0)
    method: GET
    uri: https://management.azure.com/subscriptions/00000000-0000-0000-0000-000000000000/providers/Microsoft.App?api-version=2022-09-01
  response:
    body:
      string: '{"id":"/subscriptions/00000000-0000-0000-0000-000000000000/providers/Microsoft.App","namespace":"Microsoft.App","authorizations":[{"applicationId":"7e3bc4fd-85a3-4192-b177-5b8bfc87f42c","roleDefinitionId":"39a74f72-b40f-4bdc-b639-562fe2260bf0"},{"applicationId":"3734c1a4-2bed-4998-a37a-ff1a9e7bf019","roleDefinitionId":"5c779a4f-5cb2-4547-8c41-478d9be8ba90"},{"applicationId":"55ebbb62-3b9c-49fd-9b87-9595226dd4ac","roleDefinitionId":"e49ca620-7992-4561-a7df-4ed67dad77b5","managedByRoleDefinitionId":"9e3af657-a8ff-583c-a75c-2fe7c4bcb635"},{"applicationId":"1459b1f6-7a5b-4300-93a2-44b4a651759f","roleDefinitionId":"3c5f1b29-9e3d-4a22-b5d6-9ff4e5a37974"}],"resourceTypes":[{"resourceType":"spaces","locations":["Central
        US","East Asia","West Europe","East US 2 EUAP"],"apiVersions":["2023-11-02-preview"],"defaultApiVersion":"2023-11-02-preview","capabilities":"SupportsTags,
        SupportsLocation"},{"resourceType":"operations","locations":["North Central
        US","West Europe"],"apiVersions":["2024-03-01","2024-02-02-preview","2023-11-02-preview","2023-08-01-preview","2023-05-02-preview","2023-05-01","2023-04-01-preview","2023-02-01","2022-11-01-preview","2022-10-01","2022-06-01-preview","2022-03-01"],"defaultApiVersion":"2023-11-02-preview","capabilities":"None"},{"resourceType":"managedEnvironments","locations":["Central
        US EUAP","East US 2 EUAP","North Central US (Stage)","West US 2","Southeast
        Asia","Sweden Central","Canada Central","West Europe","North Europe","East
        US","East US 2","East Asia","Australia East","Germany West Central","Japan
        East","UK South","West US","Central US","North Central US","South Central
        US","Korea Central","Brazil South","West US 3","France Central","South Africa
        North","Norway East","Switzerland North","UAE North","Canada East","West Central
        US","UK West","Central India","Switzerland West","Italy North","Poland Central","South
        India"],"apiVersions":["2024-08-02-preview","2024-03-01","2024-02-02-preview","2023-11-02-preview","2023-08-01-preview","2023-05-02-preview","2023-05-01","2023-04-01-preview","2022-11-01-preview","2022-10-01","2022-06-01-preview","2022-03-01"],"defaultApiVersion":"2023-05-01","capabilities":"CrossResourceGroupResourceMove,
        CrossSubscriptionResourceMove, SystemAssignedResourceIdentity, SupportsTags,
        SupportsLocation"},{"resourceType":"managedEnvironments/certificates","locations":["Central
        US EUAP","East US 2 EUAP","North Central US (Stage)","West US 2","Southeast
        Asia","Sweden Central","Canada Central","West Europe","North Europe","East
        US","East US 2","East Asia","Australia East","Germany West Central","Japan
        East","UK South","West US","Central US","North Central US","South Central
        US","Korea Central","Brazil South","West US 3","France Central","South Africa
        North","Norway East","Switzerland North","UAE North","Canada East","West Central
        US","UK West","Central India","Switzerland West","Italy North","Poland Central","South
        India"],"apiVersions":["2024-08-02-preview","2024-03-01","2024-02-02-preview","2023-11-02-preview","2023-08-01-preview","2023-05-02-preview","2023-05-01","2023-04-01-preview","2022-11-01-preview","2022-10-01","2022-06-01-preview","2022-03-01"],"defaultApiVersion":"2023-05-01","capabilities":"CrossResourceGroupResourceMove,
        CrossSubscriptionResourceMove, SupportsTags, SupportsLocation"},{"resourceType":"managedEnvironments/managedCertificates","locations":["Central
        US EUAP","East US 2 EUAP","North Central US (Stage)","West US 2","Southeast
        Asia","Sweden Central","Canada Central","West Europe","North Europe","East
        US","East US 2","East Asia","Australia East","Germany West Central","Japan
        East","UK South","West US","Central US","North Central US","South Central
        US","Korea Central","Brazil South","West US 3","France Central","South Africa
        North","Norway East","Switzerland North","UAE North","Canada East","West Central
        US","UK West","Central India","Switzerland West","Italy North","Poland Central","South
        India"],"apiVersions":["2024-08-02-preview","2024-03-01","2024-02-02-preview","2023-11-02-preview","2023-08-01-preview","2023-05-02-preview","2023-05-01","2023-04-01-preview","2022-11-01-preview"],"defaultApiVersion":"2023-05-01","capabilities":"CrossResourceGroupResourceMove,
        CrossSubscriptionResourceMove, SupportsTags, SupportsLocation"},{"resourceType":"containerApps","locations":["Central
        US EUAP","East US 2 EUAP","North Central US (Stage)","West US 2","Southeast
        Asia","Sweden Central","Canada Central","West Europe","North Europe","East
        US","East US 2","East Asia","Australia East","Germany West Central","Japan
        East","UK South","West US","Central US","North Central US","South Central
        US","Korea Central","Brazil South","West US 3","France Central","South Africa
        North","Norway East","Switzerland North","UAE North","Canada East","West Central
        US","UK West","Central India","Switzerland West","Italy North","Poland Central","South
        India"],"apiVersions":["2024-08-02-preview","2024-03-01","2024-02-02-preview","2023-11-02-preview","2023-08-01-preview","2023-05-02-preview","2023-05-01","2023-04-01-preview","2022-11-01-preview","2022-10-01","2022-06-01-preview","2022-03-01"],"defaultApiVersion":"2023-05-01","capabilities":"CrossResourceGroupResourceMove,
        CrossSubscriptionResourceMove, SystemAssignedResourceIdentity, SupportsTags,
        SupportsLocation"},{"resourceType":"containerApps/privateEndpointConnectionProxies","locations":["Central
        US EUAP","East US 2 EUAP","North Central US (Stage)","West US 2","Southeast
        Asia","Sweden Central","Canada Central","West Europe","North Europe","East
        US","East US 2","East Asia","Australia East","Germany West Central","Japan
        East","UK South","West US","Central US","North Central US","South Central
        US","Korea Central","Brazil South","West US 3","France Central","South Africa
        North","Norway East","Switzerland North","UAE North","Canada East","West Central
        US","UK West","Central India","Switzerland West","Italy North","Poland Central","South
        India"],"apiVersions":["2024-08-02-preview","2024-02-02-preview","2023-11-02-preview"],"defaultApiVersion":"2023-11-02-preview","capabilities":"None"},{"resourceType":"managedEnvironments/privateEndpointConnectionProxies","locations":["Central
        US EUAP","East US 2 EUAP","North Central US (Stage)","West US 2","Southeast
        Asia","Sweden Central","Canada Central","West Europe","North Europe","East
        US","East US 2","East Asia","Australia East","Germany West Central","Japan
        East","UK South","West US","Central US","North Central US","South Central
        US","Korea Central","Brazil South","West US 3","France Central","South Africa
        North","Norway East","Switzerland North","UAE North","Canada East","West Central
        US","UK West","Central India","Switzerland West","Italy North","Poland Central","South
        India"],"apiVersions":["2024-08-02-preview","2024-02-02-preview","2023-11-02-preview"],"defaultApiVersion":"2023-11-02-preview","capabilities":"None"},{"resourceType":"sessionPools","locations":["North
        Central US (Stage)","Central US EUAP","East US 2 EUAP","West US 2","North
        Europe","East US","East Asia","North Central US","Germany West Central","Poland
        Central","Italy North","Switzerland North","Sweden Central","Norway East"],"apiVersions":["2024-08-02-preview","2024-02-02-preview","2023-11-02-preview","2023-08-01-preview"],"defaultApiVersion":"2024-02-02-preview","capabilities":"CrossResourceGroupResourceMove,
        CrossSubscriptionResourceMove, SystemAssignedResourceIdentity, SupportsTags,
        SupportsLocation"},{"resourceType":"jobs","locations":["Central US EUAP","East
        US 2 EUAP","North Central US (Stage)","West US 2","Southeast Asia","Sweden
        Central","Canada Central","West Europe","North Europe","East US","East US
        2","East Asia","Australia East","Germany West Central","Japan East","UK South","West
        US","Central US","North Central US","South Central US","Korea Central","Brazil
        South","West US 3","France Central","South Africa North","Norway East","Switzerland
        North","UAE North","Canada East","West Central US","UK West","Central India","Switzerland
        West","Italy North","Poland Central","South India"],"apiVersions":["2024-08-02-preview","2024-03-01","2024-02-02-preview","2023-11-02-preview","2023-08-01-preview","2023-05-02-preview","2023-05-01","2023-04-01-preview","2022-11-01-preview"],"defaultApiVersion":"2023-05-01","capabilities":"CrossResourceGroupResourceMove,
        CrossSubscriptionResourceMove, SystemAssignedResourceIdentity, SupportsTags,
        SupportsLocation"},{"resourceType":"locations","locations":[],"apiVersions":["2024-08-02-preview","2024-03-01","2024-02-02-preview","2023-11-02-preview","2023-08-01-preview","2023-05-02-preview","2023-05-01","2023-04-01-preview","2022-11-01-preview","2022-10-01","2022-06-01-preview","2022-03-01"],"defaultApiVersion":"2023-05-01","capabilities":"None"},{"resourceType":"locations/managedEnvironmentOperationResults","locations":["Central
        US EUAP","East US 2 EUAP","North Central US (Stage)","West US 2","Southeast
        Asia","Sweden Central","Canada Central","West Europe","North Europe","East
        US","East US 2","East Asia","Australia East","Germany West Central","Japan
        East","UK South","West US","Central US","North Central US","South Central
        US","Korea Central","Brazil South","West US 3","France Central","South Africa
        North","Norway East","Switzerland North","UAE North","Canada East","West Central
        US","UK West","Central India","Switzerland West","Italy North","Poland Central","South
        India"],"apiVersions":["2024-08-02-preview","2024-03-01","2024-02-02-preview","2023-11-02-preview","2023-08-01-preview","2023-05-02-preview","2023-05-01","2023-04-01-preview","2022-11-01-preview","2022-10-01","2022-06-01-preview","2022-03-01"],"defaultApiVersion":"2023-05-01","capabilities":"None"},{"resourceType":"locations/managedEnvironmentOperationStatuses","locations":["Central
        US EUAP","East US 2 EUAP","North Central US (Stage)","West US 2","Southeast
        Asia","Sweden Central","Canada Central","West Europe","North Europe","East
        US","East US 2","East Asia","Australia East","Germany West Central","Japan
        East","UK South","West US","Central US","North Central US","South Central
        US","Korea Central","Brazil South","West US 3","France Central","South Africa
        North","Norway East","Switzerland North","UAE North","Canada East","West Central
        US","UK West","Central India","Switzerland West","Italy North","Poland Central","South
        India"],"apiVersions":["2024-08-02-preview","2024-03-01","2024-02-02-preview","2023-11-02-preview","2023-08-01-preview","2023-05-02-preview","2023-05-01","2023-04-01-preview","2022-11-01-preview","2022-10-01","2022-06-01-preview","2022-03-01"],"defaultApiVersion":"2023-05-01","capabilities":"None"},{"resourceType":"locations/containerappOperationResults","locations":["Central
        US EUAP","East US 2 EUAP","North Central US (Stage)","West US 2","Southeast
        Asia","Sweden Central","Canada Central","West Europe","North Europe","East
        US","East US 2","East Asia","Australia East","Germany West Central","Japan
        East","UK South","West US","Central US","North Central US","South Central
        US","Korea Central","Brazil South","West US 3","France Central","South Africa
        North","Norway East","Switzerland North","UAE North","Canada East","West Central
        US","UK West","Central India","Switzerland West","Italy North","Poland Central","South
        India"],"apiVersions":["2024-08-02-preview","2024-03-01","2024-02-02-preview","2023-11-02-preview","2023-08-01-preview","2023-05-02-preview","2023-05-01","2023-04-01-preview","2022-11-01-preview","2022-10-01","2022-06-01-preview","2022-03-01"],"defaultApiVersion":"2023-05-01","capabilities":"None"},{"resourceType":"locations/containerappOperationStatuses","locations":["Central
        US EUAP","East US 2 EUAP","North Central US (Stage)","West US 2","Southeast
        Asia","Sweden Central","Canada Central","West Europe","North Europe","East
        US","East US 2","East Asia","Australia East","Germany West Central","Japan
        East","UK South","West US","Central US","North Central US","South Central
        US","Korea Central","Brazil South","West US 3","France Central","South Africa
        North","Norway East","Switzerland North","UAE North","Canada East","West Central
        US","UK West","Central India","Switzerland West","Italy North","Poland Central","South
        India"],"apiVersions":["2024-08-02-preview","2024-03-01","2024-02-02-preview","2023-11-02-preview","2023-08-01-preview","2023-05-02-preview","2023-05-01","2023-04-01-preview","2022-11-01-preview","2022-10-01","2022-06-01-preview","2022-03-01"],"defaultApiVersion":"2023-05-01","capabilities":"None"},{"resourceType":"locations/containerappsjobOperationResults","locations":["Central
        US EUAP","East US 2 EUAP","North Central US (Stage)","West US 2","Southeast
        Asia","Sweden Central","Canada Central","West Europe","North Europe","East
        US","East US 2","East Asia","Australia East","Germany West Central","Japan
        East","UK South","West US","Central US","North Central US","South Central
        US","Korea Central","Brazil South","West US 3","France Central","South Africa
        North","Norway East","Switzerland North","UAE North","Canada East","West Central
        US","UK West","Central India","Switzerland West","Italy North","Poland Central","South
        India"],"apiVersions":["2024-08-02-preview","2024-03-01","2024-02-02-preview","2023-11-02-preview","2023-08-01-preview","2023-05-02-preview","2023-05-01","2023-04-01-preview","2022-11-01-preview"],"defaultApiVersion":"2023-05-01","capabilities":"None"},{"resourceType":"locations/containerappsjobOperationStatuses","locations":["Central
        US EUAP","East US 2 EUAP","North Central US (Stage)","West US 2","Southeast
        Asia","Sweden Central","Canada Central","West Europe","North Europe","East
        US","East US 2","East Asia","Australia East","Germany West Central","Japan
        East","UK South","West US","Central US","North Central US","South Central
        US","Korea Central","Brazil South","West US 3","France Central","South Africa
        North","Norway East","Switzerland North","UAE North","Canada East","West Central
        US","UK West","Central India","Switzerland West","Italy North","Poland Central","South
        India"],"apiVersions":["2024-08-02-preview","2024-03-01","2024-02-02-preview","2023-11-02-preview","2023-08-01-preview","2023-05-02-preview","2023-05-01","2023-04-01-preview","2022-11-01-preview"],"defaultApiVersion":"2023-05-01","capabilities":"None"},{"resourceType":"locations/sourceControlOperationResults","locations":["Central
        US EUAP","East US 2 EUAP","North Central US (Stage)","West US 2","Southeast
        Asia","Sweden Central","Canada Central","West Europe","North Europe","East
        US","East US 2","East Asia","Australia East","Germany West Central","Japan
        East","UK South","West US","Central US","North Central US","South Central
        US","Korea Central","Brazil South","West US 3","France Central","South Africa
        North","Norway East","Switzerland North","UAE North","Canada East","West Central
        US","UK West","Central India","Switzerland West","Italy North","Poland Central","South
        India"],"apiVersions":["2024-08-02-preview","2024-03-01","2024-02-02-preview","2023-11-02-preview","2023-08-01-preview","2023-05-02-preview","2023-05-01","2023-04-01-preview","2022-11-01-preview","2022-10-01","2022-06-01-preview","2022-03-01"],"defaultApiVersion":"2023-05-01","capabilities":"None"},{"resourceType":"locations/sourceControlOperationStatuses","locations":["Central
        US EUAP","East US 2 EUAP","North Central US (Stage)","West US 2","Southeast
        Asia","Sweden Central","Canada Central","West Europe","North Europe","East
        US","East US 2","East Asia","Australia East","Germany West Central","Japan
        East","UK South","West US","Central US","North Central US","South Central
        US","Korea Central","Brazil South","West US 3","France Central","South Africa
        North","Norway East","Switzerland North","UAE North","Canada East","West Central
        US","UK West","Central India","Switzerland West","Italy North","Poland Central","South
        India"],"apiVersions":["2024-08-02-preview","2024-03-01","2024-02-02-preview","2023-11-02-preview","2023-08-01-preview","2023-05-02-preview","2023-05-01","2023-04-01-preview","2022-11-01-preview","2022-10-01","2022-06-01-preview","2022-03-01"],"defaultApiVersion":"2023-05-01","capabilities":"None"},{"resourceType":"locations/usages","locations":["Central
        US EUAP","East US 2 EUAP","North Central US (Stage)","West US 2","Southeast
        Asia","Sweden Central","Canada Central","West Europe","North Europe","East
        US","East US 2","East Asia","Australia East","Germany West Central","Japan
        East","UK South","West US","Central US","North Central US","South Central
        US","Korea Central","Brazil South","West US 3","France Central","South Africa
        North","Norway East","Switzerland North","UAE North","Canada East","West Central
        US","UK West","Central India","Switzerland West","Italy North","Poland Central","South
        India"],"apiVersions":["2024-08-02-preview","2024-03-01","2024-02-02-preview","2023-11-02-preview","2023-08-01-preview","2023-05-02-preview"],"defaultApiVersion":"2023-05-02-preview","capabilities":"None"},{"resourceType":"connectedEnvironments","locations":["Central
        US EUAP","East US 2 EUAP","North Central US (Stage)","North Central US","East
        US","East Asia","West Europe","Southeast Asia"],"apiVersions":["2024-08-02-preview","2024-03-01","2024-02-02-preview","2023-11-02-preview","2023-08-01-preview","2023-05-02-preview","2023-05-01","2023-04-01-preview","2022-11-01-preview","2022-10-01","2022-06-01-preview"],"defaultApiVersion":"2023-05-01","capabilities":"CrossResourceGroupResourceMove,
        CrossSubscriptionResourceMove, SupportsTags, SupportsLocation"},{"resourceType":"connectedEnvironments/certificates","locations":["Central
        US EUAP","East US 2 EUAP","North Central US (Stage)","North Central US","East
        US","East Asia","West Europe","Southeast Asia"],"apiVersions":["2024-08-02-preview","2024-03-01","2024-02-02-preview","2023-11-02-preview","2023-08-01-preview","2023-05-02-preview","2023-05-01","2023-04-01-preview","2022-11-01-preview","2022-10-01","2022-06-01-preview"],"defaultApiVersion":"2023-05-01","capabilities":"CrossResourceGroupResourceMove,
        CrossSubscriptionResourceMove, SupportsTags, SupportsLocation"},{"resourceType":"locations/connectedEnvironmentOperationResults","locations":["Central
        US EUAP","East US 2 EUAP","North Central US (Stage)","North Central US","East
        US","East Asia","West Europe","Southeast Asia"],"apiVersions":["2024-08-02-preview","2024-03-01","2024-02-02-preview","2023-11-02-preview","2023-08-01-preview","2023-05-02-preview","2023-05-01","2023-04-01-preview","2022-11-01-preview","2022-10-01","2022-06-01-preview"],"defaultApiVersion":"2023-05-01","capabilities":"None"},{"resourceType":"locations/connectedEnvironmentOperationStatuses","locations":["Central
        US EUAP","East US 2 EUAP","North Central US (Stage)","North Central US","East
        US","East Asia","West Europe","Southeast Asia"],"apiVersions":["2024-08-02-preview","2024-03-01","2024-02-02-preview","2023-11-02-preview","2023-08-01-preview","2023-05-02-preview","2023-05-01","2023-04-01-preview","2022-11-01-preview","2022-10-01","2022-06-01-preview"],"defaultApiVersion":"2023-05-01","capabilities":"None"},{"resourceType":"locations/managedCertificateOperationStatuses","locations":["Central
        US EUAP","East US 2 EUAP","North Central US (Stage)","West US 2","Southeast
        Asia","Sweden Central","Canada Central","West Europe","North Europe","East
        US","East US 2","East Asia","Australia East","Germany West Central","Japan
        East","UK South","West US","Central US","North Central US","South Central
        US","Korea Central","Brazil South","West US 3","France Central","South Africa
        North","Norway East","Switzerland North","UAE North","Canada East","West Central
        US","UK West","Central India","Switzerland West","Italy North","Poland Central","South
        India"],"apiVersions":["2024-08-02-preview","2024-03-01","2024-02-02-preview","2023-11-02-preview","2023-08-01-preview","2023-05-02-preview","2023-05-01","2023-04-01-preview","2022-11-01-preview"],"defaultApiVersion":"2023-05-01","capabilities":"None"},{"resourceType":"locations/billingMeters","locations":["Central
        US EUAP","East US 2 EUAP","North Central US (Stage)","West US 2","Southeast
        Asia","Sweden Central","Canada Central","West Europe","North Europe","East
        US","East US 2","East Asia","Australia East","Germany West Central","Japan
        East","UK South","West US","Central US","North Central US","South Central
        US","Korea Central","Brazil South","West US 3","France Central","South Africa
        North","Norway East","Switzerland North","UAE North","Canada East","West Central
        US","UK West","Central India","Switzerland West","Italy North","Poland Central","South
        India"],"apiVersions":["2024-08-02-preview","2024-03-01","2024-02-02-preview","2023-11-02-preview","2023-08-01-preview","2023-05-02-preview","2023-05-01","2023-04-01-preview","2022-11-01-preview","2022-10-01","2022-06-01-preview"],"defaultApiVersion":"2023-05-01","capabilities":"None"},{"resourceType":"locations/availableManagedEnvironmentsWorkloadProfileTypes","locations":["Central
        US EUAP","East US 2 EUAP","North Central US (Stage)","West US 2","Southeast
        Asia","Sweden Central","Canada Central","West Europe","North Europe","East
        US","East US 2","East Asia","Australia East","Germany West Central","Japan
        East","UK South","West US","Central US","North Central US","South Central
        US","Korea Central","Brazil South","West US 3","France Central","South Africa
        North","Norway East","Switzerland North","UAE North","Canada East","West Central
        US","UK West","Central India","Switzerland West","Italy North","Poland Central","South
        India"],"apiVersions":["2024-08-02-preview","2024-03-01","2024-02-02-preview","2023-11-02-preview","2023-08-01-preview","2023-05-02-preview","2023-05-01","2023-04-01-preview","2022-11-01-preview","2022-10-01","2022-06-01-preview"],"defaultApiVersion":"2023-05-01","capabilities":"None"},{"resourceType":"getCustomDomainVerificationId","locations":["Central
        US EUAP","East US 2 EUAP","North Central US (Stage)","West US 2","Southeast
        Asia","Sweden Central","Canada Central","West Europe","North Europe","East
        US","East US 2","East Asia","Australia East","Germany West Central","Japan
        East","UK South","West US","Central US","North Central US","South Central
        US","Korea Central","Brazil South","West US 3","France Central","South Africa
        North","Norway East","Switzerland North","UAE North","Canada East","West Central
        US","UK West","Central India","Italy North","Poland Central","South India","Switzerland
        West"],"apiVersions":["2024-08-02-preview","2024-03-01","2024-02-02-preview","2023-11-02-preview","2023-08-01-preview","2023-05-02-preview"],"defaultApiVersion":"2023-05-02-preview","capabilities":"None"},{"resourceType":"builders","locations":["Central
        US EUAP","East US 2 EUAP","North Central US (Stage)","West US 2","Southeast
        Asia","Sweden Central","Canada Central","West Europe","North Europe","East
        US","East US 2","East Asia","Australia East","Germany West Central","Japan
        East","UK South","West US","Central US","North Central US","South Central
        US","Korea Central","Brazil South","West US 3","France Central","South Africa
        North","Norway East","Switzerland North","UAE North","Canada East","West Central
        US","UK West","Central India","Switzerland West","Italy North","Poland Central","South
        India"],"apiVersions":["2024-08-02-preview","2024-02-02-preview","2023-11-02-preview","2023-08-01-preview"],"defaultApiVersion":"2023-08-01-preview","capabilities":"CrossResourceGroupResourceMove,
        CrossSubscriptionResourceMove, SystemAssignedResourceIdentity, SupportsTags,
        SupportsLocation"},{"resourceType":"builders/builds","locations":["Central
        US EUAP","East US 2 EUAP","North Central US (Stage)","West US 2","Southeast
        Asia","Sweden Central","Canada Central","West Europe","North Europe","East
        US","East US 2","East Asia","Australia East","Germany West Central","Japan
        East","UK South","West US","Central US","North Central US","South Central
        US","Korea Central","Brazil South","West US 3","France Central","South Africa
        North","Norway East","Switzerland North","UAE North","Canada East","West Central
        US","UK West","Central India","Switzerland West","Italy North","Poland Central","South
        India"],"apiVersions":["2024-08-02-preview","2024-02-02-preview","2023-11-02-preview","2023-08-01-preview"],"defaultApiVersion":"2023-08-01-preview","capabilities":"None"},{"resourceType":"builders/patches","locations":["Switzerland
        West","South India"],"apiVersions":["2024-08-02-preview","2024-02-02-preview","2023-11-02-preview","2023-08-01-preview"],"defaultApiVersion":"2023-08-01-preview","capabilities":"None"},{"resourceType":"locations/OperationResults","locations":["Central
        US EUAP","East US 2 EUAP","North Central US (Stage)","West US 2","Southeast
        Asia","Sweden Central","Canada Central","West Europe","North Europe","East
        US","East US 2","East Asia","Australia East","Germany West Central","Japan
        East","UK South","West US","Central US","North Central US","South Central
        US","Korea Central","Brazil South","West US 3","France Central","South Africa
        North","Norway East","Switzerland North","UAE North","Canada East","West Central
        US","UK West","Central India","Switzerland West","Italy North","Poland Central","South
        India"],"apiVersions":["2024-08-02-preview","2024-02-02-preview","2023-11-02-preview","2023-08-01-preview"],"defaultApiVersion":"2023-08-01-preview","capabilities":"None"},{"resourceType":"locations/OperationStatuses","locations":["Central
        US EUAP","East US 2 EUAP","North Central US (Stage)","West US 2","Southeast
        Asia","Sweden Central","Canada Central","West Europe","North Europe","East
        US","East US 2","East Asia","Australia East","Germany West Central","Japan
        East","UK South","West US","Central US","North Central US","South Central
        US","Korea Central","Brazil South","West US 3","France Central","South Africa
        North","Norway East","Switzerland North","UAE North","Canada East","West Central
        US","UK West","Central India","Switzerland West","Italy North","Poland Central","South
        India"],"apiVersions":["2024-08-02-preview","2024-02-02-preview","2023-11-02-preview","2023-08-01-preview"],"defaultApiVersion":"2023-08-01-preview","capabilities":"None"},{"resourceType":"managedEnvironments/dotNetComponents","locations":["Central
        US EUAP","East US 2 EUAP","North Central US (Stage)","West US 2","Southeast
        Asia","Sweden Central","Canada Central","West Europe","North Europe","East
        US","East US 2","East Asia","Australia East","Germany West Central","Japan
        East","UK South","West US","Central US","North Central US","South Central
        US","Korea Central","Brazil South","West US 3","France Central","South Africa
        North","Norway East","Switzerland North","UAE North","Canada East","West Central
        US","UK West","Central India","Switzerland West","Italy North","Poland Central","South
        India"],"apiVersions":["2024-08-02-preview","2024-02-02-preview","2023-11-02-preview"],"defaultApiVersion":"2023-11-02-preview","capabilities":"None"},{"resourceType":"managedEnvironments/javaComponents","locations":["Central
        US EUAP","East US 2 EUAP","North Central US (Stage)","West US 2","Southeast
        Asia","Sweden Central","Canada Central","West Europe","North Europe","East
        US","East US 2","East Asia","Australia East","Germany West Central","Japan
        East","UK South","West US","Central US","North Central US","South Central
        US","Korea Central","Brazil South","West US 3","France Central","South Africa
        North","Norway East","Switzerland North","UAE North","Canada East","West Central
        US","UK West","Central India","Switzerland West","Italy North","Poland Central","South
        India"],"apiVersions":["2024-08-02-preview","2024-02-02-preview","2023-11-02-preview"],"defaultApiVersion":"2023-11-02-preview","capabilities":"None"},{"resourceType":"managedEnvironments/daprComponents","locations":["Central
        US EUAP","East US 2 EUAP","North Central US (Stage)","West US 2","Southeast
        Asia","Sweden Central","Canada Central","West Europe","North Europe","East
        US","East US 2","East Asia","Australia East","Germany West Central","Japan
        East","UK South","West US","Central US","North Central US","South Central
        US","Korea Central","Brazil South","West US 3","France Central","South Africa
        North","Norway East","Switzerland North","UAE North","Canada East","West Central
        US","UK West","Central India","Switzerland West","Italy North","Poland Central","South
        India"],"apiVersions":["2024-08-02-preview","2024-03-01","2024-02-02-preview","2023-11-02-preview","2023-08-01-preview","2023-05-02-preview","2023-05-01","2023-04-01-preview","2022-11-01-preview","2022-10-01","2022-06-01-preview","2022-03-01"],"defaultApiVersion":"2023-05-01","capabilities":"None"},{"resourceType":"functions","locations":["Central
        US EUAP","East US 2 EUAP","North Central US (Stage)","West Central US","West
        US 2","Southeast Asia","Sweden Central","Canada Central","West Europe","North
        Europe","East US","East US 2","East Asia","Australia East","Germany West Central","Japan
        East","UK South","West US","Central US","North Central US","South Central
        US","Korea Central","Brazil South","West US 3","France Central","South Africa
        North","Norway East","Switzerland North","UAE North","Canada East","UK West","Central
        India","Switzerland West","Italy North","Poland Central","South India"],"apiVersions":["2024-08-02-preview","2024-02-02-preview"],"capabilities":"SupportsExtension"},{"resourceType":"logicApps","locations":["Central
        US EUAP","North Central US (Stage)","West Europe"],"apiVersions":["2024-08-02-preview","2024-02-02-preview"],"capabilities":"SupportsExtension"}],"registrationState":"Registered","registrationPolicy":"RegistrationRequired"}'
    headers:
      cache-control:
      - no-cache
      content-length:
      - '29432'
      content-type:
      - application/json; charset=utf-8
      date:
      - Thu, 22 Aug 2024 08:36:57 GMT
      expires:
      - '-1'
      pragma:
      - no-cache
      strict-transport-security:
      - max-age=31536000; includeSubDomains
      x-cache:
      - CONFIG_NOCACHE
      x-content-type-options:
      - nosniff
      x-msedge-ref:
      - 'Ref A: 1B001F73D9D54EC4B57E57E239E12BD3 Ref B: MAA201060515011 Ref C: 2024-08-22T08:36:57Z'
    status:
      code: 200
      message: OK
- request:
    body: null
    headers:
      Accept:
      - '*/*'
      Accept-Encoding:
      - gzip, deflate
      CommandName:
      - containerapp create
      Connection:
      - keep-alive
      ParameterSetName:
      - -g -n --environment --min-replicas --ingress --target-port
      User-Agent:
      - python/3.10.11 (Windows-10-10.0.22631-SP0) AZURECLI/2.63.0
    method: GET
    uri: https://management.azure.com/subscriptions/00000000-0000-0000-0000-000000000000/resourceGroups/client.env_rg_eastus/providers/Microsoft.App/managedEnvironments/env-eastus?api-version=2024-03-01
  response:
    body:
      string: '{"id":"/subscriptions/00000000-0000-0000-0000-000000000000/resourceGroups/client.env_rg_eastus/providers/Microsoft.App/managedEnvironments/env-eastus","name":"env-eastus","type":"Microsoft.App/managedEnvironments","location":"East
        US","systemData":{"createdBy":"xinyupang@microsoft.com","createdByType":"User","createdAt":"2023-10-23T04:59:04.4655929","lastModifiedBy":"xinyupang@microsoft.com","lastModifiedByType":"User","lastModifiedAt":"2023-11-10T02:41:49.4366892"},"properties":{"provisioningState":"Succeeded","daprAIInstrumentationKey":null,"daprAIConnectionString":null,"vnetConfiguration":null,"defaultDomain":"whitebeach-63bf60a5.eastus.azurecontainerapps.io","staticIp":"52.224.202.83","appLogsConfiguration":{"destination":null,"logAnalyticsConfiguration":null},"zoneRedundant":false,"kedaConfiguration":{"version":"2.14.0"},"daprConfiguration":{"version":"1.12.5"},"eventStreamEndpoint":"https://eastus.azurecontainerapps.dev/subscriptions/00000000-0000-0000-0000-000000000000/resourceGroups/client.env_rg_eastus/managedEnvironments/env-eastus/eventstream","customDomainConfiguration":{"customDomainVerificationId":"D3F71C85EB6552E36A89A3E4A080C3CFB00181670B659B0003264FC673AA9B00","dnsSuffix":null,"certificateValue":null,"certificatePassword":null,"thumbprint":null,"subjectName":null,"expirationDate":null},"workloadProfiles":[{"workloadProfileType":"Consumption","name":"Consumption"},{"workloadProfileType":"D8","name":"wpname","minimumCount":1,"maximumCount":8}],"infrastructureResourceGroup":null,"peerAuthentication":{"mtls":{"enabled":false}},"peerTrafficConfiguration":{"encryption":{"enabled":false}}}}'
    headers:
      api-supported-versions:
      - 2022-03-01, 2022-06-01-preview, 2022-10-01, 2022-11-01-preview, 2023-04-01-preview,
        2023-05-01, 2023-05-02-preview, 2023-08-01-preview, 2023-11-02-preview, 2024-02-02-preview,
        2024-03-01, 2024-08-02-preview
      cache-control:
      - no-cache
      content-length:
      - '1627'
      content-type:
      - application/json; charset=utf-8
      date:
      - Thu, 22 Aug 2024 08:36:58 GMT
      expires:
      - '-1'
      pragma:
      - no-cache
      strict-transport-security:
      - max-age=31536000; includeSubDomains
      vary:
      - Accept-Encoding
      x-cache:
      - CONFIG_NOCACHE
      x-content-type-options:
      - nosniff
      x-msedge-ref:
      - 'Ref A: 6C479185E77D4811832D10D82D8E6956 Ref B: MAA201060513009 Ref C: 2024-08-22T08:36:58Z'
      x-powered-by:
      - ASP.NET
    status:
      code: 200
      message: OK
- request:
    body: null
    headers:
      Accept:
      - application/json
      Accept-Encoding:
      - gzip, deflate
      CommandName:
      - containerapp create
      Connection:
      - keep-alive
      ParameterSetName:
      - -g -n --environment --min-replicas --ingress --target-port
      User-Agent:
      - AZURECLI/2.63.0 azsdk-python-core/1.28.0 Python/3.10.11 (Windows-10-10.0.22631-SP0)
    method: GET
    uri: https://management.azure.com/subscriptions/00000000-0000-0000-0000-000000000000/providers/Microsoft.App?api-version=2022-09-01
  response:
    body:
      string: '{"id":"/subscriptions/00000000-0000-0000-0000-000000000000/providers/Microsoft.App","namespace":"Microsoft.App","authorizations":[{"applicationId":"7e3bc4fd-85a3-4192-b177-5b8bfc87f42c","roleDefinitionId":"39a74f72-b40f-4bdc-b639-562fe2260bf0"},{"applicationId":"3734c1a4-2bed-4998-a37a-ff1a9e7bf019","roleDefinitionId":"5c779a4f-5cb2-4547-8c41-478d9be8ba90"},{"applicationId":"55ebbb62-3b9c-49fd-9b87-9595226dd4ac","roleDefinitionId":"e49ca620-7992-4561-a7df-4ed67dad77b5","managedByRoleDefinitionId":"9e3af657-a8ff-583c-a75c-2fe7c4bcb635"},{"applicationId":"1459b1f6-7a5b-4300-93a2-44b4a651759f","roleDefinitionId":"3c5f1b29-9e3d-4a22-b5d6-9ff4e5a37974"}],"resourceTypes":[{"resourceType":"spaces","locations":["Central
        US","East Asia","West Europe","East US 2 EUAP"],"apiVersions":["2023-11-02-preview"],"defaultApiVersion":"2023-11-02-preview","capabilities":"SupportsTags,
        SupportsLocation"},{"resourceType":"operations","locations":["North Central
        US","West Europe"],"apiVersions":["2024-03-01","2024-02-02-preview","2023-11-02-preview","2023-08-01-preview","2023-05-02-preview","2023-05-01","2023-04-01-preview","2023-02-01","2022-11-01-preview","2022-10-01","2022-06-01-preview","2022-03-01"],"defaultApiVersion":"2023-11-02-preview","capabilities":"None"},{"resourceType":"managedEnvironments","locations":["Central
        US EUAP","East US 2 EUAP","North Central US (Stage)","West US 2","Southeast
        Asia","Sweden Central","Canada Central","West Europe","North Europe","East
        US","East US 2","East Asia","Australia East","Germany West Central","Japan
        East","UK South","West US","Central US","North Central US","South Central
        US","Korea Central","Brazil South","West US 3","France Central","South Africa
        North","Norway East","Switzerland North","UAE North","Canada East","West Central
        US","UK West","Central India","Switzerland West","Italy North","Poland Central","South
        India"],"apiVersions":["2024-08-02-preview","2024-03-01","2024-02-02-preview","2023-11-02-preview","2023-08-01-preview","2023-05-02-preview","2023-05-01","2023-04-01-preview","2022-11-01-preview","2022-10-01","2022-06-01-preview","2022-03-01"],"defaultApiVersion":"2023-05-01","capabilities":"CrossResourceGroupResourceMove,
        CrossSubscriptionResourceMove, SystemAssignedResourceIdentity, SupportsTags,
        SupportsLocation"},{"resourceType":"managedEnvironments/certificates","locations":["Central
        US EUAP","East US 2 EUAP","North Central US (Stage)","West US 2","Southeast
        Asia","Sweden Central","Canada Central","West Europe","North Europe","East
        US","East US 2","East Asia","Australia East","Germany West Central","Japan
        East","UK South","West US","Central US","North Central US","South Central
        US","Korea Central","Brazil South","West US 3","France Central","South Africa
        North","Norway East","Switzerland North","UAE North","Canada East","West Central
        US","UK West","Central India","Switzerland West","Italy North","Poland Central","South
        India"],"apiVersions":["2024-08-02-preview","2024-03-01","2024-02-02-preview","2023-11-02-preview","2023-08-01-preview","2023-05-02-preview","2023-05-01","2023-04-01-preview","2022-11-01-preview","2022-10-01","2022-06-01-preview","2022-03-01"],"defaultApiVersion":"2023-05-01","capabilities":"CrossResourceGroupResourceMove,
        CrossSubscriptionResourceMove, SupportsTags, SupportsLocation"},{"resourceType":"managedEnvironments/managedCertificates","locations":["Central
        US EUAP","East US 2 EUAP","North Central US (Stage)","West US 2","Southeast
        Asia","Sweden Central","Canada Central","West Europe","North Europe","East
        US","East US 2","East Asia","Australia East","Germany West Central","Japan
        East","UK South","West US","Central US","North Central US","South Central
        US","Korea Central","Brazil South","West US 3","France Central","South Africa
        North","Norway East","Switzerland North","UAE North","Canada East","West Central
        US","UK West","Central India","Switzerland West","Italy North","Poland Central","South
        India"],"apiVersions":["2024-08-02-preview","2024-03-01","2024-02-02-preview","2023-11-02-preview","2023-08-01-preview","2023-05-02-preview","2023-05-01","2023-04-01-preview","2022-11-01-preview"],"defaultApiVersion":"2023-05-01","capabilities":"CrossResourceGroupResourceMove,
        CrossSubscriptionResourceMove, SupportsTags, SupportsLocation"},{"resourceType":"containerApps","locations":["Central
        US EUAP","East US 2 EUAP","North Central US (Stage)","West US 2","Southeast
        Asia","Sweden Central","Canada Central","West Europe","North Europe","East
        US","East US 2","East Asia","Australia East","Germany West Central","Japan
        East","UK South","West US","Central US","North Central US","South Central
        US","Korea Central","Brazil South","West US 3","France Central","South Africa
        North","Norway East","Switzerland North","UAE North","Canada East","West Central
        US","UK West","Central India","Switzerland West","Italy North","Poland Central","South
        India"],"apiVersions":["2024-08-02-preview","2024-03-01","2024-02-02-preview","2023-11-02-preview","2023-08-01-preview","2023-05-02-preview","2023-05-01","2023-04-01-preview","2022-11-01-preview","2022-10-01","2022-06-01-preview","2022-03-01"],"defaultApiVersion":"2023-05-01","capabilities":"CrossResourceGroupResourceMove,
        CrossSubscriptionResourceMove, SystemAssignedResourceIdentity, SupportsTags,
        SupportsLocation"},{"resourceType":"containerApps/privateEndpointConnectionProxies","locations":["Central
        US EUAP","East US 2 EUAP","North Central US (Stage)","West US 2","Southeast
        Asia","Sweden Central","Canada Central","West Europe","North Europe","East
        US","East US 2","East Asia","Australia East","Germany West Central","Japan
        East","UK South","West US","Central US","North Central US","South Central
        US","Korea Central","Brazil South","West US 3","France Central","South Africa
        North","Norway East","Switzerland North","UAE North","Canada East","West Central
        US","UK West","Central India","Switzerland West","Italy North","Poland Central","South
        India"],"apiVersions":["2024-08-02-preview","2024-02-02-preview","2023-11-02-preview"],"defaultApiVersion":"2023-11-02-preview","capabilities":"None"},{"resourceType":"managedEnvironments/privateEndpointConnectionProxies","locations":["Central
        US EUAP","East US 2 EUAP","North Central US (Stage)","West US 2","Southeast
        Asia","Sweden Central","Canada Central","West Europe","North Europe","East
        US","East US 2","East Asia","Australia East","Germany West Central","Japan
        East","UK South","West US","Central US","North Central US","South Central
        US","Korea Central","Brazil South","West US 3","France Central","South Africa
        North","Norway East","Switzerland North","UAE North","Canada East","West Central
        US","UK West","Central India","Switzerland West","Italy North","Poland Central","South
        India"],"apiVersions":["2024-08-02-preview","2024-02-02-preview","2023-11-02-preview"],"defaultApiVersion":"2023-11-02-preview","capabilities":"None"},{"resourceType":"sessionPools","locations":["North
        Central US (Stage)","Central US EUAP","East US 2 EUAP","West US 2","North
        Europe","East US","East Asia","North Central US","Germany West Central","Poland
        Central","Italy North","Switzerland North","Sweden Central","Norway East"],"apiVersions":["2024-08-02-preview","2024-02-02-preview","2023-11-02-preview","2023-08-01-preview"],"defaultApiVersion":"2024-02-02-preview","capabilities":"CrossResourceGroupResourceMove,
        CrossSubscriptionResourceMove, SystemAssignedResourceIdentity, SupportsTags,
        SupportsLocation"},{"resourceType":"jobs","locations":["Central US EUAP","East
        US 2 EUAP","North Central US (Stage)","West US 2","Southeast Asia","Sweden
        Central","Canada Central","West Europe","North Europe","East US","East US
        2","East Asia","Australia East","Germany West Central","Japan East","UK South","West
        US","Central US","North Central US","South Central US","Korea Central","Brazil
        South","West US 3","France Central","South Africa North","Norway East","Switzerland
        North","UAE North","Canada East","West Central US","UK West","Central India","Switzerland
        West","Italy North","Poland Central","South India"],"apiVersions":["2024-08-02-preview","2024-03-01","2024-02-02-preview","2023-11-02-preview","2023-08-01-preview","2023-05-02-preview","2023-05-01","2023-04-01-preview","2022-11-01-preview"],"defaultApiVersion":"2023-05-01","capabilities":"CrossResourceGroupResourceMove,
        CrossSubscriptionResourceMove, SystemAssignedResourceIdentity, SupportsTags,
        SupportsLocation"},{"resourceType":"locations","locations":[],"apiVersions":["2024-08-02-preview","2024-03-01","2024-02-02-preview","2023-11-02-preview","2023-08-01-preview","2023-05-02-preview","2023-05-01","2023-04-01-preview","2022-11-01-preview","2022-10-01","2022-06-01-preview","2022-03-01"],"defaultApiVersion":"2023-05-01","capabilities":"None"},{"resourceType":"locations/managedEnvironmentOperationResults","locations":["Central
        US EUAP","East US 2 EUAP","North Central US (Stage)","West US 2","Southeast
        Asia","Sweden Central","Canada Central","West Europe","North Europe","East
        US","East US 2","East Asia","Australia East","Germany West Central","Japan
        East","UK South","West US","Central US","North Central US","South Central
        US","Korea Central","Brazil South","West US 3","France Central","South Africa
        North","Norway East","Switzerland North","UAE North","Canada East","West Central
        US","UK West","Central India","Switzerland West","Italy North","Poland Central","South
        India"],"apiVersions":["2024-08-02-preview","2024-03-01","2024-02-02-preview","2023-11-02-preview","2023-08-01-preview","2023-05-02-preview","2023-05-01","2023-04-01-preview","2022-11-01-preview","2022-10-01","2022-06-01-preview","2022-03-01"],"defaultApiVersion":"2023-05-01","capabilities":"None"},{"resourceType":"locations/managedEnvironmentOperationStatuses","locations":["Central
        US EUAP","East US 2 EUAP","North Central US (Stage)","West US 2","Southeast
        Asia","Sweden Central","Canada Central","West Europe","North Europe","East
        US","East US 2","East Asia","Australia East","Germany West Central","Japan
        East","UK South","West US","Central US","North Central US","South Central
        US","Korea Central","Brazil South","West US 3","France Central","South Africa
        North","Norway East","Switzerland North","UAE North","Canada East","West Central
        US","UK West","Central India","Switzerland West","Italy North","Poland Central","South
        India"],"apiVersions":["2024-08-02-preview","2024-03-01","2024-02-02-preview","2023-11-02-preview","2023-08-01-preview","2023-05-02-preview","2023-05-01","2023-04-01-preview","2022-11-01-preview","2022-10-01","2022-06-01-preview","2022-03-01"],"defaultApiVersion":"2023-05-01","capabilities":"None"},{"resourceType":"locations/containerappOperationResults","locations":["Central
        US EUAP","East US 2 EUAP","North Central US (Stage)","West US 2","Southeast
        Asia","Sweden Central","Canada Central","West Europe","North Europe","East
        US","East US 2","East Asia","Australia East","Germany West Central","Japan
        East","UK South","West US","Central US","North Central US","South Central
        US","Korea Central","Brazil South","West US 3","France Central","South Africa
        North","Norway East","Switzerland North","UAE North","Canada East","West Central
        US","UK West","Central India","Switzerland West","Italy North","Poland Central","South
        India"],"apiVersions":["2024-08-02-preview","2024-03-01","2024-02-02-preview","2023-11-02-preview","2023-08-01-preview","2023-05-02-preview","2023-05-01","2023-04-01-preview","2022-11-01-preview","2022-10-01","2022-06-01-preview","2022-03-01"],"defaultApiVersion":"2023-05-01","capabilities":"None"},{"resourceType":"locations/containerappOperationStatuses","locations":["Central
        US EUAP","East US 2 EUAP","North Central US (Stage)","West US 2","Southeast
        Asia","Sweden Central","Canada Central","West Europe","North Europe","East
        US","East US 2","East Asia","Australia East","Germany West Central","Japan
        East","UK South","West US","Central US","North Central US","South Central
        US","Korea Central","Brazil South","West US 3","France Central","South Africa
        North","Norway East","Switzerland North","UAE North","Canada East","West Central
        US","UK West","Central India","Switzerland West","Italy North","Poland Central","South
        India"],"apiVersions":["2024-08-02-preview","2024-03-01","2024-02-02-preview","2023-11-02-preview","2023-08-01-preview","2023-05-02-preview","2023-05-01","2023-04-01-preview","2022-11-01-preview","2022-10-01","2022-06-01-preview","2022-03-01"],"defaultApiVersion":"2023-05-01","capabilities":"None"},{"resourceType":"locations/containerappsjobOperationResults","locations":["Central
        US EUAP","East US 2 EUAP","North Central US (Stage)","West US 2","Southeast
        Asia","Sweden Central","Canada Central","West Europe","North Europe","East
        US","East US 2","East Asia","Australia East","Germany West Central","Japan
        East","UK South","West US","Central US","North Central US","South Central
        US","Korea Central","Brazil South","West US 3","France Central","South Africa
        North","Norway East","Switzerland North","UAE North","Canada East","West Central
        US","UK West","Central India","Switzerland West","Italy North","Poland Central","South
        India"],"apiVersions":["2024-08-02-preview","2024-03-01","2024-02-02-preview","2023-11-02-preview","2023-08-01-preview","2023-05-02-preview","2023-05-01","2023-04-01-preview","2022-11-01-preview"],"defaultApiVersion":"2023-05-01","capabilities":"None"},{"resourceType":"locations/containerappsjobOperationStatuses","locations":["Central
        US EUAP","East US 2 EUAP","North Central US (Stage)","West US 2","Southeast
        Asia","Sweden Central","Canada Central","West Europe","North Europe","East
        US","East US 2","East Asia","Australia East","Germany West Central","Japan
        East","UK South","West US","Central US","North Central US","South Central
        US","Korea Central","Brazil South","West US 3","France Central","South Africa
        North","Norway East","Switzerland North","UAE North","Canada East","West Central
        US","UK West","Central India","Switzerland West","Italy North","Poland Central","South
        India"],"apiVersions":["2024-08-02-preview","2024-03-01","2024-02-02-preview","2023-11-02-preview","2023-08-01-preview","2023-05-02-preview","2023-05-01","2023-04-01-preview","2022-11-01-preview"],"defaultApiVersion":"2023-05-01","capabilities":"None"},{"resourceType":"locations/sourceControlOperationResults","locations":["Central
        US EUAP","East US 2 EUAP","North Central US (Stage)","West US 2","Southeast
        Asia","Sweden Central","Canada Central","West Europe","North Europe","East
        US","East US 2","East Asia","Australia East","Germany West Central","Japan
        East","UK South","West US","Central US","North Central US","South Central
        US","Korea Central","Brazil South","West US 3","France Central","South Africa
        North","Norway East","Switzerland North","UAE North","Canada East","West Central
        US","UK West","Central India","Switzerland West","Italy North","Poland Central","South
        India"],"apiVersions":["2024-08-02-preview","2024-03-01","2024-02-02-preview","2023-11-02-preview","2023-08-01-preview","2023-05-02-preview","2023-05-01","2023-04-01-preview","2022-11-01-preview","2022-10-01","2022-06-01-preview","2022-03-01"],"defaultApiVersion":"2023-05-01","capabilities":"None"},{"resourceType":"locations/sourceControlOperationStatuses","locations":["Central
        US EUAP","East US 2 EUAP","North Central US (Stage)","West US 2","Southeast
        Asia","Sweden Central","Canada Central","West Europe","North Europe","East
        US","East US 2","East Asia","Australia East","Germany West Central","Japan
        East","UK South","West US","Central US","North Central US","South Central
        US","Korea Central","Brazil South","West US 3","France Central","South Africa
        North","Norway East","Switzerland North","UAE North","Canada East","West Central
        US","UK West","Central India","Switzerland West","Italy North","Poland Central","South
        India"],"apiVersions":["2024-08-02-preview","2024-03-01","2024-02-02-preview","2023-11-02-preview","2023-08-01-preview","2023-05-02-preview","2023-05-01","2023-04-01-preview","2022-11-01-preview","2022-10-01","2022-06-01-preview","2022-03-01"],"defaultApiVersion":"2023-05-01","capabilities":"None"},{"resourceType":"locations/usages","locations":["Central
        US EUAP","East US 2 EUAP","North Central US (Stage)","West US 2","Southeast
        Asia","Sweden Central","Canada Central","West Europe","North Europe","East
        US","East US 2","East Asia","Australia East","Germany West Central","Japan
        East","UK South","West US","Central US","North Central US","South Central
        US","Korea Central","Brazil South","West US 3","France Central","South Africa
        North","Norway East","Switzerland North","UAE North","Canada East","West Central
        US","UK West","Central India","Switzerland West","Italy North","Poland Central","South
        India"],"apiVersions":["2024-08-02-preview","2024-03-01","2024-02-02-preview","2023-11-02-preview","2023-08-01-preview","2023-05-02-preview"],"defaultApiVersion":"2023-05-02-preview","capabilities":"None"},{"resourceType":"connectedEnvironments","locations":["Central
        US EUAP","East US 2 EUAP","North Central US (Stage)","North Central US","East
        US","East Asia","West Europe","Southeast Asia"],"apiVersions":["2024-08-02-preview","2024-03-01","2024-02-02-preview","2023-11-02-preview","2023-08-01-preview","2023-05-02-preview","2023-05-01","2023-04-01-preview","2022-11-01-preview","2022-10-01","2022-06-01-preview"],"defaultApiVersion":"2023-05-01","capabilities":"CrossResourceGroupResourceMove,
        CrossSubscriptionResourceMove, SupportsTags, SupportsLocation"},{"resourceType":"connectedEnvironments/certificates","locations":["Central
        US EUAP","East US 2 EUAP","North Central US (Stage)","North Central US","East
        US","East Asia","West Europe","Southeast Asia"],"apiVersions":["2024-08-02-preview","2024-03-01","2024-02-02-preview","2023-11-02-preview","2023-08-01-preview","2023-05-02-preview","2023-05-01","2023-04-01-preview","2022-11-01-preview","2022-10-01","2022-06-01-preview"],"defaultApiVersion":"2023-05-01","capabilities":"CrossResourceGroupResourceMove,
        CrossSubscriptionResourceMove, SupportsTags, SupportsLocation"},{"resourceType":"locations/connectedEnvironmentOperationResults","locations":["Central
        US EUAP","East US 2 EUAP","North Central US (Stage)","North Central US","East
        US","East Asia","West Europe","Southeast Asia"],"apiVersions":["2024-08-02-preview","2024-03-01","2024-02-02-preview","2023-11-02-preview","2023-08-01-preview","2023-05-02-preview","2023-05-01","2023-04-01-preview","2022-11-01-preview","2022-10-01","2022-06-01-preview"],"defaultApiVersion":"2023-05-01","capabilities":"None"},{"resourceType":"locations/connectedEnvironmentOperationStatuses","locations":["Central
        US EUAP","East US 2 EUAP","North Central US (Stage)","North Central US","East
        US","East Asia","West Europe","Southeast Asia"],"apiVersions":["2024-08-02-preview","2024-03-01","2024-02-02-preview","2023-11-02-preview","2023-08-01-preview","2023-05-02-preview","2023-05-01","2023-04-01-preview","2022-11-01-preview","2022-10-01","2022-06-01-preview"],"defaultApiVersion":"2023-05-01","capabilities":"None"},{"resourceType":"locations/managedCertificateOperationStatuses","locations":["Central
        US EUAP","East US 2 EUAP","North Central US (Stage)","West US 2","Southeast
        Asia","Sweden Central","Canada Central","West Europe","North Europe","East
        US","East US 2","East Asia","Australia East","Germany West Central","Japan
        East","UK South","West US","Central US","North Central US","South Central
        US","Korea Central","Brazil South","West US 3","France Central","South Africa
        North","Norway East","Switzerland North","UAE North","Canada East","West Central
        US","UK West","Central India","Switzerland West","Italy North","Poland Central","South
        India"],"apiVersions":["2024-08-02-preview","2024-03-01","2024-02-02-preview","2023-11-02-preview","2023-08-01-preview","2023-05-02-preview","2023-05-01","2023-04-01-preview","2022-11-01-preview"],"defaultApiVersion":"2023-05-01","capabilities":"None"},{"resourceType":"locations/billingMeters","locations":["Central
        US EUAP","East US 2 EUAP","North Central US (Stage)","West US 2","Southeast
        Asia","Sweden Central","Canada Central","West Europe","North Europe","East
        US","East US 2","East Asia","Australia East","Germany West Central","Japan
        East","UK South","West US","Central US","North Central US","South Central
        US","Korea Central","Brazil South","West US 3","France Central","South Africa
        North","Norway East","Switzerland North","UAE North","Canada East","West Central
        US","UK West","Central India","Switzerland West","Italy North","Poland Central","South
        India"],"apiVersions":["2024-08-02-preview","2024-03-01","2024-02-02-preview","2023-11-02-preview","2023-08-01-preview","2023-05-02-preview","2023-05-01","2023-04-01-preview","2022-11-01-preview","2022-10-01","2022-06-01-preview"],"defaultApiVersion":"2023-05-01","capabilities":"None"},{"resourceType":"locations/availableManagedEnvironmentsWorkloadProfileTypes","locations":["Central
        US EUAP","East US 2 EUAP","North Central US (Stage)","West US 2","Southeast
        Asia","Sweden Central","Canada Central","West Europe","North Europe","East
        US","East US 2","East Asia","Australia East","Germany West Central","Japan
        East","UK South","West US","Central US","North Central US","South Central
        US","Korea Central","Brazil South","West US 3","France Central","South Africa
        North","Norway East","Switzerland North","UAE North","Canada East","West Central
        US","UK West","Central India","Switzerland West","Italy North","Poland Central","South
        India"],"apiVersions":["2024-08-02-preview","2024-03-01","2024-02-02-preview","2023-11-02-preview","2023-08-01-preview","2023-05-02-preview","2023-05-01","2023-04-01-preview","2022-11-01-preview","2022-10-01","2022-06-01-preview"],"defaultApiVersion":"2023-05-01","capabilities":"None"},{"resourceType":"getCustomDomainVerificationId","locations":["Central
        US EUAP","East US 2 EUAP","North Central US (Stage)","West US 2","Southeast
        Asia","Sweden Central","Canada Central","West Europe","North Europe","East
        US","East US 2","East Asia","Australia East","Germany West Central","Japan
        East","UK South","West US","Central US","North Central US","South Central
        US","Korea Central","Brazil South","West US 3","France Central","South Africa
        North","Norway East","Switzerland North","UAE North","Canada East","West Central
        US","UK West","Central India","Italy North","Poland Central","South India","Switzerland
        West"],"apiVersions":["2024-08-02-preview","2024-03-01","2024-02-02-preview","2023-11-02-preview","2023-08-01-preview","2023-05-02-preview"],"defaultApiVersion":"2023-05-02-preview","capabilities":"None"},{"resourceType":"builders","locations":["Central
        US EUAP","East US 2 EUAP","North Central US (Stage)","West US 2","Southeast
        Asia","Sweden Central","Canada Central","West Europe","North Europe","East
        US","East US 2","East Asia","Australia East","Germany West Central","Japan
        East","UK South","West US","Central US","North Central US","South Central
        US","Korea Central","Brazil South","West US 3","France Central","South Africa
        North","Norway East","Switzerland North","UAE North","Canada East","West Central
        US","UK West","Central India","Switzerland West","Italy North","Poland Central","South
        India"],"apiVersions":["2024-08-02-preview","2024-02-02-preview","2023-11-02-preview","2023-08-01-preview"],"defaultApiVersion":"2023-08-01-preview","capabilities":"CrossResourceGroupResourceMove,
        CrossSubscriptionResourceMove, SystemAssignedResourceIdentity, SupportsTags,
        SupportsLocation"},{"resourceType":"builders/builds","locations":["Central
        US EUAP","East US 2 EUAP","North Central US (Stage)","West US 2","Southeast
        Asia","Sweden Central","Canada Central","West Europe","North Europe","East
        US","East US 2","East Asia","Australia East","Germany West Central","Japan
        East","UK South","West US","Central US","North Central US","South Central
        US","Korea Central","Brazil South","West US 3","France Central","South Africa
        North","Norway East","Switzerland North","UAE North","Canada East","West Central
        US","UK West","Central India","Switzerland West","Italy North","Poland Central","South
        India"],"apiVersions":["2024-08-02-preview","2024-02-02-preview","2023-11-02-preview","2023-08-01-preview"],"defaultApiVersion":"2023-08-01-preview","capabilities":"None"},{"resourceType":"builders/patches","locations":["Switzerland
        West","South India"],"apiVersions":["2024-08-02-preview","2024-02-02-preview","2023-11-02-preview","2023-08-01-preview"],"defaultApiVersion":"2023-08-01-preview","capabilities":"None"},{"resourceType":"locations/OperationResults","locations":["Central
        US EUAP","East US 2 EUAP","North Central US (Stage)","West US 2","Southeast
        Asia","Sweden Central","Canada Central","West Europe","North Europe","East
        US","East US 2","East Asia","Australia East","Germany West Central","Japan
        East","UK South","West US","Central US","North Central US","South Central
        US","Korea Central","Brazil South","West US 3","France Central","South Africa
        North","Norway East","Switzerland North","UAE North","Canada East","West Central
        US","UK West","Central India","Switzerland West","Italy North","Poland Central","South
        India"],"apiVersions":["2024-08-02-preview","2024-02-02-preview","2023-11-02-preview","2023-08-01-preview"],"defaultApiVersion":"2023-08-01-preview","capabilities":"None"},{"resourceType":"locations/OperationStatuses","locations":["Central
        US EUAP","East US 2 EUAP","North Central US (Stage)","West US 2","Southeast
        Asia","Sweden Central","Canada Central","West Europe","North Europe","East
        US","East US 2","East Asia","Australia East","Germany West Central","Japan
        East","UK South","West US","Central US","North Central US","South Central
        US","Korea Central","Brazil South","West US 3","France Central","South Africa
        North","Norway East","Switzerland North","UAE North","Canada East","West Central
        US","UK West","Central India","Switzerland West","Italy North","Poland Central","South
        India"],"apiVersions":["2024-08-02-preview","2024-02-02-preview","2023-11-02-preview","2023-08-01-preview"],"defaultApiVersion":"2023-08-01-preview","capabilities":"None"},{"resourceType":"managedEnvironments/dotNetComponents","locations":["Central
        US EUAP","East US 2 EUAP","North Central US (Stage)","West US 2","Southeast
        Asia","Sweden Central","Canada Central","West Europe","North Europe","East
        US","East US 2","East Asia","Australia East","Germany West Central","Japan
        East","UK South","West US","Central US","North Central US","South Central
        US","Korea Central","Brazil South","West US 3","France Central","South Africa
        North","Norway East","Switzerland North","UAE North","Canada East","West Central
        US","UK West","Central India","Switzerland West","Italy North","Poland Central","South
        India"],"apiVersions":["2024-08-02-preview","2024-02-02-preview","2023-11-02-preview"],"defaultApiVersion":"2023-11-02-preview","capabilities":"None"},{"resourceType":"managedEnvironments/javaComponents","locations":["Central
        US EUAP","East US 2 EUAP","North Central US (Stage)","West US 2","Southeast
        Asia","Sweden Central","Canada Central","West Europe","North Europe","East
        US","East US 2","East Asia","Australia East","Germany West Central","Japan
        East","UK South","West US","Central US","North Central US","South Central
        US","Korea Central","Brazil South","West US 3","France Central","South Africa
        North","Norway East","Switzerland North","UAE North","Canada East","West Central
        US","UK West","Central India","Switzerland West","Italy North","Poland Central","South
        India"],"apiVersions":["2024-08-02-preview","2024-02-02-preview","2023-11-02-preview"],"defaultApiVersion":"2023-11-02-preview","capabilities":"None"},{"resourceType":"managedEnvironments/daprComponents","locations":["Central
        US EUAP","East US 2 EUAP","North Central US (Stage)","West US 2","Southeast
        Asia","Sweden Central","Canada Central","West Europe","North Europe","East
        US","East US 2","East Asia","Australia East","Germany West Central","Japan
        East","UK South","West US","Central US","North Central US","South Central
        US","Korea Central","Brazil South","West US 3","France Central","South Africa
        North","Norway East","Switzerland North","UAE North","Canada East","West Central
        US","UK West","Central India","Switzerland West","Italy North","Poland Central","South
        India"],"apiVersions":["2024-08-02-preview","2024-03-01","2024-02-02-preview","2023-11-02-preview","2023-08-01-preview","2023-05-02-preview","2023-05-01","2023-04-01-preview","2022-11-01-preview","2022-10-01","2022-06-01-preview","2022-03-01"],"defaultApiVersion":"2023-05-01","capabilities":"None"},{"resourceType":"functions","locations":["Central
        US EUAP","East US 2 EUAP","North Central US (Stage)","West Central US","West
        US 2","Southeast Asia","Sweden Central","Canada Central","West Europe","North
        Europe","East US","East US 2","East Asia","Australia East","Germany West Central","Japan
        East","UK South","West US","Central US","North Central US","South Central
        US","Korea Central","Brazil South","West US 3","France Central","South Africa
        North","Norway East","Switzerland North","UAE North","Canada East","UK West","Central
        India","Switzerland West","Italy North","Poland Central","South India"],"apiVersions":["2024-08-02-preview","2024-02-02-preview"],"capabilities":"SupportsExtension"},{"resourceType":"logicApps","locations":["Central
        US EUAP","North Central US (Stage)","West Europe"],"apiVersions":["2024-08-02-preview","2024-02-02-preview"],"capabilities":"SupportsExtension"}],"registrationState":"Registered","registrationPolicy":"RegistrationRequired"}'
    headers:
      cache-control:
      - no-cache
      content-length:
      - '29432'
      content-type:
      - application/json; charset=utf-8
      date:
      - Thu, 22 Aug 2024 08:36:59 GMT
      expires:
      - '-1'
      pragma:
      - no-cache
      strict-transport-security:
      - max-age=31536000; includeSubDomains
      x-cache:
      - CONFIG_NOCACHE
      x-content-type-options:
      - nosniff
      x-msedge-ref:
      - 'Ref A: 0BE446A5B1394730BF1EF429FB832770 Ref B: MAA201060516035 Ref C: 2024-08-22T08:37:00Z'
    status:
      code: 200
      message: OK
- request:
    body: '{"location": "East US", "identity": {"type": "None", "userAssignedIdentities":
      null}, "properties": {"environmentId": "/subscriptions/00000000-0000-0000-0000-000000000000/resourceGroups/client.env_rg_eastus/providers/Microsoft.App/managedEnvironments/env-eastus",
      "configuration": {"secrets": null, "activeRevisionsMode": "single", "ingress":
      {"fqdn": null, "external": true, "targetPort": 80, "transport": "auto", "exposedPort":
      null, "allowInsecure": false, "traffic": null, "customDomains": null, "ipSecurityRestrictions":
      null, "stickySessions": null}, "dapr": null, "registries": null}, "template":
      {"revisionSuffix": null, "containers": [{"image": "mcr.microsoft.com/k8se/quickstart:latest",
      "name": "capp000002", "command": null, "args": null, "env": null, "resources":
      null, "volumeMounts": null}], "initContainers": null, "scale": {"minReplicas":
      1, "maxReplicas": null, "rules": []}, "volumes": null, "serviceBinds": null},
      "workloadProfileName": null}, "tags": null}'
    headers:
      Accept:
      - '*/*'
      Accept-Encoding:
      - gzip, deflate
      CommandName:
      - containerapp create
      Connection:
      - keep-alive
      Content-Length:
      - '977'
      Content-Type:
      - application/json
      ParameterSetName:
      - -g -n --environment --min-replicas --ingress --target-port
      User-Agent:
      - python/3.10.11 (Windows-10-10.0.22631-SP0) AZURECLI/2.63.0
    method: PUT
    uri: https://management.azure.com/subscriptions/00000000-0000-0000-0000-000000000000/resourceGroups/clitest.rg000001/providers/Microsoft.App/containerApps/capp000002?api-version=2024-03-01
  response:
    body:
      string: '{"id":"/subscriptions/00000000-0000-0000-0000-000000000000/resourceGroups/clitest.rg000001/providers/Microsoft.App/containerapps/capp000002","name":"capp000002","type":"Microsoft.App/containerApps","location":"East
        US","systemData":{"createdBy":"xinyupang@microsoft.com","createdByType":"User","createdAt":"2024-08-22T08:37:05.2642261Z","lastModifiedBy":"xinyupang@microsoft.com","lastModifiedByType":"User","lastModifiedAt":"2024-08-22T08:37:05.2642261Z"},"properties":{"provisioningState":"InProgress","managedEnvironmentId":"/subscriptions/00000000-0000-0000-0000-000000000000/resourceGroups/client.env_rg_eastus/providers/Microsoft.App/managedEnvironments/env-eastus","environmentId":"/subscriptions/00000000-0000-0000-0000-000000000000/resourceGroups/client.env_rg_eastus/providers/Microsoft.App/managedEnvironments/env-eastus","workloadProfileName":"Consumption","outboundIpAddresses":["20.231.246.122","20.231.246.54","20.231.247.19","20.231.246.253","20.241.227.6","20.241.226.169","20.127.248.50","20.241.171.30","20.241.172.248","20.241.172.250","20.246.203.138","20.246.203.140","52.191.22.226","52.191.22.23","52.191.22.71","52.191.22.159","52.191.22.166","52.191.22.212","52.191.22.41","52.191.23.0","52.191.22.198","52.191.22.121","20.124.73.117","52.149.247.118","52.149.245.39","52.149.247.189","52.149.247.220","52.149.247.221","52.149.245.38","52.149.244.111","52.224.88.179","52.149.247.199","52.149.244.160","4.156.169.214","51.8.244.245","51.8.245.98","51.8.244.244","51.8.245.50","51.8.245.71","51.8.245.15","51.8.245.135","51.8.245.134","51.8.245.14","51.8.244.211","4.156.169.175","4.156.169.143","20.241.173.137","20.241.173.98","20.242.228.13","20.242.227.204","20.242.227.238","20.242.228.93","52.226.103.51","52.226.103.36","52.226.103.82","52.226.103.10","52.226.102.213","52.226.102.151","52.226.102.243","52.226.103.40","52.226.102.224","52.226.102.162","52.191.232.152"],"customDomainVerificationId":"D3F71C85EB6552E36A89A3E4A080C3CFB00181670B659B0003264FC673AA9B00","configuration":{"secrets":null,"activeRevisionsMode":"Single","ingress":{"fqdn":null,"external":true,"targetPort":80,"exposedPort":null,"transport":"Auto","traffic":null,"customDomains":null,"allowInsecure":false,"ipSecurityRestrictions":null,"corsPolicy":null,"clientCertificateMode":null,"stickySessions":null,"additionalPortMappings":null},"registries":null,"dapr":null,"maxInactiveRevisions":100,"service":null},"template":{"revisionSuffix":null,"terminationGracePeriodSeconds":null,"containers":[{"image":"mcr.microsoft.com/k8se/quickstart:latest","name":"capp000002"}],"initContainers":null,"scale":{"minReplicas":1,"maxReplicas":null,"rules":[]},"volumes":null,"serviceBinds":null},"delegatedIdentities":[]},"identity":{"type":"None"}}'
    headers:
      api-supported-versions:
      - 2022-03-01, 2022-06-01-preview, 2022-10-01, 2022-11-01-preview, 2023-04-01-preview,
        2023-05-01, 2023-05-02-preview, 2023-08-01-preview, 2023-11-02-preview, 2024-02-02-preview,
        2024-03-01, 2024-08-02-preview
      azure-asyncoperation:
      - https://management.azure.com/subscriptions/00000000-0000-0000-0000-000000000000/providers/Microsoft.App/locations/eastus/containerappOperationStatuses/e54cd009-2429-406e-a104-446859de99f4?api-version=2024-03-01&azureAsyncOperation=true&t=638599126262798544&c=MIIHhzCCBm-gAwIBAgITHgTSAvXh1GCKrw08WQAABNIC9TANBgkqhkiG9w0BAQsFADBEMRMwEQYKCZImiZPyLGQBGRYDR0JMMRMwEQYKCZImiZPyLGQBGRYDQU1FMRgwFgYDVQQDEw9BTUUgSW5mcmEgQ0EgMDYwHhcNMjQwNjI3MTUyNDA3WhcNMjUwNjIyMTUyNDA3WjBAMT4wPAYDVQQDEzVhc3luY29wZXJhdGlvbnNpZ25pbmdjZXJ0aWZpY2F0ZS5tYW5hZ2VtZW50LmF6dXJlLmNvbTCCASIwDQYJKoZIhvcNAQEBBQADggEPADCCAQoCggEBAOX5t0OxQxE3upQbbFvsmp5T7gqPC72fDSg6G0QO-q7rqYToC8QZH_q_PRft3qJZILPcMnC3i05PTpzbeogSlCaa_AwlLL7W5xwBRGnsSFi6uqID-boEdPC1XBtfJ14hE4xgTlvyDFkeshYKWfG6lyrFXbpwsk-8W5euzj5uEAU138aMueyASKkhbn0w-sYa2oA_U3jECVOIlAwWtv49Wed78xbdxyOXsueDyzxDOoM-H1uA24aMiLn3z563K9_bYY4a6hsemVB7YhKwCV0dGFB2NlQuW_yO_VNKEK9b5n56xBisqDcyIAGbNaCFxMjAXplvF7azyX5n0rlTcXgQ5EUCAwEAAaOCBHQwggRwMCcGCSsGAQQBgjcVCgQaMBgwCgYIKwYBBQUHAwEwCgYIKwYBBQUHAwIwPQYJKwYBBAGCNxUHBDAwLgYmKwYBBAGCNxUIhpDjDYTVtHiE8Ys-hZvdFs6dEoFggvX2K4Py0SACAWQCAQowggHLBggrBgEFBQcBAQSCAb0wggG5MGMGCCsGAQUFBzAChldodHRwOi8vY3JsLm1pY3Jvc29mdC5jb20vcGtpaW5mcmEvQ2VydHMvQkwyUEtJSU5UQ0EwMi5BTUUuR0JMX0FNRSUyMEluZnJhJTIwQ0ElMjAwNi5jcnQwUwYIKwYBBQUHMAKGR2h0dHA6Ly9jcmwxLmFtZS5nYmwvYWlhL0JMMlBLSUlOVENBMDIuQU1FLkdCTF9BTUUlMjBJbmZyYSUyMENBJTIwMDYuY3J0MFMGCCsGAQUFBzAChkdodHRwOi8vY3JsMi5hbWUuZ2JsL2FpYS9CTDJQS0lJTlRDQTAyLkFNRS5HQkxfQU1FJTIwSW5mcmElMjBDQSUyMDA2LmNydDBTBggrBgEFBQcwAoZHaHR0cDovL2NybDMuYW1lLmdibC9haWEvQkwyUEtJSU5UQ0EwMi5BTUUuR0JMX0FNRSUyMEluZnJhJTIwQ0ElMjAwNi5jcnQwUwYIKwYBBQUHMAKGR2h0dHA6Ly9jcmw0LmFtZS5nYmwvYWlhL0JMMlBLSUlOVENBMDIuQU1FLkdCTF9BTUUlMjBJbmZyYSUyMENBJTIwMDYuY3J0MB0GA1UdDgQWBBQdmu6OxIvudboSaHvi8VnT7XivcjAOBgNVHQ8BAf8EBAMCBaAwggEmBgNVHR8EggEdMIIBGTCCARWgggERoIIBDYY_aHR0cDovL2NybC5taWNyb3NvZnQuY29tL3BraWluZnJhL0NSTC9BTUUlMjBJbmZyYSUyMENBJTIwMDYuY3JshjFodHRwOi8vY3JsMS5hbWUuZ2JsL2NybC9BTUUlMjBJbmZyYSUyMENBJTIwMDYuY3JshjFodHRwOi8vY3JsMi5hbWUuZ2JsL2NybC9BTUUlMjBJbmZyYSUyMENBJTIwMDYuY3JshjFodHRwOi8vY3JsMy5hbWUuZ2JsL2NybC9BTUUlMjBJbmZyYSUyMENBJTIwMDYuY3JshjFodHRwOi8vY3JsNC5hbWUuZ2JsL2NybC9BTUUlMjBJbmZyYSUyMENBJTIwMDYuY3JsMIGdBgNVHSAEgZUwgZIwDAYKKwYBBAGCN3sBATBmBgorBgEEAYI3ewICMFgwVgYIKwYBBQUHAgIwSh5IADMAMwBlADAAMQA5ADIAMQAtADQAZAA2ADQALQA0AGYAOABjAC0AYQAwADUANQAtADUAYgBkAGEAZgBmAGQANQBlADMAMwBkMAwGCisGAQQBgjd7AwEwDAYKKwYBBAGCN3sEATAfBgNVHSMEGDAWgBTxRmjG8cPwKy19i2rhsvm-NfzRQTAdBgNVHSUEFjAUBggrBgEFBQcDAQYIKwYBBQUHAwIwDQYJKoZIhvcNAQELBQADggEBAAE87bMgkwSJkJtWUWHywZrpdkdbMMJKKdyoixpEZVLQBkS9P248tTUDTQq_W-W_H7OUWFz7F2SmgWJcMU4lnrWQB7xGR2SU5N_Uq5D-F95ksx2I3ALBtLB8wC6t2cwtzjFIPYr9NPyCtZrnbgh6CAFqGpOq0mVkPAHZBfOfywStnkVpA4JYP0B8IIBfA4E-YqSFxC_9vSP8doGWlUkJhw7E1ylemxWU0jv_96awij-EayTYpo-pH2U6hG6hdW5nRZ929VEbgHmcDW03GdpvtqiZGWC3RdWgVHTZPvQ5XyUmZOaBQILallvd5D9QYh1VmY4oAl5QfafZ76IVrmfwu6c&s=ivOzVQpj_VQwbDBSSPeDC6kQ5VuQkCx7XjN0kSisigJvI50Qg88awDVObAyhUmYnGKgbTFfKPfRLjRXp859tQOQuKe9RqWKNR8UchFVV3rERfTp9i7dsr0PIi2HIrix6iEVS6FiT1oWm3q74We6-xaXBL-mtj9ouvDNsqfZFb8pO1bIcNAULpyJE6kWwE6z9-0sKfQRBgtJ7Nazc9-dJxOF3uXnoNNDpbOPQ17fcXp_HmuqWEiE2-KjwwYVA2ufk304awva_a553uLcKBydjVSUzLRKpvxaz88jApMsMFjM6bO3tWdJjkR03uG-HtTFNFZSY2xXbGyMVeH-56f4vlQ&h=YI75crj1ErHJjY_cy1SwBGg6REqfBf4zDIh2NewxXLg
      cache-control:
      - no-cache
      content-length:
      - '2742'
      content-type:
      - application/json; charset=utf-8
      date:
      - Thu, 22 Aug 2024 08:37:05 GMT
      expires:
      - '-1'
      pragma:
      - no-cache
      strict-transport-security:
      - max-age=31536000; includeSubDomains
      x-cache:
      - CONFIG_NOCACHE
      x-content-type-options:
      - nosniff
      x-ms-async-operation-timeout:
      - PT15M
      x-ms-ratelimit-remaining-subscription-resource-requests:
      - '699'
      x-msedge-ref:
      - 'Ref A: 55D8DE0F886D4B62838942B547E5FFE4 Ref B: MAA201060514029 Ref C: 2024-08-22T08:37:00Z'
      x-powered-by:
      - ASP.NET
    status:
      code: 201
      message: Created
- request:
    body: null
    headers:
      Accept:
      - '*/*'
      Accept-Encoding:
      - gzip, deflate
      CommandName:
      - containerapp create
      Connection:
      - keep-alive
      ParameterSetName:
      - -g -n --environment --min-replicas --ingress --target-port
      User-Agent:
      - python/3.10.11 (Windows-10-10.0.22631-SP0) AZURECLI/2.63.0
    method: GET
    uri: https://management.azure.com/subscriptions/00000000-0000-0000-0000-000000000000/providers/Microsoft.App/locations/eastus/containerappOperationStatuses/e54cd009-2429-406e-a104-446859de99f4?api-version=2024-03-01&azureAsyncOperation=true&t=638599126262798544&c=MIIHhzCCBm-gAwIBAgITHgTSAvXh1GCKrw08WQAABNIC9TANBgkqhkiG9w0BAQsFADBEMRMwEQYKCZImiZPyLGQBGRYDR0JMMRMwEQYKCZImiZPyLGQBGRYDQU1FMRgwFgYDVQQDEw9BTUUgSW5mcmEgQ0EgMDYwHhcNMjQwNjI3MTUyNDA3WhcNMjUwNjIyMTUyNDA3WjBAMT4wPAYDVQQDEzVhc3luY29wZXJhdGlvbnNpZ25pbmdjZXJ0aWZpY2F0ZS5tYW5hZ2VtZW50LmF6dXJlLmNvbTCCASIwDQYJKoZIhvcNAQEBBQADggEPADCCAQoCggEBAOX5t0OxQxE3upQbbFvsmp5T7gqPC72fDSg6G0QO-q7rqYToC8QZH_q_PRft3qJZILPcMnC3i05PTpzbeogSlCaa_AwlLL7W5xwBRGnsSFi6uqID-boEdPC1XBtfJ14hE4xgTlvyDFkeshYKWfG6lyrFXbpwsk-8W5euzj5uEAU138aMueyASKkhbn0w-sYa2oA_U3jECVOIlAwWtv49Wed78xbdxyOXsueDyzxDOoM-H1uA24aMiLn3z563K9_bYY4a6hsemVB7YhKwCV0dGFB2NlQuW_yO_VNKEK9b5n56xBisqDcyIAGbNaCFxMjAXplvF7azyX5n0rlTcXgQ5EUCAwEAAaOCBHQwggRwMCcGCSsGAQQBgjcVCgQaMBgwCgYIKwYBBQUHAwEwCgYIKwYBBQUHAwIwPQYJKwYBBAGCNxUHBDAwLgYmKwYBBAGCNxUIhpDjDYTVtHiE8Ys-hZvdFs6dEoFggvX2K4Py0SACAWQCAQowggHLBggrBgEFBQcBAQSCAb0wggG5MGMGCCsGAQUFBzAChldodHRwOi8vY3JsLm1pY3Jvc29mdC5jb20vcGtpaW5mcmEvQ2VydHMvQkwyUEtJSU5UQ0EwMi5BTUUuR0JMX0FNRSUyMEluZnJhJTIwQ0ElMjAwNi5jcnQwUwYIKwYBBQUHMAKGR2h0dHA6Ly9jcmwxLmFtZS5nYmwvYWlhL0JMMlBLSUlOVENBMDIuQU1FLkdCTF9BTUUlMjBJbmZyYSUyMENBJTIwMDYuY3J0MFMGCCsGAQUFBzAChkdodHRwOi8vY3JsMi5hbWUuZ2JsL2FpYS9CTDJQS0lJTlRDQTAyLkFNRS5HQkxfQU1FJTIwSW5mcmElMjBDQSUyMDA2LmNydDBTBggrBgEFBQcwAoZHaHR0cDovL2NybDMuYW1lLmdibC9haWEvQkwyUEtJSU5UQ0EwMi5BTUUuR0JMX0FNRSUyMEluZnJhJTIwQ0ElMjAwNi5jcnQwUwYIKwYBBQUHMAKGR2h0dHA6Ly9jcmw0LmFtZS5nYmwvYWlhL0JMMlBLSUlOVENBMDIuQU1FLkdCTF9BTUUlMjBJbmZyYSUyMENBJTIwMDYuY3J0MB0GA1UdDgQWBBQdmu6OxIvudboSaHvi8VnT7XivcjAOBgNVHQ8BAf8EBAMCBaAwggEmBgNVHR8EggEdMIIBGTCCARWgggERoIIBDYY_aHR0cDovL2NybC5taWNyb3NvZnQuY29tL3BraWluZnJhL0NSTC9BTUUlMjBJbmZyYSUyMENBJTIwMDYuY3JshjFodHRwOi8vY3JsMS5hbWUuZ2JsL2NybC9BTUUlMjBJbmZyYSUyMENBJTIwMDYuY3JshjFodHRwOi8vY3JsMi5hbWUuZ2JsL2NybC9BTUUlMjBJbmZyYSUyMENBJTIwMDYuY3JshjFodHRwOi8vY3JsMy5hbWUuZ2JsL2NybC9BTUUlMjBJbmZyYSUyMENBJTIwMDYuY3JshjFodHRwOi8vY3JsNC5hbWUuZ2JsL2NybC9BTUUlMjBJbmZyYSUyMENBJTIwMDYuY3JsMIGdBgNVHSAEgZUwgZIwDAYKKwYBBAGCN3sBATBmBgorBgEEAYI3ewICMFgwVgYIKwYBBQUHAgIwSh5IADMAMwBlADAAMQA5ADIAMQAtADQAZAA2ADQALQA0AGYAOABjAC0AYQAwADUANQAtADUAYgBkAGEAZgBmAGQANQBlADMAMwBkMAwGCisGAQQBgjd7AwEwDAYKKwYBBAGCN3sEATAfBgNVHSMEGDAWgBTxRmjG8cPwKy19i2rhsvm-NfzRQTAdBgNVHSUEFjAUBggrBgEFBQcDAQYIKwYBBQUHAwIwDQYJKoZIhvcNAQELBQADggEBAAE87bMgkwSJkJtWUWHywZrpdkdbMMJKKdyoixpEZVLQBkS9P248tTUDTQq_W-W_H7OUWFz7F2SmgWJcMU4lnrWQB7xGR2SU5N_Uq5D-F95ksx2I3ALBtLB8wC6t2cwtzjFIPYr9NPyCtZrnbgh6CAFqGpOq0mVkPAHZBfOfywStnkVpA4JYP0B8IIBfA4E-YqSFxC_9vSP8doGWlUkJhw7E1ylemxWU0jv_96awij-EayTYpo-pH2U6hG6hdW5nRZ929VEbgHmcDW03GdpvtqiZGWC3RdWgVHTZPvQ5XyUmZOaBQILallvd5D9QYh1VmY4oAl5QfafZ76IVrmfwu6c&s=ivOzVQpj_VQwbDBSSPeDC6kQ5VuQkCx7XjN0kSisigJvI50Qg88awDVObAyhUmYnGKgbTFfKPfRLjRXp859tQOQuKe9RqWKNR8UchFVV3rERfTp9i7dsr0PIi2HIrix6iEVS6FiT1oWm3q74We6-xaXBL-mtj9ouvDNsqfZFb8pO1bIcNAULpyJE6kWwE6z9-0sKfQRBgtJ7Nazc9-dJxOF3uXnoNNDpbOPQ17fcXp_HmuqWEiE2-KjwwYVA2ufk304awva_a553uLcKBydjVSUzLRKpvxaz88jApMsMFjM6bO3tWdJjkR03uG-HtTFNFZSY2xXbGyMVeH-56f4vlQ&h=YI75crj1ErHJjY_cy1SwBGg6REqfBf4zDIh2NewxXLg
  response:
    body:
      string: '{"id":"/subscriptions/00000000-0000-0000-0000-000000000000/providers/Microsoft.App/locations/eastus/containerappOperationStatuses/fbee64a4-1ed2-4140-8b00-9cc7ac08485e","name":"fbee64a4-1ed2-4140-8b00-9cc7ac08485e","status":"InProgress","startTime":"2024-08-22T08:37:05.9397401"}'
    headers:
      api-supported-versions:
      - 2022-03-01, 2022-06-01-preview, 2022-10-01, 2022-11-01-preview, 2023-04-01-preview,
        2023-05-01, 2023-05-02-preview, 2023-08-01-preview, 2023-11-02-preview, 2024-02-02-preview,
        2024-03-01, 2024-08-02-preview
      cache-control:
      - no-cache
      content-length:
      - '278'
      content-type:
      - application/json; charset=utf-8
      date:
      - Thu, 22 Aug 2024 08:37:07 GMT
      expires:
      - '-1'
      pragma:
      - no-cache
      strict-transport-security:
      - max-age=31536000; includeSubDomains
      vary:
      - Accept-Encoding
      x-cache:
      - CONFIG_NOCACHE
      x-content-type-options:
      - nosniff
      x-msedge-ref:
      - 'Ref A: BFAA415D51BC4FEBB697EDE19A705C5E Ref B: MAA201060514033 Ref C: 2024-08-22T08:37:06Z'
      x-powered-by:
      - ASP.NET
    status:
      code: 200
      message: OK
- request:
    body: null
    headers:
      Accept:
      - '*/*'
      Accept-Encoding:
      - gzip, deflate
      CommandName:
      - containerapp create
      Connection:
      - keep-alive
      ParameterSetName:
      - -g -n --environment --min-replicas --ingress --target-port
      User-Agent:
      - python/3.10.11 (Windows-10-10.0.22631-SP0) AZURECLI/2.63.0
    method: GET
    uri: https://management.azure.com/subscriptions/00000000-0000-0000-0000-000000000000/providers/Microsoft.App/locations/eastus/containerappOperationStatuses/e54cd009-2429-406e-a104-446859de99f4?api-version=2024-03-01&azureAsyncOperation=true&t=638599126262798544&c=MIIHhzCCBm-gAwIBAgITHgTSAvXh1GCKrw08WQAABNIC9TANBgkqhkiG9w0BAQsFADBEMRMwEQYKCZImiZPyLGQBGRYDR0JMMRMwEQYKCZImiZPyLGQBGRYDQU1FMRgwFgYDVQQDEw9BTUUgSW5mcmEgQ0EgMDYwHhcNMjQwNjI3MTUyNDA3WhcNMjUwNjIyMTUyNDA3WjBAMT4wPAYDVQQDEzVhc3luY29wZXJhdGlvbnNpZ25pbmdjZXJ0aWZpY2F0ZS5tYW5hZ2VtZW50LmF6dXJlLmNvbTCCASIwDQYJKoZIhvcNAQEBBQADggEPADCCAQoCggEBAOX5t0OxQxE3upQbbFvsmp5T7gqPC72fDSg6G0QO-q7rqYToC8QZH_q_PRft3qJZILPcMnC3i05PTpzbeogSlCaa_AwlLL7W5xwBRGnsSFi6uqID-boEdPC1XBtfJ14hE4xgTlvyDFkeshYKWfG6lyrFXbpwsk-8W5euzj5uEAU138aMueyASKkhbn0w-sYa2oA_U3jECVOIlAwWtv49Wed78xbdxyOXsueDyzxDOoM-H1uA24aMiLn3z563K9_bYY4a6hsemVB7YhKwCV0dGFB2NlQuW_yO_VNKEK9b5n56xBisqDcyIAGbNaCFxMjAXplvF7azyX5n0rlTcXgQ5EUCAwEAAaOCBHQwggRwMCcGCSsGAQQBgjcVCgQaMBgwCgYIKwYBBQUHAwEwCgYIKwYBBQUHAwIwPQYJKwYBBAGCNxUHBDAwLgYmKwYBBAGCNxUIhpDjDYTVtHiE8Ys-hZvdFs6dEoFggvX2K4Py0SACAWQCAQowggHLBggrBgEFBQcBAQSCAb0wggG5MGMGCCsGAQUFBzAChldodHRwOi8vY3JsLm1pY3Jvc29mdC5jb20vcGtpaW5mcmEvQ2VydHMvQkwyUEtJSU5UQ0EwMi5BTUUuR0JMX0FNRSUyMEluZnJhJTIwQ0ElMjAwNi5jcnQwUwYIKwYBBQUHMAKGR2h0dHA6Ly9jcmwxLmFtZS5nYmwvYWlhL0JMMlBLSUlOVENBMDIuQU1FLkdCTF9BTUUlMjBJbmZyYSUyMENBJTIwMDYuY3J0MFMGCCsGAQUFBzAChkdodHRwOi8vY3JsMi5hbWUuZ2JsL2FpYS9CTDJQS0lJTlRDQTAyLkFNRS5HQkxfQU1FJTIwSW5mcmElMjBDQSUyMDA2LmNydDBTBggrBgEFBQcwAoZHaHR0cDovL2NybDMuYW1lLmdibC9haWEvQkwyUEtJSU5UQ0EwMi5BTUUuR0JMX0FNRSUyMEluZnJhJTIwQ0ElMjAwNi5jcnQwUwYIKwYBBQUHMAKGR2h0dHA6Ly9jcmw0LmFtZS5nYmwvYWlhL0JMMlBLSUlOVENBMDIuQU1FLkdCTF9BTUUlMjBJbmZyYSUyMENBJTIwMDYuY3J0MB0GA1UdDgQWBBQdmu6OxIvudboSaHvi8VnT7XivcjAOBgNVHQ8BAf8EBAMCBaAwggEmBgNVHR8EggEdMIIBGTCCARWgggERoIIBDYY_aHR0cDovL2NybC5taWNyb3NvZnQuY29tL3BraWluZnJhL0NSTC9BTUUlMjBJbmZyYSUyMENBJTIwMDYuY3JshjFodHRwOi8vY3JsMS5hbWUuZ2JsL2NybC9BTUUlMjBJbmZyYSUyMENBJTIwMDYuY3JshjFodHRwOi8vY3JsMi5hbWUuZ2JsL2NybC9BTUUlMjBJbmZyYSUyMENBJTIwMDYuY3JshjFodHRwOi8vY3JsMy5hbWUuZ2JsL2NybC9BTUUlMjBJbmZyYSUyMENBJTIwMDYuY3JshjFodHRwOi8vY3JsNC5hbWUuZ2JsL2NybC9BTUUlMjBJbmZyYSUyMENBJTIwMDYuY3JsMIGdBgNVHSAEgZUwgZIwDAYKKwYBBAGCN3sBATBmBgorBgEEAYI3ewICMFgwVgYIKwYBBQUHAgIwSh5IADMAMwBlADAAMQA5ADIAMQAtADQAZAA2ADQALQA0AGYAOABjAC0AYQAwADUANQAtADUAYgBkAGEAZgBmAGQANQBlADMAMwBkMAwGCisGAQQBgjd7AwEwDAYKKwYBBAGCN3sEATAfBgNVHSMEGDAWgBTxRmjG8cPwKy19i2rhsvm-NfzRQTAdBgNVHSUEFjAUBggrBgEFBQcDAQYIKwYBBQUHAwIwDQYJKoZIhvcNAQELBQADggEBAAE87bMgkwSJkJtWUWHywZrpdkdbMMJKKdyoixpEZVLQBkS9P248tTUDTQq_W-W_H7OUWFz7F2SmgWJcMU4lnrWQB7xGR2SU5N_Uq5D-F95ksx2I3ALBtLB8wC6t2cwtzjFIPYr9NPyCtZrnbgh6CAFqGpOq0mVkPAHZBfOfywStnkVpA4JYP0B8IIBfA4E-YqSFxC_9vSP8doGWlUkJhw7E1ylemxWU0jv_96awij-EayTYpo-pH2U6hG6hdW5nRZ929VEbgHmcDW03GdpvtqiZGWC3RdWgVHTZPvQ5XyUmZOaBQILallvd5D9QYh1VmY4oAl5QfafZ76IVrmfwu6c&s=ivOzVQpj_VQwbDBSSPeDC6kQ5VuQkCx7XjN0kSisigJvI50Qg88awDVObAyhUmYnGKgbTFfKPfRLjRXp859tQOQuKe9RqWKNR8UchFVV3rERfTp9i7dsr0PIi2HIrix6iEVS6FiT1oWm3q74We6-xaXBL-mtj9ouvDNsqfZFb8pO1bIcNAULpyJE6kWwE6z9-0sKfQRBgtJ7Nazc9-dJxOF3uXnoNNDpbOPQ17fcXp_HmuqWEiE2-KjwwYVA2ufk304awva_a553uLcKBydjVSUzLRKpvxaz88jApMsMFjM6bO3tWdJjkR03uG-HtTFNFZSY2xXbGyMVeH-56f4vlQ&h=YI75crj1ErHJjY_cy1SwBGg6REqfBf4zDIh2NewxXLg
  response:
    body:
      string: '{"id":"/subscriptions/00000000-0000-0000-0000-000000000000/providers/Microsoft.App/locations/eastus/containerappOperationStatuses/fbee64a4-1ed2-4140-8b00-9cc7ac08485e","name":"fbee64a4-1ed2-4140-8b00-9cc7ac08485e","status":"InProgress","startTime":"2024-08-22T08:37:05.9397401"}'
    headers:
      api-supported-versions:
      - 2022-03-01, 2022-06-01-preview, 2022-10-01, 2022-11-01-preview, 2023-04-01-preview,
        2023-05-01, 2023-05-02-preview, 2023-08-01-preview, 2023-11-02-preview, 2024-02-02-preview,
        2024-03-01, 2024-08-02-preview
      cache-control:
      - no-cache
      content-length:
      - '278'
      content-type:
      - application/json; charset=utf-8
      date:
      - Thu, 22 Aug 2024 08:37:10 GMT
      expires:
      - '-1'
      pragma:
      - no-cache
      strict-transport-security:
      - max-age=31536000; includeSubDomains
      vary:
      - Accept-Encoding
      x-cache:
      - CONFIG_NOCACHE
      x-content-type-options:
      - nosniff
      x-msedge-ref:
      - 'Ref A: B4F3C9FD4C5347D5B0C45D1EFF7F5593 Ref B: MAA201060516053 Ref C: 2024-08-22T08:37:10Z'
      x-powered-by:
      - ASP.NET
    status:
      code: 200
      message: OK
- request:
    body: null
    headers:
      Accept:
      - '*/*'
      Accept-Encoding:
      - gzip, deflate
      CommandName:
      - containerapp create
      Connection:
      - keep-alive
      ParameterSetName:
      - -g -n --environment --min-replicas --ingress --target-port
      User-Agent:
      - python/3.10.11 (Windows-10-10.0.22631-SP0) AZURECLI/2.63.0
    method: GET
    uri: https://management.azure.com/subscriptions/00000000-0000-0000-0000-000000000000/providers/Microsoft.App/locations/eastus/containerappOperationStatuses/e54cd009-2429-406e-a104-446859de99f4?api-version=2024-03-01&azureAsyncOperation=true&t=638599126262798544&c=MIIHhzCCBm-gAwIBAgITHgTSAvXh1GCKrw08WQAABNIC9TANBgkqhkiG9w0BAQsFADBEMRMwEQYKCZImiZPyLGQBGRYDR0JMMRMwEQYKCZImiZPyLGQBGRYDQU1FMRgwFgYDVQQDEw9BTUUgSW5mcmEgQ0EgMDYwHhcNMjQwNjI3MTUyNDA3WhcNMjUwNjIyMTUyNDA3WjBAMT4wPAYDVQQDEzVhc3luY29wZXJhdGlvbnNpZ25pbmdjZXJ0aWZpY2F0ZS5tYW5hZ2VtZW50LmF6dXJlLmNvbTCCASIwDQYJKoZIhvcNAQEBBQADggEPADCCAQoCggEBAOX5t0OxQxE3upQbbFvsmp5T7gqPC72fDSg6G0QO-q7rqYToC8QZH_q_PRft3qJZILPcMnC3i05PTpzbeogSlCaa_AwlLL7W5xwBRGnsSFi6uqID-boEdPC1XBtfJ14hE4xgTlvyDFkeshYKWfG6lyrFXbpwsk-8W5euzj5uEAU138aMueyASKkhbn0w-sYa2oA_U3jECVOIlAwWtv49Wed78xbdxyOXsueDyzxDOoM-H1uA24aMiLn3z563K9_bYY4a6hsemVB7YhKwCV0dGFB2NlQuW_yO_VNKEK9b5n56xBisqDcyIAGbNaCFxMjAXplvF7azyX5n0rlTcXgQ5EUCAwEAAaOCBHQwggRwMCcGCSsGAQQBgjcVCgQaMBgwCgYIKwYBBQUHAwEwCgYIKwYBBQUHAwIwPQYJKwYBBAGCNxUHBDAwLgYmKwYBBAGCNxUIhpDjDYTVtHiE8Ys-hZvdFs6dEoFggvX2K4Py0SACAWQCAQowggHLBggrBgEFBQcBAQSCAb0wggG5MGMGCCsGAQUFBzAChldodHRwOi8vY3JsLm1pY3Jvc29mdC5jb20vcGtpaW5mcmEvQ2VydHMvQkwyUEtJSU5UQ0EwMi5BTUUuR0JMX0FNRSUyMEluZnJhJTIwQ0ElMjAwNi5jcnQwUwYIKwYBBQUHMAKGR2h0dHA6Ly9jcmwxLmFtZS5nYmwvYWlhL0JMMlBLSUlOVENBMDIuQU1FLkdCTF9BTUUlMjBJbmZyYSUyMENBJTIwMDYuY3J0MFMGCCsGAQUFBzAChkdodHRwOi8vY3JsMi5hbWUuZ2JsL2FpYS9CTDJQS0lJTlRDQTAyLkFNRS5HQkxfQU1FJTIwSW5mcmElMjBDQSUyMDA2LmNydDBTBggrBgEFBQcwAoZHaHR0cDovL2NybDMuYW1lLmdibC9haWEvQkwyUEtJSU5UQ0EwMi5BTUUuR0JMX0FNRSUyMEluZnJhJTIwQ0ElMjAwNi5jcnQwUwYIKwYBBQUHMAKGR2h0dHA6Ly9jcmw0LmFtZS5nYmwvYWlhL0JMMlBLSUlOVENBMDIuQU1FLkdCTF9BTUUlMjBJbmZyYSUyMENBJTIwMDYuY3J0MB0GA1UdDgQWBBQdmu6OxIvudboSaHvi8VnT7XivcjAOBgNVHQ8BAf8EBAMCBaAwggEmBgNVHR8EggEdMIIBGTCCARWgggERoIIBDYY_aHR0cDovL2NybC5taWNyb3NvZnQuY29tL3BraWluZnJhL0NSTC9BTUUlMjBJbmZyYSUyMENBJTIwMDYuY3JshjFodHRwOi8vY3JsMS5hbWUuZ2JsL2NybC9BTUUlMjBJbmZyYSUyMENBJTIwMDYuY3JshjFodHRwOi8vY3JsMi5hbWUuZ2JsL2NybC9BTUUlMjBJbmZyYSUyMENBJTIwMDYuY3JshjFodHRwOi8vY3JsMy5hbWUuZ2JsL2NybC9BTUUlMjBJbmZyYSUyMENBJTIwMDYuY3JshjFodHRwOi8vY3JsNC5hbWUuZ2JsL2NybC9BTUUlMjBJbmZyYSUyMENBJTIwMDYuY3JsMIGdBgNVHSAEgZUwgZIwDAYKKwYBBAGCN3sBATBmBgorBgEEAYI3ewICMFgwVgYIKwYBBQUHAgIwSh5IADMAMwBlADAAMQA5ADIAMQAtADQAZAA2ADQALQA0AGYAOABjAC0AYQAwADUANQAtADUAYgBkAGEAZgBmAGQANQBlADMAMwBkMAwGCisGAQQBgjd7AwEwDAYKKwYBBAGCN3sEATAfBgNVHSMEGDAWgBTxRmjG8cPwKy19i2rhsvm-NfzRQTAdBgNVHSUEFjAUBggrBgEFBQcDAQYIKwYBBQUHAwIwDQYJKoZIhvcNAQELBQADggEBAAE87bMgkwSJkJtWUWHywZrpdkdbMMJKKdyoixpEZVLQBkS9P248tTUDTQq_W-W_H7OUWFz7F2SmgWJcMU4lnrWQB7xGR2SU5N_Uq5D-F95ksx2I3ALBtLB8wC6t2cwtzjFIPYr9NPyCtZrnbgh6CAFqGpOq0mVkPAHZBfOfywStnkVpA4JYP0B8IIBfA4E-YqSFxC_9vSP8doGWlUkJhw7E1ylemxWU0jv_96awij-EayTYpo-pH2U6hG6hdW5nRZ929VEbgHmcDW03GdpvtqiZGWC3RdWgVHTZPvQ5XyUmZOaBQILallvd5D9QYh1VmY4oAl5QfafZ76IVrmfwu6c&s=ivOzVQpj_VQwbDBSSPeDC6kQ5VuQkCx7XjN0kSisigJvI50Qg88awDVObAyhUmYnGKgbTFfKPfRLjRXp859tQOQuKe9RqWKNR8UchFVV3rERfTp9i7dsr0PIi2HIrix6iEVS6FiT1oWm3q74We6-xaXBL-mtj9ouvDNsqfZFb8pO1bIcNAULpyJE6kWwE6z9-0sKfQRBgtJ7Nazc9-dJxOF3uXnoNNDpbOPQ17fcXp_HmuqWEiE2-KjwwYVA2ufk304awva_a553uLcKBydjVSUzLRKpvxaz88jApMsMFjM6bO3tWdJjkR03uG-HtTFNFZSY2xXbGyMVeH-56f4vlQ&h=YI75crj1ErHJjY_cy1SwBGg6REqfBf4zDIh2NewxXLg
  response:
    body:
      string: '{"id":"/subscriptions/00000000-0000-0000-0000-000000000000/providers/Microsoft.App/locations/eastus/containerappOperationStatuses/fbee64a4-1ed2-4140-8b00-9cc7ac08485e","name":"fbee64a4-1ed2-4140-8b00-9cc7ac08485e","status":"InProgress","startTime":"2024-08-22T08:37:05.9397401"}'
    headers:
      api-supported-versions:
      - 2022-03-01, 2022-06-01-preview, 2022-10-01, 2022-11-01-preview, 2023-04-01-preview,
        2023-05-01, 2023-05-02-preview, 2023-08-01-preview, 2023-11-02-preview, 2024-02-02-preview,
        2024-03-01, 2024-08-02-preview
      cache-control:
      - no-cache
      content-length:
      - '278'
      content-type:
      - application/json; charset=utf-8
      date:
      - Thu, 22 Aug 2024 08:37:12 GMT
      expires:
      - '-1'
      pragma:
      - no-cache
      strict-transport-security:
      - max-age=31536000; includeSubDomains
      vary:
      - Accept-Encoding
      x-cache:
      - CONFIG_NOCACHE
      x-content-type-options:
      - nosniff
      x-msedge-ref:
      - 'Ref A: 8D6042159FB34153A4258F452D1088E9 Ref B: MAA201060514025 Ref C: 2024-08-22T08:37:12Z'
      x-powered-by:
      - ASP.NET
    status:
      code: 200
      message: OK
- request:
    body: null
    headers:
      Accept:
      - '*/*'
      Accept-Encoding:
      - gzip, deflate
      CommandName:
      - containerapp create
      Connection:
      - keep-alive
      ParameterSetName:
      - -g -n --environment --min-replicas --ingress --target-port
      User-Agent:
      - python/3.10.11 (Windows-10-10.0.22631-SP0) AZURECLI/2.63.0
    method: GET
    uri: https://management.azure.com/subscriptions/00000000-0000-0000-0000-000000000000/providers/Microsoft.App/locations/eastus/containerappOperationStatuses/e54cd009-2429-406e-a104-446859de99f4?api-version=2024-03-01&azureAsyncOperation=true&t=638599126262798544&c=MIIHhzCCBm-gAwIBAgITHgTSAvXh1GCKrw08WQAABNIC9TANBgkqhkiG9w0BAQsFADBEMRMwEQYKCZImiZPyLGQBGRYDR0JMMRMwEQYKCZImiZPyLGQBGRYDQU1FMRgwFgYDVQQDEw9BTUUgSW5mcmEgQ0EgMDYwHhcNMjQwNjI3MTUyNDA3WhcNMjUwNjIyMTUyNDA3WjBAMT4wPAYDVQQDEzVhc3luY29wZXJhdGlvbnNpZ25pbmdjZXJ0aWZpY2F0ZS5tYW5hZ2VtZW50LmF6dXJlLmNvbTCCASIwDQYJKoZIhvcNAQEBBQADggEPADCCAQoCggEBAOX5t0OxQxE3upQbbFvsmp5T7gqPC72fDSg6G0QO-q7rqYToC8QZH_q_PRft3qJZILPcMnC3i05PTpzbeogSlCaa_AwlLL7W5xwBRGnsSFi6uqID-boEdPC1XBtfJ14hE4xgTlvyDFkeshYKWfG6lyrFXbpwsk-8W5euzj5uEAU138aMueyASKkhbn0w-sYa2oA_U3jECVOIlAwWtv49Wed78xbdxyOXsueDyzxDOoM-H1uA24aMiLn3z563K9_bYY4a6hsemVB7YhKwCV0dGFB2NlQuW_yO_VNKEK9b5n56xBisqDcyIAGbNaCFxMjAXplvF7azyX5n0rlTcXgQ5EUCAwEAAaOCBHQwggRwMCcGCSsGAQQBgjcVCgQaMBgwCgYIKwYBBQUHAwEwCgYIKwYBBQUHAwIwPQYJKwYBBAGCNxUHBDAwLgYmKwYBBAGCNxUIhpDjDYTVtHiE8Ys-hZvdFs6dEoFggvX2K4Py0SACAWQCAQowggHLBggrBgEFBQcBAQSCAb0wggG5MGMGCCsGAQUFBzAChldodHRwOi8vY3JsLm1pY3Jvc29mdC5jb20vcGtpaW5mcmEvQ2VydHMvQkwyUEtJSU5UQ0EwMi5BTUUuR0JMX0FNRSUyMEluZnJhJTIwQ0ElMjAwNi5jcnQwUwYIKwYBBQUHMAKGR2h0dHA6Ly9jcmwxLmFtZS5nYmwvYWlhL0JMMlBLSUlOVENBMDIuQU1FLkdCTF9BTUUlMjBJbmZyYSUyMENBJTIwMDYuY3J0MFMGCCsGAQUFBzAChkdodHRwOi8vY3JsMi5hbWUuZ2JsL2FpYS9CTDJQS0lJTlRDQTAyLkFNRS5HQkxfQU1FJTIwSW5mcmElMjBDQSUyMDA2LmNydDBTBggrBgEFBQcwAoZHaHR0cDovL2NybDMuYW1lLmdibC9haWEvQkwyUEtJSU5UQ0EwMi5BTUUuR0JMX0FNRSUyMEluZnJhJTIwQ0ElMjAwNi5jcnQwUwYIKwYBBQUHMAKGR2h0dHA6Ly9jcmw0LmFtZS5nYmwvYWlhL0JMMlBLSUlOVENBMDIuQU1FLkdCTF9BTUUlMjBJbmZyYSUyMENBJTIwMDYuY3J0MB0GA1UdDgQWBBQdmu6OxIvudboSaHvi8VnT7XivcjAOBgNVHQ8BAf8EBAMCBaAwggEmBgNVHR8EggEdMIIBGTCCARWgggERoIIBDYY_aHR0cDovL2NybC5taWNyb3NvZnQuY29tL3BraWluZnJhL0NSTC9BTUUlMjBJbmZyYSUyMENBJTIwMDYuY3JshjFodHRwOi8vY3JsMS5hbWUuZ2JsL2NybC9BTUUlMjBJbmZyYSUyMENBJTIwMDYuY3JshjFodHRwOi8vY3JsMi5hbWUuZ2JsL2NybC9BTUUlMjBJbmZyYSUyMENBJTIwMDYuY3JshjFodHRwOi8vY3JsMy5hbWUuZ2JsL2NybC9BTUUlMjBJbmZyYSUyMENBJTIwMDYuY3JshjFodHRwOi8vY3JsNC5hbWUuZ2JsL2NybC9BTUUlMjBJbmZyYSUyMENBJTIwMDYuY3JsMIGdBgNVHSAEgZUwgZIwDAYKKwYBBAGCN3sBATBmBgorBgEEAYI3ewICMFgwVgYIKwYBBQUHAgIwSh5IADMAMwBlADAAMQA5ADIAMQAtADQAZAA2ADQALQA0AGYAOABjAC0AYQAwADUANQAtADUAYgBkAGEAZgBmAGQANQBlADMAMwBkMAwGCisGAQQBgjd7AwEwDAYKKwYBBAGCN3sEATAfBgNVHSMEGDAWgBTxRmjG8cPwKy19i2rhsvm-NfzRQTAdBgNVHSUEFjAUBggrBgEFBQcDAQYIKwYBBQUHAwIwDQYJKoZIhvcNAQELBQADggEBAAE87bMgkwSJkJtWUWHywZrpdkdbMMJKKdyoixpEZVLQBkS9P248tTUDTQq_W-W_H7OUWFz7F2SmgWJcMU4lnrWQB7xGR2SU5N_Uq5D-F95ksx2I3ALBtLB8wC6t2cwtzjFIPYr9NPyCtZrnbgh6CAFqGpOq0mVkPAHZBfOfywStnkVpA4JYP0B8IIBfA4E-YqSFxC_9vSP8doGWlUkJhw7E1ylemxWU0jv_96awij-EayTYpo-pH2U6hG6hdW5nRZ929VEbgHmcDW03GdpvtqiZGWC3RdWgVHTZPvQ5XyUmZOaBQILallvd5D9QYh1VmY4oAl5QfafZ76IVrmfwu6c&s=ivOzVQpj_VQwbDBSSPeDC6kQ5VuQkCx7XjN0kSisigJvI50Qg88awDVObAyhUmYnGKgbTFfKPfRLjRXp859tQOQuKe9RqWKNR8UchFVV3rERfTp9i7dsr0PIi2HIrix6iEVS6FiT1oWm3q74We6-xaXBL-mtj9ouvDNsqfZFb8pO1bIcNAULpyJE6kWwE6z9-0sKfQRBgtJ7Nazc9-dJxOF3uXnoNNDpbOPQ17fcXp_HmuqWEiE2-KjwwYVA2ufk304awva_a553uLcKBydjVSUzLRKpvxaz88jApMsMFjM6bO3tWdJjkR03uG-HtTFNFZSY2xXbGyMVeH-56f4vlQ&h=YI75crj1ErHJjY_cy1SwBGg6REqfBf4zDIh2NewxXLg
  response:
    body:
      string: '{"id":"/subscriptions/00000000-0000-0000-0000-000000000000/providers/Microsoft.App/locations/eastus/containerappOperationStatuses/fbee64a4-1ed2-4140-8b00-9cc7ac08485e","name":"fbee64a4-1ed2-4140-8b00-9cc7ac08485e","status":"InProgress","startTime":"2024-08-22T08:37:05.9397401"}'
    headers:
      api-supported-versions:
      - 2022-03-01, 2022-06-01-preview, 2022-10-01, 2022-11-01-preview, 2023-04-01-preview,
        2023-05-01, 2023-05-02-preview, 2023-08-01-preview, 2023-11-02-preview, 2024-02-02-preview,
        2024-03-01, 2024-08-02-preview
      cache-control:
      - no-cache
      content-length:
      - '278'
      content-type:
      - application/json; charset=utf-8
      date:
      - Thu, 22 Aug 2024 08:37:15 GMT
      expires:
      - '-1'
      pragma:
      - no-cache
      strict-transport-security:
      - max-age=31536000; includeSubDomains
      vary:
      - Accept-Encoding
      x-cache:
      - CONFIG_NOCACHE
      x-content-type-options:
      - nosniff
      x-msedge-ref:
      - 'Ref A: AD934122FE9347FEA98DEA0123DF899B Ref B: MAA201060515019 Ref C: 2024-08-22T08:37:15Z'
      x-powered-by:
      - ASP.NET
    status:
      code: 200
      message: OK
- request:
    body: null
    headers:
      Accept:
      - '*/*'
      Accept-Encoding:
      - gzip, deflate
      CommandName:
      - containerapp create
      Connection:
      - keep-alive
      ParameterSetName:
      - -g -n --environment --min-replicas --ingress --target-port
      User-Agent:
      - python/3.10.11 (Windows-10-10.0.22631-SP0) AZURECLI/2.63.0
    method: GET
    uri: https://management.azure.com/subscriptions/00000000-0000-0000-0000-000000000000/providers/Microsoft.App/locations/eastus/containerappOperationStatuses/e54cd009-2429-406e-a104-446859de99f4?api-version=2024-03-01&azureAsyncOperation=true&t=638599126262798544&c=MIIHhzCCBm-gAwIBAgITHgTSAvXh1GCKrw08WQAABNIC9TANBgkqhkiG9w0BAQsFADBEMRMwEQYKCZImiZPyLGQBGRYDR0JMMRMwEQYKCZImiZPyLGQBGRYDQU1FMRgwFgYDVQQDEw9BTUUgSW5mcmEgQ0EgMDYwHhcNMjQwNjI3MTUyNDA3WhcNMjUwNjIyMTUyNDA3WjBAMT4wPAYDVQQDEzVhc3luY29wZXJhdGlvbnNpZ25pbmdjZXJ0aWZpY2F0ZS5tYW5hZ2VtZW50LmF6dXJlLmNvbTCCASIwDQYJKoZIhvcNAQEBBQADggEPADCCAQoCggEBAOX5t0OxQxE3upQbbFvsmp5T7gqPC72fDSg6G0QO-q7rqYToC8QZH_q_PRft3qJZILPcMnC3i05PTpzbeogSlCaa_AwlLL7W5xwBRGnsSFi6uqID-boEdPC1XBtfJ14hE4xgTlvyDFkeshYKWfG6lyrFXbpwsk-8W5euzj5uEAU138aMueyASKkhbn0w-sYa2oA_U3jECVOIlAwWtv49Wed78xbdxyOXsueDyzxDOoM-H1uA24aMiLn3z563K9_bYY4a6hsemVB7YhKwCV0dGFB2NlQuW_yO_VNKEK9b5n56xBisqDcyIAGbNaCFxMjAXplvF7azyX5n0rlTcXgQ5EUCAwEAAaOCBHQwggRwMCcGCSsGAQQBgjcVCgQaMBgwCgYIKwYBBQUHAwEwCgYIKwYBBQUHAwIwPQYJKwYBBAGCNxUHBDAwLgYmKwYBBAGCNxUIhpDjDYTVtHiE8Ys-hZvdFs6dEoFggvX2K4Py0SACAWQCAQowggHLBggrBgEFBQcBAQSCAb0wggG5MGMGCCsGAQUFBzAChldodHRwOi8vY3JsLm1pY3Jvc29mdC5jb20vcGtpaW5mcmEvQ2VydHMvQkwyUEtJSU5UQ0EwMi5BTUUuR0JMX0FNRSUyMEluZnJhJTIwQ0ElMjAwNi5jcnQwUwYIKwYBBQUHMAKGR2h0dHA6Ly9jcmwxLmFtZS5nYmwvYWlhL0JMMlBLSUlOVENBMDIuQU1FLkdCTF9BTUUlMjBJbmZyYSUyMENBJTIwMDYuY3J0MFMGCCsGAQUFBzAChkdodHRwOi8vY3JsMi5hbWUuZ2JsL2FpYS9CTDJQS0lJTlRDQTAyLkFNRS5HQkxfQU1FJTIwSW5mcmElMjBDQSUyMDA2LmNydDBTBggrBgEFBQcwAoZHaHR0cDovL2NybDMuYW1lLmdibC9haWEvQkwyUEtJSU5UQ0EwMi5BTUUuR0JMX0FNRSUyMEluZnJhJTIwQ0ElMjAwNi5jcnQwUwYIKwYBBQUHMAKGR2h0dHA6Ly9jcmw0LmFtZS5nYmwvYWlhL0JMMlBLSUlOVENBMDIuQU1FLkdCTF9BTUUlMjBJbmZyYSUyMENBJTIwMDYuY3J0MB0GA1UdDgQWBBQdmu6OxIvudboSaHvi8VnT7XivcjAOBgNVHQ8BAf8EBAMCBaAwggEmBgNVHR8EggEdMIIBGTCCARWgggERoIIBDYY_aHR0cDovL2NybC5taWNyb3NvZnQuY29tL3BraWluZnJhL0NSTC9BTUUlMjBJbmZyYSUyMENBJTIwMDYuY3JshjFodHRwOi8vY3JsMS5hbWUuZ2JsL2NybC9BTUUlMjBJbmZyYSUyMENBJTIwMDYuY3JshjFodHRwOi8vY3JsMi5hbWUuZ2JsL2NybC9BTUUlMjBJbmZyYSUyMENBJTIwMDYuY3JshjFodHRwOi8vY3JsMy5hbWUuZ2JsL2NybC9BTUUlMjBJbmZyYSUyMENBJTIwMDYuY3JshjFodHRwOi8vY3JsNC5hbWUuZ2JsL2NybC9BTUUlMjBJbmZyYSUyMENBJTIwMDYuY3JsMIGdBgNVHSAEgZUwgZIwDAYKKwYBBAGCN3sBATBmBgorBgEEAYI3ewICMFgwVgYIKwYBBQUHAgIwSh5IADMAMwBlADAAMQA5ADIAMQAtADQAZAA2ADQALQA0AGYAOABjAC0AYQAwADUANQAtADUAYgBkAGEAZgBmAGQANQBlADMAMwBkMAwGCisGAQQBgjd7AwEwDAYKKwYBBAGCN3sEATAfBgNVHSMEGDAWgBTxRmjG8cPwKy19i2rhsvm-NfzRQTAdBgNVHSUEFjAUBggrBgEFBQcDAQYIKwYBBQUHAwIwDQYJKoZIhvcNAQELBQADggEBAAE87bMgkwSJkJtWUWHywZrpdkdbMMJKKdyoixpEZVLQBkS9P248tTUDTQq_W-W_H7OUWFz7F2SmgWJcMU4lnrWQB7xGR2SU5N_Uq5D-F95ksx2I3ALBtLB8wC6t2cwtzjFIPYr9NPyCtZrnbgh6CAFqGpOq0mVkPAHZBfOfywStnkVpA4JYP0B8IIBfA4E-YqSFxC_9vSP8doGWlUkJhw7E1ylemxWU0jv_96awij-EayTYpo-pH2U6hG6hdW5nRZ929VEbgHmcDW03GdpvtqiZGWC3RdWgVHTZPvQ5XyUmZOaBQILallvd5D9QYh1VmY4oAl5QfafZ76IVrmfwu6c&s=ivOzVQpj_VQwbDBSSPeDC6kQ5VuQkCx7XjN0kSisigJvI50Qg88awDVObAyhUmYnGKgbTFfKPfRLjRXp859tQOQuKe9RqWKNR8UchFVV3rERfTp9i7dsr0PIi2HIrix6iEVS6FiT1oWm3q74We6-xaXBL-mtj9ouvDNsqfZFb8pO1bIcNAULpyJE6kWwE6z9-0sKfQRBgtJ7Nazc9-dJxOF3uXnoNNDpbOPQ17fcXp_HmuqWEiE2-KjwwYVA2ufk304awva_a553uLcKBydjVSUzLRKpvxaz88jApMsMFjM6bO3tWdJjkR03uG-HtTFNFZSY2xXbGyMVeH-56f4vlQ&h=YI75crj1ErHJjY_cy1SwBGg6REqfBf4zDIh2NewxXLg
  response:
    body:
      string: '{"id":"/subscriptions/00000000-0000-0000-0000-000000000000/providers/Microsoft.App/locations/eastus/containerappOperationStatuses/fbee64a4-1ed2-4140-8b00-9cc7ac08485e","name":"fbee64a4-1ed2-4140-8b00-9cc7ac08485e","status":"Succeeded","startTime":"2024-08-22T08:37:05.9397401"}'
    headers:
      api-supported-versions:
      - 2022-03-01, 2022-06-01-preview, 2022-10-01, 2022-11-01-preview, 2023-04-01-preview,
        2023-05-01, 2023-05-02-preview, 2023-08-01-preview, 2023-11-02-preview, 2024-02-02-preview,
        2024-03-01, 2024-08-02-preview
      cache-control:
      - no-cache
      content-length:
      - '277'
      content-type:
      - application/json; charset=utf-8
      date:
      - Thu, 22 Aug 2024 08:37:18 GMT
      expires:
      - '-1'
      pragma:
      - no-cache
      strict-transport-security:
      - max-age=31536000; includeSubDomains
      vary:
      - Accept-Encoding
      x-cache:
      - CONFIG_NOCACHE
      x-content-type-options:
      - nosniff
      x-msedge-ref:
      - 'Ref A: 0B71227F575347CFB22C98F4871085FD Ref B: MAA201060513025 Ref C: 2024-08-22T08:37:18Z'
      x-powered-by:
      - ASP.NET
    status:
      code: 200
      message: OK
- request:
    body: null
    headers:
      Accept:
      - '*/*'
      Accept-Encoding:
      - gzip, deflate
      CommandName:
      - containerapp create
      Connection:
      - keep-alive
      ParameterSetName:
      - -g -n --environment --min-replicas --ingress --target-port
      User-Agent:
      - python/3.10.11 (Windows-10-10.0.22631-SP0) AZURECLI/2.63.0
    method: GET
    uri: https://management.azure.com/subscriptions/00000000-0000-0000-0000-000000000000/resourceGroups/clitest.rg000001/providers/Microsoft.App/containerApps/capp000002?api-version=2024-03-01
  response:
    body:
      string: '{"id":"/subscriptions/00000000-0000-0000-0000-000000000000/resourceGroups/clitest.rg000001/providers/Microsoft.App/containerapps/capp000002","name":"capp000002","type":"Microsoft.App/containerApps","location":"East
        US","systemData":{"createdBy":"xinyupang@microsoft.com","createdByType":"User","createdAt":"2024-08-22T08:37:05.2642261","lastModifiedBy":"xinyupang@microsoft.com","lastModifiedByType":"User","lastModifiedAt":"2024-08-22T08:37:05.2642261"},"properties":{"provisioningState":"Succeeded","runningStatus":"Running","managedEnvironmentId":"/subscriptions/00000000-0000-0000-0000-000000000000/resourceGroups/client.env_rg_eastus/providers/Microsoft.App/managedEnvironments/env-eastus","environmentId":"/subscriptions/00000000-0000-0000-0000-000000000000/resourceGroups/client.env_rg_eastus/providers/Microsoft.App/managedEnvironments/env-eastus","workloadProfileName":"Consumption","outboundIpAddresses":["20.231.246.122","20.231.246.54","20.231.247.19","20.231.246.253","20.241.227.6","20.241.226.169","20.127.248.50","20.241.171.30","20.241.172.248","20.241.172.250","20.246.203.138","20.246.203.140","52.191.22.226","52.191.22.23","52.191.22.71","52.191.22.159","52.191.22.166","52.191.22.212","52.191.22.41","52.191.23.0","52.191.22.198","52.191.22.121","20.124.73.117","52.149.247.118","52.149.245.39","52.149.247.189","52.149.247.220","52.149.247.221","52.149.245.38","52.149.244.111","52.224.88.179","52.149.247.199","52.149.244.160","4.156.169.214","51.8.244.245","51.8.245.98","51.8.244.244","51.8.245.50","51.8.245.71","51.8.245.15","51.8.245.135","51.8.245.134","51.8.245.14","51.8.244.211","4.156.169.175","4.156.169.143","20.241.173.137","20.241.173.98","20.242.228.13","20.242.227.204","20.242.227.238","20.242.228.93","52.226.103.51","52.226.103.36","52.226.103.82","52.226.103.10","52.226.102.213","52.226.102.151","52.226.102.243","52.226.103.40","52.226.102.224","52.226.102.162","52.191.232.152"],"latestRevisionName":"capp000002--lrw1w9k","latestReadyRevisionName":"capp000002--lrw1w9k","latestRevisionFqdn":"capp000002--lrw1w9k.whitebeach-63bf60a5.eastus.azurecontainerapps.io","customDomainVerificationId":"D3F71C85EB6552E36A89A3E4A080C3CFB00181670B659B0003264FC673AA9B00","configuration":{"secrets":null,"activeRevisionsMode":"Single","ingress":{"fqdn":"capp000002.whitebeach-63bf60a5.eastus.azurecontainerapps.io","external":true,"targetPort":80,"exposedPort":0,"transport":"Auto","traffic":[{"weight":100,"latestRevision":true}],"customDomains":null,"allowInsecure":false,"ipSecurityRestrictions":null,"corsPolicy":null,"clientCertificateMode":null,"stickySessions":null,"additionalPortMappings":null},"registries":null,"dapr":null,"maxInactiveRevisions":100,"service":null},"template":{"revisionSuffix":"","terminationGracePeriodSeconds":null,"containers":[{"image":"mcr.microsoft.com/k8se/quickstart:latest","name":"capp000002","resources":{"cpu":0.5,"memory":"1Gi","ephemeralStorage":"2Gi"}}],"initContainers":null,"scale":{"minReplicas":1,"maxReplicas":10,"rules":null},"volumes":null,"serviceBinds":null},"eventStreamEndpoint":"https://eastus.azurecontainerapps.dev/subscriptions/00000000-0000-0000-0000-000000000000/resourceGroups/clitest.rg000001/containerApps/capp000002/eventstream","delegatedIdentities":[]},"identity":{"type":"None"}}'
    headers:
      api-supported-versions:
      - 2022-03-01, 2022-06-01-preview, 2022-10-01, 2022-11-01-preview, 2023-04-01-preview,
        2023-05-01, 2023-05-02-preview, 2023-08-01-preview, 2023-11-02-preview, 2024-02-02-preview,
        2024-03-01, 2024-08-02-preview
      cache-control:
      - no-cache
      content-length:
      - '3280'
      content-type:
      - application/json; charset=utf-8
      date:
      - Thu, 22 Aug 2024 08:37:20 GMT
      expires:
      - '-1'
      pragma:
      - no-cache
      strict-transport-security:
      - max-age=31536000; includeSubDomains
      vary:
      - Accept-Encoding
      x-cache:
      - CONFIG_NOCACHE
      x-content-type-options:
      - nosniff
      x-msedge-ref:
      - 'Ref A: 0EA798EDCAD44E248F89F3308A7EDBA8 Ref B: MAA201060516047 Ref C: 2024-08-22T08:37:19Z'
      x-powered-by:
      - ASP.NET
    status:
      code: 200
      message: OK
- request:
    body: null
    headers:
      Accept:
      - '*/*'
      Accept-Encoding:
      - gzip, deflate
      CommandName:
      - containerapp logs show
      Connection:
      - keep-alive
      ParameterSetName:
      - -n -g --follow --format --tail
      User-Agent:
      - python/3.10.11 (Windows-10-10.0.22631-SP0) AZURECLI/2.63.0
    method: GET
    uri: https://management.azure.com/subscriptions/00000000-0000-0000-0000-000000000000/resourceGroups/clitest.rg000001/providers/Microsoft.App/containerApps/capp000002?api-version=2024-03-01
  response:
    body:
      string: '{"id":"/subscriptions/00000000-0000-0000-0000-000000000000/resourceGroups/clitest.rg000001/providers/Microsoft.App/containerapps/capp000002","name":"capp000002","type":"Microsoft.App/containerApps","location":"East
        US","systemData":{"createdBy":"xinyupang@microsoft.com","createdByType":"User","createdAt":"2024-08-22T08:37:05.2642261","lastModifiedBy":"xinyupang@microsoft.com","lastModifiedByType":"User","lastModifiedAt":"2024-08-22T08:37:05.2642261"},"properties":{"provisioningState":"Succeeded","runningStatus":"Running","managedEnvironmentId":"/subscriptions/00000000-0000-0000-0000-000000000000/resourceGroups/client.env_rg_eastus/providers/Microsoft.App/managedEnvironments/env-eastus","environmentId":"/subscriptions/00000000-0000-0000-0000-000000000000/resourceGroups/client.env_rg_eastus/providers/Microsoft.App/managedEnvironments/env-eastus","workloadProfileName":"Consumption","outboundIpAddresses":["20.231.246.122","20.231.246.54","20.231.247.19","20.231.246.253","20.241.227.6","20.241.226.169","20.127.248.50","20.241.171.30","20.241.172.248","20.241.172.250","20.246.203.138","20.246.203.140","52.191.22.226","52.191.22.23","52.191.22.71","52.191.22.159","52.191.22.166","52.191.22.212","52.191.22.41","52.191.23.0","52.191.22.198","52.191.22.121","20.124.73.117","52.149.247.118","52.149.245.39","52.149.247.189","52.149.247.220","52.149.247.221","52.149.245.38","52.149.244.111","52.224.88.179","52.149.247.199","52.149.244.160","4.156.169.214","51.8.244.245","51.8.245.98","51.8.244.244","51.8.245.50","51.8.245.71","51.8.245.15","51.8.245.135","51.8.245.134","51.8.245.14","51.8.244.211","4.156.169.175","4.156.169.143","20.241.173.137","20.241.173.98","20.242.228.13","20.242.227.204","20.242.227.238","20.242.228.93","52.226.103.51","52.226.103.36","52.226.103.82","52.226.103.10","52.226.102.213","52.226.102.151","52.226.102.243","52.226.103.40","52.226.102.224","52.226.102.162","52.191.232.152"],"latestRevisionName":"capp000002--lrw1w9k","latestReadyRevisionName":"capp000002--lrw1w9k","latestRevisionFqdn":"capp000002--lrw1w9k.whitebeach-63bf60a5.eastus.azurecontainerapps.io","customDomainVerificationId":"D3F71C85EB6552E36A89A3E4A080C3CFB00181670B659B0003264FC673AA9B00","configuration":{"secrets":null,"activeRevisionsMode":"Single","ingress":{"fqdn":"capp000002.whitebeach-63bf60a5.eastus.azurecontainerapps.io","external":true,"targetPort":80,"exposedPort":0,"transport":"Auto","traffic":[{"weight":100,"latestRevision":true}],"customDomains":null,"allowInsecure":false,"ipSecurityRestrictions":null,"corsPolicy":null,"clientCertificateMode":null,"stickySessions":null,"additionalPortMappings":null},"registries":null,"dapr":null,"maxInactiveRevisions":100,"service":null},"template":{"revisionSuffix":"","terminationGracePeriodSeconds":null,"containers":[{"image":"mcr.microsoft.com/k8se/quickstart:latest","name":"capp000002","resources":{"cpu":0.5,"memory":"1Gi","ephemeralStorage":"2Gi"}}],"initContainers":null,"scale":{"minReplicas":1,"maxReplicas":10,"rules":null},"volumes":null,"serviceBinds":null},"eventStreamEndpoint":"https://eastus.azurecontainerapps.dev/subscriptions/00000000-0000-0000-0000-000000000000/resourceGroups/clitest.rg000001/containerApps/capp000002/eventstream","delegatedIdentities":[]},"identity":{"type":"None"}}'
    headers:
      api-supported-versions:
      - 2022-03-01, 2022-06-01-preview, 2022-10-01, 2022-11-01-preview, 2023-04-01-preview,
        2023-05-01, 2023-05-02-preview, 2023-08-01-preview, 2023-11-02-preview, 2024-02-02-preview,
        2024-03-01, 2024-08-02-preview
      cache-control:
      - no-cache
      content-length:
      - '3280'
      content-type:
      - application/json; charset=utf-8
      date:
      - Thu, 22 Aug 2024 08:37:23 GMT
      expires:
      - '-1'
      pragma:
      - no-cache
      strict-transport-security:
      - max-age=31536000; includeSubDomains
      vary:
      - Accept-Encoding
      x-cache:
      - CONFIG_NOCACHE
      x-content-type-options:
      - nosniff
      x-msedge-ref:
      - 'Ref A: 066EC15B691B483F9034AB4E6DCAFD27 Ref B: MAA201060513011 Ref C: 2024-08-22T08:37:23Z'
      x-powered-by:
      - ASP.NET
    status:
      code: 200
      message: OK
- request:
    body: null
    headers:
      Accept:
      - '*/*'
      Accept-Encoding:
      - gzip, deflate
      CommandName:
      - containerapp logs show
      Connection:
      - keep-alive
      ParameterSetName:
      - -n -g --follow --format --tail
      User-Agent:
      - python/3.10.11 (Windows-10-10.0.22631-SP0) AZURECLI/2.63.0
    method: GET
    uri: https://management.azure.com/subscriptions/00000000-0000-0000-0000-000000000000/resourceGroups/client.env_rg_eastus/providers/Microsoft.App/managedEnvironments/env-eastus?api-version=2024-03-01
  response:
    body:
      string: '{"id":"/subscriptions/00000000-0000-0000-0000-000000000000/resourceGroups/client.env_rg_eastus/providers/Microsoft.App/managedEnvironments/env-eastus","name":"env-eastus","type":"Microsoft.App/managedEnvironments","location":"East
        US","systemData":{"createdBy":"xinyupang@microsoft.com","createdByType":"User","createdAt":"2023-10-23T04:59:04.4655929","lastModifiedBy":"xinyupang@microsoft.com","lastModifiedByType":"User","lastModifiedAt":"2023-11-10T02:41:49.4366892"},"properties":{"provisioningState":"Succeeded","daprAIInstrumentationKey":null,"daprAIConnectionString":null,"vnetConfiguration":null,"defaultDomain":"whitebeach-63bf60a5.eastus.azurecontainerapps.io","staticIp":"52.224.202.83","appLogsConfiguration":{"destination":null,"logAnalyticsConfiguration":null},"zoneRedundant":false,"kedaConfiguration":{"version":"2.14.0"},"daprConfiguration":{"version":"1.12.5"},"eventStreamEndpoint":"https://eastus.azurecontainerapps.dev/subscriptions/00000000-0000-0000-0000-000000000000/resourceGroups/client.env_rg_eastus/managedEnvironments/env-eastus/eventstream","customDomainConfiguration":{"customDomainVerificationId":"D3F71C85EB6552E36A89A3E4A080C3CFB00181670B659B0003264FC673AA9B00","dnsSuffix":null,"certificateValue":null,"certificatePassword":null,"thumbprint":null,"subjectName":null,"expirationDate":null},"workloadProfiles":[{"workloadProfileType":"Consumption","name":"Consumption"},{"workloadProfileType":"D8","name":"wpname","minimumCount":1,"maximumCount":8}],"infrastructureResourceGroup":null,"peerAuthentication":{"mtls":{"enabled":false}},"peerTrafficConfiguration":{"encryption":{"enabled":false}}}}'
    headers:
      api-supported-versions:
      - 2022-03-01, 2022-06-01-preview, 2022-10-01, 2022-11-01-preview, 2023-04-01-preview,
        2023-05-01, 2023-05-02-preview, 2023-08-01-preview, 2023-11-02-preview, 2024-02-02-preview,
        2024-03-01, 2024-08-02-preview
      cache-control:
      - no-cache
      content-length:
      - '1627'
      content-type:
      - application/json; charset=utf-8
      date:
      - Thu, 22 Aug 2024 08:37:25 GMT
      expires:
      - '-1'
      pragma:
      - no-cache
      strict-transport-security:
      - max-age=31536000; includeSubDomains
      vary:
      - Accept-Encoding
      x-cache:
      - CONFIG_NOCACHE
      x-content-type-options:
      - nosniff
      x-msedge-ref:
      - 'Ref A: 90D212DC642D4B298B79C3ECC664A118 Ref B: MAA201060514019 Ref C: 2024-08-22T08:37:24Z'
      x-powered-by:
      - ASP.NET
    status:
      code: 200
      message: OK
- request:
    body: null
    headers:
      Accept:
      - '*/*'
      Accept-Encoding:
      - gzip, deflate
      Connection:
      - keep-alive
      User-Agent:
      - python-requests/2.32.3
    method: GET
    uri: https://capp000002.whitebeach-63bf60a5.eastus.azurecontainerapps.io/
  response:
    body:
      string: "<html lang=\"en\">\n\n<head>\n    <meta charset=\"UTF-8\">\n    <meta
        name=\"viewport\" content=\"width=device-width, initial-scale=1.0\">\n    <title>Azure
        Container Apps</title>\n    <link href=\"https://stackpath.bootstrapcdn.com/bootstrap/4.5.2/css/bootstrap.min.css\"
        rel=\"stylesheet\">\n    <link rel=\"stylesheet\" href=\"style.css\">\n</head>\n\n<body>\n
        \   <header class=\"mb-lg-5 mb-md-5 ml-sm-4 ml-md-1 row\">\n        <div class=\"col-lg-5
        col-md-5 col-sm-5 ml-sm-1 ml-md-5 ml-lg-5 pl-lg-5 mb-lg-4\">\n            <img
        src=\"https://appservice.azureedge.net/images/static-apps/v3/microsoft_azure_logo.svg\"\n
        \               alt=\"Microsoft Azure\" style=\"width:100%;max-width:300px;min-width:250px\">\n
        \       </div>\n    </header>\n    <div class=\"container mt-3\" style=\"margin-left:0px
        !important;margin-right:0px !important; width: 100% !important\">\n        <div
        class=\"row\" style=\"width: 100% !important\">\n            <div class=\"col-lg-1
        col-md-1 col-sm-1\"></div>\n            <div class=\"col-lg-9 col-md-9 col-sm-10\">\n
        \               <div class=\"col-md-12\">\n                    <h3>Your container
        app is running with a Hello World image</h3><br>\n                    <p>Azure
        Container Apps is a serverless container solution for apps and microservices
        that\n                        helps\n                        you:</p>\n                    <ul>\n
        \                       <li>Simplify your container deployments</li>\n                        <li>Manage
        less infrastructure</li>\n                        <li>Scale automatically
        on demand</li>\n                    </ul>\n                    <p>\n                        <a
        href=\"https://aka.ms/aca/qs-docs\" class=\"btn btn-link p-0\">Learn more.</a>\n
        \                   </p>\n                    <br>\n                    <div
        class=\"row d-none d-sm-block ml-lg-1 mr-ml-1\">\n                        <h4
        class=\"d-flex\">Next steps</h4><br>\n                        <div class=\"d-flex\">\n
        \                           <div class=\"col-6\" style=\"margin-left:0 !important;padding-left:0
        !important\">\n                                <p>Explore sample templates
        you can leverage for your container apps.</p>\n                                <a
        href=\"https://aka.ms/aca/qs-samples\" class=\"btn btn-primary btn-sm\">Sample\n
        \                                   apps</a>\n                            </div>\n
        \                           <div class=\"col-6\">\n                                <p>Follow
        our Quickstart guide and deploy your own app.</p>\n                                <a
        href=\"https://aka.ms/aca/qs\" class=\"btn btn-primary btn-sm\">Quickstart</a>\n
        \                           </div>\n                        </div>\n                    </div>\n
        \                   <div class=\"row d-block d-sm-none ml-1 mb-5\">\n                        <h4
        class=\"d-flex\">Next steps</h4><br>\n                        <div class=\"d-flex\">\n
        \                           <div class=\"col-6\" style=\"margin-left:0 !important;padding-left:0
        !important\">\n                                <p>Explore sample templates
        you can leverage for your container apps.</p>\n                                <a
        href=\"https://aka.ms/aca/qs-samples\" class=\"btn btn-primary btn-sm\">Sample\n
        \                                   apps</a>\n                            </div>\n
        \                           <div class=\"col-6\">\n                                <p>Follow
        our Quickstart guide and deploy your own app.</p>\n                                <a
        href=\"https://aka.ms/aca/qs\" class=\"btn btn-primary btn-sm\">Quickstart</a>\n
        \                           </div>\n                        </div>\n                    </div>\n
        \               </div>\n            </div>\n            <div class=\"col-md-2
        d-none d-lg-block\">\n                <div class=\"row d-none d-md-block mt-5
        ml-5\"><br>\n                    <img src=\"aca.svg\" class=\"ml-5 mt-5\"
        style=\"min-width: 350px;\" title=\"Azure Container Apps logo\">\n                </div>\n
        \           </div>\n        </div>\n    </div>\n    <script src=\"https://code.jquery.com/jquery-3.5.1.slim.min.js\"></script>\n
        \   <script src=\"https://cdn.jsdelivr.net/npm/@popperjs/core@2.9.2/dist/umd/popper.min.js\"></script>\n
        \   <script src=\"https://stackpath.bootstrapcdn.com/bootstrap/4.5.2/js/bootstrap.min.js\"></script>\n</body>\n</html>\n"
    headers:
      accept-ranges:
      - bytes
      content-length:
      - '4201'
      content-type:
      - text/html; charset=utf-8
      date:
      - Thu, 22 Aug 2024 08:37:31 GMT
      last-modified:
      - Thu, 22 Aug 2024 07:36:18 GMT
    status:
      code: 200
      message: OK
- request:
    body: null
    headers:
      Accept:
      - '*/*'
      Accept-Encoding:
      - gzip, deflate
      CommandName:
      - containerapp logs show
      Connection:
      - keep-alive
      ParameterSetName:
      - -n -g --follow --format --tail
      User-Agent:
      - python/3.10.11 (Windows-10-10.0.22631-SP0) AZURECLI/2.63.0
    method: GET
    uri: https://management.azure.com/subscriptions/00000000-0000-0000-0000-000000000000/resourceGroups/clitest.rg000001/providers/Microsoft.App/containerApps/capp000002/revisions/capp000002--lrw1w9k/replicas?api-version=2024-03-01
  response:
    body:
      string: '{"value":[{"id":"/subscriptions/00000000-0000-0000-0000-000000000000/resourceGroups/clitest.rg000001/providers/Microsoft.App/containerApps/capp000002/revisions/capp000002--lrw1w9k/replicas/capp000002--lrw1w9k-749d5f777b-4bwh5","name":"capp000002--lrw1w9k-749d5f777b-4bwh5","type":"Microsoft.App/containerapps/revisions/replicas","properties":{"createdTime":"2024-08-22T08:37:11Z","runningState":"Running","runningStateDetails":"","containers":[{"name":"capp000002","containerId":"containerd://650b30cf92df41c9aa2969aa00f31dfe","ready":true,"started":true,"restartCount":0,"runningState":"Running","runningStateDetails":"Container
        started at: 8/22/2024 8:37:16 AM.","logStreamEndpoint":"https://eastus.azurecontainerapps.dev/subscriptions/00000000-0000-0000-0000-000000000000/resourceGroups/clitest.rg000001/containerApps/capp000002/revisions/capp000002--lrw1w9k/replicas/capp000002--lrw1w9k-749d5f777b-4bwh5/containers/capp000002/logstream","execEndpoint":"wss://eastus.azurecontainerapps.dev/subscriptions/00000000-0000-0000-0000-000000000000/resourceGroups/clitest.rg000001/containerApps/capp000002/revisions/capp000002--lrw1w9k/replicas/capp000002--lrw1w9k-749d5f777b-4bwh5/containers/capp000002/exec"}],"initContainers":[]}}]}'
    headers:
      api-supported-versions:
      - 2022-03-01, 2022-06-01-preview, 2022-10-01, 2022-11-01-preview, 2023-04-01-preview,
        2023-05-01, 2023-05-02-preview, 2023-08-01-preview, 2023-11-02-preview, 2024-02-02-preview,
        2024-03-01, 2024-08-02-preview
      cache-control:
      - no-cache
      content-length:
      - '1230'
      content-type:
      - application/json; charset=utf-8
      date:
      - Thu, 22 Aug 2024 08:37:32 GMT
      expires:
      - '-1'
      pragma:
      - no-cache
      strict-transport-security:
      - max-age=31536000; includeSubDomains
      vary:
      - Accept-Encoding
      x-cache:
      - CONFIG_NOCACHE
      x-content-type-options:
      - nosniff
      x-msedge-ref:
      - 'Ref A: 179CA8B8EDBB468C919F39ED870DF2FB Ref B: MAA201060513051 Ref C: 2024-08-22T08:37:32Z'
      x-powered-by:
      - ASP.NET
    status:
      code: 200
      message: OK
- request:
    body: null
    headers:
      Accept:
      - '*/*'
      Accept-Encoding:
      - gzip, deflate
      CommandName:
      - containerapp logs show
      Connection:
      - keep-alive
      ParameterSetName:
      - -n -g --follow --format --tail
      User-Agent:
      - python/3.10.11 (Windows-10-10.0.22631-SP0) AZURECLI/2.63.0
    method: GET
    uri: https://management.azure.com/subscriptions/00000000-0000-0000-0000-000000000000/resourceGroups/clitest.rg000001/providers/Microsoft.App/containerApps/capp000002/revisions/capp000002--lrw1w9k?api-version=2024-03-01
  response:
    body:
      string: '{"id":"/subscriptions/00000000-0000-0000-0000-000000000000/resourceGroups/clitest.rg000001/providers/Microsoft.App/containerApps/capp000002/revisions/capp000002--lrw1w9k","name":"capp000002--lrw1w9k","type":"Microsoft.App/containerapps/revisions","properties":{"createdTime":"2024-08-22T08:37:11+00:00","fqdn":"capp000002--lrw1w9k.whitebeach-63bf60a5.eastus.azurecontainerapps.io","template":{"revisionSuffix":null,"terminationGracePeriodSeconds":null,"containers":[{"image":"mcr.microsoft.com/k8se/quickstart:latest","name":"capp000002","resources":{"cpu":0.500,"memory":"1Gi"},"probes":[]}],"initContainers":null,"scale":{"minReplicas":1,"maxReplicas":10,"rules":null},"volumes":null,"serviceBinds":null},"active":true,"replicas":1,"trafficWeight":100,"healthState":"Healthy","provisioningState":"Provisioned","runningState":"Running"}}'
    headers:
      api-supported-versions:
      - 2022-03-01, 2022-06-01-preview, 2022-10-01, 2022-11-01-preview, 2023-04-01-preview,
        2023-05-01, 2023-05-02-preview, 2023-08-01-preview, 2023-11-02-preview, 2024-02-02-preview,
        2024-03-01, 2024-08-02-preview
      cache-control:
      - no-cache
      content-length:
      - '838'
      content-type:
      - application/json; charset=utf-8
      date:
      - Thu, 22 Aug 2024 08:37:34 GMT
      expires:
      - '-1'
      pragma:
      - no-cache
      strict-transport-security:
      - max-age=31536000; includeSubDomains
      vary:
      - Accept-Encoding
      x-cache:
      - CONFIG_NOCACHE
      x-content-type-options:
      - nosniff
      x-msedge-ref:
      - 'Ref A: 4A3A54AB0F7943C08718F9BADC6BD292 Ref B: MAA201060514023 Ref C: 2024-08-22T08:37:34Z'
      x-powered-by:
      - ASP.NET
    status:
      code: 200
      message: OK
- request:
    body: null
    headers:
      Accept:
      - '*/*'
      Accept-Encoding:
      - gzip, deflate
      CommandName:
      - containerapp logs show
      Connection:
      - keep-alive
      ParameterSetName:
      - -n -g --follow --format --tail
      User-Agent:
      - python/3.10.11 (Windows-10-10.0.22631-SP0) AZURECLI/2.63.0
    method: GET
    uri: https://management.azure.com/subscriptions/00000000-0000-0000-0000-000000000000/resourceGroups/clitest.rg000001/providers/Microsoft.App/containerApps/capp000002/revisions/capp000002--lrw1w9k?api-version=2024-03-01
  response:
    body:
      string: '{"id":"/subscriptions/00000000-0000-0000-0000-000000000000/resourceGroups/clitest.rg000001/providers/Microsoft.App/containerApps/capp000002/revisions/capp000002--lrw1w9k","name":"capp000002--lrw1w9k","type":"Microsoft.App/containerapps/revisions","properties":{"createdTime":"2024-08-22T08:37:11+00:00","fqdn":"capp000002--lrw1w9k.whitebeach-63bf60a5.eastus.azurecontainerapps.io","template":{"revisionSuffix":null,"terminationGracePeriodSeconds":null,"containers":[{"image":"mcr.microsoft.com/k8se/quickstart:latest","name":"capp000002","resources":{"cpu":0.500,"memory":"1Gi"},"probes":[]}],"initContainers":null,"scale":{"minReplicas":1,"maxReplicas":10,"rules":null},"volumes":null,"serviceBinds":null},"active":true,"replicas":1,"trafficWeight":100,"healthState":"Healthy","provisioningState":"Provisioned","runningState":"Running"}}'
    headers:
      api-supported-versions:
      - 2022-03-01, 2022-06-01-preview, 2022-10-01, 2022-11-01-preview, 2023-04-01-preview,
        2023-05-01, 2023-05-02-preview, 2023-08-01-preview, 2023-11-02-preview, 2024-02-02-preview,
        2024-03-01, 2024-08-02-preview
      cache-control:
      - no-cache
      content-length:
      - '838'
      content-type:
      - application/json; charset=utf-8
      date:
      - Thu, 22 Aug 2024 08:37:36 GMT
      expires:
      - '-1'
      pragma:
      - no-cache
      strict-transport-security:
      - max-age=31536000; includeSubDomains
      vary:
      - Accept-Encoding
      x-cache:
      - CONFIG_NOCACHE
      x-content-type-options:
      - nosniff
      x-msedge-ref:
      - 'Ref A: B804BFC64BAC4D70B0A11F4808EF65CD Ref B: MAA201060516033 Ref C: 2024-08-22T08:37:35Z'
      x-powered-by:
      - ASP.NET
    status:
      code: 200
      message: OK
- request:
    body: null
    headers:
      Accept:
      - '*/*'
      Accept-Encoding:
      - gzip, deflate
      CommandName:
      - containerapp logs show
      Connection:
      - keep-alive
      ParameterSetName:
      - -n -g --follow --format --tail
      User-Agent:
      - python/3.10.11 (Windows-10-10.0.22631-SP0) AZURECLI/2.63.0
    method: GET
    uri: https://management.azure.com/subscriptions/00000000-0000-0000-0000-000000000000/resourceGroups/clitest.rg000001/providers/Microsoft.App/containerApps/capp000002/revisions/capp000002--lrw1w9k/replicas/capp000002--lrw1w9k-749d5f777b-4bwh5/?api-version=2024-03-01
  response:
    body:
      string: '{"id":"/subscriptions/00000000-0000-0000-0000-000000000000/resourceGroups/clitest.rg000001/providers/Microsoft.App/containerApps/capp000002/revisions/capp000002--lrw1w9k/replicas/capp000002--lrw1w9k-749d5f777b-4bwh5","name":"capp000002--lrw1w9k-749d5f777b-4bwh5","type":"Microsoft.App/containerapps/revisions/replicas","properties":{"createdTime":"2024-08-22T08:37:11Z","runningState":"Running","runningStateDetails":"","containers":[{"name":"capp000002","containerId":"containerd://650b30cf92df41c9aa2969aa00f31dfe","ready":true,"started":true,"restartCount":0,"runningState":"Running","runningStateDetails":"Container
        started at: 8/22/2024 8:37:16 AM.","logStreamEndpoint":"https://eastus.azurecontainerapps.dev/subscriptions/00000000-0000-0000-0000-000000000000/resourceGroups/clitest.rg000001/containerApps/capp000002/revisions/capp000002--lrw1w9k/replicas/capp000002--lrw1w9k-749d5f777b-4bwh5/containers/capp000002/logstream","execEndpoint":"wss://eastus.azurecontainerapps.dev/subscriptions/00000000-0000-0000-0000-000000000000/resourceGroups/clitest.rg000001/containerApps/capp000002/revisions/capp000002--lrw1w9k/replicas/capp000002--lrw1w9k-749d5f777b-4bwh5/containers/capp000002/exec"}],"initContainers":[]}}'
    headers:
      api-supported-versions:
      - 2022-03-01, 2022-06-01-preview, 2022-10-01, 2022-11-01-preview, 2023-04-01-preview,
        2023-05-01, 2023-05-02-preview, 2023-08-01-preview, 2023-11-02-preview, 2024-02-02-preview,
        2024-03-01, 2024-08-02-preview
      cache-control:
      - no-cache
      content-length:
      - '1218'
      content-type:
      - application/json; charset=utf-8
      date:
      - Thu, 22 Aug 2024 08:37:37 GMT
      expires:
      - '-1'
      pragma:
      - no-cache
      strict-transport-security:
      - max-age=31536000; includeSubDomains
      vary:
      - Accept-Encoding
      x-cache:
      - CONFIG_NOCACHE
      x-content-type-options:
      - nosniff
      x-msedge-ref:
      - 'Ref A: E8221455FEEE426CAA2D497BDD33481A Ref B: MAA201060514027 Ref C: 2024-08-22T08:37:37Z'
      x-powered-by:
      - ASP.NET
    status:
      code: 200
      message: OK
- request:
    body: null
    headers:
      Accept:
      - '*/*'
      Accept-Encoding:
      - gzip, deflate
      CommandName:
      - containerapp logs show
      Connection:
      - keep-alive
      ParameterSetName:
      - -n -g --follow --format --tail
      User-Agent:
      - python/3.10.11 (Windows-10-10.0.22631-SP0) AZURECLI/2.63.0
    method: GET
    uri: https://management.azure.com/subscriptions/00000000-0000-0000-0000-000000000000/resourceGroups/clitest.rg000001/providers/Microsoft.App/containerApps/capp000002/revisions/capp000002--lrw1w9k/replicas/capp000002--lrw1w9k-749d5f777b-4bwh5/?api-version=2024-03-01
  response:
    body:
      string: '{"id":"/subscriptions/00000000-0000-0000-0000-000000000000/resourceGroups/clitest.rg000001/providers/Microsoft.App/containerApps/capp000002/revisions/capp000002--lrw1w9k/replicas/capp000002--lrw1w9k-749d5f777b-4bwh5","name":"capp000002--lrw1w9k-749d5f777b-4bwh5","type":"Microsoft.App/containerapps/revisions/replicas","properties":{"createdTime":"2024-08-22T08:37:11Z","runningState":"Running","runningStateDetails":"","containers":[{"name":"capp000002","containerId":"containerd://650b30cf92df41c9aa2969aa00f31dfe","ready":true,"started":true,"restartCount":0,"runningState":"Running","runningStateDetails":"Container
        started at: 8/22/2024 8:37:16 AM.","logStreamEndpoint":"https://eastus.azurecontainerapps.dev/subscriptions/00000000-0000-0000-0000-000000000000/resourceGroups/clitest.rg000001/containerApps/capp000002/revisions/capp000002--lrw1w9k/replicas/capp000002--lrw1w9k-749d5f777b-4bwh5/containers/capp000002/logstream","execEndpoint":"wss://eastus.azurecontainerapps.dev/subscriptions/00000000-0000-0000-0000-000000000000/resourceGroups/clitest.rg000001/containerApps/capp000002/revisions/capp000002--lrw1w9k/replicas/capp000002--lrw1w9k-749d5f777b-4bwh5/containers/capp000002/exec"}],"initContainers":[]}}'
    headers:
      api-supported-versions:
      - 2022-03-01, 2022-06-01-preview, 2022-10-01, 2022-11-01-preview, 2023-04-01-preview,
        2023-05-01, 2023-05-02-preview, 2023-08-01-preview, 2023-11-02-preview, 2024-02-02-preview,
        2024-03-01, 2024-08-02-preview
      cache-control:
      - no-cache
      content-length:
      - '1218'
      content-type:
      - application/json; charset=utf-8
      date:
      - Thu, 22 Aug 2024 08:37:38 GMT
      expires:
      - '-1'
      pragma:
      - no-cache
      strict-transport-security:
      - max-age=31536000; includeSubDomains
      vary:
      - Accept-Encoding
      x-cache:
      - CONFIG_NOCACHE
      x-content-type-options:
      - nosniff
      x-msedge-ref:
      - 'Ref A: C15D0D143B304D45A75CB04C99E2B1DB Ref B: MAA201060513027 Ref C: 2024-08-22T08:37:39Z'
      x-powered-by:
      - ASP.NET
    status:
      code: 200
      message: OK
- request:
    body: null
    headers:
      Accept:
      - '*/*'
      Accept-Encoding:
      - gzip, deflate
      CommandName:
      - containerapp logs show
      Connection:
      - keep-alive
      Content-Length:
      - '0'
      ParameterSetName:
      - -n -g --follow --format --tail
      User-Agent:
      - python/3.10.11 (Windows-10-10.0.22631-SP0) AZURECLI/2.63.0
    method: POST
    uri: https://management.azure.com/subscriptions/00000000-0000-0000-0000-000000000000/resourceGroups/clitest.rg000001/providers/Microsoft.App/containerApps/capp000002/getAuthToken?api-version=2024-03-01
  response:
    body:
      string: '{"location":"East US","properties":{"token":"eyJhbGciOiJIUzI1NiIsInR5cCI6IkpXVCJ9.eyJjYXBwX3N1YiI6IjIzZjk1ZjBlLWU3ODItNDdiZS05Zjk3LTU2MDM1ZWMxMGU0MiIsImNhcHBfcmciOiJjbGl0ZXN0LnJnd2hwdDRhbWl3bDJxcmpuN2duNDRic281bTN4YnJrZHdxdTd5ZHZ6NGw3aGpucmVxaXB5cHpnY3U0c21jbXNsYmMiLCJjYXBwX25hbWUiOiJjYXBwb3puemhmcTVsaW82NWhjaHFmbG0iLCJjYXBwX2ppdF9leHBpcnkiOiIyMDI0LTA4LTIyVDA5OjM3OjQxLjExODkzOThaIiwibmJmIjoxNzI0MzE1ODYxLCJleHAiOjE3MjQzMTk0NjEsImlhdCI6MTcyNDMxNTg2MSwiaXNzIjoiQXp1cmVDb250YWluZXJBcHBzIiwiYXVkIjoiaHR0cHM6Ly9lYXN0dXMuYXp1cmVjb250YWluZXJhcHBzLmRldiJ9.pW68COSQmvyU6QGUEA2_DSkBxxd3CmTpanatbMNk9rw","expires":"2024-08-22T09:37:41.1189398Z"},"id":"/subscriptions/00000000-0000-0000-0000-000000000000/resourceGroups/clitest.rg000001/providers/Microsoft.App/containerapps/capp000002","name":"capp000002","type":"Microsoft.App/containerApps/accesstoken"}'
    headers:
      api-supported-versions:
      - 2022-03-01, 2022-06-01-preview, 2022-10-01, 2022-11-01-preview, 2023-04-01-preview,
        2023-05-01, 2023-05-02-preview, 2023-08-01-preview, 2023-11-02-preview, 2024-02-02-preview,
        2024-03-01, 2024-08-02-preview
      cache-control:
      - no-cache
      content-length:
      - '847'
      content-type:
      - application/json; charset=utf-8
      date:
      - Thu, 22 Aug 2024 08:37:41 GMT
      expires:
      - '-1'
      pragma:
      - no-cache
      strict-transport-security:
      - max-age=31536000; includeSubDomains
      vary:
      - Accept-Encoding
      x-cache:
      - CONFIG_NOCACHE
      x-content-type-options:
      - nosniff
      x-ms-ratelimit-remaining-subscription-writes:
      - '1199'
      x-msedge-ref:
      - 'Ref A: FB627E3C6173485E8A809EC450F45B36 Ref B: MAA201060516053 Ref C: 2024-08-22T08:37:40Z'
      x-powered-by:
      - ASP.NET
    status:
      code: 200
      message: OK
- request:
    body: null
    headers:
      Accept:
      - '*/*'
      Accept-Encoding:
      - gzip, deflate
      CommandName:
      - containerapp logs show
      Connection:
      - keep-alive
      ParameterSetName:
      - -n -g --follow --format --tail
      User-Agent:
      - python/3.10.11 (Windows-10-10.0.22631-SP0) AZURECLI/2.63.0
    method: GET
    uri: https://management.azure.com/subscriptions/00000000-0000-0000-0000-000000000000/resourceGroups/clitest.rg000001/providers/Microsoft.App/containerApps/capp000002?api-version=2024-03-01
  response:
    body:
      string: '{"id":"/subscriptions/00000000-0000-0000-0000-000000000000/resourceGroups/clitest.rg000001/providers/Microsoft.App/containerapps/capp000002","name":"capp000002","type":"Microsoft.App/containerApps","location":"East
        US","systemData":{"createdBy":"xinyupang@microsoft.com","createdByType":"User","createdAt":"2024-08-22T08:37:05.2642261","lastModifiedBy":"xinyupang@microsoft.com","lastModifiedByType":"User","lastModifiedAt":"2024-08-22T08:37:05.2642261"},"properties":{"provisioningState":"Succeeded","runningStatus":"Running","managedEnvironmentId":"/subscriptions/00000000-0000-0000-0000-000000000000/resourceGroups/client.env_rg_eastus/providers/Microsoft.App/managedEnvironments/env-eastus","environmentId":"/subscriptions/00000000-0000-0000-0000-000000000000/resourceGroups/client.env_rg_eastus/providers/Microsoft.App/managedEnvironments/env-eastus","workloadProfileName":"Consumption","outboundIpAddresses":["20.231.246.122","20.231.246.54","20.231.247.19","20.231.246.253","20.241.227.6","20.241.226.169","20.127.248.50","20.241.171.30","20.241.172.248","20.241.172.250","20.246.203.138","20.246.203.140","52.191.22.226","52.191.22.23","52.191.22.71","52.191.22.159","52.191.22.166","52.191.22.212","52.191.22.41","52.191.23.0","52.191.22.198","52.191.22.121","20.124.73.117","52.149.247.118","52.149.245.39","52.149.247.189","52.149.247.220","52.149.247.221","52.149.245.38","52.149.244.111","52.224.88.179","52.149.247.199","52.149.244.160","4.156.169.214","51.8.244.245","51.8.245.98","51.8.244.244","51.8.245.50","51.8.245.71","51.8.245.15","51.8.245.135","51.8.245.134","51.8.245.14","51.8.244.211","4.156.169.175","4.156.169.143","20.241.173.137","20.241.173.98","20.242.228.13","20.242.227.204","20.242.227.238","20.242.228.93","52.226.103.51","52.226.103.36","52.226.103.82","52.226.103.10","52.226.102.213","52.226.102.151","52.226.102.243","52.226.103.40","52.226.102.224","52.226.102.162","52.191.232.152"],"latestRevisionName":"capp000002--lrw1w9k","latestReadyRevisionName":"capp000002--lrw1w9k","latestRevisionFqdn":"capp000002--lrw1w9k.whitebeach-63bf60a5.eastus.azurecontainerapps.io","customDomainVerificationId":"D3F71C85EB6552E36A89A3E4A080C3CFB00181670B659B0003264FC673AA9B00","configuration":{"secrets":null,"activeRevisionsMode":"Single","ingress":{"fqdn":"capp000002.whitebeach-63bf60a5.eastus.azurecontainerapps.io","external":true,"targetPort":80,"exposedPort":0,"transport":"Auto","traffic":[{"weight":100,"latestRevision":true}],"customDomains":null,"allowInsecure":false,"ipSecurityRestrictions":null,"corsPolicy":null,"clientCertificateMode":null,"stickySessions":null,"additionalPortMappings":null},"registries":null,"dapr":null,"maxInactiveRevisions":100,"service":null},"template":{"revisionSuffix":"","terminationGracePeriodSeconds":null,"containers":[{"image":"mcr.microsoft.com/k8se/quickstart:latest","name":"capp000002","resources":{"cpu":0.5,"memory":"1Gi","ephemeralStorage":"2Gi"}}],"initContainers":null,"scale":{"minReplicas":1,"maxReplicas":10,"rules":null},"volumes":null,"serviceBinds":null},"eventStreamEndpoint":"https://eastus.azurecontainerapps.dev/subscriptions/00000000-0000-0000-0000-000000000000/resourceGroups/clitest.rg000001/containerApps/capp000002/eventstream","delegatedIdentities":[]},"identity":{"type":"None"}}'
    headers:
      api-supported-versions:
      - 2022-03-01, 2022-06-01-preview, 2022-10-01, 2022-11-01-preview, 2023-04-01-preview,
        2023-05-01, 2023-05-02-preview, 2023-08-01-preview, 2023-11-02-preview, 2024-02-02-preview,
        2024-03-01, 2024-08-02-preview
      cache-control:
      - no-cache
      content-length:
      - '3280'
      content-type:
      - application/json; charset=utf-8
      date:
      - Thu, 22 Aug 2024 08:37:42 GMT
      expires:
      - '-1'
      pragma:
      - no-cache
      strict-transport-security:
      - max-age=31536000; includeSubDomains
      vary:
      - Accept-Encoding
      x-cache:
      - CONFIG_NOCACHE
      x-content-type-options:
      - nosniff
      x-msedge-ref:
      - 'Ref A: A622683F0798420BAF29C78607AA24E2 Ref B: MAA201060513029 Ref C: 2024-08-22T08:37:42Z'
      x-powered-by:
      - ASP.NET
    status:
      code: 200
      message: OK
- request:
    body: null
    headers:
      Accept:
      - '*/*'
      Accept-Encoding:
      - gzip, deflate
      Connection:
      - keep-alive
      User-Agent:
      - python-requests/2.32.3
    method: GET
    uri: https://eastus.azurecontainerapps.dev/subscriptions/00000000-0000-0000-0000-000000000000/resourceGroups/clitest.rg000001/containerApps/capp000002/revisions/capp000002--lrw1w9k/replicas/capp000002--lrw1w9k-749d5f777b-4bwh5/containers/capp000002/logstream?follow=false&output=json&tailLines=10
  response:
    body:
      string: '{"TimeStamp":"2024-08-22T08:37:44.68297","Log":"Connecting to the container
        \u0027capp000002\u0027..."}

        {"TimeStamp":"2024-08-22T08:37:44.75089","Log":"Successfully Connected to
        container: \u0027capp000002\u0027 [Revision: \u0027capp000002--lrw1w9k-749d5f777b-4bwh5\u0027,
        Replica: \u0027capp000002--lrw1w9k\u0027]"}

        {"TimeStamp":"2024-08-22T00:00:00","Log":"Listening on :80..."}

        '
    headers:
      date:
      - Thu, 22 Aug 2024 08:37:44 GMT
      server:
      - Microsoft-IIS/10.0
      transfer-encoding:
      - chunked
      x-powered-by:
      - ASP.NET
    status:
      code: 200
      message: OK
version: 1
