interactions:
- request:
    body: null
    headers:
      Accept:
      - application/json
      Accept-Encoding:
      - gzip, deflate
      CommandName:
      - containerapp env show
      Connection:
      - keep-alive
      ParameterSetName:
      - -g -n
      User-Agent:
      - AZURECLI/2.53.0 azsdk-python-azure-mgmt-resource/23.1.0b2 Python/3.10.11 (Windows-10-10.0.22621-SP0)
    method: GET
    uri: https://management.azure.com/subscriptions/00000000-0000-0000-0000-000000000000/providers/Microsoft.App?api-version=2022-09-01
  response:
    body:
      string: '{"id":"/subscriptions/00000000-0000-0000-0000-000000000000/providers/Microsoft.App","namespace":"Microsoft.App","authorizations":[{"applicationId":"7e3bc4fd-85a3-4192-b177-5b8bfc87f42c","roleDefinitionId":"39a74f72-b40f-4bdc-b639-562fe2260bf0"},{"applicationId":"3734c1a4-2bed-4998-a37a-ff1a9e7bf019","roleDefinitionId":"5c779a4f-5cb2-4547-8c41-478d9be8ba90"},{"applicationId":"55ebbb62-3b9c-49fd-9b87-9595226dd4ac","roleDefinitionId":"e49ca620-7992-4561-a7df-4ed67dad77b5","managedByRoleDefinitionId":"9e3af657-a8ff-583c-a75c-2fe7c4bcb635"}],"resourceTypes":[{"resourceType":"operations","locations":["North
        Central US (Stage)","Central US EUAP","East US 2 EUAP","West US 2","Southeast
        Asia","Sweden Central","Canada Central","West Europe","North Europe","East
        US","East US 2","East Asia","Australia East","Germany West Central","Japan
        East","UK South","West US","Central US","North Central US","South Central
        US","Korea Central","Brazil South","West US 3","France Central","South Africa
        North","Norway East","Switzerland North","UAE North","Canada East","West Central
        US","UK West","Central India"],"apiVersions":["2023-05-02-preview","2023-05-01","2023-04-01-preview","2023-02-01","2022-11-01-preview","2022-10-01","2022-06-01-preview","2022-03-01"],"defaultApiVersion":"2023-05-01","capabilities":"None"},{"resourceType":"managedEnvironments","locations":["Central
        US EUAP","East US 2 EUAP","North Central US (Stage)","West US 2","Southeast
        Asia","Sweden Central","Canada Central","West Europe","North Europe","East
        US","East US 2","East Asia","Australia East","Germany West Central","Japan
        East","UK South","West US","Central US","North Central US","South Central
        US","Korea Central","Brazil South","West US 3","France Central","South Africa
        North","Norway East","Switzerland North","UAE North","Canada East","West Central
        US","UK West","Central India","Switzerland West"],"apiVersions":["2023-08-01-preview","2023-05-02-preview","2023-05-01","2023-04-01-preview","2022-11-01-preview","2022-10-01","2022-06-01-preview","2022-03-01"],"defaultApiVersion":"2023-05-01","capabilities":"CrossResourceGroupResourceMove,
        CrossSubscriptionResourceMove, SupportsTags, SupportsLocation"},{"resourceType":"managedEnvironments/certificates","locations":["Central
        US EUAP","East US 2 EUAP","North Central US (Stage)","West US 2","Southeast
        Asia","Sweden Central","Canada Central","West Europe","North Europe","East
        US","East US 2","East Asia","Australia East","Germany West Central","Japan
        East","UK South","West US","Central US","North Central US","South Central
        US","Korea Central","Brazil South","West US 3","France Central","South Africa
        North","Norway East","Switzerland North","UAE North","Canada East","West Central
        US","UK West","Central India","Switzerland West"],"apiVersions":["2023-08-01-preview","2023-05-02-preview","2023-05-01","2023-04-01-preview","2022-11-01-preview","2022-10-01","2022-06-01-preview","2022-03-01"],"defaultApiVersion":"2023-05-01","capabilities":"CrossResourceGroupResourceMove,
        CrossSubscriptionResourceMove, SupportsTags, SupportsLocation"},{"resourceType":"managedEnvironments/managedCertificates","locations":["Central
        US EUAP","East US 2 EUAP","North Central US (Stage)","West US 2","Southeast
        Asia","Sweden Central","Canada Central","West Europe","North Europe","East
        US","East US 2","East Asia","Australia East","Germany West Central","Japan
        East","UK South","West US","Central US","North Central US","South Central
        US","Korea Central","Brazil South","West US 3","France Central","South Africa
        North","Norway East","Switzerland North","UAE North","Canada East","West Central
        US","UK West","Central India","Switzerland West"],"apiVersions":["2023-08-01-preview","2023-05-02-preview","2023-05-01","2023-04-01-preview","2022-11-01-preview"],"defaultApiVersion":"2023-05-01","capabilities":"CrossResourceGroupResourceMove,
        CrossSubscriptionResourceMove, SupportsTags, SupportsLocation"},{"resourceType":"containerApps","locations":["Central
        US EUAP","East US 2 EUAP","North Central US (Stage)","West US 2","Southeast
        Asia","Sweden Central","Canada Central","West Europe","North Europe","East
        US","East US 2","East Asia","Australia East","Germany West Central","Japan
        East","UK South","West US","Central US","North Central US","South Central
        US","Korea Central","Brazil South","West US 3","France Central","South Africa
        North","Norway East","Switzerland North","UAE North","Canada East","West Central
        US","UK West","Central India","Switzerland West"],"apiVersions":["2023-08-01-preview","2023-05-02-preview","2023-05-01","2023-04-01-preview","2022-11-01-preview","2022-10-01","2022-06-01-preview","2022-03-01"],"defaultApiVersion":"2023-05-01","capabilities":"CrossResourceGroupResourceMove,
        CrossSubscriptionResourceMove, SystemAssignedResourceIdentity, SupportsTags,
        SupportsLocation"},{"resourceType":"jobs","locations":["Central US EUAP","East
        US 2 EUAP","North Central US (Stage)","West US 2","Southeast Asia","Sweden
        Central","Canada Central","West Europe","North Europe","East US","East US
        2","East Asia","Australia East","Germany West Central","Japan East","UK South","West
        US","Central US","North Central US","South Central US","Korea Central","Brazil
        South","West US 3","France Central","South Africa North","Norway East","Switzerland
        North","UAE North","Canada East","West Central US","UK West","Central India","Switzerland
        West"],"apiVersions":["2023-08-01-preview","2023-05-02-preview","2023-05-01","2023-04-01-preview","2022-11-01-preview"],"defaultApiVersion":"2023-05-01","capabilities":"CrossResourceGroupResourceMove,
        CrossSubscriptionResourceMove, SystemAssignedResourceIdentity, SupportsTags,
        SupportsLocation"},{"resourceType":"locations","locations":[],"apiVersions":["2023-08-01-preview","2023-05-02-preview","2023-05-01","2023-04-01-preview","2022-11-01-preview","2022-10-01","2022-06-01-preview","2022-03-01"],"defaultApiVersion":"2023-05-01","capabilities":"None"},{"resourceType":"locations/managedEnvironmentOperationResults","locations":["Central
        US EUAP","East US 2 EUAP","North Central US (Stage)","West US 2","Southeast
        Asia","Sweden Central","Canada Central","West Europe","North Europe","East
        US","East US 2","East Asia","Australia East","Germany West Central","Japan
        East","UK South","West US","Central US","North Central US","South Central
        US","Korea Central","Brazil South","West US 3","France Central","South Africa
        North","Norway East","Switzerland North","UAE North","Canada East","West Central
        US","UK West","Central India","Switzerland West"],"apiVersions":["2023-08-01-preview","2023-05-02-preview","2023-05-01","2023-04-01-preview","2022-11-01-preview","2022-10-01","2022-06-01-preview","2022-03-01"],"defaultApiVersion":"2023-05-01","capabilities":"None"},{"resourceType":"locations/managedEnvironmentOperationStatuses","locations":["Central
        US EUAP","East US 2 EUAP","North Central US (Stage)","West US 2","Southeast
        Asia","Sweden Central","Canada Central","West Europe","North Europe","East
        US","East US 2","East Asia","Australia East","Germany West Central","Japan
        East","UK South","West US","Central US","North Central US","South Central
        US","Korea Central","Brazil South","West US 3","France Central","South Africa
        North","Norway East","Switzerland North","UAE North","Canada East","West Central
        US","UK West","Central India","Switzerland West"],"apiVersions":["2023-08-01-preview","2023-05-02-preview","2023-05-01","2023-04-01-preview","2022-11-01-preview","2022-10-01","2022-06-01-preview","2022-03-01"],"defaultApiVersion":"2023-05-01","capabilities":"None"},{"resourceType":"locations/containerappOperationResults","locations":["Central
        US EUAP","East US 2 EUAP","North Central US (Stage)","West US 2","Southeast
        Asia","Sweden Central","Canada Central","West Europe","North Europe","East
        US","East US 2","East Asia","Australia East","Germany West Central","Japan
        East","UK South","West US","Central US","North Central US","South Central
        US","Korea Central","Brazil South","West US 3","France Central","South Africa
        North","Norway East","Switzerland North","UAE North","Canada East","West Central
        US","UK West","Central India","Switzerland West"],"apiVersions":["2023-08-01-preview","2023-05-02-preview","2023-05-01","2023-04-01-preview","2022-11-01-preview","2022-10-01","2022-06-01-preview","2022-03-01"],"defaultApiVersion":"2023-05-01","capabilities":"None"},{"resourceType":"locations/containerappOperationStatuses","locations":["Central
        US EUAP","East US 2 EUAP","North Central US (Stage)","West US 2","Southeast
        Asia","Sweden Central","Canada Central","West Europe","North Europe","East
        US","East US 2","East Asia","Australia East","Germany West Central","Japan
        East","UK South","West US","Central US","North Central US","South Central
        US","Korea Central","Brazil South","West US 3","France Central","South Africa
        North","Norway East","Switzerland North","UAE North","Canada East","West Central
        US","UK West","Central India","Switzerland West"],"apiVersions":["2023-08-01-preview","2023-05-02-preview","2023-05-01","2023-04-01-preview","2022-11-01-preview","2022-10-01","2022-06-01-preview","2022-03-01"],"defaultApiVersion":"2023-05-01","capabilities":"None"},{"resourceType":"locations/containerappsjobOperationResults","locations":["Central
        US EUAP","East US 2 EUAP","North Central US (Stage)","West US 2","Southeast
        Asia","Sweden Central","Canada Central","West Europe","North Europe","East
        US","East US 2","East Asia","Australia East","Germany West Central","Japan
        East","UK South","West US","Central US","North Central US","South Central
        US","Korea Central","Brazil South","West US 3","France Central","South Africa
        North","Norway East","Switzerland North","UAE North","Canada East","West Central
        US","UK West","Central India","Switzerland West"],"apiVersions":["2023-08-01-preview","2023-05-02-preview","2023-05-01","2023-04-01-preview","2022-11-01-preview"],"defaultApiVersion":"2023-05-01","capabilities":"None"},{"resourceType":"locations/containerappsjobOperationStatuses","locations":["Central
        US EUAP","East US 2 EUAP","North Central US (Stage)","West US 2","Southeast
        Asia","Sweden Central","Canada Central","West Europe","North Europe","East
        US","East US 2","East Asia","Australia East","Germany West Central","Japan
        East","UK South","West US","Central US","North Central US","South Central
        US","Korea Central","Brazil South","West US 3","France Central","South Africa
        North","Norway East","Switzerland North","UAE North","Canada East","West Central
        US","UK West","Central India","Switzerland West"],"apiVersions":["2023-08-01-preview","2023-05-02-preview","2023-05-01","2023-04-01-preview","2022-11-01-preview"],"defaultApiVersion":"2023-05-01","capabilities":"None"},{"resourceType":"locations/sourceControlOperationResults","locations":["Central
        US EUAP","East US 2 EUAP","North Central US (Stage)","West US 2","Southeast
        Asia","Sweden Central","Canada Central","West Europe","North Europe","East
        US","East US 2","East Asia","Australia East","Germany West Central","Japan
        East","UK South","West US","Central US","North Central US","South Central
        US","Korea Central","Brazil South","West US 3","France Central","South Africa
        North","Norway East","Switzerland North","UAE North","Canada East","West Central
        US","UK West","Central India","Switzerland West"],"apiVersions":["2023-08-01-preview","2023-05-02-preview","2023-05-01","2023-04-01-preview","2022-11-01-preview","2022-10-01","2022-06-01-preview","2022-03-01"],"defaultApiVersion":"2023-05-01","capabilities":"None"},{"resourceType":"locations/sourceControlOperationStatuses","locations":["Central
        US EUAP","East US 2 EUAP","North Central US (Stage)","West US 2","Southeast
        Asia","Sweden Central","Canada Central","West Europe","North Europe","East
        US","East US 2","East Asia","Australia East","Germany West Central","Japan
        East","UK South","West US","Central US","North Central US","South Central
        US","Korea Central","Brazil South","West US 3","France Central","South Africa
        North","Norway East","Switzerland North","UAE North","Canada East","West Central
        US","UK West","Central India","Switzerland West"],"apiVersions":["2023-08-01-preview","2023-05-02-preview","2023-05-01","2023-04-01-preview","2022-11-01-preview","2022-10-01","2022-06-01-preview","2022-03-01"],"defaultApiVersion":"2023-05-01","capabilities":"None"},{"resourceType":"locations/usages","locations":["Central
        US EUAP","East US 2 EUAP","North Central US (Stage)","West US 2","Southeast
        Asia","Sweden Central","Canada Central","West Europe","North Europe","East
        US","East US 2","East Asia","Australia East","Germany West Central","Japan
        East","UK South","West US","Central US","North Central US","South Central
        US","Korea Central","Brazil South","West US 3","France Central","South Africa
        North","Norway East","Switzerland North","UAE North","Canada East","West Central
        US","UK West","Central India","Switzerland West"],"apiVersions":["2023-08-01-preview","2023-05-02-preview"],"defaultApiVersion":"2023-05-02-preview","capabilities":"None"},{"resourceType":"connectedEnvironments","locations":["Central
        US EUAP","East US 2 EUAP","North Central US (Stage)","North Central US","East
        US","East Asia","West Europe","Southeast Asia"],"apiVersions":["2023-08-01-preview","2023-05-02-preview","2023-05-01","2023-04-01-preview","2022-11-01-preview","2022-10-01","2022-06-01-preview"],"defaultApiVersion":"2023-05-01","capabilities":"CrossResourceGroupResourceMove,
        CrossSubscriptionResourceMove, SupportsTags, SupportsLocation"},{"resourceType":"connectedEnvironments/certificates","locations":["Central
        US EUAP","East US 2 EUAP","North Central US (Stage)","North Central US","East
        US","East Asia","West Europe","Southeast Asia"],"apiVersions":["2023-08-01-preview","2023-05-02-preview","2023-05-01","2023-04-01-preview","2022-11-01-preview","2022-10-01","2022-06-01-preview"],"defaultApiVersion":"2023-05-01","capabilities":"CrossResourceGroupResourceMove,
        CrossSubscriptionResourceMove, SupportsTags, SupportsLocation"},{"resourceType":"locations/connectedEnvironmentOperationResults","locations":["Central
        US EUAP","East US 2 EUAP","North Central US (Stage)","North Central US","East
        US","East Asia","West Europe","Southeast Asia"],"apiVersions":["2023-08-01-preview","2023-05-02-preview","2023-05-01","2023-04-01-preview","2022-11-01-preview","2022-10-01","2022-06-01-preview"],"defaultApiVersion":"2023-05-01","capabilities":"None"},{"resourceType":"locations/connectedEnvironmentOperationStatuses","locations":["Central
        US EUAP","East US 2 EUAP","North Central US (Stage)","North Central US","East
        US","East Asia","West Europe","Southeast Asia"],"apiVersions":["2023-08-01-preview","2023-05-02-preview","2023-05-01","2023-04-01-preview","2022-11-01-preview","2022-10-01","2022-06-01-preview"],"defaultApiVersion":"2023-05-01","capabilities":"None"},{"resourceType":"locations/managedCertificateOperationStatuses","locations":["Central
        US EUAP","East US 2 EUAP","North Central US (Stage)","West US 2","Southeast
        Asia","Sweden Central","Canada Central","West Europe","North Europe","East
        US","East US 2","East Asia","Australia East","Germany West Central","Japan
        East","UK South","West US","Central US","North Central US","South Central
        US","Korea Central","Brazil South","West US 3","France Central","South Africa
        North","Norway East","Switzerland North","UAE North","Canada East","West Central
        US","UK West","Central India","Switzerland West"],"apiVersions":["2023-08-01-preview","2023-05-02-preview","2023-05-01","2023-04-01-preview","2022-11-01-preview"],"defaultApiVersion":"2023-05-01","capabilities":"None"},{"resourceType":"locations/billingMeters","locations":["Central
        US EUAP","East US 2 EUAP","North Central US (Stage)","West US 2","Southeast
        Asia","Sweden Central","Canada Central","West Europe","North Europe","East
        US","East US 2","East Asia","Australia East","Germany West Central","Japan
        East","UK South","West US","Central US","North Central US","South Central
        US","Korea Central","Brazil South","West US 3","France Central","South Africa
        North","Norway East","Switzerland North","UAE North","Canada East","West Central
        US","UK West","Central India","Switzerland West"],"apiVersions":["2023-08-01-preview","2023-05-02-preview","2023-05-01","2023-04-01-preview","2022-11-01-preview","2022-10-01","2022-06-01-preview"],"defaultApiVersion":"2023-05-01","capabilities":"None"},{"resourceType":"locations/availableManagedEnvironmentsWorkloadProfileTypes","locations":["Central
        US EUAP","East US 2 EUAP","North Central US (Stage)","West US 2","Southeast
        Asia","Sweden Central","Canada Central","West Europe","North Europe","East
        US","East US 2","East Asia","Australia East","Germany West Central","Japan
        East","UK South","West US","Central US","North Central US","South Central
        US","Korea Central","Brazil South","West US 3","France Central","South Africa
        North","Norway East","Switzerland North","UAE North","Canada East","West Central
        US","UK West","Central India","Switzerland West"],"apiVersions":["2023-08-01-preview","2023-05-02-preview","2023-05-01","2023-04-01-preview","2022-11-01-preview","2022-10-01","2022-06-01-preview"],"defaultApiVersion":"2023-05-01","capabilities":"None"},{"resourceType":"getCustomDomainVerificationId","locations":["Central
        US EUAP","East US 2 EUAP","North Central US (Stage)","West US 2","Southeast
        Asia","Sweden Central","Canada Central","West Europe","North Europe","East
        US","East US 2","East Asia","Australia East","Germany West Central","Japan
        East","UK South","West US","Central US","North Central US","South Central
        US","Korea Central","Brazil South","West US 3","France Central","South Africa
        North","Norway East","Switzerland North","UAE North","Canada East","West Central
        US","UK West","Central India","Switzerland West"],"apiVersions":["2023-08-01-preview","2023-05-02-preview"],"defaultApiVersion":"2023-05-02-preview","capabilities":"None"},{"resourceType":"builders","locations":["North
        Central US (Stage)","Central US EUAP","East US 2 EUAP","West US 2","Southeast
        Asia","Sweden Central","Canada Central","West Europe","North Europe","East
        US","East US 2","East Asia","Australia East","Germany West Central","Japan
        East","UK South","West US","Central US","North Central US","South Central
        US","Korea Central","Brazil South","West US 3","France Central","South Africa
        North","Norway East","Switzerland North","UAE North","Canada East","West Central
        US","UK West","Central India","Switzerland West"],"apiVersions":["2023-08-01-preview"],"defaultApiVersion":"2023-08-01-preview","capabilities":"CrossResourceGroupResourceMove,
        CrossSubscriptionResourceMove, SystemAssignedResourceIdentity, SupportsTags,
        SupportsLocation"},{"resourceType":"builders/builds","locations":["North Central
        US (Stage)","Central US EUAP","East US 2 EUAP","West US 2","Southeast Asia","Sweden
        Central","Canada Central","West Europe","North Europe","East US","East US
        2","East Asia","Australia East","Germany West Central","Japan East","UK South","West
        US","Central US","North Central US","South Central US","Korea Central","Brazil
        South","West US 3","France Central","South Africa North","Norway East","Switzerland
        North","UAE North","Canada East","West Central US","UK West","Central India","Switzerland
        West"],"apiVersions":["2023-08-01-preview"],"defaultApiVersion":"2023-08-01-preview","capabilities":"None"},{"resourceType":"builders/patches","locations":["North
        Central US (Stage)","Central US EUAP","East US 2 EUAP","West US 2","Southeast
        Asia","Sweden Central","Canada Central","West Europe","North Europe","East
        US","East US 2","East Asia","Australia East","Germany West Central","Japan
        East","UK South","West US","Central US","North Central US","South Central
        US","Korea Central","Brazil South","West US 3","France Central","South Africa
        North","Norway East","Switzerland North","UAE North","Canada East","West Central
        US","UK West","Central India","Switzerland West"],"apiVersions":["2023-08-01-preview"],"defaultApiVersion":"2023-08-01-preview","capabilities":"None"},{"resourceType":"locations/OperationResults","locations":["North
        Central US (Stage)","Central US EUAP","East US 2 EUAP","West US 2","Southeast
        Asia","Sweden Central","Canada Central","West Europe","North Europe","East
        US","East US 2","East Asia","Australia East","Germany West Central","Japan
        East","UK South","West US","Central US","North Central US","South Central
        US","Korea Central","Brazil South","West US 3","France Central","South Africa
        North","Norway East","Switzerland North","UAE North","Canada East","West Central
        US","UK West","Central India","Switzerland West"],"apiVersions":["2023-08-01-preview"],"defaultApiVersion":"2023-08-01-preview","capabilities":"None"},{"resourceType":"locations/OperationStatuses","locations":["North
        Central US (Stage)","Central US EUAP","East US 2 EUAP","West US 2","Southeast
        Asia","Sweden Central","Canada Central","West Europe","North Europe","East
        US","East US 2","East Asia","Australia East","Germany West Central","Japan
        East","UK South","West US","Central US","North Central US","South Central
        US","Korea Central","Brazil South","West US 3","France Central","South Africa
        North","Norway East","Switzerland North","UAE North","Canada East","West Central
        US","UK West","Central India","Switzerland West"],"apiVersions":["2023-08-01-preview"],"defaultApiVersion":"2023-08-01-preview","capabilities":"None"}],"registrationState":"Registered","registrationPolicy":"RegistrationRequired"}'
    headers:
      cache-control:
      - no-cache
      content-length:
      - '21376'
      content-type:
      - application/json; charset=utf-8
      date:
      - Wed, 25 Oct 2023 05:30:18 GMT
      expires:
      - '-1'
      pragma:
      - no-cache
      strict-transport-security:
      - max-age=31536000; includeSubDomains
      vary:
      - Accept-Encoding
      x-content-type-options:
      - nosniff
    status:
      code: 200
      message: OK
- request:
    body: null
    headers:
      Accept:
      - '*/*'
      Accept-Encoding:
      - gzip, deflate
      CommandName:
      - containerapp env show
      Connection:
      - keep-alive
      ParameterSetName:
      - -g -n
      User-Agent:
      - python/3.10.11 (Windows-10-10.0.22621-SP0) AZURECLI/2.53.0
    method: GET
    uri: https://management.azure.com/subscriptions/00000000-0000-0000-0000-000000000000/resourceGroups/client.env_rg_eastus/providers/Microsoft.App/managedEnvironments/env-eastus?api-version=2023-05-01
  response:
    body:
      string: '{"id":"/subscriptions/00000000-0000-0000-0000-000000000000/resourceGroups/client.env_rg_eastus/providers/Microsoft.App/managedEnvironments/env-eastus","name":"env-eastus","type":"Microsoft.App/managedEnvironments","location":"East
        US","systemData":{"createdBy":"xinyupang@microsoft.com","createdByType":"User","createdAt":"2023-10-23T04:59:04.4655929","lastModifiedBy":"xinyupang@microsoft.com","lastModifiedByType":"User","lastModifiedAt":"2023-10-23T04:59:04.4655929"},"properties":{"provisioningState":"Succeeded","daprAIInstrumentationKey":null,"daprAIConnectionString":null,"vnetConfiguration":null,"defaultDomain":"whitebeach-63bf60a5.eastus.azurecontainerapps.io","staticIp":"52.224.202.83","appLogsConfiguration":{"destination":null,"logAnalyticsConfiguration":null},"zoneRedundant":false,"kedaConfiguration":{"version":"2.10.0"},"daprConfiguration":{"version":"1.11.2"},"eventStreamEndpoint":"https://eastus.azurecontainerapps.dev/subscriptions/00000000-0000-0000-0000-000000000000/resourceGroups/client.env_rg_eastus/managedEnvironments/env-eastus/eventstream","customDomainConfiguration":{"customDomainVerificationId":"D3F71C85EB6552E36A89A3E4A080C3CFB00181670B659B0003264FC673AA9B00","dnsSuffix":null,"certificateValue":null,"certificatePassword":null,"thumbprint":null,"subjectName":null,"expirationDate":null},"workloadProfiles":[{"workloadProfileType":"Consumption","name":"Consumption"}],"firstPartyConfiguration":null,"infrastructureResourceGroup":null,"peerAuthentication":{"mtls":{"enabled":false}}}}'
    headers:
      api-supported-versions:
      - 2022-01-01-preview, 2022-03-01, 2022-06-01-preview, 2022-10-01, 2022-11-01-preview,
        2023-04-01-preview, 2023-05-01, 2023-05-02-preview, 2023-08-01-preview
      cache-control:
      - no-cache
      content-length:
      - '1519'
      content-type:
      - application/json; charset=utf-8
      date:
      - Wed, 25 Oct 2023 05:30:20 GMT
      expires:
      - '-1'
      pragma:
      - no-cache
      server:
      - Microsoft-IIS/10.0
      strict-transport-security:
      - max-age=31536000; includeSubDomains
      transfer-encoding:
      - chunked
      vary:
      - Accept-Encoding,Accept-Encoding
      x-content-type-options:
      - nosniff
      x-powered-by:
      - ASP.NET
    status:
      code: 200
      message: OK
- request:
    body: '{"location": "eastus", "sku": {"name": "Basic"}, "properties": {"adminUserEnabled":
      true, "anonymousPullEnabled": false}}'
    headers:
      Accept:
      - application/json
      Accept-Encoding:
      - gzip, deflate
      CommandName:
      - acr create
      Connection:
      - keep-alive
      Content-Length:
      - '121'
      Content-Type:
      - application/json
      ParameterSetName:
      - --sku -n -g --admin-enabled
      User-Agent:
      - AZURECLI/2.53.0 azsdk-python-azure-mgmt-containerregistry/10.1.0 Python/3.10.11
        (Windows-10-10.0.22621-SP0)
    method: PUT
    uri: https://management.azure.com/subscriptions/00000000-0000-0000-0000-000000000000/resourceGroups/clitest.rg000001/providers/Microsoft.ContainerRegistry/registries/acr000003?api-version=2022-02-01-preview
  response:
    body:
      string: '{"sku":{"name":"Basic","tier":"Basic"},"type":"Microsoft.ContainerRegistry/registries","id":"/subscriptions/00000000-0000-0000-0000-000000000000/resourceGroups/clitest.rg000001/providers/Microsoft.ContainerRegistry/registries/acr000003","name":"acr000003","location":"eastus","tags":{},"systemData":{"createdBy":"xinyupang@microsoft.com","createdByType":"User","createdAt":"2023-10-25T05:30:22.8265132+00:00","lastModifiedBy":"xinyupang@microsoft.com","lastModifiedByType":"User","lastModifiedAt":"2023-10-25T05:30:22.8265132+00:00"},"properties":{"loginServer":"acr000003.azurecr.io","creationDate":"2023-10-25T05:30:22.8265132Z","provisioningState":"Creating","adminUserEnabled":true,"policies":{"quarantinePolicy":{"status":"disabled"},"trustPolicy":{"type":"Notary","status":"disabled"},"retentionPolicy":{"days":7,"lastUpdatedTime":"2023-10-25T05:30:29.8523517+00:00","status":"disabled"},"exportPolicy":{"status":"enabled"},"azureADAuthenticationAsArmPolicy":{"status":"enabled"},"softDeletePolicy":{"retentionDays":7,"lastUpdatedTime":"2023-10-25T05:30:29.8523879+00:00","status":"disabled"}},"encryption":{"status":"disabled"},"dataEndpointEnabled":false,"dataEndpointHostNames":[],"privateEndpointConnections":[],"publicNetworkAccess":"Enabled","networkRuleBypassOptions":"AzureServices","zoneRedundancy":"Disabled","anonymousPullEnabled":false}}'
    headers:
      api-supported-versions:
      - 2022-02-01-preview
      azure-asyncoperation:
      - https://management.azure.com/subscriptions/00000000-0000-0000-0000-000000000000/resourceGroups/clitest.rg000001/providers/Microsoft.ContainerRegistry/registries/acr000003/operationStatuses/registries-965ea69a-72f7-11ee-8745-2c0da7bd12b1?api-version=2022-02-01-preview
      cache-control:
      - no-cache
      content-length:
      - '1355'
      content-type:
      - application/json; charset=utf-8
      date:
      - Wed, 25 Oct 2023 05:30:29 GMT
      expires:
      - '-1'
      pragma:
      - no-cache
      server:
      - Kestrel
      strict-transport-security:
      - max-age=31536000; includeSubDomains
      x-content-type-options:
      - nosniff
      x-ms-ratelimit-remaining-subscription-writes:
      - '1199'
    status:
      code: 201
      message: Created
- request:
    body: null
    headers:
      Accept:
      - '*/*'
      Accept-Encoding:
      - gzip, deflate
      CommandName:
      - acr create
      Connection:
      - keep-alive
      ParameterSetName:
      - --sku -n -g --admin-enabled
      User-Agent:
      - AZURECLI/2.53.0 azsdk-python-azure-mgmt-containerregistry/10.1.0 Python/3.10.11
        (Windows-10-10.0.22621-SP0)
    method: GET
    uri: https://management.azure.com/subscriptions/00000000-0000-0000-0000-000000000000/resourceGroups/clitest.rg000001/providers/Microsoft.ContainerRegistry/registries/acr000003/operationStatuses/registries-965ea69a-72f7-11ee-8745-2c0da7bd12b1?api-version=2022-02-01-preview
  response:
    body:
      string: '{"status":"Succeeded"}'
    headers:
      api-supported-versions:
      - 2022-02-01-preview
      azure-asyncoperation:
      - https://management.azure.com/subscriptions/00000000-0000-0000-0000-000000000000/resourceGroups/clitest.rg000001/providers/Microsoft.ContainerRegistry/registries/acr000003/operationStatuses/registries-965ea69a-72f7-11ee-8745-2c0da7bd12b1?api-version=2022-02-01-preview
      cache-control:
      - no-cache
      content-length:
      - '22'
      content-type:
      - application/json; charset=utf-8
      date:
      - Wed, 25 Oct 2023 05:30:30 GMT
      expires:
      - '-1'
      pragma:
      - no-cache
      server:
      - Kestrel
      strict-transport-security:
      - max-age=31536000; includeSubDomains
      transfer-encoding:
      - chunked
      vary:
      - Accept-Encoding
      x-content-type-options:
      - nosniff
    status:
      code: 200
      message: OK
- request:
    body: null
    headers:
      Accept:
      - '*/*'
      Accept-Encoding:
      - gzip, deflate
      CommandName:
      - acr create
      Connection:
      - keep-alive
      ParameterSetName:
      - --sku -n -g --admin-enabled
      User-Agent:
      - AZURECLI/2.53.0 azsdk-python-azure-mgmt-containerregistry/10.1.0 Python/3.10.11
        (Windows-10-10.0.22621-SP0)
    method: GET
    uri: https://management.azure.com/subscriptions/00000000-0000-0000-0000-000000000000/resourceGroups/clitest.rg000001/providers/Microsoft.ContainerRegistry/registries/acr000003?api-version=2022-02-01-preview
  response:
    body:
      string: '{"sku":{"name":"Basic","tier":"Basic"},"type":"Microsoft.ContainerRegistry/registries","id":"/subscriptions/00000000-0000-0000-0000-000000000000/resourceGroups/clitest.rg000001/providers/Microsoft.ContainerRegistry/registries/acr000003","name":"acr000003","location":"eastus","tags":{},"systemData":{"createdBy":"xinyupang@microsoft.com","createdByType":"User","createdAt":"2023-10-25T05:30:22.8265132+00:00","lastModifiedBy":"xinyupang@microsoft.com","lastModifiedByType":"User","lastModifiedAt":"2023-10-25T05:30:22.8265132+00:00"},"properties":{"loginServer":"acr000003.azurecr.io","creationDate":"2023-10-25T05:30:22.8265132Z","provisioningState":"Succeeded","adminUserEnabled":true,"policies":{"quarantinePolicy":{"status":"disabled"},"trustPolicy":{"type":"Notary","status":"disabled"},"retentionPolicy":{"days":7,"lastUpdatedTime":"2023-10-25T05:30:29.8523517+00:00","status":"disabled"},"exportPolicy":{"status":"enabled"},"azureADAuthenticationAsArmPolicy":{"status":"enabled"},"softDeletePolicy":{"retentionDays":7,"lastUpdatedTime":"2023-10-25T05:30:29.8523879+00:00","status":"disabled"}},"encryption":{"status":"disabled"},"dataEndpointEnabled":false,"dataEndpointHostNames":[],"privateEndpointConnections":[],"publicNetworkAccess":"Enabled","networkRuleBypassOptions":"AzureServices","zoneRedundancy":"Disabled","anonymousPullEnabled":false}}'
    headers:
      api-supported-versions:
      - 2022-02-01-preview
      cache-control:
      - no-cache
      content-length:
      - '1356'
      content-type:
      - application/json; charset=utf-8
      date:
      - Wed, 25 Oct 2023 05:30:30 GMT
      expires:
      - '-1'
      pragma:
      - no-cache
      server:
      - Kestrel
      strict-transport-security:
      - max-age=31536000; includeSubDomains
      transfer-encoding:
      - chunked
      vary:
      - Accept-Encoding
      x-content-type-options:
      - nosniff
    status:
      code: 200
      message: OK
- request:
    body: null
    headers:
      Accept:
      - application/json
      Accept-Encoding:
      - gzip, deflate
      CommandName:
      - acr import
      Connection:
      - keep-alive
      ParameterSetName:
      - -n --source
      User-Agent:
      - AZURECLI/2.53.0 azsdk-python-azure-mgmt-resource/23.1.0b2 Python/3.10.11 (Windows-10-10.0.22621-SP0)
    method: GET
    uri: https://management.azure.com/subscriptions/00000000-0000-0000-0000-000000000000/resources?$filter=resourceType%20eq%20%27Microsoft.ContainerRegistry%2Fregistries%27&api-version=2022-09-01
  response:
    body:
      string: '{"value":[{"id":"/subscriptions/00000000-0000-0000-0000-000000000000/resourceGroups/arc-appint-forxinyu12-rg0/providers/Microsoft.ContainerRegistry/registries/caedd971c2c1acr","name":"caedd971c2c1acr","type":"Microsoft.ContainerRegistry/registries","sku":{"name":"Basic","tier":"Basic"},"location":"eastus","tags":{},"systemData":{"createdBy":"xinyupang@microsoft.com","createdByType":"User","createdAt":"2023-03-15T03:51:22.0481882Z","lastModifiedBy":"xinyupang@microsoft.com","lastModifiedByType":"User","lastModifiedAt":"2023-04-06T13:17:51.6966031Z"}},{"id":"/subscriptions/00000000-0000-0000-0000-000000000000/resourceGroups/arc-appint-forxinyu12-rg0/providers/Microsoft.ContainerRegistry/registries/acrmoohaiyfsvdkpicitrxpu","name":"acrmoohaiyfsvdkpicitrxpu","type":"Microsoft.ContainerRegistry/registries","sku":{"name":"Basic","tier":"Basic"},"location":"eastus","tags":{},"systemData":{"createdBy":"xinyupang@microsoft.com","createdByType":"User","createdAt":"2023-06-27T07:23:30.1776295Z","lastModifiedBy":"xinyupang@microsoft.com","lastModifiedByType":"User","lastModifiedAt":"2023-06-27T07:23:30.1776295Z"}},{"id":"/subscriptions/00000000-0000-0000-0000-000000000000/resourceGroups/arc-appint-forxinyu12-rg0/providers/Microsoft.ContainerRegistry/registries/acrhj7rv7uvzjqksl3gdlygu","name":"acrhj7rv7uvzjqksl3gdlygu","type":"Microsoft.ContainerRegistry/registries","sku":{"name":"Basic","tier":"Basic"},"location":"eastus","tags":{},"systemData":{"createdBy":"xinyupang@microsoft.com","createdByType":"User","createdAt":"2023-06-27T07:23:44.2115931Z","lastModifiedBy":"xinyupang@microsoft.com","lastModifiedByType":"User","lastModifiedAt":"2023-06-27T07:23:44.2115931Z"}},{"id":"/subscriptions/00000000-0000-0000-0000-000000000000/resourceGroups/arc-appint-forxinyu12-rg0/providers/Microsoft.ContainerRegistry/registries/acrby3hh64qyjc7igyjo5jr6","name":"acrby3hh64qyjc7igyjo5jr6","type":"Microsoft.ContainerRegistry/registries","sku":{"name":"Basic","tier":"Basic"},"location":"eastus","identity":{"principalId":"6b745243-f378-4913-8917-255abd22e4a7","tenantId":"72f988bf-86f1-41af-91ab-2d7cd011db47","type":"SystemAssigned,
        UserAssigned","userAssignedIdentities":{"/subscriptions/00000000-0000-0000-0000-000000000000/resourcegroups/arc-appint-forxinyu12-rg0/providers/Microsoft.ManagedIdentity/userAssignedIdentities/containerapp-user":{"principalId":"bccb9b42-bb6d-4c86-a7d4-49d69b02f6b1","clientId":"2e8fe0c9-4ab4-435b-873b-29a8d0374612"}}},"tags":{},"systemData":{"createdBy":"xinyupang@microsoft.com","createdByType":"User","createdAt":"2023-06-27T07:27:24.8056197Z","lastModifiedBy":"xinyupang@microsoft.com","lastModifiedByType":"User","lastModifiedAt":"2023-08-28T05:06:55.9994452Z"}},{"id":"/subscriptions/00000000-0000-0000-0000-000000000000/resourceGroups/arc-appint-forxinyu12-rg0/providers/Microsoft.ContainerRegistry/registries/acrochik36skuu42qzjas36d","name":"acrochik36skuu42qzjas36d","type":"Microsoft.ContainerRegistry/registries","sku":{"name":"Basic","tier":"Basic"},"location":"eastus","tags":{},"systemData":{"createdBy":"xinyupang@microsoft.com","createdByType":"User","createdAt":"2023-06-27T07:27:27.1177498Z","lastModifiedBy":"xinyupang@microsoft.com","lastModifiedByType":"User","lastModifiedAt":"2023-06-27T07:27:27.1177498Z"}},{"id":"/subscriptions/00000000-0000-0000-0000-000000000000/resourceGroups/clitest.rg000001/providers/Microsoft.ContainerRegistry/registries/acr000003","name":"acr000003","type":"Microsoft.ContainerRegistry/registries","sku":{"name":"Basic","tier":"Basic"},"location":"eastus","tags":{},"systemData":{"createdBy":"xinyupang@microsoft.com","createdByType":"User","createdAt":"2023-10-25T05:30:22.8265132Z","lastModifiedBy":"xinyupang@microsoft.com","lastModifiedByType":"User","lastModifiedAt":"2023-10-25T05:30:22.8265132Z"}},{"id":"/subscriptions/00000000-0000-0000-0000-000000000000/resourceGroups/arc-appint-forxinyu12-rg0/providers/Microsoft.ContainerRegistry/registries/ca5617138654acr","name":"ca5617138654acr","type":"Microsoft.ContainerRegistry/registries","sku":{"name":"Basic","tier":"Basic"},"location":"northcentralus","tags":{},"systemData":{"createdBy":"xinyupang@microsoft.com","createdByType":"User","createdAt":"2023-10-10T03:09:02.93873Z","lastModifiedBy":"xinyupang@microsoft.com","lastModifiedByType":"User","lastModifiedAt":"2023-10-10T03:09:02.93873Z"}}]}'
    headers:
      cache-control:
      - no-cache
      content-length:
      - '4346'
      content-type:
      - application/json; charset=utf-8
      date:
      - Wed, 25 Oct 2023 05:30:32 GMT
      expires:
      - '-1'
      pragma:
      - no-cache
      strict-transport-security:
      - max-age=31536000; includeSubDomains
      vary:
      - Accept-Encoding
      x-content-type-options:
      - nosniff
    status:
      code: 200
      message: OK
- request:
    body: null
    headers:
      Accept:
      - application/json
      Accept-Encoding:
      - gzip, deflate
      CommandName:
      - acr import
      Connection:
      - keep-alive
      ParameterSetName:
      - -n --source
      User-Agent:
      - AZURECLI/2.53.0 azsdk-python-azure-mgmt-containerregistry/10.1.0 Python/3.10.11
        (Windows-10-10.0.22621-SP0)
    method: GET
    uri: https://management.azure.com/subscriptions/00000000-0000-0000-0000-000000000000/resourceGroups/clitest.rg000001/providers/Microsoft.ContainerRegistry/registries/acr000003?api-version=2022-02-01-preview
  response:
    body:
      string: '{"sku":{"name":"Basic","tier":"Basic"},"type":"Microsoft.ContainerRegistry/registries","id":"/subscriptions/00000000-0000-0000-0000-000000000000/resourceGroups/clitest.rg000001/providers/Microsoft.ContainerRegistry/registries/acr000003","name":"acr000003","location":"eastus","tags":{},"systemData":{"createdBy":"xinyupang@microsoft.com","createdByType":"User","createdAt":"2023-10-25T05:30:22.8265132+00:00","lastModifiedBy":"xinyupang@microsoft.com","lastModifiedByType":"User","lastModifiedAt":"2023-10-25T05:30:22.8265132+00:00"},"properties":{"loginServer":"acr000003.azurecr.io","creationDate":"2023-10-25T05:30:22.8265132Z","provisioningState":"Succeeded","adminUserEnabled":true,"policies":{"quarantinePolicy":{"status":"disabled"},"trustPolicy":{"type":"Notary","status":"disabled"},"retentionPolicy":{"days":7,"lastUpdatedTime":"2023-10-25T05:30:29.8523517+00:00","status":"disabled"},"exportPolicy":{"status":"enabled"},"azureADAuthenticationAsArmPolicy":{"status":"enabled"},"softDeletePolicy":{"retentionDays":7,"lastUpdatedTime":"2023-10-25T05:30:29.8523879+00:00","status":"disabled"}},"encryption":{"status":"disabled"},"dataEndpointEnabled":false,"dataEndpointHostNames":[],"privateEndpointConnections":[],"publicNetworkAccess":"Enabled","networkRuleBypassOptions":"AzureServices","zoneRedundancy":"Disabled","anonymousPullEnabled":false}}'
    headers:
      api-supported-versions:
      - 2022-02-01-preview
      cache-control:
      - no-cache
      content-length:
      - '1356'
      content-type:
      - application/json; charset=utf-8
      date:
      - Wed, 25 Oct 2023 05:30:33 GMT
      expires:
      - '-1'
      pragma:
      - no-cache
      server:
      - Kestrel
      strict-transport-security:
      - max-age=31536000; includeSubDomains
      transfer-encoding:
      - chunked
      vary:
      - Accept-Encoding
      x-content-type-options:
      - nosniff
    status:
      code: 200
      message: OK
- request:
    body: null
    headers:
      Accept:
      - application/json
      Accept-Encoding:
      - gzip, deflate
      CommandName:
      - acr import
      Connection:
      - keep-alive
      ParameterSetName:
      - -n --source
      User-Agent:
      - AZURECLI/2.53.0 azsdk-python-azure-mgmt-containerregistry/10.1.0 Python/3.10.11
        (Windows-10-10.0.22621-SP0)
    method: GET
    uri: https://management.azure.com/subscriptions/00000000-0000-0000-0000-000000000000/providers/Microsoft.ContainerRegistry/registries?api-version=2022-02-01-preview
  response:
    body:
      string: '{"value":[{"sku":{"name":"Basic","tier":"Basic"},"type":"Microsoft.ContainerRegistry/registries","identity":{"principalId":"6b745243-f378-4913-8917-255abd22e4a7","tenantId":"72f988bf-86f1-41af-91ab-2d7cd011db47","type":"systemAssigned,
        userAssigned","userAssignedIdentities":{"/subscriptions/00000000-0000-0000-0000-000000000000/resourcegroups/arc-appint-forxinyu12-rg0/providers/Microsoft.ManagedIdentity/userAssignedIdentities/containerapp-user":{"principalId":"bccb9b42-bb6d-4c86-a7d4-49d69b02f6b1","clientId":"2e8fe0c9-4ab4-435b-873b-29a8d0374612"}}},"id":"/subscriptions/00000000-0000-0000-0000-000000000000/resourceGroups/arc-appint-forxinyu12-rg0/providers/Microsoft.ContainerRegistry/registries/acrby3hh64qyjc7igyjo5jr6","name":"acrby3hh64qyjc7igyjo5jr6","location":"eastus","tags":{},"systemData":{"createdBy":"xinyupang@microsoft.com","createdByType":"User","createdAt":"2023-06-27T07:27:24.8056197+00:00","lastModifiedBy":"xinyupang@microsoft.com","lastModifiedByType":"User","lastModifiedAt":"2023-08-28T05:06:55.9994452+00:00"},"properties":{"loginServer":"acrby3hh64qyjc7igyjo5jr6.azurecr.io","creationDate":"2023-06-27T07:27:24.8056197Z","provisioningState":"Succeeded","adminUserEnabled":true,"policies":{"quarantinePolicy":{"status":"disabled"},"trustPolicy":{"type":"Notary","status":"disabled"},"retentionPolicy":{"days":7,"lastUpdatedTime":"2023-06-27T07:27:32.3779885+00:00","status":"disabled"},"exportPolicy":{"status":"enabled"},"azureADAuthenticationAsArmPolicy":{"status":"enabled"},"softDeletePolicy":{"retentionDays":7,"lastUpdatedTime":"2023-06-27T07:27:32.3779885+00:00","status":"disabled"}},"encryption":{"status":"disabled"},"dataEndpointEnabled":false,"dataEndpointHostNames":[],"privateEndpointConnections":[],"publicNetworkAccess":"Enabled","networkRuleBypassOptions":"AzureServices","zoneRedundancy":"Disabled","anonymousPullEnabled":false}},{"sku":{"name":"Basic","tier":"Basic"},"type":"Microsoft.ContainerRegistry/registries","id":"/subscriptions/00000000-0000-0000-0000-000000000000/resourceGroups/arc-appint-forxinyu12-rg0/providers/Microsoft.ContainerRegistry/registries/acrhj7rv7uvzjqksl3gdlygu","name":"acrhj7rv7uvzjqksl3gdlygu","location":"eastus","tags":{},"systemData":{"createdBy":"xinyupang@microsoft.com","createdByType":"User","createdAt":"2023-06-27T07:23:44.2115931+00:00","lastModifiedBy":"xinyupang@microsoft.com","lastModifiedByType":"User","lastModifiedAt":"2023-06-27T07:23:44.2115931+00:00"},"properties":{"loginServer":"acrhj7rv7uvzjqksl3gdlygu.azurecr.io","creationDate":"2023-06-27T07:23:44.2115931Z","provisioningState":"Succeeded","adminUserEnabled":true,"policies":{"quarantinePolicy":{"status":"disabled"},"trustPolicy":{"type":"Notary","status":"disabled"},"retentionPolicy":{"days":7,"lastUpdatedTime":"2023-06-27T07:23:52.3292035+00:00","status":"disabled"},"exportPolicy":{"status":"enabled"},"azureADAuthenticationAsArmPolicy":{"status":"enabled"},"softDeletePolicy":{"retentionDays":7,"lastUpdatedTime":"2023-06-27T07:23:52.3292035+00:00","status":"disabled"}},"encryption":{"status":"disabled"},"dataEndpointEnabled":false,"dataEndpointHostNames":[],"privateEndpointConnections":[],"publicNetworkAccess":"Enabled","networkRuleBypassOptions":"AzureServices","zoneRedundancy":"Disabled","anonymousPullEnabled":false}},{"sku":{"name":"Basic","tier":"Basic"},"type":"Microsoft.ContainerRegistry/registries","id":"/subscriptions/00000000-0000-0000-0000-000000000000/resourceGroups/arc-appint-forxinyu12-rg0/providers/Microsoft.ContainerRegistry/registries/acrmoohaiyfsvdkpicitrxpu","name":"acrmoohaiyfsvdkpicitrxpu","location":"eastus","tags":{},"systemData":{"createdBy":"xinyupang@microsoft.com","createdByType":"User","createdAt":"2023-06-27T07:23:30.1776295+00:00","lastModifiedBy":"xinyupang@microsoft.com","lastModifiedByType":"User","lastModifiedAt":"2023-06-27T07:23:30.1776295+00:00"},"properties":{"loginServer":"acrmoohaiyfsvdkpicitrxpu.azurecr.io","creationDate":"2023-06-27T07:23:30.1776295Z","provisioningState":"Succeeded","adminUserEnabled":true,"policies":{"quarantinePolicy":{"status":"disabled"},"trustPolicy":{"type":"Notary","status":"disabled"},"retentionPolicy":{"days":7,"lastUpdatedTime":"2023-06-27T07:23:39.5698739+00:00","status":"disabled"},"exportPolicy":{"status":"enabled"},"azureADAuthenticationAsArmPolicy":{"status":"enabled"},"softDeletePolicy":{"retentionDays":7,"lastUpdatedTime":"2023-06-27T07:23:39.5698739+00:00","status":"disabled"}},"encryption":{"status":"disabled"},"dataEndpointEnabled":false,"dataEndpointHostNames":[],"privateEndpointConnections":[],"publicNetworkAccess":"Enabled","networkRuleBypassOptions":"AzureServices","zoneRedundancy":"Disabled","anonymousPullEnabled":false}},{"sku":{"name":"Basic","tier":"Basic"},"type":"Microsoft.ContainerRegistry/registries","id":"/subscriptions/00000000-0000-0000-0000-000000000000/resourceGroups/arc-appint-forxinyu12-rg0/providers/Microsoft.ContainerRegistry/registries/acrochik36skuu42qzjas36d","name":"acrochik36skuu42qzjas36d","location":"eastus","tags":{},"systemData":{"createdBy":"xinyupang@microsoft.com","createdByType":"User","createdAt":"2023-06-27T07:27:27.1177498+00:00","lastModifiedBy":"xinyupang@microsoft.com","lastModifiedByType":"User","lastModifiedAt":"2023-06-27T07:27:27.1177498+00:00"},"properties":{"loginServer":"acrochik36skuu42qzjas36d.azurecr.io","creationDate":"2023-06-27T07:27:27.1177498Z","provisioningState":"Succeeded","adminUserEnabled":true,"policies":{"quarantinePolicy":{"status":"disabled"},"trustPolicy":{"type":"Notary","status":"disabled"},"retentionPolicy":{"days":7,"lastUpdatedTime":"2023-06-27T07:27:35.3260589+00:00","status":"disabled"},"exportPolicy":{"status":"enabled"},"azureADAuthenticationAsArmPolicy":{"status":"enabled"},"softDeletePolicy":{"retentionDays":7,"lastUpdatedTime":"2023-06-27T07:27:35.3260589+00:00","status":"disabled"}},"encryption":{"status":"disabled"},"dataEndpointEnabled":false,"dataEndpointHostNames":[],"privateEndpointConnections":[],"publicNetworkAccess":"Enabled","networkRuleBypassOptions":"AzureServices","zoneRedundancy":"Disabled","anonymousPullEnabled":false}},{"sku":{"name":"Basic","tier":"Basic"},"type":"Microsoft.ContainerRegistry/registries","id":"/subscriptions/00000000-0000-0000-0000-000000000000/resourceGroups/arc-appint-forxinyu12-rg0/providers/Microsoft.ContainerRegistry/registries/caedd971c2c1acr","name":"caedd971c2c1acr","location":"eastus","tags":{},"systemData":{"createdBy":"xinyupang@microsoft.com","createdByType":"User","createdAt":"2023-03-15T03:51:22.0481882+00:00","lastModifiedBy":"xinyupang@microsoft.com","lastModifiedByType":"User","lastModifiedAt":"2023-04-06T13:17:51.6966031+00:00"},"properties":{"loginServer":"caedd971c2c1acr.azurecr.io","creationDate":"2023-03-15T03:51:22.0481882Z","provisioningState":"Succeeded","adminUserEnabled":true,"policies":{"quarantinePolicy":{"status":"disabled"},"trustPolicy":{"type":"Notary","status":"disabled"},"retentionPolicy":{"days":7,"lastUpdatedTime":"2023-03-15T03:51:30.0851106+00:00","status":"disabled"},"exportPolicy":{"status":"enabled"},"azureADAuthenticationAsArmPolicy":{"status":"enabled"},"softDeletePolicy":{"retentionDays":7,"lastUpdatedTime":"2023-03-15T03:51:30.0851106+00:00","status":"disabled"}},"encryption":{"status":"disabled"},"dataEndpointEnabled":false,"dataEndpointHostNames":[],"privateEndpointConnections":[],"publicNetworkAccess":"Enabled","networkRuleBypassOptions":"AzureServices","zoneRedundancy":"Disabled","anonymousPullEnabled":false}},{"sku":{"name":"Basic","tier":"Basic"},"type":"Microsoft.ContainerRegistry/registries","id":"/subscriptions/00000000-0000-0000-0000-000000000000/resourceGroups/clitest.rg000001/providers/Microsoft.ContainerRegistry/registries/acr000003","name":"acr000003","location":"eastus","tags":{},"systemData":{"createdBy":"xinyupang@microsoft.com","createdByType":"User","createdAt":"2023-10-25T05:30:22.8265132+00:00","lastModifiedBy":"xinyupang@microsoft.com","lastModifiedByType":"User","lastModifiedAt":"2023-10-25T05:30:22.8265132+00:00"},"properties":{"loginServer":"acr000003.azurecr.io","creationDate":"2023-10-25T05:30:22.8265132Z","provisioningState":"Succeeded","adminUserEnabled":true,"policies":{"quarantinePolicy":{"status":"disabled"},"trustPolicy":{"type":"Notary","status":"disabled"},"retentionPolicy":{"days":7,"lastUpdatedTime":"2023-10-25T05:30:29.8523517+00:00","status":"disabled"},"exportPolicy":{"status":"enabled"},"azureADAuthenticationAsArmPolicy":{"status":"enabled"},"softDeletePolicy":{"retentionDays":7,"lastUpdatedTime":"2023-10-25T05:30:29.8523879+00:00","status":"disabled"}},"encryption":{"status":"disabled"},"dataEndpointEnabled":false,"dataEndpointHostNames":[],"privateEndpointConnections":[],"publicNetworkAccess":"Enabled","networkRuleBypassOptions":"AzureServices","zoneRedundancy":"Disabled","anonymousPullEnabled":false}},{"sku":{"name":"Basic","tier":"Basic"},"type":"Microsoft.ContainerRegistry/registries","id":"/subscriptions/00000000-0000-0000-0000-000000000000/resourceGroups/arc-appint-forxinyu12-rg0/providers/Microsoft.ContainerRegistry/registries/ca5617138654acr","name":"ca5617138654acr","location":"northcentralus","tags":{},"systemData":{"createdBy":"xinyupang@microsoft.com","createdByType":"User","createdAt":"2023-10-10T03:09:02.93873+00:00","lastModifiedBy":"xinyupang@microsoft.com","lastModifiedByType":"User","lastModifiedAt":"2023-10-10T03:09:02.93873+00:00"},"properties":{"loginServer":"ca5617138654acr.azurecr.io","creationDate":"2023-10-10T03:09:02.93873Z","provisioningState":"Succeeded","adminUserEnabled":true,"policies":{"quarantinePolicy":{"status":"disabled"},"trustPolicy":{"type":"Notary","status":"disabled"},"retentionPolicy":{"days":7,"lastUpdatedTime":"2023-10-10T03:09:09.6865818+00:00","status":"disabled"},"exportPolicy":{"status":"enabled"},"azureADAuthenticationAsArmPolicy":{"status":"enabled"},"softDeletePolicy":{"retentionDays":7,"lastUpdatedTime":"2023-10-10T03:09:09.6866263+00:00","status":"disabled"}},"encryption":{"status":"disabled"},"dataEndpointEnabled":false,"dataEndpointHostNames":[],"privateEndpointConnections":[],"publicNetworkAccess":"Enabled","networkRuleBypassOptions":"AzureServices","zoneRedundancy":"Disabled","anonymousPullEnabled":false}}]}'
    headers:
      cache-control:
      - no-cache
      content-length:
      - '10240'
      content-type:
      - application/json; charset=utf-8
      date:
      - Wed, 25 Oct 2023 05:30:34 GMT
      expires:
      - '-1'
      pragma:
      - no-cache
      strict-transport-security:
      - max-age=31536000; includeSubDomains
      vary:
      - Accept-Encoding
      x-content-type-options:
      - nosniff
      x-ms-original-request-ids:
      - ''
      - ''
    status:
      code: 200
      message: OK
- request:
    body: '{"source": {"registryUri": "mcr.microsoft.com", "sourceImage": "k8se/quickstart:latest"},
      "targetTags": ["k8se/quickstart:latest"], "mode": "NoForce"}'
    headers:
      Accept:
      - '*/*'
      Accept-Encoding:
      - gzip, deflate
      CommandName:
      - acr import
      Connection:
      - keep-alive
      Content-Length:
      - '150'
      Content-Type:
      - application/json
      ParameterSetName:
      - -n --source
      User-Agent:
      - AZURECLI/2.53.0 azsdk-python-azure-mgmt-containerregistry/10.1.0 Python/3.10.11
        (Windows-10-10.0.22621-SP0)
    method: POST
    uri: https://management.azure.com/subscriptions/00000000-0000-0000-0000-000000000000/resourceGroups/clitest.rg000001/providers/Microsoft.ContainerRegistry/registries/acr000003/importImage?api-version=2022-02-01-preview
  response:
    body:
      string: ''
    headers:
      api-supported-versions:
      - 2017-10-01, 2019-05-01, 2019-12-01-preview, 2020-11-01-preview, 2021-06-01-preview,
        2021-08-01-preview, 2021-09-01, 2021-12-01-preview, 2022-02-01-preview, 2022-12-01,
        2023-01-01-preview, 2023-06-01-preview, 2023-07-01, 2023-08-01-preview, 2023-11-01-preview
      cache-control:
      - no-cache
      content-length:
      - '0'
      date:
      - Wed, 25 Oct 2023 05:30:35 GMT
      expires:
      - '-1'
      location:
      - https://management.azure.com/subscriptions/00000000-0000-0000-0000-000000000000/providers/Microsoft.ContainerRegistry/locations/EASTUS/operationResults/registries-9c90dc98-72f7-11ee-8e7f-2c0da7bd12b1?api-version=2022-02-01-preview&t=638338086361276389&c=MIIHHjCCBgagAwIBAgITfwHPGb2PGVTN4z3FUwAEAc8ZvTANBgkqhkiG9w0BAQsFADBEMRMwEQYKCZImiZPyLGQBGRYDR0JMMRMwEQYKCZImiZPyLGQBGRYDQU1FMRgwFgYDVQQDEw9BTUUgSW5mcmEgQ0EgMDIwHhcNMjMwODAyMDYzNjM2WhcNMjQwNzI3MDYzNjM2WjBAMT4wPAYDVQQDEzVhc3luY29wZXJhdGlvbnNpZ25pbmdjZXJ0aWZpY2F0ZS5tYW5hZ2VtZW50LmF6dXJlLmNvbTCCASIwDQYJKoZIhvcNAQEBBQADggEPADCCAQoCggEBALA8WMmmEO1CwTnKvAtvibQoh9fKt-nYVdbvRtzIlm4z19BYYfDibvj6l1viYhNR3bs53c9d8fIWknmMKcHdJpnnDk-sfLAVWjMNWlp_buwQ0wqnDDMi-_nqhutQ0ONUbruFxD0-bGPA3RLD9MxnV3XQGNGjXFzj7hqAQauMfHafpxwgDIEYAcWfBtE32aGB9_bxZrY8E2slVewgeS6yws88svVeMAmGPQEGqIrOrqphrXLbmWMcWg6Ixey-FyuliVC6n2ECOpeUOnI3zd3u2YXwLZrTeYxh6zaRuU-ht2zLmkisse4EaaJvcnYB1ET9IBE-LI8SxLbutQtDAe4kiSkCAwEAAaOCBAswggQHMCcGCSsGAQQBgjcVCgQaMBgwCgYIKwYBBQUHAwEwCgYIKwYBBQUHAwIwPQYJKwYBBAGCNxUHBDAwLgYmKwYBBAGCNxUIhpDjDYTVtHiE8Ys-hZvdFs6dEoFggvX2K4Py0SACAWQCAQowggHaBggrBgEFBQcBAQSCAcwwggHIMGYGCCsGAQUFBzAChlpodHRwOi8vY3JsLm1pY3Jvc29mdC5jb20vcGtpaW5mcmEvQ2VydHMvQkwyUEtJSU5UQ0EwMS5BTUUuR0JMX0FNRSUyMEluZnJhJTIwQ0ElMjAwMig0KS5jcnQwVgYIKwYBBQUHMAKGSmh0dHA6Ly9jcmwxLmFtZS5nYmwvYWlhL0JMMlBLSUlOVENBMDEuQU1FLkdCTF9BTUUlMjBJbmZyYSUyMENBJTIwMDIoNCkuY3J0MFYGCCsGAQUFBzAChkpodHRwOi8vY3JsMi5hbWUuZ2JsL2FpYS9CTDJQS0lJTlRDQTAxLkFNRS5HQkxfQU1FJTIwSW5mcmElMjBDQSUyMDAyKDQpLmNydDBWBggrBgEFBQcwAoZKaHR0cDovL2NybDMuYW1lLmdibC9haWEvQkwyUEtJSU5UQ0EwMS5BTUUuR0JMX0FNRSUyMEluZnJhJTIwQ0ElMjAwMig0KS5jcnQwVgYIKwYBBQUHMAKGSmh0dHA6Ly9jcmw0LmFtZS5nYmwvYWlhL0JMMlBLSUlOVENBMDEuQU1FLkdCTF9BTUUlMjBJbmZyYSUyMENBJTIwMDIoNCkuY3J0MB0GA1UdDgQWBBQBTTHZD8UzTofzBwHZRpdtw5XpXjAOBgNVHQ8BAf8EBAMCBaAwggE1BgNVHR8EggEsMIIBKDCCASSgggEgoIIBHIZCaHR0cDovL2NybC5taWNyb3NvZnQuY29tL3BraWluZnJhL0NSTC9BTUUlMjBJbmZyYSUyMENBJTIwMDIoNCkuY3JshjRodHRwOi8vY3JsMS5hbWUuZ2JsL2NybC9BTUUlMjBJbmZyYSUyMENBJTIwMDIoNCkuY3JshjRodHRwOi8vY3JsMi5hbWUuZ2JsL2NybC9BTUUlMjBJbmZyYSUyMENBJTIwMDIoNCkuY3JshjRodHRwOi8vY3JsMy5hbWUuZ2JsL2NybC9BTUUlMjBJbmZyYSUyMENBJTIwMDIoNCkuY3JshjRodHRwOi8vY3JsNC5hbWUuZ2JsL2NybC9BTUUlMjBJbmZyYSUyMENBJTIwMDIoNCkuY3JsMBcGA1UdIAQQMA4wDAYKKwYBBAGCN3sBATAfBgNVHSMEGDAWgBSuecJrXSWIEwb2BwnDl3x7l48dVTAdBgNVHSUEFjAUBggrBgEFBQcDAQYIKwYBBQUHAwIwDQYJKoZIhvcNAQELBQADggEBAD3Zm_z6dHneGOQPVVe1FxHrV2xvtqbjaKZAuH5rSpWUw_DJdOSV4cWnP6mHzxkPNq64LVAwgyif18NOtR825NodQN7r_Il0fGIykE4rt-M_xIqddJaoXHzIGUQ0uCofzHWG-wdvSYVhlbFFtTckqYtEA9-qW-eTU2K1wu1OQ8ry_XahL8OpgJsribT6ANlH0I5odhgLdzGhwvBWfM1-xaqN8ieQA5l7FdmYeOrZYwzX4Lc-478HHPVhkKgLr6pn1L-WJJ1mMn_PPXo4c6q34Uw6i0kyVgPeot9rO0FSHhj-YxHTde4eXuk4k1VEx6v56KK89p9N2LCqwkWf75r3Vdk&s=qsP5SXU74CTvs4YP7egpxVkqFHv2e9US8jR1F3q_dqKHSbyzrf4UYx4Uq_75IOGuYn_g75NtNXAP1aMBNtFKf8VGX2YCt5uVLKqnHkSNoXJ570ATxCF_d6VTCF6EvUaBMjFyjzTvzFp9-4G1P4bmLu59uYCqrCmFzoW2EyJr67w3eVDXnspQDCa0QTUqIe8g9gFN1x_TF7jKMUPT4FCBtWOFmsArJ53LfVZyevdW0k3-y52TspxTiZu-FgrWFZUwrIy7ltBXsCOLqKvVpuXehR6s7cjvWhHzQPuwe3AxJw6Q9r8JajpruQbrKFsKtGyJlSLwpHzmDF3A569ls4ANiw&h=IHQQpy8mXpCoRtDmjo_ggv_Fr7au-W4Y3gYUWm5iF_Y
      pragma:
      - no-cache
      server:
      - Kestrel
      strict-transport-security:
      - max-age=31536000; includeSubDomains
      x-content-type-options:
      - nosniff
      x-ms-ratelimit-remaining-subscription-writes:
      - '1199'
    status:
      code: 202
      message: Accepted
- request:
    body: null
    headers:
      Accept:
      - '*/*'
      Accept-Encoding:
      - gzip, deflate
      CommandName:
      - acr import
      Connection:
      - keep-alive
      ParameterSetName:
      - -n --source
      User-Agent:
      - AZURECLI/2.53.0 azsdk-python-azure-mgmt-containerregistry/10.1.0 Python/3.10.11
        (Windows-10-10.0.22621-SP0)
    method: GET
    uri: https://management.azure.com/subscriptions/00000000-0000-0000-0000-000000000000/providers/Microsoft.ContainerRegistry/locations/EASTUS/operationResults/registries-9c90dc98-72f7-11ee-8e7f-2c0da7bd12b1?api-version=2022-02-01-preview&t=638338086361276389&c=MIIHHjCCBgagAwIBAgITfwHPGb2PGVTN4z3FUwAEAc8ZvTANBgkqhkiG9w0BAQsFADBEMRMwEQYKCZImiZPyLGQBGRYDR0JMMRMwEQYKCZImiZPyLGQBGRYDQU1FMRgwFgYDVQQDEw9BTUUgSW5mcmEgQ0EgMDIwHhcNMjMwODAyMDYzNjM2WhcNMjQwNzI3MDYzNjM2WjBAMT4wPAYDVQQDEzVhc3luY29wZXJhdGlvbnNpZ25pbmdjZXJ0aWZpY2F0ZS5tYW5hZ2VtZW50LmF6dXJlLmNvbTCCASIwDQYJKoZIhvcNAQEBBQADggEPADCCAQoCggEBALA8WMmmEO1CwTnKvAtvibQoh9fKt-nYVdbvRtzIlm4z19BYYfDibvj6l1viYhNR3bs53c9d8fIWknmMKcHdJpnnDk-sfLAVWjMNWlp_buwQ0wqnDDMi-_nqhutQ0ONUbruFxD0-bGPA3RLD9MxnV3XQGNGjXFzj7hqAQauMfHafpxwgDIEYAcWfBtE32aGB9_bxZrY8E2slVewgeS6yws88svVeMAmGPQEGqIrOrqphrXLbmWMcWg6Ixey-FyuliVC6n2ECOpeUOnI3zd3u2YXwLZrTeYxh6zaRuU-ht2zLmkisse4EaaJvcnYB1ET9IBE-LI8SxLbutQtDAe4kiSkCAwEAAaOCBAswggQHMCcGCSsGAQQBgjcVCgQaMBgwCgYIKwYBBQUHAwEwCgYIKwYBBQUHAwIwPQYJKwYBBAGCNxUHBDAwLgYmKwYBBAGCNxUIhpDjDYTVtHiE8Ys-hZvdFs6dEoFggvX2K4Py0SACAWQCAQowggHaBggrBgEFBQcBAQSCAcwwggHIMGYGCCsGAQUFBzAChlpodHRwOi8vY3JsLm1pY3Jvc29mdC5jb20vcGtpaW5mcmEvQ2VydHMvQkwyUEtJSU5UQ0EwMS5BTUUuR0JMX0FNRSUyMEluZnJhJTIwQ0ElMjAwMig0KS5jcnQwVgYIKwYBBQUHMAKGSmh0dHA6Ly9jcmwxLmFtZS5nYmwvYWlhL0JMMlBLSUlOVENBMDEuQU1FLkdCTF9BTUUlMjBJbmZyYSUyMENBJTIwMDIoNCkuY3J0MFYGCCsGAQUFBzAChkpodHRwOi8vY3JsMi5hbWUuZ2JsL2FpYS9CTDJQS0lJTlRDQTAxLkFNRS5HQkxfQU1FJTIwSW5mcmElMjBDQSUyMDAyKDQpLmNydDBWBggrBgEFBQcwAoZKaHR0cDovL2NybDMuYW1lLmdibC9haWEvQkwyUEtJSU5UQ0EwMS5BTUUuR0JMX0FNRSUyMEluZnJhJTIwQ0ElMjAwMig0KS5jcnQwVgYIKwYBBQUHMAKGSmh0dHA6Ly9jcmw0LmFtZS5nYmwvYWlhL0JMMlBLSUlOVENBMDEuQU1FLkdCTF9BTUUlMjBJbmZyYSUyMENBJTIwMDIoNCkuY3J0MB0GA1UdDgQWBBQBTTHZD8UzTofzBwHZRpdtw5XpXjAOBgNVHQ8BAf8EBAMCBaAwggE1BgNVHR8EggEsMIIBKDCCASSgggEgoIIBHIZCaHR0cDovL2NybC5taWNyb3NvZnQuY29tL3BraWluZnJhL0NSTC9BTUUlMjBJbmZyYSUyMENBJTIwMDIoNCkuY3JshjRodHRwOi8vY3JsMS5hbWUuZ2JsL2NybC9BTUUlMjBJbmZyYSUyMENBJTIwMDIoNCkuY3JshjRodHRwOi8vY3JsMi5hbWUuZ2JsL2NybC9BTUUlMjBJbmZyYSUyMENBJTIwMDIoNCkuY3JshjRodHRwOi8vY3JsMy5hbWUuZ2JsL2NybC9BTUUlMjBJbmZyYSUyMENBJTIwMDIoNCkuY3JshjRodHRwOi8vY3JsNC5hbWUuZ2JsL2NybC9BTUUlMjBJbmZyYSUyMENBJTIwMDIoNCkuY3JsMBcGA1UdIAQQMA4wDAYKKwYBBAGCN3sBATAfBgNVHSMEGDAWgBSuecJrXSWIEwb2BwnDl3x7l48dVTAdBgNVHSUEFjAUBggrBgEFBQcDAQYIKwYBBQUHAwIwDQYJKoZIhvcNAQELBQADggEBAD3Zm_z6dHneGOQPVVe1FxHrV2xvtqbjaKZAuH5rSpWUw_DJdOSV4cWnP6mHzxkPNq64LVAwgyif18NOtR825NodQN7r_Il0fGIykE4rt-M_xIqddJaoXHzIGUQ0uCofzHWG-wdvSYVhlbFFtTckqYtEA9-qW-eTU2K1wu1OQ8ry_XahL8OpgJsribT6ANlH0I5odhgLdzGhwvBWfM1-xaqN8ieQA5l7FdmYeOrZYwzX4Lc-478HHPVhkKgLr6pn1L-WJJ1mMn_PPXo4c6q34Uw6i0kyVgPeot9rO0FSHhj-YxHTde4eXuk4k1VEx6v56KK89p9N2LCqwkWf75r3Vdk&s=qsP5SXU74CTvs4YP7egpxVkqFHv2e9US8jR1F3q_dqKHSbyzrf4UYx4Uq_75IOGuYn_g75NtNXAP1aMBNtFKf8VGX2YCt5uVLKqnHkSNoXJ570ATxCF_d6VTCF6EvUaBMjFyjzTvzFp9-4G1P4bmLu59uYCqrCmFzoW2EyJr67w3eVDXnspQDCa0QTUqIe8g9gFN1x_TF7jKMUPT4FCBtWOFmsArJ53LfVZyevdW0k3-y52TspxTiZu-FgrWFZUwrIy7ltBXsCOLqKvVpuXehR6s7cjvWhHzQPuwe3AxJw6Q9r8JajpruQbrKFsKtGyJlSLwpHzmDF3A569ls4ANiw&h=IHQQpy8mXpCoRtDmjo_ggv_Fr7au-W4Y3gYUWm5iF_Y
  response:
    body:
      string: '{"k8se/quickstart:latest":"Pending","status":"Accepted"}'
    headers:
      cache-control:
      - no-cache
      content-length:
      - '56'
      content-type:
      - application/json; charset=utf-8
      date:
      - Wed, 25 Oct 2023 05:30:35 GMT
      expires:
      - '-1'
      location:
      - https://management.azure.com/subscriptions/00000000-0000-0000-0000-000000000000/providers/Microsoft.ContainerRegistry/locations/EASTUS/operationResults/registries-9c90dc98-72f7-11ee-8e7f-2c0da7bd12b1?api-version=2022-02-01-preview&t=638338086365182673&c=MIIHHjCCBgagAwIBAgITfwHPGb2PGVTN4z3FUwAEAc8ZvTANBgkqhkiG9w0BAQsFADBEMRMwEQYKCZImiZPyLGQBGRYDR0JMMRMwEQYKCZImiZPyLGQBGRYDQU1FMRgwFgYDVQQDEw9BTUUgSW5mcmEgQ0EgMDIwHhcNMjMwODAyMDYzNjM2WhcNMjQwNzI3MDYzNjM2WjBAMT4wPAYDVQQDEzVhc3luY29wZXJhdGlvbnNpZ25pbmdjZXJ0aWZpY2F0ZS5tYW5hZ2VtZW50LmF6dXJlLmNvbTCCASIwDQYJKoZIhvcNAQEBBQADggEPADCCAQoCggEBALA8WMmmEO1CwTnKvAtvibQoh9fKt-nYVdbvRtzIlm4z19BYYfDibvj6l1viYhNR3bs53c9d8fIWknmMKcHdJpnnDk-sfLAVWjMNWlp_buwQ0wqnDDMi-_nqhutQ0ONUbruFxD0-bGPA3RLD9MxnV3XQGNGjXFzj7hqAQauMfHafpxwgDIEYAcWfBtE32aGB9_bxZrY8E2slVewgeS6yws88svVeMAmGPQEGqIrOrqphrXLbmWMcWg6Ixey-FyuliVC6n2ECOpeUOnI3zd3u2YXwLZrTeYxh6zaRuU-ht2zLmkisse4EaaJvcnYB1ET9IBE-LI8SxLbutQtDAe4kiSkCAwEAAaOCBAswggQHMCcGCSsGAQQBgjcVCgQaMBgwCgYIKwYBBQUHAwEwCgYIKwYBBQUHAwIwPQYJKwYBBAGCNxUHBDAwLgYmKwYBBAGCNxUIhpDjDYTVtHiE8Ys-hZvdFs6dEoFggvX2K4Py0SACAWQCAQowggHaBggrBgEFBQcBAQSCAcwwggHIMGYGCCsGAQUFBzAChlpodHRwOi8vY3JsLm1pY3Jvc29mdC5jb20vcGtpaW5mcmEvQ2VydHMvQkwyUEtJSU5UQ0EwMS5BTUUuR0JMX0FNRSUyMEluZnJhJTIwQ0ElMjAwMig0KS5jcnQwVgYIKwYBBQUHMAKGSmh0dHA6Ly9jcmwxLmFtZS5nYmwvYWlhL0JMMlBLSUlOVENBMDEuQU1FLkdCTF9BTUUlMjBJbmZyYSUyMENBJTIwMDIoNCkuY3J0MFYGCCsGAQUFBzAChkpodHRwOi8vY3JsMi5hbWUuZ2JsL2FpYS9CTDJQS0lJTlRDQTAxLkFNRS5HQkxfQU1FJTIwSW5mcmElMjBDQSUyMDAyKDQpLmNydDBWBggrBgEFBQcwAoZKaHR0cDovL2NybDMuYW1lLmdibC9haWEvQkwyUEtJSU5UQ0EwMS5BTUUuR0JMX0FNRSUyMEluZnJhJTIwQ0ElMjAwMig0KS5jcnQwVgYIKwYBBQUHMAKGSmh0dHA6Ly9jcmw0LmFtZS5nYmwvYWlhL0JMMlBLSUlOVENBMDEuQU1FLkdCTF9BTUUlMjBJbmZyYSUyMENBJTIwMDIoNCkuY3J0MB0GA1UdDgQWBBQBTTHZD8UzTofzBwHZRpdtw5XpXjAOBgNVHQ8BAf8EBAMCBaAwggE1BgNVHR8EggEsMIIBKDCCASSgggEgoIIBHIZCaHR0cDovL2NybC5taWNyb3NvZnQuY29tL3BraWluZnJhL0NSTC9BTUUlMjBJbmZyYSUyMENBJTIwMDIoNCkuY3JshjRodHRwOi8vY3JsMS5hbWUuZ2JsL2NybC9BTUUlMjBJbmZyYSUyMENBJTIwMDIoNCkuY3JshjRodHRwOi8vY3JsMi5hbWUuZ2JsL2NybC9BTUUlMjBJbmZyYSUyMENBJTIwMDIoNCkuY3JshjRodHRwOi8vY3JsMy5hbWUuZ2JsL2NybC9BTUUlMjBJbmZyYSUyMENBJTIwMDIoNCkuY3JshjRodHRwOi8vY3JsNC5hbWUuZ2JsL2NybC9BTUUlMjBJbmZyYSUyMENBJTIwMDIoNCkuY3JsMBcGA1UdIAQQMA4wDAYKKwYBBAGCN3sBATAfBgNVHSMEGDAWgBSuecJrXSWIEwb2BwnDl3x7l48dVTAdBgNVHSUEFjAUBggrBgEFBQcDAQYIKwYBBQUHAwIwDQYJKoZIhvcNAQELBQADggEBAD3Zm_z6dHneGOQPVVe1FxHrV2xvtqbjaKZAuH5rSpWUw_DJdOSV4cWnP6mHzxkPNq64LVAwgyif18NOtR825NodQN7r_Il0fGIykE4rt-M_xIqddJaoXHzIGUQ0uCofzHWG-wdvSYVhlbFFtTckqYtEA9-qW-eTU2K1wu1OQ8ry_XahL8OpgJsribT6ANlH0I5odhgLdzGhwvBWfM1-xaqN8ieQA5l7FdmYeOrZYwzX4Lc-478HHPVhkKgLr6pn1L-WJJ1mMn_PPXo4c6q34Uw6i0kyVgPeot9rO0FSHhj-YxHTde4eXuk4k1VEx6v56KK89p9N2LCqwkWf75r3Vdk&s=Bl1UKPTSFvCyKNbVrFBGDZNHYL1E39K2-GXRZyZYfAV66c5vFDQZeEKCqGjJRtmHG_2hw2YDSSPHaOd_8s5lR6YEiBTQKKaAVcwObhud8E9SD8GHX6qqhDFDj77nP5hgFiPVnTIbit2bzXRfYZU6ve4dCbUROo_SpmIxZ9YAYndmm3LiVLGCRg7boSZsy3i50EwQSyq2aTzWUYb_gf5xgSNjc6QgwaIdBsdtm88_Db9hfY-Jfu5ZyvF5ccL2Xq_V7lZYgEf7a1tdcos9lxHZl-HSvCOeb3Ec11P8npiiXXvBLv68FPgmWLcFEqLkrkbl2JIWXB-larePWj7xZn8K2w&h=izG-CktUGTdM5bjcfi57a7w-7yVi_-6Rf6fkojM8k_I
      pragma:
      - no-cache
      server:
      - Kestrel
      strict-transport-security:
      - max-age=31536000; includeSubDomains
      x-content-type-options:
      - nosniff
    status:
      code: 202
      message: Accepted
- request:
    body: null
    headers:
      Accept:
      - '*/*'
      Accept-Encoding:
      - gzip, deflate
      CommandName:
      - acr import
      Connection:
      - keep-alive
      ParameterSetName:
      - -n --source
      User-Agent:
      - AZURECLI/2.53.0 azsdk-python-azure-mgmt-containerregistry/10.1.0 Python/3.10.11
        (Windows-10-10.0.22621-SP0)
    method: GET
    uri: https://management.azure.com/subscriptions/00000000-0000-0000-0000-000000000000/providers/Microsoft.ContainerRegistry/locations/EASTUS/operationResults/registries-9c90dc98-72f7-11ee-8e7f-2c0da7bd12b1?api-version=2022-02-01-preview&t=638338086365182673&c=MIIHHjCCBgagAwIBAgITfwHPGb2PGVTN4z3FUwAEAc8ZvTANBgkqhkiG9w0BAQsFADBEMRMwEQYKCZImiZPyLGQBGRYDR0JMMRMwEQYKCZImiZPyLGQBGRYDQU1FMRgwFgYDVQQDEw9BTUUgSW5mcmEgQ0EgMDIwHhcNMjMwODAyMDYzNjM2WhcNMjQwNzI3MDYzNjM2WjBAMT4wPAYDVQQDEzVhc3luY29wZXJhdGlvbnNpZ25pbmdjZXJ0aWZpY2F0ZS5tYW5hZ2VtZW50LmF6dXJlLmNvbTCCASIwDQYJKoZIhvcNAQEBBQADggEPADCCAQoCggEBALA8WMmmEO1CwTnKvAtvibQoh9fKt-nYVdbvRtzIlm4z19BYYfDibvj6l1viYhNR3bs53c9d8fIWknmMKcHdJpnnDk-sfLAVWjMNWlp_buwQ0wqnDDMi-_nqhutQ0ONUbruFxD0-bGPA3RLD9MxnV3XQGNGjXFzj7hqAQauMfHafpxwgDIEYAcWfBtE32aGB9_bxZrY8E2slVewgeS6yws88svVeMAmGPQEGqIrOrqphrXLbmWMcWg6Ixey-FyuliVC6n2ECOpeUOnI3zd3u2YXwLZrTeYxh6zaRuU-ht2zLmkisse4EaaJvcnYB1ET9IBE-LI8SxLbutQtDAe4kiSkCAwEAAaOCBAswggQHMCcGCSsGAQQBgjcVCgQaMBgwCgYIKwYBBQUHAwEwCgYIKwYBBQUHAwIwPQYJKwYBBAGCNxUHBDAwLgYmKwYBBAGCNxUIhpDjDYTVtHiE8Ys-hZvdFs6dEoFggvX2K4Py0SACAWQCAQowggHaBggrBgEFBQcBAQSCAcwwggHIMGYGCCsGAQUFBzAChlpodHRwOi8vY3JsLm1pY3Jvc29mdC5jb20vcGtpaW5mcmEvQ2VydHMvQkwyUEtJSU5UQ0EwMS5BTUUuR0JMX0FNRSUyMEluZnJhJTIwQ0ElMjAwMig0KS5jcnQwVgYIKwYBBQUHMAKGSmh0dHA6Ly9jcmwxLmFtZS5nYmwvYWlhL0JMMlBLSUlOVENBMDEuQU1FLkdCTF9BTUUlMjBJbmZyYSUyMENBJTIwMDIoNCkuY3J0MFYGCCsGAQUFBzAChkpodHRwOi8vY3JsMi5hbWUuZ2JsL2FpYS9CTDJQS0lJTlRDQTAxLkFNRS5HQkxfQU1FJTIwSW5mcmElMjBDQSUyMDAyKDQpLmNydDBWBggrBgEFBQcwAoZKaHR0cDovL2NybDMuYW1lLmdibC9haWEvQkwyUEtJSU5UQ0EwMS5BTUUuR0JMX0FNRSUyMEluZnJhJTIwQ0ElMjAwMig0KS5jcnQwVgYIKwYBBQUHMAKGSmh0dHA6Ly9jcmw0LmFtZS5nYmwvYWlhL0JMMlBLSUlOVENBMDEuQU1FLkdCTF9BTUUlMjBJbmZyYSUyMENBJTIwMDIoNCkuY3J0MB0GA1UdDgQWBBQBTTHZD8UzTofzBwHZRpdtw5XpXjAOBgNVHQ8BAf8EBAMCBaAwggE1BgNVHR8EggEsMIIBKDCCASSgggEgoIIBHIZCaHR0cDovL2NybC5taWNyb3NvZnQuY29tL3BraWluZnJhL0NSTC9BTUUlMjBJbmZyYSUyMENBJTIwMDIoNCkuY3JshjRodHRwOi8vY3JsMS5hbWUuZ2JsL2NybC9BTUUlMjBJbmZyYSUyMENBJTIwMDIoNCkuY3JshjRodHRwOi8vY3JsMi5hbWUuZ2JsL2NybC9BTUUlMjBJbmZyYSUyMENBJTIwMDIoNCkuY3JshjRodHRwOi8vY3JsMy5hbWUuZ2JsL2NybC9BTUUlMjBJbmZyYSUyMENBJTIwMDIoNCkuY3JshjRodHRwOi8vY3JsNC5hbWUuZ2JsL2NybC9BTUUlMjBJbmZyYSUyMENBJTIwMDIoNCkuY3JsMBcGA1UdIAQQMA4wDAYKKwYBBAGCN3sBATAfBgNVHSMEGDAWgBSuecJrXSWIEwb2BwnDl3x7l48dVTAdBgNVHSUEFjAUBggrBgEFBQcDAQYIKwYBBQUHAwIwDQYJKoZIhvcNAQELBQADggEBAD3Zm_z6dHneGOQPVVe1FxHrV2xvtqbjaKZAuH5rSpWUw_DJdOSV4cWnP6mHzxkPNq64LVAwgyif18NOtR825NodQN7r_Il0fGIykE4rt-M_xIqddJaoXHzIGUQ0uCofzHWG-wdvSYVhlbFFtTckqYtEA9-qW-eTU2K1wu1OQ8ry_XahL8OpgJsribT6ANlH0I5odhgLdzGhwvBWfM1-xaqN8ieQA5l7FdmYeOrZYwzX4Lc-478HHPVhkKgLr6pn1L-WJJ1mMn_PPXo4c6q34Uw6i0kyVgPeot9rO0FSHhj-YxHTde4eXuk4k1VEx6v56KK89p9N2LCqwkWf75r3Vdk&s=Bl1UKPTSFvCyKNbVrFBGDZNHYL1E39K2-GXRZyZYfAV66c5vFDQZeEKCqGjJRtmHG_2hw2YDSSPHaOd_8s5lR6YEiBTQKKaAVcwObhud8E9SD8GHX6qqhDFDj77nP5hgFiPVnTIbit2bzXRfYZU6ve4dCbUROo_SpmIxZ9YAYndmm3LiVLGCRg7boSZsy3i50EwQSyq2aTzWUYb_gf5xgSNjc6QgwaIdBsdtm88_Db9hfY-Jfu5ZyvF5ccL2Xq_V7lZYgEf7a1tdcos9lxHZl-HSvCOeb3Ec11P8npiiXXvBLv68FPgmWLcFEqLkrkbl2JIWXB-larePWj7xZn8K2w&h=izG-CktUGTdM5bjcfi57a7w-7yVi_-6Rf6fkojM8k_I
  response:
    body:
      string: '{"status":"Succeeded"}'
    headers:
      cache-control:
      - no-cache
      content-length:
      - '22'
      content-type:
      - application/json; charset=utf-8
      date:
      - Wed, 25 Oct 2023 05:30:46 GMT
      expires:
      - '-1'
      pragma:
      - no-cache
      server:
      - Kestrel
      strict-transport-security:
      - max-age=31536000; includeSubDomains
      transfer-encoding:
      - chunked
      vary:
      - Accept-Encoding
      x-content-type-options:
      - nosniff
    status:
      code: 200
      message: OK
- request:
    body: null
    headers:
      Accept:
      - application/json
      Accept-Encoding:
      - gzip, deflate
      CommandName:
      - containerapp job create
      Connection:
      - keep-alive
      ParameterSetName:
      - -g -n --image --environment --registry-server --replica-timeout --replica-retry-limit
        --trigger-type --parallelism --replica-completion-count --cron-expression
      User-Agent:
      - AZURECLI/2.53.0 azsdk-python-azure-mgmt-resource/23.1.0b2 Python/3.10.11 (Windows-10-10.0.22621-SP0)
    method: GET
    uri: https://management.azure.com/subscriptions/00000000-0000-0000-0000-000000000000/providers/Microsoft.App?api-version=2022-09-01
  response:
    body:
      string: '{"id":"/subscriptions/00000000-0000-0000-0000-000000000000/providers/Microsoft.App","namespace":"Microsoft.App","authorizations":[{"applicationId":"7e3bc4fd-85a3-4192-b177-5b8bfc87f42c","roleDefinitionId":"39a74f72-b40f-4bdc-b639-562fe2260bf0"},{"applicationId":"3734c1a4-2bed-4998-a37a-ff1a9e7bf019","roleDefinitionId":"5c779a4f-5cb2-4547-8c41-478d9be8ba90"},{"applicationId":"55ebbb62-3b9c-49fd-9b87-9595226dd4ac","roleDefinitionId":"e49ca620-7992-4561-a7df-4ed67dad77b5","managedByRoleDefinitionId":"9e3af657-a8ff-583c-a75c-2fe7c4bcb635"}],"resourceTypes":[{"resourceType":"operations","locations":["North
        Central US (Stage)","Central US EUAP","East US 2 EUAP","West US 2","Southeast
        Asia","Sweden Central","Canada Central","West Europe","North Europe","East
        US","East US 2","East Asia","Australia East","Germany West Central","Japan
        East","UK South","West US","Central US","North Central US","South Central
        US","Korea Central","Brazil South","West US 3","France Central","South Africa
        North","Norway East","Switzerland North","UAE North","Canada East","West Central
        US","UK West","Central India"],"apiVersions":["2023-05-02-preview","2023-05-01","2023-04-01-preview","2023-02-01","2022-11-01-preview","2022-10-01","2022-06-01-preview","2022-03-01"],"defaultApiVersion":"2023-05-01","capabilities":"None"},{"resourceType":"managedEnvironments","locations":["Central
        US EUAP","East US 2 EUAP","North Central US (Stage)","West US 2","Southeast
        Asia","Sweden Central","Canada Central","West Europe","North Europe","East
        US","East US 2","East Asia","Australia East","Germany West Central","Japan
        East","UK South","West US","Central US","North Central US","South Central
        US","Korea Central","Brazil South","West US 3","France Central","South Africa
        North","Norway East","Switzerland North","UAE North","Canada East","West Central
        US","UK West","Central India","Switzerland West"],"apiVersions":["2023-08-01-preview","2023-05-02-preview","2023-05-01","2023-04-01-preview","2022-11-01-preview","2022-10-01","2022-06-01-preview","2022-03-01"],"defaultApiVersion":"2023-05-01","capabilities":"CrossResourceGroupResourceMove,
        CrossSubscriptionResourceMove, SupportsTags, SupportsLocation"},{"resourceType":"managedEnvironments/certificates","locations":["Central
        US EUAP","East US 2 EUAP","North Central US (Stage)","West US 2","Southeast
        Asia","Sweden Central","Canada Central","West Europe","North Europe","East
        US","East US 2","East Asia","Australia East","Germany West Central","Japan
        East","UK South","West US","Central US","North Central US","South Central
        US","Korea Central","Brazil South","West US 3","France Central","South Africa
        North","Norway East","Switzerland North","UAE North","Canada East","West Central
        US","UK West","Central India","Switzerland West"],"apiVersions":["2023-08-01-preview","2023-05-02-preview","2023-05-01","2023-04-01-preview","2022-11-01-preview","2022-10-01","2022-06-01-preview","2022-03-01"],"defaultApiVersion":"2023-05-01","capabilities":"CrossResourceGroupResourceMove,
        CrossSubscriptionResourceMove, SupportsTags, SupportsLocation"},{"resourceType":"managedEnvironments/managedCertificates","locations":["Central
        US EUAP","East US 2 EUAP","North Central US (Stage)","West US 2","Southeast
        Asia","Sweden Central","Canada Central","West Europe","North Europe","East
        US","East US 2","East Asia","Australia East","Germany West Central","Japan
        East","UK South","West US","Central US","North Central US","South Central
        US","Korea Central","Brazil South","West US 3","France Central","South Africa
        North","Norway East","Switzerland North","UAE North","Canada East","West Central
        US","UK West","Central India","Switzerland West"],"apiVersions":["2023-08-01-preview","2023-05-02-preview","2023-05-01","2023-04-01-preview","2022-11-01-preview"],"defaultApiVersion":"2023-05-01","capabilities":"CrossResourceGroupResourceMove,
        CrossSubscriptionResourceMove, SupportsTags, SupportsLocation"},{"resourceType":"containerApps","locations":["Central
        US EUAP","East US 2 EUAP","North Central US (Stage)","West US 2","Southeast
        Asia","Sweden Central","Canada Central","West Europe","North Europe","East
        US","East US 2","East Asia","Australia East","Germany West Central","Japan
        East","UK South","West US","Central US","North Central US","South Central
        US","Korea Central","Brazil South","West US 3","France Central","South Africa
        North","Norway East","Switzerland North","UAE North","Canada East","West Central
        US","UK West","Central India","Switzerland West"],"apiVersions":["2023-08-01-preview","2023-05-02-preview","2023-05-01","2023-04-01-preview","2022-11-01-preview","2022-10-01","2022-06-01-preview","2022-03-01"],"defaultApiVersion":"2023-05-01","capabilities":"CrossResourceGroupResourceMove,
        CrossSubscriptionResourceMove, SystemAssignedResourceIdentity, SupportsTags,
        SupportsLocation"},{"resourceType":"jobs","locations":["Central US EUAP","East
        US 2 EUAP","North Central US (Stage)","West US 2","Southeast Asia","Sweden
        Central","Canada Central","West Europe","North Europe","East US","East US
        2","East Asia","Australia East","Germany West Central","Japan East","UK South","West
        US","Central US","North Central US","South Central US","Korea Central","Brazil
        South","West US 3","France Central","South Africa North","Norway East","Switzerland
        North","UAE North","Canada East","West Central US","UK West","Central India","Switzerland
        West"],"apiVersions":["2023-08-01-preview","2023-05-02-preview","2023-05-01","2023-04-01-preview","2022-11-01-preview"],"defaultApiVersion":"2023-05-01","capabilities":"CrossResourceGroupResourceMove,
        CrossSubscriptionResourceMove, SystemAssignedResourceIdentity, SupportsTags,
        SupportsLocation"},{"resourceType":"locations","locations":[],"apiVersions":["2023-08-01-preview","2023-05-02-preview","2023-05-01","2023-04-01-preview","2022-11-01-preview","2022-10-01","2022-06-01-preview","2022-03-01"],"defaultApiVersion":"2023-05-01","capabilities":"None"},{"resourceType":"locations/managedEnvironmentOperationResults","locations":["Central
        US EUAP","East US 2 EUAP","North Central US (Stage)","West US 2","Southeast
        Asia","Sweden Central","Canada Central","West Europe","North Europe","East
        US","East US 2","East Asia","Australia East","Germany West Central","Japan
        East","UK South","West US","Central US","North Central US","South Central
        US","Korea Central","Brazil South","West US 3","France Central","South Africa
        North","Norway East","Switzerland North","UAE North","Canada East","West Central
        US","UK West","Central India","Switzerland West"],"apiVersions":["2023-08-01-preview","2023-05-02-preview","2023-05-01","2023-04-01-preview","2022-11-01-preview","2022-10-01","2022-06-01-preview","2022-03-01"],"defaultApiVersion":"2023-05-01","capabilities":"None"},{"resourceType":"locations/managedEnvironmentOperationStatuses","locations":["Central
        US EUAP","East US 2 EUAP","North Central US (Stage)","West US 2","Southeast
        Asia","Sweden Central","Canada Central","West Europe","North Europe","East
        US","East US 2","East Asia","Australia East","Germany West Central","Japan
        East","UK South","West US","Central US","North Central US","South Central
        US","Korea Central","Brazil South","West US 3","France Central","South Africa
        North","Norway East","Switzerland North","UAE North","Canada East","West Central
        US","UK West","Central India","Switzerland West"],"apiVersions":["2023-08-01-preview","2023-05-02-preview","2023-05-01","2023-04-01-preview","2022-11-01-preview","2022-10-01","2022-06-01-preview","2022-03-01"],"defaultApiVersion":"2023-05-01","capabilities":"None"},{"resourceType":"locations/containerappOperationResults","locations":["Central
        US EUAP","East US 2 EUAP","North Central US (Stage)","West US 2","Southeast
        Asia","Sweden Central","Canada Central","West Europe","North Europe","East
        US","East US 2","East Asia","Australia East","Germany West Central","Japan
        East","UK South","West US","Central US","North Central US","South Central
        US","Korea Central","Brazil South","West US 3","France Central","South Africa
        North","Norway East","Switzerland North","UAE North","Canada East","West Central
        US","UK West","Central India","Switzerland West"],"apiVersions":["2023-08-01-preview","2023-05-02-preview","2023-05-01","2023-04-01-preview","2022-11-01-preview","2022-10-01","2022-06-01-preview","2022-03-01"],"defaultApiVersion":"2023-05-01","capabilities":"None"},{"resourceType":"locations/containerappOperationStatuses","locations":["Central
        US EUAP","East US 2 EUAP","North Central US (Stage)","West US 2","Southeast
        Asia","Sweden Central","Canada Central","West Europe","North Europe","East
        US","East US 2","East Asia","Australia East","Germany West Central","Japan
        East","UK South","West US","Central US","North Central US","South Central
        US","Korea Central","Brazil South","West US 3","France Central","South Africa
        North","Norway East","Switzerland North","UAE North","Canada East","West Central
        US","UK West","Central India","Switzerland West"],"apiVersions":["2023-08-01-preview","2023-05-02-preview","2023-05-01","2023-04-01-preview","2022-11-01-preview","2022-10-01","2022-06-01-preview","2022-03-01"],"defaultApiVersion":"2023-05-01","capabilities":"None"},{"resourceType":"locations/containerappsjobOperationResults","locations":["Central
        US EUAP","East US 2 EUAP","North Central US (Stage)","West US 2","Southeast
        Asia","Sweden Central","Canada Central","West Europe","North Europe","East
        US","East US 2","East Asia","Australia East","Germany West Central","Japan
        East","UK South","West US","Central US","North Central US","South Central
        US","Korea Central","Brazil South","West US 3","France Central","South Africa
        North","Norway East","Switzerland North","UAE North","Canada East","West Central
        US","UK West","Central India","Switzerland West"],"apiVersions":["2023-08-01-preview","2023-05-02-preview","2023-05-01","2023-04-01-preview","2022-11-01-preview"],"defaultApiVersion":"2023-05-01","capabilities":"None"},{"resourceType":"locations/containerappsjobOperationStatuses","locations":["Central
        US EUAP","East US 2 EUAP","North Central US (Stage)","West US 2","Southeast
        Asia","Sweden Central","Canada Central","West Europe","North Europe","East
        US","East US 2","East Asia","Australia East","Germany West Central","Japan
        East","UK South","West US","Central US","North Central US","South Central
        US","Korea Central","Brazil South","West US 3","France Central","South Africa
        North","Norway East","Switzerland North","UAE North","Canada East","West Central
        US","UK West","Central India","Switzerland West"],"apiVersions":["2023-08-01-preview","2023-05-02-preview","2023-05-01","2023-04-01-preview","2022-11-01-preview"],"defaultApiVersion":"2023-05-01","capabilities":"None"},{"resourceType":"locations/sourceControlOperationResults","locations":["Central
        US EUAP","East US 2 EUAP","North Central US (Stage)","West US 2","Southeast
        Asia","Sweden Central","Canada Central","West Europe","North Europe","East
        US","East US 2","East Asia","Australia East","Germany West Central","Japan
        East","UK South","West US","Central US","North Central US","South Central
        US","Korea Central","Brazil South","West US 3","France Central","South Africa
        North","Norway East","Switzerland North","UAE North","Canada East","West Central
        US","UK West","Central India","Switzerland West"],"apiVersions":["2023-08-01-preview","2023-05-02-preview","2023-05-01","2023-04-01-preview","2022-11-01-preview","2022-10-01","2022-06-01-preview","2022-03-01"],"defaultApiVersion":"2023-05-01","capabilities":"None"},{"resourceType":"locations/sourceControlOperationStatuses","locations":["Central
        US EUAP","East US 2 EUAP","North Central US (Stage)","West US 2","Southeast
        Asia","Sweden Central","Canada Central","West Europe","North Europe","East
        US","East US 2","East Asia","Australia East","Germany West Central","Japan
        East","UK South","West US","Central US","North Central US","South Central
        US","Korea Central","Brazil South","West US 3","France Central","South Africa
        North","Norway East","Switzerland North","UAE North","Canada East","West Central
        US","UK West","Central India","Switzerland West"],"apiVersions":["2023-08-01-preview","2023-05-02-preview","2023-05-01","2023-04-01-preview","2022-11-01-preview","2022-10-01","2022-06-01-preview","2022-03-01"],"defaultApiVersion":"2023-05-01","capabilities":"None"},{"resourceType":"locations/usages","locations":["Central
        US EUAP","East US 2 EUAP","North Central US (Stage)","West US 2","Southeast
        Asia","Sweden Central","Canada Central","West Europe","North Europe","East
        US","East US 2","East Asia","Australia East","Germany West Central","Japan
        East","UK South","West US","Central US","North Central US","South Central
        US","Korea Central","Brazil South","West US 3","France Central","South Africa
        North","Norway East","Switzerland North","UAE North","Canada East","West Central
        US","UK West","Central India","Switzerland West"],"apiVersions":["2023-08-01-preview","2023-05-02-preview"],"defaultApiVersion":"2023-05-02-preview","capabilities":"None"},{"resourceType":"connectedEnvironments","locations":["Central
        US EUAP","East US 2 EUAP","North Central US (Stage)","North Central US","East
        US","East Asia","West Europe","Southeast Asia"],"apiVersions":["2023-08-01-preview","2023-05-02-preview","2023-05-01","2023-04-01-preview","2022-11-01-preview","2022-10-01","2022-06-01-preview"],"defaultApiVersion":"2023-05-01","capabilities":"CrossResourceGroupResourceMove,
        CrossSubscriptionResourceMove, SupportsTags, SupportsLocation"},{"resourceType":"connectedEnvironments/certificates","locations":["Central
        US EUAP","East US 2 EUAP","North Central US (Stage)","North Central US","East
        US","East Asia","West Europe","Southeast Asia"],"apiVersions":["2023-08-01-preview","2023-05-02-preview","2023-05-01","2023-04-01-preview","2022-11-01-preview","2022-10-01","2022-06-01-preview"],"defaultApiVersion":"2023-05-01","capabilities":"CrossResourceGroupResourceMove,
        CrossSubscriptionResourceMove, SupportsTags, SupportsLocation"},{"resourceType":"locations/connectedEnvironmentOperationResults","locations":["Central
        US EUAP","East US 2 EUAP","North Central US (Stage)","North Central US","East
        US","East Asia","West Europe","Southeast Asia"],"apiVersions":["2023-08-01-preview","2023-05-02-preview","2023-05-01","2023-04-01-preview","2022-11-01-preview","2022-10-01","2022-06-01-preview"],"defaultApiVersion":"2023-05-01","capabilities":"None"},{"resourceType":"locations/connectedEnvironmentOperationStatuses","locations":["Central
        US EUAP","East US 2 EUAP","North Central US (Stage)","North Central US","East
        US","East Asia","West Europe","Southeast Asia"],"apiVersions":["2023-08-01-preview","2023-05-02-preview","2023-05-01","2023-04-01-preview","2022-11-01-preview","2022-10-01","2022-06-01-preview"],"defaultApiVersion":"2023-05-01","capabilities":"None"},{"resourceType":"locations/managedCertificateOperationStatuses","locations":["Central
        US EUAP","East US 2 EUAP","North Central US (Stage)","West US 2","Southeast
        Asia","Sweden Central","Canada Central","West Europe","North Europe","East
        US","East US 2","East Asia","Australia East","Germany West Central","Japan
        East","UK South","West US","Central US","North Central US","South Central
        US","Korea Central","Brazil South","West US 3","France Central","South Africa
        North","Norway East","Switzerland North","UAE North","Canada East","West Central
        US","UK West","Central India","Switzerland West"],"apiVersions":["2023-08-01-preview","2023-05-02-preview","2023-05-01","2023-04-01-preview","2022-11-01-preview"],"defaultApiVersion":"2023-05-01","capabilities":"None"},{"resourceType":"locations/billingMeters","locations":["Central
        US EUAP","East US 2 EUAP","North Central US (Stage)","West US 2","Southeast
        Asia","Sweden Central","Canada Central","West Europe","North Europe","East
        US","East US 2","East Asia","Australia East","Germany West Central","Japan
        East","UK South","West US","Central US","North Central US","South Central
        US","Korea Central","Brazil South","West US 3","France Central","South Africa
        North","Norway East","Switzerland North","UAE North","Canada East","West Central
        US","UK West","Central India","Switzerland West"],"apiVersions":["2023-08-01-preview","2023-05-02-preview","2023-05-01","2023-04-01-preview","2022-11-01-preview","2022-10-01","2022-06-01-preview"],"defaultApiVersion":"2023-05-01","capabilities":"None"},{"resourceType":"locations/availableManagedEnvironmentsWorkloadProfileTypes","locations":["Central
        US EUAP","East US 2 EUAP","North Central US (Stage)","West US 2","Southeast
        Asia","Sweden Central","Canada Central","West Europe","North Europe","East
        US","East US 2","East Asia","Australia East","Germany West Central","Japan
        East","UK South","West US","Central US","North Central US","South Central
        US","Korea Central","Brazil South","West US 3","France Central","South Africa
        North","Norway East","Switzerland North","UAE North","Canada East","West Central
        US","UK West","Central India","Switzerland West"],"apiVersions":["2023-08-01-preview","2023-05-02-preview","2023-05-01","2023-04-01-preview","2022-11-01-preview","2022-10-01","2022-06-01-preview"],"defaultApiVersion":"2023-05-01","capabilities":"None"},{"resourceType":"getCustomDomainVerificationId","locations":["Central
        US EUAP","East US 2 EUAP","North Central US (Stage)","West US 2","Southeast
        Asia","Sweden Central","Canada Central","West Europe","North Europe","East
        US","East US 2","East Asia","Australia East","Germany West Central","Japan
        East","UK South","West US","Central US","North Central US","South Central
        US","Korea Central","Brazil South","West US 3","France Central","South Africa
        North","Norway East","Switzerland North","UAE North","Canada East","West Central
        US","UK West","Central India","Switzerland West"],"apiVersions":["2023-08-01-preview","2023-05-02-preview"],"defaultApiVersion":"2023-05-02-preview","capabilities":"None"},{"resourceType":"builders","locations":["North
        Central US (Stage)","Central US EUAP","East US 2 EUAP","West US 2","Southeast
        Asia","Sweden Central","Canada Central","West Europe","North Europe","East
        US","East US 2","East Asia","Australia East","Germany West Central","Japan
        East","UK South","West US","Central US","North Central US","South Central
        US","Korea Central","Brazil South","West US 3","France Central","South Africa
        North","Norway East","Switzerland North","UAE North","Canada East","West Central
        US","UK West","Central India","Switzerland West"],"apiVersions":["2023-08-01-preview"],"defaultApiVersion":"2023-08-01-preview","capabilities":"CrossResourceGroupResourceMove,
        CrossSubscriptionResourceMove, SystemAssignedResourceIdentity, SupportsTags,
        SupportsLocation"},{"resourceType":"builders/builds","locations":["North Central
        US (Stage)","Central US EUAP","East US 2 EUAP","West US 2","Southeast Asia","Sweden
        Central","Canada Central","West Europe","North Europe","East US","East US
        2","East Asia","Australia East","Germany West Central","Japan East","UK South","West
        US","Central US","North Central US","South Central US","Korea Central","Brazil
        South","West US 3","France Central","South Africa North","Norway East","Switzerland
        North","UAE North","Canada East","West Central US","UK West","Central India","Switzerland
        West"],"apiVersions":["2023-08-01-preview"],"defaultApiVersion":"2023-08-01-preview","capabilities":"None"},{"resourceType":"builders/patches","locations":["North
        Central US (Stage)","Central US EUAP","East US 2 EUAP","West US 2","Southeast
        Asia","Sweden Central","Canada Central","West Europe","North Europe","East
        US","East US 2","East Asia","Australia East","Germany West Central","Japan
        East","UK South","West US","Central US","North Central US","South Central
        US","Korea Central","Brazil South","West US 3","France Central","South Africa
        North","Norway East","Switzerland North","UAE North","Canada East","West Central
        US","UK West","Central India","Switzerland West"],"apiVersions":["2023-08-01-preview"],"defaultApiVersion":"2023-08-01-preview","capabilities":"None"},{"resourceType":"locations/OperationResults","locations":["North
        Central US (Stage)","Central US EUAP","East US 2 EUAP","West US 2","Southeast
        Asia","Sweden Central","Canada Central","West Europe","North Europe","East
        US","East US 2","East Asia","Australia East","Germany West Central","Japan
        East","UK South","West US","Central US","North Central US","South Central
        US","Korea Central","Brazil South","West US 3","France Central","South Africa
        North","Norway East","Switzerland North","UAE North","Canada East","West Central
        US","UK West","Central India","Switzerland West"],"apiVersions":["2023-08-01-preview"],"defaultApiVersion":"2023-08-01-preview","capabilities":"None"},{"resourceType":"locations/OperationStatuses","locations":["North
        Central US (Stage)","Central US EUAP","East US 2 EUAP","West US 2","Southeast
        Asia","Sweden Central","Canada Central","West Europe","North Europe","East
        US","East US 2","East Asia","Australia East","Germany West Central","Japan
        East","UK South","West US","Central US","North Central US","South Central
        US","Korea Central","Brazil South","West US 3","France Central","South Africa
        North","Norway East","Switzerland North","UAE North","Canada East","West Central
        US","UK West","Central India","Switzerland West"],"apiVersions":["2023-08-01-preview"],"defaultApiVersion":"2023-08-01-preview","capabilities":"None"}],"registrationState":"Registered","registrationPolicy":"RegistrationRequired"}'
    headers:
      cache-control:
      - no-cache
      content-length:
      - '21376'
      content-type:
      - application/json; charset=utf-8
      date:
      - Wed, 25 Oct 2023 05:30:47 GMT
      expires:
      - '-1'
      pragma:
      - no-cache
      strict-transport-security:
      - max-age=31536000; includeSubDomains
      vary:
      - Accept-Encoding
      x-content-type-options:
      - nosniff
    status:
      code: 200
      message: OK
- request:
    body: null
    headers:
      Accept:
      - '*/*'
      Accept-Encoding:
      - gzip, deflate
      CommandName:
      - containerapp job create
      Connection:
      - keep-alive
      ParameterSetName:
      - -g -n --image --environment --registry-server --replica-timeout --replica-retry-limit
        --trigger-type --parallelism --replica-completion-count --cron-expression
      User-Agent:
      - python/3.10.11 (Windows-10-10.0.22621-SP0) AZURECLI/2.53.0
    method: GET
    uri: https://management.azure.com/subscriptions/00000000-0000-0000-0000-000000000000/resourceGroups/client.env_rg_eastus/providers/Microsoft.App/managedEnvironments/env-eastus?api-version=2023-05-01
  response:
    body:
      string: '{"id":"/subscriptions/00000000-0000-0000-0000-000000000000/resourceGroups/client.env_rg_eastus/providers/Microsoft.App/managedEnvironments/env-eastus","name":"env-eastus","type":"Microsoft.App/managedEnvironments","location":"East
        US","systemData":{"createdBy":"xinyupang@microsoft.com","createdByType":"User","createdAt":"2023-10-23T04:59:04.4655929","lastModifiedBy":"xinyupang@microsoft.com","lastModifiedByType":"User","lastModifiedAt":"2023-10-23T04:59:04.4655929"},"properties":{"provisioningState":"Succeeded","daprAIInstrumentationKey":null,"daprAIConnectionString":null,"vnetConfiguration":null,"defaultDomain":"whitebeach-63bf60a5.eastus.azurecontainerapps.io","staticIp":"52.224.202.83","appLogsConfiguration":{"destination":null,"logAnalyticsConfiguration":null},"zoneRedundant":false,"kedaConfiguration":{"version":"2.10.0"},"daprConfiguration":{"version":"1.11.2"},"eventStreamEndpoint":"https://eastus.azurecontainerapps.dev/subscriptions/00000000-0000-0000-0000-000000000000/resourceGroups/client.env_rg_eastus/managedEnvironments/env-eastus/eventstream","customDomainConfiguration":{"customDomainVerificationId":"D3F71C85EB6552E36A89A3E4A080C3CFB00181670B659B0003264FC673AA9B00","dnsSuffix":null,"certificateValue":null,"certificatePassword":null,"thumbprint":null,"subjectName":null,"expirationDate":null},"workloadProfiles":[{"workloadProfileType":"Consumption","name":"Consumption"}],"firstPartyConfiguration":null,"infrastructureResourceGroup":null,"peerAuthentication":{"mtls":{"enabled":false}}}}'
    headers:
      api-supported-versions:
      - 2022-01-01-preview, 2022-03-01, 2022-06-01-preview, 2022-10-01, 2022-11-01-preview,
        2023-04-01-preview, 2023-05-01, 2023-05-02-preview, 2023-08-01-preview
      cache-control:
      - no-cache
      content-length:
      - '1519'
      content-type:
      - application/json; charset=utf-8
      date:
      - Wed, 25 Oct 2023 05:30:48 GMT
      expires:
      - '-1'
      pragma:
      - no-cache
      server:
      - Microsoft-IIS/10.0
      strict-transport-security:
      - max-age=31536000; includeSubDomains
      transfer-encoding:
      - chunked
      vary:
      - Accept-Encoding,Accept-Encoding
      x-content-type-options:
      - nosniff
      x-powered-by:
      - ASP.NET
    status:
      code: 200
      message: OK
- request:
    body: null
    headers:
      Accept:
      - application/json
      Accept-Encoding:
      - gzip, deflate
      CommandName:
      - containerapp job create
      Connection:
      - keep-alive
      ParameterSetName:
      - -g -n --image --environment --registry-server --replica-timeout --replica-retry-limit
        --trigger-type --parallelism --replica-completion-count --cron-expression
      User-Agent:
      - AZURECLI/2.53.0 azsdk-python-azure-mgmt-resource/23.1.0b2 Python/3.10.11 (Windows-10-10.0.22621-SP0)
    method: GET
    uri: https://management.azure.com/subscriptions/00000000-0000-0000-0000-000000000000/providers/Microsoft.App?api-version=2022-09-01
  response:
    body:
      string: '{"id":"/subscriptions/00000000-0000-0000-0000-000000000000/providers/Microsoft.App","namespace":"Microsoft.App","authorizations":[{"applicationId":"7e3bc4fd-85a3-4192-b177-5b8bfc87f42c","roleDefinitionId":"39a74f72-b40f-4bdc-b639-562fe2260bf0"},{"applicationId":"3734c1a4-2bed-4998-a37a-ff1a9e7bf019","roleDefinitionId":"5c779a4f-5cb2-4547-8c41-478d9be8ba90"},{"applicationId":"55ebbb62-3b9c-49fd-9b87-9595226dd4ac","roleDefinitionId":"e49ca620-7992-4561-a7df-4ed67dad77b5","managedByRoleDefinitionId":"9e3af657-a8ff-583c-a75c-2fe7c4bcb635"}],"resourceTypes":[{"resourceType":"operations","locations":["North
        Central US (Stage)","Central US EUAP","East US 2 EUAP","West US 2","Southeast
        Asia","Sweden Central","Canada Central","West Europe","North Europe","East
        US","East US 2","East Asia","Australia East","Germany West Central","Japan
        East","UK South","West US","Central US","North Central US","South Central
        US","Korea Central","Brazil South","West US 3","France Central","South Africa
        North","Norway East","Switzerland North","UAE North","Canada East","West Central
        US","UK West","Central India"],"apiVersions":["2023-05-02-preview","2023-05-01","2023-04-01-preview","2023-02-01","2022-11-01-preview","2022-10-01","2022-06-01-preview","2022-03-01"],"defaultApiVersion":"2023-05-01","capabilities":"None"},{"resourceType":"managedEnvironments","locations":["Central
        US EUAP","East US 2 EUAP","North Central US (Stage)","West US 2","Southeast
        Asia","Sweden Central","Canada Central","West Europe","North Europe","East
        US","East US 2","East Asia","Australia East","Germany West Central","Japan
        East","UK South","West US","Central US","North Central US","South Central
        US","Korea Central","Brazil South","West US 3","France Central","South Africa
        North","Norway East","Switzerland North","UAE North","Canada East","West Central
        US","UK West","Central India","Switzerland West"],"apiVersions":["2023-08-01-preview","2023-05-02-preview","2023-05-01","2023-04-01-preview","2022-11-01-preview","2022-10-01","2022-06-01-preview","2022-03-01"],"defaultApiVersion":"2023-05-01","capabilities":"CrossResourceGroupResourceMove,
        CrossSubscriptionResourceMove, SupportsTags, SupportsLocation"},{"resourceType":"managedEnvironments/certificates","locations":["Central
        US EUAP","East US 2 EUAP","North Central US (Stage)","West US 2","Southeast
        Asia","Sweden Central","Canada Central","West Europe","North Europe","East
        US","East US 2","East Asia","Australia East","Germany West Central","Japan
        East","UK South","West US","Central US","North Central US","South Central
        US","Korea Central","Brazil South","West US 3","France Central","South Africa
        North","Norway East","Switzerland North","UAE North","Canada East","West Central
        US","UK West","Central India","Switzerland West"],"apiVersions":["2023-08-01-preview","2023-05-02-preview","2023-05-01","2023-04-01-preview","2022-11-01-preview","2022-10-01","2022-06-01-preview","2022-03-01"],"defaultApiVersion":"2023-05-01","capabilities":"CrossResourceGroupResourceMove,
        CrossSubscriptionResourceMove, SupportsTags, SupportsLocation"},{"resourceType":"managedEnvironments/managedCertificates","locations":["Central
        US EUAP","East US 2 EUAP","North Central US (Stage)","West US 2","Southeast
        Asia","Sweden Central","Canada Central","West Europe","North Europe","East
        US","East US 2","East Asia","Australia East","Germany West Central","Japan
        East","UK South","West US","Central US","North Central US","South Central
        US","Korea Central","Brazil South","West US 3","France Central","South Africa
        North","Norway East","Switzerland North","UAE North","Canada East","West Central
        US","UK West","Central India","Switzerland West"],"apiVersions":["2023-08-01-preview","2023-05-02-preview","2023-05-01","2023-04-01-preview","2022-11-01-preview"],"defaultApiVersion":"2023-05-01","capabilities":"CrossResourceGroupResourceMove,
        CrossSubscriptionResourceMove, SupportsTags, SupportsLocation"},{"resourceType":"containerApps","locations":["Central
        US EUAP","East US 2 EUAP","North Central US (Stage)","West US 2","Southeast
        Asia","Sweden Central","Canada Central","West Europe","North Europe","East
        US","East US 2","East Asia","Australia East","Germany West Central","Japan
        East","UK South","West US","Central US","North Central US","South Central
        US","Korea Central","Brazil South","West US 3","France Central","South Africa
        North","Norway East","Switzerland North","UAE North","Canada East","West Central
        US","UK West","Central India","Switzerland West"],"apiVersions":["2023-08-01-preview","2023-05-02-preview","2023-05-01","2023-04-01-preview","2022-11-01-preview","2022-10-01","2022-06-01-preview","2022-03-01"],"defaultApiVersion":"2023-05-01","capabilities":"CrossResourceGroupResourceMove,
        CrossSubscriptionResourceMove, SystemAssignedResourceIdentity, SupportsTags,
        SupportsLocation"},{"resourceType":"jobs","locations":["Central US EUAP","East
        US 2 EUAP","North Central US (Stage)","West US 2","Southeast Asia","Sweden
        Central","Canada Central","West Europe","North Europe","East US","East US
        2","East Asia","Australia East","Germany West Central","Japan East","UK South","West
        US","Central US","North Central US","South Central US","Korea Central","Brazil
        South","West US 3","France Central","South Africa North","Norway East","Switzerland
        North","UAE North","Canada East","West Central US","UK West","Central India","Switzerland
        West"],"apiVersions":["2023-08-01-preview","2023-05-02-preview","2023-05-01","2023-04-01-preview","2022-11-01-preview"],"defaultApiVersion":"2023-05-01","capabilities":"CrossResourceGroupResourceMove,
        CrossSubscriptionResourceMove, SystemAssignedResourceIdentity, SupportsTags,
        SupportsLocation"},{"resourceType":"locations","locations":[],"apiVersions":["2023-08-01-preview","2023-05-02-preview","2023-05-01","2023-04-01-preview","2022-11-01-preview","2022-10-01","2022-06-01-preview","2022-03-01"],"defaultApiVersion":"2023-05-01","capabilities":"None"},{"resourceType":"locations/managedEnvironmentOperationResults","locations":["Central
        US EUAP","East US 2 EUAP","North Central US (Stage)","West US 2","Southeast
        Asia","Sweden Central","Canada Central","West Europe","North Europe","East
        US","East US 2","East Asia","Australia East","Germany West Central","Japan
        East","UK South","West US","Central US","North Central US","South Central
        US","Korea Central","Brazil South","West US 3","France Central","South Africa
        North","Norway East","Switzerland North","UAE North","Canada East","West Central
        US","UK West","Central India","Switzerland West"],"apiVersions":["2023-08-01-preview","2023-05-02-preview","2023-05-01","2023-04-01-preview","2022-11-01-preview","2022-10-01","2022-06-01-preview","2022-03-01"],"defaultApiVersion":"2023-05-01","capabilities":"None"},{"resourceType":"locations/managedEnvironmentOperationStatuses","locations":["Central
        US EUAP","East US 2 EUAP","North Central US (Stage)","West US 2","Southeast
        Asia","Sweden Central","Canada Central","West Europe","North Europe","East
        US","East US 2","East Asia","Australia East","Germany West Central","Japan
        East","UK South","West US","Central US","North Central US","South Central
        US","Korea Central","Brazil South","West US 3","France Central","South Africa
        North","Norway East","Switzerland North","UAE North","Canada East","West Central
        US","UK West","Central India","Switzerland West"],"apiVersions":["2023-08-01-preview","2023-05-02-preview","2023-05-01","2023-04-01-preview","2022-11-01-preview","2022-10-01","2022-06-01-preview","2022-03-01"],"defaultApiVersion":"2023-05-01","capabilities":"None"},{"resourceType":"locations/containerappOperationResults","locations":["Central
        US EUAP","East US 2 EUAP","North Central US (Stage)","West US 2","Southeast
        Asia","Sweden Central","Canada Central","West Europe","North Europe","East
        US","East US 2","East Asia","Australia East","Germany West Central","Japan
        East","UK South","West US","Central US","North Central US","South Central
        US","Korea Central","Brazil South","West US 3","France Central","South Africa
        North","Norway East","Switzerland North","UAE North","Canada East","West Central
        US","UK West","Central India","Switzerland West"],"apiVersions":["2023-08-01-preview","2023-05-02-preview","2023-05-01","2023-04-01-preview","2022-11-01-preview","2022-10-01","2022-06-01-preview","2022-03-01"],"defaultApiVersion":"2023-05-01","capabilities":"None"},{"resourceType":"locations/containerappOperationStatuses","locations":["Central
        US EUAP","East US 2 EUAP","North Central US (Stage)","West US 2","Southeast
        Asia","Sweden Central","Canada Central","West Europe","North Europe","East
        US","East US 2","East Asia","Australia East","Germany West Central","Japan
        East","UK South","West US","Central US","North Central US","South Central
        US","Korea Central","Brazil South","West US 3","France Central","South Africa
        North","Norway East","Switzerland North","UAE North","Canada East","West Central
        US","UK West","Central India","Switzerland West"],"apiVersions":["2023-08-01-preview","2023-05-02-preview","2023-05-01","2023-04-01-preview","2022-11-01-preview","2022-10-01","2022-06-01-preview","2022-03-01"],"defaultApiVersion":"2023-05-01","capabilities":"None"},{"resourceType":"locations/containerappsjobOperationResults","locations":["Central
        US EUAP","East US 2 EUAP","North Central US (Stage)","West US 2","Southeast
        Asia","Sweden Central","Canada Central","West Europe","North Europe","East
        US","East US 2","East Asia","Australia East","Germany West Central","Japan
        East","UK South","West US","Central US","North Central US","South Central
        US","Korea Central","Brazil South","West US 3","France Central","South Africa
        North","Norway East","Switzerland North","UAE North","Canada East","West Central
        US","UK West","Central India","Switzerland West"],"apiVersions":["2023-08-01-preview","2023-05-02-preview","2023-05-01","2023-04-01-preview","2022-11-01-preview"],"defaultApiVersion":"2023-05-01","capabilities":"None"},{"resourceType":"locations/containerappsjobOperationStatuses","locations":["Central
        US EUAP","East US 2 EUAP","North Central US (Stage)","West US 2","Southeast
        Asia","Sweden Central","Canada Central","West Europe","North Europe","East
        US","East US 2","East Asia","Australia East","Germany West Central","Japan
        East","UK South","West US","Central US","North Central US","South Central
        US","Korea Central","Brazil South","West US 3","France Central","South Africa
        North","Norway East","Switzerland North","UAE North","Canada East","West Central
        US","UK West","Central India","Switzerland West"],"apiVersions":["2023-08-01-preview","2023-05-02-preview","2023-05-01","2023-04-01-preview","2022-11-01-preview"],"defaultApiVersion":"2023-05-01","capabilities":"None"},{"resourceType":"locations/sourceControlOperationResults","locations":["Central
        US EUAP","East US 2 EUAP","North Central US (Stage)","West US 2","Southeast
        Asia","Sweden Central","Canada Central","West Europe","North Europe","East
        US","East US 2","East Asia","Australia East","Germany West Central","Japan
        East","UK South","West US","Central US","North Central US","South Central
        US","Korea Central","Brazil South","West US 3","France Central","South Africa
        North","Norway East","Switzerland North","UAE North","Canada East","West Central
        US","UK West","Central India","Switzerland West"],"apiVersions":["2023-08-01-preview","2023-05-02-preview","2023-05-01","2023-04-01-preview","2022-11-01-preview","2022-10-01","2022-06-01-preview","2022-03-01"],"defaultApiVersion":"2023-05-01","capabilities":"None"},{"resourceType":"locations/sourceControlOperationStatuses","locations":["Central
        US EUAP","East US 2 EUAP","North Central US (Stage)","West US 2","Southeast
        Asia","Sweden Central","Canada Central","West Europe","North Europe","East
        US","East US 2","East Asia","Australia East","Germany West Central","Japan
        East","UK South","West US","Central US","North Central US","South Central
        US","Korea Central","Brazil South","West US 3","France Central","South Africa
        North","Norway East","Switzerland North","UAE North","Canada East","West Central
        US","UK West","Central India","Switzerland West"],"apiVersions":["2023-08-01-preview","2023-05-02-preview","2023-05-01","2023-04-01-preview","2022-11-01-preview","2022-10-01","2022-06-01-preview","2022-03-01"],"defaultApiVersion":"2023-05-01","capabilities":"None"},{"resourceType":"locations/usages","locations":["Central
        US EUAP","East US 2 EUAP","North Central US (Stage)","West US 2","Southeast
        Asia","Sweden Central","Canada Central","West Europe","North Europe","East
        US","East US 2","East Asia","Australia East","Germany West Central","Japan
        East","UK South","West US","Central US","North Central US","South Central
        US","Korea Central","Brazil South","West US 3","France Central","South Africa
        North","Norway East","Switzerland North","UAE North","Canada East","West Central
        US","UK West","Central India","Switzerland West"],"apiVersions":["2023-08-01-preview","2023-05-02-preview"],"defaultApiVersion":"2023-05-02-preview","capabilities":"None"},{"resourceType":"connectedEnvironments","locations":["Central
        US EUAP","East US 2 EUAP","North Central US (Stage)","North Central US","East
        US","East Asia","West Europe","Southeast Asia"],"apiVersions":["2023-08-01-preview","2023-05-02-preview","2023-05-01","2023-04-01-preview","2022-11-01-preview","2022-10-01","2022-06-01-preview"],"defaultApiVersion":"2023-05-01","capabilities":"CrossResourceGroupResourceMove,
        CrossSubscriptionResourceMove, SupportsTags, SupportsLocation"},{"resourceType":"connectedEnvironments/certificates","locations":["Central
        US EUAP","East US 2 EUAP","North Central US (Stage)","North Central US","East
        US","East Asia","West Europe","Southeast Asia"],"apiVersions":["2023-08-01-preview","2023-05-02-preview","2023-05-01","2023-04-01-preview","2022-11-01-preview","2022-10-01","2022-06-01-preview"],"defaultApiVersion":"2023-05-01","capabilities":"CrossResourceGroupResourceMove,
        CrossSubscriptionResourceMove, SupportsTags, SupportsLocation"},{"resourceType":"locations/connectedEnvironmentOperationResults","locations":["Central
        US EUAP","East US 2 EUAP","North Central US (Stage)","North Central US","East
        US","East Asia","West Europe","Southeast Asia"],"apiVersions":["2023-08-01-preview","2023-05-02-preview","2023-05-01","2023-04-01-preview","2022-11-01-preview","2022-10-01","2022-06-01-preview"],"defaultApiVersion":"2023-05-01","capabilities":"None"},{"resourceType":"locations/connectedEnvironmentOperationStatuses","locations":["Central
        US EUAP","East US 2 EUAP","North Central US (Stage)","North Central US","East
        US","East Asia","West Europe","Southeast Asia"],"apiVersions":["2023-08-01-preview","2023-05-02-preview","2023-05-01","2023-04-01-preview","2022-11-01-preview","2022-10-01","2022-06-01-preview"],"defaultApiVersion":"2023-05-01","capabilities":"None"},{"resourceType":"locations/managedCertificateOperationStatuses","locations":["Central
        US EUAP","East US 2 EUAP","North Central US (Stage)","West US 2","Southeast
        Asia","Sweden Central","Canada Central","West Europe","North Europe","East
        US","East US 2","East Asia","Australia East","Germany West Central","Japan
        East","UK South","West US","Central US","North Central US","South Central
        US","Korea Central","Brazil South","West US 3","France Central","South Africa
        North","Norway East","Switzerland North","UAE North","Canada East","West Central
        US","UK West","Central India","Switzerland West"],"apiVersions":["2023-08-01-preview","2023-05-02-preview","2023-05-01","2023-04-01-preview","2022-11-01-preview"],"defaultApiVersion":"2023-05-01","capabilities":"None"},{"resourceType":"locations/billingMeters","locations":["Central
        US EUAP","East US 2 EUAP","North Central US (Stage)","West US 2","Southeast
        Asia","Sweden Central","Canada Central","West Europe","North Europe","East
        US","East US 2","East Asia","Australia East","Germany West Central","Japan
        East","UK South","West US","Central US","North Central US","South Central
        US","Korea Central","Brazil South","West US 3","France Central","South Africa
        North","Norway East","Switzerland North","UAE North","Canada East","West Central
        US","UK West","Central India","Switzerland West"],"apiVersions":["2023-08-01-preview","2023-05-02-preview","2023-05-01","2023-04-01-preview","2022-11-01-preview","2022-10-01","2022-06-01-preview"],"defaultApiVersion":"2023-05-01","capabilities":"None"},{"resourceType":"locations/availableManagedEnvironmentsWorkloadProfileTypes","locations":["Central
        US EUAP","East US 2 EUAP","North Central US (Stage)","West US 2","Southeast
        Asia","Sweden Central","Canada Central","West Europe","North Europe","East
        US","East US 2","East Asia","Australia East","Germany West Central","Japan
        East","UK South","West US","Central US","North Central US","South Central
        US","Korea Central","Brazil South","West US 3","France Central","South Africa
        North","Norway East","Switzerland North","UAE North","Canada East","West Central
        US","UK West","Central India","Switzerland West"],"apiVersions":["2023-08-01-preview","2023-05-02-preview","2023-05-01","2023-04-01-preview","2022-11-01-preview","2022-10-01","2022-06-01-preview"],"defaultApiVersion":"2023-05-01","capabilities":"None"},{"resourceType":"getCustomDomainVerificationId","locations":["Central
        US EUAP","East US 2 EUAP","North Central US (Stage)","West US 2","Southeast
        Asia","Sweden Central","Canada Central","West Europe","North Europe","East
        US","East US 2","East Asia","Australia East","Germany West Central","Japan
        East","UK South","West US","Central US","North Central US","South Central
        US","Korea Central","Brazil South","West US 3","France Central","South Africa
        North","Norway East","Switzerland North","UAE North","Canada East","West Central
        US","UK West","Central India","Switzerland West"],"apiVersions":["2023-08-01-preview","2023-05-02-preview"],"defaultApiVersion":"2023-05-02-preview","capabilities":"None"},{"resourceType":"builders","locations":["North
        Central US (Stage)","Central US EUAP","East US 2 EUAP","West US 2","Southeast
        Asia","Sweden Central","Canada Central","West Europe","North Europe","East
        US","East US 2","East Asia","Australia East","Germany West Central","Japan
        East","UK South","West US","Central US","North Central US","South Central
        US","Korea Central","Brazil South","West US 3","France Central","South Africa
        North","Norway East","Switzerland North","UAE North","Canada East","West Central
        US","UK West","Central India","Switzerland West"],"apiVersions":["2023-08-01-preview"],"defaultApiVersion":"2023-08-01-preview","capabilities":"CrossResourceGroupResourceMove,
        CrossSubscriptionResourceMove, SystemAssignedResourceIdentity, SupportsTags,
        SupportsLocation"},{"resourceType":"builders/builds","locations":["North Central
        US (Stage)","Central US EUAP","East US 2 EUAP","West US 2","Southeast Asia","Sweden
        Central","Canada Central","West Europe","North Europe","East US","East US
        2","East Asia","Australia East","Germany West Central","Japan East","UK South","West
        US","Central US","North Central US","South Central US","Korea Central","Brazil
        South","West US 3","France Central","South Africa North","Norway East","Switzerland
        North","UAE North","Canada East","West Central US","UK West","Central India","Switzerland
        West"],"apiVersions":["2023-08-01-preview"],"defaultApiVersion":"2023-08-01-preview","capabilities":"None"},{"resourceType":"builders/patches","locations":["North
        Central US (Stage)","Central US EUAP","East US 2 EUAP","West US 2","Southeast
        Asia","Sweden Central","Canada Central","West Europe","North Europe","East
        US","East US 2","East Asia","Australia East","Germany West Central","Japan
        East","UK South","West US","Central US","North Central US","South Central
        US","Korea Central","Brazil South","West US 3","France Central","South Africa
        North","Norway East","Switzerland North","UAE North","Canada East","West Central
        US","UK West","Central India","Switzerland West"],"apiVersions":["2023-08-01-preview"],"defaultApiVersion":"2023-08-01-preview","capabilities":"None"},{"resourceType":"locations/OperationResults","locations":["North
        Central US (Stage)","Central US EUAP","East US 2 EUAP","West US 2","Southeast
        Asia","Sweden Central","Canada Central","West Europe","North Europe","East
        US","East US 2","East Asia","Australia East","Germany West Central","Japan
        East","UK South","West US","Central US","North Central US","South Central
        US","Korea Central","Brazil South","West US 3","France Central","South Africa
        North","Norway East","Switzerland North","UAE North","Canada East","West Central
        US","UK West","Central India","Switzerland West"],"apiVersions":["2023-08-01-preview"],"defaultApiVersion":"2023-08-01-preview","capabilities":"None"},{"resourceType":"locations/OperationStatuses","locations":["North
        Central US (Stage)","Central US EUAP","East US 2 EUAP","West US 2","Southeast
        Asia","Sweden Central","Canada Central","West Europe","North Europe","East
        US","East US 2","East Asia","Australia East","Germany West Central","Japan
        East","UK South","West US","Central US","North Central US","South Central
        US","Korea Central","Brazil South","West US 3","France Central","South Africa
        North","Norway East","Switzerland North","UAE North","Canada East","West Central
        US","UK West","Central India","Switzerland West"],"apiVersions":["2023-08-01-preview"],"defaultApiVersion":"2023-08-01-preview","capabilities":"None"}],"registrationState":"Registered","registrationPolicy":"RegistrationRequired"}'
    headers:
      cache-control:
      - no-cache
      content-length:
      - '21376'
      content-type:
      - application/json; charset=utf-8
      date:
      - Wed, 25 Oct 2023 05:30:49 GMT
      expires:
      - '-1'
      pragma:
      - no-cache
      strict-transport-security:
      - max-age=31536000; includeSubDomains
      vary:
      - Accept-Encoding
      x-content-type-options:
      - nosniff
    status:
      code: 200
      message: OK
- request:
    body: null
    headers:
      Accept:
      - application/json
      Accept-Encoding:
      - gzip, deflate
      CommandName:
      - containerapp job create
      Connection:
      - keep-alive
      ParameterSetName:
      - -g -n --image --environment --registry-server --replica-timeout --replica-retry-limit
        --trigger-type --parallelism --replica-completion-count --cron-expression
      User-Agent:
      - AZURECLI/2.53.0 azsdk-python-azure-mgmt-resource/23.1.0b2 Python/3.10.11 (Windows-10-10.0.22621-SP0)
    method: GET
    uri: https://management.azure.com/subscriptions/00000000-0000-0000-0000-000000000000/resources?$filter=resourceType%20eq%20%27Microsoft.ContainerRegistry%2Fregistries%27&api-version=2022-09-01
  response:
    body:
      string: '{"value":[{"id":"/subscriptions/00000000-0000-0000-0000-000000000000/resourceGroups/arc-appint-forxinyu12-rg0/providers/Microsoft.ContainerRegistry/registries/caedd971c2c1acr","name":"caedd971c2c1acr","type":"Microsoft.ContainerRegistry/registries","sku":{"name":"Basic","tier":"Basic"},"location":"eastus","tags":{},"systemData":{"createdBy":"xinyupang@microsoft.com","createdByType":"User","createdAt":"2023-03-15T03:51:22.0481882Z","lastModifiedBy":"xinyupang@microsoft.com","lastModifiedByType":"User","lastModifiedAt":"2023-04-06T13:17:51.6966031Z"}},{"id":"/subscriptions/00000000-0000-0000-0000-000000000000/resourceGroups/arc-appint-forxinyu12-rg0/providers/Microsoft.ContainerRegistry/registries/acrmoohaiyfsvdkpicitrxpu","name":"acrmoohaiyfsvdkpicitrxpu","type":"Microsoft.ContainerRegistry/registries","sku":{"name":"Basic","tier":"Basic"},"location":"eastus","tags":{},"systemData":{"createdBy":"xinyupang@microsoft.com","createdByType":"User","createdAt":"2023-06-27T07:23:30.1776295Z","lastModifiedBy":"xinyupang@microsoft.com","lastModifiedByType":"User","lastModifiedAt":"2023-06-27T07:23:30.1776295Z"}},{"id":"/subscriptions/00000000-0000-0000-0000-000000000000/resourceGroups/arc-appint-forxinyu12-rg0/providers/Microsoft.ContainerRegistry/registries/acrhj7rv7uvzjqksl3gdlygu","name":"acrhj7rv7uvzjqksl3gdlygu","type":"Microsoft.ContainerRegistry/registries","sku":{"name":"Basic","tier":"Basic"},"location":"eastus","tags":{},"systemData":{"createdBy":"xinyupang@microsoft.com","createdByType":"User","createdAt":"2023-06-27T07:23:44.2115931Z","lastModifiedBy":"xinyupang@microsoft.com","lastModifiedByType":"User","lastModifiedAt":"2023-06-27T07:23:44.2115931Z"}},{"id":"/subscriptions/00000000-0000-0000-0000-000000000000/resourceGroups/arc-appint-forxinyu12-rg0/providers/Microsoft.ContainerRegistry/registries/acrby3hh64qyjc7igyjo5jr6","name":"acrby3hh64qyjc7igyjo5jr6","type":"Microsoft.ContainerRegistry/registries","sku":{"name":"Basic","tier":"Basic"},"location":"eastus","identity":{"principalId":"6b745243-f378-4913-8917-255abd22e4a7","tenantId":"72f988bf-86f1-41af-91ab-2d7cd011db47","type":"SystemAssigned,
        UserAssigned","userAssignedIdentities":{"/subscriptions/00000000-0000-0000-0000-000000000000/resourcegroups/arc-appint-forxinyu12-rg0/providers/Microsoft.ManagedIdentity/userAssignedIdentities/containerapp-user":{"principalId":"bccb9b42-bb6d-4c86-a7d4-49d69b02f6b1","clientId":"2e8fe0c9-4ab4-435b-873b-29a8d0374612"}}},"tags":{},"systemData":{"createdBy":"xinyupang@microsoft.com","createdByType":"User","createdAt":"2023-06-27T07:27:24.8056197Z","lastModifiedBy":"xinyupang@microsoft.com","lastModifiedByType":"User","lastModifiedAt":"2023-08-28T05:06:55.9994452Z"}},{"id":"/subscriptions/00000000-0000-0000-0000-000000000000/resourceGroups/arc-appint-forxinyu12-rg0/providers/Microsoft.ContainerRegistry/registries/acrochik36skuu42qzjas36d","name":"acrochik36skuu42qzjas36d","type":"Microsoft.ContainerRegistry/registries","sku":{"name":"Basic","tier":"Basic"},"location":"eastus","tags":{},"systemData":{"createdBy":"xinyupang@microsoft.com","createdByType":"User","createdAt":"2023-06-27T07:27:27.1177498Z","lastModifiedBy":"xinyupang@microsoft.com","lastModifiedByType":"User","lastModifiedAt":"2023-06-27T07:27:27.1177498Z"}},{"id":"/subscriptions/00000000-0000-0000-0000-000000000000/resourceGroups/clitest.rg000001/providers/Microsoft.ContainerRegistry/registries/acr000003","name":"acr000003","type":"Microsoft.ContainerRegistry/registries","sku":{"name":"Basic","tier":"Basic"},"location":"eastus","tags":{},"systemData":{"createdBy":"xinyupang@microsoft.com","createdByType":"User","createdAt":"2023-10-25T05:30:22.8265132Z","lastModifiedBy":"xinyupang@microsoft.com","lastModifiedByType":"User","lastModifiedAt":"2023-10-25T05:30:22.8265132Z"}},{"id":"/subscriptions/00000000-0000-0000-0000-000000000000/resourceGroups/arc-appint-forxinyu12-rg0/providers/Microsoft.ContainerRegistry/registries/ca5617138654acr","name":"ca5617138654acr","type":"Microsoft.ContainerRegistry/registries","sku":{"name":"Basic","tier":"Basic"},"location":"northcentralus","tags":{},"systemData":{"createdBy":"xinyupang@microsoft.com","createdByType":"User","createdAt":"2023-10-10T03:09:02.93873Z","lastModifiedBy":"xinyupang@microsoft.com","lastModifiedByType":"User","lastModifiedAt":"2023-10-10T03:09:02.93873Z"}}]}'
    headers:
      cache-control:
      - no-cache
      content-length:
      - '4346'
      content-type:
      - application/json; charset=utf-8
      date:
      - Wed, 25 Oct 2023 05:30:49 GMT
      expires:
      - '-1'
      pragma:
      - no-cache
      strict-transport-security:
      - max-age=31536000; includeSubDomains
      vary:
      - Accept-Encoding
      x-content-type-options:
      - nosniff
    status:
      code: 200
      message: OK
- request:
    body: null
    headers:
      Accept:
      - application/json
      Accept-Encoding:
      - gzip, deflate
      CommandName:
      - containerapp job create
      Connection:
      - keep-alive
      ParameterSetName:
      - -g -n --image --environment --registry-server --replica-timeout --replica-retry-limit
        --trigger-type --parallelism --replica-completion-count --cron-expression
      User-Agent:
      - AZURECLI/2.53.0 azsdk-python-azure-mgmt-containerregistry/10.1.0 Python/3.10.11
        (Windows-10-10.0.22621-SP0)
    method: GET
    uri: https://management.azure.com/subscriptions/00000000-0000-0000-0000-000000000000/resourceGroups/clitest.rg000001/providers/Microsoft.ContainerRegistry/registries/acr000003?api-version=2022-12-01
  response:
    body:
      string: '{"sku":{"name":"Basic","tier":"Basic"},"type":"Microsoft.ContainerRegistry/registries","id":"/subscriptions/00000000-0000-0000-0000-000000000000/resourceGroups/clitest.rg000001/providers/Microsoft.ContainerRegistry/registries/acr000003","name":"acr000003","location":"eastus","tags":{},"systemData":{"createdBy":"xinyupang@microsoft.com","createdByType":"User","createdAt":"2023-10-25T05:30:22.8265132+00:00","lastModifiedBy":"xinyupang@microsoft.com","lastModifiedByType":"User","lastModifiedAt":"2023-10-25T05:30:22.8265132+00:00"},"properties":{"loginServer":"acr000003.azurecr.io","creationDate":"2023-10-25T05:30:22.8265132Z","provisioningState":"Succeeded","adminUserEnabled":true,"policies":{"quarantinePolicy":{"status":"disabled"},"trustPolicy":{"type":"Notary","status":"disabled"},"retentionPolicy":{"days":7,"lastUpdatedTime":"2023-10-25T05:30:29.8523517+00:00","status":"disabled"},"exportPolicy":{"status":"enabled"},"azureADAuthenticationAsArmPolicy":{"status":"enabled"},"softDeletePolicy":{"retentionDays":7,"lastUpdatedTime":"2023-10-25T05:30:29.8523879+00:00","status":"disabled"}},"encryption":{"status":"disabled"},"dataEndpointEnabled":false,"dataEndpointHostNames":[],"privateEndpointConnections":[],"publicNetworkAccess":"Enabled","networkRuleBypassOptions":"AzureServices","zoneRedundancy":"Disabled","anonymousPullEnabled":false}}'
    headers:
      api-supported-versions:
      - '2022-12-01'
      cache-control:
      - no-cache
      content-length:
      - '1356'
      content-type:
      - application/json; charset=utf-8
      date:
      - Wed, 25 Oct 2023 05:30:50 GMT
      expires:
      - '-1'
      pragma:
      - no-cache
      server:
      - Kestrel
      strict-transport-security:
      - max-age=31536000; includeSubDomains
      transfer-encoding:
      - chunked
      vary:
      - Accept-Encoding
      x-content-type-options:
      - nosniff
    status:
      code: 200
      message: OK
- request:
    body: null
    headers:
      Accept:
      - application/json
      Accept-Encoding:
      - gzip, deflate
      CommandName:
      - containerapp job create
      Connection:
      - keep-alive
      Content-Length:
      - '0'
      ParameterSetName:
      - -g -n --image --environment --registry-server --replica-timeout --replica-retry-limit
        --trigger-type --parallelism --replica-completion-count --cron-expression
      User-Agent:
      - AZURECLI/2.53.0 azsdk-python-azure-mgmt-containerregistry/10.1.0 Python/3.10.11
        (Windows-10-10.0.22621-SP0)
    method: POST
    uri: https://management.azure.com/subscriptions/00000000-0000-0000-0000-000000000000/resourceGroups/clitest.rg000001/providers/Microsoft.ContainerRegistry/registries/acr000003/listCredentials?api-version=2022-12-01
  response:
    body:
      string: '{"username":"acr000003","passwords":[{"name":"password","value":"EzC5FWjl/5iCwVVuCzItKlv22EF+YdNciaBDceRMLb+ACRAbO9vJ"},{"name":"password2","value":"O3NEiuVIsvqw+8xQ43Nc1u+Oyn3XukqxqHQGoGWEE/+ACRBDjv26"}]}'
    headers:
      api-supported-versions:
      - '2022-12-01'
      cache-control:
      - no-cache
      content-length:
      - '205'
      content-type:
      - application/json; charset=utf-8
      date:
      - Wed, 25 Oct 2023 05:30:51 GMT
      expires:
      - '-1'
      pragma:
      - no-cache
      server:
      - Kestrel
      strict-transport-security:
      - max-age=31536000; includeSubDomains
      transfer-encoding:
      - chunked
      vary:
      - Accept-Encoding
      x-content-type-options:
      - nosniff
      x-ms-ratelimit-remaining-subscription-writes:
      - '1199'
    status:
      code: 200
      message: OK
- request:
    body: '{"location": "East US", "identity": {"type": "None", "userAssignedIdentities":
      null}, "properties": {"environmentId": "/subscriptions/00000000-0000-0000-0000-000000000000/resourceGroups/client.env_rg_eastus/providers/Microsoft.App/managedEnvironments/env-eastus",
      "configuration": {"secrets": [{"name": "acr000003azurecrio-acr000003", "value":
      "EzC5FWjl/5iCwVVuCzItKlv22EF+YdNciaBDceRMLb+ACRAbO9vJ"}], "triggerType": "schedule",
      "replicaTimeout": 200, "replicaRetryLimit": 2, "manualTriggerConfig": null,
      "scheduleTriggerConfig": {"replicaCompletionCount": 1, "parallelism": 1, "cronExpression":
      "*/10 * * * *"}, "eventTriggerConfig": null, "registries": [{"server": "acr000003.azurecr.io",
      "username": "acr000003", "passwordSecretRef": "acr000003azurecrio-acr000003"}],
      "dapr": null}, "template": {"containers": [{"image": "acr000003.azurecr.io/k8se/quickstart:latest",
      "name": "aca1000004", "command": null, "args": null, "env": null, "resources":
      null, "volumeMounts": null}], "initContainers": null, "volumes": null}, "workloadProfileName":
      null}, "tags": null}'
    headers:
      Accept:
      - '*/*'
      Accept-Encoding:
      - gzip, deflate
      CommandName:
      - containerapp job create
      Connection:
      - keep-alive
      Content-Length:
      - '1065'
      Content-Type:
      - application/json
      ParameterSetName:
      - -g -n --image --environment --registry-server --replica-timeout --replica-retry-limit
        --trigger-type --parallelism --replica-completion-count --cron-expression
      User-Agent:
      - python/3.10.11 (Windows-10-10.0.22621-SP0) AZURECLI/2.53.0
    method: PUT
    uri: https://management.azure.com/subscriptions/00000000-0000-0000-0000-000000000000/resourceGroups/clitest.rg000001/providers/Microsoft.App/jobs/aca1000004?api-version=2023-05-01
  response:
    body:
      string: '{"id":"/subscriptions/00000000-0000-0000-0000-000000000000/resourceGroups/clitest.rg000001/providers/Microsoft.App/jobs/aca1000004","name":"aca1000004","type":"Microsoft.App/jobs","location":"East
        US","systemData":{"createdBy":"xinyupang@microsoft.com","createdByType":"User","createdAt":"2023-10-25T05:30:53.393527Z","lastModifiedBy":"xinyupang@microsoft.com","lastModifiedByType":"User","lastModifiedAt":"2023-10-25T05:30:53.393527Z"},"properties":{"provisioningState":"InProgress","environmentId":"/subscriptions/00000000-0000-0000-0000-000000000000/resourceGroups/client.env_rg_eastus/providers/Microsoft.App/managedEnvironments/env-eastus","workloadProfileName":"Consumption","configuration":{"secrets":[{"name":"acr000003azurecrio-acr000003"}],"triggerType":"Schedule","replicaTimeout":200,"replicaRetryLimit":2,"manualTriggerConfig":null,"scheduleTriggerConfig":{"replicaCompletionCount":1,"cronExpression":"*/10
        * * * *","parallelism":1},"eventTriggerConfig":null,"registries":[{"server":"acr000003.azurecr.io","username":"acr000003","passwordSecretRef":"acr000003azurecrio-acr000003"}],"dapr":null},"template":{"containers":[{"image":"acr000003.azurecr.io/k8se/quickstart:latest","name":"aca1000004","resources":{"cpu":0.5,"memory":"1Gi"}}],"initContainers":null,"volumes":null},"eventStreamEndpoint":"https://eastus.azurecontainerapps.dev/subscriptions/00000000-0000-0000-0000-000000000000/resourceGroups/clitest.rg000001/containerApps/aca1000004/eventstream"},"identity":{"type":"None"}}'
    headers:
      api-supported-versions:
      - 2022-11-01-preview, 2023-04-01-preview, 2023-05-01, 2023-05-02-preview, 2023-08-01-preview
      azure-asyncoperation:
      - https://management.azure.com/subscriptions/00000000-0000-0000-0000-000000000000/providers/Microsoft.App/locations/eastus/containerappsjobOperationStatuses/df42925c-be45-42ac-bd45-e0060119171d?api-version=2023-05-01&azureAsyncOperation=true&t=638338086552373279&c=MIIHHjCCBgagAwIBAgITfwHPGb2PGVTN4z3FUwAEAc8ZvTANBgkqhkiG9w0BAQsFADBEMRMwEQYKCZImiZPyLGQBGRYDR0JMMRMwEQYKCZImiZPyLGQBGRYDQU1FMRgwFgYDVQQDEw9BTUUgSW5mcmEgQ0EgMDIwHhcNMjMwODAyMDYzNjM2WhcNMjQwNzI3MDYzNjM2WjBAMT4wPAYDVQQDEzVhc3luY29wZXJhdGlvbnNpZ25pbmdjZXJ0aWZpY2F0ZS5tYW5hZ2VtZW50LmF6dXJlLmNvbTCCASIwDQYJKoZIhvcNAQEBBQADggEPADCCAQoCggEBALA8WMmmEO1CwTnKvAtvibQoh9fKt-nYVdbvRtzIlm4z19BYYfDibvj6l1viYhNR3bs53c9d8fIWknmMKcHdJpnnDk-sfLAVWjMNWlp_buwQ0wqnDDMi-_nqhutQ0ONUbruFxD0-bGPA3RLD9MxnV3XQGNGjXFzj7hqAQauMfHafpxwgDIEYAcWfBtE32aGB9_bxZrY8E2slVewgeS6yws88svVeMAmGPQEGqIrOrqphrXLbmWMcWg6Ixey-FyuliVC6n2ECOpeUOnI3zd3u2YXwLZrTeYxh6zaRuU-ht2zLmkisse4EaaJvcnYB1ET9IBE-LI8SxLbutQtDAe4kiSkCAwEAAaOCBAswggQHMCcGCSsGAQQBgjcVCgQaMBgwCgYIKwYBBQUHAwEwCgYIKwYBBQUHAwIwPQYJKwYBBAGCNxUHBDAwLgYmKwYBBAGCNxUIhpDjDYTVtHiE8Ys-hZvdFs6dEoFggvX2K4Py0SACAWQCAQowggHaBggrBgEFBQcBAQSCAcwwggHIMGYGCCsGAQUFBzAChlpodHRwOi8vY3JsLm1pY3Jvc29mdC5jb20vcGtpaW5mcmEvQ2VydHMvQkwyUEtJSU5UQ0EwMS5BTUUuR0JMX0FNRSUyMEluZnJhJTIwQ0ElMjAwMig0KS5jcnQwVgYIKwYBBQUHMAKGSmh0dHA6Ly9jcmwxLmFtZS5nYmwvYWlhL0JMMlBLSUlOVENBMDEuQU1FLkdCTF9BTUUlMjBJbmZyYSUyMENBJTIwMDIoNCkuY3J0MFYGCCsGAQUFBzAChkpodHRwOi8vY3JsMi5hbWUuZ2JsL2FpYS9CTDJQS0lJTlRDQTAxLkFNRS5HQkxfQU1FJTIwSW5mcmElMjBDQSUyMDAyKDQpLmNydDBWBggrBgEFBQcwAoZKaHR0cDovL2NybDMuYW1lLmdibC9haWEvQkwyUEtJSU5UQ0EwMS5BTUUuR0JMX0FNRSUyMEluZnJhJTIwQ0ElMjAwMig0KS5jcnQwVgYIKwYBBQUHMAKGSmh0dHA6Ly9jcmw0LmFtZS5nYmwvYWlhL0JMMlBLSUlOVENBMDEuQU1FLkdCTF9BTUUlMjBJbmZyYSUyMENBJTIwMDIoNCkuY3J0MB0GA1UdDgQWBBQBTTHZD8UzTofzBwHZRpdtw5XpXjAOBgNVHQ8BAf8EBAMCBaAwggE1BgNVHR8EggEsMIIBKDCCASSgggEgoIIBHIZCaHR0cDovL2NybC5taWNyb3NvZnQuY29tL3BraWluZnJhL0NSTC9BTUUlMjBJbmZyYSUyMENBJTIwMDIoNCkuY3JshjRodHRwOi8vY3JsMS5hbWUuZ2JsL2NybC9BTUUlMjBJbmZyYSUyMENBJTIwMDIoNCkuY3JshjRodHRwOi8vY3JsMi5hbWUuZ2JsL2NybC9BTUUlMjBJbmZyYSUyMENBJTIwMDIoNCkuY3JshjRodHRwOi8vY3JsMy5hbWUuZ2JsL2NybC9BTUUlMjBJbmZyYSUyMENBJTIwMDIoNCkuY3JshjRodHRwOi8vY3JsNC5hbWUuZ2JsL2NybC9BTUUlMjBJbmZyYSUyMENBJTIwMDIoNCkuY3JsMBcGA1UdIAQQMA4wDAYKKwYBBAGCN3sBATAfBgNVHSMEGDAWgBSuecJrXSWIEwb2BwnDl3x7l48dVTAdBgNVHSUEFjAUBggrBgEFBQcDAQYIKwYBBQUHAwIwDQYJKoZIhvcNAQELBQADggEBAD3Zm_z6dHneGOQPVVe1FxHrV2xvtqbjaKZAuH5rSpWUw_DJdOSV4cWnP6mHzxkPNq64LVAwgyif18NOtR825NodQN7r_Il0fGIykE4rt-M_xIqddJaoXHzIGUQ0uCofzHWG-wdvSYVhlbFFtTckqYtEA9-qW-eTU2K1wu1OQ8ry_XahL8OpgJsribT6ANlH0I5odhgLdzGhwvBWfM1-xaqN8ieQA5l7FdmYeOrZYwzX4Lc-478HHPVhkKgLr6pn1L-WJJ1mMn_PPXo4c6q34Uw6i0kyVgPeot9rO0FSHhj-YxHTde4eXuk4k1VEx6v56KK89p9N2LCqwkWf75r3Vdk&s=PcxaNNlFxIkBMOz0RNGF7l0dao8SUty7a2Q0w0DsO3LLRP9dSrRO8iMwRIFwBtWe7oGXOfb4rhkrlloUdWyEVPlQEOWFNfAclQmQdD3gAV3aBYfzZRF7zLHWeBvzP-OQ9Gv_bXOYmHKHQiGPLJnswCqVjBK0eI1pGYDXgC6smK31ppIre9BH62gngoxdaU7OOoCvy048KQ-oU7sVtld_sGDtDoIry0ObF0p3lE2LUMUPfbCPcR2rQJbyxW3l3Yirv4p6D3hao9vsexuFBF1kk9HPwkwhv8qIHzGBV4Wgh-9JYVWHhp5FBlWxJJmG4kqVDLdUIkWU3DLRTKiTG4pNaQ&h=J0Jxvt8qkKHVCwdfgTQuez0DRQULFESb1vmrs8G5TkM
      cache-control:
      - no-cache
      content-length:
      - '1498'
      content-type:
      - application/json; charset=utf-8
      date:
      - Wed, 25 Oct 2023 05:30:54 GMT
      expires:
      - '-1'
      pragma:
      - no-cache
      server:
      - Microsoft-IIS/10.0
      strict-transport-security:
      - max-age=31536000; includeSubDomains
      x-content-type-options:
      - nosniff
      x-ms-async-operation-timeout:
      - PT15M
      x-ms-ratelimit-remaining-subscription-resource-requests:
      - '499'
      x-powered-by:
      - ASP.NET
    status:
      code: 201
      message: Created
- request:
    body: null
    headers:
      Accept:
      - '*/*'
      Accept-Encoding:
      - gzip, deflate
      CommandName:
      - containerapp job create
      Connection:
      - keep-alive
      ParameterSetName:
      - -g -n --image --environment --registry-server --replica-timeout --replica-retry-limit
        --trigger-type --parallelism --replica-completion-count --cron-expression
      User-Agent:
      - python/3.10.11 (Windows-10-10.0.22621-SP0) AZURECLI/2.53.0
    method: GET
    uri: https://management.azure.com/subscriptions/00000000-0000-0000-0000-000000000000/providers/Microsoft.App/locations/eastus/containerappsjobOperationStatuses/df42925c-be45-42ac-bd45-e0060119171d?api-version=2023-05-01&azureAsyncOperation=true&t=638338086552373279&c=MIIHHjCCBgagAwIBAgITfwHPGb2PGVTN4z3FUwAEAc8ZvTANBgkqhkiG9w0BAQsFADBEMRMwEQYKCZImiZPyLGQBGRYDR0JMMRMwEQYKCZImiZPyLGQBGRYDQU1FMRgwFgYDVQQDEw9BTUUgSW5mcmEgQ0EgMDIwHhcNMjMwODAyMDYzNjM2WhcNMjQwNzI3MDYzNjM2WjBAMT4wPAYDVQQDEzVhc3luY29wZXJhdGlvbnNpZ25pbmdjZXJ0aWZpY2F0ZS5tYW5hZ2VtZW50LmF6dXJlLmNvbTCCASIwDQYJKoZIhvcNAQEBBQADggEPADCCAQoCggEBALA8WMmmEO1CwTnKvAtvibQoh9fKt-nYVdbvRtzIlm4z19BYYfDibvj6l1viYhNR3bs53c9d8fIWknmMKcHdJpnnDk-sfLAVWjMNWlp_buwQ0wqnDDMi-_nqhutQ0ONUbruFxD0-bGPA3RLD9MxnV3XQGNGjXFzj7hqAQauMfHafpxwgDIEYAcWfBtE32aGB9_bxZrY8E2slVewgeS6yws88svVeMAmGPQEGqIrOrqphrXLbmWMcWg6Ixey-FyuliVC6n2ECOpeUOnI3zd3u2YXwLZrTeYxh6zaRuU-ht2zLmkisse4EaaJvcnYB1ET9IBE-LI8SxLbutQtDAe4kiSkCAwEAAaOCBAswggQHMCcGCSsGAQQBgjcVCgQaMBgwCgYIKwYBBQUHAwEwCgYIKwYBBQUHAwIwPQYJKwYBBAGCNxUHBDAwLgYmKwYBBAGCNxUIhpDjDYTVtHiE8Ys-hZvdFs6dEoFggvX2K4Py0SACAWQCAQowggHaBggrBgEFBQcBAQSCAcwwggHIMGYGCCsGAQUFBzAChlpodHRwOi8vY3JsLm1pY3Jvc29mdC5jb20vcGtpaW5mcmEvQ2VydHMvQkwyUEtJSU5UQ0EwMS5BTUUuR0JMX0FNRSUyMEluZnJhJTIwQ0ElMjAwMig0KS5jcnQwVgYIKwYBBQUHMAKGSmh0dHA6Ly9jcmwxLmFtZS5nYmwvYWlhL0JMMlBLSUlOVENBMDEuQU1FLkdCTF9BTUUlMjBJbmZyYSUyMENBJTIwMDIoNCkuY3J0MFYGCCsGAQUFBzAChkpodHRwOi8vY3JsMi5hbWUuZ2JsL2FpYS9CTDJQS0lJTlRDQTAxLkFNRS5HQkxfQU1FJTIwSW5mcmElMjBDQSUyMDAyKDQpLmNydDBWBggrBgEFBQcwAoZKaHR0cDovL2NybDMuYW1lLmdibC9haWEvQkwyUEtJSU5UQ0EwMS5BTUUuR0JMX0FNRSUyMEluZnJhJTIwQ0ElMjAwMig0KS5jcnQwVgYIKwYBBQUHMAKGSmh0dHA6Ly9jcmw0LmFtZS5nYmwvYWlhL0JMMlBLSUlOVENBMDEuQU1FLkdCTF9BTUUlMjBJbmZyYSUyMENBJTIwMDIoNCkuY3J0MB0GA1UdDgQWBBQBTTHZD8UzTofzBwHZRpdtw5XpXjAOBgNVHQ8BAf8EBAMCBaAwggE1BgNVHR8EggEsMIIBKDCCASSgggEgoIIBHIZCaHR0cDovL2NybC5taWNyb3NvZnQuY29tL3BraWluZnJhL0NSTC9BTUUlMjBJbmZyYSUyMENBJTIwMDIoNCkuY3JshjRodHRwOi8vY3JsMS5hbWUuZ2JsL2NybC9BTUUlMjBJbmZyYSUyMENBJTIwMDIoNCkuY3JshjRodHRwOi8vY3JsMi5hbWUuZ2JsL2NybC9BTUUlMjBJbmZyYSUyMENBJTIwMDIoNCkuY3JshjRodHRwOi8vY3JsMy5hbWUuZ2JsL2NybC9BTUUlMjBJbmZyYSUyMENBJTIwMDIoNCkuY3JshjRodHRwOi8vY3JsNC5hbWUuZ2JsL2NybC9BTUUlMjBJbmZyYSUyMENBJTIwMDIoNCkuY3JsMBcGA1UdIAQQMA4wDAYKKwYBBAGCN3sBATAfBgNVHSMEGDAWgBSuecJrXSWIEwb2BwnDl3x7l48dVTAdBgNVHSUEFjAUBggrBgEFBQcDAQYIKwYBBQUHAwIwDQYJKoZIhvcNAQELBQADggEBAD3Zm_z6dHneGOQPVVe1FxHrV2xvtqbjaKZAuH5rSpWUw_DJdOSV4cWnP6mHzxkPNq64LVAwgyif18NOtR825NodQN7r_Il0fGIykE4rt-M_xIqddJaoXHzIGUQ0uCofzHWG-wdvSYVhlbFFtTckqYtEA9-qW-eTU2K1wu1OQ8ry_XahL8OpgJsribT6ANlH0I5odhgLdzGhwvBWfM1-xaqN8ieQA5l7FdmYeOrZYwzX4Lc-478HHPVhkKgLr6pn1L-WJJ1mMn_PPXo4c6q34Uw6i0kyVgPeot9rO0FSHhj-YxHTde4eXuk4k1VEx6v56KK89p9N2LCqwkWf75r3Vdk&s=PcxaNNlFxIkBMOz0RNGF7l0dao8SUty7a2Q0w0DsO3LLRP9dSrRO8iMwRIFwBtWe7oGXOfb4rhkrlloUdWyEVPlQEOWFNfAclQmQdD3gAV3aBYfzZRF7zLHWeBvzP-OQ9Gv_bXOYmHKHQiGPLJnswCqVjBK0eI1pGYDXgC6smK31ppIre9BH62gngoxdaU7OOoCvy048KQ-oU7sVtld_sGDtDoIry0ObF0p3lE2LUMUPfbCPcR2rQJbyxW3l3Yirv4p6D3hao9vsexuFBF1kk9HPwkwhv8qIHzGBV4Wgh-9JYVWHhp5FBlWxJJmG4kqVDLdUIkWU3DLRTKiTG4pNaQ&h=J0Jxvt8qkKHVCwdfgTQuez0DRQULFESb1vmrs8G5TkM
  response:
    body:
      string: '{"id":"/subscriptions/00000000-0000-0000-0000-000000000000/providers/Microsoft.App/locations/eastus/containerappsjobOperationStatuses/df42925c-be45-42ac-bd45-e0060119171d","name":"df42925c-be45-42ac-bd45-e0060119171d","status":"InProgress","startTime":"2023-10-25T05:30:54.8086173"}'
    headers:
      api-supported-versions:
      - 2022-11-01-preview, 2023-04-01-preview, 2023-05-01, 2023-05-02-preview, 2023-08-01-preview
      cache-control:
      - no-cache
      content-length:
      - '282'
      content-type:
      - application/json; charset=utf-8
      date:
      - Wed, 25 Oct 2023 05:30:56 GMT
      expires:
      - '-1'
      pragma:
      - no-cache
      server:
      - Microsoft-IIS/10.0
      strict-transport-security:
      - max-age=31536000; includeSubDomains
      transfer-encoding:
      - chunked
      vary:
      - Accept-Encoding,Accept-Encoding
      x-content-type-options:
      - nosniff
      x-powered-by:
      - ASP.NET
    status:
      code: 200
      message: OK
- request:
    body: null
    headers:
      Accept:
      - '*/*'
      Accept-Encoding:
      - gzip, deflate
      CommandName:
      - containerapp job create
      Connection:
      - keep-alive
      ParameterSetName:
      - -g -n --image --environment --registry-server --replica-timeout --replica-retry-limit
        --trigger-type --parallelism --replica-completion-count --cron-expression
      User-Agent:
      - python/3.10.11 (Windows-10-10.0.22621-SP0) AZURECLI/2.53.0
    method: GET
    uri: https://management.azure.com/subscriptions/00000000-0000-0000-0000-000000000000/providers/Microsoft.App/locations/eastus/containerappsjobOperationStatuses/df42925c-be45-42ac-bd45-e0060119171d?api-version=2023-05-01&azureAsyncOperation=true&t=638338086552373279&c=MIIHHjCCBgagAwIBAgITfwHPGb2PGVTN4z3FUwAEAc8ZvTANBgkqhkiG9w0BAQsFADBEMRMwEQYKCZImiZPyLGQBGRYDR0JMMRMwEQYKCZImiZPyLGQBGRYDQU1FMRgwFgYDVQQDEw9BTUUgSW5mcmEgQ0EgMDIwHhcNMjMwODAyMDYzNjM2WhcNMjQwNzI3MDYzNjM2WjBAMT4wPAYDVQQDEzVhc3luY29wZXJhdGlvbnNpZ25pbmdjZXJ0aWZpY2F0ZS5tYW5hZ2VtZW50LmF6dXJlLmNvbTCCASIwDQYJKoZIhvcNAQEBBQADggEPADCCAQoCggEBALA8WMmmEO1CwTnKvAtvibQoh9fKt-nYVdbvRtzIlm4z19BYYfDibvj6l1viYhNR3bs53c9d8fIWknmMKcHdJpnnDk-sfLAVWjMNWlp_buwQ0wqnDDMi-_nqhutQ0ONUbruFxD0-bGPA3RLD9MxnV3XQGNGjXFzj7hqAQauMfHafpxwgDIEYAcWfBtE32aGB9_bxZrY8E2slVewgeS6yws88svVeMAmGPQEGqIrOrqphrXLbmWMcWg6Ixey-FyuliVC6n2ECOpeUOnI3zd3u2YXwLZrTeYxh6zaRuU-ht2zLmkisse4EaaJvcnYB1ET9IBE-LI8SxLbutQtDAe4kiSkCAwEAAaOCBAswggQHMCcGCSsGAQQBgjcVCgQaMBgwCgYIKwYBBQUHAwEwCgYIKwYBBQUHAwIwPQYJKwYBBAGCNxUHBDAwLgYmKwYBBAGCNxUIhpDjDYTVtHiE8Ys-hZvdFs6dEoFggvX2K4Py0SACAWQCAQowggHaBggrBgEFBQcBAQSCAcwwggHIMGYGCCsGAQUFBzAChlpodHRwOi8vY3JsLm1pY3Jvc29mdC5jb20vcGtpaW5mcmEvQ2VydHMvQkwyUEtJSU5UQ0EwMS5BTUUuR0JMX0FNRSUyMEluZnJhJTIwQ0ElMjAwMig0KS5jcnQwVgYIKwYBBQUHMAKGSmh0dHA6Ly9jcmwxLmFtZS5nYmwvYWlhL0JMMlBLSUlOVENBMDEuQU1FLkdCTF9BTUUlMjBJbmZyYSUyMENBJTIwMDIoNCkuY3J0MFYGCCsGAQUFBzAChkpodHRwOi8vY3JsMi5hbWUuZ2JsL2FpYS9CTDJQS0lJTlRDQTAxLkFNRS5HQkxfQU1FJTIwSW5mcmElMjBDQSUyMDAyKDQpLmNydDBWBggrBgEFBQcwAoZKaHR0cDovL2NybDMuYW1lLmdibC9haWEvQkwyUEtJSU5UQ0EwMS5BTUUuR0JMX0FNRSUyMEluZnJhJTIwQ0ElMjAwMig0KS5jcnQwVgYIKwYBBQUHMAKGSmh0dHA6Ly9jcmw0LmFtZS5nYmwvYWlhL0JMMlBLSUlOVENBMDEuQU1FLkdCTF9BTUUlMjBJbmZyYSUyMENBJTIwMDIoNCkuY3J0MB0GA1UdDgQWBBQBTTHZD8UzTofzBwHZRpdtw5XpXjAOBgNVHQ8BAf8EBAMCBaAwggE1BgNVHR8EggEsMIIBKDCCASSgggEgoIIBHIZCaHR0cDovL2NybC5taWNyb3NvZnQuY29tL3BraWluZnJhL0NSTC9BTUUlMjBJbmZyYSUyMENBJTIwMDIoNCkuY3JshjRodHRwOi8vY3JsMS5hbWUuZ2JsL2NybC9BTUUlMjBJbmZyYSUyMENBJTIwMDIoNCkuY3JshjRodHRwOi8vY3JsMi5hbWUuZ2JsL2NybC9BTUUlMjBJbmZyYSUyMENBJTIwMDIoNCkuY3JshjRodHRwOi8vY3JsMy5hbWUuZ2JsL2NybC9BTUUlMjBJbmZyYSUyMENBJTIwMDIoNCkuY3JshjRodHRwOi8vY3JsNC5hbWUuZ2JsL2NybC9BTUUlMjBJbmZyYSUyMENBJTIwMDIoNCkuY3JsMBcGA1UdIAQQMA4wDAYKKwYBBAGCN3sBATAfBgNVHSMEGDAWgBSuecJrXSWIEwb2BwnDl3x7l48dVTAdBgNVHSUEFjAUBggrBgEFBQcDAQYIKwYBBQUHAwIwDQYJKoZIhvcNAQELBQADggEBAD3Zm_z6dHneGOQPVVe1FxHrV2xvtqbjaKZAuH5rSpWUw_DJdOSV4cWnP6mHzxkPNq64LVAwgyif18NOtR825NodQN7r_Il0fGIykE4rt-M_xIqddJaoXHzIGUQ0uCofzHWG-wdvSYVhlbFFtTckqYtEA9-qW-eTU2K1wu1OQ8ry_XahL8OpgJsribT6ANlH0I5odhgLdzGhwvBWfM1-xaqN8ieQA5l7FdmYeOrZYwzX4Lc-478HHPVhkKgLr6pn1L-WJJ1mMn_PPXo4c6q34Uw6i0kyVgPeot9rO0FSHhj-YxHTde4eXuk4k1VEx6v56KK89p9N2LCqwkWf75r3Vdk&s=PcxaNNlFxIkBMOz0RNGF7l0dao8SUty7a2Q0w0DsO3LLRP9dSrRO8iMwRIFwBtWe7oGXOfb4rhkrlloUdWyEVPlQEOWFNfAclQmQdD3gAV3aBYfzZRF7zLHWeBvzP-OQ9Gv_bXOYmHKHQiGPLJnswCqVjBK0eI1pGYDXgC6smK31ppIre9BH62gngoxdaU7OOoCvy048KQ-oU7sVtld_sGDtDoIry0ObF0p3lE2LUMUPfbCPcR2rQJbyxW3l3Yirv4p6D3hao9vsexuFBF1kk9HPwkwhv8qIHzGBV4Wgh-9JYVWHhp5FBlWxJJmG4kqVDLdUIkWU3DLRTKiTG4pNaQ&h=J0Jxvt8qkKHVCwdfgTQuez0DRQULFESb1vmrs8G5TkM
  response:
    body:
      string: '{"id":"/subscriptions/00000000-0000-0000-0000-000000000000/providers/Microsoft.App/locations/eastus/containerappsjobOperationStatuses/df42925c-be45-42ac-bd45-e0060119171d","name":"df42925c-be45-42ac-bd45-e0060119171d","status":"InProgress","startTime":"2023-10-25T05:30:54.8086173"}'
    headers:
      api-supported-versions:
      - 2022-11-01-preview, 2023-04-01-preview, 2023-05-01, 2023-05-02-preview, 2023-08-01-preview
      cache-control:
      - no-cache
      content-length:
      - '282'
      content-type:
      - application/json; charset=utf-8
      date:
      - Wed, 25 Oct 2023 05:30:59 GMT
      expires:
      - '-1'
      pragma:
      - no-cache
      server:
      - Microsoft-IIS/10.0
      strict-transport-security:
      - max-age=31536000; includeSubDomains
      transfer-encoding:
      - chunked
      vary:
      - Accept-Encoding,Accept-Encoding
      x-content-type-options:
      - nosniff
      x-powered-by:
      - ASP.NET
    status:
      code: 200
      message: OK
- request:
    body: null
    headers:
      Accept:
      - '*/*'
      Accept-Encoding:
      - gzip, deflate
      CommandName:
      - containerapp job create
      Connection:
      - keep-alive
      ParameterSetName:
      - -g -n --image --environment --registry-server --replica-timeout --replica-retry-limit
        --trigger-type --parallelism --replica-completion-count --cron-expression
      User-Agent:
      - python/3.10.11 (Windows-10-10.0.22621-SP0) AZURECLI/2.53.0
    method: GET
    uri: https://management.azure.com/subscriptions/00000000-0000-0000-0000-000000000000/providers/Microsoft.App/locations/eastus/containerappsjobOperationStatuses/df42925c-be45-42ac-bd45-e0060119171d?api-version=2023-05-01&azureAsyncOperation=true&t=638338086552373279&c=MIIHHjCCBgagAwIBAgITfwHPGb2PGVTN4z3FUwAEAc8ZvTANBgkqhkiG9w0BAQsFADBEMRMwEQYKCZImiZPyLGQBGRYDR0JMMRMwEQYKCZImiZPyLGQBGRYDQU1FMRgwFgYDVQQDEw9BTUUgSW5mcmEgQ0EgMDIwHhcNMjMwODAyMDYzNjM2WhcNMjQwNzI3MDYzNjM2WjBAMT4wPAYDVQQDEzVhc3luY29wZXJhdGlvbnNpZ25pbmdjZXJ0aWZpY2F0ZS5tYW5hZ2VtZW50LmF6dXJlLmNvbTCCASIwDQYJKoZIhvcNAQEBBQADggEPADCCAQoCggEBALA8WMmmEO1CwTnKvAtvibQoh9fKt-nYVdbvRtzIlm4z19BYYfDibvj6l1viYhNR3bs53c9d8fIWknmMKcHdJpnnDk-sfLAVWjMNWlp_buwQ0wqnDDMi-_nqhutQ0ONUbruFxD0-bGPA3RLD9MxnV3XQGNGjXFzj7hqAQauMfHafpxwgDIEYAcWfBtE32aGB9_bxZrY8E2slVewgeS6yws88svVeMAmGPQEGqIrOrqphrXLbmWMcWg6Ixey-FyuliVC6n2ECOpeUOnI3zd3u2YXwLZrTeYxh6zaRuU-ht2zLmkisse4EaaJvcnYB1ET9IBE-LI8SxLbutQtDAe4kiSkCAwEAAaOCBAswggQHMCcGCSsGAQQBgjcVCgQaMBgwCgYIKwYBBQUHAwEwCgYIKwYBBQUHAwIwPQYJKwYBBAGCNxUHBDAwLgYmKwYBBAGCNxUIhpDjDYTVtHiE8Ys-hZvdFs6dEoFggvX2K4Py0SACAWQCAQowggHaBggrBgEFBQcBAQSCAcwwggHIMGYGCCsGAQUFBzAChlpodHRwOi8vY3JsLm1pY3Jvc29mdC5jb20vcGtpaW5mcmEvQ2VydHMvQkwyUEtJSU5UQ0EwMS5BTUUuR0JMX0FNRSUyMEluZnJhJTIwQ0ElMjAwMig0KS5jcnQwVgYIKwYBBQUHMAKGSmh0dHA6Ly9jcmwxLmFtZS5nYmwvYWlhL0JMMlBLSUlOVENBMDEuQU1FLkdCTF9BTUUlMjBJbmZyYSUyMENBJTIwMDIoNCkuY3J0MFYGCCsGAQUFBzAChkpodHRwOi8vY3JsMi5hbWUuZ2JsL2FpYS9CTDJQS0lJTlRDQTAxLkFNRS5HQkxfQU1FJTIwSW5mcmElMjBDQSUyMDAyKDQpLmNydDBWBggrBgEFBQcwAoZKaHR0cDovL2NybDMuYW1lLmdibC9haWEvQkwyUEtJSU5UQ0EwMS5BTUUuR0JMX0FNRSUyMEluZnJhJTIwQ0ElMjAwMig0KS5jcnQwVgYIKwYBBQUHMAKGSmh0dHA6Ly9jcmw0LmFtZS5nYmwvYWlhL0JMMlBLSUlOVENBMDEuQU1FLkdCTF9BTUUlMjBJbmZyYSUyMENBJTIwMDIoNCkuY3J0MB0GA1UdDgQWBBQBTTHZD8UzTofzBwHZRpdtw5XpXjAOBgNVHQ8BAf8EBAMCBaAwggE1BgNVHR8EggEsMIIBKDCCASSgggEgoIIBHIZCaHR0cDovL2NybC5taWNyb3NvZnQuY29tL3BraWluZnJhL0NSTC9BTUUlMjBJbmZyYSUyMENBJTIwMDIoNCkuY3JshjRodHRwOi8vY3JsMS5hbWUuZ2JsL2NybC9BTUUlMjBJbmZyYSUyMENBJTIwMDIoNCkuY3JshjRodHRwOi8vY3JsMi5hbWUuZ2JsL2NybC9BTUUlMjBJbmZyYSUyMENBJTIwMDIoNCkuY3JshjRodHRwOi8vY3JsMy5hbWUuZ2JsL2NybC9BTUUlMjBJbmZyYSUyMENBJTIwMDIoNCkuY3JshjRodHRwOi8vY3JsNC5hbWUuZ2JsL2NybC9BTUUlMjBJbmZyYSUyMENBJTIwMDIoNCkuY3JsMBcGA1UdIAQQMA4wDAYKKwYBBAGCN3sBATAfBgNVHSMEGDAWgBSuecJrXSWIEwb2BwnDl3x7l48dVTAdBgNVHSUEFjAUBggrBgEFBQcDAQYIKwYBBQUHAwIwDQYJKoZIhvcNAQELBQADggEBAD3Zm_z6dHneGOQPVVe1FxHrV2xvtqbjaKZAuH5rSpWUw_DJdOSV4cWnP6mHzxkPNq64LVAwgyif18NOtR825NodQN7r_Il0fGIykE4rt-M_xIqddJaoXHzIGUQ0uCofzHWG-wdvSYVhlbFFtTckqYtEA9-qW-eTU2K1wu1OQ8ry_XahL8OpgJsribT6ANlH0I5odhgLdzGhwvBWfM1-xaqN8ieQA5l7FdmYeOrZYwzX4Lc-478HHPVhkKgLr6pn1L-WJJ1mMn_PPXo4c6q34Uw6i0kyVgPeot9rO0FSHhj-YxHTde4eXuk4k1VEx6v56KK89p9N2LCqwkWf75r3Vdk&s=PcxaNNlFxIkBMOz0RNGF7l0dao8SUty7a2Q0w0DsO3LLRP9dSrRO8iMwRIFwBtWe7oGXOfb4rhkrlloUdWyEVPlQEOWFNfAclQmQdD3gAV3aBYfzZRF7zLHWeBvzP-OQ9Gv_bXOYmHKHQiGPLJnswCqVjBK0eI1pGYDXgC6smK31ppIre9BH62gngoxdaU7OOoCvy048KQ-oU7sVtld_sGDtDoIry0ObF0p3lE2LUMUPfbCPcR2rQJbyxW3l3Yirv4p6D3hao9vsexuFBF1kk9HPwkwhv8qIHzGBV4Wgh-9JYVWHhp5FBlWxJJmG4kqVDLdUIkWU3DLRTKiTG4pNaQ&h=J0Jxvt8qkKHVCwdfgTQuez0DRQULFESb1vmrs8G5TkM
  response:
    body:
      string: '{"id":"/subscriptions/00000000-0000-0000-0000-000000000000/providers/Microsoft.App/locations/eastus/containerappsjobOperationStatuses/df42925c-be45-42ac-bd45-e0060119171d","name":"df42925c-be45-42ac-bd45-e0060119171d","status":"Succeeded","startTime":"2023-10-25T05:30:54.8086173"}'
    headers:
      api-supported-versions:
      - 2022-11-01-preview, 2023-04-01-preview, 2023-05-01, 2023-05-02-preview, 2023-08-01-preview
      cache-control:
      - no-cache
      content-length:
      - '281'
      content-type:
      - application/json; charset=utf-8
      date:
      - Wed, 25 Oct 2023 05:31:03 GMT
      expires:
      - '-1'
      pragma:
      - no-cache
      server:
      - Microsoft-IIS/10.0
      strict-transport-security:
      - max-age=31536000; includeSubDomains
      transfer-encoding:
      - chunked
      vary:
      - Accept-Encoding,Accept-Encoding
      x-content-type-options:
      - nosniff
      x-powered-by:
      - ASP.NET
    status:
      code: 200
      message: OK
- request:
    body: null
    headers:
      Accept:
      - '*/*'
      Accept-Encoding:
      - gzip, deflate
      CommandName:
      - containerapp job create
      Connection:
      - keep-alive
      ParameterSetName:
      - -g -n --image --environment --registry-server --replica-timeout --replica-retry-limit
        --trigger-type --parallelism --replica-completion-count --cron-expression
      User-Agent:
      - python/3.10.11 (Windows-10-10.0.22621-SP0) AZURECLI/2.53.0
    method: GET
    uri: https://management.azure.com/subscriptions/00000000-0000-0000-0000-000000000000/resourceGroups/clitest.rg000001/providers/Microsoft.App/jobs/aca1000004?api-version=2023-05-01
  response:
    body:
      string: '{"id":"/subscriptions/00000000-0000-0000-0000-000000000000/resourceGroups/clitest.rg000001/providers/Microsoft.App/jobs/aca1000004","name":"aca1000004","type":"Microsoft.App/jobs","location":"East
        US","systemData":{"createdBy":"xinyupang@microsoft.com","createdByType":"User","createdAt":"2023-10-25T05:30:53.393527","lastModifiedBy":"xinyupang@microsoft.com","lastModifiedByType":"User","lastModifiedAt":"2023-10-25T05:30:53.393527"},"properties":{"provisioningState":"Succeeded","environmentId":"/subscriptions/00000000-0000-0000-0000-000000000000/resourceGroups/client.env_rg_eastus/providers/Microsoft.App/managedEnvironments/env-eastus","workloadProfileName":"Consumption","configuration":{"secrets":[{"name":"acr000003azurecrio-acr000003"}],"triggerType":"Schedule","replicaTimeout":200,"replicaRetryLimit":2,"manualTriggerConfig":null,"scheduleTriggerConfig":{"replicaCompletionCount":1,"cronExpression":"*/10
        * * * *","parallelism":1},"eventTriggerConfig":null,"registries":[{"server":"acr000003.azurecr.io","username":"acr000003","passwordSecretRef":"acr000003azurecrio-acr000003"}],"dapr":null},"template":{"containers":[{"image":"acr000003.azurecr.io/k8se/quickstart:latest","name":"aca1000004","resources":{"cpu":0.5,"memory":"1Gi"}}],"initContainers":null,"volumes":null},"eventStreamEndpoint":"https://eastus.azurecontainerapps.dev/subscriptions/00000000-0000-0000-0000-000000000000/resourceGroups/clitest.rg000001/containerApps/aca1000004/eventstream"},"identity":{"type":"None"}}'
    headers:
      api-supported-versions:
      - 2022-11-01-preview, 2023-04-01-preview, 2023-05-01, 2023-05-02-preview, 2023-08-01-preview
      cache-control:
      - no-cache
      content-length:
      - '1495'
      content-type:
      - application/json; charset=utf-8
      date:
      - Wed, 25 Oct 2023 05:31:03 GMT
      expires:
      - '-1'
      pragma:
      - no-cache
      server:
      - Microsoft-IIS/10.0
      strict-transport-security:
      - max-age=31536000; includeSubDomains
      transfer-encoding:
      - chunked
      vary:
      - Accept-Encoding,Accept-Encoding
      x-content-type-options:
      - nosniff
      x-powered-by:
      - ASP.NET
    status:
      code: 200
      message: OK
- request:
    body: null
    headers:
      Accept:
      - application/json
      Accept-Encoding:
      - gzip, deflate
      CommandName:
      - containerapp job show
      Connection:
      - keep-alive
      ParameterSetName:
      - -g -n
      User-Agent:
      - AZURECLI/2.53.0 azsdk-python-azure-mgmt-resource/23.1.0b2 Python/3.10.11 (Windows-10-10.0.22621-SP0)
    method: GET
    uri: https://management.azure.com/subscriptions/00000000-0000-0000-0000-000000000000/providers/Microsoft.App?api-version=2022-09-01
  response:
    body:
      string: '{"id":"/subscriptions/00000000-0000-0000-0000-000000000000/providers/Microsoft.App","namespace":"Microsoft.App","authorizations":[{"applicationId":"7e3bc4fd-85a3-4192-b177-5b8bfc87f42c","roleDefinitionId":"39a74f72-b40f-4bdc-b639-562fe2260bf0"},{"applicationId":"3734c1a4-2bed-4998-a37a-ff1a9e7bf019","roleDefinitionId":"5c779a4f-5cb2-4547-8c41-478d9be8ba90"},{"applicationId":"55ebbb62-3b9c-49fd-9b87-9595226dd4ac","roleDefinitionId":"e49ca620-7992-4561-a7df-4ed67dad77b5","managedByRoleDefinitionId":"9e3af657-a8ff-583c-a75c-2fe7c4bcb635"}],"resourceTypes":[{"resourceType":"operations","locations":["North
        Central US (Stage)","Central US EUAP","East US 2 EUAP","West US 2","Southeast
        Asia","Sweden Central","Canada Central","West Europe","North Europe","East
        US","East US 2","East Asia","Australia East","Germany West Central","Japan
        East","UK South","West US","Central US","North Central US","South Central
        US","Korea Central","Brazil South","West US 3","France Central","South Africa
        North","Norway East","Switzerland North","UAE North","Canada East","West Central
        US","UK West","Central India"],"apiVersions":["2023-05-02-preview","2023-05-01","2023-04-01-preview","2023-02-01","2022-11-01-preview","2022-10-01","2022-06-01-preview","2022-03-01"],"defaultApiVersion":"2023-05-01","capabilities":"None"},{"resourceType":"managedEnvironments","locations":["Central
        US EUAP","East US 2 EUAP","North Central US (Stage)","West US 2","Southeast
        Asia","Sweden Central","Canada Central","West Europe","North Europe","East
        US","East US 2","East Asia","Australia East","Germany West Central","Japan
        East","UK South","West US","Central US","North Central US","South Central
        US","Korea Central","Brazil South","West US 3","France Central","South Africa
        North","Norway East","Switzerland North","UAE North","Canada East","West Central
        US","UK West","Central India","Switzerland West"],"apiVersions":["2023-08-01-preview","2023-05-02-preview","2023-05-01","2023-04-01-preview","2022-11-01-preview","2022-10-01","2022-06-01-preview","2022-03-01"],"defaultApiVersion":"2023-05-01","capabilities":"CrossResourceGroupResourceMove,
        CrossSubscriptionResourceMove, SupportsTags, SupportsLocation"},{"resourceType":"managedEnvironments/certificates","locations":["Central
        US EUAP","East US 2 EUAP","North Central US (Stage)","West US 2","Southeast
        Asia","Sweden Central","Canada Central","West Europe","North Europe","East
        US","East US 2","East Asia","Australia East","Germany West Central","Japan
        East","UK South","West US","Central US","North Central US","South Central
        US","Korea Central","Brazil South","West US 3","France Central","South Africa
        North","Norway East","Switzerland North","UAE North","Canada East","West Central
        US","UK West","Central India","Switzerland West"],"apiVersions":["2023-08-01-preview","2023-05-02-preview","2023-05-01","2023-04-01-preview","2022-11-01-preview","2022-10-01","2022-06-01-preview","2022-03-01"],"defaultApiVersion":"2023-05-01","capabilities":"CrossResourceGroupResourceMove,
        CrossSubscriptionResourceMove, SupportsTags, SupportsLocation"},{"resourceType":"managedEnvironments/managedCertificates","locations":["Central
        US EUAP","East US 2 EUAP","North Central US (Stage)","West US 2","Southeast
        Asia","Sweden Central","Canada Central","West Europe","North Europe","East
        US","East US 2","East Asia","Australia East","Germany West Central","Japan
        East","UK South","West US","Central US","North Central US","South Central
        US","Korea Central","Brazil South","West US 3","France Central","South Africa
        North","Norway East","Switzerland North","UAE North","Canada East","West Central
        US","UK West","Central India","Switzerland West"],"apiVersions":["2023-08-01-preview","2023-05-02-preview","2023-05-01","2023-04-01-preview","2022-11-01-preview"],"defaultApiVersion":"2023-05-01","capabilities":"CrossResourceGroupResourceMove,
        CrossSubscriptionResourceMove, SupportsTags, SupportsLocation"},{"resourceType":"containerApps","locations":["Central
        US EUAP","East US 2 EUAP","North Central US (Stage)","West US 2","Southeast
        Asia","Sweden Central","Canada Central","West Europe","North Europe","East
        US","East US 2","East Asia","Australia East","Germany West Central","Japan
        East","UK South","West US","Central US","North Central US","South Central
        US","Korea Central","Brazil South","West US 3","France Central","South Africa
        North","Norway East","Switzerland North","UAE North","Canada East","West Central
        US","UK West","Central India","Switzerland West"],"apiVersions":["2023-08-01-preview","2023-05-02-preview","2023-05-01","2023-04-01-preview","2022-11-01-preview","2022-10-01","2022-06-01-preview","2022-03-01"],"defaultApiVersion":"2023-05-01","capabilities":"CrossResourceGroupResourceMove,
        CrossSubscriptionResourceMove, SystemAssignedResourceIdentity, SupportsTags,
        SupportsLocation"},{"resourceType":"jobs","locations":["Central US EUAP","East
        US 2 EUAP","North Central US (Stage)","West US 2","Southeast Asia","Sweden
        Central","Canada Central","West Europe","North Europe","East US","East US
        2","East Asia","Australia East","Germany West Central","Japan East","UK South","West
        US","Central US","North Central US","South Central US","Korea Central","Brazil
        South","West US 3","France Central","South Africa North","Norway East","Switzerland
        North","UAE North","Canada East","West Central US","UK West","Central India","Switzerland
        West"],"apiVersions":["2023-08-01-preview","2023-05-02-preview","2023-05-01","2023-04-01-preview","2022-11-01-preview"],"defaultApiVersion":"2023-05-01","capabilities":"CrossResourceGroupResourceMove,
        CrossSubscriptionResourceMove, SystemAssignedResourceIdentity, SupportsTags,
        SupportsLocation"},{"resourceType":"locations","locations":[],"apiVersions":["2023-08-01-preview","2023-05-02-preview","2023-05-01","2023-04-01-preview","2022-11-01-preview","2022-10-01","2022-06-01-preview","2022-03-01"],"defaultApiVersion":"2023-05-01","capabilities":"None"},{"resourceType":"locations/managedEnvironmentOperationResults","locations":["Central
        US EUAP","East US 2 EUAP","North Central US (Stage)","West US 2","Southeast
        Asia","Sweden Central","Canada Central","West Europe","North Europe","East
        US","East US 2","East Asia","Australia East","Germany West Central","Japan
        East","UK South","West US","Central US","North Central US","South Central
        US","Korea Central","Brazil South","West US 3","France Central","South Africa
        North","Norway East","Switzerland North","UAE North","Canada East","West Central
        US","UK West","Central India","Switzerland West"],"apiVersions":["2023-08-01-preview","2023-05-02-preview","2023-05-01","2023-04-01-preview","2022-11-01-preview","2022-10-01","2022-06-01-preview","2022-03-01"],"defaultApiVersion":"2023-05-01","capabilities":"None"},{"resourceType":"locations/managedEnvironmentOperationStatuses","locations":["Central
        US EUAP","East US 2 EUAP","North Central US (Stage)","West US 2","Southeast
        Asia","Sweden Central","Canada Central","West Europe","North Europe","East
        US","East US 2","East Asia","Australia East","Germany West Central","Japan
        East","UK South","West US","Central US","North Central US","South Central
        US","Korea Central","Brazil South","West US 3","France Central","South Africa
        North","Norway East","Switzerland North","UAE North","Canada East","West Central
        US","UK West","Central India","Switzerland West"],"apiVersions":["2023-08-01-preview","2023-05-02-preview","2023-05-01","2023-04-01-preview","2022-11-01-preview","2022-10-01","2022-06-01-preview","2022-03-01"],"defaultApiVersion":"2023-05-01","capabilities":"None"},{"resourceType":"locations/containerappOperationResults","locations":["Central
        US EUAP","East US 2 EUAP","North Central US (Stage)","West US 2","Southeast
        Asia","Sweden Central","Canada Central","West Europe","North Europe","East
        US","East US 2","East Asia","Australia East","Germany West Central","Japan
        East","UK South","West US","Central US","North Central US","South Central
        US","Korea Central","Brazil South","West US 3","France Central","South Africa
        North","Norway East","Switzerland North","UAE North","Canada East","West Central
        US","UK West","Central India","Switzerland West"],"apiVersions":["2023-08-01-preview","2023-05-02-preview","2023-05-01","2023-04-01-preview","2022-11-01-preview","2022-10-01","2022-06-01-preview","2022-03-01"],"defaultApiVersion":"2023-05-01","capabilities":"None"},{"resourceType":"locations/containerappOperationStatuses","locations":["Central
        US EUAP","East US 2 EUAP","North Central US (Stage)","West US 2","Southeast
        Asia","Sweden Central","Canada Central","West Europe","North Europe","East
        US","East US 2","East Asia","Australia East","Germany West Central","Japan
        East","UK South","West US","Central US","North Central US","South Central
        US","Korea Central","Brazil South","West US 3","France Central","South Africa
        North","Norway East","Switzerland North","UAE North","Canada East","West Central
        US","UK West","Central India","Switzerland West"],"apiVersions":["2023-08-01-preview","2023-05-02-preview","2023-05-01","2023-04-01-preview","2022-11-01-preview","2022-10-01","2022-06-01-preview","2022-03-01"],"defaultApiVersion":"2023-05-01","capabilities":"None"},{"resourceType":"locations/containerappsjobOperationResults","locations":["Central
        US EUAP","East US 2 EUAP","North Central US (Stage)","West US 2","Southeast
        Asia","Sweden Central","Canada Central","West Europe","North Europe","East
        US","East US 2","East Asia","Australia East","Germany West Central","Japan
        East","UK South","West US","Central US","North Central US","South Central
        US","Korea Central","Brazil South","West US 3","France Central","South Africa
        North","Norway East","Switzerland North","UAE North","Canada East","West Central
        US","UK West","Central India","Switzerland West"],"apiVersions":["2023-08-01-preview","2023-05-02-preview","2023-05-01","2023-04-01-preview","2022-11-01-preview"],"defaultApiVersion":"2023-05-01","capabilities":"None"},{"resourceType":"locations/containerappsjobOperationStatuses","locations":["Central
        US EUAP","East US 2 EUAP","North Central US (Stage)","West US 2","Southeast
        Asia","Sweden Central","Canada Central","West Europe","North Europe","East
        US","East US 2","East Asia","Australia East","Germany West Central","Japan
        East","UK South","West US","Central US","North Central US","South Central
        US","Korea Central","Brazil South","West US 3","France Central","South Africa
        North","Norway East","Switzerland North","UAE North","Canada East","West Central
        US","UK West","Central India","Switzerland West"],"apiVersions":["2023-08-01-preview","2023-05-02-preview","2023-05-01","2023-04-01-preview","2022-11-01-preview"],"defaultApiVersion":"2023-05-01","capabilities":"None"},{"resourceType":"locations/sourceControlOperationResults","locations":["Central
        US EUAP","East US 2 EUAP","North Central US (Stage)","West US 2","Southeast
        Asia","Sweden Central","Canada Central","West Europe","North Europe","East
        US","East US 2","East Asia","Australia East","Germany West Central","Japan
        East","UK South","West US","Central US","North Central US","South Central
        US","Korea Central","Brazil South","West US 3","France Central","South Africa
        North","Norway East","Switzerland North","UAE North","Canada East","West Central
        US","UK West","Central India","Switzerland West"],"apiVersions":["2023-08-01-preview","2023-05-02-preview","2023-05-01","2023-04-01-preview","2022-11-01-preview","2022-10-01","2022-06-01-preview","2022-03-01"],"defaultApiVersion":"2023-05-01","capabilities":"None"},{"resourceType":"locations/sourceControlOperationStatuses","locations":["Central
        US EUAP","East US 2 EUAP","North Central US (Stage)","West US 2","Southeast
        Asia","Sweden Central","Canada Central","West Europe","North Europe","East
        US","East US 2","East Asia","Australia East","Germany West Central","Japan
        East","UK South","West US","Central US","North Central US","South Central
        US","Korea Central","Brazil South","West US 3","France Central","South Africa
        North","Norway East","Switzerland North","UAE North","Canada East","West Central
        US","UK West","Central India","Switzerland West"],"apiVersions":["2023-08-01-preview","2023-05-02-preview","2023-05-01","2023-04-01-preview","2022-11-01-preview","2022-10-01","2022-06-01-preview","2022-03-01"],"defaultApiVersion":"2023-05-01","capabilities":"None"},{"resourceType":"locations/usages","locations":["Central
        US EUAP","East US 2 EUAP","North Central US (Stage)","West US 2","Southeast
        Asia","Sweden Central","Canada Central","West Europe","North Europe","East
        US","East US 2","East Asia","Australia East","Germany West Central","Japan
        East","UK South","West US","Central US","North Central US","South Central
        US","Korea Central","Brazil South","West US 3","France Central","South Africa
        North","Norway East","Switzerland North","UAE North","Canada East","West Central
        US","UK West","Central India","Switzerland West"],"apiVersions":["2023-08-01-preview","2023-05-02-preview"],"defaultApiVersion":"2023-05-02-preview","capabilities":"None"},{"resourceType":"connectedEnvironments","locations":["Central
        US EUAP","East US 2 EUAP","North Central US (Stage)","North Central US","East
        US","East Asia","West Europe","Southeast Asia"],"apiVersions":["2023-08-01-preview","2023-05-02-preview","2023-05-01","2023-04-01-preview","2022-11-01-preview","2022-10-01","2022-06-01-preview"],"defaultApiVersion":"2023-05-01","capabilities":"CrossResourceGroupResourceMove,
        CrossSubscriptionResourceMove, SupportsTags, SupportsLocation"},{"resourceType":"connectedEnvironments/certificates","locations":["Central
        US EUAP","East US 2 EUAP","North Central US (Stage)","North Central US","East
        US","East Asia","West Europe","Southeast Asia"],"apiVersions":["2023-08-01-preview","2023-05-02-preview","2023-05-01","2023-04-01-preview","2022-11-01-preview","2022-10-01","2022-06-01-preview"],"defaultApiVersion":"2023-05-01","capabilities":"CrossResourceGroupResourceMove,
        CrossSubscriptionResourceMove, SupportsTags, SupportsLocation"},{"resourceType":"locations/connectedEnvironmentOperationResults","locations":["Central
        US EUAP","East US 2 EUAP","North Central US (Stage)","North Central US","East
        US","East Asia","West Europe","Southeast Asia"],"apiVersions":["2023-08-01-preview","2023-05-02-preview","2023-05-01","2023-04-01-preview","2022-11-01-preview","2022-10-01","2022-06-01-preview"],"defaultApiVersion":"2023-05-01","capabilities":"None"},{"resourceType":"locations/connectedEnvironmentOperationStatuses","locations":["Central
        US EUAP","East US 2 EUAP","North Central US (Stage)","North Central US","East
        US","East Asia","West Europe","Southeast Asia"],"apiVersions":["2023-08-01-preview","2023-05-02-preview","2023-05-01","2023-04-01-preview","2022-11-01-preview","2022-10-01","2022-06-01-preview"],"defaultApiVersion":"2023-05-01","capabilities":"None"},{"resourceType":"locations/managedCertificateOperationStatuses","locations":["Central
        US EUAP","East US 2 EUAP","North Central US (Stage)","West US 2","Southeast
        Asia","Sweden Central","Canada Central","West Europe","North Europe","East
        US","East US 2","East Asia","Australia East","Germany West Central","Japan
        East","UK South","West US","Central US","North Central US","South Central
        US","Korea Central","Brazil South","West US 3","France Central","South Africa
        North","Norway East","Switzerland North","UAE North","Canada East","West Central
        US","UK West","Central India","Switzerland West"],"apiVersions":["2023-08-01-preview","2023-05-02-preview","2023-05-01","2023-04-01-preview","2022-11-01-preview"],"defaultApiVersion":"2023-05-01","capabilities":"None"},{"resourceType":"locations/billingMeters","locations":["Central
        US EUAP","East US 2 EUAP","North Central US (Stage)","West US 2","Southeast
        Asia","Sweden Central","Canada Central","West Europe","North Europe","East
        US","East US 2","East Asia","Australia East","Germany West Central","Japan
        East","UK South","West US","Central US","North Central US","South Central
        US","Korea Central","Brazil South","West US 3","France Central","South Africa
        North","Norway East","Switzerland North","UAE North","Canada East","West Central
        US","UK West","Central India","Switzerland West"],"apiVersions":["2023-08-01-preview","2023-05-02-preview","2023-05-01","2023-04-01-preview","2022-11-01-preview","2022-10-01","2022-06-01-preview"],"defaultApiVersion":"2023-05-01","capabilities":"None"},{"resourceType":"locations/availableManagedEnvironmentsWorkloadProfileTypes","locations":["Central
        US EUAP","East US 2 EUAP","North Central US (Stage)","West US 2","Southeast
        Asia","Sweden Central","Canada Central","West Europe","North Europe","East
        US","East US 2","East Asia","Australia East","Germany West Central","Japan
        East","UK South","West US","Central US","North Central US","South Central
        US","Korea Central","Brazil South","West US 3","France Central","South Africa
        North","Norway East","Switzerland North","UAE North","Canada East","West Central
        US","UK West","Central India","Switzerland West"],"apiVersions":["2023-08-01-preview","2023-05-02-preview","2023-05-01","2023-04-01-preview","2022-11-01-preview","2022-10-01","2022-06-01-preview"],"defaultApiVersion":"2023-05-01","capabilities":"None"},{"resourceType":"getCustomDomainVerificationId","locations":["Central
        US EUAP","East US 2 EUAP","North Central US (Stage)","West US 2","Southeast
        Asia","Sweden Central","Canada Central","West Europe","North Europe","East
        US","East US 2","East Asia","Australia East","Germany West Central","Japan
        East","UK South","West US","Central US","North Central US","South Central
        US","Korea Central","Brazil South","West US 3","France Central","South Africa
        North","Norway East","Switzerland North","UAE North","Canada East","West Central
        US","UK West","Central India","Switzerland West"],"apiVersions":["2023-08-01-preview","2023-05-02-preview"],"defaultApiVersion":"2023-05-02-preview","capabilities":"None"},{"resourceType":"builders","locations":["North
        Central US (Stage)","Central US EUAP","East US 2 EUAP","West US 2","Southeast
        Asia","Sweden Central","Canada Central","West Europe","North Europe","East
        US","East US 2","East Asia","Australia East","Germany West Central","Japan
        East","UK South","West US","Central US","North Central US","South Central
        US","Korea Central","Brazil South","West US 3","France Central","South Africa
        North","Norway East","Switzerland North","UAE North","Canada East","West Central
        US","UK West","Central India","Switzerland West"],"apiVersions":["2023-08-01-preview"],"defaultApiVersion":"2023-08-01-preview","capabilities":"CrossResourceGroupResourceMove,
        CrossSubscriptionResourceMove, SystemAssignedResourceIdentity, SupportsTags,
        SupportsLocation"},{"resourceType":"builders/builds","locations":["North Central
        US (Stage)","Central US EUAP","East US 2 EUAP","West US 2","Southeast Asia","Sweden
        Central","Canada Central","West Europe","North Europe","East US","East US
        2","East Asia","Australia East","Germany West Central","Japan East","UK South","West
        US","Central US","North Central US","South Central US","Korea Central","Brazil
        South","West US 3","France Central","South Africa North","Norway East","Switzerland
        North","UAE North","Canada East","West Central US","UK West","Central India","Switzerland
        West"],"apiVersions":["2023-08-01-preview"],"defaultApiVersion":"2023-08-01-preview","capabilities":"None"},{"resourceType":"builders/patches","locations":["North
        Central US (Stage)","Central US EUAP","East US 2 EUAP","West US 2","Southeast
        Asia","Sweden Central","Canada Central","West Europe","North Europe","East
        US","East US 2","East Asia","Australia East","Germany West Central","Japan
        East","UK South","West US","Central US","North Central US","South Central
        US","Korea Central","Brazil South","West US 3","France Central","South Africa
        North","Norway East","Switzerland North","UAE North","Canada East","West Central
        US","UK West","Central India","Switzerland West"],"apiVersions":["2023-08-01-preview"],"defaultApiVersion":"2023-08-01-preview","capabilities":"None"},{"resourceType":"locations/OperationResults","locations":["North
        Central US (Stage)","Central US EUAP","East US 2 EUAP","West US 2","Southeast
        Asia","Sweden Central","Canada Central","West Europe","North Europe","East
        US","East US 2","East Asia","Australia East","Germany West Central","Japan
        East","UK South","West US","Central US","North Central US","South Central
        US","Korea Central","Brazil South","West US 3","France Central","South Africa
        North","Norway East","Switzerland North","UAE North","Canada East","West Central
        US","UK West","Central India","Switzerland West"],"apiVersions":["2023-08-01-preview"],"defaultApiVersion":"2023-08-01-preview","capabilities":"None"},{"resourceType":"locations/OperationStatuses","locations":["North
        Central US (Stage)","Central US EUAP","East US 2 EUAP","West US 2","Southeast
        Asia","Sweden Central","Canada Central","West Europe","North Europe","East
        US","East US 2","East Asia","Australia East","Germany West Central","Japan
        East","UK South","West US","Central US","North Central US","South Central
        US","Korea Central","Brazil South","West US 3","France Central","South Africa
        North","Norway East","Switzerland North","UAE North","Canada East","West Central
        US","UK West","Central India","Switzerland West"],"apiVersions":["2023-08-01-preview"],"defaultApiVersion":"2023-08-01-preview","capabilities":"None"}],"registrationState":"Registered","registrationPolicy":"RegistrationRequired"}'
    headers:
      cache-control:
      - no-cache
      content-length:
      - '21376'
      content-type:
      - application/json; charset=utf-8
      date:
      - Wed, 25 Oct 2023 05:31:04 GMT
      expires:
      - '-1'
      pragma:
      - no-cache
      strict-transport-security:
      - max-age=31536000; includeSubDomains
      vary:
      - Accept-Encoding
      x-content-type-options:
      - nosniff
    status:
      code: 200
      message: OK
- request:
    body: null
    headers:
      Accept:
      - '*/*'
      Accept-Encoding:
      - gzip, deflate
      CommandName:
      - containerapp job show
      Connection:
      - keep-alive
      ParameterSetName:
      - -g -n
      User-Agent:
      - python/3.10.11 (Windows-10-10.0.22621-SP0) AZURECLI/2.53.0
    method: GET
    uri: https://management.azure.com/subscriptions/00000000-0000-0000-0000-000000000000/resourceGroups/clitest.rg000001/providers/Microsoft.App/jobs/aca1000004?api-version=2023-05-01
  response:
    body:
      string: '{"id":"/subscriptions/00000000-0000-0000-0000-000000000000/resourceGroups/clitest.rg000001/providers/Microsoft.App/jobs/aca1000004","name":"aca1000004","type":"Microsoft.App/jobs","location":"East
        US","systemData":{"createdBy":"xinyupang@microsoft.com","createdByType":"User","createdAt":"2023-10-25T05:30:53.393527","lastModifiedBy":"xinyupang@microsoft.com","lastModifiedByType":"User","lastModifiedAt":"2023-10-25T05:30:53.393527"},"properties":{"provisioningState":"Succeeded","environmentId":"/subscriptions/00000000-0000-0000-0000-000000000000/resourceGroups/client.env_rg_eastus/providers/Microsoft.App/managedEnvironments/env-eastus","workloadProfileName":"Consumption","configuration":{"secrets":[{"name":"acr000003azurecrio-acr000003"}],"triggerType":"Schedule","replicaTimeout":200,"replicaRetryLimit":2,"manualTriggerConfig":null,"scheduleTriggerConfig":{"replicaCompletionCount":1,"cronExpression":"*/10
        * * * *","parallelism":1},"eventTriggerConfig":null,"registries":[{"server":"acr000003.azurecr.io","username":"acr000003","passwordSecretRef":"acr000003azurecrio-acr000003"}],"dapr":null},"template":{"containers":[{"image":"acr000003.azurecr.io/k8se/quickstart:latest","name":"aca1000004","resources":{"cpu":0.5,"memory":"1Gi"}}],"initContainers":null,"volumes":null},"eventStreamEndpoint":"https://eastus.azurecontainerapps.dev/subscriptions/00000000-0000-0000-0000-000000000000/resourceGroups/clitest.rg000001/containerApps/aca1000004/eventstream"},"identity":{"type":"None"}}'
    headers:
      api-supported-versions:
      - 2022-11-01-preview, 2023-04-01-preview, 2023-05-01, 2023-05-02-preview, 2023-08-01-preview
      cache-control:
      - no-cache
      content-length:
      - '1495'
      content-type:
      - application/json; charset=utf-8
      date:
      - Wed, 25 Oct 2023 05:31:06 GMT
      expires:
      - '-1'
      pragma:
      - no-cache
      server:
      - Microsoft-IIS/10.0
      strict-transport-security:
      - max-age=31536000; includeSubDomains
      transfer-encoding:
      - chunked
      vary:
      - Accept-Encoding,Accept-Encoding
      x-content-type-options:
      - nosniff
      x-powered-by:
      - ASP.NET
    status:
      code: 200
      message: OK
version: 1
