interactions:
- request:
    body: '{"location": "global", "properties": {"zoneType": "Public"}}'
    headers:
      Accept:
      - application/json
      Accept-Encoding:
      - gzip, deflate
      CommandName:
      - network dns zone import
      Connection:
      - keep-alive
      Content-Length:
      - '60'
      Content-Type:
      - application/json
      ParameterSetName:
      - -n -g --file-name
      User-Agent:
      - AZURECLI/2.22.0 azsdk-python-azure-mgmt-dns/8.0.0 Python/3.7.8 (Windows-10-10.0.19041-SP0)
    method: PUT
    uri: https://management.azure.com/subscriptions/00000000-0000-0000-0000-000000000000/resourceGroups/cli_dns_zone3_import000001/providers/Microsoft.Network/dnsZones/zone3.com?api-version=2016-04-01
  response:
    body:
      string: '{"id":"\/subscriptions\/00000000-0000-0000-0000-000000000000\/resourceGroups\/cli_dns_zone3_import000001\/providers\/Microsoft.Network\/dnszones\/zone3.com","name":"zone3.com","type":"Microsoft.Network\/dnszones","etag":"00000002-0000-0000-4374-7cc9f335d701","location":"global","tags":{},"properties":{"maxNumberOfRecordSets":10000,"maxNumberOfRecordsPerRecordSet":null,"nameServers":["ns1-08.azure-dns.com.","ns2-08.azure-dns.net.","ns3-08.azure-dns.org.","ns4-08.azure-dns.info."],"numberOfRecordSets":2,"zoneType":"Public"}}'
    headers:
      cache-control:
      - private
      content-length:
      - '577'
      content-type:
      - application/json; charset=utf-8
      date:
      - Tue, 20 Apr 2021 14:45:22 GMT
      etag:
      - 00000002-0000-0000-4374-7cc9f335d701
      server:
      - Microsoft-IIS/10.0
      strict-transport-security:
      - max-age=31536000; includeSubDomains
      x-content-type-options:
      - nosniff
      x-ms-ratelimit-remaining-subscription-resource-requests:
      - '11999'
      x-powered-by:
      - ASP.NET
    status:
      code: 201
      message: Created
- request:
    body: null
    headers:
      Accept:
      - application/json
      Accept-Encoding:
      - gzip, deflate
      CommandName:
      - network dns zone import
      Connection:
      - keep-alive
      ParameterSetName:
      - -n -g --file-name
      User-Agent:
      - AZURECLI/2.22.0 azsdk-python-azure-mgmt-dns/8.0.0 Python/3.7.8 (Windows-10-10.0.19041-SP0)
    method: GET
    uri: https://management.azure.com/subscriptions/00000000-0000-0000-0000-000000000000/resourceGroups/cli_dns_zone3_import000001/providers/Microsoft.Network/dnsZones/zone3.com/SOA/@?api-version=2016-04-01
  response:
    body:
      string: '{"id":"\/subscriptions\/00000000-0000-0000-0000-000000000000\/resourceGroups\/cli_dns_zone3_import000001\/providers\/Microsoft.Network\/dnszones\/zone3.com\/SOA\/@","name":"@","type":"Microsoft.Network\/dnszones\/SOA","etag":"129a9fd9-f40a-408b-a02a-58d596a68b30","properties":{"fqdn":"zone3.com.","TTL":3600,"SOARecord":{"email":"azuredns-hostmaster.microsoft.com","expireTime":2419200,"host":"ns1-08.azure-dns.com.","minimumTTL":300,"refreshTime":3600,"retryTime":300,"serialNumber":1}}}'
    headers:
      cache-control:
      - private
      content-length:
      - '538'
      content-type:
      - application/json; charset=utf-8
      date:
      - Tue, 20 Apr 2021 14:45:24 GMT
      etag:
      - 129a9fd9-f40a-408b-a02a-58d596a68b30
      server:
      - Microsoft-IIS/10.0
      strict-transport-security:
      - max-age=31536000; includeSubDomains
      transfer-encoding:
      - chunked
      vary:
      - Accept-Encoding
      x-content-type-options:
      - nosniff
      x-ms-ratelimit-remaining-subscription-resource-requests:
      - '499'
      x-powered-by:
      - ASP.NET
    status:
      code: 200
      message: OK
- request:
    body: '{"properties": {"TTL": 86400, "SOARecord": {"host": "ns1-08.azure-dns.com.",
      "email": "hostmaster.zone3.com.", "serialNumber": 2003080800, "refreshTime":
      43200, "retryTime": 900, "expireTime": 1814400, "minimumTTL": 10800}}}'
    headers:
      Accept:
      - application/json
      Accept-Encoding:
      - gzip, deflate
      CommandName:
      - network dns zone import
      Connection:
      - keep-alive
      Content-Length:
      - '224'
      Content-Type:
      - application/json
      ParameterSetName:
      - -n -g --file-name
      User-Agent:
      - AZURECLI/2.22.0 azsdk-python-azure-mgmt-dns/8.0.0 Python/3.7.8 (Windows-10-10.0.19041-SP0)
    method: PUT
    uri: https://management.azure.com/subscriptions/00000000-0000-0000-0000-000000000000/resourceGroups/cli_dns_zone3_import000001/providers/Microsoft.Network/dnsZones/zone3.com/soa/@?api-version=2016-04-01
  response:
    body:
      string: '{"id":"\/subscriptions\/00000000-0000-0000-0000-000000000000\/resourceGroups\/cli_dns_zone3_import000001\/providers\/Microsoft.Network\/dnszones\/zone3.com\/SOA\/@","name":"@","type":"Microsoft.Network\/dnszones\/SOA","etag":"7bf9cc57-dad0-4442-a457-9715e9e79962","properties":{"fqdn":"zone3.com.","TTL":86400,"SOARecord":{"email":"hostmaster.zone3.com.","expireTime":1814400,"host":"ns1-08.azure-dns.com.","minimumTTL":10800,"refreshTime":43200,"retryTime":900,"serialNumber":2003080800}}}'
    headers:
      cache-control:
      - private
      content-length:
      - '539'
      content-type:
      - application/json; charset=utf-8
      date:
      - Tue, 20 Apr 2021 14:45:26 GMT
      etag:
      - 7bf9cc57-dad0-4442-a457-9715e9e79962
      server:
      - Microsoft-IIS/10.0
      strict-transport-security:
      - max-age=31536000; includeSubDomains
      transfer-encoding:
      - chunked
      vary:
      - Accept-Encoding
      x-content-type-options:
      - nosniff
      x-ms-ratelimit-remaining-subscription-resource-requests:
      - '11999'
      x-powered-by:
      - ASP.NET
    status:
      code: 200
      message: OK
- request:
    body: null
    headers:
      Accept:
      - application/json
      Accept-Encoding:
      - gzip, deflate
      CommandName:
      - network dns zone import
      Connection:
      - keep-alive
      ParameterSetName:
      - -n -g --file-name
      User-Agent:
      - AZURECLI/2.22.0 azsdk-python-azure-mgmt-dns/8.0.0 Python/3.7.8 (Windows-10-10.0.19041-SP0)
    method: GET
    uri: https://management.azure.com/subscriptions/00000000-0000-0000-0000-000000000000/resourceGroups/cli_dns_zone3_import000001/providers/Microsoft.Network/dnsZones/zone3.com/NS/@?api-version=2016-04-01
  response:
    body:
      string: '{"id":"\/subscriptions\/00000000-0000-0000-0000-000000000000\/resourceGroups\/cli_dns_zone3_import000001\/providers\/Microsoft.Network\/dnszones\/zone3.com\/NS\/@","name":"@","type":"Microsoft.Network\/dnszones\/NS","etag":"021c012c-766d-4473-a983-ced37dc24c03","properties":{"fqdn":"zone3.com.","TTL":172800,"NSRecords":[{"nsdname":"ns1-08.azure-dns.com."},{"nsdname":"ns2-08.azure-dns.net."},{"nsdname":"ns3-08.azure-dns.org."},{"nsdname":"ns4-08.azure-dns.info."}]}}'
    headers:
      cache-control:
      - private
      content-length:
      - '518'
      content-type:
      - application/json; charset=utf-8
      date:
      - Tue, 20 Apr 2021 14:45:27 GMT
      etag:
      - 021c012c-766d-4473-a983-ced37dc24c03
      server:
      - Microsoft-IIS/10.0
      strict-transport-security:
      - max-age=31536000; includeSubDomains
      transfer-encoding:
      - chunked
      vary:
      - Accept-Encoding
      x-content-type-options:
      - nosniff
      x-ms-ratelimit-remaining-subscription-resource-requests:
      - '499'
      x-powered-by:
      - ASP.NET
    status:
      code: 200
      message: OK
- request:
    body: '{"id": "/subscriptions/00000000-0000-0000-0000-000000000000/resourceGroups/cli_dns_zone3_import000001/providers/Microsoft.Network/dnszones/zone3.com/NS/@",
      "name": "@", "type": "Microsoft.Network/dnszones/NS", "etag": "021c012c-766d-4473-a983-ced37dc24c03",
      "properties": {"TTL": 86400, "NSRecords": [{"nsdname": "ns1-08.azure-dns.com."},
      {"nsdname": "ns2-08.azure-dns.net."}, {"nsdname": "ns3-08.azure-dns.org."},
      {"nsdname": "ns4-08.azure-dns.info."}]}}'
    headers:
      Accept:
      - application/json
      Accept-Encoding:
      - gzip, deflate
      CommandName:
      - network dns zone import
      Connection:
      - keep-alive
      Content-Length:
      - '504'
      Content-Type:
      - application/json
      ParameterSetName:
      - -n -g --file-name
      User-Agent:
      - AZURECLI/2.22.0 azsdk-python-azure-mgmt-dns/8.0.0 Python/3.7.8 (Windows-10-10.0.19041-SP0)
    method: PUT
    uri: https://management.azure.com/subscriptions/00000000-0000-0000-0000-000000000000/resourceGroups/cli_dns_zone3_import000001/providers/Microsoft.Network/dnsZones/zone3.com/NS/@?api-version=2016-04-01
  response:
    body:
      string: '{"id":"\/subscriptions\/00000000-0000-0000-0000-000000000000\/resourceGroups\/cli_dns_zone3_import000001\/providers\/Microsoft.Network\/dnszones\/zone3.com\/NS\/@","name":"@","type":"Microsoft.Network\/dnszones\/NS","etag":"a4410cbb-bc4a-4a70-8432-e59c3bf996d4","properties":{"fqdn":"zone3.com.","TTL":86400,"NSRecords":[{"nsdname":"ns1-08.azure-dns.com."},{"nsdname":"ns2-08.azure-dns.net."},{"nsdname":"ns3-08.azure-dns.org."},{"nsdname":"ns4-08.azure-dns.info."}]}}'
    headers:
      cache-control:
      - private
      content-length:
      - '517'
      content-type:
      - application/json; charset=utf-8
      date:
      - Tue, 20 Apr 2021 14:45:29 GMT
      etag:
      - a4410cbb-bc4a-4a70-8432-e59c3bf996d4
      server:
      - Microsoft-IIS/10.0
      strict-transport-security:
      - max-age=31536000; includeSubDomains
      transfer-encoding:
      - chunked
      vary:
      - Accept-Encoding
      x-content-type-options:
      - nosniff
      x-ms-ratelimit-remaining-subscription-resource-requests:
      - '11999'
      x-powered-by:
      - ASP.NET
    status:
      code: 200
      message: OK
- request:
    body: '{"properties": {"TTL": 3600, "ARecords": [{"ipv4Address": "1.2.3.4"}]}}'
    headers:
      Accept:
      - application/json
      Accept-Encoding:
      - gzip, deflate
      CommandName:
      - network dns zone import
      Connection:
      - keep-alive
      Content-Length:
      - '71'
      Content-Type:
      - application/json
      ParameterSetName:
      - -n -g --file-name
      User-Agent:
      - AZURECLI/2.22.0 azsdk-python-azure-mgmt-dns/8.0.0 Python/3.7.8 (Windows-10-10.0.19041-SP0)
    method: PUT
    uri: https://management.azure.com/subscriptions/00000000-0000-0000-0000-000000000000/resourceGroups/cli_dns_zone3_import000001/providers/Microsoft.Network/dnsZones/zone3.com/a/test-a?api-version=2016-04-01
  response:
    body:
      string: '{"id":"\/subscriptions\/00000000-0000-0000-0000-000000000000\/resourceGroups\/cli_dns_zone3_import000001\/providers\/Microsoft.Network\/dnszones\/zone3.com\/A\/test-a","name":"test-a","type":"Microsoft.Network\/dnszones\/A","etag":"30e4b113-d091-4180-90cc-a857f7c074ec","properties":{"fqdn":"test-a.zone3.com.","TTL":3600,"ARecords":[{"ipv4Address":"1.2.3.4"}]}}'
    headers:
      cache-control:
      - private
      content-length:
      - '411'
      content-type:
      - application/json; charset=utf-8
      date:
      - Tue, 20 Apr 2021 14:45:30 GMT
      etag:
      - 30e4b113-d091-4180-90cc-a857f7c074ec
      server:
      - Microsoft-IIS/10.0
      strict-transport-security:
      - max-age=31536000; includeSubDomains
      x-content-type-options:
      - nosniff
      x-ms-ratelimit-remaining-subscription-resource-requests:
      - '11999'
      x-powered-by:
      - ASP.NET
    status:
      code: 201
      message: Created
- request:
    body: '{"properties": {"TTL": 3600, "AAAARecords": [{"ipv6Address": "2001:cafe:130::100"}]}}'
    headers:
      Accept:
      - application/json
      Accept-Encoding:
      - gzip, deflate
      CommandName:
      - network dns zone import
      Connection:
      - keep-alive
      Content-Length:
      - '85'
      Content-Type:
      - application/json
      ParameterSetName:
      - -n -g --file-name
      User-Agent:
      - AZURECLI/2.22.0 azsdk-python-azure-mgmt-dns/8.0.0 Python/3.7.8 (Windows-10-10.0.19041-SP0)
    method: PUT
    uri: https://management.azure.com/subscriptions/00000000-0000-0000-0000-000000000000/resourceGroups/cli_dns_zone3_import000001/providers/Microsoft.Network/dnsZones/zone3.com/aaaa/test-aaaa?api-version=2016-04-01
  response:
    body:
      string: '{"id":"\/subscriptions\/00000000-0000-0000-0000-000000000000\/resourceGroups\/cli_dns_zone3_import000001\/providers\/Microsoft.Network\/dnszones\/zone3.com\/AAAA\/test-aaaa","name":"test-aaaa","type":"Microsoft.Network\/dnszones\/AAAA","etag":"fb0238d4-7855-43c0-9e3d-f8026e8c46d5","properties":{"fqdn":"test-aaaa.zone3.com.","TTL":3600,"AAAARecords":[{"ipv6Address":"2001:cafe:130::100"}]}}'
    headers:
      cache-control:
      - private
      content-length:
      - '440'
      content-type:
      - application/json; charset=utf-8
      date:
      - Tue, 20 Apr 2021 14:45:32 GMT
      etag:
      - fb0238d4-7855-43c0-9e3d-f8026e8c46d5
      server:
      - Microsoft-IIS/10.0
      strict-transport-security:
      - max-age=31536000; includeSubDomains
      x-content-type-options:
      - nosniff
      x-ms-ratelimit-remaining-subscription-resource-requests:
      - '11999'
      x-powered-by:
      - ASP.NET
    status:
      code: 201
      message: Created
- request:
    body: '{"properties": {"TTL": 3600, "CNAMERecord": {"cname": "target.com."}}}'
    headers:
      Accept:
      - application/json
      Accept-Encoding:
      - gzip, deflate
      CommandName:
      - network dns zone import
      Connection:
      - keep-alive
      Content-Length:
      - '70'
      Content-Type:
      - application/json
      ParameterSetName:
      - -n -g --file-name
      User-Agent:
      - AZURECLI/2.22.0 azsdk-python-azure-mgmt-dns/8.0.0 Python/3.7.8 (Windows-10-10.0.19041-SP0)
    method: PUT
    uri: https://management.azure.com/subscriptions/00000000-0000-0000-0000-000000000000/resourceGroups/cli_dns_zone3_import000001/providers/Microsoft.Network/dnsZones/zone3.com/cname/test-cname?api-version=2016-04-01
  response:
    body:
      string: '{"id":"\/subscriptions\/00000000-0000-0000-0000-000000000000\/resourceGroups\/cli_dns_zone3_import000001\/providers\/Microsoft.Network\/dnszones\/zone3.com\/CNAME\/test-cname","name":"test-cname","type":"Microsoft.Network\/dnszones\/CNAME","etag":"dacc0f57-7235-4d35-a953-95761ff9ce48","properties":{"fqdn":"test-cname.zone3.com.","TTL":3600,"CNAMERecord":{"cname":"target.com."}}}'
    headers:
      cache-control:
      - private
      content-length:
      - '430'
      content-type:
      - application/json; charset=utf-8
      date:
      - Tue, 20 Apr 2021 14:45:33 GMT
      etag:
      - dacc0f57-7235-4d35-a953-95761ff9ce48
      server:
      - Microsoft-IIS/10.0
      strict-transport-security:
      - max-age=31536000; includeSubDomains
      x-content-type-options:
      - nosniff
      x-ms-ratelimit-remaining-subscription-resource-requests:
      - '11998'
      x-powered-by:
      - ASP.NET
    status:
      code: 201
      message: Created
- request:
    body: '{"properties": {"TTL": 3600, "MXRecords": [{"preference": 10, "exchange":
      "mail.com."}]}}'
    headers:
      Accept:
      - application/json
      Accept-Encoding:
      - gzip, deflate
      CommandName:
      - network dns zone import
      Connection:
      - keep-alive
      Content-Length:
      - '89'
      Content-Type:
      - application/json
      ParameterSetName:
      - -n -g --file-name
      User-Agent:
      - AZURECLI/2.22.0 azsdk-python-azure-mgmt-dns/8.0.0 Python/3.7.8 (Windows-10-10.0.19041-SP0)
    method: PUT
    uri: https://management.azure.com/subscriptions/00000000-0000-0000-0000-000000000000/resourceGroups/cli_dns_zone3_import000001/providers/Microsoft.Network/dnsZones/zone3.com/mx/test-mx?api-version=2016-04-01
  response:
    body:
      string: '{"id":"\/subscriptions\/00000000-0000-0000-0000-000000000000\/resourceGroups\/cli_dns_zone3_import000001\/providers\/Microsoft.Network\/dnszones\/zone3.com\/MX\/test-mx","name":"test-mx","type":"Microsoft.Network\/dnszones\/MX","etag":"aac7407c-87a2-4108-9f84-a9633bb2bce3","properties":{"fqdn":"test-mx.zone3.com.","TTL":3600,"MXRecords":[{"exchange":"mail.com.","preference":10}]}}'
    headers:
      cache-control:
      - private
      content-length:
      - '432'
      content-type:
      - application/json; charset=utf-8
      date:
      - Tue, 20 Apr 2021 14:45:35 GMT
      etag:
      - aac7407c-87a2-4108-9f84-a9633bb2bce3
      server:
      - Microsoft-IIS/10.0
      strict-transport-security:
      - max-age=31536000; includeSubDomains
      x-content-type-options:
      - nosniff
      x-ms-ratelimit-remaining-subscription-resource-requests:
      - '11999'
      x-powered-by:
      - ASP.NET
    status:
      code: 201
      message: Created
- request:
    body: '{"properties": {"TTL": 3600, "NSRecords": [{"nsdname": "ns1.com."}]}}'
    headers:
      Accept:
      - application/json
      Accept-Encoding:
      - gzip, deflate
      CommandName:
      - network dns zone import
      Connection:
      - keep-alive
      Content-Length:
      - '69'
      Content-Type:
      - application/json
      ParameterSetName:
      - -n -g --file-name
      User-Agent:
      - AZURECLI/2.22.0 azsdk-python-azure-mgmt-dns/8.0.0 Python/3.7.8 (Windows-10-10.0.19041-SP0)
    method: PUT
    uri: https://management.azure.com/subscriptions/00000000-0000-0000-0000-000000000000/resourceGroups/cli_dns_zone3_import000001/providers/Microsoft.Network/dnsZones/zone3.com/ns/test-ns?api-version=2016-04-01
  response:
    body:
      string: '{"id":"\/subscriptions\/00000000-0000-0000-0000-000000000000\/resourceGroups\/cli_dns_zone3_import000001\/providers\/Microsoft.Network\/dnszones\/zone3.com\/NS\/test-ns","name":"test-ns","type":"Microsoft.Network\/dnszones\/NS","etag":"c54db1e3-5e19-43a8-974c-f8a54134b3ac","properties":{"fqdn":"test-ns.zone3.com.","TTL":3600,"NSRecords":[{"nsdname":"ns1.com."}]}}'
    headers:
      cache-control:
      - private
      content-length:
      - '414'
      content-type:
      - application/json; charset=utf-8
      date:
      - Tue, 20 Apr 2021 14:45:36 GMT
      etag:
      - c54db1e3-5e19-43a8-974c-f8a54134b3ac
      server:
      - Microsoft-IIS/10.0
      strict-transport-security:
      - max-age=31536000; includeSubDomains
      x-content-type-options:
      - nosniff
      x-ms-ratelimit-remaining-subscription-resource-requests:
      - '11998'
      x-powered-by:
      - ASP.NET
    status:
      code: 201
      message: Created
- request:
    body: '{"properties": {"TTL": 3600, "SRVRecords": [{"priority": 1, "weight": 2,
      "port": 3, "target": "target.com."}]}}'
    headers:
      Accept:
      - application/json
      Accept-Encoding:
      - gzip, deflate
      CommandName:
      - network dns zone import
      Connection:
      - keep-alive
      Content-Length:
      - '111'
      Content-Type:
      - application/json
      ParameterSetName:
      - -n -g --file-name
      User-Agent:
      - AZURECLI/2.22.0 azsdk-python-azure-mgmt-dns/8.0.0 Python/3.7.8 (Windows-10-10.0.19041-SP0)
    method: PUT
    uri: https://management.azure.com/subscriptions/00000000-0000-0000-0000-000000000000/resourceGroups/cli_dns_zone3_import000001/providers/Microsoft.Network/dnsZones/zone3.com/srv/_sip._tcp.test-srv?api-version=2016-04-01
  response:
    body:
      string: '{"id":"\/subscriptions\/00000000-0000-0000-0000-000000000000\/resourceGroups\/cli_dns_zone3_import000001\/providers\/Microsoft.Network\/dnszones\/zone3.com\/SRV\/_sip._tcp.test-srv","name":"_sip._tcp.test-srv","type":"Microsoft.Network\/dnszones\/SRV","etag":"7fe5aeeb-6d76-4b79-a885-b1840ab1c37f","properties":{"fqdn":"_sip._tcp.test-srv.zone3.com.","TTL":3600,"SRVRecords":[{"port":3,"priority":1,"target":"target.com.","weight":2}]}}'
    headers:
      cache-control:
      - private
      content-length:
      - '485'
      content-type:
      - application/json; charset=utf-8
      date:
      - Tue, 20 Apr 2021 14:45:37 GMT
      etag:
      - 7fe5aeeb-6d76-4b79-a885-b1840ab1c37f
      server:
      - Microsoft-IIS/10.0
      strict-transport-security:
      - max-age=31536000; includeSubDomains
      x-content-type-options:
      - nosniff
      x-ms-ratelimit-remaining-subscription-resource-requests:
      - '11999'
      x-powered-by:
      - ASP.NET
    status:
      code: 201
      message: Created
- request:
    body: '{"properties": {"TTL": 3600, "TXTRecords": [{"value": ["string 1"]}]}}'
    headers:
      Accept:
      - application/json
      Accept-Encoding:
      - gzip, deflate
      CommandName:
      - network dns zone import
      Connection:
      - keep-alive
      Content-Length:
      - '70'
      Content-Type:
      - application/json
      ParameterSetName:
      - -n -g --file-name
      User-Agent:
      - AZURECLI/2.22.0 azsdk-python-azure-mgmt-dns/8.0.0 Python/3.7.8 (Windows-10-10.0.19041-SP0)
    method: PUT
    uri: https://management.azure.com/subscriptions/00000000-0000-0000-0000-000000000000/resourceGroups/cli_dns_zone3_import000001/providers/Microsoft.Network/dnsZones/zone3.com/txt/test-txt?api-version=2016-04-01
  response:
    body:
      string: '{"id":"\/subscriptions\/00000000-0000-0000-0000-000000000000\/resourceGroups\/cli_dns_zone3_import000001\/providers\/Microsoft.Network\/dnszones\/zone3.com\/TXT\/test-txt","name":"test-txt","type":"Microsoft.Network\/dnszones\/TXT","etag":"ba7c9007-183a-4902-a84d-c221418a8435","properties":{"fqdn":"test-txt.zone3.com.","TTL":3600,"TXTRecords":[{"value":["string
        1"]}]}}'
    headers:
      cache-control:
      - private
      content-length:
      - '420'
      content-type:
      - application/json; charset=utf-8
      date:
      - Tue, 20 Apr 2021 14:45:39 GMT
      etag:
      - ba7c9007-183a-4902-a84d-c221418a8435
      server:
      - Microsoft-IIS/10.0
      strict-transport-security:
      - max-age=31536000; includeSubDomains
      x-content-type-options:
      - nosniff
      x-ms-ratelimit-remaining-subscription-resource-requests:
      - '11998'
      x-powered-by:
      - ASP.NET
    status:
      code: 201
      message: Created
- request:
    body: '{"properties": {"TTL": 3600, "ARecords": [{"ipv4Address": "12.1.2.3"},
      {"ipv4Address": "12.2.3.4"}, {"ipv4Address": "12.3.4.5"}, {"ipv4Address": "12.4.5.6"}]}}'
    headers:
      Accept:
      - application/json
      Accept-Encoding:
      - gzip, deflate
      CommandName:
      - network dns zone import
      Connection:
      - keep-alive
      Content-Length:
      - '159'
      Content-Type:
      - application/json
      ParameterSetName:
      - -n -g --file-name
      User-Agent:
      - AZURECLI/2.22.0 azsdk-python-azure-mgmt-dns/8.0.0 Python/3.7.8 (Windows-10-10.0.19041-SP0)
    method: PUT
    uri: https://management.azure.com/subscriptions/00000000-0000-0000-0000-000000000000/resourceGroups/cli_dns_zone3_import000001/providers/Microsoft.Network/dnsZones/zone3.com/a/d1?api-version=2016-04-01
  response:
    body:
      string: '{"id":"\/subscriptions\/00000000-0000-0000-0000-000000000000\/resourceGroups\/cli_dns_zone3_import000001\/providers\/Microsoft.Network\/dnszones\/zone3.com\/A\/d1","name":"d1","type":"Microsoft.Network\/dnszones\/A","etag":"f4d28367-d900-4f19-88a0-702fd47e06f8","properties":{"fqdn":"d1.zone3.com.","TTL":3600,"ARecords":[{"ipv4Address":"12.1.2.3"},{"ipv4Address":"12.2.3.4"},{"ipv4Address":"12.3.4.5"},{"ipv4Address":"12.4.5.6"}]}}'
    headers:
      cache-control:
      - private
      content-length:
      - '481'
      content-type:
      - application/json; charset=utf-8
      date:
      - Tue, 20 Apr 2021 14:45:40 GMT
      etag:
      - f4d28367-d900-4f19-88a0-702fd47e06f8
      server:
      - Microsoft-IIS/10.0
      strict-transport-security:
      - max-age=31536000; includeSubDomains
      x-content-type-options:
      - nosniff
      x-ms-ratelimit-remaining-subscription-resource-requests:
      - '11998'
      x-powered-by:
      - ASP.NET
    status:
      code: 201
      message: Created
- request:
    body: '{"properties": {"TTL": 3600, "NSRecords": [{"nsdname": "hood.com."}]}}'
    headers:
      Accept:
      - application/json
      Accept-Encoding:
      - gzip, deflate
      CommandName:
      - network dns zone import
      Connection:
      - keep-alive
      Content-Length:
      - '70'
      Content-Type:
      - application/json
      ParameterSetName:
      - -n -g --file-name
      User-Agent:
      - AZURECLI/2.22.0 azsdk-python-azure-mgmt-dns/8.0.0 Python/3.7.8 (Windows-10-10.0.19041-SP0)
    method: PUT
    uri: https://management.azure.com/subscriptions/00000000-0000-0000-0000-000000000000/resourceGroups/cli_dns_zone3_import000001/providers/Microsoft.Network/dnsZones/zone3.com/ns/d1?api-version=2016-04-01
  response:
    body:
      string: '{"id":"\/subscriptions\/00000000-0000-0000-0000-000000000000\/resourceGroups\/cli_dns_zone3_import000001\/providers\/Microsoft.Network\/dnszones\/zone3.com\/NS\/d1","name":"d1","type":"Microsoft.Network\/dnszones\/NS","etag":"f2dbe617-ddbe-48c4-bed1-2eea53e21c68","properties":{"fqdn":"d1.zone3.com.","TTL":3600,"NSRecords":[{"nsdname":"hood.com."}]}}'
    headers:
      cache-control:
      - private
      content-length:
      - '400'
      content-type:
      - application/json; charset=utf-8
      date:
      - Tue, 20 Apr 2021 14:45:41 GMT
      etag:
      - f2dbe617-ddbe-48c4-bed1-2eea53e21c68
      server:
      - Microsoft-IIS/10.0
      strict-transport-security:
      - max-age=31536000; includeSubDomains
      x-content-type-options:
      - nosniff
      x-ms-ratelimit-remaining-subscription-resource-requests:
      - '11997'
      x-powered-by:
      - ASP.NET
    status:
      code: 201
      message: Created
- request:
    body: '{"properties": {"TTL": 3600, "TXTRecords": [{"value": ["fishfishfish"]}]}}'
    headers:
      Accept:
      - application/json
      Accept-Encoding:
      - gzip, deflate
      CommandName:
      - network dns zone import
      Connection:
      - keep-alive
      Content-Length:
      - '74'
      Content-Type:
      - application/json
      ParameterSetName:
      - -n -g --file-name
      User-Agent:
      - AZURECLI/2.22.0 azsdk-python-azure-mgmt-dns/8.0.0 Python/3.7.8 (Windows-10-10.0.19041-SP0)
    method: PUT
    uri: https://management.azure.com/subscriptions/00000000-0000-0000-0000-000000000000/resourceGroups/cli_dns_zone3_import000001/providers/Microsoft.Network/dnsZones/zone3.com/txt/d1?api-version=2016-04-01
  response:
    body:
      string: '{"id":"\/subscriptions\/00000000-0000-0000-0000-000000000000\/resourceGroups\/cli_dns_zone3_import000001\/providers\/Microsoft.Network\/dnszones\/zone3.com\/TXT\/d1","name":"d1","type":"Microsoft.Network\/dnszones\/TXT","etag":"7a97743f-1787-424e-a538-de9856808d2c","properties":{"fqdn":"d1.zone3.com.","TTL":3600,"TXTRecords":[{"value":["fishfishfish"]}]}}'
    headers:
      cache-control:
      - private
      content-length:
      - '406'
      content-type:
      - application/json; charset=utf-8
      date:
      - Tue, 20 Apr 2021 14:45:43 GMT
      etag:
      - 7a97743f-1787-424e-a538-de9856808d2c
      server:
      - Microsoft-IIS/10.0
      strict-transport-security:
      - max-age=31536000; includeSubDomains
      x-content-type-options:
      - nosniff
      x-ms-ratelimit-remaining-subscription-resource-requests:
      - '11997'
      x-powered-by:
      - ASP.NET
    status:
      code: 201
      message: Created
- request:
    body: '{"properties": {"TTL": 3600, "ARecords": [{"ipv4Address": "11.1.2.3"},
      {"ipv4Address": "11.2.3.3"}]}}'
    headers:
      Accept:
      - application/json
      Accept-Encoding:
      - gzip, deflate
      CommandName:
      - network dns zone import
      Connection:
      - keep-alive
      Content-Length:
      - '101'
      Content-Type:
      - application/json
      ParameterSetName:
      - -n -g --file-name
      User-Agent:
      - AZURECLI/2.22.0 azsdk-python-azure-mgmt-dns/8.0.0 Python/3.7.8 (Windows-10-10.0.19041-SP0)
    method: PUT
    uri: https://management.azure.com/subscriptions/00000000-0000-0000-0000-000000000000/resourceGroups/cli_dns_zone3_import000001/providers/Microsoft.Network/dnsZones/zone3.com/a/f1?api-version=2016-04-01
  response:
    body:
      string: '{"id":"\/subscriptions\/00000000-0000-0000-0000-000000000000\/resourceGroups\/cli_dns_zone3_import000001\/providers\/Microsoft.Network\/dnszones\/zone3.com\/A\/f1","name":"f1","type":"Microsoft.Network\/dnszones\/A","etag":"5821b0e0-b6a1-43ac-b4d8-6dcbeea4a0df","properties":{"fqdn":"f1.zone3.com.","TTL":3600,"ARecords":[{"ipv4Address":"11.1.2.3"},{"ipv4Address":"11.2.3.3"}]}}'
    headers:
      cache-control:
      - private
      content-length:
      - '427'
      content-type:
      - application/json; charset=utf-8
      date:
      - Tue, 20 Apr 2021 14:45:44 GMT
      etag:
      - 5821b0e0-b6a1-43ac-b4d8-6dcbeea4a0df
      server:
      - Microsoft-IIS/10.0
      strict-transport-security:
      - max-age=31536000; includeSubDomains
      x-content-type-options:
      - nosniff
      x-ms-ratelimit-remaining-subscription-resource-requests:
      - '11997'
      x-powered-by:
      - ASP.NET
    status:
      code: 201
      message: Created
- request:
    body: '{"properties": {"TTL": 3600, "ARecords": [{"ipv4Address": "11.2.3.4"},
      {"ipv4Address": "11.5.6.7"}]}}'
    headers:
      Accept:
      - application/json
      Accept-Encoding:
      - gzip, deflate
      CommandName:
      - network dns zone import
      Connection:
      - keep-alive
      Content-Length:
      - '101'
      Content-Type:
      - application/json
      ParameterSetName:
      - -n -g --file-name
      User-Agent:
      - AZURECLI/2.22.0 azsdk-python-azure-mgmt-dns/8.0.0 Python/3.7.8 (Windows-10-10.0.19041-SP0)
    method: PUT
    uri: https://management.azure.com/subscriptions/00000000-0000-0000-0000-000000000000/resourceGroups/cli_dns_zone3_import000001/providers/Microsoft.Network/dnsZones/zone3.com/a/f2?api-version=2016-04-01
  response:
    body:
      string: '{"id":"\/subscriptions\/00000000-0000-0000-0000-000000000000\/resourceGroups\/cli_dns_zone3_import000001\/providers\/Microsoft.Network\/dnszones\/zone3.com\/A\/f2","name":"f2","type":"Microsoft.Network\/dnszones\/A","etag":"2ae99b42-a3e3-4679-8fe8-89bc9004600f","properties":{"fqdn":"f2.zone3.com.","TTL":3600,"ARecords":[{"ipv4Address":"11.2.3.4"},{"ipv4Address":"11.5.6.7"}]}}'
    headers:
      cache-control:
      - private
      content-length:
      - '427'
      content-type:
      - application/json; charset=utf-8
      date:
      - Tue, 20 Apr 2021 14:45:45 GMT
      etag:
      - 2ae99b42-a3e3-4679-8fe8-89bc9004600f
      server:
      - Microsoft-IIS/10.0
      strict-transport-security:
      - max-age=31536000; includeSubDomains
      x-content-type-options:
      - nosniff
      x-ms-ratelimit-remaining-subscription-resource-requests:
      - '11996'
      x-powered-by:
      - ASP.NET
    status:
      code: 201
      message: Created
- request:
    body: '{"properties": {"TTL": 3600, "SRVRecords": [{"priority": 10, "weight":
      20, "port": 30, "target": "foo.com."}]}}'
    headers:
      Accept:
      - application/json
      Accept-Encoding:
      - gzip, deflate
      CommandName:
      - network dns zone import
      Connection:
      - keep-alive
      Content-Length:
      - '111'
      Content-Type:
      - application/json
      ParameterSetName:
      - -n -g --file-name
      User-Agent:
      - AZURECLI/2.22.0 azsdk-python-azure-mgmt-dns/8.0.0 Python/3.7.8 (Windows-10-10.0.19041-SP0)
    method: PUT
    uri: https://management.azure.com/subscriptions/00000000-0000-0000-0000-000000000000/resourceGroups/cli_dns_zone3_import000001/providers/Microsoft.Network/dnsZones/zone3.com/srv/_sip._tcp?api-version=2016-04-01
  response:
    body:
      string: '{"id":"\/subscriptions\/00000000-0000-0000-0000-000000000000\/resourceGroups\/cli_dns_zone3_import000001\/providers\/Microsoft.Network\/dnszones\/zone3.com\/SRV\/_sip._tcp","name":"_sip._tcp","type":"Microsoft.Network\/dnszones\/SRV","etag":"7b750815-c31a-4278-a556-de8bca1d581e","properties":{"fqdn":"_sip._tcp.zone3.com.","TTL":3600,"SRVRecords":[{"port":30,"priority":10,"target":"foo.com.","weight":20}]}}'
    headers:
      cache-control:
      - private
      content-length:
      - '458'
      content-type:
      - application/json; charset=utf-8
      date:
      - Tue, 20 Apr 2021 14:45:46 GMT
      etag:
      - 7b750815-c31a-4278-a556-de8bca1d581e
      server:
      - Microsoft-IIS/10.0
      strict-transport-security:
      - max-age=31536000; includeSubDomains
      x-content-type-options:
      - nosniff
      x-ms-ratelimit-remaining-subscription-resource-requests:
      - '11998'
      x-powered-by:
      - ASP.NET
    status:
      code: 201
      message: Created
- request:
    body: '{"properties": {"TTL": 3600, "MXRecords": [{"preference": 100, "exchange":
      "mail.test.com."}]}}'
    headers:
      Accept:
      - application/json
      Accept-Encoding:
      - gzip, deflate
      CommandName:
      - network dns zone import
      Connection:
      - keep-alive
      Content-Length:
      - '95'
      Content-Type:
      - application/json
      ParameterSetName:
      - -n -g --file-name
      User-Agent:
      - AZURECLI/2.22.0 azsdk-python-azure-mgmt-dns/8.0.0 Python/3.7.8 (Windows-10-10.0.19041-SP0)
    method: PUT
    uri: https://management.azure.com/subscriptions/00000000-0000-0000-0000-000000000000/resourceGroups/cli_dns_zone3_import000001/providers/Microsoft.Network/dnsZones/zone3.com/mx/mail?api-version=2016-04-01
  response:
    body:
      string: '{"id":"\/subscriptions\/00000000-0000-0000-0000-000000000000\/resourceGroups\/cli_dns_zone3_import000001\/providers\/Microsoft.Network\/dnszones\/zone3.com\/MX\/mail","name":"mail","type":"Microsoft.Network\/dnszones\/MX","etag":"acb276e7-b0bf-4cbb-b6e8-a48d92b552b7","properties":{"fqdn":"mail.zone3.com.","TTL":3600,"MXRecords":[{"exchange":"mail.test.com.","preference":100}]}}'
    headers:
      cache-control:
      - private
      content-length:
      - '429'
      content-type:
      - application/json; charset=utf-8
      date:
      - Tue, 20 Apr 2021 14:45:48 GMT
      etag:
      - acb276e7-b0bf-4cbb-b6e8-a48d92b552b7
      server:
      - Microsoft-IIS/10.0
      strict-transport-security:
      - max-age=31536000; includeSubDomains
      x-content-type-options:
      - nosniff
      x-ms-ratelimit-remaining-subscription-resource-requests:
      - '11998'
      x-powered-by:
      - ASP.NET
    status:
      code: 201
      message: Created
- request:
    body: '{"properties": {"TTL": 3600, "ARecords": [{"ipv4Address": "1.2.3.4"}, {"ipv4Address":
      "2.3.4.5"}]}}'
    headers:
      Accept:
      - application/json
      Accept-Encoding:
      - gzip, deflate
      CommandName:
      - network dns zone import
      Connection:
      - keep-alive
      Content-Length:
      - '99'
      Content-Type:
      - application/json
      ParameterSetName:
      - -n -g --file-name
      User-Agent:
      - AZURECLI/2.22.0 azsdk-python-azure-mgmt-dns/8.0.0 Python/3.7.8 (Windows-10-10.0.19041-SP0)
    method: PUT
    uri: https://management.azure.com/subscriptions/00000000-0000-0000-0000-000000000000/resourceGroups/cli_dns_zone3_import000001/providers/Microsoft.Network/dnsZones/zone3.com/a/noclass?api-version=2016-04-01
  response:
    body:
      string: '{"id":"\/subscriptions\/00000000-0000-0000-0000-000000000000\/resourceGroups\/cli_dns_zone3_import000001\/providers\/Microsoft.Network\/dnszones\/zone3.com\/A\/noclass","name":"noclass","type":"Microsoft.Network\/dnszones\/A","etag":"39243d7c-9a1d-4173-9315-77e40ecc255e","properties":{"fqdn":"noclass.zone3.com.","TTL":3600,"ARecords":[{"ipv4Address":"1.2.3.4"},{"ipv4Address":"2.3.4.5"}]}}'
    headers:
      cache-control:
      - private
      content-length:
      - '440'
      content-type:
      - application/json; charset=utf-8
      date:
      - Tue, 20 Apr 2021 14:45:49 GMT
      etag:
      - 39243d7c-9a1d-4173-9315-77e40ecc255e
      server:
      - Microsoft-IIS/10.0
      strict-transport-security:
      - max-age=31536000; includeSubDomains
      x-content-type-options:
      - nosniff
      x-ms-ratelimit-remaining-subscription-resource-requests:
      - '11995'
      x-powered-by:
      - ASP.NET
    status:
      code: 201
      message: Created
- request:
    body: '{"properties": {"TTL": 3600, "TXTRecords": [{"value": ["string 1 only"]}]}}'
    headers:
      Accept:
      - application/json
      Accept-Encoding:
      - gzip, deflate
      CommandName:
      - network dns zone import
      Connection:
      - keep-alive
      Content-Length:
      - '75'
      Content-Type:
      - application/json
      ParameterSetName:
      - -n -g --file-name
      User-Agent:
      - AZURECLI/2.22.0 azsdk-python-azure-mgmt-dns/8.0.0 Python/3.7.8 (Windows-10-10.0.19041-SP0)
    method: PUT
    uri: https://management.azure.com/subscriptions/00000000-0000-0000-0000-000000000000/resourceGroups/cli_dns_zone3_import000001/providers/Microsoft.Network/dnsZones/zone3.com/txt/txt1?api-version=2016-04-01
  response:
    body:
      string: '{"id":"\/subscriptions\/00000000-0000-0000-0000-000000000000\/resourceGroups\/cli_dns_zone3_import000001\/providers\/Microsoft.Network\/dnszones\/zone3.com\/TXT\/txt1","name":"txt1","type":"Microsoft.Network\/dnszones\/TXT","etag":"66050a28-6e5e-4be9-be44-a8891dd6be5b","properties":{"fqdn":"txt1.zone3.com.","TTL":3600,"TXTRecords":[{"value":["string
        1 only"]}]}}'
    headers:
      cache-control:
      - private
      content-length:
      - '413'
      content-type:
      - application/json; charset=utf-8
      date:
      - Tue, 20 Apr 2021 14:45:50 GMT
      etag:
      - 66050a28-6e5e-4be9-be44-a8891dd6be5b
      server:
      - Microsoft-IIS/10.0
      strict-transport-security:
      - max-age=31536000; includeSubDomains
      x-content-type-options:
      - nosniff
      x-ms-ratelimit-remaining-subscription-resource-requests:
      - '11996'
      x-powered-by:
      - ASP.NET
    status:
      code: 201
      message: Created
- request:
    body: '{"properties": {"TTL": 3600, "TXTRecords": [{"value": ["string1string2"]}]}}'
    headers:
      Accept:
      - application/json
      Accept-Encoding:
      - gzip, deflate
      CommandName:
      - network dns zone import
      Connection:
      - keep-alive
      Content-Length:
      - '76'
      Content-Type:
      - application/json
      ParameterSetName:
      - -n -g --file-name
      User-Agent:
      - AZURECLI/2.22.0 azsdk-python-azure-mgmt-dns/8.0.0 Python/3.7.8 (Windows-10-10.0.19041-SP0)
    method: PUT
    uri: https://management.azure.com/subscriptions/00000000-0000-0000-0000-000000000000/resourceGroups/cli_dns_zone3_import000001/providers/Microsoft.Network/dnsZones/zone3.com/txt/txt2?api-version=2016-04-01
  response:
    body:
      string: '{"id":"\/subscriptions\/00000000-0000-0000-0000-000000000000\/resourceGroups\/cli_dns_zone3_import000001\/providers\/Microsoft.Network\/dnszones\/zone3.com\/TXT\/txt2","name":"txt2","type":"Microsoft.Network\/dnszones\/TXT","etag":"46288232-d639-44ac-bed0-d7658a22a1cd","properties":{"fqdn":"txt2.zone3.com.","TTL":3600,"TXTRecords":[{"value":["string1string2"]}]}}'
    headers:
      cache-control:
      - private
      content-length:
      - '414'
      content-type:
      - application/json; charset=utf-8
      date:
      - Tue, 20 Apr 2021 14:45:52 GMT
      etag:
      - 46288232-d639-44ac-bed0-d7658a22a1cd
      server:
      - Microsoft-IIS/10.0
      strict-transport-security:
      - max-age=31536000; includeSubDomains
      x-content-type-options:
      - nosniff
      x-ms-ratelimit-remaining-subscription-resource-requests:
      - '11995'
      x-powered-by:
      - ASP.NET
    status:
      code: 201
      message: Created
- request:
    body: '{"properties": {"TTL": 3600, "TXTRecords": [{"value": ["this is a very
      long string with lots of text, in fact is has 74 charactersthis is a very long
      string with lots of text, in fact is has 74 charactersthis is a very long string
      with lots of text, in fact is has 74 charactersthis is a very long string with
      l", "ots of text, in fact is has 74 characters"]}, {"value": ["string;string;string"]}]}}'
    headers:
      Accept:
      - application/json
      Accept-Encoding:
      - gzip, deflate
      CommandName:
      - network dns zone import
      Connection:
      - keep-alive
      Content-Length:
      - '399'
      Content-Type:
      - application/json
      ParameterSetName:
      - -n -g --file-name
      User-Agent:
      - AZURECLI/2.22.0 azsdk-python-azure-mgmt-dns/8.0.0 Python/3.7.8 (Windows-10-10.0.19041-SP0)
    method: PUT
    uri: https://management.azure.com/subscriptions/00000000-0000-0000-0000-000000000000/resourceGroups/cli_dns_zone3_import000001/providers/Microsoft.Network/dnsZones/zone3.com/txt/txt3?api-version=2016-04-01
  response:
    body:
      string: '{"id":"\/subscriptions\/00000000-0000-0000-0000-000000000000\/resourceGroups\/cli_dns_zone3_import000001\/providers\/Microsoft.Network\/dnszones\/zone3.com\/TXT\/txt3","name":"txt3","type":"Microsoft.Network\/dnszones\/TXT","etag":"66bce097-d5aa-4af7-b611-e57abfb051cf","properties":{"fqdn":"txt3.zone3.com.","TTL":3600,"TXTRecords":[{"value":["this
        is a very long string with lots of text, in fact is has 74 charactersthis
        is a very long string with lots of text, in fact is has 74 charactersthis
        is a very long string with lots of text, in fact is has 74 charactersthis
        is a very long string with l","ots of text, in fact is has 74 characters"]},{"value":["string;string;string"]}]}}'
    headers:
      cache-control:
      - private
      content-length:
      - '734'
      content-type:
      - application/json; charset=utf-8
      date:
      - Tue, 20 Apr 2021 14:45:53 GMT
      etag:
      - 66bce097-d5aa-4af7-b611-e57abfb051cf
      server:
      - Microsoft-IIS/10.0
      strict-transport-security:
      - max-age=31536000; includeSubDomains
      x-content-type-options:
      - nosniff
      x-ms-ratelimit-remaining-subscription-resource-requests:
      - '11994'
      x-powered-by:
      - ASP.NET
    status:
      code: 201
      message: Created
- request:
    body: null
    headers:
      Accept:
      - application/json
      Accept-Encoding:
      - gzip, deflate
      CommandName:
      - network dns record-set list
      Connection:
      - keep-alive
      ParameterSetName:
      - -g -z
      User-Agent:
      - AZURECLI/2.22.0 azsdk-python-azure-mgmt-dns/8.0.0 Python/3.7.8 (Windows-10-10.0.19041-SP0)
    method: GET
    uri: https://management.azure.com/subscriptions/00000000-0000-0000-0000-000000000000/resourceGroups/cli_dns_zone3_import000001/providers/Microsoft.Network/dnsZones/zone3.com/recordsets?api-version=2016-04-01
  response:
    body:
      string: '{"value":[{"id":"\/subscriptions\/00000000-0000-0000-0000-000000000000\/resourceGroups\/cli_dns_zone3_import000001\/providers\/Microsoft.Network\/dnszones\/zone3.com\/NS\/@","name":"@","type":"Microsoft.Network\/dnszones\/NS","etag":"a4410cbb-bc4a-4a70-8432-e59c3bf996d4","properties":{"fqdn":"zone3.com.","TTL":86400,"NSRecords":[{"nsdname":"ns1-08.azure-dns.com."},{"nsdname":"ns2-08.azure-dns.net."},{"nsdname":"ns3-08.azure-dns.org."},{"nsdname":"ns4-08.azure-dns.info."}]}},{"id":"\/subscriptions\/00000000-0000-0000-0000-000000000000\/resourceGroups\/cli_dns_zone3_import000001\/providers\/Microsoft.Network\/dnszones\/zone3.com\/SOA\/@","name":"@","type":"Microsoft.Network\/dnszones\/SOA","etag":"7bf9cc57-dad0-4442-a457-9715e9e79962","properties":{"fqdn":"zone3.com.","TTL":86400,"SOARecord":{"email":"hostmaster.zone3.com.","expireTime":1814400,"host":"ns1-08.azure-dns.com.","minimumTTL":10800,"refreshTime":43200,"retryTime":900,"serialNumber":2003080800}}},{"id":"\/subscriptions\/00000000-0000-0000-0000-000000000000\/resourceGroups\/cli_dns_zone3_import000001\/providers\/Microsoft.Network\/dnszones\/zone3.com\/SRV\/_sip._tcp","name":"_sip._tcp","type":"Microsoft.Network\/dnszones\/SRV","etag":"7b750815-c31a-4278-a556-de8bca1d581e","properties":{"fqdn":"_sip._tcp.zone3.com.","TTL":3600,"SRVRecords":[{"port":30,"priority":10,"target":"foo.com.","weight":20}]}},{"id":"\/subscriptions\/00000000-0000-0000-0000-000000000000\/resourceGroups\/cli_dns_zone3_import000001\/providers\/Microsoft.Network\/dnszones\/zone3.com\/A\/d1","name":"d1","type":"Microsoft.Network\/dnszones\/A","etag":"f4d28367-d900-4f19-88a0-702fd47e06f8","properties":{"fqdn":"d1.zone3.com.","TTL":3600,"ARecords":[{"ipv4Address":"12.1.2.3"},{"ipv4Address":"12.2.3.4"},{"ipv4Address":"12.3.4.5"},{"ipv4Address":"12.4.5.6"}]}},{"id":"\/subscriptions\/00000000-0000-0000-0000-000000000000\/resourceGroups\/cli_dns_zone3_import000001\/providers\/Microsoft.Network\/dnszones\/zone3.com\/NS\/d1","name":"d1","type":"Microsoft.Network\/dnszones\/NS","etag":"f2dbe617-ddbe-48c4-bed1-2eea53e21c68","properties":{"fqdn":"d1.zone3.com.","TTL":3600,"NSRecords":[{"nsdname":"hood.com."}]}},{"id":"\/subscriptions\/00000000-0000-0000-0000-000000000000\/resourceGroups\/cli_dns_zone3_import000001\/providers\/Microsoft.Network\/dnszones\/zone3.com\/TXT\/d1","name":"d1","type":"Microsoft.Network\/dnszones\/TXT","etag":"7a97743f-1787-424e-a538-de9856808d2c","properties":{"fqdn":"d1.zone3.com.","TTL":3600,"TXTRecords":[{"value":["fishfishfish"]}]}},{"id":"\/subscriptions\/00000000-0000-0000-0000-000000000000\/resourceGroups\/cli_dns_zone3_import000001\/providers\/Microsoft.Network\/dnszones\/zone3.com\/A\/f1","name":"f1","type":"Microsoft.Network\/dnszones\/A","etag":"5821b0e0-b6a1-43ac-b4d8-6dcbeea4a0df","properties":{"fqdn":"f1.zone3.com.","TTL":3600,"ARecords":[{"ipv4Address":"11.1.2.3"},{"ipv4Address":"11.2.3.3"}]}},{"id":"\/subscriptions\/00000000-0000-0000-0000-000000000000\/resourceGroups\/cli_dns_zone3_import000001\/providers\/Microsoft.Network\/dnszones\/zone3.com\/A\/f2","name":"f2","type":"Microsoft.Network\/dnszones\/A","etag":"2ae99b42-a3e3-4679-8fe8-89bc9004600f","properties":{"fqdn":"f2.zone3.com.","TTL":3600,"ARecords":[{"ipv4Address":"11.2.3.4"},{"ipv4Address":"11.5.6.7"}]}},{"id":"\/subscriptions\/00000000-0000-0000-0000-000000000000\/resourceGroups\/cli_dns_zone3_import000001\/providers\/Microsoft.Network\/dnszones\/zone3.com\/MX\/mail","name":"mail","type":"Microsoft.Network\/dnszones\/MX","etag":"acb276e7-b0bf-4cbb-b6e8-a48d92b552b7","properties":{"fqdn":"mail.zone3.com.","TTL":3600,"MXRecords":[{"exchange":"mail.test.com.","preference":100}]}},{"id":"\/subscriptions\/00000000-0000-0000-0000-000000000000\/resourceGroups\/cli_dns_zone3_import000001\/providers\/Microsoft.Network\/dnszones\/zone3.com\/A\/noclass","name":"noclass","type":"Microsoft.Network\/dnszones\/A","etag":"39243d7c-9a1d-4173-9315-77e40ecc255e","properties":{"fqdn":"noclass.zone3.com.","TTL":3600,"ARecords":[{"ipv4Address":"1.2.3.4"},{"ipv4Address":"2.3.4.5"}]}},{"id":"\/subscriptions\/00000000-0000-0000-0000-000000000000\/resourceGroups\/cli_dns_zone3_import000001\/providers\/Microsoft.Network\/dnszones\/zone3.com\/A\/test-a","name":"test-a","type":"Microsoft.Network\/dnszones\/A","etag":"30e4b113-d091-4180-90cc-a857f7c074ec","properties":{"fqdn":"test-a.zone3.com.","TTL":3600,"ARecords":[{"ipv4Address":"1.2.3.4"}]}},{"id":"\/subscriptions\/00000000-0000-0000-0000-000000000000\/resourceGroups\/cli_dns_zone3_import000001\/providers\/Microsoft.Network\/dnszones\/zone3.com\/AAAA\/test-aaaa","name":"test-aaaa","type":"Microsoft.Network\/dnszones\/AAAA","etag":"fb0238d4-7855-43c0-9e3d-f8026e8c46d5","properties":{"fqdn":"test-aaaa.zone3.com.","TTL":3600,"AAAARecords":[{"ipv6Address":"2001:cafe:130::100"}]}},{"id":"\/subscriptions\/00000000-0000-0000-0000-000000000000\/resourceGroups\/cli_dns_zone3_import000001\/providers\/Microsoft.Network\/dnszones\/zone3.com\/CNAME\/test-cname","name":"test-cname","type":"Microsoft.Network\/dnszones\/CNAME","etag":"dacc0f57-7235-4d35-a953-95761ff9ce48","properties":{"fqdn":"test-cname.zone3.com.","TTL":3600,"CNAMERecord":{"cname":"target.com."}}},{"id":"\/subscriptions\/00000000-0000-0000-0000-000000000000\/resourceGroups\/cli_dns_zone3_import000001\/providers\/Microsoft.Network\/dnszones\/zone3.com\/MX\/test-mx","name":"test-mx","type":"Microsoft.Network\/dnszones\/MX","etag":"aac7407c-87a2-4108-9f84-a9633bb2bce3","properties":{"fqdn":"test-mx.zone3.com.","TTL":3600,"MXRecords":[{"exchange":"mail.com.","preference":10}]}},{"id":"\/subscriptions\/00000000-0000-0000-0000-000000000000\/resourceGroups\/cli_dns_zone3_import000001\/providers\/Microsoft.Network\/dnszones\/zone3.com\/NS\/test-ns","name":"test-ns","type":"Microsoft.Network\/dnszones\/NS","etag":"c54db1e3-5e19-43a8-974c-f8a54134b3ac","properties":{"fqdn":"test-ns.zone3.com.","TTL":3600,"NSRecords":[{"nsdname":"ns1.com."}]}},{"id":"\/subscriptions\/00000000-0000-0000-0000-000000000000\/resourceGroups\/cli_dns_zone3_import000001\/providers\/Microsoft.Network\/dnszones\/zone3.com\/SRV\/_sip._tcp.test-srv","name":"_sip._tcp.test-srv","type":"Microsoft.Network\/dnszones\/SRV","etag":"7fe5aeeb-6d76-4b79-a885-b1840ab1c37f","properties":{"fqdn":"_sip._tcp.test-srv.zone3.com.","TTL":3600,"SRVRecords":[{"port":3,"priority":1,"target":"target.com.","weight":2}]}},{"id":"\/subscriptions\/00000000-0000-0000-0000-000000000000\/resourceGroups\/cli_dns_zone3_import000001\/providers\/Microsoft.Network\/dnszones\/zone3.com\/TXT\/test-txt","name":"test-txt","type":"Microsoft.Network\/dnszones\/TXT","etag":"ba7c9007-183a-4902-a84d-c221418a8435","properties":{"fqdn":"test-txt.zone3.com.","TTL":3600,"TXTRecords":[{"value":["string
        1"]}]}},{"id":"\/subscriptions\/00000000-0000-0000-0000-000000000000\/resourceGroups\/cli_dns_zone3_import000001\/providers\/Microsoft.Network\/dnszones\/zone3.com\/TXT\/txt1","name":"txt1","type":"Microsoft.Network\/dnszones\/TXT","etag":"66050a28-6e5e-4be9-be44-a8891dd6be5b","properties":{"fqdn":"txt1.zone3.com.","TTL":3600,"TXTRecords":[{"value":["string
        1 only"]}]}},{"id":"\/subscriptions\/00000000-0000-0000-0000-000000000000\/resourceGroups\/cli_dns_zone3_import000001\/providers\/Microsoft.Network\/dnszones\/zone3.com\/TXT\/txt2","name":"txt2","type":"Microsoft.Network\/dnszones\/TXT","etag":"46288232-d639-44ac-bed0-d7658a22a1cd","properties":{"fqdn":"txt2.zone3.com.","TTL":3600,"TXTRecords":[{"value":["string1string2"]}]}},{"id":"\/subscriptions\/00000000-0000-0000-0000-000000000000\/resourceGroups\/cli_dns_zone3_import000001\/providers\/Microsoft.Network\/dnszones\/zone3.com\/TXT\/txt3","name":"txt3","type":"Microsoft.Network\/dnszones\/TXT","etag":"66bce097-d5aa-4af7-b611-e57abfb051cf","properties":{"fqdn":"txt3.zone3.com.","TTL":3600,"TXTRecords":[{"value":["this
        is a very long string with lots of text, in fact is has 74 charactersthis
        is a very long string with lots of text, in fact is has 74 charactersthis
        is a very long string with lots of text, in fact is has 74 charactersthis
        is a very long string with l","ots of text, in fact is has 74 characters"]},{"value":["string;string;string"]}]}}]}'
    headers:
      cache-control:
      - private
      content-length:
      - '9148'
      content-type:
      - application/json; charset=utf-8
      date:
      - Tue, 20 Apr 2021 14:45:55 GMT
      server:
      - Microsoft-IIS/10.0
      strict-transport-security:
      - max-age=31536000; includeSubDomains
      transfer-encoding:
      - chunked
      vary:
      - Accept-Encoding
      x-content-type-options:
      - nosniff
      x-ms-ratelimit-remaining-subscription-resource-entities-read:
      - '59980'
      x-ms-ratelimit-remaining-subscription-resource-requests:
      - '499'
      x-powered-by:
      - ASP.NET
    status:
      code: 200
      message: OK
- request:
    body: null
    headers:
      Accept:
      - application/json
      Accept-Encoding:
      - gzip, deflate
      CommandName:
      - network dns zone export
      Connection:
      - keep-alive
      ParameterSetName:
      - -g -n --file-name
      User-Agent:
      - AZURECLI/2.22.0 azsdk-python-azure-mgmt-dns/8.0.0 Python/3.7.8 (Windows-10-10.0.19041-SP0)
    method: GET
    uri: https://management.azure.com/subscriptions/00000000-0000-0000-0000-000000000000/resourceGroups/cli_dns_zone3_import000001/providers/Microsoft.Network/dnsZones/zone3.com/recordsets?api-version=2016-04-01
  response:
    body:
      string: '{"value":[{"id":"\/subscriptions\/00000000-0000-0000-0000-000000000000\/resourceGroups\/cli_dns_zone3_import000001\/providers\/Microsoft.Network\/dnszones\/zone3.com\/NS\/@","name":"@","type":"Microsoft.Network\/dnszones\/NS","etag":"a4410cbb-bc4a-4a70-8432-e59c3bf996d4","properties":{"fqdn":"zone3.com.","TTL":86400,"NSRecords":[{"nsdname":"ns1-08.azure-dns.com."},{"nsdname":"ns2-08.azure-dns.net."},{"nsdname":"ns3-08.azure-dns.org."},{"nsdname":"ns4-08.azure-dns.info."}]}},{"id":"\/subscriptions\/00000000-0000-0000-0000-000000000000\/resourceGroups\/cli_dns_zone3_import000001\/providers\/Microsoft.Network\/dnszones\/zone3.com\/SOA\/@","name":"@","type":"Microsoft.Network\/dnszones\/SOA","etag":"7bf9cc57-dad0-4442-a457-9715e9e79962","properties":{"fqdn":"zone3.com.","TTL":86400,"SOARecord":{"email":"hostmaster.zone3.com.","expireTime":1814400,"host":"ns1-08.azure-dns.com.","minimumTTL":10800,"refreshTime":43200,"retryTime":900,"serialNumber":2003080800}}},{"id":"\/subscriptions\/00000000-0000-0000-0000-000000000000\/resourceGroups\/cli_dns_zone3_import000001\/providers\/Microsoft.Network\/dnszones\/zone3.com\/SRV\/_sip._tcp","name":"_sip._tcp","type":"Microsoft.Network\/dnszones\/SRV","etag":"7b750815-c31a-4278-a556-de8bca1d581e","properties":{"fqdn":"_sip._tcp.zone3.com.","TTL":3600,"SRVRecords":[{"port":30,"priority":10,"target":"foo.com.","weight":20}]}},{"id":"\/subscriptions\/00000000-0000-0000-0000-000000000000\/resourceGroups\/cli_dns_zone3_import000001\/providers\/Microsoft.Network\/dnszones\/zone3.com\/A\/d1","name":"d1","type":"Microsoft.Network\/dnszones\/A","etag":"f4d28367-d900-4f19-88a0-702fd47e06f8","properties":{"fqdn":"d1.zone3.com.","TTL":3600,"ARecords":[{"ipv4Address":"12.1.2.3"},{"ipv4Address":"12.2.3.4"},{"ipv4Address":"12.3.4.5"},{"ipv4Address":"12.4.5.6"}]}},{"id":"\/subscriptions\/00000000-0000-0000-0000-000000000000\/resourceGroups\/cli_dns_zone3_import000001\/providers\/Microsoft.Network\/dnszones\/zone3.com\/NS\/d1","name":"d1","type":"Microsoft.Network\/dnszones\/NS","etag":"f2dbe617-ddbe-48c4-bed1-2eea53e21c68","properties":{"fqdn":"d1.zone3.com.","TTL":3600,"NSRecords":[{"nsdname":"hood.com."}]}},{"id":"\/subscriptions\/00000000-0000-0000-0000-000000000000\/resourceGroups\/cli_dns_zone3_import000001\/providers\/Microsoft.Network\/dnszones\/zone3.com\/TXT\/d1","name":"d1","type":"Microsoft.Network\/dnszones\/TXT","etag":"7a97743f-1787-424e-a538-de9856808d2c","properties":{"fqdn":"d1.zone3.com.","TTL":3600,"TXTRecords":[{"value":["fishfishfish"]}]}},{"id":"\/subscriptions\/00000000-0000-0000-0000-000000000000\/resourceGroups\/cli_dns_zone3_import000001\/providers\/Microsoft.Network\/dnszones\/zone3.com\/A\/f1","name":"f1","type":"Microsoft.Network\/dnszones\/A","etag":"5821b0e0-b6a1-43ac-b4d8-6dcbeea4a0df","properties":{"fqdn":"f1.zone3.com.","TTL":3600,"ARecords":[{"ipv4Address":"11.1.2.3"},{"ipv4Address":"11.2.3.3"}]}},{"id":"\/subscriptions\/00000000-0000-0000-0000-000000000000\/resourceGroups\/cli_dns_zone3_import000001\/providers\/Microsoft.Network\/dnszones\/zone3.com\/A\/f2","name":"f2","type":"Microsoft.Network\/dnszones\/A","etag":"2ae99b42-a3e3-4679-8fe8-89bc9004600f","properties":{"fqdn":"f2.zone3.com.","TTL":3600,"ARecords":[{"ipv4Address":"11.2.3.4"},{"ipv4Address":"11.5.6.7"}]}},{"id":"\/subscriptions\/00000000-0000-0000-0000-000000000000\/resourceGroups\/cli_dns_zone3_import000001\/providers\/Microsoft.Network\/dnszones\/zone3.com\/MX\/mail","name":"mail","type":"Microsoft.Network\/dnszones\/MX","etag":"acb276e7-b0bf-4cbb-b6e8-a48d92b552b7","properties":{"fqdn":"mail.zone3.com.","TTL":3600,"MXRecords":[{"exchange":"mail.test.com.","preference":100}]}},{"id":"\/subscriptions\/00000000-0000-0000-0000-000000000000\/resourceGroups\/cli_dns_zone3_import000001\/providers\/Microsoft.Network\/dnszones\/zone3.com\/A\/noclass","name":"noclass","type":"Microsoft.Network\/dnszones\/A","etag":"39243d7c-9a1d-4173-9315-77e40ecc255e","properties":{"fqdn":"noclass.zone3.com.","TTL":3600,"ARecords":[{"ipv4Address":"1.2.3.4"},{"ipv4Address":"2.3.4.5"}]}},{"id":"\/subscriptions\/00000000-0000-0000-0000-000000000000\/resourceGroups\/cli_dns_zone3_import000001\/providers\/Microsoft.Network\/dnszones\/zone3.com\/A\/test-a","name":"test-a","type":"Microsoft.Network\/dnszones\/A","etag":"30e4b113-d091-4180-90cc-a857f7c074ec","properties":{"fqdn":"test-a.zone3.com.","TTL":3600,"ARecords":[{"ipv4Address":"1.2.3.4"}]}},{"id":"\/subscriptions\/00000000-0000-0000-0000-000000000000\/resourceGroups\/cli_dns_zone3_import000001\/providers\/Microsoft.Network\/dnszones\/zone3.com\/AAAA\/test-aaaa","name":"test-aaaa","type":"Microsoft.Network\/dnszones\/AAAA","etag":"fb0238d4-7855-43c0-9e3d-f8026e8c46d5","properties":{"fqdn":"test-aaaa.zone3.com.","TTL":3600,"AAAARecords":[{"ipv6Address":"2001:cafe:130::100"}]}},{"id":"\/subscriptions\/00000000-0000-0000-0000-000000000000\/resourceGroups\/cli_dns_zone3_import000001\/providers\/Microsoft.Network\/dnszones\/zone3.com\/CNAME\/test-cname","name":"test-cname","type":"Microsoft.Network\/dnszones\/CNAME","etag":"dacc0f57-7235-4d35-a953-95761ff9ce48","properties":{"fqdn":"test-cname.zone3.com.","TTL":3600,"CNAMERecord":{"cname":"target.com."}}},{"id":"\/subscriptions\/00000000-0000-0000-0000-000000000000\/resourceGroups\/cli_dns_zone3_import000001\/providers\/Microsoft.Network\/dnszones\/zone3.com\/MX\/test-mx","name":"test-mx","type":"Microsoft.Network\/dnszones\/MX","etag":"aac7407c-87a2-4108-9f84-a9633bb2bce3","properties":{"fqdn":"test-mx.zone3.com.","TTL":3600,"MXRecords":[{"exchange":"mail.com.","preference":10}]}},{"id":"\/subscriptions\/00000000-0000-0000-0000-000000000000\/resourceGroups\/cli_dns_zone3_import000001\/providers\/Microsoft.Network\/dnszones\/zone3.com\/NS\/test-ns","name":"test-ns","type":"Microsoft.Network\/dnszones\/NS","etag":"c54db1e3-5e19-43a8-974c-f8a54134b3ac","properties":{"fqdn":"test-ns.zone3.com.","TTL":3600,"NSRecords":[{"nsdname":"ns1.com."}]}},{"id":"\/subscriptions\/00000000-0000-0000-0000-000000000000\/resourceGroups\/cli_dns_zone3_import000001\/providers\/Microsoft.Network\/dnszones\/zone3.com\/SRV\/_sip._tcp.test-srv","name":"_sip._tcp.test-srv","type":"Microsoft.Network\/dnszones\/SRV","etag":"7fe5aeeb-6d76-4b79-a885-b1840ab1c37f","properties":{"fqdn":"_sip._tcp.test-srv.zone3.com.","TTL":3600,"SRVRecords":[{"port":3,"priority":1,"target":"target.com.","weight":2}]}},{"id":"\/subscriptions\/00000000-0000-0000-0000-000000000000\/resourceGroups\/cli_dns_zone3_import000001\/providers\/Microsoft.Network\/dnszones\/zone3.com\/TXT\/test-txt","name":"test-txt","type":"Microsoft.Network\/dnszones\/TXT","etag":"ba7c9007-183a-4902-a84d-c221418a8435","properties":{"fqdn":"test-txt.zone3.com.","TTL":3600,"TXTRecords":[{"value":["string
        1"]}]}},{"id":"\/subscriptions\/00000000-0000-0000-0000-000000000000\/resourceGroups\/cli_dns_zone3_import000001\/providers\/Microsoft.Network\/dnszones\/zone3.com\/TXT\/txt1","name":"txt1","type":"Microsoft.Network\/dnszones\/TXT","etag":"66050a28-6e5e-4be9-be44-a8891dd6be5b","properties":{"fqdn":"txt1.zone3.com.","TTL":3600,"TXTRecords":[{"value":["string
        1 only"]}]}},{"id":"\/subscriptions\/00000000-0000-0000-0000-000000000000\/resourceGroups\/cli_dns_zone3_import000001\/providers\/Microsoft.Network\/dnszones\/zone3.com\/TXT\/txt2","name":"txt2","type":"Microsoft.Network\/dnszones\/TXT","etag":"46288232-d639-44ac-bed0-d7658a22a1cd","properties":{"fqdn":"txt2.zone3.com.","TTL":3600,"TXTRecords":[{"value":["string1string2"]}]}},{"id":"\/subscriptions\/00000000-0000-0000-0000-000000000000\/resourceGroups\/cli_dns_zone3_import000001\/providers\/Microsoft.Network\/dnszones\/zone3.com\/TXT\/txt3","name":"txt3","type":"Microsoft.Network\/dnszones\/TXT","etag":"66bce097-d5aa-4af7-b611-e57abfb051cf","properties":{"fqdn":"txt3.zone3.com.","TTL":3600,"TXTRecords":[{"value":["this
        is a very long string with lots of text, in fact is has 74 charactersthis
        is a very long string with lots of text, in fact is has 74 charactersthis
        is a very long string with lots of text, in fact is has 74 charactersthis
        is a very long string with l","ots of text, in fact is has 74 characters"]},{"value":["string;string;string"]}]}}]}'
    headers:
      cache-control:
      - private
      content-length:
      - '9148'
      content-type:
      - application/json; charset=utf-8
      date:
      - Tue, 20 Apr 2021 14:45:56 GMT
      server:
      - Microsoft-IIS/10.0
      strict-transport-security:
      - max-age=31536000; includeSubDomains
      transfer-encoding:
      - chunked
      vary:
      - Accept-Encoding
      x-content-type-options:
      - nosniff
      x-ms-ratelimit-remaining-subscription-resource-entities-read:
      - '59960'
      x-ms-ratelimit-remaining-subscription-resource-requests:
      - '498'
      x-powered-by:
      - ASP.NET
    status:
      code: 200
      message: OK
- request:
    body: null
    headers:
      Accept:
      - application/json
      Accept-Encoding:
      - gzip, deflate
      CommandName:
      - network dns zone delete
      Connection:
      - keep-alive
      Content-Length:
      - '0'
      ParameterSetName:
      - -g -n -y
      User-Agent:
      - AZURECLI/2.22.0 azsdk-python-azure-mgmt-dns/8.0.0 Python/3.7.8 (Windows-10-10.0.19041-SP0)
    method: DELETE
    uri: https://management.azure.com/subscriptions/00000000-0000-0000-0000-000000000000/resourceGroups/cli_dns_zone3_import000001/providers/Microsoft.Network/dnsZones/zone3.com?api-version=2016-04-01
  response:
    body:
      string: ''
    headers:
      azure-asyncoperation:
      - https://management.azure.com:443/subscriptions/00000000-0000-0000-0000-000000000000/resourceGroups/cli_dns_zone3_import000001/providers/Microsoft.Network/dnsOperationStatuses/delzone6375452675995913219ea42e4d?api-version=2016-04-01
      cache-control:
      - private
      content-length:
      - '0'
      date:
      - Tue, 20 Apr 2021 14:46:00 GMT
      location:
      - https://management.azure.com/subscriptions/00000000-0000-0000-0000-000000000000/resourceGroups/cli_dns_zone3_import000001/providers/Microsoft.Network/dnsOperationResults/delzone6375452675995913219ea42e4d?api-version=2016-04-01
      server:
      - Microsoft-IIS/10.0
      strict-transport-security:
      - max-age=31536000; includeSubDomains
      x-content-type-options:
      - nosniff
      x-ms-ratelimit-remaining-subscription-resource-requests:
      - '11999'
      x-powered-by:
      - ASP.NET
    status:
      code: 202
      message: Accepted
- request:
    body: null
    headers:
      Accept:
      - '*/*'
      Accept-Encoding:
      - gzip, deflate
      CommandName:
      - network dns zone delete
      Connection:
      - keep-alive
      ParameterSetName:
      - -g -n -y
      User-Agent:
      - AZURECLI/2.22.0 azsdk-python-azure-mgmt-dns/8.0.0 Python/3.7.8 (Windows-10-10.0.19041-SP0)
    method: GET
    uri: https://management.azure.com/subscriptions/00000000-0000-0000-0000-000000000000/resourceGroups/cli_dns_zone3_import000001/providers/Microsoft.Network/dnsOperationStatuses/delzone6375452675995913219ea42e4d?api-version=2016-04-01
  response:
    body:
      string: '{"status":"Succeeded"}'
    headers:
      cache-control:
      - private
      content-length:
      - '22'
      content-type:
      - application/json; charset=utf-8
      date:
      - Tue, 20 Apr 2021 14:46:03 GMT
      server:
      - Microsoft-IIS/10.0
      strict-transport-security:
      - max-age=31536000; includeSubDomains
      transfer-encoding:
      - chunked
      vary:
      - Accept-Encoding
      x-content-type-options:
      - nosniff
      x-ms-ratelimit-remaining-subscription-resource-requests:
      - '499'
      x-powered-by:
      - ASP.NET
    status:
      code: 200
      message: OK
- request:
    body: '{"location": "global", "properties": {"zoneType": "Public"}}'
    headers:
      Accept:
      - application/json
      Accept-Encoding:
      - gzip, deflate
      CommandName:
      - network dns zone import
      Connection:
      - keep-alive
      Content-Length:
      - '60'
      Content-Type:
      - application/json
      ParameterSetName:
      - -n -g --file-name
      User-Agent:
      - AZURECLI/2.22.0 azsdk-python-azure-mgmt-dns/8.0.0 Python/3.7.8 (Windows-10-10.0.19041-SP0)
    method: PUT
    uri: https://management.azure.com/subscriptions/00000000-0000-0000-0000-000000000000/resourceGroups/cli_dns_zone3_import000001/providers/Microsoft.Network/dnsZones/zone3.com?api-version=2016-04-01
  response:
    body:
      string: '{"id":"\/subscriptions\/00000000-0000-0000-0000-000000000000\/resourceGroups\/cli_dns_zone3_import000001\/providers\/Microsoft.Network\/dnszones\/zone3.com","name":"zone3.com","type":"Microsoft.Network\/dnszones","etag":"00000002-0000-0000-5410-4ee5f335d701","location":"global","tags":{},"properties":{"maxNumberOfRecordSets":10000,"maxNumberOfRecordsPerRecordSet":null,"nameServers":["ns1-08.azure-dns.com.","ns2-08.azure-dns.net.","ns3-08.azure-dns.org.","ns4-08.azure-dns.info."],"numberOfRecordSets":2,"zoneType":"Public"}}'
    headers:
      cache-control:
      - private
      content-length:
      - '577'
      content-type:
      - application/json; charset=utf-8
      date:
      - Tue, 20 Apr 2021 14:46:07 GMT
      etag:
      - 00000002-0000-0000-5410-4ee5f335d701
      server:
      - Microsoft-IIS/10.0
      strict-transport-security:
      - max-age=31536000; includeSubDomains
      x-content-type-options:
      - nosniff
      x-ms-ratelimit-remaining-subscription-resource-requests:
      - '11999'
      x-powered-by:
      - ASP.NET
    status:
      code: 201
      message: Created
- request:
    body: null
    headers:
      Accept:
      - application/json
      Accept-Encoding:
      - gzip, deflate
      CommandName:
      - network dns zone import
      Connection:
      - keep-alive
      ParameterSetName:
      - -n -g --file-name
      User-Agent:
      - AZURECLI/2.22.0 azsdk-python-azure-mgmt-dns/8.0.0 Python/3.7.8 (Windows-10-10.0.19041-SP0)
    method: GET
    uri: https://management.azure.com/subscriptions/00000000-0000-0000-0000-000000000000/resourceGroups/cli_dns_zone3_import000001/providers/Microsoft.Network/dnsZones/zone3.com/SOA/@?api-version=2016-04-01
  response:
    body:
      string: '{"id":"\/subscriptions\/00000000-0000-0000-0000-000000000000\/resourceGroups\/cli_dns_zone3_import000001\/providers\/Microsoft.Network\/dnszones\/zone3.com\/SOA\/@","name":"@","type":"Microsoft.Network\/dnszones\/SOA","etag":"3cef603c-b42f-41bd-a9b7-77b79f3d8ab3","properties":{"fqdn":"zone3.com.","TTL":3600,"SOARecord":{"email":"azuredns-hostmaster.microsoft.com","expireTime":2419200,"host":"ns1-08.azure-dns.com.","minimumTTL":300,"refreshTime":3600,"retryTime":300,"serialNumber":1}}}'
    headers:
      cache-control:
      - private
      content-length:
      - '538'
      content-type:
      - application/json; charset=utf-8
      date:
      - Tue, 20 Apr 2021 14:46:08 GMT
      etag:
      - 3cef603c-b42f-41bd-a9b7-77b79f3d8ab3
      server:
      - Microsoft-IIS/10.0
      strict-transport-security:
      - max-age=31536000; includeSubDomains
      transfer-encoding:
      - chunked
      vary:
      - Accept-Encoding
      x-content-type-options:
      - nosniff
      x-ms-ratelimit-remaining-subscription-resource-requests:
      - '499'
      x-powered-by:
      - ASP.NET
    status:
      code: 200
      message: OK
- request:
    body: '{"properties": {"TTL": 86400, "SOARecord": {"host": "ns1-08.azure-dns.com.",
      "email": "hostmaster.zone3.com.", "serialNumber": 2003080800, "refreshTime":
      43200, "retryTime": 900, "expireTime": 1814400, "minimumTTL": 10800}}}'
    headers:
      Accept:
      - application/json
      Accept-Encoding:
      - gzip, deflate
      CommandName:
      - network dns zone import
      Connection:
      - keep-alive
      Content-Length:
      - '224'
      Content-Type:
      - application/json
      ParameterSetName:
      - -n -g --file-name
      User-Agent:
      - AZURECLI/2.22.0 azsdk-python-azure-mgmt-dns/8.0.0 Python/3.7.8 (Windows-10-10.0.19041-SP0)
    method: PUT
    uri: https://management.azure.com/subscriptions/00000000-0000-0000-0000-000000000000/resourceGroups/cli_dns_zone3_import000001/providers/Microsoft.Network/dnsZones/zone3.com/soa/@?api-version=2016-04-01
  response:
    body:
      string: '{"id":"\/subscriptions\/00000000-0000-0000-0000-000000000000\/resourceGroups\/cli_dns_zone3_import000001\/providers\/Microsoft.Network\/dnszones\/zone3.com\/SOA\/@","name":"@","type":"Microsoft.Network\/dnszones\/SOA","etag":"0a291cdf-4357-4194-94f7-aa434bde7dab","properties":{"fqdn":"zone3.com.","TTL":86400,"SOARecord":{"email":"hostmaster.zone3.com.","expireTime":1814400,"host":"ns1-08.azure-dns.com.","minimumTTL":10800,"refreshTime":43200,"retryTime":900,"serialNumber":2003080800}}}'
    headers:
      cache-control:
      - private
      content-length:
      - '539'
      content-type:
      - application/json; charset=utf-8
      date:
      - Tue, 20 Apr 2021 14:46:10 GMT
      etag:
      - 0a291cdf-4357-4194-94f7-aa434bde7dab
      server:
      - Microsoft-IIS/10.0
      strict-transport-security:
      - max-age=31536000; includeSubDomains
      transfer-encoding:
      - chunked
      vary:
      - Accept-Encoding
      x-content-type-options:
      - nosniff
      x-ms-ratelimit-remaining-subscription-resource-requests:
      - '11999'
      x-powered-by:
      - ASP.NET
    status:
      code: 200
      message: OK
- request:
    body: null
    headers:
      Accept:
      - application/json
      Accept-Encoding:
      - gzip, deflate
      CommandName:
      - network dns zone import
      Connection:
      - keep-alive
      ParameterSetName:
      - -n -g --file-name
      User-Agent:
      - AZURECLI/2.22.0 azsdk-python-azure-mgmt-dns/8.0.0 Python/3.7.8 (Windows-10-10.0.19041-SP0)
    method: GET
    uri: https://management.azure.com/subscriptions/00000000-0000-0000-0000-000000000000/resourceGroups/cli_dns_zone3_import000001/providers/Microsoft.Network/dnsZones/zone3.com/NS/@?api-version=2016-04-01
  response:
    body:
      string: '{"id":"\/subscriptions\/00000000-0000-0000-0000-000000000000\/resourceGroups\/cli_dns_zone3_import000001\/providers\/Microsoft.Network\/dnszones\/zone3.com\/NS\/@","name":"@","type":"Microsoft.Network\/dnszones\/NS","etag":"6ac191fe-317c-4c24-aba7-45cf9e2551d5","properties":{"fqdn":"zone3.com.","TTL":172800,"NSRecords":[{"nsdname":"ns1-08.azure-dns.com."},{"nsdname":"ns2-08.azure-dns.net."},{"nsdname":"ns3-08.azure-dns.org."},{"nsdname":"ns4-08.azure-dns.info."}]}}'
    headers:
      cache-control:
      - private
      content-length:
      - '518'
      content-type:
      - application/json; charset=utf-8
      date:
      - Tue, 20 Apr 2021 14:46:10 GMT
      etag:
      - 6ac191fe-317c-4c24-aba7-45cf9e2551d5
      server:
      - Microsoft-IIS/10.0
      strict-transport-security:
      - max-age=31536000; includeSubDomains
      transfer-encoding:
      - chunked
      vary:
      - Accept-Encoding
      x-content-type-options:
      - nosniff
      x-ms-ratelimit-remaining-subscription-resource-requests:
      - '499'
      x-powered-by:
      - ASP.NET
    status:
      code: 200
      message: OK
- request:
    body: '{"id": "/subscriptions/00000000-0000-0000-0000-000000000000/resourceGroups/cli_dns_zone3_import000001/providers/Microsoft.Network/dnszones/zone3.com/NS/@",
      "name": "@", "type": "Microsoft.Network/dnszones/NS", "etag": "6ac191fe-317c-4c24-aba7-45cf9e2551d5",
      "properties": {"TTL": 86400, "NSRecords": [{"nsdname": "ns1-08.azure-dns.com."},
      {"nsdname": "ns2-08.azure-dns.net."}, {"nsdname": "ns3-08.azure-dns.org."},
      {"nsdname": "ns4-08.azure-dns.info."}]}}'
    headers:
      Accept:
      - application/json
      Accept-Encoding:
      - gzip, deflate
      CommandName:
      - network dns zone import
      Connection:
      - keep-alive
      Content-Length:
      - '504'
      Content-Type:
      - application/json
      ParameterSetName:
      - -n -g --file-name
      User-Agent:
      - AZURECLI/2.22.0 azsdk-python-azure-mgmt-dns/8.0.0 Python/3.7.8 (Windows-10-10.0.19041-SP0)
    method: PUT
    uri: https://management.azure.com/subscriptions/00000000-0000-0000-0000-000000000000/resourceGroups/cli_dns_zone3_import000001/providers/Microsoft.Network/dnsZones/zone3.com/NS/@?api-version=2016-04-01
  response:
    body:
      string: '{"id":"\/subscriptions\/00000000-0000-0000-0000-000000000000\/resourceGroups\/cli_dns_zone3_import000001\/providers\/Microsoft.Network\/dnszones\/zone3.com\/NS\/@","name":"@","type":"Microsoft.Network\/dnszones\/NS","etag":"ea883d0b-7f59-4867-984a-e6a251a28014","properties":{"fqdn":"zone3.com.","TTL":86400,"NSRecords":[{"nsdname":"ns1-08.azure-dns.com."},{"nsdname":"ns2-08.azure-dns.net."},{"nsdname":"ns3-08.azure-dns.org."},{"nsdname":"ns4-08.azure-dns.info."}]}}'
    headers:
      cache-control:
      - private
      content-length:
      - '517'
      content-type:
      - application/json; charset=utf-8
      date:
      - Tue, 20 Apr 2021 14:46:12 GMT
      etag:
      - ea883d0b-7f59-4867-984a-e6a251a28014
      server:
      - Microsoft-IIS/10.0
      strict-transport-security:
      - max-age=31536000; includeSubDomains
      transfer-encoding:
      - chunked
      vary:
      - Accept-Encoding
      x-content-type-options:
      - nosniff
      x-ms-ratelimit-remaining-subscription-resource-requests:
      - '11999'
      x-powered-by:
      - ASP.NET
    status:
      code: 200
      message: OK
- request:
    body: '{"properties": {"TTL": 3600, "SRVRecords": [{"priority": 10, "weight":
      20, "port": 30, "target": "foo.com."}]}}'
    headers:
      Accept:
      - application/json
      Accept-Encoding:
      - gzip, deflate
      CommandName:
      - network dns zone import
      Connection:
      - keep-alive
      Content-Length:
      - '111'
      Content-Type:
      - application/json
      ParameterSetName:
      - -n -g --file-name
      User-Agent:
      - AZURECLI/2.22.0 azsdk-python-azure-mgmt-dns/8.0.0 Python/3.7.8 (Windows-10-10.0.19041-SP0)
    method: PUT
    uri: https://management.azure.com/subscriptions/00000000-0000-0000-0000-000000000000/resourceGroups/cli_dns_zone3_import000001/providers/Microsoft.Network/dnsZones/zone3.com/srv/_sip._tcp?api-version=2016-04-01
  response:
    body:
      string: '{"id":"\/subscriptions\/00000000-0000-0000-0000-000000000000\/resourceGroups\/cli_dns_zone3_import000001\/providers\/Microsoft.Network\/dnszones\/zone3.com\/SRV\/_sip._tcp","name":"_sip._tcp","type":"Microsoft.Network\/dnszones\/SRV","etag":"bf178626-45e9-4e35-9276-ceeb7e272a8f","properties":{"fqdn":"_sip._tcp.zone3.com.","TTL":3600,"SRVRecords":[{"port":30,"priority":10,"target":"foo.com.","weight":20}]}}'
    headers:
      cache-control:
      - private
      content-length:
      - '458'
      content-type:
      - application/json; charset=utf-8
      date:
      - Tue, 20 Apr 2021 14:46:13 GMT
      etag:
      - bf178626-45e9-4e35-9276-ceeb7e272a8f
      server:
      - Microsoft-IIS/10.0
      strict-transport-security:
      - max-age=31536000; includeSubDomains
      x-content-type-options:
      - nosniff
      x-ms-ratelimit-remaining-subscription-resource-requests:
      - '11999'
      x-powered-by:
      - ASP.NET
    status:
      code: 201
      message: Created
- request:
    body: '{"properties": {"TTL": 3600, "ARecords": [{"ipv4Address": "12.1.2.3"},
      {"ipv4Address": "12.2.3.4"}, {"ipv4Address": "12.3.4.5"}, {"ipv4Address": "12.4.5.6"}]}}'
    headers:
      Accept:
      - application/json
      Accept-Encoding:
      - gzip, deflate
      CommandName:
      - network dns zone import
      Connection:
      - keep-alive
      Content-Length:
      - '159'
      Content-Type:
      - application/json
      ParameterSetName:
      - -n -g --file-name
      User-Agent:
      - AZURECLI/2.22.0 azsdk-python-azure-mgmt-dns/8.0.0 Python/3.7.8 (Windows-10-10.0.19041-SP0)
    method: PUT
    uri: https://management.azure.com/subscriptions/00000000-0000-0000-0000-000000000000/resourceGroups/cli_dns_zone3_import000001/providers/Microsoft.Network/dnsZones/zone3.com/a/d1?api-version=2016-04-01
  response:
    body:
      string: '{"id":"\/subscriptions\/00000000-0000-0000-0000-000000000000\/resourceGroups\/cli_dns_zone3_import000001\/providers\/Microsoft.Network\/dnszones\/zone3.com\/A\/d1","name":"d1","type":"Microsoft.Network\/dnszones\/A","etag":"95f80ee5-a660-4dba-a3d3-161f7e15aa2a","properties":{"fqdn":"d1.zone3.com.","TTL":3600,"ARecords":[{"ipv4Address":"12.1.2.3"},{"ipv4Address":"12.2.3.4"},{"ipv4Address":"12.3.4.5"},{"ipv4Address":"12.4.5.6"}]}}'
    headers:
      cache-control:
      - private
      content-length:
      - '481'
      content-type:
      - application/json; charset=utf-8
      date:
      - Tue, 20 Apr 2021 14:46:14 GMT
      etag:
      - 95f80ee5-a660-4dba-a3d3-161f7e15aa2a
      server:
      - Microsoft-IIS/10.0
      strict-transport-security:
      - max-age=31536000; includeSubDomains
      x-content-type-options:
      - nosniff
      x-ms-ratelimit-remaining-subscription-resource-requests:
      - '11999'
      x-powered-by:
      - ASP.NET
    status:
      code: 201
      message: Created
- request:
    body: '{"properties": {"TTL": 3600, "NSRecords": [{"nsdname": "hood.com."}]}}'
    headers:
      Accept:
      - application/json
      Accept-Encoding:
      - gzip, deflate
      CommandName:
      - network dns zone import
      Connection:
      - keep-alive
      Content-Length:
      - '70'
      Content-Type:
      - application/json
      ParameterSetName:
      - -n -g --file-name
      User-Agent:
      - AZURECLI/2.22.0 azsdk-python-azure-mgmt-dns/8.0.0 Python/3.7.8 (Windows-10-10.0.19041-SP0)
    method: PUT
    uri: https://management.azure.com/subscriptions/00000000-0000-0000-0000-000000000000/resourceGroups/cli_dns_zone3_import000001/providers/Microsoft.Network/dnsZones/zone3.com/ns/d1?api-version=2016-04-01
  response:
    body:
      string: '{"id":"\/subscriptions\/00000000-0000-0000-0000-000000000000\/resourceGroups\/cli_dns_zone3_import000001\/providers\/Microsoft.Network\/dnszones\/zone3.com\/NS\/d1","name":"d1","type":"Microsoft.Network\/dnszones\/NS","etag":"1a3f399e-7fdc-43a5-be47-db1bfa8130d7","properties":{"fqdn":"d1.zone3.com.","TTL":3600,"NSRecords":[{"nsdname":"hood.com."}]}}'
    headers:
      cache-control:
      - private
      content-length:
      - '400'
      content-type:
      - application/json; charset=utf-8
      date:
      - Tue, 20 Apr 2021 14:46:15 GMT
      etag:
      - 1a3f399e-7fdc-43a5-be47-db1bfa8130d7
      server:
      - Microsoft-IIS/10.0
      strict-transport-security:
      - max-age=31536000; includeSubDomains
      x-content-type-options:
      - nosniff
      x-ms-ratelimit-remaining-subscription-resource-requests:
      - '11998'
      x-powered-by:
      - ASP.NET
    status:
      code: 201
      message: Created
- request:
    body: '{"properties": {"TTL": 3600, "TXTRecords": [{"value": ["fishfishfish"]}]}}'
    headers:
      Accept:
      - application/json
      Accept-Encoding:
      - gzip, deflate
      CommandName:
      - network dns zone import
      Connection:
      - keep-alive
      Content-Length:
      - '74'
      Content-Type:
      - application/json
      ParameterSetName:
      - -n -g --file-name
      User-Agent:
      - AZURECLI/2.22.0 azsdk-python-azure-mgmt-dns/8.0.0 Python/3.7.8 (Windows-10-10.0.19041-SP0)
    method: PUT
    uri: https://management.azure.com/subscriptions/00000000-0000-0000-0000-000000000000/resourceGroups/cli_dns_zone3_import000001/providers/Microsoft.Network/dnsZones/zone3.com/txt/d1?api-version=2016-04-01
  response:
    body:
      string: '{"id":"\/subscriptions\/00000000-0000-0000-0000-000000000000\/resourceGroups\/cli_dns_zone3_import000001\/providers\/Microsoft.Network\/dnszones\/zone3.com\/TXT\/d1","name":"d1","type":"Microsoft.Network\/dnszones\/TXT","etag":"d88b268b-00a0-4b69-8bbf-39d42334bb21","properties":{"fqdn":"d1.zone3.com.","TTL":3600,"TXTRecords":[{"value":["fishfishfish"]}]}}'
    headers:
      cache-control:
      - private
      content-length:
      - '406'
      content-type:
      - application/json; charset=utf-8
      date:
      - Tue, 20 Apr 2021 14:46:16 GMT
      etag:
      - d88b268b-00a0-4b69-8bbf-39d42334bb21
      server:
      - Microsoft-IIS/10.0
      strict-transport-security:
      - max-age=31536000; includeSubDomains
      x-content-type-options:
      - nosniff
      x-ms-ratelimit-remaining-subscription-resource-requests:
      - '11998'
      x-powered-by:
      - ASP.NET
    status:
      code: 201
      message: Created
- request:
    body: '{"properties": {"TTL": 3600, "ARecords": [{"ipv4Address": "11.1.2.3"},
      {"ipv4Address": "11.2.3.3"}]}}'
    headers:
      Accept:
      - application/json
      Accept-Encoding:
      - gzip, deflate
      CommandName:
      - network dns zone import
      Connection:
      - keep-alive
      Content-Length:
      - '101'
      Content-Type:
      - application/json
      ParameterSetName:
      - -n -g --file-name
      User-Agent:
      - AZURECLI/2.22.0 azsdk-python-azure-mgmt-dns/8.0.0 Python/3.7.8 (Windows-10-10.0.19041-SP0)
    method: PUT
    uri: https://management.azure.com/subscriptions/00000000-0000-0000-0000-000000000000/resourceGroups/cli_dns_zone3_import000001/providers/Microsoft.Network/dnsZones/zone3.com/a/f1?api-version=2016-04-01
  response:
    body:
      string: '{"id":"\/subscriptions\/00000000-0000-0000-0000-000000000000\/resourceGroups\/cli_dns_zone3_import000001\/providers\/Microsoft.Network\/dnszones\/zone3.com\/A\/f1","name":"f1","type":"Microsoft.Network\/dnszones\/A","etag":"19af3c19-a7b6-493c-bc55-dcdb80ffbdb3","properties":{"fqdn":"f1.zone3.com.","TTL":3600,"ARecords":[{"ipv4Address":"11.1.2.3"},{"ipv4Address":"11.2.3.3"}]}}'
    headers:
      cache-control:
      - private
      content-length:
      - '427'
      content-type:
      - application/json; charset=utf-8
      date:
      - Tue, 20 Apr 2021 14:46:18 GMT
      etag:
      - 19af3c19-a7b6-493c-bc55-dcdb80ffbdb3
      server:
      - Microsoft-IIS/10.0
      strict-transport-security:
      - max-age=31536000; includeSubDomains
      x-content-type-options:
      - nosniff
      x-ms-ratelimit-remaining-subscription-resource-requests:
      - '11998'
      x-powered-by:
      - ASP.NET
    status:
      code: 201
      message: Created
- request:
    body: '{"properties": {"TTL": 3600, "ARecords": [{"ipv4Address": "11.2.3.4"},
      {"ipv4Address": "11.5.6.7"}]}}'
    headers:
      Accept:
      - application/json
      Accept-Encoding:
      - gzip, deflate
      CommandName:
      - network dns zone import
      Connection:
      - keep-alive
      Content-Length:
      - '101'
      Content-Type:
      - application/json
      ParameterSetName:
      - -n -g --file-name
      User-Agent:
      - AZURECLI/2.22.0 azsdk-python-azure-mgmt-dns/8.0.0 Python/3.7.8 (Windows-10-10.0.19041-SP0)
    method: PUT
    uri: https://management.azure.com/subscriptions/00000000-0000-0000-0000-000000000000/resourceGroups/cli_dns_zone3_import000001/providers/Microsoft.Network/dnsZones/zone3.com/a/f2?api-version=2016-04-01
  response:
    body:
      string: '{"id":"\/subscriptions\/00000000-0000-0000-0000-000000000000\/resourceGroups\/cli_dns_zone3_import000001\/providers\/Microsoft.Network\/dnszones\/zone3.com\/A\/f2","name":"f2","type":"Microsoft.Network\/dnszones\/A","etag":"c164f8a4-cff2-42b6-80e7-a745b06518d1","properties":{"fqdn":"f2.zone3.com.","TTL":3600,"ARecords":[{"ipv4Address":"11.2.3.4"},{"ipv4Address":"11.5.6.7"}]}}'
    headers:
      cache-control:
      - private
      content-length:
      - '427'
      content-type:
      - application/json; charset=utf-8
      date:
      - Tue, 20 Apr 2021 14:46:19 GMT
      etag:
      - c164f8a4-cff2-42b6-80e7-a745b06518d1
      server:
      - Microsoft-IIS/10.0
      strict-transport-security:
      - max-age=31536000; includeSubDomains
      x-content-type-options:
      - nosniff
      x-ms-ratelimit-remaining-subscription-resource-requests:
      - '11997'
      x-powered-by:
      - ASP.NET
    status:
      code: 201
      message: Created
- request:
    body: '{"properties": {"TTL": 3600, "MXRecords": [{"preference": 100, "exchange":
      "mail.test.com."}]}}'
    headers:
      Accept:
      - application/json
      Accept-Encoding:
      - gzip, deflate
      CommandName:
      - network dns zone import
      Connection:
      - keep-alive
      Content-Length:
      - '95'
      Content-Type:
      - application/json
      ParameterSetName:
      - -n -g --file-name
      User-Agent:
      - AZURECLI/2.22.0 azsdk-python-azure-mgmt-dns/8.0.0 Python/3.7.8 (Windows-10-10.0.19041-SP0)
    method: PUT
    uri: https://management.azure.com/subscriptions/00000000-0000-0000-0000-000000000000/resourceGroups/cli_dns_zone3_import000001/providers/Microsoft.Network/dnsZones/zone3.com/mx/mail?api-version=2016-04-01
  response:
    body:
      string: '{"id":"\/subscriptions\/00000000-0000-0000-0000-000000000000\/resourceGroups\/cli_dns_zone3_import000001\/providers\/Microsoft.Network\/dnszones\/zone3.com\/MX\/mail","name":"mail","type":"Microsoft.Network\/dnszones\/MX","etag":"fe0361c3-5e56-49e6-b6d8-7f4bacfc4c5e","properties":{"fqdn":"mail.zone3.com.","TTL":3600,"MXRecords":[{"exchange":"mail.test.com.","preference":100}]}}'
    headers:
      cache-control:
      - private
      content-length:
      - '429'
      content-type:
      - application/json; charset=utf-8
      date:
      - Tue, 20 Apr 2021 14:46:20 GMT
      etag:
      - fe0361c3-5e56-49e6-b6d8-7f4bacfc4c5e
      server:
      - Microsoft-IIS/10.0
      strict-transport-security:
      - max-age=31536000; includeSubDomains
      x-content-type-options:
      - nosniff
      x-ms-ratelimit-remaining-subscription-resource-requests:
      - '11999'
      x-powered-by:
      - ASP.NET
    status:
      code: 201
      message: Created
- request:
    body: '{"properties": {"TTL": 3600, "ARecords": [{"ipv4Address": "1.2.3.4"}, {"ipv4Address":
      "2.3.4.5"}]}}'
    headers:
      Accept:
      - application/json
      Accept-Encoding:
      - gzip, deflate
      CommandName:
      - network dns zone import
      Connection:
      - keep-alive
      Content-Length:
      - '99'
      Content-Type:
      - application/json
      ParameterSetName:
      - -n -g --file-name
      User-Agent:
      - AZURECLI/2.22.0 azsdk-python-azure-mgmt-dns/8.0.0 Python/3.7.8 (Windows-10-10.0.19041-SP0)
    method: PUT
    uri: https://management.azure.com/subscriptions/00000000-0000-0000-0000-000000000000/resourceGroups/cli_dns_zone3_import000001/providers/Microsoft.Network/dnsZones/zone3.com/a/noclass?api-version=2016-04-01
  response:
    body:
      string: '{"id":"\/subscriptions\/00000000-0000-0000-0000-000000000000\/resourceGroups\/cli_dns_zone3_import000001\/providers\/Microsoft.Network\/dnszones\/zone3.com\/A\/noclass","name":"noclass","type":"Microsoft.Network\/dnszones\/A","etag":"166607ee-674e-4b11-a731-80bde9462428","properties":{"fqdn":"noclass.zone3.com.","TTL":3600,"ARecords":[{"ipv4Address":"1.2.3.4"},{"ipv4Address":"2.3.4.5"}]}}'
    headers:
      cache-control:
      - private
      content-length:
      - '440'
      content-type:
      - application/json; charset=utf-8
      date:
      - Tue, 20 Apr 2021 14:46:21 GMT
      etag:
      - 166607ee-674e-4b11-a731-80bde9462428
      server:
      - Microsoft-IIS/10.0
      strict-transport-security:
      - max-age=31536000; includeSubDomains
      x-content-type-options:
      - nosniff
      x-ms-ratelimit-remaining-subscription-resource-requests:
      - '11996'
      x-powered-by:
      - ASP.NET
    status:
      code: 201
      message: Created
- request:
    body: '{"properties": {"TTL": 3600, "ARecords": [{"ipv4Address": "1.2.3.4"}]}}'
    headers:
      Accept:
      - application/json
      Accept-Encoding:
      - gzip, deflate
      CommandName:
      - network dns zone import
      Connection:
      - keep-alive
      Content-Length:
      - '71'
      Content-Type:
      - application/json
      ParameterSetName:
      - -n -g --file-name
      User-Agent:
      - AZURECLI/2.22.0 azsdk-python-azure-mgmt-dns/8.0.0 Python/3.7.8 (Windows-10-10.0.19041-SP0)
    method: PUT
    uri: https://management.azure.com/subscriptions/00000000-0000-0000-0000-000000000000/resourceGroups/cli_dns_zone3_import000001/providers/Microsoft.Network/dnsZones/zone3.com/a/test-a?api-version=2016-04-01
  response:
    body:
      string: '{"id":"\/subscriptions\/00000000-0000-0000-0000-000000000000\/resourceGroups\/cli_dns_zone3_import000001\/providers\/Microsoft.Network\/dnszones\/zone3.com\/A\/test-a","name":"test-a","type":"Microsoft.Network\/dnszones\/A","etag":"4ad32d22-ce84-4da3-96ad-bb3ac88bc687","properties":{"fqdn":"test-a.zone3.com.","TTL":3600,"ARecords":[{"ipv4Address":"1.2.3.4"}]}}'
    headers:
      cache-control:
      - private
      content-length:
      - '411'
      content-type:
      - application/json; charset=utf-8
      date:
      - Tue, 20 Apr 2021 14:46:22 GMT
      etag:
      - 4ad32d22-ce84-4da3-96ad-bb3ac88bc687
      server:
      - Microsoft-IIS/10.0
      strict-transport-security:
      - max-age=31536000; includeSubDomains
      x-content-type-options:
      - nosniff
      x-ms-ratelimit-remaining-subscription-resource-requests:
      - '11995'
      x-powered-by:
      - ASP.NET
    status:
      code: 201
      message: Created
- request:
    body: '{"properties": {"TTL": 3600, "AAAARecords": [{"ipv6Address": "2001:cafe:130::100"}]}}'
    headers:
      Accept:
      - application/json
      Accept-Encoding:
      - gzip, deflate
      CommandName:
      - network dns zone import
      Connection:
      - keep-alive
      Content-Length:
      - '85'
      Content-Type:
      - application/json
      ParameterSetName:
      - -n -g --file-name
      User-Agent:
      - AZURECLI/2.22.0 azsdk-python-azure-mgmt-dns/8.0.0 Python/3.7.8 (Windows-10-10.0.19041-SP0)
    method: PUT
    uri: https://management.azure.com/subscriptions/00000000-0000-0000-0000-000000000000/resourceGroups/cli_dns_zone3_import000001/providers/Microsoft.Network/dnsZones/zone3.com/aaaa/test-aaaa?api-version=2016-04-01
  response:
    body:
      string: '{"id":"\/subscriptions\/00000000-0000-0000-0000-000000000000\/resourceGroups\/cli_dns_zone3_import000001\/providers\/Microsoft.Network\/dnszones\/zone3.com\/AAAA\/test-aaaa","name":"test-aaaa","type":"Microsoft.Network\/dnszones\/AAAA","etag":"d855df1d-6c9b-4d87-9566-e742f9eed00d","properties":{"fqdn":"test-aaaa.zone3.com.","TTL":3600,"AAAARecords":[{"ipv6Address":"2001:cafe:130::100"}]}}'
    headers:
      cache-control:
      - private
      content-length:
      - '440'
      content-type:
      - application/json; charset=utf-8
      date:
      - Tue, 20 Apr 2021 14:46:23 GMT
      etag:
      - d855df1d-6c9b-4d87-9566-e742f9eed00d
      server:
      - Microsoft-IIS/10.0
      strict-transport-security:
      - max-age=31536000; includeSubDomains
      x-content-type-options:
      - nosniff
      x-ms-ratelimit-remaining-subscription-resource-requests:
      - '11999'
      x-powered-by:
      - ASP.NET
    status:
      code: 201
      message: Created
- request:
    body: '{"properties": {"TTL": 3600, "CNAMERecord": {"cname": "target.com."}}}'
    headers:
      Accept:
      - application/json
      Accept-Encoding:
      - gzip, deflate
      CommandName:
      - network dns zone import
      Connection:
      - keep-alive
      Content-Length:
      - '70'
      Content-Type:
      - application/json
      ParameterSetName:
      - -n -g --file-name
      User-Agent:
      - AZURECLI/2.22.0 azsdk-python-azure-mgmt-dns/8.0.0 Python/3.7.8 (Windows-10-10.0.19041-SP0)
    method: PUT
    uri: https://management.azure.com/subscriptions/00000000-0000-0000-0000-000000000000/resourceGroups/cli_dns_zone3_import000001/providers/Microsoft.Network/dnsZones/zone3.com/cname/test-cname?api-version=2016-04-01
  response:
    body:
      string: '{"id":"\/subscriptions\/00000000-0000-0000-0000-000000000000\/resourceGroups\/cli_dns_zone3_import000001\/providers\/Microsoft.Network\/dnszones\/zone3.com\/CNAME\/test-cname","name":"test-cname","type":"Microsoft.Network\/dnszones\/CNAME","etag":"9c40b074-51e7-46b0-acd6-8d2094ca19f3","properties":{"fqdn":"test-cname.zone3.com.","TTL":3600,"CNAMERecord":{"cname":"target.com."}}}'
    headers:
      cache-control:
      - private
      content-length:
      - '430'
      content-type:
      - application/json; charset=utf-8
      date:
      - Tue, 20 Apr 2021 14:46:25 GMT
      etag:
      - 9c40b074-51e7-46b0-acd6-8d2094ca19f3
      server:
      - Microsoft-IIS/10.0
      strict-transport-security:
      - max-age=31536000; includeSubDomains
      x-content-type-options:
      - nosniff
      x-ms-ratelimit-remaining-subscription-resource-requests:
      - '11998'
      x-powered-by:
      - ASP.NET
    status:
      code: 201
      message: Created
- request:
    body: '{"properties": {"TTL": 3600, "MXRecords": [{"preference": 10, "exchange":
      "mail.com."}]}}'
    headers:
      Accept:
      - application/json
      Accept-Encoding:
      - gzip, deflate
      CommandName:
      - network dns zone import
      Connection:
      - keep-alive
      Content-Length:
      - '89'
      Content-Type:
      - application/json
      ParameterSetName:
      - -n -g --file-name
      User-Agent:
      - AZURECLI/2.22.0 azsdk-python-azure-mgmt-dns/8.0.0 Python/3.7.8 (Windows-10-10.0.19041-SP0)
    method: PUT
    uri: https://management.azure.com/subscriptions/00000000-0000-0000-0000-000000000000/resourceGroups/cli_dns_zone3_import000001/providers/Microsoft.Network/dnsZones/zone3.com/mx/test-mx?api-version=2016-04-01
  response:
    body:
      string: '{"id":"\/subscriptions\/00000000-0000-0000-0000-000000000000\/resourceGroups\/cli_dns_zone3_import000001\/providers\/Microsoft.Network\/dnszones\/zone3.com\/MX\/test-mx","name":"test-mx","type":"Microsoft.Network\/dnszones\/MX","etag":"b1430f35-afd7-40fd-b784-5bac1c9f39ab","properties":{"fqdn":"test-mx.zone3.com.","TTL":3600,"MXRecords":[{"exchange":"mail.com.","preference":10}]}}'
    headers:
      cache-control:
      - private
      content-length:
      - '432'
      content-type:
      - application/json; charset=utf-8
      date:
      - Tue, 20 Apr 2021 14:46:26 GMT
      etag:
      - b1430f35-afd7-40fd-b784-5bac1c9f39ab
      server:
      - Microsoft-IIS/10.0
      strict-transport-security:
      - max-age=31536000; includeSubDomains
      x-content-type-options:
      - nosniff
      x-ms-ratelimit-remaining-subscription-resource-requests:
      - '11998'
      x-powered-by:
      - ASP.NET
    status:
      code: 201
      message: Created
- request:
    body: '{"properties": {"TTL": 3600, "NSRecords": [{"nsdname": "ns1.com."}]}}'
    headers:
      Accept:
      - application/json
      Accept-Encoding:
      - gzip, deflate
      CommandName:
      - network dns zone import
      Connection:
      - keep-alive
      Content-Length:
      - '69'
      Content-Type:
      - application/json
      ParameterSetName:
      - -n -g --file-name
      User-Agent:
      - AZURECLI/2.22.0 azsdk-python-azure-mgmt-dns/8.0.0 Python/3.7.8 (Windows-10-10.0.19041-SP0)
    method: PUT
    uri: https://management.azure.com/subscriptions/00000000-0000-0000-0000-000000000000/resourceGroups/cli_dns_zone3_import000001/providers/Microsoft.Network/dnsZones/zone3.com/ns/test-ns?api-version=2016-04-01
  response:
    body:
      string: '{"id":"\/subscriptions\/00000000-0000-0000-0000-000000000000\/resourceGroups\/cli_dns_zone3_import000001\/providers\/Microsoft.Network\/dnszones\/zone3.com\/NS\/test-ns","name":"test-ns","type":"Microsoft.Network\/dnszones\/NS","etag":"5b1008f9-35a4-43c2-bb57-7d9956b8298f","properties":{"fqdn":"test-ns.zone3.com.","TTL":3600,"NSRecords":[{"nsdname":"ns1.com."}]}}'
    headers:
      cache-control:
      - private
      content-length:
      - '414'
      content-type:
      - application/json; charset=utf-8
      date:
      - Tue, 20 Apr 2021 14:46:28 GMT
      etag:
      - 5b1008f9-35a4-43c2-bb57-7d9956b8298f
      server:
      - Microsoft-IIS/10.0
      strict-transport-security:
      - max-age=31536000; includeSubDomains
      x-content-type-options:
      - nosniff
      x-ms-ratelimit-remaining-subscription-resource-requests:
      - '11997'
      x-powered-by:
      - ASP.NET
    status:
      code: 201
      message: Created
- request:
    body: '{"properties": {"TTL": 3600, "SRVRecords": [{"priority": 1, "weight": 2,
      "port": 3, "target": "target.com."}]}}'
    headers:
      Accept:
      - application/json
      Accept-Encoding:
      - gzip, deflate
      CommandName:
      - network dns zone import
      Connection:
      - keep-alive
      Content-Length:
      - '111'
      Content-Type:
      - application/json
      ParameterSetName:
      - -n -g --file-name
      User-Agent:
      - AZURECLI/2.22.0 azsdk-python-azure-mgmt-dns/8.0.0 Python/3.7.8 (Windows-10-10.0.19041-SP0)
    method: PUT
    uri: https://management.azure.com/subscriptions/00000000-0000-0000-0000-000000000000/resourceGroups/cli_dns_zone3_import000001/providers/Microsoft.Network/dnsZones/zone3.com/srv/_sip._tcp.test-srv?api-version=2016-04-01
  response:
    body:
      string: '{"id":"\/subscriptions\/00000000-0000-0000-0000-000000000000\/resourceGroups\/cli_dns_zone3_import000001\/providers\/Microsoft.Network\/dnszones\/zone3.com\/SRV\/_sip._tcp.test-srv","name":"_sip._tcp.test-srv","type":"Microsoft.Network\/dnszones\/SRV","etag":"ea8ebf9d-c40f-4d32-b0e0-16bcbc1f777e","properties":{"fqdn":"_sip._tcp.test-srv.zone3.com.","TTL":3600,"SRVRecords":[{"port":3,"priority":1,"target":"target.com.","weight":2}]}}'
    headers:
      cache-control:
      - private
      content-length:
      - '485'
      content-type:
      - application/json; charset=utf-8
      date:
      - Tue, 20 Apr 2021 14:46:29 GMT
      etag:
      - ea8ebf9d-c40f-4d32-b0e0-16bcbc1f777e
      server:
      - Microsoft-IIS/10.0
      strict-transport-security:
      - max-age=31536000; includeSubDomains
      x-content-type-options:
      - nosniff
      x-ms-ratelimit-remaining-subscription-resource-requests:
      - '11998'
      x-powered-by:
      - ASP.NET
    status:
      code: 201
      message: Created
- request:
    body: '{"properties": {"TTL": 3600, "TXTRecords": [{"value": ["string 1"]}]}}'
    headers:
      Accept:
      - application/json
      Accept-Encoding:
      - gzip, deflate
      CommandName:
      - network dns zone import
      Connection:
      - keep-alive
      Content-Length:
      - '70'
      Content-Type:
      - application/json
      ParameterSetName:
      - -n -g --file-name
      User-Agent:
      - AZURECLI/2.22.0 azsdk-python-azure-mgmt-dns/8.0.0 Python/3.7.8 (Windows-10-10.0.19041-SP0)
    method: PUT
    uri: https://management.azure.com/subscriptions/00000000-0000-0000-0000-000000000000/resourceGroups/cli_dns_zone3_import000001/providers/Microsoft.Network/dnsZones/zone3.com/txt/test-txt?api-version=2016-04-01
  response:
    body:
      string: '{"id":"\/subscriptions\/00000000-0000-0000-0000-000000000000\/resourceGroups\/cli_dns_zone3_import000001\/providers\/Microsoft.Network\/dnszones\/zone3.com\/TXT\/test-txt","name":"test-txt","type":"Microsoft.Network\/dnszones\/TXT","etag":"684d6495-e230-4ac6-aa8d-eb46e8238c2f","properties":{"fqdn":"test-txt.zone3.com.","TTL":3600,"TXTRecords":[{"value":["string
        1"]}]}}'
    headers:
      cache-control:
      - private
      content-length:
      - '420'
      content-type:
      - application/json; charset=utf-8
      date:
      - Tue, 20 Apr 2021 14:46:30 GMT
      etag:
      - 684d6495-e230-4ac6-aa8d-eb46e8238c2f
      server:
      - Microsoft-IIS/10.0
      strict-transport-security:
      - max-age=31536000; includeSubDomains
      x-content-type-options:
      - nosniff
      x-ms-ratelimit-remaining-subscription-resource-requests:
      - '11997'
      x-powered-by:
      - ASP.NET
    status:
      code: 201
      message: Created
- request:
    body: '{"properties": {"TTL": 3600, "TXTRecords": [{"value": ["string 1 only"]}]}}'
    headers:
      Accept:
      - application/json
      Accept-Encoding:
      - gzip, deflate
      CommandName:
      - network dns zone import
      Connection:
      - keep-alive
      Content-Length:
      - '75'
      Content-Type:
      - application/json
      ParameterSetName:
      - -n -g --file-name
      User-Agent:
      - AZURECLI/2.22.0 azsdk-python-azure-mgmt-dns/8.0.0 Python/3.7.8 (Windows-10-10.0.19041-SP0)
    method: PUT
    uri: https://management.azure.com/subscriptions/00000000-0000-0000-0000-000000000000/resourceGroups/cli_dns_zone3_import000001/providers/Microsoft.Network/dnsZones/zone3.com/txt/txt1?api-version=2016-04-01
  response:
    body:
      string: '{"id":"\/subscriptions\/00000000-0000-0000-0000-000000000000\/resourceGroups\/cli_dns_zone3_import000001\/providers\/Microsoft.Network\/dnszones\/zone3.com\/TXT\/txt1","name":"txt1","type":"Microsoft.Network\/dnszones\/TXT","etag":"cf9b840b-35db-4c5e-975b-315336c9335e","properties":{"fqdn":"txt1.zone3.com.","TTL":3600,"TXTRecords":[{"value":["string
        1 only"]}]}}'
    headers:
      cache-control:
      - private
      content-length:
      - '413'
      content-type:
      - application/json; charset=utf-8
      date:
      - Tue, 20 Apr 2021 14:46:31 GMT
      etag:
      - cf9b840b-35db-4c5e-975b-315336c9335e
      server:
      - Microsoft-IIS/10.0
      strict-transport-security:
      - max-age=31536000; includeSubDomains
      x-content-type-options:
      - nosniff
      x-ms-ratelimit-remaining-subscription-resource-requests:
      - '11996'
      x-powered-by:
      - ASP.NET
    status:
      code: 201
      message: Created
- request:
    body: '{"properties": {"TTL": 3600, "TXTRecords": [{"value": ["string1string2"]}]}}'
    headers:
      Accept:
      - application/json
      Accept-Encoding:
      - gzip, deflate
      CommandName:
      - network dns zone import
      Connection:
      - keep-alive
      Content-Length:
      - '76'
      Content-Type:
      - application/json
      ParameterSetName:
      - -n -g --file-name
      User-Agent:
      - AZURECLI/2.22.0 azsdk-python-azure-mgmt-dns/8.0.0 Python/3.7.8 (Windows-10-10.0.19041-SP0)
    method: PUT
    uri: https://management.azure.com/subscriptions/00000000-0000-0000-0000-000000000000/resourceGroups/cli_dns_zone3_import000001/providers/Microsoft.Network/dnsZones/zone3.com/txt/txt2?api-version=2016-04-01
  response:
    body:
      string: '{"id":"\/subscriptions\/00000000-0000-0000-0000-000000000000\/resourceGroups\/cli_dns_zone3_import000001\/providers\/Microsoft.Network\/dnszones\/zone3.com\/TXT\/txt2","name":"txt2","type":"Microsoft.Network\/dnszones\/TXT","etag":"02041887-9ea1-478c-9f59-6d3b994f6eef","properties":{"fqdn":"txt2.zone3.com.","TTL":3600,"TXTRecords":[{"value":["string1string2"]}]}}'
    headers:
      cache-control:
      - private
      content-length:
      - '414'
      content-type:
      - application/json; charset=utf-8
      date:
      - Tue, 20 Apr 2021 14:46:32 GMT
      etag:
      - 02041887-9ea1-478c-9f59-6d3b994f6eef
      server:
      - Microsoft-IIS/10.0
      strict-transport-security:
      - max-age=31536000; includeSubDomains
      x-content-type-options:
      - nosniff
      x-ms-ratelimit-remaining-subscription-resource-requests:
      - '11995'
      x-powered-by:
      - ASP.NET
    status:
      code: 201
      message: Created
- request:
    body: '{"properties": {"TTL": 3600, "TXTRecords": [{"value": ["this is a very
      long string with lots of text, in fact is has 74 charactersthis is a very long
      string with lots of text, in fact is has 74 charactersthis is a very long string
      with lots of text, in fact is has 74 charactersthis is a very long string with
      l", "ots of text, in fact is has 74 characters"]}, {"value": ["string;string;string"]}]}}'
    headers:
      Accept:
      - application/json
      Accept-Encoding:
      - gzip, deflate
      CommandName:
      - network dns zone import
      Connection:
      - keep-alive
      Content-Length:
      - '399'
      Content-Type:
      - application/json
      ParameterSetName:
      - -n -g --file-name
      User-Agent:
      - AZURECLI/2.22.0 azsdk-python-azure-mgmt-dns/8.0.0 Python/3.7.8 (Windows-10-10.0.19041-SP0)
    method: PUT
    uri: https://management.azure.com/subscriptions/00000000-0000-0000-0000-000000000000/resourceGroups/cli_dns_zone3_import000001/providers/Microsoft.Network/dnsZones/zone3.com/txt/txt3?api-version=2016-04-01
  response:
    body:
      string: '{"id":"\/subscriptions\/00000000-0000-0000-0000-000000000000\/resourceGroups\/cli_dns_zone3_import000001\/providers\/Microsoft.Network\/dnszones\/zone3.com\/TXT\/txt3","name":"txt3","type":"Microsoft.Network\/dnszones\/TXT","etag":"28a60662-eb55-4ba1-912f-59e3e1570e50","properties":{"fqdn":"txt3.zone3.com.","TTL":3600,"TXTRecords":[{"value":["this
        is a very long string with lots of text, in fact is has 74 charactersthis
        is a very long string with lots of text, in fact is has 74 charactersthis
        is a very long string with lots of text, in fact is has 74 charactersthis
        is a very long string with l","ots of text, in fact is has 74 characters"]},{"value":["string;string;string"]}]}}'
    headers:
      cache-control:
      - private
      content-length:
      - '734'
      content-type:
      - application/json; charset=utf-8
      date:
      - Tue, 20 Apr 2021 14:46:33 GMT
      etag:
      - 28a60662-eb55-4ba1-912f-59e3e1570e50
      server:
      - Microsoft-IIS/10.0
      strict-transport-security:
      - max-age=31536000; includeSubDomains
      x-content-type-options:
      - nosniff
      x-ms-ratelimit-remaining-subscription-resource-requests:
      - '11994'
      x-powered-by:
      - ASP.NET
    status:
      code: 201
      message: Created
- request:
    body: null
    headers:
      Accept:
      - application/json
      Accept-Encoding:
      - gzip, deflate
      CommandName:
      - network dns record-set list
      Connection:
      - keep-alive
      ParameterSetName:
      - -g -z
      User-Agent:
      - AZURECLI/2.22.0 azsdk-python-azure-mgmt-dns/8.0.0 Python/3.7.8 (Windows-10-10.0.19041-SP0)
    method: GET
    uri: https://management.azure.com/subscriptions/00000000-0000-0000-0000-000000000000/resourceGroups/cli_dns_zone3_import000001/providers/Microsoft.Network/dnsZones/zone3.com/recordsets?api-version=2016-04-01
  response:
    body:
      string: '{"value":[{"id":"\/subscriptions\/00000000-0000-0000-0000-000000000000\/resourceGroups\/cli_dns_zone3_import000001\/providers\/Microsoft.Network\/dnszones\/zone3.com\/NS\/@","name":"@","type":"Microsoft.Network\/dnszones\/NS","etag":"ea883d0b-7f59-4867-984a-e6a251a28014","properties":{"fqdn":"zone3.com.","TTL":86400,"NSRecords":[{"nsdname":"ns1-08.azure-dns.com."},{"nsdname":"ns2-08.azure-dns.net."},{"nsdname":"ns3-08.azure-dns.org."},{"nsdname":"ns4-08.azure-dns.info."}]}},{"id":"\/subscriptions\/00000000-0000-0000-0000-000000000000\/resourceGroups\/cli_dns_zone3_import000001\/providers\/Microsoft.Network\/dnszones\/zone3.com\/SOA\/@","name":"@","type":"Microsoft.Network\/dnszones\/SOA","etag":"0a291cdf-4357-4194-94f7-aa434bde7dab","properties":{"fqdn":"zone3.com.","TTL":86400,"SOARecord":{"email":"hostmaster.zone3.com.","expireTime":1814400,"host":"ns1-08.azure-dns.com.","minimumTTL":10800,"refreshTime":43200,"retryTime":900,"serialNumber":2003080800}}},{"id":"\/subscriptions\/00000000-0000-0000-0000-000000000000\/resourceGroups\/cli_dns_zone3_import000001\/providers\/Microsoft.Network\/dnszones\/zone3.com\/SRV\/_sip._tcp","name":"_sip._tcp","type":"Microsoft.Network\/dnszones\/SRV","etag":"bf178626-45e9-4e35-9276-ceeb7e272a8f","properties":{"fqdn":"_sip._tcp.zone3.com.","TTL":3600,"SRVRecords":[{"port":30,"priority":10,"target":"foo.com.","weight":20}]}},{"id":"\/subscriptions\/00000000-0000-0000-0000-000000000000\/resourceGroups\/cli_dns_zone3_import000001\/providers\/Microsoft.Network\/dnszones\/zone3.com\/A\/d1","name":"d1","type":"Microsoft.Network\/dnszones\/A","etag":"95f80ee5-a660-4dba-a3d3-161f7e15aa2a","properties":{"fqdn":"d1.zone3.com.","TTL":3600,"ARecords":[{"ipv4Address":"12.1.2.3"},{"ipv4Address":"12.2.3.4"},{"ipv4Address":"12.3.4.5"},{"ipv4Address":"12.4.5.6"}]}},{"id":"\/subscriptions\/00000000-0000-0000-0000-000000000000\/resourceGroups\/cli_dns_zone3_import000001\/providers\/Microsoft.Network\/dnszones\/zone3.com\/NS\/d1","name":"d1","type":"Microsoft.Network\/dnszones\/NS","etag":"1a3f399e-7fdc-43a5-be47-db1bfa8130d7","properties":{"fqdn":"d1.zone3.com.","TTL":3600,"NSRecords":[{"nsdname":"hood.com."}]}},{"id":"\/subscriptions\/00000000-0000-0000-0000-000000000000\/resourceGroups\/cli_dns_zone3_import000001\/providers\/Microsoft.Network\/dnszones\/zone3.com\/TXT\/d1","name":"d1","type":"Microsoft.Network\/dnszones\/TXT","etag":"d88b268b-00a0-4b69-8bbf-39d42334bb21","properties":{"fqdn":"d1.zone3.com.","TTL":3600,"TXTRecords":[{"value":["fishfishfish"]}]}},{"id":"\/subscriptions\/00000000-0000-0000-0000-000000000000\/resourceGroups\/cli_dns_zone3_import000001\/providers\/Microsoft.Network\/dnszones\/zone3.com\/A\/f1","name":"f1","type":"Microsoft.Network\/dnszones\/A","etag":"19af3c19-a7b6-493c-bc55-dcdb80ffbdb3","properties":{"fqdn":"f1.zone3.com.","TTL":3600,"ARecords":[{"ipv4Address":"11.1.2.3"},{"ipv4Address":"11.2.3.3"}]}},{"id":"\/subscriptions\/00000000-0000-0000-0000-000000000000\/resourceGroups\/cli_dns_zone3_import000001\/providers\/Microsoft.Network\/dnszones\/zone3.com\/A\/f2","name":"f2","type":"Microsoft.Network\/dnszones\/A","etag":"c164f8a4-cff2-42b6-80e7-a745b06518d1","properties":{"fqdn":"f2.zone3.com.","TTL":3600,"ARecords":[{"ipv4Address":"11.2.3.4"},{"ipv4Address":"11.5.6.7"}]}},{"id":"\/subscriptions\/00000000-0000-0000-0000-000000000000\/resourceGroups\/cli_dns_zone3_import000001\/providers\/Microsoft.Network\/dnszones\/zone3.com\/MX\/mail","name":"mail","type":"Microsoft.Network\/dnszones\/MX","etag":"fe0361c3-5e56-49e6-b6d8-7f4bacfc4c5e","properties":{"fqdn":"mail.zone3.com.","TTL":3600,"MXRecords":[{"exchange":"mail.test.com.","preference":100}]}},{"id":"\/subscriptions\/00000000-0000-0000-0000-000000000000\/resourceGroups\/cli_dns_zone3_import000001\/providers\/Microsoft.Network\/dnszones\/zone3.com\/A\/noclass","name":"noclass","type":"Microsoft.Network\/dnszones\/A","etag":"166607ee-674e-4b11-a731-80bde9462428","properties":{"fqdn":"noclass.zone3.com.","TTL":3600,"ARecords":[{"ipv4Address":"1.2.3.4"},{"ipv4Address":"2.3.4.5"}]}},{"id":"\/subscriptions\/00000000-0000-0000-0000-000000000000\/resourceGroups\/cli_dns_zone3_import000001\/providers\/Microsoft.Network\/dnszones\/zone3.com\/A\/test-a","name":"test-a","type":"Microsoft.Network\/dnszones\/A","etag":"4ad32d22-ce84-4da3-96ad-bb3ac88bc687","properties":{"fqdn":"test-a.zone3.com.","TTL":3600,"ARecords":[{"ipv4Address":"1.2.3.4"}]}},{"id":"\/subscriptions\/00000000-0000-0000-0000-000000000000\/resourceGroups\/cli_dns_zone3_import000001\/providers\/Microsoft.Network\/dnszones\/zone3.com\/AAAA\/test-aaaa","name":"test-aaaa","type":"Microsoft.Network\/dnszones\/AAAA","etag":"d855df1d-6c9b-4d87-9566-e742f9eed00d","properties":{"fqdn":"test-aaaa.zone3.com.","TTL":3600,"AAAARecords":[{"ipv6Address":"2001:cafe:130::100"}]}},{"id":"\/subscriptions\/00000000-0000-0000-0000-000000000000\/resourceGroups\/cli_dns_zone3_import000001\/providers\/Microsoft.Network\/dnszones\/zone3.com\/CNAME\/test-cname","name":"test-cname","type":"Microsoft.Network\/dnszones\/CNAME","etag":"9c40b074-51e7-46b0-acd6-8d2094ca19f3","properties":{"fqdn":"test-cname.zone3.com.","TTL":3600,"CNAMERecord":{"cname":"target.com."}}},{"id":"\/subscriptions\/00000000-0000-0000-0000-000000000000\/resourceGroups\/cli_dns_zone3_import000001\/providers\/Microsoft.Network\/dnszones\/zone3.com\/MX\/test-mx","name":"test-mx","type":"Microsoft.Network\/dnszones\/MX","etag":"b1430f35-afd7-40fd-b784-5bac1c9f39ab","properties":{"fqdn":"test-mx.zone3.com.","TTL":3600,"MXRecords":[{"exchange":"mail.com.","preference":10}]}},{"id":"\/subscriptions\/00000000-0000-0000-0000-000000000000\/resourceGroups\/cli_dns_zone3_import000001\/providers\/Microsoft.Network\/dnszones\/zone3.com\/NS\/test-ns","name":"test-ns","type":"Microsoft.Network\/dnszones\/NS","etag":"5b1008f9-35a4-43c2-bb57-7d9956b8298f","properties":{"fqdn":"test-ns.zone3.com.","TTL":3600,"NSRecords":[{"nsdname":"ns1.com."}]}},{"id":"\/subscriptions\/00000000-0000-0000-0000-000000000000\/resourceGroups\/cli_dns_zone3_import000001\/providers\/Microsoft.Network\/dnszones\/zone3.com\/SRV\/_sip._tcp.test-srv","name":"_sip._tcp.test-srv","type":"Microsoft.Network\/dnszones\/SRV","etag":"ea8ebf9d-c40f-4d32-b0e0-16bcbc1f777e","properties":{"fqdn":"_sip._tcp.test-srv.zone3.com.","TTL":3600,"SRVRecords":[{"port":3,"priority":1,"target":"target.com.","weight":2}]}},{"id":"\/subscriptions\/00000000-0000-0000-0000-000000000000\/resourceGroups\/cli_dns_zone3_import000001\/providers\/Microsoft.Network\/dnszones\/zone3.com\/TXT\/test-txt","name":"test-txt","type":"Microsoft.Network\/dnszones\/TXT","etag":"684d6495-e230-4ac6-aa8d-eb46e8238c2f","properties":{"fqdn":"test-txt.zone3.com.","TTL":3600,"TXTRecords":[{"value":["string
        1"]}]}},{"id":"\/subscriptions\/00000000-0000-0000-0000-000000000000\/resourceGroups\/cli_dns_zone3_import000001\/providers\/Microsoft.Network\/dnszones\/zone3.com\/TXT\/txt1","name":"txt1","type":"Microsoft.Network\/dnszones\/TXT","etag":"cf9b840b-35db-4c5e-975b-315336c9335e","properties":{"fqdn":"txt1.zone3.com.","TTL":3600,"TXTRecords":[{"value":["string
        1 only"]}]}},{"id":"\/subscriptions\/00000000-0000-0000-0000-000000000000\/resourceGroups\/cli_dns_zone3_import000001\/providers\/Microsoft.Network\/dnszones\/zone3.com\/TXT\/txt2","name":"txt2","type":"Microsoft.Network\/dnszones\/TXT","etag":"02041887-9ea1-478c-9f59-6d3b994f6eef","properties":{"fqdn":"txt2.zone3.com.","TTL":3600,"TXTRecords":[{"value":["string1string2"]}]}},{"id":"\/subscriptions\/00000000-0000-0000-0000-000000000000\/resourceGroups\/cli_dns_zone3_import000001\/providers\/Microsoft.Network\/dnszones\/zone3.com\/TXT\/txt3","name":"txt3","type":"Microsoft.Network\/dnszones\/TXT","etag":"28a60662-eb55-4ba1-912f-59e3e1570e50","properties":{"fqdn":"txt3.zone3.com.","TTL":3600,"TXTRecords":[{"value":["this
        is a very long string with lots of text, in fact is has 74 charactersthis
        is a very long string with lots of text, in fact is has 74 charactersthis
        is a very long string with lots of text, in fact is has 74 charactersthis
        is a very long string with l","ots of text, in fact is has 74 characters"]},{"value":["string;string;string"]}]}}]}'
    headers:
      cache-control:
      - private
      content-length:
      - '9148'
      content-type:
      - application/json; charset=utf-8
      date:
      - Tue, 20 Apr 2021 14:46:35 GMT
      server:
      - Microsoft-IIS/10.0
      strict-transport-security:
      - max-age=31536000; includeSubDomains
      transfer-encoding:
      - chunked
      vary:
      - Accept-Encoding
      x-content-type-options:
      - nosniff
      x-ms-ratelimit-remaining-subscription-resource-entities-read:
      - '59980'
      x-ms-ratelimit-remaining-subscription-resource-requests:
      - '499'
      x-powered-by:
      - ASP.NET
    status:
      code: 200
      message: OK
version: 1
