interactions:
- request:
    body: '{"location": "global"}'
    headers:
      Accept: [application/json]
      Accept-Encoding: ['gzip, deflate']
      Connection: [keep-alive]
      Content-Length: ['22']
      Content-Type: [application/json; charset=utf-8]
      User-Agent: [python/3.5.3 (Windows-10-10.0.14393-SP0) requests/2.9.1 msrest/0.4.4
          msrest_azure/0.4.7 dnsmanagementclient/0.30.0rc6 Azure-SDK-For-Python AZURECLI/TEST/0.1.1b3+dev]
      accept-language: [en-US]
      x-ms-client-request-id: [1109e7b4-f3e7-11e6-9a6e-74c63bed1137]
    method: PUT
    uri: https://management.azure.com/subscriptions/00000000-0000-0000-0000-000000000000/resourceGroups/cli_test_dns/providers/Microsoft.Network/dnszones/myzone.com?api-version=2016-04-01
  response:
    body: {string: '{"id":"\/subscriptions\/0b1f6471-1bf0-4dda-aec3-cb9272f09590\/resourceGroups\/cli_test_dns\/providers\/Microsoft.Network\/dnszones\/myzone.com","name":"myzone.com","type":"Microsoft.Network\/dnszones","etag":"00000002-0000-0000-94af-0bd1f387d201","location":"global","tags":{},"properties":{"maxNumberOfRecordSets":5000,"nameServers":["ns1-02.azure-dns.com.","ns2-02.azure-dns.net.","ns3-02.azure-dns.org.","ns4-02.azure-dns.info."],"numberOfRecordSets":2}}'}
    headers:
      Cache-Control: [private]
      Content-Length: ['463']
      Content-Type: [application/json; charset=utf-8]
      Date: ['Thu, 16 Feb 2017 01:27:21 GMT']
      ETag: [00000002-0000-0000-94af-0bd1f387d201]
      Server: [Microsoft-IIS/8.5]
      Strict-Transport-Security: [max-age=31536000; includeSubDomains]
      X-AspNet-Version: [4.0.30319]
      X-Content-Type-Options: [nosniff]
      X-Powered-By: [ASP.NET]
      x-ms-ratelimit-remaining-subscription-resource-requests: ['11999']
    status: {code: 201, message: Created}
- request:
    body: null
    headers:
      Accept: [application/json]
      Accept-Encoding: ['gzip, deflate']
      Connection: [keep-alive]
      Content-Type: [application/json; charset=utf-8]
      User-Agent: [python/3.5.3 (Windows-10-10.0.14393-SP0) requests/2.9.1 msrest/0.4.4
          msrest_azure/0.4.7 dnsmanagementclient/0.30.0rc6 Azure-SDK-For-Python AZURECLI/TEST/0.1.1b3+dev]
      accept-language: [en-US]
      x-ms-client-request-id: [12a65982-f3e7-11e6-9181-74c63bed1137]
    method: GET
    uri: https://management.azure.com/subscriptions/00000000-0000-0000-0000-000000000000/resourceGroups/cli_test_dns/providers/Microsoft.Network/dnszones/myzone.com?api-version=2016-04-01
  response:
    body: {string: '{"id":"\/subscriptions\/0b1f6471-1bf0-4dda-aec3-cb9272f09590\/resourceGroups\/cli_test_dns\/providers\/Microsoft.Network\/dnszones\/myzone.com","name":"myzone.com","type":"Microsoft.Network\/dnszones","etag":"00000002-0000-0000-94af-0bd1f387d201","location":"global","tags":{},"properties":{"maxNumberOfRecordSets":5000,"nameServers":["ns1-02.azure-dns.com.","ns2-02.azure-dns.net.","ns3-02.azure-dns.org.","ns4-02.azure-dns.info."],"numberOfRecordSets":2}}'}
    headers:
      Cache-Control: [private]
      Content-Type: [application/json; charset=utf-8]
      Date: ['Thu, 16 Feb 2017 01:27:22 GMT']
      ETag: [00000002-0000-0000-94af-0bd1f387d201]
      Server: [Microsoft-IIS/8.5]
      Strict-Transport-Security: [max-age=31536000; includeSubDomains]
      Transfer-Encoding: [chunked]
      Vary: [Accept-Encoding]
      X-AspNet-Version: [4.0.30319]
      X-Content-Type-Options: [nosniff]
      X-Powered-By: [ASP.NET]
      content-length: ['463']
      x-ms-ratelimit-remaining-subscription-resource-requests: ['11999']
    status: {code: 200, message: OK}
- request:
    body: '{"properties": {"TTL": 3600}, "name": "myrsa", "type": "A"}'
    headers:
      Accept: [application/json]
      Accept-Encoding: ['gzip, deflate']
      Connection: [keep-alive]
      Content-Length: ['59']
      Content-Type: [application/json; charset=utf-8]
      User-Agent: [python/3.5.3 (Windows-10-10.0.14393-SP0) requests/2.9.1 msrest/0.4.4
          msrest_azure/0.4.7 dnsmanagementclient/0.30.0rc6 Azure-SDK-For-Python AZURECLI/TEST/0.1.1b3+dev]
      accept-language: [en-US]
      x-ms-client-request-id: [132e4a98-f3e7-11e6-843a-74c63bed1137]
    method: PUT
    uri: https://management.azure.com/subscriptions/00000000-0000-0000-0000-000000000000/resourceGroups/cli_test_dns/providers/Microsoft.Network/dnszones/myzone.com/A/myrsa?api-version=2016-04-01
  response:
    body: {string: '{"id":"\/subscriptions\/0b1f6471-1bf0-4dda-aec3-cb9272f09590\/resourceGroups\/cli_test_dns\/providers\/Microsoft.Network\/dnszones\/myzone.com\/A\/myrsa","name":"myrsa","type":"Microsoft.Network\/dnszones\/A","etag":"dfd2eb04-6425-46e4-8d86-fc5ec664ebf0","properties":{"fqdn":"myrsa.myzone.com.","TTL":3600,"ARecords":[]}}'}
    headers:
      Cache-Control: [private]
      Content-Length: ['328']
      Content-Type: [application/json; charset=utf-8]
      Date: ['Thu, 16 Feb 2017 01:27:24 GMT']
      ETag: [dfd2eb04-6425-46e4-8d86-fc5ec664ebf0]
      Server: [Microsoft-IIS/8.5]
      Strict-Transport-Security: [max-age=31536000; includeSubDomains]
      X-AspNet-Version: [4.0.30319]
      X-Content-Type-Options: [nosniff]
      X-Powered-By: [ASP.NET]
      x-ms-ratelimit-remaining-subscription-resource-requests: ['11999']
    status: {code: 201, message: Created}
- request:
    body: null
    headers:
      Accept: [application/json]
      Accept-Encoding: ['gzip, deflate']
      Connection: [keep-alive]
      Content-Type: [application/json; charset=utf-8]
      User-Agent: [python/3.5.3 (Windows-10-10.0.14393-SP0) requests/2.9.1 msrest/0.4.4
          msrest_azure/0.4.7 dnsmanagementclient/0.30.0rc6 Azure-SDK-For-Python AZURECLI/TEST/0.1.1b3+dev]
      accept-language: [en-US]
      x-ms-client-request-id: [13efdd76-f3e7-11e6-bacb-74c63bed1137]
    method: GET
    uri: https://management.azure.com/subscriptions/00000000-0000-0000-0000-000000000000/resourceGroups/cli_test_dns/providers/Microsoft.Network/dnszones/myzone.com/A/myrsa?api-version=2016-04-01
  response:
    body: {string: '{"id":"\/subscriptions\/0b1f6471-1bf0-4dda-aec3-cb9272f09590\/resourceGroups\/cli_test_dns\/providers\/Microsoft.Network\/dnszones\/myzone.com\/A\/myrsa","name":"myrsa","type":"Microsoft.Network\/dnszones\/A","etag":"dfd2eb04-6425-46e4-8d86-fc5ec664ebf0","properties":{"fqdn":"myrsa.myzone.com.","TTL":3600,"ARecords":[]}}'}
    headers:
      Cache-Control: [private]
      Content-Type: [application/json; charset=utf-8]
      Date: ['Thu, 16 Feb 2017 01:27:24 GMT']
      ETag: [dfd2eb04-6425-46e4-8d86-fc5ec664ebf0]
      Server: [Microsoft-IIS/8.5]
      Strict-Transport-Security: [max-age=31536000; includeSubDomains]
      Transfer-Encoding: [chunked]
      Vary: [Accept-Encoding]
      X-AspNet-Version: [4.0.30319]
      X-Content-Type-Options: [nosniff]
      X-Powered-By: [ASP.NET]
      content-length: ['328']
      x-ms-ratelimit-remaining-subscription-resource-requests: ['11999']
    status: {code: 200, message: OK}
- request:
    body: '{"properties": {"ARecords": [{"ipv4Address": "10.0.0.10"}], "TTL": 3600},
      "name": "myrsa", "id": "/subscriptions/0b1f6471-1bf0-4dda-aec3-cb9272f09590/resourceGroups/cli_test_dns/providers/Microsoft.Network/dnszones/myzone.com/A/myrsa",
      "type": "Microsoft.Network/dnszones/A", "etag": "dfd2eb04-6425-46e4-8d86-fc5ec664ebf0"}'
    headers:
      Accept: [application/json]
      Accept-Encoding: ['gzip, deflate']
      Connection: [keep-alive]
      Content-Length: ['329']
      Content-Type: [application/json; charset=utf-8]
      User-Agent: [python/3.5.3 (Windows-10-10.0.14393-SP0) requests/2.9.1 msrest/0.4.4
          msrest_azure/0.4.7 dnsmanagementclient/0.30.0rc6 Azure-SDK-For-Python AZURECLI/TEST/0.1.1b3+dev]
      accept-language: [en-US]
      x-ms-client-request-id: [143f6934-f3e7-11e6-b260-74c63bed1137]
    method: PUT
    uri: https://management.azure.com/subscriptions/00000000-0000-0000-0000-000000000000/resourceGroups/cli_test_dns/providers/Microsoft.Network/dnszones/myzone.com/A/myrsa?api-version=2016-04-01
  response:
    body: {string: '{"id":"\/subscriptions\/0b1f6471-1bf0-4dda-aec3-cb9272f09590\/resourceGroups\/cli_test_dns\/providers\/Microsoft.Network\/dnszones\/myzone.com\/A\/myrsa","name":"myrsa","type":"Microsoft.Network\/dnszones\/A","etag":"af6e0a11-a5bf-4883-84c4-202e9699253a","properties":{"fqdn":"myrsa.myzone.com.","TTL":3600,"ARecords":[{"ipv4Address":"10.0.0.10"}]}}'}
    headers:
      Cache-Control: [private]
      Content-Type: [application/json; charset=utf-8]
      Date: ['Thu, 16 Feb 2017 01:27:25 GMT']
      ETag: [af6e0a11-a5bf-4883-84c4-202e9699253a]
      Server: [Microsoft-IIS/8.5]
      Strict-Transport-Security: [max-age=31536000; includeSubDomains]
      Transfer-Encoding: [chunked]
      Vary: [Accept-Encoding]
      X-AspNet-Version: [4.0.30319]
      X-Content-Type-Options: [nosniff]
      X-Powered-By: [ASP.NET]
      content-length: ['355']
      x-ms-ratelimit-remaining-subscription-resource-requests: ['11999']
    status: {code: 200, message: OK}
- request:
    body: null
    headers:
      Accept: [application/json]
      Accept-Encoding: ['gzip, deflate']
      Connection: [keep-alive]
      Content-Type: [application/json; charset=utf-8]
      User-Agent: [python/3.5.3 (Windows-10-10.0.14393-SP0) requests/2.9.1 msrest/0.4.4
          msrest_azure/0.4.7 dnsmanagementclient/0.30.0rc6 Azure-SDK-For-Python AZURECLI/TEST/0.1.1b3+dev]
      accept-language: [en-US]
      x-ms-client-request-id: [150bdd52-f3e7-11e6-87e6-74c63bed1137]
    method: GET
    uri: https://management.azure.com/subscriptions/00000000-0000-0000-0000-000000000000/resourceGroups/cli_test_dns/providers/Microsoft.Network/dnszones/myzone.com/A/myrsaalt?api-version=2016-04-01
  response:
    body: {string: '{"code":"NotFound","message":"The resource record ''myrsaalt''
        does not exist in resource group ''cli_test_dns'' of subscription ''0b1f6471-1bf0-4dda-aec3-cb9272f09590''."}'}
    headers:
      Cache-Control: [private]
      Content-Length: ['172']
      Content-Type: [application/json; charset=utf-8]
      Date: ['Thu, 16 Feb 2017 01:27:26 GMT']
      Server: [Microsoft-IIS/8.5]
      Strict-Transport-Security: [max-age=31536000; includeSubDomains]
      X-AspNet-Version: [4.0.30319]
      X-Content-Type-Options: [nosniff]
      X-Powered-By: [ASP.NET]
      x-ms-ratelimit-remaining-subscription-resource-requests: ['11999']
    status: {code: 404, message: Not Found}
- request:
    body: '{"properties": {"ARecords": [{"ipv4Address": "10.0.0.10"}], "TTL": 3600},
      "name": "myrsaalt", "type": "a"}'
    headers:
      Accept: [application/json]
      Accept-Encoding: ['gzip, deflate']
      Connection: [keep-alive]
      Content-Length: ['106']
      Content-Type: [application/json; charset=utf-8]
      User-Agent: [python/3.5.3 (Windows-10-10.0.14393-SP0) requests/2.9.1 msrest/0.4.4
          msrest_azure/0.4.7 dnsmanagementclient/0.30.0rc6 Azure-SDK-For-Python AZURECLI/TEST/0.1.1b3+dev]
      accept-language: [en-US]
      x-ms-client-request-id: [15629a40-f3e7-11e6-a320-74c63bed1137]
    method: PUT
    uri: https://management.azure.com/subscriptions/00000000-0000-0000-0000-000000000000/resourceGroups/cli_test_dns/providers/Microsoft.Network/dnszones/myzone.com/A/myrsaalt?api-version=2016-04-01
  response:
    body: {string: '{"id":"\/subscriptions\/0b1f6471-1bf0-4dda-aec3-cb9272f09590\/resourceGroups\/cli_test_dns\/providers\/Microsoft.Network\/dnszones\/myzone.com\/A\/myrsaalt","name":"myrsaalt","type":"Microsoft.Network\/dnszones\/A","etag":"4e39b7f6-ac46-47db-8187-2bcf8fc2bb9e","properties":{"fqdn":"myrsaalt.myzone.com.","TTL":3600,"ARecords":[{"ipv4Address":"10.0.0.10"}]}}'}
    headers:
      Cache-Control: [private]
      Content-Length: ['364']
      Content-Type: [application/json; charset=utf-8]
      Date: ['Thu, 16 Feb 2017 01:27:27 GMT']
      ETag: [4e39b7f6-ac46-47db-8187-2bcf8fc2bb9e]
      Server: [Microsoft-IIS/8.5]
      Strict-Transport-Security: [max-age=31536000; includeSubDomains]
      X-AspNet-Version: [4.0.30319]
      X-Content-Type-Options: [nosniff]
      X-Powered-By: [ASP.NET]
      x-ms-ratelimit-remaining-subscription-resource-requests: ['11999']
    status: {code: 201, message: Created}
- request:
    body: '{"properties": {"TTL": 3600}, "name": "myrsaaaa", "type": "AAAA"}'
    headers:
      Accept: [application/json]
      Accept-Encoding: ['gzip, deflate']
      Connection: [keep-alive]
      Content-Length: ['65']
      Content-Type: [application/json; charset=utf-8]
      User-Agent: [python/3.5.3 (Windows-10-10.0.14393-SP0) requests/2.9.1 msrest/0.4.4
          msrest_azure/0.4.7 dnsmanagementclient/0.30.0rc6 Azure-SDK-For-Python AZURECLI/TEST/0.1.1b3+dev]
      accept-language: [en-US]
      x-ms-client-request-id: [163c8a3e-f3e7-11e6-8741-74c63bed1137]
    method: PUT
    uri: https://management.azure.com/subscriptions/00000000-0000-0000-0000-000000000000/resourceGroups/cli_test_dns/providers/Microsoft.Network/dnszones/myzone.com/AAAA/myrsaaaa?api-version=2016-04-01
  response:
    body: {string: '{"id":"\/subscriptions\/0b1f6471-1bf0-4dda-aec3-cb9272f09590\/resourceGroups\/cli_test_dns\/providers\/Microsoft.Network\/dnszones\/myzone.com\/AAAA\/myrsaaaa","name":"myrsaaaa","type":"Microsoft.Network\/dnszones\/AAAA","etag":"dba01804-44c1-4c26-9fde-4bea12dfa6df","properties":{"fqdn":"myrsaaaa.myzone.com.","TTL":3600,"AAAARecords":[]}}'}
    headers:
      Cache-Control: [private]
      Content-Length: ['346']
      Content-Type: [application/json; charset=utf-8]
      Date: ['Thu, 16 Feb 2017 01:27:28 GMT']
      ETag: [dba01804-44c1-4c26-9fde-4bea12dfa6df]
      Server: [Microsoft-IIS/8.5]
      Strict-Transport-Security: [max-age=31536000; includeSubDomains]
      X-AspNet-Version: [4.0.30319]
      X-Content-Type-Options: [nosniff]
      X-Powered-By: [ASP.NET]
      x-ms-ratelimit-remaining-subscription-resource-requests: ['11998']
    status: {code: 201, message: Created}
- request:
    body: null
    headers:
      Accept: [application/json]
      Accept-Encoding: ['gzip, deflate']
      Connection: [keep-alive]
      Content-Type: [application/json; charset=utf-8]
      User-Agent: [python/3.5.3 (Windows-10-10.0.14393-SP0) requests/2.9.1 msrest/0.4.4
          msrest_azure/0.4.7 dnsmanagementclient/0.30.0rc6 Azure-SDK-For-Python AZURECLI/TEST/0.1.1b3+dev]
      accept-language: [en-US]
      x-ms-client-request-id: [16dcb070-f3e7-11e6-b541-74c63bed1137]
    method: GET
    uri: https://management.azure.com/subscriptions/00000000-0000-0000-0000-000000000000/resourceGroups/cli_test_dns/providers/Microsoft.Network/dnszones/myzone.com/AAAA/myrsaaaa?api-version=2016-04-01
  response:
    body: {string: '{"id":"\/subscriptions\/0b1f6471-1bf0-4dda-aec3-cb9272f09590\/resourceGroups\/cli_test_dns\/providers\/Microsoft.Network\/dnszones\/myzone.com\/AAAA\/myrsaaaa","name":"myrsaaaa","type":"Microsoft.Network\/dnszones\/AAAA","etag":"dba01804-44c1-4c26-9fde-4bea12dfa6df","properties":{"fqdn":"myrsaaaa.myzone.com.","TTL":3600,"AAAARecords":[]}}'}
    headers:
      Cache-Control: [private]
      Content-Type: [application/json; charset=utf-8]
      Date: ['Thu, 16 Feb 2017 01:27:29 GMT']
      ETag: [dba01804-44c1-4c26-9fde-4bea12dfa6df]
      Server: [Microsoft-IIS/8.5]
      Strict-Transport-Security: [max-age=31536000; includeSubDomains]
      Transfer-Encoding: [chunked]
      Vary: [Accept-Encoding]
      X-AspNet-Version: [4.0.30319]
      X-Content-Type-Options: [nosniff]
      X-Powered-By: [ASP.NET]
      content-length: ['346']
      x-ms-ratelimit-remaining-subscription-resource-requests: ['11999']
    status: {code: 200, message: OK}
- request:
    body: '{"properties": {"TTL": 3600, "AAAARecords": [{"ipv6Address": "2001:db8:0:1:1:1:1:1"}]},
      "name": "myrsaaaa", "id": "/subscriptions/0b1f6471-1bf0-4dda-aec3-cb9272f09590/resourceGroups/cli_test_dns/providers/Microsoft.Network/dnszones/myzone.com/AAAA/myrsaaaa",
      "type": "Microsoft.Network/dnszones/AAAA", "etag": "dba01804-44c1-4c26-9fde-4bea12dfa6df"}'
    headers:
      Accept: [application/json]
      Accept-Encoding: ['gzip, deflate']
      Connection: [keep-alive]
      Content-Length: ['355']
      Content-Type: [application/json; charset=utf-8]
      User-Agent: [python/3.5.3 (Windows-10-10.0.14393-SP0) requests/2.9.1 msrest/0.4.4
          msrest_azure/0.4.7 dnsmanagementclient/0.30.0rc6 Azure-SDK-For-Python AZURECLI/TEST/0.1.1b3+dev]
      accept-language: [en-US]
      x-ms-client-request-id: [171a9b70-f3e7-11e6-affa-74c63bed1137]
    method: PUT
    uri: https://management.azure.com/subscriptions/00000000-0000-0000-0000-000000000000/resourceGroups/cli_test_dns/providers/Microsoft.Network/dnszones/myzone.com/AAAA/myrsaaaa?api-version=2016-04-01
  response:
    body: {string: '{"id":"\/subscriptions\/0b1f6471-1bf0-4dda-aec3-cb9272f09590\/resourceGroups\/cli_test_dns\/providers\/Microsoft.Network\/dnszones\/myzone.com\/AAAA\/myrsaaaa","name":"myrsaaaa","type":"Microsoft.Network\/dnszones\/AAAA","etag":"20edfdf6-9635-43d8-b346-3beaf6f17456","properties":{"fqdn":"myrsaaaa.myzone.com.","TTL":3600,"AAAARecords":[{"ipv6Address":"2001:db8:0:1:1:1:1:1"}]}}'}
    headers:
      Cache-Control: [private]
      Content-Type: [application/json; charset=utf-8]
      Date: ['Thu, 16 Feb 2017 01:27:30 GMT']
      ETag: [20edfdf6-9635-43d8-b346-3beaf6f17456]
      Server: [Microsoft-IIS/8.5]
      Strict-Transport-Security: [max-age=31536000; includeSubDomains]
      Transfer-Encoding: [chunked]
      Vary: [Accept-Encoding]
      X-AspNet-Version: [4.0.30319]
      X-Content-Type-Options: [nosniff]
      X-Powered-By: [ASP.NET]
      content-length: ['384']
      x-ms-ratelimit-remaining-subscription-resource-requests: ['11997']
    status: {code: 200, message: OK}
- request:
    body: null
    headers:
      Accept: [application/json]
      Accept-Encoding: ['gzip, deflate']
      Connection: [keep-alive]
      Content-Type: [application/json; charset=utf-8]
      User-Agent: [python/3.5.3 (Windows-10-10.0.14393-SP0) requests/2.9.1 msrest/0.4.4
          msrest_azure/0.4.7 dnsmanagementclient/0.30.0rc6 Azure-SDK-For-Python AZURECLI/TEST/0.1.1b3+dev]
      accept-language: [en-US]
      x-ms-client-request-id: [17e77bf0-f3e7-11e6-844d-74c63bed1137]
    method: GET
    uri: https://management.azure.com/subscriptions/00000000-0000-0000-0000-000000000000/resourceGroups/cli_test_dns/providers/Microsoft.Network/dnszones/myzone.com/AAAA/myrsaaaaalt?api-version=2016-04-01
  response:
    body: {string: '{"code":"NotFound","message":"The resource record ''myrsaaaaalt''
        does not exist in resource group ''cli_test_dns'' of subscription ''0b1f6471-1bf0-4dda-aec3-cb9272f09590''."}'}
    headers:
      Cache-Control: [private]
      Content-Length: ['175']
      Content-Type: [application/json; charset=utf-8]
      Date: ['Thu, 16 Feb 2017 01:27:31 GMT']
      Server: [Microsoft-IIS/8.5]
      Strict-Transport-Security: [max-age=31536000; includeSubDomains]
      X-AspNet-Version: [4.0.30319]
      X-Content-Type-Options: [nosniff]
      X-Powered-By: [ASP.NET]
      x-ms-ratelimit-remaining-subscription-resource-requests: ['11998']
    status: {code: 404, message: Not Found}
- request:
    body: '{"properties": {"TTL": 3600, "AAAARecords": [{"ipv6Address": "2001:db8:0:1:1:1:1:1"}]},
      "name": "myrsaaaaalt", "type": "aaaa"}'
    headers:
      Accept: [application/json]
      Accept-Encoding: ['gzip, deflate']
      Connection: [keep-alive]
      Content-Length: ['126']
      Content-Type: [application/json; charset=utf-8]
      User-Agent: [python/3.5.3 (Windows-10-10.0.14393-SP0) requests/2.9.1 msrest/0.4.4
          msrest_azure/0.4.7 dnsmanagementclient/0.30.0rc6 Azure-SDK-For-Python AZURECLI/TEST/0.1.1b3+dev]
      accept-language: [en-US]
      x-ms-client-request-id: [181f05ae-f3e7-11e6-b4b0-74c63bed1137]
    method: PUT
    uri: https://management.azure.com/subscriptions/00000000-0000-0000-0000-000000000000/resourceGroups/cli_test_dns/providers/Microsoft.Network/dnszones/myzone.com/AAAA/myrsaaaaalt?api-version=2016-04-01
  response:
    body: {string: '{"id":"\/subscriptions\/0b1f6471-1bf0-4dda-aec3-cb9272f09590\/resourceGroups\/cli_test_dns\/providers\/Microsoft.Network\/dnszones\/myzone.com\/AAAA\/myrsaaaaalt","name":"myrsaaaaalt","type":"Microsoft.Network\/dnszones\/AAAA","etag":"dff74216-0814-4367-b469-250eb48f8b85","properties":{"fqdn":"myrsaaaaalt.myzone.com.","TTL":3600,"AAAARecords":[{"ipv6Address":"2001:db8:0:1:1:1:1:1"}]}}'}
    headers:
      Cache-Control: [private]
      Content-Length: ['393']
      Content-Type: [application/json; charset=utf-8]
      Date: ['Thu, 16 Feb 2017 01:27:32 GMT']
      ETag: [dff74216-0814-4367-b469-250eb48f8b85]
      Server: [Microsoft-IIS/8.5]
      Strict-Transport-Security: [max-age=31536000; includeSubDomains]
      X-AspNet-Version: [4.0.30319]
      X-Content-Type-Options: [nosniff]
      X-Powered-By: [ASP.NET]
      x-ms-ratelimit-remaining-subscription-resource-requests: ['11999']
    status: {code: 201, message: Created}
- request:
    body: '{"properties": {"TTL": 3600}, "name": "myrscname", "type": "CNAME"}'
    headers:
      Accept: [application/json]
      Accept-Encoding: ['gzip, deflate']
      Connection: [keep-alive]
      Content-Length: ['67']
      Content-Type: [application/json; charset=utf-8]
      User-Agent: [python/3.5.3 (Windows-10-10.0.14393-SP0) requests/2.9.1 msrest/0.4.4
          msrest_azure/0.4.7 dnsmanagementclient/0.30.0rc6 Azure-SDK-For-Python AZURECLI/TEST/0.1.1b3+dev]
      accept-language: [en-US]
      x-ms-client-request-id: [18e909b8-f3e7-11e6-94a2-74c63bed1137]
    method: PUT
    uri: https://management.azure.com/subscriptions/00000000-0000-0000-0000-000000000000/resourceGroups/cli_test_dns/providers/Microsoft.Network/dnszones/myzone.com/CNAME/myrscname?api-version=2016-04-01
  response:
    body: {string: '{"id":"\/subscriptions\/0b1f6471-1bf0-4dda-aec3-cb9272f09590\/resourceGroups\/cli_test_dns\/providers\/Microsoft.Network\/dnszones\/myzone.com\/CNAME\/myrscname","name":"myrscname","type":"Microsoft.Network\/dnszones\/CNAME","etag":"64e479bc-0a94-4c46-82f4-b7c812e9ff5b","properties":{"fqdn":"myrscname.myzone.com.","TTL":3600}}'}
    headers:
      Cache-Control: [private]
      Content-Length: ['334']
      Content-Type: [application/json; charset=utf-8]
      Date: ['Thu, 16 Feb 2017 01:27:33 GMT']
      ETag: [64e479bc-0a94-4c46-82f4-b7c812e9ff5b]
      Server: [Microsoft-IIS/8.5]
      Strict-Transport-Security: [max-age=31536000; includeSubDomains]
      X-AspNet-Version: [4.0.30319]
      X-Content-Type-Options: [nosniff]
      X-Powered-By: [ASP.NET]
      x-ms-ratelimit-remaining-subscription-resource-requests: ['11999']
    status: {code: 201, message: Created}
- request:
    body: null
    headers:
      Accept: [application/json]
      Accept-Encoding: ['gzip, deflate']
      Connection: [keep-alive]
      Content-Type: [application/json; charset=utf-8]
      User-Agent: [python/3.5.3 (Windows-10-10.0.14393-SP0) requests/2.9.1 msrest/0.4.4
          msrest_azure/0.4.7 dnsmanagementclient/0.30.0rc6 Azure-SDK-For-Python AZURECLI/TEST/0.1.1b3+dev]
      accept-language: [en-US]
      x-ms-client-request-id: [19a1ae1a-f3e7-11e6-a862-74c63bed1137]
    method: GET
    uri: https://management.azure.com/subscriptions/00000000-0000-0000-0000-000000000000/resourceGroups/cli_test_dns/providers/Microsoft.Network/dnszones/myzone.com/CNAME/myrscname?api-version=2016-04-01
  response:
    body: {string: '{"id":"\/subscriptions\/0b1f6471-1bf0-4dda-aec3-cb9272f09590\/resourceGroups\/cli_test_dns\/providers\/Microsoft.Network\/dnszones\/myzone.com\/CNAME\/myrscname","name":"myrscname","type":"Microsoft.Network\/dnszones\/CNAME","etag":"64e479bc-0a94-4c46-82f4-b7c812e9ff5b","properties":{"fqdn":"myrscname.myzone.com.","TTL":3600}}'}
    headers:
      Cache-Control: [private]
      Content-Type: [application/json; charset=utf-8]
      Date: ['Thu, 16 Feb 2017 01:27:33 GMT']
      ETag: [64e479bc-0a94-4c46-82f4-b7c812e9ff5b]
      Server: [Microsoft-IIS/8.5]
      Strict-Transport-Security: [max-age=31536000; includeSubDomains]
      Transfer-Encoding: [chunked]
      Vary: [Accept-Encoding]
      X-AspNet-Version: [4.0.30319]
      X-Content-Type-Options: [nosniff]
      X-Powered-By: [ASP.NET]
      content-length: ['334']
      x-ms-ratelimit-remaining-subscription-resource-requests: ['11999']
    status: {code: 200, message: OK}
- request:
    body: '{"properties": {"TTL": 3600, "CNAMERecord": {"cname": "mycname"}}, "name":
      "myrscname", "id": "/subscriptions/0b1f6471-1bf0-4dda-aec3-cb9272f09590/resourceGroups/cli_test_dns/providers/Microsoft.Network/dnszones/myzone.com/CNAME/myrscname",
      "type": "Microsoft.Network/dnszones/CNAME", "etag": "64e479bc-0a94-4c46-82f4-b7c812e9ff5b"}'
    headers:
      Accept: [application/json]
      Accept-Encoding: ['gzip, deflate']
      Connection: [keep-alive]
      Content-Length: ['338']
      Content-Type: [application/json; charset=utf-8]
      User-Agent: [python/3.5.3 (Windows-10-10.0.14393-SP0) requests/2.9.1 msrest/0.4.4
          msrest_azure/0.4.7 dnsmanagementclient/0.30.0rc6 Azure-SDK-For-Python AZURECLI/TEST/0.1.1b3+dev]
      accept-language: [en-US]
      x-ms-client-request-id: [19dd92c8-f3e7-11e6-b1ae-74c63bed1137]
    method: PUT
    uri: https://management.azure.com/subscriptions/00000000-0000-0000-0000-000000000000/resourceGroups/cli_test_dns/providers/Microsoft.Network/dnszones/myzone.com/CNAME/myrscname?api-version=2016-04-01
  response:
    body: {string: '{"id":"\/subscriptions\/0b1f6471-1bf0-4dda-aec3-cb9272f09590\/resourceGroups\/cli_test_dns\/providers\/Microsoft.Network\/dnszones\/myzone.com\/CNAME\/myrscname","name":"myrscname","type":"Microsoft.Network\/dnszones\/CNAME","etag":"9f926fd9-0127-43fe-b437-36c87a40f2c5","properties":{"fqdn":"myrscname.myzone.com.","TTL":3600,"CNAMERecord":{"cname":"mycname"}}}'}
    headers:
      Cache-Control: [private]
      Content-Type: [application/json; charset=utf-8]
      Date: ['Thu, 16 Feb 2017 01:27:34 GMT']
      ETag: [9f926fd9-0127-43fe-b437-36c87a40f2c5]
      Server: [Microsoft-IIS/8.5]
      Strict-Transport-Security: [max-age=31536000; includeSubDomains]
      Transfer-Encoding: [chunked]
      Vary: [Accept-Encoding]
      X-AspNet-Version: [4.0.30319]
      X-Content-Type-Options: [nosniff]
      X-Powered-By: [ASP.NET]
      content-length: ['368']
      x-ms-ratelimit-remaining-subscription-resource-requests: ['11999']
    status: {code: 200, message: OK}
- request:
    body: null
    headers:
      Accept: [application/json]
      Accept-Encoding: ['gzip, deflate']
      Connection: [keep-alive]
      Content-Type: [application/json; charset=utf-8]
      User-Agent: [python/3.5.3 (Windows-10-10.0.14393-SP0) requests/2.9.1 msrest/0.4.4
          msrest_azure/0.4.7 dnsmanagementclient/0.30.0rc6 Azure-SDK-For-Python AZURECLI/TEST/0.1.1b3+dev]
      accept-language: [en-US]
      x-ms-client-request-id: [1a9b5212-f3e7-11e6-92e9-74c63bed1137]
    method: GET
    uri: https://management.azure.com/subscriptions/00000000-0000-0000-0000-000000000000/resourceGroups/cli_test_dns/providers/Microsoft.Network/dnszones/myzone.com/CNAME/myrscnamealt?api-version=2016-04-01
  response:
    body: {string: '{"code":"NotFound","message":"The resource record ''myrscnamealt''
        does not exist in resource group ''cli_test_dns'' of subscription ''0b1f6471-1bf0-4dda-aec3-cb9272f09590''."}'}
    headers:
      Cache-Control: [private]
      Content-Length: ['176']
      Content-Type: [application/json; charset=utf-8]
      Date: ['Thu, 16 Feb 2017 01:27:35 GMT']
      Server: [Microsoft-IIS/8.5]
      Strict-Transport-Security: [max-age=31536000; includeSubDomains]
      X-AspNet-Version: [4.0.30319]
      X-Content-Type-Options: [nosniff]
      X-Powered-By: [ASP.NET]
      x-ms-ratelimit-remaining-subscription-resource-requests: ['11999']
    status: {code: 404, message: Not Found}
- request:
    body: '{"properties": {"TTL": 3600, "CNAMERecord": {"cname": "mycname"}}, "name":
      "myrscnamealt", "type": "cname"}'
    headers:
      Accept: [application/json]
      Accept-Encoding: ['gzip, deflate']
      Connection: [keep-alive]
      Content-Length: ['107']
      Content-Type: [application/json; charset=utf-8]
      User-Agent: [python/3.5.3 (Windows-10-10.0.14393-SP0) requests/2.9.1 msrest/0.4.4
          msrest_azure/0.4.7 dnsmanagementclient/0.30.0rc6 Azure-SDK-For-Python AZURECLI/TEST/0.1.1b3+dev]
      accept-language: [en-US]
      x-ms-client-request-id: [1ae3e406-f3e7-11e6-a467-74c63bed1137]
    method: PUT
    uri: https://management.azure.com/subscriptions/00000000-0000-0000-0000-000000000000/resourceGroups/cli_test_dns/providers/Microsoft.Network/dnszones/myzone.com/CNAME/myrscnamealt?api-version=2016-04-01
  response:
    body: {string: '{"id":"\/subscriptions\/0b1f6471-1bf0-4dda-aec3-cb9272f09590\/resourceGroups\/cli_test_dns\/providers\/Microsoft.Network\/dnszones\/myzone.com\/CNAME\/myrscnamealt","name":"myrscnamealt","type":"Microsoft.Network\/dnszones\/CNAME","etag":"6dba80d6-a14e-4e52-8336-7d9c169a3d49","properties":{"fqdn":"myrscnamealt.myzone.com.","TTL":3600,"CNAMERecord":{"cname":"mycname"}}}'}
    headers:
      Cache-Control: [private]
      Content-Length: ['377']
      Content-Type: [application/json; charset=utf-8]
      Date: ['Thu, 16 Feb 2017 01:27:37 GMT']
      ETag: [6dba80d6-a14e-4e52-8336-7d9c169a3d49]
      Server: [Microsoft-IIS/8.5]
      Strict-Transport-Security: [max-age=31536000; includeSubDomains]
      X-AspNet-Version: [4.0.30319]
      X-Content-Type-Options: [nosniff]
      X-Powered-By: [ASP.NET]
      x-ms-ratelimit-remaining-subscription-resource-requests: ['11999']
    status: {code: 201, message: Created}
- request:
    body: '{"properties": {"TTL": 3600}, "name": "myrsmx", "type": "MX"}'
    headers:
      Accept: [application/json]
      Accept-Encoding: ['gzip, deflate']
      Connection: [keep-alive]
      Content-Length: ['61']
      Content-Type: [application/json; charset=utf-8]
      User-Agent: [python/3.5.3 (Windows-10-10.0.14393-SP0) requests/2.9.1 msrest/0.4.4
          msrest_azure/0.4.7 dnsmanagementclient/0.30.0rc6 Azure-SDK-For-Python AZURECLI/TEST/0.1.1b3+dev]
      accept-language: [en-US]
      x-ms-client-request-id: [1bd9d6da-f3e7-11e6-8528-74c63bed1137]
    method: PUT
    uri: https://management.azure.com/subscriptions/00000000-0000-0000-0000-000000000000/resourceGroups/cli_test_dns/providers/Microsoft.Network/dnszones/myzone.com/MX/myrsmx?api-version=2016-04-01
  response:
    body: {string: '{"id":"\/subscriptions\/0b1f6471-1bf0-4dda-aec3-cb9272f09590\/resourceGroups\/cli_test_dns\/providers\/Microsoft.Network\/dnszones\/myzone.com\/MX\/myrsmx","name":"myrsmx","type":"Microsoft.Network\/dnszones\/MX","etag":"ea6c5345-992e-4b41-836d-57e1f8f72cc5","properties":{"fqdn":"myrsmx.myzone.com.","TTL":3600,"MXRecords":[]}}'}
    headers:
      Cache-Control: [private]
      Content-Length: ['334']
      Content-Type: [application/json; charset=utf-8]
      Date: ['Thu, 16 Feb 2017 01:27:38 GMT']
      ETag: [ea6c5345-992e-4b41-836d-57e1f8f72cc5]
      Server: [Microsoft-IIS/8.5]
      Strict-Transport-Security: [max-age=31536000; includeSubDomains]
      X-AspNet-Version: [4.0.30319]
      X-Content-Type-Options: [nosniff]
      X-Powered-By: [ASP.NET]
      x-ms-ratelimit-remaining-subscription-resource-requests: ['11999']
    status: {code: 201, message: Created}
- request:
    body: null
    headers:
      Accept: [application/json]
      Accept-Encoding: ['gzip, deflate']
      Connection: [keep-alive]
      Content-Type: [application/json; charset=utf-8]
      User-Agent: [python/3.5.3 (Windows-10-10.0.14393-SP0) requests/2.9.1 msrest/0.4.4
          msrest_azure/0.4.7 dnsmanagementclient/0.30.0rc6 Azure-SDK-For-Python AZURECLI/TEST/0.1.1b3+dev]
      accept-language: [en-US]
      x-ms-client-request-id: [1cc59e40-f3e7-11e6-8353-74c63bed1137]
    method: GET
    uri: https://management.azure.com/subscriptions/00000000-0000-0000-0000-000000000000/resourceGroups/cli_test_dns/providers/Microsoft.Network/dnszones/myzone.com/MX/myrsmx?api-version=2016-04-01
  response:
    body: {string: '{"id":"\/subscriptions\/0b1f6471-1bf0-4dda-aec3-cb9272f09590\/resourceGroups\/cli_test_dns\/providers\/Microsoft.Network\/dnszones\/myzone.com\/MX\/myrsmx","name":"myrsmx","type":"Microsoft.Network\/dnszones\/MX","etag":"ea6c5345-992e-4b41-836d-57e1f8f72cc5","properties":{"fqdn":"myrsmx.myzone.com.","TTL":3600,"MXRecords":[]}}'}
    headers:
      Cache-Control: [private]
      Content-Type: [application/json; charset=utf-8]
      Date: ['Thu, 16 Feb 2017 01:27:40 GMT']
      ETag: [ea6c5345-992e-4b41-836d-57e1f8f72cc5]
      Server: [Microsoft-IIS/8.5]
      Strict-Transport-Security: [max-age=31536000; includeSubDomains]
      Transfer-Encoding: [chunked]
      Vary: [Accept-Encoding]
      X-AspNet-Version: [4.0.30319]
      X-Content-Type-Options: [nosniff]
      X-Powered-By: [ASP.NET]
      content-length: ['334']
      x-ms-ratelimit-remaining-subscription-resource-requests: ['11998']
    status: {code: 200, message: OK}
- request:
    body: '{"properties": {"TTL": 3600, "MXRecords": [{"exchange": "12", "preference":
      13}]}, "name": "myrsmx", "id": "/subscriptions/0b1f6471-1bf0-4dda-aec3-cb9272f09590/resourceGroups/cli_test_dns/providers/Microsoft.Network/dnszones/myzone.com/MX/myrsmx",
      "type": "Microsoft.Network/dnszones/MX", "etag": "ea6c5345-992e-4b41-836d-57e1f8f72cc5"}'
    headers:
      Accept: [application/json]
      Accept-Encoding: ['gzip, deflate']
      Connection: [keep-alive]
      Content-Length: ['342']
      Content-Type: [application/json; charset=utf-8]
      User-Agent: [python/3.5.3 (Windows-10-10.0.14393-SP0) requests/2.9.1 msrest/0.4.4
          msrest_azure/0.4.7 dnsmanagementclient/0.30.0rc6 Azure-SDK-For-Python AZURECLI/TEST/0.1.1b3+dev]
      accept-language: [en-US]
      x-ms-client-request-id: [1d421a18-f3e7-11e6-8d5a-74c63bed1137]
    method: PUT
    uri: https://management.azure.com/subscriptions/00000000-0000-0000-0000-000000000000/resourceGroups/cli_test_dns/providers/Microsoft.Network/dnszones/myzone.com/MX/myrsmx?api-version=2016-04-01
  response:
    body: {string: '{"id":"\/subscriptions\/0b1f6471-1bf0-4dda-aec3-cb9272f09590\/resourceGroups\/cli_test_dns\/providers\/Microsoft.Network\/dnszones\/myzone.com\/MX\/myrsmx","name":"myrsmx","type":"Microsoft.Network\/dnszones\/MX","etag":"ed2adb80-7326-444a-9f8f-90a9a1fc6690","properties":{"fqdn":"myrsmx.myzone.com.","TTL":3600,"MXRecords":[{"exchange":"12","preference":13}]}}'}
    headers:
      Cache-Control: [private]
      Content-Type: [application/json; charset=utf-8]
      Date: ['Thu, 16 Feb 2017 01:27:40 GMT']
      ETag: [ed2adb80-7326-444a-9f8f-90a9a1fc6690]
      Server: [Microsoft-IIS/8.5]
      Strict-Transport-Security: [max-age=31536000; includeSubDomains]
      Transfer-Encoding: [chunked]
      Vary: [Accept-Encoding]
      X-AspNet-Version: [4.0.30319]
      X-Content-Type-Options: [nosniff]
      X-Powered-By: [ASP.NET]
      content-length: ['367']
      x-ms-ratelimit-remaining-subscription-resource-requests: ['11997']
    status: {code: 200, message: OK}
- request:
    body: null
    headers:
      Accept: [application/json]
      Accept-Encoding: ['gzip, deflate']
      Connection: [keep-alive]
      Content-Type: [application/json; charset=utf-8]
      User-Agent: [python/3.5.3 (Windows-10-10.0.14393-SP0) requests/2.9.1 msrest/0.4.4
          msrest_azure/0.4.7 dnsmanagementclient/0.30.0rc6 Azure-SDK-For-Python AZURECLI/TEST/0.1.1b3+dev]
      accept-language: [en-US]
      x-ms-client-request-id: [1e2146ee-f3e7-11e6-8191-74c63bed1137]
    method: GET
    uri: https://management.azure.com/subscriptions/00000000-0000-0000-0000-000000000000/resourceGroups/cli_test_dns/providers/Microsoft.Network/dnszones/myzone.com/MX/myrsmxalt?api-version=2016-04-01
  response:
    body: {string: '{"code":"NotFound","message":"The resource record ''myrsmxalt''
        does not exist in resource group ''cli_test_dns'' of subscription ''0b1f6471-1bf0-4dda-aec3-cb9272f09590''."}'}
    headers:
      Cache-Control: [private]
      Content-Length: ['173']
      Content-Type: [application/json; charset=utf-8]
      Date: ['Thu, 16 Feb 2017 01:27:42 GMT']
      Server: [Microsoft-IIS/8.5]
      Strict-Transport-Security: [max-age=31536000; includeSubDomains]
      X-AspNet-Version: [4.0.30319]
      X-Content-Type-Options: [nosniff]
      X-Powered-By: [ASP.NET]
      x-ms-ratelimit-remaining-subscription-resource-requests: ['11999']
    status: {code: 404, message: Not Found}
- request:
    body: '{"properties": {"TTL": 3600, "MXRecords": [{"exchange": "12", "preference":
      13}]}, "name": "myrsmxalt", "type": "mx"}'
    headers:
      Accept: [application/json]
      Accept-Encoding: ['gzip, deflate']
      Connection: [keep-alive]
      Content-Length: ['117']
      Content-Type: [application/json; charset=utf-8]
      User-Agent: [python/3.5.3 (Windows-10-10.0.14393-SP0) requests/2.9.1 msrest/0.4.4
          msrest_azure/0.4.7 dnsmanagementclient/0.30.0rc6 Azure-SDK-For-Python AZURECLI/TEST/0.1.1b3+dev]
      accept-language: [en-US]
      x-ms-client-request-id: [1e6b9918-f3e7-11e6-aec8-74c63bed1137]
    method: PUT
    uri: https://management.azure.com/subscriptions/00000000-0000-0000-0000-000000000000/resourceGroups/cli_test_dns/providers/Microsoft.Network/dnszones/myzone.com/MX/myrsmxalt?api-version=2016-04-01
  response:
    body: {string: '{"id":"\/subscriptions\/0b1f6471-1bf0-4dda-aec3-cb9272f09590\/resourceGroups\/cli_test_dns\/providers\/Microsoft.Network\/dnszones\/myzone.com\/MX\/myrsmxalt","name":"myrsmxalt","type":"Microsoft.Network\/dnszones\/MX","etag":"4d7d5854-402b-499c-8bf3-6832c9215111","properties":{"fqdn":"myrsmxalt.myzone.com.","TTL":3600,"MXRecords":[{"exchange":"12","preference":13}]}}'}
    headers:
      Cache-Control: [private]
      Content-Length: ['376']
      Content-Type: [application/json; charset=utf-8]
      Date: ['Thu, 16 Feb 2017 01:27:42 GMT']
      ETag: [4d7d5854-402b-499c-8bf3-6832c9215111]
      Server: [Microsoft-IIS/8.5]
      Strict-Transport-Security: [max-age=31536000; includeSubDomains]
      X-AspNet-Version: [4.0.30319]
      X-Content-Type-Options: [nosniff]
      X-Powered-By: [ASP.NET]
      x-ms-ratelimit-remaining-subscription-resource-requests: ['11998']
    status: {code: 201, message: Created}
- request:
    body: '{"properties": {"TTL": 3600}, "name": "myrsns", "type": "NS"}'
    headers:
      Accept: [application/json]
      Accept-Encoding: ['gzip, deflate']
      Connection: [keep-alive]
      Content-Length: ['61']
      Content-Type: [application/json; charset=utf-8]
      User-Agent: [python/3.5.3 (Windows-10-10.0.14393-SP0) requests/2.9.1 msrest/0.4.4
          msrest_azure/0.4.7 dnsmanagementclient/0.30.0rc6 Azure-SDK-For-Python AZURECLI/TEST/0.1.1b3+dev]
      accept-language: [en-US]
      x-ms-client-request-id: [1f10ade4-f3e7-11e6-93a3-74c63bed1137]
    method: PUT
    uri: https://management.azure.com/subscriptions/00000000-0000-0000-0000-000000000000/resourceGroups/cli_test_dns/providers/Microsoft.Network/dnszones/myzone.com/NS/myrsns?api-version=2016-04-01
  response:
    body: {string: '{"id":"\/subscriptions\/0b1f6471-1bf0-4dda-aec3-cb9272f09590\/resourceGroups\/cli_test_dns\/providers\/Microsoft.Network\/dnszones\/myzone.com\/NS\/myrsns","name":"myrsns","type":"Microsoft.Network\/dnszones\/NS","etag":"b75e9e1c-1feb-4f73-b8ff-810767ca0068","properties":{"fqdn":"myrsns.myzone.com.","TTL":3600,"NSRecords":[]}}'}
    headers:
      Cache-Control: [private]
      Content-Length: ['334']
      Content-Type: [application/json; charset=utf-8]
      Date: ['Thu, 16 Feb 2017 01:27:43 GMT']
      ETag: [b75e9e1c-1feb-4f73-b8ff-810767ca0068]
      Server: [Microsoft-IIS/8.5]
      Strict-Transport-Security: [max-age=31536000; includeSubDomains]
      X-AspNet-Version: [4.0.30319]
      X-Content-Type-Options: [nosniff]
      X-Powered-By: [ASP.NET]
      x-ms-ratelimit-remaining-subscription-writes: ['1198']
    status: {code: 201, message: Created}
- request:
    body: null
    headers:
      Accept: [application/json]
      Accept-Encoding: ['gzip, deflate']
      Connection: [keep-alive]
      Content-Type: [application/json; charset=utf-8]
      User-Agent: [python/3.5.3 (Windows-10-10.0.14393-SP0) requests/2.9.1 msrest/0.4.4
          msrest_azure/0.4.7 dnsmanagementclient/0.30.0rc6 Azure-SDK-For-Python AZURECLI/TEST/0.1.1b3+dev]
      accept-language: [en-US]
      x-ms-client-request-id: [1ff26e5c-f3e7-11e6-b016-74c63bed1137]
    method: GET
    uri: https://management.azure.com/subscriptions/00000000-0000-0000-0000-000000000000/resourceGroups/cli_test_dns/providers/Microsoft.Network/dnszones/myzone.com/NS/myrsns?api-version=2016-04-01
  response:
    body: {string: '{"id":"\/subscriptions\/0b1f6471-1bf0-4dda-aec3-cb9272f09590\/resourceGroups\/cli_test_dns\/providers\/Microsoft.Network\/dnszones\/myzone.com\/NS\/myrsns","name":"myrsns","type":"Microsoft.Network\/dnszones\/NS","etag":"b75e9e1c-1feb-4f73-b8ff-810767ca0068","properties":{"fqdn":"myrsns.myzone.com.","TTL":3600,"NSRecords":[]}}'}
    headers:
      Cache-Control: [private]
      Content-Type: [application/json; charset=utf-8]
      Date: ['Thu, 16 Feb 2017 01:27:45 GMT']
      ETag: [b75e9e1c-1feb-4f73-b8ff-810767ca0068]
      Server: [Microsoft-IIS/8.5]
      Strict-Transport-Security: [max-age=31536000; includeSubDomains]
      Transfer-Encoding: [chunked]
      Vary: [Accept-Encoding]
      X-AspNet-Version: [4.0.30319]
      X-Content-Type-Options: [nosniff]
      X-Powered-By: [ASP.NET]
      content-length: ['334']
    status: {code: 200, message: OK}
- request:
    body: '{"properties": {"NSRecords": [{"nsdname": "foobar.com"}], "TTL": 3600},
      "name": "myrsns", "id": "/subscriptions/0b1f6471-1bf0-4dda-aec3-cb9272f09590/resourceGroups/cli_test_dns/providers/Microsoft.Network/dnszones/myzone.com/NS/myrsns",
      "type": "Microsoft.Network/dnszones/NS", "etag": "b75e9e1c-1feb-4f73-b8ff-810767ca0068"}'
    headers:
      Accept: [application/json]
      Accept-Encoding: ['gzip, deflate']
      Connection: [keep-alive]
      Content-Length: ['331']
      Content-Type: [application/json; charset=utf-8]
      User-Agent: [python/3.5.3 (Windows-10-10.0.14393-SP0) requests/2.9.1 msrest/0.4.4
          msrest_azure/0.4.7 dnsmanagementclient/0.30.0rc6 Azure-SDK-For-Python AZURECLI/TEST/0.1.1b3+dev]
      accept-language: [en-US]
      x-ms-client-request-id: [203e4408-f3e7-11e6-a203-74c63bed1137]
    method: PUT
    uri: https://management.azure.com/subscriptions/00000000-0000-0000-0000-000000000000/resourceGroups/cli_test_dns/providers/Microsoft.Network/dnszones/myzone.com/NS/myrsns?api-version=2016-04-01
  response:
    body: {string: '{"id":"\/subscriptions\/0b1f6471-1bf0-4dda-aec3-cb9272f09590\/resourceGroups\/cli_test_dns\/providers\/Microsoft.Network\/dnszones\/myzone.com\/NS\/myrsns","name":"myrsns","type":"Microsoft.Network\/dnszones\/NS","etag":"d7b65452-aa1f-4d32-94a7-6d6ba833532f","properties":{"fqdn":"myrsns.myzone.com.","TTL":3600,"NSRecords":[{"nsdname":"foobar.com"}]}}'}
    headers:
      Cache-Control: [private]
      Content-Type: [application/json; charset=utf-8]
      Date: ['Thu, 16 Feb 2017 01:27:45 GMT']
      ETag: [d7b65452-aa1f-4d32-94a7-6d6ba833532f]
      Server: [Microsoft-IIS/8.5]
      Strict-Transport-Security: [max-age=31536000; includeSubDomains]
      Transfer-Encoding: [chunked]
      Vary: [Accept-Encoding]
      X-AspNet-Version: [4.0.30319]
      X-Content-Type-Options: [nosniff]
      X-Powered-By: [ASP.NET]
      content-length: ['358']
      x-ms-ratelimit-remaining-subscription-writes: ['1199']
    status: {code: 200, message: OK}
- request:
    body: null
    headers:
      Accept: [application/json]
      Accept-Encoding: ['gzip, deflate']
      Connection: [keep-alive]
      Content-Type: [application/json; charset=utf-8]
      User-Agent: [python/3.5.3 (Windows-10-10.0.14393-SP0) requests/2.9.1 msrest/0.4.4
          msrest_azure/0.4.7 dnsmanagementclient/0.30.0rc6 Azure-SDK-For-Python AZURECLI/TEST/0.1.1b3+dev]
      accept-language: [en-US]
      x-ms-client-request-id: [2109e0ba-f3e7-11e6-9a4c-74c63bed1137]
    method: GET
    uri: https://management.azure.com/subscriptions/00000000-0000-0000-0000-000000000000/resourceGroups/cli_test_dns/providers/Microsoft.Network/dnszones/myzone.com/NS/myrsnsalt?api-version=2016-04-01
  response:
    body: {string: '{"code":"NotFound","message":"The resource record ''myrsnsalt''
        does not exist in resource group ''cli_test_dns'' of subscription ''0b1f6471-1bf0-4dda-aec3-cb9272f09590''."}'}
    headers:
      Cache-Control: [private]
      Content-Length: ['173']
      Content-Type: [application/json; charset=utf-8]
      Date: ['Thu, 16 Feb 2017 01:27:46 GMT']
      Server: [Microsoft-IIS/8.5]
      Strict-Transport-Security: [max-age=31536000; includeSubDomains]
      X-AspNet-Version: [4.0.30319]
      X-Content-Type-Options: [nosniff]
      X-Powered-By: [ASP.NET]
    status: {code: 404, message: Not Found}
- request:
    body: '{"properties": {"NSRecords": [{"nsdname": "foobar.com"}], "TTL": 3600},
      "name": "myrsnsalt", "type": "ns"}'
    headers:
      Accept: [application/json]
      Accept-Encoding: ['gzip, deflate']
      Connection: [keep-alive]
      Content-Length: ['106']
      Content-Type: [application/json; charset=utf-8]
      User-Agent: [python/3.5.3 (Windows-10-10.0.14393-SP0) requests/2.9.1 msrest/0.4.4
          msrest_azure/0.4.7 dnsmanagementclient/0.30.0rc6 Azure-SDK-For-Python AZURECLI/TEST/0.1.1b3+dev]
      accept-language: [en-US]
      x-ms-client-request-id: [215ba7e6-f3e7-11e6-8f24-74c63bed1137]
    method: PUT
    uri: https://management.azure.com/subscriptions/00000000-0000-0000-0000-000000000000/resourceGroups/cli_test_dns/providers/Microsoft.Network/dnszones/myzone.com/NS/myrsnsalt?api-version=2016-04-01
  response:
    body: {string: '{"id":"\/subscriptions\/0b1f6471-1bf0-4dda-aec3-cb9272f09590\/resourceGroups\/cli_test_dns\/providers\/Microsoft.Network\/dnszones\/myzone.com\/NS\/myrsnsalt","name":"myrsnsalt","type":"Microsoft.Network\/dnszones\/NS","etag":"bbdff08b-da2c-4f49-ad87-242b48a32bea","properties":{"fqdn":"myrsnsalt.myzone.com.","TTL":3600,"NSRecords":[{"nsdname":"foobar.com"}]}}'}
    headers:
      Cache-Control: [private]
      Content-Length: ['367']
      Content-Type: [application/json; charset=utf-8]
      Date: ['Thu, 16 Feb 2017 01:27:47 GMT']
      ETag: [bbdff08b-da2c-4f49-ad87-242b48a32bea]
      Server: [Microsoft-IIS/8.5]
      Strict-Transport-Security: [max-age=31536000; includeSubDomains]
      X-AspNet-Version: [4.0.30319]
      X-Content-Type-Options: [nosniff]
      X-Powered-By: [ASP.NET]
      x-ms-ratelimit-remaining-subscription-writes: ['1197']
    status: {code: 201, message: Created}
- request:
    body: '{"properties": {"TTL": 3600}, "name": "myrsptr", "type": "PTR"}'
    headers:
      Accept: [application/json]
      Accept-Encoding: ['gzip, deflate']
      Connection: [keep-alive]
      Content-Length: ['63']
      Content-Type: [application/json; charset=utf-8]
      User-Agent: [python/3.5.3 (Windows-10-10.0.14393-SP0) requests/2.9.1 msrest/0.4.4
          msrest_azure/0.4.7 dnsmanagementclient/0.30.0rc6 Azure-SDK-For-Python AZURECLI/TEST/0.1.1b3+dev]
      accept-language: [en-US]
      x-ms-client-request-id: [221f10ac-f3e7-11e6-8c56-74c63bed1137]
    method: PUT
    uri: https://management.azure.com/subscriptions/00000000-0000-0000-0000-000000000000/resourceGroups/cli_test_dns/providers/Microsoft.Network/dnszones/myzone.com/PTR/myrsptr?api-version=2016-04-01
  response:
    body: {string: '{"id":"\/subscriptions\/0b1f6471-1bf0-4dda-aec3-cb9272f09590\/resourceGroups\/cli_test_dns\/providers\/Microsoft.Network\/dnszones\/myzone.com\/PTR\/myrsptr","name":"myrsptr","type":"Microsoft.Network\/dnszones\/PTR","etag":"0e9a8086-3c1c-45d2-8e1f-7d26b8082416","properties":{"fqdn":"myrsptr.myzone.com.","TTL":3600,"PTRRecords":[]}}'}
    headers:
      Cache-Control: [private]
      Content-Length: ['340']
      Content-Type: [application/json; charset=utf-8]
      Date: ['Thu, 16 Feb 2017 01:27:48 GMT']
      ETag: [0e9a8086-3c1c-45d2-8e1f-7d26b8082416]
      Server: [Microsoft-IIS/8.5]
      Strict-Transport-Security: [max-age=31536000; includeSubDomains]
      X-AspNet-Version: [4.0.30319]
      X-Content-Type-Options: [nosniff]
      X-Powered-By: [ASP.NET]
      x-ms-ratelimit-remaining-subscription-resource-requests: ['11999']
    status: {code: 201, message: Created}
- request:
    body: null
    headers:
      Accept: [application/json]
      Accept-Encoding: ['gzip, deflate']
      Connection: [keep-alive]
      Content-Type: [application/json; charset=utf-8]
      User-Agent: [python/3.5.3 (Windows-10-10.0.14393-SP0) requests/2.9.1 msrest/0.4.4
          msrest_azure/0.4.7 dnsmanagementclient/0.30.0rc6 Azure-SDK-For-Python AZURECLI/TEST/0.1.1b3+dev]
      accept-language: [en-US]
      x-ms-client-request-id: [22e955a8-f3e7-11e6-a060-74c63bed1137]
    method: GET
    uri: https://management.azure.com/subscriptions/00000000-0000-0000-0000-000000000000/resourceGroups/cli_test_dns/providers/Microsoft.Network/dnszones/myzone.com/PTR/myrsptr?api-version=2016-04-01
  response:
    body: {string: '{"id":"\/subscriptions\/0b1f6471-1bf0-4dda-aec3-cb9272f09590\/resourceGroups\/cli_test_dns\/providers\/Microsoft.Network\/dnszones\/myzone.com\/PTR\/myrsptr","name":"myrsptr","type":"Microsoft.Network\/dnszones\/PTR","etag":"0e9a8086-3c1c-45d2-8e1f-7d26b8082416","properties":{"fqdn":"myrsptr.myzone.com.","TTL":3600,"PTRRecords":[]}}'}
    headers:
      Cache-Control: [private]
      Content-Type: [application/json; charset=utf-8]
      Date: ['Thu, 16 Feb 2017 01:27:50 GMT']
      ETag: [0e9a8086-3c1c-45d2-8e1f-7d26b8082416]
      Server: [Microsoft-IIS/8.5]
      Strict-Transport-Security: [max-age=31536000; includeSubDomains]
      Transfer-Encoding: [chunked]
      Vary: [Accept-Encoding]
      X-AspNet-Version: [4.0.30319]
      X-Content-Type-Options: [nosniff]
      X-Powered-By: [ASP.NET]
      content-length: ['340']
      x-ms-ratelimit-remaining-subscription-resource-requests: ['11999']
    status: {code: 200, message: OK}
- request:
    body: '{"properties": {"TTL": 3600, "PTRRecords": [{"ptrdname": "foobar.com"}]},
      "name": "myrsptr", "id": "/subscriptions/0b1f6471-1bf0-4dda-aec3-cb9272f09590/resourceGroups/cli_test_dns/providers/Microsoft.Network/dnszones/myzone.com/PTR/myrsptr",
      "type": "Microsoft.Network/dnszones/PTR", "etag": "0e9a8086-3c1c-45d2-8e1f-7d26b8082416"}'
    headers:
      Accept: [application/json]
      Accept-Encoding: ['gzip, deflate']
      Connection: [keep-alive]
      Content-Length: ['337']
      Content-Type: [application/json; charset=utf-8]
      User-Agent: [python/3.5.3 (Windows-10-10.0.14393-SP0) requests/2.9.1 msrest/0.4.4
          msrest_azure/0.4.7 dnsmanagementclient/0.30.0rc6 Azure-SDK-For-Python AZURECLI/TEST/0.1.1b3+dev]
      accept-language: [en-US]
      x-ms-client-request-id: [2355e2ae-f3e7-11e6-a68a-74c63bed1137]
    method: PUT
    uri: https://management.azure.com/subscriptions/00000000-0000-0000-0000-000000000000/resourceGroups/cli_test_dns/providers/Microsoft.Network/dnszones/myzone.com/PTR/myrsptr?api-version=2016-04-01
  response:
    body: {string: '{"id":"\/subscriptions\/0b1f6471-1bf0-4dda-aec3-cb9272f09590\/resourceGroups\/cli_test_dns\/providers\/Microsoft.Network\/dnszones\/myzone.com\/PTR\/myrsptr","name":"myrsptr","type":"Microsoft.Network\/dnszones\/PTR","etag":"01c4f23d-ac54-430a-ae02-f5b0b10db42a","properties":{"fqdn":"myrsptr.myzone.com.","TTL":3600,"PTRRecords":[{"ptrdname":"foobar.com"}]}}'}
    headers:
      Cache-Control: [private]
      Content-Type: [application/json; charset=utf-8]
      Date: ['Thu, 16 Feb 2017 01:27:51 GMT']
      ETag: [01c4f23d-ac54-430a-ae02-f5b0b10db42a]
      Server: [Microsoft-IIS/8.5]
      Strict-Transport-Security: [max-age=31536000; includeSubDomains]
      Transfer-Encoding: [chunked]
      Vary: [Accept-Encoding]
      X-AspNet-Version: [4.0.30319]
      X-Content-Type-Options: [nosniff]
      X-Powered-By: [ASP.NET]
      content-length: ['365']
      x-ms-ratelimit-remaining-subscription-resource-requests: ['11999']
    status: {code: 200, message: OK}
- request:
    body: null
    headers:
      Accept: [application/json]
      Accept-Encoding: ['gzip, deflate']
      Connection: [keep-alive]
      Content-Type: [application/json; charset=utf-8]
      User-Agent: [python/3.5.3 (Windows-10-10.0.14393-SP0) requests/2.9.1 msrest/0.4.4
          msrest_azure/0.4.7 dnsmanagementclient/0.30.0rc6 Azure-SDK-For-Python AZURECLI/TEST/0.1.1b3+dev]
      accept-language: [en-US]
      x-ms-client-request-id: [243115f8-f3e7-11e6-bd00-74c63bed1137]
    method: GET
    uri: https://management.azure.com/subscriptions/00000000-0000-0000-0000-000000000000/resourceGroups/cli_test_dns/providers/Microsoft.Network/dnszones/myzone.com/PTR/myrsptralt?api-version=2016-04-01
  response:
    body: {string: '{"code":"NotFound","message":"The resource record ''myrsptralt''
        does not exist in resource group ''cli_test_dns'' of subscription ''0b1f6471-1bf0-4dda-aec3-cb9272f09590''."}'}
    headers:
      Cache-Control: [private]
      Content-Length: ['174']
      Content-Type: [application/json; charset=utf-8]
      Date: ['Thu, 16 Feb 2017 01:27:51 GMT']
      Server: [Microsoft-IIS/8.5]
      Strict-Transport-Security: [max-age=31536000; includeSubDomains]
      X-AspNet-Version: [4.0.30319]
      X-Content-Type-Options: [nosniff]
      X-Powered-By: [ASP.NET]
      x-ms-ratelimit-remaining-subscription-resource-requests: ['11999']
    status: {code: 404, message: Not Found}
- request:
    body: '{"properties": {"TTL": 3600, "PTRRecords": [{"ptrdname": "foobar.com"}]},
      "name": "myrsptralt", "type": "ptr"}'
    headers:
      Accept: [application/json]
      Accept-Encoding: ['gzip, deflate']
      Connection: [keep-alive]
      Content-Length: ['110']
      Content-Type: [application/json; charset=utf-8]
      User-Agent: [python/3.5.3 (Windows-10-10.0.14393-SP0) requests/2.9.1 msrest/0.4.4
          msrest_azure/0.4.7 dnsmanagementclient/0.30.0rc6 Azure-SDK-For-Python AZURECLI/TEST/0.1.1b3+dev]
      accept-language: [en-US]
      x-ms-client-request-id: [24a9f4c0-f3e7-11e6-b739-74c63bed1137]
    method: PUT
    uri: https://management.azure.com/subscriptions/00000000-0000-0000-0000-000000000000/resourceGroups/cli_test_dns/providers/Microsoft.Network/dnszones/myzone.com/PTR/myrsptralt?api-version=2016-04-01
  response:
    body: {string: '{"id":"\/subscriptions\/0b1f6471-1bf0-4dda-aec3-cb9272f09590\/resourceGroups\/cli_test_dns\/providers\/Microsoft.Network\/dnszones\/myzone.com\/PTR\/myrsptralt","name":"myrsptralt","type":"Microsoft.Network\/dnszones\/PTR","etag":"b5b25dca-bcae-4093-a3d9-91f4e7a9bd6f","properties":{"fqdn":"myrsptralt.myzone.com.","TTL":3600,"PTRRecords":[{"ptrdname":"foobar.com"}]}}'}
    headers:
      Cache-Control: [private]
      Content-Length: ['374']
      Content-Type: [application/json; charset=utf-8]
      Date: ['Thu, 16 Feb 2017 01:27:53 GMT']
      ETag: [b5b25dca-bcae-4093-a3d9-91f4e7a9bd6f]
      Server: [Microsoft-IIS/8.5]
      Strict-Transport-Security: [max-age=31536000; includeSubDomains]
      X-AspNet-Version: [4.0.30319]
      X-Content-Type-Options: [nosniff]
      X-Powered-By: [ASP.NET]
      x-ms-ratelimit-remaining-subscription-resource-requests: ['11999']
    status: {code: 201, message: Created}
- request:
    body: '{"properties": {"TTL": 3600}, "name": "myrssrv", "type": "SRV"}'
    headers:
      Accept: [application/json]
      Accept-Encoding: ['gzip, deflate']
      Connection: [keep-alive]
      Content-Length: ['63']
      Content-Type: [application/json; charset=utf-8]
      User-Agent: [python/3.5.3 (Windows-10-10.0.14393-SP0) requests/2.9.1 msrest/0.4.4
          msrest_azure/0.4.7 dnsmanagementclient/0.30.0rc6 Azure-SDK-For-Python AZURECLI/TEST/0.1.1b3+dev]
      accept-language: [en-US]
      x-ms-client-request-id: [25820902-f3e7-11e6-8da8-74c63bed1137]
    method: PUT
    uri: https://management.azure.com/subscriptions/00000000-0000-0000-0000-000000000000/resourceGroups/cli_test_dns/providers/Microsoft.Network/dnszones/myzone.com/SRV/myrssrv?api-version=2016-04-01
  response:
    body: {string: '{"id":"\/subscriptions\/0b1f6471-1bf0-4dda-aec3-cb9272f09590\/resourceGroups\/cli_test_dns\/providers\/Microsoft.Network\/dnszones\/myzone.com\/SRV\/myrssrv","name":"myrssrv","type":"Microsoft.Network\/dnszones\/SRV","etag":"4b5832fd-83f3-4912-91d2-894879b0b02f","properties":{"fqdn":"myrssrv.myzone.com.","TTL":3600,"SRVRecords":[]}}'}
    headers:
      Cache-Control: [private]
      Content-Length: ['340']
      Content-Type: [application/json; charset=utf-8]
      Date: ['Thu, 16 Feb 2017 01:27:55 GMT']
      ETag: [4b5832fd-83f3-4912-91d2-894879b0b02f]
      Server: [Microsoft-IIS/8.5]
      Strict-Transport-Security: [max-age=31536000; includeSubDomains]
      X-AspNet-Version: [4.0.30319]
      X-Content-Type-Options: [nosniff]
      X-Powered-By: [ASP.NET]
      x-ms-ratelimit-remaining-subscription-resource-requests: ['11999']
    status: {code: 201, message: Created}
- request:
    body: null
    headers:
      Accept: [application/json]
      Accept-Encoding: ['gzip, deflate']
      Connection: [keep-alive]
      Content-Type: [application/json; charset=utf-8]
      User-Agent: [python/3.5.3 (Windows-10-10.0.14393-SP0) requests/2.9.1 msrest/0.4.4
          msrest_azure/0.4.7 dnsmanagementclient/0.30.0rc6 Azure-SDK-For-Python AZURECLI/TEST/0.1.1b3+dev]
      accept-language: [en-US]
      x-ms-client-request-id: [2662f014-f3e7-11e6-91a5-74c63bed1137]
    method: GET
    uri: https://management.azure.com/subscriptions/00000000-0000-0000-0000-000000000000/resourceGroups/cli_test_dns/providers/Microsoft.Network/dnszones/myzone.com/SRV/myrssrv?api-version=2016-04-01
  response:
    body: {string: '{"id":"\/subscriptions\/0b1f6471-1bf0-4dda-aec3-cb9272f09590\/resourceGroups\/cli_test_dns\/providers\/Microsoft.Network\/dnszones\/myzone.com\/SRV\/myrssrv","name":"myrssrv","type":"Microsoft.Network\/dnszones\/SRV","etag":"4b5832fd-83f3-4912-91d2-894879b0b02f","properties":{"fqdn":"myrssrv.myzone.com.","TTL":3600,"SRVRecords":[]}}'}
    headers:
      Cache-Control: [private]
      Content-Type: [application/json; charset=utf-8]
      Date: ['Thu, 16 Feb 2017 01:27:55 GMT']
      ETag: [4b5832fd-83f3-4912-91d2-894879b0b02f]
      Server: [Microsoft-IIS/8.5]
      Strict-Transport-Security: [max-age=31536000; includeSubDomains]
      Transfer-Encoding: [chunked]
      Vary: [Accept-Encoding]
      X-AspNet-Version: [4.0.30319]
      X-Content-Type-Options: [nosniff]
      X-Powered-By: [ASP.NET]
      content-length: ['340']
      x-ms-ratelimit-remaining-subscription-resource-requests: ['11999']
    status: {code: 200, message: OK}
- request:
    body: '{"properties": {"TTL": 3600, "SRVRecords": [{"weight": 50, "target": "target.com",
      "port": 1234, "priority": 1}]}, "name": "myrssrv", "id": "/subscriptions/0b1f6471-1bf0-4dda-aec3-cb9272f09590/resourceGroups/cli_test_dns/providers/Microsoft.Network/dnszones/myzone.com/SRV/myrssrv",
      "type": "Microsoft.Network/dnszones/SRV", "etag": "4b5832fd-83f3-4912-91d2-894879b0b02f"}'
    headers:
      Accept: [application/json]
      Accept-Encoding: ['gzip, deflate']
      Connection: [keep-alive]
      Content-Length: ['378']
      Content-Type: [application/json; charset=utf-8]
      User-Agent: [python/3.5.3 (Windows-10-10.0.14393-SP0) requests/2.9.1 msrest/0.4.4
          msrest_azure/0.4.7 dnsmanagementclient/0.30.0rc6 Azure-SDK-For-Python AZURECLI/TEST/0.1.1b3+dev]
      accept-language: [en-US]
      x-ms-client-request-id: [26de96e8-f3e7-11e6-a2ad-74c63bed1137]
    method: PUT
    uri: https://management.azure.com/subscriptions/00000000-0000-0000-0000-000000000000/resourceGroups/cli_test_dns/providers/Microsoft.Network/dnszones/myzone.com/SRV/myrssrv?api-version=2016-04-01
  response:
    body: {string: '{"id":"\/subscriptions\/0b1f6471-1bf0-4dda-aec3-cb9272f09590\/resourceGroups\/cli_test_dns\/providers\/Microsoft.Network\/dnszones\/myzone.com\/SRV\/myrssrv","name":"myrssrv","type":"Microsoft.Network\/dnszones\/SRV","etag":"cebd5a07-d0f0-4c81-85c8-b9bf86ed4a12","properties":{"fqdn":"myrssrv.myzone.com.","TTL":3600,"SRVRecords":[{"port":1234,"priority":1,"target":"target.com","weight":50}]}}'}
    headers:
      Cache-Control: [private]
      Content-Type: [application/json; charset=utf-8]
      Date: ['Thu, 16 Feb 2017 01:27:59 GMT']
      ETag: [cebd5a07-d0f0-4c81-85c8-b9bf86ed4a12]
      Server: [Microsoft-IIS/8.5]
      Strict-Transport-Security: [max-age=31536000; includeSubDomains]
      Transfer-Encoding: [chunked]
      Vary: [Accept-Encoding]
      X-AspNet-Version: [4.0.30319]
      X-Content-Type-Options: [nosniff]
      X-Powered-By: [ASP.NET]
      content-length: ['400']
      x-ms-ratelimit-remaining-subscription-resource-requests: ['11999']
    status: {code: 200, message: OK}
- request:
    body: null
    headers:
      Accept: [application/json]
      Accept-Encoding: ['gzip, deflate']
      Connection: [keep-alive]
      Content-Type: [application/json; charset=utf-8]
      User-Agent: [python/3.5.3 (Windows-10-10.0.14393-SP0) requests/2.9.1 msrest/0.4.4
          msrest_azure/0.4.7 dnsmanagementclient/0.30.0rc6 Azure-SDK-For-Python AZURECLI/TEST/0.1.1b3+dev]
      accept-language: [en-US]
      x-ms-client-request-id: [294a93ac-f3e7-11e6-934c-74c63bed1137]
    method: GET
    uri: https://management.azure.com/subscriptions/00000000-0000-0000-0000-000000000000/resourceGroups/cli_test_dns/providers/Microsoft.Network/dnszones/myzone.com/SRV/myrssrvalt?api-version=2016-04-01
  response:
    body: {string: '{"code":"NotFound","message":"The resource record ''myrssrvalt''
        does not exist in resource group ''cli_test_dns'' of subscription ''0b1f6471-1bf0-4dda-aec3-cb9272f09590''."}'}
    headers:
      Cache-Control: [private]
      Content-Length: ['174']
      Content-Type: [application/json; charset=utf-8]
      Date: ['Thu, 16 Feb 2017 01:28:00 GMT']
      Server: [Microsoft-IIS/8.5]
      Strict-Transport-Security: [max-age=31536000; includeSubDomains]
      X-AspNet-Version: [4.0.30319]
      X-Content-Type-Options: [nosniff]
      X-Powered-By: [ASP.NET]
      x-ms-ratelimit-remaining-subscription-resource-requests: ['11999']
    status: {code: 404, message: Not Found}
- request:
    body: '{"properties": {"TTL": 3600, "SRVRecords": [{"weight": 50, "target": "target.com",
      "port": 1234, "priority": 1}]}, "name": "myrssrvalt", "type": "srv"}'
    headers:
      Accept: [application/json]
      Accept-Encoding: ['gzip, deflate']
      Connection: [keep-alive]
      Content-Length: ['151']
      Content-Type: [application/json; charset=utf-8]
      User-Agent: [python/3.5.3 (Windows-10-10.0.14393-SP0) requests/2.9.1 msrest/0.4.4
          msrest_azure/0.4.7 dnsmanagementclient/0.30.0rc6 Azure-SDK-For-Python AZURECLI/TEST/0.1.1b3+dev]
      accept-language: [en-US]
      x-ms-client-request-id: [29b6af5a-f3e7-11e6-b047-74c63bed1137]
    method: PUT
    uri: https://management.azure.com/subscriptions/00000000-0000-0000-0000-000000000000/resourceGroups/cli_test_dns/providers/Microsoft.Network/dnszones/myzone.com/SRV/myrssrvalt?api-version=2016-04-01
  response:
    body: {string: '{"id":"\/subscriptions\/0b1f6471-1bf0-4dda-aec3-cb9272f09590\/resourceGroups\/cli_test_dns\/providers\/Microsoft.Network\/dnszones\/myzone.com\/SRV\/myrssrvalt","name":"myrssrvalt","type":"Microsoft.Network\/dnszones\/SRV","etag":"5909b834-8bae-4a7b-a74d-6351ed3c6e07","properties":{"fqdn":"myrssrvalt.myzone.com.","TTL":3600,"SRVRecords":[{"port":1234,"priority":1,"target":"target.com","weight":50}]}}'}
    headers:
      Cache-Control: [private]
      Content-Length: ['409']
      Content-Type: [application/json; charset=utf-8]
      Date: ['Thu, 16 Feb 2017 01:28:02 GMT']
      ETag: [5909b834-8bae-4a7b-a74d-6351ed3c6e07]
      Server: [Microsoft-IIS/8.5]
      Strict-Transport-Security: [max-age=31536000; includeSubDomains]
      X-AspNet-Version: [4.0.30319]
      X-Content-Type-Options: [nosniff]
      X-Powered-By: [ASP.NET]
      x-ms-ratelimit-remaining-subscription-resource-requests: ['11999']
    status: {code: 201, message: Created}
- request:
    body: '{"properties": {"TTL": 3600}, "name": "myrstxt", "type": "TXT"}'
    headers:
      Accept: [application/json]
      Accept-Encoding: ['gzip, deflate']
      Connection: [keep-alive]
      Content-Length: ['63']
      Content-Type: [application/json; charset=utf-8]
      User-Agent: [python/3.5.3 (Windows-10-10.0.14393-SP0) requests/2.9.1 msrest/0.4.4
          msrest_azure/0.4.7 dnsmanagementclient/0.30.0rc6 Azure-SDK-For-Python AZURECLI/TEST/0.1.1b3+dev]
      accept-language: [en-US]
      x-ms-client-request-id: [2a9d05ae-f3e7-11e6-aff7-74c63bed1137]
    method: PUT
    uri: https://management.azure.com/subscriptions/00000000-0000-0000-0000-000000000000/resourceGroups/cli_test_dns/providers/Microsoft.Network/dnszones/myzone.com/TXT/myrstxt?api-version=2016-04-01
  response:
    body: {string: '{"id":"\/subscriptions\/0b1f6471-1bf0-4dda-aec3-cb9272f09590\/resourceGroups\/cli_test_dns\/providers\/Microsoft.Network\/dnszones\/myzone.com\/TXT\/myrstxt","name":"myrstxt","type":"Microsoft.Network\/dnszones\/TXT","etag":"b8905f8d-caa6-4ac0-8d74-3919dfc0f97a","properties":{"fqdn":"myrstxt.myzone.com.","TTL":3600,"TXTRecords":[]}}'}
    headers:
      Cache-Control: [private]
      Content-Length: ['340']
      Content-Type: [application/json; charset=utf-8]
      Date: ['Thu, 16 Feb 2017 01:28:02 GMT']
      ETag: [b8905f8d-caa6-4ac0-8d74-3919dfc0f97a]
      Server: [Microsoft-IIS/8.5]
      Strict-Transport-Security: [max-age=31536000; includeSubDomains]
      X-AspNet-Version: [4.0.30319]
      X-Content-Type-Options: [nosniff]
      X-Powered-By: [ASP.NET]
      x-ms-ratelimit-remaining-subscription-resource-requests: ['11999']
    status: {code: 201, message: Created}
- request:
    body: null
    headers:
      Accept: [application/json]
      Accept-Encoding: ['gzip, deflate']
      Connection: [keep-alive]
      Content-Type: [application/json; charset=utf-8]
      User-Agent: [python/3.5.3 (Windows-10-10.0.14393-SP0) requests/2.9.1 msrest/0.4.4
          msrest_azure/0.4.7 dnsmanagementclient/0.30.0rc6 Azure-SDK-For-Python AZURECLI/TEST/0.1.1b3+dev]
      accept-language: [en-US]
      x-ms-client-request-id: [2b4dc638-f3e7-11e6-9a87-74c63bed1137]
    method: GET
    uri: https://management.azure.com/subscriptions/00000000-0000-0000-0000-000000000000/resourceGroups/cli_test_dns/providers/Microsoft.Network/dnszones/myzone.com/TXT/myrstxt?api-version=2016-04-01
  response:
    body: {string: '{"id":"\/subscriptions\/0b1f6471-1bf0-4dda-aec3-cb9272f09590\/resourceGroups\/cli_test_dns\/providers\/Microsoft.Network\/dnszones\/myzone.com\/TXT\/myrstxt","name":"myrstxt","type":"Microsoft.Network\/dnszones\/TXT","etag":"b8905f8d-caa6-4ac0-8d74-3919dfc0f97a","properties":{"fqdn":"myrstxt.myzone.com.","TTL":3600,"TXTRecords":[]}}'}
    headers:
      Cache-Control: [private]
      Content-Type: [application/json; charset=utf-8]
      Date: ['Thu, 16 Feb 2017 01:28:03 GMT']
      ETag: [b8905f8d-caa6-4ac0-8d74-3919dfc0f97a]
      Server: [Microsoft-IIS/8.5]
      Strict-Transport-Security: [max-age=31536000; includeSubDomains]
      Transfer-Encoding: [chunked]
      Vary: [Accept-Encoding]
      X-AspNet-Version: [4.0.30319]
      X-Content-Type-Options: [nosniff]
      X-Powered-By: [ASP.NET]
      content-length: ['340']
      x-ms-ratelimit-remaining-subscription-resource-requests: ['11999']
    status: {code: 200, message: OK}
- request:
    body: '{"properties": {"TTL": 3600, "TXTRecords": [{"value": ["some_text"]}]},
      "name": "myrstxt", "id": "/subscriptions/0b1f6471-1bf0-4dda-aec3-cb9272f09590/resourceGroups/cli_test_dns/providers/Microsoft.Network/dnszones/myzone.com/TXT/myrstxt",
      "type": "Microsoft.Network/dnszones/TXT", "etag": "b8905f8d-caa6-4ac0-8d74-3919dfc0f97a"}'
    headers:
      Accept: [application/json]
      Accept-Encoding: ['gzip, deflate']
      Connection: [keep-alive]
      Content-Length: ['335']
      Content-Type: [application/json; charset=utf-8]
      User-Agent: [python/3.5.3 (Windows-10-10.0.14393-SP0) requests/2.9.1 msrest/0.4.4
          msrest_azure/0.4.7 dnsmanagementclient/0.30.0rc6 Azure-SDK-For-Python AZURECLI/TEST/0.1.1b3+dev]
      accept-language: [en-US]
      x-ms-client-request-id: [2b882450-f3e7-11e6-b70b-74c63bed1137]
    method: PUT
    uri: https://management.azure.com/subscriptions/00000000-0000-0000-0000-000000000000/resourceGroups/cli_test_dns/providers/Microsoft.Network/dnszones/myzone.com/TXT/myrstxt?api-version=2016-04-01
  response:
    body: {string: '{"id":"\/subscriptions\/0b1f6471-1bf0-4dda-aec3-cb9272f09590\/resourceGroups\/cli_test_dns\/providers\/Microsoft.Network\/dnszones\/myzone.com\/TXT\/myrstxt","name":"myrstxt","type":"Microsoft.Network\/dnszones\/TXT","etag":"c51250eb-8302-41c4-b6b7-1a7d73d243af","properties":{"fqdn":"myrstxt.myzone.com.","TTL":3600,"TXTRecords":[{"value":["some_text"]}]}}'}
    headers:
      Cache-Control: [private]
      Content-Type: [application/json; charset=utf-8]
      Date: ['Thu, 16 Feb 2017 01:28:05 GMT']
      ETag: [c51250eb-8302-41c4-b6b7-1a7d73d243af]
      Server: [Microsoft-IIS/8.5]
      Strict-Transport-Security: [max-age=31536000; includeSubDomains]
      Transfer-Encoding: [chunked]
      Vary: [Accept-Encoding]
      X-AspNet-Version: [4.0.30319]
      X-Content-Type-Options: [nosniff]
      X-Powered-By: [ASP.NET]
      content-length: ['363']
      x-ms-ratelimit-remaining-subscription-resource-requests: ['11999']
    status: {code: 200, message: OK}
- request:
    body: null
    headers:
      Accept: [application/json]
      Accept-Encoding: ['gzip, deflate']
      Connection: [keep-alive]
      Content-Type: [application/json; charset=utf-8]
      User-Agent: [python/3.5.3 (Windows-10-10.0.14393-SP0) requests/2.9.1 msrest/0.4.4
          msrest_azure/0.4.7 dnsmanagementclient/0.30.0rc6 Azure-SDK-For-Python AZURECLI/TEST/0.1.1b3+dev]
      accept-language: [en-US]
      x-ms-client-request-id: [2c5a911c-f3e7-11e6-988b-74c63bed1137]
    method: GET
    uri: https://management.azure.com/subscriptions/00000000-0000-0000-0000-000000000000/resourceGroups/cli_test_dns/providers/Microsoft.Network/dnszones/myzone.com/TXT/myrstxtalt?api-version=2016-04-01
  response:
    body: {string: '{"code":"NotFound","message":"The resource record ''myrstxtalt''
        does not exist in resource group ''cli_test_dns'' of subscription ''0b1f6471-1bf0-4dda-aec3-cb9272f09590''."}'}
    headers:
      Cache-Control: [private]
      Content-Length: ['174']
      Content-Type: [application/json; charset=utf-8]
      Date: ['Thu, 16 Feb 2017 01:28:05 GMT']
      Server: [Microsoft-IIS/8.5]
      Strict-Transport-Security: [max-age=31536000; includeSubDomains]
      X-AspNet-Version: [4.0.30319]
      X-Content-Type-Options: [nosniff]
      X-Powered-By: [ASP.NET]
      x-ms-ratelimit-remaining-subscription-resource-requests: ['11999']
    status: {code: 404, message: Not Found}
- request:
    body: '{"properties": {"TTL": 3600, "TXTRecords": [{"value": ["some_text"]}]},
      "name": "myrstxtalt", "type": "txt"}'
    headers:
      Accept: [application/json]
      Accept-Encoding: ['gzip, deflate']
      Connection: [keep-alive]
      Content-Length: ['108']
      Content-Type: [application/json; charset=utf-8]
      User-Agent: [python/3.5.3 (Windows-10-10.0.14393-SP0) requests/2.9.1 msrest/0.4.4
          msrest_azure/0.4.7 dnsmanagementclient/0.30.0rc6 Azure-SDK-For-Python AZURECLI/TEST/0.1.1b3+dev]
      accept-language: [en-US]
      x-ms-client-request-id: [2c97d186-f3e7-11e6-a1fb-74c63bed1137]
    method: PUT
    uri: https://management.azure.com/subscriptions/00000000-0000-0000-0000-000000000000/resourceGroups/cli_test_dns/providers/Microsoft.Network/dnszones/myzone.com/TXT/myrstxtalt?api-version=2016-04-01
  response:
    body: {string: '{"id":"\/subscriptions\/0b1f6471-1bf0-4dda-aec3-cb9272f09590\/resourceGroups\/cli_test_dns\/providers\/Microsoft.Network\/dnszones\/myzone.com\/TXT\/myrstxtalt","name":"myrstxtalt","type":"Microsoft.Network\/dnszones\/TXT","etag":"33406fec-a1a8-4cac-861d-a76f2d95d73b","properties":{"fqdn":"myrstxtalt.myzone.com.","TTL":3600,"TXTRecords":[{"value":["some_text"]}]}}'}
    headers:
      Cache-Control: [private]
      Content-Length: ['372']
      Content-Type: [application/json; charset=utf-8]
      Date: ['Thu, 16 Feb 2017 01:28:06 GMT']
      ETag: [33406fec-a1a8-4cac-861d-a76f2d95d73b]
      Server: [Microsoft-IIS/8.5]
      Strict-Transport-Security: [max-age=31536000; includeSubDomains]
      X-AspNet-Version: [4.0.30319]
      X-Content-Type-Options: [nosniff]
      X-Powered-By: [ASP.NET]
      x-ms-ratelimit-remaining-subscription-resource-requests: ['11999']
    status: {code: 201, message: Created}
- request:
    body: null
    headers:
      Accept: [application/json]
      Accept-Encoding: ['gzip, deflate']
      Connection: [keep-alive]
      Content-Type: [application/json; charset=utf-8]
      User-Agent: [python/3.5.3 (Windows-10-10.0.14393-SP0) requests/2.9.1 msrest/0.4.4
          msrest_azure/0.4.7 dnsmanagementclient/0.30.0rc6 Azure-SDK-For-Python AZURECLI/TEST/0.1.1b3+dev]
      accept-language: [en-US]
      x-ms-client-request-id: [2d641b12-f3e7-11e6-af5e-74c63bed1137]
    method: GET
    uri: https://management.azure.com/subscriptions/00000000-0000-0000-0000-000000000000/resourceGroups/cli_test_dns/providers/Microsoft.Network/dnszones/myzone.com/A/myrsa?api-version=2016-04-01
  response:
    body: {string: '{"id":"\/subscriptions\/0b1f6471-1bf0-4dda-aec3-cb9272f09590\/resourceGroups\/cli_test_dns\/providers\/Microsoft.Network\/dnszones\/myzone.com\/A\/myrsa","name":"myrsa","type":"Microsoft.Network\/dnszones\/A","etag":"af6e0a11-a5bf-4883-84c4-202e9699253a","properties":{"fqdn":"myrsa.myzone.com.","TTL":3600,"ARecords":[{"ipv4Address":"10.0.0.10"}]}}'}
    headers:
      Cache-Control: [private]
      Content-Type: [application/json; charset=utf-8]
      Date: ['Thu, 16 Feb 2017 01:28:07 GMT']
      ETag: [af6e0a11-a5bf-4883-84c4-202e9699253a]
      Server: [Microsoft-IIS/8.5]
      Strict-Transport-Security: [max-age=31536000; includeSubDomains]
      Transfer-Encoding: [chunked]
      Vary: [Accept-Encoding]
      X-AspNet-Version: [4.0.30319]
      X-Content-Type-Options: [nosniff]
      X-Powered-By: [ASP.NET]
      content-length: ['355']
      x-ms-ratelimit-remaining-subscription-resource-requests: ['11999']
    status: {code: 200, message: OK}
- request:
    body: '{"properties": {"ARecords": [{"ipv4Address": "10.0.0.10"}, {"ipv4Address":
      "10.0.0.11"}], "TTL": 3600}, "name": "myrsa", "id": "/subscriptions/0b1f6471-1bf0-4dda-aec3-cb9272f09590/resourceGroups/cli_test_dns/providers/Microsoft.Network/dnszones/myzone.com/A/myrsa",
      "type": "Microsoft.Network/dnszones/A", "etag": "af6e0a11-a5bf-4883-84c4-202e9699253a"}'
    headers:
      Accept: [application/json]
      Accept-Encoding: ['gzip, deflate']
      Connection: [keep-alive]
      Content-Length: ['359']
      Content-Type: [application/json; charset=utf-8]
      User-Agent: [python/3.5.3 (Windows-10-10.0.14393-SP0) requests/2.9.1 msrest/0.4.4
          msrest_azure/0.4.7 dnsmanagementclient/0.30.0rc6 Azure-SDK-For-Python AZURECLI/TEST/0.1.1b3+dev]
      accept-language: [en-US]
      x-ms-client-request-id: [2d9a7cf0-f3e7-11e6-b8ef-74c63bed1137]
    method: PUT
    uri: https://management.azure.com/subscriptions/00000000-0000-0000-0000-000000000000/resourceGroups/cli_test_dns/providers/Microsoft.Network/dnszones/myzone.com/A/myrsa?api-version=2016-04-01
  response:
    body: {string: '{"id":"\/subscriptions\/0b1f6471-1bf0-4dda-aec3-cb9272f09590\/resourceGroups\/cli_test_dns\/providers\/Microsoft.Network\/dnszones\/myzone.com\/A\/myrsa","name":"myrsa","type":"Microsoft.Network\/dnszones\/A","etag":"1b29df9f-08a9-4665-9430-33d554628a0b","properties":{"fqdn":"myrsa.myzone.com.","TTL":3600,"ARecords":[{"ipv4Address":"10.0.0.10"},{"ipv4Address":"10.0.0.11"}]}}'}
    headers:
      Cache-Control: [private]
      Content-Type: [application/json; charset=utf-8]
      Date: ['Thu, 16 Feb 2017 01:28:07 GMT']
      ETag: [1b29df9f-08a9-4665-9430-33d554628a0b]
      Server: [Microsoft-IIS/8.5]
      Strict-Transport-Security: [max-age=31536000; includeSubDomains]
      Transfer-Encoding: [chunked]
      Vary: [Accept-Encoding]
      X-AspNet-Version: [4.0.30319]
      X-Content-Type-Options: [nosniff]
      X-Powered-By: [ASP.NET]
      content-length: ['383']
      x-ms-ratelimit-remaining-subscription-resource-requests: ['11999']
    status: {code: 200, message: OK}
- request:
    body: null
    headers:
      Accept: [application/json]
      Accept-Encoding: ['gzip, deflate']
      Connection: [keep-alive]
      Content-Type: [application/json; charset=utf-8]
      User-Agent: [python/3.5.3 (Windows-10-10.0.14393-SP0) requests/2.9.1 msrest/0.4.4
          msrest_azure/0.4.7 dnsmanagementclient/0.30.0rc6 Azure-SDK-For-Python AZURECLI/TEST/0.1.1b3+dev]
      accept-language: [en-US]
      x-ms-client-request-id: [2e3831b6-f3e7-11e6-91bc-74c63bed1137]
    method: GET
    uri: https://management.azure.com/subscriptions/00000000-0000-0000-0000-000000000000/resourceGroups/cli_test_dns/providers/Microsoft.Network/dnszones/myzone.com/SOA/@?api-version=2016-04-01
  response:
    body: {string: '{"id":"\/subscriptions\/0b1f6471-1bf0-4dda-aec3-cb9272f09590\/resourceGroups\/cli_test_dns\/providers\/Microsoft.Network\/dnszones\/myzone.com\/SOA\/@","name":"@","type":"Microsoft.Network\/dnszones\/SOA","etag":"9f9ace6c-a133-4717-a0ae-29e8fa96bc38","properties":{"fqdn":"myzone.com.","TTL":3600,"SOARecord":{"email":"azuredns-hostmaster.microsoft.com","expireTime":2419200,"host":"ns1-02.azure-dns.com.","minimumTTL":300,"refreshTime":3600,"retryTime":300,"serialNumber":1}}}'}
    headers:
      Cache-Control: [private]
      Content-Type: [application/json; charset=utf-8]
      Date: ['Thu, 16 Feb 2017 01:28:08 GMT']
      ETag: [9f9ace6c-a133-4717-a0ae-29e8fa96bc38]
      Server: [Microsoft-IIS/8.5]
      Strict-Transport-Security: [max-age=31536000; includeSubDomains]
      Transfer-Encoding: [chunked]
      Vary: [Accept-Encoding]
      X-AspNet-Version: [4.0.30319]
      X-Content-Type-Options: [nosniff]
      X-Powered-By: [ASP.NET]
      content-length: ['483']
    status: {code: 200, message: OK}
- request:
    body: null
    headers:
      Accept: [application/json]
      Accept-Encoding: ['gzip, deflate']
      Connection: [keep-alive]
      Content-Type: [application/json; charset=utf-8]
      User-Agent: [python/3.5.3 (Windows-10-10.0.14393-SP0) requests/2.9.1 msrest/0.4.4
          msrest_azure/0.4.7 dnsmanagementclient/0.30.0rc6 Azure-SDK-For-Python AZURECLI/TEST/0.1.1b3+dev]
      accept-language: [en-US]
      x-ms-client-request-id: [2e6e0762-f3e7-11e6-a022-74c63bed1137]
    method: GET
    uri: https://management.azure.com/subscriptions/00000000-0000-0000-0000-000000000000/resourceGroups/cli_test_dns/providers/Microsoft.Network/dnszones/myzone.com/SOA/@?api-version=2016-04-01
  response:
    body: {string: '{"id":"\/subscriptions\/0b1f6471-1bf0-4dda-aec3-cb9272f09590\/resourceGroups\/cli_test_dns\/providers\/Microsoft.Network\/dnszones\/myzone.com\/SOA\/@","name":"@","type":"Microsoft.Network\/dnszones\/SOA","etag":"9f9ace6c-a133-4717-a0ae-29e8fa96bc38","properties":{"fqdn":"myzone.com.","TTL":3600,"SOARecord":{"email":"azuredns-hostmaster.microsoft.com","expireTime":2419200,"host":"ns1-02.azure-dns.com.","minimumTTL":300,"refreshTime":3600,"retryTime":300,"serialNumber":1}}}'}
    headers:
      Cache-Control: [private]
      Content-Type: [application/json; charset=utf-8]
      Date: ['Thu, 16 Feb 2017 01:28:09 GMT']
      ETag: [9f9ace6c-a133-4717-a0ae-29e8fa96bc38]
      Server: [Microsoft-IIS/8.5]
      Strict-Transport-Security: [max-age=31536000; includeSubDomains]
      Transfer-Encoding: [chunked]
      Vary: [Accept-Encoding]
      X-AspNet-Version: [4.0.30319]
      X-Content-Type-Options: [nosniff]
      X-Powered-By: [ASP.NET]
      content-length: ['483']
    status: {code: 200, message: OK}
- request:
    body: '{"properties": {"SOARecord": {"email": "foo.com", "expireTime": 30, "host":
      "ns1-02.azure-dns.com.", "serialNumber": 123, "refreshTime": 60, "minimumTTL":
      20, "retryTime": 90}, "TTL": 3600}, "name": "@", "id": "/subscriptions/0b1f6471-1bf0-4dda-aec3-cb9272f09590/resourceGroups/cli_test_dns/providers/Microsoft.Network/dnszones/myzone.com/SOA/@",
      "type": "Microsoft.Network/dnszones/SOA", "etag": "9f9ace6c-a133-4717-a0ae-29e8fa96bc38"}'
    headers:
      Accept: [application/json]
      Accept-Encoding: ['gzip, deflate']
      Connection: [keep-alive]
      Content-Length: ['442']
      Content-Type: [application/json; charset=utf-8]
      User-Agent: [python/3.5.3 (Windows-10-10.0.14393-SP0) requests/2.9.1 msrest/0.4.4
          msrest_azure/0.4.7 dnsmanagementclient/0.30.0rc6 Azure-SDK-For-Python AZURECLI/TEST/0.1.1b3+dev]
      accept-language: [en-US]
      x-ms-client-request-id: [2ea3d250-f3e7-11e6-badd-74c63bed1137]
    method: PUT
    uri: https://management.azure.com/subscriptions/00000000-0000-0000-0000-000000000000/resourceGroups/cli_test_dns/providers/Microsoft.Network/dnszones/myzone.com/SOA/@?api-version=2016-04-01
  response:
    body: {string: '{"id":"\/subscriptions\/0b1f6471-1bf0-4dda-aec3-cb9272f09590\/resourceGroups\/cli_test_dns\/providers\/Microsoft.Network\/dnszones\/myzone.com\/SOA\/@","name":"@","type":"Microsoft.Network\/dnszones\/SOA","etag":"36bb7bd8-0215-489b-8545-e53ce02f5d93","properties":{"fqdn":"myzone.com.","TTL":3600,"SOARecord":{"email":"foo.com","expireTime":30,"host":"ns1-02.azure-dns.com.","minimumTTL":20,"refreshTime":60,"retryTime":90,"serialNumber":123}}}'}
    headers:
      Cache-Control: [private]
      Content-Type: [application/json; charset=utf-8]
      Date: ['Thu, 16 Feb 2017 01:28:10 GMT']
      ETag: [36bb7bd8-0215-489b-8545-e53ce02f5d93]
      Server: [Microsoft-IIS/8.5]
      Strict-Transport-Security: [max-age=31536000; includeSubDomains]
      Transfer-Encoding: [chunked]
      Vary: [Accept-Encoding]
      X-AspNet-Version: [4.0.30319]
      X-Content-Type-Options: [nosniff]
      X-Powered-By: [ASP.NET]
      content-length: ['450']
      x-ms-ratelimit-remaining-subscription-writes: ['1199']
    status: {code: 200, message: OK}
- request:
    body: null
    headers:
      Accept: [application/json]
      Accept-Encoding: ['gzip, deflate']
      Connection: [keep-alive]
      Content-Type: [application/json; charset=utf-8]
      User-Agent: [python/3.5.3 (Windows-10-10.0.14393-SP0) requests/2.9.1 msrest/0.4.4
          msrest_azure/0.4.7 dnsmanagementclient/0.30.0rc6 Azure-SDK-For-Python AZURECLI/TEST/0.1.1b3+dev]
      accept-language: [en-US]
      x-ms-client-request-id: [2f581ef4-f3e7-11e6-b3cc-74c63bed1137]
    method: GET
    uri: https://management.azure.com/subscriptions/00000000-0000-0000-0000-000000000000/resourceGroups/cli_test_dns/providers/Microsoft.Network/dnszones/myzone.com?api-version=2016-04-01
  response:
    body: {string: '{"id":"\/subscriptions\/0b1f6471-1bf0-4dda-aec3-cb9272f09590\/resourceGroups\/cli_test_dns\/providers\/Microsoft.Network\/dnszones\/myzone.com","name":"myzone.com","type":"Microsoft.Network\/dnszones","etag":"00000002-0000-0000-94af-0bd1f387d201","location":"global","tags":{},"properties":{"maxNumberOfRecordSets":5000,"nameServers":["ns1-02.azure-dns.com.","ns2-02.azure-dns.net.","ns3-02.azure-dns.org.","ns4-02.azure-dns.info."],"numberOfRecordSets":18}}'}
    headers:
      Cache-Control: [private]
      Content-Type: [application/json; charset=utf-8]
      Date: ['Thu, 16 Feb 2017 01:28:10 GMT']
      ETag: [00000002-0000-0000-94af-0bd1f387d201]
      Server: [Microsoft-IIS/8.5]
      Strict-Transport-Security: [max-age=31536000; includeSubDomains]
      Transfer-Encoding: [chunked]
      Vary: [Accept-Encoding]
      X-AspNet-Version: [4.0.30319]
      X-Content-Type-Options: [nosniff]
      X-Powered-By: [ASP.NET]
      content-length: ['464']
      x-ms-ratelimit-remaining-subscription-resource-requests: ['11999']
    status: {code: 200, message: OK}
- request:
    body: null
    headers:
      Accept: [application/json]
      Accept-Encoding: ['gzip, deflate']
      Connection: [keep-alive]
      Content-Type: [application/json; charset=utf-8]
      User-Agent: [python/3.5.3 (Windows-10-10.0.14393-SP0) requests/2.9.1 msrest/0.4.4
          msrest_azure/0.4.7 dnsmanagementclient/0.30.0rc6 Azure-SDK-For-Python AZURECLI/TEST/0.1.1b3+dev]
      accept-language: [en-US]
      x-ms-client-request-id: [2fdf4ce2-f3e7-11e6-8b30-74c63bed1137]
    method: GET
    uri: https://management.azure.com/subscriptions/00000000-0000-0000-0000-000000000000/resourceGroups/cli_test_dns/providers/Microsoft.Network/dnszones/myzone.com/A/myrsa?api-version=2016-04-01
  response:
    body: {string: '{"id":"\/subscriptions\/0b1f6471-1bf0-4dda-aec3-cb9272f09590\/resourceGroups\/cli_test_dns\/providers\/Microsoft.Network\/dnszones\/myzone.com\/A\/myrsa","name":"myrsa","type":"Microsoft.Network\/dnszones\/A","etag":"1b29df9f-08a9-4665-9430-33d554628a0b","properties":{"fqdn":"myrsa.myzone.com.","TTL":3600,"ARecords":[{"ipv4Address":"10.0.0.10"},{"ipv4Address":"10.0.0.11"}]}}'}
    headers:
      Cache-Control: [private]
      Content-Type: [application/json; charset=utf-8]
      Date: ['Thu, 16 Feb 2017 01:28:11 GMT']
      ETag: [1b29df9f-08a9-4665-9430-33d554628a0b]
      Server: [Microsoft-IIS/8.5]
      Strict-Transport-Security: [max-age=31536000; includeSubDomains]
      Transfer-Encoding: [chunked]
      Vary: [Accept-Encoding]
      X-AspNet-Version: [4.0.30319]
      X-Content-Type-Options: [nosniff]
      X-Powered-By: [ASP.NET]
      content-length: ['383']
      x-ms-ratelimit-remaining-subscription-resource-requests: ['11998']
    status: {code: 200, message: OK}
- request:
    body: null
    headers:
      Accept: [application/json]
      Accept-Encoding: ['gzip, deflate']
      Connection: [keep-alive]
      Content-Type: [application/json; charset=utf-8]
      User-Agent: [python/3.5.3 (Windows-10-10.0.14393-SP0) requests/2.9.1 msrest/0.4.4
          msrest_azure/0.4.7 dnsmanagementclient/0.30.0rc6 Azure-SDK-For-Python AZURECLI/TEST/0.1.1b3+dev]
      accept-language: [en-US]
      x-ms-client-request-id: [305b024a-f3e7-11e6-87fb-74c63bed1137]
    method: GET
    uri: https://management.azure.com/subscriptions/00000000-0000-0000-0000-000000000000/resourceGroups/cli_test_dns/providers/Microsoft.Network/dnszones/myzone.com/recordsets?api-version=2016-04-01
  response:
    body: {string: '{"value":[{"id":"\/subscriptions\/0b1f6471-1bf0-4dda-aec3-cb9272f09590\/resourceGroups\/cli_test_dns\/providers\/Microsoft.Network\/dnszones\/myzone.com\/NS\/@","name":"@","type":"Microsoft.Network\/dnszones\/NS","etag":"291b777b-4dba-488e-adc0-f9c82d5644f0","properties":{"fqdn":"myzone.com.","TTL":172800,"NSRecords":[{"nsdname":"ns1-02.azure-dns.com."},{"nsdname":"ns2-02.azure-dns.net."},{"nsdname":"ns3-02.azure-dns.org."},{"nsdname":"ns4-02.azure-dns.info."}]}},{"id":"\/subscriptions\/0b1f6471-1bf0-4dda-aec3-cb9272f09590\/resourceGroups\/cli_test_dns\/providers\/Microsoft.Network\/dnszones\/myzone.com\/SOA\/@","name":"@","type":"Microsoft.Network\/dnszones\/SOA","etag":"36bb7bd8-0215-489b-8545-e53ce02f5d93","properties":{"fqdn":"myzone.com.","TTL":3600,"SOARecord":{"email":"foo.com","expireTime":30,"host":"ns1-02.azure-dns.com.","minimumTTL":20,"refreshTime":60,"retryTime":90,"serialNumber":123}}},{"id":"\/subscriptions\/0b1f6471-1bf0-4dda-aec3-cb9272f09590\/resourceGroups\/cli_test_dns\/providers\/Microsoft.Network\/dnszones\/myzone.com\/A\/myrsa","name":"myrsa","type":"Microsoft.Network\/dnszones\/A","etag":"1b29df9f-08a9-4665-9430-33d554628a0b","properties":{"fqdn":"myrsa.myzone.com.","TTL":3600,"ARecords":[{"ipv4Address":"10.0.0.10"},{"ipv4Address":"10.0.0.11"}]}},{"id":"\/subscriptions\/0b1f6471-1bf0-4dda-aec3-cb9272f09590\/resourceGroups\/cli_test_dns\/providers\/Microsoft.Network\/dnszones\/myzone.com\/AAAA\/myrsaaaa","name":"myrsaaaa","type":"Microsoft.Network\/dnszones\/AAAA","etag":"20edfdf6-9635-43d8-b346-3beaf6f17456","properties":{"fqdn":"myrsaaaa.myzone.com.","TTL":3600,"AAAARecords":[{"ipv6Address":"2001:db8:0:1:1:1:1:1"}]}},{"id":"\/subscriptions\/0b1f6471-1bf0-4dda-aec3-cb9272f09590\/resourceGroups\/cli_test_dns\/providers\/Microsoft.Network\/dnszones\/myzone.com\/AAAA\/myrsaaaaalt","name":"myrsaaaaalt","type":"Microsoft.Network\/dnszones\/AAAA","etag":"dff74216-0814-4367-b469-250eb48f8b85","properties":{"fqdn":"myrsaaaaalt.myzone.com.","TTL":3600,"AAAARecords":[{"ipv6Address":"2001:db8:0:1:1:1:1:1"}]}},{"id":"\/subscriptions\/0b1f6471-1bf0-4dda-aec3-cb9272f09590\/resourceGroups\/cli_test_dns\/providers\/Microsoft.Network\/dnszones\/myzone.com\/A\/myrsaalt","name":"myrsaalt","type":"Microsoft.Network\/dnszones\/A","etag":"4e39b7f6-ac46-47db-8187-2bcf8fc2bb9e","properties":{"fqdn":"myrsaalt.myzone.com.","TTL":3600,"ARecords":[{"ipv4Address":"10.0.0.10"}]}},{"id":"\/subscriptions\/0b1f6471-1bf0-4dda-aec3-cb9272f09590\/resourceGroups\/cli_test_dns\/providers\/Microsoft.Network\/dnszones\/myzone.com\/CNAME\/myrscname","name":"myrscname","type":"Microsoft.Network\/dnszones\/CNAME","etag":"9f926fd9-0127-43fe-b437-36c87a40f2c5","properties":{"fqdn":"myrscname.myzone.com.","TTL":3600,"CNAMERecord":{"cname":"mycname"}}},{"id":"\/subscriptions\/0b1f6471-1bf0-4dda-aec3-cb9272f09590\/resourceGroups\/cli_test_dns\/providers\/Microsoft.Network\/dnszones\/myzone.com\/CNAME\/myrscnamealt","name":"myrscnamealt","type":"Microsoft.Network\/dnszones\/CNAME","etag":"6dba80d6-a14e-4e52-8336-7d9c169a3d49","properties":{"fqdn":"myrscnamealt.myzone.com.","TTL":3600,"CNAMERecord":{"cname":"mycname"}}},{"id":"\/subscriptions\/0b1f6471-1bf0-4dda-aec3-cb9272f09590\/resourceGroups\/cli_test_dns\/providers\/Microsoft.Network\/dnszones\/myzone.com\/MX\/myrsmx","name":"myrsmx","type":"Microsoft.Network\/dnszones\/MX","etag":"ed2adb80-7326-444a-9f8f-90a9a1fc6690","properties":{"fqdn":"myrsmx.myzone.com.","TTL":3600,"MXRecords":[{"exchange":"12","preference":13}]}},{"id":"\/subscriptions\/0b1f6471-1bf0-4dda-aec3-cb9272f09590\/resourceGroups\/cli_test_dns\/providers\/Microsoft.Network\/dnszones\/myzone.com\/MX\/myrsmxalt","name":"myrsmxalt","type":"Microsoft.Network\/dnszones\/MX","etag":"4d7d5854-402b-499c-8bf3-6832c9215111","properties":{"fqdn":"myrsmxalt.myzone.com.","TTL":3600,"MXRecords":[{"exchange":"12","preference":13}]}},{"id":"\/subscriptions\/0b1f6471-1bf0-4dda-aec3-cb9272f09590\/resourceGroups\/cli_test_dns\/providers\/Microsoft.Network\/dnszones\/myzone.com\/NS\/myrsns","name":"myrsns","type":"Microsoft.Network\/dnszones\/NS","etag":"d7b65452-aa1f-4d32-94a7-6d6ba833532f","properties":{"fqdn":"myrsns.myzone.com.","TTL":3600,"NSRecords":[{"nsdname":"foobar.com"}]}},{"id":"\/subscriptions\/0b1f6471-1bf0-4dda-aec3-cb9272f09590\/resourceGroups\/cli_test_dns\/providers\/Microsoft.Network\/dnszones\/myzone.com\/NS\/myrsnsalt","name":"myrsnsalt","type":"Microsoft.Network\/dnszones\/NS","etag":"bbdff08b-da2c-4f49-ad87-242b48a32bea","properties":{"fqdn":"myrsnsalt.myzone.com.","TTL":3600,"NSRecords":[{"nsdname":"foobar.com"}]}},{"id":"\/subscriptions\/0b1f6471-1bf0-4dda-aec3-cb9272f09590\/resourceGroups\/cli_test_dns\/providers\/Microsoft.Network\/dnszones\/myzone.com\/PTR\/myrsptr","name":"myrsptr","type":"Microsoft.Network\/dnszones\/PTR","etag":"01c4f23d-ac54-430a-ae02-f5b0b10db42a","properties":{"fqdn":"myrsptr.myzone.com.","TTL":3600,"PTRRecords":[{"ptrdname":"foobar.com"}]}},{"id":"\/subscriptions\/0b1f6471-1bf0-4dda-aec3-cb9272f09590\/resourceGroups\/cli_test_dns\/providers\/Microsoft.Network\/dnszones\/myzone.com\/PTR\/myrsptralt","name":"myrsptralt","type":"Microsoft.Network\/dnszones\/PTR","etag":"b5b25dca-bcae-4093-a3d9-91f4e7a9bd6f","properties":{"fqdn":"myrsptralt.myzone.com.","TTL":3600,"PTRRecords":[{"ptrdname":"foobar.com"}]}},{"id":"\/subscriptions\/0b1f6471-1bf0-4dda-aec3-cb9272f09590\/resourceGroups\/cli_test_dns\/providers\/Microsoft.Network\/dnszones\/myzone.com\/SRV\/myrssrv","name":"myrssrv","type":"Microsoft.Network\/dnszones\/SRV","etag":"cebd5a07-d0f0-4c81-85c8-b9bf86ed4a12","properties":{"fqdn":"myrssrv.myzone.com.","TTL":3600,"SRVRecords":[{"port":1234,"priority":1,"target":"target.com","weight":50}]}},{"id":"\/subscriptions\/0b1f6471-1bf0-4dda-aec3-cb9272f09590\/resourceGroups\/cli_test_dns\/providers\/Microsoft.Network\/dnszones\/myzone.com\/SRV\/myrssrvalt","name":"myrssrvalt","type":"Microsoft.Network\/dnszones\/SRV","etag":"5909b834-8bae-4a7b-a74d-6351ed3c6e07","properties":{"fqdn":"myrssrvalt.myzone.com.","TTL":3600,"SRVRecords":[{"port":1234,"priority":1,"target":"target.com","weight":50}]}},{"id":"\/subscriptions\/0b1f6471-1bf0-4dda-aec3-cb9272f09590\/resourceGroups\/cli_test_dns\/providers\/Microsoft.Network\/dnszones\/myzone.com\/TXT\/myrstxt","name":"myrstxt","type":"Microsoft.Network\/dnszones\/TXT","etag":"c51250eb-8302-41c4-b6b7-1a7d73d243af","properties":{"fqdn":"myrstxt.myzone.com.","TTL":3600,"TXTRecords":[{"value":["some_text"]}]}},{"id":"\/subscriptions\/0b1f6471-1bf0-4dda-aec3-cb9272f09590\/resourceGroups\/cli_test_dns\/providers\/Microsoft.Network\/dnszones\/myzone.com\/TXT\/myrstxtalt","name":"myrstxtalt","type":"Microsoft.Network\/dnszones\/TXT","etag":"33406fec-a1a8-4cac-861d-a76f2d95d73b","properties":{"fqdn":"myrstxtalt.myzone.com.","TTL":3600,"TXTRecords":[{"value":["some_text"]}]}}]}'}
    headers:
      Cache-Control: [private]
      Content-Type: [application/json; charset=utf-8]
      Date: ['Thu, 16 Feb 2017 01:28:12 GMT']
      Server: [Microsoft-IIS/8.5]
      Strict-Transport-Security: [max-age=31536000; includeSubDomains]
      Transfer-Encoding: [chunked]
      Vary: [Accept-Encoding]
      X-AspNet-Version: [4.0.30319]
      X-Content-Type-Options: [nosniff]
      X-Powered-By: [ASP.NET]
      content-length: ['6962']
    status: {code: 200, message: OK}
- request:
    body: null
    headers:
      Accept: [application/json]
      Accept-Encoding: ['gzip, deflate']
      Connection: [keep-alive]
      Content-Type: [application/json; charset=utf-8]
      User-Agent: [python/3.5.3 (Windows-10-10.0.14393-SP0) requests/2.9.1 msrest/0.4.4
          msrest_azure/0.4.7 dnsmanagementclient/0.30.0rc6 Azure-SDK-For-Python AZURECLI/TEST/0.1.1b3+dev]
      accept-language: [en-US]
      x-ms-client-request-id: [30d70c14-f3e7-11e6-a446-74c63bed1137]
    method: GET
    uri: https://management.azure.com/subscriptions/00000000-0000-0000-0000-000000000000/resourceGroups/cli_test_dns/providers/Microsoft.Network/dnszones/myzone.com/TXT?api-version=2016-04-01
  response:
    body: {string: '{"value":[{"id":"\/subscriptions\/0b1f6471-1bf0-4dda-aec3-cb9272f09590\/resourceGroups\/cli_test_dns\/providers\/Microsoft.Network\/dnszones\/myzone.com\/TXT\/myrstxt","name":"myrstxt","type":"Microsoft.Network\/dnszones\/TXT","etag":"c51250eb-8302-41c4-b6b7-1a7d73d243af","properties":{"fqdn":"myrstxt.myzone.com.","TTL":3600,"TXTRecords":[{"value":["some_text"]}]}},{"id":"\/subscriptions\/0b1f6471-1bf0-4dda-aec3-cb9272f09590\/resourceGroups\/cli_test_dns\/providers\/Microsoft.Network\/dnszones\/myzone.com\/TXT\/myrstxtalt","name":"myrstxtalt","type":"Microsoft.Network\/dnszones\/TXT","etag":"33406fec-a1a8-4cac-861d-a76f2d95d73b","properties":{"fqdn":"myrstxtalt.myzone.com.","TTL":3600,"TXTRecords":[{"value":["some_text"]}]}}]}'}
    headers:
      Cache-Control: [private]
      Content-Type: [application/json; charset=utf-8]
      Date: ['Thu, 16 Feb 2017 01:28:13 GMT']
      Server: [Microsoft-IIS/8.5]
      Strict-Transport-Security: [max-age=31536000; includeSubDomains]
      Transfer-Encoding: [chunked]
      Vary: [Accept-Encoding]
      X-AspNet-Version: [4.0.30319]
      X-Content-Type-Options: [nosniff]
      X-Powered-By: [ASP.NET]
      content-length: ['748']
      x-ms-ratelimit-remaining-subscription-resource-requests: ['11999']
    status: {code: 200, message: OK}
- request:
    body: null
    headers:
      Accept: [application/json]
      Accept-Encoding: ['gzip, deflate']
      Connection: [keep-alive]
      Content-Type: [application/json; charset=utf-8]
      User-Agent: [python/3.5.3 (Windows-10-10.0.14393-SP0) requests/2.9.1 msrest/0.4.4
          msrest_azure/0.4.7 dnsmanagementclient/0.30.0rc6 Azure-SDK-For-Python AZURECLI/TEST/0.1.1b3+dev]
      accept-language: [en-US]
      x-ms-client-request-id: [31882e8a-f3e7-11e6-b6a2-74c63bed1137]
    method: GET
    uri: https://management.azure.com/subscriptions/00000000-0000-0000-0000-000000000000/resourceGroups/cli_test_dns/providers/Microsoft.Network/dnszones/myzone.com/A/myrsa?api-version=2016-04-01
  response:
    body: {string: '{"id":"\/subscriptions\/0b1f6471-1bf0-4dda-aec3-cb9272f09590\/resourceGroups\/cli_test_dns\/providers\/Microsoft.Network\/dnszones\/myzone.com\/A\/myrsa","name":"myrsa","type":"Microsoft.Network\/dnszones\/A","etag":"1b29df9f-08a9-4665-9430-33d554628a0b","properties":{"fqdn":"myrsa.myzone.com.","TTL":3600,"ARecords":[{"ipv4Address":"10.0.0.10"},{"ipv4Address":"10.0.0.11"}]}}'}
    headers:
      Cache-Control: [private]
      Content-Type: [application/json; charset=utf-8]
      Date: ['Thu, 16 Feb 2017 01:28:14 GMT']
      ETag: [1b29df9f-08a9-4665-9430-33d554628a0b]
      Server: [Microsoft-IIS/8.5]
      Strict-Transport-Security: [max-age=31536000; includeSubDomains]
      Transfer-Encoding: [chunked]
      Vary: [Accept-Encoding]
      X-AspNet-Version: [4.0.30319]
      X-Content-Type-Options: [nosniff]
      X-Powered-By: [ASP.NET]
      content-length: ['383']
      x-ms-ratelimit-remaining-subscription-resource-requests: ['11999']
    status: {code: 200, message: OK}
- request:
    body: '{"properties": {"ARecords": [{"ipv4Address": "10.0.0.11"}], "TTL": 3600},
      "name": "myrsa", "id": "/subscriptions/0b1f6471-1bf0-4dda-aec3-cb9272f09590/resourceGroups/cli_test_dns/providers/Microsoft.Network/dnszones/myzone.com/A/myrsa",
      "type": "Microsoft.Network/dnszones/A", "etag": "1b29df9f-08a9-4665-9430-33d554628a0b"}'
    headers:
      Accept: [application/json]
      Accept-Encoding: ['gzip, deflate']
      Connection: [keep-alive]
      Content-Length: ['329']
      Content-Type: [application/json; charset=utf-8]
      User-Agent: [python/3.5.3 (Windows-10-10.0.14393-SP0) requests/2.9.1 msrest/0.4.4
          msrest_azure/0.4.7 dnsmanagementclient/0.30.0rc6 Azure-SDK-For-Python AZURECLI/TEST/0.1.1b3+dev]
      accept-language: [en-US]
      x-ms-client-request-id: [31ee6cde-f3e7-11e6-b56c-74c63bed1137]
    method: PUT
    uri: https://management.azure.com/subscriptions/00000000-0000-0000-0000-000000000000/resourceGroups/cli_test_dns/providers/Microsoft.Network/dnszones/myzone.com/A/myrsa?api-version=2016-04-01
  response:
    body: {string: '{"id":"\/subscriptions\/0b1f6471-1bf0-4dda-aec3-cb9272f09590\/resourceGroups\/cli_test_dns\/providers\/Microsoft.Network\/dnszones\/myzone.com\/A\/myrsa","name":"myrsa","type":"Microsoft.Network\/dnszones\/A","etag":"58a0bb16-38e0-4bd3-9f15-a0b868a9e1ac","properties":{"fqdn":"myrsa.myzone.com.","TTL":3600,"ARecords":[{"ipv4Address":"10.0.0.11"}]}}'}
    headers:
      Cache-Control: [private]
      Content-Type: [application/json; charset=utf-8]
      Date: ['Thu, 16 Feb 2017 01:28:15 GMT']
      ETag: [58a0bb16-38e0-4bd3-9f15-a0b868a9e1ac]
      Server: [Microsoft-IIS/8.5]
      Strict-Transport-Security: [max-age=31536000; includeSubDomains]
      Transfer-Encoding: [chunked]
      Vary: [Accept-Encoding]
      X-AspNet-Version: [4.0.30319]
      X-Content-Type-Options: [nosniff]
      X-Powered-By: [ASP.NET]
      content-length: ['355']
      x-ms-ratelimit-remaining-subscription-resource-requests: ['11999']
    status: {code: 200, message: OK}
- request:
    body: null
    headers:
      Accept: [application/json]
      Accept-Encoding: ['gzip, deflate']
      Connection: [keep-alive]
      Content-Type: [application/json; charset=utf-8]
      User-Agent: [python/3.5.3 (Windows-10-10.0.14393-SP0) requests/2.9.1 msrest/0.4.4
          msrest_azure/0.4.7 dnsmanagementclient/0.30.0rc6 Azure-SDK-For-Python AZURECLI/TEST/0.1.1b3+dev]
      accept-language: [en-US]
      x-ms-client-request-id: [32c199e2-f3e7-11e6-8850-74c63bed1137]
    method: GET
    uri: https://management.azure.com/subscriptions/00000000-0000-0000-0000-000000000000/resourceGroups/cli_test_dns/providers/Microsoft.Network/dnszones/myzone.com/AAAA/myrsaaaa?api-version=2016-04-01
  response:
    body: {string: '{"id":"\/subscriptions\/0b1f6471-1bf0-4dda-aec3-cb9272f09590\/resourceGroups\/cli_test_dns\/providers\/Microsoft.Network\/dnszones\/myzone.com\/AAAA\/myrsaaaa","name":"myrsaaaa","type":"Microsoft.Network\/dnszones\/AAAA","etag":"20edfdf6-9635-43d8-b346-3beaf6f17456","properties":{"fqdn":"myrsaaaa.myzone.com.","TTL":3600,"AAAARecords":[{"ipv6Address":"2001:db8:0:1:1:1:1:1"}]}}'}
    headers:
      Cache-Control: [private]
      Content-Type: [application/json; charset=utf-8]
      Date: ['Thu, 16 Feb 2017 01:28:16 GMT']
      ETag: [20edfdf6-9635-43d8-b346-3beaf6f17456]
      Server: [Microsoft-IIS/8.5]
      Strict-Transport-Security: [max-age=31536000; includeSubDomains]
      Transfer-Encoding: [chunked]
      Vary: [Accept-Encoding]
      X-AspNet-Version: [4.0.30319]
      X-Content-Type-Options: [nosniff]
      X-Powered-By: [ASP.NET]
      content-length: ['384']
      x-ms-ratelimit-remaining-subscription-resource-requests: ['11999']
    status: {code: 200, message: OK}
- request:
    body: '{"properties": {"TTL": 3600, "AAAARecords": []}, "name": "myrsaaaa", "id":
      "/subscriptions/0b1f6471-1bf0-4dda-aec3-cb9272f09590/resourceGroups/cli_test_dns/providers/Microsoft.Network/dnszones/myzone.com/AAAA/myrsaaaa",
      "type": "Microsoft.Network/dnszones/AAAA", "etag": "20edfdf6-9635-43d8-b346-3beaf6f17456"}'
    headers:
      Accept: [application/json]
      Accept-Encoding: ['gzip, deflate']
      Connection: [keep-alive]
      Content-Length: ['316']
      Content-Type: [application/json; charset=utf-8]
      User-Agent: [python/3.5.3 (Windows-10-10.0.14393-SP0) requests/2.9.1 msrest/0.4.4
          msrest_azure/0.4.7 dnsmanagementclient/0.30.0rc6 Azure-SDK-For-Python AZURECLI/TEST/0.1.1b3+dev]
      accept-language: [en-US]
      x-ms-client-request-id: [332c3d22-f3e7-11e6-a06a-74c63bed1137]
    method: PUT
    uri: https://management.azure.com/subscriptions/00000000-0000-0000-0000-000000000000/resourceGroups/cli_test_dns/providers/Microsoft.Network/dnszones/myzone.com/AAAA/myrsaaaa?api-version=2016-04-01
  response:
    body: {string: '{"id":"\/subscriptions\/0b1f6471-1bf0-4dda-aec3-cb9272f09590\/resourceGroups\/cli_test_dns\/providers\/Microsoft.Network\/dnszones\/myzone.com\/AAAA\/myrsaaaa","name":"myrsaaaa","type":"Microsoft.Network\/dnszones\/AAAA","etag":"4a06715a-8413-4e82-a868-2e77ae14988f","properties":{"fqdn":"myrsaaaa.myzone.com.","TTL":3600,"AAAARecords":[]}}'}
    headers:
      Cache-Control: [private]
      Content-Type: [application/json; charset=utf-8]
      Date: ['Thu, 16 Feb 2017 01:28:17 GMT']
      ETag: [4a06715a-8413-4e82-a868-2e77ae14988f]
      Server: [Microsoft-IIS/8.5]
      Strict-Transport-Security: [max-age=31536000; includeSubDomains]
      Transfer-Encoding: [chunked]
      Vary: [Accept-Encoding]
      X-AspNet-Version: [4.0.30319]
      X-Content-Type-Options: [nosniff]
      X-Powered-By: [ASP.NET]
      content-length: ['346']
      x-ms-ratelimit-remaining-subscription-resource-requests: ['11999']
    status: {code: 200, message: OK}
- request:
    body: null
    headers:
      Accept: [application/json]
      Accept-Encoding: ['gzip, deflate']
      Connection: [keep-alive]
      Content-Type: [application/json; charset=utf-8]
      User-Agent: [python/3.5.3 (Windows-10-10.0.14393-SP0) requests/2.9.1 msrest/0.4.4
          msrest_azure/0.4.7 dnsmanagementclient/0.30.0rc6 Azure-SDK-For-Python AZURECLI/TEST/0.1.1b3+dev]
      accept-language: [en-US]
      x-ms-client-request-id: [33fe3ad4-f3e7-11e6-a7c7-74c63bed1137]
    method: GET
    uri: https://management.azure.com/subscriptions/00000000-0000-0000-0000-000000000000/resourceGroups/cli_test_dns/providers/Microsoft.Network/dnszones/myzone.com/CNAME/myrscname?api-version=2016-04-01
  response:
    body: {string: '{"id":"\/subscriptions\/0b1f6471-1bf0-4dda-aec3-cb9272f09590\/resourceGroups\/cli_test_dns\/providers\/Microsoft.Network\/dnszones\/myzone.com\/CNAME\/myrscname","name":"myrscname","type":"Microsoft.Network\/dnszones\/CNAME","etag":"9f926fd9-0127-43fe-b437-36c87a40f2c5","properties":{"fqdn":"myrscname.myzone.com.","TTL":3600,"CNAMERecord":{"cname":"mycname"}}}'}
    headers:
      Cache-Control: [private]
      Content-Type: [application/json; charset=utf-8]
      Date: ['Thu, 16 Feb 2017 01:28:18 GMT']
      ETag: [9f926fd9-0127-43fe-b437-36c87a40f2c5]
      Server: [Microsoft-IIS/8.5]
      Strict-Transport-Security: [max-age=31536000; includeSubDomains]
      Transfer-Encoding: [chunked]
      Vary: [Accept-Encoding]
      X-AspNet-Version: [4.0.30319]
      X-Content-Type-Options: [nosniff]
      X-Powered-By: [ASP.NET]
      content-length: ['368']
      x-ms-ratelimit-remaining-subscription-resource-requests: ['11999']
    status: {code: 200, message: OK}
- request:
    body: '{"properties": {"TTL": 3600}, "name": "myrscname", "id": "/subscriptions/0b1f6471-1bf0-4dda-aec3-cb9272f09590/resourceGroups/cli_test_dns/providers/Microsoft.Network/dnszones/myzone.com/CNAME/myrscname",
      "type": "Microsoft.Network/dnszones/CNAME", "etag": "9f926fd9-0127-43fe-b437-36c87a40f2c5"}'
    headers:
      Accept: [application/json]
      Accept-Encoding: ['gzip, deflate']
      Connection: [keep-alive]
      Content-Length: ['301']
      Content-Type: [application/json; charset=utf-8]
      User-Agent: [python/3.5.3 (Windows-10-10.0.14393-SP0) requests/2.9.1 msrest/0.4.4
          msrest_azure/0.4.7 dnsmanagementclient/0.30.0rc6 Azure-SDK-For-Python AZURECLI/TEST/0.1.1b3+dev]
      accept-language: [en-US]
      x-ms-client-request-id: [3465da64-f3e7-11e6-9e83-74c63bed1137]
    method: PUT
    uri: https://management.azure.com/subscriptions/00000000-0000-0000-0000-000000000000/resourceGroups/cli_test_dns/providers/Microsoft.Network/dnszones/myzone.com/CNAME/myrscname?api-version=2016-04-01
  response:
    body: {string: '{"id":"\/subscriptions\/0b1f6471-1bf0-4dda-aec3-cb9272f09590\/resourceGroups\/cli_test_dns\/providers\/Microsoft.Network\/dnszones\/myzone.com\/CNAME\/myrscname","name":"myrscname","type":"Microsoft.Network\/dnszones\/CNAME","etag":"9be80670-b49b-4dd4-92eb-ec465d50f301","properties":{"fqdn":"myrscname.myzone.com.","TTL":3600}}'}
    headers:
      Cache-Control: [private]
      Content-Type: [application/json; charset=utf-8]
      Date: ['Thu, 16 Feb 2017 01:28:19 GMT']
      ETag: [9be80670-b49b-4dd4-92eb-ec465d50f301]
      Server: [Microsoft-IIS/8.5]
      Strict-Transport-Security: [max-age=31536000; includeSubDomains]
      Transfer-Encoding: [chunked]
      Vary: [Accept-Encoding]
      X-AspNet-Version: [4.0.30319]
      X-Content-Type-Options: [nosniff]
      X-Powered-By: [ASP.NET]
      content-length: ['334']
      x-ms-ratelimit-remaining-subscription-resource-requests: ['11999']
    status: {code: 200, message: OK}
- request:
    body: null
    headers:
      Accept: [application/json]
      Accept-Encoding: ['gzip, deflate']
      Connection: [keep-alive]
      Content-Type: [application/json; charset=utf-8]
      User-Agent: [python/3.5.3 (Windows-10-10.0.14393-SP0) requests/2.9.1 msrest/0.4.4
          msrest_azure/0.4.7 dnsmanagementclient/0.30.0rc6 Azure-SDK-For-Python AZURECLI/TEST/0.1.1b3+dev]
      accept-language: [en-US]
      x-ms-client-request-id: [35768a36-f3e7-11e6-979a-74c63bed1137]
    method: GET
    uri: https://management.azure.com/subscriptions/00000000-0000-0000-0000-000000000000/resourceGroups/cli_test_dns/providers/Microsoft.Network/dnszones/myzone.com/MX/myrsmx?api-version=2016-04-01
  response:
    body: {string: '{"id":"\/subscriptions\/0b1f6471-1bf0-4dda-aec3-cb9272f09590\/resourceGroups\/cli_test_dns\/providers\/Microsoft.Network\/dnszones\/myzone.com\/MX\/myrsmx","name":"myrsmx","type":"Microsoft.Network\/dnszones\/MX","etag":"ed2adb80-7326-444a-9f8f-90a9a1fc6690","properties":{"fqdn":"myrsmx.myzone.com.","TTL":3600,"MXRecords":[{"exchange":"12","preference":13}]}}'}
    headers:
      Cache-Control: [private]
      Content-Type: [application/json; charset=utf-8]
      Date: ['Thu, 16 Feb 2017 01:28:20 GMT']
      ETag: [ed2adb80-7326-444a-9f8f-90a9a1fc6690]
      Server: [Microsoft-IIS/8.5]
      Strict-Transport-Security: [max-age=31536000; includeSubDomains]
      Transfer-Encoding: [chunked]
      Vary: [Accept-Encoding]
      X-AspNet-Version: [4.0.30319]
      X-Content-Type-Options: [nosniff]
      X-Powered-By: [ASP.NET]
      content-length: ['367']
      x-ms-ratelimit-remaining-subscription-resource-requests: ['11998']
    status: {code: 200, message: OK}
- request:
    body: '{"properties": {"TTL": 3600, "MXRecords": []}, "name": "myrsmx", "id":
      "/subscriptions/0b1f6471-1bf0-4dda-aec3-cb9272f09590/resourceGroups/cli_test_dns/providers/Microsoft.Network/dnszones/myzone.com/MX/myrsmx",
      "type": "Microsoft.Network/dnszones/MX", "etag": "ed2adb80-7326-444a-9f8f-90a9a1fc6690"}'
    headers:
      Accept: [application/json]
      Accept-Encoding: ['gzip, deflate']
      Connection: [keep-alive]
      Content-Length: ['306']
      Content-Type: [application/json; charset=utf-8]
      User-Agent: [python/3.5.3 (Windows-10-10.0.14393-SP0) requests/2.9.1 msrest/0.4.4
          msrest_azure/0.4.7 dnsmanagementclient/0.30.0rc6 Azure-SDK-For-Python AZURECLI/TEST/0.1.1b3+dev]
      accept-language: [en-US]
      x-ms-client-request-id: [35dff5d0-f3e7-11e6-a49d-74c63bed1137]
    method: PUT
    uri: https://management.azure.com/subscriptions/00000000-0000-0000-0000-000000000000/resourceGroups/cli_test_dns/providers/Microsoft.Network/dnszones/myzone.com/MX/myrsmx?api-version=2016-04-01
  response:
    body: {string: '{"id":"\/subscriptions\/0b1f6471-1bf0-4dda-aec3-cb9272f09590\/resourceGroups\/cli_test_dns\/providers\/Microsoft.Network\/dnszones\/myzone.com\/MX\/myrsmx","name":"myrsmx","type":"Microsoft.Network\/dnszones\/MX","etag":"7d6fc4b9-1aa0-4e05-9e7e-20166c4de54a","properties":{"fqdn":"myrsmx.myzone.com.","TTL":3600,"MXRecords":[]}}'}
    headers:
      Cache-Control: [private]
      Content-Type: [application/json; charset=utf-8]
      Date: ['Thu, 16 Feb 2017 01:28:22 GMT']
      ETag: [7d6fc4b9-1aa0-4e05-9e7e-20166c4de54a]
      Server: [Microsoft-IIS/8.5]
      Strict-Transport-Security: [max-age=31536000; includeSubDomains]
      Transfer-Encoding: [chunked]
      Vary: [Accept-Encoding]
      X-AspNet-Version: [4.0.30319]
      X-Content-Type-Options: [nosniff]
      X-Powered-By: [ASP.NET]
      content-length: ['334']
      x-ms-ratelimit-remaining-subscription-resource-requests: ['11997']
    status: {code: 200, message: OK}
- request:
    body: null
    headers:
      Accept: [application/json]
      Accept-Encoding: ['gzip, deflate']
      Connection: [keep-alive]
      Content-Type: [application/json; charset=utf-8]
      User-Agent: [python/3.5.3 (Windows-10-10.0.14393-SP0) requests/2.9.1 msrest/0.4.4
          msrest_azure/0.4.7 dnsmanagementclient/0.30.0rc6 Azure-SDK-For-Python AZURECLI/TEST/0.1.1b3+dev]
      accept-language: [en-US]
      x-ms-client-request-id: [36ac35c6-f3e7-11e6-8bbe-74c63bed1137]
    method: GET
    uri: https://management.azure.com/subscriptions/00000000-0000-0000-0000-000000000000/resourceGroups/cli_test_dns/providers/Microsoft.Network/dnszones/myzone.com/NS/myrsns?api-version=2016-04-01
  response:
    body: {string: '{"id":"\/subscriptions\/0b1f6471-1bf0-4dda-aec3-cb9272f09590\/resourceGroups\/cli_test_dns\/providers\/Microsoft.Network\/dnszones\/myzone.com\/NS\/myrsns","name":"myrsns","type":"Microsoft.Network\/dnszones\/NS","etag":"d7b65452-aa1f-4d32-94a7-6d6ba833532f","properties":{"fqdn":"myrsns.myzone.com.","TTL":3600,"NSRecords":[{"nsdname":"foobar.com"}]}}'}
    headers:
      Cache-Control: [private]
      Content-Type: [application/json; charset=utf-8]
      Date: ['Thu, 16 Feb 2017 01:28:22 GMT']
      ETag: [d7b65452-aa1f-4d32-94a7-6d6ba833532f]
      Server: [Microsoft-IIS/8.5]
      Strict-Transport-Security: [max-age=31536000; includeSubDomains]
      Transfer-Encoding: [chunked]
      Vary: [Accept-Encoding]
      X-AspNet-Version: [4.0.30319]
      X-Content-Type-Options: [nosniff]
      X-Powered-By: [ASP.NET]
      content-length: ['358']
    status: {code: 200, message: OK}
- request:
    body: '{"properties": {"NSRecords": [], "TTL": 3600}, "name": "myrsns", "id":
      "/subscriptions/0b1f6471-1bf0-4dda-aec3-cb9272f09590/resourceGroups/cli_test_dns/providers/Microsoft.Network/dnszones/myzone.com/NS/myrsns",
      "type": "Microsoft.Network/dnszones/NS", "etag": "d7b65452-aa1f-4d32-94a7-6d6ba833532f"}'
    headers:
      Accept: [application/json]
      Accept-Encoding: ['gzip, deflate']
      Connection: [keep-alive]
      Content-Length: ['306']
      Content-Type: [application/json; charset=utf-8]
      User-Agent: [python/3.5.3 (Windows-10-10.0.14393-SP0) requests/2.9.1 msrest/0.4.4
          msrest_azure/0.4.7 dnsmanagementclient/0.30.0rc6 Azure-SDK-For-Python AZURECLI/TEST/0.1.1b3+dev]
      accept-language: [en-US]
      x-ms-client-request-id: [36f40f34-f3e7-11e6-9f95-74c63bed1137]
    method: PUT
    uri: https://management.azure.com/subscriptions/00000000-0000-0000-0000-000000000000/resourceGroups/cli_test_dns/providers/Microsoft.Network/dnszones/myzone.com/NS/myrsns?api-version=2016-04-01
  response:
    body: {string: '{"id":"\/subscriptions\/0b1f6471-1bf0-4dda-aec3-cb9272f09590\/resourceGroups\/cli_test_dns\/providers\/Microsoft.Network\/dnszones\/myzone.com\/NS\/myrsns","name":"myrsns","type":"Microsoft.Network\/dnszones\/NS","etag":"fd7c5c21-7bf6-42f8-80d1-a8af7f2ab486","properties":{"fqdn":"myrsns.myzone.com.","TTL":3600,"NSRecords":[]}}'}
    headers:
      Cache-Control: [private]
      Content-Type: [application/json; charset=utf-8]
      Date: ['Thu, 16 Feb 2017 01:28:23 GMT']
      ETag: [fd7c5c21-7bf6-42f8-80d1-a8af7f2ab486]
      Server: [Microsoft-IIS/8.5]
      Strict-Transport-Security: [max-age=31536000; includeSubDomains]
      Transfer-Encoding: [chunked]
      Vary: [Accept-Encoding]
      X-AspNet-Version: [4.0.30319]
      X-Content-Type-Options: [nosniff]
      X-Powered-By: [ASP.NET]
      content-length: ['334']
      x-ms-ratelimit-remaining-subscription-writes: ['1199']
    status: {code: 200, message: OK}
- request:
    body: null
    headers:
      Accept: [application/json]
      Accept-Encoding: ['gzip, deflate']
      Connection: [keep-alive]
      Content-Type: [application/json; charset=utf-8]
      User-Agent: [python/3.5.3 (Windows-10-10.0.14393-SP0) requests/2.9.1 msrest/0.4.4
          msrest_azure/0.4.7 dnsmanagementclient/0.30.0rc6 Azure-SDK-For-Python AZURECLI/TEST/0.1.1b3+dev]
      accept-language: [en-US]
      x-ms-client-request-id: [37a1f16e-f3e7-11e6-8d6e-74c63bed1137]
    method: GET
    uri: https://management.azure.com/subscriptions/00000000-0000-0000-0000-000000000000/resourceGroups/cli_test_dns/providers/Microsoft.Network/dnszones/myzone.com/PTR/myrsptr?api-version=2016-04-01
  response:
    body: {string: '{"id":"\/subscriptions\/0b1f6471-1bf0-4dda-aec3-cb9272f09590\/resourceGroups\/cli_test_dns\/providers\/Microsoft.Network\/dnszones\/myzone.com\/PTR\/myrsptr","name":"myrsptr","type":"Microsoft.Network\/dnszones\/PTR","etag":"01c4f23d-ac54-430a-ae02-f5b0b10db42a","properties":{"fqdn":"myrsptr.myzone.com.","TTL":3600,"PTRRecords":[{"ptrdname":"foobar.com"}]}}'}
    headers:
      Cache-Control: [private]
      Content-Type: [application/json; charset=utf-8]
      Date: ['Thu, 16 Feb 2017 01:28:24 GMT']
      ETag: [01c4f23d-ac54-430a-ae02-f5b0b10db42a]
      Server: [Microsoft-IIS/8.5]
      Strict-Transport-Security: [max-age=31536000; includeSubDomains]
      Transfer-Encoding: [chunked]
      Vary: [Accept-Encoding]
      X-AspNet-Version: [4.0.30319]
      X-Content-Type-Options: [nosniff]
      X-Powered-By: [ASP.NET]
      content-length: ['365']
      x-ms-ratelimit-remaining-subscription-resource-requests: ['11999']
    status: {code: 200, message: OK}
- request:
    body: '{"properties": {"TTL": 3600, "PTRRecords": []}, "name": "myrsptr", "id":
      "/subscriptions/0b1f6471-1bf0-4dda-aec3-cb9272f09590/resourceGroups/cli_test_dns/providers/Microsoft.Network/dnszones/myzone.com/PTR/myrsptr",
      "type": "Microsoft.Network/dnszones/PTR", "etag": "01c4f23d-ac54-430a-ae02-f5b0b10db42a"}'
    headers:
      Accept: [application/json]
      Accept-Encoding: ['gzip, deflate']
      Connection: [keep-alive]
      Content-Length: ['311']
      Content-Type: [application/json; charset=utf-8]
      User-Agent: [python/3.5.3 (Windows-10-10.0.14393-SP0) requests/2.9.1 msrest/0.4.4
          msrest_azure/0.4.7 dnsmanagementclient/0.30.0rc6 Azure-SDK-For-Python AZURECLI/TEST/0.1.1b3+dev]
      accept-language: [en-US]
      x-ms-client-request-id: [381766f0-f3e7-11e6-9a2e-74c63bed1137]
    method: PUT
    uri: https://management.azure.com/subscriptions/00000000-0000-0000-0000-000000000000/resourceGroups/cli_test_dns/providers/Microsoft.Network/dnszones/myzone.com/PTR/myrsptr?api-version=2016-04-01
  response:
    body: {string: '{"id":"\/subscriptions\/0b1f6471-1bf0-4dda-aec3-cb9272f09590\/resourceGroups\/cli_test_dns\/providers\/Microsoft.Network\/dnszones\/myzone.com\/PTR\/myrsptr","name":"myrsptr","type":"Microsoft.Network\/dnszones\/PTR","etag":"ebbaab94-4955-47ce-b72b-22ee11963fe1","properties":{"fqdn":"myrsptr.myzone.com.","TTL":3600,"PTRRecords":[]}}'}
    headers:
      Cache-Control: [private]
      Content-Type: [application/json; charset=utf-8]
      Date: ['Thu, 16 Feb 2017 01:28:25 GMT']
      ETag: [ebbaab94-4955-47ce-b72b-22ee11963fe1]
      Server: [Microsoft-IIS/8.5]
      Strict-Transport-Security: [max-age=31536000; includeSubDomains]
      Transfer-Encoding: [chunked]
      Vary: [Accept-Encoding]
      X-AspNet-Version: [4.0.30319]
      X-Content-Type-Options: [nosniff]
      X-Powered-By: [ASP.NET]
      content-length: ['340']
      x-ms-ratelimit-remaining-subscription-resource-requests: ['11998']
    status: {code: 200, message: OK}
- request:
    body: null
    headers:
      Accept: [application/json]
      Accept-Encoding: ['gzip, deflate']
      Connection: [keep-alive]
      Content-Type: [application/json; charset=utf-8]
      User-Agent: [python/3.5.3 (Windows-10-10.0.14393-SP0) requests/2.9.1 msrest/0.4.4
          msrest_azure/0.4.7 dnsmanagementclient/0.30.0rc6 Azure-SDK-For-Python AZURECLI/TEST/0.1.1b3+dev]
      accept-language: [en-US]
      x-ms-client-request-id: [38c63a48-f3e7-11e6-8021-74c63bed1137]
    method: GET
    uri: https://management.azure.com/subscriptions/00000000-0000-0000-0000-000000000000/resourceGroups/cli_test_dns/providers/Microsoft.Network/dnszones/myzone.com/SRV/myrssrv?api-version=2016-04-01
  response:
    body: {string: '{"id":"\/subscriptions\/0b1f6471-1bf0-4dda-aec3-cb9272f09590\/resourceGroups\/cli_test_dns\/providers\/Microsoft.Network\/dnszones\/myzone.com\/SRV\/myrssrv","name":"myrssrv","type":"Microsoft.Network\/dnszones\/SRV","etag":"cebd5a07-d0f0-4c81-85c8-b9bf86ed4a12","properties":{"fqdn":"myrssrv.myzone.com.","TTL":3600,"SRVRecords":[{"port":1234,"priority":1,"target":"target.com","weight":50}]}}'}
    headers:
      Cache-Control: [private]
      Content-Type: [application/json; charset=utf-8]
      Date: ['Thu, 16 Feb 2017 01:28:26 GMT']
      ETag: [cebd5a07-d0f0-4c81-85c8-b9bf86ed4a12]
      Server: [Microsoft-IIS/8.5]
      Strict-Transport-Security: [max-age=31536000; includeSubDomains]
      Transfer-Encoding: [chunked]
      Vary: [Accept-Encoding]
      X-AspNet-Version: [4.0.30319]
      X-Content-Type-Options: [nosniff]
      X-Powered-By: [ASP.NET]
      content-length: ['400']
      x-ms-ratelimit-remaining-subscription-resource-requests: ['11999']
    status: {code: 200, message: OK}
- request:
    body: '{"properties": {"TTL": 3600, "SRVRecords": []}, "name": "myrssrv", "id":
      "/subscriptions/0b1f6471-1bf0-4dda-aec3-cb9272f09590/resourceGroups/cli_test_dns/providers/Microsoft.Network/dnszones/myzone.com/SRV/myrssrv",
      "type": "Microsoft.Network/dnszones/SRV", "etag": "cebd5a07-d0f0-4c81-85c8-b9bf86ed4a12"}'
    headers:
      Accept: [application/json]
      Accept-Encoding: ['gzip, deflate']
      Connection: [keep-alive]
      Content-Length: ['311']
      Content-Type: [application/json; charset=utf-8]
      User-Agent: [python/3.5.3 (Windows-10-10.0.14393-SP0) requests/2.9.1 msrest/0.4.4
          msrest_azure/0.4.7 dnsmanagementclient/0.30.0rc6 Azure-SDK-For-Python AZURECLI/TEST/0.1.1b3+dev]
      accept-language: [en-US]
      x-ms-client-request-id: [3934c45a-f3e7-11e6-a0c8-74c63bed1137]
    method: PUT
    uri: https://management.azure.com/subscriptions/00000000-0000-0000-0000-000000000000/resourceGroups/cli_test_dns/providers/Microsoft.Network/dnszones/myzone.com/SRV/myrssrv?api-version=2016-04-01
  response:
    body: {string: '{"id":"\/subscriptions\/0b1f6471-1bf0-4dda-aec3-cb9272f09590\/resourceGroups\/cli_test_dns\/providers\/Microsoft.Network\/dnszones\/myzone.com\/SRV\/myrssrv","name":"myrssrv","type":"Microsoft.Network\/dnszones\/SRV","etag":"72b50cf8-5269-4419-9976-3782b46c865b","properties":{"fqdn":"myrssrv.myzone.com.","TTL":3600,"SRVRecords":[]}}'}
    headers:
      Cache-Control: [private]
      Content-Type: [application/json; charset=utf-8]
      Date: ['Thu, 16 Feb 2017 01:28:28 GMT']
      ETag: [72b50cf8-5269-4419-9976-3782b46c865b]
      Server: [Microsoft-IIS/8.5]
      Strict-Transport-Security: [max-age=31536000; includeSubDomains]
      Transfer-Encoding: [chunked]
      Vary: [Accept-Encoding]
      X-AspNet-Version: [4.0.30319]
      X-Content-Type-Options: [nosniff]
      X-Powered-By: [ASP.NET]
      content-length: ['340']
      x-ms-ratelimit-remaining-subscription-resource-requests: ['11999']
    status: {code: 200, message: OK}
- request:
    body: null
    headers:
      Accept: [application/json]
      Accept-Encoding: ['gzip, deflate']
      Connection: [keep-alive]
      Content-Type: [application/json; charset=utf-8]
      User-Agent: [python/3.5.3 (Windows-10-10.0.14393-SP0) requests/2.9.1 msrest/0.4.4
          msrest_azure/0.4.7 dnsmanagementclient/0.30.0rc6 Azure-SDK-For-Python AZURECLI/TEST/0.1.1b3+dev]
      accept-language: [en-US]
      x-ms-client-request-id: [3a39c5e4-f3e7-11e6-89df-74c63bed1137]
    method: GET
    uri: https://management.azure.com/subscriptions/00000000-0000-0000-0000-000000000000/resourceGroups/cli_test_dns/providers/Microsoft.Network/dnszones/myzone.com/TXT/myrstxt?api-version=2016-04-01
  response:
    body: {string: '{"id":"\/subscriptions\/0b1f6471-1bf0-4dda-aec3-cb9272f09590\/resourceGroups\/cli_test_dns\/providers\/Microsoft.Network\/dnszones\/myzone.com\/TXT\/myrstxt","name":"myrstxt","type":"Microsoft.Network\/dnszones\/TXT","etag":"c51250eb-8302-41c4-b6b7-1a7d73d243af","properties":{"fqdn":"myrstxt.myzone.com.","TTL":3600,"TXTRecords":[{"value":["some_text"]}]}}'}
    headers:
      Cache-Control: [private]
      Content-Type: [application/json; charset=utf-8]
      Date: ['Thu, 16 Feb 2017 01:28:28 GMT']
      ETag: [c51250eb-8302-41c4-b6b7-1a7d73d243af]
      Server: [Microsoft-IIS/8.5]
      Strict-Transport-Security: [max-age=31536000; includeSubDomains]
      Transfer-Encoding: [chunked]
      Vary: [Accept-Encoding]
      X-AspNet-Version: [4.0.30319]
      X-Content-Type-Options: [nosniff]
      X-Powered-By: [ASP.NET]
      content-length: ['363']
      x-ms-ratelimit-remaining-subscription-resource-requests: ['11999']
    status: {code: 200, message: OK}
- request:
    body: '{"properties": {"TTL": 3600, "TXTRecords": []}, "name": "myrstxt", "id":
      "/subscriptions/0b1f6471-1bf0-4dda-aec3-cb9272f09590/resourceGroups/cli_test_dns/providers/Microsoft.Network/dnszones/myzone.com/TXT/myrstxt",
      "type": "Microsoft.Network/dnszones/TXT", "etag": "c51250eb-8302-41c4-b6b7-1a7d73d243af"}'
    headers:
      Accept: [application/json]
      Accept-Encoding: ['gzip, deflate']
      Connection: [keep-alive]
      Content-Length: ['311']
      Content-Type: [application/json; charset=utf-8]
      User-Agent: [python/3.5.3 (Windows-10-10.0.14393-SP0) requests/2.9.1 msrest/0.4.4
          msrest_azure/0.4.7 dnsmanagementclient/0.30.0rc6 Azure-SDK-For-Python AZURECLI/TEST/0.1.1b3+dev]
      accept-language: [en-US]
      x-ms-client-request-id: [3aa13562-f3e7-11e6-9ba9-74c63bed1137]
    method: PUT
    uri: https://management.azure.com/subscriptions/00000000-0000-0000-0000-000000000000/resourceGroups/cli_test_dns/providers/Microsoft.Network/dnszones/myzone.com/TXT/myrstxt?api-version=2016-04-01
  response:
    body: {string: '{"id":"\/subscriptions\/0b1f6471-1bf0-4dda-aec3-cb9272f09590\/resourceGroups\/cli_test_dns\/providers\/Microsoft.Network\/dnszones\/myzone.com\/TXT\/myrstxt","name":"myrstxt","type":"Microsoft.Network\/dnszones\/TXT","etag":"7e5d80f2-5329-4a1b-84dd-51ee7c45b122","properties":{"fqdn":"myrstxt.myzone.com.","TTL":3600,"TXTRecords":[]}}'}
    headers:
      Cache-Control: [private]
      Content-Type: [application/json; charset=utf-8]
      Date: ['Thu, 16 Feb 2017 01:28:30 GMT']
      ETag: [7e5d80f2-5329-4a1b-84dd-51ee7c45b122]
      Server: [Microsoft-IIS/8.5]
      Strict-Transport-Security: [max-age=31536000; includeSubDomains]
      Transfer-Encoding: [chunked]
      Vary: [Accept-Encoding]
      X-AspNet-Version: [4.0.30319]
      X-Content-Type-Options: [nosniff]
      X-Powered-By: [ASP.NET]
      content-length: ['340']
      x-ms-ratelimit-remaining-subscription-resource-requests: ['11999']
    status: {code: 200, message: OK}
- request:
    body: null
    headers:
      Accept: [application/json]
      Accept-Encoding: ['gzip, deflate']
      Connection: [keep-alive]
      Content-Type: [application/json; charset=utf-8]
      User-Agent: [python/3.5.3 (Windows-10-10.0.14393-SP0) requests/2.9.1 msrest/0.4.4
          msrest_azure/0.4.7 dnsmanagementclient/0.30.0rc6 Azure-SDK-For-Python AZURECLI/TEST/0.1.1b3+dev]
      accept-language: [en-US]
      x-ms-client-request-id: [3b68cc52-f3e7-11e6-90a3-74c63bed1137]
    method: GET
    uri: https://management.azure.com/subscriptions/00000000-0000-0000-0000-000000000000/resourceGroups/cli_test_dns/providers/Microsoft.Network/dnszones/myzone.com/A/myrsa?api-version=2016-04-01
  response:
    body: {string: '{"id":"\/subscriptions\/0b1f6471-1bf0-4dda-aec3-cb9272f09590\/resourceGroups\/cli_test_dns\/providers\/Microsoft.Network\/dnszones\/myzone.com\/A\/myrsa","name":"myrsa","type":"Microsoft.Network\/dnszones\/A","etag":"58a0bb16-38e0-4bd3-9f15-a0b868a9e1ac","properties":{"fqdn":"myrsa.myzone.com.","TTL":3600,"ARecords":[{"ipv4Address":"10.0.0.11"}]}}'}
    headers:
      Cache-Control: [private]
      Content-Type: [application/json; charset=utf-8]
      Date: ['Thu, 16 Feb 2017 01:28:30 GMT']
      ETag: [58a0bb16-38e0-4bd3-9f15-a0b868a9e1ac]
      Server: [Microsoft-IIS/8.5]
      Strict-Transport-Security: [max-age=31536000; includeSubDomains]
      Transfer-Encoding: [chunked]
      Vary: [Accept-Encoding]
      X-AspNet-Version: [4.0.30319]
      X-Content-Type-Options: [nosniff]
      X-Powered-By: [ASP.NET]
      content-length: ['355']
      x-ms-ratelimit-remaining-subscription-resource-requests: ['11999']
    status: {code: 200, message: OK}
- request:
    body: null
    headers:
      Accept: [application/json]
      Accept-Encoding: ['gzip, deflate']
      Connection: [keep-alive]
      Content-Type: [application/json; charset=utf-8]
      User-Agent: [python/3.5.3 (Windows-10-10.0.14393-SP0) requests/2.9.1 msrest/0.4.4
          msrest_azure/0.4.7 dnsmanagementclient/0.30.0rc6 Azure-SDK-For-Python AZURECLI/TEST/0.1.1b3+dev]
      accept-language: [en-US]
      x-ms-client-request-id: [3c16cca8-f3e7-11e6-8398-74c63bed1137]
    method: GET
    uri: https://management.azure.com/subscriptions/00000000-0000-0000-0000-000000000000/resourceGroups/cli_test_dns/providers/Microsoft.Network/dnszones/myzone.com/A/myrsa?api-version=2016-04-01
  response:
    body: {string: '{"id":"\/subscriptions\/0b1f6471-1bf0-4dda-aec3-cb9272f09590\/resourceGroups\/cli_test_dns\/providers\/Microsoft.Network\/dnszones\/myzone.com\/A\/myrsa","name":"myrsa","type":"Microsoft.Network\/dnszones\/A","etag":"58a0bb16-38e0-4bd3-9f15-a0b868a9e1ac","properties":{"fqdn":"myrsa.myzone.com.","TTL":3600,"ARecords":[{"ipv4Address":"10.0.0.11"}]}}'}
    headers:
      Cache-Control: [private]
      Content-Type: [application/json; charset=utf-8]
      Date: ['Thu, 16 Feb 2017 01:28:31 GMT']
      ETag: [58a0bb16-38e0-4bd3-9f15-a0b868a9e1ac]
      Server: [Microsoft-IIS/8.5]
      Strict-Transport-Security: [max-age=31536000; includeSubDomains]
      Transfer-Encoding: [chunked]
      Vary: [Accept-Encoding]
      X-AspNet-Version: [4.0.30319]
      X-Content-Type-Options: [nosniff]
      X-Powered-By: [ASP.NET]
      content-length: ['355']
      x-ms-ratelimit-remaining-subscription-resource-requests: ['11999']
    status: {code: 200, message: OK}
- request:
    body: '{"properties": {"ARecords": [], "TTL": 3600}, "name": "myrsa", "id": "/subscriptions/0b1f6471-1bf0-4dda-aec3-cb9272f09590/resourceGroups/cli_test_dns/providers/Microsoft.Network/dnszones/myzone.com/A/myrsa",
      "type": "Microsoft.Network/dnszones/A", "etag": "58a0bb16-38e0-4bd3-9f15-a0b868a9e1ac"}'
    headers:
      Accept: [application/json]
      Accept-Encoding: ['gzip, deflate']
      Connection: [keep-alive]
      Content-Length: ['301']
      Content-Type: [application/json; charset=utf-8]
      User-Agent: [python/3.5.3 (Windows-10-10.0.14393-SP0) requests/2.9.1 msrest/0.4.4
          msrest_azure/0.4.7 dnsmanagementclient/0.30.0rc6 Azure-SDK-For-Python AZURECLI/TEST/0.1.1b3+dev]
      accept-language: [en-US]
      x-ms-client-request-id: [3c83fe0c-f3e7-11e6-892b-74c63bed1137]
    method: PUT
    uri: https://management.azure.com/subscriptions/00000000-0000-0000-0000-000000000000/resourceGroups/cli_test_dns/providers/Microsoft.Network/dnszones/myzone.com/A/myrsa?api-version=2016-04-01
  response:
    body: {string: '{"id":"\/subscriptions\/0b1f6471-1bf0-4dda-aec3-cb9272f09590\/resourceGroups\/cli_test_dns\/providers\/Microsoft.Network\/dnszones\/myzone.com\/A\/myrsa","name":"myrsa","type":"Microsoft.Network\/dnszones\/A","etag":"f82e26de-ed9c-4496-b4ff-a96aaf3f10ea","properties":{"fqdn":"myrsa.myzone.com.","TTL":3600,"ARecords":[]}}'}
    headers:
      Cache-Control: [private]
      Content-Type: [application/json; charset=utf-8]
      Date: ['Thu, 16 Feb 2017 01:28:33 GMT']
      ETag: [f82e26de-ed9c-4496-b4ff-a96aaf3f10ea]
      Server: [Microsoft-IIS/8.5]
      Strict-Transport-Security: [max-age=31536000; includeSubDomains]
      Transfer-Encoding: [chunked]
      Vary: [Accept-Encoding]
      X-AspNet-Version: [4.0.30319]
      X-Content-Type-Options: [nosniff]
      X-Powered-By: [ASP.NET]
      content-length: ['328']
      x-ms-ratelimit-remaining-subscription-resource-requests: ['11999']
    status: {code: 200, message: OK}
- request:
    body: null
    headers:
      Accept: [application/json]
      Accept-Encoding: ['gzip, deflate']
      Connection: [keep-alive]
      Content-Type: [application/json; charset=utf-8]
      User-Agent: [python/3.5.3 (Windows-10-10.0.14393-SP0) requests/2.9.1 msrest/0.4.4
          msrest_azure/0.4.7 dnsmanagementclient/0.30.0rc6 Azure-SDK-For-Python AZURECLI/TEST/0.1.1b3+dev]
      accept-language: [en-US]
      x-ms-client-request-id: [3d5c6536-f3e7-11e6-a6c4-74c63bed1137]
    method: GET
    uri: https://management.azure.com/subscriptions/00000000-0000-0000-0000-000000000000/resourceGroups/cli_test_dns/providers/Microsoft.Network/dnszones/myzone.com/A/myrsa?api-version=2016-04-01
  response:
    body: {string: '{"id":"\/subscriptions\/0b1f6471-1bf0-4dda-aec3-cb9272f09590\/resourceGroups\/cli_test_dns\/providers\/Microsoft.Network\/dnszones\/myzone.com\/A\/myrsa","name":"myrsa","type":"Microsoft.Network\/dnszones\/A","etag":"f82e26de-ed9c-4496-b4ff-a96aaf3f10ea","properties":{"fqdn":"myrsa.myzone.com.","TTL":3600,"ARecords":[]}}'}
    headers:
      Cache-Control: [private]
      Content-Type: [application/json; charset=utf-8]
      Date: ['Thu, 16 Feb 2017 01:28:34 GMT']
      ETag: [f82e26de-ed9c-4496-b4ff-a96aaf3f10ea]
      Server: [Microsoft-IIS/8.5]
      Strict-Transport-Security: [max-age=31536000; includeSubDomains]
      Transfer-Encoding: [chunked]
      Vary: [Accept-Encoding]
      X-AspNet-Version: [4.0.30319]
      X-Content-Type-Options: [nosniff]
      X-Powered-By: [ASP.NET]
      content-length: ['328']
      x-ms-ratelimit-remaining-subscription-resource-requests: ['11999']
    status: {code: 200, message: OK}
- request:
    body: null
    headers:
      Accept: [application/json]
      Accept-Encoding: ['gzip, deflate']
      Connection: [keep-alive]
      Content-Length: ['0']
      Content-Type: [application/json; charset=utf-8]
      User-Agent: [python/3.5.3 (Windows-10-10.0.14393-SP0) requests/2.9.1 msrest/0.4.4
          msrest_azure/0.4.7 dnsmanagementclient/0.30.0rc6 Azure-SDK-For-Python AZURECLI/TEST/0.1.1b3+dev]
      accept-language: [en-US]
      x-ms-client-request-id: [3e17d15a-f3e7-11e6-a9f9-74c63bed1137]
    method: DELETE
    uri: https://management.azure.com/subscriptions/00000000-0000-0000-0000-000000000000/resourceGroups/cli_test_dns/providers/Microsoft.Network/dnszones/myzone.com/A/myrsa?api-version=2016-04-01
  response:
    body: {string: ''}
    headers:
      Cache-Control: [private]
      Content-Length: ['0']
      Date: ['Thu, 16 Feb 2017 01:28:36 GMT']
      Server: [Microsoft-IIS/8.5]
      Strict-Transport-Security: [max-age=31536000; includeSubDomains]
      X-AspNet-Version: [4.0.30319]
      X-Content-Type-Options: [nosniff]
      X-Powered-By: [ASP.NET]
      x-ms-ratelimit-remaining-subscription-resource-requests: ['11999']
    status: {code: 200, message: OK}
- request:
    body: null
    headers:
      Accept: [application/json]
      Accept-Encoding: ['gzip, deflate']
      Connection: [keep-alive]
      Content-Type: [application/json; charset=utf-8]
      User-Agent: [python/3.5.3 (Windows-10-10.0.14393-SP0) requests/2.9.1 msrest/0.4.4
          msrest_azure/0.4.7 dnsmanagementclient/0.30.0rc6 Azure-SDK-For-Python AZURECLI/TEST/0.1.1b3+dev]
      accept-language: [en-US]
      x-ms-client-request-id: [3ed15dc8-f3e7-11e6-8b8f-74c63bed1137]
    method: GET
    uri: https://management.azure.com/subscriptions/00000000-0000-0000-0000-000000000000/resourceGroups/cli_test_dns/providers/Microsoft.Network/dnszones/myzone.com/A/myrsa?api-version=2016-04-01
  response:
    body: {string: '{"code":"NotFound","message":"The resource record ''myrsa'' does
        not exist in resource group ''cli_test_dns'' of subscription ''0b1f6471-1bf0-4dda-aec3-cb9272f09590''."}'}
    headers:
      Cache-Control: [private]
      Content-Length: ['169']
      Content-Type: [application/json; charset=utf-8]
      Date: ['Thu, 16 Feb 2017 01:28:36 GMT']
      Server: [Microsoft-IIS/8.5]
      Strict-Transport-Security: [max-age=31536000; includeSubDomains]
      X-AspNet-Version: [4.0.30319]
      X-Content-Type-Options: [nosniff]
      X-Powered-By: [ASP.NET]
      x-ms-ratelimit-remaining-subscription-resource-requests: ['11999']
    status: {code: 404, message: Not Found}
version: 1
