interactions:
- request:
    body: '{"location": "eastus2", "sku": {"name": "Standard"}, "zones": ["2"], "properties":
      {"publicIPAllocationMethod": "Static", "publicIPAddressVersion": "IPv4", "idleTimeoutInMinutes":
      4}}'
    headers:
      Accept:
      - application/json
      Accept-Encoding:
      - gzip, deflate
      CommandName:
      - network public-ip create
      Connection:
      - keep-alive
      Content-Length:
      - '183'
      Content-Type:
      - application/json
      ParameterSetName:
      - -g -n --location --zone --sku
      User-Agent:
      - AZURECLI/2.39.0 azsdk-python-azure-mgmt-network/21.0.1 Python/3.10.6 (Linux-5.15.0-1017-azure-x86_64-with-glibc2.31)
        VSTS_0fb41ef4-5012-48a9-bf39-4ee3de03ee35_build_4949_0
    method: PUT
    uri: https://management.azure.com/subscriptions/00000000-0000-0000-0000-000000000000/resourceGroups/clitest.rg000001/providers/Microsoft.Network/publicIPAddresses/pip?api-version=2022-01-01
  response:
    body:
      string: "{\r\n  \"name\": \"pip\",\r\n  \"id\": \"/subscriptions/00000000-0000-0000-0000-000000000000/resourceGroups/clitest.rg000001/providers/Microsoft.Network/publicIPAddresses/pip\",\r\n
        \ \"etag\": \"W/\\\"cf8d120b-576f-40d3-91a3-9b1f5dacf98b\\\"\",\r\n  \"location\":
        \"eastus2\",\r\n  \"zones\": [\r\n    \"2\"\r\n  ],\r\n  \"properties\": {\r\n
        \   \"provisioningState\": \"Updating\",\r\n    \"resourceGuid\": \"73411177-06de-4d01-99c4-3771c534fc87\",\r\n
        \   \"publicIPAddressVersion\": \"IPv4\",\r\n    \"publicIPAllocationMethod\":
        \"Static\",\r\n    \"idleTimeoutInMinutes\": 4,\r\n    \"ipTags\": []\r\n
        \ },\r\n  \"type\": \"Microsoft.Network/publicIPAddresses\",\r\n  \"sku\":
        {\r\n    \"name\": \"Standard\",\r\n    \"tier\": \"Regional\"\r\n  }\r\n}"
    headers:
      azure-asyncnotification:
      - Enabled
      azure-asyncoperation:
      - https://management.azure.com/subscriptions/00000000-0000-0000-0000-000000000000/providers/Microsoft.Network/locations/eastus2/operations/6f042db5-8876-40dc-a987-de848217dd60?api-version=2022-01-01
      cache-control:
      - no-cache
      content-length:
      - '652'
      content-type:
      - application/json; charset=utf-8
      date:
      - Fri, 26 Aug 2022 07:35:05 GMT
      expires:
      - '-1'
      pragma:
      - no-cache
      server:
      - Microsoft-HTTPAPI/2.0
      - Microsoft-HTTPAPI/2.0
      strict-transport-security:
      - max-age=31536000; includeSubDomains
      x-content-type-options:
      - nosniff
      x-ms-arm-service-request-id:
      - 2e0e0185-d386-413f-b484-e2be9e7a4ea0
      x-ms-ratelimit-remaining-subscription-writes:
      - '1198'
    status:
      code: 201
      message: Created
- request:
    body: null
    headers:
      Accept:
      - '*/*'
      Accept-Encoding:
      - gzip, deflate
      CommandName:
      - network public-ip create
      Connection:
      - keep-alive
      ParameterSetName:
      - -g -n --location --zone --sku
      User-Agent:
      - AZURECLI/2.39.0 azsdk-python-azure-mgmt-network/21.0.1 Python/3.10.6 (Linux-5.15.0-1017-azure-x86_64-with-glibc2.31)
        VSTS_0fb41ef4-5012-48a9-bf39-4ee3de03ee35_build_4949_0
    method: GET
    uri: https://management.azure.com/subscriptions/00000000-0000-0000-0000-000000000000/providers/Microsoft.Network/locations/eastus2/operations/6f042db5-8876-40dc-a987-de848217dd60?api-version=2022-01-01
  response:
    body:
      string: "{\r\n  \"status\": \"InProgress\"\r\n}"
    headers:
      cache-control:
      - no-cache
      content-length:
      - '30'
      content-type:
      - application/json; charset=utf-8
      date:
      - Fri, 26 Aug 2022 07:35:06 GMT
      expires:
      - '-1'
      pragma:
      - no-cache
      server:
      - Microsoft-HTTPAPI/2.0
      - Microsoft-HTTPAPI/2.0
      strict-transport-security:
      - max-age=31536000; includeSubDomains
      transfer-encoding:
      - chunked
      vary:
      - Accept-Encoding
      x-content-type-options:
      - nosniff
      x-ms-arm-service-request-id:
      - 11ceb8a3-f304-49e9-b8bc-1d35f83d89c5
    status:
      code: 200
      message: OK
- request:
    body: null
    headers:
      Accept:
      - '*/*'
      Accept-Encoding:
      - gzip, deflate
      CommandName:
      - network public-ip create
      Connection:
      - keep-alive
      ParameterSetName:
      - -g -n --location --zone --sku
      User-Agent:
      - AZURECLI/2.39.0 azsdk-python-azure-mgmt-network/21.0.1 Python/3.10.6 (Linux-5.15.0-1017-azure-x86_64-with-glibc2.31)
        VSTS_0fb41ef4-5012-48a9-bf39-4ee3de03ee35_build_4949_0
    method: GET
    uri: https://management.azure.com/subscriptions/00000000-0000-0000-0000-000000000000/providers/Microsoft.Network/locations/eastus2/operations/6f042db5-8876-40dc-a987-de848217dd60?api-version=2022-01-01
  response:
    body:
      string: "{\r\n  \"status\": \"Succeeded\"\r\n}"
    headers:
      cache-control:
      - no-cache
      content-length:
      - '29'
      content-type:
      - application/json; charset=utf-8
      date:
      - Fri, 26 Aug 2022 07:35:08 GMT
      expires:
      - '-1'
      pragma:
      - no-cache
      server:
      - Microsoft-HTTPAPI/2.0
      - Microsoft-HTTPAPI/2.0
      strict-transport-security:
      - max-age=31536000; includeSubDomains
      transfer-encoding:
      - chunked
      vary:
      - Accept-Encoding
      x-content-type-options:
      - nosniff
      x-ms-arm-service-request-id:
      - 9499e921-a923-4ee1-a327-ca63a6ea81ac
    status:
      code: 200
      message: OK
- request:
    body: null
    headers:
      Accept:
      - '*/*'
      Accept-Encoding:
      - gzip, deflate
      CommandName:
      - network public-ip create
      Connection:
      - keep-alive
      ParameterSetName:
      - -g -n --location --zone --sku
      User-Agent:
      - AZURECLI/2.39.0 azsdk-python-azure-mgmt-network/21.0.1 Python/3.10.6 (Linux-5.15.0-1017-azure-x86_64-with-glibc2.31)
        VSTS_0fb41ef4-5012-48a9-bf39-4ee3de03ee35_build_4949_0
    method: GET
    uri: https://management.azure.com/subscriptions/00000000-0000-0000-0000-000000000000/resourceGroups/clitest.rg000001/providers/Microsoft.Network/publicIPAddresses/pip?api-version=2022-01-01
  response:
    body:
      string: "{\r\n  \"name\": \"pip\",\r\n  \"id\": \"/subscriptions/00000000-0000-0000-0000-000000000000/resourceGroups/clitest.rg000001/providers/Microsoft.Network/publicIPAddresses/pip\",\r\n
        \ \"etag\": \"W/\\\"f0f427f2-bde4-47c9-8279-3f21946c0ead\\\"\",\r\n  \"location\":
        \"eastus2\",\r\n  \"zones\": [\r\n    \"2\"\r\n  ],\r\n  \"properties\": {\r\n
        \   \"provisioningState\": \"Succeeded\",\r\n    \"resourceGuid\": \"73411177-06de-4d01-99c4-3771c534fc87\",\r\n
        \   \"ipAddress\": \"20.57.26.214\",\r\n    \"publicIPAddressVersion\": \"IPv4\",\r\n
        \   \"publicIPAllocationMethod\": \"Static\",\r\n    \"idleTimeoutInMinutes\":
        4,\r\n    \"ipTags\": []\r\n  },\r\n  \"type\": \"Microsoft.Network/publicIPAddresses\",\r\n
        \ \"sku\": {\r\n    \"name\": \"Standard\",\r\n    \"tier\": \"Regional\"\r\n
        \ }\r\n}"
    headers:
      cache-control:
      - no-cache
      content-length:
      - '687'
      content-type:
      - application/json; charset=utf-8
      date:
      - Fri, 26 Aug 2022 07:35:08 GMT
      etag:
      - W/"f0f427f2-bde4-47c9-8279-3f21946c0ead"
      expires:
      - '-1'
      pragma:
      - no-cache
      server:
      - Microsoft-HTTPAPI/2.0
      - Microsoft-HTTPAPI/2.0
      strict-transport-security:
      - max-age=31536000; includeSubDomains
      transfer-encoding:
      - chunked
      vary:
      - Accept-Encoding
      x-content-type-options:
      - nosniff
      x-ms-arm-service-request-id:
      - 24ad35ed-43ca-472b-9da0-b4c20bc83dae
    status:
      code: 200
      message: OK
- request:
    body: '{"location": "eastus2", "sku": {"name": "Standard"}, "zones": ["2"], "properties":
      {"publicIPAddressVersion": "IPv4", "prefixLength": 29}}'
    headers:
      Accept:
      - application/json
      Accept-Encoding:
      - gzip, deflate
      CommandName:
      - network public-ip prefix create
      Connection:
      - keep-alive
      Content-Length:
      - '138'
      Content-Type:
      - application/json
      ParameterSetName:
      - --length --location --name --resource-group --zone
      User-Agent:
      - AZURECLI/2.39.0 azsdk-python-azure-mgmt-network/21.0.1 Python/3.10.6 (Linux-5.15.0-1017-azure-x86_64-with-glibc2.31)
        VSTS_0fb41ef4-5012-48a9-bf39-4ee3de03ee35_build_4949_0
    method: PUT
    uri: https://management.azure.com/subscriptions/00000000-0000-0000-0000-000000000000/resourceGroups/clitest.rg000001/providers/Microsoft.Network/publicIPPrefixes/prefix?api-version=2022-01-01
  response:
    body:
      string: "{\r\n  \"name\": \"prefix\",\r\n  \"id\": \"/subscriptions/00000000-0000-0000-0000-000000000000/resourceGroups/clitest.rg000001/providers/Microsoft.Network/publicIPPrefixes/prefix\",\r\n
        \ \"etag\": \"W/\\\"1f09b6aa-19c5-40aa-ae7d-5da45c57102e\\\"\",\r\n  \"type\":
        \"Microsoft.Network/publicIPPrefixes\",\r\n  \"location\": \"eastus2\",\r\n
        \ \"zones\": [\r\n    \"2\"\r\n  ],\r\n  \"properties\": {\r\n    \"provisioningState\":
        \"Updating\",\r\n    \"resourceGuid\": \"c1c58b0b-c07f-4fc7-8c05-8c44a54959e8\",\r\n
        \   \"prefixLength\": 29,\r\n    \"publicIPAddressVersion\": \"IPv4\",\r\n
        \   \"ipTags\": []\r\n  },\r\n  \"sku\": {\r\n    \"name\": \"Standard\",\r\n
        \   \"tier\": \"Regional\"\r\n  }\r\n}"
    headers:
      azure-asyncnotification:
      - Enabled
      azure-asyncoperation:
      - https://management.azure.com/subscriptions/00000000-0000-0000-0000-000000000000/providers/Microsoft.Network/locations/eastus2/operations/fdcc75f3-f219-4d70-a63b-e27a7fe40c44?api-version=2022-01-01
      cache-control:
      - no-cache
      content-length:
      - '606'
      content-type:
      - application/json; charset=utf-8
      date:
      - Fri, 26 Aug 2022 07:35:09 GMT
      expires:
      - '-1'
      pragma:
      - no-cache
      server:
      - Microsoft-HTTPAPI/2.0
      - Microsoft-HTTPAPI/2.0
      strict-transport-security:
      - max-age=31536000; includeSubDomains
      x-content-type-options:
      - nosniff
      x-ms-arm-service-request-id:
      - 20d01867-cee3-4a1b-9a0e-33d16f2a1b32
      x-ms-ratelimit-remaining-subscription-writes:
      - '1199'
    status:
      code: 201
      message: Created
- request:
    body: null
    headers:
      Accept:
      - '*/*'
      Accept-Encoding:
      - gzip, deflate
      CommandName:
      - network public-ip prefix create
      Connection:
      - keep-alive
      ParameterSetName:
      - --length --location --name --resource-group --zone
      User-Agent:
      - AZURECLI/2.39.0 azsdk-python-azure-mgmt-network/21.0.1 Python/3.10.6 (Linux-5.15.0-1017-azure-x86_64-with-glibc2.31)
        VSTS_0fb41ef4-5012-48a9-bf39-4ee3de03ee35_build_4949_0
    method: GET
    uri: https://management.azure.com/subscriptions/00000000-0000-0000-0000-000000000000/providers/Microsoft.Network/locations/eastus2/operations/fdcc75f3-f219-4d70-a63b-e27a7fe40c44?api-version=2022-01-01
  response:
    body:
      string: "{\r\n  \"status\": \"Succeeded\"\r\n}"
    headers:
      cache-control:
      - no-cache
      content-length:
      - '29'
      content-type:
      - application/json; charset=utf-8
      date:
      - Fri, 26 Aug 2022 07:35:12 GMT
      expires:
      - '-1'
      pragma:
      - no-cache
      server:
      - Microsoft-HTTPAPI/2.0
      - Microsoft-HTTPAPI/2.0
      strict-transport-security:
      - max-age=31536000; includeSubDomains
      transfer-encoding:
      - chunked
      vary:
      - Accept-Encoding
      x-content-type-options:
      - nosniff
      x-ms-arm-service-request-id:
      - 8f388276-3337-4f11-9701-a11012581bac
    status:
      code: 200
      message: OK
- request:
    body: null
    headers:
      Accept:
      - '*/*'
      Accept-Encoding:
      - gzip, deflate
      CommandName:
      - network public-ip prefix create
      Connection:
      - keep-alive
      ParameterSetName:
      - --length --location --name --resource-group --zone
      User-Agent:
      - AZURECLI/2.39.0 azsdk-python-azure-mgmt-network/21.0.1 Python/3.10.6 (Linux-5.15.0-1017-azure-x86_64-with-glibc2.31)
        VSTS_0fb41ef4-5012-48a9-bf39-4ee3de03ee35_build_4949_0
    method: GET
    uri: https://management.azure.com/subscriptions/00000000-0000-0000-0000-000000000000/resourceGroups/clitest.rg000001/providers/Microsoft.Network/publicIPPrefixes/prefix?api-version=2022-01-01
  response:
    body:
      string: "{\r\n  \"name\": \"prefix\",\r\n  \"id\": \"/subscriptions/00000000-0000-0000-0000-000000000000/resourceGroups/clitest.rg000001/providers/Microsoft.Network/publicIPPrefixes/prefix\",\r\n
        \ \"etag\": \"W/\\\"c23261f7-d09e-496c-bf81-d900b645b70d\\\"\",\r\n  \"type\":
        \"Microsoft.Network/publicIPPrefixes\",\r\n  \"location\": \"eastus2\",\r\n
        \ \"zones\": [\r\n    \"2\"\r\n  ],\r\n  \"properties\": {\r\n    \"provisioningState\":
        \"Succeeded\",\r\n    \"resourceGuid\": \"c1c58b0b-c07f-4fc7-8c05-8c44a54959e8\",\r\n
        \   \"prefixLength\": 29,\r\n    \"publicIPAddressVersion\": \"IPv4\",\r\n
        \   \"ipPrefix\": \"20.57.29.56/29\",\r\n    \"ipTags\": []\r\n  },\r\n  \"sku\":
        {\r\n    \"name\": \"Standard\",\r\n    \"tier\": \"Regional\"\r\n  }\r\n}"
    headers:
      cache-control:
      - no-cache
      content-length:
      - '642'
      content-type:
      - application/json; charset=utf-8
      date:
      - Fri, 26 Aug 2022 07:35:12 GMT
      etag:
      - W/"c23261f7-d09e-496c-bf81-d900b645b70d"
      expires:
      - '-1'
      pragma:
      - no-cache
      server:
      - Microsoft-HTTPAPI/2.0
      - Microsoft-HTTPAPI/2.0
      strict-transport-security:
      - max-age=31536000; includeSubDomains
      transfer-encoding:
      - chunked
      vary:
      - Accept-Encoding
      x-content-type-options:
      - nosniff
      x-ms-arm-service-request-id:
      - eb9aa0f0-5fdb-4cae-b1da-241e87187fe0
    status:
      code: 200
      message: OK
- request:
    body: '{"location": "eastus2", "sku": {"name": "Standard"}, "zones": ["2"], "properties":
      {"idleTimeoutInMinutes": 4, "publicIpAddresses": [{"id": "/subscriptions/00000000-0000-0000-0000-000000000000/resourceGroups/clitest.rg000001/providers/Microsoft.Network/publicIPAddresses/pip"}],
      "publicIpPrefixes": [{"id": "/subscriptions/00000000-0000-0000-0000-000000000000/resourceGroups/clitest.rg000001/providers/Microsoft.Network/publicIPPrefixes/prefix"}]}}'
    headers:
      Accept:
      - application/json
      Accept-Encoding:
      - gzip, deflate
      CommandName:
      - network nat gateway create
      Connection:
      - keep-alive
      Content-Length:
      - '448'
      Content-Type:
      - application/json
      ParameterSetName:
      - --resource-group --public-ip-prefixes --name --location --public-ip-addresses
        --idle-timeout --zone
      User-Agent:
      - AZURECLI/2.39.0 azsdk-python-azure-mgmt-network/21.0.1 Python/3.10.6 (Linux-5.15.0-1017-azure-x86_64-with-glibc2.31)
        VSTS_0fb41ef4-5012-48a9-bf39-4ee3de03ee35_build_4949_0
    method: PUT
    uri: https://management.azure.com/subscriptions/00000000-0000-0000-0000-000000000000/resourceGroups/clitest.rg000001/providers/Microsoft.Network/natGateways/ng1?api-version=2022-01-01
  response:
    body:
      string: "{\r\n  \"name\": \"ng1\",\r\n  \"id\": \"/subscriptions/00000000-0000-0000-0000-000000000000/resourceGroups/clitest.rg000001/providers/Microsoft.Network/natGateways/ng1\",\r\n
        \ \"etag\": \"W/\\\"abee1b84-7d3d-4302-906a-694dd67f3cd3\\\"\",\r\n  \"type\":
        \"Microsoft.Network/natGateways\",\r\n  \"location\": \"eastus2\",\r\n  \"zones\":
        [\r\n    \"2\"\r\n  ],\r\n  \"properties\": {\r\n    \"provisioningState\":
        \"Updating\",\r\n    \"resourceGuid\": \"3e4b8ba4-1bd2-4913-a36b-03b55593a54b\",\r\n
        \   \"idleTimeoutInMinutes\": 4,\r\n    \"publicIpAddresses\": [\r\n      {\r\n
        \       \"id\": \"/subscriptions/00000000-0000-0000-0000-000000000000/resourceGroups/clitest.rg000001/providers/Microsoft.Network/publicIPAddresses/pip\"\r\n
        \     }\r\n    ],\r\n    \"publicIpPrefixes\": [\r\n      {\r\n        \"id\":
        \"/subscriptions/00000000-0000-0000-0000-000000000000/resourceGroups/clitest.rg000001/providers/Microsoft.Network/publicIPPrefixes/prefix\"\r\n
        \     }\r\n    ]\r\n  },\r\n  \"sku\": {\r\n    \"name\": \"Standard\",\r\n
        \   \"tier\": \"Regional\"\r\n  }\r\n}"
    headers:
      azure-asyncnotification:
      - Enabled
      azure-asyncoperation:
      - https://management.azure.com/subscriptions/00000000-0000-0000-0000-000000000000/providers/Microsoft.Network/locations/eastus2/operations/9c4afc01-c153-4649-955e-eb0001a466bb?api-version=2022-01-01
      cache-control:
      - no-cache
      content-length:
      - '950'
      content-type:
      - application/json; charset=utf-8
      date:
      - Fri, 26 Aug 2022 07:35:13 GMT
      expires:
      - '-1'
      pragma:
      - no-cache
      server:
      - Microsoft-HTTPAPI/2.0
      - Microsoft-HTTPAPI/2.0
      strict-transport-security:
      - max-age=31536000; includeSubDomains
      x-content-type-options:
      - nosniff
      x-ms-arm-service-request-id:
      - e5ef8d28-21ca-4d1f-a562-bddc9de1cfa8
      x-ms-ratelimit-remaining-subscription-writes:
      - '1198'
    status:
      code: 201
      message: Created
- request:
    body: null
    headers:
      Accept:
      - '*/*'
      Accept-Encoding:
      - gzip, deflate
      CommandName:
      - network nat gateway create
      Connection:
      - keep-alive
      ParameterSetName:
      - --resource-group --public-ip-prefixes --name --location --public-ip-addresses
        --idle-timeout --zone
      User-Agent:
      - AZURECLI/2.39.0 azsdk-python-azure-mgmt-network/21.0.1 Python/3.10.6 (Linux-5.15.0-1017-azure-x86_64-with-glibc2.31)
        VSTS_0fb41ef4-5012-48a9-bf39-4ee3de03ee35_build_4949_0
    method: GET
    uri: https://management.azure.com/subscriptions/00000000-0000-0000-0000-000000000000/providers/Microsoft.Network/locations/eastus2/operations/9c4afc01-c153-4649-955e-eb0001a466bb?api-version=2022-01-01
  response:
    body:
      string: "{\r\n  \"status\": \"InProgress\"\r\n}"
    headers:
      cache-control:
      - no-cache
      content-length:
      - '30'
      content-type:
      - application/json; charset=utf-8
      date:
      - Fri, 26 Aug 2022 07:35:23 GMT
      expires:
      - '-1'
      pragma:
      - no-cache
      server:
      - Microsoft-HTTPAPI/2.0
      - Microsoft-HTTPAPI/2.0
      strict-transport-security:
      - max-age=31536000; includeSubDomains
      transfer-encoding:
      - chunked
      vary:
      - Accept-Encoding
      x-content-type-options:
      - nosniff
      x-ms-arm-service-request-id:
      - 6bdc4a99-d137-4bb4-92f8-c67394e5c93b
    status:
      code: 200
      message: OK
- request:
    body: null
    headers:
      Accept:
      - '*/*'
      Accept-Encoding:
      - gzip, deflate
      CommandName:
      - network nat gateway create
      Connection:
      - keep-alive
      ParameterSetName:
      - --resource-group --public-ip-prefixes --name --location --public-ip-addresses
        --idle-timeout --zone
      User-Agent:
      - AZURECLI/2.39.0 azsdk-python-azure-mgmt-network/21.0.1 Python/3.10.6 (Linux-5.15.0-1017-azure-x86_64-with-glibc2.31)
        VSTS_0fb41ef4-5012-48a9-bf39-4ee3de03ee35_build_4949_0
    method: GET
    uri: https://management.azure.com/subscriptions/00000000-0000-0000-0000-000000000000/providers/Microsoft.Network/locations/eastus2/operations/9c4afc01-c153-4649-955e-eb0001a466bb?api-version=2022-01-01
  response:
    body:
      string: "{\r\n  \"status\": \"Succeeded\"\r\n}"
    headers:
      cache-control:
      - no-cache
      content-length:
      - '29'
      content-type:
      - application/json; charset=utf-8
      date:
      - Fri, 26 Aug 2022 07:35:33 GMT
      expires:
      - '-1'
      pragma:
      - no-cache
      server:
      - Microsoft-HTTPAPI/2.0
      - Microsoft-HTTPAPI/2.0
      strict-transport-security:
      - max-age=31536000; includeSubDomains
      transfer-encoding:
      - chunked
      vary:
      - Accept-Encoding
      x-content-type-options:
      - nosniff
      x-ms-arm-service-request-id:
      - 0951154c-ced4-40d4-9735-42dcac82df78
    status:
      code: 200
      message: OK
- request:
    body: null
    headers:
      Accept:
      - '*/*'
      Accept-Encoding:
      - gzip, deflate
      CommandName:
      - network nat gateway create
      Connection:
      - keep-alive
      ParameterSetName:
      - --resource-group --public-ip-prefixes --name --location --public-ip-addresses
        --idle-timeout --zone
      User-Agent:
      - AZURECLI/2.39.0 azsdk-python-azure-mgmt-network/21.0.1 Python/3.10.6 (Linux-5.15.0-1017-azure-x86_64-with-glibc2.31)
        VSTS_0fb41ef4-5012-48a9-bf39-4ee3de03ee35_build_4949_0
    method: GET
    uri: https://management.azure.com/subscriptions/00000000-0000-0000-0000-000000000000/resourceGroups/clitest.rg000001/providers/Microsoft.Network/natGateways/ng1?api-version=2022-01-01
  response:
    body:
      string: "{\r\n  \"name\": \"ng1\",\r\n  \"id\": \"/subscriptions/00000000-0000-0000-0000-000000000000/resourceGroups/clitest.rg000001/providers/Microsoft.Network/natGateways/ng1\",\r\n
        \ \"etag\": \"W/\\\"c66c0d88-3e30-4696-8503-87c8263ba203\\\"\",\r\n  \"type\":
        \"Microsoft.Network/natGateways\",\r\n  \"location\": \"eastus2\",\r\n  \"zones\":
        [\r\n    \"2\"\r\n  ],\r\n  \"properties\": {\r\n    \"provisioningState\":
        \"Succeeded\",\r\n    \"resourceGuid\": \"3e4b8ba4-1bd2-4913-a36b-03b55593a54b\",\r\n
        \   \"idleTimeoutInMinutes\": 4,\r\n    \"publicIpAddresses\": [\r\n      {\r\n
        \       \"id\": \"/subscriptions/00000000-0000-0000-0000-000000000000/resourceGroups/clitest.rg000001/providers/Microsoft.Network/publicIPAddresses/pip\"\r\n
        \     }\r\n    ],\r\n    \"publicIpPrefixes\": [\r\n      {\r\n        \"id\":
        \"/subscriptions/00000000-0000-0000-0000-000000000000/resourceGroups/clitest.rg000001/providers/Microsoft.Network/publicIPPrefixes/prefix\"\r\n
        \     }\r\n    ]\r\n  },\r\n  \"sku\": {\r\n    \"name\": \"Standard\",\r\n
        \   \"tier\": \"Regional\"\r\n  }\r\n}"
    headers:
      cache-control:
      - no-cache
      content-length:
      - '951'
      content-type:
      - application/json; charset=utf-8
      date:
      - Fri, 26 Aug 2022 07:35:33 GMT
      etag:
      - W/"c66c0d88-3e30-4696-8503-87c8263ba203"
      expires:
      - '-1'
      pragma:
      - no-cache
      server:
      - Microsoft-HTTPAPI/2.0
      - Microsoft-HTTPAPI/2.0
      strict-transport-security:
      - max-age=31536000; includeSubDomains
      transfer-encoding:
      - chunked
      vary:
      - Accept-Encoding
      x-content-type-options:
      - nosniff
      x-ms-arm-service-request-id:
      - a2a9426c-ad43-4dcc-9f7e-3dace9aa2db8
    status:
      code: 200
      message: OK
- request:
    body: null
    headers:
      Accept:
      - application/json
      Accept-Encoding:
      - gzip, deflate
      CommandName:
      - network nat gateway update
      Connection:
      - keep-alive
      ParameterSetName:
      - -g --name --idle-timeout
      User-Agent:
      - AZURECLI/2.39.0 azsdk-python-azure-mgmt-network/21.0.1 Python/3.10.6 (Linux-5.15.0-1017-azure-x86_64-with-glibc2.31)
        VSTS_0fb41ef4-5012-48a9-bf39-4ee3de03ee35_build_4949_0
    method: GET
    uri: https://management.azure.com/subscriptions/00000000-0000-0000-0000-000000000000/resourceGroups/clitest.rg000001/providers/Microsoft.Network/natGateways/ng1?api-version=2022-01-01
  response:
    body:
      string: "{\r\n  \"name\": \"ng1\",\r\n  \"id\": \"/subscriptions/00000000-0000-0000-0000-000000000000/resourceGroups/clitest.rg000001/providers/Microsoft.Network/natGateways/ng1\",\r\n
        \ \"etag\": \"W/\\\"c66c0d88-3e30-4696-8503-87c8263ba203\\\"\",\r\n  \"type\":
        \"Microsoft.Network/natGateways\",\r\n  \"location\": \"eastus2\",\r\n  \"zones\":
        [\r\n    \"2\"\r\n  ],\r\n  \"properties\": {\r\n    \"provisioningState\":
        \"Succeeded\",\r\n    \"resourceGuid\": \"3e4b8ba4-1bd2-4913-a36b-03b55593a54b\",\r\n
        \   \"idleTimeoutInMinutes\": 4,\r\n    \"publicIpAddresses\": [\r\n      {\r\n
        \       \"id\": \"/subscriptions/00000000-0000-0000-0000-000000000000/resourceGroups/clitest.rg000001/providers/Microsoft.Network/publicIPAddresses/pip\"\r\n
        \     }\r\n    ],\r\n    \"publicIpPrefixes\": [\r\n      {\r\n        \"id\":
        \"/subscriptions/00000000-0000-0000-0000-000000000000/resourceGroups/clitest.rg000001/providers/Microsoft.Network/publicIPPrefixes/prefix\"\r\n
        \     }\r\n    ]\r\n  },\r\n  \"sku\": {\r\n    \"name\": \"Standard\",\r\n
        \   \"tier\": \"Regional\"\r\n  }\r\n}"
    headers:
      cache-control:
      - no-cache
      content-length:
      - '951'
      content-type:
      - application/json; charset=utf-8
      date:
      - Fri, 26 Aug 2022 07:35:34 GMT
      etag:
      - W/"c66c0d88-3e30-4696-8503-87c8263ba203"
      expires:
      - '-1'
      pragma:
      - no-cache
      server:
      - Microsoft-HTTPAPI/2.0
      - Microsoft-HTTPAPI/2.0
      strict-transport-security:
      - max-age=31536000; includeSubDomains
      transfer-encoding:
      - chunked
      vary:
      - Accept-Encoding
      x-content-type-options:
      - nosniff
      x-ms-arm-service-request-id:
      - 7b7e0fe9-6f21-404e-a0e2-e10ddb6d1ccf
    status:
      code: 200
      message: ''
- request:
    body: '{"id": "/subscriptions/00000000-0000-0000-0000-000000000000/resourceGroups/clitest.rg000001/providers/Microsoft.Network/natGateways/ng1",
      "location": "eastus2", "sku": {"name": "Standard"}, "zones": ["2"], "properties":
      {"idleTimeoutInMinutes": 5, "publicIpAddresses": [{"id": "/subscriptions/00000000-0000-0000-0000-000000000000/resourceGroups/clitest.rg000001/providers/Microsoft.Network/publicIPAddresses/pip"}],
      "publicIpPrefixes": [{"id": "/subscriptions/00000000-0000-0000-0000-000000000000/resourceGroups/clitest.rg000001/providers/Microsoft.Network/publicIPPrefixes/prefix"}]}}'
    headers:
      Accept:
      - application/json
      Accept-Encoding:
      - gzip, deflate
      CommandName:
      - network nat gateway update
      Connection:
      - keep-alive
      Content-Length:
      - '585'
      Content-Type:
      - application/json
      ParameterSetName:
      - -g --name --idle-timeout
      User-Agent:
      - AZURECLI/2.39.0 azsdk-python-azure-mgmt-network/21.0.1 Python/3.10.6 (Linux-5.15.0-1017-azure-x86_64-with-glibc2.31)
        VSTS_0fb41ef4-5012-48a9-bf39-4ee3de03ee35_build_4949_0
    method: PUT
    uri: https://management.azure.com/subscriptions/00000000-0000-0000-0000-000000000000/resourceGroups/clitest.rg000001/providers/Microsoft.Network/natGateways/ng1?api-version=2022-01-01
  response:
    body:
      string: "{\r\n  \"name\": \"ng1\",\r\n  \"id\": \"/subscriptions/00000000-0000-0000-0000-000000000000/resourceGroups/clitest.rg000001/providers/Microsoft.Network/natGateways/ng1\",\r\n
        \ \"etag\": \"W/\\\"81f6d149-2b93-436e-be32-5d155afa6ab4\\\"\",\r\n  \"type\":
        \"Microsoft.Network/natGateways\",\r\n  \"location\": \"eastus2\",\r\n  \"zones\":
        [\r\n    \"2\"\r\n  ],\r\n  \"properties\": {\r\n    \"provisioningState\":
        \"Updating\",\r\n    \"resourceGuid\": \"3e4b8ba4-1bd2-4913-a36b-03b55593a54b\",\r\n
        \   \"idleTimeoutInMinutes\": 5,\r\n    \"publicIpAddresses\": [\r\n      {\r\n
        \       \"id\": \"/subscriptions/00000000-0000-0000-0000-000000000000/resourceGroups/clitest.rg000001/providers/Microsoft.Network/publicIPAddresses/pip\"\r\n
        \     }\r\n    ],\r\n    \"publicIpPrefixes\": [\r\n      {\r\n        \"id\":
        \"/subscriptions/00000000-0000-0000-0000-000000000000/resourceGroups/clitest.rg000001/providers/Microsoft.Network/publicIPPrefixes/prefix\"\r\n
        \     }\r\n    ]\r\n  },\r\n  \"sku\": {\r\n    \"name\": \"Standard\",\r\n
        \   \"tier\": \"Regional\"\r\n  }\r\n}"
    headers:
      azure-asyncnotification:
      - Enabled
      azure-asyncoperation:
      - https://management.azure.com/subscriptions/00000000-0000-0000-0000-000000000000/providers/Microsoft.Network/locations/eastus2/operations/64faecd8-e254-4125-841b-91f80de130a3?api-version=2022-01-01
      cache-control:
      - no-cache
      content-length:
      - '950'
      content-type:
      - application/json; charset=utf-8
      date:
      - Fri, 26 Aug 2022 07:35:34 GMT
      expires:
      - '-1'
      pragma:
      - no-cache
      server:
      - Microsoft-HTTPAPI/2.0
      - Microsoft-HTTPAPI/2.0
      strict-transport-security:
      - max-age=31536000; includeSubDomains
      transfer-encoding:
      - chunked
      vary:
      - Accept-Encoding
      x-content-type-options:
      - nosniff
      x-ms-arm-service-request-id:
      - ffda4f03-36d6-4eff-9003-b3496daa44c1
      x-ms-ratelimit-remaining-subscription-writes:
      - '1199'
    status:
      code: 200
      message: ''
- request:
    body: null
    headers:
      Accept:
      - '*/*'
      Accept-Encoding:
      - gzip, deflate
      CommandName:
      - network nat gateway update
      Connection:
      - keep-alive
      ParameterSetName:
      - -g --name --idle-timeout
      User-Agent:
      - AZURECLI/2.39.0 azsdk-python-azure-mgmt-network/21.0.1 Python/3.10.6 (Linux-5.15.0-1017-azure-x86_64-with-glibc2.31)
        VSTS_0fb41ef4-5012-48a9-bf39-4ee3de03ee35_build_4949_0
    method: GET
    uri: https://management.azure.com/subscriptions/00000000-0000-0000-0000-000000000000/providers/Microsoft.Network/locations/eastus2/operations/64faecd8-e254-4125-841b-91f80de130a3?api-version=2022-01-01
  response:
    body:
      string: "{\r\n  \"status\": \"Succeeded\"\r\n}"
    headers:
      cache-control:
      - no-cache
      content-length:
      - '29'
      content-type:
      - application/json; charset=utf-8
      date:
      - Fri, 26 Aug 2022 07:35:44 GMT
      expires:
      - '-1'
      pragma:
      - no-cache
      server:
      - Microsoft-HTTPAPI/2.0
      - Microsoft-HTTPAPI/2.0
      strict-transport-security:
      - max-age=31536000; includeSubDomains
      transfer-encoding:
      - chunked
      vary:
      - Accept-Encoding
      x-content-type-options:
      - nosniff
      x-ms-arm-service-request-id:
      - 2dd01b79-5ace-45ae-aa9b-5006704e2ebc
    status:
      code: 200
      message: OK
- request:
    body: null
    headers:
      Accept:
      - '*/*'
      Accept-Encoding:
      - gzip, deflate
      CommandName:
      - network nat gateway update
      Connection:
      - keep-alive
      ParameterSetName:
      - -g --name --idle-timeout
      User-Agent:
      - AZURECLI/2.39.0 azsdk-python-azure-mgmt-network/21.0.1 Python/3.10.6 (Linux-5.15.0-1017-azure-x86_64-with-glibc2.31)
        VSTS_0fb41ef4-5012-48a9-bf39-4ee3de03ee35_build_4949_0
    method: GET
    uri: https://management.azure.com/subscriptions/00000000-0000-0000-0000-000000000000/resourceGroups/clitest.rg000001/providers/Microsoft.Network/natGateways/ng1?api-version=2022-01-01
  response:
    body:
      string: "{\r\n  \"name\": \"ng1\",\r\n  \"id\": \"/subscriptions/00000000-0000-0000-0000-000000000000/resourceGroups/clitest.rg000001/providers/Microsoft.Network/natGateways/ng1\",\r\n
        \ \"etag\": \"W/\\\"e6a42386-a6f6-4f8f-849a-9ad53b7c43d4\\\"\",\r\n  \"type\":
        \"Microsoft.Network/natGateways\",\r\n  \"location\": \"eastus2\",\r\n  \"zones\":
        [\r\n    \"2\"\r\n  ],\r\n  \"properties\": {\r\n    \"provisioningState\":
        \"Succeeded\",\r\n    \"resourceGuid\": \"3e4b8ba4-1bd2-4913-a36b-03b55593a54b\",\r\n
        \   \"idleTimeoutInMinutes\": 5,\r\n    \"publicIpAddresses\": [\r\n      {\r\n
        \       \"id\": \"/subscriptions/00000000-0000-0000-0000-000000000000/resourceGroups/clitest.rg000001/providers/Microsoft.Network/publicIPAddresses/pip\"\r\n
        \     }\r\n    ],\r\n    \"publicIpPrefixes\": [\r\n      {\r\n        \"id\":
        \"/subscriptions/00000000-0000-0000-0000-000000000000/resourceGroups/clitest.rg000001/providers/Microsoft.Network/publicIPPrefixes/prefix\"\r\n
        \     }\r\n    ]\r\n  },\r\n  \"sku\": {\r\n    \"name\": \"Standard\",\r\n
        \   \"tier\": \"Regional\"\r\n  }\r\n}"
    headers:
      cache-control:
      - no-cache
      content-length:
      - '951'
      content-type:
      - application/json; charset=utf-8
      date:
      - Fri, 26 Aug 2022 07:35:44 GMT
      etag:
      - W/"e6a42386-a6f6-4f8f-849a-9ad53b7c43d4"
      expires:
      - '-1'
      pragma:
      - no-cache
      server:
      - Microsoft-HTTPAPI/2.0
      - Microsoft-HTTPAPI/2.0
      strict-transport-security:
      - max-age=31536000; includeSubDomains
      transfer-encoding:
      - chunked
      vary:
      - Accept-Encoding
      x-content-type-options:
      - nosniff
      x-ms-arm-service-request-id:
      - 5648ff88-6a69-4299-be59-bfffbcfb84a3
    status:
      code: 200
      message: OK
- request:
    body: null
    headers:
      Accept:
      - application/json
      Accept-Encoding:
      - gzip, deflate
      CommandName:
      - network nat gateway list
      Connection:
      - keep-alive
      ParameterSetName:
      - -g
      User-Agent:
      - AZURECLI/2.39.0 azsdk-python-azure-mgmt-network/21.0.1 Python/3.10.6 (Linux-5.15.0-1017-azure-x86_64-with-glibc2.31)
        VSTS_0fb41ef4-5012-48a9-bf39-4ee3de03ee35_build_4949_0
    method: GET
    uri: https://management.azure.com/subscriptions/00000000-0000-0000-0000-000000000000/resourceGroups/clitest.rg000001/providers/Microsoft.Network/natGateways?api-version=2022-01-01
  response:
    body:
      string: "{\r\n  \"value\": [\r\n    {\r\n      \"name\": \"ng1\",\r\n      \"id\":
        \"/subscriptions/00000000-0000-0000-0000-000000000000/resourceGroups/clitest.rg000001/providers/Microsoft.Network/natGateways/ng1\",\r\n
        \     \"etag\": \"W/\\\"e6a42386-a6f6-4f8f-849a-9ad53b7c43d4\\\"\",\r\n      \"type\":
        \"Microsoft.Network/natGateways\",\r\n      \"location\": \"eastus2\",\r\n
        \     \"zones\": [\r\n        \"2\"\r\n      ],\r\n      \"properties\": {\r\n
        \       \"provisioningState\": \"Succeeded\",\r\n        \"resourceGuid\":
        \"3e4b8ba4-1bd2-4913-a36b-03b55593a54b\",\r\n        \"idleTimeoutInMinutes\":
        5,\r\n        \"publicIpAddresses\": [\r\n          {\r\n            \"id\":
        \"/subscriptions/00000000-0000-0000-0000-000000000000/resourceGroups/clitest.rg000001/providers/Microsoft.Network/publicIPAddresses/pip\"\r\n
        \         }\r\n        ],\r\n        \"publicIpPrefixes\": [\r\n          {\r\n
        \           \"id\": \"/subscriptions/00000000-0000-0000-0000-000000000000/resourceGroups/clitest.rg000001/providers/Microsoft.Network/publicIPPrefixes/prefix\"\r\n
        \         }\r\n        ]\r\n      },\r\n      \"sku\": {\r\n        \"name\":
        \"Standard\",\r\n        \"tier\": \"Regional\"\r\n      }\r\n    }\r\n  ]\r\n}"
    headers:
      cache-control:
      - no-cache
      content-length:
      - '1092'
      content-type:
      - application/json; charset=utf-8
      date:
      - Fri, 26 Aug 2022 07:35:45 GMT
      expires:
      - '-1'
      pragma:
      - no-cache
      server:
      - Microsoft-HTTPAPI/2.0
      - Microsoft-HTTPAPI/2.0
      strict-transport-security:
      - max-age=31536000; includeSubDomains
      transfer-encoding:
      - chunked
      vary:
      - Accept-Encoding
      x-content-type-options:
      - nosniff
      x-ms-arm-service-request-id:
      - ceca10df-a46e-48a0-88f2-f6085b6273ad
    status:
      code: 200
      message: OK
- request:
    body: null
    headers:
      Accept:
      - application/json
      Accept-Encoding:
      - gzip, deflate
      CommandName:
      - network nat gateway show
      Connection:
      - keep-alive
      ParameterSetName:
      - --resource-group --name
      User-Agent:
      - AZURECLI/2.39.0 azsdk-python-azure-mgmt-network/21.0.1 Python/3.10.6 (Linux-5.15.0-1017-azure-x86_64-with-glibc2.31)
        VSTS_0fb41ef4-5012-48a9-bf39-4ee3de03ee35_build_4949_0
    method: GET
    uri: https://management.azure.com/subscriptions/00000000-0000-0000-0000-000000000000/resourceGroups/clitest.rg000001/providers/Microsoft.Network/natGateways/ng1?api-version=2022-01-01
  response:
    body:
      string: "{\r\n  \"name\": \"ng1\",\r\n  \"id\": \"/subscriptions/00000000-0000-0000-0000-000000000000/resourceGroups/clitest.rg000001/providers/Microsoft.Network/natGateways/ng1\",\r\n
        \ \"etag\": \"W/\\\"e6a42386-a6f6-4f8f-849a-9ad53b7c43d4\\\"\",\r\n  \"type\":
        \"Microsoft.Network/natGateways\",\r\n  \"location\": \"eastus2\",\r\n  \"zones\":
        [\r\n    \"2\"\r\n  ],\r\n  \"properties\": {\r\n    \"provisioningState\":
        \"Succeeded\",\r\n    \"resourceGuid\": \"3e4b8ba4-1bd2-4913-a36b-03b55593a54b\",\r\n
        \   \"idleTimeoutInMinutes\": 5,\r\n    \"publicIpAddresses\": [\r\n      {\r\n
        \       \"id\": \"/subscriptions/00000000-0000-0000-0000-000000000000/resourceGroups/clitest.rg000001/providers/Microsoft.Network/publicIPAddresses/pip\"\r\n
        \     }\r\n    ],\r\n    \"publicIpPrefixes\": [\r\n      {\r\n        \"id\":
        \"/subscriptions/00000000-0000-0000-0000-000000000000/resourceGroups/clitest.rg000001/providers/Microsoft.Network/publicIPPrefixes/prefix\"\r\n
        \     }\r\n    ]\r\n  },\r\n  \"sku\": {\r\n    \"name\": \"Standard\",\r\n
        \   \"tier\": \"Regional\"\r\n  }\r\n}"
    headers:
      cache-control:
      - no-cache
      content-length:
      - '951'
      content-type:
      - application/json; charset=utf-8
      date:
      - Fri, 26 Aug 2022 07:35:45 GMT
      etag:
      - W/"e6a42386-a6f6-4f8f-849a-9ad53b7c43d4"
      expires:
      - '-1'
      pragma:
      - no-cache
      server:
      - Microsoft-HTTPAPI/2.0
      - Microsoft-HTTPAPI/2.0
      strict-transport-security:
      - max-age=31536000; includeSubDomains
      transfer-encoding:
      - chunked
      vary:
      - Accept-Encoding
      x-content-type-options:
      - nosniff
      x-ms-arm-service-request-id:
      - 83ae3690-5344-4cd0-b545-8883afb05cde
    status:
      code: 200
      message: ''
- request:
    body: null
    headers:
      Accept:
      - application/json
      Accept-Encoding:
      - gzip, deflate
      CommandName:
      - network nat gateway delete
      Connection:
      - keep-alive
      Content-Length:
      - '0'
      ParameterSetName:
      - --resource-group --name
      User-Agent:
      - AZURECLI/2.39.0 azsdk-python-azure-mgmt-network/21.0.1 Python/3.10.6 (Linux-5.15.0-1017-azure-x86_64-with-glibc2.31)
        VSTS_0fb41ef4-5012-48a9-bf39-4ee3de03ee35_build_4949_0
    method: DELETE
    uri: https://management.azure.com/subscriptions/00000000-0000-0000-0000-000000000000/resourceGroups/clitest.rg000001/providers/Microsoft.Network/natGateways/ng1?api-version=2022-01-01
  response:
    body:
      string: ''
    headers:
      azure-asyncnotification:
      - Enabled
      azure-asyncoperation:
      - https://management.azure.com/subscriptions/00000000-0000-0000-0000-000000000000/providers/Microsoft.Network/locations/eastus2/operations/f6211ae7-1fb4-4aaa-bbc6-841ced205bc8?api-version=2022-01-01
      cache-control:
      - no-cache
      content-length:
      - '0'
      date:
      - Fri, 26 Aug 2022 07:35:45 GMT
      expires:
      - '-1'
      location:
      - https://management.azure.com/subscriptions/00000000-0000-0000-0000-000000000000/providers/Microsoft.Network/locations/eastus2/operationResults/f6211ae7-1fb4-4aaa-bbc6-841ced205bc8?api-version=2022-01-01
      pragma:
      - no-cache
      server:
      - Microsoft-HTTPAPI/2.0
      - Microsoft-HTTPAPI/2.0
      strict-transport-security:
      - max-age=31536000; includeSubDomains
      x-content-type-options:
      - nosniff
      x-ms-arm-service-request-id:
      - b5de0c12-449a-460d-92e1-ed71e7b15ecc
      x-ms-ratelimit-remaining-subscription-deletes:
      - '14999'
    status:
      code: 202
      message: Accepted
- request:
    body: null
    headers:
      Accept:
      - '*/*'
      Accept-Encoding:
      - gzip, deflate
      CommandName:
      - network nat gateway delete
      Connection:
      - keep-alive
      ParameterSetName:
      - --resource-group --name
      User-Agent:
      - AZURECLI/2.39.0 azsdk-python-azure-mgmt-network/21.0.1 Python/3.10.6 (Linux-5.15.0-1017-azure-x86_64-with-glibc2.31)
        VSTS_0fb41ef4-5012-48a9-bf39-4ee3de03ee35_build_4949_0
    method: GET
    uri: https://management.azure.com/subscriptions/00000000-0000-0000-0000-000000000000/providers/Microsoft.Network/locations/eastus2/operations/f6211ae7-1fb4-4aaa-bbc6-841ced205bc8?api-version=2022-01-01
  response:
    body:
      string: "{\r\n  \"status\": \"Succeeded\"\r\n}"
    headers:
      cache-control:
      - no-cache
      content-length:
      - '29'
      content-type:
      - application/json; charset=utf-8
      date:
      - Fri, 26 Aug 2022 07:35:55 GMT
      expires:
      - '-1'
      pragma:
      - no-cache
      server:
      - Microsoft-HTTPAPI/2.0
      - Microsoft-HTTPAPI/2.0
      strict-transport-security:
      - max-age=31536000; includeSubDomains
      transfer-encoding:
      - chunked
      vary:
      - Accept-Encoding
      x-content-type-options:
      - nosniff
      x-ms-arm-service-request-id:
      - 69bd77b7-adb2-44f9-81c9-16bde7ac36cc
    status:
      code: 200
      message: OK
- request:
    body: null
    headers:
      Accept:
      - '*/*'
      Accept-Encoding:
      - gzip, deflate
      CommandName:
      - network nat gateway delete
      Connection:
      - keep-alive
      ParameterSetName:
      - --resource-group --name
      User-Agent:
      - AZURECLI/2.39.0 azsdk-python-azure-mgmt-network/21.0.1 Python/3.10.6 (Linux-5.15.0-1017-azure-x86_64-with-glibc2.31)
        VSTS_0fb41ef4-5012-48a9-bf39-4ee3de03ee35_build_4949_0
    method: GET
    uri: https://management.azure.com/subscriptions/00000000-0000-0000-0000-000000000000/providers/Microsoft.Network/locations/eastus2/operationResults/f6211ae7-1fb4-4aaa-bbc6-841ced205bc8?api-version=2022-01-01
  response:
    body:
      string: ''
    headers:
      azure-asyncnotification:
      - Enabled
      azure-asyncoperation:
      - https://management.azure.com/subscriptions/00000000-0000-0000-0000-000000000000/providers/Microsoft.Network/locations/eastus2/operations/f6211ae7-1fb4-4aaa-bbc6-841ced205bc8?api-version=2022-01-01
      cache-control:
      - no-cache
      content-type:
      - application/json; charset=utf-8
      date:
      - Fri, 26 Aug 2022 07:35:55 GMT
      expires:
      - '-1'
      location:
      - https://management.azure.com/subscriptions/00000000-0000-0000-0000-000000000000/providers/Microsoft.Network/locations/eastus2/operationResults/f6211ae7-1fb4-4aaa-bbc6-841ced205bc8?api-version=2022-01-01
      pragma:
      - no-cache
      server:
      - Microsoft-HTTPAPI/2.0
      - Microsoft-HTTPAPI/2.0
      strict-transport-security:
      - max-age=31536000; includeSubDomains
      x-content-type-options:
      - nosniff
      x-ms-arm-service-request-id:
      - b5de0c12-449a-460d-92e1-ed71e7b15ecc
    status:
      code: 204
      message: No Content
- request:
    body: null
    headers:
      Accept:
      - application/json
      Accept-Encoding:
      - gzip, deflate
      CommandName:
      - network nat gateway list
      Connection:
      - keep-alive
      ParameterSetName:
      - -g
      User-Agent:
      - AZURECLI/2.39.0 azsdk-python-azure-mgmt-network/21.0.1 Python/3.10.6 (Linux-5.15.0-1017-azure-x86_64-with-glibc2.31)
        VSTS_0fb41ef4-5012-48a9-bf39-4ee3de03ee35_build_4949_0
    method: GET
    uri: https://management.azure.com/subscriptions/00000000-0000-0000-0000-000000000000/resourceGroups/clitest.rg000001/providers/Microsoft.Network/natGateways?api-version=2022-01-01
  response:
    body:
      string: '{"value":[]}'
    headers:
      cache-control:
      - no-cache
      content-length:
      - '12'
      content-type:
      - application/json; charset=utf-8
      date:
      - Fri, 26 Aug 2022 07:35:56 GMT
      expires:
      - '-1'
      pragma:
      - no-cache
      strict-transport-security:
      - max-age=31536000; includeSubDomains
      vary:
      - Accept-Encoding
      x-content-type-options:
      - nosniff
    status:
      code: 200
      message: OK
version: 1
