interactions:
- request:
    body: '{"location": "eastus2", "sku": {"name": "Standard"}, "zones": ["2"], "properties":
      {"idleTimeoutInMinutes": 4}}'
    headers:
      Accept:
      - application/json
      Accept-Encoding:
      - gzip, deflate
      CommandName:
      - network nat gateway create
      Connection:
      - keep-alive
      Content-Length:
      - '111'
      Content-Type:
      - application/json
      ParameterSetName:
      - --resource-group --name --location --idle-timeout --zone
      User-Agent:
      - AZURECLI/2.19.0 azsdk-python-azure-mgmt-network/17.1.0 Python/3.7.3 (Windows-10-10.0.19041-SP0)
    method: PUT
    uri: https://management.azure.com/subscriptions/00000000-0000-0000-0000-000000000000/resourceGroups/clitest.rg000001/providers/Microsoft.Network/natGateways/ng1?api-version=2020-08-01
  response:
    body:
      string: "{\r\n  \"name\": \"ng1\",\r\n  \"id\": \"/subscriptions/00000000-0000-0000-0000-000000000000/resourceGroups/clitest.rg000001/providers/Microsoft.Network/natGateways/ng1\",\r\n
        \ \"etag\": \"W/\\\"21c946ea-18c2-4b95-a6d8-ae6ee63a619b\\\"\",\r\n  \"type\":
        \"Microsoft.Network/natGateways\",\r\n  \"location\": \"eastus2\",\r\n  \"zones\":
        [\r\n    \"2\"\r\n  ],\r\n  \"properties\": {\r\n    \"provisioningState\":
        \"Updating\",\r\n    \"resourceGuid\": \"87e9cc42-1521-46d6-b15f-862ce500e6e6\",\r\n
        \   \"idleTimeoutInMinutes\": 4\r\n  },\r\n  \"sku\": {\r\n    \"name\": \"Standard\",\r\n
        \   \"tier\": \"Regional\"\r\n  }\r\n}"
    headers:
      azure-asyncnotification:
      - Enabled
      azure-asyncoperation:
      - https://management.azure.com/subscriptions/00000000-0000-0000-0000-000000000000/providers/Microsoft.Network/locations/eastus2/operations/a51e3f30-6728-4a14-b716-95df3d8a985a?api-version=2020-08-01
      cache-control:
      - no-cache
      content-length:
      - '598'
      content-type:
      - application/json; charset=utf-8
      date:
      - Tue, 09 Feb 2021 07:23:32 GMT
      expires:
      - '-1'
      pragma:
      - no-cache
      server:
      - Microsoft-HTTPAPI/2.0
      - Microsoft-HTTPAPI/2.0
      strict-transport-security:
      - max-age=31536000; includeSubDomains
      x-content-type-options:
      - nosniff
      x-ms-arm-service-request-id:
      - ab9a4fb6-9e32-435b-9734-fe0d364582a5
      x-ms-ratelimit-remaining-subscription-writes:
      - '1196'
    status:
      code: 201
      message: Created
- request:
    body: null
    headers:
      Accept:
      - '*/*'
      Accept-Encoding:
      - gzip, deflate
      CommandName:
      - network nat gateway create
      Connection:
      - keep-alive
      ParameterSetName:
      - --resource-group --name --location --idle-timeout --zone
      User-Agent:
      - AZURECLI/2.19.0 azsdk-python-azure-mgmt-network/17.1.0 Python/3.7.3 (Windows-10-10.0.19041-SP0)
    method: GET
    uri: https://management.azure.com/subscriptions/00000000-0000-0000-0000-000000000000/providers/Microsoft.Network/locations/eastus2/operations/a51e3f30-6728-4a14-b716-95df3d8a985a?api-version=2020-08-01
  response:
    body:
      string: "{\r\n  \"status\": \"Succeeded\"\r\n}"
    headers:
      cache-control:
      - no-cache
      content-length:
      - '29'
      content-type:
      - application/json; charset=utf-8
      date:
      - Tue, 09 Feb 2021 07:23:42 GMT
      expires:
      - '-1'
      pragma:
      - no-cache
      server:
      - Microsoft-HTTPAPI/2.0
      - Microsoft-HTTPAPI/2.0
      strict-transport-security:
      - max-age=31536000; includeSubDomains
      transfer-encoding:
      - chunked
      vary:
      - Accept-Encoding
      x-content-type-options:
      - nosniff
      x-ms-arm-service-request-id:
      - d4490463-ce76-4c2b-a5fe-a909ede1e49a
    status:
      code: 200
      message: OK
- request:
    body: null
    headers:
      Accept:
      - '*/*'
      Accept-Encoding:
      - gzip, deflate
      CommandName:
      - network nat gateway create
      Connection:
      - keep-alive
      ParameterSetName:
      - --resource-group --name --location --idle-timeout --zone
      User-Agent:
      - AZURECLI/2.19.0 azsdk-python-azure-mgmt-network/17.1.0 Python/3.7.3 (Windows-10-10.0.19041-SP0)
    method: GET
    uri: https://management.azure.com/subscriptions/00000000-0000-0000-0000-000000000000/resourceGroups/clitest.rg000001/providers/Microsoft.Network/natGateways/ng1?api-version=2020-08-01
  response:
    body:
      string: "{\r\n  \"name\": \"ng1\",\r\n  \"id\": \"/subscriptions/00000000-0000-0000-0000-000000000000/resourceGroups/clitest.rg000001/providers/Microsoft.Network/natGateways/ng1\",\r\n
        \ \"etag\": \"W/\\\"c21512b3-67cb-47ae-8e33-0a5e3fad56ed\\\"\",\r\n  \"type\":
        \"Microsoft.Network/natGateways\",\r\n  \"location\": \"eastus2\",\r\n  \"zones\":
        [\r\n    \"2\"\r\n  ],\r\n  \"properties\": {\r\n    \"provisioningState\":
        \"Succeeded\",\r\n    \"resourceGuid\": \"87e9cc42-1521-46d6-b15f-862ce500e6e6\",\r\n
        \   \"idleTimeoutInMinutes\": 4\r\n  },\r\n  \"sku\": {\r\n    \"name\": \"Standard\",\r\n
        \   \"tier\": \"Regional\"\r\n  }\r\n}"
    headers:
      cache-control:
      - no-cache
      content-length:
      - '599'
      content-type:
      - application/json; charset=utf-8
      date:
      - Tue, 09 Feb 2021 07:23:43 GMT
      etag:
      - W/"c21512b3-67cb-47ae-8e33-0a5e3fad56ed"
      expires:
      - '-1'
      pragma:
      - no-cache
      server:
      - Microsoft-HTTPAPI/2.0
      - Microsoft-HTTPAPI/2.0
      strict-transport-security:
      - max-age=31536000; includeSubDomains
      transfer-encoding:
      - chunked
      vary:
      - Accept-Encoding
      x-content-type-options:
      - nosniff
      x-ms-arm-service-request-id:
      - e8d1850a-76bf-470b-8726-42869f16c29b
    status:
      code: 200
      message: OK
version: 1
