interactions:
- request:
    body: '{"name": "eventhubs-nscli000002"}'
    headers:
      Accept:
      - application/json
      Accept-Encoding:
      - gzip, deflate
      CommandName:
      - eventhubs namespace exists
      Connection:
      - keep-alive
      Content-Length:
      - '33'
      Content-Type:
      - application/json
      ParameterSetName:
      - --name
      User-Agent:
      - AZURECLI/2.69.0 azsdk-python-core/1.31.0 Python/3.12.9 (Windows-10-10.0.19045-SP0)
    method: POST
    uri: https://management.azure.com/subscriptions/00000000-0000-0000-0000-000000000000/providers/Microsoft.EventHub/checkNameAvailability?api-version=2023-01-01-preview
  response:
    body:
      string: '{"nameAvailable":true,"reason":"None","message":"Namespace name available"}'
    headers:
      cache-control:
      - no-cache
      content-length:
      - '75'
      content-type:
      - application/json; charset=utf-8
      date:
      - Thu, 20 Feb 2025 05:12:47 GMT
      expires:
      - '-1'
      pragma:
      - no-cache
      server:
      - Microsoft-HTTPAPI/2.0
      strict-transport-security:
      - max-age=31536000; includeSubDomains
      x-content-type-options:
      - nosniff
      x-ms-messaging-activity-id:
      - 2ebf5d9c-c82d-4e7f-b322-74b4a1931f92
      x-ms-messaging-routing-id:
      - EASTUS2EUAP|EASTUS2EUAP|G13|2025-02-20T05:12:47
      x-ms-operation-identifier:
      - tenantId=54826b22-38d6-4fb2-bad9-b7b93a3e9c5a,objectId=a7250e3a-0e5e-48e2-9a34-45f1f5e1a91e/eastus2euap/ba66e429-56c5-4aa6-bd7d-8d9eb9c59b6a
      x-ms-ratelimit-remaining-subscription-global-reads:
      - '3749'
    status:
      code: 200
      message: OK
- request:
    body: '{"location": "westus", "properties": {"isAutoInflateEnabled": true, "maximumThroughputUnits":
      4}, "sku": {"name": "Standard", "tier": "Standard"}, "tags": {"tag1": "value1"}}'
    headers:
      Accept:
      - application/json
      Accept-Encoding:
      - gzip, deflate
      CommandName:
      - eventhubs namespace create
      Connection:
      - keep-alive
      Content-Length:
      - '174'
      Content-Type:
      - application/json
      ParameterSetName:
      - --resource-group --name --location --tags --sku --enable-auto-inflate --maximum-throughput-units
        --enable-kafka
      User-Agent:
      - AZURECLI/2.69.0 azsdk-python-core/1.31.0 Python/3.12.9 (Windows-10-10.0.19045-SP0)
    method: PUT
    uri: https://management.azure.com/subscriptions/00000000-0000-0000-0000-000000000000/resourceGroups/cli_test_eh_namespace000001/providers/Microsoft.EventHub/namespaces/eventhubs-nscli1000004?api-version=2024-05-01-preview
  response:
    body:
      string: '{"id":"/subscriptions/00000000-0000-0000-0000-000000000000/resourceGroups/cli_test_eh_namespace000001/providers/Microsoft.EventHub/namespaces/eventhubs-nscli1000004","name":"eventhubs-nscli1000004","type":"Microsoft.EventHub/Namespaces","location":"westus","tags":{"tag1":"value1"},"properties":{"geoDataReplication":{"maxReplicationLagDurationInSeconds":0,"locations":[{"locationName":"westus","roleType":"Primary","replicaState":"InBuild"}]},"minimumTlsVersion":"1.2","publicNetworkAccess":"Enabled","disableLocalAuth":false,"zoneRedundant":false,"metricId":"0b1f6471-1bf0-4dda-aec3-cb9272f09590:eventhubs-nscli1000004","serviceBusEndpoint":"https://eventhubs-nscli1000004.servicebus.windows.net:443/","isAutoInflateEnabled":true,"maximumThroughputUnits":4,"kafkaEnabled":true,"provisioningState":"Creating","status":"Creating","createdAt":"2025-02-20T05:12:51.1670687Z","updatedAt":"2025-02-20T05:12:51.1670687Z"},"sku":{"name":"Standard","tier":"Standard","capacity":1}}'
    headers:
      cache-control:
      - no-cache
      content-length:
      - '974'
      content-type:
      - application/json; charset=utf-8
      date:
      - Thu, 20 Feb 2025 05:12:50 GMT
      expires:
      - '-1'
      pragma:
      - no-cache
      server:
      - Microsoft-HTTPAPI/2.0
      strict-transport-security:
      - max-age=31536000; includeSubDomains
      x-content-type-options:
      - nosniff
      x-ms-messaging-activity-id:
      - 96aecdce-c17c-401f-9964-d4453d562542
      x-ms-messaging-routing-id:
      - WESTUS|WESTUS|G4|2025-02-20T05:12:51
      x-ms-operation-identifier:
      - tenantId=54826b22-38d6-4fb2-bad9-b7b93a3e9c5a,objectId=a7250e3a-0e5e-48e2-9a34-45f1f5e1a91e/eastus2euap/25ee0d39-2ca9-4858-b121-0f362abc59a8
      x-ms-ratelimit-remaining-subscription-resource-requests:
      - '49'
    status:
      code: 201
      message: Created
- request:
    body: null
    headers:
      Accept:
      - '*/*'
      Accept-Encoding:
      - gzip, deflate
      CommandName:
      - eventhubs namespace create
      Connection:
      - keep-alive
      ParameterSetName:
      - --resource-group --name --location --tags --sku --enable-auto-inflate --maximum-throughput-units
        --enable-kafka
      User-Agent:
      - AZURECLI/2.69.0 azsdk-python-core/1.31.0 Python/3.12.9 (Windows-10-10.0.19045-SP0)
    method: GET
    uri: https://management.azure.com/subscriptions/00000000-0000-0000-0000-000000000000/resourceGroups/cli_test_eh_namespace000001/providers/Microsoft.EventHub/namespaces/eventhubs-nscli1000004?api-version=2024-05-01-preview
  response:
    body:
      string: '{"id":"/subscriptions/00000000-0000-0000-0000-000000000000/resourceGroups/cli_test_eh_namespace000001/providers/Microsoft.EventHub/namespaces/eventhubs-nscli1000004","name":"eventhubs-nscli1000004","type":"Microsoft.EventHub/Namespaces","location":"westus","tags":{"tag1":"value1"},"properties":{"geoDataReplication":{"maxReplicationLagDurationInSeconds":0,"locations":[{"locationName":"westus","roleType":"Primary","replicaState":"InBuild"}]},"minimumTlsVersion":"1.2","publicNetworkAccess":"Enabled","disableLocalAuth":false,"zoneRedundant":false,"metricId":"0b1f6471-1bf0-4dda-aec3-cb9272f09590:eventhubs-nscli1000004","serviceBusEndpoint":"https://eventhubs-nscli1000004.servicebus.windows.net:443/","isAutoInflateEnabled":true,"maximumThroughputUnits":4,"kafkaEnabled":true,"provisioningState":"Creating","status":"Creating","createdAt":"2025-02-20T05:12:51.1670687Z","updatedAt":"2025-02-20T05:12:51.1670687Z"},"sku":{"name":"Standard","tier":"Standard","capacity":1}}'
    headers:
      cache-control:
      - no-cache
      content-length:
      - '974'
      content-type:
      - application/json; charset=utf-8
      date:
      - Thu, 20 Feb 2025 05:12:51 GMT
      expires:
      - '-1'
      pragma:
      - no-cache
      server:
      - Microsoft-HTTPAPI/2.0
      strict-transport-security:
      - max-age=31536000; includeSubDomains
      x-content-type-options:
      - nosniff
      x-ms-messaging-activity-id:
      - d6893c48-eb53-4967-b141-cad26433347e
      x-ms-messaging-routing-id:
      - WESTUS|WESTUS|G4|2025-02-20T05:12:52
      x-ms-ratelimit-remaining-subscription-global-reads:
      - '3746'
    status:
      code: 200
      message: OK
- request:
    body: null
    headers:
      Accept:
      - '*/*'
      Accept-Encoding:
      - gzip, deflate
      CommandName:
      - eventhubs namespace create
      Connection:
      - keep-alive
      ParameterSetName:
      - --resource-group --name --location --tags --sku --enable-auto-inflate --maximum-throughput-units
        --enable-kafka
      User-Agent:
      - AZURECLI/2.69.0 azsdk-python-core/1.31.0 Python/3.12.9 (Windows-10-10.0.19045-SP0)
    method: GET
    uri: https://management.azure.com/subscriptions/00000000-0000-0000-0000-000000000000/resourceGroups/cli_test_eh_namespace000001/providers/Microsoft.EventHub/namespaces/eventhubs-nscli1000004?api-version=2024-05-01-preview
  response:
    body:
      string: '{"id":"/subscriptions/00000000-0000-0000-0000-000000000000/resourceGroups/cli_test_eh_namespace000001/providers/Microsoft.EventHub/namespaces/eventhubs-nscli1000004","name":"eventhubs-nscli1000004","type":"Microsoft.EventHub/Namespaces","location":"westus","tags":{"tag1":"value1"},"properties":{"geoDataReplication":{"maxReplicationLagDurationInSeconds":0,"locations":[{"locationName":"westus","roleType":"Primary","replicaState":"InBuild"}]},"minimumTlsVersion":"1.2","publicNetworkAccess":"Enabled","disableLocalAuth":false,"zoneRedundant":false,"metricId":"0b1f6471-1bf0-4dda-aec3-cb9272f09590:eventhubs-nscli1000004","serviceBusEndpoint":"https://eventhubs-nscli1000004.servicebus.windows.net:443/","isAutoInflateEnabled":true,"maximumThroughputUnits":4,"kafkaEnabled":true,"provisioningState":"Creating","status":"Creating","createdAt":"2025-02-20T05:12:51.1670687Z","updatedAt":"2025-02-20T05:12:51.1670687Z"},"sku":{"name":"Standard","tier":"Standard","capacity":1}}'
    headers:
      cache-control:
      - no-cache
      content-length:
      - '974'
      content-type:
      - application/json; charset=utf-8
      date:
      - Thu, 20 Feb 2025 05:13:22 GMT
      expires:
      - '-1'
      pragma:
      - no-cache
      server:
      - Microsoft-HTTPAPI/2.0
      strict-transport-security:
      - max-age=31536000; includeSubDomains
      x-content-type-options:
      - nosniff
      x-ms-messaging-activity-id:
      - 264781bf-e121-48f1-9997-11c383172b08
      x-ms-messaging-routing-id:
      - WESTUS|WESTUS|G4|2025-02-20T05:13:22
      x-ms-ratelimit-remaining-subscription-global-reads:
      - '3749'
    status:
      code: 200
      message: OK
- request:
    body: null
    headers:
      Accept:
      - '*/*'
      Accept-Encoding:
      - gzip, deflate
      CommandName:
      - eventhubs namespace create
      Connection:
      - keep-alive
      ParameterSetName:
      - --resource-group --name --location --tags --sku --enable-auto-inflate --maximum-throughput-units
        --enable-kafka
      User-Agent:
      - AZURECLI/2.69.0 azsdk-python-core/1.31.0 Python/3.12.9 (Windows-10-10.0.19045-SP0)
    method: GET
    uri: https://management.azure.com/subscriptions/00000000-0000-0000-0000-000000000000/resourceGroups/cli_test_eh_namespace000001/providers/Microsoft.EventHub/namespaces/eventhubs-nscli1000004?api-version=2024-05-01-preview
  response:
    body:
      string: '{"id":"/subscriptions/00000000-0000-0000-0000-000000000000/resourceGroups/cli_test_eh_namespace000001/providers/Microsoft.EventHub/namespaces/eventhubs-nscli1000004","name":"eventhubs-nscli1000004","type":"Microsoft.EventHub/Namespaces","location":"westus","tags":{"tag1":"value1"},"properties":{"geoDataReplication":{"maxReplicationLagDurationInSeconds":0,"locations":[{"locationName":"westus","roleType":"Primary","replicaState":"Ready"}]},"minimumTlsVersion":"1.2","publicNetworkAccess":"Enabled","disableLocalAuth":false,"zoneRedundant":false,"metricId":"0b1f6471-1bf0-4dda-aec3-cb9272f09590:eventhubs-nscli1000004","serviceBusEndpoint":"https://eventhubs-nscli1000004.servicebus.windows.net:443/","isAutoInflateEnabled":true,"maximumThroughputUnits":4,"kafkaEnabled":true,"provisioningState":"Succeeded","status":"Active","createdAt":"2025-02-20T05:12:51.1670687Z","updatedAt":"2025-02-20T05:13:44.3553186Z"},"sku":{"name":"Standard","tier":"Standard","capacity":1}}'
    headers:
      cache-control:
      - no-cache
      content-length:
      - '971'
      content-type:
      - application/json; charset=utf-8
      date:
      - Thu, 20 Feb 2025 05:13:53 GMT
      expires:
      - '-1'
      pragma:
      - no-cache
      server:
      - Microsoft-HTTPAPI/2.0
      strict-transport-security:
      - max-age=31536000; includeSubDomains
      x-content-type-options:
      - nosniff
      x-ms-messaging-activity-id:
      - 774bdbe2-028f-4861-a26a-3670f757b5b1
      x-ms-messaging-routing-id:
      - WESTUS|WESTUS|G4|2025-02-20T05:13:53
      x-ms-ratelimit-remaining-subscription-global-reads:
      - '3749'
    status:
      code: 200
      message: OK
version: 1
