interactions:
- request:
    body: '{"identity": {"type": "None"}, "location": "westus2", "properties": {"isAutoInflateEnabled":
      true, "maximumThroughputUnits": 4}, "sku": {"name": "Standard", "tier": "Standard"},
      "tags": {"{tag2: value2,": "", "tag1: value1}": ""}}'
    headers:
      Accept:
      - application/json
      Accept-Encoding:
      - gzip, deflate
      CommandName:
      - eventhubs namespace create
      Connection:
      - keep-alive
      Content-Length:
      - '230'
      Content-Type:
      - application/json
      ParameterSetName:
      - --resource-group --name --location --tags --sku --enable-auto-inflate --maximum-throughput-units
      User-Agent:
      - AZURECLI/2.47.0 (AAZ) azsdk-python-core/1.24.0 Python/3.10.0 (Windows-10-10.0.22621-SP0)
    method: PUT
    uri: https://management.azure.com/subscriptions/00000000-0000-0000-0000-000000000000/resourceGroups/cli_test_eh_consumergroup000001/providers/Microsoft.EventHub/namespaces/eventhubs-nscli000002?api-version=2022-01-01-preview
  response:
    body:
      string: '{"sku":{"name":"Standard","tier":"Standard","capacity":1},"id":"/subscriptions/00000000-0000-0000-0000-000000000000/resourceGroups/cli_test_eh_consumergroup000001/providers/Microsoft.EventHub/namespaces/eventhubs-nscli000002","name":"eventhubs-nscli000002","type":"Microsoft.EventHub/Namespaces","location":"West
        US 2","tags":{"{tag2: value2,":"","tag1: value1}":""},"properties":{"minimumTlsVersion":"1.2","publicNetworkAccess":"Enabled","disableLocalAuth":false,"zoneRedundant":false,"isAutoInflateEnabled":true,"maximumThroughputUnits":4,"kafkaEnabled":true,"provisioningState":"Created","metricId":"326100e2-f69d-4268-8503-075374f62b6e:eventhubs-nscli000002","createdAt":"2023-04-05T20:31:56.787Z","updatedAt":"2023-04-05T20:31:56.787Z","serviceBusEndpoint":"https://eventhubs-nscli000002.servicebus.windows.net:443/","status":"Activating"}}'
    headers:
      cache-control:
      - no-cache
      content-length:
      - '845'
      content-type:
      - application/json; charset=utf-8
      date:
      - Wed, 05 Apr 2023 20:31:59 GMT
      expires:
      - '-1'
      pragma:
      - no-cache
      server:
      - Service-Bus-Resource-Provider/SN1
      - Microsoft-HTTPAPI/2.0
      server-sb:
      - Service-Bus-Resource-Provider/SN1
      strict-transport-security:
      - max-age=31536000; includeSubDomains
      transfer-encoding:
      - chunked
      vary:
      - Accept-Encoding
      x-content-type-options:
      - nosniff
      x-ms-ratelimit-remaining-subscription-resource-requests:
      - '49'
    status:
      code: 200
      message: OK
- request:
    body: null
    headers:
      Accept:
      - '*/*'
      Accept-Encoding:
      - gzip, deflate
      CommandName:
      - eventhubs namespace create
      Connection:
      - keep-alive
      ParameterSetName:
      - --resource-group --name --location --tags --sku --enable-auto-inflate --maximum-throughput-units
      User-Agent:
      - AZURECLI/2.47.0 (AAZ) azsdk-python-core/1.24.0 Python/3.10.0 (Windows-10-10.0.22621-SP0)
    method: GET
    uri: https://management.azure.com/subscriptions/00000000-0000-0000-0000-000000000000/resourceGroups/cli_test_eh_consumergroup000001/providers/Microsoft.EventHub/namespaces/eventhubs-nscli000002?api-version=2022-01-01-preview
  response:
    body:
      string: '{"sku":{"name":"Standard","tier":"Standard","capacity":1},"id":"/subscriptions/00000000-0000-0000-0000-000000000000/resourceGroups/cli_test_eh_consumergroup000001/providers/Microsoft.EventHub/namespaces/eventhubs-nscli000002","name":"eventhubs-nscli000002","type":"Microsoft.EventHub/Namespaces","location":"West
        US 2","tags":{"{tag2: value2,":"","tag1: value1}":""},"properties":{"minimumTlsVersion":"1.2","publicNetworkAccess":"Enabled","disableLocalAuth":false,"zoneRedundant":false,"isAutoInflateEnabled":true,"maximumThroughputUnits":4,"kafkaEnabled":true,"provisioningState":"Created","metricId":"326100e2-f69d-4268-8503-075374f62b6e:eventhubs-nscli000002","createdAt":"2023-04-05T20:31:56.787Z","updatedAt":"2023-04-05T20:31:56.787Z","serviceBusEndpoint":"https://eventhubs-nscli000002.servicebus.windows.net:443/","status":"Activating"}}'
    headers:
      cache-control:
      - no-cache
      content-length:
      - '845'
      content-type:
      - application/json; charset=utf-8
      date:
      - Wed, 05 Apr 2023 20:32:29 GMT
      expires:
      - '-1'
      pragma:
      - no-cache
      server:
      - Service-Bus-Resource-Provider/SN1
      - Microsoft-HTTPAPI/2.0
      server-sb:
      - Service-Bus-Resource-Provider/SN1
      strict-transport-security:
      - max-age=31536000; includeSubDomains
      transfer-encoding:
      - chunked
      vary:
      - Accept-Encoding
      x-content-type-options:
      - nosniff
    status:
      code: 200
      message: OK
- request:
    body: null
    headers:
      Accept:
      - '*/*'
      Accept-Encoding:
      - gzip, deflate
      CommandName:
      - eventhubs namespace create
      Connection:
      - keep-alive
      ParameterSetName:
      - --resource-group --name --location --tags --sku --enable-auto-inflate --maximum-throughput-units
      User-Agent:
      - AZURECLI/2.47.0 (AAZ) azsdk-python-core/1.24.0 Python/3.10.0 (Windows-10-10.0.22621-SP0)
    method: GET
    uri: https://management.azure.com/subscriptions/00000000-0000-0000-0000-000000000000/resourceGroups/cli_test_eh_consumergroup000001/providers/Microsoft.EventHub/namespaces/eventhubs-nscli000002?api-version=2022-01-01-preview
  response:
    body:
      string: '{"sku":{"name":"Standard","tier":"Standard","capacity":1},"id":"/subscriptions/00000000-0000-0000-0000-000000000000/resourceGroups/cli_test_eh_consumergroup000001/providers/Microsoft.EventHub/namespaces/eventhubs-nscli000002","name":"eventhubs-nscli000002","type":"Microsoft.EventHub/Namespaces","location":"West
        US 2","tags":{"{tag2: value2,":"","tag1: value1}":""},"properties":{"minimumTlsVersion":"1.2","publicNetworkAccess":"Enabled","disableLocalAuth":false,"zoneRedundant":false,"isAutoInflateEnabled":true,"maximumThroughputUnits":4,"kafkaEnabled":true,"provisioningState":"Succeeded","metricId":"326100e2-f69d-4268-8503-075374f62b6e:eventhubs-nscli000002","createdAt":"2023-04-05T20:31:56.787Z","updatedAt":"2023-04-05T20:32:46.43Z","serviceBusEndpoint":"https://eventhubs-nscli000002.servicebus.windows.net:443/","status":"Active"}}'
    headers:
      cache-control:
      - no-cache
      content-length:
      - '842'
      content-type:
      - application/json; charset=utf-8
      date:
      - Wed, 05 Apr 2023 20:33:01 GMT
      expires:
      - '-1'
      pragma:
      - no-cache
      server:
      - Service-Bus-Resource-Provider/SN1
      - Microsoft-HTTPAPI/2.0
      server-sb:
      - Service-Bus-Resource-Provider/SN1
      strict-transport-security:
      - max-age=31536000; includeSubDomains
      transfer-encoding:
      - chunked
      vary:
      - Accept-Encoding
      x-content-type-options:
      - nosniff
    status:
      code: 200
      message: OK
- request:
    body: null
    headers:
      Accept:
      - application/json
      Accept-Encoding:
      - gzip, deflate
      CommandName:
      - eventhubs namespace show
      Connection:
      - keep-alive
      ParameterSetName:
      - --resource-group --name
      User-Agent:
      - AZURECLI/2.47.0 (AAZ) azsdk-python-core/1.24.0 Python/3.10.0 (Windows-10-10.0.22621-SP0)
    method: GET
    uri: https://management.azure.com/subscriptions/00000000-0000-0000-0000-000000000000/resourceGroups/cli_test_eh_consumergroup000001/providers/Microsoft.EventHub/namespaces/eventhubs-nscli000002?api-version=2022-01-01-preview
  response:
    body:
      string: '{"sku":{"name":"Standard","tier":"Standard","capacity":1},"id":"/subscriptions/00000000-0000-0000-0000-000000000000/resourceGroups/cli_test_eh_consumergroup000001/providers/Microsoft.EventHub/namespaces/eventhubs-nscli000002","name":"eventhubs-nscli000002","type":"Microsoft.EventHub/Namespaces","location":"West
        US 2","tags":{"{tag2: value2,":"","tag1: value1}":""},"properties":{"minimumTlsVersion":"1.2","publicNetworkAccess":"Enabled","disableLocalAuth":false,"zoneRedundant":false,"isAutoInflateEnabled":true,"maximumThroughputUnits":4,"kafkaEnabled":true,"provisioningState":"Succeeded","metricId":"326100e2-f69d-4268-8503-075374f62b6e:eventhubs-nscli000002","createdAt":"2023-04-05T20:31:56.787Z","updatedAt":"2023-04-05T20:32:46.43Z","serviceBusEndpoint":"https://eventhubs-nscli000002.servicebus.windows.net:443/","status":"Active"}}'
    headers:
      cache-control:
      - no-cache
      content-length:
      - '842'
      content-type:
      - application/json; charset=utf-8
      date:
      - Wed, 05 Apr 2023 20:33:03 GMT
      expires:
      - '-1'
      pragma:
      - no-cache
      server:
      - Service-Bus-Resource-Provider/SN1
      - Microsoft-HTTPAPI/2.0
      server-sb:
      - Service-Bus-Resource-Provider/SN1
      strict-transport-security:
      - max-age=31536000; includeSubDomains
      transfer-encoding:
      - chunked
      vary:
      - Accept-Encoding
      x-content-type-options:
      - nosniff
    status:
      code: 200
      message: OK
- request:
    body: '{}'
    headers:
      Accept:
      - application/json
      Accept-Encoding:
      - gzip, deflate
      CommandName:
      - eventhubs eventhub create
      Connection:
      - keep-alive
      Content-Length:
      - '2'
      Content-Type:
      - application/json
      ParameterSetName:
      - --resource-group --namespace-name --name
      User-Agent:
      - AZURECLI/2.47.0 azsdk-python-azure-mgmt-eventhub/10.1.0 Python/3.10.0 (Windows-10-10.0.22621-SP0)
    method: PUT
    uri: https://management.azure.com/subscriptions/00000000-0000-0000-0000-000000000000/resourceGroups/cli_test_eh_consumergroup000001/providers/Microsoft.EventHub/namespaces/eventhubs-nscli000002/eventhubs/eventhubs-eventhubcli000003?api-version=2022-01-01-preview
  response:
    body:
      string: '{"id":"/subscriptions/00000000-0000-0000-0000-000000000000/resourceGroups/cli_test_eh_consumergroup000001/providers/Microsoft.EventHub/namespaces/eventhubs-nscli000002/eventhubs/eventhubs-eventhubcli000003","name":"eventhubs-eventhubcli000003","type":"Microsoft.EventHub/namespaces/eventhubs","location":"westus2","properties":{"messageRetentionInDays":7,"partitionCount":4,"status":"Active","createdAt":"2023-04-05T20:33:07.833Z","updatedAt":"2023-04-05T20:33:08.05Z","partitionIds":["0","1","2","3"]}}'
    headers:
      cache-control:
      - no-cache
      content-length:
      - '503'
      content-type:
      - application/json; charset=utf-8
      date:
      - Wed, 05 Apr 2023 20:33:08 GMT
      expires:
      - '-1'
      pragma:
      - no-cache
      server:
      - Microsoft-HTTPAPI/2.0
      strict-transport-security:
      - max-age=31536000; includeSubDomains
      transfer-encoding:
      - chunked
      vary:
      - Accept-Encoding
      x-content-type-options:
      - nosniff
      x-ms-ratelimit-remaining-subscription-writes:
      - '1199'
    status:
      code: 200
      message: OK
- request:
    body: null
    headers:
      Accept:
      - application/json
      Accept-Encoding:
      - gzip, deflate
      CommandName:
      - eventhubs eventhub show
      Connection:
      - keep-alive
      ParameterSetName:
      - --resource-group --namespace-name --name
      User-Agent:
      - AZURECLI/2.47.0 azsdk-python-azure-mgmt-eventhub/10.1.0 Python/3.10.0 (Windows-10-10.0.22621-SP0)
    method: GET
    uri: https://management.azure.com/subscriptions/00000000-0000-0000-0000-000000000000/resourceGroups/cli_test_eh_consumergroup000001/providers/Microsoft.EventHub/namespaces/eventhubs-nscli000002/eventhubs/eventhubs-eventhubcli000003?api-version=2022-01-01-preview
  response:
    body:
      string: '{"id":"/subscriptions/00000000-0000-0000-0000-000000000000/resourceGroups/cli_test_eh_consumergroup000001/providers/Microsoft.EventHub/namespaces/eventhubs-nscli000002/eventhubs/eventhubs-eventhubcli000003","name":"eventhubs-eventhubcli000003","type":"Microsoft.EventHub/namespaces/eventhubs","location":"westus2","properties":{"messageRetentionInDays":7,"partitionCount":4,"status":"Active","createdAt":"2023-04-05T20:33:07.833","updatedAt":"2023-04-05T20:33:08.05","partitionIds":["0","1","2","3"]}}'
    headers:
      cache-control:
      - no-cache
      content-length:
      - '501'
      content-type:
      - application/json; charset=utf-8
      date:
      - Wed, 05 Apr 2023 20:33:11 GMT
      expires:
      - '-1'
      pragma:
      - no-cache
      server:
      - Microsoft-HTTPAPI/2.0
      strict-transport-security:
      - max-age=31536000; includeSubDomains
      transfer-encoding:
      - chunked
      vary:
      - Accept-Encoding
      x-content-type-options:
      - nosniff
    status:
      code: 200
      message: OK
- request:
    body: '{"properties": {"userMetadata": "usermetadata"}}'
    headers:
      Accept:
      - application/json
      Accept-Encoding:
      - gzip, deflate
      CommandName:
      - eventhubs eventhub consumer-group create
      Connection:
      - keep-alive
      Content-Length:
      - '48'
      Content-Type:
      - application/json
      ParameterSetName:
      - --resource-group --namespace-name --eventhub-name --name --user-metadata
      User-Agent:
      - AZURECLI/2.47.0 azsdk-python-azure-mgmt-eventhub/10.1.0 Python/3.10.0 (Windows-10-10.0.22621-SP0)
    method: PUT
    uri: https://management.azure.com/subscriptions/00000000-0000-0000-0000-000000000000/resourceGroups/cli_test_eh_consumergroup000001/providers/Microsoft.EventHub/namespaces/eventhubs-nscli000002/eventhubs/eventhubs-eventhubcli000003/consumergroups/clicg000004?api-version=2022-01-01-preview
  response:
    body:
      string: '{"id":"/subscriptions/00000000-0000-0000-0000-000000000000/resourceGroups/cli_test_eh_consumergroup000001/providers/Microsoft.EventHub/namespaces/eventhubs-nscli000002/eventhubs/eventhubs-eventhubcli000003/consumergroups/clicg000004","name":"clicg000004","type":"Microsoft.EventHub/namespaces/eventhubs/consumergroups","location":"westus2","properties":{"createdAt":"2023-04-05T20:33:15.473943Z","updatedAt":"2023-04-05T20:33:15.473943Z","userMetadata":"usermetadata"}}'
    headers:
      cache-control:
      - no-cache
      content-length:
      - '469'
      content-type:
      - application/json; charset=utf-8
      date:
      - Wed, 05 Apr 2023 20:33:16 GMT
      expires:
      - '-1'
      pragma:
      - no-cache
      server:
      - Microsoft-HTTPAPI/2.0
      strict-transport-security:
      - max-age=31536000; includeSubDomains
      transfer-encoding:
      - chunked
      vary:
      - Accept-Encoding
      x-content-type-options:
      - nosniff
      x-ms-ratelimit-remaining-subscription-writes:
      - '1199'
    status:
      code: 200
      message: OK
- request:
    body: null
    headers:
      Accept:
      - application/json
      Accept-Encoding:
      - gzip, deflate
      CommandName:
      - eventhubs eventhub consumer-group show
      Connection:
      - keep-alive
      ParameterSetName:
      - --resource-group --namespace-name --eventhub-name --name
      User-Agent:
      - AZURECLI/2.47.0 azsdk-python-azure-mgmt-eventhub/10.1.0 Python/3.10.0 (Windows-10-10.0.22621-SP0)
    method: GET
    uri: https://management.azure.com/subscriptions/00000000-0000-0000-0000-000000000000/resourceGroups/cli_test_eh_consumergroup000001/providers/Microsoft.EventHub/namespaces/eventhubs-nscli000002/eventhubs/eventhubs-eventhubcli000003/consumergroups/clicg000004?api-version=2022-01-01-preview
  response:
    body:
      string: '{"id":"/subscriptions/00000000-0000-0000-0000-000000000000/resourceGroups/cli_test_eh_consumergroup000001/providers/Microsoft.EventHub/namespaces/eventhubs-nscli000002/eventhubs/eventhubs-eventhubcli000003/consumergroups/clicg000004","name":"clicg000004","type":"Microsoft.EventHub/namespaces/eventhubs/consumergroups","location":"westus2","properties":{"createdAt":"2023-04-05T20:33:15.482Z","updatedAt":"2023-04-05T20:33:15.482Z","userMetadata":"usermetadata"}}'
    headers:
      cache-control:
      - no-cache
      content-length:
      - '463'
      content-type:
      - application/json; charset=utf-8
      date:
      - Wed, 05 Apr 2023 20:33:19 GMT
      expires:
      - '-1'
      pragma:
      - no-cache
      server:
      - Microsoft-HTTPAPI/2.0
      strict-transport-security:
      - max-age=31536000; includeSubDomains
      transfer-encoding:
      - chunked
      vary:
      - Accept-Encoding
      x-content-type-options:
      - nosniff
    status:
      code: 200
      message: OK
- request:
    body: null
    headers:
      Accept:
      - application/json
      Accept-Encoding:
      - gzip, deflate
      CommandName:
      - eventhubs eventhub consumer-group update
      Connection:
      - keep-alive
      ParameterSetName:
      - --resource-group --namespace-name --eventhub-name --name --user-metadata
      User-Agent:
      - AZURECLI/2.47.0 azsdk-python-azure-mgmt-eventhub/10.1.0 Python/3.10.0 (Windows-10-10.0.22621-SP0)
    method: GET
    uri: https://management.azure.com/subscriptions/00000000-0000-0000-0000-000000000000/resourceGroups/cli_test_eh_consumergroup000001/providers/Microsoft.EventHub/namespaces/eventhubs-nscli000002/eventhubs/eventhubs-eventhubcli000003/consumergroups/clicg000004?api-version=2022-01-01-preview
  response:
    body:
      string: '{"id":"/subscriptions/00000000-0000-0000-0000-000000000000/resourceGroups/cli_test_eh_consumergroup000001/providers/Microsoft.EventHub/namespaces/eventhubs-nscli000002/eventhubs/eventhubs-eventhubcli000003/consumergroups/clicg000004","name":"clicg000004","type":"Microsoft.EventHub/namespaces/eventhubs/consumergroups","location":"westus2","properties":{"createdAt":"2023-04-05T20:33:15.477Z","updatedAt":"2023-04-05T20:33:15.477Z","userMetadata":"usermetadata"}}'
    headers:
      cache-control:
      - no-cache
      content-length:
      - '463'
      content-type:
      - application/json; charset=utf-8
      date:
      - Wed, 05 Apr 2023 20:33:21 GMT
      expires:
      - '-1'
      pragma:
      - no-cache
      server:
      - Microsoft-HTTPAPI/2.0
      strict-transport-security:
      - max-age=31536000; includeSubDomains
      transfer-encoding:
      - chunked
      vary:
      - Accept-Encoding
      x-content-type-options:
      - nosniff
    status:
      code: 200
      message: OK
- request:
    body: '{"properties": {"userMetadata": "usermetadata-updated"}}'
    headers:
      Accept:
      - application/json
      Accept-Encoding:
      - gzip, deflate
      CommandName:
      - eventhubs eventhub consumer-group update
      Connection:
      - keep-alive
      Content-Length:
      - '56'
      Content-Type:
      - application/json
      ParameterSetName:
      - --resource-group --namespace-name --eventhub-name --name --user-metadata
      User-Agent:
      - AZURECLI/2.47.0 azsdk-python-azure-mgmt-eventhub/10.1.0 Python/3.10.0 (Windows-10-10.0.22621-SP0)
    method: PUT
    uri: https://management.azure.com/subscriptions/00000000-0000-0000-0000-000000000000/resourceGroups/cli_test_eh_consumergroup000001/providers/Microsoft.EventHub/namespaces/eventhubs-nscli000002/eventhubs/eventhubs-eventhubcli000003/consumergroups/clicg000004?api-version=2022-01-01-preview
  response:
    body:
      string: '{"id":"/subscriptions/00000000-0000-0000-0000-000000000000/resourceGroups/cli_test_eh_consumergroup000001/providers/Microsoft.EventHub/namespaces/eventhubs-nscli000002/eventhubs/eventhubs-eventhubcli000003/consumergroups/clicg000004","name":"clicg000004","type":"Microsoft.EventHub/namespaces/eventhubs/consumergroups","location":"westus2","properties":{"createdAt":"2023-04-05T20:33:27.7079598Z","updatedAt":"2023-04-05T20:33:27.7079598Z","userMetadata":"usermetadata-updated"}}'
    headers:
      cache-control:
      - no-cache
      content-length:
      - '479'
      content-type:
      - application/json; charset=utf-8
      date:
      - Wed, 05 Apr 2023 20:33:27 GMT
      expires:
      - '-1'
      pragma:
      - no-cache
      server:
      - Microsoft-HTTPAPI/2.0
      strict-transport-security:
      - max-age=31536000; includeSubDomains
      transfer-encoding:
      - chunked
      vary:
      - Accept-Encoding
      x-content-type-options:
      - nosniff
      x-ms-ratelimit-remaining-subscription-writes:
      - '1199'
    status:
      code: 200
      message: OK
- request:
    body: null
    headers:
      Accept:
      - application/json
      Accept-Encoding:
      - gzip, deflate
      CommandName:
      - eventhubs eventhub consumer-group list
      Connection:
      - keep-alive
      ParameterSetName:
      - --resource-group --namespace-name --eventhub-name
      User-Agent:
      - AZURECLI/2.47.0 azsdk-python-azure-mgmt-eventhub/10.1.0 Python/3.10.0 (Windows-10-10.0.22621-SP0)
    method: GET
    uri: https://management.azure.com/subscriptions/00000000-0000-0000-0000-000000000000/resourceGroups/cli_test_eh_consumergroup000001/providers/Microsoft.EventHub/namespaces/eventhubs-nscli000002/eventhubs/eventhubs-eventhubcli000003/consumergroups?api-version=2022-01-01-preview
  response:
    body:
      string: '{"value":[{"id":"/subscriptions/00000000-0000-0000-0000-000000000000/resourceGroups/cli_test_eh_consumergroup000001/providers/Microsoft.EventHub/namespaces/eventhubs-nscli000002/eventhubs/eventhubs-eventhubcli000003/consumergroups/$Default","name":"$Default","type":"Microsoft.EventHub/namespaces/eventhubs/consumergroups","location":"westus2","properties":{"createdAt":"2023-04-05T20:33:07.883Z","updatedAt":"2023-04-05T20:33:07.883Z"}},{"id":"/subscriptions/00000000-0000-0000-0000-000000000000/resourceGroups/cli_test_eh_consumergroup000001/providers/Microsoft.EventHub/namespaces/eventhubs-nscli000002/eventhubs/eventhubs-eventhubcli000003/consumergroups/clicg000004","name":"clicg000004","type":"Microsoft.EventHub/namespaces/eventhubs/consumergroups","location":"westus2","properties":{"createdAt":"2023-04-05T20:33:15.477Z","updatedAt":"2023-04-05T20:33:27.744Z","userMetadata":"usermetadata-updated"}}]}'
    headers:
      cache-control:
      - no-cache
      content-length:
      - '911'
      content-type:
      - application/json; charset=utf-8
      date:
      - Wed, 05 Apr 2023 20:33:31 GMT
      expires:
      - '-1'
      pragma:
      - no-cache
      server:
      - Microsoft-HTTPAPI/2.0
      strict-transport-security:
      - max-age=31536000; includeSubDomains
      transfer-encoding:
      - chunked
      vary:
      - Accept-Encoding
      x-content-type-options:
      - nosniff
      x-ms-inline-count:
      - ''
    status:
      code: 200
      message: OK
- request:
    body: null
    headers:
      Accept:
      - application/json
      Accept-Encoding:
      - gzip, deflate
      CommandName:
      - eventhubs eventhub consumer-group delete
      Connection:
      - keep-alive
      Content-Length:
      - '0'
      ParameterSetName:
      - --resource-group --namespace-name --eventhub-name --name
      User-Agent:
      - AZURECLI/2.47.0 azsdk-python-azure-mgmt-eventhub/10.1.0 Python/3.10.0 (Windows-10-10.0.22621-SP0)
    method: DELETE
    uri: https://management.azure.com/subscriptions/00000000-0000-0000-0000-000000000000/resourceGroups/cli_test_eh_consumergroup000001/providers/Microsoft.EventHub/namespaces/eventhubs-nscli000002/eventhubs/eventhubs-eventhubcli000003/consumergroups/clicg000004?api-version=2022-01-01-preview
  response:
    body:
      string: ''
    headers:
      cache-control:
      - no-cache
      content-length:
      - '0'
      date:
      - Wed, 05 Apr 2023 20:33:34 GMT
      expires:
      - '-1'
      pragma:
      - no-cache
      server:
      - Microsoft-HTTPAPI/2.0
      strict-transport-security:
      - max-age=31536000; includeSubDomains
      x-content-type-options:
      - nosniff
      x-ms-ratelimit-remaining-subscription-deletes:
      - '14999'
    status:
      code: 200
      message: OK
- request:
    body: null
    headers:
      Accept:
      - application/json
      Accept-Encoding:
      - gzip, deflate
      CommandName:
      - eventhubs eventhub delete
      Connection:
      - keep-alive
      Content-Length:
      - '0'
      ParameterSetName:
      - --resource-group --namespace-name --name
      User-Agent:
      - AZURECLI/2.47.0 azsdk-python-azure-mgmt-eventhub/10.1.0 Python/3.10.0 (Windows-10-10.0.22621-SP0)
    method: DELETE
    uri: https://management.azure.com/subscriptions/00000000-0000-0000-0000-000000000000/resourceGroups/cli_test_eh_consumergroup000001/providers/Microsoft.EventHub/namespaces/eventhubs-nscli000002/eventhubs/eventhubs-eventhubcli000003?api-version=2022-01-01-preview
  response:
    body:
      string: ''
    headers:
      cache-control:
      - no-cache
      content-length:
      - '0'
      date:
      - Wed, 05 Apr 2023 20:33:38 GMT
      expires:
      - '-1'
      pragma:
      - no-cache
      server:
      - Microsoft-HTTPAPI/2.0
      strict-transport-security:
      - max-age=31536000; includeSubDomains
      x-content-type-options:
      - nosniff
      x-ms-ratelimit-remaining-subscription-deletes:
      - '14999'
    status:
      code: 200
      message: OK
- request:
    body: null
    headers:
      Accept:
      - '*/*'
      Accept-Encoding:
      - gzip, deflate
      CommandName:
      - eventhubs namespace delete
      Connection:
      - keep-alive
      Content-Length:
      - '0'
      ParameterSetName:
      - --resource-group --name
      User-Agent:
      - AZURECLI/2.47.0 (AAZ) azsdk-python-core/1.24.0 Python/3.10.0 (Windows-10-10.0.22621-SP0)
    method: DELETE
    uri: https://management.azure.com/subscriptions/00000000-0000-0000-0000-000000000000/resourceGroups/cli_test_eh_consumergroup000001/providers/Microsoft.EventHub/namespaces/eventhubs-nscli000002?api-version=2022-01-01-preview
  response:
    body:
      string: ''
    headers:
      cache-control:
      - no-cache
      content-length:
      - '0'
      date:
      - Wed, 05 Apr 2023 20:33:42 GMT
      expires:
      - '-1'
      location:
      - https://management.azure.com/subscriptions/00000000-0000-0000-0000-000000000000/resourcegroups/cli_test_eh_consumergroup000001/providers/Microsoft.EventHub/locations/westus2/operationStatus/eventhubs-nscli000002?api-version=2022-01-01-preview&resourceType=Namespace
      pragma:
      - no-cache
      server:
      - Service-Bus-Resource-Provider/CH3
      - Microsoft-HTTPAPI/2.0
      server-sb:
      - Service-Bus-Resource-Provider/CH3
      strict-transport-security:
      - max-age=31536000; includeSubDomains
      x-content-type-options:
      - nosniff
      x-ms-ratelimit-remaining-subscription-deletes:
      - '14999'
    status:
      code: 202
      message: Accepted
- request:
    body: null
    headers:
      Accept:
      - '*/*'
      Accept-Encoding:
      - gzip, deflate
      CommandName:
      - eventhubs namespace delete
      Connection:
      - keep-alive
      ParameterSetName:
      - --resource-group --name
      User-Agent:
      - AZURECLI/2.47.0 (AAZ) azsdk-python-core/1.24.0 Python/3.10.0 (Windows-10-10.0.22621-SP0)
    method: GET
    uri: https://management.azure.com/subscriptions/00000000-0000-0000-0000-000000000000/resourcegroups/cli_test_eh_consumergroup000001/providers/Microsoft.EventHub/locations/westus2/operationStatus/eventhubs-nscli000002?api-version=2022-01-01-preview&resourceType=Namespace
  response:
    body:
      string: ''
    headers:
      cache-control:
      - no-cache
      date:
      - Wed, 05 Apr 2023 20:34:12 GMT
      expires:
      - '-1'
      pragma:
      - no-cache
      server:
      - Service-Bus-Resource-Provider/CH3
      - Microsoft-HTTPAPI/2.0
      server-sb:
      - Service-Bus-Resource-Provider/CH3
      strict-transport-security:
      - max-age=31536000; includeSubDomains
      x-content-type-options:
      - nosniff
    status:
      code: 204
      message: No Content
version: 1
