interactions:
- request:
    body: '{"name": "eventhubs-nscli000002"}'
    headers:
      Accept:
      - application/json
      Accept-Encoding:
      - gzip, deflate
      CommandName:
      - eventhubs namespace exists
      Connection:
      - keep-alive
      Content-Length:
      - '33'
      Content-Type:
      - application/json
      ParameterSetName:
      - --name
      User-Agent:
      - AZURECLI/2.64.0 azsdk-python-core/1.28.0 Python/3.10.11 (Windows-10-10.0.22631-SP0)
    method: POST
    uri: https://management.azure.com/subscriptions/00000000-0000-0000-0000-000000000000/providers/Microsoft.EventHub/checkNameAvailability?api-version=2023-01-01-preview
  response:
    body:
      string: '{"nameAvailable":true,"reason":"None","message":"Namespace name available"}'
    headers:
      cache-control:
      - no-cache
      content-length:
      - '75'
      content-type:
      - application/json; charset=utf-8
      date:
      - Thu, 26 Sep 2024 04:40:42 GMT
      expires:
      - '-1'
      pragma:
      - no-cache
      strict-transport-security:
      - max-age=31536000; includeSubDomains
      x-cache:
      - CONFIG_NOCACHE
      x-content-type-options:
      - nosniff
      x-ms-messaging-activity-id:
      - 3ac07878-8786-429c-8c7b-277cb8c3c152
      x-ms-messaging-routing-id:
      - JAPANEAST|JAPANEAST|G2|2024-09-26T04:40:43
      x-msedge-ref:
      - 'Ref A: 8238A4281A6E49D2B2A334561380AB7D Ref B: TYO201100113047 Ref C: 2024-09-26T04:40:42Z'
    status:
      code: 200
      message: OK
- request:
    body: '{"identity": {"type": "None"}, "location": "eastus", "properties": {"disableLocalAuth":
      true, "isAutoInflateEnabled": true, "maximumThroughputUnits": 18, "minimumTlsVersion":
      "1.1", "zoneRedundant": true}, "sku": {"capacity": 10, "name": "Standard", "tier":
      "Standard"}, "tags": {"k1": "v1", "k2": "v2"}}'
    headers:
      Accept:
      - application/json
      Accept-Encoding:
      - gzip, deflate
      CommandName:
      - eventhubs namespace create
      Connection:
      - keep-alive
      Content-Length:
      - '304'
      Content-Type:
      - application/json
      ParameterSetName:
      - --name --resource-group --capacity --maximum-throughput-units --sku --location
        --zone-redundant --tags --enable-auto-inflate --disable-local-auth --enable-kafka
        --minimum-tls-version
      User-Agent:
      - AZURECLI/2.64.0 azsdk-python-core/1.28.0 Python/3.10.11 (Windows-10-10.0.22631-SP0)
    method: PUT
    uri: https://management.azure.com/subscriptions/00000000-0000-0000-0000-000000000000/resourceGroups/cli_test_eh_namespace000001/providers/Microsoft.EventHub/namespaces/eventhubs-nscli000002?api-version=2024-05-01-preview
  response:
    body:
      string: '{"id":"/subscriptions/00000000-0000-0000-0000-000000000000/resourceGroups/cli_test_eh_namespace000001/providers/Microsoft.EventHub/namespaces/eventhubs-nscli000002","name":"eventhubs-nscli000002","type":"Microsoft.EventHub/Namespaces","location":"eastus","tags":{"k1":"v1","k2":"v2"},"properties":{"geoDataReplication":{"maxReplicationLagDurationInSeconds":0,"locations":[{"locationName":"eastus","roleType":"Primary","replicaState":"InBuild"}]},"minimumTlsVersion":"1.1","publicNetworkAccess":"Enabled","disableLocalAuth":true,"zoneRedundant":true,"metricId":"326100e2-f69d-4268-8503-075374f62b6e:eventhubs-nscli000002","serviceBusEndpoint":"https://eventhubs-nscli000002.servicebus.windows.net:443/","isAutoInflateEnabled":true,"maximumThroughputUnits":18,"kafkaEnabled":true,"provisioningState":"Creating","status":"Creating","createdAt":"2024-09-26T04:40:47.4936672Z","updatedAt":"2024-09-26T04:40:47.4936672Z"},"sku":{"name":"Standard","tier":"Standard","capacity":10}}'
    headers:
      cache-control:
      - no-cache
      content-length:
      - '974'
      content-type:
      - application/json; charset=utf-8
      date:
      - Thu, 26 Sep 2024 04:40:48 GMT
      expires:
      - '-1'
      pragma:
      - no-cache
      strict-transport-security:
      - max-age=31536000; includeSubDomains
      x-cache:
      - CONFIG_NOCACHE
      x-content-type-options:
      - nosniff
      x-ms-messaging-activity-id:
      - 742cefb3-491b-4eaf-b0f5-c45d16cead6d
      x-ms-messaging-routing-id:
      - EASTUS|EASTUS|G14|2024-09-26T04:40:47
      x-ms-ratelimit-remaining-subscription-resource-requests:
      - '49'
      x-msedge-ref:
      - 'Ref A: A161C7BA8AFE496BB235586073C02A7F Ref B: OSA221030114019 Ref C: 2024-09-26T04:40:43Z'
    status:
      code: 201
      message: Created
- request:
    body: null
    headers:
      Accept:
      - '*/*'
      Accept-Encoding:
      - gzip, deflate
      CommandName:
      - eventhubs namespace create
      Connection:
      - keep-alive
      ParameterSetName:
      - --name --resource-group --capacity --maximum-throughput-units --sku --location
        --zone-redundant --tags --enable-auto-inflate --disable-local-auth --enable-kafka
        --minimum-tls-version
      User-Agent:
      - AZURECLI/2.64.0 azsdk-python-core/1.28.0 Python/3.10.11 (Windows-10-10.0.22631-SP0)
    method: GET
    uri: https://management.azure.com/subscriptions/00000000-0000-0000-0000-000000000000/resourceGroups/cli_test_eh_namespace000001/providers/Microsoft.EventHub/namespaces/eventhubs-nscli000002?api-version=2024-05-01-preview
  response:
    body:
      string: '{"id":"/subscriptions/00000000-0000-0000-0000-000000000000/resourceGroups/cli_test_eh_namespace000001/providers/Microsoft.EventHub/namespaces/eventhubs-nscli000002","name":"eventhubs-nscli000002","type":"Microsoft.EventHub/Namespaces","location":"eastus","tags":{"k1":"v1","k2":"v2"},"properties":{"geoDataReplication":{"maxReplicationLagDurationInSeconds":0,"locations":[{"locationName":"eastus","roleType":"Primary","replicaState":"InBuild"}]},"minimumTlsVersion":"1.1","publicNetworkAccess":"Enabled","disableLocalAuth":true,"zoneRedundant":true,"metricId":"326100e2-f69d-4268-8503-075374f62b6e:eventhubs-nscli000002","serviceBusEndpoint":"https://eventhubs-nscli000002.servicebus.windows.net:443/","isAutoInflateEnabled":true,"maximumThroughputUnits":18,"kafkaEnabled":true,"provisioningState":"Creating","status":"Creating","createdAt":"2024-09-26T04:40:47.4936672Z","updatedAt":"2024-09-26T04:40:47.4936672Z"},"sku":{"name":"Standard","tier":"Standard","capacity":10}}'
    headers:
      cache-control:
      - no-cache
      content-length:
      - '974'
      content-type:
      - application/json; charset=utf-8
      date:
      - Thu, 26 Sep 2024 04:40:49 GMT
      expires:
      - '-1'
      pragma:
      - no-cache
      strict-transport-security:
      - max-age=31536000; includeSubDomains
      x-cache:
      - CONFIG_NOCACHE
      x-content-type-options:
      - nosniff
      x-ms-messaging-activity-id:
      - 97ba0ae6-720b-40ed-affe-88c366dda411
      x-ms-messaging-routing-id:
      - EASTUS|EASTUS|G5|2024-09-26T04:40:49
      x-msedge-ref:
      - 'Ref A: 93405AA6E45D48F89E381C621F7CAE8C Ref B: OSA221030114019 Ref C: 2024-09-26T04:40:48Z'
    status:
      code: 200
      message: OK
- request:
    body: null
    headers:
      Accept:
      - '*/*'
      Accept-Encoding:
      - gzip, deflate
      CommandName:
      - eventhubs namespace create
      Connection:
      - keep-alive
      ParameterSetName:
      - --name --resource-group --capacity --maximum-throughput-units --sku --location
        --zone-redundant --tags --enable-auto-inflate --disable-local-auth --enable-kafka
        --minimum-tls-version
      User-Agent:
      - AZURECLI/2.64.0 azsdk-python-core/1.28.0 Python/3.10.11 (Windows-10-10.0.22631-SP0)
    method: GET
    uri: https://management.azure.com/subscriptions/00000000-0000-0000-0000-000000000000/resourceGroups/cli_test_eh_namespace000001/providers/Microsoft.EventHub/namespaces/eventhubs-nscli000002?api-version=2024-05-01-preview
  response:
    body:
      string: '{"id":"/subscriptions/00000000-0000-0000-0000-000000000000/resourceGroups/cli_test_eh_namespace000001/providers/Microsoft.EventHub/namespaces/eventhubs-nscli000002","name":"eventhubs-nscli000002","type":"Microsoft.EventHub/Namespaces","location":"eastus","tags":{"k1":"v1","k2":"v2"},"properties":{"geoDataReplication":{"maxReplicationLagDurationInSeconds":0,"locations":[{"locationName":"eastus","roleType":"Primary","replicaState":"Ready"}]},"minimumTlsVersion":"1.1","publicNetworkAccess":"Enabled","disableLocalAuth":true,"zoneRedundant":true,"metricId":"326100e2-f69d-4268-8503-075374f62b6e:eventhubs-nscli000002","serviceBusEndpoint":"https://eventhubs-nscli000002.servicebus.windows.net:443/","isAutoInflateEnabled":true,"maximumThroughputUnits":18,"kafkaEnabled":true,"provisioningState":"Succeeded","status":"Active","createdAt":"2024-09-26T04:40:47.4936672Z","updatedAt":"2024-09-26T04:41:11.3391465Z"},"sku":{"name":"Standard","tier":"Standard","capacity":10}}'
    headers:
      cache-control:
      - no-cache
      content-length:
      - '971'
      content-type:
      - application/json; charset=utf-8
      date:
      - Thu, 26 Sep 2024 04:41:20 GMT
      expires:
      - '-1'
      pragma:
      - no-cache
      strict-transport-security:
      - max-age=31536000; includeSubDomains
      x-cache:
      - CONFIG_NOCACHE
      x-content-type-options:
      - nosniff
      x-ms-messaging-activity-id:
      - ea842aed-926e-4859-8657-f0c8fb9e37c0
      x-ms-messaging-routing-id:
      - EASTUS|EASTUS|G3|2024-09-26T04:41:20
      x-msedge-ref:
      - 'Ref A: 9AD295ED3F664E8FA01C23A649893089 Ref B: OSA221030114019 Ref C: 2024-09-26T04:41:19Z'
    status:
      code: 200
      message: OK
- request:
    body: null
    headers:
      Accept:
      - application/json
      Accept-Encoding:
      - gzip, deflate
      CommandName:
      - eventhubs namespace update
      Connection:
      - keep-alive
      ParameterSetName:
      - --name --resource-group --enable-auto-inflate --maximum-throughput-units
      User-Agent:
      - AZURECLI/2.64.0 azsdk-python-core/1.28.0 Python/3.10.11 (Windows-10-10.0.22631-SP0)
    method: GET
    uri: https://management.azure.com/subscriptions/00000000-0000-0000-0000-000000000000/resourceGroups/cli_test_eh_namespace000001/providers/Microsoft.EventHub/namespaces/eventhubs-nscli000002?api-version=2024-05-01-preview
  response:
    body:
      string: '{"id":"/subscriptions/00000000-0000-0000-0000-000000000000/resourceGroups/cli_test_eh_namespace000001/providers/Microsoft.EventHub/namespaces/eventhubs-nscli000002","name":"eventhubs-nscli000002","type":"Microsoft.EventHub/Namespaces","location":"eastus","tags":{"k1":"v1","k2":"v2"},"properties":{"geoDataReplication":{"maxReplicationLagDurationInSeconds":0,"locations":[{"locationName":"eastus","roleType":"Primary","replicaState":"Ready"}]},"minimumTlsVersion":"1.1","publicNetworkAccess":"Enabled","disableLocalAuth":true,"zoneRedundant":true,"metricId":"326100e2-f69d-4268-8503-075374f62b6e:eventhubs-nscli000002","serviceBusEndpoint":"https://eventhubs-nscli000002.servicebus.windows.net:443/","isAutoInflateEnabled":true,"maximumThroughputUnits":18,"kafkaEnabled":true,"provisioningState":"Succeeded","status":"Active","createdAt":"2024-09-26T04:40:47.4936672Z","updatedAt":"2024-09-26T04:41:11.3391465Z"},"sku":{"name":"Standard","tier":"Standard","capacity":10}}'
    headers:
      cache-control:
      - no-cache
      content-length:
      - '971'
      content-type:
      - application/json; charset=utf-8
      date:
      - Thu, 26 Sep 2024 04:41:21 GMT
      expires:
      - '-1'
      pragma:
      - no-cache
      strict-transport-security:
      - max-age=31536000; includeSubDomains
      x-cache:
      - CONFIG_NOCACHE
      x-content-type-options:
      - nosniff
      x-ms-messaging-activity-id:
      - 9b61797a-8057-40ab-a13a-675448444e5e
      x-ms-messaging-routing-id:
      - EASTUS|EASTUS|G1|2024-09-26T04:41:22
      x-msedge-ref:
      - 'Ref A: 0ECC57992D6846E48BC53A3CDFB3F4A8 Ref B: OSA221030115023 Ref C: 2024-09-26T04:41:21Z'
    status:
      code: 200
      message: OK
- request:
    body: '{"location": "eastus", "properties": {"disableLocalAuth": true, "geoDataReplication":
      {"locations": [{"locationName": "eastus", "roleType": "Primary"}], "maxReplicationLagDurationInSeconds":
      0}, "isAutoInflateEnabled": false, "kafkaEnabled": true, "maximumThroughputUnits":
      0, "minimumTlsVersion": "1.1", "publicNetworkAccess": "Enabled", "zoneRedundant":
      true}, "sku": {"capacity": 10, "name": "Standard", "tier": "Standard"}, "tags":
      {"k1": "v1", "k2": "v2"}}'
    headers:
      Accept:
      - application/json
      Accept-Encoding:
      - gzip, deflate
      CommandName:
      - eventhubs namespace update
      Connection:
      - keep-alive
      Content-Length:
      - '461'
      Content-Type:
      - application/json
      ParameterSetName:
      - --name --resource-group --enable-auto-inflate --maximum-throughput-units
      User-Agent:
      - AZURECLI/2.64.0 azsdk-python-core/1.28.0 Python/3.10.11 (Windows-10-10.0.22631-SP0)
    method: PUT
    uri: https://management.azure.com/subscriptions/00000000-0000-0000-0000-000000000000/resourceGroups/cli_test_eh_namespace000001/providers/Microsoft.EventHub/namespaces/eventhubs-nscli000002?api-version=2024-05-01-preview
  response:
    body:
      string: '{"id":"/subscriptions/00000000-0000-0000-0000-000000000000/resourceGroups/cli_test_eh_namespace000001/providers/Microsoft.EventHub/namespaces/eventhubs-nscli000002","name":"eventhubs-nscli000002","type":"Microsoft.EventHub/Namespaces","location":"eastus","tags":{"k1":"v1","k2":"v2"},"properties":{"geoDataReplication":{"maxReplicationLagDurationInSeconds":0,"locations":[{"locationName":"eastus","roleType":"Primary","replicaState":"Ready"}]},"minimumTlsVersion":"1.1","publicNetworkAccess":"Enabled","disableLocalAuth":true,"zoneRedundant":true,"metricId":"326100e2-f69d-4268-8503-075374f62b6e:eventhubs-nscli000002","serviceBusEndpoint":"https://eventhubs-nscli000002.servicebus.windows.net:443/","isAutoInflateEnabled":false,"maximumThroughputUnits":0,"kafkaEnabled":true,"provisioningState":"Updating","status":"Updating","createdAt":"2024-09-26T04:40:47.4936672Z","updatedAt":"2024-09-26T04:41:24.8709184Z"},"sku":{"name":"Standard","tier":"Standard","capacity":10}}'
    headers:
      cache-control:
      - no-cache
      content-length:
      - '972'
      content-type:
      - application/json; charset=utf-8
      date:
      - Thu, 26 Sep 2024 04:41:24 GMT
      expires:
      - '-1'
      pragma:
      - no-cache
      strict-transport-security:
      - max-age=31536000; includeSubDomains
      x-cache:
      - CONFIG_NOCACHE
      x-content-type-options:
      - nosniff
      x-ms-messaging-activity-id:
      - d3a906ef-b057-493c-a183-0a58b405f575
      x-ms-messaging-routing-id:
      - EASTUS|EASTUS|G4|2024-09-26T04:41:24
      x-ms-ratelimit-remaining-subscription-resource-requests:
      - '49'
      x-msedge-ref:
      - 'Ref A: 15D0CB8B126B4EEEBA18E07741865042 Ref B: OSA221030115023 Ref C: 2024-09-26T04:41:22Z'
    status:
      code: 200
      message: OK
- request:
    body: null
    headers:
      Accept:
      - '*/*'
      Accept-Encoding:
      - gzip, deflate
      CommandName:
      - eventhubs namespace update
      Connection:
      - keep-alive
      ParameterSetName:
      - --name --resource-group --enable-auto-inflate --maximum-throughput-units
      User-Agent:
      - AZURECLI/2.64.0 azsdk-python-core/1.28.0 Python/3.10.11 (Windows-10-10.0.22631-SP0)
    method: GET
    uri: https://management.azure.com/subscriptions/00000000-0000-0000-0000-000000000000/resourceGroups/cli_test_eh_namespace000001/providers/Microsoft.EventHub/namespaces/eventhubs-nscli000002?api-version=2024-05-01-preview
  response:
    body:
      string: '{"id":"/subscriptions/00000000-0000-0000-0000-000000000000/resourceGroups/cli_test_eh_namespace000001/providers/Microsoft.EventHub/namespaces/eventhubs-nscli000002","name":"eventhubs-nscli000002","type":"Microsoft.EventHub/Namespaces","location":"eastus","tags":{"k1":"v1","k2":"v2"},"properties":{"geoDataReplication":{"maxReplicationLagDurationInSeconds":0,"locations":[{"locationName":"eastus","roleType":"Primary","replicaState":"Ready"}]},"minimumTlsVersion":"1.1","publicNetworkAccess":"Enabled","disableLocalAuth":true,"zoneRedundant":true,"metricId":"326100e2-f69d-4268-8503-075374f62b6e:eventhubs-nscli000002","serviceBusEndpoint":"https://eventhubs-nscli000002.servicebus.windows.net:443/","isAutoInflateEnabled":false,"maximumThroughputUnits":0,"kafkaEnabled":true,"provisioningState":"Updating","status":"Updating","createdAt":"2024-09-26T04:40:47.4936672Z","updatedAt":"2024-09-26T04:41:24.8709184Z"},"sku":{"name":"Standard","tier":"Standard","capacity":10}}'
    headers:
      cache-control:
      - no-cache
      content-length:
      - '972'
      content-type:
      - application/json; charset=utf-8
      date:
      - Thu, 26 Sep 2024 04:41:25 GMT
      expires:
      - '-1'
      pragma:
      - no-cache
      strict-transport-security:
      - max-age=31536000; includeSubDomains
      x-cache:
      - CONFIG_NOCACHE
      x-content-type-options:
      - nosniff
      x-ms-messaging-activity-id:
      - d74b89eb-0d03-48cc-866b-e84f148a95f1
      x-ms-messaging-routing-id:
      - EASTUS|EASTUS|G12|2024-09-26T04:41:25
      x-msedge-ref:
      - 'Ref A: 8D2CB8E2A0A54987BF6BFE7C27C5DA94 Ref B: OSA221030115023 Ref C: 2024-09-26T04:41:25Z'
    status:
      code: 200
      message: OK
- request:
    body: null
    headers:
      Accept:
      - '*/*'
      Accept-Encoding:
      - gzip, deflate
      CommandName:
      - eventhubs namespace update
      Connection:
      - keep-alive
      ParameterSetName:
      - --name --resource-group --enable-auto-inflate --maximum-throughput-units
      User-Agent:
      - AZURECLI/2.64.0 azsdk-python-core/1.28.0 Python/3.10.11 (Windows-10-10.0.22631-SP0)
    method: GET
    uri: https://management.azure.com/subscriptions/00000000-0000-0000-0000-000000000000/resourceGroups/cli_test_eh_namespace000001/providers/Microsoft.EventHub/namespaces/eventhubs-nscli000002?api-version=2024-05-01-preview
  response:
    body:
      string: '{"id":"/subscriptions/00000000-0000-0000-0000-000000000000/resourceGroups/cli_test_eh_namespace000001/providers/Microsoft.EventHub/namespaces/eventhubs-nscli000002","name":"eventhubs-nscli000002","type":"Microsoft.EventHub/Namespaces","location":"eastus","tags":{"k1":"v1","k2":"v2"},"properties":{"geoDataReplication":{"maxReplicationLagDurationInSeconds":0,"locations":[{"locationName":"eastus","roleType":"Primary","replicaState":"Ready"}]},"minimumTlsVersion":"1.1","publicNetworkAccess":"Enabled","disableLocalAuth":true,"zoneRedundant":true,"metricId":"326100e2-f69d-4268-8503-075374f62b6e:eventhubs-nscli000002","serviceBusEndpoint":"https://eventhubs-nscli000002.servicebus.windows.net:443/","isAutoInflateEnabled":false,"maximumThroughputUnits":0,"kafkaEnabled":true,"provisioningState":"Succeeded","status":"Active","createdAt":"2024-09-26T04:40:47.4936672Z","updatedAt":"2024-09-26T04:41:42.4669023Z"},"sku":{"name":"Standard","tier":"Standard","capacity":10}}'
    headers:
      cache-control:
      - no-cache
      content-length:
      - '971'
      content-type:
      - application/json; charset=utf-8
      date:
      - Thu, 26 Sep 2024 04:41:55 GMT
      expires:
      - '-1'
      pragma:
      - no-cache
      strict-transport-security:
      - max-age=31536000; includeSubDomains
      x-cache:
      - CONFIG_NOCACHE
      x-content-type-options:
      - nosniff
      x-ms-messaging-activity-id:
      - f5714e41-6ee7-44e6-bf34-1d10b675d18a
      x-ms-messaging-routing-id:
      - EASTUS|EASTUS|G14|2024-09-26T04:41:56
      x-msedge-ref:
      - 'Ref A: 80B482504F984EFF993B00B59F7284A3 Ref B: OSA221030115023 Ref C: 2024-09-26T04:41:56Z'
    status:
      code: 200
      message: OK
- request:
    body: null
    headers:
      Accept:
      - application/json
      Accept-Encoding:
      - gzip, deflate
      CommandName:
      - eventhubs namespace update
      Connection:
      - keep-alive
      ParameterSetName:
      - --name --resource-group --enable-auto-inflate --maximum-throughput-units
      User-Agent:
      - AZURECLI/2.64.0 azsdk-python-core/1.28.0 Python/3.10.11 (Windows-10-10.0.22631-SP0)
    method: GET
    uri: https://management.azure.com/subscriptions/00000000-0000-0000-0000-000000000000/resourceGroups/cli_test_eh_namespace000001/providers/Microsoft.EventHub/namespaces/eventhubs-nscli000002?api-version=2024-05-01-preview
  response:
    body:
      string: '{"id":"/subscriptions/00000000-0000-0000-0000-000000000000/resourceGroups/cli_test_eh_namespace000001/providers/Microsoft.EventHub/namespaces/eventhubs-nscli000002","name":"eventhubs-nscli000002","type":"Microsoft.EventHub/Namespaces","location":"eastus","tags":{"k1":"v1","k2":"v2"},"properties":{"geoDataReplication":{"maxReplicationLagDurationInSeconds":0,"locations":[{"locationName":"eastus","roleType":"Primary","replicaState":"Ready"}]},"minimumTlsVersion":"1.1","publicNetworkAccess":"Enabled","disableLocalAuth":true,"zoneRedundant":true,"metricId":"326100e2-f69d-4268-8503-075374f62b6e:eventhubs-nscli000002","serviceBusEndpoint":"https://eventhubs-nscli000002.servicebus.windows.net:443/","isAutoInflateEnabled":false,"maximumThroughputUnits":0,"kafkaEnabled":true,"provisioningState":"Succeeded","status":"Active","createdAt":"2024-09-26T04:40:47.4936672Z","updatedAt":"2024-09-26T04:41:42.4669023Z"},"sku":{"name":"Standard","tier":"Standard","capacity":10}}'
    headers:
      cache-control:
      - no-cache
      content-length:
      - '971'
      content-type:
      - application/json; charset=utf-8
      date:
      - Thu, 26 Sep 2024 04:41:57 GMT
      expires:
      - '-1'
      pragma:
      - no-cache
      strict-transport-security:
      - max-age=31536000; includeSubDomains
      x-cache:
      - CONFIG_NOCACHE
      x-content-type-options:
      - nosniff
      x-ms-messaging-activity-id:
      - 43c7b143-23a8-4473-abda-a5ac2f225606
      x-ms-messaging-routing-id:
      - EASTUS|EASTUS|G1|2024-09-26T04:41:58
      x-msedge-ref:
      - 'Ref A: 4C80B0702E4E4F95BE1AE977E433C5E1 Ref B: TYO201100117035 Ref C: 2024-09-26T04:41:57Z'
    status:
      code: 200
      message: OK
- request:
    body: '{"location": "eastus", "properties": {"disableLocalAuth": true, "geoDataReplication":
      {"locations": [{"locationName": "eastus", "roleType": "Primary"}], "maxReplicationLagDurationInSeconds":
      0}, "isAutoInflateEnabled": true, "kafkaEnabled": true, "maximumThroughputUnits":
      18, "minimumTlsVersion": "1.1", "publicNetworkAccess": "Enabled", "zoneRedundant":
      true}, "sku": {"capacity": 10, "name": "Standard", "tier": "Standard"}, "tags":
      {"k1": "v1", "k2": "v2"}}'
    headers:
      Accept:
      - application/json
      Accept-Encoding:
      - gzip, deflate
      CommandName:
      - eventhubs namespace update
      Connection:
      - keep-alive
      Content-Length:
      - '461'
      Content-Type:
      - application/json
      ParameterSetName:
      - --name --resource-group --enable-auto-inflate --maximum-throughput-units
      User-Agent:
      - AZURECLI/2.64.0 azsdk-python-core/1.28.0 Python/3.10.11 (Windows-10-10.0.22631-SP0)
    method: PUT
    uri: https://management.azure.com/subscriptions/00000000-0000-0000-0000-000000000000/resourceGroups/cli_test_eh_namespace000001/providers/Microsoft.EventHub/namespaces/eventhubs-nscli000002?api-version=2024-05-01-preview
  response:
    body:
      string: '{"id":"/subscriptions/00000000-0000-0000-0000-000000000000/resourceGroups/cli_test_eh_namespace000001/providers/Microsoft.EventHub/namespaces/eventhubs-nscli000002","name":"eventhubs-nscli000002","type":"Microsoft.EventHub/Namespaces","location":"eastus","tags":{"k1":"v1","k2":"v2"},"properties":{"geoDataReplication":{"maxReplicationLagDurationInSeconds":0,"locations":[{"locationName":"eastus","roleType":"Primary","replicaState":"Ready"}]},"minimumTlsVersion":"1.1","publicNetworkAccess":"Enabled","disableLocalAuth":true,"zoneRedundant":true,"metricId":"326100e2-f69d-4268-8503-075374f62b6e:eventhubs-nscli000002","serviceBusEndpoint":"https://eventhubs-nscli000002.servicebus.windows.net:443/","isAutoInflateEnabled":true,"maximumThroughputUnits":18,"kafkaEnabled":true,"provisioningState":"Updating","status":"Updating","createdAt":"2024-09-26T04:40:47.4936672Z","updatedAt":"2024-09-26T04:42:00.5008032Z"},"sku":{"name":"Standard","tier":"Standard","capacity":10}}'
    headers:
      cache-control:
      - no-cache
      content-length:
      - '972'
      content-type:
      - application/json; charset=utf-8
      date:
      - Thu, 26 Sep 2024 04:41:59 GMT
      expires:
      - '-1'
      pragma:
      - no-cache
      strict-transport-security:
      - max-age=31536000; includeSubDomains
      x-cache:
      - CONFIG_NOCACHE
      x-content-type-options:
      - nosniff
      x-ms-messaging-activity-id:
      - cca7b6ba-8ff0-4ed2-8d48-f2c68fd6a377
      x-ms-messaging-routing-id:
      - EASTUS|EASTUS|G7|2024-09-26T04:42:00
      x-ms-ratelimit-remaining-subscription-resource-requests:
      - '49'
      x-msedge-ref:
      - 'Ref A: 294D9C63DEBA41A283F4EAC164582BAC Ref B: TYO201100117035 Ref C: 2024-09-26T04:41:58Z'
    status:
      code: 200
      message: OK
- request:
    body: null
    headers:
      Accept:
      - '*/*'
      Accept-Encoding:
      - gzip, deflate
      CommandName:
      - eventhubs namespace update
      Connection:
      - keep-alive
      ParameterSetName:
      - --name --resource-group --enable-auto-inflate --maximum-throughput-units
      User-Agent:
      - AZURECLI/2.64.0 azsdk-python-core/1.28.0 Python/3.10.11 (Windows-10-10.0.22631-SP0)
    method: GET
    uri: https://management.azure.com/subscriptions/00000000-0000-0000-0000-000000000000/resourceGroups/cli_test_eh_namespace000001/providers/Microsoft.EventHub/namespaces/eventhubs-nscli000002?api-version=2024-05-01-preview
  response:
    body:
      string: '{"id":"/subscriptions/00000000-0000-0000-0000-000000000000/resourceGroups/cli_test_eh_namespace000001/providers/Microsoft.EventHub/namespaces/eventhubs-nscli000002","name":"eventhubs-nscli000002","type":"Microsoft.EventHub/Namespaces","location":"eastus","tags":{"k1":"v1","k2":"v2"},"properties":{"geoDataReplication":{"maxReplicationLagDurationInSeconds":0,"locations":[{"locationName":"eastus","roleType":"Primary","replicaState":"Ready"}]},"minimumTlsVersion":"1.1","publicNetworkAccess":"Enabled","disableLocalAuth":true,"zoneRedundant":true,"metricId":"326100e2-f69d-4268-8503-075374f62b6e:eventhubs-nscli000002","serviceBusEndpoint":"https://eventhubs-nscli000002.servicebus.windows.net:443/","isAutoInflateEnabled":true,"maximumThroughputUnits":18,"kafkaEnabled":true,"provisioningState":"Updating","status":"Updating","createdAt":"2024-09-26T04:40:47.4936672Z","updatedAt":"2024-09-26T04:42:00.5008032Z"},"sku":{"name":"Standard","tier":"Standard","capacity":10}}'
    headers:
      cache-control:
      - no-cache
      content-length:
      - '972'
      content-type:
      - application/json; charset=utf-8
      date:
      - Thu, 26 Sep 2024 04:42:00 GMT
      expires:
      - '-1'
      pragma:
      - no-cache
      strict-transport-security:
      - max-age=31536000; includeSubDomains
      x-cache:
      - CONFIG_NOCACHE
      x-content-type-options:
      - nosniff
      x-ms-messaging-activity-id:
      - 7cd44f32-77d8-42b8-bd24-4e550a4c1da5
      x-ms-messaging-routing-id:
      - EASTUS|EASTUS|G7|2024-09-26T04:42:00
      x-msedge-ref:
      - 'Ref A: 19ADCAE1A52243BCA1A472A2403E2470 Ref B: TYO201100117035 Ref C: 2024-09-26T04:42:00Z'
    status:
      code: 200
      message: OK
- request:
    body: null
    headers:
      Accept:
      - '*/*'
      Accept-Encoding:
      - gzip, deflate
      CommandName:
      - eventhubs namespace update
      Connection:
      - keep-alive
      ParameterSetName:
      - --name --resource-group --enable-auto-inflate --maximum-throughput-units
      User-Agent:
      - AZURECLI/2.64.0 azsdk-python-core/1.28.0 Python/3.10.11 (Windows-10-10.0.22631-SP0)
    method: GET
    uri: https://management.azure.com/subscriptions/00000000-0000-0000-0000-000000000000/resourceGroups/cli_test_eh_namespace000001/providers/Microsoft.EventHub/namespaces/eventhubs-nscli000002?api-version=2024-05-01-preview
  response:
    body:
      string: '{"id":"/subscriptions/00000000-0000-0000-0000-000000000000/resourceGroups/cli_test_eh_namespace000001/providers/Microsoft.EventHub/namespaces/eventhubs-nscli000002","name":"eventhubs-nscli000002","type":"Microsoft.EventHub/Namespaces","location":"eastus","tags":{"k1":"v1","k2":"v2"},"properties":{"geoDataReplication":{"maxReplicationLagDurationInSeconds":0,"locations":[{"locationName":"eastus","roleType":"Primary","replicaState":"Ready"}]},"minimumTlsVersion":"1.1","publicNetworkAccess":"Enabled","disableLocalAuth":true,"zoneRedundant":true,"metricId":"326100e2-f69d-4268-8503-075374f62b6e:eventhubs-nscli000002","serviceBusEndpoint":"https://eventhubs-nscli000002.servicebus.windows.net:443/","isAutoInflateEnabled":true,"maximumThroughputUnits":18,"kafkaEnabled":true,"provisioningState":"Succeeded","status":"Active","createdAt":"2024-09-26T04:40:47.4936672Z","updatedAt":"2024-09-26T04:42:12.001016Z"},"sku":{"name":"Standard","tier":"Standard","capacity":10}}'
    headers:
      cache-control:
      - no-cache
      content-length:
      - '970'
      content-type:
      - application/json; charset=utf-8
      date:
      - Thu, 26 Sep 2024 04:42:31 GMT
      expires:
      - '-1'
      pragma:
      - no-cache
      strict-transport-security:
      - max-age=31536000; includeSubDomains
      x-cache:
      - CONFIG_NOCACHE
      x-content-type-options:
      - nosniff
      x-ms-messaging-activity-id:
      - 1107d4d9-8d0f-4ba9-a7a3-090c7c20dae8
      x-ms-messaging-routing-id:
      - EASTUS|EASTUS|G6|2024-09-26T04:42:31
      x-msedge-ref:
      - 'Ref A: 2340B5F466F745BB8CD3C7A49A085705 Ref B: TYO201100117035 Ref C: 2024-09-26T04:42:31Z'
    status:
      code: 200
      message: OK
- request:
    body: null
    headers:
      Accept:
      - application/json
      Accept-Encoding:
      - gzip, deflate
      CommandName:
      - eventhubs namespace update
      Connection:
      - keep-alive
      ParameterSetName:
      - --name --resource-group --capacity
      User-Agent:
      - AZURECLI/2.64.0 azsdk-python-core/1.28.0 Python/3.10.11 (Windows-10-10.0.22631-SP0)
    method: GET
    uri: https://management.azure.com/subscriptions/00000000-0000-0000-0000-000000000000/resourceGroups/cli_test_eh_namespace000001/providers/Microsoft.EventHub/namespaces/eventhubs-nscli000002?api-version=2024-05-01-preview
  response:
    body:
      string: '{"id":"/subscriptions/00000000-0000-0000-0000-000000000000/resourceGroups/cli_test_eh_namespace000001/providers/Microsoft.EventHub/namespaces/eventhubs-nscli000002","name":"eventhubs-nscli000002","type":"Microsoft.EventHub/Namespaces","location":"eastus","tags":{"k1":"v1","k2":"v2"},"properties":{"geoDataReplication":{"maxReplicationLagDurationInSeconds":0,"locations":[{"locationName":"eastus","roleType":"Primary","replicaState":"Ready"}]},"minimumTlsVersion":"1.1","publicNetworkAccess":"Enabled","disableLocalAuth":true,"zoneRedundant":true,"metricId":"326100e2-f69d-4268-8503-075374f62b6e:eventhubs-nscli000002","serviceBusEndpoint":"https://eventhubs-nscli000002.servicebus.windows.net:443/","isAutoInflateEnabled":true,"maximumThroughputUnits":18,"kafkaEnabled":true,"provisioningState":"Succeeded","status":"Active","createdAt":"2024-09-26T04:40:47.4936672Z","updatedAt":"2024-09-26T04:42:12.001016Z"},"sku":{"name":"Standard","tier":"Standard","capacity":10}}'
    headers:
      cache-control:
      - no-cache
      content-length:
      - '970'
      content-type:
      - application/json; charset=utf-8
      date:
      - Thu, 26 Sep 2024 04:42:33 GMT
      expires:
      - '-1'
      pragma:
      - no-cache
      strict-transport-security:
      - max-age=31536000; includeSubDomains
      x-cache:
      - CONFIG_NOCACHE
      x-content-type-options:
      - nosniff
      x-ms-messaging-activity-id:
      - 49b1028f-d22c-4e8f-95b7-9f1c7a8faf41
      x-ms-messaging-routing-id:
      - EASTUS|EASTUS|G13|2024-09-26T04:42:33
      x-msedge-ref:
      - 'Ref A: 3E9E5CD803104AD5823C096C35E64386 Ref B: OSA221030116031 Ref C: 2024-09-26T04:42:32Z'
    status:
      code: 200
      message: OK
- request:
    body: '{"location": "eastus", "properties": {"disableLocalAuth": true, "geoDataReplication":
      {"locations": [{"locationName": "eastus", "roleType": "Primary"}], "maxReplicationLagDurationInSeconds":
      0}, "isAutoInflateEnabled": true, "kafkaEnabled": true, "maximumThroughputUnits":
      18, "minimumTlsVersion": "1.1", "publicNetworkAccess": "Enabled", "zoneRedundant":
      true}, "sku": {"capacity": 12, "name": "Standard", "tier": "Standard"}, "tags":
      {"k1": "v1", "k2": "v2"}}'
    headers:
      Accept:
      - application/json
      Accept-Encoding:
      - gzip, deflate
      CommandName:
      - eventhubs namespace update
      Connection:
      - keep-alive
      Content-Length:
      - '461'
      Content-Type:
      - application/json
      ParameterSetName:
      - --name --resource-group --capacity
      User-Agent:
      - AZURECLI/2.64.0 azsdk-python-core/1.28.0 Python/3.10.11 (Windows-10-10.0.22631-SP0)
    method: PUT
    uri: https://management.azure.com/subscriptions/00000000-0000-0000-0000-000000000000/resourceGroups/cli_test_eh_namespace000001/providers/Microsoft.EventHub/namespaces/eventhubs-nscli000002?api-version=2024-05-01-preview
  response:
    body:
      string: '{"id":"/subscriptions/00000000-0000-0000-0000-000000000000/resourceGroups/cli_test_eh_namespace000001/providers/Microsoft.EventHub/namespaces/eventhubs-nscli000002","name":"eventhubs-nscli000002","type":"Microsoft.EventHub/Namespaces","location":"eastus","tags":{"k1":"v1","k2":"v2"},"properties":{"geoDataReplication":{"maxReplicationLagDurationInSeconds":0,"locations":[{"locationName":"eastus","roleType":"Primary","replicaState":"Ready"}]},"minimumTlsVersion":"1.1","publicNetworkAccess":"Enabled","disableLocalAuth":true,"zoneRedundant":true,"metricId":"326100e2-f69d-4268-8503-075374f62b6e:eventhubs-nscli000002","serviceBusEndpoint":"https://eventhubs-nscli000002.servicebus.windows.net:443/","isAutoInflateEnabled":true,"maximumThroughputUnits":18,"kafkaEnabled":true,"provisioningState":"Updating","status":"Updating","createdAt":"2024-09-26T04:40:47.4936672Z","updatedAt":"2024-09-26T04:42:35.8609516Z"},"sku":{"name":"Standard","tier":"Standard","capacity":12}}'
    headers:
      cache-control:
      - no-cache
      content-length:
      - '972'
      content-type:
      - application/json; charset=utf-8
      date:
      - Thu, 26 Sep 2024 04:42:35 GMT
      expires:
      - '-1'
      pragma:
      - no-cache
      strict-transport-security:
      - max-age=31536000; includeSubDomains
      x-cache:
      - CONFIG_NOCACHE
      x-content-type-options:
      - nosniff
      x-ms-messaging-activity-id:
      - 406b593b-197e-4f12-9c54-30c97e00474e
      x-ms-messaging-routing-id:
      - EASTUS|EASTUS|G13|2024-09-26T04:42:35
      x-ms-ratelimit-remaining-subscription-resource-requests:
      - '49'
      x-msedge-ref:
      - 'Ref A: 5480991055A748B181F905AC52826440 Ref B: OSA221030116031 Ref C: 2024-09-26T04:42:33Z'
    status:
      code: 200
      message: OK
- request:
    body: null
    headers:
      Accept:
      - '*/*'
      Accept-Encoding:
      - gzip, deflate
      CommandName:
      - eventhubs namespace update
      Connection:
      - keep-alive
      ParameterSetName:
      - --name --resource-group --capacity
      User-Agent:
      - AZURECLI/2.64.0 azsdk-python-core/1.28.0 Python/3.10.11 (Windows-10-10.0.22631-SP0)
    method: GET
    uri: https://management.azure.com/subscriptions/00000000-0000-0000-0000-000000000000/resourceGroups/cli_test_eh_namespace000001/providers/Microsoft.EventHub/namespaces/eventhubs-nscli000002?api-version=2024-05-01-preview
  response:
    body:
      string: '{"id":"/subscriptions/00000000-0000-0000-0000-000000000000/resourceGroups/cli_test_eh_namespace000001/providers/Microsoft.EventHub/namespaces/eventhubs-nscli000002","name":"eventhubs-nscli000002","type":"Microsoft.EventHub/Namespaces","location":"eastus","tags":{"k1":"v1","k2":"v2"},"properties":{"geoDataReplication":{"maxReplicationLagDurationInSeconds":0,"locations":[{"locationName":"eastus","roleType":"Primary","replicaState":"Ready"}]},"minimumTlsVersion":"1.1","publicNetworkAccess":"Enabled","disableLocalAuth":true,"zoneRedundant":true,"metricId":"326100e2-f69d-4268-8503-075374f62b6e:eventhubs-nscli000002","serviceBusEndpoint":"https://eventhubs-nscli000002.servicebus.windows.net:443/","isAutoInflateEnabled":true,"maximumThroughputUnits":18,"kafkaEnabled":true,"provisioningState":"Updating","status":"Updating","createdAt":"2024-09-26T04:40:47.4936672Z","updatedAt":"2024-09-26T04:42:35.8609516Z"},"sku":{"name":"Standard","tier":"Standard","capacity":12}}'
    headers:
      cache-control:
      - no-cache
      content-length:
      - '972'
      content-type:
      - application/json; charset=utf-8
      date:
      - Thu, 26 Sep 2024 04:42:36 GMT
      expires:
      - '-1'
      pragma:
      - no-cache
      strict-transport-security:
      - max-age=31536000; includeSubDomains
      x-cache:
      - CONFIG_NOCACHE
      x-content-type-options:
      - nosniff
      x-ms-messaging-activity-id:
      - 6dbb0010-17e6-4c60-b2c8-96e21a68af18
      x-ms-messaging-routing-id:
      - EASTUS|EASTUS|G13|2024-09-26T04:42:36
      x-msedge-ref:
      - 'Ref A: FFC0FEAD97F4416AB029CBAD5275342E Ref B: OSA221030116031 Ref C: 2024-09-26T04:42:36Z'
    status:
      code: 200
      message: OK
- request:
    body: null
    headers:
      Accept:
      - '*/*'
      Accept-Encoding:
      - gzip, deflate
      CommandName:
      - eventhubs namespace update
      Connection:
      - keep-alive
      ParameterSetName:
      - --name --resource-group --capacity
      User-Agent:
      - AZURECLI/2.64.0 azsdk-python-core/1.28.0 Python/3.10.11 (Windows-10-10.0.22631-SP0)
    method: GET
    uri: https://management.azure.com/subscriptions/00000000-0000-0000-0000-000000000000/resourceGroups/cli_test_eh_namespace000001/providers/Microsoft.EventHub/namespaces/eventhubs-nscli000002?api-version=2024-05-01-preview
  response:
    body:
      string: '{"id":"/subscriptions/00000000-0000-0000-0000-000000000000/resourceGroups/cli_test_eh_namespace000001/providers/Microsoft.EventHub/namespaces/eventhubs-nscli000002","name":"eventhubs-nscli000002","type":"Microsoft.EventHub/Namespaces","location":"eastus","tags":{"k1":"v1","k2":"v2"},"properties":{"geoDataReplication":{"maxReplicationLagDurationInSeconds":0,"locations":[{"locationName":"eastus","roleType":"Primary","replicaState":"Ready"}]},"minimumTlsVersion":"1.1","publicNetworkAccess":"Enabled","disableLocalAuth":true,"zoneRedundant":true,"metricId":"326100e2-f69d-4268-8503-075374f62b6e:eventhubs-nscli000002","serviceBusEndpoint":"https://eventhubs-nscli000002.servicebus.windows.net:443/","isAutoInflateEnabled":true,"maximumThroughputUnits":18,"kafkaEnabled":true,"provisioningState":"Succeeded","status":"Active","createdAt":"2024-09-26T04:40:47.4936672Z","updatedAt":"2024-09-26T04:42:52.4242928Z"},"sku":{"name":"Standard","tier":"Standard","capacity":12}}'
    headers:
      cache-control:
      - no-cache
      content-length:
      - '971'
      content-type:
      - application/json; charset=utf-8
      date:
      - Thu, 26 Sep 2024 04:43:06 GMT
      expires:
      - '-1'
      pragma:
      - no-cache
      strict-transport-security:
      - max-age=31536000; includeSubDomains
      x-cache:
      - CONFIG_NOCACHE
      x-content-type-options:
      - nosniff
      x-ms-messaging-activity-id:
      - a9b0b477-31fc-46fb-b0ab-ff57b46f8102
      x-ms-messaging-routing-id:
      - EASTUS|EASTUS|G7|2024-09-26T04:43:06
      x-msedge-ref:
      - 'Ref A: AE2C23BB3BD94972A7935FBB610E9153 Ref B: OSA221030116031 Ref C: 2024-09-26T04:43:06Z'
    status:
      code: 200
      message: OK
- request:
    body: null
    headers:
      Accept:
      - application/json
      Accept-Encoding:
      - gzip, deflate
      CommandName:
      - eventhubs namespace update
      Connection:
      - keep-alive
      ParameterSetName:
      - --name --resource-group --maximum-throughput-units
      User-Agent:
      - AZURECLI/2.64.0 azsdk-python-core/1.28.0 Python/3.10.11 (Windows-10-10.0.22631-SP0)
    method: GET
    uri: https://management.azure.com/subscriptions/00000000-0000-0000-0000-000000000000/resourceGroups/cli_test_eh_namespace000001/providers/Microsoft.EventHub/namespaces/eventhubs-nscli000002?api-version=2024-05-01-preview
  response:
    body:
      string: '{"id":"/subscriptions/00000000-0000-0000-0000-000000000000/resourceGroups/cli_test_eh_namespace000001/providers/Microsoft.EventHub/namespaces/eventhubs-nscli000002","name":"eventhubs-nscli000002","type":"Microsoft.EventHub/Namespaces","location":"eastus","tags":{"k1":"v1","k2":"v2"},"properties":{"geoDataReplication":{"maxReplicationLagDurationInSeconds":0,"locations":[{"locationName":"eastus","roleType":"Primary","replicaState":"Ready"}]},"minimumTlsVersion":"1.1","publicNetworkAccess":"Enabled","disableLocalAuth":true,"zoneRedundant":true,"metricId":"326100e2-f69d-4268-8503-075374f62b6e:eventhubs-nscli000002","serviceBusEndpoint":"https://eventhubs-nscli000002.servicebus.windows.net:443/","isAutoInflateEnabled":true,"maximumThroughputUnits":18,"kafkaEnabled":true,"provisioningState":"Succeeded","status":"Active","createdAt":"2024-09-26T04:40:47.4936672Z","updatedAt":"2024-09-26T04:42:52.4242928Z"},"sku":{"name":"Standard","tier":"Standard","capacity":12}}'
    headers:
      cache-control:
      - no-cache
      content-length:
      - '971'
      content-type:
      - application/json; charset=utf-8
      date:
      - Thu, 26 Sep 2024 04:43:07 GMT
      expires:
      - '-1'
      pragma:
      - no-cache
      strict-transport-security:
      - max-age=31536000; includeSubDomains
      x-cache:
      - CONFIG_NOCACHE
      x-content-type-options:
      - nosniff
      x-ms-messaging-activity-id:
      - 38bded21-ad71-48f1-8135-44a5e34ae082
      x-ms-messaging-routing-id:
      - EASTUS|EASTUS|G2|2024-09-26T04:43:08
      x-msedge-ref:
      - 'Ref A: 19E8FD2C8436411D98CA011F57C3C6CE Ref B: OSA221030116053 Ref C: 2024-09-26T04:43:07Z'
    status:
      code: 200
      message: OK
- request:
    body: '{"location": "eastus", "properties": {"disableLocalAuth": true, "geoDataReplication":
      {"locations": [{"locationName": "eastus", "roleType": "Primary"}], "maxReplicationLagDurationInSeconds":
      0}, "isAutoInflateEnabled": true, "kafkaEnabled": true, "maximumThroughputUnits":
      25, "minimumTlsVersion": "1.1", "publicNetworkAccess": "Enabled", "zoneRedundant":
      true}, "sku": {"capacity": 12, "name": "Standard", "tier": "Standard"}, "tags":
      {"k1": "v1", "k2": "v2"}}'
    headers:
      Accept:
      - application/json
      Accept-Encoding:
      - gzip, deflate
      CommandName:
      - eventhubs namespace update
      Connection:
      - keep-alive
      Content-Length:
      - '461'
      Content-Type:
      - application/json
      ParameterSetName:
      - --name --resource-group --maximum-throughput-units
      User-Agent:
      - AZURECLI/2.64.0 azsdk-python-core/1.28.0 Python/3.10.11 (Windows-10-10.0.22631-SP0)
    method: PUT
    uri: https://management.azure.com/subscriptions/00000000-0000-0000-0000-000000000000/resourceGroups/cli_test_eh_namespace000001/providers/Microsoft.EventHub/namespaces/eventhubs-nscli000002?api-version=2024-05-01-preview
  response:
    body:
      string: '{"id":"/subscriptions/00000000-0000-0000-0000-000000000000/resourceGroups/cli_test_eh_namespace000001/providers/Microsoft.EventHub/namespaces/eventhubs-nscli000002","name":"eventhubs-nscli000002","type":"Microsoft.EventHub/Namespaces","location":"eastus","tags":{"k1":"v1","k2":"v2"},"properties":{"geoDataReplication":{"maxReplicationLagDurationInSeconds":0,"locations":[{"locationName":"eastus","roleType":"Primary","replicaState":"Ready"}]},"minimumTlsVersion":"1.1","publicNetworkAccess":"Enabled","disableLocalAuth":true,"zoneRedundant":true,"metricId":"326100e2-f69d-4268-8503-075374f62b6e:eventhubs-nscli000002","serviceBusEndpoint":"https://eventhubs-nscli000002.servicebus.windows.net:443/","isAutoInflateEnabled":true,"maximumThroughputUnits":25,"kafkaEnabled":true,"provisioningState":"Updating","status":"Updating","createdAt":"2024-09-26T04:40:47.4936672Z","updatedAt":"2024-09-26T04:43:10.4403258Z"},"sku":{"name":"Standard","tier":"Standard","capacity":12}}'
    headers:
      cache-control:
      - no-cache
      content-length:
      - '972'
      content-type:
      - application/json; charset=utf-8
      date:
      - Thu, 26 Sep 2024 04:43:10 GMT
      expires:
      - '-1'
      pragma:
      - no-cache
      strict-transport-security:
      - max-age=31536000; includeSubDomains
      x-cache:
      - CONFIG_NOCACHE
      x-content-type-options:
      - nosniff
      x-ms-messaging-activity-id:
      - 0ecdaa39-906b-478f-aec1-2ab1fbfd8bd4
      x-ms-messaging-routing-id:
      - EASTUS|EASTUS|G4|2024-09-26T04:43:10
      x-ms-ratelimit-remaining-subscription-resource-requests:
      - '49'
      x-msedge-ref:
      - 'Ref A: E74B86E29E9246FD81CDFC106B9BAB30 Ref B: OSA221030116053 Ref C: 2024-09-26T04:43:08Z'
    status:
      code: 200
      message: OK
- request:
    body: null
    headers:
      Accept:
      - '*/*'
      Accept-Encoding:
      - gzip, deflate
      CommandName:
      - eventhubs namespace update
      Connection:
      - keep-alive
      ParameterSetName:
      - --name --resource-group --maximum-throughput-units
      User-Agent:
      - AZURECLI/2.64.0 azsdk-python-core/1.28.0 Python/3.10.11 (Windows-10-10.0.22631-SP0)
    method: GET
    uri: https://management.azure.com/subscriptions/00000000-0000-0000-0000-000000000000/resourceGroups/cli_test_eh_namespace000001/providers/Microsoft.EventHub/namespaces/eventhubs-nscli000002?api-version=2024-05-01-preview
  response:
    body:
      string: '{"id":"/subscriptions/00000000-0000-0000-0000-000000000000/resourceGroups/cli_test_eh_namespace000001/providers/Microsoft.EventHub/namespaces/eventhubs-nscli000002","name":"eventhubs-nscli000002","type":"Microsoft.EventHub/Namespaces","location":"eastus","tags":{"k1":"v1","k2":"v2"},"properties":{"geoDataReplication":{"maxReplicationLagDurationInSeconds":0,"locations":[{"locationName":"eastus","roleType":"Primary","replicaState":"Ready"}]},"minimumTlsVersion":"1.1","publicNetworkAccess":"Enabled","disableLocalAuth":true,"zoneRedundant":true,"metricId":"326100e2-f69d-4268-8503-075374f62b6e:eventhubs-nscli000002","serviceBusEndpoint":"https://eventhubs-nscli000002.servicebus.windows.net:443/","isAutoInflateEnabled":true,"maximumThroughputUnits":25,"kafkaEnabled":true,"provisioningState":"Updating","status":"Updating","createdAt":"2024-09-26T04:40:47.4936672Z","updatedAt":"2024-09-26T04:43:10.4403258Z"},"sku":{"name":"Standard","tier":"Standard","capacity":12}}'
    headers:
      cache-control:
      - no-cache
      content-length:
      - '972'
      content-type:
      - application/json; charset=utf-8
      date:
      - Thu, 26 Sep 2024 04:43:11 GMT
      expires:
      - '-1'
      pragma:
      - no-cache
      strict-transport-security:
      - max-age=31536000; includeSubDomains
      x-cache:
      - CONFIG_NOCACHE
      x-content-type-options:
      - nosniff
      x-ms-messaging-activity-id:
      - 9a5a5a5e-dfac-4155-b62f-10ee67678778
      x-ms-messaging-routing-id:
      - EASTUS|EASTUS|G1|2024-09-26T04:43:11
      x-msedge-ref:
      - 'Ref A: 06C44F1137BC4612AAAC738C95EFDB98 Ref B: OSA221030116053 Ref C: 2024-09-26T04:43:10Z'
    status:
      code: 200
      message: OK
- request:
    body: null
    headers:
      Accept:
      - '*/*'
      Accept-Encoding:
      - gzip, deflate
      CommandName:
      - eventhubs namespace update
      Connection:
      - keep-alive
      ParameterSetName:
      - --name --resource-group --maximum-throughput-units
      User-Agent:
      - AZURECLI/2.64.0 azsdk-python-core/1.28.0 Python/3.10.11 (Windows-10-10.0.22631-SP0)
    method: GET
    uri: https://management.azure.com/subscriptions/00000000-0000-0000-0000-000000000000/resourceGroups/cli_test_eh_namespace000001/providers/Microsoft.EventHub/namespaces/eventhubs-nscli000002?api-version=2024-05-01-preview
  response:
    body:
      string: '{"id":"/subscriptions/00000000-0000-0000-0000-000000000000/resourceGroups/cli_test_eh_namespace000001/providers/Microsoft.EventHub/namespaces/eventhubs-nscli000002","name":"eventhubs-nscli000002","type":"Microsoft.EventHub/Namespaces","location":"eastus","tags":{"k1":"v1","k2":"v2"},"properties":{"geoDataReplication":{"maxReplicationLagDurationInSeconds":0,"locations":[{"locationName":"eastus","roleType":"Primary","replicaState":"Ready"}]},"minimumTlsVersion":"1.1","publicNetworkAccess":"Enabled","disableLocalAuth":true,"zoneRedundant":true,"metricId":"326100e2-f69d-4268-8503-075374f62b6e:eventhubs-nscli000002","serviceBusEndpoint":"https://eventhubs-nscli000002.servicebus.windows.net:443/","isAutoInflateEnabled":true,"maximumThroughputUnits":25,"kafkaEnabled":true,"provisioningState":"Succeeded","status":"Active","createdAt":"2024-09-26T04:40:47.4936672Z","updatedAt":"2024-09-26T04:43:29.5968875Z"},"sku":{"name":"Standard","tier":"Standard","capacity":12}}'
    headers:
      cache-control:
      - no-cache
      content-length:
      - '971'
      content-type:
      - application/json; charset=utf-8
      date:
      - Thu, 26 Sep 2024 04:43:41 GMT
      expires:
      - '-1'
      pragma:
      - no-cache
      strict-transport-security:
      - max-age=31536000; includeSubDomains
      x-cache:
      - CONFIG_NOCACHE
      x-content-type-options:
      - nosniff
      x-ms-messaging-activity-id:
      - 4cd7f9e0-9e23-4140-a3a7-ee4bc1f4b303
      x-ms-messaging-routing-id:
      - EASTUS|EASTUS|G14|2024-09-26T04:43:42
      x-msedge-ref:
      - 'Ref A: 201A6D1AE5304414B7DC23C3B02AF71C Ref B: OSA221030116053 Ref C: 2024-09-26T04:43:41Z'
    status:
      code: 200
      message: OK
- request:
    body: null
    headers:
      Accept:
      - application/json
      Accept-Encoding:
      - gzip, deflate
      CommandName:
      - eventhubs namespace update
      Connection:
      - keep-alive
      ParameterSetName:
      - --name --resource-group --minimum-tls-version
      User-Agent:
      - AZURECLI/2.64.0 azsdk-python-core/1.28.0 Python/3.10.11 (Windows-10-10.0.22631-SP0)
    method: GET
    uri: https://management.azure.com/subscriptions/00000000-0000-0000-0000-000000000000/resourceGroups/cli_test_eh_namespace000001/providers/Microsoft.EventHub/namespaces/eventhubs-nscli000002?api-version=2024-05-01-preview
  response:
    body:
      string: '{"id":"/subscriptions/00000000-0000-0000-0000-000000000000/resourceGroups/cli_test_eh_namespace000001/providers/Microsoft.EventHub/namespaces/eventhubs-nscli000002","name":"eventhubs-nscli000002","type":"Microsoft.EventHub/Namespaces","location":"eastus","tags":{"k1":"v1","k2":"v2"},"properties":{"geoDataReplication":{"maxReplicationLagDurationInSeconds":0,"locations":[{"locationName":"eastus","roleType":"Primary","replicaState":"Ready"}]},"minimumTlsVersion":"1.1","publicNetworkAccess":"Enabled","disableLocalAuth":true,"zoneRedundant":true,"metricId":"326100e2-f69d-4268-8503-075374f62b6e:eventhubs-nscli000002","serviceBusEndpoint":"https://eventhubs-nscli000002.servicebus.windows.net:443/","isAutoInflateEnabled":true,"maximumThroughputUnits":25,"kafkaEnabled":true,"provisioningState":"Succeeded","status":"Active","createdAt":"2024-09-26T04:40:47.4936672Z","updatedAt":"2024-09-26T04:43:29.5968875Z"},"sku":{"name":"Standard","tier":"Standard","capacity":12}}'
    headers:
      cache-control:
      - no-cache
      content-length:
      - '971'
      content-type:
      - application/json; charset=utf-8
      date:
      - Thu, 26 Sep 2024 04:43:44 GMT
      expires:
      - '-1'
      pragma:
      - no-cache
      strict-transport-security:
      - max-age=31536000; includeSubDomains
      x-cache:
      - CONFIG_NOCACHE
      x-content-type-options:
      - nosniff
      x-ms-messaging-activity-id:
      - c6a89e71-fbf7-44b1-b956-0cc815e21dc0
      x-ms-messaging-routing-id:
      - EASTUS|EASTUS|G6|2024-09-26T04:43:44
      x-msedge-ref:
      - 'Ref A: D59C6EE826124208A17DA85F8F7BF444 Ref B: TYO201100113053 Ref C: 2024-09-26T04:43:43Z'
    status:
      code: 200
      message: OK
- request:
    body: '{"location": "eastus", "properties": {"disableLocalAuth": true, "geoDataReplication":
      {"locations": [{"locationName": "eastus", "roleType": "Primary"}], "maxReplicationLagDurationInSeconds":
      0}, "isAutoInflateEnabled": true, "kafkaEnabled": true, "maximumThroughputUnits":
      25, "minimumTlsVersion": "1.0", "publicNetworkAccess": "Enabled", "zoneRedundant":
      true}, "sku": {"capacity": 12, "name": "Standard", "tier": "Standard"}, "tags":
      {"k1": "v1", "k2": "v2"}}'
    headers:
      Accept:
      - application/json
      Accept-Encoding:
      - gzip, deflate
      CommandName:
      - eventhubs namespace update
      Connection:
      - keep-alive
      Content-Length:
      - '461'
      Content-Type:
      - application/json
      ParameterSetName:
      - --name --resource-group --minimum-tls-version
      User-Agent:
      - AZURECLI/2.64.0 azsdk-python-core/1.28.0 Python/3.10.11 (Windows-10-10.0.22631-SP0)
    method: PUT
    uri: https://management.azure.com/subscriptions/00000000-0000-0000-0000-000000000000/resourceGroups/cli_test_eh_namespace000001/providers/Microsoft.EventHub/namespaces/eventhubs-nscli000002?api-version=2024-05-01-preview
  response:
    body:
      string: '{"id":"/subscriptions/00000000-0000-0000-0000-000000000000/resourceGroups/cli_test_eh_namespace000001/providers/Microsoft.EventHub/namespaces/eventhubs-nscli000002","name":"eventhubs-nscli000002","type":"Microsoft.EventHub/Namespaces","location":"eastus","tags":{"k1":"v1","k2":"v2"},"properties":{"geoDataReplication":{"maxReplicationLagDurationInSeconds":0,"locations":[{"locationName":"eastus","roleType":"Primary","replicaState":"Ready"}]},"minimumTlsVersion":"1.0","publicNetworkAccess":"Enabled","disableLocalAuth":true,"zoneRedundant":true,"metricId":"326100e2-f69d-4268-8503-075374f62b6e:eventhubs-nscli000002","serviceBusEndpoint":"https://eventhubs-nscli000002.servicebus.windows.net:443/","isAutoInflateEnabled":true,"maximumThroughputUnits":25,"kafkaEnabled":true,"provisioningState":"Updating","status":"Updating","createdAt":"2024-09-26T04:40:47.4936672Z","updatedAt":"2024-09-26T04:43:45.9565898Z"},"sku":{"name":"Standard","tier":"Standard","capacity":12}}'
    headers:
      cache-control:
      - no-cache
      content-length:
      - '972'
      content-type:
      - application/json; charset=utf-8
      date:
      - Thu, 26 Sep 2024 04:43:46 GMT
      expires:
      - '-1'
      pragma:
      - no-cache
      strict-transport-security:
      - max-age=31536000; includeSubDomains
      x-cache:
      - CONFIG_NOCACHE
      x-content-type-options:
      - nosniff
      x-ms-messaging-activity-id:
      - 7a533733-a026-4d94-822a-eb97692532f4
      x-ms-messaging-routing-id:
      - EASTUS|EASTUS|G1|2024-09-26T04:43:46
      x-ms-ratelimit-remaining-subscription-resource-requests:
      - '49'
      x-msedge-ref:
      - 'Ref A: 20C5349DCBD44A6E812093EB443EEB9D Ref B: TYO201100113053 Ref C: 2024-09-26T04:43:44Z'
    status:
      code: 200
      message: OK
- request:
    body: null
    headers:
      Accept:
      - '*/*'
      Accept-Encoding:
      - gzip, deflate
      CommandName:
      - eventhubs namespace update
      Connection:
      - keep-alive
      ParameterSetName:
      - --name --resource-group --minimum-tls-version
      User-Agent:
      - AZURECLI/2.64.0 azsdk-python-core/1.28.0 Python/3.10.11 (Windows-10-10.0.22631-SP0)
    method: GET
    uri: https://management.azure.com/subscriptions/00000000-0000-0000-0000-000000000000/resourceGroups/cli_test_eh_namespace000001/providers/Microsoft.EventHub/namespaces/eventhubs-nscli000002?api-version=2024-05-01-preview
  response:
    body:
      string: '{"id":"/subscriptions/00000000-0000-0000-0000-000000000000/resourceGroups/cli_test_eh_namespace000001/providers/Microsoft.EventHub/namespaces/eventhubs-nscli000002","name":"eventhubs-nscli000002","type":"Microsoft.EventHub/Namespaces","location":"eastus","tags":{"k1":"v1","k2":"v2"},"properties":{"geoDataReplication":{"maxReplicationLagDurationInSeconds":0,"locations":[{"locationName":"eastus","roleType":"Primary","replicaState":"Ready"}]},"minimumTlsVersion":"1.0","publicNetworkAccess":"Enabled","disableLocalAuth":true,"zoneRedundant":true,"metricId":"326100e2-f69d-4268-8503-075374f62b6e:eventhubs-nscli000002","serviceBusEndpoint":"https://eventhubs-nscli000002.servicebus.windows.net:443/","isAutoInflateEnabled":true,"maximumThroughputUnits":25,"kafkaEnabled":true,"provisioningState":"Updating","status":"Updating","createdAt":"2024-09-26T04:40:47.4936672Z","updatedAt":"2024-09-26T04:43:45.9565898Z"},"sku":{"name":"Standard","tier":"Standard","capacity":12}}'
    headers:
      cache-control:
      - no-cache
      content-length:
      - '972'
      content-type:
      - application/json; charset=utf-8
      date:
      - Thu, 26 Sep 2024 04:43:46 GMT
      expires:
      - '-1'
      pragma:
      - no-cache
      strict-transport-security:
      - max-age=31536000; includeSubDomains
      x-cache:
      - CONFIG_NOCACHE
      x-content-type-options:
      - nosniff
      x-ms-messaging-activity-id:
      - 238bc89e-0182-44ed-b334-39ea316a58f6
      x-ms-messaging-routing-id:
      - EASTUS|EASTUS|G1|2024-09-26T04:43:46
      x-msedge-ref:
      - 'Ref A: 9AAC45084DA647469190DD6C529CE052 Ref B: TYO201100113053 Ref C: 2024-09-26T04:43:46Z'
    status:
      code: 200
      message: OK
- request:
    body: null
    headers:
      Accept:
      - '*/*'
      Accept-Encoding:
      - gzip, deflate
      CommandName:
      - eventhubs namespace update
      Connection:
      - keep-alive
      ParameterSetName:
      - --name --resource-group --minimum-tls-version
      User-Agent:
      - AZURECLI/2.64.0 azsdk-python-core/1.28.0 Python/3.10.11 (Windows-10-10.0.22631-SP0)
    method: GET
    uri: https://management.azure.com/subscriptions/00000000-0000-0000-0000-000000000000/resourceGroups/cli_test_eh_namespace000001/providers/Microsoft.EventHub/namespaces/eventhubs-nscli000002?api-version=2024-05-01-preview
  response:
    body:
      string: '{"id":"/subscriptions/00000000-0000-0000-0000-000000000000/resourceGroups/cli_test_eh_namespace000001/providers/Microsoft.EventHub/namespaces/eventhubs-nscli000002","name":"eventhubs-nscli000002","type":"Microsoft.EventHub/Namespaces","location":"eastus","tags":{"k1":"v1","k2":"v2"},"properties":{"geoDataReplication":{"maxReplicationLagDurationInSeconds":0,"locations":[{"locationName":"eastus","roleType":"Primary","replicaState":"Ready"}]},"minimumTlsVersion":"1.0","publicNetworkAccess":"Enabled","disableLocalAuth":true,"zoneRedundant":true,"metricId":"326100e2-f69d-4268-8503-075374f62b6e:eventhubs-nscli000002","serviceBusEndpoint":"https://eventhubs-nscli000002.servicebus.windows.net:443/","isAutoInflateEnabled":true,"maximumThroughputUnits":25,"kafkaEnabled":true,"provisioningState":"Succeeded","status":"Active","createdAt":"2024-09-26T04:40:47.4936672Z","updatedAt":"2024-09-26T04:43:58.8787202Z"},"sku":{"name":"Standard","tier":"Standard","capacity":12}}'
    headers:
      cache-control:
      - no-cache
      content-length:
      - '971'
      content-type:
      - application/json; charset=utf-8
      date:
      - Thu, 26 Sep 2024 04:44:17 GMT
      expires:
      - '-1'
      pragma:
      - no-cache
      strict-transport-security:
      - max-age=31536000; includeSubDomains
      x-cache:
      - CONFIG_NOCACHE
      x-content-type-options:
      - nosniff
      x-ms-messaging-activity-id:
      - a86ab74c-7c90-4326-be4d-0e1dc40b08bb
      x-ms-messaging-routing-id:
      - EASTUS|EASTUS|G5|2024-09-26T04:44:17
      x-msedge-ref:
      - 'Ref A: 0BD1303BE6FE4A8DA240562C8726CE8E Ref B: TYO201100113053 Ref C: 2024-09-26T04:44:16Z'
    status:
      code: 200
      message: OK
- request:
    body: null
    headers:
      Accept:
      - application/json
      Accept-Encoding:
      - gzip, deflate
      CommandName:
      - eventhubs namespace update
      Connection:
      - keep-alive
      ParameterSetName:
      - --name --resource-group --minimum-tls-version
      User-Agent:
      - AZURECLI/2.64.0 azsdk-python-core/1.28.0 Python/3.10.11 (Windows-10-10.0.22631-SP0)
    method: GET
    uri: https://management.azure.com/subscriptions/00000000-0000-0000-0000-000000000000/resourceGroups/cli_test_eh_namespace000001/providers/Microsoft.EventHub/namespaces/eventhubs-nscli000002?api-version=2024-05-01-preview
  response:
    body:
      string: '{"id":"/subscriptions/00000000-0000-0000-0000-000000000000/resourceGroups/cli_test_eh_namespace000001/providers/Microsoft.EventHub/namespaces/eventhubs-nscli000002","name":"eventhubs-nscli000002","type":"Microsoft.EventHub/Namespaces","location":"eastus","tags":{"k1":"v1","k2":"v2"},"properties":{"geoDataReplication":{"maxReplicationLagDurationInSeconds":0,"locations":[{"locationName":"eastus","roleType":"Primary","replicaState":"Ready"}]},"minimumTlsVersion":"1.0","publicNetworkAccess":"Enabled","disableLocalAuth":true,"zoneRedundant":true,"metricId":"326100e2-f69d-4268-8503-075374f62b6e:eventhubs-nscli000002","serviceBusEndpoint":"https://eventhubs-nscli000002.servicebus.windows.net:443/","isAutoInflateEnabled":true,"maximumThroughputUnits":25,"kafkaEnabled":true,"provisioningState":"Succeeded","status":"Active","createdAt":"2024-09-26T04:40:47.4936672Z","updatedAt":"2024-09-26T04:43:58.8787202Z"},"sku":{"name":"Standard","tier":"Standard","capacity":12}}'
    headers:
      cache-control:
      - no-cache
      content-length:
      - '971'
      content-type:
      - application/json; charset=utf-8
      date:
      - Thu, 26 Sep 2024 04:44:18 GMT
      expires:
      - '-1'
      pragma:
      - no-cache
      strict-transport-security:
      - max-age=31536000; includeSubDomains
      x-cache:
      - CONFIG_NOCACHE
      x-content-type-options:
      - nosniff
      x-ms-messaging-activity-id:
      - ad75b331-cdb9-4bdc-b8ad-b1716634bb5a
      x-ms-messaging-routing-id:
      - EASTUS|EASTUS|G7|2024-09-26T04:44:18
      x-msedge-ref:
      - 'Ref A: 34872FC95FF94A1DAED4E319ED5E90AE Ref B: OSA221030114029 Ref C: 2024-09-26T04:44:18Z'
    status:
      code: 200
      message: OK
- request:
    body: '{"location": "eastus", "properties": {"disableLocalAuth": true, "geoDataReplication":
      {"locations": [{"locationName": "eastus", "roleType": "Primary"}], "maxReplicationLagDurationInSeconds":
      0}, "isAutoInflateEnabled": true, "kafkaEnabled": true, "maximumThroughputUnits":
      25, "minimumTlsVersion": "1.2", "publicNetworkAccess": "Enabled", "zoneRedundant":
      true}, "sku": {"capacity": 12, "name": "Standard", "tier": "Standard"}, "tags":
      {"k1": "v1", "k2": "v2"}}'
    headers:
      Accept:
      - application/json
      Accept-Encoding:
      - gzip, deflate
      CommandName:
      - eventhubs namespace update
      Connection:
      - keep-alive
      Content-Length:
      - '461'
      Content-Type:
      - application/json
      ParameterSetName:
      - --name --resource-group --minimum-tls-version
      User-Agent:
      - AZURECLI/2.64.0 azsdk-python-core/1.28.0 Python/3.10.11 (Windows-10-10.0.22631-SP0)
    method: PUT
    uri: https://management.azure.com/subscriptions/00000000-0000-0000-0000-000000000000/resourceGroups/cli_test_eh_namespace000001/providers/Microsoft.EventHub/namespaces/eventhubs-nscli000002?api-version=2024-05-01-preview
  response:
    body:
      string: '{"id":"/subscriptions/00000000-0000-0000-0000-000000000000/resourceGroups/cli_test_eh_namespace000001/providers/Microsoft.EventHub/namespaces/eventhubs-nscli000002","name":"eventhubs-nscli000002","type":"Microsoft.EventHub/Namespaces","location":"eastus","tags":{"k1":"v1","k2":"v2"},"properties":{"geoDataReplication":{"maxReplicationLagDurationInSeconds":0,"locations":[{"locationName":"eastus","roleType":"Primary","replicaState":"Ready"}]},"minimumTlsVersion":"1.2","publicNetworkAccess":"Enabled","disableLocalAuth":true,"zoneRedundant":true,"metricId":"326100e2-f69d-4268-8503-075374f62b6e:eventhubs-nscli000002","serviceBusEndpoint":"https://eventhubs-nscli000002.servicebus.windows.net:443/","isAutoInflateEnabled":true,"maximumThroughputUnits":25,"kafkaEnabled":true,"provisioningState":"Updating","status":"Updating","createdAt":"2024-09-26T04:40:47.4936672Z","updatedAt":"2024-09-26T04:44:20.9728599Z"},"sku":{"name":"Standard","tier":"Standard","capacity":12}}'
    headers:
      cache-control:
      - no-cache
      content-length:
      - '972'
      content-type:
      - application/json; charset=utf-8
      date:
      - Thu, 26 Sep 2024 04:44:20 GMT
      expires:
      - '-1'
      pragma:
      - no-cache
      strict-transport-security:
      - max-age=31536000; includeSubDomains
      x-cache:
      - CONFIG_NOCACHE
      x-content-type-options:
      - nosniff
      x-ms-messaging-activity-id:
      - 9a7a2a2e-046a-43b4-a3d7-168a9e5a2556
      x-ms-messaging-routing-id:
      - EASTUS|EASTUS|G10|2024-09-26T04:44:21
      x-ms-ratelimit-remaining-subscription-resource-requests:
      - '49'
      x-msedge-ref:
      - 'Ref A: D7C5FAAF9E09425F9C4153E2EC6F5733 Ref B: OSA221030114029 Ref C: 2024-09-26T04:44:18Z'
    status:
      code: 200
      message: OK
- request:
    body: null
    headers:
      Accept:
      - '*/*'
      Accept-Encoding:
      - gzip, deflate
      CommandName:
      - eventhubs namespace update
      Connection:
      - keep-alive
      ParameterSetName:
      - --name --resource-group --minimum-tls-version
      User-Agent:
      - AZURECLI/2.64.0 azsdk-python-core/1.28.0 Python/3.10.11 (Windows-10-10.0.22631-SP0)
    method: GET
    uri: https://management.azure.com/subscriptions/00000000-0000-0000-0000-000000000000/resourceGroups/cli_test_eh_namespace000001/providers/Microsoft.EventHub/namespaces/eventhubs-nscli000002?api-version=2024-05-01-preview
  response:
    body:
      string: '{"id":"/subscriptions/00000000-0000-0000-0000-000000000000/resourceGroups/cli_test_eh_namespace000001/providers/Microsoft.EventHub/namespaces/eventhubs-nscli000002","name":"eventhubs-nscli000002","type":"Microsoft.EventHub/Namespaces","location":"eastus","tags":{"k1":"v1","k2":"v2"},"properties":{"geoDataReplication":{"maxReplicationLagDurationInSeconds":0,"locations":[{"locationName":"eastus","roleType":"Primary","replicaState":"Ready"}]},"minimumTlsVersion":"1.2","publicNetworkAccess":"Enabled","disableLocalAuth":true,"zoneRedundant":true,"metricId":"326100e2-f69d-4268-8503-075374f62b6e:eventhubs-nscli000002","serviceBusEndpoint":"https://eventhubs-nscli000002.servicebus.windows.net:443/","isAutoInflateEnabled":true,"maximumThroughputUnits":25,"kafkaEnabled":true,"provisioningState":"Updating","status":"Updating","createdAt":"2024-09-26T04:40:47.4936672Z","updatedAt":"2024-09-26T04:44:20.9728599Z"},"sku":{"name":"Standard","tier":"Standard","capacity":12}}'
    headers:
      cache-control:
      - no-cache
      content-length:
      - '972'
      content-type:
      - application/json; charset=utf-8
      date:
      - Thu, 26 Sep 2024 04:44:21 GMT
      expires:
      - '-1'
      pragma:
      - no-cache
      strict-transport-security:
      - max-age=31536000; includeSubDomains
      x-cache:
      - CONFIG_NOCACHE
      x-content-type-options:
      - nosniff
      x-ms-messaging-activity-id:
      - 5e7dc85a-7239-4ef6-9f0c-142e2af392a7
      x-ms-messaging-routing-id:
      - EASTUS|EASTUS|G13|2024-09-26T04:44:21
      x-msedge-ref:
      - 'Ref A: BBD702A571994B76B8CC135059BA7B44 Ref B: OSA221030114029 Ref C: 2024-09-26T04:44:21Z'
    status:
      code: 200
      message: OK
- request:
    body: null
    headers:
      Accept:
      - '*/*'
      Accept-Encoding:
      - gzip, deflate
      CommandName:
      - eventhubs namespace update
      Connection:
      - keep-alive
      ParameterSetName:
      - --name --resource-group --minimum-tls-version
      User-Agent:
      - AZURECLI/2.64.0 azsdk-python-core/1.28.0 Python/3.10.11 (Windows-10-10.0.22631-SP0)
    method: GET
    uri: https://management.azure.com/subscriptions/00000000-0000-0000-0000-000000000000/resourceGroups/cli_test_eh_namespace000001/providers/Microsoft.EventHub/namespaces/eventhubs-nscli000002?api-version=2024-05-01-preview
  response:
    body:
      string: '{"id":"/subscriptions/00000000-0000-0000-0000-000000000000/resourceGroups/cli_test_eh_namespace000001/providers/Microsoft.EventHub/namespaces/eventhubs-nscli000002","name":"eventhubs-nscli000002","type":"Microsoft.EventHub/Namespaces","location":"eastus","tags":{"k1":"v1","k2":"v2"},"properties":{"geoDataReplication":{"maxReplicationLagDurationInSeconds":0,"locations":[{"locationName":"eastus","roleType":"Primary","replicaState":"Ready"}]},"minimumTlsVersion":"1.2","publicNetworkAccess":"Enabled","disableLocalAuth":true,"zoneRedundant":true,"metricId":"326100e2-f69d-4268-8503-075374f62b6e:eventhubs-nscli000002","serviceBusEndpoint":"https://eventhubs-nscli000002.servicebus.windows.net:443/","isAutoInflateEnabled":true,"maximumThroughputUnits":25,"kafkaEnabled":true,"provisioningState":"Succeeded","status":"Active","createdAt":"2024-09-26T04:40:47.4936672Z","updatedAt":"2024-09-26T04:44:35.9262781Z"},"sku":{"name":"Standard","tier":"Standard","capacity":12}}'
    headers:
      cache-control:
      - no-cache
      content-length:
      - '971'
      content-type:
      - application/json; charset=utf-8
      date:
      - Thu, 26 Sep 2024 04:44:52 GMT
      expires:
      - '-1'
      pragma:
      - no-cache
      strict-transport-security:
      - max-age=31536000; includeSubDomains
      x-cache:
      - CONFIG_NOCACHE
      x-content-type-options:
      - nosniff
      x-ms-messaging-activity-id:
      - 3b48ce8e-401c-40db-8e56-fbee2475ae0b
      x-ms-messaging-routing-id:
      - EASTUS|EASTUS|G5|2024-09-26T04:44:52
      x-msedge-ref:
      - 'Ref A: A0656B09DE4848428177D359402DF5A3 Ref B: OSA221030114029 Ref C: 2024-09-26T04:44:52Z'
    status:
      code: 200
      message: OK
- request:
    body: null
    headers:
      Accept:
      - application/json
      Accept-Encoding:
      - gzip, deflate
      CommandName:
      - eventhubs namespace update
      Connection:
      - keep-alive
      ParameterSetName:
      - --name --resource-group --disable-local-auth
      User-Agent:
      - AZURECLI/2.64.0 azsdk-python-core/1.28.0 Python/3.10.11 (Windows-10-10.0.22631-SP0)
    method: GET
    uri: https://management.azure.com/subscriptions/00000000-0000-0000-0000-000000000000/resourceGroups/cli_test_eh_namespace000001/providers/Microsoft.EventHub/namespaces/eventhubs-nscli000002?api-version=2024-05-01-preview
  response:
    body:
      string: '{"id":"/subscriptions/00000000-0000-0000-0000-000000000000/resourceGroups/cli_test_eh_namespace000001/providers/Microsoft.EventHub/namespaces/eventhubs-nscli000002","name":"eventhubs-nscli000002","type":"Microsoft.EventHub/Namespaces","location":"eastus","tags":{"k1":"v1","k2":"v2"},"properties":{"geoDataReplication":{"maxReplicationLagDurationInSeconds":0,"locations":[{"locationName":"eastus","roleType":"Primary","replicaState":"Ready"}]},"minimumTlsVersion":"1.2","publicNetworkAccess":"Enabled","disableLocalAuth":true,"zoneRedundant":true,"metricId":"326100e2-f69d-4268-8503-075374f62b6e:eventhubs-nscli000002","serviceBusEndpoint":"https://eventhubs-nscli000002.servicebus.windows.net:443/","isAutoInflateEnabled":true,"maximumThroughputUnits":25,"kafkaEnabled":true,"provisioningState":"Succeeded","status":"Active","createdAt":"2024-09-26T04:40:47.4936672Z","updatedAt":"2024-09-26T04:44:35.9262781Z"},"sku":{"name":"Standard","tier":"Standard","capacity":12}}'
    headers:
      cache-control:
      - no-cache
      content-length:
      - '971'
      content-type:
      - application/json; charset=utf-8
      date:
      - Thu, 26 Sep 2024 04:44:54 GMT
      expires:
      - '-1'
      pragma:
      - no-cache
      strict-transport-security:
      - max-age=31536000; includeSubDomains
      x-cache:
      - CONFIG_NOCACHE
      x-content-type-options:
      - nosniff
      x-ms-messaging-activity-id:
      - 02f6b1fb-e551-4f71-aad5-2da9e0d02be8
      x-ms-messaging-routing-id:
      - EASTUS|EASTUS|G13|2024-09-26T04:44:54
      x-msedge-ref:
      - 'Ref A: 3C77A045F3E8468B958CB53253299602 Ref B: TYO201100116023 Ref C: 2024-09-26T04:44:53Z'
    status:
      code: 200
      message: OK
- request:
    body: '{"location": "eastus", "properties": {"disableLocalAuth": false, "geoDataReplication":
      {"locations": [{"locationName": "eastus", "roleType": "Primary"}], "maxReplicationLagDurationInSeconds":
      0}, "isAutoInflateEnabled": true, "kafkaEnabled": true, "maximumThroughputUnits":
      25, "minimumTlsVersion": "1.2", "publicNetworkAccess": "Enabled", "zoneRedundant":
      true}, "sku": {"capacity": 12, "name": "Standard", "tier": "Standard"}, "tags":
      {"k1": "v1", "k2": "v2"}}'
    headers:
      Accept:
      - application/json
      Accept-Encoding:
      - gzip, deflate
      CommandName:
      - eventhubs namespace update
      Connection:
      - keep-alive
      Content-Length:
      - '462'
      Content-Type:
      - application/json
      ParameterSetName:
      - --name --resource-group --disable-local-auth
      User-Agent:
      - AZURECLI/2.64.0 azsdk-python-core/1.28.0 Python/3.10.11 (Windows-10-10.0.22631-SP0)
    method: PUT
    uri: https://management.azure.com/subscriptions/00000000-0000-0000-0000-000000000000/resourceGroups/cli_test_eh_namespace000001/providers/Microsoft.EventHub/namespaces/eventhubs-nscli000002?api-version=2024-05-01-preview
  response:
    body:
      string: '{"id":"/subscriptions/00000000-0000-0000-0000-000000000000/resourceGroups/cli_test_eh_namespace000001/providers/Microsoft.EventHub/namespaces/eventhubs-nscli000002","name":"eventhubs-nscli000002","type":"Microsoft.EventHub/Namespaces","location":"eastus","tags":{"k1":"v1","k2":"v2"},"properties":{"geoDataReplication":{"maxReplicationLagDurationInSeconds":0,"locations":[{"locationName":"eastus","roleType":"Primary","replicaState":"Ready"}]},"minimumTlsVersion":"1.2","publicNetworkAccess":"Enabled","disableLocalAuth":false,"zoneRedundant":true,"metricId":"326100e2-f69d-4268-8503-075374f62b6e:eventhubs-nscli000002","serviceBusEndpoint":"https://eventhubs-nscli000002.servicebus.windows.net:443/","isAutoInflateEnabled":true,"maximumThroughputUnits":25,"kafkaEnabled":true,"provisioningState":"Updating","status":"Updating","createdAt":"2024-09-26T04:40:47.4936672Z","updatedAt":"2024-09-26T04:44:56.1081314Z"},"sku":{"name":"Standard","tier":"Standard","capacity":12}}'
    headers:
      cache-control:
      - no-cache
      content-length:
      - '973'
      content-type:
      - application/json; charset=utf-8
      date:
      - Thu, 26 Sep 2024 04:44:56 GMT
      expires:
      - '-1'
      pragma:
      - no-cache
      strict-transport-security:
      - max-age=31536000; includeSubDomains
      x-cache:
      - CONFIG_NOCACHE
      x-content-type-options:
      - nosniff
      x-ms-messaging-activity-id:
      - 5e04ff52-f885-475d-81b2-4fd40b88f90b
      x-ms-messaging-routing-id:
      - EASTUS|EASTUS|G9|2024-09-26T04:44:56
      x-ms-ratelimit-remaining-subscription-resource-requests:
      - '49'
      x-msedge-ref:
      - 'Ref A: 0F5FA3F826BF4DD29D00F86ACE28414B Ref B: TYO201100116023 Ref C: 2024-09-26T04:44:54Z'
    status:
      code: 200
      message: OK
- request:
    body: null
    headers:
      Accept:
      - '*/*'
      Accept-Encoding:
      - gzip, deflate
      CommandName:
      - eventhubs namespace update
      Connection:
      - keep-alive
      ParameterSetName:
      - --name --resource-group --disable-local-auth
      User-Agent:
      - AZURECLI/2.64.0 azsdk-python-core/1.28.0 Python/3.10.11 (Windows-10-10.0.22631-SP0)
    method: GET
    uri: https://management.azure.com/subscriptions/00000000-0000-0000-0000-000000000000/resourceGroups/cli_test_eh_namespace000001/providers/Microsoft.EventHub/namespaces/eventhubs-nscli000002?api-version=2024-05-01-preview
  response:
    body:
      string: '{"id":"/subscriptions/00000000-0000-0000-0000-000000000000/resourceGroups/cli_test_eh_namespace000001/providers/Microsoft.EventHub/namespaces/eventhubs-nscli000002","name":"eventhubs-nscli000002","type":"Microsoft.EventHub/Namespaces","location":"eastus","tags":{"k1":"v1","k2":"v2"},"properties":{"geoDataReplication":{"maxReplicationLagDurationInSeconds":0,"locations":[{"locationName":"eastus","roleType":"Primary","replicaState":"Ready"}]},"minimumTlsVersion":"1.2","publicNetworkAccess":"Enabled","disableLocalAuth":false,"zoneRedundant":true,"metricId":"326100e2-f69d-4268-8503-075374f62b6e:eventhubs-nscli000002","serviceBusEndpoint":"https://eventhubs-nscli000002.servicebus.windows.net:443/","isAutoInflateEnabled":true,"maximumThroughputUnits":25,"kafkaEnabled":true,"provisioningState":"Updating","status":"Updating","createdAt":"2024-09-26T04:40:47.4936672Z","updatedAt":"2024-09-26T04:44:56.1081314Z"},"sku":{"name":"Standard","tier":"Standard","capacity":12}}'
    headers:
      cache-control:
      - no-cache
      content-length:
      - '973'
      content-type:
      - application/json; charset=utf-8
      date:
      - Thu, 26 Sep 2024 04:44:56 GMT
      expires:
      - '-1'
      pragma:
      - no-cache
      strict-transport-security:
      - max-age=31536000; includeSubDomains
      x-cache:
      - CONFIG_NOCACHE
      x-content-type-options:
      - nosniff
      x-ms-messaging-activity-id:
      - 7475a80d-6222-4ac5-855b-f829ab888f3b
      x-ms-messaging-routing-id:
      - EASTUS|EASTUS|G9|2024-09-26T04:44:56
      x-msedge-ref:
      - 'Ref A: 9A2D9047131D4E66B091C08E7F112A55 Ref B: TYO201100116023 Ref C: 2024-09-26T04:44:56Z'
    status:
      code: 200
      message: OK
- request:
    body: null
    headers:
      Accept:
      - '*/*'
      Accept-Encoding:
      - gzip, deflate
      CommandName:
      - eventhubs namespace update
      Connection:
      - keep-alive
      ParameterSetName:
      - --name --resource-group --disable-local-auth
      User-Agent:
      - AZURECLI/2.64.0 azsdk-python-core/1.28.0 Python/3.10.11 (Windows-10-10.0.22631-SP0)
    method: GET
    uri: https://management.azure.com/subscriptions/00000000-0000-0000-0000-000000000000/resourceGroups/cli_test_eh_namespace000001/providers/Microsoft.EventHub/namespaces/eventhubs-nscli000002?api-version=2024-05-01-preview
  response:
    body:
      string: '{"id":"/subscriptions/00000000-0000-0000-0000-000000000000/resourceGroups/cli_test_eh_namespace000001/providers/Microsoft.EventHub/namespaces/eventhubs-nscli000002","name":"eventhubs-nscli000002","type":"Microsoft.EventHub/Namespaces","location":"eastus","tags":{"k1":"v1","k2":"v2"},"properties":{"geoDataReplication":{"maxReplicationLagDurationInSeconds":0,"locations":[{"locationName":"eastus","roleType":"Primary","replicaState":"Ready"}]},"minimumTlsVersion":"1.2","publicNetworkAccess":"Enabled","disableLocalAuth":false,"zoneRedundant":true,"metricId":"326100e2-f69d-4268-8503-075374f62b6e:eventhubs-nscli000002","serviceBusEndpoint":"https://eventhubs-nscli000002.servicebus.windows.net:443/","isAutoInflateEnabled":true,"maximumThroughputUnits":25,"kafkaEnabled":true,"provisioningState":"Succeeded","status":"Active","createdAt":"2024-09-26T04:40:47.4936672Z","updatedAt":"2024-09-26T04:45:16.9679071Z"},"sku":{"name":"Standard","tier":"Standard","capacity":12}}'
    headers:
      cache-control:
      - no-cache
      content-length:
      - '972'
      content-type:
      - application/json; charset=utf-8
      date:
      - Thu, 26 Sep 2024 04:45:27 GMT
      expires:
      - '-1'
      pragma:
      - no-cache
      strict-transport-security:
      - max-age=31536000; includeSubDomains
      x-cache:
      - CONFIG_NOCACHE
      x-content-type-options:
      - nosniff
      x-ms-messaging-activity-id:
      - 6326d723-0f49-4ed7-8306-c978f45cc968
      x-ms-messaging-routing-id:
      - EASTUS|EASTUS|G10|2024-09-26T04:45:26
      x-msedge-ref:
      - 'Ref A: 7B559BC1810A4AD7BEB15DD2752088F1 Ref B: TYO201100116023 Ref C: 2024-09-26T04:45:26Z'
    status:
      code: 200
      message: OK
- request:
    body: null
    headers:
      Accept:
      - application/json
      Accept-Encoding:
      - gzip, deflate
      CommandName:
      - eventhubs namespace update
      Connection:
      - keep-alive
      ParameterSetName:
      - --name --resource-group --disable-local-auth
      User-Agent:
      - AZURECLI/2.64.0 azsdk-python-core/1.28.0 Python/3.10.11 (Windows-10-10.0.22631-SP0)
    method: GET
    uri: https://management.azure.com/subscriptions/00000000-0000-0000-0000-000000000000/resourceGroups/cli_test_eh_namespace000001/providers/Microsoft.EventHub/namespaces/eventhubs-nscli000002?api-version=2024-05-01-preview
  response:
    body:
      string: '{"id":"/subscriptions/00000000-0000-0000-0000-000000000000/resourceGroups/cli_test_eh_namespace000001/providers/Microsoft.EventHub/namespaces/eventhubs-nscli000002","name":"eventhubs-nscli000002","type":"Microsoft.EventHub/Namespaces","location":"eastus","tags":{"k1":"v1","k2":"v2"},"properties":{"geoDataReplication":{"maxReplicationLagDurationInSeconds":0,"locations":[{"locationName":"eastus","roleType":"Primary","replicaState":"Ready"}]},"minimumTlsVersion":"1.2","publicNetworkAccess":"Enabled","disableLocalAuth":false,"zoneRedundant":true,"metricId":"326100e2-f69d-4268-8503-075374f62b6e:eventhubs-nscli000002","serviceBusEndpoint":"https://eventhubs-nscli000002.servicebus.windows.net:443/","isAutoInflateEnabled":true,"maximumThroughputUnits":25,"kafkaEnabled":true,"provisioningState":"Succeeded","status":"Active","createdAt":"2024-09-26T04:40:47.4936672Z","updatedAt":"2024-09-26T04:45:16.9679071Z"},"sku":{"name":"Standard","tier":"Standard","capacity":12}}'
    headers:
      cache-control:
      - no-cache
      content-length:
      - '972'
      content-type:
      - application/json; charset=utf-8
      date:
      - Thu, 26 Sep 2024 04:45:28 GMT
      expires:
      - '-1'
      pragma:
      - no-cache
      strict-transport-security:
      - max-age=31536000; includeSubDomains
      x-cache:
      - CONFIG_NOCACHE
      x-content-type-options:
      - nosniff
      x-ms-messaging-activity-id:
      - 032e0c5e-5517-48e0-9563-7aba46f1fe3c
      x-ms-messaging-routing-id:
      - EASTUS|EASTUS|G8|2024-09-26T04:45:28
      x-msedge-ref:
      - 'Ref A: 58FFF9146E794772AC4CDFE2B2334E4B Ref B: OSA221030113035 Ref C: 2024-09-26T04:45:27Z'
    status:
      code: 200
      message: OK
- request:
    body: '{"location": "eastus", "properties": {"disableLocalAuth": true, "geoDataReplication":
      {"locations": [{"locationName": "eastus", "roleType": "Primary"}], "maxReplicationLagDurationInSeconds":
      0}, "isAutoInflateEnabled": true, "kafkaEnabled": true, "maximumThroughputUnits":
      25, "minimumTlsVersion": "1.2", "publicNetworkAccess": "Enabled", "zoneRedundant":
      true}, "sku": {"capacity": 12, "name": "Standard", "tier": "Standard"}, "tags":
      {"k1": "v1", "k2": "v2"}}'
    headers:
      Accept:
      - application/json
      Accept-Encoding:
      - gzip, deflate
      CommandName:
      - eventhubs namespace update
      Connection:
      - keep-alive
      Content-Length:
      - '461'
      Content-Type:
      - application/json
      ParameterSetName:
      - --name --resource-group --disable-local-auth
      User-Agent:
      - AZURECLI/2.64.0 azsdk-python-core/1.28.0 Python/3.10.11 (Windows-10-10.0.22631-SP0)
    method: PUT
    uri: https://management.azure.com/subscriptions/00000000-0000-0000-0000-000000000000/resourceGroups/cli_test_eh_namespace000001/providers/Microsoft.EventHub/namespaces/eventhubs-nscli000002?api-version=2024-05-01-preview
  response:
    body:
      string: '{"id":"/subscriptions/00000000-0000-0000-0000-000000000000/resourceGroups/cli_test_eh_namespace000001/providers/Microsoft.EventHub/namespaces/eventhubs-nscli000002","name":"eventhubs-nscli000002","type":"Microsoft.EventHub/Namespaces","location":"eastus","tags":{"k1":"v1","k2":"v2"},"properties":{"geoDataReplication":{"maxReplicationLagDurationInSeconds":0,"locations":[{"locationName":"eastus","roleType":"Primary","replicaState":"Ready"}]},"minimumTlsVersion":"1.2","publicNetworkAccess":"Enabled","disableLocalAuth":true,"zoneRedundant":true,"metricId":"326100e2-f69d-4268-8503-075374f62b6e:eventhubs-nscli000002","serviceBusEndpoint":"https://eventhubs-nscli000002.servicebus.windows.net:443/","isAutoInflateEnabled":true,"maximumThroughputUnits":25,"kafkaEnabled":true,"provisioningState":"Updating","status":"Updating","createdAt":"2024-09-26T04:40:47.4936672Z","updatedAt":"2024-09-26T04:45:30.2025302Z"},"sku":{"name":"Standard","tier":"Standard","capacity":12}}'
    headers:
      cache-control:
      - no-cache
      content-length:
      - '972'
      content-type:
      - application/json; charset=utf-8
      date:
      - Thu, 26 Sep 2024 04:45:29 GMT
      expires:
      - '-1'
      pragma:
      - no-cache
      strict-transport-security:
      - max-age=31536000; includeSubDomains
      x-cache:
      - CONFIG_NOCACHE
      x-content-type-options:
      - nosniff
      x-ms-messaging-activity-id:
      - de9dffd9-4255-49b1-a91d-56fb5de4f7fa
      x-ms-messaging-routing-id:
      - EASTUS|EASTUS|G8|2024-09-26T04:45:30
      x-ms-ratelimit-remaining-subscription-resource-requests:
      - '49'
      x-msedge-ref:
      - 'Ref A: 91536F3F86724F5FA3D0421AF72061B1 Ref B: OSA221030113035 Ref C: 2024-09-26T04:45:28Z'
    status:
      code: 200
      message: OK
- request:
    body: null
    headers:
      Accept:
      - '*/*'
      Accept-Encoding:
      - gzip, deflate
      CommandName:
      - eventhubs namespace update
      Connection:
      - keep-alive
      ParameterSetName:
      - --name --resource-group --disable-local-auth
      User-Agent:
      - AZURECLI/2.64.0 azsdk-python-core/1.28.0 Python/3.10.11 (Windows-10-10.0.22631-SP0)
    method: GET
    uri: https://management.azure.com/subscriptions/00000000-0000-0000-0000-000000000000/resourceGroups/cli_test_eh_namespace000001/providers/Microsoft.EventHub/namespaces/eventhubs-nscli000002?api-version=2024-05-01-preview
  response:
    body:
      string: '{"id":"/subscriptions/00000000-0000-0000-0000-000000000000/resourceGroups/cli_test_eh_namespace000001/providers/Microsoft.EventHub/namespaces/eventhubs-nscli000002","name":"eventhubs-nscli000002","type":"Microsoft.EventHub/Namespaces","location":"eastus","tags":{"k1":"v1","k2":"v2"},"properties":{"geoDataReplication":{"maxReplicationLagDurationInSeconds":0,"locations":[{"locationName":"eastus","roleType":"Primary","replicaState":"Ready"}]},"minimumTlsVersion":"1.2","publicNetworkAccess":"Enabled","disableLocalAuth":true,"zoneRedundant":true,"metricId":"326100e2-f69d-4268-8503-075374f62b6e:eventhubs-nscli000002","serviceBusEndpoint":"https://eventhubs-nscli000002.servicebus.windows.net:443/","isAutoInflateEnabled":true,"maximumThroughputUnits":25,"kafkaEnabled":true,"provisioningState":"Updating","status":"Updating","createdAt":"2024-09-26T04:40:47.4936672Z","updatedAt":"2024-09-26T04:45:30.2025302Z"},"sku":{"name":"Standard","tier":"Standard","capacity":12}}'
    headers:
      cache-control:
      - no-cache
      content-length:
      - '972'
      content-type:
      - application/json; charset=utf-8
      date:
      - Thu, 26 Sep 2024 04:45:30 GMT
      expires:
      - '-1'
      pragma:
      - no-cache
      strict-transport-security:
      - max-age=31536000; includeSubDomains
      x-cache:
      - CONFIG_NOCACHE
      x-content-type-options:
      - nosniff
      x-ms-messaging-activity-id:
      - 4aadd362-47ab-4940-964b-cf499362e777
      x-ms-messaging-routing-id:
      - EASTUS|EASTUS|G4|2024-09-26T04:45:31
      x-msedge-ref:
      - 'Ref A: 8CDCBFAB4A6846F4A5131DACE5A7D054 Ref B: OSA221030113035 Ref C: 2024-09-26T04:45:30Z'
    status:
      code: 200
      message: OK
- request:
    body: null
    headers:
      Accept:
      - '*/*'
      Accept-Encoding:
      - gzip, deflate
      CommandName:
      - eventhubs namespace update
      Connection:
      - keep-alive
      ParameterSetName:
      - --name --resource-group --disable-local-auth
      User-Agent:
      - AZURECLI/2.64.0 azsdk-python-core/1.28.0 Python/3.10.11 (Windows-10-10.0.22631-SP0)
    method: GET
    uri: https://management.azure.com/subscriptions/00000000-0000-0000-0000-000000000000/resourceGroups/cli_test_eh_namespace000001/providers/Microsoft.EventHub/namespaces/eventhubs-nscli000002?api-version=2024-05-01-preview
  response:
    body:
      string: '{"id":"/subscriptions/00000000-0000-0000-0000-000000000000/resourceGroups/cli_test_eh_namespace000001/providers/Microsoft.EventHub/namespaces/eventhubs-nscli000002","name":"eventhubs-nscli000002","type":"Microsoft.EventHub/Namespaces","location":"eastus","tags":{"k1":"v1","k2":"v2"},"properties":{"geoDataReplication":{"maxReplicationLagDurationInSeconds":0,"locations":[{"locationName":"eastus","roleType":"Primary","replicaState":"Ready"}]},"minimumTlsVersion":"1.2","publicNetworkAccess":"Enabled","disableLocalAuth":true,"zoneRedundant":true,"metricId":"326100e2-f69d-4268-8503-075374f62b6e:eventhubs-nscli000002","serviceBusEndpoint":"https://eventhubs-nscli000002.servicebus.windows.net:443/","isAutoInflateEnabled":true,"maximumThroughputUnits":25,"kafkaEnabled":true,"provisioningState":"Succeeded","status":"Active","createdAt":"2024-09-26T04:40:47.4936672Z","updatedAt":"2024-09-26T04:45:50.8780146Z"},"sku":{"name":"Standard","tier":"Standard","capacity":12}}'
    headers:
      cache-control:
      - no-cache
      content-length:
      - '971'
      content-type:
      - application/json; charset=utf-8
      date:
      - Thu, 26 Sep 2024 04:46:01 GMT
      expires:
      - '-1'
      pragma:
      - no-cache
      strict-transport-security:
      - max-age=31536000; includeSubDomains
      x-cache:
      - CONFIG_NOCACHE
      x-content-type-options:
      - nosniff
      x-ms-messaging-activity-id:
      - dfa30814-2705-436f-9919-22ba9db5428e
      x-ms-messaging-routing-id:
      - EASTUS|EASTUS|G9|2024-09-26T04:46:02
      x-msedge-ref:
      - 'Ref A: 15DE689BD64A42F7BBC623B7EBA181CE Ref B: OSA221030113035 Ref C: 2024-09-26T04:46:01Z'
    status:
      code: 200
      message: OK
- request:
    body: '{"identity": {"type": "None"}, "location": "eastus", "sku": {"name": "Standard",
      "tier": "Standard"}}'
    headers:
      Accept:
      - application/json
      Accept-Encoding:
      - gzip, deflate
      CommandName:
      - eventhubs namespace create
      Connection:
      - keep-alive
      Content-Length:
      - '101'
      Content-Type:
      - application/json
      ParameterSetName:
      - --resource-group --name --location --sku
      User-Agent:
      - AZURECLI/2.64.0 azsdk-python-core/1.28.0 Python/3.10.11 (Windows-10-10.0.22631-SP0)
    method: PUT
    uri: https://management.azure.com/subscriptions/00000000-0000-0000-0000-000000000000/resourceGroups/cli_test_eh_namespace000001/providers/Microsoft.EventHub/namespaces/eventhubs-nscli000003?api-version=2024-05-01-preview
  response:
    body:
      string: '{"id":"/subscriptions/00000000-0000-0000-0000-000000000000/resourceGroups/cli_test_eh_namespace000001/providers/Microsoft.EventHub/namespaces/eventhubs-nscli000003","name":"eventhubs-nscli000003","type":"Microsoft.EventHub/Namespaces","location":"eastus","tags":{},"properties":{"geoDataReplication":{"maxReplicationLagDurationInSeconds":0,"locations":[{"locationName":"eastus","roleType":"Primary","replicaState":"InBuild"}]},"minimumTlsVersion":"1.2","publicNetworkAccess":"Enabled","disableLocalAuth":false,"zoneRedundant":false,"metricId":"326100e2-f69d-4268-8503-075374f62b6e:eventhubs-nscli000003","serviceBusEndpoint":"https://eventhubs-nscli000003.servicebus.windows.net:443/","isAutoInflateEnabled":false,"maximumThroughputUnits":0,"kafkaEnabled":true,"provisioningState":"Creating","status":"Creating","createdAt":"2024-09-26T04:46:07.0032167Z","updatedAt":"2024-09-26T04:46:07.0032167Z"},"sku":{"name":"Standard","tier":"Standard","capacity":1}}'
    headers:
      cache-control:
      - no-cache
      content-length:
      - '956'
      content-type:
      - application/json; charset=utf-8
      date:
      - Thu, 26 Sep 2024 04:46:07 GMT
      expires:
      - '-1'
      pragma:
      - no-cache
      strict-transport-security:
      - max-age=31536000; includeSubDomains
      x-cache:
      - CONFIG_NOCACHE
      x-content-type-options:
      - nosniff
      x-ms-messaging-activity-id:
      - fb21cc14-2582-43e3-a4d1-ffbbefd1fde8
      x-ms-messaging-routing-id:
      - EASTUS|EASTUS|G6|2024-09-26T04:46:07
      x-ms-ratelimit-remaining-subscription-resource-requests:
      - '49'
      x-msedge-ref:
      - 'Ref A: 3BD9DDAECF334EE58C9CDA6EA5E733CE Ref B: TYO201100116027 Ref C: 2024-09-26T04:46:03Z'
    status:
      code: 201
      message: Created
- request:
    body: null
    headers:
      Accept:
      - '*/*'
      Accept-Encoding:
      - gzip, deflate
      CommandName:
      - eventhubs namespace create
      Connection:
      - keep-alive
      ParameterSetName:
      - --resource-group --name --location --sku
      User-Agent:
      - AZURECLI/2.64.0 azsdk-python-core/1.28.0 Python/3.10.11 (Windows-10-10.0.22631-SP0)
    method: GET
    uri: https://management.azure.com/subscriptions/00000000-0000-0000-0000-000000000000/resourceGroups/cli_test_eh_namespace000001/providers/Microsoft.EventHub/namespaces/eventhubs-nscli000003?api-version=2024-05-01-preview
  response:
    body:
      string: '{"id":"/subscriptions/00000000-0000-0000-0000-000000000000/resourceGroups/cli_test_eh_namespace000001/providers/Microsoft.EventHub/namespaces/eventhubs-nscli000003","name":"eventhubs-nscli000003","type":"Microsoft.EventHub/Namespaces","location":"eastus","tags":{},"properties":{"geoDataReplication":{"maxReplicationLagDurationInSeconds":0,"locations":[{"locationName":"eastus","roleType":"Primary","replicaState":"InBuild"}]},"minimumTlsVersion":"1.2","publicNetworkAccess":"Enabled","disableLocalAuth":false,"zoneRedundant":false,"metricId":"326100e2-f69d-4268-8503-075374f62b6e:eventhubs-nscli000003","serviceBusEndpoint":"https://eventhubs-nscli000003.servicebus.windows.net:443/","isAutoInflateEnabled":false,"maximumThroughputUnits":0,"kafkaEnabled":true,"provisioningState":"Creating","status":"Creating","createdAt":"2024-09-26T04:46:07.0032167Z","updatedAt":"2024-09-26T04:46:07.0032167Z"},"sku":{"name":"Standard","tier":"Standard","capacity":1}}'
    headers:
      cache-control:
      - no-cache
      content-length:
      - '956'
      content-type:
      - application/json; charset=utf-8
      date:
      - Thu, 26 Sep 2024 04:46:08 GMT
      expires:
      - '-1'
      pragma:
      - no-cache
      strict-transport-security:
      - max-age=31536000; includeSubDomains
      x-cache:
      - CONFIG_NOCACHE
      x-content-type-options:
      - nosniff
      x-ms-messaging-activity-id:
      - e3b89d7c-0f74-4350-9733-f4a4515b865e
      x-ms-messaging-routing-id:
      - EASTUS|EASTUS|G8|2024-09-26T04:46:08
      x-msedge-ref:
      - 'Ref A: 38857998300240FF9A2567AF566ACFD0 Ref B: TYO201100116027 Ref C: 2024-09-26T04:46:07Z'
    status:
      code: 200
      message: OK
- request:
    body: null
    headers:
      Accept:
      - '*/*'
      Accept-Encoding:
      - gzip, deflate
      CommandName:
      - eventhubs namespace create
      Connection:
      - keep-alive
      ParameterSetName:
      - --resource-group --name --location --sku
      User-Agent:
      - AZURECLI/2.64.0 azsdk-python-core/1.28.0 Python/3.10.11 (Windows-10-10.0.22631-SP0)
    method: GET
    uri: https://management.azure.com/subscriptions/00000000-0000-0000-0000-000000000000/resourceGroups/cli_test_eh_namespace000001/providers/Microsoft.EventHub/namespaces/eventhubs-nscli000003?api-version=2024-05-01-preview
  response:
    body:
      string: '{"id":"/subscriptions/00000000-0000-0000-0000-000000000000/resourceGroups/cli_test_eh_namespace000001/providers/Microsoft.EventHub/namespaces/eventhubs-nscli000003","name":"eventhubs-nscli000003","type":"Microsoft.EventHub/Namespaces","location":"eastus","tags":{},"properties":{"geoDataReplication":{"maxReplicationLagDurationInSeconds":0,"locations":[{"locationName":"eastus","roleType":"Primary","replicaState":"Ready"}]},"minimumTlsVersion":"1.2","publicNetworkAccess":"Enabled","disableLocalAuth":false,"zoneRedundant":false,"metricId":"326100e2-f69d-4268-8503-075374f62b6e:eventhubs-nscli000003","serviceBusEndpoint":"https://eventhubs-nscli000003.servicebus.windows.net:443/","isAutoInflateEnabled":false,"maximumThroughputUnits":0,"kafkaEnabled":true,"provisioningState":"Succeeded","status":"Active","createdAt":"2024-09-26T04:46:07.0032167Z","updatedAt":"2024-09-26T04:46:30.149691Z"},"sku":{"name":"Standard","tier":"Standard","capacity":1}}'
    headers:
      cache-control:
      - no-cache
      content-length:
      - '952'
      content-type:
      - application/json; charset=utf-8
      date:
      - Thu, 26 Sep 2024 04:46:39 GMT
      expires:
      - '-1'
      pragma:
      - no-cache
      strict-transport-security:
      - max-age=31536000; includeSubDomains
      x-cache:
      - CONFIG_NOCACHE
      x-content-type-options:
      - nosniff
      x-ms-messaging-activity-id:
      - 60c1f942-45ca-4476-aa50-3cba9bf52b66
      x-ms-messaging-routing-id:
      - EASTUS|EASTUS|G5|2024-09-26T04:46:39
      x-msedge-ref:
      - 'Ref A: 86146FBDF0F449B688CBB31F3AE6FD7E Ref B: TYO201100116027 Ref C: 2024-09-26T04:46:38Z'
    status:
      code: 200
      message: OK
- request:
    body: '{"identity": {"type": "None"}, "location": "eastus", "sku": {"name": "Premium",
      "tier": "Premium"}}'
    headers:
      Accept:
      - application/json
      Accept-Encoding:
      - gzip, deflate
      CommandName:
      - eventhubs namespace create
      Connection:
      - keep-alive
      Content-Length:
      - '99'
      Content-Type:
      - application/json
      ParameterSetName:
      - --resource-group --name --location --sku
      User-Agent:
      - AZURECLI/2.64.0 azsdk-python-core/1.28.0 Python/3.10.11 (Windows-10-10.0.22631-SP0)
    method: PUT
    uri: https://management.azure.com/subscriptions/00000000-0000-0000-0000-000000000000/resourceGroups/cli_test_eh_namespace000001/providers/Microsoft.EventHub/namespaces/eventhubs-nscli000004?api-version=2024-05-01-preview
  response:
    body:
      string: '{"id":"/subscriptions/00000000-0000-0000-0000-000000000000/resourceGroups/cli_test_eh_namespace000001/providers/Microsoft.EventHub/namespaces/eventhubs-nscli000004","name":"eventhubs-nscli000004","type":"Microsoft.EventHub/Namespaces","location":"eastus","tags":{},"properties":{"geoDataReplication":{"maxReplicationLagDurationInSeconds":0,"locations":[{"locationName":"eastus","roleType":"Primary","replicaState":"InBuild"}]},"minimumTlsVersion":"1.2","publicNetworkAccess":"Enabled","disableLocalAuth":false,"zoneRedundant":true,"metricId":"326100e2-f69d-4268-8503-075374f62b6e:eventhubs-nscli000004","serviceBusEndpoint":"https://eventhubs-nscli000004.servicebus.windows.net:443/","isAutoInflateEnabled":false,"maximumThroughputUnits":0,"kafkaEnabled":true,"provisioningState":"Creating","status":"Creating","createdAt":"2024-09-26T04:46:43.3221478Z","updatedAt":"2024-09-26T04:46:43.3221478Z"},"sku":{"name":"Premium","tier":"Premium","capacity":1}}'
    headers:
      cache-control:
      - no-cache
      content-length:
      - '953'
      content-type:
      - application/json; charset=utf-8
      date:
      - Thu, 26 Sep 2024 04:46:42 GMT
      expires:
      - '-1'
      pragma:
      - no-cache
      strict-transport-security:
      - max-age=31536000; includeSubDomains
      x-cache:
      - CONFIG_NOCACHE
      x-content-type-options:
      - nosniff
      x-ms-messaging-activity-id:
      - 81d68c1b-63c2-4195-a296-8352d314f39e
      x-ms-messaging-routing-id:
      - EASTUS|EASTUS|G9|2024-09-26T04:46:43
      x-ms-ratelimit-remaining-subscription-resource-requests:
      - '49'
      x-msedge-ref:
      - 'Ref A: 5865D6D44DE2495FA7FADB3453D03450 Ref B: OSA221030115029 Ref C: 2024-09-26T04:46:39Z'
    status:
      code: 201
      message: Created
- request:
    body: null
    headers:
      Accept:
      - '*/*'
      Accept-Encoding:
      - gzip, deflate
      CommandName:
      - eventhubs namespace create
      Connection:
      - keep-alive
      ParameterSetName:
      - --resource-group --name --location --sku
      User-Agent:
      - AZURECLI/2.64.0 azsdk-python-core/1.28.0 Python/3.10.11 (Windows-10-10.0.22631-SP0)
    method: GET
    uri: https://management.azure.com/subscriptions/00000000-0000-0000-0000-000000000000/resourceGroups/cli_test_eh_namespace000001/providers/Microsoft.EventHub/namespaces/eventhubs-nscli000004?api-version=2024-05-01-preview
  response:
    body:
      string: '{"id":"/subscriptions/00000000-0000-0000-0000-000000000000/resourceGroups/cli_test_eh_namespace000001/providers/Microsoft.EventHub/namespaces/eventhubs-nscli000004","name":"eventhubs-nscli000004","type":"Microsoft.EventHub/Namespaces","location":"eastus","tags":{},"properties":{"geoDataReplication":{"maxReplicationLagDurationInSeconds":0,"locations":[{"locationName":"eastus","roleType":"Primary","replicaState":"InBuild"}]},"minimumTlsVersion":"1.2","publicNetworkAccess":"Enabled","disableLocalAuth":false,"zoneRedundant":true,"metricId":"326100e2-f69d-4268-8503-075374f62b6e:eventhubs-nscli000004","serviceBusEndpoint":"https://eventhubs-nscli000004.servicebus.windows.net:443/","isAutoInflateEnabled":false,"maximumThroughputUnits":0,"kafkaEnabled":true,"provisioningState":"Creating","status":"Creating","createdAt":"2024-09-26T04:46:43.3221478Z","updatedAt":"2024-09-26T04:46:43.3221478Z"},"sku":{"name":"Premium","tier":"Premium","capacity":1}}'
    headers:
      cache-control:
      - no-cache
      content-length:
      - '953'
      content-type:
      - application/json; charset=utf-8
      date:
      - Thu, 26 Sep 2024 04:46:43 GMT
      expires:
      - '-1'
      pragma:
      - no-cache
      strict-transport-security:
      - max-age=31536000; includeSubDomains
      x-cache:
      - CONFIG_NOCACHE
      x-content-type-options:
      - nosniff
      x-ms-messaging-activity-id:
      - becd2e43-a81c-44d6-802c-51ec07a2ee35
      x-ms-messaging-routing-id:
      - EASTUS|EASTUS|G10|2024-09-26T04:46:44
      x-msedge-ref:
      - 'Ref A: 437F4165574748AD9C71B0FB9DCF7A26 Ref B: OSA221030115029 Ref C: 2024-09-26T04:46:43Z'
    status:
      code: 200
      message: OK
- request:
    body: null
    headers:
      Accept:
      - '*/*'
      Accept-Encoding:
      - gzip, deflate
      CommandName:
      - eventhubs namespace create
      Connection:
      - keep-alive
      ParameterSetName:
      - --resource-group --name --location --sku
      User-Agent:
      - AZURECLI/2.64.0 azsdk-python-core/1.28.0 Python/3.10.11 (Windows-10-10.0.22631-SP0)
    method: GET
    uri: https://management.azure.com/subscriptions/00000000-0000-0000-0000-000000000000/resourceGroups/cli_test_eh_namespace000001/providers/Microsoft.EventHub/namespaces/eventhubs-nscli000004?api-version=2024-05-01-preview
  response:
    body:
      string: '{"id":"/subscriptions/00000000-0000-0000-0000-000000000000/resourceGroups/cli_test_eh_namespace000001/providers/Microsoft.EventHub/namespaces/eventhubs-nscli000004","name":"eventhubs-nscli000004","type":"Microsoft.EventHub/Namespaces","location":"eastus","tags":{},"properties":{"geoDataReplication":{"maxReplicationLagDurationInSeconds":0,"locations":[{"locationName":"eastus","roleType":"Primary","replicaState":"InBuild"}]},"minimumTlsVersion":"1.2","publicNetworkAccess":"Enabled","disableLocalAuth":false,"zoneRedundant":true,"metricId":"326100e2-f69d-4268-8503-075374f62b6e:eventhubs-nscli000004","serviceBusEndpoint":"https://eventhubs-nscli000004.servicebus.windows.net:443/","isAutoInflateEnabled":false,"maximumThroughputUnits":0,"kafkaEnabled":true,"provisioningState":"Creating","status":"Creating","createdAt":"2024-09-26T04:46:43.3221478Z","updatedAt":"2024-09-26T04:46:43.3221478Z"},"sku":{"name":"Premium","tier":"Premium","capacity":1}}'
    headers:
      cache-control:
      - no-cache
      content-length:
      - '953'
      content-type:
      - application/json; charset=utf-8
      date:
      - Thu, 26 Sep 2024 04:47:14 GMT
      expires:
      - '-1'
      pragma:
      - no-cache
      strict-transport-security:
      - max-age=31536000; includeSubDomains
      x-cache:
      - CONFIG_NOCACHE
      x-content-type-options:
      - nosniff
      x-ms-messaging-activity-id:
      - 130155c1-a7ab-4cd6-bf5b-854f3a3186f8
      x-ms-messaging-routing-id:
      - EASTUS|EASTUS|G9|2024-09-26T04:47:15
      x-msedge-ref:
      - 'Ref A: F2EE480DFB7643F7982C6CDF66AE4008 Ref B: OSA221030115029 Ref C: 2024-09-26T04:47:14Z'
    status:
      code: 200
      message: OK
- request:
    body: null
    headers:
      Accept:
      - '*/*'
      Accept-Encoding:
      - gzip, deflate
      CommandName:
      - eventhubs namespace create
      Connection:
      - keep-alive
      ParameterSetName:
      - --resource-group --name --location --sku
      User-Agent:
      - AZURECLI/2.64.0 azsdk-python-core/1.28.0 Python/3.10.11 (Windows-10-10.0.22631-SP0)
    method: GET
    uri: https://management.azure.com/subscriptions/00000000-0000-0000-0000-000000000000/resourceGroups/cli_test_eh_namespace000001/providers/Microsoft.EventHub/namespaces/eventhubs-nscli000004?api-version=2024-05-01-preview
  response:
    body:
      string: '{"id":"/subscriptions/00000000-0000-0000-0000-000000000000/resourceGroups/cli_test_eh_namespace000001/providers/Microsoft.EventHub/namespaces/eventhubs-nscli000004","name":"eventhubs-nscli000004","type":"Microsoft.EventHub/Namespaces","location":"eastus","tags":{},"properties":{"geoDataReplication":{"maxReplicationLagDurationInSeconds":0,"locations":[{"locationName":"eastus","roleType":"Primary","replicaState":"InBuild"}]},"minimumTlsVersion":"1.2","publicNetworkAccess":"Enabled","disableLocalAuth":false,"zoneRedundant":true,"metricId":"326100e2-f69d-4268-8503-075374f62b6e:eventhubs-nscli000004","serviceBusEndpoint":"https://eventhubs-nscli000004.servicebus.windows.net:443/","isAutoInflateEnabled":false,"maximumThroughputUnits":0,"kafkaEnabled":true,"provisioningState":"Creating","status":"Creating","createdAt":"2024-09-26T04:46:43.3221478Z","updatedAt":"2024-09-26T04:46:43.3221478Z"},"sku":{"name":"Premium","tier":"Premium","capacity":1}}'
    headers:
      cache-control:
      - no-cache
      content-length:
      - '953'
      content-type:
      - application/json; charset=utf-8
      date:
      - Thu, 26 Sep 2024 04:47:44 GMT
      expires:
      - '-1'
      pragma:
      - no-cache
      strict-transport-security:
      - max-age=31536000; includeSubDomains
      x-cache:
      - CONFIG_NOCACHE
      x-content-type-options:
      - nosniff
      x-ms-messaging-activity-id:
      - 014805e4-4180-4625-8a2d-fe68e394bbcf
      x-ms-messaging-routing-id:
      - EASTUS|EASTUS|G1|2024-09-26T04:47:45
      x-msedge-ref:
      - 'Ref A: 487ED1B4ECF14C28AAB6CBD55F3D1D3C Ref B: OSA221030115029 Ref C: 2024-09-26T04:47:45Z'
    status:
      code: 200
      message: OK
- request:
    body: null
    headers:
      Accept:
      - '*/*'
      Accept-Encoding:
      - gzip, deflate
      CommandName:
      - eventhubs namespace create
      Connection:
      - keep-alive
      ParameterSetName:
      - --resource-group --name --location --sku
      User-Agent:
      - AZURECLI/2.64.0 azsdk-python-core/1.28.0 Python/3.10.11 (Windows-10-10.0.22631-SP0)
    method: GET
    uri: https://management.azure.com/subscriptions/00000000-0000-0000-0000-000000000000/resourceGroups/cli_test_eh_namespace000001/providers/Microsoft.EventHub/namespaces/eventhubs-nscli000004?api-version=2024-05-01-preview
  response:
    body:
      string: '{"id":"/subscriptions/00000000-0000-0000-0000-000000000000/resourceGroups/cli_test_eh_namespace000001/providers/Microsoft.EventHub/namespaces/eventhubs-nscli000004","name":"eventhubs-nscli000004","type":"Microsoft.EventHub/Namespaces","location":"eastus","tags":{},"properties":{"geoDataReplication":{"maxReplicationLagDurationInSeconds":0,"locations":[{"locationName":"eastus","roleType":"Primary","replicaState":"Ready"}]},"minimumTlsVersion":"1.2","publicNetworkAccess":"Enabled","disableLocalAuth":false,"zoneRedundant":true,"metricId":"326100e2-f69d-4268-8503-075374f62b6e:eventhubs-nscli000004","serviceBusEndpoint":"https://eventhubs-nscli000004.servicebus.windows.net:443/","isAutoInflateEnabled":false,"maximumThroughputUnits":0,"kafkaEnabled":true,"provisioningState":"Succeeded","status":"Active","createdAt":"2024-09-26T04:46:43.3221478Z","updatedAt":"2024-09-26T04:47:49.4808989Z"},"sku":{"name":"Premium","tier":"Premium","capacity":1}}'
    headers:
      cache-control:
      - no-cache
      content-length:
      - '950'
      content-type:
      - application/json; charset=utf-8
      date:
      - Thu, 26 Sep 2024 04:48:16 GMT
      expires:
      - '-1'
      pragma:
      - no-cache
      strict-transport-security:
      - max-age=31536000; includeSubDomains
      x-cache:
      - CONFIG_NOCACHE
      x-content-type-options:
      - nosniff
      x-ms-messaging-activity-id:
      - 5f6ff516-b792-40f5-9770-e512b218aeff
      x-ms-messaging-routing-id:
      - EASTUS|EASTUS|G1|2024-09-26T04:48:16
      x-msedge-ref:
      - 'Ref A: 240F76B0ECBE4AC7ACD4142393067C70 Ref B: OSA221030115029 Ref C: 2024-09-26T04:48:15Z'
    status:
      code: 200
      message: OK
- request:
    body: null
    headers:
      Accept:
      - application/json
      Accept-Encoding:
      - gzip, deflate
      CommandName:
      - eventhubs namespace list
      Connection:
      - keep-alive
      ParameterSetName:
      - --resource-group
      User-Agent:
      - AZURECLI/2.64.0 azsdk-python-core/1.28.0 Python/3.10.11 (Windows-10-10.0.22631-SP0)
    method: GET
    uri: https://management.azure.com/subscriptions/00000000-0000-0000-0000-000000000000/resourceGroups/cli_test_eh_namespace000001/providers/Microsoft.EventHub/namespaces?api-version=2023-01-01-preview
  response:
    body:
      string: '{"value":[{"id":"/subscriptions/00000000-0000-0000-0000-000000000000/resourceGroups/cli_test_eh_namespace000001/providers/Microsoft.EventHub/namespaces/eventhubs-nscli000003","name":"eventhubs-nscli000003","type":"Microsoft.EventHub/Namespaces","location":"eastus","tags":{},"properties":{"geoDataReplication":{"maxReplicationLagDurationInSeconds":0,"locations":[{"locationName":"eastus","roleType":"Primary","replicaState":"Ready"}]},"minimumTlsVersion":"1.2","publicNetworkAccess":"Enabled","disableLocalAuth":false,"zoneRedundant":false,"metricId":"326100e2-f69d-4268-8503-075374f62b6e:eventhubs-nscli000003","serviceBusEndpoint":"https://eventhubs-nscli000003.servicebus.windows.net:443/","isAutoInflateEnabled":false,"maximumThroughputUnits":0,"kafkaEnabled":true,"provisioningState":"Succeeded","status":"Active","createdAt":"2024-09-26T04:46:07.0032167Z","updatedAt":"2024-09-26T04:46:30.149691Z"},"sku":{"name":"Standard","tier":"Standard","capacity":1}},{"id":"/subscriptions/00000000-0000-0000-0000-000000000000/resourceGroups/cli_test_eh_namespace000001/providers/Microsoft.EventHub/namespaces/eventhubs-nscli000002","name":"eventhubs-nscli000002","type":"Microsoft.EventHub/Namespaces","location":"eastus","tags":{"k1":"v1","k2":"v2"},"properties":{"geoDataReplication":{"maxReplicationLagDurationInSeconds":0,"locations":[{"locationName":"eastus","roleType":"Primary","replicaState":"Ready"}]},"minimumTlsVersion":"1.2","publicNetworkAccess":"Enabled","disableLocalAuth":true,"zoneRedundant":true,"metricId":"326100e2-f69d-4268-8503-075374f62b6e:eventhubs-nscli000002","serviceBusEndpoint":"https://eventhubs-nscli000002.servicebus.windows.net:443/","isAutoInflateEnabled":true,"maximumThroughputUnits":25,"kafkaEnabled":true,"provisioningState":"Succeeded","status":"Active","createdAt":"2024-09-26T04:40:47.4936672Z","updatedAt":"2024-09-26T04:45:50.8780146Z"},"sku":{"name":"Standard","tier":"Standard","capacity":12}},{"id":"/subscriptions/00000000-0000-0000-0000-000000000000/resourceGroups/cli_test_eh_namespace000001/providers/Microsoft.EventHub/namespaces/eventhubs-nscli000004","name":"eventhubs-nscli000004","type":"Microsoft.EventHub/Namespaces","location":"eastus","tags":{},"properties":{"geoDataReplication":{"maxReplicationLagDurationInSeconds":0,"locations":[{"locationName":"eastus","roleType":"Primary","replicaState":"Ready"}]},"minimumTlsVersion":"1.2","publicNetworkAccess":"Enabled","disableLocalAuth":false,"zoneRedundant":true,"metricId":"326100e2-f69d-4268-8503-075374f62b6e:eventhubs-nscli000004","serviceBusEndpoint":"https://eventhubs-nscli000004.servicebus.windows.net:443/","isAutoInflateEnabled":false,"maximumThroughputUnits":0,"kafkaEnabled":true,"provisioningState":"Succeeded","status":"Active","createdAt":"2024-09-26T04:46:43.3221478Z","updatedAt":"2024-09-26T04:47:49.4808989Z"},"sku":{"name":"Premium","tier":"Premium","capacity":1}}]}'
    headers:
      cache-control:
      - no-cache
      content-length:
      - '2887'
      content-type:
      - application/json; charset=utf-8
      date:
      - Thu, 26 Sep 2024 04:48:17 GMT
      expires:
      - '-1'
      pragma:
      - no-cache
      strict-transport-security:
      - max-age=31536000; includeSubDomains
      x-cache:
      - CONFIG_NOCACHE
      x-content-type-options:
      - nosniff
      x-ms-messaging-activity-id:
      - ca7ae03a-81d4-4f2e-8879-f8ddc7a88e47
      x-ms-messaging-routing-id:
      - EASTUS|EASTUS|G3|2024-09-26T04:48:18
      x-msedge-ref:
      - 'Ref A: A8255BC862974357B4FCD55B2F367716 Ref B: OSA221030116025 Ref C: 2024-09-26T04:48:17Z'
    status:
      code: 200
      message: OK
- request:
    body: null
    headers:
      Accept:
      - '*/*'
      Accept-Encoding:
      - gzip, deflate
      CommandName:
      - eventhubs namespace delete
      Connection:
      - keep-alive
      Content-Length:
      - '0'
      ParameterSetName:
      - --resource-group --name
      User-Agent:
      - AZURECLI/2.64.0 azsdk-python-core/1.28.0 Python/3.10.11 (Windows-10-10.0.22631-SP0)
    method: DELETE
    uri: https://management.azure.com/subscriptions/00000000-0000-0000-0000-000000000000/resourceGroups/cli_test_eh_namespace000001/providers/Microsoft.EventHub/namespaces/eventhubs-nscli000002?api-version=2024-05-01-preview
  response:
    body:
      string: ''
    headers:
      azure-asyncoperation:
      - https://management.azure.com/subscriptions/00000000-0000-0000-0000-000000000000/providers/Microsoft.EventHub/locations/eastus/namespaceOperationResults/9223fea9-e8e8-4895-8b61-2d231a6249f1?isAsyncHeader=true&resourceName=eventhubs-nscli000002&resourceType=namespace&api-version=2024-05-01-preview&operationType=Deleted&t=638629229008723858&c=MIIHhzCCBm-gAwIBAgITfAWHizdXQLRDd48J5AAABYeLNzANBgkqhkiG9w0BAQsFADBEMRMwEQYKCZImiZPyLGQBGRYDR0JMMRMwEQYKCZImiZPyLGQBGRYDQU1FMRgwFgYDVQQDEw9BTUUgSW5mcmEgQ0EgMDUwHhcNMjQwOTIyMTIwNDAzWhcNMjUwMzIxMTIwNDAzWjBAMT4wPAYDVQQDEzVhc3luY29wZXJhdGlvbnNpZ25pbmdjZXJ0aWZpY2F0ZS5tYW5hZ2VtZW50LmF6dXJlLmNvbTCCASIwDQYJKoZIhvcNAQEBBQADggEPADCCAQoCggEBAL3CpUYjuxooJSSrwK19FjzhBOC6rpM2nxEk8ZwpswjmQSs4371lD9cjpzoi1V66izrOAQO5dR4T7CBAdxC_T1La7B_GC0BLToEfDbOMLuij5eJKkGy743BYmNo5FXMcmO2f2PyZA8Q8FMkBzYwcpUlCBt0ofvjmFjb0o14-l_wkV8cVq6NA5rj5vzYRXrcBBDx0DXZzx0ey-DalD8BI5Efxzl0sFnA-qqtfi2y6thqMlNPWuGqiYFNmkko5caGs3a7hQy_mx3XdCDy2aWq0YXIqdiyYCA4MGA_vLQtjCUcC4EnHaLnPm-9OGFhKZHQZ2hQEFIYnnCNvsSRVaHBIatkCAwEAAaOCBHQwggRwMCcGCSsGAQQBgjcVCgQaMBgwCgYIKwYBBQUHAwEwCgYIKwYBBQUHAwIwPQYJKwYBBAGCNxUHBDAwLgYmKwYBBAGCNxUIhpDjDYTVtHiE8Ys-hZvdFs6dEoFghfmRS4WsmTQCAWQCAQcwggHLBggrBgEFBQcBAQSCAb0wggG5MGMGCCsGAQUFBzAChldodHRwOi8vY3JsLm1pY3Jvc29mdC5jb20vcGtpaW5mcmEvQ2VydHMvQ08xUEtJSU5UQ0EwMS5BTUUuR0JMX0FNRSUyMEluZnJhJTIwQ0ElMjAwNS5jcnQwUwYIKwYBBQUHMAKGR2h0dHA6Ly9jcmwxLmFtZS5nYmwvYWlhL0NPMVBLSUlOVENBMDEuQU1FLkdCTF9BTUUlMjBJbmZyYSUyMENBJTIwMDUuY3J0MFMGCCsGAQUFBzAChkdodHRwOi8vY3JsMi5hbWUuZ2JsL2FpYS9DTzFQS0lJTlRDQTAxLkFNRS5HQkxfQU1FJTIwSW5mcmElMjBDQSUyMDA1LmNydDBTBggrBgEFBQcwAoZHaHR0cDovL2NybDMuYW1lLmdibC9haWEvQ08xUEtJSU5UQ0EwMS5BTUUuR0JMX0FNRSUyMEluZnJhJTIwQ0ElMjAwNS5jcnQwUwYIKwYBBQUHMAKGR2h0dHA6Ly9jcmw0LmFtZS5nYmwvYWlhL0NPMVBLSUlOVENBMDEuQU1FLkdCTF9BTUUlMjBJbmZyYSUyMENBJTIwMDUuY3J0MB0GA1UdDgQWBBR539nE3pOaYqC09YY5sInoMk2T-DAOBgNVHQ8BAf8EBAMCBaAwggEmBgNVHR8EggEdMIIBGTCCARWgggERoIIBDYY_aHR0cDovL2NybC5taWNyb3NvZnQuY29tL3BraWluZnJhL0NSTC9BTUUlMjBJbmZyYSUyMENBJTIwMDUuY3JshjFodHRwOi8vY3JsMS5hbWUuZ2JsL2NybC9BTUUlMjBJbmZyYSUyMENBJTIwMDUuY3JshjFodHRwOi8vY3JsMi5hbWUuZ2JsL2NybC9BTUUlMjBJbmZyYSUyMENBJTIwMDUuY3JshjFodHRwOi8vY3JsMy5hbWUuZ2JsL2NybC9BTUUlMjBJbmZyYSUyMENBJTIwMDUuY3JshjFodHRwOi8vY3JsNC5hbWUuZ2JsL2NybC9BTUUlMjBJbmZyYSUyMENBJTIwMDUuY3JsMIGdBgNVHSAEgZUwgZIwDAYKKwYBBAGCN3sBATBmBgorBgEEAYI3ewICMFgwVgYIKwYBBQUHAgIwSh5IADMAMwBlADAAMQA5ADIAMQAtADQAZAA2ADQALQA0AGYAOABjAC0AYQAwADUANQAtADUAYgBkAGEAZgBmAGQANQBlADMAMwBkMAwGCisGAQQBgjd7AwEwDAYKKwYBBAGCN3sEAjAfBgNVHSMEGDAWgBR61hmFKHlscXYeYPjzS--iBUIWHTAdBgNVHSUEFjAUBggrBgEFBQcDAQYIKwYBBQUHAwIwDQYJKoZIhvcNAQELBQADggEBAFQ1zkLj2l7rlyrM4j2l8rtJkHitIxnUkLkyeLRrVxZPkfV1_ABjrmrKVHwks1TT5vv190Z1rSszJ8F3BMbapuqZk7TG_eHqRVKnkNYrwXEAn99VULWloNnmsKbnii5qgA26KvYkNcrxJ4L_9pCm3mT47A_mvHkzKnovgy4XLdvqRPL1QGC_Itw4Y4QCb11tEdDabhFYx2hY0zhM3voH4pW_42NbuG3xwNLFeA2LThOsGcf_4F8bzQ6Pm__uo-XrnBE13ERimgL86M-z9h6W2bQUcKXqAf_RhKjv5ai9GEnITD2aoXBO8tu85DelvTvuH12hn2s2xEeYNMURYXNCzYc&s=LzldqCTybjw8UAPAUjD-WOZYsR-zr9CSeg1mDbtq394CSWy11WtWJG-9iEohYkEQjL4UrVwrlcXITwi_cuO4x7-w2JKIafiMx37dQFDq8UW0eqTLD1ZDFBojE16q0x7ZmXmCZQVewJRHmSdJyUlNxfIadABFNCSWwla3FroXERVY7JTYRqzjOLpWrUZtm0Py4vgdu8Qwhark-W3jwInK79O_J4CCWbZQ7oDplKiDXy5rCkDBOM_LxfmiTRVUe-8DEUnww-zcPRrpiGSzy8SN_iVZttZc3bzPyLexJjOwah5Hh5wQVo7OGW9YvLgn2z3UWWz1dhvTyBVAr2LxkNaOdw&h=OfkQInnkTvS1-IYXETHaivJNMM1QcHQ2uEmFzigZ2j0
      cache-control:
      - no-cache
      content-length:
      - '0'
      date:
      - Thu, 26 Sep 2024 04:48:20 GMT
      expires:
      - '-1'
      location:
      - https://management.azure.com/subscriptions/00000000-0000-0000-0000-000000000000/providers/Microsoft.EventHub/locations/eastus/namespaceOperationResults/9223fea9-e8e8-4895-8b61-2d231a6249f1?isAsyncHeader=false&resourceName=eventhubs-nscli000002&resourceType=namespace&api-version=2024-05-01-preview&operationType=Deleted&t=638629229008880081&c=MIIHhzCCBm-gAwIBAgITfAWHizdXQLRDd48J5AAABYeLNzANBgkqhkiG9w0BAQsFADBEMRMwEQYKCZImiZPyLGQBGRYDR0JMMRMwEQYKCZImiZPyLGQBGRYDQU1FMRgwFgYDVQQDEw9BTUUgSW5mcmEgQ0EgMDUwHhcNMjQwOTIyMTIwNDAzWhcNMjUwMzIxMTIwNDAzWjBAMT4wPAYDVQQDEzVhc3luY29wZXJhdGlvbnNpZ25pbmdjZXJ0aWZpY2F0ZS5tYW5hZ2VtZW50LmF6dXJlLmNvbTCCASIwDQYJKoZIhvcNAQEBBQADggEPADCCAQoCggEBAL3CpUYjuxooJSSrwK19FjzhBOC6rpM2nxEk8ZwpswjmQSs4371lD9cjpzoi1V66izrOAQO5dR4T7CBAdxC_T1La7B_GC0BLToEfDbOMLuij5eJKkGy743BYmNo5FXMcmO2f2PyZA8Q8FMkBzYwcpUlCBt0ofvjmFjb0o14-l_wkV8cVq6NA5rj5vzYRXrcBBDx0DXZzx0ey-DalD8BI5Efxzl0sFnA-qqtfi2y6thqMlNPWuGqiYFNmkko5caGs3a7hQy_mx3XdCDy2aWq0YXIqdiyYCA4MGA_vLQtjCUcC4EnHaLnPm-9OGFhKZHQZ2hQEFIYnnCNvsSRVaHBIatkCAwEAAaOCBHQwggRwMCcGCSsGAQQBgjcVCgQaMBgwCgYIKwYBBQUHAwEwCgYIKwYBBQUHAwIwPQYJKwYBBAGCNxUHBDAwLgYmKwYBBAGCNxUIhpDjDYTVtHiE8Ys-hZvdFs6dEoFghfmRS4WsmTQCAWQCAQcwggHLBggrBgEFBQcBAQSCAb0wggG5MGMGCCsGAQUFBzAChldodHRwOi8vY3JsLm1pY3Jvc29mdC5jb20vcGtpaW5mcmEvQ2VydHMvQ08xUEtJSU5UQ0EwMS5BTUUuR0JMX0FNRSUyMEluZnJhJTIwQ0ElMjAwNS5jcnQwUwYIKwYBBQUHMAKGR2h0dHA6Ly9jcmwxLmFtZS5nYmwvYWlhL0NPMVBLSUlOVENBMDEuQU1FLkdCTF9BTUUlMjBJbmZyYSUyMENBJTIwMDUuY3J0MFMGCCsGAQUFBzAChkdodHRwOi8vY3JsMi5hbWUuZ2JsL2FpYS9DTzFQS0lJTlRDQTAxLkFNRS5HQkxfQU1FJTIwSW5mcmElMjBDQSUyMDA1LmNydDBTBggrBgEFBQcwAoZHaHR0cDovL2NybDMuYW1lLmdibC9haWEvQ08xUEtJSU5UQ0EwMS5BTUUuR0JMX0FNRSUyMEluZnJhJTIwQ0ElMjAwNS5jcnQwUwYIKwYBBQUHMAKGR2h0dHA6Ly9jcmw0LmFtZS5nYmwvYWlhL0NPMVBLSUlOVENBMDEuQU1FLkdCTF9BTUUlMjBJbmZyYSUyMENBJTIwMDUuY3J0MB0GA1UdDgQWBBR539nE3pOaYqC09YY5sInoMk2T-DAOBgNVHQ8BAf8EBAMCBaAwggEmBgNVHR8EggEdMIIBGTCCARWgggERoIIBDYY_aHR0cDovL2NybC5taWNyb3NvZnQuY29tL3BraWluZnJhL0NSTC9BTUUlMjBJbmZyYSUyMENBJTIwMDUuY3JshjFodHRwOi8vY3JsMS5hbWUuZ2JsL2NybC9BTUUlMjBJbmZyYSUyMENBJTIwMDUuY3JshjFodHRwOi8vY3JsMi5hbWUuZ2JsL2NybC9BTUUlMjBJbmZyYSUyMENBJTIwMDUuY3JshjFodHRwOi8vY3JsMy5hbWUuZ2JsL2NybC9BTUUlMjBJbmZyYSUyMENBJTIwMDUuY3JshjFodHRwOi8vY3JsNC5hbWUuZ2JsL2NybC9BTUUlMjBJbmZyYSUyMENBJTIwMDUuY3JsMIGdBgNVHSAEgZUwgZIwDAYKKwYBBAGCN3sBATBmBgorBgEEAYI3ewICMFgwVgYIKwYBBQUHAgIwSh5IADMAMwBlADAAMQA5ADIAMQAtADQAZAA2ADQALQA0AGYAOABjAC0AYQAwADUANQAtADUAYgBkAGEAZgBmAGQANQBlADMAMwBkMAwGCisGAQQBgjd7AwEwDAYKKwYBBAGCN3sEAjAfBgNVHSMEGDAWgBR61hmFKHlscXYeYPjzS--iBUIWHTAdBgNVHSUEFjAUBggrBgEFBQcDAQYIKwYBBQUHAwIwDQYJKoZIhvcNAQELBQADggEBAFQ1zkLj2l7rlyrM4j2l8rtJkHitIxnUkLkyeLRrVxZPkfV1_ABjrmrKVHwks1TT5vv190Z1rSszJ8F3BMbapuqZk7TG_eHqRVKnkNYrwXEAn99VULWloNnmsKbnii5qgA26KvYkNcrxJ4L_9pCm3mT47A_mvHkzKnovgy4XLdvqRPL1QGC_Itw4Y4QCb11tEdDabhFYx2hY0zhM3voH4pW_42NbuG3xwNLFeA2LThOsGcf_4F8bzQ6Pm__uo-XrnBE13ERimgL86M-z9h6W2bQUcKXqAf_RhKjv5ai9GEnITD2aoXBO8tu85DelvTvuH12hn2s2xEeYNMURYXNCzYc&s=YNARy9pelTrjqcTBsbnPp-YoKfEIw_1dEZecgs88WlMf2r95YiyksGcJfxQq7_Tn_6wmaQO9IcYjF-ZU_dM3TUFhV7-IBRYMQuJ1wjR5Bto0IENTM1G2z76R2uNhBG8bDZrFSf1Sb-H17cLFinBCgWLQeZe67OPYoHt7p4qQdkNlmZh4y9Ie-BJsqLFVhaRAIPOu2vYLNyrFXpvELsRqEAAsKNZ3nHBvRFpRDqRc6S3142_AJ0AfvWuKAT2aALkQP6nIj7dS3V0CeofD1FQGaLns2CfZw9q1K9rFD7VeuLAxFC9i3WAQDe3e-a-Zm-v1-YEr2u-DvsJwDuU5soUdxg&h=r2zIEIQFesVlD3-ruT0gBCmXUApXvFQQqKOaj2XmmUM
      pragma:
      - no-cache
      strict-transport-security:
      - max-age=31536000; includeSubDomains
      x-cache:
      - CONFIG_NOCACHE
      x-content-type-options:
      - nosniff
      x-ms-messaging-activity-id:
      - 00000001-0000-0000-0002-000000003976
      x-ms-messaging-routing-id:
      - EASTUS|EASTUS|G13|2024-09-26T04:48:20
      x-ms-ratelimit-remaining-subscription-deletes:
      - '14999'
      x-msedge-ref:
      - 'Ref A: 4A4304ED33B5438F8B6F1E33660554A8 Ref B: TYO201100113009 Ref C: 2024-09-26T04:48:18Z'
    status:
      code: 202
      message: Accepted
- request:
    body: null
    headers:
      Accept:
      - '*/*'
      Accept-Encoding:
      - gzip, deflate
      CommandName:
      - eventhubs namespace delete
      Connection:
      - keep-alive
      ParameterSetName:
      - --resource-group --name
      User-Agent:
      - AZURECLI/2.64.0 azsdk-python-core/1.28.0 Python/3.10.11 (Windows-10-10.0.22631-SP0)
    method: GET
    uri: https://management.azure.com/subscriptions/00000000-0000-0000-0000-000000000000/providers/Microsoft.EventHub/locations/eastus/namespaceOperationResults/9223fea9-e8e8-4895-8b61-2d231a6249f1?isAsyncHeader=true&resourceName=eventhubs-nscli000002&resourceType=namespace&api-version=2024-05-01-preview&operationType=Deleted&t=638629229008723858&c=MIIHhzCCBm-gAwIBAgITfAWHizdXQLRDd48J5AAABYeLNzANBgkqhkiG9w0BAQsFADBEMRMwEQYKCZImiZPyLGQBGRYDR0JMMRMwEQYKCZImiZPyLGQBGRYDQU1FMRgwFgYDVQQDEw9BTUUgSW5mcmEgQ0EgMDUwHhcNMjQwOTIyMTIwNDAzWhcNMjUwMzIxMTIwNDAzWjBAMT4wPAYDVQQDEzVhc3luY29wZXJhdGlvbnNpZ25pbmdjZXJ0aWZpY2F0ZS5tYW5hZ2VtZW50LmF6dXJlLmNvbTCCASIwDQYJKoZIhvcNAQEBBQADggEPADCCAQoCggEBAL3CpUYjuxooJSSrwK19FjzhBOC6rpM2nxEk8ZwpswjmQSs4371lD9cjpzoi1V66izrOAQO5dR4T7CBAdxC_T1La7B_GC0BLToEfDbOMLuij5eJKkGy743BYmNo5FXMcmO2f2PyZA8Q8FMkBzYwcpUlCBt0ofvjmFjb0o14-l_wkV8cVq6NA5rj5vzYRXrcBBDx0DXZzx0ey-DalD8BI5Efxzl0sFnA-qqtfi2y6thqMlNPWuGqiYFNmkko5caGs3a7hQy_mx3XdCDy2aWq0YXIqdiyYCA4MGA_vLQtjCUcC4EnHaLnPm-9OGFhKZHQZ2hQEFIYnnCNvsSRVaHBIatkCAwEAAaOCBHQwggRwMCcGCSsGAQQBgjcVCgQaMBgwCgYIKwYBBQUHAwEwCgYIKwYBBQUHAwIwPQYJKwYBBAGCNxUHBDAwLgYmKwYBBAGCNxUIhpDjDYTVtHiE8Ys-hZvdFs6dEoFghfmRS4WsmTQCAWQCAQcwggHLBggrBgEFBQcBAQSCAb0wggG5MGMGCCsGAQUFBzAChldodHRwOi8vY3JsLm1pY3Jvc29mdC5jb20vcGtpaW5mcmEvQ2VydHMvQ08xUEtJSU5UQ0EwMS5BTUUuR0JMX0FNRSUyMEluZnJhJTIwQ0ElMjAwNS5jcnQwUwYIKwYBBQUHMAKGR2h0dHA6Ly9jcmwxLmFtZS5nYmwvYWlhL0NPMVBLSUlOVENBMDEuQU1FLkdCTF9BTUUlMjBJbmZyYSUyMENBJTIwMDUuY3J0MFMGCCsGAQUFBzAChkdodHRwOi8vY3JsMi5hbWUuZ2JsL2FpYS9DTzFQS0lJTlRDQTAxLkFNRS5HQkxfQU1FJTIwSW5mcmElMjBDQSUyMDA1LmNydDBTBggrBgEFBQcwAoZHaHR0cDovL2NybDMuYW1lLmdibC9haWEvQ08xUEtJSU5UQ0EwMS5BTUUuR0JMX0FNRSUyMEluZnJhJTIwQ0ElMjAwNS5jcnQwUwYIKwYBBQUHMAKGR2h0dHA6Ly9jcmw0LmFtZS5nYmwvYWlhL0NPMVBLSUlOVENBMDEuQU1FLkdCTF9BTUUlMjBJbmZyYSUyMENBJTIwMDUuY3J0MB0GA1UdDgQWBBR539nE3pOaYqC09YY5sInoMk2T-DAOBgNVHQ8BAf8EBAMCBaAwggEmBgNVHR8EggEdMIIBGTCCARWgggERoIIBDYY_aHR0cDovL2NybC5taWNyb3NvZnQuY29tL3BraWluZnJhL0NSTC9BTUUlMjBJbmZyYSUyMENBJTIwMDUuY3JshjFodHRwOi8vY3JsMS5hbWUuZ2JsL2NybC9BTUUlMjBJbmZyYSUyMENBJTIwMDUuY3JshjFodHRwOi8vY3JsMi5hbWUuZ2JsL2NybC9BTUUlMjBJbmZyYSUyMENBJTIwMDUuY3JshjFodHRwOi8vY3JsMy5hbWUuZ2JsL2NybC9BTUUlMjBJbmZyYSUyMENBJTIwMDUuY3JshjFodHRwOi8vY3JsNC5hbWUuZ2JsL2NybC9BTUUlMjBJbmZyYSUyMENBJTIwMDUuY3JsMIGdBgNVHSAEgZUwgZIwDAYKKwYBBAGCN3sBATBmBgorBgEEAYI3ewICMFgwVgYIKwYBBQUHAgIwSh5IADMAMwBlADAAMQA5ADIAMQAtADQAZAA2ADQALQA0AGYAOABjAC0AYQAwADUANQAtADUAYgBkAGEAZgBmAGQANQBlADMAMwBkMAwGCisGAQQBgjd7AwEwDAYKKwYBBAGCN3sEAjAfBgNVHSMEGDAWgBR61hmFKHlscXYeYPjzS--iBUIWHTAdBgNVHSUEFjAUBggrBgEFBQcDAQYIKwYBBQUHAwIwDQYJKoZIhvcNAQELBQADggEBAFQ1zkLj2l7rlyrM4j2l8rtJkHitIxnUkLkyeLRrVxZPkfV1_ABjrmrKVHwks1TT5vv190Z1rSszJ8F3BMbapuqZk7TG_eHqRVKnkNYrwXEAn99VULWloNnmsKbnii5qgA26KvYkNcrxJ4L_9pCm3mT47A_mvHkzKnovgy4XLdvqRPL1QGC_Itw4Y4QCb11tEdDabhFYx2hY0zhM3voH4pW_42NbuG3xwNLFeA2LThOsGcf_4F8bzQ6Pm__uo-XrnBE13ERimgL86M-z9h6W2bQUcKXqAf_RhKjv5ai9GEnITD2aoXBO8tu85DelvTvuH12hn2s2xEeYNMURYXNCzYc&s=LzldqCTybjw8UAPAUjD-WOZYsR-zr9CSeg1mDbtq394CSWy11WtWJG-9iEohYkEQjL4UrVwrlcXITwi_cuO4x7-w2JKIafiMx37dQFDq8UW0eqTLD1ZDFBojE16q0x7ZmXmCZQVewJRHmSdJyUlNxfIadABFNCSWwla3FroXERVY7JTYRqzjOLpWrUZtm0Py4vgdu8Qwhark-W3jwInK79O_J4CCWbZQ7oDplKiDXy5rCkDBOM_LxfmiTRVUe-8DEUnww-zcPRrpiGSzy8SN_iVZttZc3bzPyLexJjOwah5Hh5wQVo7OGW9YvLgn2z3UWWz1dhvTyBVAr2LxkNaOdw&h=OfkQInnkTvS1-IYXETHaivJNMM1QcHQ2uEmFzigZ2j0
  response:
    body:
      string: '{"name":"9223fea9-e8e8-4895-8b61-2d231a6249f1","status":"Running"}'
    headers:
      cache-control:
      - no-cache
      content-length:
      - '66'
      content-type:
      - application/json; charset=utf-8
      date:
      - Thu, 26 Sep 2024 04:48:21 GMT
      expires:
      - '-1'
      pragma:
      - no-cache
      strict-transport-security:
      - max-age=31536000; includeSubDomains
      x-cache:
      - CONFIG_NOCACHE
      x-content-type-options:
      - nosniff
      x-ms-messaging-activity-id:
      - 8b952c24-690e-4ef3-b050-fbf360e93ecd
      x-ms-messaging-routing-id:
      - EASTUS|EASTUS|G8|2024-09-26T04:48:21
      x-msedge-ref:
      - 'Ref A: 1391112FD4D84A098B1BA06BB99AC70A Ref B: TYO201100113009 Ref C: 2024-09-26T04:48:20Z'
    status:
      code: 200
      message: OK
- request:
    body: null
    headers:
      Accept:
      - '*/*'
      Accept-Encoding:
      - gzip, deflate
      CommandName:
      - eventhubs namespace delete
      Connection:
      - keep-alive
      ParameterSetName:
      - --resource-group --name
      User-Agent:
      - AZURECLI/2.64.0 azsdk-python-core/1.28.0 Python/3.10.11 (Windows-10-10.0.22631-SP0)
    method: GET
    uri: https://management.azure.com/subscriptions/00000000-0000-0000-0000-000000000000/providers/Microsoft.EventHub/locations/eastus/namespaceOperationResults/9223fea9-e8e8-4895-8b61-2d231a6249f1?isAsyncHeader=true&resourceName=eventhubs-nscli000002&resourceType=namespace&api-version=2024-05-01-preview&operationType=Deleted&t=638629229008723858&c=MIIHhzCCBm-gAwIBAgITfAWHizdXQLRDd48J5AAABYeLNzANBgkqhkiG9w0BAQsFADBEMRMwEQYKCZImiZPyLGQBGRYDR0JMMRMwEQYKCZImiZPyLGQBGRYDQU1FMRgwFgYDVQQDEw9BTUUgSW5mcmEgQ0EgMDUwHhcNMjQwOTIyMTIwNDAzWhcNMjUwMzIxMTIwNDAzWjBAMT4wPAYDVQQDEzVhc3luY29wZXJhdGlvbnNpZ25pbmdjZXJ0aWZpY2F0ZS5tYW5hZ2VtZW50LmF6dXJlLmNvbTCCASIwDQYJKoZIhvcNAQEBBQADggEPADCCAQoCggEBAL3CpUYjuxooJSSrwK19FjzhBOC6rpM2nxEk8ZwpswjmQSs4371lD9cjpzoi1V66izrOAQO5dR4T7CBAdxC_T1La7B_GC0BLToEfDbOMLuij5eJKkGy743BYmNo5FXMcmO2f2PyZA8Q8FMkBzYwcpUlCBt0ofvjmFjb0o14-l_wkV8cVq6NA5rj5vzYRXrcBBDx0DXZzx0ey-DalD8BI5Efxzl0sFnA-qqtfi2y6thqMlNPWuGqiYFNmkko5caGs3a7hQy_mx3XdCDy2aWq0YXIqdiyYCA4MGA_vLQtjCUcC4EnHaLnPm-9OGFhKZHQZ2hQEFIYnnCNvsSRVaHBIatkCAwEAAaOCBHQwggRwMCcGCSsGAQQBgjcVCgQaMBgwCgYIKwYBBQUHAwEwCgYIKwYBBQUHAwIwPQYJKwYBBAGCNxUHBDAwLgYmKwYBBAGCNxUIhpDjDYTVtHiE8Ys-hZvdFs6dEoFghfmRS4WsmTQCAWQCAQcwggHLBggrBgEFBQcBAQSCAb0wggG5MGMGCCsGAQUFBzAChldodHRwOi8vY3JsLm1pY3Jvc29mdC5jb20vcGtpaW5mcmEvQ2VydHMvQ08xUEtJSU5UQ0EwMS5BTUUuR0JMX0FNRSUyMEluZnJhJTIwQ0ElMjAwNS5jcnQwUwYIKwYBBQUHMAKGR2h0dHA6Ly9jcmwxLmFtZS5nYmwvYWlhL0NPMVBLSUlOVENBMDEuQU1FLkdCTF9BTUUlMjBJbmZyYSUyMENBJTIwMDUuY3J0MFMGCCsGAQUFBzAChkdodHRwOi8vY3JsMi5hbWUuZ2JsL2FpYS9DTzFQS0lJTlRDQTAxLkFNRS5HQkxfQU1FJTIwSW5mcmElMjBDQSUyMDA1LmNydDBTBggrBgEFBQcwAoZHaHR0cDovL2NybDMuYW1lLmdibC9haWEvQ08xUEtJSU5UQ0EwMS5BTUUuR0JMX0FNRSUyMEluZnJhJTIwQ0ElMjAwNS5jcnQwUwYIKwYBBQUHMAKGR2h0dHA6Ly9jcmw0LmFtZS5nYmwvYWlhL0NPMVBLSUlOVENBMDEuQU1FLkdCTF9BTUUlMjBJbmZyYSUyMENBJTIwMDUuY3J0MB0GA1UdDgQWBBR539nE3pOaYqC09YY5sInoMk2T-DAOBgNVHQ8BAf8EBAMCBaAwggEmBgNVHR8EggEdMIIBGTCCARWgggERoIIBDYY_aHR0cDovL2NybC5taWNyb3NvZnQuY29tL3BraWluZnJhL0NSTC9BTUUlMjBJbmZyYSUyMENBJTIwMDUuY3JshjFodHRwOi8vY3JsMS5hbWUuZ2JsL2NybC9BTUUlMjBJbmZyYSUyMENBJTIwMDUuY3JshjFodHRwOi8vY3JsMi5hbWUuZ2JsL2NybC9BTUUlMjBJbmZyYSUyMENBJTIwMDUuY3JshjFodHRwOi8vY3JsMy5hbWUuZ2JsL2NybC9BTUUlMjBJbmZyYSUyMENBJTIwMDUuY3JshjFodHRwOi8vY3JsNC5hbWUuZ2JsL2NybC9BTUUlMjBJbmZyYSUyMENBJTIwMDUuY3JsMIGdBgNVHSAEgZUwgZIwDAYKKwYBBAGCN3sBATBmBgorBgEEAYI3ewICMFgwVgYIKwYBBQUHAgIwSh5IADMAMwBlADAAMQA5ADIAMQAtADQAZAA2ADQALQA0AGYAOABjAC0AYQAwADUANQAtADUAYgBkAGEAZgBmAGQANQBlADMAMwBkMAwGCisGAQQBgjd7AwEwDAYKKwYBBAGCN3sEAjAfBgNVHSMEGDAWgBR61hmFKHlscXYeYPjzS--iBUIWHTAdBgNVHSUEFjAUBggrBgEFBQcDAQYIKwYBBQUHAwIwDQYJKoZIhvcNAQELBQADggEBAFQ1zkLj2l7rlyrM4j2l8rtJkHitIxnUkLkyeLRrVxZPkfV1_ABjrmrKVHwks1TT5vv190Z1rSszJ8F3BMbapuqZk7TG_eHqRVKnkNYrwXEAn99VULWloNnmsKbnii5qgA26KvYkNcrxJ4L_9pCm3mT47A_mvHkzKnovgy4XLdvqRPL1QGC_Itw4Y4QCb11tEdDabhFYx2hY0zhM3voH4pW_42NbuG3xwNLFeA2LThOsGcf_4F8bzQ6Pm__uo-XrnBE13ERimgL86M-z9h6W2bQUcKXqAf_RhKjv5ai9GEnITD2aoXBO8tu85DelvTvuH12hn2s2xEeYNMURYXNCzYc&s=LzldqCTybjw8UAPAUjD-WOZYsR-zr9CSeg1mDbtq394CSWy11WtWJG-9iEohYkEQjL4UrVwrlcXITwi_cuO4x7-w2JKIafiMx37dQFDq8UW0eqTLD1ZDFBojE16q0x7ZmXmCZQVewJRHmSdJyUlNxfIadABFNCSWwla3FroXERVY7JTYRqzjOLpWrUZtm0Py4vgdu8Qwhark-W3jwInK79O_J4CCWbZQ7oDplKiDXy5rCkDBOM_LxfmiTRVUe-8DEUnww-zcPRrpiGSzy8SN_iVZttZc3bzPyLexJjOwah5Hh5wQVo7OGW9YvLgn2z3UWWz1dhvTyBVAr2LxkNaOdw&h=OfkQInnkTvS1-IYXETHaivJNMM1QcHQ2uEmFzigZ2j0
  response:
    body:
      string: '{"name":"9223fea9-e8e8-4895-8b61-2d231a6249f1","status":"Succeeded"}'
    headers:
      cache-control:
      - no-cache
      content-length:
      - '68'
      content-type:
      - application/json; charset=utf-8
      date:
      - Thu, 26 Sep 2024 04:48:52 GMT
      expires:
      - '-1'
      pragma:
      - no-cache
      strict-transport-security:
      - max-age=31536000; includeSubDomains
      x-cache:
      - CONFIG_NOCACHE
      x-content-type-options:
      - nosniff
      x-ms-messaging-activity-id:
      - 29275cb7-d709-40d4-a4db-1b75d6fcde11
      x-ms-messaging-routing-id:
      - EASTUS|EASTUS|G2|2024-09-26T04:48:52
      x-msedge-ref:
      - 'Ref A: 5F5EA38E977E43DD9D2B19FA1A751CEF Ref B: TYO201100113009 Ref C: 2024-09-26T04:48:51Z'
    status:
      code: 200
      message: OK
- request:
    body: null
    headers:
      Accept:
      - '*/*'
      Accept-Encoding:
      - gzip, deflate
      CommandName:
      - eventhubs namespace delete
      Connection:
      - keep-alive
      Content-Length:
      - '0'
      ParameterSetName:
      - --resource-group --name
      User-Agent:
      - AZURECLI/2.64.0 azsdk-python-core/1.28.0 Python/3.10.11 (Windows-10-10.0.22631-SP0)
    method: DELETE
    uri: https://management.azure.com/subscriptions/00000000-0000-0000-0000-000000000000/resourceGroups/cli_test_eh_namespace000001/providers/Microsoft.EventHub/namespaces/eventhubs-nscli000003?api-version=2024-05-01-preview
  response:
    body:
      string: ''
    headers:
      azure-asyncoperation:
      - https://management.azure.com/subscriptions/00000000-0000-0000-0000-000000000000/providers/Microsoft.EventHub/locations/eastus/namespaceOperationResults/3799c50a-52b5-4f02-bc70-673d22c53858?isAsyncHeader=true&resourceName=eventhubs-nscli000003&resourceType=namespace&api-version=2024-05-01-preview&operationType=Deleted&t=638629229360018747&c=MIIHhzCCBm-gAwIBAgITfAWHizdXQLRDd48J5AAABYeLNzANBgkqhkiG9w0BAQsFADBEMRMwEQYKCZImiZPyLGQBGRYDR0JMMRMwEQYKCZImiZPyLGQBGRYDQU1FMRgwFgYDVQQDEw9BTUUgSW5mcmEgQ0EgMDUwHhcNMjQwOTIyMTIwNDAzWhcNMjUwMzIxMTIwNDAzWjBAMT4wPAYDVQQDEzVhc3luY29wZXJhdGlvbnNpZ25pbmdjZXJ0aWZpY2F0ZS5tYW5hZ2VtZW50LmF6dXJlLmNvbTCCASIwDQYJKoZIhvcNAQEBBQADggEPADCCAQoCggEBAL3CpUYjuxooJSSrwK19FjzhBOC6rpM2nxEk8ZwpswjmQSs4371lD9cjpzoi1V66izrOAQO5dR4T7CBAdxC_T1La7B_GC0BLToEfDbOMLuij5eJKkGy743BYmNo5FXMcmO2f2PyZA8Q8FMkBzYwcpUlCBt0ofvjmFjb0o14-l_wkV8cVq6NA5rj5vzYRXrcBBDx0DXZzx0ey-DalD8BI5Efxzl0sFnA-qqtfi2y6thqMlNPWuGqiYFNmkko5caGs3a7hQy_mx3XdCDy2aWq0YXIqdiyYCA4MGA_vLQtjCUcC4EnHaLnPm-9OGFhKZHQZ2hQEFIYnnCNvsSRVaHBIatkCAwEAAaOCBHQwggRwMCcGCSsGAQQBgjcVCgQaMBgwCgYIKwYBBQUHAwEwCgYIKwYBBQUHAwIwPQYJKwYBBAGCNxUHBDAwLgYmKwYBBAGCNxUIhpDjDYTVtHiE8Ys-hZvdFs6dEoFghfmRS4WsmTQCAWQCAQcwggHLBggrBgEFBQcBAQSCAb0wggG5MGMGCCsGAQUFBzAChldodHRwOi8vY3JsLm1pY3Jvc29mdC5jb20vcGtpaW5mcmEvQ2VydHMvQ08xUEtJSU5UQ0EwMS5BTUUuR0JMX0FNRSUyMEluZnJhJTIwQ0ElMjAwNS5jcnQwUwYIKwYBBQUHMAKGR2h0dHA6Ly9jcmwxLmFtZS5nYmwvYWlhL0NPMVBLSUlOVENBMDEuQU1FLkdCTF9BTUUlMjBJbmZyYSUyMENBJTIwMDUuY3J0MFMGCCsGAQUFBzAChkdodHRwOi8vY3JsMi5hbWUuZ2JsL2FpYS9DTzFQS0lJTlRDQTAxLkFNRS5HQkxfQU1FJTIwSW5mcmElMjBDQSUyMDA1LmNydDBTBggrBgEFBQcwAoZHaHR0cDovL2NybDMuYW1lLmdibC9haWEvQ08xUEtJSU5UQ0EwMS5BTUUuR0JMX0FNRSUyMEluZnJhJTIwQ0ElMjAwNS5jcnQwUwYIKwYBBQUHMAKGR2h0dHA6Ly9jcmw0LmFtZS5nYmwvYWlhL0NPMVBLSUlOVENBMDEuQU1FLkdCTF9BTUUlMjBJbmZyYSUyMENBJTIwMDUuY3J0MB0GA1UdDgQWBBR539nE3pOaYqC09YY5sInoMk2T-DAOBgNVHQ8BAf8EBAMCBaAwggEmBgNVHR8EggEdMIIBGTCCARWgggERoIIBDYY_aHR0cDovL2NybC5taWNyb3NvZnQuY29tL3BraWluZnJhL0NSTC9BTUUlMjBJbmZyYSUyMENBJTIwMDUuY3JshjFodHRwOi8vY3JsMS5hbWUuZ2JsL2NybC9BTUUlMjBJbmZyYSUyMENBJTIwMDUuY3JshjFodHRwOi8vY3JsMi5hbWUuZ2JsL2NybC9BTUUlMjBJbmZyYSUyMENBJTIwMDUuY3JshjFodHRwOi8vY3JsMy5hbWUuZ2JsL2NybC9BTUUlMjBJbmZyYSUyMENBJTIwMDUuY3JshjFodHRwOi8vY3JsNC5hbWUuZ2JsL2NybC9BTUUlMjBJbmZyYSUyMENBJTIwMDUuY3JsMIGdBgNVHSAEgZUwgZIwDAYKKwYBBAGCN3sBATBmBgorBgEEAYI3ewICMFgwVgYIKwYBBQUHAgIwSh5IADMAMwBlADAAMQA5ADIAMQAtADQAZAA2ADQALQA0AGYAOABjAC0AYQAwADUANQAtADUAYgBkAGEAZgBmAGQANQBlADMAMwBkMAwGCisGAQQBgjd7AwEwDAYKKwYBBAGCN3sEAjAfBgNVHSMEGDAWgBR61hmFKHlscXYeYPjzS--iBUIWHTAdBgNVHSUEFjAUBggrBgEFBQcDAQYIKwYBBQUHAwIwDQYJKoZIhvcNAQELBQADggEBAFQ1zkLj2l7rlyrM4j2l8rtJkHitIxnUkLkyeLRrVxZPkfV1_ABjrmrKVHwks1TT5vv190Z1rSszJ8F3BMbapuqZk7TG_eHqRVKnkNYrwXEAn99VULWloNnmsKbnii5qgA26KvYkNcrxJ4L_9pCm3mT47A_mvHkzKnovgy4XLdvqRPL1QGC_Itw4Y4QCb11tEdDabhFYx2hY0zhM3voH4pW_42NbuG3xwNLFeA2LThOsGcf_4F8bzQ6Pm__uo-XrnBE13ERimgL86M-z9h6W2bQUcKXqAf_RhKjv5ai9GEnITD2aoXBO8tu85DelvTvuH12hn2s2xEeYNMURYXNCzYc&s=qoujhSSqkUisxq55oAKCuzKawgdmhz2bqsY9J3tvA4WAsg5ZW34SxHuxLt5vRx3c4fZ7TjbGDIxIkZ9NorDKGp-nu6EqvdKgfcdZacL0XNJ6K7KZyoaMM2Ba3i5-f8MNkLy8_gqYjPIxrMMnxOe30q80cdXn-Q6ojkdADf_DdOJJ1J4zOyVLBLcrMgteYykHPAKoTnEm2vdtLF0iAELmJ1AQ24r4pNEVaqbWMdMKJvEmsXQAg9TRMKNcYGuLgk9Q9lT98jbqiUTP_TtPI8hO1cQ-xOjVT2IqfK-OnztwiVNCTJ11hqKhKDpda2odWibe1YdAInHwDd1tyUY2tsX5ug&h=1ZXtTc3OWE8higUu-Ac9n_G8dLIE7dxbT0U96m_rX3E
      cache-control:
      - no-cache
      content-length:
      - '0'
      date:
      - Thu, 26 Sep 2024 04:48:55 GMT
      expires:
      - '-1'
      location:
      - https://management.azure.com/subscriptions/00000000-0000-0000-0000-000000000000/providers/Microsoft.EventHub/locations/eastus/namespaceOperationResults/3799c50a-52b5-4f02-bc70-673d22c53858?isAsyncHeader=false&resourceName=eventhubs-nscli000003&resourceType=namespace&api-version=2024-05-01-preview&operationType=Deleted&t=638629229360174883&c=MIIHhzCCBm-gAwIBAgITfAWHizdXQLRDd48J5AAABYeLNzANBgkqhkiG9w0BAQsFADBEMRMwEQYKCZImiZPyLGQBGRYDR0JMMRMwEQYKCZImiZPyLGQBGRYDQU1FMRgwFgYDVQQDEw9BTUUgSW5mcmEgQ0EgMDUwHhcNMjQwOTIyMTIwNDAzWhcNMjUwMzIxMTIwNDAzWjBAMT4wPAYDVQQDEzVhc3luY29wZXJhdGlvbnNpZ25pbmdjZXJ0aWZpY2F0ZS5tYW5hZ2VtZW50LmF6dXJlLmNvbTCCASIwDQYJKoZIhvcNAQEBBQADggEPADCCAQoCggEBAL3CpUYjuxooJSSrwK19FjzhBOC6rpM2nxEk8ZwpswjmQSs4371lD9cjpzoi1V66izrOAQO5dR4T7CBAdxC_T1La7B_GC0BLToEfDbOMLuij5eJKkGy743BYmNo5FXMcmO2f2PyZA8Q8FMkBzYwcpUlCBt0ofvjmFjb0o14-l_wkV8cVq6NA5rj5vzYRXrcBBDx0DXZzx0ey-DalD8BI5Efxzl0sFnA-qqtfi2y6thqMlNPWuGqiYFNmkko5caGs3a7hQy_mx3XdCDy2aWq0YXIqdiyYCA4MGA_vLQtjCUcC4EnHaLnPm-9OGFhKZHQZ2hQEFIYnnCNvsSRVaHBIatkCAwEAAaOCBHQwggRwMCcGCSsGAQQBgjcVCgQaMBgwCgYIKwYBBQUHAwEwCgYIKwYBBQUHAwIwPQYJKwYBBAGCNxUHBDAwLgYmKwYBBAGCNxUIhpDjDYTVtHiE8Ys-hZvdFs6dEoFghfmRS4WsmTQCAWQCAQcwggHLBggrBgEFBQcBAQSCAb0wggG5MGMGCCsGAQUFBzAChldodHRwOi8vY3JsLm1pY3Jvc29mdC5jb20vcGtpaW5mcmEvQ2VydHMvQ08xUEtJSU5UQ0EwMS5BTUUuR0JMX0FNRSUyMEluZnJhJTIwQ0ElMjAwNS5jcnQwUwYIKwYBBQUHMAKGR2h0dHA6Ly9jcmwxLmFtZS5nYmwvYWlhL0NPMVBLSUlOVENBMDEuQU1FLkdCTF9BTUUlMjBJbmZyYSUyMENBJTIwMDUuY3J0MFMGCCsGAQUFBzAChkdodHRwOi8vY3JsMi5hbWUuZ2JsL2FpYS9DTzFQS0lJTlRDQTAxLkFNRS5HQkxfQU1FJTIwSW5mcmElMjBDQSUyMDA1LmNydDBTBggrBgEFBQcwAoZHaHR0cDovL2NybDMuYW1lLmdibC9haWEvQ08xUEtJSU5UQ0EwMS5BTUUuR0JMX0FNRSUyMEluZnJhJTIwQ0ElMjAwNS5jcnQwUwYIKwYBBQUHMAKGR2h0dHA6Ly9jcmw0LmFtZS5nYmwvYWlhL0NPMVBLSUlOVENBMDEuQU1FLkdCTF9BTUUlMjBJbmZyYSUyMENBJTIwMDUuY3J0MB0GA1UdDgQWBBR539nE3pOaYqC09YY5sInoMk2T-DAOBgNVHQ8BAf8EBAMCBaAwggEmBgNVHR8EggEdMIIBGTCCARWgggERoIIBDYY_aHR0cDovL2NybC5taWNyb3NvZnQuY29tL3BraWluZnJhL0NSTC9BTUUlMjBJbmZyYSUyMENBJTIwMDUuY3JshjFodHRwOi8vY3JsMS5hbWUuZ2JsL2NybC9BTUUlMjBJbmZyYSUyMENBJTIwMDUuY3JshjFodHRwOi8vY3JsMi5hbWUuZ2JsL2NybC9BTUUlMjBJbmZyYSUyMENBJTIwMDUuY3JshjFodHRwOi8vY3JsMy5hbWUuZ2JsL2NybC9BTUUlMjBJbmZyYSUyMENBJTIwMDUuY3JshjFodHRwOi8vY3JsNC5hbWUuZ2JsL2NybC9BTUUlMjBJbmZyYSUyMENBJTIwMDUuY3JsMIGdBgNVHSAEgZUwgZIwDAYKKwYBBAGCN3sBATBmBgorBgEEAYI3ewICMFgwVgYIKwYBBQUHAgIwSh5IADMAMwBlADAAMQA5ADIAMQAtADQAZAA2ADQALQA0AGYAOABjAC0AYQAwADUANQAtADUAYgBkAGEAZgBmAGQANQBlADMAMwBkMAwGCisGAQQBgjd7AwEwDAYKKwYBBAGCN3sEAjAfBgNVHSMEGDAWgBR61hmFKHlscXYeYPjzS--iBUIWHTAdBgNVHSUEFjAUBggrBgEFBQcDAQYIKwYBBQUHAwIwDQYJKoZIhvcNAQELBQADggEBAFQ1zkLj2l7rlyrM4j2l8rtJkHitIxnUkLkyeLRrVxZPkfV1_ABjrmrKVHwks1TT5vv190Z1rSszJ8F3BMbapuqZk7TG_eHqRVKnkNYrwXEAn99VULWloNnmsKbnii5qgA26KvYkNcrxJ4L_9pCm3mT47A_mvHkzKnovgy4XLdvqRPL1QGC_Itw4Y4QCb11tEdDabhFYx2hY0zhM3voH4pW_42NbuG3xwNLFeA2LThOsGcf_4F8bzQ6Pm__uo-XrnBE13ERimgL86M-z9h6W2bQUcKXqAf_RhKjv5ai9GEnITD2aoXBO8tu85DelvTvuH12hn2s2xEeYNMURYXNCzYc&s=CQ7te1qDVwqQDGjVKVQyegIrJAb74nvHbdSv8VpD60Miwpbvqjq4lXFZ460V4xt_WF2rPS197z_ar4SbIoHC9lyARmS3fOTRobAzT_y-LB1nuGHFOFsEXZ7aj4fytLU5r3abbCmPeiGjEA7EXXEvMfgmopNKiQocFKwpxwJfZO4U90YaMLOYDGPSAeJqulx0B4Xb4nTjaJKmaq5FX-Hz9e3AoUycMsJAwqLX94RT25e5dpkw2bh4pR_taTlr0CTe2Qo5m8hGJuIimk855GJl2wZD4E0JeZRiQa-ear4n4kgHlxr5tht15pjZEBz3R8IUYv_26ELetV0hl6efVo2TWQ&h=5brf9S3eZlEBFExlSRtS0V7Bv9-2is4DLLo1FntpgBY
      pragma:
      - no-cache
      strict-transport-security:
      - max-age=31536000; includeSubDomains
      x-cache:
      - CONFIG_NOCACHE
      x-content-type-options:
      - nosniff
      x-ms-messaging-activity-id:
      - 00000001-0000-0000-0002-000000001056
      x-ms-messaging-routing-id:
      - EASTUS|EASTUS|G3|2024-09-26T04:48:55
      x-ms-ratelimit-remaining-subscription-deletes:
      - '14999'
      x-msedge-ref:
      - 'Ref A: F55849E1E9474D0582D7071E65ABB0F7 Ref B: OSA221030113031 Ref C: 2024-09-26T04:48:53Z'
    status:
      code: 202
      message: Accepted
- request:
    body: null
    headers:
      Accept:
      - '*/*'
      Accept-Encoding:
      - gzip, deflate
      CommandName:
      - eventhubs namespace delete
      Connection:
      - keep-alive
      ParameterSetName:
      - --resource-group --name
      User-Agent:
      - AZURECLI/2.64.0 azsdk-python-core/1.28.0 Python/3.10.11 (Windows-10-10.0.22631-SP0)
    method: GET
    uri: https://management.azure.com/subscriptions/00000000-0000-0000-0000-000000000000/providers/Microsoft.EventHub/locations/eastus/namespaceOperationResults/3799c50a-52b5-4f02-bc70-673d22c53858?isAsyncHeader=true&resourceName=eventhubs-nscli000003&resourceType=namespace&api-version=2024-05-01-preview&operationType=Deleted&t=638629229360018747&c=MIIHhzCCBm-gAwIBAgITfAWHizdXQLRDd48J5AAABYeLNzANBgkqhkiG9w0BAQsFADBEMRMwEQYKCZImiZPyLGQBGRYDR0JMMRMwEQYKCZImiZPyLGQBGRYDQU1FMRgwFgYDVQQDEw9BTUUgSW5mcmEgQ0EgMDUwHhcNMjQwOTIyMTIwNDAzWhcNMjUwMzIxMTIwNDAzWjBAMT4wPAYDVQQDEzVhc3luY29wZXJhdGlvbnNpZ25pbmdjZXJ0aWZpY2F0ZS5tYW5hZ2VtZW50LmF6dXJlLmNvbTCCASIwDQYJKoZIhvcNAQEBBQADggEPADCCAQoCggEBAL3CpUYjuxooJSSrwK19FjzhBOC6rpM2nxEk8ZwpswjmQSs4371lD9cjpzoi1V66izrOAQO5dR4T7CBAdxC_T1La7B_GC0BLToEfDbOMLuij5eJKkGy743BYmNo5FXMcmO2f2PyZA8Q8FMkBzYwcpUlCBt0ofvjmFjb0o14-l_wkV8cVq6NA5rj5vzYRXrcBBDx0DXZzx0ey-DalD8BI5Efxzl0sFnA-qqtfi2y6thqMlNPWuGqiYFNmkko5caGs3a7hQy_mx3XdCDy2aWq0YXIqdiyYCA4MGA_vLQtjCUcC4EnHaLnPm-9OGFhKZHQZ2hQEFIYnnCNvsSRVaHBIatkCAwEAAaOCBHQwggRwMCcGCSsGAQQBgjcVCgQaMBgwCgYIKwYBBQUHAwEwCgYIKwYBBQUHAwIwPQYJKwYBBAGCNxUHBDAwLgYmKwYBBAGCNxUIhpDjDYTVtHiE8Ys-hZvdFs6dEoFghfmRS4WsmTQCAWQCAQcwggHLBggrBgEFBQcBAQSCAb0wggG5MGMGCCsGAQUFBzAChldodHRwOi8vY3JsLm1pY3Jvc29mdC5jb20vcGtpaW5mcmEvQ2VydHMvQ08xUEtJSU5UQ0EwMS5BTUUuR0JMX0FNRSUyMEluZnJhJTIwQ0ElMjAwNS5jcnQwUwYIKwYBBQUHMAKGR2h0dHA6Ly9jcmwxLmFtZS5nYmwvYWlhL0NPMVBLSUlOVENBMDEuQU1FLkdCTF9BTUUlMjBJbmZyYSUyMENBJTIwMDUuY3J0MFMGCCsGAQUFBzAChkdodHRwOi8vY3JsMi5hbWUuZ2JsL2FpYS9DTzFQS0lJTlRDQTAxLkFNRS5HQkxfQU1FJTIwSW5mcmElMjBDQSUyMDA1LmNydDBTBggrBgEFBQcwAoZHaHR0cDovL2NybDMuYW1lLmdibC9haWEvQ08xUEtJSU5UQ0EwMS5BTUUuR0JMX0FNRSUyMEluZnJhJTIwQ0ElMjAwNS5jcnQwUwYIKwYBBQUHMAKGR2h0dHA6Ly9jcmw0LmFtZS5nYmwvYWlhL0NPMVBLSUlOVENBMDEuQU1FLkdCTF9BTUUlMjBJbmZyYSUyMENBJTIwMDUuY3J0MB0GA1UdDgQWBBR539nE3pOaYqC09YY5sInoMk2T-DAOBgNVHQ8BAf8EBAMCBaAwggEmBgNVHR8EggEdMIIBGTCCARWgggERoIIBDYY_aHR0cDovL2NybC5taWNyb3NvZnQuY29tL3BraWluZnJhL0NSTC9BTUUlMjBJbmZyYSUyMENBJTIwMDUuY3JshjFodHRwOi8vY3JsMS5hbWUuZ2JsL2NybC9BTUUlMjBJbmZyYSUyMENBJTIwMDUuY3JshjFodHRwOi8vY3JsMi5hbWUuZ2JsL2NybC9BTUUlMjBJbmZyYSUyMENBJTIwMDUuY3JshjFodHRwOi8vY3JsMy5hbWUuZ2JsL2NybC9BTUUlMjBJbmZyYSUyMENBJTIwMDUuY3JshjFodHRwOi8vY3JsNC5hbWUuZ2JsL2NybC9BTUUlMjBJbmZyYSUyMENBJTIwMDUuY3JsMIGdBgNVHSAEgZUwgZIwDAYKKwYBBAGCN3sBATBmBgorBgEEAYI3ewICMFgwVgYIKwYBBQUHAgIwSh5IADMAMwBlADAAMQA5ADIAMQAtADQAZAA2ADQALQA0AGYAOABjAC0AYQAwADUANQAtADUAYgBkAGEAZgBmAGQANQBlADMAMwBkMAwGCisGAQQBgjd7AwEwDAYKKwYBBAGCN3sEAjAfBgNVHSMEGDAWgBR61hmFKHlscXYeYPjzS--iBUIWHTAdBgNVHSUEFjAUBggrBgEFBQcDAQYIKwYBBQUHAwIwDQYJKoZIhvcNAQELBQADggEBAFQ1zkLj2l7rlyrM4j2l8rtJkHitIxnUkLkyeLRrVxZPkfV1_ABjrmrKVHwks1TT5vv190Z1rSszJ8F3BMbapuqZk7TG_eHqRVKnkNYrwXEAn99VULWloNnmsKbnii5qgA26KvYkNcrxJ4L_9pCm3mT47A_mvHkzKnovgy4XLdvqRPL1QGC_Itw4Y4QCb11tEdDabhFYx2hY0zhM3voH4pW_42NbuG3xwNLFeA2LThOsGcf_4F8bzQ6Pm__uo-XrnBE13ERimgL86M-z9h6W2bQUcKXqAf_RhKjv5ai9GEnITD2aoXBO8tu85DelvTvuH12hn2s2xEeYNMURYXNCzYc&s=qoujhSSqkUisxq55oAKCuzKawgdmhz2bqsY9J3tvA4WAsg5ZW34SxHuxLt5vRx3c4fZ7TjbGDIxIkZ9NorDKGp-nu6EqvdKgfcdZacL0XNJ6K7KZyoaMM2Ba3i5-f8MNkLy8_gqYjPIxrMMnxOe30q80cdXn-Q6ojkdADf_DdOJJ1J4zOyVLBLcrMgteYykHPAKoTnEm2vdtLF0iAELmJ1AQ24r4pNEVaqbWMdMKJvEmsXQAg9TRMKNcYGuLgk9Q9lT98jbqiUTP_TtPI8hO1cQ-xOjVT2IqfK-OnztwiVNCTJ11hqKhKDpda2odWibe1YdAInHwDd1tyUY2tsX5ug&h=1ZXtTc3OWE8higUu-Ac9n_G8dLIE7dxbT0U96m_rX3E
  response:
    body:
      string: '{"name":"3799c50a-52b5-4f02-bc70-673d22c53858","status":"Running"}'
    headers:
      cache-control:
      - no-cache
      content-length:
      - '66'
      content-type:
      - application/json; charset=utf-8
      date:
      - Thu, 26 Sep 2024 04:48:56 GMT
      expires:
      - '-1'
      pragma:
      - no-cache
      strict-transport-security:
      - max-age=31536000; includeSubDomains
      x-cache:
      - CONFIG_NOCACHE
      x-content-type-options:
      - nosniff
      x-ms-messaging-activity-id:
      - 3fe291a0-439c-4de1-b61f-d02a3977f8e2
      x-ms-messaging-routing-id:
      - EASTUS|EASTUS|G9|2024-09-26T04:48:57
      x-msedge-ref:
      - 'Ref A: 5D747953B2CB416F8D08DE0D11A43E08 Ref B: OSA221030113031 Ref C: 2024-09-26T04:48:56Z'
    status:
      code: 200
      message: OK
- request:
    body: null
    headers:
      Accept:
      - '*/*'
      Accept-Encoding:
      - gzip, deflate
      CommandName:
      - eventhubs namespace delete
      Connection:
      - keep-alive
      ParameterSetName:
      - --resource-group --name
      User-Agent:
      - AZURECLI/2.64.0 azsdk-python-core/1.28.0 Python/3.10.11 (Windows-10-10.0.22631-SP0)
    method: GET
    uri: https://management.azure.com/subscriptions/00000000-0000-0000-0000-000000000000/providers/Microsoft.EventHub/locations/eastus/namespaceOperationResults/3799c50a-52b5-4f02-bc70-673d22c53858?isAsyncHeader=true&resourceName=eventhubs-nscli000003&resourceType=namespace&api-version=2024-05-01-preview&operationType=Deleted&t=638629229360018747&c=MIIHhzCCBm-gAwIBAgITfAWHizdXQLRDd48J5AAABYeLNzANBgkqhkiG9w0BAQsFADBEMRMwEQYKCZImiZPyLGQBGRYDR0JMMRMwEQYKCZImiZPyLGQBGRYDQU1FMRgwFgYDVQQDEw9BTUUgSW5mcmEgQ0EgMDUwHhcNMjQwOTIyMTIwNDAzWhcNMjUwMzIxMTIwNDAzWjBAMT4wPAYDVQQDEzVhc3luY29wZXJhdGlvbnNpZ25pbmdjZXJ0aWZpY2F0ZS5tYW5hZ2VtZW50LmF6dXJlLmNvbTCCASIwDQYJKoZIhvcNAQEBBQADggEPADCCAQoCggEBAL3CpUYjuxooJSSrwK19FjzhBOC6rpM2nxEk8ZwpswjmQSs4371lD9cjpzoi1V66izrOAQO5dR4T7CBAdxC_T1La7B_GC0BLToEfDbOMLuij5eJKkGy743BYmNo5FXMcmO2f2PyZA8Q8FMkBzYwcpUlCBt0ofvjmFjb0o14-l_wkV8cVq6NA5rj5vzYRXrcBBDx0DXZzx0ey-DalD8BI5Efxzl0sFnA-qqtfi2y6thqMlNPWuGqiYFNmkko5caGs3a7hQy_mx3XdCDy2aWq0YXIqdiyYCA4MGA_vLQtjCUcC4EnHaLnPm-9OGFhKZHQZ2hQEFIYnnCNvsSRVaHBIatkCAwEAAaOCBHQwggRwMCcGCSsGAQQBgjcVCgQaMBgwCgYIKwYBBQUHAwEwCgYIKwYBBQUHAwIwPQYJKwYBBAGCNxUHBDAwLgYmKwYBBAGCNxUIhpDjDYTVtHiE8Ys-hZvdFs6dEoFghfmRS4WsmTQCAWQCAQcwggHLBggrBgEFBQcBAQSCAb0wggG5MGMGCCsGAQUFBzAChldodHRwOi8vY3JsLm1pY3Jvc29mdC5jb20vcGtpaW5mcmEvQ2VydHMvQ08xUEtJSU5UQ0EwMS5BTUUuR0JMX0FNRSUyMEluZnJhJTIwQ0ElMjAwNS5jcnQwUwYIKwYBBQUHMAKGR2h0dHA6Ly9jcmwxLmFtZS5nYmwvYWlhL0NPMVBLSUlOVENBMDEuQU1FLkdCTF9BTUUlMjBJbmZyYSUyMENBJTIwMDUuY3J0MFMGCCsGAQUFBzAChkdodHRwOi8vY3JsMi5hbWUuZ2JsL2FpYS9DTzFQS0lJTlRDQTAxLkFNRS5HQkxfQU1FJTIwSW5mcmElMjBDQSUyMDA1LmNydDBTBggrBgEFBQcwAoZHaHR0cDovL2NybDMuYW1lLmdibC9haWEvQ08xUEtJSU5UQ0EwMS5BTUUuR0JMX0FNRSUyMEluZnJhJTIwQ0ElMjAwNS5jcnQwUwYIKwYBBQUHMAKGR2h0dHA6Ly9jcmw0LmFtZS5nYmwvYWlhL0NPMVBLSUlOVENBMDEuQU1FLkdCTF9BTUUlMjBJbmZyYSUyMENBJTIwMDUuY3J0MB0GA1UdDgQWBBR539nE3pOaYqC09YY5sInoMk2T-DAOBgNVHQ8BAf8EBAMCBaAwggEmBgNVHR8EggEdMIIBGTCCARWgggERoIIBDYY_aHR0cDovL2NybC5taWNyb3NvZnQuY29tL3BraWluZnJhL0NSTC9BTUUlMjBJbmZyYSUyMENBJTIwMDUuY3JshjFodHRwOi8vY3JsMS5hbWUuZ2JsL2NybC9BTUUlMjBJbmZyYSUyMENBJTIwMDUuY3JshjFodHRwOi8vY3JsMi5hbWUuZ2JsL2NybC9BTUUlMjBJbmZyYSUyMENBJTIwMDUuY3JshjFodHRwOi8vY3JsMy5hbWUuZ2JsL2NybC9BTUUlMjBJbmZyYSUyMENBJTIwMDUuY3JshjFodHRwOi8vY3JsNC5hbWUuZ2JsL2NybC9BTUUlMjBJbmZyYSUyMENBJTIwMDUuY3JsMIGdBgNVHSAEgZUwgZIwDAYKKwYBBAGCN3sBATBmBgorBgEEAYI3ewICMFgwVgYIKwYBBQUHAgIwSh5IADMAMwBlADAAMQA5ADIAMQAtADQAZAA2ADQALQA0AGYAOABjAC0AYQAwADUANQAtADUAYgBkAGEAZgBmAGQANQBlADMAMwBkMAwGCisGAQQBgjd7AwEwDAYKKwYBBAGCN3sEAjAfBgNVHSMEGDAWgBR61hmFKHlscXYeYPjzS--iBUIWHTAdBgNVHSUEFjAUBggrBgEFBQcDAQYIKwYBBQUHAwIwDQYJKoZIhvcNAQELBQADggEBAFQ1zkLj2l7rlyrM4j2l8rtJkHitIxnUkLkyeLRrVxZPkfV1_ABjrmrKVHwks1TT5vv190Z1rSszJ8F3BMbapuqZk7TG_eHqRVKnkNYrwXEAn99VULWloNnmsKbnii5qgA26KvYkNcrxJ4L_9pCm3mT47A_mvHkzKnovgy4XLdvqRPL1QGC_Itw4Y4QCb11tEdDabhFYx2hY0zhM3voH4pW_42NbuG3xwNLFeA2LThOsGcf_4F8bzQ6Pm__uo-XrnBE13ERimgL86M-z9h6W2bQUcKXqAf_RhKjv5ai9GEnITD2aoXBO8tu85DelvTvuH12hn2s2xEeYNMURYXNCzYc&s=qoujhSSqkUisxq55oAKCuzKawgdmhz2bqsY9J3tvA4WAsg5ZW34SxHuxLt5vRx3c4fZ7TjbGDIxIkZ9NorDKGp-nu6EqvdKgfcdZacL0XNJ6K7KZyoaMM2Ba3i5-f8MNkLy8_gqYjPIxrMMnxOe30q80cdXn-Q6ojkdADf_DdOJJ1J4zOyVLBLcrMgteYykHPAKoTnEm2vdtLF0iAELmJ1AQ24r4pNEVaqbWMdMKJvEmsXQAg9TRMKNcYGuLgk9Q9lT98jbqiUTP_TtPI8hO1cQ-xOjVT2IqfK-OnztwiVNCTJ11hqKhKDpda2odWibe1YdAInHwDd1tyUY2tsX5ug&h=1ZXtTc3OWE8higUu-Ac9n_G8dLIE7dxbT0U96m_rX3E
  response:
    body:
      string: '{"name":"3799c50a-52b5-4f02-bc70-673d22c53858","status":"Succeeded"}'
    headers:
      cache-control:
      - no-cache
      content-length:
      - '68'
      content-type:
      - application/json; charset=utf-8
      date:
      - Thu, 26 Sep 2024 04:49:27 GMT
      expires:
      - '-1'
      pragma:
      - no-cache
      strict-transport-security:
      - max-age=31536000; includeSubDomains
      x-cache:
      - CONFIG_NOCACHE
      x-content-type-options:
      - nosniff
      x-ms-messaging-activity-id:
      - 6f65e5b7-ba98-4a21-aac8-f2e582d85986
      x-ms-messaging-routing-id:
      - EASTUS|EASTUS|G5|2024-09-26T04:49:28
      x-msedge-ref:
      - 'Ref A: 206E23B49FAC4BF981F122BA4804129A Ref B: OSA221030113031 Ref C: 2024-09-26T04:49:27Z'
    status:
      code: 200
      message: OK
- request:
    body: null
    headers:
      Accept:
      - '*/*'
      Accept-Encoding:
      - gzip, deflate
      CommandName:
      - eventhubs namespace delete
      Connection:
      - keep-alive
      Content-Length:
      - '0'
      ParameterSetName:
      - --resource-group --name
      User-Agent:
      - AZURECLI/2.64.0 azsdk-python-core/1.28.0 Python/3.10.11 (Windows-10-10.0.22631-SP0)
    method: DELETE
    uri: https://management.azure.com/subscriptions/00000000-0000-0000-0000-000000000000/resourceGroups/cli_test_eh_namespace000001/providers/Microsoft.EventHub/namespaces/eventhubs-nscli000003?api-version=2024-05-01-preview
  response:
    body:
      string: ''
    headers:
      cache-control:
      - no-cache
      date:
      - Thu, 26 Sep 2024 04:49:28 GMT
      expires:
      - '-1'
      pragma:
      - no-cache
      strict-transport-security:
      - max-age=31536000; includeSubDomains
      x-cache:
      - CONFIG_NOCACHE
      x-content-type-options:
      - nosniff
      x-ms-ratelimit-remaining-subscription-deletes:
      - '14999'
      x-msedge-ref:
      - 'Ref A: B4DACB826FED40B3BA9731E823126610 Ref B: TYO201100115017 Ref C: 2024-09-26T04:49:28Z'
    status:
      code: 204
      message: No Content
version: 1
