interactions:
- request:
    body: '{"name": "eventhubs-nscli000002"}'
    headers:
      Accept:
      - application/json
      Accept-Encoding:
      - gzip, deflate
      CommandName:
      - eventhubs namespace exists
      Connection:
      - keep-alive
      Content-Length:
      - '33'
      Content-Type:
      - application/json
      ParameterSetName:
      - --name
      User-Agent:
      - AZURECLI/2.42.0 azsdk-python-azure-mgmt-eventhub/10.1.0 Python/3.10.6 (Windows-10-10.0.19044-SP0)
    method: POST
    uri: https://management.azure.com/subscriptions/00000000-0000-0000-0000-000000000000/providers/Microsoft.EventHub/checkNameAvailability?api-version=2022-01-01-preview
  response:
    body:
      string: '{"nameAvailable":true,"reason":"None","message":null}'
    headers:
      cache-control:
      - no-cache
      content-length:
      - '53'
      content-type:
      - application/json; charset=utf-8
      date:
      - Sat, 14 Jan 2023 13:49:53 GMT
      expires:
      - '-1'
      pragma:
      - no-cache
      server:
      - Service-Bus-Resource-Provider/SN1
      - Microsoft-HTTPAPI/2.0
      server-sb:
      - Service-Bus-Resource-Provider/SN1
      strict-transport-security:
      - max-age=31536000; includeSubDomains
      transfer-encoding:
      - chunked
      vary:
      - Accept-Encoding
      x-content-type-options:
      - nosniff
      x-ms-ratelimit-remaining-subscription-writes:
      - '1199'
    status:
      code: 200
      message: OK
- request:
    body: '{"location": "southcentralus", "tags": {"{tag1": "value1}"}, "sku": {"name":
      "Standard", "tier": "Standard"}, "properties": {"publicNetworkAccess": "Enabled"}}'
    headers:
      Accept:
      - application/json
      Accept-Encoding:
      - gzip, deflate
      CommandName:
      - eventhubs namespace create
      Connection:
      - keep-alive
      Content-Length:
      - '159'
      Content-Type:
      - application/json
      ParameterSetName:
      - --resource-group --name --location --tags --sku
      User-Agent:
      - AZURECLI/2.42.0 azsdk-python-azure-mgmt-eventhub/10.1.0 Python/3.10.6 (Windows-10-10.0.19044-SP0)
    method: PUT
    uri: https://management.azure.com/subscriptions/00000000-0000-0000-0000-000000000000/resourceGroups/cli_test_eh_namespace000001/providers/Microsoft.EventHub/namespaces/eventhubs-nscli000002?api-version=2022-01-01-preview
  response:
    body:
      string: '{"sku":{"name":"Standard","tier":"Standard","capacity":1},"id":"/subscriptions/00000000-0000-0000-0000-000000000000/resourceGroups/cli_test_eh_namespace000001/providers/Microsoft.EventHub/namespaces/eventhubs-nscli000002","name":"eventhubs-nscli000002","type":"Microsoft.EventHub/Namespaces","location":"South
        Central US","tags":{"{tag1":"value1}"},"properties":{"minimumTlsVersion":"1.2","publicNetworkAccess":"Enabled","disableLocalAuth":false,"zoneRedundant":false,"isAutoInflateEnabled":false,"maximumThroughputUnits":0,"kafkaEnabled":true,"provisioningState":"Created","metricId":"326100e2-f69d-4268-8503-075374f62b6e:eventhubs-nscli000002","createdAt":"2023-01-14T13:49:56.773Z","updatedAt":"2023-01-14T13:49:56.773Z","serviceBusEndpoint":"https://eventhubs-nscli000002.servicebus.windows.net:443/","status":"Activating"}}'
    headers:
      cache-control:
      - no-cache
      content-length:
      - '828'
      content-type:
      - application/json; charset=utf-8
      date:
      - Sat, 14 Jan 2023 13:49:57 GMT
      expires:
      - '-1'
      pragma:
      - no-cache
      server:
      - Service-Bus-Resource-Provider/SN1
      - Microsoft-HTTPAPI/2.0
      server-sb:
      - Service-Bus-Resource-Provider/SN1
      strict-transport-security:
      - max-age=31536000; includeSubDomains
      transfer-encoding:
      - chunked
      vary:
      - Accept-Encoding
      x-content-type-options:
      - nosniff
      x-ms-ratelimit-remaining-subscription-resource-requests:
      - '49'
    status:
      code: 200
      message: OK
- request:
    body: null
    headers:
      Accept:
      - '*/*'
      Accept-Encoding:
      - gzip, deflate
      CommandName:
      - eventhubs namespace create
      Connection:
      - keep-alive
      ParameterSetName:
      - --resource-group --name --location --tags --sku
      User-Agent:
      - AZURECLI/2.42.0 azsdk-python-azure-mgmt-eventhub/10.1.0 Python/3.10.6 (Windows-10-10.0.19044-SP0)
    method: GET
    uri: https://management.azure.com/subscriptions/00000000-0000-0000-0000-000000000000/resourceGroups/cli_test_eh_namespace000001/providers/Microsoft.EventHub/namespaces/eventhubs-nscli000002?api-version=2022-01-01-preview
  response:
    body:
      string: '{"sku":{"name":"Standard","tier":"Standard","capacity":1},"id":"/subscriptions/00000000-0000-0000-0000-000000000000/resourceGroups/cli_test_eh_namespace000001/providers/Microsoft.EventHub/namespaces/eventhubs-nscli000002","name":"eventhubs-nscli000002","type":"Microsoft.EventHub/Namespaces","location":"South
        Central US","tags":{"{tag1":"value1}"},"properties":{"minimumTlsVersion":"1.2","publicNetworkAccess":"Enabled","disableLocalAuth":false,"zoneRedundant":false,"isAutoInflateEnabled":false,"maximumThroughputUnits":0,"kafkaEnabled":true,"provisioningState":"Created","metricId":"326100e2-f69d-4268-8503-075374f62b6e:eventhubs-nscli000002","createdAt":"2023-01-14T13:49:56.773Z","updatedAt":"2023-01-14T13:49:56.773Z","serviceBusEndpoint":"https://eventhubs-nscli000002.servicebus.windows.net:443/","status":"Activating"}}'
    headers:
      cache-control:
      - no-cache
      content-length:
      - '828'
      content-type:
      - application/json; charset=utf-8
      date:
      - Sat, 14 Jan 2023 13:50:27 GMT
      expires:
      - '-1'
      pragma:
      - no-cache
      server:
      - Service-Bus-Resource-Provider/SN1
      - Microsoft-HTTPAPI/2.0
      server-sb:
      - Service-Bus-Resource-Provider/SN1
      strict-transport-security:
      - max-age=31536000; includeSubDomains
      transfer-encoding:
      - chunked
      vary:
      - Accept-Encoding
      x-content-type-options:
      - nosniff
    status:
      code: 200
      message: OK
- request:
    body: null
    headers:
      Accept:
      - '*/*'
      Accept-Encoding:
      - gzip, deflate
      CommandName:
      - eventhubs namespace create
      Connection:
      - keep-alive
      ParameterSetName:
      - --resource-group --name --location --tags --sku
      User-Agent:
      - AZURECLI/2.42.0 azsdk-python-azure-mgmt-eventhub/10.1.0 Python/3.10.6 (Windows-10-10.0.19044-SP0)
    method: GET
    uri: https://management.azure.com/subscriptions/00000000-0000-0000-0000-000000000000/resourceGroups/cli_test_eh_namespace000001/providers/Microsoft.EventHub/namespaces/eventhubs-nscli000002?api-version=2022-01-01-preview
  response:
    body:
      string: '{"sku":{"name":"Standard","tier":"Standard","capacity":1},"id":"/subscriptions/00000000-0000-0000-0000-000000000000/resourceGroups/cli_test_eh_namespace000001/providers/Microsoft.EventHub/namespaces/eventhubs-nscli000002","name":"eventhubs-nscli000002","type":"Microsoft.EventHub/Namespaces","location":"South
        Central US","tags":{"{tag1":"value1}"},"properties":{"minimumTlsVersion":"1.2","publicNetworkAccess":"Enabled","disableLocalAuth":false,"zoneRedundant":false,"isAutoInflateEnabled":false,"maximumThroughputUnits":0,"kafkaEnabled":true,"provisioningState":"Succeeded","metricId":"326100e2-f69d-4268-8503-075374f62b6e:eventhubs-nscli000002","createdAt":"2023-01-14T13:49:56.773Z","updatedAt":"2023-01-14T13:50:43.15Z","serviceBusEndpoint":"https://eventhubs-nscli000002.servicebus.windows.net:443/","status":"Active"}}'
    headers:
      cache-control:
      - no-cache
      content-length:
      - '825'
      content-type:
      - application/json; charset=utf-8
      date:
      - Sat, 14 Jan 2023 13:50:57 GMT
      expires:
      - '-1'
      pragma:
      - no-cache
      server:
      - Service-Bus-Resource-Provider/SN1
      - Microsoft-HTTPAPI/2.0
      server-sb:
      - Service-Bus-Resource-Provider/SN1
      strict-transport-security:
      - max-age=31536000; includeSubDomains
      transfer-encoding:
      - chunked
      vary:
      - Accept-Encoding
      x-content-type-options:
      - nosniff
    status:
      code: 200
      message: OK
- request:
    body: null
    headers:
      Accept:
      - application/json
      Accept-Encoding:
      - gzip, deflate
      CommandName:
      - eventhubs namespace create
      Connection:
      - keep-alive
      ParameterSetName:
      - --resource-group --name --location --tags --sku
      User-Agent:
      - AZURECLI/2.42.0 azsdk-python-azure-mgmt-eventhub/10.1.0 Python/3.10.6 (Windows-10-10.0.19044-SP0)
    method: GET
    uri: https://management.azure.com/subscriptions/00000000-0000-0000-0000-000000000000/resourceGroups/cli_test_eh_namespace000001/providers/Microsoft.EventHub/namespaces/eventhubs-nscli000002?api-version=2022-01-01-preview
  response:
    body:
      string: '{"sku":{"name":"Standard","tier":"Standard","capacity":1},"id":"/subscriptions/00000000-0000-0000-0000-000000000000/resourceGroups/cli_test_eh_namespace000001/providers/Microsoft.EventHub/namespaces/eventhubs-nscli000002","name":"eventhubs-nscli000002","type":"Microsoft.EventHub/Namespaces","location":"South
        Central US","tags":{"{tag1":"value1}"},"properties":{"minimumTlsVersion":"1.2","publicNetworkAccess":"Enabled","disableLocalAuth":false,"zoneRedundant":false,"isAutoInflateEnabled":false,"maximumThroughputUnits":0,"kafkaEnabled":true,"provisioningState":"Succeeded","metricId":"326100e2-f69d-4268-8503-075374f62b6e:eventhubs-nscli000002","createdAt":"2023-01-14T13:49:56.773Z","updatedAt":"2023-01-14T13:50:43.15Z","serviceBusEndpoint":"https://eventhubs-nscli000002.servicebus.windows.net:443/","status":"Active"}}'
    headers:
      cache-control:
      - no-cache
      content-length:
      - '825'
      content-type:
      - application/json; charset=utf-8
      date:
      - Sat, 14 Jan 2023 13:50:58 GMT
      expires:
      - '-1'
      pragma:
      - no-cache
      server:
      - Service-Bus-Resource-Provider/SN1
      - Microsoft-HTTPAPI/2.0
      server-sb:
      - Service-Bus-Resource-Provider/SN1
      strict-transport-security:
      - max-age=31536000; includeSubDomains
      transfer-encoding:
      - chunked
      vary:
      - Accept-Encoding
      x-content-type-options:
      - nosniff
    status:
      code: 200
      message: OK
- request:
    body: '{"properties": {"rights": ["Listen", "Send", "Manage"]}}'
    headers:
      Accept:
      - application/json
      Accept-Encoding:
      - gzip, deflate
      CommandName:
      - eventhubs namespace authorization-rule create
      Connection:
      - keep-alive
      Content-Length:
      - '56'
      Content-Type:
      - application/json
      ParameterSetName:
      - --resource-group --namespace-name --name --rights
      User-Agent:
      - AZURECLI/2.42.0 (AAZ) azsdk-python-core/1.24.0 Python/3.10.6 (Windows-10-10.0.19044-SP0)
    method: PUT
    uri: https://management.azure.com/subscriptions/00000000-0000-0000-0000-000000000000/resourceGroups/cli_test_eh_namespace000001/providers/Microsoft.EventHub/namespaces/eventhubs-nscli000002/authorizationRules/namespaceAuthRule1?api-version=2022-01-01-preview
  response:
    body:
      string: '{"id":"/subscriptions/00000000-0000-0000-0000-000000000000/resourceGroups/cli_test_eh_namespace000001/providers/Microsoft.EventHub/namespaces/eventhubs-nscli000002/authorizationRules/namespaceAuthRule1","name":"namespaceAuthRule1","type":"Microsoft.EventHub/Namespaces/AuthorizationRules","location":"southcentralus","properties":{"rights":["Listen","Send","Manage"]}}'
    headers:
      cache-control:
      - no-cache
      content-length:
      - '368'
      content-type:
      - application/json; charset=utf-8
      date:
      - Sat, 14 Jan 2023 13:51:05 GMT
      expires:
      - '-1'
      pragma:
      - no-cache
      server:
      - Microsoft-HTTPAPI/2.0
      strict-transport-security:
      - max-age=31536000; includeSubDomains
      transfer-encoding:
      - chunked
      vary:
      - Accept-Encoding
      x-content-type-options:
      - nosniff
      x-ms-ratelimit-remaining-subscription-writes:
      - '1199'
    status:
      code: 200
      message: OK
- request:
    body: null
    headers:
      Accept:
      - application/json
      Accept-Encoding:
      - gzip, deflate
      CommandName:
      - eventhubs namespace authorization-rule update
      Connection:
      - keep-alive
      ParameterSetName:
      - --resource-group --namespace-name --name --rights
      User-Agent:
      - AZURECLI/2.42.0 (AAZ) azsdk-python-core/1.24.0 Python/3.10.6 (Windows-10-10.0.19044-SP0)
    method: GET
    uri: https://management.azure.com/subscriptions/00000000-0000-0000-0000-000000000000/resourceGroups/cli_test_eh_namespace000001/providers/Microsoft.EventHub/namespaces/eventhubs-nscli000002/authorizationRules/namespaceAuthRule1?api-version=2022-01-01-preview
  response:
    body:
      string: '{"id":"/subscriptions/00000000-0000-0000-0000-000000000000/resourcegroups/cli_test_eh_namespace000001/providers/Microsoft.EventHub/namespaces/eventhubs-nscli000002/authorizationrules/namespaceAuthRule1","name":"namespaceAuthRule1","type":"Microsoft.EventHub/Namespaces/AuthorizationRules","location":"southcentralus","properties":{"rights":["Listen","Send","Manage"]}}'
    headers:
      cache-control:
      - no-cache
      content-length:
      - '368'
      content-type:
      - application/json; charset=utf-8
      date:
      - Sat, 14 Jan 2023 13:51:07 GMT
      expires:
      - '-1'
      pragma:
      - no-cache
      server:
      - Microsoft-HTTPAPI/2.0
      strict-transport-security:
      - max-age=31536000; includeSubDomains
      transfer-encoding:
      - chunked
      vary:
      - Accept-Encoding
      x-content-type-options:
      - nosniff
    status:
      code: 200
      message: OK
- request:
    body: '{"properties": {"rights": ["Listen"]}}'
    headers:
      Accept:
      - application/json
      Accept-Encoding:
      - gzip, deflate
      CommandName:
      - eventhubs namespace authorization-rule update
      Connection:
      - keep-alive
      Content-Length:
      - '38'
      Content-Type:
      - application/json
      ParameterSetName:
      - --resource-group --namespace-name --name --rights
      User-Agent:
      - AZURECLI/2.42.0 (AAZ) azsdk-python-core/1.24.0 Python/3.10.6 (Windows-10-10.0.19044-SP0)
    method: PUT
    uri: https://management.azure.com/subscriptions/00000000-0000-0000-0000-000000000000/resourceGroups/cli_test_eh_namespace000001/providers/Microsoft.EventHub/namespaces/eventhubs-nscli000002/authorizationRules/namespaceAuthRule1?api-version=2022-01-01-preview
  response:
    body:
      string: '{"id":"/subscriptions/00000000-0000-0000-0000-000000000000/resourceGroups/cli_test_eh_namespace000001/providers/Microsoft.EventHub/namespaces/eventhubs-nscli000002/authorizationRules/namespaceAuthRule1","name":"namespaceAuthRule1","type":"Microsoft.EventHub/Namespaces/AuthorizationRules","location":"southcentralus","properties":{"rights":["Listen"]}}'
    headers:
      cache-control:
      - no-cache
      content-length:
      - '352'
      content-type:
      - application/json; charset=utf-8
      date:
      - Sat, 14 Jan 2023 13:51:14 GMT
      expires:
      - '-1'
      pragma:
      - no-cache
      server:
      - Microsoft-HTTPAPI/2.0
      strict-transport-security:
      - max-age=31536000; includeSubDomains
      transfer-encoding:
      - chunked
      vary:
      - Accept-Encoding
      x-content-type-options:
      - nosniff
      x-ms-ratelimit-remaining-subscription-writes:
      - '1199'
    status:
      code: 200
      message: OK
- request:
    body: null
    headers:
      Accept:
      - application/json
      Accept-Encoding:
      - gzip, deflate
      CommandName:
      - eventhubs namespace authorization-rule list
      Connection:
      - keep-alive
      ParameterSetName:
      - --resource-group --namespace-name
      User-Agent:
      - AZURECLI/2.42.0 (AAZ) azsdk-python-core/1.24.0 Python/3.10.6 (Windows-10-10.0.19044-SP0)
    method: GET
    uri: https://management.azure.com/subscriptions/00000000-0000-0000-0000-000000000000/resourceGroups/cli_test_eh_namespace000001/providers/Microsoft.EventHub/namespaces/eventhubs-nscli000002/authorizationRules?api-version=2022-01-01-preview
  response:
    body:
      string: '{"value":[{"id":"/subscriptions/00000000-0000-0000-0000-000000000000/resourcegroups/cli_test_eh_namespace000001/providers/Microsoft.EventHub/namespaces/eventhubs-nscli000002/authorizationrules/RootManageSharedAccessKey","name":"RootManageSharedAccessKey","type":"Microsoft.EventHub/Namespaces/AuthorizationRules","location":"southcentralus","properties":{"rights":["Listen","Manage","Send"]}},{"id":"/subscriptions/00000000-0000-0000-0000-000000000000/resourcegroups/cli_test_eh_namespace000001/providers/Microsoft.EventHub/namespaces/eventhubs-nscli000002/authorizationrules/namespaceAuthRule1","name":"namespaceAuthRule1","type":"Microsoft.EventHub/Namespaces/AuthorizationRules","location":"southcentralus","properties":{"rights":["Listen"]}}]}'
    headers:
      cache-control:
      - no-cache
      content-length:
      - '747'
      content-type:
      - application/json; charset=utf-8
      date:
      - Sat, 14 Jan 2023 13:51:15 GMT
      expires:
      - '-1'
      pragma:
      - no-cache
      server:
      - Microsoft-HTTPAPI/2.0
      strict-transport-security:
      - max-age=31536000; includeSubDomains
      transfer-encoding:
      - chunked
      vary:
      - Accept-Encoding
      x-content-type-options:
      - nosniff
    status:
      code: 200
      message: OK
- request:
    body: null
    headers:
      Accept:
      - application/json
      Accept-Encoding:
      - gzip, deflate
      CommandName:
      - eventhubs namespace authorization-rule keys list
      Connection:
      - keep-alive
      Content-Length:
      - '0'
      ParameterSetName:
      - --resource-group --namespace-name --name
      User-Agent:
      - AZURECLI/2.42.0 (AAZ) azsdk-python-core/1.24.0 Python/3.10.6 (Windows-10-10.0.19044-SP0)
    method: POST
    uri: https://management.azure.com/subscriptions/00000000-0000-0000-0000-000000000000/resourceGroups/cli_test_eh_namespace000001/providers/Microsoft.EventHub/namespaces/eventhubs-nscli000002/authorizationRules/namespaceAuthRule1/listKeys?api-version=2022-01-01-preview
  response:
    body:
      string: '{"primaryConnectionString":"Endpoint=sb://eventhubs-nscli000002.servicebus.windows.net/;SharedAccessKeyName=namespaceAuthRule1;SharedAccessKey=7VxNyjJULtNAf/Aezda5Kzr/+UsZo/vpCX6eH6cyfXg=","secondaryConnectionString":"Endpoint=sb://eventhubs-nscli000002.servicebus.windows.net/;SharedAccessKeyName=namespaceAuthRule1;SharedAccessKey=+m4hzlMbkpbg+ePoSLN6QzBKDUjmVaBSdW5TFbayKhc=","primaryKey":"7VxNyjJULtNAf/Aezda5Kzr/+UsZo/vpCX6eH6cyfXg=","secondaryKey":"+m4hzlMbkpbg+ePoSLN6QzBKDUjmVaBSdW5TFbayKhc=","keyName":"namespaceAuthRule1"}'
    headers:
      cache-control:
      - no-cache
      content-length:
      - '532'
      content-type:
      - application/json; charset=utf-8
      date:
      - Sat, 14 Jan 2023 13:51:16 GMT
      expires:
      - '-1'
      pragma:
      - no-cache
      server:
      - Microsoft-HTTPAPI/2.0
      strict-transport-security:
      - max-age=31536000; includeSubDomains
      transfer-encoding:
      - chunked
      vary:
      - Accept-Encoding
      x-content-type-options:
      - nosniff
      x-ms-ratelimit-remaining-subscription-writes:
      - '1199'
    status:
      code: 200
      message: OK
- request:
    body: '{"keyType": "PrimaryKey"}'
    headers:
      Accept:
      - application/json
      Accept-Encoding:
      - gzip, deflate
      CommandName:
      - eventhubs namespace authorization-rule keys renew
      Connection:
      - keep-alive
      Content-Length:
      - '25'
      Content-Type:
      - application/json
      ParameterSetName:
      - --resource-group --namespace-name --name --key
      User-Agent:
      - AZURECLI/2.42.0 (AAZ) azsdk-python-core/1.24.0 Python/3.10.6 (Windows-10-10.0.19044-SP0)
    method: POST
    uri: https://management.azure.com/subscriptions/00000000-0000-0000-0000-000000000000/resourceGroups/cli_test_eh_namespace000001/providers/Microsoft.EventHub/namespaces/eventhubs-nscli000002/authorizationRules/namespaceAuthRule1/regenerateKeys?api-version=2022-01-01-preview
  response:
    body:
      string: '{"primaryConnectionString":"Endpoint=sb://eventhubs-nscli000002.servicebus.windows.net/;SharedAccessKeyName=namespaceAuthRule1;SharedAccessKey=49CzFGGQSPZThRWb0KQip4OmbmvsMiumSgY9uP8PevI=","secondaryConnectionString":"Endpoint=sb://eventhubs-nscli000002.servicebus.windows.net/;SharedAccessKeyName=namespaceAuthRule1;SharedAccessKey=+m4hzlMbkpbg+ePoSLN6QzBKDUjmVaBSdW5TFbayKhc=","primaryKey":"49CzFGGQSPZThRWb0KQip4OmbmvsMiumSgY9uP8PevI=","secondaryKey":"+m4hzlMbkpbg+ePoSLN6QzBKDUjmVaBSdW5TFbayKhc=","keyName":"namespaceAuthRule1"}'
    headers:
      cache-control:
      - no-cache
      content-length:
      - '532'
      content-type:
      - application/json; charset=utf-8
      date:
      - Sat, 14 Jan 2023 13:51:23 GMT
      expires:
      - '-1'
      pragma:
      - no-cache
      server:
      - Microsoft-HTTPAPI/2.0
      strict-transport-security:
      - max-age=31536000; includeSubDomains
      transfer-encoding:
      - chunked
      vary:
      - Accept-Encoding
      x-content-type-options:
      - nosniff
      x-ms-ratelimit-remaining-subscription-writes:
      - '1199'
    status:
      code: 200
      message: OK
- request:
    body: '{"keyType": "SecondaryKey"}'
    headers:
      Accept:
      - application/json
      Accept-Encoding:
      - gzip, deflate
      CommandName:
      - eventhubs namespace authorization-rule keys renew
      Connection:
      - keep-alive
      Content-Length:
      - '27'
      Content-Type:
      - application/json
      ParameterSetName:
      - --resource-group --namespace-name --name --key
      User-Agent:
      - AZURECLI/2.42.0 (AAZ) azsdk-python-core/1.24.0 Python/3.10.6 (Windows-10-10.0.19044-SP0)
    method: POST
    uri: https://management.azure.com/subscriptions/00000000-0000-0000-0000-000000000000/resourceGroups/cli_test_eh_namespace000001/providers/Microsoft.EventHub/namespaces/eventhubs-nscli000002/authorizationRules/namespaceAuthRule1/regenerateKeys?api-version=2022-01-01-preview
  response:
    body:
      string: '{"primaryConnectionString":"Endpoint=sb://eventhubs-nscli000002.servicebus.windows.net/;SharedAccessKeyName=namespaceAuthRule1;SharedAccessKey=49CzFGGQSPZThRWb0KQip4OmbmvsMiumSgY9uP8PevI=","secondaryConnectionString":"Endpoint=sb://eventhubs-nscli000002.servicebus.windows.net/;SharedAccessKeyName=namespaceAuthRule1;SharedAccessKey=jPo3r1tmrmE5murvsKqLW+TtO+4btX6bOx5Hekg2MRM=","primaryKey":"49CzFGGQSPZThRWb0KQip4OmbmvsMiumSgY9uP8PevI=","secondaryKey":"jPo3r1tmrmE5murvsKqLW+TtO+4btX6bOx5Hekg2MRM=","keyName":"namespaceAuthRule1"}'
    headers:
      cache-control:
      - no-cache
      content-length:
      - '532'
      content-type:
      - application/json; charset=utf-8
      date:
      - Sat, 14 Jan 2023 13:51:30 GMT
      expires:
      - '-1'
      pragma:
      - no-cache
      server:
      - Microsoft-HTTPAPI/2.0
      strict-transport-security:
      - max-age=31536000; includeSubDomains
      transfer-encoding:
      - chunked
      vary:
      - Accept-Encoding
      x-content-type-options:
      - nosniff
      x-ms-ratelimit-remaining-subscription-writes:
      - '1199'
    status:
      code: 200
      message: OK
- request:
    body: '{}'
    headers:
      Accept:
      - application/json
      Accept-Encoding:
      - gzip, deflate
      CommandName:
      - eventhubs eventhub create
      Connection:
      - keep-alive
      Content-Length:
      - '2'
      Content-Type:
      - application/json
      ParameterSetName:
      - --resource-group --namespace-name --name
      User-Agent:
      - AZURECLI/2.42.0 azsdk-python-azure-mgmt-eventhub/10.1.0 Python/3.10.6 (Windows-10-10.0.19044-SP0)
    method: PUT
    uri: https://management.azure.com/subscriptions/00000000-0000-0000-0000-000000000000/resourceGroups/cli_test_eh_namespace000001/providers/Microsoft.EventHub/namespaces/eventhubs-nscli000002/eventhubs/eventhubnm000003?api-version=2022-01-01-preview
  response:
    body:
      string: '{"id":"/subscriptions/00000000-0000-0000-0000-000000000000/resourceGroups/cli_test_eh_namespace000001/providers/Microsoft.EventHub/namespaces/eventhubs-nscli000002/eventhubs/eventhubnm000003","name":"eventhubnm000003","type":"Microsoft.EventHub/namespaces/eventhubs","location":"southcentralus","properties":{"messageRetentionInDays":7,"partitionCount":4,"status":"Active","createdAt":"2023-01-14T13:51:33.44Z","updatedAt":"2023-01-14T13:51:33.633Z","partitionIds":["0","1","2","3"]}}'
    headers:
      cache-control:
      - no-cache
      content-length:
      - '484'
      content-type:
      - application/json; charset=utf-8
      date:
      - Sat, 14 Jan 2023 13:51:33 GMT
      expires:
      - '-1'
      pragma:
      - no-cache
      server:
      - Microsoft-HTTPAPI/2.0
      strict-transport-security:
      - max-age=31536000; includeSubDomains
      transfer-encoding:
      - chunked
      vary:
      - Accept-Encoding
      x-content-type-options:
      - nosniff
      x-ms-ratelimit-remaining-subscription-writes:
      - '1199'
    status:
      code: 200
      message: OK
- request:
    body: '{"properties": {"rights": ["Listen", "Send", "Manage"]}}'
    headers:
      Accept:
      - application/json
      Accept-Encoding:
      - gzip, deflate
      CommandName:
      - eventhubs eventhub authorization-rule create
      Connection:
      - keep-alive
      Content-Length:
      - '56'
      Content-Type:
      - application/json
      ParameterSetName:
      - --resource-group --namespace-name --eventhub-name --name --rights
      User-Agent:
      - AZURECLI/2.42.0 (AAZ) azsdk-python-core/1.24.0 Python/3.10.6 (Windows-10-10.0.19044-SP0)
    method: PUT
    uri: https://management.azure.com/subscriptions/00000000-0000-0000-0000-000000000000/resourceGroups/cli_test_eh_namespace000001/providers/Microsoft.EventHub/namespaces/eventhubs-nscli000002/eventhubs/eventhubnm000003/authorizationRules/eventHubAuthRule1?api-version=2022-01-01-preview
  response:
    body:
      string: '{"id":"/subscriptions/00000000-0000-0000-0000-000000000000/resourceGroups/cli_test_eh_namespace000001/providers/Microsoft.EventHub/namespaces/eventhubs-nscli000002/eventhubs/eventhubnm000003/authorizationRules/eventHubAuthRule1","name":"eventHubAuthRule1","type":"Microsoft.EventHub/namespaces/eventhubs/authorizationrules","properties":{"rights":["Listen","Send","Manage"]}}'
    headers:
      cache-control:
      - no-cache
      content-length:
      - '375'
      content-type:
      - application/json; charset=utf-8
      date:
      - Sat, 14 Jan 2023 13:51:34 GMT
      expires:
      - '-1'
      pragma:
      - no-cache
      server:
      - Microsoft-HTTPAPI/2.0
      strict-transport-security:
      - max-age=31536000; includeSubDomains
      transfer-encoding:
      - chunked
      vary:
      - Accept-Encoding
      x-content-type-options:
      - nosniff
      x-ms-ratelimit-remaining-subscription-writes:
      - '1199'
    status:
      code: 200
      message: OK
- request:
    body: null
    headers:
      Accept:
      - application/json
      Accept-Encoding:
      - gzip, deflate
      CommandName:
      - eventhubs eventhub authorization-rule show
      Connection:
      - keep-alive
      ParameterSetName:
      - --resource-group --namespace-name --eventhub-name --name
      User-Agent:
      - AZURECLI/2.42.0 (AAZ) azsdk-python-core/1.24.0 Python/3.10.6 (Windows-10-10.0.19044-SP0)
    method: GET
    uri: https://management.azure.com/subscriptions/00000000-0000-0000-0000-000000000000/resourceGroups/cli_test_eh_namespace000001/providers/Microsoft.EventHub/namespaces/eventhubs-nscli000002/eventhubs/eventhubnm000003/authorizationRules/eventHubAuthRule1?api-version=2022-01-01-preview
  response:
    body:
      string: '{"id":"/subscriptions/00000000-0000-0000-0000-000000000000/resourcegroups/cli_test_eh_namespace000001/providers/Microsoft.EventHub/namespaces/eventhubs-nscli000002/eventhubs/eventhubnm000003/authorizationrules/eventHubAuthRule1","name":"eventHubAuthRule1","type":"Microsoft.EventHub/namespaces/eventhubs/authorizationrules","location":"southcentralus","properties":{"rights":["Listen","Send","Manage"]}}'
    headers:
      cache-control:
      - no-cache
      content-length:
      - '403'
      content-type:
      - application/json; charset=utf-8
      date:
      - Sat, 14 Jan 2023 13:51:36 GMT
      expires:
      - '-1'
      pragma:
      - no-cache
      server:
      - Microsoft-HTTPAPI/2.0
      strict-transport-security:
      - max-age=31536000; includeSubDomains
      transfer-encoding:
      - chunked
      vary:
      - Accept-Encoding
      x-content-type-options:
      - nosniff
    status:
      code: 200
      message: OK
- request:
    body: null
    headers:
      Accept:
      - application/json
      Accept-Encoding:
      - gzip, deflate
      CommandName:
      - eventhubs eventhub authorization-rule keys list
      Connection:
      - keep-alive
      Content-Length:
      - '0'
      ParameterSetName:
      - --resource-group --namespace-name --eventhub-name --name
      User-Agent:
      - AZURECLI/2.42.0 (AAZ) azsdk-python-core/1.24.0 Python/3.10.6 (Windows-10-10.0.19044-SP0)
    method: POST
    uri: https://management.azure.com/subscriptions/00000000-0000-0000-0000-000000000000/resourceGroups/cli_test_eh_namespace000001/providers/Microsoft.EventHub/namespaces/eventhubs-nscli000002/eventhubs/eventhubnm000003/authorizationRules/eventHubAuthRule1/listKeys?api-version=2022-01-01-preview
  response:
    body:
      string: '{"primaryConnectionString":"Endpoint=sb://eventhubs-nscli000002.servicebus.windows.net/;SharedAccessKeyName=eventHubAuthRule1;SharedAccessKey=+NPm7z357DRWytat9Ee1EHMsEc1Z4+9lwcLt95VjKvA=;EntityPath=eventhubnm000003","secondaryConnectionString":"Endpoint=sb://eventhubs-nscli000002.servicebus.windows.net/;SharedAccessKeyName=eventHubAuthRule1;SharedAccessKey=JIhqEnPdLgdJnoXRWJqCeqND5aHhh2Xz2yFlobKp3rg=;EntityPath=eventhubnm000003","primaryKey":"+NPm7z357DRWytat9Ee1EHMsEc1Z4+9lwcLt95VjKvA=","secondaryKey":"JIhqEnPdLgdJnoXRWJqCeqND5aHhh2Xz2yFlobKp3rg=","keyName":"eventHubAuthRule1"}'
    headers:
      cache-control:
      - no-cache
      content-length:
      - '585'
      content-type:
      - application/json; charset=utf-8
      date:
      - Sat, 14 Jan 2023 13:51:37 GMT
      expires:
      - '-1'
      pragma:
      - no-cache
      server:
      - Microsoft-HTTPAPI/2.0
      strict-transport-security:
      - max-age=31536000; includeSubDomains
      transfer-encoding:
      - chunked
      vary:
      - Accept-Encoding
      x-content-type-options:
      - nosniff
      x-ms-ratelimit-remaining-subscription-writes:
      - '1199'
    status:
      code: 200
      message: OK
- request:
    body: '{"keyType": "PrimaryKey"}'
    headers:
      Accept:
      - application/json
      Accept-Encoding:
      - gzip, deflate
      CommandName:
      - eventhubs eventhub authorization-rule keys renew
      Connection:
      - keep-alive
      Content-Length:
      - '25'
      Content-Type:
      - application/json
      ParameterSetName:
      - --resource-group --namespace-name --eventhub-name --name --key
      User-Agent:
      - AZURECLI/2.42.0 (AAZ) azsdk-python-core/1.24.0 Python/3.10.6 (Windows-10-10.0.19044-SP0)
    method: POST
    uri: https://management.azure.com/subscriptions/00000000-0000-0000-0000-000000000000/resourceGroups/cli_test_eh_namespace000001/providers/Microsoft.EventHub/namespaces/eventhubs-nscli000002/eventhubs/eventhubnm000003/authorizationRules/eventHubAuthRule1/regenerateKeys?api-version=2022-01-01-preview
  response:
    body:
      string: '{"primaryConnectionString":"Endpoint=sb://eventhubs-nscli000002.servicebus.windows.net/;SharedAccessKeyName=eventHubAuthRule1;SharedAccessKey=1z/WxnVEcmoFH5qW+bJ7paadfaC29wZgAdA7zg5Qb/c=;EntityPath=eventhubnm000003","secondaryConnectionString":"Endpoint=sb://eventhubs-nscli000002.servicebus.windows.net/;SharedAccessKeyName=eventHubAuthRule1;SharedAccessKey=JIhqEnPdLgdJnoXRWJqCeqND5aHhh2Xz2yFlobKp3rg=;EntityPath=eventhubnm000003","primaryKey":"1z/WxnVEcmoFH5qW+bJ7paadfaC29wZgAdA7zg5Qb/c=","secondaryKey":"JIhqEnPdLgdJnoXRWJqCeqND5aHhh2Xz2yFlobKp3rg=","keyName":"eventHubAuthRule1"}'
    headers:
      cache-control:
      - no-cache
      content-length:
      - '585'
      content-type:
      - application/json; charset=utf-8
      date:
      - Sat, 14 Jan 2023 13:51:37 GMT
      expires:
      - '-1'
      pragma:
      - no-cache
      server:
      - Microsoft-HTTPAPI/2.0
      strict-transport-security:
      - max-age=31536000; includeSubDomains
      transfer-encoding:
      - chunked
      vary:
      - Accept-Encoding
      x-content-type-options:
      - nosniff
      x-ms-ratelimit-remaining-subscription-writes:
      - '1199'
    status:
      code: 200
      message: OK
- request:
    body: '{"keyType": "SecondaryKey"}'
    headers:
      Accept:
      - application/json
      Accept-Encoding:
      - gzip, deflate
      CommandName:
      - eventhubs eventhub authorization-rule keys renew
      Connection:
      - keep-alive
      Content-Length:
      - '27'
      Content-Type:
      - application/json
      ParameterSetName:
      - --resource-group --namespace-name --eventhub-name --name --key
      User-Agent:
      - AZURECLI/2.42.0 (AAZ) azsdk-python-core/1.24.0 Python/3.10.6 (Windows-10-10.0.19044-SP0)
    method: POST
    uri: https://management.azure.com/subscriptions/00000000-0000-0000-0000-000000000000/resourceGroups/cli_test_eh_namespace000001/providers/Microsoft.EventHub/namespaces/eventhubs-nscli000002/eventhubs/eventhubnm000003/authorizationRules/eventHubAuthRule1/regenerateKeys?api-version=2022-01-01-preview
  response:
    body:
      string: '{"primaryConnectionString":"Endpoint=sb://eventhubs-nscli000002.servicebus.windows.net/;SharedAccessKeyName=eventHubAuthRule1;SharedAccessKey=1z/WxnVEcmoFH5qW+bJ7paadfaC29wZgAdA7zg5Qb/c=;EntityPath=eventhubnm000003","secondaryConnectionString":"Endpoint=sb://eventhubs-nscli000002.servicebus.windows.net/;SharedAccessKeyName=eventHubAuthRule1;SharedAccessKey=9gkJphJB+iEZ/LXd5lcbFfQjIOVTLvb+JOKSSltOUIQ=;EntityPath=eventhubnm000003","primaryKey":"1z/WxnVEcmoFH5qW+bJ7paadfaC29wZgAdA7zg5Qb/c=","secondaryKey":"9gkJphJB+iEZ/LXd5lcbFfQjIOVTLvb+JOKSSltOUIQ=","keyName":"eventHubAuthRule1"}'
    headers:
      cache-control:
      - no-cache
      content-length:
      - '585'
      content-type:
      - application/json; charset=utf-8
      date:
      - Sat, 14 Jan 2023 13:51:39 GMT
      expires:
      - '-1'
      pragma:
      - no-cache
      server:
      - Microsoft-HTTPAPI/2.0
      strict-transport-security:
      - max-age=31536000; includeSubDomains
      transfer-encoding:
      - chunked
      vary:
      - Accept-Encoding
      x-content-type-options:
      - nosniff
      x-ms-ratelimit-remaining-subscription-writes:
      - '1199'
    status:
      code: 200
      message: OK
- request:
    body: null
    headers:
      Accept:
      - application/json
      Accept-Encoding:
      - gzip, deflate
      CommandName:
      - eventhubs namespace delete
      Connection:
      - keep-alive
      Content-Length:
      - '0'
      ParameterSetName:
      - --resource-group --name
      User-Agent:
      - AZURECLI/2.42.0 azsdk-python-azure-mgmt-eventhub/10.1.0 Python/3.10.6 (Windows-10-10.0.19044-SP0)
    method: DELETE
    uri: https://management.azure.com/subscriptions/00000000-0000-0000-0000-000000000000/resourceGroups/cli_test_eh_namespace000001/providers/Microsoft.EventHub/namespaces/eventhubs-nscli000002?api-version=2022-01-01-preview
  response:
    body:
      string: ''
    headers:
      cache-control:
      - no-cache
      content-length:
      - '0'
      date:
      - Sat, 14 Jan 2023 13:51:41 GMT
      expires:
      - '-1'
      location:
      - https://management.azure.com/subscriptions/00000000-0000-0000-0000-000000000000/resourcegroups/cli_test_eh_namespace000001/providers/Microsoft.EventHub/locations/southcentralus/operationStatus/eventhubs-nscli000002?api-version=2022-01-01-preview&resourceType=Namespace
      pragma:
      - no-cache
      server:
      - Service-Bus-Resource-Provider/SN1
      - Microsoft-HTTPAPI/2.0
      server-sb:
      - Service-Bus-Resource-Provider/SN1
      strict-transport-security:
      - max-age=31536000; includeSubDomains
      x-content-type-options:
      - nosniff
      x-ms-ratelimit-remaining-subscription-deletes:
      - '14999'
    status:
      code: 202
      message: Accepted
- request:
    body: null
    headers:
      Accept:
      - '*/*'
      Accept-Encoding:
      - gzip, deflate
      CommandName:
      - eventhubs namespace delete
      Connection:
      - keep-alive
      ParameterSetName:
      - --resource-group --name
      User-Agent:
      - AZURECLI/2.42.0 azsdk-python-azure-mgmt-eventhub/10.1.0 Python/3.10.6 (Windows-10-10.0.19044-SP0)
    method: GET
    uri: https://management.azure.com/subscriptions/00000000-0000-0000-0000-000000000000/resourcegroups/cli_test_eh_namespace000001/providers/Microsoft.EventHub/locations/southcentralus/operationStatus/eventhubs-nscli000002?api-version=2022-01-01-preview&resourceType=Namespace
  response:
    body:
      string: ''
    headers:
      cache-control:
      - no-cache
      date:
      - Sat, 14 Jan 2023 13:52:11 GMT
      expires:
      - '-1'
      pragma:
      - no-cache
      server:
      - Service-Bus-Resource-Provider/SN1
      - Microsoft-HTTPAPI/2.0
      server-sb:
      - Service-Bus-Resource-Provider/SN1
      strict-transport-security:
      - max-age=31536000; includeSubDomains
      x-content-type-options:
      - nosniff
    status:
      code: 204
      message: No Content
version: 1
