interactions:
- request:
    body: '{"name": "eventhubs-nscli000003"}'
    headers:
      Accept:
      - application/json
      Accept-Encoding:
      - gzip, deflate
      CommandName:
      - eventhubs namespace exists
      Connection:
      - keep-alive
      Content-Length:
      - '33'
      Content-Type:
      - application/json
      ParameterSetName:
      - --name
      User-Agent:
      - AZURECLI/2.35.0 azsdk-python-azure-mgmt-eventhub/10.0.0 Python/3.6.2 (Windows-10-10.0.19041-SP0)
    method: POST
    uri: https://management.azure.com/subscriptions/00000000-0000-0000-0000-000000000000/providers/Microsoft.EventHub/checkNameAvailability?api-version=2021-11-01
  response:
    body:
      string: '{"nameAvailable":true,"reason":"None","message":null}'
    headers:
      cache-control:
      - no-cache
      content-length:
      - '53'
      content-type:
      - application/json; charset=utf-8
      date:
      - Tue, 19 Apr 2022 07:50:47 GMT
      expires:
      - '-1'
      pragma:
      - no-cache
      server:
      - Service-Bus-Resource-Provider/CH3
      - Microsoft-HTTPAPI/2.0
      server-sb:
      - Service-Bus-Resource-Provider/CH3
      strict-transport-security:
      - max-age=31536000; includeSubDomains
      transfer-encoding:
      - chunked
      vary:
      - Accept-Encoding
      x-content-type-options:
      - nosniff
      x-ms-ratelimit-remaining-subscription-writes:
      - '1199'
    status:
      code: 200
      message: OK
- request:
    body: '{"location": "southcentralus", "tags": {"{tag1": "value1}"}, "sku": {"name":
      "Standard", "tier": "Standard"}, "identity": {"type": "SystemAssigned"}, "properties":
      {"clusterArmId": "/subscriptions/00000000-0000-0000-0000-000000000000/resourceGroups/v-ajnavtest/providers/Microsoft.EventHub/clusters/PMTestCluster",
      "isAutoInflateEnabled": true, "maximumThroughputUnits": 4}}'
    headers:
      Accept:
      - application/json
      Accept-Encoding:
      - gzip, deflate
      CommandName:
      - eventhubs namespace create
      Connection:
      - keep-alive
      Content-Length:
      - '374'
      Content-Type:
      - application/json
      ParameterSetName:
      - --resource-group --name --location --tags --sku --enable-auto-inflate --maximum-throughput-units
        --cluster-arm-id --assign-identity
      User-Agent:
      - AZURECLI/2.35.0 azsdk-python-azure-mgmt-eventhub/10.0.0 Python/3.6.2 (Windows-10-10.0.19041-SP0)
    method: PUT
    uri: https://management.azure.com/subscriptions/00000000-0000-0000-0000-000000000000/resourceGroups/cli_test_eh_namespace000001/providers/Microsoft.EventHub/namespaces/eventhubs-nscli000003?api-version=2021-11-01
  response:
    body:
      string: '{"sku":{"name":"Standard","tier":"Standard","capacity":1},"id":"/subscriptions/00000000-0000-0000-0000-000000000000/resourceGroups/cli_test_eh_namespace000001/providers/Microsoft.EventHub/namespaces/eventhubs-nscli000003","name":"eventhubs-nscli000003","type":"Microsoft.EventHub/Namespaces","location":"South
        Central US","tags":{"{tag1":"value1}"},"identity":{"principalId":"168a4a2c-9424-47c6-93a8-3be6ec56b33a","tenantId":"72f988bf-86f1-41af-91ab-2d7cd011db47","type":"SystemAssigned"},"properties":{"disableLocalAuth":false,"zoneRedundant":false,"isAutoInflateEnabled":true,"maximumThroughputUnits":4,"clusterArmId":"/subscriptions/00000000-0000-0000-0000-000000000000/resourceGroups/v-ajnavtest/providers/Microsoft.EventHub/clusters/PMTestCluster","kafkaEnabled":true,"provisioningState":"ActivatingIdentity","metricId":"a70b8550-49b1-4c60-b9f9-86b7edbf31e4:eventhubs-nscli000003","createdAt":"2022-04-19T07:50:55.747Z","updatedAt":"2022-04-19T07:50:55.747Z","serviceBusEndpoint":"https://eventhubs-nscli000003.servicebus.windows.net:443/","status":"Activating"}}'
    headers:
      cache-control:
      - no-cache
      content-length:
      - '1068'
      content-type:
      - application/json; charset=utf-8
      date:
      - Tue, 19 Apr 2022 07:50:57 GMT
      expires:
      - '-1'
      pragma:
      - no-cache
      server:
      - Service-Bus-Resource-Provider/CH3
      - Microsoft-HTTPAPI/2.0
      server-sb:
      - Service-Bus-Resource-Provider/CH3
      strict-transport-security:
      - max-age=31536000; includeSubDomains
      transfer-encoding:
      - chunked
      vary:
      - Accept-Encoding
      x-content-type-options:
      - nosniff
      x-ms-ratelimit-remaining-subscription-resource-requests:
      - '49'
    status:
      code: 200
      message: OK
- request:
    body: null
    headers:
      Accept:
      - '*/*'
      Accept-Encoding:
      - gzip, deflate
      CommandName:
      - eventhubs namespace create
      Connection:
      - keep-alive
      ParameterSetName:
      - --resource-group --name --location --tags --sku --enable-auto-inflate --maximum-throughput-units
        --cluster-arm-id --assign-identity
      User-Agent:
      - AZURECLI/2.35.0 azsdk-python-azure-mgmt-eventhub/10.0.0 Python/3.6.2 (Windows-10-10.0.19041-SP0)
    method: GET
    uri: https://management.azure.com/subscriptions/00000000-0000-0000-0000-000000000000/resourceGroups/cli_test_eh_namespace000001/providers/Microsoft.EventHub/namespaces/eventhubs-nscli000003?api-version=2021-11-01
  response:
    body:
      string: '{"sku":{"name":"Standard","tier":"Standard","capacity":1},"id":"/subscriptions/00000000-0000-0000-0000-000000000000/resourceGroups/cli_test_eh_namespace000001/providers/Microsoft.EventHub/namespaces/eventhubs-nscli000003","name":"eventhubs-nscli000003","type":"Microsoft.EventHub/Namespaces","location":"South
        Central US","tags":{"{tag1":"value1}"},"identity":{"principalId":"168a4a2c-9424-47c6-93a8-3be6ec56b33a","tenantId":"72f988bf-86f1-41af-91ab-2d7cd011db47","type":"SystemAssigned"},"properties":{"disableLocalAuth":false,"zoneRedundant":false,"isAutoInflateEnabled":true,"maximumThroughputUnits":4,"clusterArmId":"/subscriptions/00000000-0000-0000-0000-000000000000/resourceGroups/v-ajnavtest/providers/Microsoft.EventHub/clusters/PMTestCluster","kafkaEnabled":true,"provisioningState":"ActivatingIdentity","metricId":"a70b8550-49b1-4c60-b9f9-86b7edbf31e4:eventhubs-nscli000003","createdAt":"2022-04-19T07:50:55.747Z","updatedAt":"2022-04-19T07:50:55.747Z","serviceBusEndpoint":"https://eventhubs-nscli000003.servicebus.windows.net:443/","status":"Activating"}}'
    headers:
      cache-control:
      - no-cache
      content-length:
      - '1068'
      content-type:
      - application/json; charset=utf-8
      date:
      - Tue, 19 Apr 2022 07:51:27 GMT
      expires:
      - '-1'
      pragma:
      - no-cache
      server:
      - Service-Bus-Resource-Provider/SN1
      - Microsoft-HTTPAPI/2.0
      server-sb:
      - Service-Bus-Resource-Provider/SN1
      strict-transport-security:
      - max-age=31536000; includeSubDomains
      transfer-encoding:
      - chunked
      vary:
      - Accept-Encoding
      x-content-type-options:
      - nosniff
    status:
      code: 200
      message: OK
- request:
    body: null
    headers:
      Accept:
      - '*/*'
      Accept-Encoding:
      - gzip, deflate
      CommandName:
      - eventhubs namespace create
      Connection:
      - keep-alive
      ParameterSetName:
      - --resource-group --name --location --tags --sku --enable-auto-inflate --maximum-throughput-units
        --cluster-arm-id --assign-identity
      User-Agent:
      - AZURECLI/2.35.0 azsdk-python-azure-mgmt-eventhub/10.0.0 Python/3.6.2 (Windows-10-10.0.19041-SP0)
    method: GET
    uri: https://management.azure.com/subscriptions/00000000-0000-0000-0000-000000000000/resourceGroups/cli_test_eh_namespace000001/providers/Microsoft.EventHub/namespaces/eventhubs-nscli000003?api-version=2021-11-01
  response:
    body:
      string: '{"sku":{"name":"Standard","tier":"Standard","capacity":1},"id":"/subscriptions/00000000-0000-0000-0000-000000000000/resourceGroups/cli_test_eh_namespace000001/providers/Microsoft.EventHub/namespaces/eventhubs-nscli000003","name":"eventhubs-nscli000003","type":"Microsoft.EventHub/Namespaces","location":"South
        Central US","tags":{"{tag1":"value1}"},"identity":{"principalId":"168a4a2c-9424-47c6-93a8-3be6ec56b33a","tenantId":"72f988bf-86f1-41af-91ab-2d7cd011db47","type":"SystemAssigned"},"properties":{"disableLocalAuth":false,"zoneRedundant":false,"isAutoInflateEnabled":true,"maximumThroughputUnits":4,"clusterArmId":"/subscriptions/00000000-0000-0000-0000-000000000000/resourceGroups/v-ajnavtest/providers/Microsoft.EventHub/clusters/PMTestCluster","kafkaEnabled":true,"provisioningState":"ActivatingIdentity","metricId":"a70b8550-49b1-4c60-b9f9-86b7edbf31e4:eventhubs-nscli000003","createdAt":"2022-04-19T07:50:55.747Z","updatedAt":"2022-04-19T07:51:45.293Z","serviceBusEndpoint":"https://eventhubs-nscli000003.servicebus.windows.net:443/","status":"Active"}}'
    headers:
      cache-control:
      - no-cache
      content-length:
      - '1064'
      content-type:
      - application/json; charset=utf-8
      date:
      - Tue, 19 Apr 2022 07:51:57 GMT
      expires:
      - '-1'
      pragma:
      - no-cache
      server:
      - Service-Bus-Resource-Provider/SN1
      - Microsoft-HTTPAPI/2.0
      server-sb:
      - Service-Bus-Resource-Provider/SN1
      strict-transport-security:
      - max-age=31536000; includeSubDomains
      transfer-encoding:
      - chunked
      vary:
      - Accept-Encoding
      x-content-type-options:
      - nosniff
    status:
      code: 200
      message: OK
- request:
    body: null
    headers:
      Accept:
      - '*/*'
      Accept-Encoding:
      - gzip, deflate
      CommandName:
      - eventhubs namespace create
      Connection:
      - keep-alive
      ParameterSetName:
      - --resource-group --name --location --tags --sku --enable-auto-inflate --maximum-throughput-units
        --cluster-arm-id --assign-identity
      User-Agent:
      - AZURECLI/2.35.0 azsdk-python-azure-mgmt-eventhub/10.0.0 Python/3.6.2 (Windows-10-10.0.19041-SP0)
    method: GET
    uri: https://management.azure.com/subscriptions/00000000-0000-0000-0000-000000000000/resourceGroups/cli_test_eh_namespace000001/providers/Microsoft.EventHub/namespaces/eventhubs-nscli000003?api-version=2021-11-01
  response:
    body:
      string: '{"sku":{"name":"Standard","tier":"Standard","capacity":1},"id":"/subscriptions/00000000-0000-0000-0000-000000000000/resourceGroups/cli_test_eh_namespace000001/providers/Microsoft.EventHub/namespaces/eventhubs-nscli000003","name":"eventhubs-nscli000003","type":"Microsoft.EventHub/Namespaces","location":"South
        Central US","tags":{"{tag1":"value1}"},"identity":{"principalId":"168a4a2c-9424-47c6-93a8-3be6ec56b33a","tenantId":"72f988bf-86f1-41af-91ab-2d7cd011db47","type":"SystemAssigned"},"properties":{"disableLocalAuth":false,"zoneRedundant":false,"isAutoInflateEnabled":true,"maximumThroughputUnits":4,"clusterArmId":"/subscriptions/00000000-0000-0000-0000-000000000000/resourceGroups/v-ajnavtest/providers/Microsoft.EventHub/clusters/PMTestCluster","kafkaEnabled":true,"provisioningState":"Succeeded","metricId":"a70b8550-49b1-4c60-b9f9-86b7edbf31e4:eventhubs-nscli000003","createdAt":"2022-04-19T07:50:55.747Z","updatedAt":"2022-04-19T07:52:05.057Z","serviceBusEndpoint":"https://eventhubs-nscli000003.servicebus.windows.net:443/","status":"Active"}}'
    headers:
      cache-control:
      - no-cache
      content-length:
      - '1055'
      content-type:
      - application/json; charset=utf-8
      date:
      - Tue, 19 Apr 2022 07:52:28 GMT
      expires:
      - '-1'
      pragma:
      - no-cache
      server:
      - Service-Bus-Resource-Provider/SN1
      - Microsoft-HTTPAPI/2.0
      server-sb:
      - Service-Bus-Resource-Provider/SN1
      strict-transport-security:
      - max-age=31536000; includeSubDomains
      transfer-encoding:
      - chunked
      vary:
      - Accept-Encoding
      x-content-type-options:
      - nosniff
    status:
      code: 200
      message: OK
- request:
    body: null
    headers:
      Accept:
      - application/json
      Accept-Encoding:
      - gzip, deflate
      CommandName:
      - eventhubs namespace create
      Connection:
      - keep-alive
      ParameterSetName:
      - --resource-group --name --location --tags --sku --enable-auto-inflate --maximum-throughput-units
        --cluster-arm-id --assign-identity
      User-Agent:
      - AZURECLI/2.35.0 azsdk-python-azure-mgmt-eventhub/10.0.0 Python/3.6.2 (Windows-10-10.0.19041-SP0)
    method: GET
    uri: https://management.azure.com/subscriptions/00000000-0000-0000-0000-000000000000/resourceGroups/cli_test_eh_namespace000001/providers/Microsoft.EventHub/namespaces/eventhubs-nscli000003?api-version=2021-11-01
  response:
    body:
      string: '{"sku":{"name":"Standard","tier":"Standard","capacity":1},"id":"/subscriptions/00000000-0000-0000-0000-000000000000/resourceGroups/cli_test_eh_namespace000001/providers/Microsoft.EventHub/namespaces/eventhubs-nscli000003","name":"eventhubs-nscli000003","type":"Microsoft.EventHub/Namespaces","location":"South
        Central US","tags":{"{tag1":"value1}"},"identity":{"principalId":"168a4a2c-9424-47c6-93a8-3be6ec56b33a","tenantId":"72f988bf-86f1-41af-91ab-2d7cd011db47","type":"SystemAssigned"},"properties":{"disableLocalAuth":false,"zoneRedundant":false,"isAutoInflateEnabled":true,"maximumThroughputUnits":4,"clusterArmId":"/subscriptions/00000000-0000-0000-0000-000000000000/resourceGroups/v-ajnavtest/providers/Microsoft.EventHub/clusters/PMTestCluster","kafkaEnabled":true,"provisioningState":"Succeeded","metricId":"a70b8550-49b1-4c60-b9f9-86b7edbf31e4:eventhubs-nscli000003","createdAt":"2022-04-19T07:50:55.747Z","updatedAt":"2022-04-19T07:52:05.057Z","serviceBusEndpoint":"https://eventhubs-nscli000003.servicebus.windows.net:443/","status":"Active"}}'
    headers:
      cache-control:
      - no-cache
      content-length:
      - '1055'
      content-type:
      - application/json; charset=utf-8
      date:
      - Tue, 19 Apr 2022 07:52:29 GMT
      expires:
      - '-1'
      pragma:
      - no-cache
      server:
      - Service-Bus-Resource-Provider/SN1
      - Microsoft-HTTPAPI/2.0
      server-sb:
      - Service-Bus-Resource-Provider/SN1
      strict-transport-security:
      - max-age=31536000; includeSubDomains
      transfer-encoding:
      - chunked
      vary:
      - Accept-Encoding
      x-content-type-options:
      - nosniff
    status:
      code: 200
      message: OK
- request:
    body: '{"location": "southcentralus", "tags": {"{tag1": "value1}"}, "sku": {"name":
      "Standard", "tier": "Standard"}, "properties": {"clusterArmId": "/subscriptions/00000000-0000-0000-0000-000000000000/resourceGroups/v-ajnavtest/providers/Microsoft.EventHub/clusters/PMTestCluster",
      "isAutoInflateEnabled": true, "maximumThroughputUnits": 4}}'
    headers:
      Accept:
      - application/json
      Accept-Encoding:
      - gzip, deflate
      CommandName:
      - eventhubs namespace create
      Connection:
      - keep-alive
      Content-Length:
      - '334'
      Content-Type:
      - application/json
      ParameterSetName:
      - --resource-group --name --location --tags --sku --enable-auto-inflate --maximum-throughput-units
        --cluster-arm-id
      User-Agent:
      - AZURECLI/2.35.0 azsdk-python-azure-mgmt-eventhub/10.0.0 Python/3.6.2 (Windows-10-10.0.19041-SP0)
    method: PUT
    uri: https://management.azure.com/subscriptions/00000000-0000-0000-0000-000000000000/resourceGroups/cli_test_eh_namespace000001/providers/Microsoft.EventHub/namespaces/eventhubs-nscli000004?api-version=2021-11-01
  response:
    body:
      string: '{"sku":{"name":"Standard","tier":"Standard","capacity":1},"id":"/subscriptions/00000000-0000-0000-0000-000000000000/resourceGroups/cli_test_eh_namespace000001/providers/Microsoft.EventHub/namespaces/eventhubs-nscli000004","name":"eventhubs-nscli000004","type":"Microsoft.EventHub/Namespaces","location":"South
        Central US","tags":{"{tag1":"value1}"},"properties":{"disableLocalAuth":false,"zoneRedundant":false,"isAutoInflateEnabled":true,"maximumThroughputUnits":4,"clusterArmId":"/subscriptions/00000000-0000-0000-0000-000000000000/resourceGroups/v-ajnavtest/providers/Microsoft.EventHub/clusters/PMTestCluster","kafkaEnabled":true,"provisioningState":"Created","metricId":"a70b8550-49b1-4c60-b9f9-86b7edbf31e4:eventhubs-nscli000004","createdAt":"2022-04-19T07:52:35.263Z","updatedAt":"2022-04-19T07:52:35.263Z","serviceBusEndpoint":"https://eventhubs-nscli000004.servicebus.windows.net:443/","status":"Activating"}}'
    headers:
      cache-control:
      - no-cache
      content-length:
      - '917'
      content-type:
      - application/json; charset=utf-8
      date:
      - Tue, 19 Apr 2022 07:52:36 GMT
      expires:
      - '-1'
      pragma:
      - no-cache
      server:
      - Service-Bus-Resource-Provider/CH3
      - Microsoft-HTTPAPI/2.0
      server-sb:
      - Service-Bus-Resource-Provider/CH3
      strict-transport-security:
      - max-age=31536000; includeSubDomains
      transfer-encoding:
      - chunked
      vary:
      - Accept-Encoding
      x-content-type-options:
      - nosniff
      x-ms-ratelimit-remaining-subscription-resource-requests:
      - '49'
    status:
      code: 200
      message: OK
- request:
    body: null
    headers:
      Accept:
      - '*/*'
      Accept-Encoding:
      - gzip, deflate
      CommandName:
      - eventhubs namespace create
      Connection:
      - keep-alive
      ParameterSetName:
      - --resource-group --name --location --tags --sku --enable-auto-inflate --maximum-throughput-units
        --cluster-arm-id
      User-Agent:
      - AZURECLI/2.35.0 azsdk-python-azure-mgmt-eventhub/10.0.0 Python/3.6.2 (Windows-10-10.0.19041-SP0)
    method: GET
    uri: https://management.azure.com/subscriptions/00000000-0000-0000-0000-000000000000/resourceGroups/cli_test_eh_namespace000001/providers/Microsoft.EventHub/namespaces/eventhubs-nscli000004?api-version=2021-11-01
  response:
    body:
      string: '{"sku":{"name":"Standard","tier":"Standard","capacity":1},"id":"/subscriptions/00000000-0000-0000-0000-000000000000/resourceGroups/cli_test_eh_namespace000001/providers/Microsoft.EventHub/namespaces/eventhubs-nscli000004","name":"eventhubs-nscli000004","type":"Microsoft.EventHub/Namespaces","location":"South
        Central US","tags":{"{tag1":"value1}"},"properties":{"disableLocalAuth":false,"zoneRedundant":false,"isAutoInflateEnabled":true,"maximumThroughputUnits":4,"clusterArmId":"/subscriptions/00000000-0000-0000-0000-000000000000/resourceGroups/v-ajnavtest/providers/Microsoft.EventHub/clusters/PMTestCluster","kafkaEnabled":true,"provisioningState":"Created","metricId":"a70b8550-49b1-4c60-b9f9-86b7edbf31e4:eventhubs-nscli000004","createdAt":"2022-04-19T07:52:35.263Z","updatedAt":"2022-04-19T07:52:35.263Z","serviceBusEndpoint":"https://eventhubs-nscli000004.servicebus.windows.net:443/","status":"Activating"}}'
    headers:
      cache-control:
      - no-cache
      content-length:
      - '917'
      content-type:
      - application/json; charset=utf-8
      date:
      - Tue, 19 Apr 2022 07:53:05 GMT
      expires:
      - '-1'
      pragma:
      - no-cache
      server:
      - Service-Bus-Resource-Provider/CH3
      - Microsoft-HTTPAPI/2.0
      server-sb:
      - Service-Bus-Resource-Provider/CH3
      strict-transport-security:
      - max-age=31536000; includeSubDomains
      transfer-encoding:
      - chunked
      vary:
      - Accept-Encoding
      x-content-type-options:
      - nosniff
    status:
      code: 200
      message: OK
- request:
    body: null
    headers:
      Accept:
      - '*/*'
      Accept-Encoding:
      - gzip, deflate
      CommandName:
      - eventhubs namespace create
      Connection:
      - keep-alive
      ParameterSetName:
      - --resource-group --name --location --tags --sku --enable-auto-inflate --maximum-throughput-units
        --cluster-arm-id
      User-Agent:
      - AZURECLI/2.35.0 azsdk-python-azure-mgmt-eventhub/10.0.0 Python/3.6.2 (Windows-10-10.0.19041-SP0)
    method: GET
    uri: https://management.azure.com/subscriptions/00000000-0000-0000-0000-000000000000/resourceGroups/cli_test_eh_namespace000001/providers/Microsoft.EventHub/namespaces/eventhubs-nscli000004?api-version=2021-11-01
  response:
    body:
      string: '{"sku":{"name":"Standard","tier":"Standard","capacity":1},"id":"/subscriptions/00000000-0000-0000-0000-000000000000/resourceGroups/cli_test_eh_namespace000001/providers/Microsoft.EventHub/namespaces/eventhubs-nscli000004","name":"eventhubs-nscli000004","type":"Microsoft.EventHub/Namespaces","location":"South
        Central US","tags":{"{tag1":"value1}"},"properties":{"disableLocalAuth":false,"zoneRedundant":false,"isAutoInflateEnabled":true,"maximumThroughputUnits":4,"clusterArmId":"/subscriptions/00000000-0000-0000-0000-000000000000/resourceGroups/v-ajnavtest/providers/Microsoft.EventHub/clusters/PMTestCluster","kafkaEnabled":true,"provisioningState":"Succeeded","metricId":"a70b8550-49b1-4c60-b9f9-86b7edbf31e4:eventhubs-nscli000004","createdAt":"2022-04-19T07:52:35.263Z","updatedAt":"2022-04-19T07:53:27.4Z","serviceBusEndpoint":"https://eventhubs-nscli000004.servicebus.windows.net:443/","status":"Active"}}'
    headers:
      cache-control:
      - no-cache
      content-length:
      - '913'
      content-type:
      - application/json; charset=utf-8
      date:
      - Tue, 19 Apr 2022 07:53:37 GMT
      expires:
      - '-1'
      pragma:
      - no-cache
      server:
      - Service-Bus-Resource-Provider/CH3
      - Microsoft-HTTPAPI/2.0
      server-sb:
      - Service-Bus-Resource-Provider/CH3
      strict-transport-security:
      - max-age=31536000; includeSubDomains
      transfer-encoding:
      - chunked
      vary:
      - Accept-Encoding
      x-content-type-options:
      - nosniff
    status:
      code: 200
      message: OK
- request:
    body: null
    headers:
      Accept:
      - application/json
      Accept-Encoding:
      - gzip, deflate
      CommandName:
      - eventhubs namespace create
      Connection:
      - keep-alive
      ParameterSetName:
      - --resource-group --name --location --tags --sku --enable-auto-inflate --maximum-throughput-units
        --cluster-arm-id
      User-Agent:
      - AZURECLI/2.35.0 azsdk-python-azure-mgmt-eventhub/10.0.0 Python/3.6.2 (Windows-10-10.0.19041-SP0)
    method: GET
    uri: https://management.azure.com/subscriptions/00000000-0000-0000-0000-000000000000/resourceGroups/cli_test_eh_namespace000001/providers/Microsoft.EventHub/namespaces/eventhubs-nscli000004?api-version=2021-11-01
  response:
    body:
      string: '{"sku":{"name":"Standard","tier":"Standard","capacity":1},"id":"/subscriptions/00000000-0000-0000-0000-000000000000/resourceGroups/cli_test_eh_namespace000001/providers/Microsoft.EventHub/namespaces/eventhubs-nscli000004","name":"eventhubs-nscli000004","type":"Microsoft.EventHub/Namespaces","location":"South
        Central US","tags":{"{tag1":"value1}"},"properties":{"disableLocalAuth":false,"zoneRedundant":false,"isAutoInflateEnabled":true,"maximumThroughputUnits":4,"clusterArmId":"/subscriptions/00000000-0000-0000-0000-000000000000/resourceGroups/v-ajnavtest/providers/Microsoft.EventHub/clusters/PMTestCluster","kafkaEnabled":true,"provisioningState":"Succeeded","metricId":"a70b8550-49b1-4c60-b9f9-86b7edbf31e4:eventhubs-nscli000004","createdAt":"2022-04-19T07:52:35.263Z","updatedAt":"2022-04-19T07:53:27.4Z","serviceBusEndpoint":"https://eventhubs-nscli000004.servicebus.windows.net:443/","status":"Active"}}'
    headers:
      cache-control:
      - no-cache
      content-length:
      - '913'
      content-type:
      - application/json; charset=utf-8
      date:
      - Tue, 19 Apr 2022 07:53:37 GMT
      expires:
      - '-1'
      pragma:
      - no-cache
      server:
      - Service-Bus-Resource-Provider/CH3
      - Microsoft-HTTPAPI/2.0
      server-sb:
      - Service-Bus-Resource-Provider/CH3
      strict-transport-security:
      - max-age=31536000; includeSubDomains
      transfer-encoding:
      - chunked
      vary:
      - Accept-Encoding
      x-content-type-options:
      - nosniff
    status:
      code: 200
      message: OK
- request:
    body: null
    headers:
      Accept:
      - application/json
      Accept-Encoding:
      - gzip, deflate
      CommandName:
      - eventhubs namespace show
      Connection:
      - keep-alive
      ParameterSetName:
      - --resource-group --name
      User-Agent:
      - AZURECLI/2.35.0 azsdk-python-azure-mgmt-eventhub/10.0.0 Python/3.6.2 (Windows-10-10.0.19041-SP0)
    method: GET
    uri: https://management.azure.com/subscriptions/00000000-0000-0000-0000-000000000000/resourceGroups/cli_test_eh_namespace000001/providers/Microsoft.EventHub/namespaces/eventhubs-nscli000003?api-version=2021-11-01
  response:
    body:
      string: '{"sku":{"name":"Standard","tier":"Standard","capacity":1},"id":"/subscriptions/00000000-0000-0000-0000-000000000000/resourceGroups/cli_test_eh_namespace000001/providers/Microsoft.EventHub/namespaces/eventhubs-nscli000003","name":"eventhubs-nscli000003","type":"Microsoft.EventHub/Namespaces","location":"South
        Central US","tags":{"{tag1":"value1}"},"identity":{"principalId":"168a4a2c-9424-47c6-93a8-3be6ec56b33a","tenantId":"72f988bf-86f1-41af-91ab-2d7cd011db47","type":"SystemAssigned"},"properties":{"disableLocalAuth":false,"zoneRedundant":false,"isAutoInflateEnabled":true,"maximumThroughputUnits":4,"clusterArmId":"/subscriptions/00000000-0000-0000-0000-000000000000/resourceGroups/v-ajnavtest/providers/Microsoft.EventHub/clusters/PMTestCluster","kafkaEnabled":true,"provisioningState":"Succeeded","metricId":"a70b8550-49b1-4c60-b9f9-86b7edbf31e4:eventhubs-nscli000003","createdAt":"2022-04-19T07:50:55.747Z","updatedAt":"2022-04-19T07:52:05.057Z","serviceBusEndpoint":"https://eventhubs-nscli000003.servicebus.windows.net:443/","status":"Active"}}'
    headers:
      cache-control:
      - no-cache
      content-length:
      - '1055'
      content-type:
      - application/json; charset=utf-8
      date:
      - Tue, 19 Apr 2022 07:53:37 GMT
      expires:
      - '-1'
      pragma:
      - no-cache
      server:
      - Service-Bus-Resource-Provider/CH3
      - Microsoft-HTTPAPI/2.0
      server-sb:
      - Service-Bus-Resource-Provider/CH3
      strict-transport-security:
      - max-age=31536000; includeSubDomains
      transfer-encoding:
      - chunked
      vary:
      - Accept-Encoding
      x-content-type-options:
      - nosniff
    status:
      code: 200
      message: OK
- request:
    body: null
    headers:
      Accept:
      - application/json
      Accept-Encoding:
      - gzip, deflate
      CommandName:
      - keyvault set-policy
      Connection:
      - keep-alive
      ParameterSetName:
      - -n -g --object-id --key-permissions
      User-Agent:
      - AZURECLI/2.35.0 azsdk-python-azure-mgmt-keyvault/9.3.0 Python/3.6.2 (Windows-10-10.0.19041-SP0)
    method: GET
    uri: https://management.azure.com/subscriptions/00000000-0000-0000-0000-000000000000/resourceGroups/cli_test_eh_namespace000001/providers/Microsoft.KeyVault/vaults/cli000002?api-version=2021-10-01
  response:
    body:
      string: '{"id":"/subscriptions/00000000-0000-0000-0000-000000000000/resourceGroups/cli_test_eh_namespace000001/providers/Microsoft.KeyVault/vaults/cli000002","name":"cli000002","type":"Microsoft.KeyVault/vaults","location":"westus","tags":{},"systemData":{"createdBy":"davadhani@microsoft.com","createdByType":"User","createdAt":"2022-04-19T07:50:15.189Z","lastModifiedBy":"davadhani@microsoft.com","lastModifiedByType":"User","lastModifiedAt":"2022-04-19T07:50:15.189Z"},"properties":{"sku":{"family":"A","name":"standard"},"tenantId":"72f988bf-86f1-41af-91ab-2d7cd011db47","accessPolicies":[{"tenantId":"72f988bf-86f1-41af-91ab-2d7cd011db47","objectId":"2e7263aa-44a5-42f2-9bb1-00e46bfcdf7a","permissions":{"keys":["all"],"secrets":["all"],"certificates":["all"],"storage":["all"]}}],"enabledForDeployment":false,"enableSoftDelete":true,"softDeleteRetentionInDays":7,"enablePurgeProtection":true,"vaultUri":"https://cli000002.vault.azure.net/","provisioningState":"Succeeded","publicNetworkAccess":"Enabled"}}'
    headers:
      cache-control:
      - no-cache
      content-length:
      - '1002'
      content-type:
      - application/json; charset=utf-8
      date:
      - Tue, 19 Apr 2022 07:53:38 GMT
      expires:
      - '-1'
      pragma:
      - no-cache
      server:
      - Microsoft-IIS/10.0
      strict-transport-security:
      - max-age=31536000; includeSubDomains
      transfer-encoding:
      - chunked
      vary:
      - Accept-Encoding
      x-aspnet-version:
      - 4.0.30319
      x-content-type-options:
      - nosniff
      x-ms-keyvault-service-version:
      - 1.5.339.0
    status:
      code: 200
      message: OK
- request:
    body: '{"location": "westus", "tags": {}, "properties": {"tenantId": "72f988bf-86f1-41af-91ab-2d7cd011db47",
      "sku": {"family": "A", "name": "standard"}, "accessPolicies": [{"tenantId":
      "72f988bf-86f1-41af-91ab-2d7cd011db47", "objectId": "2e7263aa-44a5-42f2-9bb1-00e46bfcdf7a",
      "permissions": {"keys": ["all"], "secrets": ["all"], "certificates": ["all"],
      "storage": ["all"]}}, {"tenantId": "72f988bf-86f1-41af-91ab-2d7cd011db47", "objectId":
      "168a4a2c-9424-47c6-93a8-3be6ec56b33a", "permissions": {"keys": ["unwrapKey",
      "wrapKey", "get"]}}], "vaultUri": "https://cli000002.vault.azure.net/", "enabledForDeployment":
      false, "enableSoftDelete": true, "softDeleteRetentionInDays": 7, "enablePurgeProtection":
      true, "provisioningState": "Succeeded", "publicNetworkAccess": "Enabled"}}'
    headers:
      Accept:
      - application/json
      Accept-Encoding:
      - gzip, deflate
      CommandName:
      - keyvault set-policy
      Connection:
      - keep-alive
      Content-Length:
      - '773'
      Content-Type:
      - application/json
      ParameterSetName:
      - -n -g --object-id --key-permissions
      User-Agent:
      - AZURECLI/2.35.0 azsdk-python-azure-mgmt-keyvault/9.3.0 Python/3.6.2 (Windows-10-10.0.19041-SP0)
    method: PUT
    uri: https://management.azure.com/subscriptions/00000000-0000-0000-0000-000000000000/resourceGroups/cli_test_eh_namespace000001/providers/Microsoft.KeyVault/vaults/cli000002?api-version=2021-10-01
  response:
    body:
      string: '{"id":"/subscriptions/00000000-0000-0000-0000-000000000000/resourceGroups/cli_test_eh_namespace000001/providers/Microsoft.KeyVault/vaults/cli000002","name":"cli000002","type":"Microsoft.KeyVault/vaults","location":"westus","tags":{},"systemData":{"createdBy":"davadhani@microsoft.com","createdByType":"User","createdAt":"2022-04-19T07:50:15.189Z","lastModifiedBy":"davadhani@microsoft.com","lastModifiedByType":"User","lastModifiedAt":"2022-04-19T07:53:39.558Z"},"properties":{"sku":{"family":"A","name":"standard"},"tenantId":"72f988bf-86f1-41af-91ab-2d7cd011db47","accessPolicies":[{"tenantId":"72f988bf-86f1-41af-91ab-2d7cd011db47","objectId":"2e7263aa-44a5-42f2-9bb1-00e46bfcdf7a","permissions":{"keys":["all"],"secrets":["all"],"certificates":["all"],"storage":["all"]}},{"tenantId":"72f988bf-86f1-41af-91ab-2d7cd011db47","objectId":"168a4a2c-9424-47c6-93a8-3be6ec56b33a","permissions":{"keys":["unwrapKey","wrapKey","get"]}}],"enabledForDeployment":false,"enableSoftDelete":true,"softDeleteRetentionInDays":7,"enablePurgeProtection":true,"vaultUri":"https://cli000002.vault.azure.net/","provisioningState":"Succeeded","publicNetworkAccess":"Enabled"}}'
    headers:
      cache-control:
      - no-cache
      content-length:
      - '1157'
      content-type:
      - application/json; charset=utf-8
      date:
      - Tue, 19 Apr 2022 07:53:39 GMT
      expires:
      - '-1'
      pragma:
      - no-cache
      server:
      - Microsoft-IIS/10.0
      strict-transport-security:
      - max-age=31536000; includeSubDomains
      transfer-encoding:
      - chunked
      vary:
      - Accept-Encoding
      x-aspnet-version:
      - 4.0.30319
      x-content-type-options:
      - nosniff
      x-ms-keyvault-service-version:
      - 1.5.339.0
      x-ms-ratelimit-remaining-subscription-writes:
      - '1199'
    status:
      code: 200
      message: OK
- request:
    body: null
    headers:
      Accept:
      - application/json
      Accept-Encoding:
      - gzip, deflate
      Connection:
      - keep-alive
      Content-Length:
      - '0'
      Content-Type:
      - application/json
      User-Agent:
      - azsdk-python-keyvault-keys/4.5.0 Python/3.6.2 (Windows-10-10.0.19041-SP0)
    method: POST
    uri: https://cli000002.vault.azure.net/keys/cli000008/create?api-version=7.3
  response:
    body:
      string: '{"error":{"code":"Unauthorized","message":"AKV10000: Request is missing
        a Bearer or PoP token."}}'
    headers:
      cache-control:
      - no-cache
      content-length:
      - '97'
      content-type:
      - application/json; charset=utf-8
      date:
      - Tue, 19 Apr 2022 07:53:40 GMT
      expires:
      - '-1'
      pragma:
      - no-cache
      strict-transport-security:
      - max-age=31536000;includeSubDomains
      www-authenticate:
      - Bearer authorization="https://login.windows.net/72f988bf-86f1-41af-91ab-2d7cd011db47",
        resource="https://vault.azure.net"
      x-content-type-options:
      - nosniff
      x-ms-keyvault-network-info:
      - conn_type=Ipv4;addr=20.39.187.231;act_addr_fam=InterNetwork;
      x-ms-keyvault-region:
      - westus
      x-ms-keyvault-service-version:
      - 1.9.358.1
    status:
      code: 401
      message: Unauthorized
- request:
    body: '{"kty": "RSA", "attributes": {"enabled": true}}'
    headers:
      Accept:
      - application/json
      Accept-Encoding:
      - gzip, deflate
      Connection:
      - keep-alive
      Content-Length:
      - '47'
      Content-Type:
      - application/json
      User-Agent:
      - azsdk-python-keyvault-keys/4.5.0 Python/3.6.2 (Windows-10-10.0.19041-SP0)
    method: POST
    uri: https://cli000002.vault.azure.net/keys/cli000008/create?api-version=7.3
  response:
    body:
      string: '{"key":{"kid":"https://cli000002.vault.azure.net/keys/cli000008/96f6647f873149d598312a1ecbedbd87","kty":"RSA","key_ops":["encrypt","decrypt","sign","verify","wrapKey","unwrapKey"],"n":"9Dyqg3NkraynbWPJ5-LGkg7oDRJE3IwNaphUXCITJi0JV9jA-zSGwq8AqonMfZ397_prT1lL5AscxV1nc_nxArSYlePif7YYf8wR88whvFUbzACPiKDoEaBN_7uWO3Bm88ecsSwew4zbOuuorlilgPiB3xCXFbedPGjZ49Nlu9PMLxDV_PygUd8UH-lAnX_g9AMuukPiQU5N45rLTeF1HQtnlZ4DI3kx_rOQt0oXIbWF_h9Slj8JvZ6v1lCFWaIX6c6BM7DjpWTUd8LBcc0CzGgvxNDATaKkoxBxsPt7jAoOVnHktR5IWNtBbgBwFwVUviiI4j5GIfk5QIwKQAKtaQ","e":"AQAB"},"attributes":{"enabled":true,"created":1650354821,"updated":1650354821,"recoveryLevel":"CustomizedRecoverable","recoverableDays":7}}'
    headers:
      cache-control:
      - no-cache
      content-length:
      - '673'
      content-type:
      - application/json; charset=utf-8
      date:
      - Tue, 19 Apr 2022 07:53:40 GMT
      expires:
      - '-1'
      pragma:
      - no-cache
      strict-transport-security:
      - max-age=31536000;includeSubDomains
      x-content-type-options:
      - nosniff
      x-ms-keyvault-network-info:
      - conn_type=Ipv4;addr=20.39.187.231;act_addr_fam=InterNetwork;
      x-ms-keyvault-region:
      - westus
      x-ms-keyvault-service-version:
      - 1.9.358.1
    status:
      code: 200
      message: OK
- request:
    body: null
    headers:
      Accept:
      - application/json
      Accept-Encoding:
      - gzip, deflate
      CommandName:
      - eventhubs namespace update
      Connection:
      - keep-alive
      ParameterSetName:
      - --resource-group --name --tags --maximum-throughput-units --key-source --key-name
        --key-vault-uri --key-version
      User-Agent:
      - AZURECLI/2.35.0 azsdk-python-azure-mgmt-eventhub/10.0.0 Python/3.6.2 (Windows-10-10.0.19041-SP0)
    method: GET
    uri: https://management.azure.com/subscriptions/00000000-0000-0000-0000-000000000000/resourceGroups/cli_test_eh_namespace000001/providers/Microsoft.EventHub/namespaces/eventhubs-nscli000003?api-version=2021-11-01
  response:
    body:
      string: '{"sku":{"name":"Standard","tier":"Standard","capacity":1},"id":"/subscriptions/00000000-0000-0000-0000-000000000000/resourceGroups/cli_test_eh_namespace000001/providers/Microsoft.EventHub/namespaces/eventhubs-nscli000003","name":"eventhubs-nscli000003","type":"Microsoft.EventHub/Namespaces","location":"South
        Central US","tags":{"{tag1":"value1}"},"identity":{"principalId":"168a4a2c-9424-47c6-93a8-3be6ec56b33a","tenantId":"72f988bf-86f1-41af-91ab-2d7cd011db47","type":"SystemAssigned"},"properties":{"disableLocalAuth":false,"zoneRedundant":false,"isAutoInflateEnabled":true,"maximumThroughputUnits":4,"clusterArmId":"/subscriptions/00000000-0000-0000-0000-000000000000/resourceGroups/v-ajnavtest/providers/Microsoft.EventHub/clusters/PMTestCluster","kafkaEnabled":true,"provisioningState":"Succeeded","metricId":"a70b8550-49b1-4c60-b9f9-86b7edbf31e4:eventhubs-nscli000003","createdAt":"2022-04-19T07:50:55.747Z","updatedAt":"2022-04-19T07:52:05.057Z","serviceBusEndpoint":"https://eventhubs-nscli000003.servicebus.windows.net:443/","status":"Active"}}'
    headers:
      cache-control:
      - no-cache
      content-length:
      - '1055'
      content-type:
      - application/json; charset=utf-8
      date:
      - Tue, 19 Apr 2022 07:53:41 GMT
      expires:
      - '-1'
      pragma:
      - no-cache
      server:
      - Service-Bus-Resource-Provider/SN1
      - Microsoft-HTTPAPI/2.0
      server-sb:
      - Service-Bus-Resource-Provider/SN1
      strict-transport-security:
      - max-age=31536000; includeSubDomains
      transfer-encoding:
      - chunked
      vary:
      - Accept-Encoding
      x-content-type-options:
      - nosniff
    status:
      code: 200
      message: OK
- request:
    body: '{"location": "South Central US", "tags": {"{tag2": "value2}"}, "sku": {"name":
      "Standard", "tier": "Standard", "capacity": 1}, "identity": {"type": "SystemAssigned"},
      "properties": {"clusterArmId": "/subscriptions/00000000-0000-0000-0000-000000000000/resourceGroups/v-ajnavtest/providers/Microsoft.EventHub/clusters/PMTestCluster",
      "isAutoInflateEnabled": true, "maximumThroughputUnits": 5, "kafkaEnabled": true,
      "zoneRedundant": false, "encryption": {"keyVaultProperties": [{"keyName": "cli000008",
      "keyVaultUri": "https://cli000002.vault.azure.net/", "keyVersion": ""}], "keySource":
      "Microsoft.KeyVault"}, "disableLocalAuth": false}}'
    headers:
      Accept:
      - application/json
      Accept-Encoding:
      - gzip, deflate
      CommandName:
      - eventhubs namespace update
      Connection:
      - keep-alive
      Content-Length:
      - '636'
      Content-Type:
      - application/json
      ParameterSetName:
      - --resource-group --name --tags --maximum-throughput-units --key-source --key-name
        --key-vault-uri --key-version
      User-Agent:
      - AZURECLI/2.35.0 azsdk-python-azure-mgmt-eventhub/10.0.0 Python/3.6.2 (Windows-10-10.0.19041-SP0)
    method: PUT
    uri: https://management.azure.com/subscriptions/00000000-0000-0000-0000-000000000000/resourceGroups/cli_test_eh_namespace000001/providers/Microsoft.EventHub/namespaces/eventhubs-nscli000003?api-version=2021-11-01
  response:
    body:
      string: '{"sku":{"name":"Standard","tier":"Standard","capacity":1},"id":"/subscriptions/00000000-0000-0000-0000-000000000000/resourceGroups/cli_test_eh_namespace000001/providers/Microsoft.EventHub/namespaces/eventhubs-nscli000003","name":"eventhubs-nscli000003","type":"Microsoft.EventHub/Namespaces","location":"South
        Central US","tags":{"{tag2":"value2}"},"identity":{"principalId":"168a4a2c-9424-47c6-93a8-3be6ec56b33a","tenantId":"72f988bf-86f1-41af-91ab-2d7cd011db47","type":"SystemAssigned"},"properties":{"disableLocalAuth":false,"zoneRedundant":false,"isAutoInflateEnabled":true,"maximumThroughputUnits":5,"encryption":{"keySource":"Microsoft.KeyVault","keyVaultProperties":[{"keyName":"cli000008","keyVaultUri":"https://cli000002.vault.azure.net","keyVersion":""}],"requireInfrastructureEncryption":false},"clusterArmId":"/subscriptions/00000000-0000-0000-0000-000000000000/resourceGroups/v-ajnavtest/providers/Microsoft.EventHub/clusters/PMTestCluster","kafkaEnabled":true,"provisioningState":"Updating","metricId":"a70b8550-49b1-4c60-b9f9-86b7edbf31e4:eventhubs-nscli000003","createdAt":"2022-04-19T07:50:55.747Z","updatedAt":"2022-04-19T07:53:54.543Z","serviceBusEndpoint":"https://eventhubs-nscli000003.servicebus.windows.net:443/","status":"Activating"}}'
    headers:
      cache-control:
      - no-cache
      content-length:
      - '1259'
      content-type:
      - application/json; charset=utf-8
      date:
      - Tue, 19 Apr 2022 07:53:56 GMT
      expires:
      - '-1'
      pragma:
      - no-cache
      server:
      - Service-Bus-Resource-Provider/CH3
      - Microsoft-HTTPAPI/2.0
      server-sb:
      - Service-Bus-Resource-Provider/CH3
      strict-transport-security:
      - max-age=31536000; includeSubDomains
      transfer-encoding:
      - chunked
      vary:
      - Accept-Encoding
      x-content-type-options:
      - nosniff
      x-ms-ratelimit-remaining-subscription-resource-requests:
      - '49'
    status:
      code: 200
      message: OK
- request:
    body: null
    headers:
      Accept:
      - '*/*'
      Accept-Encoding:
      - gzip, deflate
      CommandName:
      - eventhubs namespace update
      Connection:
      - keep-alive
      ParameterSetName:
      - --resource-group --name --tags --maximum-throughput-units --key-source --key-name
        --key-vault-uri --key-version
      User-Agent:
      - AZURECLI/2.35.0 azsdk-python-azure-mgmt-eventhub/10.0.0 Python/3.6.2 (Windows-10-10.0.19041-SP0)
    method: GET
    uri: https://management.azure.com/subscriptions/00000000-0000-0000-0000-000000000000/resourceGroups/cli_test_eh_namespace000001/providers/Microsoft.EventHub/namespaces/eventhubs-nscli000003?api-version=2021-11-01
  response:
    body:
      string: '{"sku":{"name":"Standard","tier":"Standard","capacity":1},"id":"/subscriptions/00000000-0000-0000-0000-000000000000/resourceGroups/cli_test_eh_namespace000001/providers/Microsoft.EventHub/namespaces/eventhubs-nscli000003","name":"eventhubs-nscli000003","type":"Microsoft.EventHub/Namespaces","location":"South
        Central US","tags":{"{tag2":"value2}"},"identity":{"principalId":"168a4a2c-9424-47c6-93a8-3be6ec56b33a","tenantId":"72f988bf-86f1-41af-91ab-2d7cd011db47","type":"SystemAssigned"},"properties":{"disableLocalAuth":false,"zoneRedundant":false,"isAutoInflateEnabled":true,"maximumThroughputUnits":5,"encryption":{"keySource":"Microsoft.KeyVault","keyVaultProperties":[{"keyName":"cli000008","keyVaultUri":"https://cli000002.vault.azure.net","keyVersion":""}],"requireInfrastructureEncryption":false},"clusterArmId":"/subscriptions/00000000-0000-0000-0000-000000000000/resourceGroups/v-ajnavtest/providers/Microsoft.EventHub/clusters/PMTestCluster","kafkaEnabled":true,"provisioningState":"Succeeded","metricId":"a70b8550-49b1-4c60-b9f9-86b7edbf31e4:eventhubs-nscli000003","createdAt":"2022-04-19T07:50:55.747Z","updatedAt":"2022-04-19T07:53:57.723Z","serviceBusEndpoint":"https://eventhubs-nscli000003.servicebus.windows.net:443/","status":"Active"}}'
    headers:
      cache-control:
      - no-cache
      content-length:
      - '1256'
      content-type:
      - application/json; charset=utf-8
      date:
      - Tue, 19 Apr 2022 07:54:26 GMT
      expires:
      - '-1'
      pragma:
      - no-cache
      server:
      - Service-Bus-Resource-Provider/CH3
      - Microsoft-HTTPAPI/2.0
      server-sb:
      - Service-Bus-Resource-Provider/CH3
      strict-transport-security:
      - max-age=31536000; includeSubDomains
      transfer-encoding:
      - chunked
      vary:
      - Accept-Encoding
      x-content-type-options:
      - nosniff
    status:
      code: 200
      message: OK
- request:
    body: null
    headers:
      Accept:
      - application/json
      Accept-Encoding:
      - gzip, deflate
      CommandName:
      - eventhubs namespace update
      Connection:
      - keep-alive
      ParameterSetName:
      - --resource-group --name --tags --maximum-throughput-units --assign-identity
        --key-source --key-name --key-vault-uri --key-version
      User-Agent:
      - AZURECLI/2.35.0 azsdk-python-azure-mgmt-eventhub/10.0.0 Python/3.6.2 (Windows-10-10.0.19041-SP0)
    method: GET
    uri: https://management.azure.com/subscriptions/00000000-0000-0000-0000-000000000000/resourceGroups/cli_test_eh_namespace000001/providers/Microsoft.EventHub/namespaces/eventhubs-nscli000004?api-version=2021-11-01
  response:
    body:
      string: '{"sku":{"name":"Standard","tier":"Standard","capacity":1},"id":"/subscriptions/00000000-0000-0000-0000-000000000000/resourceGroups/cli_test_eh_namespace000001/providers/Microsoft.EventHub/namespaces/eventhubs-nscli000004","name":"eventhubs-nscli000004","type":"Microsoft.EventHub/Namespaces","location":"South
        Central US","tags":{"{tag1":"value1}"},"properties":{"disableLocalAuth":false,"zoneRedundant":false,"isAutoInflateEnabled":true,"maximumThroughputUnits":4,"clusterArmId":"/subscriptions/00000000-0000-0000-0000-000000000000/resourceGroups/v-ajnavtest/providers/Microsoft.EventHub/clusters/PMTestCluster","kafkaEnabled":true,"provisioningState":"Succeeded","metricId":"a70b8550-49b1-4c60-b9f9-86b7edbf31e4:eventhubs-nscli000004","createdAt":"2022-04-19T07:52:35.263Z","updatedAt":"2022-04-19T07:53:27.4Z","serviceBusEndpoint":"https://eventhubs-nscli000004.servicebus.windows.net:443/","status":"Active"}}'
    headers:
      cache-control:
      - no-cache
      content-length:
      - '913'
      content-type:
      - application/json; charset=utf-8
      date:
      - Tue, 19 Apr 2022 07:54:27 GMT
      expires:
      - '-1'
      pragma:
      - no-cache
      server:
      - Service-Bus-Resource-Provider/SN1
      - Microsoft-HTTPAPI/2.0
      server-sb:
      - Service-Bus-Resource-Provider/SN1
      strict-transport-security:
      - max-age=31536000; includeSubDomains
      transfer-encoding:
      - chunked
      vary:
      - Accept-Encoding
      x-content-type-options:
      - nosniff
    status:
      code: 200
      message: OK
- request:
    body: '{"location": "South Central US", "tags": {"{tag2": "value2}"}, "sku": {"name":
      "Standard", "tier": "Standard", "capacity": 1}, "identity": {"type": "SystemAssigned"},
      "properties": {"clusterArmId": "/subscriptions/00000000-0000-0000-0000-000000000000/resourceGroups/v-ajnavtest/providers/Microsoft.EventHub/clusters/PMTestCluster",
      "isAutoInflateEnabled": true, "maximumThroughputUnits": 5, "kafkaEnabled": true,
      "zoneRedundant": false, "disableLocalAuth": false}}'
    headers:
      Accept:
      - application/json
      Accept-Encoding:
      - gzip, deflate
      CommandName:
      - eventhubs namespace update
      Connection:
      - keep-alive
      Content-Length:
      - '464'
      Content-Type:
      - application/json
      ParameterSetName:
      - --resource-group --name --tags --maximum-throughput-units --assign-identity
        --key-source --key-name --key-vault-uri --key-version
      User-Agent:
      - AZURECLI/2.35.0 azsdk-python-azure-mgmt-eventhub/10.0.0 Python/3.6.2 (Windows-10-10.0.19041-SP0)
    method: PUT
    uri: https://management.azure.com/subscriptions/00000000-0000-0000-0000-000000000000/resourceGroups/cli_test_eh_namespace000001/providers/Microsoft.EventHub/namespaces/eventhubs-nscli000004?api-version=2021-11-01
  response:
    body:
      string: '{"sku":{"name":"Standard","tier":"Standard","capacity":1},"id":"/subscriptions/00000000-0000-0000-0000-000000000000/resourceGroups/cli_test_eh_namespace000001/providers/Microsoft.EventHub/namespaces/eventhubs-nscli000004","name":"eventhubs-nscli000004","type":"Microsoft.EventHub/Namespaces","location":"South
        Central US","tags":{"{tag2":"value2}"},"identity":{"principalId":"5e018ddd-2596-45e9-be19-3d3d72ce0f2b","tenantId":"72f988bf-86f1-41af-91ab-2d7cd011db47","type":"SystemAssigned"},"properties":{"disableLocalAuth":false,"zoneRedundant":false,"isAutoInflateEnabled":true,"maximumThroughputUnits":5,"clusterArmId":"/subscriptions/00000000-0000-0000-0000-000000000000/resourceGroups/v-ajnavtest/providers/Microsoft.EventHub/clusters/PMTestCluster","kafkaEnabled":true,"provisioningState":"ActivatingIdentity","metricId":"a70b8550-49b1-4c60-b9f9-86b7edbf31e4:eventhubs-nscli000004","createdAt":"2022-04-19T07:52:35.263Z","updatedAt":"2022-04-19T07:54:37.3Z","serviceBusEndpoint":"https://eventhubs-nscli000004.servicebus.windows.net:443/","status":"Activating"}}'
    headers:
      cache-control:
      - no-cache
      content-length:
      - '1066'
      content-type:
      - application/json; charset=utf-8
      date:
      - Tue, 19 Apr 2022 07:54:39 GMT
      expires:
      - '-1'
      pragma:
      - no-cache
      server:
      - Service-Bus-Resource-Provider/CH3
      - Microsoft-HTTPAPI/2.0
      server-sb:
      - Service-Bus-Resource-Provider/CH3
      strict-transport-security:
      - max-age=31536000; includeSubDomains
      transfer-encoding:
      - chunked
      vary:
      - Accept-Encoding
      x-content-type-options:
      - nosniff
      x-ms-ratelimit-remaining-subscription-resource-requests:
      - '49'
    status:
      code: 200
      message: OK
- request:
    body: null
    headers:
      Accept:
      - '*/*'
      Accept-Encoding:
      - gzip, deflate
      CommandName:
      - eventhubs namespace update
      Connection:
      - keep-alive
      ParameterSetName:
      - --resource-group --name --tags --maximum-throughput-units --assign-identity
        --key-source --key-name --key-vault-uri --key-version
      User-Agent:
      - AZURECLI/2.35.0 azsdk-python-azure-mgmt-eventhub/10.0.0 Python/3.6.2 (Windows-10-10.0.19041-SP0)
    method: GET
    uri: https://management.azure.com/subscriptions/00000000-0000-0000-0000-000000000000/resourceGroups/cli_test_eh_namespace000001/providers/Microsoft.EventHub/namespaces/eventhubs-nscli000004?api-version=2021-11-01
  response:
    body:
      string: '{"sku":{"name":"Standard","tier":"Standard","capacity":1},"id":"/subscriptions/00000000-0000-0000-0000-000000000000/resourceGroups/cli_test_eh_namespace000001/providers/Microsoft.EventHub/namespaces/eventhubs-nscli000004","name":"eventhubs-nscli000004","type":"Microsoft.EventHub/Namespaces","location":"South
        Central US","tags":{"{tag2":"value2}"},"identity":{"principalId":"5e018ddd-2596-45e9-be19-3d3d72ce0f2b","tenantId":"72f988bf-86f1-41af-91ab-2d7cd011db47","type":"SystemAssigned"},"properties":{"disableLocalAuth":false,"zoneRedundant":false,"isAutoInflateEnabled":true,"maximumThroughputUnits":5,"clusterArmId":"/subscriptions/00000000-0000-0000-0000-000000000000/resourceGroups/v-ajnavtest/providers/Microsoft.EventHub/clusters/PMTestCluster","kafkaEnabled":true,"provisioningState":"ActivatingIdentity","metricId":"a70b8550-49b1-4c60-b9f9-86b7edbf31e4:eventhubs-nscli000004","createdAt":"2022-04-19T07:52:35.263Z","updatedAt":"2022-04-19T07:54:39.587Z","serviceBusEndpoint":"https://eventhubs-nscli000004.servicebus.windows.net:443/","status":"Active"}}'
    headers:
      cache-control:
      - no-cache
      content-length:
      - '1064'
      content-type:
      - application/json; charset=utf-8
      date:
      - Tue, 19 Apr 2022 07:55:10 GMT
      expires:
      - '-1'
      pragma:
      - no-cache
      server:
      - Service-Bus-Resource-Provider/CH3
      - Microsoft-HTTPAPI/2.0
      server-sb:
      - Service-Bus-Resource-Provider/CH3
      strict-transport-security:
      - max-age=31536000; includeSubDomains
      transfer-encoding:
      - chunked
      vary:
      - Accept-Encoding
      x-content-type-options:
      - nosniff
    status:
      code: 200
      message: OK
- request:
    body: null
    headers:
      Accept:
      - '*/*'
      Accept-Encoding:
      - gzip, deflate
      CommandName:
      - eventhubs namespace update
      Connection:
      - keep-alive
      ParameterSetName:
      - --resource-group --name --tags --maximum-throughput-units --assign-identity
        --key-source --key-name --key-vault-uri --key-version
      User-Agent:
      - AZURECLI/2.35.0 azsdk-python-azure-mgmt-eventhub/10.0.0 Python/3.6.2 (Windows-10-10.0.19041-SP0)
    method: GET
    uri: https://management.azure.com/subscriptions/00000000-0000-0000-0000-000000000000/resourceGroups/cli_test_eh_namespace000001/providers/Microsoft.EventHub/namespaces/eventhubs-nscli000004?api-version=2021-11-01
  response:
    body:
      string: '{"sku":{"name":"Standard","tier":"Standard","capacity":1},"id":"/subscriptions/00000000-0000-0000-0000-000000000000/resourceGroups/cli_test_eh_namespace000001/providers/Microsoft.EventHub/namespaces/eventhubs-nscli000004","name":"eventhubs-nscli000004","type":"Microsoft.EventHub/Namespaces","location":"South
        Central US","tags":{"{tag2":"value2}"},"identity":{"principalId":"5e018ddd-2596-45e9-be19-3d3d72ce0f2b","tenantId":"72f988bf-86f1-41af-91ab-2d7cd011db47","type":"SystemAssigned"},"properties":{"disableLocalAuth":false,"zoneRedundant":false,"isAutoInflateEnabled":true,"maximumThroughputUnits":5,"clusterArmId":"/subscriptions/00000000-0000-0000-0000-000000000000/resourceGroups/v-ajnavtest/providers/Microsoft.EventHub/clusters/PMTestCluster","kafkaEnabled":true,"provisioningState":"ActivatingIdentity","metricId":"a70b8550-49b1-4c60-b9f9-86b7edbf31e4:eventhubs-nscli000004","createdAt":"2022-04-19T07:52:35.263Z","updatedAt":"2022-04-19T07:54:39.587Z","serviceBusEndpoint":"https://eventhubs-nscli000004.servicebus.windows.net:443/","status":"Active"}}'
    headers:
      cache-control:
      - no-cache
      content-length:
      - '1064'
      content-type:
      - application/json; charset=utf-8
      date:
      - Tue, 19 Apr 2022 07:55:40 GMT
      expires:
      - '-1'
      pragma:
      - no-cache
      server:
      - Service-Bus-Resource-Provider/CH3
      - Microsoft-HTTPAPI/2.0
      server-sb:
      - Service-Bus-Resource-Provider/CH3
      strict-transport-security:
      - max-age=31536000; includeSubDomains
      transfer-encoding:
      - chunked
      vary:
      - Accept-Encoding
      x-content-type-options:
      - nosniff
    status:
      code: 200
      message: OK
- request:
    body: null
    headers:
      Accept:
      - '*/*'
      Accept-Encoding:
      - gzip, deflate
      CommandName:
      - eventhubs namespace update
      Connection:
      - keep-alive
      ParameterSetName:
      - --resource-group --name --tags --maximum-throughput-units --assign-identity
        --key-source --key-name --key-vault-uri --key-version
      User-Agent:
      - AZURECLI/2.35.0 azsdk-python-azure-mgmt-eventhub/10.0.0 Python/3.6.2 (Windows-10-10.0.19041-SP0)
    method: GET
    uri: https://management.azure.com/subscriptions/00000000-0000-0000-0000-000000000000/resourceGroups/cli_test_eh_namespace000001/providers/Microsoft.EventHub/namespaces/eventhubs-nscli000004?api-version=2021-11-01
  response:
    body:
      string: '{"sku":{"name":"Standard","tier":"Standard","capacity":1},"id":"/subscriptions/00000000-0000-0000-0000-000000000000/resourceGroups/cli_test_eh_namespace000001/providers/Microsoft.EventHub/namespaces/eventhubs-nscli000004","name":"eventhubs-nscli000004","type":"Microsoft.EventHub/Namespaces","location":"South
        Central US","tags":{"{tag2":"value2}"},"identity":{"principalId":"5e018ddd-2596-45e9-be19-3d3d72ce0f2b","tenantId":"72f988bf-86f1-41af-91ab-2d7cd011db47","type":"SystemAssigned"},"properties":{"disableLocalAuth":false,"zoneRedundant":false,"isAutoInflateEnabled":true,"maximumThroughputUnits":5,"clusterArmId":"/subscriptions/00000000-0000-0000-0000-000000000000/resourceGroups/v-ajnavtest/providers/Microsoft.EventHub/clusters/PMTestCluster","kafkaEnabled":true,"provisioningState":"Succeeded","metricId":"a70b8550-49b1-4c60-b9f9-86b7edbf31e4:eventhubs-nscli000004","createdAt":"2022-04-19T07:52:35.263Z","updatedAt":"2022-04-19T07:55:45.993Z","serviceBusEndpoint":"https://eventhubs-nscli000004.servicebus.windows.net:443/","status":"Active"}}'
    headers:
      cache-control:
      - no-cache
      content-length:
      - '1055'
      content-type:
      - application/json; charset=utf-8
      date:
      - Tue, 19 Apr 2022 07:56:11 GMT
      expires:
      - '-1'
      pragma:
      - no-cache
      server:
      - Service-Bus-Resource-Provider/CH3
      - Microsoft-HTTPAPI/2.0
      server-sb:
      - Service-Bus-Resource-Provider/CH3
      strict-transport-security:
      - max-age=31536000; includeSubDomains
      transfer-encoding:
      - chunked
      vary:
      - Accept-Encoding
      x-content-type-options:
      - nosniff
    status:
      code: 200
      message: OK
- request:
    body: null
    headers:
      Accept:
      - application/json
      Accept-Encoding:
      - gzip, deflate
      CommandName:
      - eventhubs namespace list
      Connection:
      - keep-alive
      User-Agent:
      - AZURECLI/2.35.0 azsdk-python-azure-mgmt-eventhub/10.0.0 Python/3.6.2 (Windows-10-10.0.19041-SP0)
    method: GET
    uri: https://management.azure.com/subscriptions/00000000-0000-0000-0000-000000000000/providers/Microsoft.EventHub/namespaces?api-version=2021-11-01
  response:
    body:
      string: '{"value":[{"sku":{"name":"Standard","tier":"Standard","capacity":1},"id":"/subscriptions/00000000-0000-0000-0000-000000000000/resourceGroups/riddhi-resource-group/providers/Microsoft.EventHub/namespaces/riddg-eventhub-namespace","name":"riddg-eventhub-namespace","type":"Microsoft.EventHub/Namespaces","location":"East
        US","tags":{},"properties":{"disableLocalAuth":false,"zoneRedundant":true,"isAutoInflateEnabled":false,"maximumThroughputUnits":0,"kafkaEnabled":true,"provisioningState":"Succeeded","metricId":"a70b8550-49b1-4c60-b9f9-86b7edbf31e4:riddg-eventhub-namespace","createdAt":"2021-06-04T08:06:39.493Z","updatedAt":"2021-06-04T08:08:11.69Z","serviceBusEndpoint":"https://riddg-eventhub-namespace.servicebus.windows.net:443/","status":"Active"}},{"sku":{"name":"Basic","tier":"Basic","capacity":1},"id":"/subscriptions/00000000-0000-0000-0000-000000000000/resourceGroups/damodar-rg/providers/Microsoft.EventHub/namespaces/damodemoeventhub","name":"damodemoeventhub","type":"Microsoft.EventHub/Namespaces","location":"South
        India","tags":{},"properties":{"disableLocalAuth":false,"zoneRedundant":false,"isAutoInflateEnabled":false,"maximumThroughputUnits":0,"kafkaEnabled":false,"provisioningState":"Succeeded","metricId":"a70b8550-49b1-4c60-b9f9-86b7edbf31e4:damodemoeventhub","createdAt":"2021-07-09T06:08:44.91Z","updatedAt":"2021-07-09T06:09:33.897Z","serviceBusEndpoint":"https://damodemoeventhub.servicebus.windows.net:443/","status":"Active"}},{"sku":{"name":"Basic","tier":"Basic","capacity":1},"id":"/subscriptions/00000000-0000-0000-0000-000000000000/resourceGroups/shatabdiRg/providers/Microsoft.EventHub/namespaces/shatabdidemoeventhub","name":"shatabdidemoeventhub","type":"Microsoft.EventHub/Namespaces","location":"East
        US","tags":{},"properties":{"disableLocalAuth":false,"zoneRedundant":true,"isAutoInflateEnabled":false,"maximumThroughputUnits":0,"kafkaEnabled":false,"provisioningState":"Succeeded","metricId":"a70b8550-49b1-4c60-b9f9-86b7edbf31e4:shatabdidemoeventhub","createdAt":"2021-10-27T18:31:51.317Z","updatedAt":"2021-10-27T18:32:42.897Z","serviceBusEndpoint":"https://shatabdidemoeventhub.servicebus.windows.net:443/","status":"Active"}},{"sku":{"name":"Basic","tier":"Basic","capacity":1},"id":"/subscriptions/00000000-0000-0000-0000-000000000000/resourceGroups/him-rg/providers/Microsoft.EventHub/namespaces/him-arora-eh","name":"him-arora-eh","type":"Microsoft.EventHub/Namespaces","location":"East
        US","tags":{},"properties":{"disableLocalAuth":false,"zoneRedundant":true,"isAutoInflateEnabled":false,"maximumThroughputUnits":0,"kafkaEnabled":false,"provisioningState":"Succeeded","metricId":"a70b8550-49b1-4c60-b9f9-86b7edbf31e4:him-arora-eh","createdAt":"2021-11-09T09:03:28.357Z","updatedAt":"2021-11-09T09:04:15.72Z","serviceBusEndpoint":"https://him-arora-eh.servicebus.windows.net:443/","status":"Active"}},{"sku":{"name":"Standard","tier":"Standard","capacity":1},"id":"/subscriptions/00000000-0000-0000-0000-000000000000/resourceGroups/pranjit_RG1/providers/Microsoft.EventHub/namespaces/pranjitEH","name":"pranjitEH","type":"Microsoft.EventHub/Namespaces","location":"East
        US","tags":{},"properties":{"disableLocalAuth":false,"zoneRedundant":true,"isAutoInflateEnabled":false,"maximumThroughputUnits":0,"kafkaEnabled":true,"provisioningState":"Succeeded","metricId":"a70b8550-49b1-4c60-b9f9-86b7edbf31e4:pranjiteh","createdAt":"2021-12-15T18:44:01.357Z","updatedAt":"2021-12-17T19:53:11.107Z","serviceBusEndpoint":"https://pranjitEH.servicebus.windows.net:443/","status":"Active"}},{"sku":{"name":"Standard","tier":"Standard","capacity":1},"id":"/subscriptions/00000000-0000-0000-0000-000000000000/resourceGroups/SyntheticsShatabdiRg/providers/Microsoft.EventHub/namespaces/syntheticsnamespace","name":"syntheticsnamespace","type":"Microsoft.EventHub/Namespaces","location":"East
        US","tags":{},"properties":{"disableLocalAuth":false,"zoneRedundant":true,"isAutoInflateEnabled":false,"maximumThroughputUnits":0,"kafkaEnabled":true,"provisioningState":"Succeeded","metricId":"a70b8550-49b1-4c60-b9f9-86b7edbf31e4:syntheticsnamespace","createdAt":"2022-01-07T14:48:00.643Z","updatedAt":"2022-01-07T14:48:51.257Z","serviceBusEndpoint":"https://syntheticsnamespace.servicebus.windows.net:443/","status":"Active"}},{"sku":{"name":"Premium","tier":"Premium","capacity":4},"id":"/subscriptions/00000000-0000-0000-0000-000000000000/resourceGroups/damodar-rg/providers/Microsoft.EventHub/namespaces/testnamespacehaha","name":"testnamespacehaha","type":"Microsoft.EventHub/Namespaces","location":"East
        US","tags":{},"properties":{"disableLocalAuth":false,"zoneRedundant":true,"isAutoInflateEnabled":false,"maximumThroughputUnits":0,"kafkaEnabled":true,"provisioningState":"Succeeded","metricId":"a70b8550-49b1-4c60-b9f9-86b7edbf31e4:testnamespacehaha","createdAt":"2022-01-16T13:13:07.057Z","updatedAt":"2022-01-16T13:14:30.52Z","serviceBusEndpoint":"https://testnamespacehaha.servicebus.windows.net:443/","status":"Active"}},{"sku":{"name":"Basic","tier":"Basic","capacity":1},"id":"/subscriptions/00000000-0000-0000-0000-000000000000/resourceGroups/nsalian-test-rg/providers/Microsoft.EventHub/namespaces/nsalian-test-eh","name":"nsalian-test-eh","type":"Microsoft.EventHub/Namespaces","location":"South
        India","tags":{},"properties":{"disableLocalAuth":false,"zoneRedundant":false,"isAutoInflateEnabled":false,"maximumThroughputUnits":0,"kafkaEnabled":false,"provisioningState":"Succeeded","metricId":"a70b8550-49b1-4c60-b9f9-86b7edbf31e4:nsalian-test-eh","createdAt":"2022-02-08T09:06:25.327Z","updatedAt":"2022-02-08T09:07:19.67Z","serviceBusEndpoint":"https://nsalian-test-eh.servicebus.windows.net:443/","status":"Active"}},{"sku":{"name":"Premium","tier":"Premium","capacity":1},"id":"/subscriptions/00000000-0000-0000-0000-000000000000/resourceGroups/him-rg/providers/Microsoft.EventHub/namespaces/him-prem","name":"him-prem","type":"Microsoft.EventHub/Namespaces","location":"East
        US","tags":{},"properties":{"disableLocalAuth":false,"zoneRedundant":true,"isAutoInflateEnabled":false,"maximumThroughputUnits":0,"kafkaEnabled":true,"provisioningState":"Succeeded","metricId":"a70b8550-49b1-4c60-b9f9-86b7edbf31e4:him-prem","createdAt":"2022-03-08T17:54:10.167Z","updatedAt":"2022-03-08T17:55:35.317Z","serviceBusEndpoint":"https://him-prem.servicebus.windows.net:443/","status":"Active"}},{"sku":{"name":"Standard","tier":"Standard","capacity":1},"id":"/subscriptions/00000000-0000-0000-0000-000000000000/resourceGroups/SyntheticsRgRrp-eastus2euap/providers/Microsoft.EventHub/namespaces/syntheticsehnamespace-eastus2euap","name":"syntheticsehnamespace-eastus2euap","type":"Microsoft.EventHub/Namespaces","location":"EAST
        US 2 EUAP","tags":{},"properties":{"disableLocalAuth":false,"zoneRedundant":true,"isAutoInflateEnabled":true,"maximumThroughputUnits":1,"kafkaEnabled":true,"provisioningState":"Succeeded","metricId":"a70b8550-49b1-4c60-b9f9-86b7edbf31e4:syntheticsehnamespace-eastus2euap","createdAt":"2022-03-08T22:19:33.447Z","updatedAt":"2022-03-08T22:19:59.217Z","serviceBusEndpoint":"https://syntheticsehnamespace-eastus2euap.servicebus.windows.net:443/","status":"Active"}},{"sku":{"name":"Standard","tier":"Standard","capacity":1},"id":"/subscriptions/00000000-0000-0000-0000-000000000000/resourceGroups/VijaySharma-TestGroup/providers/Microsoft.EventHub/namespaces/vijaysharma-demo-eventhub","name":"vijaysharma-demo-eventhub","type":"Microsoft.EventHub/Namespaces","location":"East
        US","tags":{},"properties":{"disableLocalAuth":false,"zoneRedundant":true,"isAutoInflateEnabled":false,"maximumThroughputUnits":0,"kafkaEnabled":true,"provisioningState":"Succeeded","metricId":"a70b8550-49b1-4c60-b9f9-86b7edbf31e4:vijaysharma-demo-eventhub","createdAt":"2022-03-24T20:51:35.983Z","updatedAt":"2022-03-24T20:52:23.85Z","serviceBusEndpoint":"https://vijaysharma-demo-eventhub.servicebus.windows.net:443/","status":"Active"}},{"sku":{"name":"Standard","tier":"Standard","capacity":1},"id":"/subscriptions/00000000-0000-0000-0000-000000000000/resourceGroups/SyntheticsRgRrp_centraluseuap/providers/Microsoft.EventHub/namespaces/syntheticsehnamespace-centraluseuap","name":"syntheticsehnamespace-centraluseuap","type":"Microsoft.EventHub/Namespaces","location":"Central
        US EUAP","tags":{},"properties":{"disableLocalAuth":false,"zoneRedundant":false,"isAutoInflateEnabled":false,"maximumThroughputUnits":0,"kafkaEnabled":true,"provisioningState":"Succeeded","metricId":"a70b8550-49b1-4c60-b9f9-86b7edbf31e4:syntheticsehnamespace-centraluseuap","createdAt":"2022-04-07T07:25:01.52Z","updatedAt":"2022-04-07T07:25:47.43Z","serviceBusEndpoint":"https://syntheticsehnamespace-centraluseuap.servicebus.windows.net:443/","status":"Active"}},{"sku":{"name":"Basic","tier":"Basic","capacity":1},"id":"/subscriptions/00000000-0000-0000-0000-000000000000/resourceGroups/lmanickam-entitymigration/providers/Microsoft.EventHub/namespaces/lmanickam-eventhub-basic","name":"lmanickam-eventhub-basic","type":"Microsoft.EventHub/Namespaces","location":"Central
        US EUAP","tags":{},"properties":{"disableLocalAuth":false,"zoneRedundant":false,"isAutoInflateEnabled":false,"maximumThroughputUnits":0,"kafkaEnabled":false,"provisioningState":"Succeeded","metricId":"a70b8550-49b1-4c60-b9f9-86b7edbf31e4:lmanickam-eventhub-basic","createdAt":"2022-04-07T18:15:20.833Z","updatedAt":"2022-04-07T18:16:12.943Z","serviceBusEndpoint":"https://lmanickam-eventhub-basic.servicebus.windows.net:443/","status":"Active"}},{"sku":{"name":"Standard","tier":"Standard","capacity":4},"id":"/subscriptions/00000000-0000-0000-0000-000000000000/resourceGroups/lmanickam-entitymigration/providers/Microsoft.EventHub/namespaces/lmanickam-eventhub-standard","name":"lmanickam-eventhub-standard","type":"Microsoft.EventHub/Namespaces","location":"Central
        US EUAP","tags":{},"properties":{"disableLocalAuth":false,"zoneRedundant":false,"isAutoInflateEnabled":true,"maximumThroughputUnits":4,"kafkaEnabled":true,"provisioningState":"Succeeded","metricId":"a70b8550-49b1-4c60-b9f9-86b7edbf31e4:lmanickam-eventhub-standard","createdAt":"2022-04-07T18:16:27.313Z","updatedAt":"2022-04-07T19:23:35.42Z","serviceBusEndpoint":"https://lmanickam-eventhub-standard.servicebus.windows.net:443/","status":"Active"}},{"sku":{"name":"Basic","tier":"Basic","capacity":1},"id":"/subscriptions/00000000-0000-0000-0000-000000000000/resourceGroups/lmanickam-entitymigration/providers/Microsoft.EventHub/namespaces/lmanickam-eh-basic-2","name":"lmanickam-eh-basic-2","type":"Microsoft.EventHub/Namespaces","location":"Central
        US EUAP","tags":{},"properties":{"disableLocalAuth":false,"zoneRedundant":false,"isAutoInflateEnabled":false,"maximumThroughputUnits":0,"kafkaEnabled":false,"provisioningState":"Succeeded","metricId":"a70b8550-49b1-4c60-b9f9-86b7edbf31e4:lmanickam-eh-basic-2","createdAt":"2022-04-07T19:22:53.147Z","updatedAt":"2022-04-07T19:23:45.647Z","serviceBusEndpoint":"https://lmanickam-eh-basic-2.servicebus.windows.net:443/","status":"Active"}},{"sku":{"name":"Standard","tier":"Standard","capacity":1},"id":"/subscriptions/00000000-0000-0000-0000-000000000000/resourceGroups/cli_test_eh_namespace000001/providers/Microsoft.EventHub/namespaces/eventhubs-nscli000003","name":"eventhubs-nscli000003","type":"Microsoft.EventHub/Namespaces","location":"South
        Central US","tags":{"{tag2":"value2}"},"identity":{"principalId":"168a4a2c-9424-47c6-93a8-3be6ec56b33a","tenantId":"72f988bf-86f1-41af-91ab-2d7cd011db47","type":"SystemAssigned"},"properties":{"disableLocalAuth":false,"zoneRedundant":false,"isAutoInflateEnabled":true,"maximumThroughputUnits":5,"encryption":{"keySource":"Microsoft.KeyVault","keyVaultProperties":[{"keyName":"cli000008","keyVaultUri":"https://cli000002.vault.azure.net","keyVersion":""}],"requireInfrastructureEncryption":false},"clusterArmId":"/subscriptions/00000000-0000-0000-0000-000000000000/resourceGroups/v-ajnavtest/providers/Microsoft.EventHub/clusters/PMTestCluster","kafkaEnabled":true,"provisioningState":"Succeeded","metricId":"a70b8550-49b1-4c60-b9f9-86b7edbf31e4:eventhubs-nscli000003","createdAt":"2022-04-19T07:50:55.747Z","updatedAt":"2022-04-19T07:53:57.723Z","serviceBusEndpoint":"https://eventhubs-nscli000003.servicebus.windows.net:443/","status":"Active"}},{"sku":{"name":"Standard","tier":"Standard","capacity":1},"id":"/subscriptions/00000000-0000-0000-0000-000000000000/resourceGroups/SyntheticsRgRrp_centraluseuap/providers/Microsoft.EventHub/namespaces/EventHubNamespaceSynthetic-ErpeOOGKQ8","name":"EventHubNamespaceSynthetic-ErpeOOGKQ8","type":"Microsoft.EventHub/Namespaces","location":"Central
        US EUAP","tags":{"abc":"efg"},"properties":{"disableLocalAuth":false,"zoneRedundant":false,"isAutoInflateEnabled":false,"maximumThroughputUnits":0,"kafkaEnabled":true,"provisioningState":"Succeeded","metricId":"a70b8550-49b1-4c60-b9f9-86b7edbf31e4:eventhubnamespacesynthetic-erpeoogkq8","createdAt":"2022-04-19T07:51:36.777Z","updatedAt":"2022-04-19T07:55:50.563Z","serviceBusEndpoint":"https://EventHubNamespaceSynthetic-ErpeOOGKQ8.servicebus.windows.net:443/","status":"Removing"}},{"sku":{"name":"Standard","tier":"Standard","capacity":1},"id":"/subscriptions/00000000-0000-0000-0000-000000000000/resourceGroups/cli_test_eh_namespace000001/providers/Microsoft.EventHub/namespaces/eventhubs-nscli000004","name":"eventhubs-nscli000004","type":"Microsoft.EventHub/Namespaces","location":"South
        Central US","tags":{"{tag2":"value2}"},"identity":{"principalId":"5e018ddd-2596-45e9-be19-3d3d72ce0f2b","tenantId":"72f988bf-86f1-41af-91ab-2d7cd011db47","type":"SystemAssigned"},"properties":{"disableLocalAuth":false,"zoneRedundant":false,"isAutoInflateEnabled":true,"maximumThroughputUnits":5,"clusterArmId":"/subscriptions/00000000-0000-0000-0000-000000000000/resourceGroups/v-ajnavtest/providers/Microsoft.EventHub/clusters/PMTestCluster","kafkaEnabled":true,"provisioningState":"Succeeded","metricId":"a70b8550-49b1-4c60-b9f9-86b7edbf31e4:eventhubs-nscli000004","createdAt":"2022-04-19T07:52:35.263Z","updatedAt":"2022-04-19T07:55:45.993Z","serviceBusEndpoint":"https://eventhubs-nscli000004.servicebus.windows.net:443/","status":"Active"}},{"sku":{"name":"Standard","tier":"Standard","capacity":1},"id":"/subscriptions/00000000-0000-0000-0000-000000000000/resourceGroups/SyntheticsRgRrp-eastus2euap/providers/Microsoft.EventHub/namespaces/EventHubNamespaceSynthetic-9qiaZekZwx","name":"EventHubNamespaceSynthetic-9qiaZekZwx","type":"Microsoft.EventHub/Namespaces","location":"EAST
        US 2 EUAP","tags":{"abc":"StandardUpdatedTag"},"properties":{"disableLocalAuth":false,"zoneRedundant":false,"isAutoInflateEnabled":false,"maximumThroughputUnits":0,"kafkaEnabled":true,"provisioningState":"Succeeded","metricId":"a70b8550-49b1-4c60-b9f9-86b7edbf31e4:eventhubnamespacesynthetic-9qiazekzwx","createdAt":"2022-04-19T07:54:21.62Z","updatedAt":"2022-04-19T07:55:22.827Z","serviceBusEndpoint":"https://EventHubNamespaceSynthetic-9qiaZekZwx.servicebus.windows.net:443/","status":"Active"}}]}'
    headers:
      cache-control:
      - no-cache
      content-length:
      - '14943'
      content-type:
      - application/json; charset=utf-8
      date:
      - Tue, 19 Apr 2022 07:56:11 GMT
      expires:
      - '-1'
      pragma:
      - no-cache
      server:
      - Service-Bus-Resource-Provider/CH3
      - Microsoft-HTTPAPI/2.0
      server-sb:
      - Service-Bus-Resource-Provider/CH3
      strict-transport-security:
      - max-age=31536000; includeSubDomains
      transfer-encoding:
      - chunked
      vary:
      - Accept-Encoding
      x-content-type-options:
      - nosniff
      x-ms-inline-count:
      - ''
    status:
      code: 200
      message: OK
- request:
    body: null
    headers:
      Accept:
      - application/json
      Accept-Encoding:
      - gzip, deflate
      CommandName:
      - eventhubs namespace list
      Connection:
      - keep-alive
      ParameterSetName:
      - --resource-group
      User-Agent:
      - AZURECLI/2.35.0 azsdk-python-azure-mgmt-eventhub/10.0.0 Python/3.6.2 (Windows-10-10.0.19041-SP0)
    method: GET
    uri: https://management.azure.com/subscriptions/00000000-0000-0000-0000-000000000000/resourceGroups/cli_test_eh_namespace000001/providers/Microsoft.EventHub/namespaces?api-version=2021-11-01
  response:
    body:
      string: '{"value":[{"sku":{"name":"Standard","tier":"Standard","capacity":1},"id":"/subscriptions/00000000-0000-0000-0000-000000000000/resourceGroups/cli_test_eh_namespace000001/providers/Microsoft.EventHub/namespaces/eventhubs-nscli000003","name":"eventhubs-nscli000003","type":"Microsoft.EventHub/Namespaces","location":"South
        Central US","tags":{"{tag2":"value2}"},"identity":{"principalId":"168a4a2c-9424-47c6-93a8-3be6ec56b33a","tenantId":"72f988bf-86f1-41af-91ab-2d7cd011db47","type":"SystemAssigned"},"properties":{"disableLocalAuth":false,"zoneRedundant":false,"isAutoInflateEnabled":true,"maximumThroughputUnits":5,"encryption":{"keySource":"Microsoft.KeyVault","keyVaultProperties":[{"keyName":"cli000008","keyVaultUri":"https://cli000002.vault.azure.net","keyVersion":""}],"requireInfrastructureEncryption":false},"clusterArmId":"/subscriptions/00000000-0000-0000-0000-000000000000/resourceGroups/v-ajnavtest/providers/Microsoft.EventHub/clusters/PMTestCluster","kafkaEnabled":true,"provisioningState":"Succeeded","metricId":"a70b8550-49b1-4c60-b9f9-86b7edbf31e4:eventhubs-nscli000003","createdAt":"2022-04-19T07:50:55.747Z","updatedAt":"2022-04-19T07:53:57.723Z","serviceBusEndpoint":"https://eventhubs-nscli000003.servicebus.windows.net:443/","status":"Active"}},{"sku":{"name":"Standard","tier":"Standard","capacity":1},"id":"/subscriptions/00000000-0000-0000-0000-000000000000/resourceGroups/cli_test_eh_namespace000001/providers/Microsoft.EventHub/namespaces/eventhubs-nscli000004","name":"eventhubs-nscli000004","type":"Microsoft.EventHub/Namespaces","location":"South
        Central US","tags":{"{tag2":"value2}"},"identity":{"principalId":"5e018ddd-2596-45e9-be19-3d3d72ce0f2b","tenantId":"72f988bf-86f1-41af-91ab-2d7cd011db47","type":"SystemAssigned"},"properties":{"disableLocalAuth":false,"zoneRedundant":false,"isAutoInflateEnabled":true,"maximumThroughputUnits":5,"clusterArmId":"/subscriptions/00000000-0000-0000-0000-000000000000/resourceGroups/v-ajnavtest/providers/Microsoft.EventHub/clusters/PMTestCluster","kafkaEnabled":true,"provisioningState":"Succeeded","metricId":"a70b8550-49b1-4c60-b9f9-86b7edbf31e4:eventhubs-nscli000004","createdAt":"2022-04-19T07:52:35.263Z","updatedAt":"2022-04-19T07:55:45.993Z","serviceBusEndpoint":"https://eventhubs-nscli000004.servicebus.windows.net:443/","status":"Active"}}]}'
    headers:
      cache-control:
      - no-cache
      content-length:
      - '2324'
      content-type:
      - application/json; charset=utf-8
      date:
      - Tue, 19 Apr 2022 07:56:11 GMT
      expires:
      - '-1'
      pragma:
      - no-cache
      server:
      - Service-Bus-Resource-Provider/CH3
      - Microsoft-HTTPAPI/2.0
      server-sb:
      - Service-Bus-Resource-Provider/CH3
      strict-transport-security:
      - max-age=31536000; includeSubDomains
      transfer-encoding:
      - chunked
      vary:
      - Accept-Encoding
      x-content-type-options:
      - nosniff
    status:
      code: 200
      message: OK
- request:
    body: '{"properties": {"rights": ["Send"]}}'
    headers:
      Accept:
      - application/json
      Accept-Encoding:
      - gzip, deflate
      CommandName:
      - eventhubs namespace authorization-rule create
      Connection:
      - keep-alive
      Content-Length:
      - '36'
      Content-Type:
      - application/json
      ParameterSetName:
      - --resource-group --namespace-name --name --rights
      User-Agent:
      - AZURECLI/2.35.0 azsdk-python-azure-mgmt-eventhub/10.0.0 Python/3.6.2 (Windows-10-10.0.19041-SP0)
    method: PUT
    uri: https://management.azure.com/subscriptions/00000000-0000-0000-0000-000000000000/resourceGroups/cli_test_eh_namespace000001/providers/Microsoft.EventHub/namespaces/eventhubs-nscli000003/authorizationRules/cliAutho000007?api-version=2021-11-01
  response:
    body:
      string: '{"id":"/subscriptions/00000000-0000-0000-0000-000000000000/resourceGroups/cli_test_eh_namespace000001/providers/Microsoft.EventHub/namespaces/eventhubs-nscli000003/authorizationRules/cliAutho000007","name":"cliAutho000007","type":"Microsoft.EventHub/Namespaces/AuthorizationRules","location":"South
        Central US","properties":{"rights":["Send"]}}'
    headers:
      cache-control:
      - no-cache
      content-length:
      - '344'
      content-type:
      - application/json; charset=utf-8
      date:
      - Tue, 19 Apr 2022 07:56:18 GMT
      expires:
      - '-1'
      pragma:
      - no-cache
      server:
      - Service-Bus-Resource-Provider/CH3
      - Microsoft-HTTPAPI/2.0
      server-sb:
      - Service-Bus-Resource-Provider/CH3
      strict-transport-security:
      - max-age=31536000; includeSubDomains
      transfer-encoding:
      - chunked
      vary:
      - Accept-Encoding
      x-content-type-options:
      - nosniff
      x-ms-ratelimit-remaining-subscription-writes:
      - '1199'
    status:
      code: 200
      message: OK
- request:
    body: null
    headers:
      Accept:
      - application/json
      Accept-Encoding:
      - gzip, deflate
      CommandName:
      - eventhubs namespace authorization-rule show
      Connection:
      - keep-alive
      ParameterSetName:
      - --resource-group --namespace-name --name
      User-Agent:
      - AZURECLI/2.35.0 azsdk-python-azure-mgmt-eventhub/10.0.0 Python/3.6.2 (Windows-10-10.0.19041-SP0)
    method: GET
    uri: https://management.azure.com/subscriptions/00000000-0000-0000-0000-000000000000/resourceGroups/cli_test_eh_namespace000001/providers/Microsoft.EventHub/namespaces/eventhubs-nscli000003/authorizationRules/cliAutho000007?api-version=2021-11-01
  response:
    body:
      string: '{"id":"/subscriptions/00000000-0000-0000-0000-000000000000/resourceGroups/cli_test_eh_namespace000001/providers/Microsoft.EventHub/namespaces/eventhubs-nscli000003/authorizationRules/cliAutho000007","name":"cliAutho000007","type":"Microsoft.EventHub/Namespaces/AuthorizationRules","location":"South
        Central US","properties":{"rights":["Send"]}}'
    headers:
      cache-control:
      - no-cache
      content-length:
      - '344'
      content-type:
      - application/json; charset=utf-8
      date:
      - Tue, 19 Apr 2022 07:56:19 GMT
      expires:
      - '-1'
      pragma:
      - no-cache
      server:
      - Service-Bus-Resource-Provider/CH3
      - Microsoft-HTTPAPI/2.0
      server-sb:
      - Service-Bus-Resource-Provider/CH3
      strict-transport-security:
      - max-age=31536000; includeSubDomains
      transfer-encoding:
      - chunked
      vary:
      - Accept-Encoding
      x-content-type-options:
      - nosniff
    status:
      code: 200
      message: OK
- request:
    body: null
    headers:
      Accept:
      - application/json
      Accept-Encoding:
      - gzip, deflate
      CommandName:
      - eventhubs namespace authorization-rule update
      Connection:
      - keep-alive
      ParameterSetName:
      - --resource-group --namespace-name --name --rights
      User-Agent:
      - AZURECLI/2.35.0 azsdk-python-azure-mgmt-eventhub/10.0.0 Python/3.6.2 (Windows-10-10.0.19041-SP0)
    method: GET
    uri: https://management.azure.com/subscriptions/00000000-0000-0000-0000-000000000000/resourceGroups/cli_test_eh_namespace000001/providers/Microsoft.EventHub/namespaces/eventhubs-nscli000003/authorizationRules/cliAutho000007?api-version=2021-11-01
  response:
    body:
      string: '{"id":"/subscriptions/00000000-0000-0000-0000-000000000000/resourceGroups/cli_test_eh_namespace000001/providers/Microsoft.EventHub/namespaces/eventhubs-nscli000003/authorizationRules/cliAutho000007","name":"cliAutho000007","type":"Microsoft.EventHub/Namespaces/AuthorizationRules","location":"South
        Central US","properties":{"rights":["Send"]}}'
    headers:
      cache-control:
      - no-cache
      content-length:
      - '344'
      content-type:
      - application/json; charset=utf-8
      date:
      - Tue, 19 Apr 2022 07:56:21 GMT
      expires:
      - '-1'
      pragma:
      - no-cache
      server:
      - Service-Bus-Resource-Provider/CH3
      - Microsoft-HTTPAPI/2.0
      server-sb:
      - Service-Bus-Resource-Provider/CH3
      strict-transport-security:
      - max-age=31536000; includeSubDomains
      transfer-encoding:
      - chunked
      vary:
      - Accept-Encoding
      x-content-type-options:
      - nosniff
    status:
      code: 200
      message: OK
- request:
    body: '{"properties": {"rights": ["Listen"]}}'
    headers:
      Accept:
      - application/json
      Accept-Encoding:
      - gzip, deflate
      CommandName:
      - eventhubs namespace authorization-rule update
      Connection:
      - keep-alive
      Content-Length:
      - '38'
      Content-Type:
      - application/json
      ParameterSetName:
      - --resource-group --namespace-name --name --rights
      User-Agent:
      - AZURECLI/2.35.0 azsdk-python-azure-mgmt-eventhub/10.0.0 Python/3.6.2 (Windows-10-10.0.19041-SP0)
    method: PUT
    uri: https://management.azure.com/subscriptions/00000000-0000-0000-0000-000000000000/resourceGroups/cli_test_eh_namespace000001/providers/Microsoft.EventHub/namespaces/eventhubs-nscli000003/authorizationRules/cliAutho000007?api-version=2021-11-01
  response:
    body:
      string: '{"id":"/subscriptions/00000000-0000-0000-0000-000000000000/resourceGroups/cli_test_eh_namespace000001/providers/Microsoft.EventHub/namespaces/eventhubs-nscli000003/authorizationRules/cliAutho000007","name":"cliAutho000007","type":"Microsoft.EventHub/Namespaces/AuthorizationRules","location":"South
        Central US","properties":{"rights":["Listen"]}}'
    headers:
      cache-control:
      - no-cache
      content-length:
      - '346'
      content-type:
      - application/json; charset=utf-8
      date:
      - Tue, 19 Apr 2022 07:56:28 GMT
      expires:
      - '-1'
      pragma:
      - no-cache
      server:
      - Service-Bus-Resource-Provider/CH3
      - Microsoft-HTTPAPI/2.0
      server-sb:
      - Service-Bus-Resource-Provider/CH3
      strict-transport-security:
      - max-age=31536000; includeSubDomains
      transfer-encoding:
      - chunked
      vary:
      - Accept-Encoding
      x-content-type-options:
      - nosniff
      x-ms-ratelimit-remaining-subscription-writes:
      - '1199'
    status:
      code: 200
      message: OK
- request:
    body: null
    headers:
      Accept:
      - application/json
      Accept-Encoding:
      - gzip, deflate
      CommandName:
      - eventhubs namespace authorization-rule show
      Connection:
      - keep-alive
      ParameterSetName:
      - --resource-group --namespace-name --name
      User-Agent:
      - AZURECLI/2.35.0 azsdk-python-azure-mgmt-eventhub/10.0.0 Python/3.6.2 (Windows-10-10.0.19041-SP0)
    method: GET
    uri: https://management.azure.com/subscriptions/00000000-0000-0000-0000-000000000000/resourceGroups/cli_test_eh_namespace000001/providers/Microsoft.EventHub/namespaces/eventhubs-nscli000003/authorizationRules/RootManageSharedAccessKey?api-version=2021-11-01
  response:
    body:
      string: '{"id":"/subscriptions/00000000-0000-0000-0000-000000000000/resourceGroups/cli_test_eh_namespace000001/providers/Microsoft.EventHub/namespaces/eventhubs-nscli000003/authorizationRules/RootManageSharedAccessKey","name":"RootManageSharedAccessKey","type":"Microsoft.EventHub/Namespaces/AuthorizationRules","location":"South
        Central US","properties":{"rights":["Listen","Manage","Send"]}}'
    headers:
      cache-control:
      - no-cache
      content-length:
      - '384'
      content-type:
      - application/json; charset=utf-8
      date:
      - Tue, 19 Apr 2022 07:56:29 GMT
      expires:
      - '-1'
      pragma:
      - no-cache
      server:
      - Service-Bus-Resource-Provider/SN1
      - Microsoft-HTTPAPI/2.0
      server-sb:
      - Service-Bus-Resource-Provider/SN1
      strict-transport-security:
      - max-age=31536000; includeSubDomains
      transfer-encoding:
      - chunked
      vary:
      - Accept-Encoding
      x-content-type-options:
      - nosniff
    status:
      code: 200
      message: OK
- request:
    body: null
    headers:
      Accept:
      - application/json
      Accept-Encoding:
      - gzip, deflate
      CommandName:
      - eventhubs namespace authorization-rule delete
      Connection:
      - keep-alive
      Content-Length:
      - '0'
      ParameterSetName:
      - --resource-group --namespace-name --name
      User-Agent:
      - AZURECLI/2.35.0 azsdk-python-azure-mgmt-eventhub/10.0.0 Python/3.6.2 (Windows-10-10.0.19041-SP0)
    method: DELETE
    uri: https://management.azure.com/subscriptions/00000000-0000-0000-0000-000000000000/resourceGroups/cli_test_eh_namespace000001/providers/Microsoft.EventHub/namespaces/eventhubs-nscli000003/authorizationRules/cliAutho000007?api-version=2021-11-01
  response:
    body:
      string: ''
    headers:
      cache-control:
      - no-cache
      content-length:
      - '0'
      date:
      - Tue, 19 Apr 2022 07:56:36 GMT
      expires:
      - '-1'
      pragma:
      - no-cache
      server:
      - Service-Bus-Resource-Provider/SN1
      - Microsoft-HTTPAPI/2.0
      server-sb:
      - Service-Bus-Resource-Provider/SN1
      strict-transport-security:
      - max-age=31536000; includeSubDomains
      x-content-type-options:
      - nosniff
      x-ms-ratelimit-remaining-subscription-deletes:
      - '14999'
    status:
      code: 200
      message: OK
- request:
    body: null
    headers:
      Accept:
      - application/json
      Accept-Encoding:
      - gzip, deflate
      CommandName:
      - eventhubs namespace delete
      Connection:
      - keep-alive
      Content-Length:
      - '0'
      ParameterSetName:
      - --resource-group --name
      User-Agent:
      - AZURECLI/2.35.0 azsdk-python-azure-mgmt-eventhub/10.0.0 Python/3.6.2 (Windows-10-10.0.19041-SP0)
    method: DELETE
    uri: https://management.azure.com/subscriptions/00000000-0000-0000-0000-000000000000/resourceGroups/cli_test_eh_namespace000001/providers/Microsoft.EventHub/namespaces/eventhubs-nscli000003?api-version=2021-11-01
  response:
    body:
      string: ''
    headers:
      cache-control:
      - no-cache
      content-length:
      - '0'
      date:
      - Tue, 19 Apr 2022 07:56:40 GMT
      expires:
      - '-1'
      location:
      - https://management.azure.com/subscriptions/00000000-0000-0000-0000-000000000000/resourceGroups/cli_test_eh_namespace000001/providers/Microsoft.EventHub/namespaces/eventhubs-nscli000003/operationresults/eventhubs-nscli000003?api-version=2021-11-01
      pragma:
      - no-cache
      server:
      - Service-Bus-Resource-Provider/SN1
      - Microsoft-HTTPAPI/2.0
      server-sb:
      - Service-Bus-Resource-Provider/SN1
      strict-transport-security:
      - max-age=31536000; includeSubDomains
      x-content-type-options:
      - nosniff
      x-ms-ratelimit-remaining-subscription-deletes:
      - '14999'
    status:
      code: 202
      message: Accepted
- request:
    body: null
    headers:
      Accept:
      - '*/*'
      Accept-Encoding:
      - gzip, deflate
      CommandName:
      - eventhubs namespace delete
      Connection:
      - keep-alive
      ParameterSetName:
      - --resource-group --name
      User-Agent:
      - AZURECLI/2.35.0 azsdk-python-azure-mgmt-eventhub/10.0.0 Python/3.6.2 (Windows-10-10.0.19041-SP0)
    method: GET
    uri: https://management.azure.com/subscriptions/00000000-0000-0000-0000-000000000000/resourceGroups/cli_test_eh_namespace000001/providers/Microsoft.EventHub/namespaces/eventhubs-nscli000003/operationresults/eventhubs-nscli000003?api-version=2021-11-01
  response:
    body:
      string: ''
    headers:
      cache-control:
      - no-cache
      content-length:
      - '0'
      date:
      - Tue, 19 Apr 2022 07:57:11 GMT
      expires:
      - '-1'
      pragma:
      - no-cache
      server:
      - Service-Bus-Resource-Provider/SN1
      - Microsoft-HTTPAPI/2.0
      server-sb:
      - Service-Bus-Resource-Provider/SN1
      strict-transport-security:
      - max-age=31536000; includeSubDomains
      x-content-type-options:
      - nosniff
    status:
      code: 200
      message: OK
- request:
    body: null
    headers:
      Accept:
      - application/json
      Accept-Encoding:
      - gzip, deflate
      CommandName:
      - eventhubs namespace delete
      Connection:
      - keep-alive
      Content-Length:
      - '0'
      ParameterSetName:
      - --resource-group --name
      User-Agent:
      - AZURECLI/2.35.0 azsdk-python-azure-mgmt-eventhub/10.0.0 Python/3.6.2 (Windows-10-10.0.19041-SP0)
    method: DELETE
    uri: https://management.azure.com/subscriptions/00000000-0000-0000-0000-000000000000/resourceGroups/cli_test_eh_namespace000001/providers/Microsoft.EventHub/namespaces/eventhubs-nscli000004?api-version=2021-11-01
  response:
    body:
      string: ''
    headers:
      cache-control:
      - no-cache
      content-length:
      - '0'
      date:
      - Tue, 19 Apr 2022 07:57:14 GMT
      expires:
      - '-1'
      location:
      - https://management.azure.com/subscriptions/00000000-0000-0000-0000-000000000000/resourceGroups/cli_test_eh_namespace000001/providers/Microsoft.EventHub/namespaces/eventhubs-nscli000004/operationresults/eventhubs-nscli000004?api-version=2021-11-01
      pragma:
      - no-cache
      server:
      - Service-Bus-Resource-Provider/CH3
      - Microsoft-HTTPAPI/2.0
      server-sb:
      - Service-Bus-Resource-Provider/CH3
      strict-transport-security:
      - max-age=31536000; includeSubDomains
      x-content-type-options:
      - nosniff
      x-ms-ratelimit-remaining-subscription-deletes:
      - '14999'
    status:
      code: 202
      message: Accepted
- request:
    body: null
    headers:
      Accept:
      - '*/*'
      Accept-Encoding:
      - gzip, deflate
      CommandName:
      - eventhubs namespace delete
      Connection:
      - keep-alive
      ParameterSetName:
      - --resource-group --name
      User-Agent:
      - AZURECLI/2.35.0 azsdk-python-azure-mgmt-eventhub/10.0.0 Python/3.6.2 (Windows-10-10.0.19041-SP0)
    method: GET
    uri: https://management.azure.com/subscriptions/00000000-0000-0000-0000-000000000000/resourceGroups/cli_test_eh_namespace000001/providers/Microsoft.EventHub/namespaces/eventhubs-nscli000004/operationresults/eventhubs-nscli000004?api-version=2021-11-01
  response:
    body:
      string: ''
    headers:
      cache-control:
      - no-cache
      content-length:
      - '0'
      date:
      - Tue, 19 Apr 2022 07:57:44 GMT
      expires:
      - '-1'
      pragma:
      - no-cache
      server:
      - Service-Bus-Resource-Provider/CH3
      - Microsoft-HTTPAPI/2.0
      server-sb:
      - Service-Bus-Resource-Provider/CH3
      strict-transport-security:
      - max-age=31536000; includeSubDomains
      x-content-type-options:
      - nosniff
    status:
      code: 200
      message: OK
version: 1
