interactions:
- request:
    body: '{"name": "eventhubs-nscli000002"}'
    headers:
      Accept:
      - application/json
      Accept-Encoding:
      - gzip, deflate
      CommandName:
      - eventhubs namespace exists
      Connection:
      - keep-alive
      Content-Length:
      - '33'
      Content-Type:
      - application/json
      ParameterSetName:
      - --name
      User-Agent:
      - AZURECLI/2.47.0 azsdk-python-azure-mgmt-eventhub/11.0.0b1 Python/3.10.0 (Windows-10-10.0.22621-SP0)
    method: POST
    uri: https://management.azure.com/subscriptions/00000000-0000-0000-0000-000000000000/providers/Microsoft.EventHub/checkNameAvailability?api-version=2022-10-01-preview
  response:
    body:
      string: '{"nameAvailable":true,"reason":"None","message":null}'
    headers:
      cache-control:
      - no-cache
      content-length:
      - '53'
      content-type:
      - application/json; charset=utf-8
      date:
      - Wed, 19 Apr 2023 06:04:45 GMT
      expires:
      - '-1'
      pragma:
      - no-cache
      server:
      - Service-Bus-Resource-Provider/CH3
      - Microsoft-HTTPAPI/2.0
      server-sb:
      - Service-Bus-Resource-Provider/CH3
      strict-transport-security:
      - max-age=31536000; includeSubDomains
      transfer-encoding:
      - chunked
      vary:
      - Accept-Encoding
      x-content-type-options:
      - nosniff
      x-ms-ratelimit-remaining-subscription-writes:
      - '1199'
    status:
      code: 200
      message: OK
- request:
    body: '{"identity": {"type": "None"}, "location": "southcentralus", "sku": {"name":
      "Standard", "tier": "Standard"}, "tags": {"{tag1": "value1}"}}'
    headers:
      Accept:
      - application/json
      Accept-Encoding:
      - gzip, deflate
      CommandName:
      - eventhubs namespace create
      Connection:
      - keep-alive
      Content-Length:
      - '139'
      Content-Type:
      - application/json
      ParameterSetName:
      - --resource-group --name --location --tags --sku
      User-Agent:
      - AZURECLI/2.47.0 (AAZ) azsdk-python-core/1.26.0 Python/3.10.0 (Windows-10-10.0.22621-SP0)
    method: PUT
    uri: https://management.azure.com/subscriptions/00000000-0000-0000-0000-000000000000/resourceGroups/cli_test_eh_namespace000001/providers/Microsoft.EventHub/namespaces/eventhubs-nscli000002?api-version=2022-01-01-preview
  response:
    body:
      string: '{"sku":{"name":"Standard","tier":"Standard","capacity":1},"id":"/subscriptions/00000000-0000-0000-0000-000000000000/resourceGroups/cli_test_eh_namespace000001/providers/Microsoft.EventHub/namespaces/eventhubs-nscli000002","name":"eventhubs-nscli000002","type":"Microsoft.EventHub/Namespaces","location":"South
        Central US","tags":{"{tag1":"value1}"},"properties":{"minimumTlsVersion":"1.2","publicNetworkAccess":"Enabled","disableLocalAuth":false,"zoneRedundant":false,"isAutoInflateEnabled":false,"maximumThroughputUnits":0,"kafkaEnabled":true,"provisioningState":"Created","metricId":"326100e2-f69d-4268-8503-075374f62b6e:eventhubs-nscli000002","createdAt":"2023-04-19T06:04:52.157Z","updatedAt":"2023-04-19T06:04:52.157Z","serviceBusEndpoint":"https://eventhubs-nscli000002.servicebus.windows.net:443/","status":"Activating"}}'
    headers:
      cache-control:
      - no-cache
      content-length:
      - '828'
      content-type:
      - application/json; charset=utf-8
      date:
      - Wed, 19 Apr 2023 06:04:56 GMT
      expires:
      - '-1'
      pragma:
      - no-cache
      server:
      - Service-Bus-Resource-Provider/CH3
      - Microsoft-HTTPAPI/2.0
      server-sb:
      - Service-Bus-Resource-Provider/CH3
      strict-transport-security:
      - max-age=31536000; includeSubDomains
      transfer-encoding:
      - chunked
      vary:
      - Accept-Encoding
      x-content-type-options:
      - nosniff
      x-ms-ratelimit-remaining-subscription-resource-requests:
      - '49'
    status:
      code: 200
      message: OK
- request:
    body: null
    headers:
      Accept:
      - '*/*'
      Accept-Encoding:
      - gzip, deflate
      CommandName:
      - eventhubs namespace create
      Connection:
      - keep-alive
      ParameterSetName:
      - --resource-group --name --location --tags --sku
      User-Agent:
      - AZURECLI/2.47.0 (AAZ) azsdk-python-core/1.26.0 Python/3.10.0 (Windows-10-10.0.22621-SP0)
    method: GET
    uri: https://management.azure.com/subscriptions/00000000-0000-0000-0000-000000000000/resourceGroups/cli_test_eh_namespace000001/providers/Microsoft.EventHub/namespaces/eventhubs-nscli000002?api-version=2022-01-01-preview
  response:
    body:
      string: '{"sku":{"name":"Standard","tier":"Standard","capacity":1},"id":"/subscriptions/00000000-0000-0000-0000-000000000000/resourceGroups/cli_test_eh_namespace000001/providers/Microsoft.EventHub/namespaces/eventhubs-nscli000002","name":"eventhubs-nscli000002","type":"Microsoft.EventHub/Namespaces","location":"South
        Central US","tags":{"{tag1":"value1}"},"properties":{"minimumTlsVersion":"1.2","publicNetworkAccess":"Enabled","disableLocalAuth":false,"zoneRedundant":false,"isAutoInflateEnabled":false,"maximumThroughputUnits":0,"kafkaEnabled":true,"provisioningState":"Created","metricId":"326100e2-f69d-4268-8503-075374f62b6e:eventhubs-nscli000002","createdAt":"2023-04-19T06:04:52.157Z","updatedAt":"2023-04-19T06:04:52.157Z","serviceBusEndpoint":"https://eventhubs-nscli000002.servicebus.windows.net:443/","status":"Activating"}}'
    headers:
      cache-control:
      - no-cache
      content-length:
      - '828'
      content-type:
      - application/json; charset=utf-8
      date:
      - Wed, 19 Apr 2023 06:04:56 GMT
      expires:
      - '-1'
      pragma:
      - no-cache
      server:
      - Service-Bus-Resource-Provider/CH3
      - Microsoft-HTTPAPI/2.0
      server-sb:
      - Service-Bus-Resource-Provider/CH3
      strict-transport-security:
      - max-age=31536000; includeSubDomains
      transfer-encoding:
      - chunked
      vary:
      - Accept-Encoding
      x-content-type-options:
      - nosniff
    status:
      code: 200
      message: OK
- request:
    body: null
    headers:
      Accept:
      - '*/*'
      Accept-Encoding:
      - gzip, deflate
      CommandName:
      - eventhubs namespace create
      Connection:
      - keep-alive
      ParameterSetName:
      - --resource-group --name --location --tags --sku
      User-Agent:
      - AZURECLI/2.47.0 (AAZ) azsdk-python-core/1.26.0 Python/3.10.0 (Windows-10-10.0.22621-SP0)
    method: GET
    uri: https://management.azure.com/subscriptions/00000000-0000-0000-0000-000000000000/resourceGroups/cli_test_eh_namespace000001/providers/Microsoft.EventHub/namespaces/eventhubs-nscli000002?api-version=2022-01-01-preview
  response:
    body:
      string: '{"sku":{"name":"Standard","tier":"Standard","capacity":1},"id":"/subscriptions/00000000-0000-0000-0000-000000000000/resourceGroups/cli_test_eh_namespace000001/providers/Microsoft.EventHub/namespaces/eventhubs-nscli000002","name":"eventhubs-nscli000002","type":"Microsoft.EventHub/Namespaces","location":"South
        Central US","tags":{"{tag1":"value1}"},"properties":{"minimumTlsVersion":"1.2","publicNetworkAccess":"Enabled","disableLocalAuth":false,"zoneRedundant":false,"isAutoInflateEnabled":false,"maximumThroughputUnits":0,"kafkaEnabled":true,"provisioningState":"Created","metricId":"326100e2-f69d-4268-8503-075374f62b6e:eventhubs-nscli000002","createdAt":"2023-04-19T06:04:52.157Z","updatedAt":"2023-04-19T06:04:52.157Z","serviceBusEndpoint":"https://eventhubs-nscli000002.servicebus.windows.net:443/","status":"Activating"}}'
    headers:
      cache-control:
      - no-cache
      content-length:
      - '828'
      content-type:
      - application/json; charset=utf-8
      date:
      - Wed, 19 Apr 2023 06:05:27 GMT
      expires:
      - '-1'
      pragma:
      - no-cache
      server:
      - Service-Bus-Resource-Provider/CH3
      - Microsoft-HTTPAPI/2.0
      server-sb:
      - Service-Bus-Resource-Provider/CH3
      strict-transport-security:
      - max-age=31536000; includeSubDomains
      transfer-encoding:
      - chunked
      vary:
      - Accept-Encoding
      x-content-type-options:
      - nosniff
    status:
      code: 200
      message: OK
- request:
    body: null
    headers:
      Accept:
      - '*/*'
      Accept-Encoding:
      - gzip, deflate
      CommandName:
      - eventhubs namespace create
      Connection:
      - keep-alive
      ParameterSetName:
      - --resource-group --name --location --tags --sku
      User-Agent:
      - AZURECLI/2.47.0 (AAZ) azsdk-python-core/1.26.0 Python/3.10.0 (Windows-10-10.0.22621-SP0)
    method: GET
    uri: https://management.azure.com/subscriptions/00000000-0000-0000-0000-000000000000/resourceGroups/cli_test_eh_namespace000001/providers/Microsoft.EventHub/namespaces/eventhubs-nscli000002?api-version=2022-01-01-preview
  response:
    body:
      string: '{"sku":{"name":"Standard","tier":"Standard","capacity":1},"id":"/subscriptions/00000000-0000-0000-0000-000000000000/resourceGroups/cli_test_eh_namespace000001/providers/Microsoft.EventHub/namespaces/eventhubs-nscli000002","name":"eventhubs-nscli000002","type":"Microsoft.EventHub/Namespaces","location":"South
        Central US","tags":{"{tag1":"value1}"},"properties":{"minimumTlsVersion":"1.2","publicNetworkAccess":"Enabled","disableLocalAuth":false,"zoneRedundant":false,"isAutoInflateEnabled":false,"maximumThroughputUnits":0,"kafkaEnabled":true,"provisioningState":"Succeeded","metricId":"326100e2-f69d-4268-8503-075374f62b6e:eventhubs-nscli000002","createdAt":"2023-04-19T06:04:52.157Z","updatedAt":"2023-04-19T06:05:47.27Z","serviceBusEndpoint":"https://eventhubs-nscli000002.servicebus.windows.net:443/","status":"Active"}}'
    headers:
      cache-control:
      - no-cache
      content-length:
      - '825'
      content-type:
      - application/json; charset=utf-8
      date:
      - Wed, 19 Apr 2023 06:05:58 GMT
      expires:
      - '-1'
      pragma:
      - no-cache
      server:
      - Service-Bus-Resource-Provider/CH3
      - Microsoft-HTTPAPI/2.0
      server-sb:
      - Service-Bus-Resource-Provider/CH3
      strict-transport-security:
      - max-age=31536000; includeSubDomains
      transfer-encoding:
      - chunked
      vary:
      - Accept-Encoding
      x-content-type-options:
      - nosniff
    status:
      code: 200
      message: OK
- request:
    body: '{"properties": {"rights": ["Listen", "Send", "Manage"]}}'
    headers:
      Accept:
      - application/json
      Accept-Encoding:
      - gzip, deflate
      CommandName:
      - eventhubs namespace authorization-rule create
      Connection:
      - keep-alive
      Content-Length:
      - '56'
      Content-Type:
      - application/json
      ParameterSetName:
      - --resource-group --namespace-name --name --rights
      User-Agent:
      - AZURECLI/2.47.0 (AAZ) azsdk-python-core/1.26.0 Python/3.10.0 (Windows-10-10.0.22621-SP0)
    method: PUT
    uri: https://management.azure.com/subscriptions/00000000-0000-0000-0000-000000000000/resourceGroups/cli_test_eh_namespace000001/providers/Microsoft.EventHub/namespaces/eventhubs-nscli000002/authorizationRules/namespaceAuthRule1?api-version=2022-01-01-preview
  response:
    body:
      string: '{"id":"/subscriptions/00000000-0000-0000-0000-000000000000/resourceGroups/cli_test_eh_namespace000001/providers/Microsoft.EventHub/namespaces/eventhubs-nscli000002/authorizationRules/namespaceAuthRule1","name":"namespaceAuthRule1","type":"Microsoft.EventHub/Namespaces/AuthorizationRules","location":"southcentralus","properties":{"rights":["Listen","Send","Manage"]}}'
    headers:
      cache-control:
      - no-cache
      content-length:
      - '368'
      content-type:
      - application/json; charset=utf-8
      date:
      - Wed, 19 Apr 2023 06:06:07 GMT
      expires:
      - '-1'
      pragma:
      - no-cache
      server:
      - Microsoft-HTTPAPI/2.0
      strict-transport-security:
      - max-age=31536000; includeSubDomains
      transfer-encoding:
      - chunked
      vary:
      - Accept-Encoding
      x-content-type-options:
      - nosniff
      x-ms-ratelimit-remaining-subscription-writes:
      - '1199'
    status:
      code: 200
      message: OK
- request:
    body: null
    headers:
      Accept:
      - application/json
      Accept-Encoding:
      - gzip, deflate
      CommandName:
      - eventhubs namespace authorization-rule update
      Connection:
      - keep-alive
      ParameterSetName:
      - --resource-group --namespace-name --name --rights
      User-Agent:
      - AZURECLI/2.47.0 (AAZ) azsdk-python-core/1.26.0 Python/3.10.0 (Windows-10-10.0.22621-SP0)
    method: GET
    uri: https://management.azure.com/subscriptions/00000000-0000-0000-0000-000000000000/resourceGroups/cli_test_eh_namespace000001/providers/Microsoft.EventHub/namespaces/eventhubs-nscli000002/authorizationRules/namespaceAuthRule1?api-version=2022-01-01-preview
  response:
    body:
      string: '{"id":"/subscriptions/00000000-0000-0000-0000-000000000000/resourcegroups/cli_test_eh_namespace000001/providers/Microsoft.EventHub/namespaces/eventhubs-nscli000002/authorizationrules/namespaceAuthRule1","name":"namespaceAuthRule1","type":"Microsoft.EventHub/Namespaces/AuthorizationRules","location":"southcentralus","properties":{"rights":["Listen","Send","Manage"]}}'
    headers:
      cache-control:
      - no-cache
      content-length:
      - '368'
      content-type:
      - application/json; charset=utf-8
      date:
      - Wed, 19 Apr 2023 06:06:10 GMT
      expires:
      - '-1'
      pragma:
      - no-cache
      server:
      - Microsoft-HTTPAPI/2.0
      strict-transport-security:
      - max-age=31536000; includeSubDomains
      transfer-encoding:
      - chunked
      vary:
      - Accept-Encoding
      x-content-type-options:
      - nosniff
    status:
      code: 200
      message: OK
- request:
    body: '{"properties": {"rights": ["Listen"]}}'
    headers:
      Accept:
      - application/json
      Accept-Encoding:
      - gzip, deflate
      CommandName:
      - eventhubs namespace authorization-rule update
      Connection:
      - keep-alive
      Content-Length:
      - '38'
      Content-Type:
      - application/json
      ParameterSetName:
      - --resource-group --namespace-name --name --rights
      User-Agent:
      - AZURECLI/2.47.0 (AAZ) azsdk-python-core/1.26.0 Python/3.10.0 (Windows-10-10.0.22621-SP0)
    method: PUT
    uri: https://management.azure.com/subscriptions/00000000-0000-0000-0000-000000000000/resourceGroups/cli_test_eh_namespace000001/providers/Microsoft.EventHub/namespaces/eventhubs-nscli000002/authorizationRules/namespaceAuthRule1?api-version=2022-01-01-preview
  response:
    body:
      string: '{"id":"/subscriptions/00000000-0000-0000-0000-000000000000/resourceGroups/cli_test_eh_namespace000001/providers/Microsoft.EventHub/namespaces/eventhubs-nscli000002/authorizationRules/namespaceAuthRule1","name":"namespaceAuthRule1","type":"Microsoft.EventHub/Namespaces/AuthorizationRules","location":"southcentralus","properties":{"rights":["Listen"]}}'
    headers:
      cache-control:
      - no-cache
      content-length:
      - '352'
      content-type:
      - application/json; charset=utf-8
      date:
      - Wed, 19 Apr 2023 06:06:16 GMT
      expires:
      - '-1'
      pragma:
      - no-cache
      server:
      - Microsoft-HTTPAPI/2.0
      strict-transport-security:
      - max-age=31536000; includeSubDomains
      transfer-encoding:
      - chunked
      vary:
      - Accept-Encoding
      x-content-type-options:
      - nosniff
      x-ms-ratelimit-remaining-subscription-writes:
      - '1199'
    status:
      code: 200
      message: OK
- request:
    body: null
    headers:
      Accept:
      - application/json
      Accept-Encoding:
      - gzip, deflate
      CommandName:
      - eventhubs namespace authorization-rule list
      Connection:
      - keep-alive
      ParameterSetName:
      - --resource-group --namespace-name
      User-Agent:
      - AZURECLI/2.47.0 (AAZ) azsdk-python-core/1.26.0 Python/3.10.0 (Windows-10-10.0.22621-SP0)
    method: GET
    uri: https://management.azure.com/subscriptions/00000000-0000-0000-0000-000000000000/resourceGroups/cli_test_eh_namespace000001/providers/Microsoft.EventHub/namespaces/eventhubs-nscli000002/authorizationRules?api-version=2022-01-01-preview
  response:
    body:
      string: '{"value":[{"id":"/subscriptions/00000000-0000-0000-0000-000000000000/resourcegroups/cli_test_eh_namespace000001/providers/Microsoft.EventHub/namespaces/eventhubs-nscli000002/authorizationrules/RootManageSharedAccessKey","name":"RootManageSharedAccessKey","type":"Microsoft.EventHub/Namespaces/AuthorizationRules","location":"southcentralus","properties":{"rights":["Listen","Manage","Send"]}},{"id":"/subscriptions/00000000-0000-0000-0000-000000000000/resourcegroups/cli_test_eh_namespace000001/providers/Microsoft.EventHub/namespaces/eventhubs-nscli000002/authorizationrules/namespaceAuthRule1","name":"namespaceAuthRule1","type":"Microsoft.EventHub/Namespaces/AuthorizationRules","location":"southcentralus","properties":{"rights":["Listen"]}}]}'
    headers:
      cache-control:
      - no-cache
      content-length:
      - '747'
      content-type:
      - application/json; charset=utf-8
      date:
      - Wed, 19 Apr 2023 06:06:19 GMT
      expires:
      - '-1'
      pragma:
      - no-cache
      server:
      - Microsoft-HTTPAPI/2.0
      strict-transport-security:
      - max-age=31536000; includeSubDomains
      transfer-encoding:
      - chunked
      vary:
      - Accept-Encoding
      x-content-type-options:
      - nosniff
    status:
      code: 200
      message: OK
- request:
    body: null
    headers:
      Accept:
      - application/json
      Accept-Encoding:
      - gzip, deflate
      CommandName:
      - eventhubs namespace authorization-rule keys list
      Connection:
      - keep-alive
      Content-Length:
      - '0'
      ParameterSetName:
      - --resource-group --namespace-name --name
      User-Agent:
      - AZURECLI/2.47.0 (AAZ) azsdk-python-core/1.26.0 Python/3.10.0 (Windows-10-10.0.22621-SP0)
    method: POST
    uri: https://management.azure.com/subscriptions/00000000-0000-0000-0000-000000000000/resourceGroups/cli_test_eh_namespace000001/providers/Microsoft.EventHub/namespaces/eventhubs-nscli000002/authorizationRules/namespaceAuthRule1/listKeys?api-version=2022-01-01-preview
  response:
    body:
      string: '{"primaryConnectionString":"Endpoint=sb://eventhubs-nscli000002.servicebus.windows.net/;SharedAccessKeyName=namespaceAuthRule1;SharedAccessKey=w9NhXFk49f5dZBpVpAZ7T2MxDnBLDM83C+AEhJ1ftBQ=","secondaryConnectionString":"Endpoint=sb://eventhubs-nscli000002.servicebus.windows.net/;SharedAccessKeyName=namespaceAuthRule1;SharedAccessKey=p9Yyu92pXIaM8CQGWwyOezSaeF6RvzqJ6+AEhIYO6sM=","primaryKey":"w9NhXFk49f5dZBpVpAZ7T2MxDnBLDM83C+AEhJ1ftBQ=","secondaryKey":"p9Yyu92pXIaM8CQGWwyOezSaeF6RvzqJ6+AEhIYO6sM=","keyName":"namespaceAuthRule1"}'
    headers:
      cache-control:
      - no-cache
      content-length:
      - '532'
      content-type:
      - application/json; charset=utf-8
      date:
      - Wed, 19 Apr 2023 06:06:21 GMT
      expires:
      - '-1'
      pragma:
      - no-cache
      server:
      - Microsoft-HTTPAPI/2.0
      strict-transport-security:
      - max-age=31536000; includeSubDomains
      transfer-encoding:
      - chunked
      vary:
      - Accept-Encoding
      x-content-type-options:
      - nosniff
      x-ms-ratelimit-remaining-subscription-writes:
      - '1199'
    status:
      code: 200
      message: OK
- request:
    body: '{"keyType": "PrimaryKey"}'
    headers:
      Accept:
      - application/json
      Accept-Encoding:
      - gzip, deflate
      CommandName:
      - eventhubs namespace authorization-rule keys renew
      Connection:
      - keep-alive
      Content-Length:
      - '25'
      Content-Type:
      - application/json
      ParameterSetName:
      - --resource-group --namespace-name --name --key
      User-Agent:
      - AZURECLI/2.47.0 (AAZ) azsdk-python-core/1.26.0 Python/3.10.0 (Windows-10-10.0.22621-SP0)
    method: POST
    uri: https://management.azure.com/subscriptions/00000000-0000-0000-0000-000000000000/resourceGroups/cli_test_eh_namespace000001/providers/Microsoft.EventHub/namespaces/eventhubs-nscli000002/authorizationRules/namespaceAuthRule1/regenerateKeys?api-version=2022-01-01-preview
  response:
    body:
      string: '{"primaryConnectionString":"Endpoint=sb://eventhubs-nscli000002.servicebus.windows.net/;SharedAccessKeyName=namespaceAuthRule1;SharedAccessKey=smJohLuNE7TdUmlS9/Ix4bWpgiFgdNa6z+AEhD/NE6A=","secondaryConnectionString":"Endpoint=sb://eventhubs-nscli000002.servicebus.windows.net/;SharedAccessKeyName=namespaceAuthRule1;SharedAccessKey=p9Yyu92pXIaM8CQGWwyOezSaeF6RvzqJ6+AEhIYO6sM=","primaryKey":"smJohLuNE7TdUmlS9/Ix4bWpgiFgdNa6z+AEhD/NE6A=","secondaryKey":"p9Yyu92pXIaM8CQGWwyOezSaeF6RvzqJ6+AEhIYO6sM=","keyName":"namespaceAuthRule1"}'
    headers:
      cache-control:
      - no-cache
      content-length:
      - '532'
      content-type:
      - application/json; charset=utf-8
      date:
      - Wed, 19 Apr 2023 06:06:31 GMT
      expires:
      - '-1'
      pragma:
      - no-cache
      server:
      - Microsoft-HTTPAPI/2.0
      strict-transport-security:
      - max-age=31536000; includeSubDomains
      transfer-encoding:
      - chunked
      vary:
      - Accept-Encoding
      x-content-type-options:
      - nosniff
      x-ms-ratelimit-remaining-subscription-writes:
      - '1199'
    status:
      code: 200
      message: OK
- request:
    body: '{"keyType": "SecondaryKey"}'
    headers:
      Accept:
      - application/json
      Accept-Encoding:
      - gzip, deflate
      CommandName:
      - eventhubs namespace authorization-rule keys renew
      Connection:
      - keep-alive
      Content-Length:
      - '27'
      Content-Type:
      - application/json
      ParameterSetName:
      - --resource-group --namespace-name --name --key
      User-Agent:
      - AZURECLI/2.47.0 (AAZ) azsdk-python-core/1.26.0 Python/3.10.0 (Windows-10-10.0.22621-SP0)
    method: POST
    uri: https://management.azure.com/subscriptions/00000000-0000-0000-0000-000000000000/resourceGroups/cli_test_eh_namespace000001/providers/Microsoft.EventHub/namespaces/eventhubs-nscli000002/authorizationRules/namespaceAuthRule1/regenerateKeys?api-version=2022-01-01-preview
  response:
    body:
      string: '{"primaryConnectionString":"Endpoint=sb://eventhubs-nscli000002.servicebus.windows.net/;SharedAccessKeyName=namespaceAuthRule1;SharedAccessKey=smJohLuNE7TdUmlS9/Ix4bWpgiFgdNa6z+AEhD/NE6A=","secondaryConnectionString":"Endpoint=sb://eventhubs-nscli000002.servicebus.windows.net/;SharedAccessKeyName=namespaceAuthRule1;SharedAccessKey=YURhH/59GG0NtMWCIkTkL/eBPay0tEyob+AEhPvqVeQ=","primaryKey":"smJohLuNE7TdUmlS9/Ix4bWpgiFgdNa6z+AEhD/NE6A=","secondaryKey":"YURhH/59GG0NtMWCIkTkL/eBPay0tEyob+AEhPvqVeQ=","keyName":"namespaceAuthRule1"}'
    headers:
      cache-control:
      - no-cache
      content-length:
      - '532'
      content-type:
      - application/json; charset=utf-8
      date:
      - Wed, 19 Apr 2023 06:06:39 GMT
      expires:
      - '-1'
      pragma:
      - no-cache
      server:
      - Microsoft-HTTPAPI/2.0
      strict-transport-security:
      - max-age=31536000; includeSubDomains
      transfer-encoding:
      - chunked
      vary:
      - Accept-Encoding
      x-content-type-options:
      - nosniff
      x-ms-ratelimit-remaining-subscription-writes:
      - '1199'
    status:
      code: 200
      message: OK
- request:
    body: '{"properties": {"retentionDescription": {"cleanupPolicy": "Delete"}}}'
    headers:
      Accept:
      - application/json
      Accept-Encoding:
      - gzip, deflate
      CommandName:
      - eventhubs eventhub create
      Connection:
      - keep-alive
      Content-Length:
      - '69'
      Content-Type:
      - application/json
      ParameterSetName:
      - --resource-group --namespace-name --name
      User-Agent:
      - AZURECLI/2.47.0 azsdk-python-azure-mgmt-eventhub/11.0.0b1 Python/3.10.0 (Windows-10-10.0.22621-SP0)
    method: PUT
    uri: https://management.azure.com/subscriptions/00000000-0000-0000-0000-000000000000/resourceGroups/cli_test_eh_namespace000001/providers/Microsoft.EventHub/namespaces/eventhubs-nscli000002/eventhubs/eventhubnm000003?api-version=2022-10-01-preview
  response:
    body:
      string: '{"id":"/subscriptions/00000000-0000-0000-0000-000000000000/resourceGroups/cli_test_eh_namespace000001/providers/Microsoft.EventHub/namespaces/eventhubs-nscli000002/eventhubs/eventhubnm000003","name":"eventhubnm000003","type":"Microsoft.EventHub/namespaces/eventhubs","location":"southcentralus","properties":{"retentionDescription":{"cleanupPolicy":"Delete","retentionTimeInHours":24},"messageRetentionInDays":1,"partitionCount":4,"status":"Active","createdAt":"2023-04-19T06:06:43.26Z","updatedAt":"2023-04-19T06:06:43.43Z","partitionIds":["0","1","2","3"]}}'
    headers:
      cache-control:
      - no-cache
      content-length:
      - '559'
      content-type:
      - application/json; charset=utf-8
      date:
      - Wed, 19 Apr 2023 06:06:44 GMT
      expires:
      - '-1'
      pragma:
      - no-cache
      server:
      - Microsoft-HTTPAPI/2.0
      strict-transport-security:
      - max-age=31536000; includeSubDomains
      transfer-encoding:
      - chunked
      vary:
      - Accept-Encoding
      x-content-type-options:
      - nosniff
      x-ms-ratelimit-remaining-subscription-writes:
      - '1198'
    status:
      code: 200
      message: OK
- request:
    body: '{"properties": {"rights": ["Listen", "Send", "Manage"]}}'
    headers:
      Accept:
      - application/json
      Accept-Encoding:
      - gzip, deflate
      CommandName:
      - eventhubs eventhub authorization-rule create
      Connection:
      - keep-alive
      Content-Length:
      - '56'
      Content-Type:
      - application/json
      ParameterSetName:
      - --resource-group --namespace-name --eventhub-name --name --rights
      User-Agent:
      - AZURECLI/2.47.0 (AAZ) azsdk-python-core/1.26.0 Python/3.10.0 (Windows-10-10.0.22621-SP0)
    method: PUT
    uri: https://management.azure.com/subscriptions/00000000-0000-0000-0000-000000000000/resourceGroups/cli_test_eh_namespace000001/providers/Microsoft.EventHub/namespaces/eventhubs-nscli000002/eventhubs/eventhubnm000003/authorizationRules/eventHubAuthRule1?api-version=2022-01-01-preview
  response:
    body:
      string: '{"id":"/subscriptions/00000000-0000-0000-0000-000000000000/resourceGroups/cli_test_eh_namespace000001/providers/Microsoft.EventHub/namespaces/eventhubs-nscli000002/eventhubs/eventhubnm000003/authorizationRules/eventHubAuthRule1","name":"eventHubAuthRule1","type":"Microsoft.EventHub/namespaces/eventhubs/authorizationrules","properties":{"rights":["Listen","Send","Manage"]}}'
    headers:
      cache-control:
      - no-cache
      content-length:
      - '375'
      content-type:
      - application/json; charset=utf-8
      date:
      - Wed, 19 Apr 2023 06:06:46 GMT
      expires:
      - '-1'
      pragma:
      - no-cache
      server:
      - Microsoft-HTTPAPI/2.0
      strict-transport-security:
      - max-age=31536000; includeSubDomains
      transfer-encoding:
      - chunked
      vary:
      - Accept-Encoding
      x-content-type-options:
      - nosniff
      x-ms-ratelimit-remaining-subscription-writes:
      - '1199'
    status:
      code: 200
      message: OK
- request:
    body: null
    headers:
      Accept:
      - application/json
      Accept-Encoding:
      - gzip, deflate
      CommandName:
      - eventhubs eventhub authorization-rule show
      Connection:
      - keep-alive
      ParameterSetName:
      - --resource-group --namespace-name --eventhub-name --name
      User-Agent:
      - AZURECLI/2.47.0 (AAZ) azsdk-python-core/1.26.0 Python/3.10.0 (Windows-10-10.0.22621-SP0)
    method: GET
    uri: https://management.azure.com/subscriptions/00000000-0000-0000-0000-000000000000/resourceGroups/cli_test_eh_namespace000001/providers/Microsoft.EventHub/namespaces/eventhubs-nscli000002/eventhubs/eventhubnm000003/authorizationRules/eventHubAuthRule1?api-version=2022-01-01-preview
  response:
    body:
      string: '{"id":"/subscriptions/00000000-0000-0000-0000-000000000000/resourcegroups/cli_test_eh_namespace000001/providers/Microsoft.EventHub/namespaces/eventhubs-nscli000002/eventhubs/eventhubnm000003/authorizationrules/eventHubAuthRule1","name":"eventHubAuthRule1","type":"Microsoft.EventHub/namespaces/eventhubs/authorizationrules","location":"southcentralus","properties":{"rights":["Listen","Send","Manage"]}}'
    headers:
      cache-control:
      - no-cache
      content-length:
      - '403'
      content-type:
      - application/json; charset=utf-8
      date:
      - Wed, 19 Apr 2023 06:06:50 GMT
      expires:
      - '-1'
      pragma:
      - no-cache
      server:
      - Microsoft-HTTPAPI/2.0
      strict-transport-security:
      - max-age=31536000; includeSubDomains
      transfer-encoding:
      - chunked
      vary:
      - Accept-Encoding
      x-content-type-options:
      - nosniff
    status:
      code: 200
      message: OK
- request:
    body: null
    headers:
      Accept:
      - application/json
      Accept-Encoding:
      - gzip, deflate
      CommandName:
      - eventhubs eventhub authorization-rule keys list
      Connection:
      - keep-alive
      Content-Length:
      - '0'
      ParameterSetName:
      - --resource-group --namespace-name --eventhub-name --name
      User-Agent:
      - AZURECLI/2.47.0 (AAZ) azsdk-python-core/1.26.0 Python/3.10.0 (Windows-10-10.0.22621-SP0)
    method: POST
    uri: https://management.azure.com/subscriptions/00000000-0000-0000-0000-000000000000/resourceGroups/cli_test_eh_namespace000001/providers/Microsoft.EventHub/namespaces/eventhubs-nscli000002/eventhubs/eventhubnm000003/authorizationRules/eventHubAuthRule1/listKeys?api-version=2022-01-01-preview
  response:
    body:
      string: '{"primaryConnectionString":"Endpoint=sb://eventhubs-nscli000002.servicebus.windows.net/;SharedAccessKeyName=eventHubAuthRule1;SharedAccessKey=asXMjjGMHXi0q/VtJqLG8RV5KxHJoyMul+AEhAT8VgA=;EntityPath=eventhubnm000003","secondaryConnectionString":"Endpoint=sb://eventhubs-nscli000002.servicebus.windows.net/;SharedAccessKeyName=eventHubAuthRule1;SharedAccessKey=FkY7KaSFmysf+ZsOKvKPFkP14ed3+xQPv+AEhHSnTnw=;EntityPath=eventhubnm000003","primaryKey":"asXMjjGMHXi0q/VtJqLG8RV5KxHJoyMul+AEhAT8VgA=","secondaryKey":"FkY7KaSFmysf+ZsOKvKPFkP14ed3+xQPv+AEhHSnTnw=","keyName":"eventHubAuthRule1"}'
    headers:
      cache-control:
      - no-cache
      content-length:
      - '585'
      content-type:
      - application/json; charset=utf-8
      date:
      - Wed, 19 Apr 2023 06:06:53 GMT
      expires:
      - '-1'
      pragma:
      - no-cache
      server:
      - Microsoft-HTTPAPI/2.0
      strict-transport-security:
      - max-age=31536000; includeSubDomains
      transfer-encoding:
      - chunked
      vary:
      - Accept-Encoding
      x-content-type-options:
      - nosniff
      x-ms-ratelimit-remaining-subscription-writes:
      - '1199'
    status:
      code: 200
      message: OK
- request:
    body: '{"keyType": "PrimaryKey"}'
    headers:
      Accept:
      - application/json
      Accept-Encoding:
      - gzip, deflate
      CommandName:
      - eventhubs eventhub authorization-rule keys renew
      Connection:
      - keep-alive
      Content-Length:
      - '25'
      Content-Type:
      - application/json
      ParameterSetName:
      - --resource-group --namespace-name --eventhub-name --name --key
      User-Agent:
      - AZURECLI/2.47.0 (AAZ) azsdk-python-core/1.26.0 Python/3.10.0 (Windows-10-10.0.22621-SP0)
    method: POST
    uri: https://management.azure.com/subscriptions/00000000-0000-0000-0000-000000000000/resourceGroups/cli_test_eh_namespace000001/providers/Microsoft.EventHub/namespaces/eventhubs-nscli000002/eventhubs/eventhubnm000003/authorizationRules/eventHubAuthRule1/regenerateKeys?api-version=2022-01-01-preview
  response:
    body:
      string: '{"primaryConnectionString":"Endpoint=sb://eventhubs-nscli000002.servicebus.windows.net/;SharedAccessKeyName=eventHubAuthRule1;SharedAccessKey=+IdhR04SOocj1e8qqRrg8pnI7lSr2ZmLN+AEhND+IVg=;EntityPath=eventhubnm000003","secondaryConnectionString":"Endpoint=sb://eventhubs-nscli000002.servicebus.windows.net/;SharedAccessKeyName=eventHubAuthRule1;SharedAccessKey=FkY7KaSFmysf+ZsOKvKPFkP14ed3+xQPv+AEhHSnTnw=;EntityPath=eventhubnm000003","primaryKey":"+IdhR04SOocj1e8qqRrg8pnI7lSr2ZmLN+AEhND+IVg=","secondaryKey":"FkY7KaSFmysf+ZsOKvKPFkP14ed3+xQPv+AEhHSnTnw=","keyName":"eventHubAuthRule1"}'
    headers:
      cache-control:
      - no-cache
      content-length:
      - '585'
      content-type:
      - application/json; charset=utf-8
      date:
      - Wed, 19 Apr 2023 06:06:56 GMT
      expires:
      - '-1'
      pragma:
      - no-cache
      server:
      - Microsoft-HTTPAPI/2.0
      strict-transport-security:
      - max-age=31536000; includeSubDomains
      transfer-encoding:
      - chunked
      vary:
      - Accept-Encoding
      x-content-type-options:
      - nosniff
      x-ms-ratelimit-remaining-subscription-writes:
      - '1199'
    status:
      code: 200
      message: OK
- request:
    body: '{"keyType": "SecondaryKey"}'
    headers:
      Accept:
      - application/json
      Accept-Encoding:
      - gzip, deflate
      CommandName:
      - eventhubs eventhub authorization-rule keys renew
      Connection:
      - keep-alive
      Content-Length:
      - '27'
      Content-Type:
      - application/json
      ParameterSetName:
      - --resource-group --namespace-name --eventhub-name --name --key
      User-Agent:
      - AZURECLI/2.47.0 (AAZ) azsdk-python-core/1.26.0 Python/3.10.0 (Windows-10-10.0.22621-SP0)
    method: POST
    uri: https://management.azure.com/subscriptions/00000000-0000-0000-0000-000000000000/resourceGroups/cli_test_eh_namespace000001/providers/Microsoft.EventHub/namespaces/eventhubs-nscli000002/eventhubs/eventhubnm000003/authorizationRules/eventHubAuthRule1/regenerateKeys?api-version=2022-01-01-preview
  response:
    body:
      string: '{"primaryConnectionString":"Endpoint=sb://eventhubs-nscli000002.servicebus.windows.net/;SharedAccessKeyName=eventHubAuthRule1;SharedAccessKey=+IdhR04SOocj1e8qqRrg8pnI7lSr2ZmLN+AEhND+IVg=;EntityPath=eventhubnm000003","secondaryConnectionString":"Endpoint=sb://eventhubs-nscli000002.servicebus.windows.net/;SharedAccessKeyName=eventHubAuthRule1;SharedAccessKey=zSGaMlaMMuDtWRJqbfqC5bt81R4UbCMpo+AEhKKpeO0=;EntityPath=eventhubnm000003","primaryKey":"+IdhR04SOocj1e8qqRrg8pnI7lSr2ZmLN+AEhND+IVg=","secondaryKey":"zSGaMlaMMuDtWRJqbfqC5bt81R4UbCMpo+AEhKKpeO0=","keyName":"eventHubAuthRule1"}'
    headers:
      cache-control:
      - no-cache
      content-length:
      - '585'
      content-type:
      - application/json; charset=utf-8
      date:
      - Wed, 19 Apr 2023 06:06:58 GMT
      expires:
      - '-1'
      pragma:
      - no-cache
      server:
      - Microsoft-HTTPAPI/2.0
      strict-transport-security:
      - max-age=31536000; includeSubDomains
      transfer-encoding:
      - chunked
      vary:
      - Accept-Encoding
      x-content-type-options:
      - nosniff
      x-ms-ratelimit-remaining-subscription-writes:
      - '1199'
    status:
      code: 200
      message: OK
- request:
    body: null
    headers:
      Accept:
      - '*/*'
      Accept-Encoding:
      - gzip, deflate
      CommandName:
      - eventhubs namespace delete
      Connection:
      - keep-alive
      Content-Length:
      - '0'
      ParameterSetName:
      - --resource-group --name
      User-Agent:
      - AZURECLI/2.47.0 (AAZ) azsdk-python-core/1.26.0 Python/3.10.0 (Windows-10-10.0.22621-SP0)
    method: DELETE
    uri: https://management.azure.com/subscriptions/00000000-0000-0000-0000-000000000000/resourceGroups/cli_test_eh_namespace000001/providers/Microsoft.EventHub/namespaces/eventhubs-nscli000002?api-version=2022-01-01-preview
  response:
    body:
      string: ''
    headers:
      cache-control:
      - no-cache
      content-length:
      - '0'
      date:
      - Wed, 19 Apr 2023 06:07:04 GMT
      expires:
      - '-1'
      location:
      - https://management.azure.com/subscriptions/00000000-0000-0000-0000-000000000000/resourcegroups/cli_test_eh_namespace000001/providers/Microsoft.EventHub/locations/southcentralus/operationStatus/eventhubs-nscli000002?api-version=2022-01-01-preview&resourceType=Namespace
      pragma:
      - no-cache
      server:
      - Service-Bus-Resource-Provider/SN1
      - Microsoft-HTTPAPI/2.0
      server-sb:
      - Service-Bus-Resource-Provider/SN1
      strict-transport-security:
      - max-age=31536000; includeSubDomains
      x-content-type-options:
      - nosniff
      x-ms-ratelimit-remaining-subscription-deletes:
      - '14999'
    status:
      code: 202
      message: Accepted
- request:
    body: null
    headers:
      Accept:
      - '*/*'
      Accept-Encoding:
      - gzip, deflate
      CommandName:
      - eventhubs namespace delete
      Connection:
      - keep-alive
      ParameterSetName:
      - --resource-group --name
      User-Agent:
      - AZURECLI/2.47.0 (AAZ) azsdk-python-core/1.26.0 Python/3.10.0 (Windows-10-10.0.22621-SP0)
    method: GET
    uri: https://management.azure.com/subscriptions/00000000-0000-0000-0000-000000000000/resourcegroups/cli_test_eh_namespace000001/providers/Microsoft.EventHub/locations/southcentralus/operationStatus/eventhubs-nscli000002?api-version=2022-01-01-preview&resourceType=Namespace
  response:
    body:
      string: ''
    headers:
      cache-control:
      - no-cache
      content-length:
      - '0'
      date:
      - Wed, 19 Apr 2023 06:07:04 GMT
      expires:
      - '-1'
      location:
      - https://management.azure.com/subscriptions/00000000-0000-0000-0000-000000000000/resourcegroups/cli_test_eh_namespace000001/providers/Microsoft.EventHub/locations/southcentralus/operationStatus/eventhubs-nscli000002?api-version=2022-01-01-preview&resourceType=Namespace
      pragma:
      - no-cache
      server:
      - Service-Bus-Resource-Provider/SN1
      - Microsoft-HTTPAPI/2.0
      server-sb:
      - Service-Bus-Resource-Provider/SN1
      strict-transport-security:
      - max-age=31536000; includeSubDomains
      x-content-type-options:
      - nosniff
    status:
      code: 202
      message: Accepted
- request:
    body: null
    headers:
      Accept:
      - '*/*'
      Accept-Encoding:
      - gzip, deflate
      CommandName:
      - eventhubs namespace delete
      Connection:
      - keep-alive
      ParameterSetName:
      - --resource-group --name
      User-Agent:
      - AZURECLI/2.47.0 (AAZ) azsdk-python-core/1.26.0 Python/3.10.0 (Windows-10-10.0.22621-SP0)
    method: GET
    uri: https://management.azure.com/subscriptions/00000000-0000-0000-0000-000000000000/resourcegroups/cli_test_eh_namespace000001/providers/Microsoft.EventHub/locations/southcentralus/operationStatus/eventhubs-nscli000002?api-version=2022-01-01-preview&resourceType=Namespace
  response:
    body:
      string: ''
    headers:
      cache-control:
      - no-cache
      date:
      - Wed, 19 Apr 2023 06:07:35 GMT
      expires:
      - '-1'
      pragma:
      - no-cache
      server:
      - Service-Bus-Resource-Provider/SN1
      - Microsoft-HTTPAPI/2.0
      server-sb:
      - Service-Bus-Resource-Provider/SN1
      strict-transport-security:
      - max-age=31536000; includeSubDomains
      x-content-type-options:
      - nosniff
    status:
      code: 204
      message: No Content
version: 1
