interactions:
- request:
    body: null
    headers:
      Accept:
      - application/json
      Accept-Encoding:
      - gzip, deflate
      CommandName:
      - network vnet create
      Connection:
      - keep-alive
      ParameterSetName:
      - --resource-group --name
      User-Agent:
      - AZURECLI/2.45.0 azsdk-python-azure-mgmt-resource/21.1.0b1 Python/3.8.0 (Windows-10-10.0.19041-SP0)
    method: GET
    uri: https://management.azure.com/subscriptions/00000000-0000-0000-0000-000000000000/resourcegroups/cli_test_eh_network000001?api-version=2021-04-01
  response:
    body:
      string: '{"id":"/subscriptions/00000000-0000-0000-0000-000000000000/resourceGroups/cli_test_eh_network000001","name":"cli_test_eh_network000001","type":"Microsoft.Resources/resourceGroups","location":"westus","tags":{"product":"azurecli","cause":"automation","date":"2023-02-08T11:17:33Z"},"properties":{"provisioningState":"Succeeded"}}'
    headers:
      cache-control:
      - no-cache
      content-length:
      - '328'
      content-type:
      - application/json; charset=utf-8
      date:
      - Wed, 08 Feb 2023 11:17:46 GMT
      expires:
      - '-1'
      pragma:
      - no-cache
      strict-transport-security:
      - max-age=31536000; includeSubDomains
      vary:
      - Accept-Encoding
      x-content-type-options:
      - nosniff
    status:
      code: 200
      message: OK
- request:
    body: '{"location": "westus", "properties": {"addressSpace": {"addressPrefixes":
      ["10.0.0.0/16"]}, "enableDdosProtection": false, "enableVmProtection": false}}'
    headers:
      Accept:
      - application/json
      Accept-Encoding:
      - gzip, deflate
      CommandName:
      - network vnet create
      Connection:
      - keep-alive
      Content-Length:
      - '152'
      Content-Type:
      - application/json
      ParameterSetName:
      - --resource-group --name
      User-Agent:
      - AZURECLI/2.45.0 (AAZ) azsdk-python-core/1.24.0 Python/3.8.0 (Windows-10-10.0.19041-SP0)
    method: PUT
    uri: https://management.azure.com/subscriptions/00000000-0000-0000-0000-000000000000/resourceGroups/cli_test_eh_network000001/providers/Microsoft.Network/virtualNetworks/sbehvnettest1?api-version=2022-01-01
  response:
    body:
      string: "{\r\n  \"name\": \"sbehvnettest1\",\r\n  \"id\": \"/subscriptions/00000000-0000-0000-0000-000000000000/resourceGroups/cli_test_eh_network000001/providers/Microsoft.Network/virtualNetworks/sbehvnettest1\",\r\n
        \ \"etag\": \"W/\\\"0fa372da-9b50-41cb-80ec-cfe31d6e30d0\\\"\",\r\n  \"type\":
        \"Microsoft.Network/virtualNetworks\",\r\n  \"location\": \"westus\",\r\n
        \ \"properties\": {\r\n    \"provisioningState\": \"Updating\",\r\n    \"resourceGuid\":
        \"bd506566-7d14-474a-b356-6680459d88b1\",\r\n    \"addressSpace\": {\r\n      \"addressPrefixes\":
        [\r\n        \"10.0.0.0/16\"\r\n      ]\r\n    },\r\n    \"subnets\": [],\r\n
        \   \"virtualNetworkPeerings\": [],\r\n    \"enableDdosProtection\": false\r\n
        \ }\r\n}"
    headers:
      azure-asyncnotification:
      - Enabled
      azure-asyncoperation:
      - https://management.azure.com/subscriptions/00000000-0000-0000-0000-000000000000/providers/Microsoft.Network/locations/westus/operations/e21e7f8a-f019-4463-8926-440c12380d31?api-version=2022-01-01
      cache-control:
      - no-cache
      content-length:
      - '629'
      content-type:
      - application/json; charset=utf-8
      date:
      - Wed, 08 Feb 2023 11:17:48 GMT
      expires:
      - '-1'
      pragma:
      - no-cache
      server:
      - Microsoft-HTTPAPI/2.0
      - Microsoft-HTTPAPI/2.0
      strict-transport-security:
      - max-age=31536000; includeSubDomains
      x-content-type-options:
      - nosniff
      x-ms-arm-service-request-id:
      - 810b6ead-30b0-433c-aa70-3122a2085284
      x-ms-ratelimit-remaining-subscription-writes:
      - '1199'
    status:
      code: 201
      message: Created
- request:
    body: null
    headers:
      Accept:
      - '*/*'
      Accept-Encoding:
      - gzip, deflate
      CommandName:
      - network vnet create
      Connection:
      - keep-alive
      ParameterSetName:
      - --resource-group --name
      User-Agent:
      - AZURECLI/2.45.0 (AAZ) azsdk-python-core/1.24.0 Python/3.8.0 (Windows-10-10.0.19041-SP0)
    method: GET
    uri: https://management.azure.com/subscriptions/00000000-0000-0000-0000-000000000000/providers/Microsoft.Network/locations/westus/operations/e21e7f8a-f019-4463-8926-440c12380d31?api-version=2022-01-01
  response:
    body:
      string: "{\r\n  \"status\": \"Succeeded\"\r\n}"
    headers:
      cache-control:
      - no-cache
      content-length:
      - '29'
      content-type:
      - application/json; charset=utf-8
      date:
      - Wed, 08 Feb 2023 11:17:51 GMT
      expires:
      - '-1'
      pragma:
      - no-cache
      server:
      - Microsoft-HTTPAPI/2.0
      - Microsoft-HTTPAPI/2.0
      strict-transport-security:
      - max-age=31536000; includeSubDomains
      transfer-encoding:
      - chunked
      vary:
      - Accept-Encoding
      x-content-type-options:
      - nosniff
      x-ms-arm-service-request-id:
      - 5da4fa2c-8762-4e9e-aa88-f6913a42b266
    status:
      code: 200
      message: OK
- request:
    body: null
    headers:
      Accept:
      - '*/*'
      Accept-Encoding:
      - gzip, deflate
      CommandName:
      - network vnet create
      Connection:
      - keep-alive
      ParameterSetName:
      - --resource-group --name
      User-Agent:
      - AZURECLI/2.45.0 (AAZ) azsdk-python-core/1.24.0 Python/3.8.0 (Windows-10-10.0.19041-SP0)
    method: GET
    uri: https://management.azure.com/subscriptions/00000000-0000-0000-0000-000000000000/resourceGroups/cli_test_eh_network000001/providers/Microsoft.Network/virtualNetworks/sbehvnettest1?api-version=2022-01-01
  response:
    body:
      string: "{\r\n  \"name\": \"sbehvnettest1\",\r\n  \"id\": \"/subscriptions/00000000-0000-0000-0000-000000000000/resourceGroups/cli_test_eh_network000001/providers/Microsoft.Network/virtualNetworks/sbehvnettest1\",\r\n
        \ \"etag\": \"W/\\\"3ded680b-afd7-49b9-a26b-cceaa1287712\\\"\",\r\n  \"type\":
        \"Microsoft.Network/virtualNetworks\",\r\n  \"location\": \"westus\",\r\n
        \ \"properties\": {\r\n    \"provisioningState\": \"Succeeded\",\r\n    \"resourceGuid\":
        \"bd506566-7d14-474a-b356-6680459d88b1\",\r\n    \"addressSpace\": {\r\n      \"addressPrefixes\":
        [\r\n        \"10.0.0.0/16\"\r\n      ]\r\n    },\r\n    \"subnets\": [],\r\n
        \   \"virtualNetworkPeerings\": [],\r\n    \"enableDdosProtection\": false\r\n
        \ }\r\n}"
    headers:
      cache-control:
      - no-cache
      content-length:
      - '630'
      content-type:
      - application/json; charset=utf-8
      date:
      - Wed, 08 Feb 2023 11:17:51 GMT
      etag:
      - W/"3ded680b-afd7-49b9-a26b-cceaa1287712"
      expires:
      - '-1'
      pragma:
      - no-cache
      server:
      - Microsoft-HTTPAPI/2.0
      - Microsoft-HTTPAPI/2.0
      strict-transport-security:
      - max-age=31536000; includeSubDomains
      transfer-encoding:
      - chunked
      vary:
      - Accept-Encoding
      x-content-type-options:
      - nosniff
      x-ms-arm-service-request-id:
      - 11d78bc4-ff40-4ea7-ae3d-c760e54808a0
    status:
      code: 200
      message: OK
- request:
    body: null
    headers:
      Accept:
      - application/json
      Accept-Encoding:
      - gzip, deflate
      CommandName:
      - network vnet create
      Connection:
      - keep-alive
      ParameterSetName:
      - --resource-group --name
      User-Agent:
      - AZURECLI/2.45.0 azsdk-python-azure-mgmt-resource/21.1.0b1 Python/3.8.0 (Windows-10-10.0.19041-SP0)
    method: GET
    uri: https://management.azure.com/subscriptions/00000000-0000-0000-0000-000000000000/resourcegroups/cli_test_eh_network000001?api-version=2021-04-01
  response:
    body:
      string: '{"id":"/subscriptions/00000000-0000-0000-0000-000000000000/resourceGroups/cli_test_eh_network000001","name":"cli_test_eh_network000001","type":"Microsoft.Resources/resourceGroups","location":"westus","tags":{"product":"azurecli","cause":"automation","date":"2023-02-08T11:17:33Z"},"properties":{"provisioningState":"Succeeded"}}'
    headers:
      cache-control:
      - no-cache
      content-length:
      - '328'
      content-type:
      - application/json; charset=utf-8
      date:
      - Wed, 08 Feb 2023 11:17:52 GMT
      expires:
      - '-1'
      pragma:
      - no-cache
      strict-transport-security:
      - max-age=31536000; includeSubDomains
      vary:
      - Accept-Encoding
      x-content-type-options:
      - nosniff
    status:
      code: 200
      message: OK
- request:
    body: '{"location": "westus", "properties": {"addressSpace": {"addressPrefixes":
      ["10.0.0.0/16"]}, "enableDdosProtection": false, "enableVmProtection": false}}'
    headers:
      Accept:
      - application/json
      Accept-Encoding:
      - gzip, deflate
      CommandName:
      - network vnet create
      Connection:
      - keep-alive
      Content-Length:
      - '152'
      Content-Type:
      - application/json
      ParameterSetName:
      - --resource-group --name
      User-Agent:
      - AZURECLI/2.45.0 (AAZ) azsdk-python-core/1.24.0 Python/3.8.0 (Windows-10-10.0.19041-SP0)
    method: PUT
    uri: https://management.azure.com/subscriptions/00000000-0000-0000-0000-000000000000/resourceGroups/cli_test_eh_network000001/providers/Microsoft.Network/virtualNetworks/sbehvnettest2?api-version=2022-01-01
  response:
    body:
      string: "{\r\n  \"name\": \"sbehvnettest2\",\r\n  \"id\": \"/subscriptions/00000000-0000-0000-0000-000000000000/resourceGroups/cli_test_eh_network000001/providers/Microsoft.Network/virtualNetworks/sbehvnettest2\",\r\n
        \ \"etag\": \"W/\\\"44cd9426-779f-41ed-a1ef-92d446734231\\\"\",\r\n  \"type\":
        \"Microsoft.Network/virtualNetworks\",\r\n  \"location\": \"westus\",\r\n
        \ \"properties\": {\r\n    \"provisioningState\": \"Updating\",\r\n    \"resourceGuid\":
        \"b97d8912-d4ab-4517-a0d4-01ba3edbe0cc\",\r\n    \"addressSpace\": {\r\n      \"addressPrefixes\":
        [\r\n        \"10.0.0.0/16\"\r\n      ]\r\n    },\r\n    \"subnets\": [],\r\n
        \   \"virtualNetworkPeerings\": [],\r\n    \"enableDdosProtection\": false\r\n
        \ }\r\n}"
    headers:
      azure-asyncnotification:
      - Enabled
      azure-asyncoperation:
      - https://management.azure.com/subscriptions/00000000-0000-0000-0000-000000000000/providers/Microsoft.Network/locations/westus/operations/9d372b29-27f8-4186-b02a-b86ba9fafd6f?api-version=2022-01-01
      cache-control:
      - no-cache
      content-length:
      - '629'
      content-type:
      - application/json; charset=utf-8
      date:
      - Wed, 08 Feb 2023 11:17:54 GMT
      expires:
      - '-1'
      pragma:
      - no-cache
      server:
      - Microsoft-HTTPAPI/2.0
      - Microsoft-HTTPAPI/2.0
      strict-transport-security:
      - max-age=31536000; includeSubDomains
      x-content-type-options:
      - nosniff
      x-ms-arm-service-request-id:
      - 0d9f7dac-9387-4a20-9f1d-7cea67b97634
      x-ms-ratelimit-remaining-subscription-writes:
      - '1199'
    status:
      code: 201
      message: Created
- request:
    body: null
    headers:
      Accept:
      - '*/*'
      Accept-Encoding:
      - gzip, deflate
      CommandName:
      - network vnet create
      Connection:
      - keep-alive
      ParameterSetName:
      - --resource-group --name
      User-Agent:
      - AZURECLI/2.45.0 (AAZ) azsdk-python-core/1.24.0 Python/3.8.0 (Windows-10-10.0.19041-SP0)
    method: GET
    uri: https://management.azure.com/subscriptions/00000000-0000-0000-0000-000000000000/providers/Microsoft.Network/locations/westus/operations/9d372b29-27f8-4186-b02a-b86ba9fafd6f?api-version=2022-01-01
  response:
    body:
      string: "{\r\n  \"status\": \"Succeeded\"\r\n}"
    headers:
      cache-control:
      - no-cache
      content-length:
      - '29'
      content-type:
      - application/json; charset=utf-8
      date:
      - Wed, 08 Feb 2023 11:17:57 GMT
      expires:
      - '-1'
      pragma:
      - no-cache
      server:
      - Microsoft-HTTPAPI/2.0
      - Microsoft-HTTPAPI/2.0
      strict-transport-security:
      - max-age=31536000; includeSubDomains
      transfer-encoding:
      - chunked
      vary:
      - Accept-Encoding
      x-content-type-options:
      - nosniff
      x-ms-arm-service-request-id:
      - 7d8f9810-4bb0-4dc8-b7c9-8feb130417ce
    status:
      code: 200
      message: OK
- request:
    body: null
    headers:
      Accept:
      - '*/*'
      Accept-Encoding:
      - gzip, deflate
      CommandName:
      - network vnet create
      Connection:
      - keep-alive
      ParameterSetName:
      - --resource-group --name
      User-Agent:
      - AZURECLI/2.45.0 (AAZ) azsdk-python-core/1.24.0 Python/3.8.0 (Windows-10-10.0.19041-SP0)
    method: GET
    uri: https://management.azure.com/subscriptions/00000000-0000-0000-0000-000000000000/resourceGroups/cli_test_eh_network000001/providers/Microsoft.Network/virtualNetworks/sbehvnettest2?api-version=2022-01-01
  response:
    body:
      string: "{\r\n  \"name\": \"sbehvnettest2\",\r\n  \"id\": \"/subscriptions/00000000-0000-0000-0000-000000000000/resourceGroups/cli_test_eh_network000001/providers/Microsoft.Network/virtualNetworks/sbehvnettest2\",\r\n
        \ \"etag\": \"W/\\\"51936baf-16f8-4076-8f5e-62279d9bb899\\\"\",\r\n  \"type\":
        \"Microsoft.Network/virtualNetworks\",\r\n  \"location\": \"westus\",\r\n
        \ \"properties\": {\r\n    \"provisioningState\": \"Succeeded\",\r\n    \"resourceGuid\":
        \"b97d8912-d4ab-4517-a0d4-01ba3edbe0cc\",\r\n    \"addressSpace\": {\r\n      \"addressPrefixes\":
        [\r\n        \"10.0.0.0/16\"\r\n      ]\r\n    },\r\n    \"subnets\": [],\r\n
        \   \"virtualNetworkPeerings\": [],\r\n    \"enableDdosProtection\": false\r\n
        \ }\r\n}"
    headers:
      cache-control:
      - no-cache
      content-length:
      - '630'
      content-type:
      - application/json; charset=utf-8
      date:
      - Wed, 08 Feb 2023 11:17:58 GMT
      etag:
      - W/"51936baf-16f8-4076-8f5e-62279d9bb899"
      expires:
      - '-1'
      pragma:
      - no-cache
      server:
      - Microsoft-HTTPAPI/2.0
      - Microsoft-HTTPAPI/2.0
      strict-transport-security:
      - max-age=31536000; includeSubDomains
      transfer-encoding:
      - chunked
      vary:
      - Accept-Encoding
      x-content-type-options:
      - nosniff
      x-ms-arm-service-request-id:
      - 38f72475-563a-44af-af8d-6c410ad0b358
    status:
      code: 200
      message: OK
- request:
    body: '{"name": "default", "properties": {"addressPrefix": "10.0.0.0/24"}}'
    headers:
      Accept:
      - application/json
      Accept-Encoding:
      - gzip, deflate
      CommandName:
      - network vnet subnet create
      Connection:
      - keep-alive
      Content-Length:
      - '67'
      Content-Type:
      - application/json
      ParameterSetName:
      - --resource-group --name --vnet-name --address-prefixes
      User-Agent:
      - AZURECLI/2.45.0 (AAZ) azsdk-python-core/1.24.0 Python/3.8.0 (Windows-10-10.0.19041-SP0)
    method: PUT
    uri: https://management.azure.com/subscriptions/00000000-0000-0000-0000-000000000000/resourceGroups/cli_test_eh_network000001/providers/Microsoft.Network/virtualNetworks/sbehvnettest1/subnets/default?api-version=2022-01-01
  response:
    body:
      string: "{\r\n  \"name\": \"default\",\r\n  \"id\": \"/subscriptions/00000000-0000-0000-0000-000000000000/resourceGroups/cli_test_eh_network000001/providers/Microsoft.Network/virtualNetworks/sbehvnettest1/subnets/default\",\r\n
        \ \"etag\": \"W/\\\"f039520c-7fac-4ab5-8685-60a425fe4347\\\"\",\r\n  \"properties\":
        {\r\n    \"provisioningState\": \"Updating\",\r\n    \"addressPrefix\": \"10.0.0.0/24\",\r\n
        \   \"delegations\": [],\r\n    \"privateEndpointNetworkPolicies\": \"Disabled\",\r\n
        \   \"privateLinkServiceNetworkPolicies\": \"Enabled\"\r\n  },\r\n  \"type\":
        \"Microsoft.Network/virtualNetworks/subnets\"\r\n}"
    headers:
      azure-asyncnotification:
      - Enabled
      azure-asyncoperation:
      - https://management.azure.com/subscriptions/00000000-0000-0000-0000-000000000000/providers/Microsoft.Network/locations/westus/operations/f19db571-c73f-461a-87ff-25955f7a279d?api-version=2022-01-01
      cache-control:
      - no-cache
      content-length:
      - '544'
      content-type:
      - application/json; charset=utf-8
      date:
      - Wed, 08 Feb 2023 11:18:00 GMT
      expires:
      - '-1'
      pragma:
      - no-cache
      server:
      - Microsoft-HTTPAPI/2.0
      - Microsoft-HTTPAPI/2.0
      strict-transport-security:
      - max-age=31536000; includeSubDomains
      x-content-type-options:
      - nosniff
      x-ms-arm-service-request-id:
      - fb641bb4-2025-44e1-b8b7-5411576f4ff5
      x-ms-ratelimit-remaining-subscription-writes:
      - '1199'
    status:
      code: 201
      message: Created
- request:
    body: null
    headers:
      Accept:
      - '*/*'
      Accept-Encoding:
      - gzip, deflate
      CommandName:
      - network vnet subnet create
      Connection:
      - keep-alive
      ParameterSetName:
      - --resource-group --name --vnet-name --address-prefixes
      User-Agent:
      - AZURECLI/2.45.0 (AAZ) azsdk-python-core/1.24.0 Python/3.8.0 (Windows-10-10.0.19041-SP0)
    method: GET
    uri: https://management.azure.com/subscriptions/00000000-0000-0000-0000-000000000000/providers/Microsoft.Network/locations/westus/operations/f19db571-c73f-461a-87ff-25955f7a279d?api-version=2022-01-01
  response:
    body:
      string: "{\r\n  \"status\": \"Succeeded\"\r\n}"
    headers:
      cache-control:
      - no-cache
      content-length:
      - '29'
      content-type:
      - application/json; charset=utf-8
      date:
      - Wed, 08 Feb 2023 11:18:04 GMT
      expires:
      - '-1'
      pragma:
      - no-cache
      server:
      - Microsoft-HTTPAPI/2.0
      - Microsoft-HTTPAPI/2.0
      strict-transport-security:
      - max-age=31536000; includeSubDomains
      transfer-encoding:
      - chunked
      vary:
      - Accept-Encoding
      x-content-type-options:
      - nosniff
      x-ms-arm-service-request-id:
      - f5cbb7ee-a832-4008-928c-22298ff7bebc
    status:
      code: 200
      message: OK
- request:
    body: null
    headers:
      Accept:
      - '*/*'
      Accept-Encoding:
      - gzip, deflate
      CommandName:
      - network vnet subnet create
      Connection:
      - keep-alive
      ParameterSetName:
      - --resource-group --name --vnet-name --address-prefixes
      User-Agent:
      - AZURECLI/2.45.0 (AAZ) azsdk-python-core/1.24.0 Python/3.8.0 (Windows-10-10.0.19041-SP0)
    method: GET
    uri: https://management.azure.com/subscriptions/00000000-0000-0000-0000-000000000000/resourceGroups/cli_test_eh_network000001/providers/Microsoft.Network/virtualNetworks/sbehvnettest1/subnets/default?api-version=2022-01-01
  response:
    body:
      string: "{\r\n  \"name\": \"default\",\r\n  \"id\": \"/subscriptions/00000000-0000-0000-0000-000000000000/resourceGroups/cli_test_eh_network000001/providers/Microsoft.Network/virtualNetworks/sbehvnettest1/subnets/default\",\r\n
        \ \"etag\": \"W/\\\"28118f53-d2fb-4032-97db-e315e080a24f\\\"\",\r\n  \"properties\":
        {\r\n    \"provisioningState\": \"Succeeded\",\r\n    \"addressPrefix\": \"10.0.0.0/24\",\r\n
        \   \"delegations\": [],\r\n    \"privateEndpointNetworkPolicies\": \"Disabled\",\r\n
        \   \"privateLinkServiceNetworkPolicies\": \"Enabled\"\r\n  },\r\n  \"type\":
        \"Microsoft.Network/virtualNetworks/subnets\"\r\n}"
    headers:
      cache-control:
      - no-cache
      content-length:
      - '545'
      content-type:
      - application/json; charset=utf-8
      date:
      - Wed, 08 Feb 2023 11:18:04 GMT
      etag:
      - W/"28118f53-d2fb-4032-97db-e315e080a24f"
      expires:
      - '-1'
      pragma:
      - no-cache
      server:
      - Microsoft-HTTPAPI/2.0
      - Microsoft-HTTPAPI/2.0
      strict-transport-security:
      - max-age=31536000; includeSubDomains
      transfer-encoding:
      - chunked
      vary:
      - Accept-Encoding
      x-content-type-options:
      - nosniff
      x-ms-arm-service-request-id:
      - 9e680951-294d-4b37-8dd0-599edc4310d2
    status:
      code: 200
      message: OK
- request:
    body: '{"name": "secondvnet", "properties": {"addressPrefix": "10.0.0.0/24"}}'
    headers:
      Accept:
      - application/json
      Accept-Encoding:
      - gzip, deflate
      CommandName:
      - network vnet subnet create
      Connection:
      - keep-alive
      Content-Length:
      - '70'
      Content-Type:
      - application/json
      ParameterSetName:
      - --resource-group --name --vnet-name --address-prefixes
      User-Agent:
      - AZURECLI/2.45.0 (AAZ) azsdk-python-core/1.24.0 Python/3.8.0 (Windows-10-10.0.19041-SP0)
    method: PUT
    uri: https://management.azure.com/subscriptions/00000000-0000-0000-0000-000000000000/resourceGroups/cli_test_eh_network000001/providers/Microsoft.Network/virtualNetworks/sbehvnettest2/subnets/secondvnet?api-version=2022-01-01
  response:
    body:
      string: "{\r\n  \"name\": \"secondvnet\",\r\n  \"id\": \"/subscriptions/00000000-0000-0000-0000-000000000000/resourceGroups/cli_test_eh_network000001/providers/Microsoft.Network/virtualNetworks/sbehvnettest2/subnets/secondvnet\",\r\n
        \ \"etag\": \"W/\\\"28e7150b-d1d3-4892-a7f8-052b82c3289a\\\"\",\r\n  \"properties\":
        {\r\n    \"provisioningState\": \"Updating\",\r\n    \"addressPrefix\": \"10.0.0.0/24\",\r\n
        \   \"delegations\": [],\r\n    \"privateEndpointNetworkPolicies\": \"Disabled\",\r\n
        \   \"privateLinkServiceNetworkPolicies\": \"Enabled\"\r\n  },\r\n  \"type\":
        \"Microsoft.Network/virtualNetworks/subnets\"\r\n}"
    headers:
      azure-asyncnotification:
      - Enabled
      azure-asyncoperation:
      - https://management.azure.com/subscriptions/00000000-0000-0000-0000-000000000000/providers/Microsoft.Network/locations/westus/operations/8206aa05-b5d9-4c84-a012-b3bd15ec2d4c?api-version=2022-01-01
      cache-control:
      - no-cache
      content-length:
      - '550'
      content-type:
      - application/json; charset=utf-8
      date:
      - Wed, 08 Feb 2023 11:18:05 GMT
      expires:
      - '-1'
      pragma:
      - no-cache
      server:
      - Microsoft-HTTPAPI/2.0
      - Microsoft-HTTPAPI/2.0
      strict-transport-security:
      - max-age=31536000; includeSubDomains
      x-content-type-options:
      - nosniff
      x-ms-arm-service-request-id:
      - 822c302b-7911-415d-9cb0-1820b73e552e
      x-ms-ratelimit-remaining-subscription-writes:
      - '1199'
    status:
      code: 201
      message: Created
- request:
    body: null
    headers:
      Accept:
      - '*/*'
      Accept-Encoding:
      - gzip, deflate
      CommandName:
      - network vnet subnet create
      Connection:
      - keep-alive
      ParameterSetName:
      - --resource-group --name --vnet-name --address-prefixes
      User-Agent:
      - AZURECLI/2.45.0 (AAZ) azsdk-python-core/1.24.0 Python/3.8.0 (Windows-10-10.0.19041-SP0)
    method: GET
    uri: https://management.azure.com/subscriptions/00000000-0000-0000-0000-000000000000/providers/Microsoft.Network/locations/westus/operations/8206aa05-b5d9-4c84-a012-b3bd15ec2d4c?api-version=2022-01-01
  response:
    body:
      string: "{\r\n  \"status\": \"Succeeded\"\r\n}"
    headers:
      cache-control:
      - no-cache
      content-length:
      - '29'
      content-type:
      - application/json; charset=utf-8
      date:
      - Wed, 08 Feb 2023 11:18:09 GMT
      expires:
      - '-1'
      pragma:
      - no-cache
      server:
      - Microsoft-HTTPAPI/2.0
      - Microsoft-HTTPAPI/2.0
      strict-transport-security:
      - max-age=31536000; includeSubDomains
      x-content-type-options:
      - nosniff
      x-ms-arm-service-request-id:
      - 240dfc4c-fa18-459f-a332-8d8ddbb6db8c
    status:
      code: 200
      message: OK
- request:
    body: null
    headers:
      Accept:
      - '*/*'
      Accept-Encoding:
      - gzip, deflate
      CommandName:
      - network vnet subnet create
      Connection:
      - keep-alive
      ParameterSetName:
      - --resource-group --name --vnet-name --address-prefixes
      User-Agent:
      - AZURECLI/2.45.0 (AAZ) azsdk-python-core/1.24.0 Python/3.8.0 (Windows-10-10.0.19041-SP0)
    method: GET
    uri: https://management.azure.com/subscriptions/00000000-0000-0000-0000-000000000000/resourceGroups/cli_test_eh_network000001/providers/Microsoft.Network/virtualNetworks/sbehvnettest2/subnets/secondvnet?api-version=2022-01-01
  response:
    body:
      string: "{\r\n  \"name\": \"secondvnet\",\r\n  \"id\": \"/subscriptions/00000000-0000-0000-0000-000000000000/resourceGroups/cli_test_eh_network000001/providers/Microsoft.Network/virtualNetworks/sbehvnettest2/subnets/secondvnet\",\r\n
        \ \"etag\": \"W/\\\"7e912df8-7a3b-4f1a-8c12-14d6639a634b\\\"\",\r\n  \"properties\":
        {\r\n    \"provisioningState\": \"Succeeded\",\r\n    \"addressPrefix\": \"10.0.0.0/24\",\r\n
        \   \"delegations\": [],\r\n    \"privateEndpointNetworkPolicies\": \"Disabled\",\r\n
        \   \"privateLinkServiceNetworkPolicies\": \"Enabled\"\r\n  },\r\n  \"type\":
        \"Microsoft.Network/virtualNetworks/subnets\"\r\n}"
    headers:
      cache-control:
      - no-cache
      content-length:
      - '551'
      content-type:
      - application/json; charset=utf-8
      date:
      - Wed, 08 Feb 2023 11:18:09 GMT
      etag:
      - W/"7e912df8-7a3b-4f1a-8c12-14d6639a634b"
      expires:
      - '-1'
      pragma:
      - no-cache
      server:
      - Microsoft-HTTPAPI/2.0
      - Microsoft-HTTPAPI/2.0
      strict-transport-security:
      - max-age=31536000; includeSubDomains
      x-content-type-options:
      - nosniff
      x-ms-arm-service-request-id:
      - 04bea853-e277-44ef-9c54-a713f14dcff9
    status:
      code: 200
      message: OK
- request:
    body: '{"name": "eventhubs-cli000002"}'
    headers:
      Accept:
      - application/json
      Accept-Encoding:
      - gzip, deflate
      CommandName:
      - eventhubs namespace exists
      Connection:
      - keep-alive
      Content-Length:
      - '31'
      Content-Type:
      - application/json
      ParameterSetName:
      - --name
      User-Agent:
      - AZURECLI/2.45.0 azsdk-python-azure-mgmt-eventhub/10.1.0 Python/3.8.0 (Windows-10-10.0.19041-SP0)
    method: POST
    uri: https://management.azure.com/subscriptions/00000000-0000-0000-0000-000000000000/providers/Microsoft.EventHub/checkNameAvailability?api-version=2022-01-01-preview
  response:
    body:
      string: '{"nameAvailable":true,"reason":"None","message":null}'
    headers:
      cache-control:
      - no-cache
      content-length:
      - '53'
      content-type:
      - application/json; charset=utf-8
      date:
      - Wed, 08 Feb 2023 11:18:10 GMT
      expires:
      - '-1'
      pragma:
      - no-cache
      server:
      - Service-Bus-Resource-Provider/SN1
      - Microsoft-HTTPAPI/2.0
      server-sb:
      - Service-Bus-Resource-Provider/SN1
      strict-transport-security:
      - max-age=31536000; includeSubDomains
      transfer-encoding:
      - chunked
      vary:
      - Accept-Encoding
      x-content-type-options:
      - nosniff
      x-ms-ratelimit-remaining-subscription-writes:
      - '1199'
    status:
      code: 200
      message: OK
- request:
    body: null
    headers:
      Accept:
      - application/json
      Accept-Encoding:
      - gzip, deflate
      CommandName:
      - eventhubs namespace create
      Connection:
      - keep-alive
      ParameterSetName:
      - --resource-group --name --tags --sku
      User-Agent:
      - AZURECLI/2.45.0 azsdk-python-azure-mgmt-resource/21.1.0b1 Python/3.8.0 (Windows-10-10.0.19041-SP0)
    method: GET
    uri: https://management.azure.com/subscriptions/00000000-0000-0000-0000-000000000000/resourcegroups/cli_test_eh_network000001?api-version=2021-04-01
  response:
    body:
      string: '{"id":"/subscriptions/00000000-0000-0000-0000-000000000000/resourceGroups/cli_test_eh_network000001","name":"cli_test_eh_network000001","type":"Microsoft.Resources/resourceGroups","location":"westus","tags":{"product":"azurecli","cause":"automation","date":"2023-02-08T11:17:33Z"},"properties":{"provisioningState":"Succeeded"}}'
    headers:
      cache-control:
      - no-cache
      content-length:
      - '328'
      content-type:
      - application/json; charset=utf-8
      date:
      - Wed, 08 Feb 2023 11:18:11 GMT
      expires:
      - '-1'
      pragma:
      - no-cache
      strict-transport-security:
      - max-age=31536000; includeSubDomains
      vary:
      - Accept-Encoding
      x-content-type-options:
      - nosniff
    status:
      code: 200
      message: OK
- request:
    body: '{"location": "westus", "tags": {"{tag1": "value1}"}, "sku": {"name": "Standard",
      "tier": "Standard"}, "properties": {"publicNetworkAccess": "Enabled"}}'
    headers:
      Accept:
      - application/json
      Accept-Encoding:
      - gzip, deflate
      CommandName:
      - eventhubs namespace create
      Connection:
      - keep-alive
      Content-Length:
      - '151'
      Content-Type:
      - application/json
      ParameterSetName:
      - --resource-group --name --tags --sku
      User-Agent:
      - AZURECLI/2.45.0 azsdk-python-azure-mgmt-eventhub/10.1.0 Python/3.8.0 (Windows-10-10.0.19041-SP0)
    method: PUT
    uri: https://management.azure.com/subscriptions/00000000-0000-0000-0000-000000000000/resourceGroups/cli_test_eh_network000001/providers/Microsoft.EventHub/namespaces/eventhubs-cli000002?api-version=2022-01-01-preview
  response:
    body:
      string: '{"sku":{"name":"Standard","tier":"Standard","capacity":1},"id":"/subscriptions/00000000-0000-0000-0000-000000000000/resourceGroups/cli_test_eh_network000001/providers/Microsoft.EventHub/namespaces/eventhubs-cli000002","name":"eventhubs-cli000002","type":"Microsoft.EventHub/Namespaces","location":"West
        US","tags":{"{tag1":"value1}"},"properties":{"minimumTlsVersion":"1.2","publicNetworkAccess":"Enabled","disableLocalAuth":false,"zoneRedundant":false,"isAutoInflateEnabled":false,"maximumThroughputUnits":0,"kafkaEnabled":true,"provisioningState":"Created","metricId":"326100e2-f69d-4268-8503-075374f62b6e:eventhubs-cli000002","createdAt":"2023-02-08T11:18:14.3Z","updatedAt":"2023-02-08T11:18:14.3Z","serviceBusEndpoint":"https://eventhubs-cli000002.servicebus.windows.net:443/","status":"Activating"}}'
    headers:
      cache-control:
      - no-cache
      content-length:
      - '805'
      content-type:
      - application/json; charset=utf-8
      date:
      - Wed, 08 Feb 2023 11:18:15 GMT
      expires:
      - '-1'
      pragma:
      - no-cache
      server:
      - Service-Bus-Resource-Provider/SN1
      - Microsoft-HTTPAPI/2.0
      server-sb:
      - Service-Bus-Resource-Provider/SN1
      strict-transport-security:
      - max-age=31536000; includeSubDomains
      transfer-encoding:
      - chunked
      vary:
      - Accept-Encoding
      x-content-type-options:
      - nosniff
      x-ms-ratelimit-remaining-subscription-resource-requests:
      - '49'
    status:
      code: 200
      message: OK
- request:
    body: null
    headers:
      Accept:
      - '*/*'
      Accept-Encoding:
      - gzip, deflate
      CommandName:
      - eventhubs namespace create
      Connection:
      - keep-alive
      ParameterSetName:
      - --resource-group --name --tags --sku
      User-Agent:
      - AZURECLI/2.45.0 azsdk-python-azure-mgmt-eventhub/10.1.0 Python/3.8.0 (Windows-10-10.0.19041-SP0)
    method: GET
    uri: https://management.azure.com/subscriptions/00000000-0000-0000-0000-000000000000/resourceGroups/cli_test_eh_network000001/providers/Microsoft.EventHub/namespaces/eventhubs-cli000002?api-version=2022-01-01-preview
  response:
    body:
      string: '{"sku":{"name":"Standard","tier":"Standard","capacity":1},"id":"/subscriptions/00000000-0000-0000-0000-000000000000/resourceGroups/cli_test_eh_network000001/providers/Microsoft.EventHub/namespaces/eventhubs-cli000002","name":"eventhubs-cli000002","type":"Microsoft.EventHub/Namespaces","location":"West
        US","tags":{"{tag1":"value1}"},"properties":{"minimumTlsVersion":"1.2","publicNetworkAccess":"Enabled","disableLocalAuth":false,"zoneRedundant":false,"isAutoInflateEnabled":false,"maximumThroughputUnits":0,"kafkaEnabled":true,"provisioningState":"Created","metricId":"326100e2-f69d-4268-8503-075374f62b6e:eventhubs-cli000002","createdAt":"2023-02-08T11:18:14.3Z","updatedAt":"2023-02-08T11:18:14.3Z","serviceBusEndpoint":"https://eventhubs-cli000002.servicebus.windows.net:443/","status":"Activating"}}'
    headers:
      cache-control:
      - no-cache
      content-length:
      - '805'
      content-type:
      - application/json; charset=utf-8
      date:
      - Wed, 08 Feb 2023 11:18:45 GMT
      expires:
      - '-1'
      pragma:
      - no-cache
      server:
      - Service-Bus-Resource-Provider/SN1
      - Microsoft-HTTPAPI/2.0
      server-sb:
      - Service-Bus-Resource-Provider/SN1
      strict-transport-security:
      - max-age=31536000; includeSubDomains
      transfer-encoding:
      - chunked
      vary:
      - Accept-Encoding
      x-content-type-options:
      - nosniff
    status:
      code: 200
      message: OK
- request:
    body: null
    headers:
      Accept:
      - '*/*'
      Accept-Encoding:
      - gzip, deflate
      CommandName:
      - eventhubs namespace create
      Connection:
      - keep-alive
      ParameterSetName:
      - --resource-group --name --tags --sku
      User-Agent:
      - AZURECLI/2.45.0 azsdk-python-azure-mgmt-eventhub/10.1.0 Python/3.8.0 (Windows-10-10.0.19041-SP0)
    method: GET
    uri: https://management.azure.com/subscriptions/00000000-0000-0000-0000-000000000000/resourceGroups/cli_test_eh_network000001/providers/Microsoft.EventHub/namespaces/eventhubs-cli000002?api-version=2022-01-01-preview
  response:
    body:
      string: '{"sku":{"name":"Standard","tier":"Standard","capacity":1},"id":"/subscriptions/00000000-0000-0000-0000-000000000000/resourceGroups/cli_test_eh_network000001/providers/Microsoft.EventHub/namespaces/eventhubs-cli000002","name":"eventhubs-cli000002","type":"Microsoft.EventHub/Namespaces","location":"West
        US","tags":{"{tag1":"value1}"},"properties":{"minimumTlsVersion":"1.2","publicNetworkAccess":"Enabled","disableLocalAuth":false,"zoneRedundant":false,"isAutoInflateEnabled":false,"maximumThroughputUnits":0,"kafkaEnabled":true,"provisioningState":"Succeeded","metricId":"326100e2-f69d-4268-8503-075374f62b6e:eventhubs-cli000002","createdAt":"2023-02-08T11:18:14.3Z","updatedAt":"2023-02-08T11:19:07.917Z","serviceBusEndpoint":"https://eventhubs-cli000002.servicebus.windows.net:443/","status":"Active"}}'
    headers:
      cache-control:
      - no-cache
      content-length:
      - '805'
      content-type:
      - application/json; charset=utf-8
      date:
      - Wed, 08 Feb 2023 11:19:15 GMT
      expires:
      - '-1'
      pragma:
      - no-cache
      server:
      - Service-Bus-Resource-Provider/SN1
      - Microsoft-HTTPAPI/2.0
      server-sb:
      - Service-Bus-Resource-Provider/SN1
      strict-transport-security:
      - max-age=31536000; includeSubDomains
      transfer-encoding:
      - chunked
      vary:
      - Accept-Encoding
      x-content-type-options:
      - nosniff
    status:
      code: 200
      message: OK
- request:
    body: null
    headers:
      Accept:
      - application/json
      Accept-Encoding:
      - gzip, deflate
      CommandName:
      - eventhubs namespace create
      Connection:
      - keep-alive
      ParameterSetName:
      - --resource-group --name --tags --sku
      User-Agent:
      - AZURECLI/2.45.0 azsdk-python-azure-mgmt-eventhub/10.1.0 Python/3.8.0 (Windows-10-10.0.19041-SP0)
    method: GET
    uri: https://management.azure.com/subscriptions/00000000-0000-0000-0000-000000000000/resourceGroups/cli_test_eh_network000001/providers/Microsoft.EventHub/namespaces/eventhubs-cli000002?api-version=2022-01-01-preview
  response:
    body:
      string: '{"sku":{"name":"Standard","tier":"Standard","capacity":1},"id":"/subscriptions/00000000-0000-0000-0000-000000000000/resourceGroups/cli_test_eh_network000001/providers/Microsoft.EventHub/namespaces/eventhubs-cli000002","name":"eventhubs-cli000002","type":"Microsoft.EventHub/Namespaces","location":"West
        US","tags":{"{tag1":"value1}"},"properties":{"minimumTlsVersion":"1.2","publicNetworkAccess":"Enabled","disableLocalAuth":false,"zoneRedundant":false,"isAutoInflateEnabled":false,"maximumThroughputUnits":0,"kafkaEnabled":true,"provisioningState":"Succeeded","metricId":"326100e2-f69d-4268-8503-075374f62b6e:eventhubs-cli000002","createdAt":"2023-02-08T11:18:14.3Z","updatedAt":"2023-02-08T11:19:07.917Z","serviceBusEndpoint":"https://eventhubs-cli000002.servicebus.windows.net:443/","status":"Active"}}'
    headers:
      cache-control:
      - no-cache
      content-length:
      - '805'
      content-type:
      - application/json; charset=utf-8
      date:
      - Wed, 08 Feb 2023 11:19:15 GMT
      expires:
      - '-1'
      pragma:
      - no-cache
      server:
      - Service-Bus-Resource-Provider/SN1
      - Microsoft-HTTPAPI/2.0
      server-sb:
      - Service-Bus-Resource-Provider/SN1
      strict-transport-security:
      - max-age=31536000; includeSubDomains
      transfer-encoding:
      - chunked
      vary:
      - Accept-Encoding
      x-content-type-options:
      - nosniff
    status:
      code: 200
      message: OK
- request:
    body: null
    headers:
      Accept:
      - application/json
      Accept-Encoding:
      - gzip, deflate
      CommandName:
      - eventhubs namespace show
      Connection:
      - keep-alive
      ParameterSetName:
      - --resource-group --name
      User-Agent:
      - AZURECLI/2.45.0 azsdk-python-azure-mgmt-eventhub/10.1.0 Python/3.8.0 (Windows-10-10.0.19041-SP0)
    method: GET
    uri: https://management.azure.com/subscriptions/00000000-0000-0000-0000-000000000000/resourceGroups/cli_test_eh_network000001/providers/Microsoft.EventHub/namespaces/eventhubs-cli000002?api-version=2022-01-01-preview
  response:
    body:
      string: '{"sku":{"name":"Standard","tier":"Standard","capacity":1},"id":"/subscriptions/00000000-0000-0000-0000-000000000000/resourceGroups/cli_test_eh_network000001/providers/Microsoft.EventHub/namespaces/eventhubs-cli000002","name":"eventhubs-cli000002","type":"Microsoft.EventHub/Namespaces","location":"West
        US","tags":{"{tag1":"value1}"},"properties":{"minimumTlsVersion":"1.2","publicNetworkAccess":"Enabled","disableLocalAuth":false,"zoneRedundant":false,"isAutoInflateEnabled":false,"maximumThroughputUnits":0,"kafkaEnabled":true,"provisioningState":"Succeeded","metricId":"326100e2-f69d-4268-8503-075374f62b6e:eventhubs-cli000002","createdAt":"2023-02-08T11:18:14.3Z","updatedAt":"2023-02-08T11:19:07.917Z","serviceBusEndpoint":"https://eventhubs-cli000002.servicebus.windows.net:443/","status":"Active"}}'
    headers:
      cache-control:
      - no-cache
      content-length:
      - '805'
      content-type:
      - application/json; charset=utf-8
      date:
      - Wed, 08 Feb 2023 11:19:16 GMT
      expires:
      - '-1'
      pragma:
      - no-cache
      server:
      - Service-Bus-Resource-Provider/SN1
      - Microsoft-HTTPAPI/2.0
      server-sb:
      - Service-Bus-Resource-Provider/SN1
      strict-transport-security:
      - max-age=31536000; includeSubDomains
      x-content-type-options:
      - nosniff
    status:
      code: 200
      message: OK
- request:
    body: null
    headers:
      Accept:
      - application/json
      Accept-Encoding:
      - gzip, deflate
      CommandName:
      - eventhubs namespace network-rule list
      Connection:
      - keep-alive
      ParameterSetName:
      - --resource-group --name
      User-Agent:
      - AZURECLI/2.45.0 azsdk-python-azure-mgmt-eventhub/10.1.0 Python/3.8.0 (Windows-10-10.0.19041-SP0)
    method: GET
    uri: https://management.azure.com/subscriptions/00000000-0000-0000-0000-000000000000/resourceGroups/cli_test_eh_network000001/providers/Microsoft.EventHub/namespaces/eventhubs-cli000002/networkRuleSets/default?api-version=2022-01-01-preview
  response:
    body:
      string: '{"id":"/subscriptions/00000000-0000-0000-0000-000000000000/resourceGroups/cli_test_eh_network000001/providers/Microsoft.EventHub/namespaces/eventhubs-cli000002/networkRuleSets/default","name":"default","type":"Microsoft.EventHub/Namespaces/NetworkRuleSets","location":"West
        US","properties":{"publicNetworkAccess":"Enabled","defaultAction":"Allow","virtualNetworkRules":[],"ipRules":[]}}'
    headers:
      cache-control:
      - no-cache
      content-length:
      - '387'
      content-type:
      - application/json; charset=utf-8
      date:
      - Wed, 08 Feb 2023 11:19:17 GMT
      expires:
      - '-1'
      pragma:
      - no-cache
      server:
      - Service-Bus-Resource-Provider/SN1
      - Microsoft-HTTPAPI/2.0
      server-sb:
      - Service-Bus-Resource-Provider/SN1
      strict-transport-security:
      - max-age=31536000; includeSubDomains
      transfer-encoding:
      - chunked
      vary:
      - Accept-Encoding
      x-content-type-options:
      - nosniff
    status:
      code: 200
      message: OK
- request:
    body: null
    headers:
      Accept:
      - application/json
      Accept-Encoding:
      - gzip, deflate
      CommandName:
      - eventhubs namespace network-rule add
      Connection:
      - keep-alive
      ParameterSetName:
      - --resource-group --name --ip-address --action
      User-Agent:
      - AZURECLI/2.45.0 azsdk-python-azure-mgmt-eventhub/10.1.0 Python/3.8.0 (Windows-10-10.0.19041-SP0)
    method: GET
    uri: https://management.azure.com/subscriptions/00000000-0000-0000-0000-000000000000/resourceGroups/cli_test_eh_network000001/providers/Microsoft.EventHub/namespaces/eventhubs-cli000002/networkRuleSets/default?api-version=2022-01-01-preview
  response:
    body:
      string: '{"id":"/subscriptions/00000000-0000-0000-0000-000000000000/resourceGroups/cli_test_eh_network000001/providers/Microsoft.EventHub/namespaces/eventhubs-cli000002/networkRuleSets/default","name":"default","type":"Microsoft.EventHub/Namespaces/NetworkRuleSets","location":"West
        US","properties":{"publicNetworkAccess":"Enabled","defaultAction":"Allow","virtualNetworkRules":[],"ipRules":[]}}'
    headers:
      cache-control:
      - no-cache
      content-length:
      - '387'
      content-type:
      - application/json; charset=utf-8
      date:
      - Wed, 08 Feb 2023 11:19:18 GMT
      expires:
      - '-1'
      pragma:
      - no-cache
      server:
      - Service-Bus-Resource-Provider/SN1
      - Microsoft-HTTPAPI/2.0
      server-sb:
      - Service-Bus-Resource-Provider/SN1
      strict-transport-security:
      - max-age=31536000; includeSubDomains
      transfer-encoding:
      - chunked
      vary:
      - Accept-Encoding
      x-content-type-options:
      - nosniff
    status:
      code: 200
      message: OK
- request:
    body: '{"properties": {"defaultAction": "Allow", "virtualNetworkRules": [], "ipRules":
      [{"ipMask": "1.1.1.1", "action": "Allow"}], "publicNetworkAccess": "Enabled"}}'
    headers:
      Accept:
      - application/json
      Accept-Encoding:
      - gzip, deflate
      CommandName:
      - eventhubs namespace network-rule add
      Connection:
      - keep-alive
      Content-Length:
      - '158'
      Content-Type:
      - application/json
      ParameterSetName:
      - --resource-group --name --ip-address --action
      User-Agent:
      - AZURECLI/2.45.0 azsdk-python-azure-mgmt-eventhub/10.1.0 Python/3.8.0 (Windows-10-10.0.19041-SP0)
    method: PUT
    uri: https://management.azure.com/subscriptions/00000000-0000-0000-0000-000000000000/resourceGroups/cli_test_eh_network000001/providers/Microsoft.EventHub/namespaces/eventhubs-cli000002/networkRuleSets/default?api-version=2022-01-01-preview
  response:
    body:
      string: '{"id":"/subscriptions/00000000-0000-0000-0000-000000000000/resourceGroups/cli_test_eh_network000001/providers/Microsoft.EventHub/namespaces/eventhubs-cli000002/networkRuleSets/default","name":"default","type":"Microsoft.EventHub/Namespaces/NetworkRuleSets","location":"West
        US","properties":{"publicNetworkAccess":"Enabled","defaultAction":"Allow","virtualNetworkRules":[],"ipRules":[{"ipMask":"1.1.1.1","action":"Allow"}]}}'
    headers:
      cache-control:
      - no-cache
      content-length:
      - '424'
      content-type:
      - application/json; charset=utf-8
      date:
      - Wed, 08 Feb 2023 11:19:25 GMT
      expires:
      - '-1'
      pragma:
      - no-cache
      server:
      - Service-Bus-Resource-Provider/SN1
      - Microsoft-HTTPAPI/2.0
      server-sb:
      - Service-Bus-Resource-Provider/SN1
      strict-transport-security:
      - max-age=31536000; includeSubDomains
      transfer-encoding:
      - chunked
      vary:
      - Accept-Encoding
      x-content-type-options:
      - nosniff
      x-ms-ratelimit-remaining-subscription-writes:
      - '1198'
    status:
      code: 200
      message: OK
- request:
    body: null
    headers:
      Accept:
      - application/json
      Accept-Encoding:
      - gzip, deflate
      CommandName:
      - eventhubs namespace network-rule add
      Connection:
      - keep-alive
      ParameterSetName:
      - --resource-group --name --ip-address --action
      User-Agent:
      - AZURECLI/2.45.0 azsdk-python-azure-mgmt-eventhub/10.1.0 Python/3.8.0 (Windows-10-10.0.19041-SP0)
    method: GET
    uri: https://management.azure.com/subscriptions/00000000-0000-0000-0000-000000000000/resourceGroups/cli_test_eh_network000001/providers/Microsoft.EventHub/namespaces/eventhubs-cli000002/networkRuleSets/default?api-version=2022-01-01-preview
  response:
    body:
      string: '{"id":"/subscriptions/00000000-0000-0000-0000-000000000000/resourceGroups/cli_test_eh_network000001/providers/Microsoft.EventHub/namespaces/eventhubs-cli000002/networkRuleSets/default","name":"default","type":"Microsoft.EventHub/Namespaces/NetworkRuleSets","location":"West
        US","properties":{"publicNetworkAccess":"Enabled","defaultAction":"Allow","virtualNetworkRules":[],"ipRules":[{"ipMask":"1.1.1.1","action":"Allow"}]}}'
    headers:
      cache-control:
      - no-cache
      content-length:
      - '424'
      content-type:
      - application/json; charset=utf-8
      date:
      - Wed, 08 Feb 2023 11:19:26 GMT
      expires:
      - '-1'
      pragma:
      - no-cache
      server:
      - Service-Bus-Resource-Provider/SN1
      - Microsoft-HTTPAPI/2.0
      server-sb:
      - Service-Bus-Resource-Provider/SN1
      strict-transport-security:
      - max-age=31536000; includeSubDomains
      x-content-type-options:
      - nosniff
    status:
      code: 200
      message: OK
- request:
    body: '{"properties": {"defaultAction": "Allow", "virtualNetworkRules": [], "ipRules":
      [{"ipMask": "1.1.1.1", "action": "Allow"}, {"ipMask": "2.2.2.2", "action": "Allow"}],
      "publicNetworkAccess": "Enabled"}}'
    headers:
      Accept:
      - application/json
      Accept-Encoding:
      - gzip, deflate
      CommandName:
      - eventhubs namespace network-rule add
      Connection:
      - keep-alive
      Content-Length:
      - '200'
      Content-Type:
      - application/json
      ParameterSetName:
      - --resource-group --name --ip-address --action
      User-Agent:
      - AZURECLI/2.45.0 azsdk-python-azure-mgmt-eventhub/10.1.0 Python/3.8.0 (Windows-10-10.0.19041-SP0)
    method: PUT
    uri: https://management.azure.com/subscriptions/00000000-0000-0000-0000-000000000000/resourceGroups/cli_test_eh_network000001/providers/Microsoft.EventHub/namespaces/eventhubs-cli000002/networkRuleSets/default?api-version=2022-01-01-preview
  response:
    body:
      string: '{"id":"/subscriptions/00000000-0000-0000-0000-000000000000/resourceGroups/cli_test_eh_network000001/providers/Microsoft.EventHub/namespaces/eventhubs-cli000002/networkRuleSets/default","name":"default","type":"Microsoft.EventHub/Namespaces/NetworkRuleSets","location":"West
        US","properties":{"publicNetworkAccess":"Enabled","defaultAction":"Allow","virtualNetworkRules":[],"ipRules":[{"ipMask":"1.1.1.1","action":"Allow"},{"ipMask":"2.2.2.2","action":"Allow"}]}}'
    headers:
      cache-control:
      - no-cache
      content-length:
      - '462'
      content-type:
      - application/json; charset=utf-8
      date:
      - Wed, 08 Feb 2023 11:19:33 GMT
      expires:
      - '-1'
      pragma:
      - no-cache
      server:
      - Service-Bus-Resource-Provider/SN1
      - Microsoft-HTTPAPI/2.0
      server-sb:
      - Service-Bus-Resource-Provider/SN1
      strict-transport-security:
      - max-age=31536000; includeSubDomains
      x-content-type-options:
      - nosniff
      x-ms-ratelimit-remaining-subscription-writes:
      - '1199'
    status:
      code: 200
      message: OK
- request:
    body: null
    headers:
      Accept:
      - application/json
      Accept-Encoding:
      - gzip, deflate
      CommandName:
      - eventhubs namespace network-rule list
      Connection:
      - keep-alive
      ParameterSetName:
      - --resource-group --name
      User-Agent:
      - AZURECLI/2.45.0 azsdk-python-azure-mgmt-eventhub/10.1.0 Python/3.8.0 (Windows-10-10.0.19041-SP0)
    method: GET
    uri: https://management.azure.com/subscriptions/00000000-0000-0000-0000-000000000000/resourceGroups/cli_test_eh_network000001/providers/Microsoft.EventHub/namespaces/eventhubs-cli000002/networkRuleSets/default?api-version=2022-01-01-preview
  response:
    body:
      string: '{"id":"/subscriptions/00000000-0000-0000-0000-000000000000/resourceGroups/cli_test_eh_network000001/providers/Microsoft.EventHub/namespaces/eventhubs-cli000002/networkRuleSets/default","name":"default","type":"Microsoft.EventHub/Namespaces/NetworkRuleSets","location":"West
        US","properties":{"publicNetworkAccess":"Enabled","defaultAction":"Allow","virtualNetworkRules":[],"ipRules":[{"ipMask":"1.1.1.1","action":"Allow"},{"ipMask":"2.2.2.2","action":"Allow"}]}}'
    headers:
      cache-control:
      - no-cache
      content-length:
      - '462'
      content-type:
      - application/json; charset=utf-8
      date:
      - Wed, 08 Feb 2023 11:19:34 GMT
      expires:
      - '-1'
      pragma:
      - no-cache
      server:
      - Service-Bus-Resource-Provider/SN1
      - Microsoft-HTTPAPI/2.0
      server-sb:
      - Service-Bus-Resource-Provider/SN1
      strict-transport-security:
      - max-age=31536000; includeSubDomains
      transfer-encoding:
      - chunked
      vary:
      - Accept-Encoding
      x-content-type-options:
      - nosniff
    status:
      code: 200
      message: OK
- request:
    body: null
    headers:
      Accept:
      - application/json
      Accept-Encoding:
      - gzip, deflate
      CommandName:
      - eventhubs namespace network-rule remove
      Connection:
      - keep-alive
      ParameterSetName:
      - --resource-group --name --ip-address
      User-Agent:
      - AZURECLI/2.45.0 azsdk-python-azure-mgmt-eventhub/10.1.0 Python/3.8.0 (Windows-10-10.0.19041-SP0)
    method: GET
    uri: https://management.azure.com/subscriptions/00000000-0000-0000-0000-000000000000/resourceGroups/cli_test_eh_network000001/providers/Microsoft.EventHub/namespaces/eventhubs-cli000002/networkRuleSets/default?api-version=2022-01-01-preview
  response:
    body:
      string: '{"id":"/subscriptions/00000000-0000-0000-0000-000000000000/resourceGroups/cli_test_eh_network000001/providers/Microsoft.EventHub/namespaces/eventhubs-cli000002/networkRuleSets/default","name":"default","type":"Microsoft.EventHub/Namespaces/NetworkRuleSets","location":"West
        US","properties":{"publicNetworkAccess":"Enabled","defaultAction":"Allow","virtualNetworkRules":[],"ipRules":[{"ipMask":"1.1.1.1","action":"Allow"},{"ipMask":"2.2.2.2","action":"Allow"}]}}'
    headers:
      cache-control:
      - no-cache
      content-length:
      - '462'
      content-type:
      - application/json; charset=utf-8
      date:
      - Wed, 08 Feb 2023 11:19:35 GMT
      expires:
      - '-1'
      pragma:
      - no-cache
      server:
      - Service-Bus-Resource-Provider/SN1
      - Microsoft-HTTPAPI/2.0
      server-sb:
      - Service-Bus-Resource-Provider/SN1
      strict-transport-security:
      - max-age=31536000; includeSubDomains
      transfer-encoding:
      - chunked
      vary:
      - Accept-Encoding
      x-content-type-options:
      - nosniff
    status:
      code: 200
      message: OK
- request:
    body: '{"properties": {"defaultAction": "Allow", "virtualNetworkRules": [], "ipRules":
      [{"ipMask": "1.1.1.1", "action": "Allow"}], "publicNetworkAccess": "Enabled"}}'
    headers:
      Accept:
      - application/json
      Accept-Encoding:
      - gzip, deflate
      CommandName:
      - eventhubs namespace network-rule remove
      Connection:
      - keep-alive
      Content-Length:
      - '158'
      Content-Type:
      - application/json
      ParameterSetName:
      - --resource-group --name --ip-address
      User-Agent:
      - AZURECLI/2.45.0 azsdk-python-azure-mgmt-eventhub/10.1.0 Python/3.8.0 (Windows-10-10.0.19041-SP0)
    method: PUT
    uri: https://management.azure.com/subscriptions/00000000-0000-0000-0000-000000000000/resourceGroups/cli_test_eh_network000001/providers/Microsoft.EventHub/namespaces/eventhubs-cli000002/networkRuleSets/default?api-version=2022-01-01-preview
  response:
    body:
      string: '{"id":"/subscriptions/00000000-0000-0000-0000-000000000000/resourceGroups/cli_test_eh_network000001/providers/Microsoft.EventHub/namespaces/eventhubs-cli000002/networkRuleSets/default","name":"default","type":"Microsoft.EventHub/Namespaces/NetworkRuleSets","location":"West
        US","properties":{"publicNetworkAccess":"Enabled","defaultAction":"Allow","virtualNetworkRules":[],"ipRules":[{"ipMask":"1.1.1.1","action":"Allow"}]}}'
    headers:
      cache-control:
      - no-cache
      content-length:
      - '424'
      content-type:
      - application/json; charset=utf-8
      date:
      - Wed, 08 Feb 2023 11:19:41 GMT
      expires:
      - '-1'
      pragma:
      - no-cache
      server:
      - Service-Bus-Resource-Provider/SN1
      - Microsoft-HTTPAPI/2.0
      server-sb:
      - Service-Bus-Resource-Provider/SN1
      strict-transport-security:
      - max-age=31536000; includeSubDomains
      transfer-encoding:
      - chunked
      vary:
      - Accept-Encoding
      x-content-type-options:
      - nosniff
      x-ms-ratelimit-remaining-subscription-writes:
      - '1199'
    status:
      code: 200
      message: OK
- request:
    body: null
    headers:
      Accept:
      - application/json
      Accept-Encoding:
      - gzip, deflate
      CommandName:
      - eventhubs namespace network-rule add
      Connection:
      - keep-alive
      ParameterSetName:
      - --resource-group --name --subnet --ignore-missing-endpoint
      User-Agent:
      - AZURECLI/2.45.0 azsdk-python-azure-mgmt-eventhub/10.1.0 Python/3.8.0 (Windows-10-10.0.19041-SP0)
    method: GET
    uri: https://management.azure.com/subscriptions/00000000-0000-0000-0000-000000000000/resourceGroups/cli_test_eh_network000001/providers/Microsoft.EventHub/namespaces/eventhubs-cli000002/networkRuleSets/default?api-version=2022-01-01-preview
  response:
    body:
      string: '{"id":"/subscriptions/00000000-0000-0000-0000-000000000000/resourceGroups/cli_test_eh_network000001/providers/Microsoft.EventHub/namespaces/eventhubs-cli000002/networkRuleSets/default","name":"default","type":"Microsoft.EventHub/Namespaces/NetworkRuleSets","location":"West
        US","properties":{"publicNetworkAccess":"Enabled","defaultAction":"Allow","virtualNetworkRules":[],"ipRules":[{"ipMask":"1.1.1.1","action":"Allow"}]}}'
    headers:
      cache-control:
      - no-cache
      content-length:
      - '424'
      content-type:
      - application/json; charset=utf-8
      date:
      - Wed, 08 Feb 2023 11:19:43 GMT
      expires:
      - '-1'
      pragma:
      - no-cache
      server:
      - Service-Bus-Resource-Provider/SN1
      - Microsoft-HTTPAPI/2.0
      server-sb:
      - Service-Bus-Resource-Provider/SN1
      strict-transport-security:
      - max-age=31536000; includeSubDomains
      transfer-encoding:
      - chunked
      vary:
      - Accept-Encoding
      x-content-type-options:
      - nosniff
    status:
      code: 200
      message: OK
- request:
    body: '{"properties": {"defaultAction": "Allow", "virtualNetworkRules": [{"subnet":
      {"id": "/subscriptions/00000000-0000-0000-0000-000000000000/resourceGroups/cli_test_eh_network000001/providers/Microsoft.Network/virtualNetworks/sbehvnettest1/subnets/default"},
      "ignoreMissingVnetServiceEndpoint": true}], "ipRules": [{"ipMask": "1.1.1.1",
      "action": "Allow"}], "publicNetworkAccess": "Enabled"}}'
    headers:
      Accept:
      - application/json
      Accept-Encoding:
      - gzip, deflate
      CommandName:
      - eventhubs namespace network-rule add
      Connection:
      - keep-alive
      Content-Length:
      - '388'
      Content-Type:
      - application/json
      ParameterSetName:
      - --resource-group --name --subnet --ignore-missing-endpoint
      User-Agent:
      - AZURECLI/2.45.0 azsdk-python-azure-mgmt-eventhub/10.1.0 Python/3.8.0 (Windows-10-10.0.19041-SP0)
    method: PUT
    uri: https://management.azure.com/subscriptions/00000000-0000-0000-0000-000000000000/resourceGroups/cli_test_eh_network000001/providers/Microsoft.EventHub/namespaces/eventhubs-cli000002/networkRuleSets/default?api-version=2022-01-01-preview
  response:
    body:
      string: '{"id":"/subscriptions/00000000-0000-0000-0000-000000000000/resourceGroups/cli_test_eh_network000001/providers/Microsoft.EventHub/namespaces/eventhubs-cli000002/networkRuleSets/default","name":"default","type":"Microsoft.EventHub/Namespaces/NetworkRuleSets","location":"West
        US","properties":{"publicNetworkAccess":"Enabled","defaultAction":"Allow","virtualNetworkRules":[{"subnet":{"id":"/subscriptions/00000000-0000-0000-0000-000000000000/resourceGroups/cli_test_eh_network000001/providers/Microsoft.Network/virtualNetworks/sbehvnettest1/subnets/default"},"ignoreMissingVnetServiceEndpoint":true}],"ipRules":[{"ipMask":"1.1.1.1","action":"Allow"}]}}'
    headers:
      cache-control:
      - no-cache
      content-length:
      - '650'
      content-type:
      - application/json; charset=utf-8
      date:
      - Wed, 08 Feb 2023 11:19:56 GMT
      expires:
      - '-1'
      pragma:
      - no-cache
      server:
      - Service-Bus-Resource-Provider/SN1
      - Microsoft-HTTPAPI/2.0
      server-sb:
      - Service-Bus-Resource-Provider/SN1
      strict-transport-security:
      - max-age=31536000; includeSubDomains
      transfer-encoding:
      - chunked
      vary:
      - Accept-Encoding
      x-content-type-options:
      - nosniff
      x-ms-ratelimit-remaining-subscription-writes:
      - '1199'
    status:
      code: 200
      message: OK
- request:
    body: null
    headers:
      Accept:
      - application/json
      Accept-Encoding:
      - gzip, deflate
      CommandName:
      - eventhubs namespace network-rule add
      Connection:
      - keep-alive
      ParameterSetName:
      - --resource-group --name --subnet --ignore-missing-endpoint
      User-Agent:
      - AZURECLI/2.45.0 azsdk-python-azure-mgmt-eventhub/10.1.0 Python/3.8.0 (Windows-10-10.0.19041-SP0)
    method: GET
    uri: https://management.azure.com/subscriptions/00000000-0000-0000-0000-000000000000/resourceGroups/cli_test_eh_network000001/providers/Microsoft.EventHub/namespaces/eventhubs-cli000002/networkRuleSets/default?api-version=2022-01-01-preview
  response:
    body:
      string: '{"id":"/subscriptions/00000000-0000-0000-0000-000000000000/resourceGroups/cli_test_eh_network000001/providers/Microsoft.EventHub/namespaces/eventhubs-cli000002/networkRuleSets/default","name":"default","type":"Microsoft.EventHub/Namespaces/NetworkRuleSets","location":"West
        US","properties":{"publicNetworkAccess":"Enabled","defaultAction":"Allow","virtualNetworkRules":[{"subnet":{"id":"/subscriptions/00000000-0000-0000-0000-000000000000/resourcegroups/cli_test_eh_network000001/providers/Microsoft.Network/virtualNetworks/sbehvnettest1/subnets/default"},"ignoreMissingVnetServiceEndpoint":true}],"ipRules":[{"ipMask":"1.1.1.1","action":"Allow"}]}}'
    headers:
      cache-control:
      - no-cache
      content-length:
      - '650'
      content-type:
      - application/json; charset=utf-8
      date:
      - Wed, 08 Feb 2023 11:19:57 GMT
      expires:
      - '-1'
      pragma:
      - no-cache
      server:
      - Service-Bus-Resource-Provider/SN1
      - Microsoft-HTTPAPI/2.0
      server-sb:
      - Service-Bus-Resource-Provider/SN1
      strict-transport-security:
      - max-age=31536000; includeSubDomains
      transfer-encoding:
      - chunked
      vary:
      - Accept-Encoding
      x-content-type-options:
      - nosniff
    status:
      code: 200
      message: OK
- request:
    body: '{"properties": {"defaultAction": "Allow", "virtualNetworkRules": [{"subnet":
      {"id": "/subscriptions/00000000-0000-0000-0000-000000000000/resourcegroups/cli_test_eh_network000001/providers/Microsoft.Network/virtualNetworks/sbehvnettest1/subnets/default"},
      "ignoreMissingVnetServiceEndpoint": true}, {"subnet": {"id": "/subscriptions/00000000-0000-0000-0000-000000000000/resourceGroups/cli_test_eh_network000001/providers/Microsoft.Network/virtualNetworks/sbehvnettest2/subnets/secondvnet"},
      "ignoreMissingVnetServiceEndpoint": true}], "ipRules": [{"ipMask": "1.1.1.1",
      "action": "Allow"}], "publicNetworkAccess": "Enabled"}}'
    headers:
      Accept:
      - application/json
      Accept-Encoding:
      - gzip, deflate
      CommandName:
      - eventhubs namespace network-rule add
      Connection:
      - keep-alive
      Content-Length:
      - '623'
      Content-Type:
      - application/json
      ParameterSetName:
      - --resource-group --name --subnet --ignore-missing-endpoint
      User-Agent:
      - AZURECLI/2.45.0 azsdk-python-azure-mgmt-eventhub/10.1.0 Python/3.8.0 (Windows-10-10.0.19041-SP0)
    method: PUT
    uri: https://management.azure.com/subscriptions/00000000-0000-0000-0000-000000000000/resourceGroups/cli_test_eh_network000001/providers/Microsoft.EventHub/namespaces/eventhubs-cli000002/networkRuleSets/default?api-version=2022-01-01-preview
  response:
    body:
      string: '{"id":"/subscriptions/00000000-0000-0000-0000-000000000000/resourceGroups/cli_test_eh_network000001/providers/Microsoft.EventHub/namespaces/eventhubs-cli000002/networkRuleSets/default","name":"default","type":"Microsoft.EventHub/Namespaces/NetworkRuleSets","location":"West
        US","properties":{"publicNetworkAccess":"Enabled","defaultAction":"Allow","virtualNetworkRules":[{"subnet":{"id":"/subscriptions/00000000-0000-0000-0000-000000000000/resourcegroups/cli_test_eh_network000001/providers/Microsoft.Network/virtualNetworks/sbehvnettest1/subnets/default"},"ignoreMissingVnetServiceEndpoint":true},{"subnet":{"id":"/subscriptions/00000000-0000-0000-0000-000000000000/resourceGroups/cli_test_eh_network000001/providers/Microsoft.Network/virtualNetworks/sbehvnettest2/subnets/secondvnet"},"ignoreMissingVnetServiceEndpoint":true}],"ipRules":[{"ipMask":"1.1.1.1","action":"Allow"}]}}'
    headers:
      cache-control:
      - no-cache
      content-length:
      - '880'
      content-type:
      - application/json; charset=utf-8
      date:
      - Wed, 08 Feb 2023 11:20:12 GMT
      expires:
      - '-1'
      pragma:
      - no-cache
      server:
      - Service-Bus-Resource-Provider/SN1
      - Microsoft-HTTPAPI/2.0
      server-sb:
      - Service-Bus-Resource-Provider/SN1
      strict-transport-security:
      - max-age=31536000; includeSubDomains
      transfer-encoding:
      - chunked
      vary:
      - Accept-Encoding
      x-content-type-options:
      - nosniff
      x-ms-ratelimit-remaining-subscription-writes:
      - '1199'
    status:
      code: 200
      message: OK
- request:
    body: null
    headers:
      Accept:
      - application/json
      Accept-Encoding:
      - gzip, deflate
      CommandName:
      - eventhubs namespace network-rule update
      Connection:
      - keep-alive
      ParameterSetName:
      - --resource-group --name --public-network-access
      User-Agent:
      - AZURECLI/2.45.0 azsdk-python-azure-mgmt-eventhub/10.1.0 Python/3.8.0 (Windows-10-10.0.19041-SP0)
    method: GET
    uri: https://management.azure.com/subscriptions/00000000-0000-0000-0000-000000000000/resourceGroups/cli_test_eh_network000001/providers/Microsoft.EventHub/namespaces/eventhubs-cli000002/networkRuleSets/default?api-version=2022-01-01-preview
  response:
    body:
      string: '{"id":"/subscriptions/00000000-0000-0000-0000-000000000000/resourceGroups/cli_test_eh_network000001/providers/Microsoft.EventHub/namespaces/eventhubs-cli000002/networkRuleSets/default","name":"default","type":"Microsoft.EventHub/Namespaces/NetworkRuleSets","location":"West
        US","properties":{"publicNetworkAccess":"Enabled","defaultAction":"Allow","virtualNetworkRules":[{"subnet":{"id":"/subscriptions/00000000-0000-0000-0000-000000000000/resourcegroups/cli_test_eh_network000001/providers/Microsoft.Network/virtualNetworks/sbehvnettest1/subnets/default"},"ignoreMissingVnetServiceEndpoint":true},{"subnet":{"id":"/subscriptions/00000000-0000-0000-0000-000000000000/resourcegroups/cli_test_eh_network000001/providers/Microsoft.Network/virtualNetworks/sbehvnettest2/subnets/secondvnet"},"ignoreMissingVnetServiceEndpoint":true}],"ipRules":[{"ipMask":"1.1.1.1","action":"Allow"}]}}'
    headers:
      cache-control:
      - no-cache
      content-length:
      - '880'
      content-type:
      - application/json; charset=utf-8
      date:
      - Wed, 08 Feb 2023 11:20:14 GMT
      expires:
      - '-1'
      pragma:
      - no-cache
      server:
      - Service-Bus-Resource-Provider/SN1
      - Microsoft-HTTPAPI/2.0
      server-sb:
      - Service-Bus-Resource-Provider/SN1
      strict-transport-security:
      - max-age=31536000; includeSubDomains
      transfer-encoding:
      - chunked
      vary:
      - Accept-Encoding
      x-content-type-options:
      - nosniff
    status:
      code: 200
      message: OK
- request:
    body: '{"properties": {"defaultAction": "Allow", "virtualNetworkRules": [{"subnet":
      {"id": "/subscriptions/00000000-0000-0000-0000-000000000000/resourcegroups/cli_test_eh_network000001/providers/Microsoft.Network/virtualNetworks/sbehvnettest1/subnets/default"},
      "ignoreMissingVnetServiceEndpoint": true}, {"subnet": {"id": "/subscriptions/00000000-0000-0000-0000-000000000000/resourcegroups/cli_test_eh_network000001/providers/Microsoft.Network/virtualNetworks/sbehvnettest2/subnets/secondvnet"},
      "ignoreMissingVnetServiceEndpoint": true}], "ipRules": [{"ipMask": "1.1.1.1",
      "action": "Allow"}], "publicNetworkAccess": "Disabled"}}'
    headers:
      Accept:
      - application/json
      Accept-Encoding:
      - gzip, deflate
      CommandName:
      - eventhubs namespace network-rule update
      Connection:
      - keep-alive
      Content-Length:
      - '624'
      Content-Type:
      - application/json
      ParameterSetName:
      - --resource-group --name --public-network-access
      User-Agent:
      - AZURECLI/2.45.0 azsdk-python-azure-mgmt-eventhub/10.1.0 Python/3.8.0 (Windows-10-10.0.19041-SP0)
    method: PUT
    uri: https://management.azure.com/subscriptions/00000000-0000-0000-0000-000000000000/resourceGroups/cli_test_eh_network000001/providers/Microsoft.EventHub/namespaces/eventhubs-cli000002/networkRuleSets/default?api-version=2022-01-01-preview
  response:
    body:
      string: '{"id":"/subscriptions/00000000-0000-0000-0000-000000000000/resourceGroups/cli_test_eh_network000001/providers/Microsoft.EventHub/namespaces/eventhubs-cli000002/networkRuleSets/default","name":"default","type":"Microsoft.EventHub/Namespaces/NetworkRuleSets","location":"West
        US","properties":{"publicNetworkAccess":"Disabled","defaultAction":"Allow","virtualNetworkRules":[{"subnet":{"id":"/subscriptions/00000000-0000-0000-0000-000000000000/resourcegroups/cli_test_eh_network000001/providers/Microsoft.Network/virtualNetworks/sbehvnettest1/subnets/default"},"ignoreMissingVnetServiceEndpoint":true},{"subnet":{"id":"/subscriptions/00000000-0000-0000-0000-000000000000/resourcegroups/cli_test_eh_network000001/providers/Microsoft.Network/virtualNetworks/sbehvnettest2/subnets/secondvnet"},"ignoreMissingVnetServiceEndpoint":true}],"ipRules":[{"ipMask":"1.1.1.1","action":"Allow"}]}}'
    headers:
      cache-control:
      - no-cache
      content-length:
      - '881'
      content-type:
      - application/json; charset=utf-8
      date:
      - Wed, 08 Feb 2023 11:20:24 GMT
      expires:
      - '-1'
      pragma:
      - no-cache
      server:
      - Service-Bus-Resource-Provider/SN1
      - Microsoft-HTTPAPI/2.0
      server-sb:
      - Service-Bus-Resource-Provider/SN1
      strict-transport-security:
      - max-age=31536000; includeSubDomains
      transfer-encoding:
      - chunked
      vary:
      - Accept-Encoding
      x-content-type-options:
      - nosniff
      x-ms-ratelimit-remaining-subscription-writes:
      - '1199'
    status:
      code: 200
      message: OK
- request:
    body: null
    headers:
      Accept:
      - application/json
      Accept-Encoding:
      - gzip, deflate
      CommandName:
      - eventhubs namespace network-rule update
      Connection:
      - keep-alive
      ParameterSetName:
      - --resource-group --name --public-network-access
      User-Agent:
      - AZURECLI/2.45.0 azsdk-python-azure-mgmt-eventhub/10.1.0 Python/3.8.0 (Windows-10-10.0.19041-SP0)
    method: GET
    uri: https://management.azure.com/subscriptions/00000000-0000-0000-0000-000000000000/resourceGroups/cli_test_eh_network000001/providers/Microsoft.EventHub/namespaces/eventhubs-cli000002/networkRuleSets/default?api-version=2022-01-01-preview
  response:
    body:
      string: '{"id":"/subscriptions/00000000-0000-0000-0000-000000000000/resourceGroups/cli_test_eh_network000001/providers/Microsoft.EventHub/namespaces/eventhubs-cli000002/networkRuleSets/default","name":"default","type":"Microsoft.EventHub/Namespaces/NetworkRuleSets","location":"West
        US","properties":{"publicNetworkAccess":"Disabled","defaultAction":"Allow","virtualNetworkRules":[{"subnet":{"id":"/subscriptions/00000000-0000-0000-0000-000000000000/resourcegroups/cli_test_eh_network000001/providers/Microsoft.Network/virtualNetworks/sbehvnettest1/subnets/default"},"ignoreMissingVnetServiceEndpoint":true},{"subnet":{"id":"/subscriptions/00000000-0000-0000-0000-000000000000/resourcegroups/cli_test_eh_network000001/providers/Microsoft.Network/virtualNetworks/sbehvnettest2/subnets/secondvnet"},"ignoreMissingVnetServiceEndpoint":true}],"ipRules":[{"ipMask":"1.1.1.1","action":"Allow"}]}}'
    headers:
      cache-control:
      - no-cache
      content-length:
      - '881'
      content-type:
      - application/json; charset=utf-8
      date:
      - Wed, 08 Feb 2023 11:20:25 GMT
      expires:
      - '-1'
      pragma:
      - no-cache
      server:
      - Service-Bus-Resource-Provider/SN1
      - Microsoft-HTTPAPI/2.0
      server-sb:
      - Service-Bus-Resource-Provider/SN1
      strict-transport-security:
      - max-age=31536000; includeSubDomains
      transfer-encoding:
      - chunked
      vary:
      - Accept-Encoding
      x-content-type-options:
      - nosniff
    status:
      code: 200
      message: OK
- request:
    body: '{"properties": {"defaultAction": "Allow", "virtualNetworkRules": [{"subnet":
      {"id": "/subscriptions/00000000-0000-0000-0000-000000000000/resourcegroups/cli_test_eh_network000001/providers/Microsoft.Network/virtualNetworks/sbehvnettest1/subnets/default"},
      "ignoreMissingVnetServiceEndpoint": true}, {"subnet": {"id": "/subscriptions/00000000-0000-0000-0000-000000000000/resourcegroups/cli_test_eh_network000001/providers/Microsoft.Network/virtualNetworks/sbehvnettest2/subnets/secondvnet"},
      "ignoreMissingVnetServiceEndpoint": true}], "ipRules": [{"ipMask": "1.1.1.1",
      "action": "Allow"}], "publicNetworkAccess": "Enabled"}}'
    headers:
      Accept:
      - application/json
      Accept-Encoding:
      - gzip, deflate
      CommandName:
      - eventhubs namespace network-rule update
      Connection:
      - keep-alive
      Content-Length:
      - '623'
      Content-Type:
      - application/json
      ParameterSetName:
      - --resource-group --name --public-network-access
      User-Agent:
      - AZURECLI/2.45.0 azsdk-python-azure-mgmt-eventhub/10.1.0 Python/3.8.0 (Windows-10-10.0.19041-SP0)
    method: PUT
    uri: https://management.azure.com/subscriptions/00000000-0000-0000-0000-000000000000/resourceGroups/cli_test_eh_network000001/providers/Microsoft.EventHub/namespaces/eventhubs-cli000002/networkRuleSets/default?api-version=2022-01-01-preview
  response:
    body:
      string: '{"id":"/subscriptions/00000000-0000-0000-0000-000000000000/resourceGroups/cli_test_eh_network000001/providers/Microsoft.EventHub/namespaces/eventhubs-cli000002/networkRuleSets/default","name":"default","type":"Microsoft.EventHub/Namespaces/NetworkRuleSets","location":"West
        US","properties":{"publicNetworkAccess":"Enabled","defaultAction":"Allow","virtualNetworkRules":[{"subnet":{"id":"/subscriptions/00000000-0000-0000-0000-000000000000/resourcegroups/cli_test_eh_network000001/providers/Microsoft.Network/virtualNetworks/sbehvnettest1/subnets/default"},"ignoreMissingVnetServiceEndpoint":true},{"subnet":{"id":"/subscriptions/00000000-0000-0000-0000-000000000000/resourcegroups/cli_test_eh_network000001/providers/Microsoft.Network/virtualNetworks/sbehvnettest2/subnets/secondvnet"},"ignoreMissingVnetServiceEndpoint":true}],"ipRules":[{"ipMask":"1.1.1.1","action":"Allow"}]}}'
    headers:
      cache-control:
      - no-cache
      content-length:
      - '880'
      content-type:
      - application/json; charset=utf-8
      date:
      - Wed, 08 Feb 2023 11:20:33 GMT
      expires:
      - '-1'
      pragma:
      - no-cache
      server:
      - Service-Bus-Resource-Provider/SN1
      - Microsoft-HTTPAPI/2.0
      server-sb:
      - Service-Bus-Resource-Provider/SN1
      strict-transport-security:
      - max-age=31536000; includeSubDomains
      transfer-encoding:
      - chunked
      vary:
      - Accept-Encoding
      x-content-type-options:
      - nosniff
      x-ms-ratelimit-remaining-subscription-writes:
      - '1199'
    status:
      code: 200
      message: OK
- request:
    body: null
    headers:
      Accept:
      - application/json
      Accept-Encoding:
      - gzip, deflate
      CommandName:
      - eventhubs namespace network-rule update
      Connection:
      - keep-alive
      ParameterSetName:
      - --resource-group --name --public-network-access
      User-Agent:
      - AZURECLI/2.45.0 azsdk-python-azure-mgmt-eventhub/10.1.0 Python/3.8.0 (Windows-10-10.0.19041-SP0)
    method: GET
    uri: https://management.azure.com/subscriptions/00000000-0000-0000-0000-000000000000/resourceGroups/cli_test_eh_network000001/providers/Microsoft.EventHub/namespaces/eventhubs-cli000002/networkRuleSets/default?api-version=2022-01-01-preview
  response:
    body:
      string: '{"id":"/subscriptions/00000000-0000-0000-0000-000000000000/resourceGroups/cli_test_eh_network000001/providers/Microsoft.EventHub/namespaces/eventhubs-cli000002/networkRuleSets/default","name":"default","type":"Microsoft.EventHub/Namespaces/NetworkRuleSets","location":"West
        US","properties":{"publicNetworkAccess":"Enabled","defaultAction":"Allow","virtualNetworkRules":[{"subnet":{"id":"/subscriptions/00000000-0000-0000-0000-000000000000/resourcegroups/cli_test_eh_network000001/providers/Microsoft.Network/virtualNetworks/sbehvnettest1/subnets/default"},"ignoreMissingVnetServiceEndpoint":true},{"subnet":{"id":"/subscriptions/00000000-0000-0000-0000-000000000000/resourcegroups/cli_test_eh_network000001/providers/Microsoft.Network/virtualNetworks/sbehvnettest2/subnets/secondvnet"},"ignoreMissingVnetServiceEndpoint":true}],"ipRules":[{"ipMask":"1.1.1.1","action":"Allow"}]}}'
    headers:
      cache-control:
      - no-cache
      content-length:
      - '880'
      content-type:
      - application/json; charset=utf-8
      date:
      - Wed, 08 Feb 2023 11:20:35 GMT
      expires:
      - '-1'
      pragma:
      - no-cache
      server:
      - Service-Bus-Resource-Provider/SN1
      - Microsoft-HTTPAPI/2.0
      server-sb:
      - Service-Bus-Resource-Provider/SN1
      strict-transport-security:
      - max-age=31536000; includeSubDomains
      transfer-encoding:
      - chunked
      vary:
      - Accept-Encoding
      x-content-type-options:
      - nosniff
    status:
      code: 200
      message: OK
- request:
    body: '{"properties": {"defaultAction": "Allow", "virtualNetworkRules": [{"subnet":
      {"id": "/subscriptions/00000000-0000-0000-0000-000000000000/resourcegroups/cli_test_eh_network000001/providers/Microsoft.Network/virtualNetworks/sbehvnettest1/subnets/default"},
      "ignoreMissingVnetServiceEndpoint": true}, {"subnet": {"id": "/subscriptions/00000000-0000-0000-0000-000000000000/resourcegroups/cli_test_eh_network000001/providers/Microsoft.Network/virtualNetworks/sbehvnettest2/subnets/secondvnet"},
      "ignoreMissingVnetServiceEndpoint": true}], "ipRules": [{"ipMask": "1.1.1.1",
      "action": "Allow"}], "publicNetworkAccess": "Enabled"}}'
    headers:
      Accept:
      - application/json
      Accept-Encoding:
      - gzip, deflate
      CommandName:
      - eventhubs namespace network-rule update
      Connection:
      - keep-alive
      Content-Length:
      - '623'
      Content-Type:
      - application/json
      ParameterSetName:
      - --resource-group --name --public-network-access
      User-Agent:
      - AZURECLI/2.45.0 azsdk-python-azure-mgmt-eventhub/10.1.0 Python/3.8.0 (Windows-10-10.0.19041-SP0)
    method: PUT
    uri: https://management.azure.com/subscriptions/00000000-0000-0000-0000-000000000000/resourceGroups/cli_test_eh_network000001/providers/Microsoft.EventHub/namespaces/eventhubs-cli000002/networkRuleSets/default?api-version=2022-01-01-preview
  response:
    body:
      string: '{"id":"/subscriptions/00000000-0000-0000-0000-000000000000/resourceGroups/cli_test_eh_network000001/providers/Microsoft.EventHub/namespaces/eventhubs-cli000002/networkRuleSets/default","name":"default","type":"Microsoft.EventHub/Namespaces/NetworkRuleSets","location":"West
        US","properties":{"publicNetworkAccess":"Enabled","defaultAction":"Allow","virtualNetworkRules":[{"subnet":{"id":"/subscriptions/00000000-0000-0000-0000-000000000000/resourcegroups/cli_test_eh_network000001/providers/Microsoft.Network/virtualNetworks/sbehvnettest1/subnets/default"},"ignoreMissingVnetServiceEndpoint":true},{"subnet":{"id":"/subscriptions/00000000-0000-0000-0000-000000000000/resourcegroups/cli_test_eh_network000001/providers/Microsoft.Network/virtualNetworks/sbehvnettest2/subnets/secondvnet"},"ignoreMissingVnetServiceEndpoint":true}],"ipRules":[{"ipMask":"1.1.1.1","action":"Allow"}]}}'
    headers:
      cache-control:
      - no-cache
      content-length:
      - '880'
      content-type:
      - application/json; charset=utf-8
      date:
      - Wed, 08 Feb 2023 11:20:44 GMT
      expires:
      - '-1'
      pragma:
      - no-cache
      server:
      - Service-Bus-Resource-Provider/SN1
      - Microsoft-HTTPAPI/2.0
      server-sb:
      - Service-Bus-Resource-Provider/SN1
      strict-transport-security:
      - max-age=31536000; includeSubDomains
      transfer-encoding:
      - chunked
      vary:
      - Accept-Encoding
      x-content-type-options:
      - nosniff
      x-ms-ratelimit-remaining-subscription-writes:
      - '1199'
    status:
      code: 200
      message: OK
- request:
    body: null
    headers:
      Accept:
      - application/json
      Accept-Encoding:
      - gzip, deflate
      CommandName:
      - eventhubs namespace network-rule update
      Connection:
      - keep-alive
      ParameterSetName:
      - --resource-group --name --default-action
      User-Agent:
      - AZURECLI/2.45.0 azsdk-python-azure-mgmt-eventhub/10.1.0 Python/3.8.0 (Windows-10-10.0.19041-SP0)
    method: GET
    uri: https://management.azure.com/subscriptions/00000000-0000-0000-0000-000000000000/resourceGroups/cli_test_eh_network000001/providers/Microsoft.EventHub/namespaces/eventhubs-cli000002/networkRuleSets/default?api-version=2022-01-01-preview
  response:
    body:
      string: '{"id":"/subscriptions/00000000-0000-0000-0000-000000000000/resourceGroups/cli_test_eh_network000001/providers/Microsoft.EventHub/namespaces/eventhubs-cli000002/networkRuleSets/default","name":"default","type":"Microsoft.EventHub/Namespaces/NetworkRuleSets","location":"West
        US","properties":{"publicNetworkAccess":"Enabled","defaultAction":"Allow","virtualNetworkRules":[{"subnet":{"id":"/subscriptions/00000000-0000-0000-0000-000000000000/resourcegroups/cli_test_eh_network000001/providers/Microsoft.Network/virtualNetworks/sbehvnettest1/subnets/default"},"ignoreMissingVnetServiceEndpoint":true},{"subnet":{"id":"/subscriptions/00000000-0000-0000-0000-000000000000/resourcegroups/cli_test_eh_network000001/providers/Microsoft.Network/virtualNetworks/sbehvnettest2/subnets/secondvnet"},"ignoreMissingVnetServiceEndpoint":true}],"ipRules":[{"ipMask":"1.1.1.1","action":"Allow"}]}}'
    headers:
      cache-control:
      - no-cache
      content-length:
      - '880'
      content-type:
      - application/json; charset=utf-8
      date:
      - Wed, 08 Feb 2023 11:20:45 GMT
      expires:
      - '-1'
      pragma:
      - no-cache
      server:
      - Service-Bus-Resource-Provider/SN1
      - Microsoft-HTTPAPI/2.0
      server-sb:
      - Service-Bus-Resource-Provider/SN1
      strict-transport-security:
      - max-age=31536000; includeSubDomains
      transfer-encoding:
      - chunked
      vary:
      - Accept-Encoding
      x-content-type-options:
      - nosniff
    status:
      code: 200
      message: OK
- request:
    body: '{"properties": {"defaultAction": "Deny", "virtualNetworkRules": [{"subnet":
      {"id": "/subscriptions/00000000-0000-0000-0000-000000000000/resourcegroups/cli_test_eh_network000001/providers/Microsoft.Network/virtualNetworks/sbehvnettest1/subnets/default"},
      "ignoreMissingVnetServiceEndpoint": true}, {"subnet": {"id": "/subscriptions/00000000-0000-0000-0000-000000000000/resourcegroups/cli_test_eh_network000001/providers/Microsoft.Network/virtualNetworks/sbehvnettest2/subnets/secondvnet"},
      "ignoreMissingVnetServiceEndpoint": true}], "ipRules": [{"ipMask": "1.1.1.1",
      "action": "Allow"}], "publicNetworkAccess": "Enabled"}}'
    headers:
      Accept:
      - application/json
      Accept-Encoding:
      - gzip, deflate
      CommandName:
      - eventhubs namespace network-rule update
      Connection:
      - keep-alive
      Content-Length:
      - '622'
      Content-Type:
      - application/json
      ParameterSetName:
      - --resource-group --name --default-action
      User-Agent:
      - AZURECLI/2.45.0 azsdk-python-azure-mgmt-eventhub/10.1.0 Python/3.8.0 (Windows-10-10.0.19041-SP0)
    method: PUT
    uri: https://management.azure.com/subscriptions/00000000-0000-0000-0000-000000000000/resourceGroups/cli_test_eh_network000001/providers/Microsoft.EventHub/namespaces/eventhubs-cli000002/networkRuleSets/default?api-version=2022-01-01-preview
  response:
    body:
      string: '{"id":"/subscriptions/00000000-0000-0000-0000-000000000000/resourceGroups/cli_test_eh_network000001/providers/Microsoft.EventHub/namespaces/eventhubs-cli000002/networkRuleSets/default","name":"default","type":"Microsoft.EventHub/Namespaces/NetworkRuleSets","location":"West
        US","properties":{"publicNetworkAccess":"Enabled","defaultAction":"Deny","virtualNetworkRules":[{"subnet":{"id":"/subscriptions/00000000-0000-0000-0000-000000000000/resourcegroups/cli_test_eh_network000001/providers/Microsoft.Network/virtualNetworks/sbehvnettest1/subnets/default"},"ignoreMissingVnetServiceEndpoint":true},{"subnet":{"id":"/subscriptions/00000000-0000-0000-0000-000000000000/resourcegroups/cli_test_eh_network000001/providers/Microsoft.Network/virtualNetworks/sbehvnettest2/subnets/secondvnet"},"ignoreMissingVnetServiceEndpoint":true}],"ipRules":[{"ipMask":"1.1.1.1","action":"Allow"}]}}'
    headers:
      cache-control:
      - no-cache
      content-length:
      - '879'
      content-type:
      - application/json; charset=utf-8
      date:
      - Wed, 08 Feb 2023 11:20:53 GMT
      expires:
      - '-1'
      pragma:
      - no-cache
      server:
      - Service-Bus-Resource-Provider/SN1
      - Microsoft-HTTPAPI/2.0
      server-sb:
      - Service-Bus-Resource-Provider/SN1
      strict-transport-security:
      - max-age=31536000; includeSubDomains
      transfer-encoding:
      - chunked
      vary:
      - Accept-Encoding
      x-content-type-options:
      - nosniff
      x-ms-ratelimit-remaining-subscription-writes:
      - '1199'
    status:
      code: 200
      message: OK
- request:
    body: null
    headers:
      Accept:
      - application/json
      Accept-Encoding:
      - gzip, deflate
      CommandName:
      - eventhubs namespace network-rule update
      Connection:
      - keep-alive
      ParameterSetName:
      - --resource-group --name --default-action
      User-Agent:
      - AZURECLI/2.45.0 azsdk-python-azure-mgmt-eventhub/10.1.0 Python/3.8.0 (Windows-10-10.0.19041-SP0)
    method: GET
    uri: https://management.azure.com/subscriptions/00000000-0000-0000-0000-000000000000/resourceGroups/cli_test_eh_network000001/providers/Microsoft.EventHub/namespaces/eventhubs-cli000002/networkRuleSets/default?api-version=2022-01-01-preview
  response:
    body:
      string: '{"id":"/subscriptions/00000000-0000-0000-0000-000000000000/resourceGroups/cli_test_eh_network000001/providers/Microsoft.EventHub/namespaces/eventhubs-cli000002/networkRuleSets/default","name":"default","type":"Microsoft.EventHub/Namespaces/NetworkRuleSets","location":"West
        US","properties":{"publicNetworkAccess":"Enabled","defaultAction":"Deny","virtualNetworkRules":[{"subnet":{"id":"/subscriptions/00000000-0000-0000-0000-000000000000/resourcegroups/cli_test_eh_network000001/providers/Microsoft.Network/virtualNetworks/sbehvnettest1/subnets/default"},"ignoreMissingVnetServiceEndpoint":true},{"subnet":{"id":"/subscriptions/00000000-0000-0000-0000-000000000000/resourcegroups/cli_test_eh_network000001/providers/Microsoft.Network/virtualNetworks/sbehvnettest2/subnets/secondvnet"},"ignoreMissingVnetServiceEndpoint":true}],"ipRules":[{"ipMask":"1.1.1.1","action":"Allow"}]}}'
    headers:
      cache-control:
      - no-cache
      content-length:
      - '879'
      content-type:
      - application/json; charset=utf-8
      date:
      - Wed, 08 Feb 2023 11:20:55 GMT
      expires:
      - '-1'
      pragma:
      - no-cache
      server:
      - Service-Bus-Resource-Provider/SN1
      - Microsoft-HTTPAPI/2.0
      server-sb:
      - Service-Bus-Resource-Provider/SN1
      strict-transport-security:
      - max-age=31536000; includeSubDomains
      transfer-encoding:
      - chunked
      vary:
      - Accept-Encoding
      x-content-type-options:
      - nosniff
    status:
      code: 200
      message: OK
- request:
    body: '{"properties": {"defaultAction": "Allow", "virtualNetworkRules": [{"subnet":
      {"id": "/subscriptions/00000000-0000-0000-0000-000000000000/resourcegroups/cli_test_eh_network000001/providers/Microsoft.Network/virtualNetworks/sbehvnettest1/subnets/default"},
      "ignoreMissingVnetServiceEndpoint": true}, {"subnet": {"id": "/subscriptions/00000000-0000-0000-0000-000000000000/resourcegroups/cli_test_eh_network000001/providers/Microsoft.Network/virtualNetworks/sbehvnettest2/subnets/secondvnet"},
      "ignoreMissingVnetServiceEndpoint": true}], "ipRules": [{"ipMask": "1.1.1.1",
      "action": "Allow"}], "publicNetworkAccess": "Enabled"}}'
    headers:
      Accept:
      - application/json
      Accept-Encoding:
      - gzip, deflate
      CommandName:
      - eventhubs namespace network-rule update
      Connection:
      - keep-alive
      Content-Length:
      - '623'
      Content-Type:
      - application/json
      ParameterSetName:
      - --resource-group --name --default-action
      User-Agent:
      - AZURECLI/2.45.0 azsdk-python-azure-mgmt-eventhub/10.1.0 Python/3.8.0 (Windows-10-10.0.19041-SP0)
    method: PUT
    uri: https://management.azure.com/subscriptions/00000000-0000-0000-0000-000000000000/resourceGroups/cli_test_eh_network000001/providers/Microsoft.EventHub/namespaces/eventhubs-cli000002/networkRuleSets/default?api-version=2022-01-01-preview
  response:
    body:
      string: '{"id":"/subscriptions/00000000-0000-0000-0000-000000000000/resourceGroups/cli_test_eh_network000001/providers/Microsoft.EventHub/namespaces/eventhubs-cli000002/networkRuleSets/default","name":"default","type":"Microsoft.EventHub/Namespaces/NetworkRuleSets","location":"West
        US","properties":{"publicNetworkAccess":"Enabled","defaultAction":"Allow","virtualNetworkRules":[{"subnet":{"id":"/subscriptions/00000000-0000-0000-0000-000000000000/resourcegroups/cli_test_eh_network000001/providers/Microsoft.Network/virtualNetworks/sbehvnettest1/subnets/default"},"ignoreMissingVnetServiceEndpoint":true},{"subnet":{"id":"/subscriptions/00000000-0000-0000-0000-000000000000/resourcegroups/cli_test_eh_network000001/providers/Microsoft.Network/virtualNetworks/sbehvnettest2/subnets/secondvnet"},"ignoreMissingVnetServiceEndpoint":true}],"ipRules":[{"ipMask":"1.1.1.1","action":"Allow"}]}}'
    headers:
      cache-control:
      - no-cache
      content-length:
      - '880'
      content-type:
      - application/json; charset=utf-8
      date:
      - Wed, 08 Feb 2023 11:21:03 GMT
      expires:
      - '-1'
      pragma:
      - no-cache
      server:
      - Service-Bus-Resource-Provider/SN1
      - Microsoft-HTTPAPI/2.0
      server-sb:
      - Service-Bus-Resource-Provider/SN1
      strict-transport-security:
      - max-age=31536000; includeSubDomains
      transfer-encoding:
      - chunked
      vary:
      - Accept-Encoding
      x-content-type-options:
      - nosniff
      x-ms-ratelimit-remaining-subscription-writes:
      - '1199'
    status:
      code: 200
      message: OK
- request:
    body: null
    headers:
      Accept:
      - application/json
      Accept-Encoding:
      - gzip, deflate
      CommandName:
      - eventhubs namespace network-rule update
      Connection:
      - keep-alive
      ParameterSetName:
      - --resource-group --name --enable-trusted-service-access
      User-Agent:
      - AZURECLI/2.45.0 azsdk-python-azure-mgmt-eventhub/10.1.0 Python/3.8.0 (Windows-10-10.0.19041-SP0)
    method: GET
    uri: https://management.azure.com/subscriptions/00000000-0000-0000-0000-000000000000/resourceGroups/cli_test_eh_network000001/providers/Microsoft.EventHub/namespaces/eventhubs-cli000002/networkRuleSets/default?api-version=2022-01-01-preview
  response:
    body:
      string: '{"id":"/subscriptions/00000000-0000-0000-0000-000000000000/resourceGroups/cli_test_eh_network000001/providers/Microsoft.EventHub/namespaces/eventhubs-cli000002/networkRuleSets/default","name":"default","type":"Microsoft.EventHub/Namespaces/NetworkRuleSets","location":"West
        US","properties":{"publicNetworkAccess":"Enabled","defaultAction":"Allow","virtualNetworkRules":[{"subnet":{"id":"/subscriptions/00000000-0000-0000-0000-000000000000/resourcegroups/cli_test_eh_network000001/providers/Microsoft.Network/virtualNetworks/sbehvnettest1/subnets/default"},"ignoreMissingVnetServiceEndpoint":true},{"subnet":{"id":"/subscriptions/00000000-0000-0000-0000-000000000000/resourcegroups/cli_test_eh_network000001/providers/Microsoft.Network/virtualNetworks/sbehvnettest2/subnets/secondvnet"},"ignoreMissingVnetServiceEndpoint":true}],"ipRules":[{"ipMask":"1.1.1.1","action":"Allow"}]}}'
    headers:
      cache-control:
      - no-cache
      content-length:
      - '880'
      content-type:
      - application/json; charset=utf-8
      date:
      - Wed, 08 Feb 2023 11:21:04 GMT
      expires:
      - '-1'
      pragma:
      - no-cache
      server:
      - Service-Bus-Resource-Provider/SN1
      - Microsoft-HTTPAPI/2.0
      server-sb:
      - Service-Bus-Resource-Provider/SN1
      strict-transport-security:
      - max-age=31536000; includeSubDomains
      transfer-encoding:
      - chunked
      vary:
      - Accept-Encoding
      x-content-type-options:
      - nosniff
    status:
      code: 200
      message: OK
- request:
    body: '{"properties": {"trustedServiceAccessEnabled": true, "defaultAction": "Allow",
      "virtualNetworkRules": [{"subnet": {"id": "/subscriptions/00000000-0000-0000-0000-000000000000/resourcegroups/cli_test_eh_network000001/providers/Microsoft.Network/virtualNetworks/sbehvnettest1/subnets/default"},
      "ignoreMissingVnetServiceEndpoint": true}, {"subnet": {"id": "/subscriptions/00000000-0000-0000-0000-000000000000/resourcegroups/cli_test_eh_network000001/providers/Microsoft.Network/virtualNetworks/sbehvnettest2/subnets/secondvnet"},
      "ignoreMissingVnetServiceEndpoint": true}], "ipRules": [{"ipMask": "1.1.1.1",
      "action": "Allow"}], "publicNetworkAccess": "Enabled"}}'
    headers:
      Accept:
      - application/json
      Accept-Encoding:
      - gzip, deflate
      CommandName:
      - eventhubs namespace network-rule update
      Connection:
      - keep-alive
      Content-Length:
      - '660'
      Content-Type:
      - application/json
      ParameterSetName:
      - --resource-group --name --enable-trusted-service-access
      User-Agent:
      - AZURECLI/2.45.0 azsdk-python-azure-mgmt-eventhub/10.1.0 Python/3.8.0 (Windows-10-10.0.19041-SP0)
    method: PUT
    uri: https://management.azure.com/subscriptions/00000000-0000-0000-0000-000000000000/resourceGroups/cli_test_eh_network000001/providers/Microsoft.EventHub/namespaces/eventhubs-cli000002/networkRuleSets/default?api-version=2022-01-01-preview
  response:
    body:
      string: '{"id":"/subscriptions/00000000-0000-0000-0000-000000000000/resourceGroups/cli_test_eh_network000001/providers/Microsoft.EventHub/namespaces/eventhubs-cli000002/networkRuleSets/default","name":"default","type":"Microsoft.EventHub/Namespaces/NetworkRuleSets","location":"West
        US","properties":{"publicNetworkAccess":"Enabled","defaultAction":"Allow","virtualNetworkRules":[{"subnet":{"id":"/subscriptions/00000000-0000-0000-0000-000000000000/resourcegroups/cli_test_eh_network000001/providers/Microsoft.Network/virtualNetworks/sbehvnettest1/subnets/default"},"ignoreMissingVnetServiceEndpoint":true},{"subnet":{"id":"/subscriptions/00000000-0000-0000-0000-000000000000/resourcegroups/cli_test_eh_network000001/providers/Microsoft.Network/virtualNetworks/sbehvnettest2/subnets/secondvnet"},"ignoreMissingVnetServiceEndpoint":true}],"ipRules":[{"ipMask":"1.1.1.1","action":"Allow"}],"trustedServiceAccessEnabled":true}}'
    headers:
      cache-control:
      - no-cache
      content-length:
      - '915'
      content-type:
      - application/json; charset=utf-8
      date:
      - Wed, 08 Feb 2023 11:21:14 GMT
      expires:
      - '-1'
      pragma:
      - no-cache
      server:
      - Service-Bus-Resource-Provider/SN1
      - Microsoft-HTTPAPI/2.0
      server-sb:
      - Service-Bus-Resource-Provider/SN1
      strict-transport-security:
      - max-age=31536000; includeSubDomains
      transfer-encoding:
      - chunked
      vary:
      - Accept-Encoding
      x-content-type-options:
      - nosniff
      x-ms-ratelimit-remaining-subscription-writes:
      - '1199'
    status:
      code: 200
      message: OK
- request:
    body: null
    headers:
      Accept:
      - application/json
      Accept-Encoding:
      - gzip, deflate
      CommandName:
      - eventhubs namespace network-rule update
      Connection:
      - keep-alive
      ParameterSetName:
      - --resource-group --name --enable-trusted-service-access
      User-Agent:
      - AZURECLI/2.45.0 azsdk-python-azure-mgmt-eventhub/10.1.0 Python/3.8.0 (Windows-10-10.0.19041-SP0)
    method: GET
    uri: https://management.azure.com/subscriptions/00000000-0000-0000-0000-000000000000/resourceGroups/cli_test_eh_network000001/providers/Microsoft.EventHub/namespaces/eventhubs-cli000002/networkRuleSets/default?api-version=2022-01-01-preview
  response:
    body:
      string: '{"id":"/subscriptions/00000000-0000-0000-0000-000000000000/resourceGroups/cli_test_eh_network000001/providers/Microsoft.EventHub/namespaces/eventhubs-cli000002/networkRuleSets/default","name":"default","type":"Microsoft.EventHub/Namespaces/NetworkRuleSets","location":"West
        US","properties":{"publicNetworkAccess":"Enabled","defaultAction":"Allow","virtualNetworkRules":[{"subnet":{"id":"/subscriptions/00000000-0000-0000-0000-000000000000/resourcegroups/cli_test_eh_network000001/providers/Microsoft.Network/virtualNetworks/sbehvnettest1/subnets/default"},"ignoreMissingVnetServiceEndpoint":true},{"subnet":{"id":"/subscriptions/00000000-0000-0000-0000-000000000000/resourcegroups/cli_test_eh_network000001/providers/Microsoft.Network/virtualNetworks/sbehvnettest2/subnets/secondvnet"},"ignoreMissingVnetServiceEndpoint":true}],"ipRules":[{"ipMask":"1.1.1.1","action":"Allow"}],"trustedServiceAccessEnabled":true}}'
    headers:
      cache-control:
      - no-cache
      content-length:
      - '915'
      content-type:
      - application/json; charset=utf-8
      date:
      - Wed, 08 Feb 2023 11:21:15 GMT
      expires:
      - '-1'
      pragma:
      - no-cache
      server:
      - Service-Bus-Resource-Provider/SN1
      - Microsoft-HTTPAPI/2.0
      server-sb:
      - Service-Bus-Resource-Provider/SN1
      strict-transport-security:
      - max-age=31536000; includeSubDomains
      transfer-encoding:
      - chunked
      vary:
      - Accept-Encoding
      x-content-type-options:
      - nosniff
    status:
      code: 200
      message: OK
- request:
    body: '{"properties": {"trustedServiceAccessEnabled": false, "defaultAction":
      "Allow", "virtualNetworkRules": [{"subnet": {"id": "/subscriptions/00000000-0000-0000-0000-000000000000/resourcegroups/cli_test_eh_network000001/providers/Microsoft.Network/virtualNetworks/sbehvnettest1/subnets/default"},
      "ignoreMissingVnetServiceEndpoint": true}, {"subnet": {"id": "/subscriptions/00000000-0000-0000-0000-000000000000/resourcegroups/cli_test_eh_network000001/providers/Microsoft.Network/virtualNetworks/sbehvnettest2/subnets/secondvnet"},
      "ignoreMissingVnetServiceEndpoint": true}], "ipRules": [{"ipMask": "1.1.1.1",
      "action": "Allow"}], "publicNetworkAccess": "Enabled"}}'
    headers:
      Accept:
      - application/json
      Accept-Encoding:
      - gzip, deflate
      CommandName:
      - eventhubs namespace network-rule update
      Connection:
      - keep-alive
      Content-Length:
      - '661'
      Content-Type:
      - application/json
      ParameterSetName:
      - --resource-group --name --enable-trusted-service-access
      User-Agent:
      - AZURECLI/2.45.0 azsdk-python-azure-mgmt-eventhub/10.1.0 Python/3.8.0 (Windows-10-10.0.19041-SP0)
    method: PUT
    uri: https://management.azure.com/subscriptions/00000000-0000-0000-0000-000000000000/resourceGroups/cli_test_eh_network000001/providers/Microsoft.EventHub/namespaces/eventhubs-cli000002/networkRuleSets/default?api-version=2022-01-01-preview
  response:
    body:
      string: '{"id":"/subscriptions/00000000-0000-0000-0000-000000000000/resourceGroups/cli_test_eh_network000001/providers/Microsoft.EventHub/namespaces/eventhubs-cli000002/networkRuleSets/default","name":"default","type":"Microsoft.EventHub/Namespaces/NetworkRuleSets","location":"West
        US","properties":{"publicNetworkAccess":"Enabled","defaultAction":"Allow","virtualNetworkRules":[{"subnet":{"id":"/subscriptions/00000000-0000-0000-0000-000000000000/resourcegroups/cli_test_eh_network000001/providers/Microsoft.Network/virtualNetworks/sbehvnettest1/subnets/default"},"ignoreMissingVnetServiceEndpoint":true},{"subnet":{"id":"/subscriptions/00000000-0000-0000-0000-000000000000/resourcegroups/cli_test_eh_network000001/providers/Microsoft.Network/virtualNetworks/sbehvnettest2/subnets/secondvnet"},"ignoreMissingVnetServiceEndpoint":true}],"ipRules":[{"ipMask":"1.1.1.1","action":"Allow"}]}}'
    headers:
      cache-control:
      - no-cache
      content-length:
      - '880'
      content-type:
      - application/json; charset=utf-8
      date:
      - Wed, 08 Feb 2023 11:21:24 GMT
      expires:
      - '-1'
      pragma:
      - no-cache
      server:
      - Service-Bus-Resource-Provider/SN1
      - Microsoft-HTTPAPI/2.0
      server-sb:
      - Service-Bus-Resource-Provider/SN1
      strict-transport-security:
      - max-age=31536000; includeSubDomains
      transfer-encoding:
      - chunked
      vary:
      - Accept-Encoding
      x-content-type-options:
      - nosniff
      x-ms-ratelimit-remaining-subscription-writes:
      - '1199'
    status:
      code: 200
      message: OK
- request:
    body: null
    headers:
      Accept:
      - application/json
      Accept-Encoding:
      - gzip, deflate
      CommandName:
      - eventhubs namespace network-rule list
      Connection:
      - keep-alive
      ParameterSetName:
      - --resource-group --name
      User-Agent:
      - AZURECLI/2.45.0 azsdk-python-azure-mgmt-eventhub/10.1.0 Python/3.8.0 (Windows-10-10.0.19041-SP0)
    method: GET
    uri: https://management.azure.com/subscriptions/00000000-0000-0000-0000-000000000000/resourceGroups/cli_test_eh_network000001/providers/Microsoft.EventHub/namespaces/eventhubs-cli000002/networkRuleSets/default?api-version=2022-01-01-preview
  response:
    body:
      string: '{"id":"/subscriptions/00000000-0000-0000-0000-000000000000/resourceGroups/cli_test_eh_network000001/providers/Microsoft.EventHub/namespaces/eventhubs-cli000002/networkRuleSets/default","name":"default","type":"Microsoft.EventHub/Namespaces/NetworkRuleSets","location":"West
        US","properties":{"publicNetworkAccess":"Enabled","defaultAction":"Allow","virtualNetworkRules":[{"subnet":{"id":"/subscriptions/00000000-0000-0000-0000-000000000000/resourcegroups/cli_test_eh_network000001/providers/Microsoft.Network/virtualNetworks/sbehvnettest1/subnets/default"},"ignoreMissingVnetServiceEndpoint":true},{"subnet":{"id":"/subscriptions/00000000-0000-0000-0000-000000000000/resourcegroups/cli_test_eh_network000001/providers/Microsoft.Network/virtualNetworks/sbehvnettest2/subnets/secondvnet"},"ignoreMissingVnetServiceEndpoint":true}],"ipRules":[{"ipMask":"1.1.1.1","action":"Allow"}]}}'
    headers:
      cache-control:
      - no-cache
      content-length:
      - '880'
      content-type:
      - application/json; charset=utf-8
      date:
      - Wed, 08 Feb 2023 11:21:25 GMT
      expires:
      - '-1'
      pragma:
      - no-cache
      server:
      - Service-Bus-Resource-Provider/SN1
      - Microsoft-HTTPAPI/2.0
      server-sb:
      - Service-Bus-Resource-Provider/SN1
      strict-transport-security:
      - max-age=31536000; includeSubDomains
      transfer-encoding:
      - chunked
      vary:
      - Accept-Encoding
      x-content-type-options:
      - nosniff
    status:
      code: 200
      message: OK
- request:
    body: null
    headers:
      Accept:
      - application/json
      Accept-Encoding:
      - gzip, deflate
      CommandName:
      - eventhubs namespace network-rule remove
      Connection:
      - keep-alive
      ParameterSetName:
      - --resource-group --name --subnet
      User-Agent:
      - AZURECLI/2.45.0 azsdk-python-azure-mgmt-eventhub/10.1.0 Python/3.8.0 (Windows-10-10.0.19041-SP0)
    method: GET
    uri: https://management.azure.com/subscriptions/00000000-0000-0000-0000-000000000000/resourceGroups/cli_test_eh_network000001/providers/Microsoft.EventHub/namespaces/eventhubs-cli000002/networkRuleSets/default?api-version=2022-01-01-preview
  response:
    body:
      string: '{"id":"/subscriptions/00000000-0000-0000-0000-000000000000/resourceGroups/cli_test_eh_network000001/providers/Microsoft.EventHub/namespaces/eventhubs-cli000002/networkRuleSets/default","name":"default","type":"Microsoft.EventHub/Namespaces/NetworkRuleSets","location":"West
        US","properties":{"publicNetworkAccess":"Enabled","defaultAction":"Allow","virtualNetworkRules":[{"subnet":{"id":"/subscriptions/00000000-0000-0000-0000-000000000000/resourcegroups/cli_test_eh_network000001/providers/Microsoft.Network/virtualNetworks/sbehvnettest1/subnets/default"},"ignoreMissingVnetServiceEndpoint":true},{"subnet":{"id":"/subscriptions/00000000-0000-0000-0000-000000000000/resourcegroups/cli_test_eh_network000001/providers/Microsoft.Network/virtualNetworks/sbehvnettest2/subnets/secondvnet"},"ignoreMissingVnetServiceEndpoint":true}],"ipRules":[{"ipMask":"1.1.1.1","action":"Allow"}]}}'
    headers:
      cache-control:
      - no-cache
      content-length:
      - '880'
      content-type:
      - application/json; charset=utf-8
      date:
      - Wed, 08 Feb 2023 11:21:25 GMT
      expires:
      - '-1'
      pragma:
      - no-cache
      server:
      - Service-Bus-Resource-Provider/SN1
      - Microsoft-HTTPAPI/2.0
      server-sb:
      - Service-Bus-Resource-Provider/SN1
      strict-transport-security:
      - max-age=31536000; includeSubDomains
      transfer-encoding:
      - chunked
      vary:
      - Accept-Encoding
      x-content-type-options:
      - nosniff
    status:
      code: 200
      message: OK
- request:
    body: '{"properties": {"defaultAction": "Allow", "virtualNetworkRules": [{"subnet":
      {"id": "/subscriptions/00000000-0000-0000-0000-000000000000/resourcegroups/cli_test_eh_network000001/providers/Microsoft.Network/virtualNetworks/sbehvnettest1/subnets/default"},
      "ignoreMissingVnetServiceEndpoint": true}], "ipRules": [{"ipMask": "1.1.1.1",
      "action": "Allow"}], "publicNetworkAccess": "Enabled"}}'
    headers:
      Accept:
      - application/json
      Accept-Encoding:
      - gzip, deflate
      CommandName:
      - eventhubs namespace network-rule remove
      Connection:
      - keep-alive
      Content-Length:
      - '388'
      Content-Type:
      - application/json
      ParameterSetName:
      - --resource-group --name --subnet
      User-Agent:
      - AZURECLI/2.45.0 azsdk-python-azure-mgmt-eventhub/10.1.0 Python/3.8.0 (Windows-10-10.0.19041-SP0)
    method: PUT
    uri: https://management.azure.com/subscriptions/00000000-0000-0000-0000-000000000000/resourceGroups/cli_test_eh_network000001/providers/Microsoft.EventHub/namespaces/eventhubs-cli000002/networkRuleSets/default?api-version=2022-01-01-preview
  response:
    body:
      string: '{"id":"/subscriptions/00000000-0000-0000-0000-000000000000/resourceGroups/cli_test_eh_network000001/providers/Microsoft.EventHub/namespaces/eventhubs-cli000002/networkRuleSets/default","name":"default","type":"Microsoft.EventHub/Namespaces/NetworkRuleSets","location":"West
        US","properties":{"publicNetworkAccess":"Enabled","defaultAction":"Allow","virtualNetworkRules":[{"subnet":{"id":"/subscriptions/00000000-0000-0000-0000-000000000000/resourcegroups/cli_test_eh_network000001/providers/Microsoft.Network/virtualNetworks/sbehvnettest1/subnets/default"},"ignoreMissingVnetServiceEndpoint":true}],"ipRules":[{"ipMask":"1.1.1.1","action":"Allow"}]}}'
    headers:
      cache-control:
      - no-cache
      content-length:
      - '650'
      content-type:
      - application/json; charset=utf-8
      date:
      - Wed, 08 Feb 2023 11:21:35 GMT
      expires:
      - '-1'
      pragma:
      - no-cache
      server:
      - Service-Bus-Resource-Provider/SN1
      - Microsoft-HTTPAPI/2.0
      server-sb:
      - Service-Bus-Resource-Provider/SN1
      strict-transport-security:
      - max-age=31536000; includeSubDomains
      transfer-encoding:
      - chunked
      vary:
      - Accept-Encoding
      x-content-type-options:
      - nosniff
      x-ms-ratelimit-remaining-subscription-writes:
      - '1199'
    status:
      code: 200
      message: OK
- request:
    body: null
    headers:
      Accept:
      - application/json
      Accept-Encoding:
      - gzip, deflate
      CommandName:
      - eventhubs namespace delete
      Connection:
      - keep-alive
      Content-Length:
      - '0'
      ParameterSetName:
      - --resource-group --name
      User-Agent:
      - AZURECLI/2.45.0 azsdk-python-azure-mgmt-eventhub/10.1.0 Python/3.8.0 (Windows-10-10.0.19041-SP0)
    method: DELETE
    uri: https://management.azure.com/subscriptions/00000000-0000-0000-0000-000000000000/resourceGroups/cli_test_eh_network000001/providers/Microsoft.EventHub/namespaces/eventhubs-cli000002?api-version=2022-01-01-preview
  response:
    body:
      string: ''
    headers:
      cache-control:
      - no-cache
      content-length:
      - '0'
      date:
      - Wed, 08 Feb 2023 11:21:37 GMT
      expires:
      - '-1'
      location:
      - https://management.azure.com/subscriptions/00000000-0000-0000-0000-000000000000/resourcegroups/cli_test_eh_network000001/providers/Microsoft.EventHub/locations/westus/operationStatus/eventhubs-cli000002?api-version=2022-01-01-preview&resourceType=Namespace
      pragma:
      - no-cache
      server:
      - Service-Bus-Resource-Provider/SN1
      - Microsoft-HTTPAPI/2.0
      server-sb:
      - Service-Bus-Resource-Provider/SN1
      strict-transport-security:
      - max-age=31536000; includeSubDomains
      x-content-type-options:
      - nosniff
      x-ms-ratelimit-remaining-subscription-deletes:
      - '14999'
    status:
      code: 202
      message: Accepted
- request:
    body: null
    headers:
      Accept:
      - '*/*'
      Accept-Encoding:
      - gzip, deflate
      CommandName:
      - eventhubs namespace delete
      Connection:
      - keep-alive
      ParameterSetName:
      - --resource-group --name
      User-Agent:
      - AZURECLI/2.45.0 azsdk-python-azure-mgmt-eventhub/10.1.0 Python/3.8.0 (Windows-10-10.0.19041-SP0)
    method: GET
    uri: https://management.azure.com/subscriptions/00000000-0000-0000-0000-000000000000/resourcegroups/cli_test_eh_network000001/providers/Microsoft.EventHub/locations/westus/operationStatus/eventhubs-cli000002?api-version=2022-01-01-preview&resourceType=Namespace
  response:
    body:
      string: ''
    headers:
      cache-control:
      - no-cache
      date:
      - Wed, 08 Feb 2023 11:22:06 GMT
      expires:
      - '-1'
      pragma:
      - no-cache
      server:
      - Service-Bus-Resource-Provider/SN1
      - Microsoft-HTTPAPI/2.0
      server-sb:
      - Service-Bus-Resource-Provider/SN1
      strict-transport-security:
      - max-age=31536000; includeSubDomains
      x-content-type-options:
      - nosniff
    status:
      code: 204
      message: No Content
version: 1
