interactions:
- request:
    body: '{"location": "westus", "tags": {"product": "azurecli", "cause": "automation",
      "date": "2018-10-09T17:21:06Z"}}'
    headers:
      Accept: [application/json]
      Accept-Encoding: ['gzip, deflate']
      CommandName: [group create]
      Connection: [keep-alive]
      Content-Length: ['110']
      Content-Type: [application/json; charset=utf-8]
      User-Agent: [python/3.7.0 (Windows-10-10.0.17763-SP0) requests/2.19.1 msrest/0.5.5
          msrest_azure/0.4.34 resourcemanagementclient/2.0.0 Azure-SDK-For-Python
          AZURECLI/2.0.47]
      accept-language: [en-US]
    method: PUT
    uri: https://management.azure.com/subscriptions/00000000-0000-0000-0000-000000000000/resourcegroups/clitest.rg000001?api-version=2018-05-01
  response:
    body: {string: '{"id":"/subscriptions/00000000-0000-0000-0000-000000000000/resourceGroups/clitest.rg000001","name":"clitest.rg000001","location":"westus","tags":{"product":"azurecli","cause":"automation","date":"2018-10-09T17:21:06Z"},"properties":{"provisioningState":"Succeeded"}}'}
    headers:
      cache-control: [no-cache]
      content-length: ['384']
      content-type: [application/json; charset=utf-8]
      date: ['Tue, 09 Oct 2018 17:21:11 GMT']
      expires: ['-1']
      pragma: [no-cache]
      strict-transport-security: [max-age=31536000; includeSubDomains]
      x-content-type-options: [nosniff]
      x-ms-ratelimit-remaining-subscription-writes: ['1199']
    status: {code: 201, message: Created}
- request:
    body: 'b''{"name": "iotc-cli-test000002"}'''
    headers:
      Accept: [application/json]
      Accept-Encoding: ['gzip, deflate']
      CommandName: [iotcentral app create]
      Connection: [keep-alive]
      Content-Length: ['36']
      Content-Type: [application/json; charset=utf-8]
      User-Agent: [python/3.7.0 (Windows-10-10.0.17763-SP0) requests/2.19.1 msrest/0.5.5
          msrest_azure/0.4.34 azure-mgmt-iotcentral/0.2.0 Azure-SDK-For-Python AZURECLI/2.0.47]
      accept-language: [en-US]
    method: POST
    uri: https://management.azure.com/subscriptions/00000000-0000-0000-0000-000000000000/providers/Microsoft.IoTCentral/checkNameAvailability?api-version=2018-09-01
  response:
    body: {string: '{"nameAvailable":true}'}
    headers:
      cache-control: ['no-store, must-revalidate, no-cache, max-stale=0, private,
          post-check=0, pre-check=0']
      content-length: ['22']
      content-type: [application/json; charset=utf-8]
      date: ['Tue, 09 Oct 2018 17:21:12 GMT']
      etag: [W/"16-4/x+wI91pK3bZiWtoOg+Zr/n2HE"]
      server: [openresty]
      strict-transport-security: [max-age=31536000; includeSubDomains]
      transfer-encoding: [chunked]
      vary: ['Accept-Encoding,Accept-Encoding']
      x-content-type-options: [nosniff]
      x-iot-cluster: [iotcprodeastus01]
      x-iot-version: ['20181004.13']
      x-ms-ratelimit-remaining-subscription-writes: ['1199']
      x-powered-by: [Express]
    status: {code: 200, message: OK}
- request:
    body: null
    headers:
      Accept: [application/json]
      Accept-Encoding: ['gzip, deflate']
      CommandName: [iotcentral app create]
      Connection: [keep-alive]
      Content-Type: [application/json; charset=utf-8]
      User-Agent: [python/3.7.0 (Windows-10-10.0.17763-SP0) requests/2.19.1 msrest/0.5.5
          msrest_azure/0.4.34 resourcemanagementclient/2.0.0 Azure-SDK-For-Python
          AZURECLI/2.0.47]
      accept-language: [en-US]
    method: GET
    uri: https://management.azure.com/subscriptions/00000000-0000-0000-0000-000000000000/resourcegroups/clitest.rg000001?api-version=2018-05-01
  response:
    body: {string: '{"id":"/subscriptions/00000000-0000-0000-0000-000000000000/resourceGroups/clitest.rg000001","name":"clitest.rg000001","location":"westus","tags":{"product":"azurecli","cause":"automation","date":"2018-10-09T17:21:06Z"},"properties":{"provisioningState":"Succeeded"}}'}
    headers:
      cache-control: [no-cache]
      content-length: ['384']
      content-type: [application/json; charset=utf-8]
      date: ['Tue, 09 Oct 2018 17:21:12 GMT']
      expires: ['-1']
      pragma: [no-cache]
      strict-transport-security: [max-age=31536000; includeSubDomains]
      vary: [Accept-Encoding]
      x-content-type-options: [nosniff]
    status: {code: 200, message: OK}
- request:
    body: 'b''{"location": "westus", "properties": {"displayName": "iotc-cli-test000002",
      "subdomain": "iotc-cli-test000002"}, "sku": {"name": "S1"}}'''
    headers:
      Accept: [application/json]
      Accept-Encoding: ['gzip, deflate']
      CommandName: [iotcentral app create]
      Connection: [keep-alive]
      Content-Length: ['145']
      Content-Type: [application/json; charset=utf-8]
      User-Agent: [python/3.7.0 (Windows-10-10.0.17763-SP0) requests/2.19.1 msrest/0.5.5
          msrest_azure/0.4.34 azure-mgmt-iotcentral/0.2.0 Azure-SDK-For-Python AZURECLI/2.0.47]
      accept-language: [en-US]
    method: PUT
    uri: https://management.azure.com/subscriptions/00000000-0000-0000-0000-000000000000/resourceGroups/clitest.rg000001/providers/Microsoft.IoTCentral/IoTApps/iotc-cli-test000002?api-version=2018-09-01
  response:
    body: {string: '{"id":"/subscriptions/00000000-0000-0000-0000-000000000000/resourceGroups/clitest.rg000001/providers/Microsoft.IoTCentral/IoTApps/iotc-cli-test000002","name":"iotc-cli-test000002","type":"Microsoft.IoTCentral/IoTApps","location":"westus","properties":{"applicationId":"26972ef4-c1c5-4487-a770-30b7a2bab871","state":"created","displayName":"iotc-cli-test000002","tenant":"72f988bf-86f1-41af-91ab-2d7cd011db47","subdomain":"iotc-cli-test000002","createdDate":"2018-10-09T17:21:14.885Z","template":"iotc-default@1.0.0"},"sku":{"name":"S1"},"etag":"\"00000541-0000-0000-0000-5bbce38a0000\""}'}
    headers:
      cache-control: ['no-store, must-revalidate, no-cache, max-stale=0, private,
          post-check=0, pre-check=0']
      content-length: ['666']
      content-type: [application/json; charset=utf-8]
      date: ['Tue, 09 Oct 2018 17:21:14 GMT']
      etag: ['"00000541-0000-0000-0000-5bbce38a0000"']
      server: [openresty]
      strict-transport-security: [max-age=31536000; includeSubDomains]
      x-content-type-options: [nosniff]
      x-iot-cluster: [iotcprodeastus01]
      x-iot-version: ['20181004.13']
      x-ms-ratelimit-remaining-subscription-writes: ['1199']
      x-powered-by: [Express]
    status: {code: 201, message: Created}
- request:
    body: null
    headers:
      Accept: [application/json]
      Accept-Encoding: ['gzip, deflate']
      CommandName: [iotcentral app create]
      Connection: [keep-alive]
      User-Agent: [python/3.7.0 (Windows-10-10.0.17763-SP0) requests/2.19.1 msrest/0.5.5
          msrest_azure/0.4.34 azure-mgmt-iotcentral/0.2.0 Azure-SDK-For-Python AZURECLI/2.0.47]
    method: GET
    uri: https://management.azure.com/subscriptions/00000000-0000-0000-0000-000000000000/resourceGroups/clitest.rg000001/providers/Microsoft.IoTCentral/IoTApps/iotc-cli-test000002?api-version=2018-09-01
  response:
    body: {string: '{"id":"/subscriptions/00000000-0000-0000-0000-000000000000/resourceGroups/clitest.rg000001/providers/Microsoft.IoTCentral/IoTApps/iotc-cli-test000002","name":"iotc-cli-test000002","type":"Microsoft.IoTCentral/IoTApps","location":"westus","properties":{"applicationId":"26972ef4-c1c5-4487-a770-30b7a2bab871","state":"created","displayName":"iotc-cli-test000002","tenant":"72f988bf-86f1-41af-91ab-2d7cd011db47","subdomain":"iotc-cli-test000002","createdDate":"2018-10-09T17:21:14.885Z","template":"iotc-default@1.0.0"},"sku":{"name":"S1"},"etag":"\"00000541-0000-0000-0000-5bbce38a0000\""}'}
    headers:
      cache-control: ['no-store, must-revalidate, no-cache, max-stale=0, private,
          post-check=0, pre-check=0']
      content-length: ['666']
      content-type: [application/json; charset=utf-8]
      date: ['Tue, 09 Oct 2018 17:21:46 GMT']
      etag: [W/"00000541-0000-0000-0000-5bbce38a0000"]
      server: [openresty]
      strict-transport-security: [max-age=31536000; includeSubDomains]
      transfer-encoding: [chunked]
      vary: ['Accept-Encoding,Accept-Encoding']
      x-content-type-options: [nosniff]
      x-iot-cluster: [iotcprodeastus01]
      x-iot-version: ['20181004.13']
      x-powered-by: [Express]
    status: {code: 200, message: OK}
- request:
    body: 'b''{"name": "iotc-cli-test000002-template"}'''
    headers:
      Accept: [application/json]
      Accept-Encoding: ['gzip, deflate']
      CommandName: [iotcentral app create]
      Connection: [keep-alive]
      Content-Length: ['45']
      Content-Type: [application/json; charset=utf-8]
      User-Agent: [python/3.7.0 (Windows-10-10.0.17763-SP0) requests/2.19.1 msrest/0.5.5
          msrest_azure/0.4.34 azure-mgmt-iotcentral/0.2.0 Azure-SDK-For-Python AZURECLI/2.0.47]
      accept-language: [en-US]
    method: POST
    uri: https://management.azure.com/subscriptions/00000000-0000-0000-0000-000000000000/providers/Microsoft.IoTCentral/checkNameAvailability?api-version=2018-09-01
  response:
    body: {string: '{"nameAvailable":true}'}
    headers:
      cache-control: ['no-store, must-revalidate, no-cache, max-stale=0, private,
          post-check=0, pre-check=0']
      content-length: ['22']
      content-type: [application/json; charset=utf-8]
      date: ['Tue, 09 Oct 2018 17:21:47 GMT']
      etag: [W/"16-4/x+wI91pK3bZiWtoOg+Zr/n2HE"]
      server: [openresty]
      strict-transport-security: [max-age=31536000; includeSubDomains]
      transfer-encoding: [chunked]
      vary: ['Accept-Encoding,Accept-Encoding']
      x-content-type-options: [nosniff]
      x-iot-cluster: [iotcprodeastus01]
      x-iot-version: ['20181004.13']
      x-ms-ratelimit-remaining-subscription-writes: ['1199']
      x-powered-by: [Express]
    status: {code: 200, message: OK}
- request:
    body: null
    headers:
      Accept: [application/json]
      Accept-Encoding: ['gzip, deflate']
      CommandName: [iotcentral app create]
      Connection: [keep-alive]
      Content-Type: [application/json; charset=utf-8]
      User-Agent: [python/3.7.0 (Windows-10-10.0.17763-SP0) requests/2.19.1 msrest/0.5.5
          msrest_azure/0.4.34 resourcemanagementclient/2.0.0 Azure-SDK-For-Python
          AZURECLI/2.0.47]
      accept-language: [en-US]
    method: GET
    uri: https://management.azure.com/subscriptions/00000000-0000-0000-0000-000000000000/resourcegroups/clitest.rg000001?api-version=2018-05-01
  response:
    body: {string: '{"id":"/subscriptions/00000000-0000-0000-0000-000000000000/resourceGroups/clitest.rg000001","name":"clitest.rg000001","location":"westus","tags":{"product":"azurecli","cause":"automation","date":"2018-10-09T17:21:06Z"},"properties":{"provisioningState":"Succeeded"}}'}
    headers:
      cache-control: [no-cache]
      content-length: ['384']
      content-type: [application/json; charset=utf-8]
      date: ['Tue, 09 Oct 2018 17:21:47 GMT']
      expires: ['-1']
      pragma: [no-cache]
      strict-transport-security: [max-age=31536000; includeSubDomains]
      vary: [Accept-Encoding]
      x-content-type-options: [nosniff]
    status: {code: 200, message: OK}
- request:
    body: 'b''{"location": "westus", "properties": {"displayName": "My Custom App
      Display Name", "subdomain": "iotc-cli-test000002-template", "template": "iotc-devkit-sample@1.0.0"},
      "sku": {"name": "S1"}}'''
    headers:
      Accept: [application/json]
      Accept-Encoding: ['gzip, deflate']
      CommandName: [iotcentral app create]
      Connection: [keep-alive]
      Content-Length: ['196']
      Content-Type: [application/json; charset=utf-8]
      User-Agent: [python/3.7.0 (Windows-10-10.0.17763-SP0) requests/2.19.1 msrest/0.5.5
          msrest_azure/0.4.34 azure-mgmt-iotcentral/0.2.0 Azure-SDK-For-Python AZURECLI/2.0.47]
      accept-language: [en-US]
    method: PUT
    uri: https://management.azure.com/subscriptions/00000000-0000-0000-0000-000000000000/resourceGroups/clitest.rg000001/providers/Microsoft.IoTCentral/IoTApps/iotc-cli-test000002-template?api-version=2018-09-01
  response:
    body: {string: '{"id":"/subscriptions/00000000-0000-0000-0000-000000000000/resourceGroups/clitest.rg000001/providers/Microsoft.IoTCentral/IoTApps/iotc-cli-test000002-template","name":"iotc-cli-test000002-template","type":"Microsoft.IoTCentral/IoTApps","location":"westus","properties":{"applicationId":"09c38123-3f4b-43a8-bdd7-a277e531e893","state":"created","displayName":"My
        Custom App Display Name","tenant":"72f988bf-86f1-41af-91ab-2d7cd011db47","subdomain":"iotc-cli-test000002-template","createdDate":"2018-10-09T17:21:49.964Z","template":"iotc-devkit-sample@1.0.0"},"sku":{"name":"S1"},"etag":"\"2d005842-0000-0000-0000-5bbce3ad0000\""}'}
    headers:
      cache-control: ['no-store, must-revalidate, no-cache, max-stale=0, private,
          post-check=0, pre-check=0']
      content-length: ['701']
      content-type: [application/json; charset=utf-8]
      date: ['Tue, 09 Oct 2018 17:21:49 GMT']
      etag: ['"2d005842-0000-0000-0000-5bbce3ad0000"']
      server: [openresty]
      strict-transport-security: [max-age=31536000; includeSubDomains]
      x-content-type-options: [nosniff]
      x-iot-cluster: [iotcprodeastus01]
      x-iot-version: ['20181004.13']
      x-ms-ratelimit-remaining-subscription-writes: ['1199']
      x-powered-by: [Express]
    status: {code: 201, message: Created}
- request:
    body: null
    headers:
      Accept: [application/json]
      Accept-Encoding: ['gzip, deflate']
      CommandName: [iotcentral app create]
      Connection: [keep-alive]
      User-Agent: [python/3.7.0 (Windows-10-10.0.17763-SP0) requests/2.19.1 msrest/0.5.5
          msrest_azure/0.4.34 azure-mgmt-iotcentral/0.2.0 Azure-SDK-For-Python AZURECLI/2.0.47]
    method: GET
    uri: https://management.azure.com/subscriptions/00000000-0000-0000-0000-000000000000/resourceGroups/clitest.rg000001/providers/Microsoft.IoTCentral/IoTApps/iotc-cli-test000002-template?api-version=2018-09-01
  response:
    body: {string: '{"id":"/subscriptions/00000000-0000-0000-0000-000000000000/resourceGroups/clitest.rg000001/providers/Microsoft.IoTCentral/IoTApps/iotc-cli-test000002-template","name":"iotc-cli-test000002-template","type":"Microsoft.IoTCentral/IoTApps","location":"westus","properties":{"applicationId":"09c38123-3f4b-43a8-bdd7-a277e531e893","state":"created","displayName":"My
        Custom App Display Name","tenant":"72f988bf-86f1-41af-91ab-2d7cd011db47","subdomain":"iotc-cli-test000002-template","createdDate":"2018-10-09T17:21:49.964Z","template":"iotc-devkit-sample@1.0.0"},"sku":{"name":"S1"},"etag":"\"2d005842-0000-0000-0000-5bbce3ad0000\""}'}
    headers:
      cache-control: ['no-store, must-revalidate, no-cache, max-stale=0, private,
          post-check=0, pre-check=0']
      content-length: ['701']
      content-type: [application/json; charset=utf-8]
      date: ['Tue, 09 Oct 2018 17:22:20 GMT']
      etag: [W/"2d005842-0000-0000-0000-5bbce3ad0000"]
      server: [openresty]
      strict-transport-security: [max-age=31536000; includeSubDomains]
      transfer-encoding: [chunked]
      vary: ['Accept-Encoding,Accept-Encoding']
      x-content-type-options: [nosniff]
      x-iot-cluster: [iotcprodeastus01]
      x-iot-version: ['20181004.13']
      x-powered-by: [Express]
    status: {code: 200, message: OK}
- request:
    body: null
    headers:
      Accept: [application/json]
      Accept-Encoding: ['gzip, deflate']
      CommandName: [iotcentral app show]
      Connection: [keep-alive]
      Content-Type: [application/json; charset=utf-8]
      User-Agent: [python/3.7.0 (Windows-10-10.0.17763-SP0) requests/2.19.1 msrest/0.5.5
          msrest_azure/0.4.34 azure-mgmt-iotcentral/0.2.0 Azure-SDK-For-Python AZURECLI/2.0.47]
      accept-language: [en-US]
    method: GET
    uri: https://management.azure.com/subscriptions/00000000-0000-0000-0000-000000000000/resourceGroups/clitest.rg000001/providers/Microsoft.IoTCentral/IoTApps/iotc-cli-test000002?api-version=2018-09-01
  response:
    body: {string: '{"id":"/subscriptions/00000000-0000-0000-0000-000000000000/resourceGroups/clitest.rg000001/providers/Microsoft.IoTCentral/IoTApps/iotc-cli-test000002","name":"iotc-cli-test000002","type":"Microsoft.IoTCentral/IoTApps","location":"westus","properties":{"applicationId":"26972ef4-c1c5-4487-a770-30b7a2bab871","state":"created","displayName":"iotc-cli-test000002","tenant":"72f988bf-86f1-41af-91ab-2d7cd011db47","subdomain":"iotc-cli-test000002","createdDate":"2018-10-09T17:21:14.885Z","template":"iotc-default@1.0.0"},"sku":{"name":"S1"},"etag":"\"00000541-0000-0000-0000-5bbce38a0000\""}'}
    headers:
      cache-control: ['no-store, must-revalidate, no-cache, max-stale=0, private,
          post-check=0, pre-check=0']
      content-length: ['666']
      content-type: [application/json; charset=utf-8]
      date: ['Tue, 09 Oct 2018 17:22:21 GMT']
      etag: [W/"00000541-0000-0000-0000-5bbce38a0000"]
      server: [openresty]
      strict-transport-security: [max-age=31536000; includeSubDomains]
      transfer-encoding: [chunked]
      vary: ['Accept-Encoding,Accept-Encoding']
      x-content-type-options: [nosniff]
      x-iot-cluster: [iotcprodeastus01]
      x-iot-version: ['20181004.13']
      x-powered-by: [Express]
    status: {code: 200, message: OK}
- request:
    body: null
    headers:
      Accept: [application/json]
      Accept-Encoding: ['gzip, deflate']
      CommandName: [iotcentral app show]
      Connection: [keep-alive]
      Content-Type: [application/json; charset=utf-8]
      User-Agent: [python/3.7.0 (Windows-10-10.0.17763-SP0) requests/2.19.1 msrest/0.5.5
          msrest_azure/0.4.34 azure-mgmt-iotcentral/0.2.0 Azure-SDK-For-Python AZURECLI/2.0.47]
      accept-language: [en-US]
    method: GET
    uri: https://management.azure.com/subscriptions/00000000-0000-0000-0000-000000000000/resourceGroups/clitest.rg000001/providers/Microsoft.IoTCentral/IoTApps/iotc-cli-test000002-template?api-version=2018-09-01
  response:
    body: {string: '{"id":"/subscriptions/00000000-0000-0000-0000-000000000000/resourceGroups/clitest.rg000001/providers/Microsoft.IoTCentral/IoTApps/iotc-cli-test000002-template","name":"iotc-cli-test000002-template","type":"Microsoft.IoTCentral/IoTApps","location":"westus","properties":{"applicationId":"09c38123-3f4b-43a8-bdd7-a277e531e893","state":"created","displayName":"My
        Custom App Display Name","tenant":"72f988bf-86f1-41af-91ab-2d7cd011db47","subdomain":"iotc-cli-test000002-template","createdDate":"2018-10-09T17:21:49.964Z","template":"iotc-devkit-sample@1.0.0"},"sku":{"name":"S1"},"etag":"\"2d005842-0000-0000-0000-5bbce3ad0000\""}'}
    headers:
      cache-control: ['no-store, must-revalidate, no-cache, max-stale=0, private,
          post-check=0, pre-check=0']
      content-length: ['701']
      content-type: [application/json; charset=utf-8]
      date: ['Tue, 09 Oct 2018 17:22:22 GMT']
      etag: [W/"2d005842-0000-0000-0000-5bbce3ad0000"]
      server: [openresty]
      strict-transport-security: [max-age=31536000; includeSubDomains]
      transfer-encoding: [chunked]
      vary: ['Accept-Encoding,Accept-Encoding']
      x-content-type-options: [nosniff]
      x-iot-cluster: [iotcprodeastus01]
      x-iot-version: ['20181004.13']
      x-powered-by: [Express]
    status: {code: 200, message: OK}
- request:
    body: null
    headers:
      Accept: [application/json]
      Accept-Encoding: ['gzip, deflate']
      CommandName: [iotcentral app delete]
      Connection: [keep-alive]
      Content-Length: ['0']
      Content-Type: [application/json; charset=utf-8]
      User-Agent: [python/3.7.0 (Windows-10-10.0.17763-SP0) requests/2.19.1 msrest/0.5.5
          msrest_azure/0.4.34 azure-mgmt-iotcentral/0.2.0 Azure-SDK-For-Python AZURECLI/2.0.47]
      accept-language: [en-US]
    method: DELETE
    uri: https://management.azure.com/subscriptions/00000000-0000-0000-0000-000000000000/resourceGroups/clitest.rg000001/providers/Microsoft.IoTCentral/IoTApps/iotc-cli-test000002-template?api-version=2018-09-01
  response:
    body: {string: '"{\"message\":\"Header X-IoT-Subject is required.\",\"code\":\"400.030.006.002\"}"'}
    headers:
      cache-control: ['no-store, must-revalidate, no-cache, max-stale=0, private,
          post-check=0, pre-check=0']
      connection: [close]
      content-length: ['82']
      content-type: [application/json; charset=utf-8]
      date: ['Tue, 09 Oct 2018 17:22:23 GMT']
      etag: [W/"52-i+3T86wxZcJ1AQBjEXMUOAdScB8"]
      server: [openresty]
      strict-transport-security: [max-age=31536000; includeSubDomains]
      x-content-type-options: [nosniff]
      x-iot-cluster: [iotcprodeastus01]
      x-iot-version: ['20181004.13']
      x-ms-failure-cause: [service]
      x-ms-ratelimit-remaining-subscription-deletes: ['14999']
      x-powered-by: [Express]
    status: {code: 500, message: Internal Server Error}
- request:
    body: null
    headers:
      Accept: [application/json]
      Accept-Encoding: ['gzip, deflate']
      CommandName: [iotcentral app delete]
      Connection: [keep-alive]
      Content-Length: ['0']
      Content-Type: [application/json; charset=utf-8]
      User-Agent: [python/3.7.0 (Windows-10-10.0.17763-SP0) requests/2.19.1 msrest/0.5.5
          msrest_azure/0.4.34 azure-mgmt-iotcentral/0.2.0 Azure-SDK-For-Python AZURECLI/2.0.47]
      accept-language: [en-US]
    method: DELETE
    uri: https://management.azure.com/subscriptions/00000000-0000-0000-0000-000000000000/resourceGroups/clitest.rg000001/providers/Microsoft.IoTCentral/IoTApps/iotc-cli-test000002-template?api-version=2018-09-01
  response:
    body: {string: ''}
    headers:
      cache-control: ['no-store, must-revalidate, no-cache, max-stale=0, private,
          post-check=0, pre-check=0']
      date: ['Tue, 09 Oct 2018 17:22:24 GMT']
      etag: [W/"48-49tb709nJYOz7SyvcfMdAh/S/Bg"]
      server: [openresty]
      strict-transport-security: [max-age=31536000; includeSubDomains]
      x-content-type-options: [nosniff]
      x-iot-cluster: [iotcprodeastus01]
      x-iot-version: ['20181004.13']
      x-ms-ratelimit-remaining-subscription-deletes: ['14999']
      x-powered-by: [Express]
    status: {code: 204, message: No Content}
- request:
    body: null
    headers:
      Accept: [application/json]
      Accept-Encoding: ['gzip, deflate']
      CommandName: [iotcentral app list]
      Connection: [keep-alive]
      Content-Type: [application/json; charset=utf-8]
      User-Agent: [python/3.7.0 (Windows-10-10.0.17763-SP0) requests/2.19.1 msrest/0.5.5
          msrest_azure/0.4.34 azure-mgmt-iotcentral/0.2.0 Azure-SDK-For-Python AZURECLI/2.0.47]
      accept-language: [en-US]
    method: GET
    uri: https://management.azure.com/subscriptions/00000000-0000-0000-0000-000000000000/resourceGroups/clitest.rg000001/providers/Microsoft.IoTCentral/IoTApps?api-version=2018-09-01
  response:
    body: {string: '{"value":[{"id":"/subscriptions/00000000-0000-0000-0000-000000000000/resourceGroups/clitest.rg000001/providers/Microsoft.IoTCentral/IoTApps/iotc-cli-test000002","name":"iotc-cli-test000002","type":"Microsoft.IoTCentral/IoTApps","location":"westus","properties":{"applicationId":"26972ef4-c1c5-4487-a770-30b7a2bab871","state":"created","displayName":"iotc-cli-test000002","tenant":"72f988bf-86f1-41af-91ab-2d7cd011db47","subdomain":"iotc-cli-test000002","createdDate":"2018-10-09T17:21:14.885Z","template":"iotc-default@1.0.0"},"sku":{"name":"S1"},"etag":"\"00000541-0000-0000-0000-5bbce38a0000\""}],"nextLink":null}'}
    headers:
      cache-control: ['no-store, must-revalidate, no-cache, max-stale=0, private,
          post-check=0, pre-check=0']
      content-length: ['694']
      content-type: [application/json; charset=utf-8]
      date: ['Tue, 09 Oct 2018 17:22:25 GMT']
      etag: [W/"2b6-e4ZphsnwdtBGqXTX4tVZtQ3ZaX8"]
      server: [openresty]
      strict-transport-security: [max-age=31536000; includeSubDomains]
      transfer-encoding: [chunked]
      vary: ['Accept-Encoding,Accept-Encoding']
      x-content-type-options: [nosniff]
      x-iot-cluster: [iotcprodeastus01]
      x-iot-version: ['20181004.13']
      x-powered-by: [Express]
    status: {code: 200, message: OK}
- request:
    body: null
    headers:
      Accept: [application/json]
      Accept-Encoding: ['gzip, deflate']
      CommandName: [iotcentral app delete]
      Connection: [keep-alive]
      Content-Length: ['0']
      Content-Type: [application/json; charset=utf-8]
      User-Agent: [python/3.7.0 (Windows-10-10.0.17763-SP0) requests/2.19.1 msrest/0.5.5
          msrest_azure/0.4.34 azure-mgmt-iotcentral/0.2.0 Azure-SDK-For-Python AZURECLI/2.0.47]
      accept-language: [en-US]
    method: DELETE
    uri: https://management.azure.com/subscriptions/00000000-0000-0000-0000-000000000000/resourceGroups/clitest.rg000001/providers/Microsoft.IoTCentral/IoTApps/iotc-cli-test000002?api-version=2018-09-01
  response:
    body: {string: '"{\"message\":\"Header X-IoT-Subject is required.\",\"code\":\"400.030.006.002\"}"'}
    headers:
      cache-control: ['no-store, must-revalidate, no-cache, max-stale=0, private,
          post-check=0, pre-check=0']
      connection: [close]
      content-length: ['82']
      content-type: [application/json; charset=utf-8]
      date: ['Tue, 09 Oct 2018 17:22:26 GMT']
      etag: [W/"52-i+3T86wxZcJ1AQBjEXMUOAdScB8"]
      server: [openresty]
      strict-transport-security: [max-age=31536000; includeSubDomains]
      x-content-type-options: [nosniff]
      x-iot-cluster: [iotcprodeastus01]
      x-iot-version: ['20181004.13']
      x-ms-failure-cause: [service]
      x-ms-ratelimit-remaining-subscription-deletes: ['14999']
      x-powered-by: [Express]
    status: {code: 500, message: Internal Server Error}
- request:
    body: null
    headers:
      Accept: [application/json]
      Accept-Encoding: ['gzip, deflate']
      CommandName: [iotcentral app delete]
      Connection: [keep-alive]
      Content-Length: ['0']
      Content-Type: [application/json; charset=utf-8]
      User-Agent: [python/3.7.0 (Windows-10-10.0.17763-SP0) requests/2.19.1 msrest/0.5.5
          msrest_azure/0.4.34 azure-mgmt-iotcentral/0.2.0 Azure-SDK-For-Python AZURECLI/2.0.47]
      accept-language: [en-US]
    method: DELETE
    uri: https://management.azure.com/subscriptions/00000000-0000-0000-0000-000000000000/resourceGroups/clitest.rg000001/providers/Microsoft.IoTCentral/IoTApps/iotc-cli-test000002?api-version=2018-09-01
  response:
    body: {string: ''}
    headers:
      cache-control: ['no-store, must-revalidate, no-cache, max-stale=0, private,
          post-check=0, pre-check=0']
      date: ['Tue, 09 Oct 2018 17:22:27 GMT']
      etag: [W/"48-49tb709nJYOz7SyvcfMdAh/S/Bg"]
      server: [openresty]
      strict-transport-security: [max-age=31536000; includeSubDomains]
      x-content-type-options: [nosniff]
      x-iot-cluster: [iotcprodeastus01]
      x-iot-version: ['20181004.13']
      x-ms-ratelimit-remaining-subscription-deletes: ['14999']
      x-powered-by: [Express]
    status: {code: 204, message: No Content}
- request:
    body: null
    headers:
      Accept: [application/json]
      Accept-Encoding: ['gzip, deflate']
      CommandName: [group delete]
      Connection: [keep-alive]
      Content-Length: ['0']
      Content-Type: [application/json; charset=utf-8]
      User-Agent: [python/3.7.0 (Windows-10-10.0.17763-SP0) requests/2.19.1 msrest/0.5.5
          msrest_azure/0.4.34 resourcemanagementclient/2.0.0 Azure-SDK-For-Python
          AZURECLI/2.0.47]
      accept-language: [en-US]
    method: DELETE
    uri: https://management.azure.com/subscriptions/00000000-0000-0000-0000-000000000000/resourcegroups/clitest.rg000001?api-version=2018-05-01
  response:
    body: {string: ''}
    headers:
      cache-control: [no-cache]
      content-length: ['0']
      date: ['Tue, 09 Oct 2018 17:22:28 GMT']
      expires: ['-1']
      location: ['https://management.azure.com/subscriptions/00000000-0000-0000-0000-000000000000/operationresults/eyJqb2JJZCI6IlJFU09VUkNFR1JPVVBERUxFVElPTkpPQi1DTElURVNUOjJFUkdTQ1hSTFRCSVRRTkJNR00yTFNISFZLQ0VKNE5XMkNKV1dFSHw4QjNFMkMwQzMzMEI2OTFCLVdFU1RVUyIsImpvYkxvY2F0aW9uIjoid2VzdHVzIn0?api-version=2018-05-01']
      pragma: [no-cache]
      strict-transport-security: [max-age=31536000; includeSubDomains]
      x-content-type-options: [nosniff]
      x-ms-ratelimit-remaining-subscription-deletes: ['14999']
    status: {code: 202, message: Accepted}
version: 1
