interactions:
- request:
    body: '{"location": "westus", "tags": {"product": "azurecli", "cause": "automation",
      "date": "2018-10-12T15:34:20Z"}}'
    headers:
      Accept: [application/json]
      Accept-Encoding: ['gzip, deflate']
      CommandName: [group create]
      Connection: [keep-alive]
      Content-Length: ['110']
      Content-Type: [application/json; charset=utf-8]
      User-Agent: [python/3.7.0 (Windows-10-10.0.17134-SP0) requests/2.19.1 msrest/0.5.5
          msrest_azure/0.4.34 resourcemanagementclient/2.0.0 Azure-SDK-For-Python
          AZURECLI/2.0.48]
      accept-language: [en-US]
    method: PUT
    uri: https://management.azure.com/subscriptions/00000000-0000-0000-0000-000000000000/resourcegroups/clitest.rg000001?api-version=2018-05-01
  response:
    body: {string: '{"id":"/subscriptions/00000000-0000-0000-0000-000000000000/resourceGroups/clitest.rg000001","name":"clitest.rg000001","location":"westus","tags":{"product":"azurecli","cause":"automation","date":"2018-10-12T15:34:20Z"},"properties":{"provisioningState":"Succeeded"}}'}
    headers:
      cache-control: [no-cache]
      content-length: ['384']
      content-type: [application/json; charset=utf-8]
      date: ['Fri, 12 Oct 2018 15:34:23 GMT']
      expires: ['-1']
      pragma: [no-cache]
      strict-transport-security: [max-age=31536000; includeSubDomains]
      x-content-type-options: [nosniff]
      x-ms-ratelimit-remaining-subscription-writes: ['1198']
    status: {code: 201, message: Created}
- request:
    body: '{"sku": {"name": "Standard_LRS"}, "kind": "Storage", "location": "westus",
      "properties": {"supportsHttpsTrafficOnly": false}}'
    headers:
      Accept: [application/json]
      Accept-Encoding: ['gzip, deflate']
      CommandName: [storage account create]
      Connection: [keep-alive]
      Content-Length: ['125']
      Content-Type: [application/json; charset=utf-8]
      User-Agent: [python/3.7.0 (Windows-10-10.0.17134-SP0) requests/2.19.1 msrest/0.5.5
          msrest_azure/0.4.34 azure-mgmt-storage/2.0.0rc4 Azure-SDK-For-Python AZURECLI/2.0.48]
      accept-language: [en-US]
    method: PUT
    uri: https://management.azure.com/subscriptions/00000000-0000-0000-0000-000000000000/resourceGroups/clitest.rg000001/providers/Microsoft.Storage/storageAccounts/clitest000002?api-version=2018-03-01-preview
  response:
    body: {string: ''}
    headers:
      cache-control: [no-cache]
      content-length: ['0']
      content-type: [text/plain; charset=utf-8]
      date: ['Fri, 12 Oct 2018 15:34:24 GMT']
      expires: ['-1']
      location: ['https://management.azure.com/subscriptions/00000000-0000-0000-0000-000000000000/providers/Microsoft.Storage/locations/westus/asyncoperations/b4fd22ba-16c5-4eb6-8735-97fa288b5733?monitor=true&api-version=2018-03-01-preview']
      pragma: [no-cache]
      server: ['Microsoft-Azure-Storage-Resource-Provider/1.0,Microsoft-HTTPAPI/2.0
          Microsoft-HTTPAPI/2.0']
      strict-transport-security: [max-age=31536000; includeSubDomains]
      x-content-type-options: [nosniff]
      x-ms-ratelimit-remaining-subscription-writes: ['1198']
    status: {code: 202, message: Accepted}
- request:
    body: null
    headers:
      Accept: [application/json]
      Accept-Encoding: ['gzip, deflate']
      CommandName: [storage account create]
      Connection: [keep-alive]
      User-Agent: [python/3.7.0 (Windows-10-10.0.17134-SP0) requests/2.19.1 msrest/0.5.5
          msrest_azure/0.4.34 azure-mgmt-storage/2.0.0rc4 Azure-SDK-For-Python AZURECLI/2.0.48]
    method: GET
    uri: https://management.azure.com/subscriptions/00000000-0000-0000-0000-000000000000/providers/Microsoft.Storage/locations/westus/asyncoperations/b4fd22ba-16c5-4eb6-8735-97fa288b5733?monitor=true&api-version=2018-03-01-preview
  response:
    body: {string: '{"sku":{"name":"Standard_LRS","tier":"Standard"},"kind":"Storage","id":"/subscriptions/00000000-0000-0000-0000-000000000000/resourceGroups/clitest.rg000001/providers/Microsoft.Storage/storageAccounts/clitest000002","name":"clitest000002","type":"Microsoft.Storage/storageAccounts","location":"westus","tags":{},"properties":{"networkAcls":{"bypass":"AzureServices","virtualNetworkRules":[],"ipRules":[],"defaultAction":"Allow"},"supportsHttpsTrafficOnly":false,"encryption":{"services":{"file":{"enabled":true,"lastEnabledTime":"2018-10-12T15:34:25.2254941Z"},"blob":{"enabled":true,"lastEnabledTime":"2018-10-12T15:34:25.2254941Z"}},"keySource":"Microsoft.Storage"},"provisioningState":"Succeeded","creationTime":"2018-10-12T15:34:25.1476830Z","primaryEndpoints":{"blob":"https://clitest000002.blob.core.windows.net/","queue":"https://clitest000002.queue.core.windows.net/","table":"https://clitest000002.table.core.windows.net/","file":"https://clitest000002.file.core.windows.net/"},"primaryLocation":"westus","statusOfPrimary":"available"}}'}
    headers:
      cache-control: [no-cache]
      content-length: ['1169']
      content-type: [application/json]
      date: ['Fri, 12 Oct 2018 15:34:42 GMT']
      expires: ['-1']
      pragma: [no-cache]
      server: ['Microsoft-Azure-Storage-Resource-Provider/1.0,Microsoft-HTTPAPI/2.0
          Microsoft-HTTPAPI/2.0']
      strict-transport-security: [max-age=31536000; includeSubDomains]
      transfer-encoding: [chunked]
      vary: [Accept-Encoding]
      x-content-type-options: [nosniff]
    status: {code: 200, message: OK}
- request:
    body: null
    headers:
      Accept: [application/json]
      Accept-Encoding: ['gzip, deflate']
      CommandName: [storage account keys list]
      Connection: [keep-alive]
      Content-Length: ['0']
      Content-Type: [application/json; charset=utf-8]
      User-Agent: [python/3.7.0 (Windows-10-10.0.17134-SP0) requests/2.19.1 msrest/0.5.5
          msrest_azure/0.4.34 azure-mgmt-storage/2.0.0rc4 Azure-SDK-For-Python AZURECLI/2.0.48]
      accept-language: [en-US]
    method: POST
    uri: https://management.azure.com/subscriptions/00000000-0000-0000-0000-000000000000/resourceGroups/clitest.rg000001/providers/Microsoft.Storage/storageAccounts/clitest000002/listKeys?api-version=2018-03-01-preview
  response:
    body: {string: '{"keys":[{"keyName":"key1","value":"z5taQzpJnaS75BH9oTCIrtbxQhTfI3xGy7Uf3kVsF98MYi+WfZyYw34yGmarH82bv4ylIGk7iLQ++jx75HSMCg==","permissions":"FULL"},{"keyName":"key2","value":"Xd7Ku2WoaDryoGlRa4c0Uqbvh3uLEJTHYrA582VOwinHGuiMKoKsjjWaIK4FHbO8inRjSq4RuawPjxjZEapuag==","permissions":"FULL"}]}'}
    headers:
      cache-control: [no-cache]
      content-length: ['288']
      content-type: [application/json]
      date: ['Fri, 12 Oct 2018 15:34:45 GMT']
      expires: ['-1']
      pragma: [no-cache]
      server: ['Microsoft-Azure-Storage-Resource-Provider/1.0,Microsoft-HTTPAPI/2.0
          Microsoft-HTTPAPI/2.0']
      strict-transport-security: [max-age=31536000; includeSubDomains]
      transfer-encoding: [chunked]
      vary: [Accept-Encoding]
      x-content-type-options: [nosniff]
      x-ms-ratelimit-remaining-subscription-writes: ['1198']
    status: {code: 200, message: OK}
- request:
    body: 'b''b\''{"location": "westus2", "properties": {"storageAccounts": [{"id":
      "/subscriptions/00000000-0000-0000-0000-000000000000/resourceGroups/clitest.rg000001/providers/Microsoft.Storage/storageAccounts/clitest000002",
      "type": "Primary"}]}}\'''''
    headers:
      Accept: [application/json]
      Accept-Encoding: ['gzip, deflate']
      CommandName: [ams account create]
      Connection: [keep-alive]
      Content-Length: ['302']
      Content-Type: [application/json; charset=utf-8]
      User-Agent: [python/3.7.0 (Windows-10-10.0.17134-SP0) requests/2.19.1 msrest/0.5.5
          msrest_azure/0.4.34 azure-mgmt-media/1.0.0 Azure-SDK-For-Python AZURECLI/2.0.48]
      accept-language: [en-US]
    method: PUT
    uri: https://management.azure.com/subscriptions/00000000-0000-0000-0000-000000000000/resourceGroups/clitest.rg000001/providers/Microsoft.Media/mediaservices/ams000003?api-version=2018-07-01
  response:
    body: {string: "{\r\n  \"name\":\"ams000003\",\"id\":\"/subscriptions/00000000-0000-0000-0000-000000000000/resourceGroups/clitest.rg000001/providers/Microsoft.Media/mediaservices/ams000003\",\"type\":\"Microsoft.Media/mediaservices\",\"location\":\"West
        US 2\",\"properties\":{\r\n    \"mediaServiceId\":\"e7645e9a-edc2-4a32-abee-3900af64f105\",\"storageAccounts\":[\r\n
        \     {\r\n        \"id\":\"/subscriptions/00000000-0000-0000-0000-000000000000/resourceGroups/clitest.rg000001/providers/Microsoft.Storage/storageAccounts/clitest000002\",\"type\":\"Primary\"\r\n
        \     }\r\n    ]\r\n  }\r\n}"}
    headers:
      cache-control: [no-cache]
      content-length: ['665']
      content-type: [application/json; odata.metadata=minimal]
      date: ['Fri, 12 Oct 2018 15:34:47 GMT']
      expires: ['-1']
      odata-version: ['4.0']
      pragma: [no-cache]
      server: [Microsoft-IIS/10.0]
      strict-transport-security: [max-age=31536000; includeSubDomains]
      x-content-type-options: [nosniff]
      x-ms-ratelimit-remaining-subscription-writes: ['1197']
      x-powered-by: [ASP.NET]
    status: {code: 201, message: Created}
- request:
    body: '{"properties": {"outputs": [{"preset": {"@odata.type": "#Microsoft.Media.StandardEncoderPreset",
      "filters": {"rotation": "Auto", "overlays": [{"inputLabel": "videooverlay",
      "audioGainLevel": 1.0, "@odata.type": "#Microsoft.Media.VideoOverlay", "opacity":
      1.0}]}, "codecs": [{"@odata.type": "#Microsoft.Media.AacAudio", "channels":
      2, "samplingRate": 48000, "bitrate": 128000, "profile": "AacLc"}, {"@odata.type":
      "#Microsoft.Media.H264Video", "keyFrameInterval": "PT2S", "stretchMode": "AutoSize",
      "sceneChangeDetection": false, "complexity": "Balanced", "layers": [{"width":
      "1280", "height": "720", "@odata.type": "#Microsoft.Media.H264Layer", "bitrate":
      2000000, "maxBitrate": 2000000, "bFrames": 3, "slices": 0, "adaptiveBFrame":
      true, "profile": "Auto", "level": "auto", "bufferWindow": "PT5S", "referenceFrames":
      3, "entropyMode": "Cabac"}, {"width": "640", "height": "360", "@odata.type":
      "#Microsoft.Media.H264Layer", "bitrate": 1000000, "maxBitrate": 1000000, "bFrames":
      3, "slices": 0, "adaptiveBFrame": true, "profile": "Auto", "level": "auto",
      "bufferWindow": "PT5S", "referenceFrames": 3, "entropyMode": "Cabac"}]}], "formats":
      [{"filenamePattern": "{Basename}_{Bitrate}{Extension}", "@odata.type": "#Microsoft.Media.Mp4Format",
      "outputFiles": []}]}}]}}'
    headers:
      Accept: [application/json]
      Accept-Encoding: ['gzip, deflate']
      CommandName: [ams transform create]
      Connection: [keep-alive]
      Content-Length: ['1266']
      Content-Type: [application/json; charset=utf-8]
      User-Agent: [python/3.7.0 (Windows-10-10.0.17134-SP0) requests/2.19.1 msrest/0.5.5
          msrest_azure/0.4.34 azure-mgmt-media/1.0.0 Azure-SDK-For-Python AZURECLI/2.0.48]
      accept-language: [en-US]
    method: PUT
    uri: https://management.azure.com/subscriptions/00000000-0000-0000-0000-000000000000/resourceGroups/clitest.rg000001/providers/Microsoft.Media/mediaServices/ams000003/transforms/tra000004?api-version=2018-07-01
  response:
    body: {string: "{\r\n  \"name\":\"tra000004\",\"id\":\"/subscriptions/00000000-0000-0000-0000-000000000000/resourceGroups/clitest.rg000001/providers/Microsoft.Media/mediaservices/ams000003/transforms/tra000004\",\"type\":\"Microsoft.Media/mediaservices/transforms\",\"properties\":{\r\n
        \   \"created\":\"2018-10-12T15:34:50.7864203Z\",\"lastModified\":\"2018-10-12T15:34:50.7864203Z\",\"outputs\":[\r\n
        \     {\r\n        \"onError\":\"StopProcessingJob\",\"relativePriority\":\"Normal\",\"preset\":{\r\n
        \         \"@odata.type\":\"#Microsoft.Media.StandardEncoderPreset\",\"filters\":{\r\n
        \           \"rotation\":\"Auto\",\"overlays\":[\r\n              {\r\n                \"@odata.type\":\"#Microsoft.Media.VideoOverlay\",\"inputLabel\":\"videooverlay\",\"audioGainLevel\":1.0,\"opacity\":1.0\r\n
        \             }\r\n            ]\r\n          },\"codecs\":[\r\n            {\r\n
        \             \"@odata.type\":\"#Microsoft.Media.AacAudio\",\"channels\":2,\"samplingRate\":48000,\"bitrate\":128000,\"profile\":\"AacLc\"\r\n
        \           },{\r\n              \"@odata.type\":\"#Microsoft.Media.H264Video\",\"keyFrameInterval\":\"PT2S\",\"stretchMode\":\"AutoSize\",\"sceneChangeDetection\":false,\"complexity\":\"Balanced\",\"layers\":[\r\n
        \               {\r\n                  \"width\":\"1280\",\"height\":\"720\",\"bitrate\":2000000,\"maxBitrate\":2000000,\"bFrames\":3,\"slices\":0,\"adaptiveBFrame\":true,\"profile\":\"Auto\",\"level\":\"auto\",\"bufferWindow\":\"PT5S\",\"referenceFrames\":3,\"entropyMode\":\"Cabac\"\r\n
        \               },{\r\n                  \"width\":\"640\",\"height\":\"360\",\"bitrate\":1000000,\"maxBitrate\":1000000,\"bFrames\":3,\"slices\":0,\"adaptiveBFrame\":true,\"profile\":\"Auto\",\"level\":\"auto\",\"bufferWindow\":\"PT5S\",\"referenceFrames\":3,\"entropyMode\":\"Cabac\"\r\n
        \               }\r\n              ]\r\n            }\r\n          ],\"formats\":[\r\n
        \           {\r\n              \"@odata.type\":\"#Microsoft.Media.Mp4Format\",\"filenamePattern\":\"{Basename}_{Bitrate}{Extension}\",\"outputFiles\":[\r\n
        \               \r\n              ]\r\n            }\r\n          ]\r\n        }\r\n
        \     }\r\n    ]\r\n  }\r\n}"}
    headers:
      cache-control: [no-cache]
      content-length: ['1969']
      content-type: [application/json; odata.metadata=minimal]
      date: ['Fri, 12 Oct 2018 15:34:50 GMT']
      expires: ['-1']
      odata-version: ['4.0']
      pragma: [no-cache]
      server: [Microsoft-IIS/10.0]
      strict-transport-security: [max-age=31536000; includeSubDomains]
      x-content-type-options: [nosniff]
      x-ms-ratelimit-remaining-subscription-writes: ['1199']
      x-powered-by: [ASP.NET]
    status: {code: 201, message: Created}
- request:
    body: null
    headers:
      Accept: [application/json]
      Accept-Encoding: ['gzip, deflate']
      CommandName: [group delete]
      Connection: [keep-alive]
      Content-Length: ['0']
      Content-Type: [application/json; charset=utf-8]
      User-Agent: [python/3.7.0 (Windows-10-10.0.17134-SP0) requests/2.19.1 msrest/0.5.5
          msrest_azure/0.4.34 resourcemanagementclient/2.0.0 Azure-SDK-For-Python
          AZURECLI/2.0.48]
      accept-language: [en-US]
    method: DELETE
    uri: https://management.azure.com/subscriptions/00000000-0000-0000-0000-000000000000/resourcegroups/clitest.rg000001?api-version=2018-05-01
  response:
    body: {string: ''}
    headers:
      cache-control: [no-cache]
      content-length: ['0']
      date: ['Fri, 12 Oct 2018 15:34:53 GMT']
      expires: ['-1']
      location: ['https://management.azure.com/subscriptions/00000000-0000-0000-0000-000000000000/operationresults/eyJqb2JJZCI6IlJFU09VUkNFR1JPVVBERUxFVElPTkpPQi1DTElURVNUOjJFUkc0NUU2TVpJUVFTQUtGSk5INElCTUhDQjVKSFBKT1ZVVU4yNHw5MjVFNjk3OUIyRDI5MzQ4LVdFU1RVUyIsImpvYkxvY2F0aW9uIjoid2VzdHVzIn0?api-version=2018-05-01']
      pragma: [no-cache]
      strict-transport-security: [max-age=31536000; includeSubDomains]
      x-content-type-options: [nosniff]
      x-ms-ratelimit-remaining-subscription-deletes: ['14998']
    status: {code: 202, message: Accepted}
version: 1
