interactions:
- request:
    body: '{"location": "westus", "tags": {"product": "azurecli", "cause": "automation",
      "date": "2018-09-17T15:03:25Z"}}'
    headers:
      Accept: [application/json]
      Accept-Encoding: ['gzip, deflate']
      CommandName: [group create]
      Connection: [keep-alive]
      Content-Length: ['110']
      Content-Type: [application/json; charset=utf-8]
      User-Agent: [python/3.7.0 (Windows-10-10.0.17134-SP0) requests/2.19.1 msrest/0.5.4
          msrest_azure/0.4.34 resourcemanagementclient/2.0.0 Azure-SDK-For-Python
          AZURECLI/2.0.46]
      accept-language: [en-US]
    method: PUT
    uri: https://management.azure.com/subscriptions/00000000-0000-0000-0000-000000000000/resourcegroups/clitest.rg000001?api-version=2018-05-01
  response:
    body: {string: '{"id":"/subscriptions/00000000-0000-0000-0000-000000000000/resourceGroups/clitest.rg000001","name":"clitest.rg000001","location":"westus","tags":{"product":"azurecli","cause":"automation","date":"2018-09-17T15:03:25Z"},"properties":{"provisioningState":"Succeeded"}}'}
    headers:
      cache-control: [no-cache]
      content-length: ['384']
      content-type: [application/json; charset=utf-8]
      date: ['Mon, 17 Sep 2018 15:03:32 GMT']
      expires: ['-1']
      pragma: [no-cache]
      strict-transport-security: [max-age=31536000; includeSubDomains]
      x-content-type-options: [nosniff]
      x-ms-ratelimit-remaining-subscription-writes: ['1196']
    status: {code: 201, message: Created}
- request:
    body: '{"sku": {"name": "Standard_LRS"}, "kind": "Storage", "location": "westus",
      "properties": {"supportsHttpsTrafficOnly": false, "isHnsEnabled": false}}'
    headers:
      Accept: [application/json]
      Accept-Encoding: ['gzip, deflate']
      CommandName: [storage account create]
      Connection: [keep-alive]
      Content-Length: ['148']
      Content-Type: [application/json; charset=utf-8]
      User-Agent: [python/3.7.0 (Windows-10-10.0.17134-SP0) requests/2.19.1 msrest/0.5.4
          msrest_azure/0.4.34 azure-mgmt-storage/2.0.0rc4 Azure-SDK-For-Python AZURECLI/2.0.46]
      accept-language: [en-US]
    method: PUT
    uri: https://management.azure.com/subscriptions/00000000-0000-0000-0000-000000000000/resourceGroups/clitest.rg000001/providers/Microsoft.Storage/storageAccounts/clitest000002?api-version=2018-03-01-preview
  response:
    body: {string: ''}
    headers:
      cache-control: [no-cache]
      content-length: ['0']
      content-type: [text/plain; charset=utf-8]
      date: ['Mon, 17 Sep 2018 15:03:38 GMT']
      expires: ['-1']
      location: ['https://management.azure.com/subscriptions/00000000-0000-0000-0000-000000000000/providers/Microsoft.Storage/locations/westus/asyncoperations/f33b039f-8aee-49ef-a7a2-73f08378c279?monitor=true&api-version=2018-03-01-preview']
      pragma: [no-cache]
      server: ['Microsoft-Azure-Storage-Resource-Provider/1.0,Microsoft-HTTPAPI/2.0
          Microsoft-HTTPAPI/2.0']
      strict-transport-security: [max-age=31536000; includeSubDomains]
      x-content-type-options: [nosniff]
      x-ms-ratelimit-remaining-subscription-writes: ['1198']
    status: {code: 202, message: Accepted}
- request:
    body: null
    headers:
      Accept: [application/json]
      Accept-Encoding: ['gzip, deflate']
      CommandName: [storage account create]
      Connection: [keep-alive]
      User-Agent: [python/3.7.0 (Windows-10-10.0.17134-SP0) requests/2.19.1 msrest/0.5.4
          msrest_azure/0.4.34 azure-mgmt-storage/2.0.0rc4 Azure-SDK-For-Python AZURECLI/2.0.46]
    method: GET
    uri: https://management.azure.com/subscriptions/00000000-0000-0000-0000-000000000000/providers/Microsoft.Storage/locations/westus/asyncoperations/f33b039f-8aee-49ef-a7a2-73f08378c279?monitor=true&api-version=2018-03-01-preview
  response:
    body: {string: '{"sku":{"name":"Standard_LRS","tier":"Standard"},"kind":"Storage","id":"/subscriptions/00000000-0000-0000-0000-000000000000/resourceGroups/clitest.rg000001/providers/Microsoft.Storage/storageAccounts/clitest000002","name":"clitest000002","type":"Microsoft.Storage/storageAccounts","location":"westus","tags":{},"properties":{"isHnsEnabled":false,"networkAcls":{"bypass":"AzureServices","virtualNetworkRules":[],"ipRules":[],"defaultAction":"Allow"},"trustedDirectories":["479473dc-cfef-474c-ba12-cba2854af0f6"],"supportsHttpsTrafficOnly":false,"encryption":{"services":{"file":{"enabled":true,"lastEnabledTime":"2018-09-17T15:03:37.8797214Z"},"blob":{"enabled":true,"lastEnabledTime":"2018-09-17T15:03:37.8797214Z"}},"keySource":"Microsoft.Storage"},"provisioningState":"Succeeded","creationTime":"2018-09-17T15:03:37.5516023Z","primaryEndpoints":{"blob":"https://clitest000002.blob.core.windows.net/","queue":"https://clitest000002.queue.core.windows.net/","table":"https://clitest000002.table.core.windows.net/","file":"https://clitest000002.file.core.windows.net/"},"primaryLocation":"westus","statusOfPrimary":"available"}}'}
    headers:
      cache-control: [no-cache]
      content-length: ['1252']
      content-type: [application/json]
      date: ['Mon, 17 Sep 2018 15:03:56 GMT']
      expires: ['-1']
      pragma: [no-cache]
      server: ['Microsoft-Azure-Storage-Resource-Provider/1.0,Microsoft-HTTPAPI/2.0
          Microsoft-HTTPAPI/2.0']
      strict-transport-security: [max-age=31536000; includeSubDomains]
      transfer-encoding: [chunked]
      vary: [Accept-Encoding]
      x-content-type-options: [nosniff]
    status: {code: 200, message: OK}
- request:
    body: null
    headers:
      Accept: [application/json]
      Accept-Encoding: ['gzip, deflate']
      CommandName: [storage account keys list]
      Connection: [keep-alive]
      Content-Length: ['0']
      Content-Type: [application/json; charset=utf-8]
      User-Agent: [python/3.7.0 (Windows-10-10.0.17134-SP0) requests/2.19.1 msrest/0.5.4
          msrest_azure/0.4.34 azure-mgmt-storage/2.0.0rc4 Azure-SDK-For-Python AZURECLI/2.0.46]
      accept-language: [en-US]
    method: POST
    uri: https://management.azure.com/subscriptions/00000000-0000-0000-0000-000000000000/resourceGroups/clitest.rg000001/providers/Microsoft.Storage/storageAccounts/clitest000002/listKeys?api-version=2018-03-01-preview
  response:
    body: {string: '{"keys":[{"keyName":"key1","value":"RcPmXOQuaBjGgErMIb2zoB9L+T1djbS+dsFVYBh+gzpvfz+SiM2vv1MXA7HCaNMuNsMIbRF2peV3B2wBit1UxA==","permissions":"FULL"},{"keyName":"key2","value":"p3MGU81tTF3AKh/jnerfB+up1Hv9RlKsAVY7gCMpIhApOPtgcqv1ogPt1/l3a/mqlJVQE3V2q2xBjh871iX8PA==","permissions":"FULL"}]}'}
    headers:
      cache-control: [no-cache]
      content-length: ['288']
      content-type: [application/json]
      date: ['Mon, 17 Sep 2018 15:03:58 GMT']
      expires: ['-1']
      pragma: [no-cache]
      server: ['Microsoft-Azure-Storage-Resource-Provider/1.0,Microsoft-HTTPAPI/2.0
          Microsoft-HTTPAPI/2.0']
      strict-transport-security: [max-age=31536000; includeSubDomains]
      transfer-encoding: [chunked]
      vary: [Accept-Encoding]
      x-content-type-options: [nosniff]
      x-ms-ratelimit-remaining-subscription-writes: ['1199']
    status: {code: 200, message: OK}
- request:
    body: 'b''b\''{"location": "westus2", "properties": {"storageAccounts": [{"id":
      "/subscriptions/00000000-0000-0000-0000-000000000000/resourceGroups/clitest.rg000001/providers/Microsoft.Storage/storageAccounts/clitest000002",
      "type": "Primary"}]}}\'''''
    headers:
      Accept: [application/json]
      Accept-Encoding: ['gzip, deflate']
      CommandName: [ams account create]
      Connection: [keep-alive]
      Content-Length: ['302']
      Content-Type: [application/json; charset=utf-8]
      User-Agent: [python/3.7.0 (Windows-10-10.0.17134-SP0) requests/2.19.1 msrest/0.5.4
          msrest_azure/0.4.34 azure-mgmt-media/1.0.0rc2 Azure-SDK-For-Python AZURECLI/2.0.46]
      accept-language: [en-US]
    method: PUT
    uri: https://management.azure.com/subscriptions/00000000-0000-0000-0000-000000000000/resourceGroups/clitest.rg000001/providers/Microsoft.Media/mediaservices/ams000003?api-version=2018-06-01-preview
  response:
    body: {string: "{\r\n  \"name\":\"ams000003\",\"id\":\"/subscriptions/00000000-0000-0000-0000-000000000000/resourceGroups/clitest.rg000001/providers/Microsoft.Media/mediaservices/ams000003\",\"type\":\"Microsoft.Media/mediaservices\",\"location\":\"West
        US 2\",\"properties\":{\r\n    \"mediaServiceId\":\"8166cb57-74ba-4a78-97c2-d01ce34cbc61\",\"storageAccounts\":[\r\n
        \     {\r\n        \"id\":\"/subscriptions/00000000-0000-0000-0000-000000000000/resourceGroups/clitest.rg000001/providers/Microsoft.Storage/storageAccounts/clitest000002\",\"type\":\"Primary\"\r\n
        \     }\r\n    ]\r\n  }\r\n}"}
    headers:
      cache-control: [no-cache]
      content-length: ['665']
      content-type: [application/json; odata.metadata=minimal]
      date: ['Mon, 17 Sep 2018 15:04:07 GMT']
      expires: ['-1']
      odata-version: ['4.0']
      pragma: [no-cache]
      server: [Microsoft-IIS/10.0]
      strict-transport-security: [max-age=31536000; includeSubDomains]
      x-content-type-options: [nosniff]
      x-ms-ratelimit-remaining-subscription-writes: ['1198']
      x-powered-by: [ASP.NET]
    status: {code: 201, message: Created}
- request:
    body: 'b''{"properties": {"options": [{"name": "pon000005", "configuration": {"@odata.type":
      "#Microsoft.Media.ContentKeyPolicyClearKeyConfiguration"}, "restriction": {"@odata.type":
      "#Microsoft.Media.ContentKeyPolicyTokenRestriction", "issuer": "issuer", "audience":
      "audience", "primaryVerificationKey": {"@odata.type": "#Microsoft.Media.ContentKeyPolicyX509CertificateTokenKey",
      "rawBody": "LS0tLS1CRUdJTiBDRVJUSUZJQ0FURS0tLS0tCk1JSUNFakNDQVhzQ0FnMzZNQTBHQ1NxR1NJYjNEUUVCQlFVQU1JR2JNUXN3Q1FZRFZRUUdFd0pLVURFT01Bd0cKQTFVRUNCTUZWRzlyZVc4eEVEQU9CZ05WQkFjVEIwTm9kVzh0YTNVeEVUQVBCZ05WQkFvVENFWnlZVzVyTkVSRQpNUmd3RmdZRFZRUUxFdzlYWldKRFpYSjBJRk4xY0hCdmNuUXhHREFXQmdOVkJBTVREMFp5WVc1ck5FUkVJRmRsCllpQkRRVEVqTUNFR0NTcUdTSWIzRFFFSkFSWVVjM1Z3Y0c5eWRFQm1jbUZ1YXpSa1pDNWpiMjB3SGhjTk1USXcKT0RJeU1EVXlOalUwV2hjTk1UY3dPREl4TURVeU5qVTBXakJLTVFzd0NRWURWUVFHRXdKS1VERU9NQXdHQTFVRQpDQXdGVkc5cmVXOHhFVEFQQmdOVkJBb01DRVp5WVc1ck5FUkVNUmd3RmdZRFZRUUREQTkzZDNjdVpYaGhiWEJzClpTNWpiMjB3WERBTkJna3Foa2lHOXcwQkFRRUZBQU5MQURCSUFrRUFtL3hta0htRVFydXJFLzByZS9qZUZSTGwKOFpQakJvcDd1TEhobmlhN2xRRy81ekR0WklVQzNSVnBxRFN3QnV3L05Ud2VHeXVQK284QUc5OEh4cXhUQndJRApBUUFCTUEwR0NTcUdTSWIzRFFFQkJRVUFBNEdCQUJTMlRMdUJlVFBtY2FUYVVXL0xDQjJOWU95OEdNZHpSMW14CjhpQkl1Mkg2L0UydGlZM1JJZXZWMk9XNjFxWTIvWFJRZzdZUHh4M2ZmZVV1Z1g5RjRKL2lQbm51MXpBeHh5QnkKMlZndUt2NFNXalJGb1JrSWZJbEhYMHFWdmlNaFNsTnkyaW9GTHk3SmNQWmIrdjNmdERHeXdVcWNCaVZEb2VhMApIbitHbXhaQQotLS0tLUVORCBDRVJUSUZJQ0FURS0tLS0tCg=="},
      "alternateVerificationKeys": [], "requiredClaims": [], "restrictionTokenType":
      "Jwt"}}]}}'''
    headers:
      Accept: [application/json]
      Accept-Encoding: ['gzip, deflate']
      CommandName: [ams content-key-policy create]
      Connection: [keep-alive]
      Content-Length: ['1520']
      Content-Type: [application/json; charset=utf-8]
      User-Agent: [python/3.7.0 (Windows-10-10.0.17134-SP0) requests/2.19.1 msrest/0.5.4
          msrest_azure/0.4.34 azure-mgmt-media/1.0.0rc2 Azure-SDK-For-Python AZURECLI/2.0.46]
      accept-language: [en-US]
    method: PUT
    uri: https://management.azure.com/subscriptions/00000000-0000-0000-0000-000000000000/resourceGroups/clitest.rg000001/providers/Microsoft.Media/mediaServices/ams000003/contentKeyPolicies/pn000004?api-version=2018-06-01-preview
  response:
    body: {string: "{\r\n  \"name\":\"pn000004\",\"id\":\"/subscriptions/00000000-0000-0000-0000-000000000000/resourceGroups/clitest.rg000001/providers/Microsoft.Media/mediaservices/ams000003/contentKeyPolicies/pn000004\",\"type\":\"Microsoft.Media/mediaservices/contentKeyPolicies\",\"properties\":{\r\n
        \   \"policyId\":\"b23c4258-229d-4947-87e2-8700da311191\",\"created\":\"2018-09-17T15:04:12.25Z\",\"lastModified\":\"2018-09-17T15:04:12.25Z\",\"options\":[\r\n
        \     {\r\n        \"policyOptionId\":\"ad287b9d-5053-4914-994d-1789fb6808e4\",\"name\":\"pon000005\",\"configuration\":{\r\n
        \         \"@odata.type\":\"#Microsoft.Media.ContentKeyPolicyClearKeyConfiguration\"\r\n
        \       },\"restriction\":{\r\n          \"@odata.type\":\"#Microsoft.Media.ContentKeyPolicyTokenRestriction\",\"issuer\":\"issuer\",\"audience\":\"audience\",\"primaryVerificationKey\":{\r\n
        \           \"@odata.type\":\"#Microsoft.Media.ContentKeyPolicyX509CertificateTokenKey\"\r\n
        \         },\"alternateVerificationKeys\":[\r\n            \r\n          ],\"requiredClaims\":[\r\n
        \           \r\n          ],\"restrictionTokenType\":\"Jwt\"\r\n        }\r\n
        \     }\r\n    ]\r\n  }\r\n}"}
    headers:
      cache-control: [no-cache]
      content-length: ['1111']
      content-type: [application/json; odata.metadata=minimal]
      date: ['Mon, 17 Sep 2018 15:04:11 GMT']
      expires: ['-1']
      odata-version: ['4.0']
      pragma: [no-cache]
      server: [Microsoft-IIS/10.0]
      strict-transport-security: [max-age=31536000; includeSubDomains]
      transfer-encoding: [chunked]
      vary: ['Accept-Encoding,Accept-Encoding']
      x-content-type-options: [nosniff]
      x-ms-ratelimit-remaining-subscription-writes: ['1198']
      x-powered-by: [ASP.NET]
    status: {code: 200, message: OK}
- request:
    body: null
    headers:
      Accept: [application/json]
      Accept-Encoding: ['gzip, deflate']
      CommandName: [ams content-key-policy show]
      Connection: [keep-alive]
      Content-Type: [application/json; charset=utf-8]
      User-Agent: [python/3.7.0 (Windows-10-10.0.17134-SP0) requests/2.19.1 msrest/0.5.4
          msrest_azure/0.4.34 azure-mgmt-media/1.0.0rc2 Azure-SDK-For-Python AZURECLI/2.0.46]
      accept-language: [en-US]
    method: GET
    uri: https://management.azure.com/subscriptions/00000000-0000-0000-0000-000000000000/resourceGroups/clitest.rg000001/providers/Microsoft.Media/mediaServices/ams000003/contentKeyPolicies/pn000004?api-version=2018-06-01-preview
  response:
    body: {string: "{\r\n  \"name\":\"pn000004\",\"id\":\"/subscriptions/00000000-0000-0000-0000-000000000000/resourceGroups/clitest.rg000001/providers/Microsoft.Media/mediaservices/ams000003/contentKeyPolicies/pn000004\",\"type\":\"Microsoft.Media/mediaservices/contentKeyPolicies\",\"properties\":{\r\n
        \   \"policyId\":\"b23c4258-229d-4947-87e2-8700da311191\",\"created\":\"2018-09-17T15:04:12.25Z\",\"lastModified\":\"2018-09-17T15:04:12.25Z\",\"options\":[\r\n
        \     {\r\n        \"policyOptionId\":\"ad287b9d-5053-4914-994d-1789fb6808e4\",\"name\":\"pon000005\",\"configuration\":{\r\n
        \         \"@odata.type\":\"#Microsoft.Media.ContentKeyPolicyClearKeyConfiguration\"\r\n
        \       },\"restriction\":{\r\n          \"@odata.type\":\"#Microsoft.Media.ContentKeyPolicyTokenRestriction\",\"issuer\":\"issuer\",\"audience\":\"audience\",\"primaryVerificationKey\":{\r\n
        \           \"@odata.type\":\"#Microsoft.Media.ContentKeyPolicyX509CertificateTokenKey\"\r\n
        \         },\"alternateVerificationKeys\":[\r\n            \r\n          ],\"requiredClaims\":[\r\n
        \           \r\n          ],\"restrictionTokenType\":\"Jwt\"\r\n        }\r\n
        \     }\r\n    ]\r\n  }\r\n}"}
    headers:
      cache-control: [no-cache]
      content-length: ['1111']
      content-type: [application/json; odata.metadata=minimal]
      date: ['Mon, 17 Sep 2018 15:04:14 GMT']
      expires: ['-1']
      odata-version: ['4.0']
      pragma: [no-cache]
      server: [Microsoft-IIS/10.0]
      strict-transport-security: [max-age=31536000; includeSubDomains]
      transfer-encoding: [chunked]
      vary: ['Accept-Encoding,Accept-Encoding']
      x-content-type-options: [nosniff]
      x-powered-by: [ASP.NET]
    status: {code: 200, message: OK}
- request:
    body: null
    headers:
      Accept: [application/json]
      Accept-Encoding: ['gzip, deflate']
      CommandName: [ams content-key-policy show]
      Connection: [keep-alive]
      Content-Length: ['0']
      Content-Type: [application/json; charset=utf-8]
      User-Agent: [python/3.7.0 (Windows-10-10.0.17134-SP0) requests/2.19.1 msrest/0.5.4
          msrest_azure/0.4.34 azure-mgmt-media/1.0.0rc2 Azure-SDK-For-Python AZURECLI/2.0.46]
      accept-language: [en-US]
    method: POST
    uri: https://management.azure.com/subscriptions/00000000-0000-0000-0000-000000000000/resourceGroups/clitest.rg000001/providers/Microsoft.Media/mediaServices/ams000003/contentKeyPolicies/pn000004/getPolicyPropertiesWithSecrets?api-version=2018-06-01-preview
  response:
    body: {string: "{\r\n  \"policyId\":\"b23c4258-229d-4947-87e2-8700da311191\",\"created\":\"2018-09-17T15:04:12.25Z\",\"lastModified\":\"2018-09-17T15:04:12.25Z\",\"options\":[\r\n
        \   {\r\n      \"policyOptionId\":\"ad287b9d-5053-4914-994d-1789fb6808e4\",\"name\":\"pon000005\",\"configuration\":{\r\n
        \       \"@odata.type\":\"#Microsoft.Media.ContentKeyPolicyClearKeyConfiguration\"\r\n
        \     },\"restriction\":{\r\n        \"@odata.type\":\"#Microsoft.Media.ContentKeyPolicyTokenRestriction\",\"issuer\":\"issuer\",\"audience\":\"audience\",\"primaryVerificationKey\":{\r\n
        \         \"@odata.type\":\"#Microsoft.Media.ContentKeyPolicyX509CertificateTokenKey\",\"rawBody\":\"MIICEjCCAXsCAg36MA0GCSqGSIb3DQEBBQUAMIGbMQswCQYDVQQGEwJKUDEOMAwGA1UECBMFVG9reW8xEDAOBgNVBAcTB0NodW8ta3UxETAPBgNVBAoTCEZyYW5rNEREMRgwFgYDVQQLEw9XZWJDZXJ0IFN1cHBvcnQxGDAWBgNVBAMTD0ZyYW5rNEREIFdlYiBDQTEjMCEGCSqGSIb3DQEJARYUc3VwcG9ydEBmcmFuazRkZC5jb20wHhcNMTIwODIyMDUyNjU0WhcNMTcwODIxMDUyNjU0WjBKMQswCQYDVQQGEwJKUDEOMAwGA1UECAwFVG9reW8xETAPBgNVBAoMCEZyYW5rNEREMRgwFgYDVQQDDA93d3cuZXhhbXBsZS5jb20wXDANBgkqhkiG9w0BAQEFAANLADBIAkEAm/xmkHmEQrurE/0re/jeFRLl8ZPjBop7uLHhnia7lQG/5zDtZIUC3RVpqDSwBuw/NTweGyuP+o8AG98HxqxTBwIDAQABMA0GCSqGSIb3DQEBBQUAA4GBABS2TLuBeTPmcaTaUW/LCB2NYOy8GMdzR1mx8iBIu2H6/E2tiY3RIevV2OW61qY2/XRQg7YPxx3ffeUugX9F4J/iPnnu1zAxxyBy2VguKv4SWjRFoRkIfIlHX0qVviMhSlNy2ioFLy7JcPZb+v3ftDGywUqcBiVDoea0Hn+GmxZA\"\r\n
        \       },\"alternateVerificationKeys\":[\r\n          \r\n        ],\"requiredClaims\":[\r\n
        \         \r\n        ],\"restrictionTokenType\":\"Jwt\"\r\n      }\r\n    }\r\n
        \ ]\r\n}"}
    headers:
      cache-control: [no-cache]
      content-length: ['1468']
      content-type: [application/json; odata.metadata=minimal]
      date: ['Mon, 17 Sep 2018 15:04:18 GMT']
      expires: ['-1']
      odata-version: ['4.0']
      pragma: [no-cache]
      server: [Microsoft-IIS/10.0]
      strict-transport-security: [max-age=31536000; includeSubDomains]
      transfer-encoding: [chunked]
      vary: ['Accept-Encoding,Accept-Encoding']
      x-content-type-options: [nosniff]
      x-ms-ratelimit-remaining-subscription-writes: ['1197']
      x-powered-by: [ASP.NET]
    status: {code: 200, message: OK}
- request:
    body: null
    headers:
      Accept: [application/json]
      Accept-Encoding: ['gzip, deflate']
      CommandName: [group delete]
      Connection: [keep-alive]
      Content-Length: ['0']
      Content-Type: [application/json; charset=utf-8]
      User-Agent: [python/3.7.0 (Windows-10-10.0.17134-SP0) requests/2.19.1 msrest/0.5.4
          msrest_azure/0.4.34 resourcemanagementclient/2.0.0 Azure-SDK-For-Python
          AZURECLI/2.0.46]
      accept-language: [en-US]
    method: DELETE
    uri: https://management.azure.com/subscriptions/00000000-0000-0000-0000-000000000000/resourcegroups/clitest.rg000001?api-version=2018-05-01
  response:
    body: {string: ''}
    headers:
      cache-control: [no-cache]
      content-length: ['0']
      date: ['Mon, 17 Sep 2018 15:04:24 GMT']
      expires: ['-1']
      location: ['https://management.azure.com/subscriptions/00000000-0000-0000-0000-000000000000/operationresults/eyJqb2JJZCI6IlJFU09VUkNFR1JPVVBERUxFVElPTkpPQi1DTElURVNUOjJFUkdDR0VETFdBNkQ0S1BIU1BLVVI2VVBLVU5NQ0lVWFJXU0FaT3xCNUJFRjM2RkI4MzZCODM2LVdFU1RVUyIsImpvYkxvY2F0aW9uIjoid2VzdHVzIn0?api-version=2018-05-01']
      pragma: [no-cache]
      strict-transport-security: [max-age=31536000; includeSubDomains]
      x-content-type-options: [nosniff]
      x-ms-ratelimit-remaining-subscription-deletes: ['14998']
    status: {code: 202, message: Accepted}
version: 1
