interactions:
- request:
    body: '{"location": "westus", "tags": {"product": "azurecli", "cause": "automation",
      "date": "2018-10-09T17:14:44Z"}}'
    headers:
      Accept: [application/json]
      Accept-Encoding: ['gzip, deflate']
      CommandName: [group create]
      Connection: [keep-alive]
      Content-Length: ['110']
      Content-Type: [application/json; charset=utf-8]
      User-Agent: [python/3.7.0 (Windows-10-10.0.17134-SP0) msrest/0.6.0 msrest_azure/0.4.34
          resourcemanagementclient/2.0.0 Azure-SDK-For-Python AZURECLI/2.0.46]
      accept-language: [en-US]
    method: PUT
    uri: https://management.azure.com/subscriptions/00000000-0000-0000-0000-000000000000/resourcegroups/clitest.rg000001?api-version=2018-05-01
  response:
    body: {string: '{"id":"/subscriptions/00000000-0000-0000-0000-000000000000/resourceGroups/clitest.rg000001","name":"clitest.rg000001","location":"westus","tags":{"product":"azurecli","cause":"automation","date":"2018-10-09T17:14:44Z"},"properties":{"provisioningState":"Succeeded"}}'}
    headers:
      cache-control: [no-cache]
      content-length: ['384']
      content-type: [application/json; charset=utf-8]
      date: ['Tue, 09 Oct 2018 17:14:44 GMT']
      expires: ['-1']
      pragma: [no-cache]
      strict-transport-security: [max-age=31536000; includeSubDomains]
      x-content-type-options: [nosniff]
      x-ms-ratelimit-remaining-subscription-writes: ['1189']
    status: {code: 201, message: Created}
- request:
    body: '{"sku": {"name": "Standard_LRS"}, "kind": "Storage", "location": "westus",
      "properties": {"supportsHttpsTrafficOnly": false, "isHnsEnabled": false}}'
    headers:
      Accept: [application/json]
      Accept-Encoding: ['gzip, deflate']
      CommandName: [storage account create]
      Connection: [keep-alive]
      Content-Length: ['148']
      Content-Type: [application/json; charset=utf-8]
      User-Agent: [python/3.7.0 (Windows-10-10.0.17134-SP0) msrest/0.6.0 msrest_azure/0.4.34
          azure-mgmt-storage/2.0.0rc4 Azure-SDK-For-Python AZURECLI/2.0.46]
      accept-language: [en-US]
    method: PUT
    uri: https://management.azure.com/subscriptions/00000000-0000-0000-0000-000000000000/resourceGroups/clitest.rg000001/providers/Microsoft.Storage/storageAccounts/clitest000002?api-version=2018-03-01-preview
  response:
    body: {string: ''}
    headers:
      cache-control: [no-cache]
      content-length: ['0']
      content-type: [text/plain; charset=utf-8]
      date: ['Tue, 09 Oct 2018 17:14:47 GMT']
      expires: ['-1']
      location: ['https://management.azure.com/subscriptions/00000000-0000-0000-0000-000000000000/providers/Microsoft.Storage/locations/westus/asyncoperations/5f174e36-bb0f-41b0-b4e7-08f397f2bc53?monitor=true&api-version=2018-03-01-preview']
      pragma: [no-cache]
      server: ['Microsoft-Azure-Storage-Resource-Provider/1.0,Microsoft-HTTPAPI/2.0
          Microsoft-HTTPAPI/2.0']
      strict-transport-security: [max-age=31536000; includeSubDomains]
      x-content-type-options: [nosniff]
      x-ms-ratelimit-remaining-subscription-writes: ['1194']
    status: {code: 202, message: Accepted}
- request:
    body: null
    headers:
      Accept: [application/json]
      Accept-Encoding: ['gzip, deflate']
      CommandName: [storage account create]
      Connection: [keep-alive]
      User-Agent: [python/3.7.0 (Windows-10-10.0.17134-SP0) msrest/0.6.0 msrest_azure/0.4.34
          azure-mgmt-storage/2.0.0rc4 Azure-SDK-For-Python AZURECLI/2.0.46]
    method: GET
    uri: https://management.azure.com/subscriptions/00000000-0000-0000-0000-000000000000/providers/Microsoft.Storage/locations/westus/asyncoperations/5f174e36-bb0f-41b0-b4e7-08f397f2bc53?monitor=true&api-version=2018-03-01-preview
  response:
    body: {string: '{"sku":{"name":"Standard_LRS","tier":"Standard"},"kind":"Storage","id":"/subscriptions/00000000-0000-0000-0000-000000000000/resourceGroups/clitest.rg000001/providers/Microsoft.Storage/storageAccounts/clitest000002","name":"clitest000002","type":"Microsoft.Storage/storageAccounts","location":"westus","tags":{},"properties":{"isHnsEnabled":false,"networkAcls":{"bypass":"AzureServices","virtualNetworkRules":[],"ipRules":[],"defaultAction":"Allow"},"supportsHttpsTrafficOnly":false,"encryption":{"services":{"file":{"enabled":true,"lastEnabledTime":"2018-10-09T17:14:47.7589448Z"},"blob":{"enabled":true,"lastEnabledTime":"2018-10-09T17:14:47.7589448Z"}},"keySource":"Microsoft.Storage"},"provisioningState":"Succeeded","creationTime":"2018-10-09T17:14:47.6495920Z","primaryEndpoints":{"blob":"https://clitest000002.blob.core.windows.net/","queue":"https://clitest000002.queue.core.windows.net/","table":"https://clitest000002.table.core.windows.net/","file":"https://clitest000002.file.core.windows.net/"},"primaryLocation":"westus","statusOfPrimary":"available"}}'}
    headers:
      cache-control: [no-cache]
      content-length: ['1190']
      content-type: [application/json]
      date: ['Tue, 09 Oct 2018 17:15:04 GMT']
      expires: ['-1']
      pragma: [no-cache]
      server: ['Microsoft-Azure-Storage-Resource-Provider/1.0,Microsoft-HTTPAPI/2.0
          Microsoft-HTTPAPI/2.0']
      strict-transport-security: [max-age=31536000; includeSubDomains]
      transfer-encoding: [chunked]
      vary: [Accept-Encoding]
      x-content-type-options: [nosniff]
    status: {code: 200, message: OK}
- request:
    body: null
    headers:
      Accept: [application/json]
      Accept-Encoding: ['gzip, deflate']
      CommandName: [storage account keys list]
      Connection: [keep-alive]
      Content-Length: ['0']
      Content-Type: [application/json; charset=utf-8]
      User-Agent: [python/3.7.0 (Windows-10-10.0.17134-SP0) msrest/0.6.0 msrest_azure/0.4.34
          azure-mgmt-storage/2.0.0rc4 Azure-SDK-For-Python AZURECLI/2.0.46]
      accept-language: [en-US]
    method: POST
    uri: https://management.azure.com/subscriptions/00000000-0000-0000-0000-000000000000/resourceGroups/clitest.rg000001/providers/Microsoft.Storage/storageAccounts/clitest000002/listKeys?api-version=2018-03-01-preview
  response:
    body: {string: '{"keys":[{"keyName":"key1","value":"wPwJY5yR50T/RLjJ5w52sor5DEdLSRWNGU04Mi6Ebj41r/if6YSrfOjqK68MiZy+sa7JhBc0JYNvOmmrIOveUA==","permissions":"FULL"},{"keyName":"key2","value":"o5UUrwhll4ELPMSjtSVHk/sFUJAHKq9wez7FT6zF3CO8nIN3hCovoZ5SRitscj4znfriv91OyGR3v7gr3HXR6w==","permissions":"FULL"}]}'}
    headers:
      cache-control: [no-cache]
      content-length: ['288']
      content-type: [application/json]
      date: ['Tue, 09 Oct 2018 17:15:06 GMT']
      expires: ['-1']
      pragma: [no-cache]
      server: ['Microsoft-Azure-Storage-Resource-Provider/1.0,Microsoft-HTTPAPI/2.0
          Microsoft-HTTPAPI/2.0']
      strict-transport-security: [max-age=31536000; includeSubDomains]
      transfer-encoding: [chunked]
      vary: [Accept-Encoding]
      x-content-type-options: [nosniff]
      x-ms-ratelimit-remaining-subscription-writes: ['1188']
    status: {code: 200, message: OK}
- request:
    body: 'b''b\''{"location": "westus2", "properties": {"storageAccounts": [{"id":
      "/subscriptions/00000000-0000-0000-0000-000000000000/resourceGroups/clitest.rg000001/providers/Microsoft.Storage/storageAccounts/clitest000002",
      "type": "Primary"}]}}\'''''
    headers:
      Accept: [application/json]
      Accept-Encoding: ['gzip, deflate']
      CommandName: [ams account create]
      Connection: [keep-alive]
      Content-Length: ['302']
      Content-Type: [application/json; charset=utf-8]
      User-Agent: [python/3.7.0 (Windows-10-10.0.17134-SP0) msrest/0.6.0 msrest_azure/0.4.34
          azure-mgmt-media/1.0.0 Azure-SDK-For-Python AZURECLI/2.0.46]
      accept-language: [en-US]
    method: PUT
    uri: https://management.azure.com/subscriptions/00000000-0000-0000-0000-000000000000/resourceGroups/clitest.rg000001/providers/Microsoft.Media/mediaservices/ams000003?api-version=2018-07-01
  response:
    body: {string: "{\r\n  \"name\":\"ams000003\",\"id\":\"/subscriptions/00000000-0000-0000-0000-000000000000/resourceGroups/clitest.rg000001/providers/Microsoft.Media/mediaservices/ams000003\",\"type\":\"Microsoft.Media/mediaservices\",\"location\":\"West
        US 2\",\"properties\":{\r\n    \"mediaServiceId\":\"a3f4ad06-174d-4755-b4e7-4174723706dd\",\"storageAccounts\":[\r\n
        \     {\r\n        \"id\":\"/subscriptions/00000000-0000-0000-0000-000000000000/resourceGroups/clitest.rg000001/providers/Microsoft.Storage/storageAccounts/clitest000002\",\"type\":\"Primary\"\r\n
        \     }\r\n    ]\r\n  }\r\n}"}
    headers:
      cache-control: [no-cache]
      content-length: ['665']
      content-type: [application/json; odata.metadata=minimal]
      date: ['Tue, 09 Oct 2018 17:15:10 GMT']
      expires: ['-1']
      odata-version: ['4.0']
      pragma: [no-cache]
      server: [Microsoft-IIS/10.0]
      strict-transport-security: [max-age=31536000; includeSubDomains]
      x-content-type-options: [nosniff]
      x-ms-ratelimit-remaining-subscription-writes: ['1192']
      x-powered-by: [ASP.NET]
    status: {code: 201, message: Created}
- request:
    body: 'b''{"properties": {"description": "ExampleDescription", "options": [{"name":
      "pon000005", "configuration": {"@odata.type": "#Microsoft.Media.ContentKeyPolicyPlayReadyConfiguration",
      "licenses": [{"allowTestDevices": true, "expirationDate": "2098-09-15T18:53:00.000Z",
      "relativeBeginDate": "PT1H1M1S", "gracePeriod": "PT2H2M2S", "playRight": {"firstPlayExpiration":
      "PT12H", "scmsRestriction": 1, "agcAndColorStripeRestriction": 2, "explicitAnalogTelevisionOutputRestriction":
      {"bestEffort": true, "configurationData": 0}, "digitalVideoOnlyContentRestriction":
      false, "imageConstraintForAnalogComponentVideoRestriction": false, "imageConstraintForAnalogComputerMonitorRestriction":
      false, "allowPassingVideoContentToUnknownOutput": "Allowed", "uncompressedDigitalVideoOpl":
      300, "compressedDigitalVideoOpl": 500, "analogVideoOpl": 200, "compressedDigitalAudioOpl":
      300, "uncompressedDigitalAudioOpl": 300}, "licenseType": "Persistent", "contentKeyLocation":
      {"@odata.type": "#Microsoft.Media.ContentKeyPolicyPlayReadyContentEncryptionKeyFromKeyIdentifier",
      "keyId": "12345678-aaaa-bbbb-cccc-ddddeeeeffff"}, "contentType": "Unspecified"}],
      "responseCustomData": "custom data"}, "restriction": {"@odata.type": "#Microsoft.Media.ContentKeyPolicyOpenRestriction"}}]}}'''
    headers:
      Accept: [application/json]
      Accept-Encoding: ['gzip, deflate']
      CommandName: [ams content-key-policy create]
      Connection: [keep-alive]
      Content-Length: ['1262']
      Content-Type: [application/json; charset=utf-8]
      User-Agent: [python/3.7.0 (Windows-10-10.0.17134-SP0) msrest/0.6.0 msrest_azure/0.4.34
          azure-mgmt-media/1.0.0 Azure-SDK-For-Python AZURECLI/2.0.46]
      accept-language: [en-US]
    method: PUT
    uri: https://management.azure.com/subscriptions/00000000-0000-0000-0000-000000000000/resourceGroups/clitest.rg000001/providers/Microsoft.Media/mediaServices/ams000003/contentKeyPolicies/pn000004?api-version=2018-07-01
  response:
    body: {string: "{\r\n  \"name\":\"pn000004\",\"id\":\"/subscriptions/00000000-0000-0000-0000-000000000000/resourceGroups/clitest.rg000001/providers/Microsoft.Media/mediaservices/ams000003/contentKeyPolicies/pn000004\",\"type\":\"Microsoft.Media/mediaservices/contentKeyPolicies\",\"properties\":{\r\n
        \   \"policyId\":\"26988bdc-9289-45fa-92e4-aa9fdabd25f1\",\"created\":\"2018-10-09T17:15:13.397Z\",\"lastModified\":\"2018-10-09T17:15:13.397Z\",\"description\":\"ExampleDescription\",\"options\":[\r\n
        \     {\r\n        \"policyOptionId\":\"95c3819a-e5c8-42c9-a014-c369478c0231\",\"name\":\"pon000005\",\"configuration\":{\r\n
        \         \"@odata.type\":\"#Microsoft.Media.ContentKeyPolicyPlayReadyConfiguration\",\"licenses\":[\r\n
        \           {\r\n              \"allowTestDevices\":true,\"expirationDate\":\"2098-09-15T18:53:00Z\",\"relativeBeginDate\":\"PT1H1M1S\",\"gracePeriod\":\"PT2H2M2S\",\"playRight\":{\r\n
        \               \"firstPlayExpiration\":\"PT12H\",\"scmsRestriction\":1,\"agcAndColorStripeRestriction\":2,\"explicitAnalogTelevisionOutputRestriction\":{\r\n
        \                 \"bestEffort\":true,\"configurationData\":0\r\n                },\"digitalVideoOnlyContentRestriction\":false,\"imageConstraintForAnalogComponentVideoRestriction\":false,\"imageConstraintForAnalogComputerMonitorRestriction\":false,\"allowPassingVideoContentToUnknownOutput\":\"Allowed\",\"uncompressedDigitalVideoOpl\":300,\"compressedDigitalVideoOpl\":500,\"analogVideoOpl\":200,\"compressedDigitalAudioOpl\":300,\"uncompressedDigitalAudioOpl\":300\r\n
        \             },\"licenseType\":\"Persistent\",\"contentKeyLocation\":{\r\n
        \               \"@odata.type\":\"#Microsoft.Media.ContentKeyPolicyPlayReadyContentEncryptionKeyFromKeyIdentifier\",\"keyId\":\"12345678-aaaa-bbbb-cccc-ddddeeeeffff\"\r\n
        \             },\"contentType\":\"Unspecified\"\r\n            }\r\n          ],\"responseCustomData\":\"custom
        data\"\r\n        },\"restriction\":{\r\n          \"@odata.type\":\"#Microsoft.Media.ContentKeyPolicyOpenRestriction\"\r\n
        \       }\r\n      }\r\n    ]\r\n  }\r\n}"}
    headers:
      cache-control: [no-cache]
      content-length: ['1951']
      content-type: [application/json; odata.metadata=minimal]
      date: ['Tue, 09 Oct 2018 17:15:13 GMT']
      expires: ['-1']
      odata-version: ['4.0']
      pragma: [no-cache]
      server: [Microsoft-IIS/10.0]
      strict-transport-security: [max-age=31536000; includeSubDomains]
      transfer-encoding: [chunked]
      vary: ['Accept-Encoding,Accept-Encoding']
      x-content-type-options: [nosniff]
      x-ms-ratelimit-remaining-subscription-writes: ['1190']
      x-powered-by: [ASP.NET]
    status: {code: 200, message: OK}
- request:
    body: null
    headers:
      Accept: [application/json]
      Accept-Encoding: ['gzip, deflate']
      CommandName: [group delete]
      Connection: [keep-alive]
      Content-Length: ['0']
      Content-Type: [application/json; charset=utf-8]
      User-Agent: [python/3.7.0 (Windows-10-10.0.17134-SP0) msrest/0.6.0 msrest_azure/0.4.34
          resourcemanagementclient/2.0.0 Azure-SDK-For-Python AZURECLI/2.0.46]
      accept-language: [en-US]
    method: DELETE
    uri: https://management.azure.com/subscriptions/00000000-0000-0000-0000-000000000000/resourcegroups/clitest.rg000001?api-version=2018-05-01
  response:
    body: {string: ''}
    headers:
      cache-control: [no-cache]
      content-length: ['0']
      date: ['Tue, 09 Oct 2018 17:15:15 GMT']
      expires: ['-1']
      location: ['https://management.azure.com/subscriptions/00000000-0000-0000-0000-000000000000/operationresults/eyJqb2JJZCI6IlJFU09VUkNFR1JPVVBERUxFVElPTkpPQi1DTElURVNUOjJFUkc2STdQREVJREVEVUFNQVNDVUxLVk5XMjdBRE9TTVlNUU41S3wwRERFOEM0MTdGRjlDQkI2LVdFU1RVUyIsImpvYkxvY2F0aW9uIjoid2VzdHVzIn0?api-version=2018-05-01']
      pragma: [no-cache]
      strict-transport-security: [max-age=31536000; includeSubDomains]
      x-content-type-options: [nosniff]
      x-ms-ratelimit-remaining-subscription-deletes: ['14997']
    status: {code: 202, message: Accepted}
version: 1
