interactions:
- request:
    body: '{"location": "westus", "tags": {"product": "azurecli", "cause": "automation",
      "date": "2018-10-10T21:09:18Z"}}'
    headers:
      Accept: [application/json]
      Accept-Encoding: ['gzip, deflate']
      CommandName: [group create]
      Connection: [keep-alive]
      Content-Length: ['110']
      Content-Type: [application/json; charset=utf-8]
      User-Agent: [python/3.7.0 (Windows-10-10.0.17134-SP0) msrest/0.6.0 msrest_azure/0.4.34
          resourcemanagementclient/2.0.0 Azure-SDK-For-Python AZURECLI/2.0.48]
      accept-language: [en-US]
    method: PUT
    uri: https://management.azure.com/subscriptions/00000000-0000-0000-0000-000000000000/resourcegroups/clitest.rg000001?api-version=2018-05-01
  response:
    body: {string: '{"id":"/subscriptions/00000000-0000-0000-0000-000000000000/resourceGroups/clitest.rg000001","name":"clitest.rg000001","location":"westus","tags":{"product":"azurecli","cause":"automation","date":"2018-10-10T21:09:18Z"},"properties":{"provisioningState":"Succeeded"}}'}
    headers:
      cache-control: [no-cache]
      content-length: ['384']
      content-type: [application/json; charset=utf-8]
      date: ['Wed, 10 Oct 2018 21:09:23 GMT']
      expires: ['-1']
      pragma: [no-cache]
      strict-transport-security: [max-age=31536000; includeSubDomains]
      x-content-type-options: [nosniff]
      x-ms-ratelimit-remaining-subscription-writes: ['1194']
    status: {code: 201, message: Created}
- request:
    body: '{"sku": {"name": "Standard_LRS"}, "kind": "Storage", "location": "westus",
      "properties": {"supportsHttpsTrafficOnly": false}}'
    headers:
      Accept: [application/json]
      Accept-Encoding: ['gzip, deflate']
      CommandName: [storage account create]
      Connection: [keep-alive]
      Content-Length: ['125']
      Content-Type: [application/json; charset=utf-8]
      User-Agent: [python/3.7.0 (Windows-10-10.0.17134-SP0) msrest/0.6.0 msrest_azure/0.4.34
          azure-mgmt-storage/2.0.0rc4 Azure-SDK-For-Python AZURECLI/2.0.48]
      accept-language: [en-US]
    method: PUT
    uri: https://management.azure.com/subscriptions/00000000-0000-0000-0000-000000000000/resourceGroups/clitest.rg000001/providers/Microsoft.Storage/storageAccounts/clitest000002?api-version=2018-03-01-preview
  response:
    body: {string: ''}
    headers:
      cache-control: [no-cache]
      content-length: ['0']
      content-type: [text/plain; charset=utf-8]
      date: ['Wed, 10 Oct 2018 21:09:28 GMT']
      expires: ['-1']
      location: ['https://management.azure.com/subscriptions/00000000-0000-0000-0000-000000000000/providers/Microsoft.Storage/locations/westus/asyncoperations/dd27936a-5b94-4e0b-abe2-0cbd8967a4ac?monitor=true&api-version=2018-03-01-preview']
      pragma: [no-cache]
      server: ['Microsoft-Azure-Storage-Resource-Provider/1.0,Microsoft-HTTPAPI/2.0
          Microsoft-HTTPAPI/2.0']
      strict-transport-security: [max-age=31536000; includeSubDomains]
      x-content-type-options: [nosniff]
      x-ms-ratelimit-remaining-subscription-writes: ['1199']
    status: {code: 202, message: Accepted}
- request:
    body: null
    headers:
      Accept: [application/json]
      Accept-Encoding: ['gzip, deflate']
      CommandName: [storage account create]
      Connection: [keep-alive]
      User-Agent: [python/3.7.0 (Windows-10-10.0.17134-SP0) msrest/0.6.0 msrest_azure/0.4.34
          azure-mgmt-storage/2.0.0rc4 Azure-SDK-For-Python AZURECLI/2.0.48]
    method: GET
    uri: https://management.azure.com/subscriptions/00000000-0000-0000-0000-000000000000/providers/Microsoft.Storage/locations/westus/asyncoperations/dd27936a-5b94-4e0b-abe2-0cbd8967a4ac?monitor=true&api-version=2018-03-01-preview
  response:
    body: {string: '{"sku":{"name":"Standard_LRS","tier":"Standard"},"kind":"Storage","id":"/subscriptions/00000000-0000-0000-0000-000000000000/resourceGroups/clitest.rg000001/providers/Microsoft.Storage/storageAccounts/clitest000002","name":"clitest000002","type":"Microsoft.Storage/storageAccounts","location":"westus","tags":{},"properties":{"networkAcls":{"bypass":"AzureServices","virtualNetworkRules":[],"ipRules":[],"defaultAction":"Allow"},"supportsHttpsTrafficOnly":false,"encryption":{"services":{"file":{"enabled":true,"lastEnabledTime":"2018-10-10T21:09:28.5277913Z"},"blob":{"enabled":true,"lastEnabledTime":"2018-10-10T21:09:28.5277913Z"}},"keySource":"Microsoft.Storage"},"provisioningState":"Succeeded","creationTime":"2018-10-10T21:09:28.4341035Z","primaryEndpoints":{"blob":"https://clitest000002.blob.core.windows.net/","queue":"https://clitest000002.queue.core.windows.net/","table":"https://clitest000002.table.core.windows.net/","file":"https://clitest000002.file.core.windows.net/"},"primaryLocation":"westus","statusOfPrimary":"available"}}'}
    headers:
      cache-control: [no-cache]
      content-length: ['1169']
      content-type: [application/json]
      date: ['Wed, 10 Oct 2018 21:09:46 GMT']
      expires: ['-1']
      pragma: [no-cache]
      server: ['Microsoft-Azure-Storage-Resource-Provider/1.0,Microsoft-HTTPAPI/2.0
          Microsoft-HTTPAPI/2.0']
      strict-transport-security: [max-age=31536000; includeSubDomains]
      transfer-encoding: [chunked]
      vary: [Accept-Encoding]
      x-content-type-options: [nosniff]
    status: {code: 200, message: OK}
- request:
    body: null
    headers:
      Accept: [application/json]
      Accept-Encoding: ['gzip, deflate']
      CommandName: [storage account keys list]
      Connection: [keep-alive]
      Content-Length: ['0']
      Content-Type: [application/json; charset=utf-8]
      User-Agent: [python/3.7.0 (Windows-10-10.0.17134-SP0) msrest/0.6.0 msrest_azure/0.4.34
          azure-mgmt-storage/2.0.0rc4 Azure-SDK-For-Python AZURECLI/2.0.48]
      accept-language: [en-US]
    method: POST
    uri: https://management.azure.com/subscriptions/00000000-0000-0000-0000-000000000000/resourceGroups/clitest.rg000001/providers/Microsoft.Storage/storageAccounts/clitest000002/listKeys?api-version=2018-03-01-preview
  response:
    body: {string: '{"keys":[{"keyName":"key1","value":"f7pWgNPBUwBXxX3jH5yOBh8JLkOlOfImarCM4rvMFNvKupjeRn8IV6fPYMAY9EcbpF1cVLwxj4+LZhApBq3lwg==","permissions":"FULL"},{"keyName":"key2","value":"7EC6y7iXIJuYPqxgEGGWBkNUeUjojD/9VDlOr5ouV8SNjNxKfQe4Jbb3OSba512GF3gE4vXV69pe/LK6ZVC2Vg==","permissions":"FULL"}]}'}
    headers:
      cache-control: [no-cache]
      content-length: ['288']
      content-type: [application/json]
      date: ['Wed, 10 Oct 2018 21:09:47 GMT']
      expires: ['-1']
      pragma: [no-cache]
      server: ['Microsoft-Azure-Storage-Resource-Provider/1.0,Microsoft-HTTPAPI/2.0
          Microsoft-HTTPAPI/2.0']
      strict-transport-security: [max-age=31536000; includeSubDomains]
      transfer-encoding: [chunked]
      vary: [Accept-Encoding]
      x-content-type-options: [nosniff]
      x-ms-ratelimit-remaining-subscription-writes: ['1199']
    status: {code: 200, message: OK}
- request:
    body: 'b''b\''{"location": "westus2", "properties": {"storageAccounts": [{"id":
      "/subscriptions/00000000-0000-0000-0000-000000000000/resourceGroups/clitest.rg000001/providers/Microsoft.Storage/storageAccounts/clitest000002",
      "type": "Primary"}]}}\'''''
    headers:
      Accept: [application/json]
      Accept-Encoding: ['gzip, deflate']
      CommandName: [ams account create]
      Connection: [keep-alive]
      Content-Length: ['302']
      Content-Type: [application/json; charset=utf-8]
      User-Agent: [python/3.7.0 (Windows-10-10.0.17134-SP0) msrest/0.6.0 msrest_azure/0.4.34
          azure-mgmt-media/1.0.0 Azure-SDK-For-Python AZURECLI/2.0.48]
      accept-language: [en-US]
    method: PUT
    uri: https://management.azure.com/subscriptions/00000000-0000-0000-0000-000000000000/resourceGroups/clitest.rg000001/providers/Microsoft.Media/mediaservices/ams000003?api-version=2018-07-01
  response:
    body: {string: "{\r\n  \"name\":\"ams000003\",\"id\":\"/subscriptions/00000000-0000-0000-0000-000000000000/resourceGroups/clitest.rg000001/providers/Microsoft.Media/mediaservices/ams000003\",\"type\":\"Microsoft.Media/mediaservices\",\"location\":\"West
        US 2\",\"properties\":{\r\n    \"mediaServiceId\":\"b8181158-867b-45c1-8e37-5e8eedfa698a\",\"storageAccounts\":[\r\n
        \     {\r\n        \"id\":\"/subscriptions/00000000-0000-0000-0000-000000000000/resourceGroups/clitest.rg000001/providers/Microsoft.Storage/storageAccounts/clitest000002\",\"type\":\"Primary\"\r\n
        \     }\r\n    ]\r\n  }\r\n}"}
    headers:
      cache-control: [no-cache]
      content-length: ['665']
      content-type: [application/json; odata.metadata=minimal]
      date: ['Wed, 10 Oct 2018 21:10:03 GMT']
      expires: ['-1']
      odata-version: ['4.0']
      pragma: [no-cache]
      server: [Microsoft-IIS/10.0]
      strict-transport-security: [max-age=31536000; includeSubDomains]
      x-content-type-options: [nosniff]
      x-ms-ratelimit-remaining-subscription-writes: ['1199']
      x-powered-by: [ASP.NET]
    status: {code: 201, message: Created}
- request:
    body: '{}'
    headers:
      Accept: [application/json]
      Accept-Encoding: ['gzip, deflate']
      CommandName: [ams asset create]
      Connection: [keep-alive]
      Content-Length: ['2']
      Content-Type: [application/json; charset=utf-8]
      User-Agent: [python/3.7.0 (Windows-10-10.0.17134-SP0) msrest/0.6.0 msrest_azure/0.4.34
          azure-mgmt-media/1.0.0 Azure-SDK-For-Python AZURECLI/2.0.48]
      accept-language: [en-US]
    method: PUT
    uri: https://management.azure.com/subscriptions/00000000-0000-0000-0000-000000000000/resourceGroups/clitest.rg000001/providers/Microsoft.Media/mediaServices/ams000003/assets/asset000004?api-version=2018-07-01
  response:
    body: {string: "{\r\n  \"name\":\"asset000004\",\"id\":\"/subscriptions/00000000-0000-0000-0000-000000000000/resourceGroups/clitest.rg000001/providers/Microsoft.Media/mediaservices/ams000003/assets/asset000004\",\"type\":\"Microsoft.Media/mediaservices/assets\",\"properties\":{\r\n
        \   \"assetId\":\"304665f2-7671-4a43-b31c-6bc23a004833\",\"created\":\"2018-10-10T21:10:06.703Z\",\"lastModified\":\"2018-10-10T21:10:06.703Z\",\"storageAccountName\":\"clitest000002\",\"storageEncryptionFormat\":\"None\"\r\n
        \ }\r\n}"}
    headers:
      cache-control: [no-cache]
      content-length: ['532']
      content-type: [application/json; odata.metadata=minimal]
      date: ['Wed, 10 Oct 2018 21:10:06 GMT']
      expires: ['-1']
      odata-version: ['4.0']
      pragma: [no-cache]
      server: [Microsoft-IIS/10.0]
      strict-transport-security: [max-age=31536000; includeSubDomains]
      x-content-type-options: [nosniff]
      x-ms-ratelimit-remaining-subscription-resource-requests: ['11999']
      x-powered-by: [ASP.NET]
    status: {code: 201, message: Created}
- request:
    body: 'b''{"properties": {"assetName": "asset000004", "streamingPolicyName": "Predefined_ClearStreamingOnly"}}'''
    headers:
      Accept: [application/json]
      Accept-Encoding: ['gzip, deflate']
      CommandName: [ams streaming-locator create]
      Connection: [keep-alive]
      Content-Length: ['101']
      Content-Type: [application/json; charset=utf-8]
      User-Agent: [python/3.7.0 (Windows-10-10.0.17134-SP0) msrest/0.6.0 msrest_azure/0.4.34
          azure-mgmt-media/1.0.0 Azure-SDK-For-Python AZURECLI/2.0.48]
      accept-language: [en-US]
    method: PUT
    uri: https://management.azure.com/subscriptions/00000000-0000-0000-0000-000000000000/resourceGroups/clitest.rg000001/providers/Microsoft.Media/mediaServices/ams000003/streamingLocators/str000005?api-version=2018-07-01
  response:
    body: {string: "{\r\n  \"name\":\"str000005\",\"id\":\"/subscriptions/00000000-0000-0000-0000-000000000000/resourceGroups/clitest.rg000001/providers/Microsoft.Media/mediaservices/ams000003/streamingLocators/str000005\",\"type\":\"Microsoft.Media/mediaservices/streamingLocators\",\"properties\":{\r\n
        \   \"assetName\":\"asset000004\",\"created\":\"2018-10-10T21:10:09.1249847Z\",\"endTime\":\"9999-12-31T23:59:59.9999999Z\",\"streamingLocatorId\":\"2c70f6ab-3b4f-4a76-9a80-2bced9d94288\",\"streamingPolicyName\":\"Predefined_ClearStreamingOnly\",\"contentKeys\":[\r\n
        \     \r\n    ]\r\n  }\r\n}"}
    headers:
      cache-control: [no-cache]
      content-length: ['599']
      content-type: [application/json; odata.metadata=minimal]
      date: ['Wed, 10 Oct 2018 21:10:09 GMT']
      expires: ['-1']
      odata-version: ['4.0']
      pragma: [no-cache]
      server: [Microsoft-IIS/10.0]
      strict-transport-security: [max-age=31536000; includeSubDomains]
      x-content-type-options: [nosniff]
      x-ms-ratelimit-remaining-subscription-resource-requests: ['11999']
      x-powered-by: [ASP.NET]
    status: {code: 201, message: Created}
- request:
    body: null
    headers:
      Accept: [application/json]
      Accept-Encoding: ['gzip, deflate']
      CommandName: [ams asset get-streaming-locators]
      Connection: [keep-alive]
      Content-Length: ['0']
      User-Agent: [python/3.7.0 (Windows-10-10.0.17134-SP0) msrest/0.6.0 msrest_azure/0.4.34
          azure-mgmt-media/1.0.0 Azure-SDK-For-Python AZURECLI/2.0.48]
      accept-language: [en-US]
    method: POST
    uri: https://management.azure.com/subscriptions/00000000-0000-0000-0000-000000000000/resourceGroups/clitest.rg000001/providers/Microsoft.Media/mediaServices/ams000003/assets/asset000004/listStreamingLocators?api-version=2018-07-01
  response:
    body: {string: "{\r\n  \"streamingLocators\":[\r\n    {\r\n      \"name\":\"str000005\",\"assetName\":\"asset000004\",\"created\":\"2018-10-10T21:10:09.123Z\",\"endTime\":\"9999-12-31T23:59:59.997Z\",\"streamingLocatorId\":\"2c70f6ab-3b4f-4a76-9a80-2bced9d94288\",\"streamingPolicyName\":\"Predefined_ClearStreamingOnly\"\r\n
        \   }\r\n  ]\r\n}"}
    headers:
      cache-control: [no-cache]
      content-length: ['292']
      content-type: [application/json; odata.metadata=minimal]
      date: ['Wed, 10 Oct 2018 21:10:11 GMT']
      expires: ['-1']
      odata-version: ['4.0']
      pragma: [no-cache]
      server: [Microsoft-IIS/10.0]
      strict-transport-security: [max-age=31536000; includeSubDomains]
      transfer-encoding: [chunked]
      vary: ['Accept-Encoding,Accept-Encoding']
      x-content-type-options: [nosniff]
      x-ms-ratelimit-remaining-subscription-writes: ['1195']
      x-powered-by: [ASP.NET]
    status: {code: 200, message: OK}
- request:
    body: null
    headers:
      Accept: [application/json]
      Accept-Encoding: ['gzip, deflate']
      CommandName: [group delete]
      Connection: [keep-alive]
      Content-Length: ['0']
      Content-Type: [application/json; charset=utf-8]
      User-Agent: [python/3.7.0 (Windows-10-10.0.17134-SP0) msrest/0.6.0 msrest_azure/0.4.34
          resourcemanagementclient/2.0.0 Azure-SDK-For-Python AZURECLI/2.0.48]
      accept-language: [en-US]
    method: DELETE
    uri: https://management.azure.com/subscriptions/00000000-0000-0000-0000-000000000000/resourcegroups/clitest.rg000001?api-version=2018-05-01
  response:
    body: {string: ''}
    headers:
      cache-control: [no-cache]
      content-length: ['0']
      date: ['Wed, 10 Oct 2018 21:10:15 GMT']
      expires: ['-1']
      location: ['https://management.azure.com/subscriptions/00000000-0000-0000-0000-000000000000/operationresults/eyJqb2JJZCI6IlJFU09VUkNFR1JPVVBERUxFVElPTkpPQi1DTElURVNUOjJFUkdQRE5DNjRVNzNRUlFLUzRIMlhaTVRLQ0ZBRjY1N0haRTVJVnxBNjY4MUM1QkMyQjFBNzUyLVdFU1RVUyIsImpvYkxvY2F0aW9uIjoid2VzdHVzIn0?api-version=2018-05-01']
      pragma: [no-cache]
      strict-transport-security: [max-age=31536000; includeSubDomains]
      x-content-type-options: [nosniff]
      x-ms-ratelimit-remaining-subscription-deletes: ['14999']
    status: {code: 202, message: Accepted}
version: 1
