interactions:
- request:
    body: '{"location": "westus", "tags": {"product": "azurecli", "cause": "automation",
      "date": "2019-01-07T22:12:24Z"}}'
    headers:
      Accept: [application/json]
      Accept-Encoding: ['gzip, deflate']
      CommandName: [group create]
      Connection: [keep-alive]
      Content-Length: ['110']
      Content-Type: [application/json; charset=utf-8]
      ParameterSetName: [--location --name --tag]
      User-Agent: [python/3.6.6 (Windows-10-10.0.17763-SP0) msrest/0.6.2 msrest_azure/0.4.34
          resourcemanagementclient/2.0.0 Azure-SDK-For-Python AZURECLI/2.0.53]
      accept-language: [en-US]
    method: PUT
    uri: https://management.azure.com/subscriptions/00000000-0000-0000-0000-000000000000/resourcegroups/clitest.rg000001?api-version=2018-05-01
  response:
    body: {string: '{"id":"/subscriptions/00000000-0000-0000-0000-000000000000/resourceGroups/clitest.rg000001","name":"clitest.rg000001","location":"westus","tags":{"product":"azurecli","cause":"automation","date":"2019-01-07T22:12:24Z"},"properties":{"provisioningState":"Succeeded"}}'}
    headers:
      cache-control: [no-cache]
      content-length: ['384']
      content-type: [application/json; charset=utf-8]
      date: ['Mon, 07 Jan 2019 22:12:25 GMT']
      expires: ['-1']
      pragma: [no-cache]
      strict-transport-security: [max-age=31536000; includeSubDomains]
      x-content-type-options: [nosniff]
      x-ms-ratelimit-remaining-subscription-writes: ['1198']
    status: {code: 201, message: Created}
- request:
    body: '{"sku": {"name": "Standard_LRS"}, "kind": "Storage", "location": "westus"}'
    headers:
      Accept: [application/json]
      Accept-Encoding: ['gzip, deflate']
      CommandName: [storage account create]
      Connection: [keep-alive]
      Content-Length: ['74']
      Content-Type: [application/json; charset=utf-8]
      ParameterSetName: [-n -g -l --sku]
      User-Agent: [python/3.6.6 (Windows-10-10.0.17763-SP0) msrest/0.6.2 msrest_azure/0.4.34
          azure-mgmt-storage/3.1.0 Azure-SDK-For-Python AZURECLI/2.0.53]
      accept-language: [en-US]
    method: PUT
    uri: https://management.azure.com/subscriptions/00000000-0000-0000-0000-000000000000/resourceGroups/clitest.rg000001/providers/Microsoft.Storage/storageAccounts/clitest000002?api-version=2018-07-01
  response:
    body: {string: ''}
    headers:
      cache-control: [no-cache]
      content-length: ['0']
      content-type: [text/plain; charset=utf-8]
      date: ['Mon, 07 Jan 2019 22:12:26 GMT']
      expires: ['-1']
      location: ['https://management.azure.com/subscriptions/00000000-0000-0000-0000-000000000000/providers/Microsoft.Storage/locations/westus/asyncoperations/d12d11ed-e949-46c2-8119-364e55d9dbab?monitor=true&api-version=2018-07-01']
      pragma: [no-cache]
      server: ['Microsoft-Azure-Storage-Resource-Provider/1.0,Microsoft-HTTPAPI/2.0
          Microsoft-HTTPAPI/2.0']
      strict-transport-security: [max-age=31536000; includeSubDomains]
      x-content-type-options: [nosniff]
      x-ms-ratelimit-remaining-subscription-writes: ['1199']
    status: {code: 202, message: Accepted}
- request:
    body: null
    headers:
      Accept: [application/json]
      Accept-Encoding: ['gzip, deflate']
      CommandName: [storage account create]
      Connection: [keep-alive]
      ParameterSetName: [-n -g -l --sku]
      User-Agent: [python/3.6.6 (Windows-10-10.0.17763-SP0) msrest/0.6.2 msrest_azure/0.4.34
          azure-mgmt-storage/3.1.0 Azure-SDK-For-Python AZURECLI/2.0.53]
    method: GET
    uri: https://management.azure.com/subscriptions/00000000-0000-0000-0000-000000000000/providers/Microsoft.Storage/locations/westus/asyncoperations/d12d11ed-e949-46c2-8119-364e55d9dbab?monitor=true&api-version=2018-07-01
  response:
    body: {string: '{"sku":{"name":"Standard_LRS","tier":"Standard"},"kind":"Storage","id":"/subscriptions/00000000-0000-0000-0000-000000000000/resourceGroups/clitest.rg000001/providers/Microsoft.Storage/storageAccounts/clitest000002","name":"clitest000002","type":"Microsoft.Storage/storageAccounts","location":"westus","tags":{},"properties":{"networkAcls":{"bypass":"AzureServices","virtualNetworkRules":[],"ipRules":[],"defaultAction":"Allow"},"supportsHttpsTrafficOnly":false,"encryption":{"services":{"file":{"enabled":true,"lastEnabledTime":"2019-01-07T22:12:27.1265915Z"},"blob":{"enabled":true,"lastEnabledTime":"2019-01-07T22:12:27.1265915Z"}},"keySource":"Microsoft.Storage"},"provisioningState":"Succeeded","creationTime":"2019-01-07T22:12:27.0328534Z","primaryEndpoints":{"blob":"https://clitest000002.blob.core.windows.net/","queue":"https://clitest000002.queue.core.windows.net/","table":"https://clitest000002.table.core.windows.net/","file":"https://clitest000002.file.core.windows.net/"},"primaryLocation":"westus","statusOfPrimary":"available"}}'}
    headers:
      cache-control: [no-cache]
      content-length: ['1169']
      content-type: [application/json]
      date: ['Mon, 07 Jan 2019 22:12:43 GMT']
      expires: ['-1']
      pragma: [no-cache]
      server: ['Microsoft-Azure-Storage-Resource-Provider/1.0,Microsoft-HTTPAPI/2.0
          Microsoft-HTTPAPI/2.0']
      strict-transport-security: [max-age=31536000; includeSubDomains]
      transfer-encoding: [chunked]
      vary: [Accept-Encoding]
      x-content-type-options: [nosniff]
    status: {code: 200, message: OK}
- request:
    body: null
    headers:
      Accept: [application/json]
      Accept-Encoding: ['gzip, deflate']
      CommandName: [storage account keys list]
      Connection: [keep-alive]
      Content-Length: ['0']
      ParameterSetName: [-n -g --query -o]
      User-Agent: [python/3.6.6 (Windows-10-10.0.17763-SP0) msrest/0.6.2 msrest_azure/0.4.34
          azure-mgmt-storage/3.1.0 Azure-SDK-For-Python AZURECLI/2.0.53]
      accept-language: [en-US]
    method: POST
    uri: https://management.azure.com/subscriptions/00000000-0000-0000-0000-000000000000/resourceGroups/clitest.rg000001/providers/Microsoft.Storage/storageAccounts/clitest000002/listKeys?api-version=2018-07-01
  response:
    body: {string: '{"keys":[{"keyName":"key1","value":"veryFakedStorageAccountKey==","permissions":"FULL"},{"keyName":"key2","value":"veryFakedStorageAccountKey==","permissions":"FULL"}]}'}
    headers:
      cache-control: [no-cache]
      content-length: ['288']
      content-type: [application/json]
      date: ['Mon, 07 Jan 2019 22:12:45 GMT']
      expires: ['-1']
      pragma: [no-cache]
      server: ['Microsoft-Azure-Storage-Resource-Provider/1.0,Microsoft-HTTPAPI/2.0
          Microsoft-HTTPAPI/2.0']
      strict-transport-security: [max-age=31536000; includeSubDomains]
      transfer-encoding: [chunked]
      vary: [Accept-Encoding]
      x-content-type-options: [nosniff]
      x-ms-ratelimit-remaining-subscription-writes: ['1199']
    status: {code: 200, message: OK}
- request:
    body: 'b''b\''{"location": "westindia", "properties": {"storageAccounts": [{"id":
      "/subscriptions/00000000-0000-0000-0000-000000000000/resourceGroups/clitest.rg000001/providers/Microsoft.Storage/storageAccounts/clitest000002",
      "type": "Primary"}]}}\'''''
    headers:
      Accept: [application/json]
      Accept-Encoding: ['gzip, deflate']
      CommandName: [ams account create]
      Connection: [keep-alive]
      Content-Length: ['304']
      Content-Type: [application/json; charset=utf-8]
      ParameterSetName: [-n -g --storage-account -l]
      User-Agent: [python/3.6.6 (Windows-10-10.0.17763-SP0) msrest/0.6.2 msrest_azure/0.4.34
          azure-mgmt-media/1.0.1 Azure-SDK-For-Python AZURECLI/2.0.53]
      accept-language: [en-US]
    method: PUT
    uri: https://management.azure.com/subscriptions/00000000-0000-0000-0000-000000000000/resourceGroups/clitest.rg000001/providers/Microsoft.Media/mediaservices/ams000003?api-version=2018-07-01
  response:
    body: {string: "{\r\n  \"name\":\"ams000003\",\"id\":\"/subscriptions/00000000-0000-0000-0000-000000000000/resourceGroups/clitest.rg000001/providers/Microsoft.Media/mediaservices/ams000003\",\"type\":\"Microsoft.Media/mediaservices\",\"location\":\"West
        India\",\"properties\":{\r\n    \"mediaServiceId\":\"b04f7270-c66c-43e2-a910-2225c8b0ff8c\",\"storageAccounts\":[\r\n
        \     {\r\n        \"id\":\"/subscriptions/00000000-0000-0000-0000-000000000000/resourceGroups/clitest.rg000001/providers/Microsoft.Storage/storageAccounts/clitest000002\",\"type\":\"Primary\"\r\n
        \     }\r\n    ]\r\n  }\r\n}"}
    headers:
      cache-control: [no-cache]
      content-length: ['666']
      content-type: [application/json; odata.metadata=minimal]
      date: ['Mon, 07 Jan 2019 22:12:48 GMT']
      expires: ['-1']
      odata-version: ['4.0']
      pragma: [no-cache]
      server: [Microsoft-IIS/10.0]
      strict-transport-security: [max-age=31536000; includeSubDomains]
      x-content-type-options: [nosniff]
      x-ms-ratelimit-remaining-subscription-writes: ['1196']
      x-powered-by: [ASP.NET]
    status: {code: 201, message: Created}
- request:
    body: 'b''{"properties": {"description": "ExampleDescription", "options": [{"name":
      "pon000005", "configuration": {"@odata.type": "#Microsoft.Media.ContentKeyPolicyClearKeyConfiguration"},
      "restriction": {"@odata.type": "#Microsoft.Media.ContentKeyPolicyOpenRestriction"}}]}}'''
    headers:
      Accept: [application/json]
      Accept-Encoding: ['gzip, deflate']
      CommandName: [ams content-key-policy create]
      Connection: [keep-alive]
      Content-Length: ['268']
      Content-Type: [application/json; charset=utf-8]
      ParameterSetName: [-a -n -g --description --clear-key-configuration --open-restriction
          --policy-option-name]
      User-Agent: [python/3.6.6 (Windows-10-10.0.17763-SP0) msrest/0.6.2 msrest_azure/0.4.34
          azure-mgmt-media/1.0.1 Azure-SDK-For-Python AZURECLI/2.0.53]
      accept-language: [en-US]
    method: PUT
    uri: https://management.azure.com/subscriptions/00000000-0000-0000-0000-000000000000/resourceGroups/clitest.rg000001/providers/Microsoft.Media/mediaServices/ams000003/contentKeyPolicies/pn000004?api-version=2018-07-01
  response:
    body: {string: "{\r\n  \"name\":\"pn000004\",\"id\":\"/subscriptions/00000000-0000-0000-0000-000000000000/resourceGroups/clitest.rg000001/providers/Microsoft.Media/mediaservices/ams000003/contentKeyPolicies/pn000004\",\"type\":\"Microsoft.Media/mediaservices/contentKeyPolicies\",\"properties\":{\r\n
        \   \"policyId\":\"38536b84-9c1a-4217-b6c9-ff3c30f284fa\",\"created\":\"2019-01-07T22:12:51.527Z\",\"lastModified\":\"2019-01-07T22:12:51.527Z\",\"description\":\"ExampleDescription\",\"options\":[\r\n
        \     {\r\n        \"policyOptionId\":\"5d1a302c-95e2-4549-bc3e-a70a0930afce\",\"name\":\"pon000005\",\"configuration\":{\r\n
        \         \"@odata.type\":\"#Microsoft.Media.ContentKeyPolicyClearKeyConfiguration\"\r\n
        \       },\"restriction\":{\r\n          \"@odata.type\":\"#Microsoft.Media.ContentKeyPolicyOpenRestriction\"\r\n
        \       }\r\n      }\r\n    ]\r\n  }\r\n}"}
    headers:
      cache-control: [no-cache]
      content-length: ['849']
      content-type: [application/json; odata.metadata=minimal]
      date: ['Mon, 07 Jan 2019 22:12:51 GMT']
      expires: ['-1']
      odata-version: ['4.0']
      pragma: [no-cache]
      server: [Microsoft-IIS/10.0]
      strict-transport-security: [max-age=31536000; includeSubDomains]
      transfer-encoding: [chunked]
      vary: ['Accept-Encoding,Accept-Encoding']
      x-content-type-options: [nosniff]
      x-ms-ratelimit-remaining-subscription-writes: ['1197']
      x-powered-by: [ASP.NET]
    status: {code: 200, message: OK}
- request:
    body: null
    headers:
      Accept: [application/json]
      Accept-Encoding: ['gzip, deflate']
      CommandName: [group delete]
      Connection: [keep-alive]
      Content-Length: ['0']
      Content-Type: [application/json; charset=utf-8]
      ParameterSetName: [--name --yes --no-wait]
      User-Agent: [python/3.6.6 (Windows-10-10.0.17763-SP0) msrest/0.6.2 msrest_azure/0.4.34
          resourcemanagementclient/2.0.0 Azure-SDK-For-Python AZURECLI/2.0.53]
      accept-language: [en-US]
    method: DELETE
    uri: https://management.azure.com/subscriptions/00000000-0000-0000-0000-000000000000/resourcegroups/clitest.rg000001?api-version=2018-05-01
  response:
    body: {string: ''}
    headers:
      cache-control: [no-cache]
      content-length: ['0']
      date: ['Mon, 07 Jan 2019 22:12:51 GMT']
      expires: ['-1']
      location: ['https://management.azure.com/subscriptions/00000000-0000-0000-0000-000000000000/operationresults/eyJqb2JJZCI6IlJFU09VUkNFR1JPVVBERUxFVElPTkpPQi1DTElURVNUOjJFUkdYNk9UR0FQSkxYRVFTT1dVUEpWSExKTk02VE5SRUtYT1FLUHxCNzFEOEEyQjE2MkM1OUZELVdFU1RVUyIsImpvYkxvY2F0aW9uIjoid2VzdHVzIn0?api-version=2018-05-01']
      pragma: [no-cache]
      strict-transport-security: [max-age=31536000; includeSubDomains]
      x-content-type-options: [nosniff]
      x-ms-ratelimit-remaining-subscription-deletes: ['14996']
    status: {code: 202, message: Accepted}
version: 1
