interactions:
- request:
    body: '{"location": "westus", "tags": {"product": "azurecli", "cause": "automation",
      "date": "2018-10-12T15:34:33Z"}}'
    headers:
      Accept: [application/json]
      Accept-Encoding: ['gzip, deflate']
      CommandName: [group create]
      Connection: [keep-alive]
      Content-Length: ['110']
      Content-Type: [application/json; charset=utf-8]
      User-Agent: [python/3.7.0 (Windows-10-10.0.17134-SP0) requests/2.19.1 msrest/0.5.5
          msrest_azure/0.4.34 resourcemanagementclient/2.0.0 Azure-SDK-For-Python
          AZURECLI/2.0.48]
      accept-language: [en-US]
    method: PUT
    uri: https://management.azure.com/subscriptions/00000000-0000-0000-0000-000000000000/resourcegroups/clitest.rg000001?api-version=2018-05-01
  response:
    body: {string: '{"id":"/subscriptions/00000000-0000-0000-0000-000000000000/resourceGroups/clitest.rg000001","name":"clitest.rg000001","location":"westus","tags":{"product":"azurecli","cause":"automation","date":"2018-10-12T15:34:33Z"},"properties":{"provisioningState":"Succeeded"}}'}
    headers:
      cache-control: [no-cache]
      content-length: ['384']
      content-type: [application/json; charset=utf-8]
      date: ['Fri, 12 Oct 2018 15:34:36 GMT']
      expires: ['-1']
      pragma: [no-cache]
      strict-transport-security: [max-age=31536000; includeSubDomains]
      x-content-type-options: [nosniff]
      x-ms-ratelimit-remaining-subscription-writes: ['1193']
    status: {code: 201, message: Created}
- request:
    body: '{"sku": {"name": "Standard_LRS"}, "kind": "Storage", "location": "westus",
      "properties": {"supportsHttpsTrafficOnly": false}}'
    headers:
      Accept: [application/json]
      Accept-Encoding: ['gzip, deflate']
      CommandName: [storage account create]
      Connection: [keep-alive]
      Content-Length: ['125']
      Content-Type: [application/json; charset=utf-8]
      User-Agent: [python/3.7.0 (Windows-10-10.0.17134-SP0) requests/2.19.1 msrest/0.5.5
          msrest_azure/0.4.34 azure-mgmt-storage/2.0.0rc4 Azure-SDK-For-Python AZURECLI/2.0.48]
      accept-language: [en-US]
    method: PUT
    uri: https://management.azure.com/subscriptions/00000000-0000-0000-0000-000000000000/resourceGroups/clitest.rg000001/providers/Microsoft.Storage/storageAccounts/clitest000002?api-version=2018-03-01-preview
  response:
    body: {string: ''}
    headers:
      cache-control: [no-cache]
      content-length: ['0']
      content-type: [text/plain; charset=utf-8]
      date: ['Fri, 12 Oct 2018 15:34:39 GMT']
      expires: ['-1']
      location: ['https://management.azure.com/subscriptions/00000000-0000-0000-0000-000000000000/providers/Microsoft.Storage/locations/westus/asyncoperations/d5edcd7e-9416-4a8f-bd94-282e2017cf2f?monitor=true&api-version=2018-03-01-preview']
      pragma: [no-cache]
      server: ['Microsoft-Azure-Storage-Resource-Provider/1.0,Microsoft-HTTPAPI/2.0
          Microsoft-HTTPAPI/2.0']
      strict-transport-security: [max-age=31536000; includeSubDomains]
      x-content-type-options: [nosniff]
      x-ms-ratelimit-remaining-subscription-writes: ['1187']
    status: {code: 202, message: Accepted}
- request:
    body: null
    headers:
      Accept: [application/json]
      Accept-Encoding: ['gzip, deflate']
      CommandName: [storage account create]
      Connection: [keep-alive]
      User-Agent: [python/3.7.0 (Windows-10-10.0.17134-SP0) requests/2.19.1 msrest/0.5.5
          msrest_azure/0.4.34 azure-mgmt-storage/2.0.0rc4 Azure-SDK-For-Python AZURECLI/2.0.48]
    method: GET
    uri: https://management.azure.com/subscriptions/00000000-0000-0000-0000-000000000000/providers/Microsoft.Storage/locations/westus/asyncoperations/d5edcd7e-9416-4a8f-bd94-282e2017cf2f?monitor=true&api-version=2018-03-01-preview
  response:
    body: {string: '{"sku":{"name":"Standard_LRS","tier":"Standard"},"kind":"Storage","id":"/subscriptions/00000000-0000-0000-0000-000000000000/resourceGroups/clitest.rg000001/providers/Microsoft.Storage/storageAccounts/clitest000002","name":"clitest000002","type":"Microsoft.Storage/storageAccounts","location":"westus","tags":{},"properties":{"networkAcls":{"bypass":"AzureServices","virtualNetworkRules":[],"ipRules":[],"defaultAction":"Allow"},"supportsHttpsTrafficOnly":false,"encryption":{"services":{"file":{"enabled":true,"lastEnabledTime":"2018-10-12T15:34:39.6205056Z"},"blob":{"enabled":true,"lastEnabledTime":"2018-10-12T15:34:39.6205056Z"}},"keySource":"Microsoft.Storage"},"provisioningState":"Succeeded","creationTime":"2018-10-12T15:34:39.5423704Z","primaryEndpoints":{"blob":"https://clitest000002.blob.core.windows.net/","queue":"https://clitest000002.queue.core.windows.net/","table":"https://clitest000002.table.core.windows.net/","file":"https://clitest000002.file.core.windows.net/"},"primaryLocation":"westus","statusOfPrimary":"available"}}'}
    headers:
      cache-control: [no-cache]
      content-length: ['1169']
      content-type: [application/json]
      date: ['Fri, 12 Oct 2018 15:34:56 GMT']
      expires: ['-1']
      pragma: [no-cache]
      server: ['Microsoft-Azure-Storage-Resource-Provider/1.0,Microsoft-HTTPAPI/2.0
          Microsoft-HTTPAPI/2.0']
      strict-transport-security: [max-age=31536000; includeSubDomains]
      transfer-encoding: [chunked]
      vary: [Accept-Encoding]
      x-content-type-options: [nosniff]
    status: {code: 200, message: OK}
- request:
    body: null
    headers:
      Accept: [application/json]
      Accept-Encoding: ['gzip, deflate']
      CommandName: [storage account keys list]
      Connection: [keep-alive]
      Content-Length: ['0']
      Content-Type: [application/json; charset=utf-8]
      User-Agent: [python/3.7.0 (Windows-10-10.0.17134-SP0) requests/2.19.1 msrest/0.5.5
          msrest_azure/0.4.34 azure-mgmt-storage/2.0.0rc4 Azure-SDK-For-Python AZURECLI/2.0.48]
      accept-language: [en-US]
    method: POST
    uri: https://management.azure.com/subscriptions/00000000-0000-0000-0000-000000000000/resourceGroups/clitest.rg000001/providers/Microsoft.Storage/storageAccounts/clitest000002/listKeys?api-version=2018-03-01-preview
  response:
    body: {string: '{"keys":[{"keyName":"key1","value":"5aVwIz84+SypiHhBXWjdnQe43HvS5hipiE8p65VXcCILw4U7v2DZBbIsB1pCnVPoeyrzu7itkaYz/abDFY8ztw==","permissions":"FULL"},{"keyName":"key2","value":"XShSDUvo1CRCsQD6uVanK3Ckwc+9eqR8ZCqrDbDUH/kX2tnolMUrF/slU/44APn57xCY0i32LDPcpGFSVi7/1g==","permissions":"FULL"}]}'}
    headers:
      cache-control: [no-cache]
      content-length: ['288']
      content-type: [application/json]
      date: ['Fri, 12 Oct 2018 15:34:58 GMT']
      expires: ['-1']
      pragma: [no-cache]
      server: ['Microsoft-Azure-Storage-Resource-Provider/1.0,Microsoft-HTTPAPI/2.0
          Microsoft-HTTPAPI/2.0']
      strict-transport-security: [max-age=31536000; includeSubDomains]
      transfer-encoding: [chunked]
      vary: [Accept-Encoding]
      x-content-type-options: [nosniff]
      x-ms-ratelimit-remaining-subscription-writes: ['1186']
    status: {code: 200, message: OK}
- request:
    body: 'b''b\''{"location": "westus2", "properties": {"storageAccounts": [{"id":
      "/subscriptions/00000000-0000-0000-0000-000000000000/resourceGroups/clitest.rg000001/providers/Microsoft.Storage/storageAccounts/clitest000002",
      "type": "Primary"}]}}\'''''
    headers:
      Accept: [application/json]
      Accept-Encoding: ['gzip, deflate']
      CommandName: [ams account create]
      Connection: [keep-alive]
      Content-Length: ['302']
      Content-Type: [application/json; charset=utf-8]
      User-Agent: [python/3.7.0 (Windows-10-10.0.17134-SP0) requests/2.19.1 msrest/0.5.5
          msrest_azure/0.4.34 azure-mgmt-media/1.0.0 Azure-SDK-For-Python AZURECLI/2.0.48]
      accept-language: [en-US]
    method: PUT
    uri: https://management.azure.com/subscriptions/00000000-0000-0000-0000-000000000000/resourceGroups/clitest.rg000001/providers/Microsoft.Media/mediaservices/ams000003?api-version=2018-07-01
  response:
    body: {string: "{\r\n  \"name\":\"ams000003\",\"id\":\"/subscriptions/00000000-0000-0000-0000-000000000000/resourceGroups/clitest.rg000001/providers/Microsoft.Media/mediaservices/ams000003\",\"type\":\"Microsoft.Media/mediaservices\",\"location\":\"West
        US 2\",\"properties\":{\r\n    \"mediaServiceId\":\"423eba85-e0bd-4a8e-b098-c07893da1e25\",\"storageAccounts\":[\r\n
        \     {\r\n        \"id\":\"/subscriptions/00000000-0000-0000-0000-000000000000/resourceGroups/clitest.rg000001/providers/Microsoft.Storage/storageAccounts/clitest000002\",\"type\":\"Primary\"\r\n
        \     }\r\n    ]\r\n  }\r\n}"}
    headers:
      cache-control: [no-cache]
      content-length: ['665']
      content-type: [application/json; odata.metadata=minimal]
      date: ['Fri, 12 Oct 2018 15:35:03 GMT']
      expires: ['-1']
      odata-version: ['4.0']
      pragma: [no-cache]
      server: [Microsoft-IIS/10.0]
      strict-transport-security: [max-age=31536000; includeSubDomains]
      x-content-type-options: [nosniff]
      x-ms-ratelimit-remaining-subscription-writes: ['1189']
      x-powered-by: [ASP.NET]
    status: {code: 201, message: Created}
- request:
    body: '{}'
    headers:
      Accept: [application/json]
      Accept-Encoding: ['gzip, deflate']
      CommandName: [ams asset create]
      Connection: [keep-alive]
      Content-Length: ['2']
      Content-Type: [application/json; charset=utf-8]
      User-Agent: [python/3.7.0 (Windows-10-10.0.17134-SP0) requests/2.19.1 msrest/0.5.5
          msrest_azure/0.4.34 azure-mgmt-media/1.0.0 Azure-SDK-For-Python AZURECLI/2.0.48]
      accept-language: [en-US]
    method: PUT
    uri: https://management.azure.com/subscriptions/00000000-0000-0000-0000-000000000000/resourceGroups/clitest.rg000001/providers/Microsoft.Media/mediaServices/ams000003/assets/asset000004?api-version=2018-07-01
  response:
    body: {string: "{\r\n  \"name\":\"asset000004\",\"id\":\"/subscriptions/00000000-0000-0000-0000-000000000000/resourceGroups/clitest.rg000001/providers/Microsoft.Media/mediaservices/ams000003/assets/asset000004\",\"type\":\"Microsoft.Media/mediaservices/assets\",\"properties\":{\r\n
        \   \"assetId\":\"76961a63-9736-4835-baff-ccaf2078ad87\",\"created\":\"2018-10-12T15:35:05.61Z\",\"lastModified\":\"2018-10-12T15:35:05.61Z\",\"storageAccountName\":\"clitest000002\",\"storageEncryptionFormat\":\"None\"\r\n
        \ }\r\n}"}
    headers:
      cache-control: [no-cache]
      content-length: ['530']
      content-type: [application/json; odata.metadata=minimal]
      date: ['Fri, 12 Oct 2018 15:35:05 GMT']
      expires: ['-1']
      odata-version: ['4.0']
      pragma: [no-cache]
      server: [Microsoft-IIS/10.0]
      strict-transport-security: [max-age=31536000; includeSubDomains]
      x-content-type-options: [nosniff]
      x-ms-ratelimit-remaining-subscription-resource-requests: ['11999']
      x-powered-by: [ASP.NET]
    status: {code: 201, message: Created}
- request:
    body: '{"properties": {"commonEncryptionCenc": {"enabledProtocols": {"download":
      false, "dash": false, "hls": true, "smoothStreaming": true}, "contentKeys":
      {"defaultKey": {"label": "testLabel2"}}, "drm": {"playReady": {"customLicenseAcquisitionUrlTemplate":
      "test.com"}, "widevine": {"customLicenseAcquisitionUrlTemplate": "test.com"}}},
      "commonEncryptionCbcs": {"enabledProtocols": {"download": false, "dash": false,
      "hls": true, "smoothStreaming": true}, "contentKeys": {"defaultKey": {"label":
      "testLabel1"}}, "drm": {"fairPlay": {"customLicenseAcquisitionUrlTemplate":
      "test.com", "allowPersistentLicense": false}}}}}'
    headers:
      Accept: [application/json]
      Accept-Encoding: ['gzip, deflate']
      CommandName: [ams streaming-policy create]
      Connection: [keep-alive]
      Content-Length: ['615']
      Content-Type: [application/json; charset=utf-8]
      User-Agent: [python/3.7.0 (Windows-10-10.0.17134-SP0) requests/2.19.1 msrest/0.5.5
          msrest_azure/0.4.34 azure-mgmt-media/1.0.0 Azure-SDK-For-Python AZURECLI/2.0.48]
      accept-language: [en-US]
    method: PUT
    uri: https://management.azure.com/subscriptions/00000000-0000-0000-0000-000000000000/resourceGroups/clitest.rg000001/providers/Microsoft.Media/mediaServices/ams000003/streamingPolicies/spn000005?api-version=2018-07-01
  response:
    body: {string: "{\r\n  \"name\":\"spn000005\",\"id\":\"/subscriptions/00000000-0000-0000-0000-000000000000/resourceGroups/clitest.rg000001/providers/Microsoft.Media/mediaservices/ams000003/streamingPolicies/spn000005\",\"type\":\"Microsoft.Media/mediaservices/streamingPolicies\",\"properties\":{\r\n
        \   \"created\":\"2018-10-12T15:35:07.2185228Z\",\"commonEncryptionCenc\":{\r\n
        \     \"enabledProtocols\":{\r\n        \"download\":false,\"dash\":false,\"hls\":true,\"smoothStreaming\":true\r\n
        \     },\"clearTracks\":[\r\n        \r\n      ],\"contentKeys\":{\r\n        \"defaultKey\":{\r\n
        \         \"label\":\"testLabel2\"\r\n        },\"keyToTrackMappings\":[\r\n
        \         \r\n        ]\r\n      },\"drm\":{\r\n        \"playReady\":{\r\n
        \         \"customLicenseAcquisitionUrlTemplate\":\"test.com\"\r\n        },\"widevine\":{\r\n
        \         \"customLicenseAcquisitionUrlTemplate\":\"test.com\"\r\n        }\r\n
        \     }\r\n    },\"commonEncryptionCbcs\":{\r\n      \"enabledProtocols\":{\r\n
        \       \"download\":false,\"dash\":false,\"hls\":true,\"smoothStreaming\":true\r\n
        \     },\"clearTracks\":[\r\n        \r\n      ],\"contentKeys\":{\r\n        \"defaultKey\":{\r\n
        \         \"label\":\"testLabel1\"\r\n        },\"keyToTrackMappings\":[\r\n
        \         \r\n        ]\r\n      },\"drm\":{\r\n        \"fairPlay\":{\r\n
        \         \"customLicenseAcquisitionUrlTemplate\":\"test.com\",\"allowPersistentLicense\":false\r\n
        \       }\r\n      }\r\n    }\r\n  }\r\n}"}
    headers:
      cache-control: [no-cache]
      content-length: ['1348']
      content-type: [application/json; odata.metadata=minimal]
      date: ['Fri, 12 Oct 2018 15:35:07 GMT']
      expires: ['-1']
      odata-version: ['4.0']
      pragma: [no-cache]
      server: [Microsoft-IIS/10.0]
      strict-transport-security: [max-age=31536000; includeSubDomains]
      x-content-type-options: [nosniff]
      x-ms-ratelimit-remaining-subscription-writes: ['1198']
      x-powered-by: [ASP.NET]
    status: {code: 201, message: Created}
- request:
    body: 'b''b\''b\\\''b\\\\\\\''b\\\\\\\\\\\\\\\''b\\\\\\\\\\\\\\\\\\\\\\\\\\\\\\\''{"properties":
      {"assetName": "asset000004", "startTime": "2018-03-29T10:00:00.000Z", "endTime":
      "2018-03-29T12:00:00.000Z", "streamingLocatorId": "88888888-0000-0000-0000-000000000003",
      "streamingPolicyName": "spn000005", "contentKeys": [{"id": "88888888-0000-0000-0000-000000000001",
      "labelReferenceInStreamingPolicy": "testLabel1", "value": "dmFsdWG="}, {"id":
      "88888888-0000-0000-0000-000000000002", "labelReferenceInStreamingPolicy": "testLabel2",
      "value": "dmFsdWQ="}], "alternativeMediaId": "88888888-0000-0000-0000-000000000004"}}\\\\\\\\\\\\\\\\\\\\\\\\\\\\\\\''\\\\\\\\\\\\\\\''\\\\\\\''\\\''\'''''
    headers:
      Accept: [application/json]
      Accept-Encoding: ['gzip, deflate']
      CommandName: [ams streaming-locator create]
      Connection: [keep-alive]
      Content-Length: ['539']
      Content-Type: [application/json; charset=utf-8]
      User-Agent: [python/3.7.0 (Windows-10-10.0.17134-SP0) requests/2.19.1 msrest/0.5.5
          msrest_azure/0.4.34 azure-mgmt-media/1.0.0 Azure-SDK-For-Python AZURECLI/2.0.48]
      accept-language: [en-US]
    method: PUT
    uri: https://management.azure.com/subscriptions/00000000-0000-0000-0000-000000000000/resourceGroups/clitest.rg000001/providers/Microsoft.Media/mediaServices/ams000003/streamingLocators/sln000006?api-version=2018-07-01
  response:
    body: {string: "{\r\n  \"name\":\"sln000006\",\"id\":\"/subscriptions/00000000-0000-0000-0000-000000000000/resourceGroups/clitest.rg000001/providers/Microsoft.Media/mediaservices/ams000003/streamingLocators/sln000006\",\"type\":\"Microsoft.Media/mediaservices/streamingLocators\",\"properties\":{\r\n
        \   \"assetName\":\"asset000004\",\"created\":\"2018-10-12T15:35:08.9712885Z\",\"startTime\":\"2018-03-29T10:00:00Z\",\"endTime\":\"2018-03-29T12:00:00Z\",\"streamingLocatorId\":\"88888888-0000-0000-0000-000000000003\",\"streamingPolicyName\":\"spn000005\",\"contentKeys\":[\r\n
        \     {\r\n        \"id\":\"88888888-0000-0000-0000-000000000001\",\"type\":\"CommonEncryptionCbcs\",\"labelReferenceInStreamingPolicy\":\"testLabel1\",\"tracks\":[\r\n
        \         \r\n        ]\r\n      },{\r\n        \"id\":\"88888888-0000-0000-0000-000000000002\",\"type\":\"CommonEncryptionCenc\",\"labelReferenceInStreamingPolicy\":\"testLabel2\",\"tracks\":[\r\n
        \         \r\n        ]\r\n      }\r\n    ],\"alternativeMediaId\":\"88888888-0000-0000-0000-000000000004\"\r\n
        \ }\r\n}"}
    headers:
      cache-control: [no-cache]
      content-length: ['1012']
      content-type: [application/json; odata.metadata=minimal]
      date: ['Fri, 12 Oct 2018 15:35:08 GMT']
      expires: ['-1']
      odata-version: ['4.0']
      pragma: [no-cache]
      server: [Microsoft-IIS/10.0]
      strict-transport-security: [max-age=31536000; includeSubDomains]
      x-content-type-options: [nosniff]
      x-ms-ratelimit-remaining-subscription-resource-requests: ['11999']
      x-powered-by: [ASP.NET]
    status: {code: 201, message: Created}
- request:
    body: null
    headers:
      Accept: [application/json]
      Accept-Encoding: ['gzip, deflate']
      CommandName: [ams streaming-locator show]
      Connection: [keep-alive]
      User-Agent: [python/3.7.0 (Windows-10-10.0.17134-SP0) requests/2.19.1 msrest/0.5.5
          msrest_azure/0.4.34 azure-mgmt-media/1.0.0 Azure-SDK-For-Python AZURECLI/2.0.48]
      accept-language: [en-US]
    method: GET
    uri: https://management.azure.com/subscriptions/00000000-0000-0000-0000-000000000000/resourceGroups/clitest.rg000001/providers/Microsoft.Media/mediaServices/ams000003/streamingLocators/sln000006?api-version=2018-07-01
  response:
    body: {string: "{\r\n  \"name\":\"sln000006\",\"id\":\"/subscriptions/00000000-0000-0000-0000-000000000000/resourceGroups/clitest.rg000001/providers/Microsoft.Media/mediaservices/ams000003/streamingLocators/sln000006\",\"type\":\"Microsoft.Media/mediaservices/streamingLocators\",\"properties\":{\r\n
        \   \"assetName\":\"asset000004\",\"created\":\"2018-10-12T15:35:08.97Z\",\"startTime\":\"2018-03-29T10:00:00Z\",\"endTime\":\"2018-03-29T12:00:00Z\",\"streamingLocatorId\":\"88888888-0000-0000-0000-000000000003\",\"streamingPolicyName\":\"spn000005\",\"contentKeys\":[\r\n
        \     {\r\n        \"id\":\"88888888-0000-0000-0000-000000000001\",\"type\":\"CommonEncryptionCbcs\",\"labelReferenceInStreamingPolicy\":\"testLabel1\",\"tracks\":[\r\n
        \         \r\n        ]\r\n      },{\r\n        \"id\":\"88888888-0000-0000-0000-000000000002\",\"type\":\"CommonEncryptionCenc\",\"labelReferenceInStreamingPolicy\":\"testLabel2\",\"tracks\":[\r\n
        \         \r\n        ]\r\n      }\r\n    ],\"alternativeMediaId\":\"88888888-0000-0000-0000-000000000004\"\r\n
        \ }\r\n}"}
    headers:
      cache-control: [no-cache]
      content-length: ['1007']
      content-type: [application/json; odata.metadata=minimal]
      date: ['Fri, 12 Oct 2018 15:35:10 GMT']
      expires: ['-1']
      odata-version: ['4.0']
      pragma: [no-cache]
      server: [Microsoft-IIS/10.0]
      strict-transport-security: [max-age=31536000; includeSubDomains]
      transfer-encoding: [chunked]
      vary: ['Accept-Encoding,Accept-Encoding']
      x-content-type-options: [nosniff]
      x-powered-by: [ASP.NET]
    status: {code: 200, message: OK}
- request:
    body: null
    headers:
      Accept: [application/json]
      Accept-Encoding: ['gzip, deflate']
      CommandName: [ams streaming-locator list]
      Connection: [keep-alive]
      User-Agent: [python/3.7.0 (Windows-10-10.0.17134-SP0) requests/2.19.1 msrest/0.5.5
          msrest_azure/0.4.34 azure-mgmt-media/1.0.0 Azure-SDK-For-Python AZURECLI/2.0.48]
      accept-language: [en-US]
    method: GET
    uri: https://management.azure.com/subscriptions/00000000-0000-0000-0000-000000000000/resourceGroups/clitest.rg000001/providers/Microsoft.Media/mediaServices/ams000003/streamingLocators?api-version=2018-07-01
  response:
    body: {string: "{\r\n  \"value\":[\r\n    {\r\n      \"name\":\"sln000006\",\"id\":\"/subscriptions/00000000-0000-0000-0000-000000000000/resourceGroups/clitest.rg000001/providers/Microsoft.Media/mediaservices/ams000003/streamingLocators/sln000006\",\"type\":\"Microsoft.Media/mediaservices/streamingLocators\",\"properties\":{\r\n
        \       \"assetName\":\"asset000004\",\"created\":\"2018-10-12T15:35:08.97Z\",\"startTime\":\"2018-03-29T10:00:00Z\",\"endTime\":\"2018-03-29T12:00:00Z\",\"streamingLocatorId\":\"88888888-0000-0000-0000-000000000003\",\"streamingPolicyName\":\"spn000005\",\"contentKeys\":[\r\n
        \         \r\n        ],\"alternativeMediaId\":\"88888888-0000-0000-0000-000000000004\"\r\n
        \     }\r\n    }\r\n  ]\r\n}"}
    headers:
      cache-control: [no-cache]
      content-length: ['710']
      content-type: [application/json; odata.metadata=minimal]
      date: ['Fri, 12 Oct 2018 15:35:12 GMT']
      expires: ['-1']
      odata-version: ['4.0']
      pragma: [no-cache]
      server: [Microsoft-IIS/10.0]
      strict-transport-security: [max-age=31536000; includeSubDomains]
      transfer-encoding: [chunked]
      vary: ['Accept-Encoding,Accept-Encoding']
      x-content-type-options: [nosniff]
      x-powered-by: [ASP.NET]
    status: {code: 200, message: OK}
- request:
    body: null
    headers:
      Accept: [application/json]
      Accept-Encoding: ['gzip, deflate']
      CommandName: [ams streaming-locator get-paths]
      Connection: [keep-alive]
      Content-Length: ['0']
      User-Agent: [python/3.7.0 (Windows-10-10.0.17134-SP0) requests/2.19.1 msrest/0.5.5
          msrest_azure/0.4.34 azure-mgmt-media/1.0.0 Azure-SDK-For-Python AZURECLI/2.0.48]
      accept-language: [en-US]
    method: POST
    uri: https://management.azure.com/subscriptions/00000000-0000-0000-0000-000000000000/resourceGroups/clitest.rg000001/providers/Microsoft.Media/mediaServices/ams000003/streamingLocators/sln000006/listPaths?api-version=2018-07-01
  response:
    body: {string: "{\r\n  \"streamingPaths\":[\r\n    {\r\n      \"streamingProtocol\":\"Hls\",\"encryptionScheme\":\"CommonEncryptionCenc\",\"paths\":[\r\n
        \       \r\n      ]\r\n    },{\r\n      \"streamingProtocol\":\"SmoothStreaming\",\"encryptionScheme\":\"CommonEncryptionCenc\",\"paths\":[\r\n
        \       \r\n      ]\r\n    },{\r\n      \"streamingProtocol\":\"Hls\",\"encryptionScheme\":\"CommonEncryptionCbcs\",\"paths\":[\r\n
        \       \r\n      ]\r\n    },{\r\n      \"streamingProtocol\":\"SmoothStreaming\",\"encryptionScheme\":\"CommonEncryptionCbcs\",\"paths\":[\r\n
        \       \r\n      ]\r\n    }\r\n  ],\"downloadPaths\":[\r\n    \r\n  ]\r\n}"}
    headers:
      cache-control: [no-cache]
      content-length: ['541']
      content-type: [application/json; odata.metadata=minimal]
      date: ['Fri, 12 Oct 2018 15:35:14 GMT']
      expires: ['-1']
      odata-version: ['4.0']
      pragma: [no-cache]
      server: [Microsoft-IIS/10.0]
      strict-transport-security: [max-age=31536000; includeSubDomains]
      transfer-encoding: [chunked]
      vary: ['Accept-Encoding,Accept-Encoding']
      x-content-type-options: [nosniff]
      x-ms-ratelimit-remaining-subscription-writes: ['1199']
      x-powered-by: [ASP.NET]
    status: {code: 200, message: OK}
- request:
    body: null
    headers:
      Accept: [application/json]
      Accept-Encoding: ['gzip, deflate']
      CommandName: [ams streaming-locator delete]
      Connection: [keep-alive]
      Content-Length: ['0']
      User-Agent: [python/3.7.0 (Windows-10-10.0.17134-SP0) requests/2.19.1 msrest/0.5.5
          msrest_azure/0.4.34 azure-mgmt-media/1.0.0 Azure-SDK-For-Python AZURECLI/2.0.48]
      accept-language: [en-US]
    method: DELETE
    uri: https://management.azure.com/subscriptions/00000000-0000-0000-0000-000000000000/resourceGroups/clitest.rg000001/providers/Microsoft.Media/mediaServices/ams000003/streamingLocators/sln000006?api-version=2018-07-01
  response:
    body: {string: ''}
    headers:
      cache-control: [no-cache]
      content-length: ['0']
      date: ['Fri, 12 Oct 2018 15:35:15 GMT']
      expires: ['-1']
      pragma: [no-cache]
      server: [Microsoft-IIS/10.0]
      strict-transport-security: [max-age=31536000; includeSubDomains]
      x-content-type-options: [nosniff]
      x-ms-ratelimit-remaining-subscription-resource-requests: ['11999']
      x-powered-by: [ASP.NET]
    status: {code: 200, message: OK}
- request:
    body: null
    headers:
      Accept: [application/json]
      Accept-Encoding: ['gzip, deflate']
      CommandName: [group delete]
      Connection: [keep-alive]
      Content-Length: ['0']
      Content-Type: [application/json; charset=utf-8]
      User-Agent: [python/3.7.0 (Windows-10-10.0.17134-SP0) requests/2.19.1 msrest/0.5.5
          msrest_azure/0.4.34 resourcemanagementclient/2.0.0 Azure-SDK-For-Python
          AZURECLI/2.0.48]
      accept-language: [en-US]
    method: DELETE
    uri: https://management.azure.com/subscriptions/00000000-0000-0000-0000-000000000000/resourcegroups/clitest.rg000001?api-version=2018-05-01
  response:
    body: {string: ''}
    headers:
      cache-control: [no-cache]
      content-length: ['0']
      date: ['Fri, 12 Oct 2018 15:35:17 GMT']
      expires: ['-1']
      location: ['https://management.azure.com/subscriptions/00000000-0000-0000-0000-000000000000/operationresults/eyJqb2JJZCI6IlJFU09VUkNFR1JPVVBERUxFVElPTkpPQi1DTElURVNUOjJFUkdRTjNCWk80UlgyWFZVV040U0tZSkNCSU1aQ0lBUkdTU0xDSHwwRjBGNTRGRDcyRTQ2Q0VDLVdFU1RVUyIsImpvYkxvY2F0aW9uIjoid2VzdHVzIn0?api-version=2018-05-01']
      pragma: [no-cache]
      strict-transport-security: [max-age=31536000; includeSubDomains]
      x-content-type-options: [nosniff]
      x-ms-ratelimit-remaining-subscription-deletes: ['14999']
    status: {code: 202, message: Accepted}
version: 1
