interactions:
- request:
    body: '{"location": "westus", "tags": {"product": "azurecli", "cause": "automation",
      "date": "2019-05-08T21:30:19Z"}}'
    headers:
      Accept:
      - application/json
      Accept-Encoding:
      - gzip, deflate
      CommandName:
      - group create
      Connection:
      - keep-alive
      Content-Length:
      - '110'
      Content-Type:
      - application/json; charset=utf-8
      ParameterSetName:
      - --location --name --tag
      User-Agent:
      - python/3.6.8 (Windows-10-10.0.17763-SP0) msrest/0.6.4 msrest_azure/0.6.0 resourcemanagementclient/2.1.0
        Azure-SDK-For-Python AZURECLI/2.0.64
      accept-language:
      - en-US
    method: PUT
    uri: https://management.azure.com/subscriptions/00000000-0000-0000-0000-000000000000/resourcegroups/clitest.rg000001?api-version=2018-05-01
  response:
    body:
      string: '{"id":"/subscriptions/00000000-0000-0000-0000-000000000000/resourceGroups/clitest.rg000001","name":"clitest.rg000001","location":"westus","tags":{"product":"azurecli","cause":"automation","date":"2019-05-08T21:30:19Z"},"properties":{"provisioningState":"Succeeded"}}'
    headers:
      cache-control:
      - no-cache
      content-length:
      - '384'
      content-type:
      - application/json; charset=utf-8
      date:
      - Wed, 08 May 2019 21:30:20 GMT
      expires:
      - '-1'
      pragma:
      - no-cache
      strict-transport-security:
      - max-age=31536000; includeSubDomains
      x-content-type-options:
      - nosniff
      x-ms-ratelimit-remaining-subscription-writes:
      - '1198'
    status:
      code: 201
      message: Created
- request:
    body: '{"sku": {"name": "Standard_LRS"}, "kind": "Storage", "location": "westus"}'
    headers:
      Accept:
      - application/json
      Accept-Encoding:
      - gzip, deflate
      CommandName:
      - storage account create
      Connection:
      - keep-alive
      Content-Length:
      - '74'
      Content-Type:
      - application/json; charset=utf-8
      ParameterSetName:
      - -n -g -l --sku
      User-Agent:
      - python/3.6.8 (Windows-10-10.0.17763-SP0) msrest/0.6.4 msrest_azure/0.6.0 azure-mgmt-storage/3.3.0
        Azure-SDK-For-Python AZURECLI/2.0.64
      accept-language:
      - en-US
    method: PUT
    uri: https://management.azure.com/subscriptions/00000000-0000-0000-0000-000000000000/resourceGroups/clitest.rg000001/providers/Microsoft.Storage/storageAccounts/clitest000002?api-version=2018-11-01
  response:
    body:
      string: ''
    headers:
      cache-control:
      - no-cache
      content-length:
      - '0'
      content-type:
      - text/plain; charset=utf-8
      date:
      - Wed, 08 May 2019 21:30:22 GMT
      expires:
      - '-1'
      location:
      - https://management.azure.com/subscriptions/00000000-0000-0000-0000-000000000000/providers/Microsoft.Storage/locations/westus/asyncoperations/8c76410a-3646-44ba-9833-1e876d4e31c1?monitor=true&api-version=2018-11-01
      pragma:
      - no-cache
      server:
      - Microsoft-Azure-Storage-Resource-Provider/1.0,Microsoft-HTTPAPI/2.0 Microsoft-HTTPAPI/2.0
      strict-transport-security:
      - max-age=31536000; includeSubDomains
      x-content-type-options:
      - nosniff
      x-ms-ratelimit-remaining-subscription-writes:
      - '1196'
    status:
      code: 202
      message: Accepted
- request:
    body: null
    headers:
      Accept:
      - application/json
      Accept-Encoding:
      - gzip, deflate
      CommandName:
      - storage account create
      Connection:
      - keep-alive
      ParameterSetName:
      - -n -g -l --sku
      User-Agent:
      - python/3.6.8 (Windows-10-10.0.17763-SP0) msrest/0.6.4 msrest_azure/0.6.0 azure-mgmt-storage/3.3.0
        Azure-SDK-For-Python AZURECLI/2.0.64
    method: GET
    uri: https://management.azure.com/subscriptions/00000000-0000-0000-0000-000000000000/providers/Microsoft.Storage/locations/westus/asyncoperations/8c76410a-3646-44ba-9833-1e876d4e31c1?monitor=true&api-version=2018-11-01
  response:
    body:
      string: '{"sku":{"name":"Standard_LRS","tier":"Standard"},"kind":"Storage","id":"/subscriptions/00000000-0000-0000-0000-000000000000/resourceGroups/clitest.rg000001/providers/Microsoft.Storage/storageAccounts/clitest000002","name":"clitest000002","type":"Microsoft.Storage/storageAccounts","location":"westus","tags":{},"properties":{"networkAcls":{"bypass":"AzureServices","virtualNetworkRules":[],"ipRules":[],"defaultAction":"Allow"},"supportsHttpsTrafficOnly":false,"encryption":{"services":{"file":{"enabled":true,"lastEnabledTime":"2019-05-08T21:30:22.2522609Z"},"blob":{"enabled":true,"lastEnabledTime":"2019-05-08T21:30:22.2522609Z"}},"keySource":"Microsoft.Storage"},"provisioningState":"Succeeded","creationTime":"2019-05-08T21:30:22.0960386Z","primaryEndpoints":{"blob":"https://clitest000002.blob.core.windows.net/","queue":"https://clitest000002.queue.core.windows.net/","table":"https://clitest000002.table.core.windows.net/","file":"https://clitest000002.file.core.windows.net/"},"primaryLocation":"westus","statusOfPrimary":"available"}}'
    headers:
      cache-control:
      - no-cache
      content-length:
      - '1169'
      content-type:
      - application/json
      date:
      - Wed, 08 May 2019 21:30:39 GMT
      expires:
      - '-1'
      pragma:
      - no-cache
      server:
      - Microsoft-Azure-Storage-Resource-Provider/1.0,Microsoft-HTTPAPI/2.0 Microsoft-HTTPAPI/2.0
      strict-transport-security:
      - max-age=31536000; includeSubDomains
      transfer-encoding:
      - chunked
      vary:
      - Accept-Encoding
      x-content-type-options:
      - nosniff
    status:
      code: 200
      message: OK
- request:
    body: null
    headers:
      Accept:
      - application/json
      Accept-Encoding:
      - gzip, deflate
      CommandName:
      - storage account keys list
      Connection:
      - keep-alive
      Content-Length:
      - '0'
      ParameterSetName:
      - -n -g --query -o
      User-Agent:
      - python/3.6.8 (Windows-10-10.0.17763-SP0) msrest/0.6.4 msrest_azure/0.6.0 azure-mgmt-storage/3.3.0
        Azure-SDK-For-Python AZURECLI/2.0.64
      accept-language:
      - en-US
    method: POST
    uri: https://management.azure.com/subscriptions/00000000-0000-0000-0000-000000000000/resourceGroups/clitest.rg000001/providers/Microsoft.Storage/storageAccounts/clitest000002/listKeys?api-version=2018-11-01
  response:
    body:
      string: '{"keys":[{"keyName":"key1","value":"veryFakedStorageAccountKey==","permissions":"FULL"},{"keyName":"key2","value":"veryFakedStorageAccountKey==","permissions":"FULL"}]}'
    headers:
      cache-control:
      - no-cache
      content-length:
      - '288'
      content-type:
      - application/json
      date:
      - Wed, 08 May 2019 21:30:41 GMT
      expires:
      - '-1'
      pragma:
      - no-cache
      server:
      - Microsoft-Azure-Storage-Resource-Provider/1.0,Microsoft-HTTPAPI/2.0 Microsoft-HTTPAPI/2.0
      strict-transport-security:
      - max-age=31536000; includeSubDomains
      transfer-encoding:
      - chunked
      vary:
      - Accept-Encoding
      x-content-type-options:
      - nosniff
      x-ms-ratelimit-remaining-subscription-writes:
      - '1198'
    status:
      code: 200
      message: OK
- request:
    body: 'b''b\''{"location": "australiaeast", "properties": {"storageAccounts":
      [{"id": "/subscriptions/00000000-0000-0000-0000-000000000000/resourceGroups/clitest.rg000001/providers/Microsoft.Storage/storageAccounts/clitest000002",
      "type": "Primary"}]}}\'''''
    headers:
      Accept:
      - application/json
      Accept-Encoding:
      - gzip, deflate
      CommandName:
      - ams account create
      Connection:
      - keep-alive
      Content-Length:
      - '308'
      Content-Type:
      - application/json; charset=utf-8
      ParameterSetName:
      - -n -g --storage-account -l
      User-Agent:
      - python/3.6.8 (Windows-10-10.0.17763-SP0) msrest/0.6.4 msrest_azure/0.6.0 azure-mgmt-media/1.1.1
        Azure-SDK-For-Python AZURECLI/2.0.64
      accept-language:
      - en-US
    method: PUT
    uri: https://management.azure.com/subscriptions/00000000-0000-0000-0000-000000000000/resourceGroups/clitest.rg000001/providers/Microsoft.Media/mediaservices/ams000003?api-version=2018-07-01
  response:
    body:
      string: "{\r\n  \"name\":\"ams000003\",\"id\":\"/subscriptions/00000000-0000-0000-0000-000000000000/resourceGroups/clitest.rg000001/providers/Microsoft.Media/mediaservices/ams000003\",\"type\":\"Microsoft.Media/mediaservices\",\"location\":\"Australia
        East\",\"properties\":{\r\n    \"mediaServiceId\":\"c4abbfe3-09ce-49de-a0a3-23c12320c6e4\",\"storageAccounts\":[\r\n
        \     {\r\n        \"id\":\"/subscriptions/00000000-0000-0000-0000-000000000000/resourceGroups/clitest.rg000001/providers/Microsoft.Storage/storageAccounts/clitest000002\",\"type\":\"Primary\"\r\n
        \     }\r\n    ]\r\n  }\r\n}"
    headers:
      cache-control:
      - no-cache
      content-length:
      - '670'
      content-type:
      - application/json; odata.metadata=minimal
      date:
      - Wed, 08 May 2019 21:30:44 GMT
      expires:
      - '-1'
      odata-version:
      - '4.0'
      pragma:
      - no-cache
      server:
      - Microsoft-IIS/10.0
      strict-transport-security:
      - max-age=31536000; includeSubDomains
      x-content-type-options:
      - nosniff
      x-ms-ratelimit-remaining-subscription-writes:
      - '1196'
      x-powered-by:
      - ASP.NET
    status:
      code: 201
      message: Created
- request:
    body: 'b''{"properties": {"description": "AnotherDescription", "options": [{"name":
      "pon000005", "configuration": {"@odata.type": "#Microsoft.Media.ContentKeyPolicyClearKeyConfiguration"},
      "restriction": {"@odata.type": "#Microsoft.Media.ContentKeyPolicyTokenRestriction",
      "issuer": "AnotherIssuer", "audience": "Audience", "primaryVerificationKey":
      {"@odata.type": "#Microsoft.Media.ContentKeyPolicySymmetricTokenKey", "keyValue":
      "YTFiMmMzZDRlNWY2ZzdoOGk5ajA="}, "alternateVerificationKeys": [], "requiredClaims":
      [{"claimType": "foo", "claimValue": "baz"}, {"claimType": "baz", "claimValue":
      "doo"}, {"claimType": "fus", "claimValue": "rodahh"}], "restrictionTokenType":
      "Jwt", "openIdConnectDiscoveryDocument": "adocument"}}]}}'''
    headers:
      Accept:
      - application/json
      Accept-Encoding:
      - gzip, deflate
      CommandName:
      - ams content-key-policy create
      Connection:
      - keep-alive
      Content-Length:
      - '724'
      Content-Type:
      - application/json; charset=utf-8
      ParameterSetName:
      - -a -n -g --description --clear-key-configuration --issuer --audience --token-key
        --token-key-type --token-type --token-claims --open-id-connect-discovery-document
        --policy-option-name
      User-Agent:
      - python/3.6.8 (Windows-10-10.0.17763-SP0) msrest/0.6.4 msrest_azure/0.6.0 azure-mgmt-media/1.1.1
        Azure-SDK-For-Python AZURECLI/2.0.64
      accept-language:
      - en-US
    method: PUT
    uri: https://management.azure.com/subscriptions/00000000-0000-0000-0000-000000000000/resourceGroups/clitest.rg000001/providers/Microsoft.Media/mediaServices/ams000003/contentKeyPolicies/pn000004?api-version=2018-07-01
  response:
    body:
      string: "{\r\n  \"name\":\"pn000004\",\"id\":\"/subscriptions/00000000-0000-0000-0000-000000000000/resourceGroups/clitest.rg000001/providers/Microsoft.Media/mediaservices/ams000003/contentKeyPolicies/pn000004\",\"type\":\"Microsoft.Media/mediaservices/contentKeyPolicies\",\"properties\":{\r\n
        \   \"policyId\":\"1a2451a8-45f1-4408-bd96-352e38a48bdd\",\"created\":\"2019-05-08T21:30:46.727Z\",\"lastModified\":\"2019-05-08T21:30:46.727Z\",\"description\":\"AnotherDescription\",\"options\":[\r\n
        \     {\r\n        \"policyOptionId\":\"c38e2bfd-7c90-49ed-82ec-9e39907d5bce\",\"name\":\"pon000005\",\"configuration\":{\r\n
        \         \"@odata.type\":\"#Microsoft.Media.ContentKeyPolicyClearKeyConfiguration\"\r\n
        \       },\"restriction\":{\r\n          \"@odata.type\":\"#Microsoft.Media.ContentKeyPolicyTokenRestriction\",\"issuer\":\"AnotherIssuer\",\"audience\":\"Audience\",\"primaryVerificationKey\":{\r\n
        \           \"@odata.type\":\"#Microsoft.Media.ContentKeyPolicySymmetricTokenKey\"\r\n
        \         },\"alternateVerificationKeys\":[\r\n            \r\n          ],\"requiredClaims\":[\r\n
        \           {\r\n              \"claimType\":\"foo\",\"claimValue\":\"baz\"\r\n
        \           },{\r\n              \"claimType\":\"baz\",\"claimValue\":\"doo\"\r\n
        \           },{\r\n              \"claimType\":\"fus\",\"claimValue\":\"rodahh\"\r\n
        \           }\r\n          ],\"restrictionTokenType\":\"Jwt\",\"openIdConnectDiscoveryDocument\":\"adocument\"\r\n
        \       }\r\n      }\r\n    ]\r\n  }\r\n}"
    headers:
      cache-control:
      - no-cache
      content-length:
      - '1403'
      content-type:
      - application/json; odata.metadata=minimal
      date:
      - Wed, 08 May 2019 21:30:46 GMT
      expires:
      - '-1'
      odata-version:
      - '4.0'
      pragma:
      - no-cache
      server:
      - Microsoft-IIS/10.0
      strict-transport-security:
      - max-age=31536000; includeSubDomains
      transfer-encoding:
      - chunked
      vary:
      - Accept-Encoding,Accept-Encoding
      x-content-type-options:
      - nosniff
      x-ms-ratelimit-remaining-subscription-writes:
      - '1195'
      x-powered-by:
      - ASP.NET
    status:
      code: 200
      message: OK
- request:
    body: null
    headers:
      Accept:
      - application/json
      Accept-Encoding:
      - gzip, deflate
      CommandName:
      - ams content-key-policy update
      Connection:
      - keep-alive
      Content-Length:
      - '0'
      ParameterSetName:
      - -a -n -g --description --set
      User-Agent:
      - python/3.6.8 (Windows-10-10.0.17763-SP0) msrest/0.6.4 msrest_azure/0.6.0 azure-mgmt-media/1.1.1
        Azure-SDK-For-Python AZURECLI/2.0.64
      accept-language:
      - en-US
    method: POST
    uri: https://management.azure.com/subscriptions/00000000-0000-0000-0000-000000000000/resourceGroups/clitest.rg000001/providers/Microsoft.Media/mediaServices/ams000003/contentKeyPolicies/pn000004/getPolicyPropertiesWithSecrets?api-version=2018-07-01
  response:
    body:
      string: "{\r\n  \"policyId\":\"1a2451a8-45f1-4408-bd96-352e38a48bdd\",\"created\":\"2019-05-08T21:30:46.727Z\",\"lastModified\":\"2019-05-08T21:30:46.727Z\",\"description\":\"AnotherDescription\",\"options\":[\r\n
        \   {\r\n      \"policyOptionId\":\"c38e2bfd-7c90-49ed-82ec-9e39907d5bce\",\"name\":\"pon000005\",\"configuration\":{\r\n
        \       \"@odata.type\":\"#Microsoft.Media.ContentKeyPolicyClearKeyConfiguration\"\r\n
        \     },\"restriction\":{\r\n        \"@odata.type\":\"#Microsoft.Media.ContentKeyPolicyTokenRestriction\",\"issuer\":\"AnotherIssuer\",\"audience\":\"Audience\",\"primaryVerificationKey\":{\r\n
        \         \"@odata.type\":\"#Microsoft.Media.ContentKeyPolicySymmetricTokenKey\",\"keyValue\":\"YTFiMmMzZDRlNWY2ZzdoOGk5ajA=\"\r\n
        \       },\"alternateVerificationKeys\":[\r\n          \r\n        ],\"requiredClaims\":[\r\n
        \         {\r\n            \"claimType\":\"foo\",\"claimValue\":\"baz\"\r\n
        \         },{\r\n            \"claimType\":\"baz\",\"claimValue\":\"doo\"\r\n
        \         },{\r\n            \"claimType\":\"fus\",\"claimValue\":\"rodahh\"\r\n
        \         }\r\n        ],\"restrictionTokenType\":\"Jwt\",\"openIdConnectDiscoveryDocument\":\"adocument\"\r\n
        \     }\r\n    }\r\n  ]\r\n}"
    headers:
      cache-control:
      - no-cache
      content-length:
      - '1065'
      content-type:
      - application/json; odata.metadata=minimal
      date:
      - Wed, 08 May 2019 21:31:02 GMT
      expires:
      - '-1'
      odata-version:
      - '4.0'
      pragma:
      - no-cache
      server:
      - Microsoft-IIS/10.0
      strict-transport-security:
      - max-age=31536000; includeSubDomains
      transfer-encoding:
      - chunked
      vary:
      - Accept-Encoding,Accept-Encoding
      x-content-type-options:
      - nosniff
      x-ms-ratelimit-remaining-subscription-writes:
      - '1199'
      x-powered-by:
      - ASP.NET
    status:
      code: 200
      message: OK
- request:
    body: 'b''{"properties": {"description": "AnotherDescription", "options": [{"name":
      "pon000005", "configuration": {"@odata.type": "#Microsoft.Media.ContentKeyPolicyClearKeyConfiguration"},
      "restriction": {"@odata.type": "#Microsoft.Media.ContentKeyPolicyTokenRestriction",
      "issuer": "AnotherIssuer", "audience": "Audience", "primaryVerificationKey":
      {"@odata.type": "#Microsoft.Media.ContentKeyPolicySymmetricTokenKey", "keyValue":
      "YTFiMmMzZDRlNWY2ZzdoOGk5ajA="}, "alternateVerificationKeys": [], "requiredClaims":
      [{"claimType": "foo", "claimValue": "baz"}, {"claimType": "baz", "claimValue":
      "doo"}, {"claimType": "fus", "claimValue": "rodahh"}], "restrictionTokenType":
      "Jwt", "openIdConnectDiscoveryDocument": "adocument"}}]}}'''
    headers:
      Accept:
      - application/json
      Accept-Encoding:
      - gzip, deflate
      CommandName:
      - ams content-key-policy update
      Connection:
      - keep-alive
      Content-Length:
      - '724'
      Content-Type:
      - application/json; charset=utf-8
      ParameterSetName:
      - -a -n -g --description --set
      User-Agent:
      - python/3.6.8 (Windows-10-10.0.17763-SP0) msrest/0.6.4 msrest_azure/0.6.0 azure-mgmt-media/1.1.1
        Azure-SDK-For-Python AZURECLI/2.0.64
      accept-language:
      - en-US
    method: PATCH
    uri: https://management.azure.com/subscriptions/00000000-0000-0000-0000-000000000000/resourceGroups/clitest.rg000001/providers/Microsoft.Media/mediaServices/ams000003/contentKeyPolicies/pn000004?api-version=2018-07-01
  response:
    body:
      string: "{\r\n  \"name\":\"pn000004\",\"id\":\"/subscriptions/00000000-0000-0000-0000-000000000000/resourceGroups/clitest.rg000001/providers/Microsoft.Media/mediaservices/ams000003/contentKeyPolicies/pn000004\",\"type\":\"Microsoft.Media/mediaservices/contentKeyPolicies\",\"properties\":{\r\n
        \   \"policyId\":\"1a2451a8-45f1-4408-bd96-352e38a48bdd\",\"created\":\"2019-05-08T21:30:46.727Z\",\"lastModified\":\"2019-05-08T21:31:04.763Z\",\"description\":\"AnotherDescription\",\"options\":[\r\n
        \     {\r\n        \"policyOptionId\":\"9d0d0c30-7fa0-4b40-bfd5-f04c17bb9136\",\"name\":\"pon000005\",\"configuration\":{\r\n
        \         \"@odata.type\":\"#Microsoft.Media.ContentKeyPolicyClearKeyConfiguration\"\r\n
        \       },\"restriction\":{\r\n          \"@odata.type\":\"#Microsoft.Media.ContentKeyPolicyTokenRestriction\",\"issuer\":\"AnotherIssuer\",\"audience\":\"Audience\",\"primaryVerificationKey\":{\r\n
        \           \"@odata.type\":\"#Microsoft.Media.ContentKeyPolicySymmetricTokenKey\"\r\n
        \         },\"alternateVerificationKeys\":[\r\n            \r\n          ],\"requiredClaims\":[\r\n
        \           {\r\n              \"claimType\":\"foo\",\"claimValue\":\"baz\"\r\n
        \           },{\r\n              \"claimType\":\"baz\",\"claimValue\":\"doo\"\r\n
        \           },{\r\n              \"claimType\":\"fus\",\"claimValue\":\"rodahh\"\r\n
        \           }\r\n          ],\"restrictionTokenType\":\"Jwt\",\"openIdConnectDiscoveryDocument\":\"adocument\"\r\n
        \       }\r\n      }\r\n    ]\r\n  }\r\n}"
    headers:
      cache-control:
      - no-cache
      content-length:
      - '1403'
      content-type:
      - application/json; odata.metadata=minimal
      date:
      - Wed, 08 May 2019 21:31:05 GMT
      expires:
      - '-1'
      odata-version:
      - '4.0'
      pragma:
      - no-cache
      server:
      - Microsoft-IIS/10.0
      strict-transport-security:
      - max-age=31536000; includeSubDomains
      transfer-encoding:
      - chunked
      vary:
      - Accept-Encoding,Accept-Encoding
      x-content-type-options:
      - nosniff
      x-ms-ratelimit-remaining-subscription-writes:
      - '1197'
      x-powered-by:
      - ASP.NET
    status:
      code: 200
      message: OK
- request:
    body: null
    headers:
      Accept:
      - application/json
      Accept-Encoding:
      - gzip, deflate
      CommandName:
      - group delete
      Connection:
      - keep-alive
      Content-Length:
      - '0'
      ParameterSetName:
      - --name --yes --no-wait
      User-Agent:
      - python/3.6.8 (Windows-10-10.0.17763-SP0) msrest/0.6.4 msrest_azure/0.6.0 resourcemanagementclient/2.1.0
        Azure-SDK-For-Python AZURECLI/2.0.64
      accept-language:
      - en-US
    method: DELETE
    uri: https://management.azure.com/subscriptions/00000000-0000-0000-0000-000000000000/resourcegroups/clitest.rg000001?api-version=2018-05-01
  response:
    body:
      string: ''
    headers:
      cache-control:
      - no-cache
      content-length:
      - '0'
      date:
      - Wed, 08 May 2019 21:31:05 GMT
      expires:
      - '-1'
      location:
      - https://management.azure.com/subscriptions/00000000-0000-0000-0000-000000000000/operationresults/eyJqb2JJZCI6IlJFU09VUkNFR1JPVVBERUxFVElPTkpPQi1DTElURVNUOjJFUkc2R0NXWERIUEVEMlVXR0dJN1JGUDc0QjZHRUZBVFpKSEVZTHwxNzYwOUUzQjUwMjQ0MTZFLVdFU1RVUyIsImpvYkxvY2F0aW9uIjoid2VzdHVzIn0?api-version=2018-05-01
      pragma:
      - no-cache
      strict-transport-security:
      - max-age=31536000; includeSubDomains
      x-content-type-options:
      - nosniff
      x-ms-ratelimit-remaining-subscription-deletes:
      - '14998'
    status:
      code: 202
      message: Accepted
version: 1
