interactions:
- request:
    body: '{"location": "westus", "tags": {"product": "azurecli", "cause": "automation",
      "date": "2019-01-07T23:27:24Z"}}'
    headers:
      Accept: [application/json]
      Accept-Encoding: ['gzip, deflate']
      CommandName: [group create]
      Connection: [keep-alive]
      Content-Length: ['110']
      Content-Type: [application/json; charset=utf-8]
      ParameterSetName: [--location --name --tag]
      User-Agent: [python/3.6.6 (Windows-10-10.0.17763-SP0) msrest/0.6.2 msrest_azure/0.4.34
          resourcemanagementclient/2.0.0 Azure-SDK-For-Python AZURECLI/2.0.53]
      accept-language: [en-US]
    method: PUT
    uri: https://management.azure.com/subscriptions/00000000-0000-0000-0000-000000000000/resourcegroups/clitest.rg000001?api-version=2018-05-01
  response:
    body: {string: '{"id":"/subscriptions/00000000-0000-0000-0000-000000000000/resourceGroups/clitest.rg000001","name":"clitest.rg000001","location":"westus","tags":{"product":"azurecli","cause":"automation","date":"2019-01-07T23:27:24Z"},"properties":{"provisioningState":"Succeeded"}}'}
    headers:
      cache-control: [no-cache]
      content-length: ['384']
      content-type: [application/json; charset=utf-8]
      date: ['Mon, 07 Jan 2019 23:27:24 GMT']
      expires: ['-1']
      pragma: [no-cache]
      strict-transport-security: [max-age=31536000; includeSubDomains]
      x-content-type-options: [nosniff]
      x-ms-ratelimit-remaining-subscription-writes: ['1197']
    status: {code: 201, message: Created}
- request:
    body: '{"sku": {"name": "Standard_LRS"}, "kind": "Storage", "location": "westus"}'
    headers:
      Accept: [application/json]
      Accept-Encoding: ['gzip, deflate']
      CommandName: [storage account create]
      Connection: [keep-alive]
      Content-Length: ['74']
      Content-Type: [application/json; charset=utf-8]
      ParameterSetName: [-n -g -l --sku]
      User-Agent: [python/3.6.6 (Windows-10-10.0.17763-SP0) msrest/0.6.2 msrest_azure/0.4.34
          azure-mgmt-storage/3.1.0 Azure-SDK-For-Python AZURECLI/2.0.53]
      accept-language: [en-US]
    method: PUT
    uri: https://management.azure.com/subscriptions/00000000-0000-0000-0000-000000000000/resourceGroups/clitest.rg000001/providers/Microsoft.Storage/storageAccounts/clitest000002?api-version=2018-07-01
  response:
    body: {string: ''}
    headers:
      cache-control: [no-cache]
      content-length: ['0']
      content-type: [text/plain; charset=utf-8]
      date: ['Mon, 07 Jan 2019 23:27:25 GMT']
      expires: ['-1']
      location: ['https://management.azure.com/subscriptions/00000000-0000-0000-0000-000000000000/providers/Microsoft.Storage/locations/westus/asyncoperations/f37ca141-a14c-4c0d-8093-16b41fea13fb?monitor=true&api-version=2018-07-01']
      pragma: [no-cache]
      server: ['Microsoft-Azure-Storage-Resource-Provider/1.0,Microsoft-HTTPAPI/2.0
          Microsoft-HTTPAPI/2.0']
      strict-transport-security: [max-age=31536000; includeSubDomains]
      x-content-type-options: [nosniff]
      x-ms-ratelimit-remaining-subscription-writes: ['1197']
    status: {code: 202, message: Accepted}
- request:
    body: null
    headers:
      Accept: [application/json]
      Accept-Encoding: ['gzip, deflate']
      CommandName: [storage account create]
      Connection: [keep-alive]
      ParameterSetName: [-n -g -l --sku]
      User-Agent: [python/3.6.6 (Windows-10-10.0.17763-SP0) msrest/0.6.2 msrest_azure/0.4.34
          azure-mgmt-storage/3.1.0 Azure-SDK-For-Python AZURECLI/2.0.53]
    method: GET
    uri: https://management.azure.com/subscriptions/00000000-0000-0000-0000-000000000000/providers/Microsoft.Storage/locations/westus/asyncoperations/f37ca141-a14c-4c0d-8093-16b41fea13fb?monitor=true&api-version=2018-07-01
  response:
    body: {string: '{"sku":{"name":"Standard_LRS","tier":"Standard"},"kind":"Storage","id":"/subscriptions/00000000-0000-0000-0000-000000000000/resourceGroups/clitest.rg000001/providers/Microsoft.Storage/storageAccounts/clitest000002","name":"clitest000002","type":"Microsoft.Storage/storageAccounts","location":"westus","tags":{},"properties":{"networkAcls":{"bypass":"AzureServices","virtualNetworkRules":[],"ipRules":[],"defaultAction":"Allow"},"supportsHttpsTrafficOnly":false,"encryption":{"services":{"file":{"enabled":true,"lastEnabledTime":"2019-01-07T23:27:25.8452546Z"},"blob":{"enabled":true,"lastEnabledTime":"2019-01-07T23:27:25.8452546Z"}},"keySource":"Microsoft.Storage"},"provisioningState":"Succeeded","creationTime":"2019-01-07T23:27:25.5327591Z","primaryEndpoints":{"blob":"https://clitest000002.blob.core.windows.net/","queue":"https://clitest000002.queue.core.windows.net/","table":"https://clitest000002.table.core.windows.net/","file":"https://clitest000002.file.core.windows.net/"},"primaryLocation":"westus","statusOfPrimary":"available"}}'}
    headers:
      cache-control: [no-cache]
      content-length: ['1169']
      content-type: [application/json]
      date: ['Mon, 07 Jan 2019 23:27:42 GMT']
      expires: ['-1']
      pragma: [no-cache]
      server: ['Microsoft-Azure-Storage-Resource-Provider/1.0,Microsoft-HTTPAPI/2.0
          Microsoft-HTTPAPI/2.0']
      strict-transport-security: [max-age=31536000; includeSubDomains]
      transfer-encoding: [chunked]
      vary: [Accept-Encoding]
      x-content-type-options: [nosniff]
    status: {code: 200, message: OK}
- request:
    body: null
    headers:
      Accept: [application/json]
      Accept-Encoding: ['gzip, deflate']
      CommandName: [storage account keys list]
      Connection: [keep-alive]
      Content-Length: ['0']
      ParameterSetName: [-n -g --query -o]
      User-Agent: [python/3.6.6 (Windows-10-10.0.17763-SP0) msrest/0.6.2 msrest_azure/0.4.34
          azure-mgmt-storage/3.1.0 Azure-SDK-For-Python AZURECLI/2.0.53]
      accept-language: [en-US]
    method: POST
    uri: https://management.azure.com/subscriptions/00000000-0000-0000-0000-000000000000/resourceGroups/clitest.rg000001/providers/Microsoft.Storage/storageAccounts/clitest000002/listKeys?api-version=2018-07-01
  response:
    body: {string: '{"keys":[{"keyName":"key1","value":"veryFakedStorageAccountKey==","permissions":"FULL"},{"keyName":"key2","value":"veryFakedStorageAccountKey==","permissions":"FULL"}]}'}
    headers:
      cache-control: [no-cache]
      content-length: ['288']
      content-type: [application/json]
      date: ['Mon, 07 Jan 2019 23:27:44 GMT']
      expires: ['-1']
      pragma: [no-cache]
      server: ['Microsoft-Azure-Storage-Resource-Provider/1.0,Microsoft-HTTPAPI/2.0
          Microsoft-HTTPAPI/2.0']
      strict-transport-security: [max-age=31536000; includeSubDomains]
      transfer-encoding: [chunked]
      vary: [Accept-Encoding]
      x-content-type-options: [nosniff]
      x-ms-ratelimit-remaining-subscription-writes: ['1199']
    status: {code: 200, message: OK}
- request:
    body: 'b''b\''{"location": "japaneast", "properties": {"storageAccounts": [{"id":
      "/subscriptions/00000000-0000-0000-0000-000000000000/resourceGroups/clitest.rg000001/providers/Microsoft.Storage/storageAccounts/clitest000002",
      "type": "Primary"}]}}\'''''
    headers:
      Accept: [application/json]
      Accept-Encoding: ['gzip, deflate']
      CommandName: [ams account create]
      Connection: [keep-alive]
      Content-Length: ['304']
      Content-Type: [application/json; charset=utf-8]
      ParameterSetName: [-n -g --storage-account -l]
      User-Agent: [python/3.6.6 (Windows-10-10.0.17763-SP0) msrest/0.6.2 msrest_azure/0.4.34
          azure-mgmt-media/1.0.1 Azure-SDK-For-Python AZURECLI/2.0.53]
      accept-language: [en-US]
    method: PUT
    uri: https://management.azure.com/subscriptions/00000000-0000-0000-0000-000000000000/resourceGroups/clitest.rg000001/providers/Microsoft.Media/mediaservices/ams000003?api-version=2018-07-01
  response:
    body: {string: "{\r\n  \"name\":\"ams000003\",\"id\":\"/subscriptions/00000000-0000-0000-0000-000000000000/resourceGroups/clitest.rg000001/providers/Microsoft.Media/mediaservices/ams000003\",\"type\":\"Microsoft.Media/mediaservices\",\"location\":\"Japan
        East\",\"properties\":{\r\n    \"mediaServiceId\":\"2695550d-6a99-4b59-9071-9761efb93483\",\"storageAccounts\":[\r\n
        \     {\r\n        \"id\":\"/subscriptions/00000000-0000-0000-0000-000000000000/resourceGroups/clitest.rg000001/providers/Microsoft.Storage/storageAccounts/clitest000002\",\"type\":\"Primary\"\r\n
        \     }\r\n    ]\r\n  }\r\n}"}
    headers:
      cache-control: [no-cache]
      content-length: ['666']
      content-type: [application/json; odata.metadata=minimal]
      date: ['Mon, 07 Jan 2019 23:27:46 GMT']
      expires: ['-1']
      odata-version: ['4.0']
      pragma: [no-cache]
      server: [Microsoft-IIS/10.0]
      strict-transport-security: [max-age=31536000; includeSubDomains]
      x-content-type-options: [nosniff]
      x-ms-ratelimit-remaining-subscription-writes: ['1198']
      x-powered-by: [ASP.NET]
    status: {code: 201, message: Created}
- request:
    body: '{"properties": {"outputs": [{"preset": {"@odata.type": "#Microsoft.Media.BuiltInStandardEncoderPreset",
      "presetName": "AACGoodQualityAudio"}}]}}'
    headers:
      Accept: [application/json]
      Accept-Encoding: ['gzip, deflate']
      CommandName: [ams transform create]
      Connection: [keep-alive]
      Content-Length: ['144']
      Content-Type: [application/json; charset=utf-8]
      ParameterSetName: [-a -n -g --preset]
      User-Agent: [python/3.6.6 (Windows-10-10.0.17763-SP0) msrest/0.6.2 msrest_azure/0.4.34
          azure-mgmt-media/1.0.1 Azure-SDK-For-Python AZURECLI/2.0.53]
      accept-language: [en-US]
    method: PUT
    uri: https://management.azure.com/subscriptions/00000000-0000-0000-0000-000000000000/resourceGroups/clitest.rg000001/providers/Microsoft.Media/mediaServices/ams000003/transforms/tra000004?api-version=2018-07-01
  response:
    body: {string: "{\r\n  \"name\":\"tra000004\",\"id\":\"/subscriptions/00000000-0000-0000-0000-000000000000/resourceGroups/clitest.rg000001/providers/Microsoft.Media/mediaservices/ams000003/transforms/tra000004\",\"type\":\"Microsoft.Media/mediaservices/transforms\",\"properties\":{\r\n
        \   \"created\":\"2019-01-07T23:27:48.2234009Z\",\"lastModified\":\"2019-01-07T23:27:48.2234009Z\",\"outputs\":[\r\n
        \     {\r\n        \"onError\":\"StopProcessingJob\",\"relativePriority\":\"Normal\",\"preset\":{\r\n
        \         \"@odata.type\":\"#Microsoft.Media.BuiltInStandardEncoderPreset\",\"presetName\":\"AACGoodQualityAudio\"\r\n
        \       }\r\n      }\r\n    ]\r\n  }\r\n}"}
    headers:
      cache-control: [no-cache]
      content-length: ['648']
      content-type: [application/json; odata.metadata=minimal]
      date: ['Mon, 07 Jan 2019 23:27:47 GMT']
      expires: ['-1']
      odata-version: ['4.0']
      pragma: [no-cache]
      server: [Microsoft-IIS/10.0]
      strict-transport-security: [max-age=31536000; includeSubDomains]
      x-content-type-options: [nosniff]
      x-ms-ratelimit-remaining-subscription-writes: ['1197']
      x-powered-by: [ASP.NET]
    status: {code: 201, message: Created}
- request:
    body: null
    headers:
      Accept: [application/json]
      Accept-Encoding: ['gzip, deflate']
      CommandName: [ams transform output add]
      Connection: [keep-alive]
      ParameterSetName: [-a -n -g --preset --on-error --relative-priority]
      User-Agent: [python/3.6.6 (Windows-10-10.0.17763-SP0) msrest/0.6.2 msrest_azure/0.4.34
          azure-mgmt-media/1.0.1 Azure-SDK-For-Python AZURECLI/2.0.53]
      accept-language: [en-US]
    method: GET
    uri: https://management.azure.com/subscriptions/00000000-0000-0000-0000-000000000000/resourceGroups/clitest.rg000001/providers/Microsoft.Media/mediaServices/ams000003/transforms/tra000004?api-version=2018-07-01
  response:
    body: {string: "{\r\n  \"name\":\"tra000004\",\"id\":\"/subscriptions/00000000-0000-0000-0000-000000000000/resourceGroups/clitest.rg000001/providers/Microsoft.Media/mediaservices/ams000003/transforms/tra000004\",\"type\":\"Microsoft.Media/mediaservices/transforms\",\"properties\":{\r\n
        \   \"created\":\"2019-01-07T23:27:48.2234009Z\",\"lastModified\":\"2019-01-07T23:27:48.2234009Z\",\"outputs\":[\r\n
        \     {\r\n        \"onError\":\"StopProcessingJob\",\"relativePriority\":\"Normal\",\"preset\":{\r\n
        \         \"@odata.type\":\"#Microsoft.Media.BuiltInStandardEncoderPreset\",\"presetName\":\"AACGoodQualityAudio\"\r\n
        \       }\r\n      }\r\n    ]\r\n  }\r\n}"}
    headers:
      cache-control: [no-cache]
      content-length: ['648']
      content-type: [application/json; odata.metadata=minimal]
      date: ['Mon, 07 Jan 2019 23:27:49 GMT']
      expires: ['-1']
      odata-version: ['4.0']
      pragma: [no-cache]
      server: [Microsoft-IIS/10.0]
      strict-transport-security: [max-age=31536000; includeSubDomains]
      transfer-encoding: [chunked]
      vary: [Accept-Encoding]
      x-content-type-options: [nosniff]
      x-powered-by: [ASP.NET]
    status: {code: 200, message: OK}
- request:
    body: '{"properties": {"outputs": [{"onError": "StopProcessingJob", "relativePriority":
      "Normal", "preset": {"@odata.type": "#Microsoft.Media.BuiltInStandardEncoderPreset",
      "presetName": "AACGoodQualityAudio"}}, {"onError": "ContinueJob", "relativePriority":
      "High", "preset": {"@odata.type": "#Microsoft.Media.StandardEncoderPreset",
      "filters": {"rotation": "Auto", "overlays": [{"inputLabel": "videooverlay",
      "audioGainLevel": 1.0, "@odata.type": "#Microsoft.Media.VideoOverlay", "opacity":
      1.0}]}, "codecs": [{"@odata.type": "#Microsoft.Media.AacAudio", "channels":
      2, "samplingRate": 48000, "bitrate": 128000, "profile": "AacLc"}, {"@odata.type":
      "#Microsoft.Media.H264Video", "keyFrameInterval": "PT2S", "stretchMode": "AutoSize",
      "sceneChangeDetection": false, "complexity": "Balanced", "layers": [{"width":
      "1280", "height": "720", "@odata.type": "#Microsoft.Media.H264Layer", "bitrate":
      2000000, "maxBitrate": 2000000, "bFrames": 3, "slices": 0, "adaptiveBFrame":
      true, "profile": "Auto", "level": "auto", "bufferWindow": "PT5S", "referenceFrames":
      3, "entropyMode": "Cabac"}, {"width": "640", "height": "360", "@odata.type":
      "#Microsoft.Media.H264Layer", "bitrate": 1000000, "maxBitrate": 1000000, "bFrames":
      3, "slices": 0, "adaptiveBFrame": true, "profile": "Auto", "level": "auto",
      "bufferWindow": "PT5S", "referenceFrames": 3, "entropyMode": "Cabac"}]}], "formats":
      [{"filenamePattern": "{Basename}_{Bitrate}{Extension}", "@odata.type": "#Microsoft.Media.Mp4Format",
      "outputFiles": []}]}}]}}'
    headers:
      Accept: [application/json]
      Accept-Encoding: ['gzip, deflate']
      CommandName: [ams transform output add]
      Connection: [keep-alive]
      Content-Length: ['1497']
      Content-Type: [application/json; charset=utf-8]
      ParameterSetName: [-a -n -g --preset --on-error --relative-priority]
      User-Agent: [python/3.6.6 (Windows-10-10.0.17763-SP0) msrest/0.6.2 msrest_azure/0.4.34
          azure-mgmt-media/1.0.1 Azure-SDK-For-Python AZURECLI/2.0.53]
      accept-language: [en-US]
    method: PUT
    uri: https://management.azure.com/subscriptions/00000000-0000-0000-0000-000000000000/resourceGroups/clitest.rg000001/providers/Microsoft.Media/mediaServices/ams000003/transforms/tra000004?api-version=2018-07-01
  response:
    body: {string: "{\r\n  \"name\":\"tra000004\",\"id\":\"/subscriptions/00000000-0000-0000-0000-000000000000/resourceGroups/clitest.rg000001/providers/Microsoft.Media/mediaservices/ams000003/transforms/tra000004\",\"type\":\"Microsoft.Media/mediaservices/transforms\",\"properties\":{\r\n
        \   \"created\":\"2019-01-07T23:27:48.2234009Z\",\"lastModified\":\"2019-01-07T23:27:51.2310282Z\",\"outputs\":[\r\n
        \     {\r\n        \"onError\":\"StopProcessingJob\",\"relativePriority\":\"Normal\",\"preset\":{\r\n
        \         \"@odata.type\":\"#Microsoft.Media.BuiltInStandardEncoderPreset\",\"presetName\":\"AACGoodQualityAudio\"\r\n
        \       }\r\n      },{\r\n        \"onError\":\"ContinueJob\",\"relativePriority\":\"High\",\"preset\":{\r\n
        \         \"@odata.type\":\"#Microsoft.Media.StandardEncoderPreset\",\"filters\":{\r\n
        \           \"rotation\":\"Auto\",\"overlays\":[\r\n              {\r\n                \"@odata.type\":\"#Microsoft.Media.VideoOverlay\",\"inputLabel\":\"videooverlay\",\"audioGainLevel\":1.0,\"opacity\":1.0\r\n
        \             }\r\n            ]\r\n          },\"codecs\":[\r\n            {\r\n
        \             \"@odata.type\":\"#Microsoft.Media.AacAudio\",\"channels\":2,\"samplingRate\":48000,\"bitrate\":128000,\"profile\":\"AacLc\"\r\n
        \           },{\r\n              \"@odata.type\":\"#Microsoft.Media.H264Video\",\"keyFrameInterval\":\"PT2S\",\"stretchMode\":\"AutoSize\",\"sceneChangeDetection\":false,\"complexity\":\"Balanced\",\"layers\":[\r\n
        \               {\r\n                  \"width\":\"1280\",\"height\":\"720\",\"bitrate\":2000000,\"maxBitrate\":2000000,\"bFrames\":3,\"slices\":0,\"adaptiveBFrame\":true,\"profile\":\"Auto\",\"level\":\"auto\",\"bufferWindow\":\"PT5S\",\"referenceFrames\":3,\"entropyMode\":\"Cabac\"\r\n
        \               },{\r\n                  \"width\":\"640\",\"height\":\"360\",\"bitrate\":1000000,\"maxBitrate\":1000000,\"bFrames\":3,\"slices\":0,\"adaptiveBFrame\":true,\"profile\":\"Auto\",\"level\":\"auto\",\"bufferWindow\":\"PT5S\",\"referenceFrames\":3,\"entropyMode\":\"Cabac\"\r\n
        \               }\r\n              ]\r\n            }\r\n          ],\"formats\":[\r\n
        \           {\r\n              \"@odata.type\":\"#Microsoft.Media.Mp4Format\",\"filenamePattern\":\"{Basename}_{Bitrate}{Extension}\",\"outputFiles\":[\r\n
        \               \r\n              ]\r\n            }\r\n          ]\r\n        }\r\n
        \     }\r\n    ]\r\n  }\r\n}"}
    headers:
      cache-control: [no-cache]
      content-length: ['2169']
      content-type: [application/json; odata.metadata=minimal]
      date: ['Mon, 07 Jan 2019 23:27:51 GMT']
      expires: ['-1']
      odata-version: ['4.0']
      pragma: [no-cache]
      server: [Microsoft-IIS/10.0]
      strict-transport-security: [max-age=31536000; includeSubDomains]
      transfer-encoding: [chunked]
      vary: [Accept-Encoding]
      x-content-type-options: [nosniff]
      x-ms-ratelimit-remaining-subscription-writes: ['1196']
      x-powered-by: [ASP.NET]
    status: {code: 200, message: OK}
- request:
    body: null
    headers:
      Accept: [application/json]
      Accept-Encoding: ['gzip, deflate']
      CommandName: [ams transform output add]
      Connection: [keep-alive]
      ParameterSetName: [-a -n -g --preset --audio-language]
      User-Agent: [python/3.6.6 (Windows-10-10.0.17763-SP0) msrest/0.6.2 msrest_azure/0.4.34
          azure-mgmt-media/1.0.1 Azure-SDK-For-Python AZURECLI/2.0.53]
      accept-language: [en-US]
    method: GET
    uri: https://management.azure.com/subscriptions/00000000-0000-0000-0000-000000000000/resourceGroups/clitest.rg000001/providers/Microsoft.Media/mediaServices/ams000003/transforms/tra000004?api-version=2018-07-01
  response:
    body: {string: "{\r\n  \"name\":\"tra000004\",\"id\":\"/subscriptions/00000000-0000-0000-0000-000000000000/resourceGroups/clitest.rg000001/providers/Microsoft.Media/mediaservices/ams000003/transforms/tra000004\",\"type\":\"Microsoft.Media/mediaservices/transforms\",\"properties\":{\r\n
        \   \"created\":\"2019-01-07T23:27:48.2234009Z\",\"lastModified\":\"2019-01-07T23:27:51.2310282Z\",\"outputs\":[\r\n
        \     {\r\n        \"onError\":\"StopProcessingJob\",\"relativePriority\":\"Normal\",\"preset\":{\r\n
        \         \"@odata.type\":\"#Microsoft.Media.BuiltInStandardEncoderPreset\",\"presetName\":\"AACGoodQualityAudio\"\r\n
        \       }\r\n      },{\r\n        \"onError\":\"ContinueJob\",\"relativePriority\":\"High\",\"preset\":{\r\n
        \         \"@odata.type\":\"#Microsoft.Media.StandardEncoderPreset\",\"filters\":{\r\n
        \           \"rotation\":\"Auto\",\"overlays\":[\r\n              {\r\n                \"@odata.type\":\"#Microsoft.Media.VideoOverlay\",\"inputLabel\":\"videooverlay\",\"audioGainLevel\":1.0,\"opacity\":1.0\r\n
        \             }\r\n            ]\r\n          },\"codecs\":[\r\n            {\r\n
        \             \"@odata.type\":\"#Microsoft.Media.AacAudio\",\"channels\":2,\"samplingRate\":48000,\"bitrate\":128000,\"profile\":\"AacLc\"\r\n
        \           },{\r\n              \"@odata.type\":\"#Microsoft.Media.H264Video\",\"keyFrameInterval\":\"PT2S\",\"stretchMode\":\"AutoSize\",\"sceneChangeDetection\":false,\"complexity\":\"Balanced\",\"layers\":[\r\n
        \               {\r\n                  \"width\":\"1280\",\"height\":\"720\",\"bitrate\":2000000,\"maxBitrate\":2000000,\"bFrames\":3,\"slices\":0,\"adaptiveBFrame\":true,\"profile\":\"Auto\",\"level\":\"auto\",\"bufferWindow\":\"PT5S\",\"referenceFrames\":3,\"entropyMode\":\"Cabac\"\r\n
        \               },{\r\n                  \"width\":\"640\",\"height\":\"360\",\"bitrate\":1000000,\"maxBitrate\":1000000,\"bFrames\":3,\"slices\":0,\"adaptiveBFrame\":true,\"profile\":\"Auto\",\"level\":\"auto\",\"bufferWindow\":\"PT5S\",\"referenceFrames\":3,\"entropyMode\":\"Cabac\"\r\n
        \               }\r\n              ]\r\n            }\r\n          ],\"formats\":[\r\n
        \           {\r\n              \"@odata.type\":\"#Microsoft.Media.Mp4Format\",\"filenamePattern\":\"{Basename}_{Bitrate}{Extension}\",\"outputFiles\":[\r\n
        \               \r\n              ]\r\n            }\r\n          ]\r\n        }\r\n
        \     }\r\n    ]\r\n  }\r\n}"}
    headers:
      cache-control: [no-cache]
      content-length: ['2169']
      content-type: [application/json; odata.metadata=minimal]
      date: ['Mon, 07 Jan 2019 23:27:52 GMT']
      expires: ['-1']
      odata-version: ['4.0']
      pragma: [no-cache]
      server: [Microsoft-IIS/10.0]
      strict-transport-security: [max-age=31536000; includeSubDomains]
      transfer-encoding: [chunked]
      vary: [Accept-Encoding]
      x-content-type-options: [nosniff]
      x-powered-by: [ASP.NET]
    status: {code: 200, message: OK}
- request:
    body: '{"properties": {"outputs": [{"onError": "StopProcessingJob", "relativePriority":
      "Normal", "preset": {"@odata.type": "#Microsoft.Media.BuiltInStandardEncoderPreset",
      "presetName": "AACGoodQualityAudio"}}, {"onError": "ContinueJob", "relativePriority":
      "High", "preset": {"@odata.type": "#Microsoft.Media.StandardEncoderPreset",
      "filters": {"rotation": "Auto", "overlays": [{"inputLabel": "videooverlay",
      "audioGainLevel": 1.0, "@odata.type": "#Microsoft.Media.VideoOverlay", "opacity":
      1.0}]}, "codecs": [{"@odata.type": "#Microsoft.Media.AacAudio", "channels":
      2, "samplingRate": 48000, "bitrate": 128000, "profile": "AacLc"}, {"@odata.type":
      "#Microsoft.Media.H264Video", "keyFrameInterval": "PT2S", "stretchMode": "AutoSize",
      "sceneChangeDetection": false, "complexity": "Balanced", "layers": [{"width":
      "1280", "height": "720", "@odata.type": "#Microsoft.Media.H264Layer", "bitrate":
      2000000, "maxBitrate": 2000000, "bFrames": 3, "slices": 0, "adaptiveBFrame":
      true, "profile": "Auto", "level": "auto", "bufferWindow": "PT5S", "referenceFrames":
      3, "entropyMode": "Cabac"}, {"width": "640", "height": "360", "@odata.type":
      "#Microsoft.Media.H264Layer", "bitrate": 1000000, "maxBitrate": 1000000, "bFrames":
      3, "slices": 0, "adaptiveBFrame": true, "profile": "Auto", "level": "auto",
      "bufferWindow": "PT5S", "referenceFrames": 3, "entropyMode": "Cabac"}]}], "formats":
      [{"filenamePattern": "{Basename}_{Bitrate}{Extension}", "@odata.type": "#Microsoft.Media.Mp4Format",
      "outputFiles": []}]}}, {"preset": {"@odata.type": "#Microsoft.Media.AudioAnalyzerPreset",
      "audioLanguage": "es-ES"}}]}}'
    headers:
      Accept: [application/json]
      Accept-Encoding: ['gzip, deflate']
      CommandName: [ams transform output add]
      Connection: [keep-alive]
      Content-Length: ['1592']
      Content-Type: [application/json; charset=utf-8]
      ParameterSetName: [-a -n -g --preset --audio-language]
      User-Agent: [python/3.6.6 (Windows-10-10.0.17763-SP0) msrest/0.6.2 msrest_azure/0.4.34
          azure-mgmt-media/1.0.1 Azure-SDK-For-Python AZURECLI/2.0.53]
      accept-language: [en-US]
    method: PUT
    uri: https://management.azure.com/subscriptions/00000000-0000-0000-0000-000000000000/resourceGroups/clitest.rg000001/providers/Microsoft.Media/mediaServices/ams000003/transforms/tra000004?api-version=2018-07-01
  response:
    body: {string: "{\r\n  \"name\":\"tra000004\",\"id\":\"/subscriptions/00000000-0000-0000-0000-000000000000/resourceGroups/clitest.rg000001/providers/Microsoft.Media/mediaservices/ams000003/transforms/tra000004\",\"type\":\"Microsoft.Media/mediaservices/transforms\",\"properties\":{\r\n
        \   \"created\":\"2019-01-07T23:27:48.2234009Z\",\"lastModified\":\"2019-01-07T23:27:53.9552716Z\",\"outputs\":[\r\n
        \     {\r\n        \"onError\":\"StopProcessingJob\",\"relativePriority\":\"Normal\",\"preset\":{\r\n
        \         \"@odata.type\":\"#Microsoft.Media.BuiltInStandardEncoderPreset\",\"presetName\":\"AACGoodQualityAudio\"\r\n
        \       }\r\n      },{\r\n        \"onError\":\"ContinueJob\",\"relativePriority\":\"High\",\"preset\":{\r\n
        \         \"@odata.type\":\"#Microsoft.Media.StandardEncoderPreset\",\"filters\":{\r\n
        \           \"rotation\":\"Auto\",\"overlays\":[\r\n              {\r\n                \"@odata.type\":\"#Microsoft.Media.VideoOverlay\",\"inputLabel\":\"videooverlay\",\"audioGainLevel\":1.0,\"opacity\":1.0\r\n
        \             }\r\n            ]\r\n          },\"codecs\":[\r\n            {\r\n
        \             \"@odata.type\":\"#Microsoft.Media.AacAudio\",\"channels\":2,\"samplingRate\":48000,\"bitrate\":128000,\"profile\":\"AacLc\"\r\n
        \           },{\r\n              \"@odata.type\":\"#Microsoft.Media.H264Video\",\"keyFrameInterval\":\"PT2S\",\"stretchMode\":\"AutoSize\",\"sceneChangeDetection\":false,\"complexity\":\"Balanced\",\"layers\":[\r\n
        \               {\r\n                  \"width\":\"1280\",\"height\":\"720\",\"bitrate\":2000000,\"maxBitrate\":2000000,\"bFrames\":3,\"slices\":0,\"adaptiveBFrame\":true,\"profile\":\"Auto\",\"level\":\"auto\",\"bufferWindow\":\"PT5S\",\"referenceFrames\":3,\"entropyMode\":\"Cabac\"\r\n
        \               },{\r\n                  \"width\":\"640\",\"height\":\"360\",\"bitrate\":1000000,\"maxBitrate\":1000000,\"bFrames\":3,\"slices\":0,\"adaptiveBFrame\":true,\"profile\":\"Auto\",\"level\":\"auto\",\"bufferWindow\":\"PT5S\",\"referenceFrames\":3,\"entropyMode\":\"Cabac\"\r\n
        \               }\r\n              ]\r\n            }\r\n          ],\"formats\":[\r\n
        \           {\r\n              \"@odata.type\":\"#Microsoft.Media.Mp4Format\",\"filenamePattern\":\"{Basename}_{Bitrate}{Extension}\",\"outputFiles\":[\r\n
        \               \r\n              ]\r\n            }\r\n          ]\r\n        }\r\n
        \     },{\r\n        \"onError\":\"StopProcessingJob\",\"relativePriority\":\"Normal\",\"preset\":{\r\n
        \         \"@odata.type\":\"#Microsoft.Media.AudioAnalyzerPreset\",\"audioLanguage\":\"es-ES\"\r\n
        \       }\r\n      }\r\n    ]\r\n  }\r\n}"}
    headers:
      cache-control: [no-cache]
      content-length: ['2357']
      content-type: [application/json; odata.metadata=minimal]
      date: ['Mon, 07 Jan 2019 23:27:54 GMT']
      expires: ['-1']
      odata-version: ['4.0']
      pragma: [no-cache]
      server: [Microsoft-IIS/10.0]
      strict-transport-security: [max-age=31536000; includeSubDomains]
      transfer-encoding: [chunked]
      vary: [Accept-Encoding]
      x-content-type-options: [nosniff]
      x-ms-ratelimit-remaining-subscription-writes: ['1197']
      x-powered-by: [ASP.NET]
    status: {code: 200, message: OK}
- request:
    body: null
    headers:
      Accept: [application/json]
      Accept-Encoding: ['gzip, deflate']
      CommandName: [ams transform output add]
      Connection: [keep-alive]
      ParameterSetName: [-a -n -g --preset --audio-language --insights-to-extract]
      User-Agent: [python/3.6.6 (Windows-10-10.0.17763-SP0) msrest/0.6.2 msrest_azure/0.4.34
          azure-mgmt-media/1.0.1 Azure-SDK-For-Python AZURECLI/2.0.53]
      accept-language: [en-US]
    method: GET
    uri: https://management.azure.com/subscriptions/00000000-0000-0000-0000-000000000000/resourceGroups/clitest.rg000001/providers/Microsoft.Media/mediaServices/ams000003/transforms/tra000004?api-version=2018-07-01
  response:
    body: {string: "{\r\n  \"name\":\"tra000004\",\"id\":\"/subscriptions/00000000-0000-0000-0000-000000000000/resourceGroups/clitest.rg000001/providers/Microsoft.Media/mediaservices/ams000003/transforms/tra000004\",\"type\":\"Microsoft.Media/mediaservices/transforms\",\"properties\":{\r\n
        \   \"created\":\"2019-01-07T23:27:48.2234009Z\",\"lastModified\":\"2019-01-07T23:27:53.9552716Z\",\"outputs\":[\r\n
        \     {\r\n        \"onError\":\"StopProcessingJob\",\"relativePriority\":\"Normal\",\"preset\":{\r\n
        \         \"@odata.type\":\"#Microsoft.Media.BuiltInStandardEncoderPreset\",\"presetName\":\"AACGoodQualityAudio\"\r\n
        \       }\r\n      },{\r\n        \"onError\":\"ContinueJob\",\"relativePriority\":\"High\",\"preset\":{\r\n
        \         \"@odata.type\":\"#Microsoft.Media.StandardEncoderPreset\",\"filters\":{\r\n
        \           \"rotation\":\"Auto\",\"overlays\":[\r\n              {\r\n                \"@odata.type\":\"#Microsoft.Media.VideoOverlay\",\"inputLabel\":\"videooverlay\",\"audioGainLevel\":1.0,\"opacity\":1.0\r\n
        \             }\r\n            ]\r\n          },\"codecs\":[\r\n            {\r\n
        \             \"@odata.type\":\"#Microsoft.Media.AacAudio\",\"channels\":2,\"samplingRate\":48000,\"bitrate\":128000,\"profile\":\"AacLc\"\r\n
        \           },{\r\n              \"@odata.type\":\"#Microsoft.Media.H264Video\",\"keyFrameInterval\":\"PT2S\",\"stretchMode\":\"AutoSize\",\"sceneChangeDetection\":false,\"complexity\":\"Balanced\",\"layers\":[\r\n
        \               {\r\n                  \"width\":\"1280\",\"height\":\"720\",\"bitrate\":2000000,\"maxBitrate\":2000000,\"bFrames\":3,\"slices\":0,\"adaptiveBFrame\":true,\"profile\":\"Auto\",\"level\":\"auto\",\"bufferWindow\":\"PT5S\",\"referenceFrames\":3,\"entropyMode\":\"Cabac\"\r\n
        \               },{\r\n                  \"width\":\"640\",\"height\":\"360\",\"bitrate\":1000000,\"maxBitrate\":1000000,\"bFrames\":3,\"slices\":0,\"adaptiveBFrame\":true,\"profile\":\"Auto\",\"level\":\"auto\",\"bufferWindow\":\"PT5S\",\"referenceFrames\":3,\"entropyMode\":\"Cabac\"\r\n
        \               }\r\n              ]\r\n            }\r\n          ],\"formats\":[\r\n
        \           {\r\n              \"@odata.type\":\"#Microsoft.Media.Mp4Format\",\"filenamePattern\":\"{Basename}_{Bitrate}{Extension}\",\"outputFiles\":[\r\n
        \               \r\n              ]\r\n            }\r\n          ]\r\n        }\r\n
        \     },{\r\n        \"onError\":\"StopProcessingJob\",\"relativePriority\":\"Normal\",\"preset\":{\r\n
        \         \"@odata.type\":\"#Microsoft.Media.AudioAnalyzerPreset\",\"audioLanguage\":\"es-ES\"\r\n
        \       }\r\n      }\r\n    ]\r\n  }\r\n}"}
    headers:
      cache-control: [no-cache]
      content-length: ['2357']
      content-type: [application/json; odata.metadata=minimal]
      date: ['Mon, 07 Jan 2019 23:27:54 GMT']
      expires: ['-1']
      odata-version: ['4.0']
      pragma: [no-cache]
      server: [Microsoft-IIS/10.0]
      strict-transport-security: [max-age=31536000; includeSubDomains]
      transfer-encoding: [chunked]
      vary: [Accept-Encoding]
      x-content-type-options: [nosniff]
      x-powered-by: [ASP.NET]
    status: {code: 200, message: OK}
- request:
    body: '{"properties": {"outputs": [{"onError": "StopProcessingJob", "relativePriority":
      "Normal", "preset": {"@odata.type": "#Microsoft.Media.BuiltInStandardEncoderPreset",
      "presetName": "AACGoodQualityAudio"}}, {"onError": "ContinueJob", "relativePriority":
      "High", "preset": {"@odata.type": "#Microsoft.Media.StandardEncoderPreset",
      "filters": {"rotation": "Auto", "overlays": [{"inputLabel": "videooverlay",
      "audioGainLevel": 1.0, "@odata.type": "#Microsoft.Media.VideoOverlay", "opacity":
      1.0}]}, "codecs": [{"@odata.type": "#Microsoft.Media.AacAudio", "channels":
      2, "samplingRate": 48000, "bitrate": 128000, "profile": "AacLc"}, {"@odata.type":
      "#Microsoft.Media.H264Video", "keyFrameInterval": "PT2S", "stretchMode": "AutoSize",
      "sceneChangeDetection": false, "complexity": "Balanced", "layers": [{"width":
      "1280", "height": "720", "@odata.type": "#Microsoft.Media.H264Layer", "bitrate":
      2000000, "maxBitrate": 2000000, "bFrames": 3, "slices": 0, "adaptiveBFrame":
      true, "profile": "Auto", "level": "auto", "bufferWindow": "PT5S", "referenceFrames":
      3, "entropyMode": "Cabac"}, {"width": "640", "height": "360", "@odata.type":
      "#Microsoft.Media.H264Layer", "bitrate": 1000000, "maxBitrate": 1000000, "bFrames":
      3, "slices": 0, "adaptiveBFrame": true, "profile": "Auto", "level": "auto",
      "bufferWindow": "PT5S", "referenceFrames": 3, "entropyMode": "Cabac"}]}], "formats":
      [{"filenamePattern": "{Basename}_{Bitrate}{Extension}", "@odata.type": "#Microsoft.Media.Mp4Format",
      "outputFiles": []}]}}, {"onError": "StopProcessingJob", "relativePriority":
      "Normal", "preset": {"@odata.type": "#Microsoft.Media.AudioAnalyzerPreset",
      "audioLanguage": "es-ES"}}, {"preset": {"@odata.type": "#Microsoft.Media.VideoAnalyzerPreset",
      "audioLanguage": "en-US", "insightsToExtract": "AudioInsightsOnly"}}]}}'
    headers:
      Accept: [application/json]
      Accept-Encoding: ['gzip, deflate']
      CommandName: [ams transform output add]
      Connection: [keep-alive]
      Content-Length: ['1791']
      Content-Type: [application/json; charset=utf-8]
      ParameterSetName: [-a -n -g --preset --audio-language --insights-to-extract]
      User-Agent: [python/3.6.6 (Windows-10-10.0.17763-SP0) msrest/0.6.2 msrest_azure/0.4.34
          azure-mgmt-media/1.0.1 Azure-SDK-For-Python AZURECLI/2.0.53]
      accept-language: [en-US]
    method: PUT
    uri: https://management.azure.com/subscriptions/00000000-0000-0000-0000-000000000000/resourceGroups/clitest.rg000001/providers/Microsoft.Media/mediaServices/ams000003/transforms/tra000004?api-version=2018-07-01
  response:
    body: {string: "{\r\n  \"name\":\"tra000004\",\"id\":\"/subscriptions/00000000-0000-0000-0000-000000000000/resourceGroups/clitest.rg000001/providers/Microsoft.Media/mediaservices/ams000003/transforms/tra000004\",\"type\":\"Microsoft.Media/mediaservices/transforms\",\"properties\":{\r\n
        \   \"created\":\"2019-01-07T23:27:48.2234009Z\",\"lastModified\":\"2019-01-07T23:27:56.565869Z\",\"outputs\":[\r\n
        \     {\r\n        \"onError\":\"StopProcessingJob\",\"relativePriority\":\"Normal\",\"preset\":{\r\n
        \         \"@odata.type\":\"#Microsoft.Media.BuiltInStandardEncoderPreset\",\"presetName\":\"AACGoodQualityAudio\"\r\n
        \       }\r\n      },{\r\n        \"onError\":\"ContinueJob\",\"relativePriority\":\"High\",\"preset\":{\r\n
        \         \"@odata.type\":\"#Microsoft.Media.StandardEncoderPreset\",\"filters\":{\r\n
        \           \"rotation\":\"Auto\",\"overlays\":[\r\n              {\r\n                \"@odata.type\":\"#Microsoft.Media.VideoOverlay\",\"inputLabel\":\"videooverlay\",\"audioGainLevel\":1.0,\"opacity\":1.0\r\n
        \             }\r\n            ]\r\n          },\"codecs\":[\r\n            {\r\n
        \             \"@odata.type\":\"#Microsoft.Media.AacAudio\",\"channels\":2,\"samplingRate\":48000,\"bitrate\":128000,\"profile\":\"AacLc\"\r\n
        \           },{\r\n              \"@odata.type\":\"#Microsoft.Media.H264Video\",\"keyFrameInterval\":\"PT2S\",\"stretchMode\":\"AutoSize\",\"sceneChangeDetection\":false,\"complexity\":\"Balanced\",\"layers\":[\r\n
        \               {\r\n                  \"width\":\"1280\",\"height\":\"720\",\"bitrate\":2000000,\"maxBitrate\":2000000,\"bFrames\":3,\"slices\":0,\"adaptiveBFrame\":true,\"profile\":\"Auto\",\"level\":\"auto\",\"bufferWindow\":\"PT5S\",\"referenceFrames\":3,\"entropyMode\":\"Cabac\"\r\n
        \               },{\r\n                  \"width\":\"640\",\"height\":\"360\",\"bitrate\":1000000,\"maxBitrate\":1000000,\"bFrames\":3,\"slices\":0,\"adaptiveBFrame\":true,\"profile\":\"Auto\",\"level\":\"auto\",\"bufferWindow\":\"PT5S\",\"referenceFrames\":3,\"entropyMode\":\"Cabac\"\r\n
        \               }\r\n              ]\r\n            }\r\n          ],\"formats\":[\r\n
        \           {\r\n              \"@odata.type\":\"#Microsoft.Media.Mp4Format\",\"filenamePattern\":\"{Basename}_{Bitrate}{Extension}\",\"outputFiles\":[\r\n
        \               \r\n              ]\r\n            }\r\n          ]\r\n        }\r\n
        \     },{\r\n        \"onError\":\"StopProcessingJob\",\"relativePriority\":\"Normal\",\"preset\":{\r\n
        \         \"@odata.type\":\"#Microsoft.Media.AudioAnalyzerPreset\",\"audioLanguage\":\"es-ES\"\r\n
        \       }\r\n      },{\r\n        \"onError\":\"StopProcessingJob\",\"relativePriority\":\"Normal\",\"preset\":{\r\n
        \         \"@odata.type\":\"#Microsoft.Media.VideoAnalyzerPreset\",\"audioLanguage\":\"en-US\",\"insightsToExtract\":\"AudioInsightsOnly\"\r\n
        \       }\r\n      }\r\n    ]\r\n  }\r\n}"}
    headers:
      cache-control: [no-cache]
      content-length: ['2584']
      content-type: [application/json; odata.metadata=minimal]
      date: ['Mon, 07 Jan 2019 23:27:56 GMT']
      expires: ['-1']
      odata-version: ['4.0']
      pragma: [no-cache]
      server: [Microsoft-IIS/10.0]
      strict-transport-security: [max-age=31536000; includeSubDomains]
      transfer-encoding: [chunked]
      vary: [Accept-Encoding]
      x-content-type-options: [nosniff]
      x-ms-ratelimit-remaining-subscription-writes: ['1198']
      x-powered-by: [ASP.NET]
    status: {code: 200, message: OK}
- request:
    body: null
    headers:
      Accept: [application/json]
      Accept-Encoding: ['gzip, deflate']
      CommandName: [group delete]
      Connection: [keep-alive]
      Content-Length: ['0']
      Content-Type: [application/json; charset=utf-8]
      ParameterSetName: [--name --yes --no-wait]
      User-Agent: [python/3.6.6 (Windows-10-10.0.17763-SP0) msrest/0.6.2 msrest_azure/0.4.34
          resourcemanagementclient/2.0.0 Azure-SDK-For-Python AZURECLI/2.0.53]
      accept-language: [en-US]
    method: DELETE
    uri: https://management.azure.com/subscriptions/00000000-0000-0000-0000-000000000000/resourcegroups/clitest.rg000001?api-version=2018-05-01
  response:
    body: {string: ''}
    headers:
      cache-control: [no-cache]
      content-length: ['0']
      date: ['Mon, 07 Jan 2019 23:27:56 GMT']
      expires: ['-1']
      location: ['https://management.azure.com/subscriptions/00000000-0000-0000-0000-000000000000/operationresults/eyJqb2JJZCI6IlJFU09VUkNFR1JPVVBERUxFVElPTkpPQi1DTElURVNUOjJFUkc2QVEyMk5DVkdCTzRaR1ZFNFdLUlFBQUhOSElaNlU1NkZTTnwxQUMwNENGMTFBRTQ0MTU5LVdFU1RVUyIsImpvYkxvY2F0aW9uIjoid2VzdHVzIn0?api-version=2018-05-01']
      pragma: [no-cache]
      strict-transport-security: [max-age=31536000; includeSubDomains]
      x-content-type-options: [nosniff]
      x-ms-ratelimit-remaining-subscription-deletes: ['14999']
    status: {code: 202, message: Accepted}
version: 1
