interactions:
- request:
    body: '{"location": "westus", "tags": {"product": "azurecli", "cause": "automation",
      "date": "2018-10-12T15:36:36Z"}}'
    headers:
      Accept: [application/json]
      Accept-Encoding: ['gzip, deflate']
      CommandName: [group create]
      Connection: [keep-alive]
      Content-Length: ['110']
      Content-Type: [application/json; charset=utf-8]
      User-Agent: [python/3.7.0 (Windows-10-10.0.17134-SP0) requests/2.19.1 msrest/0.5.5
          msrest_azure/0.4.34 resourcemanagementclient/2.0.0 Azure-SDK-For-Python
          AZURECLI/2.0.48]
      accept-language: [en-US]
    method: PUT
    uri: https://management.azure.com/subscriptions/00000000-0000-0000-0000-000000000000/resourcegroups/clitest.rg000001?api-version=2018-05-01
  response:
    body: {string: '{"id":"/subscriptions/00000000-0000-0000-0000-000000000000/resourceGroups/clitest.rg000001","name":"clitest.rg000001","location":"westus","tags":{"product":"azurecli","cause":"automation","date":"2018-10-12T15:36:36Z"},"properties":{"provisioningState":"Succeeded"}}'}
    headers:
      cache-control: [no-cache]
      content-length: ['384']
      content-type: [application/json; charset=utf-8]
      date: ['Fri, 12 Oct 2018 15:36:39 GMT']
      expires: ['-1']
      pragma: [no-cache]
      strict-transport-security: [max-age=31536000; includeSubDomains]
      x-content-type-options: [nosniff]
      x-ms-ratelimit-remaining-subscription-writes: ['1189']
    status: {code: 201, message: Created}
- request:
    body: '{"sku": {"name": "Standard_LRS"}, "kind": "Storage", "location": "westus",
      "properties": {"supportsHttpsTrafficOnly": false}}'
    headers:
      Accept: [application/json]
      Accept-Encoding: ['gzip, deflate']
      CommandName: [storage account create]
      Connection: [keep-alive]
      Content-Length: ['125']
      Content-Type: [application/json; charset=utf-8]
      User-Agent: [python/3.7.0 (Windows-10-10.0.17134-SP0) requests/2.19.1 msrest/0.5.5
          msrest_azure/0.4.34 azure-mgmt-storage/2.0.0rc4 Azure-SDK-For-Python AZURECLI/2.0.48]
      accept-language: [en-US]
    method: PUT
    uri: https://management.azure.com/subscriptions/00000000-0000-0000-0000-000000000000/resourceGroups/clitest.rg000001/providers/Microsoft.Storage/storageAccounts/clitest000002?api-version=2018-07-01
  response:
    body: {string: ''}
    headers:
      cache-control: [no-cache]
      content-length: ['0']
      content-type: [text/plain; charset=utf-8]
      date: ['Fri, 12 Oct 2018 15:36:43 GMT']
      expires: ['-1']
      location: ['https://management.azure.com/subscriptions/00000000-0000-0000-0000-000000000000/providers/Microsoft.Storage/locations/westus/asyncoperations/823be35b-cff6-4a97-9ac4-44b66d3cf2e6?monitor=true&api-version=2018-03-01-preview']
      pragma: [no-cache]
      server: ['Microsoft-Azure-Storage-Resource-Provider/1.0,Microsoft-HTTPAPI/2.0
          Microsoft-HTTPAPI/2.0']
      strict-transport-security: [max-age=31536000; includeSubDomains]
      x-content-type-options: [nosniff]
      x-ms-ratelimit-remaining-subscription-writes: ['1192']
    status: {code: 202, message: Accepted}
- request:
    body: null
    headers:
      Accept: [application/json]
      Accept-Encoding: ['gzip, deflate']
      CommandName: [storage account create]
      Connection: [keep-alive]
      User-Agent: [python/3.7.0 (Windows-10-10.0.17134-SP0) requests/2.19.1 msrest/0.5.5
          msrest_azure/0.4.34 azure-mgmt-storage/2.0.0rc4 Azure-SDK-For-Python AZURECLI/2.0.48]
    method: GET
    uri: https://management.azure.com/subscriptions/00000000-0000-0000-0000-000000000000/providers/Microsoft.Storage/locations/westus/asyncoperations/823be35b-cff6-4a97-9ac4-44b66d3cf2e6?monitor=true&api-version=2018-03-01-preview
  response:
    body: {string: '{"sku":{"name":"Standard_LRS","tier":"Standard"},"kind":"Storage","id":"/subscriptions/00000000-0000-0000-0000-000000000000/resourceGroups/clitest.rg000001/providers/Microsoft.Storage/storageAccounts/clitest000002","name":"clitest000002","type":"Microsoft.Storage/storageAccounts","location":"westus","tags":{},"properties":{"networkAcls":{"bypass":"AzureServices","virtualNetworkRules":[],"ipRules":[],"defaultAction":"Allow"},"supportsHttpsTrafficOnly":false,"encryption":{"services":{"file":{"enabled":true,"lastEnabledTime":"2018-10-12T15:36:42.8375124Z"},"blob":{"enabled":true,"lastEnabledTime":"2018-10-12T15:36:42.8375124Z"}},"keySource":"Microsoft.Storage"},"provisioningState":"Succeeded","creationTime":"2018-10-12T15:36:42.7125169Z","primaryEndpoints":{"blob":"https://clitest000002.blob.core.windows.net/","queue":"https://clitest000002.queue.core.windows.net/","table":"https://clitest000002.table.core.windows.net/","file":"https://clitest000002.file.core.windows.net/"},"primaryLocation":"westus","statusOfPrimary":"available"}}'}
    headers:
      cache-control: [no-cache]
      content-length: ['1169']
      content-type: [application/json]
      date: ['Fri, 12 Oct 2018 15:37:00 GMT']
      expires: ['-1']
      pragma: [no-cache]
      server: ['Microsoft-Azure-Storage-Resource-Provider/1.0,Microsoft-HTTPAPI/2.0
          Microsoft-HTTPAPI/2.0']
      strict-transport-security: [max-age=31536000; includeSubDomains]
      transfer-encoding: [chunked]
      vary: [Accept-Encoding]
      x-content-type-options: [nosniff]
    status: {code: 200, message: OK}
- request:
    body: null
    headers:
      Accept: [application/json]
      Accept-Encoding: ['gzip, deflate']
      CommandName: [storage account keys list]
      Connection: [keep-alive]
      Content-Length: ['0']
      Content-Type: [application/json; charset=utf-8]
      User-Agent: [python/3.7.0 (Windows-10-10.0.17134-SP0) requests/2.19.1 msrest/0.5.5
          msrest_azure/0.4.34 azure-mgmt-storage/2.0.0rc4 Azure-SDK-For-Python AZURECLI/2.0.48]
      accept-language: [en-US]
    method: POST
    uri: https://management.azure.com/subscriptions/00000000-0000-0000-0000-000000000000/resourceGroups/clitest.rg000001/providers/Microsoft.Storage/storageAccounts/clitest000002/listKeys?api-version=2018-07-01
  response:
    body: {string: '{"keys":[{"keyName":"key1","value":"F5oIEXaLIgWYZNVn1yjiq1tJBqMMwsbtxkCc56l41FpxHLxhiu9PG/QHs/17b5UGHNl+aDBKTrZPVZeu1kD+Sw==","permissions":"FULL"},{"keyName":"key2","value":"4DnMcco+X/Te7ocBQYBJ3saV9Mup3GJvrVCDGu7IfSE1uvxv68yFj/rQRWpohoo6FqXFcdPPosGuaII41Sqisw==","permissions":"FULL"}]}'}
    headers:
      cache-control: [no-cache]
      content-length: ['288']
      content-type: [application/json]
      date: ['Fri, 12 Oct 2018 15:37:01 GMT']
      expires: ['-1']
      pragma: [no-cache]
      server: ['Microsoft-Azure-Storage-Resource-Provider/1.0,Microsoft-HTTPAPI/2.0
          Microsoft-HTTPAPI/2.0']
      strict-transport-security: [max-age=31536000; includeSubDomains]
      transfer-encoding: [chunked]
      vary: [Accept-Encoding]
      x-content-type-options: [nosniff]
      x-ms-ratelimit-remaining-subscription-writes: ['1198']
    status: {code: 200, message: OK}
- request:
    body: 'b''b\''{"location": "westus2", "properties": {"storageAccounts": [{"id":
      "/subscriptions/00000000-0000-0000-0000-000000000000/resourceGroups/clitest.rg000001/providers/Microsoft.Storage/storageAccounts/clitest000002",
      "type": "Primary"}]}}\'''''
    headers:
      Accept: [application/json]
      Accept-Encoding: ['gzip, deflate']
      CommandName: [ams account create]
      Connection: [keep-alive]
      Content-Length: ['302']
      Content-Type: [application/json; charset=utf-8]
      User-Agent: [python/3.7.0 (Windows-10-10.0.17134-SP0) requests/2.19.1 msrest/0.5.5
          msrest_azure/0.4.34 azure-mgmt-media/1.0.0 Azure-SDK-For-Python AZURECLI/2.0.48]
      accept-language: [en-US]
    method: PUT
    uri: https://management.azure.com/subscriptions/00000000-0000-0000-0000-000000000000/resourceGroups/clitest.rg000001/providers/Microsoft.Media/mediaservices/ams000003?api-version=2018-07-01
  response:
    body: {string: "{\r\n  \"name\":\"ams000003\",\"id\":\"/subscriptions/00000000-0000-0000-0000-000000000000/resourceGroups/clitest.rg000001/providers/Microsoft.Media/mediaservices/ams000003\",\"type\":\"Microsoft.Media/mediaservices\",\"location\":\"West
        US 2\",\"properties\":{\r\n    \"mediaServiceId\":\"dcbfb009-1be1-4af3-9516-5925679bf731\",\"storageAccounts\":[\r\n
        \     {\r\n        \"id\":\"/subscriptions/00000000-0000-0000-0000-000000000000/resourceGroups/clitest.rg000001/providers/Microsoft.Storage/storageAccounts/clitest000002\",\"type\":\"Primary\"\r\n
        \     }\r\n    ]\r\n  }\r\n}"}
    headers:
      cache-control: [no-cache]
      content-length: ['665']
      content-type: [application/json; odata.metadata=minimal]
      date: ['Fri, 12 Oct 2018 15:37:05 GMT']
      expires: ['-1']
      odata-version: ['4.0']
      pragma: [no-cache]
      server: [Microsoft-IIS/10.0]
      strict-transport-security: [max-age=31536000; includeSubDomains]
      x-content-type-options: [nosniff]
      x-ms-ratelimit-remaining-subscription-writes: ['1196']
      x-powered-by: [ASP.NET]
    status: {code: 201, message: Created}
- request:
    body: null
    headers:
      Accept: [application/json]
      Accept-Encoding: ['gzip, deflate']
      CommandName: [ams live-event create]
      Connection: [keep-alive]
      User-Agent: [python/3.7.0 (Windows-10-10.0.17134-SP0) requests/2.19.1 msrest/0.5.5
          msrest_azure/0.4.34 azure-mgmt-media/1.0.0 Azure-SDK-For-Python AZURECLI/2.0.48]
      accept-language: [en-US]
    method: GET
    uri: https://management.azure.com/subscriptions/00000000-0000-0000-0000-000000000000/resourceGroups/clitest.rg000001/providers/Microsoft.Media/mediaservices/ams000003?api-version=2018-07-01
  response:
    body: {string: "{\r\n  \"name\":\"ams000003\",\"id\":\"/subscriptions/00000000-0000-0000-0000-000000000000/resourceGroups/clitest.rg000001/providers/Microsoft.Media/mediaservices/ams000003\",\"type\":\"Microsoft.Media/mediaservices\",\"location\":\"West
        US 2\",\"properties\":{\r\n    \"mediaServiceId\":\"dcbfb009-1be1-4af3-9516-5925679bf731\",\"storageAccounts\":[\r\n
        \     {\r\n        \"id\":\"/subscriptions/00000000-0000-0000-0000-000000000000/resourceGroups/clitest.rg000001/providers/Microsoft.Storage/storageAccounts/clitest000002\",\"type\":\"Primary\"\r\n
        \     }\r\n    ]\r\n  }\r\n}"}
    headers:
      cache-control: [no-cache]
      content-length: ['665']
      content-type: [application/json; odata.metadata=minimal]
      date: ['Fri, 12 Oct 2018 15:37:07 GMT']
      expires: ['-1']
      odata-version: ['4.0']
      pragma: [no-cache]
      server: [Microsoft-IIS/10.0]
      strict-transport-security: [max-age=31536000; includeSubDomains]
      transfer-encoding: [chunked]
      vary: [Accept-Encoding]
      x-content-type-options: [nosniff]
      x-powered-by: [ASP.NET]
    status: {code: 200, message: OK}
- request:
    body: 'b''{"tags": {"key": "value"}, "location": "West US 2", "properties": {"input":
      {"streamingProtocol": "FragmentedMP4", "accessControl": {"ip": {"allow": [{"name":
      "le000004_0.0.0.0", "address": "0.0.0.0", "subnetPrefixLength": 0}]}}}, "preview":
      {"accessControl": {"ip": {"allow": []}}}, "encoding": {"encodingType": "Basic"},
      "crossSiteAccessPolicies": {}, "vanityUrl": false}}'''
    headers:
      Accept: [application/json]
      Accept-Encoding: ['gzip, deflate']
      CommandName: [ams live-event create]
      Connection: [keep-alive]
      Content-Length: ['378']
      Content-Type: [application/json; charset=utf-8]
      User-Agent: [python/3.7.0 (Windows-10-10.0.17134-SP0) requests/2.19.1 msrest/0.5.5
          msrest_azure/0.4.34 azure-mgmt-media/1.0.0 Azure-SDK-For-Python AZURECLI/2.0.48]
      accept-language: [en-US]
    method: PUT
    uri: https://management.azure.com/subscriptions/00000000-0000-0000-0000-000000000000/resourceGroups/clitest.rg000001/providers/Microsoft.Media/mediaservices/ams000003/liveEvents/le000004?api-version=2018-07-01&autoStart=false
  response:
    body: {string: "{\r\n  \"name\":\"le000004\",\"id\":\"/subscriptions/00000000-0000-0000-0000-000000000000/resourceGroups/clitest.rg000001/providers/Microsoft.Media/mediaservices/ams000003/liveevents/le000004\",\"type\":\"Microsoft.Media/mediaservices/liveevents\",\"location\":\"West
        US 2\",\"tags\":{\r\n    \"key\":\"value\"\r\n  },\"properties\":{\r\n    \"description\":\"\",\"resourceState\":\"Stopped\",\"provisioningState\":\"InProgress\",\"created\":\"2018-10-12T15:37:10.1677067Z\",\"lastModified\":\"2018-10-12T15:37:10.1677067Z\",\"vanityUrl\":false,\"streamOptions\":[\r\n
        \     \r\n    ],\"input\":{\r\n      \"keyFrameIntervalDuration\":\"\",\"streamingProtocol\":\"FragmentedMP4\",\"accessToken\":\"12bb272578264050af4474cdde150f74\",\"endpoints\":[\r\n
        \       \r\n      ],\"accessControl\":{\r\n        \"ip\":{\r\n          \"allow\":[\r\n
        \           {\r\n              \"name\":\"le000004_0.0.0.0\",\"address\":\"0.0.0.0\",\"subnetPrefixLength\":0\r\n
        \           }\r\n          ]\r\n        }\r\n      }\r\n    },\"preview\":{\r\n
        \     \"previewLocator\":\"19366787-7294-4c02-8082-a54741fe2f9c\",\"streamingPolicyName\":\"Predefined_ClearStreamingOnly\",\"alternativeMediaId\":null,\"accessControl\":{\r\n
        \       \"ip\":{\r\n          \"allow\":[\r\n            \r\n          ]\r\n
        \       }\r\n      },\"endpoints\":[\r\n        \r\n      ]\r\n    },\"encoding\":{\r\n
        \     \"encodingType\":\"Basic\",\"presetName\":\"AmsDefault720p\"\r\n    },\"crossSiteAccessPolicies\":{\r\n
        \     \"clientAccessPolicy\":null,\"crossDomainPolicy\":null\r\n    }\r\n
        \ }\r\n}"}
    headers:
      azure-asyncoperation: ['https://management.azure.com/subscriptions/00000000-0000-0000-0000-000000000000/resourcegroups/clitest.rg000001/providers/Microsoft.Media/mediaservices/ams000003/liveeventoperations/97cc8032-4239-46ae-9345-13ef08bfeeac?api-version=2018-07-01']
      cache-control: [no-cache]
      content-length: ['1449']
      content-type: [application/json; odata.metadata=minimal]
      date: ['Fri, 12 Oct 2018 15:37:10 GMT']
      expires: ['-1']
      location: ['https://management.azure.com/subscriptions/00000000-0000-0000-0000-000000000000/resourcegroups/clitest.rg000001/providers/Microsoft.Media/mediaservices/ams000003/liveeventoperations/97cc8032-4239-46ae-9345-13ef08bfeeac?api-version=2018-07-01']
      odata-version: ['4.0']
      pragma: [no-cache]
      server: [Microsoft-IIS/10.0]
      strict-transport-security: [max-age=31536000; includeSubDomains]
      x-content-type-options: [nosniff]
      x-ms-ratelimit-remaining-subscription-writes: ['1197']
      x-powered-by: [ASP.NET]
    status: {code: 202, message: Accepted}
- request:
    body: null
    headers:
      Accept: [application/json]
      Accept-Encoding: ['gzip, deflate']
      CommandName: [ams live-event create]
      Connection: [keep-alive]
      User-Agent: [python/3.7.0 (Windows-10-10.0.17134-SP0) requests/2.19.1 msrest/0.5.5
          msrest_azure/0.4.34 azure-mgmt-media/1.0.0 Azure-SDK-For-Python AZURECLI/2.0.48]
    method: GET
    uri: https://management.azure.com/subscriptions/00000000-0000-0000-0000-000000000000/resourcegroups/clitest.rg000001/providers/Microsoft.Media/mediaservices/ams000003/liveeventoperations/97cc8032-4239-46ae-9345-13ef08bfeeac?api-version=2018-07-01
  response:
    body: {string: "{\r\n  \"name\":\"97cc8032-4239-46ae-9345-13ef08bfeeac\",\"status\":\"Succeeded\",\"error\":{\r\n
        \   \"code\":\"None\",\"message\":null,\"target\":\"39f25077-b022-49a6-aab8-fd13cfd0a319\"\r\n
        \ }\r\n}"}
    headers:
      azure-asyncoperation: ['https://management.azure.com/subscriptions/00000000-0000-0000-0000-000000000000/resourcegroups/clitest.rg000001/providers/Microsoft.Media/mediaservices/ams000003/liveeventoperations/97cc8032-4239-46ae-9345-13ef08bfeeac?api-version=2018-07-01']
      cache-control: [no-cache]
      content-length: ['171']
      content-type: [application/json; odata.metadata=minimal]
      date: ['Fri, 12 Oct 2018 15:37:13 GMT']
      expires: ['-1']
      location: ['https://management.azure.com/subscriptions/00000000-0000-0000-0000-000000000000/resourcegroups/clitest.rg000001/providers/Microsoft.Media/mediaservices/ams000003/liveeventoperations/97cc8032-4239-46ae-9345-13ef08bfeeac?api-version=2018-07-01']
      odata-version: ['4.0']
      pragma: [no-cache]
      server: [Microsoft-IIS/10.0]
      strict-transport-security: [max-age=31536000; includeSubDomains]
      transfer-encoding: [chunked]
      vary: [Accept-Encoding]
      x-content-type-options: [nosniff]
      x-powered-by: [ASP.NET]
    status: {code: 200, message: OK}
- request:
    body: null
    headers:
      Accept: [application/json]
      Accept-Encoding: ['gzip, deflate']
      CommandName: [ams live-event create]
      Connection: [keep-alive]
      User-Agent: [python/3.7.0 (Windows-10-10.0.17134-SP0) requests/2.19.1 msrest/0.5.5
          msrest_azure/0.4.34 azure-mgmt-media/1.0.0 Azure-SDK-For-Python AZURECLI/2.0.48]
    method: GET
    uri: https://management.azure.com/subscriptions/00000000-0000-0000-0000-000000000000/resourceGroups/clitest.rg000001/providers/Microsoft.Media/mediaservices/ams000003/liveEvents/le000004?api-version=2018-07-01&autoStart=false
  response:
    body: {string: "{\r\n  \"name\":\"le000004\",\"id\":\"/subscriptions/00000000-0000-0000-0000-000000000000/resourceGroups/clitest.rg000001/providers/Microsoft.Media/mediaservices/ams000003/liveevents/le000004\",\"type\":\"Microsoft.Media/mediaservices/liveevents\",\"location\":\"West
        US 2\",\"tags\":{\r\n    \"key\":\"value\"\r\n  },\"properties\":{\r\n    \"description\":\"\",\"resourceState\":\"Stopped\",\"provisioningState\":\"Succeeded\",\"created\":\"2018-10-12T15:37:10.1990889Z\",\"lastModified\":\"2018-10-12T15:37:10.1990889Z\",\"vanityUrl\":false,\"streamOptions\":[\r\n
        \     \r\n    ],\"input\":{\r\n      \"keyFrameIntervalDuration\":\"\",\"streamingProtocol\":\"FragmentedMP4\",\"accessToken\":\"12bb272578264050af4474cdde150f74\",\"endpoints\":[\r\n
        \       \r\n      ],\"accessControl\":{\r\n        \"ip\":{\r\n          \"allow\":[\r\n
        \           {\r\n              \"name\":\"le000004_0.0.0.0\",\"address\":\"0.0.0.0\",\"subnetPrefixLength\":0\r\n
        \           }\r\n          ]\r\n        }\r\n      }\r\n    },\"preview\":{\r\n
        \     \"previewLocator\":\"19366787-7294-4c02-8082-a54741fe2f9c\",\"streamingPolicyName\":\"Predefined_ClearStreamingOnly\",\"alternativeMediaId\":null,\"accessControl\":{\r\n
        \       \"ip\":{\r\n          \"allow\":[\r\n            \r\n          ]\r\n
        \       }\r\n      },\"endpoints\":[\r\n        \r\n      ]\r\n    },\"encoding\":{\r\n
        \     \"encodingType\":\"Basic\",\"presetName\":\"AmsDefault720p\"\r\n    },\"crossSiteAccessPolicies\":{\r\n
        \     \"clientAccessPolicy\":null,\"crossDomainPolicy\":null\r\n    }\r\n
        \ }\r\n}"}
    headers:
      cache-control: [no-cache]
      content-length: ['1448']
      content-type: [application/json; odata.metadata=minimal]
      date: ['Fri, 12 Oct 2018 15:37:15 GMT']
      expires: ['-1']
      odata-version: ['4.0']
      pragma: [no-cache]
      server: [Microsoft-IIS/10.0]
      strict-transport-security: [max-age=31536000; includeSubDomains]
      transfer-encoding: [chunked]
      vary: [Accept-Encoding]
      x-content-type-options: [nosniff]
      x-powered-by: [ASP.NET]
    status: {code: 200, message: OK}
- request:
    body: null
    headers:
      Accept: [application/json]
      Accept-Encoding: ['gzip, deflate']
      CommandName: [ams live-event start]
      Connection: [keep-alive]
      Content-Length: ['0']
      User-Agent: [python/3.7.0 (Windows-10-10.0.17134-SP0) requests/2.19.1 msrest/0.5.5
          msrest_azure/0.4.34 azure-mgmt-media/1.0.0 Azure-SDK-For-Python AZURECLI/2.0.48]
      accept-language: [en-US]
    method: POST
    uri: https://management.azure.com/subscriptions/00000000-0000-0000-0000-000000000000/resourceGroups/clitest.rg000001/providers/Microsoft.Media/mediaservices/ams000003/liveEvents/le000004/start?api-version=2018-07-01
  response:
    body: {string: ''}
    headers:
      azure-asyncoperation: ['https://management.azure.com/subscriptions/00000000-0000-0000-0000-000000000000/resourcegroups/clitest.rg000001/providers/Microsoft.Media/mediaservices/ams000003/liveeventoperations/a5bfef45-1324-4657-b82c-656af69d425d?api-version=2018-07-01']
      cache-control: [no-cache]
      content-length: ['0']
      date: ['Fri, 12 Oct 2018 15:37:16 GMT']
      expires: ['-1']
      location: ['https://management.azure.com/subscriptions/00000000-0000-0000-0000-000000000000/resourcegroups/clitest.rg000001/providers/Microsoft.Media/mediaservices/ams000003/liveeventoperations/a5bfef45-1324-4657-b82c-656af69d425d?api-version=2018-07-01']
      pragma: [no-cache]
      server: [Microsoft-IIS/10.0]
      strict-transport-security: [max-age=31536000; includeSubDomains]
      x-content-type-options: [nosniff]
      x-ms-ratelimit-remaining-subscription-writes: ['1199']
      x-powered-by: [ASP.NET]
    status: {code: 202, message: Accepted}
- request:
    body: null
    headers:
      Accept: [application/json]
      Accept-Encoding: ['gzip, deflate']
      CommandName: [ams live-event start]
      Connection: [keep-alive]
      User-Agent: [python/3.7.0 (Windows-10-10.0.17134-SP0) requests/2.19.1 msrest/0.5.5
          msrest_azure/0.4.34 azure-mgmt-media/1.0.0 Azure-SDK-For-Python AZURECLI/2.0.48]
    method: GET
    uri: https://management.azure.com/subscriptions/00000000-0000-0000-0000-000000000000/resourcegroups/clitest.rg000001/providers/Microsoft.Media/mediaservices/ams000003/liveeventoperations/a5bfef45-1324-4657-b82c-656af69d425d?api-version=2018-07-01
  response:
    body: {string: "{\r\n  \"name\":\"a5bfef45-1324-4657-b82c-656af69d425d\",\"status\":\"InProgress\",\"error\":{\r\n
        \   \"code\":\"None\",\"message\":null,\"target\":\"39f25077-b022-49a6-aab8-fd13cfd0a319\"\r\n
        \ }\r\n}"}
    headers:
      azure-asyncoperation: ['https://management.azure.com/subscriptions/00000000-0000-0000-0000-000000000000/resourcegroups/clitest.rg000001/providers/Microsoft.Media/mediaservices/ams000003/liveeventoperations/a5bfef45-1324-4657-b82c-656af69d425d?api-version=2018-07-01']
      cache-control: [no-cache]
      content-length: ['172']
      content-type: [application/json; odata.metadata=minimal]
      date: ['Fri, 12 Oct 2018 15:37:20 GMT']
      expires: ['-1']
      location: ['https://management.azure.com/subscriptions/00000000-0000-0000-0000-000000000000/resourcegroups/clitest.rg000001/providers/Microsoft.Media/mediaservices/ams000003/liveeventoperations/a5bfef45-1324-4657-b82c-656af69d425d?api-version=2018-07-01']
      odata-version: ['4.0']
      pragma: [no-cache]
      server: [Microsoft-IIS/10.0]
      strict-transport-security: [max-age=31536000; includeSubDomains]
      transfer-encoding: [chunked]
      vary: [Accept-Encoding]
      x-content-type-options: [nosniff]
      x-powered-by: [ASP.NET]
    status: {code: 200, message: OK}
- request:
    body: null
    headers:
      Accept: [application/json]
      Accept-Encoding: ['gzip, deflate']
      CommandName: [ams live-event start]
      Connection: [keep-alive]
      User-Agent: [python/3.7.0 (Windows-10-10.0.17134-SP0) requests/2.19.1 msrest/0.5.5
          msrest_azure/0.4.34 azure-mgmt-media/1.0.0 Azure-SDK-For-Python AZURECLI/2.0.48]
    method: GET
    uri: https://management.azure.com/subscriptions/00000000-0000-0000-0000-000000000000/resourcegroups/clitest.rg000001/providers/Microsoft.Media/mediaservices/ams000003/liveeventoperations/a5bfef45-1324-4657-b82c-656af69d425d?api-version=2018-07-01
  response:
    body: {string: "{\r\n  \"name\":\"a5bfef45-1324-4657-b82c-656af69d425d\",\"status\":\"Succeeded\",\"error\":{\r\n
        \   \"code\":\"None\",\"message\":null,\"target\":\"39f25077-b022-49a6-aab8-fd13cfd0a319\"\r\n
        \ }\r\n}"}
    headers:
      azure-asyncoperation: ['https://management.azure.com/subscriptions/00000000-0000-0000-0000-000000000000/resourcegroups/clitest.rg000001/providers/Microsoft.Media/mediaservices/ams000003/liveeventoperations/a5bfef45-1324-4657-b82c-656af69d425d?api-version=2018-07-01']
      cache-control: [no-cache]
      content-length: ['171']
      content-type: [application/json; odata.metadata=minimal]
      date: ['Fri, 12 Oct 2018 15:37:23 GMT']
      expires: ['-1']
      location: ['https://management.azure.com/subscriptions/00000000-0000-0000-0000-000000000000/resourcegroups/clitest.rg000001/providers/Microsoft.Media/mediaservices/ams000003/liveeventoperations/a5bfef45-1324-4657-b82c-656af69d425d?api-version=2018-07-01']
      odata-version: ['4.0']
      pragma: [no-cache]
      server: [Microsoft-IIS/10.0]
      strict-transport-security: [max-age=31536000; includeSubDomains]
      transfer-encoding: [chunked]
      vary: [Accept-Encoding]
      x-content-type-options: [nosniff]
      x-powered-by: [ASP.NET]
    status: {code: 200, message: OK}
- request:
    body: null
    headers:
      Accept: [application/json]
      Accept-Encoding: ['gzip, deflate']
      CommandName: [ams live-event start]
      Connection: [keep-alive]
      User-Agent: [python/3.7.0 (Windows-10-10.0.17134-SP0) requests/2.19.1 msrest/0.5.5
          msrest_azure/0.4.34 azure-mgmt-media/1.0.0 Azure-SDK-For-Python AZURECLI/2.0.48]
      accept-language: [en-US]
    method: GET
    uri: https://management.azure.com/subscriptions/00000000-0000-0000-0000-000000000000/resourceGroups/clitest.rg000001/providers/Microsoft.Media/mediaservices/ams000003/liveEvents/le000004?api-version=2018-07-01
  response:
    body: {string: "{\r\n  \"name\":\"le000004\",\"id\":\"/subscriptions/00000000-0000-0000-0000-000000000000/resourceGroups/clitest.rg000001/providers/Microsoft.Media/mediaservices/ams000003/liveevents/le000004\",\"type\":\"Microsoft.Media/mediaservices/liveevents\",\"location\":\"West
        US 2\",\"tags\":{\r\n    \"key\":\"value\"\r\n  },\"properties\":{\r\n    \"description\":\"\",\"resourceState\":\"Running\",\"provisioningState\":\"Succeeded\",\"created\":\"2018-10-12T15:37:10.1990889Z\",\"lastModified\":\"2018-10-12T15:37:10.1990889Z\",\"vanityUrl\":false,\"streamOptions\":[\r\n
        \     \r\n    ],\"input\":{\r\n      \"keyFrameIntervalDuration\":\"\",\"streamingProtocol\":\"FragmentedMP4\",\"accessToken\":\"12bb272578264050af4474cdde150f74\",\"endpoints\":[\r\n
        \       {\r\n          \"protocol\":\"FragmentedMP4\",\"url\":\"http://f84baf714fbe4d339624eeab7df0a840.channel.media.azure.net/12bb272578264050af4474cdde150f74/ingest.isml\"\r\n
        \       }\r\n      ],\"accessControl\":{\r\n        \"ip\":{\r\n          \"allow\":[\r\n
        \           {\r\n              \"name\":\"le000004_0.0.0.0\",\"address\":\"0.0.0.0\",\"subnetPrefixLength\":0\r\n
        \           }\r\n          ]\r\n        }\r\n      }\r\n    },\"preview\":{\r\n
        \     \"previewLocator\":\"19366787-7294-4c02-8082-a54741fe2f9c\",\"streamingPolicyName\":\"Predefined_ClearStreamingOnly\",\"alternativeMediaId\":null,\"accessControl\":{\r\n
        \       \"ip\":{\r\n          \"allow\":[\r\n            \r\n          ]\r\n
        \       }\r\n      },\"endpoints\":[\r\n        {\r\n          \"protocol\":\"FragmentedMP4\",\"url\":\"https://le000004-ams000003.preview-usw22.channel.media.azure.net/19366787-7294-4c02-8082-a54741fe2f9c/preview.ism/manifest\"\r\n
        \       }\r\n      ]\r\n    },\"encoding\":{\r\n      \"encodingType\":\"Basic\",\"presetName\":\"AmsDefault720p\"\r\n
        \   },\"crossSiteAccessPolicies\":{\r\n      \"clientAccessPolicy\":null,\"crossDomainPolicy\":null\r\n
        \   }\r\n  }\r\n}"}
    headers:
      cache-control: [no-cache]
      content-length: ['1803']
      content-type: [application/json; odata.metadata=minimal]
      date: ['Fri, 12 Oct 2018 15:37:25 GMT']
      expires: ['-1']
      odata-version: ['4.0']
      pragma: [no-cache]
      server: [Microsoft-IIS/10.0]
      strict-transport-security: [max-age=31536000; includeSubDomains]
      transfer-encoding: [chunked]
      vary: [Accept-Encoding]
      x-content-type-options: [nosniff]
      x-powered-by: [ASP.NET]
    status: {code: 200, message: OK}
- request:
    body: null
    headers:
      Accept: [application/json]
      Accept-Encoding: ['gzip, deflate']
      CommandName: [group delete]
      Connection: [keep-alive]
      Content-Length: ['0']
      Content-Type: [application/json; charset=utf-8]
      User-Agent: [python/3.7.0 (Windows-10-10.0.17134-SP0) requests/2.19.1 msrest/0.5.5
          msrest_azure/0.4.34 resourcemanagementclient/2.0.0 Azure-SDK-For-Python
          AZURECLI/2.0.48]
      accept-language: [en-US]
    method: DELETE
    uri: https://management.azure.com/subscriptions/00000000-0000-0000-0000-000000000000/resourcegroups/clitest.rg000001?api-version=2018-05-01
  response:
    body: {string: ''}
    headers:
      cache-control: [no-cache]
      content-length: ['0']
      date: ['Fri, 12 Oct 2018 15:37:27 GMT']
      expires: ['-1']
      location: ['https://management.azure.com/subscriptions/00000000-0000-0000-0000-000000000000/operationresults/eyJqb2JJZCI6IlJFU09VUkNFR1JPVVBERUxFVElPTkpPQi1DTElURVNUOjJFUkdCWDVOREtKTkw0NUdNSEZSNzdXRDdSWk8yVEVHWUlHNllZT3wxRjIyNzlBRTdBQzcyRTU5LVdFU1RVUyIsImpvYkxvY2F0aW9uIjoid2VzdHVzIn0?api-version=2018-05-01']
      pragma: [no-cache]
      strict-transport-security: [max-age=31536000; includeSubDomains]
      x-content-type-options: [nosniff]
      x-ms-ratelimit-remaining-subscription-deletes: ['14999']
    status: {code: 202, message: Accepted}
version: 1
