interactions:
- request:
    body: '{"location": "westus", "tags": {"product": "azurecli", "cause": "automation",
      "date": "2018-10-12T19:39:14Z"}}'
    headers:
      Accept: [application/json]
      Accept-Encoding: ['gzip, deflate']
      CommandName: [group create]
      Connection: [keep-alive]
      Content-Length: ['110']
      Content-Type: [application/json; charset=utf-8]
      User-Agent: [python/3.7.0 (Windows-10-10.0.17134-SP0) msrest/0.6.0 msrest_azure/0.4.34
          resourcemanagementclient/2.0.0 Azure-SDK-For-Python AZURECLI/2.0.48]
      accept-language: [en-US]
    method: PUT
    uri: https://management.azure.com/subscriptions/00000000-0000-0000-0000-000000000000/resourcegroups/clitest.rg000001?api-version=2018-05-01
  response:
    body: {string: '{"id":"/subscriptions/00000000-0000-0000-0000-000000000000/resourceGroups/clitest.rg000001","name":"clitest.rg000001","location":"westus","tags":{"product":"azurecli","cause":"automation","date":"2018-10-12T19:39:14Z"},"properties":{"provisioningState":"Succeeded"}}'}
    headers:
      cache-control: [no-cache]
      content-length: ['384']
      content-type: [application/json; charset=utf-8]
      date: ['Fri, 12 Oct 2018 19:39:18 GMT']
      expires: ['-1']
      pragma: [no-cache]
      strict-transport-security: [max-age=31536000; includeSubDomains]
      x-content-type-options: [nosniff]
      x-ms-ratelimit-remaining-subscription-writes: ['1199']
    status: {code: 201, message: Created}
- request:
    body: '{"sku": {"name": "Standard_LRS"}, "kind": "Storage", "location": "westus",
      "properties": {"supportsHttpsTrafficOnly": false}}'
    headers:
      Accept: [application/json]
      Accept-Encoding: ['gzip, deflate']
      CommandName: [storage account create]
      Connection: [keep-alive]
      Content-Length: ['125']
      Content-Type: [application/json; charset=utf-8]
      User-Agent: [python/3.7.0 (Windows-10-10.0.17134-SP0) msrest/0.6.0 msrest_azure/0.4.34
          azure-mgmt-storage/2.0.0rc4 Azure-SDK-For-Python AZURECLI/2.0.48]
      accept-language: [en-US]
    method: PUT
    uri: https://management.azure.com/subscriptions/00000000-0000-0000-0000-000000000000/resourceGroups/clitest.rg000001/providers/Microsoft.Storage/storageAccounts/clitest000002?api-version=2018-07-01
  response:
    body: {string: ''}
    headers:
      cache-control: [no-cache]
      content-length: ['0']
      content-type: [text/plain; charset=utf-8]
      date: ['Fri, 12 Oct 2018 19:39:21 GMT']
      expires: ['-1']
      location: ['https://management.azure.com/subscriptions/00000000-0000-0000-0000-000000000000/providers/Microsoft.Storage/locations/westus/asyncoperations/714bd71a-6110-48c4-a3e3-ff13d8b6efa0?monitor=true&api-version=2018-03-01-preview']
      pragma: [no-cache]
      server: ['Microsoft-Azure-Storage-Resource-Provider/1.0,Microsoft-HTTPAPI/2.0
          Microsoft-HTTPAPI/2.0']
      strict-transport-security: [max-age=31536000; includeSubDomains]
      x-content-type-options: [nosniff]
      x-ms-ratelimit-remaining-subscription-writes: ['1199']
    status: {code: 202, message: Accepted}
- request:
    body: null
    headers:
      Accept: [application/json]
      Accept-Encoding: ['gzip, deflate']
      CommandName: [storage account create]
      Connection: [keep-alive]
      User-Agent: [python/3.7.0 (Windows-10-10.0.17134-SP0) msrest/0.6.0 msrest_azure/0.4.34
          azure-mgmt-storage/2.0.0rc4 Azure-SDK-For-Python AZURECLI/2.0.48]
    method: GET
    uri: https://management.azure.com/subscriptions/00000000-0000-0000-0000-000000000000/providers/Microsoft.Storage/locations/westus/asyncoperations/714bd71a-6110-48c4-a3e3-ff13d8b6efa0?monitor=true&api-version=2018-03-01-preview
  response:
    body: {string: '{"sku":{"name":"Standard_LRS","tier":"Standard"},"kind":"Storage","id":"/subscriptions/00000000-0000-0000-0000-000000000000/resourceGroups/clitest.rg000001/providers/Microsoft.Storage/storageAccounts/clitest000002","name":"clitest000002","type":"Microsoft.Storage/storageAccounts","location":"westus","tags":{},"properties":{"networkAcls":{"bypass":"AzureServices","virtualNetworkRules":[],"ipRules":[],"defaultAction":"Allow"},"supportsHttpsTrafficOnly":false,"encryption":{"services":{"file":{"enabled":true,"lastEnabledTime":"2018-10-12T19:39:22.1806057Z"},"blob":{"enabled":true,"lastEnabledTime":"2018-10-12T19:39:22.1806057Z"}},"keySource":"Microsoft.Storage"},"provisioningState":"Succeeded","creationTime":"2018-10-12T19:39:22.0868817Z","primaryEndpoints":{"blob":"https://clitest000002.blob.core.windows.net/","queue":"https://clitest000002.queue.core.windows.net/","table":"https://clitest000002.table.core.windows.net/","file":"https://clitest000002.file.core.windows.net/"},"primaryLocation":"westus","statusOfPrimary":"available"}}'}
    headers:
      cache-control: [no-cache]
      content-length: ['1169']
      content-type: [application/json]
      date: ['Fri, 12 Oct 2018 19:39:39 GMT']
      expires: ['-1']
      pragma: [no-cache]
      server: ['Microsoft-Azure-Storage-Resource-Provider/1.0,Microsoft-HTTPAPI/2.0
          Microsoft-HTTPAPI/2.0']
      strict-transport-security: [max-age=31536000; includeSubDomains]
      transfer-encoding: [chunked]
      vary: [Accept-Encoding]
      x-content-type-options: [nosniff]
    status: {code: 200, message: OK}
- request:
    body: null
    headers:
      Accept: [application/json]
      Accept-Encoding: ['gzip, deflate']
      CommandName: [storage account keys list]
      Connection: [keep-alive]
      Content-Length: ['0']
      Content-Type: [application/json; charset=utf-8]
      User-Agent: [python/3.7.0 (Windows-10-10.0.17134-SP0) msrest/0.6.0 msrest_azure/0.4.34
          azure-mgmt-storage/2.0.0rc4 Azure-SDK-For-Python AZURECLI/2.0.48]
      accept-language: [en-US]
    method: POST
    uri: https://management.azure.com/subscriptions/00000000-0000-0000-0000-000000000000/resourceGroups/clitest.rg000001/providers/Microsoft.Storage/storageAccounts/clitest000002/listKeys?api-version=2018-07-01
  response:
    body: {string: '{"keys":[{"keyName":"key1","value":"8mgaOmyG1LC6AORLRn2GWBorSSdGpX+JIe24Nu8mflFy+ZH2CBg+xqpqvmzAGPA1GWHQ7KeK56XXSDlSIGvUYQ==","permissions":"FULL"},{"keyName":"key2","value":"FJOuTh92zIyG+adACuVcrQYVrfMG+Ncjlg6WeyQk/hKeGrpj8RyHqwfSTQZWGGX0wIyD9hze0w+zjfB6kjO7SQ==","permissions":"FULL"}]}'}
    headers:
      cache-control: [no-cache]
      content-length: ['288']
      content-type: [application/json]
      date: ['Fri, 12 Oct 2018 19:39:41 GMT']
      expires: ['-1']
      pragma: [no-cache]
      server: ['Microsoft-Azure-Storage-Resource-Provider/1.0,Microsoft-HTTPAPI/2.0
          Microsoft-HTTPAPI/2.0']
      strict-transport-security: [max-age=31536000; includeSubDomains]
      transfer-encoding: [chunked]
      vary: [Accept-Encoding]
      x-content-type-options: [nosniff]
      x-ms-ratelimit-remaining-subscription-writes: ['1198']
    status: {code: 200, message: OK}
- request:
    body: 'b''b\''{"location": "westus2", "properties": {"storageAccounts": [{"id":
      "/subscriptions/00000000-0000-0000-0000-000000000000/resourceGroups/clitest.rg000001/providers/Microsoft.Storage/storageAccounts/clitest000002",
      "type": "Primary"}]}}\'''''
    headers:
      Accept: [application/json]
      Accept-Encoding: ['gzip, deflate']
      CommandName: [ams account create]
      Connection: [keep-alive]
      Content-Length: ['302']
      Content-Type: [application/json; charset=utf-8]
      User-Agent: [python/3.7.0 (Windows-10-10.0.17134-SP0) msrest/0.6.0 msrest_azure/0.4.34
          azure-mgmt-media/1.0.0 Azure-SDK-For-Python AZURECLI/2.0.48]
      accept-language: [en-US]
    method: PUT
    uri: https://management.azure.com/subscriptions/00000000-0000-0000-0000-000000000000/resourceGroups/clitest.rg000001/providers/Microsoft.Media/mediaservices/ams000003?api-version=2018-07-01
  response:
    body: {string: "{\r\n  \"name\":\"ams000003\",\"id\":\"/subscriptions/00000000-0000-0000-0000-000000000000/resourceGroups/clitest.rg000001/providers/Microsoft.Media/mediaservices/ams000003\",\"type\":\"Microsoft.Media/mediaservices\",\"location\":\"West
        US 2\",\"properties\":{\r\n    \"mediaServiceId\":\"8b1d3986-59ec-4932-85b6-9baf31108350\",\"storageAccounts\":[\r\n
        \     {\r\n        \"id\":\"/subscriptions/00000000-0000-0000-0000-000000000000/resourceGroups/clitest.rg000001/providers/Microsoft.Storage/storageAccounts/clitest000002\",\"type\":\"Primary\"\r\n
        \     }\r\n    ]\r\n  }\r\n}"}
    headers:
      cache-control: [no-cache]
      content-length: ['665']
      content-type: [application/json; odata.metadata=minimal]
      date: ['Fri, 12 Oct 2018 19:39:45 GMT']
      expires: ['-1']
      odata-version: ['4.0']
      pragma: [no-cache]
      server: [Microsoft-IIS/10.0]
      strict-transport-security: [max-age=31536000; includeSubDomains]
      x-content-type-options: [nosniff]
      x-ms-ratelimit-remaining-subscription-writes: ['1198']
      x-powered-by: [ASP.NET]
    status: {code: 201, message: Created}
- request:
    body: null
    headers:
      Accept: [application/json]
      Accept-Encoding: ['gzip, deflate']
      CommandName: [ams live-event create]
      Connection: [keep-alive]
      User-Agent: [python/3.7.0 (Windows-10-10.0.17134-SP0) msrest/0.6.0 msrest_azure/0.4.34
          azure-mgmt-media/1.0.0 Azure-SDK-For-Python AZURECLI/2.0.48]
      accept-language: [en-US]
    method: GET
    uri: https://management.azure.com/subscriptions/00000000-0000-0000-0000-000000000000/resourceGroups/clitest.rg000001/providers/Microsoft.Media/mediaservices/ams000003?api-version=2018-07-01
  response:
    body: {string: "{\r\n  \"name\":\"ams000003\",\"id\":\"/subscriptions/00000000-0000-0000-0000-000000000000/resourceGroups/clitest.rg000001/providers/Microsoft.Media/mediaservices/ams000003\",\"type\":\"Microsoft.Media/mediaservices\",\"location\":\"West
        US 2\",\"properties\":{\r\n    \"mediaServiceId\":\"8b1d3986-59ec-4932-85b6-9baf31108350\",\"storageAccounts\":[\r\n
        \     {\r\n        \"id\":\"/subscriptions/00000000-0000-0000-0000-000000000000/resourceGroups/clitest.rg000001/providers/Microsoft.Storage/storageAccounts/clitest000002\",\"type\":\"Primary\"\r\n
        \     }\r\n    ]\r\n  }\r\n}"}
    headers:
      cache-control: [no-cache]
      content-length: ['665']
      content-type: [application/json; odata.metadata=minimal]
      date: ['Fri, 12 Oct 2018 19:39:46 GMT']
      expires: ['-1']
      odata-version: ['4.0']
      pragma: [no-cache]
      server: [Microsoft-IIS/10.0]
      strict-transport-security: [max-age=31536000; includeSubDomains]
      transfer-encoding: [chunked]
      vary: [Accept-Encoding]
      x-content-type-options: [nosniff]
      x-powered-by: [ASP.NET]
    status: {code: 200, message: OK}
- request:
    body: 'b''{"location": "West US 2", "properties": {"input": {"streamingProtocol":
      "FragmentedMP4", "accessControl": {"ip": {"allow": [{"name": "le000004_0.0.0.0",
      "address": "0.0.0.0", "subnetPrefixLength": 0}]}}}, "preview": {"accessControl":
      {"ip": {"allow": []}}}, "encoding": {}, "crossSiteAccessPolicies": {}, "vanityUrl":
      false}}'''
    headers:
      Accept: [application/json]
      Accept-Encoding: ['gzip, deflate']
      CommandName: [ams live-event create]
      Connection: [keep-alive]
      Content-Length: ['329']
      Content-Type: [application/json; charset=utf-8]
      User-Agent: [python/3.7.0 (Windows-10-10.0.17134-SP0) msrest/0.6.0 msrest_azure/0.4.34
          azure-mgmt-media/1.0.0 Azure-SDK-For-Python AZURECLI/2.0.48]
      accept-language: [en-US]
    method: PUT
    uri: https://management.azure.com/subscriptions/00000000-0000-0000-0000-000000000000/resourceGroups/clitest.rg000001/providers/Microsoft.Media/mediaservices/ams000003/liveEvents/le000004?api-version=2018-07-01&autoStart=false
  response:
    body: {string: "{\r\n  \"name\":\"le000004\",\"id\":\"/subscriptions/00000000-0000-0000-0000-000000000000/resourceGroups/clitest.rg000001/providers/Microsoft.Media/mediaservices/ams000003/liveevents/le000004\",\"type\":\"Microsoft.Media/mediaservices/liveevents\",\"location\":\"West
        US 2\",\"tags\":{\r\n    \r\n  },\"properties\":{\r\n    \"description\":\"\",\"resourceState\":\"Stopped\",\"provisioningState\":\"InProgress\",\"created\":\"2018-10-12T19:39:49.3466091Z\",\"lastModified\":\"2018-10-12T19:39:49.3466091Z\",\"vanityUrl\":false,\"streamOptions\":[\r\n
        \     \r\n    ],\"input\":{\r\n      \"keyFrameIntervalDuration\":\"\",\"streamingProtocol\":\"FragmentedMP4\",\"accessToken\":\"1263eba7e507425f90c03c613c3bf607\",\"endpoints\":[\r\n
        \       \r\n      ],\"accessControl\":{\r\n        \"ip\":{\r\n          \"allow\":[\r\n
        \           {\r\n              \"name\":\"le000004_0.0.0.0\",\"address\":\"0.0.0.0\",\"subnetPrefixLength\":0\r\n
        \           }\r\n          ]\r\n        }\r\n      }\r\n    },\"preview\":{\r\n
        \     \"previewLocator\":\"d5ad64ed-1da5-4f8e-8b63-0b02842f08ed\",\"streamingPolicyName\":\"Predefined_ClearStreamingOnly\",\"alternativeMediaId\":null,\"accessControl\":{\r\n
        \       \"ip\":{\r\n          \"allow\":[\r\n            \r\n          ]\r\n
        \       }\r\n      },\"endpoints\":[\r\n        \r\n      ]\r\n    },\"encoding\":{\r\n
        \     \"encodingType\":\"None\",\"presetName\":null\r\n    },\"crossSiteAccessPolicies\":{\r\n
        \     \"clientAccessPolicy\":null,\"crossDomainPolicy\":null\r\n    }\r\n
        \ }\r\n}"}
    headers:
      azure-asyncoperation: ['https://management.azure.com/subscriptions/00000000-0000-0000-0000-000000000000/resourcegroups/clitest.rg000001/providers/Microsoft.Media/mediaservices/ams000003/liveeventoperations/775a52e2-7940-444b-b5f2-4d6a5ab0acc2?api-version=2018-07-01']
      cache-control: [no-cache]
      content-length: ['1423']
      content-type: [application/json; odata.metadata=minimal]
      date: ['Fri, 12 Oct 2018 19:39:49 GMT']
      expires: ['-1']
      location: ['https://management.azure.com/subscriptions/00000000-0000-0000-0000-000000000000/resourcegroups/clitest.rg000001/providers/Microsoft.Media/mediaservices/ams000003/liveeventoperations/775a52e2-7940-444b-b5f2-4d6a5ab0acc2?api-version=2018-07-01']
      odata-version: ['4.0']
      pragma: [no-cache]
      server: [Microsoft-IIS/10.0]
      strict-transport-security: [max-age=31536000; includeSubDomains]
      x-content-type-options: [nosniff]
      x-ms-ratelimit-remaining-subscription-writes: ['1199']
      x-powered-by: [ASP.NET]
    status: {code: 202, message: Accepted}
- request:
    body: null
    headers:
      Accept: [application/json]
      Accept-Encoding: ['gzip, deflate']
      CommandName: [ams live-event create]
      Connection: [keep-alive]
      User-Agent: [python/3.7.0 (Windows-10-10.0.17134-SP0) msrest/0.6.0 msrest_azure/0.4.34
          azure-mgmt-media/1.0.0 Azure-SDK-For-Python AZURECLI/2.0.48]
    method: GET
    uri: https://management.azure.com/subscriptions/00000000-0000-0000-0000-000000000000/resourcegroups/clitest.rg000001/providers/Microsoft.Media/mediaservices/ams000003/liveeventoperations/775a52e2-7940-444b-b5f2-4d6a5ab0acc2?api-version=2018-07-01
  response:
    body: {string: "{\r\n  \"name\":\"775a52e2-7940-444b-b5f2-4d6a5ab0acc2\",\"status\":\"Succeeded\",\"error\":{\r\n
        \   \"code\":\"None\",\"message\":null,\"target\":\"1d3bf738-2a03-4714-b427-7e225b10cc5f\"\r\n
        \ }\r\n}"}
    headers:
      azure-asyncoperation: ['https://management.azure.com/subscriptions/00000000-0000-0000-0000-000000000000/resourcegroups/clitest.rg000001/providers/Microsoft.Media/mediaservices/ams000003/liveeventoperations/775a52e2-7940-444b-b5f2-4d6a5ab0acc2?api-version=2018-07-01']
      cache-control: [no-cache]
      content-length: ['171']
      content-type: [application/json; odata.metadata=minimal]
      date: ['Fri, 12 Oct 2018 19:39:52 GMT']
      expires: ['-1']
      location: ['https://management.azure.com/subscriptions/00000000-0000-0000-0000-000000000000/resourcegroups/clitest.rg000001/providers/Microsoft.Media/mediaservices/ams000003/liveeventoperations/775a52e2-7940-444b-b5f2-4d6a5ab0acc2?api-version=2018-07-01']
      odata-version: ['4.0']
      pragma: [no-cache]
      server: [Microsoft-IIS/10.0]
      strict-transport-security: [max-age=31536000; includeSubDomains]
      transfer-encoding: [chunked]
      vary: [Accept-Encoding]
      x-content-type-options: [nosniff]
      x-powered-by: [ASP.NET]
    status: {code: 200, message: OK}
- request:
    body: null
    headers:
      Accept: [application/json]
      Accept-Encoding: ['gzip, deflate']
      CommandName: [ams live-event create]
      Connection: [keep-alive]
      User-Agent: [python/3.7.0 (Windows-10-10.0.17134-SP0) msrest/0.6.0 msrest_azure/0.4.34
          azure-mgmt-media/1.0.0 Azure-SDK-For-Python AZURECLI/2.0.48]
    method: GET
    uri: https://management.azure.com/subscriptions/00000000-0000-0000-0000-000000000000/resourceGroups/clitest.rg000001/providers/Microsoft.Media/mediaservices/ams000003/liveEvents/le000004?api-version=2018-07-01&autoStart=false
  response:
    body: {string: "{\r\n  \"name\":\"le000004\",\"id\":\"/subscriptions/00000000-0000-0000-0000-000000000000/resourceGroups/clitest.rg000001/providers/Microsoft.Media/mediaservices/ams000003/liveevents/le000004\",\"type\":\"Microsoft.Media/mediaservices/liveevents\",\"location\":\"West
        US 2\",\"tags\":{\r\n    \r\n  },\"properties\":{\r\n    \"description\":\"\",\"resourceState\":\"Stopped\",\"provisioningState\":\"Succeeded\",\"created\":\"2018-10-12T19:39:49.37789Z\",\"lastModified\":\"2018-10-12T19:39:49.37789Z\",\"vanityUrl\":false,\"streamOptions\":[\r\n
        \     \r\n    ],\"input\":{\r\n      \"keyFrameIntervalDuration\":\"\",\"streamingProtocol\":\"FragmentedMP4\",\"accessToken\":\"1263eba7e507425f90c03c613c3bf607\",\"endpoints\":[\r\n
        \       \r\n      ],\"accessControl\":{\r\n        \"ip\":{\r\n          \"allow\":[\r\n
        \           {\r\n              \"name\":\"le000004_0.0.0.0\",\"address\":\"0.0.0.0\",\"subnetPrefixLength\":0\r\n
        \           }\r\n          ]\r\n        }\r\n      }\r\n    },\"preview\":{\r\n
        \     \"previewLocator\":\"d5ad64ed-1da5-4f8e-8b63-0b02842f08ed\",\"streamingPolicyName\":\"Predefined_ClearStreamingOnly\",\"alternativeMediaId\":null,\"accessControl\":{\r\n
        \       \"ip\":{\r\n          \"allow\":[\r\n            \r\n          ]\r\n
        \       }\r\n      },\"endpoints\":[\r\n        \r\n      ]\r\n    },\"encoding\":{\r\n
        \     \"encodingType\":\"None\",\"presetName\":null\r\n    },\"crossSiteAccessPolicies\":{\r\n
        \     \"clientAccessPolicy\":null,\"crossDomainPolicy\":null\r\n    }\r\n
        \ }\r\n}"}
    headers:
      cache-control: [no-cache]
      content-length: ['1418']
      content-type: [application/json; odata.metadata=minimal]
      date: ['Fri, 12 Oct 2018 19:39:53 GMT']
      expires: ['-1']
      odata-version: ['4.0']
      pragma: [no-cache]
      server: [Microsoft-IIS/10.0]
      strict-transport-security: [max-age=31536000; includeSubDomains]
      transfer-encoding: [chunked]
      vary: [Accept-Encoding]
      x-content-type-options: [nosniff]
      x-powered-by: [ASP.NET]
    status: {code: 200, message: OK}
- request:
    body: null
    headers:
      Accept: [application/json]
      Accept-Encoding: ['gzip, deflate']
      CommandName: [ams live-event update]
      Connection: [keep-alive]
      User-Agent: [python/3.7.0 (Windows-10-10.0.17134-SP0) msrest/0.6.0 msrest_azure/0.4.34
          azure-mgmt-media/1.0.0 Azure-SDK-For-Python AZURECLI/2.0.48]
      accept-language: [en-US]
    method: GET
    uri: https://management.azure.com/subscriptions/00000000-0000-0000-0000-000000000000/resourceGroups/clitest.rg000001/providers/Microsoft.Media/mediaservices/ams000003/liveEvents/le000004?api-version=2018-07-01
  response:
    body: {string: "{\r\n  \"name\":\"le000004\",\"id\":\"/subscriptions/00000000-0000-0000-0000-000000000000/resourceGroups/clitest.rg000001/providers/Microsoft.Media/mediaservices/ams000003/liveevents/le000004\",\"type\":\"Microsoft.Media/mediaservices/liveevents\",\"location\":\"West
        US 2\",\"tags\":{\r\n    \r\n  },\"properties\":{\r\n    \"description\":\"\",\"resourceState\":\"Stopped\",\"provisioningState\":\"Succeeded\",\"created\":\"2018-10-12T19:39:49.37789Z\",\"lastModified\":\"2018-10-12T19:39:49.37789Z\",\"vanityUrl\":false,\"streamOptions\":[\r\n
        \     \r\n    ],\"input\":{\r\n      \"keyFrameIntervalDuration\":\"\",\"streamingProtocol\":\"FragmentedMP4\",\"accessToken\":\"1263eba7e507425f90c03c613c3bf607\",\"endpoints\":[\r\n
        \       \r\n      ],\"accessControl\":{\r\n        \"ip\":{\r\n          \"allow\":[\r\n
        \           {\r\n              \"name\":\"le000004_0.0.0.0\",\"address\":\"0.0.0.0\",\"subnetPrefixLength\":0\r\n
        \           }\r\n          ]\r\n        }\r\n      }\r\n    },\"preview\":{\r\n
        \     \"previewLocator\":\"d5ad64ed-1da5-4f8e-8b63-0b02842f08ed\",\"streamingPolicyName\":\"Predefined_ClearStreamingOnly\",\"alternativeMediaId\":null,\"accessControl\":{\r\n
        \       \"ip\":{\r\n          \"allow\":[\r\n            \r\n          ]\r\n
        \       }\r\n      },\"endpoints\":[\r\n        \r\n      ]\r\n    },\"encoding\":{\r\n
        \     \"encodingType\":\"None\",\"presetName\":null\r\n    },\"crossSiteAccessPolicies\":{\r\n
        \     \"clientAccessPolicy\":null,\"crossDomainPolicy\":null\r\n    }\r\n
        \ }\r\n}"}
    headers:
      cache-control: [no-cache]
      content-length: ['1418']
      content-type: [application/json; odata.metadata=minimal]
      date: ['Fri, 12 Oct 2018 19:39:55 GMT']
      expires: ['-1']
      odata-version: ['4.0']
      pragma: [no-cache]
      server: [Microsoft-IIS/10.0]
      strict-transport-security: [max-age=31536000; includeSubDomains]
      transfer-encoding: [chunked]
      vary: [Accept-Encoding]
      x-content-type-options: [nosniff]
      x-powered-by: [ASP.NET]
    status: {code: 200, message: OK}
- request:
    body: 'b''{"tags": {"key": "value"}, "location": "West US 2", "properties": {"description":
      "asd", "input": {"streamingProtocol": "FragmentedMP4", "accessControl": {"ip":
      {"allow": [{"name": "le000004_1.2.3.4", "address": "1.2.3.4"}, {"name": "le000004_5.6.7.8",
      "address": "5.6.7.8"}, {"name": "le000004_9.10.11.12", "address": "9.10.11.12"}]}},
      "keyFrameIntervalDuration": "PT2S", "accessToken": "1263eba7e507425f90c03c613c3bf607",
      "endpoints": []}, "preview": {"endpoints": [], "accessControl": {"ip": {"allow":
      [{"name": "le000004_1.1.1.1", "address": "1.1.1.1"}, {"name": "le000004_0.0.0.0",
      "address": "0.0.0.0"}]}}, "previewLocator": "d5ad64ed-1da5-4f8e-8b63-0b02842f08ed",
      "streamingPolicyName": "Predefined_ClearStreamingOnly"}, "encoding": {"encodingType":
      "None"}, "crossSiteAccessPolicies": {"clientAccessPolicy": "<?xml version=\\"1.0\\"
      encoding=\\"utf-8\\"?>\\r\\n<access-policy>\\r\\n    <cross-domain-access>\\r\\n        <policy>\\r\\n            <allow-from
      http-request-headers=\''*\''>\\r\\n                <domain uri=\''http://*\''
      /> \\r\\n            </allow-from> \\r\\n            <grant-to>\\r\\n                <resource
      path=\''/\'' include-subpaths=\''false\'' />\\r\\n            </grant-to>    \\r\\n        </policy>\\r\\n    </cross-domain-access>\\r\\n</access-policy>",
      "crossDomainPolicy": "<?xml version=\\"1.0\\" ?>\\r\\n<!DOCTYPE cross-domain-policy
      SYSTEM \''http://www.macromedia.com/xml/dtds/cross-domain-policy.dtd\''>\\r\\n<cross-domain-policy>\\r\\n  <allow-access-from
      domain=\''*\'' />\\r\\n</cross-domain-policy>"}, "vanityUrl": false, "streamOptions":
      []}}'''
    headers:
      Accept: [application/json]
      Accept-Encoding: ['gzip, deflate']
      CommandName: [ams live-event update]
      Connection: [keep-alive]
      Content-Length: ['1555']
      Content-Type: [application/json; charset=utf-8]
      User-Agent: [python/3.7.0 (Windows-10-10.0.17134-SP0) msrest/0.6.0 msrest_azure/0.4.34
          azure-mgmt-media/1.0.0 Azure-SDK-For-Python AZURECLI/2.0.48]
      accept-language: [en-US]
    method: PATCH
    uri: https://management.azure.com/subscriptions/00000000-0000-0000-0000-000000000000/resourceGroups/clitest.rg000001/providers/Microsoft.Media/mediaservices/ams000003/liveEvents/le000004?api-version=2018-07-01
  response:
    body: {string: "{\r\n  \"name\":\"le000004\",\"id\":\"/subscriptions/00000000-0000-0000-0000-000000000000/resourceGroups/clitest.rg000001/providers/Microsoft.Media/mediaservices/ams000003/liveevents/le000004\",\"type\":\"Microsoft.Media/mediaservices/liveevents\",\"location\":\"West
        US 2\",\"tags\":{\r\n    \"key\":\"value\"\r\n  },\"properties\":{\r\n    \"description\":\"asd\",\"resourceState\":null,\"provisioningState\":\"Succeeded\",\"created\":\"0001-01-01T00:00:00Z\",\"lastModified\":\"0001-01-01T00:00:00Z\",\"vanityUrl\":false,\"streamOptions\":[\r\n
        \     \r\n    ],\"input\":{\r\n      \"keyFrameIntervalDuration\":\"PT2S\",\"streamingProtocol\":\"FragmentedMP4\",\"accessToken\":\"1263eba7e507425f90c03c613c3bf607\",\"endpoints\":[\r\n
        \       \r\n      ],\"accessControl\":{\r\n        \"ip\":{\r\n          \"allow\":[\r\n
        \           {\r\n              \"name\":\"le000004_1.2.3.4\",\"address\":\"1.2.3.4\",\"subnetPrefixLength\":null\r\n
        \           },{\r\n              \"name\":\"le000004_5.6.7.8\",\"address\":\"5.6.7.8\",\"subnetPrefixLength\":null\r\n
        \           },{\r\n              \"name\":\"le000004_9.10.11.12\",\"address\":\"9.10.11.12\",\"subnetPrefixLength\":null\r\n
        \           }\r\n          ]\r\n        }\r\n      }\r\n    },\"preview\":{\r\n
        \     \"previewLocator\":\"d5ad64ed-1da5-4f8e-8b63-0b02842f08ed\",\"streamingPolicyName\":\"Predefined_ClearStreamingOnly\",\"alternativeMediaId\":null,\"accessControl\":{\r\n
        \       \"ip\":{\r\n          \"allow\":[\r\n            {\r\n              \"name\":\"le000004_1.1.1.1\",\"address\":\"1.1.1.1\",\"subnetPrefixLength\":null\r\n
        \           },{\r\n              \"name\":\"le000004_0.0.0.0\",\"address\":\"0.0.0.0\",\"subnetPrefixLength\":null\r\n
        \           }\r\n          ]\r\n        }\r\n      },\"endpoints\":[\r\n        \r\n
        \     ]\r\n    },\"encoding\":{\r\n      \"encodingType\":\"None\",\"presetName\":null\r\n
        \   },\"crossSiteAccessPolicies\":{\r\n      \"clientAccessPolicy\":\"<?xml
        version=\\\"1.0\\\" encoding=\\\"utf-8\\\"?>\\r\\n<access-policy>\\r\\n    <cross-domain-access>\\r\\n
        \       <policy>\\r\\n            <allow-from http-request-headers='*'>\\r\\n
        \               <domain uri='http://*' /> \\r\\n            </allow-from>
        \\r\\n            <grant-to>\\r\\n                <resource path='/' include-subpaths='false'
        />\\r\\n            </grant-to>    \\r\\n        </policy>\\r\\n    </cross-domain-access>\\r\\n</access-policy>\",\"crossDomainPolicy\":\"<?xml
        version=\\\"1.0\\\" ?>\\r\\n<!DOCTYPE cross-domain-policy SYSTEM 'http://www.macromedia.com/xml/dtds/cross-domain-policy.dtd'>\\r\\n<cross-domain-policy>\\r\\n
        \ <allow-access-from domain='*' />\\r\\n</cross-domain-policy>\"\r\n    }\r\n
        \ }\r\n}"}
    headers:
      cache-control: [no-cache]
      content-length: ['2505']
      content-type: [application/json; odata.metadata=minimal]
      date: ['Fri, 12 Oct 2018 19:39:58 GMT']
      expires: ['-1']
      odata-version: ['4.0']
      pragma: [no-cache]
      server: [Microsoft-IIS/10.0]
      strict-transport-security: [max-age=31536000; includeSubDomains]
      transfer-encoding: [chunked]
      vary: [Accept-Encoding]
      x-content-type-options: [nosniff]
      x-ms-ratelimit-remaining-subscription-writes: ['1198']
      x-powered-by: [ASP.NET]
    status: {code: 200, message: OK}
- request:
    body: null
    headers:
      Accept: [application/json]
      Accept-Encoding: ['gzip, deflate']
      CommandName: [group delete]
      Connection: [keep-alive]
      Content-Length: ['0']
      Content-Type: [application/json; charset=utf-8]
      User-Agent: [python/3.7.0 (Windows-10-10.0.17134-SP0) msrest/0.6.0 msrest_azure/0.4.34
          resourcemanagementclient/2.0.0 Azure-SDK-For-Python AZURECLI/2.0.48]
      accept-language: [en-US]
    method: DELETE
    uri: https://management.azure.com/subscriptions/00000000-0000-0000-0000-000000000000/resourcegroups/clitest.rg000001?api-version=2018-05-01
  response:
    body: {string: ''}
    headers:
      cache-control: [no-cache]
      content-length: ['0']
      date: ['Fri, 12 Oct 2018 19:40:01 GMT']
      expires: ['-1']
      location: ['https://management.azure.com/subscriptions/00000000-0000-0000-0000-000000000000/operationresults/eyJqb2JJZCI6IlJFU09VUkNFR1JPVVBERUxFVElPTkpPQi1DTElURVNUOjJFUkc3WlU3R1kyTlFTTjJORkhFNlg0VU5EUVVYVUZUWFRDUEZUNnxBRkFCQjNCOUYwOTY0REFBLVdFU1RVUyIsImpvYkxvY2F0aW9uIjoid2VzdHVzIn0?api-version=2018-05-01']
      pragma: [no-cache]
      strict-transport-security: [max-age=31536000; includeSubDomains]
      x-content-type-options: [nosniff]
      x-ms-ratelimit-remaining-subscription-deletes: ['14999']
    status: {code: 202, message: Accepted}
version: 1
