interactions:
- request:
    body: '{"location": "eastus", "identity": {"type": "SystemAssigned"}, "properties":
      {"defaultDataLakeStorage": {"accountUrl": "https://adlsgen2000002.dfs.core.windows.net",
      "filesystem": "testfilesystem"}, "sqlAdministratorLoginPassword": "Pswd1000004",
      "sqlAdministratorLogin": "cliuser1"}}'
    headers:
      Accept:
      - application/json
      Accept-Encoding:
      - gzip, deflate
      CommandName:
      - synapse workspace create
      Connection:
      - keep-alive
      Content-Length:
      - '284'
      Content-Type:
      - application/json
      ParameterSetName:
      - --name --resource-group --storage-account --file-system --sql-admin-login-user
        --sql-admin-login-password --location
      User-Agent:
      - AZURECLI/2.36.0 azsdk-python-mgmt-synapse/2.1.0b2 Python/3.8.9 (Windows-10-10.0.19041-SP0)
    method: PUT
    uri: https://management.azure.com/subscriptions/00000000-0000-0000-0000-000000000000/resourceGroups/synapse-cli000001/providers/Microsoft.Synapse/workspaces/clitest000003?api-version=2021-06-01
  response:
    body:
      string: '{"properties":{"defaultDataLakeStorage":{"createManagedPrivateEndpoint":false,"accountUrl":"https://adlsgen2000002.dfs.core.windows.net","filesystem":"testfilesystem"},"encryption":{"doubleEncryptionEnabled":false},"provisioningState":"Provisioning","connectivityEndpoints":{"web":"https://web.azuresynapse.net?workspace=%2fsubscriptions%2f051ddeca-1ed6-4d8b-ba6f-1ff561e5f3b3%2fresourceGroups%2fsynapse-cli000001%2fproviders%2fMicrosoft.Synapse%2fworkspaces%2fclitest000003","dev":"https://clitest000003.dev.azuresynapse.net","sqlOnDemand":"clitest000003-ondemand.sql.azuresynapse.net","sql":"clitest000003.sql.azuresynapse.net"},"managedResourceGroupName":"synapseworkspace-managedrg-545141a7-f162-4551-adf9-1dd1ee2a1e23","privateEndpointConnections":[],"workspaceUID":"9c70df9b-09a7-4e74-b8a7-4a93dda97351","extraProperties":{"WorkspaceType":"Normal"},"publicNetworkAccess":"Enabled","cspWorkspaceAdminProperties":{"initialWorkspaceAdminObjectId":"6a33200f-2b27-4fda-8567-b0c70d532441"},"trustedServiceBypassEnabled":false},"type":"Microsoft.Synapse/workspaces","id":"/subscriptions/00000000-0000-0000-0000-000000000000/resourceGroups/synapse-cli000001/providers/Microsoft.Synapse/workspaces/clitest000003","location":"eastus","name":"clitest000003","identity":{"type":"SystemAssigned","tenantId":"72f988bf-86f1-41af-91ab-2d7cd011db47","principalId":"171c49e4-463e-436d-aa0f-ffb308e48909"}}'
    headers:
      azure-asyncoperation:
      - https://management.azure.com/subscriptions/00000000-0000-0000-0000-000000000000/resourceGroups/synapse-cli000001/providers/Microsoft.Synapse/workspaces/clitest000003/operationStatuses/dd5f8bf3-27a9-4061-80f2-3c1c76e446fb?api-version=2021-06-01
      cache-control:
      - no-cache
      content-length:
      - '1393'
      content-type:
      - application/json; charset=utf-8
      date:
      - Tue, 17 May 2022 13:55:49 GMT
      expires:
      - '-1'
      pragma:
      - no-cache
      server:
      - Microsoft-HTTPAPI/2.0
      strict-transport-security:
      - max-age=31536000; includeSubDomains
      x-content-type-options:
      - nosniff
      x-ms-ratelimit-remaining-subscription-writes:
      - '1199'
    status:
      code: 201
      message: Created
- request:
    body: null
    headers:
      Accept:
      - '*/*'
      Accept-Encoding:
      - gzip, deflate
      CommandName:
      - synapse workspace create
      Connection:
      - keep-alive
      ParameterSetName:
      - --name --resource-group --storage-account --file-system --sql-admin-login-user
        --sql-admin-login-password --location
      User-Agent:
      - AZURECLI/2.36.0 azsdk-python-mgmt-synapse/2.1.0b2 Python/3.8.9 (Windows-10-10.0.19041-SP0)
    method: GET
    uri: https://management.azure.com/subscriptions/00000000-0000-0000-0000-000000000000/resourceGroups/synapse-cli000001/providers/Microsoft.Synapse/workspaces/clitest000003/operationStatuses/dd5f8bf3-27a9-4061-80f2-3c1c76e446fb?api-version=2021-06-01
  response:
    body:
      string: '{"status":"InProgress"}'
    headers:
      cache-control:
      - no-cache
      content-length:
      - '23'
      content-type:
      - application/json; charset=utf-8
      date:
      - Tue, 17 May 2022 13:56:20 GMT
      expires:
      - '-1'
      pragma:
      - no-cache
      server:
      - Microsoft-HTTPAPI/2.0
      strict-transport-security:
      - max-age=31536000; includeSubDomains
      transfer-encoding:
      - chunked
      vary:
      - Accept-Encoding
      x-content-type-options:
      - nosniff
    status:
      code: 200
      message: OK
- request:
    body: null
    headers:
      Accept:
      - '*/*'
      Accept-Encoding:
      - gzip, deflate
      CommandName:
      - synapse workspace create
      Connection:
      - keep-alive
      ParameterSetName:
      - --name --resource-group --storage-account --file-system --sql-admin-login-user
        --sql-admin-login-password --location
      User-Agent:
      - AZURECLI/2.36.0 azsdk-python-mgmt-synapse/2.1.0b2 Python/3.8.9 (Windows-10-10.0.19041-SP0)
    method: GET
    uri: https://management.azure.com/subscriptions/00000000-0000-0000-0000-000000000000/resourceGroups/synapse-cli000001/providers/Microsoft.Synapse/workspaces/clitest000003/operationStatuses/dd5f8bf3-27a9-4061-80f2-3c1c76e446fb?api-version=2021-06-01
  response:
    body:
      string: '{"status":"InProgress"}'
    headers:
      cache-control:
      - no-cache
      content-length:
      - '23'
      content-type:
      - application/json; charset=utf-8
      date:
      - Tue, 17 May 2022 13:56:50 GMT
      expires:
      - '-1'
      pragma:
      - no-cache
      server:
      - Microsoft-HTTPAPI/2.0
      strict-transport-security:
      - max-age=31536000; includeSubDomains
      transfer-encoding:
      - chunked
      vary:
      - Accept-Encoding
      x-content-type-options:
      - nosniff
    status:
      code: 200
      message: OK
- request:
    body: null
    headers:
      Accept:
      - '*/*'
      Accept-Encoding:
      - gzip, deflate
      CommandName:
      - synapse workspace create
      Connection:
      - keep-alive
      ParameterSetName:
      - --name --resource-group --storage-account --file-system --sql-admin-login-user
        --sql-admin-login-password --location
      User-Agent:
      - AZURECLI/2.36.0 azsdk-python-mgmt-synapse/2.1.0b2 Python/3.8.9 (Windows-10-10.0.19041-SP0)
    method: GET
    uri: https://management.azure.com/subscriptions/00000000-0000-0000-0000-000000000000/resourceGroups/synapse-cli000001/providers/Microsoft.Synapse/workspaces/clitest000003/operationStatuses/dd5f8bf3-27a9-4061-80f2-3c1c76e446fb?api-version=2021-06-01
  response:
    body:
      string: '{"status":"InProgress"}'
    headers:
      cache-control:
      - no-cache
      content-length:
      - '23'
      content-type:
      - application/json; charset=utf-8
      date:
      - Tue, 17 May 2022 13:57:21 GMT
      expires:
      - '-1'
      pragma:
      - no-cache
      server:
      - Microsoft-HTTPAPI/2.0
      strict-transport-security:
      - max-age=31536000; includeSubDomains
      transfer-encoding:
      - chunked
      vary:
      - Accept-Encoding
      x-content-type-options:
      - nosniff
    status:
      code: 200
      message: OK
- request:
    body: null
    headers:
      Accept:
      - '*/*'
      Accept-Encoding:
      - gzip, deflate
      CommandName:
      - synapse workspace create
      Connection:
      - keep-alive
      ParameterSetName:
      - --name --resource-group --storage-account --file-system --sql-admin-login-user
        --sql-admin-login-password --location
      User-Agent:
      - AZURECLI/2.36.0 azsdk-python-mgmt-synapse/2.1.0b2 Python/3.8.9 (Windows-10-10.0.19041-SP0)
    method: GET
    uri: https://management.azure.com/subscriptions/00000000-0000-0000-0000-000000000000/resourceGroups/synapse-cli000001/providers/Microsoft.Synapse/workspaces/clitest000003/operationStatuses/dd5f8bf3-27a9-4061-80f2-3c1c76e446fb?api-version=2021-06-01
  response:
    body:
      string: '{"status":"InProgress"}'
    headers:
      cache-control:
      - no-cache
      content-length:
      - '23'
      content-type:
      - application/json; charset=utf-8
      date:
      - Tue, 17 May 2022 13:57:51 GMT
      expires:
      - '-1'
      pragma:
      - no-cache
      server:
      - Microsoft-HTTPAPI/2.0
      strict-transport-security:
      - max-age=31536000; includeSubDomains
      transfer-encoding:
      - chunked
      vary:
      - Accept-Encoding
      x-content-type-options:
      - nosniff
    status:
      code: 200
      message: OK
- request:
    body: null
    headers:
      Accept:
      - '*/*'
      Accept-Encoding:
      - gzip, deflate
      CommandName:
      - synapse workspace create
      Connection:
      - keep-alive
      ParameterSetName:
      - --name --resource-group --storage-account --file-system --sql-admin-login-user
        --sql-admin-login-password --location
      User-Agent:
      - AZURECLI/2.36.0 azsdk-python-mgmt-synapse/2.1.0b2 Python/3.8.9 (Windows-10-10.0.19041-SP0)
    method: GET
    uri: https://management.azure.com/subscriptions/00000000-0000-0000-0000-000000000000/resourceGroups/synapse-cli000001/providers/Microsoft.Synapse/workspaces/clitest000003/operationStatuses/dd5f8bf3-27a9-4061-80f2-3c1c76e446fb?api-version=2021-06-01
  response:
    body:
      string: '{"status":"InProgress"}'
    headers:
      cache-control:
      - no-cache
      content-length:
      - '23'
      content-type:
      - application/json; charset=utf-8
      date:
      - Tue, 17 May 2022 13:58:23 GMT
      expires:
      - '-1'
      pragma:
      - no-cache
      server:
      - Microsoft-HTTPAPI/2.0
      strict-transport-security:
      - max-age=31536000; includeSubDomains
      transfer-encoding:
      - chunked
      vary:
      - Accept-Encoding
      x-content-type-options:
      - nosniff
    status:
      code: 200
      message: OK
- request:
    body: null
    headers:
      Accept:
      - '*/*'
      Accept-Encoding:
      - gzip, deflate
      CommandName:
      - synapse workspace create
      Connection:
      - keep-alive
      ParameterSetName:
      - --name --resource-group --storage-account --file-system --sql-admin-login-user
        --sql-admin-login-password --location
      User-Agent:
      - AZURECLI/2.36.0 azsdk-python-mgmt-synapse/2.1.0b2 Python/3.8.9 (Windows-10-10.0.19041-SP0)
    method: GET
    uri: https://management.azure.com/subscriptions/00000000-0000-0000-0000-000000000000/resourceGroups/synapse-cli000001/providers/Microsoft.Synapse/workspaces/clitest000003/operationStatuses/dd5f8bf3-27a9-4061-80f2-3c1c76e446fb?api-version=2021-06-01
  response:
    body:
      string: '{"status":"Succeeded"}'
    headers:
      cache-control:
      - no-cache
      content-length:
      - '22'
      content-type:
      - application/json; charset=utf-8
      date:
      - Tue, 17 May 2022 13:58:53 GMT
      expires:
      - '-1'
      pragma:
      - no-cache
      server:
      - Microsoft-HTTPAPI/2.0
      strict-transport-security:
      - max-age=31536000; includeSubDomains
      transfer-encoding:
      - chunked
      vary:
      - Accept-Encoding
      x-content-type-options:
      - nosniff
    status:
      code: 200
      message: OK
- request:
    body: null
    headers:
      Accept:
      - '*/*'
      Accept-Encoding:
      - gzip, deflate
      CommandName:
      - synapse workspace create
      Connection:
      - keep-alive
      ParameterSetName:
      - --name --resource-group --storage-account --file-system --sql-admin-login-user
        --sql-admin-login-password --location
      User-Agent:
      - AZURECLI/2.36.0 azsdk-python-mgmt-synapse/2.1.0b2 Python/3.8.9 (Windows-10-10.0.19041-SP0)
    method: GET
    uri: https://management.azure.com/subscriptions/00000000-0000-0000-0000-000000000000/resourceGroups/synapse-cli000001/providers/Microsoft.Synapse/workspaces/clitest000003?api-version=2021-06-01
  response:
    body:
      string: '{"properties":{"defaultDataLakeStorage":{"createManagedPrivateEndpoint":false,"accountUrl":"https://adlsgen2000002.dfs.core.windows.net","filesystem":"testfilesystem"},"encryption":{"doubleEncryptionEnabled":false},"provisioningState":"Succeeded","connectivityEndpoints":{"web":"https://web.azuresynapse.net?workspace=%2fsubscriptions%2f051ddeca-1ed6-4d8b-ba6f-1ff561e5f3b3%2fresourceGroups%2fsynapse-cli000001%2fproviders%2fMicrosoft.Synapse%2fworkspaces%2fclitest000003","dev":"https://clitest000003.dev.azuresynapse.net","sqlOnDemand":"clitest000003-ondemand.sql.azuresynapse.net","sql":"clitest000003.sql.azuresynapse.net"},"managedResourceGroupName":"synapseworkspace-managedrg-545141a7-f162-4551-adf9-1dd1ee2a1e23","sqlAdministratorLogin":"cliuser1","privateEndpointConnections":[],"workspaceUID":"9c70df9b-09a7-4e74-b8a7-4a93dda97351","extraProperties":{"WorkspaceType":"Normal","IsScopeEnabled":false},"publicNetworkAccess":"Enabled","cspWorkspaceAdminProperties":{"initialWorkspaceAdminObjectId":"6a33200f-2b27-4fda-8567-b0c70d532441"},"trustedServiceBypassEnabled":false},"type":"Microsoft.Synapse/workspaces","id":"/subscriptions/00000000-0000-0000-0000-000000000000/resourceGroups/synapse-cli000001/providers/Microsoft.Synapse/workspaces/clitest000003","location":"eastus","name":"clitest000003","identity":{"type":"SystemAssigned","tenantId":"72f988bf-86f1-41af-91ab-2d7cd011db47","principalId":"171c49e4-463e-436d-aa0f-ffb308e48909"}}'
    headers:
      cache-control:
      - no-cache
      content-length:
      - '1448'
      content-type:
      - application/json; charset=utf-8
      date:
      - Tue, 17 May 2022 13:58:54 GMT
      expires:
      - '-1'
      pragma:
      - no-cache
      server:
      - Microsoft-HTTPAPI/2.0
      strict-transport-security:
      - max-age=31536000; includeSubDomains
      transfer-encoding:
      - chunked
      vary:
      - Accept-Encoding
      x-content-type-options:
      - nosniff
    status:
      code: 200
      message: OK
- request:
    body: '{"properties": {"endIpAddress": "255.255.255.255", "startIpAddress": "0.0.0.0"}}'
    headers:
      Accept:
      - application/json
      Accept-Encoding:
      - gzip, deflate
      CommandName:
      - synapse workspace firewall-rule create
      Connection:
      - keep-alive
      Content-Length:
      - '80'
      Content-Type:
      - application/json
      ParameterSetName:
      - --resource-group --name --workspace-name --start-ip-address --end-ip-address
      User-Agent:
      - AZURECLI/2.36.0 azsdk-python-mgmt-synapse/2.1.0b2 Python/3.8.9 (Windows-10-10.0.19041-SP0)
    method: PUT
    uri: https://management.azure.com/subscriptions/00000000-0000-0000-0000-000000000000/resourceGroups/synapse-cli000001/providers/Microsoft.Synapse/workspaces/clitest000003/firewallRules/allowAll?api-version=2021-06-01
  response:
    body:
      string: '{"properties":{"provisioningState":"Provisioning","startIpAddress":"0.0.0.0","endIpAddress":"255.255.255.255"},"id":"/subscriptions/00000000-0000-0000-0000-000000000000/resourceGroups/synapse-cli000001/providers/Microsoft.Synapse/workspaces/clitest000003/firewallRules/allowAll","name":"allowAll","type":"Microsoft.Synapse/workspaces/firewallRules"}'
    headers:
      access-control-allow-headers:
      - Location
      access-control-expose-headers:
      - Location
      azure-asyncoperation:
      - https://management.azure.com/subscriptions/00000000-0000-0000-0000-000000000000/resourceGroups/synapse-cli000001/providers/Microsoft.Synapse/workspaces/clitest000003/operationStatuses/59aed204-d183-4e33-96d7-3d49a84d0fd5?api-version=2021-06-01
      cache-control:
      - no-cache
      content-length:
      - '349'
      content-type:
      - application/json; charset=utf-8
      date:
      - Tue, 17 May 2022 13:58:58 GMT
      expires:
      - '-1'
      location:
      - https://management.azure.com/subscriptions/00000000-0000-0000-0000-000000000000/resourceGroups/synapse-cli000001/providers/Microsoft.Synapse/workspaces/clitest000003/operationResults/59aed204-d183-4e33-96d7-3d49a84d0fd5?api-version=2021-06-01
      pragma:
      - no-cache
      server:
      - Microsoft-HTTPAPI/2.0
      strict-transport-security:
      - max-age=31536000; includeSubDomains
      x-content-type-options:
      - nosniff
      x-ms-ratelimit-remaining-subscription-writes:
      - '1199'
    status:
      code: 201
      message: Created
- request:
    body: null
    headers:
      Accept:
      - '*/*'
      Accept-Encoding:
      - gzip, deflate
      CommandName:
      - synapse workspace firewall-rule create
      Connection:
      - keep-alive
      ParameterSetName:
      - --resource-group --name --workspace-name --start-ip-address --end-ip-address
      User-Agent:
      - AZURECLI/2.36.0 azsdk-python-mgmt-synapse/2.1.0b2 Python/3.8.9 (Windows-10-10.0.19041-SP0)
    method: GET
    uri: https://management.azure.com/subscriptions/00000000-0000-0000-0000-000000000000/resourceGroups/synapse-cli000001/providers/Microsoft.Synapse/workspaces/clitest000003/operationStatuses/59aed204-d183-4e33-96d7-3d49a84d0fd5?api-version=2021-06-01
  response:
    body:
      string: '{"status":"Succeeded"}'
    headers:
      cache-control:
      - no-cache
      content-length:
      - '22'
      content-type:
      - application/json; charset=utf-8
      date:
      - Tue, 17 May 2022 13:59:29 GMT
      expires:
      - '-1'
      pragma:
      - no-cache
      server:
      - Microsoft-HTTPAPI/2.0
      strict-transport-security:
      - max-age=31536000; includeSubDomains
      transfer-encoding:
      - chunked
      vary:
      - Accept-Encoding
      x-content-type-options:
      - nosniff
    status:
      code: 200
      message: OK
- request:
    body: null
    headers:
      Accept:
      - '*/*'
      Accept-Encoding:
      - gzip, deflate
      CommandName:
      - synapse workspace firewall-rule create
      Connection:
      - keep-alive
      ParameterSetName:
      - --resource-group --name --workspace-name --start-ip-address --end-ip-address
      User-Agent:
      - AZURECLI/2.36.0 azsdk-python-mgmt-synapse/2.1.0b2 Python/3.8.9 (Windows-10-10.0.19041-SP0)
    method: GET
    uri: https://management.azure.com/subscriptions/00000000-0000-0000-0000-000000000000/resourceGroups/synapse-cli000001/providers/Microsoft.Synapse/workspaces/clitest000003/operationResults/59aed204-d183-4e33-96d7-3d49a84d0fd5?api-version=2021-06-01
  response:
    body:
      string: '{"properties":{"provisioningState":"Succeeded","startIpAddress":"0.0.0.0","endIpAddress":"255.255.255.255"},"id":"/subscriptions/00000000-0000-0000-0000-000000000000/resourceGroups/synapse-cli000001/providers/Microsoft.Synapse/workspaces/clitest000003/firewallRules/allowAll","name":"allowAll","type":"Microsoft.Synapse/workspaces/firewallRules"}'
    headers:
      cache-control:
      - no-cache
      content-length:
      - '346'
      content-type:
      - application/json; charset=utf-8
      date:
      - Tue, 17 May 2022 13:59:30 GMT
      expires:
      - '-1'
      pragma:
      - no-cache
      server:
      - Microsoft-HTTPAPI/2.0
      strict-transport-security:
      - max-age=31536000; includeSubDomains
      transfer-encoding:
      - chunked
      vary:
      - Accept-Encoding
      x-content-type-options:
      - nosniff
    status:
      code: 200
      message: OK
- request:
    body: null
    headers:
      Accept:
      - application/json
      Accept-Encoding:
      - gzip, deflate
      CommandName:
      - synapse spark pool create
      Connection:
      - keep-alive
      ParameterSetName:
      - --name --spark-version --workspace --resource-group --node-count --node-size
      User-Agent:
      - AZURECLI/2.36.0 azsdk-python-mgmt-synapse/2.1.0b2 Python/3.8.9 (Windows-10-10.0.19041-SP0)
    method: GET
    uri: https://management.azure.com/subscriptions/00000000-0000-0000-0000-000000000000/resourceGroups/synapse-cli000001/providers/Microsoft.Synapse/workspaces/clitest000003?api-version=2021-06-01
  response:
    body:
      string: '{"properties":{"defaultDataLakeStorage":{"createManagedPrivateEndpoint":false,"accountUrl":"https://adlsgen2000002.dfs.core.windows.net","filesystem":"testfilesystem"},"encryption":{"doubleEncryptionEnabled":false},"provisioningState":"Succeeded","connectivityEndpoints":{"web":"https://web.azuresynapse.net?workspace=%2fsubscriptions%2f051ddeca-1ed6-4d8b-ba6f-1ff561e5f3b3%2fresourceGroups%2fsynapse-cli000001%2fproviders%2fMicrosoft.Synapse%2fworkspaces%2fclitest000003","dev":"https://clitest000003.dev.azuresynapse.net","sqlOnDemand":"clitest000003-ondemand.sql.azuresynapse.net","sql":"clitest000003.sql.azuresynapse.net"},"managedResourceGroupName":"synapseworkspace-managedrg-545141a7-f162-4551-adf9-1dd1ee2a1e23","sqlAdministratorLogin":"cliuser1","privateEndpointConnections":[],"workspaceUID":"9c70df9b-09a7-4e74-b8a7-4a93dda97351","extraProperties":{"WorkspaceType":"Normal","IsScopeEnabled":false},"publicNetworkAccess":"Enabled","cspWorkspaceAdminProperties":{"initialWorkspaceAdminObjectId":"6a33200f-2b27-4fda-8567-b0c70d532441"},"trustedServiceBypassEnabled":false},"type":"Microsoft.Synapse/workspaces","id":"/subscriptions/00000000-0000-0000-0000-000000000000/resourceGroups/synapse-cli000001/providers/Microsoft.Synapse/workspaces/clitest000003","location":"eastus","name":"clitest000003","identity":{"type":"SystemAssigned","tenantId":"72f988bf-86f1-41af-91ab-2d7cd011db47","principalId":"171c49e4-463e-436d-aa0f-ffb308e48909"}}'
    headers:
      cache-control:
      - no-cache
      content-length:
      - '1448'
      content-type:
      - application/json; charset=utf-8
      date:
      - Tue, 17 May 2022 13:59:33 GMT
      expires:
      - '-1'
      pragma:
      - no-cache
      server:
      - Microsoft-HTTPAPI/2.0
      strict-transport-security:
      - max-age=31536000; includeSubDomains
      transfer-encoding:
      - chunked
      vary:
      - Accept-Encoding
      x-content-type-options:
      - nosniff
    status:
      code: 200
      message: OK
- request:
    body: '{"location": "eastus", "properties": {"autoScale": {}, "autoPause": {},
      "sparkEventsFolder": "/events", "nodeCount": 3, "sparkVersion": "2.4", "nodeSize":
      "Medium", "nodeSizeFamily": "MemoryOptimized"}}'
    headers:
      Accept:
      - application/json
      Accept-Encoding:
      - gzip, deflate
      CommandName:
      - synapse spark pool create
      Connection:
      - keep-alive
      Content-Length:
      - '202'
      Content-Type:
      - application/json
      ParameterSetName:
      - --name --spark-version --workspace --resource-group --node-count --node-size
      User-Agent:
      - AZURECLI/2.36.0 azsdk-python-mgmt-synapse/2.1.0b2 Python/3.8.9 (Windows-10-10.0.19041-SP0)
    method: PUT
    uri: https://management.azure.com/subscriptions/00000000-0000-0000-0000-000000000000/resourceGroups/synapse-cli000001/providers/Microsoft.Synapse/workspaces/clitest000003/bigDataPools/testpool?api-version=2021-06-01-preview&force=false
  response:
    body:
      string: '{"properties":{"creationDate":"2022-05-17T13:59:40.7633333Z","sparkVersion":"2.4","nodeCount":3,"nodeSize":"Medium","nodeSizeFamily":"MemoryOptimized","autoScale":{"enabled":false,"minNodeCount":0,"maxNodeCount":0},"autoPause":{"enabled":false,"delayInMinutes":0},"isComputeIsolationEnabled":false,"sessionLevelPackagesEnabled":false,"cacheSize":0,"dynamicExecutorAllocation":{"enabled":false},"isAutotuneEnabled":false,"provisioningState":"Provisioning"},"id":"/subscriptions/00000000-0000-0000-0000-000000000000/resourceGroups/synapse-cli000001/providers/Microsoft.Synapse/workspaces/clitest000003/bigDataPools/testpool","name":"testpool","type":"Microsoft.Synapse/workspaces/bigDataPools","location":"eastus"}'
    headers:
      access-control-allow-headers:
      - Location
      access-control-expose-headers:
      - Location
      azure-asyncoperation:
      - https://management.azure.com/subscriptions/00000000-0000-0000-0000-000000000000/resourceGroups/synapse-cli000001/providers/Microsoft.Synapse/workspaces/clitest000003/operationStatuses/88c0fa42-820f-4e32-841a-601610b4024b?api-version=2021-06-01-preview
      cache-control:
      - no-cache
      content-length:
      - '712'
      content-type:
      - application/json; charset=utf-8
      date:
      - Tue, 17 May 2022 13:59:40 GMT
      expires:
      - '-1'
      location:
      - https://management.azure.com/subscriptions/00000000-0000-0000-0000-000000000000/resourceGroups/synapse-cli000001/providers/Microsoft.Synapse/workspaces/clitest000003/operationResults/88c0fa42-820f-4e32-841a-601610b4024b?api-version=2021-06-01-preview
      pragma:
      - no-cache
      server:
      - Microsoft-HTTPAPI/2.0
      strict-transport-security:
      - max-age=31536000; includeSubDomains
      x-content-type-options:
      - nosniff
      x-ms-ratelimit-remaining-subscription-writes:
      - '1199'
    status:
      code: 202
      message: Accepted
- request:
    body: null
    headers:
      Accept:
      - '*/*'
      Accept-Encoding:
      - gzip, deflate
      CommandName:
      - synapse spark pool create
      Connection:
      - keep-alive
      ParameterSetName:
      - --name --spark-version --workspace --resource-group --node-count --node-size
      User-Agent:
      - AZURECLI/2.36.0 azsdk-python-mgmt-synapse/2.1.0b2 Python/3.8.9 (Windows-10-10.0.19041-SP0)
    method: GET
    uri: https://management.azure.com/subscriptions/00000000-0000-0000-0000-000000000000/resourceGroups/synapse-cli000001/providers/Microsoft.Synapse/workspaces/clitest000003/operationStatuses/88c0fa42-820f-4e32-841a-601610b4024b?api-version=2021-06-01-preview
  response:
    body:
      string: '{"status":"InProgress"}'
    headers:
      cache-control:
      - no-cache
      content-length:
      - '23'
      content-type:
      - application/json; charset=utf-8
      date:
      - Tue, 17 May 2022 14:00:11 GMT
      expires:
      - '-1'
      pragma:
      - no-cache
      server:
      - Microsoft-HTTPAPI/2.0
      strict-transport-security:
      - max-age=31536000; includeSubDomains
      transfer-encoding:
      - chunked
      vary:
      - Accept-Encoding
      x-content-type-options:
      - nosniff
    status:
      code: 200
      message: OK
- request:
    body: null
    headers:
      Accept:
      - '*/*'
      Accept-Encoding:
      - gzip, deflate
      CommandName:
      - synapse spark pool create
      Connection:
      - keep-alive
      ParameterSetName:
      - --name --spark-version --workspace --resource-group --node-count --node-size
      User-Agent:
      - AZURECLI/2.36.0 azsdk-python-mgmt-synapse/2.1.0b2 Python/3.8.9 (Windows-10-10.0.19041-SP0)
    method: GET
    uri: https://management.azure.com/subscriptions/00000000-0000-0000-0000-000000000000/resourceGroups/synapse-cli000001/providers/Microsoft.Synapse/workspaces/clitest000003/operationStatuses/88c0fa42-820f-4e32-841a-601610b4024b?api-version=2021-06-01-preview
  response:
    body:
      string: '{"status":"Succeeded"}'
    headers:
      cache-control:
      - no-cache
      content-length:
      - '22'
      content-type:
      - application/json; charset=utf-8
      date:
      - Tue, 17 May 2022 14:00:41 GMT
      expires:
      - '-1'
      pragma:
      - no-cache
      server:
      - Microsoft-HTTPAPI/2.0
      strict-transport-security:
      - max-age=31536000; includeSubDomains
      transfer-encoding:
      - chunked
      vary:
      - Accept-Encoding
      x-content-type-options:
      - nosniff
    status:
      code: 200
      message: OK
- request:
    body: null
    headers:
      Accept:
      - '*/*'
      Accept-Encoding:
      - gzip, deflate
      CommandName:
      - synapse spark pool create
      Connection:
      - keep-alive
      ParameterSetName:
      - --name --spark-version --workspace --resource-group --node-count --node-size
      User-Agent:
      - AZURECLI/2.36.0 azsdk-python-mgmt-synapse/2.1.0b2 Python/3.8.9 (Windows-10-10.0.19041-SP0)
    method: GET
    uri: https://management.azure.com/subscriptions/00000000-0000-0000-0000-000000000000/resourceGroups/synapse-cli000001/providers/Microsoft.Synapse/workspaces/clitest000003/bigDataPools/testpool?api-version=2021-06-01-preview&force=false
  response:
    body:
      string: '{"properties":{"creationDate":"2022-05-17T13:59:40.7633333Z","sparkVersion":"2.4","nodeCount":3,"nodeSize":"Medium","nodeSizeFamily":"MemoryOptimized","autoScale":{"enabled":false,"minNodeCount":0,"maxNodeCount":0},"autoPause":{"enabled":false,"delayInMinutes":0},"isComputeIsolationEnabled":false,"sessionLevelPackagesEnabled":false,"cacheSize":0,"dynamicExecutorAllocation":{"enabled":false},"lastSucceededTimestamp":"2022-05-17T14:00:40.44Z","isAutotuneEnabled":false,"provisioningState":"Succeeded"},"id":"/subscriptions/00000000-0000-0000-0000-000000000000/resourceGroups/synapse-cli000001/providers/Microsoft.Synapse/workspaces/clitest000003/bigDataPools/testpool","name":"testpool","type":"Microsoft.Synapse/workspaces/bigDataPools","location":"eastus"}'
    headers:
      cache-control:
      - no-cache
      content-length:
      - '760'
      content-type:
      - application/json; charset=utf-8
      date:
      - Tue, 17 May 2022 14:00:42 GMT
      expires:
      - '-1'
      pragma:
      - no-cache
      server:
      - Microsoft-HTTPAPI/2.0
      strict-transport-security:
      - max-age=31536000; includeSubDomains
      transfer-encoding:
      - chunked
      vary:
      - Accept-Encoding
      x-content-type-options:
      - nosniff
    status:
      code: 200
      message: OK
- request:
    body: null
    headers:
      Accept:
      - application/json
      Accept-Encoding:
      - gzip, deflate
      Connection:
      - keep-alive
      User-Agent:
      - azsdk-python-synapse-artifacts/0.13.0 Python/3.8.9 (Windows-10-10.0.19041-SP0)
    method: GET
    uri: https://clitest000003.dev.azuresynapse.net/bigDataPools/testpool?api-version=2020-12-01
  response:
    body:
      string: '{"properties":{"creationDate":"2022-05-17T13:59:40.7633333Z","sparkVersion":"2.4","nodeCount":3,"nodeSize":"Medium","nodeSizeFamily":"MemoryOptimized","autoScale":{"enabled":false,"minNodeCount":0,"maxNodeCount":0},"autoPause":{"enabled":false,"delayInMinutes":0},"isComputeIsolationEnabled":false,"sessionLevelPackagesEnabled":false,"cacheSize":0,"dynamicExecutorAllocation":{"enabled":false},"lastSucceededTimestamp":"2022-05-17T14:00:40.44Z","isAutotuneEnabled":false,"provisioningState":"Succeeded"},"id":"/subscriptions/00000000-0000-0000-0000-000000000000/resourceGroups/synapse-cli000001/providers/Microsoft.Synapse/workspaces/clitest000003/bigDataPools/testpool","name":"testpool","type":"Microsoft.Synapse/workspaces/bigDataPools","location":"eastus"}'
    headers:
      content-length:
      - '760'
      content-type:
      - application/json; charset=utf-8
      date:
      - Tue, 17 May 2022 14:00:45 GMT
      server:
      - Microsoft-HTTPAPI/2.0
      strict-transport-security:
      - max-age=31536000; includeSubDomains
    status:
      code: 200
      message: OK
- request:
    body: '{"name": "notebook", "properties": {"bigDataPool": {"type": "BigDataPoolReference",
      "referenceName": "testpool"}, "sessionProperties": {"driverMemory": "28g", "driverCores":
      4, "executorMemory": "28g", "executorCores": 4, "numExecutors": 2}, "metadata":
      {"language_info": {"name": "python"}}, "nbformat": 4, "nbformat_minor": 2, "cells":
      [{"cell_type": "code", "metadata": {}, "source": ["print(\"hello from portal\")"],
      "outputs": []}], "folder": {"name": "testfolder/testsubfolder"}}}'
    headers:
      Accept:
      - application/json
      Accept-Encoding:
      - gzip, deflate
      Connection:
      - keep-alive
      Content-Length:
      - '486'
      Content-Type:
      - application/json
      User-Agent:
      - azsdk-python-synapse-artifacts/0.13.0 Python/3.8.9 (Windows-10-10.0.19041-SP0)
    method: PUT
    uri: https://clitest000003.dev.azuresynapse.net/notebooks/notebook?api-version=2020-12-01
  response:
    body:
      string: '{"id":"/subscriptions/00000000-0000-0000-0000-000000000000/resourceGroups/synapse-cli000001/providers/Microsoft.Synapse/workspaces/clitest000003/notebooks/notebook","recordId":4132543,"state":"Creating","created":"2022-05-17T14:00:47.1133333Z","changed":"2022-05-17T14:00:47.1133333Z","type":"Notebook","name":"notebook","operationId":"3efad449-2510-45d1-994c-4f20923fe552","artifactId":"7dee36e0-55fd-4cb6-8753-6812c06c56f9"}'
    headers:
      access-control-allow-headers:
      - Location
      - Retry-After
      access-control-expose-headers:
      - Location
      - Retry-After
      content-length:
      - '426'
      content-type:
      - application/json; charset=utf-8
      date:
      - Tue, 17 May 2022 14:00:46 GMT
      location:
      - https://clitest000003.dev.azuresynapse.net/notebookOperationResults/3efad449-2510-45d1-994c-4f20923fe552?api-version=2020-12-01
      server:
      - Microsoft-HTTPAPI/2.0
      strict-transport-security:
      - max-age=31536000; includeSubDomains
    status:
      code: 202
      message: Accepted
- request:
    body: null
    headers:
      Accept:
      - '*/*'
      Accept-Encoding:
      - gzip, deflate
      Connection:
      - keep-alive
      User-Agent:
      - azsdk-python-synapse-artifacts/0.13.0 Python/3.8.9 (Windows-10-10.0.19041-SP0)
    method: GET
    uri: https://clitest000003.dev.azuresynapse.net/notebookOperationResults/3efad449-2510-45d1-994c-4f20923fe552?api-version=2020-12-01
  response:
    body:
      string: '{"id":"/subscriptions/00000000-0000-0000-0000-000000000000/resourceGroups/synapse-cli000001/providers/Microsoft.Synapse/workspaces/clitest000003/notebooks/notebook","name":"notebook","type":"Microsoft.Synapse/workspaces/notebooks","properties":{"nbformat":4,"nbformat_minor":2,"entityState":null,"renameOperationDetails":null,"bigDataPool":{"referenceName":"testpool","type":"BigDataPoolReference"},"targetSparkConfiguration":null,"sessionProperties":{"driverMemory":"28g","driverCores":4,"executorMemory":"28g","executorCores":4,"numExecutors":2,"conf":null,"runAsWorkspaceSystemIdentity":false},"metadata":{"language_info":{"name":"python"},"a365ComputeOptions":null,"sessionKeepAliveTimeout":0},"cells":[{"cell_type":"code","metadata":{},"source":["print(\"hello
        from portal\")"],"attachments":null,"outputs":[],"execution_count":null}],"folder":{"name":"testfolder/testsubfolder"},"description":null},"etag":"d2016dcd-0000-0100-0000-6283aa8f0000"}'
    headers:
      content-type:
      - application/json; charset=utf-8
      date:
      - Tue, 17 May 2022 14:00:57 GMT
      request-context:
      - appId=
      server:
      - Kestrel Microsoft-HTTPAPI/2.0
      strict-transport-security:
      - max-age=2592000
      transfer-encoding:
      - chunked
    status:
      code: 200
      message: OK
- request:
    body: null
    headers:
      Accept:
      - application/json
      Accept-Encoding:
      - gzip, deflate
      Connection:
      - keep-alive
      User-Agent:
      - azsdk-python-synapse-artifacts/0.13.0 Python/3.8.9 (Windows-10-10.0.19041-SP0)
    method: GET
    uri: https://clitest000003.dev.azuresynapse.net/notebooks/notebook?api-version=2020-12-01
  response:
    body:
      string: '{"id":"/subscriptions/00000000-0000-0000-0000-000000000000/resourceGroups/synapse-cli000001/providers/Microsoft.Synapse/workspaces/clitest000003/notebooks/notebook","name":"notebook","type":"Microsoft.Synapse/workspaces/notebooks","properties":{"nbformat":4,"nbformat_minor":2,"entityState":null,"renameOperationDetails":null,"bigDataPool":{"referenceName":"testpool","type":"BigDataPoolReference"},"targetSparkConfiguration":null,"sessionProperties":{"driverMemory":"28g","driverCores":4,"executorMemory":"28g","executorCores":4,"numExecutors":2,"conf":null,"runAsWorkspaceSystemIdentity":false},"metadata":{"language_info":{"name":"python"},"a365ComputeOptions":null,"sessionKeepAliveTimeout":0},"cells":[{"cell_type":"code","metadata":{},"source":["print(\"hello
        from portal\")"],"attachments":null,"outputs":[],"execution_count":null}],"folder":{"name":"testfolder/testsubfolder"},"description":null},"etag":"d2016dcd-0000-0100-0000-6283aa8f0000"}'
    headers:
      content-type:
      - application/json; charset=utf-8
      date:
      - Tue, 17 May 2022 14:00:58 GMT
      request-context:
      - appId=
      server:
      - Kestrel Microsoft-HTTPAPI/2.0
      strict-transport-security:
      - max-age=2592000
      transfer-encoding:
      - chunked
    status:
      code: 200
      message: OK
- request:
    body: null
    headers:
      Accept:
      - application/json
      Accept-Encoding:
      - gzip, deflate
      Connection:
      - keep-alive
      User-Agent:
      - azsdk-python-synapse-artifacts/0.13.0 Python/3.8.9 (Windows-10-10.0.19041-SP0)
    method: GET
    uri: https://clitest000003.dev.azuresynapse.net/notebooks?api-version=2020-12-01
  response:
    body:
      string: '{"value":[{"id":"/subscriptions/00000000-0000-0000-0000-000000000000/resourceGroups/synapse-cli000001/providers/Microsoft.Synapse/workspaces/clitest000003/notebooks/notebook","name":"notebook","type":"Microsoft.Synapse/workspaces/notebooks","etag":"d2016dcd-0000-0100-0000-6283aa8f0000","properties":{"nbformat":4,"nbformat_minor":2,"entityState":null,"renameOperationDetails":null,"bigDataPool":{"referenceName":"testpool","type":"BigDataPoolReference"},"targetSparkConfiguration":null,"sessionProperties":{"driverMemory":"28g","driverCores":4,"executorMemory":"28g","executorCores":4,"numExecutors":2,"conf":null,"runAsWorkspaceSystemIdentity":false},"metadata":{"language_info":{"name":"python"},"a365ComputeOptions":null,"sessionKeepAliveTimeout":0},"cells":[{"cell_type":"code","metadata":{},"source":["print(\"hello
        from portal\")"],"attachments":null,"outputs":[],"execution_count":null}],"folder":{"name":"testfolder/testsubfolder"},"description":null}}]}'
    headers:
      content-length:
      - '963'
      content-type:
      - application/json; charset=utf-8
      date:
      - Tue, 17 May 2022 14:01:00 GMT
      server:
      - Microsoft-HTTPAPI/2.0
      strict-transport-security:
      - max-age=31536000; includeSubDomains
    status:
      code: 200
      message: OK
- request:
    body: null
    headers:
      Accept:
      - application/json
      Accept-Encoding:
      - gzip, deflate
      Connection:
      - keep-alive
      User-Agent:
      - azsdk-python-synapse-artifacts/0.13.0 Python/3.8.9 (Windows-10-10.0.19041-SP0)
    method: GET
    uri: https://clitest000003.dev.azuresynapse.net/notebooks/notebook?api-version=2020-12-01
  response:
    body:
      string: '{"id":"/subscriptions/00000000-0000-0000-0000-000000000000/resourceGroups/synapse-cli000001/providers/Microsoft.Synapse/workspaces/clitest000003/notebooks/notebook","name":"notebook","type":"Microsoft.Synapse/workspaces/notebooks","properties":{"nbformat":4,"nbformat_minor":2,"entityState":null,"renameOperationDetails":null,"bigDataPool":{"referenceName":"testpool","type":"BigDataPoolReference"},"targetSparkConfiguration":null,"sessionProperties":{"driverMemory":"28g","driverCores":4,"executorMemory":"28g","executorCores":4,"numExecutors":2,"conf":null,"runAsWorkspaceSystemIdentity":false},"metadata":{"language_info":{"name":"python"},"a365ComputeOptions":null,"sessionKeepAliveTimeout":0},"cells":[{"cell_type":"code","metadata":{},"source":["print(\"hello
        from portal\")"],"attachments":null,"outputs":[],"execution_count":null}],"folder":{"name":"testfolder/testsubfolder"},"description":null},"etag":"d2016dcd-0000-0100-0000-6283aa8f0000"}'
    headers:
      content-type:
      - application/json; charset=utf-8
      date:
      - Tue, 17 May 2022 14:01:01 GMT
      request-context:
      - appId=
      server:
      - Kestrel Microsoft-HTTPAPI/2.0
      strict-transport-security:
      - max-age=2592000
      transfer-encoding:
      - chunked
    status:
      code: 200
      message: OK
- request:
    body: null
    headers:
      Accept:
      - application/json
      Accept-Encoding:
      - gzip, deflate
      Connection:
      - keep-alive
      Content-Length:
      - '0'
      User-Agent:
      - azsdk-python-synapse-artifacts/0.13.0 Python/3.8.9 (Windows-10-10.0.19041-SP0)
    method: DELETE
    uri: https://clitest000003.dev.azuresynapse.net/notebooks/notebook?api-version=2020-12-01
  response:
    body:
      string: '{"id":"/subscriptions/00000000-0000-0000-0000-000000000000/resourceGroups/synapse-cli000001/providers/Microsoft.Synapse/workspaces/clitest000003/notebooks/notebook","recordId":0,"state":"Deleting","created":"0001-01-01T00:00:00","changed":"0001-01-01T00:00:00","type":"Notebook","name":"notebook","operationId":"2a3bd7ff-ceed-4d0a-b0ae-9db59f0baf8c"}'
    headers:
      access-control-allow-headers:
      - Location
      access-control-expose-headers:
      - Location
      content-length:
      - '350'
      content-type:
      - application/json; charset=utf-8
      date:
      - Tue, 17 May 2022 14:01:02 GMT
      location:
      - https://clitest000003.dev.azuresynapse.net/notebookOperationResults/2a3bd7ff-ceed-4d0a-b0ae-9db59f0baf8c?api-version=2020-12-01
      server:
      - Microsoft-HTTPAPI/2.0
      strict-transport-security:
      - max-age=31536000; includeSubDomains
    status:
      code: 202
      message: Accepted
- request:
    body: null
    headers:
      Accept:
      - '*/*'
      Accept-Encoding:
      - gzip, deflate
      Connection:
      - keep-alive
      User-Agent:
      - azsdk-python-synapse-artifacts/0.13.0 Python/3.8.9 (Windows-10-10.0.19041-SP0)
    method: GET
    uri: https://clitest000003.dev.azuresynapse.net/notebookOperationResults/2a3bd7ff-ceed-4d0a-b0ae-9db59f0baf8c?api-version=2020-12-01
  response:
    body:
      string: ''
    headers:
      content-length:
      - '0'
      date:
      - Tue, 17 May 2022 14:01:33 GMT
      server:
      - Microsoft-HTTPAPI/2.0
      strict-transport-security:
      - max-age=31536000; includeSubDomains
    status:
      code: 200
      message: OK
- request:
    body: null
    headers:
      Accept:
      - application/json
      Accept-Encoding:
      - gzip, deflate
      Connection:
      - keep-alive
      User-Agent:
      - azsdk-python-synapse-artifacts/0.13.0 Python/3.8.9 (Windows-10-10.0.19041-SP0)
    method: GET
    uri: https://clitest000003.dev.azuresynapse.net/notebooks/notebook?api-version=2020-12-01
  response:
    body:
      string: '{"code":404,"message":"GetNotebook failed [statusCode from ADF: NotFound,
        ErrorMessage: {\"code\":\"NotFound\",\"message\":\"The document could not
        be retrieved because it does not exist.\",\"target\":\"/subscriptions/00000000-0000-0000-0000-000000000000/resourceGroups/synapse-cli000001/providers/Microsoft.Synapse/workspaces/clitest000003/notebooks/notebook\",\"details\":null,\"error\":null},
        workspace: clitest000003, notebook: notebook]","result":null,"target":null,"details":null,"error":"Failed
        Component = DataFactoryResourceProvider, ErrorCode = 404, Error = NotFound
        "}'
    headers:
      content-type:
      - application/json; charset=utf-8
      date:
      - Tue, 17 May 2022 14:01:34 GMT
      request-context:
      - appId=
      server:
      - Kestrel Microsoft-HTTPAPI/2.0
      strict-transport-security:
      - max-age=2592000
      transfer-encoding:
      - chunked
    status:
      code: 404
      message: Not Found
version: 1
