interactions:
- request:
    body: '{"location": "eastus", "identity": {"type": "SystemAssigned"}, "properties":
      {"defaultDataLakeStorage": {"accountUrl": "https://adlsgen2000002.dfs.core.windows.net",
      "filesystem": "testfilesystem"}, "sqlAdministratorLoginPassword": "Pswd1000008",
      "sqlAdministratorLogin": "cliuser1"}}'
    headers:
      Accept:
      - application/json
      Accept-Encoding:
      - gzip, deflate
      CommandName:
      - synapse workspace create
      Connection:
      - keep-alive
      Content-Length:
      - '291'
      Content-Type:
      - application/json
      ParameterSetName:
      - --name --resource-group --storage-account --file-system --sql-admin-login-user
        --sql-admin-login-password --location
      User-Agent:
      - AZURECLI/2.30.0 azsdk-python-mgmt-synapse/2.1.0b2 Python/3.8.10 (Windows-10-10.0.19044-SP0)
    method: PUT
    uri: https://management.azure.com/subscriptions/00000000-0000-0000-0000-000000000000/resourceGroups/synapse-cli000001/providers/Microsoft.Synapse/workspaces/clitest000007?api-version=2021-06-01
  response:
    body:
      string: '{"properties":{"defaultDataLakeStorage":{"accountUrl":"https://adlsgen2000002.dfs.core.windows.net","filesystem":"testfilesystem"},"encryption":{"doubleEncryptionEnabled":false},"provisioningState":"Provisioning","connectivityEndpoints":{"web":"https://web.azuresynapse.net?workspace=%2fsubscriptions%2f051ddeca-1ed6-4d8b-ba6f-1ff561e5f3b3%2fresourceGroups%2fsynapse-cli000001%2fproviders%2fMicrosoft.Synapse%2fworkspaces%2fclitest000007","dev":"https://clitest000007.dev.azuresynapse.net","sqlOnDemand":"clitest000007-ondemand.sql.azuresynapse.net","sql":"clitest000007.sql.azuresynapse.net"},"managedResourceGroupName":"synapseworkspace-managedrg-277f6423-0bb1-4993-a77d-dd5685ccd122","privateEndpointConnections":[],"workspaceUID":"e98bc382-66f8-4294-b7e7-642965f6bde7","extraProperties":{"WorkspaceType":"Normal"},"publicNetworkAccess":"Enabled","cspWorkspaceAdminProperties":{"initialWorkspaceAdminObjectId":"52379807-94ed-417a-9a37-b7751e3fb688"},"trustedServiceBypassEnabled":false},"type":"Microsoft.Synapse/workspaces","id":"/subscriptions/00000000-0000-0000-0000-000000000000/resourceGroups/synapse-cli000001/providers/Microsoft.Synapse/workspaces/clitest000007","location":"eastus","name":"clitest000007","identity":{"type":"SystemAssigned","tenantId":"72f988bf-86f1-41af-91ab-2d7cd011db47","principalId":"e3c52caa-2e3e-4db8-a025-162e13ada577"}}'
    headers:
      azure-asyncoperation:
      - https://management.azure.com/subscriptions/00000000-0000-0000-0000-000000000000/resourceGroups/synapse-cli000001/providers/Microsoft.Synapse/workspaces/clitest000007/operationStatuses/706633e5-3625-4b08-ba1c-47ed4f02d60d?api-version=2021-06-01
      cache-control:
      - no-cache
      content-length:
      - '1374'
      content-type:
      - application/json; charset=utf-8
      date:
      - Mon, 22 Nov 2021 08:15:10 GMT
      expires:
      - '-1'
      pragma:
      - no-cache
      server:
      - Microsoft-HTTPAPI/2.0
      strict-transport-security:
      - max-age=31536000; includeSubDomains
      x-content-type-options:
      - nosniff
      x-ms-ratelimit-remaining-subscription-writes:
      - '1199'
    status:
      code: 201
      message: Created
- request:
    body: null
    headers:
      Accept:
      - '*/*'
      Accept-Encoding:
      - gzip, deflate
      CommandName:
      - synapse workspace create
      Connection:
      - keep-alive
      ParameterSetName:
      - --name --resource-group --storage-account --file-system --sql-admin-login-user
        --sql-admin-login-password --location
      User-Agent:
      - AZURECLI/2.30.0 azsdk-python-mgmt-synapse/2.1.0b2 Python/3.8.10 (Windows-10-10.0.19044-SP0)
    method: GET
    uri: https://management.azure.com/subscriptions/00000000-0000-0000-0000-000000000000/resourceGroups/synapse-cli000001/providers/Microsoft.Synapse/workspaces/clitest000007/operationStatuses/706633e5-3625-4b08-ba1c-47ed4f02d60d?api-version=2021-06-01
  response:
    body:
      string: '{"status":"InProgress"}'
    headers:
      cache-control:
      - no-cache
      content-length:
      - '23'
      content-type:
      - application/json; charset=utf-8
      date:
      - Mon, 22 Nov 2021 08:15:40 GMT
      expires:
      - '-1'
      pragma:
      - no-cache
      server:
      - Microsoft-HTTPAPI/2.0
      strict-transport-security:
      - max-age=31536000; includeSubDomains
      transfer-encoding:
      - chunked
      vary:
      - Accept-Encoding
      x-content-type-options:
      - nosniff
    status:
      code: 200
      message: OK
- request:
    body: null
    headers:
      Accept:
      - '*/*'
      Accept-Encoding:
      - gzip, deflate
      CommandName:
      - synapse workspace create
      Connection:
      - keep-alive
      ParameterSetName:
      - --name --resource-group --storage-account --file-system --sql-admin-login-user
        --sql-admin-login-password --location
      User-Agent:
      - AZURECLI/2.30.0 azsdk-python-mgmt-synapse/2.1.0b2 Python/3.8.10 (Windows-10-10.0.19044-SP0)
    method: GET
    uri: https://management.azure.com/subscriptions/00000000-0000-0000-0000-000000000000/resourceGroups/synapse-cli000001/providers/Microsoft.Synapse/workspaces/clitest000007/operationStatuses/706633e5-3625-4b08-ba1c-47ed4f02d60d?api-version=2021-06-01
  response:
    body:
      string: '{"status":"InProgress"}'
    headers:
      cache-control:
      - no-cache
      content-length:
      - '23'
      content-type:
      - application/json; charset=utf-8
      date:
      - Mon, 22 Nov 2021 08:16:11 GMT
      expires:
      - '-1'
      pragma:
      - no-cache
      server:
      - Microsoft-HTTPAPI/2.0
      strict-transport-security:
      - max-age=31536000; includeSubDomains
      transfer-encoding:
      - chunked
      vary:
      - Accept-Encoding
      x-content-type-options:
      - nosniff
    status:
      code: 200
      message: OK
- request:
    body: null
    headers:
      Accept:
      - '*/*'
      Accept-Encoding:
      - gzip, deflate
      CommandName:
      - synapse workspace create
      Connection:
      - keep-alive
      ParameterSetName:
      - --name --resource-group --storage-account --file-system --sql-admin-login-user
        --sql-admin-login-password --location
      User-Agent:
      - AZURECLI/2.30.0 azsdk-python-mgmt-synapse/2.1.0b2 Python/3.8.10 (Windows-10-10.0.19044-SP0)
    method: GET
    uri: https://management.azure.com/subscriptions/00000000-0000-0000-0000-000000000000/resourceGroups/synapse-cli000001/providers/Microsoft.Synapse/workspaces/clitest000007/operationStatuses/706633e5-3625-4b08-ba1c-47ed4f02d60d?api-version=2021-06-01
  response:
    body:
      string: '{"status":"InProgress"}'
    headers:
      cache-control:
      - no-cache
      content-length:
      - '23'
      content-type:
      - application/json; charset=utf-8
      date:
      - Mon, 22 Nov 2021 08:16:41 GMT
      expires:
      - '-1'
      pragma:
      - no-cache
      server:
      - Microsoft-HTTPAPI/2.0
      strict-transport-security:
      - max-age=31536000; includeSubDomains
      transfer-encoding:
      - chunked
      vary:
      - Accept-Encoding
      x-content-type-options:
      - nosniff
    status:
      code: 200
      message: OK
- request:
    body: null
    headers:
      Accept:
      - '*/*'
      Accept-Encoding:
      - gzip, deflate
      CommandName:
      - synapse workspace create
      Connection:
      - keep-alive
      ParameterSetName:
      - --name --resource-group --storage-account --file-system --sql-admin-login-user
        --sql-admin-login-password --location
      User-Agent:
      - AZURECLI/2.30.0 azsdk-python-mgmt-synapse/2.1.0b2 Python/3.8.10 (Windows-10-10.0.19044-SP0)
    method: GET
    uri: https://management.azure.com/subscriptions/00000000-0000-0000-0000-000000000000/resourceGroups/synapse-cli000001/providers/Microsoft.Synapse/workspaces/clitest000007/operationStatuses/706633e5-3625-4b08-ba1c-47ed4f02d60d?api-version=2021-06-01
  response:
    body:
      string: '{"status":"InProgress"}'
    headers:
      cache-control:
      - no-cache
      content-length:
      - '23'
      content-type:
      - application/json; charset=utf-8
      date:
      - Mon, 22 Nov 2021 08:17:11 GMT
      expires:
      - '-1'
      pragma:
      - no-cache
      server:
      - Microsoft-HTTPAPI/2.0
      strict-transport-security:
      - max-age=31536000; includeSubDomains
      transfer-encoding:
      - chunked
      vary:
      - Accept-Encoding
      x-content-type-options:
      - nosniff
    status:
      code: 200
      message: OK
- request:
    body: null
    headers:
      Accept:
      - '*/*'
      Accept-Encoding:
      - gzip, deflate
      CommandName:
      - synapse workspace create
      Connection:
      - keep-alive
      ParameterSetName:
      - --name --resource-group --storage-account --file-system --sql-admin-login-user
        --sql-admin-login-password --location
      User-Agent:
      - AZURECLI/2.30.0 azsdk-python-mgmt-synapse/2.1.0b2 Python/3.8.10 (Windows-10-10.0.19044-SP0)
    method: GET
    uri: https://management.azure.com/subscriptions/00000000-0000-0000-0000-000000000000/resourceGroups/synapse-cli000001/providers/Microsoft.Synapse/workspaces/clitest000007/operationStatuses/706633e5-3625-4b08-ba1c-47ed4f02d60d?api-version=2021-06-01
  response:
    body:
      string: '{"status":"InProgress"}'
    headers:
      cache-control:
      - no-cache
      content-length:
      - '23'
      content-type:
      - application/json; charset=utf-8
      date:
      - Mon, 22 Nov 2021 08:17:41 GMT
      expires:
      - '-1'
      pragma:
      - no-cache
      server:
      - Microsoft-HTTPAPI/2.0
      strict-transport-security:
      - max-age=31536000; includeSubDomains
      transfer-encoding:
      - chunked
      vary:
      - Accept-Encoding
      x-content-type-options:
      - nosniff
    status:
      code: 200
      message: OK
- request:
    body: null
    headers:
      Accept:
      - '*/*'
      Accept-Encoding:
      - gzip, deflate
      CommandName:
      - synapse workspace create
      Connection:
      - keep-alive
      ParameterSetName:
      - --name --resource-group --storage-account --file-system --sql-admin-login-user
        --sql-admin-login-password --location
      User-Agent:
      - AZURECLI/2.30.0 azsdk-python-mgmt-synapse/2.1.0b2 Python/3.8.10 (Windows-10-10.0.19044-SP0)
    method: GET
    uri: https://management.azure.com/subscriptions/00000000-0000-0000-0000-000000000000/resourceGroups/synapse-cli000001/providers/Microsoft.Synapse/workspaces/clitest000007/operationStatuses/706633e5-3625-4b08-ba1c-47ed4f02d60d?api-version=2021-06-01
  response:
    body:
      string: '{"status":"InProgress"}'
    headers:
      cache-control:
      - no-cache
      content-length:
      - '23'
      content-type:
      - application/json; charset=utf-8
      date:
      - Mon, 22 Nov 2021 08:18:11 GMT
      expires:
      - '-1'
      pragma:
      - no-cache
      server:
      - Microsoft-HTTPAPI/2.0
      strict-transport-security:
      - max-age=31536000; includeSubDomains
      transfer-encoding:
      - chunked
      vary:
      - Accept-Encoding
      x-content-type-options:
      - nosniff
    status:
      code: 200
      message: OK
- request:
    body: null
    headers:
      Accept:
      - '*/*'
      Accept-Encoding:
      - gzip, deflate
      CommandName:
      - synapse workspace create
      Connection:
      - keep-alive
      ParameterSetName:
      - --name --resource-group --storage-account --file-system --sql-admin-login-user
        --sql-admin-login-password --location
      User-Agent:
      - AZURECLI/2.30.0 azsdk-python-mgmt-synapse/2.1.0b2 Python/3.8.10 (Windows-10-10.0.19044-SP0)
    method: GET
    uri: https://management.azure.com/subscriptions/00000000-0000-0000-0000-000000000000/resourceGroups/synapse-cli000001/providers/Microsoft.Synapse/workspaces/clitest000007/operationStatuses/706633e5-3625-4b08-ba1c-47ed4f02d60d?api-version=2021-06-01
  response:
    body:
      string: '{"status":"Succeeded"}'
    headers:
      cache-control:
      - no-cache
      content-length:
      - '22'
      content-type:
      - application/json; charset=utf-8
      date:
      - Mon, 22 Nov 2021 08:18:42 GMT
      expires:
      - '-1'
      pragma:
      - no-cache
      server:
      - Microsoft-HTTPAPI/2.0
      strict-transport-security:
      - max-age=31536000; includeSubDomains
      transfer-encoding:
      - chunked
      vary:
      - Accept-Encoding
      x-content-type-options:
      - nosniff
    status:
      code: 200
      message: OK
- request:
    body: null
    headers:
      Accept:
      - '*/*'
      Accept-Encoding:
      - gzip, deflate
      CommandName:
      - synapse workspace create
      Connection:
      - keep-alive
      ParameterSetName:
      - --name --resource-group --storage-account --file-system --sql-admin-login-user
        --sql-admin-login-password --location
      User-Agent:
      - AZURECLI/2.30.0 azsdk-python-mgmt-synapse/2.1.0b2 Python/3.8.10 (Windows-10-10.0.19044-SP0)
    method: GET
    uri: https://management.azure.com/subscriptions/00000000-0000-0000-0000-000000000000/resourceGroups/synapse-cli000001/providers/Microsoft.Synapse/workspaces/clitest000007?api-version=2021-06-01
  response:
    body:
      string: '{"properties":{"defaultDataLakeStorage":{"accountUrl":"https://adlsgen2000002.dfs.core.windows.net","filesystem":"testfilesystem"},"encryption":{"doubleEncryptionEnabled":false},"provisioningState":"Succeeded","connectivityEndpoints":{"web":"https://web.azuresynapse.net?workspace=%2fsubscriptions%2f051ddeca-1ed6-4d8b-ba6f-1ff561e5f3b3%2fresourceGroups%2fsynapse-cli000001%2fproviders%2fMicrosoft.Synapse%2fworkspaces%2fclitest000007","dev":"https://clitest000007.dev.azuresynapse.net","sqlOnDemand":"clitest000007-ondemand.sql.azuresynapse.net","sql":"clitest000007.sql.azuresynapse.net"},"managedResourceGroupName":"synapseworkspace-managedrg-277f6423-0bb1-4993-a77d-dd5685ccd122","sqlAdministratorLogin":"cliuser1","privateEndpointConnections":[],"workspaceUID":"e98bc382-66f8-4294-b7e7-642965f6bde7","extraProperties":{"WorkspaceType":"Normal","IsScopeEnabled":false},"publicNetworkAccess":"Enabled","cspWorkspaceAdminProperties":{"initialWorkspaceAdminObjectId":"52379807-94ed-417a-9a37-b7751e3fb688"},"trustedServiceBypassEnabled":false},"type":"Microsoft.Synapse/workspaces","id":"/subscriptions/00000000-0000-0000-0000-000000000000/resourceGroups/synapse-cli000001/providers/Microsoft.Synapse/workspaces/clitest000007","location":"eastus","name":"clitest000007","identity":{"type":"SystemAssigned","tenantId":"72f988bf-86f1-41af-91ab-2d7cd011db47","principalId":"e3c52caa-2e3e-4db8-a025-162e13ada577"}}'
    headers:
      cache-control:
      - no-cache
      content-length:
      - '1429'
      content-type:
      - application/json; charset=utf-8
      date:
      - Mon, 22 Nov 2021 08:18:43 GMT
      expires:
      - '-1'
      pragma:
      - no-cache
      server:
      - Microsoft-HTTPAPI/2.0
      strict-transport-security:
      - max-age=31536000; includeSubDomains
      transfer-encoding:
      - chunked
      vary:
      - Accept-Encoding
      x-content-type-options:
      - nosniff
    status:
      code: 200
      message: OK
- request:
    body: '{"properties": {"endIpAddress": "255.255.255.255", "startIpAddress": "0.0.0.0"}}'
    headers:
      Accept:
      - application/json
      Accept-Encoding:
      - gzip, deflate
      CommandName:
      - synapse workspace firewall-rule create
      Connection:
      - keep-alive
      Content-Length:
      - '80'
      Content-Type:
      - application/json
      ParameterSetName:
      - --resource-group --name --workspace-name --start-ip-address --end-ip-address
      User-Agent:
      - AZURECLI/2.30.0 azsdk-python-mgmt-synapse/2.1.0b2 Python/3.8.10 (Windows-10-10.0.19044-SP0)
    method: PUT
    uri: https://management.azure.com/subscriptions/00000000-0000-0000-0000-000000000000/resourceGroups/synapse-cli000001/providers/Microsoft.Synapse/workspaces/clitest000007/firewallRules/allowAll?api-version=2021-06-01
  response:
    body:
      string: '{"properties":{"provisioningState":"Provisioning","startIpAddress":"0.0.0.0","endIpAddress":"255.255.255.255"},"id":"/subscriptions/00000000-0000-0000-0000-000000000000/resourceGroups/synapse-cli000001/providers/Microsoft.Synapse/workspaces/clitest000007/firewallRules/allowAll","name":"allowAll","type":"Microsoft.Synapse/workspaces/firewallRules"}'
    headers:
      access-control-allow-headers:
      - Location
      access-control-expose-headers:
      - Location
      azure-asyncoperation:
      - https://management.azure.com/subscriptions/00000000-0000-0000-0000-000000000000/resourceGroups/synapse-cli000001/providers/Microsoft.Synapse/workspaces/clitest000007/operationStatuses/b8400fbb-9856-4249-acc4-e627edfc8997?api-version=2021-06-01
      cache-control:
      - no-cache
      content-length:
      - '351'
      content-type:
      - application/json; charset=utf-8
      date:
      - Mon, 22 Nov 2021 08:18:44 GMT
      expires:
      - '-1'
      location:
      - https://management.azure.com/subscriptions/00000000-0000-0000-0000-000000000000/resourceGroups/synapse-cli000001/providers/Microsoft.Synapse/workspaces/clitest000007/operationResults/b8400fbb-9856-4249-acc4-e627edfc8997?api-version=2021-06-01
      pragma:
      - no-cache
      server:
      - Microsoft-HTTPAPI/2.0
      strict-transport-security:
      - max-age=31536000; includeSubDomains
      x-content-type-options:
      - nosniff
      x-ms-ratelimit-remaining-subscription-writes:
      - '1197'
    status:
      code: 201
      message: Created
- request:
    body: null
    headers:
      Accept:
      - '*/*'
      Accept-Encoding:
      - gzip, deflate
      CommandName:
      - synapse workspace firewall-rule create
      Connection:
      - keep-alive
      ParameterSetName:
      - --resource-group --name --workspace-name --start-ip-address --end-ip-address
      User-Agent:
      - AZURECLI/2.30.0 azsdk-python-mgmt-synapse/2.1.0b2 Python/3.8.10 (Windows-10-10.0.19044-SP0)
    method: GET
    uri: https://management.azure.com/subscriptions/00000000-0000-0000-0000-000000000000/resourceGroups/synapse-cli000001/providers/Microsoft.Synapse/workspaces/clitest000007/operationStatuses/b8400fbb-9856-4249-acc4-e627edfc8997?api-version=2021-06-01
  response:
    body:
      string: '{"status":"Succeeded"}'
    headers:
      cache-control:
      - no-cache
      content-length:
      - '22'
      content-type:
      - application/json; charset=utf-8
      date:
      - Mon, 22 Nov 2021 08:19:16 GMT
      expires:
      - '-1'
      pragma:
      - no-cache
      server:
      - Microsoft-HTTPAPI/2.0
      strict-transport-security:
      - max-age=31536000; includeSubDomains
      transfer-encoding:
      - chunked
      vary:
      - Accept-Encoding
      x-content-type-options:
      - nosniff
    status:
      code: 200
      message: OK
- request:
    body: null
    headers:
      Accept:
      - '*/*'
      Accept-Encoding:
      - gzip, deflate
      CommandName:
      - synapse workspace firewall-rule create
      Connection:
      - keep-alive
      ParameterSetName:
      - --resource-group --name --workspace-name --start-ip-address --end-ip-address
      User-Agent:
      - AZURECLI/2.30.0 azsdk-python-mgmt-synapse/2.1.0b2 Python/3.8.10 (Windows-10-10.0.19044-SP0)
    method: GET
    uri: https://management.azure.com/subscriptions/00000000-0000-0000-0000-000000000000/resourceGroups/synapse-cli000001/providers/Microsoft.Synapse/workspaces/clitest000007/firewallRules/allowAll?api-version=2021-06-01
  response:
    body:
      string: '{"properties":{"provisioningState":"Succeeded","startIpAddress":"0.0.0.0","endIpAddress":"255.255.255.255"},"id":"/subscriptions/00000000-0000-0000-0000-000000000000/resourceGroups/synapse-cli000001/providers/Microsoft.Synapse/workspaces/clitest000007/firewallRules/allowAll","name":"allowAll","type":"Microsoft.Synapse/workspaces/firewallRules"}'
    headers:
      cache-control:
      - no-cache
      content-length:
      - '348'
      content-type:
      - application/json; charset=utf-8
      date:
      - Mon, 22 Nov 2021 08:19:16 GMT
      expires:
      - '-1'
      pragma:
      - no-cache
      server:
      - Microsoft-HTTPAPI/2.0
      strict-transport-security:
      - max-age=31536000; includeSubDomains
      transfer-encoding:
      - chunked
      vary:
      - Accept-Encoding
      x-content-type-options:
      - nosniff
    status:
      code: 200
      message: OK
- request:
    body: '{"name": "clitest000007", "type": "Microsoft.Synapse/workspaces"}'
    headers:
      Accept:
      - application/json
      Accept-Encoding:
      - gzip, deflate
      CommandName:
      - synapse workspace check-name
      Connection:
      - keep-alive
      Content-Length:
      - '68'
      Content-Type:
      - application/json
      ParameterSetName:
      - --name
      User-Agent:
      - AZURECLI/2.30.0 azsdk-python-mgmt-synapse/2.1.0b2 Python/3.8.10 (Windows-10-10.0.19044-SP0)
    method: POST
    uri: https://management.azure.com/subscriptions/00000000-0000-0000-0000-000000000000/providers/Microsoft.Synapse/checkNameAvailability?api-version=2021-06-01
  response:
    body:
      string: '{"available":false,"message":"Workspace name clitest000007 is not available","reason":"AlreadyExists","name":"clitest000007"}'
    headers:
      cache-control:
      - no-cache
      content-length:
      - '131'
      content-type:
      - application/json; charset=utf-8
      date:
      - Mon, 22 Nov 2021 08:20:01 GMT
      expires:
      - '-1'
      pragma:
      - no-cache
      server:
      - Microsoft-HTTPAPI/2.0
      strict-transport-security:
      - max-age=31536000; includeSubDomains
      transfer-encoding:
      - chunked
      vary:
      - Accept-Encoding
      x-content-type-options:
      - nosniff
      x-ms-ratelimit-remaining-subscription-writes:
      - '1199'
    status:
      code: 200
      message: OK
- request:
    body: null
    headers:
      Accept:
      - application/json
      Accept-Encoding:
      - gzip, deflate
      CommandName:
      - synapse kusto pool create
      Connection:
      - keep-alive
      ParameterSetName:
      - --name --location --enable-purge --enable-streaming-ingest --sku --resource-group
        --workspace-name
      User-Agent:
      - AZURECLI/2.30.0 azsdk-python-mgmt-synapse/2.1.0b2 Python/3.8.10 (Windows-10-10.0.19044-SP0)
    method: GET
    uri: https://management.azure.com/subscriptions/00000000-0000-0000-0000-000000000000/resourceGroups/synapse-cli000001/providers/Microsoft.Synapse/workspaces/clitest000007?api-version=2021-06-01
  response:
    body:
      string: '{"properties":{"defaultDataLakeStorage":{"accountUrl":"https://adlsgen2000002.dfs.core.windows.net","filesystem":"testfilesystem"},"encryption":{"doubleEncryptionEnabled":false},"provisioningState":"Succeeded","connectivityEndpoints":{"web":"https://web.azuresynapse.net?workspace=%2fsubscriptions%2f051ddeca-1ed6-4d8b-ba6f-1ff561e5f3b3%2fresourceGroups%2fsynapse-cli000001%2fproviders%2fMicrosoft.Synapse%2fworkspaces%2fclitest000007","dev":"https://clitest000007.dev.azuresynapse.net","sqlOnDemand":"clitest000007-ondemand.sql.azuresynapse.net","sql":"clitest000007.sql.azuresynapse.net"},"managedResourceGroupName":"synapseworkspace-managedrg-277f6423-0bb1-4993-a77d-dd5685ccd122","sqlAdministratorLogin":"cliuser1","privateEndpointConnections":[],"workspaceUID":"e98bc382-66f8-4294-b7e7-642965f6bde7","extraProperties":{"WorkspaceType":"Normal","IsScopeEnabled":false},"publicNetworkAccess":"Enabled","cspWorkspaceAdminProperties":{"initialWorkspaceAdminObjectId":"52379807-94ed-417a-9a37-b7751e3fb688"},"trustedServiceBypassEnabled":false},"type":"Microsoft.Synapse/workspaces","id":"/subscriptions/00000000-0000-0000-0000-000000000000/resourceGroups/synapse-cli000001/providers/Microsoft.Synapse/workspaces/clitest000007","location":"eastus","name":"clitest000007","identity":{"type":"SystemAssigned","tenantId":"72f988bf-86f1-41af-91ab-2d7cd011db47","principalId":"e3c52caa-2e3e-4db8-a025-162e13ada577"}}'
    headers:
      cache-control:
      - no-cache
      content-length:
      - '1429'
      content-type:
      - application/json; charset=utf-8
      date:
      - Mon, 22 Nov 2021 08:20:03 GMT
      expires:
      - '-1'
      pragma:
      - no-cache
      server:
      - Microsoft-HTTPAPI/2.0
      strict-transport-security:
      - max-age=31536000; includeSubDomains
      transfer-encoding:
      - chunked
      vary:
      - Accept-Encoding
      x-content-type-options:
      - nosniff
    status:
      code: 200
      message: OK
- request:
    body: '{"location": "eastus", "sku": {"name": "Storage optimized", "capacity":
      2, "size": "Medium"}, "properties": {"enableStreamingIngest": true, "enablePurge":
      true, "workspaceUID": "e98bc382-66f8-4294-b7e7-642965f6bde7"}}'
    headers:
      Accept:
      - application/json
      Accept-Encoding:
      - gzip, deflate
      CommandName:
      - synapse kusto pool create
      Connection:
      - keep-alive
      Content-Length:
      - '217'
      Content-Type:
      - application/json
      ParameterSetName:
      - --name --location --enable-purge --enable-streaming-ingest --sku --resource-group
        --workspace-name
      User-Agent:
      - AZURECLI/2.30.0 azsdk-python-mgmt-synapse/2.1.0b2 Python/3.8.10 (Windows-10-10.0.19044-SP0)
    method: PUT
    uri: https://management.azure.com/subscriptions/00000000-0000-0000-0000-000000000000/resourceGroups/synapse-cli000001/providers/Microsoft.Synapse/workspaces/clitest000007/kustoPools/testkstpool000003?api-version=2021-06-01-preview
  response:
    body:
      string: '{"id":"/subscriptions/00000000-0000-0000-0000-000000000000/resourceGroups/synapse-cli000001/providers/Microsoft.Synapse/workspaces/clitest000007/kustoPools/testkstpool000003","name":"clitest000007/testkstpool000003","type":"Microsoft.Synapse/workspaces/kustoPools","etag":"\"\"","location":"eastus","sku":{"name":"Storage
        optimized","size":"Medium","capacity":2},"properties":{"state":"Creating","enableStreamingIngest":true,"enablePurge":true,"workspaceUID":"e98bc382-66f8-4294-b7e7-642965f6bde7","provisioningState":"Creating"}}'
    headers:
      azure-asyncoperation:
      - https://management.azure.com/subscriptions/00000000-0000-0000-0000-000000000000/providers/Microsoft.Synapse/locations/eastus/kustoPoolOperationResults/e924a3ec-4466-4e1d-982d-791a8d16dd55?api-version=2021-06-01-preview
      cache-control:
      - no-cache
      content-length:
      - '531'
      content-type:
      - application/json; charset=utf-8
      date:
      - Mon, 22 Nov 2021 08:20:10 GMT
      etag:
      - '""'
      expires:
      - '-1'
      pragma:
      - no-cache
      server:
      - Microsoft-HTTPAPI/2.0
      strict-transport-security:
      - max-age=31536000; includeSubDomains
      x-content-type-options:
      - nosniff
      x-ms-ratelimit-remaining-subscription-writes:
      - '1199'
    status:
      code: 201
      message: Created
- request:
    body: null
    headers:
      Accept:
      - '*/*'
      Accept-Encoding:
      - gzip, deflate
      CommandName:
      - synapse kusto pool create
      Connection:
      - keep-alive
      ParameterSetName:
      - --name --location --enable-purge --enable-streaming-ingest --sku --resource-group
        --workspace-name
      User-Agent:
      - AZURECLI/2.30.0 azsdk-python-mgmt-synapse/2.1.0b2 Python/3.8.10 (Windows-10-10.0.19044-SP0)
    method: GET
    uri: https://management.azure.com/subscriptions/00000000-0000-0000-0000-000000000000/providers/Microsoft.Synapse/locations/eastus/kustoPoolOperationResults/e924a3ec-4466-4e1d-982d-791a8d16dd55?api-version=2021-06-01-preview
  response:
    body:
      string: '{"id":"/subscriptions/00000000-0000-0000-0000-000000000000/providers/Microsoft.Synapse/locations/eastus/kustoPoolOperationResults/e924a3ec-4466-4e1d-982d-791a8d16dd55","name":"e924a3ec-4466-4e1d-982d-791a8d16dd55","status":"Running","startTime":"2021-11-22T08:20:10.1629362Z","endTime":"2021-11-22T08:20:10.1629362Z","percentComplete":0.5,"properties":{"OperationKind":"ClusterCreateSynapse","RootActivityId":"d8462c45-0ce8-4047-9aa9-9ab8a86c7a04","provisioningState":"Running","OperationState":"InProgress"}}'
    headers:
      cache-control:
      - no-cache
      content-length:
      - '509'
      content-type:
      - application/json; charset=utf-8
      date:
      - Mon, 22 Nov 2021 08:20:41 GMT
      expires:
      - '-1'
      pragma:
      - no-cache
      server:
      - Microsoft-HTTPAPI/2.0
      strict-transport-security:
      - max-age=31536000; includeSubDomains
      transfer-encoding:
      - chunked
      vary:
      - Accept-Encoding
      x-content-type-options:
      - nosniff
    status:
      code: 200
      message: OK
- request:
    body: null
    headers:
      Accept:
      - '*/*'
      Accept-Encoding:
      - gzip, deflate
      CommandName:
      - synapse kusto pool create
      Connection:
      - keep-alive
      ParameterSetName:
      - --name --location --enable-purge --enable-streaming-ingest --sku --resource-group
        --workspace-name
      User-Agent:
      - AZURECLI/2.30.0 azsdk-python-mgmt-synapse/2.1.0b2 Python/3.8.10 (Windows-10-10.0.19044-SP0)
    method: GET
    uri: https://management.azure.com/subscriptions/00000000-0000-0000-0000-000000000000/providers/Microsoft.Synapse/locations/eastus/kustoPoolOperationResults/e924a3ec-4466-4e1d-982d-791a8d16dd55?api-version=2021-06-01-preview
  response:
    body:
      string: '{"id":"/subscriptions/00000000-0000-0000-0000-000000000000/providers/Microsoft.Synapse/locations/eastus/kustoPoolOperationResults/e924a3ec-4466-4e1d-982d-791a8d16dd55","name":"e924a3ec-4466-4e1d-982d-791a8d16dd55","status":"Running","startTime":"2021-11-22T08:20:10.1629362Z","endTime":"2021-11-22T08:20:10.1629362Z","percentComplete":0.5,"properties":{"OperationKind":"ClusterCreateSynapse","RootActivityId":"d8462c45-0ce8-4047-9aa9-9ab8a86c7a04","provisioningState":"Running","OperationState":"InProgress"}}'
    headers:
      cache-control:
      - no-cache
      content-length:
      - '509'
      content-type:
      - application/json; charset=utf-8
      date:
      - Mon, 22 Nov 2021 08:21:11 GMT
      expires:
      - '-1'
      pragma:
      - no-cache
      server:
      - Microsoft-HTTPAPI/2.0
      strict-transport-security:
      - max-age=31536000; includeSubDomains
      transfer-encoding:
      - chunked
      vary:
      - Accept-Encoding
      x-content-type-options:
      - nosniff
    status:
      code: 200
      message: OK
- request:
    body: null
    headers:
      Accept:
      - '*/*'
      Accept-Encoding:
      - gzip, deflate
      CommandName:
      - synapse kusto pool create
      Connection:
      - keep-alive
      ParameterSetName:
      - --name --location --enable-purge --enable-streaming-ingest --sku --resource-group
        --workspace-name
      User-Agent:
      - AZURECLI/2.30.0 azsdk-python-mgmt-synapse/2.1.0b2 Python/3.8.10 (Windows-10-10.0.19044-SP0)
    method: GET
    uri: https://management.azure.com/subscriptions/00000000-0000-0000-0000-000000000000/providers/Microsoft.Synapse/locations/eastus/kustoPoolOperationResults/e924a3ec-4466-4e1d-982d-791a8d16dd55?api-version=2021-06-01-preview
  response:
    body:
      string: '{"id":"/subscriptions/00000000-0000-0000-0000-000000000000/providers/Microsoft.Synapse/locations/eastus/kustoPoolOperationResults/e924a3ec-4466-4e1d-982d-791a8d16dd55","name":"e924a3ec-4466-4e1d-982d-791a8d16dd55","status":"Running","startTime":"2021-11-22T08:20:10.1629362Z","endTime":"2021-11-22T08:20:10.1629362Z","percentComplete":0.5,"properties":{"OperationKind":"ClusterCreateSynapse","RootActivityId":"d8462c45-0ce8-4047-9aa9-9ab8a86c7a04","provisioningState":"Running","OperationState":"InProgress"}}'
    headers:
      cache-control:
      - no-cache
      content-length:
      - '509'
      content-type:
      - application/json; charset=utf-8
      date:
      - Mon, 22 Nov 2021 08:21:41 GMT
      expires:
      - '-1'
      pragma:
      - no-cache
      server:
      - Microsoft-HTTPAPI/2.0
      strict-transport-security:
      - max-age=31536000; includeSubDomains
      transfer-encoding:
      - chunked
      vary:
      - Accept-Encoding
      x-content-type-options:
      - nosniff
    status:
      code: 200
      message: OK
- request:
    body: null
    headers:
      Accept:
      - '*/*'
      Accept-Encoding:
      - gzip, deflate
      CommandName:
      - synapse kusto pool create
      Connection:
      - keep-alive
      ParameterSetName:
      - --name --location --enable-purge --enable-streaming-ingest --sku --resource-group
        --workspace-name
      User-Agent:
      - AZURECLI/2.30.0 azsdk-python-mgmt-synapse/2.1.0b2 Python/3.8.10 (Windows-10-10.0.19044-SP0)
    method: GET
    uri: https://management.azure.com/subscriptions/00000000-0000-0000-0000-000000000000/providers/Microsoft.Synapse/locations/eastus/kustoPoolOperationResults/e924a3ec-4466-4e1d-982d-791a8d16dd55?api-version=2021-06-01-preview
  response:
    body:
      string: '{"id":"/subscriptions/00000000-0000-0000-0000-000000000000/providers/Microsoft.Synapse/locations/eastus/kustoPoolOperationResults/e924a3ec-4466-4e1d-982d-791a8d16dd55","name":"e924a3ec-4466-4e1d-982d-791a8d16dd55","status":"Running","startTime":"2021-11-22T08:20:10.1629362Z","endTime":"2021-11-22T08:21:52.8295011Z","percentComplete":0.5,"properties":{"OperationKind":"ClusterCreateSynapse","RootActivityId":"d8462c45-0ce8-4047-9aa9-9ab8a86c7a04","provisioningState":"Running","OperationState":"InProgress"}}'
    headers:
      cache-control:
      - no-cache
      content-length:
      - '509'
      content-type:
      - application/json; charset=utf-8
      date:
      - Mon, 22 Nov 2021 08:22:11 GMT
      expires:
      - '-1'
      pragma:
      - no-cache
      server:
      - Microsoft-HTTPAPI/2.0
      strict-transport-security:
      - max-age=31536000; includeSubDomains
      transfer-encoding:
      - chunked
      vary:
      - Accept-Encoding
      x-content-type-options:
      - nosniff
    status:
      code: 200
      message: OK
- request:
    body: null
    headers:
      Accept:
      - '*/*'
      Accept-Encoding:
      - gzip, deflate
      CommandName:
      - synapse kusto pool create
      Connection:
      - keep-alive
      ParameterSetName:
      - --name --location --enable-purge --enable-streaming-ingest --sku --resource-group
        --workspace-name
      User-Agent:
      - AZURECLI/2.30.0 azsdk-python-mgmt-synapse/2.1.0b2 Python/3.8.10 (Windows-10-10.0.19044-SP0)
    method: GET
    uri: https://management.azure.com/subscriptions/00000000-0000-0000-0000-000000000000/providers/Microsoft.Synapse/locations/eastus/kustoPoolOperationResults/e924a3ec-4466-4e1d-982d-791a8d16dd55?api-version=2021-06-01-preview
  response:
    body:
      string: '{"id":"/subscriptions/00000000-0000-0000-0000-000000000000/providers/Microsoft.Synapse/locations/eastus/kustoPoolOperationResults/e924a3ec-4466-4e1d-982d-791a8d16dd55","name":"e924a3ec-4466-4e1d-982d-791a8d16dd55","status":"Running","startTime":"2021-11-22T08:20:10.1629362Z","endTime":"2021-11-22T08:21:52.8295011Z","percentComplete":0.5,"properties":{"OperationKind":"ClusterCreateSynapse","RootActivityId":"d8462c45-0ce8-4047-9aa9-9ab8a86c7a04","provisioningState":"Running","OperationState":"InProgress"}}'
    headers:
      cache-control:
      - no-cache
      content-length:
      - '509'
      content-type:
      - application/json; charset=utf-8
      date:
      - Mon, 22 Nov 2021 08:22:41 GMT
      expires:
      - '-1'
      pragma:
      - no-cache
      server:
      - Microsoft-HTTPAPI/2.0
      strict-transport-security:
      - max-age=31536000; includeSubDomains
      transfer-encoding:
      - chunked
      vary:
      - Accept-Encoding
      x-content-type-options:
      - nosniff
    status:
      code: 200
      message: OK
- request:
    body: null
    headers:
      Accept:
      - '*/*'
      Accept-Encoding:
      - gzip, deflate
      CommandName:
      - synapse kusto pool create
      Connection:
      - keep-alive
      ParameterSetName:
      - --name --location --enable-purge --enable-streaming-ingest --sku --resource-group
        --workspace-name
      User-Agent:
      - AZURECLI/2.30.0 azsdk-python-mgmt-synapse/2.1.0b2 Python/3.8.10 (Windows-10-10.0.19044-SP0)
    method: GET
    uri: https://management.azure.com/subscriptions/00000000-0000-0000-0000-000000000000/providers/Microsoft.Synapse/locations/eastus/kustoPoolOperationResults/e924a3ec-4466-4e1d-982d-791a8d16dd55?api-version=2021-06-01-preview
  response:
    body:
      string: '{"id":"/subscriptions/00000000-0000-0000-0000-000000000000/providers/Microsoft.Synapse/locations/eastus/kustoPoolOperationResults/e924a3ec-4466-4e1d-982d-791a8d16dd55","name":"e924a3ec-4466-4e1d-982d-791a8d16dd55","status":"Running","startTime":"2021-11-22T08:20:10.1629362Z","endTime":"2021-11-22T08:21:52.8295011Z","percentComplete":0.5,"properties":{"OperationKind":"ClusterCreateSynapse","RootActivityId":"d8462c45-0ce8-4047-9aa9-9ab8a86c7a04","provisioningState":"Running","OperationState":"InProgress"}}'
    headers:
      cache-control:
      - no-cache
      content-length:
      - '509'
      content-type:
      - application/json; charset=utf-8
      date:
      - Mon, 22 Nov 2021 08:23:12 GMT
      expires:
      - '-1'
      pragma:
      - no-cache
      server:
      - Microsoft-HTTPAPI/2.0
      strict-transport-security:
      - max-age=31536000; includeSubDomains
      transfer-encoding:
      - chunked
      vary:
      - Accept-Encoding
      x-content-type-options:
      - nosniff
    status:
      code: 200
      message: OK
- request:
    body: null
    headers:
      Accept:
      - '*/*'
      Accept-Encoding:
      - gzip, deflate
      CommandName:
      - synapse kusto pool create
      Connection:
      - keep-alive
      ParameterSetName:
      - --name --location --enable-purge --enable-streaming-ingest --sku --resource-group
        --workspace-name
      User-Agent:
      - AZURECLI/2.30.0 azsdk-python-mgmt-synapse/2.1.0b2 Python/3.8.10 (Windows-10-10.0.19044-SP0)
    method: GET
    uri: https://management.azure.com/subscriptions/00000000-0000-0000-0000-000000000000/providers/Microsoft.Synapse/locations/eastus/kustoPoolOperationResults/e924a3ec-4466-4e1d-982d-791a8d16dd55?api-version=2021-06-01-preview
  response:
    body:
      string: '{"id":"/subscriptions/00000000-0000-0000-0000-000000000000/providers/Microsoft.Synapse/locations/eastus/kustoPoolOperationResults/e924a3ec-4466-4e1d-982d-791a8d16dd55","name":"e924a3ec-4466-4e1d-982d-791a8d16dd55","status":"Running","startTime":"2021-11-22T08:20:10.1629362Z","endTime":"2021-11-22T08:21:52.8295011Z","percentComplete":0.5,"properties":{"OperationKind":"ClusterCreateSynapse","RootActivityId":"d8462c45-0ce8-4047-9aa9-9ab8a86c7a04","provisioningState":"Running","OperationState":"InProgress"}}'
    headers:
      cache-control:
      - no-cache
      content-length:
      - '509'
      content-type:
      - application/json; charset=utf-8
      date:
      - Mon, 22 Nov 2021 08:23:42 GMT
      expires:
      - '-1'
      pragma:
      - no-cache
      server:
      - Microsoft-HTTPAPI/2.0
      strict-transport-security:
      - max-age=31536000; includeSubDomains
      transfer-encoding:
      - chunked
      vary:
      - Accept-Encoding
      x-content-type-options:
      - nosniff
    status:
      code: 200
      message: OK
- request:
    body: null
    headers:
      Accept:
      - '*/*'
      Accept-Encoding:
      - gzip, deflate
      CommandName:
      - synapse kusto pool create
      Connection:
      - keep-alive
      ParameterSetName:
      - --name --location --enable-purge --enable-streaming-ingest --sku --resource-group
        --workspace-name
      User-Agent:
      - AZURECLI/2.30.0 azsdk-python-mgmt-synapse/2.1.0b2 Python/3.8.10 (Windows-10-10.0.19044-SP0)
    method: GET
    uri: https://management.azure.com/subscriptions/00000000-0000-0000-0000-000000000000/providers/Microsoft.Synapse/locations/eastus/kustoPoolOperationResults/e924a3ec-4466-4e1d-982d-791a8d16dd55?api-version=2021-06-01-preview
  response:
    body:
      string: '{"id":"/subscriptions/00000000-0000-0000-0000-000000000000/providers/Microsoft.Synapse/locations/eastus/kustoPoolOperationResults/e924a3ec-4466-4e1d-982d-791a8d16dd55","name":"e924a3ec-4466-4e1d-982d-791a8d16dd55","status":"Running","startTime":"2021-11-22T08:20:10.1629362Z","endTime":"2021-11-22T08:21:52.8295011Z","percentComplete":0.5,"properties":{"OperationKind":"ClusterCreateSynapse","RootActivityId":"d8462c45-0ce8-4047-9aa9-9ab8a86c7a04","provisioningState":"Running","OperationState":"InProgress"}}'
    headers:
      cache-control:
      - no-cache
      content-length:
      - '509'
      content-type:
      - application/json; charset=utf-8
      date:
      - Mon, 22 Nov 2021 08:24:12 GMT
      expires:
      - '-1'
      pragma:
      - no-cache
      server:
      - Microsoft-HTTPAPI/2.0
      strict-transport-security:
      - max-age=31536000; includeSubDomains
      transfer-encoding:
      - chunked
      vary:
      - Accept-Encoding
      x-content-type-options:
      - nosniff
    status:
      code: 200
      message: OK
- request:
    body: null
    headers:
      Accept:
      - '*/*'
      Accept-Encoding:
      - gzip, deflate
      CommandName:
      - synapse kusto pool create
      Connection:
      - keep-alive
      ParameterSetName:
      - --name --location --enable-purge --enable-streaming-ingest --sku --resource-group
        --workspace-name
      User-Agent:
      - AZURECLI/2.30.0 azsdk-python-mgmt-synapse/2.1.0b2 Python/3.8.10 (Windows-10-10.0.19044-SP0)
    method: GET
    uri: https://management.azure.com/subscriptions/00000000-0000-0000-0000-000000000000/providers/Microsoft.Synapse/locations/eastus/kustoPoolOperationResults/e924a3ec-4466-4e1d-982d-791a8d16dd55?api-version=2021-06-01-preview
  response:
    body:
      string: '{"id":"/subscriptions/00000000-0000-0000-0000-000000000000/providers/Microsoft.Synapse/locations/eastus/kustoPoolOperationResults/e924a3ec-4466-4e1d-982d-791a8d16dd55","name":"e924a3ec-4466-4e1d-982d-791a8d16dd55","status":"Running","startTime":"2021-11-22T08:20:10.1629362Z","endTime":"2021-11-22T08:21:52.8295011Z","percentComplete":0.5,"properties":{"OperationKind":"ClusterCreateSynapse","RootActivityId":"d8462c45-0ce8-4047-9aa9-9ab8a86c7a04","provisioningState":"Running","OperationState":"InProgress"}}'
    headers:
      cache-control:
      - no-cache
      content-length:
      - '509'
      content-type:
      - application/json; charset=utf-8
      date:
      - Mon, 22 Nov 2021 08:24:42 GMT
      expires:
      - '-1'
      pragma:
      - no-cache
      server:
      - Microsoft-HTTPAPI/2.0
      strict-transport-security:
      - max-age=31536000; includeSubDomains
      transfer-encoding:
      - chunked
      vary:
      - Accept-Encoding
      x-content-type-options:
      - nosniff
    status:
      code: 200
      message: OK
- request:
    body: null
    headers:
      Accept:
      - '*/*'
      Accept-Encoding:
      - gzip, deflate
      CommandName:
      - synapse kusto pool create
      Connection:
      - keep-alive
      ParameterSetName:
      - --name --location --enable-purge --enable-streaming-ingest --sku --resource-group
        --workspace-name
      User-Agent:
      - AZURECLI/2.30.0 azsdk-python-mgmt-synapse/2.1.0b2 Python/3.8.10 (Windows-10-10.0.19044-SP0)
    method: GET
    uri: https://management.azure.com/subscriptions/00000000-0000-0000-0000-000000000000/providers/Microsoft.Synapse/locations/eastus/kustoPoolOperationResults/e924a3ec-4466-4e1d-982d-791a8d16dd55?api-version=2021-06-01-preview
  response:
    body:
      string: '{"id":"/subscriptions/00000000-0000-0000-0000-000000000000/providers/Microsoft.Synapse/locations/eastus/kustoPoolOperationResults/e924a3ec-4466-4e1d-982d-791a8d16dd55","name":"e924a3ec-4466-4e1d-982d-791a8d16dd55","status":"Running","startTime":"2021-11-22T08:20:10.1629362Z","endTime":"2021-11-22T08:21:52.8295011Z","percentComplete":0.5,"properties":{"OperationKind":"ClusterCreateSynapse","RootActivityId":"d8462c45-0ce8-4047-9aa9-9ab8a86c7a04","provisioningState":"Running","OperationState":"InProgress"}}'
    headers:
      cache-control:
      - no-cache
      content-length:
      - '509'
      content-type:
      - application/json; charset=utf-8
      date:
      - Mon, 22 Nov 2021 08:25:13 GMT
      expires:
      - '-1'
      pragma:
      - no-cache
      server:
      - Microsoft-HTTPAPI/2.0
      strict-transport-security:
      - max-age=31536000; includeSubDomains
      transfer-encoding:
      - chunked
      vary:
      - Accept-Encoding
      x-content-type-options:
      - nosniff
    status:
      code: 200
      message: OK
- request:
    body: null
    headers:
      Accept:
      - '*/*'
      Accept-Encoding:
      - gzip, deflate
      CommandName:
      - synapse kusto pool create
      Connection:
      - keep-alive
      ParameterSetName:
      - --name --location --enable-purge --enable-streaming-ingest --sku --resource-group
        --workspace-name
      User-Agent:
      - AZURECLI/2.30.0 azsdk-python-mgmt-synapse/2.1.0b2 Python/3.8.10 (Windows-10-10.0.19044-SP0)
    method: GET
    uri: https://management.azure.com/subscriptions/00000000-0000-0000-0000-000000000000/providers/Microsoft.Synapse/locations/eastus/kustoPoolOperationResults/e924a3ec-4466-4e1d-982d-791a8d16dd55?api-version=2021-06-01-preview
  response:
    body:
      string: '{"id":"/subscriptions/00000000-0000-0000-0000-000000000000/providers/Microsoft.Synapse/locations/eastus/kustoPoolOperationResults/e924a3ec-4466-4e1d-982d-791a8d16dd55","name":"e924a3ec-4466-4e1d-982d-791a8d16dd55","status":"Running","startTime":"2021-11-22T08:20:10.1629362Z","endTime":"2021-11-22T08:21:52.8295011Z","percentComplete":0.5,"properties":{"OperationKind":"ClusterCreateSynapse","RootActivityId":"d8462c45-0ce8-4047-9aa9-9ab8a86c7a04","provisioningState":"Running","OperationState":"InProgress"}}'
    headers:
      cache-control:
      - no-cache
      content-length:
      - '509'
      content-type:
      - application/json; charset=utf-8
      date:
      - Mon, 22 Nov 2021 08:25:44 GMT
      expires:
      - '-1'
      pragma:
      - no-cache
      server:
      - Microsoft-HTTPAPI/2.0
      strict-transport-security:
      - max-age=31536000; includeSubDomains
      transfer-encoding:
      - chunked
      vary:
      - Accept-Encoding
      x-content-type-options:
      - nosniff
    status:
      code: 200
      message: OK
- request:
    body: null
    headers:
      Accept:
      - '*/*'
      Accept-Encoding:
      - gzip, deflate
      CommandName:
      - synapse kusto pool create
      Connection:
      - keep-alive
      ParameterSetName:
      - --name --location --enable-purge --enable-streaming-ingest --sku --resource-group
        --workspace-name
      User-Agent:
      - AZURECLI/2.30.0 azsdk-python-mgmt-synapse/2.1.0b2 Python/3.8.10 (Windows-10-10.0.19044-SP0)
    method: GET
    uri: https://management.azure.com/subscriptions/00000000-0000-0000-0000-000000000000/providers/Microsoft.Synapse/locations/eastus/kustoPoolOperationResults/e924a3ec-4466-4e1d-982d-791a8d16dd55?api-version=2021-06-01-preview
  response:
    body:
      string: '{"id":"/subscriptions/00000000-0000-0000-0000-000000000000/providers/Microsoft.Synapse/locations/eastus/kustoPoolOperationResults/e924a3ec-4466-4e1d-982d-791a8d16dd55","name":"e924a3ec-4466-4e1d-982d-791a8d16dd55","status":"Running","startTime":"2021-11-22T08:20:10.1629362Z","endTime":"2021-11-22T08:21:52.8295011Z","percentComplete":0.5,"properties":{"OperationKind":"ClusterCreateSynapse","RootActivityId":"d8462c45-0ce8-4047-9aa9-9ab8a86c7a04","provisioningState":"Running","OperationState":"InProgress"}}'
    headers:
      cache-control:
      - no-cache
      content-length:
      - '509'
      content-type:
      - application/json; charset=utf-8
      date:
      - Mon, 22 Nov 2021 08:26:14 GMT
      expires:
      - '-1'
      pragma:
      - no-cache
      server:
      - Microsoft-HTTPAPI/2.0
      strict-transport-security:
      - max-age=31536000; includeSubDomains
      transfer-encoding:
      - chunked
      vary:
      - Accept-Encoding
      x-content-type-options:
      - nosniff
    status:
      code: 200
      message: OK
- request:
    body: null
    headers:
      Accept:
      - '*/*'
      Accept-Encoding:
      - gzip, deflate
      CommandName:
      - synapse kusto pool create
      Connection:
      - keep-alive
      ParameterSetName:
      - --name --location --enable-purge --enable-streaming-ingest --sku --resource-group
        --workspace-name
      User-Agent:
      - AZURECLI/2.30.0 azsdk-python-mgmt-synapse/2.1.0b2 Python/3.8.10 (Windows-10-10.0.19044-SP0)
    method: GET
    uri: https://management.azure.com/subscriptions/00000000-0000-0000-0000-000000000000/providers/Microsoft.Synapse/locations/eastus/kustoPoolOperationResults/e924a3ec-4466-4e1d-982d-791a8d16dd55?api-version=2021-06-01-preview
  response:
    body:
      string: '{"id":"/subscriptions/00000000-0000-0000-0000-000000000000/providers/Microsoft.Synapse/locations/eastus/kustoPoolOperationResults/e924a3ec-4466-4e1d-982d-791a8d16dd55","name":"e924a3ec-4466-4e1d-982d-791a8d16dd55","status":"Running","startTime":"2021-11-22T08:20:10.1629362Z","endTime":"2021-11-22T08:21:52.8295011Z","percentComplete":0.5,"properties":{"OperationKind":"ClusterCreateSynapse","RootActivityId":"d8462c45-0ce8-4047-9aa9-9ab8a86c7a04","provisioningState":"Running","OperationState":"InProgress"}}'
    headers:
      cache-control:
      - no-cache
      content-length:
      - '509'
      content-type:
      - application/json; charset=utf-8
      date:
      - Mon, 22 Nov 2021 08:26:44 GMT
      expires:
      - '-1'
      pragma:
      - no-cache
      server:
      - Microsoft-HTTPAPI/2.0
      strict-transport-security:
      - max-age=31536000; includeSubDomains
      transfer-encoding:
      - chunked
      vary:
      - Accept-Encoding
      x-content-type-options:
      - nosniff
    status:
      code: 200
      message: OK
- request:
    body: null
    headers:
      Accept:
      - '*/*'
      Accept-Encoding:
      - gzip, deflate
      CommandName:
      - synapse kusto pool create
      Connection:
      - keep-alive
      ParameterSetName:
      - --name --location --enable-purge --enable-streaming-ingest --sku --resource-group
        --workspace-name
      User-Agent:
      - AZURECLI/2.30.0 azsdk-python-mgmt-synapse/2.1.0b2 Python/3.8.10 (Windows-10-10.0.19044-SP0)
    method: GET
    uri: https://management.azure.com/subscriptions/00000000-0000-0000-0000-000000000000/providers/Microsoft.Synapse/locations/eastus/kustoPoolOperationResults/e924a3ec-4466-4e1d-982d-791a8d16dd55?api-version=2021-06-01-preview
  response:
    body:
      string: '{"id":"/subscriptions/00000000-0000-0000-0000-000000000000/providers/Microsoft.Synapse/locations/eastus/kustoPoolOperationResults/e924a3ec-4466-4e1d-982d-791a8d16dd55","name":"e924a3ec-4466-4e1d-982d-791a8d16dd55","status":"Running","startTime":"2021-11-22T08:20:10.1629362Z","endTime":"2021-11-22T08:21:52.8295011Z","percentComplete":0.5,"properties":{"OperationKind":"ClusterCreateSynapse","RootActivityId":"d8462c45-0ce8-4047-9aa9-9ab8a86c7a04","provisioningState":"Running","OperationState":"InProgress"}}'
    headers:
      cache-control:
      - no-cache
      content-length:
      - '509'
      content-type:
      - application/json; charset=utf-8
      date:
      - Mon, 22 Nov 2021 08:27:15 GMT
      expires:
      - '-1'
      pragma:
      - no-cache
      server:
      - Microsoft-HTTPAPI/2.0
      strict-transport-security:
      - max-age=31536000; includeSubDomains
      transfer-encoding:
      - chunked
      vary:
      - Accept-Encoding
      x-content-type-options:
      - nosniff
    status:
      code: 200
      message: OK
- request:
    body: null
    headers:
      Accept:
      - '*/*'
      Accept-Encoding:
      - gzip, deflate
      CommandName:
      - synapse kusto pool create
      Connection:
      - keep-alive
      ParameterSetName:
      - --name --location --enable-purge --enable-streaming-ingest --sku --resource-group
        --workspace-name
      User-Agent:
      - AZURECLI/2.30.0 azsdk-python-mgmt-synapse/2.1.0b2 Python/3.8.10 (Windows-10-10.0.19044-SP0)
    method: GET
    uri: https://management.azure.com/subscriptions/00000000-0000-0000-0000-000000000000/providers/Microsoft.Synapse/locations/eastus/kustoPoolOperationResults/e924a3ec-4466-4e1d-982d-791a8d16dd55?api-version=2021-06-01-preview
  response:
    body:
      string: '{"id":"/subscriptions/00000000-0000-0000-0000-000000000000/providers/Microsoft.Synapse/locations/eastus/kustoPoolOperationResults/e924a3ec-4466-4e1d-982d-791a8d16dd55","name":"e924a3ec-4466-4e1d-982d-791a8d16dd55","status":"Running","startTime":"2021-11-22T08:20:10.1629362Z","endTime":"2021-11-22T08:21:52.8295011Z","percentComplete":0.5,"properties":{"OperationKind":"ClusterCreateSynapse","RootActivityId":"d8462c45-0ce8-4047-9aa9-9ab8a86c7a04","provisioningState":"Running","OperationState":"InProgress"}}'
    headers:
      cache-control:
      - no-cache
      content-length:
      - '509'
      content-type:
      - application/json; charset=utf-8
      date:
      - Mon, 22 Nov 2021 08:27:45 GMT
      expires:
      - '-1'
      pragma:
      - no-cache
      server:
      - Microsoft-HTTPAPI/2.0
      strict-transport-security:
      - max-age=31536000; includeSubDomains
      transfer-encoding:
      - chunked
      vary:
      - Accept-Encoding
      x-content-type-options:
      - nosniff
    status:
      code: 200
      message: OK
- request:
    body: null
    headers:
      Accept:
      - '*/*'
      Accept-Encoding:
      - gzip, deflate
      CommandName:
      - synapse kusto pool create
      Connection:
      - keep-alive
      ParameterSetName:
      - --name --location --enable-purge --enable-streaming-ingest --sku --resource-group
        --workspace-name
      User-Agent:
      - AZURECLI/2.30.0 azsdk-python-mgmt-synapse/2.1.0b2 Python/3.8.10 (Windows-10-10.0.19044-SP0)
    method: GET
    uri: https://management.azure.com/subscriptions/00000000-0000-0000-0000-000000000000/providers/Microsoft.Synapse/locations/eastus/kustoPoolOperationResults/e924a3ec-4466-4e1d-982d-791a8d16dd55?api-version=2021-06-01-preview
  response:
    body:
      string: '{"id":"/subscriptions/00000000-0000-0000-0000-000000000000/providers/Microsoft.Synapse/locations/eastus/kustoPoolOperationResults/e924a3ec-4466-4e1d-982d-791a8d16dd55","name":"e924a3ec-4466-4e1d-982d-791a8d16dd55","status":"Running","startTime":"2021-11-22T08:20:10.1629362Z","endTime":"2021-11-22T08:21:52.8295011Z","percentComplete":0.5,"properties":{"OperationKind":"ClusterCreateSynapse","RootActivityId":"d8462c45-0ce8-4047-9aa9-9ab8a86c7a04","provisioningState":"Running","OperationState":"InProgress"}}'
    headers:
      cache-control:
      - no-cache
      content-length:
      - '509'
      content-type:
      - application/json; charset=utf-8
      date:
      - Mon, 22 Nov 2021 08:28:15 GMT
      expires:
      - '-1'
      pragma:
      - no-cache
      server:
      - Microsoft-HTTPAPI/2.0
      strict-transport-security:
      - max-age=31536000; includeSubDomains
      transfer-encoding:
      - chunked
      vary:
      - Accept-Encoding
      x-content-type-options:
      - nosniff
    status:
      code: 200
      message: OK
- request:
    body: null
    headers:
      Accept:
      - '*/*'
      Accept-Encoding:
      - gzip, deflate
      CommandName:
      - synapse kusto pool create
      Connection:
      - keep-alive
      ParameterSetName:
      - --name --location --enable-purge --enable-streaming-ingest --sku --resource-group
        --workspace-name
      User-Agent:
      - AZURECLI/2.30.0 azsdk-python-mgmt-synapse/2.1.0b2 Python/3.8.10 (Windows-10-10.0.19044-SP0)
    method: GET
    uri: https://management.azure.com/subscriptions/00000000-0000-0000-0000-000000000000/providers/Microsoft.Synapse/locations/eastus/kustoPoolOperationResults/e924a3ec-4466-4e1d-982d-791a8d16dd55?api-version=2021-06-01-preview
  response:
    body:
      string: '{"id":"/subscriptions/00000000-0000-0000-0000-000000000000/providers/Microsoft.Synapse/locations/eastus/kustoPoolOperationResults/e924a3ec-4466-4e1d-982d-791a8d16dd55","name":"e924a3ec-4466-4e1d-982d-791a8d16dd55","status":"Running","startTime":"2021-11-22T08:20:10.1629362Z","endTime":"2021-11-22T08:21:52.8295011Z","percentComplete":0.5,"properties":{"OperationKind":"ClusterCreateSynapse","RootActivityId":"d8462c45-0ce8-4047-9aa9-9ab8a86c7a04","provisioningState":"Running","OperationState":"InProgress"}}'
    headers:
      cache-control:
      - no-cache
      content-length:
      - '509'
      content-type:
      - application/json; charset=utf-8
      date:
      - Mon, 22 Nov 2021 08:28:45 GMT
      expires:
      - '-1'
      pragma:
      - no-cache
      server:
      - Microsoft-HTTPAPI/2.0
      strict-transport-security:
      - max-age=31536000; includeSubDomains
      transfer-encoding:
      - chunked
      vary:
      - Accept-Encoding
      x-content-type-options:
      - nosniff
    status:
      code: 200
      message: OK
- request:
    body: null
    headers:
      Accept:
      - '*/*'
      Accept-Encoding:
      - gzip, deflate
      CommandName:
      - synapse kusto pool create
      Connection:
      - keep-alive
      ParameterSetName:
      - --name --location --enable-purge --enable-streaming-ingest --sku --resource-group
        --workspace-name
      User-Agent:
      - AZURECLI/2.30.0 azsdk-python-mgmt-synapse/2.1.0b2 Python/3.8.10 (Windows-10-10.0.19044-SP0)
    method: GET
    uri: https://management.azure.com/subscriptions/00000000-0000-0000-0000-000000000000/providers/Microsoft.Synapse/locations/eastus/kustoPoolOperationResults/e924a3ec-4466-4e1d-982d-791a8d16dd55?api-version=2021-06-01-preview
  response:
    body:
      string: '{"id":"/subscriptions/00000000-0000-0000-0000-000000000000/providers/Microsoft.Synapse/locations/eastus/kustoPoolOperationResults/e924a3ec-4466-4e1d-982d-791a8d16dd55","name":"e924a3ec-4466-4e1d-982d-791a8d16dd55","status":"Running","startTime":"2021-11-22T08:20:10.1629362Z","endTime":"2021-11-22T08:21:52.8295011Z","percentComplete":0.5,"properties":{"OperationKind":"ClusterCreateSynapse","RootActivityId":"d8462c45-0ce8-4047-9aa9-9ab8a86c7a04","provisioningState":"Running","OperationState":"InProgress"}}'
    headers:
      cache-control:
      - no-cache
      content-length:
      - '509'
      content-type:
      - application/json; charset=utf-8
      date:
      - Mon, 22 Nov 2021 08:29:15 GMT
      expires:
      - '-1'
      pragma:
      - no-cache
      server:
      - Microsoft-HTTPAPI/2.0
      strict-transport-security:
      - max-age=31536000; includeSubDomains
      transfer-encoding:
      - chunked
      vary:
      - Accept-Encoding
      x-content-type-options:
      - nosniff
    status:
      code: 200
      message: OK
- request:
    body: null
    headers:
      Accept:
      - '*/*'
      Accept-Encoding:
      - gzip, deflate
      CommandName:
      - synapse kusto pool create
      Connection:
      - keep-alive
      ParameterSetName:
      - --name --location --enable-purge --enable-streaming-ingest --sku --resource-group
        --workspace-name
      User-Agent:
      - AZURECLI/2.30.0 azsdk-python-mgmt-synapse/2.1.0b2 Python/3.8.10 (Windows-10-10.0.19044-SP0)
    method: GET
    uri: https://management.azure.com/subscriptions/00000000-0000-0000-0000-000000000000/providers/Microsoft.Synapse/locations/eastus/kustoPoolOperationResults/e924a3ec-4466-4e1d-982d-791a8d16dd55?api-version=2021-06-01-preview
  response:
    body:
      string: '{"id":"/subscriptions/00000000-0000-0000-0000-000000000000/providers/Microsoft.Synapse/locations/eastus/kustoPoolOperationResults/e924a3ec-4466-4e1d-982d-791a8d16dd55","name":"e924a3ec-4466-4e1d-982d-791a8d16dd55","status":"Running","startTime":"2021-11-22T08:20:10.1629362Z","endTime":"2021-11-22T08:21:52.8295011Z","percentComplete":0.5,"properties":{"OperationKind":"ClusterCreateSynapse","RootActivityId":"d8462c45-0ce8-4047-9aa9-9ab8a86c7a04","provisioningState":"Running","OperationState":"InProgress"}}'
    headers:
      cache-control:
      - no-cache
      content-length:
      - '509'
      content-type:
      - application/json; charset=utf-8
      date:
      - Mon, 22 Nov 2021 08:29:46 GMT
      expires:
      - '-1'
      pragma:
      - no-cache
      server:
      - Microsoft-HTTPAPI/2.0
      strict-transport-security:
      - max-age=31536000; includeSubDomains
      transfer-encoding:
      - chunked
      vary:
      - Accept-Encoding
      x-content-type-options:
      - nosniff
    status:
      code: 200
      message: OK
- request:
    body: null
    headers:
      Accept:
      - '*/*'
      Accept-Encoding:
      - gzip, deflate
      CommandName:
      - synapse kusto pool create
      Connection:
      - keep-alive
      ParameterSetName:
      - --name --location --enable-purge --enable-streaming-ingest --sku --resource-group
        --workspace-name
      User-Agent:
      - AZURECLI/2.30.0 azsdk-python-mgmt-synapse/2.1.0b2 Python/3.8.10 (Windows-10-10.0.19044-SP0)
    method: GET
    uri: https://management.azure.com/subscriptions/00000000-0000-0000-0000-000000000000/providers/Microsoft.Synapse/locations/eastus/kustoPoolOperationResults/e924a3ec-4466-4e1d-982d-791a8d16dd55?api-version=2021-06-01-preview
  response:
    body:
      string: '{"id":"/subscriptions/00000000-0000-0000-0000-000000000000/providers/Microsoft.Synapse/locations/eastus/kustoPoolOperationResults/e924a3ec-4466-4e1d-982d-791a8d16dd55","name":"e924a3ec-4466-4e1d-982d-791a8d16dd55","status":"Running","startTime":"2021-11-22T08:20:10.1629362Z","endTime":"2021-11-22T08:21:52.8295011Z","percentComplete":0.5,"properties":{"OperationKind":"ClusterCreateSynapse","RootActivityId":"d8462c45-0ce8-4047-9aa9-9ab8a86c7a04","provisioningState":"Running","OperationState":"InProgress"}}'
    headers:
      cache-control:
      - no-cache
      content-length:
      - '509'
      content-type:
      - application/json; charset=utf-8
      date:
      - Mon, 22 Nov 2021 08:30:16 GMT
      expires:
      - '-1'
      pragma:
      - no-cache
      server:
      - Microsoft-HTTPAPI/2.0
      strict-transport-security:
      - max-age=31536000; includeSubDomains
      transfer-encoding:
      - chunked
      vary:
      - Accept-Encoding
      x-content-type-options:
      - nosniff
    status:
      code: 200
      message: OK
- request:
    body: null
    headers:
      Accept:
      - '*/*'
      Accept-Encoding:
      - gzip, deflate
      CommandName:
      - synapse kusto pool create
      Connection:
      - keep-alive
      ParameterSetName:
      - --name --location --enable-purge --enable-streaming-ingest --sku --resource-group
        --workspace-name
      User-Agent:
      - AZURECLI/2.30.0 azsdk-python-mgmt-synapse/2.1.0b2 Python/3.8.10 (Windows-10-10.0.19044-SP0)
    method: GET
    uri: https://management.azure.com/subscriptions/00000000-0000-0000-0000-000000000000/providers/Microsoft.Synapse/locations/eastus/kustoPoolOperationResults/e924a3ec-4466-4e1d-982d-791a8d16dd55?api-version=2021-06-01-preview
  response:
    body:
      string: '{"id":"/subscriptions/00000000-0000-0000-0000-000000000000/providers/Microsoft.Synapse/locations/eastus/kustoPoolOperationResults/e924a3ec-4466-4e1d-982d-791a8d16dd55","name":"e924a3ec-4466-4e1d-982d-791a8d16dd55","status":"Running","startTime":"2021-11-22T08:20:10.1629362Z","endTime":"2021-11-22T08:21:52.8295011Z","percentComplete":0.5,"properties":{"OperationKind":"ClusterCreateSynapse","RootActivityId":"d8462c45-0ce8-4047-9aa9-9ab8a86c7a04","provisioningState":"Running","OperationState":"InProgress"}}'
    headers:
      cache-control:
      - no-cache
      content-length:
      - '509'
      content-type:
      - application/json; charset=utf-8
      date:
      - Mon, 22 Nov 2021 08:30:47 GMT
      expires:
      - '-1'
      pragma:
      - no-cache
      server:
      - Microsoft-HTTPAPI/2.0
      strict-transport-security:
      - max-age=31536000; includeSubDomains
      transfer-encoding:
      - chunked
      vary:
      - Accept-Encoding
      x-content-type-options:
      - nosniff
    status:
      code: 200
      message: OK
- request:
    body: null
    headers:
      Accept:
      - '*/*'
      Accept-Encoding:
      - gzip, deflate
      CommandName:
      - synapse kusto pool create
      Connection:
      - keep-alive
      ParameterSetName:
      - --name --location --enable-purge --enable-streaming-ingest --sku --resource-group
        --workspace-name
      User-Agent:
      - AZURECLI/2.30.0 azsdk-python-mgmt-synapse/2.1.0b2 Python/3.8.10 (Windows-10-10.0.19044-SP0)
    method: GET
    uri: https://management.azure.com/subscriptions/00000000-0000-0000-0000-000000000000/providers/Microsoft.Synapse/locations/eastus/kustoPoolOperationResults/e924a3ec-4466-4e1d-982d-791a8d16dd55?api-version=2021-06-01-preview
  response:
    body:
      string: '{"id":"/subscriptions/00000000-0000-0000-0000-000000000000/providers/Microsoft.Synapse/locations/eastus/kustoPoolOperationResults/e924a3ec-4466-4e1d-982d-791a8d16dd55","name":"e924a3ec-4466-4e1d-982d-791a8d16dd55","status":"Running","startTime":"2021-11-22T08:20:10.1629362Z","endTime":"2021-11-22T08:21:52.8295011Z","percentComplete":0.5,"properties":{"OperationKind":"ClusterCreateSynapse","RootActivityId":"d8462c45-0ce8-4047-9aa9-9ab8a86c7a04","provisioningState":"Running","OperationState":"InProgress"}}'
    headers:
      cache-control:
      - no-cache
      content-length:
      - '509'
      content-type:
      - application/json; charset=utf-8
      date:
      - Mon, 22 Nov 2021 08:31:18 GMT
      expires:
      - '-1'
      pragma:
      - no-cache
      server:
      - Microsoft-HTTPAPI/2.0
      strict-transport-security:
      - max-age=31536000; includeSubDomains
      transfer-encoding:
      - chunked
      vary:
      - Accept-Encoding
      x-content-type-options:
      - nosniff
    status:
      code: 200
      message: OK
- request:
    body: null
    headers:
      Accept:
      - '*/*'
      Accept-Encoding:
      - gzip, deflate
      CommandName:
      - synapse kusto pool create
      Connection:
      - keep-alive
      ParameterSetName:
      - --name --location --enable-purge --enable-streaming-ingest --sku --resource-group
        --workspace-name
      User-Agent:
      - AZURECLI/2.30.0 azsdk-python-mgmt-synapse/2.1.0b2 Python/3.8.10 (Windows-10-10.0.19044-SP0)
    method: GET
    uri: https://management.azure.com/subscriptions/00000000-0000-0000-0000-000000000000/providers/Microsoft.Synapse/locations/eastus/kustoPoolOperationResults/e924a3ec-4466-4e1d-982d-791a8d16dd55?api-version=2021-06-01-preview
  response:
    body:
      string: '{"id":"/subscriptions/00000000-0000-0000-0000-000000000000/providers/Microsoft.Synapse/locations/eastus/kustoPoolOperationResults/e924a3ec-4466-4e1d-982d-791a8d16dd55","name":"e924a3ec-4466-4e1d-982d-791a8d16dd55","status":"Running","startTime":"2021-11-22T08:20:10.1629362Z","endTime":"2021-11-22T08:21:52.8295011Z","percentComplete":0.5,"properties":{"OperationKind":"ClusterCreateSynapse","RootActivityId":"d8462c45-0ce8-4047-9aa9-9ab8a86c7a04","provisioningState":"Running","OperationState":"InProgress"}}'
    headers:
      cache-control:
      - no-cache
      content-length:
      - '509'
      content-type:
      - application/json; charset=utf-8
      date:
      - Mon, 22 Nov 2021 08:31:48 GMT
      expires:
      - '-1'
      pragma:
      - no-cache
      server:
      - Microsoft-HTTPAPI/2.0
      strict-transport-security:
      - max-age=31536000; includeSubDomains
      transfer-encoding:
      - chunked
      vary:
      - Accept-Encoding
      x-content-type-options:
      - nosniff
    status:
      code: 200
      message: OK
- request:
    body: null
    headers:
      Accept:
      - '*/*'
      Accept-Encoding:
      - gzip, deflate
      CommandName:
      - synapse kusto pool create
      Connection:
      - keep-alive
      ParameterSetName:
      - --name --location --enable-purge --enable-streaming-ingest --sku --resource-group
        --workspace-name
      User-Agent:
      - AZURECLI/2.30.0 azsdk-python-mgmt-synapse/2.1.0b2 Python/3.8.10 (Windows-10-10.0.19044-SP0)
    method: GET
    uri: https://management.azure.com/subscriptions/00000000-0000-0000-0000-000000000000/providers/Microsoft.Synapse/locations/eastus/kustoPoolOperationResults/e924a3ec-4466-4e1d-982d-791a8d16dd55?api-version=2021-06-01-preview
  response:
    body:
      string: '{"id":"/subscriptions/00000000-0000-0000-0000-000000000000/providers/Microsoft.Synapse/locations/eastus/kustoPoolOperationResults/e924a3ec-4466-4e1d-982d-791a8d16dd55","name":"e924a3ec-4466-4e1d-982d-791a8d16dd55","status":"Running","startTime":"2021-11-22T08:20:10.1629362Z","endTime":"2021-11-22T08:21:52.8295011Z","percentComplete":0.5,"properties":{"OperationKind":"ClusterCreateSynapse","RootActivityId":"d8462c45-0ce8-4047-9aa9-9ab8a86c7a04","provisioningState":"Running","OperationState":"InProgress"}}'
    headers:
      cache-control:
      - no-cache
      content-length:
      - '509'
      content-type:
      - application/json; charset=utf-8
      date:
      - Mon, 22 Nov 2021 08:32:19 GMT
      expires:
      - '-1'
      pragma:
      - no-cache
      server:
      - Microsoft-HTTPAPI/2.0
      strict-transport-security:
      - max-age=31536000; includeSubDomains
      transfer-encoding:
      - chunked
      vary:
      - Accept-Encoding
      x-content-type-options:
      - nosniff
    status:
      code: 200
      message: OK
- request:
    body: null
    headers:
      Accept:
      - '*/*'
      Accept-Encoding:
      - gzip, deflate
      CommandName:
      - synapse kusto pool create
      Connection:
      - keep-alive
      ParameterSetName:
      - --name --location --enable-purge --enable-streaming-ingest --sku --resource-group
        --workspace-name
      User-Agent:
      - AZURECLI/2.30.0 azsdk-python-mgmt-synapse/2.1.0b2 Python/3.8.10 (Windows-10-10.0.19044-SP0)
    method: GET
    uri: https://management.azure.com/subscriptions/00000000-0000-0000-0000-000000000000/providers/Microsoft.Synapse/locations/eastus/kustoPoolOperationResults/e924a3ec-4466-4e1d-982d-791a8d16dd55?api-version=2021-06-01-preview
  response:
    body:
      string: '{"id":"/subscriptions/00000000-0000-0000-0000-000000000000/providers/Microsoft.Synapse/locations/eastus/kustoPoolOperationResults/e924a3ec-4466-4e1d-982d-791a8d16dd55","name":"e924a3ec-4466-4e1d-982d-791a8d16dd55","status":"Running","startTime":"2021-11-22T08:20:10.1629362Z","endTime":"2021-11-22T08:21:52.8295011Z","percentComplete":0.5,"properties":{"OperationKind":"ClusterCreateSynapse","RootActivityId":"d8462c45-0ce8-4047-9aa9-9ab8a86c7a04","provisioningState":"Running","OperationState":"InProgress"}}'
    headers:
      cache-control:
      - no-cache
      content-length:
      - '509'
      content-type:
      - application/json; charset=utf-8
      date:
      - Mon, 22 Nov 2021 08:32:49 GMT
      expires:
      - '-1'
      pragma:
      - no-cache
      server:
      - Microsoft-HTTPAPI/2.0
      strict-transport-security:
      - max-age=31536000; includeSubDomains
      transfer-encoding:
      - chunked
      vary:
      - Accept-Encoding
      x-content-type-options:
      - nosniff
    status:
      code: 200
      message: OK
- request:
    body: null
    headers:
      Accept:
      - '*/*'
      Accept-Encoding:
      - gzip, deflate
      CommandName:
      - synapse kusto pool create
      Connection:
      - keep-alive
      ParameterSetName:
      - --name --location --enable-purge --enable-streaming-ingest --sku --resource-group
        --workspace-name
      User-Agent:
      - AZURECLI/2.30.0 azsdk-python-mgmt-synapse/2.1.0b2 Python/3.8.10 (Windows-10-10.0.19044-SP0)
    method: GET
    uri: https://management.azure.com/subscriptions/00000000-0000-0000-0000-000000000000/providers/Microsoft.Synapse/locations/eastus/kustoPoolOperationResults/e924a3ec-4466-4e1d-982d-791a8d16dd55?api-version=2021-06-01-preview
  response:
    body:
      string: '{"id":"/subscriptions/00000000-0000-0000-0000-000000000000/providers/Microsoft.Synapse/locations/eastus/kustoPoolOperationResults/e924a3ec-4466-4e1d-982d-791a8d16dd55","name":"e924a3ec-4466-4e1d-982d-791a8d16dd55","status":"Running","startTime":"2021-11-22T08:20:10.1629362Z","endTime":"2021-11-22T08:21:52.8295011Z","percentComplete":0.5,"properties":{"OperationKind":"ClusterCreateSynapse","RootActivityId":"d8462c45-0ce8-4047-9aa9-9ab8a86c7a04","provisioningState":"Running","OperationState":"InProgress"}}'
    headers:
      cache-control:
      - no-cache
      content-length:
      - '509'
      content-type:
      - application/json; charset=utf-8
      date:
      - Mon, 22 Nov 2021 08:33:19 GMT
      expires:
      - '-1'
      pragma:
      - no-cache
      server:
      - Microsoft-HTTPAPI/2.0
      strict-transport-security:
      - max-age=31536000; includeSubDomains
      transfer-encoding:
      - chunked
      vary:
      - Accept-Encoding
      x-content-type-options:
      - nosniff
    status:
      code: 200
      message: OK
- request:
    body: null
    headers:
      Accept:
      - '*/*'
      Accept-Encoding:
      - gzip, deflate
      CommandName:
      - synapse kusto pool create
      Connection:
      - keep-alive
      ParameterSetName:
      - --name --location --enable-purge --enable-streaming-ingest --sku --resource-group
        --workspace-name
      User-Agent:
      - AZURECLI/2.30.0 azsdk-python-mgmt-synapse/2.1.0b2 Python/3.8.10 (Windows-10-10.0.19044-SP0)
    method: GET
    uri: https://management.azure.com/subscriptions/00000000-0000-0000-0000-000000000000/providers/Microsoft.Synapse/locations/eastus/kustoPoolOperationResults/e924a3ec-4466-4e1d-982d-791a8d16dd55?api-version=2021-06-01-preview
  response:
    body:
      string: '{"id":"/subscriptions/00000000-0000-0000-0000-000000000000/providers/Microsoft.Synapse/locations/eastus/kustoPoolOperationResults/e924a3ec-4466-4e1d-982d-791a8d16dd55","name":"e924a3ec-4466-4e1d-982d-791a8d16dd55","status":"Succeeded","startTime":"2021-11-22T08:20:10.1629362Z","endTime":"2021-11-22T08:33:22.6995545Z","percentComplete":1.0,"properties":{"OperationKind":"ClusterCreateSynapse","RootActivityId":"d8462c45-0ce8-4047-9aa9-9ab8a86c7a04","provisioningState":"Succeeded","OperationState":"Completed"}}'
    headers:
      cache-control:
      - no-cache
      content-length:
      - '512'
      content-type:
      - application/json; charset=utf-8
      date:
      - Mon, 22 Nov 2021 08:33:49 GMT
      expires:
      - '-1'
      pragma:
      - no-cache
      server:
      - Microsoft-HTTPAPI/2.0
      strict-transport-security:
      - max-age=31536000; includeSubDomains
      transfer-encoding:
      - chunked
      vary:
      - Accept-Encoding
      x-content-type-options:
      - nosniff
    status:
      code: 200
      message: OK
- request:
    body: null
    headers:
      Accept:
      - '*/*'
      Accept-Encoding:
      - gzip, deflate
      CommandName:
      - synapse kusto pool create
      Connection:
      - keep-alive
      ParameterSetName:
      - --name --location --enable-purge --enable-streaming-ingest --sku --resource-group
        --workspace-name
      User-Agent:
      - AZURECLI/2.30.0 azsdk-python-mgmt-synapse/2.1.0b2 Python/3.8.10 (Windows-10-10.0.19044-SP0)
    method: GET
    uri: https://management.azure.com/subscriptions/00000000-0000-0000-0000-000000000000/resourceGroups/synapse-cli000001/providers/Microsoft.Synapse/workspaces/clitest000007/kustoPools/testkstpool000003?api-version=2021-06-01-preview
  response:
    body:
      string: '{"id":"/subscriptions/00000000-0000-0000-0000-000000000000/resourceGroups/synapse-cli000001/providers/Microsoft.Synapse/workspaces/clitest000007/kustoPools/testkstpool000003","name":"clitest000007/testkstpool000003","type":"Microsoft.Synapse/workspaces/kustoPools","etag":"\"2021-11-22T08:32:37.2225289Z\"","location":"East
        US","sku":{"name":"Storage optimized","size":"Medium","capacity":2},"tags":{},"properties":{"state":"Running","stateReason":null,"uri":"https://testkstpool000003.clitest000007.kusto.azuresynapse.net","dataIngestionUri":"https://ingest-testkstpool000003.clitest000007.kusto.azuresynapse.net","optimizedAutoscale":null,"enableStreamingIngest":true,"languageExtensions":{"value":[]},"enablePurge":true,"workspaceUID":"e98bc382-66f8-4294-b7e7-642965f6bde7","provisioningState":"Succeeded"}}'
    headers:
      cache-control:
      - no-cache
      content-length:
      - '813'
      content-type:
      - application/json; charset=utf-8
      date:
      - Mon, 22 Nov 2021 08:33:49 GMT
      etag:
      - '"2021-11-22T08:32:37.2225289Z"'
      expires:
      - '-1'
      pragma:
      - no-cache
      server:
      - Microsoft-HTTPAPI/2.0
      strict-transport-security:
      - max-age=31536000; includeSubDomains
      transfer-encoding:
      - chunked
      vary:
      - Accept-Encoding
      x-content-type-options:
      - nosniff
    status:
      code: 200
      message: OK
- request:
    body: '{"location": "eastus", "kind": "ReadWrite", "properties": {"softDeletePeriod":
      "P1D"}}'
    headers:
      Accept:
      - application/json
      Accept-Encoding:
      - gzip, deflate
      CommandName:
      - synapse kusto database create
      Connection:
      - keep-alive
      Content-Length:
      - '86'
      Content-Type:
      - application/json
      ParameterSetName:
      - --database-name --kusto-pool-name --read-write-database --resource-group --workspace-name
      User-Agent:
      - AZURECLI/2.30.0 azsdk-python-mgmt-synapse/2.1.0b2 Python/3.8.10 (Windows-10-10.0.19044-SP0)
    method: PUT
    uri: https://management.azure.com/subscriptions/00000000-0000-0000-0000-000000000000/resourceGroups/synapse-cli000001/providers/Microsoft.Synapse/workspaces/clitest000007/kustoPools/testkstpool000003/databases/testdtabase000004?api-version=2021-06-01-preview
  response:
    body:
      string: '{"id":"/subscriptions/00000000-0000-0000-0000-000000000000/resourceGroups/synapse-cli000001/providers/Microsoft.Synapse/workspaces/clitest000007/kustoPools/testkstpool000003/Databases/testdtabase000004","name":"clitest000007/testkstpool000003/testdtabase000004","type":"Microsoft.Synapse/workspaces/kustoPools/Databases","location":"eastus","kind":"ReadWrite","properties":{"softDeletePeriod":"P1D","provisioningState":"Creating"}}'
    headers:
      azure-asyncoperation:
      - https://management.azure.com/subscriptions/00000000-0000-0000-0000-000000000000/providers/Microsoft.Synapse/locations/eastus/kustoPoolOperationResults/167f90c7-e6aa-428f-8c37-1c5a1ed71c4f?api-version=2021-06-01-preview
      cache-control:
      - no-cache
      content-length:
      - '428'
      content-type:
      - application/json; charset=utf-8
      date:
      - Mon, 22 Nov 2021 08:33:52 GMT
      expires:
      - '-1'
      pragma:
      - no-cache
      server:
      - Microsoft-HTTPAPI/2.0
      strict-transport-security:
      - max-age=31536000; includeSubDomains
      x-content-type-options:
      - nosniff
      x-ms-ratelimit-remaining-subscription-writes:
      - '1196'
    status:
      code: 201
      message: Created
- request:
    body: null
    headers:
      Accept:
      - '*/*'
      Accept-Encoding:
      - gzip, deflate
      CommandName:
      - synapse kusto database create
      Connection:
      - keep-alive
      ParameterSetName:
      - --database-name --kusto-pool-name --read-write-database --resource-group --workspace-name
      User-Agent:
      - AZURECLI/2.30.0 azsdk-python-mgmt-synapse/2.1.0b2 Python/3.8.10 (Windows-10-10.0.19044-SP0)
    method: GET
    uri: https://management.azure.com/subscriptions/00000000-0000-0000-0000-000000000000/providers/Microsoft.Synapse/locations/eastus/kustoPoolOperationResults/167f90c7-e6aa-428f-8c37-1c5a1ed71c4f?api-version=2021-06-01-preview
  response:
    body:
      string: '{"id":"/subscriptions/00000000-0000-0000-0000-000000000000/providers/Microsoft.Synapse/locations/eastus/kustoPoolOperationResults/167f90c7-e6aa-428f-8c37-1c5a1ed71c4f","name":"167f90c7-e6aa-428f-8c37-1c5a1ed71c4f","status":"Succeeded","startTime":"2021-11-22T08:33:53.6394342Z","endTime":"2021-11-22T08:33:56.2803393Z","percentComplete":1.0,"properties":{"OperationKind":"DatabaseCreate","RootActivityId":"b9820e1d-38a0-414f-a575-b75732b0948c","provisioningState":"Succeeded","OperationState":"Completed"}}'
    headers:
      cache-control:
      - no-cache
      content-length:
      - '506'
      content-type:
      - application/json; charset=utf-8
      date:
      - Mon, 22 Nov 2021 08:34:23 GMT
      expires:
      - '-1'
      pragma:
      - no-cache
      server:
      - Microsoft-HTTPAPI/2.0
      strict-transport-security:
      - max-age=31536000; includeSubDomains
      transfer-encoding:
      - chunked
      vary:
      - Accept-Encoding
      x-content-type-options:
      - nosniff
    status:
      code: 200
      message: OK
- request:
    body: null
    headers:
      Accept:
      - '*/*'
      Accept-Encoding:
      - gzip, deflate
      CommandName:
      - synapse kusto database create
      Connection:
      - keep-alive
      ParameterSetName:
      - --database-name --kusto-pool-name --read-write-database --resource-group --workspace-name
      User-Agent:
      - AZURECLI/2.30.0 azsdk-python-mgmt-synapse/2.1.0b2 Python/3.8.10 (Windows-10-10.0.19044-SP0)
    method: GET
    uri: https://management.azure.com/subscriptions/00000000-0000-0000-0000-000000000000/resourceGroups/synapse-cli000001/providers/Microsoft.Synapse/workspaces/clitest000007/kustoPools/testkstpool000003/databases/testdtabase000004?api-version=2021-06-01-preview
  response:
    body:
      string: '{"id":"/subscriptions/00000000-0000-0000-0000-000000000000/resourceGroups/synapse-cli000001/providers/Microsoft.Synapse/workspaces/clitest000007/kustoPools/testkstpool000003/Databases/testdtabase000004","name":"clitest000007/testkstpool000003/testdtabase000004","type":"Microsoft.Synapse/workspaces/kustoPools/Databases","location":"East
        US","kind":"ReadWrite","properties":{"softDeletePeriod":"P1D","statistics":{"size":0.0},"isFollowed":false,"provisioningState":"Succeeded"}}'
    headers:
      cache-control:
      - no-cache
      content-length:
      - '475'
      content-type:
      - application/json; charset=utf-8
      date:
      - Mon, 22 Nov 2021 08:34:24 GMT
      expires:
      - '-1'
      pragma:
      - no-cache
      server:
      - Microsoft-HTTPAPI/2.0
      strict-transport-security:
      - max-age=31536000; includeSubDomains
      transfer-encoding:
      - chunked
      vary:
      - Accept-Encoding
      x-content-type-options:
      - nosniff
    status:
      code: 200
      message: OK
- request:
    body: '{"name": "scriptname000005", "properties": {"content": {"query": "Logs
      | where TimeStamp > ago(1h) | take 10", "metadata": {"language": "kql"}, "currentConnection":
      {}}}}'
    headers:
      Accept:
      - application/json
      Accept-Encoding:
      - gzip, deflate
      Connection:
      - keep-alive
      Content-Length:
      - '169'
      Content-Type:
      - application/json
      User-Agent:
      - azsdk-python-synapse-artifacts/0.10.0 Python/3.8.10 (Windows-10-10.0.19044-SP0)
    method: PUT
    uri: https://clitest000007.dev.azuresynapse.net/kqlScripts/scriptname000005?api-version=2021-11-01-preview
  response:
    body:
      string: '{"id":"/subscriptions/00000000-0000-0000-0000-000000000000/resourceGroups/synapse-cli000001/providers/Microsoft.Synapse/workspaces/clitest000007/kqlScripts/scriptname000005","recordId":2797431,"state":"Creating","created":"2021-11-22T08:34:28.5866667Z","changed":"2021-11-22T08:34:28.5866667Z","type":"KqlScript","name":"scriptname000005","operationId":"e19a26db-40d7-4614-8455-7458e72566a9","artifactId":"46F781DE-D57E-4BFF-8AFB-E6C989646B26"}'
    headers:
      access-control-allow-headers:
      - Location
      - Retry-After
      access-control-expose-headers:
      - Location
      - Retry-After
      content-length:
      - '444'
      content-type:
      - application/json; charset=utf-8
      date:
      - Mon, 22 Nov 2021 08:34:28 GMT
      location:
      - https://clitest000007.dev.azuresynapse.net/operationResults/e19a26db-40d7-4614-8455-7458e72566a9?api-version=2021-11-01-preview
      server:
      - Microsoft-HTTPAPI/2.0
      strict-transport-security:
      - max-age=31536000; includeSubDomains
    status:
      code: 202
      message: Accepted
- request:
    body: null
    headers:
      Accept:
      - '*/*'
      Accept-Encoding:
      - gzip, deflate
      Connection:
      - keep-alive
      User-Agent:
      - azsdk-python-synapse-artifacts/0.10.0 Python/3.8.10 (Windows-10-10.0.19044-SP0)
    method: GET
    uri: https://clitest000007.dev.azuresynapse.net/operationResults/e19a26db-40d7-4614-8455-7458e72566a9?api-version=2021-11-01-preview
  response:
    body:
      string: '{"id":"/subscriptions/00000000-0000-0000-0000-000000000000/resourceGroups/synapse-cli000001/providers/Microsoft.Synapse/workspaces/clitest000007/kqlscripts/scriptname000005","name":"scriptname000005","type":"Microsoft.Synapse/workspaces/kqlscripts","properties":{"content":{"query":"Logs
        | where TimeStamp > ago(1h) | take 10","metadata":{"language":"kql"},"currentConnection":{}}},"etag":"3301701f-0000-0100-0000-619b56190000"}'
    headers:
      cache-control:
      - no-cache
      content-length:
      - '428'
      content-type:
      - application/json; charset=utf-8
      date:
      - Mon, 22 Nov 2021 08:34:38 GMT
      expires:
      - '-1'
      pragma:
      - no-cache
      server:
      - Microsoft-IIS/10.0 Microsoft-HTTPAPI/2.0
      strict-transport-security:
      - max-age=15724800; includeSubDomains
      x-content-type-options:
      - nosniff
      x-powered-by:
      - ASP.NET
    status:
      code: 200
      message: OK
- request:
    body: '{"name": "scriptname2000006", "properties": {"content": {"query": "Logs
      | where TimeStamp > ago(1h) | take 10", "metadata": {"language": "kql"}, "currentConnection":
      {"poolName": "testkstpool000003", "databaseName": "testdtabase000004"}}}}'
    headers:
      Accept:
      - application/json
      Accept-Encoding:
      - gzip, deflate
      Connection:
      - keep-alive
      Content-Length:
      - '233'
      Content-Type:
      - application/json
      User-Agent:
      - azsdk-python-synapse-artifacts/0.10.0 Python/3.8.10 (Windows-10-10.0.19044-SP0)
    method: PUT
    uri: https://clitest000007.dev.azuresynapse.net/kqlScripts/scriptname2000006?api-version=2021-11-01-preview
  response:
    body:
      string: '{"id":"/subscriptions/00000000-0000-0000-0000-000000000000/resourceGroups/synapse-cli000001/providers/Microsoft.Synapse/workspaces/clitest000007/kqlScripts/scriptname2000006","recordId":2797433,"state":"Creating","created":"2021-11-22T08:34:41.4066667Z","changed":"2021-11-22T08:34:41.4066667Z","type":"KqlScript","name":"scriptname2000006","operationId":"38a41e30-7b44-4a0e-80fa-ea07e8273581","artifactId":"CBBD8E49-6C18-459D-A5D9-55CCDCA44CA5"}'
    headers:
      access-control-allow-headers:
      - Location
      - Retry-After
      access-control-expose-headers:
      - Location
      - Retry-After
      content-length:
      - '444'
      content-type:
      - application/json; charset=utf-8
      date:
      - Mon, 22 Nov 2021 08:34:41 GMT
      location:
      - https://clitest000007.dev.azuresynapse.net/operationResults/38a41e30-7b44-4a0e-80fa-ea07e8273581?api-version=2021-11-01-preview
      server:
      - Microsoft-HTTPAPI/2.0
      strict-transport-security:
      - max-age=31536000; includeSubDomains
    status:
      code: 202
      message: Accepted
- request:
    body: null
    headers:
      Accept:
      - '*/*'
      Accept-Encoding:
      - gzip, deflate
      Connection:
      - keep-alive
      User-Agent:
      - azsdk-python-synapse-artifacts/0.10.0 Python/3.8.10 (Windows-10-10.0.19044-SP0)
    method: GET
    uri: https://clitest000007.dev.azuresynapse.net/operationResults/38a41e30-7b44-4a0e-80fa-ea07e8273581?api-version=2021-11-01-preview
  response:
    body:
      string: '{"id":"/subscriptions/00000000-0000-0000-0000-000000000000/resourceGroups/synapse-cli000001/providers/Microsoft.Synapse/workspaces/clitest000007/kqlscripts/scriptname2000006","name":"scriptname2000006","type":"Microsoft.Synapse/workspaces/kqlscripts","properties":{"content":{"query":"Logs
        | where TimeStamp > ago(1h) | take 10","metadata":{"language":"kql"},"currentConnection":{"poolName":"testkstpool000003","databaseName":"testdtabase000004"}}},"etag":"3301ed23-0000-0100-0000-619b56250000"}'
    headers:
      cache-control:
      - no-cache
      content-length:
      - '489'
      content-type:
      - application/json; charset=utf-8
      date:
      - Mon, 22 Nov 2021 08:34:51 GMT
      expires:
      - '-1'
      pragma:
      - no-cache
      server:
      - Microsoft-IIS/10.0 Microsoft-HTTPAPI/2.0
      strict-transport-security:
      - max-age=15724800; includeSubDomains
      x-content-type-options:
      - nosniff
      x-powered-by:
      - ASP.NET
    status:
      code: 200
      message: OK
- request:
    body: null
    headers:
      Accept:
      - application/json
      Accept-Encoding:
      - gzip, deflate
      Connection:
      - keep-alive
      User-Agent:
      - azsdk-python-synapse-artifacts/0.10.0 Python/3.8.10 (Windows-10-10.0.19044-SP0)
    method: GET
    uri: https://clitest000007.dev.azuresynapse.net/kqlScripts/scriptname000005?api-version=2021-11-01-preview
  response:
    body:
      string: '{"id":"/subscriptions/00000000-0000-0000-0000-000000000000/resourceGroups/synapse-cli000001/providers/Microsoft.Synapse/workspaces/clitest000007/kqlscripts/scriptname000005","name":"scriptname000005","type":"Microsoft.Synapse/workspaces/kqlscripts","properties":{"content":{"query":"Logs
        | where TimeStamp > ago(1h) | take 10","metadata":{"language":"kql"},"currentConnection":{}}},"etag":"3301701f-0000-0100-0000-619b56190000"}'
    headers:
      cache-control:
      - no-cache
      content-length:
      - '428'
      content-type:
      - application/json; charset=utf-8
      date:
      - Mon, 22 Nov 2021 08:34:53 GMT
      expires:
      - '-1'
      pragma:
      - no-cache
      server:
      - Microsoft-IIS/10.0 Microsoft-HTTPAPI/2.0
      strict-transport-security:
      - max-age=15724800; includeSubDomains
      x-content-type-options:
      - nosniff
      x-powered-by:
      - ASP.NET
    status:
      code: 200
      message: OK
- request:
    body: null
    headers:
      Accept:
      - application/json
      Accept-Encoding:
      - gzip, deflate
      Connection:
      - keep-alive
      User-Agent:
      - azsdk-python-synapse-artifacts/0.10.0 Python/3.8.10 (Windows-10-10.0.19044-SP0)
    method: GET
    uri: https://clitest000007.dev.azuresynapse.net/kqlScripts?api-version=2021-11-01-preview
  response:
    body:
      string: '{"value":[{"id":"/subscriptions/00000000-0000-0000-0000-000000000000/resourceGroups/synapse-cli000001/providers/Microsoft.Synapse/workspaces/clitest000007/kqlscripts/scriptname000005","name":"scriptname000005","type":"Microsoft.Synapse/workspaces/kqlscripts","etag":"3301701f-0000-0100-0000-619b56190000","properties":{"content":{"query":"Logs
        | where TimeStamp > ago(1h) | take 10","metadata":{"language":"kql"},"currentConnection":{}}}},{"id":"/subscriptions/00000000-0000-0000-0000-000000000000/resourceGroups/synapse-cli000001/providers/Microsoft.Synapse/workspaces/clitest000007/kqlscripts/scriptname2000006","name":"scriptname2000006","type":"Microsoft.Synapse/workspaces/kqlscripts","etag":"3301ed23-0000-0100-0000-619b56250000","properties":{"content":{"query":"Logs
        | where TimeStamp > ago(1h) | take 10","metadata":{"language":"kql"},"currentConnection":{"poolName":"testkstpool000003","databaseName":"testdtabase000004"}}}}]}'
    headers:
      content-length:
      - '930'
      content-type:
      - application/json; charset=utf-8
      date:
      - Mon, 22 Nov 2021 08:34:55 GMT
      server:
      - Microsoft-HTTPAPI/2.0
      strict-transport-security:
      - max-age=31536000; includeSubDomains
    status:
      code: 200
      message: OK
- request:
    body: null
    headers:
      Accept:
      - application/json
      Accept-Encoding:
      - gzip, deflate
      Connection:
      - keep-alive
      User-Agent:
      - azsdk-python-synapse-artifacts/0.10.0 Python/3.8.10 (Windows-10-10.0.19044-SP0)
    method: GET
    uri: https://clitest000007.dev.azuresynapse.net/kqlScripts/scriptname000005?api-version=2021-11-01-preview
  response:
    body:
      string: '{"id":"/subscriptions/00000000-0000-0000-0000-000000000000/resourceGroups/synapse-cli000001/providers/Microsoft.Synapse/workspaces/clitest000007/kqlscripts/scriptname000005","name":"scriptname000005","type":"Microsoft.Synapse/workspaces/kqlscripts","properties":{"content":{"query":"Logs
        | where TimeStamp > ago(1h) | take 10","metadata":{"language":"kql"},"currentConnection":{}}},"etag":"3301701f-0000-0100-0000-619b56190000"}'
    headers:
      cache-control:
      - no-cache
      content-length:
      - '428'
      content-type:
      - application/json; charset=utf-8
      date:
      - Mon, 22 Nov 2021 08:34:59 GMT
      expires:
      - '-1'
      pragma:
      - no-cache
      server:
      - Microsoft-IIS/10.0 Microsoft-HTTPAPI/2.0
      strict-transport-security:
      - max-age=15724800; includeSubDomains
      x-content-type-options:
      - nosniff
      x-powered-by:
      - ASP.NET
    status:
      code: 200
      message: OK
- request:
    body: null
    headers:
      Accept:
      - application/json
      Accept-Encoding:
      - gzip, deflate
      Connection:
      - keep-alive
      Content-Length:
      - '0'
      User-Agent:
      - azsdk-python-synapse-artifacts/0.10.0 Python/3.8.10 (Windows-10-10.0.19044-SP0)
    method: DELETE
    uri: https://clitest000007.dev.azuresynapse.net/kqlScripts/scriptname000005?api-version=2021-11-01-preview
  response:
    body:
      string: '{"id":"/subscriptions/00000000-0000-0000-0000-000000000000/resourceGroups/synapse-cli000001/providers/Microsoft.Synapse/workspaces/clitest000007/kqlScripts/scriptname000005","recordId":0,"state":"Deleting","created":"0001-01-01T00:00:00","changed":"0001-01-01T00:00:00","type":"KqlScript","name":"scriptname000005","operationId":"16cd51cf-a608-41f0-8af9-d0b3613ef9da"}'
    headers:
      access-control-allow-headers:
      - Location
      access-control-expose-headers:
      - Location
      content-length:
      - '368'
      content-type:
      - application/json; charset=utf-8
      date:
      - Mon, 22 Nov 2021 08:35:00 GMT
      location:
      - https://clitest000007.dev.azuresynapse.net/operationResults/16cd51cf-a608-41f0-8af9-d0b3613ef9da?api-version=2021-11-01-preview
      server:
      - Microsoft-HTTPAPI/2.0
      strict-transport-security:
      - max-age=31536000; includeSubDomains
    status:
      code: 202
      message: Accepted
- request:
    body: null
    headers:
      Accept:
      - '*/*'
      Accept-Encoding:
      - gzip, deflate
      Connection:
      - keep-alive
      User-Agent:
      - azsdk-python-synapse-artifacts/0.10.0 Python/3.8.10 (Windows-10-10.0.19044-SP0)
    method: GET
    uri: https://clitest000007.dev.azuresynapse.net/operationResults/16cd51cf-a608-41f0-8af9-d0b3613ef9da?api-version=2021-11-01-preview
  response:
    body:
      string: ''
    headers:
      content-length:
      - '0'
      date:
      - Mon, 22 Nov 2021 08:35:31 GMT
      server:
      - Microsoft-HTTPAPI/2.0
      strict-transport-security:
      - max-age=31536000; includeSubDomains
    status:
      code: 200
      message: OK
- request:
    body: null
    headers:
      Accept:
      - application/json
      Accept-Encoding:
      - gzip, deflate
      Connection:
      - keep-alive
      User-Agent:
      - azsdk-python-synapse-artifacts/0.10.0 Python/3.8.10 (Windows-10-10.0.19044-SP0)
    method: GET
    uri: https://clitest000007.dev.azuresynapse.net/kqlScripts/scriptname000005?api-version=2021-11-01-preview
  response:
    body:
      string: '{"code":"KqlScriptNotFound","message":"The KqlScript scriptname000005
        was not found in (subscription=051ddeca-1ed6-4d8b-ba6f-1ff561e5f3b3 resourceGroup=synapse-cli000001
        workspace=clitest000007)"}'
    headers:
      content-length:
      - '197'
      content-type:
      - application/json; charset=utf-8
      date:
      - Mon, 22 Nov 2021 08:35:53 GMT
      server:
      - Microsoft-HTTPAPI/2.0
      strict-transport-security:
      - max-age=31536000; includeSubDomains
    status:
      code: 404
      message: Not Found
version: 1
