interactions:
- request:
    body: '{"location": "eastus", "identity": {"type": "SystemAssigned"}, "properties":
      {"defaultDataLakeStorage": {"accountUrl": "https://adlsgen2000002.dfs.core.windows.net",
      "filesystem": "testfilesystem"}, "sqlAdministratorLoginPassword": "Pswd1000004",
      "sqlAdministratorLogin": "cliuser1"}}'
    headers:
      Accept:
      - application/json
      Accept-Encoding:
      - gzip, deflate
      CommandName:
      - synapse workspace create
      Connection:
      - keep-alive
      Content-Length:
      - '284'
      Content-Type:
      - application/json
      ParameterSetName:
      - --name --resource-group --storage-account --file-system --sql-admin-login-user
        --sql-admin-login-password --location
      User-Agent:
      - AZURECLI/2.36.0 azsdk-python-mgmt-synapse/2.1.0b2 Python/3.8.9 (Windows-10-10.0.19041-SP0)
    method: PUT
    uri: https://management.azure.com/subscriptions/00000000-0000-0000-0000-000000000000/resourceGroups/synapse-cli000001/providers/Microsoft.Synapse/workspaces/clitest000003?api-version=2021-06-01
  response:
    body:
      string: '{"properties":{"defaultDataLakeStorage":{"createManagedPrivateEndpoint":false,"accountUrl":"https://adlsgen2000002.dfs.core.windows.net","filesystem":"testfilesystem"},"encryption":{"doubleEncryptionEnabled":false},"provisioningState":"Provisioning","connectivityEndpoints":{"web":"https://web.azuresynapse.net?workspace=%2fsubscriptions%2f051ddeca-1ed6-4d8b-ba6f-1ff561e5f3b3%2fresourceGroups%2fsynapse-cli000001%2fproviders%2fMicrosoft.Synapse%2fworkspaces%2fclitest000003","dev":"https://clitest000003.dev.azuresynapse.net","sqlOnDemand":"clitest000003-ondemand.sql.azuresynapse.net","sql":"clitest000003.sql.azuresynapse.net"},"managedResourceGroupName":"synapseworkspace-managedrg-918be377-2e93-4356-8aa5-fafdd1b113a6","privateEndpointConnections":[],"workspaceUID":"1079e27d-c13e-4e7d-b29f-d0360b764fc1","extraProperties":{"WorkspaceType":"Normal"},"publicNetworkAccess":"Enabled","cspWorkspaceAdminProperties":{"initialWorkspaceAdminObjectId":"6a33200f-2b27-4fda-8567-b0c70d532441"},"trustedServiceBypassEnabled":false},"type":"Microsoft.Synapse/workspaces","id":"/subscriptions/00000000-0000-0000-0000-000000000000/resourceGroups/synapse-cli000001/providers/Microsoft.Synapse/workspaces/clitest000003","location":"eastus","name":"clitest000003","identity":{"type":"SystemAssigned","tenantId":"72f988bf-86f1-41af-91ab-2d7cd011db47","principalId":"de9f0fe7-171e-4229-b4c0-7517c6bbcbe2"}}'
    headers:
      azure-asyncoperation:
      - https://management.azure.com/subscriptions/00000000-0000-0000-0000-000000000000/resourceGroups/synapse-cli000001/providers/Microsoft.Synapse/workspaces/clitest000003/operationStatuses/d3f157cd-4a3e-4057-9628-2c4c4eb51b01?api-version=2021-06-01
      cache-control:
      - no-cache
      content-length:
      - '1393'
      content-type:
      - application/json; charset=utf-8
      date:
      - Tue, 17 May 2022 12:01:51 GMT
      expires:
      - '-1'
      pragma:
      - no-cache
      server:
      - Microsoft-HTTPAPI/2.0
      strict-transport-security:
      - max-age=31536000; includeSubDomains
      x-content-type-options:
      - nosniff
      x-ms-ratelimit-remaining-subscription-writes:
      - '1199'
    status:
      code: 201
      message: Created
- request:
    body: null
    headers:
      Accept:
      - '*/*'
      Accept-Encoding:
      - gzip, deflate
      CommandName:
      - synapse workspace create
      Connection:
      - keep-alive
      ParameterSetName:
      - --name --resource-group --storage-account --file-system --sql-admin-login-user
        --sql-admin-login-password --location
      User-Agent:
      - AZURECLI/2.36.0 azsdk-python-mgmt-synapse/2.1.0b2 Python/3.8.9 (Windows-10-10.0.19041-SP0)
    method: GET
    uri: https://management.azure.com/subscriptions/00000000-0000-0000-0000-000000000000/resourceGroups/synapse-cli000001/providers/Microsoft.Synapse/workspaces/clitest000003/operationStatuses/d3f157cd-4a3e-4057-9628-2c4c4eb51b01?api-version=2021-06-01
  response:
    body:
      string: '{"status":"InProgress"}'
    headers:
      cache-control:
      - no-cache
      content-length:
      - '23'
      content-type:
      - application/json; charset=utf-8
      date:
      - Tue, 17 May 2022 12:02:24 GMT
      expires:
      - '-1'
      pragma:
      - no-cache
      server:
      - Microsoft-HTTPAPI/2.0
      strict-transport-security:
      - max-age=31536000; includeSubDomains
      transfer-encoding:
      - chunked
      vary:
      - Accept-Encoding
      x-content-type-options:
      - nosniff
    status:
      code: 200
      message: OK
- request:
    body: null
    headers:
      Accept:
      - '*/*'
      Accept-Encoding:
      - gzip, deflate
      CommandName:
      - synapse workspace create
      Connection:
      - keep-alive
      ParameterSetName:
      - --name --resource-group --storage-account --file-system --sql-admin-login-user
        --sql-admin-login-password --location
      User-Agent:
      - AZURECLI/2.36.0 azsdk-python-mgmt-synapse/2.1.0b2 Python/3.8.9 (Windows-10-10.0.19041-SP0)
    method: GET
    uri: https://management.azure.com/subscriptions/00000000-0000-0000-0000-000000000000/resourceGroups/synapse-cli000001/providers/Microsoft.Synapse/workspaces/clitest000003/operationStatuses/d3f157cd-4a3e-4057-9628-2c4c4eb51b01?api-version=2021-06-01
  response:
    body:
      string: '{"status":"InProgress"}'
    headers:
      cache-control:
      - no-cache
      content-length:
      - '23'
      content-type:
      - application/json; charset=utf-8
      date:
      - Tue, 17 May 2022 12:02:55 GMT
      expires:
      - '-1'
      pragma:
      - no-cache
      server:
      - Microsoft-HTTPAPI/2.0
      strict-transport-security:
      - max-age=31536000; includeSubDomains
      transfer-encoding:
      - chunked
      vary:
      - Accept-Encoding
      x-content-type-options:
      - nosniff
    status:
      code: 200
      message: OK
- request:
    body: null
    headers:
      Accept:
      - '*/*'
      Accept-Encoding:
      - gzip, deflate
      CommandName:
      - synapse workspace create
      Connection:
      - keep-alive
      ParameterSetName:
      - --name --resource-group --storage-account --file-system --sql-admin-login-user
        --sql-admin-login-password --location
      User-Agent:
      - AZURECLI/2.36.0 azsdk-python-mgmt-synapse/2.1.0b2 Python/3.8.9 (Windows-10-10.0.19041-SP0)
    method: GET
    uri: https://management.azure.com/subscriptions/00000000-0000-0000-0000-000000000000/resourceGroups/synapse-cli000001/providers/Microsoft.Synapse/workspaces/clitest000003/operationStatuses/d3f157cd-4a3e-4057-9628-2c4c4eb51b01?api-version=2021-06-01
  response:
    body:
      string: '{"status":"InProgress"}'
    headers:
      cache-control:
      - no-cache
      content-length:
      - '23'
      content-type:
      - application/json; charset=utf-8
      date:
      - Tue, 17 May 2022 12:03:27 GMT
      expires:
      - '-1'
      pragma:
      - no-cache
      server:
      - Microsoft-HTTPAPI/2.0
      strict-transport-security:
      - max-age=31536000; includeSubDomains
      transfer-encoding:
      - chunked
      vary:
      - Accept-Encoding
      x-content-type-options:
      - nosniff
    status:
      code: 200
      message: OK
- request:
    body: null
    headers:
      Accept:
      - '*/*'
      Accept-Encoding:
      - gzip, deflate
      CommandName:
      - synapse workspace create
      Connection:
      - keep-alive
      ParameterSetName:
      - --name --resource-group --storage-account --file-system --sql-admin-login-user
        --sql-admin-login-password --location
      User-Agent:
      - AZURECLI/2.36.0 azsdk-python-mgmt-synapse/2.1.0b2 Python/3.8.9 (Windows-10-10.0.19041-SP0)
    method: GET
    uri: https://management.azure.com/subscriptions/00000000-0000-0000-0000-000000000000/resourceGroups/synapse-cli000001/providers/Microsoft.Synapse/workspaces/clitest000003/operationStatuses/d3f157cd-4a3e-4057-9628-2c4c4eb51b01?api-version=2021-06-01
  response:
    body:
      string: '{"status":"InProgress"}'
    headers:
      cache-control:
      - no-cache
      content-length:
      - '23'
      content-type:
      - application/json; charset=utf-8
      date:
      - Tue, 17 May 2022 12:03:59 GMT
      expires:
      - '-1'
      pragma:
      - no-cache
      server:
      - Microsoft-HTTPAPI/2.0
      strict-transport-security:
      - max-age=31536000; includeSubDomains
      transfer-encoding:
      - chunked
      vary:
      - Accept-Encoding
      x-content-type-options:
      - nosniff
    status:
      code: 200
      message: OK
- request:
    body: null
    headers:
      Accept:
      - '*/*'
      Accept-Encoding:
      - gzip, deflate
      CommandName:
      - synapse workspace create
      Connection:
      - keep-alive
      ParameterSetName:
      - --name --resource-group --storage-account --file-system --sql-admin-login-user
        --sql-admin-login-password --location
      User-Agent:
      - AZURECLI/2.36.0 azsdk-python-mgmt-synapse/2.1.0b2 Python/3.8.9 (Windows-10-10.0.19041-SP0)
    method: GET
    uri: https://management.azure.com/subscriptions/00000000-0000-0000-0000-000000000000/resourceGroups/synapse-cli000001/providers/Microsoft.Synapse/workspaces/clitest000003/operationStatuses/d3f157cd-4a3e-4057-9628-2c4c4eb51b01?api-version=2021-06-01
  response:
    body:
      string: '{"status":"Succeeded"}'
    headers:
      cache-control:
      - no-cache
      content-length:
      - '22'
      content-type:
      - application/json; charset=utf-8
      date:
      - Tue, 17 May 2022 12:04:31 GMT
      expires:
      - '-1'
      pragma:
      - no-cache
      server:
      - Microsoft-HTTPAPI/2.0
      strict-transport-security:
      - max-age=31536000; includeSubDomains
      transfer-encoding:
      - chunked
      vary:
      - Accept-Encoding
      x-content-type-options:
      - nosniff
    status:
      code: 200
      message: OK
- request:
    body: null
    headers:
      Accept:
      - '*/*'
      Accept-Encoding:
      - gzip, deflate
      CommandName:
      - synapse workspace create
      Connection:
      - keep-alive
      ParameterSetName:
      - --name --resource-group --storage-account --file-system --sql-admin-login-user
        --sql-admin-login-password --location
      User-Agent:
      - AZURECLI/2.36.0 azsdk-python-mgmt-synapse/2.1.0b2 Python/3.8.9 (Windows-10-10.0.19041-SP0)
    method: GET
    uri: https://management.azure.com/subscriptions/00000000-0000-0000-0000-000000000000/resourceGroups/synapse-cli000001/providers/Microsoft.Synapse/workspaces/clitest000003?api-version=2021-06-01
  response:
    body:
      string: '{"properties":{"defaultDataLakeStorage":{"createManagedPrivateEndpoint":false,"accountUrl":"https://adlsgen2000002.dfs.core.windows.net","filesystem":"testfilesystem"},"encryption":{"doubleEncryptionEnabled":false},"provisioningState":"Succeeded","connectivityEndpoints":{"web":"https://web.azuresynapse.net?workspace=%2fsubscriptions%2f051ddeca-1ed6-4d8b-ba6f-1ff561e5f3b3%2fresourceGroups%2fsynapse-cli000001%2fproviders%2fMicrosoft.Synapse%2fworkspaces%2fclitest000003","dev":"https://clitest000003.dev.azuresynapse.net","sqlOnDemand":"clitest000003-ondemand.sql.azuresynapse.net","sql":"clitest000003.sql.azuresynapse.net"},"managedResourceGroupName":"synapseworkspace-managedrg-918be377-2e93-4356-8aa5-fafdd1b113a6","sqlAdministratorLogin":"cliuser1","privateEndpointConnections":[],"workspaceUID":"1079e27d-c13e-4e7d-b29f-d0360b764fc1","extraProperties":{"WorkspaceType":"Normal","IsScopeEnabled":false},"publicNetworkAccess":"Enabled","cspWorkspaceAdminProperties":{"initialWorkspaceAdminObjectId":"6a33200f-2b27-4fda-8567-b0c70d532441"},"trustedServiceBypassEnabled":false},"type":"Microsoft.Synapse/workspaces","id":"/subscriptions/00000000-0000-0000-0000-000000000000/resourceGroups/synapse-cli000001/providers/Microsoft.Synapse/workspaces/clitest000003","location":"eastus","name":"clitest000003","identity":{"type":"SystemAssigned","tenantId":"72f988bf-86f1-41af-91ab-2d7cd011db47","principalId":"de9f0fe7-171e-4229-b4c0-7517c6bbcbe2"}}'
    headers:
      cache-control:
      - no-cache
      content-length:
      - '1448'
      content-type:
      - application/json; charset=utf-8
      date:
      - Tue, 17 May 2022 12:04:31 GMT
      expires:
      - '-1'
      pragma:
      - no-cache
      server:
      - Microsoft-HTTPAPI/2.0
      strict-transport-security:
      - max-age=31536000; includeSubDomains
      transfer-encoding:
      - chunked
      vary:
      - Accept-Encoding
      x-content-type-options:
      - nosniff
    status:
      code: 200
      message: OK
- request:
    body: '{"properties": {"endIpAddress": "255.255.255.255", "startIpAddress": "0.0.0.0"}}'
    headers:
      Accept:
      - application/json
      Accept-Encoding:
      - gzip, deflate
      CommandName:
      - synapse workspace firewall-rule create
      Connection:
      - keep-alive
      Content-Length:
      - '80'
      Content-Type:
      - application/json
      ParameterSetName:
      - --resource-group --name --workspace-name --start-ip-address --end-ip-address
      User-Agent:
      - AZURECLI/2.36.0 azsdk-python-mgmt-synapse/2.1.0b2 Python/3.8.9 (Windows-10-10.0.19041-SP0)
    method: PUT
    uri: https://management.azure.com/subscriptions/00000000-0000-0000-0000-000000000000/resourceGroups/synapse-cli000001/providers/Microsoft.Synapse/workspaces/clitest000003/firewallRules/allowAll?api-version=2021-06-01
  response:
    body:
      string: '{"properties":{"provisioningState":"Provisioning","startIpAddress":"0.0.0.0","endIpAddress":"255.255.255.255"},"id":"/subscriptions/00000000-0000-0000-0000-000000000000/resourceGroups/synapse-cli000001/providers/Microsoft.Synapse/workspaces/clitest000003/firewallRules/allowAll","name":"allowAll","type":"Microsoft.Synapse/workspaces/firewallRules"}'
    headers:
      access-control-allow-headers:
      - Location
      access-control-expose-headers:
      - Location
      azure-asyncoperation:
      - https://management.azure.com/subscriptions/00000000-0000-0000-0000-000000000000/resourceGroups/synapse-cli000001/providers/Microsoft.Synapse/workspaces/clitest000003/operationStatuses/6ef6624f-be89-45d2-bf95-9e407ac9baac?api-version=2021-06-01
      cache-control:
      - no-cache
      content-length:
      - '349'
      content-type:
      - application/json; charset=utf-8
      date:
      - Tue, 17 May 2022 12:04:35 GMT
      expires:
      - '-1'
      location:
      - https://management.azure.com/subscriptions/00000000-0000-0000-0000-000000000000/resourceGroups/synapse-cli000001/providers/Microsoft.Synapse/workspaces/clitest000003/operationResults/6ef6624f-be89-45d2-bf95-9e407ac9baac?api-version=2021-06-01
      pragma:
      - no-cache
      server:
      - Microsoft-HTTPAPI/2.0
      strict-transport-security:
      - max-age=31536000; includeSubDomains
      x-content-type-options:
      - nosniff
      x-ms-ratelimit-remaining-subscription-writes:
      - '1198'
    status:
      code: 201
      message: Created
- request:
    body: null
    headers:
      Accept:
      - '*/*'
      Accept-Encoding:
      - gzip, deflate
      CommandName:
      - synapse workspace firewall-rule create
      Connection:
      - keep-alive
      ParameterSetName:
      - --resource-group --name --workspace-name --start-ip-address --end-ip-address
      User-Agent:
      - AZURECLI/2.36.0 azsdk-python-mgmt-synapse/2.1.0b2 Python/3.8.9 (Windows-10-10.0.19041-SP0)
    method: GET
    uri: https://management.azure.com/subscriptions/00000000-0000-0000-0000-000000000000/resourceGroups/synapse-cli000001/providers/Microsoft.Synapse/workspaces/clitest000003/operationStatuses/6ef6624f-be89-45d2-bf95-9e407ac9baac?api-version=2021-06-01
  response:
    body:
      string: '{"status":"Succeeded"}'
    headers:
      cache-control:
      - no-cache
      content-length:
      - '22'
      content-type:
      - application/json; charset=utf-8
      date:
      - Tue, 17 May 2022 12:05:07 GMT
      expires:
      - '-1'
      pragma:
      - no-cache
      server:
      - Microsoft-HTTPAPI/2.0
      strict-transport-security:
      - max-age=31536000; includeSubDomains
      transfer-encoding:
      - chunked
      vary:
      - Accept-Encoding
      x-content-type-options:
      - nosniff
    status:
      code: 200
      message: OK
- request:
    body: null
    headers:
      Accept:
      - '*/*'
      Accept-Encoding:
      - gzip, deflate
      CommandName:
      - synapse workspace firewall-rule create
      Connection:
      - keep-alive
      ParameterSetName:
      - --resource-group --name --workspace-name --start-ip-address --end-ip-address
      User-Agent:
      - AZURECLI/2.36.0 azsdk-python-mgmt-synapse/2.1.0b2 Python/3.8.9 (Windows-10-10.0.19041-SP0)
    method: GET
    uri: https://management.azure.com/subscriptions/00000000-0000-0000-0000-000000000000/resourceGroups/synapse-cli000001/providers/Microsoft.Synapse/workspaces/clitest000003/operationResults/6ef6624f-be89-45d2-bf95-9e407ac9baac?api-version=2021-06-01
  response:
    body:
      string: '{"properties":{"provisioningState":"Succeeded","startIpAddress":"0.0.0.0","endIpAddress":"255.255.255.255"},"id":"/subscriptions/00000000-0000-0000-0000-000000000000/resourceGroups/synapse-cli000001/providers/Microsoft.Synapse/workspaces/clitest000003/firewallRules/allowAll","name":"allowAll","type":"Microsoft.Synapse/workspaces/firewallRules"}'
    headers:
      cache-control:
      - no-cache
      content-length:
      - '346'
      content-type:
      - application/json; charset=utf-8
      date:
      - Tue, 17 May 2022 12:05:08 GMT
      expires:
      - '-1'
      pragma:
      - no-cache
      server:
      - Microsoft-HTTPAPI/2.0
      strict-transport-security:
      - max-age=31536000; includeSubDomains
      transfer-encoding:
      - chunked
      vary:
      - Accept-Encoding
      x-content-type-options:
      - nosniff
    status:
      code: 200
      message: OK
- request:
    body: '{"properties": {"type": "CosmosDbMongoDbApi", "connectVia": {"type": "IntegrationRuntimeReference",
      "referenceName": "AutoResolveIntegrationRuntime"}, "annotations": [], "typeProperties":
      {"connectionString": "", "database": ""}}}'
    headers:
      Accept:
      - application/json
      Accept-Encoding:
      - gzip, deflate
      Connection:
      - keep-alive
      Content-Length:
      - '230'
      Content-Type:
      - application/json
      User-Agent:
      - azsdk-python-synapse-artifacts/0.13.0 Python/3.8.9 (Windows-10-10.0.19041-SP0)
    method: PUT
    uri: https://clitest000003.dev.azuresynapse.net/linkedservices/linkedservice?api-version=2020-12-01
  response:
    body:
      string: '{"id":"/subscriptions/00000000-0000-0000-0000-000000000000/resourceGroups/synapse-cli000001/providers/Microsoft.Synapse/workspaces/clitest000003/linkedServices/linkedservice","recordId":4131394,"state":"Creating","created":"2022-05-17T12:05:31.8Z","changed":"2022-05-17T12:05:31.8Z","type":"LinkedService","name":"linkedservice","operationId":"08674711-d036-4030-bc78-2dfe82214dde","artifactId":"B0B51A9B-5C54-47B1-9FFB-B4737C5E46C3"}'
    headers:
      access-control-allow-headers:
      - Location
      - Retry-After
      access-control-expose-headers:
      - Location
      - Retry-After
      content-length:
      - '434'
      content-type:
      - application/json; charset=utf-8
      date:
      - Tue, 17 May 2022 12:05:31 GMT
      location:
      - https://clitest000003.dev.azuresynapse.net/operationResults/08674711-d036-4030-bc78-2dfe82214dde?api-version=2020-12-01
      server:
      - Microsoft-HTTPAPI/2.0
      strict-transport-security:
      - max-age=31536000; includeSubDomains
    status:
      code: 202
      message: Accepted
- request:
    body: null
    headers:
      Accept:
      - '*/*'
      Accept-Encoding:
      - gzip, deflate
      Connection:
      - keep-alive
      User-Agent:
      - azsdk-python-synapse-artifacts/0.13.0 Python/3.8.9 (Windows-10-10.0.19041-SP0)
    method: GET
    uri: https://clitest000003.dev.azuresynapse.net/operationResults/08674711-d036-4030-bc78-2dfe82214dde?api-version=2020-12-01
  response:
    body:
      string: "{\n  \"id\": \"/subscriptions/00000000-0000-0000-0000-000000000000/resourceGroups/synapse-cli000001/providers/Microsoft.Synapse/workspaces/clitest000003/linkedservices/linkedservice\",\n
        \ \"name\": \"linkedservice\",\n  \"type\": \"Microsoft.Synapse/workspaces/linkedservices\",\n
        \ \"properties\": {\n    \"type\": \"CosmosDbMongoDbApi\",\n    \"connectVia\":
        {\n      \"type\": \"IntegrationRuntimeReference\",\n      \"referenceName\":
        \"AutoResolveIntegrationRuntime\"\n    },\n    \"annotations\": [],\n    \"typeProperties\":
        {\n      \"connectionString\": \"\",\n      \"database\": \"\"\n    }\n  },\n
        \ \"etag\": \"0800c1ef-0000-0100-0000-62838f8e0000\"\n}"
    headers:
      content-length:
      - '602'
      content-type:
      - application/json; charset=utf-8
      date:
      - Tue, 17 May 2022 12:05:41 GMT
      server:
      - Kestrel Microsoft-HTTPAPI/2.0
      strict-transport-security:
      - max-age=31536000; includeSubDomains
    status:
      code: 200
      message: OK
- request:
    body: null
    headers:
      Accept:
      - application/json
      Accept-Encoding:
      - gzip, deflate
      Connection:
      - keep-alive
      User-Agent:
      - azsdk-python-synapse-artifacts/0.13.0 Python/3.8.9 (Windows-10-10.0.19041-SP0)
    method: GET
    uri: https://clitest000003.dev.azuresynapse.net/linkedservices/linkedservice?api-version=2020-12-01
  response:
    body:
      string: "{\n  \"id\": \"/subscriptions/00000000-0000-0000-0000-000000000000/resourceGroups/synapse-cli000001/providers/Microsoft.Synapse/workspaces/clitest000003/linkedservices/linkedservice\",\n
        \ \"name\": \"linkedservice\",\n  \"type\": \"Microsoft.Synapse/workspaces/linkedservices\",\n
        \ \"properties\": {\n    \"type\": \"CosmosDbMongoDbApi\",\n    \"connectVia\":
        {\n      \"type\": \"IntegrationRuntimeReference\",\n      \"referenceName\":
        \"AutoResolveIntegrationRuntime\"\n    },\n    \"annotations\": [],\n    \"typeProperties\":
        {\n      \"connectionString\": \"\",\n      \"database\": \"\"\n    }\n  },\n
        \ \"etag\": \"0800c1ef-0000-0100-0000-62838f8e0000\"\n}"
    headers:
      content-length:
      - '602'
      content-type:
      - application/json; charset=utf-8
      date:
      - Tue, 17 May 2022 12:05:42 GMT
      server:
      - Kestrel Microsoft-HTTPAPI/2.0
      strict-transport-security:
      - max-age=31536000; includeSubDomains
    status:
      code: 200
      message: OK
- request:
    body: null
    headers:
      Accept:
      - application/json
      Accept-Encoding:
      - gzip, deflate
      Connection:
      - keep-alive
      User-Agent:
      - azsdk-python-synapse-artifacts/0.13.0 Python/3.8.9 (Windows-10-10.0.19041-SP0)
    method: GET
    uri: https://clitest000003.dev.azuresynapse.net/linkedservices?api-version=2020-12-01
  response:
    body:
      string: '{"value":[{"id":"/subscriptions/00000000-0000-0000-0000-000000000000/resourceGroups/synapse-cli000001/providers/Microsoft.Synapse/workspaces/clitest000003/linkedservices/clitest000003-WorkspaceDefaultSqlServer","name":"clitest000003-WorkspaceDefaultSqlServer","type":"Microsoft.Synapse/workspaces/linkedservices","etag":"0800d5ee-0000-0100-0000-62838f060000","properties":{"typeProperties":{"connectionString":"Data
        Source=tcp:clitest000003.sql.azuresynapse.net,1433;Initial Catalog=@{linkedService().DBName}"},"parameters":{"DBName":{"type":"String"}},"type":"AzureSqlDW","connectVia":{"referenceName":"AutoResolveIntegrationRuntime","type":"IntegrationRuntimeReference"}}},{"id":"/subscriptions/00000000-0000-0000-0000-000000000000/resourceGroups/synapse-cli000001/providers/Microsoft.Synapse/workspaces/clitest000003/linkedservices/clitest000003-WorkspaceDefaultStorage","name":"clitest000003-WorkspaceDefaultStorage","type":"Microsoft.Synapse/workspaces/linkedservices","etag":"0800e2ee-0000-0100-0000-62838f0b0000","properties":{"typeProperties":{"url":"https://adlsgen2000002.dfs.core.windows.net"},"type":"AzureBlobFS","connectVia":{"referenceName":"AutoResolveIntegrationRuntime","type":"IntegrationRuntimeReference"}}},{"id":"/subscriptions/00000000-0000-0000-0000-000000000000/resourceGroups/synapse-cli000001/providers/Microsoft.Synapse/workspaces/clitest000003/linkedservices/linkedservice","name":"linkedservice","type":"Microsoft.Synapse/workspaces/linkedservices","etag":"0800c1ef-0000-0100-0000-62838f8e0000","properties":{"type":"CosmosDbMongoDbApi","connectVia":{"type":"IntegrationRuntimeReference","referenceName":"AutoResolveIntegrationRuntime"},"annotations":[],"typeProperties":{"connectionString":"","database":""}}}]}'
    headers:
      content-length:
      - '1742'
      content-type:
      - application/json; charset=utf-8
      date:
      - Tue, 17 May 2022 12:05:44 GMT
      server:
      - Microsoft-HTTPAPI/2.0
      strict-transport-security:
      - max-age=31536000; includeSubDomains
    status:
      code: 200
      message: OK
- request:
    body: null
    headers:
      Accept:
      - application/json
      Accept-Encoding:
      - gzip, deflate
      Connection:
      - keep-alive
      Content-Length:
      - '0'
      User-Agent:
      - azsdk-python-synapse-artifacts/0.13.0 Python/3.8.9 (Windows-10-10.0.19041-SP0)
    method: DELETE
    uri: https://clitest000003.dev.azuresynapse.net/linkedservices/linkedservice?api-version=2020-12-01
  response:
    body:
      string: '{"id":"/subscriptions/00000000-0000-0000-0000-000000000000/resourceGroups/synapse-cli000001/providers/Microsoft.Synapse/workspaces/clitest000003/linkedServices/linkedservice","recordId":0,"state":"Deleting","created":"0001-01-01T00:00:00","changed":"0001-01-01T00:00:00","type":"LinkedService","name":"linkedservice","operationId":"246f41ed-e489-45b7-89f3-4fa87ecb760b"}'
    headers:
      access-control-allow-headers:
      - Location
      access-control-expose-headers:
      - Location
      content-length:
      - '370'
      content-type:
      - application/json; charset=utf-8
      date:
      - Tue, 17 May 2022 12:05:46 GMT
      location:
      - https://clitest000003.dev.azuresynapse.net/operationResults/246f41ed-e489-45b7-89f3-4fa87ecb760b?api-version=2020-12-01
      server:
      - Microsoft-HTTPAPI/2.0
      strict-transport-security:
      - max-age=31536000; includeSubDomains
    status:
      code: 202
      message: Accepted
- request:
    body: null
    headers:
      Accept:
      - '*/*'
      Accept-Encoding:
      - gzip, deflate
      Connection:
      - keep-alive
      User-Agent:
      - azsdk-python-synapse-artifacts/0.13.0 Python/3.8.9 (Windows-10-10.0.19041-SP0)
    method: GET
    uri: https://clitest000003.dev.azuresynapse.net/operationResults/246f41ed-e489-45b7-89f3-4fa87ecb760b?api-version=2020-12-01
  response:
    body:
      string: ''
    headers:
      content-length:
      - '0'
      date:
      - Tue, 17 May 2022 12:06:16 GMT
      server:
      - Microsoft-HTTPAPI/2.0
      strict-transport-security:
      - max-age=31536000; includeSubDomains
    status:
      code: 200
      message: OK
- request:
    body: null
    headers:
      Accept:
      - application/json
      Accept-Encoding:
      - gzip, deflate
      Connection:
      - keep-alive
      User-Agent:
      - azsdk-python-synapse-artifacts/0.13.0 Python/3.8.9 (Windows-10-10.0.19041-SP0)
    method: GET
    uri: https://clitest000003.dev.azuresynapse.net/linkedservices/linkedservice?api-version=2020-12-01
  response:
    body:
      string: '{"code":"LinkedServiceNotFound","message":"The LinkedService linkedservice
        was not found in (subscription=051ddeca-1ed6-4d8b-ba6f-1ff561e5f3b3 resourceGroup=synapse-cli000001
        workspace=clitest000003)"}'
    headers:
      content-length:
      - '201'
      content-type:
      - application/json; charset=utf-8
      date:
      - Tue, 17 May 2022 12:06:17 GMT
      server:
      - Microsoft-HTTPAPI/2.0
      strict-transport-security:
      - max-age=31536000; includeSubDomains
    status:
      code: 404
      message: Not Found
version: 1
