interactions:
- request:
    body: '{"sku": {"name": "Standard_RAGRS"}, "kind": "StorageV2", "location": "eastus2euap",
      "properties": {"encryption": {"services": {"blob": {}}, "keySource": "Microsoft.Storage"},
      "isHnsEnabled": true}}'
    headers:
      Accept:
      - application/json
      Accept-Encoding:
      - gzip, deflate
      CommandName:
      - storage account create
      Connection:
      - keep-alive
      Content-Length:
      - '197'
      Content-Type:
      - application/json
      ParameterSetName:
      - --name --resource-group --enable-hierarchical-namespace --location
      User-Agent:
      - AZURECLI/2.24.2 azsdk-python-azure-mgmt-storage/18.0.0 Python/3.7.4 (Windows-10-10.0.19041-SP0)
    method: PUT
    uri: https://management.azure.com/subscriptions/00000000-0000-0000-0000-000000000000/resourceGroups/synapse-cli000001/providers/Microsoft.Storage/storageAccounts/adlsgen2000004?api-version=2021-04-01
  response:
    body:
      string: ''
    headers:
      cache-control:
      - no-cache
      content-length:
      - '0'
      content-type:
      - text/plain; charset=utf-8
      date:
      - Mon, 21 Jun 2021 04:56:28 GMT
      expires:
      - '-1'
      location:
      - https://management.azure.com/subscriptions/00000000-0000-0000-0000-000000000000/providers/Microsoft.Storage/locations/eastus2euap/asyncoperations/204dc81e-f294-446a-8a9b-fd5d746d72de?monitor=true&api-version=2021-04-01
      pragma:
      - no-cache
      server:
      - Microsoft-Azure-Storage-Resource-Provider/1.0,Microsoft-HTTPAPI/2.0 Microsoft-HTTPAPI/2.0
      strict-transport-security:
      - max-age=31536000; includeSubDomains
      x-content-type-options:
      - nosniff
      x-ms-ratelimit-remaining-subscription-writes:
      - '1199'
    status:
      code: 202
      message: Accepted
- request:
    body: null
    headers:
      Accept:
      - '*/*'
      Accept-Encoding:
      - gzip, deflate
      CommandName:
      - storage account create
      Connection:
      - keep-alive
      ParameterSetName:
      - --name --resource-group --enable-hierarchical-namespace --location
      User-Agent:
      - AZURECLI/2.24.2 azsdk-python-azure-mgmt-storage/18.0.0 Python/3.7.4 (Windows-10-10.0.19041-SP0)
    method: GET
    uri: https://management.azure.com/subscriptions/00000000-0000-0000-0000-000000000000/providers/Microsoft.Storage/locations/eastus2euap/asyncoperations/204dc81e-f294-446a-8a9b-fd5d746d72de?monitor=true&api-version=2021-04-01
  response:
    body:
      string: '{"sku":{"name":"Standard_RAGRS","tier":"Standard"},"kind":"StorageV2","id":"/subscriptions/00000000-0000-0000-0000-000000000000/resourceGroups/synapse-cli000001/providers/Microsoft.Storage/storageAccounts/adlsgen2000004","name":"adlsgen2000004","type":"Microsoft.Storage/storageAccounts","location":"eastus2euap","tags":{},"properties":{"keyCreationTime":{"key1":"2021-06-21T04:56:26.7146791Z","key2":"2021-06-21T04:56:26.7146791Z"},"privateEndpointConnections":[],"isHnsEnabled":true,"networkAcls":{"bypass":"AzureServices","virtualNetworkRules":[],"ipRules":[],"defaultAction":"Allow"},"supportsHttpsTrafficOnly":true,"encryption":{"services":{"file":{"keyType":"Account","enabled":true,"lastEnabledTime":"2021-06-21T04:56:26.7146791Z"},"blob":{"keyType":"Account","enabled":true,"lastEnabledTime":"2021-06-21T04:56:26.7146791Z"}},"keySource":"Microsoft.Storage"},"accessTier":"Hot","provisioningState":"Succeeded","creationTime":"2021-06-21T04:56:26.5746973Z","primaryEndpoints":{"dfs":"https://adlsgen2000004.dfs.core.windows.net/","web":"https://adlsgen2000004.z3.web.core.windows.net/","blob":"https://adlsgen2000004.blob.core.windows.net/","queue":"https://adlsgen2000004.queue.core.windows.net/","table":"https://adlsgen2000004.table.core.windows.net/","file":"https://adlsgen2000004.file.core.windows.net/"},"primaryLocation":"eastus2euap","statusOfPrimary":"available","secondaryLocation":"centraluseuap","statusOfSecondary":"available","secondaryEndpoints":{"dfs":"https://adlsgen2000004-secondary.dfs.core.windows.net/","web":"https://adlsgen2000004-secondary.z3.web.core.windows.net/","blob":"https://adlsgen2000004-secondary.blob.core.windows.net/","queue":"https://adlsgen2000004-secondary.queue.core.windows.net/","table":"https://adlsgen2000004-secondary.table.core.windows.net/"}}}'
    headers:
      cache-control:
      - no-cache
      content-length:
      - '1824'
      content-type:
      - application/json
      date:
      - Mon, 21 Jun 2021 04:56:45 GMT
      expires:
      - '-1'
      pragma:
      - no-cache
      server:
      - Microsoft-Azure-Storage-Resource-Provider/1.0,Microsoft-HTTPAPI/2.0 Microsoft-HTTPAPI/2.0
      strict-transport-security:
      - max-age=31536000; includeSubDomains
      transfer-encoding:
      - chunked
      vary:
      - Accept-Encoding
      x-content-type-options:
      - nosniff
    status:
      code: 200
      message: OK
- request:
    body: '{"location": "eastus2euap", "identity": {"type": "SystemAssigned"}, "properties":
      {"defaultDataLakeStorage": {"accountUrl": "https://adlsgen2000004.dfs.core.windows.net",
      "filesystem": "testfilesystem"}, "sqlAdministratorLoginPassword": "Pswd1000003",
      "sqlAdministratorLogin": "cliuser1"}}'
    headers:
      Accept:
      - application/json
      Accept-Encoding:
      - gzip, deflate
      CommandName:
      - synapse workspace create
      Connection:
      - keep-alive
      Content-Length:
      - '296'
      Content-Type:
      - application/json
      ParameterSetName:
      - --name --resource-group --storage-account --file-system --sql-admin-login-user
        --sql-admin-login-password --location
      User-Agent:
      - AZURECLI/2.24.2 azsdk-python-mgmt-synapse/2.0.0 Python/3.7.4 (Windows-10-10.0.19041-SP0)
    method: PUT
    uri: https://management.azure.com/subscriptions/00000000-0000-0000-0000-000000000000/resourceGroups/synapse-cli000001/providers/Microsoft.Synapse/workspaces/clitest000002?api-version=2021-03-01
  response:
    body:
      string: '{"type":"Microsoft.Synapse/workspaces","properties":{"encryption":{"doubleEncryptionEnabled":false},"provisioningState":"Provisioning","connectivityEndpoints":{"web":"https://web.azuresynapse.net?workspace=%2fsubscriptions%2f051ddeca-1ed6-4d8b-ba6f-1ff561e5f3b3%2fresourceGroups%2fsynapse-cli000001%2fproviders%2fMicrosoft.Synapse%2fworkspaces%2fclitest000002","dev":"https://clitest000002.dev.azuresynapse.net","sqlOnDemand":"clitest000002-ondemand.sql.azuresynapse.net","sql":"clitest000002.sql.azuresynapse.net"},"managedResourceGroupName":"synapseworkspace-managedrg-264827eb-793f-4809-81f5-29c0f72565a3","defaultDataLakeStorage":{"accountUrl":"https://adlsgen2000004.dfs.core.windows.net","filesystem":"testfilesystem"},"privateEndpointConnections":[],"workspaceUID":"0ca39a90-65f8-4029-9bf8-161b5f6d32b2","extraProperties":{"IsScopeEnabled":false,"WorkspaceType":"Normal"},"publicNetworkAccess":"Enabled"},"id":"/subscriptions/00000000-0000-0000-0000-000000000000/resourceGroups/synapse-cli000001/providers/Microsoft.Synapse/workspaces/clitest000002","location":"eastus2euap","name":"clitest000002","identity":{"type":"SystemAssigned","tenantId":"72f988bf-86f1-41af-91ab-2d7cd011db47","principalId":"47dacea3-1664-403e-9e16-8108b4ac0723"}}'
    headers:
      azure-asyncoperation:
      - https://management.azure.com/subscriptions/00000000-0000-0000-0000-000000000000/resourceGroups/synapse-cli000001/providers/Microsoft.Synapse/workspaces/clitest000002/operationStatuses/3940c0e1-a857-498b-9ab2-2bbc5629dfee?api-version=2021-03-01
      cache-control:
      - no-cache
      content-length:
      - '1263'
      content-type:
      - application/json; charset=utf-8
      date:
      - Mon, 21 Jun 2021 04:57:55 GMT
      expires:
      - '-1'
      pragma:
      - no-cache
      server:
      - Microsoft-HTTPAPI/2.0
      strict-transport-security:
      - max-age=31536000; includeSubDomains
      x-content-type-options:
      - nosniff
      x-ms-ratelimit-remaining-subscription-writes:
      - '1199'
    status:
      code: 201
      message: Created
- request:
    body: null
    headers:
      Accept:
      - '*/*'
      Accept-Encoding:
      - gzip, deflate
      CommandName:
      - synapse workspace create
      Connection:
      - keep-alive
      ParameterSetName:
      - --name --resource-group --storage-account --file-system --sql-admin-login-user
        --sql-admin-login-password --location
      User-Agent:
      - AZURECLI/2.24.2 azsdk-python-mgmt-synapse/2.0.0 Python/3.7.4 (Windows-10-10.0.19041-SP0)
    method: GET
    uri: https://management.azure.com/subscriptions/00000000-0000-0000-0000-000000000000/resourceGroups/synapse-cli000001/providers/Microsoft.Synapse/workspaces/clitest000002/operationStatuses/3940c0e1-a857-498b-9ab2-2bbc5629dfee?api-version=2021-03-01
  response:
    body:
      string: '{"status":"InProgress"}'
    headers:
      cache-control:
      - no-cache
      content-length:
      - '23'
      content-type:
      - application/json; charset=utf-8
      date:
      - Mon, 21 Jun 2021 04:58:25 GMT
      expires:
      - '-1'
      pragma:
      - no-cache
      server:
      - Microsoft-HTTPAPI/2.0
      strict-transport-security:
      - max-age=31536000; includeSubDomains
      transfer-encoding:
      - chunked
      vary:
      - Accept-Encoding
      x-content-type-options:
      - nosniff
    status:
      code: 200
      message: OK
- request:
    body: null
    headers:
      Accept:
      - '*/*'
      Accept-Encoding:
      - gzip, deflate
      CommandName:
      - synapse workspace create
      Connection:
      - keep-alive
      ParameterSetName:
      - --name --resource-group --storage-account --file-system --sql-admin-login-user
        --sql-admin-login-password --location
      User-Agent:
      - AZURECLI/2.24.2 azsdk-python-mgmt-synapse/2.0.0 Python/3.7.4 (Windows-10-10.0.19041-SP0)
    method: GET
    uri: https://management.azure.com/subscriptions/00000000-0000-0000-0000-000000000000/resourceGroups/synapse-cli000001/providers/Microsoft.Synapse/workspaces/clitest000002/operationStatuses/3940c0e1-a857-498b-9ab2-2bbc5629dfee?api-version=2021-03-01
  response:
    body:
      string: '{"status":"InProgress"}'
    headers:
      cache-control:
      - no-cache
      content-length:
      - '23'
      content-type:
      - application/json; charset=utf-8
      date:
      - Mon, 21 Jun 2021 04:58:55 GMT
      expires:
      - '-1'
      pragma:
      - no-cache
      server:
      - Microsoft-HTTPAPI/2.0
      strict-transport-security:
      - max-age=31536000; includeSubDomains
      transfer-encoding:
      - chunked
      vary:
      - Accept-Encoding
      x-content-type-options:
      - nosniff
    status:
      code: 200
      message: OK
- request:
    body: null
    headers:
      Accept:
      - '*/*'
      Accept-Encoding:
      - gzip, deflate
      CommandName:
      - synapse workspace create
      Connection:
      - keep-alive
      ParameterSetName:
      - --name --resource-group --storage-account --file-system --sql-admin-login-user
        --sql-admin-login-password --location
      User-Agent:
      - AZURECLI/2.24.2 azsdk-python-mgmt-synapse/2.0.0 Python/3.7.4 (Windows-10-10.0.19041-SP0)
    method: GET
    uri: https://management.azure.com/subscriptions/00000000-0000-0000-0000-000000000000/resourceGroups/synapse-cli000001/providers/Microsoft.Synapse/workspaces/clitest000002/operationStatuses/3940c0e1-a857-498b-9ab2-2bbc5629dfee?api-version=2021-03-01
  response:
    body:
      string: '{"status":"InProgress"}'
    headers:
      cache-control:
      - no-cache
      content-length:
      - '23'
      content-type:
      - application/json; charset=utf-8
      date:
      - Mon, 21 Jun 2021 04:59:25 GMT
      expires:
      - '-1'
      pragma:
      - no-cache
      server:
      - Microsoft-HTTPAPI/2.0
      strict-transport-security:
      - max-age=31536000; includeSubDomains
      transfer-encoding:
      - chunked
      vary:
      - Accept-Encoding
      x-content-type-options:
      - nosniff
    status:
      code: 200
      message: OK
- request:
    body: null
    headers:
      Accept:
      - '*/*'
      Accept-Encoding:
      - gzip, deflate
      CommandName:
      - synapse workspace create
      Connection:
      - keep-alive
      ParameterSetName:
      - --name --resource-group --storage-account --file-system --sql-admin-login-user
        --sql-admin-login-password --location
      User-Agent:
      - AZURECLI/2.24.2 azsdk-python-mgmt-synapse/2.0.0 Python/3.7.4 (Windows-10-10.0.19041-SP0)
    method: GET
    uri: https://management.azure.com/subscriptions/00000000-0000-0000-0000-000000000000/resourceGroups/synapse-cli000001/providers/Microsoft.Synapse/workspaces/clitest000002/operationStatuses/3940c0e1-a857-498b-9ab2-2bbc5629dfee?api-version=2021-03-01
  response:
    body:
      string: '{"status":"InProgress"}'
    headers:
      cache-control:
      - no-cache
      content-length:
      - '23'
      content-type:
      - application/json; charset=utf-8
      date:
      - Mon, 21 Jun 2021 04:59:56 GMT
      expires:
      - '-1'
      pragma:
      - no-cache
      server:
      - Microsoft-HTTPAPI/2.0
      strict-transport-security:
      - max-age=31536000; includeSubDomains
      transfer-encoding:
      - chunked
      vary:
      - Accept-Encoding
      x-content-type-options:
      - nosniff
    status:
      code: 200
      message: OK
- request:
    body: null
    headers:
      Accept:
      - '*/*'
      Accept-Encoding:
      - gzip, deflate
      CommandName:
      - synapse workspace create
      Connection:
      - keep-alive
      ParameterSetName:
      - --name --resource-group --storage-account --file-system --sql-admin-login-user
        --sql-admin-login-password --location
      User-Agent:
      - AZURECLI/2.24.2 azsdk-python-mgmt-synapse/2.0.0 Python/3.7.4 (Windows-10-10.0.19041-SP0)
    method: GET
    uri: https://management.azure.com/subscriptions/00000000-0000-0000-0000-000000000000/resourceGroups/synapse-cli000001/providers/Microsoft.Synapse/workspaces/clitest000002/operationStatuses/3940c0e1-a857-498b-9ab2-2bbc5629dfee?api-version=2021-03-01
  response:
    body:
      string: '{"status":"InProgress"}'
    headers:
      cache-control:
      - no-cache
      content-length:
      - '23'
      content-type:
      - application/json; charset=utf-8
      date:
      - Mon, 21 Jun 2021 05:00:26 GMT
      expires:
      - '-1'
      pragma:
      - no-cache
      server:
      - Microsoft-HTTPAPI/2.0
      strict-transport-security:
      - max-age=31536000; includeSubDomains
      transfer-encoding:
      - chunked
      vary:
      - Accept-Encoding
      x-content-type-options:
      - nosniff
    status:
      code: 200
      message: OK
- request:
    body: null
    headers:
      Accept:
      - '*/*'
      Accept-Encoding:
      - gzip, deflate
      CommandName:
      - synapse workspace create
      Connection:
      - keep-alive
      ParameterSetName:
      - --name --resource-group --storage-account --file-system --sql-admin-login-user
        --sql-admin-login-password --location
      User-Agent:
      - AZURECLI/2.24.2 azsdk-python-mgmt-synapse/2.0.0 Python/3.7.4 (Windows-10-10.0.19041-SP0)
    method: GET
    uri: https://management.azure.com/subscriptions/00000000-0000-0000-0000-000000000000/resourceGroups/synapse-cli000001/providers/Microsoft.Synapse/workspaces/clitest000002/operationStatuses/3940c0e1-a857-498b-9ab2-2bbc5629dfee?api-version=2021-03-01
  response:
    body:
      string: '{"status":"Succeeded"}'
    headers:
      cache-control:
      - no-cache
      content-length:
      - '22'
      content-type:
      - application/json; charset=utf-8
      date:
      - Mon, 21 Jun 2021 05:00:57 GMT
      expires:
      - '-1'
      pragma:
      - no-cache
      server:
      - Microsoft-HTTPAPI/2.0
      strict-transport-security:
      - max-age=31536000; includeSubDomains
      transfer-encoding:
      - chunked
      vary:
      - Accept-Encoding
      x-content-type-options:
      - nosniff
    status:
      code: 200
      message: OK
- request:
    body: null
    headers:
      Accept:
      - '*/*'
      Accept-Encoding:
      - gzip, deflate
      CommandName:
      - synapse workspace create
      Connection:
      - keep-alive
      ParameterSetName:
      - --name --resource-group --storage-account --file-system --sql-admin-login-user
        --sql-admin-login-password --location
      User-Agent:
      - AZURECLI/2.24.2 azsdk-python-mgmt-synapse/2.0.0 Python/3.7.4 (Windows-10-10.0.19041-SP0)
    method: GET
    uri: https://management.azure.com/subscriptions/00000000-0000-0000-0000-000000000000/resourceGroups/synapse-cli000001/providers/Microsoft.Synapse/workspaces/clitest000002?api-version=2021-03-01
  response:
    body:
      string: '{"type":"Microsoft.Synapse/workspaces","properties":{"encryption":{"doubleEncryptionEnabled":false},"provisioningState":"Succeeded","connectivityEndpoints":{"web":"https://web.azuresynapse.net?workspace=%2fsubscriptions%2f051ddeca-1ed6-4d8b-ba6f-1ff561e5f3b3%2fresourceGroups%2fsynapse-cli000001%2fproviders%2fMicrosoft.Synapse%2fworkspaces%2fclitest000002","dev":"https://clitest000002.dev.azuresynapse.net","sqlOnDemand":"clitest000002-ondemand.sql.azuresynapse.net","sql":"clitest000002.sql.azuresynapse.net"},"managedResourceGroupName":"synapseworkspace-managedrg-264827eb-793f-4809-81f5-29c0f72565a3","defaultDataLakeStorage":{"accountUrl":"https://adlsgen2000004.dfs.core.windows.net","filesystem":"testfilesystem"},"sqlAdministratorLogin":"cliuser1","privateEndpointConnections":[],"workspaceUID":"0ca39a90-65f8-4029-9bf8-161b5f6d32b2","extraProperties":{"IsScopeEnabled":false,"WorkspaceType":"Normal"},"publicNetworkAccess":"Enabled"},"id":"/subscriptions/00000000-0000-0000-0000-000000000000/resourceGroups/synapse-cli000001/providers/Microsoft.Synapse/workspaces/clitest000002","location":"eastus2euap","name":"clitest000002","identity":{"type":"SystemAssigned","tenantId":"72f988bf-86f1-41af-91ab-2d7cd011db47","principalId":"47dacea3-1664-403e-9e16-8108b4ac0723"}}'
    headers:
      cache-control:
      - no-cache
      content-length:
      - '1295'
      content-type:
      - application/json; charset=utf-8
      date:
      - Mon, 21 Jun 2021 05:00:57 GMT
      expires:
      - '-1'
      pragma:
      - no-cache
      server:
      - Microsoft-HTTPAPI/2.0
      strict-transport-security:
      - max-age=31536000; includeSubDomains
      transfer-encoding:
      - chunked
      vary:
      - Accept-Encoding
      x-content-type-options:
      - nosniff
    status:
      code: 200
      message: OK
- request:
    body: null
    headers:
      Accept:
      - application/json
      Accept-Encoding:
      - gzip, deflate
      CommandName:
      - synapse sql ad-admin create
      Connection:
      - keep-alive
      ParameterSetName:
      - --workspace-name --resource-group --display-name --object-id
      User-Agent:
      - AZURECLI/2.24.2 azsdk-python-mgmt-synapse/2.0.0 Python/3.7.4 (Windows-10-10.0.19041-SP0)
    method: GET
    uri: https://management.azure.com/subscriptions/00000000-0000-0000-0000-000000000000/resourceGroups/synapse-cli000001/providers/Microsoft.Synapse/workspaces/clitest000002?api-version=2021-03-01
  response:
    body:
      string: '{"type":"Microsoft.Synapse/workspaces","properties":{"encryption":{"doubleEncryptionEnabled":false},"provisioningState":"Succeeded","connectivityEndpoints":{"web":"https://web.azuresynapse.net?workspace=%2fsubscriptions%2f051ddeca-1ed6-4d8b-ba6f-1ff561e5f3b3%2fresourceGroups%2fsynapse-cli000001%2fproviders%2fMicrosoft.Synapse%2fworkspaces%2fclitest000002","dev":"https://clitest000002.dev.azuresynapse.net","sqlOnDemand":"clitest000002-ondemand.sql.azuresynapse.net","sql":"clitest000002.sql.azuresynapse.net"},"managedResourceGroupName":"synapseworkspace-managedrg-264827eb-793f-4809-81f5-29c0f72565a3","defaultDataLakeStorage":{"accountUrl":"https://adlsgen2000004.dfs.core.windows.net","filesystem":"testfilesystem"},"sqlAdministratorLogin":"cliuser1","privateEndpointConnections":[],"workspaceUID":"0ca39a90-65f8-4029-9bf8-161b5f6d32b2","extraProperties":{"IsScopeEnabled":false,"WorkspaceType":"Normal"},"publicNetworkAccess":"Enabled"},"id":"/subscriptions/00000000-0000-0000-0000-000000000000/resourceGroups/synapse-cli000001/providers/Microsoft.Synapse/workspaces/clitest000002","location":"eastus2euap","name":"clitest000002","identity":{"type":"SystemAssigned","tenantId":"72f988bf-86f1-41af-91ab-2d7cd011db47","principalId":"47dacea3-1664-403e-9e16-8108b4ac0723"}}'
    headers:
      cache-control:
      - no-cache
      content-length:
      - '1295'
      content-type:
      - application/json; charset=utf-8
      date:
      - Mon, 21 Jun 2021 05:01:00 GMT
      expires:
      - '-1'
      pragma:
      - no-cache
      server:
      - Microsoft-HTTPAPI/2.0
      strict-transport-security:
      - max-age=31536000; includeSubDomains
      transfer-encoding:
      - chunked
      vary:
      - Accept-Encoding
      x-content-type-options:
      - nosniff
    status:
      code: 200
      message: OK
- request:
    body: '{"properties": {"tenantId": "72f988bf-86f1-41af-91ab-2d7cd011db47", "login":
      "fakeuser", "administratorType": "activeDirectory", "sid": "00000000-0000-4002-becf-488f3e6ab703"}}'
    headers:
      Accept:
      - application/json
      Accept-Encoding:
      - gzip, deflate
      CommandName:
      - synapse sql ad-admin create
      Connection:
      - keep-alive
      Content-Length:
      - '176'
      Content-Type:
      - application/json
      ParameterSetName:
      - --workspace-name --resource-group --display-name --object-id
      User-Agent:
      - AZURECLI/2.24.2 azsdk-python-mgmt-synapse/2.0.0 Python/3.7.4 (Windows-10-10.0.19041-SP0)
    method: PUT
    uri: https://management.azure.com/subscriptions/00000000-0000-0000-0000-000000000000/resourceGroups/synapse-cli000001/providers/Microsoft.Synapse/workspaces/clitest000002/administrators/activeDirectory?api-version=2021-03-01
  response:
    body:
      string: ''
    headers:
      access-control-allow-headers:
      - Location
      access-control-expose-headers:
      - Location
      azure-asyncoperation:
      - https://management.azure.com/subscriptions/00000000-0000-0000-0000-000000000000/resourceGroups/synapse-cli000001/providers/Microsoft.Synapse/workspaces/clitest000002/operationStatuses/023a0d08-9b05-4ba3-bbe4-cd79054a58fb?api-version=2021-03-01
      cache-control:
      - no-cache
      content-length:
      - '0'
      date:
      - Mon, 21 Jun 2021 05:01:02 GMT
      expires:
      - '-1'
      location:
      - https://management.azure.com/subscriptions/00000000-0000-0000-0000-000000000000/resourceGroups/synapse-cli000001/providers/Microsoft.Synapse/workspaces/clitest000002/operationResults/023a0d08-9b05-4ba3-bbe4-cd79054a58fb?api-version=2021-03-01
      pragma:
      - no-cache
      server:
      - Microsoft-HTTPAPI/2.0
      strict-transport-security:
      - max-age=31536000; includeSubDomains
      x-content-type-options:
      - nosniff
      x-ms-ratelimit-remaining-subscription-writes:
      - '1199'
    status:
      code: 202
      message: Accepted
- request:
    body: null
    headers:
      Accept:
      - '*/*'
      Accept-Encoding:
      - gzip, deflate
      CommandName:
      - synapse sql ad-admin create
      Connection:
      - keep-alive
      ParameterSetName:
      - --workspace-name --resource-group --display-name --object-id
      User-Agent:
      - AZURECLI/2.24.2 azsdk-python-mgmt-synapse/2.0.0 Python/3.7.4 (Windows-10-10.0.19041-SP0)
    method: GET
    uri: https://management.azure.com/subscriptions/00000000-0000-0000-0000-000000000000/resourceGroups/synapse-cli000001/providers/Microsoft.Synapse/workspaces/clitest000002/operationStatuses/023a0d08-9b05-4ba3-bbe4-cd79054a58fb?api-version=2021-03-01
  response:
    body:
      string: '{"status":"Succeeded"}'
    headers:
      cache-control:
      - no-cache
      content-length:
      - '22'
      content-type:
      - application/json; charset=utf-8
      date:
      - Mon, 21 Jun 2021 05:01:32 GMT
      expires:
      - '-1'
      pragma:
      - no-cache
      server:
      - Microsoft-HTTPAPI/2.0
      strict-transport-security:
      - max-age=31536000; includeSubDomains
      transfer-encoding:
      - chunked
      vary:
      - Accept-Encoding
      x-content-type-options:
      - nosniff
    status:
      code: 200
      message: OK
- request:
    body: null
    headers:
      Accept:
      - '*/*'
      Accept-Encoding:
      - gzip, deflate
      CommandName:
      - synapse sql ad-admin create
      Connection:
      - keep-alive
      ParameterSetName:
      - --workspace-name --resource-group --display-name --object-id
      User-Agent:
      - AZURECLI/2.24.2 azsdk-python-mgmt-synapse/2.0.0 Python/3.7.4 (Windows-10-10.0.19041-SP0)
    method: GET
    uri: https://management.azure.com/subscriptions/00000000-0000-0000-0000-000000000000/resourceGroups/synapse-cli000001/providers/Microsoft.Synapse/workspaces/clitest000002/administrators/activeDirectory?api-version=2021-03-01
  response:
    body:
      string: '{"id":"/subscriptions/00000000-0000-0000-0000-000000000000/resourceGroups/synapseworkspace-managedrg-264827eb-793f-4809-81f5-29c0f72565a3/providers/Microsoft.Synapse/workspaces/clitest000002/administrators/activeDirectory","name":"activeDirectory","type":"Microsoft.Synapse/workspaces/administrators","properties":{"administratorType":"ActiveDirectory","login":"fakeuser","sid":"00000000-0000-4002-becf-488f3e6ab703","tenantId":"72f988bf-86f1-41af-91ab-2d7cd011db47"}}'
    headers:
      cache-control:
      - no-cache
      content-length:
      - '471'
      content-type:
      - application/json; charset=utf-8
      date:
      - Mon, 21 Jun 2021 05:01:33 GMT
      expires:
      - '-1'
      pragma:
      - no-cache
      server:
      - Microsoft-HTTPAPI/2.0
      strict-transport-security:
      - max-age=31536000; includeSubDomains
      transfer-encoding:
      - chunked
      vary:
      - Accept-Encoding
      x-content-type-options:
      - nosniff
    status:
      code: 200
      message: OK
- request:
    body: null
    headers:
      Accept:
      - application/json
      Accept-Encoding:
      - gzip, deflate
      CommandName:
      - synapse sql ad-admin show
      Connection:
      - keep-alive
      ParameterSetName:
      - --workspace-name --resource-group
      User-Agent:
      - AZURECLI/2.24.2 azsdk-python-mgmt-synapse/2.0.0 Python/3.7.4 (Windows-10-10.0.19041-SP0)
    method: GET
    uri: https://management.azure.com/subscriptions/00000000-0000-0000-0000-000000000000/resourceGroups/synapse-cli000001/providers/Microsoft.Synapse/workspaces/clitest000002/administrators/activeDirectory?api-version=2021-03-01
  response:
    body:
      string: '{"id":"/subscriptions/00000000-0000-0000-0000-000000000000/resourceGroups/synapseworkspace-managedrg-264827eb-793f-4809-81f5-29c0f72565a3/providers/Microsoft.Synapse/workspaces/clitest000002/administrators/activeDirectory","name":"activeDirectory","type":"Microsoft.Synapse/workspaces/administrators","properties":{"administratorType":"ActiveDirectory","login":"fakeuser","sid":"00000000-0000-4002-becf-488f3e6ab703","tenantId":"72f988bf-86f1-41af-91ab-2d7cd011db47"}}'
    headers:
      cache-control:
      - no-cache
      content-length:
      - '471'
      content-type:
      - application/json; charset=utf-8
      date:
      - Mon, 21 Jun 2021 05:01:34 GMT
      expires:
      - '-1'
      pragma:
      - no-cache
      server:
      - Microsoft-HTTPAPI/2.0
      strict-transport-security:
      - max-age=31536000; includeSubDomains
      transfer-encoding:
      - chunked
      vary:
      - Accept-Encoding
      x-content-type-options:
      - nosniff
    status:
      code: 200
      message: OK
- request:
    body: null
    headers:
      Accept:
      - application/json
      Accept-Encoding:
      - gzip, deflate
      CommandName:
      - synapse sql ad-admin update
      Connection:
      - keep-alive
      ParameterSetName:
      - --workspace-name --resource-group --display-name
      User-Agent:
      - AZURECLI/2.24.2 azsdk-python-mgmt-synapse/2.0.0 Python/3.7.4 (Windows-10-10.0.19041-SP0)
    method: GET
    uri: https://management.azure.com/subscriptions/00000000-0000-0000-0000-000000000000/resourceGroups/synapse-cli000001/providers/Microsoft.Synapse/workspaces/clitest000002/administrators/activeDirectory?api-version=2021-03-01
  response:
    body:
      string: '{"id":"/subscriptions/00000000-0000-0000-0000-000000000000/resourceGroups/synapseworkspace-managedrg-264827eb-793f-4809-81f5-29c0f72565a3/providers/Microsoft.Synapse/workspaces/clitest000002/administrators/activeDirectory","name":"activeDirectory","type":"Microsoft.Synapse/workspaces/administrators","properties":{"administratorType":"ActiveDirectory","login":"fakeuser","sid":"00000000-0000-4002-becf-488f3e6ab703","tenantId":"72f988bf-86f1-41af-91ab-2d7cd011db47"}}'
    headers:
      cache-control:
      - no-cache
      content-length:
      - '471'
      content-type:
      - application/json; charset=utf-8
      date:
      - Mon, 21 Jun 2021 05:01:35 GMT
      expires:
      - '-1'
      pragma:
      - no-cache
      server:
      - Microsoft-HTTPAPI/2.0
      strict-transport-security:
      - max-age=31536000; includeSubDomains
      transfer-encoding:
      - chunked
      vary:
      - Accept-Encoding
      x-content-type-options:
      - nosniff
    status:
      code: 200
      message: OK
- request:
    body: '{"properties": {"tenantId": "72f988bf-86f1-41af-91ab-2d7cd011db47", "login":
      "fakeuser@fakedomain.com", "administratorType": "ActiveDirectory", "sid": "00000000-0000-4002-becf-488f3e6ab703"}}'
    headers:
      Accept:
      - application/json
      Accept-Encoding:
      - gzip, deflate
      CommandName:
      - synapse sql ad-admin update
      Connection:
      - keep-alive
      Content-Length:
      - '191'
      Content-Type:
      - application/json
      ParameterSetName:
      - --workspace-name --resource-group --display-name
      User-Agent:
      - AZURECLI/2.24.2 azsdk-python-mgmt-synapse/2.0.0 Python/3.7.4 (Windows-10-10.0.19041-SP0)
    method: PUT
    uri: https://management.azure.com/subscriptions/00000000-0000-0000-0000-000000000000/resourceGroups/synapse-cli000001/providers/Microsoft.Synapse/workspaces/clitest000002/administrators/activeDirectory?api-version=2021-03-01
  response:
    body:
      string: ''
    headers:
      access-control-allow-headers:
      - Location
      access-control-expose-headers:
      - Location
      azure-asyncoperation:
      - https://management.azure.com/subscriptions/00000000-0000-0000-0000-000000000000/resourceGroups/synapse-cli000001/providers/Microsoft.Synapse/workspaces/clitest000002/operationStatuses/fe1972b5-1a65-454a-a5e7-0b847d94d9f2?api-version=2021-03-01
      cache-control:
      - no-cache
      content-length:
      - '0'
      date:
      - Mon, 21 Jun 2021 05:01:36 GMT
      expires:
      - '-1'
      location:
      - https://management.azure.com/subscriptions/00000000-0000-0000-0000-000000000000/resourceGroups/synapse-cli000001/providers/Microsoft.Synapse/workspaces/clitest000002/operationResults/fe1972b5-1a65-454a-a5e7-0b847d94d9f2?api-version=2021-03-01
      pragma:
      - no-cache
      server:
      - Microsoft-HTTPAPI/2.0
      strict-transport-security:
      - max-age=31536000; includeSubDomains
      x-content-type-options:
      - nosniff
      x-ms-ratelimit-remaining-subscription-writes:
      - '1199'
    status:
      code: 202
      message: Accepted
- request:
    body: null
    headers:
      Accept:
      - '*/*'
      Accept-Encoding:
      - gzip, deflate
      CommandName:
      - synapse sql ad-admin update
      Connection:
      - keep-alive
      ParameterSetName:
      - --workspace-name --resource-group --display-name
      User-Agent:
      - AZURECLI/2.24.2 azsdk-python-mgmt-synapse/2.0.0 Python/3.7.4 (Windows-10-10.0.19041-SP0)
    method: GET
    uri: https://management.azure.com/subscriptions/00000000-0000-0000-0000-000000000000/resourceGroups/synapse-cli000001/providers/Microsoft.Synapse/workspaces/clitest000002/operationStatuses/fe1972b5-1a65-454a-a5e7-0b847d94d9f2?api-version=2021-03-01
  response:
    body:
      string: '{"status":"Succeeded"}'
    headers:
      cache-control:
      - no-cache
      content-length:
      - '22'
      content-type:
      - application/json; charset=utf-8
      date:
      - Mon, 21 Jun 2021 05:02:06 GMT
      expires:
      - '-1'
      pragma:
      - no-cache
      server:
      - Microsoft-HTTPAPI/2.0
      strict-transport-security:
      - max-age=31536000; includeSubDomains
      transfer-encoding:
      - chunked
      vary:
      - Accept-Encoding
      x-content-type-options:
      - nosniff
    status:
      code: 200
      message: OK
- request:
    body: null
    headers:
      Accept:
      - '*/*'
      Accept-Encoding:
      - gzip, deflate
      CommandName:
      - synapse sql ad-admin update
      Connection:
      - keep-alive
      ParameterSetName:
      - --workspace-name --resource-group --display-name
      User-Agent:
      - AZURECLI/2.24.2 azsdk-python-mgmt-synapse/2.0.0 Python/3.7.4 (Windows-10-10.0.19041-SP0)
    method: GET
    uri: https://management.azure.com/subscriptions/00000000-0000-0000-0000-000000000000/resourceGroups/synapse-cli000001/providers/Microsoft.Synapse/workspaces/clitest000002/administrators/activeDirectory?api-version=2021-03-01
  response:
    body:
      string: '{"id":"/subscriptions/00000000-0000-0000-0000-000000000000/resourceGroups/synapseworkspace-managedrg-264827eb-793f-4809-81f5-29c0f72565a3/providers/Microsoft.Synapse/workspaces/clitest000002/administrators/activeDirectory","name":"activeDirectory","type":"Microsoft.Synapse/workspaces/administrators","properties":{"administratorType":"ActiveDirectory","login":"fakeuser@fakedomain.com","sid":"00000000-0000-4002-becf-488f3e6ab703","tenantId":"72f988bf-86f1-41af-91ab-2d7cd011db47"}}'
    headers:
      cache-control:
      - no-cache
      content-length:
      - '486'
      content-type:
      - application/json; charset=utf-8
      date:
      - Mon, 21 Jun 2021 05:02:07 GMT
      expires:
      - '-1'
      pragma:
      - no-cache
      server:
      - Microsoft-HTTPAPI/2.0
      strict-transport-security:
      - max-age=31536000; includeSubDomains
      transfer-encoding:
      - chunked
      vary:
      - Accept-Encoding
      x-content-type-options:
      - nosniff
    status:
      code: 200
      message: OK
- request:
    body: null
    headers:
      Accept:
      - application/json
      Accept-Encoding:
      - gzip, deflate
      CommandName:
      - synapse sql ad-admin delete
      Connection:
      - keep-alive
      Content-Length:
      - '0'
      ParameterSetName:
      - --workspace-name --resource-group -y
      User-Agent:
      - AZURECLI/2.24.2 azsdk-python-mgmt-synapse/2.0.0 Python/3.7.4 (Windows-10-10.0.19041-SP0)
    method: DELETE
    uri: https://management.azure.com/subscriptions/00000000-0000-0000-0000-000000000000/resourceGroups/synapse-cli000001/providers/Microsoft.Synapse/workspaces/clitest000002/administrators/activeDirectory?api-version=2021-03-01
  response:
    body:
      string: ''
    headers:
      access-control-allow-headers:
      - Location
      access-control-expose-headers:
      - Location
      azure-asyncoperation:
      - https://management.azure.com/subscriptions/00000000-0000-0000-0000-000000000000/resourceGroups/synapse-cli000001/providers/Microsoft.Synapse/workspaces/clitest000002/operationStatuses/089b9af8-6443-47eb-a215-d20ef5101305?api-version=2021-03-01
      cache-control:
      - no-cache
      content-length:
      - '0'
      date:
      - Mon, 21 Jun 2021 05:02:09 GMT
      expires:
      - '-1'
      location:
      - https://management.azure.com/subscriptions/00000000-0000-0000-0000-000000000000/resourceGroups/synapse-cli000001/providers/Microsoft.Synapse/workspaces/clitest000002/operationResults/089b9af8-6443-47eb-a215-d20ef5101305?api-version=2021-03-01
      pragma:
      - no-cache
      server:
      - Microsoft-HTTPAPI/2.0
      strict-transport-security:
      - max-age=31536000; includeSubDomains
      x-content-type-options:
      - nosniff
      x-ms-ratelimit-remaining-subscription-deletes:
      - '14999'
    status:
      code: 202
      message: Accepted
- request:
    body: null
    headers:
      Accept:
      - '*/*'
      Accept-Encoding:
      - gzip, deflate
      CommandName:
      - synapse sql ad-admin delete
      Connection:
      - keep-alive
      ParameterSetName:
      - --workspace-name --resource-group -y
      User-Agent:
      - AZURECLI/2.24.2 azsdk-python-mgmt-synapse/2.0.0 Python/3.7.4 (Windows-10-10.0.19041-SP0)
    method: GET
    uri: https://management.azure.com/subscriptions/00000000-0000-0000-0000-000000000000/resourceGroups/synapse-cli000001/providers/Microsoft.Synapse/workspaces/clitest000002/operationStatuses/089b9af8-6443-47eb-a215-d20ef5101305?api-version=2021-03-01
  response:
    body:
      string: '{"status":"Succeeded"}'
    headers:
      cache-control:
      - no-cache
      content-length:
      - '22'
      content-type:
      - application/json; charset=utf-8
      date:
      - Mon, 21 Jun 2021 05:02:39 GMT
      expires:
      - '-1'
      pragma:
      - no-cache
      server:
      - Microsoft-HTTPAPI/2.0
      strict-transport-security:
      - max-age=31536000; includeSubDomains
      transfer-encoding:
      - chunked
      vary:
      - Accept-Encoding
      x-content-type-options:
      - nosniff
    status:
      code: 200
      message: OK
- request:
    body: null
    headers:
      Accept:
      - application/json
      Accept-Encoding:
      - gzip, deflate
      CommandName:
      - synapse sql ad-admin show
      Connection:
      - keep-alive
      ParameterSetName:
      - --workspace-name --resource-group
      User-Agent:
      - AZURECLI/2.24.2 azsdk-python-mgmt-synapse/2.0.0 Python/3.7.4 (Windows-10-10.0.19041-SP0)
    method: GET
    uri: https://management.azure.com/subscriptions/00000000-0000-0000-0000-000000000000/resourceGroups/synapse-cli000001/providers/Microsoft.Synapse/workspaces/clitest000002/administrators/activeDirectory?api-version=2021-03-01
  response:
    body:
      string: '{"code":"NotFound","message":"Server administrator with name \u0027activeDirectory\u0027
        does not exist. To continue, specify a valid server administrator name or
        add a new server administrator.","target":null,"details":[],"innererror":[]}'
    headers:
      cache-control:
      - no-store, no-cache
      content-length:
      - '239'
      content-type:
      - application/json
      dataserviceversion:
      - 3.0;
      date:
      - Mon, 21 Jun 2021 05:02:40 GMT
      server:
      - Microsoft-HTTPAPI/2.0
      - Microsoft-HTTPAPI/2.0
      strict-transport-security:
      - max-age=31536000; includeSubDomains
      x-content-type-options:
      - nosniff
    status:
      code: 404
      message: Not Found
version: 1
