interactions:
- request:
    body: '{"location": "eastus", "identity": {"type": "SystemAssigned"}, "properties":
      {"defaultDataLakeStorage": {"accountUrl": "https://adlsgen2000002.dfs.core.windows.net",
      "filesystem": "testfilesystem"}, "sqlAdministratorLoginPassword": "Pswd1000009",
      "sqlAdministratorLogin": "cliuser1"}}'
    headers:
      Accept:
      - application/json
      Accept-Encoding:
      - gzip, deflate
      CommandName:
      - synapse workspace create
      Connection:
      - keep-alive
      Content-Length:
      - '284'
      Content-Type:
      - application/json
      ParameterSetName:
      - --name --resource-group --storage-account --file-system --sql-admin-login-user
        --sql-admin-login-password --location
      User-Agent:
      - AZURECLI/2.31.0 azsdk-python-mgmt-synapse/2.1.0b2 Python/3.8.9 (Windows-10-10.0.22000-SP0)
    method: PUT
    uri: https://management.azure.com/subscriptions/00000000-0000-0000-0000-000000000000/resourceGroups/synapse-cli000001/providers/Microsoft.Synapse/workspaces/clitest000008?api-version=2021-06-01
  response:
    body:
      string: '{"properties":{"defaultDataLakeStorage":{"accountUrl":"https://adlsgen2000002.dfs.core.windows.net","filesystem":"testfilesystem"},"encryption":{"doubleEncryptionEnabled":false},"provisioningState":"Provisioning","connectivityEndpoints":{"web":"https://web.azuresynapse.net?workspace=%2fsubscriptions%2f0b1f6471-1bf0-4dda-aec3-cb9272f09590%2fresourceGroups%2fsynapse-cli000001%2fproviders%2fMicrosoft.Synapse%2fworkspaces%2fclitest000008","dev":"https://clitest000008.dev.azuresynapse.net","sqlOnDemand":"clitest000008-ondemand.sql.azuresynapse.net","sql":"clitest000008.sql.azuresynapse.net"},"managedResourceGroupName":"synapseworkspace-managedrg-16fb2a34-200c-49a8-af77-7d613d591798","privateEndpointConnections":[],"workspaceUID":"de3ddc90-2600-43af-99ec-8f2490599446","extraProperties":{"WorkspaceType":"Normal"},"publicNetworkAccess":"Enabled","cspWorkspaceAdminProperties":{"initialWorkspaceAdminObjectId":"d44a2991-98c6-47c3-b59b-2b30d72cfcc2"},"trustedServiceBypassEnabled":false},"type":"Microsoft.Synapse/workspaces","id":"/subscriptions/00000000-0000-0000-0000-000000000000/resourceGroups/synapse-cli000001/providers/Microsoft.Synapse/workspaces/clitest000008","location":"eastus","name":"clitest000008","identity":{"type":"SystemAssigned","tenantId":"54826b22-38d6-4fb2-bad9-b7b93a3e9c5a","principalId":"1ca72c3f-2785-421e-80ec-803ef45b105c"}}'
    headers:
      azure-asyncoperation:
      - https://management.azure.com/subscriptions/00000000-0000-0000-0000-000000000000/resourceGroups/synapse-cli000001/providers/Microsoft.Synapse/workspaces/clitest000008/operationStatuses/7680a682-b1be-466c-ada8-11989173731d?api-version=2021-06-01
      cache-control:
      - no-cache
      content-length:
      - '1356'
      content-type:
      - application/json; charset=utf-8
      date:
      - Tue, 14 Dec 2021 06:04:57 GMT
      expires:
      - '-1'
      pragma:
      - no-cache
      server:
      - Microsoft-HTTPAPI/2.0
      strict-transport-security:
      - max-age=31536000; includeSubDomains
      x-content-type-options:
      - nosniff
      x-ms-ratelimit-remaining-subscription-writes:
      - '1183'
    status:
      code: 201
      message: Created
- request:
    body: null
    headers:
      Accept:
      - '*/*'
      Accept-Encoding:
      - gzip, deflate
      CommandName:
      - synapse workspace create
      Connection:
      - keep-alive
      ParameterSetName:
      - --name --resource-group --storage-account --file-system --sql-admin-login-user
        --sql-admin-login-password --location
      User-Agent:
      - AZURECLI/2.31.0 azsdk-python-mgmt-synapse/2.1.0b2 Python/3.8.9 (Windows-10-10.0.22000-SP0)
    method: GET
    uri: https://management.azure.com/subscriptions/00000000-0000-0000-0000-000000000000/resourceGroups/synapse-cli000001/providers/Microsoft.Synapse/workspaces/clitest000008/operationStatuses/7680a682-b1be-466c-ada8-11989173731d?api-version=2021-06-01
  response:
    body:
      string: '{"status":"InProgress"}'
    headers:
      cache-control:
      - no-cache
      content-length:
      - '23'
      content-type:
      - application/json; charset=utf-8
      date:
      - Tue, 14 Dec 2021 06:05:29 GMT
      expires:
      - '-1'
      pragma:
      - no-cache
      server:
      - Microsoft-HTTPAPI/2.0
      strict-transport-security:
      - max-age=31536000; includeSubDomains
      transfer-encoding:
      - chunked
      vary:
      - Accept-Encoding
      x-content-type-options:
      - nosniff
    status:
      code: 200
      message: OK
- request:
    body: null
    headers:
      Accept:
      - '*/*'
      Accept-Encoding:
      - gzip, deflate
      CommandName:
      - synapse workspace create
      Connection:
      - keep-alive
      ParameterSetName:
      - --name --resource-group --storage-account --file-system --sql-admin-login-user
        --sql-admin-login-password --location
      User-Agent:
      - AZURECLI/2.31.0 azsdk-python-mgmt-synapse/2.1.0b2 Python/3.8.9 (Windows-10-10.0.22000-SP0)
    method: GET
    uri: https://management.azure.com/subscriptions/00000000-0000-0000-0000-000000000000/resourceGroups/synapse-cli000001/providers/Microsoft.Synapse/workspaces/clitest000008/operationStatuses/7680a682-b1be-466c-ada8-11989173731d?api-version=2021-06-01
  response:
    body:
      string: '{"status":"InProgress"}'
    headers:
      cache-control:
      - no-cache
      content-length:
      - '23'
      content-type:
      - application/json; charset=utf-8
      date:
      - Tue, 14 Dec 2021 06:06:00 GMT
      expires:
      - '-1'
      pragma:
      - no-cache
      server:
      - Microsoft-HTTPAPI/2.0
      strict-transport-security:
      - max-age=31536000; includeSubDomains
      transfer-encoding:
      - chunked
      vary:
      - Accept-Encoding
      x-content-type-options:
      - nosniff
    status:
      code: 200
      message: OK
- request:
    body: null
    headers:
      Accept:
      - '*/*'
      Accept-Encoding:
      - gzip, deflate
      CommandName:
      - synapse workspace create
      Connection:
      - keep-alive
      ParameterSetName:
      - --name --resource-group --storage-account --file-system --sql-admin-login-user
        --sql-admin-login-password --location
      User-Agent:
      - AZURECLI/2.31.0 azsdk-python-mgmt-synapse/2.1.0b2 Python/3.8.9 (Windows-10-10.0.22000-SP0)
    method: GET
    uri: https://management.azure.com/subscriptions/00000000-0000-0000-0000-000000000000/resourceGroups/synapse-cli000001/providers/Microsoft.Synapse/workspaces/clitest000008/operationStatuses/7680a682-b1be-466c-ada8-11989173731d?api-version=2021-06-01
  response:
    body:
      string: '{"status":"InProgress"}'
    headers:
      cache-control:
      - no-cache
      content-length:
      - '23'
      content-type:
      - application/json; charset=utf-8
      date:
      - Tue, 14 Dec 2021 06:06:31 GMT
      expires:
      - '-1'
      pragma:
      - no-cache
      server:
      - Microsoft-HTTPAPI/2.0
      strict-transport-security:
      - max-age=31536000; includeSubDomains
      transfer-encoding:
      - chunked
      vary:
      - Accept-Encoding
      x-content-type-options:
      - nosniff
    status:
      code: 200
      message: OK
- request:
    body: null
    headers:
      Accept:
      - '*/*'
      Accept-Encoding:
      - gzip, deflate
      CommandName:
      - synapse workspace create
      Connection:
      - keep-alive
      ParameterSetName:
      - --name --resource-group --storage-account --file-system --sql-admin-login-user
        --sql-admin-login-password --location
      User-Agent:
      - AZURECLI/2.31.0 azsdk-python-mgmt-synapse/2.1.0b2 Python/3.8.9 (Windows-10-10.0.22000-SP0)
    method: GET
    uri: https://management.azure.com/subscriptions/00000000-0000-0000-0000-000000000000/resourceGroups/synapse-cli000001/providers/Microsoft.Synapse/workspaces/clitest000008/operationStatuses/7680a682-b1be-466c-ada8-11989173731d?api-version=2021-06-01
  response:
    body:
      string: '{"status":"InProgress"}'
    headers:
      cache-control:
      - no-cache
      content-length:
      - '23'
      content-type:
      - application/json; charset=utf-8
      date:
      - Tue, 14 Dec 2021 06:07:03 GMT
      expires:
      - '-1'
      pragma:
      - no-cache
      server:
      - Microsoft-HTTPAPI/2.0
      strict-transport-security:
      - max-age=31536000; includeSubDomains
      transfer-encoding:
      - chunked
      vary:
      - Accept-Encoding
      x-content-type-options:
      - nosniff
    status:
      code: 200
      message: OK
- request:
    body: null
    headers:
      Accept:
      - '*/*'
      Accept-Encoding:
      - gzip, deflate
      CommandName:
      - synapse workspace create
      Connection:
      - keep-alive
      ParameterSetName:
      - --name --resource-group --storage-account --file-system --sql-admin-login-user
        --sql-admin-login-password --location
      User-Agent:
      - AZURECLI/2.31.0 azsdk-python-mgmt-synapse/2.1.0b2 Python/3.8.9 (Windows-10-10.0.22000-SP0)
    method: GET
    uri: https://management.azure.com/subscriptions/00000000-0000-0000-0000-000000000000/resourceGroups/synapse-cli000001/providers/Microsoft.Synapse/workspaces/clitest000008/operationStatuses/7680a682-b1be-466c-ada8-11989173731d?api-version=2021-06-01
  response:
    body:
      string: '{"status":"InProgress"}'
    headers:
      cache-control:
      - no-cache
      content-length:
      - '23'
      content-type:
      - application/json; charset=utf-8
      date:
      - Tue, 14 Dec 2021 06:07:35 GMT
      expires:
      - '-1'
      pragma:
      - no-cache
      server:
      - Microsoft-HTTPAPI/2.0
      strict-transport-security:
      - max-age=31536000; includeSubDomains
      transfer-encoding:
      - chunked
      vary:
      - Accept-Encoding
      x-content-type-options:
      - nosniff
    status:
      code: 200
      message: OK
- request:
    body: null
    headers:
      Accept:
      - '*/*'
      Accept-Encoding:
      - gzip, deflate
      CommandName:
      - synapse workspace create
      Connection:
      - keep-alive
      ParameterSetName:
      - --name --resource-group --storage-account --file-system --sql-admin-login-user
        --sql-admin-login-password --location
      User-Agent:
      - AZURECLI/2.31.0 azsdk-python-mgmt-synapse/2.1.0b2 Python/3.8.9 (Windows-10-10.0.22000-SP0)
    method: GET
    uri: https://management.azure.com/subscriptions/00000000-0000-0000-0000-000000000000/resourceGroups/synapse-cli000001/providers/Microsoft.Synapse/workspaces/clitest000008/operationStatuses/7680a682-b1be-466c-ada8-11989173731d?api-version=2021-06-01
  response:
    body:
      string: '{"status":"Succeeded"}'
    headers:
      cache-control:
      - no-cache
      content-length:
      - '22'
      content-type:
      - application/json; charset=utf-8
      date:
      - Tue, 14 Dec 2021 06:08:06 GMT
      expires:
      - '-1'
      pragma:
      - no-cache
      server:
      - Microsoft-HTTPAPI/2.0
      strict-transport-security:
      - max-age=31536000; includeSubDomains
      transfer-encoding:
      - chunked
      vary:
      - Accept-Encoding
      x-content-type-options:
      - nosniff
    status:
      code: 200
      message: OK
- request:
    body: null
    headers:
      Accept:
      - '*/*'
      Accept-Encoding:
      - gzip, deflate
      CommandName:
      - synapse workspace create
      Connection:
      - keep-alive
      ParameterSetName:
      - --name --resource-group --storage-account --file-system --sql-admin-login-user
        --sql-admin-login-password --location
      User-Agent:
      - AZURECLI/2.31.0 azsdk-python-mgmt-synapse/2.1.0b2 Python/3.8.9 (Windows-10-10.0.22000-SP0)
    method: GET
    uri: https://management.azure.com/subscriptions/00000000-0000-0000-0000-000000000000/resourceGroups/synapse-cli000001/providers/Microsoft.Synapse/workspaces/clitest000008?api-version=2021-06-01
  response:
    body:
      string: '{"properties":{"defaultDataLakeStorage":{"accountUrl":"https://adlsgen2000002.dfs.core.windows.net","filesystem":"testfilesystem"},"encryption":{"doubleEncryptionEnabled":false},"provisioningState":"Succeeded","connectivityEndpoints":{"web":"https://web.azuresynapse.net?workspace=%2fsubscriptions%2f0b1f6471-1bf0-4dda-aec3-cb9272f09590%2fresourceGroups%2fsynapse-cli000001%2fproviders%2fMicrosoft.Synapse%2fworkspaces%2fclitest000008","dev":"https://clitest000008.dev.azuresynapse.net","sqlOnDemand":"clitest000008-ondemand.sql.azuresynapse.net","sql":"clitest000008.sql.azuresynapse.net"},"managedResourceGroupName":"synapseworkspace-managedrg-16fb2a34-200c-49a8-af77-7d613d591798","sqlAdministratorLogin":"cliuser1","privateEndpointConnections":[],"workspaceUID":"de3ddc90-2600-43af-99ec-8f2490599446","extraProperties":{"WorkspaceType":"Normal","IsScopeEnabled":false},"publicNetworkAccess":"Enabled","cspWorkspaceAdminProperties":{"initialWorkspaceAdminObjectId":"d44a2991-98c6-47c3-b59b-2b30d72cfcc2"},"trustedServiceBypassEnabled":false},"type":"Microsoft.Synapse/workspaces","id":"/subscriptions/00000000-0000-0000-0000-000000000000/resourceGroups/synapse-cli000001/providers/Microsoft.Synapse/workspaces/clitest000008","location":"eastus","name":"clitest000008","identity":{"type":"SystemAssigned","tenantId":"54826b22-38d6-4fb2-bad9-b7b93a3e9c5a","principalId":"1ca72c3f-2785-421e-80ec-803ef45b105c"}}'
    headers:
      cache-control:
      - no-cache
      content-length:
      - '1411'
      content-type:
      - application/json; charset=utf-8
      date:
      - Tue, 14 Dec 2021 06:08:06 GMT
      expires:
      - '-1'
      pragma:
      - no-cache
      server:
      - Microsoft-HTTPAPI/2.0
      strict-transport-security:
      - max-age=31536000; includeSubDomains
      transfer-encoding:
      - chunked
      vary:
      - Accept-Encoding
      x-content-type-options:
      - nosniff
    status:
      code: 200
      message: OK
- request:
    body: null
    headers:
      Accept:
      - application/json
      Accept-Encoding:
      - gzip, deflate
      CommandName:
      - synapse sql pool create
      Connection:
      - keep-alive
      ParameterSetName:
      - --name --performance-level --workspace --resource-group --storage-type
      User-Agent:
      - AZURECLI/2.31.0 azsdk-python-mgmt-synapse/2.1.0b2 Python/3.8.9 (Windows-10-10.0.22000-SP0)
    method: GET
    uri: https://management.azure.com/subscriptions/00000000-0000-0000-0000-000000000000/resourceGroups/synapse-cli000001/providers/Microsoft.Synapse/workspaces/clitest000008?api-version=2021-06-01
  response:
    body:
      string: '{"properties":{"defaultDataLakeStorage":{"accountUrl":"https://adlsgen2000002.dfs.core.windows.net","filesystem":"testfilesystem"},"encryption":{"doubleEncryptionEnabled":false},"provisioningState":"Succeeded","connectivityEndpoints":{"web":"https://web.azuresynapse.net?workspace=%2fsubscriptions%2f0b1f6471-1bf0-4dda-aec3-cb9272f09590%2fresourceGroups%2fsynapse-cli000001%2fproviders%2fMicrosoft.Synapse%2fworkspaces%2fclitest000008","dev":"https://clitest000008.dev.azuresynapse.net","sqlOnDemand":"clitest000008-ondemand.sql.azuresynapse.net","sql":"clitest000008.sql.azuresynapse.net"},"managedResourceGroupName":"synapseworkspace-managedrg-16fb2a34-200c-49a8-af77-7d613d591798","sqlAdministratorLogin":"cliuser1","privateEndpointConnections":[],"workspaceUID":"de3ddc90-2600-43af-99ec-8f2490599446","extraProperties":{"WorkspaceType":"Normal","IsScopeEnabled":false},"publicNetworkAccess":"Enabled","cspWorkspaceAdminProperties":{"initialWorkspaceAdminObjectId":"d44a2991-98c6-47c3-b59b-2b30d72cfcc2"},"trustedServiceBypassEnabled":false},"type":"Microsoft.Synapse/workspaces","id":"/subscriptions/00000000-0000-0000-0000-000000000000/resourceGroups/synapse-cli000001/providers/Microsoft.Synapse/workspaces/clitest000008","location":"eastus","name":"clitest000008","identity":{"type":"SystemAssigned","tenantId":"54826b22-38d6-4fb2-bad9-b7b93a3e9c5a","principalId":"1ca72c3f-2785-421e-80ec-803ef45b105c"}}'
    headers:
      cache-control:
      - no-cache
      content-length:
      - '1411'
      content-type:
      - application/json; charset=utf-8
      date:
      - Tue, 14 Dec 2021 06:08:09 GMT
      expires:
      - '-1'
      pragma:
      - no-cache
      server:
      - Microsoft-HTTPAPI/2.0
      strict-transport-security:
      - max-age=31536000; includeSubDomains
      transfer-encoding:
      - chunked
      vary:
      - Accept-Encoding
      x-content-type-options:
      - nosniff
    status:
      code: 200
      message: OK
- request:
    body: '{"location": "eastus", "sku": {"name": "DW400c"}, "properties": {"createMode":
      "Default", "storageAccountType": "GRS"}}'
    headers:
      Accept:
      - application/json
      Accept-Encoding:
      - gzip, deflate
      CommandName:
      - synapse sql pool create
      Connection:
      - keep-alive
      Content-Length:
      - '119'
      Content-Type:
      - application/json
      ParameterSetName:
      - --name --performance-level --workspace --resource-group --storage-type
      User-Agent:
      - AZURECLI/2.31.0 azsdk-python-mgmt-synapse/2.1.0b2 Python/3.8.9 (Windows-10-10.0.22000-SP0)
    method: PUT
    uri: https://management.azure.com/subscriptions/00000000-0000-0000-0000-000000000000/resourceGroups/synapse-cli000001/providers/Microsoft.Synapse/workspaces/clitest000008/sqlPools/testsqlpool000004?api-version=2021-06-01
  response:
    body:
      string: '{"properties":{"maxSizeBytes":0,"creationDate":"0001-01-01T00:00:00","storageAccountType":"GRS","provisioningState":"Provisioning"},"sku":{"name":"DW400c","capacity":0},"id":"/subscriptions/00000000-0000-0000-0000-000000000000/resourceGroups/synapse-cli000001/providers/Microsoft.Synapse/workspaces/clitest000008/sqlPools/testsqlpool000004","name":"testsqlpool000004","type":"Microsoft.Synapse/workspaces/sqlPools"}'
    headers:
      access-control-allow-headers:
      - Location
      - Retry-After
      access-control-expose-headers:
      - Location
      - Retry-After
      azure-asyncoperation:
      - https://management.azure.com/subscriptions/00000000-0000-0000-0000-000000000000/resourceGroups/synapse-cli000001/providers/Microsoft.Synapse/workspaces/clitest000008/operationStatuses/85e43104-7c21-49f1-9be0-76061ccc5638?api-version=2021-06-01
      cache-control:
      - no-cache
      content-length:
      - '415'
      content-type:
      - application/json; charset=utf-8
      date:
      - Tue, 14 Dec 2021 06:08:16 GMT
      expires:
      - '-1'
      location:
      - https://management.azure.com/subscriptions/00000000-0000-0000-0000-000000000000/resourceGroups/synapse-cli000001/providers/Microsoft.Synapse/workspaces/clitest000008/operationResults/85e43104-7c21-49f1-9be0-76061ccc5638?api-version=2021-06-01
      pragma:
      - no-cache
      server:
      - Microsoft-HTTPAPI/2.0
      strict-transport-security:
      - max-age=31536000; includeSubDomains
      x-content-type-options:
      - nosniff
      x-ms-ratelimit-remaining-subscription-writes:
      - '1199'
    status:
      code: 202
      message: Accepted
- request:
    body: null
    headers:
      Accept:
      - '*/*'
      Accept-Encoding:
      - gzip, deflate
      CommandName:
      - synapse sql pool create
      Connection:
      - keep-alive
      ParameterSetName:
      - --name --performance-level --workspace --resource-group --storage-type
      User-Agent:
      - AZURECLI/2.31.0 azsdk-python-mgmt-synapse/2.1.0b2 Python/3.8.9 (Windows-10-10.0.22000-SP0)
    method: GET
    uri: https://management.azure.com/subscriptions/00000000-0000-0000-0000-000000000000/resourceGroups/synapse-cli000001/providers/Microsoft.Synapse/workspaces/clitest000008/operationStatuses/85e43104-7c21-49f1-9be0-76061ccc5638?api-version=2021-06-01
  response:
    body:
      string: '{"status":"InProgress"}'
    headers:
      cache-control:
      - no-cache
      content-length:
      - '23'
      content-type:
      - application/json; charset=utf-8
      date:
      - Tue, 14 Dec 2021 06:08:26 GMT
      expires:
      - '-1'
      pragma:
      - no-cache
      server:
      - Microsoft-HTTPAPI/2.0
      strict-transport-security:
      - max-age=31536000; includeSubDomains
      transfer-encoding:
      - chunked
      vary:
      - Accept-Encoding
      x-content-type-options:
      - nosniff
    status:
      code: 200
      message: OK
- request:
    body: null
    headers:
      Accept:
      - '*/*'
      Accept-Encoding:
      - gzip, deflate
      CommandName:
      - synapse sql pool create
      Connection:
      - keep-alive
      ParameterSetName:
      - --name --performance-level --workspace --resource-group --storage-type
      User-Agent:
      - AZURECLI/2.31.0 azsdk-python-mgmt-synapse/2.1.0b2 Python/3.8.9 (Windows-10-10.0.22000-SP0)
    method: GET
    uri: https://management.azure.com/subscriptions/00000000-0000-0000-0000-000000000000/resourceGroups/synapse-cli000001/providers/Microsoft.Synapse/workspaces/clitest000008/operationStatuses/85e43104-7c21-49f1-9be0-76061ccc5638?api-version=2021-06-01
  response:
    body:
      string: '{"status":"InProgress"}'
    headers:
      cache-control:
      - no-cache
      content-length:
      - '23'
      content-type:
      - application/json; charset=utf-8
      date:
      - Tue, 14 Dec 2021 06:08:56 GMT
      expires:
      - '-1'
      pragma:
      - no-cache
      server:
      - Microsoft-HTTPAPI/2.0
      strict-transport-security:
      - max-age=31536000; includeSubDomains
      transfer-encoding:
      - chunked
      vary:
      - Accept-Encoding
      x-content-type-options:
      - nosniff
    status:
      code: 200
      message: OK
- request:
    body: null
    headers:
      Accept:
      - '*/*'
      Accept-Encoding:
      - gzip, deflate
      CommandName:
      - synapse sql pool create
      Connection:
      - keep-alive
      ParameterSetName:
      - --name --performance-level --workspace --resource-group --storage-type
      User-Agent:
      - AZURECLI/2.31.0 azsdk-python-mgmt-synapse/2.1.0b2 Python/3.8.9 (Windows-10-10.0.22000-SP0)
    method: GET
    uri: https://management.azure.com/subscriptions/00000000-0000-0000-0000-000000000000/resourceGroups/synapse-cli000001/providers/Microsoft.Synapse/workspaces/clitest000008/operationStatuses/85e43104-7c21-49f1-9be0-76061ccc5638?api-version=2021-06-01
  response:
    body:
      string: '{"status":"InProgress"}'
    headers:
      cache-control:
      - no-cache
      content-length:
      - '23'
      content-type:
      - application/json; charset=utf-8
      date:
      - Tue, 14 Dec 2021 06:09:27 GMT
      expires:
      - '-1'
      pragma:
      - no-cache
      server:
      - Microsoft-HTTPAPI/2.0
      strict-transport-security:
      - max-age=31536000; includeSubDomains
      transfer-encoding:
      - chunked
      vary:
      - Accept-Encoding
      x-content-type-options:
      - nosniff
    status:
      code: 200
      message: OK
- request:
    body: null
    headers:
      Accept:
      - '*/*'
      Accept-Encoding:
      - gzip, deflate
      CommandName:
      - synapse sql pool create
      Connection:
      - keep-alive
      ParameterSetName:
      - --name --performance-level --workspace --resource-group --storage-type
      User-Agent:
      - AZURECLI/2.31.0 azsdk-python-mgmt-synapse/2.1.0b2 Python/3.8.9 (Windows-10-10.0.22000-SP0)
    method: GET
    uri: https://management.azure.com/subscriptions/00000000-0000-0000-0000-000000000000/resourceGroups/synapse-cli000001/providers/Microsoft.Synapse/workspaces/clitest000008/operationStatuses/85e43104-7c21-49f1-9be0-76061ccc5638?api-version=2021-06-01
  response:
    body:
      string: '{"status":"InProgress"}'
    headers:
      cache-control:
      - no-cache
      content-length:
      - '23'
      content-type:
      - application/json; charset=utf-8
      date:
      - Tue, 14 Dec 2021 06:09:58 GMT
      expires:
      - '-1'
      pragma:
      - no-cache
      server:
      - Microsoft-HTTPAPI/2.0
      strict-transport-security:
      - max-age=31536000; includeSubDomains
      transfer-encoding:
      - chunked
      vary:
      - Accept-Encoding
      x-content-type-options:
      - nosniff
    status:
      code: 200
      message: OK
- request:
    body: null
    headers:
      Accept:
      - '*/*'
      Accept-Encoding:
      - gzip, deflate
      CommandName:
      - synapse sql pool create
      Connection:
      - keep-alive
      ParameterSetName:
      - --name --performance-level --workspace --resource-group --storage-type
      User-Agent:
      - AZURECLI/2.31.0 azsdk-python-mgmt-synapse/2.1.0b2 Python/3.8.9 (Windows-10-10.0.22000-SP0)
    method: GET
    uri: https://management.azure.com/subscriptions/00000000-0000-0000-0000-000000000000/resourceGroups/synapse-cli000001/providers/Microsoft.Synapse/workspaces/clitest000008/operationStatuses/85e43104-7c21-49f1-9be0-76061ccc5638?api-version=2021-06-01
  response:
    body:
      string: '{"status":"InProgress"}'
    headers:
      cache-control:
      - no-cache
      content-length:
      - '23'
      content-type:
      - application/json; charset=utf-8
      date:
      - Tue, 14 Dec 2021 06:10:28 GMT
      expires:
      - '-1'
      pragma:
      - no-cache
      server:
      - Microsoft-HTTPAPI/2.0
      strict-transport-security:
      - max-age=31536000; includeSubDomains
      transfer-encoding:
      - chunked
      vary:
      - Accept-Encoding
      x-content-type-options:
      - nosniff
    status:
      code: 200
      message: OK
- request:
    body: null
    headers:
      Accept:
      - '*/*'
      Accept-Encoding:
      - gzip, deflate
      CommandName:
      - synapse sql pool create
      Connection:
      - keep-alive
      ParameterSetName:
      - --name --performance-level --workspace --resource-group --storage-type
      User-Agent:
      - AZURECLI/2.31.0 azsdk-python-mgmt-synapse/2.1.0b2 Python/3.8.9 (Windows-10-10.0.22000-SP0)
    method: GET
    uri: https://management.azure.com/subscriptions/00000000-0000-0000-0000-000000000000/resourceGroups/synapse-cli000001/providers/Microsoft.Synapse/workspaces/clitest000008/operationStatuses/85e43104-7c21-49f1-9be0-76061ccc5638?api-version=2021-06-01
  response:
    body:
      string: '{"status":"InProgress"}'
    headers:
      cache-control:
      - no-cache
      content-length:
      - '23'
      content-type:
      - application/json; charset=utf-8
      date:
      - Tue, 14 Dec 2021 06:10:58 GMT
      expires:
      - '-1'
      pragma:
      - no-cache
      server:
      - Microsoft-HTTPAPI/2.0
      strict-transport-security:
      - max-age=31536000; includeSubDomains
      transfer-encoding:
      - chunked
      vary:
      - Accept-Encoding
      x-content-type-options:
      - nosniff
    status:
      code: 200
      message: OK
- request:
    body: null
    headers:
      Accept:
      - '*/*'
      Accept-Encoding:
      - gzip, deflate
      CommandName:
      - synapse sql pool create
      Connection:
      - keep-alive
      ParameterSetName:
      - --name --performance-level --workspace --resource-group --storage-type
      User-Agent:
      - AZURECLI/2.31.0 azsdk-python-mgmt-synapse/2.1.0b2 Python/3.8.9 (Windows-10-10.0.22000-SP0)
    method: GET
    uri: https://management.azure.com/subscriptions/00000000-0000-0000-0000-000000000000/resourceGroups/synapse-cli000001/providers/Microsoft.Synapse/workspaces/clitest000008/operationStatuses/85e43104-7c21-49f1-9be0-76061ccc5638?api-version=2021-06-01
  response:
    body:
      string: '{"status":"Succeeded"}'
    headers:
      cache-control:
      - no-cache
      content-length:
      - '22'
      content-type:
      - application/json; charset=utf-8
      date:
      - Tue, 14 Dec 2021 06:11:28 GMT
      expires:
      - '-1'
      pragma:
      - no-cache
      server:
      - Microsoft-HTTPAPI/2.0
      strict-transport-security:
      - max-age=31536000; includeSubDomains
      transfer-encoding:
      - chunked
      vary:
      - Accept-Encoding
      x-content-type-options:
      - nosniff
    status:
      code: 200
      message: OK
- request:
    body: null
    headers:
      Accept:
      - '*/*'
      Accept-Encoding:
      - gzip, deflate
      CommandName:
      - synapse sql pool create
      Connection:
      - keep-alive
      ParameterSetName:
      - --name --performance-level --workspace --resource-group --storage-type
      User-Agent:
      - AZURECLI/2.31.0 azsdk-python-mgmt-synapse/2.1.0b2 Python/3.8.9 (Windows-10-10.0.22000-SP0)
    method: GET
    uri: https://management.azure.com/subscriptions/00000000-0000-0000-0000-000000000000/resourceGroups/synapse-cli000001/providers/Microsoft.Synapse/workspaces/clitest000008/sqlPools/testsqlpool000004?api-version=2021-06-01
  response:
    body:
      string: '{"properties":{"status":"Online","maxSizeBytes":263882790666240,"collation":"SQL_Latin1_General_CP1_CI_AS","creationDate":"2021-12-14T06:10:59.223Z","storageAccountType":"GRS","provisioningState":"Succeeded"},"sku":{"name":"DW400c","capacity":0},"id":"/subscriptions/00000000-0000-0000-0000-000000000000/resourceGroups/synapse-cli000001/providers/Microsoft.Synapse/workspaces/clitest000008/sqlPools/testsqlpool000004","name":"testsqlpool000004","type":"Microsoft.Synapse/workspaces/sqlPools","location":"eastus"}'
    headers:
      cache-control:
      - no-cache
      content-length:
      - '512'
      content-type:
      - application/json; charset=utf-8
      date:
      - Tue, 14 Dec 2021 06:11:29 GMT
      expires:
      - '-1'
      pragma:
      - no-cache
      server:
      - Microsoft-HTTPAPI/2.0
      strict-transport-security:
      - max-age=31536000; includeSubDomains
      transfer-encoding:
      - chunked
      vary:
      - Accept-Encoding
      x-content-type-options:
      - nosniff
    status:
      code: 200
      message: OK
- request:
    body: null
    headers:
      Accept:
      - application/json
      Accept-Encoding:
      - gzip, deflate
      CommandName:
      - storage account show
      Connection:
      - keep-alive
      ParameterSetName:
      - -g -n --query
      User-Agent:
      - AZURECLI/2.31.0 azsdk-python-azure-mgmt-storage/19.0.0 Python/3.8.9 (Windows-10-10.0.22000-SP0)
    method: GET
    uri: https://management.azure.com/subscriptions/00000000-0000-0000-0000-000000000000/resourceGroups/synapse-cli000001/providers/Microsoft.Storage/storageAccounts/adlsgen2000002?api-version=2021-06-01
  response:
    body:
      string: '{"sku":{"name":"Standard_LRS","tier":"Standard"},"kind":"Storage","id":"/subscriptions/00000000-0000-0000-0000-000000000000/resourceGroups/synapse-cli000001/providers/Microsoft.Storage/storageAccounts/adlsgen2000002","name":"adlsgen2000002","type":"Microsoft.Storage/storageAccounts","location":"eastus","tags":{},"properties":{"keyCreationTime":{"key1":"2021-12-14T06:04:20.3998312Z","key2":"2021-12-14T06:04:20.3998312Z"},"privateEndpointConnections":[],"minimumTlsVersion":"TLS1_0","allowBlobPublicAccess":true,"networkAcls":{"bypass":"AzureServices","virtualNetworkRules":[],"ipRules":[],"defaultAction":"Allow"},"supportsHttpsTrafficOnly":true,"encryption":{"services":{"file":{"keyType":"Account","enabled":true,"lastEnabledTime":"2021-12-14T06:04:20.3998312Z"},"blob":{"keyType":"Account","enabled":true,"lastEnabledTime":"2021-12-14T06:04:20.3998312Z"}},"keySource":"Microsoft.Storage"},"provisioningState":"Succeeded","creationTime":"2021-12-14T06:04:20.2748077Z","primaryEndpoints":{"blob":"https://adlsgen2000002.blob.core.windows.net/","queue":"https://adlsgen2000002.queue.core.windows.net/","table":"https://adlsgen2000002.table.core.windows.net/","file":"https://adlsgen2000002.file.core.windows.net/"},"primaryLocation":"eastus","statusOfPrimary":"available"}}'
    headers:
      cache-control:
      - no-cache
      content-length:
      - '1276'
      content-type:
      - application/json
      date:
      - Tue, 14 Dec 2021 06:11:30 GMT
      expires:
      - '-1'
      pragma:
      - no-cache
      server:
      - Microsoft-Azure-Storage-Resource-Provider/1.0,Microsoft-HTTPAPI/2.0 Microsoft-HTTPAPI/2.0
      strict-transport-security:
      - max-age=31536000; includeSubDomains
      transfer-encoding:
      - chunked
      vary:
      - Accept-Encoding
      x-content-type-options:
      - nosniff
    status:
      code: 200
      message: OK
- request:
    body: null
    headers:
      Accept:
      - application/json
      Accept-Encoding:
      - gzip, deflate
      CommandName:
      - storage account keys list
      Connection:
      - keep-alive
      Content-Length:
      - '0'
      ParameterSetName:
      - -g -n --query
      User-Agent:
      - AZURECLI/2.31.0 azsdk-python-azure-mgmt-storage/19.0.0 Python/3.8.9 (Windows-10-10.0.22000-SP0)
    method: POST
    uri: https://management.azure.com/subscriptions/00000000-0000-0000-0000-000000000000/resourceGroups/synapse-cli000001/providers/Microsoft.Storage/storageAccounts/adlsgen2000002/listKeys?api-version=2021-06-01&$expand=kerb
  response:
    body:
      string: '{"keys":[{"creationTime":"2021-12-14T06:04:20.3998312Z","keyName":"key1","value":"veryFakedStorageAccountKey==","permissions":"FULL"},{"creationTime":"2021-12-14T06:04:20.3998312Z","keyName":"key2","value":"veryFakedStorageAccountKey==","permissions":"FULL"}]}'
    headers:
      cache-control:
      - no-cache
      content-length:
      - '260'
      content-type:
      - application/json
      date:
      - Tue, 14 Dec 2021 06:11:31 GMT
      expires:
      - '-1'
      pragma:
      - no-cache
      server:
      - Microsoft-Azure-Storage-Resource-Provider/1.0,Microsoft-HTTPAPI/2.0 Microsoft-HTTPAPI/2.0
      strict-transport-security:
      - max-age=31536000; includeSubDomains
      transfer-encoding:
      - chunked
      vary:
      - Accept-Encoding
      x-content-type-options:
      - nosniff
      x-ms-ratelimit-remaining-subscription-resource-requests:
      - '11999'
    status:
      code: 200
      message: OK
- request:
    body: null
    headers:
      Accept:
      - application/json
      Accept-Encoding:
      - gzip, deflate
      CommandName:
      - synapse sql pool audit-policy show
      Connection:
      - keep-alive
      ParameterSetName:
      - --workspace-name --resource-group --name
      User-Agent:
      - AZURECLI/2.31.0 azsdk-python-mgmt-synapse/2.1.0b2 Python/3.8.9 (Windows-10-10.0.22000-SP0)
    method: GET
    uri: https://management.azure.com/subscriptions/00000000-0000-0000-0000-000000000000/resourceGroups/synapse-cli000001/providers/Microsoft.Synapse/workspaces/clitest000008/sqlPools/testsqlpool000004/auditingSettings/default?api-version=2021-06-01
  response:
    body:
      string: '{"properties":{"retentionDays":0,"auditActionsAndGroups":[],"isStorageSecondaryKeyInUse":false,"isAzureMonitorTargetEnabled":false,"state":"Disabled","storageEndpoint":"","storageAccountSubscriptionId":"00000000-0000-0000-0000-000000000000"},"id":"/subscriptions/00000000-0000-0000-0000-000000000000/resourceGroups/synapse-cli000001/providers/Microsoft.Synapse/workspaces/clitest000008/sqlPools/testsqlpool000004/auditingSettings/Default","name":"Default","type":"Microsoft.Synapse/workspaces/sqlPools/auditingSettings"}'
    headers:
      cache-control:
      - no-cache
      content-length:
      - '520'
      content-type:
      - application/json; charset=utf-8
      date:
      - Tue, 14 Dec 2021 06:11:34 GMT
      expires:
      - '-1'
      pragma:
      - no-cache
      server:
      - Microsoft-HTTPAPI/2.0
      strict-transport-security:
      - max-age=31536000; includeSubDomains
      transfer-encoding:
      - chunked
      vary:
      - Accept-Encoding
      x-content-type-options:
      - nosniff
    status:
      code: 200
      message: OK
- request:
    body: null
    headers:
      Accept:
      - application/json
      Accept-Encoding:
      - gzip, deflate
      CommandName:
      - synapse sql pool audit-policy update
      Connection:
      - keep-alive
      ParameterSetName:
      - --resource-group --workspace-name --name --state --bsts --storage-key --storage-endpoint
        --retention-days --actions
      User-Agent:
      - AZURECLI/2.31.0 azsdk-python-mgmt-synapse/2.1.0b2 Python/3.8.9 (Windows-10-10.0.22000-SP0)
    method: GET
    uri: https://management.azure.com/subscriptions/00000000-0000-0000-0000-000000000000/resourceGroups/synapse-cli000001/providers/Microsoft.Synapse/workspaces/clitest000008/sqlPools/testsqlpool000004/auditingSettings/default?api-version=2021-06-01
  response:
    body:
      string: '{"properties":{"retentionDays":0,"auditActionsAndGroups":[],"isStorageSecondaryKeyInUse":false,"isAzureMonitorTargetEnabled":false,"state":"Disabled","storageEndpoint":"","storageAccountSubscriptionId":"00000000-0000-0000-0000-000000000000"},"id":"/subscriptions/00000000-0000-0000-0000-000000000000/resourceGroups/synapse-cli000001/providers/Microsoft.Synapse/workspaces/clitest000008/sqlPools/testsqlpool000004/auditingSettings/Default","name":"Default","type":"Microsoft.Synapse/workspaces/sqlPools/auditingSettings"}'
    headers:
      cache-control:
      - no-cache
      content-length:
      - '520'
      content-type:
      - application/json; charset=utf-8
      date:
      - Tue, 14 Dec 2021 06:11:36 GMT
      expires:
      - '-1'
      pragma:
      - no-cache
      server:
      - Microsoft-HTTPAPI/2.0
      strict-transport-security:
      - max-age=31536000; includeSubDomains
      transfer-encoding:
      - chunked
      vary:
      - Accept-Encoding
      x-content-type-options:
      - nosniff
    status:
      code: 200
      message: OK
- request:
    body: '{"properties": {"state": "Enabled", "storageEndpoint": "https://adlsgen2000002.blob.core.windows.net/",
      "storageAccountAccessKey": "veryFakedStorageAccountKey==", "retentionDays":
      30, "auditActionsAndGroups": ["SUCCESSFUL_DATABASE_AUTHENTICATION_GROUP"], "storageAccountSubscriptionId":
      "00000000-0000-0000-0000-000000000000", "isStorageSecondaryKeyInUse": false,
      "isAzureMonitorTargetEnabled": false}}'
    headers:
      Accept:
      - application/json
      Accept-Encoding:
      - gzip, deflate
      CommandName:
      - synapse sql pool audit-policy update
      Connection:
      - keep-alive
      Content-Length:
      - '402'
      Content-Type:
      - application/json
      ParameterSetName:
      - --resource-group --workspace-name --name --state --bsts --storage-key --storage-endpoint
        --retention-days --actions
      User-Agent:
      - AZURECLI/2.31.0 azsdk-python-mgmt-synapse/2.1.0b2 Python/3.8.9 (Windows-10-10.0.22000-SP0)
    method: PUT
    uri: https://management.azure.com/subscriptions/00000000-0000-0000-0000-000000000000/resourceGroups/synapse-cli000001/providers/Microsoft.Synapse/workspaces/clitest000008/sqlPools/testsqlpool000004/auditingSettings/default?api-version=2021-06-01
  response:
    body:
      string: '{"properties":{"retentionDays":30,"auditActionsAndGroups":["SUCCESSFUL_DATABASE_AUTHENTICATION_GROUP"],"isStorageSecondaryKeyInUse":false,"isAzureMonitorTargetEnabled":false,"state":"Enabled","storageEndpoint":"https://adlsgen2000002.blob.core.windows.net/","storageAccountSubscriptionId":"00000000-0000-0000-0000-000000000000"},"id":"/subscriptions/00000000-0000-0000-0000-000000000000/resourceGroups/synapse-cli000001/providers/Microsoft.Synapse/workspaces/clitest000008/sqlPools/testsqlpool000004/auditingSettings/Default","name":"Default","type":"Microsoft.Synapse/workspaces/sqlPools/auditingSettings"}'
    headers:
      cache-control:
      - no-cache
      content-length:
      - '607'
      content-type:
      - application/json; charset=utf-8
      date:
      - Tue, 14 Dec 2021 06:11:38 GMT
      expires:
      - '-1'
      pragma:
      - no-cache
      server:
      - Microsoft-HTTPAPI/2.0
      strict-transport-security:
      - max-age=31536000; includeSubDomains
      x-content-type-options:
      - nosniff
      x-ms-ratelimit-remaining-subscription-writes:
      - '1199'
    status:
      code: 201
      message: Created
- request:
    body: null
    headers:
      Accept:
      - application/json
      Accept-Encoding:
      - gzip, deflate
      CommandName:
      - synapse sql pool audit-policy show
      Connection:
      - keep-alive
      ParameterSetName:
      - --workspace-name --resource-group --name
      User-Agent:
      - AZURECLI/2.31.0 azsdk-python-mgmt-synapse/2.1.0b2 Python/3.8.9 (Windows-10-10.0.22000-SP0)
    method: GET
    uri: https://management.azure.com/subscriptions/00000000-0000-0000-0000-000000000000/resourceGroups/synapse-cli000001/providers/Microsoft.Synapse/workspaces/clitest000008/sqlPools/testsqlpool000004/auditingSettings/default?api-version=2021-06-01
  response:
    body:
      string: '{"properties":{"retentionDays":30,"auditActionsAndGroups":["SUCCESSFUL_DATABASE_AUTHENTICATION_GROUP"],"isStorageSecondaryKeyInUse":false,"isAzureMonitorTargetEnabled":false,"state":"Enabled","storageEndpoint":"https://adlsgen2000002.blob.core.windows.net/","storageAccountSubscriptionId":"00000000-0000-0000-0000-000000000000"},"id":"/subscriptions/00000000-0000-0000-0000-000000000000/resourceGroups/synapse-cli000001/providers/Microsoft.Synapse/workspaces/clitest000008/sqlPools/testsqlpool000004/auditingSettings/Default","name":"Default","type":"Microsoft.Synapse/workspaces/sqlPools/auditingSettings"}'
    headers:
      cache-control:
      - no-cache
      content-length:
      - '607'
      content-type:
      - application/json; charset=utf-8
      date:
      - Tue, 14 Dec 2021 06:11:39 GMT
      expires:
      - '-1'
      pragma:
      - no-cache
      server:
      - Microsoft-HTTPAPI/2.0
      strict-transport-security:
      - max-age=31536000; includeSubDomains
      transfer-encoding:
      - chunked
      vary:
      - Accept-Encoding
      x-content-type-options:
      - nosniff
    status:
      code: 200
      message: OK
- request:
    body: null
    headers:
      Accept:
      - application/json
      Accept-Encoding:
      - gzip, deflate
      CommandName:
      - synapse sql pool audit-policy update
      Connection:
      - keep-alive
      ParameterSetName:
      - --resource-group --workspace-name --name --state --bsts --storage-account
        --retention-days --actions
      User-Agent:
      - AZURECLI/2.31.0 azsdk-python-mgmt-synapse/2.1.0b2 Python/3.8.9 (Windows-10-10.0.22000-SP0)
    method: GET
    uri: https://management.azure.com/subscriptions/00000000-0000-0000-0000-000000000000/resourceGroups/synapse-cli000001/providers/Microsoft.Synapse/workspaces/clitest000008/sqlPools/testsqlpool000004/auditingSettings/default?api-version=2021-06-01
  response:
    body:
      string: '{"properties":{"retentionDays":30,"auditActionsAndGroups":["SUCCESSFUL_DATABASE_AUTHENTICATION_GROUP"],"isStorageSecondaryKeyInUse":false,"isAzureMonitorTargetEnabled":false,"state":"Enabled","storageEndpoint":"https://adlsgen2000002.blob.core.windows.net/","storageAccountSubscriptionId":"00000000-0000-0000-0000-000000000000"},"id":"/subscriptions/00000000-0000-0000-0000-000000000000/resourceGroups/synapse-cli000001/providers/Microsoft.Synapse/workspaces/clitest000008/sqlPools/testsqlpool000004/auditingSettings/Default","name":"Default","type":"Microsoft.Synapse/workspaces/sqlPools/auditingSettings"}'
    headers:
      cache-control:
      - no-cache
      content-length:
      - '607'
      content-type:
      - application/json; charset=utf-8
      date:
      - Tue, 14 Dec 2021 06:11:42 GMT
      expires:
      - '-1'
      pragma:
      - no-cache
      server:
      - Microsoft-HTTPAPI/2.0
      strict-transport-security:
      - max-age=31536000; includeSubDomains
      transfer-encoding:
      - chunked
      vary:
      - Accept-Encoding
      x-content-type-options:
      - nosniff
    status:
      code: 200
      message: OK
- request:
    body: null
    headers:
      Accept:
      - application/json
      Accept-Encoding:
      - gzip, deflate
      CommandName:
      - synapse sql pool audit-policy update
      Connection:
      - keep-alive
      ParameterSetName:
      - --resource-group --workspace-name --name --state --bsts --storage-account
        --retention-days --actions
      User-Agent:
      - AZURECLI/2.31.0 azsdk-python-azure-mgmt-resource/20.0.0 Python/3.8.9 (Windows-10-10.0.22000-SP0)
    method: GET
    uri: https://management.azure.com/subscriptions/00000000-0000-0000-0000-000000000000/resources?$filter=name%20eq%20%27adlsgen2000002%27%20and%20%28resourceType%20eq%20%27Microsoft.Storage%2FstorageAccounts%27%20or%20resourceType%20eq%20%27Microsoft.ClassicStorage%2FstorageAccounts%27%29&api-version=2021-04-01
  response:
    body:
      string: '{"value":[{"id":"/subscriptions/00000000-0000-0000-0000-000000000000/resourceGroups/synapse-cli000001/providers/Microsoft.Storage/storageAccounts/adlsgen2000002","name":"adlsgen2000002","type":"Microsoft.Storage/storageAccounts","sku":{"name":"Standard_LRS","tier":"Standard"},"kind":"Storage","location":"eastus","tags":{}}]}'
    headers:
      cache-control:
      - no-cache
      content-length:
      - '326'
      content-type:
      - application/json; charset=utf-8
      date:
      - Tue, 14 Dec 2021 06:11:41 GMT
      expires:
      - '-1'
      pragma:
      - no-cache
      strict-transport-security:
      - max-age=31536000; includeSubDomains
      vary:
      - Accept-Encoding
      x-content-type-options:
      - nosniff
    status:
      code: 200
      message: OK
- request:
    body: null
    headers:
      Accept:
      - application/json
      Accept-Encoding:
      - gzip, deflate
      CommandName:
      - synapse sql pool audit-policy update
      Connection:
      - keep-alive
      ParameterSetName:
      - --resource-group --workspace-name --name --state --bsts --storage-account
        --retention-days --actions
      User-Agent:
      - AZURECLI/2.31.0 azsdk-python-azure-mgmt-storage/19.0.0 Python/3.8.9 (Windows-10-10.0.22000-SP0)
    method: GET
    uri: https://management.azure.com/subscriptions/00000000-0000-0000-0000-000000000000/resourceGroups/synapse-cli000001/providers/Microsoft.Storage/storageAccounts/adlsgen2000002?api-version=2021-06-01
  response:
    body:
      string: '{"sku":{"name":"Standard_LRS","tier":"Standard"},"kind":"Storage","id":"/subscriptions/00000000-0000-0000-0000-000000000000/resourceGroups/synapse-cli000001/providers/Microsoft.Storage/storageAccounts/adlsgen2000002","name":"adlsgen2000002","type":"Microsoft.Storage/storageAccounts","location":"eastus","tags":{},"properties":{"keyCreationTime":{"key1":"2021-12-14T06:04:20.3998312Z","key2":"2021-12-14T06:04:20.3998312Z"},"privateEndpointConnections":[],"minimumTlsVersion":"TLS1_0","allowBlobPublicAccess":true,"networkAcls":{"bypass":"AzureServices","virtualNetworkRules":[],"ipRules":[],"defaultAction":"Allow"},"supportsHttpsTrafficOnly":true,"encryption":{"services":{"file":{"keyType":"Account","enabled":true,"lastEnabledTime":"2021-12-14T06:04:20.3998312Z"},"blob":{"keyType":"Account","enabled":true,"lastEnabledTime":"2021-12-14T06:04:20.3998312Z"}},"keySource":"Microsoft.Storage"},"provisioningState":"Succeeded","creationTime":"2021-12-14T06:04:20.2748077Z","primaryEndpoints":{"blob":"https://adlsgen2000002.blob.core.windows.net/","queue":"https://adlsgen2000002.queue.core.windows.net/","table":"https://adlsgen2000002.table.core.windows.net/","file":"https://adlsgen2000002.file.core.windows.net/"},"primaryLocation":"eastus","statusOfPrimary":"available"}}'
    headers:
      cache-control:
      - no-cache
      content-length:
      - '1276'
      content-type:
      - application/json
      date:
      - Tue, 14 Dec 2021 06:11:43 GMT
      expires:
      - '-1'
      pragma:
      - no-cache
      server:
      - Microsoft-Azure-Storage-Resource-Provider/1.0,Microsoft-HTTPAPI/2.0 Microsoft-HTTPAPI/2.0
      strict-transport-security:
      - max-age=31536000; includeSubDomains
      transfer-encoding:
      - chunked
      vary:
      - Accept-Encoding
      x-content-type-options:
      - nosniff
    status:
      code: 200
      message: OK
- request:
    body: null
    headers:
      Accept:
      - application/json
      Accept-Encoding:
      - gzip, deflate
      CommandName:
      - synapse sql pool audit-policy update
      Connection:
      - keep-alive
      ParameterSetName:
      - --resource-group --workspace-name --name --state --bsts --storage-account
        --retention-days --actions
      User-Agent:
      - AZURECLI/2.31.0 azsdk-python-azure-mgmt-resource/20.0.0 Python/3.8.9 (Windows-10-10.0.22000-SP0)
    method: GET
    uri: https://management.azure.com/subscriptions/00000000-0000-0000-0000-000000000000/resources?$filter=name%20eq%20%27adlsgen2000002%27%20and%20%28resourceType%20eq%20%27Microsoft.Storage%2FstorageAccounts%27%20or%20resourceType%20eq%20%27Microsoft.ClassicStorage%2FstorageAccounts%27%29&api-version=2021-04-01
  response:
    body:
      string: '{"value":[{"id":"/subscriptions/00000000-0000-0000-0000-000000000000/resourceGroups/synapse-cli000001/providers/Microsoft.Storage/storageAccounts/adlsgen2000002","name":"adlsgen2000002","type":"Microsoft.Storage/storageAccounts","sku":{"name":"Standard_LRS","tier":"Standard"},"kind":"Storage","location":"eastus","tags":{}}]}'
    headers:
      cache-control:
      - no-cache
      content-length:
      - '326'
      content-type:
      - application/json; charset=utf-8
      date:
      - Tue, 14 Dec 2021 06:11:44 GMT
      expires:
      - '-1'
      pragma:
      - no-cache
      strict-transport-security:
      - max-age=31536000; includeSubDomains
      vary:
      - Accept-Encoding
      x-content-type-options:
      - nosniff
    status:
      code: 200
      message: OK
- request:
    body: null
    headers:
      Accept:
      - application/json
      Accept-Encoding:
      - gzip, deflate
      CommandName:
      - synapse sql pool audit-policy update
      Connection:
      - keep-alive
      Content-Length:
      - '0'
      ParameterSetName:
      - --resource-group --workspace-name --name --state --bsts --storage-account
        --retention-days --actions
      User-Agent:
      - AZURECLI/2.31.0 azsdk-python-azure-mgmt-storage/19.0.0 Python/3.8.9 (Windows-10-10.0.22000-SP0)
    method: POST
    uri: https://management.azure.com/subscriptions/00000000-0000-0000-0000-000000000000/resourceGroups/synapse-cli000001/providers/Microsoft.Storage/storageAccounts/adlsgen2000002/listKeys?api-version=2021-06-01&$expand=kerb
  response:
    body:
      string: '{"keys":[{"creationTime":"2021-12-14T06:04:20.3998312Z","keyName":"key1","value":"veryFakedStorageAccountKey==","permissions":"FULL"},{"creationTime":"2021-12-14T06:04:20.3998312Z","keyName":"key2","value":"veryFakedStorageAccountKey==","permissions":"FULL"}]}'
    headers:
      cache-control:
      - no-cache
      content-length:
      - '260'
      content-type:
      - application/json
      date:
      - Tue, 14 Dec 2021 06:11:45 GMT
      expires:
      - '-1'
      pragma:
      - no-cache
      server:
      - Microsoft-Azure-Storage-Resource-Provider/1.0,Microsoft-HTTPAPI/2.0 Microsoft-HTTPAPI/2.0
      strict-transport-security:
      - max-age=31536000; includeSubDomains
      transfer-encoding:
      - chunked
      vary:
      - Accept-Encoding
      x-content-type-options:
      - nosniff
      x-ms-ratelimit-remaining-subscription-resource-requests:
      - '11999'
    status:
      code: 200
      message: OK
- request:
    body: '{"properties": {"state": "Enabled", "storageEndpoint": "https://adlsgen2000002.blob.core.windows.net/",
      "storageAccountAccessKey": "veryFakedStorageAccountKey==", "retentionDays":
      30, "auditActionsAndGroups": ["SUCCESSFUL_DATABASE_AUTHENTICATION_GROUP"], "storageAccountSubscriptionId":
      "0b1f6471-1bf0-4dda-aec3-cb9272f09590", "isStorageSecondaryKeyInUse": false,
      "isAzureMonitorTargetEnabled": false}}'
    headers:
      Accept:
      - application/json
      Accept-Encoding:
      - gzip, deflate
      CommandName:
      - synapse sql pool audit-policy update
      Connection:
      - keep-alive
      Content-Length:
      - '402'
      Content-Type:
      - application/json
      ParameterSetName:
      - --resource-group --workspace-name --name --state --bsts --storage-account
        --retention-days --actions
      User-Agent:
      - AZURECLI/2.31.0 azsdk-python-mgmt-synapse/2.1.0b2 Python/3.8.9 (Windows-10-10.0.22000-SP0)
    method: PUT
    uri: https://management.azure.com/subscriptions/00000000-0000-0000-0000-000000000000/resourceGroups/synapse-cli000001/providers/Microsoft.Synapse/workspaces/clitest000008/sqlPools/testsqlpool000004/auditingSettings/default?api-version=2021-06-01
  response:
    body:
      string: '{"properties":{"retentionDays":30,"auditActionsAndGroups":["SUCCESSFUL_DATABASE_AUTHENTICATION_GROUP"],"isStorageSecondaryKeyInUse":false,"isAzureMonitorTargetEnabled":false,"state":"Enabled","storageEndpoint":"https://adlsgen2000002.blob.core.windows.net/","storageAccountSubscriptionId":"0b1f6471-1bf0-4dda-aec3-cb9272f09590"},"id":"/subscriptions/00000000-0000-0000-0000-000000000000/resourceGroups/synapse-cli000001/providers/Microsoft.Synapse/workspaces/clitest000008/sqlPools/testsqlpool000004/auditingSettings/Default","name":"Default","type":"Microsoft.Synapse/workspaces/sqlPools/auditingSettings"}'
    headers:
      cache-control:
      - no-cache
      content-length:
      - '607'
      content-type:
      - application/json; charset=utf-8
      date:
      - Tue, 14 Dec 2021 06:11:47 GMT
      expires:
      - '-1'
      pragma:
      - no-cache
      server:
      - Microsoft-HTTPAPI/2.0
      strict-transport-security:
      - max-age=31536000; includeSubDomains
      transfer-encoding:
      - chunked
      vary:
      - Accept-Encoding
      x-content-type-options:
      - nosniff
      x-ms-ratelimit-remaining-subscription-writes:
      - '1199'
    status:
      code: 200
      message: OK
- request:
    body: null
    headers:
      Accept:
      - application/json
      Accept-Encoding:
      - gzip, deflate
      CommandName:
      - synapse sql pool audit-policy update
      Connection:
      - keep-alive
      ParameterSetName:
      - --resource-group --workspace-name --name --state
      User-Agent:
      - AZURECLI/2.31.0 azsdk-python-mgmt-synapse/2.1.0b2 Python/3.8.9 (Windows-10-10.0.22000-SP0)
    method: GET
    uri: https://management.azure.com/subscriptions/00000000-0000-0000-0000-000000000000/resourceGroups/synapse-cli000001/providers/Microsoft.Synapse/workspaces/clitest000008/sqlPools/testsqlpool000004/auditingSettings/default?api-version=2021-06-01
  response:
    body:
      string: '{"properties":{"retentionDays":30,"auditActionsAndGroups":["SUCCESSFUL_DATABASE_AUTHENTICATION_GROUP"],"isStorageSecondaryKeyInUse":false,"isAzureMonitorTargetEnabled":false,"state":"Enabled","storageEndpoint":"https://adlsgen2000002.blob.core.windows.net/","storageAccountSubscriptionId":"0b1f6471-1bf0-4dda-aec3-cb9272f09590"},"id":"/subscriptions/00000000-0000-0000-0000-000000000000/resourceGroups/synapse-cli000001/providers/Microsoft.Synapse/workspaces/clitest000008/sqlPools/testsqlpool000004/auditingSettings/Default","name":"Default","type":"Microsoft.Synapse/workspaces/sqlPools/auditingSettings"}'
    headers:
      cache-control:
      - no-cache
      content-length:
      - '607'
      content-type:
      - application/json; charset=utf-8
      date:
      - Tue, 14 Dec 2021 06:11:50 GMT
      expires:
      - '-1'
      pragma:
      - no-cache
      server:
      - Microsoft-HTTPAPI/2.0
      strict-transport-security:
      - max-age=31536000; includeSubDomains
      transfer-encoding:
      - chunked
      vary:
      - Accept-Encoding
      x-content-type-options:
      - nosniff
    status:
      code: 200
      message: OK
- request:
    body: '{"properties": {"state": "Disabled", "storageEndpoint": "https://adlsgen2000002.blob.core.windows.net/",
      "retentionDays": 30, "auditActionsAndGroups": ["SUCCESSFUL_DATABASE_AUTHENTICATION_GROUP"],
      "storageAccountSubscriptionId": "0b1f6471-1bf0-4dda-aec3-cb9272f09590", "isStorageSecondaryKeyInUse":
      false, "isAzureMonitorTargetEnabled": false}}'
    headers:
      Accept:
      - application/json
      Accept-Encoding:
      - gzip, deflate
      CommandName:
      - synapse sql pool audit-policy update
      Connection:
      - keep-alive
      Content-Length:
      - '344'
      Content-Type:
      - application/json
      ParameterSetName:
      - --resource-group --workspace-name --name --state
      User-Agent:
      - AZURECLI/2.31.0 azsdk-python-mgmt-synapse/2.1.0b2 Python/3.8.9 (Windows-10-10.0.22000-SP0)
    method: PUT
    uri: https://management.azure.com/subscriptions/00000000-0000-0000-0000-000000000000/resourceGroups/synapse-cli000001/providers/Microsoft.Synapse/workspaces/clitest000008/sqlPools/testsqlpool000004/auditingSettings/default?api-version=2021-06-01
  response:
    body:
      string: '{"properties":{"retentionDays":30,"auditActionsAndGroups":["SUCCESSFUL_DATABASE_AUTHENTICATION_GROUP"],"isStorageSecondaryKeyInUse":false,"isAzureMonitorTargetEnabled":false,"state":"Disabled","storageEndpoint":"https://adlsgen2000002.blob.core.windows.net/","storageAccountSubscriptionId":"0b1f6471-1bf0-4dda-aec3-cb9272f09590"},"id":"/subscriptions/00000000-0000-0000-0000-000000000000/resourceGroups/synapse-cli000001/providers/Microsoft.Synapse/workspaces/clitest000008/sqlPools/testsqlpool000004/auditingSettings/Default","name":"Default","type":"Microsoft.Synapse/workspaces/sqlPools/auditingSettings"}'
    headers:
      cache-control:
      - no-cache
      content-length:
      - '608'
      content-type:
      - application/json; charset=utf-8
      date:
      - Tue, 14 Dec 2021 06:11:53 GMT
      expires:
      - '-1'
      pragma:
      - no-cache
      server:
      - Microsoft-HTTPAPI/2.0
      strict-transport-security:
      - max-age=31536000; includeSubDomains
      transfer-encoding:
      - chunked
      vary:
      - Accept-Encoding
      x-content-type-options:
      - nosniff
      x-ms-ratelimit-remaining-subscription-writes:
      - '1199'
    status:
      code: 200
      message: OK
- request:
    body: null
    headers:
      Accept:
      - application/json
      Accept-Encoding:
      - gzip, deflate
      CommandName:
      - monitor log-analytics workspace create
      Connection:
      - keep-alive
      ParameterSetName:
      - --resource-group --workspace-name
      User-Agent:
      - AZURECLI/2.31.0 azsdk-python-azure-mgmt-resource/20.0.0 Python/3.8.9 (Windows-10-10.0.22000-SP0)
    method: GET
    uri: https://management.azure.com/subscriptions/00000000-0000-0000-0000-000000000000/resourcegroups/synapse-cli000001?api-version=2021-04-01
  response:
    body:
      string: '{"id":"/subscriptions/00000000-0000-0000-0000-000000000000/resourceGroups/synapse-cli000001","name":"synapse-cli000001","type":"Microsoft.Resources/resourceGroups","location":"westus","tags":{"product":"azurecli","cause":"automation","date":"2021-12-14T06:04:13Z"},"properties":{"provisioningState":"Succeeded"}}'
    headers:
      cache-control:
      - no-cache
      content-length:
      - '312'
      content-type:
      - application/json; charset=utf-8
      date:
      - Tue, 14 Dec 2021 06:11:53 GMT
      expires:
      - '-1'
      pragma:
      - no-cache
      strict-transport-security:
      - max-age=31536000; includeSubDomains
      vary:
      - Accept-Encoding
      x-content-type-options:
      - nosniff
    status:
      code: 200
      message: OK
- request:
    body: '{"location": "westus", "properties": {"sku": {"name": "PerGB2018"}, "retentionInDays":
      30, "workspaceCapping": {}}}'
    headers:
      Accept:
      - application/json
      Accept-Encoding:
      - gzip, deflate
      CommandName:
      - monitor log-analytics workspace create
      Connection:
      - keep-alive
      Content-Length:
      - '115'
      Content-Type:
      - application/json
      ParameterSetName:
      - --resource-group --workspace-name
      User-Agent:
      - AZURECLI/2.31.0 azsdk-python-mgmt-loganalytics/12.0.0 Python/3.8.9 (Windows-10-10.0.22000-SP0)
    method: PUT
    uri: https://management.azure.com/subscriptions/00000000-0000-0000-0000-000000000000/resourcegroups/synapse-cli000001/providers/Microsoft.OperationalInsights/workspaces/laws000003?api-version=2021-06-01
  response:
    body:
      string: "{\r\n  \"properties\": {\r\n    \"source\": \"Azure\",\r\n    \"customerId\":
        \"edde1500-9aa0-41b7-962b-10834d29e131\",\r\n    \"provisioningState\": \"Creating\",\r\n
        \   \"sku\": {\r\n      \"name\": \"pergb2018\",\r\n      \"lastSkuUpdate\":
        \"Tue, 14 Dec 2021 06:11:58 GMT\"\r\n    },\r\n    \"retentionInDays\": 30,\r\n
        \   \"features\": {\r\n      \"legacy\": 0,\r\n      \"searchVersion\": 1,\r\n
        \     \"enableLogAccessUsingOnlyResourcePermissions\": true\r\n    },\r\n
        \   \"workspaceCapping\": {\r\n      \"dailyQuotaGb\": -1.0,\r\n      \"quotaNextResetTime\":
        \"Wed, 15 Dec 2021 06:00:00 GMT\",\r\n      \"dataIngestionStatus\": \"RespectQuota\"\r\n
        \   },\r\n    \"publicNetworkAccessForIngestion\": \"Enabled\",\r\n    \"publicNetworkAccessForQuery\":
        \"Enabled\",\r\n    \"createdDate\": \"Tue, 14 Dec 2021 06:11:58 GMT\",\r\n
        \   \"modifiedDate\": \"Tue, 14 Dec 2021 06:11:58 GMT\"\r\n  },\r\n  \"id\":
        \"/subscriptions/00000000-0000-0000-0000-000000000000/resourcegroups/synapse-cli000001/providers/microsoft.operationalinsights/workspaces/laws000003\",\r\n
        \ \"name\": \"laws000003\",\r\n  \"type\": \"Microsoft.OperationalInsights/workspaces\",\r\n
        \ \"location\": \"westus\"\r\n}"
    headers:
      cache-control:
      - no-cache
      content-length:
      - '1055'
      content-type:
      - application/json
      date:
      - Tue, 14 Dec 2021 06:12:00 GMT
      pragma:
      - no-cache
      server:
      - Microsoft-IIS/10.0
      - Microsoft-IIS/10.0
      strict-transport-security:
      - max-age=31536000; includeSubDomains
      x-content-type-options:
      - nosniff
      x-ms-ratelimit-remaining-subscription-writes:
      - '1197'
      x-powered-by:
      - ASP.NET
      - ASP.NET
    status:
      code: 201
      message: Created
- request:
    body: null
    headers:
      Accept:
      - '*/*'
      Accept-Encoding:
      - gzip, deflate
      CommandName:
      - monitor log-analytics workspace create
      Connection:
      - keep-alive
      ParameterSetName:
      - --resource-group --workspace-name
      User-Agent:
      - AZURECLI/2.31.0 azsdk-python-mgmt-loganalytics/12.0.0 Python/3.8.9 (Windows-10-10.0.22000-SP0)
    method: GET
    uri: https://management.azure.com/subscriptions/00000000-0000-0000-0000-000000000000/resourcegroups/synapse-cli000001/providers/Microsoft.OperationalInsights/workspaces/laws000003?api-version=2021-06-01
  response:
    body:
      string: "{\r\n  \"properties\": {\r\n    \"source\": \"Azure\",\r\n    \"customerId\":
        \"edde1500-9aa0-41b7-962b-10834d29e131\",\r\n    \"provisioningState\": \"Succeeded\",\r\n
        \   \"sku\": {\r\n      \"name\": \"pergb2018\",\r\n      \"lastSkuUpdate\":
        \"Tue, 14 Dec 2021 06:11:58 GMT\"\r\n    },\r\n    \"retentionInDays\": 30,\r\n
        \   \"features\": {\r\n      \"legacy\": 0,\r\n      \"searchVersion\": 1,\r\n
        \     \"enableLogAccessUsingOnlyResourcePermissions\": true\r\n    },\r\n
        \   \"workspaceCapping\": {\r\n      \"dailyQuotaGb\": -1.0,\r\n      \"quotaNextResetTime\":
        \"Wed, 15 Dec 2021 06:00:00 GMT\",\r\n      \"dataIngestionStatus\": \"RespectQuota\"\r\n
        \   },\r\n    \"publicNetworkAccessForIngestion\": \"Enabled\",\r\n    \"publicNetworkAccessForQuery\":
        \"Enabled\",\r\n    \"createdDate\": \"Tue, 14 Dec 2021 06:11:58 GMT\",\r\n
        \   \"modifiedDate\": \"Tue, 14 Dec 2021 06:12:00 GMT\"\r\n  },\r\n  \"id\":
        \"/subscriptions/00000000-0000-0000-0000-000000000000/resourcegroups/synapse-cli000001/providers/microsoft.operationalinsights/workspaces/laws000003\",\r\n
        \ \"name\": \"laws000003\",\r\n  \"type\": \"Microsoft.OperationalInsights/workspaces\",\r\n
        \ \"location\": \"westus\"\r\n}"
    headers:
      cache-control:
      - no-cache
      content-length:
      - '1056'
      content-type:
      - application/json
      date:
      - Tue, 14 Dec 2021 06:12:30 GMT
      pragma:
      - no-cache
      server:
      - Microsoft-IIS/10.0
      - Microsoft-IIS/10.0
      strict-transport-security:
      - max-age=31536000; includeSubDomains
      transfer-encoding:
      - chunked
      vary:
      - Accept-Encoding
      x-content-type-options:
      - nosniff
      x-powered-by:
      - ASP.NET
      - ASP.NET
    status:
      code: 200
      message: OK
- request:
    body: null
    headers:
      Accept:
      - application/json
      Accept-Encoding:
      - gzip, deflate
      CommandName:
      - synapse sql pool audit-policy update
      Connection:
      - keep-alive
      ParameterSetName:
      - --resource-group --workspace-name --name --state --lats --lawri
      User-Agent:
      - AZURECLI/2.31.0 azsdk-python-mgmt-synapse/2.1.0b2 Python/3.8.9 (Windows-10-10.0.22000-SP0)
    method: GET
    uri: https://management.azure.com/subscriptions/00000000-0000-0000-0000-000000000000/resourceGroups/synapse-cli000001/providers/Microsoft.Synapse/workspaces/clitest000008/sqlPools/testsqlpool000004/auditingSettings/default?api-version=2021-06-01
  response:
    body:
      string: '{"properties":{"retentionDays":30,"auditActionsAndGroups":["SUCCESSFUL_DATABASE_AUTHENTICATION_GROUP"],"isStorageSecondaryKeyInUse":false,"isAzureMonitorTargetEnabled":false,"state":"Disabled","storageEndpoint":"https://adlsgen2000002.blob.core.windows.net/","storageAccountSubscriptionId":"0b1f6471-1bf0-4dda-aec3-cb9272f09590"},"id":"/subscriptions/00000000-0000-0000-0000-000000000000/resourceGroups/synapse-cli000001/providers/Microsoft.Synapse/workspaces/clitest000008/sqlPools/testsqlpool000004/auditingSettings/Default","name":"Default","type":"Microsoft.Synapse/workspaces/sqlPools/auditingSettings"}'
    headers:
      cache-control:
      - no-cache
      content-length:
      - '608'
      content-type:
      - application/json; charset=utf-8
      date:
      - Tue, 14 Dec 2021 06:12:32 GMT
      expires:
      - '-1'
      pragma:
      - no-cache
      server:
      - Microsoft-HTTPAPI/2.0
      strict-transport-security:
      - max-age=31536000; includeSubDomains
      transfer-encoding:
      - chunked
      vary:
      - Accept-Encoding
      x-content-type-options:
      - nosniff
    status:
      code: 200
      message: OK
- request:
    body: null
    headers:
      Accept:
      - application/json
      Accept-Encoding:
      - gzip, deflate
      CommandName:
      - synapse sql pool audit-policy update
      Connection:
      - keep-alive
      ParameterSetName:
      - --resource-group --workspace-name --name --state --lats --lawri
      User-Agent:
      - AZURECLI/2.31.0 azsdk-python-azure-mgmt-monitor/2.0.0 Python/3.8.9 (Windows-10-10.0.22000-SP0)
    method: GET
    uri: https://management.azure.com/subscriptions/00000000-0000-0000-0000-000000000000/resourceGroups/synapse-cli000001/providers/Microsoft.Synapse/workspaces/clitest000008/sqlpools/testsqlpool000004/providers/microsoft.insights/diagnosticSettings?api-version=2017-05-01-preview
  response:
    body:
      string: '{"value":[]}'
    headers:
      cache-control:
      - no-cache
      content-length:
      - '12'
      content-type:
      - application/json; charset=utf-8
      date:
      - Tue, 14 Dec 2021 06:12:33 GMT
      expires:
      - '-1'
      pragma:
      - no-cache
      server:
      - Microsoft-IIS/10.0
      strict-transport-security:
      - max-age=31536000; includeSubDomains
      transfer-encoding:
      - chunked
      vary:
      - Accept-Encoding
      x-content-type-options:
      - nosniff
    status:
      code: 200
      message: OK
- request:
    body: '{"properties": {"logs": [{"category": "SQLSecurityAuditEvents", "enabled":
      true, "retentionPolicy": {"enabled": false, "days": 0}}], "workspaceId": "/subscriptions/00000000-0000-0000-0000-000000000000/resourcegroups/synapse-cli000001/providers/microsoft.operationalinsights/workspaces/laws000003"}}'
    headers:
      Accept:
      - application/json
      Accept-Encoding:
      - gzip, deflate
      CommandName:
      - synapse sql pool audit-policy update
      Connection:
      - keep-alive
      Content-Length:
      - '298'
      Content-Type:
      - application/json
      ParameterSetName:
      - --resource-group --workspace-name --name --state --lats --lawri
      User-Agent:
      - AZURECLI/2.31.0 azsdk-python-azure-mgmt-monitor/2.0.0 Python/3.8.9 (Windows-10-10.0.22000-SP0)
    method: PUT
    uri: https://management.azure.com/subscriptions/00000000-0000-0000-0000-000000000000/resourceGroups/synapse-cli000001/providers/Microsoft.Synapse/workspaces/clitest000008/sqlpools/testsqlpool000004/providers/microsoft.insights/diagnosticSettings/SQLSecurityAuditEvents_LogAnalytics?api-version=2017-05-01-preview
  response:
    body:
      string: '{"id":"/subscriptions/00000000-0000-0000-0000-000000000000/resourcegroups/synapse-cli000001/providers/microsoft.synapse/workspaces/clitest000008/sqlpools/testsqlpool000004/providers/microsoft.insights/diagnosticSettings/SQLSecurityAuditEvents_LogAnalytics","type":"Microsoft.Insights/diagnosticSettings","name":"SQLSecurityAuditEvents_LogAnalytics","location":null,"kind":null,"tags":null,"properties":{"storageAccountId":null,"serviceBusRuleId":null,"workspaceId":"/subscriptions/00000000-0000-0000-0000-000000000000/resourcegroups/synapse-cli000001/providers/microsoft.operationalinsights/workspaces/laws000003","eventHubAuthorizationRuleId":null,"eventHubName":null,"metrics":[],"logs":[{"category":"SQLSecurityAuditEvents","categoryGroup":null,"enabled":true,"retentionPolicy":{"enabled":false,"days":0}}],"logAnalyticsDestinationType":null},"identity":null}'
    headers:
      cache-control:
      - no-cache
      content-length:
      - '862'
      content-type:
      - application/json; charset=utf-8
      date:
      - Tue, 14 Dec 2021 06:12:41 GMT
      expires:
      - '-1'
      pragma:
      - no-cache
      server:
      - Microsoft-IIS/10.0
      strict-transport-security:
      - max-age=31536000; includeSubDomains
      transfer-encoding:
      - chunked
      vary:
      - Accept-Encoding
      x-content-type-options:
      - nosniff
      x-ms-ratelimit-remaining-subscription-resource-requests:
      - '149'
    status:
      code: 200
      message: OK
- request:
    body: null
    headers:
      Accept:
      - application/json
      Accept-Encoding:
      - gzip, deflate
      CommandName:
      - synapse sql pool audit-policy update
      Connection:
      - keep-alive
      ParameterSetName:
      - --resource-group --workspace-name --name --state --lats --lawri
      User-Agent:
      - AZURECLI/2.31.0 azsdk-python-azure-mgmt-resource/20.0.0 Python/3.8.9 (Windows-10-10.0.22000-SP0)
    method: GET
    uri: https://management.azure.com/subscriptions/00000000-0000-0000-0000-000000000000/resources?$filter=name%20eq%20%27adlsgen2000002%27%20and%20%28resourceType%20eq%20%27Microsoft.Storage%2FstorageAccounts%27%20or%20resourceType%20eq%20%27Microsoft.ClassicStorage%2FstorageAccounts%27%29&api-version=2021-04-01
  response:
    body:
      string: '{"value":[{"id":"/subscriptions/00000000-0000-0000-0000-000000000000/resourceGroups/synapse-cli000001/providers/Microsoft.Storage/storageAccounts/adlsgen2000002","name":"adlsgen2000002","type":"Microsoft.Storage/storageAccounts","sku":{"name":"Standard_LRS","tier":"Standard"},"kind":"Storage","location":"eastus","tags":{}}]}'
    headers:
      cache-control:
      - no-cache
      content-length:
      - '326'
      content-type:
      - application/json; charset=utf-8
      date:
      - Tue, 14 Dec 2021 06:12:42 GMT
      expires:
      - '-1'
      pragma:
      - no-cache
      strict-transport-security:
      - max-age=31536000; includeSubDomains
      vary:
      - Accept-Encoding
      x-content-type-options:
      - nosniff
    status:
      code: 200
      message: OK
- request:
    body: null
    headers:
      Accept:
      - application/json
      Accept-Encoding:
      - gzip, deflate
      CommandName:
      - synapse sql pool audit-policy update
      Connection:
      - keep-alive
      Content-Length:
      - '0'
      ParameterSetName:
      - --resource-group --workspace-name --name --state --lats --lawri
      User-Agent:
      - AZURECLI/2.31.0 azsdk-python-azure-mgmt-storage/19.0.0 Python/3.8.9 (Windows-10-10.0.22000-SP0)
    method: POST
    uri: https://management.azure.com/subscriptions/00000000-0000-0000-0000-000000000000/resourceGroups/synapse-cli000001/providers/Microsoft.Storage/storageAccounts/adlsgen2000002/listKeys?api-version=2021-06-01&$expand=kerb
  response:
    body:
      string: '{"keys":[{"creationTime":"2021-12-14T06:04:20.3998312Z","keyName":"key1","value":"veryFakedStorageAccountKey==","permissions":"FULL"},{"creationTime":"2021-12-14T06:04:20.3998312Z","keyName":"key2","value":"veryFakedStorageAccountKey==","permissions":"FULL"}]}'
    headers:
      cache-control:
      - no-cache
      content-length:
      - '260'
      content-type:
      - application/json
      date:
      - Tue, 14 Dec 2021 06:12:42 GMT
      expires:
      - '-1'
      pragma:
      - no-cache
      server:
      - Microsoft-Azure-Storage-Resource-Provider/1.0,Microsoft-HTTPAPI/2.0 Microsoft-HTTPAPI/2.0
      strict-transport-security:
      - max-age=31536000; includeSubDomains
      transfer-encoding:
      - chunked
      vary:
      - Accept-Encoding
      x-content-type-options:
      - nosniff
      x-ms-ratelimit-remaining-subscription-resource-requests:
      - '11999'
    status:
      code: 200
      message: OK
- request:
    body: '{"properties": {"state": "Enabled", "storageEndpoint": "https://adlsgen2000002.blob.core.windows.net/",
      "storageAccountAccessKey": "veryFakedStorageAccountKey==", "retentionDays":
      30, "auditActionsAndGroups": ["SUCCESSFUL_DATABASE_AUTHENTICATION_GROUP"], "storageAccountSubscriptionId":
      "0b1f6471-1bf0-4dda-aec3-cb9272f09590", "isStorageSecondaryKeyInUse": false,
      "isAzureMonitorTargetEnabled": true}}'
    headers:
      Accept:
      - application/json
      Accept-Encoding:
      - gzip, deflate
      CommandName:
      - synapse sql pool audit-policy update
      Connection:
      - keep-alive
      Content-Length:
      - '401'
      Content-Type:
      - application/json
      ParameterSetName:
      - --resource-group --workspace-name --name --state --lats --lawri
      User-Agent:
      - AZURECLI/2.31.0 azsdk-python-mgmt-synapse/2.1.0b2 Python/3.8.9 (Windows-10-10.0.22000-SP0)
    method: PUT
    uri: https://management.azure.com/subscriptions/00000000-0000-0000-0000-000000000000/resourceGroups/synapse-cli000001/providers/Microsoft.Synapse/workspaces/clitest000008/sqlPools/testsqlpool000004/auditingSettings/default?api-version=2021-06-01
  response:
    body:
      string: '{"properties":{"retentionDays":30,"auditActionsAndGroups":["SUCCESSFUL_DATABASE_AUTHENTICATION_GROUP"],"isStorageSecondaryKeyInUse":false,"isAzureMonitorTargetEnabled":true,"state":"Enabled","storageEndpoint":"https://adlsgen2000002.blob.core.windows.net/","storageAccountSubscriptionId":"0b1f6471-1bf0-4dda-aec3-cb9272f09590"},"id":"/subscriptions/00000000-0000-0000-0000-000000000000/resourceGroups/synapse-cli000001/providers/Microsoft.Synapse/workspaces/clitest000008/sqlPools/testsqlpool000004/auditingSettings/Default","name":"Default","type":"Microsoft.Synapse/workspaces/sqlPools/auditingSettings"}'
    headers:
      cache-control:
      - no-cache
      content-length:
      - '606'
      content-type:
      - application/json; charset=utf-8
      date:
      - Tue, 14 Dec 2021 06:12:45 GMT
      expires:
      - '-1'
      pragma:
      - no-cache
      server:
      - Microsoft-HTTPAPI/2.0
      strict-transport-security:
      - max-age=31536000; includeSubDomains
      x-content-type-options:
      - nosniff
      x-ms-ratelimit-remaining-subscription-writes:
      - '1199'
    status:
      code: 201
      message: Created
- request:
    body: null
    headers:
      Accept:
      - application/json
      Accept-Encoding:
      - gzip, deflate
      CommandName:
      - synapse sql pool audit-policy show
      Connection:
      - keep-alive
      ParameterSetName:
      - --resource-group --workspace-name --name
      User-Agent:
      - AZURECLI/2.31.0 azsdk-python-mgmt-synapse/2.1.0b2 Python/3.8.9 (Windows-10-10.0.22000-SP0)
    method: GET
    uri: https://management.azure.com/subscriptions/00000000-0000-0000-0000-000000000000/resourceGroups/synapse-cli000001/providers/Microsoft.Synapse/workspaces/clitest000008/sqlPools/testsqlpool000004/auditingSettings/default?api-version=2021-06-01
  response:
    body:
      string: '{"properties":{"retentionDays":30,"auditActionsAndGroups":["SUCCESSFUL_DATABASE_AUTHENTICATION_GROUP"],"isStorageSecondaryKeyInUse":false,"isAzureMonitorTargetEnabled":true,"state":"Enabled","storageEndpoint":"https://adlsgen2000002.blob.core.windows.net/","storageAccountSubscriptionId":"0b1f6471-1bf0-4dda-aec3-cb9272f09590"},"id":"/subscriptions/00000000-0000-0000-0000-000000000000/resourceGroups/synapse-cli000001/providers/Microsoft.Synapse/workspaces/clitest000008/sqlPools/testsqlpool000004/auditingSettings/Default","name":"Default","type":"Microsoft.Synapse/workspaces/sqlPools/auditingSettings"}'
    headers:
      cache-control:
      - no-cache
      content-length:
      - '606'
      content-type:
      - application/json; charset=utf-8
      date:
      - Tue, 14 Dec 2021 06:12:47 GMT
      expires:
      - '-1'
      pragma:
      - no-cache
      server:
      - Microsoft-HTTPAPI/2.0
      strict-transport-security:
      - max-age=31536000; includeSubDomains
      transfer-encoding:
      - chunked
      vary:
      - Accept-Encoding
      x-content-type-options:
      - nosniff
    status:
      code: 200
      message: OK
- request:
    body: null
    headers:
      Accept:
      - application/json
      Accept-Encoding:
      - gzip, deflate
      CommandName:
      - synapse sql pool audit-policy show
      Connection:
      - keep-alive
      ParameterSetName:
      - --resource-group --workspace-name --name
      User-Agent:
      - AZURECLI/2.31.0 azsdk-python-azure-mgmt-monitor/2.0.0 Python/3.8.9 (Windows-10-10.0.22000-SP0)
    method: GET
    uri: https://management.azure.com/subscriptions/00000000-0000-0000-0000-000000000000/resourceGroups/synapse-cli000001/providers/Microsoft.Synapse/workspaces/clitest000008/sqlpools/testsqlpool000004/providers/microsoft.insights/diagnosticSettings?api-version=2017-05-01-preview
  response:
    body:
      string: '{"value":[{"id":"/subscriptions/00000000-0000-0000-0000-000000000000/resourcegroups/synapse-cli000001/providers/microsoft.synapse/workspaces/clitest000008/sqlpools/testsqlpool000004/providers/microsoft.insights/diagnosticSettings/SQLSecurityAuditEvents_LogAnalytics","type":"Microsoft.Insights/diagnosticSettings","name":"SQLSecurityAuditEvents_LogAnalytics","location":null,"kind":null,"tags":null,"properties":{"storageAccountId":null,"serviceBusRuleId":null,"workspaceId":"/subscriptions/00000000-0000-0000-0000-000000000000/resourcegroups/synapse-cli000001/providers/microsoft.operationalinsights/workspaces/laws000003","eventHubAuthorizationRuleId":null,"eventHubName":null,"metrics":[],"logs":[{"category":"SQLSecurityAuditEvents","categoryGroup":null,"enabled":true,"retentionPolicy":{"enabled":false,"days":0}}],"logAnalyticsDestinationType":null},"identity":null}]}'
    headers:
      cache-control:
      - no-cache
      content-length:
      - '874'
      content-type:
      - application/json; charset=utf-8
      date:
      - Tue, 14 Dec 2021 06:12:48 GMT
      expires:
      - '-1'
      pragma:
      - no-cache
      server:
      - Microsoft-IIS/10.0
      strict-transport-security:
      - max-age=31536000; includeSubDomains
      transfer-encoding:
      - chunked
      vary:
      - Accept-Encoding
      x-content-type-options:
      - nosniff
    status:
      code: 200
      message: OK
- request:
    body: null
    headers:
      Accept:
      - application/json
      Accept-Encoding:
      - gzip, deflate
      CommandName:
      - synapse sql pool audit-policy update
      Connection:
      - keep-alive
      ParameterSetName:
      - --resource-group --workspace-name --name --state --lats
      User-Agent:
      - AZURECLI/2.31.0 azsdk-python-mgmt-synapse/2.1.0b2 Python/3.8.9 (Windows-10-10.0.22000-SP0)
    method: GET
    uri: https://management.azure.com/subscriptions/00000000-0000-0000-0000-000000000000/resourceGroups/synapse-cli000001/providers/Microsoft.Synapse/workspaces/clitest000008/sqlPools/testsqlpool000004/auditingSettings/default?api-version=2021-06-01
  response:
    body:
      string: '{"properties":{"retentionDays":30,"auditActionsAndGroups":["SUCCESSFUL_DATABASE_AUTHENTICATION_GROUP"],"isStorageSecondaryKeyInUse":false,"isAzureMonitorTargetEnabled":true,"state":"Enabled","storageEndpoint":"https://adlsgen2000002.blob.core.windows.net/","storageAccountSubscriptionId":"0b1f6471-1bf0-4dda-aec3-cb9272f09590"},"id":"/subscriptions/00000000-0000-0000-0000-000000000000/resourceGroups/synapse-cli000001/providers/Microsoft.Synapse/workspaces/clitest000008/sqlPools/testsqlpool000004/auditingSettings/Default","name":"Default","type":"Microsoft.Synapse/workspaces/sqlPools/auditingSettings"}'
    headers:
      cache-control:
      - no-cache
      content-length:
      - '606'
      content-type:
      - application/json; charset=utf-8
      date:
      - Tue, 14 Dec 2021 06:12:50 GMT
      expires:
      - '-1'
      pragma:
      - no-cache
      server:
      - Microsoft-HTTPAPI/2.0
      strict-transport-security:
      - max-age=31536000; includeSubDomains
      transfer-encoding:
      - chunked
      vary:
      - Accept-Encoding
      x-content-type-options:
      - nosniff
    status:
      code: 200
      message: OK
- request:
    body: null
    headers:
      Accept:
      - application/json
      Accept-Encoding:
      - gzip, deflate
      CommandName:
      - synapse sql pool audit-policy update
      Connection:
      - keep-alive
      ParameterSetName:
      - --resource-group --workspace-name --name --state --lats
      User-Agent:
      - AZURECLI/2.31.0 azsdk-python-azure-mgmt-monitor/2.0.0 Python/3.8.9 (Windows-10-10.0.22000-SP0)
    method: GET
    uri: https://management.azure.com/subscriptions/00000000-0000-0000-0000-000000000000/resourceGroups/synapse-cli000001/providers/Microsoft.Synapse/workspaces/clitest000008/sqlpools/testsqlpool000004/providers/microsoft.insights/diagnosticSettings?api-version=2017-05-01-preview
  response:
    body:
      string: '{"value":[{"id":"/subscriptions/00000000-0000-0000-0000-000000000000/resourcegroups/synapse-cli000001/providers/microsoft.synapse/workspaces/clitest000008/sqlpools/testsqlpool000004/providers/microsoft.insights/diagnosticSettings/SQLSecurityAuditEvents_LogAnalytics","type":"Microsoft.Insights/diagnosticSettings","name":"SQLSecurityAuditEvents_LogAnalytics","location":null,"kind":null,"tags":null,"properties":{"storageAccountId":null,"serviceBusRuleId":null,"workspaceId":"/subscriptions/00000000-0000-0000-0000-000000000000/resourcegroups/synapse-cli000001/providers/microsoft.operationalinsights/workspaces/laws000003","eventHubAuthorizationRuleId":null,"eventHubName":null,"metrics":[],"logs":[{"category":"SQLSecurityAuditEvents","categoryGroup":null,"enabled":true,"retentionPolicy":{"enabled":false,"days":0}}],"logAnalyticsDestinationType":null},"identity":null}]}'
    headers:
      cache-control:
      - no-cache
      content-length:
      - '874'
      content-type:
      - application/json; charset=utf-8
      date:
      - Tue, 14 Dec 2021 06:12:52 GMT
      expires:
      - '-1'
      pragma:
      - no-cache
      server:
      - Microsoft-IIS/10.0
      strict-transport-security:
      - max-age=31536000; includeSubDomains
      transfer-encoding:
      - chunked
      vary:
      - Accept-Encoding
      x-content-type-options:
      - nosniff
    status:
      code: 200
      message: OK
- request:
    body: null
    headers:
      Accept:
      - application/json
      Accept-Encoding:
      - gzip, deflate
      CommandName:
      - synapse sql pool audit-policy update
      Connection:
      - keep-alive
      Content-Length:
      - '0'
      ParameterSetName:
      - --resource-group --workspace-name --name --state --lats
      User-Agent:
      - AZURECLI/2.31.0 azsdk-python-azure-mgmt-monitor/2.0.0 Python/3.8.9 (Windows-10-10.0.22000-SP0)
    method: DELETE
    uri: https://management.azure.com/subscriptions/00000000-0000-0000-0000-000000000000/resourceGroups/synapse-cli000001/providers/Microsoft.Synapse/workspaces/clitest000008/sqlpools/testsqlpool000004/providers/microsoft.insights/diagnosticSettings/SQLSecurityAuditEvents_LogAnalytics?api-version=2017-05-01-preview
  response:
    body:
      string: ''
    headers:
      cache-control:
      - no-cache
      content-length:
      - '0'
      date:
      - Tue, 14 Dec 2021 06:12:55 GMT
      expires:
      - '-1'
      pragma:
      - no-cache
      server:
      - Microsoft-IIS/10.0
      strict-transport-security:
      - max-age=31536000; includeSubDomains
      x-content-type-options:
      - nosniff
      x-ms-ratelimit-remaining-subscription-deletes:
      - '14999'
    status:
      code: 200
      message: OK
- request:
    body: null
    headers:
      Accept:
      - application/json
      Accept-Encoding:
      - gzip, deflate
      CommandName:
      - synapse sql pool audit-policy update
      Connection:
      - keep-alive
      ParameterSetName:
      - --resource-group --workspace-name --name --state --lats
      User-Agent:
      - AZURECLI/2.31.0 azsdk-python-azure-mgmt-resource/20.0.0 Python/3.8.9 (Windows-10-10.0.22000-SP0)
    method: GET
    uri: https://management.azure.com/subscriptions/00000000-0000-0000-0000-000000000000/resources?$filter=name%20eq%20%27adlsgen2000002%27%20and%20%28resourceType%20eq%20%27Microsoft.Storage%2FstorageAccounts%27%20or%20resourceType%20eq%20%27Microsoft.ClassicStorage%2FstorageAccounts%27%29&api-version=2021-04-01
  response:
    body:
      string: '{"value":[{"id":"/subscriptions/00000000-0000-0000-0000-000000000000/resourceGroups/synapse-cli000001/providers/Microsoft.Storage/storageAccounts/adlsgen2000002","name":"adlsgen2000002","type":"Microsoft.Storage/storageAccounts","sku":{"name":"Standard_LRS","tier":"Standard"},"kind":"Storage","location":"eastus","tags":{}}]}'
    headers:
      cache-control:
      - no-cache
      content-length:
      - '326'
      content-type:
      - application/json; charset=utf-8
      date:
      - Tue, 14 Dec 2021 06:12:56 GMT
      expires:
      - '-1'
      pragma:
      - no-cache
      strict-transport-security:
      - max-age=31536000; includeSubDomains
      vary:
      - Accept-Encoding
      x-content-type-options:
      - nosniff
    status:
      code: 200
      message: OK
- request:
    body: null
    headers:
      Accept:
      - application/json
      Accept-Encoding:
      - gzip, deflate
      CommandName:
      - synapse sql pool audit-policy update
      Connection:
      - keep-alive
      Content-Length:
      - '0'
      ParameterSetName:
      - --resource-group --workspace-name --name --state --lats
      User-Agent:
      - AZURECLI/2.31.0 azsdk-python-azure-mgmt-storage/19.0.0 Python/3.8.9 (Windows-10-10.0.22000-SP0)
    method: POST
    uri: https://management.azure.com/subscriptions/00000000-0000-0000-0000-000000000000/resourceGroups/synapse-cli000001/providers/Microsoft.Storage/storageAccounts/adlsgen2000002/listKeys?api-version=2021-06-01&$expand=kerb
  response:
    body:
      string: '{"keys":[{"creationTime":"2021-12-14T06:04:20.3998312Z","keyName":"key1","value":"veryFakedStorageAccountKey==","permissions":"FULL"},{"creationTime":"2021-12-14T06:04:20.3998312Z","keyName":"key2","value":"veryFakedStorageAccountKey==","permissions":"FULL"}]}'
    headers:
      cache-control:
      - no-cache
      content-length:
      - '260'
      content-type:
      - application/json
      date:
      - Tue, 14 Dec 2021 06:12:57 GMT
      expires:
      - '-1'
      pragma:
      - no-cache
      server:
      - Microsoft-Azure-Storage-Resource-Provider/1.0,Microsoft-HTTPAPI/2.0 Microsoft-HTTPAPI/2.0
      strict-transport-security:
      - max-age=31536000; includeSubDomains
      transfer-encoding:
      - chunked
      vary:
      - Accept-Encoding
      x-content-type-options:
      - nosniff
      x-ms-ratelimit-remaining-subscription-resource-requests:
      - '11999'
    status:
      code: 200
      message: OK
- request:
    body: '{"properties": {"state": "Enabled", "storageEndpoint": "https://adlsgen2000002.blob.core.windows.net/",
      "storageAccountAccessKey": "veryFakedStorageAccountKey==", "retentionDays":
      30, "auditActionsAndGroups": ["SUCCESSFUL_DATABASE_AUTHENTICATION_GROUP"], "storageAccountSubscriptionId":
      "0b1f6471-1bf0-4dda-aec3-cb9272f09590", "isStorageSecondaryKeyInUse": false,
      "isAzureMonitorTargetEnabled": false}}'
    headers:
      Accept:
      - application/json
      Accept-Encoding:
      - gzip, deflate
      CommandName:
      - synapse sql pool audit-policy update
      Connection:
      - keep-alive
      Content-Length:
      - '402'
      Content-Type:
      - application/json
      ParameterSetName:
      - --resource-group --workspace-name --name --state --lats
      User-Agent:
      - AZURECLI/2.31.0 azsdk-python-mgmt-synapse/2.1.0b2 Python/3.8.9 (Windows-10-10.0.22000-SP0)
    method: PUT
    uri: https://management.azure.com/subscriptions/00000000-0000-0000-0000-000000000000/resourceGroups/synapse-cli000001/providers/Microsoft.Synapse/workspaces/clitest000008/sqlPools/testsqlpool000004/auditingSettings/default?api-version=2021-06-01
  response:
    body:
      string: '{"properties":{"retentionDays":30,"auditActionsAndGroups":["SUCCESSFUL_DATABASE_AUTHENTICATION_GROUP"],"isStorageSecondaryKeyInUse":false,"isAzureMonitorTargetEnabled":false,"state":"Enabled","storageEndpoint":"https://adlsgen2000002.blob.core.windows.net/","storageAccountSubscriptionId":"0b1f6471-1bf0-4dda-aec3-cb9272f09590"},"id":"/subscriptions/00000000-0000-0000-0000-000000000000/resourceGroups/synapse-cli000001/providers/Microsoft.Synapse/workspaces/clitest000008/sqlPools/testsqlpool000004/auditingSettings/Default","name":"Default","type":"Microsoft.Synapse/workspaces/sqlPools/auditingSettings"}'
    headers:
      cache-control:
      - no-cache
      content-length:
      - '607'
      content-type:
      - application/json; charset=utf-8
      date:
      - Tue, 14 Dec 2021 06:13:00 GMT
      expires:
      - '-1'
      pragma:
      - no-cache
      server:
      - Microsoft-HTTPAPI/2.0
      strict-transport-security:
      - max-age=31536000; includeSubDomains
      transfer-encoding:
      - chunked
      vary:
      - Accept-Encoding
      x-content-type-options:
      - nosniff
      x-ms-ratelimit-remaining-subscription-writes:
      - '1197'
    status:
      code: 200
      message: OK
- request:
    body: null
    headers:
      Accept:
      - application/json
      Accept-Encoding:
      - gzip, deflate
      CommandName:
      - synapse sql pool audit-policy show
      Connection:
      - keep-alive
      ParameterSetName:
      - --resource-group --workspace-name --name
      User-Agent:
      - AZURECLI/2.31.0 azsdk-python-mgmt-synapse/2.1.0b2 Python/3.8.9 (Windows-10-10.0.22000-SP0)
    method: GET
    uri: https://management.azure.com/subscriptions/00000000-0000-0000-0000-000000000000/resourceGroups/synapse-cli000001/providers/Microsoft.Synapse/workspaces/clitest000008/sqlPools/testsqlpool000004/auditingSettings/default?api-version=2021-06-01
  response:
    body:
      string: '{"properties":{"retentionDays":30,"auditActionsAndGroups":["SUCCESSFUL_DATABASE_AUTHENTICATION_GROUP"],"isStorageSecondaryKeyInUse":false,"isAzureMonitorTargetEnabled":false,"state":"Enabled","storageEndpoint":"https://adlsgen2000002.blob.core.windows.net/","storageAccountSubscriptionId":"0b1f6471-1bf0-4dda-aec3-cb9272f09590"},"id":"/subscriptions/00000000-0000-0000-0000-000000000000/resourceGroups/synapse-cli000001/providers/Microsoft.Synapse/workspaces/clitest000008/sqlPools/testsqlpool000004/auditingSettings/Default","name":"Default","type":"Microsoft.Synapse/workspaces/sqlPools/auditingSettings"}'
    headers:
      cache-control:
      - no-cache
      content-length:
      - '607'
      content-type:
      - application/json; charset=utf-8
      date:
      - Tue, 14 Dec 2021 06:13:02 GMT
      expires:
      - '-1'
      pragma:
      - no-cache
      server:
      - Microsoft-HTTPAPI/2.0
      strict-transport-security:
      - max-age=31536000; includeSubDomains
      transfer-encoding:
      - chunked
      vary:
      - Accept-Encoding
      x-content-type-options:
      - nosniff
    status:
      code: 200
      message: OK
- request:
    body: '{"location": "eastus", "sku": {"name": "Standard", "tier": "Standard"}}'
    headers:
      Accept:
      - application/json
      Accept-Encoding:
      - gzip, deflate
      CommandName:
      - eventhubs namespace create
      Connection:
      - keep-alive
      Content-Length:
      - '71'
      Content-Type:
      - application/json
      ParameterSetName:
      - --resource-group -n --location
      User-Agent:
      - AZURECLI/2.31.0 azsdk-python-azure-mgmt-eventhub/9.1.0 Python/3.8.9 (Windows-10-10.0.22000-SP0)
    method: PUT
    uri: https://management.azure.com/subscriptions/00000000-0000-0000-0000-000000000000/resourceGroups/synapse-cli000001/providers/Microsoft.EventHub/namespaces/ehnamespace000006?api-version=2021-06-01-preview
  response:
    body:
      string: '{"sku":{"name":"Standard","tier":"Standard","capacity":1},"id":"/subscriptions/00000000-0000-0000-0000-000000000000/resourceGroups/synapse-cli000001/providers/Microsoft.EventHub/namespaces/ehnamespace000006","name":"ehnamespace000006","type":"Microsoft.EventHub/Namespaces","location":"East
        US","tags":{},"properties":{"disableLocalAuth":false,"zoneRedundant":false,"isAutoInflateEnabled":false,"maximumThroughputUnits":0,"kafkaEnabled":true,"provisioningState":"Created","metricId":"0b1f6471-1bf0-4dda-aec3-cb9272f09590:ehnamespace000006","createdAt":"2021-12-14T06:13:06.22Z","updatedAt":"2021-12-14T06:13:06.22Z","serviceBusEndpoint":"https://ehnamespace000006.servicebus.windows.net:443/","status":"Activating"}}'
    headers:
      cache-control:
      - no-cache
      content-length:
      - '716'
      content-type:
      - application/json; charset=utf-8
      date:
      - Tue, 14 Dec 2021 06:13:06 GMT
      expires:
      - '-1'
      pragma:
      - no-cache
      server:
      - Service-Bus-Resource-Provider/SN1
      - Microsoft-HTTPAPI/2.0
      server-sb:
      - Service-Bus-Resource-Provider/SN1
      strict-transport-security:
      - max-age=31536000; includeSubDomains
      transfer-encoding:
      - chunked
      vary:
      - Accept-Encoding
      x-content-type-options:
      - nosniff
      x-ms-ratelimit-remaining-subscription-resource-requests:
      - '49'
    status:
      code: 200
      message: OK
- request:
    body: null
    headers:
      Accept:
      - '*/*'
      Accept-Encoding:
      - gzip, deflate
      CommandName:
      - eventhubs namespace create
      Connection:
      - keep-alive
      ParameterSetName:
      - --resource-group -n --location
      User-Agent:
      - AZURECLI/2.31.0 azsdk-python-azure-mgmt-eventhub/9.1.0 Python/3.8.9 (Windows-10-10.0.22000-SP0)
    method: GET
    uri: https://management.azure.com/subscriptions/00000000-0000-0000-0000-000000000000/resourceGroups/synapse-cli000001/providers/Microsoft.EventHub/namespaces/ehnamespace000006?api-version=2021-06-01-preview
  response:
    body:
      string: '{"sku":{"name":"Standard","tier":"Standard","capacity":1},"id":"/subscriptions/00000000-0000-0000-0000-000000000000/resourceGroups/synapse-cli000001/providers/Microsoft.EventHub/namespaces/ehnamespace000006","name":"ehnamespace000006","type":"Microsoft.EventHub/Namespaces","location":"East
        US","tags":{},"properties":{"disableLocalAuth":false,"zoneRedundant":false,"isAutoInflateEnabled":false,"maximumThroughputUnits":0,"kafkaEnabled":true,"provisioningState":"Created","metricId":"0b1f6471-1bf0-4dda-aec3-cb9272f09590:ehnamespace000006","createdAt":"2021-12-14T06:13:06.22Z","updatedAt":"2021-12-14T06:13:06.22Z","serviceBusEndpoint":"https://ehnamespace000006.servicebus.windows.net:443/","status":"Activating"}}'
    headers:
      cache-control:
      - no-cache
      content-length:
      - '716'
      content-type:
      - application/json; charset=utf-8
      date:
      - Tue, 14 Dec 2021 06:13:38 GMT
      expires:
      - '-1'
      pragma:
      - no-cache
      server:
      - Service-Bus-Resource-Provider/SN1
      - Microsoft-HTTPAPI/2.0
      server-sb:
      - Service-Bus-Resource-Provider/SN1
      strict-transport-security:
      - max-age=31536000; includeSubDomains
      transfer-encoding:
      - chunked
      vary:
      - Accept-Encoding
      x-content-type-options:
      - nosniff
    status:
      code: 200
      message: OK
- request:
    body: null
    headers:
      Accept:
      - '*/*'
      Accept-Encoding:
      - gzip, deflate
      CommandName:
      - eventhubs namespace create
      Connection:
      - keep-alive
      ParameterSetName:
      - --resource-group -n --location
      User-Agent:
      - AZURECLI/2.31.0 azsdk-python-azure-mgmt-eventhub/9.1.0 Python/3.8.9 (Windows-10-10.0.22000-SP0)
    method: GET
    uri: https://management.azure.com/subscriptions/00000000-0000-0000-0000-000000000000/resourceGroups/synapse-cli000001/providers/Microsoft.EventHub/namespaces/ehnamespace000006?api-version=2021-06-01-preview
  response:
    body:
      string: '{"sku":{"name":"Standard","tier":"Standard","capacity":1},"id":"/subscriptions/00000000-0000-0000-0000-000000000000/resourceGroups/synapse-cli000001/providers/Microsoft.EventHub/namespaces/ehnamespace000006","name":"ehnamespace000006","type":"Microsoft.EventHub/Namespaces","location":"East
        US","tags":{},"properties":{"disableLocalAuth":false,"zoneRedundant":false,"isAutoInflateEnabled":false,"maximumThroughputUnits":0,"kafkaEnabled":true,"provisioningState":"Succeeded","metricId":"0b1f6471-1bf0-4dda-aec3-cb9272f09590:ehnamespace000006","createdAt":"2021-12-14T06:13:06.22Z","updatedAt":"2021-12-14T06:13:57.64Z","serviceBusEndpoint":"https://ehnamespace000006.servicebus.windows.net:443/","status":"Active"}}'
    headers:
      cache-control:
      - no-cache
      content-length:
      - '714'
      content-type:
      - application/json; charset=utf-8
      date:
      - Tue, 14 Dec 2021 06:14:08 GMT
      expires:
      - '-1'
      pragma:
      - no-cache
      server:
      - Service-Bus-Resource-Provider/SN1
      - Microsoft-HTTPAPI/2.0
      server-sb:
      - Service-Bus-Resource-Provider/SN1
      strict-transport-security:
      - max-age=31536000; includeSubDomains
      transfer-encoding:
      - chunked
      vary:
      - Accept-Encoding
      x-content-type-options:
      - nosniff
    status:
      code: 200
      message: OK
- request:
    body: null
    headers:
      Accept:
      - application/json
      Accept-Encoding:
      - gzip, deflate
      CommandName:
      - eventhubs namespace create
      Connection:
      - keep-alive
      ParameterSetName:
      - --resource-group -n --location
      User-Agent:
      - AZURECLI/2.31.0 azsdk-python-azure-mgmt-eventhub/9.1.0 Python/3.8.9 (Windows-10-10.0.22000-SP0)
    method: GET
    uri: https://management.azure.com/subscriptions/00000000-0000-0000-0000-000000000000/resourceGroups/synapse-cli000001/providers/Microsoft.EventHub/namespaces/ehnamespace000006?api-version=2021-06-01-preview
  response:
    body:
      string: '{"sku":{"name":"Standard","tier":"Standard","capacity":1},"id":"/subscriptions/00000000-0000-0000-0000-000000000000/resourceGroups/synapse-cli000001/providers/Microsoft.EventHub/namespaces/ehnamespace000006","name":"ehnamespace000006","type":"Microsoft.EventHub/Namespaces","location":"East
        US","tags":{},"properties":{"disableLocalAuth":false,"zoneRedundant":false,"isAutoInflateEnabled":false,"maximumThroughputUnits":0,"kafkaEnabled":true,"provisioningState":"Succeeded","metricId":"0b1f6471-1bf0-4dda-aec3-cb9272f09590:ehnamespace000006","createdAt":"2021-12-14T06:13:06.22Z","updatedAt":"2021-12-14T06:13:57.64Z","serviceBusEndpoint":"https://ehnamespace000006.servicebus.windows.net:443/","status":"Active"}}'
    headers:
      cache-control:
      - no-cache
      content-length:
      - '714'
      content-type:
      - application/json; charset=utf-8
      date:
      - Tue, 14 Dec 2021 06:14:09 GMT
      expires:
      - '-1'
      pragma:
      - no-cache
      server:
      - Service-Bus-Resource-Provider/SN1
      - Microsoft-HTTPAPI/2.0
      server-sb:
      - Service-Bus-Resource-Provider/SN1
      strict-transport-security:
      - max-age=31536000; includeSubDomains
      transfer-encoding:
      - chunked
      vary:
      - Accept-Encoding
      x-content-type-options:
      - nosniff
    status:
      code: 200
      message: OK
- request:
    body: '{}'
    headers:
      Accept:
      - application/json
      Accept-Encoding:
      - gzip, deflate
      CommandName:
      - eventhubs eventhub create
      Connection:
      - keep-alive
      Content-Length:
      - '2'
      Content-Type:
      - application/json
      ParameterSetName:
      - --resource-group -n --namespace-name
      User-Agent:
      - AZURECLI/2.31.0 azsdk-python-azure-mgmt-eventhub/9.1.0 Python/3.8.9 (Windows-10-10.0.22000-SP0)
    method: PUT
    uri: https://management.azure.com/subscriptions/00000000-0000-0000-0000-000000000000/resourceGroups/synapse-cli000001/providers/Microsoft.EventHub/namespaces/ehnamespace000006/eventhubs/ehsrv000005?api-version=2021-06-01-preview
  response:
    body:
      string: '{"id":"/subscriptions/00000000-0000-0000-0000-000000000000/resourceGroups/synapse-cli000001/providers/Microsoft.EventHub/namespaces/ehnamespace000006/eventhubs/ehsrv000005","name":"ehsrv000005","type":"Microsoft.EventHub/Namespaces/EventHubs","location":"East
        US","properties":{"messageRetentionInDays":7,"partitionCount":4,"status":"Active","createdAt":"2021-12-14T06:14:11.917Z","updatedAt":"2021-12-14T06:14:12.237Z","partitionIds":["0","1","2","3"]}}'
    headers:
      cache-control:
      - no-cache
      content-length:
      - '454'
      content-type:
      - application/json; charset=utf-8
      date:
      - Tue, 14 Dec 2021 06:14:11 GMT
      expires:
      - '-1'
      pragma:
      - no-cache
      server:
      - Service-Bus-Resource-Provider/CH3
      - Microsoft-HTTPAPI/2.0
      server-sb:
      - Service-Bus-Resource-Provider/CH3
      strict-transport-security:
      - max-age=31536000; includeSubDomains
      transfer-encoding:
      - chunked
      vary:
      - Accept-Encoding
      x-content-type-options:
      - nosniff
      x-ms-ratelimit-remaining-subscription-writes:
      - '1199'
    status:
      code: 200
      message: OK
- request:
    body: '{"properties": {"rights": ["Send", "Manage", "Listen"]}}'
    headers:
      Accept:
      - application/json
      Accept-Encoding:
      - gzip, deflate
      CommandName:
      - eventhubs namespace authorization-rule create
      Connection:
      - keep-alive
      Content-Length:
      - '56'
      Content-Type:
      - application/json
      ParameterSetName:
      - --resource-group -n --namespace-name --rights
      User-Agent:
      - AZURECLI/2.31.0 azsdk-python-azure-mgmt-eventhub/9.1.0 Python/3.8.9 (Windows-10-10.0.22000-SP0)
    method: PUT
    uri: https://management.azure.com/subscriptions/00000000-0000-0000-0000-000000000000/resourceGroups/synapse-cli000001/providers/Microsoft.EventHub/namespaces/ehnamespace000006/authorizationRules/ehauthruledb000007?api-version=2021-06-01-preview
  response:
    body:
      string: '{"id":"/subscriptions/00000000-0000-0000-0000-000000000000/resourceGroups/synapse-cli000001/providers/Microsoft.EventHub/namespaces/ehnamespace000006/authorizationRules/ehauthruledb000007","name":"ehauthruledb000007","type":"Microsoft.EventHub/Namespaces/AuthorizationRules","location":"East
        US","properties":{"rights":["Send","Manage","Listen"]}}'
    headers:
      cache-control:
      - no-cache
      content-length:
      - '347'
      content-type:
      - application/json; charset=utf-8
      date:
      - Tue, 14 Dec 2021 06:14:19 GMT
      expires:
      - '-1'
      pragma:
      - no-cache
      server:
      - Service-Bus-Resource-Provider/SN1
      - Microsoft-HTTPAPI/2.0
      server-sb:
      - Service-Bus-Resource-Provider/SN1
      strict-transport-security:
      - max-age=31536000; includeSubDomains
      transfer-encoding:
      - chunked
      vary:
      - Accept-Encoding
      x-content-type-options:
      - nosniff
      x-ms-ratelimit-remaining-subscription-writes:
      - '1198'
    status:
      code: 200
      message: OK
- request:
    body: null
    headers:
      Accept:
      - application/json
      Accept-Encoding:
      - gzip, deflate
      CommandName:
      - synapse sql pool audit-policy update
      Connection:
      - keep-alive
      ParameterSetName:
      - --resource-group --workspace-name --name --state --event-hub-target-state
        --ehari --event-hub
      User-Agent:
      - AZURECLI/2.31.0 azsdk-python-mgmt-synapse/2.1.0b2 Python/3.8.9 (Windows-10-10.0.22000-SP0)
    method: GET
    uri: https://management.azure.com/subscriptions/00000000-0000-0000-0000-000000000000/resourceGroups/synapse-cli000001/providers/Microsoft.Synapse/workspaces/clitest000008/sqlPools/testsqlpool000004/auditingSettings/default?api-version=2021-06-01
  response:
    body:
      string: '{"properties":{"retentionDays":30,"auditActionsAndGroups":["SUCCESSFUL_DATABASE_AUTHENTICATION_GROUP"],"isStorageSecondaryKeyInUse":false,"isAzureMonitorTargetEnabled":false,"state":"Enabled","storageEndpoint":"https://adlsgen2000002.blob.core.windows.net/","storageAccountSubscriptionId":"0b1f6471-1bf0-4dda-aec3-cb9272f09590"},"id":"/subscriptions/00000000-0000-0000-0000-000000000000/resourceGroups/synapse-cli000001/providers/Microsoft.Synapse/workspaces/clitest000008/sqlPools/testsqlpool000004/auditingSettings/Default","name":"Default","type":"Microsoft.Synapse/workspaces/sqlPools/auditingSettings"}'
    headers:
      cache-control:
      - no-cache
      content-length:
      - '607'
      content-type:
      - application/json; charset=utf-8
      date:
      - Tue, 14 Dec 2021 06:14:21 GMT
      expires:
      - '-1'
      pragma:
      - no-cache
      server:
      - Microsoft-HTTPAPI/2.0
      strict-transport-security:
      - max-age=31536000; includeSubDomains
      transfer-encoding:
      - chunked
      vary:
      - Accept-Encoding
      x-content-type-options:
      - nosniff
    status:
      code: 200
      message: OK
- request:
    body: null
    headers:
      Accept:
      - application/json
      Accept-Encoding:
      - gzip, deflate
      CommandName:
      - synapse sql pool audit-policy update
      Connection:
      - keep-alive
      ParameterSetName:
      - --resource-group --workspace-name --name --state --event-hub-target-state
        --ehari --event-hub
      User-Agent:
      - AZURECLI/2.31.0 azsdk-python-azure-mgmt-monitor/2.0.0 Python/3.8.9 (Windows-10-10.0.22000-SP0)
    method: GET
    uri: https://management.azure.com/subscriptions/00000000-0000-0000-0000-000000000000/resourceGroups/synapse-cli000001/providers/Microsoft.Synapse/workspaces/clitest000008/sqlpools/testsqlpool000004/providers/microsoft.insights/diagnosticSettings?api-version=2017-05-01-preview
  response:
    body:
      string: '{"value":[]}'
    headers:
      cache-control:
      - no-cache
      content-length:
      - '12'
      content-type:
      - application/json; charset=utf-8
      date:
      - Tue, 14 Dec 2021 06:14:23 GMT
      expires:
      - '-1'
      pragma:
      - no-cache
      server:
      - Microsoft-IIS/10.0
      strict-transport-security:
      - max-age=31536000; includeSubDomains
      transfer-encoding:
      - chunked
      vary:
      - Accept-Encoding
      x-content-type-options:
      - nosniff
    status:
      code: 200
      message: OK
- request:
    body: '{"properties": {"eventHubAuthorizationRuleId": "/subscriptions/00000000-0000-0000-0000-000000000000/resourceGroups/synapse-cli000001/providers/Microsoft.EventHub/namespaces/ehnamespace000006/authorizationRules/ehauthruledb000007",
      "eventHubName": "ehsrv000005", "logs": [{"category": "SQLSecurityAuditEvents",
      "enabled": true, "retentionPolicy": {"enabled": false, "days": 0}}]}}'
    headers:
      Accept:
      - application/json
      Accept-Encoding:
      - gzip, deflate
      CommandName:
      - synapse sql pool audit-policy update
      Connection:
      - keep-alive
      Content-Length:
      - '379'
      Content-Type:
      - application/json
      ParameterSetName:
      - --resource-group --workspace-name --name --state --event-hub-target-state
        --ehari --event-hub
      User-Agent:
      - AZURECLI/2.31.0 azsdk-python-azure-mgmt-monitor/2.0.0 Python/3.8.9 (Windows-10-10.0.22000-SP0)
    method: PUT
    uri: https://management.azure.com/subscriptions/00000000-0000-0000-0000-000000000000/resourceGroups/synapse-cli000001/providers/Microsoft.Synapse/workspaces/clitest000008/sqlpools/testsqlpool000004/providers/microsoft.insights/diagnosticSettings/SQLSecurityAuditEvents_EventHub?api-version=2017-05-01-preview
  response:
    body:
      string: '{"id":"/subscriptions/00000000-0000-0000-0000-000000000000/resourcegroups/synapse-cli000001/providers/microsoft.synapse/workspaces/clitest000008/sqlpools/testsqlpool000004/providers/microsoft.insights/diagnosticSettings/SQLSecurityAuditEvents_EventHub","type":"Microsoft.Insights/diagnosticSettings","name":"SQLSecurityAuditEvents_EventHub","location":null,"kind":null,"tags":null,"properties":{"storageAccountId":null,"serviceBusRuleId":null,"workspaceId":null,"eventHubAuthorizationRuleId":"/subscriptions/00000000-0000-0000-0000-000000000000/resourceGroups/synapse-cli000001/providers/Microsoft.EventHub/namespaces/ehnamespace000006/authorizationRules/ehauthruledb000007","eventHubName":"ehsrv000005","metrics":[],"logs":[{"category":"SQLSecurityAuditEvents","categoryGroup":null,"enabled":true,"retentionPolicy":{"enabled":false,"days":0}}],"logAnalyticsDestinationType":null},"identity":null}'
    headers:
      cache-control:
      - no-cache
      content-length:
      - '897'
      content-type:
      - application/json; charset=utf-8
      date:
      - Tue, 14 Dec 2021 06:14:29 GMT
      expires:
      - '-1'
      pragma:
      - no-cache
      server:
      - Microsoft-IIS/10.0
      strict-transport-security:
      - max-age=31536000; includeSubDomains
      transfer-encoding:
      - chunked
      vary:
      - Accept-Encoding
      x-content-type-options:
      - nosniff
      x-ms-ratelimit-remaining-subscription-resource-requests:
      - '149'
    status:
      code: 200
      message: OK
- request:
    body: null
    headers:
      Accept:
      - application/json
      Accept-Encoding:
      - gzip, deflate
      CommandName:
      - synapse sql pool audit-policy update
      Connection:
      - keep-alive
      ParameterSetName:
      - --resource-group --workspace-name --name --state --event-hub-target-state
        --ehari --event-hub
      User-Agent:
      - AZURECLI/2.31.0 azsdk-python-azure-mgmt-resource/20.0.0 Python/3.8.9 (Windows-10-10.0.22000-SP0)
    method: GET
    uri: https://management.azure.com/subscriptions/00000000-0000-0000-0000-000000000000/resources?$filter=name%20eq%20%27adlsgen2000002%27%20and%20%28resourceType%20eq%20%27Microsoft.Storage%2FstorageAccounts%27%20or%20resourceType%20eq%20%27Microsoft.ClassicStorage%2FstorageAccounts%27%29&api-version=2021-04-01
  response:
    body:
      string: '{"value":[{"id":"/subscriptions/00000000-0000-0000-0000-000000000000/resourceGroups/synapse-cli000001/providers/Microsoft.Storage/storageAccounts/adlsgen2000002","name":"adlsgen2000002","type":"Microsoft.Storage/storageAccounts","sku":{"name":"Standard_LRS","tier":"Standard"},"kind":"Storage","location":"eastus","tags":{}}]}'
    headers:
      cache-control:
      - no-cache
      content-length:
      - '326'
      content-type:
      - application/json; charset=utf-8
      date:
      - Tue, 14 Dec 2021 06:14:30 GMT
      expires:
      - '-1'
      pragma:
      - no-cache
      strict-transport-security:
      - max-age=31536000; includeSubDomains
      vary:
      - Accept-Encoding
      x-content-type-options:
      - nosniff
    status:
      code: 200
      message: OK
- request:
    body: null
    headers:
      Accept:
      - application/json
      Accept-Encoding:
      - gzip, deflate
      CommandName:
      - synapse sql pool audit-policy update
      Connection:
      - keep-alive
      Content-Length:
      - '0'
      ParameterSetName:
      - --resource-group --workspace-name --name --state --event-hub-target-state
        --ehari --event-hub
      User-Agent:
      - AZURECLI/2.31.0 azsdk-python-azure-mgmt-storage/19.0.0 Python/3.8.9 (Windows-10-10.0.22000-SP0)
    method: POST
    uri: https://management.azure.com/subscriptions/00000000-0000-0000-0000-000000000000/resourceGroups/synapse-cli000001/providers/Microsoft.Storage/storageAccounts/adlsgen2000002/listKeys?api-version=2021-06-01&$expand=kerb
  response:
    body:
      string: '{"keys":[{"creationTime":"2021-12-14T06:04:20.3998312Z","keyName":"key1","value":"veryFakedStorageAccountKey==","permissions":"FULL"},{"creationTime":"2021-12-14T06:04:20.3998312Z","keyName":"key2","value":"veryFakedStorageAccountKey==","permissions":"FULL"}]}'
    headers:
      cache-control:
      - no-cache
      content-length:
      - '260'
      content-type:
      - application/json
      date:
      - Tue, 14 Dec 2021 06:14:31 GMT
      expires:
      - '-1'
      pragma:
      - no-cache
      server:
      - Microsoft-Azure-Storage-Resource-Provider/1.0,Microsoft-HTTPAPI/2.0 Microsoft-HTTPAPI/2.0
      strict-transport-security:
      - max-age=31536000; includeSubDomains
      transfer-encoding:
      - chunked
      vary:
      - Accept-Encoding
      x-content-type-options:
      - nosniff
      x-ms-ratelimit-remaining-subscription-resource-requests:
      - '11999'
    status:
      code: 200
      message: OK
- request:
    body: '{"properties": {"state": "Enabled", "storageEndpoint": "https://adlsgen2000002.blob.core.windows.net/",
      "storageAccountAccessKey": "veryFakedStorageAccountKey==", "retentionDays":
      30, "auditActionsAndGroups": ["SUCCESSFUL_DATABASE_AUTHENTICATION_GROUP"], "storageAccountSubscriptionId":
      "0b1f6471-1bf0-4dda-aec3-cb9272f09590", "isStorageSecondaryKeyInUse": false,
      "isAzureMonitorTargetEnabled": true}}'
    headers:
      Accept:
      - application/json
      Accept-Encoding:
      - gzip, deflate
      CommandName:
      - synapse sql pool audit-policy update
      Connection:
      - keep-alive
      Content-Length:
      - '401'
      Content-Type:
      - application/json
      ParameterSetName:
      - --resource-group --workspace-name --name --state --event-hub-target-state
        --ehari --event-hub
      User-Agent:
      - AZURECLI/2.31.0 azsdk-python-mgmt-synapse/2.1.0b2 Python/3.8.9 (Windows-10-10.0.22000-SP0)
    method: PUT
    uri: https://management.azure.com/subscriptions/00000000-0000-0000-0000-000000000000/resourceGroups/synapse-cli000001/providers/Microsoft.Synapse/workspaces/clitest000008/sqlPools/testsqlpool000004/auditingSettings/default?api-version=2021-06-01
  response:
    body:
      string: '{"properties":{"retentionDays":30,"auditActionsAndGroups":["SUCCESSFUL_DATABASE_AUTHENTICATION_GROUP"],"isStorageSecondaryKeyInUse":false,"isAzureMonitorTargetEnabled":true,"state":"Enabled","storageEndpoint":"https://adlsgen2000002.blob.core.windows.net/","storageAccountSubscriptionId":"0b1f6471-1bf0-4dda-aec3-cb9272f09590"},"id":"/subscriptions/00000000-0000-0000-0000-000000000000/resourceGroups/synapse-cli000001/providers/Microsoft.Synapse/workspaces/clitest000008/sqlPools/testsqlpool000004/auditingSettings/Default","name":"Default","type":"Microsoft.Synapse/workspaces/sqlPools/auditingSettings"}'
    headers:
      cache-control:
      - no-cache
      content-length:
      - '606'
      content-type:
      - application/json; charset=utf-8
      date:
      - Tue, 14 Dec 2021 06:14:33 GMT
      expires:
      - '-1'
      pragma:
      - no-cache
      server:
      - Microsoft-HTTPAPI/2.0
      strict-transport-security:
      - max-age=31536000; includeSubDomains
      transfer-encoding:
      - chunked
      vary:
      - Accept-Encoding
      x-content-type-options:
      - nosniff
      x-ms-ratelimit-remaining-subscription-writes:
      - '1197'
    status:
      code: 200
      message: OK
- request:
    body: null
    headers:
      Accept:
      - application/json
      Accept-Encoding:
      - gzip, deflate
      CommandName:
      - synapse sql pool audit-policy show
      Connection:
      - keep-alive
      ParameterSetName:
      - --resource-group --workspace-name --name
      User-Agent:
      - AZURECLI/2.31.0 azsdk-python-mgmt-synapse/2.1.0b2 Python/3.8.9 (Windows-10-10.0.22000-SP0)
    method: GET
    uri: https://management.azure.com/subscriptions/00000000-0000-0000-0000-000000000000/resourceGroups/synapse-cli000001/providers/Microsoft.Synapse/workspaces/clitest000008/sqlPools/testsqlpool000004/auditingSettings/default?api-version=2021-06-01
  response:
    body:
      string: '{"properties":{"retentionDays":30,"auditActionsAndGroups":["SUCCESSFUL_DATABASE_AUTHENTICATION_GROUP"],"isStorageSecondaryKeyInUse":false,"isAzureMonitorTargetEnabled":true,"state":"Enabled","storageEndpoint":"https://adlsgen2000002.blob.core.windows.net/","storageAccountSubscriptionId":"0b1f6471-1bf0-4dda-aec3-cb9272f09590"},"id":"/subscriptions/00000000-0000-0000-0000-000000000000/resourceGroups/synapse-cli000001/providers/Microsoft.Synapse/workspaces/clitest000008/sqlPools/testsqlpool000004/auditingSettings/Default","name":"Default","type":"Microsoft.Synapse/workspaces/sqlPools/auditingSettings"}'
    headers:
      cache-control:
      - no-cache
      content-length:
      - '606'
      content-type:
      - application/json; charset=utf-8
      date:
      - Tue, 14 Dec 2021 06:14:36 GMT
      expires:
      - '-1'
      pragma:
      - no-cache
      server:
      - Microsoft-HTTPAPI/2.0
      strict-transport-security:
      - max-age=31536000; includeSubDomains
      transfer-encoding:
      - chunked
      vary:
      - Accept-Encoding
      x-content-type-options:
      - nosniff
    status:
      code: 200
      message: OK
- request:
    body: null
    headers:
      Accept:
      - application/json
      Accept-Encoding:
      - gzip, deflate
      CommandName:
      - synapse sql pool audit-policy show
      Connection:
      - keep-alive
      ParameterSetName:
      - --resource-group --workspace-name --name
      User-Agent:
      - AZURECLI/2.31.0 azsdk-python-azure-mgmt-monitor/2.0.0 Python/3.8.9 (Windows-10-10.0.22000-SP0)
    method: GET
    uri: https://management.azure.com/subscriptions/00000000-0000-0000-0000-000000000000/resourceGroups/synapse-cli000001/providers/Microsoft.Synapse/workspaces/clitest000008/sqlpools/testsqlpool000004/providers/microsoft.insights/diagnosticSettings?api-version=2017-05-01-preview
  response:
    body:
      string: '{"value":[{"id":"/subscriptions/00000000-0000-0000-0000-000000000000/resourcegroups/synapse-cli000001/providers/microsoft.synapse/workspaces/clitest000008/sqlpools/testsqlpool000004/providers/microsoft.insights/diagnosticSettings/SQLSecurityAuditEvents_EventHub","type":"Microsoft.Insights/diagnosticSettings","name":"SQLSecurityAuditEvents_EventHub","location":null,"kind":null,"tags":null,"properties":{"storageAccountId":null,"serviceBusRuleId":null,"workspaceId":null,"eventHubAuthorizationRuleId":"/subscriptions/00000000-0000-0000-0000-000000000000/resourceGroups/synapse-cli000001/providers/Microsoft.EventHub/namespaces/ehnamespace000006/authorizationRules/ehauthruledb000007","eventHubName":"ehsrv000005","metrics":[],"logs":[{"category":"SQLSecurityAuditEvents","categoryGroup":null,"enabled":true,"retentionPolicy":{"enabled":false,"days":0}}],"logAnalyticsDestinationType":null},"identity":null}]}'
    headers:
      cache-control:
      - no-cache
      content-length:
      - '909'
      content-type:
      - application/json; charset=utf-8
      date:
      - Tue, 14 Dec 2021 06:14:38 GMT
      expires:
      - '-1'
      pragma:
      - no-cache
      server:
      - Microsoft-IIS/10.0
      strict-transport-security:
      - max-age=31536000; includeSubDomains
      transfer-encoding:
      - chunked
      vary:
      - Accept-Encoding
      x-content-type-options:
      - nosniff
    status:
      code: 200
      message: OK
- request:
    body: null
    headers:
      Accept:
      - application/json
      Accept-Encoding:
      - gzip, deflate
      CommandName:
      - synapse sql pool audit-policy update
      Connection:
      - keep-alive
      ParameterSetName:
      - --resource-group --workspace-name --name --state --event-hub-target-state
      User-Agent:
      - AZURECLI/2.31.0 azsdk-python-mgmt-synapse/2.1.0b2 Python/3.8.9 (Windows-10-10.0.22000-SP0)
    method: GET
    uri: https://management.azure.com/subscriptions/00000000-0000-0000-0000-000000000000/resourceGroups/synapse-cli000001/providers/Microsoft.Synapse/workspaces/clitest000008/sqlPools/testsqlpool000004/auditingSettings/default?api-version=2021-06-01
  response:
    body:
      string: '{"properties":{"retentionDays":30,"auditActionsAndGroups":["SUCCESSFUL_DATABASE_AUTHENTICATION_GROUP"],"isStorageSecondaryKeyInUse":false,"isAzureMonitorTargetEnabled":true,"state":"Enabled","storageEndpoint":"https://adlsgen2000002.blob.core.windows.net/","storageAccountSubscriptionId":"0b1f6471-1bf0-4dda-aec3-cb9272f09590"},"id":"/subscriptions/00000000-0000-0000-0000-000000000000/resourceGroups/synapse-cli000001/providers/Microsoft.Synapse/workspaces/clitest000008/sqlPools/testsqlpool000004/auditingSettings/Default","name":"Default","type":"Microsoft.Synapse/workspaces/sqlPools/auditingSettings"}'
    headers:
      cache-control:
      - no-cache
      content-length:
      - '606'
      content-type:
      - application/json; charset=utf-8
      date:
      - Tue, 14 Dec 2021 06:14:40 GMT
      expires:
      - '-1'
      pragma:
      - no-cache
      server:
      - Microsoft-HTTPAPI/2.0
      strict-transport-security:
      - max-age=31536000; includeSubDomains
      transfer-encoding:
      - chunked
      vary:
      - Accept-Encoding
      x-content-type-options:
      - nosniff
    status:
      code: 200
      message: OK
- request:
    body: null
    headers:
      Accept:
      - application/json
      Accept-Encoding:
      - gzip, deflate
      CommandName:
      - synapse sql pool audit-policy update
      Connection:
      - keep-alive
      ParameterSetName:
      - --resource-group --workspace-name --name --state --event-hub-target-state
      User-Agent:
      - AZURECLI/2.31.0 azsdk-python-azure-mgmt-monitor/2.0.0 Python/3.8.9 (Windows-10-10.0.22000-SP0)
    method: GET
    uri: https://management.azure.com/subscriptions/00000000-0000-0000-0000-000000000000/resourceGroups/synapse-cli000001/providers/Microsoft.Synapse/workspaces/clitest000008/sqlpools/testsqlpool000004/providers/microsoft.insights/diagnosticSettings?api-version=2017-05-01-preview
  response:
    body:
      string: '{"value":[{"id":"/subscriptions/00000000-0000-0000-0000-000000000000/resourcegroups/synapse-cli000001/providers/microsoft.synapse/workspaces/clitest000008/sqlpools/testsqlpool000004/providers/microsoft.insights/diagnosticSettings/SQLSecurityAuditEvents_EventHub","type":"Microsoft.Insights/diagnosticSettings","name":"SQLSecurityAuditEvents_EventHub","location":null,"kind":null,"tags":null,"properties":{"storageAccountId":null,"serviceBusRuleId":null,"workspaceId":null,"eventHubAuthorizationRuleId":"/subscriptions/00000000-0000-0000-0000-000000000000/resourceGroups/synapse-cli000001/providers/Microsoft.EventHub/namespaces/ehnamespace000006/authorizationRules/ehauthruledb000007","eventHubName":"ehsrv000005","metrics":[],"logs":[{"category":"SQLSecurityAuditEvents","categoryGroup":null,"enabled":true,"retentionPolicy":{"enabled":false,"days":0}}],"logAnalyticsDestinationType":null},"identity":null}]}'
    headers:
      cache-control:
      - no-cache
      content-length:
      - '909'
      content-type:
      - application/json; charset=utf-8
      date:
      - Tue, 14 Dec 2021 06:14:42 GMT
      expires:
      - '-1'
      pragma:
      - no-cache
      server:
      - Microsoft-IIS/10.0
      strict-transport-security:
      - max-age=31536000; includeSubDomains
      transfer-encoding:
      - chunked
      vary:
      - Accept-Encoding
      x-content-type-options:
      - nosniff
    status:
      code: 200
      message: OK
- request:
    body: null
    headers:
      Accept:
      - application/json
      Accept-Encoding:
      - gzip, deflate
      CommandName:
      - synapse sql pool audit-policy update
      Connection:
      - keep-alive
      Content-Length:
      - '0'
      ParameterSetName:
      - --resource-group --workspace-name --name --state --event-hub-target-state
      User-Agent:
      - AZURECLI/2.31.0 azsdk-python-azure-mgmt-monitor/2.0.0 Python/3.8.9 (Windows-10-10.0.22000-SP0)
    method: DELETE
    uri: https://management.azure.com/subscriptions/00000000-0000-0000-0000-000000000000/resourceGroups/synapse-cli000001/providers/Microsoft.Synapse/workspaces/clitest000008/sqlpools/testsqlpool000004/providers/microsoft.insights/diagnosticSettings/SQLSecurityAuditEvents_EventHub?api-version=2017-05-01-preview
  response:
    body:
      string: ''
    headers:
      cache-control:
      - no-cache
      content-length:
      - '0'
      date:
      - Tue, 14 Dec 2021 06:14:46 GMT
      expires:
      - '-1'
      pragma:
      - no-cache
      server:
      - Microsoft-IIS/10.0
      strict-transport-security:
      - max-age=31536000; includeSubDomains
      x-content-type-options:
      - nosniff
      x-ms-ratelimit-remaining-subscription-deletes:
      - '14999'
    status:
      code: 200
      message: OK
- request:
    body: null
    headers:
      Accept:
      - application/json
      Accept-Encoding:
      - gzip, deflate
      CommandName:
      - synapse sql pool audit-policy update
      Connection:
      - keep-alive
      ParameterSetName:
      - --resource-group --workspace-name --name --state --event-hub-target-state
      User-Agent:
      - AZURECLI/2.31.0 azsdk-python-azure-mgmt-resource/20.0.0 Python/3.8.9 (Windows-10-10.0.22000-SP0)
    method: GET
    uri: https://management.azure.com/subscriptions/00000000-0000-0000-0000-000000000000/resources?$filter=name%20eq%20%27adlsgen2000002%27%20and%20%28resourceType%20eq%20%27Microsoft.Storage%2FstorageAccounts%27%20or%20resourceType%20eq%20%27Microsoft.ClassicStorage%2FstorageAccounts%27%29&api-version=2021-04-01
  response:
    body:
      string: '{"value":[{"id":"/subscriptions/00000000-0000-0000-0000-000000000000/resourceGroups/synapse-cli000001/providers/Microsoft.Storage/storageAccounts/adlsgen2000002","name":"adlsgen2000002","type":"Microsoft.Storage/storageAccounts","sku":{"name":"Standard_LRS","tier":"Standard"},"kind":"Storage","location":"eastus","tags":{}}]}'
    headers:
      cache-control:
      - no-cache
      content-length:
      - '326'
      content-type:
      - application/json; charset=utf-8
      date:
      - Tue, 14 Dec 2021 06:14:46 GMT
      expires:
      - '-1'
      pragma:
      - no-cache
      strict-transport-security:
      - max-age=31536000; includeSubDomains
      vary:
      - Accept-Encoding
      x-content-type-options:
      - nosniff
    status:
      code: 200
      message: OK
- request:
    body: null
    headers:
      Accept:
      - application/json
      Accept-Encoding:
      - gzip, deflate
      CommandName:
      - synapse sql pool audit-policy update
      Connection:
      - keep-alive
      Content-Length:
      - '0'
      ParameterSetName:
      - --resource-group --workspace-name --name --state --event-hub-target-state
      User-Agent:
      - AZURECLI/2.31.0 azsdk-python-azure-mgmt-storage/19.0.0 Python/3.8.9 (Windows-10-10.0.22000-SP0)
    method: POST
    uri: https://management.azure.com/subscriptions/00000000-0000-0000-0000-000000000000/resourceGroups/synapse-cli000001/providers/Microsoft.Storage/storageAccounts/adlsgen2000002/listKeys?api-version=2021-06-01&$expand=kerb
  response:
    body:
      string: '{"keys":[{"creationTime":"2021-12-14T06:04:20.3998312Z","keyName":"key1","value":"veryFakedStorageAccountKey==","permissions":"FULL"},{"creationTime":"2021-12-14T06:04:20.3998312Z","keyName":"key2","value":"veryFakedStorageAccountKey==","permissions":"FULL"}]}'
    headers:
      cache-control:
      - no-cache
      content-length:
      - '260'
      content-type:
      - application/json
      date:
      - Tue, 14 Dec 2021 06:14:49 GMT
      expires:
      - '-1'
      pragma:
      - no-cache
      server:
      - Microsoft-Azure-Storage-Resource-Provider/1.0,Microsoft-HTTPAPI/2.0 Microsoft-HTTPAPI/2.0
      strict-transport-security:
      - max-age=31536000; includeSubDomains
      transfer-encoding:
      - chunked
      vary:
      - Accept-Encoding
      x-content-type-options:
      - nosniff
      x-ms-ratelimit-remaining-subscription-resource-requests:
      - '11999'
    status:
      code: 200
      message: OK
- request:
    body: '{"properties": {"state": "Enabled", "storageEndpoint": "https://adlsgen2000002.blob.core.windows.net/",
      "storageAccountAccessKey": "veryFakedStorageAccountKey==", "retentionDays":
      30, "auditActionsAndGroups": ["SUCCESSFUL_DATABASE_AUTHENTICATION_GROUP"], "storageAccountSubscriptionId":
      "0b1f6471-1bf0-4dda-aec3-cb9272f09590", "isStorageSecondaryKeyInUse": false,
      "isAzureMonitorTargetEnabled": false}}'
    headers:
      Accept:
      - application/json
      Accept-Encoding:
      - gzip, deflate
      CommandName:
      - synapse sql pool audit-policy update
      Connection:
      - keep-alive
      Content-Length:
      - '402'
      Content-Type:
      - application/json
      ParameterSetName:
      - --resource-group --workspace-name --name --state --event-hub-target-state
      User-Agent:
      - AZURECLI/2.31.0 azsdk-python-mgmt-synapse/2.1.0b2 Python/3.8.9 (Windows-10-10.0.22000-SP0)
    method: PUT
    uri: https://management.azure.com/subscriptions/00000000-0000-0000-0000-000000000000/resourceGroups/synapse-cli000001/providers/Microsoft.Synapse/workspaces/clitest000008/sqlPools/testsqlpool000004/auditingSettings/default?api-version=2021-06-01
  response:
    body:
      string: '{"properties":{"retentionDays":30,"auditActionsAndGroups":["SUCCESSFUL_DATABASE_AUTHENTICATION_GROUP"],"isStorageSecondaryKeyInUse":false,"isAzureMonitorTargetEnabled":false,"state":"Enabled","storageEndpoint":"https://adlsgen2000002.blob.core.windows.net/","storageAccountSubscriptionId":"0b1f6471-1bf0-4dda-aec3-cb9272f09590"},"id":"/subscriptions/00000000-0000-0000-0000-000000000000/resourceGroups/synapse-cli000001/providers/Microsoft.Synapse/workspaces/clitest000008/sqlPools/testsqlpool000004/auditingSettings/Default","name":"Default","type":"Microsoft.Synapse/workspaces/sqlPools/auditingSettings"}'
    headers:
      cache-control:
      - no-cache
      content-length:
      - '607'
      content-type:
      - application/json; charset=utf-8
      date:
      - Tue, 14 Dec 2021 06:14:51 GMT
      expires:
      - '-1'
      pragma:
      - no-cache
      server:
      - Microsoft-HTTPAPI/2.0
      strict-transport-security:
      - max-age=31536000; includeSubDomains
      transfer-encoding:
      - chunked
      vary:
      - Accept-Encoding
      x-content-type-options:
      - nosniff
      x-ms-ratelimit-remaining-subscription-writes:
      - '1199'
    status:
      code: 200
      message: OK
- request:
    body: null
    headers:
      Accept:
      - application/json
      Accept-Encoding:
      - gzip, deflate
      CommandName:
      - synapse sql pool audit-policy show
      Connection:
      - keep-alive
      ParameterSetName:
      - --resource-group --workspace-name --name
      User-Agent:
      - AZURECLI/2.31.0 azsdk-python-mgmt-synapse/2.1.0b2 Python/3.8.9 (Windows-10-10.0.22000-SP0)
    method: GET
    uri: https://management.azure.com/subscriptions/00000000-0000-0000-0000-000000000000/resourceGroups/synapse-cli000001/providers/Microsoft.Synapse/workspaces/clitest000008/sqlPools/testsqlpool000004/auditingSettings/default?api-version=2021-06-01
  response:
    body:
      string: '{"properties":{"retentionDays":30,"auditActionsAndGroups":["SUCCESSFUL_DATABASE_AUTHENTICATION_GROUP"],"isStorageSecondaryKeyInUse":false,"isAzureMonitorTargetEnabled":false,"state":"Enabled","storageEndpoint":"https://adlsgen2000002.blob.core.windows.net/","storageAccountSubscriptionId":"0b1f6471-1bf0-4dda-aec3-cb9272f09590"},"id":"/subscriptions/00000000-0000-0000-0000-000000000000/resourceGroups/synapse-cli000001/providers/Microsoft.Synapse/workspaces/clitest000008/sqlPools/testsqlpool000004/auditingSettings/Default","name":"Default","type":"Microsoft.Synapse/workspaces/sqlPools/auditingSettings"}'
    headers:
      cache-control:
      - no-cache
      content-length:
      - '607'
      content-type:
      - application/json; charset=utf-8
      date:
      - Tue, 14 Dec 2021 06:14:54 GMT
      expires:
      - '-1'
      pragma:
      - no-cache
      server:
      - Microsoft-HTTPAPI/2.0
      strict-transport-security:
      - max-age=31536000; includeSubDomains
      transfer-encoding:
      - chunked
      vary:
      - Accept-Encoding
      x-content-type-options:
      - nosniff
    status:
      code: 200
      message: OK
version: 1
