interactions:
- request:
    body: '{"properties": {"type": "Managed", "typeProperties": {"computeProperties":
      {"location": "AutoResolve", "dataFlowProperties": {"computeType": "General",
      "coreCount": 8, "timeToLive": 0}}}}}'
    headers:
      Accept:
      - application/json
      Accept-Encoding:
      - gzip, deflate
      CommandName:
      - synapse integration-runtime managed create
      Connection:
      - keep-alive
      Content-Length:
      - '188'
      Content-Type:
      - application/json
      ParameterSetName:
      - --resource-group --workspace-name --name
      User-Agent:
      - AZURECLI/2.28.0 azsdk-python-mgmt-synapse/2.0.0 Python/3.6.4 (Windows-10-10.0.19041-SP0)
    method: PUT
    uri: https://management.azure.com/subscriptions/00000000-0000-0000-0000-000000000000/resourceGroups/chayang-test-rg/providers/Microsoft.Synapse/workspaces/zes0219test/integrationRuntimes/integrationruntime?api-version=2021-03-01
  response:
    body:
      string: '{"id":"/subscriptions/00000000-0000-0000-0000-000000000000/resourceGroups/chayang-test-rg/providers/Microsoft.Synapse/workspaces/zes0219test/integrationRuntimes/integrationruntime","recordId":870448,"state":"Creating","created":"2021-09-03T08:37:01.3066667Z","changed":"2021-09-03T08:37:01.3066667Z","type":"IntegrationRuntime","name":"integrationruntime","operationId":"8ef24698-d0bd-4ee6-bf20-bb8a87053436","artifactId":"DF4D418F-7991-44B8-91EF-67EF5344A390"}'
    headers:
      access-control-allow-headers:
      - Location
      - Retry-After
      access-control-expose-headers:
      - Location
      - Retry-After
      cache-control:
      - no-cache
      content-length:
      - '461'
      content-type:
      - application/json; charset=utf-8
      date:
      - Fri, 03 Sep 2021 08:37:01 GMT
      expires:
      - '-1'
      location:
      - https://management.azure.com/subscriptions/00000000-0000-0000-0000-000000000000/resourceGroups/chayang-test-rg/providers/Microsoft.Synapse/workspaces/zes0219test/operationResults/8ef24698-d0bd-4ee6-bf20-bb8a87053436?api-version=2021-03-01
      pragma:
      - no-cache
      server:
      - Microsoft-HTTPAPI/2.0
      strict-transport-security:
      - max-age=31536000; includeSubDomains
      x-content-type-options:
      - nosniff
      x-ms-ratelimit-remaining-subscription-writes:
      - '1199'
    status:
      code: 202
      message: Accepted
- request:
    body: null
    headers:
      Accept:
      - '*/*'
      Accept-Encoding:
      - gzip, deflate
      CommandName:
      - synapse integration-runtime managed create
      Connection:
      - keep-alive
      ParameterSetName:
      - --resource-group --workspace-name --name
      User-Agent:
      - AZURECLI/2.28.0 azsdk-python-mgmt-synapse/2.0.0 Python/3.6.4 (Windows-10-10.0.19041-SP0)
    method: GET
    uri: https://management.azure.com/subscriptions/00000000-0000-0000-0000-000000000000/resourceGroups/chayang-test-rg/providers/Microsoft.Synapse/workspaces/zes0219test/operationResults/8ef24698-d0bd-4ee6-bf20-bb8a87053436?api-version=2021-03-01
  response:
    body:
      string: '{"id":"/subscriptions/00000000-0000-0000-0000-000000000000/resourceGroups/chayang-test-rg/providers/Microsoft.Synapse/workspaces/zes0219test/integrationruntimes/integrationruntime","name":"integrationruntime","type":"Microsoft.Synapse/workspaces/integrationruntimes","properties":{"type":"Managed","typeProperties":{"computeProperties":{"location":"AutoResolve","dataFlowProperties":{"computeType":"General","coreCount":8,"timeToLive":0}}}},"etag":"da00d9b0-0000-3400-0000-6131deaf0000"}'
    headers:
      cache-control:
      - no-cache
      content-length:
      - '487'
      content-type:
      - application/json; charset=utf-8
      date:
      - Fri, 03 Sep 2021 08:37:11 GMT
      expires:
      - '-1'
      pragma:
      - no-cache
      server:
      - Microsoft-IIS/10.0
      - Microsoft-HTTPAPI/2.0
      strict-transport-security:
      - max-age=31536000; includeSubDomains
      transfer-encoding:
      - chunked
      vary:
      - Accept-Encoding
      x-content-type-options:
      - nosniff
      x-powered-by:
      - ASP.NET
    status:
      code: 200
      message: OK
- request:
    body: '{"properties": {"type": "SelfHosted"}}'
    headers:
      Accept:
      - application/json
      Accept-Encoding:
      - gzip, deflate
      CommandName:
      - synapse integration-runtime self-hosted create
      Connection:
      - keep-alive
      Content-Length:
      - '38'
      Content-Type:
      - application/json
      ParameterSetName:
      - --resource-group --workspace-name --name
      User-Agent:
      - AZURECLI/2.28.0 azsdk-python-mgmt-synapse/2.0.0 Python/3.6.4 (Windows-10-10.0.19041-SP0)
    method: PUT
    uri: https://management.azure.com/subscriptions/00000000-0000-0000-0000-000000000000/resourceGroups/chayang-test-rg/providers/Microsoft.Synapse/workspaces/zes0219test/integrationRuntimes/selfhostedir?api-version=2021-03-01
  response:
    body:
      string: '{"id":"/subscriptions/00000000-0000-0000-0000-000000000000/resourceGroups/chayang-test-rg/providers/Microsoft.Synapse/workspaces/zes0219test/integrationRuntimes/selfhostedir","recordId":870280,"state":"Updating","created":"2021-09-03T07:16:29.6833333Z","changed":"2021-09-03T07:16:30.5066667Z","type":"IntegrationRuntime","name":"selfhostedir","operationId":"59819a17-13a5-44f3-9953-14f626eafbe2","artifactId":"D00FE4E8-C9E7-4E5B-B4AA-FD2100BFD1C4"}'
    headers:
      access-control-allow-headers:
      - Location
      - Retry-After
      access-control-expose-headers:
      - Location
      - Retry-After
      cache-control:
      - no-cache
      content-length:
      - '449'
      content-type:
      - application/json; charset=utf-8
      date:
      - Fri, 03 Sep 2021 08:37:13 GMT
      expires:
      - '-1'
      location:
      - https://management.azure.com/subscriptions/00000000-0000-0000-0000-000000000000/resourceGroups/chayang-test-rg/providers/Microsoft.Synapse/workspaces/zes0219test/operationResults/59819a17-13a5-44f3-9953-14f626eafbe2?api-version=2021-03-01
      pragma:
      - no-cache
      server:
      - Microsoft-HTTPAPI/2.0
      strict-transport-security:
      - max-age=31536000; includeSubDomains
      x-content-type-options:
      - nosniff
      x-ms-ratelimit-remaining-subscription-writes:
      - '1199'
    status:
      code: 202
      message: Accepted
- request:
    body: null
    headers:
      Accept:
      - '*/*'
      Accept-Encoding:
      - gzip, deflate
      CommandName:
      - synapse integration-runtime self-hosted create
      Connection:
      - keep-alive
      ParameterSetName:
      - --resource-group --workspace-name --name
      User-Agent:
      - AZURECLI/2.28.0 azsdk-python-mgmt-synapse/2.0.0 Python/3.6.4 (Windows-10-10.0.19041-SP0)
    method: GET
    uri: https://management.azure.com/subscriptions/00000000-0000-0000-0000-000000000000/resourceGroups/chayang-test-rg/providers/Microsoft.Synapse/workspaces/zes0219test/operationResults/59819a17-13a5-44f3-9953-14f626eafbe2?api-version=2021-03-01
  response:
    body:
      string: "{\n  \"id\": \"/subscriptions/00000000-0000-0000-0000-000000000000/resourceGroups/chayang-test-rg/providers/Microsoft.Synapse/workspaces/zes0219test/integrationruntimes/selfhostedir\",\n
        \ \"name\": \"selfhostedir\",\n  \"type\": \"Microsoft.Synapse/workspaces/integrationruntimes\",\n
        \ \"properties\": {\n    \"type\": \"SelfHosted\"\n  },\n  \"etag\": \"d7002ba8-0000-3400-0000-6131cbce0000\"\n}"
    headers:
      cache-control:
      - no-cache
      content-length:
      - '366'
      content-type:
      - application/json; charset=utf-8
      date:
      - Fri, 03 Sep 2021 08:37:23 GMT
      expires:
      - '-1'
      pragma:
      - no-cache
      server:
      - Kestrel
      - Microsoft-HTTPAPI/2.0
      strict-transport-security:
      - max-age=31536000; includeSubDomains
      transfer-encoding:
      - chunked
      vary:
      - Accept-Encoding
      x-content-type-options:
      - nosniff
    status:
      code: 200
      message: OK
- request:
    body: null
    headers:
      Accept:
      - application/json
      Accept-Encoding:
      - gzip, deflate
      CommandName:
      - synapse integration-runtime show
      Connection:
      - keep-alive
      ParameterSetName:
      - --resource-group --workspace-name --name
      User-Agent:
      - AZURECLI/2.28.0 azsdk-python-mgmt-synapse/2.0.0 Python/3.6.4 (Windows-10-10.0.19041-SP0)
    method: GET
    uri: https://management.azure.com/subscriptions/00000000-0000-0000-0000-000000000000/resourceGroups/chayang-test-rg/providers/Microsoft.Synapse/workspaces/zes0219test/integrationRuntimes/integrationruntime?api-version=2021-03-01
  response:
    body:
      string: '{"id":"/subscriptions/00000000-0000-0000-0000-000000000000/resourceGroups/chayang-test-rg/providers/Microsoft.Synapse/workspaces/zes0219test/integrationruntimes/integrationruntime","name":"integrationruntime","type":"Microsoft.Synapse/workspaces/integrationruntimes","properties":{"type":"Managed","typeProperties":{"computeProperties":{"location":"AutoResolve","dataFlowProperties":{"computeType":"General","coreCount":8,"timeToLive":0}}}},"etag":"da00d9b0-0000-3400-0000-6131deaf0000"}'
    headers:
      cache-control:
      - no-cache
      content-length:
      - '487'
      content-type:
      - application/json; charset=utf-8
      date:
      - Fri, 03 Sep 2021 08:37:24 GMT
      expires:
      - '-1'
      pragma:
      - no-cache
      server:
      - Microsoft-IIS/10.0
      - Microsoft-HTTPAPI/2.0
      strict-transport-security:
      - max-age=31536000; includeSubDomains
      transfer-encoding:
      - chunked
      vary:
      - Accept-Encoding
      x-content-type-options:
      - nosniff
      x-powered-by:
      - ASP.NET
    status:
      code: 200
      message: OK
- request:
    body: null
    headers:
      Accept:
      - application/json
      Accept-Encoding:
      - gzip, deflate
      CommandName:
      - synapse integration-runtime list
      Connection:
      - keep-alive
      ParameterSetName:
      - --resource-group --workspace-name
      User-Agent:
      - AZURECLI/2.28.0 azsdk-python-mgmt-synapse/2.0.0 Python/3.6.4 (Windows-10-10.0.19041-SP0)
    method: GET
    uri: https://management.azure.com/subscriptions/00000000-0000-0000-0000-000000000000/resourceGroups/chayang-test-rg/providers/Microsoft.Synapse/workspaces/zes0219test/integrationRuntimes?api-version=2021-03-01
  response:
    body:
      string: '{"value":[{"id":"/subscriptions/00000000-0000-0000-0000-000000000000/resourceGroups/chayang-test-rg/providers/Microsoft.Synapse/workspaces/zes0219test/integrationruntimes/AutoResolveIntegrationRuntime","name":"AutoResolveIntegrationRuntime","type":"Microsoft.Synapse/workspaces/integrationruntimes","etag":"00000297-0000-3400-0000-602f759b0000","properties":{"type":"Managed","typeProperties":{"computeProperties":{"location":"AutoResolve"}},"provisioningState":null}},{"id":"/subscriptions/00000000-0000-0000-0000-000000000000/resourceGroups/chayang-test-rg/providers/Microsoft.Synapse/workspaces/zes0219test/integrationruntimes/testintrunzes0219testselfhosted0428","name":"testintrunzes0219testselfhosted0428","type":"Microsoft.Synapse/workspaces/integrationruntimes","etag":"00000a27-0000-3400-0000-608905640000","properties":{"type":"SelfHosted"}},{"id":"/subscriptions/00000000-0000-0000-0000-000000000000/resourceGroups/chayang-test-rg/providers/Microsoft.Synapse/workspaces/zes0219test/integrationruntimes/testintrunzes0219testselfhosted0400","name":"testintrunzes0219testselfhosted0400","type":"Microsoft.Synapse/workspaces/integrationruntimes","etag":"00000729-0000-3400-0000-6089090a0000","properties":{"type":"SelfHosted"}},{"id":"/subscriptions/00000000-0000-0000-0000-000000000000/resourceGroups/chayang-test-rg/providers/Microsoft.Synapse/workspaces/zes0219test/integrationruntimes/testintrunzes0219testselfhosted0401","name":"testintrunzes0219testselfhosted0401","type":"Microsoft.Synapse/workspaces/integrationruntimes","etag":"0000b22b-0000-3400-0000-60890df00000","properties":{"type":"SelfHosted"}},{"id":"/subscriptions/00000000-0000-0000-0000-000000000000/resourceGroups/chayang-test-rg/providers/Microsoft.Synapse/workspaces/zes0219test/integrationruntimes/testintrunzes0219testselfhosted0406","name":"testintrunzes0219testselfhosted0406","type":"Microsoft.Synapse/workspaces/integrationruntimes","etag":"03002502-0000-3400-0000-608a203c0000","properties":{"type":"SelfHosted"}},{"id":"/subscriptions/00000000-0000-0000-0000-000000000000/resourceGroups/chayang-test-rg/providers/Microsoft.Synapse/workspaces/zes0219test/integrationruntimes/IntegrationRuntime0219selfhosted0507","name":"IntegrationRuntime0219selfhosted0507","type":"Microsoft.Synapse/workspaces/integrationruntimes","etag":"1100f7cd-0000-3400-0000-60a3b42f0000","properties":{"type":"SelfHosted"}},{"id":"/subscriptions/00000000-0000-0000-0000-000000000000/resourceGroups/chayang-test-rg/providers/Microsoft.Synapse/workspaces/zes0219test/integrationruntimes/IntegrationRuntime0219selfhosted0501","name":"IntegrationRuntime0219selfhosted0501","type":"Microsoft.Synapse/workspaces/integrationruntimes","etag":"1e009081-0000-3400-0000-60992e5d0000","properties":{"type":"SelfHosted","description":"test","typeProperties":{}}},{"id":"/subscriptions/00000000-0000-0000-0000-000000000000/resourceGroups/chayang-test-rg/providers/Microsoft.Synapse/workspaces/zes0219test/integrationruntimes/IntegrationRuntime0219selfhosted0518","name":"IntegrationRuntime0219selfhosted0518","type":"Microsoft.Synapse/workspaces/integrationruntimes","etag":"110028d4-0000-3400-0000-60a3b5780000","properties":{"type":"SelfHosted"}},{"id":"/subscriptions/00000000-0000-0000-0000-000000000000/resourceGroups/chayang-test-rg/providers/Microsoft.Synapse/workspaces/zes0219test/integrationruntimes/selfhostedir","name":"selfhostedir","type":"Microsoft.Synapse/workspaces/integrationruntimes","etag":"d7002ba8-0000-3400-0000-6131cbce0000","properties":{"type":"SelfHosted"}},{"id":"/subscriptions/00000000-0000-0000-0000-000000000000/resourceGroups/chayang-test-rg/providers/Microsoft.Synapse/workspaces/zes0219test/integrationruntimes/integrationruntime","name":"integrationruntime","type":"Microsoft.Synapse/workspaces/integrationruntimes","etag":"da00d9b0-0000-3400-0000-6131deaf0000","properties":{"type":"Managed","typeProperties":{"computeProperties":{"location":"AutoResolve","dataFlowProperties":{"computeType":"General","coreCount":8,"timeToLive":0}}}}}]}'
    headers:
      cache-control:
      - no-cache
      content-length:
      - '4023'
      content-type:
      - application/json; charset=utf-8
      date:
      - Fri, 03 Sep 2021 08:37:26 GMT
      expires:
      - '-1'
      pragma:
      - no-cache
      server:
      - Microsoft-HTTPAPI/2.0
      strict-transport-security:
      - max-age=31536000; includeSubDomains
      transfer-encoding:
      - chunked
      vary:
      - Accept-Encoding
      x-content-type-options:
      - nosniff
    status:
      code: 200
      message: OK
- request:
    body: null
    headers:
      Accept:
      - application/json
      Accept-Encoding:
      - gzip, deflate
      CommandName:
      - synapse integration-runtime delete
      Connection:
      - keep-alive
      Content-Length:
      - '0'
      ParameterSetName:
      - --resource-group --workspace-name --name -y
      User-Agent:
      - AZURECLI/2.28.0 azsdk-python-mgmt-synapse/2.0.0 Python/3.6.4 (Windows-10-10.0.19041-SP0)
    method: DELETE
    uri: https://management.azure.com/subscriptions/00000000-0000-0000-0000-000000000000/resourceGroups/chayang-test-rg/providers/Microsoft.Synapse/workspaces/zes0219test/integrationRuntimes/integrationruntime?api-version=2021-03-01
  response:
    body:
      string: '{"id":"/subscriptions/00000000-0000-0000-0000-000000000000/resourceGroups/chayang-test-rg/providers/Microsoft.Synapse/workspaces/zes0219test/integrationRuntimes/integrationruntime","recordId":0,"state":"Deleting","created":"0001-01-01T00:00:00","changed":"0001-01-01T00:00:00","type":"IntegrationRuntime","name":"integrationruntime","operationId":"401a09a5-1299-44e7-8cb8-88d8d479af57"}'
    headers:
      access-control-allow-headers:
      - Location
      access-control-expose-headers:
      - Location
      cache-control:
      - no-cache
      content-length:
      - '386'
      content-type:
      - application/json; charset=utf-8
      date:
      - Fri, 03 Sep 2021 08:37:27 GMT
      expires:
      - '-1'
      location:
      - https://management.azure.com/subscriptions/00000000-0000-0000-0000-000000000000/resourceGroups/chayang-test-rg/providers/Microsoft.Synapse/workspaces/zes0219test/operationResults/401a09a5-1299-44e7-8cb8-88d8d479af57?api-version=2021-03-01
      pragma:
      - no-cache
      server:
      - Microsoft-HTTPAPI/2.0
      strict-transport-security:
      - max-age=31536000; includeSubDomains
      x-content-type-options:
      - nosniff
      x-ms-ratelimit-remaining-subscription-deletes:
      - '14999'
    status:
      code: 202
      message: Accepted
- request:
    body: null
    headers:
      Accept:
      - '*/*'
      Accept-Encoding:
      - gzip, deflate
      CommandName:
      - synapse integration-runtime delete
      Connection:
      - keep-alive
      ParameterSetName:
      - --resource-group --workspace-name --name -y
      User-Agent:
      - AZURECLI/2.28.0 azsdk-python-mgmt-synapse/2.0.0 Python/3.6.4 (Windows-10-10.0.19041-SP0)
    method: GET
    uri: https://management.azure.com/subscriptions/00000000-0000-0000-0000-000000000000/resourceGroups/chayang-test-rg/providers/Microsoft.Synapse/workspaces/zes0219test/operationResults/401a09a5-1299-44e7-8cb8-88d8d479af57?api-version=2021-03-01
  response:
    body:
      string: ''
    headers:
      cache-control:
      - no-cache
      content-length:
      - '0'
      date:
      - Fri, 03 Sep 2021 08:37:58 GMT
      expires:
      - '-1'
      pragma:
      - no-cache
      server:
      - Microsoft-HTTPAPI/2.0
      strict-transport-security:
      - max-age=31536000; includeSubDomains
      x-content-type-options:
      - nosniff
    status:
      code: 200
      message: OK
- request:
    body: null
    headers:
      Accept:
      - application/json
      Accept-Encoding:
      - gzip, deflate
      CommandName:
      - synapse integration-runtime show
      Connection:
      - keep-alive
      ParameterSetName:
      - --resource-group --workspace-name --name
      User-Agent:
      - AZURECLI/2.28.0 azsdk-python-mgmt-synapse/2.0.0 Python/3.6.4 (Windows-10-10.0.19041-SP0)
    method: GET
    uri: https://management.azure.com/subscriptions/00000000-0000-0000-0000-000000000000/resourceGroups/chayang-test-rg/providers/Microsoft.Synapse/workspaces/zes0219test/integrationRuntimes/integrationruntime?api-version=2021-03-01
  response:
    body:
      string: '{"code":"NotFound","message":"The document could not be retrieved because
        it does not exist.","target":"/subscriptions/00000000-0000-0000-0000-000000000000/resourceGroups/chayang-test-rg/providers/Microsoft.DataFactory/factories/zes0219test/integrationruntimes/integrationruntime","details":null,"error":null}'
    headers:
      cache-control:
      - no-cache
      content-length:
      - '309'
      content-type:
      - application/json; charset=UTF-8
      date:
      - Fri, 03 Sep 2021 08:37:58 GMT
      expires:
      - '-1'
      pragma:
      - no-cache
      server:
      - Kestrel
      - Microsoft-HTTPAPI/2.0
      strict-transport-security:
      - max-age=31536000; includeSubDomains
      x-content-type-options:
      - nosniff
    status:
      code: 404
      message: Not Found
- request:
    body: null
    headers:
      Accept:
      - application/json
      Accept-Encoding:
      - gzip, deflate
      CommandName:
      - synapse integration-runtime upgrade
      Connection:
      - keep-alive
      Content-Length:
      - '0'
      ParameterSetName:
      - --resource-group --workspace-name --name
      User-Agent:
      - AZURECLI/2.28.0 azsdk-python-mgmt-synapse/2.0.0 Python/3.6.4 (Windows-10-10.0.19041-SP0)
    method: POST
    uri: https://management.azure.com/subscriptions/00000000-0000-0000-0000-000000000000/resourceGroups/chayang-test-rg/providers/Microsoft.Synapse/workspaces/zes0219test/integrationRuntimes/IntegrationRuntime0219selfhosted0507/upgrade?api-version=2021-03-01
  response:
    body:
      string: ''
    headers:
      cache-control:
      - no-cache
      content-length:
      - '0'
      date:
      - Fri, 03 Sep 2021 08:38:00 GMT
      expires:
      - '-1'
      pragma:
      - no-cache
      server:
      - Microsoft-IIS/10.0
      - Microsoft-HTTPAPI/2.0
      strict-transport-security:
      - max-age=31536000; includeSubDomains
      x-content-type-options:
      - nosniff
      x-ms-ratelimit-remaining-subscription-writes:
      - '1199'
      x-powered-by:
      - ASP.NET
    status:
      code: 200
      message: OK
- request:
    body: null
    headers:
      Accept:
      - application/json
      Accept-Encoding:
      - gzip, deflate
      CommandName:
      - synapse integration-runtime list-auth-key
      Connection:
      - keep-alive
      Content-Length:
      - '0'
      ParameterSetName:
      - --resource-group --workspace-name --name
      User-Agent:
      - AZURECLI/2.28.0 azsdk-python-mgmt-synapse/2.0.0 Python/3.6.4 (Windows-10-10.0.19041-SP0)
    method: POST
    uri: https://management.azure.com/subscriptions/00000000-0000-0000-0000-000000000000/resourceGroups/chayang-test-rg/providers/Microsoft.Synapse/workspaces/zes0219test/integrationRuntimes/IntegrationRuntime0219selfhosted0507/listAuthKeys?api-version=2021-03-01
  response:
    body:
      string: "{\n  \"authKey1\": \"IR@01e2f186-220d-45a9-a3a2-0dcef955dea2@zes0219test@eu2euap@bT1HxcnQV2vbceeVQXPRznr/KpvfWtWd/L8r2Q0QP5Y=\",\n
        \ \"authKey2\": \"IR@01e2f186-220d-45a9-a3a2-0dcef955dea2@zes0219test@eu2euap@/0UEA7+dIj8Y6YWiKhDlxwGsnXSZBz4zC1q5PepLpv4=\"\n}"
    headers:
      cache-control:
      - no-cache
      content-length:
      - '246'
      content-type:
      - application/json; charset=utf-8
      date:
      - Fri, 03 Sep 2021 08:38:01 GMT
      expires:
      - '-1'
      pragma:
      - no-cache
      server:
      - Kestrel
      - Microsoft-HTTPAPI/2.0
      strict-transport-security:
      - max-age=31536000; includeSubDomains
      transfer-encoding:
      - chunked
      vary:
      - Accept-Encoding
      x-content-type-options:
      - nosniff
      x-ms-ratelimit-remaining-subscription-writes:
      - '1199'
    status:
      code: 200
      message: OK
- request:
    body: '{"keyName": "authKey1"}'
    headers:
      Accept:
      - application/json
      Accept-Encoding:
      - gzip, deflate
      CommandName:
      - synapse integration-runtime regenerate-auth-key
      Connection:
      - keep-alive
      Content-Length:
      - '23'
      Content-Type:
      - application/json
      ParameterSetName:
      - --resource-group --workspace-name --name --key-name
      User-Agent:
      - AZURECLI/2.28.0 azsdk-python-mgmt-synapse/2.0.0 Python/3.6.4 (Windows-10-10.0.19041-SP0)
    method: POST
    uri: https://management.azure.com/subscriptions/00000000-0000-0000-0000-000000000000/resourceGroups/chayang-test-rg/providers/Microsoft.Synapse/workspaces/zes0219test/integrationRuntimes/IntegrationRuntime0219selfhosted0507/regenerateAuthKey?api-version=2021-03-01
  response:
    body:
      string: '{"authKey1":"IR@01e2f186-220d-45a9-a3a2-0dcef955dea2@zes0219test@eu2euap@1xvtrlhqvd9b51BFv3tSWCkWawiNQoMzZJsUorHTL5U="}'
    headers:
      cache-control:
      - no-cache
      content-length:
      - '119'
      content-type:
      - application/json; charset=utf-8
      date:
      - Fri, 03 Sep 2021 08:38:04 GMT
      expires:
      - '-1'
      pragma:
      - no-cache
      server:
      - Microsoft-IIS/10.0
      - Microsoft-HTTPAPI/2.0
      strict-transport-security:
      - max-age=31536000; includeSubDomains
      transfer-encoding:
      - chunked
      vary:
      - Accept-Encoding
      x-content-type-options:
      - nosniff
      x-ms-ratelimit-remaining-subscription-writes:
      - '1199'
      x-powered-by:
      - ASP.NET
    status:
      code: 200
      message: OK
- request:
    body: null
    headers:
      Accept:
      - application/json
      Accept-Encoding:
      - gzip, deflate
      CommandName:
      - synapse integration-runtime get-monitoring-data
      Connection:
      - keep-alive
      Content-Length:
      - '0'
      ParameterSetName:
      - --resource-group --workspace-name --name
      User-Agent:
      - AZURECLI/2.28.0 azsdk-python-mgmt-synapse/2.0.0 Python/3.6.4 (Windows-10-10.0.19041-SP0)
    method: POST
    uri: https://management.azure.com/subscriptions/00000000-0000-0000-0000-000000000000/resourceGroups/chayang-test-rg/providers/Microsoft.Synapse/workspaces/zes0219test/integrationRuntimes/IntegrationRuntime0219selfhosted0507/monitoringData?api-version=2021-03-01
  response:
    body:
      string: "{\n  \"name\": \"IntegrationRuntime0219selfhosted0507\",\n  \"queueLength\":
        0,\n  \"averageQueueDuration\": 0.0,\n  \"nodes\": [\n    {\n      \"nodeName\":
        \"WEISHU\",\n      \"availableMemoryInMB\": 1563,\n      \"cpuUtilization\":
        26,\n      \"concurrentJobsLimit\": 6,\n      \"concurrentJobsRunning\": 0,\n
        \     \"sentBytes\": 4.502457618713379,\n      \"receivedBytes\": 4.673483848571777\n
        \   }\n  ]\n}"
    headers:
      cache-control:
      - no-cache
      content-length:
      - '369'
      content-type:
      - application/json; charset=utf-8
      date:
      - Fri, 03 Sep 2021 08:38:03 GMT
      expires:
      - '-1'
      pragma:
      - no-cache
      server:
      - Kestrel
      - Microsoft-HTTPAPI/2.0
      strict-transport-security:
      - max-age=31536000; includeSubDomains
      transfer-encoding:
      - chunked
      vary:
      - Accept-Encoding
      x-content-type-options:
      - nosniff
    status:
      code: 200
      message: OK
- request:
    body: null
    headers:
      Accept:
      - application/json
      Accept-Encoding:
      - gzip, deflate
      CommandName:
      - synapse integration-runtime sync-credentials
      Connection:
      - keep-alive
      Content-Length:
      - '0'
      ParameterSetName:
      - --resource-group --workspace-name --name
      User-Agent:
      - AZURECLI/2.28.0 azsdk-python-mgmt-synapse/2.0.0 Python/3.6.4 (Windows-10-10.0.19041-SP0)
    method: POST
    uri: https://management.azure.com/subscriptions/00000000-0000-0000-0000-000000000000/resourceGroups/chayang-test-rg/providers/Microsoft.Synapse/workspaces/zes0219test/integrationRuntimes/IntegrationRuntime0219selfhosted0507/syncCredentials?api-version=2021-03-01
  response:
    body:
      string: ''
    headers:
      cache-control:
      - no-cache
      content-length:
      - '0'
      date:
      - Fri, 03 Sep 2021 08:38:06 GMT
      expires:
      - '-1'
      pragma:
      - no-cache
      server:
      - Microsoft-IIS/10.0
      - Microsoft-HTTPAPI/2.0
      strict-transport-security:
      - max-age=31536000; includeSubDomains
      x-content-type-options:
      - nosniff
      x-ms-ratelimit-remaining-subscription-writes:
      - '1199'
      x-powered-by:
      - ASP.NET
    status:
      code: 200
      message: OK
- request:
    body: null
    headers:
      Accept:
      - application/json
      Accept-Encoding:
      - gzip, deflate
      CommandName:
      - synapse integration-runtime get-connection-info
      Connection:
      - keep-alive
      Content-Length:
      - '0'
      ParameterSetName:
      - --resource-group --workspace-name --name
      User-Agent:
      - AZURECLI/2.28.0 azsdk-python-mgmt-synapse/2.0.0 Python/3.6.4 (Windows-10-10.0.19041-SP0)
    method: POST
    uri: https://management.azure.com/subscriptions/00000000-0000-0000-0000-000000000000/resourceGroups/chayang-test-rg/providers/Microsoft.Synapse/workspaces/zes0219test/integrationRuntimes/IntegrationRuntime0219selfhosted0507/getConnectionInfo?api-version=2021-03-01
  response:
    body:
      string: '{"version":"5.9.7900.1","publicKey":"PD94bWwgdmVyc2lvbj0iMS4wIj8+DQo8UlNBUGFyYW1ldGVycyB4bWxuczp4c2Q9Imh0dHA6Ly93d3cudzMub3JnLzIwMDEvWE1MU2NoZW1hIiB4bWxuczp4c2k9Imh0dHA6Ly93d3cudzMub3JnLzIwMDEvWE1MU2NoZW1hLWluc3RhbmNlIj4NCiAgPEV4cG9uZW50PkFRQUI8L0V4cG9uZW50Pg0KICA8TW9kdWx1cz4xeEYxTk1rNHFRaWFtdmpmbDVNZGlydVB0ZG5DemU0OGVhZjExUEFQYzVWUDhOSTdXWlFKZW1OeTBBTjFXcXZNZjJPaWZKYW95M04xaHM0QnFxSmJtU3loRkQrMTVuWTMreUxCUUt0bG5oU2MrSGIrekJiQUovRTRWSW9ST1hNdWRkRE1yK2UyQzVDVzZ5eUtMMWJkcW5wVkFHZ2RWaVE2dVlvclRSSzFMblU9PC9Nb2R1bHVzPg0KPC9SU0FQYXJhbWV0ZXJzPg==","serviceToken":"MIICHwYJKoZIhvcNAQcCoIICEDCCAgwCAQExDzANBglghkgBZQMEAgEFADBsBgkqhkiG9w0BBwGgXwRdeyJFeHBpcmVzT24iOiI2Mzc2NjI1Njg4NzkxOTI0NzciLCJHYXRld2F5SW5zdGFuY2VJZCI6ImFkMTI4ZTA3LTUyOTUtNGU4ZS1iZWRjLWEzZTFiODljYmQxYyJ9MYIBhjCCAYICAQEwWzBEMRMwEQYKCZImiZPyLGQBGRYDR0JMMRMwEQYKCZImiZPyLGQBGRYDQU1FMRgwFgYDVQQDEw9BTUUgSW5mcmEgQ0EgMDICE38AvbN+VlknUJy/NL8AAgC9s34wDQYJYIZIAWUDBAIBBQAwDQYJKoZIhvcNAQEBBQAEggEAEMrWxN3roYmshm3IpX9BrGvxu8SArhvMfv8VgMjeMnEEnWRFvH4CNjP37tiLK7t2ijkhxCIWrIuxJdFotXWk2Iaxa92sRkYgKSJeL9XqkTEz0g4TyYZDcst4R0urxptiNfb9rmxIRWl74AQYxRgt9dzy9y83iNYgM+OmG/IlCQKubLX6r3Lg+I2E8ShBQDIL+nFSR8QVl9dP+K348Shy+ar03KHB/7VTIfIiwJB5PVa8CRDO5cQdCewJLuIIN8qbht7s1z0dugR83U5N8ab4+sdwfthMWJ59/sXS5X0p2HS17PnvfWldLf8XrgLzzFf1+J0lGA4Nmx1B0rdvol8BQw==","identityCertThumbprint":"","hostServiceUri":"net.pipe://weishu.fareast.corp.microsoft.com/InternalService.svc/","isIdentityCertExprired":false}'
    headers:
      cache-control:
      - no-cache
      content-length:
      - '1441'
      content-type:
      - application/json; charset=utf-8
      date:
      - Fri, 03 Sep 2021 08:38:07 GMT
      expires:
      - '-1'
      pragma:
      - no-cache
      server:
      - Microsoft-IIS/10.0
      - Microsoft-HTTPAPI/2.0
      strict-transport-security:
      - max-age=31536000; includeSubDomains
      transfer-encoding:
      - chunked
      vary:
      - Accept-Encoding
      x-content-type-options:
      - nosniff
      x-ms-ratelimit-remaining-subscription-writes:
      - '1198'
      x-powered-by:
      - ASP.NET
    status:
      code: 200
      message: OK
- request:
    body: null
    headers:
      Accept:
      - application/json
      Accept-Encoding:
      - gzip, deflate
      CommandName:
      - synapse integration-runtime get-status
      Connection:
      - keep-alive
      Content-Length:
      - '0'
      ParameterSetName:
      - --resource-group --workspace-name --name
      User-Agent:
      - AZURECLI/2.28.0 azsdk-python-mgmt-synapse/2.0.0 Python/3.6.4 (Windows-10-10.0.19041-SP0)
    method: POST
    uri: https://management.azure.com/subscriptions/00000000-0000-0000-0000-000000000000/resourceGroups/chayang-test-rg/providers/Microsoft.Synapse/workspaces/zes0219test/integrationRuntimes/IntegrationRuntime0219selfhosted0507/getStatus?api-version=2021-03-01
  response:
    body:
      string: '{"name":"IntegrationRuntime0219selfhosted0507","properties":{"dataFactoryName":"zes0219test","state":"Online","type":"SelfHosted","typeProperties":{"serviceRegion":"eu2euap","autoUpdate":"On","nodeCommunicationChannelEncryptionMode":"None","internalChannelEncryption":"NotSet","taskQueueId":"01e2f186-220d-45a9-a3a2-0dcef955dea2","version":"5.9.7900.1","nodes":[{"nodeName":"WEISHU","machineName":"WEISHU","hostServiceUri":"net.pipe://weishu.fareast.corp.microsoft.com/InternalService.svc/","status":"Online","capabilities":{"serviceBusConnected":"True","httpsPortEnabled":"True","credentialInSync":"True","connectedToResourceManager":"True","nodeEnabled":"True","noEnoughDiskSpace":"False","dotNetVersion":"528372"},"versionStatus":"UpToDate","version":"5.9.7900.1","registerTime":"2021-09-03T07:43:50.2010322Z","lastConnectTime":"2021-09-03T08:37:43.0829685Z","lastStartTime":"2021-09-03T07:45:34.0547399Z","lastUpdateResult":"None","isActiveDispatcher":true,"maxConcurrentJobs":24}],"updateDelayOffset":"PT23H","localTimeZoneOffset":"PT8H","serviceUrls":[null,"amsprodeu2euap.servicebus.windows.net","g0-prod-cbn04-001-sb.servicebus.windows.net","g1-prod-cbn04-001-sb.servicebus.windows.net","g2-prod-cbn04-001-sb.servicebus.windows.net","g3-prod-cbn04-001-sb.servicebus.windows.net","g4-prod-cbn04-001-sb.servicebus.windows.net","g5-prod-cbn04-001-sb.servicebus.windows.net","g6-prod-cbn04-001-sb.servicebus.windows.net","g7-prod-cbn04-001-sb.servicebus.windows.net","g8-prod-cbn04-001-sb.servicebus.windows.net","g9-prod-cbn04-001-sb.servicebus.windows.net","g10-prod-cbn04-001-sb.servicebus.windows.net","g11-prod-cbn04-001-sb.servicebus.windows.net","g12-prod-cbn04-001-sb.servicebus.windows.net","g13-prod-cbn04-001-sb.servicebus.windows.net","g14-prod-cbn04-001-sb.servicebus.windows.net","g15-prod-cbn04-001-sb.servicebus.windows.net","g16-prod-cbn04-001-sb.servicebus.windows.net","g17-prod-cbn04-001-sb.servicebus.windows.net","g18-prod-cbn04-001-sb.servicebus.windows.net","g19-prod-cbn04-001-sb.servicebus.windows.net","g20-prod-cbn04-001-sb.servicebus.windows.net","g21-prod-cbn04-001-sb.servicebus.windows.net","g22-prod-cbn04-001-sb.servicebus.windows.net","g23-prod-cbn04-001-sb.servicebus.windows.net","g24-prod-cbn04-001-sb.servicebus.windows.net","g25-prod-cbn04-001-sb.servicebus.windows.net","g26-prod-cbn04-001-sb.servicebus.windows.net","g27-prod-cbn04-001-sb.servicebus.windows.net","g28-prod-cbn04-001-sb.servicebus.windows.net","g29-prod-cbn04-001-sb.servicebus.windows.net","g30-prod-cbn04-001-sb.servicebus.windows.net","g31-prod-cbn04-001-sb.servicebus.windows.net","g32-prod-cbn04-001-sb.servicebus.windows.net","g33-prod-cbn04-001-sb.servicebus.windows.net","g34-prod-cbn04-001-sb.servicebus.windows.net","g35-prod-cbn04-001-sb.servicebus.windows.net","g36-prod-cbn04-001-sb.servicebus.windows.net","g37-prod-cbn04-001-sb.servicebus.windows.net","g38-prod-cbn04-001-sb.servicebus.windows.net","g39-prod-cbn04-001-sb.servicebus.windows.net","g40-prod-cbn04-001-sb.servicebus.windows.net","g41-prod-cbn04-001-sb.servicebus.windows.net","g42-prod-cbn04-001-sb.servicebus.windows.net","g43-prod-cbn04-001-sb.servicebus.windows.net","g44-prod-cbn04-001-sb.servicebus.windows.net","g45-prod-cbn04-001-sb.servicebus.windows.net","g46-prod-cbn04-001-sb.servicebus.windows.net","g47-prod-cbn04-001-sb.servicebus.windows.net","g48-prod-cbn04-001-sb.servicebus.windows.net","g49-prod-cbn04-001-sb.servicebus.windows.net","g50-prod-cbn04-001-sb.servicebus.windows.net","g51-prod-cbn04-001-sb.servicebus.windows.net","g52-prod-cbn04-001-sb.servicebus.windows.net","g53-prod-cbn04-001-sb.servicebus.windows.net","g54-prod-cbn04-001-sb.servicebus.windows.net","g55-prod-cbn04-001-sb.servicebus.windows.net","g56-prod-cbn04-001-sb.servicebus.windows.net","g57-prod-cbn04-001-sb.servicebus.windows.net","g58-prod-cbn04-001-sb.servicebus.windows.net","g59-prod-cbn04-001-sb.servicebus.windows.net","g60-prod-cbn04-001-sb.servicebus.windows.net","g61-prod-cbn04-001-sb.servicebus.windows.net","g62-prod-cbn04-001-sb.servicebus.windows.net","g63-prod-cbn04-001-sb.servicebus.windows.net","g64-prod-cbn04-001-sb.servicebus.windows.net","g65-prod-cbn04-001-sb.servicebus.windows.net","g66-prod-cbn04-001-sb.servicebus.windows.net","g67-prod-cbn04-001-sb.servicebus.windows.net","g68-prod-cbn04-001-sb.servicebus.windows.net","g69-prod-cbn04-001-sb.servicebus.windows.net","g70-prod-cbn04-001-sb.servicebus.windows.net","g71-prod-cbn04-001-sb.servicebus.windows.net","g72-prod-cbn04-001-sb.servicebus.windows.net","g73-prod-cbn04-001-sb.servicebus.windows.net","g74-prod-cbn04-001-sb.servicebus.windows.net","g75-prod-cbn04-001-sb.servicebus.windows.net","g76-prod-cbn04-001-sb.servicebus.windows.net","g77-prod-cbn04-001-sb.servicebus.windows.net","g78-prod-cbn04-001-sb.servicebus.windows.net","g79-prod-cbn04-001-sb.servicebus.windows.net","g80-prod-cbn04-001-sb.servicebus.windows.net","g81-prod-cbn04-001-sb.servicebus.windows.net","g82-prod-cbn04-001-sb.servicebus.windows.net","g83-prod-cbn04-001-sb.servicebus.windows.net","g84-prod-cbn04-001-sb.servicebus.windows.net","g85-prod-cbn04-001-sb.servicebus.windows.net","g86-prod-cbn04-001-sb.servicebus.windows.net","g87-prod-cbn04-001-sb.servicebus.windows.net","g88-prod-cbn04-001-sb.servicebus.windows.net","g89-prod-cbn04-001-sb.servicebus.windows.net","g90-prod-cbn04-001-sb.servicebus.windows.net","g91-prod-cbn04-001-sb.servicebus.windows.net","g92-prod-cbn04-001-sb.servicebus.windows.net","g93-prod-cbn04-001-sb.servicebus.windows.net","g94-prod-cbn04-001-sb.servicebus.windows.net","g95-prod-cbn04-001-sb.servicebus.windows.net","g96-prod-cbn04-001-sb.servicebus.windows.net","g97-prod-cbn04-001-sb.servicebus.windows.net","g98-prod-cbn04-001-sb.servicebus.windows.net","g99-prod-cbn04-001-sb.servicebus.windows.net","g100-prod-cbn04-001-sb.servicebus.windows.net","g101-prod-cbn04-001-sb.servicebus.windows.net","g102-prod-cbn04-001-sb.servicebus.windows.net","g103-prod-cbn04-001-sb.servicebus.windows.net","g104-prod-cbn04-001-sb.servicebus.windows.net","g105-prod-cbn04-001-sb.servicebus.windows.net","g106-prod-cbn04-001-sb.servicebus.windows.net","g107-prod-cbn04-001-sb.servicebus.windows.net","g108-prod-cbn04-001-sb.servicebus.windows.net","g109-prod-cbn04-001-sb.servicebus.windows.net","g110-prod-cbn04-001-sb.servicebus.windows.net","g111-prod-cbn04-001-sb.servicebus.windows.net","g112-prod-cbn04-001-sb.servicebus.windows.net","g113-prod-cbn04-001-sb.servicebus.windows.net","g114-prod-cbn04-001-sb.servicebus.windows.net","g115-prod-cbn04-001-sb.servicebus.windows.net","g116-prod-cbn04-001-sb.servicebus.windows.net","g117-prod-cbn04-001-sb.servicebus.windows.net","g118-prod-cbn04-001-sb.servicebus.windows.net","g119-prod-cbn04-001-sb.servicebus.windows.net","g120-prod-cbn04-001-sb.servicebus.windows.net","g121-prod-cbn04-001-sb.servicebus.windows.net","g122-prod-cbn04-001-sb.servicebus.windows.net","g123-prod-cbn04-001-sb.servicebus.windows.net","g124-prod-cbn04-001-sb.servicebus.windows.net","g125-prod-cbn04-001-sb.servicebus.windows.net","g126-prod-cbn04-001-sb.servicebus.windows.net","g127-prod-cbn04-001-sb.servicebus.windows.net"],"links":[],"versionStatus":"UpToDate","capabilities":{"serviceBusConnected":"True","httpsPortEnabled":"True","credentialInSync":"True","connectedToResourceManager":"True","nodeEnabled":"True","noEnoughDiskSpace":"False"},"pushedVersion":"5.8.7875.2","latestVersion":"5.9.7900.1","newerVersions":[],"osType":1,"targetFramework":0,"createTime":"2021-05-07T08:34:34.4255433Z"}}}'
    headers:
      cache-control:
      - no-cache
      content-length:
      - '7513'
      content-type:
      - application/json; charset=utf-8
      date:
      - Fri, 03 Sep 2021 08:38:08 GMT
      expires:
      - '-1'
      pragma:
      - no-cache
      server:
      - Microsoft-IIS/10.0
      - Microsoft-HTTPAPI/2.0
      strict-transport-security:
      - max-age=31536000; includeSubDomains
      transfer-encoding:
      - chunked
      vary:
      - Accept-Encoding
      x-content-type-options:
      - nosniff
      x-powered-by:
      - ASP.NET
    status:
      code: 200
      message: OK
version: 1
