interactions:
- request:
    body: '{"location": "eastus", "identity": {"type": "SystemAssigned"}, "properties":
      {"defaultDataLakeStorage": {"accountUrl": "https://adlsgen2000002.dfs.core.windows.net",
      "filesystem": "testfilesystem"}, "sqlAdministratorLoginPassword": "Pswd1000004",
      "sqlAdministratorLogin": "cliuser1", "managedVirtualNetwork": "default", "managedVirtualNetworkSettings":
      {"preventDataExfiltration": false}}}'
    headers:
      Accept:
      - application/json
      Accept-Encoding:
      - gzip, deflate
      CommandName:
      - synapse workspace create
      Connection:
      - keep-alive
      Content-Length:
      - '389'
      Content-Type:
      - application/json
      ParameterSetName:
      - --name --resource-group --storage-account --file-system --sql-admin-login-user
        --sql-admin-login-password --location --enable-managed-virtual-network
      User-Agent:
      - AZURECLI/2.36.0 azsdk-python-mgmt-synapse/2.1.0b2 Python/3.8.9 (Windows-10-10.0.19041-SP0)
    method: PUT
    uri: https://management.azure.com/subscriptions/00000000-0000-0000-0000-000000000000/resourceGroups/synapse-cli000001/providers/Microsoft.Synapse/workspaces/clitest000003?api-version=2021-06-01
  response:
    body:
      string: '{"properties":{"defaultDataLakeStorage":{"createManagedPrivateEndpoint":false,"accountUrl":"https://adlsgen2000002.dfs.core.windows.net","filesystem":"testfilesystem"},"encryption":{"doubleEncryptionEnabled":false},"provisioningState":"Provisioning","managedVirtualNetwork":"default","connectivityEndpoints":{"web":"https://web.azuresynapse.net?workspace=%2fsubscriptions%2f051ddeca-1ed6-4d8b-ba6f-1ff561e5f3b3%2fresourceGroups%2fsynapse-cli000001%2fproviders%2fMicrosoft.Synapse%2fworkspaces%2fclitest000003","dev":"https://clitest000003.dev.azuresynapse.net","sqlOnDemand":"clitest000003-ondemand.sql.azuresynapse.net","sql":"clitest000003.sql.azuresynapse.net"},"managedResourceGroupName":"synapseworkspace-managedrg-6df04906-7c90-4efb-803a-39dcb01e3c85","privateEndpointConnections":[],"workspaceUID":"7befe904-0581-4436-a80a-80e134720ab2","extraProperties":{"WorkspaceType":"Normal"},"managedVirtualNetworkSettings":{"preventDataExfiltration":false},"publicNetworkAccess":"Enabled","cspWorkspaceAdminProperties":{"initialWorkspaceAdminObjectId":"6a33200f-2b27-4fda-8567-b0c70d532441"},"trustedServiceBypassEnabled":false},"type":"Microsoft.Synapse/workspaces","id":"/subscriptions/00000000-0000-0000-0000-000000000000/resourceGroups/synapse-cli000001/providers/Microsoft.Synapse/workspaces/clitest000003","location":"eastus","name":"clitest000003","identity":{"type":"SystemAssigned","tenantId":"72f988bf-86f1-41af-91ab-2d7cd011db47","principalId":"5654364f-7869-40a6-8876-572e9c35867e"}}'
    headers:
      azure-asyncoperation:
      - https://management.azure.com/subscriptions/00000000-0000-0000-0000-000000000000/resourceGroups/synapse-cli000001/providers/Microsoft.Synapse/workspaces/clitest000003/operationStatuses/e80273bb-d64b-4cbe-924f-f29389f4caf3?api-version=2021-06-01
      cache-control:
      - no-cache
      content-length:
      - '1493'
      content-type:
      - application/json; charset=utf-8
      date:
      - Tue, 17 May 2022 12:37:27 GMT
      expires:
      - '-1'
      pragma:
      - no-cache
      server:
      - Microsoft-HTTPAPI/2.0
      strict-transport-security:
      - max-age=31536000; includeSubDomains
      x-content-type-options:
      - nosniff
      x-ms-ratelimit-remaining-subscription-writes:
      - '1199'
    status:
      code: 201
      message: Created
- request:
    body: null
    headers:
      Accept:
      - '*/*'
      Accept-Encoding:
      - gzip, deflate
      CommandName:
      - synapse workspace create
      Connection:
      - keep-alive
      ParameterSetName:
      - --name --resource-group --storage-account --file-system --sql-admin-login-user
        --sql-admin-login-password --location --enable-managed-virtual-network
      User-Agent:
      - AZURECLI/2.36.0 azsdk-python-mgmt-synapse/2.1.0b2 Python/3.8.9 (Windows-10-10.0.19041-SP0)
    method: GET
    uri: https://management.azure.com/subscriptions/00000000-0000-0000-0000-000000000000/resourceGroups/synapse-cli000001/providers/Microsoft.Synapse/workspaces/clitest000003/operationStatuses/e80273bb-d64b-4cbe-924f-f29389f4caf3?api-version=2021-06-01
  response:
    body:
      string: '{"status":"InProgress"}'
    headers:
      cache-control:
      - no-cache
      content-length:
      - '23'
      content-type:
      - application/json; charset=utf-8
      date:
      - Tue, 17 May 2022 12:37:57 GMT
      expires:
      - '-1'
      pragma:
      - no-cache
      server:
      - Microsoft-HTTPAPI/2.0
      strict-transport-security:
      - max-age=31536000; includeSubDomains
      transfer-encoding:
      - chunked
      vary:
      - Accept-Encoding
      x-content-type-options:
      - nosniff
    status:
      code: 200
      message: OK
- request:
    body: null
    headers:
      Accept:
      - '*/*'
      Accept-Encoding:
      - gzip, deflate
      CommandName:
      - synapse workspace create
      Connection:
      - keep-alive
      ParameterSetName:
      - --name --resource-group --storage-account --file-system --sql-admin-login-user
        --sql-admin-login-password --location --enable-managed-virtual-network
      User-Agent:
      - AZURECLI/2.36.0 azsdk-python-mgmt-synapse/2.1.0b2 Python/3.8.9 (Windows-10-10.0.19041-SP0)
    method: GET
    uri: https://management.azure.com/subscriptions/00000000-0000-0000-0000-000000000000/resourceGroups/synapse-cli000001/providers/Microsoft.Synapse/workspaces/clitest000003/operationStatuses/e80273bb-d64b-4cbe-924f-f29389f4caf3?api-version=2021-06-01
  response:
    body:
      string: '{"status":"InProgress"}'
    headers:
      cache-control:
      - no-cache
      content-length:
      - '23'
      content-type:
      - application/json; charset=utf-8
      date:
      - Tue, 17 May 2022 12:38:29 GMT
      expires:
      - '-1'
      pragma:
      - no-cache
      server:
      - Microsoft-HTTPAPI/2.0
      strict-transport-security:
      - max-age=31536000; includeSubDomains
      transfer-encoding:
      - chunked
      vary:
      - Accept-Encoding
      x-content-type-options:
      - nosniff
    status:
      code: 200
      message: OK
- request:
    body: null
    headers:
      Accept:
      - '*/*'
      Accept-Encoding:
      - gzip, deflate
      CommandName:
      - synapse workspace create
      Connection:
      - keep-alive
      ParameterSetName:
      - --name --resource-group --storage-account --file-system --sql-admin-login-user
        --sql-admin-login-password --location --enable-managed-virtual-network
      User-Agent:
      - AZURECLI/2.36.0 azsdk-python-mgmt-synapse/2.1.0b2 Python/3.8.9 (Windows-10-10.0.19041-SP0)
    method: GET
    uri: https://management.azure.com/subscriptions/00000000-0000-0000-0000-000000000000/resourceGroups/synapse-cli000001/providers/Microsoft.Synapse/workspaces/clitest000003/operationStatuses/e80273bb-d64b-4cbe-924f-f29389f4caf3?api-version=2021-06-01
  response:
    body:
      string: '{"status":"InProgress"}'
    headers:
      cache-control:
      - no-cache
      content-length:
      - '23'
      content-type:
      - application/json; charset=utf-8
      date:
      - Tue, 17 May 2022 12:38:59 GMT
      expires:
      - '-1'
      pragma:
      - no-cache
      server:
      - Microsoft-HTTPAPI/2.0
      strict-transport-security:
      - max-age=31536000; includeSubDomains
      transfer-encoding:
      - chunked
      vary:
      - Accept-Encoding
      x-content-type-options:
      - nosniff
    status:
      code: 200
      message: OK
- request:
    body: null
    headers:
      Accept:
      - '*/*'
      Accept-Encoding:
      - gzip, deflate
      CommandName:
      - synapse workspace create
      Connection:
      - keep-alive
      ParameterSetName:
      - --name --resource-group --storage-account --file-system --sql-admin-login-user
        --sql-admin-login-password --location --enable-managed-virtual-network
      User-Agent:
      - AZURECLI/2.36.0 azsdk-python-mgmt-synapse/2.1.0b2 Python/3.8.9 (Windows-10-10.0.19041-SP0)
    method: GET
    uri: https://management.azure.com/subscriptions/00000000-0000-0000-0000-000000000000/resourceGroups/synapse-cli000001/providers/Microsoft.Synapse/workspaces/clitest000003/operationStatuses/e80273bb-d64b-4cbe-924f-f29389f4caf3?api-version=2021-06-01
  response:
    body:
      string: '{"status":"InProgress"}'
    headers:
      cache-control:
      - no-cache
      content-length:
      - '23'
      content-type:
      - application/json; charset=utf-8
      date:
      - Tue, 17 May 2022 12:39:29 GMT
      expires:
      - '-1'
      pragma:
      - no-cache
      server:
      - Microsoft-HTTPAPI/2.0
      strict-transport-security:
      - max-age=31536000; includeSubDomains
      transfer-encoding:
      - chunked
      vary:
      - Accept-Encoding
      x-content-type-options:
      - nosniff
    status:
      code: 200
      message: OK
- request:
    body: null
    headers:
      Accept:
      - '*/*'
      Accept-Encoding:
      - gzip, deflate
      CommandName:
      - synapse workspace create
      Connection:
      - keep-alive
      ParameterSetName:
      - --name --resource-group --storage-account --file-system --sql-admin-login-user
        --sql-admin-login-password --location --enable-managed-virtual-network
      User-Agent:
      - AZURECLI/2.36.0 azsdk-python-mgmt-synapse/2.1.0b2 Python/3.8.9 (Windows-10-10.0.19041-SP0)
    method: GET
    uri: https://management.azure.com/subscriptions/00000000-0000-0000-0000-000000000000/resourceGroups/synapse-cli000001/providers/Microsoft.Synapse/workspaces/clitest000003/operationStatuses/e80273bb-d64b-4cbe-924f-f29389f4caf3?api-version=2021-06-01
  response:
    body:
      string: '{"status":"InProgress"}'
    headers:
      cache-control:
      - no-cache
      content-length:
      - '23'
      content-type:
      - application/json; charset=utf-8
      date:
      - Tue, 17 May 2022 12:40:01 GMT
      expires:
      - '-1'
      pragma:
      - no-cache
      server:
      - Microsoft-HTTPAPI/2.0
      strict-transport-security:
      - max-age=31536000; includeSubDomains
      transfer-encoding:
      - chunked
      vary:
      - Accept-Encoding
      x-content-type-options:
      - nosniff
    status:
      code: 200
      message: OK
- request:
    body: null
    headers:
      Accept:
      - '*/*'
      Accept-Encoding:
      - gzip, deflate
      CommandName:
      - synapse workspace create
      Connection:
      - keep-alive
      ParameterSetName:
      - --name --resource-group --storage-account --file-system --sql-admin-login-user
        --sql-admin-login-password --location --enable-managed-virtual-network
      User-Agent:
      - AZURECLI/2.36.0 azsdk-python-mgmt-synapse/2.1.0b2 Python/3.8.9 (Windows-10-10.0.19041-SP0)
    method: GET
    uri: https://management.azure.com/subscriptions/00000000-0000-0000-0000-000000000000/resourceGroups/synapse-cli000001/providers/Microsoft.Synapse/workspaces/clitest000003/operationStatuses/e80273bb-d64b-4cbe-924f-f29389f4caf3?api-version=2021-06-01
  response:
    body:
      string: '{"status":"InProgress"}'
    headers:
      cache-control:
      - no-cache
      content-length:
      - '23'
      content-type:
      - application/json; charset=utf-8
      date:
      - Tue, 17 May 2022 12:40:31 GMT
      expires:
      - '-1'
      pragma:
      - no-cache
      server:
      - Microsoft-HTTPAPI/2.0
      strict-transport-security:
      - max-age=31536000; includeSubDomains
      transfer-encoding:
      - chunked
      vary:
      - Accept-Encoding
      x-content-type-options:
      - nosniff
    status:
      code: 200
      message: OK
- request:
    body: null
    headers:
      Accept:
      - '*/*'
      Accept-Encoding:
      - gzip, deflate
      CommandName:
      - synapse workspace create
      Connection:
      - keep-alive
      ParameterSetName:
      - --name --resource-group --storage-account --file-system --sql-admin-login-user
        --sql-admin-login-password --location --enable-managed-virtual-network
      User-Agent:
      - AZURECLI/2.36.0 azsdk-python-mgmt-synapse/2.1.0b2 Python/3.8.9 (Windows-10-10.0.19041-SP0)
    method: GET
    uri: https://management.azure.com/subscriptions/00000000-0000-0000-0000-000000000000/resourceGroups/synapse-cli000001/providers/Microsoft.Synapse/workspaces/clitest000003/operationStatuses/e80273bb-d64b-4cbe-924f-f29389f4caf3?api-version=2021-06-01
  response:
    body:
      string: '{"status":"InProgress"}'
    headers:
      cache-control:
      - no-cache
      content-length:
      - '23'
      content-type:
      - application/json; charset=utf-8
      date:
      - Tue, 17 May 2022 12:41:02 GMT
      expires:
      - '-1'
      pragma:
      - no-cache
      server:
      - Microsoft-HTTPAPI/2.0
      strict-transport-security:
      - max-age=31536000; includeSubDomains
      transfer-encoding:
      - chunked
      vary:
      - Accept-Encoding
      x-content-type-options:
      - nosniff
    status:
      code: 200
      message: OK
- request:
    body: null
    headers:
      Accept:
      - '*/*'
      Accept-Encoding:
      - gzip, deflate
      CommandName:
      - synapse workspace create
      Connection:
      - keep-alive
      ParameterSetName:
      - --name --resource-group --storage-account --file-system --sql-admin-login-user
        --sql-admin-login-password --location --enable-managed-virtual-network
      User-Agent:
      - AZURECLI/2.36.0 azsdk-python-mgmt-synapse/2.1.0b2 Python/3.8.9 (Windows-10-10.0.19041-SP0)
    method: GET
    uri: https://management.azure.com/subscriptions/00000000-0000-0000-0000-000000000000/resourceGroups/synapse-cli000001/providers/Microsoft.Synapse/workspaces/clitest000003/operationStatuses/e80273bb-d64b-4cbe-924f-f29389f4caf3?api-version=2021-06-01
  response:
    body:
      string: '{"status":"InProgress"}'
    headers:
      cache-control:
      - no-cache
      content-length:
      - '23'
      content-type:
      - application/json; charset=utf-8
      date:
      - Tue, 17 May 2022 12:41:32 GMT
      expires:
      - '-1'
      pragma:
      - no-cache
      server:
      - Microsoft-HTTPAPI/2.0
      strict-transport-security:
      - max-age=31536000; includeSubDomains
      transfer-encoding:
      - chunked
      vary:
      - Accept-Encoding
      x-content-type-options:
      - nosniff
    status:
      code: 200
      message: OK
- request:
    body: null
    headers:
      Accept:
      - '*/*'
      Accept-Encoding:
      - gzip, deflate
      CommandName:
      - synapse workspace create
      Connection:
      - keep-alive
      ParameterSetName:
      - --name --resource-group --storage-account --file-system --sql-admin-login-user
        --sql-admin-login-password --location --enable-managed-virtual-network
      User-Agent:
      - AZURECLI/2.36.0 azsdk-python-mgmt-synapse/2.1.0b2 Python/3.8.9 (Windows-10-10.0.19041-SP0)
    method: GET
    uri: https://management.azure.com/subscriptions/00000000-0000-0000-0000-000000000000/resourceGroups/synapse-cli000001/providers/Microsoft.Synapse/workspaces/clitest000003/operationStatuses/e80273bb-d64b-4cbe-924f-f29389f4caf3?api-version=2021-06-01
  response:
    body:
      string: '{"status":"InProgress"}'
    headers:
      cache-control:
      - no-cache
      content-length:
      - '23'
      content-type:
      - application/json; charset=utf-8
      date:
      - Tue, 17 May 2022 12:42:03 GMT
      expires:
      - '-1'
      pragma:
      - no-cache
      server:
      - Microsoft-HTTPAPI/2.0
      strict-transport-security:
      - max-age=31536000; includeSubDomains
      transfer-encoding:
      - chunked
      vary:
      - Accept-Encoding
      x-content-type-options:
      - nosniff
    status:
      code: 200
      message: OK
- request:
    body: null
    headers:
      Accept:
      - '*/*'
      Accept-Encoding:
      - gzip, deflate
      CommandName:
      - synapse workspace create
      Connection:
      - keep-alive
      ParameterSetName:
      - --name --resource-group --storage-account --file-system --sql-admin-login-user
        --sql-admin-login-password --location --enable-managed-virtual-network
      User-Agent:
      - AZURECLI/2.36.0 azsdk-python-mgmt-synapse/2.1.0b2 Python/3.8.9 (Windows-10-10.0.19041-SP0)
    method: GET
    uri: https://management.azure.com/subscriptions/00000000-0000-0000-0000-000000000000/resourceGroups/synapse-cli000001/providers/Microsoft.Synapse/workspaces/clitest000003/operationStatuses/e80273bb-d64b-4cbe-924f-f29389f4caf3?api-version=2021-06-01
  response:
    body:
      string: '{"status":"InProgress"}'
    headers:
      cache-control:
      - no-cache
      content-length:
      - '23'
      content-type:
      - application/json; charset=utf-8
      date:
      - Tue, 17 May 2022 12:42:34 GMT
      expires:
      - '-1'
      pragma:
      - no-cache
      server:
      - Microsoft-HTTPAPI/2.0
      strict-transport-security:
      - max-age=31536000; includeSubDomains
      transfer-encoding:
      - chunked
      vary:
      - Accept-Encoding
      x-content-type-options:
      - nosniff
    status:
      code: 200
      message: OK
- request:
    body: null
    headers:
      Accept:
      - '*/*'
      Accept-Encoding:
      - gzip, deflate
      CommandName:
      - synapse workspace create
      Connection:
      - keep-alive
      ParameterSetName:
      - --name --resource-group --storage-account --file-system --sql-admin-login-user
        --sql-admin-login-password --location --enable-managed-virtual-network
      User-Agent:
      - AZURECLI/2.36.0 azsdk-python-mgmt-synapse/2.1.0b2 Python/3.8.9 (Windows-10-10.0.19041-SP0)
    method: GET
    uri: https://management.azure.com/subscriptions/00000000-0000-0000-0000-000000000000/resourceGroups/synapse-cli000001/providers/Microsoft.Synapse/workspaces/clitest000003/operationStatuses/e80273bb-d64b-4cbe-924f-f29389f4caf3?api-version=2021-06-01
  response:
    body:
      string: '{"status":"InProgress"}'
    headers:
      cache-control:
      - no-cache
      content-length:
      - '23'
      content-type:
      - application/json; charset=utf-8
      date:
      - Tue, 17 May 2022 12:43:04 GMT
      expires:
      - '-1'
      pragma:
      - no-cache
      server:
      - Microsoft-HTTPAPI/2.0
      strict-transport-security:
      - max-age=31536000; includeSubDomains
      transfer-encoding:
      - chunked
      vary:
      - Accept-Encoding
      x-content-type-options:
      - nosniff
    status:
      code: 200
      message: OK
- request:
    body: null
    headers:
      Accept:
      - '*/*'
      Accept-Encoding:
      - gzip, deflate
      CommandName:
      - synapse workspace create
      Connection:
      - keep-alive
      ParameterSetName:
      - --name --resource-group --storage-account --file-system --sql-admin-login-user
        --sql-admin-login-password --location --enable-managed-virtual-network
      User-Agent:
      - AZURECLI/2.36.0 azsdk-python-mgmt-synapse/2.1.0b2 Python/3.8.9 (Windows-10-10.0.19041-SP0)
    method: GET
    uri: https://management.azure.com/subscriptions/00000000-0000-0000-0000-000000000000/resourceGroups/synapse-cli000001/providers/Microsoft.Synapse/workspaces/clitest000003/operationStatuses/e80273bb-d64b-4cbe-924f-f29389f4caf3?api-version=2021-06-01
  response:
    body:
      string: '{"status":"InProgress"}'
    headers:
      cache-control:
      - no-cache
      content-length:
      - '23'
      content-type:
      - application/json; charset=utf-8
      date:
      - Tue, 17 May 2022 12:43:34 GMT
      expires:
      - '-1'
      pragma:
      - no-cache
      server:
      - Microsoft-HTTPAPI/2.0
      strict-transport-security:
      - max-age=31536000; includeSubDomains
      transfer-encoding:
      - chunked
      vary:
      - Accept-Encoding
      x-content-type-options:
      - nosniff
    status:
      code: 200
      message: OK
- request:
    body: null
    headers:
      Accept:
      - '*/*'
      Accept-Encoding:
      - gzip, deflate
      CommandName:
      - synapse workspace create
      Connection:
      - keep-alive
      ParameterSetName:
      - --name --resource-group --storage-account --file-system --sql-admin-login-user
        --sql-admin-login-password --location --enable-managed-virtual-network
      User-Agent:
      - AZURECLI/2.36.0 azsdk-python-mgmt-synapse/2.1.0b2 Python/3.8.9 (Windows-10-10.0.19041-SP0)
    method: GET
    uri: https://management.azure.com/subscriptions/00000000-0000-0000-0000-000000000000/resourceGroups/synapse-cli000001/providers/Microsoft.Synapse/workspaces/clitest000003/operationStatuses/e80273bb-d64b-4cbe-924f-f29389f4caf3?api-version=2021-06-01
  response:
    body:
      string: '{"status":"InProgress"}'
    headers:
      cache-control:
      - no-cache
      content-length:
      - '23'
      content-type:
      - application/json; charset=utf-8
      date:
      - Tue, 17 May 2022 12:44:05 GMT
      expires:
      - '-1'
      pragma:
      - no-cache
      server:
      - Microsoft-HTTPAPI/2.0
      strict-transport-security:
      - max-age=31536000; includeSubDomains
      transfer-encoding:
      - chunked
      vary:
      - Accept-Encoding
      x-content-type-options:
      - nosniff
    status:
      code: 200
      message: OK
- request:
    body: null
    headers:
      Accept:
      - '*/*'
      Accept-Encoding:
      - gzip, deflate
      CommandName:
      - synapse workspace create
      Connection:
      - keep-alive
      ParameterSetName:
      - --name --resource-group --storage-account --file-system --sql-admin-login-user
        --sql-admin-login-password --location --enable-managed-virtual-network
      User-Agent:
      - AZURECLI/2.36.0 azsdk-python-mgmt-synapse/2.1.0b2 Python/3.8.9 (Windows-10-10.0.19041-SP0)
    method: GET
    uri: https://management.azure.com/subscriptions/00000000-0000-0000-0000-000000000000/resourceGroups/synapse-cli000001/providers/Microsoft.Synapse/workspaces/clitest000003/operationStatuses/e80273bb-d64b-4cbe-924f-f29389f4caf3?api-version=2021-06-01
  response:
    body:
      string: '{"status":"InProgress"}'
    headers:
      cache-control:
      - no-cache
      content-length:
      - '23'
      content-type:
      - application/json; charset=utf-8
      date:
      - Tue, 17 May 2022 12:44:36 GMT
      expires:
      - '-1'
      pragma:
      - no-cache
      server:
      - Microsoft-HTTPAPI/2.0
      strict-transport-security:
      - max-age=31536000; includeSubDomains
      transfer-encoding:
      - chunked
      vary:
      - Accept-Encoding
      x-content-type-options:
      - nosniff
    status:
      code: 200
      message: OK
- request:
    body: null
    headers:
      Accept:
      - '*/*'
      Accept-Encoding:
      - gzip, deflate
      CommandName:
      - synapse workspace create
      Connection:
      - keep-alive
      ParameterSetName:
      - --name --resource-group --storage-account --file-system --sql-admin-login-user
        --sql-admin-login-password --location --enable-managed-virtual-network
      User-Agent:
      - AZURECLI/2.36.0 azsdk-python-mgmt-synapse/2.1.0b2 Python/3.8.9 (Windows-10-10.0.19041-SP0)
    method: GET
    uri: https://management.azure.com/subscriptions/00000000-0000-0000-0000-000000000000/resourceGroups/synapse-cli000001/providers/Microsoft.Synapse/workspaces/clitest000003/operationStatuses/e80273bb-d64b-4cbe-924f-f29389f4caf3?api-version=2021-06-01
  response:
    body:
      string: '{"status":"Succeeded"}'
    headers:
      cache-control:
      - no-cache
      content-length:
      - '22'
      content-type:
      - application/json; charset=utf-8
      date:
      - Tue, 17 May 2022 12:45:08 GMT
      expires:
      - '-1'
      pragma:
      - no-cache
      server:
      - Microsoft-HTTPAPI/2.0
      strict-transport-security:
      - max-age=31536000; includeSubDomains
      transfer-encoding:
      - chunked
      vary:
      - Accept-Encoding
      x-content-type-options:
      - nosniff
    status:
      code: 200
      message: OK
- request:
    body: null
    headers:
      Accept:
      - '*/*'
      Accept-Encoding:
      - gzip, deflate
      CommandName:
      - synapse workspace create
      Connection:
      - keep-alive
      ParameterSetName:
      - --name --resource-group --storage-account --file-system --sql-admin-login-user
        --sql-admin-login-password --location --enable-managed-virtual-network
      User-Agent:
      - AZURECLI/2.36.0 azsdk-python-mgmt-synapse/2.1.0b2 Python/3.8.9 (Windows-10-10.0.19041-SP0)
    method: GET
    uri: https://management.azure.com/subscriptions/00000000-0000-0000-0000-000000000000/resourceGroups/synapse-cli000001/providers/Microsoft.Synapse/workspaces/clitest000003?api-version=2021-06-01
  response:
    body:
      string: '{"properties":{"defaultDataLakeStorage":{"createManagedPrivateEndpoint":false,"accountUrl":"https://adlsgen2000002.dfs.core.windows.net","filesystem":"testfilesystem"},"encryption":{"doubleEncryptionEnabled":false},"provisioningState":"Succeeded","managedVirtualNetwork":"default","connectivityEndpoints":{"web":"https://web.azuresynapse.net?workspace=%2fsubscriptions%2f051ddeca-1ed6-4d8b-ba6f-1ff561e5f3b3%2fresourceGroups%2fsynapse-cli000001%2fproviders%2fMicrosoft.Synapse%2fworkspaces%2fclitest000003","dev":"https://clitest000003.dev.azuresynapse.net","sqlOnDemand":"clitest000003-ondemand.sql.azuresynapse.net","sql":"clitest000003.sql.azuresynapse.net"},"managedResourceGroupName":"synapseworkspace-managedrg-6df04906-7c90-4efb-803a-39dcb01e3c85","sqlAdministratorLogin":"cliuser1","privateEndpointConnections":[],"workspaceUID":"7befe904-0581-4436-a80a-80e134720ab2","extraProperties":{"WorkspaceType":"Normal","IsScopeEnabled":false},"managedVirtualNetworkSettings":{"preventDataExfiltration":false},"publicNetworkAccess":"Enabled","cspWorkspaceAdminProperties":{"initialWorkspaceAdminObjectId":"6a33200f-2b27-4fda-8567-b0c70d532441"},"trustedServiceBypassEnabled":false},"type":"Microsoft.Synapse/workspaces","id":"/subscriptions/00000000-0000-0000-0000-000000000000/resourceGroups/synapse-cli000001/providers/Microsoft.Synapse/workspaces/clitest000003","location":"eastus","name":"clitest000003","identity":{"type":"SystemAssigned","tenantId":"72f988bf-86f1-41af-91ab-2d7cd011db47","principalId":"5654364f-7869-40a6-8876-572e9c35867e"}}'
    headers:
      cache-control:
      - no-cache
      content-length:
      - '1548'
      content-type:
      - application/json; charset=utf-8
      date:
      - Tue, 17 May 2022 12:45:08 GMT
      expires:
      - '-1'
      pragma:
      - no-cache
      server:
      - Microsoft-HTTPAPI/2.0
      strict-transport-security:
      - max-age=31536000; includeSubDomains
      transfer-encoding:
      - chunked
      vary:
      - Accept-Encoding
      x-content-type-options:
      - nosniff
    status:
      code: 200
      message: OK
- request:
    body: '{"properties": {"endIpAddress": "255.255.255.255", "startIpAddress": "0.0.0.0"}}'
    headers:
      Accept:
      - application/json
      Accept-Encoding:
      - gzip, deflate
      CommandName:
      - synapse workspace firewall-rule create
      Connection:
      - keep-alive
      Content-Length:
      - '80'
      Content-Type:
      - application/json
      ParameterSetName:
      - --resource-group --name --workspace-name --start-ip-address --end-ip-address
      User-Agent:
      - AZURECLI/2.36.0 azsdk-python-mgmt-synapse/2.1.0b2 Python/3.8.9 (Windows-10-10.0.19041-SP0)
    method: PUT
    uri: https://management.azure.com/subscriptions/00000000-0000-0000-0000-000000000000/resourceGroups/synapse-cli000001/providers/Microsoft.Synapse/workspaces/clitest000003/firewallRules/allowAll?api-version=2021-06-01
  response:
    body:
      string: '{"properties":{"provisioningState":"Provisioning","startIpAddress":"0.0.0.0","endIpAddress":"255.255.255.255"},"id":"/subscriptions/00000000-0000-0000-0000-000000000000/resourceGroups/synapse-cli000001/providers/Microsoft.Synapse/workspaces/clitest000003/firewallRules/allowAll","name":"allowAll","type":"Microsoft.Synapse/workspaces/firewallRules"}'
    headers:
      access-control-allow-headers:
      - Location
      access-control-expose-headers:
      - Location
      azure-asyncoperation:
      - https://management.azure.com/subscriptions/00000000-0000-0000-0000-000000000000/resourceGroups/synapse-cli000001/providers/Microsoft.Synapse/workspaces/clitest000003/operationStatuses/ae5aefa8-ac66-40df-9ac9-bdbfc7059829?api-version=2021-06-01
      cache-control:
      - no-cache
      content-length:
      - '349'
      content-type:
      - application/json; charset=utf-8
      date:
      - Tue, 17 May 2022 12:45:12 GMT
      expires:
      - '-1'
      location:
      - https://management.azure.com/subscriptions/00000000-0000-0000-0000-000000000000/resourceGroups/synapse-cli000001/providers/Microsoft.Synapse/workspaces/clitest000003/operationResults/ae5aefa8-ac66-40df-9ac9-bdbfc7059829?api-version=2021-06-01
      pragma:
      - no-cache
      server:
      - Microsoft-HTTPAPI/2.0
      strict-transport-security:
      - max-age=31536000; includeSubDomains
      x-content-type-options:
      - nosniff
      x-ms-ratelimit-remaining-subscription-writes:
      - '1199'
    status:
      code: 201
      message: Created
- request:
    body: null
    headers:
      Accept:
      - '*/*'
      Accept-Encoding:
      - gzip, deflate
      CommandName:
      - synapse workspace firewall-rule create
      Connection:
      - keep-alive
      ParameterSetName:
      - --resource-group --name --workspace-name --start-ip-address --end-ip-address
      User-Agent:
      - AZURECLI/2.36.0 azsdk-python-mgmt-synapse/2.1.0b2 Python/3.8.9 (Windows-10-10.0.19041-SP0)
    method: GET
    uri: https://management.azure.com/subscriptions/00000000-0000-0000-0000-000000000000/resourceGroups/synapse-cli000001/providers/Microsoft.Synapse/workspaces/clitest000003/operationStatuses/ae5aefa8-ac66-40df-9ac9-bdbfc7059829?api-version=2021-06-01
  response:
    body:
      string: '{"status":"Succeeded"}'
    headers:
      cache-control:
      - no-cache
      content-length:
      - '22'
      content-type:
      - application/json; charset=utf-8
      date:
      - Tue, 17 May 2022 12:45:44 GMT
      expires:
      - '-1'
      pragma:
      - no-cache
      server:
      - Microsoft-HTTPAPI/2.0
      strict-transport-security:
      - max-age=31536000; includeSubDomains
      transfer-encoding:
      - chunked
      vary:
      - Accept-Encoding
      x-content-type-options:
      - nosniff
    status:
      code: 200
      message: OK
- request:
    body: null
    headers:
      Accept:
      - '*/*'
      Accept-Encoding:
      - gzip, deflate
      CommandName:
      - synapse workspace firewall-rule create
      Connection:
      - keep-alive
      ParameterSetName:
      - --resource-group --name --workspace-name --start-ip-address --end-ip-address
      User-Agent:
      - AZURECLI/2.36.0 azsdk-python-mgmt-synapse/2.1.0b2 Python/3.8.9 (Windows-10-10.0.19041-SP0)
    method: GET
    uri: https://management.azure.com/subscriptions/00000000-0000-0000-0000-000000000000/resourceGroups/synapse-cli000001/providers/Microsoft.Synapse/workspaces/clitest000003/operationResults/ae5aefa8-ac66-40df-9ac9-bdbfc7059829?api-version=2021-06-01
  response:
    body:
      string: '{"properties":{"provisioningState":"Succeeded","startIpAddress":"0.0.0.0","endIpAddress":"255.255.255.255"},"id":"/subscriptions/00000000-0000-0000-0000-000000000000/resourceGroups/synapse-cli000001/providers/Microsoft.Synapse/workspaces/clitest000003/firewallRules/allowAll","name":"allowAll","type":"Microsoft.Synapse/workspaces/firewallRules"}'
    headers:
      cache-control:
      - no-cache
      content-length:
      - '346'
      content-type:
      - application/json; charset=utf-8
      date:
      - Tue, 17 May 2022 12:45:45 GMT
      expires:
      - '-1'
      pragma:
      - no-cache
      server:
      - Microsoft-HTTPAPI/2.0
      strict-transport-security:
      - max-age=31536000; includeSubDomains
      transfer-encoding:
      - chunked
      vary:
      - Accept-Encoding
      x-content-type-options:
      - nosniff
    status:
      code: 200
      message: OK
- request:
    body: '{"properties": {"privateLinkResourceId": "/subscriptions/00000000-0000-0000-0000-000000000000/resourceGroups/test/providers/Microsoft.Storage/storageAccounts/test",
      "groupId": "dfs"}}'
    headers:
      Accept:
      - application/json
      Accept-Encoding:
      - gzip, deflate
      Connection:
      - keep-alive
      Content-Length:
      - '183'
      Content-Type:
      - application/json
      User-Agent:
      - azsdk-python-synapse-managedprivateendpoints/0.3.0 Python/3.8.9 (Windows-10-10.0.19041-SP0)
    method: PUT
    uri: https://clitest000003.dev.azuresynapse.net/managedVirtualNetworks/default/managedPrivateEndpoints/AzureDataLakeStoragePE?api-version=2019-06-01-preview
  response:
    body:
      string: '{"name":"AzureDataLakeStoragePE","id":"/subscriptions/00000000-0000-0000-0000-000000000000/resourceGroups/synapse-cli000001/providers/Microsoft.Synapse/workspaces/clitest000003/managedVirtualNetworks/default/managedPrivateEndpoints/AzureDataLakeStoragePE","type":"Microsoft.Synapse/workspaces/managedVirtualNetworks/managedPrivateEndpoints","properties":{"privateLinkResourceId":"/subscriptions/00000000-0000-0000-0000-000000000000/resourceGroups/test/providers/Microsoft.Storage/storageAccounts/test","groupId":"dfs","provisioningState":"Provisioning","connectionState":{},"isReserved":false,"fqdns":[],"isCompliant":false}}'
    headers:
      access-control-allow-headers:
      - Location
      access-control-expose-headers:
      - Location
      content-length:
      - '625'
      content-type:
      - application/json; charset=utf-8
      date:
      - Tue, 17 May 2022 12:46:46 GMT
      location:
      - https://clitest000003.dev.azuresynapse.net/managedVirtualNetworks/default/managedPrivateEndpoints/AzureDataLakeStoragePE?api-version=2019-06-01-preview
      server:
      - Microsoft-HTTPAPI/2.0
      strict-transport-security:
      - max-age=31536000; includeSubDomains
    status:
      code: 200
      message: OK
- request:
    body: null
    headers:
      Accept:
      - application/json
      Accept-Encoding:
      - gzip, deflate
      Connection:
      - keep-alive
      User-Agent:
      - azsdk-python-synapse-managedprivateendpoints/0.3.0 Python/3.8.9 (Windows-10-10.0.19041-SP0)
    method: GET
    uri: https://clitest000003.dev.azuresynapse.net/managedVirtualNetworks/default/managedPrivateEndpoints/AzureDataLakeStoragePE?api-version=2019-06-01-preview
  response:
    body:
      string: '{"error":{"code":"HttpWrapOperationAsyncFailed","message":"Newtonsoft.Json.JsonReaderException
        : Unexpected character encountered while parsing value: {. Path ''error'',
        line 1, position 81.\r\n   at Newtonsoft.Json.JsonTextReader.ReadStringValue(ReadType
        readType)\r\n   at Newtonsoft.Json.JsonTextReader.ReadAsString()\r\n   at
        Newtonsoft.Json.JsonReader.ReadForType(JsonContract contract, Boolean hasConverter)\r\n   at
        Newtonsoft.Json.Serialization.JsonSerializerInternalReader.PopulateObject(Object
        newObject, JsonReader reader, JsonObjectContract contract, JsonProperty member,
        String id)\r\n   at Newtonsoft.Json.Serialization.JsonSerializerInternalReader.CreateObject(JsonReader
        reader, Type objectType, JsonContract contract, JsonProperty member, JsonContainerContract
        containerContract, JsonProperty containerMember, Object existingValue)\r\n   at
        Newtonsoft.Json.Serialization.JsonSerializerInternalReader.Deserialize(JsonReader
        reader, Type objectType, Boolean checkAdditionalContent)\r\n   at Newtonsoft.Json.JsonSerializer.DeserializeInternal(JsonReader
        reader, Type objectType)\r\n   at System.Net.Http.Formatting.BaseJsonMediaTypeFormatter.ReadFromStream(Type
        type, Stream readStream, Encoding effectiveEncoding, IFormatterLogger formatterLogger)\r\n   at
        System.Net.Http.Formatting.BaseJsonMediaTypeFormatter.ReadFromStream(Type
        type, Stream readStream, HttpContent content, IFormatterLogger formatterLogger)\r\n   at
        System.Net.Http.Formatting.BaseJsonMediaTypeFormatter.ReadFromStreamAsync(Type
        type, Stream readStream, HttpContent content, IFormatterLogger formatterLogger)\r\n---
        End of stack trace from previous location where exception was thrown ---\r\n   at
        System.Runtime.ExceptionServices.ExceptionDispatchInfo.Throw()\r\n   at System.Runtime.CompilerServices.TaskAwaiter.HandleNonSuccessAndDebuggerNotification(Task
        task)\r\n   at System.Net.Http.HttpContentExtensions.<ReadAsAsyncCore>d__17`1.MoveNext()\r\n---
        End of stack trace from previous location where exception was thrown ---\r\n   at
        System.Runtime.ExceptionServices.ExceptionDispatchInfo.Throw()\r\n   at System.Runtime.CompilerServices.TaskAwaiter.HandleNonSuccessAndDebuggerNotification(Task
        task)\r\n   at Microsoft.Analytics.Common.Http.HttpApiResponse`1.<CreateAsync>d__2.MoveNext()
        in S:\\src\\common\\Microsoft.Analytics.Common\\Http\\HttpApiResponse.cs:line
        0\r\n--- End of stack trace from previous location where exception was thrown
        ---\r\n   at System.Runtime.ExceptionServices.ExceptionDispatchInfo.Throw()\r\n   at
        System.Runtime.CompilerServices.TaskAwaiter.HandleNonSuccessAndDebuggerNotification(Task
        task)\r\n   at Microsoft.Analytics.Common.NetworkManagementApi.Client.WorkspaceNetworkManagementApiClient.<GetPrivateEndpoint>d__16.MoveNext()
        in S:\\src\\common\\Microsoft.Analytics.Common\\NetworkManagementApi\\Client\\WorkspaceNetworkManagementApiClient.cs:line
        127\r\n--- End of stack trace from previous location where exception was thrown
        ---\r\n   at System.Runtime.ExceptionServices.ExceptionDispatchInfo.Throw()\r\n   at
        System.Runtime.CompilerServices.TaskAwaiter.HandleNonSuccessAndDebuggerNotification(Task
        task)\r\n   at Microsoft.Analytics.Common.ManagedPrivateEndpoints.ManagedPrivateEndpointControllerImpl.<GetManagedPrivateEndpoint>d__6.MoveNext()
        in S:\\src\\common\\Microsoft.Analytics.Common\\ManagedPrivateEndpoints\\ManagedPrivateEndpointControllerImpl.cs:line
        106\r\n--- End of stack trace from previous location where exception was thrown
        ---\r\n   at System.Runtime.ExceptionServices.ExceptionDispatchInfo.Throw()\r\n   at
        System.Runtime.CompilerServices.TaskAwaiter.HandleNonSuccessAndDebuggerNotification(Task
        task)\r\n   at Microsoft.Analytics.WorkspaceApiSvc.Controllers.ManagedPrivateEndpointController.<>c__DisplayClass5_0.<<GetManagedPrivateEndpoint>b__0>d.MoveNext()
        in S:\\src\\services\\workspace\\Microsoft.Analytics.WorkspaceApiSvc\\Controllers\\ManagedPrivateEndpointController.cs:line
        65\r\n--- End of stack trace from previous location where exception was thrown
        ---\r\n   at System.Runtime.ExceptionServices.ExceptionDispatchInfo.Throw()\r\n   at
        System.Runtime.CompilerServices.TaskAwaiter.HandleNonSuccessAndDebuggerNotification(Task
        task)\r\n   at Microsoft.Analytics.WorkspaceApiSvc.Controllers.WorkspaceApiBaseController.<>c__DisplayClass16_0.<<HttpWrapOperationAsync>b__0>d.MoveNext()
        in S:\\src\\services\\workspace\\Microsoft.Analytics.WorkspaceApiSvc\\Controllers\\WorkspaceApiBaseController.cs:line
        123\r\n--- End of stack trace from previous location where exception was thrown
        ---\r\n   at System.Runtime.ExceptionServices.ExceptionDispatchInfo.Throw()\r\n   at
        System.Runtime.CompilerServices.TaskAwaiter.HandleNonSuccessAndDebuggerNotification(Task
        task)\r\n   at Microsoft.Analytics.Common.Http.BaseController.<HttpWrapOperationAsync>d__4.MoveNext()
        in S:\\src\\common\\Microsoft.Analytics.Common\\Http\\BaseController.cs:line
        41"}}'
    headers:
      content-length:
      - '4893'
      content-type:
      - application/json; charset=utf-8
      date:
      - Tue, 17 May 2022 12:48:18 GMT
      server:
      - Microsoft-HTTPAPI/2.0
      strict-transport-security:
      - max-age=31536000; includeSubDomains
      x-ms-failure-cause:
      - gateway
    status:
      code: 500
      message: Internal Server Error
- request:
    body: null
    headers:
      Accept:
      - application/json
      Accept-Encoding:
      - gzip, deflate
      Connection:
      - keep-alive
      User-Agent:
      - azsdk-python-synapse-managedprivateendpoints/0.3.0 Python/3.8.9 (Windows-10-10.0.19041-SP0)
    method: GET
    uri: https://clitest000003.dev.azuresynapse.net/managedVirtualNetworks/default/managedPrivateEndpoints/AzureDataLakeStoragePE?api-version=2019-06-01-preview
  response:
    body:
      string: '{"error":{"code":"HttpWrapOperationAsyncFailed","message":"Newtonsoft.Json.JsonReaderException
        : Unexpected character encountered while parsing value: {. Path ''error'',
        line 1, position 81.\r\n   at Newtonsoft.Json.JsonTextReader.ReadStringValue(ReadType
        readType)\r\n   at Newtonsoft.Json.JsonTextReader.ReadAsString()\r\n   at
        Newtonsoft.Json.JsonReader.ReadForType(JsonContract contract, Boolean hasConverter)\r\n   at
        Newtonsoft.Json.Serialization.JsonSerializerInternalReader.PopulateObject(Object
        newObject, JsonReader reader, JsonObjectContract contract, JsonProperty member,
        String id)\r\n   at Newtonsoft.Json.Serialization.JsonSerializerInternalReader.CreateObject(JsonReader
        reader, Type objectType, JsonContract contract, JsonProperty member, JsonContainerContract
        containerContract, JsonProperty containerMember, Object existingValue)\r\n   at
        Newtonsoft.Json.Serialization.JsonSerializerInternalReader.Deserialize(JsonReader
        reader, Type objectType, Boolean checkAdditionalContent)\r\n   at Newtonsoft.Json.JsonSerializer.DeserializeInternal(JsonReader
        reader, Type objectType)\r\n   at System.Net.Http.Formatting.BaseJsonMediaTypeFormatter.ReadFromStream(Type
        type, Stream readStream, Encoding effectiveEncoding, IFormatterLogger formatterLogger)\r\n   at
        System.Net.Http.Formatting.BaseJsonMediaTypeFormatter.ReadFromStream(Type
        type, Stream readStream, HttpContent content, IFormatterLogger formatterLogger)\r\n   at
        System.Net.Http.Formatting.BaseJsonMediaTypeFormatter.ReadFromStreamAsync(Type
        type, Stream readStream, HttpContent content, IFormatterLogger formatterLogger)\r\n---
        End of stack trace from previous location where exception was thrown ---\r\n   at
        System.Runtime.ExceptionServices.ExceptionDispatchInfo.Throw()\r\n   at System.Runtime.CompilerServices.TaskAwaiter.HandleNonSuccessAndDebuggerNotification(Task
        task)\r\n   at System.Net.Http.HttpContentExtensions.<ReadAsAsyncCore>d__17`1.MoveNext()\r\n---
        End of stack trace from previous location where exception was thrown ---\r\n   at
        System.Runtime.ExceptionServices.ExceptionDispatchInfo.Throw()\r\n   at System.Runtime.CompilerServices.TaskAwaiter.HandleNonSuccessAndDebuggerNotification(Task
        task)\r\n   at Microsoft.Analytics.Common.Http.HttpApiResponse`1.<CreateAsync>d__2.MoveNext()
        in S:\\src\\common\\Microsoft.Analytics.Common\\Http\\HttpApiResponse.cs:line
        0\r\n--- End of stack trace from previous location where exception was thrown
        ---\r\n   at System.Runtime.ExceptionServices.ExceptionDispatchInfo.Throw()\r\n   at
        System.Runtime.CompilerServices.TaskAwaiter.HandleNonSuccessAndDebuggerNotification(Task
        task)\r\n   at Microsoft.Analytics.Common.NetworkManagementApi.Client.WorkspaceNetworkManagementApiClient.<GetPrivateEndpoint>d__16.MoveNext()
        in S:\\src\\common\\Microsoft.Analytics.Common\\NetworkManagementApi\\Client\\WorkspaceNetworkManagementApiClient.cs:line
        127\r\n--- End of stack trace from previous location where exception was thrown
        ---\r\n   at System.Runtime.ExceptionServices.ExceptionDispatchInfo.Throw()\r\n   at
        System.Runtime.CompilerServices.TaskAwaiter.HandleNonSuccessAndDebuggerNotification(Task
        task)\r\n   at Microsoft.Analytics.Common.ManagedPrivateEndpoints.ManagedPrivateEndpointControllerImpl.<GetManagedPrivateEndpoint>d__6.MoveNext()
        in S:\\src\\common\\Microsoft.Analytics.Common\\ManagedPrivateEndpoints\\ManagedPrivateEndpointControllerImpl.cs:line
        106\r\n--- End of stack trace from previous location where exception was thrown
        ---\r\n   at System.Runtime.ExceptionServices.ExceptionDispatchInfo.Throw()\r\n   at
        System.Runtime.CompilerServices.TaskAwaiter.HandleNonSuccessAndDebuggerNotification(Task
        task)\r\n   at Microsoft.Analytics.WorkspaceApiSvc.Controllers.ManagedPrivateEndpointController.<>c__DisplayClass5_0.<<GetManagedPrivateEndpoint>b__0>d.MoveNext()
        in S:\\src\\services\\workspace\\Microsoft.Analytics.WorkspaceApiSvc\\Controllers\\ManagedPrivateEndpointController.cs:line
        65\r\n--- End of stack trace from previous location where exception was thrown
        ---\r\n   at System.Runtime.ExceptionServices.ExceptionDispatchInfo.Throw()\r\n   at
        System.Runtime.CompilerServices.TaskAwaiter.HandleNonSuccessAndDebuggerNotification(Task
        task)\r\n   at Microsoft.Analytics.WorkspaceApiSvc.Controllers.WorkspaceApiBaseController.<>c__DisplayClass16_0.<<HttpWrapOperationAsync>b__0>d.MoveNext()
        in S:\\src\\services\\workspace\\Microsoft.Analytics.WorkspaceApiSvc\\Controllers\\WorkspaceApiBaseController.cs:line
        123\r\n--- End of stack trace from previous location where exception was thrown
        ---\r\n   at System.Runtime.ExceptionServices.ExceptionDispatchInfo.Throw()\r\n   at
        System.Runtime.CompilerServices.TaskAwaiter.HandleNonSuccessAndDebuggerNotification(Task
        task)\r\n   at Microsoft.Analytics.Common.Http.BaseController.<HttpWrapOperationAsync>d__4.MoveNext()
        in S:\\src\\common\\Microsoft.Analytics.Common\\Http\\BaseController.cs:line
        41"}}'
    headers:
      content-length:
      - '4893'
      content-type:
      - application/json; charset=utf-8
      date:
      - Tue, 17 May 2022 12:48:18 GMT
      server:
      - Microsoft-HTTPAPI/2.0
      strict-transport-security:
      - max-age=31536000; includeSubDomains
      x-ms-failure-cause:
      - gateway
    status:
      code: 500
      message: Internal Server Error
- request:
    body: null
    headers:
      Accept:
      - application/json
      Accept-Encoding:
      - gzip, deflate
      Connection:
      - keep-alive
      User-Agent:
      - azsdk-python-synapse-managedprivateendpoints/0.3.0 Python/3.8.9 (Windows-10-10.0.19041-SP0)
    method: GET
    uri: https://clitest000003.dev.azuresynapse.net/managedVirtualNetworks/default/managedPrivateEndpoints/AzureDataLakeStoragePE?api-version=2019-06-01-preview
  response:
    body:
      string: '{"error":{"code":"HttpWrapOperationAsyncFailed","message":"Newtonsoft.Json.JsonReaderException
        : Unexpected character encountered while parsing value: {. Path ''error'',
        line 1, position 81.\r\n   at Newtonsoft.Json.JsonTextReader.ReadStringValue(ReadType
        readType)\r\n   at Newtonsoft.Json.JsonTextReader.ReadAsString()\r\n   at
        Newtonsoft.Json.JsonReader.ReadForType(JsonContract contract, Boolean hasConverter)\r\n   at
        Newtonsoft.Json.Serialization.JsonSerializerInternalReader.PopulateObject(Object
        newObject, JsonReader reader, JsonObjectContract contract, JsonProperty member,
        String id)\r\n   at Newtonsoft.Json.Serialization.JsonSerializerInternalReader.CreateObject(JsonReader
        reader, Type objectType, JsonContract contract, JsonProperty member, JsonContainerContract
        containerContract, JsonProperty containerMember, Object existingValue)\r\n   at
        Newtonsoft.Json.Serialization.JsonSerializerInternalReader.Deserialize(JsonReader
        reader, Type objectType, Boolean checkAdditionalContent)\r\n   at Newtonsoft.Json.JsonSerializer.DeserializeInternal(JsonReader
        reader, Type objectType)\r\n   at System.Net.Http.Formatting.BaseJsonMediaTypeFormatter.ReadFromStream(Type
        type, Stream readStream, Encoding effectiveEncoding, IFormatterLogger formatterLogger)\r\n   at
        System.Net.Http.Formatting.BaseJsonMediaTypeFormatter.ReadFromStream(Type
        type, Stream readStream, HttpContent content, IFormatterLogger formatterLogger)\r\n   at
        System.Net.Http.Formatting.BaseJsonMediaTypeFormatter.ReadFromStreamAsync(Type
        type, Stream readStream, HttpContent content, IFormatterLogger formatterLogger)\r\n---
        End of stack trace from previous location where exception was thrown ---\r\n   at
        System.Runtime.ExceptionServices.ExceptionDispatchInfo.Throw()\r\n   at System.Runtime.CompilerServices.TaskAwaiter.HandleNonSuccessAndDebuggerNotification(Task
        task)\r\n   at System.Net.Http.HttpContentExtensions.<ReadAsAsyncCore>d__17`1.MoveNext()\r\n---
        End of stack trace from previous location where exception was thrown ---\r\n   at
        System.Runtime.ExceptionServices.ExceptionDispatchInfo.Throw()\r\n   at System.Runtime.CompilerServices.TaskAwaiter.HandleNonSuccessAndDebuggerNotification(Task
        task)\r\n   at Microsoft.Analytics.Common.Http.HttpApiResponse`1.<CreateAsync>d__2.MoveNext()
        in S:\\src\\common\\Microsoft.Analytics.Common\\Http\\HttpApiResponse.cs:line
        0\r\n--- End of stack trace from previous location where exception was thrown
        ---\r\n   at System.Runtime.ExceptionServices.ExceptionDispatchInfo.Throw()\r\n   at
        System.Runtime.CompilerServices.TaskAwaiter.HandleNonSuccessAndDebuggerNotification(Task
        task)\r\n   at Microsoft.Analytics.Common.NetworkManagementApi.Client.WorkspaceNetworkManagementApiClient.<GetPrivateEndpoint>d__16.MoveNext()
        in S:\\src\\common\\Microsoft.Analytics.Common\\NetworkManagementApi\\Client\\WorkspaceNetworkManagementApiClient.cs:line
        127\r\n--- End of stack trace from previous location where exception was thrown
        ---\r\n   at System.Runtime.ExceptionServices.ExceptionDispatchInfo.Throw()\r\n   at
        System.Runtime.CompilerServices.TaskAwaiter.HandleNonSuccessAndDebuggerNotification(Task
        task)\r\n   at Microsoft.Analytics.Common.ManagedPrivateEndpoints.ManagedPrivateEndpointControllerImpl.<GetManagedPrivateEndpoint>d__6.MoveNext()
        in S:\\src\\common\\Microsoft.Analytics.Common\\ManagedPrivateEndpoints\\ManagedPrivateEndpointControllerImpl.cs:line
        106\r\n--- End of stack trace from previous location where exception was thrown
        ---\r\n   at System.Runtime.ExceptionServices.ExceptionDispatchInfo.Throw()\r\n   at
        System.Runtime.CompilerServices.TaskAwaiter.HandleNonSuccessAndDebuggerNotification(Task
        task)\r\n   at Microsoft.Analytics.WorkspaceApiSvc.Controllers.ManagedPrivateEndpointController.<>c__DisplayClass5_0.<<GetManagedPrivateEndpoint>b__0>d.MoveNext()
        in S:\\src\\services\\workspace\\Microsoft.Analytics.WorkspaceApiSvc\\Controllers\\ManagedPrivateEndpointController.cs:line
        65\r\n--- End of stack trace from previous location where exception was thrown
        ---\r\n   at System.Runtime.ExceptionServices.ExceptionDispatchInfo.Throw()\r\n   at
        System.Runtime.CompilerServices.TaskAwaiter.HandleNonSuccessAndDebuggerNotification(Task
        task)\r\n   at Microsoft.Analytics.WorkspaceApiSvc.Controllers.WorkspaceApiBaseController.<>c__DisplayClass16_0.<<HttpWrapOperationAsync>b__0>d.MoveNext()
        in S:\\src\\services\\workspace\\Microsoft.Analytics.WorkspaceApiSvc\\Controllers\\WorkspaceApiBaseController.cs:line
        123\r\n--- End of stack trace from previous location where exception was thrown
        ---\r\n   at System.Runtime.ExceptionServices.ExceptionDispatchInfo.Throw()\r\n   at
        System.Runtime.CompilerServices.TaskAwaiter.HandleNonSuccessAndDebuggerNotification(Task
        task)\r\n   at Microsoft.Analytics.Common.Http.BaseController.<HttpWrapOperationAsync>d__4.MoveNext()
        in S:\\src\\common\\Microsoft.Analytics.Common\\Http\\BaseController.cs:line
        41"}}'
    headers:
      content-length:
      - '4893'
      content-type:
      - application/json; charset=utf-8
      date:
      - Tue, 17 May 2022 12:48:21 GMT
      server:
      - Microsoft-HTTPAPI/2.0
      strict-transport-security:
      - max-age=31536000; includeSubDomains
      x-ms-failure-cause:
      - gateway
    status:
      code: 500
      message: Internal Server Error
- request:
    body: null
    headers:
      Accept:
      - application/json
      Accept-Encoding:
      - gzip, deflate
      Connection:
      - keep-alive
      User-Agent:
      - azsdk-python-synapse-managedprivateendpoints/0.3.0 Python/3.8.9 (Windows-10-10.0.19041-SP0)
    method: GET
    uri: https://clitest000003.dev.azuresynapse.net/managedVirtualNetworks/default/managedPrivateEndpoints/AzureDataLakeStoragePE?api-version=2019-06-01-preview
  response:
    body:
      string: '{"error":{"code":"HttpWrapOperationAsyncFailed","message":"Newtonsoft.Json.JsonReaderException
        : Unexpected character encountered while parsing value: {. Path ''error'',
        line 1, position 81.\r\n   at Newtonsoft.Json.JsonTextReader.ReadStringValue(ReadType
        readType)\r\n   at Newtonsoft.Json.JsonTextReader.ReadAsString()\r\n   at
        Newtonsoft.Json.JsonReader.ReadForType(JsonContract contract, Boolean hasConverter)\r\n   at
        Newtonsoft.Json.Serialization.JsonSerializerInternalReader.PopulateObject(Object
        newObject, JsonReader reader, JsonObjectContract contract, JsonProperty member,
        String id)\r\n   at Newtonsoft.Json.Serialization.JsonSerializerInternalReader.CreateObject(JsonReader
        reader, Type objectType, JsonContract contract, JsonProperty member, JsonContainerContract
        containerContract, JsonProperty containerMember, Object existingValue)\r\n   at
        Newtonsoft.Json.Serialization.JsonSerializerInternalReader.Deserialize(JsonReader
        reader, Type objectType, Boolean checkAdditionalContent)\r\n   at Newtonsoft.Json.JsonSerializer.DeserializeInternal(JsonReader
        reader, Type objectType)\r\n   at System.Net.Http.Formatting.BaseJsonMediaTypeFormatter.ReadFromStream(Type
        type, Stream readStream, Encoding effectiveEncoding, IFormatterLogger formatterLogger)\r\n   at
        System.Net.Http.Formatting.BaseJsonMediaTypeFormatter.ReadFromStream(Type
        type, Stream readStream, HttpContent content, IFormatterLogger formatterLogger)\r\n   at
        System.Net.Http.Formatting.BaseJsonMediaTypeFormatter.ReadFromStreamAsync(Type
        type, Stream readStream, HttpContent content, IFormatterLogger formatterLogger)\r\n---
        End of stack trace from previous location where exception was thrown ---\r\n   at
        System.Runtime.ExceptionServices.ExceptionDispatchInfo.Throw()\r\n   at System.Runtime.CompilerServices.TaskAwaiter.HandleNonSuccessAndDebuggerNotification(Task
        task)\r\n   at System.Net.Http.HttpContentExtensions.<ReadAsAsyncCore>d__17`1.MoveNext()\r\n---
        End of stack trace from previous location where exception was thrown ---\r\n   at
        System.Runtime.ExceptionServices.ExceptionDispatchInfo.Throw()\r\n   at System.Runtime.CompilerServices.TaskAwaiter.HandleNonSuccessAndDebuggerNotification(Task
        task)\r\n   at Microsoft.Analytics.Common.Http.HttpApiResponse`1.<CreateAsync>d__2.MoveNext()
        in S:\\src\\common\\Microsoft.Analytics.Common\\Http\\HttpApiResponse.cs:line
        0\r\n--- End of stack trace from previous location where exception was thrown
        ---\r\n   at System.Runtime.ExceptionServices.ExceptionDispatchInfo.Throw()\r\n   at
        System.Runtime.CompilerServices.TaskAwaiter.HandleNonSuccessAndDebuggerNotification(Task
        task)\r\n   at Microsoft.Analytics.Common.NetworkManagementApi.Client.WorkspaceNetworkManagementApiClient.<GetPrivateEndpoint>d__16.MoveNext()
        in S:\\src\\common\\Microsoft.Analytics.Common\\NetworkManagementApi\\Client\\WorkspaceNetworkManagementApiClient.cs:line
        127\r\n--- End of stack trace from previous location where exception was thrown
        ---\r\n   at System.Runtime.ExceptionServices.ExceptionDispatchInfo.Throw()\r\n   at
        System.Runtime.CompilerServices.TaskAwaiter.HandleNonSuccessAndDebuggerNotification(Task
        task)\r\n   at Microsoft.Analytics.Common.ManagedPrivateEndpoints.ManagedPrivateEndpointControllerImpl.<GetManagedPrivateEndpoint>d__6.MoveNext()
        in S:\\src\\common\\Microsoft.Analytics.Common\\ManagedPrivateEndpoints\\ManagedPrivateEndpointControllerImpl.cs:line
        106\r\n--- End of stack trace from previous location where exception was thrown
        ---\r\n   at System.Runtime.ExceptionServices.ExceptionDispatchInfo.Throw()\r\n   at
        System.Runtime.CompilerServices.TaskAwaiter.HandleNonSuccessAndDebuggerNotification(Task
        task)\r\n   at Microsoft.Analytics.WorkspaceApiSvc.Controllers.ManagedPrivateEndpointController.<>c__DisplayClass5_0.<<GetManagedPrivateEndpoint>b__0>d.MoveNext()
        in S:\\src\\services\\workspace\\Microsoft.Analytics.WorkspaceApiSvc\\Controllers\\ManagedPrivateEndpointController.cs:line
        65\r\n--- End of stack trace from previous location where exception was thrown
        ---\r\n   at System.Runtime.ExceptionServices.ExceptionDispatchInfo.Throw()\r\n   at
        System.Runtime.CompilerServices.TaskAwaiter.HandleNonSuccessAndDebuggerNotification(Task
        task)\r\n   at Microsoft.Analytics.WorkspaceApiSvc.Controllers.WorkspaceApiBaseController.<>c__DisplayClass16_0.<<HttpWrapOperationAsync>b__0>d.MoveNext()
        in S:\\src\\services\\workspace\\Microsoft.Analytics.WorkspaceApiSvc\\Controllers\\WorkspaceApiBaseController.cs:line
        123\r\n--- End of stack trace from previous location where exception was thrown
        ---\r\n   at System.Runtime.ExceptionServices.ExceptionDispatchInfo.Throw()\r\n   at
        System.Runtime.CompilerServices.TaskAwaiter.HandleNonSuccessAndDebuggerNotification(Task
        task)\r\n   at Microsoft.Analytics.Common.Http.BaseController.<HttpWrapOperationAsync>d__4.MoveNext()
        in S:\\src\\common\\Microsoft.Analytics.Common\\Http\\BaseController.cs:line
        41"}}'
    headers:
      content-length:
      - '4893'
      content-type:
      - application/json; charset=utf-8
      date:
      - Tue, 17 May 2022 12:48:24 GMT
      server:
      - Microsoft-HTTPAPI/2.0
      strict-transport-security:
      - max-age=31536000; includeSubDomains
      x-ms-failure-cause:
      - gateway
    status:
      code: 500
      message: Internal Server Error
version: 1
