interactions:
- request:
    body: '{"location": "eastus", "identity": {"type": "SystemAssigned"}, "properties":
      {"defaultDataLakeStorage": {"accountUrl": "https://adlsgen2000002.dfs.core.windows.net",
      "filesystem": "testfilesystem"}, "sqlAdministratorLoginPassword": "Pswd1000004",
      "sqlAdministratorLogin": "cliuser1"}}'
    headers:
      Accept:
      - application/json
      Accept-Encoding:
      - gzip, deflate
      CommandName:
      - synapse workspace create
      Connection:
      - keep-alive
      Content-Length:
      - '291'
      Content-Type:
      - application/json
      ParameterSetName:
      - --name --resource-group --storage-account --file-system --sql-admin-login-user
        --sql-admin-login-password --location
      User-Agent:
      - AZURECLI/2.30.0 azsdk-python-mgmt-synapse/2.1.0b2 Python/3.8.10 (Windows-10-10.0.19043-SP0)
    method: PUT
    uri: https://management.azure.com/subscriptions/00000000-0000-0000-0000-000000000000/resourceGroups/synapse-cli000001/providers/Microsoft.Synapse/workspaces/clitest000003?api-version=2021-06-01
  response:
    body:
      string: '{"properties":{"defaultDataLakeStorage":{"accountUrl":"https://adlsgen2000002.dfs.core.windows.net","filesystem":"testfilesystem"},"encryption":{"doubleEncryptionEnabled":false},"provisioningState":"Provisioning","connectivityEndpoints":{"web":"https://web.azuresynapse.net?workspace=%2fsubscriptions%2f051ddeca-1ed6-4d8b-ba6f-1ff561e5f3b3%2fresourceGroups%2fsynapse-cli000001%2fproviders%2fMicrosoft.Synapse%2fworkspaces%2fclitest000003","dev":"https://clitest000003.dev.azuresynapse.net","sqlOnDemand":"clitest000003-ondemand.sql.azuresynapse.net","sql":"clitest000003.sql.azuresynapse.net"},"managedResourceGroupName":"synapseworkspace-managedrg-e528b08a-62b3-4b09-9d6a-4defc7597f2b","privateEndpointConnections":[],"workspaceUID":"689e341f-918c-4c1b-911d-53dfe7cbe07b","extraProperties":{"WorkspaceType":"Normal"},"publicNetworkAccess":"Enabled","cspWorkspaceAdminProperties":{"initialWorkspaceAdminObjectId":"6a33200f-2b27-4fda-8567-b0c70d532441"},"trustedServiceBypassEnabled":false},"type":"Microsoft.Synapse/workspaces","id":"/subscriptions/00000000-0000-0000-0000-000000000000/resourceGroups/synapse-cli000001/providers/Microsoft.Synapse/workspaces/clitest000003","location":"eastus","name":"clitest000003","identity":{"type":"SystemAssigned","tenantId":"72f988bf-86f1-41af-91ab-2d7cd011db47","principalId":"e6c0469e-9e19-429b-b62a-998e30a8b341"}}'
    headers:
      azure-asyncoperation:
      - https://management.azure.com/subscriptions/00000000-0000-0000-0000-000000000000/resourceGroups/synapse-cli000001/providers/Microsoft.Synapse/workspaces/clitest000003/operationStatuses/07a4feba-c473-43fa-893c-c65baf66ab27?api-version=2021-06-01
      cache-control:
      - no-cache
      content-length:
      - '1374'
      content-type:
      - application/json; charset=utf-8
      date:
      - Tue, 09 Nov 2021 08:10:21 GMT
      expires:
      - '-1'
      pragma:
      - no-cache
      server:
      - Microsoft-HTTPAPI/2.0
      strict-transport-security:
      - max-age=31536000; includeSubDomains
      x-content-type-options:
      - nosniff
      x-ms-ratelimit-remaining-subscription-writes:
      - '1199'
    status:
      code: 201
      message: Created
- request:
    body: null
    headers:
      Accept:
      - '*/*'
      Accept-Encoding:
      - gzip, deflate
      CommandName:
      - synapse workspace create
      Connection:
      - keep-alive
      ParameterSetName:
      - --name --resource-group --storage-account --file-system --sql-admin-login-user
        --sql-admin-login-password --location
      User-Agent:
      - AZURECLI/2.30.0 azsdk-python-mgmt-synapse/2.1.0b2 Python/3.8.10 (Windows-10-10.0.19043-SP0)
    method: GET
    uri: https://management.azure.com/subscriptions/00000000-0000-0000-0000-000000000000/resourceGroups/synapse-cli000001/providers/Microsoft.Synapse/workspaces/clitest000003/operationStatuses/07a4feba-c473-43fa-893c-c65baf66ab27?api-version=2021-06-01
  response:
    body:
      string: '{"status":"InProgress"}'
    headers:
      cache-control:
      - no-cache
      content-length:
      - '23'
      content-type:
      - application/json; charset=utf-8
      date:
      - Tue, 09 Nov 2021 08:10:52 GMT
      expires:
      - '-1'
      pragma:
      - no-cache
      server:
      - Microsoft-HTTPAPI/2.0
      strict-transport-security:
      - max-age=31536000; includeSubDomains
      transfer-encoding:
      - chunked
      vary:
      - Accept-Encoding
      x-content-type-options:
      - nosniff
    status:
      code: 200
      message: OK
- request:
    body: null
    headers:
      Accept:
      - '*/*'
      Accept-Encoding:
      - gzip, deflate
      CommandName:
      - synapse workspace create
      Connection:
      - keep-alive
      ParameterSetName:
      - --name --resource-group --storage-account --file-system --sql-admin-login-user
        --sql-admin-login-password --location
      User-Agent:
      - AZURECLI/2.30.0 azsdk-python-mgmt-synapse/2.1.0b2 Python/3.8.10 (Windows-10-10.0.19043-SP0)
    method: GET
    uri: https://management.azure.com/subscriptions/00000000-0000-0000-0000-000000000000/resourceGroups/synapse-cli000001/providers/Microsoft.Synapse/workspaces/clitest000003/operationStatuses/07a4feba-c473-43fa-893c-c65baf66ab27?api-version=2021-06-01
  response:
    body:
      string: '{"status":"InProgress"}'
    headers:
      cache-control:
      - no-cache
      content-length:
      - '23'
      content-type:
      - application/json; charset=utf-8
      date:
      - Tue, 09 Nov 2021 08:11:23 GMT
      expires:
      - '-1'
      pragma:
      - no-cache
      server:
      - Microsoft-HTTPAPI/2.0
      strict-transport-security:
      - max-age=31536000; includeSubDomains
      transfer-encoding:
      - chunked
      vary:
      - Accept-Encoding
      x-content-type-options:
      - nosniff
    status:
      code: 200
      message: OK
- request:
    body: null
    headers:
      Accept:
      - '*/*'
      Accept-Encoding:
      - gzip, deflate
      CommandName:
      - synapse workspace create
      Connection:
      - keep-alive
      ParameterSetName:
      - --name --resource-group --storage-account --file-system --sql-admin-login-user
        --sql-admin-login-password --location
      User-Agent:
      - AZURECLI/2.30.0 azsdk-python-mgmt-synapse/2.1.0b2 Python/3.8.10 (Windows-10-10.0.19043-SP0)
    method: GET
    uri: https://management.azure.com/subscriptions/00000000-0000-0000-0000-000000000000/resourceGroups/synapse-cli000001/providers/Microsoft.Synapse/workspaces/clitest000003/operationStatuses/07a4feba-c473-43fa-893c-c65baf66ab27?api-version=2021-06-01
  response:
    body:
      string: '{"status":"InProgress"}'
    headers:
      cache-control:
      - no-cache
      content-length:
      - '23'
      content-type:
      - application/json; charset=utf-8
      date:
      - Tue, 09 Nov 2021 08:11:54 GMT
      expires:
      - '-1'
      pragma:
      - no-cache
      server:
      - Microsoft-HTTPAPI/2.0
      strict-transport-security:
      - max-age=31536000; includeSubDomains
      transfer-encoding:
      - chunked
      vary:
      - Accept-Encoding
      x-content-type-options:
      - nosniff
    status:
      code: 200
      message: OK
- request:
    body: null
    headers:
      Accept:
      - '*/*'
      Accept-Encoding:
      - gzip, deflate
      CommandName:
      - synapse workspace create
      Connection:
      - keep-alive
      ParameterSetName:
      - --name --resource-group --storage-account --file-system --sql-admin-login-user
        --sql-admin-login-password --location
      User-Agent:
      - AZURECLI/2.30.0 azsdk-python-mgmt-synapse/2.1.0b2 Python/3.8.10 (Windows-10-10.0.19043-SP0)
    method: GET
    uri: https://management.azure.com/subscriptions/00000000-0000-0000-0000-000000000000/resourceGroups/synapse-cli000001/providers/Microsoft.Synapse/workspaces/clitest000003/operationStatuses/07a4feba-c473-43fa-893c-c65baf66ab27?api-version=2021-06-01
  response:
    body:
      string: '{"status":"InProgress"}'
    headers:
      cache-control:
      - no-cache
      content-length:
      - '23'
      content-type:
      - application/json; charset=utf-8
      date:
      - Tue, 09 Nov 2021 08:12:26 GMT
      expires:
      - '-1'
      pragma:
      - no-cache
      server:
      - Microsoft-HTTPAPI/2.0
      strict-transport-security:
      - max-age=31536000; includeSubDomains
      transfer-encoding:
      - chunked
      vary:
      - Accept-Encoding
      x-content-type-options:
      - nosniff
    status:
      code: 200
      message: OK
- request:
    body: null
    headers:
      Accept:
      - '*/*'
      Accept-Encoding:
      - gzip, deflate
      CommandName:
      - synapse workspace create
      Connection:
      - keep-alive
      ParameterSetName:
      - --name --resource-group --storage-account --file-system --sql-admin-login-user
        --sql-admin-login-password --location
      User-Agent:
      - AZURECLI/2.30.0 azsdk-python-mgmt-synapse/2.1.0b2 Python/3.8.10 (Windows-10-10.0.19043-SP0)
    method: GET
    uri: https://management.azure.com/subscriptions/00000000-0000-0000-0000-000000000000/resourceGroups/synapse-cli000001/providers/Microsoft.Synapse/workspaces/clitest000003/operationStatuses/07a4feba-c473-43fa-893c-c65baf66ab27?api-version=2021-06-01
  response:
    body:
      string: '{"status":"InProgress"}'
    headers:
      cache-control:
      - no-cache
      content-length:
      - '23'
      content-type:
      - application/json; charset=utf-8
      date:
      - Tue, 09 Nov 2021 08:12:56 GMT
      expires:
      - '-1'
      pragma:
      - no-cache
      server:
      - Microsoft-HTTPAPI/2.0
      strict-transport-security:
      - max-age=31536000; includeSubDomains
      transfer-encoding:
      - chunked
      vary:
      - Accept-Encoding
      x-content-type-options:
      - nosniff
    status:
      code: 200
      message: OK
- request:
    body: null
    headers:
      Accept:
      - '*/*'
      Accept-Encoding:
      - gzip, deflate
      CommandName:
      - synapse workspace create
      Connection:
      - keep-alive
      ParameterSetName:
      - --name --resource-group --storage-account --file-system --sql-admin-login-user
        --sql-admin-login-password --location
      User-Agent:
      - AZURECLI/2.30.0 azsdk-python-mgmt-synapse/2.1.0b2 Python/3.8.10 (Windows-10-10.0.19043-SP0)
    method: GET
    uri: https://management.azure.com/subscriptions/00000000-0000-0000-0000-000000000000/resourceGroups/synapse-cli000001/providers/Microsoft.Synapse/workspaces/clitest000003/operationStatuses/07a4feba-c473-43fa-893c-c65baf66ab27?api-version=2021-06-01
  response:
    body:
      string: '{"status":"InProgress"}'
    headers:
      cache-control:
      - no-cache
      content-length:
      - '23'
      content-type:
      - application/json; charset=utf-8
      date:
      - Tue, 09 Nov 2021 08:13:27 GMT
      expires:
      - '-1'
      pragma:
      - no-cache
      server:
      - Microsoft-HTTPAPI/2.0
      strict-transport-security:
      - max-age=31536000; includeSubDomains
      transfer-encoding:
      - chunked
      vary:
      - Accept-Encoding
      x-content-type-options:
      - nosniff
    status:
      code: 200
      message: OK
- request:
    body: null
    headers:
      Accept:
      - '*/*'
      Accept-Encoding:
      - gzip, deflate
      CommandName:
      - synapse workspace create
      Connection:
      - keep-alive
      ParameterSetName:
      - --name --resource-group --storage-account --file-system --sql-admin-login-user
        --sql-admin-login-password --location
      User-Agent:
      - AZURECLI/2.30.0 azsdk-python-mgmt-synapse/2.1.0b2 Python/3.8.10 (Windows-10-10.0.19043-SP0)
    method: GET
    uri: https://management.azure.com/subscriptions/00000000-0000-0000-0000-000000000000/resourceGroups/synapse-cli000001/providers/Microsoft.Synapse/workspaces/clitest000003/operationStatuses/07a4feba-c473-43fa-893c-c65baf66ab27?api-version=2021-06-01
  response:
    body:
      string: '{"status":"Succeeded"}'
    headers:
      cache-control:
      - no-cache
      content-length:
      - '22'
      content-type:
      - application/json; charset=utf-8
      date:
      - Tue, 09 Nov 2021 08:14:03 GMT
      expires:
      - '-1'
      pragma:
      - no-cache
      server:
      - Microsoft-HTTPAPI/2.0
      strict-transport-security:
      - max-age=31536000; includeSubDomains
      transfer-encoding:
      - chunked
      vary:
      - Accept-Encoding
      x-content-type-options:
      - nosniff
    status:
      code: 200
      message: OK
- request:
    body: null
    headers:
      Accept:
      - '*/*'
      Accept-Encoding:
      - gzip, deflate
      CommandName:
      - synapse workspace create
      Connection:
      - keep-alive
      ParameterSetName:
      - --name --resource-group --storage-account --file-system --sql-admin-login-user
        --sql-admin-login-password --location
      User-Agent:
      - AZURECLI/2.30.0 azsdk-python-mgmt-synapse/2.1.0b2 Python/3.8.10 (Windows-10-10.0.19043-SP0)
    method: GET
    uri: https://management.azure.com/subscriptions/00000000-0000-0000-0000-000000000000/resourceGroups/synapse-cli000001/providers/Microsoft.Synapse/workspaces/clitest000003?api-version=2021-06-01
  response:
    body:
      string: '{"properties":{"defaultDataLakeStorage":{"accountUrl":"https://adlsgen2000002.dfs.core.windows.net","filesystem":"testfilesystem"},"encryption":{"doubleEncryptionEnabled":false},"provisioningState":"Succeeded","connectivityEndpoints":{"web":"https://web.azuresynapse.net?workspace=%2fsubscriptions%2f051ddeca-1ed6-4d8b-ba6f-1ff561e5f3b3%2fresourceGroups%2fsynapse-cli000001%2fproviders%2fMicrosoft.Synapse%2fworkspaces%2fclitest000003","dev":"https://clitest000003.dev.azuresynapse.net","sqlOnDemand":"clitest000003-ondemand.sql.azuresynapse.net","sql":"clitest000003.sql.azuresynapse.net"},"managedResourceGroupName":"synapseworkspace-managedrg-e528b08a-62b3-4b09-9d6a-4defc7597f2b","sqlAdministratorLogin":"cliuser1","privateEndpointConnections":[],"workspaceUID":"689e341f-918c-4c1b-911d-53dfe7cbe07b","extraProperties":{"WorkspaceType":"Normal","IsScopeEnabled":false},"publicNetworkAccess":"Enabled","cspWorkspaceAdminProperties":{"initialWorkspaceAdminObjectId":"6a33200f-2b27-4fda-8567-b0c70d532441"},"trustedServiceBypassEnabled":false},"type":"Microsoft.Synapse/workspaces","id":"/subscriptions/00000000-0000-0000-0000-000000000000/resourceGroups/synapse-cli000001/providers/Microsoft.Synapse/workspaces/clitest000003","location":"eastus","name":"clitest000003","identity":{"type":"SystemAssigned","tenantId":"72f988bf-86f1-41af-91ab-2d7cd011db47","principalId":"e6c0469e-9e19-429b-b62a-998e30a8b341"}}'
    headers:
      cache-control:
      - no-cache
      content-length:
      - '1429'
      content-type:
      - application/json; charset=utf-8
      date:
      - Tue, 09 Nov 2021 08:14:05 GMT
      expires:
      - '-1'
      pragma:
      - no-cache
      server:
      - Microsoft-HTTPAPI/2.0
      strict-transport-security:
      - max-age=31536000; includeSubDomains
      transfer-encoding:
      - chunked
      vary:
      - Accept-Encoding
      x-content-type-options:
      - nosniff
    status:
      code: 200
      message: OK
- request:
    body: '{"properties": {"endIpAddress": "255.255.255.255", "startIpAddress": "0.0.0.0"}}'
    headers:
      Accept:
      - application/json
      Accept-Encoding:
      - gzip, deflate
      CommandName:
      - synapse workspace firewall-rule create
      Connection:
      - keep-alive
      Content-Length:
      - '80'
      Content-Type:
      - application/json
      ParameterSetName:
      - --resource-group --name --workspace-name --start-ip-address --end-ip-address
      User-Agent:
      - AZURECLI/2.30.0 azsdk-python-mgmt-synapse/2.1.0b2 Python/3.8.10 (Windows-10-10.0.19043-SP0)
    method: PUT
    uri: https://management.azure.com/subscriptions/00000000-0000-0000-0000-000000000000/resourceGroups/synapse-cli000001/providers/Microsoft.Synapse/workspaces/clitest000003/firewallRules/allowAll?api-version=2021-06-01
  response:
    body:
      string: '{"properties":{"provisioningState":"Provisioning","startIpAddress":"0.0.0.0","endIpAddress":"255.255.255.255"},"id":"/subscriptions/00000000-0000-0000-0000-000000000000/resourceGroups/synapse-cli000001/providers/Microsoft.Synapse/workspaces/clitest000003/firewallRules/allowAll","name":"allowAll","type":"Microsoft.Synapse/workspaces/firewallRules"}'
    headers:
      access-control-allow-headers:
      - Location
      access-control-expose-headers:
      - Location
      azure-asyncoperation:
      - https://management.azure.com/subscriptions/00000000-0000-0000-0000-000000000000/resourceGroups/synapse-cli000001/providers/Microsoft.Synapse/workspaces/clitest000003/operationStatuses/68e83a55-5b5a-4673-9e59-481914d7a61b?api-version=2021-06-01
      cache-control:
      - no-cache
      content-length:
      - '351'
      content-type:
      - application/json; charset=utf-8
      date:
      - Tue, 09 Nov 2021 08:14:07 GMT
      expires:
      - '-1'
      location:
      - https://management.azure.com/subscriptions/00000000-0000-0000-0000-000000000000/resourceGroups/synapse-cli000001/providers/Microsoft.Synapse/workspaces/clitest000003/operationResults/68e83a55-5b5a-4673-9e59-481914d7a61b?api-version=2021-06-01
      pragma:
      - no-cache
      server:
      - Microsoft-HTTPAPI/2.0
      strict-transport-security:
      - max-age=31536000; includeSubDomains
      x-content-type-options:
      - nosniff
      x-ms-ratelimit-remaining-subscription-writes:
      - '1199'
    status:
      code: 201
      message: Created
- request:
    body: null
    headers:
      Accept:
      - '*/*'
      Accept-Encoding:
      - gzip, deflate
      CommandName:
      - synapse workspace firewall-rule create
      Connection:
      - keep-alive
      ParameterSetName:
      - --resource-group --name --workspace-name --start-ip-address --end-ip-address
      User-Agent:
      - AZURECLI/2.30.0 azsdk-python-mgmt-synapse/2.1.0b2 Python/3.8.10 (Windows-10-10.0.19043-SP0)
    method: GET
    uri: https://management.azure.com/subscriptions/00000000-0000-0000-0000-000000000000/resourceGroups/synapse-cli000001/providers/Microsoft.Synapse/workspaces/clitest000003/operationStatuses/68e83a55-5b5a-4673-9e59-481914d7a61b?api-version=2021-06-01
  response:
    body:
      string: '{"status":"Succeeded"}'
    headers:
      cache-control:
      - no-cache
      content-length:
      - '22'
      content-type:
      - application/json; charset=utf-8
      date:
      - Tue, 09 Nov 2021 08:14:37 GMT
      expires:
      - '-1'
      pragma:
      - no-cache
      server:
      - Microsoft-HTTPAPI/2.0
      strict-transport-security:
      - max-age=31536000; includeSubDomains
      transfer-encoding:
      - chunked
      vary:
      - Accept-Encoding
      x-content-type-options:
      - nosniff
    status:
      code: 200
      message: OK
- request:
    body: null
    headers:
      Accept:
      - '*/*'
      Accept-Encoding:
      - gzip, deflate
      CommandName:
      - synapse workspace firewall-rule create
      Connection:
      - keep-alive
      ParameterSetName:
      - --resource-group --name --workspace-name --start-ip-address --end-ip-address
      User-Agent:
      - AZURECLI/2.30.0 azsdk-python-mgmt-synapse/2.1.0b2 Python/3.8.10 (Windows-10-10.0.19043-SP0)
    method: GET
    uri: https://management.azure.com/subscriptions/00000000-0000-0000-0000-000000000000/resourceGroups/synapse-cli000001/providers/Microsoft.Synapse/workspaces/clitest000003/firewallRules/allowAll?api-version=2021-06-01
  response:
    body:
      string: '{"properties":{"provisioningState":"Succeeded","startIpAddress":"0.0.0.0","endIpAddress":"255.255.255.255"},"id":"/subscriptions/00000000-0000-0000-0000-000000000000/resourceGroups/synapse-cli000001/providers/Microsoft.Synapse/workspaces/clitest000003/firewallRules/allowAll","name":"allowAll","type":"Microsoft.Synapse/workspaces/firewallRules"}'
    headers:
      cache-control:
      - no-cache
      content-length:
      - '348'
      content-type:
      - application/json; charset=utf-8
      date:
      - Tue, 09 Nov 2021 08:14:38 GMT
      expires:
      - '-1'
      pragma:
      - no-cache
      server:
      - Microsoft-HTTPAPI/2.0
      strict-transport-security:
      - max-age=31536000; includeSubDomains
      transfer-encoding:
      - chunked
      vary:
      - Accept-Encoding
      x-content-type-options:
      - nosniff
    status:
      code: 200
      message: OK
- request:
    body: null
    headers:
      Accept:
      - application/json
      Accept-Encoding:
      - gzip, deflate
      CommandName:
      - synapse spark pool create
      Connection:
      - keep-alive
      ParameterSetName:
      - --name --spark-version --workspace --resource-group --node-count --node-size
      User-Agent:
      - AZURECLI/2.30.0 azsdk-python-mgmt-synapse/2.1.0b2 Python/3.8.10 (Windows-10-10.0.19043-SP0)
    method: GET
    uri: https://management.azure.com/subscriptions/00000000-0000-0000-0000-000000000000/resourceGroups/synapse-cli000001/providers/Microsoft.Synapse/workspaces/clitest000003?api-version=2021-06-01
  response:
    body:
      string: '{"properties":{"defaultDataLakeStorage":{"accountUrl":"https://adlsgen2000002.dfs.core.windows.net","filesystem":"testfilesystem"},"encryption":{"doubleEncryptionEnabled":false},"provisioningState":"Succeeded","connectivityEndpoints":{"web":"https://web.azuresynapse.net?workspace=%2fsubscriptions%2f051ddeca-1ed6-4d8b-ba6f-1ff561e5f3b3%2fresourceGroups%2fsynapse-cli000001%2fproviders%2fMicrosoft.Synapse%2fworkspaces%2fclitest000003","dev":"https://clitest000003.dev.azuresynapse.net","sqlOnDemand":"clitest000003-ondemand.sql.azuresynapse.net","sql":"clitest000003.sql.azuresynapse.net"},"managedResourceGroupName":"synapseworkspace-managedrg-e528b08a-62b3-4b09-9d6a-4defc7597f2b","sqlAdministratorLogin":"cliuser1","privateEndpointConnections":[],"workspaceUID":"689e341f-918c-4c1b-911d-53dfe7cbe07b","extraProperties":{"WorkspaceType":"Normal","IsScopeEnabled":false},"publicNetworkAccess":"Enabled","cspWorkspaceAdminProperties":{"initialWorkspaceAdminObjectId":"6a33200f-2b27-4fda-8567-b0c70d532441"},"trustedServiceBypassEnabled":false},"type":"Microsoft.Synapse/workspaces","id":"/subscriptions/00000000-0000-0000-0000-000000000000/resourceGroups/synapse-cli000001/providers/Microsoft.Synapse/workspaces/clitest000003","location":"eastus","name":"clitest000003","identity":{"type":"SystemAssigned","tenantId":"72f988bf-86f1-41af-91ab-2d7cd011db47","principalId":"e6c0469e-9e19-429b-b62a-998e30a8b341"}}'
    headers:
      cache-control:
      - no-cache
      content-length:
      - '1429'
      content-type:
      - application/json; charset=utf-8
      date:
      - Tue, 09 Nov 2021 08:14:41 GMT
      expires:
      - '-1'
      pragma:
      - no-cache
      server:
      - Microsoft-HTTPAPI/2.0
      strict-transport-security:
      - max-age=31536000; includeSubDomains
      transfer-encoding:
      - chunked
      vary:
      - Accept-Encoding
      x-content-type-options:
      - nosniff
    status:
      code: 200
      message: OK
- request:
    body: '{"location": "eastus", "properties": {"autoScale": {}, "autoPause": {},
      "sparkEventsFolder": "/events", "nodeCount": 3, "sparkVersion": "2.4", "nodeSize":
      "Medium", "nodeSizeFamily": "MemoryOptimized"}}'
    headers:
      Accept:
      - application/json
      Accept-Encoding:
      - gzip, deflate
      CommandName:
      - synapse spark pool create
      Connection:
      - keep-alive
      Content-Length:
      - '202'
      Content-Type:
      - application/json
      ParameterSetName:
      - --name --spark-version --workspace --resource-group --node-count --node-size
      User-Agent:
      - AZURECLI/2.30.0 azsdk-python-mgmt-synapse/2.1.0b2 Python/3.8.10 (Windows-10-10.0.19043-SP0)
    method: PUT
    uri: https://management.azure.com/subscriptions/00000000-0000-0000-0000-000000000000/resourceGroups/synapse-cli000001/providers/Microsoft.Synapse/workspaces/clitest000003/bigDataPools/testpool?api-version=2021-06-01-preview&force=false
  response:
    body:
      string: '{"properties":{"creationDate":"2021-11-09T08:14:47.5266667Z","sparkVersion":"2.4","nodeCount":3,"nodeSize":"Medium","nodeSizeFamily":"MemoryOptimized","autoScale":{"enabled":false,"minNodeCount":0,"maxNodeCount":0},"autoPause":{"enabled":false,"delayInMinutes":0},"isComputeIsolationEnabled":false,"sessionLevelPackagesEnabled":false,"cacheSize":0,"dynamicExecutorAllocation":{"enabled":false},"provisioningState":"Provisioning"},"id":"/subscriptions/00000000-0000-0000-0000-000000000000/resourceGroups/synapse-cli000001/providers/Microsoft.Synapse/workspaces/clitest000003/bigDataPools/testpool","name":"testpool","type":"Microsoft.Synapse/workspaces/bigDataPools","location":"eastus"}'
    headers:
      access-control-allow-headers:
      - Location
      access-control-expose-headers:
      - Location
      azure-asyncoperation:
      - https://management.azure.com/subscriptions/00000000-0000-0000-0000-000000000000/resourceGroups/synapse-cli000001/providers/Microsoft.Synapse/workspaces/clitest000003/operationStatuses/92718c68-e40b-4910-ba13-cda9ba28958e?api-version=2021-06-01-preview
      cache-control:
      - no-cache
      content-length:
      - '688'
      content-type:
      - application/json; charset=utf-8
      date:
      - Tue, 09 Nov 2021 08:14:47 GMT
      expires:
      - '-1'
      location:
      - https://management.azure.com/subscriptions/00000000-0000-0000-0000-000000000000/resourceGroups/synapse-cli000001/providers/Microsoft.Synapse/workspaces/clitest000003/operationResults/92718c68-e40b-4910-ba13-cda9ba28958e?api-version=2021-06-01-preview
      pragma:
      - no-cache
      server:
      - Microsoft-HTTPAPI/2.0
      strict-transport-security:
      - max-age=31536000; includeSubDomains
      x-content-type-options:
      - nosniff
      x-ms-ratelimit-remaining-subscription-writes:
      - '1199'
    status:
      code: 202
      message: Accepted
- request:
    body: null
    headers:
      Accept:
      - '*/*'
      Accept-Encoding:
      - gzip, deflate
      CommandName:
      - synapse spark pool create
      Connection:
      - keep-alive
      ParameterSetName:
      - --name --spark-version --workspace --resource-group --node-count --node-size
      User-Agent:
      - AZURECLI/2.30.0 azsdk-python-mgmt-synapse/2.1.0b2 Python/3.8.10 (Windows-10-10.0.19043-SP0)
    method: GET
    uri: https://management.azure.com/subscriptions/00000000-0000-0000-0000-000000000000/resourceGroups/synapse-cli000001/providers/Microsoft.Synapse/workspaces/clitest000003/operationStatuses/92718c68-e40b-4910-ba13-cda9ba28958e?api-version=2021-06-01-preview
  response:
    body:
      string: '{"status":"InProgress"}'
    headers:
      cache-control:
      - no-cache
      content-length:
      - '23'
      content-type:
      - application/json; charset=utf-8
      date:
      - Tue, 09 Nov 2021 08:15:17 GMT
      expires:
      - '-1'
      pragma:
      - no-cache
      server:
      - Microsoft-HTTPAPI/2.0
      strict-transport-security:
      - max-age=31536000; includeSubDomains
      transfer-encoding:
      - chunked
      vary:
      - Accept-Encoding
      x-content-type-options:
      - nosniff
    status:
      code: 200
      message: OK
- request:
    body: null
    headers:
      Accept:
      - '*/*'
      Accept-Encoding:
      - gzip, deflate
      CommandName:
      - synapse spark pool create
      Connection:
      - keep-alive
      ParameterSetName:
      - --name --spark-version --workspace --resource-group --node-count --node-size
      User-Agent:
      - AZURECLI/2.30.0 azsdk-python-mgmt-synapse/2.1.0b2 Python/3.8.10 (Windows-10-10.0.19043-SP0)
    method: GET
    uri: https://management.azure.com/subscriptions/00000000-0000-0000-0000-000000000000/resourceGroups/synapse-cli000001/providers/Microsoft.Synapse/workspaces/clitest000003/operationStatuses/92718c68-e40b-4910-ba13-cda9ba28958e?api-version=2021-06-01-preview
  response:
    body:
      string: '{"status":"Succeeded"}'
    headers:
      cache-control:
      - no-cache
      content-length:
      - '22'
      content-type:
      - application/json; charset=utf-8
      date:
      - Tue, 09 Nov 2021 08:15:48 GMT
      expires:
      - '-1'
      pragma:
      - no-cache
      server:
      - Microsoft-HTTPAPI/2.0
      strict-transport-security:
      - max-age=31536000; includeSubDomains
      transfer-encoding:
      - chunked
      vary:
      - Accept-Encoding
      x-content-type-options:
      - nosniff
    status:
      code: 200
      message: OK
- request:
    body: null
    headers:
      Accept:
      - '*/*'
      Accept-Encoding:
      - gzip, deflate
      CommandName:
      - synapse spark pool create
      Connection:
      - keep-alive
      ParameterSetName:
      - --name --spark-version --workspace --resource-group --node-count --node-size
      User-Agent:
      - AZURECLI/2.30.0 azsdk-python-mgmt-synapse/2.1.0b2 Python/3.8.10 (Windows-10-10.0.19043-SP0)
    method: GET
    uri: https://management.azure.com/subscriptions/00000000-0000-0000-0000-000000000000/resourceGroups/synapse-cli000001/providers/Microsoft.Synapse/workspaces/clitest000003/bigDataPools/testpool?api-version=2021-06-01-preview&force=false
  response:
    body:
      string: '{"properties":{"creationDate":"2021-11-09T08:14:47.5266667Z","sparkVersion":"2.4","nodeCount":3,"nodeSize":"Medium","nodeSizeFamily":"MemoryOptimized","autoScale":{"enabled":false,"minNodeCount":0,"maxNodeCount":0},"autoPause":{"enabled":false,"delayInMinutes":0},"isComputeIsolationEnabled":false,"sessionLevelPackagesEnabled":false,"cacheSize":0,"dynamicExecutorAllocation":{"enabled":false},"lastSucceededTimestamp":"2021-11-09T08:15:35.88Z","provisioningState":"Succeeded"},"id":"/subscriptions/00000000-0000-0000-0000-000000000000/resourceGroups/synapse-cli000001/providers/Microsoft.Synapse/workspaces/clitest000003/bigDataPools/testpool","name":"testpool","type":"Microsoft.Synapse/workspaces/bigDataPools","location":"eastus"}'
    headers:
      cache-control:
      - no-cache
      content-length:
      - '736'
      content-type:
      - application/json; charset=utf-8
      date:
      - Tue, 09 Nov 2021 08:15:48 GMT
      expires:
      - '-1'
      pragma:
      - no-cache
      server:
      - Microsoft-HTTPAPI/2.0
      strict-transport-security:
      - max-age=31536000; includeSubDomains
      transfer-encoding:
      - chunked
      vary:
      - Accept-Encoding
      x-content-type-options:
      - nosniff
    status:
      code: 200
      message: OK
- request:
    body: null
    headers:
      Accept:
      - application/json
      Accept-Encoding:
      - gzip, deflate
      Connection:
      - keep-alive
      User-Agent:
      - azsdk-python-synapse-artifacts/0.9.0 Python/3.8.10 (Windows-10-10.0.19043-SP0)
    method: GET
    uri: https://clitest000003.dev.azuresynapse.net/bigDataPools/testpool?api-version=2020-12-01
  response:
    body:
      string: '{"properties":{"creationDate":"2021-11-09T08:14:47.5266667Z","sparkVersion":"2.4","nodeCount":3,"nodeSize":"Medium","nodeSizeFamily":"MemoryOptimized","autoScale":{"enabled":false,"minNodeCount":0,"maxNodeCount":0},"autoPause":{"enabled":false,"delayInMinutes":0},"isComputeIsolationEnabled":false,"sessionLevelPackagesEnabled":false,"cacheSize":0,"dynamicExecutorAllocation":{"enabled":false},"lastSucceededTimestamp":"2021-11-09T08:15:35.88Z","provisioningState":"Succeeded"},"id":"/subscriptions/00000000-0000-0000-0000-000000000000/resourceGroups/synapse-cli000001/providers/Microsoft.Synapse/workspaces/clitest000003/bigDataPools/testpool","name":"testpool","type":"Microsoft.Synapse/workspaces/bigDataPools","location":"eastus"}'
    headers:
      content-length:
      - '736'
      content-type:
      - application/json; charset=utf-8
      date:
      - Tue, 09 Nov 2021 08:15:51 GMT
      server:
      - Microsoft-HTTPAPI/2.0
      strict-transport-security:
      - max-age=31536000; includeSubDomains
    status:
      code: 200
      message: OK
- request:
    body: '{"name": "notebook", "properties": {"bigDataPool": {"type": "BigDataPoolReference",
      "referenceName": "testpool"}, "sessionProperties": {"driverMemory": "28g", "driverCores":
      4, "executorMemory": "28g", "executorCores": 4, "numExecutors": 2}, "metadata":
      {"language_info": {"name": "python"}}, "nbformat": 4, "nbformat_minor": 2, "cells":
      [{"cell_type": "code", "metadata": {}, "source": ["print(\"hello from portal\")"],
      "outputs": []}], "folder": {"name": "testfolder/testsubfolder"}}}'
    headers:
      Accept:
      - application/json
      Accept-Encoding:
      - gzip, deflate
      Connection:
      - keep-alive
      Content-Length:
      - '486'
      Content-Type:
      - application/json
      User-Agent:
      - azsdk-python-synapse-artifacts/0.9.0 Python/3.8.10 (Windows-10-10.0.19043-SP0)
    method: PUT
    uri: https://clitest000003.dev.azuresynapse.net/notebooks/notebook?api-version=2020-12-01
  response:
    body:
      string: '{"id":"/subscriptions/00000000-0000-0000-0000-000000000000/resourceGroups/synapse-cli000001/providers/Microsoft.Synapse/workspaces/clitest000003/notebooks/notebook","recordId":2699613,"state":"Creating","created":"2021-11-09T08:15:53.62Z","changed":"2021-11-09T08:15:53.62Z","type":"Notebook","name":"notebook","operationId":"eda68b79-c5ad-4df7-aba6-ecdac4cba5ce","artifactId":"50ddebe2-e151-4ef5-8009-ea177fbd7a8b"}'
    headers:
      access-control-allow-headers:
      - Location
      - Retry-After
      access-control-expose-headers:
      - Location
      - Retry-After
      content-length:
      - '418'
      content-type:
      - application/json; charset=utf-8
      date:
      - Tue, 09 Nov 2021 08:15:53 GMT
      location:
      - https://clitest000003.dev.azuresynapse.net/notebookOperationResults/eda68b79-c5ad-4df7-aba6-ecdac4cba5ce?api-version=2020-12-01
      server:
      - Microsoft-HTTPAPI/2.0
      strict-transport-security:
      - max-age=31536000; includeSubDomains
    status:
      code: 202
      message: Accepted
- request:
    body: null
    headers:
      Accept:
      - '*/*'
      Accept-Encoding:
      - gzip, deflate
      Connection:
      - keep-alive
      User-Agent:
      - azsdk-python-synapse-artifacts/0.9.0 Python/3.8.10 (Windows-10-10.0.19043-SP0)
    method: GET
    uri: https://clitest000003.dev.azuresynapse.net/notebookOperationResults/eda68b79-c5ad-4df7-aba6-ecdac4cba5ce?api-version=2020-12-01
  response:
    body:
      string: '{"id":"/subscriptions/00000000-0000-0000-0000-000000000000/resourceGroups/synapse-cli000001/providers/Microsoft.Synapse/workspaces/clitest000003/notebooks/notebook","name":"notebook","type":"Microsoft.Synapse/workspaces/notebooks","properties":{"nbformat":4,"nbformat_minor":2,"entityState":null,"renameOperationDetails":null,"bigDataPool":{"referenceName":"testpool","type":"BigDataPoolReference"},"sessionProperties":{"driverMemory":"28g","driverCores":4,"executorMemory":"28g","executorCores":4,"numExecutors":2,"conf":null},"metadata":{"language_info":{"name":"python"},"a365ComputeOptions":null,"sessionKeepAliveTimeout":0},"cells":[{"cell_type":"code","metadata":{},"source":["print(\"hello
        from portal\")"],"attachments":null,"outputs":[],"execution_count":null}],"folder":{"name":"testfolder/testsubfolder"},"description":null},"etag":"10007dcd-0000-0100-0000-618a2e3c0000"}'
    headers:
      content-type:
      - application/json; charset=utf-8
      date:
      - Tue, 09 Nov 2021 08:16:04 GMT
      request-context:
      - appId=
      server:
      - Kestrel Microsoft-HTTPAPI/2.0
      strict-transport-security:
      - max-age=2592000
      transfer-encoding:
      - chunked
    status:
      code: 200
      message: OK
- request:
    body: null
    headers:
      Accept:
      - application/json
      Accept-Encoding:
      - gzip, deflate
      Connection:
      - keep-alive
      User-Agent:
      - azsdk-python-synapse-artifacts/0.9.0 Python/3.8.10 (Windows-10-10.0.19043-SP0)
    method: GET
    uri: https://clitest000003.dev.azuresynapse.net/notebooks/notebook?api-version=2020-12-01
  response:
    body:
      string: '{"id":"/subscriptions/00000000-0000-0000-0000-000000000000/resourceGroups/synapse-cli000001/providers/Microsoft.Synapse/workspaces/clitest000003/notebooks/notebook","name":"notebook","type":"Microsoft.Synapse/workspaces/notebooks","properties":{"nbformat":4,"nbformat_minor":2,"entityState":null,"renameOperationDetails":null,"bigDataPool":{"referenceName":"testpool","type":"BigDataPoolReference"},"sessionProperties":{"driverMemory":"28g","driverCores":4,"executorMemory":"28g","executorCores":4,"numExecutors":2,"conf":null},"metadata":{"language_info":{"name":"python"},"a365ComputeOptions":null,"sessionKeepAliveTimeout":0},"cells":[{"cell_type":"code","metadata":{},"source":["print(\"hello
        from portal\")"],"attachments":null,"outputs":[],"execution_count":null}],"folder":{"name":"testfolder/testsubfolder"},"description":null},"etag":"10007dcd-0000-0100-0000-618a2e3c0000"}'
    headers:
      content-type:
      - application/json; charset=utf-8
      date:
      - Tue, 09 Nov 2021 08:16:06 GMT
      request-context:
      - appId=
      server:
      - Kestrel Microsoft-HTTPAPI/2.0
      strict-transport-security:
      - max-age=2592000
      transfer-encoding:
      - chunked
    status:
      code: 200
      message: OK
- request:
    body: null
    headers:
      Accept:
      - application/json
      Accept-Encoding:
      - gzip, deflate
      Connection:
      - keep-alive
      User-Agent:
      - azsdk-python-synapse-artifacts/0.9.0 Python/3.8.10 (Windows-10-10.0.19043-SP0)
    method: GET
    uri: https://clitest000003.dev.azuresynapse.net/notebooks?api-version=2020-12-01
  response:
    body:
      string: '{"value":[{"id":"/subscriptions/00000000-0000-0000-0000-000000000000/resourceGroups/synapse-cli000001/providers/Microsoft.Synapse/workspaces/clitest000003/notebooks/notebook","name":"notebook","type":"Microsoft.Synapse/workspaces/notebooks","etag":"10007dcd-0000-0100-0000-618a2e3c0000","properties":{"nbformat":4,"nbformat_minor":2,"entityState":null,"renameOperationDetails":null,"bigDataPool":{"referenceName":"testpool","type":"BigDataPoolReference"},"sessionProperties":{"driverMemory":"28g","driverCores":4,"executorMemory":"28g","executorCores":4,"numExecutors":2,"conf":null},"metadata":{"language_info":{"name":"python"},"a365ComputeOptions":null,"sessionKeepAliveTimeout":0},"cells":[{"cell_type":"code","metadata":{},"source":["print(\"hello
        from portal\")"],"attachments":null,"outputs":[],"execution_count":null}],"folder":{"name":"testfolder/testsubfolder"},"description":null}}]}'
    headers:
      content-length:
      - '896'
      content-type:
      - application/json; charset=utf-8
      date:
      - Tue, 09 Nov 2021 08:16:08 GMT
      server:
      - Microsoft-HTTPAPI/2.0
      strict-transport-security:
      - max-age=31536000; includeSubDomains
    status:
      code: 200
      message: OK
- request:
    body: null
    headers:
      Accept:
      - application/json
      Accept-Encoding:
      - gzip, deflate
      Connection:
      - keep-alive
      User-Agent:
      - azsdk-python-synapse-artifacts/0.9.0 Python/3.8.10 (Windows-10-10.0.19043-SP0)
    method: GET
    uri: https://clitest000003.dev.azuresynapse.net/notebooks/notebook?api-version=2020-12-01
  response:
    body:
      string: '{"id":"/subscriptions/00000000-0000-0000-0000-000000000000/resourceGroups/synapse-cli000001/providers/Microsoft.Synapse/workspaces/clitest000003/notebooks/notebook","name":"notebook","type":"Microsoft.Synapse/workspaces/notebooks","properties":{"nbformat":4,"nbformat_minor":2,"entityState":null,"renameOperationDetails":null,"bigDataPool":{"referenceName":"testpool","type":"BigDataPoolReference"},"sessionProperties":{"driverMemory":"28g","driverCores":4,"executorMemory":"28g","executorCores":4,"numExecutors":2,"conf":null},"metadata":{"language_info":{"name":"python"},"a365ComputeOptions":null,"sessionKeepAliveTimeout":0},"cells":[{"cell_type":"code","metadata":{},"source":["print(\"hello
        from portal\")"],"attachments":null,"outputs":[],"execution_count":null}],"folder":{"name":"testfolder/testsubfolder"},"description":null},"etag":"10007dcd-0000-0100-0000-618a2e3c0000"}'
    headers:
      content-type:
      - application/json; charset=utf-8
      date:
      - Tue, 09 Nov 2021 08:16:10 GMT
      request-context:
      - appId=
      server:
      - Kestrel Microsoft-HTTPAPI/2.0
      strict-transport-security:
      - max-age=2592000
      transfer-encoding:
      - chunked
    status:
      code: 200
      message: OK
- request:
    body: null
    headers:
      Accept:
      - application/json
      Accept-Encoding:
      - gzip, deflate
      Connection:
      - keep-alive
      Content-Length:
      - '0'
      User-Agent:
      - azsdk-python-synapse-artifacts/0.9.0 Python/3.8.10 (Windows-10-10.0.19043-SP0)
    method: DELETE
    uri: https://clitest000003.dev.azuresynapse.net/notebooks/notebook?api-version=2020-12-01
  response:
    body:
      string: '{"id":"/subscriptions/00000000-0000-0000-0000-000000000000/resourceGroups/synapse-cli000001/providers/Microsoft.Synapse/workspaces/clitest000003/notebooks/notebook","recordId":0,"state":"Deleting","created":"0001-01-01T00:00:00","changed":"0001-01-01T00:00:00","type":"Notebook","name":"notebook","operationId":"00ab5cc4-2ac7-4949-97df-b1bcfbf4f82a"}'
    headers:
      access-control-allow-headers:
      - Location
      access-control-expose-headers:
      - Location
      content-length:
      - '352'
      content-type:
      - application/json; charset=utf-8
      date:
      - Tue, 09 Nov 2021 08:16:12 GMT
      location:
      - https://clitest000003.dev.azuresynapse.net/notebookOperationResults/00ab5cc4-2ac7-4949-97df-b1bcfbf4f82a?api-version=2020-12-01
      server:
      - Microsoft-HTTPAPI/2.0
      strict-transport-security:
      - max-age=31536000; includeSubDomains
    status:
      code: 202
      message: Accepted
- request:
    body: null
    headers:
      Accept:
      - '*/*'
      Accept-Encoding:
      - gzip, deflate
      Connection:
      - keep-alive
      User-Agent:
      - azsdk-python-synapse-artifacts/0.9.0 Python/3.8.10 (Windows-10-10.0.19043-SP0)
    method: GET
    uri: https://clitest000003.dev.azuresynapse.net/notebookOperationResults/00ab5cc4-2ac7-4949-97df-b1bcfbf4f82a?api-version=2020-12-01
  response:
    body:
      string: ''
    headers:
      content-length:
      - '0'
      date:
      - Tue, 09 Nov 2021 08:16:42 GMT
      server:
      - Microsoft-HTTPAPI/2.0
      strict-transport-security:
      - max-age=31536000; includeSubDomains
    status:
      code: 200
      message: OK
- request:
    body: null
    headers:
      Accept:
      - application/json
      Accept-Encoding:
      - gzip, deflate
      Connection:
      - keep-alive
      User-Agent:
      - azsdk-python-synapse-artifacts/0.9.0 Python/3.8.10 (Windows-10-10.0.19043-SP0)
    method: GET
    uri: https://clitest000003.dev.azuresynapse.net/notebooks/notebook?api-version=2020-12-01
  response:
    body:
      string: '{"code":404,"message":"Failed Component = DataFactoryResourceProvider,
        ErrorCode = 404, Error = NotFound ","result":null,"target":null,"details":null,"error":"GetNotebook
        failed [statusCode from ADF: NotFound, ErrorMessage: {\"code\":\"NotFound\",\"message\":\"The
        document could not be retrieved because it does not exist.\",\"target\":\"/subscriptions/00000000-0000-0000-0000-000000000000/resourceGroups/synapse-cli000001/providers/Microsoft.Synapse/workspaces/clitest000003/notebooks/notebook\",\"details\":null,\"error\":null},
        workspace: clitest000003, notebook: notebook]"}'
    headers:
      content-type:
      - application/json; charset=utf-8
      date:
      - Tue, 09 Nov 2021 08:16:44 GMT
      request-context:
      - appId=
      server:
      - Kestrel Microsoft-HTTPAPI/2.0
      strict-transport-security:
      - max-age=2592000
      transfer-encoding:
      - chunked
    status:
      code: 404
      message: Not Found
version: 1
