interactions:
- request:
    body: null
    headers:
      Accept:
      - application/json
      Accept-Encoding:
      - gzip, deflate
      CommandName:
      - network vnet create
      Connection:
      - keep-alive
      ParameterSetName:
      - -g -n --subnet-name
      User-Agent:
      - python/3.8.2 (Windows-10-10.0.18362-SP0) msrest/0.6.11 msrest_azure/0.6.3
        azure-mgmt-resource/10.0.0 Azure-SDK-For-Python AZURECLI/2.7.0
      accept-language:
      - en-US
    method: GET
    uri: https://management.azure.com/subscriptions/00000000-0000-0000-0000-000000000000/resourcegroups/cli_test_deployment000001?api-version=2019-10-01
  response:
    body:
      string: '{"id":"/subscriptions/00000000-0000-0000-0000-000000000000/resourceGroups/cli_test_deployment000001","name":"cli_test_deployment000001","type":"Microsoft.Resources/resourceGroups","location":"westus","tags":{"product":"azurecli","cause":"automation","date":"2020-06-12T03:44:05Z"},"properties":{"provisioningState":"Succeeded"}}'
    headers:
      cache-control:
      - no-cache
      content-length:
      - '428'
      content-type:
      - application/json; charset=utf-8
      date:
      - Fri, 12 Jun 2020 03:44:12 GMT
      expires:
      - '-1'
      pragma:
      - no-cache
      strict-transport-security:
      - max-age=31536000; includeSubDomains
      vary:
      - Accept-Encoding
      x-content-type-options:
      - nosniff
    status:
      code: 200
      message: OK
- request:
    body: '{"location": "westus", "tags": {}, "properties": {"addressSpace": {"addressPrefixes":
      ["10.0.0.0/16"]}, "dhcpOptions": {}, "subnets": [{"properties": {"addressPrefix":
      "10.0.0.0/24"}, "name": "subnet1"}]}}'
    headers:
      Accept:
      - application/json
      Accept-Encoding:
      - gzip, deflate
      CommandName:
      - network vnet create
      Connection:
      - keep-alive
      Content-Length:
      - '205'
      Content-Type:
      - application/json; charset=utf-8
      ParameterSetName:
      - -g -n --subnet-name
      User-Agent:
      - python/3.8.2 (Windows-10-10.0.18362-SP0) msrest/0.6.11 msrest_azure/0.6.3
        azure-mgmt-network/10.2.0 Azure-SDK-For-Python AZURECLI/2.7.0
      accept-language:
      - en-US
    method: PUT
    uri: https://management.azure.com/subscriptions/00000000-0000-0000-0000-000000000000/resourceGroups/cli_test_deployment000001/providers/Microsoft.Network/virtualNetworks/vnet1?api-version=2020-04-01
  response:
    body:
      string: "{\r\n  \"name\": \"vnet1\",\r\n  \"id\": \"/subscriptions/00000000-0000-0000-0000-000000000000/resourceGroups/cli_test_deployment000001/providers/Microsoft.Network/virtualNetworks/vnet1\",\r\n
        \ \"etag\": \"W/\\\"98530cc1-4934-4aac-9d18-8e4cc0e6f0ac\\\"\",\r\n  \"type\":
        \"Microsoft.Network/virtualNetworks\",\r\n  \"location\": \"westus\",\r\n
        \ \"tags\": {},\r\n  \"properties\": {\r\n    \"provisioningState\": \"Updating\",\r\n
        \   \"resourceGuid\": \"8f220df0-af18-4fd9-8790-18d58c555ff7\",\r\n    \"addressSpace\":
        {\r\n      \"addressPrefixes\": [\r\n        \"10.0.0.0/16\"\r\n      ]\r\n
        \   },\r\n    \"dhcpOptions\": {\r\n      \"dnsServers\": []\r\n    },\r\n
        \   \"subnets\": [\r\n      {\r\n        \"name\": \"subnet1\",\r\n        \"id\":
        \"/subscriptions/00000000-0000-0000-0000-000000000000/resourceGroups/cli_test_deployment000001/providers/Microsoft.Network/virtualNetworks/vnet1/subnets/subnet1\",\r\n
        \       \"etag\": \"W/\\\"98530cc1-4934-4aac-9d18-8e4cc0e6f0ac\\\"\",\r\n
        \       \"properties\": {\r\n          \"provisioningState\": \"Updating\",\r\n
        \         \"addressPrefix\": \"10.0.0.0/24\",\r\n          \"delegations\":
        [],\r\n          \"privateEndpointNetworkPolicies\": \"Enabled\",\r\n          \"privateLinkServiceNetworkPolicies\":
        \"Enabled\"\r\n        },\r\n        \"type\": \"Microsoft.Network/virtualNetworks/subnets\"\r\n
        \     }\r\n    ],\r\n    \"virtualNetworkPeerings\": [],\r\n    \"enableDdosProtection\":
        false,\r\n    \"enableVmProtection\": false\r\n  }\r\n}"
    headers:
      azure-asyncnotification:
      - Enabled
      azure-asyncoperation:
      - https://management.azure.com/subscriptions/00000000-0000-0000-0000-000000000000/providers/Microsoft.Network/locations/westus/operations/3b094350-7060-4fc6-b5b3-82d53fa01a27?api-version=2020-04-01
      cache-control:
      - no-cache
      content-length:
      - '1437'
      content-type:
      - application/json; charset=utf-8
      date:
      - Fri, 12 Jun 2020 03:44:13 GMT
      expires:
      - '-1'
      pragma:
      - no-cache
      server:
      - Microsoft-HTTPAPI/2.0
      - Microsoft-HTTPAPI/2.0
      strict-transport-security:
      - max-age=31536000; includeSubDomains
      x-content-type-options:
      - nosniff
      x-ms-arm-service-request-id:
      - 1e666d3c-9298-4e86-b5f9-0f41cd601e52
      x-ms-ratelimit-remaining-subscription-writes:
      - '1197'
    status:
      code: 201
      message: Created
- request:
    body: null
    headers:
      Accept:
      - application/json
      Accept-Encoding:
      - gzip, deflate
      CommandName:
      - network vnet create
      Connection:
      - keep-alive
      ParameterSetName:
      - -g -n --subnet-name
      User-Agent:
      - python/3.8.2 (Windows-10-10.0.18362-SP0) msrest/0.6.11 msrest_azure/0.6.3
        azure-mgmt-network/10.2.0 Azure-SDK-For-Python AZURECLI/2.7.0
    method: GET
    uri: https://management.azure.com/subscriptions/00000000-0000-0000-0000-000000000000/providers/Microsoft.Network/locations/westus/operations/3b094350-7060-4fc6-b5b3-82d53fa01a27?api-version=2020-04-01
  response:
    body:
      string: "{\r\n  \"status\": \"Succeeded\"\r\n}"
    headers:
      cache-control:
      - no-cache
      content-length:
      - '29'
      content-type:
      - application/json; charset=utf-8
      date:
      - Fri, 12 Jun 2020 03:44:17 GMT
      expires:
      - '-1'
      pragma:
      - no-cache
      server:
      - Microsoft-HTTPAPI/2.0
      - Microsoft-HTTPAPI/2.0
      strict-transport-security:
      - max-age=31536000; includeSubDomains
      transfer-encoding:
      - chunked
      vary:
      - Accept-Encoding
      x-content-type-options:
      - nosniff
      x-ms-arm-service-request-id:
      - b391af7a-18fb-4bef-8485-a2ceb0305a03
    status:
      code: 200
      message: OK
- request:
    body: null
    headers:
      Accept:
      - application/json
      Accept-Encoding:
      - gzip, deflate
      CommandName:
      - network vnet create
      Connection:
      - keep-alive
      ParameterSetName:
      - -g -n --subnet-name
      User-Agent:
      - python/3.8.2 (Windows-10-10.0.18362-SP0) msrest/0.6.11 msrest_azure/0.6.3
        azure-mgmt-network/10.2.0 Azure-SDK-For-Python AZURECLI/2.7.0
    method: GET
    uri: https://management.azure.com/subscriptions/00000000-0000-0000-0000-000000000000/resourceGroups/cli_test_deployment000001/providers/Microsoft.Network/virtualNetworks/vnet1?api-version=2020-04-01
  response:
    body:
      string: "{\r\n  \"name\": \"vnet1\",\r\n  \"id\": \"/subscriptions/00000000-0000-0000-0000-000000000000/resourceGroups/cli_test_deployment000001/providers/Microsoft.Network/virtualNetworks/vnet1\",\r\n
        \ \"etag\": \"W/\\\"56e2a27d-f6f1-4d92-94c2-3e2530dfe252\\\"\",\r\n  \"type\":
        \"Microsoft.Network/virtualNetworks\",\r\n  \"location\": \"westus\",\r\n
        \ \"tags\": {},\r\n  \"properties\": {\r\n    \"provisioningState\": \"Succeeded\",\r\n
        \   \"resourceGuid\": \"8f220df0-af18-4fd9-8790-18d58c555ff7\",\r\n    \"addressSpace\":
        {\r\n      \"addressPrefixes\": [\r\n        \"10.0.0.0/16\"\r\n      ]\r\n
        \   },\r\n    \"dhcpOptions\": {\r\n      \"dnsServers\": []\r\n    },\r\n
        \   \"subnets\": [\r\n      {\r\n        \"name\": \"subnet1\",\r\n        \"id\":
        \"/subscriptions/00000000-0000-0000-0000-000000000000/resourceGroups/cli_test_deployment000001/providers/Microsoft.Network/virtualNetworks/vnet1/subnets/subnet1\",\r\n
        \       \"etag\": \"W/\\\"56e2a27d-f6f1-4d92-94c2-3e2530dfe252\\\"\",\r\n
        \       \"properties\": {\r\n          \"provisioningState\": \"Succeeded\",\r\n
        \         \"addressPrefix\": \"10.0.0.0/24\",\r\n          \"delegations\":
        [],\r\n          \"privateEndpointNetworkPolicies\": \"Enabled\",\r\n          \"privateLinkServiceNetworkPolicies\":
        \"Enabled\"\r\n        },\r\n        \"type\": \"Microsoft.Network/virtualNetworks/subnets\"\r\n
        \     }\r\n    ],\r\n    \"virtualNetworkPeerings\": [],\r\n    \"enableDdosProtection\":
        false,\r\n    \"enableVmProtection\": false\r\n  }\r\n}"
    headers:
      cache-control:
      - no-cache
      content-length:
      - '1439'
      content-type:
      - application/json; charset=utf-8
      date:
      - Fri, 12 Jun 2020 03:44:17 GMT
      etag:
      - W/"56e2a27d-f6f1-4d92-94c2-3e2530dfe252"
      expires:
      - '-1'
      pragma:
      - no-cache
      server:
      - Microsoft-HTTPAPI/2.0
      - Microsoft-HTTPAPI/2.0
      strict-transport-security:
      - max-age=31536000; includeSubDomains
      transfer-encoding:
      - chunked
      vary:
      - Accept-Encoding
      x-content-type-options:
      - nosniff
      x-ms-arm-service-request-id:
      - 231e099a-004e-4fd7-ae1f-e74a1a352cb1
    status:
      code: 200
      message: OK
- request:
    body: 'b''{"properties": {"parameters": {"name": {"value": "test-lb"}, "location":
      {"value": "westus"}, "privateIPAllocationMethod": {"value": "Dynamic"}, "tags":
      {"value": {"key": "super=value"}}, "subnetId": {"value": "/subscriptions/00000000-0000-0000-0000-000000000000/resourceGroups/cli_test_deployment000001/providers/Microsoft.Network/virtualNetworks/vnet1/subnets/subnet1"},
      "backendAddressPools": {"value": [{"name": "bepool1"}, {"name": "bepool2"}]}},
      "mode": "Incremental", template:{\r\n  "$schema": "http://schema.management.azure.com/schemas/2015-01-01/deploymentTemplate.json#",\r\n  "contentVersion":
      "1.0.0.0",\r\n  "parameters": {\r\n    "name": {\r\n      "type": "string"\r\n    },\r\n    "location":
      {\r\n      "type": "string"\r\n    },\r\n    "subnetId": {\r\n      "type":
      "string"\r\n    },\r\n    "privateIPAllocationMethod": {\r\n      "type": "string"\r\n    },\r\n    "backendAddressPools":
      {\r\n      "type": "array"\r\n    },\r\n    "tags": {\r\n      "type": "object"\r\n    }\r\n  },\r\n  "resources":
      [\r\n    {\r\n      "apiVersion": "2016-03-30",\r\n      "dependsOn": [ ],\r\n      "location":
      "[parameters(\''location\'')]",\r\n      "name": "[parameters(\''name\'')]",\r\n      "properties":
      {\r\n        "frontendIPConfigurations": [\r\n          {\r\n            "name":
      "LoadBalancerFrontEnd",\r\n            "properties": {\r\n              "privateIPAllocationMethod":
      "[parameters(\''privateIPAllocationMethod\'')]",\r\n              "subnet":
      {\r\n                "id": "[parameters(\''subnetId\'')]"\r\n              }\r\n            }\r\n          }\r\n        ],\r\n        "backendAddressPools":
      "[parameters(\''backendAddressPools\'')]"\r\n      },\r\n      "tags": "[parameters(\''tags\'')]",\r\n      "type":
      "Microsoft.Network/loadBalancers"\r\n    }\r\n  ] // comment\r\n}}}'''
    headers:
      Accept:
      - application/json
      Accept-Encoding:
      - gzip, deflate
      CommandName:
      - group deployment validate
      Connection:
      - keep-alive
      Content-Length:
      - '1751'
      Content-Type:
      - application/json; charset=utf-8
      ParameterSetName:
      - -g --template-file --parameters --parameters --parameters
      User-Agent:
      - python/3.8.2 (Windows-10-10.0.18362-SP0) msrest/0.6.11 msrest_azure/0.6.3
        azure-mgmt-resource/10.0.0 Azure-SDK-For-Python AZURECLI/2.7.0
      accept-language:
      - en-US
    method: POST
    uri: https://management.azure.com/subscriptions/00000000-0000-0000-0000-000000000000/resourcegroups/cli_test_deployment000001/providers/Microsoft.Resources/deployments/mock-deployment/validate?api-version=2019-10-01
  response:
    body:
      string: '{"id":"/subscriptions/00000000-0000-0000-0000-000000000000/resourceGroups/cli_test_deployment000001/providers/Microsoft.Resources/deployments/deployment_dry_run","name":"deployment_dry_run","type":"Microsoft.Resources/deployments","properties":{"templateHash":"16281834986780566039","parameters":{"name":{"type":"String","value":"test-lb"},"location":{"type":"String","value":"westus"},"subnetId":{"type":"String","value":"/subscriptions/00000000-0000-0000-0000-000000000000/resourceGroups/cli_test_deployment000001/providers/Microsoft.Network/virtualNetworks/vnet1/subnets/subnet1"},"privateIPAllocationMethod":{"type":"String","value":"Dynamic"},"backendAddressPools":{"type":"Array","value":[{"name":"bepool1"},{"name":"bepool2"}]},"tags":{"type":"Object","value":{"key":"super=value"}}},"mode":"Incremental","provisioningState":"Succeeded","timestamp":"2020-06-12T03:44:18.404447Z","duration":"PT0S","correlationId":"fafebb36-0533-46cb-b1d8-2674b0bb637b","providers":[{"namespace":"Microsoft.Network","resourceTypes":[{"resourceType":"loadBalancers","locations":["westus"]}]}],"dependencies":[],"validatedResources":[{"id":"/subscriptions/00000000-0000-0000-0000-000000000000/resourceGroups/cli_test_deployment000001/providers/Microsoft.Network/loadBalancers/test-lb"}]}}'
    headers:
      cache-control:
      - no-cache
      content-length:
      - '1425'
      content-type:
      - application/json; charset=utf-8
      date:
      - Fri, 12 Jun 2020 03:44:18 GMT
      expires:
      - '-1'
      pragma:
      - no-cache
      strict-transport-security:
      - max-age=31536000; includeSubDomains
      transfer-encoding:
      - chunked
      vary:
      - Accept-Encoding
      x-content-type-options:
      - nosniff
      x-ms-ratelimit-remaining-subscription-writes:
      - '1199'
    status:
      code: 200
      message: OK
version: 1
