interactions:
- request:
    body: '{"properties": {"template": {"$schema": "https://schema.management.azure.com/schemas/2015-01-01/deploymentParameters.json#",
      "contentVersion": "1.0.0.0", "resources": []}, "parameters": {}, "mode": "Incremental"}}'
    headers:
      Accept:
      - application/json
      Accept-Encoding:
      - gzip, deflate
      CommandName:
      - group deployment create
      Connection:
      - keep-alive
      Content-Length:
      - '213'
      Content-Type:
      - application/json; charset=utf-8
      ParameterSetName:
      - -g -n --template-file
      User-Agent:
      - python/3.7.4 (Windows-10-10.0.18362-SP0) msrest/0.6.10 msrest_azure/0.6.2
        azure-mgmt-resource/4.0.0 Azure-SDK-For-Python AZURECLI/2.0.75
      accept-language:
      - en-US
    method: PUT
    uri: https://management.azure.com/subscriptions/00000000-0000-0000-0000-000000000000/resourcegroups/cli_test_on_error_deployment_lastsuccessful000001/providers/Microsoft.Resources/deployments/mock-deployment?api-version=2019-07-01
  response:
    body:
      string: '{"id":"/subscriptions/00000000-0000-0000-0000-000000000000/resourceGroups/cli_test_on_error_deployment_lastsuccessful000001/providers/Microsoft.Resources/deployments/azure-cli-deployment000002","name":"azure-cli-deployment000002","type":"Microsoft.Resources/deployments","properties":{"templateHash":"3965660584125802942","mode":"Incremental","provisioningState":"Accepted","timestamp":"2019-10-21T05:12:23.0151212Z","duration":"PT1.9442817S","correlationId":"30fec8cd-4698-4204-810e-8625deb7e008","providers":[],"dependencies":[]}}'
    headers:
      azure-asyncoperation:
      - https://management.azure.com/subscriptions/00000000-0000-0000-0000-000000000000/resourcegroups/cli_test_on_error_deployment_lastsuccessful000001/providers/Microsoft.Resources/deployments/azure-cli-deployment000002/operationStatuses/08586299721444067511?api-version=2019-07-01
      cache-control:
      - no-cache
      content-length:
      - '566'
      content-type:
      - application/json; charset=utf-8
      date:
      - Mon, 21 Oct 2019 05:12:23 GMT
      expires:
      - '-1'
      pragma:
      - no-cache
      strict-transport-security:
      - max-age=31536000; includeSubDomains
      x-content-type-options:
      - nosniff
      x-ms-ratelimit-remaining-subscription-writes:
      - '1193'
    status:
      code: 201
      message: Created
- request:
    body: null
    headers:
      Accept:
      - application/json
      Accept-Encoding:
      - gzip, deflate
      CommandName:
      - group deployment create
      Connection:
      - keep-alive
      ParameterSetName:
      - -g -n --template-file
      User-Agent:
      - python/3.7.4 (Windows-10-10.0.18362-SP0) msrest/0.6.10 msrest_azure/0.6.2
        azure-mgmt-resource/4.0.0 Azure-SDK-For-Python AZURECLI/2.0.75
    method: GET
    uri: https://management.azure.com/subscriptions/00000000-0000-0000-0000-000000000000/resourcegroups/cli_test_on_error_deployment_lastsuccessful000001/providers/Microsoft.Resources/deployments/mock-deployment/operationStatuses/08586299721444067511?api-version=2019-07-01
  response:
    body:
      string: '{"status":"Succeeded"}'
    headers:
      cache-control:
      - no-cache
      content-length:
      - '22'
      content-type:
      - application/json; charset=utf-8
      date:
      - Mon, 21 Oct 2019 05:12:54 GMT
      expires:
      - '-1'
      pragma:
      - no-cache
      strict-transport-security:
      - max-age=31536000; includeSubDomains
      vary:
      - Accept-Encoding
      x-content-type-options:
      - nosniff
    status:
      code: 200
      message: OK
- request:
    body: null
    headers:
      Accept:
      - application/json
      Accept-Encoding:
      - gzip, deflate
      CommandName:
      - group deployment create
      Connection:
      - keep-alive
      ParameterSetName:
      - -g -n --template-file
      User-Agent:
      - python/3.7.4 (Windows-10-10.0.18362-SP0) msrest/0.6.10 msrest_azure/0.6.2
        azure-mgmt-resource/4.0.0 Azure-SDK-For-Python AZURECLI/2.0.75
    method: GET
    uri: https://management.azure.com/subscriptions/00000000-0000-0000-0000-000000000000/resourcegroups/cli_test_on_error_deployment_lastsuccessful000001/providers/Microsoft.Resources/deployments/mock-deployment?api-version=2019-07-01
  response:
    body:
      string: '{"id":"/subscriptions/00000000-0000-0000-0000-000000000000/resourceGroups/cli_test_on_error_deployment_lastsuccessful000001/providers/Microsoft.Resources/deployments/azure-cli-deployment000002","name":"azure-cli-deployment000002","type":"Microsoft.Resources/deployments","properties":{"templateHash":"3965660584125802942","mode":"Incremental","provisioningState":"Succeeded","timestamp":"2019-10-21T05:12:27.6561826Z","duration":"PT6.5853431S","correlationId":"30fec8cd-4698-4204-810e-8625deb7e008","providers":[],"dependencies":[],"outputResources":[]}}'
    headers:
      cache-control:
      - no-cache
      content-length:
      - '588'
      content-type:
      - application/json; charset=utf-8
      date:
      - Mon, 21 Oct 2019 05:12:55 GMT
      expires:
      - '-1'
      pragma:
      - no-cache
      strict-transport-security:
      - max-age=31536000; includeSubDomains
      vary:
      - Accept-Encoding
      x-content-type-options:
      - nosniff
    status:
      code: 200
      message: OK
- request:
    body: '{"properties": {"template": {"$schema": "https://schema.management.azure.com/schemas/2015-01-01/deploymentParameters.json#",
      "contentVersion": "1.0.0.0", "resources": []}, "parameters": {}, "mode": "Incremental",
      "onErrorDeployment": {"type": "LastSuccessful"}}}'
    headers:
      Accept:
      - application/json
      Accept-Encoding:
      - gzip, deflate
      CommandName:
      - group deployment create
      Connection:
      - keep-alive
      Content-Length:
      - '262'
      Content-Type:
      - application/json; charset=utf-8
      ParameterSetName:
      - -g -n --template-file --rollback-on-error
      User-Agent:
      - python/3.7.4 (Windows-10-10.0.18362-SP0) msrest/0.6.10 msrest_azure/0.6.2
        azure-mgmt-resource/4.0.0 Azure-SDK-For-Python AZURECLI/2.0.75
      accept-language:
      - en-US
    method: PUT
    uri: https://management.azure.com/subscriptions/00000000-0000-0000-0000-000000000000/resourcegroups/cli_test_on_error_deployment_lastsuccessful000001/providers/Microsoft.Resources/deployments/mock-deployment?api-version=2019-07-01
  response:
    body:
      string: '{"id":"/subscriptions/00000000-0000-0000-0000-000000000000/resourceGroups/cli_test_on_error_deployment_lastsuccessful000001/providers/Microsoft.Resources/deployments/azure-cli-deployment000003","name":"azure-cli-deployment000003","type":"Microsoft.Resources/deployments","properties":{"templateHash":"3965660584125802942","mode":"Incremental","provisioningState":"Accepted","timestamp":"2019-10-21T05:12:59.8477217Z","duration":"PT2.1067286S","correlationId":"dcaa0f2d-ab28-492f-bced-9a58d75634d8","providers":[],"dependencies":[],"onErrorDeployment":{"type":"LastSuccessful","deploymentName":"azure-cli-deployment000002"}}}'
    headers:
      azure-asyncoperation:
      - https://management.azure.com/subscriptions/00000000-0000-0000-0000-000000000000/resourcegroups/cli_test_on_error_deployment_lastsuccessful000001/providers/Microsoft.Resources/deployments/azure-cli-deployment000003/operationStatuses/08586299721077366037?api-version=2019-07-01
      cache-control:
      - no-cache
      content-length:
      - '662'
      content-type:
      - application/json; charset=utf-8
      date:
      - Mon, 21 Oct 2019 05:13:00 GMT
      expires:
      - '-1'
      pragma:
      - no-cache
      strict-transport-security:
      - max-age=31536000; includeSubDomains
      x-content-type-options:
      - nosniff
      x-ms-ratelimit-remaining-subscription-writes:
      - '1199'
    status:
      code: 201
      message: Created
- request:
    body: null
    headers:
      Accept:
      - application/json
      Accept-Encoding:
      - gzip, deflate
      CommandName:
      - group deployment create
      Connection:
      - keep-alive
      ParameterSetName:
      - -g -n --template-file --rollback-on-error
      User-Agent:
      - python/3.7.4 (Windows-10-10.0.18362-SP0) msrest/0.6.10 msrest_azure/0.6.2
        azure-mgmt-resource/4.0.0 Azure-SDK-For-Python AZURECLI/2.0.75
    method: GET
    uri: https://management.azure.com/subscriptions/00000000-0000-0000-0000-000000000000/resourcegroups/cli_test_on_error_deployment_lastsuccessful000001/providers/Microsoft.Resources/deployments/mock-deployment/operationStatuses/08586299721077366037?api-version=2019-07-01
  response:
    body:
      string: '{"status":"Succeeded"}'
    headers:
      cache-control:
      - no-cache
      content-length:
      - '22'
      content-type:
      - application/json; charset=utf-8
      date:
      - Mon, 21 Oct 2019 05:13:31 GMT
      expires:
      - '-1'
      pragma:
      - no-cache
      strict-transport-security:
      - max-age=31536000; includeSubDomains
      vary:
      - Accept-Encoding
      x-content-type-options:
      - nosniff
    status:
      code: 200
      message: OK
- request:
    body: null
    headers:
      Accept:
      - application/json
      Accept-Encoding:
      - gzip, deflate
      CommandName:
      - group deployment create
      Connection:
      - keep-alive
      ParameterSetName:
      - -g -n --template-file --rollback-on-error
      User-Agent:
      - python/3.7.4 (Windows-10-10.0.18362-SP0) msrest/0.6.10 msrest_azure/0.6.2
        azure-mgmt-resource/4.0.0 Azure-SDK-For-Python AZURECLI/2.0.75
    method: GET
    uri: https://management.azure.com/subscriptions/00000000-0000-0000-0000-000000000000/resourcegroups/cli_test_on_error_deployment_lastsuccessful000001/providers/Microsoft.Resources/deployments/mock-deployment?api-version=2019-07-01
  response:
    body:
      string: '{"id":"/subscriptions/00000000-0000-0000-0000-000000000000/resourceGroups/cli_test_on_error_deployment_lastsuccessful000001/providers/Microsoft.Resources/deployments/azure-cli-deployment000003","name":"azure-cli-deployment000003","type":"Microsoft.Resources/deployments","properties":{"templateHash":"3965660584125802942","mode":"Incremental","provisioningState":"Succeeded","timestamp":"2019-10-21T05:13:04.5235135Z","duration":"PT6.7825204S","correlationId":"dcaa0f2d-ab28-492f-bced-9a58d75634d8","providers":[],"dependencies":[],"onErrorDeployment":{"type":"LastSuccessful","deploymentName":"azure-cli-deployment000002"},"outputResources":[]}}'
    headers:
      cache-control:
      - no-cache
      content-length:
      - '684'
      content-type:
      - application/json; charset=utf-8
      date:
      - Mon, 21 Oct 2019 05:13:31 GMT
      expires:
      - '-1'
      pragma:
      - no-cache
      strict-transport-security:
      - max-age=31536000; includeSubDomains
      vary:
      - Accept-Encoding
      x-content-type-options:
      - nosniff
    status:
      code: 200
      message: OK
version: 1
