interactions:
- request:
    body: null
    headers:
      Accept:
      - application/json
      Accept-Encoding:
      - gzip, deflate
      CommandName:
      - network vnet create
      Connection:
      - keep-alive
      ParameterSetName:
      - -g -n
      User-Agent:
      - python/3.7.7 (Windows-10-10.0.18362-SP0) msrest/0.6.9 msrest_azure/0.6.3 azure-mgmt-resource/9.0.0
        Azure-SDK-For-Python AZURECLI/2.5.1
      accept-language:
      - en-US
    method: GET
    uri: https://management.azure.com/subscriptions/00000000-0000-0000-0000-000000000000/resourcegroups/cli_test_rg_scenario000001?api-version=2019-07-01
  response:
    body:
      string: '{"id":"/subscriptions/00000000-0000-0000-0000-000000000000/resourceGroups/cli_test_rg_scenario000001","name":"cli_test_rg_scenario000001","type":"Microsoft.Resources/resourceGroups","location":"westus","tags":{"product":"azurecli","cause":"automation","date":"2020-05-22T18:17:08Z","StorageType":"testStrogae"},"properties":{"provisioningState":"Succeeded"}}'
    headers:
      cache-control:
      - no-cache
      content-length:
      - '456'
      content-type:
      - application/json; charset=utf-8
      date:
      - Fri, 22 May 2020 18:17:12 GMT
      expires:
      - '-1'
      pragma:
      - no-cache
      strict-transport-security:
      - max-age=31536000; includeSubDomains
      vary:
      - Accept-Encoding
      x-content-type-options:
      - nosniff
    status:
      code: 200
      message: OK
- request:
    body: '{"location": "westus", "tags": {}, "properties": {"addressSpace": {"addressPrefixes":
      ["10.0.0.0/16"]}, "dhcpOptions": {}}}'
    headers:
      Accept:
      - application/json
      Accept-Encoding:
      - gzip, deflate
      CommandName:
      - network vnet create
      Connection:
      - keep-alive
      Content-Length:
      - '123'
      Content-Type:
      - application/json; charset=utf-8
      ParameterSetName:
      - -g -n
      User-Agent:
      - python/3.7.7 (Windows-10-10.0.18362-SP0) msrest/0.6.9 msrest_azure/0.6.3 azure-mgmt-network/10.1.0
        Azure-SDK-For-Python AZURECLI/2.5.1
      accept-language:
      - en-US
    method: PUT
    uri: https://management.azure.com/subscriptions/00000000-0000-0000-0000-000000000000/resourceGroups/cli_test_rg_scenario000001/providers/Microsoft.Network/virtualNetworks/vnet1?api-version=2020-04-01
  response:
    body:
      string: "{\r\n  \"name\": \"vnet1\",\r\n  \"id\": \"/subscriptions/00000000-0000-0000-0000-000000000000/resourceGroups/cli_test_rg_scenario000001/providers/Microsoft.Network/virtualNetworks/vnet1\",\r\n
        \ \"etag\": \"W/\\\"3f095d9a-b7cf-486d-b644-7099c50dcc97\\\"\",\r\n  \"type\":
        \"Microsoft.Network/virtualNetworks\",\r\n  \"location\": \"westus\",\r\n
        \ \"tags\": {\r\n    \"costCenter\": \"Contoso/IT/PROD/123456\"\r\n  },\r\n
        \ \"properties\": {\r\n    \"provisioningState\": \"Updating\",\r\n    \"resourceGuid\":
        \"0d5b7728-2038-42d5-b9dd-c21e75ce962c\",\r\n    \"addressSpace\": {\r\n      \"addressPrefixes\":
        [\r\n        \"10.0.0.0/16\"\r\n      ]\r\n    },\r\n    \"dhcpOptions\":
        {\r\n      \"dnsServers\": []\r\n    },\r\n    \"subnets\": [],\r\n    \"virtualNetworkPeerings\":
        [],\r\n    \"enableDdosProtection\": false,\r\n    \"enableVmProtection\":
        false\r\n  }\r\n}"
    headers:
      azure-asyncnotification:
      - Enabled
      azure-asyncoperation:
      - https://management.azure.com/subscriptions/00000000-0000-0000-0000-000000000000/providers/Microsoft.Network/locations/westus/operations/14df1e47-c541-4d5e-af7d-2f785e0e6c8d?api-version=2020-04-01
      cache-control:
      - no-cache
      content-length:
      - '814'
      content-type:
      - application/json; charset=utf-8
      date:
      - Fri, 22 May 2020 18:17:13 GMT
      expires:
      - '-1'
      pragma:
      - no-cache
      server:
      - Microsoft-HTTPAPI/2.0
      - Microsoft-HTTPAPI/2.0
      strict-transport-security:
      - max-age=31536000; includeSubDomains
      x-content-type-options:
      - nosniff
      x-ms-arm-service-request-id:
      - 04d1546b-34c7-4ce8-80a7-c24e72f0cb2d
      x-ms-ratelimit-remaining-subscription-writes:
      - '1199'
    status:
      code: 201
      message: Created
- request:
    body: null
    headers:
      Accept:
      - application/json
      Accept-Encoding:
      - gzip, deflate
      CommandName:
      - network vnet create
      Connection:
      - keep-alive
      ParameterSetName:
      - -g -n
      User-Agent:
      - python/3.7.7 (Windows-10-10.0.18362-SP0) msrest/0.6.9 msrest_azure/0.6.3 azure-mgmt-network/10.1.0
        Azure-SDK-For-Python AZURECLI/2.5.1
    method: GET
    uri: https://management.azure.com/subscriptions/00000000-0000-0000-0000-000000000000/providers/Microsoft.Network/locations/westus/operations/14df1e47-c541-4d5e-af7d-2f785e0e6c8d?api-version=2020-04-01
  response:
    body:
      string: "{\r\n  \"status\": \"Succeeded\"\r\n}"
    headers:
      cache-control:
      - no-cache
      content-length:
      - '29'
      content-type:
      - application/json; charset=utf-8
      date:
      - Fri, 22 May 2020 18:17:16 GMT
      expires:
      - '-1'
      pragma:
      - no-cache
      server:
      - Microsoft-HTTPAPI/2.0
      - Microsoft-HTTPAPI/2.0
      strict-transport-security:
      - max-age=31536000; includeSubDomains
      transfer-encoding:
      - chunked
      vary:
      - Accept-Encoding
      x-content-type-options:
      - nosniff
      x-ms-arm-service-request-id:
      - aeb586d8-c43b-47f6-ab07-b47b279ff40c
    status:
      code: 200
      message: OK
- request:
    body: null
    headers:
      Accept:
      - application/json
      Accept-Encoding:
      - gzip, deflate
      CommandName:
      - network vnet create
      Connection:
      - keep-alive
      ParameterSetName:
      - -g -n
      User-Agent:
      - python/3.7.7 (Windows-10-10.0.18362-SP0) msrest/0.6.9 msrest_azure/0.6.3 azure-mgmt-network/10.1.0
        Azure-SDK-For-Python AZURECLI/2.5.1
    method: GET
    uri: https://management.azure.com/subscriptions/00000000-0000-0000-0000-000000000000/resourceGroups/cli_test_rg_scenario000001/providers/Microsoft.Network/virtualNetworks/vnet1?api-version=2020-04-01
  response:
    body:
      string: "{\r\n  \"name\": \"vnet1\",\r\n  \"id\": \"/subscriptions/00000000-0000-0000-0000-000000000000/resourceGroups/cli_test_rg_scenario000001/providers/Microsoft.Network/virtualNetworks/vnet1\",\r\n
        \ \"etag\": \"W/\\\"b91ba743-3872-4739-978b-7fc25edcc7ad\\\"\",\r\n  \"type\":
        \"Microsoft.Network/virtualNetworks\",\r\n  \"location\": \"westus\",\r\n
        \ \"tags\": {\r\n    \"costCenter\": \"Contoso/IT/PROD/123456\"\r\n  },\r\n
        \ \"properties\": {\r\n    \"provisioningState\": \"Succeeded\",\r\n    \"resourceGuid\":
        \"0d5b7728-2038-42d5-b9dd-c21e75ce962c\",\r\n    \"addressSpace\": {\r\n      \"addressPrefixes\":
        [\r\n        \"10.0.0.0/16\"\r\n      ]\r\n    },\r\n    \"dhcpOptions\":
        {\r\n      \"dnsServers\": []\r\n    },\r\n    \"subnets\": [],\r\n    \"virtualNetworkPeerings\":
        [],\r\n    \"enableDdosProtection\": false,\r\n    \"enableVmProtection\":
        false\r\n  }\r\n}"
    headers:
      cache-control:
      - no-cache
      content-length:
      - '815'
      content-type:
      - application/json; charset=utf-8
      date:
      - Fri, 22 May 2020 18:17:17 GMT
      etag:
      - W/"b91ba743-3872-4739-978b-7fc25edcc7ad"
      expires:
      - '-1'
      pragma:
      - no-cache
      server:
      - Microsoft-HTTPAPI/2.0
      - Microsoft-HTTPAPI/2.0
      strict-transport-security:
      - max-age=31536000; includeSubDomains
      transfer-encoding:
      - chunked
      vary:
      - Accept-Encoding
      x-content-type-options:
      - nosniff
      x-ms-arm-service-request-id:
      - 19d437a8-19cd-45af-b63e-acf3cdd07908
    status:
      code: 200
      message: OK
- request:
    body: null
    headers:
      Accept:
      - application/json
      Accept-Encoding:
      - gzip, deflate
      CommandName:
      - network vnet show
      Connection:
      - keep-alive
      ParameterSetName:
      - -g -n
      User-Agent:
      - python/3.7.7 (Windows-10-10.0.18362-SP0) msrest/0.6.9 msrest_azure/0.6.3 azure-mgmt-network/10.1.0
        Azure-SDK-For-Python AZURECLI/2.5.1
      accept-language:
      - en-US
    method: GET
    uri: https://management.azure.com/subscriptions/00000000-0000-0000-0000-000000000000/resourceGroups/cli_test_rg_scenario000001/providers/Microsoft.Network/virtualNetworks/vnet1?api-version=2020-04-01
  response:
    body:
      string: "{\r\n  \"name\": \"vnet1\",\r\n  \"id\": \"/subscriptions/00000000-0000-0000-0000-000000000000/resourceGroups/cli_test_rg_scenario000001/providers/Microsoft.Network/virtualNetworks/vnet1\",\r\n
        \ \"etag\": \"W/\\\"b91ba743-3872-4739-978b-7fc25edcc7ad\\\"\",\r\n  \"type\":
        \"Microsoft.Network/virtualNetworks\",\r\n  \"location\": \"westus\",\r\n
        \ \"tags\": {\r\n    \"costCenter\": \"Contoso/IT/PROD/123456\"\r\n  },\r\n
        \ \"properties\": {\r\n    \"provisioningState\": \"Succeeded\",\r\n    \"resourceGuid\":
        \"0d5b7728-2038-42d5-b9dd-c21e75ce962c\",\r\n    \"addressSpace\": {\r\n      \"addressPrefixes\":
        [\r\n        \"10.0.0.0/16\"\r\n      ]\r\n    },\r\n    \"dhcpOptions\":
        {\r\n      \"dnsServers\": []\r\n    },\r\n    \"subnets\": [],\r\n    \"virtualNetworkPeerings\":
        [],\r\n    \"enableDdosProtection\": false,\r\n    \"enableVmProtection\":
        false\r\n  }\r\n}"
    headers:
      cache-control:
      - no-cache
      content-length:
      - '815'
      content-type:
      - application/json; charset=utf-8
      date:
      - Fri, 22 May 2020 18:17:17 GMT
      etag:
      - W/"b91ba743-3872-4739-978b-7fc25edcc7ad"
      expires:
      - '-1'
      pragma:
      - no-cache
      server:
      - Microsoft-HTTPAPI/2.0
      - Microsoft-HTTPAPI/2.0
      strict-transport-security:
      - max-age=31536000; includeSubDomains
      transfer-encoding:
      - chunked
      vary:
      - Accept-Encoding
      x-content-type-options:
      - nosniff
      x-ms-arm-service-request-id:
      - 656853f2-0df3-4712-aedc-375b95f51af8
    status:
      code: 200
      message: OK
- request:
    body: 'b''{"resources": ["/subscriptions/00000000-0000-0000-0000-000000000000/resourceGroups/cli_test_rg_scenario000001/providers/Microsoft.Network/virtualNetworks/vnet1"],
      "options": "SkipAllParameterization"}'''
    headers:
      Accept:
      - application/json
      Accept-Encoding:
      - gzip, deflate
      CommandName:
      - group export
      Connection:
      - keep-alive
      Content-Length:
      - '249'
      Content-Type:
      - application/json; charset=utf-8
      ParameterSetName:
      - --name --resource-ids --skip-all-params --query
      User-Agent:
      - python/3.7.7 (Windows-10-10.0.18362-SP0) msrest/0.6.9 msrest_azure/0.6.3 azure-mgmt-resource/9.0.0
        Azure-SDK-For-Python AZURECLI/2.5.1
      accept-language:
      - en-US
    method: POST
    uri: https://management.azure.com/subscriptions/00000000-0000-0000-0000-000000000000/resourcegroups/cli_test_rg_scenario000001/exportTemplate?api-version=2019-07-01
  response:
    body:
      string: '{"template":{"$schema":"https://schema.management.azure.com/schemas/2015-01-01/deploymentTemplate.json#","contentVersion":"1.0.0.0","parameters":{},"variables":{},"resources":[{"type":"Microsoft.Network/virtualNetworks","apiVersion":"2020-04-01","name":"vnet1","location":"westus","tags":{"costCenter":"Contoso/IT/PROD/123456"},"properties":{"addressSpace":{"addressPrefixes":["10.0.0.0/16"]},"dhcpOptions":{"dnsServers":[]},"subnets":[],"virtualNetworkPeerings":[],"enableDdosProtection":false,"enableVmProtection":false}}]}}'
    headers:
      cache-control:
      - no-cache
      content-length:
      - '526'
      content-type:
      - application/json; charset=utf-8
      date:
      - Fri, 22 May 2020 18:17:18 GMT
      expires:
      - '-1'
      pragma:
      - no-cache
      strict-transport-security:
      - max-age=31536000; includeSubDomains
      vary:
      - Accept-Encoding
      x-content-type-options:
      - nosniff
    status:
      code: 200
      message: OK
version: 1
