interactions:
- request:
    body: "{\"properties\": {\"parameters\": {\"location\": {\"value\": \"westus\"},
      \"name\": {\"value\": \"azure-cli-deploy-test-nsg1\"}}, \"mode\": \"Incremental\",
      template:{\n  \"$schema\": \"https://schema.management.azure.com/schemas/2015-01-01/deploymentTemplate.json#\",\n
      \ \"contentVersion\": \"1.0.0.0\",\n  \"parameters\": {\n    \"location\": {\n
      \     \"type\": \"string\",\n      \"defaultValue\": \"[resourceGroup().location]\",\n
      \     \"metadata\": {\n        \"description\": \"Location for the network security
      group.\"\n      }\n    },\n    \"name\": {\n      \"type\": \"string\",\n      \"metadata\":
      {\n        \"description\": \"Name of the network security group.\"\n      }\n
      \   }\n  },\n  \"variables\": {\n  },\n  \"resources\": [\n    {\n      \"type\":
      \"Microsoft.Network/networkSecurityGroups\",\n      \"name\": \"[parameters('name')]\",\n
      \     \"apiVersion\": \"2015-06-15\",\n      \"location\": \"[parameters('location')]\",\n
      \     \"properties\": {\n        \"securityRules\": [\n        ]\n      },\n
      \     \"dependsOn\": [ ]\n    }\n  ],\n  \"outputs\": {\n    \"NewNSG\": {\n
      \     /** comment1\n          comment2\n          comment3\n      **/\n      //
      comment\n      /** comment **/\n      \"type\": \"object\", /** comment **/\n
      \     \"value\": \"[reference(parameters('name'))]\" // comment\n      // comment\n
      \     /** comment **/\n      /** comment1\n          comment2\n          comment3\n
      \     **/\n    }\n  } // comment\n}\n}}"
    headers:
      Accept:
      - application/json
      Accept-Encoding:
      - gzip, deflate
      CommandName:
      - group deployment create
      Connection:
      - keep-alive
      Content-Length:
      - '1316'
      Content-Type:
      - application/json
      ParameterSetName:
      - -g -n --template-file --parameters --no-wait
      User-Agent:
      - AZURECLI/2.44.1 azsdk-python-azure-mgmt-resource/22.0.0 Python/3.10.9 (Linux-5.15.0-1031-azure-x86_64-with-glibc2.31)
        VSTS_7b238909-6802-4b65-b90d-184bca47f458_build_220_0
    method: POST
    uri: https://management.azure.com/subscriptions/00000000-0000-0000-0000-000000000000/resourcegroups/cli_test_group_deployment_no_wait000001/providers/Microsoft.Resources/deployments/mock-deployment/validate?api-version=2022-09-01
  response:
    body:
      string: '{"id":"/subscriptions/00000000-0000-0000-0000-000000000000/resourceGroups/cli_test_group_deployment_no_wait000001/providers/Microsoft.Resources/deployments/azure-cli-deployment","name":"azure-cli-deployment","type":"Microsoft.Resources/deployments","properties":{"templateHash":"6836373655278635521","parameters":{"location":{"type":"String","value":"westus"},"name":{"type":"String","value":"azure-cli-deploy-test-nsg1"}},"mode":"Incremental","provisioningState":"Succeeded","timestamp":"0001-01-01T00:00:00Z","duration":"PT0S","correlationId":"b5132530-ed73-4a31-a897-b10b8d898f81","providers":[{"namespace":"Microsoft.Network","resourceTypes":[{"resourceType":"networkSecurityGroups","locations":["westus"]}]}],"dependencies":[],"validatedResources":[{"id":"/subscriptions/00000000-0000-0000-0000-000000000000/resourceGroups/cli_test_group_deployment_no_wait000001/providers/Microsoft.Network/networkSecurityGroups/azure-cli-deploy-test-nsg1"}]}}'
    headers:
      cache-control:
      - no-cache
      content-length:
      - '949'
      content-type:
      - application/json; charset=utf-8
      date:
      - Sat, 28 Jan 2023 14:03:24 GMT
      expires:
      - '-1'
      pragma:
      - no-cache
      strict-transport-security:
      - max-age=31536000; includeSubDomains
      x-content-type-options:
      - nosniff
      x-ms-ratelimit-remaining-subscription-writes:
      - '1196'
    status:
      code: 200
      message: OK
- request:
    body: "{\"properties\": {\"parameters\": {\"location\": {\"value\": \"westus\"},
      \"name\": {\"value\": \"azure-cli-deploy-test-nsg1\"}}, \"mode\": \"Incremental\",
      template:{\n  \"$schema\": \"https://schema.management.azure.com/schemas/2015-01-01/deploymentTemplate.json#\",\n
      \ \"contentVersion\": \"1.0.0.0\",\n  \"parameters\": {\n    \"location\": {\n
      \     \"type\": \"string\",\n      \"defaultValue\": \"[resourceGroup().location]\",\n
      \     \"metadata\": {\n        \"description\": \"Location for the network security
      group.\"\n      }\n    },\n    \"name\": {\n      \"type\": \"string\",\n      \"metadata\":
      {\n        \"description\": \"Name of the network security group.\"\n      }\n
      \   }\n  },\n  \"variables\": {\n  },\n  \"resources\": [\n    {\n      \"type\":
      \"Microsoft.Network/networkSecurityGroups\",\n      \"name\": \"[parameters('name')]\",\n
      \     \"apiVersion\": \"2015-06-15\",\n      \"location\": \"[parameters('location')]\",\n
      \     \"properties\": {\n        \"securityRules\": [\n        ]\n      },\n
      \     \"dependsOn\": [ ]\n    }\n  ],\n  \"outputs\": {\n    \"NewNSG\": {\n
      \     /** comment1\n          comment2\n          comment3\n      **/\n      //
      comment\n      /** comment **/\n      \"type\": \"object\", /** comment **/\n
      \     \"value\": \"[reference(parameters('name'))]\" // comment\n      // comment\n
      \     /** comment **/\n      /** comment1\n          comment2\n          comment3\n
      \     **/\n    }\n  } // comment\n}\n}}"
    headers:
      Accept:
      - application/json
      Accept-Encoding:
      - gzip, deflate
      CommandName:
      - group deployment create
      Connection:
      - keep-alive
      Content-Length:
      - '1316'
      Content-Type:
      - application/json
      ParameterSetName:
      - -g -n --template-file --parameters --no-wait
      User-Agent:
      - AZURECLI/2.44.1 azsdk-python-azure-mgmt-resource/22.0.0 Python/3.10.9 (Linux-5.15.0-1031-azure-x86_64-with-glibc2.31)
        VSTS_7b238909-6802-4b65-b90d-184bca47f458_build_220_0
    method: PUT
    uri: https://management.azure.com/subscriptions/00000000-0000-0000-0000-000000000000/resourcegroups/cli_test_group_deployment_no_wait000001/providers/Microsoft.Resources/deployments/mock-deployment?api-version=2022-09-01
  response:
    body:
      string: '{"id":"/subscriptions/00000000-0000-0000-0000-000000000000/resourceGroups/cli_test_group_deployment_no_wait000001/providers/Microsoft.Resources/deployments/azure-cli-deployment","name":"azure-cli-deployment","type":"Microsoft.Resources/deployments","properties":{"templateHash":"6836373655278635521","parameters":{"location":{"type":"String","value":"westus"},"name":{"type":"String","value":"azure-cli-deploy-test-nsg1"}},"mode":"Incremental","provisioningState":"Accepted","timestamp":"2023-01-28T14:03:26.1998479Z","duration":"PT0.0001689S","correlationId":"78f78879-d425-4b5c-a883-d0d27215d6f0","providers":[{"namespace":"Microsoft.Network","resourceTypes":[{"resourceType":"networkSecurityGroups","locations":["westus"]}]}],"dependencies":[]}}'
    headers:
      azure-asyncoperation:
      - https://management.azure.com/subscriptions/00000000-0000-0000-0000-000000000000/resourcegroups/cli_test_group_deployment_no_wait000001/providers/Microsoft.Resources/deployments/azure-cli-deployment/operationStatuses/08585266922802599996?api-version=2022-09-01
      cache-control:
      - no-cache
      content-length:
      - '748'
      content-type:
      - application/json; charset=utf-8
      date:
      - Sat, 28 Jan 2023 14:03:26 GMT
      expires:
      - '-1'
      pragma:
      - no-cache
      strict-transport-security:
      - max-age=31536000; includeSubDomains
      x-content-type-options:
      - nosniff
      x-ms-ratelimit-remaining-subscription-writes:
      - '1174'
    status:
      code: 201
      message: Created
- request:
    body: null
    headers:
      Accept:
      - application/json
      Accept-Encoding:
      - gzip, deflate
      CommandName:
      - group deployment wait
      Connection:
      - keep-alive
      ParameterSetName:
      - -g -n --created
      User-Agent:
      - AZURECLI/2.44.1 azsdk-python-azure-mgmt-resource/22.0.0 Python/3.10.9 (Linux-5.15.0-1031-azure-x86_64-with-glibc2.31)
        VSTS_7b238909-6802-4b65-b90d-184bca47f458_build_220_0
    method: GET
    uri: https://management.azure.com/subscriptions/00000000-0000-0000-0000-000000000000/resourcegroups/cli_test_group_deployment_no_wait000001/providers/Microsoft.Resources/deployments/mock-deployment?api-version=2022-09-01
  response:
    body:
      string: '{"id":"/subscriptions/00000000-0000-0000-0000-000000000000/resourceGroups/cli_test_group_deployment_no_wait000001/providers/Microsoft.Resources/deployments/azure-cli-deployment","name":"azure-cli-deployment","type":"Microsoft.Resources/deployments","properties":{"templateHash":"6836373655278635521","parameters":{"location":{"type":"String","value":"westus"},"name":{"type":"String","value":"azure-cli-deploy-test-nsg1"}},"mode":"Incremental","provisioningState":"Accepted","timestamp":"2023-01-28T14:03:26.1998479Z","duration":"PT0.0001689S","correlationId":"78f78879-d425-4b5c-a883-d0d27215d6f0","providers":[{"namespace":"Microsoft.Network","resourceTypes":[{"resourceType":"networkSecurityGroups","locations":["westus"]}]}],"dependencies":[]}}'
    headers:
      cache-control:
      - no-cache
      content-length:
      - '748'
      content-type:
      - application/json; charset=utf-8
      date:
      - Sat, 28 Jan 2023 14:03:26 GMT
      expires:
      - '-1'
      pragma:
      - no-cache
      strict-transport-security:
      - max-age=31536000; includeSubDomains
      vary:
      - Accept-Encoding
      x-content-type-options:
      - nosniff
    status:
      code: 200
      message: OK
- request:
    body: null
    headers:
      Accept:
      - application/json
      Accept-Encoding:
      - gzip, deflate
      CommandName:
      - group deployment wait
      Connection:
      - keep-alive
      ParameterSetName:
      - -g -n --created
      User-Agent:
      - AZURECLI/2.44.1 azsdk-python-azure-mgmt-resource/22.0.0 Python/3.10.9 (Linux-5.15.0-1031-azure-x86_64-with-glibc2.31)
        VSTS_7b238909-6802-4b65-b90d-184bca47f458_build_220_0
    method: GET
    uri: https://management.azure.com/subscriptions/00000000-0000-0000-0000-000000000000/resourcegroups/cli_test_group_deployment_no_wait000001/providers/Microsoft.Resources/deployments/mock-deployment?api-version=2022-09-01
  response:
    body:
      string: '{"id":"/subscriptions/00000000-0000-0000-0000-000000000000/resourceGroups/cli_test_group_deployment_no_wait000001/providers/Microsoft.Resources/deployments/azure-cli-deployment","name":"azure-cli-deployment","type":"Microsoft.Resources/deployments","properties":{"templateHash":"6836373655278635521","parameters":{"location":{"type":"String","value":"westus"},"name":{"type":"String","value":"azure-cli-deploy-test-nsg1"}},"mode":"Incremental","provisioningState":"Succeeded","timestamp":"2023-01-28T14:03:32.5712857Z","duration":"PT6.3716067S","correlationId":"78f78879-d425-4b5c-a883-d0d27215d6f0","providers":[{"namespace":"Microsoft.Network","resourceTypes":[{"resourceType":"networkSecurityGroups","locations":["westus"]}]}],"dependencies":[],"outputs":{"newNSG":{"type":"Object","value":{"provisioningState":"Succeeded","resourceGuid":"539089b6-62cd-4e1d-bfc1-7863e0da6cd2","securityRules":[],"defaultSecurityRules":[{"name":"AllowVnetInBound","id":"/subscriptions/00000000-0000-0000-0000-000000000000/resourceGroups/cli_test_group_deployment_no_wait000001/providers/Microsoft.Network/networkSecurityGroups/azure-cli-deploy-test-nsg1/defaultSecurityRules/AllowVnetInBound","etag":"W/\"a2892850-b3c5-46c3-88de-bd533b766ccd\"","type":"Microsoft.Network/networkSecurityGroups/defaultSecurityRules","properties":{"provisioningState":"Succeeded","description":"Allow
        inbound traffic from all VMs in VNET","protocol":"*","sourcePortRange":"*","destinationPortRange":"*","sourceAddressPrefix":"VirtualNetwork","destinationAddressPrefix":"VirtualNetwork","access":"Allow","priority":65000,"direction":"Inbound"}},{"name":"AllowAzureLoadBalancerInBound","id":"/subscriptions/00000000-0000-0000-0000-000000000000/resourceGroups/cli_test_group_deployment_no_wait000001/providers/Microsoft.Network/networkSecurityGroups/azure-cli-deploy-test-nsg1/defaultSecurityRules/AllowAzureLoadBalancerInBound","etag":"W/\"a2892850-b3c5-46c3-88de-bd533b766ccd\"","type":"Microsoft.Network/networkSecurityGroups/defaultSecurityRules","properties":{"provisioningState":"Succeeded","description":"Allow
        inbound traffic from azure load balancer","protocol":"*","sourcePortRange":"*","destinationPortRange":"*","sourceAddressPrefix":"AzureLoadBalancer","destinationAddressPrefix":"*","access":"Allow","priority":65001,"direction":"Inbound"}},{"name":"DenyAllInBound","id":"/subscriptions/00000000-0000-0000-0000-000000000000/resourceGroups/cli_test_group_deployment_no_wait000001/providers/Microsoft.Network/networkSecurityGroups/azure-cli-deploy-test-nsg1/defaultSecurityRules/DenyAllInBound","etag":"W/\"a2892850-b3c5-46c3-88de-bd533b766ccd\"","type":"Microsoft.Network/networkSecurityGroups/defaultSecurityRules","properties":{"provisioningState":"Succeeded","description":"Deny
        all inbound traffic","protocol":"*","sourcePortRange":"*","destinationPortRange":"*","sourceAddressPrefix":"*","destinationAddressPrefix":"*","access":"Deny","priority":65500,"direction":"Inbound"}},{"name":"AllowVnetOutBound","id":"/subscriptions/00000000-0000-0000-0000-000000000000/resourceGroups/cli_test_group_deployment_no_wait000001/providers/Microsoft.Network/networkSecurityGroups/azure-cli-deploy-test-nsg1/defaultSecurityRules/AllowVnetOutBound","etag":"W/\"a2892850-b3c5-46c3-88de-bd533b766ccd\"","type":"Microsoft.Network/networkSecurityGroups/defaultSecurityRules","properties":{"provisioningState":"Succeeded","description":"Allow
        outbound traffic from all VMs to all VMs in VNET","protocol":"*","sourcePortRange":"*","destinationPortRange":"*","sourceAddressPrefix":"VirtualNetwork","destinationAddressPrefix":"VirtualNetwork","access":"Allow","priority":65000,"direction":"Outbound"}},{"name":"AllowInternetOutBound","id":"/subscriptions/00000000-0000-0000-0000-000000000000/resourceGroups/cli_test_group_deployment_no_wait000001/providers/Microsoft.Network/networkSecurityGroups/azure-cli-deploy-test-nsg1/defaultSecurityRules/AllowInternetOutBound","etag":"W/\"a2892850-b3c5-46c3-88de-bd533b766ccd\"","type":"Microsoft.Network/networkSecurityGroups/defaultSecurityRules","properties":{"provisioningState":"Succeeded","description":"Allow
        outbound traffic from all VMs to Internet","protocol":"*","sourcePortRange":"*","destinationPortRange":"*","sourceAddressPrefix":"*","destinationAddressPrefix":"Internet","access":"Allow","priority":65001,"direction":"Outbound"}},{"name":"DenyAllOutBound","id":"/subscriptions/00000000-0000-0000-0000-000000000000/resourceGroups/cli_test_group_deployment_no_wait000001/providers/Microsoft.Network/networkSecurityGroups/azure-cli-deploy-test-nsg1/defaultSecurityRules/DenyAllOutBound","etag":"W/\"a2892850-b3c5-46c3-88de-bd533b766ccd\"","type":"Microsoft.Network/networkSecurityGroups/defaultSecurityRules","properties":{"provisioningState":"Succeeded","description":"Deny
        all outbound traffic","protocol":"*","sourcePortRange":"*","destinationPortRange":"*","sourceAddressPrefix":"*","destinationAddressPrefix":"*","access":"Deny","priority":65500,"direction":"Outbound"}}]}}},"outputResources":[{"id":"/subscriptions/00000000-0000-0000-0000-000000000000/resourceGroups/cli_test_group_deployment_no_wait000001/providers/Microsoft.Network/networkSecurityGroups/azure-cli-deploy-test-nsg1"}]}}'
    headers:
      cache-control:
      - no-cache
      content-length:
      - '5207'
      content-type:
      - application/json; charset=utf-8
      date:
      - Sat, 28 Jan 2023 14:03:56 GMT
      expires:
      - '-1'
      pragma:
      - no-cache
      strict-transport-security:
      - max-age=31536000; includeSubDomains
      vary:
      - Accept-Encoding
      x-content-type-options:
      - nosniff
    status:
      code: 200
      message: OK
- request:
    body: null
    headers:
      Accept:
      - application/json
      Accept-Encoding:
      - gzip, deflate
      CommandName:
      - group deployment show
      Connection:
      - keep-alive
      ParameterSetName:
      - -g -n
      User-Agent:
      - AZURECLI/2.44.1 azsdk-python-azure-mgmt-resource/22.0.0 Python/3.10.9 (Linux-5.15.0-1031-azure-x86_64-with-glibc2.31)
        VSTS_7b238909-6802-4b65-b90d-184bca47f458_build_220_0
    method: GET
    uri: https://management.azure.com/subscriptions/00000000-0000-0000-0000-000000000000/resourcegroups/cli_test_group_deployment_no_wait000001/providers/Microsoft.Resources/deployments/mock-deployment?api-version=2022-09-01
  response:
    body:
      string: '{"id":"/subscriptions/00000000-0000-0000-0000-000000000000/resourceGroups/cli_test_group_deployment_no_wait000001/providers/Microsoft.Resources/deployments/azure-cli-deployment","name":"azure-cli-deployment","type":"Microsoft.Resources/deployments","properties":{"templateHash":"6836373655278635521","parameters":{"location":{"type":"String","value":"westus"},"name":{"type":"String","value":"azure-cli-deploy-test-nsg1"}},"mode":"Incremental","provisioningState":"Succeeded","timestamp":"2023-01-28T14:03:32.5712857Z","duration":"PT6.3716067S","correlationId":"78f78879-d425-4b5c-a883-d0d27215d6f0","providers":[{"namespace":"Microsoft.Network","resourceTypes":[{"resourceType":"networkSecurityGroups","locations":["westus"]}]}],"dependencies":[],"outputs":{"newNSG":{"type":"Object","value":{"provisioningState":"Succeeded","resourceGuid":"539089b6-62cd-4e1d-bfc1-7863e0da6cd2","securityRules":[],"defaultSecurityRules":[{"name":"AllowVnetInBound","id":"/subscriptions/00000000-0000-0000-0000-000000000000/resourceGroups/cli_test_group_deployment_no_wait000001/providers/Microsoft.Network/networkSecurityGroups/azure-cli-deploy-test-nsg1/defaultSecurityRules/AllowVnetInBound","etag":"W/\"a2892850-b3c5-46c3-88de-bd533b766ccd\"","type":"Microsoft.Network/networkSecurityGroups/defaultSecurityRules","properties":{"provisioningState":"Succeeded","description":"Allow
        inbound traffic from all VMs in VNET","protocol":"*","sourcePortRange":"*","destinationPortRange":"*","sourceAddressPrefix":"VirtualNetwork","destinationAddressPrefix":"VirtualNetwork","access":"Allow","priority":65000,"direction":"Inbound"}},{"name":"AllowAzureLoadBalancerInBound","id":"/subscriptions/00000000-0000-0000-0000-000000000000/resourceGroups/cli_test_group_deployment_no_wait000001/providers/Microsoft.Network/networkSecurityGroups/azure-cli-deploy-test-nsg1/defaultSecurityRules/AllowAzureLoadBalancerInBound","etag":"W/\"a2892850-b3c5-46c3-88de-bd533b766ccd\"","type":"Microsoft.Network/networkSecurityGroups/defaultSecurityRules","properties":{"provisioningState":"Succeeded","description":"Allow
        inbound traffic from azure load balancer","protocol":"*","sourcePortRange":"*","destinationPortRange":"*","sourceAddressPrefix":"AzureLoadBalancer","destinationAddressPrefix":"*","access":"Allow","priority":65001,"direction":"Inbound"}},{"name":"DenyAllInBound","id":"/subscriptions/00000000-0000-0000-0000-000000000000/resourceGroups/cli_test_group_deployment_no_wait000001/providers/Microsoft.Network/networkSecurityGroups/azure-cli-deploy-test-nsg1/defaultSecurityRules/DenyAllInBound","etag":"W/\"a2892850-b3c5-46c3-88de-bd533b766ccd\"","type":"Microsoft.Network/networkSecurityGroups/defaultSecurityRules","properties":{"provisioningState":"Succeeded","description":"Deny
        all inbound traffic","protocol":"*","sourcePortRange":"*","destinationPortRange":"*","sourceAddressPrefix":"*","destinationAddressPrefix":"*","access":"Deny","priority":65500,"direction":"Inbound"}},{"name":"AllowVnetOutBound","id":"/subscriptions/00000000-0000-0000-0000-000000000000/resourceGroups/cli_test_group_deployment_no_wait000001/providers/Microsoft.Network/networkSecurityGroups/azure-cli-deploy-test-nsg1/defaultSecurityRules/AllowVnetOutBound","etag":"W/\"a2892850-b3c5-46c3-88de-bd533b766ccd\"","type":"Microsoft.Network/networkSecurityGroups/defaultSecurityRules","properties":{"provisioningState":"Succeeded","description":"Allow
        outbound traffic from all VMs to all VMs in VNET","protocol":"*","sourcePortRange":"*","destinationPortRange":"*","sourceAddressPrefix":"VirtualNetwork","destinationAddressPrefix":"VirtualNetwork","access":"Allow","priority":65000,"direction":"Outbound"}},{"name":"AllowInternetOutBound","id":"/subscriptions/00000000-0000-0000-0000-000000000000/resourceGroups/cli_test_group_deployment_no_wait000001/providers/Microsoft.Network/networkSecurityGroups/azure-cli-deploy-test-nsg1/defaultSecurityRules/AllowInternetOutBound","etag":"W/\"a2892850-b3c5-46c3-88de-bd533b766ccd\"","type":"Microsoft.Network/networkSecurityGroups/defaultSecurityRules","properties":{"provisioningState":"Succeeded","description":"Allow
        outbound traffic from all VMs to Internet","protocol":"*","sourcePortRange":"*","destinationPortRange":"*","sourceAddressPrefix":"*","destinationAddressPrefix":"Internet","access":"Allow","priority":65001,"direction":"Outbound"}},{"name":"DenyAllOutBound","id":"/subscriptions/00000000-0000-0000-0000-000000000000/resourceGroups/cli_test_group_deployment_no_wait000001/providers/Microsoft.Network/networkSecurityGroups/azure-cli-deploy-test-nsg1/defaultSecurityRules/DenyAllOutBound","etag":"W/\"a2892850-b3c5-46c3-88de-bd533b766ccd\"","type":"Microsoft.Network/networkSecurityGroups/defaultSecurityRules","properties":{"provisioningState":"Succeeded","description":"Deny
        all outbound traffic","protocol":"*","sourcePortRange":"*","destinationPortRange":"*","sourceAddressPrefix":"*","destinationAddressPrefix":"*","access":"Deny","priority":65500,"direction":"Outbound"}}]}}},"outputResources":[{"id":"/subscriptions/00000000-0000-0000-0000-000000000000/resourceGroups/cli_test_group_deployment_no_wait000001/providers/Microsoft.Network/networkSecurityGroups/azure-cli-deploy-test-nsg1"}]}}'
    headers:
      cache-control:
      - no-cache
      content-length:
      - '5207'
      content-type:
      - application/json; charset=utf-8
      date:
      - Sat, 28 Jan 2023 14:03:56 GMT
      expires:
      - '-1'
      pragma:
      - no-cache
      strict-transport-security:
      - max-age=31536000; includeSubDomains
      vary:
      - Accept-Encoding
      x-content-type-options:
      - nosniff
    status:
      code: 200
      message: OK
version: 1
