interactions:
- request:
    body: null
    headers:
      Accept:
      - application/json
      Accept-Encoding:
      - gzip, deflate
      CommandName:
      - account management-group create
      Connection:
      - keep-alive
      Content-Length:
      - '0'
      ParameterSetName:
      - --name
      User-Agent:
      - python/3.6.5 (Windows-10-10.0.17134-SP0) msrest/0.6.10 msrest_azure/0.6.1
        azure-mgmt-resource/4.0.0 Azure-SDK-For-Python AZURECLI/2.0.74
      accept-language:
      - en-US
    method: POST
    uri: https://management.azure.com/subscriptions/00000000-0000-0000-0000-000000000000/providers/Microsoft.Management/register?api-version=2019-07-01
  response:
    body:
      string: '{"id":"/subscriptions/00000000-0000-0000-0000-000000000000/providers/Microsoft.Management","namespace":"Microsoft.Management","authorization":{"applicationId":"f2c304cf-8e7e-4c3f-8164-16299ad9d272","roleDefinitionId":"c1cf3708-588a-4647-be7f-f400bbe214cf"},"resourceTypes":[{"resourceType":"resources","locations":[],"apiVersions":["2017-11-01-preview","2017-08-31-preview","2017-06-30-preview","2017-05-31-preview"],"capabilities":"None"},{"resourceType":"managementGroups","locations":[],"apiVersions":["2018-03-01-preview","2018-03-01-beta","2018-01-01-preview","2017-11-01-preview","2017-08-31-preview","2017-06-30-preview","2017-05-31-preview"],"capabilities":"None"},{"resourceType":"getEntities","locations":[],"apiVersions":["2018-03-01-preview","2018-03-01-beta","2018-01-01-preview"],"capabilities":"None"},{"resourceType":"checkNameAvailability","locations":[],"apiVersions":["2018-03-01-preview","2018-03-01-beta","2018-01-01-preview"],"capabilities":"None"},{"resourceType":"operationResults","locations":[],"apiVersions":["2018-03-01-preview","2018-03-01-beta","2018-01-01-preview"],"capabilities":"None"},{"resourceType":"operations","locations":[],"apiVersions":["2018-03-01-preview","2018-03-01-beta","2018-01-01-preview","2017-11-01-preview","2017-08-31-preview","2017-06-30-preview","2017-05-31-preview"],"capabilities":"None"},{"resourceType":"tenantBackfillStatus","locations":[],"apiVersions":["2018-03-01-preview","2018-03-01-beta"],"capabilities":"None"},{"resourceType":"startTenantBackfill","locations":[],"apiVersions":["2018-03-01-preview","2018-03-01-beta"],"capabilities":"None"}],"registrationState":"Registered","registrationPolicy":"RegistrationRequired"}'
    headers:
      cache-control:
      - no-cache
      content-length:
      - '1688'
      content-type:
      - application/json; charset=utf-8
      date:
      - Fri, 04 Oct 2019 23:53:28 GMT
      expires:
      - '-1'
      pragma:
      - no-cache
      strict-transport-security:
      - max-age=31536000; includeSubDomains
      transfer-encoding:
      - chunked
      vary:
      - Accept-Encoding
      x-content-type-options:
      - nosniff
      x-ms-ratelimit-remaining-subscription-writes:
      - '1199'
    status:
      code: 200
      message: OK
- request:
    body: null
    headers:
      Accept:
      - application/json
      Accept-Encoding:
      - gzip, deflate
      CommandName:
      - account management-group create
      Connection:
      - keep-alive
      ParameterSetName:
      - --name
      User-Agent:
      - python/3.6.5 (Windows-10-10.0.17134-SP0) msrest/0.6.10 msrest_azure/0.6.1
        azure-mgmt-resource/4.0.0 Azure-SDK-For-Python AZURECLI/2.0.74
      accept-language:
      - en-US
    method: GET
    uri: https://management.azure.com/subscriptions/00000000-0000-0000-0000-000000000000/providers/Microsoft.Management?api-version=2019-07-01
  response:
    body:
      string: '{"id":"/subscriptions/00000000-0000-0000-0000-000000000000/providers/Microsoft.Management","namespace":"Microsoft.Management","authorization":{"applicationId":"f2c304cf-8e7e-4c3f-8164-16299ad9d272","roleDefinitionId":"c1cf3708-588a-4647-be7f-f400bbe214cf"},"resourceTypes":[{"resourceType":"resources","locations":[],"apiVersions":["2017-11-01-preview","2017-08-31-preview","2017-06-30-preview","2017-05-31-preview"],"capabilities":"None"},{"resourceType":"managementGroups","locations":[],"apiVersions":["2018-03-01-preview","2018-03-01-beta","2018-01-01-preview","2017-11-01-preview","2017-08-31-preview","2017-06-30-preview","2017-05-31-preview"],"capabilities":"None"},{"resourceType":"getEntities","locations":[],"apiVersions":["2018-03-01-preview","2018-03-01-beta","2018-01-01-preview"],"capabilities":"None"},{"resourceType":"checkNameAvailability","locations":[],"apiVersions":["2018-03-01-preview","2018-03-01-beta","2018-01-01-preview"],"capabilities":"None"},{"resourceType":"operationResults","locations":[],"apiVersions":["2018-03-01-preview","2018-03-01-beta","2018-01-01-preview"],"capabilities":"None"},{"resourceType":"operations","locations":[],"apiVersions":["2018-03-01-preview","2018-03-01-beta","2018-01-01-preview","2017-11-01-preview","2017-08-31-preview","2017-06-30-preview","2017-05-31-preview"],"capabilities":"None"},{"resourceType":"tenantBackfillStatus","locations":[],"apiVersions":["2018-03-01-preview","2018-03-01-beta"],"capabilities":"None"},{"resourceType":"startTenantBackfill","locations":[],"apiVersions":["2018-03-01-preview","2018-03-01-beta"],"capabilities":"None"}],"registrationState":"Registered","registrationPolicy":"RegistrationRequired"}'
    headers:
      cache-control:
      - no-cache
      content-length:
      - '1688'
      content-type:
      - application/json; charset=utf-8
      date:
      - Fri, 04 Oct 2019 23:53:38 GMT
      expires:
      - '-1'
      pragma:
      - no-cache
      strict-transport-security:
      - max-age=31536000; includeSubDomains
      vary:
      - Accept-Encoding
      x-content-type-options:
      - nosniff
    status:
      code: 200
      message: OK
- request:
    body: '{"name": "clitestgroup", "properties": {"details": {"parent": {}}}}'
    headers:
      Accept:
      - application/json
      Accept-Encoding:
      - gzip, deflate
      Cache-Control:
      - no-cache
      CommandName:
      - account management-group create
      Connection:
      - keep-alive
      Content-Length:
      - '67'
      Content-Type:
      - application/json; charset=utf-8
      ParameterSetName:
      - --name
      User-Agent:
      - python/3.6.5 (Windows-10-10.0.17134-SP0) msrest/0.6.10 msrest_azure/0.6.1
        azure-mgmt-managementgroups/0.2.0 Azure-SDK-For-Python AZURECLI/2.0.74
      accept-language:
      - en-US
    method: PUT
    uri: https://management.azure.com/providers/Microsoft.Management/managementGroups/clitestgroup?api-version=2018-03-01-preview
  response:
    body:
      string: '{"id":"/providers/Microsoft.Management/managementGroups/clitestgroup","type":"/providers/Microsoft.Management/managementGroups","name":"clitestgroup","status":"NotStarted"}'
    headers:
      cache-control:
      - no-cache
      content-length:
      - '172'
      content-type:
      - application/json; charset=utf-8
      date:
      - Fri, 04 Oct 2019 23:53:40 GMT
      expires:
      - '-1'
      location:
      - https://management.azure.com/providers/Microsoft.Management/operationResults/create/managementGroups/clitestgroup?api-version=2018-03-01-preview
      pragma:
      - no-cache
      request-id:
      - 6b5a5f7a-b6e8-4ed9-96cf-232534f8b078
      server:
      - Microsoft-IIS/10.0
      strict-transport-security:
      - max-age=31536000; includeSubDomains
      x-aspnet-version:
      - 4.0.30319
      x-ba-restapi:
      - 1.0.3.1532
      x-content-type-options:
      - nosniff
      x-ms-ratelimit-remaining-tenant-writes:
      - '1199'
      x-powered-by:
      - ASP.NET
    status:
      code: 202
      message: Accepted
- request:
    body: null
    headers:
      Accept:
      - application/json
      Accept-Encoding:
      - gzip, deflate
      CommandName:
      - account management-group create
      Connection:
      - keep-alive
      ParameterSetName:
      - --name
      User-Agent:
      - python/3.6.5 (Windows-10-10.0.17134-SP0) msrest/0.6.10 msrest_azure/0.6.1
        azure-mgmt-managementgroups/0.2.0 Azure-SDK-For-Python AZURECLI/2.0.74
    method: GET
    uri: https://management.azure.com/providers/Microsoft.Management/operationResults/create/managementGroups/clitestgroup?api-version=2018-03-01-preview
  response:
    body:
      string: '{"id":"/providers/Microsoft.Management/managementGroups/clitestgroup","type":"/providers/Microsoft.Management/managementGroups","name":"clitestgroup","status":"Succeeded","properties":{"tenantId":"dbe499da-a935-4b9f-b4e2-5377e76aaeef","displayName":"clitestgroup","details":{"version":2,"updatedTime":"2019-10-04T23:53:42.8286538Z","updatedBy":"01b8db7b-fc40-494b-8b19-20127488a03d","parent":{"id":"/providers/Microsoft.Management/managementGroups/dbe499da-a935-4b9f-b4e2-5377e76aaeef","name":"dbe499da-a935-4b9f-b4e2-5377e76aaeef","displayName":"Tenant
        Root Group"}}}}'
    headers:
      cache-control:
      - no-cache
      content-length:
      - '569'
      content-type:
      - application/json; charset=utf-8
      date:
      - Fri, 04 Oct 2019 23:53:50 GMT
      expires:
      - '-1'
      pragma:
      - no-cache
      request-id:
      - 114c3665-a8eb-4bb0-b9b1-81cb94dbd341
      server:
      - Microsoft-IIS/10.0
      strict-transport-security:
      - max-age=31536000; includeSubDomains
      transfer-encoding:
      - chunked
      vary:
      - Accept-Encoding,Accept-Encoding
      x-aspnet-version:
      - 4.0.30319
      x-ba-restapi:
      - 1.0.3.1532
      x-content-type-options:
      - nosniff
      x-powered-by:
      - ASP.NET
    status:
      code: 200
      message: OK
- request:
    body: null
    headers:
      Accept:
      - application/json
      Accept-Encoding:
      - gzip, deflate
      CommandName:
      - account management-group create
      Connection:
      - keep-alive
      Content-Length:
      - '0'
      ParameterSetName:
      - --name --parent
      User-Agent:
      - python/3.6.5 (Windows-10-10.0.17134-SP0) msrest/0.6.10 msrest_azure/0.6.1
        azure-mgmt-resource/4.0.0 Azure-SDK-For-Python AZURECLI/2.0.74
      accept-language:
      - en-US
    method: POST
    uri: https://management.azure.com/subscriptions/00000000-0000-0000-0000-000000000000/providers/Microsoft.Management/register?api-version=2019-07-01
  response:
    body:
      string: '{"id":"/subscriptions/00000000-0000-0000-0000-000000000000/providers/Microsoft.Management","namespace":"Microsoft.Management","authorization":{"applicationId":"f2c304cf-8e7e-4c3f-8164-16299ad9d272","roleDefinitionId":"c1cf3708-588a-4647-be7f-f400bbe214cf"},"resourceTypes":[{"resourceType":"resources","locations":[],"apiVersions":["2017-11-01-preview","2017-08-31-preview","2017-06-30-preview","2017-05-31-preview"],"capabilities":"None"},{"resourceType":"managementGroups","locations":[],"apiVersions":["2018-03-01-preview","2018-03-01-beta","2018-01-01-preview","2017-11-01-preview","2017-08-31-preview","2017-06-30-preview","2017-05-31-preview"],"capabilities":"None"},{"resourceType":"getEntities","locations":[],"apiVersions":["2018-03-01-preview","2018-03-01-beta","2018-01-01-preview"],"capabilities":"None"},{"resourceType":"checkNameAvailability","locations":[],"apiVersions":["2018-03-01-preview","2018-03-01-beta","2018-01-01-preview"],"capabilities":"None"},{"resourceType":"operationResults","locations":[],"apiVersions":["2018-03-01-preview","2018-03-01-beta","2018-01-01-preview"],"capabilities":"None"},{"resourceType":"operations","locations":[],"apiVersions":["2018-03-01-preview","2018-03-01-beta","2018-01-01-preview","2017-11-01-preview","2017-08-31-preview","2017-06-30-preview","2017-05-31-preview"],"capabilities":"None"},{"resourceType":"tenantBackfillStatus","locations":[],"apiVersions":["2018-03-01-preview","2018-03-01-beta"],"capabilities":"None"},{"resourceType":"startTenantBackfill","locations":[],"apiVersions":["2018-03-01-preview","2018-03-01-beta"],"capabilities":"None"}],"registrationState":"Registered","registrationPolicy":"RegistrationRequired"}'
    headers:
      cache-control:
      - no-cache
      content-length:
      - '1688'
      content-type:
      - application/json; charset=utf-8
      date:
      - Fri, 04 Oct 2019 23:53:53 GMT
      expires:
      - '-1'
      pragma:
      - no-cache
      strict-transport-security:
      - max-age=31536000; includeSubDomains
      transfer-encoding:
      - chunked
      vary:
      - Accept-Encoding
      x-content-type-options:
      - nosniff
      x-ms-ratelimit-remaining-subscription-writes:
      - '1199'
    status:
      code: 200
      message: OK
- request:
    body: null
    headers:
      Accept:
      - application/json
      Accept-Encoding:
      - gzip, deflate
      CommandName:
      - account management-group create
      Connection:
      - keep-alive
      ParameterSetName:
      - --name --parent
      User-Agent:
      - python/3.6.5 (Windows-10-10.0.17134-SP0) msrest/0.6.10 msrest_azure/0.6.1
        azure-mgmt-resource/4.0.0 Azure-SDK-For-Python AZURECLI/2.0.74
      accept-language:
      - en-US
    method: GET
    uri: https://management.azure.com/subscriptions/00000000-0000-0000-0000-000000000000/providers/Microsoft.Management?api-version=2019-07-01
  response:
    body:
      string: '{"id":"/subscriptions/00000000-0000-0000-0000-000000000000/providers/Microsoft.Management","namespace":"Microsoft.Management","authorization":{"applicationId":"f2c304cf-8e7e-4c3f-8164-16299ad9d272","roleDefinitionId":"c1cf3708-588a-4647-be7f-f400bbe214cf"},"resourceTypes":[{"resourceType":"resources","locations":[],"apiVersions":["2017-11-01-preview","2017-08-31-preview","2017-06-30-preview","2017-05-31-preview"],"capabilities":"None"},{"resourceType":"managementGroups","locations":[],"apiVersions":["2018-03-01-preview","2018-03-01-beta","2018-01-01-preview","2017-11-01-preview","2017-08-31-preview","2017-06-30-preview","2017-05-31-preview"],"capabilities":"None"},{"resourceType":"getEntities","locations":[],"apiVersions":["2018-03-01-preview","2018-03-01-beta","2018-01-01-preview"],"capabilities":"None"},{"resourceType":"checkNameAvailability","locations":[],"apiVersions":["2018-03-01-preview","2018-03-01-beta","2018-01-01-preview"],"capabilities":"None"},{"resourceType":"operationResults","locations":[],"apiVersions":["2018-03-01-preview","2018-03-01-beta","2018-01-01-preview"],"capabilities":"None"},{"resourceType":"operations","locations":[],"apiVersions":["2018-03-01-preview","2018-03-01-beta","2018-01-01-preview","2017-11-01-preview","2017-08-31-preview","2017-06-30-preview","2017-05-31-preview"],"capabilities":"None"},{"resourceType":"tenantBackfillStatus","locations":[],"apiVersions":["2018-03-01-preview","2018-03-01-beta"],"capabilities":"None"},{"resourceType":"startTenantBackfill","locations":[],"apiVersions":["2018-03-01-preview","2018-03-01-beta"],"capabilities":"None"}],"registrationState":"Registered","registrationPolicy":"RegistrationRequired"}'
    headers:
      cache-control:
      - no-cache
      content-length:
      - '1688'
      content-type:
      - application/json; charset=utf-8
      date:
      - Fri, 04 Oct 2019 23:54:04 GMT
      expires:
      - '-1'
      pragma:
      - no-cache
      strict-transport-security:
      - max-age=31536000; includeSubDomains
      vary:
      - Accept-Encoding
      x-content-type-options:
      - nosniff
    status:
      code: 200
      message: OK
- request:
    body: '{"name": "clitestgroupchild", "properties": {"details": {"parent": {"id":
      "/providers/Microsoft.Management/managementGroups/clitestgroup"}}}}'
    headers:
      Accept:
      - application/json
      Accept-Encoding:
      - gzip, deflate
      Cache-Control:
      - no-cache
      CommandName:
      - account management-group create
      Connection:
      - keep-alive
      Content-Length:
      - '141'
      Content-Type:
      - application/json; charset=utf-8
      ParameterSetName:
      - --name --parent
      User-Agent:
      - python/3.6.5 (Windows-10-10.0.17134-SP0) msrest/0.6.10 msrest_azure/0.6.1
        azure-mgmt-managementgroups/0.2.0 Azure-SDK-For-Python AZURECLI/2.0.74
      accept-language:
      - en-US
    method: PUT
    uri: https://management.azure.com/providers/Microsoft.Management/managementGroups/clitestgroupchild?api-version=2018-03-01-preview
  response:
    body:
      string: '{"id":"/providers/Microsoft.Management/managementGroups/clitestgroupchild","type":"/providers/Microsoft.Management/managementGroups","name":"clitestgroupchild","status":"NotStarted"}'
    headers:
      cache-control:
      - no-cache
      content-length:
      - '182'
      content-type:
      - application/json; charset=utf-8
      date:
      - Fri, 04 Oct 2019 23:54:06 GMT
      expires:
      - '-1'
      location:
      - https://management.azure.com/providers/Microsoft.Management/operationResults/create/managementGroups/clitestgroupchild?api-version=2018-03-01-preview
      pragma:
      - no-cache
      request-id:
      - 76103dcc-3e4c-4b4c-aa20-a94ebc7fb991
      server:
      - Microsoft-IIS/10.0
      strict-transport-security:
      - max-age=31536000; includeSubDomains
      x-aspnet-version:
      - 4.0.30319
      x-ba-restapi:
      - 1.0.3.1532
      x-content-type-options:
      - nosniff
      x-ms-ratelimit-remaining-tenant-writes:
      - '1199'
      x-powered-by:
      - ASP.NET
    status:
      code: 202
      message: Accepted
- request:
    body: null
    headers:
      Accept:
      - application/json
      Accept-Encoding:
      - gzip, deflate
      CommandName:
      - account management-group create
      Connection:
      - keep-alive
      ParameterSetName:
      - --name --parent
      User-Agent:
      - python/3.6.5 (Windows-10-10.0.17134-SP0) msrest/0.6.10 msrest_azure/0.6.1
        azure-mgmt-managementgroups/0.2.0 Azure-SDK-For-Python AZURECLI/2.0.74
    method: GET
    uri: https://management.azure.com/providers/Microsoft.Management/operationResults/create/managementGroups/clitestgroupchild?api-version=2018-03-01-preview
  response:
    body:
      string: '{"id":"/providers/Microsoft.Management/managementGroups/clitestgroupchild","type":"/providers/Microsoft.Management/managementGroups","name":"clitestgroupchild","status":"Succeeded","properties":{"tenantId":"dbe499da-a935-4b9f-b4e2-5377e76aaeef","displayName":"clitestgroupchild","details":{"version":2,"updatedTime":"2019-10-04T23:54:10.3173511Z","updatedBy":"01b8db7b-fc40-494b-8b19-20127488a03d","parent":{"id":"/providers/Microsoft.Management/managementGroups/clitestgroup","name":"clitestgroup","displayName":"clitestgroup"}}}}'
    headers:
      cache-control:
      - no-cache
      content-length:
      - '531'
      content-type:
      - application/json; charset=utf-8
      date:
      - Fri, 04 Oct 2019 23:54:17 GMT
      expires:
      - '-1'
      pragma:
      - no-cache
      request-id:
      - d066b68d-eb7b-4420-9151-7f8ac94a1f9b
      server:
      - Microsoft-IIS/10.0
      strict-transport-security:
      - max-age=31536000; includeSubDomains
      transfer-encoding:
      - chunked
      vary:
      - Accept-Encoding,Accept-Encoding
      x-aspnet-version:
      - 4.0.30319
      x-ba-restapi:
      - 1.0.3.1532
      x-content-type-options:
      - nosniff
      x-powered-by:
      - ASP.NET
    status:
      code: 200
      message: OK
- request:
    body: null
    headers:
      Accept:
      - application/json
      Accept-Encoding:
      - gzip, deflate
      CommandName:
      - account management-group delete
      Connection:
      - keep-alive
      Content-Length:
      - '0'
      ParameterSetName:
      - --name
      User-Agent:
      - python/3.6.5 (Windows-10-10.0.17134-SP0) msrest/0.6.10 msrest_azure/0.6.1
        azure-mgmt-resource/4.0.0 Azure-SDK-For-Python AZURECLI/2.0.74
      accept-language:
      - en-US
    method: POST
    uri: https://management.azure.com/subscriptions/00000000-0000-0000-0000-000000000000/providers/Microsoft.Management/register?api-version=2019-07-01
  response:
    body:
      string: '{"id":"/subscriptions/00000000-0000-0000-0000-000000000000/providers/Microsoft.Management","namespace":"Microsoft.Management","authorization":{"applicationId":"f2c304cf-8e7e-4c3f-8164-16299ad9d272","roleDefinitionId":"c1cf3708-588a-4647-be7f-f400bbe214cf"},"resourceTypes":[{"resourceType":"resources","locations":[],"apiVersions":["2017-11-01-preview","2017-08-31-preview","2017-06-30-preview","2017-05-31-preview"],"capabilities":"None"},{"resourceType":"managementGroups","locations":[],"apiVersions":["2018-03-01-preview","2018-03-01-beta","2018-01-01-preview","2017-11-01-preview","2017-08-31-preview","2017-06-30-preview","2017-05-31-preview"],"capabilities":"None"},{"resourceType":"getEntities","locations":[],"apiVersions":["2018-03-01-preview","2018-03-01-beta","2018-01-01-preview"],"capabilities":"None"},{"resourceType":"checkNameAvailability","locations":[],"apiVersions":["2018-03-01-preview","2018-03-01-beta","2018-01-01-preview"],"capabilities":"None"},{"resourceType":"operationResults","locations":[],"apiVersions":["2018-03-01-preview","2018-03-01-beta","2018-01-01-preview"],"capabilities":"None"},{"resourceType":"operations","locations":[],"apiVersions":["2018-03-01-preview","2018-03-01-beta","2018-01-01-preview","2017-11-01-preview","2017-08-31-preview","2017-06-30-preview","2017-05-31-preview"],"capabilities":"None"},{"resourceType":"tenantBackfillStatus","locations":[],"apiVersions":["2018-03-01-preview","2018-03-01-beta"],"capabilities":"None"},{"resourceType":"startTenantBackfill","locations":[],"apiVersions":["2018-03-01-preview","2018-03-01-beta"],"capabilities":"None"}],"registrationState":"Registered","registrationPolicy":"RegistrationRequired"}'
    headers:
      cache-control:
      - no-cache
      content-length:
      - '1688'
      content-type:
      - application/json; charset=utf-8
      date:
      - Fri, 04 Oct 2019 23:54:19 GMT
      expires:
      - '-1'
      pragma:
      - no-cache
      strict-transport-security:
      - max-age=31536000; includeSubDomains
      transfer-encoding:
      - chunked
      vary:
      - Accept-Encoding
      x-content-type-options:
      - nosniff
      x-ms-ratelimit-remaining-subscription-writes:
      - '1199'
    status:
      code: 200
      message: OK
- request:
    body: null
    headers:
      Accept:
      - application/json
      Accept-Encoding:
      - gzip, deflate
      CommandName:
      - account management-group delete
      Connection:
      - keep-alive
      ParameterSetName:
      - --name
      User-Agent:
      - python/3.6.5 (Windows-10-10.0.17134-SP0) msrest/0.6.10 msrest_azure/0.6.1
        azure-mgmt-resource/4.0.0 Azure-SDK-For-Python AZURECLI/2.0.74
      accept-language:
      - en-US
    method: GET
    uri: https://management.azure.com/subscriptions/00000000-0000-0000-0000-000000000000/providers/Microsoft.Management?api-version=2019-07-01
  response:
    body:
      string: '{"id":"/subscriptions/00000000-0000-0000-0000-000000000000/providers/Microsoft.Management","namespace":"Microsoft.Management","authorization":{"applicationId":"f2c304cf-8e7e-4c3f-8164-16299ad9d272","roleDefinitionId":"c1cf3708-588a-4647-be7f-f400bbe214cf"},"resourceTypes":[{"resourceType":"resources","locations":[],"apiVersions":["2017-11-01-preview","2017-08-31-preview","2017-06-30-preview","2017-05-31-preview"],"capabilities":"None"},{"resourceType":"managementGroups","locations":[],"apiVersions":["2018-03-01-preview","2018-03-01-beta","2018-01-01-preview","2017-11-01-preview","2017-08-31-preview","2017-06-30-preview","2017-05-31-preview"],"capabilities":"None"},{"resourceType":"getEntities","locations":[],"apiVersions":["2018-03-01-preview","2018-03-01-beta","2018-01-01-preview"],"capabilities":"None"},{"resourceType":"checkNameAvailability","locations":[],"apiVersions":["2018-03-01-preview","2018-03-01-beta","2018-01-01-preview"],"capabilities":"None"},{"resourceType":"operationResults","locations":[],"apiVersions":["2018-03-01-preview","2018-03-01-beta","2018-01-01-preview"],"capabilities":"None"},{"resourceType":"operations","locations":[],"apiVersions":["2018-03-01-preview","2018-03-01-beta","2018-01-01-preview","2017-11-01-preview","2017-08-31-preview","2017-06-30-preview","2017-05-31-preview"],"capabilities":"None"},{"resourceType":"tenantBackfillStatus","locations":[],"apiVersions":["2018-03-01-preview","2018-03-01-beta"],"capabilities":"None"},{"resourceType":"startTenantBackfill","locations":[],"apiVersions":["2018-03-01-preview","2018-03-01-beta"],"capabilities":"None"}],"registrationState":"Registered","registrationPolicy":"RegistrationRequired"}'
    headers:
      cache-control:
      - no-cache
      content-length:
      - '1688'
      content-type:
      - application/json; charset=utf-8
      date:
      - Fri, 04 Oct 2019 23:54:30 GMT
      expires:
      - '-1'
      pragma:
      - no-cache
      strict-transport-security:
      - max-age=31536000; includeSubDomains
      vary:
      - Accept-Encoding
      x-content-type-options:
      - nosniff
    status:
      code: 200
      message: OK
- request:
    body: null
    headers:
      Accept:
      - application/json
      Accept-Encoding:
      - gzip, deflate
      Cache-Control:
      - no-cache
      CommandName:
      - account management-group delete
      Connection:
      - keep-alive
      Content-Length:
      - '0'
      ParameterSetName:
      - --name
      User-Agent:
      - python/3.6.5 (Windows-10-10.0.17134-SP0) msrest/0.6.10 msrest_azure/0.6.1
        azure-mgmt-managementgroups/0.2.0 Azure-SDK-For-Python AZURECLI/2.0.74
      accept-language:
      - en-US
    method: DELETE
    uri: https://management.azure.com/providers/Microsoft.Management/managementGroups/clitestgroupchild?api-version=2018-03-01-preview
  response:
    body:
      string: '{"id":"/providers/Microsoft.Management/managementGroups/clitestgroupchild","type":"/providers/Microsoft.Management/managementGroups","name":"clitestgroupchild","status":"NotStarted"}'
    headers:
      cache-control:
      - no-cache
      content-length:
      - '182'
      content-type:
      - application/json; charset=utf-8
      date:
      - Fri, 04 Oct 2019 23:54:31 GMT
      expires:
      - '-1'
      location:
      - https://management.azure.com/providers/Microsoft.Management/operationResults/delete/managementGroups/clitestgroupchild?api-version=2018-03-01-preview
      pragma:
      - no-cache
      request-id:
      - 015b7326-2b56-4e65-a37e-c704a4be33f9
      server:
      - Microsoft-IIS/10.0
      strict-transport-security:
      - max-age=31536000; includeSubDomains
      x-aspnet-version:
      - 4.0.30319
      x-ba-restapi:
      - 1.0.3.1532
      x-content-type-options:
      - nosniff
      x-ms-ratelimit-remaining-tenant-deletes:
      - '14999'
      x-powered-by:
      - ASP.NET
    status:
      code: 202
      message: Accepted
- request:
    body: null
    headers:
      Accept:
      - application/json
      Accept-Encoding:
      - gzip, deflate
      CommandName:
      - account management-group delete
      Connection:
      - keep-alive
      ParameterSetName:
      - --name
      User-Agent:
      - python/3.6.5 (Windows-10-10.0.17134-SP0) msrest/0.6.10 msrest_azure/0.6.1
        azure-mgmt-managementgroups/0.2.0 Azure-SDK-For-Python AZURECLI/2.0.74
    method: GET
    uri: https://management.azure.com/providers/Microsoft.Management/operationResults/delete/managementGroups/clitestgroupchild?api-version=2018-03-01-preview
  response:
    body:
      string: '{"id":"/providers/Microsoft.Management/managementGroups/clitestgroupchild","type":"/providers/Microsoft.Management/managementGroups","name":"clitestgroupchild","status":"NotStarted"}'
    headers:
      cache-control:
      - no-cache
      content-length:
      - '182'
      content-type:
      - application/json; charset=utf-8
      date:
      - Fri, 04 Oct 2019 23:54:41 GMT
      expires:
      - '-1'
      location:
      - https://management.azure.com/providers/Microsoft.Management/operationResults/delete/managementGroups/clitestgroupchild?api-version=2018-03-01-preview
      pragma:
      - no-cache
      request-id:
      - a5775d21-249e-456c-acfd-f577b3878ec5
      server:
      - Microsoft-IIS/10.0
      strict-transport-security:
      - max-age=31536000; includeSubDomains
      x-aspnet-version:
      - 4.0.30319
      x-ba-restapi:
      - 1.0.3.1532
      x-content-type-options:
      - nosniff
      x-powered-by:
      - ASP.NET
    status:
      code: 202
      message: Accepted
- request:
    body: null
    headers:
      Accept:
      - application/json
      Accept-Encoding:
      - gzip, deflate
      CommandName:
      - account management-group delete
      Connection:
      - keep-alive
      ParameterSetName:
      - --name
      User-Agent:
      - python/3.6.5 (Windows-10-10.0.17134-SP0) msrest/0.6.10 msrest_azure/0.6.1
        azure-mgmt-managementgroups/0.2.0 Azure-SDK-For-Python AZURECLI/2.0.74
    method: GET
    uri: https://management.azure.com/providers/Microsoft.Management/operationResults/delete/managementGroups/clitestgroupchild?api-version=2018-03-01-preview
  response:
    body:
      string: '{"id":"/providers/Microsoft.Management/managementGroups/clitestgroupchild","type":"/providers/Microsoft.Management/managementGroups","name":"clitestgroupchild","status":"NotStarted"}'
    headers:
      cache-control:
      - no-cache
      content-length:
      - '182'
      content-type:
      - application/json; charset=utf-8
      date:
      - Fri, 04 Oct 2019 23:54:53 GMT
      expires:
      - '-1'
      location:
      - https://management.azure.com/providers/Microsoft.Management/operationResults/delete/managementGroups/clitestgroupchild?api-version=2018-03-01-preview
      pragma:
      - no-cache
      request-id:
      - 8aeddda1-385c-4e02-9437-1cbbf172fb1b
      server:
      - Microsoft-IIS/10.0
      strict-transport-security:
      - max-age=31536000; includeSubDomains
      x-aspnet-version:
      - 4.0.30319
      x-ba-restapi:
      - 1.0.3.1532
      x-content-type-options:
      - nosniff
      x-powered-by:
      - ASP.NET
    status:
      code: 202
      message: Accepted
- request:
    body: null
    headers:
      Accept:
      - application/json
      Accept-Encoding:
      - gzip, deflate
      CommandName:
      - account management-group delete
      Connection:
      - keep-alive
      ParameterSetName:
      - --name
      User-Agent:
      - python/3.6.5 (Windows-10-10.0.17134-SP0) msrest/0.6.10 msrest_azure/0.6.1
        azure-mgmt-managementgroups/0.2.0 Azure-SDK-For-Python AZURECLI/2.0.74
    method: GET
    uri: https://management.azure.com/providers/Microsoft.Management/operationResults/delete/managementGroups/clitestgroupchild?api-version=2018-03-01-preview
  response:
    body:
      string: '{"id":"/providers/Microsoft.Management/managementGroups/clitestgroupchild","type":"/providers/Microsoft.Management/managementGroups","name":"clitestgroupchild","status":"NotStarted"}'
    headers:
      cache-control:
      - no-cache
      content-length:
      - '182'
      content-type:
      - application/json; charset=utf-8
      date:
      - Fri, 04 Oct 2019 23:55:02 GMT
      expires:
      - '-1'
      location:
      - https://management.azure.com/providers/Microsoft.Management/operationResults/delete/managementGroups/clitestgroupchild?api-version=2018-03-01-preview
      pragma:
      - no-cache
      request-id:
      - 33660241-3195-4a90-905c-bf66382f457f
      server:
      - Microsoft-IIS/10.0
      strict-transport-security:
      - max-age=31536000; includeSubDomains
      x-aspnet-version:
      - 4.0.30319
      x-ba-restapi:
      - 1.0.3.1532
      x-content-type-options:
      - nosniff
      x-powered-by:
      - ASP.NET
    status:
      code: 202
      message: Accepted
- request:
    body: null
    headers:
      Accept:
      - application/json
      Accept-Encoding:
      - gzip, deflate
      CommandName:
      - account management-group delete
      Connection:
      - keep-alive
      ParameterSetName:
      - --name
      User-Agent:
      - python/3.6.5 (Windows-10-10.0.17134-SP0) msrest/0.6.10 msrest_azure/0.6.1
        azure-mgmt-managementgroups/0.2.0 Azure-SDK-For-Python AZURECLI/2.0.74
    method: GET
    uri: https://management.azure.com/providers/Microsoft.Management/operationResults/delete/managementGroups/clitestgroupchild?api-version=2018-03-01-preview
  response:
    body:
      string: '{"id":"/providers/Microsoft.Management/managementGroups/clitestgroupchild","type":"/providers/Microsoft.Management/managementGroups","name":"clitestgroupchild","status":"NotStarted"}'
    headers:
      cache-control:
      - no-cache
      content-length:
      - '182'
      content-type:
      - application/json; charset=utf-8
      date:
      - Fri, 04 Oct 2019 23:55:13 GMT
      expires:
      - '-1'
      location:
      - https://management.azure.com/providers/Microsoft.Management/operationResults/delete/managementGroups/clitestgroupchild?api-version=2018-03-01-preview
      pragma:
      - no-cache
      request-id:
      - 82b773f9-c396-4b52-bdef-ad8a6b5d9176
      server:
      - Microsoft-IIS/10.0
      strict-transport-security:
      - max-age=31536000; includeSubDomains
      x-aspnet-version:
      - 4.0.30319
      x-ba-restapi:
      - 1.0.3.1532
      x-content-type-options:
      - nosniff
      x-powered-by:
      - ASP.NET
    status:
      code: 202
      message: Accepted
- request:
    body: null
    headers:
      Accept:
      - application/json
      Accept-Encoding:
      - gzip, deflate
      CommandName:
      - account management-group delete
      Connection:
      - keep-alive
      ParameterSetName:
      - --name
      User-Agent:
      - python/3.6.5 (Windows-10-10.0.17134-SP0) msrest/0.6.10 msrest_azure/0.6.1
        azure-mgmt-managementgroups/0.2.0 Azure-SDK-For-Python AZURECLI/2.0.74
    method: GET
    uri: https://management.azure.com/providers/Microsoft.Management/operationResults/delete/managementGroups/clitestgroupchild?api-version=2018-03-01-preview
  response:
    body:
      string: '{"id":"/providers/Microsoft.Management/managementGroups/clitestgroupchild","type":"/providers/Microsoft.Management/managementGroups","name":"clitestgroupchild","status":"NotStarted"}'
    headers:
      cache-control:
      - no-cache
      content-length:
      - '182'
      content-type:
      - application/json; charset=utf-8
      date:
      - Fri, 04 Oct 2019 23:55:23 GMT
      expires:
      - '-1'
      location:
      - https://management.azure.com/providers/Microsoft.Management/operationResults/delete/managementGroups/clitestgroupchild?api-version=2018-03-01-preview
      pragma:
      - no-cache
      request-id:
      - 944b5fd2-92e3-476a-9f16-9110d67bd9d8
      server:
      - Microsoft-IIS/10.0
      strict-transport-security:
      - max-age=31536000; includeSubDomains
      x-aspnet-version:
      - 4.0.30319
      x-ba-restapi:
      - 1.0.3.1532
      x-content-type-options:
      - nosniff
      x-powered-by:
      - ASP.NET
    status:
      code: 202
      message: Accepted
- request:
    body: null
    headers:
      Accept:
      - application/json
      Accept-Encoding:
      - gzip, deflate
      CommandName:
      - account management-group delete
      Connection:
      - keep-alive
      ParameterSetName:
      - --name
      User-Agent:
      - python/3.6.5 (Windows-10-10.0.17134-SP0) msrest/0.6.10 msrest_azure/0.6.1
        azure-mgmt-managementgroups/0.2.0 Azure-SDK-For-Python AZURECLI/2.0.74
    method: GET
    uri: https://management.azure.com/providers/Microsoft.Management/operationResults/delete/managementGroups/clitestgroupchild?api-version=2018-03-01-preview
  response:
    body:
      string: '{"id":"/providers/Microsoft.Management/managementGroups/clitestgroupchild","type":"/providers/Microsoft.Management/managementGroups","name":"clitestgroupchild","status":"Running"}'
    headers:
      cache-control:
      - no-cache
      content-length:
      - '179'
      content-type:
      - application/json; charset=utf-8
      date:
      - Fri, 04 Oct 2019 23:55:34 GMT
      expires:
      - '-1'
      location:
      - https://management.azure.com/providers/Microsoft.Management/operationResults/delete/managementGroups/clitestgroupchild?api-version=2018-03-01-preview
      pragma:
      - no-cache
      request-id:
      - 085b6c06-3e77-48f1-8c69-b43c8ef4ebeb
      server:
      - Microsoft-IIS/10.0
      strict-transport-security:
      - max-age=31536000; includeSubDomains
      x-aspnet-version:
      - 4.0.30319
      x-ba-restapi:
      - 1.0.3.1532
      x-content-type-options:
      - nosniff
      x-powered-by:
      - ASP.NET
    status:
      code: 202
      message: Accepted
- request:
    body: null
    headers:
      Accept:
      - application/json
      Accept-Encoding:
      - gzip, deflate
      CommandName:
      - account management-group delete
      Connection:
      - keep-alive
      ParameterSetName:
      - --name
      User-Agent:
      - python/3.6.5 (Windows-10-10.0.17134-SP0) msrest/0.6.10 msrest_azure/0.6.1
        azure-mgmt-managementgroups/0.2.0 Azure-SDK-For-Python AZURECLI/2.0.74
    method: GET
    uri: https://management.azure.com/providers/Microsoft.Management/operationResults/delete/managementGroups/clitestgroupchild?api-version=2018-03-01-preview
  response:
    body:
      string: '{"id":"/providers/Microsoft.Management/managementGroups/clitestgroupchild","type":"/providers/Microsoft.Management/managementGroups","name":"clitestgroupchild","status":"Succeeded"}'
    headers:
      cache-control:
      - no-cache
      content-length:
      - '181'
      content-type:
      - application/json; charset=utf-8
      date:
      - Fri, 04 Oct 2019 23:55:45 GMT
      expires:
      - '-1'
      pragma:
      - no-cache
      request-id:
      - 14f49a0b-f082-41b0-abba-afda7af73c1c
      server:
      - Microsoft-IIS/10.0
      strict-transport-security:
      - max-age=31536000; includeSubDomains
      transfer-encoding:
      - chunked
      vary:
      - Accept-Encoding,Accept-Encoding
      x-aspnet-version:
      - 4.0.30319
      x-ba-restapi:
      - 1.0.3.1532
      x-content-type-options:
      - nosniff
      x-powered-by:
      - ASP.NET
    status:
      code: 200
      message: OK
- request:
    body: null
    headers:
      Accept:
      - application/json
      Accept-Encoding:
      - gzip, deflate
      CommandName:
      - account management-group delete
      Connection:
      - keep-alive
      Content-Length:
      - '0'
      ParameterSetName:
      - --name
      User-Agent:
      - python/3.6.5 (Windows-10-10.0.17134-SP0) msrest/0.6.10 msrest_azure/0.6.1
        azure-mgmt-resource/4.0.0 Azure-SDK-For-Python AZURECLI/2.0.74
      accept-language:
      - en-US
    method: POST
    uri: https://management.azure.com/subscriptions/00000000-0000-0000-0000-000000000000/providers/Microsoft.Management/register?api-version=2019-07-01
  response:
    body:
      string: '{"id":"/subscriptions/00000000-0000-0000-0000-000000000000/providers/Microsoft.Management","namespace":"Microsoft.Management","authorization":{"applicationId":"f2c304cf-8e7e-4c3f-8164-16299ad9d272","roleDefinitionId":"c1cf3708-588a-4647-be7f-f400bbe214cf"},"resourceTypes":[{"resourceType":"resources","locations":[],"apiVersions":["2017-11-01-preview","2017-08-31-preview","2017-06-30-preview","2017-05-31-preview"],"capabilities":"None"},{"resourceType":"managementGroups","locations":[],"apiVersions":["2018-03-01-preview","2018-03-01-beta","2018-01-01-preview","2017-11-01-preview","2017-08-31-preview","2017-06-30-preview","2017-05-31-preview"],"capabilities":"None"},{"resourceType":"getEntities","locations":[],"apiVersions":["2018-03-01-preview","2018-03-01-beta","2018-01-01-preview"],"capabilities":"None"},{"resourceType":"checkNameAvailability","locations":[],"apiVersions":["2018-03-01-preview","2018-03-01-beta","2018-01-01-preview"],"capabilities":"None"},{"resourceType":"operationResults","locations":[],"apiVersions":["2018-03-01-preview","2018-03-01-beta","2018-01-01-preview"],"capabilities":"None"},{"resourceType":"operations","locations":[],"apiVersions":["2018-03-01-preview","2018-03-01-beta","2018-01-01-preview","2017-11-01-preview","2017-08-31-preview","2017-06-30-preview","2017-05-31-preview"],"capabilities":"None"},{"resourceType":"tenantBackfillStatus","locations":[],"apiVersions":["2018-03-01-preview","2018-03-01-beta"],"capabilities":"None"},{"resourceType":"startTenantBackfill","locations":[],"apiVersions":["2018-03-01-preview","2018-03-01-beta"],"capabilities":"None"}],"registrationState":"Registered","registrationPolicy":"RegistrationRequired"}'
    headers:
      cache-control:
      - no-cache
      content-length:
      - '1688'
      content-type:
      - application/json; charset=utf-8
      date:
      - Fri, 04 Oct 2019 23:55:47 GMT
      expires:
      - '-1'
      pragma:
      - no-cache
      strict-transport-security:
      - max-age=31536000; includeSubDomains
      transfer-encoding:
      - chunked
      vary:
      - Accept-Encoding
      x-content-type-options:
      - nosniff
      x-ms-ratelimit-remaining-subscription-writes:
      - '1199'
    status:
      code: 200
      message: OK
- request:
    body: null
    headers:
      Accept:
      - application/json
      Accept-Encoding:
      - gzip, deflate
      CommandName:
      - account management-group delete
      Connection:
      - keep-alive
      ParameterSetName:
      - --name
      User-Agent:
      - python/3.6.5 (Windows-10-10.0.17134-SP0) msrest/0.6.10 msrest_azure/0.6.1
        azure-mgmt-resource/4.0.0 Azure-SDK-For-Python AZURECLI/2.0.74
      accept-language:
      - en-US
    method: GET
    uri: https://management.azure.com/subscriptions/00000000-0000-0000-0000-000000000000/providers/Microsoft.Management?api-version=2019-07-01
  response:
    body:
      string: '{"id":"/subscriptions/00000000-0000-0000-0000-000000000000/providers/Microsoft.Management","namespace":"Microsoft.Management","authorization":{"applicationId":"f2c304cf-8e7e-4c3f-8164-16299ad9d272","roleDefinitionId":"c1cf3708-588a-4647-be7f-f400bbe214cf"},"resourceTypes":[{"resourceType":"resources","locations":[],"apiVersions":["2017-11-01-preview","2017-08-31-preview","2017-06-30-preview","2017-05-31-preview"],"capabilities":"None"},{"resourceType":"managementGroups","locations":[],"apiVersions":["2018-03-01-preview","2018-03-01-beta","2018-01-01-preview","2017-11-01-preview","2017-08-31-preview","2017-06-30-preview","2017-05-31-preview"],"capabilities":"None"},{"resourceType":"getEntities","locations":[],"apiVersions":["2018-03-01-preview","2018-03-01-beta","2018-01-01-preview"],"capabilities":"None"},{"resourceType":"checkNameAvailability","locations":[],"apiVersions":["2018-03-01-preview","2018-03-01-beta","2018-01-01-preview"],"capabilities":"None"},{"resourceType":"operationResults","locations":[],"apiVersions":["2018-03-01-preview","2018-03-01-beta","2018-01-01-preview"],"capabilities":"None"},{"resourceType":"operations","locations":[],"apiVersions":["2018-03-01-preview","2018-03-01-beta","2018-01-01-preview","2017-11-01-preview","2017-08-31-preview","2017-06-30-preview","2017-05-31-preview"],"capabilities":"None"},{"resourceType":"tenantBackfillStatus","locations":[],"apiVersions":["2018-03-01-preview","2018-03-01-beta"],"capabilities":"None"},{"resourceType":"startTenantBackfill","locations":[],"apiVersions":["2018-03-01-preview","2018-03-01-beta"],"capabilities":"None"}],"registrationState":"Registered","registrationPolicy":"RegistrationRequired"}'
    headers:
      cache-control:
      - no-cache
      content-length:
      - '1688'
      content-type:
      - application/json; charset=utf-8
      date:
      - Fri, 04 Oct 2019 23:55:58 GMT
      expires:
      - '-1'
      pragma:
      - no-cache
      strict-transport-security:
      - max-age=31536000; includeSubDomains
      vary:
      - Accept-Encoding
      x-content-type-options:
      - nosniff
    status:
      code: 200
      message: OK
- request:
    body: null
    headers:
      Accept:
      - application/json
      Accept-Encoding:
      - gzip, deflate
      Cache-Control:
      - no-cache
      CommandName:
      - account management-group delete
      Connection:
      - keep-alive
      Content-Length:
      - '0'
      ParameterSetName:
      - --name
      User-Agent:
      - python/3.6.5 (Windows-10-10.0.17134-SP0) msrest/0.6.10 msrest_azure/0.6.1
        azure-mgmt-managementgroups/0.2.0 Azure-SDK-For-Python AZURECLI/2.0.74
      accept-language:
      - en-US
    method: DELETE
    uri: https://management.azure.com/providers/Microsoft.Management/managementGroups/clitestgroup?api-version=2018-03-01-preview
  response:
    body:
      string: '{"id":"/providers/Microsoft.Management/managementGroups/clitestgroup","type":"/providers/Microsoft.Management/managementGroups","name":"clitestgroup","status":"NotStarted"}'
    headers:
      cache-control:
      - no-cache
      content-length:
      - '172'
      content-type:
      - application/json; charset=utf-8
      date:
      - Fri, 04 Oct 2019 23:56:00 GMT
      expires:
      - '-1'
      location:
      - https://management.azure.com/providers/Microsoft.Management/operationResults/delete/managementGroups/clitestgroup?api-version=2018-03-01-preview
      pragma:
      - no-cache
      request-id:
      - 5d0c8ada-d924-46a6-b9ad-116a00425651
      server:
      - Microsoft-IIS/10.0
      strict-transport-security:
      - max-age=31536000; includeSubDomains
      x-aspnet-version:
      - 4.0.30319
      x-ba-restapi:
      - 1.0.3.1532
      x-content-type-options:
      - nosniff
      x-ms-ratelimit-remaining-tenant-deletes:
      - '14999'
      x-powered-by:
      - ASP.NET
    status:
      code: 202
      message: Accepted
- request:
    body: null
    headers:
      Accept:
      - application/json
      Accept-Encoding:
      - gzip, deflate
      CommandName:
      - account management-group delete
      Connection:
      - keep-alive
      ParameterSetName:
      - --name
      User-Agent:
      - python/3.6.5 (Windows-10-10.0.17134-SP0) msrest/0.6.10 msrest_azure/0.6.1
        azure-mgmt-managementgroups/0.2.0 Azure-SDK-For-Python AZURECLI/2.0.74
    method: GET
    uri: https://management.azure.com/providers/Microsoft.Management/operationResults/delete/managementGroups/clitestgroup?api-version=2018-03-01-preview
  response:
    body:
      string: '{"id":"/providers/Microsoft.Management/managementGroups/clitestgroup","type":"/providers/Microsoft.Management/managementGroups","name":"clitestgroup","status":"Succeeded"}'
    headers:
      cache-control:
      - no-cache
      content-length:
      - '171'
      content-type:
      - application/json; charset=utf-8
      date:
      - Fri, 04 Oct 2019 23:56:10 GMT
      expires:
      - '-1'
      pragma:
      - no-cache
      request-id:
      - 78773b3d-122b-45e4-a923-1e60e4f675ce
      server:
      - Microsoft-IIS/10.0
      strict-transport-security:
      - max-age=31536000; includeSubDomains
      transfer-encoding:
      - chunked
      vary:
      - Accept-Encoding,Accept-Encoding
      x-aspnet-version:
      - 4.0.30319
      x-ba-restapi:
      - 1.0.3.1532
      x-content-type-options:
      - nosniff
      x-powered-by:
      - ASP.NET
    status:
      code: 200
      message: OK
version: 1
