interactions:
- request:
    body: null
    headers:
      Accept:
      - application/json
      Accept-Encoding:
      - gzip, deflate
      CommandName:
      - ts create
      Connection:
      - keep-alive
      ParameterSetName:
      - -g -n -v -l -f
      User-Agent:
      - python/3.8.6 (Windows-10-10.0.19041-SP0) msrest/0.6.18 msrest_azure/0.6.3
        azure-mgmt-resource/12.0.0 Azure-SDK-For-Python AZURECLI/2.16.0
      accept-language:
      - en-US
    method: GET
    uri: https://management.azure.com/subscriptions/00000000-0000-0000-0000-000000000000/resourceGroups/cli_test_deployment_what_if_template_specs000001/providers/Microsoft.Resources/templateSpecs/cli-test-deploy-what-if-sub-deploy000002/versions/1.0?api-version=2019-06-01-preview
  response:
    body:
      string: '{"error":{"code":"ResourceNotFound","message":"The Resource ''Microsoft.Resources/templateSpecs/cli-test-deploy-what-if-sub-deploy000002/versions/1.0''
        under resource group ''cli_test_deployment_what_if_template_specs000001''
        was not found. For more details please go to https://aka.ms/ARMResourceNotFoundFix"}}'
    headers:
      cache-control:
      - no-cache
      content-length:
      - '354'
      content-type:
      - application/json; charset=utf-8
      date:
      - Thu, 17 Dec 2020 19:32:50 GMT
      expires:
      - '-1'
      pragma:
      - no-cache
      strict-transport-security:
      - max-age=31536000; includeSubDomains
      x-content-type-options:
      - nosniff
      x-ms-failure-cause:
      - gateway
    status:
      code: 404
      message: Not Found
- request:
    body: null
    headers:
      Accept:
      - application/json
      Accept-Encoding:
      - gzip, deflate
      CommandName:
      - ts create
      Connection:
      - keep-alive
      ParameterSetName:
      - -g -n -v -l -f
      User-Agent:
      - python/3.8.6 (Windows-10-10.0.19041-SP0) msrest/0.6.18 msrest_azure/0.6.3
        azure-mgmt-resource/12.0.0 Azure-SDK-For-Python AZURECLI/2.16.0
      accept-language:
      - en-US
    method: GET
    uri: https://management.azure.com/subscriptions/00000000-0000-0000-0000-000000000000/resourceGroups/cli_test_deployment_what_if_template_specs000001/providers/Microsoft.Resources/templateSpecs/cli-test-deploy-what-if-sub-deploy000002?api-version=2019-06-01-preview
  response:
    body:
      string: '{"error":{"code":"ResourceNotFound","message":"The Resource ''Microsoft.Resources/templateSpecs/cli-test-deploy-what-if-sub-deploy000002''
        under resource group ''cli_test_deployment_what_if_template_specs000001''
        was not found. For more details please go to https://aka.ms/ARMResourceNotFoundFix"}}'
    headers:
      cache-control:
      - no-cache
      content-length:
      - '341'
      content-type:
      - application/json; charset=utf-8
      date:
      - Thu, 17 Dec 2020 19:32:50 GMT
      expires:
      - '-1'
      pragma:
      - no-cache
      strict-transport-security:
      - max-age=31536000; includeSubDomains
      x-content-type-options:
      - nosniff
      x-ms-failure-cause:
      - gateway
    status:
      code: 404
      message: Not Found
- request:
    body: '{"location": "westus", "tags": {}}'
    headers:
      Accept:
      - application/json
      Accept-Encoding:
      - gzip, deflate
      CommandName:
      - ts create
      Connection:
      - keep-alive
      Content-Length:
      - '34'
      Content-Type:
      - application/json; charset=utf-8
      ParameterSetName:
      - -g -n -v -l -f
      User-Agent:
      - python/3.8.6 (Windows-10-10.0.19041-SP0) msrest/0.6.18 msrest_azure/0.6.3
        azure-mgmt-resource/12.0.0 Azure-SDK-For-Python AZURECLI/2.16.0
      accept-language:
      - en-US
    method: PUT
    uri: https://management.azure.com/subscriptions/00000000-0000-0000-0000-000000000000/resourceGroups/cli_test_deployment_what_if_template_specs000001/providers/Microsoft.Resources/templateSpecs/cli-test-deploy-what-if-sub-deploy000002?api-version=2019-06-01-preview
  response:
    body:
      string: "{\r\n  \"location\": \"westus\",\r\n  \"tags\": {},\r\n  \"systemData\":
        {\r\n    \"createdBy\": \"daetienn@microsoft.com\",\r\n    \"createdByType\":
        \"User\",\r\n    \"createdAt\": \"2020-12-17T19:32:52.7046823Z\",\r\n    \"lastModifiedBy\":
        \"daetienn@microsoft.com\",\r\n    \"lastModifiedByType\": \"User\",\r\n    \"lastModifiedAt\":
        \"2020-12-17T19:32:52.7046823Z\"\r\n  },\r\n  \"properties\": {},\r\n  \"id\":
        \"/subscriptions/00000000-0000-0000-0000-000000000000/resourceGroups/cli_test_deployment_what_if_template_specs000001/providers/Microsoft.Resources/templateSpecs/cli-test-deploy-what-if-sub-deploy000002\",\r\n
        \ \"type\": \"Microsoft.Resources/templateSpecs\",\r\n  \"name\": \"cli-test-deploy-what-if-sub-deploy000002\"\r\n}"
    headers:
      cache-control:
      - no-cache
      content-length:
      - '734'
      content-type:
      - application/json; charset=utf-8
      date:
      - Thu, 17 Dec 2020 19:32:52 GMT
      expires:
      - '-1'
      pragma:
      - no-cache
      server:
      - Microsoft-HTTPAPI/2.0
      strict-transport-security:
      - max-age=31536000; includeSubDomains
      x-content-type-options:
      - nosniff
      x-ms-ratelimit-remaining-subscription-writes:
      - '1199'
    status:
      code: 201
      message: Created
- request:
    body: '{"location": "westus", "properties": {"artifacts": [], "template": {"$schema":
      "https://schema.management.azure.com/schemas/2019-04-01/deploymentTemplate.json#",
      "contentVersion": "1.0.0.0", "parameters": {"denyLocation": {"type": "string",
      "defaultValue": "northeurope"}}, "variables": {"policyDefinitionName": "policy-for-what-if-test"},
      "resources": [{"name": "[variables(''policyDefinitionName'')]", "type": "Microsoft.Authorization/policyDefinitions",
      "apiVersion": "2018-05-01", "properties": {"policyType": "Custom", "policyRule":
      {"if": {"field": "location", "equals": "[parameters(''denyLocation'')]"}, "then":
      {"effect": "deny"}}}}], "outputs": {"policyDefinitionId": {"type": "string",
      "value": "[resourceId(''Microsoft.Authorization/policyDefinitions'', variables(''policyDefinitionName''))]"}}}},
      "tags": {}}'
    headers:
      Accept:
      - application/json
      Accept-Encoding:
      - gzip, deflate
      CommandName:
      - ts create
      Connection:
      - keep-alive
      Content-Length:
      - '813'
      Content-Type:
      - application/json; charset=utf-8
      ParameterSetName:
      - -g -n -v -l -f
      User-Agent:
      - python/3.8.6 (Windows-10-10.0.19041-SP0) msrest/0.6.18 msrest_azure/0.6.3
        azure-mgmt-resource/12.0.0 Azure-SDK-For-Python AZURECLI/2.16.0
      accept-language:
      - en-US
    method: PUT
    uri: https://management.azure.com/subscriptions/00000000-0000-0000-0000-000000000000/resourceGroups/cli_test_deployment_what_if_template_specs000001/providers/Microsoft.Resources/templateSpecs/cli-test-deploy-what-if-sub-deploy000002/versions/1.0?api-version=2019-06-01-preview
  response:
    body:
      string: "{\r\n  \"location\": \"westus\",\r\n  \"tags\": {},\r\n  \"systemData\":
        {\r\n    \"createdBy\": \"daetienn@microsoft.com\",\r\n    \"createdByType\":
        \"User\",\r\n    \"createdAt\": \"2020-12-17T19:32:54.0096447Z\",\r\n    \"lastModifiedBy\":
        \"daetienn@microsoft.com\",\r\n    \"lastModifiedByType\": \"User\",\r\n    \"lastModifiedAt\":
        \"2020-12-17T19:32:54.0096447Z\"\r\n  },\r\n  \"properties\": {\r\n    \"artifacts\":
        [],\r\n    \"template\": {\r\n      \"$schema\": \"https://schema.management.azure.com/schemas/2019-04-01/deploymentTemplate.json#\",\r\n
        \     \"contentVersion\": \"1.0.0.0\",\r\n      \"parameters\": {\r\n        \"denyLocation\":
        {\r\n          \"type\": \"string\",\r\n          \"defaultValue\": \"northeurope\"\r\n
        \       }\r\n      },\r\n      \"variables\": {\r\n        \"policyDefinitionName\":
        \"policy-for-what-if-test\"\r\n      },\r\n      \"resources\": [\r\n        {\r\n
        \         \"name\": \"[variables('policyDefinitionName')]\",\r\n          \"type\":
        \"Microsoft.Authorization/policyDefinitions\",\r\n          \"apiVersion\":
        \"2018-05-01\",\r\n          \"properties\": {\r\n            \"policyType\":
        \"Custom\",\r\n            \"policyRule\": {\r\n              \"if\": {\r\n
        \               \"field\": \"location\",\r\n                \"equals\": \"[parameters('denyLocation')]\"\r\n
        \             },\r\n              \"then\": {\r\n                \"effect\":
        \"deny\"\r\n              }\r\n            }\r\n          }\r\n        }\r\n
        \     ],\r\n      \"outputs\": {\r\n        \"policyDefinitionId\": {\r\n
        \         \"type\": \"string\",\r\n          \"value\": \"[resourceId('Microsoft.Authorization/policyDefinitions',
        variables('policyDefinitionName'))]\"\r\n        }\r\n      }\r\n    }\r\n
        \ },\r\n  \"id\": \"/subscriptions/00000000-0000-0000-0000-000000000000/resourceGroups/cli_test_deployment_what_if_template_specs000001/providers/Microsoft.Resources/templateSpecs/cli-test-deploy-what-if-sub-deploy000002/versions/1.0\",\r\n
        \ \"type\": \"Microsoft.Resources/templateSpecs/versions\",\r\n  \"name\":
        \"1.0\"\r\n}"
    headers:
      cache-control:
      - no-cache
      content-length:
      - '1886'
      content-type:
      - application/json; charset=utf-8
      date:
      - Thu, 17 Dec 2020 19:32:53 GMT
      expires:
      - '-1'
      pragma:
      - no-cache
      server:
      - Microsoft-HTTPAPI/2.0
      strict-transport-security:
      - max-age=31536000; includeSubDomains
      x-content-type-options:
      - nosniff
      x-ms-ratelimit-remaining-subscription-writes:
      - '1198'
    status:
      code: 201
      message: Created
- request:
    body: null
    headers:
      Accept:
      - application/json
      Accept-Encoding:
      - gzip, deflate
      CommandName:
      - deployment sub create
      Connection:
      - keep-alive
      ParameterSetName:
      - --location --template-spec
      User-Agent:
      - python/3.8.6 (Windows-10-10.0.19041-SP0) msrest/0.6.18 msrest_azure/0.6.3
        azure-mgmt-resource/12.0.0 Azure-SDK-For-Python AZURECLI/2.16.0
      accept-language:
      - en-US
    method: GET
    uri: https://management.azure.com/subscriptions/00000000-0000-0000-0000-000000000000/providers/Microsoft.Resources?api-version=2020-10-01
  response:
    body:
      string: '{"id":"/subscriptions/00000000-0000-0000-0000-000000000000/providers/Microsoft.Resources","namespace":"Microsoft.Resources","authorization":{"applicationId":"3b990c8b-9607-4c2a-8b04-1d41985facca"},"resourceTypes":[{"resourceType":"tenants","locations":[],"apiVersions":["2020-01-01","2019-09-01","2019-05-01","2019-04-01","2019-03-01","2018-11-01","2018-09-01","2018-08-01","2018-07-01","2018-05-01","2018-02-01","2018-01-01","2017-08-01","2017-06-01","2017-05-10","2017-05-01","2017-03-01","2016-09-01","2016-07-01","2016-06-01","2016-02-01","2015-11-01","2015-01-01","2014-04-01-preview"],"apiProfiles":[{"profileVersion":"2018-06-01-profile","apiVersion":"2016-06-01"},{"profileVersion":"2019-03-01-hybrid","apiVersion":"2016-06-01"}],"capabilities":"None"},{"resourceType":"locations","locations":[],"apiVersions":["2019-09-01","2019-05-01","2019-04-01","2019-03-01","2018-11-01","2018-09-01","2018-08-01","2018-07-01","2018-05-01","2018-02-01","2018-01-01","2017-08-01","2017-06-01","2017-05-10","2017-05-01","2017-03-01","2016-09-01","2016-07-01","2016-06-01","2016-02-01","2015-11-01","2015-01-01","2014-04-01-preview"],"apiProfiles":[{"profileVersion":"2018-06-01-profile","apiVersion":"2016-06-01"},{"profileVersion":"2019-03-01-hybrid","apiVersion":"2018-05-01"}],"capabilities":"None"},{"resourceType":"operationresults","locations":[],"apiVersions":["2019-09-01","2019-05-01","2019-04-01","2019-03-01","2018-11-01","2018-09-01","2018-08-01","2018-07-01","2018-05-01","2018-02-01","2018-01-01","2017-08-01","2017-06-01","2017-05-10","2017-05-01","2017-03-01","2016-09-01","2016-07-01","2016-06-01","2016-02-01","2015-11-01","2015-01-01","2014-04-01-preview"],"apiProfiles":[{"profileVersion":"2018-06-01-profile","apiVersion":"2016-06-01"}],"capabilities":"None"},{"resourceType":"notifyResourceJobs","locations":[],"apiVersions":["2019-09-01","2019-05-01","2019-04-01","2019-03-01","2018-11-01","2018-09-01","2018-08-01","2018-07-01","2018-05-01","2018-02-01"],"capabilities":"None"},{"resourceType":"tags","locations":[],"apiVersions":["2019-10-01","2019-05-01","2019-04-01","2019-03-01","2018-11-01"],"capabilities":"SupportsExtension"},{"resourceType":"checkPolicyCompliance","locations":[],"apiVersions":["2019-05-01","2019-04-01","2019-03-01","2018-11-01","2018-09-01","2018-08-01","2018-07-01","2018-05-01","2018-02-01","2018-01-01","2017-08-01","2017-06-01","2017-05-10","2017-05-01","2017-03-01","2016-09-01","2016-07-01","2016-06-01","2016-02-01","2015-11-01","2015-01-01","2014-04-01-preview"],"capabilities":"None"},{"resourceType":"providers","locations":[],"apiVersions":["2019-05-01","2019-04-01","2019-03-01","2018-11-01","2018-09-01","2018-08-01","2018-07-01","2018-05-01","2018-02-01","2018-01-01","2017-08-01","2017-06-01","2017-05-10","2017-05-01","2017-03-01","2016-09-01","2016-07-01","2016-06-01","2016-02-01","2015-11-01","2015-01-01","2014-04-01-preview"],"apiProfiles":[{"profileVersion":"2018-06-01-profile","apiVersion":"2016-06-01"},{"profileVersion":"2019-03-01-hybrid","apiVersion":"2018-05-01"}],"capabilities":"None"},{"resourceType":"checkresourcename","locations":[],"apiVersions":["2019-05-01","2019-04-01","2019-03-01","2018-11-01","2018-09-01","2018-08-01","2018-07-01","2018-05-01","2018-02-01","2018-01-01","2017-08-01","2017-06-01","2017-05-10","2017-05-01","2017-03-01","2016-09-01","2016-07-01","2016-06-01","2016-02-01","2015-11-01","2015-01-01","2014-04-01-preview"],"apiProfiles":[{"profileVersion":"2018-06-01-profile","apiVersion":"2016-06-01"}],"capabilities":"None"},{"resourceType":"calculateTemplateHash","locations":[],"apiVersions":["2019-09-01","2019-05-01","2019-04-01","2019-03-01","2018-11-01","2018-09-01","2018-08-01","2018-07-01","2018-05-01","2018-02-01","2018-01-01","2017-08-01","2017-06-01","2017-05-10","2017-05-01","2017-03-01","2016-09-01","2016-07-01","2016-06-01","2016-02-01","2015-11-01","2015-01-01","2014-04-01-preview"],"apiProfiles":[{"profileVersion":"2018-06-01-profile","apiVersion":"2016-06-01"}],"capabilities":"None"},{"resourceType":"resources","locations":[],"apiVersions":["2019-09-01","2019-05-01","2019-04-01","2019-03-01","2018-11-01","2018-09-01","2018-08-01","2018-07-01","2018-05-01","2018-02-01","2018-01-01","2017-08-01","2017-06-01","2017-05-10","2017-05-01","2017-03-01","2016-09-01","2016-07-01","2016-06-01","2016-02-01","2015-11-01","2015-01-01","2014-04-01-preview"],"apiProfiles":[{"profileVersion":"2018-06-01-profile","apiVersion":"2016-06-01"},{"profileVersion":"2019-03-01-hybrid","apiVersion":"2018-05-01"}],"capabilities":"None"},{"resourceType":"subscriptions","locations":[],"apiVersions":["2019-10-01","2019-09-01","2019-05-01","2019-04-01","2019-03-01","2018-11-01","2018-09-01","2018-08-01","2018-07-01","2018-05-01","2018-02-01","2018-01-01","2017-08-01","2017-06-01","2017-05-10","2017-05-01","2017-03-01","2016-09-01","2016-07-01","2016-06-01","2016-02-01","2015-11-01","2015-01-01","2014-04-01-preview"],"apiProfiles":[{"profileVersion":"2018-06-01-profile","apiVersion":"2016-06-01"},{"profileVersion":"2019-03-01-hybrid","apiVersion":"2016-06-01"}],"capabilities":"None"},{"resourceType":"subscriptions/resources","locations":[],"apiVersions":["2019-09-01","2019-05-01","2019-04-01","2019-03-01","2018-11-01","2018-09-01","2018-08-01","2018-07-01","2018-05-01","2018-02-01","2018-01-01","2017-08-01","2017-06-01","2017-05-10","2017-05-01","2017-03-01","2016-09-01","2016-07-01","2016-06-01","2016-02-01","2015-11-01","2015-01-01","2014-04-01-preview"],"apiProfiles":[{"profileVersion":"2018-06-01-profile","apiVersion":"2016-06-01"},{"profileVersion":"2019-03-01-hybrid","apiVersion":"2018-05-01"}],"capabilities":"None"},{"resourceType":"subscriptions/providers","locations":[],"apiVersions":["2019-05-01","2019-04-01","2019-03-01","2018-11-01","2018-09-01","2018-08-01","2018-07-01","2018-05-01","2018-02-01","2018-01-01","2017-08-01","2017-06-01","2017-05-10","2017-05-01","2017-03-01","2016-09-01","2016-07-01","2016-06-01","2016-02-01","2015-11-01","2015-01-01","2014-04-01-preview"],"apiProfiles":[{"profileVersion":"2018-06-01-profile","apiVersion":"2016-06-01"},{"profileVersion":"2019-03-01-hybrid","apiVersion":"2018-05-01"}],"capabilities":"None"},{"resourceType":"subscriptions/operationresults","locations":[],"apiVersions":["2019-05-01","2019-04-01","2019-03-01","2018-11-01","2018-09-01","2018-08-01","2018-07-01","2018-05-01","2018-02-01","2018-01-01","2017-08-01","2017-06-01","2017-05-10","2017-05-01","2017-03-01","2016-09-01","2016-07-01","2016-06-01","2016-02-01","2015-11-01","2015-01-01","2014-04-01-preview"],"apiProfiles":[{"profileVersion":"2018-06-01-profile","apiVersion":"2016-06-01"},{"profileVersion":"2019-03-01-hybrid","apiVersion":"2018-05-01"}],"capabilities":"None"},{"resourceType":"resourceGroups","locations":["Central
        US","East Asia","Southeast Asia","East US","East US 2","West US","West US
        2","North Central US","South Central US","West Central US","North Europe","West
        Europe","Japan East","Japan West","Brazil South","Australia Southeast","Australia
        East","West India","South India","Central India","Canada Central","Canada
        East","UK South","UK West","Korea Central","Korea South","France Central","South
        Africa North","UAE North","Australia Central","Switzerland North","Germany
        West Central","Norway East","East US 2 EUAP","Central US EUAP"],"apiVersions":["2019-05-01","2019-04-01","2019-03-01","2018-11-01","2018-09-01","2018-08-01","2018-07-01","2018-05-01","2018-02-01","2018-01-01","2017-08-01","2017-06-01","2017-05-10","2017-05-01","2017-03-01","2016-09-01","2016-07-01","2016-06-01","2016-02-01","2015-11-01","2015-01-01","2014-04-01-preview"],"apiProfiles":[{"profileVersion":"2018-06-01-profile","apiVersion":"2016-06-01"},{"profileVersion":"2019-03-01-hybrid","apiVersion":"2018-05-01"}],"capabilities":"SupportsLocation"},{"resourceType":"subscriptions/resourceGroups","locations":["Central
        US","East Asia","Southeast Asia","East US","East US 2","West US","West US
        2","North Central US","South Central US","West Central US","North Europe","West
        Europe","Japan East","Japan West","Brazil South","Australia Southeast","Australia
        East","West India","South India","Central India","Canada Central","Canada
        East","UK South","UK West","Korea Central","Korea South","France Central","South
        Africa North","UAE North","Australia Central","Switzerland North","Germany
        West Central","Norway East","East US 2 EUAP","Central US EUAP"],"apiVersions":["2019-05-01","2019-04-01","2019-03-01","2018-11-01","2018-09-01","2018-08-01","2018-07-01","2018-05-01","2018-02-01","2018-01-01","2017-08-01","2017-06-01","2017-05-10","2017-05-01","2017-03-01","2016-09-01","2016-07-01","2016-06-01","2016-02-01","2015-11-01","2015-01-01","2014-04-01-preview"],"apiProfiles":[{"profileVersion":"2018-06-01-profile","apiVersion":"2016-06-01"},{"profileVersion":"2019-03-01-hybrid","apiVersion":"2018-05-01"}],"capabilities":"SupportsTags,
        SupportsLocation"},{"resourceType":"subscriptions/resourcegroups/resources","locations":[],"apiVersions":["2019-05-01","2019-04-01","2019-03-01","2018-11-01","2018-09-01","2018-08-01","2018-07-01","2018-05-01","2018-02-01","2018-01-01","2017-08-01","2017-06-01","2017-05-10","2017-05-01","2017-03-01","2016-09-01","2016-07-01","2016-06-01","2016-02-01","2015-11-01","2015-01-01","2014-04-01-preview"],"apiProfiles":[{"profileVersion":"2018-06-01-profile","apiVersion":"2016-06-01"},{"profileVersion":"2019-03-01-hybrid","apiVersion":"2018-05-01"}],"capabilities":"None"},{"resourceType":"subscriptions/locations","locations":[],"apiVersions":["2019-05-01","2019-04-01","2019-03-01","2018-11-01","2018-09-01","2018-08-01","2018-07-01","2018-05-01","2018-02-01","2018-01-01","2017-08-01","2017-06-01","2017-05-10","2017-05-01","2017-03-01","2016-09-01","2016-07-01","2016-06-01","2016-02-01","2015-11-01","2015-01-01","2014-04-01-preview"],"apiProfiles":[{"profileVersion":"2018-06-01-profile","apiVersion":"2016-06-01"},{"profileVersion":"2019-03-01-hybrid","apiVersion":"2016-06-01"}],"capabilities":"None"},{"resourceType":"subscriptions/tagnames","locations":[],"apiVersions":["2019-05-01","2019-04-01","2019-03-01","2018-11-01","2018-09-01","2018-08-01","2018-07-01","2018-05-01","2018-02-01","2018-01-01","2017-08-01","2017-06-01","2017-05-10","2017-05-01","2017-03-01","2016-09-01","2016-07-01","2016-06-01","2016-02-01","2015-11-01","2015-01-01","2014-04-01-preview"],"apiProfiles":[{"profileVersion":"2018-06-01-profile","apiVersion":"2016-06-01"},{"profileVersion":"2019-03-01-hybrid","apiVersion":"2018-05-01"}],"capabilities":"None"},{"resourceType":"subscriptions/tagNames/tagValues","locations":[],"apiVersions":["2019-05-01","2019-04-01","2019-03-01","2018-11-01","2018-09-01","2018-08-01","2018-07-01","2018-05-01","2018-02-01","2018-01-01","2017-08-01","2017-06-01","2017-05-10","2017-05-01","2017-03-01","2016-09-01","2016-07-01","2016-06-01","2016-02-01","2015-11-01","2015-01-01","2014-04-01-preview"],"apiProfiles":[{"profileVersion":"2018-06-01-profile","apiVersion":"2016-06-01"},{"profileVersion":"2019-03-01-hybrid","apiVersion":"2018-05-01"}],"capabilities":"None"},{"resourceType":"deployments","locations":[],"apiVersions":["2020-06-01","2019-09-01","2019-08-01","2019-05-01","2019-04-01","2019-03-01","2018-11-01","2018-09-01","2018-08-01","2018-07-01","2018-05-01","2018-02-01","2018-01-01","2017-08-01","2017-06-01","2017-05-10","2017-05-01","2017-03-01","2016-09-01","2016-07-01","2016-06-01","2016-02-01","2015-11-01","2015-01-01","2014-04-01-preview"],"apiProfiles":[{"profileVersion":"2018-06-01-profile","apiVersion":"2016-06-01"},{"profileVersion":"2019-03-01-hybrid","apiVersion":"2018-05-01"}],"capabilities":"None"},{"resourceType":"deployments/operations","locations":[],"apiVersions":["2020-06-01","2019-09-01","2019-05-01","2019-04-01","2019-03-01","2018-11-01","2018-09-01","2018-08-01","2018-07-01","2018-05-01","2018-02-01","2018-01-01","2017-08-01","2017-06-01","2017-05-10","2017-05-01","2017-03-01","2016-09-01","2016-07-01","2016-06-01","2016-02-01","2015-11-01","2015-01-01","2014-04-01-preview"],"apiProfiles":[{"profileVersion":"2018-06-01-profile","apiVersion":"2016-06-01"},{"profileVersion":"2019-03-01-hybrid","apiVersion":"2018-05-01"}],"capabilities":"None"},{"resourceType":"links","locations":[],"apiVersions":["2019-05-01","2019-04-01","2019-03-01","2018-11-01","2018-09-01","2018-08-01","2018-07-01","2018-05-01","2018-02-01","2018-01-01","2017-08-01","2017-06-01","2017-05-10","2017-05-01","2017-03-01","2016-09-01","2016-07-01","2016-06-01","2016-02-01","2015-11-01","2015-01-01","2014-04-01-preview"],"apiProfiles":[{"profileVersion":"2018-06-01-profile","apiVersion":"2016-06-01"},{"profileVersion":"2019-03-01-hybrid","apiVersion":"2018-05-01"}],"capabilities":"SupportsExtension"},{"resourceType":"operations","locations":[],"apiVersions":["2015-01-01"],"apiProfiles":[{"profileVersion":"2018-06-01-profile","apiVersion":"2015-01-01"}],"capabilities":"None"},{"resourceType":"bulkDelete","locations":[],"apiVersions":["2019-05-01","2019-04-01","2019-03-01","2018-11-01","2018-09-01","2018-08-01","2018-07-01","2018-05-01","2018-02-01","2018-01-01","2017-08-01","2017-06-01","2017-05-10","2017-05-01","2017-03-01","2016-09-01","2016-07-01","2016-06-01","2016-02-01","2015-11-01","2015-01-01","2014-04-01-preview"],"capabilities":"None"},{"resourceType":"deploymentScripts","locations":["East
        Asia","Southeast Asia","Australia East","Brazil South","Canada Central","East
        US 2","East US","Central US","North Central US","UK South","Central India","South
        India","Japan East","Korea Central","North Europe","West Central US","West
        Europe","West US 2","West US","South Central US","Canada East","Central US
        EUAP","East US 2 EUAP"],"apiVersions":["2020-10-01","2019-10-01-preview"],"capabilities":"SupportsTags,
        SupportsLocation"},{"resourceType":"deploymentScripts/logs","locations":["East
        Asia","Southeast Asia","Australia East","Brazil South","Canada Central","East
        US 2","East US","Central US","North Central US","UK South","Central India","South
        India","Japan East","Korea Central","North Europe","West Central US","West
        Europe","West US 2","West US","South Central US","Canada East","Central US
        EUAP","East US 2 EUAP"],"apiVersions":["2020-10-01","2019-10-01-preview"],"capabilities":"None"},{"resourceType":"locations/deploymentScriptOperationResults","locations":["East
        Asia","Southeast Asia","Australia East","Brazil South","Canada Central","East
        US 2","East US","Central US","North Central US","UK South","Central India","South
        India","Japan East","Korea Central","North Europe","West Central US","West
        Europe","West US 2","West US","South Central US","Canada East","Central US
        EUAP","East US 2 EUAP"],"apiVersions":["2020-10-01","2019-10-01-preview"],"capabilities":"None"},{"resourceType":"templateSpecs","locations":["East
        Asia","Southeast Asia","Australia East","Australia Central","Australia Central
        2","Australia Southeast","Brazil South","Canada Central","Canada East","Switzerland
        North","Germany West Central","East US 2","East US","Central US","North Central
        US","France Central","UK South","UK West","Central India","West India","South
        India","Japan East","Japan West","Korea Central","Korea South","North Europe","Norway
        East","UAE North","West Central US","West Europe","West US 2","West US","South
        Central US","South Africa North","Central US EUAP","East US 2 EUAP"],"apiVersions":["2019-06-01-preview"],"capabilities":"CrossResourceGroupResourceMove,
        CrossSubscriptionResourceMove, SupportsTags, SupportsLocation"},{"resourceType":"templateSpecs/versions","locations":["East
        Asia","Southeast Asia","Australia East","Australia Central","Australia Central
        2","Australia Southeast","Brazil South","Canada Central","Canada East","Switzerland
        North","Germany West Central","East US 2","East US","Central US","North Central
        US","France Central","UK South","UK West","Central India","West India","South
        India","Japan East","Japan West","Korea Central","Korea South","North Europe","Norway
        East","UAE North","West Central US","West Europe","West US 2","West US","South
        Central US","South Africa North","Central US EUAP","East US 2 EUAP"],"apiVersions":["2019-06-01-preview"],"capabilities":"CrossResourceGroupResourceMove,
        CrossSubscriptionResourceMove, SupportsTags, SupportsLocation"}],"registrationState":"Registered","registrationPolicy":"RegistrationFree"}'
    headers:
      cache-control:
      - no-cache
      content-length:
      - '16332'
      content-type:
      - application/json; charset=utf-8
      date:
      - Thu, 17 Dec 2020 19:32:55 GMT
      expires:
      - '-1'
      pragma:
      - no-cache
      strict-transport-security:
      - max-age=31536000; includeSubDomains
      vary:
      - Accept-Encoding
      x-content-type-options:
      - nosniff
    status:
      code: 200
      message: OK
- request:
    body: null
    headers:
      Accept:
      - application/json
      Accept-Encoding:
      - gzip, deflate
      CommandName:
      - deployment sub create
      Connection:
      - keep-alive
      ParameterSetName:
      - --location --template-spec
      User-Agent:
      - python/3.8.6 (Windows-10-10.0.19041-SP0) msrest/0.6.18 msrest_azure/0.6.3
        azure-mgmt-resource/12.0.0 Azure-SDK-For-Python AZURECLI/2.16.0
      accept-language:
      - en-US
    method: GET
    uri: https://management.azure.com/subscriptions/00000000-0000-0000-0000-000000000000/resourceGroups/cli_test_deployment_what_if_template_specs000001/providers/Microsoft.Resources/templateSpecs/cli-test-deploy-what-if-sub-deploy000002/versions/1.0?api-version=2019-06-01-preview
  response:
    body:
      string: "{\r\n  \"location\": \"westus\",\r\n  \"tags\": {},\r\n  \"systemData\":
        {\r\n    \"createdBy\": \"daetienn@microsoft.com\",\r\n    \"createdByType\":
        \"User\",\r\n    \"createdAt\": \"2020-12-17T19:32:54.0096447Z\",\r\n    \"lastModifiedBy\":
        \"daetienn@microsoft.com\",\r\n    \"lastModifiedByType\": \"User\",\r\n    \"lastModifiedAt\":
        \"2020-12-17T19:32:54.0096447Z\"\r\n  },\r\n  \"properties\": {\r\n    \"artifacts\":
        [],\r\n    \"template\": {\r\n      \"$schema\": \"https://schema.management.azure.com/schemas/2019-04-01/deploymentTemplate.json#\",\r\n
        \     \"contentVersion\": \"1.0.0.0\",\r\n      \"parameters\": {\r\n        \"denyLocation\":
        {\r\n          \"type\": \"string\",\r\n          \"defaultValue\": \"northeurope\"\r\n
        \       }\r\n      },\r\n      \"variables\": {\r\n        \"policyDefinitionName\":
        \"policy-for-what-if-test\"\r\n      },\r\n      \"resources\": [\r\n        {\r\n
        \         \"name\": \"[variables('policyDefinitionName')]\",\r\n          \"type\":
        \"Microsoft.Authorization/policyDefinitions\",\r\n          \"apiVersion\":
        \"2018-05-01\",\r\n          \"properties\": {\r\n            \"policyType\":
        \"Custom\",\r\n            \"policyRule\": {\r\n              \"if\": {\r\n
        \               \"field\": \"location\",\r\n                \"equals\": \"[parameters('denyLocation')]\"\r\n
        \             },\r\n              \"then\": {\r\n                \"effect\":
        \"deny\"\r\n              }\r\n            }\r\n          }\r\n        }\r\n
        \     ],\r\n      \"outputs\": {\r\n        \"policyDefinitionId\": {\r\n
        \         \"type\": \"string\",\r\n          \"value\": \"[resourceId('Microsoft.Authorization/policyDefinitions',
        variables('policyDefinitionName'))]\"\r\n        }\r\n      }\r\n    }\r\n
        \ },\r\n  \"id\": \"/subscriptions/00000000-0000-0000-0000-000000000000/resourceGroups/cli_test_deployment_what_if_template_specs000001/providers/Microsoft.Resources/templateSpecs/cli-test-deploy-what-if-sub-deploy000002/versions/1.0\",\r\n
        \ \"type\": \"Microsoft.Resources/templateSpecs/versions\",\r\n  \"name\":
        \"1.0\"\r\n}"
    headers:
      cache-control:
      - no-cache
      content-length:
      - '1886'
      content-type:
      - application/json; charset=utf-8
      date:
      - Thu, 17 Dec 2020 19:32:55 GMT
      expires:
      - '-1'
      pragma:
      - no-cache
      server:
      - Microsoft-HTTPAPI/2.0
      strict-transport-security:
      - max-age=31536000; includeSubDomains
      transfer-encoding:
      - chunked
      vary:
      - Accept-Encoding
      x-content-type-options:
      - nosniff
    status:
      code: 200
      message: OK
- request:
    body: '{"location": "westus", "properties": {"templateLink": {"id": "/subscriptions/00000000-0000-0000-0000-000000000000/resourceGroups/cli_test_deployment_what_if_template_specs000001/providers/Microsoft.Resources/templateSpecs/cli-test-deploy-what-if-sub-deploy000002/versions/1.0"},
      "parameters": {}, "mode": "Incremental"}}'
    headers:
      Accept:
      - application/json
      Accept-Encoding:
      - gzip, deflate
      CommandName:
      - deployment sub create
      Connection:
      - keep-alive
      Content-Length:
      - '367'
      Content-Type:
      - application/json; charset=utf-8
      ParameterSetName:
      - --location --template-spec
      User-Agent:
      - python/3.8.6 (Windows-10-10.0.19041-SP0) msrest/0.6.18 msrest_azure/0.6.3
        azure-mgmt-resource/12.0.0 Azure-SDK-For-Python AZURECLI/2.16.0
      accept-language:
      - en-US
    method: POST
    uri: https://management.azure.com/subscriptions/00000000-0000-0000-0000-000000000000/providers/Microsoft.Resources/deployments/mock-deployment/validate?api-version=2020-10-01
  response:
    body:
      string: '{"id":"/subscriptions/00000000-0000-0000-0000-000000000000/providers/Microsoft.Resources/deployments/1","name":"1","type":"Microsoft.Resources/deployments","location":"westus","properties":{"templateLink":{"id":"/subscriptions/00000000-0000-0000-0000-000000000000/resourceGroups/cli_test_deployment_what_if_template_specs000001/providers/Microsoft.Resources/templateSpecs/cli-test-deploy-what-if-sub-deploy000002/versions/1.0","contentVersion":"1.0.0.0"},"templateHash":"1669246125929096641","parameters":{"denyLocation":{"type":"String","value":"northeurope"}},"mode":"Incremental","provisioningState":"Succeeded","timestamp":"2020-12-17T19:32:56.4413795Z","duration":"PT0S","correlationId":"35d3b3d2-f403-43bb-aa71-21a50fe71f98","providers":[{"namespace":"Microsoft.Authorization","resourceTypes":[{"resourceType":"policyDefinitions","locations":[null]}]}],"dependencies":[],"validatedResources":[{"id":"/subscriptions/00000000-0000-0000-0000-000000000000/providers/Microsoft.Authorization/policyDefinitions/policy-for-what-if-test"}]}}'
    headers:
      cache-control:
      - no-cache
      content-length:
      - '1085'
      content-type:
      - application/json; charset=utf-8
      date:
      - Thu, 17 Dec 2020 19:32:55 GMT
      expires:
      - '-1'
      pragma:
      - no-cache
      strict-transport-security:
      - max-age=31536000; includeSubDomains
      transfer-encoding:
      - chunked
      vary:
      - Accept-Encoding
      x-content-type-options:
      - nosniff
      x-ms-ratelimit-remaining-subscription-writes:
      - '1199'
    status:
      code: 200
      message: OK
- request:
    body: '{"location": "westus", "properties": {"templateLink": {"id": "/subscriptions/00000000-0000-0000-0000-000000000000/resourceGroups/cli_test_deployment_what_if_template_specs000001/providers/Microsoft.Resources/templateSpecs/cli-test-deploy-what-if-sub-deploy000002/versions/1.0"},
      "parameters": {}, "mode": "Incremental"}}'
    headers:
      Accept:
      - application/json
      Accept-Encoding:
      - gzip, deflate
      CommandName:
      - deployment sub create
      Connection:
      - keep-alive
      Content-Length:
      - '367'
      Content-Type:
      - application/json; charset=utf-8
      ParameterSetName:
      - --location --template-spec
      User-Agent:
      - python/3.8.6 (Windows-10-10.0.19041-SP0) msrest/0.6.18 msrest_azure/0.6.3
        azure-mgmt-resource/12.0.0 Azure-SDK-For-Python AZURECLI/2.16.0
      accept-language:
      - en-US
    method: PUT
    uri: https://management.azure.com/subscriptions/00000000-0000-0000-0000-000000000000/providers/Microsoft.Resources/deployments/mock-deployment?api-version=2020-10-01
  response:
    body:
      string: '{"id":"/subscriptions/00000000-0000-0000-0000-000000000000/providers/Microsoft.Resources/deployments/1","name":"1","type":"Microsoft.Resources/deployments","location":"westus","properties":{"templateLink":{"id":"/subscriptions/00000000-0000-0000-0000-000000000000/resourceGroups/cli_test_deployment_what_if_template_specs000001/providers/Microsoft.Resources/templateSpecs/cli-test-deploy-what-if-sub-deploy000002/versions/1.0","contentVersion":"1.0.0.0"},"templateHash":"1669246125929096641","parameters":{"denyLocation":{"type":"String","value":"northeurope"}},"mode":"Incremental","provisioningState":"Accepted","timestamp":"2020-12-17T19:32:58.0674756Z","duration":"PT1.272653S","correlationId":"efa4dd48-b908-4af7-b921-696ff0c9b53c","providers":[{"namespace":"Microsoft.Authorization","resourceTypes":[{"resourceType":"policyDefinitions","locations":[null]}]}],"dependencies":[]}}'
    headers:
      azure-asyncoperation:
      - https://management.azure.com/subscriptions/00000000-0000-0000-0000-000000000000/providers/Microsoft.Resources/deployments/1/operationStatuses/08585933733086827864?api-version=2020-10-01
      cache-control:
      - no-cache
      content-length:
      - '931'
      content-type:
      - application/json; charset=utf-8
      date:
      - Thu, 17 Dec 2020 19:32:57 GMT
      expires:
      - '-1'
      pragma:
      - no-cache
      strict-transport-security:
      - max-age=31536000; includeSubDomains
      x-content-type-options:
      - nosniff
      x-ms-ratelimit-remaining-subscription-writes:
      - '1199'
    status:
      code: 201
      message: Created
- request:
    body: null
    headers:
      Accept:
      - application/json
      Accept-Encoding:
      - gzip, deflate
      CommandName:
      - deployment sub create
      Connection:
      - keep-alive
      ParameterSetName:
      - --location --template-spec
      User-Agent:
      - python/3.8.6 (Windows-10-10.0.19041-SP0) msrest/0.6.18 msrest_azure/0.6.3
        azure-mgmt-resource/12.0.0 Azure-SDK-For-Python AZURECLI/2.16.0
    method: GET
    uri: https://management.azure.com/subscriptions/00000000-0000-0000-0000-000000000000/providers/Microsoft.Resources/deployments/mock-deployment/operationStatuses/08585933733086827864?api-version=2020-10-01
  response:
    body:
      string: '{"status":"Succeeded"}'
    headers:
      cache-control:
      - no-cache
      content-length:
      - '22'
      content-type:
      - application/json; charset=utf-8
      date:
      - Thu, 17 Dec 2020 19:33:28 GMT
      expires:
      - '-1'
      pragma:
      - no-cache
      strict-transport-security:
      - max-age=31536000; includeSubDomains
      vary:
      - Accept-Encoding
      x-content-type-options:
      - nosniff
    status:
      code: 200
      message: OK
- request:
    body: null
    headers:
      Accept:
      - application/json
      Accept-Encoding:
      - gzip, deflate
      CommandName:
      - deployment sub create
      Connection:
      - keep-alive
      ParameterSetName:
      - --location --template-spec
      User-Agent:
      - python/3.8.6 (Windows-10-10.0.19041-SP0) msrest/0.6.18 msrest_azure/0.6.3
        azure-mgmt-resource/12.0.0 Azure-SDK-For-Python AZURECLI/2.16.0
    method: GET
    uri: https://management.azure.com/subscriptions/00000000-0000-0000-0000-000000000000/providers/Microsoft.Resources/deployments/mock-deployment?api-version=2020-10-01
  response:
    body:
      string: '{"id":"/subscriptions/00000000-0000-0000-0000-000000000000/providers/Microsoft.Resources/deployments/1","name":"1","type":"Microsoft.Resources/deployments","location":"westus","properties":{"templateLink":{"id":"/subscriptions/00000000-0000-0000-0000-000000000000/resourceGroups/cli_test_deployment_what_if_template_specs000001/providers/Microsoft.Resources/templateSpecs/cli-test-deploy-what-if-sub-deploy000002/versions/1.0","contentVersion":"1.0.0.0"},"templateHash":"1669246125929096641","parameters":{"denyLocation":{"type":"String","value":"northeurope"}},"mode":"Incremental","provisioningState":"Succeeded","timestamp":"2020-12-17T19:32:59.0791656Z","duration":"PT2.284343S","correlationId":"efa4dd48-b908-4af7-b921-696ff0c9b53c","providers":[{"namespace":"Microsoft.Authorization","resourceTypes":[{"resourceType":"policyDefinitions","locations":[null]}]}],"dependencies":[],"outputs":{"policyDefinitionId":{"type":"String","value":"/subscriptions/00000000-0000-0000-0000-000000000000/providers/Microsoft.Authorization/policyDefinitions/policy-for-what-if-test"}},"outputResources":[{"id":"/subscriptions/00000000-0000-0000-0000-000000000000/providers/Microsoft.Authorization/policyDefinitions/policy-for-what-if-test"}]}}'
    headers:
      cache-control:
      - no-cache
      content-length:
      - '1278'
      content-type:
      - application/json; charset=utf-8
      date:
      - Thu, 17 Dec 2020 19:33:28 GMT
      expires:
      - '-1'
      pragma:
      - no-cache
      strict-transport-security:
      - max-age=31536000; includeSubDomains
      vary:
      - Accept-Encoding
      x-content-type-options:
      - nosniff
    status:
      code: 200
      message: OK
- request:
    body: null
    headers:
      Accept:
      - application/json
      Accept-Encoding:
      - gzip, deflate
      CommandName:
      - deployment sub what-if
      Connection:
      - keep-alive
      ParameterSetName:
      - --location --template-spec --parameters --no-pretty-print
      User-Agent:
      - python/3.8.6 (Windows-10-10.0.19041-SP0) msrest/0.6.18 msrest_azure/0.6.3
        azure-mgmt-resource/12.0.0 Azure-SDK-For-Python AZURECLI/2.16.0
      accept-language:
      - en-US
    method: GET
    uri: https://management.azure.com/subscriptions/00000000-0000-0000-0000-000000000000/providers/Microsoft.Resources?api-version=2020-10-01
  response:
    body:
      string: '{"id":"/subscriptions/00000000-0000-0000-0000-000000000000/providers/Microsoft.Resources","namespace":"Microsoft.Resources","authorization":{"applicationId":"3b990c8b-9607-4c2a-8b04-1d41985facca"},"resourceTypes":[{"resourceType":"tenants","locations":[],"apiVersions":["2020-01-01","2019-09-01","2019-05-01","2019-04-01","2019-03-01","2018-11-01","2018-09-01","2018-08-01","2018-07-01","2018-05-01","2018-02-01","2018-01-01","2017-08-01","2017-06-01","2017-05-10","2017-05-01","2017-03-01","2016-09-01","2016-07-01","2016-06-01","2016-02-01","2015-11-01","2015-01-01","2014-04-01-preview"],"apiProfiles":[{"profileVersion":"2018-06-01-profile","apiVersion":"2016-06-01"},{"profileVersion":"2019-03-01-hybrid","apiVersion":"2016-06-01"}],"capabilities":"None"},{"resourceType":"locations","locations":[],"apiVersions":["2019-09-01","2019-05-01","2019-04-01","2019-03-01","2018-11-01","2018-09-01","2018-08-01","2018-07-01","2018-05-01","2018-02-01","2018-01-01","2017-08-01","2017-06-01","2017-05-10","2017-05-01","2017-03-01","2016-09-01","2016-07-01","2016-06-01","2016-02-01","2015-11-01","2015-01-01","2014-04-01-preview"],"apiProfiles":[{"profileVersion":"2018-06-01-profile","apiVersion":"2016-06-01"},{"profileVersion":"2019-03-01-hybrid","apiVersion":"2018-05-01"}],"capabilities":"None"},{"resourceType":"operationresults","locations":[],"apiVersions":["2019-09-01","2019-05-01","2019-04-01","2019-03-01","2018-11-01","2018-09-01","2018-08-01","2018-07-01","2018-05-01","2018-02-01","2018-01-01","2017-08-01","2017-06-01","2017-05-10","2017-05-01","2017-03-01","2016-09-01","2016-07-01","2016-06-01","2016-02-01","2015-11-01","2015-01-01","2014-04-01-preview"],"apiProfiles":[{"profileVersion":"2018-06-01-profile","apiVersion":"2016-06-01"}],"capabilities":"None"},{"resourceType":"notifyResourceJobs","locations":[],"apiVersions":["2019-09-01","2019-05-01","2019-04-01","2019-03-01","2018-11-01","2018-09-01","2018-08-01","2018-07-01","2018-05-01","2018-02-01"],"capabilities":"None"},{"resourceType":"tags","locations":[],"apiVersions":["2019-10-01","2019-05-01","2019-04-01","2019-03-01","2018-11-01"],"capabilities":"SupportsExtension"},{"resourceType":"checkPolicyCompliance","locations":[],"apiVersions":["2019-05-01","2019-04-01","2019-03-01","2018-11-01","2018-09-01","2018-08-01","2018-07-01","2018-05-01","2018-02-01","2018-01-01","2017-08-01","2017-06-01","2017-05-10","2017-05-01","2017-03-01","2016-09-01","2016-07-01","2016-06-01","2016-02-01","2015-11-01","2015-01-01","2014-04-01-preview"],"capabilities":"None"},{"resourceType":"providers","locations":[],"apiVersions":["2019-05-01","2019-04-01","2019-03-01","2018-11-01","2018-09-01","2018-08-01","2018-07-01","2018-05-01","2018-02-01","2018-01-01","2017-08-01","2017-06-01","2017-05-10","2017-05-01","2017-03-01","2016-09-01","2016-07-01","2016-06-01","2016-02-01","2015-11-01","2015-01-01","2014-04-01-preview"],"apiProfiles":[{"profileVersion":"2018-06-01-profile","apiVersion":"2016-06-01"},{"profileVersion":"2019-03-01-hybrid","apiVersion":"2018-05-01"}],"capabilities":"None"},{"resourceType":"checkresourcename","locations":[],"apiVersions":["2019-05-01","2019-04-01","2019-03-01","2018-11-01","2018-09-01","2018-08-01","2018-07-01","2018-05-01","2018-02-01","2018-01-01","2017-08-01","2017-06-01","2017-05-10","2017-05-01","2017-03-01","2016-09-01","2016-07-01","2016-06-01","2016-02-01","2015-11-01","2015-01-01","2014-04-01-preview"],"apiProfiles":[{"profileVersion":"2018-06-01-profile","apiVersion":"2016-06-01"}],"capabilities":"None"},{"resourceType":"calculateTemplateHash","locations":[],"apiVersions":["2019-09-01","2019-05-01","2019-04-01","2019-03-01","2018-11-01","2018-09-01","2018-08-01","2018-07-01","2018-05-01","2018-02-01","2018-01-01","2017-08-01","2017-06-01","2017-05-10","2017-05-01","2017-03-01","2016-09-01","2016-07-01","2016-06-01","2016-02-01","2015-11-01","2015-01-01","2014-04-01-preview"],"apiProfiles":[{"profileVersion":"2018-06-01-profile","apiVersion":"2016-06-01"}],"capabilities":"None"},{"resourceType":"resources","locations":[],"apiVersions":["2019-09-01","2019-05-01","2019-04-01","2019-03-01","2018-11-01","2018-09-01","2018-08-01","2018-07-01","2018-05-01","2018-02-01","2018-01-01","2017-08-01","2017-06-01","2017-05-10","2017-05-01","2017-03-01","2016-09-01","2016-07-01","2016-06-01","2016-02-01","2015-11-01","2015-01-01","2014-04-01-preview"],"apiProfiles":[{"profileVersion":"2018-06-01-profile","apiVersion":"2016-06-01"},{"profileVersion":"2019-03-01-hybrid","apiVersion":"2018-05-01"}],"capabilities":"None"},{"resourceType":"subscriptions","locations":[],"apiVersions":["2019-10-01","2019-09-01","2019-05-01","2019-04-01","2019-03-01","2018-11-01","2018-09-01","2018-08-01","2018-07-01","2018-05-01","2018-02-01","2018-01-01","2017-08-01","2017-06-01","2017-05-10","2017-05-01","2017-03-01","2016-09-01","2016-07-01","2016-06-01","2016-02-01","2015-11-01","2015-01-01","2014-04-01-preview"],"apiProfiles":[{"profileVersion":"2018-06-01-profile","apiVersion":"2016-06-01"},{"profileVersion":"2019-03-01-hybrid","apiVersion":"2016-06-01"}],"capabilities":"None"},{"resourceType":"subscriptions/resources","locations":[],"apiVersions":["2019-09-01","2019-05-01","2019-04-01","2019-03-01","2018-11-01","2018-09-01","2018-08-01","2018-07-01","2018-05-01","2018-02-01","2018-01-01","2017-08-01","2017-06-01","2017-05-10","2017-05-01","2017-03-01","2016-09-01","2016-07-01","2016-06-01","2016-02-01","2015-11-01","2015-01-01","2014-04-01-preview"],"apiProfiles":[{"profileVersion":"2018-06-01-profile","apiVersion":"2016-06-01"},{"profileVersion":"2019-03-01-hybrid","apiVersion":"2018-05-01"}],"capabilities":"None"},{"resourceType":"subscriptions/providers","locations":[],"apiVersions":["2019-05-01","2019-04-01","2019-03-01","2018-11-01","2018-09-01","2018-08-01","2018-07-01","2018-05-01","2018-02-01","2018-01-01","2017-08-01","2017-06-01","2017-05-10","2017-05-01","2017-03-01","2016-09-01","2016-07-01","2016-06-01","2016-02-01","2015-11-01","2015-01-01","2014-04-01-preview"],"apiProfiles":[{"profileVersion":"2018-06-01-profile","apiVersion":"2016-06-01"},{"profileVersion":"2019-03-01-hybrid","apiVersion":"2018-05-01"}],"capabilities":"None"},{"resourceType":"subscriptions/operationresults","locations":[],"apiVersions":["2019-05-01","2019-04-01","2019-03-01","2018-11-01","2018-09-01","2018-08-01","2018-07-01","2018-05-01","2018-02-01","2018-01-01","2017-08-01","2017-06-01","2017-05-10","2017-05-01","2017-03-01","2016-09-01","2016-07-01","2016-06-01","2016-02-01","2015-11-01","2015-01-01","2014-04-01-preview"],"apiProfiles":[{"profileVersion":"2018-06-01-profile","apiVersion":"2016-06-01"},{"profileVersion":"2019-03-01-hybrid","apiVersion":"2018-05-01"}],"capabilities":"None"},{"resourceType":"resourceGroups","locations":["Central
        US","East Asia","Southeast Asia","East US","East US 2","West US","West US
        2","North Central US","South Central US","West Central US","North Europe","West
        Europe","Japan East","Japan West","Brazil South","Australia Southeast","Australia
        East","West India","South India","Central India","Canada Central","Canada
        East","UK South","UK West","Korea Central","Korea South","France Central","South
        Africa North","UAE North","Australia Central","Switzerland North","Germany
        West Central","Norway East","East US 2 EUAP","Central US EUAP"],"apiVersions":["2019-05-01","2019-04-01","2019-03-01","2018-11-01","2018-09-01","2018-08-01","2018-07-01","2018-05-01","2018-02-01","2018-01-01","2017-08-01","2017-06-01","2017-05-10","2017-05-01","2017-03-01","2016-09-01","2016-07-01","2016-06-01","2016-02-01","2015-11-01","2015-01-01","2014-04-01-preview"],"apiProfiles":[{"profileVersion":"2018-06-01-profile","apiVersion":"2016-06-01"},{"profileVersion":"2019-03-01-hybrid","apiVersion":"2018-05-01"}],"capabilities":"SupportsLocation"},{"resourceType":"subscriptions/resourceGroups","locations":["Central
        US","East Asia","Southeast Asia","East US","East US 2","West US","West US
        2","North Central US","South Central US","West Central US","North Europe","West
        Europe","Japan East","Japan West","Brazil South","Australia Southeast","Australia
        East","West India","South India","Central India","Canada Central","Canada
        East","UK South","UK West","Korea Central","Korea South","France Central","South
        Africa North","UAE North","Australia Central","Switzerland North","Germany
        West Central","Norway East","East US 2 EUAP","Central US EUAP"],"apiVersions":["2019-05-01","2019-04-01","2019-03-01","2018-11-01","2018-09-01","2018-08-01","2018-07-01","2018-05-01","2018-02-01","2018-01-01","2017-08-01","2017-06-01","2017-05-10","2017-05-01","2017-03-01","2016-09-01","2016-07-01","2016-06-01","2016-02-01","2015-11-01","2015-01-01","2014-04-01-preview"],"apiProfiles":[{"profileVersion":"2018-06-01-profile","apiVersion":"2016-06-01"},{"profileVersion":"2019-03-01-hybrid","apiVersion":"2018-05-01"}],"capabilities":"SupportsTags,
        SupportsLocation"},{"resourceType":"subscriptions/resourcegroups/resources","locations":[],"apiVersions":["2019-05-01","2019-04-01","2019-03-01","2018-11-01","2018-09-01","2018-08-01","2018-07-01","2018-05-01","2018-02-01","2018-01-01","2017-08-01","2017-06-01","2017-05-10","2017-05-01","2017-03-01","2016-09-01","2016-07-01","2016-06-01","2016-02-01","2015-11-01","2015-01-01","2014-04-01-preview"],"apiProfiles":[{"profileVersion":"2018-06-01-profile","apiVersion":"2016-06-01"},{"profileVersion":"2019-03-01-hybrid","apiVersion":"2018-05-01"}],"capabilities":"None"},{"resourceType":"subscriptions/locations","locations":[],"apiVersions":["2019-05-01","2019-04-01","2019-03-01","2018-11-01","2018-09-01","2018-08-01","2018-07-01","2018-05-01","2018-02-01","2018-01-01","2017-08-01","2017-06-01","2017-05-10","2017-05-01","2017-03-01","2016-09-01","2016-07-01","2016-06-01","2016-02-01","2015-11-01","2015-01-01","2014-04-01-preview"],"apiProfiles":[{"profileVersion":"2018-06-01-profile","apiVersion":"2016-06-01"},{"profileVersion":"2019-03-01-hybrid","apiVersion":"2016-06-01"}],"capabilities":"None"},{"resourceType":"subscriptions/tagnames","locations":[],"apiVersions":["2019-05-01","2019-04-01","2019-03-01","2018-11-01","2018-09-01","2018-08-01","2018-07-01","2018-05-01","2018-02-01","2018-01-01","2017-08-01","2017-06-01","2017-05-10","2017-05-01","2017-03-01","2016-09-01","2016-07-01","2016-06-01","2016-02-01","2015-11-01","2015-01-01","2014-04-01-preview"],"apiProfiles":[{"profileVersion":"2018-06-01-profile","apiVersion":"2016-06-01"},{"profileVersion":"2019-03-01-hybrid","apiVersion":"2018-05-01"}],"capabilities":"None"},{"resourceType":"subscriptions/tagNames/tagValues","locations":[],"apiVersions":["2019-05-01","2019-04-01","2019-03-01","2018-11-01","2018-09-01","2018-08-01","2018-07-01","2018-05-01","2018-02-01","2018-01-01","2017-08-01","2017-06-01","2017-05-10","2017-05-01","2017-03-01","2016-09-01","2016-07-01","2016-06-01","2016-02-01","2015-11-01","2015-01-01","2014-04-01-preview"],"apiProfiles":[{"profileVersion":"2018-06-01-profile","apiVersion":"2016-06-01"},{"profileVersion":"2019-03-01-hybrid","apiVersion":"2018-05-01"}],"capabilities":"None"},{"resourceType":"deployments","locations":[],"apiVersions":["2020-06-01","2019-09-01","2019-08-01","2019-05-01","2019-04-01","2019-03-01","2018-11-01","2018-09-01","2018-08-01","2018-07-01","2018-05-01","2018-02-01","2018-01-01","2017-08-01","2017-06-01","2017-05-10","2017-05-01","2017-03-01","2016-09-01","2016-07-01","2016-06-01","2016-02-01","2015-11-01","2015-01-01","2014-04-01-preview"],"apiProfiles":[{"profileVersion":"2018-06-01-profile","apiVersion":"2016-06-01"},{"profileVersion":"2019-03-01-hybrid","apiVersion":"2018-05-01"}],"capabilities":"None"},{"resourceType":"deployments/operations","locations":[],"apiVersions":["2020-06-01","2019-09-01","2019-05-01","2019-04-01","2019-03-01","2018-11-01","2018-09-01","2018-08-01","2018-07-01","2018-05-01","2018-02-01","2018-01-01","2017-08-01","2017-06-01","2017-05-10","2017-05-01","2017-03-01","2016-09-01","2016-07-01","2016-06-01","2016-02-01","2015-11-01","2015-01-01","2014-04-01-preview"],"apiProfiles":[{"profileVersion":"2018-06-01-profile","apiVersion":"2016-06-01"},{"profileVersion":"2019-03-01-hybrid","apiVersion":"2018-05-01"}],"capabilities":"None"},{"resourceType":"links","locations":[],"apiVersions":["2019-05-01","2019-04-01","2019-03-01","2018-11-01","2018-09-01","2018-08-01","2018-07-01","2018-05-01","2018-02-01","2018-01-01","2017-08-01","2017-06-01","2017-05-10","2017-05-01","2017-03-01","2016-09-01","2016-07-01","2016-06-01","2016-02-01","2015-11-01","2015-01-01","2014-04-01-preview"],"apiProfiles":[{"profileVersion":"2018-06-01-profile","apiVersion":"2016-06-01"},{"profileVersion":"2019-03-01-hybrid","apiVersion":"2018-05-01"}],"capabilities":"SupportsExtension"},{"resourceType":"operations","locations":[],"apiVersions":["2015-01-01"],"apiProfiles":[{"profileVersion":"2018-06-01-profile","apiVersion":"2015-01-01"}],"capabilities":"None"},{"resourceType":"bulkDelete","locations":[],"apiVersions":["2019-05-01","2019-04-01","2019-03-01","2018-11-01","2018-09-01","2018-08-01","2018-07-01","2018-05-01","2018-02-01","2018-01-01","2017-08-01","2017-06-01","2017-05-10","2017-05-01","2017-03-01","2016-09-01","2016-07-01","2016-06-01","2016-02-01","2015-11-01","2015-01-01","2014-04-01-preview"],"capabilities":"None"},{"resourceType":"deploymentScripts","locations":["East
        Asia","Southeast Asia","Australia East","Brazil South","Canada Central","East
        US 2","East US","Central US","North Central US","UK South","Central India","South
        India","Japan East","Korea Central","North Europe","West Central US","West
        Europe","West US 2","West US","South Central US","Canada East","Central US
        EUAP","East US 2 EUAP"],"apiVersions":["2020-10-01","2019-10-01-preview"],"capabilities":"SupportsTags,
        SupportsLocation"},{"resourceType":"deploymentScripts/logs","locations":["East
        Asia","Southeast Asia","Australia East","Brazil South","Canada Central","East
        US 2","East US","Central US","North Central US","UK South","Central India","South
        India","Japan East","Korea Central","North Europe","West Central US","West
        Europe","West US 2","West US","South Central US","Canada East","Central US
        EUAP","East US 2 EUAP"],"apiVersions":["2020-10-01","2019-10-01-preview"],"capabilities":"None"},{"resourceType":"locations/deploymentScriptOperationResults","locations":["East
        Asia","Southeast Asia","Australia East","Brazil South","Canada Central","East
        US 2","East US","Central US","North Central US","UK South","Central India","South
        India","Japan East","Korea Central","North Europe","West Central US","West
        Europe","West US 2","West US","South Central US","Canada East","Central US
        EUAP","East US 2 EUAP"],"apiVersions":["2020-10-01","2019-10-01-preview"],"capabilities":"None"},{"resourceType":"templateSpecs","locations":["East
        Asia","Southeast Asia","Australia East","Australia Central","Australia Central
        2","Australia Southeast","Brazil South","Canada Central","Canada East","Switzerland
        North","Germany West Central","East US 2","East US","Central US","North Central
        US","France Central","UK South","UK West","Central India","West India","South
        India","Japan East","Japan West","Korea Central","Korea South","North Europe","Norway
        East","UAE North","West Central US","West Europe","West US 2","West US","South
        Central US","South Africa North","Central US EUAP","East US 2 EUAP"],"apiVersions":["2019-06-01-preview"],"capabilities":"CrossResourceGroupResourceMove,
        CrossSubscriptionResourceMove, SupportsTags, SupportsLocation"},{"resourceType":"templateSpecs/versions","locations":["East
        Asia","Southeast Asia","Australia East","Australia Central","Australia Central
        2","Australia Southeast","Brazil South","Canada Central","Canada East","Switzerland
        North","Germany West Central","East US 2","East US","Central US","North Central
        US","France Central","UK South","UK West","Central India","West India","South
        India","Japan East","Japan West","Korea Central","Korea South","North Europe","Norway
        East","UAE North","West Central US","West Europe","West US 2","West US","South
        Central US","South Africa North","Central US EUAP","East US 2 EUAP"],"apiVersions":["2019-06-01-preview"],"capabilities":"CrossResourceGroupResourceMove,
        CrossSubscriptionResourceMove, SupportsTags, SupportsLocation"}],"registrationState":"Registered","registrationPolicy":"RegistrationFree"}'
    headers:
      cache-control:
      - no-cache
      content-length:
      - '16332'
      content-type:
      - application/json; charset=utf-8
      date:
      - Thu, 17 Dec 2020 19:33:30 GMT
      expires:
      - '-1'
      pragma:
      - no-cache
      strict-transport-security:
      - max-age=31536000; includeSubDomains
      vary:
      - Accept-Encoding
      x-content-type-options:
      - nosniff
    status:
      code: 200
      message: OK
- request:
    body: null
    headers:
      Accept:
      - application/json
      Accept-Encoding:
      - gzip, deflate
      CommandName:
      - deployment sub what-if
      Connection:
      - keep-alive
      ParameterSetName:
      - --location --template-spec --parameters --no-pretty-print
      User-Agent:
      - python/3.8.6 (Windows-10-10.0.19041-SP0) msrest/0.6.18 msrest_azure/0.6.3
        azure-mgmt-resource/12.0.0 Azure-SDK-For-Python AZURECLI/2.16.0
      accept-language:
      - en-US
    method: GET
    uri: https://management.azure.com/subscriptions/00000000-0000-0000-0000-000000000000/resourceGroups/cli_test_deployment_what_if_template_specs000001/providers/Microsoft.Resources/templateSpecs/cli-test-deploy-what-if-sub-deploy000002/versions/1.0?api-version=2019-06-01-preview
  response:
    body:
      string: "{\r\n  \"location\": \"westus\",\r\n  \"tags\": {},\r\n  \"systemData\":
        {\r\n    \"createdBy\": \"daetienn@microsoft.com\",\r\n    \"createdByType\":
        \"User\",\r\n    \"createdAt\": \"2020-12-17T19:32:54.0096447Z\",\r\n    \"lastModifiedBy\":
        \"daetienn@microsoft.com\",\r\n    \"lastModifiedByType\": \"User\",\r\n    \"lastModifiedAt\":
        \"2020-12-17T19:32:54.0096447Z\"\r\n  },\r\n  \"properties\": {\r\n    \"artifacts\":
        [],\r\n    \"template\": {\r\n      \"$schema\": \"https://schema.management.azure.com/schemas/2019-04-01/deploymentTemplate.json#\",\r\n
        \     \"contentVersion\": \"1.0.0.0\",\r\n      \"parameters\": {\r\n        \"denyLocation\":
        {\r\n          \"type\": \"string\",\r\n          \"defaultValue\": \"northeurope\"\r\n
        \       }\r\n      },\r\n      \"variables\": {\r\n        \"policyDefinitionName\":
        \"policy-for-what-if-test\"\r\n      },\r\n      \"resources\": [\r\n        {\r\n
        \         \"name\": \"[variables('policyDefinitionName')]\",\r\n          \"type\":
        \"Microsoft.Authorization/policyDefinitions\",\r\n          \"apiVersion\":
        \"2018-05-01\",\r\n          \"properties\": {\r\n            \"policyType\":
        \"Custom\",\r\n            \"policyRule\": {\r\n              \"if\": {\r\n
        \               \"field\": \"location\",\r\n                \"equals\": \"[parameters('denyLocation')]\"\r\n
        \             },\r\n              \"then\": {\r\n                \"effect\":
        \"deny\"\r\n              }\r\n            }\r\n          }\r\n        }\r\n
        \     ],\r\n      \"outputs\": {\r\n        \"policyDefinitionId\": {\r\n
        \         \"type\": \"string\",\r\n          \"value\": \"[resourceId('Microsoft.Authorization/policyDefinitions',
        variables('policyDefinitionName'))]\"\r\n        }\r\n      }\r\n    }\r\n
        \ },\r\n  \"id\": \"/subscriptions/00000000-0000-0000-0000-000000000000/resourceGroups/cli_test_deployment_what_if_template_specs000001/providers/Microsoft.Resources/templateSpecs/cli-test-deploy-what-if-sub-deploy000002/versions/1.0\",\r\n
        \ \"type\": \"Microsoft.Resources/templateSpecs/versions\",\r\n  \"name\":
        \"1.0\"\r\n}"
    headers:
      cache-control:
      - no-cache
      content-length:
      - '1886'
      content-type:
      - application/json; charset=utf-8
      date:
      - Thu, 17 Dec 2020 19:33:30 GMT
      expires:
      - '-1'
      pragma:
      - no-cache
      server:
      - Microsoft-HTTPAPI/2.0
      strict-transport-security:
      - max-age=31536000; includeSubDomains
      transfer-encoding:
      - chunked
      vary:
      - Accept-Encoding
      x-content-type-options:
      - nosniff
    status:
      code: 200
      message: OK
- request:
    body: '{"location": "westus", "properties": {"templateLink": {"id": "/subscriptions/00000000-0000-0000-0000-000000000000/resourceGroups/cli_test_deployment_what_if_template_specs000001/providers/Microsoft.Resources/templateSpecs/cli-test-deploy-what-if-sub-deploy000002/versions/1.0"},
      "parameters": {"denyLocation": {"value": "westeurope"}}, "mode": "Incremental",
      "whatIfSettings": {"resultFormat": "FullResourcePayloads"}}}'
    headers:
      Accept:
      - application/json
      Accept-Encoding:
      - gzip, deflate
      CommandName:
      - deployment sub what-if
      Connection:
      - keep-alive
      Content-Length:
      - '466'
      Content-Type:
      - application/json; charset=utf-8
      ParameterSetName:
      - --location --template-spec --parameters --no-pretty-print
      User-Agent:
      - python/3.8.6 (Windows-10-10.0.19041-SP0) msrest/0.6.18 msrest_azure/0.6.3
        azure-mgmt-resource/12.0.0 Azure-SDK-For-Python AZURECLI/2.16.0
      accept-language:
      - en-US
    method: POST
    uri: https://management.azure.com/subscriptions/00000000-0000-0000-0000-000000000000/providers/Microsoft.Resources/deployments/mock-deployment/whatIf?api-version=2020-10-01
  response:
    body:
      string: ''
    headers:
      cache-control:
      - no-cache
      content-length:
      - '0'
      date:
      - Thu, 17 Dec 2020 19:33:31 GMT
      expires:
      - '-1'
      location:
      - https://management.azure.com/subscriptions/00000000-0000-0000-0000-000000000000/operationresults/eyJqb2JJZCI6IkRlcGxveW1lbnRXaGF0SWZKb2ItLTEtM0RFRDJCM0U6MkRFNDE1OjJENDBBRjoyREEzMEQ6MkREODFFRjEzMEJGOTgiLCJqb2JMb2NhdGlvbiI6Indlc3R1cyJ9?api-version=2020-10-01
      pragma:
      - no-cache
      strict-transport-security:
      - max-age=31536000; includeSubDomains
      x-content-type-options:
      - nosniff
      x-ms-ratelimit-remaining-subscription-writes:
      - '1199'
    status:
      code: 202
      message: Accepted
- request:
    body: null
    headers:
      Accept:
      - application/json
      Accept-Encoding:
      - gzip, deflate
      CommandName:
      - deployment sub what-if
      Connection:
      - keep-alive
      ParameterSetName:
      - --location --template-spec --parameters --no-pretty-print
      User-Agent:
      - python/3.8.6 (Windows-10-10.0.19041-SP0) msrest/0.6.18 msrest_azure/0.6.3
        azure-mgmt-resource/12.0.0 Azure-SDK-For-Python AZURECLI/2.16.0
    method: GET
    uri: https://management.azure.com/subscriptions/00000000-0000-0000-0000-000000000000/operationresults/eyJqb2JJZCI6IkRlcGxveW1lbnRXaGF0SWZKb2ItLTEtM0RFRDJCM0U6MkRFNDE1OjJENDBBRjoyREEzMEQ6MkREODFFRjEzMEJGOTgiLCJqb2JMb2NhdGlvbiI6Indlc3R1cyJ9?api-version=2020-10-01
  response:
    body:
      string: '{"status":"Succeeded","properties":{"correlationId":"3ded2b3e-e415-40af-a30d-d81ef130bf98","changes":[{"resourceId":"/subscriptions/00000000-0000-0000-0000-000000000000/providers/Microsoft.Authorization/policyDefinitions/policy-for-what-if-test","changeType":"Modify","before":{"apiVersion":"2018-05-01","id":"/subscriptions/00000000-0000-0000-0000-000000000000/providers/Microsoft.Authorization/policyDefinitions/policy-for-what-if-test","name":"policy-for-what-if-test","properties":{"mode":"Indexed","policyRule":{"if":{"equals":"northeurope","field":"location"},"then":{"effect":"deny"}},"policyType":"Custom"},"type":"Microsoft.Authorization/policyDefinitions"},"after":{"apiVersion":"2018-05-01","id":"/subscriptions/00000000-0000-0000-0000-000000000000/providers/Microsoft.Authorization/policyDefinitions/policy-for-what-if-test","name":"policy-for-what-if-test","properties":{"mode":"Indexed","policyRule":{"if":{"equals":"westeurope","field":"location"},"then":{"effect":"deny"}},"policyType":"Custom"},"type":"Microsoft.Authorization/policyDefinitions"},"delta":[{"path":"properties.policyRule.if.equals","propertyChangeType":"Modify","before":"northeurope","after":"westeurope"}]}]}}'
    headers:
      cache-control:
      - no-cache
      content-length:
      - '1194'
      content-type:
      - application/json; charset=utf-8
      date:
      - Thu, 17 Dec 2020 19:33:47 GMT
      expires:
      - '-1'
      pragma:
      - no-cache
      strict-transport-security:
      - max-age=31536000; includeSubDomains
      vary:
      - Accept-Encoding
      x-content-type-options:
      - nosniff
    status:
      code: 200
      message: OK
version: 1
