interactions:
- request:
    body: null
    headers:
      Accept:
      - application/json
      Accept-Encoding:
      - gzip, deflate
      CommandName:
      - account management-group create
      Connection:
      - keep-alive
      Content-Length:
      - '0'
      ParameterSetName:
      - --name --display-name
      User-Agent:
<<<<<<< HEAD
      - python/3.8.3 (Windows-10-10.0.19041-SP0) msrest/0.6.9 msrest_azure/0.6.3 azure-mgmt-resource/10.1.0
=======
      - python/3.8.2 (Windows-10-10.0.19041-SP0) msrest/0.6.9 msrest_azure/0.6.3 azure-mgmt-resource/10.1.0
>>>>>>> 959166f624c1154a4225188a267842db777c48fe
        Azure-SDK-For-Python AZURECLI/2.8.0
      accept-language:
      - en-US
    method: POST
    uri: https://management.azure.com/subscriptions/00000000-0000-0000-0000-000000000000/providers/Microsoft.Management/register?api-version=2020-06-01
  response:
    body:
      string: '{"id":"/subscriptions/00000000-0000-0000-0000-000000000000/providers/Microsoft.Management","namespace":"Microsoft.Management","authorization":{"applicationId":"f2c304cf-8e7e-4c3f-8164-16299ad9d272","roleDefinitionId":"c1cf3708-588a-4647-be7f-f400bbe214cf"},"resourceTypes":[{"resourceType":"resources","locations":[],"apiVersions":["2017-11-01-preview","2017-08-31-preview","2017-06-30-preview","2017-05-31-preview"],"capabilities":"None"},{"resourceType":"managementGroups","locations":[],"apiVersions":["2020-05-01","2020-02-01","2019-11-01","2018-03-01-preview","2018-03-01-beta","2018-01-01-preview","2017-11-01-preview","2017-08-31-preview","2017-06-30-preview","2017-05-31-preview"],"capabilities":"None"},{"resourceType":"getEntities","locations":[],"apiVersions":["2020-05-01","2020-02-01","2019-11-01","2018-03-01-preview","2018-03-01-beta","2018-01-01-preview"],"capabilities":"None"},{"resourceType":"managementGroups/settings","locations":[],"apiVersions":["2020-05-01","2020-02-01","2018-03-01-beta"],"capabilities":"None"},{"resourceType":"checkNameAvailability","locations":[],"apiVersions":["2020-05-01","2020-02-01","2019-11-01","2018-03-01-preview","2018-03-01-beta","2018-01-01-preview"],"capabilities":"None"},{"resourceType":"operationResults","locations":[],"apiVersions":["2020-05-01","2020-02-01","2019-11-01","2018-03-01-preview","2018-03-01-beta","2018-01-01-preview"],"capabilities":"None"},{"resourceType":"operationResults/asyncOperation","locations":[],"apiVersions":["2020-05-01","2020-02-01","2019-11-01","2018-03-01-beta"],"capabilities":"None"},{"resourceType":"operations","locations":[],"apiVersions":["2020-05-01","2020-02-01","2019-11-01","2018-03-01-preview","2018-03-01-beta","2018-01-01-preview","2017-11-01-preview","2017-08-31-preview","2017-06-30-preview","2017-05-31-preview"],"capabilities":"None"},{"resourceType":"tenantBackfillStatus","locations":[],"apiVersions":["2020-05-01","2020-02-01","2019-11-01","2018-03-01-preview","2018-03-01-beta"],"capabilities":"None"},{"resourceType":"startTenantBackfill","locations":[],"apiVersions":["2020-05-01","2020-02-01","2019-11-01","2018-03-01-preview","2018-03-01-beta"],"capabilities":"None"}],"registrationState":"Registered","registrationPolicy":"RegistrationRequired"}'
    headers:
      cache-control:
      - no-cache
      content-length:
      - '2264'
      content-type:
      - application/json; charset=utf-8
      date:
<<<<<<< HEAD
      - Wed, 08 Jul 2020 18:21:17 GMT
=======
      - Wed, 08 Jul 2020 04:46:15 GMT
>>>>>>> 959166f624c1154a4225188a267842db777c48fe
      expires:
      - '-1'
      pragma:
      - no-cache
      strict-transport-security:
      - max-age=31536000; includeSubDomains
      transfer-encoding:
      - chunked
      vary:
      - Accept-Encoding
      x-content-type-options:
      - nosniff
      x-ms-ratelimit-remaining-subscription-writes:
      - '1199'
    status:
      code: 200
      message: OK
- request:
    body: null
    headers:
      Accept:
      - application/json
      Accept-Encoding:
      - gzip, deflate
      CommandName:
      - account management-group create
      Connection:
      - keep-alive
      ParameterSetName:
      - --name --display-name
      User-Agent:
<<<<<<< HEAD
      - python/3.8.3 (Windows-10-10.0.19041-SP0) msrest/0.6.9 msrest_azure/0.6.3 azure-mgmt-resource/10.1.0
=======
      - python/3.8.2 (Windows-10-10.0.19041-SP0) msrest/0.6.9 msrest_azure/0.6.3 azure-mgmt-resource/10.1.0
>>>>>>> 959166f624c1154a4225188a267842db777c48fe
        Azure-SDK-For-Python AZURECLI/2.8.0
      accept-language:
      - en-US
    method: GET
    uri: https://management.azure.com/subscriptions/00000000-0000-0000-0000-000000000000/providers/Microsoft.Management?api-version=2020-06-01
  response:
    body:
      string: '{"id":"/subscriptions/00000000-0000-0000-0000-000000000000/providers/Microsoft.Management","namespace":"Microsoft.Management","authorization":{"applicationId":"f2c304cf-8e7e-4c3f-8164-16299ad9d272","roleDefinitionId":"c1cf3708-588a-4647-be7f-f400bbe214cf"},"resourceTypes":[{"resourceType":"resources","locations":[],"apiVersions":["2017-11-01-preview","2017-08-31-preview","2017-06-30-preview","2017-05-31-preview"],"capabilities":"None"},{"resourceType":"managementGroups","locations":[],"apiVersions":["2020-05-01","2020-02-01","2019-11-01","2018-03-01-preview","2018-03-01-beta","2018-01-01-preview","2017-11-01-preview","2017-08-31-preview","2017-06-30-preview","2017-05-31-preview"],"capabilities":"None"},{"resourceType":"getEntities","locations":[],"apiVersions":["2020-05-01","2020-02-01","2019-11-01","2018-03-01-preview","2018-03-01-beta","2018-01-01-preview"],"capabilities":"None"},{"resourceType":"managementGroups/settings","locations":[],"apiVersions":["2020-05-01","2020-02-01","2018-03-01-beta"],"capabilities":"None"},{"resourceType":"checkNameAvailability","locations":[],"apiVersions":["2020-05-01","2020-02-01","2019-11-01","2018-03-01-preview","2018-03-01-beta","2018-01-01-preview"],"capabilities":"None"},{"resourceType":"operationResults","locations":[],"apiVersions":["2020-05-01","2020-02-01","2019-11-01","2018-03-01-preview","2018-03-01-beta","2018-01-01-preview"],"capabilities":"None"},{"resourceType":"operationResults/asyncOperation","locations":[],"apiVersions":["2020-05-01","2020-02-01","2019-11-01","2018-03-01-beta"],"capabilities":"None"},{"resourceType":"operations","locations":[],"apiVersions":["2020-05-01","2020-02-01","2019-11-01","2018-03-01-preview","2018-03-01-beta","2018-01-01-preview","2017-11-01-preview","2017-08-31-preview","2017-06-30-preview","2017-05-31-preview"],"capabilities":"None"},{"resourceType":"tenantBackfillStatus","locations":[],"apiVersions":["2020-05-01","2020-02-01","2019-11-01","2018-03-01-preview","2018-03-01-beta"],"capabilities":"None"},{"resourceType":"startTenantBackfill","locations":[],"apiVersions":["2020-05-01","2020-02-01","2019-11-01","2018-03-01-preview","2018-03-01-beta"],"capabilities":"None"}],"registrationState":"Registered","registrationPolicy":"RegistrationRequired"}'
    headers:
      cache-control:
      - no-cache
      content-length:
      - '2264'
      content-type:
      - application/json; charset=utf-8
      date:
<<<<<<< HEAD
      - Wed, 08 Jul 2020 18:21:27 GMT
=======
      - Wed, 08 Jul 2020 04:46:24 GMT
>>>>>>> 959166f624c1154a4225188a267842db777c48fe
      expires:
      - '-1'
      pragma:
      - no-cache
      strict-transport-security:
      - max-age=31536000; includeSubDomains
      vary:
      - Accept-Encoding
      x-content-type-options:
      - nosniff
    status:
      code: 200
      message: OK
- request:
    body: '{"name": "testcligroup", "properties": {"displayName": "TestCliDisplayName",
      "details": {"parent": {}}}}'
    headers:
      Accept:
      - application/json
      Accept-Encoding:
      - gzip, deflate
      Cache-Control:
      - no-cache
      CommandName:
      - account management-group create
      Connection:
      - keep-alive
      Content-Length:
      - '104'
      Content-Type:
      - application/json; charset=utf-8
      ParameterSetName:
      - --name --display-name
      User-Agent:
<<<<<<< HEAD
      - python/3.8.3 (Windows-10-10.0.19041-SP0) msrest/0.6.9 msrest_azure/0.6.3 azure-mgmt-managementgroups/0.2.0
=======
      - python/3.8.2 (Windows-10-10.0.19041-SP0) msrest/0.6.9 msrest_azure/0.6.3 azure-mgmt-managementgroups/0.2.0
>>>>>>> 959166f624c1154a4225188a267842db777c48fe
        Azure-SDK-For-Python AZURECLI/2.8.0
      accept-language:
      - en-US
    method: PUT
    uri: https://management.azure.com/providers/Microsoft.Management/managementGroups/testcligroup?api-version=2018-03-01-preview
  response:
    body:
      string: '{"id":"/providers/Microsoft.Management/managementGroups/testcligroup","type":"/providers/Microsoft.Management/managementGroups","name":"testcligroup","status":"NotStarted"}'
    headers:
      cache-control:
      - no-cache
      content-length:
      - '172'
      content-type:
      - application/json; charset=utf-8
      date:
<<<<<<< HEAD
      - Wed, 08 Jul 2020 18:21:28 GMT
=======
      - Wed, 08 Jul 2020 04:46:26 GMT
>>>>>>> 959166f624c1154a4225188a267842db777c48fe
      expires:
      - '-1'
      location:
      - https://management.azure.com/providers/Microsoft.Management/operationResults/create/managementGroups/testcligroup?api-version=2018-03-01-preview
      pragma:
      - no-cache
      request-id:
<<<<<<< HEAD
      - 3cf0c0c4-1caa-4ffb-95e6-6112ade6bdc7
=======
      - 0e76b226-36bf-44a6-b108-4ce0bea58357
>>>>>>> 959166f624c1154a4225188a267842db777c48fe
      strict-transport-security:
      - max-age=31536000; includeSubDomains
      x-ba-restapi:
      - 1.0.3.1578
      x-content-type-options:
      - nosniff
      x-ms-ratelimit-remaining-tenant-writes:
<<<<<<< HEAD
      - '1199'
    status:
      code: 202
      message: Accepted
=======
      - '1198'
    status:
      code: 202
      message: Accepted
- request:
    body: null
    headers:
      Accept:
      - application/json
      Accept-Encoding:
      - gzip, deflate
      CommandName:
      - account management-group create
      Connection:
      - keep-alive
      ParameterSetName:
      - --name --display-name
      User-Agent:
      - python/3.8.2 (Windows-10-10.0.19041-SP0) msrest/0.6.9 msrest_azure/0.6.3 azure-mgmt-managementgroups/0.2.0
        Azure-SDK-For-Python AZURECLI/2.8.0
    method: GET
    uri: https://management.azure.com/providers/Microsoft.Management/operationResults/create/managementGroups/testcligroup?api-version=2018-03-01-preview
  response:
    body:
      string: '{"id":"/providers/Microsoft.Management/managementGroups/testcligroup","type":"/providers/Microsoft.Management/managementGroups","name":"testcligroup","status":"Running"}'
    headers:
      cache-control:
      - no-cache
      content-length:
      - '169'
      content-type:
      - application/json; charset=utf-8
      date:
      - Wed, 08 Jul 2020 04:46:37 GMT
      expires:
      - '-1'
      location:
      - https://management.azure.com/providers/Microsoft.Management/operationResults/create/managementGroups/testcligroup?api-version=2018-03-01-preview
      pragma:
      - no-cache
      request-id:
      - c3a523ce-e48e-4932-966e-6b8b7e0fe398
      strict-transport-security:
      - max-age=31536000; includeSubDomains
      x-ba-restapi:
      - 1.0.3.1578
      x-content-type-options:
      - nosniff
    status:
      code: 202
      message: Accepted
- request:
    body: null
    headers:
      Accept:
      - application/json
      Accept-Encoding:
      - gzip, deflate
      CommandName:
      - account management-group create
      Connection:
      - keep-alive
      ParameterSetName:
      - --name --display-name
      User-Agent:
      - python/3.8.2 (Windows-10-10.0.19041-SP0) msrest/0.6.9 msrest_azure/0.6.3 azure-mgmt-managementgroups/0.2.0
        Azure-SDK-For-Python AZURECLI/2.8.0
    method: GET
    uri: https://management.azure.com/providers/Microsoft.Management/operationResults/create/managementGroups/testcligroup?api-version=2018-03-01-preview
  response:
    body:
      string: '{"id":"/providers/Microsoft.Management/managementGroups/testcligroup","type":"/providers/Microsoft.Management/managementGroups","name":"testcligroup","status":"Running"}'
    headers:
      cache-control:
      - no-cache
      content-length:
      - '169'
      content-type:
      - application/json; charset=utf-8
      date:
      - Wed, 08 Jul 2020 04:46:48 GMT
      expires:
      - '-1'
      location:
      - https://management.azure.com/providers/Microsoft.Management/operationResults/create/managementGroups/testcligroup?api-version=2018-03-01-preview
      pragma:
      - no-cache
      request-id:
      - 32308cc6-4371-4162-8ee4-569783874644
      strict-transport-security:
      - max-age=31536000; includeSubDomains
      x-ba-restapi:
      - 1.0.3.1578
      x-content-type-options:
      - nosniff
    status:
      code: 202
      message: Accepted
- request:
    body: null
    headers:
      Accept:
      - application/json
      Accept-Encoding:
      - gzip, deflate
      CommandName:
      - account management-group create
      Connection:
      - keep-alive
      ParameterSetName:
      - --name --display-name
      User-Agent:
      - python/3.8.2 (Windows-10-10.0.19041-SP0) msrest/0.6.9 msrest_azure/0.6.3 azure-mgmt-managementgroups/0.2.0
        Azure-SDK-For-Python AZURECLI/2.8.0
    method: GET
    uri: https://management.azure.com/providers/Microsoft.Management/operationResults/create/managementGroups/testcligroup?api-version=2018-03-01-preview
  response:
    body:
      string: '{"id":"/providers/Microsoft.Management/managementGroups/testcligroup","type":"/providers/Microsoft.Management/managementGroups","name":"testcligroup","status":"Succeeded","properties":{"tenantId":"c445fb81-7c35-42a5-a47b-4686cb6946f7","displayName":"TestCliDisplayName","details":{"version":2,"updatedTime":"2020-07-08T04:46:29.1959863Z","updatedBy":"d76d90a0-ab79-4214-86ad-241a0c7ecd85","parent":{"id":"/providers/Microsoft.Management/managementGroups/c445fb81-7c35-42a5-a47b-4686cb6946f7","name":"c445fb81-7c35-42a5-a47b-4686cb6946f7","displayName":"Tenant
        Root Group"}}}}'
    headers:
      cache-control:
      - no-cache
      content-length:
      - '575'
      content-type:
      - application/json; charset=utf-8
      date:
      - Wed, 08 Jul 2020 04:46:59 GMT
      expires:
      - '-1'
      pragma:
      - no-cache
      request-id:
      - 79d92bd6-f006-4fbe-9008-e29fb9425491
      strict-transport-security:
      - max-age=31536000; includeSubDomains
      transfer-encoding:
      - chunked
      vary:
      - Accept-Encoding,Accept-Encoding
      x-ba-restapi:
      - 1.0.3.1578
      x-content-type-options:
      - nosniff
    status:
      code: 200
      message: OK
- request:
    body: null
    headers:
      Accept:
      - application/json
      Accept-Encoding:
      - gzip, deflate
      CommandName:
      - account management-group delete
      Connection:
      - keep-alive
      Content-Length:
      - '0'
      ParameterSetName:
      - --name
      User-Agent:
      - python/3.8.2 (Windows-10-10.0.19041-SP0) msrest/0.6.9 msrest_azure/0.6.3 azure-mgmt-resource/10.1.0
        Azure-SDK-For-Python AZURECLI/2.8.0
      accept-language:
      - en-US
    method: POST
    uri: https://management.azure.com/subscriptions/00000000-0000-0000-0000-000000000000/providers/Microsoft.Management/register?api-version=2020-06-01
  response:
    body:
      string: '{"id":"/subscriptions/00000000-0000-0000-0000-000000000000/providers/Microsoft.Management","namespace":"Microsoft.Management","authorization":{"applicationId":"f2c304cf-8e7e-4c3f-8164-16299ad9d272","roleDefinitionId":"c1cf3708-588a-4647-be7f-f400bbe214cf"},"resourceTypes":[{"resourceType":"resources","locations":[],"apiVersions":["2017-11-01-preview","2017-08-31-preview","2017-06-30-preview","2017-05-31-preview"],"capabilities":"None"},{"resourceType":"managementGroups","locations":[],"apiVersions":["2020-05-01","2020-02-01","2019-11-01","2018-03-01-preview","2018-03-01-beta","2018-01-01-preview","2017-11-01-preview","2017-08-31-preview","2017-06-30-preview","2017-05-31-preview"],"capabilities":"None"},{"resourceType":"getEntities","locations":[],"apiVersions":["2020-05-01","2020-02-01","2019-11-01","2018-03-01-preview","2018-03-01-beta","2018-01-01-preview"],"capabilities":"None"},{"resourceType":"managementGroups/settings","locations":[],"apiVersions":["2020-05-01","2020-02-01","2018-03-01-beta"],"capabilities":"None"},{"resourceType":"checkNameAvailability","locations":[],"apiVersions":["2020-05-01","2020-02-01","2019-11-01","2018-03-01-preview","2018-03-01-beta","2018-01-01-preview"],"capabilities":"None"},{"resourceType":"operationResults","locations":[],"apiVersions":["2020-05-01","2020-02-01","2019-11-01","2018-03-01-preview","2018-03-01-beta","2018-01-01-preview"],"capabilities":"None"},{"resourceType":"operationResults/asyncOperation","locations":[],"apiVersions":["2020-05-01","2020-02-01","2019-11-01","2018-03-01-beta"],"capabilities":"None"},{"resourceType":"operations","locations":[],"apiVersions":["2020-05-01","2020-02-01","2019-11-01","2018-03-01-preview","2018-03-01-beta","2018-01-01-preview","2017-11-01-preview","2017-08-31-preview","2017-06-30-preview","2017-05-31-preview"],"capabilities":"None"},{"resourceType":"tenantBackfillStatus","locations":[],"apiVersions":["2020-05-01","2020-02-01","2019-11-01","2018-03-01-preview","2018-03-01-beta"],"capabilities":"None"},{"resourceType":"startTenantBackfill","locations":[],"apiVersions":["2020-05-01","2020-02-01","2019-11-01","2018-03-01-preview","2018-03-01-beta"],"capabilities":"None"}],"registrationState":"Registered","registrationPolicy":"RegistrationRequired"}'
    headers:
      cache-control:
      - no-cache
      content-length:
      - '2264'
      content-type:
      - application/json; charset=utf-8
      date:
      - Wed, 08 Jul 2020 04:47:00 GMT
      expires:
      - '-1'
      pragma:
      - no-cache
      strict-transport-security:
      - max-age=31536000; includeSubDomains
      transfer-encoding:
      - chunked
      vary:
      - Accept-Encoding
      x-content-type-options:
      - nosniff
      x-ms-ratelimit-remaining-subscription-writes:
      - '1198'
    status:
      code: 200
      message: OK
- request:
    body: null
    headers:
      Accept:
      - application/json
      Accept-Encoding:
      - gzip, deflate
      CommandName:
      - account management-group delete
      Connection:
      - keep-alive
      ParameterSetName:
      - --name
      User-Agent:
      - python/3.8.2 (Windows-10-10.0.19041-SP0) msrest/0.6.9 msrest_azure/0.6.3 azure-mgmt-resource/10.1.0
        Azure-SDK-For-Python AZURECLI/2.8.0
      accept-language:
      - en-US
    method: GET
    uri: https://management.azure.com/subscriptions/00000000-0000-0000-0000-000000000000/providers/Microsoft.Management?api-version=2020-06-01
  response:
    body:
      string: '{"id":"/subscriptions/00000000-0000-0000-0000-000000000000/providers/Microsoft.Management","namespace":"Microsoft.Management","authorization":{"applicationId":"f2c304cf-8e7e-4c3f-8164-16299ad9d272","roleDefinitionId":"c1cf3708-588a-4647-be7f-f400bbe214cf"},"resourceTypes":[{"resourceType":"resources","locations":[],"apiVersions":["2017-11-01-preview","2017-08-31-preview","2017-06-30-preview","2017-05-31-preview"],"capabilities":"None"},{"resourceType":"managementGroups","locations":[],"apiVersions":["2020-05-01","2020-02-01","2019-11-01","2018-03-01-preview","2018-03-01-beta","2018-01-01-preview","2017-11-01-preview","2017-08-31-preview","2017-06-30-preview","2017-05-31-preview"],"capabilities":"None"},{"resourceType":"getEntities","locations":[],"apiVersions":["2020-05-01","2020-02-01","2019-11-01","2018-03-01-preview","2018-03-01-beta","2018-01-01-preview"],"capabilities":"None"},{"resourceType":"managementGroups/settings","locations":[],"apiVersions":["2020-05-01","2020-02-01","2018-03-01-beta"],"capabilities":"None"},{"resourceType":"checkNameAvailability","locations":[],"apiVersions":["2020-05-01","2020-02-01","2019-11-01","2018-03-01-preview","2018-03-01-beta","2018-01-01-preview"],"capabilities":"None"},{"resourceType":"operationResults","locations":[],"apiVersions":["2020-05-01","2020-02-01","2019-11-01","2018-03-01-preview","2018-03-01-beta","2018-01-01-preview"],"capabilities":"None"},{"resourceType":"operationResults/asyncOperation","locations":[],"apiVersions":["2020-05-01","2020-02-01","2019-11-01","2018-03-01-beta"],"capabilities":"None"},{"resourceType":"operations","locations":[],"apiVersions":["2020-05-01","2020-02-01","2019-11-01","2018-03-01-preview","2018-03-01-beta","2018-01-01-preview","2017-11-01-preview","2017-08-31-preview","2017-06-30-preview","2017-05-31-preview"],"capabilities":"None"},{"resourceType":"tenantBackfillStatus","locations":[],"apiVersions":["2020-05-01","2020-02-01","2019-11-01","2018-03-01-preview","2018-03-01-beta"],"capabilities":"None"},{"resourceType":"startTenantBackfill","locations":[],"apiVersions":["2020-05-01","2020-02-01","2019-11-01","2018-03-01-preview","2018-03-01-beta"],"capabilities":"None"}],"registrationState":"Registered","registrationPolicy":"RegistrationRequired"}'
    headers:
      cache-control:
      - no-cache
      content-length:
      - '2264'
      content-type:
      - application/json; charset=utf-8
      date:
      - Wed, 08 Jul 2020 04:47:11 GMT
      expires:
      - '-1'
      pragma:
      - no-cache
      strict-transport-security:
      - max-age=31536000; includeSubDomains
      vary:
      - Accept-Encoding
      x-content-type-options:
      - nosniff
    status:
      code: 200
      message: OK
- request:
    body: null
    headers:
      Accept:
      - application/json
      Accept-Encoding:
      - gzip, deflate
      Cache-Control:
      - no-cache
      CommandName:
      - account management-group delete
      Connection:
      - keep-alive
      Content-Length:
      - '0'
      ParameterSetName:
      - --name
      User-Agent:
      - python/3.8.2 (Windows-10-10.0.19041-SP0) msrest/0.6.9 msrest_azure/0.6.3 azure-mgmt-managementgroups/0.2.0
        Azure-SDK-For-Python AZURECLI/2.8.0
      accept-language:
      - en-US
    method: DELETE
    uri: https://management.azure.com/providers/Microsoft.Management/managementGroups/testcligroup?api-version=2018-03-01-preview
  response:
    body:
      string: '{"id":"/providers/Microsoft.Management/managementGroups/testcligroup","type":"/providers/Microsoft.Management/managementGroups","name":"testcligroup","status":"NotStarted"}'
    headers:
      cache-control:
      - no-cache
      content-length:
      - '172'
      content-type:
      - application/json; charset=utf-8
      date:
      - Wed, 08 Jul 2020 04:47:13 GMT
      expires:
      - '-1'
      location:
      - https://management.azure.com/providers/Microsoft.Management/operationResults/delete/managementGroups/testcligroup?api-version=2018-03-01-preview
      pragma:
      - no-cache
      request-id:
      - e25bfa2c-6134-420f-8478-bc200133e452
      strict-transport-security:
      - max-age=31536000; includeSubDomains
      x-ba-restapi:
      - 1.0.3.1578
      x-content-type-options:
      - nosniff
      x-ms-ratelimit-remaining-tenant-deletes:
      - '14998'
    status:
      code: 202
      message: Accepted
- request:
    body: null
    headers:
      Accept:
      - application/json
      Accept-Encoding:
      - gzip, deflate
      CommandName:
      - account management-group delete
      Connection:
      - keep-alive
      ParameterSetName:
      - --name
      User-Agent:
      - python/3.8.2 (Windows-10-10.0.19041-SP0) msrest/0.6.9 msrest_azure/0.6.3 azure-mgmt-managementgroups/0.2.0
        Azure-SDK-For-Python AZURECLI/2.8.0
    method: GET
    uri: https://management.azure.com/providers/Microsoft.Management/operationResults/delete/managementGroups/testcligroup?api-version=2018-03-01-preview
  response:
    body:
      string: '{"id":"/providers/Microsoft.Management/managementGroups/testcligroup","type":"/providers/Microsoft.Management/managementGroups","name":"testcligroup","status":"Succeeded"}'
    headers:
      cache-control:
      - no-cache
      content-length:
      - '171'
      content-type:
      - application/json; charset=utf-8
      date:
      - Wed, 08 Jul 2020 04:47:23 GMT
      expires:
      - '-1'
      pragma:
      - no-cache
      request-id:
      - 8a95e350-63c2-4310-bbad-1e8ed314d6c8
      strict-transport-security:
      - max-age=31536000; includeSubDomains
      transfer-encoding:
      - chunked
      vary:
      - Accept-Encoding,Accept-Encoding
      x-ba-restapi:
      - 1.0.3.1578
      x-content-type-options:
      - nosniff
    status:
      code: 200
      message: OK
>>>>>>> 959166f624c1154a4225188a267842db777c48fe
version: 1
