interactions:
- request:
    body: "{\"properties\": {\"parameters\": {\"location\": {\"value\": \"westus\"},
      \"name\": {\"value\": \"azure-cli-deploy-test-nsg1\"}}, \"mode\": \"Incremental\",
      template:{\r\n  \"$schema\": \"https://schema.management.azure.com/schemas/2015-01-01/deploymentTemplate.json#\",\r\n
      \ \"contentVersion\": \"1.0.0.0\",\r\n  \"parameters\": {\r\n    \"location\":
      {\r\n      \"type\": \"string\",\r\n      \"defaultValue\": \"[resourceGroup().location]\",\r\n
      \     \"metadata\": {\r\n        \"description\": \"Location for the network
      security group.\"\r\n      }\r\n    },\r\n    \"name\": {\r\n      \"type\":
      \"string\",\r\n      \"metadata\": {\r\n        \"description\": \"Name of the
      network security group.\"\r\n      }\r\n    }\r\n  },\r\n  \"variables\": {\r\n
      \ },\r\n  \"resources\": [\r\n    {\r\n      \"type\": \"Microsoft.Network/networkSecurityGroups\",\r\n
      \     \"name\": \"[parameters('name')]\",\r\n      \"apiVersion\": \"2015-06-15\",\r\n
      \     \"location\": \"[parameters('location')]\",\r\n      \"properties\": {\r\n
      \       \"securityRules\": [\r\n        ]\r\n      },\r\n      \"dependsOn\":
      [ ]\r\n    }\r\n  ],\r\n  \"outputs\": {\r\n    \"NewNSG\": {\r\n      /** comment1\r\n
      \         comment2\r\n          comment3\r\n      **/\r\n      // comment\r\n
      \     /** comment **/\r\n      \"type\": \"object\", /** comment **/\r\n      \"value\":
      \"[reference(parameters('name'))]\" // comment\r\n      // comment\r\n      /**
      comment **/\r\n      /** comment1\r\n          comment2\r\n          comment3\r\n
      \     **/\r\n    }\r\n  } // comment\r\n}\r\n}}"
    headers:
      Accept:
      - application/json
      Accept-Encoding:
      - gzip, deflate
      CommandName:
      - deployment group validate
      Connection:
      - keep-alive
      Content-Length:
      - '1368'
      Content-Type:
      - application/json; charset=utf-8
      ParameterSetName:
      - --resource-group --template-file --parameters
      User-Agent:
      - python/3.8.7 (Windows-10-10.0.19041-SP0) msrest/0.6.18 msrest_azure/0.6.3
        azure-mgmt-resource/12.0.0 Azure-SDK-For-Python AZURECLI/2.17.0
      accept-language:
      - en-US
    method: POST
    uri: https://management.azure.com/subscriptions/00000000-0000-0000-0000-000000000000/resourcegroups/cli_test_resource_group_deployment000001/providers/Microsoft.Resources/deployments/mock-deployment/validate?api-version=2020-10-01
  response:
    body:
      string: '{"id":"/subscriptions/00000000-0000-0000-0000-000000000000/resourceGroups/cli_test_resource_group_deployment000001/providers/Microsoft.Resources/deployments/simple_deploy","name":"simple_deploy","type":"Microsoft.Resources/deployments","properties":{"templateHash":"18214098974183646216","parameters":{"location":{"type":"String","value":"westus"},"name":{"type":"String","value":"azure-cli-deploy-test-nsg1"}},"mode":"Incremental","provisioningState":"Succeeded","timestamp":"2020-12-31T01:22:50.6494364Z","duration":"PT0S","correlationId":"88afac2b-47f3-4be6-b441-10e8884f5b6f","providers":[{"namespace":"Microsoft.Network","resourceTypes":[{"resourceType":"networkSecurityGroups","locations":["westus"]}]}],"dependencies":[],"validatedResources":[{"id":"/subscriptions/00000000-0000-0000-0000-000000000000/resourceGroups/cli_test_resource_group_deployment000001/providers/Microsoft.Network/networkSecurityGroups/azure-cli-deploy-test-nsg1"}]}}'
    headers:
      cache-control:
      - no-cache
      content-length:
      - '1016'
      content-type:
      - application/json; charset=utf-8
      date:
      - Thu, 31 Dec 2020 01:22:49 GMT
      expires:
      - '-1'
      pragma:
      - no-cache
      strict-transport-security:
      - max-age=31536000; includeSubDomains
      transfer-encoding:
      - chunked
      vary:
      - Accept-Encoding
      x-content-type-options:
      - nosniff
      x-ms-ratelimit-remaining-subscription-writes:
      - '1199'
    status:
      code: 200
      message: OK
- request:
    body: "{\"properties\": {\"parameters\": {}, \"mode\": \"Incremental\", template:{\r\n
      \   \"$schema\": \"https://schema.management.azure.com/schemas/2019-04-01/deploymentTemplate.json#\",\r\n
      \   \"contentVersion\": \"1.0.0.0\",\r\n    \"parameters\": {\r\n    },\r\n
      \   \"variables\": {\r\n        \"alertLocation\": \"japaneast\",\r\n        \"alertName\":
      \"armtemplate-alert-japanese-utf8\",\r\n        \"alertDescription\": \"\u3053\u3053\u306B\u65E5\u672C\u8A9E\u3067\u8AAC\u660E\u3057\u307E\u3059\u3002\",\r\n
      \       \"alertStatus\": \"true\",\r\n        \"alertSource\": {\r\n            \"Query\":
      \"requests\",\r\n            \"SourceId\": \"/subscriptions/{subscriptionId}/resourceGroups/test-rg/providers/microsoft.insights/components/my-insight\",\r\n
      \           \"Type\": \"ResultCount\"\r\n        },\r\n        \"alertSchedule\":
      {\r\n            \"Frequency\": 15,\r\n            \"Time\": 60\r\n        },\r\n
      \       \"alertActions\": {\r\n            \"SeverityLevel\": \"3\"\r\n        },\r\n
      \       \"alertTrigger\": {\r\n            \"Operator\": \"GreaterThan\",\r\n
      \           \"Threshold\": \"50\"\r\n        },\r\n        \"actionGrp\": {\r\n
      \           \"ActionGroup\": \"/subscriptions/{subscriptionId}/resourcegroups/default-activitylogalerts/providers/microsoft.insights/actiongroups/send-email\",\r\n
      \           \"Subject\": \"Customized Email Header\",\r\n            \"Webhook\":
      \"{ \\\"alertname\\\":\\\"#alertrulename\\\", \\\"IncludeSearchResults\\\":true
      }\"\r\n        }\r\n    },\r\n    \"resources\": [\r\n        {\r\n            \"name\":
      \"[variables('alertName')]\",\r\n            \"type\": \"Microsoft.Insights/scheduledQueryRules\",\r\n
      \           \"apiVersion\": \"2018-04-16\",\r\n            \"location\": \"[variables('alertLocation')]\",\r\n
      \           \"properties\": {\r\n                \"description\": \"[variables('alertDescription')]\",\r\n
      \               \"enabled\": \"[variables('alertStatus')]\",\r\n                \"source\":
      {\r\n                    \"query\": \"[variables('alertSource').Query]\",\r\n
      \                   \"dataSourceId\": \"[variables('alertSource').SourceId]\",\r\n
      \                   \"queryType\": \"[variables('alertSource').Type]\"\r\n                },\r\n
      \               \"schedule\": {\r\n                    \"frequencyInMinutes\":
      \"[variables('alertSchedule').Frequency]\",\r\n                    \"timeWindowInMinutes\":
      \"[variables('alertSchedule').Time]\"\r\n                },\r\n                \"action\":
      {\r\n                    \"odata.type\": \"Microsoft.WindowsAzure.Management.Monitoring.Alerts.Models.Microsoft.AppInsights.Nexus.DataContracts.Resources.ScheduledQueryRules.AlertingAction\",\r\n
      \                   \"severity\": \"[variables('alertActions').SeverityLevel]\",\r\n
      \                   \"aznsAction\": {\r\n                        \"actionGroup\":
      \"[array(variables('actionGrp').ActionGroup)]\",\r\n                        \"emailSubject\":
      \"[variables('actionGrp').Subject]\",\r\n                        \"customWebhookPayload\":
      \"[variables('actionGrp').Webhook]\"\r\n                    },\r\n                    \"trigger\":
      {\r\n                        \"thresholdOperator\": \"[variables('alertTrigger').Operator]\",\r\n
      \                       \"threshold\": \"[variables('alertTrigger').Threshold]\"\r\n
      \                   }\r\n                }\r\n            }\r\n        }\r\n
      \   ]\r\n}}}"
    headers:
      Accept:
      - application/json
      Accept-Encoding:
      - gzip, deflate
      CommandName:
      - deployment group validate
      Connection:
      - keep-alive
      Content-Length:
      - '3060'
      Content-Type:
      - application/json; charset=utf-8
      ParameterSetName:
      - --resource-group --template-file
      User-Agent:
      - python/3.8.7 (Windows-10-10.0.19041-SP0) msrest/0.6.18 msrest_azure/0.6.3
        azure-mgmt-resource/12.0.0 Azure-SDK-For-Python AZURECLI/2.17.0
      accept-language:
      - en-US
    method: POST
    uri: https://management.azure.com/subscriptions/00000000-0000-0000-0000-000000000000/resourcegroups/cli_test_resource_group_deployment000001/providers/Microsoft.Resources/deployments/mock-deployment/validate?api-version=2020-10-01
  response:
    body:
      string: '{"id":"/subscriptions/00000000-0000-0000-0000-000000000000/resourceGroups/cli_test_resource_group_deployment000001/providers/Microsoft.Resources/deployments/Japanese-characters-template","name":"Japanese-characters-template","type":"Microsoft.Resources/deployments","properties":{"templateHash":"1888782782781528452","parameters":{},"mode":"Incremental","provisioningState":"Succeeded","timestamp":"2020-12-31T01:22:52.0222792Z","duration":"PT0S","correlationId":"aa00fe1b-73f6-4943-8fa5-80eb2b094248","providers":[{"namespace":"Microsoft.Insights","resourceTypes":[{"resourceType":"scheduledQueryRules","locations":["japaneast"]}]}],"dependencies":[],"validatedResources":[{"id":"/subscriptions/00000000-0000-0000-0000-000000000000/resourceGroups/cli_test_resource_group_deployment000001/providers/Microsoft.Insights/scheduledQueryRules/armtemplate-alert-japanese-utf8"}]}}'
    headers:
      cache-control:
      - no-cache
      content-length:
      - '944'
      content-type:
      - application/json; charset=utf-8
      date:
      - Thu, 31 Dec 2020 01:22:51 GMT
      expires:
      - '-1'
      pragma:
      - no-cache
      strict-transport-security:
      - max-age=31536000; includeSubDomains
      transfer-encoding:
      - chunked
      vary:
      - Accept-Encoding
      x-content-type-options:
      - nosniff
      x-ms-ratelimit-remaining-subscription-writes:
      - '1199'
    status:
      code: 200
      message: OK
- request:
    body: "{\"properties\": {\"parameters\": {\"location\": {\"value\": \"westus\"},
      \"name\": {\"value\": \"azure-cli-deploy-test-nsg1\"}}, \"mode\": \"Incremental\",
      template:{\r\n  \"$schema\": \"https://schema.management.azure.com/schemas/2015-01-01/deploymentTemplate.json#\",\r\n
      \ \"contentVersion\": \"1.0.0.0\",\r\n  \"parameters\": {\r\n    \"location\":
      {\r\n      \"type\": \"string\",\r\n      \"defaultValue\": \"[resourceGroup().location]\",\r\n
      \     \"metadata\": {\r\n        \"description\": \"Location for the \r\n        network
      security group.\"\r\n      }\r\n    },\r\n    \"name\": {\r\n      \"type\":
      \"string\",\r\n      \"metadata\": {\r\n        \"description\": \"\r\n                                string
      username = \\\"UNKNOWN\\\";\\r\\n\r\n                    \"\r\n      }\r\n    }\r\n
      \ },\r\n  \"variables\": {\r\n  },\r\n  \"resources\": [\r\n    {\r\n      \"type\":
      \"Microsoft.Network/networkSecurityGroups\",\r\n      \"name\": \"[parameters('name')]\",\r\n
      \     \"apiVersion\": \"2015-06-15\",\r\n      \"location\": \"[parameters('location')]\",\r\n
      \     \"properties\": {\r\n        \"securityRules\": [\r\n        ]\r\n      },\r\n
      \     \"dependsOn\": [ ]\r\n    }\r\n  ],\r\n  \"outputs\": {\r\n    \"Empty\":
      {\r\n        \"type\": \"string\",\r\n        \"value\": \"\"\r\n    },\r\n
      \   \"NewNSG\": {\r\n      /** comment1\r\n          comment2\r\n          comment3\r\n
      \     **/\r\n      // comment\r\n      /** comment **/\r\n      \"type\": \"object\",
      /** comment **/\r\n      \"value\": \"[reference(parameters('name'))]\" // comment\r\n
      \     // comment\r\n      /** comment **/\r\n      /** comment1\r\n          comment2\r\n
      \         comment3\r\n      **/\r\n    }\r\n  } // comment\r\n}\r\n}}"
    headers:
      Accept:
      - application/json
      Accept-Encoding:
      - gzip, deflate
      CommandName:
      - deployment group validate
      Connection:
      - keep-alive
      Content-Length:
      - '1505'
      Content-Type:
      - application/json; charset=utf-8
      ParameterSetName:
      - --resource-group --template-file --parameters
      User-Agent:
      - python/3.8.7 (Windows-10-10.0.19041-SP0) msrest/0.6.18 msrest_azure/0.6.3
        azure-mgmt-resource/12.0.0 Azure-SDK-For-Python AZURECLI/2.17.0
      accept-language:
      - en-US
    method: POST
    uri: https://management.azure.com/subscriptions/00000000-0000-0000-0000-000000000000/resourcegroups/cli_test_resource_group_deployment000001/providers/Microsoft.Resources/deployments/mock-deployment/validate?api-version=2020-10-01
  response:
    body:
      string: '{"id":"/subscriptions/00000000-0000-0000-0000-000000000000/resourceGroups/cli_test_resource_group_deployment000001/providers/Microsoft.Resources/deployments/simple_deploy_multiline","name":"simple_deploy_multiline","type":"Microsoft.Resources/deployments","properties":{"templateHash":"5913993276085807101","parameters":{"location":{"type":"String","value":"westus"},"name":{"type":"String","value":"azure-cli-deploy-test-nsg1"}},"mode":"Incremental","provisioningState":"Succeeded","timestamp":"2020-12-31T01:22:53.2066217Z","duration":"PT0S","correlationId":"cf9a5180-e965-476b-aad3-027795f6f03a","providers":[{"namespace":"Microsoft.Network","resourceTypes":[{"resourceType":"networkSecurityGroups","locations":["westus"]}]}],"dependencies":[],"validatedResources":[{"id":"/subscriptions/00000000-0000-0000-0000-000000000000/resourceGroups/cli_test_resource_group_deployment000001/providers/Microsoft.Network/networkSecurityGroups/azure-cli-deploy-test-nsg1"}]}}'
    headers:
      cache-control:
      - no-cache
      content-length:
      - '1035'
      content-type:
      - application/json; charset=utf-8
      date:
      - Thu, 31 Dec 2020 01:22:53 GMT
      expires:
      - '-1'
      pragma:
      - no-cache
      strict-transport-security:
      - max-age=31536000; includeSubDomains
      transfer-encoding:
      - chunked
      vary:
      - Accept-Encoding
      x-content-type-options:
      - nosniff
      x-ms-ratelimit-remaining-subscription-writes:
      - '1199'
    status:
      code: 200
      message: OK
- request:
    body: "{\"properties\": {\"parameters\": {\"location\": {\"value\": \"westus\"},
      \"name\": {\"value\": \"azure-cli-deploy-test-nsg1\"}}, \"mode\": \"Incremental\",
      template:{\r\n  \"$schema\": \"https://schema.management.azure.com/schemas/2015-01-01/deploymentTemplate.json#\",\r\n
      \ \"contentVersion\": \"1.0.0.0\",\r\n  \"parameters\": {\r\n    \"location\":
      {\r\n      \"type\": \"string\",\r\n      \"defaultValue\": \"[resourceGroup().location]\",\r\n
      \     \"metadata\": {\r\n        \"description\": \"Location for the network
      security group.\"\r\n      }\r\n    },\r\n    \"name\": {\r\n      \"type\":
      \"string\",\r\n      \"metadata\": {\r\n        \"description\": \"Name of the
      network security group.\"\r\n      }\r\n    },\r\n    \"extra_param\": {\r\n
      \     \"type\": \"string\",\r\n      \"metadata\": {\r\n        \"description\":
      \"Useless redundant parameters.\"\r\n      }\r\n    }\r\n  },\r\n  \"variables\":
      {\r\n  },\r\n  \"resources\": [\r\n    {\r\n      \"type\": \"Microsoft.Network/networkSecurityGroups\",\r\n
      \     \"name\": \"[parameters('name')]\",\r\n      \"apiVersion\": \"2015-06-15\",\r\n
      \     \"location\": \"[parameters('location')]\",\r\n      \"properties\": {\r\n
      \       \"securityRules\": [\r\n        ]\r\n      },\r\n      \"dependsOn\":
      [ ]\r\n    }\r\n  ],\r\n  \"outputs\": {\r\n    \"NewNSG\": {\r\n      /** comment1\r\n
      \         comment2\r\n          comment3\r\n      **/\r\n      // comment\r\n
      \     /** comment **/\r\n      \"type\": \"object\", /** comment **/\r\n      \"value\":
      \"[reference(parameters('name'))]\" // comment\r\n      // comment\r\n      /**
      comment **/\r\n      /** comment1\r\n          comment2\r\n          comment3\r\n
      \     **/\r\n    }\r\n  } // comment\r\n}\r\n}}"
    headers:
      Accept:
      - application/json
      Accept-Encoding:
      - gzip, deflate
      CommandName:
      - deployment group validate
      Connection:
      - keep-alive
      Content-Length:
      - '1509'
      Content-Type:
      - application/json; charset=utf-8
      ParameterSetName:
      - --resource-group --template-file --parameters --no-prompt
      User-Agent:
      - python/3.8.7 (Windows-10-10.0.19041-SP0) msrest/0.6.18 msrest_azure/0.6.3
        azure-mgmt-resource/12.0.0 Azure-SDK-For-Python AZURECLI/2.17.0
      accept-language:
      - en-US
    method: POST
    uri: https://management.azure.com/subscriptions/00000000-0000-0000-0000-000000000000/resourcegroups/cli_test_resource_group_deployment000001/providers/Microsoft.Resources/deployments/mock-deployment/validate?api-version=2020-10-01
  response:
    body:
      string: '{"error":{"code":"InvalidTemplate","message":"Deployment template validation
        failed: ''The value for the template parameter ''extra_param'' at line ''18''
        and column ''20'' is not provided. Please see https://aka.ms/resource-manager-parameter-files
        for usage details.''.","additionalInfo":[{"type":"TemplateViolation","info":{"lineNumber":18,"linePosition":20,"path":"properties.template.parameters.extra_param"}}]}}'
    headers:
      cache-control:
      - no-cache
      content-length:
      - '408'
      content-type:
      - application/json; charset=utf-8
      date:
      - Thu, 31 Dec 2020 01:22:54 GMT
      expires:
      - '-1'
      pragma:
      - no-cache
      strict-transport-security:
      - max-age=31536000; includeSubDomains
      x-content-type-options:
      - nosniff
      x-ms-failure-cause:
      - gateway
      x-ms-ratelimit-remaining-subscription-writes:
      - '1199'
    status:
      code: 400
      message: Bad Request
- request:
    body: "{\"properties\": {\"parameters\": {\"location\": {\"value\": \"westus\"},
      \"name\": {\"value\": \"azure-cli-deploy-test-nsg1\"}}, \"mode\": \"Incremental\",
      template:{\r\n  \"$schema\": \"https://schema.management.azure.com/schemas/2015-01-01/deploymentTemplate.json#\",\r\n
      \ \"contentVersion\": \"1.0.0.0\",\r\n  \"parameters\": {\r\n    \"location\":
      {\r\n      \"type\": \"string\",\r\n      \"defaultValue\": \"[resourceGroup().location]\",\r\n
      \     \"metadata\": {\r\n        \"description\": \"Location for the network
      security group.\"\r\n      }\r\n    },\r\n    \"name\": {\r\n      \"type\":
      \"string\",\r\n      \"metadata\": {\r\n        \"description\": \"Name of the
      network security group.\"\r\n      }\r\n    }\r\n  },\r\n  \"variables\": {\r\n
      \ },\r\n  \"resources\": [\r\n    {\r\n      \"type\": \"Microsoft.Network/networkSecurityGroups\",\r\n
      \     \"name\": \"[parameters('name')]\",\r\n      \"apiVersion\": \"2015-06-15\",\r\n
      \     \"location\": \"[parameters('location')]\",\r\n      \"properties\": {\r\n
      \       \"securityRules\": [\r\n        ]\r\n      },\r\n      \"dependsOn\":
      [ ]\r\n    }\r\n  ],\r\n  \"outputs\": {\r\n    \"NewNSG\": {\r\n      /** comment1\r\n
      \         comment2\r\n          comment3\r\n      **/\r\n      // comment\r\n
      \     /** comment **/\r\n      \"type\": \"object\", /** comment **/\r\n      \"value\":
      \"[reference(parameters('name'))]\" // comment\r\n      // comment\r\n      /**
      comment **/\r\n      /** comment1\r\n          comment2\r\n          comment3\r\n
      \     **/\r\n    }\r\n  } // comment\r\n}\r\n}}"
    headers:
      Accept:
      - application/json
      Accept-Encoding:
      - gzip, deflate
      CommandName:
      - deployment group create
      Connection:
      - keep-alive
      Content-Length:
      - '1368'
      Content-Type:
      - application/json; charset=utf-8
      ParameterSetName:
      - --resource-group -n --template-file --parameters
      User-Agent:
      - python/3.8.7 (Windows-10-10.0.19041-SP0) msrest/0.6.18 msrest_azure/0.6.3
        azure-mgmt-resource/12.0.0 Azure-SDK-For-Python AZURECLI/2.17.0
      accept-language:
      - en-US
    method: POST
    uri: https://management.azure.com/subscriptions/00000000-0000-0000-0000-000000000000/resourcegroups/cli_test_resource_group_deployment000001/providers/Microsoft.Resources/deployments/mock-deployment/validate?api-version=2020-10-01
  response:
    body:
      string: '{"id":"/subscriptions/00000000-0000-0000-0000-000000000000/resourceGroups/cli_test_resource_group_deployment000001/providers/Microsoft.Resources/deployments/azure-cli-resource-group-deployment000002","name":"azure-cli-resource-group-deployment000002","type":"Microsoft.Resources/deployments","properties":{"templateHash":"18214098974183646216","parameters":{"location":{"type":"String","value":"westus"},"name":{"type":"String","value":"azure-cli-deploy-test-nsg1"}},"mode":"Incremental","provisioningState":"Succeeded","timestamp":"2020-12-31T01:22:56.012439Z","duration":"PT0S","correlationId":"3a9764d4-cd0a-4b6b-a8d0-9ce96443506b","providers":[{"namespace":"Microsoft.Network","resourceTypes":[{"resourceType":"networkSecurityGroups","locations":["westus"]}]}],"dependencies":[],"validatedResources":[{"id":"/subscriptions/00000000-0000-0000-0000-000000000000/resourceGroups/cli_test_resource_group_deployment000001/providers/Microsoft.Network/networkSecurityGroups/azure-cli-deploy-test-nsg1"}]}}'
    headers:
      cache-control:
      - no-cache
      content-length:
      - '1109'
      content-type:
      - application/json; charset=utf-8
      date:
      - Thu, 31 Dec 2020 01:22:55 GMT
      expires:
      - '-1'
      pragma:
      - no-cache
      strict-transport-security:
      - max-age=31536000; includeSubDomains
      transfer-encoding:
      - chunked
      vary:
      - Accept-Encoding
      x-content-type-options:
      - nosniff
      x-ms-ratelimit-remaining-subscription-writes:
      - '1199'
    status:
      code: 200
      message: OK
- request:
    body: "{\"properties\": {\"parameters\": {\"location\": {\"value\": \"westus\"},
      \"name\": {\"value\": \"azure-cli-deploy-test-nsg1\"}}, \"mode\": \"Incremental\",
      template:{\r\n  \"$schema\": \"https://schema.management.azure.com/schemas/2015-01-01/deploymentTemplate.json#\",\r\n
      \ \"contentVersion\": \"1.0.0.0\",\r\n  \"parameters\": {\r\n    \"location\":
      {\r\n      \"type\": \"string\",\r\n      \"defaultValue\": \"[resourceGroup().location]\",\r\n
      \     \"metadata\": {\r\n        \"description\": \"Location for the network
      security group.\"\r\n      }\r\n    },\r\n    \"name\": {\r\n      \"type\":
      \"string\",\r\n      \"metadata\": {\r\n        \"description\": \"Name of the
      network security group.\"\r\n      }\r\n    }\r\n  },\r\n  \"variables\": {\r\n
      \ },\r\n  \"resources\": [\r\n    {\r\n      \"type\": \"Microsoft.Network/networkSecurityGroups\",\r\n
      \     \"name\": \"[parameters('name')]\",\r\n      \"apiVersion\": \"2015-06-15\",\r\n
      \     \"location\": \"[parameters('location')]\",\r\n      \"properties\": {\r\n
      \       \"securityRules\": [\r\n        ]\r\n      },\r\n      \"dependsOn\":
      [ ]\r\n    }\r\n  ],\r\n  \"outputs\": {\r\n    \"NewNSG\": {\r\n      /** comment1\r\n
      \         comment2\r\n          comment3\r\n      **/\r\n      // comment\r\n
      \     /** comment **/\r\n      \"type\": \"object\", /** comment **/\r\n      \"value\":
      \"[reference(parameters('name'))]\" // comment\r\n      // comment\r\n      /**
      comment **/\r\n      /** comment1\r\n          comment2\r\n          comment3\r\n
      \     **/\r\n    }\r\n  } // comment\r\n}\r\n}}"
    headers:
      Accept:
      - application/json
      Accept-Encoding:
      - gzip, deflate
      CommandName:
      - deployment group create
      Connection:
      - keep-alive
      Content-Length:
      - '1368'
      Content-Type:
      - application/json; charset=utf-8
      ParameterSetName:
      - --resource-group -n --template-file --parameters
      User-Agent:
      - python/3.8.7 (Windows-10-10.0.19041-SP0) msrest/0.6.18 msrest_azure/0.6.3
        azure-mgmt-resource/12.0.0 Azure-SDK-For-Python AZURECLI/2.17.0
      accept-language:
      - en-US
    method: PUT
    uri: https://management.azure.com/subscriptions/00000000-0000-0000-0000-000000000000/resourcegroups/cli_test_resource_group_deployment000001/providers/Microsoft.Resources/deployments/mock-deployment?api-version=2020-10-01
  response:
    body:
      string: '{"id":"/subscriptions/00000000-0000-0000-0000-000000000000/resourceGroups/cli_test_resource_group_deployment000001/providers/Microsoft.Resources/deployments/azure-cli-resource-group-deployment000002","name":"azure-cli-resource-group-deployment000002","type":"Microsoft.Resources/deployments","properties":{"templateHash":"18214098974183646216","parameters":{"location":{"type":"String","value":"westus"},"name":{"type":"String","value":"azure-cli-deploy-test-nsg1"}},"mode":"Incremental","provisioningState":"Accepted","timestamp":"2020-12-31T01:22:57.5112533Z","duration":"PT0.8177218S","correlationId":"b7a45f93-c2cc-4b40-8aca-8a268c6c8747","providers":[{"namespace":"Microsoft.Network","resourceTypes":[{"resourceType":"networkSecurityGroups","locations":["westus"]}]}],"dependencies":[]}}'
    headers:
      azure-asyncoperation:
      - https://management.azure.com/subscriptions/00000000-0000-0000-0000-000000000000/resourcegroups/cli_test_resource_group_deployment000001/providers/Microsoft.Resources/deployments/azure-cli-resource-group-deployment000002/operationStatuses/08585922291087840878?api-version=2020-10-01
      cache-control:
      - no-cache
      content-length:
      - '865'
      content-type:
      - application/json; charset=utf-8
      date:
      - Thu, 31 Dec 2020 01:22:57 GMT
      expires:
      - '-1'
      pragma:
      - no-cache
      strict-transport-security:
      - max-age=31536000; includeSubDomains
      x-content-type-options:
      - nosniff
      x-ms-ratelimit-remaining-subscription-writes:
      - '1199'
    status:
      code: 201
      message: Created
- request:
    body: null
    headers:
      Accept:
      - application/json
      Accept-Encoding:
      - gzip, deflate
      CommandName:
      - deployment group create
      Connection:
      - keep-alive
      ParameterSetName:
      - --resource-group -n --template-file --parameters
      User-Agent:
      - python/3.8.7 (Windows-10-10.0.19041-SP0) msrest/0.6.18 msrest_azure/0.6.3
        azure-mgmt-resource/12.0.0 Azure-SDK-For-Python AZURECLI/2.17.0
    method: GET
    uri: https://management.azure.com/subscriptions/00000000-0000-0000-0000-000000000000/resourcegroups/cli_test_resource_group_deployment000001/providers/Microsoft.Resources/deployments/mock-deployment/operationStatuses/08585922291087840878?api-version=2020-10-01
  response:
    body:
      string: '{"status":"Succeeded"}'
    headers:
      cache-control:
      - no-cache
      content-length:
      - '22'
      content-type:
      - application/json; charset=utf-8
      date:
      - Thu, 31 Dec 2020 01:23:27 GMT
      expires:
      - '-1'
      pragma:
      - no-cache
      strict-transport-security:
      - max-age=31536000; includeSubDomains
      vary:
      - Accept-Encoding
      x-content-type-options:
      - nosniff
    status:
      code: 200
      message: OK
- request:
    body: null
    headers:
      Accept:
      - application/json
      Accept-Encoding:
      - gzip, deflate
      CommandName:
      - deployment group create
      Connection:
      - keep-alive
      ParameterSetName:
      - --resource-group -n --template-file --parameters
      User-Agent:
      - python/3.8.7 (Windows-10-10.0.19041-SP0) msrest/0.6.18 msrest_azure/0.6.3
        azure-mgmt-resource/12.0.0 Azure-SDK-For-Python AZURECLI/2.17.0
    method: GET
    uri: https://management.azure.com/subscriptions/00000000-0000-0000-0000-000000000000/resourcegroups/cli_test_resource_group_deployment000001/providers/Microsoft.Resources/deployments/mock-deployment?api-version=2020-10-01
  response:
    body:
      string: '{"id":"/subscriptions/00000000-0000-0000-0000-000000000000/resourceGroups/cli_test_resource_group_deployment000001/providers/Microsoft.Resources/deployments/azure-cli-resource-group-deployment000002","name":"azure-cli-resource-group-deployment000002","type":"Microsoft.Resources/deployments","properties":{"templateHash":"18214098974183646216","parameters":{"location":{"type":"String","value":"westus"},"name":{"type":"String","value":"azure-cli-deploy-test-nsg1"}},"mode":"Incremental","provisioningState":"Succeeded","timestamp":"2020-12-31T01:23:03.2400746Z","duration":"PT6.5465431S","correlationId":"b7a45f93-c2cc-4b40-8aca-8a268c6c8747","providers":[{"namespace":"Microsoft.Network","resourceTypes":[{"resourceType":"networkSecurityGroups","locations":["westus"]}]}],"dependencies":[],"outputs":{"newNSG":{"type":"Object","value":{"provisioningState":"Succeeded","resourceGuid":"f8990caa-b0dc-4974-a63a-c45ccf3d4451","securityRules":[],"defaultSecurityRules":[{"name":"AllowVnetInBound","id":"/subscriptions/00000000-0000-0000-0000-000000000000/resourceGroups/cli_test_resource_group_deployment000001/providers/Microsoft.Network/networkSecurityGroups/azure-cli-deploy-test-nsg1/defaultSecurityRules/AllowVnetInBound","etag":"W/\"74c70270-a23d-4f4e-931c-570d914a6f30\"","type":"Microsoft.Network/networkSecurityGroups/defaultSecurityRules","properties":{"provisioningState":"Succeeded","description":"Allow
        inbound traffic from all VMs in VNET","protocol":"*","sourcePortRange":"*","destinationPortRange":"*","sourceAddressPrefix":"VirtualNetwork","destinationAddressPrefix":"VirtualNetwork","access":"Allow","priority":65000,"direction":"Inbound"}},{"name":"AllowAzureLoadBalancerInBound","id":"/subscriptions/00000000-0000-0000-0000-000000000000/resourceGroups/cli_test_resource_group_deployment000001/providers/Microsoft.Network/networkSecurityGroups/azure-cli-deploy-test-nsg1/defaultSecurityRules/AllowAzureLoadBalancerInBound","etag":"W/\"74c70270-a23d-4f4e-931c-570d914a6f30\"","type":"Microsoft.Network/networkSecurityGroups/defaultSecurityRules","properties":{"provisioningState":"Succeeded","description":"Allow
        inbound traffic from azure load balancer","protocol":"*","sourcePortRange":"*","destinationPortRange":"*","sourceAddressPrefix":"AzureLoadBalancer","destinationAddressPrefix":"*","access":"Allow","priority":65001,"direction":"Inbound"}},{"name":"DenyAllInBound","id":"/subscriptions/00000000-0000-0000-0000-000000000000/resourceGroups/cli_test_resource_group_deployment000001/providers/Microsoft.Network/networkSecurityGroups/azure-cli-deploy-test-nsg1/defaultSecurityRules/DenyAllInBound","etag":"W/\"74c70270-a23d-4f4e-931c-570d914a6f30\"","type":"Microsoft.Network/networkSecurityGroups/defaultSecurityRules","properties":{"provisioningState":"Succeeded","description":"Deny
        all inbound traffic","protocol":"*","sourcePortRange":"*","destinationPortRange":"*","sourceAddressPrefix":"*","destinationAddressPrefix":"*","access":"Deny","priority":65500,"direction":"Inbound"}},{"name":"AllowVnetOutBound","id":"/subscriptions/00000000-0000-0000-0000-000000000000/resourceGroups/cli_test_resource_group_deployment000001/providers/Microsoft.Network/networkSecurityGroups/azure-cli-deploy-test-nsg1/defaultSecurityRules/AllowVnetOutBound","etag":"W/\"74c70270-a23d-4f4e-931c-570d914a6f30\"","type":"Microsoft.Network/networkSecurityGroups/defaultSecurityRules","properties":{"provisioningState":"Succeeded","description":"Allow
        outbound traffic from all VMs to all VMs in VNET","protocol":"*","sourcePortRange":"*","destinationPortRange":"*","sourceAddressPrefix":"VirtualNetwork","destinationAddressPrefix":"VirtualNetwork","access":"Allow","priority":65000,"direction":"Outbound"}},{"name":"AllowInternetOutBound","id":"/subscriptions/00000000-0000-0000-0000-000000000000/resourceGroups/cli_test_resource_group_deployment000001/providers/Microsoft.Network/networkSecurityGroups/azure-cli-deploy-test-nsg1/defaultSecurityRules/AllowInternetOutBound","etag":"W/\"74c70270-a23d-4f4e-931c-570d914a6f30\"","type":"Microsoft.Network/networkSecurityGroups/defaultSecurityRules","properties":{"provisioningState":"Succeeded","description":"Allow
        outbound traffic from all VMs to Internet","protocol":"*","sourcePortRange":"*","destinationPortRange":"*","sourceAddressPrefix":"*","destinationAddressPrefix":"Internet","access":"Allow","priority":65001,"direction":"Outbound"}},{"name":"DenyAllOutBound","id":"/subscriptions/00000000-0000-0000-0000-000000000000/resourceGroups/cli_test_resource_group_deployment000001/providers/Microsoft.Network/networkSecurityGroups/azure-cli-deploy-test-nsg1/defaultSecurityRules/DenyAllOutBound","etag":"W/\"74c70270-a23d-4f4e-931c-570d914a6f30\"","type":"Microsoft.Network/networkSecurityGroups/defaultSecurityRules","properties":{"provisioningState":"Succeeded","description":"Deny
        all outbound traffic","protocol":"*","sourcePortRange":"*","destinationPortRange":"*","sourceAddressPrefix":"*","destinationAddressPrefix":"*","access":"Deny","priority":65500,"direction":"Outbound"}}]}}},"outputResources":[{"id":"/subscriptions/00000000-0000-0000-0000-000000000000/resourceGroups/cli_test_resource_group_deployment000001/providers/Microsoft.Network/networkSecurityGroups/azure-cli-deploy-test-nsg1"}]}}'
    headers:
      cache-control:
      - no-cache
      content-length:
      - '5576'
      content-type:
      - application/json; charset=utf-8
      date:
      - Thu, 31 Dec 2020 01:23:28 GMT
      expires:
      - '-1'
      pragma:
      - no-cache
      strict-transport-security:
      - max-age=31536000; includeSubDomains
      vary:
      - Accept-Encoding
      x-content-type-options:
      - nosniff
    status:
      code: 200
      message: OK
- request:
    body: "{\"properties\": {\"parameters\": {\"location\": {\"value\": \"westus\"},
      \"name\": {\"value\": \"azure-cli-deploy-test-nsg1\"}}, \"mode\": \"Incremental\",
      template:{\r\n  \"$schema\": \"https://schema.management.azure.com/schemas/2015-01-01/deploymentTemplate.json#\",\r\n
      \ \"contentVersion\": \"1.0.0.0\",\r\n  \"parameters\": {\r\n    \"location\":
      {\r\n      \"type\": \"string\",\r\n      \"defaultValue\": \"[resourceGroup().location]\",\r\n
      \     \"metadata\": {\r\n        \"description\": \"Location for the \r\n        network
      security group.\"\r\n      }\r\n    },\r\n    \"name\": {\r\n      \"type\":
      \"string\",\r\n      \"metadata\": {\r\n        \"description\": \"\r\n                                string
      username = \\\"UNKNOWN\\\";\\r\\n\r\n                    \"\r\n      }\r\n    }\r\n
      \ },\r\n  \"variables\": {\r\n  },\r\n  \"resources\": [\r\n    {\r\n      \"type\":
      \"Microsoft.Network/networkSecurityGroups\",\r\n      \"name\": \"[parameters('name')]\",\r\n
      \     \"apiVersion\": \"2015-06-15\",\r\n      \"location\": \"[parameters('location')]\",\r\n
      \     \"properties\": {\r\n        \"securityRules\": [\r\n        ]\r\n      },\r\n
      \     \"dependsOn\": [ ]\r\n    }\r\n  ],\r\n  \"outputs\": {\r\n    \"Empty\":
      {\r\n        \"type\": \"string\",\r\n        \"value\": \"\"\r\n    },\r\n
      \   \"NewNSG\": {\r\n      /** comment1\r\n          comment2\r\n          comment3\r\n
      \     **/\r\n      // comment\r\n      /** comment **/\r\n      \"type\": \"object\",
      /** comment **/\r\n      \"value\": \"[reference(parameters('name'))]\" // comment\r\n
      \     // comment\r\n      /** comment **/\r\n      /** comment1\r\n          comment2\r\n
      \         comment3\r\n      **/\r\n    }\r\n  } // comment\r\n}\r\n}}"
    headers:
      Accept:
      - application/json
      Accept-Encoding:
      - gzip, deflate
      CommandName:
      - deployment group create
      Connection:
      - keep-alive
      Content-Length:
      - '1505'
      Content-Type:
      - application/json; charset=utf-8
      ParameterSetName:
      - --resource-group -n --template-file --parameters
      User-Agent:
      - python/3.8.7 (Windows-10-10.0.19041-SP0) msrest/0.6.18 msrest_azure/0.6.3
        azure-mgmt-resource/12.0.0 Azure-SDK-For-Python AZURECLI/2.17.0
      accept-language:
      - en-US
    method: POST
    uri: https://management.azure.com/subscriptions/00000000-0000-0000-0000-000000000000/resourcegroups/cli_test_resource_group_deployment000001/providers/Microsoft.Resources/deployments/mock-deployment/validate?api-version=2020-10-01
  response:
    body:
      string: '{"id":"/subscriptions/00000000-0000-0000-0000-000000000000/resourceGroups/cli_test_resource_group_deployment000001/providers/Microsoft.Resources/deployments/azure-cli-resource-group-deployment000002","name":"azure-cli-resource-group-deployment000002","type":"Microsoft.Resources/deployments","properties":{"templateHash":"5913993276085807101","parameters":{"location":{"type":"String","value":"westus"},"name":{"type":"String","value":"azure-cli-deploy-test-nsg1"}},"mode":"Incremental","provisioningState":"Succeeded","timestamp":"2020-12-31T01:23:30.6552894Z","duration":"PT0S","correlationId":"a8cfca4e-b197-4cde-821a-a3944c0c41c2","providers":[{"namespace":"Microsoft.Network","resourceTypes":[{"resourceType":"networkSecurityGroups","locations":["westus"]}]}],"dependencies":[],"validatedResources":[{"id":"/subscriptions/00000000-0000-0000-0000-000000000000/resourceGroups/cli_test_resource_group_deployment000001/providers/Microsoft.Network/networkSecurityGroups/azure-cli-deploy-test-nsg1"}]}}'
    headers:
      cache-control:
      - no-cache
      content-length:
      - '1109'
      content-type:
      - application/json; charset=utf-8
      date:
      - Thu, 31 Dec 2020 01:23:29 GMT
      expires:
      - '-1'
      pragma:
      - no-cache
      strict-transport-security:
      - max-age=31536000; includeSubDomains
      transfer-encoding:
      - chunked
      vary:
      - Accept-Encoding
      x-content-type-options:
      - nosniff
      x-ms-ratelimit-remaining-subscription-writes:
      - '1199'
    status:
      code: 200
      message: OK
- request:
    body: "{\"properties\": {\"parameters\": {\"location\": {\"value\": \"westus\"},
      \"name\": {\"value\": \"azure-cli-deploy-test-nsg1\"}}, \"mode\": \"Incremental\",
      template:{\r\n  \"$schema\": \"https://schema.management.azure.com/schemas/2015-01-01/deploymentTemplate.json#\",\r\n
      \ \"contentVersion\": \"1.0.0.0\",\r\n  \"parameters\": {\r\n    \"location\":
      {\r\n      \"type\": \"string\",\r\n      \"defaultValue\": \"[resourceGroup().location]\",\r\n
      \     \"metadata\": {\r\n        \"description\": \"Location for the \r\n        network
      security group.\"\r\n      }\r\n    },\r\n    \"name\": {\r\n      \"type\":
      \"string\",\r\n      \"metadata\": {\r\n        \"description\": \"\r\n                                string
      username = \\\"UNKNOWN\\\";\\r\\n\r\n                    \"\r\n      }\r\n    }\r\n
      \ },\r\n  \"variables\": {\r\n  },\r\n  \"resources\": [\r\n    {\r\n      \"type\":
      \"Microsoft.Network/networkSecurityGroups\",\r\n      \"name\": \"[parameters('name')]\",\r\n
      \     \"apiVersion\": \"2015-06-15\",\r\n      \"location\": \"[parameters('location')]\",\r\n
      \     \"properties\": {\r\n        \"securityRules\": [\r\n        ]\r\n      },\r\n
      \     \"dependsOn\": [ ]\r\n    }\r\n  ],\r\n  \"outputs\": {\r\n    \"Empty\":
      {\r\n        \"type\": \"string\",\r\n        \"value\": \"\"\r\n    },\r\n
      \   \"NewNSG\": {\r\n      /** comment1\r\n          comment2\r\n          comment3\r\n
      \     **/\r\n      // comment\r\n      /** comment **/\r\n      \"type\": \"object\",
      /** comment **/\r\n      \"value\": \"[reference(parameters('name'))]\" // comment\r\n
      \     // comment\r\n      /** comment **/\r\n      /** comment1\r\n          comment2\r\n
      \         comment3\r\n      **/\r\n    }\r\n  } // comment\r\n}\r\n}}"
    headers:
      Accept:
      - application/json
      Accept-Encoding:
      - gzip, deflate
      CommandName:
      - deployment group create
      Connection:
      - keep-alive
      Content-Length:
      - '1505'
      Content-Type:
      - application/json; charset=utf-8
      ParameterSetName:
      - --resource-group -n --template-file --parameters
      User-Agent:
      - python/3.8.7 (Windows-10-10.0.19041-SP0) msrest/0.6.18 msrest_azure/0.6.3
        azure-mgmt-resource/12.0.0 Azure-SDK-For-Python AZURECLI/2.17.0
      accept-language:
      - en-US
    method: PUT
    uri: https://management.azure.com/subscriptions/00000000-0000-0000-0000-000000000000/resourcegroups/cli_test_resource_group_deployment000001/providers/Microsoft.Resources/deployments/mock-deployment?api-version=2020-10-01
  response:
    body:
      string: '{"id":"/subscriptions/00000000-0000-0000-0000-000000000000/resourceGroups/cli_test_resource_group_deployment000001/providers/Microsoft.Resources/deployments/azure-cli-resource-group-deployment000002","name":"azure-cli-resource-group-deployment000002","type":"Microsoft.Resources/deployments","properties":{"templateHash":"5913993276085807101","parameters":{"location":{"type":"String","value":"westus"},"name":{"type":"String","value":"azure-cli-deploy-test-nsg1"}},"mode":"Incremental","provisioningState":"Accepted","timestamp":"2020-12-31T01:23:32.2507228Z","duration":"PT0.8739593S","correlationId":"ecb7b168-e666-4523-987f-7bcc1a51f613","providers":[{"namespace":"Microsoft.Network","resourceTypes":[{"resourceType":"networkSecurityGroups","locations":["westus"]}]}],"dependencies":[]}}'
    headers:
      azure-asyncoperation:
      - https://management.azure.com/subscriptions/00000000-0000-0000-0000-000000000000/resourcegroups/cli_test_resource_group_deployment000001/providers/Microsoft.Resources/deployments/azure-cli-resource-group-deployment000002/operationStatuses/08585922290741008493?api-version=2020-10-01
      cache-control:
      - no-cache
      content-length:
      - '864'
      content-type:
      - application/json; charset=utf-8
      date:
      - Thu, 31 Dec 2020 01:23:32 GMT
      expires:
      - '-1'
      pragma:
      - no-cache
      strict-transport-security:
      - max-age=31536000; includeSubDomains
      transfer-encoding:
      - chunked
      vary:
      - Accept-Encoding
      x-content-type-options:
      - nosniff
      x-ms-ratelimit-remaining-subscription-writes:
      - '1199'
    status:
      code: 200
      message: OK
- request:
    body: null
    headers:
      Accept:
      - application/json
      Accept-Encoding:
      - gzip, deflate
      CommandName:
      - deployment group create
      Connection:
      - keep-alive
      ParameterSetName:
      - --resource-group -n --template-file --parameters
      User-Agent:
      - python/3.8.7 (Windows-10-10.0.19041-SP0) msrest/0.6.18 msrest_azure/0.6.3
        azure-mgmt-resource/12.0.0 Azure-SDK-For-Python AZURECLI/2.17.0
    method: GET
    uri: https://management.azure.com/subscriptions/00000000-0000-0000-0000-000000000000/resourcegroups/cli_test_resource_group_deployment000001/providers/Microsoft.Resources/deployments/mock-deployment/operationStatuses/08585922290741008493?api-version=2020-10-01
  response:
    body:
      string: '{"status":"Succeeded"}'
    headers:
      cache-control:
      - no-cache
      content-length:
      - '22'
      content-type:
      - application/json; charset=utf-8
      date:
      - Thu, 31 Dec 2020 01:24:02 GMT
      expires:
      - '-1'
      pragma:
      - no-cache
      strict-transport-security:
      - max-age=31536000; includeSubDomains
      vary:
      - Accept-Encoding
      x-content-type-options:
      - nosniff
    status:
      code: 200
      message: OK
- request:
    body: null
    headers:
      Accept:
      - application/json
      Accept-Encoding:
      - gzip, deflate
      CommandName:
      - deployment group create
      Connection:
      - keep-alive
      ParameterSetName:
      - --resource-group -n --template-file --parameters
      User-Agent:
      - python/3.8.7 (Windows-10-10.0.19041-SP0) msrest/0.6.18 msrest_azure/0.6.3
        azure-mgmt-resource/12.0.0 Azure-SDK-For-Python AZURECLI/2.17.0
    method: GET
    uri: https://management.azure.com/subscriptions/00000000-0000-0000-0000-000000000000/resourcegroups/cli_test_resource_group_deployment000001/providers/Microsoft.Resources/deployments/mock-deployment?api-version=2020-10-01
  response:
    body:
      string: '{"id":"/subscriptions/00000000-0000-0000-0000-000000000000/resourceGroups/cli_test_resource_group_deployment000001/providers/Microsoft.Resources/deployments/azure-cli-resource-group-deployment000002","name":"azure-cli-resource-group-deployment000002","type":"Microsoft.Resources/deployments","properties":{"templateHash":"5913993276085807101","parameters":{"location":{"type":"String","value":"westus"},"name":{"type":"String","value":"azure-cli-deploy-test-nsg1"}},"mode":"Incremental","provisioningState":"Succeeded","timestamp":"2020-12-31T01:23:36.7355362Z","duration":"PT5.3587727S","correlationId":"ecb7b168-e666-4523-987f-7bcc1a51f613","providers":[{"namespace":"Microsoft.Network","resourceTypes":[{"resourceType":"networkSecurityGroups","locations":["westus"]}]}],"dependencies":[],"outputs":{"empty":{"type":"String","value":""},"newNSG":{"type":"Object","value":{"provisioningState":"Succeeded","resourceGuid":"f8990caa-b0dc-4974-a63a-c45ccf3d4451","securityRules":[],"defaultSecurityRules":[{"name":"AllowVnetInBound","id":"/subscriptions/00000000-0000-0000-0000-000000000000/resourceGroups/cli_test_resource_group_deployment000001/providers/Microsoft.Network/networkSecurityGroups/azure-cli-deploy-test-nsg1/defaultSecurityRules/AllowVnetInBound","etag":"W/\"74c70270-a23d-4f4e-931c-570d914a6f30\"","type":"Microsoft.Network/networkSecurityGroups/defaultSecurityRules","properties":{"provisioningState":"Succeeded","description":"Allow
        inbound traffic from all VMs in VNET","protocol":"*","sourcePortRange":"*","destinationPortRange":"*","sourceAddressPrefix":"VirtualNetwork","destinationAddressPrefix":"VirtualNetwork","access":"Allow","priority":65000,"direction":"Inbound"}},{"name":"AllowAzureLoadBalancerInBound","id":"/subscriptions/00000000-0000-0000-0000-000000000000/resourceGroups/cli_test_resource_group_deployment000001/providers/Microsoft.Network/networkSecurityGroups/azure-cli-deploy-test-nsg1/defaultSecurityRules/AllowAzureLoadBalancerInBound","etag":"W/\"74c70270-a23d-4f4e-931c-570d914a6f30\"","type":"Microsoft.Network/networkSecurityGroups/defaultSecurityRules","properties":{"provisioningState":"Succeeded","description":"Allow
        inbound traffic from azure load balancer","protocol":"*","sourcePortRange":"*","destinationPortRange":"*","sourceAddressPrefix":"AzureLoadBalancer","destinationAddressPrefix":"*","access":"Allow","priority":65001,"direction":"Inbound"}},{"name":"DenyAllInBound","id":"/subscriptions/00000000-0000-0000-0000-000000000000/resourceGroups/cli_test_resource_group_deployment000001/providers/Microsoft.Network/networkSecurityGroups/azure-cli-deploy-test-nsg1/defaultSecurityRules/DenyAllInBound","etag":"W/\"74c70270-a23d-4f4e-931c-570d914a6f30\"","type":"Microsoft.Network/networkSecurityGroups/defaultSecurityRules","properties":{"provisioningState":"Succeeded","description":"Deny
        all inbound traffic","protocol":"*","sourcePortRange":"*","destinationPortRange":"*","sourceAddressPrefix":"*","destinationAddressPrefix":"*","access":"Deny","priority":65500,"direction":"Inbound"}},{"name":"AllowVnetOutBound","id":"/subscriptions/00000000-0000-0000-0000-000000000000/resourceGroups/cli_test_resource_group_deployment000001/providers/Microsoft.Network/networkSecurityGroups/azure-cli-deploy-test-nsg1/defaultSecurityRules/AllowVnetOutBound","etag":"W/\"74c70270-a23d-4f4e-931c-570d914a6f30\"","type":"Microsoft.Network/networkSecurityGroups/defaultSecurityRules","properties":{"provisioningState":"Succeeded","description":"Allow
        outbound traffic from all VMs to all VMs in VNET","protocol":"*","sourcePortRange":"*","destinationPortRange":"*","sourceAddressPrefix":"VirtualNetwork","destinationAddressPrefix":"VirtualNetwork","access":"Allow","priority":65000,"direction":"Outbound"}},{"name":"AllowInternetOutBound","id":"/subscriptions/00000000-0000-0000-0000-000000000000/resourceGroups/cli_test_resource_group_deployment000001/providers/Microsoft.Network/networkSecurityGroups/azure-cli-deploy-test-nsg1/defaultSecurityRules/AllowInternetOutBound","etag":"W/\"74c70270-a23d-4f4e-931c-570d914a6f30\"","type":"Microsoft.Network/networkSecurityGroups/defaultSecurityRules","properties":{"provisioningState":"Succeeded","description":"Allow
        outbound traffic from all VMs to Internet","protocol":"*","sourcePortRange":"*","destinationPortRange":"*","sourceAddressPrefix":"*","destinationAddressPrefix":"Internet","access":"Allow","priority":65001,"direction":"Outbound"}},{"name":"DenyAllOutBound","id":"/subscriptions/00000000-0000-0000-0000-000000000000/resourceGroups/cli_test_resource_group_deployment000001/providers/Microsoft.Network/networkSecurityGroups/azure-cli-deploy-test-nsg1/defaultSecurityRules/DenyAllOutBound","etag":"W/\"74c70270-a23d-4f4e-931c-570d914a6f30\"","type":"Microsoft.Network/networkSecurityGroups/defaultSecurityRules","properties":{"provisioningState":"Succeeded","description":"Deny
        all outbound traffic","protocol":"*","sourcePortRange":"*","destinationPortRange":"*","sourceAddressPrefix":"*","destinationAddressPrefix":"*","access":"Deny","priority":65500,"direction":"Outbound"}}]}}},"outputResources":[{"id":"/subscriptions/00000000-0000-0000-0000-000000000000/resourceGroups/cli_test_resource_group_deployment000001/providers/Microsoft.Network/networkSecurityGroups/azure-cli-deploy-test-nsg1"}]}}'
    headers:
      cache-control:
      - no-cache
      content-length:
      - '5612'
      content-type:
      - application/json; charset=utf-8
      date:
      - Thu, 31 Dec 2020 01:24:02 GMT
      expires:
      - '-1'
      pragma:
      - no-cache
      strict-transport-security:
      - max-age=31536000; includeSubDomains
      vary:
      - Accept-Encoding
      x-content-type-options:
      - nosniff
    status:
      code: 200
      message: OK
- request:
    body: "{\"properties\": {\"parameters\": {\"location\": {\"value\": \"westus\"},
      \"name\": {\"value\": \"azure-cli-deploy-test-nsg1\"}}, \"mode\": \"Incremental\",
      template:{\r\n  \"$schema\": \"https://schema.management.azure.com/schemas/2015-01-01/deploymentTemplate.json#\",\r\n
      \ \"contentVersion\": \"1.0.0.0\",\r\n  \"parameters\": {\r\n    \"location\":
      {\r\n      \"type\": \"string\",\r\n      \"defaultValue\": \"[resourceGroup().location]\",\r\n
      \     \"metadata\": {\r\n        \"description\": \"Location for the network
      security group.\"\r\n      }\r\n    },\r\n    \"name\": {\r\n      \"type\":
      \"string\",\r\n      \"metadata\": {\r\n        \"description\": \"Name of the
      network security group.\"\r\n      }\r\n    },\r\n    \"extra_param\": {\r\n
      \     \"type\": \"string\",\r\n      \"metadata\": {\r\n        \"description\":
      \"Useless redundant parameters.\"\r\n      }\r\n    }\r\n  },\r\n  \"variables\":
      {\r\n  },\r\n  \"resources\": [\r\n    {\r\n      \"type\": \"Microsoft.Network/networkSecurityGroups\",\r\n
      \     \"name\": \"[parameters('name')]\",\r\n      \"apiVersion\": \"2015-06-15\",\r\n
      \     \"location\": \"[parameters('location')]\",\r\n      \"properties\": {\r\n
      \       \"securityRules\": [\r\n        ]\r\n      },\r\n      \"dependsOn\":
      [ ]\r\n    }\r\n  ],\r\n  \"outputs\": {\r\n    \"NewNSG\": {\r\n      /** comment1\r\n
      \         comment2\r\n          comment3\r\n      **/\r\n      // comment\r\n
      \     /** comment **/\r\n      \"type\": \"object\", /** comment **/\r\n      \"value\":
      \"[reference(parameters('name'))]\" // comment\r\n      // comment\r\n      /**
      comment **/\r\n      /** comment1\r\n          comment2\r\n          comment3\r\n
      \     **/\r\n    }\r\n  } // comment\r\n}\r\n}}"
    headers:
      Accept:
      - application/json
      Accept-Encoding:
      - gzip, deflate
      CommandName:
      - deployment group create
      Connection:
      - keep-alive
      Content-Length:
      - '1509'
      Content-Type:
      - application/json; charset=utf-8
      ParameterSetName:
      - --resource-group -n --template-file --parameters --no-prompt
      User-Agent:
      - python/3.8.7 (Windows-10-10.0.19041-SP0) msrest/0.6.18 msrest_azure/0.6.3
        azure-mgmt-resource/12.0.0 Azure-SDK-For-Python AZURECLI/2.17.0
      accept-language:
      - en-US
    method: POST
    uri: https://management.azure.com/subscriptions/00000000-0000-0000-0000-000000000000/resourcegroups/cli_test_resource_group_deployment000001/providers/Microsoft.Resources/deployments/mock-deployment/validate?api-version=2020-10-01
  response:
    body:
      string: '{"error":{"code":"InvalidTemplate","message":"Deployment template validation
        failed: ''The value for the template parameter ''extra_param'' at line ''18''
        and column ''20'' is not provided. Please see https://aka.ms/resource-manager-parameter-files
        for usage details.''.","additionalInfo":[{"type":"TemplateViolation","info":{"lineNumber":18,"linePosition":20,"path":"properties.template.parameters.extra_param"}}]}}'
    headers:
      cache-control:
      - no-cache
      content-length:
      - '408'
      content-type:
      - application/json; charset=utf-8
      date:
      - Thu, 31 Dec 2020 01:24:04 GMT
      expires:
      - '-1'
      pragma:
      - no-cache
      strict-transport-security:
      - max-age=31536000; includeSubDomains
      x-content-type-options:
      - nosniff
      x-ms-failure-cause:
      - gateway
      x-ms-ratelimit-remaining-subscription-writes:
      - '1199'
    status:
      code: 400
      message: Bad Request
- request:
    body: null
    headers:
      Accept:
      - application/json
      Accept-Encoding:
      - gzip, deflate
      CommandName:
      - deployment group list
      Connection:
      - keep-alive
      ParameterSetName:
      - --resource-group
      User-Agent:
      - python/3.8.7 (Windows-10-10.0.19041-SP0) msrest/0.6.18 msrest_azure/0.6.3
        azure-mgmt-resource/12.0.0 Azure-SDK-For-Python AZURECLI/2.17.0
      accept-language:
      - en-US
    method: GET
    uri: https://management.azure.com/subscriptions/00000000-0000-0000-0000-000000000000/resourcegroups/cli_test_resource_group_deployment000001/providers/Microsoft.Resources/deployments/?api-version=2020-10-01
  response:
    body:
      string: '{"value":[{"id":"/subscriptions/00000000-0000-0000-0000-000000000000/resourceGroups/cli_test_resource_group_deployment000001/providers/Microsoft.Resources/deployments/azure-cli-resource-group-deployment000002","name":"azure-cli-resource-group-deployment000002","type":"Microsoft.Resources/deployments","properties":{"templateHash":"5913993276085807101","parameters":{"location":{"type":"String","value":"westus"},"name":{"type":"String","value":"azure-cli-deploy-test-nsg1"}},"mode":"Incremental","provisioningState":"Succeeded","timestamp":"2020-12-31T01:23:36.7355362Z","duration":"PT5.3587727S","correlationId":"ecb7b168-e666-4523-987f-7bcc1a51f613","providers":[{"namespace":"Microsoft.Network","resourceTypes":[{"resourceType":"networkSecurityGroups","locations":["westus"]}]}],"dependencies":[],"outputs":{"empty":{"type":"String","value":""},"newNSG":{"type":"Object","value":{"provisioningState":"Succeeded","resourceGuid":"f8990caa-b0dc-4974-a63a-c45ccf3d4451","securityRules":[],"defaultSecurityRules":[{"name":"AllowVnetInBound","id":"/subscriptions/00000000-0000-0000-0000-000000000000/resourceGroups/cli_test_resource_group_deployment000001/providers/Microsoft.Network/networkSecurityGroups/azure-cli-deploy-test-nsg1/defaultSecurityRules/AllowVnetInBound","etag":"W/\"74c70270-a23d-4f4e-931c-570d914a6f30\"","type":"Microsoft.Network/networkSecurityGroups/defaultSecurityRules","properties":{"provisioningState":"Succeeded","description":"Allow
        inbound traffic from all VMs in VNET","protocol":"*","sourcePortRange":"*","destinationPortRange":"*","sourceAddressPrefix":"VirtualNetwork","destinationAddressPrefix":"VirtualNetwork","access":"Allow","priority":65000,"direction":"Inbound"}},{"name":"AllowAzureLoadBalancerInBound","id":"/subscriptions/00000000-0000-0000-0000-000000000000/resourceGroups/cli_test_resource_group_deployment000001/providers/Microsoft.Network/networkSecurityGroups/azure-cli-deploy-test-nsg1/defaultSecurityRules/AllowAzureLoadBalancerInBound","etag":"W/\"74c70270-a23d-4f4e-931c-570d914a6f30\"","type":"Microsoft.Network/networkSecurityGroups/defaultSecurityRules","properties":{"provisioningState":"Succeeded","description":"Allow
        inbound traffic from azure load balancer","protocol":"*","sourcePortRange":"*","destinationPortRange":"*","sourceAddressPrefix":"AzureLoadBalancer","destinationAddressPrefix":"*","access":"Allow","priority":65001,"direction":"Inbound"}},{"name":"DenyAllInBound","id":"/subscriptions/00000000-0000-0000-0000-000000000000/resourceGroups/cli_test_resource_group_deployment000001/providers/Microsoft.Network/networkSecurityGroups/azure-cli-deploy-test-nsg1/defaultSecurityRules/DenyAllInBound","etag":"W/\"74c70270-a23d-4f4e-931c-570d914a6f30\"","type":"Microsoft.Network/networkSecurityGroups/defaultSecurityRules","properties":{"provisioningState":"Succeeded","description":"Deny
        all inbound traffic","protocol":"*","sourcePortRange":"*","destinationPortRange":"*","sourceAddressPrefix":"*","destinationAddressPrefix":"*","access":"Deny","priority":65500,"direction":"Inbound"}},{"name":"AllowVnetOutBound","id":"/subscriptions/00000000-0000-0000-0000-000000000000/resourceGroups/cli_test_resource_group_deployment000001/providers/Microsoft.Network/networkSecurityGroups/azure-cli-deploy-test-nsg1/defaultSecurityRules/AllowVnetOutBound","etag":"W/\"74c70270-a23d-4f4e-931c-570d914a6f30\"","type":"Microsoft.Network/networkSecurityGroups/defaultSecurityRules","properties":{"provisioningState":"Succeeded","description":"Allow
        outbound traffic from all VMs to all VMs in VNET","protocol":"*","sourcePortRange":"*","destinationPortRange":"*","sourceAddressPrefix":"VirtualNetwork","destinationAddressPrefix":"VirtualNetwork","access":"Allow","priority":65000,"direction":"Outbound"}},{"name":"AllowInternetOutBound","id":"/subscriptions/00000000-0000-0000-0000-000000000000/resourceGroups/cli_test_resource_group_deployment000001/providers/Microsoft.Network/networkSecurityGroups/azure-cli-deploy-test-nsg1/defaultSecurityRules/AllowInternetOutBound","etag":"W/\"74c70270-a23d-4f4e-931c-570d914a6f30\"","type":"Microsoft.Network/networkSecurityGroups/defaultSecurityRules","properties":{"provisioningState":"Succeeded","description":"Allow
        outbound traffic from all VMs to Internet","protocol":"*","sourcePortRange":"*","destinationPortRange":"*","sourceAddressPrefix":"*","destinationAddressPrefix":"Internet","access":"Allow","priority":65001,"direction":"Outbound"}},{"name":"DenyAllOutBound","id":"/subscriptions/00000000-0000-0000-0000-000000000000/resourceGroups/cli_test_resource_group_deployment000001/providers/Microsoft.Network/networkSecurityGroups/azure-cli-deploy-test-nsg1/defaultSecurityRules/DenyAllOutBound","etag":"W/\"74c70270-a23d-4f4e-931c-570d914a6f30\"","type":"Microsoft.Network/networkSecurityGroups/defaultSecurityRules","properties":{"provisioningState":"Succeeded","description":"Deny
        all outbound traffic","protocol":"*","sourcePortRange":"*","destinationPortRange":"*","sourceAddressPrefix":"*","destinationAddressPrefix":"*","access":"Deny","priority":65500,"direction":"Outbound"}}]}}},"outputResources":[{"id":"/subscriptions/00000000-0000-0000-0000-000000000000/resourceGroups/cli_test_resource_group_deployment000001/providers/Microsoft.Network/networkSecurityGroups/azure-cli-deploy-test-nsg1"}]}}]}'
    headers:
      cache-control:
      - no-cache
      content-length:
      - '5624'
      content-type:
      - application/json; charset=utf-8
      date:
      - Thu, 31 Dec 2020 01:24:05 GMT
      expires:
      - '-1'
      pragma:
      - no-cache
      strict-transport-security:
      - max-age=31536000; includeSubDomains
      vary:
      - Accept-Encoding
      x-content-type-options:
      - nosniff
    status:
      code: 200
      message: OK
- request:
    body: null
    headers:
      Accept:
      - application/json
      Accept-Encoding:
      - gzip, deflate
      CommandName:
      - deployment group list
      Connection:
      - keep-alive
      ParameterSetName:
      - --resource-group --filter
      User-Agent:
      - python/3.8.7 (Windows-10-10.0.19041-SP0) msrest/0.6.18 msrest_azure/0.6.3
        azure-mgmt-resource/12.0.0 Azure-SDK-For-Python AZURECLI/2.17.0
      accept-language:
      - en-US
    method: GET
    uri: https://management.azure.com/subscriptions/00000000-0000-0000-0000-000000000000/resourcegroups/cli_test_resource_group_deployment000001/providers/Microsoft.Resources/deployments/?$filter=provisioningState%20eq%20%27Succeeded%27&api-version=2020-10-01
  response:
    body:
      string: '{"value":[{"id":"/subscriptions/00000000-0000-0000-0000-000000000000/resourceGroups/cli_test_resource_group_deployment000001/providers/Microsoft.Resources/deployments/azure-cli-resource-group-deployment000002","name":"azure-cli-resource-group-deployment000002","type":"Microsoft.Resources/deployments","properties":{"templateHash":"5913993276085807101","parameters":{"location":{"type":"String","value":"westus"},"name":{"type":"String","value":"azure-cli-deploy-test-nsg1"}},"mode":"Incremental","provisioningState":"Succeeded","timestamp":"2020-12-31T01:23:36.7355362Z","duration":"PT5.3587727S","correlationId":"ecb7b168-e666-4523-987f-7bcc1a51f613","providers":[{"namespace":"Microsoft.Network","resourceTypes":[{"resourceType":"networkSecurityGroups","locations":["westus"]}]}],"dependencies":[],"outputs":{"empty":{"type":"String","value":""},"newNSG":{"type":"Object","value":{"provisioningState":"Succeeded","resourceGuid":"f8990caa-b0dc-4974-a63a-c45ccf3d4451","securityRules":[],"defaultSecurityRules":[{"name":"AllowVnetInBound","id":"/subscriptions/00000000-0000-0000-0000-000000000000/resourceGroups/cli_test_resource_group_deployment000001/providers/Microsoft.Network/networkSecurityGroups/azure-cli-deploy-test-nsg1/defaultSecurityRules/AllowVnetInBound","etag":"W/\"74c70270-a23d-4f4e-931c-570d914a6f30\"","type":"Microsoft.Network/networkSecurityGroups/defaultSecurityRules","properties":{"provisioningState":"Succeeded","description":"Allow
        inbound traffic from all VMs in VNET","protocol":"*","sourcePortRange":"*","destinationPortRange":"*","sourceAddressPrefix":"VirtualNetwork","destinationAddressPrefix":"VirtualNetwork","access":"Allow","priority":65000,"direction":"Inbound"}},{"name":"AllowAzureLoadBalancerInBound","id":"/subscriptions/00000000-0000-0000-0000-000000000000/resourceGroups/cli_test_resource_group_deployment000001/providers/Microsoft.Network/networkSecurityGroups/azure-cli-deploy-test-nsg1/defaultSecurityRules/AllowAzureLoadBalancerInBound","etag":"W/\"74c70270-a23d-4f4e-931c-570d914a6f30\"","type":"Microsoft.Network/networkSecurityGroups/defaultSecurityRules","properties":{"provisioningState":"Succeeded","description":"Allow
        inbound traffic from azure load balancer","protocol":"*","sourcePortRange":"*","destinationPortRange":"*","sourceAddressPrefix":"AzureLoadBalancer","destinationAddressPrefix":"*","access":"Allow","priority":65001,"direction":"Inbound"}},{"name":"DenyAllInBound","id":"/subscriptions/00000000-0000-0000-0000-000000000000/resourceGroups/cli_test_resource_group_deployment000001/providers/Microsoft.Network/networkSecurityGroups/azure-cli-deploy-test-nsg1/defaultSecurityRules/DenyAllInBound","etag":"W/\"74c70270-a23d-4f4e-931c-570d914a6f30\"","type":"Microsoft.Network/networkSecurityGroups/defaultSecurityRules","properties":{"provisioningState":"Succeeded","description":"Deny
        all inbound traffic","protocol":"*","sourcePortRange":"*","destinationPortRange":"*","sourceAddressPrefix":"*","destinationAddressPrefix":"*","access":"Deny","priority":65500,"direction":"Inbound"}},{"name":"AllowVnetOutBound","id":"/subscriptions/00000000-0000-0000-0000-000000000000/resourceGroups/cli_test_resource_group_deployment000001/providers/Microsoft.Network/networkSecurityGroups/azure-cli-deploy-test-nsg1/defaultSecurityRules/AllowVnetOutBound","etag":"W/\"74c70270-a23d-4f4e-931c-570d914a6f30\"","type":"Microsoft.Network/networkSecurityGroups/defaultSecurityRules","properties":{"provisioningState":"Succeeded","description":"Allow
        outbound traffic from all VMs to all VMs in VNET","protocol":"*","sourcePortRange":"*","destinationPortRange":"*","sourceAddressPrefix":"VirtualNetwork","destinationAddressPrefix":"VirtualNetwork","access":"Allow","priority":65000,"direction":"Outbound"}},{"name":"AllowInternetOutBound","id":"/subscriptions/00000000-0000-0000-0000-000000000000/resourceGroups/cli_test_resource_group_deployment000001/providers/Microsoft.Network/networkSecurityGroups/azure-cli-deploy-test-nsg1/defaultSecurityRules/AllowInternetOutBound","etag":"W/\"74c70270-a23d-4f4e-931c-570d914a6f30\"","type":"Microsoft.Network/networkSecurityGroups/defaultSecurityRules","properties":{"provisioningState":"Succeeded","description":"Allow
        outbound traffic from all VMs to Internet","protocol":"*","sourcePortRange":"*","destinationPortRange":"*","sourceAddressPrefix":"*","destinationAddressPrefix":"Internet","access":"Allow","priority":65001,"direction":"Outbound"}},{"name":"DenyAllOutBound","id":"/subscriptions/00000000-0000-0000-0000-000000000000/resourceGroups/cli_test_resource_group_deployment000001/providers/Microsoft.Network/networkSecurityGroups/azure-cli-deploy-test-nsg1/defaultSecurityRules/DenyAllOutBound","etag":"W/\"74c70270-a23d-4f4e-931c-570d914a6f30\"","type":"Microsoft.Network/networkSecurityGroups/defaultSecurityRules","properties":{"provisioningState":"Succeeded","description":"Deny
        all outbound traffic","protocol":"*","sourcePortRange":"*","destinationPortRange":"*","sourceAddressPrefix":"*","destinationAddressPrefix":"*","access":"Deny","priority":65500,"direction":"Outbound"}}]}}},"outputResources":[{"id":"/subscriptions/00000000-0000-0000-0000-000000000000/resourceGroups/cli_test_resource_group_deployment000001/providers/Microsoft.Network/networkSecurityGroups/azure-cli-deploy-test-nsg1"}]}}]}'
    headers:
      cache-control:
      - no-cache
      content-length:
      - '5624'
      content-type:
      - application/json; charset=utf-8
      date:
      - Thu, 31 Dec 2020 01:24:06 GMT
      expires:
      - '-1'
      pragma:
      - no-cache
      strict-transport-security:
      - max-age=31536000; includeSubDomains
      vary:
      - Accept-Encoding
      x-content-type-options:
      - nosniff
    status:
      code: 200
      message: OK
- request:
    body: null
    headers:
      Accept:
      - application/json
      Accept-Encoding:
      - gzip, deflate
      CommandName:
      - deployment group show
      Connection:
      - keep-alive
      ParameterSetName:
      - --resource-group -n
      User-Agent:
      - python/3.8.7 (Windows-10-10.0.19041-SP0) msrest/0.6.18 msrest_azure/0.6.3
        azure-mgmt-resource/12.0.0 Azure-SDK-For-Python AZURECLI/2.17.0
      accept-language:
      - en-US
    method: GET
    uri: https://management.azure.com/subscriptions/00000000-0000-0000-0000-000000000000/resourcegroups/cli_test_resource_group_deployment000001/providers/Microsoft.Resources/deployments/mock-deployment?api-version=2020-10-01
  response:
    body:
      string: '{"id":"/subscriptions/00000000-0000-0000-0000-000000000000/resourceGroups/cli_test_resource_group_deployment000001/providers/Microsoft.Resources/deployments/azure-cli-resource-group-deployment000002","name":"azure-cli-resource-group-deployment000002","type":"Microsoft.Resources/deployments","properties":{"templateHash":"5913993276085807101","parameters":{"location":{"type":"String","value":"westus"},"name":{"type":"String","value":"azure-cli-deploy-test-nsg1"}},"mode":"Incremental","provisioningState":"Succeeded","timestamp":"2020-12-31T01:23:36.7355362Z","duration":"PT5.3587727S","correlationId":"ecb7b168-e666-4523-987f-7bcc1a51f613","providers":[{"namespace":"Microsoft.Network","resourceTypes":[{"resourceType":"networkSecurityGroups","locations":["westus"]}]}],"dependencies":[],"outputs":{"empty":{"type":"String","value":""},"newNSG":{"type":"Object","value":{"provisioningState":"Succeeded","resourceGuid":"f8990caa-b0dc-4974-a63a-c45ccf3d4451","securityRules":[],"defaultSecurityRules":[{"name":"AllowVnetInBound","id":"/subscriptions/00000000-0000-0000-0000-000000000000/resourceGroups/cli_test_resource_group_deployment000001/providers/Microsoft.Network/networkSecurityGroups/azure-cli-deploy-test-nsg1/defaultSecurityRules/AllowVnetInBound","etag":"W/\"74c70270-a23d-4f4e-931c-570d914a6f30\"","type":"Microsoft.Network/networkSecurityGroups/defaultSecurityRules","properties":{"provisioningState":"Succeeded","description":"Allow
        inbound traffic from all VMs in VNET","protocol":"*","sourcePortRange":"*","destinationPortRange":"*","sourceAddressPrefix":"VirtualNetwork","destinationAddressPrefix":"VirtualNetwork","access":"Allow","priority":65000,"direction":"Inbound"}},{"name":"AllowAzureLoadBalancerInBound","id":"/subscriptions/00000000-0000-0000-0000-000000000000/resourceGroups/cli_test_resource_group_deployment000001/providers/Microsoft.Network/networkSecurityGroups/azure-cli-deploy-test-nsg1/defaultSecurityRules/AllowAzureLoadBalancerInBound","etag":"W/\"74c70270-a23d-4f4e-931c-570d914a6f30\"","type":"Microsoft.Network/networkSecurityGroups/defaultSecurityRules","properties":{"provisioningState":"Succeeded","description":"Allow
        inbound traffic from azure load balancer","protocol":"*","sourcePortRange":"*","destinationPortRange":"*","sourceAddressPrefix":"AzureLoadBalancer","destinationAddressPrefix":"*","access":"Allow","priority":65001,"direction":"Inbound"}},{"name":"DenyAllInBound","id":"/subscriptions/00000000-0000-0000-0000-000000000000/resourceGroups/cli_test_resource_group_deployment000001/providers/Microsoft.Network/networkSecurityGroups/azure-cli-deploy-test-nsg1/defaultSecurityRules/DenyAllInBound","etag":"W/\"74c70270-a23d-4f4e-931c-570d914a6f30\"","type":"Microsoft.Network/networkSecurityGroups/defaultSecurityRules","properties":{"provisioningState":"Succeeded","description":"Deny
        all inbound traffic","protocol":"*","sourcePortRange":"*","destinationPortRange":"*","sourceAddressPrefix":"*","destinationAddressPrefix":"*","access":"Deny","priority":65500,"direction":"Inbound"}},{"name":"AllowVnetOutBound","id":"/subscriptions/00000000-0000-0000-0000-000000000000/resourceGroups/cli_test_resource_group_deployment000001/providers/Microsoft.Network/networkSecurityGroups/azure-cli-deploy-test-nsg1/defaultSecurityRules/AllowVnetOutBound","etag":"W/\"74c70270-a23d-4f4e-931c-570d914a6f30\"","type":"Microsoft.Network/networkSecurityGroups/defaultSecurityRules","properties":{"provisioningState":"Succeeded","description":"Allow
        outbound traffic from all VMs to all VMs in VNET","protocol":"*","sourcePortRange":"*","destinationPortRange":"*","sourceAddressPrefix":"VirtualNetwork","destinationAddressPrefix":"VirtualNetwork","access":"Allow","priority":65000,"direction":"Outbound"}},{"name":"AllowInternetOutBound","id":"/subscriptions/00000000-0000-0000-0000-000000000000/resourceGroups/cli_test_resource_group_deployment000001/providers/Microsoft.Network/networkSecurityGroups/azure-cli-deploy-test-nsg1/defaultSecurityRules/AllowInternetOutBound","etag":"W/\"74c70270-a23d-4f4e-931c-570d914a6f30\"","type":"Microsoft.Network/networkSecurityGroups/defaultSecurityRules","properties":{"provisioningState":"Succeeded","description":"Allow
        outbound traffic from all VMs to Internet","protocol":"*","sourcePortRange":"*","destinationPortRange":"*","sourceAddressPrefix":"*","destinationAddressPrefix":"Internet","access":"Allow","priority":65001,"direction":"Outbound"}},{"name":"DenyAllOutBound","id":"/subscriptions/00000000-0000-0000-0000-000000000000/resourceGroups/cli_test_resource_group_deployment000001/providers/Microsoft.Network/networkSecurityGroups/azure-cli-deploy-test-nsg1/defaultSecurityRules/DenyAllOutBound","etag":"W/\"74c70270-a23d-4f4e-931c-570d914a6f30\"","type":"Microsoft.Network/networkSecurityGroups/defaultSecurityRules","properties":{"provisioningState":"Succeeded","description":"Deny
        all outbound traffic","protocol":"*","sourcePortRange":"*","destinationPortRange":"*","sourceAddressPrefix":"*","destinationAddressPrefix":"*","access":"Deny","priority":65500,"direction":"Outbound"}}]}}},"outputResources":[{"id":"/subscriptions/00000000-0000-0000-0000-000000000000/resourceGroups/cli_test_resource_group_deployment000001/providers/Microsoft.Network/networkSecurityGroups/azure-cli-deploy-test-nsg1"}]}}'
    headers:
      cache-control:
      - no-cache
      content-length:
      - '5612'
      content-type:
      - application/json; charset=utf-8
      date:
      - Thu, 31 Dec 2020 01:24:07 GMT
      expires:
      - '-1'
      pragma:
      - no-cache
      strict-transport-security:
      - max-age=31536000; includeSubDomains
      vary:
      - Accept-Encoding
      x-content-type-options:
      - nosniff
    status:
      code: 200
      message: OK
- request:
    body: null
    headers:
      Accept:
      - application/json
      Accept-Encoding:
      - gzip, deflate
      CommandName:
      - deployment group export
      Connection:
      - keep-alive
      Content-Length:
      - '0'
      ParameterSetName:
      - --resource-group -n
      User-Agent:
      - python/3.8.7 (Windows-10-10.0.19041-SP0) msrest/0.6.18 msrest_azure/0.6.3
        azure-mgmt-resource/12.0.0 Azure-SDK-For-Python AZURECLI/2.17.0
      accept-language:
      - en-US
    method: POST
    uri: https://management.azure.com/subscriptions/00000000-0000-0000-0000-000000000000/resourcegroups/cli_test_resource_group_deployment000001/providers/Microsoft.Resources/deployments/mock-deployment/exportTemplate?api-version=2020-10-01
  response:
    body:
      string: '{"template":{"$schema":"https://schema.management.azure.com/schemas/2015-01-01/deploymentTemplate.json#","contentVersion":"1.0.0.0","parameters":{"location":{"defaultValue":"[resourceGroup().location]","type":"String","metadata":{"description":"Location
        for the \r\n        network security group."}},"name":{"type":"String","metadata":{"description":"\r\n                                string
        username = \"UNKNOWN\";\r\n\r\n                    "}}},"variables":{},"resources":[{"type":"Microsoft.Network/networkSecurityGroups","apiVersion":"2015-06-15","name":"[parameters(''name'')]","location":"[parameters(''location'')]","dependsOn":[],"properties":{"securityRules":[]}}],"outputs":{"Empty":{"type":"String","value":""},"NewNSG":{"type":"Object","value":"[reference(parameters(''name''))]"}}}}'
    headers:
      cache-control:
      - no-cache
      content-length:
      - '793'
      content-type:
      - application/json; charset=utf-8
      date:
      - Thu, 31 Dec 2020 01:24:07 GMT
      expires:
      - '-1'
      pragma:
      - no-cache
      strict-transport-security:
      - max-age=31536000; includeSubDomains
      transfer-encoding:
      - chunked
      vary:
      - Accept-Encoding
      x-content-type-options:
      - nosniff
      x-ms-ratelimit-remaining-subscription-writes:
      - '1199'
    status:
      code: 200
      message: OK
- request:
    body: null
    headers:
      Accept:
      - application/json
      Accept-Encoding:
      - gzip, deflate
      CommandName:
      - deployment operation group list
      Connection:
      - keep-alive
      ParameterSetName:
      - --resource-group -n
      User-Agent:
      - python/3.8.7 (Windows-10-10.0.19041-SP0) msrest/0.6.18 msrest_azure/0.6.3
        azure-mgmt-resource/12.0.0 Azure-SDK-For-Python AZURECLI/2.17.0
      accept-language:
      - en-US
    method: GET
    uri: https://management.azure.com/subscriptions/00000000-0000-0000-0000-000000000000/resourcegroups/cli_test_resource_group_deployment000001/deployments/mock-deployment/operations?api-version=2020-10-01
  response:
    body:
      string: '{"value":[{"id":"/subscriptions/00000000-0000-0000-0000-000000000000/resourceGroups/cli_test_resource_group_deployment000001/providers/Microsoft.Resources/deployments/azure-cli-resource-group-deployment000002/operations/DA852214B03AED9F","operationId":"DA852214B03AED9F","properties":{"provisioningOperation":"Create","provisioningState":"Succeeded","timestamp":"2020-12-31T01:23:35.4576919Z","duration":"PT1.1807101S","trackingId":"b3f4c177-9f1d-47db-8c17-309ac71ffe7d","serviceRequestId":"f087d995-4e2f-4cac-b28d-4a5ddc609949","statusCode":"OK","targetResource":{"id":"/subscriptions/00000000-0000-0000-0000-000000000000/resourceGroups/cli_test_resource_group_deployment000001/providers/Microsoft.Network/networkSecurityGroups/azure-cli-deploy-test-nsg1","resourceType":"Microsoft.Network/networkSecurityGroups","resourceName":"azure-cli-deploy-test-nsg1"}}},{"id":"/subscriptions/00000000-0000-0000-0000-000000000000/resourceGroups/cli_test_resource_group_deployment000001/providers/Microsoft.Resources/deployments/azure-cli-resource-group-deployment000002/operations/08585922290741008493","operationId":"08585922290741008493","properties":{"provisioningOperation":"EvaluateDeploymentOutput","provisioningState":"Succeeded","timestamp":"2020-12-31T01:23:36.5138638Z","duration":"PT2.236882S","trackingId":"8feb5755-6e61-4457-b4ba-50d4b3a8920e","statusCode":"OK"}}]}'
    headers:
      cache-control:
      - no-cache
      content-length:
      - '1511'
      content-type:
      - application/json; charset=utf-8
      date:
      - Thu, 31 Dec 2020 01:24:08 GMT
      expires:
      - '-1'
      pragma:
      - no-cache
      strict-transport-security:
      - max-age=31536000; includeSubDomains
      vary:
      - Accept-Encoding
      x-content-type-options:
      - nosniff
    status:
      code: 200
      message: OK
- request:
    body: "{\"properties\": {\"parameters\": {\"location\": {\"value\": \"westus\"},
      \"name\": {\"value\": \"azure-cli-deploy-test-nsg1\"}}, \"mode\": \"Incremental\",
      template:{\r\n  \"$schema\": \"https://schema.management.azure.com/schemas/2015-01-01/deploymentTemplate.json#\",\r\n
      \ \"contentVersion\": \"1.0.0.0\",\r\n  \"parameters\": {\r\n    \"location\":
      {\r\n      \"type\": \"string\",\r\n      \"defaultValue\": \"[resourceGroup().location]\",\r\n
      \     \"metadata\": {\r\n        \"description\": \"Location for the network
      security group.\"\r\n      }\r\n    },\r\n    \"name\": {\r\n      \"type\":
      \"string\",\r\n      \"metadata\": {\r\n        \"description\": \"Name of the
      network security group.\"\r\n      }\r\n    }\r\n  },\r\n  \"variables\": {\r\n
      \ },\r\n  \"resources\": [\r\n    {\r\n      \"type\": \"Microsoft.Network/networkSecurityGroups\",\r\n
      \     \"name\": \"[parameters('name')]\",\r\n      \"apiVersion\": \"2015-06-15\",\r\n
      \     \"location\": \"[parameters('location')]\",\r\n      \"properties\": {\r\n
      \       \"securityRules\": [\r\n        ]\r\n      },\r\n      \"dependsOn\":
      [ ]\r\n    }\r\n  ],\r\n  \"outputs\": {\r\n    \"NewNSG\": {\r\n      /** comment1\r\n
      \         comment2\r\n          comment3\r\n      **/\r\n      // comment\r\n
      \     /** comment **/\r\n      \"type\": \"object\", /** comment **/\r\n      \"value\":
      \"[reference(parameters('name'))]\" // comment\r\n      // comment\r\n      /**
      comment **/\r\n      /** comment1\r\n          comment2\r\n          comment3\r\n
      \     **/\r\n    }\r\n  } // comment\r\n}\r\n}}"
    headers:
      Accept:
      - application/json
      Accept-Encoding:
      - gzip, deflate
      CommandName:
      - deployment group create
      Connection:
      - keep-alive
      Content-Length:
      - '1368'
      Content-Type:
      - application/json; charset=utf-8
      ParameterSetName:
      - --resource-group -n --template-file --parameters --no-wait
      User-Agent:
      - python/3.8.7 (Windows-10-10.0.19041-SP0) msrest/0.6.18 msrest_azure/0.6.3
        azure-mgmt-resource/12.0.0 Azure-SDK-For-Python AZURECLI/2.17.0
      accept-language:
      - en-US
    method: POST
    uri: https://management.azure.com/subscriptions/00000000-0000-0000-0000-000000000000/resourcegroups/cli_test_resource_group_deployment000001/providers/Microsoft.Resources/deployments/mock-deployment/validate?api-version=2020-10-01
  response:
    body:
      string: '{"id":"/subscriptions/00000000-0000-0000-0000-000000000000/resourceGroups/cli_test_resource_group_deployment000001/providers/Microsoft.Resources/deployments/azure-cli-resource-group-deployment000003","name":"azure-cli-resource-group-deployment000003","type":"Microsoft.Resources/deployments","properties":{"templateHash":"18214098974183646216","parameters":{"location":{"type":"String","value":"westus"},"name":{"type":"String","value":"azure-cli-deploy-test-nsg1"}},"mode":"Incremental","provisioningState":"Succeeded","timestamp":"2020-12-31T01:24:10.32367Z","duration":"PT0S","correlationId":"08afbf49-0a51-433f-88d7-a15b0b5cd075","providers":[{"namespace":"Microsoft.Network","resourceTypes":[{"resourceType":"networkSecurityGroups","locations":["westus"]}]}],"dependencies":[],"validatedResources":[{"id":"/subscriptions/00000000-0000-0000-0000-000000000000/resourceGroups/cli_test_resource_group_deployment000001/providers/Microsoft.Network/networkSecurityGroups/azure-cli-deploy-test-nsg1"}]}}'
    headers:
      cache-control:
      - no-cache
      content-length:
      - '1108'
      content-type:
      - application/json; charset=utf-8
      date:
      - Thu, 31 Dec 2020 01:24:09 GMT
      expires:
      - '-1'
      pragma:
      - no-cache
      strict-transport-security:
      - max-age=31536000; includeSubDomains
      transfer-encoding:
      - chunked
      vary:
      - Accept-Encoding
      x-content-type-options:
      - nosniff
      x-ms-ratelimit-remaining-subscription-writes:
      - '1199'
    status:
      code: 200
      message: OK
- request:
    body: "{\"properties\": {\"parameters\": {\"location\": {\"value\": \"westus\"},
      \"name\": {\"value\": \"azure-cli-deploy-test-nsg1\"}}, \"mode\": \"Incremental\",
      template:{\r\n  \"$schema\": \"https://schema.management.azure.com/schemas/2015-01-01/deploymentTemplate.json#\",\r\n
      \ \"contentVersion\": \"1.0.0.0\",\r\n  \"parameters\": {\r\n    \"location\":
      {\r\n      \"type\": \"string\",\r\n      \"defaultValue\": \"[resourceGroup().location]\",\r\n
      \     \"metadata\": {\r\n        \"description\": \"Location for the network
      security group.\"\r\n      }\r\n    },\r\n    \"name\": {\r\n      \"type\":
      \"string\",\r\n      \"metadata\": {\r\n        \"description\": \"Name of the
      network security group.\"\r\n      }\r\n    }\r\n  },\r\n  \"variables\": {\r\n
      \ },\r\n  \"resources\": [\r\n    {\r\n      \"type\": \"Microsoft.Network/networkSecurityGroups\",\r\n
      \     \"name\": \"[parameters('name')]\",\r\n      \"apiVersion\": \"2015-06-15\",\r\n
      \     \"location\": \"[parameters('location')]\",\r\n      \"properties\": {\r\n
      \       \"securityRules\": [\r\n        ]\r\n      },\r\n      \"dependsOn\":
      [ ]\r\n    }\r\n  ],\r\n  \"outputs\": {\r\n    \"NewNSG\": {\r\n      /** comment1\r\n
      \         comment2\r\n          comment3\r\n      **/\r\n      // comment\r\n
      \     /** comment **/\r\n      \"type\": \"object\", /** comment **/\r\n      \"value\":
      \"[reference(parameters('name'))]\" // comment\r\n      // comment\r\n      /**
      comment **/\r\n      /** comment1\r\n          comment2\r\n          comment3\r\n
      \     **/\r\n    }\r\n  } // comment\r\n}\r\n}}"
    headers:
      Accept:
      - application/json
      Accept-Encoding:
      - gzip, deflate
      CommandName:
      - deployment group create
      Connection:
      - keep-alive
      Content-Length:
      - '1368'
      Content-Type:
      - application/json; charset=utf-8
      ParameterSetName:
      - --resource-group -n --template-file --parameters --no-wait
      User-Agent:
      - python/3.8.7 (Windows-10-10.0.19041-SP0) msrest/0.6.18 msrest_azure/0.6.3
        azure-mgmt-resource/12.0.0 Azure-SDK-For-Python AZURECLI/2.17.0
      accept-language:
      - en-US
    method: PUT
    uri: https://management.azure.com/subscriptions/00000000-0000-0000-0000-000000000000/resourcegroups/cli_test_resource_group_deployment000001/providers/Microsoft.Resources/deployments/mock-deployment?api-version=2020-10-01
  response:
    body:
      string: '{"id":"/subscriptions/00000000-0000-0000-0000-000000000000/resourceGroups/cli_test_resource_group_deployment000001/providers/Microsoft.Resources/deployments/azure-cli-resource-group-deployment000003","name":"azure-cli-resource-group-deployment000003","type":"Microsoft.Resources/deployments","properties":{"templateHash":"18214098974183646216","parameters":{"location":{"type":"String","value":"westus"},"name":{"type":"String","value":"azure-cli-deploy-test-nsg1"}},"mode":"Incremental","provisioningState":"Accepted","timestamp":"2020-12-31T01:24:11.7817784Z","duration":"PT0.7951314S","correlationId":"4a18d977-30aa-47a3-a41a-fa8355f98a7f","providers":[{"namespace":"Microsoft.Network","resourceTypes":[{"resourceType":"networkSecurityGroups","locations":["westus"]}]}],"dependencies":[]}}'
    headers:
      azure-asyncoperation:
      - https://management.azure.com/subscriptions/00000000-0000-0000-0000-000000000000/resourcegroups/cli_test_resource_group_deployment000001/providers/Microsoft.Resources/deployments/azure-cli-resource-group-deployment000003/operationStatuses/08585922290344909619?api-version=2020-10-01
      cache-control:
      - no-cache
      content-length:
      - '865'
      content-type:
      - application/json; charset=utf-8
      date:
      - Thu, 31 Dec 2020 01:24:11 GMT
      expires:
      - '-1'
      pragma:
      - no-cache
      strict-transport-security:
      - max-age=31536000; includeSubDomains
      x-content-type-options:
      - nosniff
      x-ms-ratelimit-remaining-subscription-writes:
      - '1199'
    status:
      code: 201
      message: Created
- request:
    body: null
    headers:
      Accept:
      - application/json
      Accept-Encoding:
      - gzip, deflate
      CommandName:
      - deployment group cancel
      Connection:
      - keep-alive
      Content-Length:
      - '0'
      ParameterSetName:
      - -n -g
      User-Agent:
      - python/3.8.7 (Windows-10-10.0.19041-SP0) msrest/0.6.18 msrest_azure/0.6.3
        azure-mgmt-resource/12.0.0 Azure-SDK-For-Python AZURECLI/2.17.0
      accept-language:
      - en-US
    method: POST
    uri: https://management.azure.com/subscriptions/00000000-0000-0000-0000-000000000000/resourcegroups/cli_test_resource_group_deployment000001/providers/Microsoft.Resources/deployments/mock-deployment/cancel?api-version=2020-10-01
  response:
    body:
      string: ''
    headers:
      cache-control:
      - no-cache
      date:
      - Thu, 31 Dec 2020 01:24:13 GMT
      expires:
      - '-1'
      pragma:
      - no-cache
      strict-transport-security:
      - max-age=31536000; includeSubDomains
      x-content-type-options:
      - nosniff
      x-ms-ratelimit-remaining-subscription-writes:
      - '1199'
    status:
      code: 204
      message: No Content
- request:
    body: null
    headers:
      Accept:
      - application/json
      Accept-Encoding:
      - gzip, deflate
      CommandName:
      - deployment group wait
      Connection:
      - keep-alive
      ParameterSetName:
      - -n -g --custom
      User-Agent:
      - python/3.8.7 (Windows-10-10.0.19041-SP0) msrest/0.6.18 msrest_azure/0.6.3
        azure-mgmt-resource/12.0.0 Azure-SDK-For-Python AZURECLI/2.17.0
      accept-language:
      - en-US
    method: GET
    uri: https://management.azure.com/subscriptions/00000000-0000-0000-0000-000000000000/resourcegroups/cli_test_resource_group_deployment000001/providers/Microsoft.Resources/deployments/mock-deployment?api-version=2020-10-01
  response:
    body:
      string: '{"id":"/subscriptions/00000000-0000-0000-0000-000000000000/resourceGroups/cli_test_resource_group_deployment000001/providers/Microsoft.Resources/deployments/azure-cli-resource-group-deployment000003","name":"azure-cli-resource-group-deployment000003","type":"Microsoft.Resources/deployments","properties":{"templateHash":"18214098974183646216","parameters":{"location":{"type":"String","value":"westus"},"name":{"type":"String","value":"azure-cli-deploy-test-nsg1"}},"mode":"Incremental","provisioningState":"Canceled","timestamp":"2020-12-31T01:24:13.2752713Z","duration":"PT2.2886243S","correlationId":"4a18d977-30aa-47a3-a41a-fa8355f98a7f","providers":[{"namespace":"Microsoft.Network","resourceTypes":[{"resourceType":"networkSecurityGroups","locations":["westus"]}]}],"dependencies":[]}}'
    headers:
      cache-control:
      - no-cache
      content-length:
      - '865'
      content-type:
      - application/json; charset=utf-8
      date:
      - Thu, 31 Dec 2020 01:24:13 GMT
      expires:
      - '-1'
      pragma:
      - no-cache
      strict-transport-security:
      - max-age=31536000; includeSubDomains
      vary:
      - Accept-Encoding
      x-content-type-options:
      - nosniff
    status:
      code: 200
      message: OK
- request:
    body: null
    headers:
      Accept:
      - application/json
      Accept-Encoding:
      - gzip, deflate
      CommandName:
      - deployment group show
      Connection:
      - keep-alive
      ParameterSetName:
      - -n -g
      User-Agent:
      - python/3.8.7 (Windows-10-10.0.19041-SP0) msrest/0.6.18 msrest_azure/0.6.3
        azure-mgmt-resource/12.0.0 Azure-SDK-For-Python AZURECLI/2.17.0
      accept-language:
      - en-US
    method: GET
    uri: https://management.azure.com/subscriptions/00000000-0000-0000-0000-000000000000/resourcegroups/cli_test_resource_group_deployment000001/providers/Microsoft.Resources/deployments/mock-deployment?api-version=2020-10-01
  response:
    body:
      string: '{"id":"/subscriptions/00000000-0000-0000-0000-000000000000/resourceGroups/cli_test_resource_group_deployment000001/providers/Microsoft.Resources/deployments/azure-cli-resource-group-deployment000003","name":"azure-cli-resource-group-deployment000003","type":"Microsoft.Resources/deployments","properties":{"templateHash":"18214098974183646216","parameters":{"location":{"type":"String","value":"westus"},"name":{"type":"String","value":"azure-cli-deploy-test-nsg1"}},"mode":"Incremental","provisioningState":"Canceled","timestamp":"2020-12-31T01:24:13.2752713Z","duration":"PT2.2886243S","correlationId":"4a18d977-30aa-47a3-a41a-fa8355f98a7f","providers":[{"namespace":"Microsoft.Network","resourceTypes":[{"resourceType":"networkSecurityGroups","locations":["westus"]}]}],"dependencies":[]}}'
    headers:
      cache-control:
      - no-cache
      content-length:
      - '865'
      content-type:
      - application/json; charset=utf-8
      date:
      - Thu, 31 Dec 2020 01:24:14 GMT
      expires:
      - '-1'
      pragma:
      - no-cache
      strict-transport-security:
      - max-age=31536000; includeSubDomains
      vary:
      - Accept-Encoding
      x-content-type-options:
      - nosniff
    status:
      code: 200
      message: OK
version: 1
