interactions:
- request:
    body: null
    headers:
      Accept:
      - application/json
      Accept-Encoding:
      - gzip, deflate
      CommandName:
      - network vnet create
      Connection:
      - keep-alive
      ParameterSetName:
      - -n -g
      User-Agent:
      - python/3.6.8 (Windows-10-10.0.18362-SP0) msrest/0.6.10 msrest_azure/0.6.2
        azure-mgmt-resource/8.0.1 Azure-SDK-For-Python AZURECLI/2.0.81
      accept-language:
      - en-US
    method: GET
    uri: https://management.azure.com/subscriptions/00000000-0000-0000-0000-000000000000/resourcegroups/cli_test_lock_with_resource_id000001?api-version=2019-07-01
  response:
    body:
      string: '{"id":"/subscriptions/00000000-0000-0000-0000-000000000000/resourceGroups/cli_test_lock_with_resource_id000001","name":"cli_test_lock_with_resource_id000001","type":"Microsoft.Resources/resourceGroups","location":"westus","tags":{"product":"azurecli","cause":"automation","date":"2020-02-07T16:40:33Z"},"properties":{"provisioningState":"Succeeded"}}'
    headers:
      cache-control:
      - no-cache
      content-length:
      - '428'
      content-type:
      - application/json; charset=utf-8
      date:
      - Fri, 07 Feb 2020 16:40:38 GMT
      expires:
      - '-1'
      pragma:
      - no-cache
      strict-transport-security:
      - max-age=31536000; includeSubDomains
      vary:
      - Accept-Encoding
      x-content-type-options:
      - nosniff
    status:
      code: 200
      message: OK
- request:
    body: '{"location": "westus", "tags": {}, "properties": {"addressSpace": {"addressPrefixes":
      ["10.0.0.0/16"]}, "dhcpOptions": {}}}'
    headers:
      Accept:
      - application/json
      Accept-Encoding:
      - gzip, deflate
      CommandName:
      - network vnet create
      Connection:
      - keep-alive
      Content-Length:
      - '123'
      Content-Type:
      - application/json; charset=utf-8
      ParameterSetName:
      - -n -g
      User-Agent:
      - python/3.6.8 (Windows-10-10.0.18362-SP0) msrest/0.6.10 msrest_azure/0.6.2
        azure-mgmt-network/9.0.0 Azure-SDK-For-Python AZURECLI/2.0.81
      accept-language:
      - en-US
    method: PUT
    uri: https://management.azure.com/subscriptions/00000000-0000-0000-0000-000000000000/resourceGroups/cli_test_lock_with_resource_id000001/providers/Microsoft.Network/virtualNetworks/cli-lock-vnet000002?api-version=2019-11-01
  response:
    body:
      string: "{\r\n  \"name\": \"cli-lock-vnet000002\",\r\n  \"id\": \"/subscriptions/00000000-0000-0000-0000-000000000000/resourceGroups/cli_test_lock_with_resource_id000001/providers/Microsoft.Network/virtualNetworks/cli-lock-vnet000002\",\r\n
        \ \"etag\": \"W/\\\"388a09ae-4e2d-4661-87f8-7f2782d9a6d1\\\"\",\r\n  \"type\":
        \"Microsoft.Network/virtualNetworks\",\r\n  \"location\": \"westus\",\r\n
        \ \"tags\": {},\r\n  \"properties\": {\r\n    \"provisioningState\": \"Updating\",\r\n
        \   \"resourceGuid\": \"c878b48a-3816-4c88-a783-fb0ca6ef1929\",\r\n    \"addressSpace\":
        {\r\n      \"addressPrefixes\": [\r\n        \"10.0.0.0/16\"\r\n      ]\r\n
        \   },\r\n    \"dhcpOptions\": {\r\n      \"dnsServers\": []\r\n    },\r\n
        \   \"subnets\": [],\r\n    \"virtualNetworkPeerings\": [],\r\n    \"enableDdosProtection\":
        false,\r\n    \"enableVmProtection\": false\r\n  }\r\n}"
    headers:
      azure-asyncoperation:
      - https://management.azure.com/subscriptions/00000000-0000-0000-0000-000000000000/providers/Microsoft.Network/locations/westus/operations/6ad9f24f-4ea3-4e53-97bd-d8556ed7902c?api-version=2019-11-01
      cache-control:
      - no-cache
      content-length:
      - '816'
      content-type:
      - application/json; charset=utf-8
      date:
      - Fri, 07 Feb 2020 16:40:44 GMT
      expires:
      - '-1'
      pragma:
      - no-cache
      server:
      - Microsoft-HTTPAPI/2.0
      - Microsoft-HTTPAPI/2.0
      strict-transport-security:
      - max-age=31536000; includeSubDomains
      x-content-type-options:
      - nosniff
      x-ms-arm-service-request-id:
      - 8896e5d1-5c6f-482f-afee-f9e7ae76b7ae
      x-ms-ratelimit-remaining-subscription-writes:
      - '1198'
    status:
      code: 201
      message: Created
- request:
    body: null
    headers:
      Accept:
      - application/json
      Accept-Encoding:
      - gzip, deflate
      CommandName:
      - network vnet create
      Connection:
      - keep-alive
      ParameterSetName:
      - -n -g
      User-Agent:
      - python/3.6.8 (Windows-10-10.0.18362-SP0) msrest/0.6.10 msrest_azure/0.6.2
        azure-mgmt-network/9.0.0 Azure-SDK-For-Python AZURECLI/2.0.81
    method: GET
    uri: https://management.azure.com/subscriptions/00000000-0000-0000-0000-000000000000/providers/Microsoft.Network/locations/westus/operations/6ad9f24f-4ea3-4e53-97bd-d8556ed7902c?api-version=2019-11-01
  response:
    body:
      string: "{\r\n  \"status\": \"InProgress\"\r\n}"
    headers:
      cache-control:
      - no-cache
      content-length:
      - '30'
      content-type:
      - application/json; charset=utf-8
      date:
      - Fri, 07 Feb 2020 16:40:47 GMT
      expires:
      - '-1'
      pragma:
      - no-cache
      server:
      - Microsoft-HTTPAPI/2.0
      - Microsoft-HTTPAPI/2.0
      strict-transport-security:
      - max-age=31536000; includeSubDomains
      transfer-encoding:
      - chunked
      vary:
      - Accept-Encoding
      x-content-type-options:
      - nosniff
      x-ms-arm-service-request-id:
      - 973269f7-1634-4f49-b354-a4c3a2a8e991
    status:
      code: 200
      message: OK
- request:
    body: null
    headers:
      Accept:
      - application/json
      Accept-Encoding:
      - gzip, deflate
      CommandName:
      - network vnet create
      Connection:
      - keep-alive
      ParameterSetName:
      - -n -g
      User-Agent:
      - python/3.6.8 (Windows-10-10.0.18362-SP0) msrest/0.6.10 msrest_azure/0.6.2
        azure-mgmt-network/9.0.0 Azure-SDK-For-Python AZURECLI/2.0.81
    method: GET
    uri: https://management.azure.com/subscriptions/00000000-0000-0000-0000-000000000000/providers/Microsoft.Network/locations/westus/operations/6ad9f24f-4ea3-4e53-97bd-d8556ed7902c?api-version=2019-11-01
  response:
    body:
      string: "{\r\n  \"status\": \"InProgress\"\r\n}"
    headers:
      cache-control:
      - no-cache
      content-length:
      - '30'
      content-type:
      - application/json; charset=utf-8
      date:
      - Fri, 07 Feb 2020 16:40:57 GMT
      expires:
      - '-1'
      pragma:
      - no-cache
      server:
      - Microsoft-HTTPAPI/2.0
      - Microsoft-HTTPAPI/2.0
      strict-transport-security:
      - max-age=31536000; includeSubDomains
      transfer-encoding:
      - chunked
      vary:
      - Accept-Encoding
      x-content-type-options:
      - nosniff
      x-ms-arm-service-request-id:
      - 5e67da45-7338-460c-9b2c-9f33767b8fac
    status:
      code: 200
      message: OK
- request:
    body: null
    headers:
      Accept:
      - application/json
      Accept-Encoding:
      - gzip, deflate
      CommandName:
      - network vnet create
      Connection:
      - keep-alive
      ParameterSetName:
      - -n -g
      User-Agent:
      - python/3.6.8 (Windows-10-10.0.18362-SP0) msrest/0.6.10 msrest_azure/0.6.2
        azure-mgmt-network/9.0.0 Azure-SDK-For-Python AZURECLI/2.0.81
    method: GET
    uri: https://management.azure.com/subscriptions/00000000-0000-0000-0000-000000000000/providers/Microsoft.Network/locations/westus/operations/6ad9f24f-4ea3-4e53-97bd-d8556ed7902c?api-version=2019-11-01
  response:
    body:
      string: "{\r\n  \"status\": \"InProgress\"\r\n}"
    headers:
      cache-control:
      - no-cache
      content-length:
      - '30'
      content-type:
      - application/json; charset=utf-8
      date:
      - Fri, 07 Feb 2020 16:41:08 GMT
      expires:
      - '-1'
      pragma:
      - no-cache
      server:
      - Microsoft-HTTPAPI/2.0
      - Microsoft-HTTPAPI/2.0
      strict-transport-security:
      - max-age=31536000; includeSubDomains
      transfer-encoding:
      - chunked
      vary:
      - Accept-Encoding
      x-content-type-options:
      - nosniff
      x-ms-arm-service-request-id:
      - 3235ca97-644a-4704-931c-4db5e1100096
    status:
      code: 200
      message: OK
- request:
    body: null
    headers:
      Accept:
      - application/json
      Accept-Encoding:
      - gzip, deflate
      CommandName:
      - network vnet create
      Connection:
      - keep-alive
      ParameterSetName:
      - -n -g
      User-Agent:
      - python/3.6.8 (Windows-10-10.0.18362-SP0) msrest/0.6.10 msrest_azure/0.6.2
        azure-mgmt-network/9.0.0 Azure-SDK-For-Python AZURECLI/2.0.81
    method: GET
    uri: https://management.azure.com/subscriptions/00000000-0000-0000-0000-000000000000/providers/Microsoft.Network/locations/westus/operations/6ad9f24f-4ea3-4e53-97bd-d8556ed7902c?api-version=2019-11-01
  response:
    body:
      string: "{\r\n  \"status\": \"InProgress\"\r\n}"
    headers:
      cache-control:
      - no-cache
      content-length:
      - '30'
      content-type:
      - application/json; charset=utf-8
      date:
      - Fri, 07 Feb 2020 16:41:18 GMT
      expires:
      - '-1'
      pragma:
      - no-cache
      server:
      - Microsoft-HTTPAPI/2.0
      - Microsoft-HTTPAPI/2.0
      strict-transport-security:
      - max-age=31536000; includeSubDomains
      transfer-encoding:
      - chunked
      vary:
      - Accept-Encoding
      x-content-type-options:
      - nosniff
      x-ms-arm-service-request-id:
      - 9aa6f82e-9170-4d1a-ac18-205f7210bb1d
    status:
      code: 200
      message: OK
- request:
    body: null
    headers:
      Accept:
      - application/json
      Accept-Encoding:
      - gzip, deflate
      CommandName:
      - network vnet create
      Connection:
      - keep-alive
      ParameterSetName:
      - -n -g
      User-Agent:
      - python/3.6.8 (Windows-10-10.0.18362-SP0) msrest/0.6.10 msrest_azure/0.6.2
        azure-mgmt-network/9.0.0 Azure-SDK-For-Python AZURECLI/2.0.81
    method: GET
    uri: https://management.azure.com/subscriptions/00000000-0000-0000-0000-000000000000/providers/Microsoft.Network/locations/westus/operations/6ad9f24f-4ea3-4e53-97bd-d8556ed7902c?api-version=2019-11-01
  response:
    body:
      string: "{\r\n  \"status\": \"Succeeded\"\r\n}"
    headers:
      cache-control:
      - no-cache
      content-length:
      - '29'
      content-type:
      - application/json; charset=utf-8
      date:
      - Fri, 07 Feb 2020 16:41:28 GMT
      expires:
      - '-1'
      pragma:
      - no-cache
      server:
      - Microsoft-HTTPAPI/2.0
      - Microsoft-HTTPAPI/2.0
      strict-transport-security:
      - max-age=31536000; includeSubDomains
      transfer-encoding:
      - chunked
      vary:
      - Accept-Encoding
      x-content-type-options:
      - nosniff
      x-ms-arm-service-request-id:
      - 9f5569a4-b3f9-4827-8cdd-86d5d849bb51
    status:
      code: 200
      message: OK
- request:
    body: null
    headers:
      Accept:
      - application/json
      Accept-Encoding:
      - gzip, deflate
      CommandName:
      - network vnet create
      Connection:
      - keep-alive
      ParameterSetName:
      - -n -g
      User-Agent:
      - python/3.6.8 (Windows-10-10.0.18362-SP0) msrest/0.6.10 msrest_azure/0.6.2
        azure-mgmt-network/9.0.0 Azure-SDK-For-Python AZURECLI/2.0.81
    method: GET
    uri: https://management.azure.com/subscriptions/00000000-0000-0000-0000-000000000000/resourceGroups/cli_test_lock_with_resource_id000001/providers/Microsoft.Network/virtualNetworks/cli-lock-vnet000002?api-version=2019-11-01
  response:
    body:
      string: "{\r\n  \"name\": \"cli-lock-vnet000002\",\r\n  \"id\": \"/subscriptions/00000000-0000-0000-0000-000000000000/resourceGroups/cli_test_lock_with_resource_id000001/providers/Microsoft.Network/virtualNetworks/cli-lock-vnet000002\",\r\n
        \ \"etag\": \"W/\\\"8e0f2b12-160b-46f1-afed-bd5a80790175\\\"\",\r\n  \"type\":
        \"Microsoft.Network/virtualNetworks\",\r\n  \"location\": \"westus\",\r\n
        \ \"tags\": {},\r\n  \"properties\": {\r\n    \"provisioningState\": \"Succeeded\",\r\n
        \   \"resourceGuid\": \"c878b48a-3816-4c88-a783-fb0ca6ef1929\",\r\n    \"addressSpace\":
        {\r\n      \"addressPrefixes\": [\r\n        \"10.0.0.0/16\"\r\n      ]\r\n
        \   },\r\n    \"dhcpOptions\": {\r\n      \"dnsServers\": []\r\n    },\r\n
        \   \"subnets\": [],\r\n    \"virtualNetworkPeerings\": [],\r\n    \"enableDdosProtection\":
        false,\r\n    \"enableVmProtection\": false\r\n  }\r\n}"
    headers:
      cache-control:
      - no-cache
      content-length:
      - '817'
      content-type:
      - application/json; charset=utf-8
      date:
      - Fri, 07 Feb 2020 16:41:29 GMT
      etag:
      - W/"8e0f2b12-160b-46f1-afed-bd5a80790175"
      expires:
      - '-1'
      pragma:
      - no-cache
      server:
      - Microsoft-HTTPAPI/2.0
      - Microsoft-HTTPAPI/2.0
      strict-transport-security:
      - max-age=31536000; includeSubDomains
      transfer-encoding:
      - chunked
      vary:
      - Accept-Encoding
      x-content-type-options:
      - nosniff
      x-ms-arm-service-request-id:
      - 1f44d806-0687-409b-85be-f336771d01aa
    status:
      code: 200
      message: OK
- request:
    body: null
    headers:
      Accept:
      - application/json
      Accept-Encoding:
      - gzip, deflate
      CommandName:
      - network vnet subnet create
      Connection:
      - keep-alive
      ParameterSetName:
      - -n --address-prefix --vnet-name -g
      User-Agent:
      - python/3.6.8 (Windows-10-10.0.18362-SP0) msrest/0.6.10 msrest_azure/0.6.2
        azure-mgmt-network/9.0.0 Azure-SDK-For-Python AZURECLI/2.0.81
      accept-language:
      - en-US
    method: GET
    uri: https://management.azure.com/subscriptions/00000000-0000-0000-0000-000000000000/resourceGroups/cli_test_lock_with_resource_id000001/providers/Microsoft.Network/virtualNetworks/cli-lock-vnet000002?api-version=2019-11-01
  response:
    body:
      string: "{\r\n  \"name\": \"cli-lock-vnet000002\",\r\n  \"id\": \"/subscriptions/00000000-0000-0000-0000-000000000000/resourceGroups/cli_test_lock_with_resource_id000001/providers/Microsoft.Network/virtualNetworks/cli-lock-vnet000002\",\r\n
        \ \"etag\": \"W/\\\"8e0f2b12-160b-46f1-afed-bd5a80790175\\\"\",\r\n  \"type\":
        \"Microsoft.Network/virtualNetworks\",\r\n  \"location\": \"westus\",\r\n
        \ \"tags\": {},\r\n  \"properties\": {\r\n    \"provisioningState\": \"Succeeded\",\r\n
        \   \"resourceGuid\": \"c878b48a-3816-4c88-a783-fb0ca6ef1929\",\r\n    \"addressSpace\":
        {\r\n      \"addressPrefixes\": [\r\n        \"10.0.0.0/16\"\r\n      ]\r\n
        \   },\r\n    \"dhcpOptions\": {\r\n      \"dnsServers\": []\r\n    },\r\n
        \   \"subnets\": [],\r\n    \"virtualNetworkPeerings\": [],\r\n    \"enableDdosProtection\":
        false,\r\n    \"enableVmProtection\": false\r\n  }\r\n}"
    headers:
      cache-control:
      - no-cache
      content-length:
      - '817'
      content-type:
      - application/json; charset=utf-8
      date:
      - Fri, 07 Feb 2020 16:41:30 GMT
      etag:
      - W/"8e0f2b12-160b-46f1-afed-bd5a80790175"
      expires:
      - '-1'
      pragma:
      - no-cache
      server:
      - Microsoft-HTTPAPI/2.0
      - Microsoft-HTTPAPI/2.0
      strict-transport-security:
      - max-age=31536000; includeSubDomains
      transfer-encoding:
      - chunked
      vary:
      - Accept-Encoding
      x-content-type-options:
      - nosniff
      x-ms-arm-service-request-id:
      - 7f1ee5e1-a5b9-4fcc-b1eb-3ed2d3878bf3
    status:
      code: 200
      message: OK
- request:
    body: 'b''{"id": "/subscriptions/00000000-0000-0000-0000-000000000000/resourceGroups/cli_test_lock_with_resource_id000001/providers/Microsoft.Network/virtualNetworks/cli-lock-vnet000002",
      "location": "westus", "tags": {}, "properties": {"addressSpace": {"addressPrefixes":
      ["10.0.0.0/16"]}, "dhcpOptions": {"dnsServers": []}, "subnets": [{"properties":
      {"addressPrefix": "10.0.0.0/16"}, "name": "cli-lock-subnet000003"}], "virtualNetworkPeerings":
      [], "enableDdosProtection": false, "enableVmProtection": false}}'''
    headers:
      Accept:
      - application/json
      Accept-Encoding:
      - gzip, deflate
      CommandName:
      - network vnet subnet create
      Connection:
      - keep-alive
      Content-Length:
      - '561'
      Content-Type:
      - application/json; charset=utf-8
      ParameterSetName:
      - -n --address-prefix --vnet-name -g
      User-Agent:
      - python/3.6.8 (Windows-10-10.0.18362-SP0) msrest/0.6.10 msrest_azure/0.6.2
        azure-mgmt-network/9.0.0 Azure-SDK-For-Python AZURECLI/2.0.81
      accept-language:
      - en-US
    method: PUT
    uri: https://management.azure.com/subscriptions/00000000-0000-0000-0000-000000000000/resourceGroups/cli_test_lock_with_resource_id000001/providers/Microsoft.Network/virtualNetworks/cli-lock-vnet000002?api-version=2019-11-01
  response:
    body:
      string: "{\r\n  \"name\": \"cli-lock-vnet000002\",\r\n  \"id\": \"/subscriptions/00000000-0000-0000-0000-000000000000/resourceGroups/cli_test_lock_with_resource_id000001/providers/Microsoft.Network/virtualNetworks/cli-lock-vnet000002\",\r\n
        \ \"etag\": \"W/\\\"0eef64de-bd65-4067-a4b6-77cc1d20ff6d\\\"\",\r\n  \"type\":
        \"Microsoft.Network/virtualNetworks\",\r\n  \"location\": \"westus\",\r\n
        \ \"tags\": {},\r\n  \"properties\": {\r\n    \"provisioningState\": \"Updating\",\r\n
        \   \"resourceGuid\": \"c878b48a-3816-4c88-a783-fb0ca6ef1929\",\r\n    \"addressSpace\":
        {\r\n      \"addressPrefixes\": [\r\n        \"10.0.0.0/16\"\r\n      ]\r\n
        \   },\r\n    \"dhcpOptions\": {\r\n      \"dnsServers\": []\r\n    },\r\n
        \   \"subnets\": [\r\n      {\r\n        \"name\": \"cli-lock-subnet000003\",\r\n
        \       \"id\": \"/subscriptions/00000000-0000-0000-0000-000000000000/resourceGroups/cli_test_lock_with_resource_id000001/providers/Microsoft.Network/virtualNetworks/cli-lock-vnet000002/subnets/cli-lock-subnet000003\",\r\n
        \       \"etag\": \"W/\\\"0eef64de-bd65-4067-a4b6-77cc1d20ff6d\\\"\",\r\n
        \       \"properties\": {\r\n          \"provisioningState\": \"Updating\",\r\n
        \         \"addressPrefix\": \"10.0.0.0/16\",\r\n          \"delegations\":
        [],\r\n          \"privateEndpointNetworkPolicies\": \"Enabled\",\r\n          \"privateLinkServiceNetworkPolicies\":
        \"Enabled\"\r\n        },\r\n        \"type\": \"Microsoft.Network/virtualNetworks/subnets\"\r\n
        \     }\r\n    ],\r\n    \"virtualNetworkPeerings\": [],\r\n    \"enableDdosProtection\":
        false,\r\n    \"enableVmProtection\": false\r\n  }\r\n}"
    headers:
      azure-asyncoperation:
      - https://management.azure.com/subscriptions/00000000-0000-0000-0000-000000000000/providers/Microsoft.Network/locations/westus/operations/f085317d-7146-4fcb-8d5c-f6961a72dda4?api-version=2019-11-01
      cache-control:
      - no-cache
      content-length:
      - '1558'
      content-type:
      - application/json; charset=utf-8
      date:
      - Fri, 07 Feb 2020 16:41:30 GMT
      expires:
      - '-1'
      pragma:
      - no-cache
      server:
      - Microsoft-HTTPAPI/2.0
      - Microsoft-HTTPAPI/2.0
      strict-transport-security:
      - max-age=31536000; includeSubDomains
      transfer-encoding:
      - chunked
      vary:
      - Accept-Encoding
      x-content-type-options:
      - nosniff
      x-ms-arm-service-request-id:
      - 7a031855-2dca-4be5-846d-9f190b8c5c70
      x-ms-ratelimit-remaining-subscription-writes:
      - '1195'
    status:
      code: 200
      message: OK
- request:
    body: null
    headers:
      Accept:
      - application/json
      Accept-Encoding:
      - gzip, deflate
      CommandName:
      - network vnet subnet create
      Connection:
      - keep-alive
      ParameterSetName:
      - -n --address-prefix --vnet-name -g
      User-Agent:
      - python/3.6.8 (Windows-10-10.0.18362-SP0) msrest/0.6.10 msrest_azure/0.6.2
        azure-mgmt-network/9.0.0 Azure-SDK-For-Python AZURECLI/2.0.81
    method: GET
    uri: https://management.azure.com/subscriptions/00000000-0000-0000-0000-000000000000/providers/Microsoft.Network/locations/westus/operations/f085317d-7146-4fcb-8d5c-f6961a72dda4?api-version=2019-11-01
  response:
    body:
      string: "{\r\n  \"status\": \"Succeeded\"\r\n}"
    headers:
      cache-control:
      - no-cache
      content-length:
      - '29'
      content-type:
      - application/json; charset=utf-8
      date:
      - Fri, 07 Feb 2020 16:41:34 GMT
      expires:
      - '-1'
      pragma:
      - no-cache
      server:
      - Microsoft-HTTPAPI/2.0
      - Microsoft-HTTPAPI/2.0
      strict-transport-security:
      - max-age=31536000; includeSubDomains
      transfer-encoding:
      - chunked
      vary:
      - Accept-Encoding
      x-content-type-options:
      - nosniff
      x-ms-arm-service-request-id:
      - 123af8d7-b68d-4c1e-bcdc-83f2284ebbbb
    status:
      code: 200
      message: OK
- request:
    body: null
    headers:
      Accept:
      - application/json
      Accept-Encoding:
      - gzip, deflate
      CommandName:
      - network vnet subnet create
      Connection:
      - keep-alive
      ParameterSetName:
      - -n --address-prefix --vnet-name -g
      User-Agent:
      - python/3.6.8 (Windows-10-10.0.18362-SP0) msrest/0.6.10 msrest_azure/0.6.2
        azure-mgmt-network/9.0.0 Azure-SDK-For-Python AZURECLI/2.0.81
    method: GET
    uri: https://management.azure.com/subscriptions/00000000-0000-0000-0000-000000000000/resourceGroups/cli_test_lock_with_resource_id000001/providers/Microsoft.Network/virtualNetworks/cli-lock-vnet000002?api-version=2019-11-01
  response:
    body:
      string: "{\r\n  \"name\": \"cli-lock-vnet000002\",\r\n  \"id\": \"/subscriptions/00000000-0000-0000-0000-000000000000/resourceGroups/cli_test_lock_with_resource_id000001/providers/Microsoft.Network/virtualNetworks/cli-lock-vnet000002\",\r\n
        \ \"etag\": \"W/\\\"99826b4f-b5b8-4d43-97f9-64ac953fe9a1\\\"\",\r\n  \"type\":
        \"Microsoft.Network/virtualNetworks\",\r\n  \"location\": \"westus\",\r\n
        \ \"tags\": {},\r\n  \"properties\": {\r\n    \"provisioningState\": \"Succeeded\",\r\n
        \   \"resourceGuid\": \"c878b48a-3816-4c88-a783-fb0ca6ef1929\",\r\n    \"addressSpace\":
        {\r\n      \"addressPrefixes\": [\r\n        \"10.0.0.0/16\"\r\n      ]\r\n
        \   },\r\n    \"dhcpOptions\": {\r\n      \"dnsServers\": []\r\n    },\r\n
        \   \"subnets\": [\r\n      {\r\n        \"name\": \"cli-lock-subnet000003\",\r\n
        \       \"id\": \"/subscriptions/00000000-0000-0000-0000-000000000000/resourceGroups/cli_test_lock_with_resource_id000001/providers/Microsoft.Network/virtualNetworks/cli-lock-vnet000002/subnets/cli-lock-subnet000003\",\r\n
        \       \"etag\": \"W/\\\"99826b4f-b5b8-4d43-97f9-64ac953fe9a1\\\"\",\r\n
        \       \"properties\": {\r\n          \"provisioningState\": \"Succeeded\",\r\n
        \         \"addressPrefix\": \"10.0.0.0/16\",\r\n          \"delegations\":
        [],\r\n          \"privateEndpointNetworkPolicies\": \"Enabled\",\r\n          \"privateLinkServiceNetworkPolicies\":
        \"Enabled\"\r\n        },\r\n        \"type\": \"Microsoft.Network/virtualNetworks/subnets\"\r\n
        \     }\r\n    ],\r\n    \"virtualNetworkPeerings\": [],\r\n    \"enableDdosProtection\":
        false,\r\n    \"enableVmProtection\": false\r\n  }\r\n}"
    headers:
      cache-control:
      - no-cache
      content-length:
      - '1560'
      content-type:
      - application/json; charset=utf-8
      date:
      - Fri, 07 Feb 2020 16:41:34 GMT
      etag:
      - W/"99826b4f-b5b8-4d43-97f9-64ac953fe9a1"
      expires:
      - '-1'
      pragma:
      - no-cache
      server:
      - Microsoft-HTTPAPI/2.0
      - Microsoft-HTTPAPI/2.0
      strict-transport-security:
      - max-age=31536000; includeSubDomains
      transfer-encoding:
      - chunked
      vary:
      - Accept-Encoding
      x-content-type-options:
      - nosniff
      x-ms-arm-service-request-id:
      - a37c758a-9218-48a2-9462-2b13c84e6b07
    status:
      code: 200
      message: OK
- request:
    body: '{"properties": {"level": "CanNotDelete"}}'
    headers:
      Accept:
      - application/json
      Accept-Encoding:
      - gzip, deflate
      CommandName:
      - resource lock create
      Connection:
      - keep-alive
      Content-Length:
      - '41'
      Content-Type:
      - application/json; charset=utf-8
      ParameterSetName:
      - -n --resource --lock-type
      User-Agent:
      - python/3.6.8 (Windows-10-10.0.18362-SP0) msrest/0.6.10 msrest_azure/0.6.2
        azure-mgmt-resource/8.0.1 Azure-SDK-For-Python AZURECLI/2.0.81
      accept-language:
      - en-US
    method: PUT
    uri: https://management.azure.com/subscriptions/00000000-0000-0000-0000-000000000000/resourcegroups/cli_test_lock_with_resource_id000001/providers/Microsoft.Network/virtualNetworks/cli-lock-vnet000002/providers/Microsoft.Authorization/locks/cli-test-lock000004?api-version=2016-09-01
  response:
    body:
      string: '{"properties":{"level":"CanNotDelete"},"id":"/subscriptions/00000000-0000-0000-0000-000000000000/resourcegroups/cli_test_lock_with_resource_id000001/providers/Microsoft.Network/virtualNetworks/cli-lock-vnet000002/providers/Microsoft.Authorization/locks/cli-test-lock000004","type":"Microsoft.Authorization/locks","name":"cli-test-lock000004"}'
    headers:
      cache-control:
      - no-cache
      content-length:
      - '454'
      content-type:
      - application/json; charset=utf-8
      date:
      - Fri, 07 Feb 2020 16:41:36 GMT
      expires:
      - '-1'
      pragma:
      - no-cache
      strict-transport-security:
      - max-age=31536000; includeSubDomains
      x-content-type-options:
      - nosniff
      x-ms-ratelimit-remaining-subscription-writes:
      - '1185'
    status:
      code: 201
      message: Created
- request:
    body: '{"properties": {"level": "CanNotDelete"}}'
    headers:
      Accept:
      - application/json
      Accept-Encoding:
      - gzip, deflate
      CommandName:
      - lock create
      Connection:
      - keep-alive
      Content-Length:
      - '41'
      Content-Type:
      - application/json; charset=utf-8
      ParameterSetName:
      - -n --resource --lock-type
      User-Agent:
      - python/3.6.8 (Windows-10-10.0.18362-SP0) msrest/0.6.10 msrest_azure/0.6.2
        azure-mgmt-resource/8.0.1 Azure-SDK-For-Python AZURECLI/2.0.81
      accept-language:
      - en-US
    method: PUT
    uri: https://management.azure.com/subscriptions/00000000-0000-0000-0000-000000000000/resourcegroups/cli_test_lock_with_resource_id000001/providers/Microsoft.Network/virtualNetworks/cli-lock-vnet000002/subnets/cli-lock-subnet000003/providers/Microsoft.Authorization/locks/cli-test-lock000005?api-version=2016-09-01
  response:
    body:
      string: '{"properties":{"level":"CanNotDelete"},"id":"/subscriptions/00000000-0000-0000-0000-000000000000/resourcegroups/cli_test_lock_with_resource_id000001/providers/Microsoft.Network/virtualNetworks/cli-lock-vnet000002/subnets/cli-lock-subnet000003/providers/Microsoft.Authorization/locks/cli-test-lock000005","type":"Microsoft.Authorization/locks","name":"cli-test-lock000005"}'
    headers:
      cache-control:
      - no-cache
      content-length:
      - '433'
      content-type:
      - application/json; charset=utf-8
      date:
      - Fri, 07 Feb 2020 16:41:37 GMT
      expires:
      - '-1'
      pragma:
      - no-cache
      strict-transport-security:
      - max-age=31536000; includeSubDomains
      x-content-type-options:
      - nosniff
      x-ms-ratelimit-remaining-subscription-writes:
      - '1191'
    status:
      code: 201
      message: Created
- request:
    body: null
    headers:
      Accept:
      - application/json
      Accept-Encoding:
      - gzip, deflate
      CommandName:
      - resource lock show
      Connection:
      - keep-alive
      ParameterSetName:
      - --name --resource
      User-Agent:
      - python/3.6.8 (Windows-10-10.0.18362-SP0) msrest/0.6.10 msrest_azure/0.6.2
        azure-mgmt-resource/8.0.1 Azure-SDK-For-Python AZURECLI/2.0.81
      accept-language:
      - en-US
    method: GET
    uri: https://management.azure.com/subscriptions/00000000-0000-0000-0000-000000000000/providers/Microsoft.Authorization/locks?api-version=2016-09-01
  response:
    body:
      string: '{"value":[{"properties":{"level":"CanNotDelete"},"id":"/subscriptions/00000000-0000-0000-0000-000000000000/resourceGroups/harold-test/providers/Microsoft.Authorization/locks/from
        delete","type":"Microsoft.Authorization/locks","name":"from delete"},{"properties":{"level":"CanNotDelete"},"id":"/subscriptions/00000000-0000-0000-0000-000000000000/resourcegroups/cli_test_lock_with_resource_id000001/providers/Microsoft.Network/virtualNetworks/cli-lock-vnet000002/providers/Microsoft.Authorization/locks/cli-test-lock000004","type":"Microsoft.Authorization/locks","name":"cli-test-lock000004"},{"properties":{"level":"CanNotDelete"},"id":"/subscriptions/00000000-0000-0000-0000-000000000000/resourcegroups/cli_test_lock_with_resource_id000001/providers/Microsoft.Network/virtualNetworks/cli-lock-vnet000002/subnets/cli-lock-subnet000003/providers/Microsoft.Authorization/locks/cli-test-lock000005","type":"Microsoft.Authorization/locks","name":"cli-test-lock000005"},{"properties":{"level":"CanNotDelete","notes":"avoid
        delete"},"id":"/subscriptions/00000000-0000-0000-0000-000000000000/resourceGroups/yu-test-rg/providers/Microsoft.Authorization/locks/avoid_delete","type":"Microsoft.Authorization/locks","name":"avoid_delete"},{"properties":{"level":"CanNotDelete"},"id":"/subscriptions/00000000-0000-0000-0000-000000000000/resourcegroups/feng-cli-rg/providers/Microsoft.Storage/storageAccounts/fengsa/providers/Microsoft.Authorization/locks/no-delete","type":"Microsoft.Authorization/locks","name":"no-delete"},{"properties":{"level":"CanNotDelete","notes":"Auto-created
        by Azure Backup for storage accounts registered with a Recovery Services Vault.
        This lock is intended to guard against deletion of backups due to accidental
        deletion of the storage account."},"id":"/subscriptions/00000000-0000-0000-0000-000000000000/resourcegroups/clitest.rg6i4hl6iakg/providers/microsoft.storage/storageAccounts/clitestu3p7a7ib4n4y7gt4m/providers/Microsoft.Authorization/locks/AzureBackupProtectionLock","type":"Microsoft.Authorization/locks","name":"AzureBackupProtectionLock"},{"properties":{"level":"CanNotDelete","notes":""},"id":"/subscriptions/00000000-0000-0000-0000-000000000000/resourceGroups/new-experiences/providers/Microsoft.Authorization/locks/NO-DELETE","type":"Microsoft.Authorization/locks","name":"NO-DELETE"},{"properties":{"level":"CanNotDelete"},"id":"/subscriptions/00000000-0000-0000-0000-000000000000/resourceGroups/zuh/providers/Microsoft.Authorization/locks/delete","type":"Microsoft.Authorization/locks","name":"delete"},{"properties":{"level":"CanNotDelete","notes":"wait
        until 2019.1.10"},"id":"/subscriptions/00000000-0000-0000-0000-000000000000/resourceGroups/azure-core-poc/providers/Microsoft.Authorization/locks/keep","type":"Microsoft.Authorization/locks","name":"keep"},{"properties":{"level":"CanNotDelete"},"id":"/subscriptions/00000000-0000-0000-0000-000000000000/resourceGroups/fytest/providers/Microsoft.KeyVault/vaults/vault4848/providers/Microsoft.Authorization/locks/l","type":"Microsoft.Authorization/locks","name":"l"},{"properties":{"level":"CanNotDelete"},"id":"/subscriptions/00000000-0000-0000-0000-000000000000/resourceGroups/fytest/providers/Microsoft.Compute/diskEncryptionSets/des1/providers/Microsoft.Authorization/locks/l","type":"Microsoft.Authorization/locks","name":"l"},{"properties":{"level":"CanNotDelete","notes":"In
        case of deleting by incident"},"id":"/subscriptions/00000000-0000-0000-0000-000000000000/resourcegroups/azuresdktest_reserved/providers/Microsoft.Authorization/locks/LockReservedResources","type":"Microsoft.Authorization/locks","name":"LockReservedResources"},{"properties":{"level":"CanNotDelete"},"id":"/subscriptions/00000000-0000-0000-0000-000000000000/resourceGroups/azure-cli-test-rg/providers/Microsoft.Authorization/locks/lock_test_resources","type":"Microsoft.Authorization/locks","name":"lock_test_resources"},{"properties":{"level":"CanNotDelete","notes":"for
        msal test"},"id":"/subscriptions/00000000-0000-0000-0000-000000000000/resourceGroups/yeming/providers/Microsoft.Authorization/locks/yeliu","type":"Microsoft.Authorization/locks","name":"yeliu"},{"properties":{"level":"CanNotDelete"},"id":"/subscriptions/00000000-0000-0000-0000-000000000000/resourceGroups/qianwens/providers/Microsoft.Authorization/locks/donotdelete","type":"Microsoft.Authorization/locks","name":"donotdelete"},{"properties":{"level":"CanNotDelete"},"id":"/subscriptions/00000000-0000-0000-0000-000000000000/resourceGroups/jlvm2rg/providers/Microsoft.Authorization/locks/dl","type":"Microsoft.Authorization/locks","name":"dl"},{"properties":{"level":"CanNotDelete","notes":"for
        customer issue repro  (snowflake)"},"id":"/subscriptions/00000000-0000-0000-0000-000000000000/resourcegroups/storage-v2rt-repro/providers/Microsoft.Authorization/locks/DontDelete","type":"Microsoft.Authorization/locks","name":"DontDelete"},{"properties":{"level":"CanNotDelete"},"id":"/subscriptions/00000000-0000-0000-0000-000000000000/resourceGroups/jlrg1/providers/Microsoft.Authorization/locks/dl","type":"Microsoft.Authorization/locks","name":"dl"},{"properties":{"level":"CanNotDelete"},"id":"/subscriptions/00000000-0000-0000-0000-000000000000/resourceGroups/bim-rg/providers/Microsoft.Authorization/locks/bim-lock","type":"Microsoft.Authorization/locks","name":"bim-lock"}]}'
    headers:
      cache-control:
      - no-cache
      content-length:
      - '5491'
      content-type:
      - application/json; charset=utf-8
      date:
      - Fri, 07 Feb 2020 16:41:38 GMT
      expires:
      - '-1'
      pragma:
      - no-cache
      strict-transport-security:
      - max-age=31536000; includeSubDomains
      transfer-encoding:
      - chunked
      vary:
      - Accept-Encoding,Accept-Encoding
      x-content-type-options:
      - nosniff
    status:
      code: 200
      message: OK
- request:
    body: null
    headers:
      Accept:
      - application/json
      Accept-Encoding:
      - gzip, deflate
      CommandName:
      - resource lock show
      Connection:
      - keep-alive
      ParameterSetName:
      - --name --resource
      User-Agent:
      - python/3.6.8 (Windows-10-10.0.18362-SP0) msrest/0.6.10 msrest_azure/0.6.2
        azure-mgmt-resource/8.0.1 Azure-SDK-For-Python AZURECLI/2.0.81
      accept-language:
      - en-US
    method: GET
    uri: https://management.azure.com/subscriptions/00000000-0000-0000-0000-000000000000/resourcegroups/cli_test_lock_with_resource_id000001/providers/Microsoft.Network/virtualNetworks/cli-lock-vnet000002/providers/Microsoft.Authorization/locks/cli-test-lock000004?api-version=2016-09-01
  response:
    body:
      string: '{"properties":{"level":"CanNotDelete"},"id":"/subscriptions/00000000-0000-0000-0000-000000000000/resourcegroups/cli_test_lock_with_resource_id000001/providers/Microsoft.Network/virtualNetworks/cli-lock-vnet000002/providers/Microsoft.Authorization/locks/cli-test-lock000004","type":"Microsoft.Authorization/locks","name":"cli-test-lock000004"}'
    headers:
      cache-control:
      - no-cache
      content-length:
      - '454'
      content-type:
      - application/json; charset=utf-8
      date:
      - Fri, 07 Feb 2020 16:41:38 GMT
      expires:
      - '-1'
      pragma:
      - no-cache
      strict-transport-security:
      - max-age=31536000; includeSubDomains
      transfer-encoding:
      - chunked
      vary:
      - Accept-Encoding,Accept-Encoding
      x-content-type-options:
      - nosniff
    status:
      code: 200
      message: OK
- request:
    body: null
    headers:
      Accept:
      - application/json
      Accept-Encoding:
      - gzip, deflate
      CommandName:
      - lock show
      Connection:
      - keep-alive
      ParameterSetName:
      - --name --resource
      User-Agent:
      - python/3.6.8 (Windows-10-10.0.18362-SP0) msrest/0.6.10 msrest_azure/0.6.2
        azure-mgmt-resource/8.0.1 Azure-SDK-For-Python AZURECLI/2.0.81
      accept-language:
      - en-US
    method: GET
    uri: https://management.azure.com/subscriptions/00000000-0000-0000-0000-000000000000/providers/Microsoft.Authorization/locks?api-version=2016-09-01
  response:
    body:
      string: '{"value":[{"properties":{"level":"CanNotDelete"},"id":"/subscriptions/00000000-0000-0000-0000-000000000000/resourceGroups/harold-test/providers/Microsoft.Authorization/locks/from
        delete","type":"Microsoft.Authorization/locks","name":"from delete"},{"properties":{"level":"CanNotDelete"},"id":"/subscriptions/00000000-0000-0000-0000-000000000000/resourcegroups/cli_test_lock_with_resource_id000001/providers/Microsoft.Network/virtualNetworks/cli-lock-vnet000002/providers/Microsoft.Authorization/locks/cli-test-lock000004","type":"Microsoft.Authorization/locks","name":"cli-test-lock000004"},{"properties":{"level":"CanNotDelete"},"id":"/subscriptions/00000000-0000-0000-0000-000000000000/resourcegroups/cli_test_lock_with_resource_id000001/providers/Microsoft.Network/virtualNetworks/cli-lock-vnet000002/subnets/cli-lock-subnet000003/providers/Microsoft.Authorization/locks/cli-test-lock000005","type":"Microsoft.Authorization/locks","name":"cli-test-lock000005"},{"properties":{"level":"CanNotDelete","notes":"avoid
        delete"},"id":"/subscriptions/00000000-0000-0000-0000-000000000000/resourceGroups/yu-test-rg/providers/Microsoft.Authorization/locks/avoid_delete","type":"Microsoft.Authorization/locks","name":"avoid_delete"},{"properties":{"level":"CanNotDelete"},"id":"/subscriptions/00000000-0000-0000-0000-000000000000/resourcegroups/feng-cli-rg/providers/Microsoft.Storage/storageAccounts/fengsa/providers/Microsoft.Authorization/locks/no-delete","type":"Microsoft.Authorization/locks","name":"no-delete"},{"properties":{"level":"CanNotDelete","notes":"Auto-created
        by Azure Backup for storage accounts registered with a Recovery Services Vault.
        This lock is intended to guard against deletion of backups due to accidental
        deletion of the storage account."},"id":"/subscriptions/00000000-0000-0000-0000-000000000000/resourcegroups/clitest.rg6i4hl6iakg/providers/microsoft.storage/storageAccounts/clitestu3p7a7ib4n4y7gt4m/providers/Microsoft.Authorization/locks/AzureBackupProtectionLock","type":"Microsoft.Authorization/locks","name":"AzureBackupProtectionLock"},{"properties":{"level":"CanNotDelete","notes":""},"id":"/subscriptions/00000000-0000-0000-0000-000000000000/resourceGroups/new-experiences/providers/Microsoft.Authorization/locks/NO-DELETE","type":"Microsoft.Authorization/locks","name":"NO-DELETE"},{"properties":{"level":"CanNotDelete"},"id":"/subscriptions/00000000-0000-0000-0000-000000000000/resourceGroups/zuh/providers/Microsoft.Authorization/locks/delete","type":"Microsoft.Authorization/locks","name":"delete"},{"properties":{"level":"CanNotDelete","notes":"wait
        until 2019.1.10"},"id":"/subscriptions/00000000-0000-0000-0000-000000000000/resourceGroups/azure-core-poc/providers/Microsoft.Authorization/locks/keep","type":"Microsoft.Authorization/locks","name":"keep"},{"properties":{"level":"CanNotDelete"},"id":"/subscriptions/00000000-0000-0000-0000-000000000000/resourceGroups/fytest/providers/Microsoft.KeyVault/vaults/vault4848/providers/Microsoft.Authorization/locks/l","type":"Microsoft.Authorization/locks","name":"l"},{"properties":{"level":"CanNotDelete"},"id":"/subscriptions/00000000-0000-0000-0000-000000000000/resourceGroups/fytest/providers/Microsoft.Compute/diskEncryptionSets/des1/providers/Microsoft.Authorization/locks/l","type":"Microsoft.Authorization/locks","name":"l"},{"properties":{"level":"CanNotDelete","notes":"In
        case of deleting by incident"},"id":"/subscriptions/00000000-0000-0000-0000-000000000000/resourcegroups/azuresdktest_reserved/providers/Microsoft.Authorization/locks/LockReservedResources","type":"Microsoft.Authorization/locks","name":"LockReservedResources"},{"properties":{"level":"CanNotDelete"},"id":"/subscriptions/00000000-0000-0000-0000-000000000000/resourceGroups/azure-cli-test-rg/providers/Microsoft.Authorization/locks/lock_test_resources","type":"Microsoft.Authorization/locks","name":"lock_test_resources"},{"properties":{"level":"CanNotDelete","notes":"for
        msal test"},"id":"/subscriptions/00000000-0000-0000-0000-000000000000/resourceGroups/yeming/providers/Microsoft.Authorization/locks/yeliu","type":"Microsoft.Authorization/locks","name":"yeliu"},{"properties":{"level":"CanNotDelete"},"id":"/subscriptions/00000000-0000-0000-0000-000000000000/resourceGroups/qianwens/providers/Microsoft.Authorization/locks/donotdelete","type":"Microsoft.Authorization/locks","name":"donotdelete"},{"properties":{"level":"CanNotDelete"},"id":"/subscriptions/00000000-0000-0000-0000-000000000000/resourceGroups/jlvm2rg/providers/Microsoft.Authorization/locks/dl","type":"Microsoft.Authorization/locks","name":"dl"},{"properties":{"level":"CanNotDelete","notes":"for
        customer issue repro  (snowflake)"},"id":"/subscriptions/00000000-0000-0000-0000-000000000000/resourcegroups/storage-v2rt-repro/providers/Microsoft.Authorization/locks/DontDelete","type":"Microsoft.Authorization/locks","name":"DontDelete"},{"properties":{"level":"CanNotDelete"},"id":"/subscriptions/00000000-0000-0000-0000-000000000000/resourceGroups/jlrg1/providers/Microsoft.Authorization/locks/dl","type":"Microsoft.Authorization/locks","name":"dl"},{"properties":{"level":"CanNotDelete"},"id":"/subscriptions/00000000-0000-0000-0000-000000000000/resourceGroups/bim-rg/providers/Microsoft.Authorization/locks/bim-lock","type":"Microsoft.Authorization/locks","name":"bim-lock"}]}'
    headers:
      cache-control:
      - no-cache
      content-length:
      - '5491'
      content-type:
      - application/json; charset=utf-8
      date:
      - Fri, 07 Feb 2020 16:41:38 GMT
      expires:
      - '-1'
      pragma:
      - no-cache
      strict-transport-security:
      - max-age=31536000; includeSubDomains
      transfer-encoding:
      - chunked
      vary:
      - Accept-Encoding,Accept-Encoding
      x-content-type-options:
      - nosniff
    status:
      code: 200
      message: OK
- request:
    body: null
    headers:
      Accept:
      - application/json
      Accept-Encoding:
      - gzip, deflate
      CommandName:
      - lock show
      Connection:
      - keep-alive
      ParameterSetName:
      - --name --resource
      User-Agent:
      - python/3.6.8 (Windows-10-10.0.18362-SP0) msrest/0.6.10 msrest_azure/0.6.2
        azure-mgmt-resource/8.0.1 Azure-SDK-For-Python AZURECLI/2.0.81
      accept-language:
      - en-US
    method: GET
    uri: https://management.azure.com/subscriptions/00000000-0000-0000-0000-000000000000/resourcegroups/cli_test_lock_with_resource_id000001/providers/Microsoft.Network/virtualNetworks/cli-lock-vnet000002/subnets/cli-lock-subnet000003/providers/Microsoft.Authorization/locks/cli-test-lock000005?api-version=2016-09-01
  response:
    body:
      string: '{"properties":{"level":"CanNotDelete"},"id":"/subscriptions/00000000-0000-0000-0000-000000000000/resourcegroups/cli_test_lock_with_resource_id000001/providers/Microsoft.Network/virtualNetworks/cli-lock-vnet000002/subnets/cli-lock-subnet000003/providers/Microsoft.Authorization/locks/cli-test-lock000005","type":"Microsoft.Authorization/locks","name":"cli-test-lock000005"}'
    headers:
      cache-control:
      - no-cache
      content-length:
      - '433'
      content-type:
      - application/json; charset=utf-8
      date:
      - Fri, 07 Feb 2020 16:41:39 GMT
      expires:
      - '-1'
      pragma:
      - no-cache
      strict-transport-security:
      - max-age=31536000; includeSubDomains
      transfer-encoding:
      - chunked
      vary:
      - Accept-Encoding,Accept-Encoding
      x-content-type-options:
      - nosniff
    status:
      code: 200
      message: OK
- request:
    body: null
    headers:
      Accept:
      - application/json
      Accept-Encoding:
      - gzip, deflate
      CommandName:
      - resource lock delete
      Connection:
      - keep-alive
      ParameterSetName:
      - --name --resource
      User-Agent:
      - python/3.6.8 (Windows-10-10.0.18362-SP0) msrest/0.6.10 msrest_azure/0.6.2
        azure-mgmt-resource/8.0.1 Azure-SDK-For-Python AZURECLI/2.0.81
      accept-language:
      - en-US
    method: GET
    uri: https://management.azure.com/subscriptions/00000000-0000-0000-0000-000000000000/providers/Microsoft.Authorization/locks?api-version=2016-09-01
  response:
    body:
      string: '{"value":[{"properties":{"level":"CanNotDelete"},"id":"/subscriptions/00000000-0000-0000-0000-000000000000/resourceGroups/harold-test/providers/Microsoft.Authorization/locks/from
        delete","type":"Microsoft.Authorization/locks","name":"from delete"},{"properties":{"level":"CanNotDelete"},"id":"/subscriptions/00000000-0000-0000-0000-000000000000/resourcegroups/cli_test_lock_with_resource_id000001/providers/Microsoft.Network/virtualNetworks/cli-lock-vnet000002/providers/Microsoft.Authorization/locks/cli-test-lock000004","type":"Microsoft.Authorization/locks","name":"cli-test-lock000004"},{"properties":{"level":"CanNotDelete"},"id":"/subscriptions/00000000-0000-0000-0000-000000000000/resourcegroups/cli_test_lock_with_resource_id000001/providers/Microsoft.Network/virtualNetworks/cli-lock-vnet000002/subnets/cli-lock-subnet000003/providers/Microsoft.Authorization/locks/cli-test-lock000005","type":"Microsoft.Authorization/locks","name":"cli-test-lock000005"},{"properties":{"level":"CanNotDelete","notes":"avoid
        delete"},"id":"/subscriptions/00000000-0000-0000-0000-000000000000/resourceGroups/yu-test-rg/providers/Microsoft.Authorization/locks/avoid_delete","type":"Microsoft.Authorization/locks","name":"avoid_delete"},{"properties":{"level":"CanNotDelete"},"id":"/subscriptions/00000000-0000-0000-0000-000000000000/resourcegroups/feng-cli-rg/providers/Microsoft.Storage/storageAccounts/fengsa/providers/Microsoft.Authorization/locks/no-delete","type":"Microsoft.Authorization/locks","name":"no-delete"},{"properties":{"level":"CanNotDelete","notes":"Auto-created
        by Azure Backup for storage accounts registered with a Recovery Services Vault.
        This lock is intended to guard against deletion of backups due to accidental
        deletion of the storage account."},"id":"/subscriptions/00000000-0000-0000-0000-000000000000/resourcegroups/clitest.rg6i4hl6iakg/providers/microsoft.storage/storageAccounts/clitestu3p7a7ib4n4y7gt4m/providers/Microsoft.Authorization/locks/AzureBackupProtectionLock","type":"Microsoft.Authorization/locks","name":"AzureBackupProtectionLock"},{"properties":{"level":"CanNotDelete","notes":""},"id":"/subscriptions/00000000-0000-0000-0000-000000000000/resourceGroups/new-experiences/providers/Microsoft.Authorization/locks/NO-DELETE","type":"Microsoft.Authorization/locks","name":"NO-DELETE"},{"properties":{"level":"CanNotDelete"},"id":"/subscriptions/00000000-0000-0000-0000-000000000000/resourceGroups/zuh/providers/Microsoft.Authorization/locks/delete","type":"Microsoft.Authorization/locks","name":"delete"},{"properties":{"level":"CanNotDelete","notes":"wait
        until 2019.1.10"},"id":"/subscriptions/00000000-0000-0000-0000-000000000000/resourceGroups/azure-core-poc/providers/Microsoft.Authorization/locks/keep","type":"Microsoft.Authorization/locks","name":"keep"},{"properties":{"level":"CanNotDelete"},"id":"/subscriptions/00000000-0000-0000-0000-000000000000/resourceGroups/fytest/providers/Microsoft.KeyVault/vaults/vault4848/providers/Microsoft.Authorization/locks/l","type":"Microsoft.Authorization/locks","name":"l"},{"properties":{"level":"CanNotDelete"},"id":"/subscriptions/00000000-0000-0000-0000-000000000000/resourceGroups/fytest/providers/Microsoft.Compute/diskEncryptionSets/des1/providers/Microsoft.Authorization/locks/l","type":"Microsoft.Authorization/locks","name":"l"},{"properties":{"level":"CanNotDelete","notes":"In
        case of deleting by incident"},"id":"/subscriptions/00000000-0000-0000-0000-000000000000/resourcegroups/azuresdktest_reserved/providers/Microsoft.Authorization/locks/LockReservedResources","type":"Microsoft.Authorization/locks","name":"LockReservedResources"},{"properties":{"level":"CanNotDelete"},"id":"/subscriptions/00000000-0000-0000-0000-000000000000/resourceGroups/azure-cli-test-rg/providers/Microsoft.Authorization/locks/lock_test_resources","type":"Microsoft.Authorization/locks","name":"lock_test_resources"},{"properties":{"level":"CanNotDelete","notes":"for
        msal test"},"id":"/subscriptions/00000000-0000-0000-0000-000000000000/resourceGroups/yeming/providers/Microsoft.Authorization/locks/yeliu","type":"Microsoft.Authorization/locks","name":"yeliu"},{"properties":{"level":"CanNotDelete"},"id":"/subscriptions/00000000-0000-0000-0000-000000000000/resourceGroups/qianwens/providers/Microsoft.Authorization/locks/donotdelete","type":"Microsoft.Authorization/locks","name":"donotdelete"},{"properties":{"level":"CanNotDelete"},"id":"/subscriptions/00000000-0000-0000-0000-000000000000/resourceGroups/jlvm2rg/providers/Microsoft.Authorization/locks/dl","type":"Microsoft.Authorization/locks","name":"dl"},{"properties":{"level":"CanNotDelete","notes":"for
        customer issue repro  (snowflake)"},"id":"/subscriptions/00000000-0000-0000-0000-000000000000/resourcegroups/storage-v2rt-repro/providers/Microsoft.Authorization/locks/DontDelete","type":"Microsoft.Authorization/locks","name":"DontDelete"},{"properties":{"level":"CanNotDelete"},"id":"/subscriptions/00000000-0000-0000-0000-000000000000/resourceGroups/jlrg1/providers/Microsoft.Authorization/locks/dl","type":"Microsoft.Authorization/locks","name":"dl"},{"properties":{"level":"CanNotDelete"},"id":"/subscriptions/00000000-0000-0000-0000-000000000000/resourceGroups/bim-rg/providers/Microsoft.Authorization/locks/bim-lock","type":"Microsoft.Authorization/locks","name":"bim-lock"}]}'
    headers:
      cache-control:
      - no-cache
      content-length:
      - '5491'
      content-type:
      - application/json; charset=utf-8
      date:
      - Fri, 07 Feb 2020 16:41:40 GMT
      expires:
      - '-1'
      pragma:
      - no-cache
      strict-transport-security:
      - max-age=31536000; includeSubDomains
      transfer-encoding:
      - chunked
      vary:
      - Accept-Encoding,Accept-Encoding
      x-content-type-options:
      - nosniff
    status:
      code: 200
      message: OK
- request:
    body: null
    headers:
      Accept:
      - application/json
      Accept-Encoding:
      - gzip, deflate
      CommandName:
      - resource lock delete
      Connection:
      - keep-alive
      Content-Length:
      - '0'
      ParameterSetName:
      - --name --resource
      User-Agent:
      - python/3.6.8 (Windows-10-10.0.18362-SP0) msrest/0.6.10 msrest_azure/0.6.2
        azure-mgmt-resource/8.0.1 Azure-SDK-For-Python AZURECLI/2.0.81
      accept-language:
      - en-US
    method: DELETE
    uri: https://management.azure.com/subscriptions/00000000-0000-0000-0000-000000000000/resourcegroups/cli_test_lock_with_resource_id000001/providers/Microsoft.Network/virtualNetworks/cli-lock-vnet000002/providers/Microsoft.Authorization/locks/cli-test-lock000004?api-version=2016-09-01
  response:
    body:
      string: ''
    headers:
      cache-control:
      - no-cache
      content-length:
      - '0'
      date:
      - Fri, 07 Feb 2020 16:41:40 GMT
      expires:
      - '-1'
      pragma:
      - no-cache
      strict-transport-security:
      - max-age=31536000; includeSubDomains
      x-content-type-options:
      - nosniff
      x-ms-ratelimit-remaining-subscription-deletes:
      - '14997'
    status:
      code: 200
      message: OK
- request:
    body: null
    headers:
      Accept:
      - application/json
      Accept-Encoding:
      - gzip, deflate
      CommandName:
      - lock delete
      Connection:
      - keep-alive
      ParameterSetName:
      - --name --resource
      User-Agent:
      - python/3.6.8 (Windows-10-10.0.18362-SP0) msrest/0.6.10 msrest_azure/0.6.2
        azure-mgmt-resource/8.0.1 Azure-SDK-For-Python AZURECLI/2.0.81
      accept-language:
      - en-US
    method: GET
    uri: https://management.azure.com/subscriptions/00000000-0000-0000-0000-000000000000/providers/Microsoft.Authorization/locks?api-version=2016-09-01
  response:
    body:
      string: '{"value":[{"properties":{"level":"CanNotDelete"},"id":"/subscriptions/00000000-0000-0000-0000-000000000000/resourceGroups/harold-test/providers/Microsoft.Authorization/locks/from
        delete","type":"Microsoft.Authorization/locks","name":"from delete"},{"properties":{"level":"CanNotDelete"},"id":"/subscriptions/00000000-0000-0000-0000-000000000000/resourcegroups/cli_test_lock_with_resource_id000001/providers/Microsoft.Network/virtualNetworks/cli-lock-vnet000002/subnets/cli-lock-subnet000003/providers/Microsoft.Authorization/locks/cli-test-lock000005","type":"Microsoft.Authorization/locks","name":"cli-test-lock000005"},{"properties":{"level":"CanNotDelete","notes":"avoid
        delete"},"id":"/subscriptions/00000000-0000-0000-0000-000000000000/resourceGroups/yu-test-rg/providers/Microsoft.Authorization/locks/avoid_delete","type":"Microsoft.Authorization/locks","name":"avoid_delete"},{"properties":{"level":"CanNotDelete"},"id":"/subscriptions/00000000-0000-0000-0000-000000000000/resourcegroups/feng-cli-rg/providers/Microsoft.Storage/storageAccounts/fengsa/providers/Microsoft.Authorization/locks/no-delete","type":"Microsoft.Authorization/locks","name":"no-delete"},{"properties":{"level":"CanNotDelete","notes":"Auto-created
        by Azure Backup for storage accounts registered with a Recovery Services Vault.
        This lock is intended to guard against deletion of backups due to accidental
        deletion of the storage account."},"id":"/subscriptions/00000000-0000-0000-0000-000000000000/resourcegroups/clitest.rg6i4hl6iakg/providers/microsoft.storage/storageAccounts/clitestu3p7a7ib4n4y7gt4m/providers/Microsoft.Authorization/locks/AzureBackupProtectionLock","type":"Microsoft.Authorization/locks","name":"AzureBackupProtectionLock"},{"properties":{"level":"CanNotDelete","notes":""},"id":"/subscriptions/00000000-0000-0000-0000-000000000000/resourceGroups/new-experiences/providers/Microsoft.Authorization/locks/NO-DELETE","type":"Microsoft.Authorization/locks","name":"NO-DELETE"},{"properties":{"level":"CanNotDelete"},"id":"/subscriptions/00000000-0000-0000-0000-000000000000/resourceGroups/zuh/providers/Microsoft.Authorization/locks/delete","type":"Microsoft.Authorization/locks","name":"delete"},{"properties":{"level":"CanNotDelete","notes":"wait
        until 2019.1.10"},"id":"/subscriptions/00000000-0000-0000-0000-000000000000/resourceGroups/azure-core-poc/providers/Microsoft.Authorization/locks/keep","type":"Microsoft.Authorization/locks","name":"keep"},{"properties":{"level":"CanNotDelete"},"id":"/subscriptions/00000000-0000-0000-0000-000000000000/resourceGroups/fytest/providers/Microsoft.KeyVault/vaults/vault4848/providers/Microsoft.Authorization/locks/l","type":"Microsoft.Authorization/locks","name":"l"},{"properties":{"level":"CanNotDelete"},"id":"/subscriptions/00000000-0000-0000-0000-000000000000/resourceGroups/fytest/providers/Microsoft.Compute/diskEncryptionSets/des1/providers/Microsoft.Authorization/locks/l","type":"Microsoft.Authorization/locks","name":"l"},{"properties":{"level":"CanNotDelete","notes":"In
        case of deleting by incident"},"id":"/subscriptions/00000000-0000-0000-0000-000000000000/resourcegroups/azuresdktest_reserved/providers/Microsoft.Authorization/locks/LockReservedResources","type":"Microsoft.Authorization/locks","name":"LockReservedResources"},{"properties":{"level":"CanNotDelete"},"id":"/subscriptions/00000000-0000-0000-0000-000000000000/resourceGroups/azure-cli-test-rg/providers/Microsoft.Authorization/locks/lock_test_resources","type":"Microsoft.Authorization/locks","name":"lock_test_resources"},{"properties":{"level":"CanNotDelete","notes":"for
        msal test"},"id":"/subscriptions/00000000-0000-0000-0000-000000000000/resourceGroups/yeming/providers/Microsoft.Authorization/locks/yeliu","type":"Microsoft.Authorization/locks","name":"yeliu"},{"properties":{"level":"CanNotDelete"},"id":"/subscriptions/00000000-0000-0000-0000-000000000000/resourceGroups/qianwens/providers/Microsoft.Authorization/locks/donotdelete","type":"Microsoft.Authorization/locks","name":"donotdelete"},{"properties":{"level":"CanNotDelete"},"id":"/subscriptions/00000000-0000-0000-0000-000000000000/resourceGroups/jlvm2rg/providers/Microsoft.Authorization/locks/dl","type":"Microsoft.Authorization/locks","name":"dl"},{"properties":{"level":"CanNotDelete","notes":"for
        customer issue repro  (snowflake)"},"id":"/subscriptions/00000000-0000-0000-0000-000000000000/resourcegroups/storage-v2rt-repro/providers/Microsoft.Authorization/locks/DontDelete","type":"Microsoft.Authorization/locks","name":"DontDelete"},{"properties":{"level":"CanNotDelete"},"id":"/subscriptions/00000000-0000-0000-0000-000000000000/resourceGroups/jlrg1/providers/Microsoft.Authorization/locks/dl","type":"Microsoft.Authorization/locks","name":"dl"},{"properties":{"level":"CanNotDelete"},"id":"/subscriptions/00000000-0000-0000-0000-000000000000/resourceGroups/bim-rg/providers/Microsoft.Authorization/locks/bim-lock","type":"Microsoft.Authorization/locks","name":"bim-lock"}]}'
    headers:
      cache-control:
      - no-cache
      content-length:
      - '5036'
      content-type:
      - application/json; charset=utf-8
      date:
      - Fri, 07 Feb 2020 16:41:41 GMT
      expires:
      - '-1'
      pragma:
      - no-cache
      strict-transport-security:
      - max-age=31536000; includeSubDomains
      transfer-encoding:
      - chunked
      vary:
      - Accept-Encoding,Accept-Encoding
      x-content-type-options:
      - nosniff
    status:
      code: 200
      message: OK
- request:
    body: null
    headers:
      Accept:
      - application/json
      Accept-Encoding:
      - gzip, deflate
      CommandName:
      - lock delete
      Connection:
      - keep-alive
      Content-Length:
      - '0'
      ParameterSetName:
      - --name --resource
      User-Agent:
      - python/3.6.8 (Windows-10-10.0.18362-SP0) msrest/0.6.10 msrest_azure/0.6.2
        azure-mgmt-resource/8.0.1 Azure-SDK-For-Python AZURECLI/2.0.81
      accept-language:
      - en-US
    method: DELETE
    uri: https://management.azure.com/subscriptions/00000000-0000-0000-0000-000000000000/resourcegroups/cli_test_lock_with_resource_id000001/providers/Microsoft.Network/virtualNetworks/cli-lock-vnet000002/subnets/cli-lock-subnet000003/providers/Microsoft.Authorization/locks/cli-test-lock000005?api-version=2016-09-01
  response:
    body:
      string: ''
    headers:
      cache-control:
      - no-cache
      content-length:
      - '0'
      date:
      - Fri, 07 Feb 2020 16:41:41 GMT
      expires:
      - '-1'
      pragma:
      - no-cache
      strict-transport-security:
      - max-age=31536000; includeSubDomains
      x-content-type-options:
      - nosniff
      x-ms-ratelimit-remaining-subscription-deletes:
      - '14998'
    status:
      code: 200
      message: OK
version: 1
