interactions:
- request:
    body: null
    headers:
      Accept:
      - application/json
      Accept-Encoding:
      - gzip, deflate
      CommandName:
      - identity create
      Connection:
      - keep-alive
      ParameterSetName:
      - -g -n --tags
      User-Agent:
      - AZURECLI/2.44.1 azsdk-python-azure-mgmt-resource/22.0.0 Python/3.10.9 (Linux-5.15.0-1031-azure-x86_64-with-glibc2.31)
        VSTS_7b238909-6802-4b65-b90d-184bca47f458_build_220_0
    method: GET
    uri: https://management.azure.com/subscriptions/00000000-0000-0000-0000-000000000000/resourcegroups/cli_test_policy_identity_userassigned000001?api-version=2022-09-01
  response:
    body:
      string: '{"id":"/subscriptions/00000000-0000-0000-0000-000000000000/resourceGroups/cli_test_policy_identity_userassigned000001","name":"cli_test_policy_identity_userassigned000001","type":"Microsoft.Resources/resourceGroups","location":"westus","tags":{"product":"azurecli","cause":"automation","date":"2023-01-28T14:21:24Z"},"properties":{"provisioningState":"Succeeded"}}'
    headers:
      cache-control:
      - no-cache
      content-length:
      - '364'
      content-type:
      - application/json; charset=utf-8
      date:
      - Sat, 28 Jan 2023 14:21:24 GMT
      expires:
      - '-1'
      pragma:
      - no-cache
      strict-transport-security:
      - max-age=31536000; includeSubDomains
      vary:
      - Accept-Encoding
      x-content-type-options:
      - nosniff
    status:
      code: 200
      message: OK
- request:
    body: '{"tags": {"tag1": "d1"}, "location": "westus"}'
    headers:
      Accept:
      - application/json
      Accept-Encoding:
      - gzip, deflate
      CommandName:
      - identity create
      Connection:
      - keep-alive
      Content-Length:
      - '46'
      Content-Type:
      - application/json
      ParameterSetName:
      - -g -n --tags
      User-Agent:
      - AZURECLI/2.44.1 azsdk-python-azure-mgmt-msi/6.1.0 Python/3.10.9 (Linux-5.15.0-1031-azure-x86_64-with-glibc2.31)
        VSTS_7b238909-6802-4b65-b90d-184bca47f458_build_220_0
    method: PUT
    uri: https://management.azure.com/subscriptions/00000000-0000-0000-0000-000000000000/resourceGroups/cli_test_policy_identity_userassigned000001/providers/Microsoft.ManagedIdentity/userAssignedIdentities/policyCliTestMsi?api-version=2022-01-31-preview
  response:
    body:
      string: '{"id":"/subscriptions/00000000-0000-0000-0000-000000000000/resourcegroups/cli_test_policy_identity_userassigned000001/providers/Microsoft.ManagedIdentity/userAssignedIdentities/policyCliTestMsi","name":"policyCliTestMsi","type":"Microsoft.ManagedIdentity/userAssignedIdentities","location":"westus","tags":{"tag1":"d1"},"properties":{"tenantId":"54826b22-38d6-4fb2-bad9-b7b93a3e9c5a","principalId":"e53e1e82-125d-4705-871a-47d123bcdf55","clientId":"1a6a01c8-e8f9-4926-a373-e713f2cc4745"}}'
    headers:
      cache-control:
      - no-cache
      content-length:
      - '488'
      content-type:
      - application/json; charset=utf-8
      date:
      - Sat, 28 Jan 2023 14:21:26 GMT
      expires:
      - '-1'
      location:
      - /subscriptions/00000000-0000-0000-0000-000000000000/resourcegroups/cli_test_policy_identity_userassigned000001/providers/Microsoft.ManagedIdentity/userAssignedIdentities/policyCliTestMsi
      pragma:
      - no-cache
      strict-transport-security:
      - max-age=31536000; includeSubDomains
      x-content-type-options:
      - nosniff
      x-ms-ratelimit-remaining-subscription-writes:
      - '1190'
    status:
      code: 201
      message: Created
- request:
    body: null
    headers:
      Accept:
      - application/json
      Accept-Encoding:
      - gzip, deflate
      CommandName:
      - policy assignment create
      Connection:
      - keep-alive
      ParameterSetName:
      - --policy -n -g --location --mi-user-assigned --enforcement-mode
      User-Agent:
      - AZURECLI/2.44.1 azsdk-python-azure-mgmt-resource/22.0.0 Python/3.10.9 (Linux-5.15.0-1031-azure-x86_64-with-glibc2.31)
        VSTS_7b238909-6802-4b65-b90d-184bca47f458_build_220_0
    method: GET
    uri: https://management.azure.com/subscriptions/00000000-0000-0000-0000-000000000000/providers/Microsoft.Authorization/policyDefinitions/06a78e20-9358-41c9-923c-fb736d382a4d?api-version=2021-06-01
  response:
    body:
      string: '{"error":{"code":"PolicyDefinitionNotFound","message":"The policy definition
        ''06a78e20-9358-41c9-923c-fb736d382a4d'' could not be found."}}'
    headers:
      cache-control:
      - no-store, no-cache
      content-length:
      - '138'
      content-type:
      - application/json
      date:
      - Sat, 28 Jan 2023 14:21:26 GMT
      expires:
      - '-1'
      pragma:
      - no-cache
      server:
      - Kestrel
      strict-transport-security:
      - max-age=31536000; includeSubDomains
      x-content-type-options:
      - nosniff
    status:
      code: 404
      message: Not Found
- request:
    body: null
    headers:
      Accept:
      - application/json
      Accept-Encoding:
      - gzip, deflate
      CommandName:
      - policy assignment create
      Connection:
      - keep-alive
      ParameterSetName:
      - --policy -n -g --location --mi-user-assigned --enforcement-mode
      User-Agent:
      - AZURECLI/2.44.1 azsdk-python-azure-mgmt-resource/22.0.0 Python/3.10.9 (Linux-5.15.0-1031-azure-x86_64-with-glibc2.31)
        VSTS_7b238909-6802-4b65-b90d-184bca47f458_build_220_0
    method: GET
    uri: https://management.azure.com/providers/Microsoft.Authorization/policyDefinitions/06a78e20-9358-41c9-923c-fb736d382a4d?api-version=2021-06-01
  response:
    body:
      string: '{"properties":{"displayName":"Audit VMs that do not use managed disks","policyType":"BuiltIn","mode":"All","description":"This
        policy audits VMs that do not use managed disks","metadata":{"version":"1.0.0","category":"Compute"},"parameters":{},"policyRule":{"if":{"anyOf":[{"allOf":[{"field":"type","equals":"Microsoft.Compute/virtualMachines"},{"field":"Microsoft.Compute/virtualMachines/osDisk.uri","exists":"True"}]},{"allOf":[{"field":"type","equals":"Microsoft.Compute/VirtualMachineScaleSets"},{"anyOf":[{"field":"Microsoft.Compute/VirtualMachineScaleSets/osDisk.vhdContainers","exists":"True"},{"field":"Microsoft.Compute/VirtualMachineScaleSets/osdisk.imageUrl","exists":"True"}]}]}]},"then":{"effect":"audit"}}},"id":"/providers/Microsoft.Authorization/policyDefinitions/06a78e20-9358-41c9-923c-fb736d382a4d","type":"Microsoft.Authorization/policyDefinitions","name":"06a78e20-9358-41c9-923c-fb736d382a4d"}'
    headers:
      cache-control:
      - no-cache
      content-length:
      - '915'
      content-type:
      - application/json; charset=utf-8
      date:
      - Sat, 28 Jan 2023 14:21:26 GMT
      expires:
      - '-1'
      pragma:
      - no-cache
      server:
      - Kestrel
      strict-transport-security:
      - max-age=31536000; includeSubDomains
      transfer-encoding:
      - chunked
      vary:
      - Accept-Encoding
      x-content-type-options:
      - nosniff
    status:
      code: 200
      message: OK
- request:
    body: '{"location": "westus", "identity": {"type": "UserAssigned", "userAssignedIdentities":
      {"/subscriptions/00000000-0000-0000-0000-000000000000/resourceGroups/cli_test_policy_identity_userassigned000001/providers/Microsoft.ManagedIdentity/userAssignedIdentities/policyCliTestMsi":
      {}}}, "properties": {"policyDefinitionId": "/providers/Microsoft.Authorization/policyDefinitions/06a78e20-9358-41c9-923c-fb736d382a4d",
      "enforcementMode": "DoNotEnforce"}}'
    headers:
      Accept:
      - application/json
      Accept-Encoding:
      - gzip, deflate
      CommandName:
      - policy assignment create
      Connection:
      - keep-alive
      Content-Length:
      - '448'
      Content-Type:
      - application/json
      ParameterSetName:
      - --policy -n -g --location --mi-user-assigned --enforcement-mode
      User-Agent:
      - AZURECLI/2.44.1 azsdk-python-azure-mgmt-resource/22.0.0 Python/3.10.9 (Linux-5.15.0-1031-azure-x86_64-with-glibc2.31)
        VSTS_7b238909-6802-4b65-b90d-184bca47f458_build_220_0
    method: PUT
    uri: https://management.azure.com/subscriptions/00000000-0000-0000-0000-000000000000/resourceGroups/cli_test_policy_identity_userassigned000001/providers/Microsoft.Authorization/policyAssignments/azurecli-test-assignment000002?api-version=2021-06-01
  response:
    body:
      string: '{"identity":{"type":"UserAssigned","userAssignedIdentities":{"/subscriptions/00000000-0000-0000-0000-000000000000/resourceGroups/cli_test_policy_identity_userassigned000001/providers/Microsoft.ManagedIdentity/userAssignedIdentities/policyCliTestMsi":{"principalId":"e53e1e82-125d-4705-871a-47d123bcdf55","clientId":"1a6a01c8-e8f9-4926-a373-e713f2cc4745"}}},"properties":{"policyDefinitionId":"/providers/Microsoft.Authorization/policyDefinitions/06a78e20-9358-41c9-923c-fb736d382a4d","scope":"/subscriptions/00000000-0000-0000-0000-000000000000/resourceGroups/cli_test_policy_identity_userassigned000001","metadata":{"createdBy":"6b30bdc6-696a-46fb-82d7-739c2fb147b7","createdOn":"2023-01-28T14:21:27.8781653Z","updatedBy":null,"updatedOn":null},"enforcementMode":"DoNotEnforce"},"id":"/subscriptions/00000000-0000-0000-0000-000000000000/resourceGroups/cli_test_policy_identity_userassigned000001/providers/Microsoft.Authorization/policyAssignments/azurecli-test-assignment000002","type":"Microsoft.Authorization/policyAssignments","name":"azurecli-test-assignment000002","location":"westus","systemData":{"createdBy":"azureclilivetest@azuresdkteam.onmicrosoft.com","createdByType":"User","createdAt":"2023-01-28T14:21:27.2004286Z","lastModifiedBy":"azureclilivetest@azuresdkteam.onmicrosoft.com","lastModifiedByType":"User","lastModifiedAt":"2023-01-28T14:21:27.2004286Z"}}'
    headers:
      cache-control:
      - no-cache
      content-length:
      - '1374'
      content-type:
      - application/json; charset=utf-8
      date:
      - Sat, 28 Jan 2023 14:21:27 GMT
      expires:
      - '-1'
      pragma:
      - no-cache
      server:
      - Kestrel
      strict-transport-security:
      - max-age=31536000; includeSubDomains
      x-content-type-options:
      - nosniff
      x-ms-ratelimit-remaining-subscription-writes:
      - '1193'
    status:
      code: 201
      message: Created
- request:
    body: null
    headers:
      Accept:
      - application/json
      Accept-Encoding:
      - gzip, deflate
      CommandName:
      - policy assignment identity show
      Connection:
      - keep-alive
      ParameterSetName:
      - -n -g
      User-Agent:
      - AZURECLI/2.44.1 azsdk-python-azure-mgmt-resource/22.0.0 Python/3.10.9 (Linux-5.15.0-1031-azure-x86_64-with-glibc2.31)
        VSTS_7b238909-6802-4b65-b90d-184bca47f458_build_220_0
    method: GET
    uri: https://management.azure.com/subscriptions/00000000-0000-0000-0000-000000000000/resourceGroups/cli_test_policy_identity_userassigned000001/providers/Microsoft.Authorization/policyAssignments/azurecli-test-assignment000002?api-version=2021-06-01
  response:
    body:
      string: '{"identity":{"type":"UserAssigned","userAssignedIdentities":{"/subscriptions/00000000-0000-0000-0000-000000000000/resourceGroups/cli_test_policy_identity_userassigned000001/providers/Microsoft.ManagedIdentity/userAssignedIdentities/policyCliTestMsi":{"principalId":"e53e1e82-125d-4705-871a-47d123bcdf55","clientId":"1a6a01c8-e8f9-4926-a373-e713f2cc4745"}}},"properties":{"policyDefinitionId":"/providers/Microsoft.Authorization/policyDefinitions/06a78e20-9358-41c9-923c-fb736d382a4d","scope":"/subscriptions/00000000-0000-0000-0000-000000000000/resourceGroups/cli_test_policy_identity_userassigned000001","metadata":{"createdBy":"6b30bdc6-696a-46fb-82d7-739c2fb147b7","createdOn":"2023-01-28T14:21:27.8781653Z","updatedBy":null,"updatedOn":null},"enforcementMode":"DoNotEnforce"},"id":"/subscriptions/00000000-0000-0000-0000-000000000000/resourceGroups/cli_test_policy_identity_userassigned000001/providers/Microsoft.Authorization/policyAssignments/azurecli-test-assignment000002","type":"Microsoft.Authorization/policyAssignments","name":"azurecli-test-assignment000002","location":"westus","systemData":{"createdBy":"azureclilivetest@azuresdkteam.onmicrosoft.com","createdByType":"User","createdAt":"2023-01-28T14:21:27.2004286Z","lastModifiedBy":"azureclilivetest@azuresdkteam.onmicrosoft.com","lastModifiedByType":"User","lastModifiedAt":"2023-01-28T14:21:27.2004286Z"}}'
    headers:
      cache-control:
      - no-cache
      content-length:
      - '1374'
      content-type:
      - application/json; charset=utf-8
      date:
      - Sat, 28 Jan 2023 14:21:27 GMT
      expires:
      - '-1'
      pragma:
      - no-cache
      server:
      - Kestrel
      strict-transport-security:
      - max-age=31536000; includeSubDomains
      transfer-encoding:
      - chunked
      vary:
      - Accept-Encoding
      x-content-type-options:
      - nosniff
    status:
      code: 200
      message: OK
- request:
    body: null
    headers:
      Accept:
      - application/json
      Accept-Encoding:
      - gzip, deflate
      CommandName:
      - policy assignment update
      Connection:
      - keep-alive
      ParameterSetName:
      - -n -g --description
      User-Agent:
      - AZURECLI/2.44.1 azsdk-python-azure-mgmt-resource/22.0.0 Python/3.10.9 (Linux-5.15.0-1031-azure-x86_64-with-glibc2.31)
        VSTS_7b238909-6802-4b65-b90d-184bca47f458_build_220_0
    method: GET
    uri: https://management.azure.com/subscriptions/00000000-0000-0000-0000-000000000000/resourceGroups/cli_test_policy_identity_userassigned000001/providers/Microsoft.Authorization/policyAssignments/azurecli-test-assignment000002?api-version=2021-06-01
  response:
    body:
      string: '{"identity":{"type":"UserAssigned","userAssignedIdentities":{"/subscriptions/00000000-0000-0000-0000-000000000000/resourceGroups/cli_test_policy_identity_userassigned000001/providers/Microsoft.ManagedIdentity/userAssignedIdentities/policyCliTestMsi":{"principalId":"e53e1e82-125d-4705-871a-47d123bcdf55","clientId":"1a6a01c8-e8f9-4926-a373-e713f2cc4745"}}},"properties":{"policyDefinitionId":"/providers/Microsoft.Authorization/policyDefinitions/06a78e20-9358-41c9-923c-fb736d382a4d","scope":"/subscriptions/00000000-0000-0000-0000-000000000000/resourceGroups/cli_test_policy_identity_userassigned000001","metadata":{"createdBy":"6b30bdc6-696a-46fb-82d7-739c2fb147b7","createdOn":"2023-01-28T14:21:27.8781653Z","updatedBy":null,"updatedOn":null},"enforcementMode":"DoNotEnforce"},"id":"/subscriptions/00000000-0000-0000-0000-000000000000/resourceGroups/cli_test_policy_identity_userassigned000001/providers/Microsoft.Authorization/policyAssignments/azurecli-test-assignment000002","type":"Microsoft.Authorization/policyAssignments","name":"azurecli-test-assignment000002","location":"westus","systemData":{"createdBy":"azureclilivetest@azuresdkteam.onmicrosoft.com","createdByType":"User","createdAt":"2023-01-28T14:21:27.2004286Z","lastModifiedBy":"azureclilivetest@azuresdkteam.onmicrosoft.com","lastModifiedByType":"User","lastModifiedAt":"2023-01-28T14:21:27.2004286Z"}}'
    headers:
      cache-control:
      - no-cache
      content-length:
      - '1374'
      content-type:
      - application/json; charset=utf-8
      date:
      - Sat, 28 Jan 2023 14:21:27 GMT
      expires:
      - '-1'
      pragma:
      - no-cache
      server:
      - Kestrel
      strict-transport-security:
      - max-age=31536000; includeSubDomains
      transfer-encoding:
      - chunked
      vary:
      - Accept-Encoding
      x-content-type-options:
      - nosniff
    status:
      code: 200
      message: OK
- request:
    body: '{"location": "westus", "identity": {"type": "UserAssigned", "userAssignedIdentities":
      {"/subscriptions/00000000-0000-0000-0000-000000000000/resourceGroups/cli_test_policy_identity_userassigned000001/providers/Microsoft.ManagedIdentity/userAssignedIdentities/policyCliTestMsi":
      {}}}, "properties": {"policyDefinitionId": "/providers/Microsoft.Authorization/policyDefinitions/06a78e20-9358-41c9-923c-fb736d382a4d",
      "description": "New description", "metadata": {"createdBy": "6b30bdc6-696a-46fb-82d7-739c2fb147b7",
      "createdOn": "2023-01-28T14:21:27.8781653Z", "updatedBy": null, "updatedOn":
      null}, "enforcementMode": "DoNotEnforce"}}'
    headers:
      Accept:
      - application/json
      Accept-Encoding:
      - gzip, deflate
      CommandName:
      - policy assignment update
      Connection:
      - keep-alive
      Content-Length:
      - '632'
      Content-Type:
      - application/json
      ParameterSetName:
      - -n -g --description
      User-Agent:
      - AZURECLI/2.44.1 azsdk-python-azure-mgmt-resource/22.0.0 Python/3.10.9 (Linux-5.15.0-1031-azure-x86_64-with-glibc2.31)
        VSTS_7b238909-6802-4b65-b90d-184bca47f458_build_220_0
    method: PUT
    uri: https://management.azure.com/subscriptions/00000000-0000-0000-0000-000000000000/resourceGroups/cli_test_policy_identity_userassigned000001/providers/Microsoft.Authorization/policyAssignments/azurecli-test-assignment000002?api-version=2021-06-01
  response:
    body:
      string: '{"identity":{"type":"UserAssigned","userAssignedIdentities":{"/subscriptions/00000000-0000-0000-0000-000000000000/resourceGroups/cli_test_policy_identity_userassigned000001/providers/Microsoft.ManagedIdentity/userAssignedIdentities/policyCliTestMsi":{"principalId":"e53e1e82-125d-4705-871a-47d123bcdf55","clientId":"1a6a01c8-e8f9-4926-a373-e713f2cc4745"}}},"properties":{"policyDefinitionId":"/providers/Microsoft.Authorization/policyDefinitions/06a78e20-9358-41c9-923c-fb736d382a4d","scope":"/subscriptions/00000000-0000-0000-0000-000000000000/resourceGroups/cli_test_policy_identity_userassigned000001","description":"New
        description","metadata":{"createdBy":"6b30bdc6-696a-46fb-82d7-739c2fb147b7","createdOn":"2023-01-28T14:21:27.8781653Z","updatedBy":"6b30bdc6-696a-46fb-82d7-739c2fb147b7","updatedOn":"2023-01-28T14:21:28.7127096Z"},"enforcementMode":"DoNotEnforce"},"id":"/subscriptions/00000000-0000-0000-0000-000000000000/resourceGroups/cli_test_policy_identity_userassigned000001/providers/Microsoft.Authorization/policyAssignments/azurecli-test-assignment000002","type":"Microsoft.Authorization/policyAssignments","name":"azurecli-test-assignment000002","location":"westus","systemData":{"createdBy":"azureclilivetest@azuresdkteam.onmicrosoft.com","createdByType":"User","createdAt":"2023-01-28T14:21:27.2004286Z","lastModifiedBy":"azureclilivetest@azuresdkteam.onmicrosoft.com","lastModifiedByType":"User","lastModifiedAt":"2023-01-28T14:21:28.227004Z"}}'
    headers:
      cache-control:
      - no-cache
      content-length:
      - '1465'
      content-type:
      - application/json; charset=utf-8
      date:
      - Sat, 28 Jan 2023 14:21:28 GMT
      expires:
      - '-1'
      pragma:
      - no-cache
      server:
      - Kestrel
      strict-transport-security:
      - max-age=31536000; includeSubDomains
      x-content-type-options:
      - nosniff
      x-ms-ratelimit-remaining-subscription-writes:
      - '1176'
    status:
      code: 201
      message: Created
- request:
    body: null
    headers:
      Accept:
      - application/json
      Accept-Encoding:
      - gzip, deflate
      CommandName:
      - policy assignment identity remove
      Connection:
      - keep-alive
      ParameterSetName:
      - -n -g
      User-Agent:
      - AZURECLI/2.44.1 azsdk-python-azure-mgmt-resource/22.0.0 Python/3.10.9 (Linux-5.15.0-1031-azure-x86_64-with-glibc2.31)
        VSTS_7b238909-6802-4b65-b90d-184bca47f458_build_220_0
    method: GET
    uri: https://management.azure.com/subscriptions/00000000-0000-0000-0000-000000000000/resourceGroups/cli_test_policy_identity_userassigned000001/providers/Microsoft.Authorization/policyAssignments/azurecli-test-assignment000002?api-version=2021-06-01
  response:
    body:
      string: '{"identity":{"type":"UserAssigned","userAssignedIdentities":{"/subscriptions/00000000-0000-0000-0000-000000000000/resourceGroups/cli_test_policy_identity_userassigned000001/providers/Microsoft.ManagedIdentity/userAssignedIdentities/policyCliTestMsi":{"principalId":"e53e1e82-125d-4705-871a-47d123bcdf55","clientId":"1a6a01c8-e8f9-4926-a373-e713f2cc4745"}}},"properties":{"policyDefinitionId":"/providers/Microsoft.Authorization/policyDefinitions/06a78e20-9358-41c9-923c-fb736d382a4d","scope":"/subscriptions/00000000-0000-0000-0000-000000000000/resourceGroups/cli_test_policy_identity_userassigned000001","description":"New
        description","metadata":{"createdBy":"6b30bdc6-696a-46fb-82d7-739c2fb147b7","createdOn":"2023-01-28T14:21:27.8781653Z","updatedBy":"6b30bdc6-696a-46fb-82d7-739c2fb147b7","updatedOn":"2023-01-28T14:21:28.7127096Z"},"enforcementMode":"DoNotEnforce"},"id":"/subscriptions/00000000-0000-0000-0000-000000000000/resourceGroups/cli_test_policy_identity_userassigned000001/providers/Microsoft.Authorization/policyAssignments/azurecli-test-assignment000002","type":"Microsoft.Authorization/policyAssignments","name":"azurecli-test-assignment000002","location":"westus","systemData":{"createdBy":"azureclilivetest@azuresdkteam.onmicrosoft.com","createdByType":"User","createdAt":"2023-01-28T14:21:27.2004286Z","lastModifiedBy":"azureclilivetest@azuresdkteam.onmicrosoft.com","lastModifiedByType":"User","lastModifiedAt":"2023-01-28T14:21:28.227004Z"}}'
    headers:
      cache-control:
      - no-cache
      content-length:
      - '1465'
      content-type:
      - application/json; charset=utf-8
      date:
      - Sat, 28 Jan 2023 14:21:28 GMT
      expires:
      - '-1'
      pragma:
      - no-cache
      server:
      - Kestrel
      strict-transport-security:
      - max-age=31536000; includeSubDomains
      transfer-encoding:
      - chunked
      vary:
      - Accept-Encoding
      x-content-type-options:
      - nosniff
    status:
      code: 200
      message: OK
- request:
    body: '{"location": "westus", "identity": {"type": "None"}, "properties": {"policyDefinitionId":
      "/providers/Microsoft.Authorization/policyDefinitions/06a78e20-9358-41c9-923c-fb736d382a4d",
      "description": "New description", "metadata": {"createdBy": "6b30bdc6-696a-46fb-82d7-739c2fb147b7",
      "createdOn": "2023-01-28T14:21:27.8781653Z", "updatedBy": "6b30bdc6-696a-46fb-82d7-739c2fb147b7",
      "updatedOn": "2023-01-28T14:21:28.7127096Z"}, "enforcementMode": "DoNotEnforce"}}'
    headers:
      Accept:
      - application/json
      Accept-Encoding:
      - gzip, deflate
      CommandName:
      - policy assignment identity remove
      Connection:
      - keep-alive
      Content-Length:
      - '462'
      Content-Type:
      - application/json
      ParameterSetName:
      - -n -g
      User-Agent:
      - AZURECLI/2.44.1 azsdk-python-azure-mgmt-resource/22.0.0 Python/3.10.9 (Linux-5.15.0-1031-azure-x86_64-with-glibc2.31)
        VSTS_7b238909-6802-4b65-b90d-184bca47f458_build_220_0
    method: PUT
    uri: https://management.azure.com/subscriptions/00000000-0000-0000-0000-000000000000/resourceGroups/cli_test_policy_identity_userassigned000001/providers/Microsoft.Authorization/policyAssignments/azurecli-test-assignment000002?api-version=2021-06-01
  response:
    body:
      string: '{"identity":{"type":"None"},"properties":{"policyDefinitionId":"/providers/Microsoft.Authorization/policyDefinitions/06a78e20-9358-41c9-923c-fb736d382a4d","scope":"/subscriptions/00000000-0000-0000-0000-000000000000/resourceGroups/cli_test_policy_identity_userassigned000001","description":"New
        description","metadata":{"createdBy":"6b30bdc6-696a-46fb-82d7-739c2fb147b7","createdOn":"2023-01-28T14:21:27.8781653Z","updatedBy":"6b30bdc6-696a-46fb-82d7-739c2fb147b7","updatedOn":"2023-01-28T14:21:29.0292857Z"},"enforcementMode":"DoNotEnforce"},"id":"/subscriptions/00000000-0000-0000-0000-000000000000/resourceGroups/cli_test_policy_identity_userassigned000001/providers/Microsoft.Authorization/policyAssignments/azurecli-test-assignment000002","type":"Microsoft.Authorization/policyAssignments","name":"azurecli-test-assignment000002","location":"westus","systemData":{"createdBy":"azureclilivetest@azuresdkteam.onmicrosoft.com","createdByType":"User","createdAt":"2023-01-28T14:21:27.2004286Z","lastModifiedBy":"azureclilivetest@azuresdkteam.onmicrosoft.com","lastModifiedByType":"User","lastModifiedAt":"2023-01-28T14:21:29.0034922Z"}}'
    headers:
      cache-control:
      - no-cache
      content-length:
      - '1137'
      content-type:
      - application/json; charset=utf-8
      date:
      - Sat, 28 Jan 2023 14:21:29 GMT
      expires:
      - '-1'
      pragma:
      - no-cache
      server:
      - Kestrel
      strict-transport-security:
      - max-age=31536000; includeSubDomains
      x-content-type-options:
      - nosniff
      x-ms-ratelimit-remaining-subscription-writes:
      - '1184'
    status:
      code: 201
      message: Created
- request:
    body: null
    headers:
      Accept:
      - application/json
      Accept-Encoding:
      - gzip, deflate
      CommandName:
      - policy assignment show
      Connection:
      - keep-alive
      ParameterSetName:
      - -n -g
      User-Agent:
      - AZURECLI/2.44.1 azsdk-python-azure-mgmt-resource/22.0.0 Python/3.10.9 (Linux-5.15.0-1031-azure-x86_64-with-glibc2.31)
        VSTS_7b238909-6802-4b65-b90d-184bca47f458_build_220_0
    method: GET
    uri: https://management.azure.com/subscriptions/00000000-0000-0000-0000-000000000000/resourceGroups/cli_test_policy_identity_userassigned000001/providers/Microsoft.Authorization/policyAssignments/azurecli-test-assignment000002?api-version=2021-06-01
  response:
    body:
      string: '{"identity":{"type":"None"},"properties":{"policyDefinitionId":"/providers/Microsoft.Authorization/policyDefinitions/06a78e20-9358-41c9-923c-fb736d382a4d","scope":"/subscriptions/00000000-0000-0000-0000-000000000000/resourceGroups/cli_test_policy_identity_userassigned000001","description":"New
        description","metadata":{"createdBy":"6b30bdc6-696a-46fb-82d7-739c2fb147b7","createdOn":"2023-01-28T14:21:27.8781653Z","updatedBy":"6b30bdc6-696a-46fb-82d7-739c2fb147b7","updatedOn":"2023-01-28T14:21:29.0292857Z"},"enforcementMode":"DoNotEnforce"},"id":"/subscriptions/00000000-0000-0000-0000-000000000000/resourceGroups/cli_test_policy_identity_userassigned000001/providers/Microsoft.Authorization/policyAssignments/azurecli-test-assignment000002","type":"Microsoft.Authorization/policyAssignments","name":"azurecli-test-assignment000002","location":"westus","systemData":{"createdBy":"azureclilivetest@azuresdkteam.onmicrosoft.com","createdByType":"User","createdAt":"2023-01-28T14:21:27.2004286Z","lastModifiedBy":"azureclilivetest@azuresdkteam.onmicrosoft.com","lastModifiedByType":"User","lastModifiedAt":"2023-01-28T14:21:29.0034922Z"}}'
    headers:
      cache-control:
      - no-cache
      content-length:
      - '1137'
      content-type:
      - application/json; charset=utf-8
      date:
      - Sat, 28 Jan 2023 14:21:29 GMT
      expires:
      - '-1'
      pragma:
      - no-cache
      server:
      - Kestrel
      strict-transport-security:
      - max-age=31536000; includeSubDomains
      transfer-encoding:
      - chunked
      vary:
      - Accept-Encoding
      x-content-type-options:
      - nosniff
    status:
      code: 200
      message: OK
- request:
    body: null
    headers:
      Accept:
      - application/json
      Accept-Encoding:
      - gzip, deflate
      CommandName:
      - policy assignment identity assign
      Connection:
      - keep-alive
      ParameterSetName:
      - --user-assigned -n -g
      User-Agent:
      - AZURECLI/2.44.1 azsdk-python-azure-mgmt-resource/22.0.0 Python/3.10.9 (Linux-5.15.0-1031-azure-x86_64-with-glibc2.31)
        VSTS_7b238909-6802-4b65-b90d-184bca47f458_build_220_0
    method: GET
    uri: https://management.azure.com/subscriptions/00000000-0000-0000-0000-000000000000/resourceGroups/cli_test_policy_identity_userassigned000001/providers/Microsoft.Authorization/policyAssignments/azurecli-test-assignment000002?api-version=2021-06-01
  response:
    body:
      string: '{"identity":{"type":"None"},"properties":{"policyDefinitionId":"/providers/Microsoft.Authorization/policyDefinitions/06a78e20-9358-41c9-923c-fb736d382a4d","scope":"/subscriptions/00000000-0000-0000-0000-000000000000/resourceGroups/cli_test_policy_identity_userassigned000001","description":"New
        description","metadata":{"createdBy":"6b30bdc6-696a-46fb-82d7-739c2fb147b7","createdOn":"2023-01-28T14:21:27.8781653Z","updatedBy":"6b30bdc6-696a-46fb-82d7-739c2fb147b7","updatedOn":"2023-01-28T14:21:29.0292857Z"},"enforcementMode":"DoNotEnforce"},"id":"/subscriptions/00000000-0000-0000-0000-000000000000/resourceGroups/cli_test_policy_identity_userassigned000001/providers/Microsoft.Authorization/policyAssignments/azurecli-test-assignment000002","type":"Microsoft.Authorization/policyAssignments","name":"azurecli-test-assignment000002","location":"westus","systemData":{"createdBy":"azureclilivetest@azuresdkteam.onmicrosoft.com","createdByType":"User","createdAt":"2023-01-28T14:21:27.2004286Z","lastModifiedBy":"azureclilivetest@azuresdkteam.onmicrosoft.com","lastModifiedByType":"User","lastModifiedAt":"2023-01-28T14:21:29.0034922Z"}}'
    headers:
      cache-control:
      - no-cache
      content-length:
      - '1137'
      content-type:
      - application/json; charset=utf-8
      date:
      - Sat, 28 Jan 2023 14:21:29 GMT
      expires:
      - '-1'
      pragma:
      - no-cache
      server:
      - Kestrel
      strict-transport-security:
      - max-age=31536000; includeSubDomains
      transfer-encoding:
      - chunked
      vary:
      - Accept-Encoding
      x-content-type-options:
      - nosniff
    status:
      code: 200
      message: OK
- request:
    body: '{"location": "westus", "identity": {"type": "UserAssigned", "userAssignedIdentities":
      {"/subscriptions/00000000-0000-0000-0000-000000000000/resourcegroups/cli_test_policy_identity_userassigned000001/providers/Microsoft.ManagedIdentity/userAssignedIdentities/policyCliTestMsi":
      {}}}, "properties": {"policyDefinitionId": "/providers/Microsoft.Authorization/policyDefinitions/06a78e20-9358-41c9-923c-fb736d382a4d",
      "description": "New description", "metadata": {"createdBy": "6b30bdc6-696a-46fb-82d7-739c2fb147b7",
      "createdOn": "2023-01-28T14:21:27.8781653Z", "updatedBy": "6b30bdc6-696a-46fb-82d7-739c2fb147b7",
      "updatedOn": "2023-01-28T14:21:29.0292857Z"}, "enforcementMode": "DoNotEnforce"}}'
    headers:
      Accept:
      - application/json
      Accept-Encoding:
      - gzip, deflate
      CommandName:
      - policy assignment identity assign
      Connection:
      - keep-alive
      Content-Length:
      - '692'
      Content-Type:
      - application/json
      ParameterSetName:
      - --user-assigned -n -g
      User-Agent:
      - AZURECLI/2.44.1 azsdk-python-azure-mgmt-resource/22.0.0 Python/3.10.9 (Linux-5.15.0-1031-azure-x86_64-with-glibc2.31)
        VSTS_7b238909-6802-4b65-b90d-184bca47f458_build_220_0
    method: PUT
    uri: https://management.azure.com/subscriptions/00000000-0000-0000-0000-000000000000/resourceGroups/cli_test_policy_identity_userassigned000001/providers/Microsoft.Authorization/policyAssignments/azurecli-test-assignment000002?api-version=2021-06-01
  response:
    body:
      string: '{"identity":{"type":"UserAssigned","userAssignedIdentities":{"/subscriptions/00000000-0000-0000-0000-000000000000/resourcegroups/cli_test_policy_identity_userassigned000001/providers/Microsoft.ManagedIdentity/userAssignedIdentities/policyCliTestMsi":{"principalId":"e53e1e82-125d-4705-871a-47d123bcdf55","clientId":"1a6a01c8-e8f9-4926-a373-e713f2cc4745"}}},"properties":{"policyDefinitionId":"/providers/Microsoft.Authorization/policyDefinitions/06a78e20-9358-41c9-923c-fb736d382a4d","scope":"/subscriptions/00000000-0000-0000-0000-000000000000/resourceGroups/cli_test_policy_identity_userassigned000001","description":"New
        description","metadata":{"createdBy":"6b30bdc6-696a-46fb-82d7-739c2fb147b7","createdOn":"2023-01-28T14:21:27.8781653Z","updatedBy":"6b30bdc6-696a-46fb-82d7-739c2fb147b7","updatedOn":"2023-01-28T14:21:30.8569112Z"},"enforcementMode":"DoNotEnforce"},"id":"/subscriptions/00000000-0000-0000-0000-000000000000/resourceGroups/cli_test_policy_identity_userassigned000001/providers/Microsoft.Authorization/policyAssignments/azurecli-test-assignment000002","type":"Microsoft.Authorization/policyAssignments","name":"azurecli-test-assignment000002","location":"westus","systemData":{"createdBy":"azureclilivetest@azuresdkteam.onmicrosoft.com","createdByType":"User","createdAt":"2023-01-28T14:21:27.2004286Z","lastModifiedBy":"azureclilivetest@azuresdkteam.onmicrosoft.com","lastModifiedByType":"User","lastModifiedAt":"2023-01-28T14:21:29.6679264Z"}}'
    headers:
      cache-control:
      - no-cache
      content-length:
      - '1466'
      content-type:
      - application/json; charset=utf-8
      date:
      - Sat, 28 Jan 2023 14:21:30 GMT
      expires:
      - '-1'
      pragma:
      - no-cache
      server:
      - Kestrel
      strict-transport-security:
      - max-age=31536000; includeSubDomains
      x-content-type-options:
      - nosniff
      x-ms-ratelimit-remaining-subscription-writes:
      - '1179'
    status:
      code: 201
      message: Created
- request:
    body: null
    headers:
      Accept:
      - application/json
      Accept-Encoding:
      - gzip, deflate
      CommandName:
      - policy assignment show
      Connection:
      - keep-alive
      ParameterSetName:
      - -n -g
      User-Agent:
      - AZURECLI/2.44.1 azsdk-python-azure-mgmt-resource/22.0.0 Python/3.10.9 (Linux-5.15.0-1031-azure-x86_64-with-glibc2.31)
        VSTS_7b238909-6802-4b65-b90d-184bca47f458_build_220_0
    method: GET
    uri: https://management.azure.com/subscriptions/00000000-0000-0000-0000-000000000000/resourceGroups/cli_test_policy_identity_userassigned000001/providers/Microsoft.Authorization/policyAssignments/azurecli-test-assignment000002?api-version=2021-06-01
  response:
    body:
      string: '{"identity":{"type":"UserAssigned","userAssignedIdentities":{"/subscriptions/00000000-0000-0000-0000-000000000000/resourcegroups/cli_test_policy_identity_userassigned000001/providers/Microsoft.ManagedIdentity/userAssignedIdentities/policyCliTestMsi":{"principalId":"e53e1e82-125d-4705-871a-47d123bcdf55","clientId":"1a6a01c8-e8f9-4926-a373-e713f2cc4745"}}},"properties":{"policyDefinitionId":"/providers/Microsoft.Authorization/policyDefinitions/06a78e20-9358-41c9-923c-fb736d382a4d","scope":"/subscriptions/00000000-0000-0000-0000-000000000000/resourceGroups/cli_test_policy_identity_userassigned000001","description":"New
        description","metadata":{"createdBy":"6b30bdc6-696a-46fb-82d7-739c2fb147b7","createdOn":"2023-01-28T14:21:27.8781653Z","updatedBy":"6b30bdc6-696a-46fb-82d7-739c2fb147b7","updatedOn":"2023-01-28T14:21:30.8569112Z"},"enforcementMode":"DoNotEnforce"},"id":"/subscriptions/00000000-0000-0000-0000-000000000000/resourceGroups/cli_test_policy_identity_userassigned000001/providers/Microsoft.Authorization/policyAssignments/azurecli-test-assignment000002","type":"Microsoft.Authorization/policyAssignments","name":"azurecli-test-assignment000002","location":"westus","systemData":{"createdBy":"azureclilivetest@azuresdkteam.onmicrosoft.com","createdByType":"User","createdAt":"2023-01-28T14:21:27.2004286Z","lastModifiedBy":"azureclilivetest@azuresdkteam.onmicrosoft.com","lastModifiedByType":"User","lastModifiedAt":"2023-01-28T14:21:29.6679264Z"}}'
    headers:
      cache-control:
      - no-cache
      content-length:
      - '1466'
      content-type:
      - application/json; charset=utf-8
      date:
      - Sat, 28 Jan 2023 14:21:29 GMT
      expires:
      - '-1'
      pragma:
      - no-cache
      server:
      - Kestrel
      strict-transport-security:
      - max-age=31536000; includeSubDomains
      transfer-encoding:
      - chunked
      vary:
      - Accept-Encoding
      x-content-type-options:
      - nosniff
    status:
      code: 200
      message: OK
- request:
    body: null
    headers:
      Accept:
      - application/json
      Accept-Encoding:
      - gzip, deflate
      CommandName:
      - policy assignment identity assign
      Connection:
      - keep-alive
      ParameterSetName:
      - --system-assigned -n -g
      User-Agent:
      - AZURECLI/2.44.1 azsdk-python-azure-mgmt-resource/22.0.0 Python/3.10.9 (Linux-5.15.0-1031-azure-x86_64-with-glibc2.31)
        VSTS_7b238909-6802-4b65-b90d-184bca47f458_build_220_0
    method: GET
    uri: https://management.azure.com/subscriptions/00000000-0000-0000-0000-000000000000/resourceGroups/cli_test_policy_identity_userassigned000001/providers/Microsoft.Authorization/policyAssignments/azurecli-test-assignment000002?api-version=2021-06-01
  response:
    body:
      string: '{"identity":{"type":"UserAssigned","userAssignedIdentities":{"/subscriptions/00000000-0000-0000-0000-000000000000/resourcegroups/cli_test_policy_identity_userassigned000001/providers/Microsoft.ManagedIdentity/userAssignedIdentities/policyCliTestMsi":{"principalId":"e53e1e82-125d-4705-871a-47d123bcdf55","clientId":"1a6a01c8-e8f9-4926-a373-e713f2cc4745"}}},"properties":{"policyDefinitionId":"/providers/Microsoft.Authorization/policyDefinitions/06a78e20-9358-41c9-923c-fb736d382a4d","scope":"/subscriptions/00000000-0000-0000-0000-000000000000/resourceGroups/cli_test_policy_identity_userassigned000001","description":"New
        description","metadata":{"createdBy":"6b30bdc6-696a-46fb-82d7-739c2fb147b7","createdOn":"2023-01-28T14:21:27.8781653Z","updatedBy":"6b30bdc6-696a-46fb-82d7-739c2fb147b7","updatedOn":"2023-01-28T14:21:30.8569112Z"},"enforcementMode":"DoNotEnforce"},"id":"/subscriptions/00000000-0000-0000-0000-000000000000/resourceGroups/cli_test_policy_identity_userassigned000001/providers/Microsoft.Authorization/policyAssignments/azurecli-test-assignment000002","type":"Microsoft.Authorization/policyAssignments","name":"azurecli-test-assignment000002","location":"westus","systemData":{"createdBy":"azureclilivetest@azuresdkteam.onmicrosoft.com","createdByType":"User","createdAt":"2023-01-28T14:21:27.2004286Z","lastModifiedBy":"azureclilivetest@azuresdkteam.onmicrosoft.com","lastModifiedByType":"User","lastModifiedAt":"2023-01-28T14:21:29.6679264Z"}}'
    headers:
      cache-control:
      - no-cache
      content-length:
      - '1466'
      content-type:
      - application/json; charset=utf-8
      date:
      - Sat, 28 Jan 2023 14:21:31 GMT
      expires:
      - '-1'
      pragma:
      - no-cache
      server:
      - Kestrel
      strict-transport-security:
      - max-age=31536000; includeSubDomains
      transfer-encoding:
      - chunked
      vary:
      - Accept-Encoding
      x-content-type-options:
      - nosniff
    status:
      code: 200
      message: OK
- request:
    body: '{"location": "westus", "identity": {"type": "SystemAssigned"}, "properties":
      {"policyDefinitionId": "/providers/Microsoft.Authorization/policyDefinitions/06a78e20-9358-41c9-923c-fb736d382a4d",
      "description": "New description", "metadata": {"createdBy": "6b30bdc6-696a-46fb-82d7-739c2fb147b7",
      "createdOn": "2023-01-28T14:21:27.8781653Z", "updatedBy": "6b30bdc6-696a-46fb-82d7-739c2fb147b7",
      "updatedOn": "2023-01-28T14:21:30.8569112Z"}, "enforcementMode": "DoNotEnforce"}}'
    headers:
      Accept:
      - application/json
      Accept-Encoding:
      - gzip, deflate
      CommandName:
      - policy assignment identity assign
      Connection:
      - keep-alive
      Content-Length:
      - '472'
      Content-Type:
      - application/json
      ParameterSetName:
      - --system-assigned -n -g
      User-Agent:
      - AZURECLI/2.44.1 azsdk-python-azure-mgmt-resource/22.0.0 Python/3.10.9 (Linux-5.15.0-1031-azure-x86_64-with-glibc2.31)
        VSTS_7b238909-6802-4b65-b90d-184bca47f458_build_220_0
    method: PUT
    uri: https://management.azure.com/subscriptions/00000000-0000-0000-0000-000000000000/resourceGroups/cli_test_policy_identity_userassigned000001/providers/Microsoft.Authorization/policyAssignments/azurecli-test-assignment000002?api-version=2021-06-01
  response:
    body:
      string: '{"identity":{"principalId":"e7783369-680c-47ac-8eb1-f6625c6e04a6","tenantId":"54826b22-38d6-4fb2-bad9-b7b93a3e9c5a","type":"SystemAssigned"},"properties":{"policyDefinitionId":"/providers/Microsoft.Authorization/policyDefinitions/06a78e20-9358-41c9-923c-fb736d382a4d","scope":"/subscriptions/00000000-0000-0000-0000-000000000000/resourceGroups/cli_test_policy_identity_userassigned000001","description":"New
        description","metadata":{"createdBy":"6b30bdc6-696a-46fb-82d7-739c2fb147b7","createdOn":"2023-01-28T14:21:27.8781653Z","updatedBy":"6b30bdc6-696a-46fb-82d7-739c2fb147b7","updatedOn":"2023-01-28T14:21:32.3377712Z"},"enforcementMode":"DoNotEnforce"},"id":"/subscriptions/00000000-0000-0000-0000-000000000000/resourceGroups/cli_test_policy_identity_userassigned000001/providers/Microsoft.Authorization/policyAssignments/azurecli-test-assignment000002","type":"Microsoft.Authorization/policyAssignments","name":"azurecli-test-assignment000002","location":"westus","systemData":{"createdBy":"azureclilivetest@azuresdkteam.onmicrosoft.com","createdByType":"User","createdAt":"2023-01-28T14:21:27.2004286Z","lastModifiedBy":"azureclilivetest@azuresdkteam.onmicrosoft.com","lastModifiedByType":"User","lastModifiedAt":"2023-01-28T14:21:31.1690347Z"}}'
    headers:
      cache-control:
      - no-cache
      content-length:
      - '1250'
      content-type:
      - application/json; charset=utf-8
      date:
      - Sat, 28 Jan 2023 14:21:32 GMT
      expires:
      - '-1'
      pragma:
      - no-cache
      server:
      - Kestrel
      strict-transport-security:
      - max-age=31536000; includeSubDomains
      x-content-type-options:
      - nosniff
      x-ms-ratelimit-remaining-subscription-writes:
      - '1183'
    status:
      code: 201
      message: Created
- request:
    body: null
    headers:
      Accept:
      - application/json
      Accept-Encoding:
      - gzip, deflate
      CommandName:
      - policy assignment show
      Connection:
      - keep-alive
      ParameterSetName:
      - -n -g
      User-Agent:
      - AZURECLI/2.44.1 azsdk-python-azure-mgmt-resource/22.0.0 Python/3.10.9 (Linux-5.15.0-1031-azure-x86_64-with-glibc2.31)
        VSTS_7b238909-6802-4b65-b90d-184bca47f458_build_220_0
    method: GET
    uri: https://management.azure.com/subscriptions/00000000-0000-0000-0000-000000000000/resourceGroups/cli_test_policy_identity_userassigned000001/providers/Microsoft.Authorization/policyAssignments/azurecli-test-assignment000002?api-version=2021-06-01
  response:
    body:
      string: '{"identity":{"principalId":"e7783369-680c-47ac-8eb1-f6625c6e04a6","tenantId":"54826b22-38d6-4fb2-bad9-b7b93a3e9c5a","type":"SystemAssigned"},"properties":{"policyDefinitionId":"/providers/Microsoft.Authorization/policyDefinitions/06a78e20-9358-41c9-923c-fb736d382a4d","scope":"/subscriptions/00000000-0000-0000-0000-000000000000/resourceGroups/cli_test_policy_identity_userassigned000001","description":"New
        description","metadata":{"createdBy":"6b30bdc6-696a-46fb-82d7-739c2fb147b7","createdOn":"2023-01-28T14:21:27.8781653Z","updatedBy":"6b30bdc6-696a-46fb-82d7-739c2fb147b7","updatedOn":"2023-01-28T14:21:32.3377712Z"},"enforcementMode":"DoNotEnforce"},"id":"/subscriptions/00000000-0000-0000-0000-000000000000/resourceGroups/cli_test_policy_identity_userassigned000001/providers/Microsoft.Authorization/policyAssignments/azurecli-test-assignment000002","type":"Microsoft.Authorization/policyAssignments","name":"azurecli-test-assignment000002","location":"westus","systemData":{"createdBy":"azureclilivetest@azuresdkteam.onmicrosoft.com","createdByType":"User","createdAt":"2023-01-28T14:21:27.2004286Z","lastModifiedBy":"azureclilivetest@azuresdkteam.onmicrosoft.com","lastModifiedByType":"User","lastModifiedAt":"2023-01-28T14:21:31.1690347Z"}}'
    headers:
      cache-control:
      - no-cache
      content-length:
      - '1250'
      content-type:
      - application/json; charset=utf-8
      date:
      - Sat, 28 Jan 2023 14:21:32 GMT
      expires:
      - '-1'
      pragma:
      - no-cache
      server:
      - Kestrel
      strict-transport-security:
      - max-age=31536000; includeSubDomains
      transfer-encoding:
      - chunked
      vary:
      - Accept-Encoding
      x-content-type-options:
      - nosniff
    status:
      code: 200
      message: OK
- request:
    body: null
    headers:
      Accept:
      - application/json
      Accept-Encoding:
      - gzip, deflate
      CommandName:
      - policy assignment identity remove
      Connection:
      - keep-alive
      ParameterSetName:
      - -n -g
      User-Agent:
      - AZURECLI/2.44.1 azsdk-python-azure-mgmt-resource/22.0.0 Python/3.10.9 (Linux-5.15.0-1031-azure-x86_64-with-glibc2.31)
        VSTS_7b238909-6802-4b65-b90d-184bca47f458_build_220_0
    method: GET
    uri: https://management.azure.com/subscriptions/00000000-0000-0000-0000-000000000000/resourceGroups/cli_test_policy_identity_userassigned000001/providers/Microsoft.Authorization/policyAssignments/azurecli-test-assignment000002?api-version=2021-06-01
  response:
    body:
      string: '{"identity":{"principalId":"e7783369-680c-47ac-8eb1-f6625c6e04a6","tenantId":"54826b22-38d6-4fb2-bad9-b7b93a3e9c5a","type":"SystemAssigned"},"properties":{"policyDefinitionId":"/providers/Microsoft.Authorization/policyDefinitions/06a78e20-9358-41c9-923c-fb736d382a4d","scope":"/subscriptions/00000000-0000-0000-0000-000000000000/resourceGroups/cli_test_policy_identity_userassigned000001","description":"New
        description","metadata":{"createdBy":"6b30bdc6-696a-46fb-82d7-739c2fb147b7","createdOn":"2023-01-28T14:21:27.8781653Z","updatedBy":"6b30bdc6-696a-46fb-82d7-739c2fb147b7","updatedOn":"2023-01-28T14:21:32.3377712Z"},"enforcementMode":"DoNotEnforce"},"id":"/subscriptions/00000000-0000-0000-0000-000000000000/resourceGroups/cli_test_policy_identity_userassigned000001/providers/Microsoft.Authorization/policyAssignments/azurecli-test-assignment000002","type":"Microsoft.Authorization/policyAssignments","name":"azurecli-test-assignment000002","location":"westus","systemData":{"createdBy":"azureclilivetest@azuresdkteam.onmicrosoft.com","createdByType":"User","createdAt":"2023-01-28T14:21:27.2004286Z","lastModifiedBy":"azureclilivetest@azuresdkteam.onmicrosoft.com","lastModifiedByType":"User","lastModifiedAt":"2023-01-28T14:21:31.1690347Z"}}'
    headers:
      cache-control:
      - no-cache
      content-length:
      - '1250'
      content-type:
      - application/json; charset=utf-8
      date:
      - Sat, 28 Jan 2023 14:21:32 GMT
      expires:
      - '-1'
      pragma:
      - no-cache
      server:
      - Kestrel
      strict-transport-security:
      - max-age=31536000; includeSubDomains
      transfer-encoding:
      - chunked
      vary:
      - Accept-Encoding
      x-content-type-options:
      - nosniff
    status:
      code: 200
      message: OK
- request:
    body: '{"location": "westus", "identity": {"type": "None"}, "properties": {"policyDefinitionId":
      "/providers/Microsoft.Authorization/policyDefinitions/06a78e20-9358-41c9-923c-fb736d382a4d",
      "description": "New description", "metadata": {"createdBy": "6b30bdc6-696a-46fb-82d7-739c2fb147b7",
      "createdOn": "2023-01-28T14:21:27.8781653Z", "updatedBy": "6b30bdc6-696a-46fb-82d7-739c2fb147b7",
      "updatedOn": "2023-01-28T14:21:32.3377712Z"}, "enforcementMode": "DoNotEnforce"}}'
    headers:
      Accept:
      - application/json
      Accept-Encoding:
      - gzip, deflate
      CommandName:
      - policy assignment identity remove
      Connection:
      - keep-alive
      Content-Length:
      - '462'
      Content-Type:
      - application/json
      ParameterSetName:
      - -n -g
      User-Agent:
      - AZURECLI/2.44.1 azsdk-python-azure-mgmt-resource/22.0.0 Python/3.10.9 (Linux-5.15.0-1031-azure-x86_64-with-glibc2.31)
        VSTS_7b238909-6802-4b65-b90d-184bca47f458_build_220_0
    method: PUT
    uri: https://management.azure.com/subscriptions/00000000-0000-0000-0000-000000000000/resourceGroups/cli_test_policy_identity_userassigned000001/providers/Microsoft.Authorization/policyAssignments/azurecli-test-assignment000002?api-version=2021-06-01
  response:
    body:
      string: '{"identity":{"type":"None"},"properties":{"policyDefinitionId":"/providers/Microsoft.Authorization/policyDefinitions/06a78e20-9358-41c9-923c-fb736d382a4d","scope":"/subscriptions/00000000-0000-0000-0000-000000000000/resourceGroups/cli_test_policy_identity_userassigned000001","description":"New
        description","metadata":{"createdBy":"6b30bdc6-696a-46fb-82d7-739c2fb147b7","createdOn":"2023-01-28T14:21:27.8781653Z","updatedBy":"6b30bdc6-696a-46fb-82d7-739c2fb147b7","updatedOn":"2023-01-28T14:21:33.5071076Z"},"enforcementMode":"DoNotEnforce"},"id":"/subscriptions/00000000-0000-0000-0000-000000000000/resourceGroups/cli_test_policy_identity_userassigned000001/providers/Microsoft.Authorization/policyAssignments/azurecli-test-assignment000002","type":"Microsoft.Authorization/policyAssignments","name":"azurecli-test-assignment000002","location":"westus","systemData":{"createdBy":"azureclilivetest@azuresdkteam.onmicrosoft.com","createdByType":"User","createdAt":"2023-01-28T14:21:27.2004286Z","lastModifiedBy":"azureclilivetest@azuresdkteam.onmicrosoft.com","lastModifiedByType":"User","lastModifiedAt":"2023-01-28T14:21:32.6788772Z"}}'
    headers:
      cache-control:
      - no-cache
      content-length:
      - '1137'
      content-type:
      - application/json; charset=utf-8
      date:
      - Sat, 28 Jan 2023 14:21:33 GMT
      expires:
      - '-1'
      pragma:
      - no-cache
      server:
      - Kestrel
      strict-transport-security:
      - max-age=31536000; includeSubDomains
      x-content-type-options:
      - nosniff
      x-ms-ratelimit-remaining-subscription-writes:
      - '1184'
    status:
      code: 201
      message: Created
- request:
    body: null
    headers:
      Accept:
      - application/json
      Accept-Encoding:
      - gzip, deflate
      CommandName:
      - policy assignment delete
      Connection:
      - keep-alive
      Content-Length:
      - '0'
      ParameterSetName:
      - -n -g
      User-Agent:
      - AZURECLI/2.44.1 azsdk-python-azure-mgmt-resource/22.0.0 Python/3.10.9 (Linux-5.15.0-1031-azure-x86_64-with-glibc2.31)
        VSTS_7b238909-6802-4b65-b90d-184bca47f458_build_220_0
    method: DELETE
    uri: https://management.azure.com/subscriptions/00000000-0000-0000-0000-000000000000/resourceGroups/cli_test_policy_identity_userassigned000001/providers/Microsoft.Authorization/policyAssignments/azurecli-test-assignment000002?api-version=2021-06-01
  response:
    body:
      string: '{"identity":{"type":"None"},"properties":{"policyDefinitionId":"/providers/Microsoft.Authorization/policyDefinitions/06a78e20-9358-41c9-923c-fb736d382a4d","scope":"/subscriptions/00000000-0000-0000-0000-000000000000/resourceGroups/cli_test_policy_identity_userassigned000001","description":"New
        description","metadata":{"createdBy":"6b30bdc6-696a-46fb-82d7-739c2fb147b7","createdOn":"2023-01-28T14:21:27.8781653Z","updatedBy":"6b30bdc6-696a-46fb-82d7-739c2fb147b7","updatedOn":"2023-01-28T14:21:33.5071076Z"},"enforcementMode":"DoNotEnforce"},"id":"/subscriptions/00000000-0000-0000-0000-000000000000/resourceGroups/cli_test_policy_identity_userassigned000001/providers/Microsoft.Authorization/policyAssignments/azurecli-test-assignment000002","type":"Microsoft.Authorization/policyAssignments","name":"azurecli-test-assignment000002","location":"westus","systemData":{"createdBy":"azureclilivetest@azuresdkteam.onmicrosoft.com","createdByType":"User","createdAt":"2023-01-28T14:21:27.2004286Z","lastModifiedBy":"azureclilivetest@azuresdkteam.onmicrosoft.com","lastModifiedByType":"User","lastModifiedAt":"2023-01-28T14:21:32.6788772Z"}}'
    headers:
      cache-control:
      - no-cache
      content-length:
      - '1137'
      content-type:
      - application/json; charset=utf-8
      date:
      - Sat, 28 Jan 2023 14:21:33 GMT
      expires:
      - '-1'
      pragma:
      - no-cache
      server:
      - Kestrel
      strict-transport-security:
      - max-age=31536000; includeSubDomains
      x-content-type-options:
      - nosniff
      x-ms-ratelimit-remaining-subscription-deletes:
      - '14997'
    status:
      code: 200
      message: OK
version: 1
