interactions:
- request:
    body: null
    headers:
      Accept:
      - application/json
      Accept-Encoding:
      - gzip, deflate
      CommandName:
      - network vnet create
      Connection:
      - keep-alive
      ParameterSetName:
      - -n -g
      User-Agent:
      - python/3.7.4 (Windows-10-10.0.18362-SP0) msrest/0.6.9 msrest_azure/0.6.3 azure-mgmt-resource/9.0.0
        Azure-SDK-For-Python AZURECLI/2.5.1
      accept-language:
      - en-US
    method: GET
    uri: https://management.azure.com/subscriptions/00000000-0000-0000-0000-000000000000/resourcegroups/cli_test_lock_commands_with_ids000001?api-version=2019-07-01
  response:
    body:
      string: '{"id":"/subscriptions/00000000-0000-0000-0000-000000000000/resourceGroups/cli_test_lock_commands_with_ids000001","name":"cli_test_lock_commands_with_ids000001","type":"Microsoft.Resources/resourceGroups","location":"westus","tags":{"product":"azurecli","cause":"automation","date":"2020-05-16T02:25:16Z","StorageType":"Standard_LRS","type":"test"},"properties":{"provisioningState":"Succeeded"}}'
    headers:
      cache-control:
      - no-cache
      content-length:
      - '471'
      content-type:
      - application/json; charset=utf-8
      date:
      - Sat, 16 May 2020 02:25:19 GMT
      expires:
      - '-1'
      pragma:
      - no-cache
      strict-transport-security:
      - max-age=31536000; includeSubDomains
      vary:
      - Accept-Encoding
      x-content-type-options:
      - nosniff
    status:
      code: 200
      message: OK
- request:
    body: '{"location": "westus", "tags": {}, "properties": {"addressSpace": {"addressPrefixes":
      ["10.0.0.0/16"]}, "dhcpOptions": {}}}'
    headers:
      Accept:
      - application/json
      Accept-Encoding:
      - gzip, deflate
      CommandName:
      - network vnet create
      Connection:
      - keep-alive
      Content-Length:
      - '123'
      Content-Type:
      - application/json; charset=utf-8
      ParameterSetName:
      - -n -g
      User-Agent:
      - python/3.7.4 (Windows-10-10.0.18362-SP0) msrest/0.6.9 msrest_azure/0.6.3 azure-mgmt-network/10.2.0
        Azure-SDK-For-Python AZURECLI/2.5.1
      accept-language:
      - en-US
    method: PUT
    uri: https://management.azure.com/subscriptions/00000000-0000-0000-0000-000000000000/resourceGroups/cli_test_lock_commands_with_ids000001/providers/Microsoft.Network/virtualNetworks/cli-lock-vnet000002?api-version=2020-04-01
  response:
    body:
      string: "{\r\n  \"name\": \"cli-lock-vnet000002\",\r\n  \"id\": \"/subscriptions/00000000-0000-0000-0000-000000000000/resourceGroups/cli_test_lock_commands_with_ids000001/providers/Microsoft.Network/virtualNetworks/cli-lock-vnet000002\",\r\n
        \ \"etag\": \"W/\\\"619b49ab-009e-478a-be17-dcec47a8c8ae\\\"\",\r\n  \"type\":
        \"Microsoft.Network/virtualNetworks\",\r\n  \"location\": \"westus\",\r\n
        \ \"tags\": {},\r\n  \"properties\": {\r\n    \"provisioningState\": \"Updating\",\r\n
        \   \"resourceGuid\": \"eed28591-afc7-4e12-92a9-1eb3e46c3cd7\",\r\n    \"addressSpace\":
        {\r\n      \"addressPrefixes\": [\r\n        \"10.0.0.0/16\"\r\n      ]\r\n
        \   },\r\n    \"dhcpOptions\": {\r\n      \"dnsServers\": []\r\n    },\r\n
        \   \"subnets\": [],\r\n    \"virtualNetworkPeerings\": [],\r\n    \"enableDdosProtection\":
        false,\r\n    \"enableVmProtection\": false\r\n  }\r\n}"
    headers:
      azure-asyncnotification:
      - Enabled
      azure-asyncoperation:
      - https://management.azure.com/subscriptions/00000000-0000-0000-0000-000000000000/providers/Microsoft.Network/locations/westus/operations/bee0f891-76f5-4155-ae95-b5f18136cfcc?api-version=2020-04-01
      cache-control:
      - no-cache
      content-length:
      - '816'
      content-type:
      - application/json; charset=utf-8
      date:
      - Sat, 16 May 2020 02:25:25 GMT
      expires:
      - '-1'
      pragma:
      - no-cache
      server:
      - Microsoft-HTTPAPI/2.0
      - Microsoft-HTTPAPI/2.0
      strict-transport-security:
      - max-age=31536000; includeSubDomains
      x-content-type-options:
      - nosniff
      x-ms-arm-service-request-id:
      - f3a967c6-f953-452d-a641-377fedb100ca
      x-ms-ratelimit-remaining-subscription-writes:
      - '1196'
    status:
      code: 201
      message: Created
- request:
    body: null
    headers:
      Accept:
      - application/json
      Accept-Encoding:
      - gzip, deflate
      CommandName:
      - network vnet create
      Connection:
      - keep-alive
      ParameterSetName:
      - -n -g
      User-Agent:
      - python/3.7.4 (Windows-10-10.0.18362-SP0) msrest/0.6.9 msrest_azure/0.6.3 azure-mgmt-network/10.2.0
        Azure-SDK-For-Python AZURECLI/2.5.1
    method: GET
    uri: https://management.azure.com/subscriptions/00000000-0000-0000-0000-000000000000/providers/Microsoft.Network/locations/westus/operations/bee0f891-76f5-4155-ae95-b5f18136cfcc?api-version=2020-04-01
  response:
    body:
      string: "{\r\n  \"status\": \"Succeeded\"\r\n}"
    headers:
      cache-control:
      - no-cache
      content-length:
      - '29'
      content-type:
      - application/json; charset=utf-8
      date:
      - Sat, 16 May 2020 02:25:29 GMT
      expires:
      - '-1'
      pragma:
      - no-cache
      server:
      - Microsoft-HTTPAPI/2.0
      - Microsoft-HTTPAPI/2.0
      strict-transport-security:
      - max-age=31536000; includeSubDomains
      transfer-encoding:
      - chunked
      vary:
      - Accept-Encoding
      x-content-type-options:
      - nosniff
      x-ms-arm-service-request-id:
      - 49b286dc-3c50-44e1-af76-393b072e539e
    status:
      code: 200
      message: OK
- request:
    body: null
    headers:
      Accept:
      - application/json
      Accept-Encoding:
      - gzip, deflate
      CommandName:
      - network vnet create
      Connection:
      - keep-alive
      ParameterSetName:
      - -n -g
      User-Agent:
      - python/3.7.4 (Windows-10-10.0.18362-SP0) msrest/0.6.9 msrest_azure/0.6.3 azure-mgmt-network/10.2.0
        Azure-SDK-For-Python AZURECLI/2.5.1
    method: GET
    uri: https://management.azure.com/subscriptions/00000000-0000-0000-0000-000000000000/resourceGroups/cli_test_lock_commands_with_ids000001/providers/Microsoft.Network/virtualNetworks/cli-lock-vnet000002?api-version=2020-04-01
  response:
    body:
      string: "{\r\n  \"name\": \"cli-lock-vnet000002\",\r\n  \"id\": \"/subscriptions/00000000-0000-0000-0000-000000000000/resourceGroups/cli_test_lock_commands_with_ids000001/providers/Microsoft.Network/virtualNetworks/cli-lock-vnet000002\",\r\n
        \ \"etag\": \"W/\\\"fe1e2925-0292-4d8a-8623-04dac815cda5\\\"\",\r\n  \"type\":
        \"Microsoft.Network/virtualNetworks\",\r\n  \"location\": \"westus\",\r\n
        \ \"tags\": {},\r\n  \"properties\": {\r\n    \"provisioningState\": \"Succeeded\",\r\n
        \   \"resourceGuid\": \"eed28591-afc7-4e12-92a9-1eb3e46c3cd7\",\r\n    \"addressSpace\":
        {\r\n      \"addressPrefixes\": [\r\n        \"10.0.0.0/16\"\r\n      ]\r\n
        \   },\r\n    \"dhcpOptions\": {\r\n      \"dnsServers\": []\r\n    },\r\n
        \   \"subnets\": [],\r\n    \"virtualNetworkPeerings\": [],\r\n    \"enableDdosProtection\":
        false,\r\n    \"enableVmProtection\": false\r\n  }\r\n}"
    headers:
      cache-control:
      - no-cache
      content-length:
      - '817'
      content-type:
      - application/json; charset=utf-8
      date:
      - Sat, 16 May 2020 02:25:30 GMT
      etag:
      - W/"fe1e2925-0292-4d8a-8623-04dac815cda5"
      expires:
      - '-1'
      pragma:
      - no-cache
      server:
      - Microsoft-HTTPAPI/2.0
      - Microsoft-HTTPAPI/2.0
      strict-transport-security:
      - max-age=31536000; includeSubDomains
      transfer-encoding:
      - chunked
      vary:
      - Accept-Encoding
      x-content-type-options:
      - nosniff
      x-ms-arm-service-request-id:
      - 576d4df2-668a-49b4-a017-a502d1da6d97
    status:
      code: 200
      message: OK
- request:
    body: null
    headers:
      Accept:
      - application/json
      Accept-Encoding:
      - gzip, deflate
      CommandName:
      - network vnet subnet create
      Connection:
      - keep-alive
      ParameterSetName:
      - -n --address-prefix --vnet-name -g
      User-Agent:
      - python/3.7.4 (Windows-10-10.0.18362-SP0) msrest/0.6.9 msrest_azure/0.6.3 azure-mgmt-network/10.2.0
        Azure-SDK-For-Python AZURECLI/2.5.1
      accept-language:
      - en-US
    method: GET
    uri: https://management.azure.com/subscriptions/00000000-0000-0000-0000-000000000000/resourceGroups/cli_test_lock_commands_with_ids000001/providers/Microsoft.Network/virtualNetworks/cli-lock-vnet000002?api-version=2020-04-01
  response:
    body:
      string: "{\r\n  \"name\": \"cli-lock-vnet000002\",\r\n  \"id\": \"/subscriptions/00000000-0000-0000-0000-000000000000/resourceGroups/cli_test_lock_commands_with_ids000001/providers/Microsoft.Network/virtualNetworks/cli-lock-vnet000002\",\r\n
        \ \"etag\": \"W/\\\"fe1e2925-0292-4d8a-8623-04dac815cda5\\\"\",\r\n  \"type\":
        \"Microsoft.Network/virtualNetworks\",\r\n  \"location\": \"westus\",\r\n
        \ \"tags\": {},\r\n  \"properties\": {\r\n    \"provisioningState\": \"Succeeded\",\r\n
        \   \"resourceGuid\": \"eed28591-afc7-4e12-92a9-1eb3e46c3cd7\",\r\n    \"addressSpace\":
        {\r\n      \"addressPrefixes\": [\r\n        \"10.0.0.0/16\"\r\n      ]\r\n
        \   },\r\n    \"dhcpOptions\": {\r\n      \"dnsServers\": []\r\n    },\r\n
        \   \"subnets\": [],\r\n    \"virtualNetworkPeerings\": [],\r\n    \"enableDdosProtection\":
        false,\r\n    \"enableVmProtection\": false\r\n  }\r\n}"
    headers:
      cache-control:
      - no-cache
      content-length:
      - '817'
      content-type:
      - application/json; charset=utf-8
      date:
      - Sat, 16 May 2020 02:25:31 GMT
      etag:
      - W/"fe1e2925-0292-4d8a-8623-04dac815cda5"
      expires:
      - '-1'
      pragma:
      - no-cache
      server:
      - Microsoft-HTTPAPI/2.0
      - Microsoft-HTTPAPI/2.0
      strict-transport-security:
      - max-age=31536000; includeSubDomains
      transfer-encoding:
      - chunked
      vary:
      - Accept-Encoding
      x-content-type-options:
      - nosniff
      x-ms-arm-service-request-id:
      - 37286684-49e1-477f-bd4f-853910cfd6cb
    status:
      code: 200
      message: OK
- request:
    body: 'b''{"id": "/subscriptions/00000000-0000-0000-0000-000000000000/resourceGroups/cli_test_lock_commands_with_ids000001/providers/Microsoft.Network/virtualNetworks/cli-lock-vnet000002",
      "location": "westus", "tags": {}, "properties": {"addressSpace": {"addressPrefixes":
      ["10.0.0.0/16"]}, "dhcpOptions": {"dnsServers": []}, "subnets": [{"properties":
      {"addressPrefix": "10.0.0.0/16"}, "name": "cli-lock-subnet000003"}], "virtualNetworkPeerings":
      [], "enableDdosProtection": false, "enableVmProtection": false}}'''
    headers:
      Accept:
      - application/json
      Accept-Encoding:
      - gzip, deflate
      CommandName:
      - network vnet subnet create
      Connection:
      - keep-alive
      Content-Length:
      - '561'
      Content-Type:
      - application/json; charset=utf-8
      ParameterSetName:
      - -n --address-prefix --vnet-name -g
      User-Agent:
      - python/3.7.4 (Windows-10-10.0.18362-SP0) msrest/0.6.9 msrest_azure/0.6.3 azure-mgmt-network/10.2.0
        Azure-SDK-For-Python AZURECLI/2.5.1
      accept-language:
      - en-US
    method: PUT
    uri: https://management.azure.com/subscriptions/00000000-0000-0000-0000-000000000000/resourceGroups/cli_test_lock_commands_with_ids000001/providers/Microsoft.Network/virtualNetworks/cli-lock-vnet000002?api-version=2020-04-01
  response:
    body:
      string: "{\r\n  \"name\": \"cli-lock-vnet000002\",\r\n  \"id\": \"/subscriptions/00000000-0000-0000-0000-000000000000/resourceGroups/cli_test_lock_commands_with_ids000001/providers/Microsoft.Network/virtualNetworks/cli-lock-vnet000002\",\r\n
        \ \"etag\": \"W/\\\"0db3a4a1-c48d-441e-86c6-86ebc553c271\\\"\",\r\n  \"type\":
        \"Microsoft.Network/virtualNetworks\",\r\n  \"location\": \"westus\",\r\n
        \ \"tags\": {},\r\n  \"properties\": {\r\n    \"provisioningState\": \"Updating\",\r\n
        \   \"resourceGuid\": \"eed28591-afc7-4e12-92a9-1eb3e46c3cd7\",\r\n    \"addressSpace\":
        {\r\n      \"addressPrefixes\": [\r\n        \"10.0.0.0/16\"\r\n      ]\r\n
        \   },\r\n    \"dhcpOptions\": {\r\n      \"dnsServers\": []\r\n    },\r\n
        \   \"subnets\": [\r\n      {\r\n        \"name\": \"cli-lock-subnet000003\",\r\n
        \       \"id\": \"/subscriptions/00000000-0000-0000-0000-000000000000/resourceGroups/cli_test_lock_commands_with_ids000001/providers/Microsoft.Network/virtualNetworks/cli-lock-vnet000002/subnets/cli-lock-subnet000003\",\r\n
        \       \"etag\": \"W/\\\"0db3a4a1-c48d-441e-86c6-86ebc553c271\\\"\",\r\n
        \       \"properties\": {\r\n          \"provisioningState\": \"Updating\",\r\n
        \         \"addressPrefix\": \"10.0.0.0/16\",\r\n          \"delegations\":
        [],\r\n          \"privateEndpointNetworkPolicies\": \"Enabled\",\r\n          \"privateLinkServiceNetworkPolicies\":
        \"Enabled\"\r\n        },\r\n        \"type\": \"Microsoft.Network/virtualNetworks/subnets\"\r\n
        \     }\r\n    ],\r\n    \"virtualNetworkPeerings\": [],\r\n    \"enableDdosProtection\":
        false,\r\n    \"enableVmProtection\": false\r\n  }\r\n}"
    headers:
      azure-asyncoperation:
      - https://management.azure.com/subscriptions/00000000-0000-0000-0000-000000000000/providers/Microsoft.Network/locations/westus/operations/7a18f6b5-c40c-4f53-827e-6ee38af5fe1d?api-version=2020-04-01
      cache-control:
      - no-cache
      content-length:
      - '1558'
      content-type:
      - application/json; charset=utf-8
      date:
      - Sat, 16 May 2020 02:25:32 GMT
      expires:
      - '-1'
      pragma:
      - no-cache
      server:
      - Microsoft-HTTPAPI/2.0
      - Microsoft-HTTPAPI/2.0
      strict-transport-security:
      - max-age=31536000; includeSubDomains
      transfer-encoding:
      - chunked
      vary:
      - Accept-Encoding
      x-content-type-options:
      - nosniff
      x-ms-arm-service-request-id:
      - c203a5ef-d014-48b0-a889-c34f2a5b8d22
      x-ms-ratelimit-remaining-subscription-writes:
      - '1198'
    status:
      code: 200
      message: OK
- request:
    body: null
    headers:
      Accept:
      - application/json
      Accept-Encoding:
      - gzip, deflate
      CommandName:
      - network vnet subnet create
      Connection:
      - keep-alive
      ParameterSetName:
      - -n --address-prefix --vnet-name -g
      User-Agent:
      - python/3.7.4 (Windows-10-10.0.18362-SP0) msrest/0.6.9 msrest_azure/0.6.3 azure-mgmt-network/10.2.0
        Azure-SDK-For-Python AZURECLI/2.5.1
    method: GET
    uri: https://management.azure.com/subscriptions/00000000-0000-0000-0000-000000000000/providers/Microsoft.Network/locations/westus/operations/7a18f6b5-c40c-4f53-827e-6ee38af5fe1d?api-version=2020-04-01
  response:
    body:
      string: "{\r\n  \"status\": \"Succeeded\"\r\n}"
    headers:
      cache-control:
      - no-cache
      content-length:
      - '29'
      content-type:
      - application/json; charset=utf-8
      date:
      - Sat, 16 May 2020 02:25:37 GMT
      expires:
      - '-1'
      pragma:
      - no-cache
      server:
      - Microsoft-HTTPAPI/2.0
      - Microsoft-HTTPAPI/2.0
      strict-transport-security:
      - max-age=31536000; includeSubDomains
      transfer-encoding:
      - chunked
      vary:
      - Accept-Encoding
      x-content-type-options:
      - nosniff
      x-ms-arm-service-request-id:
      - c21cec30-926e-4a76-b244-b25f8f7f16ab
    status:
      code: 200
      message: OK
- request:
    body: null
    headers:
      Accept:
      - application/json
      Accept-Encoding:
      - gzip, deflate
      CommandName:
      - network vnet subnet create
      Connection:
      - keep-alive
      ParameterSetName:
      - -n --address-prefix --vnet-name -g
      User-Agent:
      - python/3.7.4 (Windows-10-10.0.18362-SP0) msrest/0.6.9 msrest_azure/0.6.3 azure-mgmt-network/10.2.0
        Azure-SDK-For-Python AZURECLI/2.5.1
    method: GET
    uri: https://management.azure.com/subscriptions/00000000-0000-0000-0000-000000000000/resourceGroups/cli_test_lock_commands_with_ids000001/providers/Microsoft.Network/virtualNetworks/cli-lock-vnet000002?api-version=2020-04-01
  response:
    body:
      string: "{\r\n  \"name\": \"cli-lock-vnet000002\",\r\n  \"id\": \"/subscriptions/00000000-0000-0000-0000-000000000000/resourceGroups/cli_test_lock_commands_with_ids000001/providers/Microsoft.Network/virtualNetworks/cli-lock-vnet000002\",\r\n
        \ \"etag\": \"W/\\\"95f5ae50-536c-433e-b226-9498b408894e\\\"\",\r\n  \"type\":
        \"Microsoft.Network/virtualNetworks\",\r\n  \"location\": \"westus\",\r\n
        \ \"tags\": {},\r\n  \"properties\": {\r\n    \"provisioningState\": \"Succeeded\",\r\n
        \   \"resourceGuid\": \"eed28591-afc7-4e12-92a9-1eb3e46c3cd7\",\r\n    \"addressSpace\":
        {\r\n      \"addressPrefixes\": [\r\n        \"10.0.0.0/16\"\r\n      ]\r\n
        \   },\r\n    \"dhcpOptions\": {\r\n      \"dnsServers\": []\r\n    },\r\n
        \   \"subnets\": [\r\n      {\r\n        \"name\": \"cli-lock-subnet000003\",\r\n
        \       \"id\": \"/subscriptions/00000000-0000-0000-0000-000000000000/resourceGroups/cli_test_lock_commands_with_ids000001/providers/Microsoft.Network/virtualNetworks/cli-lock-vnet000002/subnets/cli-lock-subnet000003\",\r\n
        \       \"etag\": \"W/\\\"95f5ae50-536c-433e-b226-9498b408894e\\\"\",\r\n
        \       \"properties\": {\r\n          \"provisioningState\": \"Succeeded\",\r\n
        \         \"addressPrefix\": \"10.0.0.0/16\",\r\n          \"delegations\":
        [],\r\n          \"privateEndpointNetworkPolicies\": \"Enabled\",\r\n          \"privateLinkServiceNetworkPolicies\":
        \"Enabled\"\r\n        },\r\n        \"type\": \"Microsoft.Network/virtualNetworks/subnets\"\r\n
        \     }\r\n    ],\r\n    \"virtualNetworkPeerings\": [],\r\n    \"enableDdosProtection\":
        false,\r\n    \"enableVmProtection\": false\r\n  }\r\n}"
    headers:
      cache-control:
      - no-cache
      content-length:
      - '1560'
      content-type:
      - application/json; charset=utf-8
      date:
      - Sat, 16 May 2020 02:25:37 GMT
      etag:
      - W/"95f5ae50-536c-433e-b226-9498b408894e"
      expires:
      - '-1'
      pragma:
      - no-cache
      server:
      - Microsoft-HTTPAPI/2.0
      - Microsoft-HTTPAPI/2.0
      strict-transport-security:
      - max-age=31536000; includeSubDomains
      transfer-encoding:
      - chunked
      vary:
      - Accept-Encoding
      x-content-type-options:
      - nosniff
      x-ms-arm-service-request-id:
      - 39fd84e2-60b6-445e-9227-40bdb7773618
    status:
      code: 200
      message: OK
- request:
    body: '{"properties": {"level": "CanNotDelete"}}'
    headers:
      Accept:
      - application/json
      Accept-Encoding:
      - gzip, deflate
      CommandName:
      - lock create
      Connection:
      - keep-alive
      Content-Length:
      - '41'
      Content-Type:
      - application/json; charset=utf-8
      ParameterSetName:
      - -n -g --lock-type
      User-Agent:
      - python/3.7.4 (Windows-10-10.0.18362-SP0) msrest/0.6.9 msrest_azure/0.6.3 azure-mgmt-resource/9.0.0
        Azure-SDK-For-Python AZURECLI/2.5.1
      accept-language:
      - en-US
    method: PUT
    uri: https://management.azure.com/subscriptions/00000000-0000-0000-0000-000000000000/resourceGroups/cli_test_lock_commands_with_ids000001/providers/Microsoft.Authorization/locks/cli-test-lock000004?api-version=2016-09-01
  response:
    body:
      string: '{"properties":{"level":"CanNotDelete"},"id":"/subscriptions/00000000-0000-0000-0000-000000000000/resourceGroups/cli_test_lock_commands_with_ids000001/providers/Microsoft.Authorization/locks/cli-test-lock000004","type":"Microsoft.Authorization/locks","name":"cli-test-lock000004"}'
    headers:
      cache-control:
      - no-cache
      content-length:
      - '379'
      content-type:
      - application/json; charset=utf-8
      date:
      - Sat, 16 May 2020 02:25:38 GMT
      expires:
      - '-1'
      pragma:
      - no-cache
      strict-transport-security:
      - max-age=31536000; includeSubDomains
      x-content-type-options:
      - nosniff
      x-ms-ratelimit-remaining-subscription-writes:
      - '1199'
    status:
      code: 201
      message: Created
- request:
    body: '{"properties": {"level": "CanNotDelete"}}'
    headers:
      Accept:
      - application/json
      Accept-Encoding:
      - gzip, deflate
      CommandName:
      - lock create
      Connection:
      - keep-alive
      Content-Length:
      - '41'
      Content-Type:
      - application/json; charset=utf-8
      ParameterSetName:
      - -n -g --resource-type --resource-name --lock-type
      User-Agent:
      - python/3.7.4 (Windows-10-10.0.18362-SP0) msrest/0.6.9 msrest_azure/0.6.3 azure-mgmt-resource/9.0.0
        Azure-SDK-For-Python AZURECLI/2.5.1
      accept-language:
      - en-US
    method: PUT
    uri: https://management.azure.com/subscriptions/00000000-0000-0000-0000-000000000000/resourcegroups/cli_test_lock_commands_with_ids000001/providers/Microsoft.Network/virtualNetworks/cli-lock-vnet000002/providers/Microsoft.Authorization/locks/cli-test-lock000005?api-version=2016-09-01
  response:
    body:
      string: '{"properties":{"level":"CanNotDelete"},"id":"/subscriptions/00000000-0000-0000-0000-000000000000/resourcegroups/cli_test_lock_commands_with_ids000001/providers/Microsoft.Network/virtualNetworks/cli-lock-vnet000002/providers/Microsoft.Authorization/locks/cli-test-lock000005","type":"Microsoft.Authorization/locks","name":"cli-test-lock000005"}'
    headers:
      cache-control:
      - no-cache
      content-length:
      - '454'
      content-type:
      - application/json; charset=utf-8
      date:
      - Sat, 16 May 2020 02:25:39 GMT
      expires:
      - '-1'
      pragma:
      - no-cache
      strict-transport-security:
      - max-age=31536000; includeSubDomains
      x-content-type-options:
      - nosniff
      x-ms-ratelimit-remaining-subscription-writes:
      - '1198'
    status:
      code: 201
      message: Created
- request:
    body: '{"properties": {"level": "CanNotDelete"}}'
    headers:
      Accept:
      - application/json
      Accept-Encoding:
      - gzip, deflate
      CommandName:
      - lock create
      Connection:
      - keep-alive
      Content-Length:
      - '41'
      Content-Type:
      - application/json; charset=utf-8
      ParameterSetName:
      - -n -g --resource-name --resource-type --namespace --parent --lock-type
      User-Agent:
      - python/3.7.4 (Windows-10-10.0.18362-SP0) msrest/0.6.9 msrest_azure/0.6.3 azure-mgmt-resource/9.0.0
        Azure-SDK-For-Python AZURECLI/2.5.1
      accept-language:
      - en-US
    method: PUT
    uri: https://management.azure.com/subscriptions/00000000-0000-0000-0000-000000000000/resourcegroups/cli_test_lock_commands_with_ids000001/providers/Microsoft.Network/virtualNetworks/cli-lock-vnet000002/subnets/cli-lock-subnet000003/providers/Microsoft.Authorization/locks/cli-test-lock000006?api-version=2016-09-01
  response:
    body:
      string: '{"properties":{"level":"CanNotDelete"},"id":"/subscriptions/00000000-0000-0000-0000-000000000000/resourcegroups/cli_test_lock_commands_with_ids000001/providers/Microsoft.Network/virtualNetworks/cli-lock-vnet000002/subnets/cli-lock-subnet000003/providers/Microsoft.Authorization/locks/cli-test-lock000006","type":"Microsoft.Authorization/locks","name":"cli-test-lock000006"}'
    headers:
      cache-control:
      - no-cache
      content-length:
      - '433'
      content-type:
      - application/json; charset=utf-8
      date:
      - Sat, 16 May 2020 02:25:38 GMT
      expires:
      - '-1'
      pragma:
      - no-cache
      strict-transport-security:
      - max-age=31536000; includeSubDomains
      x-content-type-options:
      - nosniff
      x-ms-ratelimit-remaining-subscription-writes:
      - '1199'
    status:
      code: 201
      message: Created
- request:
    body: null
    headers:
      Accept:
      - application/json
      Accept-Encoding:
      - gzip, deflate
      CommandName:
      - lock show
      Connection:
      - keep-alive
      ParameterSetName:
      - --ids --query
      User-Agent:
      - python/3.7.4 (Windows-10-10.0.18362-SP0) msrest/0.6.9 msrest_azure/0.6.3 azure-mgmt-resource/9.0.0
        Azure-SDK-For-Python AZURECLI/2.5.1
      accept-language:
      - en-US
    method: GET
    uri: https://management.azure.com/subscriptions/00000000-0000-0000-0000-000000000000/providers/Microsoft.Authorization/locks?api-version=2016-09-01
  response:
    body:
      string: "{\"value\":[{\"properties\":{\"level\":\"CanNotDelete\"},\"id\":\"/subscriptions/00000000-0000-0000-0000-000000000000/resourceGroups/fytest2/providers/Microsoft.Compute/snapshots/s1/providers/Microsoft.Authorization/locks/l4\",\"type\":\"Microsoft.Authorization/locks\",\"name\":\"l4\"},{\"properties\":{\"level\":\"CanNotDelete\"},\"id\":\"/subscriptions/00000000-0000-0000-0000-000000000000/resourceGroups/FYTEST2/providers/Microsoft.Compute/disks/vm1_disk1_acf86aae49414fe8b70f669510e33728/providers/Microsoft.Authorization/locks/l\",\"type\":\"Microsoft.Authorization/locks\",\"name\":\"l\"},{\"properties\":{\"level\":\"CanNotDelete\"},\"id\":\"/subscriptions/00000000-0000-0000-0000-000000000000/resourceGroups/fytest2/providers/Microsoft.Compute/virtualMachines/vm1/providers/Microsoft.Authorization/locks/l\",\"type\":\"Microsoft.Authorization/locks\",\"name\":\"l\"},{\"properties\":{\"level\":\"CanNotDelete\"},\"id\":\"/subscriptions/00000000-0000-0000-0000-000000000000/resourceGroups/fytest2/providers/Microsoft.Compute/galleries/g1/providers/Microsoft.Authorization/locks/l2\",\"type\":\"Microsoft.Authorization/locks\",\"name\":\"l2\"},{\"properties\":{\"level\":\"CanNotDelete\"},\"id\":\"/subscriptions/00000000-0000-0000-0000-000000000000/resourceGroups/fytest2/providers/Microsoft.Compute/galleries/g1/images/image1/providers/Microsoft.Authorization/locks/l3\",\"type\":\"Microsoft.Authorization/locks\",\"name\":\"l3\"},{\"properties\":{\"level\":\"CanNotDelete\"},\"id\":\"/subscriptions/00000000-0000-0000-0000-000000000000/resourceGroups/fytest2/providers/Microsoft.Compute/galleries/g1/images/image1/versions/1.0.0/providers/Microsoft.Authorization/locks/l\",\"type\":\"Microsoft.Authorization/locks\",\"name\":\"l\"},{\"properties\":{\"level\":\"CanNotDelete\"},\"id\":\"/subscriptions/00000000-0000-0000-0000-000000000000/resourcegroups/bim-rg-function/providers/Microsoft.Authorization/locks/bim-lock\",\"type\":\"Microsoft.Authorization/locks\",\"name\":\"bim-lock\"},{\"properties\":{\"level\":\"CanNotDelete\",\"notes\":\"for
        Asir\"},\"id\":\"/subscriptions/00000000-0000-0000-0000-000000000000/resourceGroups/emerald-city-bookstore/providers/Microsoft.Authorization/locks/No-DELETE\",\"type\":\"Microsoft.Authorization/locks\",\"name\":\"No-DELETE\"},{\"properties\":{\"level\":\"CanNotDelete\"},\"id\":\"/subscriptions/00000000-0000-0000-0000-000000000000/resourcegroups/harold/providers/Microsoft.Authorization/locks/delete\",\"type\":\"Microsoft.Authorization/locks\",\"name\":\"delete\"},{\"properties\":{\"level\":\"CanNotDelete\"},\"id\":\"/subscriptions/00000000-0000-0000-0000-000000000000/resourceGroups/zuhcentral/providers/Microsoft.Authorization/locks/delete\",\"type\":\"Microsoft.Authorization/locks\",\"name\":\"delete\"},{\"properties\":{\"level\":\"CanNotDelete\"},\"id\":\"/subscriptions/00000000-0000-0000-0000-000000000000/resourceGroups/cli_test_lock_commands_with_ids000001/providers/Microsoft.Authorization/locks/cli-test-lock000004\",\"type\":\"Microsoft.Authorization/locks\",\"name\":\"cli-test-lock000004\"},{\"properties\":{\"level\":\"CanNotDelete\"},\"id\":\"/subscriptions/00000000-0000-0000-0000-000000000000/resourcegroups/cli_test_lock_commands_with_ids000001/providers/Microsoft.Network/virtualNetworks/cli-lock-vnet000002/providers/Microsoft.Authorization/locks/cli-test-lock000005\",\"type\":\"Microsoft.Authorization/locks\",\"name\":\"cli-test-lock000005\"},{\"properties\":{\"level\":\"CanNotDelete\"},\"id\":\"/subscriptions/00000000-0000-0000-0000-000000000000/resourcegroups/cli_test_lock_commands_with_ids000001/providers/Microsoft.Network/virtualNetworks/cli-lock-vnet000002/subnets/cli-lock-subnet000003/providers/Microsoft.Authorization/locks/cli-test-lock000006\",\"type\":\"Microsoft.Authorization/locks\",\"name\":\"cli-test-lock000006\"},{\"properties\":{\"level\":\"CanNotDelete\"},\"id\":\"/subscriptions/00000000-0000-0000-0000-000000000000/resourceGroups/jlwinrg/providers/Microsoft.Authorization/locks/dl\",\"type\":\"Microsoft.Authorization/locks\",\"name\":\"dl\"},{\"properties\":{\"level\":\"CanNotDelete\"},\"id\":\"/subscriptions/00000000-0000-0000-0000-000000000000/resourceGroups/yu-test-rg-weu/providers/Microsoft.Authorization/locks/lock\",\"type\":\"Microsoft.Authorization/locks\",\"name\":\"lock\"},{\"properties\":{\"level\":\"CanNotDelete\"},\"id\":\"/subscriptions/00000000-0000-0000-0000-000000000000/resourceGroups/FYTEST3/providers/Microsoft.Compute/disks/vm1_OsDisk_1_3eb858856d5643d0a15aca7514d2eecd/providers/Microsoft.Authorization/locks/l\",\"type\":\"Microsoft.Authorization/locks\",\"name\":\"l\"},{\"properties\":{\"level\":\"CanNotDelete\"},\"id\":\"/subscriptions/00000000-0000-0000-0000-000000000000/resourceGroups/fytest3/providers/Microsoft.Compute/images/image/providers/Microsoft.Authorization/locks/l\",\"type\":\"Microsoft.Authorization/locks\",\"name\":\"l\"},{\"properties\":{\"level\":\"CanNotDelete\"},\"id\":\"/subscriptions/00000000-0000-0000-0000-000000000000/resourcegroups/feng-cli-rg/providers/Microsoft.Storage/storageAccounts/fengsa/providers/Microsoft.Authorization/locks/no-delete\",\"type\":\"Microsoft.Authorization/locks\",\"name\":\"no-delete\"},{\"properties\":{\"level\":\"CanNotDelete\"},\"id\":\"/subscriptions/00000000-0000-0000-0000-000000000000/resourceGroups/jlrubyrg/providers/Microsoft.Authorization/locks/dl\",\"type\":\"Microsoft.Authorization/locks\",\"name\":\"dl\"},{\"properties\":{\"level\":\"CanNotDelete\"},\"id\":\"/subscriptions/00000000-0000-0000-0000-000000000000/resourceGroups/yu-test-rg-ncus/providers/Microsoft.Authorization/locks/lock\",\"type\":\"Microsoft.Authorization/locks\",\"name\":\"lock\"},{\"properties\":{\"level\":\"CanNotDelete\",\"notes\":\"Auto-created
        by Azure Backup for storage accounts registered with a Recovery Services Vault.
        This lock is intended to guard against deletion of backups due to accidental
        deletion of the storage account.\"},\"id\":\"/subscriptions/00000000-0000-0000-0000-000000000000/resourcegroups/clitest.rg6i4hl6iakg/providers/microsoft.storage/storageAccounts/clitestu3p7a7ib4n4y7gt4m/providers/Microsoft.Authorization/locks/AzureBackupProtectionLock\",\"type\":\"Microsoft.Authorization/locks\",\"name\":\"AzureBackupProtectionLock\"},{\"properties\":{\"level\":\"CanNotDelete\",\"notes\":\"\"},\"id\":\"/subscriptions/00000000-0000-0000-0000-000000000000/resourceGroups/new-experiences/providers/Microsoft.Authorization/locks/NO-DELETE\",\"type\":\"Microsoft.Authorization/locks\",\"name\":\"NO-DELETE\"},{\"properties\":{\"level\":\"CanNotDelete\"},\"id\":\"/subscriptions/00000000-0000-0000-0000-000000000000/resourceGroups/zuh/providers/Microsoft.Authorization/locks/delete\",\"type\":\"Microsoft.Authorization/locks\",\"name\":\"delete\"},{\"properties\":{\"level\":\"CanNotDelete\"},\"id\":\"/subscriptions/00000000-0000-0000-0000-000000000000/resourceGroups/azure-core-poc/providers/Microsoft.Authorization/locks/lock\",\"type\":\"Microsoft.Authorization/locks\",\"name\":\"lock\"},{\"properties\":{\"level\":\"CanNotDelete\",\"notes\":\"Reserved
        resource locked by 'zhoxing-test' lab.\"},\"id\":\"/subscriptions/00000000-0000-0000-0000-000000000000/resourcegroups/zhoxing-test/providers/microsoft.storage/storageaccounts/azhoxingtest9851/providers/Microsoft.Authorization/locks/DevTestLabs
        Lock\",\"type\":\"Microsoft.Authorization/locks\",\"name\":\"DevTestLabs Lock\"},{\"properties\":{\"level\":\"CanNotDelete\",\"notes\":\"Deleting
        this App Service certificate resource is final and can\u2019t be restored,
        any bindings using this certificate will become invalid and you will need
        to re-purchase the certificate.\"},\"id\":\"/subscriptions/00000000-0000-0000-0000-000000000000/resourcegroups/zhoxing-test/providers/Microsoft.CertificateRegistration/certificateOrders/zhoxing-test/providers/Microsoft.Authorization/locks/zhoxing-test\",\"type\":\"Microsoft.Authorization/locks\",\"name\":\"zhoxing-test\"},{\"properties\":{\"level\":\"CanNotDelete\",\"notes\":\"Reserved
        resource locked by 'zhoxing-test' lab.\"},\"id\":\"/subscriptions/00000000-0000-0000-0000-000000000000/resourcegroups/zhoxing-test/providers/Microsoft.KeyVault/vaults/zhoxingtest9ac53638/providers/Microsoft.Authorization/locks/DevTestLabs
        Lock\",\"type\":\"Microsoft.Authorization/locks\",\"name\":\"DevTestLabs Lock\"},{\"properties\":{\"level\":\"CanNotDelete\",\"notes\":\"Reserved
        resource locked by 'zhoxing-test' lab.\"},\"id\":\"/subscriptions/00000000-0000-0000-0000-000000000000/resourcegroups/zhoxing-test/providers/Microsoft.KeyVault/vaults/zhoxingtest9393/providers/Microsoft.Authorization/locks/DevTestLabs
        Lock\",\"type\":\"Microsoft.Authorization/locks\",\"name\":\"DevTestLabs Lock\"},{\"properties\":{\"level\":\"ReadOnly\"},\"id\":\"/subscriptions/00000000-0000-0000-0000-000000000000/resourcegroups/zhoxing-test/providers/Microsoft.Network/virtualNetworks/zhoxing-test/providers/Microsoft.Authorization/locks/vnetlock\",\"type\":\"Microsoft.Authorization/locks\",\"name\":\"vnetlock\"},{\"properties\":{\"level\":\"ReadOnly\",\"notes\":\"sss\"},\"id\":\"/subscriptions/00000000-0000-0000-0000-000000000000/resourceGroups/zhoxing-test/providers/Microsoft.Network/virtualNetworks/zhoxing-test/providers/Microsoft.Authorization/locks/zz\",\"type\":\"Microsoft.Authorization/locks\",\"name\":\"zz\"},{\"properties\":{\"level\":\"ReadOnly\"},\"id\":\"/subscriptions/00000000-0000-0000-0000-000000000000/resourcegroups/zhoxing-test/providers/Microsoft.Network/virtualNetworks/zhoxing-test/subnets/default/providers/Microsoft.Authorization/locks/vnetlock\",\"type\":\"Microsoft.Authorization/locks\",\"name\":\"vnetlock\"},{\"properties\":{\"level\":\"CanNotDelete\",\"notes\":\"Reserved
        resource locked by 'zhoxing-test' lab.\"},\"id\":\"/subscriptions/00000000-0000-0000-0000-000000000000/resourcegroups/zhoxing-test/providers/Microsoft.Network/virtualNetworks/Dtlzhoxing-test/providers/Microsoft.Authorization/locks/DevTestLabs
        Lock\",\"type\":\"Microsoft.Authorization/locks\",\"name\":\"DevTestLabs Lock\"},{\"properties\":{\"level\":\"CanNotDelete\"},\"id\":\"/subscriptions/00000000-0000-0000-0000-000000000000/resourceGroups/fytest/providers/Microsoft.Compute/images/img1/providers/Microsoft.Authorization/locks/l1\",\"type\":\"Microsoft.Authorization/locks\",\"name\":\"l1\"},{\"properties\":{\"level\":\"CanNotDelete\"},\"id\":\"/subscriptions/00000000-0000-0000-0000-000000000000/resourceGroups/fytest/providers/Microsoft.Compute/galleries/gallery1/images/image1/providers/Microsoft.Authorization/locks/l1\",\"type\":\"Microsoft.Authorization/locks\",\"name\":\"l1\"},{\"properties\":{\"level\":\"CanNotDelete\",\"notes\":\"In
        case of deleting by incident\"},\"id\":\"/subscriptions/00000000-0000-0000-0000-000000000000/resourcegroups/azuresdktest_reserved/providers/Microsoft.Authorization/locks/LockReservedResources\",\"type\":\"Microsoft.Authorization/locks\",\"name\":\"LockReservedResources\"},{\"properties\":{\"level\":\"CanNotDelete\",\"notes\":\"\"},\"id\":\"/subscriptions/00000000-0000-0000-0000-000000000000/resourceGroups/azure-cli-test-rg/providers/Microsoft.Authorization/locks/lock\",\"type\":\"Microsoft.Authorization/locks\",\"name\":\"lock\"},{\"properties\":{\"level\":\"CanNotDelete\",\"notes\":\"for
        msal test\"},\"id\":\"/subscriptions/00000000-0000-0000-0000-000000000000/resourceGroups/yeming/providers/Microsoft.Authorization/locks/yeliu\",\"type\":\"Microsoft.Authorization/locks\",\"name\":\"yeliu\"},{\"properties\":{\"level\":\"CanNotDelete\"},\"id\":\"/subscriptions/00000000-0000-0000-0000-000000000000/resourcegroups/azps-test-group/providers/Microsoft.Authorization/locks/do-not-delete\",\"type\":\"Microsoft.Authorization/locks\",\"name\":\"do-not-delete\"},{\"properties\":{\"level\":\"CanNotDelete\"},\"id\":\"/subscriptions/00000000-0000-0000-0000-000000000000/resourceGroups/qianwens/providers/Microsoft.Authorization/locks/donotdelete\",\"type\":\"Microsoft.Authorization/locks\",\"name\":\"donotdelete\"},{\"properties\":{\"level\":\"CanNotDelete\"},\"id\":\"/subscriptions/00000000-0000-0000-0000-000000000000/resourceGroups/jlvm2rg/providers/Microsoft.Authorization/locks/dl2\",\"type\":\"Microsoft.Authorization/locks\",\"name\":\"dl2\"},{\"properties\":{\"level\":\"CanNotDelete\"},\"id\":\"/subscriptions/00000000-0000-0000-0000-000000000000/resourceGroups/bim_pl_test_rg/providers/Microsoft.Authorization/locks/bimlk\",\"type\":\"Microsoft.Authorization/locks\",\"name\":\"bimlk\"},{\"properties\":{\"level\":\"CanNotDelete\",\"notes\":\"for
        customer issue repro  (snowflake)\"},\"id\":\"/subscriptions/00000000-0000-0000-0000-000000000000/resourcegroups/storage-v2rt-repro/providers/Microsoft.Authorization/locks/DontDelete\",\"type\":\"Microsoft.Authorization/locks\",\"name\":\"DontDelete\"},{\"properties\":{\"level\":\"CanNotDelete\"},\"id\":\"/subscriptions/00000000-0000-0000-0000-000000000000/resourceGroups/fanqiu-vm/providers/Microsoft.Authorization/locks/lock\",\"type\":\"Microsoft.Authorization/locks\",\"name\":\"lock\"},{\"properties\":{\"level\":\"CanNotDelete\"},\"id\":\"/subscriptions/00000000-0000-0000-0000-000000000000/resourcegroups/xiaojianxu/providers/Microsoft.Storage/storageAccounts/xxjwetus2storage/providers/Microsoft.Authorization/locks/xxj-storage-not-delete\",\"type\":\"Microsoft.Authorization/locks\",\"name\":\"xxj-storage-not-delete\"},{\"properties\":{\"level\":\"CanNotDelete\"},\"id\":\"/subscriptions/00000000-0000-0000-0000-000000000000/resourcegroups/xiaojianxu/providers/Microsoft.Compute/virtualMachines/xxj-westus2-ubuntu/providers/Microsoft.Authorization/locks/xxj-westus2-vm-ubuntu\",\"type\":\"Microsoft.Authorization/locks\",\"name\":\"xxj-westus2-vm-ubuntu\"},{\"properties\":{\"level\":\"CanNotDelete\"},\"id\":\"/subscriptions/00000000-0000-0000-0000-000000000000/resourcegroups/xiaojianxu/providers/Microsoft.Network/networkSecurityGroups/xxj-westus2-nsg-0/providers/Microsoft.Authorization/locks/xxj-nsg-not-delete\",\"type\":\"Microsoft.Authorization/locks\",\"name\":\"xxj-nsg-not-delete\"},{\"properties\":{\"level\":\"CanNotDelete\"},\"id\":\"/subscriptions/00000000-0000-0000-0000-000000000000/resourceGroups/jlrg1/providers/Microsoft.Authorization/locks/dl\",\"type\":\"Microsoft.Authorization/locks\",\"name\":\"dl\"},{\"properties\":{\"level\":\"CanNotDelete\",\"notes\":\"\"},\"id\":\"/subscriptions/00000000-0000-0000-0000-000000000000/resourceGroups/bim-rg/providers/Microsoft.Authorization/locks/bim_rg\",\"type\":\"Microsoft.Authorization/locks\",\"name\":\"bim_rg\"},{\"properties\":{\"level\":\"CanNotDelete\",\"notes\":\"Data
        Box Service to copy data from device to storage account.\"},\"id\":\"/subscriptions/00000000-0000-0000-0000-000000000000/resourcegroups/bim-rg/providers/Microsoft.Storage/storageAccounts/bimstorageacc/providers/Microsoft.Authorization/locks/DATABOX_SERVICE\",\"type\":\"Microsoft.Authorization/locks\",\"name\":\"DATABOX_SERVICE\"}]}"
    headers:
      cache-control:
      - no-cache
      content-length:
      - '14219'
      content-type:
      - application/json; charset=utf-8
      date:
      - Sat, 16 May 2020 02:25:44 GMT
      expires:
      - '-1'
      pragma:
      - no-cache
      strict-transport-security:
      - max-age=31536000; includeSubDomains
      transfer-encoding:
      - chunked
      vary:
      - Accept-Encoding,Accept-Encoding
      x-content-type-options:
      - nosniff
    status:
      code: 200
      message: OK
- request:
    body: null
    headers:
      Accept:
      - application/json
      Accept-Encoding:
      - gzip, deflate
      CommandName:
      - lock show
      Connection:
      - keep-alive
      ParameterSetName:
      - --ids --query
      User-Agent:
      - python/3.7.4 (Windows-10-10.0.18362-SP0) msrest/0.6.9 msrest_azure/0.6.3 azure-mgmt-resource/9.0.0
        Azure-SDK-For-Python AZURECLI/2.5.1
      accept-language:
      - en-US
    method: GET
    uri: https://management.azure.com/subscriptions/00000000-0000-0000-0000-000000000000/resourceGroups/cli_test_lock_commands_with_ids000001/providers/Microsoft.Authorization/locks/cli-test-lock000004?api-version=2016-09-01
  response:
    body:
      string: '{"properties":{"level":"CanNotDelete"},"id":"/subscriptions/00000000-0000-0000-0000-000000000000/resourceGroups/cli_test_lock_commands_with_ids000001/providers/Microsoft.Authorization/locks/cli-test-lock000004","type":"Microsoft.Authorization/locks","name":"cli-test-lock000004"}'
    headers:
      cache-control:
      - no-cache
      content-length:
      - '379'
      content-type:
      - application/json; charset=utf-8
      date:
      - Sat, 16 May 2020 02:25:44 GMT
      expires:
      - '-1'
      pragma:
      - no-cache
      strict-transport-security:
      - max-age=31536000; includeSubDomains
      transfer-encoding:
      - chunked
      vary:
      - Accept-Encoding,Accept-Encoding
      x-content-type-options:
      - nosniff
    status:
      code: 200
      message: OK
- request:
    body: null
    headers:
      Accept:
      - application/json
      Accept-Encoding:
      - gzip, deflate
      CommandName:
      - lock show
      Connection:
      - keep-alive
      ParameterSetName:
      - --ids --query
      User-Agent:
      - python/3.7.4 (Windows-10-10.0.18362-SP0) msrest/0.6.9 msrest_azure/0.6.3 azure-mgmt-resource/9.0.0
        Azure-SDK-For-Python AZURECLI/2.5.1
      accept-language:
      - en-US
    method: GET
    uri: https://management.azure.com/subscriptions/00000000-0000-0000-0000-000000000000/providers/Microsoft.Authorization/locks?api-version=2016-09-01
  response:
    body:
      string: "{\"value\":[{\"properties\":{\"level\":\"CanNotDelete\"},\"id\":\"/subscriptions/00000000-0000-0000-0000-000000000000/resourceGroups/fytest2/providers/Microsoft.Compute/snapshots/s1/providers/Microsoft.Authorization/locks/l4\",\"type\":\"Microsoft.Authorization/locks\",\"name\":\"l4\"},{\"properties\":{\"level\":\"CanNotDelete\"},\"id\":\"/subscriptions/00000000-0000-0000-0000-000000000000/resourceGroups/FYTEST2/providers/Microsoft.Compute/disks/vm1_disk1_acf86aae49414fe8b70f669510e33728/providers/Microsoft.Authorization/locks/l\",\"type\":\"Microsoft.Authorization/locks\",\"name\":\"l\"},{\"properties\":{\"level\":\"CanNotDelete\"},\"id\":\"/subscriptions/00000000-0000-0000-0000-000000000000/resourceGroups/fytest2/providers/Microsoft.Compute/virtualMachines/vm1/providers/Microsoft.Authorization/locks/l\",\"type\":\"Microsoft.Authorization/locks\",\"name\":\"l\"},{\"properties\":{\"level\":\"CanNotDelete\"},\"id\":\"/subscriptions/00000000-0000-0000-0000-000000000000/resourceGroups/fytest2/providers/Microsoft.Compute/galleries/g1/providers/Microsoft.Authorization/locks/l2\",\"type\":\"Microsoft.Authorization/locks\",\"name\":\"l2\"},{\"properties\":{\"level\":\"CanNotDelete\"},\"id\":\"/subscriptions/00000000-0000-0000-0000-000000000000/resourceGroups/fytest2/providers/Microsoft.Compute/galleries/g1/images/image1/providers/Microsoft.Authorization/locks/l3\",\"type\":\"Microsoft.Authorization/locks\",\"name\":\"l3\"},{\"properties\":{\"level\":\"CanNotDelete\"},\"id\":\"/subscriptions/00000000-0000-0000-0000-000000000000/resourceGroups/fytest2/providers/Microsoft.Compute/galleries/g1/images/image1/versions/1.0.0/providers/Microsoft.Authorization/locks/l\",\"type\":\"Microsoft.Authorization/locks\",\"name\":\"l\"},{\"properties\":{\"level\":\"CanNotDelete\"},\"id\":\"/subscriptions/00000000-0000-0000-0000-000000000000/resourcegroups/bim-rg-function/providers/Microsoft.Authorization/locks/bim-lock\",\"type\":\"Microsoft.Authorization/locks\",\"name\":\"bim-lock\"},{\"properties\":{\"level\":\"CanNotDelete\",\"notes\":\"for
        Asir\"},\"id\":\"/subscriptions/00000000-0000-0000-0000-000000000000/resourceGroups/emerald-city-bookstore/providers/Microsoft.Authorization/locks/No-DELETE\",\"type\":\"Microsoft.Authorization/locks\",\"name\":\"No-DELETE\"},{\"properties\":{\"level\":\"CanNotDelete\"},\"id\":\"/subscriptions/00000000-0000-0000-0000-000000000000/resourcegroups/harold/providers/Microsoft.Authorization/locks/delete\",\"type\":\"Microsoft.Authorization/locks\",\"name\":\"delete\"},{\"properties\":{\"level\":\"CanNotDelete\"},\"id\":\"/subscriptions/00000000-0000-0000-0000-000000000000/resourceGroups/zuhcentral/providers/Microsoft.Authorization/locks/delete\",\"type\":\"Microsoft.Authorization/locks\",\"name\":\"delete\"},{\"properties\":{\"level\":\"CanNotDelete\"},\"id\":\"/subscriptions/00000000-0000-0000-0000-000000000000/resourceGroups/cli_test_lock_commands_with_ids000001/providers/Microsoft.Authorization/locks/cli-test-lock000004\",\"type\":\"Microsoft.Authorization/locks\",\"name\":\"cli-test-lock000004\"},{\"properties\":{\"level\":\"CanNotDelete\"},\"id\":\"/subscriptions/00000000-0000-0000-0000-000000000000/resourcegroups/cli_test_lock_commands_with_ids000001/providers/Microsoft.Network/virtualNetworks/cli-lock-vnet000002/providers/Microsoft.Authorization/locks/cli-test-lock000005\",\"type\":\"Microsoft.Authorization/locks\",\"name\":\"cli-test-lock000005\"},{\"properties\":{\"level\":\"CanNotDelete\"},\"id\":\"/subscriptions/00000000-0000-0000-0000-000000000000/resourcegroups/cli_test_lock_commands_with_ids000001/providers/Microsoft.Network/virtualNetworks/cli-lock-vnet000002/subnets/cli-lock-subnet000003/providers/Microsoft.Authorization/locks/cli-test-lock000006\",\"type\":\"Microsoft.Authorization/locks\",\"name\":\"cli-test-lock000006\"},{\"properties\":{\"level\":\"CanNotDelete\"},\"id\":\"/subscriptions/00000000-0000-0000-0000-000000000000/resourceGroups/jlwinrg/providers/Microsoft.Authorization/locks/dl\",\"type\":\"Microsoft.Authorization/locks\",\"name\":\"dl\"},{\"properties\":{\"level\":\"CanNotDelete\"},\"id\":\"/subscriptions/00000000-0000-0000-0000-000000000000/resourceGroups/yu-test-rg-weu/providers/Microsoft.Authorization/locks/lock\",\"type\":\"Microsoft.Authorization/locks\",\"name\":\"lock\"},{\"properties\":{\"level\":\"CanNotDelete\"},\"id\":\"/subscriptions/00000000-0000-0000-0000-000000000000/resourceGroups/FYTEST3/providers/Microsoft.Compute/disks/vm1_OsDisk_1_3eb858856d5643d0a15aca7514d2eecd/providers/Microsoft.Authorization/locks/l\",\"type\":\"Microsoft.Authorization/locks\",\"name\":\"l\"},{\"properties\":{\"level\":\"CanNotDelete\"},\"id\":\"/subscriptions/00000000-0000-0000-0000-000000000000/resourceGroups/fytest3/providers/Microsoft.Compute/images/image/providers/Microsoft.Authorization/locks/l\",\"type\":\"Microsoft.Authorization/locks\",\"name\":\"l\"},{\"properties\":{\"level\":\"CanNotDelete\"},\"id\":\"/subscriptions/00000000-0000-0000-0000-000000000000/resourcegroups/feng-cli-rg/providers/Microsoft.Storage/storageAccounts/fengsa/providers/Microsoft.Authorization/locks/no-delete\",\"type\":\"Microsoft.Authorization/locks\",\"name\":\"no-delete\"},{\"properties\":{\"level\":\"CanNotDelete\"},\"id\":\"/subscriptions/00000000-0000-0000-0000-000000000000/resourceGroups/jlrubyrg/providers/Microsoft.Authorization/locks/dl\",\"type\":\"Microsoft.Authorization/locks\",\"name\":\"dl\"},{\"properties\":{\"level\":\"CanNotDelete\"},\"id\":\"/subscriptions/00000000-0000-0000-0000-000000000000/resourceGroups/yu-test-rg-ncus/providers/Microsoft.Authorization/locks/lock\",\"type\":\"Microsoft.Authorization/locks\",\"name\":\"lock\"},{\"properties\":{\"level\":\"CanNotDelete\",\"notes\":\"Auto-created
        by Azure Backup for storage accounts registered with a Recovery Services Vault.
        This lock is intended to guard against deletion of backups due to accidental
        deletion of the storage account.\"},\"id\":\"/subscriptions/00000000-0000-0000-0000-000000000000/resourcegroups/clitest.rg6i4hl6iakg/providers/microsoft.storage/storageAccounts/clitestu3p7a7ib4n4y7gt4m/providers/Microsoft.Authorization/locks/AzureBackupProtectionLock\",\"type\":\"Microsoft.Authorization/locks\",\"name\":\"AzureBackupProtectionLock\"},{\"properties\":{\"level\":\"CanNotDelete\",\"notes\":\"\"},\"id\":\"/subscriptions/00000000-0000-0000-0000-000000000000/resourceGroups/new-experiences/providers/Microsoft.Authorization/locks/NO-DELETE\",\"type\":\"Microsoft.Authorization/locks\",\"name\":\"NO-DELETE\"},{\"properties\":{\"level\":\"CanNotDelete\"},\"id\":\"/subscriptions/00000000-0000-0000-0000-000000000000/resourceGroups/zuh/providers/Microsoft.Authorization/locks/delete\",\"type\":\"Microsoft.Authorization/locks\",\"name\":\"delete\"},{\"properties\":{\"level\":\"CanNotDelete\"},\"id\":\"/subscriptions/00000000-0000-0000-0000-000000000000/resourceGroups/azure-core-poc/providers/Microsoft.Authorization/locks/lock\",\"type\":\"Microsoft.Authorization/locks\",\"name\":\"lock\"},{\"properties\":{\"level\":\"CanNotDelete\",\"notes\":\"Reserved
        resource locked by 'zhoxing-test' lab.\"},\"id\":\"/subscriptions/00000000-0000-0000-0000-000000000000/resourcegroups/zhoxing-test/providers/microsoft.storage/storageaccounts/azhoxingtest9851/providers/Microsoft.Authorization/locks/DevTestLabs
        Lock\",\"type\":\"Microsoft.Authorization/locks\",\"name\":\"DevTestLabs Lock\"},{\"properties\":{\"level\":\"CanNotDelete\",\"notes\":\"Deleting
        this App Service certificate resource is final and can\u2019t be restored,
        any bindings using this certificate will become invalid and you will need
        to re-purchase the certificate.\"},\"id\":\"/subscriptions/00000000-0000-0000-0000-000000000000/resourcegroups/zhoxing-test/providers/Microsoft.CertificateRegistration/certificateOrders/zhoxing-test/providers/Microsoft.Authorization/locks/zhoxing-test\",\"type\":\"Microsoft.Authorization/locks\",\"name\":\"zhoxing-test\"},{\"properties\":{\"level\":\"CanNotDelete\",\"notes\":\"Reserved
        resource locked by 'zhoxing-test' lab.\"},\"id\":\"/subscriptions/00000000-0000-0000-0000-000000000000/resourcegroups/zhoxing-test/providers/Microsoft.KeyVault/vaults/zhoxingtest9ac53638/providers/Microsoft.Authorization/locks/DevTestLabs
        Lock\",\"type\":\"Microsoft.Authorization/locks\",\"name\":\"DevTestLabs Lock\"},{\"properties\":{\"level\":\"CanNotDelete\",\"notes\":\"Reserved
        resource locked by 'zhoxing-test' lab.\"},\"id\":\"/subscriptions/00000000-0000-0000-0000-000000000000/resourcegroups/zhoxing-test/providers/Microsoft.KeyVault/vaults/zhoxingtest9393/providers/Microsoft.Authorization/locks/DevTestLabs
        Lock\",\"type\":\"Microsoft.Authorization/locks\",\"name\":\"DevTestLabs Lock\"},{\"properties\":{\"level\":\"ReadOnly\"},\"id\":\"/subscriptions/00000000-0000-0000-0000-000000000000/resourcegroups/zhoxing-test/providers/Microsoft.Network/virtualNetworks/zhoxing-test/providers/Microsoft.Authorization/locks/vnetlock\",\"type\":\"Microsoft.Authorization/locks\",\"name\":\"vnetlock\"},{\"properties\":{\"level\":\"ReadOnly\",\"notes\":\"sss\"},\"id\":\"/subscriptions/00000000-0000-0000-0000-000000000000/resourceGroups/zhoxing-test/providers/Microsoft.Network/virtualNetworks/zhoxing-test/providers/Microsoft.Authorization/locks/zz\",\"type\":\"Microsoft.Authorization/locks\",\"name\":\"zz\"},{\"properties\":{\"level\":\"ReadOnly\"},\"id\":\"/subscriptions/00000000-0000-0000-0000-000000000000/resourcegroups/zhoxing-test/providers/Microsoft.Network/virtualNetworks/zhoxing-test/subnets/default/providers/Microsoft.Authorization/locks/vnetlock\",\"type\":\"Microsoft.Authorization/locks\",\"name\":\"vnetlock\"},{\"properties\":{\"level\":\"CanNotDelete\",\"notes\":\"Reserved
        resource locked by 'zhoxing-test' lab.\"},\"id\":\"/subscriptions/00000000-0000-0000-0000-000000000000/resourcegroups/zhoxing-test/providers/Microsoft.Network/virtualNetworks/Dtlzhoxing-test/providers/Microsoft.Authorization/locks/DevTestLabs
        Lock\",\"type\":\"Microsoft.Authorization/locks\",\"name\":\"DevTestLabs Lock\"},{\"properties\":{\"level\":\"CanNotDelete\"},\"id\":\"/subscriptions/00000000-0000-0000-0000-000000000000/resourceGroups/fytest/providers/Microsoft.Compute/images/img1/providers/Microsoft.Authorization/locks/l1\",\"type\":\"Microsoft.Authorization/locks\",\"name\":\"l1\"},{\"properties\":{\"level\":\"CanNotDelete\"},\"id\":\"/subscriptions/00000000-0000-0000-0000-000000000000/resourceGroups/fytest/providers/Microsoft.Compute/galleries/gallery1/images/image1/providers/Microsoft.Authorization/locks/l1\",\"type\":\"Microsoft.Authorization/locks\",\"name\":\"l1\"},{\"properties\":{\"level\":\"CanNotDelete\",\"notes\":\"In
        case of deleting by incident\"},\"id\":\"/subscriptions/00000000-0000-0000-0000-000000000000/resourcegroups/azuresdktest_reserved/providers/Microsoft.Authorization/locks/LockReservedResources\",\"type\":\"Microsoft.Authorization/locks\",\"name\":\"LockReservedResources\"},{\"properties\":{\"level\":\"CanNotDelete\",\"notes\":\"\"},\"id\":\"/subscriptions/00000000-0000-0000-0000-000000000000/resourceGroups/azure-cli-test-rg/providers/Microsoft.Authorization/locks/lock\",\"type\":\"Microsoft.Authorization/locks\",\"name\":\"lock\"},{\"properties\":{\"level\":\"CanNotDelete\",\"notes\":\"for
        msal test\"},\"id\":\"/subscriptions/00000000-0000-0000-0000-000000000000/resourceGroups/yeming/providers/Microsoft.Authorization/locks/yeliu\",\"type\":\"Microsoft.Authorization/locks\",\"name\":\"yeliu\"},{\"properties\":{\"level\":\"CanNotDelete\"},\"id\":\"/subscriptions/00000000-0000-0000-0000-000000000000/resourcegroups/azps-test-group/providers/Microsoft.Authorization/locks/do-not-delete\",\"type\":\"Microsoft.Authorization/locks\",\"name\":\"do-not-delete\"},{\"properties\":{\"level\":\"CanNotDelete\"},\"id\":\"/subscriptions/00000000-0000-0000-0000-000000000000/resourceGroups/qianwens/providers/Microsoft.Authorization/locks/donotdelete\",\"type\":\"Microsoft.Authorization/locks\",\"name\":\"donotdelete\"},{\"properties\":{\"level\":\"CanNotDelete\"},\"id\":\"/subscriptions/00000000-0000-0000-0000-000000000000/resourceGroups/jlvm2rg/providers/Microsoft.Authorization/locks/dl2\",\"type\":\"Microsoft.Authorization/locks\",\"name\":\"dl2\"},{\"properties\":{\"level\":\"CanNotDelete\"},\"id\":\"/subscriptions/00000000-0000-0000-0000-000000000000/resourceGroups/bim_pl_test_rg/providers/Microsoft.Authorization/locks/bimlk\",\"type\":\"Microsoft.Authorization/locks\",\"name\":\"bimlk\"},{\"properties\":{\"level\":\"CanNotDelete\",\"notes\":\"for
        customer issue repro  (snowflake)\"},\"id\":\"/subscriptions/00000000-0000-0000-0000-000000000000/resourcegroups/storage-v2rt-repro/providers/Microsoft.Authorization/locks/DontDelete\",\"type\":\"Microsoft.Authorization/locks\",\"name\":\"DontDelete\"},{\"properties\":{\"level\":\"CanNotDelete\"},\"id\":\"/subscriptions/00000000-0000-0000-0000-000000000000/resourceGroups/fanqiu-vm/providers/Microsoft.Authorization/locks/lock\",\"type\":\"Microsoft.Authorization/locks\",\"name\":\"lock\"},{\"properties\":{\"level\":\"CanNotDelete\"},\"id\":\"/subscriptions/00000000-0000-0000-0000-000000000000/resourcegroups/xiaojianxu/providers/Microsoft.Storage/storageAccounts/xxjwetus2storage/providers/Microsoft.Authorization/locks/xxj-storage-not-delete\",\"type\":\"Microsoft.Authorization/locks\",\"name\":\"xxj-storage-not-delete\"},{\"properties\":{\"level\":\"CanNotDelete\"},\"id\":\"/subscriptions/00000000-0000-0000-0000-000000000000/resourcegroups/xiaojianxu/providers/Microsoft.Compute/virtualMachines/xxj-westus2-ubuntu/providers/Microsoft.Authorization/locks/xxj-westus2-vm-ubuntu\",\"type\":\"Microsoft.Authorization/locks\",\"name\":\"xxj-westus2-vm-ubuntu\"},{\"properties\":{\"level\":\"CanNotDelete\"},\"id\":\"/subscriptions/00000000-0000-0000-0000-000000000000/resourcegroups/xiaojianxu/providers/Microsoft.Network/networkSecurityGroups/xxj-westus2-nsg-0/providers/Microsoft.Authorization/locks/xxj-nsg-not-delete\",\"type\":\"Microsoft.Authorization/locks\",\"name\":\"xxj-nsg-not-delete\"},{\"properties\":{\"level\":\"CanNotDelete\"},\"id\":\"/subscriptions/00000000-0000-0000-0000-000000000000/resourceGroups/jlrg1/providers/Microsoft.Authorization/locks/dl\",\"type\":\"Microsoft.Authorization/locks\",\"name\":\"dl\"},{\"properties\":{\"level\":\"CanNotDelete\",\"notes\":\"\"},\"id\":\"/subscriptions/00000000-0000-0000-0000-000000000000/resourceGroups/bim-rg/providers/Microsoft.Authorization/locks/bim_rg\",\"type\":\"Microsoft.Authorization/locks\",\"name\":\"bim_rg\"},{\"properties\":{\"level\":\"CanNotDelete\",\"notes\":\"Data
        Box Service to copy data from device to storage account.\"},\"id\":\"/subscriptions/00000000-0000-0000-0000-000000000000/resourcegroups/bim-rg/providers/Microsoft.Storage/storageAccounts/bimstorageacc/providers/Microsoft.Authorization/locks/DATABOX_SERVICE\",\"type\":\"Microsoft.Authorization/locks\",\"name\":\"DATABOX_SERVICE\"}]}"
    headers:
      cache-control:
      - no-cache
      content-length:
      - '14219'
      content-type:
      - application/json; charset=utf-8
      date:
      - Sat, 16 May 2020 02:25:45 GMT
      expires:
      - '-1'
      pragma:
      - no-cache
      strict-transport-security:
      - max-age=31536000; includeSubDomains
      transfer-encoding:
      - chunked
      vary:
      - Accept-Encoding,Accept-Encoding
      x-content-type-options:
      - nosniff
    status:
      code: 200
      message: OK
- request:
    body: null
    headers:
      Accept:
      - application/json
      Accept-Encoding:
      - gzip, deflate
      CommandName:
      - lock show
      Connection:
      - keep-alive
      ParameterSetName:
      - --ids --query
      User-Agent:
      - python/3.7.4 (Windows-10-10.0.18362-SP0) msrest/0.6.9 msrest_azure/0.6.3 azure-mgmt-resource/9.0.0
        Azure-SDK-For-Python AZURECLI/2.5.1
      accept-language:
      - en-US
    method: GET
    uri: https://management.azure.com/subscriptions/00000000-0000-0000-0000-000000000000/resourcegroups/cli_test_lock_commands_with_ids000001/providers/Microsoft.Network/virtualNetworks/cli-lock-vnet000002/providers/Microsoft.Authorization/locks/cli-test-lock000005?api-version=2016-09-01
  response:
    body:
      string: '{"properties":{"level":"CanNotDelete"},"id":"/subscriptions/00000000-0000-0000-0000-000000000000/resourcegroups/cli_test_lock_commands_with_ids000001/providers/Microsoft.Network/virtualNetworks/cli-lock-vnet000002/providers/Microsoft.Authorization/locks/cli-test-lock000005","type":"Microsoft.Authorization/locks","name":"cli-test-lock000005"}'
    headers:
      cache-control:
      - no-cache
      content-length:
      - '454'
      content-type:
      - application/json; charset=utf-8
      date:
      - Sat, 16 May 2020 02:25:45 GMT
      expires:
      - '-1'
      pragma:
      - no-cache
      strict-transport-security:
      - max-age=31536000; includeSubDomains
      transfer-encoding:
      - chunked
      vary:
      - Accept-Encoding,Accept-Encoding
      x-content-type-options:
      - nosniff
    status:
      code: 200
      message: OK
- request:
    body: null
    headers:
      Accept:
      - application/json
      Accept-Encoding:
      - gzip, deflate
      CommandName:
      - lock show
      Connection:
      - keep-alive
      ParameterSetName:
      - --ids --query
      User-Agent:
      - python/3.7.4 (Windows-10-10.0.18362-SP0) msrest/0.6.9 msrest_azure/0.6.3 azure-mgmt-resource/9.0.0
        Azure-SDK-For-Python AZURECLI/2.5.1
      accept-language:
      - en-US
    method: GET
    uri: https://management.azure.com/subscriptions/00000000-0000-0000-0000-000000000000/providers/Microsoft.Authorization/locks?api-version=2016-09-01
  response:
    body:
      string: "{\"value\":[{\"properties\":{\"level\":\"CanNotDelete\"},\"id\":\"/subscriptions/00000000-0000-0000-0000-000000000000/resourceGroups/fytest2/providers/Microsoft.Compute/snapshots/s1/providers/Microsoft.Authorization/locks/l4\",\"type\":\"Microsoft.Authorization/locks\",\"name\":\"l4\"},{\"properties\":{\"level\":\"CanNotDelete\"},\"id\":\"/subscriptions/00000000-0000-0000-0000-000000000000/resourceGroups/FYTEST2/providers/Microsoft.Compute/disks/vm1_disk1_acf86aae49414fe8b70f669510e33728/providers/Microsoft.Authorization/locks/l\",\"type\":\"Microsoft.Authorization/locks\",\"name\":\"l\"},{\"properties\":{\"level\":\"CanNotDelete\"},\"id\":\"/subscriptions/00000000-0000-0000-0000-000000000000/resourceGroups/fytest2/providers/Microsoft.Compute/virtualMachines/vm1/providers/Microsoft.Authorization/locks/l\",\"type\":\"Microsoft.Authorization/locks\",\"name\":\"l\"},{\"properties\":{\"level\":\"CanNotDelete\"},\"id\":\"/subscriptions/00000000-0000-0000-0000-000000000000/resourceGroups/fytest2/providers/Microsoft.Compute/galleries/g1/providers/Microsoft.Authorization/locks/l2\",\"type\":\"Microsoft.Authorization/locks\",\"name\":\"l2\"},{\"properties\":{\"level\":\"CanNotDelete\"},\"id\":\"/subscriptions/00000000-0000-0000-0000-000000000000/resourceGroups/fytest2/providers/Microsoft.Compute/galleries/g1/images/image1/providers/Microsoft.Authorization/locks/l3\",\"type\":\"Microsoft.Authorization/locks\",\"name\":\"l3\"},{\"properties\":{\"level\":\"CanNotDelete\"},\"id\":\"/subscriptions/00000000-0000-0000-0000-000000000000/resourceGroups/fytest2/providers/Microsoft.Compute/galleries/g1/images/image1/versions/1.0.0/providers/Microsoft.Authorization/locks/l\",\"type\":\"Microsoft.Authorization/locks\",\"name\":\"l\"},{\"properties\":{\"level\":\"CanNotDelete\"},\"id\":\"/subscriptions/00000000-0000-0000-0000-000000000000/resourcegroups/bim-rg-function/providers/Microsoft.Authorization/locks/bim-lock\",\"type\":\"Microsoft.Authorization/locks\",\"name\":\"bim-lock\"},{\"properties\":{\"level\":\"CanNotDelete\",\"notes\":\"for
        Asir\"},\"id\":\"/subscriptions/00000000-0000-0000-0000-000000000000/resourceGroups/emerald-city-bookstore/providers/Microsoft.Authorization/locks/No-DELETE\",\"type\":\"Microsoft.Authorization/locks\",\"name\":\"No-DELETE\"},{\"properties\":{\"level\":\"CanNotDelete\"},\"id\":\"/subscriptions/00000000-0000-0000-0000-000000000000/resourcegroups/harold/providers/Microsoft.Authorization/locks/delete\",\"type\":\"Microsoft.Authorization/locks\",\"name\":\"delete\"},{\"properties\":{\"level\":\"CanNotDelete\"},\"id\":\"/subscriptions/00000000-0000-0000-0000-000000000000/resourceGroups/zuhcentral/providers/Microsoft.Authorization/locks/delete\",\"type\":\"Microsoft.Authorization/locks\",\"name\":\"delete\"},{\"properties\":{\"level\":\"CanNotDelete\"},\"id\":\"/subscriptions/00000000-0000-0000-0000-000000000000/resourceGroups/cli_test_lock_commands_with_ids000001/providers/Microsoft.Authorization/locks/cli-test-lock000004\",\"type\":\"Microsoft.Authorization/locks\",\"name\":\"cli-test-lock000004\"},{\"properties\":{\"level\":\"CanNotDelete\"},\"id\":\"/subscriptions/00000000-0000-0000-0000-000000000000/resourcegroups/cli_test_lock_commands_with_ids000001/providers/Microsoft.Network/virtualNetworks/cli-lock-vnet000002/providers/Microsoft.Authorization/locks/cli-test-lock000005\",\"type\":\"Microsoft.Authorization/locks\",\"name\":\"cli-test-lock000005\"},{\"properties\":{\"level\":\"CanNotDelete\"},\"id\":\"/subscriptions/00000000-0000-0000-0000-000000000000/resourcegroups/cli_test_lock_commands_with_ids000001/providers/Microsoft.Network/virtualNetworks/cli-lock-vnet000002/subnets/cli-lock-subnet000003/providers/Microsoft.Authorization/locks/cli-test-lock000006\",\"type\":\"Microsoft.Authorization/locks\",\"name\":\"cli-test-lock000006\"},{\"properties\":{\"level\":\"CanNotDelete\"},\"id\":\"/subscriptions/00000000-0000-0000-0000-000000000000/resourceGroups/jlwinrg/providers/Microsoft.Authorization/locks/dl\",\"type\":\"Microsoft.Authorization/locks\",\"name\":\"dl\"},{\"properties\":{\"level\":\"CanNotDelete\"},\"id\":\"/subscriptions/00000000-0000-0000-0000-000000000000/resourceGroups/yu-test-rg-weu/providers/Microsoft.Authorization/locks/lock\",\"type\":\"Microsoft.Authorization/locks\",\"name\":\"lock\"},{\"properties\":{\"level\":\"CanNotDelete\"},\"id\":\"/subscriptions/00000000-0000-0000-0000-000000000000/resourceGroups/FYTEST3/providers/Microsoft.Compute/disks/vm1_OsDisk_1_3eb858856d5643d0a15aca7514d2eecd/providers/Microsoft.Authorization/locks/l\",\"type\":\"Microsoft.Authorization/locks\",\"name\":\"l\"},{\"properties\":{\"level\":\"CanNotDelete\"},\"id\":\"/subscriptions/00000000-0000-0000-0000-000000000000/resourceGroups/fytest3/providers/Microsoft.Compute/images/image/providers/Microsoft.Authorization/locks/l\",\"type\":\"Microsoft.Authorization/locks\",\"name\":\"l\"},{\"properties\":{\"level\":\"CanNotDelete\"},\"id\":\"/subscriptions/00000000-0000-0000-0000-000000000000/resourcegroups/feng-cli-rg/providers/Microsoft.Storage/storageAccounts/fengsa/providers/Microsoft.Authorization/locks/no-delete\",\"type\":\"Microsoft.Authorization/locks\",\"name\":\"no-delete\"},{\"properties\":{\"level\":\"CanNotDelete\"},\"id\":\"/subscriptions/00000000-0000-0000-0000-000000000000/resourceGroups/jlrubyrg/providers/Microsoft.Authorization/locks/dl\",\"type\":\"Microsoft.Authorization/locks\",\"name\":\"dl\"},{\"properties\":{\"level\":\"CanNotDelete\"},\"id\":\"/subscriptions/00000000-0000-0000-0000-000000000000/resourceGroups/yu-test-rg-ncus/providers/Microsoft.Authorization/locks/lock\",\"type\":\"Microsoft.Authorization/locks\",\"name\":\"lock\"},{\"properties\":{\"level\":\"CanNotDelete\",\"notes\":\"Auto-created
        by Azure Backup for storage accounts registered with a Recovery Services Vault.
        This lock is intended to guard against deletion of backups due to accidental
        deletion of the storage account.\"},\"id\":\"/subscriptions/00000000-0000-0000-0000-000000000000/resourcegroups/clitest.rg6i4hl6iakg/providers/microsoft.storage/storageAccounts/clitestu3p7a7ib4n4y7gt4m/providers/Microsoft.Authorization/locks/AzureBackupProtectionLock\",\"type\":\"Microsoft.Authorization/locks\",\"name\":\"AzureBackupProtectionLock\"},{\"properties\":{\"level\":\"CanNotDelete\",\"notes\":\"\"},\"id\":\"/subscriptions/00000000-0000-0000-0000-000000000000/resourceGroups/new-experiences/providers/Microsoft.Authorization/locks/NO-DELETE\",\"type\":\"Microsoft.Authorization/locks\",\"name\":\"NO-DELETE\"},{\"properties\":{\"level\":\"CanNotDelete\"},\"id\":\"/subscriptions/00000000-0000-0000-0000-000000000000/resourceGroups/zuh/providers/Microsoft.Authorization/locks/delete\",\"type\":\"Microsoft.Authorization/locks\",\"name\":\"delete\"},{\"properties\":{\"level\":\"CanNotDelete\"},\"id\":\"/subscriptions/00000000-0000-0000-0000-000000000000/resourceGroups/azure-core-poc/providers/Microsoft.Authorization/locks/lock\",\"type\":\"Microsoft.Authorization/locks\",\"name\":\"lock\"},{\"properties\":{\"level\":\"CanNotDelete\",\"notes\":\"Reserved
        resource locked by 'zhoxing-test' lab.\"},\"id\":\"/subscriptions/00000000-0000-0000-0000-000000000000/resourcegroups/zhoxing-test/providers/microsoft.storage/storageaccounts/azhoxingtest9851/providers/Microsoft.Authorization/locks/DevTestLabs
        Lock\",\"type\":\"Microsoft.Authorization/locks\",\"name\":\"DevTestLabs Lock\"},{\"properties\":{\"level\":\"CanNotDelete\",\"notes\":\"Deleting
        this App Service certificate resource is final and can\u2019t be restored,
        any bindings using this certificate will become invalid and you will need
        to re-purchase the certificate.\"},\"id\":\"/subscriptions/00000000-0000-0000-0000-000000000000/resourcegroups/zhoxing-test/providers/Microsoft.CertificateRegistration/certificateOrders/zhoxing-test/providers/Microsoft.Authorization/locks/zhoxing-test\",\"type\":\"Microsoft.Authorization/locks\",\"name\":\"zhoxing-test\"},{\"properties\":{\"level\":\"CanNotDelete\",\"notes\":\"Reserved
        resource locked by 'zhoxing-test' lab.\"},\"id\":\"/subscriptions/00000000-0000-0000-0000-000000000000/resourcegroups/zhoxing-test/providers/Microsoft.KeyVault/vaults/zhoxingtest9ac53638/providers/Microsoft.Authorization/locks/DevTestLabs
        Lock\",\"type\":\"Microsoft.Authorization/locks\",\"name\":\"DevTestLabs Lock\"},{\"properties\":{\"level\":\"CanNotDelete\",\"notes\":\"Reserved
        resource locked by 'zhoxing-test' lab.\"},\"id\":\"/subscriptions/00000000-0000-0000-0000-000000000000/resourcegroups/zhoxing-test/providers/Microsoft.KeyVault/vaults/zhoxingtest9393/providers/Microsoft.Authorization/locks/DevTestLabs
        Lock\",\"type\":\"Microsoft.Authorization/locks\",\"name\":\"DevTestLabs Lock\"},{\"properties\":{\"level\":\"ReadOnly\"},\"id\":\"/subscriptions/00000000-0000-0000-0000-000000000000/resourcegroups/zhoxing-test/providers/Microsoft.Network/virtualNetworks/zhoxing-test/providers/Microsoft.Authorization/locks/vnetlock\",\"type\":\"Microsoft.Authorization/locks\",\"name\":\"vnetlock\"},{\"properties\":{\"level\":\"ReadOnly\",\"notes\":\"sss\"},\"id\":\"/subscriptions/00000000-0000-0000-0000-000000000000/resourceGroups/zhoxing-test/providers/Microsoft.Network/virtualNetworks/zhoxing-test/providers/Microsoft.Authorization/locks/zz\",\"type\":\"Microsoft.Authorization/locks\",\"name\":\"zz\"},{\"properties\":{\"level\":\"ReadOnly\"},\"id\":\"/subscriptions/00000000-0000-0000-0000-000000000000/resourcegroups/zhoxing-test/providers/Microsoft.Network/virtualNetworks/zhoxing-test/subnets/default/providers/Microsoft.Authorization/locks/vnetlock\",\"type\":\"Microsoft.Authorization/locks\",\"name\":\"vnetlock\"},{\"properties\":{\"level\":\"CanNotDelete\",\"notes\":\"Reserved
        resource locked by 'zhoxing-test' lab.\"},\"id\":\"/subscriptions/00000000-0000-0000-0000-000000000000/resourcegroups/zhoxing-test/providers/Microsoft.Network/virtualNetworks/Dtlzhoxing-test/providers/Microsoft.Authorization/locks/DevTestLabs
        Lock\",\"type\":\"Microsoft.Authorization/locks\",\"name\":\"DevTestLabs Lock\"},{\"properties\":{\"level\":\"CanNotDelete\"},\"id\":\"/subscriptions/00000000-0000-0000-0000-000000000000/resourceGroups/fytest/providers/Microsoft.Compute/images/img1/providers/Microsoft.Authorization/locks/l1\",\"type\":\"Microsoft.Authorization/locks\",\"name\":\"l1\"},{\"properties\":{\"level\":\"CanNotDelete\"},\"id\":\"/subscriptions/00000000-0000-0000-0000-000000000000/resourceGroups/fytest/providers/Microsoft.Compute/galleries/gallery1/images/image1/providers/Microsoft.Authorization/locks/l1\",\"type\":\"Microsoft.Authorization/locks\",\"name\":\"l1\"},{\"properties\":{\"level\":\"CanNotDelete\",\"notes\":\"In
        case of deleting by incident\"},\"id\":\"/subscriptions/00000000-0000-0000-0000-000000000000/resourcegroups/azuresdktest_reserved/providers/Microsoft.Authorization/locks/LockReservedResources\",\"type\":\"Microsoft.Authorization/locks\",\"name\":\"LockReservedResources\"},{\"properties\":{\"level\":\"CanNotDelete\",\"notes\":\"\"},\"id\":\"/subscriptions/00000000-0000-0000-0000-000000000000/resourceGroups/azure-cli-test-rg/providers/Microsoft.Authorization/locks/lock\",\"type\":\"Microsoft.Authorization/locks\",\"name\":\"lock\"},{\"properties\":{\"level\":\"CanNotDelete\",\"notes\":\"for
        msal test\"},\"id\":\"/subscriptions/00000000-0000-0000-0000-000000000000/resourceGroups/yeming/providers/Microsoft.Authorization/locks/yeliu\",\"type\":\"Microsoft.Authorization/locks\",\"name\":\"yeliu\"},{\"properties\":{\"level\":\"CanNotDelete\"},\"id\":\"/subscriptions/00000000-0000-0000-0000-000000000000/resourcegroups/azps-test-group/providers/Microsoft.Authorization/locks/do-not-delete\",\"type\":\"Microsoft.Authorization/locks\",\"name\":\"do-not-delete\"},{\"properties\":{\"level\":\"CanNotDelete\"},\"id\":\"/subscriptions/00000000-0000-0000-0000-000000000000/resourceGroups/qianwens/providers/Microsoft.Authorization/locks/donotdelete\",\"type\":\"Microsoft.Authorization/locks\",\"name\":\"donotdelete\"},{\"properties\":{\"level\":\"CanNotDelete\"},\"id\":\"/subscriptions/00000000-0000-0000-0000-000000000000/resourceGroups/jlvm2rg/providers/Microsoft.Authorization/locks/dl2\",\"type\":\"Microsoft.Authorization/locks\",\"name\":\"dl2\"},{\"properties\":{\"level\":\"CanNotDelete\"},\"id\":\"/subscriptions/00000000-0000-0000-0000-000000000000/resourceGroups/bim_pl_test_rg/providers/Microsoft.Authorization/locks/bimlk\",\"type\":\"Microsoft.Authorization/locks\",\"name\":\"bimlk\"},{\"properties\":{\"level\":\"CanNotDelete\",\"notes\":\"for
        customer issue repro  (snowflake)\"},\"id\":\"/subscriptions/00000000-0000-0000-0000-000000000000/resourcegroups/storage-v2rt-repro/providers/Microsoft.Authorization/locks/DontDelete\",\"type\":\"Microsoft.Authorization/locks\",\"name\":\"DontDelete\"},{\"properties\":{\"level\":\"CanNotDelete\"},\"id\":\"/subscriptions/00000000-0000-0000-0000-000000000000/resourceGroups/fanqiu-vm/providers/Microsoft.Authorization/locks/lock\",\"type\":\"Microsoft.Authorization/locks\",\"name\":\"lock\"},{\"properties\":{\"level\":\"CanNotDelete\"},\"id\":\"/subscriptions/00000000-0000-0000-0000-000000000000/resourcegroups/xiaojianxu/providers/Microsoft.Storage/storageAccounts/xxjwetus2storage/providers/Microsoft.Authorization/locks/xxj-storage-not-delete\",\"type\":\"Microsoft.Authorization/locks\",\"name\":\"xxj-storage-not-delete\"},{\"properties\":{\"level\":\"CanNotDelete\"},\"id\":\"/subscriptions/00000000-0000-0000-0000-000000000000/resourcegroups/xiaojianxu/providers/Microsoft.Compute/virtualMachines/xxj-westus2-ubuntu/providers/Microsoft.Authorization/locks/xxj-westus2-vm-ubuntu\",\"type\":\"Microsoft.Authorization/locks\",\"name\":\"xxj-westus2-vm-ubuntu\"},{\"properties\":{\"level\":\"CanNotDelete\"},\"id\":\"/subscriptions/00000000-0000-0000-0000-000000000000/resourcegroups/xiaojianxu/providers/Microsoft.Network/networkSecurityGroups/xxj-westus2-nsg-0/providers/Microsoft.Authorization/locks/xxj-nsg-not-delete\",\"type\":\"Microsoft.Authorization/locks\",\"name\":\"xxj-nsg-not-delete\"},{\"properties\":{\"level\":\"CanNotDelete\"},\"id\":\"/subscriptions/00000000-0000-0000-0000-000000000000/resourceGroups/jlrg1/providers/Microsoft.Authorization/locks/dl\",\"type\":\"Microsoft.Authorization/locks\",\"name\":\"dl\"},{\"properties\":{\"level\":\"CanNotDelete\",\"notes\":\"\"},\"id\":\"/subscriptions/00000000-0000-0000-0000-000000000000/resourceGroups/bim-rg/providers/Microsoft.Authorization/locks/bim_rg\",\"type\":\"Microsoft.Authorization/locks\",\"name\":\"bim_rg\"},{\"properties\":{\"level\":\"CanNotDelete\",\"notes\":\"Data
        Box Service to copy data from device to storage account.\"},\"id\":\"/subscriptions/00000000-0000-0000-0000-000000000000/resourcegroups/bim-rg/providers/Microsoft.Storage/storageAccounts/bimstorageacc/providers/Microsoft.Authorization/locks/DATABOX_SERVICE\",\"type\":\"Microsoft.Authorization/locks\",\"name\":\"DATABOX_SERVICE\"}]}"
    headers:
      cache-control:
      - no-cache
      content-length:
      - '14219'
      content-type:
      - application/json; charset=utf-8
      date:
      - Sat, 16 May 2020 02:25:45 GMT
      expires:
      - '-1'
      pragma:
      - no-cache
      strict-transport-security:
      - max-age=31536000; includeSubDomains
      transfer-encoding:
      - chunked
      vary:
      - Accept-Encoding,Accept-Encoding
      x-content-type-options:
      - nosniff
    status:
      code: 200
      message: OK
- request:
    body: null
    headers:
      Accept:
      - application/json
      Accept-Encoding:
      - gzip, deflate
      CommandName:
      - lock show
      Connection:
      - keep-alive
      ParameterSetName:
      - --ids --query
      User-Agent:
      - python/3.7.4 (Windows-10-10.0.18362-SP0) msrest/0.6.9 msrest_azure/0.6.3 azure-mgmt-resource/9.0.0
        Azure-SDK-For-Python AZURECLI/2.5.1
      accept-language:
      - en-US
    method: GET
    uri: https://management.azure.com/subscriptions/00000000-0000-0000-0000-000000000000/resourcegroups/cli_test_lock_commands_with_ids000001/providers/Microsoft.Network/virtualNetworks/cli-lock-vnet000002/subnets/cli-lock-subnet000003/providers/Microsoft.Authorization/locks/cli-test-lock000006?api-version=2016-09-01
  response:
    body:
      string: '{"properties":{"level":"CanNotDelete"},"id":"/subscriptions/00000000-0000-0000-0000-000000000000/resourcegroups/cli_test_lock_commands_with_ids000001/providers/Microsoft.Network/virtualNetworks/cli-lock-vnet000002/subnets/cli-lock-subnet000003/providers/Microsoft.Authorization/locks/cli-test-lock000006","type":"Microsoft.Authorization/locks","name":"cli-test-lock000006"}'
    headers:
      cache-control:
      - no-cache
      content-length:
      - '433'
      content-type:
      - application/json; charset=utf-8
      date:
      - Sat, 16 May 2020 02:25:46 GMT
      expires:
      - '-1'
      pragma:
      - no-cache
      strict-transport-security:
      - max-age=31536000; includeSubDomains
      transfer-encoding:
      - chunked
      vary:
      - Accept-Encoding,Accept-Encoding
      x-content-type-options:
      - nosniff
    status:
      code: 200
      message: OK
- request:
    body: null
    headers:
      Accept:
      - application/json
      Accept-Encoding:
      - gzip, deflate
      CommandName:
      - lock update
      Connection:
      - keep-alive
      ParameterSetName:
      - --ids --notes --lock-type
      User-Agent:
      - python/3.7.4 (Windows-10-10.0.18362-SP0) msrest/0.6.9 msrest_azure/0.6.3 azure-mgmt-resource/9.0.0
        Azure-SDK-For-Python AZURECLI/2.5.1
      accept-language:
      - en-US
    method: GET
    uri: https://management.azure.com/subscriptions/00000000-0000-0000-0000-000000000000/providers/Microsoft.Authorization/locks?api-version=2016-09-01
  response:
    body:
      string: "{\"value\":[{\"properties\":{\"level\":\"CanNotDelete\"},\"id\":\"/subscriptions/00000000-0000-0000-0000-000000000000/resourceGroups/fytest2/providers/Microsoft.Compute/snapshots/s1/providers/Microsoft.Authorization/locks/l4\",\"type\":\"Microsoft.Authorization/locks\",\"name\":\"l4\"},{\"properties\":{\"level\":\"CanNotDelete\"},\"id\":\"/subscriptions/00000000-0000-0000-0000-000000000000/resourceGroups/FYTEST2/providers/Microsoft.Compute/disks/vm1_disk1_acf86aae49414fe8b70f669510e33728/providers/Microsoft.Authorization/locks/l\",\"type\":\"Microsoft.Authorization/locks\",\"name\":\"l\"},{\"properties\":{\"level\":\"CanNotDelete\"},\"id\":\"/subscriptions/00000000-0000-0000-0000-000000000000/resourceGroups/fytest2/providers/Microsoft.Compute/virtualMachines/vm1/providers/Microsoft.Authorization/locks/l\",\"type\":\"Microsoft.Authorization/locks\",\"name\":\"l\"},{\"properties\":{\"level\":\"CanNotDelete\"},\"id\":\"/subscriptions/00000000-0000-0000-0000-000000000000/resourceGroups/fytest2/providers/Microsoft.Compute/galleries/g1/providers/Microsoft.Authorization/locks/l2\",\"type\":\"Microsoft.Authorization/locks\",\"name\":\"l2\"},{\"properties\":{\"level\":\"CanNotDelete\"},\"id\":\"/subscriptions/00000000-0000-0000-0000-000000000000/resourceGroups/fytest2/providers/Microsoft.Compute/galleries/g1/images/image1/providers/Microsoft.Authorization/locks/l3\",\"type\":\"Microsoft.Authorization/locks\",\"name\":\"l3\"},{\"properties\":{\"level\":\"CanNotDelete\"},\"id\":\"/subscriptions/00000000-0000-0000-0000-000000000000/resourceGroups/fytest2/providers/Microsoft.Compute/galleries/g1/images/image1/versions/1.0.0/providers/Microsoft.Authorization/locks/l\",\"type\":\"Microsoft.Authorization/locks\",\"name\":\"l\"},{\"properties\":{\"level\":\"CanNotDelete\"},\"id\":\"/subscriptions/00000000-0000-0000-0000-000000000000/resourcegroups/bim-rg-function/providers/Microsoft.Authorization/locks/bim-lock\",\"type\":\"Microsoft.Authorization/locks\",\"name\":\"bim-lock\"},{\"properties\":{\"level\":\"CanNotDelete\",\"notes\":\"for
        Asir\"},\"id\":\"/subscriptions/00000000-0000-0000-0000-000000000000/resourceGroups/emerald-city-bookstore/providers/Microsoft.Authorization/locks/No-DELETE\",\"type\":\"Microsoft.Authorization/locks\",\"name\":\"No-DELETE\"},{\"properties\":{\"level\":\"CanNotDelete\"},\"id\":\"/subscriptions/00000000-0000-0000-0000-000000000000/resourcegroups/harold/providers/Microsoft.Authorization/locks/delete\",\"type\":\"Microsoft.Authorization/locks\",\"name\":\"delete\"},{\"properties\":{\"level\":\"CanNotDelete\"},\"id\":\"/subscriptions/00000000-0000-0000-0000-000000000000/resourceGroups/zuhcentral/providers/Microsoft.Authorization/locks/delete\",\"type\":\"Microsoft.Authorization/locks\",\"name\":\"delete\"},{\"properties\":{\"level\":\"CanNotDelete\"},\"id\":\"/subscriptions/00000000-0000-0000-0000-000000000000/resourceGroups/cli_test_lock_commands_with_ids000001/providers/Microsoft.Authorization/locks/cli-test-lock000004\",\"type\":\"Microsoft.Authorization/locks\",\"name\":\"cli-test-lock000004\"},{\"properties\":{\"level\":\"CanNotDelete\"},\"id\":\"/subscriptions/00000000-0000-0000-0000-000000000000/resourcegroups/cli_test_lock_commands_with_ids000001/providers/Microsoft.Network/virtualNetworks/cli-lock-vnet000002/providers/Microsoft.Authorization/locks/cli-test-lock000005\",\"type\":\"Microsoft.Authorization/locks\",\"name\":\"cli-test-lock000005\"},{\"properties\":{\"level\":\"CanNotDelete\"},\"id\":\"/subscriptions/00000000-0000-0000-0000-000000000000/resourcegroups/cli_test_lock_commands_with_ids000001/providers/Microsoft.Network/virtualNetworks/cli-lock-vnet000002/subnets/cli-lock-subnet000003/providers/Microsoft.Authorization/locks/cli-test-lock000006\",\"type\":\"Microsoft.Authorization/locks\",\"name\":\"cli-test-lock000006\"},{\"properties\":{\"level\":\"CanNotDelete\"},\"id\":\"/subscriptions/00000000-0000-0000-0000-000000000000/resourceGroups/jlwinrg/providers/Microsoft.Authorization/locks/dl\",\"type\":\"Microsoft.Authorization/locks\",\"name\":\"dl\"},{\"properties\":{\"level\":\"CanNotDelete\"},\"id\":\"/subscriptions/00000000-0000-0000-0000-000000000000/resourceGroups/yu-test-rg-weu/providers/Microsoft.Authorization/locks/lock\",\"type\":\"Microsoft.Authorization/locks\",\"name\":\"lock\"},{\"properties\":{\"level\":\"CanNotDelete\"},\"id\":\"/subscriptions/00000000-0000-0000-0000-000000000000/resourceGroups/FYTEST3/providers/Microsoft.Compute/disks/vm1_OsDisk_1_3eb858856d5643d0a15aca7514d2eecd/providers/Microsoft.Authorization/locks/l\",\"type\":\"Microsoft.Authorization/locks\",\"name\":\"l\"},{\"properties\":{\"level\":\"CanNotDelete\"},\"id\":\"/subscriptions/00000000-0000-0000-0000-000000000000/resourceGroups/fytest3/providers/Microsoft.Compute/images/image/providers/Microsoft.Authorization/locks/l\",\"type\":\"Microsoft.Authorization/locks\",\"name\":\"l\"},{\"properties\":{\"level\":\"CanNotDelete\"},\"id\":\"/subscriptions/00000000-0000-0000-0000-000000000000/resourcegroups/feng-cli-rg/providers/Microsoft.Storage/storageAccounts/fengsa/providers/Microsoft.Authorization/locks/no-delete\",\"type\":\"Microsoft.Authorization/locks\",\"name\":\"no-delete\"},{\"properties\":{\"level\":\"CanNotDelete\"},\"id\":\"/subscriptions/00000000-0000-0000-0000-000000000000/resourceGroups/jlrubyrg/providers/Microsoft.Authorization/locks/dl\",\"type\":\"Microsoft.Authorization/locks\",\"name\":\"dl\"},{\"properties\":{\"level\":\"CanNotDelete\"},\"id\":\"/subscriptions/00000000-0000-0000-0000-000000000000/resourceGroups/yu-test-rg-ncus/providers/Microsoft.Authorization/locks/lock\",\"type\":\"Microsoft.Authorization/locks\",\"name\":\"lock\"},{\"properties\":{\"level\":\"CanNotDelete\",\"notes\":\"Auto-created
        by Azure Backup for storage accounts registered with a Recovery Services Vault.
        This lock is intended to guard against deletion of backups due to accidental
        deletion of the storage account.\"},\"id\":\"/subscriptions/00000000-0000-0000-0000-000000000000/resourcegroups/clitest.rg6i4hl6iakg/providers/microsoft.storage/storageAccounts/clitestu3p7a7ib4n4y7gt4m/providers/Microsoft.Authorization/locks/AzureBackupProtectionLock\",\"type\":\"Microsoft.Authorization/locks\",\"name\":\"AzureBackupProtectionLock\"},{\"properties\":{\"level\":\"CanNotDelete\",\"notes\":\"\"},\"id\":\"/subscriptions/00000000-0000-0000-0000-000000000000/resourceGroups/new-experiences/providers/Microsoft.Authorization/locks/NO-DELETE\",\"type\":\"Microsoft.Authorization/locks\",\"name\":\"NO-DELETE\"},{\"properties\":{\"level\":\"CanNotDelete\"},\"id\":\"/subscriptions/00000000-0000-0000-0000-000000000000/resourceGroups/zuh/providers/Microsoft.Authorization/locks/delete\",\"type\":\"Microsoft.Authorization/locks\",\"name\":\"delete\"},{\"properties\":{\"level\":\"CanNotDelete\"},\"id\":\"/subscriptions/00000000-0000-0000-0000-000000000000/resourceGroups/azure-core-poc/providers/Microsoft.Authorization/locks/lock\",\"type\":\"Microsoft.Authorization/locks\",\"name\":\"lock\"},{\"properties\":{\"level\":\"CanNotDelete\",\"notes\":\"Reserved
        resource locked by 'zhoxing-test' lab.\"},\"id\":\"/subscriptions/00000000-0000-0000-0000-000000000000/resourcegroups/zhoxing-test/providers/microsoft.storage/storageaccounts/azhoxingtest9851/providers/Microsoft.Authorization/locks/DevTestLabs
        Lock\",\"type\":\"Microsoft.Authorization/locks\",\"name\":\"DevTestLabs Lock\"},{\"properties\":{\"level\":\"CanNotDelete\",\"notes\":\"Deleting
        this App Service certificate resource is final and can\u2019t be restored,
        any bindings using this certificate will become invalid and you will need
        to re-purchase the certificate.\"},\"id\":\"/subscriptions/00000000-0000-0000-0000-000000000000/resourcegroups/zhoxing-test/providers/Microsoft.CertificateRegistration/certificateOrders/zhoxing-test/providers/Microsoft.Authorization/locks/zhoxing-test\",\"type\":\"Microsoft.Authorization/locks\",\"name\":\"zhoxing-test\"},{\"properties\":{\"level\":\"CanNotDelete\",\"notes\":\"Reserved
        resource locked by 'zhoxing-test' lab.\"},\"id\":\"/subscriptions/00000000-0000-0000-0000-000000000000/resourcegroups/zhoxing-test/providers/Microsoft.KeyVault/vaults/zhoxingtest9ac53638/providers/Microsoft.Authorization/locks/DevTestLabs
        Lock\",\"type\":\"Microsoft.Authorization/locks\",\"name\":\"DevTestLabs Lock\"},{\"properties\":{\"level\":\"CanNotDelete\",\"notes\":\"Reserved
        resource locked by 'zhoxing-test' lab.\"},\"id\":\"/subscriptions/00000000-0000-0000-0000-000000000000/resourcegroups/zhoxing-test/providers/Microsoft.KeyVault/vaults/zhoxingtest9393/providers/Microsoft.Authorization/locks/DevTestLabs
        Lock\",\"type\":\"Microsoft.Authorization/locks\",\"name\":\"DevTestLabs Lock\"},{\"properties\":{\"level\":\"ReadOnly\"},\"id\":\"/subscriptions/00000000-0000-0000-0000-000000000000/resourcegroups/zhoxing-test/providers/Microsoft.Network/virtualNetworks/zhoxing-test/providers/Microsoft.Authorization/locks/vnetlock\",\"type\":\"Microsoft.Authorization/locks\",\"name\":\"vnetlock\"},{\"properties\":{\"level\":\"ReadOnly\",\"notes\":\"sss\"},\"id\":\"/subscriptions/00000000-0000-0000-0000-000000000000/resourceGroups/zhoxing-test/providers/Microsoft.Network/virtualNetworks/zhoxing-test/providers/Microsoft.Authorization/locks/zz\",\"type\":\"Microsoft.Authorization/locks\",\"name\":\"zz\"},{\"properties\":{\"level\":\"ReadOnly\"},\"id\":\"/subscriptions/00000000-0000-0000-0000-000000000000/resourcegroups/zhoxing-test/providers/Microsoft.Network/virtualNetworks/zhoxing-test/subnets/default/providers/Microsoft.Authorization/locks/vnetlock\",\"type\":\"Microsoft.Authorization/locks\",\"name\":\"vnetlock\"},{\"properties\":{\"level\":\"CanNotDelete\",\"notes\":\"Reserved
        resource locked by 'zhoxing-test' lab.\"},\"id\":\"/subscriptions/00000000-0000-0000-0000-000000000000/resourcegroups/zhoxing-test/providers/Microsoft.Network/virtualNetworks/Dtlzhoxing-test/providers/Microsoft.Authorization/locks/DevTestLabs
        Lock\",\"type\":\"Microsoft.Authorization/locks\",\"name\":\"DevTestLabs Lock\"},{\"properties\":{\"level\":\"CanNotDelete\"},\"id\":\"/subscriptions/00000000-0000-0000-0000-000000000000/resourceGroups/fytest/providers/Microsoft.Compute/images/img1/providers/Microsoft.Authorization/locks/l1\",\"type\":\"Microsoft.Authorization/locks\",\"name\":\"l1\"},{\"properties\":{\"level\":\"CanNotDelete\"},\"id\":\"/subscriptions/00000000-0000-0000-0000-000000000000/resourceGroups/fytest/providers/Microsoft.Compute/galleries/gallery1/images/image1/providers/Microsoft.Authorization/locks/l1\",\"type\":\"Microsoft.Authorization/locks\",\"name\":\"l1\"},{\"properties\":{\"level\":\"CanNotDelete\",\"notes\":\"In
        case of deleting by incident\"},\"id\":\"/subscriptions/00000000-0000-0000-0000-000000000000/resourcegroups/azuresdktest_reserved/providers/Microsoft.Authorization/locks/LockReservedResources\",\"type\":\"Microsoft.Authorization/locks\",\"name\":\"LockReservedResources\"},{\"properties\":{\"level\":\"CanNotDelete\",\"notes\":\"\"},\"id\":\"/subscriptions/00000000-0000-0000-0000-000000000000/resourceGroups/azure-cli-test-rg/providers/Microsoft.Authorization/locks/lock\",\"type\":\"Microsoft.Authorization/locks\",\"name\":\"lock\"},{\"properties\":{\"level\":\"CanNotDelete\",\"notes\":\"for
        msal test\"},\"id\":\"/subscriptions/00000000-0000-0000-0000-000000000000/resourceGroups/yeming/providers/Microsoft.Authorization/locks/yeliu\",\"type\":\"Microsoft.Authorization/locks\",\"name\":\"yeliu\"},{\"properties\":{\"level\":\"CanNotDelete\"},\"id\":\"/subscriptions/00000000-0000-0000-0000-000000000000/resourcegroups/azps-test-group/providers/Microsoft.Authorization/locks/do-not-delete\",\"type\":\"Microsoft.Authorization/locks\",\"name\":\"do-not-delete\"},{\"properties\":{\"level\":\"CanNotDelete\"},\"id\":\"/subscriptions/00000000-0000-0000-0000-000000000000/resourceGroups/qianwens/providers/Microsoft.Authorization/locks/donotdelete\",\"type\":\"Microsoft.Authorization/locks\",\"name\":\"donotdelete\"},{\"properties\":{\"level\":\"CanNotDelete\"},\"id\":\"/subscriptions/00000000-0000-0000-0000-000000000000/resourceGroups/jlvm2rg/providers/Microsoft.Authorization/locks/dl2\",\"type\":\"Microsoft.Authorization/locks\",\"name\":\"dl2\"},{\"properties\":{\"level\":\"CanNotDelete\"},\"id\":\"/subscriptions/00000000-0000-0000-0000-000000000000/resourceGroups/bim_pl_test_rg/providers/Microsoft.Authorization/locks/bimlk\",\"type\":\"Microsoft.Authorization/locks\",\"name\":\"bimlk\"},{\"properties\":{\"level\":\"CanNotDelete\",\"notes\":\"for
        customer issue repro  (snowflake)\"},\"id\":\"/subscriptions/00000000-0000-0000-0000-000000000000/resourcegroups/storage-v2rt-repro/providers/Microsoft.Authorization/locks/DontDelete\",\"type\":\"Microsoft.Authorization/locks\",\"name\":\"DontDelete\"},{\"properties\":{\"level\":\"CanNotDelete\"},\"id\":\"/subscriptions/00000000-0000-0000-0000-000000000000/resourceGroups/fanqiu-vm/providers/Microsoft.Authorization/locks/lock\",\"type\":\"Microsoft.Authorization/locks\",\"name\":\"lock\"},{\"properties\":{\"level\":\"CanNotDelete\"},\"id\":\"/subscriptions/00000000-0000-0000-0000-000000000000/resourcegroups/xiaojianxu/providers/Microsoft.Storage/storageAccounts/xxjwetus2storage/providers/Microsoft.Authorization/locks/xxj-storage-not-delete\",\"type\":\"Microsoft.Authorization/locks\",\"name\":\"xxj-storage-not-delete\"},{\"properties\":{\"level\":\"CanNotDelete\"},\"id\":\"/subscriptions/00000000-0000-0000-0000-000000000000/resourcegroups/xiaojianxu/providers/Microsoft.Compute/virtualMachines/xxj-westus2-ubuntu/providers/Microsoft.Authorization/locks/xxj-westus2-vm-ubuntu\",\"type\":\"Microsoft.Authorization/locks\",\"name\":\"xxj-westus2-vm-ubuntu\"},{\"properties\":{\"level\":\"CanNotDelete\"},\"id\":\"/subscriptions/00000000-0000-0000-0000-000000000000/resourcegroups/xiaojianxu/providers/Microsoft.Network/networkSecurityGroups/xxj-westus2-nsg-0/providers/Microsoft.Authorization/locks/xxj-nsg-not-delete\",\"type\":\"Microsoft.Authorization/locks\",\"name\":\"xxj-nsg-not-delete\"},{\"properties\":{\"level\":\"CanNotDelete\"},\"id\":\"/subscriptions/00000000-0000-0000-0000-000000000000/resourceGroups/jlrg1/providers/Microsoft.Authorization/locks/dl\",\"type\":\"Microsoft.Authorization/locks\",\"name\":\"dl\"},{\"properties\":{\"level\":\"CanNotDelete\",\"notes\":\"\"},\"id\":\"/subscriptions/00000000-0000-0000-0000-000000000000/resourceGroups/bim-rg/providers/Microsoft.Authorization/locks/bim_rg\",\"type\":\"Microsoft.Authorization/locks\",\"name\":\"bim_rg\"},{\"properties\":{\"level\":\"CanNotDelete\",\"notes\":\"Data
        Box Service to copy data from device to storage account.\"},\"id\":\"/subscriptions/00000000-0000-0000-0000-000000000000/resourcegroups/bim-rg/providers/Microsoft.Storage/storageAccounts/bimstorageacc/providers/Microsoft.Authorization/locks/DATABOX_SERVICE\",\"type\":\"Microsoft.Authorization/locks\",\"name\":\"DATABOX_SERVICE\"}]}"
    headers:
      cache-control:
      - no-cache
      content-length:
      - '14219'
      content-type:
      - application/json; charset=utf-8
      date:
      - Sat, 16 May 2020 02:25:47 GMT
      expires:
      - '-1'
      pragma:
      - no-cache
      strict-transport-security:
      - max-age=31536000; includeSubDomains
      transfer-encoding:
      - chunked
      vary:
      - Accept-Encoding,Accept-Encoding
      x-content-type-options:
      - nosniff
    status:
      code: 200
      message: OK
- request:
    body: null
    headers:
      Accept:
      - application/json
      Accept-Encoding:
      - gzip, deflate
      CommandName:
      - lock update
      Connection:
      - keep-alive
      ParameterSetName:
      - --ids --notes --lock-type
      User-Agent:
      - python/3.7.4 (Windows-10-10.0.18362-SP0) msrest/0.6.9 msrest_azure/0.6.3 azure-mgmt-resource/9.0.0
        Azure-SDK-For-Python AZURECLI/2.5.1
      accept-language:
      - en-US
    method: GET
    uri: https://management.azure.com/subscriptions/00000000-0000-0000-0000-000000000000/resourceGroups/cli_test_lock_commands_with_ids000001/providers/Microsoft.Authorization/locks/cli-test-lock000004?api-version=2016-09-01
  response:
    body:
      string: '{"properties":{"level":"CanNotDelete"},"id":"/subscriptions/00000000-0000-0000-0000-000000000000/resourceGroups/cli_test_lock_commands_with_ids000001/providers/Microsoft.Authorization/locks/cli-test-lock000004","type":"Microsoft.Authorization/locks","name":"cli-test-lock000004"}'
    headers:
      cache-control:
      - no-cache
      content-length:
      - '379'
      content-type:
      - application/json; charset=utf-8
      date:
      - Sat, 16 May 2020 02:25:47 GMT
      expires:
      - '-1'
      pragma:
      - no-cache
      strict-transport-security:
      - max-age=31536000; includeSubDomains
      transfer-encoding:
      - chunked
      vary:
      - Accept-Encoding,Accept-Encoding
      x-content-type-options:
      - nosniff
    status:
      code: 200
      message: OK
- request:
    body: '{"properties": {"level": "ReadOnly", "notes": "somenotes"}}'
    headers:
      Accept:
      - application/json
      Accept-Encoding:
      - gzip, deflate
      CommandName:
      - lock update
      Connection:
      - keep-alive
      Content-Length:
      - '59'
      Content-Type:
      - application/json; charset=utf-8
      ParameterSetName:
      - --ids --notes --lock-type
      User-Agent:
      - python/3.7.4 (Windows-10-10.0.18362-SP0) msrest/0.6.9 msrest_azure/0.6.3 azure-mgmt-resource/9.0.0
        Azure-SDK-For-Python AZURECLI/2.5.1
      accept-language:
      - en-US
    method: PUT
    uri: https://management.azure.com/subscriptions/00000000-0000-0000-0000-000000000000/resourceGroups/cli_test_lock_commands_with_ids000001/providers/Microsoft.Authorization/locks/cli-test-lock000004?api-version=2016-09-01
  response:
    body:
      string: '{"properties":{"level":"ReadOnly","notes":"somenotes"},"id":"/subscriptions/00000000-0000-0000-0000-000000000000/resourceGroups/cli_test_lock_commands_with_ids000001/providers/Microsoft.Authorization/locks/cli-test-lock000004","type":"Microsoft.Authorization/locks","name":"cli-test-lock000004"}'
    headers:
      cache-control:
      - no-cache
      content-length:
      - '395'
      content-type:
      - application/json; charset=utf-8
      date:
      - Sat, 16 May 2020 02:25:48 GMT
      expires:
      - '-1'
      pragma:
      - no-cache
      strict-transport-security:
      - max-age=31536000; includeSubDomains
      transfer-encoding:
      - chunked
      vary:
      - Accept-Encoding,Accept-Encoding
      x-content-type-options:
      - nosniff
      x-ms-ratelimit-remaining-subscription-writes:
      - '1199'
    status:
      code: 200
      message: OK
- request:
    body: null
    headers:
      Accept:
      - application/json
      Accept-Encoding:
      - gzip, deflate
      CommandName:
      - lock update
      Connection:
      - keep-alive
      ParameterSetName:
      - --ids --notes --lock-type
      User-Agent:
      - python/3.7.4 (Windows-10-10.0.18362-SP0) msrest/0.6.9 msrest_azure/0.6.3 azure-mgmt-resource/9.0.0
        Azure-SDK-For-Python AZURECLI/2.5.1
      accept-language:
      - en-US
    method: GET
    uri: https://management.azure.com/subscriptions/00000000-0000-0000-0000-000000000000/providers/Microsoft.Authorization/locks?api-version=2016-09-01
  response:
    body:
      string: "{\"value\":[{\"properties\":{\"level\":\"CanNotDelete\"},\"id\":\"/subscriptions/00000000-0000-0000-0000-000000000000/resourceGroups/fytest2/providers/Microsoft.Compute/snapshots/s1/providers/Microsoft.Authorization/locks/l4\",\"type\":\"Microsoft.Authorization/locks\",\"name\":\"l4\"},{\"properties\":{\"level\":\"CanNotDelete\"},\"id\":\"/subscriptions/00000000-0000-0000-0000-000000000000/resourceGroups/FYTEST2/providers/Microsoft.Compute/disks/vm1_disk1_acf86aae49414fe8b70f669510e33728/providers/Microsoft.Authorization/locks/l\",\"type\":\"Microsoft.Authorization/locks\",\"name\":\"l\"},{\"properties\":{\"level\":\"CanNotDelete\"},\"id\":\"/subscriptions/00000000-0000-0000-0000-000000000000/resourceGroups/fytest2/providers/Microsoft.Compute/virtualMachines/vm1/providers/Microsoft.Authorization/locks/l\",\"type\":\"Microsoft.Authorization/locks\",\"name\":\"l\"},{\"properties\":{\"level\":\"CanNotDelete\"},\"id\":\"/subscriptions/00000000-0000-0000-0000-000000000000/resourceGroups/fytest2/providers/Microsoft.Compute/galleries/g1/providers/Microsoft.Authorization/locks/l2\",\"type\":\"Microsoft.Authorization/locks\",\"name\":\"l2\"},{\"properties\":{\"level\":\"CanNotDelete\"},\"id\":\"/subscriptions/00000000-0000-0000-0000-000000000000/resourceGroups/fytest2/providers/Microsoft.Compute/galleries/g1/images/image1/providers/Microsoft.Authorization/locks/l3\",\"type\":\"Microsoft.Authorization/locks\",\"name\":\"l3\"},{\"properties\":{\"level\":\"CanNotDelete\"},\"id\":\"/subscriptions/00000000-0000-0000-0000-000000000000/resourceGroups/fytest2/providers/Microsoft.Compute/galleries/g1/images/image1/versions/1.0.0/providers/Microsoft.Authorization/locks/l\",\"type\":\"Microsoft.Authorization/locks\",\"name\":\"l\"},{\"properties\":{\"level\":\"CanNotDelete\"},\"id\":\"/subscriptions/00000000-0000-0000-0000-000000000000/resourcegroups/bim-rg-function/providers/Microsoft.Authorization/locks/bim-lock\",\"type\":\"Microsoft.Authorization/locks\",\"name\":\"bim-lock\"},{\"properties\":{\"level\":\"CanNotDelete\",\"notes\":\"for
        Asir\"},\"id\":\"/subscriptions/00000000-0000-0000-0000-000000000000/resourceGroups/emerald-city-bookstore/providers/Microsoft.Authorization/locks/No-DELETE\",\"type\":\"Microsoft.Authorization/locks\",\"name\":\"No-DELETE\"},{\"properties\":{\"level\":\"CanNotDelete\"},\"id\":\"/subscriptions/00000000-0000-0000-0000-000000000000/resourcegroups/harold/providers/Microsoft.Authorization/locks/delete\",\"type\":\"Microsoft.Authorization/locks\",\"name\":\"delete\"},{\"properties\":{\"level\":\"CanNotDelete\"},\"id\":\"/subscriptions/00000000-0000-0000-0000-000000000000/resourceGroups/zuhcentral/providers/Microsoft.Authorization/locks/delete\",\"type\":\"Microsoft.Authorization/locks\",\"name\":\"delete\"},{\"properties\":{\"level\":\"ReadOnly\",\"notes\":\"somenotes\"},\"id\":\"/subscriptions/00000000-0000-0000-0000-000000000000/resourceGroups/cli_test_lock_commands_with_ids000001/providers/Microsoft.Authorization/locks/cli-test-lock000004\",\"type\":\"Microsoft.Authorization/locks\",\"name\":\"cli-test-lock000004\"},{\"properties\":{\"level\":\"CanNotDelete\"},\"id\":\"/subscriptions/00000000-0000-0000-0000-000000000000/resourcegroups/cli_test_lock_commands_with_ids000001/providers/Microsoft.Network/virtualNetworks/cli-lock-vnet000002/providers/Microsoft.Authorization/locks/cli-test-lock000005\",\"type\":\"Microsoft.Authorization/locks\",\"name\":\"cli-test-lock000005\"},{\"properties\":{\"level\":\"CanNotDelete\"},\"id\":\"/subscriptions/00000000-0000-0000-0000-000000000000/resourcegroups/cli_test_lock_commands_with_ids000001/providers/Microsoft.Network/virtualNetworks/cli-lock-vnet000002/subnets/cli-lock-subnet000003/providers/Microsoft.Authorization/locks/cli-test-lock000006\",\"type\":\"Microsoft.Authorization/locks\",\"name\":\"cli-test-lock000006\"},{\"properties\":{\"level\":\"CanNotDelete\"},\"id\":\"/subscriptions/00000000-0000-0000-0000-000000000000/resourceGroups/jlwinrg/providers/Microsoft.Authorization/locks/dl\",\"type\":\"Microsoft.Authorization/locks\",\"name\":\"dl\"},{\"properties\":{\"level\":\"CanNotDelete\"},\"id\":\"/subscriptions/00000000-0000-0000-0000-000000000000/resourceGroups/yu-test-rg-weu/providers/Microsoft.Authorization/locks/lock\",\"type\":\"Microsoft.Authorization/locks\",\"name\":\"lock\"},{\"properties\":{\"level\":\"CanNotDelete\"},\"id\":\"/subscriptions/00000000-0000-0000-0000-000000000000/resourceGroups/FYTEST3/providers/Microsoft.Compute/disks/vm1_OsDisk_1_3eb858856d5643d0a15aca7514d2eecd/providers/Microsoft.Authorization/locks/l\",\"type\":\"Microsoft.Authorization/locks\",\"name\":\"l\"},{\"properties\":{\"level\":\"CanNotDelete\"},\"id\":\"/subscriptions/00000000-0000-0000-0000-000000000000/resourceGroups/fytest3/providers/Microsoft.Compute/images/image/providers/Microsoft.Authorization/locks/l\",\"type\":\"Microsoft.Authorization/locks\",\"name\":\"l\"},{\"properties\":{\"level\":\"CanNotDelete\"},\"id\":\"/subscriptions/00000000-0000-0000-0000-000000000000/resourcegroups/feng-cli-rg/providers/Microsoft.Storage/storageAccounts/fengsa/providers/Microsoft.Authorization/locks/no-delete\",\"type\":\"Microsoft.Authorization/locks\",\"name\":\"no-delete\"},{\"properties\":{\"level\":\"CanNotDelete\"},\"id\":\"/subscriptions/00000000-0000-0000-0000-000000000000/resourceGroups/jlrubyrg/providers/Microsoft.Authorization/locks/dl\",\"type\":\"Microsoft.Authorization/locks\",\"name\":\"dl\"},{\"properties\":{\"level\":\"CanNotDelete\"},\"id\":\"/subscriptions/00000000-0000-0000-0000-000000000000/resourceGroups/yu-test-rg-ncus/providers/Microsoft.Authorization/locks/lock\",\"type\":\"Microsoft.Authorization/locks\",\"name\":\"lock\"},{\"properties\":{\"level\":\"CanNotDelete\",\"notes\":\"Auto-created
        by Azure Backup for storage accounts registered with a Recovery Services Vault.
        This lock is intended to guard against deletion of backups due to accidental
        deletion of the storage account.\"},\"id\":\"/subscriptions/00000000-0000-0000-0000-000000000000/resourcegroups/clitest.rg6i4hl6iakg/providers/microsoft.storage/storageAccounts/clitestu3p7a7ib4n4y7gt4m/providers/Microsoft.Authorization/locks/AzureBackupProtectionLock\",\"type\":\"Microsoft.Authorization/locks\",\"name\":\"AzureBackupProtectionLock\"},{\"properties\":{\"level\":\"CanNotDelete\",\"notes\":\"\"},\"id\":\"/subscriptions/00000000-0000-0000-0000-000000000000/resourceGroups/new-experiences/providers/Microsoft.Authorization/locks/NO-DELETE\",\"type\":\"Microsoft.Authorization/locks\",\"name\":\"NO-DELETE\"},{\"properties\":{\"level\":\"CanNotDelete\"},\"id\":\"/subscriptions/00000000-0000-0000-0000-000000000000/resourceGroups/zuh/providers/Microsoft.Authorization/locks/delete\",\"type\":\"Microsoft.Authorization/locks\",\"name\":\"delete\"},{\"properties\":{\"level\":\"CanNotDelete\"},\"id\":\"/subscriptions/00000000-0000-0000-0000-000000000000/resourceGroups/azure-core-poc/providers/Microsoft.Authorization/locks/lock\",\"type\":\"Microsoft.Authorization/locks\",\"name\":\"lock\"},{\"properties\":{\"level\":\"CanNotDelete\",\"notes\":\"Reserved
        resource locked by 'zhoxing-test' lab.\"},\"id\":\"/subscriptions/00000000-0000-0000-0000-000000000000/resourcegroups/zhoxing-test/providers/microsoft.storage/storageaccounts/azhoxingtest9851/providers/Microsoft.Authorization/locks/DevTestLabs
        Lock\",\"type\":\"Microsoft.Authorization/locks\",\"name\":\"DevTestLabs Lock\"},{\"properties\":{\"level\":\"CanNotDelete\",\"notes\":\"Deleting
        this App Service certificate resource is final and can\u2019t be restored,
        any bindings using this certificate will become invalid and you will need
        to re-purchase the certificate.\"},\"id\":\"/subscriptions/00000000-0000-0000-0000-000000000000/resourcegroups/zhoxing-test/providers/Microsoft.CertificateRegistration/certificateOrders/zhoxing-test/providers/Microsoft.Authorization/locks/zhoxing-test\",\"type\":\"Microsoft.Authorization/locks\",\"name\":\"zhoxing-test\"},{\"properties\":{\"level\":\"CanNotDelete\",\"notes\":\"Reserved
        resource locked by 'zhoxing-test' lab.\"},\"id\":\"/subscriptions/00000000-0000-0000-0000-000000000000/resourcegroups/zhoxing-test/providers/Microsoft.KeyVault/vaults/zhoxingtest9ac53638/providers/Microsoft.Authorization/locks/DevTestLabs
        Lock\",\"type\":\"Microsoft.Authorization/locks\",\"name\":\"DevTestLabs Lock\"},{\"properties\":{\"level\":\"CanNotDelete\",\"notes\":\"Reserved
        resource locked by 'zhoxing-test' lab.\"},\"id\":\"/subscriptions/00000000-0000-0000-0000-000000000000/resourcegroups/zhoxing-test/providers/Microsoft.KeyVault/vaults/zhoxingtest9393/providers/Microsoft.Authorization/locks/DevTestLabs
        Lock\",\"type\":\"Microsoft.Authorization/locks\",\"name\":\"DevTestLabs Lock\"},{\"properties\":{\"level\":\"ReadOnly\"},\"id\":\"/subscriptions/00000000-0000-0000-0000-000000000000/resourcegroups/zhoxing-test/providers/Microsoft.Network/virtualNetworks/zhoxing-test/providers/Microsoft.Authorization/locks/vnetlock\",\"type\":\"Microsoft.Authorization/locks\",\"name\":\"vnetlock\"},{\"properties\":{\"level\":\"ReadOnly\",\"notes\":\"sss\"},\"id\":\"/subscriptions/00000000-0000-0000-0000-000000000000/resourceGroups/zhoxing-test/providers/Microsoft.Network/virtualNetworks/zhoxing-test/providers/Microsoft.Authorization/locks/zz\",\"type\":\"Microsoft.Authorization/locks\",\"name\":\"zz\"},{\"properties\":{\"level\":\"ReadOnly\"},\"id\":\"/subscriptions/00000000-0000-0000-0000-000000000000/resourcegroups/zhoxing-test/providers/Microsoft.Network/virtualNetworks/zhoxing-test/subnets/default/providers/Microsoft.Authorization/locks/vnetlock\",\"type\":\"Microsoft.Authorization/locks\",\"name\":\"vnetlock\"},{\"properties\":{\"level\":\"CanNotDelete\",\"notes\":\"Reserved
        resource locked by 'zhoxing-test' lab.\"},\"id\":\"/subscriptions/00000000-0000-0000-0000-000000000000/resourcegroups/zhoxing-test/providers/Microsoft.Network/virtualNetworks/Dtlzhoxing-test/providers/Microsoft.Authorization/locks/DevTestLabs
        Lock\",\"type\":\"Microsoft.Authorization/locks\",\"name\":\"DevTestLabs Lock\"},{\"properties\":{\"level\":\"CanNotDelete\"},\"id\":\"/subscriptions/00000000-0000-0000-0000-000000000000/resourceGroups/fytest/providers/Microsoft.Compute/images/img1/providers/Microsoft.Authorization/locks/l1\",\"type\":\"Microsoft.Authorization/locks\",\"name\":\"l1\"},{\"properties\":{\"level\":\"CanNotDelete\"},\"id\":\"/subscriptions/00000000-0000-0000-0000-000000000000/resourceGroups/fytest/providers/Microsoft.Compute/galleries/gallery1/images/image1/providers/Microsoft.Authorization/locks/l1\",\"type\":\"Microsoft.Authorization/locks\",\"name\":\"l1\"},{\"properties\":{\"level\":\"CanNotDelete\",\"notes\":\"In
        case of deleting by incident\"},\"id\":\"/subscriptions/00000000-0000-0000-0000-000000000000/resourcegroups/azuresdktest_reserved/providers/Microsoft.Authorization/locks/LockReservedResources\",\"type\":\"Microsoft.Authorization/locks\",\"name\":\"LockReservedResources\"},{\"properties\":{\"level\":\"CanNotDelete\",\"notes\":\"\"},\"id\":\"/subscriptions/00000000-0000-0000-0000-000000000000/resourceGroups/azure-cli-test-rg/providers/Microsoft.Authorization/locks/lock\",\"type\":\"Microsoft.Authorization/locks\",\"name\":\"lock\"},{\"properties\":{\"level\":\"CanNotDelete\",\"notes\":\"for
        msal test\"},\"id\":\"/subscriptions/00000000-0000-0000-0000-000000000000/resourceGroups/yeming/providers/Microsoft.Authorization/locks/yeliu\",\"type\":\"Microsoft.Authorization/locks\",\"name\":\"yeliu\"},{\"properties\":{\"level\":\"CanNotDelete\"},\"id\":\"/subscriptions/00000000-0000-0000-0000-000000000000/resourcegroups/azps-test-group/providers/Microsoft.Authorization/locks/do-not-delete\",\"type\":\"Microsoft.Authorization/locks\",\"name\":\"do-not-delete\"},{\"properties\":{\"level\":\"CanNotDelete\"},\"id\":\"/subscriptions/00000000-0000-0000-0000-000000000000/resourceGroups/qianwens/providers/Microsoft.Authorization/locks/donotdelete\",\"type\":\"Microsoft.Authorization/locks\",\"name\":\"donotdelete\"},{\"properties\":{\"level\":\"CanNotDelete\"},\"id\":\"/subscriptions/00000000-0000-0000-0000-000000000000/resourceGroups/jlvm2rg/providers/Microsoft.Authorization/locks/dl2\",\"type\":\"Microsoft.Authorization/locks\",\"name\":\"dl2\"},{\"properties\":{\"level\":\"CanNotDelete\"},\"id\":\"/subscriptions/00000000-0000-0000-0000-000000000000/resourceGroups/bim_pl_test_rg/providers/Microsoft.Authorization/locks/bimlk\",\"type\":\"Microsoft.Authorization/locks\",\"name\":\"bimlk\"},{\"properties\":{\"level\":\"CanNotDelete\",\"notes\":\"for
        customer issue repro  (snowflake)\"},\"id\":\"/subscriptions/00000000-0000-0000-0000-000000000000/resourcegroups/storage-v2rt-repro/providers/Microsoft.Authorization/locks/DontDelete\",\"type\":\"Microsoft.Authorization/locks\",\"name\":\"DontDelete\"},{\"properties\":{\"level\":\"CanNotDelete\"},\"id\":\"/subscriptions/00000000-0000-0000-0000-000000000000/resourceGroups/fanqiu-vm/providers/Microsoft.Authorization/locks/lock\",\"type\":\"Microsoft.Authorization/locks\",\"name\":\"lock\"},{\"properties\":{\"level\":\"CanNotDelete\"},\"id\":\"/subscriptions/00000000-0000-0000-0000-000000000000/resourcegroups/xiaojianxu/providers/Microsoft.Storage/storageAccounts/xxjwetus2storage/providers/Microsoft.Authorization/locks/xxj-storage-not-delete\",\"type\":\"Microsoft.Authorization/locks\",\"name\":\"xxj-storage-not-delete\"},{\"properties\":{\"level\":\"CanNotDelete\"},\"id\":\"/subscriptions/00000000-0000-0000-0000-000000000000/resourcegroups/xiaojianxu/providers/Microsoft.Compute/virtualMachines/xxj-westus2-ubuntu/providers/Microsoft.Authorization/locks/xxj-westus2-vm-ubuntu\",\"type\":\"Microsoft.Authorization/locks\",\"name\":\"xxj-westus2-vm-ubuntu\"},{\"properties\":{\"level\":\"CanNotDelete\"},\"id\":\"/subscriptions/00000000-0000-0000-0000-000000000000/resourcegroups/xiaojianxu/providers/Microsoft.Network/networkSecurityGroups/xxj-westus2-nsg-0/providers/Microsoft.Authorization/locks/xxj-nsg-not-delete\",\"type\":\"Microsoft.Authorization/locks\",\"name\":\"xxj-nsg-not-delete\"},{\"properties\":{\"level\":\"CanNotDelete\"},\"id\":\"/subscriptions/00000000-0000-0000-0000-000000000000/resourceGroups/jlrg1/providers/Microsoft.Authorization/locks/dl\",\"type\":\"Microsoft.Authorization/locks\",\"name\":\"dl\"},{\"properties\":{\"level\":\"CanNotDelete\",\"notes\":\"\"},\"id\":\"/subscriptions/00000000-0000-0000-0000-000000000000/resourceGroups/bim-rg/providers/Microsoft.Authorization/locks/bim_rg\",\"type\":\"Microsoft.Authorization/locks\",\"name\":\"bim_rg\"},{\"properties\":{\"level\":\"CanNotDelete\",\"notes\":\"Data
        Box Service to copy data from device to storage account.\"},\"id\":\"/subscriptions/00000000-0000-0000-0000-000000000000/resourcegroups/bim-rg/providers/Microsoft.Storage/storageAccounts/bimstorageacc/providers/Microsoft.Authorization/locks/DATABOX_SERVICE\",\"type\":\"Microsoft.Authorization/locks\",\"name\":\"DATABOX_SERVICE\"}]}"
    headers:
      cache-control:
      - no-cache
      content-length:
      - '14235'
      content-type:
      - application/json; charset=utf-8
      date:
      - Sat, 16 May 2020 02:25:48 GMT
      expires:
      - '-1'
      pragma:
      - no-cache
      strict-transport-security:
      - max-age=31536000; includeSubDomains
      transfer-encoding:
      - chunked
      vary:
      - Accept-Encoding,Accept-Encoding
      x-content-type-options:
      - nosniff
    status:
      code: 200
      message: OK
- request:
    body: null
    headers:
      Accept:
      - application/json
      Accept-Encoding:
      - gzip, deflate
      CommandName:
      - lock update
      Connection:
      - keep-alive
      ParameterSetName:
      - --ids --notes --lock-type
      User-Agent:
      - python/3.7.4 (Windows-10-10.0.18362-SP0) msrest/0.6.9 msrest_azure/0.6.3 azure-mgmt-resource/9.0.0
        Azure-SDK-For-Python AZURECLI/2.5.1
      accept-language:
      - en-US
    method: GET
    uri: https://management.azure.com/subscriptions/00000000-0000-0000-0000-000000000000/resourcegroups/cli_test_lock_commands_with_ids000001/providers/Microsoft.Network/virtualNetworks/cli-lock-vnet000002/providers/Microsoft.Authorization/locks/cli-test-lock000005?api-version=2016-09-01
  response:
    body:
      string: '{"properties":{"level":"CanNotDelete"},"id":"/subscriptions/00000000-0000-0000-0000-000000000000/resourcegroups/cli_test_lock_commands_with_ids000001/providers/Microsoft.Network/virtualNetworks/cli-lock-vnet000002/providers/Microsoft.Authorization/locks/cli-test-lock000005","type":"Microsoft.Authorization/locks","name":"cli-test-lock000005"}'
    headers:
      cache-control:
      - no-cache
      content-length:
      - '454'
      content-type:
      - application/json; charset=utf-8
      date:
      - Sat, 16 May 2020 02:25:48 GMT
      expires:
      - '-1'
      pragma:
      - no-cache
      strict-transport-security:
      - max-age=31536000; includeSubDomains
      transfer-encoding:
      - chunked
      vary:
      - Accept-Encoding,Accept-Encoding
      x-content-type-options:
      - nosniff
    status:
      code: 200
      message: OK
- request:
    body: '{"properties": {"level": "ReadOnly", "notes": "somenotes"}}'
    headers:
      Accept:
      - application/json
      Accept-Encoding:
      - gzip, deflate
      CommandName:
      - lock update
      Connection:
      - keep-alive
      Content-Length:
      - '59'
      Content-Type:
      - application/json; charset=utf-8
      ParameterSetName:
      - --ids --notes --lock-type
      User-Agent:
      - python/3.7.4 (Windows-10-10.0.18362-SP0) msrest/0.6.9 msrest_azure/0.6.3 azure-mgmt-resource/9.0.0
        Azure-SDK-For-Python AZURECLI/2.5.1
      accept-language:
      - en-US
    method: PUT
    uri: https://management.azure.com/subscriptions/00000000-0000-0000-0000-000000000000/resourcegroups/cli_test_lock_commands_with_ids000001/providers/Microsoft.Network/virtualNetworks/cli-lock-vnet000002/providers/Microsoft.Authorization/locks/cli-test-lock000005?api-version=2016-09-01
  response:
    body:
      string: '{"properties":{"level":"ReadOnly","notes":"somenotes"},"id":"/subscriptions/00000000-0000-0000-0000-000000000000/resourcegroups/cli_test_lock_commands_with_ids000001/providers/Microsoft.Network/virtualNetworks/cli-lock-vnet000002/providers/Microsoft.Authorization/locks/cli-test-lock000005","type":"Microsoft.Authorization/locks","name":"cli-test-lock000005"}'
    headers:
      cache-control:
      - no-cache
      content-length:
      - '470'
      content-type:
      - application/json; charset=utf-8
      date:
      - Sat, 16 May 2020 02:25:48 GMT
      expires:
      - '-1'
      pragma:
      - no-cache
      strict-transport-security:
      - max-age=31536000; includeSubDomains
      transfer-encoding:
      - chunked
      vary:
      - Accept-Encoding,Accept-Encoding
      x-content-type-options:
      - nosniff
      x-ms-ratelimit-remaining-subscription-writes:
      - '1198'
    status:
      code: 200
      message: OK
- request:
    body: null
    headers:
      Accept:
      - application/json
      Accept-Encoding:
      - gzip, deflate
      CommandName:
      - lock update
      Connection:
      - keep-alive
      ParameterSetName:
      - --ids --notes --lock-type
      User-Agent:
      - python/3.7.4 (Windows-10-10.0.18362-SP0) msrest/0.6.9 msrest_azure/0.6.3 azure-mgmt-resource/9.0.0
        Azure-SDK-For-Python AZURECLI/2.5.1
      accept-language:
      - en-US
    method: GET
    uri: https://management.azure.com/subscriptions/00000000-0000-0000-0000-000000000000/providers/Microsoft.Authorization/locks?api-version=2016-09-01
  response:
    body:
      string: "{\"value\":[{\"properties\":{\"level\":\"CanNotDelete\"},\"id\":\"/subscriptions/00000000-0000-0000-0000-000000000000/resourceGroups/fytest2/providers/Microsoft.Compute/snapshots/s1/providers/Microsoft.Authorization/locks/l4\",\"type\":\"Microsoft.Authorization/locks\",\"name\":\"l4\"},{\"properties\":{\"level\":\"CanNotDelete\"},\"id\":\"/subscriptions/00000000-0000-0000-0000-000000000000/resourceGroups/FYTEST2/providers/Microsoft.Compute/disks/vm1_disk1_acf86aae49414fe8b70f669510e33728/providers/Microsoft.Authorization/locks/l\",\"type\":\"Microsoft.Authorization/locks\",\"name\":\"l\"},{\"properties\":{\"level\":\"CanNotDelete\"},\"id\":\"/subscriptions/00000000-0000-0000-0000-000000000000/resourceGroups/fytest2/providers/Microsoft.Compute/virtualMachines/vm1/providers/Microsoft.Authorization/locks/l\",\"type\":\"Microsoft.Authorization/locks\",\"name\":\"l\"},{\"properties\":{\"level\":\"CanNotDelete\"},\"id\":\"/subscriptions/00000000-0000-0000-0000-000000000000/resourceGroups/fytest2/providers/Microsoft.Compute/galleries/g1/providers/Microsoft.Authorization/locks/l2\",\"type\":\"Microsoft.Authorization/locks\",\"name\":\"l2\"},{\"properties\":{\"level\":\"CanNotDelete\"},\"id\":\"/subscriptions/00000000-0000-0000-0000-000000000000/resourceGroups/fytest2/providers/Microsoft.Compute/galleries/g1/images/image1/providers/Microsoft.Authorization/locks/l3\",\"type\":\"Microsoft.Authorization/locks\",\"name\":\"l3\"},{\"properties\":{\"level\":\"CanNotDelete\"},\"id\":\"/subscriptions/00000000-0000-0000-0000-000000000000/resourceGroups/fytest2/providers/Microsoft.Compute/galleries/g1/images/image1/versions/1.0.0/providers/Microsoft.Authorization/locks/l\",\"type\":\"Microsoft.Authorization/locks\",\"name\":\"l\"},{\"properties\":{\"level\":\"CanNotDelete\"},\"id\":\"/subscriptions/00000000-0000-0000-0000-000000000000/resourcegroups/bim-rg-function/providers/Microsoft.Authorization/locks/bim-lock\",\"type\":\"Microsoft.Authorization/locks\",\"name\":\"bim-lock\"},{\"properties\":{\"level\":\"CanNotDelete\",\"notes\":\"for
        Asir\"},\"id\":\"/subscriptions/00000000-0000-0000-0000-000000000000/resourceGroups/emerald-city-bookstore/providers/Microsoft.Authorization/locks/No-DELETE\",\"type\":\"Microsoft.Authorization/locks\",\"name\":\"No-DELETE\"},{\"properties\":{\"level\":\"CanNotDelete\"},\"id\":\"/subscriptions/00000000-0000-0000-0000-000000000000/resourcegroups/harold/providers/Microsoft.Authorization/locks/delete\",\"type\":\"Microsoft.Authorization/locks\",\"name\":\"delete\"},{\"properties\":{\"level\":\"CanNotDelete\"},\"id\":\"/subscriptions/00000000-0000-0000-0000-000000000000/resourceGroups/zuhcentral/providers/Microsoft.Authorization/locks/delete\",\"type\":\"Microsoft.Authorization/locks\",\"name\":\"delete\"},{\"properties\":{\"level\":\"ReadOnly\",\"notes\":\"somenotes\"},\"id\":\"/subscriptions/00000000-0000-0000-0000-000000000000/resourceGroups/cli_test_lock_commands_with_ids000001/providers/Microsoft.Authorization/locks/cli-test-lock000004\",\"type\":\"Microsoft.Authorization/locks\",\"name\":\"cli-test-lock000004\"},{\"properties\":{\"level\":\"ReadOnly\",\"notes\":\"somenotes\"},\"id\":\"/subscriptions/00000000-0000-0000-0000-000000000000/resourcegroups/cli_test_lock_commands_with_ids000001/providers/Microsoft.Network/virtualNetworks/cli-lock-vnet000002/providers/Microsoft.Authorization/locks/cli-test-lock000005\",\"type\":\"Microsoft.Authorization/locks\",\"name\":\"cli-test-lock000005\"},{\"properties\":{\"level\":\"CanNotDelete\"},\"id\":\"/subscriptions/00000000-0000-0000-0000-000000000000/resourcegroups/cli_test_lock_commands_with_ids000001/providers/Microsoft.Network/virtualNetworks/cli-lock-vnet000002/subnets/cli-lock-subnet000003/providers/Microsoft.Authorization/locks/cli-test-lock000006\",\"type\":\"Microsoft.Authorization/locks\",\"name\":\"cli-test-lock000006\"},{\"properties\":{\"level\":\"CanNotDelete\"},\"id\":\"/subscriptions/00000000-0000-0000-0000-000000000000/resourceGroups/jlwinrg/providers/Microsoft.Authorization/locks/dl\",\"type\":\"Microsoft.Authorization/locks\",\"name\":\"dl\"},{\"properties\":{\"level\":\"CanNotDelete\"},\"id\":\"/subscriptions/00000000-0000-0000-0000-000000000000/resourceGroups/yu-test-rg-weu/providers/Microsoft.Authorization/locks/lock\",\"type\":\"Microsoft.Authorization/locks\",\"name\":\"lock\"},{\"properties\":{\"level\":\"CanNotDelete\"},\"id\":\"/subscriptions/00000000-0000-0000-0000-000000000000/resourceGroups/FYTEST3/providers/Microsoft.Compute/disks/vm1_OsDisk_1_3eb858856d5643d0a15aca7514d2eecd/providers/Microsoft.Authorization/locks/l\",\"type\":\"Microsoft.Authorization/locks\",\"name\":\"l\"},{\"properties\":{\"level\":\"CanNotDelete\"},\"id\":\"/subscriptions/00000000-0000-0000-0000-000000000000/resourceGroups/fytest3/providers/Microsoft.Compute/images/image/providers/Microsoft.Authorization/locks/l\",\"type\":\"Microsoft.Authorization/locks\",\"name\":\"l\"},{\"properties\":{\"level\":\"CanNotDelete\"},\"id\":\"/subscriptions/00000000-0000-0000-0000-000000000000/resourcegroups/feng-cli-rg/providers/Microsoft.Storage/storageAccounts/fengsa/providers/Microsoft.Authorization/locks/no-delete\",\"type\":\"Microsoft.Authorization/locks\",\"name\":\"no-delete\"},{\"properties\":{\"level\":\"CanNotDelete\"},\"id\":\"/subscriptions/00000000-0000-0000-0000-000000000000/resourceGroups/jlrubyrg/providers/Microsoft.Authorization/locks/dl\",\"type\":\"Microsoft.Authorization/locks\",\"name\":\"dl\"},{\"properties\":{\"level\":\"CanNotDelete\"},\"id\":\"/subscriptions/00000000-0000-0000-0000-000000000000/resourceGroups/yu-test-rg-ncus/providers/Microsoft.Authorization/locks/lock\",\"type\":\"Microsoft.Authorization/locks\",\"name\":\"lock\"},{\"properties\":{\"level\":\"CanNotDelete\",\"notes\":\"Auto-created
        by Azure Backup for storage accounts registered with a Recovery Services Vault.
        This lock is intended to guard against deletion of backups due to accidental
        deletion of the storage account.\"},\"id\":\"/subscriptions/00000000-0000-0000-0000-000000000000/resourcegroups/clitest.rg6i4hl6iakg/providers/microsoft.storage/storageAccounts/clitestu3p7a7ib4n4y7gt4m/providers/Microsoft.Authorization/locks/AzureBackupProtectionLock\",\"type\":\"Microsoft.Authorization/locks\",\"name\":\"AzureBackupProtectionLock\"},{\"properties\":{\"level\":\"CanNotDelete\",\"notes\":\"\"},\"id\":\"/subscriptions/00000000-0000-0000-0000-000000000000/resourceGroups/new-experiences/providers/Microsoft.Authorization/locks/NO-DELETE\",\"type\":\"Microsoft.Authorization/locks\",\"name\":\"NO-DELETE\"},{\"properties\":{\"level\":\"CanNotDelete\"},\"id\":\"/subscriptions/00000000-0000-0000-0000-000000000000/resourceGroups/zuh/providers/Microsoft.Authorization/locks/delete\",\"type\":\"Microsoft.Authorization/locks\",\"name\":\"delete\"},{\"properties\":{\"level\":\"CanNotDelete\"},\"id\":\"/subscriptions/00000000-0000-0000-0000-000000000000/resourceGroups/azure-core-poc/providers/Microsoft.Authorization/locks/lock\",\"type\":\"Microsoft.Authorization/locks\",\"name\":\"lock\"},{\"properties\":{\"level\":\"CanNotDelete\",\"notes\":\"Reserved
        resource locked by 'zhoxing-test' lab.\"},\"id\":\"/subscriptions/00000000-0000-0000-0000-000000000000/resourcegroups/zhoxing-test/providers/microsoft.storage/storageaccounts/azhoxingtest9851/providers/Microsoft.Authorization/locks/DevTestLabs
        Lock\",\"type\":\"Microsoft.Authorization/locks\",\"name\":\"DevTestLabs Lock\"},{\"properties\":{\"level\":\"CanNotDelete\",\"notes\":\"Deleting
        this App Service certificate resource is final and can\u2019t be restored,
        any bindings using this certificate will become invalid and you will need
        to re-purchase the certificate.\"},\"id\":\"/subscriptions/00000000-0000-0000-0000-000000000000/resourcegroups/zhoxing-test/providers/Microsoft.CertificateRegistration/certificateOrders/zhoxing-test/providers/Microsoft.Authorization/locks/zhoxing-test\",\"type\":\"Microsoft.Authorization/locks\",\"name\":\"zhoxing-test\"},{\"properties\":{\"level\":\"CanNotDelete\",\"notes\":\"Reserved
        resource locked by 'zhoxing-test' lab.\"},\"id\":\"/subscriptions/00000000-0000-0000-0000-000000000000/resourcegroups/zhoxing-test/providers/Microsoft.KeyVault/vaults/zhoxingtest9ac53638/providers/Microsoft.Authorization/locks/DevTestLabs
        Lock\",\"type\":\"Microsoft.Authorization/locks\",\"name\":\"DevTestLabs Lock\"},{\"properties\":{\"level\":\"CanNotDelete\",\"notes\":\"Reserved
        resource locked by 'zhoxing-test' lab.\"},\"id\":\"/subscriptions/00000000-0000-0000-0000-000000000000/resourcegroups/zhoxing-test/providers/Microsoft.KeyVault/vaults/zhoxingtest9393/providers/Microsoft.Authorization/locks/DevTestLabs
        Lock\",\"type\":\"Microsoft.Authorization/locks\",\"name\":\"DevTestLabs Lock\"},{\"properties\":{\"level\":\"ReadOnly\"},\"id\":\"/subscriptions/00000000-0000-0000-0000-000000000000/resourcegroups/zhoxing-test/providers/Microsoft.Network/virtualNetworks/zhoxing-test/providers/Microsoft.Authorization/locks/vnetlock\",\"type\":\"Microsoft.Authorization/locks\",\"name\":\"vnetlock\"},{\"properties\":{\"level\":\"ReadOnly\",\"notes\":\"sss\"},\"id\":\"/subscriptions/00000000-0000-0000-0000-000000000000/resourceGroups/zhoxing-test/providers/Microsoft.Network/virtualNetworks/zhoxing-test/providers/Microsoft.Authorization/locks/zz\",\"type\":\"Microsoft.Authorization/locks\",\"name\":\"zz\"},{\"properties\":{\"level\":\"ReadOnly\"},\"id\":\"/subscriptions/00000000-0000-0000-0000-000000000000/resourcegroups/zhoxing-test/providers/Microsoft.Network/virtualNetworks/zhoxing-test/subnets/default/providers/Microsoft.Authorization/locks/vnetlock\",\"type\":\"Microsoft.Authorization/locks\",\"name\":\"vnetlock\"},{\"properties\":{\"level\":\"CanNotDelete\",\"notes\":\"Reserved
        resource locked by 'zhoxing-test' lab.\"},\"id\":\"/subscriptions/00000000-0000-0000-0000-000000000000/resourcegroups/zhoxing-test/providers/Microsoft.Network/virtualNetworks/Dtlzhoxing-test/providers/Microsoft.Authorization/locks/DevTestLabs
        Lock\",\"type\":\"Microsoft.Authorization/locks\",\"name\":\"DevTestLabs Lock\"},{\"properties\":{\"level\":\"CanNotDelete\"},\"id\":\"/subscriptions/00000000-0000-0000-0000-000000000000/resourceGroups/fytest/providers/Microsoft.Compute/images/img1/providers/Microsoft.Authorization/locks/l1\",\"type\":\"Microsoft.Authorization/locks\",\"name\":\"l1\"},{\"properties\":{\"level\":\"CanNotDelete\"},\"id\":\"/subscriptions/00000000-0000-0000-0000-000000000000/resourceGroups/fytest/providers/Microsoft.Compute/galleries/gallery1/images/image1/providers/Microsoft.Authorization/locks/l1\",\"type\":\"Microsoft.Authorization/locks\",\"name\":\"l1\"},{\"properties\":{\"level\":\"CanNotDelete\",\"notes\":\"In
        case of deleting by incident\"},\"id\":\"/subscriptions/00000000-0000-0000-0000-000000000000/resourcegroups/azuresdktest_reserved/providers/Microsoft.Authorization/locks/LockReservedResources\",\"type\":\"Microsoft.Authorization/locks\",\"name\":\"LockReservedResources\"},{\"properties\":{\"level\":\"CanNotDelete\",\"notes\":\"\"},\"id\":\"/subscriptions/00000000-0000-0000-0000-000000000000/resourceGroups/azure-cli-test-rg/providers/Microsoft.Authorization/locks/lock\",\"type\":\"Microsoft.Authorization/locks\",\"name\":\"lock\"},{\"properties\":{\"level\":\"CanNotDelete\",\"notes\":\"for
        msal test\"},\"id\":\"/subscriptions/00000000-0000-0000-0000-000000000000/resourceGroups/yeming/providers/Microsoft.Authorization/locks/yeliu\",\"type\":\"Microsoft.Authorization/locks\",\"name\":\"yeliu\"},{\"properties\":{\"level\":\"CanNotDelete\"},\"id\":\"/subscriptions/00000000-0000-0000-0000-000000000000/resourcegroups/azps-test-group/providers/Microsoft.Authorization/locks/do-not-delete\",\"type\":\"Microsoft.Authorization/locks\",\"name\":\"do-not-delete\"},{\"properties\":{\"level\":\"CanNotDelete\"},\"id\":\"/subscriptions/00000000-0000-0000-0000-000000000000/resourceGroups/qianwens/providers/Microsoft.Authorization/locks/donotdelete\",\"type\":\"Microsoft.Authorization/locks\",\"name\":\"donotdelete\"},{\"properties\":{\"level\":\"CanNotDelete\"},\"id\":\"/subscriptions/00000000-0000-0000-0000-000000000000/resourceGroups/jlvm2rg/providers/Microsoft.Authorization/locks/dl2\",\"type\":\"Microsoft.Authorization/locks\",\"name\":\"dl2\"},{\"properties\":{\"level\":\"CanNotDelete\"},\"id\":\"/subscriptions/00000000-0000-0000-0000-000000000000/resourceGroups/bim_pl_test_rg/providers/Microsoft.Authorization/locks/bimlk\",\"type\":\"Microsoft.Authorization/locks\",\"name\":\"bimlk\"},{\"properties\":{\"level\":\"CanNotDelete\",\"notes\":\"for
        customer issue repro  (snowflake)\"},\"id\":\"/subscriptions/00000000-0000-0000-0000-000000000000/resourcegroups/storage-v2rt-repro/providers/Microsoft.Authorization/locks/DontDelete\",\"type\":\"Microsoft.Authorization/locks\",\"name\":\"DontDelete\"},{\"properties\":{\"level\":\"CanNotDelete\"},\"id\":\"/subscriptions/00000000-0000-0000-0000-000000000000/resourceGroups/fanqiu-vm/providers/Microsoft.Authorization/locks/lock\",\"type\":\"Microsoft.Authorization/locks\",\"name\":\"lock\"},{\"properties\":{\"level\":\"CanNotDelete\"},\"id\":\"/subscriptions/00000000-0000-0000-0000-000000000000/resourcegroups/xiaojianxu/providers/Microsoft.Storage/storageAccounts/xxjwetus2storage/providers/Microsoft.Authorization/locks/xxj-storage-not-delete\",\"type\":\"Microsoft.Authorization/locks\",\"name\":\"xxj-storage-not-delete\"},{\"properties\":{\"level\":\"CanNotDelete\"},\"id\":\"/subscriptions/00000000-0000-0000-0000-000000000000/resourcegroups/xiaojianxu/providers/Microsoft.Compute/virtualMachines/xxj-westus2-ubuntu/providers/Microsoft.Authorization/locks/xxj-westus2-vm-ubuntu\",\"type\":\"Microsoft.Authorization/locks\",\"name\":\"xxj-westus2-vm-ubuntu\"},{\"properties\":{\"level\":\"CanNotDelete\"},\"id\":\"/subscriptions/00000000-0000-0000-0000-000000000000/resourcegroups/xiaojianxu/providers/Microsoft.Network/networkSecurityGroups/xxj-westus2-nsg-0/providers/Microsoft.Authorization/locks/xxj-nsg-not-delete\",\"type\":\"Microsoft.Authorization/locks\",\"name\":\"xxj-nsg-not-delete\"},{\"properties\":{\"level\":\"CanNotDelete\"},\"id\":\"/subscriptions/00000000-0000-0000-0000-000000000000/resourceGroups/jlrg1/providers/Microsoft.Authorization/locks/dl\",\"type\":\"Microsoft.Authorization/locks\",\"name\":\"dl\"},{\"properties\":{\"level\":\"CanNotDelete\",\"notes\":\"\"},\"id\":\"/subscriptions/00000000-0000-0000-0000-000000000000/resourceGroups/bim-rg/providers/Microsoft.Authorization/locks/bim_rg\",\"type\":\"Microsoft.Authorization/locks\",\"name\":\"bim_rg\"},{\"properties\":{\"level\":\"CanNotDelete\",\"notes\":\"Data
        Box Service to copy data from device to storage account.\"},\"id\":\"/subscriptions/00000000-0000-0000-0000-000000000000/resourcegroups/bim-rg/providers/Microsoft.Storage/storageAccounts/bimstorageacc/providers/Microsoft.Authorization/locks/DATABOX_SERVICE\",\"type\":\"Microsoft.Authorization/locks\",\"name\":\"DATABOX_SERVICE\"}]}"
    headers:
      cache-control:
      - no-cache
      content-length:
      - '14251'
      content-type:
      - application/json; charset=utf-8
      date:
      - Sat, 16 May 2020 02:25:49 GMT
      expires:
      - '-1'
      pragma:
      - no-cache
      strict-transport-security:
      - max-age=31536000; includeSubDomains
      transfer-encoding:
      - chunked
      vary:
      - Accept-Encoding,Accept-Encoding
      x-content-type-options:
      - nosniff
    status:
      code: 200
      message: OK
- request:
    body: null
    headers:
      Accept:
      - application/json
      Accept-Encoding:
      - gzip, deflate
      CommandName:
      - lock update
      Connection:
      - keep-alive
      ParameterSetName:
      - --ids --notes --lock-type
      User-Agent:
      - python/3.7.4 (Windows-10-10.0.18362-SP0) msrest/0.6.9 msrest_azure/0.6.3 azure-mgmt-resource/9.0.0
        Azure-SDK-For-Python AZURECLI/2.5.1
      accept-language:
      - en-US
    method: GET
    uri: https://management.azure.com/subscriptions/00000000-0000-0000-0000-000000000000/resourcegroups/cli_test_lock_commands_with_ids000001/providers/Microsoft.Network/virtualNetworks/cli-lock-vnet000002/subnets/cli-lock-subnet000003/providers/Microsoft.Authorization/locks/cli-test-lock000006?api-version=2016-09-01
  response:
    body:
      string: '{"properties":{"level":"CanNotDelete"},"id":"/subscriptions/00000000-0000-0000-0000-000000000000/resourcegroups/cli_test_lock_commands_with_ids000001/providers/Microsoft.Network/virtualNetworks/cli-lock-vnet000002/subnets/cli-lock-subnet000003/providers/Microsoft.Authorization/locks/cli-test-lock000006","type":"Microsoft.Authorization/locks","name":"cli-test-lock000006"}'
    headers:
      cache-control:
      - no-cache
      content-length:
      - '433'
      content-type:
      - application/json; charset=utf-8
      date:
      - Sat, 16 May 2020 02:25:49 GMT
      expires:
      - '-1'
      pragma:
      - no-cache
      strict-transport-security:
      - max-age=31536000; includeSubDomains
      transfer-encoding:
      - chunked
      vary:
      - Accept-Encoding,Accept-Encoding
      x-content-type-options:
      - nosniff
    status:
      code: 200
      message: OK
- request:
    body: '{"properties": {"level": "ReadOnly", "notes": "somenotes"}}'
    headers:
      Accept:
      - application/json
      Accept-Encoding:
      - gzip, deflate
      CommandName:
      - lock update
      Connection:
      - keep-alive
      Content-Length:
      - '59'
      Content-Type:
      - application/json; charset=utf-8
      ParameterSetName:
      - --ids --notes --lock-type
      User-Agent:
      - python/3.7.4 (Windows-10-10.0.18362-SP0) msrest/0.6.9 msrest_azure/0.6.3 azure-mgmt-resource/9.0.0
        Azure-SDK-For-Python AZURECLI/2.5.1
      accept-language:
      - en-US
    method: PUT
    uri: https://management.azure.com/subscriptions/00000000-0000-0000-0000-000000000000/resourcegroups/cli_test_lock_commands_with_ids000001/providers/Microsoft.Network/virtualNetworks/cli-lock-vnet000002/subnets/cli-lock-subnet000003/providers/Microsoft.Authorization/locks/cli-test-lock000006?api-version=2016-09-01
  response:
    body:
      string: '{"properties":{"level":"ReadOnly","notes":"somenotes"},"id":"/subscriptions/00000000-0000-0000-0000-000000000000/resourcegroups/cli_test_lock_commands_with_ids000001/providers/Microsoft.Network/virtualNetworks/cli-lock-vnet000002/subnets/cli-lock-subnet000003/providers/Microsoft.Authorization/locks/cli-test-lock000006","type":"Microsoft.Authorization/locks","name":"cli-test-lock000006"}'
    headers:
      cache-control:
      - no-cache
      content-length:
      - '449'
      content-type:
      - application/json; charset=utf-8
      date:
      - Sat, 16 May 2020 02:25:49 GMT
      expires:
      - '-1'
      pragma:
      - no-cache
      strict-transport-security:
      - max-age=31536000; includeSubDomains
      transfer-encoding:
      - chunked
      vary:
      - Accept-Encoding,Accept-Encoding
      x-content-type-options:
      - nosniff
      x-ms-ratelimit-remaining-subscription-writes:
      - '1198'
    status:
      code: 200
      message: OK
- request:
    body: null
    headers:
      Accept:
      - application/json
      Accept-Encoding:
      - gzip, deflate
      CommandName:
      - lock delete
      Connection:
      - keep-alive
      ParameterSetName:
      - --ids
      User-Agent:
      - python/3.7.4 (Windows-10-10.0.18362-SP0) msrest/0.6.9 msrest_azure/0.6.3 azure-mgmt-resource/9.0.0
        Azure-SDK-For-Python AZURECLI/2.5.1
      accept-language:
      - en-US
    method: GET
    uri: https://management.azure.com/subscriptions/00000000-0000-0000-0000-000000000000/providers/Microsoft.Authorization/locks?api-version=2016-09-01
  response:
    body:
      string: "{\"value\":[{\"properties\":{\"level\":\"CanNotDelete\"},\"id\":\"/subscriptions/00000000-0000-0000-0000-000000000000/resourceGroups/fytest2/providers/Microsoft.Compute/snapshots/s1/providers/Microsoft.Authorization/locks/l4\",\"type\":\"Microsoft.Authorization/locks\",\"name\":\"l4\"},{\"properties\":{\"level\":\"CanNotDelete\"},\"id\":\"/subscriptions/00000000-0000-0000-0000-000000000000/resourceGroups/FYTEST2/providers/Microsoft.Compute/disks/vm1_disk1_acf86aae49414fe8b70f669510e33728/providers/Microsoft.Authorization/locks/l\",\"type\":\"Microsoft.Authorization/locks\",\"name\":\"l\"},{\"properties\":{\"level\":\"CanNotDelete\"},\"id\":\"/subscriptions/00000000-0000-0000-0000-000000000000/resourceGroups/fytest2/providers/Microsoft.Compute/virtualMachines/vm1/providers/Microsoft.Authorization/locks/l\",\"type\":\"Microsoft.Authorization/locks\",\"name\":\"l\"},{\"properties\":{\"level\":\"CanNotDelete\"},\"id\":\"/subscriptions/00000000-0000-0000-0000-000000000000/resourceGroups/fytest2/providers/Microsoft.Compute/galleries/g1/providers/Microsoft.Authorization/locks/l2\",\"type\":\"Microsoft.Authorization/locks\",\"name\":\"l2\"},{\"properties\":{\"level\":\"CanNotDelete\"},\"id\":\"/subscriptions/00000000-0000-0000-0000-000000000000/resourceGroups/fytest2/providers/Microsoft.Compute/galleries/g1/images/image1/providers/Microsoft.Authorization/locks/l3\",\"type\":\"Microsoft.Authorization/locks\",\"name\":\"l3\"},{\"properties\":{\"level\":\"CanNotDelete\"},\"id\":\"/subscriptions/00000000-0000-0000-0000-000000000000/resourceGroups/fytest2/providers/Microsoft.Compute/galleries/g1/images/image1/versions/1.0.0/providers/Microsoft.Authorization/locks/l\",\"type\":\"Microsoft.Authorization/locks\",\"name\":\"l\"},{\"properties\":{\"level\":\"CanNotDelete\"},\"id\":\"/subscriptions/00000000-0000-0000-0000-000000000000/resourcegroups/bim-rg-function/providers/Microsoft.Authorization/locks/bim-lock\",\"type\":\"Microsoft.Authorization/locks\",\"name\":\"bim-lock\"},{\"properties\":{\"level\":\"CanNotDelete\",\"notes\":\"for
        Asir\"},\"id\":\"/subscriptions/00000000-0000-0000-0000-000000000000/resourceGroups/emerald-city-bookstore/providers/Microsoft.Authorization/locks/No-DELETE\",\"type\":\"Microsoft.Authorization/locks\",\"name\":\"No-DELETE\"},{\"properties\":{\"level\":\"CanNotDelete\"},\"id\":\"/subscriptions/00000000-0000-0000-0000-000000000000/resourcegroups/harold/providers/Microsoft.Authorization/locks/delete\",\"type\":\"Microsoft.Authorization/locks\",\"name\":\"delete\"},{\"properties\":{\"level\":\"CanNotDelete\"},\"id\":\"/subscriptions/00000000-0000-0000-0000-000000000000/resourceGroups/zuhcentral/providers/Microsoft.Authorization/locks/delete\",\"type\":\"Microsoft.Authorization/locks\",\"name\":\"delete\"},{\"properties\":{\"level\":\"ReadOnly\",\"notes\":\"somenotes\"},\"id\":\"/subscriptions/00000000-0000-0000-0000-000000000000/resourceGroups/cli_test_lock_commands_with_ids000001/providers/Microsoft.Authorization/locks/cli-test-lock000004\",\"type\":\"Microsoft.Authorization/locks\",\"name\":\"cli-test-lock000004\"},{\"properties\":{\"level\":\"ReadOnly\",\"notes\":\"somenotes\"},\"id\":\"/subscriptions/00000000-0000-0000-0000-000000000000/resourcegroups/cli_test_lock_commands_with_ids000001/providers/Microsoft.Network/virtualNetworks/cli-lock-vnet000002/providers/Microsoft.Authorization/locks/cli-test-lock000005\",\"type\":\"Microsoft.Authorization/locks\",\"name\":\"cli-test-lock000005\"},{\"properties\":{\"level\":\"ReadOnly\",\"notes\":\"somenotes\"},\"id\":\"/subscriptions/00000000-0000-0000-0000-000000000000/resourcegroups/cli_test_lock_commands_with_ids000001/providers/Microsoft.Network/virtualNetworks/cli-lock-vnet000002/subnets/cli-lock-subnet000003/providers/Microsoft.Authorization/locks/cli-test-lock000006\",\"type\":\"Microsoft.Authorization/locks\",\"name\":\"cli-test-lock000006\"},{\"properties\":{\"level\":\"CanNotDelete\"},\"id\":\"/subscriptions/00000000-0000-0000-0000-000000000000/resourceGroups/jlwinrg/providers/Microsoft.Authorization/locks/dl\",\"type\":\"Microsoft.Authorization/locks\",\"name\":\"dl\"},{\"properties\":{\"level\":\"CanNotDelete\"},\"id\":\"/subscriptions/00000000-0000-0000-0000-000000000000/resourceGroups/yu-test-rg-weu/providers/Microsoft.Authorization/locks/lock\",\"type\":\"Microsoft.Authorization/locks\",\"name\":\"lock\"},{\"properties\":{\"level\":\"CanNotDelete\"},\"id\":\"/subscriptions/00000000-0000-0000-0000-000000000000/resourceGroups/FYTEST3/providers/Microsoft.Compute/disks/vm1_OsDisk_1_3eb858856d5643d0a15aca7514d2eecd/providers/Microsoft.Authorization/locks/l\",\"type\":\"Microsoft.Authorization/locks\",\"name\":\"l\"},{\"properties\":{\"level\":\"CanNotDelete\"},\"id\":\"/subscriptions/00000000-0000-0000-0000-000000000000/resourceGroups/fytest3/providers/Microsoft.Compute/images/image/providers/Microsoft.Authorization/locks/l\",\"type\":\"Microsoft.Authorization/locks\",\"name\":\"l\"},{\"properties\":{\"level\":\"CanNotDelete\"},\"id\":\"/subscriptions/00000000-0000-0000-0000-000000000000/resourcegroups/feng-cli-rg/providers/Microsoft.Storage/storageAccounts/fengsa/providers/Microsoft.Authorization/locks/no-delete\",\"type\":\"Microsoft.Authorization/locks\",\"name\":\"no-delete\"},{\"properties\":{\"level\":\"CanNotDelete\"},\"id\":\"/subscriptions/00000000-0000-0000-0000-000000000000/resourceGroups/jlrubyrg/providers/Microsoft.Authorization/locks/dl\",\"type\":\"Microsoft.Authorization/locks\",\"name\":\"dl\"},{\"properties\":{\"level\":\"CanNotDelete\"},\"id\":\"/subscriptions/00000000-0000-0000-0000-000000000000/resourceGroups/yu-test-rg-ncus/providers/Microsoft.Authorization/locks/lock\",\"type\":\"Microsoft.Authorization/locks\",\"name\":\"lock\"},{\"properties\":{\"level\":\"CanNotDelete\",\"notes\":\"Auto-created
        by Azure Backup for storage accounts registered with a Recovery Services Vault.
        This lock is intended to guard against deletion of backups due to accidental
        deletion of the storage account.\"},\"id\":\"/subscriptions/00000000-0000-0000-0000-000000000000/resourcegroups/clitest.rg6i4hl6iakg/providers/microsoft.storage/storageAccounts/clitestu3p7a7ib4n4y7gt4m/providers/Microsoft.Authorization/locks/AzureBackupProtectionLock\",\"type\":\"Microsoft.Authorization/locks\",\"name\":\"AzureBackupProtectionLock\"},{\"properties\":{\"level\":\"CanNotDelete\",\"notes\":\"\"},\"id\":\"/subscriptions/00000000-0000-0000-0000-000000000000/resourceGroups/new-experiences/providers/Microsoft.Authorization/locks/NO-DELETE\",\"type\":\"Microsoft.Authorization/locks\",\"name\":\"NO-DELETE\"},{\"properties\":{\"level\":\"CanNotDelete\"},\"id\":\"/subscriptions/00000000-0000-0000-0000-000000000000/resourceGroups/zuh/providers/Microsoft.Authorization/locks/delete\",\"type\":\"Microsoft.Authorization/locks\",\"name\":\"delete\"},{\"properties\":{\"level\":\"CanNotDelete\"},\"id\":\"/subscriptions/00000000-0000-0000-0000-000000000000/resourceGroups/azure-core-poc/providers/Microsoft.Authorization/locks/lock\",\"type\":\"Microsoft.Authorization/locks\",\"name\":\"lock\"},{\"properties\":{\"level\":\"CanNotDelete\",\"notes\":\"Reserved
        resource locked by 'zhoxing-test' lab.\"},\"id\":\"/subscriptions/00000000-0000-0000-0000-000000000000/resourcegroups/zhoxing-test/providers/microsoft.storage/storageaccounts/azhoxingtest9851/providers/Microsoft.Authorization/locks/DevTestLabs
        Lock\",\"type\":\"Microsoft.Authorization/locks\",\"name\":\"DevTestLabs Lock\"},{\"properties\":{\"level\":\"CanNotDelete\",\"notes\":\"Deleting
        this App Service certificate resource is final and can\u2019t be restored,
        any bindings using this certificate will become invalid and you will need
        to re-purchase the certificate.\"},\"id\":\"/subscriptions/00000000-0000-0000-0000-000000000000/resourcegroups/zhoxing-test/providers/Microsoft.CertificateRegistration/certificateOrders/zhoxing-test/providers/Microsoft.Authorization/locks/zhoxing-test\",\"type\":\"Microsoft.Authorization/locks\",\"name\":\"zhoxing-test\"},{\"properties\":{\"level\":\"CanNotDelete\",\"notes\":\"Reserved
        resource locked by 'zhoxing-test' lab.\"},\"id\":\"/subscriptions/00000000-0000-0000-0000-000000000000/resourcegroups/zhoxing-test/providers/Microsoft.KeyVault/vaults/zhoxingtest9ac53638/providers/Microsoft.Authorization/locks/DevTestLabs
        Lock\",\"type\":\"Microsoft.Authorization/locks\",\"name\":\"DevTestLabs Lock\"},{\"properties\":{\"level\":\"CanNotDelete\",\"notes\":\"Reserved
        resource locked by 'zhoxing-test' lab.\"},\"id\":\"/subscriptions/00000000-0000-0000-0000-000000000000/resourcegroups/zhoxing-test/providers/Microsoft.KeyVault/vaults/zhoxingtest9393/providers/Microsoft.Authorization/locks/DevTestLabs
        Lock\",\"type\":\"Microsoft.Authorization/locks\",\"name\":\"DevTestLabs Lock\"},{\"properties\":{\"level\":\"ReadOnly\"},\"id\":\"/subscriptions/00000000-0000-0000-0000-000000000000/resourcegroups/zhoxing-test/providers/Microsoft.Network/virtualNetworks/zhoxing-test/providers/Microsoft.Authorization/locks/vnetlock\",\"type\":\"Microsoft.Authorization/locks\",\"name\":\"vnetlock\"},{\"properties\":{\"level\":\"ReadOnly\",\"notes\":\"sss\"},\"id\":\"/subscriptions/00000000-0000-0000-0000-000000000000/resourceGroups/zhoxing-test/providers/Microsoft.Network/virtualNetworks/zhoxing-test/providers/Microsoft.Authorization/locks/zz\",\"type\":\"Microsoft.Authorization/locks\",\"name\":\"zz\"},{\"properties\":{\"level\":\"ReadOnly\"},\"id\":\"/subscriptions/00000000-0000-0000-0000-000000000000/resourcegroups/zhoxing-test/providers/Microsoft.Network/virtualNetworks/zhoxing-test/subnets/default/providers/Microsoft.Authorization/locks/vnetlock\",\"type\":\"Microsoft.Authorization/locks\",\"name\":\"vnetlock\"},{\"properties\":{\"level\":\"CanNotDelete\",\"notes\":\"Reserved
        resource locked by 'zhoxing-test' lab.\"},\"id\":\"/subscriptions/00000000-0000-0000-0000-000000000000/resourcegroups/zhoxing-test/providers/Microsoft.Network/virtualNetworks/Dtlzhoxing-test/providers/Microsoft.Authorization/locks/DevTestLabs
        Lock\",\"type\":\"Microsoft.Authorization/locks\",\"name\":\"DevTestLabs Lock\"},{\"properties\":{\"level\":\"CanNotDelete\"},\"id\":\"/subscriptions/00000000-0000-0000-0000-000000000000/resourceGroups/fytest/providers/Microsoft.Compute/images/img1/providers/Microsoft.Authorization/locks/l1\",\"type\":\"Microsoft.Authorization/locks\",\"name\":\"l1\"},{\"properties\":{\"level\":\"CanNotDelete\"},\"id\":\"/subscriptions/00000000-0000-0000-0000-000000000000/resourceGroups/fytest/providers/Microsoft.Compute/galleries/gallery1/images/image1/providers/Microsoft.Authorization/locks/l1\",\"type\":\"Microsoft.Authorization/locks\",\"name\":\"l1\"},{\"properties\":{\"level\":\"CanNotDelete\",\"notes\":\"In
        case of deleting by incident\"},\"id\":\"/subscriptions/00000000-0000-0000-0000-000000000000/resourcegroups/azuresdktest_reserved/providers/Microsoft.Authorization/locks/LockReservedResources\",\"type\":\"Microsoft.Authorization/locks\",\"name\":\"LockReservedResources\"},{\"properties\":{\"level\":\"CanNotDelete\",\"notes\":\"\"},\"id\":\"/subscriptions/00000000-0000-0000-0000-000000000000/resourceGroups/azure-cli-test-rg/providers/Microsoft.Authorization/locks/lock\",\"type\":\"Microsoft.Authorization/locks\",\"name\":\"lock\"},{\"properties\":{\"level\":\"CanNotDelete\",\"notes\":\"for
        msal test\"},\"id\":\"/subscriptions/00000000-0000-0000-0000-000000000000/resourceGroups/yeming/providers/Microsoft.Authorization/locks/yeliu\",\"type\":\"Microsoft.Authorization/locks\",\"name\":\"yeliu\"},{\"properties\":{\"level\":\"CanNotDelete\"},\"id\":\"/subscriptions/00000000-0000-0000-0000-000000000000/resourcegroups/azps-test-group/providers/Microsoft.Authorization/locks/do-not-delete\",\"type\":\"Microsoft.Authorization/locks\",\"name\":\"do-not-delete\"},{\"properties\":{\"level\":\"CanNotDelete\"},\"id\":\"/subscriptions/00000000-0000-0000-0000-000000000000/resourceGroups/qianwens/providers/Microsoft.Authorization/locks/donotdelete\",\"type\":\"Microsoft.Authorization/locks\",\"name\":\"donotdelete\"},{\"properties\":{\"level\":\"CanNotDelete\"},\"id\":\"/subscriptions/00000000-0000-0000-0000-000000000000/resourceGroups/jlvm2rg/providers/Microsoft.Authorization/locks/dl2\",\"type\":\"Microsoft.Authorization/locks\",\"name\":\"dl2\"},{\"properties\":{\"level\":\"CanNotDelete\"},\"id\":\"/subscriptions/00000000-0000-0000-0000-000000000000/resourceGroups/bim_pl_test_rg/providers/Microsoft.Authorization/locks/bimlk\",\"type\":\"Microsoft.Authorization/locks\",\"name\":\"bimlk\"},{\"properties\":{\"level\":\"CanNotDelete\",\"notes\":\"for
        customer issue repro  (snowflake)\"},\"id\":\"/subscriptions/00000000-0000-0000-0000-000000000000/resourcegroups/storage-v2rt-repro/providers/Microsoft.Authorization/locks/DontDelete\",\"type\":\"Microsoft.Authorization/locks\",\"name\":\"DontDelete\"},{\"properties\":{\"level\":\"CanNotDelete\"},\"id\":\"/subscriptions/00000000-0000-0000-0000-000000000000/resourceGroups/fanqiu-vm/providers/Microsoft.Authorization/locks/lock\",\"type\":\"Microsoft.Authorization/locks\",\"name\":\"lock\"},{\"properties\":{\"level\":\"CanNotDelete\"},\"id\":\"/subscriptions/00000000-0000-0000-0000-000000000000/resourcegroups/xiaojianxu/providers/Microsoft.Storage/storageAccounts/xxjwetus2storage/providers/Microsoft.Authorization/locks/xxj-storage-not-delete\",\"type\":\"Microsoft.Authorization/locks\",\"name\":\"xxj-storage-not-delete\"},{\"properties\":{\"level\":\"CanNotDelete\"},\"id\":\"/subscriptions/00000000-0000-0000-0000-000000000000/resourcegroups/xiaojianxu/providers/Microsoft.Compute/virtualMachines/xxj-westus2-ubuntu/providers/Microsoft.Authorization/locks/xxj-westus2-vm-ubuntu\",\"type\":\"Microsoft.Authorization/locks\",\"name\":\"xxj-westus2-vm-ubuntu\"},{\"properties\":{\"level\":\"CanNotDelete\"},\"id\":\"/subscriptions/00000000-0000-0000-0000-000000000000/resourcegroups/xiaojianxu/providers/Microsoft.Network/networkSecurityGroups/xxj-westus2-nsg-0/providers/Microsoft.Authorization/locks/xxj-nsg-not-delete\",\"type\":\"Microsoft.Authorization/locks\",\"name\":\"xxj-nsg-not-delete\"},{\"properties\":{\"level\":\"CanNotDelete\"},\"id\":\"/subscriptions/00000000-0000-0000-0000-000000000000/resourceGroups/jlrg1/providers/Microsoft.Authorization/locks/dl\",\"type\":\"Microsoft.Authorization/locks\",\"name\":\"dl\"},{\"properties\":{\"level\":\"CanNotDelete\",\"notes\":\"\"},\"id\":\"/subscriptions/00000000-0000-0000-0000-000000000000/resourceGroups/bim-rg/providers/Microsoft.Authorization/locks/bim_rg\",\"type\":\"Microsoft.Authorization/locks\",\"name\":\"bim_rg\"},{\"properties\":{\"level\":\"CanNotDelete\",\"notes\":\"Data
        Box Service to copy data from device to storage account.\"},\"id\":\"/subscriptions/00000000-0000-0000-0000-000000000000/resourcegroups/bim-rg/providers/Microsoft.Storage/storageAccounts/bimstorageacc/providers/Microsoft.Authorization/locks/DATABOX_SERVICE\",\"type\":\"Microsoft.Authorization/locks\",\"name\":\"DATABOX_SERVICE\"}]}"
    headers:
      cache-control:
      - no-cache
      content-length:
      - '14267'
      content-type:
      - application/json; charset=utf-8
      date:
      - Sat, 16 May 2020 02:25:50 GMT
      expires:
      - '-1'
      pragma:
      - no-cache
      strict-transport-security:
      - max-age=31536000; includeSubDomains
      transfer-encoding:
      - chunked
      vary:
      - Accept-Encoding,Accept-Encoding
      x-content-type-options:
      - nosniff
    status:
      code: 200
      message: OK
- request:
    body: null
    headers:
      Accept:
      - application/json
      Accept-Encoding:
      - gzip, deflate
      CommandName:
      - lock delete
      Connection:
      - keep-alive
      Content-Length:
      - '0'
      ParameterSetName:
      - --ids
      User-Agent:
      - python/3.7.4 (Windows-10-10.0.18362-SP0) msrest/0.6.9 msrest_azure/0.6.3 azure-mgmt-resource/9.0.0
        Azure-SDK-For-Python AZURECLI/2.5.1
      accept-language:
      - en-US
    method: DELETE
    uri: https://management.azure.com/subscriptions/00000000-0000-0000-0000-000000000000/resourceGroups/cli_test_lock_commands_with_ids000001/providers/Microsoft.Authorization/locks/cli-test-lock000004?api-version=2016-09-01
  response:
    body:
      string: ''
    headers:
      cache-control:
      - no-cache
      content-length:
      - '0'
      date:
      - Sat, 16 May 2020 02:25:50 GMT
      expires:
      - '-1'
      pragma:
      - no-cache
      strict-transport-security:
      - max-age=31536000; includeSubDomains
      x-content-type-options:
      - nosniff
      x-ms-ratelimit-remaining-subscription-deletes:
      - '14999'
    status:
      code: 200
      message: OK
- request:
    body: null
    headers:
      Accept:
      - application/json
      Accept-Encoding:
      - gzip, deflate
      CommandName:
      - lock delete
      Connection:
      - keep-alive
      ParameterSetName:
      - --ids
      User-Agent:
      - python/3.7.4 (Windows-10-10.0.18362-SP0) msrest/0.6.9 msrest_azure/0.6.3 azure-mgmt-resource/9.0.0
        Azure-SDK-For-Python AZURECLI/2.5.1
      accept-language:
      - en-US
    method: GET
    uri: https://management.azure.com/subscriptions/00000000-0000-0000-0000-000000000000/providers/Microsoft.Authorization/locks?api-version=2016-09-01
  response:
    body:
      string: "{\"value\":[{\"properties\":{\"level\":\"CanNotDelete\"},\"id\":\"/subscriptions/00000000-0000-0000-0000-000000000000/resourceGroups/fytest2/providers/Microsoft.Compute/snapshots/s1/providers/Microsoft.Authorization/locks/l4\",\"type\":\"Microsoft.Authorization/locks\",\"name\":\"l4\"},{\"properties\":{\"level\":\"CanNotDelete\"},\"id\":\"/subscriptions/00000000-0000-0000-0000-000000000000/resourceGroups/FYTEST2/providers/Microsoft.Compute/disks/vm1_disk1_acf86aae49414fe8b70f669510e33728/providers/Microsoft.Authorization/locks/l\",\"type\":\"Microsoft.Authorization/locks\",\"name\":\"l\"},{\"properties\":{\"level\":\"CanNotDelete\"},\"id\":\"/subscriptions/00000000-0000-0000-0000-000000000000/resourceGroups/fytest2/providers/Microsoft.Compute/virtualMachines/vm1/providers/Microsoft.Authorization/locks/l\",\"type\":\"Microsoft.Authorization/locks\",\"name\":\"l\"},{\"properties\":{\"level\":\"CanNotDelete\"},\"id\":\"/subscriptions/00000000-0000-0000-0000-000000000000/resourceGroups/fytest2/providers/Microsoft.Compute/galleries/g1/providers/Microsoft.Authorization/locks/l2\",\"type\":\"Microsoft.Authorization/locks\",\"name\":\"l2\"},{\"properties\":{\"level\":\"CanNotDelete\"},\"id\":\"/subscriptions/00000000-0000-0000-0000-000000000000/resourceGroups/fytest2/providers/Microsoft.Compute/galleries/g1/images/image1/providers/Microsoft.Authorization/locks/l3\",\"type\":\"Microsoft.Authorization/locks\",\"name\":\"l3\"},{\"properties\":{\"level\":\"CanNotDelete\"},\"id\":\"/subscriptions/00000000-0000-0000-0000-000000000000/resourceGroups/fytest2/providers/Microsoft.Compute/galleries/g1/images/image1/versions/1.0.0/providers/Microsoft.Authorization/locks/l\",\"type\":\"Microsoft.Authorization/locks\",\"name\":\"l\"},{\"properties\":{\"level\":\"CanNotDelete\"},\"id\":\"/subscriptions/00000000-0000-0000-0000-000000000000/resourcegroups/bim-rg-function/providers/Microsoft.Authorization/locks/bim-lock\",\"type\":\"Microsoft.Authorization/locks\",\"name\":\"bim-lock\"},{\"properties\":{\"level\":\"CanNotDelete\",\"notes\":\"for
        Asir\"},\"id\":\"/subscriptions/00000000-0000-0000-0000-000000000000/resourceGroups/emerald-city-bookstore/providers/Microsoft.Authorization/locks/No-DELETE\",\"type\":\"Microsoft.Authorization/locks\",\"name\":\"No-DELETE\"},{\"properties\":{\"level\":\"CanNotDelete\"},\"id\":\"/subscriptions/00000000-0000-0000-0000-000000000000/resourcegroups/harold/providers/Microsoft.Authorization/locks/delete\",\"type\":\"Microsoft.Authorization/locks\",\"name\":\"delete\"},{\"properties\":{\"level\":\"CanNotDelete\"},\"id\":\"/subscriptions/00000000-0000-0000-0000-000000000000/resourceGroups/zuhcentral/providers/Microsoft.Authorization/locks/delete\",\"type\":\"Microsoft.Authorization/locks\",\"name\":\"delete\"},{\"properties\":{\"level\":\"ReadOnly\",\"notes\":\"somenotes\"},\"id\":\"/subscriptions/00000000-0000-0000-0000-000000000000/resourcegroups/cli_test_lock_commands_with_ids000001/providers/Microsoft.Network/virtualNetworks/cli-lock-vnet000002/providers/Microsoft.Authorization/locks/cli-test-lock000005\",\"type\":\"Microsoft.Authorization/locks\",\"name\":\"cli-test-lock000005\"},{\"properties\":{\"level\":\"ReadOnly\",\"notes\":\"somenotes\"},\"id\":\"/subscriptions/00000000-0000-0000-0000-000000000000/resourcegroups/cli_test_lock_commands_with_ids000001/providers/Microsoft.Network/virtualNetworks/cli-lock-vnet000002/subnets/cli-lock-subnet000003/providers/Microsoft.Authorization/locks/cli-test-lock000006\",\"type\":\"Microsoft.Authorization/locks\",\"name\":\"cli-test-lock000006\"},{\"properties\":{\"level\":\"CanNotDelete\"},\"id\":\"/subscriptions/00000000-0000-0000-0000-000000000000/resourceGroups/jlwinrg/providers/Microsoft.Authorization/locks/dl\",\"type\":\"Microsoft.Authorization/locks\",\"name\":\"dl\"},{\"properties\":{\"level\":\"CanNotDelete\"},\"id\":\"/subscriptions/00000000-0000-0000-0000-000000000000/resourceGroups/yu-test-rg-weu/providers/Microsoft.Authorization/locks/lock\",\"type\":\"Microsoft.Authorization/locks\",\"name\":\"lock\"},{\"properties\":{\"level\":\"CanNotDelete\"},\"id\":\"/subscriptions/00000000-0000-0000-0000-000000000000/resourceGroups/FYTEST3/providers/Microsoft.Compute/disks/vm1_OsDisk_1_3eb858856d5643d0a15aca7514d2eecd/providers/Microsoft.Authorization/locks/l\",\"type\":\"Microsoft.Authorization/locks\",\"name\":\"l\"},{\"properties\":{\"level\":\"CanNotDelete\"},\"id\":\"/subscriptions/00000000-0000-0000-0000-000000000000/resourceGroups/fytest3/providers/Microsoft.Compute/images/image/providers/Microsoft.Authorization/locks/l\",\"type\":\"Microsoft.Authorization/locks\",\"name\":\"l\"},{\"properties\":{\"level\":\"CanNotDelete\"},\"id\":\"/subscriptions/00000000-0000-0000-0000-000000000000/resourcegroups/feng-cli-rg/providers/Microsoft.Storage/storageAccounts/fengsa/providers/Microsoft.Authorization/locks/no-delete\",\"type\":\"Microsoft.Authorization/locks\",\"name\":\"no-delete\"},{\"properties\":{\"level\":\"CanNotDelete\"},\"id\":\"/subscriptions/00000000-0000-0000-0000-000000000000/resourceGroups/jlrubyrg/providers/Microsoft.Authorization/locks/dl\",\"type\":\"Microsoft.Authorization/locks\",\"name\":\"dl\"},{\"properties\":{\"level\":\"CanNotDelete\"},\"id\":\"/subscriptions/00000000-0000-0000-0000-000000000000/resourceGroups/yu-test-rg-ncus/providers/Microsoft.Authorization/locks/lock\",\"type\":\"Microsoft.Authorization/locks\",\"name\":\"lock\"},{\"properties\":{\"level\":\"CanNotDelete\",\"notes\":\"Auto-created
        by Azure Backup for storage accounts registered with a Recovery Services Vault.
        This lock is intended to guard against deletion of backups due to accidental
        deletion of the storage account.\"},\"id\":\"/subscriptions/00000000-0000-0000-0000-000000000000/resourcegroups/clitest.rg6i4hl6iakg/providers/microsoft.storage/storageAccounts/clitestu3p7a7ib4n4y7gt4m/providers/Microsoft.Authorization/locks/AzureBackupProtectionLock\",\"type\":\"Microsoft.Authorization/locks\",\"name\":\"AzureBackupProtectionLock\"},{\"properties\":{\"level\":\"CanNotDelete\",\"notes\":\"\"},\"id\":\"/subscriptions/00000000-0000-0000-0000-000000000000/resourceGroups/new-experiences/providers/Microsoft.Authorization/locks/NO-DELETE\",\"type\":\"Microsoft.Authorization/locks\",\"name\":\"NO-DELETE\"},{\"properties\":{\"level\":\"CanNotDelete\"},\"id\":\"/subscriptions/00000000-0000-0000-0000-000000000000/resourceGroups/zuh/providers/Microsoft.Authorization/locks/delete\",\"type\":\"Microsoft.Authorization/locks\",\"name\":\"delete\"},{\"properties\":{\"level\":\"CanNotDelete\"},\"id\":\"/subscriptions/00000000-0000-0000-0000-000000000000/resourceGroups/azure-core-poc/providers/Microsoft.Authorization/locks/lock\",\"type\":\"Microsoft.Authorization/locks\",\"name\":\"lock\"},{\"properties\":{\"level\":\"CanNotDelete\",\"notes\":\"Reserved
        resource locked by 'zhoxing-test' lab.\"},\"id\":\"/subscriptions/00000000-0000-0000-0000-000000000000/resourcegroups/zhoxing-test/providers/microsoft.storage/storageaccounts/azhoxingtest9851/providers/Microsoft.Authorization/locks/DevTestLabs
        Lock\",\"type\":\"Microsoft.Authorization/locks\",\"name\":\"DevTestLabs Lock\"},{\"properties\":{\"level\":\"CanNotDelete\",\"notes\":\"Deleting
        this App Service certificate resource is final and can\u2019t be restored,
        any bindings using this certificate will become invalid and you will need
        to re-purchase the certificate.\"},\"id\":\"/subscriptions/00000000-0000-0000-0000-000000000000/resourcegroups/zhoxing-test/providers/Microsoft.CertificateRegistration/certificateOrders/zhoxing-test/providers/Microsoft.Authorization/locks/zhoxing-test\",\"type\":\"Microsoft.Authorization/locks\",\"name\":\"zhoxing-test\"},{\"properties\":{\"level\":\"CanNotDelete\",\"notes\":\"Reserved
        resource locked by 'zhoxing-test' lab.\"},\"id\":\"/subscriptions/00000000-0000-0000-0000-000000000000/resourcegroups/zhoxing-test/providers/Microsoft.KeyVault/vaults/zhoxingtest9ac53638/providers/Microsoft.Authorization/locks/DevTestLabs
        Lock\",\"type\":\"Microsoft.Authorization/locks\",\"name\":\"DevTestLabs Lock\"},{\"properties\":{\"level\":\"CanNotDelete\",\"notes\":\"Reserved
        resource locked by 'zhoxing-test' lab.\"},\"id\":\"/subscriptions/00000000-0000-0000-0000-000000000000/resourcegroups/zhoxing-test/providers/Microsoft.KeyVault/vaults/zhoxingtest9393/providers/Microsoft.Authorization/locks/DevTestLabs
        Lock\",\"type\":\"Microsoft.Authorization/locks\",\"name\":\"DevTestLabs Lock\"},{\"properties\":{\"level\":\"ReadOnly\"},\"id\":\"/subscriptions/00000000-0000-0000-0000-000000000000/resourcegroups/zhoxing-test/providers/Microsoft.Network/virtualNetworks/zhoxing-test/providers/Microsoft.Authorization/locks/vnetlock\",\"type\":\"Microsoft.Authorization/locks\",\"name\":\"vnetlock\"},{\"properties\":{\"level\":\"ReadOnly\",\"notes\":\"sss\"},\"id\":\"/subscriptions/00000000-0000-0000-0000-000000000000/resourceGroups/zhoxing-test/providers/Microsoft.Network/virtualNetworks/zhoxing-test/providers/Microsoft.Authorization/locks/zz\",\"type\":\"Microsoft.Authorization/locks\",\"name\":\"zz\"},{\"properties\":{\"level\":\"ReadOnly\"},\"id\":\"/subscriptions/00000000-0000-0000-0000-000000000000/resourcegroups/zhoxing-test/providers/Microsoft.Network/virtualNetworks/zhoxing-test/subnets/default/providers/Microsoft.Authorization/locks/vnetlock\",\"type\":\"Microsoft.Authorization/locks\",\"name\":\"vnetlock\"},{\"properties\":{\"level\":\"CanNotDelete\",\"notes\":\"Reserved
        resource locked by 'zhoxing-test' lab.\"},\"id\":\"/subscriptions/00000000-0000-0000-0000-000000000000/resourcegroups/zhoxing-test/providers/Microsoft.Network/virtualNetworks/Dtlzhoxing-test/providers/Microsoft.Authorization/locks/DevTestLabs
        Lock\",\"type\":\"Microsoft.Authorization/locks\",\"name\":\"DevTestLabs Lock\"},{\"properties\":{\"level\":\"CanNotDelete\"},\"id\":\"/subscriptions/00000000-0000-0000-0000-000000000000/resourceGroups/fytest/providers/Microsoft.Compute/images/img1/providers/Microsoft.Authorization/locks/l1\",\"type\":\"Microsoft.Authorization/locks\",\"name\":\"l1\"},{\"properties\":{\"level\":\"CanNotDelete\"},\"id\":\"/subscriptions/00000000-0000-0000-0000-000000000000/resourceGroups/fytest/providers/Microsoft.Compute/galleries/gallery1/images/image1/providers/Microsoft.Authorization/locks/l1\",\"type\":\"Microsoft.Authorization/locks\",\"name\":\"l1\"},{\"properties\":{\"level\":\"CanNotDelete\",\"notes\":\"In
        case of deleting by incident\"},\"id\":\"/subscriptions/00000000-0000-0000-0000-000000000000/resourcegroups/azuresdktest_reserved/providers/Microsoft.Authorization/locks/LockReservedResources\",\"type\":\"Microsoft.Authorization/locks\",\"name\":\"LockReservedResources\"},{\"properties\":{\"level\":\"CanNotDelete\",\"notes\":\"\"},\"id\":\"/subscriptions/00000000-0000-0000-0000-000000000000/resourceGroups/azure-cli-test-rg/providers/Microsoft.Authorization/locks/lock\",\"type\":\"Microsoft.Authorization/locks\",\"name\":\"lock\"},{\"properties\":{\"level\":\"CanNotDelete\",\"notes\":\"for
        msal test\"},\"id\":\"/subscriptions/00000000-0000-0000-0000-000000000000/resourceGroups/yeming/providers/Microsoft.Authorization/locks/yeliu\",\"type\":\"Microsoft.Authorization/locks\",\"name\":\"yeliu\"},{\"properties\":{\"level\":\"CanNotDelete\"},\"id\":\"/subscriptions/00000000-0000-0000-0000-000000000000/resourcegroups/azps-test-group/providers/Microsoft.Authorization/locks/do-not-delete\",\"type\":\"Microsoft.Authorization/locks\",\"name\":\"do-not-delete\"},{\"properties\":{\"level\":\"CanNotDelete\"},\"id\":\"/subscriptions/00000000-0000-0000-0000-000000000000/resourceGroups/qianwens/providers/Microsoft.Authorization/locks/donotdelete\",\"type\":\"Microsoft.Authorization/locks\",\"name\":\"donotdelete\"},{\"properties\":{\"level\":\"CanNotDelete\"},\"id\":\"/subscriptions/00000000-0000-0000-0000-000000000000/resourceGroups/jlvm2rg/providers/Microsoft.Authorization/locks/dl2\",\"type\":\"Microsoft.Authorization/locks\",\"name\":\"dl2\"},{\"properties\":{\"level\":\"CanNotDelete\"},\"id\":\"/subscriptions/00000000-0000-0000-0000-000000000000/resourceGroups/bim_pl_test_rg/providers/Microsoft.Authorization/locks/bimlk\",\"type\":\"Microsoft.Authorization/locks\",\"name\":\"bimlk\"},{\"properties\":{\"level\":\"CanNotDelete\",\"notes\":\"for
        customer issue repro  (snowflake)\"},\"id\":\"/subscriptions/00000000-0000-0000-0000-000000000000/resourcegroups/storage-v2rt-repro/providers/Microsoft.Authorization/locks/DontDelete\",\"type\":\"Microsoft.Authorization/locks\",\"name\":\"DontDelete\"},{\"properties\":{\"level\":\"CanNotDelete\"},\"id\":\"/subscriptions/00000000-0000-0000-0000-000000000000/resourceGroups/fanqiu-vm/providers/Microsoft.Authorization/locks/lock\",\"type\":\"Microsoft.Authorization/locks\",\"name\":\"lock\"},{\"properties\":{\"level\":\"CanNotDelete\"},\"id\":\"/subscriptions/00000000-0000-0000-0000-000000000000/resourcegroups/xiaojianxu/providers/Microsoft.Storage/storageAccounts/xxjwetus2storage/providers/Microsoft.Authorization/locks/xxj-storage-not-delete\",\"type\":\"Microsoft.Authorization/locks\",\"name\":\"xxj-storage-not-delete\"},{\"properties\":{\"level\":\"CanNotDelete\"},\"id\":\"/subscriptions/00000000-0000-0000-0000-000000000000/resourcegroups/xiaojianxu/providers/Microsoft.Compute/virtualMachines/xxj-westus2-ubuntu/providers/Microsoft.Authorization/locks/xxj-westus2-vm-ubuntu\",\"type\":\"Microsoft.Authorization/locks\",\"name\":\"xxj-westus2-vm-ubuntu\"},{\"properties\":{\"level\":\"CanNotDelete\"},\"id\":\"/subscriptions/00000000-0000-0000-0000-000000000000/resourcegroups/xiaojianxu/providers/Microsoft.Network/networkSecurityGroups/xxj-westus2-nsg-0/providers/Microsoft.Authorization/locks/xxj-nsg-not-delete\",\"type\":\"Microsoft.Authorization/locks\",\"name\":\"xxj-nsg-not-delete\"},{\"properties\":{\"level\":\"CanNotDelete\"},\"id\":\"/subscriptions/00000000-0000-0000-0000-000000000000/resourceGroups/jlrg1/providers/Microsoft.Authorization/locks/dl\",\"type\":\"Microsoft.Authorization/locks\",\"name\":\"dl\"},{\"properties\":{\"level\":\"CanNotDelete\",\"notes\":\"\"},\"id\":\"/subscriptions/00000000-0000-0000-0000-000000000000/resourceGroups/bim-rg/providers/Microsoft.Authorization/locks/bim_rg\",\"type\":\"Microsoft.Authorization/locks\",\"name\":\"bim_rg\"},{\"properties\":{\"level\":\"CanNotDelete\",\"notes\":\"Data
        Box Service to copy data from device to storage account.\"},\"id\":\"/subscriptions/00000000-0000-0000-0000-000000000000/resourcegroups/bim-rg/providers/Microsoft.Storage/storageAccounts/bimstorageacc/providers/Microsoft.Authorization/locks/DATABOX_SERVICE\",\"type\":\"Microsoft.Authorization/locks\",\"name\":\"DATABOX_SERVICE\"}]}"
    headers:
      cache-control:
      - no-cache
      content-length:
      - '13871'
      content-type:
      - application/json; charset=utf-8
      date:
      - Sat, 16 May 2020 02:25:51 GMT
      expires:
      - '-1'
      pragma:
      - no-cache
      strict-transport-security:
      - max-age=31536000; includeSubDomains
      transfer-encoding:
      - chunked
      vary:
      - Accept-Encoding,Accept-Encoding
      x-content-type-options:
      - nosniff
    status:
      code: 200
      message: OK
- request:
    body: null
    headers:
      Accept:
      - application/json
      Accept-Encoding:
      - gzip, deflate
      CommandName:
      - lock delete
      Connection:
      - keep-alive
      Content-Length:
      - '0'
      ParameterSetName:
      - --ids
      User-Agent:
      - python/3.7.4 (Windows-10-10.0.18362-SP0) msrest/0.6.9 msrest_azure/0.6.3 azure-mgmt-resource/9.0.0
        Azure-SDK-For-Python AZURECLI/2.5.1
      accept-language:
      - en-US
    method: DELETE
    uri: https://management.azure.com/subscriptions/00000000-0000-0000-0000-000000000000/resourcegroups/cli_test_lock_commands_with_ids000001/providers/Microsoft.Network/virtualNetworks/cli-lock-vnet000002/providers/Microsoft.Authorization/locks/cli-test-lock000005?api-version=2016-09-01
  response:
    body:
      string: ''
    headers:
      cache-control:
      - no-cache
      content-length:
      - '0'
      date:
      - Sat, 16 May 2020 02:25:51 GMT
      expires:
      - '-1'
      pragma:
      - no-cache
      strict-transport-security:
      - max-age=31536000; includeSubDomains
      x-content-type-options:
      - nosniff
      x-ms-ratelimit-remaining-subscription-deletes:
      - '14998'
    status:
      code: 200
      message: OK
- request:
    body: null
    headers:
      Accept:
      - application/json
      Accept-Encoding:
      - gzip, deflate
      CommandName:
      - lock delete
      Connection:
      - keep-alive
      ParameterSetName:
      - --ids
      User-Agent:
      - python/3.7.4 (Windows-10-10.0.18362-SP0) msrest/0.6.9 msrest_azure/0.6.3 azure-mgmt-resource/9.0.0
        Azure-SDK-For-Python AZURECLI/2.5.1
      accept-language:
      - en-US
    method: GET
    uri: https://management.azure.com/subscriptions/00000000-0000-0000-0000-000000000000/providers/Microsoft.Authorization/locks?api-version=2016-09-01
  response:
    body:
      string: "{\"value\":[{\"properties\":{\"level\":\"CanNotDelete\"},\"id\":\"/subscriptions/00000000-0000-0000-0000-000000000000/resourceGroups/fytest2/providers/Microsoft.Compute/snapshots/s1/providers/Microsoft.Authorization/locks/l4\",\"type\":\"Microsoft.Authorization/locks\",\"name\":\"l4\"},{\"properties\":{\"level\":\"CanNotDelete\"},\"id\":\"/subscriptions/00000000-0000-0000-0000-000000000000/resourceGroups/FYTEST2/providers/Microsoft.Compute/disks/vm1_disk1_acf86aae49414fe8b70f669510e33728/providers/Microsoft.Authorization/locks/l\",\"type\":\"Microsoft.Authorization/locks\",\"name\":\"l\"},{\"properties\":{\"level\":\"CanNotDelete\"},\"id\":\"/subscriptions/00000000-0000-0000-0000-000000000000/resourceGroups/fytest2/providers/Microsoft.Compute/virtualMachines/vm1/providers/Microsoft.Authorization/locks/l\",\"type\":\"Microsoft.Authorization/locks\",\"name\":\"l\"},{\"properties\":{\"level\":\"CanNotDelete\"},\"id\":\"/subscriptions/00000000-0000-0000-0000-000000000000/resourceGroups/fytest2/providers/Microsoft.Compute/galleries/g1/providers/Microsoft.Authorization/locks/l2\",\"type\":\"Microsoft.Authorization/locks\",\"name\":\"l2\"},{\"properties\":{\"level\":\"CanNotDelete\"},\"id\":\"/subscriptions/00000000-0000-0000-0000-000000000000/resourceGroups/fytest2/providers/Microsoft.Compute/galleries/g1/images/image1/providers/Microsoft.Authorization/locks/l3\",\"type\":\"Microsoft.Authorization/locks\",\"name\":\"l3\"},{\"properties\":{\"level\":\"CanNotDelete\"},\"id\":\"/subscriptions/00000000-0000-0000-0000-000000000000/resourceGroups/fytest2/providers/Microsoft.Compute/galleries/g1/images/image1/versions/1.0.0/providers/Microsoft.Authorization/locks/l\",\"type\":\"Microsoft.Authorization/locks\",\"name\":\"l\"},{\"properties\":{\"level\":\"CanNotDelete\"},\"id\":\"/subscriptions/00000000-0000-0000-0000-000000000000/resourcegroups/bim-rg-function/providers/Microsoft.Authorization/locks/bim-lock\",\"type\":\"Microsoft.Authorization/locks\",\"name\":\"bim-lock\"},{\"properties\":{\"level\":\"CanNotDelete\",\"notes\":\"for
        Asir\"},\"id\":\"/subscriptions/00000000-0000-0000-0000-000000000000/resourceGroups/emerald-city-bookstore/providers/Microsoft.Authorization/locks/No-DELETE\",\"type\":\"Microsoft.Authorization/locks\",\"name\":\"No-DELETE\"},{\"properties\":{\"level\":\"CanNotDelete\"},\"id\":\"/subscriptions/00000000-0000-0000-0000-000000000000/resourcegroups/harold/providers/Microsoft.Authorization/locks/delete\",\"type\":\"Microsoft.Authorization/locks\",\"name\":\"delete\"},{\"properties\":{\"level\":\"CanNotDelete\"},\"id\":\"/subscriptions/00000000-0000-0000-0000-000000000000/resourceGroups/zuhcentral/providers/Microsoft.Authorization/locks/delete\",\"type\":\"Microsoft.Authorization/locks\",\"name\":\"delete\"},{\"properties\":{\"level\":\"ReadOnly\",\"notes\":\"somenotes\"},\"id\":\"/subscriptions/00000000-0000-0000-0000-000000000000/resourcegroups/cli_test_lock_commands_with_ids000001/providers/Microsoft.Network/virtualNetworks/cli-lock-vnet000002/subnets/cli-lock-subnet000003/providers/Microsoft.Authorization/locks/cli-test-lock000006\",\"type\":\"Microsoft.Authorization/locks\",\"name\":\"cli-test-lock000006\"},{\"properties\":{\"level\":\"CanNotDelete\"},\"id\":\"/subscriptions/00000000-0000-0000-0000-000000000000/resourceGroups/jlwinrg/providers/Microsoft.Authorization/locks/dl\",\"type\":\"Microsoft.Authorization/locks\",\"name\":\"dl\"},{\"properties\":{\"level\":\"CanNotDelete\"},\"id\":\"/subscriptions/00000000-0000-0000-0000-000000000000/resourceGroups/yu-test-rg-weu/providers/Microsoft.Authorization/locks/lock\",\"type\":\"Microsoft.Authorization/locks\",\"name\":\"lock\"},{\"properties\":{\"level\":\"CanNotDelete\"},\"id\":\"/subscriptions/00000000-0000-0000-0000-000000000000/resourceGroups/FYTEST3/providers/Microsoft.Compute/disks/vm1_OsDisk_1_3eb858856d5643d0a15aca7514d2eecd/providers/Microsoft.Authorization/locks/l\",\"type\":\"Microsoft.Authorization/locks\",\"name\":\"l\"},{\"properties\":{\"level\":\"CanNotDelete\"},\"id\":\"/subscriptions/00000000-0000-0000-0000-000000000000/resourceGroups/fytest3/providers/Microsoft.Compute/images/image/providers/Microsoft.Authorization/locks/l\",\"type\":\"Microsoft.Authorization/locks\",\"name\":\"l\"},{\"properties\":{\"level\":\"CanNotDelete\"},\"id\":\"/subscriptions/00000000-0000-0000-0000-000000000000/resourcegroups/feng-cli-rg/providers/Microsoft.Storage/storageAccounts/fengsa/providers/Microsoft.Authorization/locks/no-delete\",\"type\":\"Microsoft.Authorization/locks\",\"name\":\"no-delete\"},{\"properties\":{\"level\":\"CanNotDelete\"},\"id\":\"/subscriptions/00000000-0000-0000-0000-000000000000/resourceGroups/jlrubyrg/providers/Microsoft.Authorization/locks/dl\",\"type\":\"Microsoft.Authorization/locks\",\"name\":\"dl\"},{\"properties\":{\"level\":\"CanNotDelete\"},\"id\":\"/subscriptions/00000000-0000-0000-0000-000000000000/resourceGroups/yu-test-rg-ncus/providers/Microsoft.Authorization/locks/lock\",\"type\":\"Microsoft.Authorization/locks\",\"name\":\"lock\"},{\"properties\":{\"level\":\"CanNotDelete\",\"notes\":\"Auto-created
        by Azure Backup for storage accounts registered with a Recovery Services Vault.
        This lock is intended to guard against deletion of backups due to accidental
        deletion of the storage account.\"},\"id\":\"/subscriptions/00000000-0000-0000-0000-000000000000/resourcegroups/clitest.rg6i4hl6iakg/providers/microsoft.storage/storageAccounts/clitestu3p7a7ib4n4y7gt4m/providers/Microsoft.Authorization/locks/AzureBackupProtectionLock\",\"type\":\"Microsoft.Authorization/locks\",\"name\":\"AzureBackupProtectionLock\"},{\"properties\":{\"level\":\"CanNotDelete\",\"notes\":\"\"},\"id\":\"/subscriptions/00000000-0000-0000-0000-000000000000/resourceGroups/new-experiences/providers/Microsoft.Authorization/locks/NO-DELETE\",\"type\":\"Microsoft.Authorization/locks\",\"name\":\"NO-DELETE\"},{\"properties\":{\"level\":\"CanNotDelete\"},\"id\":\"/subscriptions/00000000-0000-0000-0000-000000000000/resourceGroups/zuh/providers/Microsoft.Authorization/locks/delete\",\"type\":\"Microsoft.Authorization/locks\",\"name\":\"delete\"},{\"properties\":{\"level\":\"CanNotDelete\"},\"id\":\"/subscriptions/00000000-0000-0000-0000-000000000000/resourceGroups/azure-core-poc/providers/Microsoft.Authorization/locks/lock\",\"type\":\"Microsoft.Authorization/locks\",\"name\":\"lock\"},{\"properties\":{\"level\":\"CanNotDelete\",\"notes\":\"Reserved
        resource locked by 'zhoxing-test' lab.\"},\"id\":\"/subscriptions/00000000-0000-0000-0000-000000000000/resourcegroups/zhoxing-test/providers/microsoft.storage/storageaccounts/azhoxingtest9851/providers/Microsoft.Authorization/locks/DevTestLabs
        Lock\",\"type\":\"Microsoft.Authorization/locks\",\"name\":\"DevTestLabs Lock\"},{\"properties\":{\"level\":\"CanNotDelete\",\"notes\":\"Deleting
        this App Service certificate resource is final and can\u2019t be restored,
        any bindings using this certificate will become invalid and you will need
        to re-purchase the certificate.\"},\"id\":\"/subscriptions/00000000-0000-0000-0000-000000000000/resourcegroups/zhoxing-test/providers/Microsoft.CertificateRegistration/certificateOrders/zhoxing-test/providers/Microsoft.Authorization/locks/zhoxing-test\",\"type\":\"Microsoft.Authorization/locks\",\"name\":\"zhoxing-test\"},{\"properties\":{\"level\":\"CanNotDelete\",\"notes\":\"Reserved
        resource locked by 'zhoxing-test' lab.\"},\"id\":\"/subscriptions/00000000-0000-0000-0000-000000000000/resourcegroups/zhoxing-test/providers/Microsoft.KeyVault/vaults/zhoxingtest9ac53638/providers/Microsoft.Authorization/locks/DevTestLabs
        Lock\",\"type\":\"Microsoft.Authorization/locks\",\"name\":\"DevTestLabs Lock\"},{\"properties\":{\"level\":\"CanNotDelete\",\"notes\":\"Reserved
        resource locked by 'zhoxing-test' lab.\"},\"id\":\"/subscriptions/00000000-0000-0000-0000-000000000000/resourcegroups/zhoxing-test/providers/Microsoft.KeyVault/vaults/zhoxingtest9393/providers/Microsoft.Authorization/locks/DevTestLabs
        Lock\",\"type\":\"Microsoft.Authorization/locks\",\"name\":\"DevTestLabs Lock\"},{\"properties\":{\"level\":\"ReadOnly\"},\"id\":\"/subscriptions/00000000-0000-0000-0000-000000000000/resourcegroups/zhoxing-test/providers/Microsoft.Network/virtualNetworks/zhoxing-test/providers/Microsoft.Authorization/locks/vnetlock\",\"type\":\"Microsoft.Authorization/locks\",\"name\":\"vnetlock\"},{\"properties\":{\"level\":\"ReadOnly\",\"notes\":\"sss\"},\"id\":\"/subscriptions/00000000-0000-0000-0000-000000000000/resourceGroups/zhoxing-test/providers/Microsoft.Network/virtualNetworks/zhoxing-test/providers/Microsoft.Authorization/locks/zz\",\"type\":\"Microsoft.Authorization/locks\",\"name\":\"zz\"},{\"properties\":{\"level\":\"ReadOnly\"},\"id\":\"/subscriptions/00000000-0000-0000-0000-000000000000/resourcegroups/zhoxing-test/providers/Microsoft.Network/virtualNetworks/zhoxing-test/subnets/default/providers/Microsoft.Authorization/locks/vnetlock\",\"type\":\"Microsoft.Authorization/locks\",\"name\":\"vnetlock\"},{\"properties\":{\"level\":\"CanNotDelete\",\"notes\":\"Reserved
        resource locked by 'zhoxing-test' lab.\"},\"id\":\"/subscriptions/00000000-0000-0000-0000-000000000000/resourcegroups/zhoxing-test/providers/Microsoft.Network/virtualNetworks/Dtlzhoxing-test/providers/Microsoft.Authorization/locks/DevTestLabs
        Lock\",\"type\":\"Microsoft.Authorization/locks\",\"name\":\"DevTestLabs Lock\"},{\"properties\":{\"level\":\"CanNotDelete\"},\"id\":\"/subscriptions/00000000-0000-0000-0000-000000000000/resourceGroups/fytest/providers/Microsoft.Compute/images/img1/providers/Microsoft.Authorization/locks/l1\",\"type\":\"Microsoft.Authorization/locks\",\"name\":\"l1\"},{\"properties\":{\"level\":\"CanNotDelete\"},\"id\":\"/subscriptions/00000000-0000-0000-0000-000000000000/resourceGroups/fytest/providers/Microsoft.Compute/galleries/gallery1/images/image1/providers/Microsoft.Authorization/locks/l1\",\"type\":\"Microsoft.Authorization/locks\",\"name\":\"l1\"},{\"properties\":{\"level\":\"CanNotDelete\",\"notes\":\"In
        case of deleting by incident\"},\"id\":\"/subscriptions/00000000-0000-0000-0000-000000000000/resourcegroups/azuresdktest_reserved/providers/Microsoft.Authorization/locks/LockReservedResources\",\"type\":\"Microsoft.Authorization/locks\",\"name\":\"LockReservedResources\"},{\"properties\":{\"level\":\"CanNotDelete\",\"notes\":\"\"},\"id\":\"/subscriptions/00000000-0000-0000-0000-000000000000/resourceGroups/azure-cli-test-rg/providers/Microsoft.Authorization/locks/lock\",\"type\":\"Microsoft.Authorization/locks\",\"name\":\"lock\"},{\"properties\":{\"level\":\"CanNotDelete\",\"notes\":\"for
        msal test\"},\"id\":\"/subscriptions/00000000-0000-0000-0000-000000000000/resourceGroups/yeming/providers/Microsoft.Authorization/locks/yeliu\",\"type\":\"Microsoft.Authorization/locks\",\"name\":\"yeliu\"},{\"properties\":{\"level\":\"CanNotDelete\"},\"id\":\"/subscriptions/00000000-0000-0000-0000-000000000000/resourcegroups/azps-test-group/providers/Microsoft.Authorization/locks/do-not-delete\",\"type\":\"Microsoft.Authorization/locks\",\"name\":\"do-not-delete\"},{\"properties\":{\"level\":\"CanNotDelete\"},\"id\":\"/subscriptions/00000000-0000-0000-0000-000000000000/resourceGroups/qianwens/providers/Microsoft.Authorization/locks/donotdelete\",\"type\":\"Microsoft.Authorization/locks\",\"name\":\"donotdelete\"},{\"properties\":{\"level\":\"CanNotDelete\"},\"id\":\"/subscriptions/00000000-0000-0000-0000-000000000000/resourceGroups/jlvm2rg/providers/Microsoft.Authorization/locks/dl2\",\"type\":\"Microsoft.Authorization/locks\",\"name\":\"dl2\"},{\"properties\":{\"level\":\"CanNotDelete\"},\"id\":\"/subscriptions/00000000-0000-0000-0000-000000000000/resourceGroups/bim_pl_test_rg/providers/Microsoft.Authorization/locks/bimlk\",\"type\":\"Microsoft.Authorization/locks\",\"name\":\"bimlk\"},{\"properties\":{\"level\":\"CanNotDelete\",\"notes\":\"for
        customer issue repro  (snowflake)\"},\"id\":\"/subscriptions/00000000-0000-0000-0000-000000000000/resourcegroups/storage-v2rt-repro/providers/Microsoft.Authorization/locks/DontDelete\",\"type\":\"Microsoft.Authorization/locks\",\"name\":\"DontDelete\"},{\"properties\":{\"level\":\"CanNotDelete\"},\"id\":\"/subscriptions/00000000-0000-0000-0000-000000000000/resourceGroups/fanqiu-vm/providers/Microsoft.Authorization/locks/lock\",\"type\":\"Microsoft.Authorization/locks\",\"name\":\"lock\"},{\"properties\":{\"level\":\"CanNotDelete\"},\"id\":\"/subscriptions/00000000-0000-0000-0000-000000000000/resourcegroups/xiaojianxu/providers/Microsoft.Storage/storageAccounts/xxjwetus2storage/providers/Microsoft.Authorization/locks/xxj-storage-not-delete\",\"type\":\"Microsoft.Authorization/locks\",\"name\":\"xxj-storage-not-delete\"},{\"properties\":{\"level\":\"CanNotDelete\"},\"id\":\"/subscriptions/00000000-0000-0000-0000-000000000000/resourcegroups/xiaojianxu/providers/Microsoft.Compute/virtualMachines/xxj-westus2-ubuntu/providers/Microsoft.Authorization/locks/xxj-westus2-vm-ubuntu\",\"type\":\"Microsoft.Authorization/locks\",\"name\":\"xxj-westus2-vm-ubuntu\"},{\"properties\":{\"level\":\"CanNotDelete\"},\"id\":\"/subscriptions/00000000-0000-0000-0000-000000000000/resourcegroups/xiaojianxu/providers/Microsoft.Network/networkSecurityGroups/xxj-westus2-nsg-0/providers/Microsoft.Authorization/locks/xxj-nsg-not-delete\",\"type\":\"Microsoft.Authorization/locks\",\"name\":\"xxj-nsg-not-delete\"},{\"properties\":{\"level\":\"CanNotDelete\"},\"id\":\"/subscriptions/00000000-0000-0000-0000-000000000000/resourceGroups/jlrg1/providers/Microsoft.Authorization/locks/dl\",\"type\":\"Microsoft.Authorization/locks\",\"name\":\"dl\"},{\"properties\":{\"level\":\"CanNotDelete\",\"notes\":\"\"},\"id\":\"/subscriptions/00000000-0000-0000-0000-000000000000/resourceGroups/bim-rg/providers/Microsoft.Authorization/locks/bim_rg\",\"type\":\"Microsoft.Authorization/locks\",\"name\":\"bim_rg\"},{\"properties\":{\"level\":\"CanNotDelete\",\"notes\":\"Data
        Box Service to copy data from device to storage account.\"},\"id\":\"/subscriptions/00000000-0000-0000-0000-000000000000/resourcegroups/bim-rg/providers/Microsoft.Storage/storageAccounts/bimstorageacc/providers/Microsoft.Authorization/locks/DATABOX_SERVICE\",\"type\":\"Microsoft.Authorization/locks\",\"name\":\"DATABOX_SERVICE\"}]}"
    headers:
      cache-control:
      - no-cache
      content-length:
      - '13400'
      content-type:
      - application/json; charset=utf-8
      date:
      - Sat, 16 May 2020 02:25:52 GMT
      expires:
      - '-1'
      pragma:
      - no-cache
      strict-transport-security:
      - max-age=31536000; includeSubDomains
      transfer-encoding:
      - chunked
      vary:
      - Accept-Encoding,Accept-Encoding
      x-content-type-options:
      - nosniff
    status:
      code: 200
      message: OK
- request:
    body: null
    headers:
      Accept:
      - application/json
      Accept-Encoding:
      - gzip, deflate
      CommandName:
      - lock delete
      Connection:
      - keep-alive
      Content-Length:
      - '0'
      ParameterSetName:
      - --ids
      User-Agent:
      - python/3.7.4 (Windows-10-10.0.18362-SP0) msrest/0.6.9 msrest_azure/0.6.3 azure-mgmt-resource/9.0.0
        Azure-SDK-For-Python AZURECLI/2.5.1
      accept-language:
      - en-US
    method: DELETE
    uri: https://management.azure.com/subscriptions/00000000-0000-0000-0000-000000000000/resourcegroups/cli_test_lock_commands_with_ids000001/providers/Microsoft.Network/virtualNetworks/cli-lock-vnet000002/subnets/cli-lock-subnet000003/providers/Microsoft.Authorization/locks/cli-test-lock000006?api-version=2016-09-01
  response:
    body:
      string: ''
    headers:
      cache-control:
      - no-cache
      content-length:
      - '0'
      date:
      - Sat, 16 May 2020 02:25:52 GMT
      expires:
      - '-1'
      pragma:
      - no-cache
      strict-transport-security:
      - max-age=31536000; includeSubDomains
      x-content-type-options:
      - nosniff
      x-ms-ratelimit-remaining-subscription-deletes:
      - '14998'
    status:
      code: 200
      message: OK
- request:
    body: null
    headers:
      Accept:
      - application/json
      Accept-Encoding:
      - gzip, deflate
      CommandName:
      - lock list
      Connection:
      - keep-alive
      ParameterSetName:
      - -g -o
      User-Agent:
      - python/3.7.4 (Windows-10-10.0.18362-SP0) msrest/0.6.9 msrest_azure/0.6.3 azure-mgmt-resource/9.0.0
        Azure-SDK-For-Python AZURECLI/2.5.1
      accept-language:
      - en-US
    method: GET
    uri: https://management.azure.com/subscriptions/00000000-0000-0000-0000-000000000000/resourceGroups/cli_test_lock_commands_with_ids000001/providers/Microsoft.Authorization/locks?api-version=2016-09-01
  response:
    body:
      string: '{"value":[]}'
    headers:
      cache-control:
      - no-cache
      content-length:
      - '12'
      content-type:
      - application/json; charset=utf-8
      date:
      - Sat, 16 May 2020 02:25:58 GMT
      expires:
      - '-1'
      pragma:
      - no-cache
      strict-transport-security:
      - max-age=31536000; includeSubDomains
      transfer-encoding:
      - chunked
      vary:
      - Accept-Encoding,Accept-Encoding
      x-content-type-options:
      - nosniff
    status:
      code: 200
      message: OK
version: 1
