interactions:
- request:
    body: null
    headers:
      Accept:
      - application/json
      Accept-Encoding:
      - gzip, deflate
      CommandName:
      - account management-group create
      Connection:
      - keep-alive
      Content-Length:
      - '0'
      Content-Type:
      - application/json
      ParameterSetName:
      - --name
      User-Agent:
      - AZURECLI/2.32.0 azsdk-python-azure-mgmt-resource/20.0.0 Python/3.7.8 (Windows-10-10.0.19041-SP0)
    method: POST
    uri: https://management.azure.com/subscriptions/00000000-0000-0000-0000-000000000000/providers/Microsoft.Management/register?api-version=2021-04-01
  response:
    body:
      string: '{"id":"/subscriptions/00000000-0000-0000-0000-000000000000/providers/Microsoft.Management","namespace":"Microsoft.Management","authorization":{"applicationId":"f2c304cf-8e7e-4c3f-8164-16299ad9d272","roleDefinitionId":"c1cf3708-588a-4647-be7f-f400bbe214cf"},"resourceTypes":[{"resourceType":"resources","locations":[],"apiVersions":["2017-11-01-preview","2017-08-31-preview","2017-06-30-preview","2017-05-31-preview"],"capabilities":"None"},{"resourceType":"managementGroups","locations":[],"apiVersions":["2021-04-01","2020-10-01","2020-05-01","2020-02-01","2019-11-01","2018-03-01-preview","2018-03-01-beta","2018-01-01-preview","2017-11-01-preview","2017-08-31-preview","2017-06-30-preview","2017-05-31-preview"],"capabilities":"None"},{"resourceType":"getEntities","locations":[],"apiVersions":["2021-04-01","2020-10-01","2020-05-01","2020-02-01","2019-11-01","2018-03-01-preview","2018-03-01-beta","2018-01-01-preview"],"capabilities":"None"},{"resourceType":"managementGroups/settings","locations":[],"apiVersions":["2021-04-01","2020-10-01","2020-05-01","2020-02-01","2018-03-01-beta"],"capabilities":"None"},{"resourceType":"checkNameAvailability","locations":[],"apiVersions":["2021-04-01","2020-10-01","2020-05-01","2020-02-01","2019-11-01","2018-03-01-preview","2018-03-01-beta","2018-01-01-preview"],"capabilities":"None"},{"resourceType":"operationResults","locations":[],"apiVersions":["2021-04-01","2020-10-01","2020-05-01","2020-02-01","2019-11-01","2018-03-01-preview","2018-03-01-beta","2018-01-01-preview"],"capabilities":"None"},{"resourceType":"operationResults/asyncOperation","locations":[],"apiVersions":["2021-04-01","2020-10-01","2020-05-01","2020-02-01","2019-11-01","2018-03-01-preview","2018-03-01-beta","2018-01-01-preview","2017-11-01-preview","2017-08-31-preview","2017-06-30-preview","2017-05-31-preview"],"capabilities":"None"},{"resourceType":"operations","locations":[],"apiVersions":["2021-04-01","2020-10-01","2020-05-01","2020-02-01","2019-11-01","2018-03-01-preview","2018-03-01-beta","2018-01-01-preview","2017-11-01-preview","2017-08-31-preview","2017-06-30-preview","2017-05-31-preview"],"capabilities":"None"},{"resourceType":"tenantBackfillStatus","locations":[],"apiVersions":["2021-04-01","2020-10-01","2020-05-01","2020-02-01","2019-11-01","2018-03-01-preview","2018-03-01-beta"],"capabilities":"None"},{"resourceType":"startTenantBackfill","locations":[],"apiVersions":["2021-04-01","2020-10-01","2020-05-01","2020-02-01","2019-11-01","2018-03-01-preview","2018-03-01-beta"],"capabilities":"None"}],"registrationState":"Registered","registrationPolicy":"RegistrationRequired"}'
    headers:
      cache-control:
      - no-cache
      content-length:
      - '2624'
      content-type:
      - application/json; charset=utf-8
      date:
      - Wed, 12 Jan 2022 22:00:32 GMT
      expires:
      - '-1'
      pragma:
      - no-cache
      strict-transport-security:
      - max-age=31536000; includeSubDomains
      transfer-encoding:
      - chunked
      vary:
      - Accept-Encoding
      x-content-type-options:
      - nosniff
      x-ms-ratelimit-remaining-subscription-writes:
      - '1199'
    status:
      code: 200
      message: OK
- request:
    body: null
    headers:
      Accept:
      - application/json
      Accept-Encoding:
      - gzip, deflate
      CommandName:
      - account management-group create
      Connection:
      - keep-alive
      ParameterSetName:
      - --name
      User-Agent:
      - AZURECLI/2.32.0 azsdk-python-azure-mgmt-resource/20.0.0 Python/3.7.8 (Windows-10-10.0.19041-SP0)
    method: GET
    uri: https://management.azure.com/subscriptions/00000000-0000-0000-0000-000000000000/providers/Microsoft.Management?api-version=2021-04-01
  response:
    body:
      string: '{"id":"/subscriptions/00000000-0000-0000-0000-000000000000/providers/Microsoft.Management","namespace":"Microsoft.Management","authorization":{"applicationId":"f2c304cf-8e7e-4c3f-8164-16299ad9d272","roleDefinitionId":"c1cf3708-588a-4647-be7f-f400bbe214cf"},"resourceTypes":[{"resourceType":"resources","locations":[],"apiVersions":["2017-11-01-preview","2017-08-31-preview","2017-06-30-preview","2017-05-31-preview"],"capabilities":"None"},{"resourceType":"managementGroups","locations":[],"apiVersions":["2021-04-01","2020-10-01","2020-05-01","2020-02-01","2019-11-01","2018-03-01-preview","2018-03-01-beta","2018-01-01-preview","2017-11-01-preview","2017-08-31-preview","2017-06-30-preview","2017-05-31-preview"],"capabilities":"None"},{"resourceType":"getEntities","locations":[],"apiVersions":["2021-04-01","2020-10-01","2020-05-01","2020-02-01","2019-11-01","2018-03-01-preview","2018-03-01-beta","2018-01-01-preview"],"capabilities":"None"},{"resourceType":"managementGroups/settings","locations":[],"apiVersions":["2021-04-01","2020-10-01","2020-05-01","2020-02-01","2018-03-01-beta"],"capabilities":"None"},{"resourceType":"checkNameAvailability","locations":[],"apiVersions":["2021-04-01","2020-10-01","2020-05-01","2020-02-01","2019-11-01","2018-03-01-preview","2018-03-01-beta","2018-01-01-preview"],"capabilities":"None"},{"resourceType":"operationResults","locations":[],"apiVersions":["2021-04-01","2020-10-01","2020-05-01","2020-02-01","2019-11-01","2018-03-01-preview","2018-03-01-beta","2018-01-01-preview"],"capabilities":"None"},{"resourceType":"operationResults/asyncOperation","locations":[],"apiVersions":["2021-04-01","2020-10-01","2020-05-01","2020-02-01","2019-11-01","2018-03-01-preview","2018-03-01-beta","2018-01-01-preview","2017-11-01-preview","2017-08-31-preview","2017-06-30-preview","2017-05-31-preview"],"capabilities":"None"},{"resourceType":"operations","locations":[],"apiVersions":["2021-04-01","2020-10-01","2020-05-01","2020-02-01","2019-11-01","2018-03-01-preview","2018-03-01-beta","2018-01-01-preview","2017-11-01-preview","2017-08-31-preview","2017-06-30-preview","2017-05-31-preview"],"capabilities":"None"},{"resourceType":"tenantBackfillStatus","locations":[],"apiVersions":["2021-04-01","2020-10-01","2020-05-01","2020-02-01","2019-11-01","2018-03-01-preview","2018-03-01-beta"],"capabilities":"None"},{"resourceType":"startTenantBackfill","locations":[],"apiVersions":["2021-04-01","2020-10-01","2020-05-01","2020-02-01","2019-11-01","2018-03-01-preview","2018-03-01-beta"],"capabilities":"None"}],"registrationState":"Registered","registrationPolicy":"RegistrationRequired"}'
    headers:
      cache-control:
      - no-cache
      content-length:
      - '2624'
      content-type:
      - application/json; charset=utf-8
      date:
      - Wed, 12 Jan 2022 22:00:42 GMT
      expires:
      - '-1'
      pragma:
      - no-cache
      strict-transport-security:
      - max-age=31536000; includeSubDomains
      vary:
      - Accept-Encoding
      x-content-type-options:
      - nosniff
    status:
      code: 200
      message: OK
- request:
    body: '{"name": "testcligroup", "properties": {"details": {"parent": {}}}}'
    headers:
      Accept:
      - application/json
      Accept-Encoding:
      - gzip, deflate
      Cache-Control:
      - no-cache
      CommandName:
      - account management-group create
      Connection:
      - keep-alive
      Content-Length:
      - '67'
      Content-Type:
      - application/json
      ParameterSetName:
      - --name
      User-Agent:
      - AZURECLI/2.32.0 azsdk-python-mgmt-managementgroups/1.0.0 Python/3.7.8 (Windows-10-10.0.19041-SP0)
    method: PUT
    uri: https://management.azure.com/providers/Microsoft.Management/managementGroups/testcligroup?api-version=2021-04-01
  response:
    body:
      string: '{"id":"/providers/Microsoft.Management/managementGroups/testcligroup","type":"Microsoft.Management/managementGroups","name":"testcligroup","status":"NotStarted"}'
    headers:
      azure-asyncoperation:
      - https://management.azure.com/providers/Microsoft.Management/operationResults/create/asyncOperation/status/managementGroups/testcligroup?api-version=2021-04-01
      cache-control:
      - no-cache
      content-length:
      - '161'
      content-type:
      - application/json; charset=utf-8
      date:
      - Wed, 12 Jan 2022 22:00:42 GMT
      expires:
      - '-1'
      location:
      - https://management.azure.com/providers/Microsoft.Management/operationResults/create/managementGroups/testcligroup?api-version=2021-04-01
      pragma:
      - no-cache
      request-id:
      - be002a9c-b857-4306-95aa-2234d0f09c85
      server:
      - Microsoft-HTTPAPI/2.0
      strict-transport-security:
      - max-age=31536000; includeSubDomains
      x-ba-restapi:
      - 1.0.3.2425
      x-content-type-options:
      - nosniff
      x-ms-ratelimit-remaining-managementgroups-requests:
      - '59'
      x-ms-ratelimit-remaining-tenant-writes:
      - '1199'
    status:
      code: 202
      message: Accepted
- request:
    body: null
    headers:
      Accept:
      - '*/*'
      Accept-Encoding:
      - gzip, deflate
      CommandName:
      - account management-group create
      Connection:
      - keep-alive
      ParameterSetName:
      - --name
      User-Agent:
      - AZURECLI/2.32.0 azsdk-python-mgmt-managementgroups/1.0.0 Python/3.7.8 (Windows-10-10.0.19041-SP0)
    method: GET
    uri: https://management.azure.com/providers/Microsoft.Management/operationResults/create/asyncOperation/status/managementGroups/testcligroup?api-version=2021-04-01
  response:
    body:
      string: '{"id":"/providers/Microsoft.Management/operationResults/create/asyncOperation/status/managementGroups/testcligroup","name":"testcligroup","status":"Running"}'
    headers:
      azure-asyncoperation:
      - https://management.azure.com/providers/Microsoft.Management/operationResults/create/asyncOperation/status/managementGroups/testcligroup?api-version=2021-04-01
      cache-control:
      - no-cache
      content-length:
      - '157'
      content-type:
      - application/json; charset=utf-8
      date:
      - Wed, 12 Jan 2022 22:00:53 GMT
      expires:
      - '-1'
      location:
      - https://management.azure.com/providers/Microsoft.Management/operationResults/create/managementGroups/testcligroup?api-version=2021-04-01
      pragma:
      - no-cache
      request-id:
      - 891fa5e3-d772-4ba9-a3b4-4b25b4556de2
      server:
      - Microsoft-HTTPAPI/2.0
      strict-transport-security:
      - max-age=31536000; includeSubDomains
      transfer-encoding:
      - chunked
      vary:
      - Accept-Encoding
      x-ba-restapi:
      - 1.0.3.2425
      x-content-type-options:
      - nosniff
    status:
      code: 200
      message: OK
- request:
    body: null
    headers:
      Accept:
      - '*/*'
      Accept-Encoding:
      - gzip, deflate
      CommandName:
      - account management-group create
      Connection:
      - keep-alive
      ParameterSetName:
      - --name
      User-Agent:
      - AZURECLI/2.32.0 azsdk-python-mgmt-managementgroups/1.0.0 Python/3.7.8 (Windows-10-10.0.19041-SP0)
    method: GET
    uri: https://management.azure.com/providers/Microsoft.Management/operationResults/create/asyncOperation/status/managementGroups/testcligroup?api-version=2021-04-01
  response:
    body:
      string: '{"id":"/providers/Microsoft.Management/operationResults/create/asyncOperation/status/managementGroups/testcligroup","name":"testcligroup","status":"Succeeded","properties":{"tenantId":"c7a87cda-9a66-4920-b0f8-869baa04efe0","displayName":"testcligroup","details":{"version":34,"updatedTime":"2022-01-12T22:00:48.1897635Z","updatedBy":"27e85fe3-7b1b-4de4-8d55-d58291b5d701"}}}'
    headers:
      cache-control:
      - no-cache
      content-length:
      - '374'
      content-type:
      - application/json; charset=utf-8
      date:
      - Wed, 12 Jan 2022 22:01:03 GMT
      expires:
      - '-1'
      pragma:
      - no-cache
      request-id:
      - a5a8aa36-4039-49dd-b37e-d528249cceda
      server:
      - Microsoft-HTTPAPI/2.0
      strict-transport-security:
      - max-age=31536000; includeSubDomains
      transfer-encoding:
      - chunked
      vary:
      - Accept-Encoding
      x-ba-restapi:
      - 1.0.3.2425
      x-content-type-options:
      - nosniff
    status:
      code: 200
      message: OK
- request:
    body: null
    headers:
      Accept:
      - '*/*'
      Accept-Encoding:
      - gzip, deflate
      CommandName:
      - account management-group create
      Connection:
      - keep-alive
      ParameterSetName:
      - --name
      User-Agent:
      - AZURECLI/2.32.0 azsdk-python-mgmt-managementgroups/1.0.0 Python/3.7.8 (Windows-10-10.0.19041-SP0)
    method: GET
    uri: https://management.azure.com/providers/Microsoft.Management/managementGroups/testcligroup?api-version=2021-04-01
  response:
    body:
      string: '{"id":"/providers/Microsoft.Management/managementGroups/testcligroup","type":"Microsoft.Management/managementGroups","name":"testcligroup","properties":{"tenantId":"c7a87cda-9a66-4920-b0f8-869baa04efe0","displayName":"testcligroup","details":{"version":34,"updatedTime":"2022-01-12T22:00:48.1897635Z","updatedBy":"27e85fe3-7b1b-4de4-8d55-d58291b5d701","parent":{"id":"/providers/Microsoft.Management/managementGroups/c7a87cda-9a66-4920-b0f8-869baa04efe0","name":"c7a87cda-9a66-4920-b0f8-869baa04efe0","displayName":"Root
        Management Group"}}}}'
    headers:
      cache-control:
      - no-cache
      content-length:
      - '542'
      content-type:
      - application/json; charset=utf-8
      date:
      - Wed, 12 Jan 2022 22:01:04 GMT
      expires:
      - '-1'
      pragma:
      - no-cache
      request-id:
      - d9fce3f4-a69b-42c5-9b38-da67d7defa0a
      server:
      - Microsoft-HTTPAPI/2.0
      strict-transport-security:
      - max-age=31536000; includeSubDomains
      transfer-encoding:
      - chunked
      vary:
      - Accept-Encoding
      x-ba-restapi:
      - 1.0.3.2425
      x-content-type-options:
      - nosniff
    status:
      code: 200
      message: OK
- request:
    body: null
    headers:
      Accept:
      - application/json
      Accept-Encoding:
      - gzip, deflate
      CommandName:
      - account management-group create
      Connection:
      - keep-alive
      Content-Length:
      - '0'
      Content-Type:
      - application/json
      ParameterSetName:
      - --name
      User-Agent:
      - AZURECLI/2.32.0 azsdk-python-azure-mgmt-resource/20.0.0 Python/3.7.8 (Windows-10-10.0.19041-SP0)
    method: POST
    uri: https://management.azure.com/subscriptions/00000000-0000-0000-0000-000000000000/providers/Microsoft.Management/register?api-version=2021-04-01
  response:
    body:
      string: '{"id":"/subscriptions/00000000-0000-0000-0000-000000000000/providers/Microsoft.Management","namespace":"Microsoft.Management","authorization":{"applicationId":"f2c304cf-8e7e-4c3f-8164-16299ad9d272","roleDefinitionId":"c1cf3708-588a-4647-be7f-f400bbe214cf"},"resourceTypes":[{"resourceType":"resources","locations":[],"apiVersions":["2017-11-01-preview","2017-08-31-preview","2017-06-30-preview","2017-05-31-preview"],"capabilities":"None"},{"resourceType":"managementGroups","locations":[],"apiVersions":["2021-04-01","2020-10-01","2020-05-01","2020-02-01","2019-11-01","2018-03-01-preview","2018-03-01-beta","2018-01-01-preview","2017-11-01-preview","2017-08-31-preview","2017-06-30-preview","2017-05-31-preview"],"capabilities":"None"},{"resourceType":"getEntities","locations":[],"apiVersions":["2021-04-01","2020-10-01","2020-05-01","2020-02-01","2019-11-01","2018-03-01-preview","2018-03-01-beta","2018-01-01-preview"],"capabilities":"None"},{"resourceType":"managementGroups/settings","locations":[],"apiVersions":["2021-04-01","2020-10-01","2020-05-01","2020-02-01","2018-03-01-beta"],"capabilities":"None"},{"resourceType":"checkNameAvailability","locations":[],"apiVersions":["2021-04-01","2020-10-01","2020-05-01","2020-02-01","2019-11-01","2018-03-01-preview","2018-03-01-beta","2018-01-01-preview"],"capabilities":"None"},{"resourceType":"operationResults","locations":[],"apiVersions":["2021-04-01","2020-10-01","2020-05-01","2020-02-01","2019-11-01","2018-03-01-preview","2018-03-01-beta","2018-01-01-preview"],"capabilities":"None"},{"resourceType":"operationResults/asyncOperation","locations":[],"apiVersions":["2021-04-01","2020-10-01","2020-05-01","2020-02-01","2019-11-01","2018-03-01-preview","2018-03-01-beta","2018-01-01-preview","2017-11-01-preview","2017-08-31-preview","2017-06-30-preview","2017-05-31-preview"],"capabilities":"None"},{"resourceType":"operations","locations":[],"apiVersions":["2021-04-01","2020-10-01","2020-05-01","2020-02-01","2019-11-01","2018-03-01-preview","2018-03-01-beta","2018-01-01-preview","2017-11-01-preview","2017-08-31-preview","2017-06-30-preview","2017-05-31-preview"],"capabilities":"None"},{"resourceType":"tenantBackfillStatus","locations":[],"apiVersions":["2021-04-01","2020-10-01","2020-05-01","2020-02-01","2019-11-01","2018-03-01-preview","2018-03-01-beta"],"capabilities":"None"},{"resourceType":"startTenantBackfill","locations":[],"apiVersions":["2021-04-01","2020-10-01","2020-05-01","2020-02-01","2019-11-01","2018-03-01-preview","2018-03-01-beta"],"capabilities":"None"}],"registrationState":"Registered","registrationPolicy":"RegistrationRequired"}'
    headers:
      cache-control:
      - no-cache
      content-length:
      - '2624'
      content-type:
      - application/json; charset=utf-8
      date:
      - Wed, 12 Jan 2022 22:01:04 GMT
      expires:
      - '-1'
      pragma:
      - no-cache
      strict-transport-security:
      - max-age=31536000; includeSubDomains
      transfer-encoding:
      - chunked
      vary:
      - Accept-Encoding
      x-content-type-options:
      - nosniff
      x-ms-ratelimit-remaining-subscription-writes:
      - '1199'
    status:
      code: 200
      message: OK
- request:
    body: null
    headers:
      Accept:
      - application/json
      Accept-Encoding:
      - gzip, deflate
      CommandName:
      - account management-group create
      Connection:
      - keep-alive
      ParameterSetName:
      - --name
      User-Agent:
      - AZURECLI/2.32.0 azsdk-python-azure-mgmt-resource/20.0.0 Python/3.7.8 (Windows-10-10.0.19041-SP0)
    method: GET
    uri: https://management.azure.com/subscriptions/00000000-0000-0000-0000-000000000000/providers/Microsoft.Management?api-version=2021-04-01
  response:
    body:
      string: '{"id":"/subscriptions/00000000-0000-0000-0000-000000000000/providers/Microsoft.Management","namespace":"Microsoft.Management","authorization":{"applicationId":"f2c304cf-8e7e-4c3f-8164-16299ad9d272","roleDefinitionId":"c1cf3708-588a-4647-be7f-f400bbe214cf"},"resourceTypes":[{"resourceType":"resources","locations":[],"apiVersions":["2017-11-01-preview","2017-08-31-preview","2017-06-30-preview","2017-05-31-preview"],"capabilities":"None"},{"resourceType":"managementGroups","locations":[],"apiVersions":["2021-04-01","2020-10-01","2020-05-01","2020-02-01","2019-11-01","2018-03-01-preview","2018-03-01-beta","2018-01-01-preview","2017-11-01-preview","2017-08-31-preview","2017-06-30-preview","2017-05-31-preview"],"capabilities":"None"},{"resourceType":"getEntities","locations":[],"apiVersions":["2021-04-01","2020-10-01","2020-05-01","2020-02-01","2019-11-01","2018-03-01-preview","2018-03-01-beta","2018-01-01-preview"],"capabilities":"None"},{"resourceType":"managementGroups/settings","locations":[],"apiVersions":["2021-04-01","2020-10-01","2020-05-01","2020-02-01","2018-03-01-beta"],"capabilities":"None"},{"resourceType":"checkNameAvailability","locations":[],"apiVersions":["2021-04-01","2020-10-01","2020-05-01","2020-02-01","2019-11-01","2018-03-01-preview","2018-03-01-beta","2018-01-01-preview"],"capabilities":"None"},{"resourceType":"operationResults","locations":[],"apiVersions":["2021-04-01","2020-10-01","2020-05-01","2020-02-01","2019-11-01","2018-03-01-preview","2018-03-01-beta","2018-01-01-preview"],"capabilities":"None"},{"resourceType":"operationResults/asyncOperation","locations":[],"apiVersions":["2021-04-01","2020-10-01","2020-05-01","2020-02-01","2019-11-01","2018-03-01-preview","2018-03-01-beta","2018-01-01-preview","2017-11-01-preview","2017-08-31-preview","2017-06-30-preview","2017-05-31-preview"],"capabilities":"None"},{"resourceType":"operations","locations":[],"apiVersions":["2021-04-01","2020-10-01","2020-05-01","2020-02-01","2019-11-01","2018-03-01-preview","2018-03-01-beta","2018-01-01-preview","2017-11-01-preview","2017-08-31-preview","2017-06-30-preview","2017-05-31-preview"],"capabilities":"None"},{"resourceType":"tenantBackfillStatus","locations":[],"apiVersions":["2021-04-01","2020-10-01","2020-05-01","2020-02-01","2019-11-01","2018-03-01-preview","2018-03-01-beta"],"capabilities":"None"},{"resourceType":"startTenantBackfill","locations":[],"apiVersions":["2021-04-01","2020-10-01","2020-05-01","2020-02-01","2019-11-01","2018-03-01-preview","2018-03-01-beta"],"capabilities":"None"}],"registrationState":"Registered","registrationPolicy":"RegistrationRequired"}'
    headers:
      cache-control:
      - no-cache
      content-length:
      - '2624'
      content-type:
      - application/json; charset=utf-8
      date:
      - Wed, 12 Jan 2022 22:01:14 GMT
      expires:
      - '-1'
      pragma:
      - no-cache
      strict-transport-security:
      - max-age=31536000; includeSubDomains
      vary:
      - Accept-Encoding
      x-content-type-options:
      - nosniff
    status:
      code: 200
      message: OK
- request:
    body: '{"name": "testcligroupchild", "properties": {"details": {"parent": {}}}}'
    headers:
      Accept:
      - application/json
      Accept-Encoding:
      - gzip, deflate
      Cache-Control:
      - no-cache
      CommandName:
      - account management-group create
      Connection:
      - keep-alive
      Content-Length:
      - '72'
      Content-Type:
      - application/json
      ParameterSetName:
      - --name
      User-Agent:
      - AZURECLI/2.32.0 azsdk-python-mgmt-managementgroups/1.0.0 Python/3.7.8 (Windows-10-10.0.19041-SP0)
    method: PUT
    uri: https://management.azure.com/providers/Microsoft.Management/managementGroups/testcligroupchild?api-version=2021-04-01
  response:
    body:
      string: '{"id":"/providers/Microsoft.Management/managementGroups/testcligroupchild","type":"Microsoft.Management/managementGroups","name":"testcligroupchild","status":"NotStarted"}'
    headers:
      azure-asyncoperation:
      - https://management.azure.com/providers/Microsoft.Management/operationResults/create/asyncOperation/status/managementGroups/testcligroupchild?api-version=2021-04-01
      cache-control:
      - no-cache
      content-length:
      - '171'
      content-type:
      - application/json; charset=utf-8
      date:
      - Wed, 12 Jan 2022 22:01:15 GMT
      expires:
      - '-1'
      location:
      - https://management.azure.com/providers/Microsoft.Management/operationResults/create/managementGroups/testcligroupchild?api-version=2021-04-01
      pragma:
      - no-cache
      request-id:
      - cf8c292e-ccd5-4399-b88e-258d2de19607
      server:
      - Microsoft-HTTPAPI/2.0
      strict-transport-security:
      - max-age=31536000; includeSubDomains
      x-ba-restapi:
      - 1.0.3.2425
      x-content-type-options:
      - nosniff
      x-ms-ratelimit-remaining-managementgroups-requests:
      - '59'
      x-ms-ratelimit-remaining-tenant-writes:
      - '1199'
    status:
      code: 202
      message: Accepted
- request:
    body: null
    headers:
      Accept:
      - '*/*'
      Accept-Encoding:
      - gzip, deflate
      CommandName:
      - account management-group create
      Connection:
      - keep-alive
      ParameterSetName:
      - --name
      User-Agent:
      - AZURECLI/2.32.0 azsdk-python-mgmt-managementgroups/1.0.0 Python/3.7.8 (Windows-10-10.0.19041-SP0)
    method: GET
    uri: https://management.azure.com/providers/Microsoft.Management/operationResults/create/asyncOperation/status/managementGroups/testcligroupchild?api-version=2021-04-01
  response:
    body:
      string: '{"id":"/providers/Microsoft.Management/operationResults/create/asyncOperation/status/managementGroups/testcligroupchild","name":"testcligroupchild","status":"Running"}'
    headers:
      azure-asyncoperation:
      - https://management.azure.com/providers/Microsoft.Management/operationResults/create/asyncOperation/status/managementGroups/testcligroupchild?api-version=2021-04-01
      cache-control:
      - no-cache
      content-length:
      - '167'
      content-type:
      - application/json; charset=utf-8
      date:
      - Wed, 12 Jan 2022 22:01:25 GMT
      expires:
      - '-1'
      location:
      - https://management.azure.com/providers/Microsoft.Management/operationResults/create/managementGroups/testcligroupchild?api-version=2021-04-01
      pragma:
      - no-cache
      request-id:
      - 528b5d02-9549-4720-b3cb-3a105942c1e4
      server:
      - Microsoft-HTTPAPI/2.0
      strict-transport-security:
      - max-age=31536000; includeSubDomains
      transfer-encoding:
      - chunked
      vary:
      - Accept-Encoding
      x-ba-restapi:
      - 1.0.3.2425
      x-content-type-options:
      - nosniff
    status:
      code: 200
      message: OK
- request:
    body: null
    headers:
      Accept:
      - '*/*'
      Accept-Encoding:
      - gzip, deflate
      CommandName:
      - account management-group create
      Connection:
      - keep-alive
      ParameterSetName:
      - --name
      User-Agent:
      - AZURECLI/2.32.0 azsdk-python-mgmt-managementgroups/1.0.0 Python/3.7.8 (Windows-10-10.0.19041-SP0)
    method: GET
    uri: https://management.azure.com/providers/Microsoft.Management/operationResults/create/asyncOperation/status/managementGroups/testcligroupchild?api-version=2021-04-01
  response:
    body:
      string: '{"id":"/providers/Microsoft.Management/operationResults/create/asyncOperation/status/managementGroups/testcligroupchild","name":"testcligroupchild","status":"Succeeded","properties":{"tenantId":"c7a87cda-9a66-4920-b0f8-869baa04efe0","displayName":"testcligroupchild","details":{"version":32,"updatedTime":"2022-01-12T22:01:21.1985673Z","updatedBy":"27e85fe3-7b1b-4de4-8d55-d58291b5d701"}}}'
    headers:
      cache-control:
      - no-cache
      content-length:
      - '389'
      content-type:
      - application/json; charset=utf-8
      date:
      - Wed, 12 Jan 2022 22:01:36 GMT
      expires:
      - '-1'
      pragma:
      - no-cache
      request-id:
      - 292f9b2b-8912-4891-8f16-2188f2d0185a
      server:
      - Microsoft-HTTPAPI/2.0
      strict-transport-security:
      - max-age=31536000; includeSubDomains
      transfer-encoding:
      - chunked
      vary:
      - Accept-Encoding
      x-ba-restapi:
      - 1.0.3.2425
      x-content-type-options:
      - nosniff
    status:
      code: 200
      message: OK
- request:
    body: null
    headers:
      Accept:
      - '*/*'
      Accept-Encoding:
      - gzip, deflate
      CommandName:
      - account management-group create
      Connection:
      - keep-alive
      ParameterSetName:
      - --name
      User-Agent:
      - AZURECLI/2.32.0 azsdk-python-mgmt-managementgroups/1.0.0 Python/3.7.8 (Windows-10-10.0.19041-SP0)
    method: GET
    uri: https://management.azure.com/providers/Microsoft.Management/managementGroups/testcligroupchild?api-version=2021-04-01
  response:
    body:
      string: '{"id":"/providers/Microsoft.Management/managementGroups/testcligroupchild","type":"Microsoft.Management/managementGroups","name":"testcligroupchild","properties":{"tenantId":"c7a87cda-9a66-4920-b0f8-869baa04efe0","displayName":"testcligroupchild","details":{"version":32,"updatedTime":"2022-01-12T22:01:21.1985673Z","updatedBy":"27e85fe3-7b1b-4de4-8d55-d58291b5d701","parent":{"id":"/providers/Microsoft.Management/managementGroups/c7a87cda-9a66-4920-b0f8-869baa04efe0","name":"c7a87cda-9a66-4920-b0f8-869baa04efe0","displayName":"Root
        Management Group"}}}}'
    headers:
      cache-control:
      - no-cache
      content-length:
      - '557'
      content-type:
      - application/json; charset=utf-8
      date:
      - Wed, 12 Jan 2022 22:01:36 GMT
      expires:
      - '-1'
      pragma:
      - no-cache
      request-id:
      - 2fee15da-b7d8-4104-ae6d-83083588b192
      server:
      - Microsoft-HTTPAPI/2.0
      strict-transport-security:
      - max-age=31536000; includeSubDomains
      transfer-encoding:
      - chunked
      vary:
      - Accept-Encoding
      x-ba-restapi:
      - 1.0.3.2425
      x-content-type-options:
      - nosniff
    status:
      code: 200
      message: OK
- request:
    body: null
    headers:
      Accept:
      - application/json
      Accept-Encoding:
      - gzip, deflate
      CommandName:
      - account management-group update
      Connection:
      - keep-alive
      Content-Length:
      - '0'
      Content-Type:
      - application/json
      ParameterSetName:
      - --name --display-name --parent
      User-Agent:
      - AZURECLI/2.32.0 azsdk-python-azure-mgmt-resource/20.0.0 Python/3.7.8 (Windows-10-10.0.19041-SP0)
    method: POST
    uri: https://management.azure.com/subscriptions/00000000-0000-0000-0000-000000000000/providers/Microsoft.Management/register?api-version=2021-04-01
  response:
    body:
      string: '{"id":"/subscriptions/00000000-0000-0000-0000-000000000000/providers/Microsoft.Management","namespace":"Microsoft.Management","authorization":{"applicationId":"f2c304cf-8e7e-4c3f-8164-16299ad9d272","roleDefinitionId":"c1cf3708-588a-4647-be7f-f400bbe214cf"},"resourceTypes":[{"resourceType":"resources","locations":[],"apiVersions":["2017-11-01-preview","2017-08-31-preview","2017-06-30-preview","2017-05-31-preview"],"capabilities":"None"},{"resourceType":"managementGroups","locations":[],"apiVersions":["2021-04-01","2020-10-01","2020-05-01","2020-02-01","2019-11-01","2018-03-01-preview","2018-03-01-beta","2018-01-01-preview","2017-11-01-preview","2017-08-31-preview","2017-06-30-preview","2017-05-31-preview"],"capabilities":"None"},{"resourceType":"getEntities","locations":[],"apiVersions":["2021-04-01","2020-10-01","2020-05-01","2020-02-01","2019-11-01","2018-03-01-preview","2018-03-01-beta","2018-01-01-preview"],"capabilities":"None"},{"resourceType":"managementGroups/settings","locations":[],"apiVersions":["2021-04-01","2020-10-01","2020-05-01","2020-02-01","2018-03-01-beta"],"capabilities":"None"},{"resourceType":"checkNameAvailability","locations":[],"apiVersions":["2021-04-01","2020-10-01","2020-05-01","2020-02-01","2019-11-01","2018-03-01-preview","2018-03-01-beta","2018-01-01-preview"],"capabilities":"None"},{"resourceType":"operationResults","locations":[],"apiVersions":["2021-04-01","2020-10-01","2020-05-01","2020-02-01","2019-11-01","2018-03-01-preview","2018-03-01-beta","2018-01-01-preview"],"capabilities":"None"},{"resourceType":"operationResults/asyncOperation","locations":[],"apiVersions":["2021-04-01","2020-10-01","2020-05-01","2020-02-01","2019-11-01","2018-03-01-preview","2018-03-01-beta","2018-01-01-preview","2017-11-01-preview","2017-08-31-preview","2017-06-30-preview","2017-05-31-preview"],"capabilities":"None"},{"resourceType":"operations","locations":[],"apiVersions":["2021-04-01","2020-10-01","2020-05-01","2020-02-01","2019-11-01","2018-03-01-preview","2018-03-01-beta","2018-01-01-preview","2017-11-01-preview","2017-08-31-preview","2017-06-30-preview","2017-05-31-preview"],"capabilities":"None"},{"resourceType":"tenantBackfillStatus","locations":[],"apiVersions":["2021-04-01","2020-10-01","2020-05-01","2020-02-01","2019-11-01","2018-03-01-preview","2018-03-01-beta"],"capabilities":"None"},{"resourceType":"startTenantBackfill","locations":[],"apiVersions":["2021-04-01","2020-10-01","2020-05-01","2020-02-01","2019-11-01","2018-03-01-preview","2018-03-01-beta"],"capabilities":"None"}],"registrationState":"Registered","registrationPolicy":"RegistrationRequired"}'
    headers:
      cache-control:
      - no-cache
      content-length:
      - '2624'
      content-type:
      - application/json; charset=utf-8
      date:
      - Wed, 12 Jan 2022 22:01:38 GMT
      expires:
      - '-1'
      pragma:
      - no-cache
      strict-transport-security:
      - max-age=31536000; includeSubDomains
      transfer-encoding:
      - chunked
      vary:
      - Accept-Encoding
      x-content-type-options:
      - nosniff
      x-ms-ratelimit-remaining-subscription-writes:
      - '1198'
    status:
      code: 200
      message: OK
- request:
    body: null
    headers:
      Accept:
      - application/json
      Accept-Encoding:
      - gzip, deflate
      CommandName:
      - account management-group update
      Connection:
      - keep-alive
      ParameterSetName:
      - --name --display-name --parent
      User-Agent:
      - AZURECLI/2.32.0 azsdk-python-azure-mgmt-resource/20.0.0 Python/3.7.8 (Windows-10-10.0.19041-SP0)
    method: GET
    uri: https://management.azure.com/subscriptions/00000000-0000-0000-0000-000000000000/providers/Microsoft.Management?api-version=2021-04-01
  response:
    body:
      string: '{"id":"/subscriptions/00000000-0000-0000-0000-000000000000/providers/Microsoft.Management","namespace":"Microsoft.Management","authorization":{"applicationId":"f2c304cf-8e7e-4c3f-8164-16299ad9d272","roleDefinitionId":"c1cf3708-588a-4647-be7f-f400bbe214cf"},"resourceTypes":[{"resourceType":"resources","locations":[],"apiVersions":["2017-11-01-preview","2017-08-31-preview","2017-06-30-preview","2017-05-31-preview"],"capabilities":"None"},{"resourceType":"managementGroups","locations":[],"apiVersions":["2021-04-01","2020-10-01","2020-05-01","2020-02-01","2019-11-01","2018-03-01-preview","2018-03-01-beta","2018-01-01-preview","2017-11-01-preview","2017-08-31-preview","2017-06-30-preview","2017-05-31-preview"],"capabilities":"None"},{"resourceType":"getEntities","locations":[],"apiVersions":["2021-04-01","2020-10-01","2020-05-01","2020-02-01","2019-11-01","2018-03-01-preview","2018-03-01-beta","2018-01-01-preview"],"capabilities":"None"},{"resourceType":"managementGroups/settings","locations":[],"apiVersions":["2021-04-01","2020-10-01","2020-05-01","2020-02-01","2018-03-01-beta"],"capabilities":"None"},{"resourceType":"checkNameAvailability","locations":[],"apiVersions":["2021-04-01","2020-10-01","2020-05-01","2020-02-01","2019-11-01","2018-03-01-preview","2018-03-01-beta","2018-01-01-preview"],"capabilities":"None"},{"resourceType":"operationResults","locations":[],"apiVersions":["2021-04-01","2020-10-01","2020-05-01","2020-02-01","2019-11-01","2018-03-01-preview","2018-03-01-beta","2018-01-01-preview"],"capabilities":"None"},{"resourceType":"operationResults/asyncOperation","locations":[],"apiVersions":["2021-04-01","2020-10-01","2020-05-01","2020-02-01","2019-11-01","2018-03-01-preview","2018-03-01-beta","2018-01-01-preview","2017-11-01-preview","2017-08-31-preview","2017-06-30-preview","2017-05-31-preview"],"capabilities":"None"},{"resourceType":"operations","locations":[],"apiVersions":["2021-04-01","2020-10-01","2020-05-01","2020-02-01","2019-11-01","2018-03-01-preview","2018-03-01-beta","2018-01-01-preview","2017-11-01-preview","2017-08-31-preview","2017-06-30-preview","2017-05-31-preview"],"capabilities":"None"},{"resourceType":"tenantBackfillStatus","locations":[],"apiVersions":["2021-04-01","2020-10-01","2020-05-01","2020-02-01","2019-11-01","2018-03-01-preview","2018-03-01-beta"],"capabilities":"None"},{"resourceType":"startTenantBackfill","locations":[],"apiVersions":["2021-04-01","2020-10-01","2020-05-01","2020-02-01","2019-11-01","2018-03-01-preview","2018-03-01-beta"],"capabilities":"None"}],"registrationState":"Registered","registrationPolicy":"RegistrationRequired"}'
    headers:
      cache-control:
      - no-cache
      content-length:
      - '2624'
      content-type:
      - application/json; charset=utf-8
      date:
      - Wed, 12 Jan 2022 22:01:48 GMT
      expires:
      - '-1'
      pragma:
      - no-cache
      strict-transport-security:
      - max-age=31536000; includeSubDomains
      vary:
      - Accept-Encoding
      x-content-type-options:
      - nosniff
    status:
      code: 200
      message: OK
- request:
    body: '{"name": "testcligroupchild", "properties": {"displayName": "testcligroupchild",
      "details": {"parent": {"id": "/providers/Microsoft.Management/managementGroups/testcligroup"}}}}'
    headers:
      Accept:
      - application/json
      Accept-Encoding:
      - gzip, deflate
      Cache-Control:
      - no-cache
      CommandName:
      - account management-group update
      Connection:
      - keep-alive
      Content-Length:
      - '177'
      Content-Type:
      - application/json
      ParameterSetName:
      - --name --display-name --parent
      User-Agent:
      - AZURECLI/2.32.0 azsdk-python-mgmt-managementgroups/1.0.0 Python/3.7.8 (Windows-10-10.0.19041-SP0)
    method: PUT
    uri: https://management.azure.com/providers/Microsoft.Management/managementGroups/testcligroupchild?api-version=2021-04-01
  response:
    body:
      string: '{"id":"/providers/Microsoft.Management/managementGroups/testcligroupchild","type":"Microsoft.Management/managementGroups","name":"testcligroupchild","properties":{"tenantId":"c7a87cda-9a66-4920-b0f8-869baa04efe0","displayName":"testcligroupchild","details":{"version":33,"updatedTime":"2022-01-12T22:01:49.8345441Z","updatedBy":"27e85fe3-7b1b-4de4-8d55-d58291b5d701","parent":{"id":"/providers/Microsoft.Management/managementGroups/testcligroup","name":"testcligroup","displayName":"testcligroup"}}}}'
    headers:
      cache-control:
      - no-cache
      content-length:
      - '500'
      content-type:
      - application/json; charset=utf-8
      date:
      - Wed, 12 Jan 2022 22:01:50 GMT
      expires:
      - '-1'
      pragma:
      - no-cache
      request-id:
      - b1d2b7a4-235c-4e72-b157-c7a0049b9521
      server:
      - Microsoft-HTTPAPI/2.0
      strict-transport-security:
      - max-age=31536000; includeSubDomains
      transfer-encoding:
      - chunked
      vary:
      - Accept-Encoding
      x-ba-restapi:
      - 1.0.3.2425
      x-content-type-options:
      - nosniff
      x-ms-ratelimit-remaining-managementgroups-requests:
      - '59'
      x-ms-ratelimit-remaining-tenant-writes:
      - '1199'
    status:
      code: 200
      message: OK
- request:
    body: null
    headers:
      Accept:
      - application/json
      Accept-Encoding:
      - gzip, deflate
      CommandName:
      - account management-group delete
      Connection:
      - keep-alive
      Content-Length:
      - '0'
      Content-Type:
      - application/json
      ParameterSetName:
      - --name
      User-Agent:
      - AZURECLI/2.32.0 azsdk-python-azure-mgmt-resource/20.0.0 Python/3.7.8 (Windows-10-10.0.19041-SP0)
    method: POST
    uri: https://management.azure.com/subscriptions/00000000-0000-0000-0000-000000000000/providers/Microsoft.Management/register?api-version=2021-04-01
  response:
    body:
      string: '{"id":"/subscriptions/00000000-0000-0000-0000-000000000000/providers/Microsoft.Management","namespace":"Microsoft.Management","authorization":{"applicationId":"f2c304cf-8e7e-4c3f-8164-16299ad9d272","roleDefinitionId":"c1cf3708-588a-4647-be7f-f400bbe214cf"},"resourceTypes":[{"resourceType":"resources","locations":[],"apiVersions":["2017-11-01-preview","2017-08-31-preview","2017-06-30-preview","2017-05-31-preview"],"capabilities":"None"},{"resourceType":"managementGroups","locations":[],"apiVersions":["2021-04-01","2020-10-01","2020-05-01","2020-02-01","2019-11-01","2018-03-01-preview","2018-03-01-beta","2018-01-01-preview","2017-11-01-preview","2017-08-31-preview","2017-06-30-preview","2017-05-31-preview"],"capabilities":"None"},{"resourceType":"getEntities","locations":[],"apiVersions":["2021-04-01","2020-10-01","2020-05-01","2020-02-01","2019-11-01","2018-03-01-preview","2018-03-01-beta","2018-01-01-preview"],"capabilities":"None"},{"resourceType":"managementGroups/settings","locations":[],"apiVersions":["2021-04-01","2020-10-01","2020-05-01","2020-02-01","2018-03-01-beta"],"capabilities":"None"},{"resourceType":"checkNameAvailability","locations":[],"apiVersions":["2021-04-01","2020-10-01","2020-05-01","2020-02-01","2019-11-01","2018-03-01-preview","2018-03-01-beta","2018-01-01-preview"],"capabilities":"None"},{"resourceType":"operationResults","locations":[],"apiVersions":["2021-04-01","2020-10-01","2020-05-01","2020-02-01","2019-11-01","2018-03-01-preview","2018-03-01-beta","2018-01-01-preview"],"capabilities":"None"},{"resourceType":"operationResults/asyncOperation","locations":[],"apiVersions":["2021-04-01","2020-10-01","2020-05-01","2020-02-01","2019-11-01","2018-03-01-preview","2018-03-01-beta","2018-01-01-preview","2017-11-01-preview","2017-08-31-preview","2017-06-30-preview","2017-05-31-preview"],"capabilities":"None"},{"resourceType":"operations","locations":[],"apiVersions":["2021-04-01","2020-10-01","2020-05-01","2020-02-01","2019-11-01","2018-03-01-preview","2018-03-01-beta","2018-01-01-preview","2017-11-01-preview","2017-08-31-preview","2017-06-30-preview","2017-05-31-preview"],"capabilities":"None"},{"resourceType":"tenantBackfillStatus","locations":[],"apiVersions":["2021-04-01","2020-10-01","2020-05-01","2020-02-01","2019-11-01","2018-03-01-preview","2018-03-01-beta"],"capabilities":"None"},{"resourceType":"startTenantBackfill","locations":[],"apiVersions":["2021-04-01","2020-10-01","2020-05-01","2020-02-01","2019-11-01","2018-03-01-preview","2018-03-01-beta"],"capabilities":"None"}],"registrationState":"Registered","registrationPolicy":"RegistrationRequired"}'
    headers:
      cache-control:
      - no-cache
      content-length:
      - '2624'
      content-type:
      - application/json; charset=utf-8
      date:
      - Wed, 12 Jan 2022 22:01:51 GMT
      expires:
      - '-1'
      pragma:
      - no-cache
      strict-transport-security:
      - max-age=31536000; includeSubDomains
      transfer-encoding:
      - chunked
      vary:
      - Accept-Encoding
      x-content-type-options:
      - nosniff
      x-ms-ratelimit-remaining-subscription-writes:
      - '1199'
    status:
      code: 200
      message: OK
- request:
    body: null
    headers:
      Accept:
      - application/json
      Accept-Encoding:
      - gzip, deflate
      CommandName:
      - account management-group delete
      Connection:
      - keep-alive
      ParameterSetName:
      - --name
      User-Agent:
      - AZURECLI/2.32.0 azsdk-python-azure-mgmt-resource/20.0.0 Python/3.7.8 (Windows-10-10.0.19041-SP0)
    method: GET
    uri: https://management.azure.com/subscriptions/00000000-0000-0000-0000-000000000000/providers/Microsoft.Management?api-version=2021-04-01
  response:
    body:
      string: '{"id":"/subscriptions/00000000-0000-0000-0000-000000000000/providers/Microsoft.Management","namespace":"Microsoft.Management","authorization":{"applicationId":"f2c304cf-8e7e-4c3f-8164-16299ad9d272","roleDefinitionId":"c1cf3708-588a-4647-be7f-f400bbe214cf"},"resourceTypes":[{"resourceType":"resources","locations":[],"apiVersions":["2017-11-01-preview","2017-08-31-preview","2017-06-30-preview","2017-05-31-preview"],"capabilities":"None"},{"resourceType":"managementGroups","locations":[],"apiVersions":["2021-04-01","2020-10-01","2020-05-01","2020-02-01","2019-11-01","2018-03-01-preview","2018-03-01-beta","2018-01-01-preview","2017-11-01-preview","2017-08-31-preview","2017-06-30-preview","2017-05-31-preview"],"capabilities":"None"},{"resourceType":"getEntities","locations":[],"apiVersions":["2021-04-01","2020-10-01","2020-05-01","2020-02-01","2019-11-01","2018-03-01-preview","2018-03-01-beta","2018-01-01-preview"],"capabilities":"None"},{"resourceType":"managementGroups/settings","locations":[],"apiVersions":["2021-04-01","2020-10-01","2020-05-01","2020-02-01","2018-03-01-beta"],"capabilities":"None"},{"resourceType":"checkNameAvailability","locations":[],"apiVersions":["2021-04-01","2020-10-01","2020-05-01","2020-02-01","2019-11-01","2018-03-01-preview","2018-03-01-beta","2018-01-01-preview"],"capabilities":"None"},{"resourceType":"operationResults","locations":[],"apiVersions":["2021-04-01","2020-10-01","2020-05-01","2020-02-01","2019-11-01","2018-03-01-preview","2018-03-01-beta","2018-01-01-preview"],"capabilities":"None"},{"resourceType":"operationResults/asyncOperation","locations":[],"apiVersions":["2021-04-01","2020-10-01","2020-05-01","2020-02-01","2019-11-01","2018-03-01-preview","2018-03-01-beta","2018-01-01-preview","2017-11-01-preview","2017-08-31-preview","2017-06-30-preview","2017-05-31-preview"],"capabilities":"None"},{"resourceType":"operations","locations":[],"apiVersions":["2021-04-01","2020-10-01","2020-05-01","2020-02-01","2019-11-01","2018-03-01-preview","2018-03-01-beta","2018-01-01-preview","2017-11-01-preview","2017-08-31-preview","2017-06-30-preview","2017-05-31-preview"],"capabilities":"None"},{"resourceType":"tenantBackfillStatus","locations":[],"apiVersions":["2021-04-01","2020-10-01","2020-05-01","2020-02-01","2019-11-01","2018-03-01-preview","2018-03-01-beta"],"capabilities":"None"},{"resourceType":"startTenantBackfill","locations":[],"apiVersions":["2021-04-01","2020-10-01","2020-05-01","2020-02-01","2019-11-01","2018-03-01-preview","2018-03-01-beta"],"capabilities":"None"}],"registrationState":"Registered","registrationPolicy":"RegistrationRequired"}'
    headers:
      cache-control:
      - no-cache
      content-length:
      - '2624'
      content-type:
      - application/json; charset=utf-8
      date:
      - Wed, 12 Jan 2022 22:02:01 GMT
      expires:
      - '-1'
      pragma:
      - no-cache
      strict-transport-security:
      - max-age=31536000; includeSubDomains
      vary:
      - Accept-Encoding
      x-content-type-options:
      - nosniff
    status:
      code: 200
      message: OK
- request:
    body: null
    headers:
      Accept:
      - application/json
      Accept-Encoding:
      - gzip, deflate
      Cache-Control:
      - no-cache
      CommandName:
      - account management-group delete
      Connection:
      - keep-alive
      Content-Length:
      - '0'
      ParameterSetName:
      - --name
      User-Agent:
      - AZURECLI/2.32.0 azsdk-python-mgmt-managementgroups/1.0.0 Python/3.7.8 (Windows-10-10.0.19041-SP0)
    method: DELETE
    uri: https://management.azure.com/providers/Microsoft.Management/managementGroups/testcligroupchild?api-version=2021-04-01
  response:
    body:
      string: '{"id":"/providers/Microsoft.Management/managementGroups/testcligroupchild","type":"Microsoft.Management/managementGroups","name":"testcligroupchild","status":"NotStarted"}'
    headers:
      azure-asyncoperation:
      - https://management.azure.com/providers/Microsoft.Management/operationResults/delete/asyncOperation/status/managementGroups/testcligroupchild?api-version=2021-04-01
      cache-control:
      - no-cache
      content-length:
      - '171'
      content-type:
      - application/json; charset=utf-8
      date:
      - Wed, 12 Jan 2022 22:02:04 GMT
      expires:
      - '-1'
      location:
      - https://management.azure.com/providers/Microsoft.Management/operationResults/delete/managementGroups/testcligroupchild?api-version=2021-04-01
      pragma:
      - no-cache
      request-id:
      - 40360d33-cf84-4ece-b548-0eb53babc485
      server:
      - Microsoft-HTTPAPI/2.0
      strict-transport-security:
      - max-age=31536000; includeSubDomains
      x-ba-restapi:
      - 1.0.3.2425
      x-content-type-options:
      - nosniff
      x-ms-ratelimit-remaining-managementgroups-requests:
      - '59'
      x-ms-ratelimit-remaining-tenant-deletes:
      - '14999'
    status:
      code: 202
      message: Accepted
- request:
    body: null
    headers:
      Accept:
      - '*/*'
      Accept-Encoding:
      - gzip, deflate
      CommandName:
      - account management-group delete
      Connection:
      - keep-alive
      ParameterSetName:
      - --name
      User-Agent:
      - AZURECLI/2.32.0 azsdk-python-mgmt-managementgroups/1.0.0 Python/3.7.8 (Windows-10-10.0.19041-SP0)
    method: GET
    uri: https://management.azure.com/providers/Microsoft.Management/operationResults/delete/asyncOperation/status/managementGroups/testcligroupchild?api-version=2021-04-01
  response:
    body:
      string: '{"id":"/providers/Microsoft.Management/operationResults/delete/asyncOperation/status/managementGroups/testcligroupchild","name":"testcligroupchild","status":"Succeeded"}'
    headers:
      cache-control:
      - no-cache
      content-length:
      - '169'
      content-type:
      - application/json; charset=utf-8
      date:
      - Wed, 12 Jan 2022 22:02:14 GMT
      expires:
      - '-1'
      pragma:
      - no-cache
      request-id:
      - 9bb05409-7069-4d90-a14c-e34728be5edc
      server:
      - Microsoft-HTTPAPI/2.0
      strict-transport-security:
      - max-age=31536000; includeSubDomains
      transfer-encoding:
      - chunked
      vary:
      - Accept-Encoding
      x-ba-restapi:
      - 1.0.3.2425
      x-content-type-options:
      - nosniff
    status:
      code: 200
      message: OK
- request:
    body: null
    headers:
      Accept:
      - application/json
      Accept-Encoding:
      - gzip, deflate
      CommandName:
      - account management-group delete
      Connection:
      - keep-alive
      Content-Length:
      - '0'
      Content-Type:
      - application/json
      ParameterSetName:
      - --name
      User-Agent:
      - AZURECLI/2.32.0 azsdk-python-azure-mgmt-resource/20.0.0 Python/3.7.8 (Windows-10-10.0.19041-SP0)
    method: POST
    uri: https://management.azure.com/subscriptions/00000000-0000-0000-0000-000000000000/providers/Microsoft.Management/register?api-version=2021-04-01
  response:
    body:
      string: '{"id":"/subscriptions/00000000-0000-0000-0000-000000000000/providers/Microsoft.Management","namespace":"Microsoft.Management","authorization":{"applicationId":"f2c304cf-8e7e-4c3f-8164-16299ad9d272","roleDefinitionId":"c1cf3708-588a-4647-be7f-f400bbe214cf"},"resourceTypes":[{"resourceType":"resources","locations":[],"apiVersions":["2017-11-01-preview","2017-08-31-preview","2017-06-30-preview","2017-05-31-preview"],"capabilities":"None"},{"resourceType":"managementGroups","locations":[],"apiVersions":["2021-04-01","2020-10-01","2020-05-01","2020-02-01","2019-11-01","2018-03-01-preview","2018-03-01-beta","2018-01-01-preview","2017-11-01-preview","2017-08-31-preview","2017-06-30-preview","2017-05-31-preview"],"capabilities":"None"},{"resourceType":"getEntities","locations":[],"apiVersions":["2021-04-01","2020-10-01","2020-05-01","2020-02-01","2019-11-01","2018-03-01-preview","2018-03-01-beta","2018-01-01-preview"],"capabilities":"None"},{"resourceType":"managementGroups/settings","locations":[],"apiVersions":["2021-04-01","2020-10-01","2020-05-01","2020-02-01","2018-03-01-beta"],"capabilities":"None"},{"resourceType":"checkNameAvailability","locations":[],"apiVersions":["2021-04-01","2020-10-01","2020-05-01","2020-02-01","2019-11-01","2018-03-01-preview","2018-03-01-beta","2018-01-01-preview"],"capabilities":"None"},{"resourceType":"operationResults","locations":[],"apiVersions":["2021-04-01","2020-10-01","2020-05-01","2020-02-01","2019-11-01","2018-03-01-preview","2018-03-01-beta","2018-01-01-preview"],"capabilities":"None"},{"resourceType":"operationResults/asyncOperation","locations":[],"apiVersions":["2021-04-01","2020-10-01","2020-05-01","2020-02-01","2019-11-01","2018-03-01-preview","2018-03-01-beta","2018-01-01-preview","2017-11-01-preview","2017-08-31-preview","2017-06-30-preview","2017-05-31-preview"],"capabilities":"None"},{"resourceType":"operations","locations":[],"apiVersions":["2021-04-01","2020-10-01","2020-05-01","2020-02-01","2019-11-01","2018-03-01-preview","2018-03-01-beta","2018-01-01-preview","2017-11-01-preview","2017-08-31-preview","2017-06-30-preview","2017-05-31-preview"],"capabilities":"None"},{"resourceType":"tenantBackfillStatus","locations":[],"apiVersions":["2021-04-01","2020-10-01","2020-05-01","2020-02-01","2019-11-01","2018-03-01-preview","2018-03-01-beta"],"capabilities":"None"},{"resourceType":"startTenantBackfill","locations":[],"apiVersions":["2021-04-01","2020-10-01","2020-05-01","2020-02-01","2019-11-01","2018-03-01-preview","2018-03-01-beta"],"capabilities":"None"}],"registrationState":"Registered","registrationPolicy":"RegistrationRequired"}'
    headers:
      cache-control:
      - no-cache
      content-length:
      - '2624'
      content-type:
      - application/json; charset=utf-8
      date:
      - Wed, 12 Jan 2022 22:02:15 GMT
      expires:
      - '-1'
      pragma:
      - no-cache
      strict-transport-security:
      - max-age=31536000; includeSubDomains
      transfer-encoding:
      - chunked
      vary:
      - Accept-Encoding
      x-content-type-options:
      - nosniff
      x-ms-ratelimit-remaining-subscription-writes:
      - '1198'
    status:
      code: 200
      message: OK
- request:
    body: null
    headers:
      Accept:
      - application/json
      Accept-Encoding:
      - gzip, deflate
      CommandName:
      - account management-group delete
      Connection:
      - keep-alive
      ParameterSetName:
      - --name
      User-Agent:
      - AZURECLI/2.32.0 azsdk-python-azure-mgmt-resource/20.0.0 Python/3.7.8 (Windows-10-10.0.19041-SP0)
    method: GET
    uri: https://management.azure.com/subscriptions/00000000-0000-0000-0000-000000000000/providers/Microsoft.Management?api-version=2021-04-01
  response:
    body:
      string: '{"id":"/subscriptions/00000000-0000-0000-0000-000000000000/providers/Microsoft.Management","namespace":"Microsoft.Management","authorization":{"applicationId":"f2c304cf-8e7e-4c3f-8164-16299ad9d272","roleDefinitionId":"c1cf3708-588a-4647-be7f-f400bbe214cf"},"resourceTypes":[{"resourceType":"resources","locations":[],"apiVersions":["2017-11-01-preview","2017-08-31-preview","2017-06-30-preview","2017-05-31-preview"],"capabilities":"None"},{"resourceType":"managementGroups","locations":[],"apiVersions":["2021-04-01","2020-10-01","2020-05-01","2020-02-01","2019-11-01","2018-03-01-preview","2018-03-01-beta","2018-01-01-preview","2017-11-01-preview","2017-08-31-preview","2017-06-30-preview","2017-05-31-preview"],"capabilities":"None"},{"resourceType":"getEntities","locations":[],"apiVersions":["2021-04-01","2020-10-01","2020-05-01","2020-02-01","2019-11-01","2018-03-01-preview","2018-03-01-beta","2018-01-01-preview"],"capabilities":"None"},{"resourceType":"managementGroups/settings","locations":[],"apiVersions":["2021-04-01","2020-10-01","2020-05-01","2020-02-01","2018-03-01-beta"],"capabilities":"None"},{"resourceType":"checkNameAvailability","locations":[],"apiVersions":["2021-04-01","2020-10-01","2020-05-01","2020-02-01","2019-11-01","2018-03-01-preview","2018-03-01-beta","2018-01-01-preview"],"capabilities":"None"},{"resourceType":"operationResults","locations":[],"apiVersions":["2021-04-01","2020-10-01","2020-05-01","2020-02-01","2019-11-01","2018-03-01-preview","2018-03-01-beta","2018-01-01-preview"],"capabilities":"None"},{"resourceType":"operationResults/asyncOperation","locations":[],"apiVersions":["2021-04-01","2020-10-01","2020-05-01","2020-02-01","2019-11-01","2018-03-01-preview","2018-03-01-beta","2018-01-01-preview","2017-11-01-preview","2017-08-31-preview","2017-06-30-preview","2017-05-31-preview"],"capabilities":"None"},{"resourceType":"operations","locations":[],"apiVersions":["2021-04-01","2020-10-01","2020-05-01","2020-02-01","2019-11-01","2018-03-01-preview","2018-03-01-beta","2018-01-01-preview","2017-11-01-preview","2017-08-31-preview","2017-06-30-preview","2017-05-31-preview"],"capabilities":"None"},{"resourceType":"tenantBackfillStatus","locations":[],"apiVersions":["2021-04-01","2020-10-01","2020-05-01","2020-02-01","2019-11-01","2018-03-01-preview","2018-03-01-beta"],"capabilities":"None"},{"resourceType":"startTenantBackfill","locations":[],"apiVersions":["2021-04-01","2020-10-01","2020-05-01","2020-02-01","2019-11-01","2018-03-01-preview","2018-03-01-beta"],"capabilities":"None"}],"registrationState":"Registered","registrationPolicy":"RegistrationRequired"}'
    headers:
      cache-control:
      - no-cache
      content-length:
      - '2624'
      content-type:
      - application/json; charset=utf-8
      date:
      - Wed, 12 Jan 2022 22:02:25 GMT
      expires:
      - '-1'
      pragma:
      - no-cache
      strict-transport-security:
      - max-age=31536000; includeSubDomains
      vary:
      - Accept-Encoding
      x-content-type-options:
      - nosniff
    status:
      code: 200
      message: OK
- request:
    body: null
    headers:
      Accept:
      - application/json
      Accept-Encoding:
      - gzip, deflate
      Cache-Control:
      - no-cache
      CommandName:
      - account management-group delete
      Connection:
      - keep-alive
      Content-Length:
      - '0'
      ParameterSetName:
      - --name
      User-Agent:
      - AZURECLI/2.32.0 azsdk-python-mgmt-managementgroups/1.0.0 Python/3.7.8 (Windows-10-10.0.19041-SP0)
    method: DELETE
    uri: https://management.azure.com/providers/Microsoft.Management/managementGroups/testcligroup?api-version=2021-04-01
  response:
    body:
      string: '{"id":"/providers/Microsoft.Management/managementGroups/testcligroup","type":"Microsoft.Management/managementGroups","name":"testcligroup","status":"NotStarted"}'
    headers:
      azure-asyncoperation:
      - https://management.azure.com/providers/Microsoft.Management/operationResults/delete/asyncOperation/status/managementGroups/testcligroup?api-version=2021-04-01
      cache-control:
      - no-cache
      content-length:
      - '161'
      content-type:
      - application/json; charset=utf-8
      date:
      - Wed, 12 Jan 2022 22:02:26 GMT
      expires:
      - '-1'
      location:
      - https://management.azure.com/providers/Microsoft.Management/operationResults/delete/managementGroups/testcligroup?api-version=2021-04-01
      pragma:
      - no-cache
      request-id:
      - a7ac8343-5fdd-40ed-9df2-196aeadc78b2
      server:
      - Microsoft-HTTPAPI/2.0
      strict-transport-security:
      - max-age=31536000; includeSubDomains
      x-ba-restapi:
      - 1.0.3.2425
      x-content-type-options:
      - nosniff
      x-ms-ratelimit-remaining-managementgroups-requests:
      - '58'
      x-ms-ratelimit-remaining-tenant-deletes:
      - '14999'
    status:
      code: 202
      message: Accepted
- request:
    body: null
    headers:
      Accept:
      - '*/*'
      Accept-Encoding:
      - gzip, deflate
      CommandName:
      - account management-group delete
      Connection:
      - keep-alive
      ParameterSetName:
      - --name
      User-Agent:
      - AZURECLI/2.32.0 azsdk-python-mgmt-managementgroups/1.0.0 Python/3.7.8 (Windows-10-10.0.19041-SP0)
    method: GET
    uri: https://management.azure.com/providers/Microsoft.Management/operationResults/delete/asyncOperation/status/managementGroups/testcligroup?api-version=2021-04-01
  response:
    body:
      string: '{"id":"/providers/Microsoft.Management/operationResults/delete/asyncOperation/status/managementGroups/testcligroup","name":"testcligroup","status":"Succeeded"}'
    headers:
      cache-control:
      - no-cache
      content-length:
      - '159'
      content-type:
      - application/json; charset=utf-8
      date:
      - Wed, 12 Jan 2022 22:02:36 GMT
      expires:
      - '-1'
      pragma:
      - no-cache
      request-id:
      - 91093d7a-33b4-4f8a-94b8-dfde4921cf5f
      server:
      - Microsoft-HTTPAPI/2.0
      strict-transport-security:
      - max-age=31536000; includeSubDomains
      transfer-encoding:
      - chunked
      vary:
      - Accept-Encoding
      x-ba-restapi:
      - 1.0.3.2425
      x-content-type-options:
      - nosniff
    status:
      code: 200
      message: OK
version: 1
