interactions:
- request:
    body: null
    headers:
      Accept:
      - application/json
      Accept-Encoding:
      - gzip, deflate
      CommandName:
      - tag list
      Connection:
      - keep-alive
      ParameterSetName:
      - --query
      User-Agent:
      - AZURECLI/2.26.0 azsdk-python-azure-mgmt-resource/18.0.0 Python/3.8.3 (Windows-10-10.0.18362-SP0)
    method: GET
    uri: https://management.azure.com/subscriptions/00000000-0000-0000-0000-000000000000/tagNames?api-version=2021-04-01
  response:
    body:
      string: '{"value":[{"id":"/subscriptions/00000000-0000-0000-0000-000000000000/tagNames/environment","tagName":"environment","count":{"type":"Total","value":7},"values":[{"id":"/subscriptions/00000000-0000-0000-0000-000000000000/tagNames/environment/tagValues/CLI","tagValue":"CLI","count":{"type":"Total","value":7}}]},{"id":"/subscriptions/00000000-0000-0000-0000-000000000000/tagNames/tag-vnet","tagName":"tag-vnet","count":{"type":"Total","value":1},"values":[{"id":"/subscriptions/00000000-0000-0000-0000-000000000000/tagNames/tag-vnet/tagValues/","tagValue":"","count":{"type":"Total","value":1}}]},{"id":"/subscriptions/00000000-0000-0000-0000-000000000000/tagNames/cli-test","tagName":"cli-test","count":{"type":"Total","value":1},"values":[{"id":"/subscriptions/00000000-0000-0000-0000-000000000000/tagNames/cli-test/tagValues/test","tagValue":"test","count":{"type":"Total","value":1}}]},{"id":"/subscriptions/00000000-0000-0000-0000-000000000000/tagNames/ms-resource-usage","tagName":"ms-resource-usage","count":{"type":"Total","value":2},"values":[{"id":"/subscriptions/00000000-0000-0000-0000-000000000000/tagNames/ms-resource-usage/tagValues/azure-cloud-shell","tagValue":"azure-cloud-shell","count":{"type":"Total","value":2}}]},{"id":"/subscriptions/00000000-0000-0000-0000-000000000000/tagNames/createOperationID","tagName":"createOperationID","count":{"type":"Total","value":1},"values":[{"id":"/subscriptions/00000000-0000-0000-0000-000000000000/tagNames/createOperationID/tagValues/bba8c027-ec1c-4e64-b85d-90accb6d5941","tagValue":"bba8c027-ec1c-4e64-b85d-90accb6d5941","count":{"type":"Total","value":1}}]},{"id":"/subscriptions/00000000-0000-0000-0000-000000000000/tagNames/creationSource","tagName":"creationSource","count":{"type":"Total","value":1},"values":[{"id":"/subscriptions/00000000-0000-0000-0000-000000000000/tagNames/creationSource/tagValues/vmssclient-aks-agentpool-11215897-vmss","tagValue":"vmssclient-aks-agentpool-11215897-vmss","count":{"type":"Total","value":1}}]},{"id":"/subscriptions/00000000-0000-0000-0000-000000000000/tagNames/orchestrator","tagName":"orchestrator","count":{"type":"Total","value":1},"values":[{"id":"/subscriptions/00000000-0000-0000-0000-000000000000/tagNames/orchestrator/tagValues/Kubernetes:1.20.7","tagValue":"Kubernetes:1.20.7","count":{"type":"Total","value":1}}]},{"id":"/subscriptions/00000000-0000-0000-0000-000000000000/tagNames/poolName","tagName":"poolName","count":{"type":"Total","value":1},"values":[{"id":"/subscriptions/00000000-0000-0000-0000-000000000000/tagNames/poolName/tagValues/agentpool","tagValue":"agentpool","count":{"type":"Total","value":1}}]},{"id":"/subscriptions/00000000-0000-0000-0000-000000000000/tagNames/resourceNameSuffix","tagName":"resourceNameSuffix","count":{"type":"Total","value":1},"values":[{"id":"/subscriptions/00000000-0000-0000-0000-000000000000/tagNames/resourceNameSuffix/tagValues/11215897","tagValue":"11215897","count":{"type":"Total","value":1}}]},{"id":"/subscriptions/00000000-0000-0000-0000-000000000000/tagNames/owner","tagName":"owner","count":{"type":"Total","value":1},"values":[{"id":"/subscriptions/00000000-0000-0000-0000-000000000000/tagNames/owner/tagValues/kubernetes","tagValue":"kubernetes","count":{"type":"Total","value":1}}]},{"id":"/subscriptions/00000000-0000-0000-0000-000000000000/tagNames/type","tagName":"type","count":{"type":"Total","value":1},"values":[{"id":"/subscriptions/00000000-0000-0000-0000-000000000000/tagNames/type/tagValues/aks-slb-managed-outbound-ip","tagValue":"aks-slb-managed-outbound-ip","count":{"type":"Total","value":1}}]},{"id":"/subscriptions/00000000-0000-0000-0000-000000000000/tagNames/defaultExperience","tagName":"defaultExperience","count":{"type":"Total","value":1},"values":[{"id":"/subscriptions/00000000-0000-0000-0000-000000000000/tagNames/defaultExperience/tagValues/Core
        (SQL)","tagValue":"Core (SQL)","count":{"type":"Total","value":1}}]},{"id":"/subscriptions/00000000-0000-0000-0000-000000000000/tagNames/env","tagName":"env","count":{"type":"Total","value":54},"values":[{"id":"/subscriptions/00000000-0000-0000-0000-000000000000/tagNames/env/tagValues/mpActivateFailiure403","tagValue":"mpActivateFailiure403","count":{"type":"Total","value":5}},{"id":"/subscriptions/00000000-0000-0000-0000-000000000000/tagNames/env/tagValues/mpCreateFail400","tagValue":"mpCreateFail400","count":{"type":"Total","value":5}},{"id":"/subscriptions/00000000-0000-0000-0000-000000000000/tagNames/env/tagValues/mpCreateFail403","tagValue":"mpCreateFail403","count":{"type":"Total","value":5}},{"id":"/subscriptions/00000000-0000-0000-0000-000000000000/tagNames/env/tagValues/df-stable-swagger-test","tagValue":"df-stable-swagger-test","count":{"type":"Total","value":39}}]},{"id":"/subscriptions/00000000-0000-0000-0000-000000000000/tagNames/product","tagName":"product","count":{"type":"Total","value":14},"values":[{"id":"/subscriptions/00000000-0000-0000-0000-000000000000/tagNames/product/tagValues/azurecli","tagValue":"azurecli","count":{"type":"Total","value":14}}]},{"id":"/subscriptions/00000000-0000-0000-0000-000000000000/tagNames/cause","tagName":"cause","count":{"type":"Total","value":14},"values":[{"id":"/subscriptions/00000000-0000-0000-0000-000000000000/tagNames/cause/tagValues/automation","tagValue":"automation","count":{"type":"Total","value":14}}]},{"id":"/subscriptions/00000000-0000-0000-0000-000000000000/tagNames/date","tagName":"date","count":{"type":"Total","value":14},"values":[{"id":"/subscriptions/00000000-0000-0000-0000-000000000000/tagNames/date/tagValues/2021-07-06T08:18:27Z","tagValue":"2021-07-06T08:18:27Z","count":{"type":"Total","value":1}},{"id":"/subscriptions/00000000-0000-0000-0000-000000000000/tagNames/date/tagValues/2021-07-07T08:29:12Z","tagValue":"2021-07-07T08:29:12Z","count":{"type":"Total","value":1}},{"id":"/subscriptions/00000000-0000-0000-0000-000000000000/tagNames/date/tagValues/2021-07-07T08:31:35Z","tagValue":"2021-07-07T08:31:35Z","count":{"type":"Total","value":2}},{"id":"/subscriptions/00000000-0000-0000-0000-000000000000/tagNames/date/tagValues/2021-07-07T08:32:09Z","tagValue":"2021-07-07T08:32:09Z","count":{"type":"Total","value":1}},{"id":"/subscriptions/00000000-0000-0000-0000-000000000000/tagNames/date/tagValues/2021-07-07T08:32:23Z","tagValue":"2021-07-07T08:32:23Z","count":{"type":"Total","value":1}},{"id":"/subscriptions/00000000-0000-0000-0000-000000000000/tagNames/date/tagValues/2021-07-07T08:32:25Z","tagValue":"2021-07-07T08:32:25Z","count":{"type":"Total","value":1}},{"id":"/subscriptions/00000000-0000-0000-0000-000000000000/tagNames/date/tagValues/2021-07-07T08:32:27Z","tagValue":"2021-07-07T08:32:27Z","count":{"type":"Total","value":2}},{"id":"/subscriptions/00000000-0000-0000-0000-000000000000/tagNames/date/tagValues/2021-07-07T08:32:47Z","tagValue":"2021-07-07T08:32:47Z","count":{"type":"Total","value":2}},{"id":"/subscriptions/00000000-0000-0000-0000-000000000000/tagNames/date/tagValues/2021-07-07T08:32:57Z","tagValue":"2021-07-07T08:32:57Z","count":{"type":"Total","value":1}},{"id":"/subscriptions/00000000-0000-0000-0000-000000000000/tagNames/date/tagValues/2021-07-07T08:33:03Z","tagValue":"2021-07-07T08:33:03Z","count":{"type":"Total","value":1}},{"id":"/subscriptions/00000000-0000-0000-0000-000000000000/tagNames/date/tagValues/2021-07-07T08:33:29Z","tagValue":"2021-07-07T08:33:29Z","count":{"type":"Total","value":1}}]}]}'
    headers:
      cache-control:
      - no-cache
      content-length:
      - '7400'
      content-type:
      - application/json; charset=utf-8
      date:
      - Wed, 07 Jul 2021 08:33:33 GMT
      expires:
      - '-1'
      pragma:
      - no-cache
      strict-transport-security:
      - max-age=31536000; includeSubDomains
      vary:
      - Accept-Encoding
      x-content-type-options:
      - nosniff
    status:
      code: 200
      message: OK
- request:
    body: null
    headers:
      Accept:
      - application/json
      Accept-Encoding:
      - gzip, deflate
      CommandName:
      - tag delete
      Connection:
      - keep-alive
      Content-Length:
      - '0'
      ParameterSetName:
      - -n -y
      User-Agent:
      - AZURECLI/2.26.0 azsdk-python-azure-mgmt-resource/18.0.0 Python/3.8.3 (Windows-10-10.0.18362-SP0)
    method: DELETE
    uri: https://management.azure.com/subscriptions/00000000-0000-0000-0000-000000000000/tagNames/cli_test_tag?api-version=2021-04-01
  response:
    body:
      string: ''
    headers:
      cache-control:
      - no-cache
      date:
      - Wed, 07 Jul 2021 08:33:35 GMT
      expires:
      - '-1'
      pragma:
      - no-cache
      strict-transport-security:
      - max-age=31536000; includeSubDomains
      x-content-type-options:
      - nosniff
      x-ms-ratelimit-remaining-subscription-deletes:
      - '14999'
    status:
      code: 204
      message: No Content
- request:
    body: null
    headers:
      Accept:
      - application/json
      Accept-Encoding:
      - gzip, deflate
      CommandName:
      - tag list
      Connection:
      - keep-alive
      ParameterSetName:
      - --query
      User-Agent:
      - AZURECLI/2.26.0 azsdk-python-azure-mgmt-resource/18.0.0 Python/3.8.3 (Windows-10-10.0.18362-SP0)
    method: GET
    uri: https://management.azure.com/subscriptions/00000000-0000-0000-0000-000000000000/tagNames?api-version=2021-04-01
  response:
    body:
      string: '{"value":[{"id":"/subscriptions/00000000-0000-0000-0000-000000000000/tagNames/environment","tagName":"environment","count":{"type":"Total","value":7},"values":[{"id":"/subscriptions/00000000-0000-0000-0000-000000000000/tagNames/environment/tagValues/CLI","tagValue":"CLI","count":{"type":"Total","value":7}}]},{"id":"/subscriptions/00000000-0000-0000-0000-000000000000/tagNames/tag-vnet","tagName":"tag-vnet","count":{"type":"Total","value":1},"values":[{"id":"/subscriptions/00000000-0000-0000-0000-000000000000/tagNames/tag-vnet/tagValues/","tagValue":"","count":{"type":"Total","value":1}}]},{"id":"/subscriptions/00000000-0000-0000-0000-000000000000/tagNames/cli-test","tagName":"cli-test","count":{"type":"Total","value":1},"values":[{"id":"/subscriptions/00000000-0000-0000-0000-000000000000/tagNames/cli-test/tagValues/test","tagValue":"test","count":{"type":"Total","value":1}}]},{"id":"/subscriptions/00000000-0000-0000-0000-000000000000/tagNames/ms-resource-usage","tagName":"ms-resource-usage","count":{"type":"Total","value":2},"values":[{"id":"/subscriptions/00000000-0000-0000-0000-000000000000/tagNames/ms-resource-usage/tagValues/azure-cloud-shell","tagValue":"azure-cloud-shell","count":{"type":"Total","value":2}}]},{"id":"/subscriptions/00000000-0000-0000-0000-000000000000/tagNames/createOperationID","tagName":"createOperationID","count":{"type":"Total","value":1},"values":[{"id":"/subscriptions/00000000-0000-0000-0000-000000000000/tagNames/createOperationID/tagValues/bba8c027-ec1c-4e64-b85d-90accb6d5941","tagValue":"bba8c027-ec1c-4e64-b85d-90accb6d5941","count":{"type":"Total","value":1}}]},{"id":"/subscriptions/00000000-0000-0000-0000-000000000000/tagNames/creationSource","tagName":"creationSource","count":{"type":"Total","value":1},"values":[{"id":"/subscriptions/00000000-0000-0000-0000-000000000000/tagNames/creationSource/tagValues/vmssclient-aks-agentpool-11215897-vmss","tagValue":"vmssclient-aks-agentpool-11215897-vmss","count":{"type":"Total","value":1}}]},{"id":"/subscriptions/00000000-0000-0000-0000-000000000000/tagNames/orchestrator","tagName":"orchestrator","count":{"type":"Total","value":1},"values":[{"id":"/subscriptions/00000000-0000-0000-0000-000000000000/tagNames/orchestrator/tagValues/Kubernetes:1.20.7","tagValue":"Kubernetes:1.20.7","count":{"type":"Total","value":1}}]},{"id":"/subscriptions/00000000-0000-0000-0000-000000000000/tagNames/poolName","tagName":"poolName","count":{"type":"Total","value":1},"values":[{"id":"/subscriptions/00000000-0000-0000-0000-000000000000/tagNames/poolName/tagValues/agentpool","tagValue":"agentpool","count":{"type":"Total","value":1}}]},{"id":"/subscriptions/00000000-0000-0000-0000-000000000000/tagNames/resourceNameSuffix","tagName":"resourceNameSuffix","count":{"type":"Total","value":1},"values":[{"id":"/subscriptions/00000000-0000-0000-0000-000000000000/tagNames/resourceNameSuffix/tagValues/11215897","tagValue":"11215897","count":{"type":"Total","value":1}}]},{"id":"/subscriptions/00000000-0000-0000-0000-000000000000/tagNames/owner","tagName":"owner","count":{"type":"Total","value":1},"values":[{"id":"/subscriptions/00000000-0000-0000-0000-000000000000/tagNames/owner/tagValues/kubernetes","tagValue":"kubernetes","count":{"type":"Total","value":1}}]},{"id":"/subscriptions/00000000-0000-0000-0000-000000000000/tagNames/type","tagName":"type","count":{"type":"Total","value":1},"values":[{"id":"/subscriptions/00000000-0000-0000-0000-000000000000/tagNames/type/tagValues/aks-slb-managed-outbound-ip","tagValue":"aks-slb-managed-outbound-ip","count":{"type":"Total","value":1}}]},{"id":"/subscriptions/00000000-0000-0000-0000-000000000000/tagNames/defaultExperience","tagName":"defaultExperience","count":{"type":"Total","value":1},"values":[{"id":"/subscriptions/00000000-0000-0000-0000-000000000000/tagNames/defaultExperience/tagValues/Core
        (SQL)","tagValue":"Core (SQL)","count":{"type":"Total","value":1}}]},{"id":"/subscriptions/00000000-0000-0000-0000-000000000000/tagNames/env","tagName":"env","count":{"type":"Total","value":54},"values":[{"id":"/subscriptions/00000000-0000-0000-0000-000000000000/tagNames/env/tagValues/mpActivateFailiure403","tagValue":"mpActivateFailiure403","count":{"type":"Total","value":5}},{"id":"/subscriptions/00000000-0000-0000-0000-000000000000/tagNames/env/tagValues/mpCreateFail400","tagValue":"mpCreateFail400","count":{"type":"Total","value":5}},{"id":"/subscriptions/00000000-0000-0000-0000-000000000000/tagNames/env/tagValues/mpCreateFail403","tagValue":"mpCreateFail403","count":{"type":"Total","value":5}},{"id":"/subscriptions/00000000-0000-0000-0000-000000000000/tagNames/env/tagValues/df-stable-swagger-test","tagValue":"df-stable-swagger-test","count":{"type":"Total","value":39}}]},{"id":"/subscriptions/00000000-0000-0000-0000-000000000000/tagNames/product","tagName":"product","count":{"type":"Total","value":15},"values":[{"id":"/subscriptions/00000000-0000-0000-0000-000000000000/tagNames/product/tagValues/azurecli","tagValue":"azurecli","count":{"type":"Total","value":15}}]},{"id":"/subscriptions/00000000-0000-0000-0000-000000000000/tagNames/cause","tagName":"cause","count":{"type":"Total","value":15},"values":[{"id":"/subscriptions/00000000-0000-0000-0000-000000000000/tagNames/cause/tagValues/automation","tagValue":"automation","count":{"type":"Total","value":15}}]},{"id":"/subscriptions/00000000-0000-0000-0000-000000000000/tagNames/date","tagName":"date","count":{"type":"Total","value":15},"values":[{"id":"/subscriptions/00000000-0000-0000-0000-000000000000/tagNames/date/tagValues/2021-07-06T08:18:27Z","tagValue":"2021-07-06T08:18:27Z","count":{"type":"Total","value":1}},{"id":"/subscriptions/00000000-0000-0000-0000-000000000000/tagNames/date/tagValues/2021-07-07T08:29:12Z","tagValue":"2021-07-07T08:29:12Z","count":{"type":"Total","value":1}},{"id":"/subscriptions/00000000-0000-0000-0000-000000000000/tagNames/date/tagValues/2021-07-07T08:31:35Z","tagValue":"2021-07-07T08:31:35Z","count":{"type":"Total","value":2}},{"id":"/subscriptions/00000000-0000-0000-0000-000000000000/tagNames/date/tagValues/2021-07-07T08:32:09Z","tagValue":"2021-07-07T08:32:09Z","count":{"type":"Total","value":1}},{"id":"/subscriptions/00000000-0000-0000-0000-000000000000/tagNames/date/tagValues/2021-07-07T08:32:23Z","tagValue":"2021-07-07T08:32:23Z","count":{"type":"Total","value":1}},{"id":"/subscriptions/00000000-0000-0000-0000-000000000000/tagNames/date/tagValues/2021-07-07T08:32:25Z","tagValue":"2021-07-07T08:32:25Z","count":{"type":"Total","value":1}},{"id":"/subscriptions/00000000-0000-0000-0000-000000000000/tagNames/date/tagValues/2021-07-07T08:32:27Z","tagValue":"2021-07-07T08:32:27Z","count":{"type":"Total","value":2}},{"id":"/subscriptions/00000000-0000-0000-0000-000000000000/tagNames/date/tagValues/2021-07-07T08:32:47Z","tagValue":"2021-07-07T08:32:47Z","count":{"type":"Total","value":2}},{"id":"/subscriptions/00000000-0000-0000-0000-000000000000/tagNames/date/tagValues/2021-07-07T08:32:57Z","tagValue":"2021-07-07T08:32:57Z","count":{"type":"Total","value":1}},{"id":"/subscriptions/00000000-0000-0000-0000-000000000000/tagNames/date/tagValues/2021-07-07T08:33:03Z","tagValue":"2021-07-07T08:33:03Z","count":{"type":"Total","value":1}},{"id":"/subscriptions/00000000-0000-0000-0000-000000000000/tagNames/date/tagValues/2021-07-07T08:33:29Z","tagValue":"2021-07-07T08:33:29Z","count":{"type":"Total","value":1}},{"id":"/subscriptions/00000000-0000-0000-0000-000000000000/tagNames/date/tagValues/2021-07-07T08:33:32Z","tagValue":"2021-07-07T08:33:32Z","count":{"type":"Total","value":1}}]}]}'
    headers:
      cache-control:
      - no-cache
      content-length:
      - '7575'
      content-type:
      - application/json; charset=utf-8
      date:
      - Wed, 07 Jul 2021 08:33:35 GMT
      expires:
      - '-1'
      pragma:
      - no-cache
      strict-transport-security:
      - max-age=31536000; includeSubDomains
      vary:
      - Accept-Encoding
      x-content-type-options:
      - nosniff
    status:
      code: 200
      message: OK
- request:
    body: null
    headers:
      Accept:
      - application/json
      Accept-Encoding:
      - gzip, deflate
      CommandName:
      - tag create
      Connection:
      - keep-alive
      Content-Length:
      - '0'
      ParameterSetName:
      - -n
      User-Agent:
      - AZURECLI/2.26.0 azsdk-python-azure-mgmt-resource/18.0.0 Python/3.8.3 (Windows-10-10.0.18362-SP0)
    method: PUT
    uri: https://management.azure.com/subscriptions/00000000-0000-0000-0000-000000000000/tagNames/cli_test_tag?api-version=2021-04-01
  response:
    body:
      string: '{"id":"/subscriptions/00000000-0000-0000-0000-000000000000/tagNames/cli_test_tag","tagName":"cli_test_tag","count":{"type":"Total","value":0},"values":[]}'
    headers:
      cache-control:
      - no-cache
      content-length:
      - '154'
      content-type:
      - application/json; charset=utf-8
      date:
      - Wed, 07 Jul 2021 08:33:40 GMT
      expires:
      - '-1'
      pragma:
      - no-cache
      strict-transport-security:
      - max-age=31536000; includeSubDomains
      x-content-type-options:
      - nosniff
      x-ms-ratelimit-remaining-subscription-writes:
      - '1196'
    status:
      code: 201
      message: Created
- request:
    body: null
    headers:
      Accept:
      - application/json
      Accept-Encoding:
      - gzip, deflate
      CommandName:
      - tag add-value
      Connection:
      - keep-alive
      Content-Length:
      - '0'
      ParameterSetName:
      - -n --value
      User-Agent:
      - AZURECLI/2.26.0 azsdk-python-azure-mgmt-resource/18.0.0 Python/3.8.3 (Windows-10-10.0.18362-SP0)
    method: PUT
    uri: https://management.azure.com/subscriptions/00000000-0000-0000-0000-000000000000/tagNames/cli_test_tag/tagValues/test?api-version=2021-04-01
  response:
    body:
      string: '{"id":"/subscriptions/00000000-0000-0000-0000-000000000000/tagNames/cli_test_tag/tagValues/test","tagValue":"test","count":{"type":"Total","value":0}}'
    headers:
      cache-control:
      - no-cache
      content-length:
      - '150'
      content-type:
      - application/json; charset=utf-8
      date:
      - Wed, 07 Jul 2021 08:33:45 GMT
      expires:
      - '-1'
      pragma:
      - no-cache
      strict-transport-security:
      - max-age=31536000; includeSubDomains
      x-content-type-options:
      - nosniff
      x-ms-ratelimit-remaining-subscription-writes:
      - '1196'
    status:
      code: 201
      message: Created
- request:
    body: null
    headers:
      Accept:
      - application/json
      Accept-Encoding:
      - gzip, deflate
      CommandName:
      - tag add-value
      Connection:
      - keep-alive
      Content-Length:
      - '0'
      ParameterSetName:
      - -n --value
      User-Agent:
      - AZURECLI/2.26.0 azsdk-python-azure-mgmt-resource/18.0.0 Python/3.8.3 (Windows-10-10.0.18362-SP0)
    method: PUT
    uri: https://management.azure.com/subscriptions/00000000-0000-0000-0000-000000000000/tagNames/cli_test_tag/tagValues/test2?api-version=2021-04-01
  response:
    body:
      string: '{"id":"/subscriptions/00000000-0000-0000-0000-000000000000/tagNames/cli_test_tag/tagValues/test2","tagValue":"test2","count":{"type":"Total","value":0}}'
    headers:
      cache-control:
      - no-cache
      content-length:
      - '152'
      content-type:
      - application/json; charset=utf-8
      date:
      - Wed, 07 Jul 2021 08:33:50 GMT
      expires:
      - '-1'
      pragma:
      - no-cache
      strict-transport-security:
      - max-age=31536000; includeSubDomains
      x-content-type-options:
      - nosniff
      x-ms-ratelimit-remaining-subscription-writes:
      - '1196'
    status:
      code: 201
      message: Created
- request:
    body: null
    headers:
      Accept:
      - application/json
      Accept-Encoding:
      - gzip, deflate
      CommandName:
      - tag list
      Connection:
      - keep-alive
      ParameterSetName:
      - --query
      User-Agent:
      - AZURECLI/2.26.0 azsdk-python-azure-mgmt-resource/18.0.0 Python/3.8.3 (Windows-10-10.0.18362-SP0)
    method: GET
    uri: https://management.azure.com/subscriptions/00000000-0000-0000-0000-000000000000/tagNames?api-version=2021-04-01
  response:
    body:
      string: '{"value":[{"id":"/subscriptions/00000000-0000-0000-0000-000000000000/tagNames/environment","tagName":"environment","count":{"type":"Total","value":7},"values":[{"id":"/subscriptions/00000000-0000-0000-0000-000000000000/tagNames/environment/tagValues/CLI","tagValue":"CLI","count":{"type":"Total","value":7}}]},{"id":"/subscriptions/00000000-0000-0000-0000-000000000000/tagNames/ms-resource-usage","tagName":"ms-resource-usage","count":{"type":"Total","value":2},"values":[{"id":"/subscriptions/00000000-0000-0000-0000-000000000000/tagNames/ms-resource-usage/tagValues/azure-cloud-shell","tagValue":"azure-cloud-shell","count":{"type":"Total","value":2}}]},{"id":"/subscriptions/00000000-0000-0000-0000-000000000000/tagNames/createOperationID","tagName":"createOperationID","count":{"type":"Total","value":1},"values":[{"id":"/subscriptions/00000000-0000-0000-0000-000000000000/tagNames/createOperationID/tagValues/bba8c027-ec1c-4e64-b85d-90accb6d5941","tagValue":"bba8c027-ec1c-4e64-b85d-90accb6d5941","count":{"type":"Total","value":1}}]},{"id":"/subscriptions/00000000-0000-0000-0000-000000000000/tagNames/creationSource","tagName":"creationSource","count":{"type":"Total","value":1},"values":[{"id":"/subscriptions/00000000-0000-0000-0000-000000000000/tagNames/creationSource/tagValues/vmssclient-aks-agentpool-11215897-vmss","tagValue":"vmssclient-aks-agentpool-11215897-vmss","count":{"type":"Total","value":1}}]},{"id":"/subscriptions/00000000-0000-0000-0000-000000000000/tagNames/orchestrator","tagName":"orchestrator","count":{"type":"Total","value":1},"values":[{"id":"/subscriptions/00000000-0000-0000-0000-000000000000/tagNames/orchestrator/tagValues/Kubernetes:1.20.7","tagValue":"Kubernetes:1.20.7","count":{"type":"Total","value":1}}]},{"id":"/subscriptions/00000000-0000-0000-0000-000000000000/tagNames/poolName","tagName":"poolName","count":{"type":"Total","value":1},"values":[{"id":"/subscriptions/00000000-0000-0000-0000-000000000000/tagNames/poolName/tagValues/agentpool","tagValue":"agentpool","count":{"type":"Total","value":1}}]},{"id":"/subscriptions/00000000-0000-0000-0000-000000000000/tagNames/resourceNameSuffix","tagName":"resourceNameSuffix","count":{"type":"Total","value":1},"values":[{"id":"/subscriptions/00000000-0000-0000-0000-000000000000/tagNames/resourceNameSuffix/tagValues/11215897","tagValue":"11215897","count":{"type":"Total","value":1}}]},{"id":"/subscriptions/00000000-0000-0000-0000-000000000000/tagNames/owner","tagName":"owner","count":{"type":"Total","value":1},"values":[{"id":"/subscriptions/00000000-0000-0000-0000-000000000000/tagNames/owner/tagValues/kubernetes","tagValue":"kubernetes","count":{"type":"Total","value":1}}]},{"id":"/subscriptions/00000000-0000-0000-0000-000000000000/tagNames/type","tagName":"type","count":{"type":"Total","value":1},"values":[{"id":"/subscriptions/00000000-0000-0000-0000-000000000000/tagNames/type/tagValues/aks-slb-managed-outbound-ip","tagValue":"aks-slb-managed-outbound-ip","count":{"type":"Total","value":1}}]},{"id":"/subscriptions/00000000-0000-0000-0000-000000000000/tagNames/defaultExperience","tagName":"defaultExperience","count":{"type":"Total","value":1},"values":[{"id":"/subscriptions/00000000-0000-0000-0000-000000000000/tagNames/defaultExperience/tagValues/Core
        (SQL)","tagValue":"Core (SQL)","count":{"type":"Total","value":1}}]},{"id":"/subscriptions/00000000-0000-0000-0000-000000000000/tagNames/env","tagName":"env","count":{"type":"Total","value":54},"values":[{"id":"/subscriptions/00000000-0000-0000-0000-000000000000/tagNames/env/tagValues/mpActivateFailiure403","tagValue":"mpActivateFailiure403","count":{"type":"Total","value":5}},{"id":"/subscriptions/00000000-0000-0000-0000-000000000000/tagNames/env/tagValues/mpCreateFail400","tagValue":"mpCreateFail400","count":{"type":"Total","value":5}},{"id":"/subscriptions/00000000-0000-0000-0000-000000000000/tagNames/env/tagValues/mpCreateFail403","tagValue":"mpCreateFail403","count":{"type":"Total","value":5}},{"id":"/subscriptions/00000000-0000-0000-0000-000000000000/tagNames/env/tagValues/df-stable-swagger-test","tagValue":"df-stable-swagger-test","count":{"type":"Total","value":39}}]},{"id":"/subscriptions/00000000-0000-0000-0000-000000000000/tagNames/cli_test_tag","tagName":"cli_test_tag","count":{"type":"Total","value":0},"values":[{"id":"/subscriptions/00000000-0000-0000-0000-000000000000/tagNames/cli_test_tag/tagValues/test","tagValue":"test","count":{"type":"Total","value":0}},{"id":"/subscriptions/00000000-0000-0000-0000-000000000000/tagNames/cli_test_tag/tagValues/test2","tagValue":"test2","count":{"type":"Total","value":0}}]},{"id":"/subscriptions/00000000-0000-0000-0000-000000000000/tagNames/product","tagName":"product","count":{"type":"Total","value":15},"values":[{"id":"/subscriptions/00000000-0000-0000-0000-000000000000/tagNames/product/tagValues/azurecli","tagValue":"azurecli","count":{"type":"Total","value":15}}]},{"id":"/subscriptions/00000000-0000-0000-0000-000000000000/tagNames/cause","tagName":"cause","count":{"type":"Total","value":15},"values":[{"id":"/subscriptions/00000000-0000-0000-0000-000000000000/tagNames/cause/tagValues/automation","tagValue":"automation","count":{"type":"Total","value":15}}]},{"id":"/subscriptions/00000000-0000-0000-0000-000000000000/tagNames/date","tagName":"date","count":{"type":"Total","value":15},"values":[{"id":"/subscriptions/00000000-0000-0000-0000-000000000000/tagNames/date/tagValues/2021-07-06T08:18:27Z","tagValue":"2021-07-06T08:18:27Z","count":{"type":"Total","value":1}},{"id":"/subscriptions/00000000-0000-0000-0000-000000000000/tagNames/date/tagValues/2021-07-07T08:29:12Z","tagValue":"2021-07-07T08:29:12Z","count":{"type":"Total","value":1}},{"id":"/subscriptions/00000000-0000-0000-0000-000000000000/tagNames/date/tagValues/2021-07-07T08:31:35Z","tagValue":"2021-07-07T08:31:35Z","count":{"type":"Total","value":1}},{"id":"/subscriptions/00000000-0000-0000-0000-000000000000/tagNames/date/tagValues/2021-07-07T08:32:09Z","tagValue":"2021-07-07T08:32:09Z","count":{"type":"Total","value":1}},{"id":"/subscriptions/00000000-0000-0000-0000-000000000000/tagNames/date/tagValues/2021-07-07T08:32:23Z","tagValue":"2021-07-07T08:32:23Z","count":{"type":"Total","value":1}},{"id":"/subscriptions/00000000-0000-0000-0000-000000000000/tagNames/date/tagValues/2021-07-07T08:32:25Z","tagValue":"2021-07-07T08:32:25Z","count":{"type":"Total","value":1}},{"id":"/subscriptions/00000000-0000-0000-0000-000000000000/tagNames/date/tagValues/2021-07-07T08:32:27Z","tagValue":"2021-07-07T08:32:27Z","count":{"type":"Total","value":2}},{"id":"/subscriptions/00000000-0000-0000-0000-000000000000/tagNames/date/tagValues/2021-07-07T08:32:47Z","tagValue":"2021-07-07T08:32:47Z","count":{"type":"Total","value":2}},{"id":"/subscriptions/00000000-0000-0000-0000-000000000000/tagNames/date/tagValues/2021-07-07T08:32:57Z","tagValue":"2021-07-07T08:32:57Z","count":{"type":"Total","value":1}},{"id":"/subscriptions/00000000-0000-0000-0000-000000000000/tagNames/date/tagValues/2021-07-07T08:33:03Z","tagValue":"2021-07-07T08:33:03Z","count":{"type":"Total","value":1}},{"id":"/subscriptions/00000000-0000-0000-0000-000000000000/tagNames/date/tagValues/2021-07-07T08:33:29Z","tagValue":"2021-07-07T08:33:29Z","count":{"type":"Total","value":1}},{"id":"/subscriptions/00000000-0000-0000-0000-000000000000/tagNames/date/tagValues/2021-07-07T08:33:32Z","tagValue":"2021-07-07T08:33:32Z","count":{"type":"Total","value":1}},{"id":"/subscriptions/00000000-0000-0000-0000-000000000000/tagNames/date/tagValues/2021-07-07T08:33:44Z","tagValue":"2021-07-07T08:33:44Z","count":{"type":"Total","value":1}}]}]}'
    headers:
      cache-control:
      - no-cache
      content-length:
      - '7630'
      content-type:
      - application/json; charset=utf-8
      date:
      - Wed, 07 Jul 2021 08:33:50 GMT
      expires:
      - '-1'
      pragma:
      - no-cache
      strict-transport-security:
      - max-age=31536000; includeSubDomains
      vary:
      - Accept-Encoding
      x-content-type-options:
      - nosniff
    status:
      code: 200
      message: OK
- request:
    body: null
    headers:
      Accept:
      - application/json
      Accept-Encoding:
      - gzip, deflate
      CommandName:
      - tag remove-value
      Connection:
      - keep-alive
      Content-Length:
      - '0'
      ParameterSetName:
      - -n --value
      User-Agent:
      - AZURECLI/2.26.0 azsdk-python-azure-mgmt-resource/18.0.0 Python/3.8.3 (Windows-10-10.0.18362-SP0)
    method: DELETE
    uri: https://management.azure.com/subscriptions/00000000-0000-0000-0000-000000000000/tagNames/cli_test_tag/tagValues/test?api-version=2021-04-01
  response:
    body:
      string: ''
    headers:
      cache-control:
      - no-cache
      content-length:
      - '0'
      date:
      - Wed, 07 Jul 2021 08:33:54 GMT
      expires:
      - '-1'
      pragma:
      - no-cache
      strict-transport-security:
      - max-age=31536000; includeSubDomains
      x-content-type-options:
      - nosniff
      x-ms-ratelimit-remaining-subscription-deletes:
      - '14997'
    status:
      code: 200
      message: OK
- request:
    body: null
    headers:
      Accept:
      - application/json
      Accept-Encoding:
      - gzip, deflate
      CommandName:
      - tag list
      Connection:
      - keep-alive
      ParameterSetName:
      - --query
      User-Agent:
      - AZURECLI/2.26.0 azsdk-python-azure-mgmt-resource/18.0.0 Python/3.8.3 (Windows-10-10.0.18362-SP0)
    method: GET
    uri: https://management.azure.com/subscriptions/00000000-0000-0000-0000-000000000000/tagNames?api-version=2021-04-01
  response:
    body:
      string: '{"value":[{"id":"/subscriptions/00000000-0000-0000-0000-000000000000/tagNames/environment","tagName":"environment","count":{"type":"Total","value":7},"values":[{"id":"/subscriptions/00000000-0000-0000-0000-000000000000/tagNames/environment/tagValues/CLI","tagValue":"CLI","count":{"type":"Total","value":7}}]},{"id":"/subscriptions/00000000-0000-0000-0000-000000000000/tagNames/ms-resource-usage","tagName":"ms-resource-usage","count":{"type":"Total","value":2},"values":[{"id":"/subscriptions/00000000-0000-0000-0000-000000000000/tagNames/ms-resource-usage/tagValues/azure-cloud-shell","tagValue":"azure-cloud-shell","count":{"type":"Total","value":2}}]},{"id":"/subscriptions/00000000-0000-0000-0000-000000000000/tagNames/createOperationID","tagName":"createOperationID","count":{"type":"Total","value":1},"values":[{"id":"/subscriptions/00000000-0000-0000-0000-000000000000/tagNames/createOperationID/tagValues/bba8c027-ec1c-4e64-b85d-90accb6d5941","tagValue":"bba8c027-ec1c-4e64-b85d-90accb6d5941","count":{"type":"Total","value":1}}]},{"id":"/subscriptions/00000000-0000-0000-0000-000000000000/tagNames/creationSource","tagName":"creationSource","count":{"type":"Total","value":1},"values":[{"id":"/subscriptions/00000000-0000-0000-0000-000000000000/tagNames/creationSource/tagValues/vmssclient-aks-agentpool-11215897-vmss","tagValue":"vmssclient-aks-agentpool-11215897-vmss","count":{"type":"Total","value":1}}]},{"id":"/subscriptions/00000000-0000-0000-0000-000000000000/tagNames/orchestrator","tagName":"orchestrator","count":{"type":"Total","value":1},"values":[{"id":"/subscriptions/00000000-0000-0000-0000-000000000000/tagNames/orchestrator/tagValues/Kubernetes:1.20.7","tagValue":"Kubernetes:1.20.7","count":{"type":"Total","value":1}}]},{"id":"/subscriptions/00000000-0000-0000-0000-000000000000/tagNames/poolName","tagName":"poolName","count":{"type":"Total","value":1},"values":[{"id":"/subscriptions/00000000-0000-0000-0000-000000000000/tagNames/poolName/tagValues/agentpool","tagValue":"agentpool","count":{"type":"Total","value":1}}]},{"id":"/subscriptions/00000000-0000-0000-0000-000000000000/tagNames/resourceNameSuffix","tagName":"resourceNameSuffix","count":{"type":"Total","value":1},"values":[{"id":"/subscriptions/00000000-0000-0000-0000-000000000000/tagNames/resourceNameSuffix/tagValues/11215897","tagValue":"11215897","count":{"type":"Total","value":1}}]},{"id":"/subscriptions/00000000-0000-0000-0000-000000000000/tagNames/owner","tagName":"owner","count":{"type":"Total","value":1},"values":[{"id":"/subscriptions/00000000-0000-0000-0000-000000000000/tagNames/owner/tagValues/kubernetes","tagValue":"kubernetes","count":{"type":"Total","value":1}}]},{"id":"/subscriptions/00000000-0000-0000-0000-000000000000/tagNames/type","tagName":"type","count":{"type":"Total","value":1},"values":[{"id":"/subscriptions/00000000-0000-0000-0000-000000000000/tagNames/type/tagValues/aks-slb-managed-outbound-ip","tagValue":"aks-slb-managed-outbound-ip","count":{"type":"Total","value":1}}]},{"id":"/subscriptions/00000000-0000-0000-0000-000000000000/tagNames/defaultExperience","tagName":"defaultExperience","count":{"type":"Total","value":1},"values":[{"id":"/subscriptions/00000000-0000-0000-0000-000000000000/tagNames/defaultExperience/tagValues/Core
        (SQL)","tagValue":"Core (SQL)","count":{"type":"Total","value":1}}]},{"id":"/subscriptions/00000000-0000-0000-0000-000000000000/tagNames/env","tagName":"env","count":{"type":"Total","value":54},"values":[{"id":"/subscriptions/00000000-0000-0000-0000-000000000000/tagNames/env/tagValues/mpActivateFailiure403","tagValue":"mpActivateFailiure403","count":{"type":"Total","value":5}},{"id":"/subscriptions/00000000-0000-0000-0000-000000000000/tagNames/env/tagValues/mpCreateFail400","tagValue":"mpCreateFail400","count":{"type":"Total","value":5}},{"id":"/subscriptions/00000000-0000-0000-0000-000000000000/tagNames/env/tagValues/mpCreateFail403","tagValue":"mpCreateFail403","count":{"type":"Total","value":5}},{"id":"/subscriptions/00000000-0000-0000-0000-000000000000/tagNames/env/tagValues/df-stable-swagger-test","tagValue":"df-stable-swagger-test","count":{"type":"Total","value":39}}]},{"id":"/subscriptions/00000000-0000-0000-0000-000000000000/tagNames/cli_test_tag","tagName":"cli_test_tag","count":{"type":"Total","value":0},"values":[{"id":"/subscriptions/00000000-0000-0000-0000-000000000000/tagNames/cli_test_tag/tagValues/test2","tagValue":"test2","count":{"type":"Total","value":0}}]},{"id":"/subscriptions/00000000-0000-0000-0000-000000000000/tagNames/product","tagName":"product","count":{"type":"Total","value":15},"values":[{"id":"/subscriptions/00000000-0000-0000-0000-000000000000/tagNames/product/tagValues/azurecli","tagValue":"azurecli","count":{"type":"Total","value":15}}]},{"id":"/subscriptions/00000000-0000-0000-0000-000000000000/tagNames/cause","tagName":"cause","count":{"type":"Total","value":15},"values":[{"id":"/subscriptions/00000000-0000-0000-0000-000000000000/tagNames/cause/tagValues/automation","tagValue":"automation","count":{"type":"Total","value":15}}]},{"id":"/subscriptions/00000000-0000-0000-0000-000000000000/tagNames/date","tagName":"date","count":{"type":"Total","value":15},"values":[{"id":"/subscriptions/00000000-0000-0000-0000-000000000000/tagNames/date/tagValues/2021-07-06T08:18:27Z","tagValue":"2021-07-06T08:18:27Z","count":{"type":"Total","value":1}},{"id":"/subscriptions/00000000-0000-0000-0000-000000000000/tagNames/date/tagValues/2021-07-07T08:29:12Z","tagValue":"2021-07-07T08:29:12Z","count":{"type":"Total","value":1}},{"id":"/subscriptions/00000000-0000-0000-0000-000000000000/tagNames/date/tagValues/2021-07-07T08:31:35Z","tagValue":"2021-07-07T08:31:35Z","count":{"type":"Total","value":1}},{"id":"/subscriptions/00000000-0000-0000-0000-000000000000/tagNames/date/tagValues/2021-07-07T08:32:09Z","tagValue":"2021-07-07T08:32:09Z","count":{"type":"Total","value":1}},{"id":"/subscriptions/00000000-0000-0000-0000-000000000000/tagNames/date/tagValues/2021-07-07T08:32:23Z","tagValue":"2021-07-07T08:32:23Z","count":{"type":"Total","value":1}},{"id":"/subscriptions/00000000-0000-0000-0000-000000000000/tagNames/date/tagValues/2021-07-07T08:32:25Z","tagValue":"2021-07-07T08:32:25Z","count":{"type":"Total","value":1}},{"id":"/subscriptions/00000000-0000-0000-0000-000000000000/tagNames/date/tagValues/2021-07-07T08:32:27Z","tagValue":"2021-07-07T08:32:27Z","count":{"type":"Total","value":2}},{"id":"/subscriptions/00000000-0000-0000-0000-000000000000/tagNames/date/tagValues/2021-07-07T08:32:47Z","tagValue":"2021-07-07T08:32:47Z","count":{"type":"Total","value":2}},{"id":"/subscriptions/00000000-0000-0000-0000-000000000000/tagNames/date/tagValues/2021-07-07T08:32:57Z","tagValue":"2021-07-07T08:32:57Z","count":{"type":"Total","value":1}},{"id":"/subscriptions/00000000-0000-0000-0000-000000000000/tagNames/date/tagValues/2021-07-07T08:33:03Z","tagValue":"2021-07-07T08:33:03Z","count":{"type":"Total","value":1}},{"id":"/subscriptions/00000000-0000-0000-0000-000000000000/tagNames/date/tagValues/2021-07-07T08:33:29Z","tagValue":"2021-07-07T08:33:29Z","count":{"type":"Total","value":1}},{"id":"/subscriptions/00000000-0000-0000-0000-000000000000/tagNames/date/tagValues/2021-07-07T08:33:32Z","tagValue":"2021-07-07T08:33:32Z","count":{"type":"Total","value":1}},{"id":"/subscriptions/00000000-0000-0000-0000-000000000000/tagNames/date/tagValues/2021-07-07T08:33:44Z","tagValue":"2021-07-07T08:33:44Z","count":{"type":"Total","value":1}}]}]}'
    headers:
      cache-control:
      - no-cache
      content-length:
      - '7479'
      content-type:
      - application/json; charset=utf-8
      date:
      - Wed, 07 Jul 2021 08:33:55 GMT
      expires:
      - '-1'
      pragma:
      - no-cache
      strict-transport-security:
      - max-age=31536000; includeSubDomains
      vary:
      - Accept-Encoding
      x-content-type-options:
      - nosniff
    status:
      code: 200
      message: OK
- request:
    body: null
    headers:
      Accept:
      - application/json
      Accept-Encoding:
      - gzip, deflate
      CommandName:
      - tag remove-value
      Connection:
      - keep-alive
      Content-Length:
      - '0'
      ParameterSetName:
      - -n --value
      User-Agent:
      - AZURECLI/2.26.0 azsdk-python-azure-mgmt-resource/18.0.0 Python/3.8.3 (Windows-10-10.0.18362-SP0)
    method: DELETE
    uri: https://management.azure.com/subscriptions/00000000-0000-0000-0000-000000000000/tagNames/cli_test_tag/tagValues/test2?api-version=2021-04-01
  response:
    body:
      string: ''
    headers:
      cache-control:
      - no-cache
      content-length:
      - '0'
      date:
      - Wed, 07 Jul 2021 08:33:58 GMT
      expires:
      - '-1'
      pragma:
      - no-cache
      strict-transport-security:
      - max-age=31536000; includeSubDomains
      x-content-type-options:
      - nosniff
      x-ms-ratelimit-remaining-subscription-deletes:
      - '14995'
    status:
      code: 200
      message: OK
- request:
    body: null
    headers:
      Accept:
      - application/json
      Accept-Encoding:
      - gzip, deflate
      CommandName:
      - tag list
      Connection:
      - keep-alive
      ParameterSetName:
      - --query
      User-Agent:
      - AZURECLI/2.26.0 azsdk-python-azure-mgmt-resource/18.0.0 Python/3.8.3 (Windows-10-10.0.18362-SP0)
    method: GET
    uri: https://management.azure.com/subscriptions/00000000-0000-0000-0000-000000000000/tagNames?api-version=2021-04-01
  response:
    body:
      string: '{"value":[{"id":"/subscriptions/00000000-0000-0000-0000-000000000000/tagNames/environment","tagName":"environment","count":{"type":"Total","value":7},"values":[{"id":"/subscriptions/00000000-0000-0000-0000-000000000000/tagNames/environment/tagValues/CLI","tagValue":"CLI","count":{"type":"Total","value":7}}]},{"id":"/subscriptions/00000000-0000-0000-0000-000000000000/tagNames/ms-resource-usage","tagName":"ms-resource-usage","count":{"type":"Total","value":2},"values":[{"id":"/subscriptions/00000000-0000-0000-0000-000000000000/tagNames/ms-resource-usage/tagValues/azure-cloud-shell","tagValue":"azure-cloud-shell","count":{"type":"Total","value":2}}]},{"id":"/subscriptions/00000000-0000-0000-0000-000000000000/tagNames/createOperationID","tagName":"createOperationID","count":{"type":"Total","value":1},"values":[{"id":"/subscriptions/00000000-0000-0000-0000-000000000000/tagNames/createOperationID/tagValues/bba8c027-ec1c-4e64-b85d-90accb6d5941","tagValue":"bba8c027-ec1c-4e64-b85d-90accb6d5941","count":{"type":"Total","value":1}}]},{"id":"/subscriptions/00000000-0000-0000-0000-000000000000/tagNames/creationSource","tagName":"creationSource","count":{"type":"Total","value":1},"values":[{"id":"/subscriptions/00000000-0000-0000-0000-000000000000/tagNames/creationSource/tagValues/vmssclient-aks-agentpool-11215897-vmss","tagValue":"vmssclient-aks-agentpool-11215897-vmss","count":{"type":"Total","value":1}}]},{"id":"/subscriptions/00000000-0000-0000-0000-000000000000/tagNames/orchestrator","tagName":"orchestrator","count":{"type":"Total","value":1},"values":[{"id":"/subscriptions/00000000-0000-0000-0000-000000000000/tagNames/orchestrator/tagValues/Kubernetes:1.20.7","tagValue":"Kubernetes:1.20.7","count":{"type":"Total","value":1}}]},{"id":"/subscriptions/00000000-0000-0000-0000-000000000000/tagNames/poolName","tagName":"poolName","count":{"type":"Total","value":1},"values":[{"id":"/subscriptions/00000000-0000-0000-0000-000000000000/tagNames/poolName/tagValues/agentpool","tagValue":"agentpool","count":{"type":"Total","value":1}}]},{"id":"/subscriptions/00000000-0000-0000-0000-000000000000/tagNames/resourceNameSuffix","tagName":"resourceNameSuffix","count":{"type":"Total","value":1},"values":[{"id":"/subscriptions/00000000-0000-0000-0000-000000000000/tagNames/resourceNameSuffix/tagValues/11215897","tagValue":"11215897","count":{"type":"Total","value":1}}]},{"id":"/subscriptions/00000000-0000-0000-0000-000000000000/tagNames/owner","tagName":"owner","count":{"type":"Total","value":1},"values":[{"id":"/subscriptions/00000000-0000-0000-0000-000000000000/tagNames/owner/tagValues/kubernetes","tagValue":"kubernetes","count":{"type":"Total","value":1}}]},{"id":"/subscriptions/00000000-0000-0000-0000-000000000000/tagNames/type","tagName":"type","count":{"type":"Total","value":1},"values":[{"id":"/subscriptions/00000000-0000-0000-0000-000000000000/tagNames/type/tagValues/aks-slb-managed-outbound-ip","tagValue":"aks-slb-managed-outbound-ip","count":{"type":"Total","value":1}}]},{"id":"/subscriptions/00000000-0000-0000-0000-000000000000/tagNames/defaultExperience","tagName":"defaultExperience","count":{"type":"Total","value":1},"values":[{"id":"/subscriptions/00000000-0000-0000-0000-000000000000/tagNames/defaultExperience/tagValues/Core
        (SQL)","tagValue":"Core (SQL)","count":{"type":"Total","value":1}}]},{"id":"/subscriptions/00000000-0000-0000-0000-000000000000/tagNames/env","tagName":"env","count":{"type":"Total","value":54},"values":[{"id":"/subscriptions/00000000-0000-0000-0000-000000000000/tagNames/env/tagValues/mpActivateFailiure403","tagValue":"mpActivateFailiure403","count":{"type":"Total","value":5}},{"id":"/subscriptions/00000000-0000-0000-0000-000000000000/tagNames/env/tagValues/mpCreateFail400","tagValue":"mpCreateFail400","count":{"type":"Total","value":5}},{"id":"/subscriptions/00000000-0000-0000-0000-000000000000/tagNames/env/tagValues/mpCreateFail403","tagValue":"mpCreateFail403","count":{"type":"Total","value":5}},{"id":"/subscriptions/00000000-0000-0000-0000-000000000000/tagNames/env/tagValues/df-stable-swagger-test","tagValue":"df-stable-swagger-test","count":{"type":"Total","value":39}}]},{"id":"/subscriptions/00000000-0000-0000-0000-000000000000/tagNames/product","tagName":"product","count":{"type":"Total","value":15},"values":[{"id":"/subscriptions/00000000-0000-0000-0000-000000000000/tagNames/product/tagValues/azurecli","tagValue":"azurecli","count":{"type":"Total","value":15}}]},{"id":"/subscriptions/00000000-0000-0000-0000-000000000000/tagNames/cause","tagName":"cause","count":{"type":"Total","value":15},"values":[{"id":"/subscriptions/00000000-0000-0000-0000-000000000000/tagNames/cause/tagValues/automation","tagValue":"automation","count":{"type":"Total","value":15}}]},{"id":"/subscriptions/00000000-0000-0000-0000-000000000000/tagNames/date","tagName":"date","count":{"type":"Total","value":15},"values":[{"id":"/subscriptions/00000000-0000-0000-0000-000000000000/tagNames/date/tagValues/2021-07-06T08:18:27Z","tagValue":"2021-07-06T08:18:27Z","count":{"type":"Total","value":1}},{"id":"/subscriptions/00000000-0000-0000-0000-000000000000/tagNames/date/tagValues/2021-07-07T08:29:12Z","tagValue":"2021-07-07T08:29:12Z","count":{"type":"Total","value":1}},{"id":"/subscriptions/00000000-0000-0000-0000-000000000000/tagNames/date/tagValues/2021-07-07T08:32:09Z","tagValue":"2021-07-07T08:32:09Z","count":{"type":"Total","value":1}},{"id":"/subscriptions/00000000-0000-0000-0000-000000000000/tagNames/date/tagValues/2021-07-07T08:32:23Z","tagValue":"2021-07-07T08:32:23Z","count":{"type":"Total","value":1}},{"id":"/subscriptions/00000000-0000-0000-0000-000000000000/tagNames/date/tagValues/2021-07-07T08:32:25Z","tagValue":"2021-07-07T08:32:25Z","count":{"type":"Total","value":1}},{"id":"/subscriptions/00000000-0000-0000-0000-000000000000/tagNames/date/tagValues/2021-07-07T08:32:27Z","tagValue":"2021-07-07T08:32:27Z","count":{"type":"Total","value":2}},{"id":"/subscriptions/00000000-0000-0000-0000-000000000000/tagNames/date/tagValues/2021-07-07T08:32:47Z","tagValue":"2021-07-07T08:32:47Z","count":{"type":"Total","value":2}},{"id":"/subscriptions/00000000-0000-0000-0000-000000000000/tagNames/date/tagValues/2021-07-07T08:32:57Z","tagValue":"2021-07-07T08:32:57Z","count":{"type":"Total","value":1}},{"id":"/subscriptions/00000000-0000-0000-0000-000000000000/tagNames/date/tagValues/2021-07-07T08:33:03Z","tagValue":"2021-07-07T08:33:03Z","count":{"type":"Total","value":1}},{"id":"/subscriptions/00000000-0000-0000-0000-000000000000/tagNames/date/tagValues/2021-07-07T08:33:29Z","tagValue":"2021-07-07T08:33:29Z","count":{"type":"Total","value":1}},{"id":"/subscriptions/00000000-0000-0000-0000-000000000000/tagNames/date/tagValues/2021-07-07T08:33:32Z","tagValue":"2021-07-07T08:33:32Z","count":{"type":"Total","value":1}},{"id":"/subscriptions/00000000-0000-0000-0000-000000000000/tagNames/date/tagValues/2021-07-07T08:33:44Z","tagValue":"2021-07-07T08:33:44Z","count":{"type":"Total","value":1}},{"id":"/subscriptions/00000000-0000-0000-0000-000000000000/tagNames/date/tagValues/2021-07-07T08:33:55Z","tagValue":"2021-07-07T08:33:55Z","count":{"type":"Total","value":1}}]},{"id":"/subscriptions/00000000-0000-0000-0000-000000000000/tagNames/cli_test_tag","tagName":"cli_test_tag","count":{"type":"Total","value":0},"values":[]}]}'
    headers:
      cache-control:
      - no-cache
      content-length:
      - '7327'
      content-type:
      - application/json; charset=utf-8
      date:
      - Wed, 07 Jul 2021 08:33:58 GMT
      expires:
      - '-1'
      pragma:
      - no-cache
      strict-transport-security:
      - max-age=31536000; includeSubDomains
      vary:
      - Accept-Encoding
      x-content-type-options:
      - nosniff
    status:
      code: 200
      message: OK
- request:
    body: null
    headers:
      Accept:
      - application/json
      Accept-Encoding:
      - gzip, deflate
      CommandName:
      - tag delete
      Connection:
      - keep-alive
      Content-Length:
      - '0'
      ParameterSetName:
      - -n -y
      User-Agent:
      - AZURECLI/2.26.0 azsdk-python-azure-mgmt-resource/18.0.0 Python/3.8.3 (Windows-10-10.0.18362-SP0)
    method: DELETE
    uri: https://management.azure.com/subscriptions/00000000-0000-0000-0000-000000000000/tagNames/cli_test_tag?api-version=2021-04-01
  response:
    body:
      string: ''
    headers:
      cache-control:
      - no-cache
      content-length:
      - '0'
      date:
      - Wed, 07 Jul 2021 08:34:03 GMT
      expires:
      - '-1'
      pragma:
      - no-cache
      strict-transport-security:
      - max-age=31536000; includeSubDomains
      x-content-type-options:
      - nosniff
      x-ms-ratelimit-remaining-subscription-deletes:
      - '14998'
    status:
      code: 200
      message: OK
- request:
    body: null
    headers:
      Accept:
      - application/json
      Accept-Encoding:
      - gzip, deflate
      CommandName:
      - tag list
      Connection:
      - keep-alive
      ParameterSetName:
      - --query
      User-Agent:
      - AZURECLI/2.26.0 azsdk-python-azure-mgmt-resource/18.0.0 Python/3.8.3 (Windows-10-10.0.18362-SP0)
    method: GET
    uri: https://management.azure.com/subscriptions/00000000-0000-0000-0000-000000000000/tagNames?api-version=2021-04-01
  response:
    body:
      string: '{"value":[{"id":"/subscriptions/00000000-0000-0000-0000-000000000000/tagNames/environment","tagName":"environment","count":{"type":"Total","value":7},"values":[{"id":"/subscriptions/00000000-0000-0000-0000-000000000000/tagNames/environment/tagValues/CLI","tagValue":"CLI","count":{"type":"Total","value":7}}]},{"id":"/subscriptions/00000000-0000-0000-0000-000000000000/tagNames/ms-resource-usage","tagName":"ms-resource-usage","count":{"type":"Total","value":2},"values":[{"id":"/subscriptions/00000000-0000-0000-0000-000000000000/tagNames/ms-resource-usage/tagValues/azure-cloud-shell","tagValue":"azure-cloud-shell","count":{"type":"Total","value":2}}]},{"id":"/subscriptions/00000000-0000-0000-0000-000000000000/tagNames/createOperationID","tagName":"createOperationID","count":{"type":"Total","value":1},"values":[{"id":"/subscriptions/00000000-0000-0000-0000-000000000000/tagNames/createOperationID/tagValues/bba8c027-ec1c-4e64-b85d-90accb6d5941","tagValue":"bba8c027-ec1c-4e64-b85d-90accb6d5941","count":{"type":"Total","value":1}}]},{"id":"/subscriptions/00000000-0000-0000-0000-000000000000/tagNames/creationSource","tagName":"creationSource","count":{"type":"Total","value":1},"values":[{"id":"/subscriptions/00000000-0000-0000-0000-000000000000/tagNames/creationSource/tagValues/vmssclient-aks-agentpool-11215897-vmss","tagValue":"vmssclient-aks-agentpool-11215897-vmss","count":{"type":"Total","value":1}}]},{"id":"/subscriptions/00000000-0000-0000-0000-000000000000/tagNames/orchestrator","tagName":"orchestrator","count":{"type":"Total","value":1},"values":[{"id":"/subscriptions/00000000-0000-0000-0000-000000000000/tagNames/orchestrator/tagValues/Kubernetes:1.20.7","tagValue":"Kubernetes:1.20.7","count":{"type":"Total","value":1}}]},{"id":"/subscriptions/00000000-0000-0000-0000-000000000000/tagNames/poolName","tagName":"poolName","count":{"type":"Total","value":1},"values":[{"id":"/subscriptions/00000000-0000-0000-0000-000000000000/tagNames/poolName/tagValues/agentpool","tagValue":"agentpool","count":{"type":"Total","value":1}}]},{"id":"/subscriptions/00000000-0000-0000-0000-000000000000/tagNames/resourceNameSuffix","tagName":"resourceNameSuffix","count":{"type":"Total","value":1},"values":[{"id":"/subscriptions/00000000-0000-0000-0000-000000000000/tagNames/resourceNameSuffix/tagValues/11215897","tagValue":"11215897","count":{"type":"Total","value":1}}]},{"id":"/subscriptions/00000000-0000-0000-0000-000000000000/tagNames/owner","tagName":"owner","count":{"type":"Total","value":1},"values":[{"id":"/subscriptions/00000000-0000-0000-0000-000000000000/tagNames/owner/tagValues/kubernetes","tagValue":"kubernetes","count":{"type":"Total","value":1}}]},{"id":"/subscriptions/00000000-0000-0000-0000-000000000000/tagNames/type","tagName":"type","count":{"type":"Total","value":1},"values":[{"id":"/subscriptions/00000000-0000-0000-0000-000000000000/tagNames/type/tagValues/aks-slb-managed-outbound-ip","tagValue":"aks-slb-managed-outbound-ip","count":{"type":"Total","value":1}}]},{"id":"/subscriptions/00000000-0000-0000-0000-000000000000/tagNames/defaultExperience","tagName":"defaultExperience","count":{"type":"Total","value":1},"values":[{"id":"/subscriptions/00000000-0000-0000-0000-000000000000/tagNames/defaultExperience/tagValues/Core
        (SQL)","tagValue":"Core (SQL)","count":{"type":"Total","value":1}}]},{"id":"/subscriptions/00000000-0000-0000-0000-000000000000/tagNames/env","tagName":"env","count":{"type":"Total","value":54},"values":[{"id":"/subscriptions/00000000-0000-0000-0000-000000000000/tagNames/env/tagValues/mpActivateFailiure403","tagValue":"mpActivateFailiure403","count":{"type":"Total","value":5}},{"id":"/subscriptions/00000000-0000-0000-0000-000000000000/tagNames/env/tagValues/mpCreateFail400","tagValue":"mpCreateFail400","count":{"type":"Total","value":5}},{"id":"/subscriptions/00000000-0000-0000-0000-000000000000/tagNames/env/tagValues/mpCreateFail403","tagValue":"mpCreateFail403","count":{"type":"Total","value":5}},{"id":"/subscriptions/00000000-0000-0000-0000-000000000000/tagNames/env/tagValues/df-stable-swagger-test","tagValue":"df-stable-swagger-test","count":{"type":"Total","value":39}}]},{"id":"/subscriptions/00000000-0000-0000-0000-000000000000/tagNames/product","tagName":"product","count":{"type":"Total","value":13},"values":[{"id":"/subscriptions/00000000-0000-0000-0000-000000000000/tagNames/product/tagValues/azurecli","tagValue":"azurecli","count":{"type":"Total","value":13}}]},{"id":"/subscriptions/00000000-0000-0000-0000-000000000000/tagNames/cause","tagName":"cause","count":{"type":"Total","value":13},"values":[{"id":"/subscriptions/00000000-0000-0000-0000-000000000000/tagNames/cause/tagValues/automation","tagValue":"automation","count":{"type":"Total","value":13}}]},{"id":"/subscriptions/00000000-0000-0000-0000-000000000000/tagNames/date","tagName":"date","count":{"type":"Total","value":13},"values":[{"id":"/subscriptions/00000000-0000-0000-0000-000000000000/tagNames/date/tagValues/2021-07-06T08:18:27Z","tagValue":"2021-07-06T08:18:27Z","count":{"type":"Total","value":1}},{"id":"/subscriptions/00000000-0000-0000-0000-000000000000/tagNames/date/tagValues/2021-07-07T08:29:12Z","tagValue":"2021-07-07T08:29:12Z","count":{"type":"Total","value":1}},{"id":"/subscriptions/00000000-0000-0000-0000-000000000000/tagNames/date/tagValues/2021-07-07T08:32:23Z","tagValue":"2021-07-07T08:32:23Z","count":{"type":"Total","value":1}},{"id":"/subscriptions/00000000-0000-0000-0000-000000000000/tagNames/date/tagValues/2021-07-07T08:32:25Z","tagValue":"2021-07-07T08:32:25Z","count":{"type":"Total","value":1}},{"id":"/subscriptions/00000000-0000-0000-0000-000000000000/tagNames/date/tagValues/2021-07-07T08:32:27Z","tagValue":"2021-07-07T08:32:27Z","count":{"type":"Total","value":2}},{"id":"/subscriptions/00000000-0000-0000-0000-000000000000/tagNames/date/tagValues/2021-07-07T08:32:47Z","tagValue":"2021-07-07T08:32:47Z","count":{"type":"Total","value":2}},{"id":"/subscriptions/00000000-0000-0000-0000-000000000000/tagNames/date/tagValues/2021-07-07T08:32:57Z","tagValue":"2021-07-07T08:32:57Z","count":{"type":"Total","value":1}},{"id":"/subscriptions/00000000-0000-0000-0000-000000000000/tagNames/date/tagValues/2021-07-07T08:33:03Z","tagValue":"2021-07-07T08:33:03Z","count":{"type":"Total","value":1}},{"id":"/subscriptions/00000000-0000-0000-0000-000000000000/tagNames/date/tagValues/2021-07-07T08:33:29Z","tagValue":"2021-07-07T08:33:29Z","count":{"type":"Total","value":1}},{"id":"/subscriptions/00000000-0000-0000-0000-000000000000/tagNames/date/tagValues/2021-07-07T08:33:32Z","tagValue":"2021-07-07T08:33:32Z","count":{"type":"Total","value":1}},{"id":"/subscriptions/00000000-0000-0000-0000-000000000000/tagNames/date/tagValues/2021-07-07T08:33:44Z","tagValue":"2021-07-07T08:33:44Z","count":{"type":"Total","value":1}}]}]}'
    headers:
      cache-control:
      - no-cache
      content-length:
      - '6822'
      content-type:
      - application/json; charset=utf-8
      date:
      - Wed, 07 Jul 2021 08:34:04 GMT
      expires:
      - '-1'
      pragma:
      - no-cache
      strict-transport-security:
      - max-age=31536000; includeSubDomains
      vary:
      - Accept-Encoding
      x-content-type-options:
      - nosniff
    status:
      code: 200
      message: OK
version: 1
