interactions:
- request:
    body: '{"properties": {"tags": {"cliName1": "cliValue1", "cliName2": "cliValue2"}}}'
    headers:
      Accept:
      - application/json
      Accept-Encoding:
      - gzip, deflate
      CommandName:
      - tag create
      Connection:
      - keep-alive
      Content-Length:
      - '76'
      Content-Type:
      - application/json
      ParameterSetName:
      - --resource-id --tags
      User-Agent:
      - AZURECLI/2.24.2 azsdk-python-azure-mgmt-resource/18.0.0 Python/3.8.10 (Windows-10-10.0.19043-SP0)
    method: PUT
    uri: https://management.azure.com/subscriptions/00000000-0000-0000-0000-000000000000/providers/Microsoft.Resources/tags/default?api-version=2021-01-01
  response:
    body:
      string: '{"id":"/subscriptions/00000000-0000-0000-0000-000000000000/providers/Microsoft.Resources/tags/default","name":"default","type":"Microsoft.Resources/tags","properties":{"tags":{"cliName1":"cliValue1","cliName2":"cliValue2"}}}'
    headers:
      cache-control:
      - no-cache
      content-length:
      - '224'
      content-type:
      - application/json; charset=utf-8
      date:
      - Mon, 14 Jun 2021 10:13:00 GMT
      expires:
      - '-1'
      pragma:
      - no-cache
      strict-transport-security:
      - max-age=31536000; includeSubDomains
      transfer-encoding:
      - chunked
      vary:
      - Accept-Encoding
      x-content-type-options:
      - nosniff
      x-ms-ratelimit-remaining-subscription-writes:
      - '1197'
    status:
      code: 200
      message: OK
- request:
    body: '{"operation": "Merge", "properties": {"tags": {"cliName1": "cliValue1",
      "cliName3": "cliValue3"}}}'
    headers:
      Accept:
      - application/json
      Accept-Encoding:
      - gzip, deflate
      CommandName:
      - tag update
      Connection:
      - keep-alive
      Content-Length:
      - '98'
      Content-Type:
      - application/json
      ParameterSetName:
      - --resource-id --operation --tags
      User-Agent:
      - AZURECLI/2.24.2 azsdk-python-azure-mgmt-resource/18.0.0 Python/3.8.10 (Windows-10-10.0.19043-SP0)
    method: PATCH
    uri: https://management.azure.com/subscriptions/00000000-0000-0000-0000-000000000000/providers/Microsoft.Resources/tags/default?api-version=2021-01-01
  response:
    body:
      string: '{"id":"/subscriptions/00000000-0000-0000-0000-000000000000/providers/Microsoft.Resources/tags/default","name":"default","type":"Microsoft.Resources/tags","properties":{"tags":{"cliName1":"cliValue1","cliName2":"cliValue2","cliName3":"cliValue3"}}}'
    headers:
      cache-control:
      - no-cache
      content-length:
      - '247'
      content-type:
      - application/json; charset=utf-8
      date:
      - Mon, 14 Jun 2021 10:13:01 GMT
      expires:
      - '-1'
      pragma:
      - no-cache
      strict-transport-security:
      - max-age=31536000; includeSubDomains
      transfer-encoding:
      - chunked
      vary:
      - Accept-Encoding
      x-content-type-options:
      - nosniff
      x-ms-ratelimit-remaining-subscription-writes:
      - '1196'
    status:
      code: 200
      message: OK
- request:
    body: '{"operation": "Replace", "properties": {"tags": {"cliName1": "cliValue1",
      "cliName4": "cliValue4"}}}'
    headers:
      Accept:
      - application/json
      Accept-Encoding:
      - gzip, deflate
      CommandName:
      - tag update
      Connection:
      - keep-alive
      Content-Length:
      - '100'
      Content-Type:
      - application/json
      ParameterSetName:
      - --resource-id --operation --tags
      User-Agent:
      - AZURECLI/2.24.2 azsdk-python-azure-mgmt-resource/18.0.0 Python/3.8.10 (Windows-10-10.0.19043-SP0)
    method: PATCH
    uri: https://management.azure.com/subscriptions/00000000-0000-0000-0000-000000000000/providers/Microsoft.Resources/tags/default?api-version=2021-01-01
  response:
    body:
      string: '{"id":"/subscriptions/00000000-0000-0000-0000-000000000000/providers/Microsoft.Resources/tags/default","name":"default","type":"Microsoft.Resources/tags","properties":{"tags":{"cliName1":"cliValue1","cliName4":"cliValue4"}}}'
    headers:
      cache-control:
      - no-cache
      content-length:
      - '224'
      content-type:
      - application/json; charset=utf-8
      date:
      - Mon, 14 Jun 2021 10:13:03 GMT
      expires:
      - '-1'
      pragma:
      - no-cache
      strict-transport-security:
      - max-age=31536000; includeSubDomains
      transfer-encoding:
      - chunked
      vary:
      - Accept-Encoding
      x-content-type-options:
      - nosniff
      x-ms-ratelimit-remaining-subscription-writes:
      - '1195'
    status:
      code: 200
      message: OK
- request:
    body: '{"operation": "Delete", "properties": {"tags": {"cliName4": "cliValue4"}}}'
    headers:
      Accept:
      - application/json
      Accept-Encoding:
      - gzip, deflate
      CommandName:
      - tag update
      Connection:
      - keep-alive
      Content-Length:
      - '74'
      Content-Type:
      - application/json
      ParameterSetName:
      - --resource-id --operation --tags
      User-Agent:
      - AZURECLI/2.24.2 azsdk-python-azure-mgmt-resource/18.0.0 Python/3.8.10 (Windows-10-10.0.19043-SP0)
    method: PATCH
    uri: https://management.azure.com/subscriptions/00000000-0000-0000-0000-000000000000/providers/Microsoft.Resources/tags/default?api-version=2021-01-01
  response:
    body:
      string: '{"id":"/subscriptions/00000000-0000-0000-0000-000000000000/providers/Microsoft.Resources/tags/default","name":"default","type":"Microsoft.Resources/tags","properties":{"tags":{"cliName1":"cliValue1"}}}'
    headers:
      cache-control:
      - no-cache
      content-length:
      - '201'
      content-type:
      - application/json; charset=utf-8
      date:
      - Mon, 14 Jun 2021 10:13:05 GMT
      expires:
      - '-1'
      pragma:
      - no-cache
      strict-transport-security:
      - max-age=31536000; includeSubDomains
      transfer-encoding:
      - chunked
      vary:
      - Accept-Encoding
      x-content-type-options:
      - nosniff
      x-ms-ratelimit-remaining-subscription-writes:
      - '1198'
    status:
      code: 200
      message: OK
- request:
    body: null
    headers:
      Accept:
      - application/json
      Accept-Encoding:
      - gzip, deflate
      CommandName:
      - tag delete
      Connection:
      - keep-alive
      Content-Length:
      - '0'
      ParameterSetName:
      - --resource-id -y
      User-Agent:
      - AZURECLI/2.24.2 azsdk-python-azure-mgmt-resource/18.0.0 Python/3.8.10 (Windows-10-10.0.19043-SP0)
    method: DELETE
    uri: https://management.azure.com/subscriptions/00000000-0000-0000-0000-000000000000/providers/Microsoft.Resources/tags/default?api-version=2021-01-01
  response:
    body:
      string: ''
    headers:
      cache-control:
      - no-cache
      content-length:
      - '0'
      date:
      - Mon, 14 Jun 2021 10:13:07 GMT
      expires:
      - '-1'
      pragma:
      - no-cache
      strict-transport-security:
      - max-age=31536000; includeSubDomains
      x-content-type-options:
      - nosniff
      x-ms-ratelimit-remaining-subscription-deletes:
      - '14998'
    status:
      code: 200
      message: OK
version: 1
