interactions:
- request:
    body: null
    headers:
      Accept:
      - application/json
      Accept-Encoding:
      - gzip, deflate
      CommandName:
      - network vnet create
      Connection:
      - keep-alive
      ParameterSetName:
      - -g -n
      User-Agent:
      - AZURECLI/2.24.2 azsdk-python-azure-mgmt-resource/18.0.0 Python/3.8.10 (Windows-10-10.0.19043-SP0)
    method: GET
    uri: https://management.azure.com/subscriptions/00000000-0000-0000-0000-000000000000/resourcegroups/cli_test_resource_link_scenario000001?api-version=2021-01-01
  response:
    body:
      string: '{"id":"/subscriptions/00000000-0000-0000-0000-000000000000/resourceGroups/cli_test_resource_link_scenario000001","name":"cli_test_resource_link_scenario000001","type":"Microsoft.Resources/resourceGroups","location":"westus","tags":{"product":"azurecli","cause":"automation","date":"2021-06-14T08:55:39Z"},"properties":{"provisioningState":"Succeeded"}}'
    headers:
      cache-control:
      - no-cache
      content-length:
      - '428'
      content-type:
      - application/json; charset=utf-8
      date:
      - Mon, 14 Jun 2021 08:55:42 GMT
      expires:
      - '-1'
      pragma:
      - no-cache
      strict-transport-security:
      - max-age=31536000; includeSubDomains
      vary:
      - Accept-Encoding
      x-content-type-options:
      - nosniff
    status:
      code: 200
      message: OK
- request:
    body: '{"location": "westus", "tags": {}, "properties": {"addressSpace": {"addressPrefixes":
      ["10.0.0.0/16"]}, "dhcpOptions": {}}}'
    headers:
      Accept:
      - application/json
      Accept-Encoding:
      - gzip, deflate
      CommandName:
      - network vnet create
      Connection:
      - keep-alive
      Content-Length:
      - '123'
      Content-Type:
      - application/json
      ParameterSetName:
      - -g -n
      User-Agent:
      - AZURECLI/2.24.2 azsdk-python-azure-mgmt-network/19.0.0 Python/3.8.10 (Windows-10-10.0.19043-SP0)
    method: PUT
    uri: https://management.azure.com/subscriptions/00000000-0000-0000-0000-000000000000/resourceGroups/cli_test_resource_link_scenario000001/providers/Microsoft.Network/virtualNetworks/vnet1?api-version=2021-02-01
  response:
    body:
      string: "{\r\n  \"name\": \"vnet1\",\r\n  \"id\": \"/subscriptions/00000000-0000-0000-0000-000000000000/resourceGroups/cli_test_resource_link_scenario000001/providers/Microsoft.Network/virtualNetworks/vnet1\",\r\n
        \ \"etag\": \"W/\\\"98ce9bf1-3a00-4726-add5-8f133dc663ef\\\"\",\r\n  \"type\":
        \"Microsoft.Network/virtualNetworks\",\r\n  \"location\": \"westus\",\r\n
        \ \"tags\": {},\r\n  \"properties\": {\r\n    \"provisioningState\": \"Updating\",\r\n
        \   \"resourceGuid\": \"2882bcce-dabf-4275-8906-7079631703c9\",\r\n    \"addressSpace\":
        {\r\n      \"addressPrefixes\": [\r\n        \"10.0.0.0/16\"\r\n      ]\r\n
        \   },\r\n    \"dhcpOptions\": {\r\n      \"dnsServers\": []\r\n    },\r\n
        \   \"subnets\": [],\r\n    \"virtualNetworkPeerings\": [],\r\n    \"enableDdosProtection\":
        false\r\n  }\r\n}"
    headers:
      azure-asyncnotification:
      - Enabled
      azure-asyncoperation:
      - https://management.azure.com/subscriptions/00000000-0000-0000-0000-000000000000/providers/Microsoft.Network/locations/westus/operations/4a4d81da-9973-4d6a-abab-c217e8af131c?api-version=2021-02-01
      cache-control:
      - no-cache
      content-length:
      - '732'
      content-type:
      - application/json; charset=utf-8
      date:
      - Mon, 14 Jun 2021 08:55:46 GMT
      expires:
      - '-1'
      pragma:
      - no-cache
      server:
      - Microsoft-HTTPAPI/2.0
      - Microsoft-HTTPAPI/2.0
      strict-transport-security:
      - max-age=31536000; includeSubDomains
      x-content-type-options:
      - nosniff
      x-ms-arm-service-request-id:
      - 69640d14-f6ec-431f-863f-2871d24f29c1
      x-ms-ratelimit-remaining-subscription-writes:
      - '1199'
    status:
      code: 201
      message: Created
- request:
    body: null
    headers:
      Accept:
      - '*/*'
      Accept-Encoding:
      - gzip, deflate
      CommandName:
      - network vnet create
      Connection:
      - keep-alive
      ParameterSetName:
      - -g -n
      User-Agent:
      - AZURECLI/2.24.2 azsdk-python-azure-mgmt-network/19.0.0 Python/3.8.10 (Windows-10-10.0.19043-SP0)
    method: GET
    uri: https://management.azure.com/subscriptions/00000000-0000-0000-0000-000000000000/providers/Microsoft.Network/locations/westus/operations/4a4d81da-9973-4d6a-abab-c217e8af131c?api-version=2021-02-01
  response:
    body:
      string: "{\r\n  \"status\": \"Succeeded\"\r\n}"
    headers:
      cache-control:
      - no-cache
      content-length:
      - '29'
      content-type:
      - application/json; charset=utf-8
      date:
      - Mon, 14 Jun 2021 08:55:49 GMT
      expires:
      - '-1'
      pragma:
      - no-cache
      server:
      - Microsoft-HTTPAPI/2.0
      - Microsoft-HTTPAPI/2.0
      strict-transport-security:
      - max-age=31536000; includeSubDomains
      transfer-encoding:
      - chunked
      vary:
      - Accept-Encoding
      x-content-type-options:
      - nosniff
      x-ms-arm-service-request-id:
      - 26342ec7-2ff1-4d3f-bec0-a99dc7a0267f
    status:
      code: 200
      message: OK
- request:
    body: null
    headers:
      Accept:
      - '*/*'
      Accept-Encoding:
      - gzip, deflate
      CommandName:
      - network vnet create
      Connection:
      - keep-alive
      ParameterSetName:
      - -g -n
      User-Agent:
      - AZURECLI/2.24.2 azsdk-python-azure-mgmt-network/19.0.0 Python/3.8.10 (Windows-10-10.0.19043-SP0)
    method: GET
    uri: https://management.azure.com/subscriptions/00000000-0000-0000-0000-000000000000/resourceGroups/cli_test_resource_link_scenario000001/providers/Microsoft.Network/virtualNetworks/vnet1?api-version=2021-02-01
  response:
    body:
      string: "{\r\n  \"name\": \"vnet1\",\r\n  \"id\": \"/subscriptions/00000000-0000-0000-0000-000000000000/resourceGroups/cli_test_resource_link_scenario000001/providers/Microsoft.Network/virtualNetworks/vnet1\",\r\n
        \ \"etag\": \"W/\\\"94e30e72-f322-4c6b-8498-fc091f82be6b\\\"\",\r\n  \"type\":
        \"Microsoft.Network/virtualNetworks\",\r\n  \"location\": \"westus\",\r\n
        \ \"tags\": {},\r\n  \"properties\": {\r\n    \"provisioningState\": \"Succeeded\",\r\n
        \   \"resourceGuid\": \"2882bcce-dabf-4275-8906-7079631703c9\",\r\n    \"addressSpace\":
        {\r\n      \"addressPrefixes\": [\r\n        \"10.0.0.0/16\"\r\n      ]\r\n
        \   },\r\n    \"dhcpOptions\": {\r\n      \"dnsServers\": []\r\n    },\r\n
        \   \"subnets\": [],\r\n    \"virtualNetworkPeerings\": [],\r\n    \"enableDdosProtection\":
        false\r\n  }\r\n}"
    headers:
      cache-control:
      - no-cache
      content-length:
      - '733'
      content-type:
      - application/json; charset=utf-8
      date:
      - Mon, 14 Jun 2021 08:55:49 GMT
      etag:
      - W/"94e30e72-f322-4c6b-8498-fc091f82be6b"
      expires:
      - '-1'
      pragma:
      - no-cache
      server:
      - Microsoft-HTTPAPI/2.0
      - Microsoft-HTTPAPI/2.0
      strict-transport-security:
      - max-age=31536000; includeSubDomains
      transfer-encoding:
      - chunked
      vary:
      - Accept-Encoding
      x-content-type-options:
      - nosniff
      x-ms-arm-service-request-id:
      - f37b30d3-1a15-4250-b66e-3acf7eeccced
    status:
      code: 200
      message: OK
- request:
    body: null
    headers:
      Accept:
      - application/json
      Accept-Encoding:
      - gzip, deflate
      CommandName:
      - network vnet show
      Connection:
      - keep-alive
      ParameterSetName:
      - -g -n
      User-Agent:
      - AZURECLI/2.24.2 azsdk-python-azure-mgmt-network/19.0.0 Python/3.8.10 (Windows-10-10.0.19043-SP0)
    method: GET
    uri: https://management.azure.com/subscriptions/00000000-0000-0000-0000-000000000000/resourceGroups/cli_test_resource_link_scenario000001/providers/Microsoft.Network/virtualNetworks/vnet1?api-version=2021-02-01
  response:
    body:
      string: "{\r\n  \"name\": \"vnet1\",\r\n  \"id\": \"/subscriptions/00000000-0000-0000-0000-000000000000/resourceGroups/cli_test_resource_link_scenario000001/providers/Microsoft.Network/virtualNetworks/vnet1\",\r\n
        \ \"etag\": \"W/\\\"94e30e72-f322-4c6b-8498-fc091f82be6b\\\"\",\r\n  \"type\":
        \"Microsoft.Network/virtualNetworks\",\r\n  \"location\": \"westus\",\r\n
        \ \"tags\": {},\r\n  \"properties\": {\r\n    \"provisioningState\": \"Succeeded\",\r\n
        \   \"resourceGuid\": \"2882bcce-dabf-4275-8906-7079631703c9\",\r\n    \"addressSpace\":
        {\r\n      \"addressPrefixes\": [\r\n        \"10.0.0.0/16\"\r\n      ]\r\n
        \   },\r\n    \"dhcpOptions\": {\r\n      \"dnsServers\": []\r\n    },\r\n
        \   \"subnets\": [],\r\n    \"virtualNetworkPeerings\": [],\r\n    \"enableDdosProtection\":
        false\r\n  }\r\n}"
    headers:
      cache-control:
      - no-cache
      content-length:
      - '733'
      content-type:
      - application/json; charset=utf-8
      date:
      - Mon, 14 Jun 2021 08:55:50 GMT
      etag:
      - W/"94e30e72-f322-4c6b-8498-fc091f82be6b"
      expires:
      - '-1'
      pragma:
      - no-cache
      server:
      - Microsoft-HTTPAPI/2.0
      - Microsoft-HTTPAPI/2.0
      strict-transport-security:
      - max-age=31536000; includeSubDomains
      transfer-encoding:
      - chunked
      vary:
      - Accept-Encoding
      x-content-type-options:
      - nosniff
      x-ms-arm-service-request-id:
      - e7fc3299-49e3-40a4-9e9c-f5ecff2bfdf5
    status:
      code: 200
      message: OK
- request:
    body: null
    headers:
      Accept:
      - application/json
      Accept-Encoding:
      - gzip, deflate
      CommandName:
      - group show
      Connection:
      - keep-alive
      ParameterSetName:
      - -g
      User-Agent:
      - AZURECLI/2.24.2 azsdk-python-azure-mgmt-resource/18.0.0 Python/3.8.10 (Windows-10-10.0.19043-SP0)
    method: GET
    uri: https://management.azure.com/subscriptions/00000000-0000-0000-0000-000000000000/resourcegroups/cli_test_resource_link_scenario000001?api-version=2021-01-01
  response:
    body:
      string: '{"id":"/subscriptions/00000000-0000-0000-0000-000000000000/resourceGroups/cli_test_resource_link_scenario000001","name":"cli_test_resource_link_scenario000001","type":"Microsoft.Resources/resourceGroups","location":"westus","tags":{"product":"azurecli","cause":"automation","date":"2021-06-14T08:55:39Z"},"properties":{"provisioningState":"Succeeded"}}'
    headers:
      cache-control:
      - no-cache
      content-length:
      - '428'
      content-type:
      - application/json; charset=utf-8
      date:
      - Mon, 14 Jun 2021 08:55:51 GMT
      expires:
      - '-1'
      pragma:
      - no-cache
      strict-transport-security:
      - max-age=31536000; includeSubDomains
      vary:
      - Accept-Encoding
      x-content-type-options:
      - nosniff
    status:
      code: 200
      message: OK
- request:
    body: '{"properties": {"targetId": "/subscriptions/00000000-0000-0000-0000-000000000000/resourceGroups/cli_test_resource_link_scenario000001/providers/Microsoft.Network/virtualNetworks/vnet1",
      "notes": "blah notes"}}'
    headers:
      Accept:
      - application/json
      Accept-Encoding:
      - gzip, deflate
      CommandName:
      - resource link create
      Connection:
      - keep-alive
      Content-Length:
      - '247'
      Content-Type:
      - application/json
      ParameterSetName:
      - --link --target --notes
      User-Agent:
      - AZURECLI/2.24.2 azsdk-python-azure-mgmt-resource/18.0.0 Python/3.8.10 (Windows-10-10.0.19043-SP0)
    method: PUT
    uri: https://management.azure.com/subscriptions/00000000-0000-0000-0000-000000000000/resourceGroups/cli_test_resource_link_scenario000001/providers/Microsoft.Resources/links/link1?api-version=2016-09-01
  response:
    body:
      string: '{"properties":{"sourceId":"/subscriptions/00000000-0000-0000-0000-000000000000/resourceGroups/cli_test_resource_link_scenario000001/","targetId":"/subscriptions/00000000-0000-0000-0000-000000000000/resourceGroups/cli_test_resource_link_scenario000001/providers/Microsoft.Network/virtualNetworks/vnet1/","notes":"blah
        notes"},"id":"/subscriptions/00000000-0000-0000-0000-000000000000/resourceGroups/cli_test_resource_link_scenario000001/providers/Microsoft.Resources/links/link1","type":"Microsoft.Resources/links","name":"link1"}'
    headers:
      cache-control:
      - no-cache
      content-length:
      - '643'
      content-type:
      - application/json; charset=utf-8
      date:
      - Mon, 14 Jun 2021 08:55:52 GMT
      expires:
      - '-1'
      pragma:
      - no-cache
      strict-transport-security:
      - max-age=31536000; includeSubDomains
      x-content-type-options:
      - nosniff
      x-ms-ratelimit-remaining-subscription-writes:
      - '1198'
    status:
      code: 201
      message: Created
- request:
    body: null
    headers:
      Accept:
      - application/json
      Accept-Encoding:
      - gzip, deflate
      CommandName:
      - resource link show
      Connection:
      - keep-alive
      ParameterSetName:
      - --link
      User-Agent:
      - AZURECLI/2.24.2 azsdk-python-azure-mgmt-resource/18.0.0 Python/3.8.10 (Windows-10-10.0.19043-SP0)
    method: GET
    uri: https://management.azure.com/subscriptions/00000000-0000-0000-0000-000000000000/resourceGroups/cli_test_resource_link_scenario000001/providers/Microsoft.Resources/links/link1?api-version=2016-09-01
  response:
    body:
      string: '{"properties":{"sourceId":"/subscriptions/00000000-0000-0000-0000-000000000000/resourceGroups/cli_test_resource_link_scenario000001/","targetId":"/subscriptions/00000000-0000-0000-0000-000000000000/resourceGroups/cli_test_resource_link_scenario000001/providers/Microsoft.Network/virtualNetworks/vnet1/","notes":"blah
        notes"},"id":"/subscriptions/00000000-0000-0000-0000-000000000000/resourceGroups/cli_test_resource_link_scenario000001/providers/Microsoft.Resources/links/link1","type":"Microsoft.Resources/links","name":"link1"}'
    headers:
      cache-control:
      - no-cache
      content-length:
      - '643'
      content-type:
      - application/json; charset=utf-8
      date:
      - Mon, 14 Jun 2021 08:55:53 GMT
      expires:
      - '-1'
      pragma:
      - no-cache
      strict-transport-security:
      - max-age=31536000; includeSubDomains
      transfer-encoding:
      - chunked
      vary:
      - Accept-Encoding,Accept-Encoding
      x-content-type-options:
      - nosniff
    status:
      code: 200
      message: OK
- request:
    body: null
    headers:
      Accept:
      - application/json
      Accept-Encoding:
      - gzip, deflate
      CommandName:
      - resource link update
      Connection:
      - keep-alive
      ParameterSetName:
      - --link --target --notes
      User-Agent:
      - AZURECLI/2.24.2 azsdk-python-azure-mgmt-resource/18.0.0 Python/3.8.10 (Windows-10-10.0.19043-SP0)
    method: GET
    uri: https://management.azure.com/subscriptions/00000000-0000-0000-0000-000000000000/resourceGroups/cli_test_resource_link_scenario000001/providers/Microsoft.Resources/links/link1?api-version=2016-09-01
  response:
    body:
      string: '{"properties":{"sourceId":"/subscriptions/00000000-0000-0000-0000-000000000000/resourceGroups/cli_test_resource_link_scenario000001/","targetId":"/subscriptions/00000000-0000-0000-0000-000000000000/resourceGroups/cli_test_resource_link_scenario000001/providers/Microsoft.Network/virtualNetworks/vnet1/","notes":"blah
        notes"},"id":"/subscriptions/00000000-0000-0000-0000-000000000000/resourceGroups/cli_test_resource_link_scenario000001/providers/Microsoft.Resources/links/link1","type":"Microsoft.Resources/links","name":"link1"}'
    headers:
      cache-control:
      - no-cache
      content-length:
      - '643'
      content-type:
      - application/json; charset=utf-8
      date:
      - Mon, 14 Jun 2021 08:55:53 GMT
      expires:
      - '-1'
      pragma:
      - no-cache
      strict-transport-security:
      - max-age=31536000; includeSubDomains
      transfer-encoding:
      - chunked
      vary:
      - Accept-Encoding,Accept-Encoding
      x-content-type-options:
      - nosniff
    status:
      code: 200
      message: OK
- request:
    body: '{"properties": {"targetId": "/subscriptions/00000000-0000-0000-0000-000000000000/resourceGroups/cli_test_resource_link_scenario000001/providers/Microsoft.Network/virtualNetworks/vnet1",
      "notes": "group to vnet"}}'
    headers:
      Accept:
      - application/json
      Accept-Encoding:
      - gzip, deflate
      CommandName:
      - resource link update
      Connection:
      - keep-alive
      Content-Length:
      - '250'
      Content-Type:
      - application/json
      ParameterSetName:
      - --link --target --notes
      User-Agent:
      - AZURECLI/2.24.2 azsdk-python-azure-mgmt-resource/18.0.0 Python/3.8.10 (Windows-10-10.0.19043-SP0)
    method: PUT
    uri: https://management.azure.com/subscriptions/00000000-0000-0000-0000-000000000000/resourceGroups/cli_test_resource_link_scenario000001/providers/Microsoft.Resources/links/link1?api-version=2016-09-01
  response:
    body:
      string: '{"properties":{"sourceId":"/subscriptions/00000000-0000-0000-0000-000000000000/resourceGroups/cli_test_resource_link_scenario000001/","targetId":"/subscriptions/00000000-0000-0000-0000-000000000000/resourceGroups/cli_test_resource_link_scenario000001/providers/Microsoft.Network/virtualNetworks/vnet1/","notes":"group
        to vnet"},"id":"/subscriptions/00000000-0000-0000-0000-000000000000/resourceGroups/cli_test_resource_link_scenario000001/providers/Microsoft.Resources/links/link1","type":"Microsoft.Resources/links","name":"link1"}'
    headers:
      cache-control:
      - no-cache
      content-length:
      - '646'
      content-type:
      - application/json; charset=utf-8
      date:
      - Mon, 14 Jun 2021 08:55:54 GMT
      expires:
      - '-1'
      pragma:
      - no-cache
      strict-transport-security:
      - max-age=31536000; includeSubDomains
      transfer-encoding:
      - chunked
      vary:
      - Accept-Encoding,Accept-Encoding
      x-content-type-options:
      - nosniff
      x-ms-ratelimit-remaining-subscription-writes:
      - '1197'
    status:
      code: 200
      message: OK
- request:
    body: null
    headers:
      Accept:
      - application/json
      Accept-Encoding:
      - gzip, deflate
      CommandName:
      - resource link list
      Connection:
      - keep-alive
      ParameterSetName:
      - --query -o
      User-Agent:
      - AZURECLI/2.24.2 azsdk-python-azure-mgmt-resource/18.0.0 Python/3.8.10 (Windows-10-10.0.19043-SP0)
    method: GET
    uri: https://management.azure.com/subscriptions/00000000-0000-0000-0000-000000000000/providers/Microsoft.Resources/links?api-version=2016-09-01
  response:
    body:
      string: '{"value":[{"properties":{"sourceId":"/subscriptions/00000000-0000-0000-0000-000000000000/resourceGroups/cli_test_resource_link_scenario000001/","targetId":"/subscriptions/00000000-0000-0000-0000-000000000000/resourceGroups/cli_test_resource_link_scenario000001/providers/Microsoft.Network/virtualNetworks/vnet1/","notes":"group
        to vnet"},"id":"/subscriptions/00000000-0000-0000-0000-000000000000/resourceGroups/cli_test_resource_link_scenario000001/providers/Microsoft.Resources/links/link1","type":"Microsoft.Resources/links","name":"link1"}]}'
    headers:
      cache-control:
      - no-cache
      content-length:
      - '658'
      content-type:
      - application/json; charset=utf-8
      date:
      - Mon, 14 Jun 2021 08:55:54 GMT
      expires:
      - '-1'
      pragma:
      - no-cache
      strict-transport-security:
      - max-age=31536000; includeSubDomains
      transfer-encoding:
      - chunked
      vary:
      - Accept-Encoding,Accept-Encoding
      x-content-type-options:
      - nosniff
    status:
      code: 200
      message: OK
- request:
    body: null
    headers:
      Accept:
      - application/json
      Accept-Encoding:
      - gzip, deflate
      CommandName:
      - resource link show
      Connection:
      - keep-alive
      ParameterSetName:
      - --link
      User-Agent:
      - AZURECLI/2.24.2 azsdk-python-azure-mgmt-resource/18.0.0 Python/3.8.10 (Windows-10-10.0.19043-SP0)
    method: GET
    uri: https://management.azure.com/subscriptions/00000000-0000-0000-0000-000000000000/resourceGroups/cli_test_resource_link_scenario000001/providers/Microsoft.Resources/links/link1?api-version=2016-09-01
  response:
    body:
      string: '{"properties":{"sourceId":"/subscriptions/00000000-0000-0000-0000-000000000000/resourceGroups/cli_test_resource_link_scenario000001/","targetId":"/subscriptions/00000000-0000-0000-0000-000000000000/resourceGroups/cli_test_resource_link_scenario000001/providers/Microsoft.Network/virtualNetworks/vnet1/","notes":"group
        to vnet"},"id":"/subscriptions/00000000-0000-0000-0000-000000000000/resourceGroups/cli_test_resource_link_scenario000001/providers/Microsoft.Resources/links/link1","type":"Microsoft.Resources/links","name":"link1"}'
    headers:
      cache-control:
      - no-cache
      content-length:
      - '646'
      content-type:
      - application/json; charset=utf-8
      date:
      - Mon, 14 Jun 2021 08:55:55 GMT
      expires:
      - '-1'
      pragma:
      - no-cache
      strict-transport-security:
      - max-age=31536000; includeSubDomains
      transfer-encoding:
      - chunked
      vary:
      - Accept-Encoding,Accept-Encoding
      x-content-type-options:
      - nosniff
    status:
      code: 200
      message: OK
- request:
    body: null
    headers:
      Accept:
      - '*/*'
      Accept-Encoding:
      - gzip, deflate
      CommandName:
      - resource link delete
      Connection:
      - keep-alive
      Content-Length:
      - '0'
      ParameterSetName:
      - --link
      User-Agent:
      - AZURECLI/2.24.2 azsdk-python-azure-mgmt-resource/18.0.0 Python/3.8.10 (Windows-10-10.0.19043-SP0)
    method: DELETE
    uri: https://management.azure.com/subscriptions/00000000-0000-0000-0000-000000000000/resourceGroups/cli_test_resource_link_scenario000001/providers/Microsoft.Resources/links/link1?api-version=2016-09-01
  response:
    body:
      string: ''
    headers:
      cache-control:
      - no-cache
      content-length:
      - '0'
      date:
      - Mon, 14 Jun 2021 08:55:56 GMT
      expires:
      - '-1'
      pragma:
      - no-cache
      strict-transport-security:
      - max-age=31536000; includeSubDomains
      x-content-type-options:
      - nosniff
      x-ms-ratelimit-remaining-subscription-deletes:
      - '14999'
    status:
      code: 200
      message: OK
- request:
    body: null
    headers:
      Accept:
      - application/json
      Accept-Encoding:
      - gzip, deflate
      CommandName:
      - resource link list
      Connection:
      - keep-alive
      User-Agent:
      - AZURECLI/2.24.2 azsdk-python-azure-mgmt-resource/18.0.0 Python/3.8.10 (Windows-10-10.0.19043-SP0)
    method: GET
    uri: https://management.azure.com/subscriptions/00000000-0000-0000-0000-000000000000/providers/Microsoft.Resources/links?api-version=2016-09-01
  response:
    body:
      string: '{"value":[]}'
    headers:
      cache-control:
      - no-cache
      content-length:
      - '12'
      content-type:
      - application/json; charset=utf-8
      date:
      - Mon, 14 Jun 2021 08:55:56 GMT
      expires:
      - '-1'
      pragma:
      - no-cache
      strict-transport-security:
      - max-age=31536000; includeSubDomains
      transfer-encoding:
      - chunked
      vary:
      - Accept-Encoding,Accept-Encoding
      x-content-type-options:
      - nosniff
    status:
      code: 200
      message: OK
version: 1
