interactions:
- request:
    body: null
    headers:
      Accept:
      - application/json
      Accept-Encoding:
      - gzip, deflate
      CommandName:
      - network vnet create
      Connection:
      - keep-alive
      ParameterSetName:
      - -n -g
      User-Agent:
      - python/3.8.6 (Windows-10-10.0.19041-SP0) msrest/0.6.18 msrest_azure/0.6.3
        azure-mgmt-resource/12.0.0 Azure-SDK-For-Python AZURECLI/2.16.0
      accept-language:
      - en-US
    method: GET
    uri: https://management.azure.com/subscriptions/00000000-0000-0000-0000-000000000000/resourcegroups/cli_test_resource_lock000001?api-version=2020-10-01
  response:
    body:
      string: '{"id":"/subscriptions/00000000-0000-0000-0000-000000000000/resourceGroups/cli_test_resource_lock000001","name":"cli_test_resource_lock000001","type":"Microsoft.Resources/resourceGroups","location":"westus","tags":{"product":"azurecli","cause":"automation","date":"2020-12-09T15:46:51Z"},"properties":{"provisioningState":"Succeeded"}}'
    headers:
      cache-control:
      - no-cache
      content-length:
      - '428'
      content-type:
      - application/json; charset=utf-8
      date:
      - Wed, 09 Dec 2020 15:46:50 GMT
      expires:
      - '-1'
      pragma:
      - no-cache
      strict-transport-security:
      - max-age=31536000; includeSubDomains
      vary:
      - Accept-Encoding
      x-content-type-options:
      - nosniff
    status:
      code: 200
      message: OK
- request:
    body: '{"location": "westus", "tags": {}, "properties": {"addressSpace": {"addressPrefixes":
      ["10.0.0.0/16"]}, "dhcpOptions": {}}}'
    headers:
      Accept:
      - application/json
      Accept-Encoding:
      - gzip, deflate
      CommandName:
      - network vnet create
      Connection:
      - keep-alive
      Content-Length:
      - '123'
      Content-Type:
      - application/json; charset=utf-8
      ParameterSetName:
      - -n -g
      User-Agent:
      - python/3.8.6 (Windows-10-10.0.19041-SP0) msrest/0.6.18 msrest_azure/0.6.3
        azure-mgmt-network/13.0.0 Azure-SDK-For-Python AZURECLI/2.16.0
      accept-language:
      - en-US
    method: PUT
    uri: https://management.azure.com/subscriptions/00000000-0000-0000-0000-000000000000/resourceGroups/cli_test_resource_lock000001/providers/Microsoft.Network/virtualNetworks/cli.lock.rsrc000002?api-version=2020-07-01
  response:
    body:
      string: "{\r\n  \"name\": \"cli.lock.rsrc000002\",\r\n  \"id\": \"/subscriptions/00000000-0000-0000-0000-000000000000/resourceGroups/cli_test_resource_lock000001/providers/Microsoft.Network/virtualNetworks/cli.lock.rsrc000002\",\r\n
        \ \"etag\": \"W/\\\"190981e5-9df7-468e-a2a0-ebcaabf167cd\\\"\",\r\n  \"type\":
        \"Microsoft.Network/virtualNetworks\",\r\n  \"location\": \"westus\",\r\n
        \ \"tags\": {},\r\n  \"properties\": {\r\n    \"provisioningState\": \"Updating\",\r\n
        \   \"resourceGuid\": \"6fb541b9-b0f8-40cb-88a7-d57fde206b08\",\r\n    \"addressSpace\":
        {\r\n      \"addressPrefixes\": [\r\n        \"10.0.0.0/16\"\r\n      ]\r\n
        \   },\r\n    \"dhcpOptions\": {\r\n      \"dnsServers\": []\r\n    },\r\n
        \   \"subnets\": [],\r\n    \"virtualNetworkPeerings\": [],\r\n    \"enableDdosProtection\":
        false,\r\n    \"enableVmProtection\": false\r\n  }\r\n}"
    headers:
      azure-asyncnotification:
      - Enabled
      azure-asyncoperation:
      - https://management.azure.com/subscriptions/00000000-0000-0000-0000-000000000000/providers/Microsoft.Network/locations/westus/operations/f49d6650-8aff-4fdc-a11a-812216e4402f?api-version=2020-07-01
      cache-control:
      - no-cache
      content-length:
      - '816'
      content-type:
      - application/json; charset=utf-8
      date:
      - Wed, 09 Dec 2020 15:46:53 GMT
      expires:
      - '-1'
      pragma:
      - no-cache
      server:
      - Microsoft-HTTPAPI/2.0
      - Microsoft-HTTPAPI/2.0
      strict-transport-security:
      - max-age=31536000; includeSubDomains
      x-content-type-options:
      - nosniff
      x-ms-arm-service-request-id:
      - af05f823-fc96-4d6b-b290-2b047673574d
      x-ms-ratelimit-remaining-subscription-writes:
      - '1197'
    status:
      code: 201
      message: Created
- request:
    body: null
    headers:
      Accept:
      - application/json
      Accept-Encoding:
      - gzip, deflate
      CommandName:
      - network vnet create
      Connection:
      - keep-alive
      ParameterSetName:
      - -n -g
      User-Agent:
      - python/3.8.6 (Windows-10-10.0.19041-SP0) msrest/0.6.18 msrest_azure/0.6.3
        azure-mgmt-network/13.0.0 Azure-SDK-For-Python AZURECLI/2.16.0
    method: GET
    uri: https://management.azure.com/subscriptions/00000000-0000-0000-0000-000000000000/providers/Microsoft.Network/locations/westus/operations/f49d6650-8aff-4fdc-a11a-812216e4402f?api-version=2020-07-01
  response:
    body:
      string: "{\r\n  \"status\": \"Succeeded\"\r\n}"
    headers:
      cache-control:
      - no-cache
      content-length:
      - '29'
      content-type:
      - application/json; charset=utf-8
      date:
      - Wed, 09 Dec 2020 15:46:57 GMT
      expires:
      - '-1'
      pragma:
      - no-cache
      server:
      - Microsoft-HTTPAPI/2.0
      - Microsoft-HTTPAPI/2.0
      strict-transport-security:
      - max-age=31536000; includeSubDomains
      transfer-encoding:
      - chunked
      vary:
      - Accept-Encoding
      x-content-type-options:
      - nosniff
      x-ms-arm-service-request-id:
      - 8376222b-069b-4916-b427-e834d78b6d9a
    status:
      code: 200
      message: OK
- request:
    body: null
    headers:
      Accept:
      - application/json
      Accept-Encoding:
      - gzip, deflate
      CommandName:
      - network vnet create
      Connection:
      - keep-alive
      ParameterSetName:
      - -n -g
      User-Agent:
      - python/3.8.6 (Windows-10-10.0.19041-SP0) msrest/0.6.18 msrest_azure/0.6.3
        azure-mgmt-network/13.0.0 Azure-SDK-For-Python AZURECLI/2.16.0
    method: GET
    uri: https://management.azure.com/subscriptions/00000000-0000-0000-0000-000000000000/resourceGroups/cli_test_resource_lock000001/providers/Microsoft.Network/virtualNetworks/cli.lock.rsrc000002?api-version=2020-07-01
  response:
    body:
      string: "{\r\n  \"name\": \"cli.lock.rsrc000002\",\r\n  \"id\": \"/subscriptions/00000000-0000-0000-0000-000000000000/resourceGroups/cli_test_resource_lock000001/providers/Microsoft.Network/virtualNetworks/cli.lock.rsrc000002\",\r\n
        \ \"etag\": \"W/\\\"6f878b92-5806-439a-946a-6348d9ab1074\\\"\",\r\n  \"type\":
        \"Microsoft.Network/virtualNetworks\",\r\n  \"location\": \"westus\",\r\n
        \ \"tags\": {},\r\n  \"properties\": {\r\n    \"provisioningState\": \"Succeeded\",\r\n
        \   \"resourceGuid\": \"6fb541b9-b0f8-40cb-88a7-d57fde206b08\",\r\n    \"addressSpace\":
        {\r\n      \"addressPrefixes\": [\r\n        \"10.0.0.0/16\"\r\n      ]\r\n
        \   },\r\n    \"dhcpOptions\": {\r\n      \"dnsServers\": []\r\n    },\r\n
        \   \"subnets\": [],\r\n    \"virtualNetworkPeerings\": [],\r\n    \"enableDdosProtection\":
        false,\r\n    \"enableVmProtection\": false\r\n  }\r\n}"
    headers:
      cache-control:
      - no-cache
      content-length:
      - '817'
      content-type:
      - application/json; charset=utf-8
      date:
      - Wed, 09 Dec 2020 15:46:57 GMT
      etag:
      - W/"6f878b92-5806-439a-946a-6348d9ab1074"
      expires:
      - '-1'
      pragma:
      - no-cache
      server:
      - Microsoft-HTTPAPI/2.0
      - Microsoft-HTTPAPI/2.0
      strict-transport-security:
      - max-age=31536000; includeSubDomains
      transfer-encoding:
      - chunked
      vary:
      - Accept-Encoding
      x-content-type-options:
      - nosniff
      x-ms-arm-service-request-id:
      - 5492c80a-17e2-41dc-8dac-76847f674a63
    status:
      code: 200
      message: OK
- request:
    body: '{"properties": {"level": "CanNotDelete"}}'
    headers:
      Accept:
      - application/json
      Accept-Encoding:
      - gzip, deflate
      CommandName:
      - resource lock create
      Connection:
      - keep-alive
      Content-Length:
      - '41'
      Content-Type:
      - application/json; charset=utf-8
      ParameterSetName:
      - -n -g --resource-type --resource-name --lock-type
      User-Agent:
      - python/3.8.6 (Windows-10-10.0.19041-SP0) msrest/0.6.18 msrest_azure/0.6.3
        azure-mgmt-resource/12.0.0 Azure-SDK-For-Python AZURECLI/2.16.0
      accept-language:
      - en-US
    method: PUT
    uri: https://management.azure.com/subscriptions/00000000-0000-0000-0000-000000000000/resourcegroups/cli_test_resource_lock000001/providers/Microsoft.Network/virtualNetworks/cli.lock.rsrc000002/providers/Microsoft.Authorization/locks/cli-test-lock000003?api-version=2016-09-01
  response:
    body:
      string: '{"properties":{"level":"CanNotDelete"},"id":"/subscriptions/00000000-0000-0000-0000-000000000000/resourcegroups/cli_test_resource_lock000001/providers/Microsoft.Network/virtualNetworks/cli.lock.rsrc000002/providers/Microsoft.Authorization/locks/cli-test-lock000003","type":"Microsoft.Authorization/locks","name":"cli-test-lock000003"}'
    headers:
      cache-control:
      - no-cache
      content-length:
      - '502'
      content-type:
      - application/json; charset=utf-8
      date:
      - Wed, 09 Dec 2020 15:46:57 GMT
      expires:
      - '-1'
      pragma:
      - no-cache
      strict-transport-security:
      - max-age=31536000; includeSubDomains
      x-content-type-options:
      - nosniff
      x-ms-ratelimit-remaining-subscription-writes:
      - '1197'
    status:
      code: 201
      message: Created
- request:
    body: null
    headers:
      Accept:
      - application/json
      Accept-Encoding:
      - gzip, deflate
      CommandName:
      - resource lock show
      Connection:
      - keep-alive
      ParameterSetName:
      - --name -g --resource-type --resource-name
      User-Agent:
      - python/3.8.6 (Windows-10-10.0.19041-SP0) msrest/0.6.18 msrest_azure/0.6.3
        azure-mgmt-resource/12.0.0 Azure-SDK-For-Python AZURECLI/2.16.0
      accept-language:
      - en-US
    method: GET
    uri: https://management.azure.com/subscriptions/00000000-0000-0000-0000-000000000000/providers/Microsoft.Authorization/locks?api-version=2016-09-01
  response:
    body:
      string: '{"value":[{"properties":{"level":"CanNotDelete","notes":"Auto-created
        by Azure Backup for storage accounts registered with a Recovery Services Vault.
        This lock is intended to guard against deletion of backups due to accidental
        deletion of the storage account."},"id":"/subscriptions/00000000-0000-0000-0000-000000000000/resourcegroups/gokul-testrg4/providers/microsoft.storage/storageAccounts/cd2zky4hqprtqazscripts/providers/Microsoft.Authorization/locks/AzureBackupProtectionLock","type":"Microsoft.Authorization/locks","name":"AzureBackupProtectionLock"},{"properties":{"level":"CanNotDelete"},"id":"/subscriptions/00000000-0000-0000-0000-000000000000/resourceGroups/cli_test_lock_commands_with_idsbhgdji2qmkb6mmfiob62lsmp3hqsoqjlg7kegzdpyay6/providers/Microsoft.Authorization/locks/cli-test-lockevev5sh7nqr7felffuxlhllyqjtkind2nuw2o","type":"Microsoft.Authorization/locks","name":"cli-test-lockevev5sh7nqr7felffuxlhllyqjtkind2nuw2o"},{"properties":{"level":"CanNotDelete"},"id":"/subscriptions/00000000-0000-0000-0000-000000000000/resourcegroups/cli_test_lock_commands_with_idsbhgdji2qmkb6mmfiob62lsmp3hqsoqjlg7kegzdpyay6/providers/Microsoft.Network/virtualNetworks/cli-lock-vnetmnjodgtufcxjtdtgp/providers/Microsoft.Authorization/locks/cli-test-locklop5lv6i7v53hf7gjpt6wkaulvt5wek2riod7","type":"Microsoft.Authorization/locks","name":"cli-test-locklop5lv6i7v53hf7gjpt6wkaulvt5wek2riod7"},{"properties":{"level":"CanNotDelete"},"id":"/subscriptions/00000000-0000-0000-0000-000000000000/resourcegroups/cli_test_lock_commands_with_idsbhgdji2qmkb6mmfiob62lsmp3hqsoqjlg7kegzdpyay6/providers/Microsoft.Network/virtualNetworks/cli-lock-vnetmnjodgtufcxjtdtgp/subnets/cli-lock-subnetmrxt4lqlh6f4dqy/providers/Microsoft.Authorization/locks/cli-test-lockeygimjf","type":"Microsoft.Authorization/locks","name":"cli-test-lockeygimjf"},{"properties":{"level":"CanNotDelete"},"id":"/subscriptions/00000000-0000-0000-0000-000000000000/resourcegroups/cli_test_resource_lock000001/providers/Microsoft.Network/virtualNetworks/cli.lock.rsrc000002/providers/Microsoft.Authorization/locks/cli-test-lock000003","type":"Microsoft.Authorization/locks","name":"cli-test-lock000003"},{"properties":{"level":"CanNotDelete","notes":"Deleting
        a domain will make it unavailable to purchase for 60 days. Please remove the
        lock before deleting this domain."},"id":"/subscriptions/00000000-0000-0000-0000-000000000000/resourcegroups/dania-what-if/providers/Microsoft.DomainRegistration/domains/alias140.net/providers/Microsoft.Authorization/locks/alias140.net","type":"Microsoft.Authorization/locks","name":"alias140.net"},{"properties":{"level":"CanNotDelete","notes":"This
        DNS zone was created when purchasing a domain and is likely still required
        by the domain. If you still want to delete this DNS zone please remove the
        lock and delete the zone."},"id":"/subscriptions/00000000-0000-0000-0000-000000000000/resourcegroups/dania-what-if/providers/Microsoft.Network/dnszones/alias140.net/providers/Microsoft.Authorization/locks/alias140.net","type":"Microsoft.Authorization/locks","name":"alias140.net"}]}'
    headers:
      cache-control:
      - no-cache
      content-length:
      - '3246'
      content-type:
      - application/json; charset=utf-8
      date:
      - Wed, 09 Dec 2020 15:47:02 GMT
      expires:
      - '-1'
      pragma:
      - no-cache
      strict-transport-security:
      - max-age=31536000; includeSubDomains
      transfer-encoding:
      - chunked
      vary:
      - Accept-Encoding,Accept-Encoding
      x-content-type-options:
      - nosniff
    status:
      code: 200
      message: OK
- request:
    body: null
    headers:
      Accept:
      - application/json
      Accept-Encoding:
      - gzip, deflate
      CommandName:
      - resource lock show
      Connection:
      - keep-alive
      ParameterSetName:
      - --name -g --resource-type --resource-name
      User-Agent:
      - python/3.8.6 (Windows-10-10.0.19041-SP0) msrest/0.6.18 msrest_azure/0.6.3
        azure-mgmt-resource/12.0.0 Azure-SDK-For-Python AZURECLI/2.16.0
      accept-language:
      - en-US
    method: GET
    uri: https://management.azure.com/subscriptions/00000000-0000-0000-0000-000000000000/resourcegroups/cli_test_resource_lock000001/providers/Microsoft.Network/virtualNetworks/cli.lock.rsrc000002/providers/Microsoft.Authorization/locks/cli-test-lock000003?api-version=2016-09-01
  response:
    body:
      string: '{"properties":{"level":"CanNotDelete"},"id":"/subscriptions/00000000-0000-0000-0000-000000000000/resourcegroups/cli_test_resource_lock000001/providers/Microsoft.Network/virtualNetworks/cli.lock.rsrc000002/providers/Microsoft.Authorization/locks/cli-test-lock000003","type":"Microsoft.Authorization/locks","name":"cli-test-lock000003"}'
    headers:
      cache-control:
      - no-cache
      content-length:
      - '502'
      content-type:
      - application/json; charset=utf-8
      date:
      - Wed, 09 Dec 2020 15:47:02 GMT
      expires:
      - '-1'
      pragma:
      - no-cache
      strict-transport-security:
      - max-age=31536000; includeSubDomains
      transfer-encoding:
      - chunked
      vary:
      - Accept-Encoding,Accept-Encoding
      x-content-type-options:
      - nosniff
    status:
      code: 200
      message: OK
- request:
    body: null
    headers:
      Accept:
      - application/json
      Accept-Encoding:
      - gzip, deflate
      CommandName:
      - resource lock list
      Connection:
      - keep-alive
      ParameterSetName:
      - -g --resource-type --resource-name --query -o
      User-Agent:
      - python/3.8.6 (Windows-10-10.0.19041-SP0) msrest/0.6.18 msrest_azure/0.6.3
        azure-mgmt-resource/12.0.0 Azure-SDK-For-Python AZURECLI/2.16.0
      accept-language:
      - en-US
    method: GET
    uri: https://management.azure.com/subscriptions/00000000-0000-0000-0000-000000000000/resourcegroups/cli_test_resource_lock000001/providers/Microsoft.Network/virtualNetworks/cli.lock.rsrc000002/providers/Microsoft.Authorization/locks?api-version=2016-09-01
  response:
    body:
      string: '{"value":[{"properties":{"level":"CanNotDelete"},"id":"/subscriptions/00000000-0000-0000-0000-000000000000/resourcegroups/cli_test_resource_lock000001/providers/Microsoft.Network/virtualNetworks/cli.lock.rsrc000002/providers/Microsoft.Authorization/locks/cli-test-lock000003","type":"Microsoft.Authorization/locks","name":"cli-test-lock000003"}]}'
    headers:
      cache-control:
      - no-cache
      content-length:
      - '514'
      content-type:
      - application/json; charset=utf-8
      date:
      - Wed, 09 Dec 2020 15:47:03 GMT
      expires:
      - '-1'
      pragma:
      - no-cache
      strict-transport-security:
      - max-age=31536000; includeSubDomains
      transfer-encoding:
      - chunked
      vary:
      - Accept-Encoding,Accept-Encoding
      x-content-type-options:
      - nosniff
    status:
      code: 200
      message: OK
- request:
    body: null
    headers:
      Accept:
      - application/json
      Accept-Encoding:
      - gzip, deflate
      CommandName:
      - resource lock update
      Connection:
      - keep-alive
      ParameterSetName:
      - -n -g --resource-type --resource-name --notes --lock-type
      User-Agent:
      - python/3.8.6 (Windows-10-10.0.19041-SP0) msrest/0.6.18 msrest_azure/0.6.3
        azure-mgmt-resource/12.0.0 Azure-SDK-For-Python AZURECLI/2.16.0
      accept-language:
      - en-US
    method: GET
    uri: https://management.azure.com/subscriptions/00000000-0000-0000-0000-000000000000/providers/Microsoft.Authorization/locks?api-version=2016-09-01
  response:
    body:
      string: '{"value":[{"properties":{"level":"CanNotDelete","notes":"Auto-created
        by Azure Backup for storage accounts registered with a Recovery Services Vault.
        This lock is intended to guard against deletion of backups due to accidental
        deletion of the storage account."},"id":"/subscriptions/00000000-0000-0000-0000-000000000000/resourcegroups/gokul-testrg4/providers/microsoft.storage/storageAccounts/cd2zky4hqprtqazscripts/providers/Microsoft.Authorization/locks/AzureBackupProtectionLock","type":"Microsoft.Authorization/locks","name":"AzureBackupProtectionLock"},{"properties":{"level":"CanNotDelete"},"id":"/subscriptions/00000000-0000-0000-0000-000000000000/resourceGroups/cli_test_lock_commands_with_idsbhgdji2qmkb6mmfiob62lsmp3hqsoqjlg7kegzdpyay6/providers/Microsoft.Authorization/locks/cli-test-lockevev5sh7nqr7felffuxlhllyqjtkind2nuw2o","type":"Microsoft.Authorization/locks","name":"cli-test-lockevev5sh7nqr7felffuxlhllyqjtkind2nuw2o"},{"properties":{"level":"CanNotDelete"},"id":"/subscriptions/00000000-0000-0000-0000-000000000000/resourcegroups/cli_test_lock_commands_with_idsbhgdji2qmkb6mmfiob62lsmp3hqsoqjlg7kegzdpyay6/providers/Microsoft.Network/virtualNetworks/cli-lock-vnetmnjodgtufcxjtdtgp/providers/Microsoft.Authorization/locks/cli-test-locklop5lv6i7v53hf7gjpt6wkaulvt5wek2riod7","type":"Microsoft.Authorization/locks","name":"cli-test-locklop5lv6i7v53hf7gjpt6wkaulvt5wek2riod7"},{"properties":{"level":"CanNotDelete"},"id":"/subscriptions/00000000-0000-0000-0000-000000000000/resourcegroups/cli_test_lock_commands_with_idsbhgdji2qmkb6mmfiob62lsmp3hqsoqjlg7kegzdpyay6/providers/Microsoft.Network/virtualNetworks/cli-lock-vnetmnjodgtufcxjtdtgp/subnets/cli-lock-subnetmrxt4lqlh6f4dqy/providers/Microsoft.Authorization/locks/cli-test-lockeygimjf","type":"Microsoft.Authorization/locks","name":"cli-test-lockeygimjf"},{"properties":{"level":"CanNotDelete"},"id":"/subscriptions/00000000-0000-0000-0000-000000000000/resourcegroups/cli_test_resource_lock000001/providers/Microsoft.Network/virtualNetworks/cli.lock.rsrc000002/providers/Microsoft.Authorization/locks/cli-test-lock000003","type":"Microsoft.Authorization/locks","name":"cli-test-lock000003"},{"properties":{"level":"CanNotDelete","notes":"Deleting
        a domain will make it unavailable to purchase for 60 days. Please remove the
        lock before deleting this domain."},"id":"/subscriptions/00000000-0000-0000-0000-000000000000/resourcegroups/dania-what-if/providers/Microsoft.DomainRegistration/domains/alias140.net/providers/Microsoft.Authorization/locks/alias140.net","type":"Microsoft.Authorization/locks","name":"alias140.net"},{"properties":{"level":"CanNotDelete","notes":"This
        DNS zone was created when purchasing a domain and is likely still required
        by the domain. If you still want to delete this DNS zone please remove the
        lock and delete the zone."},"id":"/subscriptions/00000000-0000-0000-0000-000000000000/resourcegroups/dania-what-if/providers/Microsoft.Network/dnszones/alias140.net/providers/Microsoft.Authorization/locks/alias140.net","type":"Microsoft.Authorization/locks","name":"alias140.net"}]}'
    headers:
      cache-control:
      - no-cache
      content-length:
      - '3246'
      content-type:
      - application/json; charset=utf-8
      date:
      - Wed, 09 Dec 2020 15:47:03 GMT
      expires:
      - '-1'
      pragma:
      - no-cache
      strict-transport-security:
      - max-age=31536000; includeSubDomains
      transfer-encoding:
      - chunked
      vary:
      - Accept-Encoding,Accept-Encoding
      x-content-type-options:
      - nosniff
    status:
      code: 200
      message: OK
- request:
    body: null
    headers:
      Accept:
      - application/json
      Accept-Encoding:
      - gzip, deflate
      CommandName:
      - resource lock update
      Connection:
      - keep-alive
      ParameterSetName:
      - -n -g --resource-type --resource-name --notes --lock-type
      User-Agent:
      - python/3.8.6 (Windows-10-10.0.19041-SP0) msrest/0.6.18 msrest_azure/0.6.3
        azure-mgmt-resource/12.0.0 Azure-SDK-For-Python AZURECLI/2.16.0
      accept-language:
      - en-US
    method: GET
    uri: https://management.azure.com/subscriptions/00000000-0000-0000-0000-000000000000/resourcegroups/cli_test_resource_lock000001/providers/Microsoft.Network/virtualNetworks/cli.lock.rsrc000002/providers/Microsoft.Authorization/locks/cli-test-lock000003?api-version=2016-09-01
  response:
    body:
      string: '{"properties":{"level":"CanNotDelete"},"id":"/subscriptions/00000000-0000-0000-0000-000000000000/resourcegroups/cli_test_resource_lock000001/providers/Microsoft.Network/virtualNetworks/cli.lock.rsrc000002/providers/Microsoft.Authorization/locks/cli-test-lock000003","type":"Microsoft.Authorization/locks","name":"cli-test-lock000003"}'
    headers:
      cache-control:
      - no-cache
      content-length:
      - '502'
      content-type:
      - application/json; charset=utf-8
      date:
      - Wed, 09 Dec 2020 15:47:03 GMT
      expires:
      - '-1'
      pragma:
      - no-cache
      strict-transport-security:
      - max-age=31536000; includeSubDomains
      transfer-encoding:
      - chunked
      vary:
      - Accept-Encoding,Accept-Encoding
      x-content-type-options:
      - nosniff
    status:
      code: 200
      message: OK
- request:
    body: '{"properties": {"level": "ReadOnly", "notes": "notes000004"}}'
    headers:
      Accept:
      - application/json
      Accept-Encoding:
      - gzip, deflate
      CommandName:
      - resource lock update
      Connection:
      - keep-alive
      Content-Length:
      - '70'
      Content-Type:
      - application/json; charset=utf-8
      ParameterSetName:
      - -n -g --resource-type --resource-name --notes --lock-type
      User-Agent:
      - python/3.8.6 (Windows-10-10.0.19041-SP0) msrest/0.6.18 msrest_azure/0.6.3
        azure-mgmt-resource/12.0.0 Azure-SDK-For-Python AZURECLI/2.16.0
      accept-language:
      - en-US
    method: PUT
    uri: https://management.azure.com/subscriptions/00000000-0000-0000-0000-000000000000/resourcegroups/cli_test_resource_lock000001/providers/Microsoft.Network/virtualNetworks/cli.lock.rsrc000002/providers/Microsoft.Authorization/locks/cli-test-lock000003?api-version=2016-09-01
  response:
    body:
      string: '{"properties":{"level":"ReadOnly","notes":"notes000004"},"id":"/subscriptions/00000000-0000-0000-0000-000000000000/resourcegroups/cli_test_resource_lock000001/providers/Microsoft.Network/virtualNetworks/cli.lock.rsrc000002/providers/Microsoft.Authorization/locks/cli-test-lock000003","type":"Microsoft.Authorization/locks","name":"cli-test-lock000003"}'
    headers:
      cache-control:
      - no-cache
      content-length:
      - '529'
      content-type:
      - application/json; charset=utf-8
      date:
      - Wed, 09 Dec 2020 15:47:03 GMT
      expires:
      - '-1'
      pragma:
      - no-cache
      strict-transport-security:
      - max-age=31536000; includeSubDomains
      transfer-encoding:
      - chunked
      vary:
      - Accept-Encoding,Accept-Encoding
      x-content-type-options:
      - nosniff
      x-ms-ratelimit-remaining-subscription-writes:
      - '1198'
    status:
      code: 200
      message: OK
- request:
    body: null
    headers:
      Accept:
      - application/json
      Accept-Encoding:
      - gzip, deflate
      CommandName:
      - resource lock delete
      Connection:
      - keep-alive
      ParameterSetName:
      - --name -g --resource-name --resource-type
      User-Agent:
      - python/3.8.6 (Windows-10-10.0.19041-SP0) msrest/0.6.18 msrest_azure/0.6.3
        azure-mgmt-resource/12.0.0 Azure-SDK-For-Python AZURECLI/2.16.0
      accept-language:
      - en-US
    method: GET
    uri: https://management.azure.com/subscriptions/00000000-0000-0000-0000-000000000000/providers/Microsoft.Authorization/locks?api-version=2016-09-01
  response:
    body:
      string: '{"value":[{"properties":{"level":"CanNotDelete","notes":"Auto-created
        by Azure Backup for storage accounts registered with a Recovery Services Vault.
        This lock is intended to guard against deletion of backups due to accidental
        deletion of the storage account."},"id":"/subscriptions/00000000-0000-0000-0000-000000000000/resourcegroups/gokul-testrg4/providers/microsoft.storage/storageAccounts/cd2zky4hqprtqazscripts/providers/Microsoft.Authorization/locks/AzureBackupProtectionLock","type":"Microsoft.Authorization/locks","name":"AzureBackupProtectionLock"},{"properties":{"level":"CanNotDelete"},"id":"/subscriptions/00000000-0000-0000-0000-000000000000/resourceGroups/cli_test_lock_commands_with_idsbhgdji2qmkb6mmfiob62lsmp3hqsoqjlg7kegzdpyay6/providers/Microsoft.Authorization/locks/cli-test-lockevev5sh7nqr7felffuxlhllyqjtkind2nuw2o","type":"Microsoft.Authorization/locks","name":"cli-test-lockevev5sh7nqr7felffuxlhllyqjtkind2nuw2o"},{"properties":{"level":"CanNotDelete"},"id":"/subscriptions/00000000-0000-0000-0000-000000000000/resourcegroups/cli_test_lock_commands_with_idsbhgdji2qmkb6mmfiob62lsmp3hqsoqjlg7kegzdpyay6/providers/Microsoft.Network/virtualNetworks/cli-lock-vnetmnjodgtufcxjtdtgp/providers/Microsoft.Authorization/locks/cli-test-locklop5lv6i7v53hf7gjpt6wkaulvt5wek2riod7","type":"Microsoft.Authorization/locks","name":"cli-test-locklop5lv6i7v53hf7gjpt6wkaulvt5wek2riod7"},{"properties":{"level":"CanNotDelete"},"id":"/subscriptions/00000000-0000-0000-0000-000000000000/resourcegroups/cli_test_lock_commands_with_idsbhgdji2qmkb6mmfiob62lsmp3hqsoqjlg7kegzdpyay6/providers/Microsoft.Network/virtualNetworks/cli-lock-vnetmnjodgtufcxjtdtgp/subnets/cli-lock-subnetmrxt4lqlh6f4dqy/providers/Microsoft.Authorization/locks/cli-test-lockeygimjf","type":"Microsoft.Authorization/locks","name":"cli-test-lockeygimjf"},{"properties":{"level":"ReadOnly","notes":"notes000004"},"id":"/subscriptions/00000000-0000-0000-0000-000000000000/resourcegroups/cli_test_resource_lock000001/providers/Microsoft.Network/virtualNetworks/cli.lock.rsrc000002/providers/Microsoft.Authorization/locks/cli-test-lock000003","type":"Microsoft.Authorization/locks","name":"cli-test-lock000003"},{"properties":{"level":"CanNotDelete","notes":"Deleting
        a domain will make it unavailable to purchase for 60 days. Please remove the
        lock before deleting this domain."},"id":"/subscriptions/00000000-0000-0000-0000-000000000000/resourcegroups/dania-what-if/providers/Microsoft.DomainRegistration/domains/alias140.net/providers/Microsoft.Authorization/locks/alias140.net","type":"Microsoft.Authorization/locks","name":"alias140.net"},{"properties":{"level":"CanNotDelete","notes":"This
        DNS zone was created when purchasing a domain and is likely still required
        by the domain. If you still want to delete this DNS zone please remove the
        lock and delete the zone."},"id":"/subscriptions/00000000-0000-0000-0000-000000000000/resourcegroups/dania-what-if/providers/Microsoft.Network/dnszones/alias140.net/providers/Microsoft.Authorization/locks/alias140.net","type":"Microsoft.Authorization/locks","name":"alias140.net"}]}'
    headers:
      cache-control:
      - no-cache
      content-length:
      - '3273'
      content-type:
      - application/json; charset=utf-8
      date:
      - Wed, 09 Dec 2020 15:47:04 GMT
      expires:
      - '-1'
      pragma:
      - no-cache
      strict-transport-security:
      - max-age=31536000; includeSubDomains
      transfer-encoding:
      - chunked
      vary:
      - Accept-Encoding,Accept-Encoding
      x-content-type-options:
      - nosniff
    status:
      code: 200
      message: OK
- request:
    body: null
    headers:
      Accept:
      - application/json
      Accept-Encoding:
      - gzip, deflate
      CommandName:
      - resource lock delete
      Connection:
      - keep-alive
      Content-Length:
      - '0'
      ParameterSetName:
      - --name -g --resource-name --resource-type
      User-Agent:
      - python/3.8.6 (Windows-10-10.0.19041-SP0) msrest/0.6.18 msrest_azure/0.6.3
        azure-mgmt-resource/12.0.0 Azure-SDK-For-Python AZURECLI/2.16.0
      accept-language:
      - en-US
    method: DELETE
    uri: https://management.azure.com/subscriptions/00000000-0000-0000-0000-000000000000/resourcegroups/cli_test_resource_lock000001/providers/Microsoft.Network/virtualNetworks/cli.lock.rsrc000002/providers/Microsoft.Authorization/locks/cli-test-lock000003?api-version=2016-09-01
  response:
    body:
      string: ''
    headers:
      cache-control:
      - no-cache
      content-length:
      - '0'
      date:
      - Wed, 09 Dec 2020 15:47:04 GMT
      expires:
      - '-1'
      pragma:
      - no-cache
      strict-transport-security:
      - max-age=31536000; includeSubDomains
      x-content-type-options:
      - nosniff
      x-ms-ratelimit-remaining-subscription-deletes:
      - '14998'
    status:
      code: 200
      message: OK
version: 1
