interactions:
- request:
    body: null
    headers:
      Accept:
      - application/json
      Accept-Encoding:
      - gzip, deflate
      CommandName:
      - account management-group create
      Connection:
      - keep-alive
      Content-Length:
      - '0'
      ParameterSetName:
      - --name
      User-Agent:
      - python/3.7.4 (Windows-10-10.0.18362-SP0) msrest/0.6.10 msrest_azure/0.6.2
        azure-mgmt-resource/4.0.0 Azure-SDK-For-Python AZURECLI/2.0.75
      accept-language:
      - en-US
    method: POST
    uri: https://management.azure.com/subscriptions/00000000-0000-0000-0000-000000000000/providers/Microsoft.Management/register?api-version=2019-07-01
  response:
    body:
      string: '{"id":"/subscriptions/00000000-0000-0000-0000-000000000000/providers/Microsoft.Management","namespace":"Microsoft.Management","authorization":{"applicationId":"f2c304cf-8e7e-4c3f-8164-16299ad9d272","roleDefinitionId":"c1cf3708-588a-4647-be7f-f400bbe214cf"},"resourceTypes":[{"resourceType":"resources","locations":[],"apiVersions":["2017-11-01-preview","2017-08-31-preview","2017-06-30-preview","2017-05-31-preview"],"capabilities":"None"},{"resourceType":"managementGroups","locations":[],"apiVersions":["2018-03-01-preview","2018-03-01-beta","2018-01-01-preview","2017-11-01-preview","2017-08-31-preview","2017-06-30-preview","2017-05-31-preview"],"capabilities":"None"},{"resourceType":"getEntities","locations":[],"apiVersions":["2018-03-01-preview","2018-03-01-beta","2018-01-01-preview"],"capabilities":"None"},{"resourceType":"checkNameAvailability","locations":[],"apiVersions":["2018-03-01-preview","2018-03-01-beta","2018-01-01-preview"],"capabilities":"None"},{"resourceType":"operationResults","locations":[],"apiVersions":["2018-03-01-preview","2018-03-01-beta","2018-01-01-preview"],"capabilities":"None"},{"resourceType":"operations","locations":[],"apiVersions":["2018-03-01-preview","2018-03-01-beta","2018-01-01-preview","2017-11-01-preview","2017-08-31-preview","2017-06-30-preview","2017-05-31-preview"],"capabilities":"None"},{"resourceType":"tenantBackfillStatus","locations":[],"apiVersions":["2018-03-01-preview","2018-03-01-beta"],"capabilities":"None"},{"resourceType":"startTenantBackfill","locations":[],"apiVersions":["2018-03-01-preview","2018-03-01-beta"],"capabilities":"None"}],"registrationState":"Registered","registrationPolicy":"RegistrationRequired"}'
    headers:
      cache-control:
      - no-cache
      content-length:
      - '1688'
      content-type:
      - application/json; charset=utf-8
      date:
      - Mon, 21 Oct 2019 05:23:41 GMT
      expires:
      - '-1'
      pragma:
      - no-cache
      strict-transport-security:
      - max-age=31536000; includeSubDomains
      transfer-encoding:
      - chunked
      vary:
      - Accept-Encoding
      x-content-type-options:
      - nosniff
      x-ms-ratelimit-remaining-subscription-writes:
      - '1199'
    status:
      code: 200
      message: OK
- request:
    body: null
    headers:
      Accept:
      - application/json
      Accept-Encoding:
      - gzip, deflate
      CommandName:
      - account management-group create
      Connection:
      - keep-alive
      ParameterSetName:
      - --name
      User-Agent:
      - python/3.7.4 (Windows-10-10.0.18362-SP0) msrest/0.6.10 msrest_azure/0.6.2
        azure-mgmt-resource/4.0.0 Azure-SDK-For-Python AZURECLI/2.0.75
      accept-language:
      - en-US
    method: GET
    uri: https://management.azure.com/subscriptions/00000000-0000-0000-0000-000000000000/providers/Microsoft.Management?api-version=2019-07-01
  response:
    body:
      string: '{"id":"/subscriptions/00000000-0000-0000-0000-000000000000/providers/Microsoft.Management","namespace":"Microsoft.Management","authorization":{"applicationId":"f2c304cf-8e7e-4c3f-8164-16299ad9d272","roleDefinitionId":"c1cf3708-588a-4647-be7f-f400bbe214cf"},"resourceTypes":[{"resourceType":"resources","locations":[],"apiVersions":["2017-11-01-preview","2017-08-31-preview","2017-06-30-preview","2017-05-31-preview"],"capabilities":"None"},{"resourceType":"managementGroups","locations":[],"apiVersions":["2018-03-01-preview","2018-03-01-beta","2018-01-01-preview","2017-11-01-preview","2017-08-31-preview","2017-06-30-preview","2017-05-31-preview"],"capabilities":"None"},{"resourceType":"getEntities","locations":[],"apiVersions":["2018-03-01-preview","2018-03-01-beta","2018-01-01-preview"],"capabilities":"None"},{"resourceType":"checkNameAvailability","locations":[],"apiVersions":["2018-03-01-preview","2018-03-01-beta","2018-01-01-preview"],"capabilities":"None"},{"resourceType":"operationResults","locations":[],"apiVersions":["2018-03-01-preview","2018-03-01-beta","2018-01-01-preview"],"capabilities":"None"},{"resourceType":"operations","locations":[],"apiVersions":["2018-03-01-preview","2018-03-01-beta","2018-01-01-preview","2017-11-01-preview","2017-08-31-preview","2017-06-30-preview","2017-05-31-preview"],"capabilities":"None"},{"resourceType":"tenantBackfillStatus","locations":[],"apiVersions":["2018-03-01-preview","2018-03-01-beta"],"capabilities":"None"},{"resourceType":"startTenantBackfill","locations":[],"apiVersions":["2018-03-01-preview","2018-03-01-beta"],"capabilities":"None"}],"registrationState":"Registered","registrationPolicy":"RegistrationRequired"}'
    headers:
      cache-control:
      - no-cache
      content-length:
      - '1688'
      content-type:
      - application/json; charset=utf-8
      date:
      - Mon, 21 Oct 2019 05:23:51 GMT
      expires:
      - '-1'
      pragma:
      - no-cache
      strict-transport-security:
      - max-age=31536000; includeSubDomains
      vary:
      - Accept-Encoding
      x-content-type-options:
      - nosniff
    status:
      code: 200
      message: OK
- request:
    body: '{"name": "testcligroup", "properties": {"details": {"parent": {}}}}'
    headers:
      Accept:
      - application/json
      Accept-Encoding:
      - gzip, deflate
      Cache-Control:
      - no-cache
      CommandName:
      - account management-group create
      Connection:
      - keep-alive
      Content-Length:
      - '67'
      Content-Type:
      - application/json; charset=utf-8
      ParameterSetName:
      - --name
      User-Agent:
      - python/3.7.4 (Windows-10-10.0.18362-SP0) msrest/0.6.10 msrest_azure/0.6.2
        azure-mgmt-managementgroups/0.2.0 Azure-SDK-For-Python AZURECLI/2.0.75
      accept-language:
      - en-US
    method: PUT
    uri: https://management.azure.com/providers/Microsoft.Management/managementGroups/testcligroup?api-version=2018-03-01-preview
  response:
    body:
      string: '{"id":"/providers/Microsoft.Management/managementGroups/testcligroup","type":"/providers/Microsoft.Management/managementGroups","name":"testcligroup","status":"NotStarted"}'
    headers:
      cache-control:
      - no-cache
      content-length:
      - '172'
      content-type:
      - application/json; charset=utf-8
      date:
      - Mon, 21 Oct 2019 05:23:58 GMT
      expires:
      - '-1'
      location:
      - https://management.azure.com/providers/Microsoft.Management/operationResults/create/managementGroups/testcligroup?api-version=2018-03-01-preview
      pragma:
      - no-cache
      request-id:
      - 1d373e9f-c5e3-43e3-bba3-96a569d5f3f4
      server:
      - Microsoft-IIS/10.0
      strict-transport-security:
      - max-age=31536000; includeSubDomains
      x-aspnet-version:
      - 4.0.30319
      x-ba-restapi:
      - 1.0.3.1532
      x-content-type-options:
      - nosniff
      x-ms-ratelimit-remaining-tenant-writes:
      - '1199'
      x-powered-by:
      - ASP.NET
    status:
      code: 202
      message: Accepted
- request:
    body: null
    headers:
      Accept:
      - application/json
      Accept-Encoding:
      - gzip, deflate
      CommandName:
      - account management-group create
      Connection:
      - keep-alive
      ParameterSetName:
      - --name
      User-Agent:
      - python/3.7.4 (Windows-10-10.0.18362-SP0) msrest/0.6.10 msrest_azure/0.6.2
        azure-mgmt-managementgroups/0.2.0 Azure-SDK-For-Python AZURECLI/2.0.75
    method: GET
    uri: https://management.azure.com/providers/Microsoft.Management/operationResults/create/managementGroups/testcligroup?api-version=2018-03-01-preview
  response:
    body:
      string: '{"id":"/providers/Microsoft.Management/managementGroups/testcligroup","type":"/providers/Microsoft.Management/managementGroups","name":"testcligroup","status":"Running"}'
    headers:
      cache-control:
      - no-cache
      content-length:
      - '169'
      content-type:
      - application/json; charset=utf-8
      date:
      - Mon, 21 Oct 2019 05:24:08 GMT
      expires:
      - '-1'
      location:
      - https://management.azure.com/providers/Microsoft.Management/operationResults/create/managementGroups/testcligroup?api-version=2018-03-01-preview
      pragma:
      - no-cache
      request-id:
      - 7090314a-7dc5-4012-9ca7-82580ef728b3
      server:
      - Microsoft-IIS/10.0
      strict-transport-security:
      - max-age=31536000; includeSubDomains
      x-aspnet-version:
      - 4.0.30319
      x-ba-restapi:
      - 1.0.3.1532
      x-content-type-options:
      - nosniff
      x-powered-by:
      - ASP.NET
    status:
      code: 202
      message: Accepted
- request:
    body: null
    headers:
      Accept:
      - application/json
      Accept-Encoding:
      - gzip, deflate
      CommandName:
      - account management-group create
      Connection:
      - keep-alive
      ParameterSetName:
      - --name
      User-Agent:
      - python/3.7.4 (Windows-10-10.0.18362-SP0) msrest/0.6.10 msrest_azure/0.6.2
        azure-mgmt-managementgroups/0.2.0 Azure-SDK-For-Python AZURECLI/2.0.75
    method: GET
    uri: https://management.azure.com/providers/Microsoft.Management/operationResults/create/managementGroups/testcligroup?api-version=2018-03-01-preview
  response:
    body:
      string: '{"id":"/providers/Microsoft.Management/managementGroups/testcligroup","type":"/providers/Microsoft.Management/managementGroups","name":"testcligroup","status":"Succeeded","properties":{"tenantId":"54826b22-38d6-4fb2-bad9-b7b93a3e9c5a","displayName":"testcligroup","details":{"version":55,"updatedTime":"2019-10-21T05:24:04.7540503Z","updatedBy":"21cd756e-e290-4a26-9547-93e8cc1a8923","parent":{"id":"/providers/Microsoft.Management/managementGroups/54826b22-38d6-4fb2-bad9-b7b93a3e9c5a","name":"54826b22-38d6-4fb2-bad9-b7b93a3e9c5a","displayName":"54826b22-38d6-4fb2-bad9-b7b93a3e9c5a"}}}}'
    headers:
      cache-control:
      - no-cache
      content-length:
      - '589'
      content-type:
      - application/json; charset=utf-8
      date:
      - Mon, 21 Oct 2019 05:24:19 GMT
      expires:
      - '-1'
      pragma:
      - no-cache
      request-id:
      - 8da5cb40-1b13-4eef-b2bc-7fff79ae0471
      server:
      - Microsoft-IIS/10.0
      strict-transport-security:
      - max-age=31536000; includeSubDomains
      transfer-encoding:
      - chunked
      vary:
      - Accept-Encoding,Accept-Encoding
      x-aspnet-version:
      - 4.0.30319
      x-ba-restapi:
      - 1.0.3.1532
      x-content-type-options:
      - nosniff
      x-powered-by:
      - ASP.NET
    status:
      code: 200
      message: OK
- request:
    body: null
    headers:
      Accept:
      - application/json
      Accept-Encoding:
      - gzip, deflate
      CommandName:
      - account management-group delete
      Connection:
      - keep-alive
      Content-Length:
      - '0'
      ParameterSetName:
      - --name
      User-Agent:
      - python/3.7.4 (Windows-10-10.0.18362-SP0) msrest/0.6.10 msrest_azure/0.6.2
        azure-mgmt-resource/4.0.0 Azure-SDK-For-Python AZURECLI/2.0.75
      accept-language:
      - en-US
    method: POST
    uri: https://management.azure.com/subscriptions/00000000-0000-0000-0000-000000000000/providers/Microsoft.Management/register?api-version=2019-07-01
  response:
    body:
      string: '{"id":"/subscriptions/00000000-0000-0000-0000-000000000000/providers/Microsoft.Management","namespace":"Microsoft.Management","authorization":{"applicationId":"f2c304cf-8e7e-4c3f-8164-16299ad9d272","roleDefinitionId":"c1cf3708-588a-4647-be7f-f400bbe214cf"},"resourceTypes":[{"resourceType":"resources","locations":[],"apiVersions":["2017-11-01-preview","2017-08-31-preview","2017-06-30-preview","2017-05-31-preview"],"capabilities":"None"},{"resourceType":"managementGroups","locations":[],"apiVersions":["2018-03-01-preview","2018-03-01-beta","2018-01-01-preview","2017-11-01-preview","2017-08-31-preview","2017-06-30-preview","2017-05-31-preview"],"capabilities":"None"},{"resourceType":"getEntities","locations":[],"apiVersions":["2018-03-01-preview","2018-03-01-beta","2018-01-01-preview"],"capabilities":"None"},{"resourceType":"checkNameAvailability","locations":[],"apiVersions":["2018-03-01-preview","2018-03-01-beta","2018-01-01-preview"],"capabilities":"None"},{"resourceType":"operationResults","locations":[],"apiVersions":["2018-03-01-preview","2018-03-01-beta","2018-01-01-preview"],"capabilities":"None"},{"resourceType":"operations","locations":[],"apiVersions":["2018-03-01-preview","2018-03-01-beta","2018-01-01-preview","2017-11-01-preview","2017-08-31-preview","2017-06-30-preview","2017-05-31-preview"],"capabilities":"None"},{"resourceType":"tenantBackfillStatus","locations":[],"apiVersions":["2018-03-01-preview","2018-03-01-beta"],"capabilities":"None"},{"resourceType":"startTenantBackfill","locations":[],"apiVersions":["2018-03-01-preview","2018-03-01-beta"],"capabilities":"None"}],"registrationState":"Registered","registrationPolicy":"RegistrationRequired"}'
    headers:
      cache-control:
      - no-cache
      content-length:
      - '1688'
      content-type:
      - application/json; charset=utf-8
      date:
      - Mon, 21 Oct 2019 05:24:27 GMT
      expires:
      - '-1'
      pragma:
      - no-cache
      strict-transport-security:
      - max-age=31536000; includeSubDomains
      transfer-encoding:
      - chunked
      vary:
      - Accept-Encoding
      x-content-type-options:
      - nosniff
      x-ms-ratelimit-remaining-subscription-writes:
      - '1198'
    status:
      code: 200
      message: OK
- request:
    body: null
    headers:
      Accept:
      - application/json
      Accept-Encoding:
      - gzip, deflate
      CommandName:
      - account management-group delete
      Connection:
      - keep-alive
      ParameterSetName:
      - --name
      User-Agent:
      - python/3.7.4 (Windows-10-10.0.18362-SP0) msrest/0.6.10 msrest_azure/0.6.2
        azure-mgmt-resource/4.0.0 Azure-SDK-For-Python AZURECLI/2.0.75
      accept-language:
      - en-US
    method: GET
    uri: https://management.azure.com/subscriptions/00000000-0000-0000-0000-000000000000/providers/Microsoft.Management?api-version=2019-07-01
  response:
    body:
      string: '{"id":"/subscriptions/00000000-0000-0000-0000-000000000000/providers/Microsoft.Management","namespace":"Microsoft.Management","authorization":{"applicationId":"f2c304cf-8e7e-4c3f-8164-16299ad9d272","roleDefinitionId":"c1cf3708-588a-4647-be7f-f400bbe214cf"},"resourceTypes":[{"resourceType":"resources","locations":[],"apiVersions":["2017-11-01-preview","2017-08-31-preview","2017-06-30-preview","2017-05-31-preview"],"capabilities":"None"},{"resourceType":"managementGroups","locations":[],"apiVersions":["2018-03-01-preview","2018-03-01-beta","2018-01-01-preview","2017-11-01-preview","2017-08-31-preview","2017-06-30-preview","2017-05-31-preview"],"capabilities":"None"},{"resourceType":"getEntities","locations":[],"apiVersions":["2018-03-01-preview","2018-03-01-beta","2018-01-01-preview"],"capabilities":"None"},{"resourceType":"checkNameAvailability","locations":[],"apiVersions":["2018-03-01-preview","2018-03-01-beta","2018-01-01-preview"],"capabilities":"None"},{"resourceType":"operationResults","locations":[],"apiVersions":["2018-03-01-preview","2018-03-01-beta","2018-01-01-preview"],"capabilities":"None"},{"resourceType":"operations","locations":[],"apiVersions":["2018-03-01-preview","2018-03-01-beta","2018-01-01-preview","2017-11-01-preview","2017-08-31-preview","2017-06-30-preview","2017-05-31-preview"],"capabilities":"None"},{"resourceType":"tenantBackfillStatus","locations":[],"apiVersions":["2018-03-01-preview","2018-03-01-beta"],"capabilities":"None"},{"resourceType":"startTenantBackfill","locations":[],"apiVersions":["2018-03-01-preview","2018-03-01-beta"],"capabilities":"None"}],"registrationState":"Registered","registrationPolicy":"RegistrationRequired"}'
    headers:
      cache-control:
      - no-cache
      content-length:
      - '1688'
      content-type:
      - application/json; charset=utf-8
      date:
      - Mon, 21 Oct 2019 05:24:37 GMT
      expires:
      - '-1'
      pragma:
      - no-cache
      strict-transport-security:
      - max-age=31536000; includeSubDomains
      vary:
      - Accept-Encoding
      x-content-type-options:
      - nosniff
    status:
      code: 200
      message: OK
- request:
    body: null
    headers:
      Accept:
      - application/json
      Accept-Encoding:
      - gzip, deflate
      Cache-Control:
      - no-cache
      CommandName:
      - account management-group delete
      Connection:
      - keep-alive
      Content-Length:
      - '0'
      ParameterSetName:
      - --name
      User-Agent:
      - python/3.7.4 (Windows-10-10.0.18362-SP0) msrest/0.6.10 msrest_azure/0.6.2
        azure-mgmt-managementgroups/0.2.0 Azure-SDK-For-Python AZURECLI/2.0.75
      accept-language:
      - en-US
    method: DELETE
    uri: https://management.azure.com/providers/Microsoft.Management/managementGroups/testcligroup?api-version=2018-03-01-preview
  response:
    body:
      string: '{"id":"/providers/Microsoft.Management/managementGroups/testcligroup","type":"/providers/Microsoft.Management/managementGroups","name":"testcligroup","status":"NotStarted"}'
    headers:
      cache-control:
      - no-cache
      content-length:
      - '172'
      content-type:
      - application/json; charset=utf-8
      date:
      - Mon, 21 Oct 2019 05:24:38 GMT
      expires:
      - '-1'
      location:
      - https://management.azure.com/providers/Microsoft.Management/operationResults/delete/managementGroups/testcligroup?api-version=2018-03-01-preview
      pragma:
      - no-cache
      request-id:
      - 095acc36-0e3c-49d4-b41c-0528060292e1
      server:
      - Microsoft-IIS/10.0
      strict-transport-security:
      - max-age=31536000; includeSubDomains
      x-aspnet-version:
      - 4.0.30319
      x-ba-restapi:
      - 1.0.3.1532
      x-content-type-options:
      - nosniff
      x-ms-ratelimit-remaining-tenant-deletes:
      - '14999'
      x-powered-by:
      - ASP.NET
    status:
      code: 202
      message: Accepted
- request:
    body: null
    headers:
      Accept:
      - application/json
      Accept-Encoding:
      - gzip, deflate
      CommandName:
      - account management-group delete
      Connection:
      - keep-alive
      ParameterSetName:
      - --name
      User-Agent:
      - python/3.7.4 (Windows-10-10.0.18362-SP0) msrest/0.6.10 msrest_azure/0.6.2
        azure-mgmt-managementgroups/0.2.0 Azure-SDK-For-Python AZURECLI/2.0.75
    method: GET
    uri: https://management.azure.com/providers/Microsoft.Management/operationResults/delete/managementGroups/testcligroup?api-version=2018-03-01-preview
  response:
    body:
      string: '{"id":"/providers/Microsoft.Management/managementGroups/testcligroup","type":"/providers/Microsoft.Management/managementGroups","name":"testcligroup","status":"NotStarted"}'
    headers:
      cache-control:
      - no-cache
      content-length:
      - '172'
      content-type:
      - application/json; charset=utf-8
      date:
      - Mon, 21 Oct 2019 05:24:48 GMT
      expires:
      - '-1'
      location:
      - https://management.azure.com/providers/Microsoft.Management/operationResults/delete/managementGroups/testcligroup?api-version=2018-03-01-preview
      pragma:
      - no-cache
      request-id:
      - 2163147d-d330-4f87-8df9-e0890ba9808f
      server:
      - Microsoft-IIS/10.0
      strict-transport-security:
      - max-age=31536000; includeSubDomains
      x-aspnet-version:
      - 4.0.30319
      x-ba-restapi:
      - 1.0.3.1532
      x-content-type-options:
      - nosniff
      x-powered-by:
      - ASP.NET
    status:
      code: 202
      message: Accepted
- request:
    body: null
    headers:
      Accept:
      - application/json
      Accept-Encoding:
      - gzip, deflate
      CommandName:
      - account management-group delete
      Connection:
      - keep-alive
      ParameterSetName:
      - --name
      User-Agent:
      - python/3.7.4 (Windows-10-10.0.18362-SP0) msrest/0.6.10 msrest_azure/0.6.2
        azure-mgmt-managementgroups/0.2.0 Azure-SDK-For-Python AZURECLI/2.0.75
    method: GET
    uri: https://management.azure.com/providers/Microsoft.Management/operationResults/delete/managementGroups/testcligroup?api-version=2018-03-01-preview
  response:
    body:
      string: '{"id":"/providers/Microsoft.Management/managementGroups/testcligroup","type":"/providers/Microsoft.Management/managementGroups","name":"testcligroup","status":"Succeeded"}'
    headers:
      cache-control:
      - no-cache
      content-length:
      - '171'
      content-type:
      - application/json; charset=utf-8
      date:
      - Mon, 21 Oct 2019 05:24:59 GMT
      expires:
      - '-1'
      pragma:
      - no-cache
      request-id:
      - d7cf1282-a3bc-405d-8771-7c7b8fe2b94d
      server:
      - Microsoft-IIS/10.0
      strict-transport-security:
      - max-age=31536000; includeSubDomains
      transfer-encoding:
      - chunked
      vary:
      - Accept-Encoding,Accept-Encoding
      x-aspnet-version:
      - 4.0.30319
      x-ba-restapi:
      - 1.0.3.1532
      x-content-type-options:
      - nosniff
      x-powered-by:
      - ASP.NET
    status:
      code: 200
      message: OK
version: 1
