interactions:
- request:
    body: "{\"location\": \"WestUS\", \"properties\": {\"parameters\": {\"storageAccountName\":
      {\"value\": \"armbuilddemo18221\"}, \"nestedRGName\": {\"value\": \"cli_test_subscription_level_deployment\"}},
      \"mode\": \"Incremental\", template:{\r\n  \"$schema\": \"https://schema.management.azure.com/schemas/2015-01-01/deploymentTemplate.json#\",\r\n
      \ \"contentVersion\": \"1.0.0.0\",\r\n  \"parameters\": {\r\n    \"storageAccountName\":
      {\r\n      \"type\": \"string\",\r\n      \"defaultValue\": \"armbuilddemo1801\"\r\n
      \   },\r\n    \"nestedRGName\": {\r\n      \"type\": \"string\",\r\n      \"defaultValue\":
      \"cli_test_subscription_level_deployment\"\r\n    }\r\n  },\r\n  \"variables\":
      {},\r\n  \"resources\": [\r\n    {\r\n      \"type\": \"Microsoft.Authorization/policyDefinitions\",\r\n
      \     \"name\": \"policy2\",\r\n      \"apiVersion\": \"2016-12-01\",\r\n      \"properties\":
      {\r\n        \"policyType\": \"Custom\",\r\n        \"parameters\": {},\r\n
      \       \"policyRule\": {\r\n          \"if\": {\r\n            \"field\": \"location\",\r\n
      \           \"equals\": \"northeurope\"\r\n          },\r\n          \"then\":
      {\r\n            \"effect\": \"deny\"\r\n          }\r\n        }\r\n      }\r\n
      \   },\r\n    {\r\n      \"type\": \"Microsoft.Authorization/policyAssignments\",\r\n
      \     \"name\": \"location-lock\",\r\n      \"apiVersion\": \"2016-12-01\",\r\n
      \     \"dependsOn\": [\r\n        \"policy2\"\r\n      ],\r\n      \"properties\":
      {\r\n        \"scope\": \"[subscription().id]\",\r\n        \"policyDefinitionId\":
      \"[resourceId('Microsoft.Authorization/policyDefinitions', 'policy2')]\"\r\n
      \     }\r\n    },\r\n    {\r\n      \"type\": \"Microsoft.Resources/resourceGroups\",\r\n
      \     \"name\": \"[parameters('nestedRGName')]\",\r\n      \"apiVersion\": \"2018-05-01\",\r\n
      \     \"location\": \"WestUS\",\r\n      \"properties\": {\r\n      }\r\n    },\r\n
      \   {\r\n      \"type\": \"Microsoft.Resources/deployments\",\r\n      \"name\":
      \"rg-nested6\",\r\n      \"apiVersion\": \"2017-05-10\",\r\n      \"resourceGroup\":
      \"[parameters('nestedRGName')]\",\r\n      \"dependsOn\": [ \"[parameters('nestedRGName')]\"
      ],\r\n      \"properties\": {\r\n        \"template\": {\r\n          \"$schema\":
      \"https://schema.management.azure.com/schemas/2015-01-01/deploymentTemplate.json#\",\r\n
      \         \"contentVersion\": \"1.0.0.0\",\r\n          \"parameters\": {},\r\n
      \         \"variables\": {},\r\n          \"resources\": [\r\n            {\r\n
      \             \"type\": \"Microsoft.Storage/storageAccounts\",\r\n              \"name\":
      \"[parameters('storageAccountName')]\",\r\n              \"apiVersion\": \"2015-06-15\",\r\n
      \             \"location\": \"East US\",\r\n              \"properties\": {\r\n
      \               \"accountType\": \"Standard_LRS\",\r\n                \"supportsHttpsTrafficOnly\":
      true\r\n              }\r\n            }\r\n          ]\r\n        },\r\n        \"mode\":\"Incremental\"\r\n
      \     }\r\n    }\r\n  ] // comment\r\n}}}"
    headers:
      Accept:
      - application/json
      Accept-Encoding:
      - gzip, deflate
      CommandName:
      - deployment validate
      Connection:
      - keep-alive
      Content-Length:
      - '2613'
      Content-Type:
      - application/json; charset=utf-8
      ParameterSetName:
      - --location --template-file --parameters
      User-Agent:
      - python/3.8.3 (Windows-10-10.0.19041-SP0) msrest/0.6.9 msrest_azure/0.6.3 azure-mgmt-resource/10.1.0
        Azure-SDK-For-Python AZURECLI/2.9.1
      accept-language:
      - en-US
    method: POST
    uri: https://management.azure.com/subscriptions/00000000-0000-0000-0000-000000000000/providers/Microsoft.Resources/deployments/mock-deployment/validate?api-version=2020-06-01
  response:
    body:
      string: '{"id":"/subscriptions/00000000-0000-0000-0000-000000000000/providers/Microsoft.Resources/deployments/subscription_level_template","name":"subscription_level_template","type":"Microsoft.Resources/deployments","location":"westus","properties":{"templateHash":"13231341667663423384","parameters":{"storageAccountName":{"type":"String","value":"armbuilddemo18221"},"nestedRGName":{"type":"String","value":"cli_test_subscription_level_deployment"}},"mode":"Incremental","provisioningState":"Succeeded","timestamp":"2020-07-21T15:49:10.5604174Z","duration":"PT0S","correlationId":"3fec82f7-5c4c-4ad6-87c6-247b62ed7f8d","providers":[{"namespace":"Microsoft.Authorization","resourceTypes":[{"resourceType":"policyDefinitions","locations":[null]},{"resourceType":"policyAssignments","locations":[null]}]},{"namespace":"Microsoft.Resources","resourceTypes":[{"resourceType":"resourceGroups","locations":["westus"]},{"resourceType":"deployments","locations":[null]}]}],"dependencies":[{"dependsOn":[{"id":"/subscriptions/00000000-0000-0000-0000-000000000000/providers/Microsoft.Authorization/policyDefinitions/policy2","resourceType":"Microsoft.Authorization/policyDefinitions","resourceName":"policy2"}],"id":"/subscriptions/00000000-0000-0000-0000-000000000000/providers/Microsoft.Authorization/policyAssignments/location-lock","resourceType":"Microsoft.Authorization/policyAssignments","resourceName":"location-lock"},{"dependsOn":[{"id":"/subscriptions/00000000-0000-0000-0000-000000000000/resourceGroups/cli_test_subscription_level_deployment","resourceType":"Microsoft.Resources/resourceGroups","resourceName":"cli_test_subscription_level_deployment"}],"id":"/subscriptions/00000000-0000-0000-0000-000000000000/resourceGroups/cli_test_subscription_level_deployment/providers/Microsoft.Resources/deployments/rg-nested6","resourceType":"Microsoft.Resources/deployments","resourceName":"rg-nested6"}],"validatedResources":[{"id":"/subscriptions/00000000-0000-0000-0000-000000000000/providers/Microsoft.Authorization/policyDefinitions/policy2"},{"id":"/subscriptions/00000000-0000-0000-0000-000000000000/providers/Microsoft.Authorization/policyAssignments/location-lock"},{"id":"/subscriptions/00000000-0000-0000-0000-000000000000/resourceGroups/cli_test_subscription_level_deployment"},{"id":"/subscriptions/00000000-0000-0000-0000-000000000000/resourceGroups/cli_test_subscription_level_deployment/providers/Microsoft.Resources/deployments/rg-nested6"},{"id":"/subscriptions/00000000-0000-0000-0000-000000000000/resourceGroups/cli_test_subscription_level_deployment/providers/Microsoft.Storage/storageAccounts/armbuilddemo18221"}]}}'
    headers:
      cache-control:
      - no-cache
      content-length:
      - '2625'
      content-type:
      - application/json; charset=utf-8
      date:
      - Tue, 21 Jul 2020 15:49:09 GMT
      expires:
      - '-1'
      pragma:
      - no-cache
      strict-transport-security:
      - max-age=31536000; includeSubDomains
      transfer-encoding:
      - chunked
      vary:
      - Accept-Encoding
      x-content-type-options:
      - nosniff
      x-ms-ratelimit-remaining-subscription-writes:
      - '1199'
    status:
      code: 200
      message: OK
- request:
    body: null
    headers:
      Connection:
      - close
      Host:
      - raw.githubusercontent.com
      User-Agent:
      - Python-urllib/3.8
    method: GET
    uri: https://raw.githubusercontent.com/Azure/azure-cli/dev/src/azure-cli/azure/cli/command_modules/resource/tests/latest/subscription_level_parameters.json
  response:
    body:
      string: "{\n  \"$schema\": \"https://schema.management.azure.com/schemas/2015-01-01/deploymentParameters.json#\",\n
        \ \"contentVersion\": \"1.0.0.0\",\n  \"parameters\": {\n     /** comment1\n
        \       comment2\n        comment3\n      **/\n      // comment\n      /**
        comment **/\n    \"storageAccountName\": {\n      \"value\": \"armbuilddemo18221\"
        \ // comment\n    },\n    \"nestedRGName\": {\n      /** comment1\n        comment2\n
        \       comment3\n      **/\n      // comment\n      /** comment **/\n      \"value\":
        \"cli_test_subscription_level_deployment\" /** comment **/\n      /** comment1\n
        \       comment2\n        comment3\n      **/\n      // comment\n      /**
        comment **/\n    }\n      /** comment1\n        comment2\n        comment3\n
        \     **/\n      // comment\n      /** comment **/\n  }\n}"
    headers:
      accept-ranges:
      - bytes
      access-control-allow-origin:
      - '*'
      cache-control:
      - max-age=300
      connection:
      - close
      content-length:
      - '743'
      content-security-policy:
      - default-src 'none'; style-src 'unsafe-inline'; sandbox
      content-type:
      - text/plain; charset=utf-8
      date:
      - Tue, 21 Jul 2020 15:49:11 GMT
      etag:
      - '"79cf9050f422e6c9fef2a7ec4857b9816421227463500c581f531a808d563754"'
      expires:
      - Tue, 21 Jul 2020 15:54:11 GMT
      source-age:
      - '0'
      strict-transport-security:
      - max-age=31536000
      vary:
      - Authorization,Accept-Encoding
      via:
      - 1.1 varnish (Varnish/6.0)
      - 1.1 varnish
      x-cache:
      - MISS, HIT
      x-cache-hits:
      - 0, 1
      x-content-type-options:
      - nosniff
      x-fastly-request-id:
      - 0d49f7f0f175281cfd742872ec522ac55e0450f0
      x-frame-options:
      - deny
      x-github-request-id:
      - A8A2:0299:30FF28:3B3E54:5F16F945
      x-served-by:
      - cache-fty21359-FTY
      x-timer:
      - S1595346551.104705,VS0,VE107
      x-xss-protection:
      - 1; mode=block
    status:
      code: 200
      message: OK
- request:
    body: "{\"location\": \"WestUS\", \"properties\": {\"parameters\": {\"storageAccountName\":
      {\"value\": \"armbuilddemo18221\"}, \"nestedRGName\": {\"value\": \"cli_test_subscription_level_deployment\"}},
      \"mode\": \"Incremental\", template:{\r\n  \"$schema\": \"https://schema.management.azure.com/schemas/2015-01-01/deploymentTemplate.json#\",\r\n
      \ \"contentVersion\": \"1.0.0.0\",\r\n  \"parameters\": {\r\n    \"storageAccountName\":
      {\r\n      \"type\": \"string\",\r\n      \"defaultValue\": \"armbuilddemo1801\"\r\n
      \   },\r\n    \"nestedRGName\": {\r\n      \"type\": \"string\",\r\n      \"defaultValue\":
      \"cli_test_subscription_level_deployment\"\r\n    }\r\n  },\r\n  \"variables\":
      {},\r\n  \"resources\": [\r\n    {\r\n      \"type\": \"Microsoft.Authorization/policyDefinitions\",\r\n
      \     \"name\": \"policy2\",\r\n      \"apiVersion\": \"2016-12-01\",\r\n      \"properties\":
      {\r\n        \"policyType\": \"Custom\",\r\n        \"parameters\": {},\r\n
      \       \"policyRule\": {\r\n          \"if\": {\r\n            \"field\": \"location\",\r\n
      \           \"equals\": \"northeurope\"\r\n          },\r\n          \"then\":
      {\r\n            \"effect\": \"deny\"\r\n          }\r\n        }\r\n      }\r\n
      \   },\r\n    {\r\n      \"type\": \"Microsoft.Authorization/policyAssignments\",\r\n
      \     \"name\": \"location-lock\",\r\n      \"apiVersion\": \"2016-12-01\",\r\n
      \     \"dependsOn\": [\r\n        \"policy2\"\r\n      ],\r\n      \"properties\":
      {\r\n        \"scope\": \"[subscription().id]\",\r\n        \"policyDefinitionId\":
      \"[resourceId('Microsoft.Authorization/policyDefinitions', 'policy2')]\"\r\n
      \     }\r\n    },\r\n    {\r\n      \"type\": \"Microsoft.Resources/resourceGroups\",\r\n
      \     \"name\": \"[parameters('nestedRGName')]\",\r\n      \"apiVersion\": \"2018-05-01\",\r\n
      \     \"location\": \"WestUS\",\r\n      \"properties\": {\r\n      }\r\n    },\r\n
      \   {\r\n      \"type\": \"Microsoft.Resources/deployments\",\r\n      \"name\":
      \"rg-nested6\",\r\n      \"apiVersion\": \"2017-05-10\",\r\n      \"resourceGroup\":
      \"[parameters('nestedRGName')]\",\r\n      \"dependsOn\": [ \"[parameters('nestedRGName')]\"
      ],\r\n      \"properties\": {\r\n        \"template\": {\r\n          \"$schema\":
      \"https://schema.management.azure.com/schemas/2015-01-01/deploymentTemplate.json#\",\r\n
      \         \"contentVersion\": \"1.0.0.0\",\r\n          \"parameters\": {},\r\n
      \         \"variables\": {},\r\n          \"resources\": [\r\n            {\r\n
      \             \"type\": \"Microsoft.Storage/storageAccounts\",\r\n              \"name\":
      \"[parameters('storageAccountName')]\",\r\n              \"apiVersion\": \"2015-06-15\",\r\n
      \             \"location\": \"East US\",\r\n              \"properties\": {\r\n
      \               \"accountType\": \"Standard_LRS\",\r\n                \"supportsHttpsTrafficOnly\":
      true\r\n              }\r\n            }\r\n          ]\r\n        },\r\n        \"mode\":\"Incremental\"\r\n
      \     }\r\n    }\r\n  ] // comment\r\n}}}"
    headers:
      Accept:
      - application/json
      Accept-Encoding:
      - gzip, deflate
      CommandName:
      - deployment validate
      Connection:
      - keep-alive
      Content-Length:
      - '2613'
      Content-Type:
      - application/json; charset=utf-8
      ParameterSetName:
      - --location --template-file --parameters
      User-Agent:
      - python/3.8.3 (Windows-10-10.0.19041-SP0) msrest/0.6.9 msrest_azure/0.6.3 azure-mgmt-resource/10.1.0
        Azure-SDK-For-Python AZURECLI/2.9.1
      accept-language:
      - en-US
    method: POST
    uri: https://management.azure.com/subscriptions/00000000-0000-0000-0000-000000000000/providers/Microsoft.Resources/deployments/mock-deployment/validate?api-version=2020-06-01
  response:
    body:
      string: '{"id":"/subscriptions/00000000-0000-0000-0000-000000000000/providers/Microsoft.Resources/deployments/subscription_level_template","name":"subscription_level_template","type":"Microsoft.Resources/deployments","location":"westus","properties":{"templateHash":"13231341667663423384","parameters":{"storageAccountName":{"type":"String","value":"armbuilddemo18221"},"nestedRGName":{"type":"String","value":"cli_test_subscription_level_deployment"}},"mode":"Incremental","provisioningState":"Succeeded","timestamp":"2020-07-21T15:49:11.5881255Z","duration":"PT0S","correlationId":"1a84d6d3-0509-4dc6-b6ea-a0dabdba86c3","providers":[{"namespace":"Microsoft.Authorization","resourceTypes":[{"resourceType":"policyDefinitions","locations":[null]},{"resourceType":"policyAssignments","locations":[null]}]},{"namespace":"Microsoft.Resources","resourceTypes":[{"resourceType":"resourceGroups","locations":["westus"]},{"resourceType":"deployments","locations":[null]}]}],"dependencies":[{"dependsOn":[{"id":"/subscriptions/00000000-0000-0000-0000-000000000000/providers/Microsoft.Authorization/policyDefinitions/policy2","resourceType":"Microsoft.Authorization/policyDefinitions","resourceName":"policy2"}],"id":"/subscriptions/00000000-0000-0000-0000-000000000000/providers/Microsoft.Authorization/policyAssignments/location-lock","resourceType":"Microsoft.Authorization/policyAssignments","resourceName":"location-lock"},{"dependsOn":[{"id":"/subscriptions/00000000-0000-0000-0000-000000000000/resourceGroups/cli_test_subscription_level_deployment","resourceType":"Microsoft.Resources/resourceGroups","resourceName":"cli_test_subscription_level_deployment"}],"id":"/subscriptions/00000000-0000-0000-0000-000000000000/resourceGroups/cli_test_subscription_level_deployment/providers/Microsoft.Resources/deployments/rg-nested6","resourceType":"Microsoft.Resources/deployments","resourceName":"rg-nested6"}],"validatedResources":[{"id":"/subscriptions/00000000-0000-0000-0000-000000000000/providers/Microsoft.Authorization/policyDefinitions/policy2"},{"id":"/subscriptions/00000000-0000-0000-0000-000000000000/providers/Microsoft.Authorization/policyAssignments/location-lock"},{"id":"/subscriptions/00000000-0000-0000-0000-000000000000/resourceGroups/cli_test_subscription_level_deployment"},{"id":"/subscriptions/00000000-0000-0000-0000-000000000000/resourceGroups/cli_test_subscription_level_deployment/providers/Microsoft.Resources/deployments/rg-nested6"},{"id":"/subscriptions/00000000-0000-0000-0000-000000000000/resourceGroups/cli_test_subscription_level_deployment/providers/Microsoft.Storage/storageAccounts/armbuilddemo18221"}]}}'
    headers:
      cache-control:
      - no-cache
      content-length:
      - '2625'
      content-type:
      - application/json; charset=utf-8
      date:
      - Tue, 21 Jul 2020 15:49:11 GMT
      expires:
      - '-1'
      pragma:
      - no-cache
      strict-transport-security:
      - max-age=31536000; includeSubDomains
      transfer-encoding:
      - chunked
      vary:
      - Accept-Encoding
      x-content-type-options:
      - nosniff
      x-ms-ratelimit-remaining-subscription-writes:
      - '1198'
    status:
      code: 200
      message: OK
- request:
    body: "{\"location\": \"WestUS\", \"properties\": {\"parameters\": {\"storageAccountName\":
      {\"value\": \"armbuilddemo18221\"}, \"nestedRGName\": {\"value\": \"cli_test_subscription_level_deployment\"}},
      \"mode\": \"Incremental\", template:{\r\n  \"$schema\": \"https://schema.management.azure.com/schemas/2015-01-01/deploymentTemplate.json#\",\r\n
      \ \"contentVersion\": \"1.0.0.0\",\r\n  \"parameters\": {\r\n    \"storageAccountName\":
      {\r\n      \"type\": \"string\",\r\n      \"defaultValue\": \"armbuilddemo1801\"\r\n
      \   },\r\n    \"nestedRGName\": {\r\n      \"type\": \"string\",\r\n      \"defaultValue\":
      \"cli_test_subscription_level_deployment\"\r\n    }\r\n  },\r\n  \"variables\":
      {},\r\n  \"resources\": [\r\n    {\r\n      \"type\": \"Microsoft.Authorization/policyDefinitions\",\r\n
      \     \"name\": \"policy2\",\r\n      \"apiVersion\": \"2016-12-01\",\r\n      \"properties\":
      {\r\n        \"policyType\": \"Custom\",\r\n        \"parameters\": {},\r\n
      \       \"policyRule\": {\r\n          \"if\": {\r\n            \"field\": \"location\",\r\n
      \           \"equals\": \"northeurope\"\r\n          },\r\n          \"then\":
      {\r\n            \"effect\": \"deny\"\r\n          }\r\n        }\r\n      }\r\n
      \   },\r\n    {\r\n      \"type\": \"Microsoft.Authorization/policyAssignments\",\r\n
      \     \"name\": \"location-lock\",\r\n      \"apiVersion\": \"2016-12-01\",\r\n
      \     \"dependsOn\": [\r\n        \"policy2\"\r\n      ],\r\n      \"properties\":
      {\r\n        \"scope\": \"[subscription().id]\",\r\n        \"policyDefinitionId\":
      \"[resourceId('Microsoft.Authorization/policyDefinitions', 'policy2')]\"\r\n
      \     }\r\n    },\r\n    {\r\n      \"type\": \"Microsoft.Resources/resourceGroups\",\r\n
      \     \"name\": \"[parameters('nestedRGName')]\",\r\n      \"apiVersion\": \"2018-05-01\",\r\n
      \     \"location\": \"WestUS\",\r\n      \"properties\": {\r\n      }\r\n    },\r\n
      \   {\r\n      \"type\": \"Microsoft.Resources/deployments\",\r\n      \"name\":
      \"rg-nested6\",\r\n      \"apiVersion\": \"2017-05-10\",\r\n      \"resourceGroup\":
      \"[parameters('nestedRGName')]\",\r\n      \"dependsOn\": [ \"[parameters('nestedRGName')]\"
      ],\r\n      \"properties\": {\r\n        \"template\": {\r\n          \"$schema\":
      \"https://schema.management.azure.com/schemas/2015-01-01/deploymentTemplate.json#\",\r\n
      \         \"contentVersion\": \"1.0.0.0\",\r\n          \"parameters\": {},\r\n
      \         \"variables\": {},\r\n          \"resources\": [\r\n            {\r\n
      \             \"type\": \"Microsoft.Storage/storageAccounts\",\r\n              \"name\":
      \"[parameters('storageAccountName')]\",\r\n              \"apiVersion\": \"2015-06-15\",\r\n
      \             \"location\": \"East US\",\r\n              \"properties\": {\r\n
      \               \"accountType\": \"Standard_LRS\",\r\n                \"supportsHttpsTrafficOnly\":
      true\r\n              }\r\n            }\r\n          ]\r\n        },\r\n        \"mode\":\"Incremental\"\r\n
      \     }\r\n    }\r\n  ] // comment\r\n}}}"
    headers:
      Accept:
      - application/json
      Accept-Encoding:
      - gzip, deflate
      CommandName:
      - deployment create
      Connection:
      - keep-alive
      Content-Length:
      - '2613'
      Content-Type:
      - application/json; charset=utf-8
      ParameterSetName:
      - -n --location --template-file --parameters
      User-Agent:
      - python/3.8.3 (Windows-10-10.0.19041-SP0) msrest/0.6.9 msrest_azure/0.6.3 azure-mgmt-resource/10.1.0
        Azure-SDK-For-Python AZURECLI/2.9.1
      accept-language:
      - en-US
    method: POST
    uri: https://management.azure.com/subscriptions/00000000-0000-0000-0000-000000000000/providers/Microsoft.Resources/deployments/mock-deployment/validate?api-version=2020-06-01
  response:
    body:
      string: '{"id":"/subscriptions/00000000-0000-0000-0000-000000000000/providers/Microsoft.Resources/deployments/azure-cli-subscription_level_deployment000001","name":"azure-cli-subscription_level_deployment000001","type":"Microsoft.Resources/deployments","location":"westus","properties":{"templateHash":"13231341667663423384","parameters":{"storageAccountName":{"type":"String","value":"armbuilddemo18221"},"nestedRGName":{"type":"String","value":"cli_test_subscription_level_deployment"}},"mode":"Incremental","provisioningState":"Succeeded","timestamp":"2020-07-21T15:49:12.4129594Z","duration":"PT0S","correlationId":"4307adf9-12cb-4ab6-a991-3740e2215c55","providers":[{"namespace":"Microsoft.Authorization","resourceTypes":[{"resourceType":"policyDefinitions","locations":[null]},{"resourceType":"policyAssignments","locations":[null]}]},{"namespace":"Microsoft.Resources","resourceTypes":[{"resourceType":"resourceGroups","locations":["westus"]},{"resourceType":"deployments","locations":[null]}]}],"dependencies":[{"dependsOn":[{"id":"/subscriptions/00000000-0000-0000-0000-000000000000/providers/Microsoft.Authorization/policyDefinitions/policy2","resourceType":"Microsoft.Authorization/policyDefinitions","resourceName":"policy2"}],"id":"/subscriptions/00000000-0000-0000-0000-000000000000/providers/Microsoft.Authorization/policyAssignments/location-lock","resourceType":"Microsoft.Authorization/policyAssignments","resourceName":"location-lock"},{"dependsOn":[{"id":"/subscriptions/00000000-0000-0000-0000-000000000000/resourceGroups/cli_test_subscription_level_deployment","resourceType":"Microsoft.Resources/resourceGroups","resourceName":"cli_test_subscription_level_deployment"}],"id":"/subscriptions/00000000-0000-0000-0000-000000000000/resourceGroups/cli_test_subscription_level_deployment/providers/Microsoft.Resources/deployments/rg-nested6","resourceType":"Microsoft.Resources/deployments","resourceName":"rg-nested6"}],"validatedResources":[{"id":"/subscriptions/00000000-0000-0000-0000-000000000000/providers/Microsoft.Authorization/policyDefinitions/policy2"},{"id":"/subscriptions/00000000-0000-0000-0000-000000000000/providers/Microsoft.Authorization/policyAssignments/location-lock"},{"id":"/subscriptions/00000000-0000-0000-0000-000000000000/resourceGroups/cli_test_subscription_level_deployment"},{"id":"/subscriptions/00000000-0000-0000-0000-000000000000/resourceGroups/cli_test_subscription_level_deployment/providers/Microsoft.Resources/deployments/rg-nested6"},{"id":"/subscriptions/00000000-0000-0000-0000-000000000000/resourceGroups/cli_test_subscription_level_deployment/providers/Microsoft.Storage/storageAccounts/armbuilddemo18221"}]}}'
    headers:
      cache-control:
      - no-cache
      content-length:
      - '2691'
      content-type:
      - application/json; charset=utf-8
      date:
      - Tue, 21 Jul 2020 15:49:12 GMT
      expires:
      - '-1'
      pragma:
      - no-cache
      strict-transport-security:
      - max-age=31536000; includeSubDomains
      transfer-encoding:
      - chunked
      vary:
      - Accept-Encoding
      x-content-type-options:
      - nosniff
      x-ms-ratelimit-remaining-subscription-writes:
      - '1199'
    status:
      code: 200
      message: OK
- request:
    body: "{\"location\": \"WestUS\", \"properties\": {\"parameters\": {\"storageAccountName\":
      {\"value\": \"armbuilddemo18221\"}, \"nestedRGName\": {\"value\": \"cli_test_subscription_level_deployment\"}},
      \"mode\": \"Incremental\", template:{\r\n  \"$schema\": \"https://schema.management.azure.com/schemas/2015-01-01/deploymentTemplate.json#\",\r\n
      \ \"contentVersion\": \"1.0.0.0\",\r\n  \"parameters\": {\r\n    \"storageAccountName\":
      {\r\n      \"type\": \"string\",\r\n      \"defaultValue\": \"armbuilddemo1801\"\r\n
      \   },\r\n    \"nestedRGName\": {\r\n      \"type\": \"string\",\r\n      \"defaultValue\":
      \"cli_test_subscription_level_deployment\"\r\n    }\r\n  },\r\n  \"variables\":
      {},\r\n  \"resources\": [\r\n    {\r\n      \"type\": \"Microsoft.Authorization/policyDefinitions\",\r\n
      \     \"name\": \"policy2\",\r\n      \"apiVersion\": \"2016-12-01\",\r\n      \"properties\":
      {\r\n        \"policyType\": \"Custom\",\r\n        \"parameters\": {},\r\n
      \       \"policyRule\": {\r\n          \"if\": {\r\n            \"field\": \"location\",\r\n
      \           \"equals\": \"northeurope\"\r\n          },\r\n          \"then\":
      {\r\n            \"effect\": \"deny\"\r\n          }\r\n        }\r\n      }\r\n
      \   },\r\n    {\r\n      \"type\": \"Microsoft.Authorization/policyAssignments\",\r\n
      \     \"name\": \"location-lock\",\r\n      \"apiVersion\": \"2016-12-01\",\r\n
      \     \"dependsOn\": [\r\n        \"policy2\"\r\n      ],\r\n      \"properties\":
      {\r\n        \"scope\": \"[subscription().id]\",\r\n        \"policyDefinitionId\":
      \"[resourceId('Microsoft.Authorization/policyDefinitions', 'policy2')]\"\r\n
      \     }\r\n    },\r\n    {\r\n      \"type\": \"Microsoft.Resources/resourceGroups\",\r\n
      \     \"name\": \"[parameters('nestedRGName')]\",\r\n      \"apiVersion\": \"2018-05-01\",\r\n
      \     \"location\": \"WestUS\",\r\n      \"properties\": {\r\n      }\r\n    },\r\n
      \   {\r\n      \"type\": \"Microsoft.Resources/deployments\",\r\n      \"name\":
      \"rg-nested6\",\r\n      \"apiVersion\": \"2017-05-10\",\r\n      \"resourceGroup\":
      \"[parameters('nestedRGName')]\",\r\n      \"dependsOn\": [ \"[parameters('nestedRGName')]\"
      ],\r\n      \"properties\": {\r\n        \"template\": {\r\n          \"$schema\":
      \"https://schema.management.azure.com/schemas/2015-01-01/deploymentTemplate.json#\",\r\n
      \         \"contentVersion\": \"1.0.0.0\",\r\n          \"parameters\": {},\r\n
      \         \"variables\": {},\r\n          \"resources\": [\r\n            {\r\n
      \             \"type\": \"Microsoft.Storage/storageAccounts\",\r\n              \"name\":
      \"[parameters('storageAccountName')]\",\r\n              \"apiVersion\": \"2015-06-15\",\r\n
      \             \"location\": \"East US\",\r\n              \"properties\": {\r\n
      \               \"accountType\": \"Standard_LRS\",\r\n                \"supportsHttpsTrafficOnly\":
      true\r\n              }\r\n            }\r\n          ]\r\n        },\r\n        \"mode\":\"Incremental\"\r\n
      \     }\r\n    }\r\n  ] // comment\r\n}}}"
    headers:
      Accept:
      - application/json
      Accept-Encoding:
      - gzip, deflate
      CommandName:
      - deployment create
      Connection:
      - keep-alive
      Content-Length:
      - '2613'
      Content-Type:
      - application/json; charset=utf-8
      ParameterSetName:
      - -n --location --template-file --parameters
      User-Agent:
      - python/3.8.3 (Windows-10-10.0.19041-SP0) msrest/0.6.9 msrest_azure/0.6.3 azure-mgmt-resource/10.1.0
        Azure-SDK-For-Python AZURECLI/2.9.1
      accept-language:
      - en-US
    method: PUT
    uri: https://management.azure.com/subscriptions/00000000-0000-0000-0000-000000000000/providers/Microsoft.Resources/deployments/mock-deployment?api-version=2020-06-01
  response:
    body:
      string: '{"id":"/subscriptions/00000000-0000-0000-0000-000000000000/providers/Microsoft.Resources/deployments/azure-cli-subscription_level_deployment000001","name":"azure-cli-subscription_level_deployment000001","type":"Microsoft.Resources/deployments","location":"westus","properties":{"templateHash":"13231341667663423384","parameters":{"storageAccountName":{"type":"String","value":"armbuilddemo18221"},"nestedRGName":{"type":"String","value":"cli_test_subscription_level_deployment"}},"mode":"Incremental","provisioningState":"Accepted","timestamp":"2020-07-21T15:49:14.0802981Z","duration":"PT1.2344964S","correlationId":"2dbbe394-6e67-4cdd-aceb-3a218cf05c3a","providers":[{"namespace":"Microsoft.Authorization","resourceTypes":[{"resourceType":"policyDefinitions","locations":[null]},{"resourceType":"policyAssignments","locations":[null]}]},{"namespace":"Microsoft.Resources","resourceTypes":[{"resourceType":"resourceGroups","locations":["westus"]},{"resourceType":"deployments","locations":[null]}]}],"dependencies":[{"dependsOn":[{"id":"/subscriptions/00000000-0000-0000-0000-000000000000/providers/Microsoft.Authorization/policyDefinitions/policy2","resourceType":"Microsoft.Authorization/policyDefinitions","resourceName":"policy2"}],"id":"/subscriptions/00000000-0000-0000-0000-000000000000/providers/Microsoft.Authorization/policyAssignments/location-lock","resourceType":"Microsoft.Authorization/policyAssignments","resourceName":"location-lock"},{"dependsOn":[{"id":"/subscriptions/00000000-0000-0000-0000-000000000000/resourceGroups/cli_test_subscription_level_deployment","resourceType":"Microsoft.Resources/resourceGroups","resourceName":"cli_test_subscription_level_deployment"}],"id":"/subscriptions/00000000-0000-0000-0000-000000000000/resourceGroups/cli_test_subscription_level_deployment/providers/Microsoft.Resources/deployments/rg-nested6","resourceType":"Microsoft.Resources/deployments","resourceName":"rg-nested6"}]}}'
    headers:
      azure-asyncoperation:
      - https://management.azure.com/subscriptions/00000000-0000-0000-0000-000000000000/providers/Microsoft.Resources/deployments/azure-cli-subscription_level_deployment000001/operationStatuses/08586062603326318215?api-version=2020-06-01
      cache-control:
      - no-cache
      content-length:
      - '1967'
      content-type:
      - application/json; charset=utf-8
      date:
      - Tue, 21 Jul 2020 15:49:14 GMT
      expires:
      - '-1'
      pragma:
      - no-cache
      strict-transport-security:
      - max-age=31536000; includeSubDomains
      x-content-type-options:
      - nosniff
      x-ms-ratelimit-remaining-subscription-writes:
      - '1197'
    status:
      code: 201
      message: Created
- request:
    body: null
    headers:
      Accept:
      - application/json
      Accept-Encoding:
      - gzip, deflate
      CommandName:
      - deployment create
      Connection:
      - keep-alive
      ParameterSetName:
      - -n --location --template-file --parameters
      User-Agent:
      - python/3.8.3 (Windows-10-10.0.19041-SP0) msrest/0.6.9 msrest_azure/0.6.3 azure-mgmt-resource/10.1.0
        Azure-SDK-For-Python AZURECLI/2.9.1
    method: GET
    uri: https://management.azure.com/subscriptions/00000000-0000-0000-0000-000000000000/providers/Microsoft.Resources/deployments/mock-deployment/operationStatuses/08586062603326318215?api-version=2020-06-01
  response:
    body:
      string: '{"status":"Running"}'
    headers:
      cache-control:
      - no-cache
      content-length:
      - '20'
      content-type:
      - application/json; charset=utf-8
      date:
      - Tue, 21 Jul 2020 15:49:44 GMT
      expires:
      - '-1'
      pragma:
      - no-cache
      strict-transport-security:
      - max-age=31536000; includeSubDomains
      vary:
      - Accept-Encoding
      x-content-type-options:
      - nosniff
    status:
      code: 200
      message: OK
- request:
    body: null
    headers:
      Accept:
      - application/json
      Accept-Encoding:
      - gzip, deflate
      CommandName:
      - deployment create
      Connection:
      - keep-alive
      ParameterSetName:
      - -n --location --template-file --parameters
      User-Agent:
      - python/3.8.3 (Windows-10-10.0.19041-SP0) msrest/0.6.9 msrest_azure/0.6.3 azure-mgmt-resource/10.1.0
        Azure-SDK-For-Python AZURECLI/2.9.1
    method: GET
    uri: https://management.azure.com/subscriptions/00000000-0000-0000-0000-000000000000/providers/Microsoft.Resources/deployments/mock-deployment/operationStatuses/08586062603326318215?api-version=2020-06-01
  response:
    body:
      string: '{"status":"Succeeded"}'
    headers:
      cache-control:
      - no-cache
      content-length:
      - '22'
      content-type:
      - application/json; charset=utf-8
      date:
      - Tue, 21 Jul 2020 15:50:15 GMT
      expires:
      - '-1'
      pragma:
      - no-cache
      strict-transport-security:
      - max-age=31536000; includeSubDomains
      vary:
      - Accept-Encoding
      x-content-type-options:
      - nosniff
    status:
      code: 200
      message: OK
- request:
    body: null
    headers:
      Accept:
      - application/json
      Accept-Encoding:
      - gzip, deflate
      CommandName:
      - deployment create
      Connection:
      - keep-alive
      ParameterSetName:
      - -n --location --template-file --parameters
      User-Agent:
      - python/3.8.3 (Windows-10-10.0.19041-SP0) msrest/0.6.9 msrest_azure/0.6.3 azure-mgmt-resource/10.1.0
        Azure-SDK-For-Python AZURECLI/2.9.1
    method: GET
    uri: https://management.azure.com/subscriptions/00000000-0000-0000-0000-000000000000/providers/Microsoft.Resources/deployments/mock-deployment?api-version=2020-06-01
  response:
    body:
      string: '{"id":"/subscriptions/00000000-0000-0000-0000-000000000000/providers/Microsoft.Resources/deployments/azure-cli-subscription_level_deployment000001","name":"azure-cli-subscription_level_deployment000001","type":"Microsoft.Resources/deployments","location":"westus","properties":{"templateHash":"13231341667663423384","parameters":{"storageAccountName":{"type":"String","value":"armbuilddemo18221"},"nestedRGName":{"type":"String","value":"cli_test_subscription_level_deployment"}},"mode":"Incremental","provisioningState":"Succeeded","timestamp":"2020-07-21T15:49:51.2587133Z","duration":"PT38.4129116S","correlationId":"2dbbe394-6e67-4cdd-aceb-3a218cf05c3a","providers":[{"namespace":"Microsoft.Authorization","resourceTypes":[{"resourceType":"policyDefinitions","locations":[null]},{"resourceType":"policyAssignments","locations":[null]}]},{"namespace":"Microsoft.Resources","resourceTypes":[{"resourceType":"resourceGroups","locations":["westus"]},{"resourceType":"deployments","locations":[null]}]}],"dependencies":[{"dependsOn":[{"id":"/subscriptions/00000000-0000-0000-0000-000000000000/providers/Microsoft.Authorization/policyDefinitions/policy2","resourceType":"Microsoft.Authorization/policyDefinitions","resourceName":"policy2"}],"id":"/subscriptions/00000000-0000-0000-0000-000000000000/providers/Microsoft.Authorization/policyAssignments/location-lock","resourceType":"Microsoft.Authorization/policyAssignments","resourceName":"location-lock"},{"dependsOn":[{"id":"/subscriptions/00000000-0000-0000-0000-000000000000/resourceGroups/cli_test_subscription_level_deployment","resourceType":"Microsoft.Resources/resourceGroups","resourceName":"cli_test_subscription_level_deployment"}],"id":"/subscriptions/00000000-0000-0000-0000-000000000000/resourceGroups/cli_test_subscription_level_deployment/providers/Microsoft.Resources/deployments/rg-nested6","resourceType":"Microsoft.Resources/deployments","resourceName":"rg-nested6"}],"outputResources":[{"id":"/subscriptions/00000000-0000-0000-0000-000000000000/providers/Microsoft.Authorization/policyAssignments/location-lock"},{"id":"/subscriptions/00000000-0000-0000-0000-000000000000/providers/Microsoft.Authorization/policyDefinitions/policy2"},{"id":"/subscriptions/00000000-0000-0000-0000-000000000000/resourceGroups/cli_test_subscription_level_deployment"},{"id":"/subscriptions/00000000-0000-0000-0000-000000000000/resourceGroups/cli_test_subscription_level_deployment/providers/Microsoft.Storage/storageAccounts/armbuilddemo18221"}]}}'
    headers:
      cache-control:
      - no-cache
      content-length:
      - '2529'
      content-type:
      - application/json; charset=utf-8
      date:
      - Tue, 21 Jul 2020 15:50:15 GMT
      expires:
      - '-1'
      pragma:
      - no-cache
      strict-transport-security:
      - max-age=31536000; includeSubDomains
      vary:
      - Accept-Encoding
      x-content-type-options:
      - nosniff
    status:
      code: 200
      message: OK
- request:
    body: null
    headers:
      Accept:
      - application/json
      Accept-Encoding:
      - gzip, deflate
      CommandName:
      - deployment list
      Connection:
      - keep-alive
      User-Agent:
      - python/3.8.3 (Windows-10-10.0.19041-SP0) msrest/0.6.9 msrest_azure/0.6.3 azure-mgmt-resource/10.1.0
        Azure-SDK-For-Python AZURECLI/2.9.1
      accept-language:
      - en-US
    method: GET
    uri: https://management.azure.com/subscriptions/00000000-0000-0000-0000-000000000000/providers/Microsoft.Resources/deployments/?api-version=2020-06-01
  response:
    body:
      string: '{"value":[{"id":"/subscriptions/00000000-0000-0000-0000-000000000000/providers/Microsoft.Resources/deployments/azure-cli-subscription_level_deploymentznrfumi3q6gahrz3tweqw","name":"azure-cli-subscription_level_deploymentznrfumi3q6gahrz3tweqw","type":"Microsoft.Resources/deployments","location":"westus","properties":{"templateHash":"13231341667663423384","parameters":{"storageAccountName":{"type":"String","value":"armbuilddemo18221"},"nestedRGName":{"type":"String","value":"cli_test_subscription_level_deployment"}},"mode":"Incremental","provisioningState":"Succeeded","timestamp":"2020-07-21T15:49:51.5195256Z","duration":"PT38.378352S","correlationId":"5b126f7a-5640-46ae-ad52-6bba8c0c228c","providers":[{"namespace":"Microsoft.Authorization","resourceTypes":[{"resourceType":"policyDefinitions","locations":[null]},{"resourceType":"policyAssignments","locations":[null]}]},{"namespace":"Microsoft.Resources","resourceTypes":[{"resourceType":"resourceGroups","locations":["westus"]},{"resourceType":"deployments","locations":[null]}]}],"dependencies":[{"dependsOn":[{"id":"/subscriptions/00000000-0000-0000-0000-000000000000/providers/Microsoft.Authorization/policyDefinitions/policy2","resourceType":"Microsoft.Authorization/policyDefinitions","resourceName":"policy2"}],"id":"/subscriptions/00000000-0000-0000-0000-000000000000/providers/Microsoft.Authorization/policyAssignments/location-lock","resourceType":"Microsoft.Authorization/policyAssignments","resourceName":"location-lock"},{"dependsOn":[{"id":"/subscriptions/00000000-0000-0000-0000-000000000000/resourceGroups/cli_test_subscription_level_deployment","resourceType":"Microsoft.Resources/resourceGroups","resourceName":"cli_test_subscription_level_deployment"}],"id":"/subscriptions/00000000-0000-0000-0000-000000000000/resourceGroups/cli_test_subscription_level_deployment/providers/Microsoft.Resources/deployments/rg-nested6","resourceType":"Microsoft.Resources/deployments","resourceName":"rg-nested6"}],"outputResources":[{"id":"/subscriptions/00000000-0000-0000-0000-000000000000/providers/Microsoft.Authorization/policyAssignments/location-lock"},{"id":"/subscriptions/00000000-0000-0000-0000-000000000000/providers/Microsoft.Authorization/policyDefinitions/policy2"},{"id":"/subscriptions/00000000-0000-0000-0000-000000000000/resourceGroups/cli_test_subscription_level_deployment"},{"id":"/subscriptions/00000000-0000-0000-0000-000000000000/resourceGroups/cli_test_subscription_level_deployment/providers/Microsoft.Storage/storageAccounts/armbuilddemo18221"}]}},{"id":"/subscriptions/00000000-0000-0000-0000-000000000000/providers/Microsoft.Resources/deployments/azure-cli-subscription_level_deployment000001","name":"azure-cli-subscription_level_deployment000001","type":"Microsoft.Resources/deployments","location":"westus","properties":{"templateHash":"13231341667663423384","parameters":{"storageAccountName":{"type":"String","value":"armbuilddemo18221"},"nestedRGName":{"type":"String","value":"cli_test_subscription_level_deployment"}},"mode":"Incremental","provisioningState":"Succeeded","timestamp":"2020-07-21T15:49:51.2587133Z","duration":"PT38.4129116S","correlationId":"2dbbe394-6e67-4cdd-aceb-3a218cf05c3a","providers":[{"namespace":"Microsoft.Authorization","resourceTypes":[{"resourceType":"policyDefinitions","locations":[null]},{"resourceType":"policyAssignments","locations":[null]}]},{"namespace":"Microsoft.Resources","resourceTypes":[{"resourceType":"resourceGroups","locations":["westus"]},{"resourceType":"deployments","locations":[null]}]}],"dependencies":[{"dependsOn":[{"id":"/subscriptions/00000000-0000-0000-0000-000000000000/providers/Microsoft.Authorization/policyDefinitions/policy2","resourceType":"Microsoft.Authorization/policyDefinitions","resourceName":"policy2"}],"id":"/subscriptions/00000000-0000-0000-0000-000000000000/providers/Microsoft.Authorization/policyAssignments/location-lock","resourceType":"Microsoft.Authorization/policyAssignments","resourceName":"location-lock"},{"dependsOn":[{"id":"/subscriptions/00000000-0000-0000-0000-000000000000/resourceGroups/cli_test_subscription_level_deployment","resourceType":"Microsoft.Resources/resourceGroups","resourceName":"cli_test_subscription_level_deployment"}],"id":"/subscriptions/00000000-0000-0000-0000-000000000000/resourceGroups/cli_test_subscription_level_deployment/providers/Microsoft.Resources/deployments/rg-nested6","resourceType":"Microsoft.Resources/deployments","resourceName":"rg-nested6"}],"outputResources":[{"id":"/subscriptions/00000000-0000-0000-0000-000000000000/providers/Microsoft.Authorization/policyAssignments/location-lock"},{"id":"/subscriptions/00000000-0000-0000-0000-000000000000/providers/Microsoft.Authorization/policyDefinitions/policy2"},{"id":"/subscriptions/00000000-0000-0000-0000-000000000000/resourceGroups/cli_test_subscription_level_deployment"},{"id":"/subscriptions/00000000-0000-0000-0000-000000000000/resourceGroups/cli_test_subscription_level_deployment/providers/Microsoft.Storage/storageAccounts/armbuilddemo18221"}]}},{"id":"/subscriptions/00000000-0000-0000-0000-000000000000/providers/Microsoft.Resources/deployments/azure-cli-subscription_level_deploymentvluvtel6dflomv4d636x6","name":"azure-cli-subscription_level_deploymentvluvtel6dflomv4d636x6","type":"Microsoft.Resources/deployments","location":"westus","properties":{"templateHash":"13231341667663423384","parameters":{"storageAccountName":{"type":"String","value":"armbuilddemo18221"},"nestedRGName":{"type":"String","value":"cli_test_subscription_level_deployment"}},"mode":"Incremental","provisioningState":"Succeeded","timestamp":"2020-07-21T15:41:02.6483161Z","duration":"PT42.7154755S","correlationId":"df28c0df-f105-4ef6-b809-c71a6e2b67a5","providers":[{"namespace":"Microsoft.Authorization","resourceTypes":[{"resourceType":"policyDefinitions","locations":[null]},{"resourceType":"policyAssignments","locations":[null]}]},{"namespace":"Microsoft.Resources","resourceTypes":[{"resourceType":"resourceGroups","locations":["westus"]},{"resourceType":"deployments","locations":[null]}]}],"dependencies":[{"dependsOn":[{"id":"/subscriptions/00000000-0000-0000-0000-000000000000/providers/Microsoft.Authorization/policyDefinitions/policy2","resourceType":"Microsoft.Authorization/policyDefinitions","resourceName":"policy2"}],"id":"/subscriptions/00000000-0000-0000-0000-000000000000/providers/Microsoft.Authorization/policyAssignments/location-lock","resourceType":"Microsoft.Authorization/policyAssignments","resourceName":"location-lock"},{"dependsOn":[{"id":"/subscriptions/00000000-0000-0000-0000-000000000000/resourceGroups/cli_test_subscription_level_deployment","resourceType":"Microsoft.Resources/resourceGroups","resourceName":"cli_test_subscription_level_deployment"}],"id":"/subscriptions/00000000-0000-0000-0000-000000000000/resourceGroups/cli_test_subscription_level_deployment/providers/Microsoft.Resources/deployments/rg-nested6","resourceType":"Microsoft.Resources/deployments","resourceName":"rg-nested6"}],"outputResources":[{"id":"/subscriptions/00000000-0000-0000-0000-000000000000/providers/Microsoft.Authorization/policyAssignments/location-lock"},{"id":"/subscriptions/00000000-0000-0000-0000-000000000000/providers/Microsoft.Authorization/policyDefinitions/policy2"},{"id":"/subscriptions/00000000-0000-0000-0000-000000000000/resourceGroups/cli_test_subscription_level_deployment"},{"id":"/subscriptions/00000000-0000-0000-0000-000000000000/resourceGroups/cli_test_subscription_level_deployment/providers/Microsoft.Storage/storageAccounts/armbuilddemo18221"}]}},{"id":"/subscriptions/00000000-0000-0000-0000-000000000000/providers/Microsoft.Resources/deployments/azure-cli-subscription_level_deploymentinepxvhgkpvdzicece3za","name":"azure-cli-subscription_level_deploymentinepxvhgkpvdzicece3za","type":"Microsoft.Resources/deployments","location":"westus","properties":{"templateHash":"13231341667663423384","parameters":{"storageAccountName":{"type":"String","value":"armbuilddemo18221"},"nestedRGName":{"type":"String","value":"cli_test_subscription_level_deployment"}},"mode":"Incremental","provisioningState":"Failed","timestamp":"2020-07-21T15:39:45.1241682Z","duration":"PT2.9445674S","correlationId":"2f72fda7-f9c1-4c8e-921b-368cbd49bdd4","providers":[{"namespace":"Microsoft.Authorization","resourceTypes":[{"resourceType":"policyDefinitions","locations":[null]},{"resourceType":"policyAssignments","locations":[null]}]},{"namespace":"Microsoft.Resources","resourceTypes":[{"resourceType":"resourceGroups","locations":["westus"]},{"resourceType":"deployments","locations":[null]}]}],"dependencies":[{"dependsOn":[{"id":"/subscriptions/00000000-0000-0000-0000-000000000000/providers/Microsoft.Authorization/policyDefinitions/policy2","resourceType":"Microsoft.Authorization/policyDefinitions","resourceName":"policy2"}],"id":"/subscriptions/00000000-0000-0000-0000-000000000000/providers/Microsoft.Authorization/policyAssignments/location-lock","resourceType":"Microsoft.Authorization/policyAssignments","resourceName":"location-lock"},{"dependsOn":[{"id":"/subscriptions/00000000-0000-0000-0000-000000000000/resourceGroups/cli_test_subscription_level_deployment","resourceType":"Microsoft.Resources/resourceGroups","resourceName":"cli_test_subscription_level_deployment"}],"id":"/subscriptions/00000000-0000-0000-0000-000000000000/resourceGroups/cli_test_subscription_level_deployment/providers/Microsoft.Resources/deployments/rg-nested6","resourceType":"Microsoft.Resources/deployments","resourceName":"rg-nested6"}],"error":{"code":"DeploymentFailed","message":"At
        least one resource deployment operation failed. Please list deployment operations
        for details. Please see https://aka.ms/DeployOperations for usage details.","details":[{"code":"ResourceGroupBeingDeleted","message":"The
        resource group ''cli_test_subscription_level_deployment'' is in deprovisioning
        state and cannot perform this operation."}]}}},{"id":"/subscriptions/00000000-0000-0000-0000-000000000000/providers/Microsoft.Resources/deployments/azure-cli-subscription_level_deploymentuetejko72ironkpvhc4xn","name":"azure-cli-subscription_level_deploymentuetejko72ironkpvhc4xn","type":"Microsoft.Resources/deployments","location":"westus","properties":{"templateHash":"13231341667663423384","parameters":{"storageAccountName":{"type":"String","value":"armbuilddemo18221"},"nestedRGName":{"type":"String","value":"cli_test_subscription_level_deployment"}},"mode":"Incremental","provisioningState":"Failed","timestamp":"2020-07-21T15:39:04.507024Z","duration":"PT55.827642S","correlationId":"6b37fff7-ae15-40b1-83e3-084954fa2fcb","providers":[{"namespace":"Microsoft.Authorization","resourceTypes":[{"resourceType":"policyDefinitions","locations":[null]},{"resourceType":"policyAssignments","locations":[null]}]},{"namespace":"Microsoft.Resources","resourceTypes":[{"resourceType":"resourceGroups","locations":["westus"]},{"resourceType":"deployments","locations":[null]}]}],"dependencies":[{"dependsOn":[{"id":"/subscriptions/00000000-0000-0000-0000-000000000000/providers/Microsoft.Authorization/policyDefinitions/policy2","resourceType":"Microsoft.Authorization/policyDefinitions","resourceName":"policy2"}],"id":"/subscriptions/00000000-0000-0000-0000-000000000000/providers/Microsoft.Authorization/policyAssignments/location-lock","resourceType":"Microsoft.Authorization/policyAssignments","resourceName":"location-lock"},{"dependsOn":[{"id":"/subscriptions/00000000-0000-0000-0000-000000000000/resourceGroups/cli_test_subscription_level_deployment","resourceType":"Microsoft.Resources/resourceGroups","resourceName":"cli_test_subscription_level_deployment"}],"id":"/subscriptions/00000000-0000-0000-0000-000000000000/resourceGroups/cli_test_subscription_level_deployment/providers/Microsoft.Resources/deployments/rg-nested6","resourceType":"Microsoft.Resources/deployments","resourceName":"rg-nested6"}],"error":{"code":"DeploymentFailed","message":"At
        least one resource deployment operation failed. Please list deployment operations
        for details. Please see https://aka.ms/DeployOperations for usage details.","details":[{"code":"Conflict","message":"{\r\n  \"status\":
        \"Canceled\",\r\n  \"error\": {\r\n    \"code\": \"ResourceDeploymentFailure\",\r\n    \"message\":
        \"The resource operation completed with terminal provisioning state ''Canceled''.\"\r\n  }\r\n}"}]}}},{"id":"/subscriptions/00000000-0000-0000-0000-000000000000/providers/Microsoft.Resources/deployments/azure-cli-subscription_level_deploymenthni5kluzjmdbgshgg2oyu","name":"azure-cli-subscription_level_deploymenthni5kluzjmdbgshgg2oyu","type":"Microsoft.Resources/deployments","location":"westus","properties":{"templateHash":"13231341667663423384","parameters":{"storageAccountName":{"type":"String","value":"armbuilddemo18221"},"nestedRGName":{"type":"String","value":"cli_test_subscription_level_deployment"}},"mode":"Incremental","provisioningState":"Succeeded","timestamp":"2020-07-21T15:32:53.2094629Z","duration":"PT8.4312862S","correlationId":"291f424c-9943-4ed4-a5c6-c43ec1ea8441","providers":[{"namespace":"Microsoft.Authorization","resourceTypes":[{"resourceType":"policyDefinitions","locations":[null]},{"resourceType":"policyAssignments","locations":[null]}]},{"namespace":"Microsoft.Resources","resourceTypes":[{"resourceType":"resourceGroups","locations":["westus"]},{"resourceType":"deployments","locations":[null]}]}],"dependencies":[{"dependsOn":[{"id":"/subscriptions/00000000-0000-0000-0000-000000000000/providers/Microsoft.Authorization/policyDefinitions/policy2","resourceType":"Microsoft.Authorization/policyDefinitions","resourceName":"policy2"}],"id":"/subscriptions/00000000-0000-0000-0000-000000000000/providers/Microsoft.Authorization/policyAssignments/location-lock","resourceType":"Microsoft.Authorization/policyAssignments","resourceName":"location-lock"},{"dependsOn":[{"id":"/subscriptions/00000000-0000-0000-0000-000000000000/resourceGroups/cli_test_subscription_level_deployment","resourceType":"Microsoft.Resources/resourceGroups","resourceName":"cli_test_subscription_level_deployment"}],"id":"/subscriptions/00000000-0000-0000-0000-000000000000/resourceGroups/cli_test_subscription_level_deployment/providers/Microsoft.Resources/deployments/rg-nested6","resourceType":"Microsoft.Resources/deployments","resourceName":"rg-nested6"}],"outputResources":[{"id":"/subscriptions/00000000-0000-0000-0000-000000000000/providers/Microsoft.Authorization/policyAssignments/location-lock"},{"id":"/subscriptions/00000000-0000-0000-0000-000000000000/providers/Microsoft.Authorization/policyDefinitions/policy2"},{"id":"/subscriptions/00000000-0000-0000-0000-000000000000/resourceGroups/cli_test_subscription_level_deployment"},{"id":"/subscriptions/00000000-0000-0000-0000-000000000000/resourceGroups/cli_test_subscription_level_deployment/providers/Microsoft.Storage/storageAccounts/armbuilddemo18221"}]}},{"id":"/subscriptions/00000000-0000-0000-0000-000000000000/providers/Microsoft.Resources/deployments/azure-cli-subscription_level_deploymentw5u735hjd4uq45tobzpbs","name":"azure-cli-subscription_level_deploymentw5u735hjd4uq45tobzpbs","type":"Microsoft.Resources/deployments","location":"westus","properties":{"templateHash":"13231341667663423384","parameters":{"storageAccountName":{"type":"String","value":"armbuilddemo18221"},"nestedRGName":{"type":"String","value":"cli_test_subscription_level_deployment"}},"mode":"Incremental","provisioningState":"Succeeded","timestamp":"2020-07-21T15:21:58.9297435Z","duration":"PT43.3097083S","correlationId":"c943a2e9-272d-42a3-85e6-3b6820b362d2","providers":[{"namespace":"Microsoft.Authorization","resourceTypes":[{"resourceType":"policyDefinitions","locations":[null]},{"resourceType":"policyAssignments","locations":[null]}]},{"namespace":"Microsoft.Resources","resourceTypes":[{"resourceType":"resourceGroups","locations":["westus"]},{"resourceType":"deployments","locations":[null]}]}],"dependencies":[{"dependsOn":[{"id":"/subscriptions/00000000-0000-0000-0000-000000000000/providers/Microsoft.Authorization/policyDefinitions/policy2","resourceType":"Microsoft.Authorization/policyDefinitions","resourceName":"policy2"}],"id":"/subscriptions/00000000-0000-0000-0000-000000000000/providers/Microsoft.Authorization/policyAssignments/location-lock","resourceType":"Microsoft.Authorization/policyAssignments","resourceName":"location-lock"},{"dependsOn":[{"id":"/subscriptions/00000000-0000-0000-0000-000000000000/resourceGroups/cli_test_subscription_level_deployment","resourceType":"Microsoft.Resources/resourceGroups","resourceName":"cli_test_subscription_level_deployment"}],"id":"/subscriptions/00000000-0000-0000-0000-000000000000/resourceGroups/cli_test_subscription_level_deployment/providers/Microsoft.Resources/deployments/rg-nested6","resourceType":"Microsoft.Resources/deployments","resourceName":"rg-nested6"}],"outputResources":[{"id":"/subscriptions/00000000-0000-0000-0000-000000000000/providers/Microsoft.Authorization/policyAssignments/location-lock"},{"id":"/subscriptions/00000000-0000-0000-0000-000000000000/providers/Microsoft.Authorization/policyDefinitions/policy2"},{"id":"/subscriptions/00000000-0000-0000-0000-000000000000/resourceGroups/cli_test_subscription_level_deployment"},{"id":"/subscriptions/00000000-0000-0000-0000-000000000000/resourceGroups/cli_test_subscription_level_deployment/providers/Microsoft.Storage/storageAccounts/armbuilddemo18221"}]}},{"id":"/subscriptions/00000000-0000-0000-0000-000000000000/providers/Microsoft.Resources/deployments/azure-cli-subscription_level_deploymentdblragorjolwegpm7u7tn","name":"azure-cli-subscription_level_deploymentdblragorjolwegpm7u7tn","type":"Microsoft.Resources/deployments","location":"westus","properties":{"templateHash":"13231341667663423384","parameters":{"storageAccountName":{"type":"String","value":"armbuilddemo18221"},"nestedRGName":{"type":"String","value":"cli_test_subscription_level_deployment"}},"mode":"Incremental","provisioningState":"Failed","timestamp":"2020-07-21T15:05:38.118049Z","duration":"PT35.6462793S","correlationId":"738da408-5c29-416d-bd70-dde5d11be095","providers":[{"namespace":"Microsoft.Authorization","resourceTypes":[{"resourceType":"policyDefinitions","locations":[null]},{"resourceType":"policyAssignments","locations":[null]}]},{"namespace":"Microsoft.Resources","resourceTypes":[{"resourceType":"resourceGroups","locations":["westus"]},{"resourceType":"deployments","locations":[null]}]}],"dependencies":[{"dependsOn":[{"id":"/subscriptions/00000000-0000-0000-0000-000000000000/providers/Microsoft.Authorization/policyDefinitions/policy2","resourceType":"Microsoft.Authorization/policyDefinitions","resourceName":"policy2"}],"id":"/subscriptions/00000000-0000-0000-0000-000000000000/providers/Microsoft.Authorization/policyAssignments/location-lock","resourceType":"Microsoft.Authorization/policyAssignments","resourceName":"location-lock"},{"dependsOn":[{"id":"/subscriptions/00000000-0000-0000-0000-000000000000/resourceGroups/cli_test_subscription_level_deployment","resourceType":"Microsoft.Resources/resourceGroups","resourceName":"cli_test_subscription_level_deployment"}],"id":"/subscriptions/00000000-0000-0000-0000-000000000000/resourceGroups/cli_test_subscription_level_deployment/providers/Microsoft.Resources/deployments/rg-nested6","resourceType":"Microsoft.Resources/deployments","resourceName":"rg-nested6"}],"error":{"code":"DeploymentFailed","message":"At
        least one resource deployment operation failed. Please list deployment operations
        for details. Please see https://aka.ms/DeployOperations for usage details.","details":[{"code":"Conflict","message":"{\r\n  \"status\":
        \"Canceled\",\r\n  \"error\": {\r\n    \"code\": \"ResourceDeploymentFailure\",\r\n    \"message\":
        \"The resource operation completed with terminal provisioning state ''Canceled''.\"\r\n  }\r\n}"}]}}},{"id":"/subscriptions/00000000-0000-0000-0000-000000000000/providers/Microsoft.Resources/deployments/azure-cli-subscription_level_deployment5hnq7wak3nhxmytdr7hbh","name":"azure-cli-subscription_level_deployment5hnq7wak3nhxmytdr7hbh","type":"Microsoft.Resources/deployments","location":"westus","properties":{"templateHash":"13231341667663423384","parameters":{"storageAccountName":{"type":"String","value":"armbuilddemo18221"},"nestedRGName":{"type":"String","value":"cli_test_subscription_level_deployment"}},"mode":"Incremental","provisioningState":"Failed","timestamp":"2020-07-21T15:02:58.8248396Z","duration":"PT9.5027873S","correlationId":"8d8d1490-e103-4289-bc31-febcb1d86796","providers":[{"namespace":"Microsoft.Authorization","resourceTypes":[{"resourceType":"policyDefinitions","locations":[null]},{"resourceType":"policyAssignments","locations":[null]}]},{"namespace":"Microsoft.Resources","resourceTypes":[{"resourceType":"resourceGroups","locations":["westus"]},{"resourceType":"deployments","locations":[null]}]}],"dependencies":[{"dependsOn":[{"id":"/subscriptions/00000000-0000-0000-0000-000000000000/providers/Microsoft.Authorization/policyDefinitions/policy2","resourceType":"Microsoft.Authorization/policyDefinitions","resourceName":"policy2"}],"id":"/subscriptions/00000000-0000-0000-0000-000000000000/providers/Microsoft.Authorization/policyAssignments/location-lock","resourceType":"Microsoft.Authorization/policyAssignments","resourceName":"location-lock"},{"dependsOn":[{"id":"/subscriptions/00000000-0000-0000-0000-000000000000/resourceGroups/cli_test_subscription_level_deployment","resourceType":"Microsoft.Resources/resourceGroups","resourceName":"cli_test_subscription_level_deployment"}],"id":"/subscriptions/00000000-0000-0000-0000-000000000000/resourceGroups/cli_test_subscription_level_deployment/providers/Microsoft.Resources/deployments/rg-nested6","resourceType":"Microsoft.Resources/deployments","resourceName":"rg-nested6"}],"error":{"code":"DeploymentFailed","message":"At
        least one resource deployment operation failed. Please list deployment operations
        for details. Please see https://aka.ms/DeployOperations for usage details.","details":[{"code":"DeploymentFailed","message":"At
        least one resource deployment operation failed. Please list deployment operations
        for details. Please see https://aka.ms/DeployOperations for usage details."}]}}},{"id":"/subscriptions/00000000-0000-0000-0000-000000000000/providers/Microsoft.Resources/deployments/azure-cli-subscription_level_deploymentymvje2t2z7hywg6tkgkgu","name":"azure-cli-subscription_level_deploymentymvje2t2z7hywg6tkgkgu","type":"Microsoft.Resources/deployments","location":"westus","properties":{"templateHash":"13231341667663423384","parameters":{"storageAccountName":{"type":"String","value":"armbuilddemo18221"},"nestedRGName":{"type":"String","value":"cli_test_subscription_level_deployment"}},"mode":"Incremental","provisioningState":"Failed","timestamp":"2020-07-21T14:57:05.8387239Z","duration":"PT10.6626594S","correlationId":"1d482401-6b27-4063-b136-09a9e4c06990","providers":[{"namespace":"Microsoft.Authorization","resourceTypes":[{"resourceType":"policyDefinitions","locations":[null]},{"resourceType":"policyAssignments","locations":[null]}]},{"namespace":"Microsoft.Resources","resourceTypes":[{"resourceType":"resourceGroups","locations":["westus"]},{"resourceType":"deployments","locations":[null]}]}],"dependencies":[{"dependsOn":[{"id":"/subscriptions/00000000-0000-0000-0000-000000000000/providers/Microsoft.Authorization/policyDefinitions/policy2","resourceType":"Microsoft.Authorization/policyDefinitions","resourceName":"policy2"}],"id":"/subscriptions/00000000-0000-0000-0000-000000000000/providers/Microsoft.Authorization/policyAssignments/location-lock","resourceType":"Microsoft.Authorization/policyAssignments","resourceName":"location-lock"},{"dependsOn":[{"id":"/subscriptions/00000000-0000-0000-0000-000000000000/resourceGroups/cli_test_subscription_level_deployment","resourceType":"Microsoft.Resources/resourceGroups","resourceName":"cli_test_subscription_level_deployment"}],"id":"/subscriptions/00000000-0000-0000-0000-000000000000/resourceGroups/cli_test_subscription_level_deployment/providers/Microsoft.Resources/deployments/rg-nested6","resourceType":"Microsoft.Resources/deployments","resourceName":"rg-nested6"}],"error":{"code":"DeploymentFailed","message":"At
        least one resource deployment operation failed. Please list deployment operations
        for details. Please see https://aka.ms/DeployOperations for usage details.","details":[{"code":"DeploymentFailed","message":"At
        least one resource deployment operation failed. Please list deployment operations
        for details. Please see https://aka.ms/DeployOperations for usage details."}]}}},{"id":"/subscriptions/00000000-0000-0000-0000-000000000000/providers/Microsoft.Resources/deployments/azure-cli-subscription_level_deploymentxpcbe4pfxekio4rcaahd2","name":"azure-cli-subscription_level_deploymentxpcbe4pfxekio4rcaahd2","type":"Microsoft.Resources/deployments","location":"westus","properties":{"templateHash":"13231341667663423384","parameters":{"storageAccountName":{"type":"String","value":"armbuilddemo18221"},"nestedRGName":{"type":"String","value":"cli_test_subscription_level_deployment"}},"mode":"Incremental","provisioningState":"Succeeded","timestamp":"2020-07-21T14:53:36.8298174Z","duration":"PT35.3314341S","correlationId":"d7cc0947-e196-4861-9a15-2315c3e63613","providers":[{"namespace":"Microsoft.Authorization","resourceTypes":[{"resourceType":"policyDefinitions","locations":[null]},{"resourceType":"policyAssignments","locations":[null]}]},{"namespace":"Microsoft.Resources","resourceTypes":[{"resourceType":"resourceGroups","locations":["westus"]},{"resourceType":"deployments","locations":[null]}]}],"dependencies":[{"dependsOn":[{"id":"/subscriptions/00000000-0000-0000-0000-000000000000/providers/Microsoft.Authorization/policyDefinitions/policy2","resourceType":"Microsoft.Authorization/policyDefinitions","resourceName":"policy2"}],"id":"/subscriptions/00000000-0000-0000-0000-000000000000/providers/Microsoft.Authorization/policyAssignments/location-lock","resourceType":"Microsoft.Authorization/policyAssignments","resourceName":"location-lock"},{"dependsOn":[{"id":"/subscriptions/00000000-0000-0000-0000-000000000000/resourceGroups/cli_test_subscription_level_deployment","resourceType":"Microsoft.Resources/resourceGroups","resourceName":"cli_test_subscription_level_deployment"}],"id":"/subscriptions/00000000-0000-0000-0000-000000000000/resourceGroups/cli_test_subscription_level_deployment/providers/Microsoft.Resources/deployments/rg-nested6","resourceType":"Microsoft.Resources/deployments","resourceName":"rg-nested6"}],"outputResources":[{"id":"/subscriptions/00000000-0000-0000-0000-000000000000/providers/Microsoft.Authorization/policyAssignments/location-lock"},{"id":"/subscriptions/00000000-0000-0000-0000-000000000000/providers/Microsoft.Authorization/policyDefinitions/policy2"},{"id":"/subscriptions/00000000-0000-0000-0000-000000000000/resourceGroups/cli_test_subscription_level_deployment"},{"id":"/subscriptions/00000000-0000-0000-0000-000000000000/resourceGroups/cli_test_subscription_level_deployment/providers/Microsoft.Storage/storageAccounts/armbuilddemo18221"}]}},{"id":"/subscriptions/00000000-0000-0000-0000-000000000000/providers/Microsoft.Resources/deployments/azure-cli-subscription_level_deploymentrvujhg7xq7c4bjnaxinfs","name":"azure-cli-subscription_level_deploymentrvujhg7xq7c4bjnaxinfs","type":"Microsoft.Resources/deployments","location":"westus","properties":{"templateHash":"13231341667663423384","parameters":{"storageAccountName":{"type":"String","value":"armbuilddemo18221"},"nestedRGName":{"type":"String","value":"cli_test_subscription_level_deployment"}},"mode":"Incremental","provisioningState":"Failed","timestamp":"2020-07-21T14:19:06.013035Z","duration":"PT5.7173053S","correlationId":"5256abb8-9e06-42c1-bc8c-f56b06477290","providers":[{"namespace":"Microsoft.Authorization","resourceTypes":[{"resourceType":"policyDefinitions","locations":[null]},{"resourceType":"policyAssignments","locations":[null]}]},{"namespace":"Microsoft.Resources","resourceTypes":[{"resourceType":"resourceGroups","locations":["westus"]},{"resourceType":"deployments","locations":[null]}]}],"dependencies":[{"dependsOn":[{"id":"/subscriptions/00000000-0000-0000-0000-000000000000/providers/Microsoft.Authorization/policyDefinitions/policy2","resourceType":"Microsoft.Authorization/policyDefinitions","resourceName":"policy2"}],"id":"/subscriptions/00000000-0000-0000-0000-000000000000/providers/Microsoft.Authorization/policyAssignments/location-lock","resourceType":"Microsoft.Authorization/policyAssignments","resourceName":"location-lock"},{"dependsOn":[{"id":"/subscriptions/00000000-0000-0000-0000-000000000000/resourceGroups/cli_test_subscription_level_deployment","resourceType":"Microsoft.Resources/resourceGroups","resourceName":"cli_test_subscription_level_deployment"}],"id":"/subscriptions/00000000-0000-0000-0000-000000000000/resourceGroups/cli_test_subscription_level_deployment/providers/Microsoft.Resources/deployments/rg-nested6","resourceType":"Microsoft.Resources/deployments","resourceName":"rg-nested6"}],"error":{"code":"DeploymentFailed","message":"At
        least one resource deployment operation failed. Please list deployment operations
        for details. Please see https://aka.ms/DeployOperations for usage details.","details":[{"code":"ResourceGroupBeingDeleted","message":"The
        resource group ''cli_test_subscription_level_deployment'' is in deprovisioning
        state and cannot perform this operation."}]}}},{"id":"/subscriptions/00000000-0000-0000-0000-000000000000/providers/Microsoft.Resources/deployments/azure-cli-subscription_level_deploymenttuhe456pr66lfqgacrnrz","name":"azure-cli-subscription_level_deploymenttuhe456pr66lfqgacrnrz","type":"Microsoft.Resources/deployments","location":"westus","properties":{"templateHash":"13231341667663423384","parameters":{"storageAccountName":{"type":"String","value":"armbuilddemo18221"},"nestedRGName":{"type":"String","value":"cli_test_subscription_level_deployment"}},"mode":"Incremental","provisioningState":"Succeeded","timestamp":"2020-07-21T11:52:26.2827145Z","duration":"PT30.9313532S","correlationId":"67e5ed27-36aa-459c-a51e-dfc09034cd2a","providers":[{"namespace":"Microsoft.Authorization","resourceTypes":[{"resourceType":"policyDefinitions","locations":[null]},{"resourceType":"policyAssignments","locations":[null]}]},{"namespace":"Microsoft.Resources","resourceTypes":[{"resourceType":"resourceGroups","locations":["westus"]},{"resourceType":"deployments","locations":[null]}]}],"dependencies":[{"dependsOn":[{"id":"/subscriptions/00000000-0000-0000-0000-000000000000/providers/Microsoft.Authorization/policyDefinitions/policy2","resourceType":"Microsoft.Authorization/policyDefinitions","resourceName":"policy2"}],"id":"/subscriptions/00000000-0000-0000-0000-000000000000/providers/Microsoft.Authorization/policyAssignments/location-lock","resourceType":"Microsoft.Authorization/policyAssignments","resourceName":"location-lock"},{"dependsOn":[{"id":"/subscriptions/00000000-0000-0000-0000-000000000000/resourceGroups/cli_test_subscription_level_deployment","resourceType":"Microsoft.Resources/resourceGroups","resourceName":"cli_test_subscription_level_deployment"}],"id":"/subscriptions/00000000-0000-0000-0000-000000000000/resourceGroups/cli_test_subscription_level_deployment/providers/Microsoft.Resources/deployments/rg-nested6","resourceType":"Microsoft.Resources/deployments","resourceName":"rg-nested6"}],"outputResources":[{"id":"/subscriptions/00000000-0000-0000-0000-000000000000/providers/Microsoft.Authorization/policyAssignments/location-lock"},{"id":"/subscriptions/00000000-0000-0000-0000-000000000000/providers/Microsoft.Authorization/policyDefinitions/policy2"},{"id":"/subscriptions/00000000-0000-0000-0000-000000000000/resourceGroups/cli_test_subscription_level_deployment"},{"id":"/subscriptions/00000000-0000-0000-0000-000000000000/resourceGroups/cli_test_subscription_level_deployment/providers/Microsoft.Storage/storageAccounts/armbuilddemo18221"}]}},{"id":"/subscriptions/00000000-0000-0000-0000-000000000000/providers/Microsoft.Resources/deployments/azure-cli-subscription_level_deploymentc4ubo2fwsqxwkr3ipudrb","name":"azure-cli-subscription_level_deploymentc4ubo2fwsqxwkr3ipudrb","type":"Microsoft.Resources/deployments","location":"westus","properties":{"templateHash":"13231341667663423384","parameters":{"storageAccountName":{"type":"String","value":"armbuilddemo18221"},"nestedRGName":{"type":"String","value":"cli_test_subscription_level_deployment"}},"mode":"Incremental","provisioningState":"Succeeded","timestamp":"2020-07-21T02:34:45.2853097Z","duration":"PT34.1354112S","correlationId":"9aeebaad-b36d-4b3d-b1db-799096035b77","providers":[{"namespace":"Microsoft.Authorization","resourceTypes":[{"resourceType":"policyDefinitions","locations":[null]},{"resourceType":"policyAssignments","locations":[null]}]},{"namespace":"Microsoft.Resources","resourceTypes":[{"resourceType":"resourceGroups","locations":["westus"]},{"resourceType":"deployments","locations":[null]}]}],"dependencies":[{"dependsOn":[{"id":"/subscriptions/00000000-0000-0000-0000-000000000000/providers/Microsoft.Authorization/policyDefinitions/policy2","resourceType":"Microsoft.Authorization/policyDefinitions","resourceName":"policy2"}],"id":"/subscriptions/00000000-0000-0000-0000-000000000000/providers/Microsoft.Authorization/policyAssignments/location-lock","resourceType":"Microsoft.Authorization/policyAssignments","resourceName":"location-lock"},{"dependsOn":[{"id":"/subscriptions/00000000-0000-0000-0000-000000000000/resourceGroups/cli_test_subscription_level_deployment","resourceType":"Microsoft.Resources/resourceGroups","resourceName":"cli_test_subscription_level_deployment"}],"id":"/subscriptions/00000000-0000-0000-0000-000000000000/resourceGroups/cli_test_subscription_level_deployment/providers/Microsoft.Resources/deployments/rg-nested6","resourceType":"Microsoft.Resources/deployments","resourceName":"rg-nested6"}],"outputResources":[{"id":"/subscriptions/00000000-0000-0000-0000-000000000000/providers/Microsoft.Authorization/policyAssignments/location-lock"},{"id":"/subscriptions/00000000-0000-0000-0000-000000000000/providers/Microsoft.Authorization/policyDefinitions/policy2"},{"id":"/subscriptions/00000000-0000-0000-0000-000000000000/resourceGroups/cli_test_subscription_level_deployment"},{"id":"/subscriptions/00000000-0000-0000-0000-000000000000/resourceGroups/cli_test_subscription_level_deployment/providers/Microsoft.Storage/storageAccounts/armbuilddemo18221"}]}},{"id":"/subscriptions/00000000-0000-0000-0000-000000000000/providers/Microsoft.Resources/deployments/policy_definition_deploy","name":"policy_definition_deploy","type":"Microsoft.Resources/deployments","location":"westus","properties":{"templateHash":"6791821466041245512","parameters":{"denyLocation":{"type":"String","value":"northeurope"}},"mode":"Incremental","provisioningState":"Succeeded","timestamp":"2020-07-06T14:14:51.7724862Z","duration":"PT3.6069468S","correlationId":"24e476c9-9413-4e0d-8d35-1bf67bfb55c5","providers":[{"namespace":"Microsoft.Authorization","resourceTypes":[{"resourceType":"policyDefinitions","locations":[null]}]}],"dependencies":[],"outputs":{"policyDefinitionId":{"type":"String","value":"/subscriptions/00000000-0000-0000-0000-000000000000/providers/Microsoft.Authorization/policyDefinitions/policy-for-what-if-test"}},"outputResources":[{"id":"/subscriptions/00000000-0000-0000-0000-000000000000/providers/Microsoft.Authorization/policyDefinitions/policy-for-what-if-test"}]}},{"id":"/subscriptions/00000000-0000-0000-0000-000000000000/providers/Microsoft.Resources/deployments/azure-cli-subscription_level_deployment64vunffvoxty7bqibtw2r","name":"azure-cli-subscription_level_deployment64vunffvoxty7bqibtw2r","type":"Microsoft.Resources/deployments","location":"westus","properties":{"templateHash":"13231341667663423384","parameters":{"storageAccountName":{"type":"String","value":"armbuilddemo18221"},"nestedRGName":{"type":"String","value":"cli_test_subscription_level_deployment"}},"mode":"Incremental","provisioningState":"Failed","timestamp":"2020-07-06T14:14:34.2192282Z","duration":"PT59.2798262S","correlationId":"73f6ee34-b432-42bd-ab68-9fff976fd467","providers":[{"namespace":"Microsoft.Authorization","resourceTypes":[{"resourceType":"policyDefinitions","locations":[null]},{"resourceType":"policyAssignments","locations":[null]}]},{"namespace":"Microsoft.Resources","resourceTypes":[{"resourceType":"resourceGroups","locations":["westus"]},{"resourceType":"deployments","locations":[null]}]}],"dependencies":[{"dependsOn":[{"id":"/subscriptions/00000000-0000-0000-0000-000000000000/providers/Microsoft.Authorization/policyDefinitions/policy2","resourceType":"Microsoft.Authorization/policyDefinitions","resourceName":"policy2"}],"id":"/subscriptions/00000000-0000-0000-0000-000000000000/providers/Microsoft.Authorization/policyAssignments/location-lock","resourceType":"Microsoft.Authorization/policyAssignments","resourceName":"location-lock"},{"dependsOn":[{"id":"/subscriptions/00000000-0000-0000-0000-000000000000/resourceGroups/cli_test_subscription_level_deployment","resourceType":"Microsoft.Resources/resourceGroups","resourceName":"cli_test_subscription_level_deployment"}],"id":"/subscriptions/00000000-0000-0000-0000-000000000000/resourceGroups/cli_test_subscription_level_deployment/providers/Microsoft.Resources/deployments/rg-nested6","resourceType":"Microsoft.Resources/deployments","resourceName":"rg-nested6"}],"error":{"code":"DeploymentFailed","message":"At
        least one resource deployment operation failed. Please list deployment operations
        for details. Please see https://aka.ms/DeployOperations for usage details.","details":[{"code":"Conflict","message":"{\r\n  \"status\":
        \"Canceled\",\r\n  \"error\": {\r\n    \"code\": \"ResourceDeploymentFailure\",\r\n    \"message\":
        \"The resource operation completed with terminal provisioning state ''Canceled''.\"\r\n  }\r\n}"}]}}},{"id":"/subscriptions/00000000-0000-0000-0000-000000000000/providers/Microsoft.Resources/deployments/azure-cli-subscription_level_deploymentfsqv7dbbwdf6lspuln6fk","name":"azure-cli-subscription_level_deploymentfsqv7dbbwdf6lspuln6fk","type":"Microsoft.Resources/deployments","location":"westus","properties":{"templateHash":"13231341667663423384","parameters":{"storageAccountName":{"type":"String","value":"armbuilddemo18221"},"nestedRGName":{"type":"String","value":"cli_test_subscription_level_deployment"}},"mode":"Incremental","provisioningState":"Failed","timestamp":"2020-07-06T14:08:12.4627815Z","duration":"PT49.2732368S","correlationId":"9591ceff-02fc-4181-b8d2-2f9750973da5","providers":[{"namespace":"Microsoft.Authorization","resourceTypes":[{"resourceType":"policyDefinitions","locations":[null]},{"resourceType":"policyAssignments","locations":[null]}]},{"namespace":"Microsoft.Resources","resourceTypes":[{"resourceType":"resourceGroups","locations":["westus"]},{"resourceType":"deployments","locations":[null]}]}],"dependencies":[{"dependsOn":[{"id":"/subscriptions/00000000-0000-0000-0000-000000000000/providers/Microsoft.Authorization/policyDefinitions/policy2","resourceType":"Microsoft.Authorization/policyDefinitions","resourceName":"policy2"}],"id":"/subscriptions/00000000-0000-0000-0000-000000000000/providers/Microsoft.Authorization/policyAssignments/location-lock","resourceType":"Microsoft.Authorization/policyAssignments","resourceName":"location-lock"},{"dependsOn":[{"id":"/subscriptions/00000000-0000-0000-0000-000000000000/resourceGroups/cli_test_subscription_level_deployment","resourceType":"Microsoft.Resources/resourceGroups","resourceName":"cli_test_subscription_level_deployment"}],"id":"/subscriptions/00000000-0000-0000-0000-000000000000/resourceGroups/cli_test_subscription_level_deployment/providers/Microsoft.Resources/deployments/rg-nested6","resourceType":"Microsoft.Resources/deployments","resourceName":"rg-nested6"}],"error":{"code":"DeploymentFailed","message":"At
        least one resource deployment operation failed. Please list deployment operations
        for details. Please see https://aka.ms/DeployOperations for usage details.","details":[{"code":"Conflict","message":"{\r\n  \"status\":
        \"Canceled\",\r\n  \"error\": {\r\n    \"code\": \"ResourceDeploymentFailure\",\r\n    \"message\":
        \"The resource operation completed with terminal provisioning state ''Canceled''.\"\r\n  }\r\n}"}]}}},{"id":"/subscriptions/00000000-0000-0000-0000-000000000000/providers/Microsoft.Resources/deployments/azure-cli-subscription_level_deployment6u4xlacbtyr6ryljx3n5j","name":"azure-cli-subscription_level_deployment6u4xlacbtyr6ryljx3n5j","type":"Microsoft.Resources/deployments","location":"westus","properties":{"templateHash":"13231341667663423384","parameters":{"storageAccountName":{"type":"String","value":"armbuilddemo18221"},"nestedRGName":{"type":"String","value":"cli_test_subscription_level_deployment"}},"mode":"Incremental","provisioningState":"Failed","timestamp":"2020-06-29T18:02:09.1311559Z","duration":"PT53.8019185S","correlationId":"f54d9f11-3580-414f-844c-617358daf246","providers":[{"namespace":"Microsoft.Authorization","resourceTypes":[{"resourceType":"policyDefinitions","locations":[null]},{"resourceType":"policyAssignments","locations":[null]}]},{"namespace":"Microsoft.Resources","resourceTypes":[{"resourceType":"resourceGroups","locations":["westus"]},{"resourceType":"deployments","locations":[null]}]}],"dependencies":[{"dependsOn":[{"id":"/subscriptions/00000000-0000-0000-0000-000000000000/providers/Microsoft.Authorization/policyDefinitions/policy2","resourceType":"Microsoft.Authorization/policyDefinitions","resourceName":"policy2"}],"id":"/subscriptions/00000000-0000-0000-0000-000000000000/providers/Microsoft.Authorization/policyAssignments/location-lock","resourceType":"Microsoft.Authorization/policyAssignments","resourceName":"location-lock"},{"dependsOn":[{"id":"/subscriptions/00000000-0000-0000-0000-000000000000/resourceGroups/cli_test_subscription_level_deployment","resourceType":"Microsoft.Resources/resourceGroups","resourceName":"cli_test_subscription_level_deployment"}],"id":"/subscriptions/00000000-0000-0000-0000-000000000000/resourceGroups/cli_test_subscription_level_deployment/providers/Microsoft.Resources/deployments/rg-nested6","resourceType":"Microsoft.Resources/deployments","resourceName":"rg-nested6"}],"error":{"code":"DeploymentFailed","message":"At
        least one resource deployment operation failed. Please list deployment operations
        for details. Please see https://aka.ms/DeployOperations for usage details.","details":[{"code":"Conflict","message":"{\r\n  \"status\":
        \"Canceled\",\r\n  \"error\": {\r\n    \"code\": \"ResourceDeploymentFailure\",\r\n    \"message\":
        \"The resource operation completed with terminal provisioning state ''Canceled''.\"\r\n  }\r\n}"}]}}},{"id":"/subscriptions/00000000-0000-0000-0000-000000000000/providers/Microsoft.Resources/deployments/azure-cli-subscription_level_deploymentwewaugi6dbpylvzh6nkug","name":"azure-cli-subscription_level_deploymentwewaugi6dbpylvzh6nkug","type":"Microsoft.Resources/deployments","location":"westus","properties":{"templateHash":"13231341667663423384","parameters":{"storageAccountName":{"type":"String","value":"armbuilddemo18221"},"nestedRGName":{"type":"String","value":"cli_test_subscription_level_deployment"}},"mode":"Incremental","provisioningState":"Failed","timestamp":"2020-06-29T18:00:38.5328241Z","duration":"PT10.7797913S","correlationId":"614c40ba-ad65-4f52-bf97-7b3da671d4fa","providers":[{"namespace":"Microsoft.Authorization","resourceTypes":[{"resourceType":"policyDefinitions","locations":[null]},{"resourceType":"policyAssignments","locations":[null]}]},{"namespace":"Microsoft.Resources","resourceTypes":[{"resourceType":"resourceGroups","locations":["westus"]},{"resourceType":"deployments","locations":[null]}]}],"dependencies":[{"dependsOn":[{"id":"/subscriptions/00000000-0000-0000-0000-000000000000/providers/Microsoft.Authorization/policyDefinitions/policy2","resourceType":"Microsoft.Authorization/policyDefinitions","resourceName":"policy2"}],"id":"/subscriptions/00000000-0000-0000-0000-000000000000/providers/Microsoft.Authorization/policyAssignments/location-lock","resourceType":"Microsoft.Authorization/policyAssignments","resourceName":"location-lock"},{"dependsOn":[{"id":"/subscriptions/00000000-0000-0000-0000-000000000000/resourceGroups/cli_test_subscription_level_deployment","resourceType":"Microsoft.Resources/resourceGroups","resourceName":"cli_test_subscription_level_deployment"}],"id":"/subscriptions/00000000-0000-0000-0000-000000000000/resourceGroups/cli_test_subscription_level_deployment/providers/Microsoft.Resources/deployments/rg-nested6","resourceType":"Microsoft.Resources/deployments","resourceName":"rg-nested6"}],"error":{"code":"DeploymentFailed","message":"At
        least one resource deployment operation failed. Please list deployment operations
        for details. Please see https://aka.ms/DeployOperations for usage details.","details":[{"code":"DeploymentFailed","message":"At
        least one resource deployment operation failed. Please list deployment operations
        for details. Please see https://aka.ms/DeployOperations for usage details."}]}}},{"id":"/subscriptions/00000000-0000-0000-0000-000000000000/providers/Microsoft.Resources/deployments/azure-cli-subscription_level_deploymentwob5bs5hxgldkk5xhqekn","name":"azure-cli-subscription_level_deploymentwob5bs5hxgldkk5xhqekn","type":"Microsoft.Resources/deployments","location":"westus","properties":{"templateHash":"13231341667663423384","parameters":{"storageAccountName":{"type":"String","value":"armbuilddemo18221"},"nestedRGName":{"type":"String","value":"cli_test_subscription_level_deployment"}},"mode":"Incremental","provisioningState":"Succeeded","timestamp":"2020-06-29T17:58:18.326533Z","duration":"PT37.3217868S","correlationId":"e764e33a-5585-40f2-9697-689f9bdf9124","providers":[{"namespace":"Microsoft.Authorization","resourceTypes":[{"resourceType":"policyDefinitions","locations":[null]},{"resourceType":"policyAssignments","locations":[null]}]},{"namespace":"Microsoft.Resources","resourceTypes":[{"resourceType":"resourceGroups","locations":["westus"]},{"resourceType":"deployments","locations":[null]}]}],"dependencies":[{"dependsOn":[{"id":"/subscriptions/00000000-0000-0000-0000-000000000000/providers/Microsoft.Authorization/policyDefinitions/policy2","resourceType":"Microsoft.Authorization/policyDefinitions","resourceName":"policy2"}],"id":"/subscriptions/00000000-0000-0000-0000-000000000000/providers/Microsoft.Authorization/policyAssignments/location-lock","resourceType":"Microsoft.Authorization/policyAssignments","resourceName":"location-lock"},{"dependsOn":[{"id":"/subscriptions/00000000-0000-0000-0000-000000000000/resourceGroups/cli_test_subscription_level_deployment","resourceType":"Microsoft.Resources/resourceGroups","resourceName":"cli_test_subscription_level_deployment"}],"id":"/subscriptions/00000000-0000-0000-0000-000000000000/resourceGroups/cli_test_subscription_level_deployment/providers/Microsoft.Resources/deployments/rg-nested6","resourceType":"Microsoft.Resources/deployments","resourceName":"rg-nested6"}],"outputResources":[{"id":"/subscriptions/00000000-0000-0000-0000-000000000000/providers/Microsoft.Authorization/policyAssignments/location-lock"},{"id":"/subscriptions/00000000-0000-0000-0000-000000000000/providers/Microsoft.Authorization/policyDefinitions/policy2"},{"id":"/subscriptions/00000000-0000-0000-0000-000000000000/resourceGroups/cli_test_subscription_level_deployment"},{"id":"/subscriptions/00000000-0000-0000-0000-000000000000/resourceGroups/cli_test_subscription_level_deployment/providers/Microsoft.Storage/storageAccounts/armbuilddemo18221"}]}},{"id":"/subscriptions/00000000-0000-0000-0000-000000000000/providers/Microsoft.Resources/deployments/azure-cli-subscription_level_deploymentgxer3t7zaxrkav2mcw7lp","name":"azure-cli-subscription_level_deploymentgxer3t7zaxrkav2mcw7lp","type":"Microsoft.Resources/deployments","location":"westus","properties":{"templateHash":"13231341667663423384","parameters":{"storageAccountName":{"type":"String","value":"armbuilddemo18221"},"nestedRGName":{"type":"String","value":"cli_test_subscription_level_deployment"}},"mode":"Incremental","provisioningState":"Failed","timestamp":"2020-06-29T17:48:09.2471064Z","duration":"PT44.3099487S","correlationId":"e53821e6-1fa1-462a-87d0-66bacf4e78c0","providers":[{"namespace":"Microsoft.Authorization","resourceTypes":[{"resourceType":"policyDefinitions","locations":[null]},{"resourceType":"policyAssignments","locations":[null]}]},{"namespace":"Microsoft.Resources","resourceTypes":[{"resourceType":"resourceGroups","locations":["westus"]},{"resourceType":"deployments","locations":[null]}]}],"dependencies":[{"dependsOn":[{"id":"/subscriptions/00000000-0000-0000-0000-000000000000/providers/Microsoft.Authorization/policyDefinitions/policy2","resourceType":"Microsoft.Authorization/policyDefinitions","resourceName":"policy2"}],"id":"/subscriptions/00000000-0000-0000-0000-000000000000/providers/Microsoft.Authorization/policyAssignments/location-lock","resourceType":"Microsoft.Authorization/policyAssignments","resourceName":"location-lock"},{"dependsOn":[{"id":"/subscriptions/00000000-0000-0000-0000-000000000000/resourceGroups/cli_test_subscription_level_deployment","resourceType":"Microsoft.Resources/resourceGroups","resourceName":"cli_test_subscription_level_deployment"}],"id":"/subscriptions/00000000-0000-0000-0000-000000000000/resourceGroups/cli_test_subscription_level_deployment/providers/Microsoft.Resources/deployments/rg-nested6","resourceType":"Microsoft.Resources/deployments","resourceName":"rg-nested6"}],"error":{"code":"DeploymentFailed","message":"At
        least one resource deployment operation failed. Please list deployment operations
        for details. Please see https://aka.ms/DeployOperations for usage details.","details":[{"code":"Conflict","message":"{\r\n  \"status\":
        \"Canceled\",\r\n  \"error\": {\r\n    \"code\": \"ResourceDeploymentFailure\",\r\n    \"message\":
        \"The resource operation completed with terminal provisioning state ''Canceled''.\"\r\n  }\r\n}"}]}}},{"id":"/subscriptions/00000000-0000-0000-0000-000000000000/providers/Microsoft.Resources/deployments/azure-cli-subscription_level_deployment5hzvtkbeecwovbvsxvg33","name":"azure-cli-subscription_level_deployment5hzvtkbeecwovbvsxvg33","type":"Microsoft.Resources/deployments","location":"westus","properties":{"templateHash":"13231341667663423384","parameters":{"storageAccountName":{"type":"String","value":"armbuilddemo18221"},"nestedRGName":{"type":"String","value":"cli_test_subscription_level_deployment"}},"mode":"Incremental","provisioningState":"Succeeded","timestamp":"2020-06-23T17:17:13.4253362Z","duration":"PT39.7612829S","correlationId":"31836c70-6930-4c8c-8711-c9997b65540c","providers":[{"namespace":"Microsoft.Authorization","resourceTypes":[{"resourceType":"policyDefinitions","locations":[null]},{"resourceType":"policyAssignments","locations":[null]}]},{"namespace":"Microsoft.Resources","resourceTypes":[{"resourceType":"resourceGroups","locations":["westus"]},{"resourceType":"deployments","locations":[null]}]}],"dependencies":[{"dependsOn":[{"id":"/subscriptions/00000000-0000-0000-0000-000000000000/providers/Microsoft.Authorization/policyDefinitions/policy2","resourceType":"Microsoft.Authorization/policyDefinitions","resourceName":"policy2"}],"id":"/subscriptions/00000000-0000-0000-0000-000000000000/providers/Microsoft.Authorization/policyAssignments/location-lock","resourceType":"Microsoft.Authorization/policyAssignments","resourceName":"location-lock"},{"dependsOn":[{"id":"/subscriptions/00000000-0000-0000-0000-000000000000/resourceGroups/cli_test_subscription_level_deployment","resourceType":"Microsoft.Resources/resourceGroups","resourceName":"cli_test_subscription_level_deployment"}],"id":"/subscriptions/00000000-0000-0000-0000-000000000000/resourceGroups/cli_test_subscription_level_deployment/providers/Microsoft.Resources/deployments/rg-nested6","resourceType":"Microsoft.Resources/deployments","resourceName":"rg-nested6"}],"outputResources":[{"id":"/subscriptions/00000000-0000-0000-0000-000000000000/providers/Microsoft.Authorization/policyAssignments/location-lock"},{"id":"/subscriptions/00000000-0000-0000-0000-000000000000/providers/Microsoft.Authorization/policyDefinitions/policy2"},{"id":"/subscriptions/00000000-0000-0000-0000-000000000000/resourceGroups/cli_test_subscription_level_deployment"},{"id":"/subscriptions/00000000-0000-0000-0000-000000000000/resourceGroups/cli_test_subscription_level_deployment/providers/Microsoft.Storage/storageAccounts/armbuilddemo18221"}]}}]}'
    headers:
      cache-control:
      - no-cache
      content-length:
      - '52784'
      content-type:
      - application/json; charset=utf-8
      date:
      - Tue, 21 Jul 2020 15:50:16 GMT
      expires:
      - '-1'
      pragma:
      - no-cache
      strict-transport-security:
      - max-age=31536000; includeSubDomains
      vary:
      - Accept-Encoding
      x-content-type-options:
      - nosniff
    status:
      code: 200
      message: OK
- request:
    body: null
    headers:
      Accept:
      - application/json
      Accept-Encoding:
      - gzip, deflate
      CommandName:
      - policy assignment delete
      Connection:
      - keep-alive
      Content-Length:
      - '0'
      ParameterSetName:
      - -n
      User-Agent:
      - python/3.8.3 (Windows-10-10.0.19041-SP0) msrest/0.6.9 msrest_azure/0.6.3 azure-mgmt-resource/10.1.0
        Azure-SDK-For-Python AZURECLI/2.9.1
      accept-language:
      - en-US
    method: DELETE
    uri: https://management.azure.com/subscriptions/00000000-0000-0000-0000-000000000000/providers/Microsoft.Authorization/policyAssignments/location-lock?api-version=2019-09-01
  response:
    body:
      string: '{"sku":{"name":"A0","tier":"Free"},"properties":{"policyDefinitionId":"/subscriptions/00000000-0000-0000-0000-000000000000/providers/Microsoft.Authorization/policyDefinitions/policy2","scope":"/subscriptions/00000000-0000-0000-0000-000000000000","metadata":{"createdBy":"414d10da-615f-49a7-90a0-a7008fb31cd3","createdOn":"2020-07-21T15:49:15.3748644Z","updatedBy":"414d10da-615f-49a7-90a0-a7008fb31cd3","updatedOn":"2020-07-21T15:49:15.8085268Z"},"enforcementMode":"Default"},"id":"/subscriptions/00000000-0000-0000-0000-000000000000/providers/Microsoft.Authorization/policyAssignments/location-lock","type":"Microsoft.Authorization/policyAssignments","name":"location-lock"}'
    headers:
      cache-control:
      - no-cache
      content-length:
      - '675'
      content-type:
      - application/json; charset=utf-8
      date:
      - Tue, 21 Jul 2020 15:50:16 GMT
      expires:
      - '-1'
      pragma:
      - no-cache
      strict-transport-security:
      - max-age=31536000; includeSubDomains
      transfer-encoding:
      - chunked
      vary:
      - Accept-Encoding,Accept-Encoding
      x-content-type-options:
      - nosniff
      x-ms-ratelimit-remaining-subscription-deletes:
      - '14999'
    status:
      code: 200
      message: OK
- request:
    body: null
    headers:
      Accept:
      - application/json
      Accept-Encoding:
      - gzip, deflate
      CommandName:
      - policy definition delete
      Connection:
      - keep-alive
      Content-Length:
      - '0'
      ParameterSetName:
      - -n
      User-Agent:
      - python/3.8.3 (Windows-10-10.0.19041-SP0) msrest/0.6.9 msrest_azure/0.6.3 azure-mgmt-resource/10.1.0
        Azure-SDK-For-Python AZURECLI/2.9.1
      accept-language:
      - en-US
    method: DELETE
    uri: https://management.azure.com/subscriptions/00000000-0000-0000-0000-000000000000/providers/Microsoft.Authorization/policyDefinitions/policy2?api-version=2019-09-01
  response:
    body:
      string: '{"properties":{"policyType":"Custom","mode":"Indexed","metadata":{"createdBy":"414d10da-615f-49a7-90a0-a7008fb31cd3","createdOn":"2020-07-21T15:49:14.8707703Z","updatedBy":null,"updatedOn":null},"parameters":{},"policyRule":{"if":{"field":"location","equals":"northeurope"},"then":{"effect":"deny"}}},"id":"/subscriptions/00000000-0000-0000-0000-000000000000/providers/Microsoft.Authorization/policyDefinitions/policy2","type":"Microsoft.Authorization/policyDefinitions","name":"policy2"}'
    headers:
      cache-control:
      - no-cache
      content-length:
      - '488'
      content-type:
      - application/json; charset=utf-8
      date:
      - Tue, 21 Jul 2020 15:50:17 GMT
      expires:
      - '-1'
      pragma:
      - no-cache
      strict-transport-security:
      - max-age=31536000; includeSubDomains
      transfer-encoding:
      - chunked
      vary:
      - Accept-Encoding,Accept-Encoding
      x-content-type-options:
      - nosniff
      x-ms-ratelimit-remaining-subscription-deletes:
      - '14996'
    status:
      code: 200
      message: OK
- request:
    body: null
    headers:
      Accept:
      - application/json
      Accept-Encoding:
      - gzip, deflate
      CommandName:
      - group delete
      Connection:
      - keep-alive
      Content-Length:
      - '0'
      ParameterSetName:
      - -n --yes
      User-Agent:
      - python/3.8.3 (Windows-10-10.0.19041-SP0) msrest/0.6.9 msrest_azure/0.6.3 azure-mgmt-resource/10.1.0
        Azure-SDK-For-Python AZURECLI/2.9.1
      accept-language:
      - en-US
    method: DELETE
    uri: https://management.azure.com/subscriptions/00000000-0000-0000-0000-000000000000/resourcegroups/cli_test_subscription_level_deployment?api-version=2020-06-01
  response:
    body:
      string: ''
    headers:
      cache-control:
      - no-cache
      content-length:
      - '0'
      date:
      - Tue, 21 Jul 2020 15:50:19 GMT
      expires:
      - '-1'
      location:
      - https://management.azure.com/subscriptions/00000000-0000-0000-0000-000000000000/operationresults/eyJqb2JJZCI6IlJFU09VUkNFR1JPVVBERUxFVElPTkpPQi1DTEk6NUZURVNUOjVGU1VCU0NSSVBUSU9OOjVGTEVWRUw6NUZERVBMT1lNRU5ULVdFU1RVUyIsImpvYkxvY2F0aW9uIjoid2VzdHVzIn0?api-version=2020-06-01
      pragma:
      - no-cache
      strict-transport-security:
      - max-age=31536000; includeSubDomains
      x-content-type-options:
      - nosniff
      x-ms-ratelimit-remaining-subscription-deletes:
      - '14996'
    status:
      code: 202
      message: Accepted
- request:
    body: null
    headers:
      Accept:
      - application/json
      Accept-Encoding:
      - gzip, deflate
      CommandName:
      - group delete
      Connection:
      - keep-alive
      ParameterSetName:
      - -n --yes
      User-Agent:
      - python/3.8.3 (Windows-10-10.0.19041-SP0) msrest/0.6.9 msrest_azure/0.6.3 azure-mgmt-resource/10.1.0
        Azure-SDK-For-Python AZURECLI/2.9.1
    method: GET
    uri: https://management.azure.com/subscriptions/00000000-0000-0000-0000-000000000000/operationresults/eyJqb2JJZCI6IlJFU09VUkNFR1JPVVBERUxFVElPTkpPQi1DTEk6NUZURVNUOjVGU1VCU0NSSVBUSU9OOjVGTEVWRUw6NUZERVBMT1lNRU5ULVdFU1RVUyIsImpvYkxvY2F0aW9uIjoid2VzdHVzIn0?api-version=2020-06-01
  response:
    body:
      string: ''
    headers:
      cache-control:
      - no-cache
      content-length:
      - '0'
      date:
      - Tue, 21 Jul 2020 15:50:33 GMT
      expires:
      - '-1'
      location:
      - https://management.azure.com/subscriptions/00000000-0000-0000-0000-000000000000/operationresults/eyJqb2JJZCI6IlJFU09VUkNFR1JPVVBERUxFVElPTkpPQi1DTEk6NUZURVNUOjVGU1VCU0NSSVBUSU9OOjVGTEVWRUw6NUZERVBMT1lNRU5ULVdFU1RVUyIsImpvYkxvY2F0aW9uIjoid2VzdHVzIn0?api-version=2020-06-01
      pragma:
      - no-cache
      strict-transport-security:
      - max-age=31536000; includeSubDomains
      x-content-type-options:
      - nosniff
    status:
      code: 202
      message: Accepted
- request:
    body: null
    headers:
      Accept:
      - application/json
      Accept-Encoding:
      - gzip, deflate
      CommandName:
      - group delete
      Connection:
      - keep-alive
      ParameterSetName:
      - -n --yes
      User-Agent:
      - python/3.8.3 (Windows-10-10.0.19041-SP0) msrest/0.6.9 msrest_azure/0.6.3 azure-mgmt-resource/10.1.0
        Azure-SDK-For-Python AZURECLI/2.9.1
    method: GET
    uri: https://management.azure.com/subscriptions/00000000-0000-0000-0000-000000000000/operationresults/eyJqb2JJZCI6IlJFU09VUkNFR1JPVVBERUxFVElPTkpPQi1DTEk6NUZURVNUOjVGU1VCU0NSSVBUSU9OOjVGTEVWRUw6NUZERVBMT1lNRU5ULVdFU1RVUyIsImpvYkxvY2F0aW9uIjoid2VzdHVzIn0?api-version=2020-06-01
  response:
    body:
      string: ''
    headers:
      cache-control:
      - no-cache
      content-length:
      - '0'
      date:
      - Tue, 21 Jul 2020 15:50:49 GMT
      expires:
      - '-1'
      location:
      - https://management.azure.com/subscriptions/00000000-0000-0000-0000-000000000000/operationresults/eyJqb2JJZCI6IlJFU09VUkNFR1JPVVBERUxFVElPTkpPQi1DTEk6NUZURVNUOjVGU1VCU0NSSVBUSU9OOjVGTEVWRUw6NUZERVBMT1lNRU5ULVdFU1RVUyIsImpvYkxvY2F0aW9uIjoid2VzdHVzIn0?api-version=2020-06-01
      pragma:
      - no-cache
      strict-transport-security:
      - max-age=31536000; includeSubDomains
      x-content-type-options:
      - nosniff
    status:
      code: 202
      message: Accepted
- request:
    body: null
    headers:
      Accept:
      - application/json
      Accept-Encoding:
      - gzip, deflate
      CommandName:
      - group delete
      Connection:
      - keep-alive
      ParameterSetName:
      - -n --yes
      User-Agent:
      - python/3.8.3 (Windows-10-10.0.19041-SP0) msrest/0.6.9 msrest_azure/0.6.3 azure-mgmt-resource/10.1.0
        Azure-SDK-For-Python AZURECLI/2.9.1
    method: GET
    uri: https://management.azure.com/subscriptions/00000000-0000-0000-0000-000000000000/operationresults/eyJqb2JJZCI6IlJFU09VUkNFR1JPVVBERUxFVElPTkpPQi1DTEk6NUZURVNUOjVGU1VCU0NSSVBUSU9OOjVGTEVWRUw6NUZERVBMT1lNRU5ULVdFU1RVUyIsImpvYkxvY2F0aW9uIjoid2VzdHVzIn0?api-version=2020-06-01
  response:
    body:
      string: ''
    headers:
      cache-control:
      - no-cache
      content-length:
      - '0'
      date:
      - Tue, 21 Jul 2020 15:51:05 GMT
      expires:
      - '-1'
      location:
      - https://management.azure.com/subscriptions/00000000-0000-0000-0000-000000000000/operationresults/eyJqb2JJZCI6IlJFU09VUkNFR1JPVVBERUxFVElPTkpPQi1DTEk6NUZURVNUOjVGU1VCU0NSSVBUSU9OOjVGTEVWRUw6NUZERVBMT1lNRU5ULVdFU1RVUyIsImpvYkxvY2F0aW9uIjoid2VzdHVzIn0?api-version=2020-06-01
      pragma:
      - no-cache
      strict-transport-security:
      - max-age=31536000; includeSubDomains
      x-content-type-options:
      - nosniff
    status:
      code: 202
      message: Accepted
- request:
    body: null
    headers:
      Accept:
      - application/json
      Accept-Encoding:
      - gzip, deflate
      CommandName:
      - group delete
      Connection:
      - keep-alive
      ParameterSetName:
      - -n --yes
      User-Agent:
      - python/3.8.3 (Windows-10-10.0.19041-SP0) msrest/0.6.9 msrest_azure/0.6.3 azure-mgmt-resource/10.1.0
        Azure-SDK-For-Python AZURECLI/2.9.1
    method: GET
    uri: https://management.azure.com/subscriptions/00000000-0000-0000-0000-000000000000/operationresults/eyJqb2JJZCI6IlJFU09VUkNFR1JPVVBERUxFVElPTkpPQi1DTEk6NUZURVNUOjVGU1VCU0NSSVBUSU9OOjVGTEVWRUw6NUZERVBMT1lNRU5ULVdFU1RVUyIsImpvYkxvY2F0aW9uIjoid2VzdHVzIn0?api-version=2020-06-01
  response:
    body:
      string: ''
    headers:
      cache-control:
      - no-cache
      content-length:
      - '0'
      date:
      - Tue, 21 Jul 2020 15:51:19 GMT
      expires:
      - '-1'
      location:
      - https://management.azure.com/subscriptions/00000000-0000-0000-0000-000000000000/operationresults/eyJqb2JJZCI6IlJFU09VUkNFR1JPVVBERUxFVElPTkpPQi1DTEk6NUZURVNUOjVGU1VCU0NSSVBUSU9OOjVGTEVWRUw6NUZERVBMT1lNRU5ULVdFU1RVUyIsImpvYkxvY2F0aW9uIjoid2VzdHVzIn0?api-version=2020-06-01
      pragma:
      - no-cache
      strict-transport-security:
      - max-age=31536000; includeSubDomains
      x-content-type-options:
      - nosniff
    status:
      code: 202
      message: Accepted
- request:
    body: null
    headers:
      Accept:
      - application/json
      Accept-Encoding:
      - gzip, deflate
      CommandName:
      - group delete
      Connection:
      - keep-alive
      ParameterSetName:
      - -n --yes
      User-Agent:
      - python/3.8.3 (Windows-10-10.0.19041-SP0) msrest/0.6.9 msrest_azure/0.6.3 azure-mgmt-resource/10.1.0
        Azure-SDK-For-Python AZURECLI/2.9.1
    method: GET
    uri: https://management.azure.com/subscriptions/00000000-0000-0000-0000-000000000000/operationresults/eyJqb2JJZCI6IlJFU09VUkNFR1JPVVBERUxFVElPTkpPQi1DTEk6NUZURVNUOjVGU1VCU0NSSVBUSU9OOjVGTEVWRUw6NUZERVBMT1lNRU5ULVdFU1RVUyIsImpvYkxvY2F0aW9uIjoid2VzdHVzIn0?api-version=2020-06-01
  response:
    body:
      string: ''
    headers:
      cache-control:
      - no-cache
      content-length:
      - '0'
      date:
      - Tue, 21 Jul 2020 15:51:35 GMT
      expires:
      - '-1'
      location:
      - https://management.azure.com/subscriptions/00000000-0000-0000-0000-000000000000/operationresults/eyJqb2JJZCI6IlJFU09VUkNFR1JPVVBERUxFVElPTkpPQi1DTEk6NUZURVNUOjVGU1VCU0NSSVBUSU9OOjVGTEVWRUw6NUZERVBMT1lNRU5ULVdFU1RVUyIsImpvYkxvY2F0aW9uIjoid2VzdHVzIn0?api-version=2020-06-01
      pragma:
      - no-cache
      strict-transport-security:
      - max-age=31536000; includeSubDomains
      x-content-type-options:
      - nosniff
    status:
      code: 202
      message: Accepted
- request:
    body: null
    headers:
      Accept:
      - application/json
      Accept-Encoding:
      - gzip, deflate
      CommandName:
      - group delete
      Connection:
      - keep-alive
      ParameterSetName:
      - -n --yes
      User-Agent:
      - python/3.8.3 (Windows-10-10.0.19041-SP0) msrest/0.6.9 msrest_azure/0.6.3 azure-mgmt-resource/10.1.0
        Azure-SDK-For-Python AZURECLI/2.9.1
    method: GET
    uri: https://management.azure.com/subscriptions/00000000-0000-0000-0000-000000000000/operationresults/eyJqb2JJZCI6IlJFU09VUkNFR1JPVVBERUxFVElPTkpPQi1DTEk6NUZURVNUOjVGU1VCU0NSSVBUSU9OOjVGTEVWRUw6NUZERVBMT1lNRU5ULVdFU1RVUyIsImpvYkxvY2F0aW9uIjoid2VzdHVzIn0?api-version=2020-06-01
  response:
    body:
      string: ''
    headers:
      cache-control:
      - no-cache
      content-length:
      - '0'
      date:
      - Tue, 21 Jul 2020 15:51:49 GMT
      expires:
      - '-1'
      location:
      - https://management.azure.com/subscriptions/00000000-0000-0000-0000-000000000000/operationresults/eyJqb2JJZCI6IlJFU09VUkNFR1JPVVBERUxFVElPTkpPQi1DTEk6NUZURVNUOjVGU1VCU0NSSVBUSU9OOjVGTEVWRUw6NUZERVBMT1lNRU5ULVdFU1RVUyIsImpvYkxvY2F0aW9uIjoid2VzdHVzIn0?api-version=2020-06-01
      pragma:
      - no-cache
      strict-transport-security:
      - max-age=31536000; includeSubDomains
      x-content-type-options:
      - nosniff
    status:
      code: 202
      message: Accepted
- request:
    body: null
    headers:
      Accept:
      - application/json
      Accept-Encoding:
      - gzip, deflate
      CommandName:
      - group delete
      Connection:
      - keep-alive
      ParameterSetName:
      - -n --yes
      User-Agent:
      - python/3.8.3 (Windows-10-10.0.19041-SP0) msrest/0.6.9 msrest_azure/0.6.3 azure-mgmt-resource/10.1.0
        Azure-SDK-For-Python AZURECLI/2.9.1
    method: GET
    uri: https://management.azure.com/subscriptions/00000000-0000-0000-0000-000000000000/operationresults/eyJqb2JJZCI6IlJFU09VUkNFR1JPVVBERUxFVElPTkpPQi1DTEk6NUZURVNUOjVGU1VCU0NSSVBUSU9OOjVGTEVWRUw6NUZERVBMT1lNRU5ULVdFU1RVUyIsImpvYkxvY2F0aW9uIjoid2VzdHVzIn0?api-version=2020-06-01
  response:
    body:
      string: ''
    headers:
      cache-control:
      - no-cache
      content-length:
      - '0'
      date:
      - Tue, 21 Jul 2020 15:52:05 GMT
      expires:
      - '-1'
      pragma:
      - no-cache
      strict-transport-security:
      - max-age=31536000; includeSubDomains
      x-content-type-options:
      - nosniff
    status:
      code: 200
      message: OK
version: 1
