interactions:
- request:
    body: "{\"location\": \"WestUS\", \"properties\": {\"parameters\": {\"storageAccountName\":
      {\"value\": \"armbuilddemo18221\"}, \"nestedRGName\": {\"value\": \"cli_test_subscription_level_deployment\"}},
      \"mode\": \"Incremental\", template:{\r\n  \"$schema\": \"https://schema.management.azure.com/schemas/2015-01-01/deploymentTemplate.json#\",\r\n
      \ \"contentVersion\": \"1.0.0.0\",\r\n  \"parameters\": {\r\n    \"storageAccountName\":
      {\r\n      \"type\": \"string\",\r\n      \"defaultValue\": \"armbuilddemo1801\"\r\n
      \   },\r\n    \"nestedRGName\": {\r\n      \"type\": \"string\",\r\n      \"defaultValue\":
      \"cli_test_subscription_level_deployment\"\r\n    }\r\n  },\r\n  \"variables\":
      {},\r\n  \"resources\": [\r\n    {\r\n      \"type\": \"Microsoft.Authorization/policyDefinitions\",\r\n
      \     \"name\": \"policy2\",\r\n      \"apiVersion\": \"2016-12-01\",\r\n      \"properties\":
      {\r\n        \"policyType\": \"Custom\",\r\n        \"parameters\": {},\r\n
      \       \"policyRule\": {\r\n          \"if\": {\r\n            \"field\": \"location\",\r\n
      \           \"equals\": \"northeurope\"\r\n          },\r\n          \"then\":
      {\r\n            \"effect\": \"deny\"\r\n          }\r\n        }\r\n      }\r\n
      \   },\r\n    {\r\n      \"type\": \"Microsoft.Authorization/policyAssignments\",\r\n
      \     \"name\": \"location-lock\",\r\n      \"apiVersion\": \"2016-12-01\",\r\n
      \     \"dependsOn\": [\r\n        \"policy2\"\r\n      ],\r\n      \"properties\":
      {\r\n        \"scope\": \"[subscription().id]\",\r\n        \"policyDefinitionId\":
      \"[resourceId('Microsoft.Authorization/policyDefinitions', 'policy2')]\"\r\n
      \     }\r\n    },\r\n    {\r\n      \"type\": \"Microsoft.Resources/resourceGroups\",\r\n
      \     \"name\": \"[parameters('nestedRGName')]\",\r\n      \"apiVersion\": \"2018-05-01\",\r\n
      \     \"location\": \"WestUS\",\r\n      \"properties\": {\r\n      }\r\n    },\r\n
      \   {\r\n      \"type\": \"Microsoft.Resources/deployments\",\r\n      \"name\":
      \"rg-nested6\",\r\n      \"apiVersion\": \"2017-05-10\",\r\n      \"resourceGroup\":
      \"[parameters('nestedRGName')]\",\r\n      \"dependsOn\": [ \"[parameters('nestedRGName')]\"
      ],\r\n      \"properties\": {\r\n        \"template\": {\r\n          \"$schema\":
      \"https://schema.management.azure.com/schemas/2015-01-01/deploymentTemplate.json#\",\r\n
      \         \"contentVersion\": \"1.0.0.0\",\r\n          \"parameters\": {},\r\n
      \         \"variables\": {},\r\n          \"resources\": [\r\n            {\r\n
      \             \"type\": \"Microsoft.Storage/storageAccounts\",\r\n              \"name\":
      \"[parameters('storageAccountName')]\",\r\n              \"apiVersion\": \"2015-06-15\",\r\n
      \             \"location\": \"East US\",\r\n              \"properties\": {\r\n
      \               \"accountType\": \"Standard_LRS\",\r\n                \"supportsHttpsTrafficOnly\":
      true\r\n              }\r\n            }\r\n          ]\r\n        },\r\n        \"mode\":\"Incremental\"\r\n
      \     }\r\n    }\r\n  ] // comment\r\n}}}"
    headers:
      Accept:
      - application/json
      Accept-Encoding:
      - gzip, deflate
      CommandName:
      - deployment validate
      Connection:
      - keep-alive
      Content-Length:
      - '2613'
      Content-Type:
      - application/json; charset=utf-8
      ParameterSetName:
      - --location --template-file --parameters
      User-Agent:
      - python/3.8.2 (Windows-10-10.0.18362-SP0) msrest/0.6.11 msrest_azure/0.6.3
        azure-mgmt-resource/9.0.0 Azure-SDK-For-Python AZURECLI/2.5.1
      accept-language:
      - en-US
    method: POST
    uri: https://management.azure.com/subscriptions/00000000-0000-0000-0000-000000000000/providers/Microsoft.Resources/deployments/mock-deployment/validate?api-version=2019-10-01
  response:
    body:
      string: '{"id":"/subscriptions/00000000-0000-0000-0000-000000000000/providers/Microsoft.Resources/deployments/subscription_level_template","name":"subscription_level_template","type":"Microsoft.Resources/deployments","location":"westus","properties":{"templateHash":"13231341667663423384","parameters":{"storageAccountName":{"type":"String","value":"armbuilddemo18221"},"nestedRGName":{"type":"String","value":"cli_test_subscription_level_deployment"}},"mode":"Incremental","provisioningState":"Succeeded","timestamp":"2020-05-07T21:30:36.3560987Z","duration":"PT0S","correlationId":"601eb98d-a79a-4d4d-b98a-1080b4fa973a","providers":[{"namespace":"Microsoft.Authorization","resourceTypes":[{"resourceType":"policyDefinitions","locations":[null]},{"resourceType":"policyAssignments","locations":[null]}]},{"namespace":"Microsoft.Resources","resourceTypes":[{"resourceType":"resourceGroups","locations":["westus"]},{"resourceType":"deployments","locations":[null]}]}],"dependencies":[{"dependsOn":[{"id":"/subscriptions/00000000-0000-0000-0000-000000000000/providers/Microsoft.Authorization/policyDefinitions/policy2","resourceType":"Microsoft.Authorization/policyDefinitions","resourceName":"policy2"}],"id":"/subscriptions/00000000-0000-0000-0000-000000000000/providers/Microsoft.Authorization/policyAssignments/location-lock","resourceType":"Microsoft.Authorization/policyAssignments","resourceName":"location-lock"},{"dependsOn":[{"id":"/subscriptions/00000000-0000-0000-0000-000000000000/resourceGroups/cli_test_subscription_level_deployment","resourceType":"Microsoft.Resources/resourceGroups","resourceName":"cli_test_subscription_level_deployment"}],"id":"/subscriptions/00000000-0000-0000-0000-000000000000/resourceGroups/cli_test_subscription_level_deployment/providers/Microsoft.Resources/deployments/rg-nested6","resourceType":"Microsoft.Resources/deployments","resourceName":"rg-nested6"}],"validatedResources":[{"id":"/subscriptions/00000000-0000-0000-0000-000000000000/providers/Microsoft.Authorization/policyDefinitions/policy2"},{"id":"/subscriptions/00000000-0000-0000-0000-000000000000/providers/Microsoft.Authorization/policyAssignments/location-lock"},{"id":"/subscriptions/00000000-0000-0000-0000-000000000000/resourceGroups/cli_test_subscription_level_deployment"},{"id":"/subscriptions/00000000-0000-0000-0000-000000000000/resourceGroups/cli_test_subscription_level_deployment/providers/Microsoft.Resources/deployments/rg-nested6"},{"id":"/subscriptions/00000000-0000-0000-0000-000000000000/resourceGroups/cli_test_subscription_level_deployment/providers/Microsoft.Storage/storageAccounts/armbuilddemo18221"}]}}'
    headers:
      cache-control:
      - no-cache
      content-length:
      - '2625'
      content-type:
      - application/json; charset=utf-8
      date:
      - Thu, 07 May 2020 21:30:36 GMT
      expires:
      - '-1'
      pragma:
      - no-cache
      strict-transport-security:
      - max-age=31536000; includeSubDomains
      transfer-encoding:
      - chunked
      vary:
      - Accept-Encoding
      x-content-type-options:
      - nosniff
      x-ms-ratelimit-remaining-subscription-writes:
      - '1199'
    status:
      code: 200
      message: OK
- request:
    body: null
    headers:
      Connection:
      - close
      Host:
      - raw.githubusercontent.com
      User-Agent:
      - Python-urllib/3.8
    method: GET
    uri: https://raw.githubusercontent.com/Azure/azure-cli/dev/src/azure-cli/azure/cli/command_modules/resource/tests/latest/subscription_level_parameters.json
  response:
    body:
      string: "{\n  \"$schema\": \"https://schema.management.azure.com/schemas/2015-01-01/deploymentParameters.json#\",\n
        \ \"contentVersion\": \"1.0.0.0\",\n  \"parameters\": {\n     /** comment1\n
        \       comment2\n        comment3\n      **/\n      // comment\n      /**
        comment **/\n    \"storageAccountName\": {\n      \"value\": \"armbuilddemo18221\"
        \ // comment\n    },\n    \"nestedRGName\": {\n      /** comment1\n        comment2\n
        \       comment3\n      **/\n      // comment\n      /** comment **/\n      \"value\":
        \"cli_test_subscription_level_deployment\" /** comment **/\n      /** comment1\n
        \       comment2\n        comment3\n      **/\n      // comment\n      /**
        comment **/\n    }\n      /** comment1\n        comment2\n        comment3\n
        \     **/\n      // comment\n      /** comment **/\n  }\n}"
    headers:
      accept-ranges:
      - bytes
      access-control-allow-origin:
      - '*'
      cache-control:
      - max-age=300
      connection:
      - close
      content-length:
      - '743'
      content-security-policy:
      - default-src 'none'; style-src 'unsafe-inline'; sandbox
      content-type:
      - text/plain; charset=utf-8
      date:
      - Thu, 07 May 2020 21:30:37 GMT
      etag:
      - W/"81a700bfbc7c38ff418a2dd8bdefb2053b5db3e153a4dc8bd907aa08c9f2de9c"
      expires:
      - Thu, 07 May 2020 21:35:37 GMT
      source-age:
      - '0'
      strict-transport-security:
      - max-age=31536000
      vary:
      - Authorization,Accept-Encoding
      via:
      - 1.1 varnish (Varnish/6.0)
      - 1.1 varnish
      x-cache:
      - MISS, HIT
      x-cache-hits:
      - 0, 1
      x-content-type-options:
      - nosniff
      x-fastly-request-id:
      - b95f9f8b4f5c2dd444e3c70cd7b3330853dcaf71
      x-frame-options:
      - deny
      x-github-request-id:
      - 278E:3203:203C9:27BD2:5EB479C2
      x-served-by:
      - cache-sea4420-SEA
      x-timer:
      - S1588887037.069925,VS0,VE165
      x-xss-protection:
      - 1; mode=block
    status:
      code: 200
      message: OK
- request:
    body: "{\"location\": \"WestUS\", \"properties\": {\"parameters\": {\"storageAccountName\":
      {\"value\": \"armbuilddemo18221\"}, \"nestedRGName\": {\"value\": \"cli_test_subscription_level_deployment\"}},
      \"mode\": \"Incremental\", template:{\r\n  \"$schema\": \"https://schema.management.azure.com/schemas/2015-01-01/deploymentTemplate.json#\",\r\n
      \ \"contentVersion\": \"1.0.0.0\",\r\n  \"parameters\": {\r\n    \"storageAccountName\":
      {\r\n      \"type\": \"string\",\r\n      \"defaultValue\": \"armbuilddemo1801\"\r\n
      \   },\r\n    \"nestedRGName\": {\r\n      \"type\": \"string\",\r\n      \"defaultValue\":
      \"cli_test_subscription_level_deployment\"\r\n    }\r\n  },\r\n  \"variables\":
      {},\r\n  \"resources\": [\r\n    {\r\n      \"type\": \"Microsoft.Authorization/policyDefinitions\",\r\n
      \     \"name\": \"policy2\",\r\n      \"apiVersion\": \"2016-12-01\",\r\n      \"properties\":
      {\r\n        \"policyType\": \"Custom\",\r\n        \"parameters\": {},\r\n
      \       \"policyRule\": {\r\n          \"if\": {\r\n            \"field\": \"location\",\r\n
      \           \"equals\": \"northeurope\"\r\n          },\r\n          \"then\":
      {\r\n            \"effect\": \"deny\"\r\n          }\r\n        }\r\n      }\r\n
      \   },\r\n    {\r\n      \"type\": \"Microsoft.Authorization/policyAssignments\",\r\n
      \     \"name\": \"location-lock\",\r\n      \"apiVersion\": \"2016-12-01\",\r\n
      \     \"dependsOn\": [\r\n        \"policy2\"\r\n      ],\r\n      \"properties\":
      {\r\n        \"scope\": \"[subscription().id]\",\r\n        \"policyDefinitionId\":
      \"[resourceId('Microsoft.Authorization/policyDefinitions', 'policy2')]\"\r\n
      \     }\r\n    },\r\n    {\r\n      \"type\": \"Microsoft.Resources/resourceGroups\",\r\n
      \     \"name\": \"[parameters('nestedRGName')]\",\r\n      \"apiVersion\": \"2018-05-01\",\r\n
      \     \"location\": \"WestUS\",\r\n      \"properties\": {\r\n      }\r\n    },\r\n
      \   {\r\n      \"type\": \"Microsoft.Resources/deployments\",\r\n      \"name\":
      \"rg-nested6\",\r\n      \"apiVersion\": \"2017-05-10\",\r\n      \"resourceGroup\":
      \"[parameters('nestedRGName')]\",\r\n      \"dependsOn\": [ \"[parameters('nestedRGName')]\"
      ],\r\n      \"properties\": {\r\n        \"template\": {\r\n          \"$schema\":
      \"https://schema.management.azure.com/schemas/2015-01-01/deploymentTemplate.json#\",\r\n
      \         \"contentVersion\": \"1.0.0.0\",\r\n          \"parameters\": {},\r\n
      \         \"variables\": {},\r\n          \"resources\": [\r\n            {\r\n
      \             \"type\": \"Microsoft.Storage/storageAccounts\",\r\n              \"name\":
      \"[parameters('storageAccountName')]\",\r\n              \"apiVersion\": \"2015-06-15\",\r\n
      \             \"location\": \"East US\",\r\n              \"properties\": {\r\n
      \               \"accountType\": \"Standard_LRS\",\r\n                \"supportsHttpsTrafficOnly\":
      true\r\n              }\r\n            }\r\n          ]\r\n        },\r\n        \"mode\":\"Incremental\"\r\n
      \     }\r\n    }\r\n  ] // comment\r\n}}}"
    headers:
      Accept:
      - application/json
      Accept-Encoding:
      - gzip, deflate
      CommandName:
      - deployment validate
      Connection:
      - keep-alive
      Content-Length:
      - '2613'
      Content-Type:
      - application/json; charset=utf-8
      ParameterSetName:
      - --location --template-file --parameters
      User-Agent:
      - python/3.8.2 (Windows-10-10.0.18362-SP0) msrest/0.6.11 msrest_azure/0.6.3
        azure-mgmt-resource/9.0.0 Azure-SDK-For-Python AZURECLI/2.5.1
      accept-language:
      - en-US
    method: POST
    uri: https://management.azure.com/subscriptions/00000000-0000-0000-0000-000000000000/providers/Microsoft.Resources/deployments/mock-deployment/validate?api-version=2019-10-01
  response:
    body:
      string: '{"id":"/subscriptions/00000000-0000-0000-0000-000000000000/providers/Microsoft.Resources/deployments/subscription_level_template","name":"subscription_level_template","type":"Microsoft.Resources/deployments","location":"westus","properties":{"templateHash":"13231341667663423384","parameters":{"storageAccountName":{"type":"String","value":"armbuilddemo18221"},"nestedRGName":{"type":"String","value":"cli_test_subscription_level_deployment"}},"mode":"Incremental","provisioningState":"Succeeded","timestamp":"2020-05-07T21:30:37.551784Z","duration":"PT0S","correlationId":"79f99f9a-0733-4410-9cd1-5ef4412451d5","providers":[{"namespace":"Microsoft.Authorization","resourceTypes":[{"resourceType":"policyDefinitions","locations":[null]},{"resourceType":"policyAssignments","locations":[null]}]},{"namespace":"Microsoft.Resources","resourceTypes":[{"resourceType":"resourceGroups","locations":["westus"]},{"resourceType":"deployments","locations":[null]}]}],"dependencies":[{"dependsOn":[{"id":"/subscriptions/00000000-0000-0000-0000-000000000000/providers/Microsoft.Authorization/policyDefinitions/policy2","resourceType":"Microsoft.Authorization/policyDefinitions","resourceName":"policy2"}],"id":"/subscriptions/00000000-0000-0000-0000-000000000000/providers/Microsoft.Authorization/policyAssignments/location-lock","resourceType":"Microsoft.Authorization/policyAssignments","resourceName":"location-lock"},{"dependsOn":[{"id":"/subscriptions/00000000-0000-0000-0000-000000000000/resourceGroups/cli_test_subscription_level_deployment","resourceType":"Microsoft.Resources/resourceGroups","resourceName":"cli_test_subscription_level_deployment"}],"id":"/subscriptions/00000000-0000-0000-0000-000000000000/resourceGroups/cli_test_subscription_level_deployment/providers/Microsoft.Resources/deployments/rg-nested6","resourceType":"Microsoft.Resources/deployments","resourceName":"rg-nested6"}],"validatedResources":[{"id":"/subscriptions/00000000-0000-0000-0000-000000000000/providers/Microsoft.Authorization/policyDefinitions/policy2"},{"id":"/subscriptions/00000000-0000-0000-0000-000000000000/providers/Microsoft.Authorization/policyAssignments/location-lock"},{"id":"/subscriptions/00000000-0000-0000-0000-000000000000/resourceGroups/cli_test_subscription_level_deployment"},{"id":"/subscriptions/00000000-0000-0000-0000-000000000000/resourceGroups/cli_test_subscription_level_deployment/providers/Microsoft.Resources/deployments/rg-nested6"},{"id":"/subscriptions/00000000-0000-0000-0000-000000000000/resourceGroups/cli_test_subscription_level_deployment/providers/Microsoft.Storage/storageAccounts/armbuilddemo18221"}]}}'
    headers:
      cache-control:
      - no-cache
      content-length:
      - '2624'
      content-type:
      - application/json; charset=utf-8
      date:
      - Thu, 07 May 2020 21:30:37 GMT
      expires:
      - '-1'
      pragma:
      - no-cache
      strict-transport-security:
      - max-age=31536000; includeSubDomains
      transfer-encoding:
      - chunked
      vary:
      - Accept-Encoding
      x-content-type-options:
      - nosniff
      x-ms-ratelimit-remaining-subscription-writes:
      - '1199'
    status:
      code: 200
      message: OK
- request:
    body: "{\"location\": \"WestUS\", \"properties\": {\"parameters\": {\"storageAccountName\":
      {\"value\": \"armbuilddemo18221\"}, \"nestedRGName\": {\"value\": \"cli_test_subscription_level_deployment\"}},
      \"mode\": \"Incremental\", template:{\r\n  \"$schema\": \"https://schema.management.azure.com/schemas/2015-01-01/deploymentTemplate.json#\",\r\n
      \ \"contentVersion\": \"1.0.0.0\",\r\n  \"parameters\": {\r\n    \"storageAccountName\":
      {\r\n      \"type\": \"string\",\r\n      \"defaultValue\": \"armbuilddemo1801\"\r\n
      \   },\r\n    \"nestedRGName\": {\r\n      \"type\": \"string\",\r\n      \"defaultValue\":
      \"cli_test_subscription_level_deployment\"\r\n    }\r\n  },\r\n  \"variables\":
      {},\r\n  \"resources\": [\r\n    {\r\n      \"type\": \"Microsoft.Authorization/policyDefinitions\",\r\n
      \     \"name\": \"policy2\",\r\n      \"apiVersion\": \"2016-12-01\",\r\n      \"properties\":
      {\r\n        \"policyType\": \"Custom\",\r\n        \"parameters\": {},\r\n
      \       \"policyRule\": {\r\n          \"if\": {\r\n            \"field\": \"location\",\r\n
      \           \"equals\": \"northeurope\"\r\n          },\r\n          \"then\":
      {\r\n            \"effect\": \"deny\"\r\n          }\r\n        }\r\n      }\r\n
      \   },\r\n    {\r\n      \"type\": \"Microsoft.Authorization/policyAssignments\",\r\n
      \     \"name\": \"location-lock\",\r\n      \"apiVersion\": \"2016-12-01\",\r\n
      \     \"dependsOn\": [\r\n        \"policy2\"\r\n      ],\r\n      \"properties\":
      {\r\n        \"scope\": \"[subscription().id]\",\r\n        \"policyDefinitionId\":
      \"[resourceId('Microsoft.Authorization/policyDefinitions', 'policy2')]\"\r\n
      \     }\r\n    },\r\n    {\r\n      \"type\": \"Microsoft.Resources/resourceGroups\",\r\n
      \     \"name\": \"[parameters('nestedRGName')]\",\r\n      \"apiVersion\": \"2018-05-01\",\r\n
      \     \"location\": \"WestUS\",\r\n      \"properties\": {\r\n      }\r\n    },\r\n
      \   {\r\n      \"type\": \"Microsoft.Resources/deployments\",\r\n      \"name\":
      \"rg-nested6\",\r\n      \"apiVersion\": \"2017-05-10\",\r\n      \"resourceGroup\":
      \"[parameters('nestedRGName')]\",\r\n      \"dependsOn\": [ \"[parameters('nestedRGName')]\"
      ],\r\n      \"properties\": {\r\n        \"template\": {\r\n          \"$schema\":
      \"https://schema.management.azure.com/schemas/2015-01-01/deploymentTemplate.json#\",\r\n
      \         \"contentVersion\": \"1.0.0.0\",\r\n          \"parameters\": {},\r\n
      \         \"variables\": {},\r\n          \"resources\": [\r\n            {\r\n
      \             \"type\": \"Microsoft.Storage/storageAccounts\",\r\n              \"name\":
      \"[parameters('storageAccountName')]\",\r\n              \"apiVersion\": \"2015-06-15\",\r\n
      \             \"location\": \"East US\",\r\n              \"properties\": {\r\n
      \               \"accountType\": \"Standard_LRS\",\r\n                \"supportsHttpsTrafficOnly\":
      true\r\n              }\r\n            }\r\n          ]\r\n        },\r\n        \"mode\":\"Incremental\"\r\n
      \     }\r\n    }\r\n  ] // comment\r\n}}}"
    headers:
      Accept:
      - application/json
      Accept-Encoding:
      - gzip, deflate
      CommandName:
      - deployment create
      Connection:
      - keep-alive
      Content-Length:
      - '2613'
      Content-Type:
      - application/json; charset=utf-8
      ParameterSetName:
      - -n --location --template-file --parameters
      User-Agent:
      - python/3.8.2 (Windows-10-10.0.18362-SP0) msrest/0.6.11 msrest_azure/0.6.3
        azure-mgmt-resource/9.0.0 Azure-SDK-For-Python AZURECLI/2.5.1
      accept-language:
      - en-US
    method: POST
    uri: https://management.azure.com/subscriptions/00000000-0000-0000-0000-000000000000/providers/Microsoft.Resources/deployments/mock-deployment/validate?api-version=2019-10-01
  response:
    body:
      string: '{"id":"/subscriptions/00000000-0000-0000-0000-000000000000/providers/Microsoft.Resources/deployments/azure-cli-subscription_level_deployment000001","name":"azure-cli-subscription_level_deployment000001","type":"Microsoft.Resources/deployments","location":"westus","properties":{"templateHash":"13231341667663423384","parameters":{"storageAccountName":{"type":"String","value":"armbuilddemo18221"},"nestedRGName":{"type":"String","value":"cli_test_subscription_level_deployment"}},"mode":"Incremental","provisioningState":"Succeeded","timestamp":"2020-05-07T21:30:38.3536028Z","duration":"PT0S","correlationId":"9fbbb667-fa33-476e-bc05-6084983451ae","providers":[{"namespace":"Microsoft.Authorization","resourceTypes":[{"resourceType":"policyDefinitions","locations":[null]},{"resourceType":"policyAssignments","locations":[null]}]},{"namespace":"Microsoft.Resources","resourceTypes":[{"resourceType":"resourceGroups","locations":["westus"]},{"resourceType":"deployments","locations":[null]}]}],"dependencies":[{"dependsOn":[{"id":"/subscriptions/00000000-0000-0000-0000-000000000000/providers/Microsoft.Authorization/policyDefinitions/policy2","resourceType":"Microsoft.Authorization/policyDefinitions","resourceName":"policy2"}],"id":"/subscriptions/00000000-0000-0000-0000-000000000000/providers/Microsoft.Authorization/policyAssignments/location-lock","resourceType":"Microsoft.Authorization/policyAssignments","resourceName":"location-lock"},{"dependsOn":[{"id":"/subscriptions/00000000-0000-0000-0000-000000000000/resourceGroups/cli_test_subscription_level_deployment","resourceType":"Microsoft.Resources/resourceGroups","resourceName":"cli_test_subscription_level_deployment"}],"id":"/subscriptions/00000000-0000-0000-0000-000000000000/resourceGroups/cli_test_subscription_level_deployment/providers/Microsoft.Resources/deployments/rg-nested6","resourceType":"Microsoft.Resources/deployments","resourceName":"rg-nested6"}],"validatedResources":[{"id":"/subscriptions/00000000-0000-0000-0000-000000000000/providers/Microsoft.Authorization/policyDefinitions/policy2"},{"id":"/subscriptions/00000000-0000-0000-0000-000000000000/providers/Microsoft.Authorization/policyAssignments/location-lock"},{"id":"/subscriptions/00000000-0000-0000-0000-000000000000/resourceGroups/cli_test_subscription_level_deployment"},{"id":"/subscriptions/00000000-0000-0000-0000-000000000000/resourceGroups/cli_test_subscription_level_deployment/providers/Microsoft.Resources/deployments/rg-nested6"},{"id":"/subscriptions/00000000-0000-0000-0000-000000000000/resourceGroups/cli_test_subscription_level_deployment/providers/Microsoft.Storage/storageAccounts/armbuilddemo18221"}]}}'
    headers:
      cache-control:
      - no-cache
      content-length:
      - '2691'
      content-type:
      - application/json; charset=utf-8
      date:
      - Thu, 07 May 2020 21:30:37 GMT
      expires:
      - '-1'
      pragma:
      - no-cache
      strict-transport-security:
      - max-age=31536000; includeSubDomains
      transfer-encoding:
      - chunked
      vary:
      - Accept-Encoding
      x-content-type-options:
      - nosniff
      x-ms-ratelimit-remaining-subscription-writes:
      - '1199'
    status:
      code: 200
      message: OK
- request:
    body: "{\"location\": \"WestUS\", \"properties\": {\"parameters\": {\"storageAccountName\":
      {\"value\": \"armbuilddemo18221\"}, \"nestedRGName\": {\"value\": \"cli_test_subscription_level_deployment\"}},
      \"mode\": \"Incremental\", template:{\r\n  \"$schema\": \"https://schema.management.azure.com/schemas/2015-01-01/deploymentTemplate.json#\",\r\n
      \ \"contentVersion\": \"1.0.0.0\",\r\n  \"parameters\": {\r\n    \"storageAccountName\":
      {\r\n      \"type\": \"string\",\r\n      \"defaultValue\": \"armbuilddemo1801\"\r\n
      \   },\r\n    \"nestedRGName\": {\r\n      \"type\": \"string\",\r\n      \"defaultValue\":
      \"cli_test_subscription_level_deployment\"\r\n    }\r\n  },\r\n  \"variables\":
      {},\r\n  \"resources\": [\r\n    {\r\n      \"type\": \"Microsoft.Authorization/policyDefinitions\",\r\n
      \     \"name\": \"policy2\",\r\n      \"apiVersion\": \"2016-12-01\",\r\n      \"properties\":
      {\r\n        \"policyType\": \"Custom\",\r\n        \"parameters\": {},\r\n
      \       \"policyRule\": {\r\n          \"if\": {\r\n            \"field\": \"location\",\r\n
      \           \"equals\": \"northeurope\"\r\n          },\r\n          \"then\":
      {\r\n            \"effect\": \"deny\"\r\n          }\r\n        }\r\n      }\r\n
      \   },\r\n    {\r\n      \"type\": \"Microsoft.Authorization/policyAssignments\",\r\n
      \     \"name\": \"location-lock\",\r\n      \"apiVersion\": \"2016-12-01\",\r\n
      \     \"dependsOn\": [\r\n        \"policy2\"\r\n      ],\r\n      \"properties\":
      {\r\n        \"scope\": \"[subscription().id]\",\r\n        \"policyDefinitionId\":
      \"[resourceId('Microsoft.Authorization/policyDefinitions', 'policy2')]\"\r\n
      \     }\r\n    },\r\n    {\r\n      \"type\": \"Microsoft.Resources/resourceGroups\",\r\n
      \     \"name\": \"[parameters('nestedRGName')]\",\r\n      \"apiVersion\": \"2018-05-01\",\r\n
      \     \"location\": \"WestUS\",\r\n      \"properties\": {\r\n      }\r\n    },\r\n
      \   {\r\n      \"type\": \"Microsoft.Resources/deployments\",\r\n      \"name\":
      \"rg-nested6\",\r\n      \"apiVersion\": \"2017-05-10\",\r\n      \"resourceGroup\":
      \"[parameters('nestedRGName')]\",\r\n      \"dependsOn\": [ \"[parameters('nestedRGName')]\"
      ],\r\n      \"properties\": {\r\n        \"template\": {\r\n          \"$schema\":
      \"https://schema.management.azure.com/schemas/2015-01-01/deploymentTemplate.json#\",\r\n
      \         \"contentVersion\": \"1.0.0.0\",\r\n          \"parameters\": {},\r\n
      \         \"variables\": {},\r\n          \"resources\": [\r\n            {\r\n
      \             \"type\": \"Microsoft.Storage/storageAccounts\",\r\n              \"name\":
      \"[parameters('storageAccountName')]\",\r\n              \"apiVersion\": \"2015-06-15\",\r\n
      \             \"location\": \"East US\",\r\n              \"properties\": {\r\n
      \               \"accountType\": \"Standard_LRS\",\r\n                \"supportsHttpsTrafficOnly\":
      true\r\n              }\r\n            }\r\n          ]\r\n        },\r\n        \"mode\":\"Incremental\"\r\n
      \     }\r\n    }\r\n  ] // comment\r\n}}}"
    headers:
      Accept:
      - application/json
      Accept-Encoding:
      - gzip, deflate
      CommandName:
      - deployment create
      Connection:
      - keep-alive
      Content-Length:
      - '2613'
      Content-Type:
      - application/json; charset=utf-8
      ParameterSetName:
      - -n --location --template-file --parameters
      User-Agent:
      - python/3.8.2 (Windows-10-10.0.18362-SP0) msrest/0.6.11 msrest_azure/0.6.3
        azure-mgmt-resource/9.0.0 Azure-SDK-For-Python AZURECLI/2.5.1
      accept-language:
      - en-US
    method: PUT
    uri: https://management.azure.com/subscriptions/00000000-0000-0000-0000-000000000000/providers/Microsoft.Resources/deployments/mock-deployment?api-version=2019-10-01
  response:
    body:
      string: '{"id":"/subscriptions/00000000-0000-0000-0000-000000000000/providers/Microsoft.Resources/deployments/azure-cli-subscription_level_deployment000001","name":"azure-cli-subscription_level_deployment000001","type":"Microsoft.Resources/deployments","location":"westus","properties":{"templateHash":"13231341667663423384","parameters":{"storageAccountName":{"type":"String","value":"armbuilddemo18221"},"nestedRGName":{"type":"String","value":"cli_test_subscription_level_deployment"}},"mode":"Incremental","provisioningState":"Accepted","timestamp":"2020-05-07T21:30:39.4457411Z","duration":"PT0.6889468S","correlationId":"df19fd53-c129-4433-9d47-66f171fb7092","providers":[{"namespace":"Microsoft.Authorization","resourceTypes":[{"resourceType":"policyDefinitions","locations":[null]},{"resourceType":"policyAssignments","locations":[null]}]},{"namespace":"Microsoft.Resources","resourceTypes":[{"resourceType":"resourceGroups","locations":["westus"]},{"resourceType":"deployments","locations":[null]}]}],"dependencies":[{"dependsOn":[{"id":"/subscriptions/00000000-0000-0000-0000-000000000000/providers/Microsoft.Authorization/policyDefinitions/policy2","resourceType":"Microsoft.Authorization/policyDefinitions","resourceName":"policy2"}],"id":"/subscriptions/00000000-0000-0000-0000-000000000000/providers/Microsoft.Authorization/policyAssignments/location-lock","resourceType":"Microsoft.Authorization/policyAssignments","resourceName":"location-lock"},{"dependsOn":[{"id":"/subscriptions/00000000-0000-0000-0000-000000000000/resourceGroups/cli_test_subscription_level_deployment","resourceType":"Microsoft.Resources/resourceGroups","resourceName":"cli_test_subscription_level_deployment"}],"id":"/subscriptions/00000000-0000-0000-0000-000000000000/resourceGroups/cli_test_subscription_level_deployment/providers/Microsoft.Resources/deployments/rg-nested6","resourceType":"Microsoft.Resources/deployments","resourceName":"rg-nested6"}]}}'
    headers:
      azure-asyncoperation:
      - https://management.azure.com/subscriptions/00000000-0000-0000-0000-000000000000/providers/Microsoft.Resources/deployments/azure-cli-subscription_level_deployment000001/operationStatuses/08586127198467208489?api-version=2019-10-01
      cache-control:
      - no-cache
      content-length:
      - '1967'
      content-type:
      - application/json; charset=utf-8
      date:
      - Thu, 07 May 2020 21:30:38 GMT
      expires:
      - '-1'
      pragma:
      - no-cache
      strict-transport-security:
      - max-age=31536000; includeSubDomains
      x-content-type-options:
      - nosniff
      x-ms-ratelimit-remaining-subscription-writes:
      - '1199'
    status:
      code: 201
      message: Created
- request:
    body: null
    headers:
      Accept:
      - application/json
      Accept-Encoding:
      - gzip, deflate
      CommandName:
      - deployment create
      Connection:
      - keep-alive
      ParameterSetName:
      - -n --location --template-file --parameters
      User-Agent:
      - python/3.8.2 (Windows-10-10.0.18362-SP0) msrest/0.6.11 msrest_azure/0.6.3
        azure-mgmt-resource/9.0.0 Azure-SDK-For-Python AZURECLI/2.5.1
    method: GET
    uri: https://management.azure.com/subscriptions/00000000-0000-0000-0000-000000000000/providers/Microsoft.Resources/deployments/mock-deployment/operationStatuses/08586127198467208489?api-version=2019-10-01
  response:
    body:
      string: '{"status":"Succeeded"}'
    headers:
      cache-control:
      - no-cache
      content-length:
      - '22'
      content-type:
      - application/json; charset=utf-8
      date:
      - Thu, 07 May 2020 21:31:09 GMT
      expires:
      - '-1'
      pragma:
      - no-cache
      strict-transport-security:
      - max-age=31536000; includeSubDomains
      vary:
      - Accept-Encoding
      x-content-type-options:
      - nosniff
    status:
      code: 200
      message: OK
- request:
    body: null
    headers:
      Accept:
      - application/json
      Accept-Encoding:
      - gzip, deflate
      CommandName:
      - deployment create
      Connection:
      - keep-alive
      ParameterSetName:
      - -n --location --template-file --parameters
      User-Agent:
      - python/3.8.2 (Windows-10-10.0.18362-SP0) msrest/0.6.11 msrest_azure/0.6.3
        azure-mgmt-resource/9.0.0 Azure-SDK-For-Python AZURECLI/2.5.1
    method: GET
    uri: https://management.azure.com/subscriptions/00000000-0000-0000-0000-000000000000/providers/Microsoft.Resources/deployments/mock-deployment?api-version=2019-10-01
  response:
    body:
      string: '{"id":"/subscriptions/00000000-0000-0000-0000-000000000000/providers/Microsoft.Resources/deployments/azure-cli-subscription_level_deployment000001","name":"azure-cli-subscription_level_deployment000001","type":"Microsoft.Resources/deployments","location":"westus","properties":{"templateHash":"13231341667663423384","parameters":{"storageAccountName":{"type":"String","value":"armbuilddemo18221"},"nestedRGName":{"type":"String","value":"cli_test_subscription_level_deployment"}},"mode":"Incremental","provisioningState":"Succeeded","timestamp":"2020-05-07T21:31:07.6685083Z","duration":"PT28.911714S","correlationId":"df19fd53-c129-4433-9d47-66f171fb7092","providers":[{"namespace":"Microsoft.Authorization","resourceTypes":[{"resourceType":"policyDefinitions","locations":[null]},{"resourceType":"policyAssignments","locations":[null]}]},{"namespace":"Microsoft.Resources","resourceTypes":[{"resourceType":"resourceGroups","locations":["westus"]},{"resourceType":"deployments","locations":[null]}]}],"dependencies":[{"dependsOn":[{"id":"/subscriptions/00000000-0000-0000-0000-000000000000/providers/Microsoft.Authorization/policyDefinitions/policy2","resourceType":"Microsoft.Authorization/policyDefinitions","resourceName":"policy2"}],"id":"/subscriptions/00000000-0000-0000-0000-000000000000/providers/Microsoft.Authorization/policyAssignments/location-lock","resourceType":"Microsoft.Authorization/policyAssignments","resourceName":"location-lock"},{"dependsOn":[{"id":"/subscriptions/00000000-0000-0000-0000-000000000000/resourceGroups/cli_test_subscription_level_deployment","resourceType":"Microsoft.Resources/resourceGroups","resourceName":"cli_test_subscription_level_deployment"}],"id":"/subscriptions/00000000-0000-0000-0000-000000000000/resourceGroups/cli_test_subscription_level_deployment/providers/Microsoft.Resources/deployments/rg-nested6","resourceType":"Microsoft.Resources/deployments","resourceName":"rg-nested6"}],"outputResources":[{"id":"/subscriptions/00000000-0000-0000-0000-000000000000/providers/Microsoft.Authorization/policyAssignments/location-lock"},{"id":"/subscriptions/00000000-0000-0000-0000-000000000000/providers/Microsoft.Authorization/policyDefinitions/policy2"},{"id":"/subscriptions/00000000-0000-0000-0000-000000000000/resourceGroups/cli_test_subscription_level_deployment"},{"id":"/subscriptions/00000000-0000-0000-0000-000000000000/resourceGroups/cli_test_subscription_level_deployment/providers/Microsoft.Storage/storageAccounts/armbuilddemo18221"}]}}'
    headers:
      cache-control:
      - no-cache
      content-length:
      - '2528'
      content-type:
      - application/json; charset=utf-8
      date:
      - Thu, 07 May 2020 21:31:09 GMT
      expires:
      - '-1'
      pragma:
      - no-cache
      strict-transport-security:
      - max-age=31536000; includeSubDomains
      vary:
      - Accept-Encoding
      x-content-type-options:
      - nosniff
    status:
      code: 200
      message: OK
- request:
    body: null
    headers:
      Accept:
      - application/json
      Accept-Encoding:
      - gzip, deflate
      CommandName:
      - deployment list
      Connection:
      - keep-alive
      User-Agent:
      - python/3.8.2 (Windows-10-10.0.18362-SP0) msrest/0.6.11 msrest_azure/0.6.3
        azure-mgmt-resource/9.0.0 Azure-SDK-For-Python AZURECLI/2.5.1
      accept-language:
      - en-US
    method: GET
    uri: https://management.azure.com/subscriptions/00000000-0000-0000-0000-000000000000/providers/Microsoft.Resources/deployments/?api-version=2019-10-01
  response:
    body:
      string: '{"value":[{"id":"/subscriptions/00000000-0000-0000-0000-000000000000/providers/Microsoft.Resources/deployments/azure-cli-subscription_level_deployment000001","name":"azure-cli-subscription_level_deployment000001","type":"Microsoft.Resources/deployments","location":"westus","properties":{"templateHash":"13231341667663423384","parameters":{"storageAccountName":{"type":"String","value":"armbuilddemo18221"},"nestedRGName":{"type":"String","value":"cli_test_subscription_level_deployment"}},"mode":"Incremental","provisioningState":"Succeeded","timestamp":"2020-05-07T21:31:07.6685083Z","duration":"PT28.911714S","correlationId":"df19fd53-c129-4433-9d47-66f171fb7092","providers":[{"namespace":"Microsoft.Authorization","resourceTypes":[{"resourceType":"policyDefinitions","locations":[null]},{"resourceType":"policyAssignments","locations":[null]}]},{"namespace":"Microsoft.Resources","resourceTypes":[{"resourceType":"resourceGroups","locations":["westus"]},{"resourceType":"deployments","locations":[null]}]}],"dependencies":[{"dependsOn":[{"id":"/subscriptions/00000000-0000-0000-0000-000000000000/providers/Microsoft.Authorization/policyDefinitions/policy2","resourceType":"Microsoft.Authorization/policyDefinitions","resourceName":"policy2"}],"id":"/subscriptions/00000000-0000-0000-0000-000000000000/providers/Microsoft.Authorization/policyAssignments/location-lock","resourceType":"Microsoft.Authorization/policyAssignments","resourceName":"location-lock"},{"dependsOn":[{"id":"/subscriptions/00000000-0000-0000-0000-000000000000/resourceGroups/cli_test_subscription_level_deployment","resourceType":"Microsoft.Resources/resourceGroups","resourceName":"cli_test_subscription_level_deployment"}],"id":"/subscriptions/00000000-0000-0000-0000-000000000000/resourceGroups/cli_test_subscription_level_deployment/providers/Microsoft.Resources/deployments/rg-nested6","resourceType":"Microsoft.Resources/deployments","resourceName":"rg-nested6"}],"outputResources":[{"id":"/subscriptions/00000000-0000-0000-0000-000000000000/providers/Microsoft.Authorization/policyAssignments/location-lock"},{"id":"/subscriptions/00000000-0000-0000-0000-000000000000/providers/Microsoft.Authorization/policyDefinitions/policy2"},{"id":"/subscriptions/00000000-0000-0000-0000-000000000000/resourceGroups/cli_test_subscription_level_deployment"},{"id":"/subscriptions/00000000-0000-0000-0000-000000000000/resourceGroups/cli_test_subscription_level_deployment/providers/Microsoft.Storage/storageAccounts/armbuilddemo18221"}]}},{"id":"/subscriptions/00000000-0000-0000-0000-000000000000/providers/Microsoft.Resources/deployments/azure-cli-subscription_level_deploymentvemnfalepc4h3wpvanhsa","name":"azure-cli-subscription_level_deploymentvemnfalepc4h3wpvanhsa","type":"Microsoft.Resources/deployments","location":"westus","properties":{"templateHash":"13231341667663423384","parameters":{"storageAccountName":{"type":"String","value":"armbuilddemo18221"},"nestedRGName":{"type":"String","value":"cli_test_subscription_level_deployment"}},"mode":"Incremental","provisioningState":"Canceled","timestamp":"2020-05-07T21:25:26.1304873Z","duration":"PT5.5401521S","correlationId":"05e0935b-16af-4ad6-8240-65cc6d03828f","providers":[{"namespace":"Microsoft.Authorization","resourceTypes":[{"resourceType":"policyDefinitions","locations":[null]},{"resourceType":"policyAssignments","locations":[null]}]},{"namespace":"Microsoft.Resources","resourceTypes":[{"resourceType":"resourceGroups","locations":["westus"]},{"resourceType":"deployments","locations":[null]}]}],"dependencies":[{"dependsOn":[{"id":"/subscriptions/00000000-0000-0000-0000-000000000000/providers/Microsoft.Authorization/policyDefinitions/policy2","resourceType":"Microsoft.Authorization/policyDefinitions","resourceName":"policy2"}],"id":"/subscriptions/00000000-0000-0000-0000-000000000000/providers/Microsoft.Authorization/policyAssignments/location-lock","resourceType":"Microsoft.Authorization/policyAssignments","resourceName":"location-lock"},{"dependsOn":[{"id":"/subscriptions/00000000-0000-0000-0000-000000000000/resourceGroups/cli_test_subscription_level_deployment","resourceType":"Microsoft.Resources/resourceGroups","resourceName":"cli_test_subscription_level_deployment"}],"id":"/subscriptions/00000000-0000-0000-0000-000000000000/resourceGroups/cli_test_subscription_level_deployment/providers/Microsoft.Resources/deployments/rg-nested6","resourceType":"Microsoft.Resources/deployments","resourceName":"rg-nested6"}]}},{"id":"/subscriptions/00000000-0000-0000-0000-000000000000/providers/Microsoft.Resources/deployments/azure-cli-subscription_level_deploymentsofsqh5q36erp6fryyq66","name":"azure-cli-subscription_level_deploymentsofsqh5q36erp6fryyq66","type":"Microsoft.Resources/deployments","location":"westus","properties":{"templateHash":"13231341667663423384","parameters":{"storageAccountName":{"type":"String","value":"armbuilddemo18221"},"nestedRGName":{"type":"String","value":"cli_test_subscription_level_deployment"}},"mode":"Incremental","provisioningState":"Succeeded","timestamp":"2020-05-07T21:23:31.2062378Z","duration":"PT35.7679427S","correlationId":"0a577f20-fd21-46d6-9420-61ae7f684d0e","providers":[{"namespace":"Microsoft.Authorization","resourceTypes":[{"resourceType":"policyDefinitions","locations":[null]},{"resourceType":"policyAssignments","locations":[null]}]},{"namespace":"Microsoft.Resources","resourceTypes":[{"resourceType":"resourceGroups","locations":["westus"]},{"resourceType":"deployments","locations":[null]}]}],"dependencies":[{"dependsOn":[{"id":"/subscriptions/00000000-0000-0000-0000-000000000000/providers/Microsoft.Authorization/policyDefinitions/policy2","resourceType":"Microsoft.Authorization/policyDefinitions","resourceName":"policy2"}],"id":"/subscriptions/00000000-0000-0000-0000-000000000000/providers/Microsoft.Authorization/policyAssignments/location-lock","resourceType":"Microsoft.Authorization/policyAssignments","resourceName":"location-lock"},{"dependsOn":[{"id":"/subscriptions/00000000-0000-0000-0000-000000000000/resourceGroups/cli_test_subscription_level_deployment","resourceType":"Microsoft.Resources/resourceGroups","resourceName":"cli_test_subscription_level_deployment"}],"id":"/subscriptions/00000000-0000-0000-0000-000000000000/resourceGroups/cli_test_subscription_level_deployment/providers/Microsoft.Resources/deployments/rg-nested6","resourceType":"Microsoft.Resources/deployments","resourceName":"rg-nested6"}],"outputResources":[{"id":"/subscriptions/00000000-0000-0000-0000-000000000000/providers/Microsoft.Authorization/policyAssignments/location-lock"},{"id":"/subscriptions/00000000-0000-0000-0000-000000000000/providers/Microsoft.Authorization/policyDefinitions/policy2"},{"id":"/subscriptions/00000000-0000-0000-0000-000000000000/resourceGroups/cli_test_subscription_level_deployment"},{"id":"/subscriptions/00000000-0000-0000-0000-000000000000/resourceGroups/cli_test_subscription_level_deployment/providers/Microsoft.Storage/storageAccounts/armbuilddemo18221"}]}},{"id":"/subscriptions/00000000-0000-0000-0000-000000000000/providers/Microsoft.Resources/deployments/sdktest-subnested","name":"sdktest-subnested","type":"Microsoft.Resources/deployments","location":"westus","properties":{"templateHash":"16170828830351333577","parameters":{},"mode":"Incremental","provisioningState":"Succeeded","timestamp":"2020-05-07T04:32:04.8781368Z","duration":"PT7.1101882S","correlationId":"649ceaeb-47af-40a2-bb34-d898e1c87a8e","providers":[{"namespace":"Microsoft.Resources","resourceTypes":[{"resourceType":"resourceGroups","locations":["eastus"]},{"resourceType":"deployments","locations":[null]}]}],"dependencies":[{"dependsOn":[{"id":"/subscriptions/00000000-0000-0000-0000-000000000000/resourceGroups/rg-001","resourceType":"Microsoft.Resources/resourceGroups","resourceName":"rg-001"}],"id":"/subscriptions/00000000-0000-0000-0000-000000000000/resourceGroups/rg-001/providers/Microsoft.Resources/deployments/rg-nested","resourceType":"Microsoft.Resources/deployments","resourceName":"rg-nested"}],"outputResources":[{"id":"/subscriptions/00000000-0000-0000-0000-000000000000/resourceGroups/rg-001"},{"id":"/subscriptions/00000000-0000-0000-0000-000000000000/resourceGroups/rg-001/providers/Microsoft.Storage/storageAccounts/tagsa1"}]}},{"id":"/subscriptions/00000000-0000-0000-0000-000000000000/providers/Microsoft.Resources/deployments/csmd2054","name":"csmd2054","type":"Microsoft.Resources/deployments","location":"westus","tags":{"tagKey1":"tagValue1"},"properties":{"templateHash":"17428175978634637131","parameters":{"storageAccountName":{"type":"String","value":"armbuilddemo1803"}},"mode":"Incremental","provisioningState":"Succeeded","timestamp":"2020-05-06T21:37:56.960968Z","duration":"PT30.8065993S","correlationId":"7ce19a30-76d0-4e6e-bf2b-80391b164388","providers":[{"namespace":"Microsoft.Authorization","resourceTypes":[{"resourceType":"policyDefinitions","locations":[null]},{"resourceType":"policyAssignments","locations":[null]}]},{"namespace":"Microsoft.Resources","resourceTypes":[{"resourceType":"deployments","locations":[null]}]}],"dependencies":[{"dependsOn":[{"id":"/subscriptions/00000000-0000-0000-0000-000000000000/providers/Microsoft.Authorization/policyDefinitions/policy2","resourceType":"Microsoft.Authorization/policyDefinitions","resourceName":"policy2"}],"id":"/subscriptions/00000000-0000-0000-0000-000000000000/providers/Microsoft.Authorization/policyAssignments/location-lock","resourceType":"Microsoft.Authorization/policyAssignments","resourceName":"location-lock"}],"outputResources":[{"id":"/subscriptions/00000000-0000-0000-0000-000000000000/providers/Microsoft.Authorization/policyAssignments/location-lock"},{"id":"/subscriptions/00000000-0000-0000-0000-000000000000/providers/Microsoft.Authorization/policyDefinitions/policy2"},{"id":"/subscriptions/00000000-0000-0000-0000-000000000000/resourceGroups/SDK-test/providers/Microsoft.Storage/storageAccounts/armbuilddemo1803"}]}},{"id":"/subscriptions/00000000-0000-0000-0000-000000000000/providers/Microsoft.Resources/deployments/ps_test_management_group_deployment","name":"ps_test_management_group_deployment","type":"Microsoft.Resources/deployments","location":"westus","properties":{"templateHash":"12129377318690341382","parameters":{},"mode":"Incremental","provisioningState":"Succeeded","timestamp":"2020-03-25T09:28:44.5688285Z","duration":"PT3M41.264937S","correlationId":"0bf36f58-079b-4046-8eda-f75d4ad9565b","providers":[{"namespace":"Microsoft.Resources","resourceTypes":[{"resourceType":"resourceGroups","locations":["eastus2"]},{"resourceType":"deployments","locations":[null]}]}],"dependencies":[{"dependsOn":[{"id":"/subscriptions/00000000-0000-0000-0000-000000000000/resourceGroups/ps1349","resourceType":"Microsoft.Resources/resourceGroups","resourceName":"ps1349"}],"id":"/subscriptions/00000000-0000-0000-0000-000000000000/resourceGroups/ps1349/providers/Microsoft.Resources/deployments/ps_test_management_group_deployment","resourceType":"Microsoft.Resources/deployments","resourceName":"ps_test_management_group_deployment"}],"outputResources":[{"id":"/subscriptions/00000000-0000-0000-0000-000000000000/resourceGroups/ps1349"},{"id":"/subscriptions/00000000-0000-0000-0000-000000000000/resourceGroups/ps1349/providers/Microsoft.Storage/storageAccounts/ps6141"}]}},{"id":"/subscriptions/00000000-0000-0000-0000-000000000000/providers/Microsoft.Resources/deployments/ps9234","name":"ps9234","type":"Microsoft.Resources/deployments","location":"westus","tags":{"key1":"value1","key2":"value2"},"properties":{"templateHash":"2605242311730040849","parameters":{"storageAccountName":{"type":"String","value":"armbuilddemo18123"},"nestedDeploymentRG":{"type":"String","value":"ps_test_subscription_deployment"}},"mode":"Incremental","provisioningState":"Succeeded","timestamp":"2020-03-24T18:25:30.2588181Z","duration":"PT1M24.7106818S","correlationId":"bec0646c-d6c7-4c12-add1-0ce59dc3713a","providers":[{"namespace":"Microsoft.Authorization","resourceTypes":[{"resourceType":"policyDefinitions","locations":[null]},{"resourceType":"policyAssignments","locations":[null]}]},{"namespace":"Microsoft.Resources","resourceTypes":[{"resourceType":"resourceGroups","locations":["westus"]},{"resourceType":"deployments","locations":[null]}]}],"dependencies":[{"dependsOn":[{"id":"/subscriptions/00000000-0000-0000-0000-000000000000/providers/Microsoft.Authorization/policyDefinitions/policy2","resourceType":"Microsoft.Authorization/policyDefinitions","resourceName":"policy2"}],"id":"/subscriptions/00000000-0000-0000-0000-000000000000/providers/Microsoft.Authorization/policyAssignments/location-lock","resourceType":"Microsoft.Authorization/policyAssignments","resourceName":"location-lock"},{"dependsOn":[{"id":"/subscriptions/00000000-0000-0000-0000-000000000000/resourceGroups/ps_test_subscription_deployment","resourceType":"Microsoft.Resources/resourceGroups","resourceName":"ps_test_subscription_deployment"}],"id":"/subscriptions/00000000-0000-0000-0000-000000000000/resourceGroups/ps_test_subscription_deployment/providers/Microsoft.Resources/deployments/rg-nested","resourceType":"Microsoft.Resources/deployments","resourceName":"rg-nested"}],"outputResources":[{"id":"/subscriptions/00000000-0000-0000-0000-000000000000/providers/Microsoft.Authorization/policyAssignments/location-lock"},{"id":"/subscriptions/00000000-0000-0000-0000-000000000000/providers/Microsoft.Authorization/policyDefinitions/policy2"},{"id":"/subscriptions/00000000-0000-0000-0000-000000000000/resourceGroups/ps_test_subscription_deployment"},{"id":"/subscriptions/00000000-0000-0000-0000-000000000000/resourceGroups/ps_test_subscription_deployment/providers/Microsoft.Storage/storageAccounts/armbuilddemo18123"}]}},{"id":"/subscriptions/00000000-0000-0000-0000-000000000000/providers/Microsoft.Resources/deployments/ps7262","name":"ps7262","type":"Microsoft.Resources/deployments","location":"westus","tags":{"key1":"value1","key2":"value2"},"properties":{"templateHash":"2605242311730040849","parameters":{"storageAccountName":{"type":"String","value":"armbuilddemo18123"},"nestedDeploymentRG":{"type":"String","value":"ps_test_subscription_deployment"}},"mode":"Incremental","provisioningState":"Succeeded","timestamp":"2020-03-24T18:12:58.8638599Z","duration":"PT58.9697694S","correlationId":"178edb84-1e6a-4431-90df-f301266df932","providers":[{"namespace":"Microsoft.Authorization","resourceTypes":[{"resourceType":"policyDefinitions","locations":[null]},{"resourceType":"policyAssignments","locations":[null]}]},{"namespace":"Microsoft.Resources","resourceTypes":[{"resourceType":"resourceGroups","locations":["westus"]},{"resourceType":"deployments","locations":[null]}]}],"dependencies":[{"dependsOn":[{"id":"/subscriptions/00000000-0000-0000-0000-000000000000/providers/Microsoft.Authorization/policyDefinitions/policy2","resourceType":"Microsoft.Authorization/policyDefinitions","resourceName":"policy2"}],"id":"/subscriptions/00000000-0000-0000-0000-000000000000/providers/Microsoft.Authorization/policyAssignments/location-lock","resourceType":"Microsoft.Authorization/policyAssignments","resourceName":"location-lock"},{"dependsOn":[{"id":"/subscriptions/00000000-0000-0000-0000-000000000000/resourceGroups/ps_test_subscription_deployment","resourceType":"Microsoft.Resources/resourceGroups","resourceName":"ps_test_subscription_deployment"}],"id":"/subscriptions/00000000-0000-0000-0000-000000000000/resourceGroups/ps_test_subscription_deployment/providers/Microsoft.Resources/deployments/rg-nested","resourceType":"Microsoft.Resources/deployments","resourceName":"rg-nested"}],"outputResources":[{"id":"/subscriptions/00000000-0000-0000-0000-000000000000/providers/Microsoft.Authorization/policyAssignments/location-lock"},{"id":"/subscriptions/00000000-0000-0000-0000-000000000000/providers/Microsoft.Authorization/policyDefinitions/policy2"},{"id":"/subscriptions/00000000-0000-0000-0000-000000000000/resourceGroups/ps_test_subscription_deployment"},{"id":"/subscriptions/00000000-0000-0000-0000-000000000000/resourceGroups/ps_test_subscription_deployment/providers/Microsoft.Storage/storageAccounts/armbuilddemo18123"}]}},{"id":"/subscriptions/00000000-0000-0000-0000-000000000000/providers/Microsoft.Resources/deployments/ps1362","name":"ps1362","type":"Microsoft.Resources/deployments","location":"westus","tags":{"key2":"value2","key1":"value1"},"properties":{"templateHash":"12539010392255036376","parameters":{"storageAccountName":{"type":"String","value":"armbuilddemo1812"},"nestedDeploymentRG":{"type":"String","value":"ps_test_subscription_deployment"}},"mode":"Incremental","provisioningState":"Failed","timestamp":"2020-03-24T18:10:40.055746Z","duration":"PT58.6729021S","correlationId":"17e37174-2fdb-407b-a002-89e3eb90e62f","providers":[{"namespace":"Microsoft.Authorization","resourceTypes":[{"resourceType":"policyDefinitions","locations":[null]},{"resourceType":"policyAssignments","locations":[null]}]},{"namespace":"Microsoft.Resources","resourceTypes":[{"resourceType":"resourceGroups","locations":["westus"]},{"resourceType":"deployments","locations":[null]}]}],"dependencies":[{"dependsOn":[{"id":"/subscriptions/00000000-0000-0000-0000-000000000000/providers/Microsoft.Authorization/policyDefinitions/policy2","resourceType":"Microsoft.Authorization/policyDefinitions","resourceName":"policy2"}],"id":"/subscriptions/00000000-0000-0000-0000-000000000000/providers/Microsoft.Authorization/policyAssignments/location-lock","resourceType":"Microsoft.Authorization/policyAssignments","resourceName":"location-lock"},{"dependsOn":[{"id":"/subscriptions/00000000-0000-0000-0000-000000000000/resourceGroups/ps_test_subscription_deployment","resourceType":"Microsoft.Resources/resourceGroups","resourceName":"ps_test_subscription_deployment"}],"id":"/subscriptions/00000000-0000-0000-0000-000000000000/resourceGroups/ps_test_subscription_deployment/providers/Microsoft.Resources/deployments/rg-nested","resourceType":"Microsoft.Resources/deployments","resourceName":"rg-nested"}],"error":{"code":"DeploymentFailed","message":"At
        least one resource deployment operation failed. Please list deployment operations
        for details. Please see https://aka.ms/DeployOperations for usage details.","details":[{"code":"DeploymentFailed","message":"At
        least one resource deployment operation failed. Please list deployment operations
        for details. Please see https://aka.ms/DeployOperations for usage details."}]}}},{"id":"/subscriptions/00000000-0000-0000-0000-000000000000/providers/Microsoft.Resources/deployments/ps7720","name":"ps7720","type":"Microsoft.Resources/deployments","location":"westus","tags":{"key1":"value1","key2":"value2"},"properties":{"templateHash":"12539010392255036376","parameters":{"storageAccountName":{"type":"String","value":"armbuilddemo1822"},"nestedDeploymentRG":{"type":"String","value":"ps_test_subscription_deployment"}},"mode":"Incremental","provisioningState":"Failed","timestamp":"2020-03-24T10:52:15.4653188Z","duration":"PT1M25.0746197S","correlationId":"7aa81aaf-55ac-4ba5-8535-2aee414be1c0","providers":[{"namespace":"Microsoft.Authorization","resourceTypes":[{"resourceType":"policyDefinitions","locations":[null]},{"resourceType":"policyAssignments","locations":[null]}]},{"namespace":"Microsoft.Resources","resourceTypes":[{"resourceType":"resourceGroups","locations":["westus"]},{"resourceType":"deployments","locations":[null]}]}],"dependencies":[{"dependsOn":[{"id":"/subscriptions/00000000-0000-0000-0000-000000000000/providers/Microsoft.Authorization/policyDefinitions/policy2","resourceType":"Microsoft.Authorization/policyDefinitions","resourceName":"policy2"}],"id":"/subscriptions/00000000-0000-0000-0000-000000000000/providers/Microsoft.Authorization/policyAssignments/location-lock","resourceType":"Microsoft.Authorization/policyAssignments","resourceName":"location-lock"},{"dependsOn":[{"id":"/subscriptions/00000000-0000-0000-0000-000000000000/resourceGroups/ps_test_subscription_deployment","resourceType":"Microsoft.Resources/resourceGroups","resourceName":"ps_test_subscription_deployment"}],"id":"/subscriptions/00000000-0000-0000-0000-000000000000/resourceGroups/ps_test_subscription_deployment/providers/Microsoft.Resources/deployments/rg-nested","resourceType":"Microsoft.Resources/deployments","resourceName":"rg-nested"}],"error":{"code":"DeploymentFailed","message":"At
        least one resource deployment operation failed. Please list deployment operations
        for details. Please see https://aka.ms/DeployOperations for usage details.","details":[{"code":"DeploymentFailed","message":"At
        least one resource deployment operation failed. Please list deployment operations
        for details. Please see https://aka.ms/DeployOperations for usage details."}]}}},{"id":"/subscriptions/00000000-0000-0000-0000-000000000000/providers/Microsoft.Resources/deployments/ps2302","name":"ps2302","type":"Microsoft.Resources/deployments","location":"westus","tags":{"key2":"value2","key1":"value1"},"properties":{"templateHash":"6382439459775684958","parameters":{"storageAccountName":{"type":"String","value":"armbuilddemo1822"},"nestedDeploymentRG":{"type":"String","value":"ps_test_subscription_deployment"}},"mode":"Incremental","provisioningState":"Failed","timestamp":"2020-03-24T10:48:56.9031774Z","duration":"PT1M25.8354997S","correlationId":"b92735b1-a7ba-4e36-82d1-8537625242b7","providers":[{"namespace":"Microsoft.Authorization","resourceTypes":[{"resourceType":"policyDefinitions","locations":[null]},{"resourceType":"policyAssignments","locations":[null]}]},{"namespace":"Microsoft.Resources","resourceTypes":[{"resourceType":"resourceGroups","locations":["westus"]},{"resourceType":"deployments","locations":[null]}]}],"dependencies":[{"dependsOn":[{"id":"/subscriptions/00000000-0000-0000-0000-000000000000/providers/Microsoft.Authorization/policyDefinitions/policy2","resourceType":"Microsoft.Authorization/policyDefinitions","resourceName":"policy2"}],"id":"/subscriptions/00000000-0000-0000-0000-000000000000/providers/Microsoft.Authorization/policyAssignments/location-lock","resourceType":"Microsoft.Authorization/policyAssignments","resourceName":"location-lock"},{"dependsOn":[{"id":"/subscriptions/00000000-0000-0000-0000-000000000000/resourceGroups/ps_test_subscription_deployment","resourceType":"Microsoft.Resources/resourceGroups","resourceName":"ps_test_subscription_deployment"}],"id":"/subscriptions/00000000-0000-0000-0000-000000000000/resourceGroups/ps_test_subscription_deployment/providers/Microsoft.Resources/deployments/rg-nested","resourceType":"Microsoft.Resources/deployments","resourceName":"rg-nested"}],"error":{"code":"DeploymentFailed","message":"At
        least one resource deployment operation failed. Please list deployment operations
        for details. Please see https://aka.ms/DeployOperations for usage details.","details":[{"code":"DeploymentFailed","message":"At
        least one resource deployment operation failed. Please list deployment operations
        for details. Please see https://aka.ms/DeployOperations for usage details."}]}}},{"id":"/subscriptions/00000000-0000-0000-0000-000000000000/providers/Microsoft.Resources/deployments/ps6940","name":"ps6940","type":"Microsoft.Resources/deployments","location":"westus","tags":{"key1":"value1","key2":"value2"},"properties":{"templateHash":"6382439459775684958","parameters":{"storageAccountName":{"type":"String","value":"armbuilddemo1822"},"nestedDeploymentRG":{"type":"String","value":"ps_test_subscription_deployment"}},"mode":"Incremental","provisioningState":"Failed","timestamp":"2020-03-24T10:45:22.1110657Z","duration":"PT1M25.2711354S","correlationId":"dec0bab3-3a99-4a18-ae67-15ea24301bc9","providers":[{"namespace":"Microsoft.Authorization","resourceTypes":[{"resourceType":"policyDefinitions","locations":[null]},{"resourceType":"policyAssignments","locations":[null]}]},{"namespace":"Microsoft.Resources","resourceTypes":[{"resourceType":"resourceGroups","locations":["westus"]},{"resourceType":"deployments","locations":[null]}]}],"dependencies":[{"dependsOn":[{"id":"/subscriptions/00000000-0000-0000-0000-000000000000/providers/Microsoft.Authorization/policyDefinitions/policy2","resourceType":"Microsoft.Authorization/policyDefinitions","resourceName":"policy2"}],"id":"/subscriptions/00000000-0000-0000-0000-000000000000/providers/Microsoft.Authorization/policyAssignments/location-lock","resourceType":"Microsoft.Authorization/policyAssignments","resourceName":"location-lock"},{"dependsOn":[{"id":"/subscriptions/00000000-0000-0000-0000-000000000000/resourceGroups/ps_test_subscription_deployment","resourceType":"Microsoft.Resources/resourceGroups","resourceName":"ps_test_subscription_deployment"}],"id":"/subscriptions/00000000-0000-0000-0000-000000000000/resourceGroups/ps_test_subscription_deployment/providers/Microsoft.Resources/deployments/rg-nested","resourceType":"Microsoft.Resources/deployments","resourceName":"rg-nested"}],"error":{"code":"DeploymentFailed","message":"At
        least one resource deployment operation failed. Please list deployment operations
        for details. Please see https://aka.ms/DeployOperations for usage details.","details":[{"code":"DeploymentFailed","message":"At
        least one resource deployment operation failed. Please list deployment operations
        for details. Please see https://aka.ms/DeployOperations for usage details."}]}}},{"id":"/subscriptions/00000000-0000-0000-0000-000000000000/providers/Microsoft.Resources/deployments/csmd2237","name":"csmd2237","type":"Microsoft.Resources/deployments","location":"westus","tags":{"tagKey1":"tagValue1"},"properties":{"templateHash":"17428175978634637131","parameters":{"storageAccountName":{"type":"String","value":"armbuilddemo1803"}},"mode":"Incremental","provisioningState":"Succeeded","timestamp":"2020-02-18T18:25:03.1700948Z","duration":"PT1M5.0504552S","correlationId":"1dd0a02b-6b02-47df-b53e-aff9fec715b5","providers":[{"namespace":"Microsoft.Authorization","resourceTypes":[{"resourceType":"policyDefinitions","locations":[null]},{"resourceType":"policyAssignments","locations":[null]}]},{"namespace":"Microsoft.Resources","resourceTypes":[{"resourceType":"deployments","locations":[null]}]}],"dependencies":[{"dependsOn":[{"id":"/subscriptions/00000000-0000-0000-0000-000000000000/providers/Microsoft.Authorization/policyDefinitions/policy2","resourceType":"Microsoft.Authorization/policyDefinitions","resourceName":"policy2"}],"id":"/subscriptions/00000000-0000-0000-0000-000000000000/providers/Microsoft.Authorization/policyAssignments/location-lock","resourceType":"Microsoft.Authorization/policyAssignments","resourceName":"location-lock"}],"outputResources":[{"id":"/subscriptions/00000000-0000-0000-0000-000000000000/providers/Microsoft.Authorization/policyAssignments/location-lock"},{"id":"/subscriptions/00000000-0000-0000-0000-000000000000/providers/Microsoft.Authorization/policyDefinitions/policy2"},{"id":"/subscriptions/00000000-0000-0000-0000-000000000000/resourceGroups/SDK-test/providers/Microsoft.Storage/storageAccounts/armbuilddemo1803"}]}},{"id":"/subscriptions/00000000-0000-0000-0000-000000000000/providers/Microsoft.Resources/deployments/csmd7391","name":"csmd7391","type":"Microsoft.Resources/deployments","location":"westus","properties":{"templateHash":"17428175978634637131","parameters":{"storageAccountName":{"type":"String","value":"armbuilddemo1803"}},"mode":"Incremental","provisioningState":"Succeeded","timestamp":"2020-01-10T19:29:55.5198624Z","duration":"PT26.2489031S","correlationId":"69a7a978-3d61-41cc-a6ad-542354692336","providers":[{"namespace":"Microsoft.Authorization","resourceTypes":[{"resourceType":"policyDefinitions","locations":[null]},{"resourceType":"policyAssignments","locations":[null]}]},{"namespace":"Microsoft.Resources","resourceTypes":[{"resourceType":"deployments","locations":[null]}]}],"dependencies":[{"dependsOn":[{"id":"/subscriptions/00000000-0000-0000-0000-000000000000/providers/Microsoft.Authorization/policyDefinitions/policy2","resourceType":"Microsoft.Authorization/policyDefinitions","resourceName":"policy2"}],"id":"/subscriptions/00000000-0000-0000-0000-000000000000/providers/Microsoft.Authorization/policyAssignments/location-lock","resourceType":"Microsoft.Authorization/policyAssignments","resourceName":"location-lock"}],"outputResources":[{"id":"/subscriptions/00000000-0000-0000-0000-000000000000/providers/Microsoft.Authorization/policyAssignments/location-lock"},{"id":"/subscriptions/00000000-0000-0000-0000-000000000000/providers/Microsoft.Authorization/policyDefinitions/policy2"},{"id":"/subscriptions/00000000-0000-0000-0000-000000000000/resourceGroups/SDK-test/providers/Microsoft.Storage/storageAccounts/armbuilddemo1803"}]}},{"id":"/subscriptions/00000000-0000-0000-0000-000000000000/providers/Microsoft.Resources/deployments/csmd8657","name":"csmd8657","type":"Microsoft.Resources/deployments","location":"westus2","properties":{"templateHash":"17428175978634637131","parameters":{"storageAccountName":{"type":"String","value":"whatifnetsdktest1"}},"mode":"Incremental","provisioningState":"Succeeded","timestamp":"2020-02-18T18:41:57.0953262Z","duration":"PT46.3011055S","correlationId":"541d6548-a47c-462c-996f-dbdb30fcf85d","providers":[{"namespace":"Microsoft.Authorization","resourceTypes":[{"resourceType":"policyDefinitions","locations":[null]},{"resourceType":"policyAssignments","locations":[null]}]},{"namespace":"Microsoft.Resources","resourceTypes":[{"resourceType":"deployments","locations":[null]}]}],"dependencies":[{"dependsOn":[{"id":"/subscriptions/00000000-0000-0000-0000-000000000000/providers/Microsoft.Authorization/policyDefinitions/policy2","resourceType":"Microsoft.Authorization/policyDefinitions","resourceName":"policy2"}],"id":"/subscriptions/00000000-0000-0000-0000-000000000000/providers/Microsoft.Authorization/policyAssignments/location-lock","resourceType":"Microsoft.Authorization/policyAssignments","resourceName":"location-lock"}],"outputResources":[{"id":"/subscriptions/00000000-0000-0000-0000-000000000000/providers/Microsoft.Authorization/policyAssignments/location-lock"},{"id":"/subscriptions/00000000-0000-0000-0000-000000000000/providers/Microsoft.Authorization/policyDefinitions/policy2"},{"id":"/subscriptions/00000000-0000-0000-0000-000000000000/resourceGroups/SDK-test/providers/Microsoft.Storage/storageAccounts/whatifnetsdktest1"}]}},{"id":"/subscriptions/00000000-0000-0000-0000-000000000000/providers/Microsoft.Resources/deployments/csmd1113","name":"csmd1113","type":"Microsoft.Resources/deployments","location":"westus2","properties":{"templateHash":"17428175978634637131","parameters":{"storageAccountName":{"type":"String","value":"whatifnetsdktest1"}},"mode":"Incremental","provisioningState":"Succeeded","timestamp":"2020-01-07T20:54:15.8475484Z","duration":"PT48.6759432S","correlationId":"c673245c-3a1d-4924-84fd-02ffe15475c2","providers":[{"namespace":"Microsoft.Authorization","resourceTypes":[{"resourceType":"policyDefinitions","locations":[null]},{"resourceType":"policyAssignments","locations":[null]}]},{"namespace":"Microsoft.Resources","resourceTypes":[{"resourceType":"deployments","locations":[null]}]}],"dependencies":[{"dependsOn":[{"id":"/subscriptions/00000000-0000-0000-0000-000000000000/providers/Microsoft.Authorization/policyDefinitions/policy2","resourceType":"Microsoft.Authorization/policyDefinitions","resourceName":"policy2"}],"id":"/subscriptions/00000000-0000-0000-0000-000000000000/providers/Microsoft.Authorization/policyAssignments/location-lock","resourceType":"Microsoft.Authorization/policyAssignments","resourceName":"location-lock"}],"outputResources":[{"id":"/subscriptions/00000000-0000-0000-0000-000000000000/providers/Microsoft.Authorization/policyAssignments/location-lock"},{"id":"/subscriptions/00000000-0000-0000-0000-000000000000/providers/Microsoft.Authorization/policyDefinitions/policy2"},{"id":"/subscriptions/00000000-0000-0000-0000-000000000000/resourceGroups/SDK-test/providers/Microsoft.Storage/storageAccounts/whatifnetsdktest1"}]}},{"id":"/subscriptions/00000000-0000-0000-0000-000000000000/providers/Microsoft.Resources/deployments/csmd4481","name":"csmd4481","type":"Microsoft.Resources/deployments","location":"westus2","properties":{"templateHash":"17428175978634637131","parameters":{"storageAccountName":{"type":"String","value":"whatifnetsdktest2"}},"mode":"Incremental","provisioningState":"Failed","timestamp":"2020-01-07T20:48:04.5961411Z","duration":"PT10.4743624S","correlationId":"dc35c706-b264-4132-89aa-ae8f80a049e7","providers":[{"namespace":"Microsoft.Authorization","resourceTypes":[{"resourceType":"policyDefinitions","locations":[null]},{"resourceType":"policyAssignments","locations":[null]}]},{"namespace":"Microsoft.Resources","resourceTypes":[{"resourceType":"deployments","locations":[null]}]}],"dependencies":[{"dependsOn":[{"id":"/subscriptions/00000000-0000-0000-0000-000000000000/providers/Microsoft.Authorization/policyDefinitions/policy2","resourceType":"Microsoft.Authorization/policyDefinitions","resourceName":"policy2"}],"id":"/subscriptions/00000000-0000-0000-0000-000000000000/providers/Microsoft.Authorization/policyAssignments/location-lock","resourceType":"Microsoft.Authorization/policyAssignments","resourceName":"location-lock"}],"error":{"code":"DeploymentFailed","message":"At
        least one resource deployment operation failed. Please list deployment operations
        for details. Please see https://aka.ms/DeployOperations for usage details.","details":[{"code":"DeploymentFailed","message":"At
        least one resource deployment operation failed. Please list deployment operations
        for details. Please see https://aka.ms/DeployOperations for usage details."}]}}},{"id":"/subscriptions/00000000-0000-0000-0000-000000000000/providers/Microsoft.Resources/deployments/testDeployment","name":"testDeployment","type":"Microsoft.Resources/deployments","location":"centralus","properties":{"templateLink":{"uri":"https://raw.githubusercontent.com/Azure/azure-docs-json-samples/master/azure-resource-manager/emptyRG.json","contentVersion":"1.0.0.1"},"templateHash":"13385456461676353865","parameters":{"rgName":{"type":"String","value":"testResourceGroup"},"rgLocation":{"type":"String","value":"centralus"},"tags":{"type":"Object","value":{}}},"mode":"Incremental","provisioningState":"Succeeded","timestamp":"2020-02-26T20:34:49.6040692Z","duration":"PT13.0322402S","correlationId":"5e2c0d89-d600-46ae-9fdb-ede2e1cc2804","providers":[{"namespace":"Microsoft.Resources","resourceTypes":[{"resourceType":"resourceGroups","locations":["centralus"]}]}],"dependencies":[],"outputs":{},"outputResources":[{"id":"/subscriptions/00000000-0000-0000-0000-000000000000/resourceGroups/testResourceGroup"}]}}]}'
    headers:
      cache-control:
      - no-cache
      content-length:
      - '34745'
      content-type:
      - application/json; charset=utf-8
      date:
      - Thu, 07 May 2020 21:31:11 GMT
      expires:
      - '-1'
      pragma:
      - no-cache
      strict-transport-security:
      - max-age=31536000; includeSubDomains
      vary:
      - Accept-Encoding
      x-content-type-options:
      - nosniff
    status:
      code: 200
      message: OK
- request:
    body: null
    headers:
      Accept:
      - application/json
      Accept-Encoding:
      - gzip, deflate
      CommandName:
      - deployment list
      Connection:
      - keep-alive
      ParameterSetName:
      - --filter
      User-Agent:
      - python/3.8.2 (Windows-10-10.0.18362-SP0) msrest/0.6.11 msrest_azure/0.6.3
        azure-mgmt-resource/9.0.0 Azure-SDK-For-Python AZURECLI/2.5.1
      accept-language:
      - en-US
    method: GET
    uri: https://management.azure.com/subscriptions/00000000-0000-0000-0000-000000000000/providers/Microsoft.Resources/deployments/?$filter=provisioningState%20eq%20%27Succeeded%27&api-version=2019-10-01
  response:
    body:
      string: '{"value":[{"id":"/subscriptions/00000000-0000-0000-0000-000000000000/providers/Microsoft.Resources/deployments/azure-cli-subscription_level_deployment000001","name":"azure-cli-subscription_level_deployment000001","type":"Microsoft.Resources/deployments","location":"westus","properties":{"templateHash":"13231341667663423384","parameters":{"storageAccountName":{"type":"String","value":"armbuilddemo18221"},"nestedRGName":{"type":"String","value":"cli_test_subscription_level_deployment"}},"mode":"Incremental","provisioningState":"Succeeded","timestamp":"2020-05-07T21:31:07.6685083Z","duration":"PT28.911714S","correlationId":"df19fd53-c129-4433-9d47-66f171fb7092","providers":[{"namespace":"Microsoft.Authorization","resourceTypes":[{"resourceType":"policyDefinitions","locations":[null]},{"resourceType":"policyAssignments","locations":[null]}]},{"namespace":"Microsoft.Resources","resourceTypes":[{"resourceType":"resourceGroups","locations":["westus"]},{"resourceType":"deployments","locations":[null]}]}],"dependencies":[{"dependsOn":[{"id":"/subscriptions/00000000-0000-0000-0000-000000000000/providers/Microsoft.Authorization/policyDefinitions/policy2","resourceType":"Microsoft.Authorization/policyDefinitions","resourceName":"policy2"}],"id":"/subscriptions/00000000-0000-0000-0000-000000000000/providers/Microsoft.Authorization/policyAssignments/location-lock","resourceType":"Microsoft.Authorization/policyAssignments","resourceName":"location-lock"},{"dependsOn":[{"id":"/subscriptions/00000000-0000-0000-0000-000000000000/resourceGroups/cli_test_subscription_level_deployment","resourceType":"Microsoft.Resources/resourceGroups","resourceName":"cli_test_subscription_level_deployment"}],"id":"/subscriptions/00000000-0000-0000-0000-000000000000/resourceGroups/cli_test_subscription_level_deployment/providers/Microsoft.Resources/deployments/rg-nested6","resourceType":"Microsoft.Resources/deployments","resourceName":"rg-nested6"}],"outputResources":[{"id":"/subscriptions/00000000-0000-0000-0000-000000000000/providers/Microsoft.Authorization/policyAssignments/location-lock"},{"id":"/subscriptions/00000000-0000-0000-0000-000000000000/providers/Microsoft.Authorization/policyDefinitions/policy2"},{"id":"/subscriptions/00000000-0000-0000-0000-000000000000/resourceGroups/cli_test_subscription_level_deployment"},{"id":"/subscriptions/00000000-0000-0000-0000-000000000000/resourceGroups/cli_test_subscription_level_deployment/providers/Microsoft.Storage/storageAccounts/armbuilddemo18221"}]}},{"id":"/subscriptions/00000000-0000-0000-0000-000000000000/providers/Microsoft.Resources/deployments/azure-cli-subscription_level_deploymentsofsqh5q36erp6fryyq66","name":"azure-cli-subscription_level_deploymentsofsqh5q36erp6fryyq66","type":"Microsoft.Resources/deployments","location":"westus","properties":{"templateHash":"13231341667663423384","parameters":{"storageAccountName":{"type":"String","value":"armbuilddemo18221"},"nestedRGName":{"type":"String","value":"cli_test_subscription_level_deployment"}},"mode":"Incremental","provisioningState":"Succeeded","timestamp":"2020-05-07T21:23:31.2062378Z","duration":"PT35.7679427S","correlationId":"0a577f20-fd21-46d6-9420-61ae7f684d0e","providers":[{"namespace":"Microsoft.Authorization","resourceTypes":[{"resourceType":"policyDefinitions","locations":[null]},{"resourceType":"policyAssignments","locations":[null]}]},{"namespace":"Microsoft.Resources","resourceTypes":[{"resourceType":"resourceGroups","locations":["westus"]},{"resourceType":"deployments","locations":[null]}]}],"dependencies":[{"dependsOn":[{"id":"/subscriptions/00000000-0000-0000-0000-000000000000/providers/Microsoft.Authorization/policyDefinitions/policy2","resourceType":"Microsoft.Authorization/policyDefinitions","resourceName":"policy2"}],"id":"/subscriptions/00000000-0000-0000-0000-000000000000/providers/Microsoft.Authorization/policyAssignments/location-lock","resourceType":"Microsoft.Authorization/policyAssignments","resourceName":"location-lock"},{"dependsOn":[{"id":"/subscriptions/00000000-0000-0000-0000-000000000000/resourceGroups/cli_test_subscription_level_deployment","resourceType":"Microsoft.Resources/resourceGroups","resourceName":"cli_test_subscription_level_deployment"}],"id":"/subscriptions/00000000-0000-0000-0000-000000000000/resourceGroups/cli_test_subscription_level_deployment/providers/Microsoft.Resources/deployments/rg-nested6","resourceType":"Microsoft.Resources/deployments","resourceName":"rg-nested6"}],"outputResources":[{"id":"/subscriptions/00000000-0000-0000-0000-000000000000/providers/Microsoft.Authorization/policyAssignments/location-lock"},{"id":"/subscriptions/00000000-0000-0000-0000-000000000000/providers/Microsoft.Authorization/policyDefinitions/policy2"},{"id":"/subscriptions/00000000-0000-0000-0000-000000000000/resourceGroups/cli_test_subscription_level_deployment"},{"id":"/subscriptions/00000000-0000-0000-0000-000000000000/resourceGroups/cli_test_subscription_level_deployment/providers/Microsoft.Storage/storageAccounts/armbuilddemo18221"}]}},{"id":"/subscriptions/00000000-0000-0000-0000-000000000000/providers/Microsoft.Resources/deployments/sdktest-subnested","name":"sdktest-subnested","type":"Microsoft.Resources/deployments","location":"westus","properties":{"templateHash":"16170828830351333577","parameters":{},"mode":"Incremental","provisioningState":"Succeeded","timestamp":"2020-05-07T04:32:04.8781368Z","duration":"PT7.1101882S","correlationId":"649ceaeb-47af-40a2-bb34-d898e1c87a8e","providers":[{"namespace":"Microsoft.Resources","resourceTypes":[{"resourceType":"resourceGroups","locations":["eastus"]},{"resourceType":"deployments","locations":[null]}]}],"dependencies":[{"dependsOn":[{"id":"/subscriptions/00000000-0000-0000-0000-000000000000/resourceGroups/rg-001","resourceType":"Microsoft.Resources/resourceGroups","resourceName":"rg-001"}],"id":"/subscriptions/00000000-0000-0000-0000-000000000000/resourceGroups/rg-001/providers/Microsoft.Resources/deployments/rg-nested","resourceType":"Microsoft.Resources/deployments","resourceName":"rg-nested"}],"outputResources":[{"id":"/subscriptions/00000000-0000-0000-0000-000000000000/resourceGroups/rg-001"},{"id":"/subscriptions/00000000-0000-0000-0000-000000000000/resourceGroups/rg-001/providers/Microsoft.Storage/storageAccounts/tagsa1"}]}},{"id":"/subscriptions/00000000-0000-0000-0000-000000000000/providers/Microsoft.Resources/deployments/csmd2054","name":"csmd2054","type":"Microsoft.Resources/deployments","location":"westus","tags":{"tagKey1":"tagValue1"},"properties":{"templateHash":"17428175978634637131","parameters":{"storageAccountName":{"type":"String","value":"armbuilddemo1803"}},"mode":"Incremental","provisioningState":"Succeeded","timestamp":"2020-05-06T21:37:56.960968Z","duration":"PT30.8065993S","correlationId":"7ce19a30-76d0-4e6e-bf2b-80391b164388","providers":[{"namespace":"Microsoft.Authorization","resourceTypes":[{"resourceType":"policyDefinitions","locations":[null]},{"resourceType":"policyAssignments","locations":[null]}]},{"namespace":"Microsoft.Resources","resourceTypes":[{"resourceType":"deployments","locations":[null]}]}],"dependencies":[{"dependsOn":[{"id":"/subscriptions/00000000-0000-0000-0000-000000000000/providers/Microsoft.Authorization/policyDefinitions/policy2","resourceType":"Microsoft.Authorization/policyDefinitions","resourceName":"policy2"}],"id":"/subscriptions/00000000-0000-0000-0000-000000000000/providers/Microsoft.Authorization/policyAssignments/location-lock","resourceType":"Microsoft.Authorization/policyAssignments","resourceName":"location-lock"}],"outputResources":[{"id":"/subscriptions/00000000-0000-0000-0000-000000000000/providers/Microsoft.Authorization/policyAssignments/location-lock"},{"id":"/subscriptions/00000000-0000-0000-0000-000000000000/providers/Microsoft.Authorization/policyDefinitions/policy2"},{"id":"/subscriptions/00000000-0000-0000-0000-000000000000/resourceGroups/SDK-test/providers/Microsoft.Storage/storageAccounts/armbuilddemo1803"}]}},{"id":"/subscriptions/00000000-0000-0000-0000-000000000000/providers/Microsoft.Resources/deployments/ps_test_management_group_deployment","name":"ps_test_management_group_deployment","type":"Microsoft.Resources/deployments","location":"westus","properties":{"templateHash":"12129377318690341382","parameters":{},"mode":"Incremental","provisioningState":"Succeeded","timestamp":"2020-03-25T09:28:44.5688285Z","duration":"PT3M41.264937S","correlationId":"0bf36f58-079b-4046-8eda-f75d4ad9565b","providers":[{"namespace":"Microsoft.Resources","resourceTypes":[{"resourceType":"resourceGroups","locations":["eastus2"]},{"resourceType":"deployments","locations":[null]}]}],"dependencies":[{"dependsOn":[{"id":"/subscriptions/00000000-0000-0000-0000-000000000000/resourceGroups/ps1349","resourceType":"Microsoft.Resources/resourceGroups","resourceName":"ps1349"}],"id":"/subscriptions/00000000-0000-0000-0000-000000000000/resourceGroups/ps1349/providers/Microsoft.Resources/deployments/ps_test_management_group_deployment","resourceType":"Microsoft.Resources/deployments","resourceName":"ps_test_management_group_deployment"}],"outputResources":[{"id":"/subscriptions/00000000-0000-0000-0000-000000000000/resourceGroups/ps1349"},{"id":"/subscriptions/00000000-0000-0000-0000-000000000000/resourceGroups/ps1349/providers/Microsoft.Storage/storageAccounts/ps6141"}]}},{"id":"/subscriptions/00000000-0000-0000-0000-000000000000/providers/Microsoft.Resources/deployments/ps9234","name":"ps9234","type":"Microsoft.Resources/deployments","location":"westus","tags":{"key1":"value1","key2":"value2"},"properties":{"templateHash":"2605242311730040849","parameters":{"storageAccountName":{"type":"String","value":"armbuilddemo18123"},"nestedDeploymentRG":{"type":"String","value":"ps_test_subscription_deployment"}},"mode":"Incremental","provisioningState":"Succeeded","timestamp":"2020-03-24T18:25:30.2588181Z","duration":"PT1M24.7106818S","correlationId":"bec0646c-d6c7-4c12-add1-0ce59dc3713a","providers":[{"namespace":"Microsoft.Authorization","resourceTypes":[{"resourceType":"policyDefinitions","locations":[null]},{"resourceType":"policyAssignments","locations":[null]}]},{"namespace":"Microsoft.Resources","resourceTypes":[{"resourceType":"resourceGroups","locations":["westus"]},{"resourceType":"deployments","locations":[null]}]}],"dependencies":[{"dependsOn":[{"id":"/subscriptions/00000000-0000-0000-0000-000000000000/providers/Microsoft.Authorization/policyDefinitions/policy2","resourceType":"Microsoft.Authorization/policyDefinitions","resourceName":"policy2"}],"id":"/subscriptions/00000000-0000-0000-0000-000000000000/providers/Microsoft.Authorization/policyAssignments/location-lock","resourceType":"Microsoft.Authorization/policyAssignments","resourceName":"location-lock"},{"dependsOn":[{"id":"/subscriptions/00000000-0000-0000-0000-000000000000/resourceGroups/ps_test_subscription_deployment","resourceType":"Microsoft.Resources/resourceGroups","resourceName":"ps_test_subscription_deployment"}],"id":"/subscriptions/00000000-0000-0000-0000-000000000000/resourceGroups/ps_test_subscription_deployment/providers/Microsoft.Resources/deployments/rg-nested","resourceType":"Microsoft.Resources/deployments","resourceName":"rg-nested"}],"outputResources":[{"id":"/subscriptions/00000000-0000-0000-0000-000000000000/providers/Microsoft.Authorization/policyAssignments/location-lock"},{"id":"/subscriptions/00000000-0000-0000-0000-000000000000/providers/Microsoft.Authorization/policyDefinitions/policy2"},{"id":"/subscriptions/00000000-0000-0000-0000-000000000000/resourceGroups/ps_test_subscription_deployment"},{"id":"/subscriptions/00000000-0000-0000-0000-000000000000/resourceGroups/ps_test_subscription_deployment/providers/Microsoft.Storage/storageAccounts/armbuilddemo18123"}]}},{"id":"/subscriptions/00000000-0000-0000-0000-000000000000/providers/Microsoft.Resources/deployments/ps7262","name":"ps7262","type":"Microsoft.Resources/deployments","location":"westus","tags":{"key1":"value1","key2":"value2"},"properties":{"templateHash":"2605242311730040849","parameters":{"storageAccountName":{"type":"String","value":"armbuilddemo18123"},"nestedDeploymentRG":{"type":"String","value":"ps_test_subscription_deployment"}},"mode":"Incremental","provisioningState":"Succeeded","timestamp":"2020-03-24T18:12:58.8638599Z","duration":"PT58.9697694S","correlationId":"178edb84-1e6a-4431-90df-f301266df932","providers":[{"namespace":"Microsoft.Authorization","resourceTypes":[{"resourceType":"policyDefinitions","locations":[null]},{"resourceType":"policyAssignments","locations":[null]}]},{"namespace":"Microsoft.Resources","resourceTypes":[{"resourceType":"resourceGroups","locations":["westus"]},{"resourceType":"deployments","locations":[null]}]}],"dependencies":[{"dependsOn":[{"id":"/subscriptions/00000000-0000-0000-0000-000000000000/providers/Microsoft.Authorization/policyDefinitions/policy2","resourceType":"Microsoft.Authorization/policyDefinitions","resourceName":"policy2"}],"id":"/subscriptions/00000000-0000-0000-0000-000000000000/providers/Microsoft.Authorization/policyAssignments/location-lock","resourceType":"Microsoft.Authorization/policyAssignments","resourceName":"location-lock"},{"dependsOn":[{"id":"/subscriptions/00000000-0000-0000-0000-000000000000/resourceGroups/ps_test_subscription_deployment","resourceType":"Microsoft.Resources/resourceGroups","resourceName":"ps_test_subscription_deployment"}],"id":"/subscriptions/00000000-0000-0000-0000-000000000000/resourceGroups/ps_test_subscription_deployment/providers/Microsoft.Resources/deployments/rg-nested","resourceType":"Microsoft.Resources/deployments","resourceName":"rg-nested"}],"outputResources":[{"id":"/subscriptions/00000000-0000-0000-0000-000000000000/providers/Microsoft.Authorization/policyAssignments/location-lock"},{"id":"/subscriptions/00000000-0000-0000-0000-000000000000/providers/Microsoft.Authorization/policyDefinitions/policy2"},{"id":"/subscriptions/00000000-0000-0000-0000-000000000000/resourceGroups/ps_test_subscription_deployment"},{"id":"/subscriptions/00000000-0000-0000-0000-000000000000/resourceGroups/ps_test_subscription_deployment/providers/Microsoft.Storage/storageAccounts/armbuilddemo18123"}]}},{"id":"/subscriptions/00000000-0000-0000-0000-000000000000/providers/Microsoft.Resources/deployments/csmd2237","name":"csmd2237","type":"Microsoft.Resources/deployments","location":"westus","tags":{"tagKey1":"tagValue1"},"properties":{"templateHash":"17428175978634637131","parameters":{"storageAccountName":{"type":"String","value":"armbuilddemo1803"}},"mode":"Incremental","provisioningState":"Succeeded","timestamp":"2020-02-18T18:25:03.1700948Z","duration":"PT1M5.0504552S","correlationId":"1dd0a02b-6b02-47df-b53e-aff9fec715b5","providers":[{"namespace":"Microsoft.Authorization","resourceTypes":[{"resourceType":"policyDefinitions","locations":[null]},{"resourceType":"policyAssignments","locations":[null]}]},{"namespace":"Microsoft.Resources","resourceTypes":[{"resourceType":"deployments","locations":[null]}]}],"dependencies":[{"dependsOn":[{"id":"/subscriptions/00000000-0000-0000-0000-000000000000/providers/Microsoft.Authorization/policyDefinitions/policy2","resourceType":"Microsoft.Authorization/policyDefinitions","resourceName":"policy2"}],"id":"/subscriptions/00000000-0000-0000-0000-000000000000/providers/Microsoft.Authorization/policyAssignments/location-lock","resourceType":"Microsoft.Authorization/policyAssignments","resourceName":"location-lock"}],"outputResources":[{"id":"/subscriptions/00000000-0000-0000-0000-000000000000/providers/Microsoft.Authorization/policyAssignments/location-lock"},{"id":"/subscriptions/00000000-0000-0000-0000-000000000000/providers/Microsoft.Authorization/policyDefinitions/policy2"},{"id":"/subscriptions/00000000-0000-0000-0000-000000000000/resourceGroups/SDK-test/providers/Microsoft.Storage/storageAccounts/armbuilddemo1803"}]}},{"id":"/subscriptions/00000000-0000-0000-0000-000000000000/providers/Microsoft.Resources/deployments/csmd7391","name":"csmd7391","type":"Microsoft.Resources/deployments","location":"westus","properties":{"templateHash":"17428175978634637131","parameters":{"storageAccountName":{"type":"String","value":"armbuilddemo1803"}},"mode":"Incremental","provisioningState":"Succeeded","timestamp":"2020-01-10T19:29:55.5198624Z","duration":"PT26.2489031S","correlationId":"69a7a978-3d61-41cc-a6ad-542354692336","providers":[{"namespace":"Microsoft.Authorization","resourceTypes":[{"resourceType":"policyDefinitions","locations":[null]},{"resourceType":"policyAssignments","locations":[null]}]},{"namespace":"Microsoft.Resources","resourceTypes":[{"resourceType":"deployments","locations":[null]}]}],"dependencies":[{"dependsOn":[{"id":"/subscriptions/00000000-0000-0000-0000-000000000000/providers/Microsoft.Authorization/policyDefinitions/policy2","resourceType":"Microsoft.Authorization/policyDefinitions","resourceName":"policy2"}],"id":"/subscriptions/00000000-0000-0000-0000-000000000000/providers/Microsoft.Authorization/policyAssignments/location-lock","resourceType":"Microsoft.Authorization/policyAssignments","resourceName":"location-lock"}],"outputResources":[{"id":"/subscriptions/00000000-0000-0000-0000-000000000000/providers/Microsoft.Authorization/policyAssignments/location-lock"},{"id":"/subscriptions/00000000-0000-0000-0000-000000000000/providers/Microsoft.Authorization/policyDefinitions/policy2"},{"id":"/subscriptions/00000000-0000-0000-0000-000000000000/resourceGroups/SDK-test/providers/Microsoft.Storage/storageAccounts/armbuilddemo1803"}]}},{"id":"/subscriptions/00000000-0000-0000-0000-000000000000/providers/Microsoft.Resources/deployments/csmd8657","name":"csmd8657","type":"Microsoft.Resources/deployments","location":"westus2","properties":{"templateHash":"17428175978634637131","parameters":{"storageAccountName":{"type":"String","value":"whatifnetsdktest1"}},"mode":"Incremental","provisioningState":"Succeeded","timestamp":"2020-02-18T18:41:57.0953262Z","duration":"PT46.3011055S","correlationId":"541d6548-a47c-462c-996f-dbdb30fcf85d","providers":[{"namespace":"Microsoft.Authorization","resourceTypes":[{"resourceType":"policyDefinitions","locations":[null]},{"resourceType":"policyAssignments","locations":[null]}]},{"namespace":"Microsoft.Resources","resourceTypes":[{"resourceType":"deployments","locations":[null]}]}],"dependencies":[{"dependsOn":[{"id":"/subscriptions/00000000-0000-0000-0000-000000000000/providers/Microsoft.Authorization/policyDefinitions/policy2","resourceType":"Microsoft.Authorization/policyDefinitions","resourceName":"policy2"}],"id":"/subscriptions/00000000-0000-0000-0000-000000000000/providers/Microsoft.Authorization/policyAssignments/location-lock","resourceType":"Microsoft.Authorization/policyAssignments","resourceName":"location-lock"}],"outputResources":[{"id":"/subscriptions/00000000-0000-0000-0000-000000000000/providers/Microsoft.Authorization/policyAssignments/location-lock"},{"id":"/subscriptions/00000000-0000-0000-0000-000000000000/providers/Microsoft.Authorization/policyDefinitions/policy2"},{"id":"/subscriptions/00000000-0000-0000-0000-000000000000/resourceGroups/SDK-test/providers/Microsoft.Storage/storageAccounts/whatifnetsdktest1"}]}},{"id":"/subscriptions/00000000-0000-0000-0000-000000000000/providers/Microsoft.Resources/deployments/csmd1113","name":"csmd1113","type":"Microsoft.Resources/deployments","location":"westus2","properties":{"templateHash":"17428175978634637131","parameters":{"storageAccountName":{"type":"String","value":"whatifnetsdktest1"}},"mode":"Incremental","provisioningState":"Succeeded","timestamp":"2020-01-07T20:54:15.8475484Z","duration":"PT48.6759432S","correlationId":"c673245c-3a1d-4924-84fd-02ffe15475c2","providers":[{"namespace":"Microsoft.Authorization","resourceTypes":[{"resourceType":"policyDefinitions","locations":[null]},{"resourceType":"policyAssignments","locations":[null]}]},{"namespace":"Microsoft.Resources","resourceTypes":[{"resourceType":"deployments","locations":[null]}]}],"dependencies":[{"dependsOn":[{"id":"/subscriptions/00000000-0000-0000-0000-000000000000/providers/Microsoft.Authorization/policyDefinitions/policy2","resourceType":"Microsoft.Authorization/policyDefinitions","resourceName":"policy2"}],"id":"/subscriptions/00000000-0000-0000-0000-000000000000/providers/Microsoft.Authorization/policyAssignments/location-lock","resourceType":"Microsoft.Authorization/policyAssignments","resourceName":"location-lock"}],"outputResources":[{"id":"/subscriptions/00000000-0000-0000-0000-000000000000/providers/Microsoft.Authorization/policyAssignments/location-lock"},{"id":"/subscriptions/00000000-0000-0000-0000-000000000000/providers/Microsoft.Authorization/policyDefinitions/policy2"},{"id":"/subscriptions/00000000-0000-0000-0000-000000000000/resourceGroups/SDK-test/providers/Microsoft.Storage/storageAccounts/whatifnetsdktest1"}]}},{"id":"/subscriptions/00000000-0000-0000-0000-000000000000/providers/Microsoft.Resources/deployments/testDeployment","name":"testDeployment","type":"Microsoft.Resources/deployments","location":"centralus","properties":{"templateLink":{"uri":"https://raw.githubusercontent.com/Azure/azure-docs-json-samples/master/azure-resource-manager/emptyRG.json","contentVersion":"1.0.0.1"},"templateHash":"13385456461676353865","parameters":{"rgName":{"type":"String","value":"testResourceGroup"},"rgLocation":{"type":"String","value":"centralus"},"tags":{"type":"Object","value":{}}},"mode":"Incremental","provisioningState":"Succeeded","timestamp":"2020-02-26T20:34:49.6040692Z","duration":"PT13.0322402S","correlationId":"5e2c0d89-d600-46ae-9fdb-ede2e1cc2804","providers":[{"namespace":"Microsoft.Resources","resourceTypes":[{"resourceType":"resourceGroups","locations":["centralus"]}]}],"dependencies":[],"outputs":{},"outputResources":[{"id":"/subscriptions/00000000-0000-0000-0000-000000000000/resourceGroups/testResourceGroup"}]}}]}'
    headers:
      cache-control:
      - no-cache
      content-length:
      - '21931'
      content-type:
      - application/json; charset=utf-8
      date:
      - Thu, 07 May 2020 21:31:12 GMT
      expires:
      - '-1'
      pragma:
      - no-cache
      strict-transport-security:
      - max-age=31536000; includeSubDomains
      vary:
      - Accept-Encoding
      x-content-type-options:
      - nosniff
    status:
      code: 200
      message: OK
- request:
    body: null
    headers:
      Accept:
      - application/json
      Accept-Encoding:
      - gzip, deflate
      CommandName:
      - deployment show
      Connection:
      - keep-alive
      ParameterSetName:
      - -n
      User-Agent:
      - python/3.8.2 (Windows-10-10.0.18362-SP0) msrest/0.6.11 msrest_azure/0.6.3
        azure-mgmt-resource/9.0.0 Azure-SDK-For-Python AZURECLI/2.5.1
      accept-language:
      - en-US
    method: GET
    uri: https://management.azure.com/subscriptions/00000000-0000-0000-0000-000000000000/providers/Microsoft.Resources/deployments/mock-deployment?api-version=2019-10-01
  response:
    body:
      string: '{"id":"/subscriptions/00000000-0000-0000-0000-000000000000/providers/Microsoft.Resources/deployments/azure-cli-subscription_level_deployment000001","name":"azure-cli-subscription_level_deployment000001","type":"Microsoft.Resources/deployments","location":"westus","properties":{"templateHash":"13231341667663423384","parameters":{"storageAccountName":{"type":"String","value":"armbuilddemo18221"},"nestedRGName":{"type":"String","value":"cli_test_subscription_level_deployment"}},"mode":"Incremental","provisioningState":"Succeeded","timestamp":"2020-05-07T21:31:07.6685083Z","duration":"PT28.911714S","correlationId":"df19fd53-c129-4433-9d47-66f171fb7092","providers":[{"namespace":"Microsoft.Authorization","resourceTypes":[{"resourceType":"policyDefinitions","locations":[null]},{"resourceType":"policyAssignments","locations":[null]}]},{"namespace":"Microsoft.Resources","resourceTypes":[{"resourceType":"resourceGroups","locations":["westus"]},{"resourceType":"deployments","locations":[null]}]}],"dependencies":[{"dependsOn":[{"id":"/subscriptions/00000000-0000-0000-0000-000000000000/providers/Microsoft.Authorization/policyDefinitions/policy2","resourceType":"Microsoft.Authorization/policyDefinitions","resourceName":"policy2"}],"id":"/subscriptions/00000000-0000-0000-0000-000000000000/providers/Microsoft.Authorization/policyAssignments/location-lock","resourceType":"Microsoft.Authorization/policyAssignments","resourceName":"location-lock"},{"dependsOn":[{"id":"/subscriptions/00000000-0000-0000-0000-000000000000/resourceGroups/cli_test_subscription_level_deployment","resourceType":"Microsoft.Resources/resourceGroups","resourceName":"cli_test_subscription_level_deployment"}],"id":"/subscriptions/00000000-0000-0000-0000-000000000000/resourceGroups/cli_test_subscription_level_deployment/providers/Microsoft.Resources/deployments/rg-nested6","resourceType":"Microsoft.Resources/deployments","resourceName":"rg-nested6"}],"outputResources":[{"id":"/subscriptions/00000000-0000-0000-0000-000000000000/providers/Microsoft.Authorization/policyAssignments/location-lock"},{"id":"/subscriptions/00000000-0000-0000-0000-000000000000/providers/Microsoft.Authorization/policyDefinitions/policy2"},{"id":"/subscriptions/00000000-0000-0000-0000-000000000000/resourceGroups/cli_test_subscription_level_deployment"},{"id":"/subscriptions/00000000-0000-0000-0000-000000000000/resourceGroups/cli_test_subscription_level_deployment/providers/Microsoft.Storage/storageAccounts/armbuilddemo18221"}]}}'
    headers:
      cache-control:
      - no-cache
      content-length:
      - '2528'
      content-type:
      - application/json; charset=utf-8
      date:
      - Thu, 07 May 2020 21:31:13 GMT
      expires:
      - '-1'
      pragma:
      - no-cache
      strict-transport-security:
      - max-age=31536000; includeSubDomains
      vary:
      - Accept-Encoding
      x-content-type-options:
      - nosniff
    status:
      code: 200
      message: OK
- request:
    body: null
    headers:
      Accept:
      - application/json
      Accept-Encoding:
      - gzip, deflate
      CommandName:
      - deployment export
      Connection:
      - keep-alive
      Content-Length:
      - '0'
      ParameterSetName:
      - -n
      User-Agent:
      - python/3.8.2 (Windows-10-10.0.18362-SP0) msrest/0.6.11 msrest_azure/0.6.3
        azure-mgmt-resource/9.0.0 Azure-SDK-For-Python AZURECLI/2.5.1
      accept-language:
      - en-US
    method: POST
    uri: https://management.azure.com/subscriptions/00000000-0000-0000-0000-000000000000/providers/Microsoft.Resources/deployments/mock-deployment/exportTemplate?api-version=2019-10-01
  response:
    body:
      string: '{"template":{"$schema":"https://schema.management.azure.com/schemas/2015-01-01/deploymentTemplate.json#","contentVersion":"1.0.0.0","parameters":{"storageAccountName":{"defaultValue":"armbuilddemo1801","type":"String"},"nestedRGName":{"defaultValue":"cli_test_subscription_level_deployment","type":"String"}},"variables":{},"resources":[{"type":"Microsoft.Authorization/policyDefinitions","apiVersion":"2016-12-01","name":"policy2","properties":{"policyType":"Custom","parameters":{},"policyRule":{"if":{"field":"location","equals":"northeurope"},"then":{"effect":"deny"}}}},{"type":"Microsoft.Authorization/policyAssignments","apiVersion":"2016-12-01","name":"location-lock","dependsOn":["policy2"],"properties":{"scope":"[subscription().id]","policyDefinitionId":"[resourceId(''Microsoft.Authorization/policyDefinitions'',
        ''policy2'')]"}},{"type":"Microsoft.Resources/resourceGroups","apiVersion":"2018-05-01","name":"[parameters(''nestedRGName'')]","location":"WestUS","properties":{}},{"type":"Microsoft.Resources/deployments","apiVersion":"2017-05-10","name":"rg-nested6","dependsOn":["[parameters(''nestedRGName'')]"],"properties":{"template":{"$schema":"https://schema.management.azure.com/schemas/2015-01-01/deploymentTemplate.json#","contentVersion":"1.0.0.0","parameters":{},"variables":{},"resources":[{"type":"Microsoft.Storage/storageAccounts","name":"[parameters(''storageAccountName'')]","apiVersion":"2015-06-15","location":"East
        US","properties":{"accountType":"Standard_LRS","supportsHttpsTrafficOnly":true}}]},"mode":"Incremental"},"resourceGroup":"[parameters(''nestedRGName'')]"}]}}'
    headers:
      cache-control:
      - no-cache
      content-length:
      - '1592'
      content-type:
      - application/json; charset=utf-8
      date:
      - Thu, 07 May 2020 21:31:15 GMT
      expires:
      - '-1'
      pragma:
      - no-cache
      strict-transport-security:
      - max-age=31536000; includeSubDomains
      transfer-encoding:
      - chunked
      vary:
      - Accept-Encoding
      x-content-type-options:
      - nosniff
      x-ms-ratelimit-remaining-subscription-writes:
      - '1199'
    status:
      code: 200
      message: OK
- request:
    body: null
    headers:
      Accept:
      - application/json
      Accept-Encoding:
      - gzip, deflate
      CommandName:
      - deployment operation list
      Connection:
      - keep-alive
      ParameterSetName:
      - -n
      User-Agent:
      - python/3.8.2 (Windows-10-10.0.18362-SP0) msrest/0.6.11 msrest_azure/0.6.3
        azure-mgmt-resource/9.0.0 Azure-SDK-For-Python AZURECLI/2.5.1
      accept-language:
      - en-US
    method: GET
    uri: https://management.azure.com/subscriptions/00000000-0000-0000-0000-000000000000/providers/Microsoft.Resources/deployments/mock-deployment/operations?api-version=2019-10-01
  response:
    body:
      string: '{"value":[{"id":"/subscriptions/00000000-0000-0000-0000-000000000000/providers/Microsoft.Resources/deployments/azure-cli-subscription_level_deployment000001/operations/D808218C8EAFFB18","operationId":"D808218C8EAFFB18","properties":{"provisioningOperation":"Create","provisioningState":"Succeeded","timestamp":"2020-05-07T21:31:05.7780023Z","duration":"PT24.9446892S","trackingId":"6cc84ce8-7aa1-4f1d-8562-67e297802488","serviceRequestId":"067040b0-73d0-4bc4-97b5-0c48a6d21f16","statusCode":"OK","targetResource":{"id":"/subscriptions/00000000-0000-0000-0000-000000000000/resourceGroups/cli_test_subscription_level_deployment/providers/Microsoft.Resources/deployments/rg-nested6","resourceType":"Microsoft.Resources/deployments","resourceName":"rg-nested6"}}},{"id":"/subscriptions/00000000-0000-0000-0000-000000000000/providers/Microsoft.Resources/deployments/azure-cli-subscription_level_deployment000001/operations/09447EC139317AB8","operationId":"09447EC139317AB8","properties":{"provisioningOperation":"Create","provisioningState":"Succeeded","timestamp":"2020-05-07T21:30:40.7421595Z","duration":"PT0.1770724S","trackingId":"ab50d479-1c40-44ec-9265-6a62cfa46134","serviceRequestId":"westus:8f631c0b-f5e0-4fe8-bc93-8de30327236b","statusCode":"Created","targetResource":{"id":"/subscriptions/00000000-0000-0000-0000-000000000000/providers/Microsoft.Authorization/policyAssignments/location-lock","resourceType":"Microsoft.Authorization/policyAssignments","resourceName":"location-lock"}}},{"id":"/subscriptions/00000000-0000-0000-0000-000000000000/providers/Microsoft.Resources/deployments/azure-cli-subscription_level_deployment000001/operations/956EF7A95AA38823","operationId":"956EF7A95AA38823","properties":{"provisioningOperation":"Create","provisioningState":"Succeeded","timestamp":"2020-05-07T21:30:40.7142361Z","duration":"PT0.8374827S","trackingId":"fa81fcde-7eb6-4e20-bbb7-7d4498d7130b","serviceRequestId":"038ced88-27f4-4bed-acaf-b45227bd2236","statusCode":"Created","targetResource":{"id":"/subscriptions/00000000-0000-0000-0000-000000000000/resourceGroups/cli_test_subscription_level_deployment","resourceType":"Microsoft.Resources/resourceGroups","resourceName":"cli_test_subscription_level_deployment"}}},{"id":"/subscriptions/00000000-0000-0000-0000-000000000000/providers/Microsoft.Resources/deployments/azure-cli-subscription_level_deployment000001/operations/AB21198855D61D27","operationId":"AB21198855D61D27","properties":{"provisioningOperation":"Create","provisioningState":"Succeeded","timestamp":"2020-05-07T21:30:40.5058506Z","duration":"PT0.6290972S","trackingId":"34985884-8b0a-483b-a99a-ef4801007ece","serviceRequestId":"westus:9b217a00-5933-4271-98ee-e66d23129a24","statusCode":"Created","targetResource":{"id":"/subscriptions/00000000-0000-0000-0000-000000000000/providers/Microsoft.Authorization/policyDefinitions/policy2","resourceType":"Microsoft.Authorization/policyDefinitions","resourceName":"policy2"}}},{"id":"/subscriptions/00000000-0000-0000-0000-000000000000/providers/Microsoft.Resources/deployments/azure-cli-subscription_level_deployment000001/operations/08586127198467208489","operationId":"08586127198467208489","properties":{"provisioningOperation":"EvaluateDeploymentOutput","provisioningState":"Succeeded","timestamp":"2020-05-07T21:31:07.4139821Z","duration":"PT0.7187108S","trackingId":"818842a2-c86b-45be-b2c0-4bdbe8a1b842","statusCode":"OK","statusMessage":null}}]}'
    headers:
      cache-control:
      - no-cache
      content-length:
      - '3498'
      content-type:
      - application/json; charset=utf-8
      date:
      - Thu, 07 May 2020 21:31:16 GMT
      expires:
      - '-1'
      pragma:
      - no-cache
      strict-transport-security:
      - max-age=31536000; includeSubDomains
      vary:
      - Accept-Encoding
      x-content-type-options:
      - nosniff
    status:
      code: 200
      message: OK
- request:
    body: "{\"location\": \"WestUS\", \"properties\": {\"parameters\": {\"storageAccountName\":
      {\"value\": \"armbuilddemo18221\"}, \"nestedRGName\": {\"value\": \"cli_test_subscription_level_deployment\"}},
      \"mode\": \"Incremental\", template:{\r\n  \"$schema\": \"https://schema.management.azure.com/schemas/2015-01-01/deploymentTemplate.json#\",\r\n
      \ \"contentVersion\": \"1.0.0.0\",\r\n  \"parameters\": {\r\n    \"storageAccountName\":
      {\r\n      \"type\": \"string\",\r\n      \"defaultValue\": \"armbuilddemo1801\"\r\n
      \   },\r\n    \"nestedRGName\": {\r\n      \"type\": \"string\",\r\n      \"defaultValue\":
      \"cli_test_subscription_level_deployment\"\r\n    }\r\n  },\r\n  \"variables\":
      {},\r\n  \"resources\": [\r\n    {\r\n      \"type\": \"Microsoft.Authorization/policyDefinitions\",\r\n
      \     \"name\": \"policy2\",\r\n      \"apiVersion\": \"2016-12-01\",\r\n      \"properties\":
      {\r\n        \"policyType\": \"Custom\",\r\n        \"parameters\": {},\r\n
      \       \"policyRule\": {\r\n          \"if\": {\r\n            \"field\": \"location\",\r\n
      \           \"equals\": \"northeurope\"\r\n          },\r\n          \"then\":
      {\r\n            \"effect\": \"deny\"\r\n          }\r\n        }\r\n      }\r\n
      \   },\r\n    {\r\n      \"type\": \"Microsoft.Authorization/policyAssignments\",\r\n
      \     \"name\": \"location-lock\",\r\n      \"apiVersion\": \"2016-12-01\",\r\n
      \     \"dependsOn\": [\r\n        \"policy2\"\r\n      ],\r\n      \"properties\":
      {\r\n        \"scope\": \"[subscription().id]\",\r\n        \"policyDefinitionId\":
      \"[resourceId('Microsoft.Authorization/policyDefinitions', 'policy2')]\"\r\n
      \     }\r\n    },\r\n    {\r\n      \"type\": \"Microsoft.Resources/resourceGroups\",\r\n
      \     \"name\": \"[parameters('nestedRGName')]\",\r\n      \"apiVersion\": \"2018-05-01\",\r\n
      \     \"location\": \"WestUS\",\r\n      \"properties\": {\r\n      }\r\n    },\r\n
      \   {\r\n      \"type\": \"Microsoft.Resources/deployments\",\r\n      \"name\":
      \"rg-nested6\",\r\n      \"apiVersion\": \"2017-05-10\",\r\n      \"resourceGroup\":
      \"[parameters('nestedRGName')]\",\r\n      \"dependsOn\": [ \"[parameters('nestedRGName')]\"
      ],\r\n      \"properties\": {\r\n        \"template\": {\r\n          \"$schema\":
      \"https://schema.management.azure.com/schemas/2015-01-01/deploymentTemplate.json#\",\r\n
      \         \"contentVersion\": \"1.0.0.0\",\r\n          \"parameters\": {},\r\n
      \         \"variables\": {},\r\n          \"resources\": [\r\n            {\r\n
      \             \"type\": \"Microsoft.Storage/storageAccounts\",\r\n              \"name\":
      \"[parameters('storageAccountName')]\",\r\n              \"apiVersion\": \"2015-06-15\",\r\n
      \             \"location\": \"East US\",\r\n              \"properties\": {\r\n
      \               \"accountType\": \"Standard_LRS\",\r\n                \"supportsHttpsTrafficOnly\":
      true\r\n              }\r\n            }\r\n          ]\r\n        },\r\n        \"mode\":\"Incremental\"\r\n
      \     }\r\n    }\r\n  ] // comment\r\n}}}"
    headers:
      Accept:
      - application/json
      Accept-Encoding:
      - gzip, deflate
      CommandName:
      - deployment create
      Connection:
      - keep-alive
      Content-Length:
      - '2613'
      Content-Type:
      - application/json; charset=utf-8
      ParameterSetName:
      - -n --location --template-file --parameters --no-wait
      User-Agent:
      - python/3.8.2 (Windows-10-10.0.18362-SP0) msrest/0.6.11 msrest_azure/0.6.3
        azure-mgmt-resource/9.0.0 Azure-SDK-For-Python AZURECLI/2.5.1
      accept-language:
      - en-US
    method: POST
    uri: https://management.azure.com/subscriptions/00000000-0000-0000-0000-000000000000/providers/Microsoft.Resources/deployments/mock-deployment/validate?api-version=2019-10-01
  response:
    body:
      string: '{"id":"/subscriptions/00000000-0000-0000-0000-000000000000/providers/Microsoft.Resources/deployments/azure-cli-subscription_level_deployment000002","name":"azure-cli-subscription_level_deployment000002","type":"Microsoft.Resources/deployments","location":"westus","properties":{"templateHash":"13231341667663423384","parameters":{"storageAccountName":{"type":"String","value":"armbuilddemo18221"},"nestedRGName":{"type":"String","value":"cli_test_subscription_level_deployment"}},"mode":"Incremental","provisioningState":"Succeeded","timestamp":"2020-05-07T21:31:17.7467867Z","duration":"PT0S","correlationId":"65a8b338-a04c-4e8b-9b68-e52108082be1","providers":[{"namespace":"Microsoft.Authorization","resourceTypes":[{"resourceType":"policyDefinitions","locations":[null]},{"resourceType":"policyAssignments","locations":[null]}]},{"namespace":"Microsoft.Resources","resourceTypes":[{"resourceType":"resourceGroups","locations":["westus"]},{"resourceType":"deployments","locations":[null]}]}],"dependencies":[{"dependsOn":[{"id":"/subscriptions/00000000-0000-0000-0000-000000000000/providers/Microsoft.Authorization/policyDefinitions/policy2","resourceType":"Microsoft.Authorization/policyDefinitions","resourceName":"policy2"}],"id":"/subscriptions/00000000-0000-0000-0000-000000000000/providers/Microsoft.Authorization/policyAssignments/location-lock","resourceType":"Microsoft.Authorization/policyAssignments","resourceName":"location-lock"},{"dependsOn":[{"id":"/subscriptions/00000000-0000-0000-0000-000000000000/resourceGroups/cli_test_subscription_level_deployment","resourceType":"Microsoft.Resources/resourceGroups","resourceName":"cli_test_subscription_level_deployment"}],"id":"/subscriptions/00000000-0000-0000-0000-000000000000/resourceGroups/cli_test_subscription_level_deployment/providers/Microsoft.Resources/deployments/rg-nested6","resourceType":"Microsoft.Resources/deployments","resourceName":"rg-nested6"}],"validatedResources":[{"id":"/subscriptions/00000000-0000-0000-0000-000000000000/providers/Microsoft.Authorization/policyDefinitions/policy2"},{"id":"/subscriptions/00000000-0000-0000-0000-000000000000/providers/Microsoft.Authorization/policyAssignments/location-lock"},{"id":"/subscriptions/00000000-0000-0000-0000-000000000000/resourceGroups/cli_test_subscription_level_deployment"},{"id":"/subscriptions/00000000-0000-0000-0000-000000000000/resourceGroups/cli_test_subscription_level_deployment/providers/Microsoft.Resources/deployments/rg-nested6"},{"id":"/subscriptions/00000000-0000-0000-0000-000000000000/resourceGroups/cli_test_subscription_level_deployment/providers/Microsoft.Storage/storageAccounts/armbuilddemo18221"}]}}'
    headers:
      cache-control:
      - no-cache
      content-length:
      - '2691'
      content-type:
      - application/json; charset=utf-8
      date:
      - Thu, 07 May 2020 21:31:17 GMT
      expires:
      - '-1'
      pragma:
      - no-cache
      strict-transport-security:
      - max-age=31536000; includeSubDomains
      transfer-encoding:
      - chunked
      vary:
      - Accept-Encoding
      x-content-type-options:
      - nosniff
      x-ms-ratelimit-remaining-subscription-writes:
      - '1199'
    status:
      code: 200
      message: OK
- request:
    body: "{\"location\": \"WestUS\", \"properties\": {\"parameters\": {\"storageAccountName\":
      {\"value\": \"armbuilddemo18221\"}, \"nestedRGName\": {\"value\": \"cli_test_subscription_level_deployment\"}},
      \"mode\": \"Incremental\", template:{\r\n  \"$schema\": \"https://schema.management.azure.com/schemas/2015-01-01/deploymentTemplate.json#\",\r\n
      \ \"contentVersion\": \"1.0.0.0\",\r\n  \"parameters\": {\r\n    \"storageAccountName\":
      {\r\n      \"type\": \"string\",\r\n      \"defaultValue\": \"armbuilddemo1801\"\r\n
      \   },\r\n    \"nestedRGName\": {\r\n      \"type\": \"string\",\r\n      \"defaultValue\":
      \"cli_test_subscription_level_deployment\"\r\n    }\r\n  },\r\n  \"variables\":
      {},\r\n  \"resources\": [\r\n    {\r\n      \"type\": \"Microsoft.Authorization/policyDefinitions\",\r\n
      \     \"name\": \"policy2\",\r\n      \"apiVersion\": \"2016-12-01\",\r\n      \"properties\":
      {\r\n        \"policyType\": \"Custom\",\r\n        \"parameters\": {},\r\n
      \       \"policyRule\": {\r\n          \"if\": {\r\n            \"field\": \"location\",\r\n
      \           \"equals\": \"northeurope\"\r\n          },\r\n          \"then\":
      {\r\n            \"effect\": \"deny\"\r\n          }\r\n        }\r\n      }\r\n
      \   },\r\n    {\r\n      \"type\": \"Microsoft.Authorization/policyAssignments\",\r\n
      \     \"name\": \"location-lock\",\r\n      \"apiVersion\": \"2016-12-01\",\r\n
      \     \"dependsOn\": [\r\n        \"policy2\"\r\n      ],\r\n      \"properties\":
      {\r\n        \"scope\": \"[subscription().id]\",\r\n        \"policyDefinitionId\":
      \"[resourceId('Microsoft.Authorization/policyDefinitions', 'policy2')]\"\r\n
      \     }\r\n    },\r\n    {\r\n      \"type\": \"Microsoft.Resources/resourceGroups\",\r\n
      \     \"name\": \"[parameters('nestedRGName')]\",\r\n      \"apiVersion\": \"2018-05-01\",\r\n
      \     \"location\": \"WestUS\",\r\n      \"properties\": {\r\n      }\r\n    },\r\n
      \   {\r\n      \"type\": \"Microsoft.Resources/deployments\",\r\n      \"name\":
      \"rg-nested6\",\r\n      \"apiVersion\": \"2017-05-10\",\r\n      \"resourceGroup\":
      \"[parameters('nestedRGName')]\",\r\n      \"dependsOn\": [ \"[parameters('nestedRGName')]\"
      ],\r\n      \"properties\": {\r\n        \"template\": {\r\n          \"$schema\":
      \"https://schema.management.azure.com/schemas/2015-01-01/deploymentTemplate.json#\",\r\n
      \         \"contentVersion\": \"1.0.0.0\",\r\n          \"parameters\": {},\r\n
      \         \"variables\": {},\r\n          \"resources\": [\r\n            {\r\n
      \             \"type\": \"Microsoft.Storage/storageAccounts\",\r\n              \"name\":
      \"[parameters('storageAccountName')]\",\r\n              \"apiVersion\": \"2015-06-15\",\r\n
      \             \"location\": \"East US\",\r\n              \"properties\": {\r\n
      \               \"accountType\": \"Standard_LRS\",\r\n                \"supportsHttpsTrafficOnly\":
      true\r\n              }\r\n            }\r\n          ]\r\n        },\r\n        \"mode\":\"Incremental\"\r\n
      \     }\r\n    }\r\n  ] // comment\r\n}}}"
    headers:
      Accept:
      - application/json
      Accept-Encoding:
      - gzip, deflate
      CommandName:
      - deployment create
      Connection:
      - keep-alive
      Content-Length:
      - '2613'
      Content-Type:
      - application/json; charset=utf-8
      ParameterSetName:
      - -n --location --template-file --parameters --no-wait
      User-Agent:
      - python/3.8.2 (Windows-10-10.0.18362-SP0) msrest/0.6.11 msrest_azure/0.6.3
        azure-mgmt-resource/9.0.0 Azure-SDK-For-Python AZURECLI/2.5.1
      accept-language:
      - en-US
    method: PUT
    uri: https://management.azure.com/subscriptions/00000000-0000-0000-0000-000000000000/providers/Microsoft.Resources/deployments/mock-deployment?api-version=2019-10-01
  response:
    body:
      string: '{"id":"/subscriptions/00000000-0000-0000-0000-000000000000/providers/Microsoft.Resources/deployments/azure-cli-subscription_level_deployment000002","name":"azure-cli-subscription_level_deployment000002","type":"Microsoft.Resources/deployments","location":"westus","properties":{"templateHash":"13231341667663423384","parameters":{"storageAccountName":{"type":"String","value":"armbuilddemo18221"},"nestedRGName":{"type":"String","value":"cli_test_subscription_level_deployment"}},"mode":"Incremental","provisioningState":"Accepted","timestamp":"2020-05-07T21:31:19.089418Z","duration":"PT0.7058528S","correlationId":"68672e47-ba9f-49c5-b204-edc30871f3f3","providers":[{"namespace":"Microsoft.Authorization","resourceTypes":[{"resourceType":"policyDefinitions","locations":[null]},{"resourceType":"policyAssignments","locations":[null]}]},{"namespace":"Microsoft.Resources","resourceTypes":[{"resourceType":"resourceGroups","locations":["westus"]},{"resourceType":"deployments","locations":[null]}]}],"dependencies":[{"dependsOn":[{"id":"/subscriptions/00000000-0000-0000-0000-000000000000/providers/Microsoft.Authorization/policyDefinitions/policy2","resourceType":"Microsoft.Authorization/policyDefinitions","resourceName":"policy2"}],"id":"/subscriptions/00000000-0000-0000-0000-000000000000/providers/Microsoft.Authorization/policyAssignments/location-lock","resourceType":"Microsoft.Authorization/policyAssignments","resourceName":"location-lock"},{"dependsOn":[{"id":"/subscriptions/00000000-0000-0000-0000-000000000000/resourceGroups/cli_test_subscription_level_deployment","resourceType":"Microsoft.Resources/resourceGroups","resourceName":"cli_test_subscription_level_deployment"}],"id":"/subscriptions/00000000-0000-0000-0000-000000000000/resourceGroups/cli_test_subscription_level_deployment/providers/Microsoft.Resources/deployments/rg-nested6","resourceType":"Microsoft.Resources/deployments","resourceName":"rg-nested6"}]}}'
    headers:
      azure-asyncoperation:
      - https://management.azure.com/subscriptions/00000000-0000-0000-0000-000000000000/providers/Microsoft.Resources/deployments/azure-cli-subscription_level_deployment000002/operationStatuses/08586127198070940620?api-version=2019-10-01
      cache-control:
      - no-cache
      content-length:
      - '1966'
      content-type:
      - application/json; charset=utf-8
      date:
      - Thu, 07 May 2020 21:31:18 GMT
      expires:
      - '-1'
      pragma:
      - no-cache
      strict-transport-security:
      - max-age=31536000; includeSubDomains
      x-content-type-options:
      - nosniff
      x-ms-ratelimit-remaining-subscription-writes:
      - '1199'
    status:
      code: 201
      message: Created
- request:
    body: null
    headers:
      Accept:
      - application/json
      Accept-Encoding:
      - gzip, deflate
      CommandName:
      - deployment cancel
      Connection:
      - keep-alive
      Content-Length:
      - '0'
      ParameterSetName:
      - -n
      User-Agent:
      - python/3.8.2 (Windows-10-10.0.18362-SP0) msrest/0.6.11 msrest_azure/0.6.3
        azure-mgmt-resource/9.0.0 Azure-SDK-For-Python AZURECLI/2.5.1
      accept-language:
      - en-US
    method: POST
    uri: https://management.azure.com/subscriptions/00000000-0000-0000-0000-000000000000/providers/Microsoft.Resources/deployments/mock-deployment/cancel?api-version=2019-10-01
  response:
    body:
      string: ''
    headers:
      cache-control:
      - no-cache
      date:
      - Thu, 07 May 2020 21:31:19 GMT
      expires:
      - '-1'
      pragma:
      - no-cache
      strict-transport-security:
      - max-age=31536000; includeSubDomains
      x-content-type-options:
      - nosniff
      x-ms-ratelimit-remaining-subscription-writes:
      - '1199'
    status:
      code: 204
      message: No Content
- request:
    body: null
    headers:
      Accept:
      - application/json
      Accept-Encoding:
      - gzip, deflate
      CommandName:
      - deployment show
      Connection:
      - keep-alive
      ParameterSetName:
      - -n
      User-Agent:
      - python/3.8.2 (Windows-10-10.0.18362-SP0) msrest/0.6.11 msrest_azure/0.6.3
        azure-mgmt-resource/9.0.0 Azure-SDK-For-Python AZURECLI/2.5.1
      accept-language:
      - en-US
    method: GET
    uri: https://management.azure.com/subscriptions/00000000-0000-0000-0000-000000000000/providers/Microsoft.Resources/deployments/mock-deployment?api-version=2019-10-01
  response:
    body:
      string: '{"id":"/subscriptions/00000000-0000-0000-0000-000000000000/providers/Microsoft.Resources/deployments/azure-cli-subscription_level_deployment000002","name":"azure-cli-subscription_level_deployment000002","type":"Microsoft.Resources/deployments","location":"westus","properties":{"templateHash":"13231341667663423384","parameters":{"storageAccountName":{"type":"String","value":"armbuilddemo18221"},"nestedRGName":{"type":"String","value":"cli_test_subscription_level_deployment"}},"mode":"Incremental","provisioningState":"Canceled","timestamp":"2020-05-07T21:31:20.1940668Z","duration":"PT1.8105016S","correlationId":"68672e47-ba9f-49c5-b204-edc30871f3f3","providers":[{"namespace":"Microsoft.Authorization","resourceTypes":[{"resourceType":"policyDefinitions","locations":[null]},{"resourceType":"policyAssignments","locations":[null]}]},{"namespace":"Microsoft.Resources","resourceTypes":[{"resourceType":"resourceGroups","locations":["westus"]},{"resourceType":"deployments","locations":[null]}]}],"dependencies":[{"dependsOn":[{"id":"/subscriptions/00000000-0000-0000-0000-000000000000/providers/Microsoft.Authorization/policyDefinitions/policy2","resourceType":"Microsoft.Authorization/policyDefinitions","resourceName":"policy2"}],"id":"/subscriptions/00000000-0000-0000-0000-000000000000/providers/Microsoft.Authorization/policyAssignments/location-lock","resourceType":"Microsoft.Authorization/policyAssignments","resourceName":"location-lock"},{"dependsOn":[{"id":"/subscriptions/00000000-0000-0000-0000-000000000000/resourceGroups/cli_test_subscription_level_deployment","resourceType":"Microsoft.Resources/resourceGroups","resourceName":"cli_test_subscription_level_deployment"}],"id":"/subscriptions/00000000-0000-0000-0000-000000000000/resourceGroups/cli_test_subscription_level_deployment/providers/Microsoft.Resources/deployments/rg-nested6","resourceType":"Microsoft.Resources/deployments","resourceName":"rg-nested6"}]}}'
    headers:
      cache-control:
      - no-cache
      content-length:
      - '1967'
      content-type:
      - application/json; charset=utf-8
      date:
      - Thu, 07 May 2020 21:31:20 GMT
      expires:
      - '-1'
      pragma:
      - no-cache
      strict-transport-security:
      - max-age=31536000; includeSubDomains
      vary:
      - Accept-Encoding
      x-content-type-options:
      - nosniff
    status:
      code: 200
      message: OK
- request:
    body: null
    headers:
      Accept:
      - application/json
      Accept-Encoding:
      - gzip, deflate
      CommandName:
      - policy assignment delete
      Connection:
      - keep-alive
      Content-Length:
      - '0'
      ParameterSetName:
      - -n
      User-Agent:
      - python/3.8.2 (Windows-10-10.0.18362-SP0) msrest/0.6.11 msrest_azure/0.6.3
        azure-mgmt-resource/9.0.0 Azure-SDK-For-Python AZURECLI/2.5.1
      accept-language:
      - en-US
    method: DELETE
    uri: https://management.azure.com/subscriptions/00000000-0000-0000-0000-000000000000/providers/Microsoft.Authorization/policyAssignments/location-lock?api-version=2019-09-01
  response:
    body:
      string: '{"sku":{"name":"A0","tier":"Free"},"properties":{"policyDefinitionId":"/subscriptions/00000000-0000-0000-0000-000000000000/providers/Microsoft.Authorization/policyDefinitions/policy2","scope":"/subscriptions/00000000-0000-0000-0000-000000000000","metadata":{"createdBy":"b8aeaa91-5c34-4947-9a7c-3c9bc2ca8271","createdOn":"2020-05-07T21:30:40.64292Z","updatedBy":null,"updatedOn":null},"enforcementMode":"Default"},"id":"/subscriptions/00000000-0000-0000-0000-000000000000/providers/Microsoft.Authorization/policyAssignments/location-lock","type":"Microsoft.Authorization/policyAssignments","name":"location-lock"}'
    headers:
      cache-control:
      - no-cache
      content-length:
      - '613'
      content-type:
      - application/json; charset=utf-8
      date:
      - Thu, 07 May 2020 21:31:22 GMT
      expires:
      - '-1'
      pragma:
      - no-cache
      strict-transport-security:
      - max-age=31536000; includeSubDomains
      transfer-encoding:
      - chunked
      vary:
      - Accept-Encoding,Accept-Encoding
      x-content-type-options:
      - nosniff
      x-ms-ratelimit-remaining-subscription-deletes:
      - '14999'
    status:
      code: 200
      message: OK
- request:
    body: null
    headers:
      Accept:
      - application/json
      Accept-Encoding:
      - gzip, deflate
      CommandName:
      - policy definition delete
      Connection:
      - keep-alive
      Content-Length:
      - '0'
      ParameterSetName:
      - -n
      User-Agent:
      - python/3.8.2 (Windows-10-10.0.18362-SP0) msrest/0.6.11 msrest_azure/0.6.3
        azure-mgmt-resource/9.0.0 Azure-SDK-For-Python AZURECLI/2.5.1
      accept-language:
      - en-US
    method: DELETE
    uri: https://management.azure.com/subscriptions/00000000-0000-0000-0000-000000000000/providers/Microsoft.Authorization/policyDefinitions/policy2?api-version=2019-09-01
  response:
    body:
      string: '{"properties":{"policyType":"Custom","mode":"Indexed","metadata":{"createdBy":"b8aeaa91-5c34-4947-9a7c-3c9bc2ca8271","createdOn":"2020-05-07T21:30:40.2383468Z","updatedBy":null,"updatedOn":null},"parameters":{},"policyRule":{"if":{"field":"location","equals":"northeurope"},"then":{"effect":"deny"}}},"id":"/subscriptions/00000000-0000-0000-0000-000000000000/providers/Microsoft.Authorization/policyDefinitions/policy2","type":"Microsoft.Authorization/policyDefinitions","name":"policy2"}'
    headers:
      cache-control:
      - no-cache
      content-length:
      - '488'
      content-type:
      - application/json; charset=utf-8
      date:
      - Thu, 07 May 2020 21:31:22 GMT
      expires:
      - '-1'
      pragma:
      - no-cache
      strict-transport-security:
      - max-age=31536000; includeSubDomains
      transfer-encoding:
      - chunked
      vary:
      - Accept-Encoding,Accept-Encoding
      x-content-type-options:
      - nosniff
      x-ms-ratelimit-remaining-subscription-deletes:
      - '14999'
    status:
      code: 200
      message: OK
- request:
    body: null
    headers:
      Accept:
      - application/json
      Accept-Encoding:
      - gzip, deflate
      CommandName:
      - group delete
      Connection:
      - keep-alive
      Content-Length:
      - '0'
      ParameterSetName:
      - -n --yes
      User-Agent:
      - python/3.8.2 (Windows-10-10.0.18362-SP0) msrest/0.6.11 msrest_azure/0.6.3
        azure-mgmt-resource/9.0.0 Azure-SDK-For-Python AZURECLI/2.5.1
      accept-language:
      - en-US
    method: DELETE
    uri: https://management.azure.com/subscriptions/00000000-0000-0000-0000-000000000000/resourcegroups/cli_test_subscription_level_deployment?api-version=2019-10-01
  response:
    body:
      string: ''
    headers:
      cache-control:
      - no-cache
      content-length:
      - '0'
      date:
      - Thu, 07 May 2020 21:31:25 GMT
      expires:
      - '-1'
      location:
      - https://management.azure.com/subscriptions/00000000-0000-0000-0000-000000000000/operationresults/eyJqb2JJZCI6IlJFU09VUkNFR1JPVVBERUxFVElPTkpPQi1DTEk6NUZURVNUOjVGU1VCU0NSSVBUSU9OOjVGTEVWRUw6NUZERVBMT1lNRU5ULVdFU1RVUyIsImpvYkxvY2F0aW9uIjoid2VzdHVzIn0?api-version=2019-10-01
      pragma:
      - no-cache
      strict-transport-security:
      - max-age=31536000; includeSubDomains
      x-content-type-options:
      - nosniff
      x-ms-ratelimit-remaining-subscription-deletes:
      - '14999'
    status:
      code: 202
      message: Accepted
- request:
    body: null
    headers:
      Accept:
      - application/json
      Accept-Encoding:
      - gzip, deflate
      CommandName:
      - group delete
      Connection:
      - keep-alive
      ParameterSetName:
      - -n --yes
      User-Agent:
      - python/3.8.2 (Windows-10-10.0.18362-SP0) msrest/0.6.11 msrest_azure/0.6.3
        azure-mgmt-resource/9.0.0 Azure-SDK-For-Python AZURECLI/2.5.1
    method: GET
    uri: https://management.azure.com/subscriptions/00000000-0000-0000-0000-000000000000/operationresults/eyJqb2JJZCI6IlJFU09VUkNFR1JPVVBERUxFVElPTkpPQi1DTEk6NUZURVNUOjVGU1VCU0NSSVBUSU9OOjVGTEVWRUw6NUZERVBMT1lNRU5ULVdFU1RVUyIsImpvYkxvY2F0aW9uIjoid2VzdHVzIn0?api-version=2019-10-01
  response:
    body:
      string: ''
    headers:
      cache-control:
      - no-cache
      content-length:
      - '0'
      date:
      - Thu, 07 May 2020 21:31:40 GMT
      expires:
      - '-1'
      location:
      - https://management.azure.com/subscriptions/00000000-0000-0000-0000-000000000000/operationresults/eyJqb2JJZCI6IlJFU09VUkNFR1JPVVBERUxFVElPTkpPQi1DTEk6NUZURVNUOjVGU1VCU0NSSVBUSU9OOjVGTEVWRUw6NUZERVBMT1lNRU5ULVdFU1RVUyIsImpvYkxvY2F0aW9uIjoid2VzdHVzIn0?api-version=2019-10-01
      pragma:
      - no-cache
      strict-transport-security:
      - max-age=31536000; includeSubDomains
      x-content-type-options:
      - nosniff
    status:
      code: 202
      message: Accepted
- request:
    body: null
    headers:
      Accept:
      - application/json
      Accept-Encoding:
      - gzip, deflate
      CommandName:
      - group delete
      Connection:
      - keep-alive
      ParameterSetName:
      - -n --yes
      User-Agent:
      - python/3.8.2 (Windows-10-10.0.18362-SP0) msrest/0.6.11 msrest_azure/0.6.3
        azure-mgmt-resource/9.0.0 Azure-SDK-For-Python AZURECLI/2.5.1
    method: GET
    uri: https://management.azure.com/subscriptions/00000000-0000-0000-0000-000000000000/operationresults/eyJqb2JJZCI6IlJFU09VUkNFR1JPVVBERUxFVElPTkpPQi1DTEk6NUZURVNUOjVGU1VCU0NSSVBUSU9OOjVGTEVWRUw6NUZERVBMT1lNRU5ULVdFU1RVUyIsImpvYkxvY2F0aW9uIjoid2VzdHVzIn0?api-version=2019-10-01
  response:
    body:
      string: ''
    headers:
      cache-control:
      - no-cache
      content-length:
      - '0'
      date:
      - Thu, 07 May 2020 21:31:56 GMT
      expires:
      - '-1'
      location:
      - https://management.azure.com/subscriptions/00000000-0000-0000-0000-000000000000/operationresults/eyJqb2JJZCI6IlJFU09VUkNFR1JPVVBERUxFVElPTkpPQi1DTEk6NUZURVNUOjVGU1VCU0NSSVBUSU9OOjVGTEVWRUw6NUZERVBMT1lNRU5ULVdFU1RVUyIsImpvYkxvY2F0aW9uIjoid2VzdHVzIn0?api-version=2019-10-01
      pragma:
      - no-cache
      strict-transport-security:
      - max-age=31536000; includeSubDomains
      x-content-type-options:
      - nosniff
    status:
      code: 202
      message: Accepted
- request:
    body: null
    headers:
      Accept:
      - application/json
      Accept-Encoding:
      - gzip, deflate
      CommandName:
      - group delete
      Connection:
      - keep-alive
      ParameterSetName:
      - -n --yes
      User-Agent:
      - python/3.8.2 (Windows-10-10.0.18362-SP0) msrest/0.6.11 msrest_azure/0.6.3
        azure-mgmt-resource/9.0.0 Azure-SDK-For-Python AZURECLI/2.5.1
    method: GET
    uri: https://management.azure.com/subscriptions/00000000-0000-0000-0000-000000000000/operationresults/eyJqb2JJZCI6IlJFU09VUkNFR1JPVVBERUxFVElPTkpPQi1DTEk6NUZURVNUOjVGU1VCU0NSSVBUSU9OOjVGTEVWRUw6NUZERVBMT1lNRU5ULVdFU1RVUyIsImpvYkxvY2F0aW9uIjoid2VzdHVzIn0?api-version=2019-10-01
  response:
    body:
      string: ''
    headers:
      cache-control:
      - no-cache
      content-length:
      - '0'
      date:
      - Thu, 07 May 2020 21:32:11 GMT
      expires:
      - '-1'
      location:
      - https://management.azure.com/subscriptions/00000000-0000-0000-0000-000000000000/operationresults/eyJqb2JJZCI6IlJFU09VUkNFR1JPVVBERUxFVElPTkpPQi1DTEk6NUZURVNUOjVGU1VCU0NSSVBUSU9OOjVGTEVWRUw6NUZERVBMT1lNRU5ULVdFU1RVUyIsImpvYkxvY2F0aW9uIjoid2VzdHVzIn0?api-version=2019-10-01
      pragma:
      - no-cache
      strict-transport-security:
      - max-age=31536000; includeSubDomains
      x-content-type-options:
      - nosniff
    status:
      code: 202
      message: Accepted
- request:
    body: null
    headers:
      Accept:
      - application/json
      Accept-Encoding:
      - gzip, deflate
      CommandName:
      - group delete
      Connection:
      - keep-alive
      ParameterSetName:
      - -n --yes
      User-Agent:
      - python/3.8.2 (Windows-10-10.0.18362-SP0) msrest/0.6.11 msrest_azure/0.6.3
        azure-mgmt-resource/9.0.0 Azure-SDK-For-Python AZURECLI/2.5.1
    method: GET
    uri: https://management.azure.com/subscriptions/00000000-0000-0000-0000-000000000000/operationresults/eyJqb2JJZCI6IlJFU09VUkNFR1JPVVBERUxFVElPTkpPQi1DTEk6NUZURVNUOjVGU1VCU0NSSVBUSU9OOjVGTEVWRUw6NUZERVBMT1lNRU5ULVdFU1RVUyIsImpvYkxvY2F0aW9uIjoid2VzdHVzIn0?api-version=2019-10-01
  response:
    body:
      string: ''
    headers:
      cache-control:
      - no-cache
      content-length:
      - '0'
      date:
      - Thu, 07 May 2020 21:32:26 GMT
      expires:
      - '-1'
      location:
      - https://management.azure.com/subscriptions/00000000-0000-0000-0000-000000000000/operationresults/eyJqb2JJZCI6IlJFU09VUkNFR1JPVVBERUxFVElPTkpPQi1DTEk6NUZURVNUOjVGU1VCU0NSSVBUSU9OOjVGTEVWRUw6NUZERVBMT1lNRU5ULVdFU1RVUyIsImpvYkxvY2F0aW9uIjoid2VzdHVzIn0?api-version=2019-10-01
      pragma:
      - no-cache
      strict-transport-security:
      - max-age=31536000; includeSubDomains
      x-content-type-options:
      - nosniff
    status:
      code: 202
      message: Accepted
- request:
    body: null
    headers:
      Accept:
      - application/json
      Accept-Encoding:
      - gzip, deflate
      CommandName:
      - group delete
      Connection:
      - keep-alive
      ParameterSetName:
      - -n --yes
      User-Agent:
      - python/3.8.2 (Windows-10-10.0.18362-SP0) msrest/0.6.11 msrest_azure/0.6.3
        azure-mgmt-resource/9.0.0 Azure-SDK-For-Python AZURECLI/2.5.1
    method: GET
    uri: https://management.azure.com/subscriptions/00000000-0000-0000-0000-000000000000/operationresults/eyJqb2JJZCI6IlJFU09VUkNFR1JPVVBERUxFVElPTkpPQi1DTEk6NUZURVNUOjVGU1VCU0NSSVBUSU9OOjVGTEVWRUw6NUZERVBMT1lNRU5ULVdFU1RVUyIsImpvYkxvY2F0aW9uIjoid2VzdHVzIn0?api-version=2019-10-01
  response:
    body:
      string: ''
    headers:
      cache-control:
      - no-cache
      content-length:
      - '0'
      date:
      - Thu, 07 May 2020 21:32:41 GMT
      expires:
      - '-1'
      location:
      - https://management.azure.com/subscriptions/00000000-0000-0000-0000-000000000000/operationresults/eyJqb2JJZCI6IlJFU09VUkNFR1JPVVBERUxFVElPTkpPQi1DTEk6NUZURVNUOjVGU1VCU0NSSVBUSU9OOjVGTEVWRUw6NUZERVBMT1lNRU5ULVdFU1RVUyIsImpvYkxvY2F0aW9uIjoid2VzdHVzIn0?api-version=2019-10-01
      pragma:
      - no-cache
      strict-transport-security:
      - max-age=31536000; includeSubDomains
      x-content-type-options:
      - nosniff
    status:
      code: 202
      message: Accepted
- request:
    body: null
    headers:
      Accept:
      - application/json
      Accept-Encoding:
      - gzip, deflate
      CommandName:
      - group delete
      Connection:
      - keep-alive
      ParameterSetName:
      - -n --yes
      User-Agent:
      - python/3.8.2 (Windows-10-10.0.18362-SP0) msrest/0.6.11 msrest_azure/0.6.3
        azure-mgmt-resource/9.0.0 Azure-SDK-For-Python AZURECLI/2.5.1
    method: GET
    uri: https://management.azure.com/subscriptions/00000000-0000-0000-0000-000000000000/operationresults/eyJqb2JJZCI6IlJFU09VUkNFR1JPVVBERUxFVElPTkpPQi1DTEk6NUZURVNUOjVGU1VCU0NSSVBUSU9OOjVGTEVWRUw6NUZERVBMT1lNRU5ULVdFU1RVUyIsImpvYkxvY2F0aW9uIjoid2VzdHVzIn0?api-version=2019-10-01
  response:
    body:
      string: ''
    headers:
      cache-control:
      - no-cache
      content-length:
      - '0'
      date:
      - Thu, 07 May 2020 21:32:56 GMT
      expires:
      - '-1'
      pragma:
      - no-cache
      strict-transport-security:
      - max-age=31536000; includeSubDomains
      x-content-type-options:
      - nosniff
    status:
      code: 200
      message: OK
version: 1
