interactions:
- request:
    body: "{\"properties\": {\"parameters\": {}, \"mode\": \"Incremental\", template:{\n
      \   \"$schema\": \"https://schema.management.azure.com/schemas/2019-04-01/deploymentTemplate.json#\",\n
      \   \"contentVersion\": \"1.0.0.0\",\n    \"parameters\": {\n      \"storageAccountType\":
      {\n        \"type\": \"string\",\n        \"defaultValue\": \"Standard_LRS\",\n
      \       \"allowedValues\": [\n          \"Standard_LRS\",\n          \"Standard_GRS\",\n
      \         \"Standard_ZRS\",\n          \"Premium_LRS\"\n        ],\n        \"metadata\":
      {\n          \"description\": \"Storage Account type\"\n        }\n      },\n
      \     \"location\": {\n        \"type\": \"string\",\n        \"defaultValue\":
      \"[resourceGroup().location]\",\n        \"metadata\": {\n          \"description\":
      \"Location for all resources.\"\n        }\n      }\n    },\n    \"variables\":
      {\n      \"storageAccountName\": \"[concat('store', uniquestring(resourceGroup().id))]\"\n
      \   },\n    \"resources\": [\n      {\n        \"type\": \"Microsoft.Storage/storageAccounts\",\n
      \       \"apiVersion\": \"2019-04-01\",\n        \"name\": \"[variables('storageAccountName')]\",\n
      \       \"location\": \"[parameters('location')]\",\n        \"sku\": {\n          \"name\":
      \"[parameters('storageAccountType')]\"\n        },\n        \"kind\": \"StorageV2\",\n
      \       \"properties\": {}\n      }\n    ],\n    \"outputs\": {\n      \"storageAccountId\":
      {\n        \"type\": \"string\",\n        \"value\": \"[resourceId('Microsoft.Storage/storageAccounts',
      variables('storageAccountName'))]\"\n      }\n    }\n  }}}"
    headers:
      Accept:
      - application/json
      Accept-Encoding:
      - gzip, deflate
      CommandName:
      - deployment group create
      Connection:
      - keep-alive
      Content-Length:
      - '1415'
      Content-Type:
      - application/json
      ParameterSetName:
      - --resource-group --template-file
      User-Agent:
      - AZURECLI/2.44.0 azsdk-python-azure-mgmt-resource/22.0.0 Python/3.10.8 (Linux-5.15.0-1023-azure-x86_64-with-glibc2.31)
        VSTS_7b238909-6802-4b65-b90d-184bca47f458_build_220_0
    method: POST
    uri: https://management.azure.com/subscriptions/00000000-0000-0000-0000-000000000000/resourcegroups/cli_test_deployment_what_if000001/providers/Microsoft.Resources/deployments/mock-deployment/validate?api-version=2022-09-01
  response:
    body:
      string: '{"id":"/subscriptions/00000000-0000-0000-0000-000000000000/resourceGroups/cli_test_deployment_what_if000001/providers/Microsoft.Resources/deployments/storage_account_deploy","name":"storage_account_deploy","type":"Microsoft.Resources/deployments","properties":{"templateHash":"17777275051920256744","parameters":{"storageAccountType":{"type":"String","value":"Standard_LRS"},"location":{"type":"String","value":"westus"}},"mode":"Incremental","provisioningState":"Succeeded","timestamp":"0001-01-01T00:00:00Z","duration":"PT0S","correlationId":"aa048625-9887-432f-b457-7c18255ec9d3","providers":[{"namespace":"Microsoft.Storage","resourceTypes":[{"resourceType":"storageAccounts","locations":["westus"]}]}],"dependencies":[],"validatedResources":[{"id":"/subscriptions/00000000-0000-0000-0000-000000000000/resourceGroups/cli_test_deployment_what_if000001/providers/Microsoft.Storage/storageAccounts/storelsd7h7dod77ao"}]}}'
    headers:
      cache-control:
      - no-cache
      content-length:
      - '922'
      content-type:
      - application/json; charset=utf-8
      date:
      - Mon, 09 Jan 2023 10:39:21 GMT
      expires:
      - '-1'
      pragma:
      - no-cache
      strict-transport-security:
      - max-age=31536000; includeSubDomains
      transfer-encoding:
      - chunked
      vary:
      - Accept-Encoding
      x-content-type-options:
      - nosniff
      x-ms-ratelimit-remaining-subscription-writes:
      - '1198'
    status:
      code: 200
      message: OK
- request:
    body: "{\"properties\": {\"parameters\": {}, \"mode\": \"Incremental\", template:{\n
      \   \"$schema\": \"https://schema.management.azure.com/schemas/2019-04-01/deploymentTemplate.json#\",\n
      \   \"contentVersion\": \"1.0.0.0\",\n    \"parameters\": {\n      \"storageAccountType\":
      {\n        \"type\": \"string\",\n        \"defaultValue\": \"Standard_LRS\",\n
      \       \"allowedValues\": [\n          \"Standard_LRS\",\n          \"Standard_GRS\",\n
      \         \"Standard_ZRS\",\n          \"Premium_LRS\"\n        ],\n        \"metadata\":
      {\n          \"description\": \"Storage Account type\"\n        }\n      },\n
      \     \"location\": {\n        \"type\": \"string\",\n        \"defaultValue\":
      \"[resourceGroup().location]\",\n        \"metadata\": {\n          \"description\":
      \"Location for all resources.\"\n        }\n      }\n    },\n    \"variables\":
      {\n      \"storageAccountName\": \"[concat('store', uniquestring(resourceGroup().id))]\"\n
      \   },\n    \"resources\": [\n      {\n        \"type\": \"Microsoft.Storage/storageAccounts\",\n
      \       \"apiVersion\": \"2019-04-01\",\n        \"name\": \"[variables('storageAccountName')]\",\n
      \       \"location\": \"[parameters('location')]\",\n        \"sku\": {\n          \"name\":
      \"[parameters('storageAccountType')]\"\n        },\n        \"kind\": \"StorageV2\",\n
      \       \"properties\": {}\n      }\n    ],\n    \"outputs\": {\n      \"storageAccountId\":
      {\n        \"type\": \"string\",\n        \"value\": \"[resourceId('Microsoft.Storage/storageAccounts',
      variables('storageAccountName'))]\"\n      }\n    }\n  }}}"
    headers:
      Accept:
      - application/json
      Accept-Encoding:
      - gzip, deflate
      CommandName:
      - deployment group create
      Connection:
      - keep-alive
      Content-Length:
      - '1415'
      Content-Type:
      - application/json
      ParameterSetName:
      - --resource-group --template-file
      User-Agent:
      - AZURECLI/2.44.0 azsdk-python-azure-mgmt-resource/22.0.0 Python/3.10.8 (Linux-5.15.0-1023-azure-x86_64-with-glibc2.31)
        VSTS_7b238909-6802-4b65-b90d-184bca47f458_build_220_0
    method: PUT
    uri: https://management.azure.com/subscriptions/00000000-0000-0000-0000-000000000000/resourcegroups/cli_test_deployment_what_if000001/providers/Microsoft.Resources/deployments/mock-deployment?api-version=2022-09-01
  response:
    body:
      string: '{"id":"/subscriptions/00000000-0000-0000-0000-000000000000/resourceGroups/cli_test_deployment_what_if000001/providers/Microsoft.Resources/deployments/storage_account_deploy","name":"storage_account_deploy","type":"Microsoft.Resources/deployments","properties":{"templateHash":"17777275051920256744","parameters":{"storageAccountType":{"type":"String","value":"Standard_LRS"},"location":{"type":"String","value":"westus"}},"mode":"Incremental","provisioningState":"Accepted","timestamp":"2023-01-09T10:39:23.0582889Z","duration":"PT0.0006872S","correlationId":"cb2082b4-598f-4dfe-9d5e-354f2fd3c0bd","providers":[{"namespace":"Microsoft.Storage","resourceTypes":[{"resourceType":"storageAccounts","locations":["westus"]}]}],"dependencies":[]}}'
    headers:
      azure-asyncoperation:
      - https://management.azure.com/subscriptions/00000000-0000-0000-0000-000000000000/resourcegroups/cli_test_deployment_what_if000001/providers/Microsoft.Resources/deployments/storage_account_deploy/operationStatuses/08585283461232244141?api-version=2022-09-01
      cache-control:
      - no-cache
      content-length:
      - '741'
      content-type:
      - application/json; charset=utf-8
      date:
      - Mon, 09 Jan 2023 10:39:22 GMT
      expires:
      - '-1'
      pragma:
      - no-cache
      strict-transport-security:
      - max-age=31536000; includeSubDomains
      x-content-type-options:
      - nosniff
      x-ms-ratelimit-remaining-subscription-writes:
      - '1199'
    status:
      code: 201
      message: Created
- request:
    body: null
    headers:
      Accept:
      - '*/*'
      Accept-Encoding:
      - gzip, deflate
      CommandName:
      - deployment group create
      Connection:
      - keep-alive
      ParameterSetName:
      - --resource-group --template-file
      User-Agent:
      - AZURECLI/2.44.0 azsdk-python-azure-mgmt-resource/22.0.0 Python/3.10.8 (Linux-5.15.0-1023-azure-x86_64-with-glibc2.31)
        VSTS_7b238909-6802-4b65-b90d-184bca47f458_build_220_0
    method: GET
    uri: https://management.azure.com/subscriptions/00000000-0000-0000-0000-000000000000/resourcegroups/cli_test_deployment_what_if000001/providers/Microsoft.Resources/deployments/mock-deployment/operationStatuses/08585283461232244141?api-version=2022-09-01
  response:
    body:
      string: '{"status":"Succeeded"}'
    headers:
      cache-control:
      - no-cache
      content-length:
      - '22'
      content-type:
      - application/json; charset=utf-8
      date:
      - Mon, 09 Jan 2023 10:39:52 GMT
      expires:
      - '-1'
      pragma:
      - no-cache
      strict-transport-security:
      - max-age=31536000; includeSubDomains
      vary:
      - Accept-Encoding
      x-content-type-options:
      - nosniff
    status:
      code: 200
      message: OK
- request:
    body: null
    headers:
      Accept:
      - '*/*'
      Accept-Encoding:
      - gzip, deflate
      CommandName:
      - deployment group create
      Connection:
      - keep-alive
      ParameterSetName:
      - --resource-group --template-file
      User-Agent:
      - AZURECLI/2.44.0 azsdk-python-azure-mgmt-resource/22.0.0 Python/3.10.8 (Linux-5.15.0-1023-azure-x86_64-with-glibc2.31)
        VSTS_7b238909-6802-4b65-b90d-184bca47f458_build_220_0
    method: GET
    uri: https://management.azure.com/subscriptions/00000000-0000-0000-0000-000000000000/resourcegroups/cli_test_deployment_what_if000001/providers/Microsoft.Resources/deployments/mock-deployment?api-version=2022-09-01
  response:
    body:
      string: '{"id":"/subscriptions/00000000-0000-0000-0000-000000000000/resourceGroups/cli_test_deployment_what_if000001/providers/Microsoft.Resources/deployments/storage_account_deploy","name":"storage_account_deploy","type":"Microsoft.Resources/deployments","properties":{"templateHash":"17777275051920256744","parameters":{"storageAccountType":{"type":"String","value":"Standard_LRS"},"location":{"type":"String","value":"westus"}},"mode":"Incremental","provisioningState":"Succeeded","timestamp":"2023-01-09T10:39:47.9545076Z","duration":"PT24.8969059S","correlationId":"cb2082b4-598f-4dfe-9d5e-354f2fd3c0bd","providers":[{"namespace":"Microsoft.Storage","resourceTypes":[{"resourceType":"storageAccounts","locations":["westus"]}]}],"dependencies":[],"outputs":{"storageAccountId":{"type":"String","value":"/subscriptions/00000000-0000-0000-0000-000000000000/resourceGroups/cli_test_deployment_what_if000001/providers/Microsoft.Storage/storageAccounts/storelsd7h7dod77ao"}},"outputResources":[{"id":"/subscriptions/00000000-0000-0000-0000-000000000000/resourceGroups/cli_test_deployment_what_if000001/providers/Microsoft.Storage/storageAccounts/storelsd7h7dod77ao"}]}}'
    headers:
      cache-control:
      - no-cache
      content-length:
      - '1159'
      content-type:
      - application/json; charset=utf-8
      date:
      - Mon, 09 Jan 2023 10:39:52 GMT
      expires:
      - '-1'
      pragma:
      - no-cache
      strict-transport-security:
      - max-age=31536000; includeSubDomains
      vary:
      - Accept-Encoding
      x-content-type-options:
      - nosniff
    status:
      code: 200
      message: OK
- request:
    body: "{\"properties\": {\"parameters\": {\"storageAccountType\": {\"value\":
      \"Standard_GRS\"}}, \"mode\": \"Incremental\", \"whatIfSettings\": {\"resultFormat\":
      \"FullResourcePayloads\"}, template:{\n    \"$schema\": \"https://schema.management.azure.com/schemas/2019-04-01/deploymentTemplate.json#\",\n
      \   \"contentVersion\": \"1.0.0.0\",\n    \"parameters\": {\n      \"storageAccountType\":
      {\n        \"type\": \"string\",\n        \"defaultValue\": \"Standard_LRS\",\n
      \       \"allowedValues\": [\n          \"Standard_LRS\",\n          \"Standard_GRS\",\n
      \         \"Standard_ZRS\",\n          \"Premium_LRS\"\n        ],\n        \"metadata\":
      {\n          \"description\": \"Storage Account type\"\n        }\n      },\n
      \     \"location\": {\n        \"type\": \"string\",\n        \"defaultValue\":
      \"[resourceGroup().location]\",\n        \"metadata\": {\n          \"description\":
      \"Location for all resources.\"\n        }\n      }\n    },\n    \"variables\":
      {\n      \"storageAccountName\": \"[concat('store', uniquestring(resourceGroup().id))]\"\n
      \   },\n    \"resources\": [\n      {\n        \"type\": \"Microsoft.Storage/storageAccounts\",\n
      \       \"apiVersion\": \"2019-04-01\",\n        \"name\": \"[variables('storageAccountName')]\",\n
      \       \"location\": \"[parameters('location')]\",\n        \"sku\": {\n          \"name\":
      \"[parameters('storageAccountType')]\"\n        },\n        \"kind\": \"StorageV2\",\n
      \       \"properties\": {}\n      }\n    ],\n    \"outputs\": {\n      \"storageAccountId\":
      {\n        \"type\": \"string\",\n        \"value\": \"[resourceId('Microsoft.Storage/storageAccounts',
      variables('storageAccountName'))]\"\n      }\n    }\n  }}}"
    headers:
      Accept:
      - application/json
      Accept-Encoding:
      - gzip, deflate
      CommandName:
      - deployment group what-if
      Connection:
      - keep-alive
      Content-Length:
      - '1522'
      Content-Type:
      - application/json
      ParameterSetName:
      - --resource-group --template-file --parameters --no-pretty-print
      User-Agent:
      - AZURECLI/2.44.0 azsdk-python-azure-mgmt-resource/22.0.0 Python/3.10.8 (Linux-5.15.0-1023-azure-x86_64-with-glibc2.31)
        VSTS_7b238909-6802-4b65-b90d-184bca47f458_build_220_0
    method: POST
    uri: https://management.azure.com/subscriptions/00000000-0000-0000-0000-000000000000/resourcegroups/cli_test_deployment_what_if000001/providers/Microsoft.Resources/deployments/mock-deployment/whatIf?api-version=2022-09-01
  response:
    body:
      string: ''
    headers:
      cache-control:
      - no-cache
      connection:
      - close
      content-length:
      - '0'
      date:
      - Mon, 09 Jan 2023 10:39:55 GMT
      expires:
      - '-1'
      location:
      - https://management.azure.com/subscriptions/00000000-0000-0000-0000-000000000000/operationresults/eyJqb2JJZCI6IkRlcGxveW1lbnRXaGF0SWZKb2ItQ0xJOjVGVEVTVDo1RkRFUExPWU1FTlQ6NUZXSEFUOjVGSUZHUE5QWkNRNVNGTFl8MzQ0NkIzNzFBNDRBQkJBQS1TVE9SQUdFOjVGQUNDT1VOVDo1RkRFUExPWS0wNDJDODUwQzoyRDgyRUM6MkQ0QzgwOjJEODBGRDoyREFDQkU1NjMxN0U3RSIsImpvYkxvY2F0aW9uIjoid2VzdHVzIn0?api-version=2022-09-01
      pragma:
      - no-cache
      strict-transport-security:
      - max-age=31536000; includeSubDomains
      x-content-type-options:
      - nosniff
      x-ms-ratelimit-remaining-subscription-writes:
      - '1199'
    status:
      code: 202
      message: Accepted
- request:
    body: null
    headers:
      Accept:
      - '*/*'
      Accept-Encoding:
      - gzip, deflate
      CommandName:
      - deployment group what-if
      Connection:
      - keep-alive
      ParameterSetName:
      - --resource-group --template-file --parameters --no-pretty-print
      User-Agent:
      - AZURECLI/2.44.0 azsdk-python-azure-mgmt-resource/22.0.0 Python/3.10.8 (Linux-5.15.0-1023-azure-x86_64-with-glibc2.31)
        VSTS_7b238909-6802-4b65-b90d-184bca47f458_build_220_0
    method: GET
    uri: https://management.azure.com/subscriptions/00000000-0000-0000-0000-000000000000/operationresults/eyJqb2JJZCI6IkRlcGxveW1lbnRXaGF0SWZKb2ItQ0xJOjVGVEVTVDo1RkRFUExPWU1FTlQ6NUZXSEFUOjVGSUZHUE5QWkNRNVNGTFl8MzQ0NkIzNzFBNDRBQkJBQS1TVE9SQUdFOjVGQUNDT1VOVDo1RkRFUExPWS0wNDJDODUwQzoyRDgyRUM6MkQ0QzgwOjJEODBGRDoyREFDQkU1NjMxN0U3RSIsImpvYkxvY2F0aW9uIjoid2VzdHVzIn0?api-version=2022-09-01
  response:
    body:
      string: '{"status":"Succeeded","properties":{"correlationId":"042c850c-82ec-4c80-80fd-acbe56317e7e","changes":[{"resourceId":"/subscriptions/00000000-0000-0000-0000-000000000000/resourceGroups/cli_test_deployment_what_if000001/providers/Microsoft.Storage/storageAccounts/storelsd7h7dod77ao","changeType":"Modify","before":{"apiVersion":"2019-04-01","id":"/subscriptions/00000000-0000-0000-0000-000000000000/resourceGroups/cli_test_deployment_what_if000001/providers/Microsoft.Storage/storageAccounts/storelsd7h7dod77ao","kind":"StorageV2","location":"westus","name":"storelsd7h7dod77ao","properties":{"accessTier":"Hot","encryption":{"keySource":"Microsoft.Storage"},"networkAcls":{"bypass":"AzureServices","defaultAction":"Allow"},"supportsHttpsTrafficOnly":true},"sku":{"name":"Standard_LRS"},"type":"Microsoft.Storage/storageAccounts"},"after":{"apiVersion":"2019-04-01","id":"/subscriptions/00000000-0000-0000-0000-000000000000/resourceGroups/cli_test_deployment_what_if000001/providers/Microsoft.Storage/storageAccounts/storelsd7h7dod77ao","kind":"StorageV2","location":"westus","name":"storelsd7h7dod77ao","properties":{"accessTier":"Hot","encryption":{"keySource":"Microsoft.Storage"},"networkAcls":{"bypass":"AzureServices","defaultAction":"Allow"},"supportsHttpsTrafficOnly":true},"sku":{"name":"Standard_GRS"},"type":"Microsoft.Storage/storageAccounts"},"delta":[{"path":"sku.name","propertyChangeType":"Modify","before":"Standard_LRS","after":"Standard_GRS"}]}]}}'
    headers:
      cache-control:
      - no-cache
      content-length:
      - '1465'
      content-type:
      - application/json; charset=utf-8
      date:
      - Mon, 09 Jan 2023 10:40:11 GMT
      expires:
      - '-1'
      pragma:
      - no-cache
      strict-transport-security:
      - max-age=31536000; includeSubDomains
      vary:
      - Accept-Encoding
      x-content-type-options:
      - nosniff
    status:
      code: 200
      message: OK
version: 1
