interactions:
- request:
    body: null
    headers:
      Accept:
      - application/json
      Accept-Encoding:
      - gzip, deflate
      CommandName:
      - account management-group create
      Connection:
      - keep-alive
      Content-Length:
      - '0'
      ParameterSetName:
      - --name
      User-Agent:
      - python/3.8.0 (Windows-10-10.0.18362-SP0) msrest/0.6.10 msrest_azure/0.6.2
        azure-mgmt-resource/8.0.1 Azure-SDK-For-Python AZURECLI/2.3.1
      accept-language:
      - en-US
    method: POST
    uri: https://management.azure.com/subscriptions/00000000-0000-0000-0000-000000000000/providers/Microsoft.Management/register?api-version=2019-07-01
  response:
    body:
      string: '{"id":"/subscriptions/00000000-0000-0000-0000-000000000000/providers/Microsoft.Management","namespace":"Microsoft.Management","authorization":{"applicationId":"f2c304cf-8e7e-4c3f-8164-16299ad9d272","roleDefinitionId":"c1cf3708-588a-4647-be7f-f400bbe214cf"},"resourceTypes":[{"resourceType":"resources","locations":[],"apiVersions":["2017-11-01-preview","2017-08-31-preview","2017-06-30-preview","2017-05-31-preview"],"capabilities":"None"},{"resourceType":"managementGroups","locations":[],"apiVersions":["2020-02-01","2019-11-01","2018-03-01-preview","2018-03-01-beta","2018-01-01-preview","2017-11-01-preview","2017-08-31-preview","2017-06-30-preview","2017-05-31-preview"],"capabilities":"None"},{"resourceType":"getEntities","locations":[],"apiVersions":["2020-02-01","2019-11-01","2018-03-01-preview","2018-03-01-beta","2018-01-01-preview"],"capabilities":"None"},{"resourceType":"managementGroups/settings","locations":[],"apiVersions":["2020-02-01","2018-03-01-beta"],"capabilities":"None"},{"resourceType":"checkNameAvailability","locations":[],"apiVersions":["2020-02-01","2019-11-01","2018-03-01-preview","2018-03-01-beta","2018-01-01-preview"],"capabilities":"None"},{"resourceType":"operationResults","locations":[],"apiVersions":["2020-02-01","2019-11-01","2018-03-01-preview","2018-03-01-beta","2018-01-01-preview"],"capabilities":"None"},{"resourceType":"operationResults/asyncOperation","locations":[],"apiVersions":["2020-02-01","2019-11-01","2018-03-01-beta"],"capabilities":"None"},{"resourceType":"operations","locations":[],"apiVersions":["2020-02-01","2019-11-01","2018-03-01-preview","2018-03-01-beta","2018-01-01-preview","2017-11-01-preview","2017-08-31-preview","2017-06-30-preview","2017-05-31-preview"],"capabilities":"None"},{"resourceType":"tenantBackfillStatus","locations":[],"apiVersions":["2020-02-01","2019-11-01","2018-03-01-preview","2018-03-01-beta"],"capabilities":"None"},{"resourceType":"startTenantBackfill","locations":[],"apiVersions":["2020-02-01","2019-11-01","2018-03-01-preview","2018-03-01-beta"],"capabilities":"None"}],"registrationState":"Registered","registrationPolicy":"RegistrationRequired"}'
    headers:
      cache-control:
      - no-cache
      content-length:
      - '2147'
      content-type:
      - application/json; charset=utf-8
      date:
      - Wed, 08 Apr 2020 04:47:26 GMT
      expires:
      - '-1'
      pragma:
      - no-cache
      strict-transport-security:
      - max-age=31536000; includeSubDomains
      transfer-encoding:
      - chunked
      vary:
      - Accept-Encoding
      x-content-type-options:
      - nosniff
      x-ms-ratelimit-remaining-subscription-writes:
      - '1199'
    status:
      code: 200
      message: OK
- request:
    body: null
    headers:
      Accept:
      - application/json
      Accept-Encoding:
      - gzip, deflate
      CommandName:
      - account management-group create
      Connection:
      - keep-alive
      ParameterSetName:
      - --name
      User-Agent:
      - python/3.8.0 (Windows-10-10.0.18362-SP0) msrest/0.6.10 msrest_azure/0.6.2
        azure-mgmt-resource/8.0.1 Azure-SDK-For-Python AZURECLI/2.3.1
      accept-language:
      - en-US
    method: GET
    uri: https://management.azure.com/subscriptions/00000000-0000-0000-0000-000000000000/providers/Microsoft.Management?api-version=2019-07-01
  response:
    body:
      string: '{"id":"/subscriptions/00000000-0000-0000-0000-000000000000/providers/Microsoft.Management","namespace":"Microsoft.Management","authorization":{"applicationId":"f2c304cf-8e7e-4c3f-8164-16299ad9d272","roleDefinitionId":"c1cf3708-588a-4647-be7f-f400bbe214cf"},"resourceTypes":[{"resourceType":"resources","locations":[],"apiVersions":["2017-11-01-preview","2017-08-31-preview","2017-06-30-preview","2017-05-31-preview"],"capabilities":"None"},{"resourceType":"managementGroups","locations":[],"apiVersions":["2020-02-01","2019-11-01","2018-03-01-preview","2018-03-01-beta","2018-01-01-preview","2017-11-01-preview","2017-08-31-preview","2017-06-30-preview","2017-05-31-preview"],"capabilities":"None"},{"resourceType":"getEntities","locations":[],"apiVersions":["2020-02-01","2019-11-01","2018-03-01-preview","2018-03-01-beta","2018-01-01-preview"],"capabilities":"None"},{"resourceType":"managementGroups/settings","locations":[],"apiVersions":["2020-02-01","2018-03-01-beta"],"capabilities":"None"},{"resourceType":"checkNameAvailability","locations":[],"apiVersions":["2020-02-01","2019-11-01","2018-03-01-preview","2018-03-01-beta","2018-01-01-preview"],"capabilities":"None"},{"resourceType":"operationResults","locations":[],"apiVersions":["2020-02-01","2019-11-01","2018-03-01-preview","2018-03-01-beta","2018-01-01-preview"],"capabilities":"None"},{"resourceType":"operationResults/asyncOperation","locations":[],"apiVersions":["2020-02-01","2019-11-01","2018-03-01-beta"],"capabilities":"None"},{"resourceType":"operations","locations":[],"apiVersions":["2020-02-01","2019-11-01","2018-03-01-preview","2018-03-01-beta","2018-01-01-preview","2017-11-01-preview","2017-08-31-preview","2017-06-30-preview","2017-05-31-preview"],"capabilities":"None"},{"resourceType":"tenantBackfillStatus","locations":[],"apiVersions":["2020-02-01","2019-11-01","2018-03-01-preview","2018-03-01-beta"],"capabilities":"None"},{"resourceType":"startTenantBackfill","locations":[],"apiVersions":["2020-02-01","2019-11-01","2018-03-01-preview","2018-03-01-beta"],"capabilities":"None"}],"registrationState":"Registered","registrationPolicy":"RegistrationRequired"}'
    headers:
      cache-control:
      - no-cache
      content-length:
      - '2147'
      content-type:
      - application/json; charset=utf-8
      date:
      - Wed, 08 Apr 2020 04:47:36 GMT
      expires:
      - '-1'
      pragma:
      - no-cache
      strict-transport-security:
      - max-age=31536000; includeSubDomains
      vary:
      - Accept-Encoding
      x-content-type-options:
      - nosniff
    status:
      code: 200
      message: OK
- request:
    body: '{"name": "azure-cli-management-group3bxh", "properties": {"details": {"parent":
      {}}}}'
    headers:
      Accept:
      - application/json
      Accept-Encoding:
      - gzip, deflate
      Cache-Control:
      - no-cache
      CommandName:
      - account management-group create
      Connection:
      - keep-alive
      Content-Length:
      - '85'
      Content-Type:
      - application/json; charset=utf-8
      ParameterSetName:
      - --name
      User-Agent:
      - python/3.8.0 (Windows-10-10.0.18362-SP0) msrest/0.6.10 msrest_azure/0.6.2
        azure-mgmt-managementgroups/0.2.0 Azure-SDK-For-Python AZURECLI/2.3.1
      accept-language:
      - en-US
    method: PUT
    uri: https://management.azure.com/providers/Microsoft.Management/managementGroups/azure-cli-management-group3bxh?api-version=2018-03-01-preview
  response:
    body:
      string: '{"id":"/providers/Microsoft.Management/managementGroups/azure-cli-management-group3bxh","type":"/providers/Microsoft.Management/managementGroups","name":"azure-cli-management-group3bxh","properties":{"tenantId":"54826b22-38d6-4fb2-bad9-b7b93a3e9c5a","displayName":"azure-cli-management-group3bxh","details":{"version":5,"updatedTime":"2020-03-18T04:16:02.0318501Z","updatedBy":"9ac534f1-d577-4034-a32d-48de400dacbf","parent":{"id":"/providers/Microsoft.Management/managementGroups/54826b22-38d6-4fb2-bad9-b7b93a3e9c5a","name":"54826b22-38d6-4fb2-bad9-b7b93a3e9c5a","displayName":"54826b22-38d6-4fb2-bad9-b7b93a3e9c5a"}}}}'
    headers:
      cache-control:
      - no-cache
      content-length:
      - '621'
      content-type:
      - application/json; charset=utf-8
      date:
      - Wed, 08 Apr 2020 04:47:36 GMT
      expires:
      - '-1'
      pragma:
      - no-cache
      request-id:
      - 979f522b-49bd-47b3-a6da-74d80cd310b1
      strict-transport-security:
      - max-age=31536000; includeSubDomains
      transfer-encoding:
      - chunked
      vary:
      - Accept-Encoding,Accept-Encoding
      x-ba-restapi:
      - 1.0.3.1560
      x-content-type-options:
      - nosniff
      x-ms-ratelimit-remaining-tenant-writes:
      - '1199'
    status:
      code: 200
      message: OK
- request:
    body: "{\"location\": \"WestUS\", \"properties\": {\"parameters\": {\"nestedsubId\":
      {\"value\": \"0b1f6471-1bf0-4dda-aec3-cb9272f09590\"}, \"storageAccountName\":
      {\"value\": \"armbuilddemo1234\"}, \"targetMG\": {\"value\": \"azure-cli-management-group3bxh\"},
      \"nestedRG\": {\"value\": \"azure-cli-sub-resource-group000002\"}}, \"mode\":
      \"Incremental\", template:{\r\n  \"$schema\": \"https://schema.management.azure.com/schemas/2015-01-01/deploymentTemplate.json#\",\r\n
      \ \"contentVersion\": \"1.0.0.0\",\r\n  \"parameters\": {\r\n    \"targetMG\":
      {\r\n      \"type\": \"string\"\r\n    },\r\n    \"nestedsubId\": {\r\n      \"type\":
      \"string\"\r\n    },\r\n    \"nestedRG\": {\r\n      \"type\": \"string\"\r\n
      \   },\r\n    \"storageAccountName\": {\r\n      \"type\": \"string\"\r\n    }\r\n
      \ },\r\n  \"variables\": {\r\n    \"mgScope\": \"[concat('/providers/Microsoft.Management/managementGroups/',
      parameters('targetMG'))]\"\r\n  },\r\n  \"resources\": [\r\n    {\r\n      \"type\":
      \"Microsoft.Authorization/policyDefinitions\",\r\n      \"name\": \"policy2\",\r\n
      \     \"apiVersion\": \"2016-12-01\",\r\n      \"properties\": {\r\n        \"policyType\":
      \"Custom\",\r\n        \"parameters\": {\r\n\r\n        },\r\n        \"policyRule\":
      {\r\n          \"if\": {\r\n            \"field\": \"location\",\r\n            \"equals\":
      \"northeurope\"\r\n          },\r\n          \"then\": {\r\n            \"effect\":
      \"deny\"\r\n          }\r\n        }\r\n      }\r\n    },\r\n    {\r\n      \"type\":
      \"Microsoft.Authorization/policyAssignments\",\r\n      \"name\": \"location-lock\",\r\n
      \     \"apiVersion\": \"2016-12-01\",\r\n      \"dependsOn\": [\r\n        \"policy2\"\r\n
      \     ],\r\n      \"properties\": {\r\n        \"scope\": \"[variables('mgScope')]\",\r\n
      \       \"policyDefinitionId\": \"[concat(variables('mgScope'), '/providers/',
      'Microsoft.Authorization/policyDefinitions/', 'policy2')]\"\r\n      }\r\n    },\r\n
      \   {\r\n      \"type\": \"Microsoft.Resources/deployments\",\r\n      \"name\":
      \"sdktest-subnested\",\r\n      \"apiVersion\": \"2018-05-01\",\r\n      \"location\":
      \"West US\",\r\n      \"subscriptionId\": \"[parameters('nestedSubId')]\",\r\n
      \     \"properties\": {\r\n        \"template\": {\r\n          \"$schema\":
      \"https://schema.management.azure.com/schemas/2015-01-01/deploymentTemplate.json#\",\r\n
      \         \"contentVersion\": \"1.0.0.0\",\r\n          \"parameters\": {\r\n\r\n
      \         },\r\n          \"variables\": {\r\n\r\n          },\r\n          \"resources\":
      [\r\n            {\r\n              \"type\": \"Microsoft.Resources/resourceGroups\",\r\n
      \             \"name\": \"[parameters('nestedRG')]\",\r\n              \"apiVersion\":
      \"2018-05-01\",\r\n              \"location\": \"East US 2 EUAP\",\r\n              \"properties\":
      {\r\n\r\n              }\r\n            },\r\n            {\r\n              \"type\":
      \"Microsoft.Resources/deployments\",\r\n              \"name\": \"rg-nested\",\r\n
      \             \"apiVersion\": \"2017-05-10\",\r\n              \"resourceGroup\":
      \"[parameters('nestedRG')]\",\r\n              \"dependsOn\": [ \"[parameters('nestedRG')]\"
      ],\r\n              \"properties\": {\r\n                \"template\": {\r\n
      \                 \"$schema\": \"https://schema.management.azure.com/schemas/2015-01-01/deploymentTemplate.json#\",\r\n
      \                 \"contentVersion\": \"1.0.0.0\",\r\n                  \"parameters\":
      {\r\n\r\n                  },\r\n                  \"variables\": {\r\n\r\n
      \                 },\r\n                  \"resources\": [\r\n                    {\r\n
      \                     \"type\": \"Microsoft.Storage/storageAccounts\",\r\n                      \"name\":
      \"[parameters('storageAccountName')]\",\r\n                      \"apiVersion\":
      \"2015-06-15\",\r\n                      \"location\": \"East US\",\r\n                      \"properties\":
      {\r\n                        \"accountType\": \"Standard_LRS\",\r\n                        \"supportsHttpsTrafficOnly\":
      true\r\n                      }\r\n                    }\r\n                  ]\r\n
      \               },\r\n                \"mode\": \"Incremental\"\r\n              }\r\n
      \           }\r\n          ]\r\n        },\r\n        \"mode\": \"Incremental\"\r\n
      \     }\r\n    }\r\n  ] // comment\r\n}}}"
    headers:
      Accept:
      - application/json
      Accept-Encoding:
      - gzip, deflate
      CommandName:
      - deployment mg validate
      Connection:
      - keep-alive
      Content-Length:
      - '3821'
      Content-Type:
      - application/json; charset=utf-8
      ParameterSetName:
      - --management-group-id --location --template-file --parameters --parameters
        --parameters
      User-Agent:
      - python/3.8.0 (Windows-10-10.0.18362-SP0) msrest/0.6.10 msrest_azure/0.6.2
        azure-mgmt-resource/8.0.1 Azure-SDK-For-Python AZURECLI/2.3.1
      accept-language:
      - en-US
    method: POST
    uri: https://management.azure.com/providers/Microsoft.Management/managementGroups/azure-cli-management-group3bxh/providers/Microsoft.Resources/deployments/mock-deployment/validate?api-version=2019-07-01
  response:
    body:
      string: '{"id":"/providers/Microsoft.Management/managementGroups/azure-cli-management-group3bxh/providers/Microsoft.Resources/deployments/management_group_level_template","name":"management_group_level_template","type":"Microsoft.Resources/deployments","location":"westus","properties":{"templateHash":"13170742102864522604","parameters":{"targetMG":{"type":"String","value":"azure-cli-management-group3bxh"},"nestedsubId":{"type":"String","value":"0b1f6471-1bf0-4dda-aec3-cb9272f09590"},"nestedRG":{"type":"String","value":"azure-cli-sub-resource-group000002"},"storageAccountName":{"type":"String","value":"armbuilddemo1234"}},"mode":"Incremental","provisioningState":"Succeeded","timestamp":"2020-04-08T04:47:38.1359713Z","duration":"PT0S","correlationId":"62713a7f-ef15-4df0-9d1e-268cf658a618","providers":[{"namespace":"Microsoft.Authorization","resourceTypes":[{"resourceType":"policyDefinitions","locations":[null]},{"resourceType":"policyAssignments","locations":[null]}]},{"namespace":"Microsoft.Resources","resourceTypes":[{"resourceType":"deployments","locations":["westus"]}]}],"dependencies":[{"dependsOn":[{"id":"/providers/Microsoft.Management/managementGroups/azure-cli-management-group3bxh/providers/Microsoft.Authorization/policyDefinitions/policy2","resourceType":"Microsoft.Authorization/policyDefinitions","resourceName":"policy2"}],"id":"/providers/Microsoft.Management/managementGroups/azure-cli-management-group3bxh/providers/Microsoft.Authorization/policyAssignments/location-lock","resourceType":"Microsoft.Authorization/policyAssignments","resourceName":"location-lock"}],"validatedResources":[{"id":"/providers/Microsoft.Management/managementGroups/azure-cli-management-group3bxh/providers/Microsoft.Authorization/policyDefinitions/policy2"},{"id":"/providers/Microsoft.Management/managementGroups/azure-cli-management-group3bxh/providers/Microsoft.Authorization/policyAssignments/location-lock"},{"id":"/subscriptions/00000000-0000-0000-0000-000000000000/providers/Microsoft.Resources/deployments/sdktest-subnested"},{"id":"/subscriptions/00000000-0000-0000-0000-000000000000/resourceGroups/azure-cli-sub-resource-group000002"},{"id":"/subscriptions/00000000-0000-0000-0000-000000000000/resourceGroups/azure-cli-sub-resource-group000002/providers/Microsoft.Resources/deployments/rg-nested"},{"id":"/subscriptions/00000000-0000-0000-0000-000000000000/resourceGroups/azure-cli-sub-resource-group000002/providers/Microsoft.Storage/storageAccounts/armbuilddemo1234"}]}}'
    headers:
      cache-control:
      - no-cache
      content-length:
      - '2589'
      content-type:
      - application/json; charset=utf-8
      date:
      - Wed, 08 Apr 2020 04:47:41 GMT
      expires:
      - '-1'
      pragma:
      - no-cache
      strict-transport-security:
      - max-age=31536000; includeSubDomains
      transfer-encoding:
      - chunked
      vary:
      - Accept-Encoding
      x-content-type-options:
      - nosniff
      x-ms-ratelimit-remaining-tenant-writes:
      - '1199'
    status:
      code: 200
      message: OK
- request:
    body: "{\"location\": \"WestUS\", \"properties\": {\"parameters\": {\"nestedsubId\":
      {\"value\": \"0b1f6471-1bf0-4dda-aec3-cb9272f09590\"}, \"storageAccountName\":
      {\"value\": \"armbuilddemo1234\"}, \"targetMG\": {\"value\": \"azure-cli-management-group3bxh\"},
      \"nestedRG\": {\"value\": \"azure-cli-sub-resource-group000002\"}}, \"mode\":
      \"Incremental\", template:{\r\n  \"$schema\": \"https://schema.management.azure.com/schemas/2015-01-01/deploymentTemplate.json#\",\r\n
      \ \"contentVersion\": \"1.0.0.0\",\r\n  \"parameters\": {\r\n    \"targetMG\":
      {\r\n      \"type\": \"string\"\r\n    },\r\n    \"nestedsubId\": {\r\n      \"type\":
      \"string\"\r\n    },\r\n    \"nestedRG\": {\r\n      \"type\": \"string\"\r\n
      \   },\r\n    \"storageAccountName\": {\r\n      \"type\": \"string\"\r\n    }\r\n
      \ },\r\n  \"variables\": {\r\n    \"mgScope\": \"[concat('/providers/Microsoft.Management/managementGroups/',
      parameters('targetMG'))]\"\r\n  },\r\n  \"resources\": [\r\n    {\r\n      \"type\":
      \"Microsoft.Authorization/policyDefinitions\",\r\n      \"name\": \"policy2\",\r\n
      \     \"apiVersion\": \"2016-12-01\",\r\n      \"properties\": {\r\n        \"policyType\":
      \"Custom\",\r\n        \"parameters\": {\r\n\r\n        },\r\n        \"policyRule\":
      {\r\n          \"if\": {\r\n            \"field\": \"location\",\r\n            \"equals\":
      \"northeurope\"\r\n          },\r\n          \"then\": {\r\n            \"effect\":
      \"deny\"\r\n          }\r\n        }\r\n      }\r\n    },\r\n    {\r\n      \"type\":
      \"Microsoft.Authorization/policyAssignments\",\r\n      \"name\": \"location-lock\",\r\n
      \     \"apiVersion\": \"2016-12-01\",\r\n      \"dependsOn\": [\r\n        \"policy2\"\r\n
      \     ],\r\n      \"properties\": {\r\n        \"scope\": \"[variables('mgScope')]\",\r\n
      \       \"policyDefinitionId\": \"[concat(variables('mgScope'), '/providers/',
      'Microsoft.Authorization/policyDefinitions/', 'policy2')]\"\r\n      }\r\n    },\r\n
      \   {\r\n      \"type\": \"Microsoft.Resources/deployments\",\r\n      \"name\":
      \"sdktest-subnested\",\r\n      \"apiVersion\": \"2018-05-01\",\r\n      \"location\":
      \"West US\",\r\n      \"subscriptionId\": \"[parameters('nestedSubId')]\",\r\n
      \     \"properties\": {\r\n        \"template\": {\r\n          \"$schema\":
      \"https://schema.management.azure.com/schemas/2015-01-01/deploymentTemplate.json#\",\r\n
      \         \"contentVersion\": \"1.0.0.0\",\r\n          \"parameters\": {\r\n\r\n
      \         },\r\n          \"variables\": {\r\n\r\n          },\r\n          \"resources\":
      [\r\n            {\r\n              \"type\": \"Microsoft.Resources/resourceGroups\",\r\n
      \             \"name\": \"[parameters('nestedRG')]\",\r\n              \"apiVersion\":
      \"2018-05-01\",\r\n              \"location\": \"East US 2 EUAP\",\r\n              \"properties\":
      {\r\n\r\n              }\r\n            },\r\n            {\r\n              \"type\":
      \"Microsoft.Resources/deployments\",\r\n              \"name\": \"rg-nested\",\r\n
      \             \"apiVersion\": \"2017-05-10\",\r\n              \"resourceGroup\":
      \"[parameters('nestedRG')]\",\r\n              \"dependsOn\": [ \"[parameters('nestedRG')]\"
      ],\r\n              \"properties\": {\r\n                \"template\": {\r\n
      \                 \"$schema\": \"https://schema.management.azure.com/schemas/2015-01-01/deploymentTemplate.json#\",\r\n
      \                 \"contentVersion\": \"1.0.0.0\",\r\n                  \"parameters\":
      {\r\n\r\n                  },\r\n                  \"variables\": {\r\n\r\n
      \                 },\r\n                  \"resources\": [\r\n                    {\r\n
      \                     \"type\": \"Microsoft.Storage/storageAccounts\",\r\n                      \"name\":
      \"[parameters('storageAccountName')]\",\r\n                      \"apiVersion\":
      \"2015-06-15\",\r\n                      \"location\": \"East US\",\r\n                      \"properties\":
      {\r\n                        \"accountType\": \"Standard_LRS\",\r\n                        \"supportsHttpsTrafficOnly\":
      true\r\n                      }\r\n                    }\r\n                  ]\r\n
      \               },\r\n                \"mode\": \"Incremental\"\r\n              }\r\n
      \           }\r\n          ]\r\n        },\r\n        \"mode\": \"Incremental\"\r\n
      \     }\r\n    }\r\n  ] // comment\r\n}}}"
    headers:
      Accept:
      - application/json
      Accept-Encoding:
      - gzip, deflate
      CommandName:
      - deployment mg create
      Connection:
      - keep-alive
      Content-Length:
      - '3821'
      Content-Type:
      - application/json; charset=utf-8
      ParameterSetName:
      - --management-group-id --location -n --template-file --parameters --parameters
        --parameters
      User-Agent:
      - python/3.8.0 (Windows-10-10.0.18362-SP0) msrest/0.6.10 msrest_azure/0.6.2
        azure-mgmt-resource/8.0.1 Azure-SDK-For-Python AZURECLI/2.3.1
      accept-language:
      - en-US
    method: POST
    uri: https://management.azure.com/providers/Microsoft.Management/managementGroups/azure-cli-management-group3bxh/providers/Microsoft.Resources/deployments/mock-deployment/validate?api-version=2019-07-01
  response:
    body:
      string: '{"id":"/providers/Microsoft.Management/managementGroups/azure-cli-management-group3bxh/providers/Microsoft.Resources/deployments/azure-cli-management-group-deployment000001","name":"azure-cli-management-group-deployment000001","type":"Microsoft.Resources/deployments","location":"westus","properties":{"templateHash":"13170742102864522604","parameters":{"targetMG":{"type":"String","value":"azure-cli-management-group3bxh"},"nestedsubId":{"type":"String","value":"0b1f6471-1bf0-4dda-aec3-cb9272f09590"},"nestedRG":{"type":"String","value":"azure-cli-sub-resource-group000002"},"storageAccountName":{"type":"String","value":"armbuilddemo1234"}},"mode":"Incremental","provisioningState":"Succeeded","timestamp":"2020-04-08T04:47:41.6994872Z","duration":"PT0S","correlationId":"640d2ba2-322f-430c-9e7d-5c8da6328f33","providers":[{"namespace":"Microsoft.Authorization","resourceTypes":[{"resourceType":"policyDefinitions","locations":[null]},{"resourceType":"policyAssignments","locations":[null]}]},{"namespace":"Microsoft.Resources","resourceTypes":[{"resourceType":"deployments","locations":["westus"]}]}],"dependencies":[{"dependsOn":[{"id":"/providers/Microsoft.Management/managementGroups/azure-cli-management-group3bxh/providers/Microsoft.Authorization/policyDefinitions/policy2","resourceType":"Microsoft.Authorization/policyDefinitions","resourceName":"policy2"}],"id":"/providers/Microsoft.Management/managementGroups/azure-cli-management-group3bxh/providers/Microsoft.Authorization/policyAssignments/location-lock","resourceType":"Microsoft.Authorization/policyAssignments","resourceName":"location-lock"}],"validatedResources":[{"id":"/providers/Microsoft.Management/managementGroups/azure-cli-management-group3bxh/providers/Microsoft.Authorization/policyDefinitions/policy2"},{"id":"/providers/Microsoft.Management/managementGroups/azure-cli-management-group3bxh/providers/Microsoft.Authorization/policyAssignments/location-lock"},{"id":"/subscriptions/00000000-0000-0000-0000-000000000000/providers/Microsoft.Resources/deployments/sdktest-subnested"},{"id":"/subscriptions/00000000-0000-0000-0000-000000000000/resourceGroups/azure-cli-sub-resource-group000002"},{"id":"/subscriptions/00000000-0000-0000-0000-000000000000/resourceGroups/azure-cli-sub-resource-group000002/providers/Microsoft.Resources/deployments/rg-nested"},{"id":"/subscriptions/00000000-0000-0000-0000-000000000000/resourceGroups/azure-cli-sub-resource-group000002/providers/Microsoft.Storage/storageAccounts/armbuilddemo1234"}]}}'
    headers:
      cache-control:
      - no-cache
      content-length:
      - '2647'
      content-type:
      - application/json; charset=utf-8
      date:
      - Wed, 08 Apr 2020 04:47:42 GMT
      expires:
      - '-1'
      pragma:
      - no-cache
      strict-transport-security:
      - max-age=31536000; includeSubDomains
      transfer-encoding:
      - chunked
      vary:
      - Accept-Encoding
      x-content-type-options:
      - nosniff
      x-ms-ratelimit-remaining-tenant-writes:
      - '1198'
    status:
      code: 200
      message: OK
- request:
    body: "{\"location\": \"WestUS\", \"properties\": {\"parameters\": {\"nestedsubId\":
      {\"value\": \"0b1f6471-1bf0-4dda-aec3-cb9272f09590\"}, \"storageAccountName\":
      {\"value\": \"armbuilddemo1234\"}, \"targetMG\": {\"value\": \"azure-cli-management-group3bxh\"},
      \"nestedRG\": {\"value\": \"azure-cli-sub-resource-group000002\"}}, \"mode\":
      \"Incremental\", template:{\r\n  \"$schema\": \"https://schema.management.azure.com/schemas/2015-01-01/deploymentTemplate.json#\",\r\n
      \ \"contentVersion\": \"1.0.0.0\",\r\n  \"parameters\": {\r\n    \"targetMG\":
      {\r\n      \"type\": \"string\"\r\n    },\r\n    \"nestedsubId\": {\r\n      \"type\":
      \"string\"\r\n    },\r\n    \"nestedRG\": {\r\n      \"type\": \"string\"\r\n
      \   },\r\n    \"storageAccountName\": {\r\n      \"type\": \"string\"\r\n    }\r\n
      \ },\r\n  \"variables\": {\r\n    \"mgScope\": \"[concat('/providers/Microsoft.Management/managementGroups/',
      parameters('targetMG'))]\"\r\n  },\r\n  \"resources\": [\r\n    {\r\n      \"type\":
      \"Microsoft.Authorization/policyDefinitions\",\r\n      \"name\": \"policy2\",\r\n
      \     \"apiVersion\": \"2016-12-01\",\r\n      \"properties\": {\r\n        \"policyType\":
      \"Custom\",\r\n        \"parameters\": {\r\n\r\n        },\r\n        \"policyRule\":
      {\r\n          \"if\": {\r\n            \"field\": \"location\",\r\n            \"equals\":
      \"northeurope\"\r\n          },\r\n          \"then\": {\r\n            \"effect\":
      \"deny\"\r\n          }\r\n        }\r\n      }\r\n    },\r\n    {\r\n      \"type\":
      \"Microsoft.Authorization/policyAssignments\",\r\n      \"name\": \"location-lock\",\r\n
      \     \"apiVersion\": \"2016-12-01\",\r\n      \"dependsOn\": [\r\n        \"policy2\"\r\n
      \     ],\r\n      \"properties\": {\r\n        \"scope\": \"[variables('mgScope')]\",\r\n
      \       \"policyDefinitionId\": \"[concat(variables('mgScope'), '/providers/',
      'Microsoft.Authorization/policyDefinitions/', 'policy2')]\"\r\n      }\r\n    },\r\n
      \   {\r\n      \"type\": \"Microsoft.Resources/deployments\",\r\n      \"name\":
      \"sdktest-subnested\",\r\n      \"apiVersion\": \"2018-05-01\",\r\n      \"location\":
      \"West US\",\r\n      \"subscriptionId\": \"[parameters('nestedSubId')]\",\r\n
      \     \"properties\": {\r\n        \"template\": {\r\n          \"$schema\":
      \"https://schema.management.azure.com/schemas/2015-01-01/deploymentTemplate.json#\",\r\n
      \         \"contentVersion\": \"1.0.0.0\",\r\n          \"parameters\": {\r\n\r\n
      \         },\r\n          \"variables\": {\r\n\r\n          },\r\n          \"resources\":
      [\r\n            {\r\n              \"type\": \"Microsoft.Resources/resourceGroups\",\r\n
      \             \"name\": \"[parameters('nestedRG')]\",\r\n              \"apiVersion\":
      \"2018-05-01\",\r\n              \"location\": \"East US 2 EUAP\",\r\n              \"properties\":
      {\r\n\r\n              }\r\n            },\r\n            {\r\n              \"type\":
      \"Microsoft.Resources/deployments\",\r\n              \"name\": \"rg-nested\",\r\n
      \             \"apiVersion\": \"2017-05-10\",\r\n              \"resourceGroup\":
      \"[parameters('nestedRG')]\",\r\n              \"dependsOn\": [ \"[parameters('nestedRG')]\"
      ],\r\n              \"properties\": {\r\n                \"template\": {\r\n
      \                 \"$schema\": \"https://schema.management.azure.com/schemas/2015-01-01/deploymentTemplate.json#\",\r\n
      \                 \"contentVersion\": \"1.0.0.0\",\r\n                  \"parameters\":
      {\r\n\r\n                  },\r\n                  \"variables\": {\r\n\r\n
      \                 },\r\n                  \"resources\": [\r\n                    {\r\n
      \                     \"type\": \"Microsoft.Storage/storageAccounts\",\r\n                      \"name\":
      \"[parameters('storageAccountName')]\",\r\n                      \"apiVersion\":
      \"2015-06-15\",\r\n                      \"location\": \"East US\",\r\n                      \"properties\":
      {\r\n                        \"accountType\": \"Standard_LRS\",\r\n                        \"supportsHttpsTrafficOnly\":
      true\r\n                      }\r\n                    }\r\n                  ]\r\n
      \               },\r\n                \"mode\": \"Incremental\"\r\n              }\r\n
      \           }\r\n          ]\r\n        },\r\n        \"mode\": \"Incremental\"\r\n
      \     }\r\n    }\r\n  ] // comment\r\n}}}"
    headers:
      Accept:
      - application/json
      Accept-Encoding:
      - gzip, deflate
      CommandName:
      - deployment mg create
      Connection:
      - keep-alive
      Content-Length:
      - '3821'
      Content-Type:
      - application/json; charset=utf-8
      ParameterSetName:
      - --management-group-id --location -n --template-file --parameters --parameters
        --parameters
      User-Agent:
      - python/3.8.0 (Windows-10-10.0.18362-SP0) msrest/0.6.10 msrest_azure/0.6.2
        azure-mgmt-resource/8.0.1 Azure-SDK-For-Python AZURECLI/2.3.1
      accept-language:
      - en-US
    method: PUT
    uri: https://management.azure.com/providers/Microsoft.Management/managementGroups/azure-cli-management-group3bxh/providers/Microsoft.Resources/deployments/mock-deployment?api-version=2019-07-01
  response:
    body:
      string: '{"id":"/providers/Microsoft.Management/managementGroups/azure-cli-management-group3bxh/providers/Microsoft.Resources/deployments/azure-cli-management-group-deployment000001","name":"azure-cli-management-group-deployment000001","type":"Microsoft.Resources/deployments","location":"westus","properties":{"templateHash":"13170742102864522604","parameters":{"targetMG":{"type":"String","value":"azure-cli-management-group3bxh"},"nestedsubId":{"type":"String","value":"0b1f6471-1bf0-4dda-aec3-cb9272f09590"},"nestedRG":{"type":"String","value":"azure-cli-sub-resource-group000002"},"storageAccountName":{"type":"String","value":"armbuilddemo1234"}},"mode":"Incremental","provisioningState":"Accepted","timestamp":"2020-04-08T04:47:46.5552297Z","duration":"PT3.5827803S","correlationId":"083ecb9c-14e1-4c83-bde5-4a332d715a4b","providers":[{"namespace":"Microsoft.Authorization","resourceTypes":[{"resourceType":"policyDefinitions","locations":[null]},{"resourceType":"policyAssignments","locations":[null]}]},{"namespace":"Microsoft.Resources","resourceTypes":[{"resourceType":"deployments","locations":["westus"]}]}],"dependencies":[{"dependsOn":[{"id":"/providers/Microsoft.Management/managementGroups/azure-cli-management-group3bxh/providers/Microsoft.Authorization/policyDefinitions/policy2","resourceType":"Microsoft.Authorization/policyDefinitions","resourceName":"policy2"}],"id":"/providers/Microsoft.Management/managementGroups/azure-cli-management-group3bxh/providers/Microsoft.Authorization/policyAssignments/location-lock","resourceType":"Microsoft.Authorization/policyAssignments","resourceName":"location-lock"}]}}'
    headers:
      azure-asyncoperation:
      - https://management.azure.com/providers/Microsoft.Management/managementGroups/azure-cli-management-group3bxh/providers/Microsoft.Resources/deployments/azure-cli-management-group-deployment000001/operationStatuses/08586152856225051718?api-version=2019-07-01
      cache-control:
      - no-cache
      content-length:
      - '1682'
      content-type:
      - application/json; charset=utf-8
      date:
      - Wed, 08 Apr 2020 04:47:47 GMT
      expires:
      - '-1'
      pragma:
      - no-cache
      strict-transport-security:
      - max-age=31536000; includeSubDomains
      x-content-type-options:
      - nosniff
      x-ms-ratelimit-remaining-tenant-writes:
      - '1199'
    status:
      code: 201
      message: Created
- request:
    body: null
    headers:
      Accept:
      - application/json
      Accept-Encoding:
      - gzip, deflate
      CommandName:
      - deployment mg create
      Connection:
      - keep-alive
      ParameterSetName:
      - --management-group-id --location -n --template-file --parameters --parameters
        --parameters
      User-Agent:
      - python/3.8.0 (Windows-10-10.0.18362-SP0) msrest/0.6.10 msrest_azure/0.6.2
        azure-mgmt-resource/8.0.1 Azure-SDK-For-Python AZURECLI/2.3.1
    method: GET
    uri: https://management.azure.com/providers/Microsoft.Management/managementGroups/azure-cli-management-group3bxh/providers/Microsoft.Resources/deployments/mock-deployment/operationStatuses/08586152856225051718?api-version=2019-07-01
  response:
    body:
      string: '{"status":"Running"}'
    headers:
      cache-control:
      - no-cache
      content-length:
      - '20'
      content-type:
      - application/json; charset=utf-8
      date:
      - Wed, 08 Apr 2020 04:48:17 GMT
      expires:
      - '-1'
      pragma:
      - no-cache
      strict-transport-security:
      - max-age=31536000; includeSubDomains
      vary:
      - Accept-Encoding
      x-content-type-options:
      - nosniff
    status:
      code: 200
      message: OK
- request:
    body: null
    headers:
      Accept:
      - application/json
      Accept-Encoding:
      - gzip, deflate
      CommandName:
      - deployment mg create
      Connection:
      - keep-alive
      ParameterSetName:
      - --management-group-id --location -n --template-file --parameters --parameters
        --parameters
      User-Agent:
      - python/3.8.0 (Windows-10-10.0.18362-SP0) msrest/0.6.10 msrest_azure/0.6.2
        azure-mgmt-resource/8.0.1 Azure-SDK-For-Python AZURECLI/2.3.1
    method: GET
    uri: https://management.azure.com/providers/Microsoft.Management/managementGroups/azure-cli-management-group3bxh/providers/Microsoft.Resources/deployments/mock-deployment/operationStatuses/08586152856225051718?api-version=2019-07-01
  response:
    body:
      string: '{"status":"Running"}'
    headers:
      cache-control:
      - no-cache
      content-length:
      - '20'
      content-type:
      - application/json; charset=utf-8
      date:
      - Wed, 08 Apr 2020 04:48:47 GMT
      expires:
      - '-1'
      pragma:
      - no-cache
      strict-transport-security:
      - max-age=31536000; includeSubDomains
      vary:
      - Accept-Encoding
      x-content-type-options:
      - nosniff
    status:
      code: 200
      message: OK
- request:
    body: null
    headers:
      Accept:
      - application/json
      Accept-Encoding:
      - gzip, deflate
      CommandName:
      - deployment mg create
      Connection:
      - keep-alive
      ParameterSetName:
      - --management-group-id --location -n --template-file --parameters --parameters
        --parameters
      User-Agent:
      - python/3.8.0 (Windows-10-10.0.18362-SP0) msrest/0.6.10 msrest_azure/0.6.2
        azure-mgmt-resource/8.0.1 Azure-SDK-For-Python AZURECLI/2.3.1
    method: GET
    uri: https://management.azure.com/providers/Microsoft.Management/managementGroups/azure-cli-management-group3bxh/providers/Microsoft.Resources/deployments/mock-deployment/operationStatuses/08586152856225051718?api-version=2019-07-01
  response:
    body:
      string: '{"status":"Running"}'
    headers:
      cache-control:
      - no-cache
      content-length:
      - '20'
      content-type:
      - application/json; charset=utf-8
      date:
      - Wed, 08 Apr 2020 04:49:18 GMT
      expires:
      - '-1'
      pragma:
      - no-cache
      strict-transport-security:
      - max-age=31536000; includeSubDomains
      vary:
      - Accept-Encoding
      x-content-type-options:
      - nosniff
    status:
      code: 200
      message: OK
- request:
    body: null
    headers:
      Accept:
      - application/json
      Accept-Encoding:
      - gzip, deflate
      CommandName:
      - deployment mg create
      Connection:
      - keep-alive
      ParameterSetName:
      - --management-group-id --location -n --template-file --parameters --parameters
        --parameters
      User-Agent:
      - python/3.8.0 (Windows-10-10.0.18362-SP0) msrest/0.6.10 msrest_azure/0.6.2
        azure-mgmt-resource/8.0.1 Azure-SDK-For-Python AZURECLI/2.3.1
    method: GET
    uri: https://management.azure.com/providers/Microsoft.Management/managementGroups/azure-cli-management-group3bxh/providers/Microsoft.Resources/deployments/mock-deployment/operationStatuses/08586152856225051718?api-version=2019-07-01
  response:
    body:
      string: '{"status":"Running"}'
    headers:
      cache-control:
      - no-cache
      content-length:
      - '20'
      content-type:
      - application/json; charset=utf-8
      date:
      - Wed, 08 Apr 2020 04:49:49 GMT
      expires:
      - '-1'
      pragma:
      - no-cache
      strict-transport-security:
      - max-age=31536000; includeSubDomains
      vary:
      - Accept-Encoding
      x-content-type-options:
      - nosniff
    status:
      code: 200
      message: OK
- request:
    body: null
    headers:
      Accept:
      - application/json
      Accept-Encoding:
      - gzip, deflate
      CommandName:
      - deployment mg create
      Connection:
      - keep-alive
      ParameterSetName:
      - --management-group-id --location -n --template-file --parameters --parameters
        --parameters
      User-Agent:
      - python/3.8.0 (Windows-10-10.0.18362-SP0) msrest/0.6.10 msrest_azure/0.6.2
        azure-mgmt-resource/8.0.1 Azure-SDK-For-Python AZURECLI/2.3.1
    method: GET
    uri: https://management.azure.com/providers/Microsoft.Management/managementGroups/azure-cli-management-group3bxh/providers/Microsoft.Resources/deployments/mock-deployment/operationStatuses/08586152856225051718?api-version=2019-07-01
  response:
    body:
      string: '{"status":"Running"}'
    headers:
      cache-control:
      - no-cache
      content-length:
      - '20'
      content-type:
      - application/json; charset=utf-8
      date:
      - Wed, 08 Apr 2020 04:50:19 GMT
      expires:
      - '-1'
      pragma:
      - no-cache
      strict-transport-security:
      - max-age=31536000; includeSubDomains
      vary:
      - Accept-Encoding
      x-content-type-options:
      - nosniff
    status:
      code: 200
      message: OK
- request:
    body: null
    headers:
      Accept:
      - application/json
      Accept-Encoding:
      - gzip, deflate
      CommandName:
      - deployment mg create
      Connection:
      - keep-alive
      ParameterSetName:
      - --management-group-id --location -n --template-file --parameters --parameters
        --parameters
      User-Agent:
      - python/3.8.0 (Windows-10-10.0.18362-SP0) msrest/0.6.10 msrest_azure/0.6.2
        azure-mgmt-resource/8.0.1 Azure-SDK-For-Python AZURECLI/2.3.1
    method: GET
    uri: https://management.azure.com/providers/Microsoft.Management/managementGroups/azure-cli-management-group3bxh/providers/Microsoft.Resources/deployments/mock-deployment/operationStatuses/08586152856225051718?api-version=2019-07-01
  response:
    body:
      string: '{"status":"Succeeded"}'
    headers:
      cache-control:
      - no-cache
      content-length:
      - '22'
      content-type:
      - application/json; charset=utf-8
      date:
      - Wed, 08 Apr 2020 04:50:49 GMT
      expires:
      - '-1'
      pragma:
      - no-cache
      strict-transport-security:
      - max-age=31536000; includeSubDomains
      vary:
      - Accept-Encoding
      x-content-type-options:
      - nosniff
    status:
      code: 200
      message: OK
- request:
    body: null
    headers:
      Accept:
      - application/json
      Accept-Encoding:
      - gzip, deflate
      CommandName:
      - deployment mg create
      Connection:
      - keep-alive
      ParameterSetName:
      - --management-group-id --location -n --template-file --parameters --parameters
        --parameters
      User-Agent:
      - python/3.8.0 (Windows-10-10.0.18362-SP0) msrest/0.6.10 msrest_azure/0.6.2
        azure-mgmt-resource/8.0.1 Azure-SDK-For-Python AZURECLI/2.3.1
    method: GET
    uri: https://management.azure.com/providers/Microsoft.Management/managementGroups/azure-cli-management-group3bxh/providers/Microsoft.Resources/deployments/mock-deployment?api-version=2019-07-01
  response:
    body:
      string: '{"id":"/providers/Microsoft.Management/managementGroups/azure-cli-management-group3bxh/providers/Microsoft.Resources/deployments/azure-cli-management-group-deployment000001","name":"azure-cli-management-group-deployment000001","type":"Microsoft.Resources/deployments","location":"westus","properties":{"templateHash":"13170742102864522604","parameters":{"targetMG":{"type":"String","value":"azure-cli-management-group3bxh"},"nestedsubId":{"type":"String","value":"0b1f6471-1bf0-4dda-aec3-cb9272f09590"},"nestedRG":{"type":"String","value":"azure-cli-sub-resource-group000002"},"storageAccountName":{"type":"String","value":"armbuilddemo1234"}},"mode":"Incremental","provisioningState":"Succeeded","timestamp":"2020-04-08T04:50:45.1234537Z","duration":"PT3M2.1510043S","correlationId":"083ecb9c-14e1-4c83-bde5-4a332d715a4b","providers":[{"namespace":"Microsoft.Authorization","resourceTypes":[{"resourceType":"policyDefinitions","locations":[null]},{"resourceType":"policyAssignments","locations":[null]}]},{"namespace":"Microsoft.Resources","resourceTypes":[{"resourceType":"deployments","locations":["westus"]}]}],"dependencies":[{"dependsOn":[{"id":"/providers/Microsoft.Management/managementGroups/azure-cli-management-group3bxh/providers/Microsoft.Authorization/policyDefinitions/policy2","resourceType":"Microsoft.Authorization/policyDefinitions","resourceName":"policy2"}],"id":"/providers/Microsoft.Management/managementGroups/azure-cli-management-group3bxh/providers/Microsoft.Authorization/policyAssignments/location-lock","resourceType":"Microsoft.Authorization/policyAssignments","resourceName":"location-lock"}],"outputResources":[{"id":"/providers/Microsoft.Management/managementGroups/azure-cli-management-group3bxh/providers/Microsoft.Authorization/policyAssignments/location-lock"},{"id":"/providers/Microsoft.Management/managementGroups/azure-cli-management-group3bxh/providers/Microsoft.Authorization/policyDefinitions/policy2"},{"id":"/subscriptions/00000000-0000-0000-0000-000000000000/resourceGroups/azure-cli-sub-resource-group000002"},{"id":"/subscriptions/00000000-0000-0000-0000-000000000000/resourceGroups/azure-cli-sub-resource-group000002/providers/Microsoft.Storage/storageAccounts/armbuilddemo1234"}]}}'
    headers:
      cache-control:
      - no-cache
      content-length:
      - '2344'
      content-type:
      - application/json; charset=utf-8
      date:
      - Wed, 08 Apr 2020 04:50:50 GMT
      expires:
      - '-1'
      pragma:
      - no-cache
      strict-transport-security:
      - max-age=31536000; includeSubDomains
      vary:
      - Accept-Encoding
      x-content-type-options:
      - nosniff
    status:
      code: 200
      message: OK
- request:
    body: null
    headers:
      Accept:
      - application/json
      Accept-Encoding:
      - gzip, deflate
      CommandName:
      - deployment mg list
      Connection:
      - keep-alive
      ParameterSetName:
      - --management-group-id
      User-Agent:
      - python/3.8.0 (Windows-10-10.0.18362-SP0) msrest/0.6.10 msrest_azure/0.6.2
        azure-mgmt-resource/8.0.1 Azure-SDK-For-Python AZURECLI/2.3.1
      accept-language:
      - en-US
    method: GET
    uri: https://management.azure.com/providers/Microsoft.Management/managementGroups/azure-cli-management-group3bxh/providers/Microsoft.Resources/deployments/?api-version=2019-07-01
  response:
    body:
      string: '{"value":[{"id":"/providers/Microsoft.Management/managementGroups/azure-cli-management-group3bxh/providers/Microsoft.Resources/deployments/azure-cli-management-group-deployment000001","name":"azure-cli-management-group-deployment000001","type":"Microsoft.Resources/deployments","location":"westus","properties":{"templateHash":"13170742102864522604","parameters":{"targetMG":{"type":"String","value":"azure-cli-management-group3bxh"},"nestedsubId":{"type":"String","value":"0b1f6471-1bf0-4dda-aec3-cb9272f09590"},"nestedRG":{"type":"String","value":"azure-cli-sub-resource-group000002"},"storageAccountName":{"type":"String","value":"armbuilddemo1234"}},"mode":"Incremental","provisioningState":"Succeeded","timestamp":"2020-04-08T04:50:45.1234537Z","duration":"PT3M2.1510043S","correlationId":"083ecb9c-14e1-4c83-bde5-4a332d715a4b","providers":[{"namespace":"Microsoft.Authorization","resourceTypes":[{"resourceType":"policyDefinitions","locations":[null]},{"resourceType":"policyAssignments","locations":[null]}]},{"namespace":"Microsoft.Resources","resourceTypes":[{"resourceType":"deployments","locations":["westus"]}]}],"dependencies":[{"dependsOn":[{"id":"/providers/Microsoft.Management/managementGroups/azure-cli-management-group3bxh/providers/Microsoft.Authorization/policyDefinitions/policy2","resourceType":"Microsoft.Authorization/policyDefinitions","resourceName":"policy2"}],"id":"/providers/Microsoft.Management/managementGroups/azure-cli-management-group3bxh/providers/Microsoft.Authorization/policyAssignments/location-lock","resourceType":"Microsoft.Authorization/policyAssignments","resourceName":"location-lock"}],"outputResources":[{"id":"/providers/Microsoft.Management/managementGroups/azure-cli-management-group3bxh/providers/Microsoft.Authorization/policyAssignments/location-lock"},{"id":"/providers/Microsoft.Management/managementGroups/azure-cli-management-group3bxh/providers/Microsoft.Authorization/policyDefinitions/policy2"},{"id":"/subscriptions/00000000-0000-0000-0000-000000000000/resourceGroups/azure-cli-sub-resource-group000002"},{"id":"/subscriptions/00000000-0000-0000-0000-000000000000/resourceGroups/azure-cli-sub-resource-group000002/providers/Microsoft.Storage/storageAccounts/armbuilddemo1234"}]}},{"id":"/providers/Microsoft.Management/managementGroups/azure-cli-management-group3bxh/providers/Microsoft.Resources/deployments/azure-cli-management-group-deploymentntgn77n6aqpzaidn4ieggeb","name":"azure-cli-management-group-deploymentntgn77n6aqpzaidn4ieggeb","type":"Microsoft.Resources/deployments","location":"westus","properties":{"templateHash":"13170742102864522604","parameters":{"targetMG":{"type":"String","value":"azure-cli-management-group3bxh"},"nestedsubId":{"type":"String","value":"0b1f6471-1bf0-4dda-aec3-cb9272f09590"},"nestedRG":{"type":"String","value":"azure-cli-sub-resource-groupvtet5cbb5w3x77biuhiactvzojvm3gtq"},"storageAccountName":{"type":"String","value":"armbuilddemo123"}},"mode":"Incremental","provisioningState":"Failed","timestamp":"2020-04-08T04:45:02.3532865Z","duration":"PT57.6926739S","correlationId":"606862d7-41d4-4369-9c90-543004aded80","providers":[{"namespace":"Microsoft.Authorization","resourceTypes":[{"resourceType":"policyDefinitions","locations":[null]},{"resourceType":"policyAssignments","locations":[null]}]},{"namespace":"Microsoft.Resources","resourceTypes":[{"resourceType":"deployments","locations":["westus"]}]}],"dependencies":[{"dependsOn":[{"id":"/providers/Microsoft.Management/managementGroups/azure-cli-management-group3bxh/providers/Microsoft.Authorization/policyDefinitions/policy2","resourceType":"Microsoft.Authorization/policyDefinitions","resourceName":"policy2"}],"id":"/providers/Microsoft.Management/managementGroups/azure-cli-management-group3bxh/providers/Microsoft.Authorization/policyAssignments/location-lock","resourceType":"Microsoft.Authorization/policyAssignments","resourceName":"location-lock"}],"error":{"code":"DeploymentFailed","message":"At
        least one resource deployment operation failed. Please list deployment operations
        for details. Please see https://aka.ms/DeployOperations for usage details.","details":[{"code":"Conflict","message":"{\r\n  \"status\":
        \"Failed\",\r\n  \"error\": {\r\n    \"code\": \"ResourceDeploymentFailure\",\r\n    \"message\":
        \"The resource operation completed with terminal provisioning state ''Failed''.\",\r\n    \"details\":
        [\r\n      {\r\n        \"code\": \"DeploymentFailed\",\r\n        \"message\":
        \"At least one resource deployment operation failed. Please list deployment
        operations for details. Please see https://aka.ms/DeployOperations for usage
        details.\",\r\n        \"details\": [\r\n          {\r\n            \"code\":
        \"Conflict\",\r\n            \"message\": \"{\\r\\n  \\\"status\\\": \\\"Failed\\\",\\r\\n  \\\"error\\\":
        {\\r\\n    \\\"code\\\": \\\"ResourceDeploymentFailure\\\",\\r\\n    \\\"message\\\":
        \\\"The resource operation completed with terminal provisioning state ''Failed''.\\\",\\r\\n    \\\"details\\\":
        [\\r\\n      {\\r\\n        \\\"code\\\": \\\"DeploymentFailed\\\",\\r\\n        \\\"message\\\":
        \\\"At least one resource deployment operation failed. Please list deployment
        operations for details. Please see https://aka.ms/DeployOperations for usage
        details.\\\",\\r\\n        \\\"details\\\": [\\r\\n          {\\r\\n            \\\"code\\\":
        \\\"Conflict\\\",\\r\\n            \\\"message\\\": \\\"{\\\\r\\\\n  \\\\\\\"error\\\\\\\":
        {\\\\r\\\\n    \\\\\\\"code\\\\\\\": \\\\\\\"StorageAccountAlreadyExists\\\\\\\",\\\\r\\\\n    \\\\\\\"message\\\\\\\":
        \\\\\\\"The storage account named armbuilddemo123 already exists under the
        subscription.\\\\\\\"\\\\r\\\\n  }\\\\r\\\\n}\\\"\\r\\n          }\\r\\n        ]\\r\\n      }\\r\\n    ]\\r\\n  }\\r\\n}\"\r\n          }\r\n        ]\r\n      }\r\n    ]\r\n  }\r\n}"}]}}},{"id":"/providers/Microsoft.Management/managementGroups/azure-cli-management-group3bxh/providers/Microsoft.Resources/deployments/azure-cli-resource-group-deployment43t454u5j6dmlra226gched54","name":"azure-cli-resource-group-deployment43t454u5j6dmlra226gched54","type":"Microsoft.Resources/deployments","location":"westus","properties":{"templateHash":"13170742102864522604","parameters":{"targetMG":{"type":"String","value":"azure-cli-management-group3bxh"},"nestedsubId":{"type":"String","value":"0b1f6471-1bf0-4dda-aec3-cb9272f09590"},"nestedRG":{"type":"String","value":"azure-cli-sub-resource-groupr2tswf5fywzopbixjqj7j7ohub6edbqx"},"storageAccountName":{"type":"String","value":"armbuilddemo123"}},"mode":"Incremental","provisioningState":"Succeeded","timestamp":"2020-04-08T02:27:03.0711193Z","duration":"PT42.6058636S","correlationId":"55afeeff-bc3d-4f31-94dd-d0f3c707f36f","providers":[{"namespace":"Microsoft.Authorization","resourceTypes":[{"resourceType":"policyDefinitions","locations":[null]},{"resourceType":"policyAssignments","locations":[null]}]},{"namespace":"Microsoft.Resources","resourceTypes":[{"resourceType":"deployments","locations":["westus"]}]}],"dependencies":[{"dependsOn":[{"id":"/providers/Microsoft.Management/managementGroups/azure-cli-management-group3bxh/providers/Microsoft.Authorization/policyDefinitions/policy2","resourceType":"Microsoft.Authorization/policyDefinitions","resourceName":"policy2"}],"id":"/providers/Microsoft.Management/managementGroups/azure-cli-management-group3bxh/providers/Microsoft.Authorization/policyAssignments/location-lock","resourceType":"Microsoft.Authorization/policyAssignments","resourceName":"location-lock"}],"outputResources":[{"id":"/providers/Microsoft.Management/managementGroups/azure-cli-management-group3bxh/providers/Microsoft.Authorization/policyAssignments/location-lock"},{"id":"/providers/Microsoft.Management/managementGroups/azure-cli-management-group3bxh/providers/Microsoft.Authorization/policyDefinitions/policy2"},{"id":"/subscriptions/00000000-0000-0000-0000-000000000000/resourceGroups/azure-cli-sub-resource-groupr2tswf5fywzopbixjqj7j7ohub6edbqx"},{"id":"/subscriptions/00000000-0000-0000-0000-000000000000/resourceGroups/azure-cli-sub-resource-groupr2tswf5fywzopbixjqj7j7ohub6edbqx/providers/Microsoft.Storage/storageAccounts/armbuilddemo123"}]}},{"id":"/providers/Microsoft.Management/managementGroups/azure-cli-management-group3bxh/providers/Microsoft.Resources/deployments/azure-cli-management-group-deploymentjv7xjgiopdbxvguh7ttddxy","name":"azure-cli-management-group-deploymentjv7xjgiopdbxvguh7ttddxy","type":"Microsoft.Resources/deployments","location":"westus","properties":{"templateHash":"13170742102864522604","parameters":{"targetMG":{"type":"String","value":"azure-cli-management-group3bxh"},"nestedsubId":{"type":"String","value":"0b1f6471-1bf0-4dda-aec3-cb9272f09590"},"nestedRG":{"type":"String","value":"azure-cli-sub-resource-groupr2tswf5fywzopbixjqj7j7ohub6edbqx"},"storageAccountName":{"type":"String","value":"armbuilddemo123"}},"mode":"Incremental","provisioningState":"Succeeded","timestamp":"2020-04-08T02:26:00.9501451Z","duration":"PT2M57.0472799S","correlationId":"669077dd-1bde-4822-8a91-1db96cf87b8a","providers":[{"namespace":"Microsoft.Authorization","resourceTypes":[{"resourceType":"policyDefinitions","locations":[null]},{"resourceType":"policyAssignments","locations":[null]}]},{"namespace":"Microsoft.Resources","resourceTypes":[{"resourceType":"deployments","locations":["westus"]}]}],"dependencies":[{"dependsOn":[{"id":"/providers/Microsoft.Management/managementGroups/azure-cli-management-group3bxh/providers/Microsoft.Authorization/policyDefinitions/policy2","resourceType":"Microsoft.Authorization/policyDefinitions","resourceName":"policy2"}],"id":"/providers/Microsoft.Management/managementGroups/azure-cli-management-group3bxh/providers/Microsoft.Authorization/policyAssignments/location-lock","resourceType":"Microsoft.Authorization/policyAssignments","resourceName":"location-lock"}],"outputResources":[{"id":"/providers/Microsoft.Management/managementGroups/azure-cli-management-group3bxh/providers/Microsoft.Authorization/policyAssignments/location-lock"},{"id":"/providers/Microsoft.Management/managementGroups/azure-cli-management-group3bxh/providers/Microsoft.Authorization/policyDefinitions/policy2"},{"id":"/subscriptions/00000000-0000-0000-0000-000000000000/resourceGroups/azure-cli-sub-resource-groupr2tswf5fywzopbixjqj7j7ohub6edbqx"},{"id":"/subscriptions/00000000-0000-0000-0000-000000000000/resourceGroups/azure-cli-sub-resource-groupr2tswf5fywzopbixjqj7j7ohub6edbqx/providers/Microsoft.Storage/storageAccounts/armbuilddemo123"}]}}]}'
    headers:
      cache-control:
      - no-cache
      content-length:
      - '10626'
      content-type:
      - application/json; charset=utf-8
      date:
      - Wed, 08 Apr 2020 04:50:51 GMT
      expires:
      - '-1'
      pragma:
      - no-cache
      strict-transport-security:
      - max-age=31536000; includeSubDomains
      vary:
      - Accept-Encoding
      x-content-type-options:
      - nosniff
    status:
      code: 200
      message: OK
- request:
    body: null
    headers:
      Accept:
      - application/json
      Accept-Encoding:
      - gzip, deflate
      CommandName:
      - deployment mg list
      Connection:
      - keep-alive
      ParameterSetName:
      - --management-group-id --filter
      User-Agent:
      - python/3.8.0 (Windows-10-10.0.18362-SP0) msrest/0.6.10 msrest_azure/0.6.2
        azure-mgmt-resource/8.0.1 Azure-SDK-For-Python AZURECLI/2.3.1
      accept-language:
      - en-US
    method: GET
    uri: https://management.azure.com/providers/Microsoft.Management/managementGroups/azure-cli-management-group3bxh/providers/Microsoft.Resources/deployments/?$filter=provisioningState%20eq%20%27Succeeded%27&api-version=2019-07-01
  response:
    body:
      string: '{"value":[{"id":"/providers/Microsoft.Management/managementGroups/azure-cli-management-group3bxh/providers/Microsoft.Resources/deployments/azure-cli-management-group-deployment000001","name":"azure-cli-management-group-deployment000001","type":"Microsoft.Resources/deployments","location":"westus","properties":{"templateHash":"13170742102864522604","parameters":{"targetMG":{"type":"String","value":"azure-cli-management-group3bxh"},"nestedsubId":{"type":"String","value":"0b1f6471-1bf0-4dda-aec3-cb9272f09590"},"nestedRG":{"type":"String","value":"azure-cli-sub-resource-group000002"},"storageAccountName":{"type":"String","value":"armbuilddemo1234"}},"mode":"Incremental","provisioningState":"Succeeded","timestamp":"2020-04-08T04:50:45.1234537Z","duration":"PT3M2.1510043S","correlationId":"083ecb9c-14e1-4c83-bde5-4a332d715a4b","providers":[{"namespace":"Microsoft.Authorization","resourceTypes":[{"resourceType":"policyDefinitions","locations":[null]},{"resourceType":"policyAssignments","locations":[null]}]},{"namespace":"Microsoft.Resources","resourceTypes":[{"resourceType":"deployments","locations":["westus"]}]}],"dependencies":[{"dependsOn":[{"id":"/providers/Microsoft.Management/managementGroups/azure-cli-management-group3bxh/providers/Microsoft.Authorization/policyDefinitions/policy2","resourceType":"Microsoft.Authorization/policyDefinitions","resourceName":"policy2"}],"id":"/providers/Microsoft.Management/managementGroups/azure-cli-management-group3bxh/providers/Microsoft.Authorization/policyAssignments/location-lock","resourceType":"Microsoft.Authorization/policyAssignments","resourceName":"location-lock"}],"outputResources":[{"id":"/providers/Microsoft.Management/managementGroups/azure-cli-management-group3bxh/providers/Microsoft.Authorization/policyAssignments/location-lock"},{"id":"/providers/Microsoft.Management/managementGroups/azure-cli-management-group3bxh/providers/Microsoft.Authorization/policyDefinitions/policy2"},{"id":"/subscriptions/00000000-0000-0000-0000-000000000000/resourceGroups/azure-cli-sub-resource-group000002"},{"id":"/subscriptions/00000000-0000-0000-0000-000000000000/resourceGroups/azure-cli-sub-resource-group000002/providers/Microsoft.Storage/storageAccounts/armbuilddemo1234"}]}},{"id":"/providers/Microsoft.Management/managementGroups/azure-cli-management-group3bxh/providers/Microsoft.Resources/deployments/azure-cli-resource-group-deployment43t454u5j6dmlra226gched54","name":"azure-cli-resource-group-deployment43t454u5j6dmlra226gched54","type":"Microsoft.Resources/deployments","location":"westus","properties":{"templateHash":"13170742102864522604","parameters":{"targetMG":{"type":"String","value":"azure-cli-management-group3bxh"},"nestedsubId":{"type":"String","value":"0b1f6471-1bf0-4dda-aec3-cb9272f09590"},"nestedRG":{"type":"String","value":"azure-cli-sub-resource-groupr2tswf5fywzopbixjqj7j7ohub6edbqx"},"storageAccountName":{"type":"String","value":"armbuilddemo123"}},"mode":"Incremental","provisioningState":"Succeeded","timestamp":"2020-04-08T02:27:03.0711193Z","duration":"PT42.6058636S","correlationId":"55afeeff-bc3d-4f31-94dd-d0f3c707f36f","providers":[{"namespace":"Microsoft.Authorization","resourceTypes":[{"resourceType":"policyDefinitions","locations":[null]},{"resourceType":"policyAssignments","locations":[null]}]},{"namespace":"Microsoft.Resources","resourceTypes":[{"resourceType":"deployments","locations":["westus"]}]}],"dependencies":[{"dependsOn":[{"id":"/providers/Microsoft.Management/managementGroups/azure-cli-management-group3bxh/providers/Microsoft.Authorization/policyDefinitions/policy2","resourceType":"Microsoft.Authorization/policyDefinitions","resourceName":"policy2"}],"id":"/providers/Microsoft.Management/managementGroups/azure-cli-management-group3bxh/providers/Microsoft.Authorization/policyAssignments/location-lock","resourceType":"Microsoft.Authorization/policyAssignments","resourceName":"location-lock"}],"outputResources":[{"id":"/providers/Microsoft.Management/managementGroups/azure-cli-management-group3bxh/providers/Microsoft.Authorization/policyAssignments/location-lock"},{"id":"/providers/Microsoft.Management/managementGroups/azure-cli-management-group3bxh/providers/Microsoft.Authorization/policyDefinitions/policy2"},{"id":"/subscriptions/00000000-0000-0000-0000-000000000000/resourceGroups/azure-cli-sub-resource-groupr2tswf5fywzopbixjqj7j7ohub6edbqx"},{"id":"/subscriptions/00000000-0000-0000-0000-000000000000/resourceGroups/azure-cli-sub-resource-groupr2tswf5fywzopbixjqj7j7ohub6edbqx/providers/Microsoft.Storage/storageAccounts/armbuilddemo123"}]}},{"id":"/providers/Microsoft.Management/managementGroups/azure-cli-management-group3bxh/providers/Microsoft.Resources/deployments/azure-cli-management-group-deploymentjv7xjgiopdbxvguh7ttddxy","name":"azure-cli-management-group-deploymentjv7xjgiopdbxvguh7ttddxy","type":"Microsoft.Resources/deployments","location":"westus","properties":{"templateHash":"13170742102864522604","parameters":{"targetMG":{"type":"String","value":"azure-cli-management-group3bxh"},"nestedsubId":{"type":"String","value":"0b1f6471-1bf0-4dda-aec3-cb9272f09590"},"nestedRG":{"type":"String","value":"azure-cli-sub-resource-groupr2tswf5fywzopbixjqj7j7ohub6edbqx"},"storageAccountName":{"type":"String","value":"armbuilddemo123"}},"mode":"Incremental","provisioningState":"Succeeded","timestamp":"2020-04-08T02:26:00.9501451Z","duration":"PT2M57.0472799S","correlationId":"669077dd-1bde-4822-8a91-1db96cf87b8a","providers":[{"namespace":"Microsoft.Authorization","resourceTypes":[{"resourceType":"policyDefinitions","locations":[null]},{"resourceType":"policyAssignments","locations":[null]}]},{"namespace":"Microsoft.Resources","resourceTypes":[{"resourceType":"deployments","locations":["westus"]}]}],"dependencies":[{"dependsOn":[{"id":"/providers/Microsoft.Management/managementGroups/azure-cli-management-group3bxh/providers/Microsoft.Authorization/policyDefinitions/policy2","resourceType":"Microsoft.Authorization/policyDefinitions","resourceName":"policy2"}],"id":"/providers/Microsoft.Management/managementGroups/azure-cli-management-group3bxh/providers/Microsoft.Authorization/policyAssignments/location-lock","resourceType":"Microsoft.Authorization/policyAssignments","resourceName":"location-lock"}],"outputResources":[{"id":"/providers/Microsoft.Management/managementGroups/azure-cli-management-group3bxh/providers/Microsoft.Authorization/policyAssignments/location-lock"},{"id":"/providers/Microsoft.Management/managementGroups/azure-cli-management-group3bxh/providers/Microsoft.Authorization/policyDefinitions/policy2"},{"id":"/subscriptions/00000000-0000-0000-0000-000000000000/resourceGroups/azure-cli-sub-resource-groupr2tswf5fywzopbixjqj7j7ohub6edbqx"},{"id":"/subscriptions/00000000-0000-0000-0000-000000000000/resourceGroups/azure-cli-sub-resource-groupr2tswf5fywzopbixjqj7j7ohub6edbqx/providers/Microsoft.Storage/storageAccounts/armbuilddemo123"}]}}]}'
    headers:
      cache-control:
      - no-cache
      content-length:
      - '7042'
      content-type:
      - application/json; charset=utf-8
      date:
      - Wed, 08 Apr 2020 04:50:53 GMT
      expires:
      - '-1'
      pragma:
      - no-cache
      strict-transport-security:
      - max-age=31536000; includeSubDomains
      vary:
      - Accept-Encoding
      x-content-type-options:
      - nosniff
    status:
      code: 200
      message: OK
- request:
    body: null
    headers:
      Accept:
      - application/json
      Accept-Encoding:
      - gzip, deflate
      CommandName:
      - deployment mg show
      Connection:
      - keep-alive
      ParameterSetName:
      - --management-group-id -n
      User-Agent:
      - python/3.8.0 (Windows-10-10.0.18362-SP0) msrest/0.6.10 msrest_azure/0.6.2
        azure-mgmt-resource/8.0.1 Azure-SDK-For-Python AZURECLI/2.3.1
      accept-language:
      - en-US
    method: GET
    uri: https://management.azure.com/providers/Microsoft.Management/managementGroups/azure-cli-management-group3bxh/providers/Microsoft.Resources/deployments/mock-deployment?api-version=2019-07-01
  response:
    body:
      string: '{"id":"/providers/Microsoft.Management/managementGroups/azure-cli-management-group3bxh/providers/Microsoft.Resources/deployments/azure-cli-management-group-deployment000001","name":"azure-cli-management-group-deployment000001","type":"Microsoft.Resources/deployments","location":"westus","properties":{"templateHash":"13170742102864522604","parameters":{"targetMG":{"type":"String","value":"azure-cli-management-group3bxh"},"nestedsubId":{"type":"String","value":"0b1f6471-1bf0-4dda-aec3-cb9272f09590"},"nestedRG":{"type":"String","value":"azure-cli-sub-resource-group000002"},"storageAccountName":{"type":"String","value":"armbuilddemo1234"}},"mode":"Incremental","provisioningState":"Succeeded","timestamp":"2020-04-08T04:50:45.1234537Z","duration":"PT3M2.1510043S","correlationId":"083ecb9c-14e1-4c83-bde5-4a332d715a4b","providers":[{"namespace":"Microsoft.Authorization","resourceTypes":[{"resourceType":"policyDefinitions","locations":[null]},{"resourceType":"policyAssignments","locations":[null]}]},{"namespace":"Microsoft.Resources","resourceTypes":[{"resourceType":"deployments","locations":["westus"]}]}],"dependencies":[{"dependsOn":[{"id":"/providers/Microsoft.Management/managementGroups/azure-cli-management-group3bxh/providers/Microsoft.Authorization/policyDefinitions/policy2","resourceType":"Microsoft.Authorization/policyDefinitions","resourceName":"policy2"}],"id":"/providers/Microsoft.Management/managementGroups/azure-cli-management-group3bxh/providers/Microsoft.Authorization/policyAssignments/location-lock","resourceType":"Microsoft.Authorization/policyAssignments","resourceName":"location-lock"}],"outputResources":[{"id":"/providers/Microsoft.Management/managementGroups/azure-cli-management-group3bxh/providers/Microsoft.Authorization/policyAssignments/location-lock"},{"id":"/providers/Microsoft.Management/managementGroups/azure-cli-management-group3bxh/providers/Microsoft.Authorization/policyDefinitions/policy2"},{"id":"/subscriptions/00000000-0000-0000-0000-000000000000/resourceGroups/azure-cli-sub-resource-group000002"},{"id":"/subscriptions/00000000-0000-0000-0000-000000000000/resourceGroups/azure-cli-sub-resource-group000002/providers/Microsoft.Storage/storageAccounts/armbuilddemo1234"}]}}'
    headers:
      cache-control:
      - no-cache
      content-length:
      - '2344'
      content-type:
      - application/json; charset=utf-8
      date:
      - Wed, 08 Apr 2020 04:50:54 GMT
      expires:
      - '-1'
      pragma:
      - no-cache
      strict-transport-security:
      - max-age=31536000; includeSubDomains
      vary:
      - Accept-Encoding
      x-content-type-options:
      - nosniff
    status:
      code: 200
      message: OK
- request:
    body: null
    headers:
      Accept:
      - application/json
      Accept-Encoding:
      - gzip, deflate
      CommandName:
      - deployment mg export
      Connection:
      - keep-alive
      Content-Length:
      - '0'
      ParameterSetName:
      - --management-group-id -n
      User-Agent:
      - python/3.8.0 (Windows-10-10.0.18362-SP0) msrest/0.6.10 msrest_azure/0.6.2
        azure-mgmt-resource/8.0.1 Azure-SDK-For-Python AZURECLI/2.3.1
      accept-language:
      - en-US
    method: POST
    uri: https://management.azure.com/providers/Microsoft.Management/managementGroups/azure-cli-management-group3bxh/providers/Microsoft.Resources/deployments/mock-deployment/exportTemplate?api-version=2019-07-01
  response:
    body:
      string: '{"template":{"$schema":"https://schema.management.azure.com/schemas/2015-01-01/deploymentTemplate.json#","contentVersion":"1.0.0.0","parameters":{"targetMG":{"type":"String"},"nestedsubId":{"type":"String"},"nestedRG":{"type":"String"},"storageAccountName":{"type":"String"}},"variables":{"mgScope":"[concat(''/providers/Microsoft.Management/managementGroups/'',
        parameters(''targetMG''))]"},"resources":[{"type":"Microsoft.Authorization/policyDefinitions","apiVersion":"2016-12-01","name":"policy2","properties":{"policyType":"Custom","parameters":{},"policyRule":{"if":{"field":"location","equals":"northeurope"},"then":{"effect":"deny"}}}},{"type":"Microsoft.Authorization/policyAssignments","apiVersion":"2016-12-01","name":"location-lock","dependsOn":["policy2"],"properties":{"scope":"[variables(''mgScope'')]","policyDefinitionId":"[concat(variables(''mgScope''),
        ''/providers/'', ''Microsoft.Authorization/policyDefinitions/'', ''policy2'')]"}},{"type":"Microsoft.Resources/deployments","apiVersion":"2018-05-01","name":"sdktest-subnested","location":"West
        US","properties":{"template":{"$schema":"https://schema.management.azure.com/schemas/2015-01-01/deploymentTemplate.json#","contentVersion":"1.0.0.0","parameters":{},"variables":{},"resources":[{"type":"Microsoft.Resources/resourceGroups","name":"[parameters(''nestedRG'')]","apiVersion":"2018-05-01","location":"East
        US 2 EUAP","properties":{}},{"type":"Microsoft.Resources/deployments","name":"rg-nested","apiVersion":"2017-05-10","resourceGroup":"[parameters(''nestedRG'')]","dependsOn":["[parameters(''nestedRG'')]"],"properties":{"template":{"$schema":"https://schema.management.azure.com/schemas/2015-01-01/deploymentTemplate.json#","contentVersion":"1.0.0.0","parameters":{},"variables":{},"resources":[{"type":"Microsoft.Storage/storageAccounts","name":"[parameters(''storageAccountName'')]","apiVersion":"2015-06-15","location":"East
        US","properties":{"accountType":"Standard_LRS","supportsHttpsTrafficOnly":true}}]},"mode":"Incremental"}}]},"mode":"Incremental"},"subscriptionId":"[parameters(''nestedSubId'')]"}]}}'
    headers:
      cache-control:
      - no-cache
      content-length:
      - '2065'
      content-type:
      - application/json; charset=utf-8
      date:
      - Wed, 08 Apr 2020 04:50:56 GMT
      expires:
      - '-1'
      pragma:
      - no-cache
      strict-transport-security:
      - max-age=31536000; includeSubDomains
      transfer-encoding:
      - chunked
      vary:
      - Accept-Encoding
      x-content-type-options:
      - nosniff
      x-ms-ratelimit-remaining-tenant-writes:
      - '1199'
    status:
      code: 200
      message: OK
- request:
    body: null
    headers:
      Accept:
      - application/json
      Accept-Encoding:
      - gzip, deflate
      CommandName:
      - deployment operation mg list
      Connection:
      - keep-alive
      ParameterSetName:
      - --management-group-id -n
      User-Agent:
      - python/3.8.0 (Windows-10-10.0.18362-SP0) msrest/0.6.10 msrest_azure/0.6.2
        azure-mgmt-resource/8.0.1 Azure-SDK-For-Python AZURECLI/2.3.1
      accept-language:
      - en-US
    method: GET
    uri: https://management.azure.com/providers/Microsoft.Management/managementGroups/azure-cli-management-group3bxh/providers/Microsoft.Resources/deployments/mock-deployment/operations?api-version=2019-07-01
  response:
    body:
      string: '{"value":[{"id":"/providers/Microsoft.Management/managementGroups/azure-cli-management-group3bxh/providers/Microsoft.Resources/deployments/azure-cli-management-group-deployment000001/operations/AB0501E36D519C96","operationId":"AB0501E36D519C96","properties":{"provisioningOperation":"Create","provisioningState":"Succeeded","timestamp":"2020-04-08T04:50:43.6749681Z","duration":"PT2M52.3063994S","trackingId":"07f9f2ee-5920-45da-b762-0e199f293f07","serviceRequestId":"675b8c50-9aa9-4eea-a088-ac1764441bb4","statusCode":"OK","targetResource":{"id":"/subscriptions/00000000-0000-0000-0000-000000000000/providers/Microsoft.Resources/deployments/sdktest-subnested","resourceType":"Microsoft.Resources/deployments","resourceName":"sdktest-subnested"}}},{"id":"/providers/Microsoft.Management/managementGroups/azure-cli-management-group3bxh/providers/Microsoft.Resources/deployments/azure-cli-management-group-deployment000001/operations/B89EB87893B251C7","operationId":"B89EB87893B251C7","properties":{"provisioningOperation":"Create","provisioningState":"Succeeded","timestamp":"2020-04-08T04:47:52.5482172Z","duration":"PT0.5057325S","trackingId":"ebf50e41-fb66-4c20-9fcb-be4410ed4591","serviceRequestId":"westus:77dfcd70-dd14-43e3-a998-9b5919994b07","statusCode":"Created","targetResource":{"id":"/providers/Microsoft.Management/managementGroups/azure-cli-management-group3bxh/providers/Microsoft.Authorization/policyAssignments/location-lock","resourceType":"Microsoft.Authorization/policyAssignments","resourceName":"location-lock"}}},{"id":"/providers/Microsoft.Management/managementGroups/azure-cli-management-group3bxh/providers/Microsoft.Resources/deployments/azure-cli-management-group-deployment000001/operations/9B2CE7BB68AE6382","operationId":"9B2CE7BB68AE6382","properties":{"provisioningOperation":"Create","provisioningState":"Succeeded","timestamp":"2020-04-08T04:47:51.9402708Z","duration":"PT0.5717021S","trackingId":"a9fb6932-af79-4c62-aed0-b5069dace484","serviceRequestId":"westus:3a180e43-dd85-46b1-bb09-73c06e7cf7fc","statusCode":"Created","targetResource":{"id":"/providers/Microsoft.Management/managementGroups/azure-cli-management-group3bxh/providers/Microsoft.Authorization/policyDefinitions/policy2","resourceType":"Microsoft.Authorization/policyDefinitions","resourceName":"policy2"}}},{"id":"/providers/Microsoft.Management/managementGroups/azure-cli-management-group3bxh/providers/Microsoft.Resources/deployments/azure-cli-management-group-deployment000001/operations/08586152856225051718","operationId":"08586152856225051718","properties":{"provisioningOperation":"EvaluateDeploymentOutput","provisioningState":"Succeeded","timestamp":"2020-04-08T04:50:44.899299Z","duration":"PT0.7085192S","trackingId":"832d9929-5cce-48f2-a8b3-44ee0ec0c4de","statusCode":"OK","statusMessage":null}}]}'
    headers:
      cache-control:
      - no-cache
      content-length:
      - '2880'
      content-type:
      - application/json; charset=utf-8
      date:
      - Wed, 08 Apr 2020 04:50:57 GMT
      expires:
      - '-1'
      pragma:
      - no-cache
      strict-transport-security:
      - max-age=31536000; includeSubDomains
      vary:
      - Accept-Encoding
      x-content-type-options:
      - nosniff
    status:
      code: 200
      message: OK
- request:
    body: "{\"location\": \"WestUS\", \"properties\": {\"parameters\": {\"nestedsubId\":
      {\"value\": \"0b1f6471-1bf0-4dda-aec3-cb9272f09590\"}, \"storageAccountName\":
      {\"value\": \"armbuilddemo1234\"}, \"targetMG\": {\"value\": \"azure-cli-management-group3bxh\"},
      \"nestedRG\": {\"value\": \"azure-cli-sub-resource-group000002\"}}, \"mode\":
      \"Incremental\", template:{\r\n  \"$schema\": \"https://schema.management.azure.com/schemas/2015-01-01/deploymentTemplate.json#\",\r\n
      \ \"contentVersion\": \"1.0.0.0\",\r\n  \"parameters\": {\r\n    \"targetMG\":
      {\r\n      \"type\": \"string\"\r\n    },\r\n    \"nestedsubId\": {\r\n      \"type\":
      \"string\"\r\n    },\r\n    \"nestedRG\": {\r\n      \"type\": \"string\"\r\n
      \   },\r\n    \"storageAccountName\": {\r\n      \"type\": \"string\"\r\n    }\r\n
      \ },\r\n  \"variables\": {\r\n    \"mgScope\": \"[concat('/providers/Microsoft.Management/managementGroups/',
      parameters('targetMG'))]\"\r\n  },\r\n  \"resources\": [\r\n    {\r\n      \"type\":
      \"Microsoft.Authorization/policyDefinitions\",\r\n      \"name\": \"policy2\",\r\n
      \     \"apiVersion\": \"2016-12-01\",\r\n      \"properties\": {\r\n        \"policyType\":
      \"Custom\",\r\n        \"parameters\": {\r\n\r\n        },\r\n        \"policyRule\":
      {\r\n          \"if\": {\r\n            \"field\": \"location\",\r\n            \"equals\":
      \"northeurope\"\r\n          },\r\n          \"then\": {\r\n            \"effect\":
      \"deny\"\r\n          }\r\n        }\r\n      }\r\n    },\r\n    {\r\n      \"type\":
      \"Microsoft.Authorization/policyAssignments\",\r\n      \"name\": \"location-lock\",\r\n
      \     \"apiVersion\": \"2016-12-01\",\r\n      \"dependsOn\": [\r\n        \"policy2\"\r\n
      \     ],\r\n      \"properties\": {\r\n        \"scope\": \"[variables('mgScope')]\",\r\n
      \       \"policyDefinitionId\": \"[concat(variables('mgScope'), '/providers/',
      'Microsoft.Authorization/policyDefinitions/', 'policy2')]\"\r\n      }\r\n    },\r\n
      \   {\r\n      \"type\": \"Microsoft.Resources/deployments\",\r\n      \"name\":
      \"sdktest-subnested\",\r\n      \"apiVersion\": \"2018-05-01\",\r\n      \"location\":
      \"West US\",\r\n      \"subscriptionId\": \"[parameters('nestedSubId')]\",\r\n
      \     \"properties\": {\r\n        \"template\": {\r\n          \"$schema\":
      \"https://schema.management.azure.com/schemas/2015-01-01/deploymentTemplate.json#\",\r\n
      \         \"contentVersion\": \"1.0.0.0\",\r\n          \"parameters\": {\r\n\r\n
      \         },\r\n          \"variables\": {\r\n\r\n          },\r\n          \"resources\":
      [\r\n            {\r\n              \"type\": \"Microsoft.Resources/resourceGroups\",\r\n
      \             \"name\": \"[parameters('nestedRG')]\",\r\n              \"apiVersion\":
      \"2018-05-01\",\r\n              \"location\": \"East US 2 EUAP\",\r\n              \"properties\":
      {\r\n\r\n              }\r\n            },\r\n            {\r\n              \"type\":
      \"Microsoft.Resources/deployments\",\r\n              \"name\": \"rg-nested\",\r\n
      \             \"apiVersion\": \"2017-05-10\",\r\n              \"resourceGroup\":
      \"[parameters('nestedRG')]\",\r\n              \"dependsOn\": [ \"[parameters('nestedRG')]\"
      ],\r\n              \"properties\": {\r\n                \"template\": {\r\n
      \                 \"$schema\": \"https://schema.management.azure.com/schemas/2015-01-01/deploymentTemplate.json#\",\r\n
      \                 \"contentVersion\": \"1.0.0.0\",\r\n                  \"parameters\":
      {\r\n\r\n                  },\r\n                  \"variables\": {\r\n\r\n
      \                 },\r\n                  \"resources\": [\r\n                    {\r\n
      \                     \"type\": \"Microsoft.Storage/storageAccounts\",\r\n                      \"name\":
      \"[parameters('storageAccountName')]\",\r\n                      \"apiVersion\":
      \"2015-06-15\",\r\n                      \"location\": \"East US\",\r\n                      \"properties\":
      {\r\n                        \"accountType\": \"Standard_LRS\",\r\n                        \"supportsHttpsTrafficOnly\":
      true\r\n                      }\r\n                    }\r\n                  ]\r\n
      \               },\r\n                \"mode\": \"Incremental\"\r\n              }\r\n
      \           }\r\n          ]\r\n        },\r\n        \"mode\": \"Incremental\"\r\n
      \     }\r\n    }\r\n  ] // comment\r\n}}}"
    headers:
      Accept:
      - application/json
      Accept-Encoding:
      - gzip, deflate
      CommandName:
      - deployment mg create
      Connection:
      - keep-alive
      Content-Length:
      - '3821'
      Content-Type:
      - application/json; charset=utf-8
      ParameterSetName:
      - --management-group-id --location -n --template-file --parameters --parameters
        --parameters --no-wait
      User-Agent:
      - python/3.8.0 (Windows-10-10.0.18362-SP0) msrest/0.6.10 msrest_azure/0.6.2
        azure-mgmt-resource/8.0.1 Azure-SDK-For-Python AZURECLI/2.3.1
      accept-language:
      - en-US
    method: POST
    uri: https://management.azure.com/providers/Microsoft.Management/managementGroups/azure-cli-management-group3bxh/providers/Microsoft.Resources/deployments/mock-deployment/validate?api-version=2019-07-01
  response:
    body:
      string: '{"id":"/providers/Microsoft.Management/managementGroups/azure-cli-management-group3bxh/providers/Microsoft.Resources/deployments/azure-cli-resource-group-deployment000003","name":"azure-cli-resource-group-deployment000003","type":"Microsoft.Resources/deployments","location":"westus","properties":{"templateHash":"13170742102864522604","parameters":{"targetMG":{"type":"String","value":"azure-cli-management-group3bxh"},"nestedsubId":{"type":"String","value":"0b1f6471-1bf0-4dda-aec3-cb9272f09590"},"nestedRG":{"type":"String","value":"azure-cli-sub-resource-group000002"},"storageAccountName":{"type":"String","value":"armbuilddemo1234"}},"mode":"Incremental","provisioningState":"Succeeded","timestamp":"2020-04-08T04:50:58.4171222Z","duration":"PT0S","correlationId":"6ae8c58f-4523-4afa-b324-e644dc0d5717","providers":[{"namespace":"Microsoft.Authorization","resourceTypes":[{"resourceType":"policyDefinitions","locations":[null]},{"resourceType":"policyAssignments","locations":[null]}]},{"namespace":"Microsoft.Resources","resourceTypes":[{"resourceType":"deployments","locations":["westus"]}]}],"dependencies":[{"dependsOn":[{"id":"/providers/Microsoft.Management/managementGroups/azure-cli-management-group3bxh/providers/Microsoft.Authorization/policyDefinitions/policy2","resourceType":"Microsoft.Authorization/policyDefinitions","resourceName":"policy2"}],"id":"/providers/Microsoft.Management/managementGroups/azure-cli-management-group3bxh/providers/Microsoft.Authorization/policyAssignments/location-lock","resourceType":"Microsoft.Authorization/policyAssignments","resourceName":"location-lock"}],"validatedResources":[{"id":"/providers/Microsoft.Management/managementGroups/azure-cli-management-group3bxh/providers/Microsoft.Authorization/policyDefinitions/policy2"},{"id":"/providers/Microsoft.Management/managementGroups/azure-cli-management-group3bxh/providers/Microsoft.Authorization/policyAssignments/location-lock"},{"id":"/subscriptions/00000000-0000-0000-0000-000000000000/providers/Microsoft.Resources/deployments/sdktest-subnested"},{"id":"/subscriptions/00000000-0000-0000-0000-000000000000/resourceGroups/azure-cli-sub-resource-group000002"},{"id":"/subscriptions/00000000-0000-0000-0000-000000000000/resourceGroups/azure-cli-sub-resource-group000002/providers/Microsoft.Resources/deployments/rg-nested"},{"id":"/subscriptions/00000000-0000-0000-0000-000000000000/resourceGroups/azure-cli-sub-resource-group000002/providers/Microsoft.Storage/storageAccounts/armbuilddemo1234"}]}}'
    headers:
      cache-control:
      - no-cache
      content-length:
      - '2647'
      content-type:
      - application/json; charset=utf-8
      date:
      - Wed, 08 Apr 2020 04:51:00 GMT
      expires:
      - '-1'
      pragma:
      - no-cache
      strict-transport-security:
      - max-age=31536000; includeSubDomains
      transfer-encoding:
      - chunked
      vary:
      - Accept-Encoding
      x-content-type-options:
      - nosniff
      x-ms-ratelimit-remaining-tenant-writes:
      - '1197'
    status:
      code: 200
      message: OK
- request:
    body: "{\"location\": \"WestUS\", \"properties\": {\"parameters\": {\"nestedsubId\":
      {\"value\": \"0b1f6471-1bf0-4dda-aec3-cb9272f09590\"}, \"storageAccountName\":
      {\"value\": \"armbuilddemo1234\"}, \"targetMG\": {\"value\": \"azure-cli-management-group3bxh\"},
      \"nestedRG\": {\"value\": \"azure-cli-sub-resource-group000002\"}}, \"mode\":
      \"Incremental\", template:{\r\n  \"$schema\": \"https://schema.management.azure.com/schemas/2015-01-01/deploymentTemplate.json#\",\r\n
      \ \"contentVersion\": \"1.0.0.0\",\r\n  \"parameters\": {\r\n    \"targetMG\":
      {\r\n      \"type\": \"string\"\r\n    },\r\n    \"nestedsubId\": {\r\n      \"type\":
      \"string\"\r\n    },\r\n    \"nestedRG\": {\r\n      \"type\": \"string\"\r\n
      \   },\r\n    \"storageAccountName\": {\r\n      \"type\": \"string\"\r\n    }\r\n
      \ },\r\n  \"variables\": {\r\n    \"mgScope\": \"[concat('/providers/Microsoft.Management/managementGroups/',
      parameters('targetMG'))]\"\r\n  },\r\n  \"resources\": [\r\n    {\r\n      \"type\":
      \"Microsoft.Authorization/policyDefinitions\",\r\n      \"name\": \"policy2\",\r\n
      \     \"apiVersion\": \"2016-12-01\",\r\n      \"properties\": {\r\n        \"policyType\":
      \"Custom\",\r\n        \"parameters\": {\r\n\r\n        },\r\n        \"policyRule\":
      {\r\n          \"if\": {\r\n            \"field\": \"location\",\r\n            \"equals\":
      \"northeurope\"\r\n          },\r\n          \"then\": {\r\n            \"effect\":
      \"deny\"\r\n          }\r\n        }\r\n      }\r\n    },\r\n    {\r\n      \"type\":
      \"Microsoft.Authorization/policyAssignments\",\r\n      \"name\": \"location-lock\",\r\n
      \     \"apiVersion\": \"2016-12-01\",\r\n      \"dependsOn\": [\r\n        \"policy2\"\r\n
      \     ],\r\n      \"properties\": {\r\n        \"scope\": \"[variables('mgScope')]\",\r\n
      \       \"policyDefinitionId\": \"[concat(variables('mgScope'), '/providers/',
      'Microsoft.Authorization/policyDefinitions/', 'policy2')]\"\r\n      }\r\n    },\r\n
      \   {\r\n      \"type\": \"Microsoft.Resources/deployments\",\r\n      \"name\":
      \"sdktest-subnested\",\r\n      \"apiVersion\": \"2018-05-01\",\r\n      \"location\":
      \"West US\",\r\n      \"subscriptionId\": \"[parameters('nestedSubId')]\",\r\n
      \     \"properties\": {\r\n        \"template\": {\r\n          \"$schema\":
      \"https://schema.management.azure.com/schemas/2015-01-01/deploymentTemplate.json#\",\r\n
      \         \"contentVersion\": \"1.0.0.0\",\r\n          \"parameters\": {\r\n\r\n
      \         },\r\n          \"variables\": {\r\n\r\n          },\r\n          \"resources\":
      [\r\n            {\r\n              \"type\": \"Microsoft.Resources/resourceGroups\",\r\n
      \             \"name\": \"[parameters('nestedRG')]\",\r\n              \"apiVersion\":
      \"2018-05-01\",\r\n              \"location\": \"East US 2 EUAP\",\r\n              \"properties\":
      {\r\n\r\n              }\r\n            },\r\n            {\r\n              \"type\":
      \"Microsoft.Resources/deployments\",\r\n              \"name\": \"rg-nested\",\r\n
      \             \"apiVersion\": \"2017-05-10\",\r\n              \"resourceGroup\":
      \"[parameters('nestedRG')]\",\r\n              \"dependsOn\": [ \"[parameters('nestedRG')]\"
      ],\r\n              \"properties\": {\r\n                \"template\": {\r\n
      \                 \"$schema\": \"https://schema.management.azure.com/schemas/2015-01-01/deploymentTemplate.json#\",\r\n
      \                 \"contentVersion\": \"1.0.0.0\",\r\n                  \"parameters\":
      {\r\n\r\n                  },\r\n                  \"variables\": {\r\n\r\n
      \                 },\r\n                  \"resources\": [\r\n                    {\r\n
      \                     \"type\": \"Microsoft.Storage/storageAccounts\",\r\n                      \"name\":
      \"[parameters('storageAccountName')]\",\r\n                      \"apiVersion\":
      \"2015-06-15\",\r\n                      \"location\": \"East US\",\r\n                      \"properties\":
      {\r\n                        \"accountType\": \"Standard_LRS\",\r\n                        \"supportsHttpsTrafficOnly\":
      true\r\n                      }\r\n                    }\r\n                  ]\r\n
      \               },\r\n                \"mode\": \"Incremental\"\r\n              }\r\n
      \           }\r\n          ]\r\n        },\r\n        \"mode\": \"Incremental\"\r\n
      \     }\r\n    }\r\n  ] // comment\r\n}}}"
    headers:
      Accept:
      - application/json
      Accept-Encoding:
      - gzip, deflate
      CommandName:
      - deployment mg create
      Connection:
      - keep-alive
      Content-Length:
      - '3821'
      Content-Type:
      - application/json; charset=utf-8
      ParameterSetName:
      - --management-group-id --location -n --template-file --parameters --parameters
        --parameters --no-wait
      User-Agent:
      - python/3.8.0 (Windows-10-10.0.18362-SP0) msrest/0.6.10 msrest_azure/0.6.2
        azure-mgmt-resource/8.0.1 Azure-SDK-For-Python AZURECLI/2.3.1
      accept-language:
      - en-US
    method: PUT
    uri: https://management.azure.com/providers/Microsoft.Management/managementGroups/azure-cli-management-group3bxh/providers/Microsoft.Resources/deployments/mock-deployment?api-version=2019-07-01
  response:
    body:
      string: '{"id":"/providers/Microsoft.Management/managementGroups/azure-cli-management-group3bxh/providers/Microsoft.Resources/deployments/azure-cli-resource-group-deployment000003","name":"azure-cli-resource-group-deployment000003","type":"Microsoft.Resources/deployments","location":"westus","properties":{"templateHash":"13170742102864522604","parameters":{"targetMG":{"type":"String","value":"azure-cli-management-group3bxh"},"nestedsubId":{"type":"String","value":"0b1f6471-1bf0-4dda-aec3-cb9272f09590"},"nestedRG":{"type":"String","value":"azure-cli-sub-resource-group000002"},"storageAccountName":{"type":"String","value":"armbuilddemo1234"}},"mode":"Incremental","provisioningState":"Accepted","timestamp":"2020-04-08T04:51:03.9624441Z","duration":"PT2.7770102S","correlationId":"867041ad-52d1-4296-8e0f-9fcfaea9cda7","providers":[{"namespace":"Microsoft.Authorization","resourceTypes":[{"resourceType":"policyDefinitions","locations":[null]},{"resourceType":"policyAssignments","locations":[null]}]},{"namespace":"Microsoft.Resources","resourceTypes":[{"resourceType":"deployments","locations":["westus"]}]}],"dependencies":[{"dependsOn":[{"id":"/providers/Microsoft.Management/managementGroups/azure-cli-management-group3bxh/providers/Microsoft.Authorization/policyDefinitions/policy2","resourceType":"Microsoft.Authorization/policyDefinitions","resourceName":"policy2"}],"id":"/providers/Microsoft.Management/managementGroups/azure-cli-management-group3bxh/providers/Microsoft.Authorization/policyAssignments/location-lock","resourceType":"Microsoft.Authorization/policyAssignments","resourceName":"location-lock"}]}}'
    headers:
      azure-asyncoperation:
      - https://management.azure.com/providers/Microsoft.Management/managementGroups/azure-cli-management-group3bxh/providers/Microsoft.Resources/deployments/azure-cli-resource-group-deployment000003/operationStatuses/08586152854242921959?api-version=2019-07-01
      cache-control:
      - no-cache
      content-length:
      - '1682'
      content-type:
      - application/json; charset=utf-8
      date:
      - Wed, 08 Apr 2020 04:51:04 GMT
      expires:
      - '-1'
      pragma:
      - no-cache
      strict-transport-security:
      - max-age=31536000; includeSubDomains
      x-content-type-options:
      - nosniff
      x-ms-ratelimit-remaining-tenant-writes:
      - '1198'
    status:
      code: 201
      message: Created
- request:
    body: null
    headers:
      Accept:
      - application/json
      Accept-Encoding:
      - gzip, deflate
      CommandName:
      - deployment mg cancel
      Connection:
      - keep-alive
      Content-Length:
      - '0'
      ParameterSetName:
      - -n --management-group-id
      User-Agent:
      - python/3.8.0 (Windows-10-10.0.18362-SP0) msrest/0.6.10 msrest_azure/0.6.2
        azure-mgmt-resource/8.0.1 Azure-SDK-For-Python AZURECLI/2.3.1
      accept-language:
      - en-US
    method: POST
    uri: https://management.azure.com/providers/Microsoft.Management/managementGroups/azure-cli-management-group3bxh/providers/Microsoft.Resources/deployments/mock-deployment/cancel?api-version=2019-07-01
  response:
    body:
      string: ''
    headers:
      cache-control:
      - no-cache
      date:
      - Wed, 08 Apr 2020 04:51:07 GMT
      expires:
      - '-1'
      pragma:
      - no-cache
      strict-transport-security:
      - max-age=31536000; includeSubDomains
      x-content-type-options:
      - nosniff
      x-ms-ratelimit-remaining-tenant-writes:
      - '1199'
    status:
      code: 204
      message: No Content
- request:
    body: null
    headers:
      Accept:
      - application/json
      Accept-Encoding:
      - gzip, deflate
      CommandName:
      - deployment mg show
      Connection:
      - keep-alive
      ParameterSetName:
      - -n --management-group-id
      User-Agent:
      - python/3.8.0 (Windows-10-10.0.18362-SP0) msrest/0.6.10 msrest_azure/0.6.2
        azure-mgmt-resource/8.0.1 Azure-SDK-For-Python AZURECLI/2.3.1
      accept-language:
      - en-US
    method: GET
    uri: https://management.azure.com/providers/Microsoft.Management/managementGroups/azure-cli-management-group3bxh/providers/Microsoft.Resources/deployments/mock-deployment?api-version=2019-07-01
  response:
    body:
      string: '{"id":"/providers/Microsoft.Management/managementGroups/azure-cli-management-group3bxh/providers/Microsoft.Resources/deployments/azure-cli-resource-group-deployment000003","name":"azure-cli-resource-group-deployment000003","type":"Microsoft.Resources/deployments","location":"westus","properties":{"templateHash":"13170742102864522604","parameters":{"targetMG":{"type":"String","value":"azure-cli-management-group3bxh"},"nestedsubId":{"type":"String","value":"0b1f6471-1bf0-4dda-aec3-cb9272f09590"},"nestedRG":{"type":"String","value":"azure-cli-sub-resource-group000002"},"storageAccountName":{"type":"String","value":"armbuilddemo1234"}},"mode":"Incremental","provisioningState":"Canceled","timestamp":"2020-04-08T04:51:08.0524962Z","duration":"PT6.8670623S","correlationId":"867041ad-52d1-4296-8e0f-9fcfaea9cda7","providers":[{"namespace":"Microsoft.Authorization","resourceTypes":[{"resourceType":"policyDefinitions","locations":[null]},{"resourceType":"policyAssignments","locations":[null]}]},{"namespace":"Microsoft.Resources","resourceTypes":[{"resourceType":"deployments","locations":["westus"]}]}],"dependencies":[{"dependsOn":[{"id":"/providers/Microsoft.Management/managementGroups/azure-cli-management-group3bxh/providers/Microsoft.Authorization/policyDefinitions/policy2","resourceType":"Microsoft.Authorization/policyDefinitions","resourceName":"policy2"}],"id":"/providers/Microsoft.Management/managementGroups/azure-cli-management-group3bxh/providers/Microsoft.Authorization/policyAssignments/location-lock","resourceType":"Microsoft.Authorization/policyAssignments","resourceName":"location-lock"}]}}'
    headers:
      cache-control:
      - no-cache
      content-length:
      - '1682'
      content-type:
      - application/json; charset=utf-8
      date:
      - Wed, 08 Apr 2020 04:51:08 GMT
      expires:
      - '-1'
      pragma:
      - no-cache
      strict-transport-security:
      - max-age=31536000; includeSubDomains
      vary:
      - Accept-Encoding
      x-content-type-options:
      - nosniff
    status:
      code: 200
      message: OK
- request:
    body: null
    headers:
      Accept:
      - application/json
      Accept-Encoding:
      - gzip, deflate
      CommandName:
      - account management-group delete
      Connection:
      - keep-alive
      Content-Length:
      - '0'
      ParameterSetName:
      - -n
      User-Agent:
      - python/3.8.0 (Windows-10-10.0.18362-SP0) msrest/0.6.10 msrest_azure/0.6.2
        azure-mgmt-resource/8.0.1 Azure-SDK-For-Python AZURECLI/2.3.1
      accept-language:
      - en-US
    method: POST
    uri: https://management.azure.com/subscriptions/00000000-0000-0000-0000-000000000000/providers/Microsoft.Management/register?api-version=2019-07-01
  response:
    body:
      string: '{"id":"/subscriptions/00000000-0000-0000-0000-000000000000/providers/Microsoft.Management","namespace":"Microsoft.Management","authorization":{"applicationId":"f2c304cf-8e7e-4c3f-8164-16299ad9d272","roleDefinitionId":"c1cf3708-588a-4647-be7f-f400bbe214cf"},"resourceTypes":[{"resourceType":"resources","locations":[],"apiVersions":["2017-11-01-preview","2017-08-31-preview","2017-06-30-preview","2017-05-31-preview"],"capabilities":"None"},{"resourceType":"managementGroups","locations":[],"apiVersions":["2020-02-01","2019-11-01","2018-03-01-preview","2018-03-01-beta","2018-01-01-preview","2017-11-01-preview","2017-08-31-preview","2017-06-30-preview","2017-05-31-preview"],"capabilities":"None"},{"resourceType":"getEntities","locations":[],"apiVersions":["2020-02-01","2019-11-01","2018-03-01-preview","2018-03-01-beta","2018-01-01-preview"],"capabilities":"None"},{"resourceType":"managementGroups/settings","locations":[],"apiVersions":["2020-02-01","2018-03-01-beta"],"capabilities":"None"},{"resourceType":"checkNameAvailability","locations":[],"apiVersions":["2020-02-01","2019-11-01","2018-03-01-preview","2018-03-01-beta","2018-01-01-preview"],"capabilities":"None"},{"resourceType":"operationResults","locations":[],"apiVersions":["2020-02-01","2019-11-01","2018-03-01-preview","2018-03-01-beta","2018-01-01-preview"],"capabilities":"None"},{"resourceType":"operationResults/asyncOperation","locations":[],"apiVersions":["2020-02-01","2019-11-01","2018-03-01-beta"],"capabilities":"None"},{"resourceType":"operations","locations":[],"apiVersions":["2020-02-01","2019-11-01","2018-03-01-preview","2018-03-01-beta","2018-01-01-preview","2017-11-01-preview","2017-08-31-preview","2017-06-30-preview","2017-05-31-preview"],"capabilities":"None"},{"resourceType":"tenantBackfillStatus","locations":[],"apiVersions":["2020-02-01","2019-11-01","2018-03-01-preview","2018-03-01-beta"],"capabilities":"None"},{"resourceType":"startTenantBackfill","locations":[],"apiVersions":["2020-02-01","2019-11-01","2018-03-01-preview","2018-03-01-beta"],"capabilities":"None"}],"registrationState":"Registered","registrationPolicy":"RegistrationRequired"}'
    headers:
      cache-control:
      - no-cache
      content-length:
      - '2147'
      content-type:
      - application/json; charset=utf-8
      date:
      - Wed, 08 Apr 2020 04:51:14 GMT
      expires:
      - '-1'
      pragma:
      - no-cache
      strict-transport-security:
      - max-age=31536000; includeSubDomains
      transfer-encoding:
      - chunked
      vary:
      - Accept-Encoding
      x-content-type-options:
      - nosniff
      x-ms-ratelimit-remaining-subscription-writes:
      - '1198'
    status:
      code: 200
      message: OK
- request:
    body: null
    headers:
      Accept:
      - application/json
      Accept-Encoding:
      - gzip, deflate
      CommandName:
      - account management-group delete
      Connection:
      - keep-alive
      ParameterSetName:
      - -n
      User-Agent:
      - python/3.8.0 (Windows-10-10.0.18362-SP0) msrest/0.6.10 msrest_azure/0.6.2
        azure-mgmt-resource/8.0.1 Azure-SDK-For-Python AZURECLI/2.3.1
      accept-language:
      - en-US
    method: GET
    uri: https://management.azure.com/subscriptions/00000000-0000-0000-0000-000000000000/providers/Microsoft.Management?api-version=2019-07-01
  response:
    body:
      string: '{"id":"/subscriptions/00000000-0000-0000-0000-000000000000/providers/Microsoft.Management","namespace":"Microsoft.Management","authorization":{"applicationId":"f2c304cf-8e7e-4c3f-8164-16299ad9d272","roleDefinitionId":"c1cf3708-588a-4647-be7f-f400bbe214cf"},"resourceTypes":[{"resourceType":"resources","locations":[],"apiVersions":["2017-11-01-preview","2017-08-31-preview","2017-06-30-preview","2017-05-31-preview"],"capabilities":"None"},{"resourceType":"managementGroups","locations":[],"apiVersions":["2020-02-01","2019-11-01","2018-03-01-preview","2018-03-01-beta","2018-01-01-preview","2017-11-01-preview","2017-08-31-preview","2017-06-30-preview","2017-05-31-preview"],"capabilities":"None"},{"resourceType":"getEntities","locations":[],"apiVersions":["2020-02-01","2019-11-01","2018-03-01-preview","2018-03-01-beta","2018-01-01-preview"],"capabilities":"None"},{"resourceType":"managementGroups/settings","locations":[],"apiVersions":["2020-02-01","2018-03-01-beta"],"capabilities":"None"},{"resourceType":"checkNameAvailability","locations":[],"apiVersions":["2020-02-01","2019-11-01","2018-03-01-preview","2018-03-01-beta","2018-01-01-preview"],"capabilities":"None"},{"resourceType":"operationResults","locations":[],"apiVersions":["2020-02-01","2019-11-01","2018-03-01-preview","2018-03-01-beta","2018-01-01-preview"],"capabilities":"None"},{"resourceType":"operationResults/asyncOperation","locations":[],"apiVersions":["2020-02-01","2019-11-01","2018-03-01-beta"],"capabilities":"None"},{"resourceType":"operations","locations":[],"apiVersions":["2020-02-01","2019-11-01","2018-03-01-preview","2018-03-01-beta","2018-01-01-preview","2017-11-01-preview","2017-08-31-preview","2017-06-30-preview","2017-05-31-preview"],"capabilities":"None"},{"resourceType":"tenantBackfillStatus","locations":[],"apiVersions":["2020-02-01","2019-11-01","2018-03-01-preview","2018-03-01-beta"],"capabilities":"None"},{"resourceType":"startTenantBackfill","locations":[],"apiVersions":["2020-02-01","2019-11-01","2018-03-01-preview","2018-03-01-beta"],"capabilities":"None"}],"registrationState":"Registered","registrationPolicy":"RegistrationRequired"}'
    headers:
      cache-control:
      - no-cache
      content-length:
      - '2147'
      content-type:
      - application/json; charset=utf-8
      date:
      - Wed, 08 Apr 2020 04:51:24 GMT
      expires:
      - '-1'
      pragma:
      - no-cache
      strict-transport-security:
      - max-age=31536000; includeSubDomains
      vary:
      - Accept-Encoding
      x-content-type-options:
      - nosniff
    status:
      code: 200
      message: OK
- request:
    body: null
    headers:
      Accept:
      - application/json
      Accept-Encoding:
      - gzip, deflate
      Cache-Control:
      - no-cache
      CommandName:
      - account management-group delete
      Connection:
      - keep-alive
      Content-Length:
      - '0'
      ParameterSetName:
      - -n
      User-Agent:
      - python/3.8.0 (Windows-10-10.0.18362-SP0) msrest/0.6.10 msrest_azure/0.6.2
        azure-mgmt-managementgroups/0.2.0 Azure-SDK-For-Python AZURECLI/2.3.1
      accept-language:
      - en-US
    method: DELETE
    uri: https://management.azure.com/providers/Microsoft.Management/managementGroups/azure-cli-management-group3bxh?api-version=2018-03-01-preview
  response:
    body:
      string: '{"id":"/providers/Microsoft.Management/managementGroups/azure-cli-management-group3bxh","type":"/providers/Microsoft.Management/managementGroups","name":"azure-cli-management-group3bxh","status":"NotStarted"}'
    headers:
      cache-control:
      - no-cache
      content-length:
      - '208'
      content-type:
      - application/json; charset=utf-8
      date:
      - Wed, 08 Apr 2020 04:51:29 GMT
      expires:
      - '-1'
      location:
      - https://management.azure.com/providers/Microsoft.Management/operationResults/delete/managementGroups/azure-cli-management-group3bxh?api-version=2018-03-01-preview
      pragma:
      - no-cache
      request-id:
      - a6f5bc5a-394c-4c82-9058-367e2c34912a
      strict-transport-security:
      - max-age=31536000; includeSubDomains
      x-ba-restapi:
      - 1.0.3.1560
      x-content-type-options:
      - nosniff
      x-ms-ratelimit-remaining-tenant-deletes:
      - '14999'
    status:
      code: 202
      message: Accepted
- request:
    body: null
    headers:
      Accept:
      - application/json
      Accept-Encoding:
      - gzip, deflate
      CommandName:
      - account management-group delete
      Connection:
      - keep-alive
      ParameterSetName:
      - -n
      User-Agent:
      - python/3.8.0 (Windows-10-10.0.18362-SP0) msrest/0.6.10 msrest_azure/0.6.2
        azure-mgmt-managementgroups/0.2.0 Azure-SDK-For-Python AZURECLI/2.3.1
    method: GET
    uri: https://management.azure.com/providers/Microsoft.Management/operationResults/delete/managementGroups/azure-cli-management-group3bxh?api-version=2018-03-01-preview
  response:
    body:
      string: '{"id":"/providers/Microsoft.Management/managementGroups/azure-cli-management-group3bxh","type":"/providers/Microsoft.Management/managementGroups","name":"azure-cli-management-group3bxh","status":"Succeeded"}'
    headers:
      cache-control:
      - no-cache
      content-length:
      - '207'
      content-type:
      - application/json; charset=utf-8
      date:
      - Wed, 08 Apr 2020 04:51:40 GMT
      expires:
      - '-1'
      pragma:
      - no-cache
      request-id:
      - 77766e26-19f9-474c-845e-3ca9e4c1aa50
      strict-transport-security:
      - max-age=31536000; includeSubDomains
      transfer-encoding:
      - chunked
      vary:
      - Accept-Encoding,Accept-Encoding
      x-ba-restapi:
      - 1.0.3.1560
      x-content-type-options:
      - nosniff
    status:
      code: 200
      message: OK
version: 1
