interactions:
- request:
    body: null
    headers:
      Accept:
      - application/json
      Accept-Encoding:
      - gzip, deflate
      CommandName:
      - provider show
      Connection:
      - keep-alive
      ParameterSetName:
      - -n
      User-Agent:
      - AZURECLI/2.26.0 azsdk-python-azure-mgmt-resource/18.0.0 Python/3.8.3 (Windows-10-10.0.18362-SP0)
    method: GET
    uri: https://management.azure.com/subscriptions/00000000-0000-0000-0000-000000000000/providers/Microsoft.Confluent?api-version=2021-04-01
  response:
    body:
      string: '{"id":"/subscriptions/00000000-0000-0000-0000-000000000000/providers/Microsoft.Confluent","namespace":"Microsoft.Confluent","authorizations":[{"applicationId":"1448fd13-7e74-41f4-b6e3-17e485d8ac2e","roleDefinitionId":"4db34280-b0be-4827-aa5b-418391409cee"}],"resourceTypes":[{"resourceType":"operations","locations":[],"apiVersions":["2021-03-01-preview","2020-03-01-preview","2020-03-01"],"capabilities":"None"},{"resourceType":"locations","locations":[],"apiVersions":["2021-03-01-preview","2020-03-01-preview","2020-03-01"],"capabilities":"None"},{"resourceType":"locations/OperationStatuses","locations":["West
        US 2","East US 2 EUAP","Central US EUAP","West Central US","Australia East","France
        Central","Canada Central","East US","UK South","West Europe","Central US","East
        US 2","North Europe","Southeast Asia"],"apiVersions":["2021-03-01-preview","2020-03-01-preview","2020-03-01"],"capabilities":"None"},{"resourceType":"organizations","locations":["West
        US 2","West Central US","Australia East","France Central","Canada Central","East
        US","UK South","West Europe","Central US","East US 2","North Europe","Southeast
        Asia","East US 2 EUAP","Central US EUAP"],"apiVersions":["2021-03-01-preview","2020-03-01-preview","2020-03-01"],"capabilities":"SupportsTags,
        SupportsLocation"},{"resourceType":"checkNameAvailability","locations":[],"apiVersions":["2021-03-01-preview","2020-03-01-preview","2020-03-01"],"capabilities":"None"},{"resourceType":"agreements","locations":[],"apiVersions":["2021-03-01-preview","2020-03-01-preview","2020-03-01"],"capabilities":"None"},{"resourceType":"validations","locations":[],"apiVersions":["2021-03-01-preview"],"capabilities":"None"}],"registrationState":"Unregistered","registrationPolicy":"RegistrationRequired"}'
    headers:
      cache-control:
      - no-cache
      content-length:
      - '1758'
      content-type:
      - application/json; charset=utf-8
      date:
      - Wed, 07 Jul 2021 09:27:51 GMT
      expires:
      - '-1'
      pragma:
      - no-cache
      strict-transport-security:
      - max-age=31536000; includeSubDomains
      vary:
      - Accept-Encoding
      x-content-type-options:
      - nosniff
    status:
      code: 200
      message: OK
- request:
    body: null
    headers:
      Accept:
      - application/json
      Accept-Encoding:
      - gzip, deflate
      CommandName:
      - provider register
      Connection:
      - keep-alive
      Content-Length:
      - '0'
      Content-Type:
      - application/json
      ParameterSetName:
      - -n --accept-terms
      User-Agent:
      - AZURECLI/2.26.0 azsdk-python-azure-mgmt-resource/18.0.0 Python/3.8.3 (Windows-10-10.0.18362-SP0)
    method: POST
    uri: https://management.azure.com/subscriptions/00000000-0000-0000-0000-000000000000/providers/Microsoft.Confluent/register?api-version=2021-04-01
  response:
    body:
      string: '{"id":"/subscriptions/00000000-0000-0000-0000-000000000000/providers/Microsoft.Confluent","namespace":"Microsoft.Confluent","authorizations":[{"applicationId":"1448fd13-7e74-41f4-b6e3-17e485d8ac2e","roleDefinitionId":"4db34280-b0be-4827-aa5b-418391409cee"}],"resourceTypes":[{"resourceType":"operations","locations":[],"apiVersions":["2021-03-01-preview","2020-03-01-preview","2020-03-01"],"capabilities":"None"},{"resourceType":"locations","locations":[],"apiVersions":["2021-03-01-preview","2020-03-01-preview","2020-03-01"],"capabilities":"None"},{"resourceType":"locations/OperationStatuses","locations":["West
        US 2","East US 2 EUAP","Central US EUAP","West Central US","Australia East","France
        Central","Canada Central","East US","UK South","West Europe","Central US","East
        US 2","North Europe","Southeast Asia"],"apiVersions":["2021-03-01-preview","2020-03-01-preview","2020-03-01"],"capabilities":"None"},{"resourceType":"organizations","locations":["West
        US 2","West Central US","Australia East","France Central","Canada Central","East
        US","UK South","West Europe","Central US","East US 2","North Europe","Southeast
        Asia","East US 2 EUAP","Central US EUAP"],"apiVersions":["2021-03-01-preview","2020-03-01-preview","2020-03-01"],"capabilities":"SupportsTags,
        SupportsLocation"},{"resourceType":"checkNameAvailability","locations":[],"apiVersions":["2021-03-01-preview","2020-03-01-preview","2020-03-01"],"capabilities":"None"},{"resourceType":"agreements","locations":[],"apiVersions":["2021-03-01-preview","2020-03-01-preview","2020-03-01"],"capabilities":"None"},{"resourceType":"validations","locations":[],"apiVersions":["2021-03-01-preview"],"capabilities":"None"}],"registrationState":"Registering","registrationPolicy":"RegistrationRequired"}'
    headers:
      cache-control:
      - no-cache
      content-length:
      - '1757'
      content-type:
      - application/json; charset=utf-8
      date:
      - Wed, 07 Jul 2021 09:27:55 GMT
      expires:
      - '-1'
      pragma:
      - no-cache
      strict-transport-security:
      - max-age=31536000; includeSubDomains
      transfer-encoding:
      - chunked
      vary:
      - Accept-Encoding
      x-content-type-options:
      - nosniff
      x-ms-ratelimit-remaining-subscription-writes:
      - '1199'
    status:
      code: 200
      message: OK
- request:
    body: null
    headers:
      Accept:
      - application/json
      Accept-Encoding:
      - gzip, deflate
      CommandName:
      - provider register
      Connection:
      - keep-alive
      ParameterSetName:
      - -n --accept-terms
      User-Agent:
      - AZURECLI/2.26.0 azsdk-python-azure-mgmt-resource/18.0.0 Python/3.8.3 (Windows-10-10.0.18362-SP0)
    method: GET
    uri: https://management.azure.com/subscriptions/00000000-0000-0000-0000-000000000000/providers/Microsoft.Confluent?api-version=2021-04-01
  response:
    body:
      string: '{"id":"/subscriptions/00000000-0000-0000-0000-000000000000/providers/Microsoft.Confluent","namespace":"Microsoft.Confluent","authorizations":[{"applicationId":"1448fd13-7e74-41f4-b6e3-17e485d8ac2e","roleDefinitionId":"4db34280-b0be-4827-aa5b-418391409cee"}],"resourceTypes":[{"resourceType":"operations","locations":[],"apiVersions":["2021-03-01-preview","2020-03-01-preview","2020-03-01"],"capabilities":"None"},{"resourceType":"locations","locations":[],"apiVersions":["2021-03-01-preview","2020-03-01-preview","2020-03-01"],"capabilities":"None"},{"resourceType":"locations/OperationStatuses","locations":["West
        US 2","East US 2 EUAP","Central US EUAP","West Central US","Australia East","France
        Central","Canada Central","East US","UK South","West Europe","Central US","East
        US 2","North Europe","Southeast Asia"],"apiVersions":["2021-03-01-preview","2020-03-01-preview","2020-03-01"],"capabilities":"None"},{"resourceType":"organizations","locations":["West
        US 2","West Central US","Australia East","France Central","Canada Central","East
        US","UK South","West Europe","Central US","East US 2","North Europe","Southeast
        Asia","East US 2 EUAP","Central US EUAP"],"apiVersions":["2021-03-01-preview","2020-03-01-preview","2020-03-01"],"capabilities":"SupportsTags,
        SupportsLocation"},{"resourceType":"checkNameAvailability","locations":[],"apiVersions":["2021-03-01-preview","2020-03-01-preview","2020-03-01"],"capabilities":"None"},{"resourceType":"agreements","locations":[],"apiVersions":["2021-03-01-preview","2020-03-01-preview","2020-03-01"],"capabilities":"None"},{"resourceType":"validations","locations":[],"apiVersions":["2021-03-01-preview"],"capabilities":"None"}],"registrationState":"Registering","registrationPolicy":"RegistrationRequired"}'
    headers:
      cache-control:
      - no-cache
      content-length:
      - '1757'
      content-type:
      - application/json; charset=utf-8
      date:
      - Wed, 07 Jul 2021 09:28:05 GMT
      expires:
      - '-1'
      pragma:
      - no-cache
      strict-transport-security:
      - max-age=31536000; includeSubDomains
      vary:
      - Accept-Encoding
      x-content-type-options:
      - nosniff
    status:
      code: 200
      message: OK
- request:
    body: null
    headers:
      Accept:
      - application/json
      Accept-Encoding:
      - gzip, deflate
      CommandName:
      - provider register
      Connection:
      - keep-alive
      ParameterSetName:
      - -n --accept-terms
      User-Agent:
      - AZURECLI/2.26.0 azsdk-python-azure-mgmt-resource/18.0.0 Python/3.8.3 (Windows-10-10.0.18362-SP0)
    method: GET
    uri: https://management.azure.com/subscriptions/00000000-0000-0000-0000-000000000000/providers/Microsoft.Confluent?api-version=2021-04-01
  response:
    body:
      string: '{"id":"/subscriptions/00000000-0000-0000-0000-000000000000/providers/Microsoft.Confluent","namespace":"Microsoft.Confluent","authorizations":[{"applicationId":"1448fd13-7e74-41f4-b6e3-17e485d8ac2e","roleDefinitionId":"4db34280-b0be-4827-aa5b-418391409cee"}],"resourceTypes":[{"resourceType":"operations","locations":[],"apiVersions":["2021-03-01-preview","2020-03-01-preview","2020-03-01"],"capabilities":"None"},{"resourceType":"locations","locations":[],"apiVersions":["2021-03-01-preview","2020-03-01-preview","2020-03-01"],"capabilities":"None"},{"resourceType":"locations/OperationStatuses","locations":["West
        US 2","East US 2 EUAP","Central US EUAP","West Central US","Australia East","France
        Central","Canada Central","East US","UK South","West Europe","Central US","East
        US 2","North Europe","Southeast Asia"],"apiVersions":["2021-03-01-preview","2020-03-01-preview","2020-03-01"],"capabilities":"None"},{"resourceType":"organizations","locations":["West
        US 2","West Central US","Australia East","France Central","Canada Central","East
        US","UK South","West Europe","Central US","East US 2","North Europe","Southeast
        Asia","East US 2 EUAP","Central US EUAP"],"apiVersions":["2021-03-01-preview","2020-03-01-preview","2020-03-01"],"capabilities":"SupportsTags,
        SupportsLocation"},{"resourceType":"checkNameAvailability","locations":[],"apiVersions":["2021-03-01-preview","2020-03-01-preview","2020-03-01"],"capabilities":"None"},{"resourceType":"agreements","locations":[],"apiVersions":["2021-03-01-preview","2020-03-01-preview","2020-03-01"],"capabilities":"None"},{"resourceType":"validations","locations":[],"apiVersions":["2021-03-01-preview"],"capabilities":"None"}],"registrationState":"Registering","registrationPolicy":"RegistrationRequired"}'
    headers:
      cache-control:
      - no-cache
      content-length:
      - '1757'
      content-type:
      - application/json; charset=utf-8
      date:
      - Wed, 07 Jul 2021 09:28:15 GMT
      expires:
      - '-1'
      pragma:
      - no-cache
      strict-transport-security:
      - max-age=31536000; includeSubDomains
      vary:
      - Accept-Encoding
      x-content-type-options:
      - nosniff
    status:
      code: 200
      message: OK
- request:
    body: null
    headers:
      Accept:
      - application/json
      Accept-Encoding:
      - gzip, deflate
      CommandName:
      - provider register
      Connection:
      - keep-alive
      ParameterSetName:
      - -n --accept-terms
      User-Agent:
      - AZURECLI/2.26.0 azsdk-python-azure-mgmt-resource/18.0.0 Python/3.8.3 (Windows-10-10.0.18362-SP0)
    method: GET
    uri: https://management.azure.com/subscriptions/00000000-0000-0000-0000-000000000000/providers/Microsoft.Confluent?api-version=2021-04-01
  response:
    body:
      string: '{"id":"/subscriptions/00000000-0000-0000-0000-000000000000/providers/Microsoft.Confluent","namespace":"Microsoft.Confluent","authorizations":[{"applicationId":"1448fd13-7e74-41f4-b6e3-17e485d8ac2e","roleDefinitionId":"4db34280-b0be-4827-aa5b-418391409cee"}],"resourceTypes":[{"resourceType":"operations","locations":[],"apiVersions":["2021-03-01-preview","2020-03-01-preview","2020-03-01"],"capabilities":"None"},{"resourceType":"locations","locations":[],"apiVersions":["2021-03-01-preview","2020-03-01-preview","2020-03-01"],"capabilities":"None"},{"resourceType":"locations/OperationStatuses","locations":["West
        US 2","East US 2 EUAP","Central US EUAP","West Central US","Australia East","France
        Central","Canada Central","East US","UK South","West Europe","Central US","East
        US 2","North Europe","Southeast Asia"],"apiVersions":["2021-03-01-preview","2020-03-01-preview","2020-03-01"],"capabilities":"None"},{"resourceType":"organizations","locations":["West
        US 2","West Central US","Australia East","France Central","Canada Central","East
        US","UK South","West Europe","Central US","East US 2","North Europe","Southeast
        Asia","East US 2 EUAP","Central US EUAP"],"apiVersions":["2021-03-01-preview","2020-03-01-preview","2020-03-01"],"capabilities":"SupportsTags,
        SupportsLocation"},{"resourceType":"checkNameAvailability","locations":[],"apiVersions":["2021-03-01-preview","2020-03-01-preview","2020-03-01"],"capabilities":"None"},{"resourceType":"agreements","locations":[],"apiVersions":["2021-03-01-preview","2020-03-01-preview","2020-03-01"],"capabilities":"None"},{"resourceType":"validations","locations":[],"apiVersions":["2021-03-01-preview"],"capabilities":"None"}],"registrationState":"Registering","registrationPolicy":"RegistrationRequired"}'
    headers:
      cache-control:
      - no-cache
      content-length:
      - '1757'
      content-type:
      - application/json; charset=utf-8
      date:
      - Wed, 07 Jul 2021 09:28:25 GMT
      expires:
      - '-1'
      pragma:
      - no-cache
      strict-transport-security:
      - max-age=31536000; includeSubDomains
      vary:
      - Accept-Encoding
      x-content-type-options:
      - nosniff
    status:
      code: 200
      message: OK
- request:
    body: null
    headers:
      Accept:
      - application/json
      Accept-Encoding:
      - gzip, deflate
      CommandName:
      - provider register
      Connection:
      - keep-alive
      ParameterSetName:
      - -n --accept-terms
      User-Agent:
      - AZURECLI/2.26.0 azsdk-python-azure-mgmt-resource/18.0.0 Python/3.8.3 (Windows-10-10.0.18362-SP0)
    method: GET
    uri: https://management.azure.com/subscriptions/00000000-0000-0000-0000-000000000000/providers/Microsoft.Confluent?api-version=2021-04-01
  response:
    body:
      string: '{"id":"/subscriptions/00000000-0000-0000-0000-000000000000/providers/Microsoft.Confluent","namespace":"Microsoft.Confluent","authorizations":[{"applicationId":"1448fd13-7e74-41f4-b6e3-17e485d8ac2e","roleDefinitionId":"4db34280-b0be-4827-aa5b-418391409cee"}],"resourceTypes":[{"resourceType":"operations","locations":[],"apiVersions":["2021-03-01-preview","2020-03-01-preview","2020-03-01"],"capabilities":"None"},{"resourceType":"locations","locations":[],"apiVersions":["2021-03-01-preview","2020-03-01-preview","2020-03-01"],"capabilities":"None"},{"resourceType":"locations/OperationStatuses","locations":["West
        US 2","East US 2 EUAP","Central US EUAP","West Central US","Australia East","France
        Central","Canada Central","East US","UK South","West Europe","Central US","East
        US 2","North Europe","Southeast Asia"],"apiVersions":["2021-03-01-preview","2020-03-01-preview","2020-03-01"],"capabilities":"None"},{"resourceType":"organizations","locations":["West
        US 2","West Central US","Australia East","France Central","Canada Central","East
        US","UK South","West Europe","Central US","East US 2","North Europe","Southeast
        Asia","East US 2 EUAP","Central US EUAP"],"apiVersions":["2021-03-01-preview","2020-03-01-preview","2020-03-01"],"capabilities":"SupportsTags,
        SupportsLocation"},{"resourceType":"checkNameAvailability","locations":[],"apiVersions":["2021-03-01-preview","2020-03-01-preview","2020-03-01"],"capabilities":"None"},{"resourceType":"agreements","locations":[],"apiVersions":["2021-03-01-preview","2020-03-01-preview","2020-03-01"],"capabilities":"None"},{"resourceType":"validations","locations":[],"apiVersions":["2021-03-01-preview"],"capabilities":"None"}],"registrationState":"Registering","registrationPolicy":"RegistrationRequired"}'
    headers:
      cache-control:
      - no-cache
      content-length:
      - '1757'
      content-type:
      - application/json; charset=utf-8
      date:
      - Wed, 07 Jul 2021 09:28:35 GMT
      expires:
      - '-1'
      pragma:
      - no-cache
      strict-transport-security:
      - max-age=31536000; includeSubDomains
      vary:
      - Accept-Encoding
      x-content-type-options:
      - nosniff
    status:
      code: 200
      message: OK
- request:
    body: null
    headers:
      Accept:
      - application/json
      Accept-Encoding:
      - gzip, deflate
      CommandName:
      - provider register
      Connection:
      - keep-alive
      ParameterSetName:
      - -n --accept-terms
      User-Agent:
      - AZURECLI/2.26.0 azsdk-python-azure-mgmt-resource/18.0.0 Python/3.8.3 (Windows-10-10.0.18362-SP0)
    method: GET
    uri: https://management.azure.com/subscriptions/00000000-0000-0000-0000-000000000000/providers/Microsoft.Confluent?api-version=2021-04-01
  response:
    body:
      string: '{"id":"/subscriptions/00000000-0000-0000-0000-000000000000/providers/Microsoft.Confluent","namespace":"Microsoft.Confluent","authorizations":[{"applicationId":"1448fd13-7e74-41f4-b6e3-17e485d8ac2e","roleDefinitionId":"4db34280-b0be-4827-aa5b-418391409cee"}],"resourceTypes":[{"resourceType":"operations","locations":[],"apiVersions":["2021-03-01-preview","2020-03-01-preview","2020-03-01"],"capabilities":"None"},{"resourceType":"locations","locations":[],"apiVersions":["2021-03-01-preview","2020-03-01-preview","2020-03-01"],"capabilities":"None"},{"resourceType":"locations/OperationStatuses","locations":["West
        US 2","East US 2 EUAP","Central US EUAP","West Central US","Australia East","France
        Central","Canada Central","East US","UK South","West Europe","Central US","East
        US 2","North Europe","Southeast Asia"],"apiVersions":["2021-03-01-preview","2020-03-01-preview","2020-03-01"],"capabilities":"None"},{"resourceType":"organizations","locations":["West
        US 2","West Central US","Australia East","France Central","Canada Central","East
        US","UK South","West Europe","Central US","East US 2","North Europe","Southeast
        Asia","East US 2 EUAP","Central US EUAP"],"apiVersions":["2021-03-01-preview","2020-03-01-preview","2020-03-01"],"capabilities":"SupportsTags,
        SupportsLocation"},{"resourceType":"checkNameAvailability","locations":[],"apiVersions":["2021-03-01-preview","2020-03-01-preview","2020-03-01"],"capabilities":"None"},{"resourceType":"agreements","locations":[],"apiVersions":["2021-03-01-preview","2020-03-01-preview","2020-03-01"],"capabilities":"None"},{"resourceType":"validations","locations":[],"apiVersions":["2021-03-01-preview"],"capabilities":"None"}],"registrationState":"Registering","registrationPolicy":"RegistrationRequired"}'
    headers:
      cache-control:
      - no-cache
      content-length:
      - '1757'
      content-type:
      - application/json; charset=utf-8
      date:
      - Wed, 07 Jul 2021 09:28:46 GMT
      expires:
      - '-1'
      pragma:
      - no-cache
      strict-transport-security:
      - max-age=31536000; includeSubDomains
      vary:
      - Accept-Encoding
      x-content-type-options:
      - nosniff
    status:
      code: 200
      message: OK
- request:
    body: null
    headers:
      Accept:
      - application/json
      Accept-Encoding:
      - gzip, deflate
      CommandName:
      - provider register
      Connection:
      - keep-alive
      ParameterSetName:
      - -n --accept-terms
      User-Agent:
      - AZURECLI/2.26.0 azsdk-python-azure-mgmt-resource/18.0.0 Python/3.8.3 (Windows-10-10.0.18362-SP0)
    method: GET
    uri: https://management.azure.com/subscriptions/00000000-0000-0000-0000-000000000000/providers/Microsoft.Confluent?api-version=2021-04-01
  response:
    body:
      string: '{"id":"/subscriptions/00000000-0000-0000-0000-000000000000/providers/Microsoft.Confluent","namespace":"Microsoft.Confluent","authorizations":[{"applicationId":"1448fd13-7e74-41f4-b6e3-17e485d8ac2e","roleDefinitionId":"4db34280-b0be-4827-aa5b-418391409cee"}],"resourceTypes":[{"resourceType":"operations","locations":[],"apiVersions":["2021-03-01-preview","2020-03-01-preview","2020-03-01"],"capabilities":"None"},{"resourceType":"locations","locations":[],"apiVersions":["2021-03-01-preview","2020-03-01-preview","2020-03-01"],"capabilities":"None"},{"resourceType":"locations/OperationStatuses","locations":["West
        US 2","East US 2 EUAP","Central US EUAP","West Central US","Australia East","France
        Central","Canada Central","East US","UK South","West Europe","Central US","East
        US 2","North Europe","Southeast Asia"],"apiVersions":["2021-03-01-preview","2020-03-01-preview","2020-03-01"],"capabilities":"None"},{"resourceType":"organizations","locations":["West
        US 2","West Central US","Australia East","France Central","Canada Central","East
        US","UK South","West Europe","Central US","East US 2","North Europe","Southeast
        Asia","East US 2 EUAP","Central US EUAP"],"apiVersions":["2021-03-01-preview","2020-03-01-preview","2020-03-01"],"capabilities":"SupportsTags,
        SupportsLocation"},{"resourceType":"checkNameAvailability","locations":[],"apiVersions":["2021-03-01-preview","2020-03-01-preview","2020-03-01"],"capabilities":"None"},{"resourceType":"agreements","locations":[],"apiVersions":["2021-03-01-preview","2020-03-01-preview","2020-03-01"],"capabilities":"None"},{"resourceType":"validations","locations":[],"apiVersions":["2021-03-01-preview"],"capabilities":"None"}],"registrationState":"Registering","registrationPolicy":"RegistrationRequired"}'
    headers:
      cache-control:
      - no-cache
      content-length:
      - '1757'
      content-type:
      - application/json; charset=utf-8
      date:
      - Wed, 07 Jul 2021 09:28:56 GMT
      expires:
      - '-1'
      pragma:
      - no-cache
      strict-transport-security:
      - max-age=31536000; includeSubDomains
      vary:
      - Accept-Encoding
      x-content-type-options:
      - nosniff
    status:
      code: 200
      message: OK
- request:
    body: null
    headers:
      Accept:
      - application/json
      Accept-Encoding:
      - gzip, deflate
      CommandName:
      - provider register
      Connection:
      - keep-alive
      ParameterSetName:
      - -n --accept-terms
      User-Agent:
      - AZURECLI/2.26.0 azsdk-python-azure-mgmt-resource/18.0.0 Python/3.8.3 (Windows-10-10.0.18362-SP0)
    method: GET
    uri: https://management.azure.com/subscriptions/00000000-0000-0000-0000-000000000000/providers/Microsoft.Confluent?api-version=2021-04-01
  response:
    body:
      string: '{"id":"/subscriptions/00000000-0000-0000-0000-000000000000/providers/Microsoft.Confluent","namespace":"Microsoft.Confluent","authorizations":[{"applicationId":"1448fd13-7e74-41f4-b6e3-17e485d8ac2e","roleDefinitionId":"4db34280-b0be-4827-aa5b-418391409cee"}],"resourceTypes":[{"resourceType":"operations","locations":[],"apiVersions":["2021-03-01-preview","2020-03-01-preview","2020-03-01"],"capabilities":"None"},{"resourceType":"locations","locations":[],"apiVersions":["2021-03-01-preview","2020-03-01-preview","2020-03-01"],"capabilities":"None"},{"resourceType":"locations/OperationStatuses","locations":["West
        US 2","East US 2 EUAP","Central US EUAP","West Central US","Australia East","France
        Central","Canada Central","East US","UK South","West Europe","Central US","East
        US 2","North Europe","Southeast Asia"],"apiVersions":["2021-03-01-preview","2020-03-01-preview","2020-03-01"],"capabilities":"None"},{"resourceType":"organizations","locations":["West
        US 2","West Central US","Australia East","France Central","Canada Central","East
        US","UK South","West Europe","Central US","East US 2","North Europe","Southeast
        Asia","East US 2 EUAP","Central US EUAP"],"apiVersions":["2021-03-01-preview","2020-03-01-preview","2020-03-01"],"capabilities":"SupportsTags,
        SupportsLocation"},{"resourceType":"checkNameAvailability","locations":[],"apiVersions":["2021-03-01-preview","2020-03-01-preview","2020-03-01"],"capabilities":"None"},{"resourceType":"agreements","locations":[],"apiVersions":["2021-03-01-preview","2020-03-01-preview","2020-03-01"],"capabilities":"None"},{"resourceType":"validations","locations":[],"apiVersions":["2021-03-01-preview"],"capabilities":"None"}],"registrationState":"Registered","registrationPolicy":"RegistrationRequired"}'
    headers:
      cache-control:
      - no-cache
      content-length:
      - '1756'
      content-type:
      - application/json; charset=utf-8
      date:
      - Wed, 07 Jul 2021 09:29:06 GMT
      expires:
      - '-1'
      pragma:
      - no-cache
      strict-transport-security:
      - max-age=31536000; includeSubDomains
      vary:
      - Accept-Encoding
      x-content-type-options:
      - nosniff
    status:
      code: 200
      message: OK
- request:
    body: '{"properties": {"accepted": true}}'
    headers:
      Accept:
      - '*/*'
      Accept-Encoding:
      - gzip, deflate
      CommandName:
      - provider register
      Connection:
      - keep-alive
      Content-Length:
      - '34'
      Content-Type:
      - application/json
      ParameterSetName:
      - -n --accept-terms
      User-Agent:
      - python/3.8.3 (Windows-10-10.0.18362-SP0) AZURECLI/2.26.0
    method: PUT
    uri: https://management.azure.com/subscriptions/00000000-0000-0000-0000-000000000000/providers/Microsoft.Confluent/agreements/default?api-version=2020-03-01-preview
  response:
    body:
      string: '{"id":"/subscriptions/00000000-0000-0000-0000-000000000000/providers/Microsoft.Confluent/agreements/default","name":"default","type":"microsoft.confluent/agreements","properties":{"publisher":null,"product":null,"plan":null,"licenseTextLink":null,"privacyPolicyLink":null,"retrieveDatetime":null,"signature":null,"accepted":true}}'
    headers:
      cache-control:
      - no-cache
      content-length:
      - '330'
      content-type:
      - application/json; charset=utf-8
      date:
      - Wed, 07 Jul 2021 09:29:09 GMT
      expires:
      - '-1'
      pragma:
      - no-cache
      strict-transport-security:
      - max-age=31536000; includeSubDomains
      transfer-encoding:
      - chunked
      vary:
      - Accept-Encoding
      x-content-type-options:
      - nosniff
      x-ms-providerhub-traffic:
      - 'True'
      x-ms-ratelimit-remaining-subscription-writes:
      - '1197'
    status:
      code: 200
      message: OK
- request:
    body: null
    headers:
      Accept:
      - application/json
      Accept-Encoding:
      - gzip, deflate
      CommandName:
      - provider show
      Connection:
      - keep-alive
      ParameterSetName:
      - -n
      User-Agent:
      - AZURECLI/2.26.0 azsdk-python-azure-mgmt-resource/18.0.0 Python/3.8.3 (Windows-10-10.0.18362-SP0)
    method: GET
    uri: https://management.azure.com/subscriptions/00000000-0000-0000-0000-000000000000/providers/Microsoft.Confluent?api-version=2021-04-01
  response:
    body:
      string: '{"id":"/subscriptions/00000000-0000-0000-0000-000000000000/providers/Microsoft.Confluent","namespace":"Microsoft.Confluent","authorizations":[{"applicationId":"1448fd13-7e74-41f4-b6e3-17e485d8ac2e","roleDefinitionId":"4db34280-b0be-4827-aa5b-418391409cee"}],"resourceTypes":[{"resourceType":"operations","locations":[],"apiVersions":["2021-03-01-preview","2020-03-01-preview","2020-03-01"],"capabilities":"None"},{"resourceType":"locations","locations":[],"apiVersions":["2021-03-01-preview","2020-03-01-preview","2020-03-01"],"capabilities":"None"},{"resourceType":"locations/OperationStatuses","locations":["West
        US 2","East US 2 EUAP","Central US EUAP","West Central US","Australia East","France
        Central","Canada Central","East US","UK South","West Europe","Central US","East
        US 2","North Europe","Southeast Asia"],"apiVersions":["2021-03-01-preview","2020-03-01-preview","2020-03-01"],"capabilities":"None"},{"resourceType":"organizations","locations":["West
        US 2","West Central US","Australia East","France Central","Canada Central","East
        US","UK South","West Europe","Central US","East US 2","North Europe","Southeast
        Asia","East US 2 EUAP","Central US EUAP"],"apiVersions":["2021-03-01-preview","2020-03-01-preview","2020-03-01"],"capabilities":"SupportsTags,
        SupportsLocation"},{"resourceType":"checkNameAvailability","locations":[],"apiVersions":["2021-03-01-preview","2020-03-01-preview","2020-03-01"],"capabilities":"None"},{"resourceType":"agreements","locations":[],"apiVersions":["2021-03-01-preview","2020-03-01-preview","2020-03-01"],"capabilities":"None"},{"resourceType":"validations","locations":[],"apiVersions":["2021-03-01-preview"],"capabilities":"None"}],"registrationState":"Registered","registrationPolicy":"RegistrationRequired"}'
    headers:
      cache-control:
      - no-cache
      content-length:
      - '1756'
      content-type:
      - application/json; charset=utf-8
      date:
      - Wed, 07 Jul 2021 09:29:10 GMT
      expires:
      - '-1'
      pragma:
      - no-cache
      strict-transport-security:
      - max-age=31536000; includeSubDomains
      vary:
      - Accept-Encoding
      x-content-type-options:
      - nosniff
    status:
      code: 200
      message: OK
- request:
    body: null
    headers:
      Accept:
      - application/json
      Accept-Encoding:
      - gzip, deflate
      CommandName:
      - provider unregister
      Connection:
      - keep-alive
      Content-Length:
      - '0'
      ParameterSetName:
      - -n
      User-Agent:
      - AZURECLI/2.26.0 azsdk-python-azure-mgmt-resource/18.0.0 Python/3.8.3 (Windows-10-10.0.18362-SP0)
    method: POST
    uri: https://management.azure.com/subscriptions/00000000-0000-0000-0000-000000000000/providers/Microsoft.Confluent/unregister?api-version=2021-04-01
  response:
    body:
      string: '{"id":"/subscriptions/00000000-0000-0000-0000-000000000000/providers/Microsoft.Confluent","namespace":"Microsoft.Confluent","authorizations":[{"applicationId":"1448fd13-7e74-41f4-b6e3-17e485d8ac2e","roleDefinitionId":"4db34280-b0be-4827-aa5b-418391409cee"}],"resourceTypes":[{"resourceType":"operations","locations":[],"apiVersions":["2021-03-01-preview","2020-03-01-preview","2020-03-01"],"capabilities":"None"},{"resourceType":"locations","locations":[],"apiVersions":["2021-03-01-preview","2020-03-01-preview","2020-03-01"],"capabilities":"None"},{"resourceType":"locations/OperationStatuses","locations":["West
        US 2","East US 2 EUAP","Central US EUAP","West Central US","Australia East","France
        Central","Canada Central","East US","UK South","West Europe","Central US","East
        US 2","North Europe","Southeast Asia"],"apiVersions":["2021-03-01-preview","2020-03-01-preview","2020-03-01"],"capabilities":"None"},{"resourceType":"organizations","locations":["West
        US 2","West Central US","Australia East","France Central","Canada Central","East
        US","UK South","West Europe","Central US","East US 2","North Europe","Southeast
        Asia","East US 2 EUAP","Central US EUAP"],"apiVersions":["2021-03-01-preview","2020-03-01-preview","2020-03-01"],"capabilities":"SupportsTags,
        SupportsLocation"},{"resourceType":"checkNameAvailability","locations":[],"apiVersions":["2021-03-01-preview","2020-03-01-preview","2020-03-01"],"capabilities":"None"},{"resourceType":"agreements","locations":[],"apiVersions":["2021-03-01-preview","2020-03-01-preview","2020-03-01"],"capabilities":"None"},{"resourceType":"validations","locations":[],"apiVersions":["2021-03-01-preview"],"capabilities":"None"}],"registrationState":"Unregistering","registrationPolicy":"RegistrationRequired"}'
    headers:
      cache-control:
      - no-cache
      content-length:
      - '1759'
      content-type:
      - application/json; charset=utf-8
      date:
      - Wed, 07 Jul 2021 09:29:13 GMT
      expires:
      - '-1'
      pragma:
      - no-cache
      strict-transport-security:
      - max-age=31536000; includeSubDomains
      transfer-encoding:
      - chunked
      vary:
      - Accept-Encoding
      x-content-type-options:
      - nosniff
      x-ms-ratelimit-remaining-subscription-writes:
      - '1198'
    status:
      code: 200
      message: OK
- request:
    body: null
    headers:
      Accept:
      - application/json
      Accept-Encoding:
      - gzip, deflate
      CommandName:
      - provider show
      Connection:
      - keep-alive
      ParameterSetName:
      - -n
      User-Agent:
      - AZURECLI/2.26.0 azsdk-python-azure-mgmt-resource/18.0.0 Python/3.8.3 (Windows-10-10.0.18362-SP0)
    method: GET
    uri: https://management.azure.com/subscriptions/00000000-0000-0000-0000-000000000000/providers/Microsoft.Confluent?api-version=2021-04-01
  response:
    body:
      string: '{"id":"/subscriptions/00000000-0000-0000-0000-000000000000/providers/Microsoft.Confluent","namespace":"Microsoft.Confluent","authorizations":[{"applicationId":"1448fd13-7e74-41f4-b6e3-17e485d8ac2e","roleDefinitionId":"4db34280-b0be-4827-aa5b-418391409cee"}],"resourceTypes":[{"resourceType":"operations","locations":[],"apiVersions":["2021-03-01-preview","2020-03-01-preview","2020-03-01"],"capabilities":"None"},{"resourceType":"locations","locations":[],"apiVersions":["2021-03-01-preview","2020-03-01-preview","2020-03-01"],"capabilities":"None"},{"resourceType":"locations/OperationStatuses","locations":["West
        US 2","East US 2 EUAP","Central US EUAP","West Central US","Australia East","France
        Central","Canada Central","East US","UK South","West Europe","Central US","East
        US 2","North Europe","Southeast Asia"],"apiVersions":["2021-03-01-preview","2020-03-01-preview","2020-03-01"],"capabilities":"None"},{"resourceType":"organizations","locations":["West
        US 2","West Central US","Australia East","France Central","Canada Central","East
        US","UK South","West Europe","Central US","East US 2","North Europe","Southeast
        Asia","East US 2 EUAP","Central US EUAP"],"apiVersions":["2021-03-01-preview","2020-03-01-preview","2020-03-01"],"capabilities":"SupportsTags,
        SupportsLocation"},{"resourceType":"checkNameAvailability","locations":[],"apiVersions":["2021-03-01-preview","2020-03-01-preview","2020-03-01"],"capabilities":"None"},{"resourceType":"agreements","locations":[],"apiVersions":["2021-03-01-preview","2020-03-01-preview","2020-03-01"],"capabilities":"None"},{"resourceType":"validations","locations":[],"apiVersions":["2021-03-01-preview"],"capabilities":"None"}],"registrationState":"Unregistering","registrationPolicy":"RegistrationRequired"}'
    headers:
      cache-control:
      - no-cache
      content-length:
      - '1759'
      content-type:
      - application/json; charset=utf-8
      date:
      - Wed, 07 Jul 2021 09:29:13 GMT
      expires:
      - '-1'
      pragma:
      - no-cache
      strict-transport-security:
      - max-age=31536000; includeSubDomains
      vary:
      - Accept-Encoding
      x-content-type-options:
      - nosniff
    status:
      code: 200
      message: OK
version: 1
