interactions:
- request:
    body: null
    headers:
      Accept:
      - application/json
      Accept-Encoding:
      - gzip, deflate
      CommandName:
      - ts create
      Connection:
      - keep-alive
      ParameterSetName:
      - -g -n -v -l -f
      User-Agent:
      - AZURECLI/2.26.0 azsdk-python-azure-mgmt-resource/18.0.0 Python/3.8.3 (Windows-10-10.0.18362-SP0)
    method: GET
    uri: https://management.azure.com/subscriptions/00000000-0000-0000-0000-000000000000/resourceGroups/cli_test_template_specs_list000002/providers/Microsoft.Resources/templateSpecs/cli-test-list-template-spec000003/versions/1.0?api-version=2021-05-01
  response:
    body:
      string: '{"error":{"code":"ResourceNotFound","message":"The Resource ''Microsoft.Resources/templateSpecs/cli-test-list-template-spec000003/versions/1.0''
        under resource group ''cli_test_template_specs_list000002'' was not found.
        For more details please go to https://aka.ms/ARMResourceNotFoundFix"}}'
    headers:
      cache-control:
      - no-cache
      content-length:
      - '354'
      content-type:
      - application/json; charset=utf-8
      date:
      - Wed, 07 Jul 2021 08:33:35 GMT
      expires:
      - '-1'
      pragma:
      - no-cache
      strict-transport-security:
      - max-age=31536000; includeSubDomains
      x-content-type-options:
      - nosniff
      x-ms-failure-cause:
      - gateway
    status:
      code: 404
      message: Not Found
- request:
    body: null
    headers:
      Accept:
      - application/json
      Accept-Encoding:
      - gzip, deflate
      CommandName:
      - ts create
      Connection:
      - keep-alive
      ParameterSetName:
      - -g -n -v -l -f
      User-Agent:
      - AZURECLI/2.26.0 azsdk-python-azure-mgmt-resource/18.0.0 Python/3.8.3 (Windows-10-10.0.18362-SP0)
    method: GET
    uri: https://management.azure.com/subscriptions/00000000-0000-0000-0000-000000000000/resourceGroups/cli_test_template_specs_list000002/providers/Microsoft.Resources/templateSpecs/cli-test-list-template-spec000003?api-version=2021-05-01
  response:
    body:
      string: '{"error":{"code":"ResourceNotFound","message":"The Resource ''Microsoft.Resources/templateSpecs/cli-test-list-template-spec000003''
        under resource group ''cli_test_template_specs_list000002'' was not found.
        For more details please go to https://aka.ms/ARMResourceNotFoundFix"}}'
    headers:
      cache-control:
      - no-cache
      content-length:
      - '341'
      content-type:
      - application/json; charset=utf-8
      date:
      - Wed, 07 Jul 2021 08:33:36 GMT
      expires:
      - '-1'
      pragma:
      - no-cache
      strict-transport-security:
      - max-age=31536000; includeSubDomains
      x-content-type-options:
      - nosniff
      x-ms-failure-cause:
      - gateway
    status:
      code: 404
      message: Not Found
- request:
    body: '{"location": "westus", "tags": {}}'
    headers:
      Accept:
      - application/json
      Accept-Encoding:
      - gzip, deflate
      CommandName:
      - ts create
      Connection:
      - keep-alive
      Content-Length:
      - '34'
      Content-Type:
      - application/json
      ParameterSetName:
      - -g -n -v -l -f
      User-Agent:
      - AZURECLI/2.26.0 azsdk-python-azure-mgmt-resource/18.0.0 Python/3.8.3 (Windows-10-10.0.18362-SP0)
    method: PUT
    uri: https://management.azure.com/subscriptions/00000000-0000-0000-0000-000000000000/resourceGroups/cli_test_template_specs_list000002/providers/Microsoft.Resources/templateSpecs/cli-test-list-template-spec000003?api-version=2021-05-01
  response:
    body:
      string: "{\r\n  \"location\": \"westus\",\r\n  \"tags\": {},\r\n  \"systemData\":
        {\r\n    \"createdBy\": \"v-kaisun@microsoft.com\",\r\n    \"createdByType\":
        \"User\",\r\n    \"createdAt\": \"2021-07-07T08:33:40.2640711Z\",\r\n    \"lastModifiedBy\":
        \"v-kaisun@microsoft.com\",\r\n    \"lastModifiedByType\": \"User\",\r\n    \"lastModifiedAt\":
        \"2021-07-07T08:33:40.2640711Z\"\r\n  },\r\n  \"properties\": {},\r\n  \"id\":
        \"/subscriptions/00000000-0000-0000-0000-000000000000/resourceGroups/cli_test_template_specs_list000002/providers/Microsoft.Resources/templateSpecs/cli-test-list-template-spec000003\",\r\n
        \ \"type\": \"Microsoft.Resources/templateSpecs\",\r\n  \"name\": \"cli-test-list-template-spec000003\"\r\n}"
    headers:
      cache-control:
      - no-cache
      content-length:
      - '734'
      content-type:
      - application/json; charset=utf-8
      date:
      - Wed, 07 Jul 2021 08:33:41 GMT
      expires:
      - '-1'
      pragma:
      - no-cache
      server:
      - Microsoft-HTTPAPI/2.0
      strict-transport-security:
      - max-age=31536000; includeSubDomains
      x-content-type-options:
      - nosniff
      x-ms-ratelimit-remaining-subscription-writes:
      - '1195'
    status:
      code: 201
      message: Created
- request:
    body: '{"location": "westus", "tags": {}, "properties": {"linkedTemplates": [],
      "mainTemplate": {"$schema": "https://schema.management.azure.com/schemas/2015-01-01/deploymentTemplate.json#",
      "contentVersion": "1.0.0.0", "parameters": {"location": {"type": "string", "defaultValue":
      "[resourceGroup().location]", "metadata": {"description": "Location for the
      network security group."}}, "name": {"type": "string", "metadata": {"description":
      "Name of the network security group."}}}, "variables": {}, "resources": [{"type":
      "Microsoft.Network/networkSecurityGroups", "name": "[parameters(''name'')]",
      "apiVersion": "2015-06-15", "location": "[parameters(''location'')]", "properties":
      {"securityRules": []}, "dependsOn": []}], "outputs": {"NewNSG": {"type": "object",
      "value": "[reference(parameters(''name''))]"}}}}}'
    headers:
      Accept:
      - application/json
      Accept-Encoding:
      - gzip, deflate
      CommandName:
      - ts create
      Connection:
      - keep-alive
      Content-Length:
      - '803'
      Content-Type:
      - application/json
      ParameterSetName:
      - -g -n -v -l -f
      User-Agent:
      - AZURECLI/2.26.0 azsdk-python-azure-mgmt-resource/18.0.0 Python/3.8.3 (Windows-10-10.0.18362-SP0)
    method: PUT
    uri: https://management.azure.com/subscriptions/00000000-0000-0000-0000-000000000000/resourceGroups/cli_test_template_specs_list000002/providers/Microsoft.Resources/templateSpecs/cli-test-list-template-spec000003/versions/1.0?api-version=2021-05-01
  response:
    body:
      string: "{\r\n  \"location\": \"westus\",\r\n  \"tags\": {},\r\n  \"systemData\":
        {\r\n    \"createdBy\": \"v-kaisun@microsoft.com\",\r\n    \"createdByType\":
        \"User\",\r\n    \"createdAt\": \"2021-07-07T08:33:43.5340747Z\",\r\n    \"lastModifiedBy\":
        \"v-kaisun@microsoft.com\",\r\n    \"lastModifiedByType\": \"User\",\r\n    \"lastModifiedAt\":
        \"2021-07-07T08:33:43.5340747Z\"\r\n  },\r\n  \"properties\": {\r\n    \"mainTemplate\":
        {\r\n      \"$schema\": \"https://schema.management.azure.com/schemas/2015-01-01/deploymentTemplate.json#\",\r\n
        \     \"contentVersion\": \"1.0.0.0\",\r\n      \"parameters\": {\r\n        \"location\":
        {\r\n          \"type\": \"string\",\r\n          \"defaultValue\": \"[resourceGroup().location]\",\r\n
        \         \"metadata\": {\r\n            \"description\": \"Location for the
        network security group.\"\r\n          }\r\n        },\r\n        \"name\":
        {\r\n          \"type\": \"string\",\r\n          \"metadata\": {\r\n            \"description\":
        \"Name of the network security group.\"\r\n          }\r\n        }\r\n      },\r\n
        \     \"variables\": {},\r\n      \"resources\": [\r\n        {\r\n          \"type\":
        \"Microsoft.Network/networkSecurityGroups\",\r\n          \"name\": \"[parameters('name')]\",\r\n
        \         \"apiVersion\": \"2015-06-15\",\r\n          \"location\": \"[parameters('location')]\",\r\n
        \         \"properties\": {\r\n            \"securityRules\": []\r\n          },\r\n
        \         \"dependsOn\": []\r\n        }\r\n      ],\r\n      \"outputs\":
        {\r\n        \"NewNSG\": {\r\n          \"type\": \"object\",\r\n          \"value\":
        \"[reference(parameters('name'))]\"\r\n        }\r\n      }\r\n    }\r\n  },\r\n
        \ \"id\": \"/subscriptions/00000000-0000-0000-0000-000000000000/resourceGroups/cli_test_template_specs_list000002/providers/Microsoft.Resources/templateSpecs/cli-test-list-template-spec000003/versions/1.0\",\r\n
        \ \"type\": \"Microsoft.Resources/templateSpecs/versions\",\r\n  \"name\":
        \"1.0\"\r\n}"
    headers:
      cache-control:
      - no-cache
      content-length:
      - '1814'
      content-type:
      - application/json; charset=utf-8
      date:
      - Wed, 07 Jul 2021 08:33:44 GMT
      expires:
      - '-1'
      pragma:
      - no-cache
      server:
      - Microsoft-HTTPAPI/2.0
      strict-transport-security:
      - max-age=31536000; includeSubDomains
      x-content-type-options:
      - nosniff
      x-ms-ratelimit-remaining-subscription-writes:
      - '1194'
    status:
      code: 201
      message: Created
- request:
    body: null
    headers:
      Accept:
      - application/json
      Accept-Encoding:
      - gzip, deflate
      CommandName:
      - ts create
      Connection:
      - keep-alive
      ParameterSetName:
      - -g -n -v -l -f
      User-Agent:
      - AZURECLI/2.26.0 azsdk-python-azure-mgmt-resource/18.0.0 Python/3.8.3 (Windows-10-10.0.18362-SP0)
    method: GET
    uri: https://management.azure.com/subscriptions/00000000-0000-0000-0000-000000000000/resourceGroups/cli_test_template_specs_list000001/providers/Microsoft.Resources/templateSpecs/cli-test-list-template-spec000003/versions/2.0?api-version=2021-05-01
  response:
    body:
      string: '{"error":{"code":"ResourceNotFound","message":"The Resource ''Microsoft.Resources/templateSpecs/cli-test-list-template-spec000003/versions/2.0''
        under resource group ''cli_test_template_specs_list000001'' was not found.
        For more details please go to https://aka.ms/ARMResourceNotFoundFix"}}'
    headers:
      cache-control:
      - no-cache
      content-length:
      - '354'
      content-type:
      - application/json; charset=utf-8
      date:
      - Wed, 07 Jul 2021 08:33:44 GMT
      expires:
      - '-1'
      pragma:
      - no-cache
      strict-transport-security:
      - max-age=31536000; includeSubDomains
      x-content-type-options:
      - nosniff
      x-ms-failure-cause:
      - gateway
    status:
      code: 404
      message: Not Found
- request:
    body: null
    headers:
      Accept:
      - application/json
      Accept-Encoding:
      - gzip, deflate
      CommandName:
      - ts create
      Connection:
      - keep-alive
      ParameterSetName:
      - -g -n -v -l -f
      User-Agent:
      - AZURECLI/2.26.0 azsdk-python-azure-mgmt-resource/18.0.0 Python/3.8.3 (Windows-10-10.0.18362-SP0)
    method: GET
    uri: https://management.azure.com/subscriptions/00000000-0000-0000-0000-000000000000/resourceGroups/cli_test_template_specs_list000001/providers/Microsoft.Resources/templateSpecs/cli-test-list-template-spec000003?api-version=2021-05-01
  response:
    body:
      string: '{"error":{"code":"ResourceNotFound","message":"The Resource ''Microsoft.Resources/templateSpecs/cli-test-list-template-spec000003''
        under resource group ''cli_test_template_specs_list000001'' was not found.
        For more details please go to https://aka.ms/ARMResourceNotFoundFix"}}'
    headers:
      cache-control:
      - no-cache
      content-length:
      - '341'
      content-type:
      - application/json; charset=utf-8
      date:
      - Wed, 07 Jul 2021 08:33:44 GMT
      expires:
      - '-1'
      pragma:
      - no-cache
      strict-transport-security:
      - max-age=31536000; includeSubDomains
      x-content-type-options:
      - nosniff
      x-ms-failure-cause:
      - gateway
    status:
      code: 404
      message: Not Found
- request:
    body: '{"location": "westus", "tags": {}}'
    headers:
      Accept:
      - application/json
      Accept-Encoding:
      - gzip, deflate
      CommandName:
      - ts create
      Connection:
      - keep-alive
      Content-Length:
      - '34'
      Content-Type:
      - application/json
      ParameterSetName:
      - -g -n -v -l -f
      User-Agent:
      - AZURECLI/2.26.0 azsdk-python-azure-mgmt-resource/18.0.0 Python/3.8.3 (Windows-10-10.0.18362-SP0)
    method: PUT
    uri: https://management.azure.com/subscriptions/00000000-0000-0000-0000-000000000000/resourceGroups/cli_test_template_specs_list000001/providers/Microsoft.Resources/templateSpecs/cli-test-list-template-spec000003?api-version=2021-05-01
  response:
    body:
      string: "{\r\n  \"location\": \"westus\",\r\n  \"tags\": {},\r\n  \"systemData\":
        {\r\n    \"createdBy\": \"v-kaisun@microsoft.com\",\r\n    \"createdByType\":
        \"User\",\r\n    \"createdAt\": \"2021-07-07T08:33:49.5961905Z\",\r\n    \"lastModifiedBy\":
        \"v-kaisun@microsoft.com\",\r\n    \"lastModifiedByType\": \"User\",\r\n    \"lastModifiedAt\":
        \"2021-07-07T08:33:49.5961905Z\"\r\n  },\r\n  \"properties\": {},\r\n  \"id\":
        \"/subscriptions/00000000-0000-0000-0000-000000000000/resourceGroups/cli_test_template_specs_list000001/providers/Microsoft.Resources/templateSpecs/cli-test-list-template-spec000003\",\r\n
        \ \"type\": \"Microsoft.Resources/templateSpecs\",\r\n  \"name\": \"cli-test-list-template-spec000003\"\r\n}"
    headers:
      cache-control:
      - no-cache
      content-length:
      - '734'
      content-type:
      - application/json; charset=utf-8
      date:
      - Wed, 07 Jul 2021 08:33:51 GMT
      expires:
      - '-1'
      pragma:
      - no-cache
      server:
      - Microsoft-HTTPAPI/2.0
      strict-transport-security:
      - max-age=31536000; includeSubDomains
      x-content-type-options:
      - nosniff
      x-ms-ratelimit-remaining-subscription-writes:
      - '1197'
    status:
      code: 201
      message: Created
- request:
    body: '{"location": "westus", "tags": {}, "properties": {"linkedTemplates": [],
      "mainTemplate": {"$schema": "https://schema.management.azure.com/schemas/2015-01-01/deploymentTemplate.json#",
      "contentVersion": "1.0.0.0", "parameters": {"location": {"type": "string", "defaultValue":
      "[resourceGroup().location]", "metadata": {"description": "Location for the
      network security group."}}, "name": {"type": "string", "metadata": {"description":
      "Name of the network security group."}}}, "variables": {}, "resources": [{"type":
      "Microsoft.Network/networkSecurityGroups", "name": "[parameters(''name'')]",
      "apiVersion": "2015-06-15", "location": "[parameters(''location'')]", "properties":
      {"securityRules": []}, "dependsOn": []}], "outputs": {"NewNSG": {"type": "object",
      "value": "[reference(parameters(''name''))]"}}}}}'
    headers:
      Accept:
      - application/json
      Accept-Encoding:
      - gzip, deflate
      CommandName:
      - ts create
      Connection:
      - keep-alive
      Content-Length:
      - '803'
      Content-Type:
      - application/json
      ParameterSetName:
      - -g -n -v -l -f
      User-Agent:
      - AZURECLI/2.26.0 azsdk-python-azure-mgmt-resource/18.0.0 Python/3.8.3 (Windows-10-10.0.18362-SP0)
    method: PUT
    uri: https://management.azure.com/subscriptions/00000000-0000-0000-0000-000000000000/resourceGroups/cli_test_template_specs_list000001/providers/Microsoft.Resources/templateSpecs/cli-test-list-template-spec000003/versions/2.0?api-version=2021-05-01
  response:
    body:
      string: "{\r\n  \"location\": \"westus\",\r\n  \"tags\": {},\r\n  \"systemData\":
        {\r\n    \"createdBy\": \"v-kaisun@microsoft.com\",\r\n    \"createdByType\":
        \"User\",\r\n    \"createdAt\": \"2021-07-07T08:33:53.8862243Z\",\r\n    \"lastModifiedBy\":
        \"v-kaisun@microsoft.com\",\r\n    \"lastModifiedByType\": \"User\",\r\n    \"lastModifiedAt\":
        \"2021-07-07T08:33:53.8862243Z\"\r\n  },\r\n  \"properties\": {\r\n    \"mainTemplate\":
        {\r\n      \"$schema\": \"https://schema.management.azure.com/schemas/2015-01-01/deploymentTemplate.json#\",\r\n
        \     \"contentVersion\": \"1.0.0.0\",\r\n      \"parameters\": {\r\n        \"location\":
        {\r\n          \"type\": \"string\",\r\n          \"defaultValue\": \"[resourceGroup().location]\",\r\n
        \         \"metadata\": {\r\n            \"description\": \"Location for the
        network security group.\"\r\n          }\r\n        },\r\n        \"name\":
        {\r\n          \"type\": \"string\",\r\n          \"metadata\": {\r\n            \"description\":
        \"Name of the network security group.\"\r\n          }\r\n        }\r\n      },\r\n
        \     \"variables\": {},\r\n      \"resources\": [\r\n        {\r\n          \"type\":
        \"Microsoft.Network/networkSecurityGroups\",\r\n          \"name\": \"[parameters('name')]\",\r\n
        \         \"apiVersion\": \"2015-06-15\",\r\n          \"location\": \"[parameters('location')]\",\r\n
        \         \"properties\": {\r\n            \"securityRules\": []\r\n          },\r\n
        \         \"dependsOn\": []\r\n        }\r\n      ],\r\n      \"outputs\":
        {\r\n        \"NewNSG\": {\r\n          \"type\": \"object\",\r\n          \"value\":
        \"[reference(parameters('name'))]\"\r\n        }\r\n      }\r\n    }\r\n  },\r\n
        \ \"id\": \"/subscriptions/00000000-0000-0000-0000-000000000000/resourceGroups/cli_test_template_specs_list000001/providers/Microsoft.Resources/templateSpecs/cli-test-list-template-spec000003/versions/2.0\",\r\n
        \ \"type\": \"Microsoft.Resources/templateSpecs/versions\",\r\n  \"name\":
        \"2.0\"\r\n}"
    headers:
      cache-control:
      - no-cache
      content-length:
      - '1814'
      content-type:
      - application/json; charset=utf-8
      date:
      - Wed, 07 Jul 2021 08:33:54 GMT
      expires:
      - '-1'
      pragma:
      - no-cache
      server:
      - Microsoft-HTTPAPI/2.0
      strict-transport-security:
      - max-age=31536000; includeSubDomains
      x-content-type-options:
      - nosniff
      x-ms-ratelimit-remaining-subscription-writes:
      - '1196'
    status:
      code: 201
      message: Created
- request:
    body: null
    headers:
      Accept:
      - application/json
      Accept-Encoding:
      - gzip, deflate
      CommandName:
      - ts create
      Connection:
      - keep-alive
      ParameterSetName:
      - -g -n -v -l -f
      User-Agent:
      - AZURECLI/2.26.0 azsdk-python-azure-mgmt-resource/18.0.0 Python/3.8.3 (Windows-10-10.0.18362-SP0)
    method: GET
    uri: https://management.azure.com/subscriptions/00000000-0000-0000-0000-000000000000/resourceGroups/cli_test_template_specs_list000001/providers/Microsoft.Resources/templateSpecs/cli-test-list-template-spec000003/versions/3.0?api-version=2021-05-01
  response:
    body:
      string: '{"error":{"code":"ResourceNotFound","message":"The Resource ''Microsoft.Resources/templateSpecs/cli-test-list-template-spec000003/versions/3.0''
        under resource group ''cli_test_template_specs_list000001'' was not found.
        For more details please go to https://aka.ms/ARMResourceNotFoundFix"}}'
    headers:
      cache-control:
      - no-cache
      content-length:
      - '354'
      content-type:
      - application/json; charset=utf-8
      date:
      - Wed, 07 Jul 2021 08:33:55 GMT
      expires:
      - '-1'
      pragma:
      - no-cache
      strict-transport-security:
      - max-age=31536000; includeSubDomains
      x-content-type-options:
      - nosniff
      x-ms-failure-cause:
      - gateway
    status:
      code: 404
      message: Not Found
- request:
    body: null
    headers:
      Accept:
      - application/json
      Accept-Encoding:
      - gzip, deflate
      CommandName:
      - ts create
      Connection:
      - keep-alive
      ParameterSetName:
      - -g -n -v -l -f
      User-Agent:
      - AZURECLI/2.26.0 azsdk-python-azure-mgmt-resource/18.0.0 Python/3.8.3 (Windows-10-10.0.18362-SP0)
    method: GET
    uri: https://management.azure.com/subscriptions/00000000-0000-0000-0000-000000000000/resourceGroups/cli_test_template_specs_list000001/providers/Microsoft.Resources/templateSpecs/cli-test-list-template-spec000003?api-version=2021-05-01
  response:
    body:
      string: "{\r\n  \"location\": \"westus\",\r\n  \"tags\": {},\r\n  \"systemData\":
        {\r\n    \"createdBy\": \"v-kaisun@microsoft.com\",\r\n    \"createdByType\":
        \"User\",\r\n    \"createdAt\": \"2021-07-07T08:33:49.5961905Z\",\r\n    \"lastModifiedBy\":
        \"v-kaisun@microsoft.com\",\r\n    \"lastModifiedByType\": \"User\",\r\n    \"lastModifiedAt\":
        \"2021-07-07T08:33:53.8862243Z\"\r\n  },\r\n  \"properties\": {},\r\n  \"id\":
        \"/subscriptions/00000000-0000-0000-0000-000000000000/resourceGroups/cli_test_template_specs_list000001/providers/Microsoft.Resources/templateSpecs/cli-test-list-template-spec000003\",\r\n
        \ \"type\": \"Microsoft.Resources/templateSpecs\",\r\n  \"name\": \"cli-test-list-template-spec000003\"\r\n}"
    headers:
      cache-control:
      - no-cache
      content-length:
      - '734'
      content-type:
      - application/json; charset=utf-8
      date:
      - Wed, 07 Jul 2021 08:33:55 GMT
      expires:
      - '-1'
      pragma:
      - no-cache
      server:
      - Microsoft-HTTPAPI/2.0
      strict-transport-security:
      - max-age=31536000; includeSubDomains
      transfer-encoding:
      - chunked
      vary:
      - Accept-Encoding
      x-content-type-options:
      - nosniff
    status:
      code: 200
      message: OK
- request:
    body: '{"location": "westus", "tags": {}, "properties": {"linkedTemplates": [],
      "mainTemplate": {"$schema": "https://schema.management.azure.com/schemas/2015-01-01/deploymentTemplate.json#",
      "contentVersion": "1.0.0.0", "parameters": {"location": {"type": "string", "defaultValue":
      "[resourceGroup().location]", "metadata": {"description": "Location for the
      network security group."}}, "name": {"type": "string", "metadata": {"description":
      "Name of the network security group."}}}, "variables": {}, "resources": [{"type":
      "Microsoft.Network/networkSecurityGroups", "name": "[parameters(''name'')]",
      "apiVersion": "2015-06-15", "location": "[parameters(''location'')]", "properties":
      {"securityRules": []}, "dependsOn": []}], "outputs": {"NewNSG": {"type": "object",
      "value": "[reference(parameters(''name''))]"}}}}}'
    headers:
      Accept:
      - application/json
      Accept-Encoding:
      - gzip, deflate
      CommandName:
      - ts create
      Connection:
      - keep-alive
      Content-Length:
      - '803'
      Content-Type:
      - application/json
      ParameterSetName:
      - -g -n -v -l -f
      User-Agent:
      - AZURECLI/2.26.0 azsdk-python-azure-mgmt-resource/18.0.0 Python/3.8.3 (Windows-10-10.0.18362-SP0)
    method: PUT
    uri: https://management.azure.com/subscriptions/00000000-0000-0000-0000-000000000000/resourceGroups/cli_test_template_specs_list000001/providers/Microsoft.Resources/templateSpecs/cli-test-list-template-spec000003/versions/3.0?api-version=2021-05-01
  response:
    body:
      string: "{\r\n  \"location\": \"westus\",\r\n  \"tags\": {},\r\n  \"systemData\":
        {\r\n    \"createdBy\": \"v-kaisun@microsoft.com\",\r\n    \"createdByType\":
        \"User\",\r\n    \"createdAt\": \"2021-07-07T08:33:59.947548Z\",\r\n    \"lastModifiedBy\":
        \"v-kaisun@microsoft.com\",\r\n    \"lastModifiedByType\": \"User\",\r\n    \"lastModifiedAt\":
        \"2021-07-07T08:33:59.947548Z\"\r\n  },\r\n  \"properties\": {\r\n    \"mainTemplate\":
        {\r\n      \"$schema\": \"https://schema.management.azure.com/schemas/2015-01-01/deploymentTemplate.json#\",\r\n
        \     \"contentVersion\": \"1.0.0.0\",\r\n      \"parameters\": {\r\n        \"location\":
        {\r\n          \"type\": \"string\",\r\n          \"defaultValue\": \"[resourceGroup().location]\",\r\n
        \         \"metadata\": {\r\n            \"description\": \"Location for the
        network security group.\"\r\n          }\r\n        },\r\n        \"name\":
        {\r\n          \"type\": \"string\",\r\n          \"metadata\": {\r\n            \"description\":
        \"Name of the network security group.\"\r\n          }\r\n        }\r\n      },\r\n
        \     \"variables\": {},\r\n      \"resources\": [\r\n        {\r\n          \"type\":
        \"Microsoft.Network/networkSecurityGroups\",\r\n          \"name\": \"[parameters('name')]\",\r\n
        \         \"apiVersion\": \"2015-06-15\",\r\n          \"location\": \"[parameters('location')]\",\r\n
        \         \"properties\": {\r\n            \"securityRules\": []\r\n          },\r\n
        \         \"dependsOn\": []\r\n        }\r\n      ],\r\n      \"outputs\":
        {\r\n        \"NewNSG\": {\r\n          \"type\": \"object\",\r\n          \"value\":
        \"[reference(parameters('name'))]\"\r\n        }\r\n      }\r\n    }\r\n  },\r\n
        \ \"id\": \"/subscriptions/00000000-0000-0000-0000-000000000000/resourceGroups/cli_test_template_specs_list000001/providers/Microsoft.Resources/templateSpecs/cli-test-list-template-spec000003/versions/3.0\",\r\n
        \ \"type\": \"Microsoft.Resources/templateSpecs/versions\",\r\n  \"name\":
        \"3.0\"\r\n}"
    headers:
      cache-control:
      - no-cache
      content-length:
      - '1812'
      content-type:
      - application/json; charset=utf-8
      date:
      - Wed, 07 Jul 2021 08:34:01 GMT
      expires:
      - '-1'
      pragma:
      - no-cache
      server:
      - Microsoft-HTTPAPI/2.0
      strict-transport-security:
      - max-age=31536000; includeSubDomains
      x-content-type-options:
      - nosniff
      x-ms-ratelimit-remaining-subscription-writes:
      - '1198'
    status:
      code: 201
      message: Created
- request:
    body: null
    headers:
      Accept:
      - application/json
      Accept-Encoding:
      - gzip, deflate
      CommandName:
      - ts list
      Connection:
      - keep-alive
      ParameterSetName:
      - -g
      User-Agent:
      - AZURECLI/2.26.0 azsdk-python-azure-mgmt-resource/18.0.0 Python/3.8.3 (Windows-10-10.0.18362-SP0)
    method: GET
    uri: https://management.azure.com/subscriptions/00000000-0000-0000-0000-000000000000/resourceGroups/cli_test_template_specs_list000001/providers/Microsoft.Resources/templateSpecs/?api-version=2021-05-01
  response:
    body:
      string: "{\r\n  \"value\": [\r\n    {\r\n      \"location\": \"westus\",\r\n
        \     \"tags\": {},\r\n      \"systemData\": {\r\n        \"createdBy\": \"v-kaisun@microsoft.com\",\r\n
        \       \"createdByType\": \"User\",\r\n        \"createdAt\": \"2021-07-07T08:33:49.5961905Z\",\r\n
        \       \"lastModifiedBy\": \"v-kaisun@microsoft.com\",\r\n        \"lastModifiedByType\":
        \"User\",\r\n        \"lastModifiedAt\": \"2021-07-07T08:33:59.947548Z\"\r\n
        \     },\r\n      \"properties\": {},\r\n      \"id\": \"/subscriptions/00000000-0000-0000-0000-000000000000/resourceGroups/cli_test_template_specs_list000001/providers/Microsoft.Resources/templateSpecs/cli-test-list-template-spec000003\",\r\n
        \     \"type\": \"Microsoft.Resources/templateSpecs\",\r\n      \"name\":
        \"cli-test-list-template-spec000003\"\r\n    }\r\n  ]\r\n}"
    headers:
      cache-control:
      - no-cache
      content-length:
      - '822'
      content-type:
      - application/json; charset=utf-8
      date:
      - Wed, 07 Jul 2021 08:34:02 GMT
      expires:
      - '-1'
      pragma:
      - no-cache
      server:
      - Microsoft-HTTPAPI/2.0
      strict-transport-security:
      - max-age=31536000; includeSubDomains
      transfer-encoding:
      - chunked
      vary:
      - Accept-Encoding
      x-content-type-options:
      - nosniff
    status:
      code: 200
      message: OK
- request:
    body: null
    headers:
      Accept:
      - application/json
      Accept-Encoding:
      - gzip, deflate
      CommandName:
      - ts list
      Connection:
      - keep-alive
      ParameterSetName:
      - -g
      User-Agent:
      - AZURECLI/2.26.0 azsdk-python-azure-mgmt-resource/18.0.0 Python/3.8.3 (Windows-10-10.0.18362-SP0)
    method: GET
    uri: https://management.azure.com/subscriptions/00000000-0000-0000-0000-000000000000/resourceGroups/cli_test_template_specs_list000002/providers/Microsoft.Resources/templateSpecs/?api-version=2021-05-01
  response:
    body:
      string: "{\r\n  \"value\": [\r\n    {\r\n      \"location\": \"westus\",\r\n
        \     \"tags\": {},\r\n      \"systemData\": {\r\n        \"createdBy\": \"v-kaisun@microsoft.com\",\r\n
        \       \"createdByType\": \"User\",\r\n        \"createdAt\": \"2021-07-07T08:33:40.2640711Z\",\r\n
        \       \"lastModifiedBy\": \"v-kaisun@microsoft.com\",\r\n        \"lastModifiedByType\":
        \"User\",\r\n        \"lastModifiedAt\": \"2021-07-07T08:33:43.5340747Z\"\r\n
        \     },\r\n      \"properties\": {},\r\n      \"id\": \"/subscriptions/00000000-0000-0000-0000-000000000000/resourceGroups/cli_test_template_specs_list000002/providers/Microsoft.Resources/templateSpecs/cli-test-list-template-spec000003\",\r\n
        \     \"type\": \"Microsoft.Resources/templateSpecs\",\r\n      \"name\":
        \"cli-test-list-template-spec000003\"\r\n    }\r\n  ]\r\n}"
    headers:
      cache-control:
      - no-cache
      content-length:
      - '823'
      content-type:
      - application/json; charset=utf-8
      date:
      - Wed, 07 Jul 2021 08:34:03 GMT
      expires:
      - '-1'
      pragma:
      - no-cache
      server:
      - Microsoft-HTTPAPI/2.0
      strict-transport-security:
      - max-age=31536000; includeSubDomains
      transfer-encoding:
      - chunked
      vary:
      - Accept-Encoding
      x-content-type-options:
      - nosniff
    status:
      code: 200
      message: OK
- request:
    body: null
    headers:
      Accept:
      - application/json
      Accept-Encoding:
      - gzip, deflate
      CommandName:
      - ts list
      Connection:
      - keep-alive
      ParameterSetName:
      - -g -n
      User-Agent:
      - AZURECLI/2.26.0 azsdk-python-azure-mgmt-resource/18.0.0 Python/3.8.3 (Windows-10-10.0.18362-SP0)
    method: GET
    uri: https://management.azure.com/subscriptions/00000000-0000-0000-0000-000000000000/resourceGroups/cli_test_template_specs_list000001/providers/Microsoft.Resources/templateSpecs/cli-test-list-template-spec000003/versions?api-version=2021-05-01
  response:
    body:
      string: "{\r\n  \"value\": [\r\n    {\r\n      \"location\": \"westus\",\r\n
        \     \"tags\": {},\r\n      \"systemData\": {\r\n        \"createdBy\": \"v-kaisun@microsoft.com\",\r\n
        \       \"createdByType\": \"User\",\r\n        \"createdAt\": \"2021-07-07T08:33:53.8862243Z\",\r\n
        \       \"lastModifiedBy\": \"v-kaisun@microsoft.com\",\r\n        \"lastModifiedByType\":
        \"User\",\r\n        \"lastModifiedAt\": \"2021-07-07T08:33:53.8862243Z\"\r\n
        \     },\r\n      \"properties\": {\r\n        \"mainTemplate\": {\r\n          \"$schema\":
        \"https://schema.management.azure.com/schemas/2015-01-01/deploymentTemplate.json#\",\r\n
        \         \"contentVersion\": \"1.0.0.0\",\r\n          \"parameters\": {\r\n
        \           \"location\": {\r\n              \"type\": \"string\",\r\n              \"defaultValue\":
        \"[resourceGroup().location]\",\r\n              \"metadata\": {\r\n                \"description\":
        \"Location for the network security group.\"\r\n              }\r\n            },\r\n
        \           \"name\": {\r\n              \"type\": \"string\",\r\n              \"metadata\":
        {\r\n                \"description\": \"Name of the network security group.\"\r\n
        \             }\r\n            }\r\n          },\r\n          \"variables\":
        {},\r\n          \"resources\": [\r\n            {\r\n              \"type\":
        \"Microsoft.Network/networkSecurityGroups\",\r\n              \"name\": \"[parameters('name')]\",\r\n
        \             \"apiVersion\": \"2015-06-15\",\r\n              \"location\":
        \"[parameters('location')]\",\r\n              \"properties\": {\r\n                \"securityRules\":
        []\r\n              },\r\n              \"dependsOn\": []\r\n            }\r\n
        \         ],\r\n          \"outputs\": {\r\n            \"NewNSG\": {\r\n
        \             \"type\": \"object\",\r\n              \"value\": \"[reference(parameters('name'))]\"\r\n
        \           }\r\n          }\r\n        }\r\n      },\r\n      \"id\": \"/subscriptions/00000000-0000-0000-0000-000000000000/resourceGroups/cli_test_template_specs_list000001/providers/Microsoft.Resources/templateSpecs/cli-test-list-template-spec000003/versions/2.0\",\r\n
        \     \"type\": \"Microsoft.Resources/templateSpecs/versions\",\r\n      \"name\":
        \"2.0\"\r\n    },\r\n    {\r\n      \"location\": \"westus\",\r\n      \"tags\":
        {},\r\n      \"systemData\": {\r\n        \"createdBy\": \"v-kaisun@microsoft.com\",\r\n
        \       \"createdByType\": \"User\",\r\n        \"createdAt\": \"2021-07-07T08:33:59.947548Z\",\r\n
        \       \"lastModifiedBy\": \"v-kaisun@microsoft.com\",\r\n        \"lastModifiedByType\":
        \"User\",\r\n        \"lastModifiedAt\": \"2021-07-07T08:33:59.947548Z\"\r\n
        \     },\r\n      \"properties\": {\r\n        \"mainTemplate\": {\r\n          \"$schema\":
        \"https://schema.management.azure.com/schemas/2015-01-01/deploymentTemplate.json#\",\r\n
        \         \"contentVersion\": \"1.0.0.0\",\r\n          \"parameters\": {\r\n
        \           \"location\": {\r\n              \"type\": \"string\",\r\n              \"defaultValue\":
        \"[resourceGroup().location]\",\r\n              \"metadata\": {\r\n                \"description\":
        \"Location for the network security group.\"\r\n              }\r\n            },\r\n
        \           \"name\": {\r\n              \"type\": \"string\",\r\n              \"metadata\":
        {\r\n                \"description\": \"Name of the network security group.\"\r\n
        \             }\r\n            }\r\n          },\r\n          \"variables\":
        {},\r\n          \"resources\": [\r\n            {\r\n              \"type\":
        \"Microsoft.Network/networkSecurityGroups\",\r\n              \"name\": \"[parameters('name')]\",\r\n
        \             \"apiVersion\": \"2015-06-15\",\r\n              \"location\":
        \"[parameters('location')]\",\r\n              \"properties\": {\r\n                \"securityRules\":
        []\r\n              },\r\n              \"dependsOn\": []\r\n            }\r\n
        \         ],\r\n          \"outputs\": {\r\n            \"NewNSG\": {\r\n
        \             \"type\": \"object\",\r\n              \"value\": \"[reference(parameters('name'))]\"\r\n
        \           }\r\n          }\r\n        }\r\n      },\r\n      \"id\": \"/subscriptions/00000000-0000-0000-0000-000000000000/resourceGroups/cli_test_template_specs_list000001/providers/Microsoft.Resources/templateSpecs/cli-test-list-template-spec000003/versions/3.0\",\r\n
        \     \"type\": \"Microsoft.Resources/templateSpecs/versions\",\r\n      \"name\":
        \"3.0\"\r\n    }\r\n  ]\r\n}"
    headers:
      cache-control:
      - no-cache
      content-length:
      - '4094'
      content-type:
      - application/json; charset=utf-8
      date:
      - Wed, 07 Jul 2021 08:34:03 GMT
      expires:
      - '-1'
      pragma:
      - no-cache
      server:
      - Microsoft-HTTPAPI/2.0
      strict-transport-security:
      - max-age=31536000; includeSubDomains
      transfer-encoding:
      - chunked
      vary:
      - Accept-Encoding
      x-content-type-options:
      - nosniff
    status:
      code: 200
      message: OK
- request:
    body: null
    headers:
      Accept:
      - application/json
      Accept-Encoding:
      - gzip, deflate
      CommandName:
      - ts list
      Connection:
      - keep-alive
      User-Agent:
      - AZURECLI/2.26.0 azsdk-python-azure-mgmt-resource/18.0.0 Python/3.8.3 (Windows-10-10.0.18362-SP0)
    method: GET
    uri: https://management.azure.com/subscriptions/00000000-0000-0000-0000-000000000000/providers/Microsoft.Resources/templateSpecs/?api-version=2021-05-01
  response:
    body:
      string: "{\r\n  \"value\": [\r\n    {\r\n      \"location\": \"westus\",\r\n
        \     \"tags\": {},\r\n      \"systemData\": {\r\n        \"createdBy\": \"v-kaisun@microsoft.com\",\r\n
        \       \"createdByType\": \"User\",\r\n        \"createdAt\": \"2021-07-07T08:33:40.2640711Z\",\r\n
        \       \"lastModifiedBy\": \"v-kaisun@microsoft.com\",\r\n        \"lastModifiedByType\":
        \"User\",\r\n        \"lastModifiedAt\": \"2021-07-07T08:33:43.5340747Z\"\r\n
        \     },\r\n      \"properties\": {},\r\n      \"id\": \"/subscriptions/00000000-0000-0000-0000-000000000000/resourceGroups/cli_test_template_specs_list000002/providers/Microsoft.Resources/templateSpecs/cli-test-list-template-spec000003\",\r\n
        \     \"type\": \"Microsoft.Resources/templateSpecs\",\r\n      \"name\":
        \"cli-test-list-template-spec000003\"\r\n    },\r\n    {\r\n      \"location\":
        \"westus\",\r\n      \"tags\": {},\r\n      \"systemData\": {\r\n        \"createdBy\":
        \"v-kaisun@microsoft.com\",\r\n        \"createdByType\": \"User\",\r\n        \"createdAt\":
        \"2021-07-07T08:33:49.5961905Z\",\r\n        \"lastModifiedBy\": \"v-kaisun@microsoft.com\",\r\n
        \       \"lastModifiedByType\": \"User\",\r\n        \"lastModifiedAt\": \"2021-07-07T08:33:59.947548Z\"\r\n
        \     },\r\n      \"properties\": {},\r\n      \"id\": \"/subscriptions/00000000-0000-0000-0000-000000000000/resourceGroups/cli_test_template_specs_list000001/providers/Microsoft.Resources/templateSpecs/cli-test-list-template-spec000003\",\r\n
        \     \"type\": \"Microsoft.Resources/templateSpecs\",\r\n      \"name\":
        \"cli-test-list-template-spec000003\"\r\n    }\r\n  ]\r\n}"
    headers:
      cache-control:
      - no-cache
      content-length:
      - '1623'
      content-type:
      - application/json; charset=utf-8
      date:
      - Wed, 07 Jul 2021 08:34:04 GMT
      expires:
      - '-1'
      pragma:
      - no-cache
      server:
      - Microsoft-HTTPAPI/2.0
      strict-transport-security:
      - max-age=31536000; includeSubDomains
      transfer-encoding:
      - chunked
      vary:
      - Accept-Encoding
      x-content-type-options:
      - nosniff
    status:
      code: 200
      message: OK
- request:
    body: null
    headers:
      Accept:
      - application/json
      Accept-Encoding:
      - gzip, deflate
      CommandName:
      - ts delete
      Connection:
      - keep-alive
      Content-Length:
      - '0'
      ParameterSetName:
      - --template-spec --yes
      User-Agent:
      - AZURECLI/2.26.0 azsdk-python-azure-mgmt-resource/18.0.0 Python/3.8.3 (Windows-10-10.0.18362-SP0)
    method: DELETE
    uri: https://management.azure.com/subscriptions/00000000-0000-0000-0000-000000000000/resourceGroups/cli_test_template_specs_list000002/providers/Microsoft.Resources/templateSpecs/cli-test-list-template-spec000003?api-version=2021-05-01
  response:
    body:
      string: ''
    headers:
      cache-control:
      - no-cache
      content-length:
      - '0'
      date:
      - Wed, 07 Jul 2021 08:34:07 GMT
      expires:
      - '-1'
      pragma:
      - no-cache
      server:
      - Microsoft-HTTPAPI/2.0
      strict-transport-security:
      - max-age=31536000; includeSubDomains
      x-content-type-options:
      - nosniff
      x-ms-ratelimit-remaining-subscription-deletes:
      - '14998'
    status:
      code: 200
      message: OK
- request:
    body: null
    headers:
      Accept:
      - application/json
      Accept-Encoding:
      - gzip, deflate
      CommandName:
      - ts delete
      Connection:
      - keep-alive
      Content-Length:
      - '0'
      ParameterSetName:
      - --template-spec --yes
      User-Agent:
      - AZURECLI/2.26.0 azsdk-python-azure-mgmt-resource/18.0.0 Python/3.8.3 (Windows-10-10.0.18362-SP0)
    method: DELETE
    uri: https://management.azure.com/subscriptions/00000000-0000-0000-0000-000000000000/resourceGroups/cli_test_template_specs_list000001/providers/Microsoft.Resources/templateSpecs/cli-test-list-template-spec000003?api-version=2021-05-01
  response:
    body:
      string: ''
    headers:
      cache-control:
      - no-cache
      content-length:
      - '0'
      date:
      - Wed, 07 Jul 2021 08:34:12 GMT
      expires:
      - '-1'
      pragma:
      - no-cache
      server:
      - Microsoft-HTTPAPI/2.0
      strict-transport-security:
      - max-age=31536000; includeSubDomains
      x-content-type-options:
      - nosniff
      x-ms-ratelimit-remaining-subscription-deletes:
      - '14999'
    status:
      code: 200
      message: OK
version: 1
