interactions:
- request:
    body: null
    headers:
      Accept:
      - application/json
      Accept-Encoding:
      - gzip, deflate
      CommandName:
      - ts create
      Connection:
      - keep-alive
      ParameterSetName:
      - -g -n -v -l -f
      User-Agent:
      - AZURECLI/2.23.0 azsdk-python-azure-mgmt-resource/16.1.0 Python/3.8.1 (Windows-10-10.0.19041-SP0)
    method: GET
    uri: https://management.azure.com/subscriptions/00000000-0000-0000-0000-000000000000/resourceGroups/cli_test_deployment_what_if_template_specs000001/providers/Microsoft.Resources/templateSpecs/cli-test-deploy-what-if-sub-deploy000002/versions/1.0?api-version=2019-06-01-preview
  response:
    body:
      string: '{"error":{"code":"ResourceNotFound","message":"The Resource ''Microsoft.Resources/templateSpecs/cli-test-deploy-what-if-sub-deploy000002/versions/1.0''
        under resource group ''cli_test_deployment_what_if_template_specs000001''
        was not found. For more details please go to https://aka.ms/ARMResourceNotFoundFix"}}'
    headers:
      cache-control:
      - no-cache
      content-length:
      - '354'
      content-type:
      - application/json; charset=utf-8
      date:
      - Thu, 29 Apr 2021 08:58:58 GMT
      expires:
      - '-1'
      pragma:
      - no-cache
      strict-transport-security:
      - max-age=31536000; includeSubDomains
      x-content-type-options:
      - nosniff
      x-ms-failure-cause:
      - gateway
    status:
      code: 404
      message: Not Found
- request:
    body: null
    headers:
      Accept:
      - application/json
      Accept-Encoding:
      - gzip, deflate
      CommandName:
      - ts create
      Connection:
      - keep-alive
      ParameterSetName:
      - -g -n -v -l -f
      User-Agent:
      - AZURECLI/2.23.0 azsdk-python-azure-mgmt-resource/16.1.0 Python/3.8.1 (Windows-10-10.0.19041-SP0)
    method: GET
    uri: https://management.azure.com/subscriptions/00000000-0000-0000-0000-000000000000/resourceGroups/cli_test_deployment_what_if_template_specs000001/providers/Microsoft.Resources/templateSpecs/cli-test-deploy-what-if-sub-deploy000002?api-version=2019-06-01-preview
  response:
    body:
      string: '{"error":{"code":"ResourceNotFound","message":"The Resource ''Microsoft.Resources/templateSpecs/cli-test-deploy-what-if-sub-deploy000002''
        under resource group ''cli_test_deployment_what_if_template_specs000001''
        was not found. For more details please go to https://aka.ms/ARMResourceNotFoundFix"}}'
    headers:
      cache-control:
      - no-cache
      content-length:
      - '341'
      content-type:
      - application/json; charset=utf-8
      date:
      - Thu, 29 Apr 2021 08:58:59 GMT
      expires:
      - '-1'
      pragma:
      - no-cache
      strict-transport-security:
      - max-age=31536000; includeSubDomains
      x-content-type-options:
      - nosniff
      x-ms-failure-cause:
      - gateway
    status:
      code: 404
      message: Not Found
- request:
    body: '{"location": "westus", "tags": {}}'
    headers:
      Accept:
      - application/json
      Accept-Encoding:
      - gzip, deflate
      CommandName:
      - ts create
      Connection:
      - keep-alive
      Content-Length:
      - '34'
      Content-Type:
      - application/json
      ParameterSetName:
      - -g -n -v -l -f
      User-Agent:
      - AZURECLI/2.23.0 azsdk-python-azure-mgmt-resource/16.1.0 Python/3.8.1 (Windows-10-10.0.19041-SP0)
    method: PUT
    uri: https://management.azure.com/subscriptions/00000000-0000-0000-0000-000000000000/resourceGroups/cli_test_deployment_what_if_template_specs000001/providers/Microsoft.Resources/templateSpecs/cli-test-deploy-what-if-sub-deploy000002?api-version=2019-06-01-preview
  response:
    body:
      string: "{\r\n  \"location\": \"westus\",\r\n  \"tags\": {},\r\n  \"systemData\":
        {\r\n    \"createdBy\": \"zhoxing@microsoft.com\",\r\n    \"createdByType\":
        \"User\",\r\n    \"createdAt\": \"2021-04-29T08:59:03.2087126Z\",\r\n    \"lastModifiedBy\":
        \"zhoxing@microsoft.com\",\r\n    \"lastModifiedByType\": \"User\",\r\n    \"lastModifiedAt\":
        \"2021-04-29T08:59:03.2087126Z\"\r\n  },\r\n  \"properties\": {},\r\n  \"id\":
        \"/subscriptions/00000000-0000-0000-0000-000000000000/resourceGroups/cli_test_deployment_what_if_template_specs000001/providers/Microsoft.Resources/templateSpecs/cli-test-deploy-what-if-sub-deploy000002\",\r\n
        \ \"type\": \"Microsoft.Resources/templateSpecs\",\r\n  \"name\": \"cli-test-deploy-what-if-sub-deploy000002\"\r\n}"
    headers:
      cache-control:
      - no-cache
      content-length:
      - '732'
      content-type:
      - application/json; charset=utf-8
      date:
      - Thu, 29 Apr 2021 08:59:04 GMT
      expires:
      - '-1'
      pragma:
      - no-cache
      server:
      - Microsoft-HTTPAPI/2.0
      strict-transport-security:
      - max-age=31536000; includeSubDomains
      x-content-type-options:
      - nosniff
      x-ms-ratelimit-remaining-subscription-writes:
      - '1199'
    status:
      code: 201
      message: Created
- request:
    body: '{"location": "westus", "tags": {}, "properties": {"artifacts": [], "template":
      {"$schema": "https://schema.management.azure.com/schemas/2019-04-01/deploymentTemplate.json#",
      "contentVersion": "1.0.0.0", "parameters": {"denyLocation": {"type": "string",
      "defaultValue": "northeurope"}}, "variables": {"policyDefinitionName": "policy-for-what-if-test"},
      "resources": [{"name": "[variables(''policyDefinitionName'')]", "type": "Microsoft.Authorization/policyDefinitions",
      "apiVersion": "2018-05-01", "properties": {"policyType": "Custom", "policyRule":
      {"if": {"field": "location", "equals": "[parameters(''denyLocation'')]"}, "then":
      {"effect": "deny"}}}}], "outputs": {"policyDefinitionId": {"type": "string",
      "value": "[resourceId(''Microsoft.Authorization/policyDefinitions'', variables(''policyDefinitionName''))]"}}}}}'
    headers:
      Accept:
      - application/json
      Accept-Encoding:
      - gzip, deflate
      CommandName:
      - ts create
      Connection:
      - keep-alive
      Content-Length:
      - '813'
      Content-Type:
      - application/json
      ParameterSetName:
      - -g -n -v -l -f
      User-Agent:
      - AZURECLI/2.23.0 azsdk-python-azure-mgmt-resource/16.1.0 Python/3.8.1 (Windows-10-10.0.19041-SP0)
    method: PUT
    uri: https://management.azure.com/subscriptions/00000000-0000-0000-0000-000000000000/resourceGroups/cli_test_deployment_what_if_template_specs000001/providers/Microsoft.Resources/templateSpecs/cli-test-deploy-what-if-sub-deploy000002/versions/1.0?api-version=2019-06-01-preview
  response:
    body:
      string: "{\r\n  \"location\": \"westus\",\r\n  \"tags\": {},\r\n  \"systemData\":
        {\r\n    \"createdBy\": \"zhoxing@microsoft.com\",\r\n    \"createdByType\":
        \"User\",\r\n    \"createdAt\": \"2021-04-29T08:59:07.7296418Z\",\r\n    \"lastModifiedBy\":
        \"zhoxing@microsoft.com\",\r\n    \"lastModifiedByType\": \"User\",\r\n    \"lastModifiedAt\":
        \"2021-04-29T08:59:07.7296418Z\"\r\n  },\r\n  \"properties\": {\r\n    \"template\":
        {\r\n      \"$schema\": \"https://schema.management.azure.com/schemas/2019-04-01/deploymentTemplate.json#\",\r\n
        \     \"contentVersion\": \"1.0.0.0\",\r\n      \"parameters\": {\r\n        \"denyLocation\":
        {\r\n          \"type\": \"string\",\r\n          \"defaultValue\": \"northeurope\"\r\n
        \       }\r\n      },\r\n      \"variables\": {\r\n        \"policyDefinitionName\":
        \"policy-for-what-if-test\"\r\n      },\r\n      \"resources\": [\r\n        {\r\n
        \         \"name\": \"[variables('policyDefinitionName')]\",\r\n          \"type\":
        \"Microsoft.Authorization/policyDefinitions\",\r\n          \"apiVersion\":
        \"2018-05-01\",\r\n          \"properties\": {\r\n            \"policyType\":
        \"Custom\",\r\n            \"policyRule\": {\r\n              \"if\": {\r\n
        \               \"field\": \"location\",\r\n                \"equals\": \"[parameters('denyLocation')]\"\r\n
        \             },\r\n              \"then\": {\r\n                \"effect\":
        \"deny\"\r\n              }\r\n            }\r\n          }\r\n        }\r\n
        \     ],\r\n      \"outputs\": {\r\n        \"policyDefinitionId\": {\r\n
        \         \"type\": \"string\",\r\n          \"value\": \"[resourceId('Microsoft.Authorization/policyDefinitions',
        variables('policyDefinitionName'))]\"\r\n        }\r\n      }\r\n    }\r\n
        \ },\r\n  \"id\": \"/subscriptions/00000000-0000-0000-0000-000000000000/resourceGroups/cli_test_deployment_what_if_template_specs000001/providers/Microsoft.Resources/templateSpecs/cli-test-deploy-what-if-sub-deploy000002/versions/1.0\",\r\n
        \ \"type\": \"Microsoft.Resources/templateSpecs/versions\",\r\n  \"name\":
        \"1.0\"\r\n}"
    headers:
      cache-control:
      - no-cache
      content-length:
      - '1862'
      content-type:
      - application/json; charset=utf-8
      date:
      - Thu, 29 Apr 2021 08:59:08 GMT
      expires:
      - '-1'
      pragma:
      - no-cache
      server:
      - Microsoft-HTTPAPI/2.0
      strict-transport-security:
      - max-age=31536000; includeSubDomains
      x-content-type-options:
      - nosniff
      x-ms-ratelimit-remaining-subscription-writes:
      - '1198'
    status:
      code: 201
      message: Created
- request:
    body: null
    headers:
      Accept:
      - application/json
      Accept-Encoding:
      - gzip, deflate
      CommandName:
      - deployment sub create
      Connection:
      - keep-alive
      ParameterSetName:
      - --location --template-spec
      User-Agent:
      - AZURECLI/2.23.0 azsdk-python-azure-mgmt-resource/16.1.0 Python/3.8.1 (Windows-10-10.0.19041-SP0)
    method: GET
    uri: https://management.azure.com/subscriptions/00000000-0000-0000-0000-000000000000/resourceGroups/cli_test_deployment_what_if_template_specs000001/providers/Microsoft.Resources/templateSpecs/cli-test-deploy-what-if-sub-deploy000002/versions/1.0?api-version=2019-06-01-preview
  response:
    body:
      string: "{\r\n  \"location\": \"westus\",\r\n  \"tags\": {},\r\n  \"systemData\":
        {\r\n    \"createdBy\": \"zhoxing@microsoft.com\",\r\n    \"createdByType\":
        \"User\",\r\n    \"createdAt\": \"2021-04-29T08:59:07.7296418Z\",\r\n    \"lastModifiedBy\":
        \"zhoxing@microsoft.com\",\r\n    \"lastModifiedByType\": \"User\",\r\n    \"lastModifiedAt\":
        \"2021-04-29T08:59:07.7296418Z\"\r\n  },\r\n  \"properties\": {\r\n    \"template\":
        {\r\n      \"$schema\": \"https://schema.management.azure.com/schemas/2019-04-01/deploymentTemplate.json#\",\r\n
        \     \"contentVersion\": \"1.0.0.0\",\r\n      \"parameters\": {\r\n        \"denyLocation\":
        {\r\n          \"type\": \"string\",\r\n          \"defaultValue\": \"northeurope\"\r\n
        \       }\r\n      },\r\n      \"variables\": {\r\n        \"policyDefinitionName\":
        \"policy-for-what-if-test\"\r\n      },\r\n      \"resources\": [\r\n        {\r\n
        \         \"name\": \"[variables('policyDefinitionName')]\",\r\n          \"type\":
        \"Microsoft.Authorization/policyDefinitions\",\r\n          \"apiVersion\":
        \"2018-05-01\",\r\n          \"properties\": {\r\n            \"policyType\":
        \"Custom\",\r\n            \"policyRule\": {\r\n              \"if\": {\r\n
        \               \"field\": \"location\",\r\n                \"equals\": \"[parameters('denyLocation')]\"\r\n
        \             },\r\n              \"then\": {\r\n                \"effect\":
        \"deny\"\r\n              }\r\n            }\r\n          }\r\n        }\r\n
        \     ],\r\n      \"outputs\": {\r\n        \"policyDefinitionId\": {\r\n
        \         \"type\": \"string\",\r\n          \"value\": \"[resourceId('Microsoft.Authorization/policyDefinitions',
        variables('policyDefinitionName'))]\"\r\n        }\r\n      }\r\n    }\r\n
        \ },\r\n  \"id\": \"/subscriptions/00000000-0000-0000-0000-000000000000/resourceGroups/cli_test_deployment_what_if_template_specs000001/providers/Microsoft.Resources/templateSpecs/cli-test-deploy-what-if-sub-deploy000002/versions/1.0\",\r\n
        \ \"type\": \"Microsoft.Resources/templateSpecs/versions\",\r\n  \"name\":
        \"1.0\"\r\n}"
    headers:
      cache-control:
      - no-cache
      content-length:
      - '1862'
      content-type:
      - application/json; charset=utf-8
      date:
      - Thu, 29 Apr 2021 08:59:09 GMT
      expires:
      - '-1'
      pragma:
      - no-cache
      server:
      - Microsoft-HTTPAPI/2.0
      strict-transport-security:
      - max-age=31536000; includeSubDomains
      transfer-encoding:
      - chunked
      vary:
      - Accept-Encoding
      x-content-type-options:
      - nosniff
    status:
      code: 200
      message: OK
- request:
    body: '{"location": "westus", "properties": {"templateLink": {"id": "/subscriptions/00000000-0000-0000-0000-000000000000/resourceGroups/cli_test_deployment_what_if_template_specs000001/providers/Microsoft.Resources/templateSpecs/cli-test-deploy-what-if-sub-deploy000002/versions/1.0"},
      "parameters": {}, "mode": "Incremental"}}'
    headers:
      Accept:
      - application/json
      Accept-Encoding:
      - gzip, deflate
      CommandName:
      - deployment sub create
      Connection:
      - keep-alive
      Content-Length:
      - '367'
      Content-Type:
      - application/json
      ParameterSetName:
      - --location --template-spec
      User-Agent:
      - AZURECLI/2.23.0 azsdk-python-azure-mgmt-resource/16.1.0 Python/3.8.1 (Windows-10-10.0.19041-SP0)
    method: POST
    uri: https://management.azure.com/subscriptions/00000000-0000-0000-0000-000000000000/providers/Microsoft.Resources/deployments/mock-deployment/validate?api-version=2020-10-01
  response:
    body:
      string: '{"id":"/subscriptions/00000000-0000-0000-0000-000000000000/providers/Microsoft.Resources/deployments/1","name":"1","type":"Microsoft.Resources/deployments","location":"westus","properties":{"templateLink":{"id":"/subscriptions/00000000-0000-0000-0000-000000000000/resourceGroups/cli_test_deployment_what_if_template_specs000001/providers/Microsoft.Resources/templateSpecs/cli-test-deploy-what-if-sub-deploy000002/versions/1.0","contentVersion":"1.0.0.0"},"templateHash":"6791821466041245512","parameters":{"denyLocation":{"type":"String","value":"northeurope"}},"mode":"Incremental","provisioningState":"Succeeded","timestamp":"2021-04-29T08:59:11.7149196Z","duration":"PT0S","correlationId":"9d3c6a68-017f-4d86-b18c-c64013667d28","providers":[{"namespace":"Microsoft.Authorization","resourceTypes":[{"resourceType":"policyDefinitions","locations":[null]}]}],"dependencies":[],"validatedResources":[{"id":"/subscriptions/00000000-0000-0000-0000-000000000000/providers/Microsoft.Authorization/policyDefinitions/policy-for-what-if-test"}]}}'
    headers:
      cache-control:
      - no-cache
      content-length:
      - '1085'
      content-type:
      - application/json; charset=utf-8
      date:
      - Thu, 29 Apr 2021 08:59:11 GMT
      expires:
      - '-1'
      pragma:
      - no-cache
      strict-transport-security:
      - max-age=31536000; includeSubDomains
      transfer-encoding:
      - chunked
      vary:
      - Accept-Encoding
      x-content-type-options:
      - nosniff
      x-ms-ratelimit-remaining-subscription-writes:
      - '1199'
    status:
      code: 200
      message: OK
- request:
    body: '{"location": "westus", "properties": {"templateLink": {"id": "/subscriptions/00000000-0000-0000-0000-000000000000/resourceGroups/cli_test_deployment_what_if_template_specs000001/providers/Microsoft.Resources/templateSpecs/cli-test-deploy-what-if-sub-deploy000002/versions/1.0"},
      "parameters": {}, "mode": "Incremental"}}'
    headers:
      Accept:
      - application/json
      Accept-Encoding:
      - gzip, deflate
      CommandName:
      - deployment sub create
      Connection:
      - keep-alive
      Content-Length:
      - '367'
      Content-Type:
      - application/json
      ParameterSetName:
      - --location --template-spec
      User-Agent:
      - AZURECLI/2.23.0 azsdk-python-azure-mgmt-resource/16.1.0 Python/3.8.1 (Windows-10-10.0.19041-SP0)
    method: PUT
    uri: https://management.azure.com/subscriptions/00000000-0000-0000-0000-000000000000/providers/Microsoft.Resources/deployments/mock-deployment?api-version=2020-10-01
  response:
    body:
      string: '{"id":"/subscriptions/00000000-0000-0000-0000-000000000000/providers/Microsoft.Resources/deployments/1","name":"1","type":"Microsoft.Resources/deployments","location":"westus","properties":{"templateLink":{"id":"/subscriptions/00000000-0000-0000-0000-000000000000/resourceGroups/cli_test_deployment_what_if_template_specs000001/providers/Microsoft.Resources/templateSpecs/cli-test-deploy-what-if-sub-deploy000002/versions/1.0","contentVersion":"1.0.0.0"},"templateHash":"6791821466041245512","parameters":{"denyLocation":{"type":"String","value":"northeurope"}},"mode":"Incremental","provisioningState":"Accepted","timestamp":"2021-04-29T08:59:15.8146028Z","duration":"PT3.2474745S","correlationId":"cb0a3d25-44e1-4029-b24c-41a84f5fc5f1","providers":[{"namespace":"Microsoft.Authorization","resourceTypes":[{"resourceType":"policyDefinitions","locations":[null]}]}],"dependencies":[]}}'
    headers:
      azure-asyncoperation:
      - https://management.azure.com/subscriptions/00000000-0000-0000-0000-000000000000/providers/Microsoft.Resources/deployments/1/operationStatuses/08585819201329105057?api-version=2020-10-01
      cache-control:
      - no-cache
      content-length:
      - '932'
      content-type:
      - application/json; charset=utf-8
      date:
      - Thu, 29 Apr 2021 08:59:16 GMT
      expires:
      - '-1'
      pragma:
      - no-cache
      strict-transport-security:
      - max-age=31536000; includeSubDomains
      transfer-encoding:
      - chunked
      vary:
      - Accept-Encoding
      x-content-type-options:
      - nosniff
      x-ms-ratelimit-remaining-subscription-writes:
      - '1199'
    status:
      code: 200
      message: OK
- request:
    body: null
    headers:
      Accept:
      - '*/*'
      Accept-Encoding:
      - gzip, deflate
      CommandName:
      - deployment sub create
      Connection:
      - keep-alive
      ParameterSetName:
      - --location --template-spec
      User-Agent:
      - AZURECLI/2.23.0 azsdk-python-azure-mgmt-resource/16.1.0 Python/3.8.1 (Windows-10-10.0.19041-SP0)
    method: GET
    uri: https://management.azure.com/subscriptions/00000000-0000-0000-0000-000000000000/providers/Microsoft.Resources/deployments/mock-deployment/operationStatuses/08585819201329105057?api-version=2020-10-01
  response:
    body:
      string: '{"status":"Succeeded"}'
    headers:
      cache-control:
      - no-cache
      content-length:
      - '22'
      content-type:
      - application/json; charset=utf-8
      date:
      - Thu, 29 Apr 2021 08:59:46 GMT
      expires:
      - '-1'
      pragma:
      - no-cache
      strict-transport-security:
      - max-age=31536000; includeSubDomains
      vary:
      - Accept-Encoding
      x-content-type-options:
      - nosniff
    status:
      code: 200
      message: OK
- request:
    body: null
    headers:
      Accept:
      - '*/*'
      Accept-Encoding:
      - gzip, deflate
      CommandName:
      - deployment sub create
      Connection:
      - keep-alive
      ParameterSetName:
      - --location --template-spec
      User-Agent:
      - AZURECLI/2.23.0 azsdk-python-azure-mgmt-resource/16.1.0 Python/3.8.1 (Windows-10-10.0.19041-SP0)
    method: GET
    uri: https://management.azure.com/subscriptions/00000000-0000-0000-0000-000000000000/providers/Microsoft.Resources/deployments/mock-deployment?api-version=2020-10-01
  response:
    body:
      string: '{"id":"/subscriptions/00000000-0000-0000-0000-000000000000/providers/Microsoft.Resources/deployments/1","name":"1","type":"Microsoft.Resources/deployments","location":"westus","properties":{"templateLink":{"id":"/subscriptions/00000000-0000-0000-0000-000000000000/resourceGroups/cli_test_deployment_what_if_template_specs000001/providers/Microsoft.Resources/templateSpecs/cli-test-deploy-what-if-sub-deploy000002/versions/1.0","contentVersion":"1.0.0.0"},"templateHash":"6791821466041245512","parameters":{"denyLocation":{"type":"String","value":"northeurope"}},"mode":"Incremental","provisioningState":"Succeeded","timestamp":"2021-04-29T08:59:19.6646712Z","duration":"PT7.0975429S","correlationId":"cb0a3d25-44e1-4029-b24c-41a84f5fc5f1","providers":[{"namespace":"Microsoft.Authorization","resourceTypes":[{"resourceType":"policyDefinitions","locations":[null]}]}],"dependencies":[],"outputs":{"policyDefinitionId":{"type":"String","value":"/subscriptions/00000000-0000-0000-0000-000000000000/providers/Microsoft.Authorization/policyDefinitions/policy-for-what-if-test"}},"outputResources":[{"id":"/subscriptions/00000000-0000-0000-0000-000000000000/providers/Microsoft.Authorization/policyDefinitions/policy-for-what-if-test"}]}}'
    headers:
      cache-control:
      - no-cache
      content-length:
      - '1279'
      content-type:
      - application/json; charset=utf-8
      date:
      - Thu, 29 Apr 2021 08:59:47 GMT
      expires:
      - '-1'
      pragma:
      - no-cache
      strict-transport-security:
      - max-age=31536000; includeSubDomains
      vary:
      - Accept-Encoding
      x-content-type-options:
      - nosniff
    status:
      code: 200
      message: OK
- request:
    body: null
    headers:
      Accept:
      - application/json
      Accept-Encoding:
      - gzip, deflate
      CommandName:
      - deployment sub what-if
      Connection:
      - keep-alive
      ParameterSetName:
      - --location --template-spec --parameters --no-pretty-print
      User-Agent:
      - AZURECLI/2.23.0 azsdk-python-azure-mgmt-resource/16.1.0 Python/3.8.1 (Windows-10-10.0.19041-SP0)
    method: GET
    uri: https://management.azure.com/subscriptions/00000000-0000-0000-0000-000000000000/resourceGroups/cli_test_deployment_what_if_template_specs000001/providers/Microsoft.Resources/templateSpecs/cli-test-deploy-what-if-sub-deploy000002/versions/1.0?api-version=2019-06-01-preview
  response:
    body:
      string: "{\r\n  \"location\": \"westus\",\r\n  \"tags\": {},\r\n  \"systemData\":
        {\r\n    \"createdBy\": \"zhoxing@microsoft.com\",\r\n    \"createdByType\":
        \"User\",\r\n    \"createdAt\": \"2021-04-29T08:59:07.7296418Z\",\r\n    \"lastModifiedBy\":
        \"zhoxing@microsoft.com\",\r\n    \"lastModifiedByType\": \"User\",\r\n    \"lastModifiedAt\":
        \"2021-04-29T08:59:07.7296418Z\"\r\n  },\r\n  \"properties\": {\r\n    \"template\":
        {\r\n      \"$schema\": \"https://schema.management.azure.com/schemas/2019-04-01/deploymentTemplate.json#\",\r\n
        \     \"contentVersion\": \"1.0.0.0\",\r\n      \"parameters\": {\r\n        \"denyLocation\":
        {\r\n          \"type\": \"string\",\r\n          \"defaultValue\": \"northeurope\"\r\n
        \       }\r\n      },\r\n      \"variables\": {\r\n        \"policyDefinitionName\":
        \"policy-for-what-if-test\"\r\n      },\r\n      \"resources\": [\r\n        {\r\n
        \         \"name\": \"[variables('policyDefinitionName')]\",\r\n          \"type\":
        \"Microsoft.Authorization/policyDefinitions\",\r\n          \"apiVersion\":
        \"2018-05-01\",\r\n          \"properties\": {\r\n            \"policyType\":
        \"Custom\",\r\n            \"policyRule\": {\r\n              \"if\": {\r\n
        \               \"field\": \"location\",\r\n                \"equals\": \"[parameters('denyLocation')]\"\r\n
        \             },\r\n              \"then\": {\r\n                \"effect\":
        \"deny\"\r\n              }\r\n            }\r\n          }\r\n        }\r\n
        \     ],\r\n      \"outputs\": {\r\n        \"policyDefinitionId\": {\r\n
        \         \"type\": \"string\",\r\n          \"value\": \"[resourceId('Microsoft.Authorization/policyDefinitions',
        variables('policyDefinitionName'))]\"\r\n        }\r\n      }\r\n    }\r\n
        \ },\r\n  \"id\": \"/subscriptions/00000000-0000-0000-0000-000000000000/resourceGroups/cli_test_deployment_what_if_template_specs000001/providers/Microsoft.Resources/templateSpecs/cli-test-deploy-what-if-sub-deploy000002/versions/1.0\",\r\n
        \ \"type\": \"Microsoft.Resources/templateSpecs/versions\",\r\n  \"name\":
        \"1.0\"\r\n}"
    headers:
      cache-control:
      - no-cache
      content-length:
      - '1862'
      content-type:
      - application/json; charset=utf-8
      date:
      - Thu, 29 Apr 2021 08:59:48 GMT
      expires:
      - '-1'
      pragma:
      - no-cache
      server:
      - Microsoft-HTTPAPI/2.0
      strict-transport-security:
      - max-age=31536000; includeSubDomains
      transfer-encoding:
      - chunked
      vary:
      - Accept-Encoding
      x-content-type-options:
      - nosniff
    status:
      code: 200
      message: OK
- request:
    body: '{"location": "westus", "properties": {"templateLink": {"id": "/subscriptions/00000000-0000-0000-0000-000000000000/resourceGroups/cli_test_deployment_what_if_template_specs000001/providers/Microsoft.Resources/templateSpecs/cli-test-deploy-what-if-sub-deploy000002/versions/1.0"},
      "parameters": {"denyLocation": {"value": "westeurope"}}, "mode": "Incremental",
      "whatIfSettings": {"resultFormat": "FullResourcePayloads"}}}'
    headers:
      Accept:
      - application/json
      Accept-Encoding:
      - gzip, deflate
      CommandName:
      - deployment sub what-if
      Connection:
      - keep-alive
      Content-Length:
      - '466'
      Content-Type:
      - application/json
      ParameterSetName:
      - --location --template-spec --parameters --no-pretty-print
      User-Agent:
      - AZURECLI/2.23.0 azsdk-python-azure-mgmt-resource/16.1.0 Python/3.8.1 (Windows-10-10.0.19041-SP0)
    method: POST
    uri: https://management.azure.com/subscriptions/00000000-0000-0000-0000-000000000000/providers/Microsoft.Resources/deployments/mock-deployment/whatIf?api-version=2020-10-01
  response:
    body:
      string: ''
    headers:
      cache-control:
      - no-cache
      content-length:
      - '0'
      date:
      - Thu, 29 Apr 2021 08:59:51 GMT
      expires:
      - '-1'
      location:
      - https://management.azure.com/subscriptions/00000000-0000-0000-0000-000000000000/operationresults/eyJqb2JJZCI6IkRlcGxveW1lbnRXaGF0SWZKb2ItLTEtMkNGNkU4RDY6MkQwRERGOjJENEVCNDoyRDgxQTY6MkQ5NzU5MTgyQzUzMzMiLCJqb2JMb2NhdGlvbiI6Indlc3R1cyJ9?api-version=2020-10-01
      pragma:
      - no-cache
      strict-transport-security:
      - max-age=31536000; includeSubDomains
      x-content-type-options:
      - nosniff
      x-ms-ratelimit-remaining-subscription-writes:
      - '1199'
    status:
      code: 202
      message: Accepted
- request:
    body: null
    headers:
      Accept:
      - '*/*'
      Accept-Encoding:
      - gzip, deflate
      CommandName:
      - deployment sub what-if
      Connection:
      - keep-alive
      ParameterSetName:
      - --location --template-spec --parameters --no-pretty-print
      User-Agent:
      - AZURECLI/2.23.0 azsdk-python-azure-mgmt-resource/16.1.0 Python/3.8.1 (Windows-10-10.0.19041-SP0)
    method: GET
    uri: https://management.azure.com/subscriptions/00000000-0000-0000-0000-000000000000/operationresults/eyJqb2JJZCI6IkRlcGxveW1lbnRXaGF0SWZKb2ItLTEtMkNGNkU4RDY6MkQwRERGOjJENEVCNDoyRDgxQTY6MkQ5NzU5MTgyQzUzMzMiLCJqb2JMb2NhdGlvbiI6Indlc3R1cyJ9?api-version=2020-10-01
  response:
    body:
      string: '{"status":"Succeeded","properties":{"correlationId":"2cf6e8d6-0ddf-4eb4-81a6-9759182c5333","changes":[{"resourceId":"/subscriptions/00000000-0000-0000-0000-000000000000/providers/Microsoft.Authorization/policyDefinitions/policy-for-what-if-test","changeType":"Modify","before":{"apiVersion":"2018-05-01","id":"/subscriptions/00000000-0000-0000-0000-000000000000/providers/Microsoft.Authorization/policyDefinitions/policy-for-what-if-test","name":"policy-for-what-if-test","properties":{"mode":"Indexed","policyRule":{"if":{"equals":"northeurope","field":"location"},"then":{"effect":"deny"}},"policyType":"Custom"},"type":"Microsoft.Authorization/policyDefinitions"},"after":{"apiVersion":"2018-05-01","id":"/subscriptions/00000000-0000-0000-0000-000000000000/providers/Microsoft.Authorization/policyDefinitions/policy-for-what-if-test","name":"policy-for-what-if-test","properties":{"mode":"Indexed","policyRule":{"if":{"equals":"westeurope","field":"location"},"then":{"effect":"deny"}},"policyType":"Custom"},"type":"Microsoft.Authorization/policyDefinitions"},"delta":[{"path":"properties.policyRule.if.equals","propertyChangeType":"Modify","before":"northeurope","after":"westeurope"}]}]}}'
    headers:
      cache-control:
      - no-cache
      content-length:
      - '1194'
      content-type:
      - application/json; charset=utf-8
      date:
      - Thu, 29 Apr 2021 09:00:06 GMT
      expires:
      - '-1'
      pragma:
      - no-cache
      strict-transport-security:
      - max-age=31536000; includeSubDomains
      vary:
      - Accept-Encoding
      x-content-type-options:
      - nosniff
    status:
      code: 200
      message: OK
version: 1
