interactions:
- request:
    body: null
    headers:
      Accept: [application/json]
      Accept-Encoding: ['gzip, deflate']
      CommandName: [account management-group create]
      Connection: [keep-alive]
      Content-Length: ['0']
      Content-Type: [application/json; charset=utf-8]
      User-Agent: [python/3.6.5 (Windows-10-10.0.16299-SP0) requests/2.18.4 msrest/0.4.29
          msrest_azure/0.4.31 resourcemanagementclient/2.0.0rc2 Azure-SDK-For-Python
          AZURECLI/2.0.34]
      accept-language: [en-US]
    method: POST
    uri: https://management.azure.com/subscriptions/00000000-0000-0000-0000-000000000000/providers/Microsoft.Management/register?api-version=2018-05-01
  response:
    body: {string: '{"id":"/subscriptions/00000000-0000-0000-0000-000000000000/providers/Microsoft.Management","namespace":"Microsoft.Management","authorization":{"applicationId":"f2c304cf-8e7e-4c3f-8164-16299ad9d272","roleDefinitionId":"c1cf3708-588a-4647-be7f-f400bbe214cf"},"resourceTypes":[{"resourceType":"resources","locations":[],"apiVersions":["2017-11-01-preview","2017-08-31-preview","2017-06-30-preview","2017-05-31-preview"]},{"resourceType":"managementGroups","locations":[],"apiVersions":["2018-03-01-preview","2018-01-01-preview","2017-11-01-preview","2017-08-31-preview","2017-06-30-preview","2017-05-31-preview"]},{"resourceType":"getEntities","locations":[],"apiVersions":["2018-03-01-preview","2018-01-01-preview"]},{"resourceType":"checkNameAvailability","locations":[],"apiVersions":["2018-03-01-preview","2018-01-01-preview"]},{"resourceType":"operationResults","locations":[],"apiVersions":["2018-03-01-preview","2018-01-01-preview"]},{"resourceType":"operations","locations":[],"apiVersions":["2018-03-01-preview","2018-01-01-preview","2017-11-01-preview","2017-08-31-preview","2017-06-30-preview","2017-05-31-preview"]},{"resourceType":"tenantBackfillStatus","locations":[],"apiVersions":["2018-03-01-preview"]},{"resourceType":"startTenantBackfill","locations":[],"apiVersions":["2018-03-01-preview"]}],"registrationState":"Registered"}'}
    headers:
      cache-control: [no-cache]
      content-length: ['1342']
      content-type: [application/json; charset=utf-8]
      date: ['Wed, 13 Jun 2018 01:24:02 GMT']
      expires: ['-1']
      pragma: [no-cache]
      strict-transport-security: [max-age=31536000; includeSubDomains]
      transfer-encoding: [chunked]
      vary: [Accept-Encoding]
      x-content-type-options: [nosniff]
      x-ms-ratelimit-remaining-subscription-writes: ['1199']
    status: {code: 200, message: OK}
- request:
    body: null
    headers:
      Accept: [application/json]
      Accept-Encoding: ['gzip, deflate']
      CommandName: [account management-group create]
      Connection: [keep-alive]
      Content-Type: [application/json; charset=utf-8]
      User-Agent: [python/3.6.5 (Windows-10-10.0.16299-SP0) requests/2.18.4 msrest/0.4.29
          msrest_azure/0.4.31 resourcemanagementclient/2.0.0rc2 Azure-SDK-For-Python
          AZURECLI/2.0.34]
      accept-language: [en-US]
    method: GET
    uri: https://management.azure.com/subscriptions/00000000-0000-0000-0000-000000000000/providers/Microsoft.Management?api-version=2018-05-01
  response:
    body: {string: '{"id":"/subscriptions/00000000-0000-0000-0000-000000000000/providers/Microsoft.Management","namespace":"Microsoft.Management","authorization":{"applicationId":"f2c304cf-8e7e-4c3f-8164-16299ad9d272","roleDefinitionId":"c1cf3708-588a-4647-be7f-f400bbe214cf"},"resourceTypes":[{"resourceType":"resources","locations":[],"apiVersions":["2017-11-01-preview","2017-08-31-preview","2017-06-30-preview","2017-05-31-preview"]},{"resourceType":"managementGroups","locations":[],"apiVersions":["2018-03-01-preview","2018-01-01-preview","2017-11-01-preview","2017-08-31-preview","2017-06-30-preview","2017-05-31-preview"]},{"resourceType":"getEntities","locations":[],"apiVersions":["2018-03-01-preview","2018-01-01-preview"]},{"resourceType":"checkNameAvailability","locations":[],"apiVersions":["2018-03-01-preview","2018-01-01-preview"]},{"resourceType":"operationResults","locations":[],"apiVersions":["2018-03-01-preview","2018-01-01-preview"]},{"resourceType":"operations","locations":[],"apiVersions":["2018-03-01-preview","2018-01-01-preview","2017-11-01-preview","2017-08-31-preview","2017-06-30-preview","2017-05-31-preview"]},{"resourceType":"tenantBackfillStatus","locations":[],"apiVersions":["2018-03-01-preview"]},{"resourceType":"startTenantBackfill","locations":[],"apiVersions":["2018-03-01-preview"]}],"registrationState":"Registered"}'}
    headers:
      cache-control: [no-cache]
      content-length: ['1342']
      content-type: [application/json; charset=utf-8]
      date: ['Wed, 13 Jun 2018 01:24:13 GMT']
      expires: ['-1']
      pragma: [no-cache]
      strict-transport-security: [max-age=31536000; includeSubDomains]
      vary: [Accept-Encoding]
      x-content-type-options: [nosniff]
    status: {code: 200, message: OK}
- request:
    body: '{"name": "testcligetgroup1", "properties": {"details": {"parent": {}}}}'
    headers:
      Accept: [application/json]
      Accept-Encoding: ['gzip, deflate']
      Cache-Control: [no-cache]
      CommandName: [account management-group create]
      Connection: [keep-alive]
      Content-Length: ['71']
      Content-Type: [application/json; charset=utf-8]
      User-Agent: [python/3.6.5 (Windows-10-10.0.16299-SP0) requests/2.18.4 msrest/0.4.29
          msrest_azure/0.4.31 azure-mgmt-managementgroups/0.1.0 Azure-SDK-For-Python
          AZURECLI/2.0.34]
      accept-language: [en-US]
    method: PUT
    uri: https://management.azure.com/providers/Microsoft.Management/managementGroups/testcligetgroup1?api-version=2018-03-01-preview
  response:
    body: {string: '{"id":"/providers/Microsoft.Management/managementGroups/testcligetgroup1","type":"/providers/Microsoft.Management/managementGroups","name":"testcligetgroup1","status":"NotStarted"}'}
    headers:
      cache-control: [no-cache]
      content-length: ['180']
      content-type: [application/json; charset=utf-8]
      date: ['Wed, 13 Jun 2018 01:24:14 GMT']
      expires: ['-1']
      location: ['https://management.azure.com/providers/Microsoft.Management/operationResults/create/managementGroups/testcligetgroup1?api-version=2018-03-01-preview']
      pragma: [no-cache]
      request-id: [4f3260ad-7b5d-45f5-92f9-da155fa60d1f]
      server: [Microsoft-IIS/8.5]
      strict-transport-security: [max-age=31536000; includeSubDomains]
      x-aspnet-version: [4.0.30319]
      x-ba-restapi: [1.0.3.731]
      x-content-type-options: [nosniff]
      x-ms-ratelimit-remaining-tenant-writes: ['1199']
      x-powered-by: [ASP.NET]
    status: {code: 202, message: Accepted}
- request:
    body: null
    headers:
      Accept: [application/json]
      Accept-Encoding: ['gzip, deflate']
      CommandName: [account management-group create]
      Connection: [keep-alive]
      User-Agent: [python/3.6.5 (Windows-10-10.0.16299-SP0) requests/2.18.4 msrest/0.4.29
          msrest_azure/0.4.31 azure-mgmt-managementgroups/0.1.0 Azure-SDK-For-Python
          AZURECLI/2.0.34]
    method: GET
    uri: https://management.azure.com/providers/Microsoft.Management/operationResults/create/managementGroups/testcligetgroup1?api-version=2018-03-01-preview
  response:
    body: {string: '{"id":"/providers/Microsoft.Management/managementGroups/testcligetgroup1","type":"/providers/Microsoft.Management/managementGroups","name":"testcligetgroup1","status":"Succeeded","properties":{"tenantId":"dbe499da-a935-4b9f-b4e2-5377e76aaeef","displayName":"testcligetgroup1","details":{"version":3,"updatedTime":"2018-06-13T01:24:19.2489494Z","updatedBy":"c243d53f-e5c5-41c2-8a67-6ed2030f73fe","parent":{"id":"/providers/Microsoft.Management/managementGroups/dbe499da-a935-4b9f-b4e2-5377e76aaeef","name":"dbe499da-a935-4b9f-b4e2-5377e76aaeef","displayName":"Tenant
        Root Group"}}}}'}
    headers:
      cache-control: [no-cache]
      content-length: ['581']
      content-type: [application/json; charset=utf-8]
      date: ['Wed, 13 Jun 2018 01:24:25 GMT']
      expires: ['-1']
      pragma: [no-cache]
      request-id: [96531592-9342-420e-90cc-ea394e405807]
      server: [Microsoft-IIS/8.5]
      strict-transport-security: [max-age=31536000; includeSubDomains]
      transfer-encoding: [chunked]
      vary: ['Accept-Encoding,Accept-Encoding']
      x-aspnet-version: [4.0.30319]
      x-ba-restapi: [1.0.3.731]
      x-content-type-options: [nosniff]
      x-powered-by: [ASP.NET]
    status: {code: 200, message: OK}
- request:
    body: null
    headers:
      Accept: [application/json]
      Accept-Encoding: ['gzip, deflate']
      CommandName: [account management-group create]
      Connection: [keep-alive]
      Content-Length: ['0']
      Content-Type: [application/json; charset=utf-8]
      User-Agent: [python/3.6.5 (Windows-10-10.0.16299-SP0) requests/2.18.4 msrest/0.4.29
          msrest_azure/0.4.31 resourcemanagementclient/2.0.0rc2 Azure-SDK-For-Python
          AZURECLI/2.0.34]
      accept-language: [en-US]
    method: POST
    uri: https://management.azure.com/subscriptions/00000000-0000-0000-0000-000000000000/providers/Microsoft.Management/register?api-version=2018-05-01
  response:
    body: {string: '{"id":"/subscriptions/00000000-0000-0000-0000-000000000000/providers/Microsoft.Management","namespace":"Microsoft.Management","authorization":{"applicationId":"f2c304cf-8e7e-4c3f-8164-16299ad9d272","roleDefinitionId":"c1cf3708-588a-4647-be7f-f400bbe214cf"},"resourceTypes":[{"resourceType":"resources","locations":[],"apiVersions":["2017-11-01-preview","2017-08-31-preview","2017-06-30-preview","2017-05-31-preview"]},{"resourceType":"managementGroups","locations":[],"apiVersions":["2018-03-01-preview","2018-01-01-preview","2017-11-01-preview","2017-08-31-preview","2017-06-30-preview","2017-05-31-preview"]},{"resourceType":"getEntities","locations":[],"apiVersions":["2018-03-01-preview","2018-01-01-preview"]},{"resourceType":"checkNameAvailability","locations":[],"apiVersions":["2018-03-01-preview","2018-01-01-preview"]},{"resourceType":"operationResults","locations":[],"apiVersions":["2018-03-01-preview","2018-01-01-preview"]},{"resourceType":"operations","locations":[],"apiVersions":["2018-03-01-preview","2018-01-01-preview","2017-11-01-preview","2017-08-31-preview","2017-06-30-preview","2017-05-31-preview"]},{"resourceType":"tenantBackfillStatus","locations":[],"apiVersions":["2018-03-01-preview"]},{"resourceType":"startTenantBackfill","locations":[],"apiVersions":["2018-03-01-preview"]}],"registrationState":"Registered"}'}
    headers:
      cache-control: [no-cache]
      content-length: ['1342']
      content-type: [application/json; charset=utf-8]
      date: ['Wed, 13 Jun 2018 01:24:27 GMT']
      expires: ['-1']
      pragma: [no-cache]
      strict-transport-security: [max-age=31536000; includeSubDomains]
      transfer-encoding: [chunked]
      vary: [Accept-Encoding]
      x-content-type-options: [nosniff]
      x-ms-ratelimit-remaining-subscription-writes: ['1199']
    status: {code: 200, message: OK}
- request:
    body: null
    headers:
      Accept: [application/json]
      Accept-Encoding: ['gzip, deflate']
      CommandName: [account management-group create]
      Connection: [keep-alive]
      Content-Type: [application/json; charset=utf-8]
      User-Agent: [python/3.6.5 (Windows-10-10.0.16299-SP0) requests/2.18.4 msrest/0.4.29
          msrest_azure/0.4.31 resourcemanagementclient/2.0.0rc2 Azure-SDK-For-Python
          AZURECLI/2.0.34]
      accept-language: [en-US]
    method: GET
    uri: https://management.azure.com/subscriptions/00000000-0000-0000-0000-000000000000/providers/Microsoft.Management?api-version=2018-05-01
  response:
    body: {string: '{"id":"/subscriptions/00000000-0000-0000-0000-000000000000/providers/Microsoft.Management","namespace":"Microsoft.Management","authorization":{"applicationId":"f2c304cf-8e7e-4c3f-8164-16299ad9d272","roleDefinitionId":"c1cf3708-588a-4647-be7f-f400bbe214cf"},"resourceTypes":[{"resourceType":"resources","locations":[],"apiVersions":["2017-11-01-preview","2017-08-31-preview","2017-06-30-preview","2017-05-31-preview"]},{"resourceType":"managementGroups","locations":[],"apiVersions":["2018-03-01-preview","2018-01-01-preview","2017-11-01-preview","2017-08-31-preview","2017-06-30-preview","2017-05-31-preview"]},{"resourceType":"getEntities","locations":[],"apiVersions":["2018-03-01-preview","2018-01-01-preview"]},{"resourceType":"checkNameAvailability","locations":[],"apiVersions":["2018-03-01-preview","2018-01-01-preview"]},{"resourceType":"operationResults","locations":[],"apiVersions":["2018-03-01-preview","2018-01-01-preview"]},{"resourceType":"operations","locations":[],"apiVersions":["2018-03-01-preview","2018-01-01-preview","2017-11-01-preview","2017-08-31-preview","2017-06-30-preview","2017-05-31-preview"]},{"resourceType":"tenantBackfillStatus","locations":[],"apiVersions":["2018-03-01-preview"]},{"resourceType":"startTenantBackfill","locations":[],"apiVersions":["2018-03-01-preview"]}],"registrationState":"Registered"}'}
    headers:
      cache-control: [no-cache]
      content-length: ['1342']
      content-type: [application/json; charset=utf-8]
      date: ['Wed, 13 Jun 2018 01:24:37 GMT']
      expires: ['-1']
      pragma: [no-cache]
      strict-transport-security: [max-age=31536000; includeSubDomains]
      vary: [Accept-Encoding]
      x-content-type-options: [nosniff]
    status: {code: 200, message: OK}
- request:
    body: '{"name": "testcligetgroup2", "properties": {"details": {"parent": {"id":
      "/providers/Microsoft.Management/managementGroups/testcligetgroup1"}}}}'
    headers:
      Accept: [application/json]
      Accept-Encoding: ['gzip, deflate']
      Cache-Control: [no-cache]
      CommandName: [account management-group create]
      Connection: [keep-alive]
      Content-Length: ['144']
      Content-Type: [application/json; charset=utf-8]
      User-Agent: [python/3.6.5 (Windows-10-10.0.16299-SP0) requests/2.18.4 msrest/0.4.29
          msrest_azure/0.4.31 azure-mgmt-managementgroups/0.1.0 Azure-SDK-For-Python
          AZURECLI/2.0.34]
      accept-language: [en-US]
    method: PUT
    uri: https://management.azure.com/providers/Microsoft.Management/managementGroups/testcligetgroup2?api-version=2018-03-01-preview
  response:
    body: {string: '{"id":"/providers/Microsoft.Management/managementGroups/testcligetgroup2","type":"/providers/Microsoft.Management/managementGroups","name":"testcligetgroup2","status":"NotStarted"}'}
    headers:
      cache-control: [no-cache]
      content-length: ['180']
      content-type: [application/json; charset=utf-8]
      date: ['Wed, 13 Jun 2018 01:24:38 GMT']
      expires: ['-1']
      location: ['https://management.azure.com/providers/Microsoft.Management/operationResults/create/managementGroups/testcligetgroup2?api-version=2018-03-01-preview']
      pragma: [no-cache]
      request-id: [4ba3e4a4-ba92-466b-9fa7-5ca2ecfcf009]
      server: [Microsoft-IIS/8.5]
      strict-transport-security: [max-age=31536000; includeSubDomains]
      x-aspnet-version: [4.0.30319]
      x-ba-restapi: [1.0.3.731]
      x-content-type-options: [nosniff]
      x-ms-ratelimit-remaining-tenant-writes: ['1199']
      x-powered-by: [ASP.NET]
    status: {code: 202, message: Accepted}
- request:
    body: null
    headers:
      Accept: [application/json]
      Accept-Encoding: ['gzip, deflate']
      CommandName: [account management-group create]
      Connection: [keep-alive]
      User-Agent: [python/3.6.5 (Windows-10-10.0.16299-SP0) requests/2.18.4 msrest/0.4.29
          msrest_azure/0.4.31 azure-mgmt-managementgroups/0.1.0 Azure-SDK-For-Python
          AZURECLI/2.0.34]
    method: GET
    uri: https://management.azure.com/providers/Microsoft.Management/operationResults/create/managementGroups/testcligetgroup2?api-version=2018-03-01-preview
  response:
    body: {string: '{"id":"/providers/Microsoft.Management/managementGroups/testcligetgroup2","type":"/providers/Microsoft.Management/managementGroups","name":"testcligetgroup2","status":"Succeeded","properties":{"tenantId":"dbe499da-a935-4b9f-b4e2-5377e76aaeef","displayName":"testcligetgroup2","details":{"version":3,"updatedTime":"2018-06-13T01:24:42.6992819Z","updatedBy":"c243d53f-e5c5-41c2-8a67-6ed2030f73fe","parent":{"id":"/providers/Microsoft.Management/managementGroups/testcligetgroup1","name":"testcligetgroup1","displayName":"testcligetgroup1"}}}}'}
    headers:
      cache-control: [no-cache]
      content-length: ['540']
      content-type: [application/json; charset=utf-8]
      date: ['Wed, 13 Jun 2018 01:24:48 GMT']
      expires: ['-1']
      pragma: [no-cache]
      request-id: [ac890bc8-5ee2-4430-8bf6-483ed09be5b3]
      server: [Microsoft-IIS/8.5]
      strict-transport-security: [max-age=31536000; includeSubDomains]
      transfer-encoding: [chunked]
      vary: ['Accept-Encoding,Accept-Encoding']
      x-aspnet-version: [4.0.30319]
      x-ba-restapi: [1.0.3.731]
      x-content-type-options: [nosniff]
      x-powered-by: [ASP.NET]
    status: {code: 200, message: OK}
- request:
    body: null
    headers:
      Accept: [application/json]
      Accept-Encoding: ['gzip, deflate']
      CommandName: [account management-group create]
      Connection: [keep-alive]
      Content-Length: ['0']
      Content-Type: [application/json; charset=utf-8]
      User-Agent: [python/3.6.5 (Windows-10-10.0.16299-SP0) requests/2.18.4 msrest/0.4.29
          msrest_azure/0.4.31 resourcemanagementclient/2.0.0rc2 Azure-SDK-For-Python
          AZURECLI/2.0.34]
      accept-language: [en-US]
    method: POST
    uri: https://management.azure.com/subscriptions/00000000-0000-0000-0000-000000000000/providers/Microsoft.Management/register?api-version=2018-05-01
  response:
    body: {string: '{"id":"/subscriptions/00000000-0000-0000-0000-000000000000/providers/Microsoft.Management","namespace":"Microsoft.Management","authorization":{"applicationId":"f2c304cf-8e7e-4c3f-8164-16299ad9d272","roleDefinitionId":"c1cf3708-588a-4647-be7f-f400bbe214cf"},"resourceTypes":[{"resourceType":"resources","locations":[],"apiVersions":["2017-11-01-preview","2017-08-31-preview","2017-06-30-preview","2017-05-31-preview"]},{"resourceType":"managementGroups","locations":[],"apiVersions":["2018-03-01-preview","2018-01-01-preview","2017-11-01-preview","2017-08-31-preview","2017-06-30-preview","2017-05-31-preview"]},{"resourceType":"getEntities","locations":[],"apiVersions":["2018-03-01-preview","2018-01-01-preview"]},{"resourceType":"checkNameAvailability","locations":[],"apiVersions":["2018-03-01-preview","2018-01-01-preview"]},{"resourceType":"operationResults","locations":[],"apiVersions":["2018-03-01-preview","2018-01-01-preview"]},{"resourceType":"operations","locations":[],"apiVersions":["2018-03-01-preview","2018-01-01-preview","2017-11-01-preview","2017-08-31-preview","2017-06-30-preview","2017-05-31-preview"]},{"resourceType":"tenantBackfillStatus","locations":[],"apiVersions":["2018-03-01-preview"]},{"resourceType":"startTenantBackfill","locations":[],"apiVersions":["2018-03-01-preview"]}],"registrationState":"Registered"}'}
    headers:
      cache-control: [no-cache]
      content-length: ['1342']
      content-type: [application/json; charset=utf-8]
      date: ['Wed, 13 Jun 2018 01:24:50 GMT']
      expires: ['-1']
      pragma: [no-cache]
      strict-transport-security: [max-age=31536000; includeSubDomains]
      transfer-encoding: [chunked]
      vary: [Accept-Encoding]
      x-content-type-options: [nosniff]
      x-ms-ratelimit-remaining-subscription-writes: ['1199']
    status: {code: 200, message: OK}
- request:
    body: null
    headers:
      Accept: [application/json]
      Accept-Encoding: ['gzip, deflate']
      CommandName: [account management-group create]
      Connection: [keep-alive]
      Content-Type: [application/json; charset=utf-8]
      User-Agent: [python/3.6.5 (Windows-10-10.0.16299-SP0) requests/2.18.4 msrest/0.4.29
          msrest_azure/0.4.31 resourcemanagementclient/2.0.0rc2 Azure-SDK-For-Python
          AZURECLI/2.0.34]
      accept-language: [en-US]
    method: GET
    uri: https://management.azure.com/subscriptions/00000000-0000-0000-0000-000000000000/providers/Microsoft.Management?api-version=2018-05-01
  response:
    body: {string: '{"id":"/subscriptions/00000000-0000-0000-0000-000000000000/providers/Microsoft.Management","namespace":"Microsoft.Management","authorization":{"applicationId":"f2c304cf-8e7e-4c3f-8164-16299ad9d272","roleDefinitionId":"c1cf3708-588a-4647-be7f-f400bbe214cf"},"resourceTypes":[{"resourceType":"resources","locations":[],"apiVersions":["2017-11-01-preview","2017-08-31-preview","2017-06-30-preview","2017-05-31-preview"]},{"resourceType":"managementGroups","locations":[],"apiVersions":["2018-03-01-preview","2018-01-01-preview","2017-11-01-preview","2017-08-31-preview","2017-06-30-preview","2017-05-31-preview"]},{"resourceType":"getEntities","locations":[],"apiVersions":["2018-03-01-preview","2018-01-01-preview"]},{"resourceType":"checkNameAvailability","locations":[],"apiVersions":["2018-03-01-preview","2018-01-01-preview"]},{"resourceType":"operationResults","locations":[],"apiVersions":["2018-03-01-preview","2018-01-01-preview"]},{"resourceType":"operations","locations":[],"apiVersions":["2018-03-01-preview","2018-01-01-preview","2017-11-01-preview","2017-08-31-preview","2017-06-30-preview","2017-05-31-preview"]},{"resourceType":"tenantBackfillStatus","locations":[],"apiVersions":["2018-03-01-preview"]},{"resourceType":"startTenantBackfill","locations":[],"apiVersions":["2018-03-01-preview"]}],"registrationState":"Registered"}'}
    headers:
      cache-control: [no-cache]
      content-length: ['1342']
      content-type: [application/json; charset=utf-8]
      date: ['Wed, 13 Jun 2018 01:25:00 GMT']
      expires: ['-1']
      pragma: [no-cache]
      strict-transport-security: [max-age=31536000; includeSubDomains]
      vary: [Accept-Encoding]
      x-content-type-options: [nosniff]
    status: {code: 200, message: OK}
- request:
    body: '{"name": "testcligetgroup3", "properties": {"details": {"parent": {"id":
      "/providers/Microsoft.Management/managementGroups/testcligetgroup2"}}}}'
    headers:
      Accept: [application/json]
      Accept-Encoding: ['gzip, deflate']
      Cache-Control: [no-cache]
      CommandName: [account management-group create]
      Connection: [keep-alive]
      Content-Length: ['144']
      Content-Type: [application/json; charset=utf-8]
      User-Agent: [python/3.6.5 (Windows-10-10.0.16299-SP0) requests/2.18.4 msrest/0.4.29
          msrest_azure/0.4.31 azure-mgmt-managementgroups/0.1.0 Azure-SDK-For-Python
          AZURECLI/2.0.34]
      accept-language: [en-US]
    method: PUT
    uri: https://management.azure.com/providers/Microsoft.Management/managementGroups/testcligetgroup3?api-version=2018-03-01-preview
  response:
    body: {string: '{"id":"/providers/Microsoft.Management/managementGroups/testcligetgroup3","type":"/providers/Microsoft.Management/managementGroups","name":"testcligetgroup3","status":"NotStarted"}'}
    headers:
      cache-control: [no-cache]
      content-length: ['180']
      content-type: [application/json; charset=utf-8]
      date: ['Wed, 13 Jun 2018 01:25:01 GMT']
      expires: ['-1']
      location: ['https://management.azure.com/providers/Microsoft.Management/operationResults/create/managementGroups/testcligetgroup3?api-version=2018-03-01-preview']
      pragma: [no-cache]
      request-id: [f8ae6c34-2e04-4b6c-a439-e509864ff7fb]
      server: [Microsoft-IIS/8.5]
      strict-transport-security: [max-age=31536000; includeSubDomains]
      x-aspnet-version: [4.0.30319]
      x-ba-restapi: [1.0.3.731]
      x-content-type-options: [nosniff]
      x-ms-ratelimit-remaining-tenant-writes: ['1199']
      x-powered-by: [ASP.NET]
    status: {code: 202, message: Accepted}
- request:
    body: null
    headers:
      Accept: [application/json]
      Accept-Encoding: ['gzip, deflate']
      CommandName: [account management-group create]
      Connection: [keep-alive]
      User-Agent: [python/3.6.5 (Windows-10-10.0.16299-SP0) requests/2.18.4 msrest/0.4.29
          msrest_azure/0.4.31 azure-mgmt-managementgroups/0.1.0 Azure-SDK-For-Python
          AZURECLI/2.0.34]
    method: GET
    uri: https://management.azure.com/providers/Microsoft.Management/operationResults/create/managementGroups/testcligetgroup3?api-version=2018-03-01-preview
  response:
    body: {string: '{"id":"/providers/Microsoft.Management/managementGroups/testcligetgroup3","type":"/providers/Microsoft.Management/managementGroups","name":"testcligetgroup3","status":"Succeeded","properties":{"tenantId":"dbe499da-a935-4b9f-b4e2-5377e76aaeef","displayName":"testcligetgroup3","details":{"version":2,"updatedTime":"2018-06-13T01:25:06.033563Z","updatedBy":"c243d53f-e5c5-41c2-8a67-6ed2030f73fe","parent":{"id":"/providers/Microsoft.Management/managementGroups/testcligetgroup2","name":"testcligetgroup2","displayName":"testcligetgroup2"}}}}'}
    headers:
      cache-control: [no-cache]
      content-length: ['539']
      content-type: [application/json; charset=utf-8]
      date: ['Wed, 13 Jun 2018 01:25:12 GMT']
      expires: ['-1']
      pragma: [no-cache]
      request-id: [08f51b3a-e235-4073-b3df-644d1a5cf205]
      server: [Microsoft-IIS/8.5]
      strict-transport-security: [max-age=31536000; includeSubDomains]
      transfer-encoding: [chunked]
      vary: ['Accept-Encoding,Accept-Encoding']
      x-aspnet-version: [4.0.30319]
      x-ba-restapi: [1.0.3.731]
      x-content-type-options: [nosniff]
      x-powered-by: [ASP.NET]
    status: {code: 200, message: OK}
- request:
    body: null
    headers:
      Accept: [application/json]
      Accept-Encoding: ['gzip, deflate']
      CommandName: [account management-group create]
      Connection: [keep-alive]
      Content-Length: ['0']
      Content-Type: [application/json; charset=utf-8]
      User-Agent: [python/3.6.5 (Windows-10-10.0.16299-SP0) requests/2.18.4 msrest/0.4.29
          msrest_azure/0.4.31 resourcemanagementclient/2.0.0rc2 Azure-SDK-For-Python
          AZURECLI/2.0.34]
      accept-language: [en-US]
    method: POST
    uri: https://management.azure.com/subscriptions/00000000-0000-0000-0000-000000000000/providers/Microsoft.Management/register?api-version=2018-05-01
  response:
    body: {string: '{"id":"/subscriptions/00000000-0000-0000-0000-000000000000/providers/Microsoft.Management","namespace":"Microsoft.Management","authorization":{"applicationId":"f2c304cf-8e7e-4c3f-8164-16299ad9d272","roleDefinitionId":"c1cf3708-588a-4647-be7f-f400bbe214cf"},"resourceTypes":[{"resourceType":"resources","locations":[],"apiVersions":["2017-11-01-preview","2017-08-31-preview","2017-06-30-preview","2017-05-31-preview"]},{"resourceType":"managementGroups","locations":[],"apiVersions":["2018-03-01-preview","2018-01-01-preview","2017-11-01-preview","2017-08-31-preview","2017-06-30-preview","2017-05-31-preview"]},{"resourceType":"getEntities","locations":[],"apiVersions":["2018-03-01-preview","2018-01-01-preview"]},{"resourceType":"checkNameAvailability","locations":[],"apiVersions":["2018-03-01-preview","2018-01-01-preview"]},{"resourceType":"operationResults","locations":[],"apiVersions":["2018-03-01-preview","2018-01-01-preview"]},{"resourceType":"operations","locations":[],"apiVersions":["2018-03-01-preview","2018-01-01-preview","2017-11-01-preview","2017-08-31-preview","2017-06-30-preview","2017-05-31-preview"]},{"resourceType":"tenantBackfillStatus","locations":[],"apiVersions":["2018-03-01-preview"]},{"resourceType":"startTenantBackfill","locations":[],"apiVersions":["2018-03-01-preview"]}],"registrationState":"Registered"}'}
    headers:
      cache-control: [no-cache]
      content-length: ['1342']
      content-type: [application/json; charset=utf-8]
      date: ['Wed, 13 Jun 2018 01:25:14 GMT']
      expires: ['-1']
      pragma: [no-cache]
      strict-transport-security: [max-age=31536000; includeSubDomains]
      transfer-encoding: [chunked]
      vary: [Accept-Encoding]
      x-content-type-options: [nosniff]
      x-ms-ratelimit-remaining-subscription-writes: ['1199']
    status: {code: 200, message: OK}
- request:
    body: null
    headers:
      Accept: [application/json]
      Accept-Encoding: ['gzip, deflate']
      CommandName: [account management-group create]
      Connection: [keep-alive]
      Content-Type: [application/json; charset=utf-8]
      User-Agent: [python/3.6.5 (Windows-10-10.0.16299-SP0) requests/2.18.4 msrest/0.4.29
          msrest_azure/0.4.31 resourcemanagementclient/2.0.0rc2 Azure-SDK-For-Python
          AZURECLI/2.0.34]
      accept-language: [en-US]
    method: GET
    uri: https://management.azure.com/subscriptions/00000000-0000-0000-0000-000000000000/providers/Microsoft.Management?api-version=2018-05-01
  response:
    body: {string: '{"id":"/subscriptions/00000000-0000-0000-0000-000000000000/providers/Microsoft.Management","namespace":"Microsoft.Management","authorization":{"applicationId":"f2c304cf-8e7e-4c3f-8164-16299ad9d272","roleDefinitionId":"c1cf3708-588a-4647-be7f-f400bbe214cf"},"resourceTypes":[{"resourceType":"resources","locations":[],"apiVersions":["2017-11-01-preview","2017-08-31-preview","2017-06-30-preview","2017-05-31-preview"]},{"resourceType":"managementGroups","locations":[],"apiVersions":["2018-03-01-preview","2018-01-01-preview","2017-11-01-preview","2017-08-31-preview","2017-06-30-preview","2017-05-31-preview"]},{"resourceType":"getEntities","locations":[],"apiVersions":["2018-03-01-preview","2018-01-01-preview"]},{"resourceType":"checkNameAvailability","locations":[],"apiVersions":["2018-03-01-preview","2018-01-01-preview"]},{"resourceType":"operationResults","locations":[],"apiVersions":["2018-03-01-preview","2018-01-01-preview"]},{"resourceType":"operations","locations":[],"apiVersions":["2018-03-01-preview","2018-01-01-preview","2017-11-01-preview","2017-08-31-preview","2017-06-30-preview","2017-05-31-preview"]},{"resourceType":"tenantBackfillStatus","locations":[],"apiVersions":["2018-03-01-preview"]},{"resourceType":"startTenantBackfill","locations":[],"apiVersions":["2018-03-01-preview"]}],"registrationState":"Registered"}'}
    headers:
      cache-control: [no-cache]
      content-length: ['1342']
      content-type: [application/json; charset=utf-8]
      date: ['Wed, 13 Jun 2018 01:25:24 GMT']
      expires: ['-1']
      pragma: [no-cache]
      strict-transport-security: [max-age=31536000; includeSubDomains]
      vary: [Accept-Encoding]
      x-content-type-options: [nosniff]
    status: {code: 200, message: OK}
- request:
    body: '{"name": "testcligetgroup4", "properties": {"details": {"parent": {"id":
      "/providers/Microsoft.Management/managementGroups/testcligetgroup3"}}}}'
    headers:
      Accept: [application/json]
      Accept-Encoding: ['gzip, deflate']
      Cache-Control: [no-cache]
      CommandName: [account management-group create]
      Connection: [keep-alive]
      Content-Length: ['144']
      Content-Type: [application/json; charset=utf-8]
      User-Agent: [python/3.6.5 (Windows-10-10.0.16299-SP0) requests/2.18.4 msrest/0.4.29
          msrest_azure/0.4.31 azure-mgmt-managementgroups/0.1.0 Azure-SDK-For-Python
          AZURECLI/2.0.34]
      accept-language: [en-US]
    method: PUT
    uri: https://management.azure.com/providers/Microsoft.Management/managementGroups/testcligetgroup4?api-version=2018-03-01-preview
  response:
    body: {string: '{"id":"/providers/Microsoft.Management/managementGroups/testcligetgroup4","type":"/providers/Microsoft.Management/managementGroups","name":"testcligetgroup4","status":"NotStarted"}'}
    headers:
      cache-control: [no-cache]
      content-length: ['180']
      content-type: [application/json; charset=utf-8]
      date: ['Wed, 13 Jun 2018 01:25:25 GMT']
      expires: ['-1']
      location: ['https://management.azure.com/providers/Microsoft.Management/operationResults/create/managementGroups/testcligetgroup4?api-version=2018-03-01-preview']
      pragma: [no-cache]
      request-id: [de78365e-e6c9-43ad-97ef-57229761285a]
      server: [Microsoft-IIS/8.5]
      strict-transport-security: [max-age=31536000; includeSubDomains]
      x-aspnet-version: [4.0.30319]
      x-ba-restapi: [1.0.3.731]
      x-content-type-options: [nosniff]
      x-ms-ratelimit-remaining-tenant-writes: ['1199']
      x-powered-by: [ASP.NET]
    status: {code: 202, message: Accepted}
- request:
    body: null
    headers:
      Accept: [application/json]
      Accept-Encoding: ['gzip, deflate']
      CommandName: [account management-group create]
      Connection: [keep-alive]
      User-Agent: [python/3.6.5 (Windows-10-10.0.16299-SP0) requests/2.18.4 msrest/0.4.29
          msrest_azure/0.4.31 azure-mgmt-managementgroups/0.1.0 Azure-SDK-For-Python
          AZURECLI/2.0.34]
    method: GET
    uri: https://management.azure.com/providers/Microsoft.Management/operationResults/create/managementGroups/testcligetgroup4?api-version=2018-03-01-preview
  response:
    body: {string: '{"id":"/providers/Microsoft.Management/managementGroups/testcligetgroup4","type":"/providers/Microsoft.Management/managementGroups","name":"testcligetgroup4","status":"Succeeded","properties":{"tenantId":"dbe499da-a935-4b9f-b4e2-5377e76aaeef","displayName":"testcligetgroup4","details":{"version":1,"updatedTime":"2018-06-13T01:25:30.6544076Z","updatedBy":"c243d53f-e5c5-41c2-8a67-6ed2030f73fe","parent":{"id":"/providers/Microsoft.Management/managementGroups/testcligetgroup3","name":"testcligetgroup3","displayName":"testcligetgroup3"}}}}'}
    headers:
      cache-control: [no-cache]
      content-length: ['540']
      content-type: [application/json; charset=utf-8]
      date: ['Wed, 13 Jun 2018 01:25:35 GMT']
      expires: ['-1']
      pragma: [no-cache]
      request-id: [1c75fbc4-cfac-447a-9e7c-417dbd989548]
      server: [Microsoft-IIS/8.5]
      strict-transport-security: [max-age=31536000; includeSubDomains]
      transfer-encoding: [chunked]
      vary: ['Accept-Encoding,Accept-Encoding']
      x-aspnet-version: [4.0.30319]
      x-ba-restapi: [1.0.3.731]
      x-content-type-options: [nosniff]
      x-powered-by: [ASP.NET]
    status: {code: 200, message: OK}
- request:
    body: null
    headers:
      Accept: [application/json]
      Accept-Encoding: ['gzip, deflate']
      CommandName: [account management-group show]
      Connection: [keep-alive]
      Content-Length: ['0']
      Content-Type: [application/json; charset=utf-8]
      User-Agent: [python/3.6.5 (Windows-10-10.0.16299-SP0) requests/2.18.4 msrest/0.4.29
          msrest_azure/0.4.31 resourcemanagementclient/2.0.0rc2 Azure-SDK-For-Python
          AZURECLI/2.0.34]
      accept-language: [en-US]
    method: POST
    uri: https://management.azure.com/subscriptions/00000000-0000-0000-0000-000000000000/providers/Microsoft.Management/register?api-version=2018-05-01
  response:
    body: {string: '{"id":"/subscriptions/00000000-0000-0000-0000-000000000000/providers/Microsoft.Management","namespace":"Microsoft.Management","authorization":{"applicationId":"f2c304cf-8e7e-4c3f-8164-16299ad9d272","roleDefinitionId":"c1cf3708-588a-4647-be7f-f400bbe214cf"},"resourceTypes":[{"resourceType":"resources","locations":[],"apiVersions":["2017-11-01-preview","2017-08-31-preview","2017-06-30-preview","2017-05-31-preview"]},{"resourceType":"managementGroups","locations":[],"apiVersions":["2018-03-01-preview","2018-01-01-preview","2017-11-01-preview","2017-08-31-preview","2017-06-30-preview","2017-05-31-preview"]},{"resourceType":"getEntities","locations":[],"apiVersions":["2018-03-01-preview","2018-01-01-preview"]},{"resourceType":"checkNameAvailability","locations":[],"apiVersions":["2018-03-01-preview","2018-01-01-preview"]},{"resourceType":"operationResults","locations":[],"apiVersions":["2018-03-01-preview","2018-01-01-preview"]},{"resourceType":"operations","locations":[],"apiVersions":["2018-03-01-preview","2018-01-01-preview","2017-11-01-preview","2017-08-31-preview","2017-06-30-preview","2017-05-31-preview"]},{"resourceType":"tenantBackfillStatus","locations":[],"apiVersions":["2018-03-01-preview"]},{"resourceType":"startTenantBackfill","locations":[],"apiVersions":["2018-03-01-preview"]}],"registrationState":"Registered"}'}
    headers:
      cache-control: [no-cache]
      content-length: ['1342']
      content-type: [application/json; charset=utf-8]
      date: ['Wed, 13 Jun 2018 01:25:38 GMT']
      expires: ['-1']
      pragma: [no-cache]
      strict-transport-security: [max-age=31536000; includeSubDomains]
      transfer-encoding: [chunked]
      vary: [Accept-Encoding]
      x-content-type-options: [nosniff]
      x-ms-ratelimit-remaining-subscription-writes: ['1199']
    status: {code: 200, message: OK}
- request:
    body: null
    headers:
      Accept: [application/json]
      Accept-Encoding: ['gzip, deflate']
      CommandName: [account management-group show]
      Connection: [keep-alive]
      Content-Type: [application/json; charset=utf-8]
      User-Agent: [python/3.6.5 (Windows-10-10.0.16299-SP0) requests/2.18.4 msrest/0.4.29
          msrest_azure/0.4.31 resourcemanagementclient/2.0.0rc2 Azure-SDK-For-Python
          AZURECLI/2.0.34]
      accept-language: [en-US]
    method: GET
    uri: https://management.azure.com/subscriptions/00000000-0000-0000-0000-000000000000/providers/Microsoft.Management?api-version=2018-05-01
  response:
    body: {string: '{"id":"/subscriptions/00000000-0000-0000-0000-000000000000/providers/Microsoft.Management","namespace":"Microsoft.Management","authorization":{"applicationId":"f2c304cf-8e7e-4c3f-8164-16299ad9d272","roleDefinitionId":"c1cf3708-588a-4647-be7f-f400bbe214cf"},"resourceTypes":[{"resourceType":"resources","locations":[],"apiVersions":["2017-11-01-preview","2017-08-31-preview","2017-06-30-preview","2017-05-31-preview"]},{"resourceType":"managementGroups","locations":[],"apiVersions":["2018-03-01-preview","2018-01-01-preview","2017-11-01-preview","2017-08-31-preview","2017-06-30-preview","2017-05-31-preview"]},{"resourceType":"getEntities","locations":[],"apiVersions":["2018-03-01-preview","2018-01-01-preview"]},{"resourceType":"checkNameAvailability","locations":[],"apiVersions":["2018-03-01-preview","2018-01-01-preview"]},{"resourceType":"operationResults","locations":[],"apiVersions":["2018-03-01-preview","2018-01-01-preview"]},{"resourceType":"operations","locations":[],"apiVersions":["2018-03-01-preview","2018-01-01-preview","2017-11-01-preview","2017-08-31-preview","2017-06-30-preview","2017-05-31-preview"]},{"resourceType":"tenantBackfillStatus","locations":[],"apiVersions":["2018-03-01-preview"]},{"resourceType":"startTenantBackfill","locations":[],"apiVersions":["2018-03-01-preview"]}],"registrationState":"Registered"}'}
    headers:
      cache-control: [no-cache]
      content-length: ['1342']
      content-type: [application/json; charset=utf-8]
      date: ['Wed, 13 Jun 2018 01:25:48 GMT']
      expires: ['-1']
      pragma: [no-cache]
      strict-transport-security: [max-age=31536000; includeSubDomains]
      vary: [Accept-Encoding]
      x-content-type-options: [nosniff]
    status: {code: 200, message: OK}
- request:
    body: null
    headers:
      Accept: [application/json]
      Accept-Encoding: ['gzip, deflate']
      Cache-Control: [no-cache]
      CommandName: [account management-group show]
      Connection: [keep-alive]
      Content-Type: [application/json; charset=utf-8]
      User-Agent: [python/3.6.5 (Windows-10-10.0.16299-SP0) requests/2.18.4 msrest/0.4.29
          msrest_azure/0.4.31 azure-mgmt-managementgroups/0.1.0 Azure-SDK-For-Python
          AZURECLI/2.0.34]
      accept-language: [en-US]
    method: GET
    uri: https://management.azure.com/providers/Microsoft.Management/managementGroups/testcligetgroup2?api-version=2018-03-01-preview&$expand=children&$recurse=true
  response:
    body: {string: '{"id":"/providers/Microsoft.Management/managementGroups/testcligetgroup2","type":"/providers/Microsoft.Management/managementGroups","name":"testcligetgroup2","properties":{"tenantId":"dbe499da-a935-4b9f-b4e2-5377e76aaeef","displayName":"testcligetgroup2","details":{"version":3,"updatedTime":"2018-06-13T01:24:42.6992819Z","updatedBy":"c243d53f-e5c5-41c2-8a67-6ed2030f73fe","parent":{"id":"/providers/Microsoft.Management/managementGroups/testcligetgroup1","name":"testcligetgroup1","displayName":"testcligetgroup1"}},"children":[{"id":"/providers/Microsoft.Management/managementGroups/testcligetgroup3","type":"/providers/Microsoft.Management/managementGroups","name":"testcligetgroup3","displayName":"testcligetgroup3","children":[{"id":"/providers/Microsoft.Management/managementGroups/testcligetgroup4","type":"/providers/Microsoft.Management/managementGroups","name":"testcligetgroup4","displayName":"testcligetgroup4"}]}]}}'}
    headers:
      cache-control: [no-cache]
      content-length: ['929']
      content-type: [application/json; charset=utf-8]
      date: ['Wed, 13 Jun 2018 01:25:48 GMT']
      expires: ['-1']
      pragma: [no-cache]
      request-id: [d0546ce0-b29e-43bb-b932-ec08e396a455]
      server: [Microsoft-IIS/8.5]
      strict-transport-security: [max-age=31536000; includeSubDomains]
      transfer-encoding: [chunked]
      vary: ['Accept-Encoding,Accept-Encoding']
      x-aspnet-version: [4.0.30319]
      x-ba-restapi: [1.0.3.731]
      x-content-type-options: [nosniff]
      x-powered-by: [ASP.NET]
    status: {code: 200, message: OK}
- request:
    body: null
    headers:
      Accept: [application/json]
      Accept-Encoding: ['gzip, deflate']
      CommandName: [account management-group delete]
      Connection: [keep-alive]
      Content-Length: ['0']
      Content-Type: [application/json; charset=utf-8]
      User-Agent: [python/3.6.5 (Windows-10-10.0.16299-SP0) requests/2.18.4 msrest/0.4.29
          msrest_azure/0.4.31 resourcemanagementclient/2.0.0rc2 Azure-SDK-For-Python
          AZURECLI/2.0.34]
      accept-language: [en-US]
    method: POST
    uri: https://management.azure.com/subscriptions/00000000-0000-0000-0000-000000000000/providers/Microsoft.Management/register?api-version=2018-05-01
  response:
    body: {string: '{"id":"/subscriptions/00000000-0000-0000-0000-000000000000/providers/Microsoft.Management","namespace":"Microsoft.Management","authorization":{"applicationId":"f2c304cf-8e7e-4c3f-8164-16299ad9d272","roleDefinitionId":"c1cf3708-588a-4647-be7f-f400bbe214cf"},"resourceTypes":[{"resourceType":"resources","locations":[],"apiVersions":["2017-11-01-preview","2017-08-31-preview","2017-06-30-preview","2017-05-31-preview"]},{"resourceType":"managementGroups","locations":[],"apiVersions":["2018-03-01-preview","2018-01-01-preview","2017-11-01-preview","2017-08-31-preview","2017-06-30-preview","2017-05-31-preview"]},{"resourceType":"getEntities","locations":[],"apiVersions":["2018-03-01-preview","2018-01-01-preview"]},{"resourceType":"checkNameAvailability","locations":[],"apiVersions":["2018-03-01-preview","2018-01-01-preview"]},{"resourceType":"operationResults","locations":[],"apiVersions":["2018-03-01-preview","2018-01-01-preview"]},{"resourceType":"operations","locations":[],"apiVersions":["2018-03-01-preview","2018-01-01-preview","2017-11-01-preview","2017-08-31-preview","2017-06-30-preview","2017-05-31-preview"]},{"resourceType":"tenantBackfillStatus","locations":[],"apiVersions":["2018-03-01-preview"]},{"resourceType":"startTenantBackfill","locations":[],"apiVersions":["2018-03-01-preview"]}],"registrationState":"Registered"}'}
    headers:
      cache-control: [no-cache]
      content-length: ['1342']
      content-type: [application/json; charset=utf-8]
      date: ['Wed, 13 Jun 2018 01:25:49 GMT']
      expires: ['-1']
      pragma: [no-cache]
      strict-transport-security: [max-age=31536000; includeSubDomains]
      transfer-encoding: [chunked]
      vary: [Accept-Encoding]
      x-content-type-options: [nosniff]
      x-ms-ratelimit-remaining-subscription-writes: ['1199']
    status: {code: 200, message: OK}
- request:
    body: null
    headers:
      Accept: [application/json]
      Accept-Encoding: ['gzip, deflate']
      CommandName: [account management-group delete]
      Connection: [keep-alive]
      Content-Type: [application/json; charset=utf-8]
      User-Agent: [python/3.6.5 (Windows-10-10.0.16299-SP0) requests/2.18.4 msrest/0.4.29
          msrest_azure/0.4.31 resourcemanagementclient/2.0.0rc2 Azure-SDK-For-Python
          AZURECLI/2.0.34]
      accept-language: [en-US]
    method: GET
    uri: https://management.azure.com/subscriptions/00000000-0000-0000-0000-000000000000/providers/Microsoft.Management?api-version=2018-05-01
  response:
    body: {string: '{"id":"/subscriptions/00000000-0000-0000-0000-000000000000/providers/Microsoft.Management","namespace":"Microsoft.Management","authorization":{"applicationId":"f2c304cf-8e7e-4c3f-8164-16299ad9d272","roleDefinitionId":"c1cf3708-588a-4647-be7f-f400bbe214cf"},"resourceTypes":[{"resourceType":"resources","locations":[],"apiVersions":["2017-11-01-preview","2017-08-31-preview","2017-06-30-preview","2017-05-31-preview"]},{"resourceType":"managementGroups","locations":[],"apiVersions":["2018-03-01-preview","2018-01-01-preview","2017-11-01-preview","2017-08-31-preview","2017-06-30-preview","2017-05-31-preview"]},{"resourceType":"getEntities","locations":[],"apiVersions":["2018-03-01-preview","2018-01-01-preview"]},{"resourceType":"checkNameAvailability","locations":[],"apiVersions":["2018-03-01-preview","2018-01-01-preview"]},{"resourceType":"operationResults","locations":[],"apiVersions":["2018-03-01-preview","2018-01-01-preview"]},{"resourceType":"operations","locations":[],"apiVersions":["2018-03-01-preview","2018-01-01-preview","2017-11-01-preview","2017-08-31-preview","2017-06-30-preview","2017-05-31-preview"]},{"resourceType":"tenantBackfillStatus","locations":[],"apiVersions":["2018-03-01-preview"]},{"resourceType":"startTenantBackfill","locations":[],"apiVersions":["2018-03-01-preview"]}],"registrationState":"Registered"}'}
    headers:
      cache-control: [no-cache]
      content-length: ['1342']
      content-type: [application/json; charset=utf-8]
      date: ['Wed, 13 Jun 2018 01:25:59 GMT']
      expires: ['-1']
      pragma: [no-cache]
      strict-transport-security: [max-age=31536000; includeSubDomains]
      vary: [Accept-Encoding]
      x-content-type-options: [nosniff]
    status: {code: 200, message: OK}
- request:
    body: null
    headers:
      Accept: [application/json]
      Accept-Encoding: ['gzip, deflate']
      Cache-Control: [no-cache]
      CommandName: [account management-group delete]
      Connection: [keep-alive]
      Content-Length: ['0']
      Content-Type: [application/json; charset=utf-8]
      User-Agent: [python/3.6.5 (Windows-10-10.0.16299-SP0) requests/2.18.4 msrest/0.4.29
          msrest_azure/0.4.31 azure-mgmt-managementgroups/0.1.0 Azure-SDK-For-Python
          AZURECLI/2.0.34]
      accept-language: [en-US]
    method: DELETE
    uri: https://management.azure.com/providers/Microsoft.Management/managementGroups/testcligetgroup4?api-version=2018-03-01-preview
  response:
    body: {string: '{"id":"/providers/Microsoft.Management/managementGroups/testcligetgroup4","type":"/providers/Microsoft.Management/managementGroups","name":"testcligetgroup4","status":"NotStarted"}'}
    headers:
      cache-control: [no-cache]
      content-length: ['180']
      content-type: [application/json; charset=utf-8]
      date: ['Wed, 13 Jun 2018 01:26:00 GMT']
      expires: ['-1']
      location: ['https://management.azure.com/providers/Microsoft.Management/operationResults/delete/managementGroups/testcligetgroup4?api-version=2018-03-01-preview']
      pragma: [no-cache]
      request-id: [c8c8209f-60cc-4705-9abb-70a0d81f6b29]
      server: [Microsoft-IIS/8.5]
      strict-transport-security: [max-age=31536000; includeSubDomains]
      x-aspnet-version: [4.0.30319]
      x-ba-restapi: [1.0.3.731]
      x-content-type-options: [nosniff]
      x-ms-ratelimit-remaining-tenant-writes: ['1199']
      x-powered-by: [ASP.NET]
    status: {code: 202, message: Accepted}
- request:
    body: null
    headers:
      Accept: [application/json]
      Accept-Encoding: ['gzip, deflate']
      CommandName: [account management-group delete]
      Connection: [keep-alive]
      User-Agent: [python/3.6.5 (Windows-10-10.0.16299-SP0) requests/2.18.4 msrest/0.4.29
          msrest_azure/0.4.31 azure-mgmt-managementgroups/0.1.0 Azure-SDK-For-Python
          AZURECLI/2.0.34]
    method: GET
    uri: https://management.azure.com/providers/Microsoft.Management/operationResults/delete/managementGroups/testcligetgroup4?api-version=2018-03-01-preview
  response:
    body: {string: '{"id":"/providers/Microsoft.Management/managementGroups/testcligetgroup4","type":"/providers/Microsoft.Management/managementGroups","name":"testcligetgroup4","status":"Succeeded"}'}
    headers:
      cache-control: [no-cache]
      content-length: ['179']
      content-type: [application/json; charset=utf-8]
      date: ['Wed, 13 Jun 2018 01:26:11 GMT']
      expires: ['-1']
      pragma: [no-cache]
      request-id: [c4be4594-04e3-4d65-b54e-848093a6fc39]
      server: [Microsoft-IIS/8.5]
      strict-transport-security: [max-age=31536000; includeSubDomains]
      transfer-encoding: [chunked]
      vary: ['Accept-Encoding,Accept-Encoding']
      x-aspnet-version: [4.0.30319]
      x-ba-restapi: [1.0.3.731]
      x-content-type-options: [nosniff]
      x-powered-by: [ASP.NET]
    status: {code: 200, message: OK}
- request:
    body: null
    headers:
      Accept: [application/json]
      Accept-Encoding: ['gzip, deflate']
      CommandName: [account management-group delete]
      Connection: [keep-alive]
      Content-Length: ['0']
      Content-Type: [application/json; charset=utf-8]
      User-Agent: [python/3.6.5 (Windows-10-10.0.16299-SP0) requests/2.18.4 msrest/0.4.29
          msrest_azure/0.4.31 resourcemanagementclient/2.0.0rc2 Azure-SDK-For-Python
          AZURECLI/2.0.34]
      accept-language: [en-US]
    method: POST
    uri: https://management.azure.com/subscriptions/00000000-0000-0000-0000-000000000000/providers/Microsoft.Management/register?api-version=2018-05-01
  response:
    body: {string: '{"id":"/subscriptions/00000000-0000-0000-0000-000000000000/providers/Microsoft.Management","namespace":"Microsoft.Management","authorization":{"applicationId":"f2c304cf-8e7e-4c3f-8164-16299ad9d272","roleDefinitionId":"c1cf3708-588a-4647-be7f-f400bbe214cf"},"resourceTypes":[{"resourceType":"resources","locations":[],"apiVersions":["2017-11-01-preview","2017-08-31-preview","2017-06-30-preview","2017-05-31-preview"]},{"resourceType":"managementGroups","locations":[],"apiVersions":["2018-03-01-preview","2018-01-01-preview","2017-11-01-preview","2017-08-31-preview","2017-06-30-preview","2017-05-31-preview"]},{"resourceType":"getEntities","locations":[],"apiVersions":["2018-03-01-preview","2018-01-01-preview"]},{"resourceType":"checkNameAvailability","locations":[],"apiVersions":["2018-03-01-preview","2018-01-01-preview"]},{"resourceType":"operationResults","locations":[],"apiVersions":["2018-03-01-preview","2018-01-01-preview"]},{"resourceType":"operations","locations":[],"apiVersions":["2018-03-01-preview","2018-01-01-preview","2017-11-01-preview","2017-08-31-preview","2017-06-30-preview","2017-05-31-preview"]},{"resourceType":"tenantBackfillStatus","locations":[],"apiVersions":["2018-03-01-preview"]},{"resourceType":"startTenantBackfill","locations":[],"apiVersions":["2018-03-01-preview"]}],"registrationState":"Registered"}'}
    headers:
      cache-control: [no-cache]
      content-length: ['1342']
      content-type: [application/json; charset=utf-8]
      date: ['Wed, 13 Jun 2018 01:26:13 GMT']
      expires: ['-1']
      pragma: [no-cache]
      strict-transport-security: [max-age=31536000; includeSubDomains]
      transfer-encoding: [chunked]
      vary: [Accept-Encoding]
      x-content-type-options: [nosniff]
      x-ms-ratelimit-remaining-subscription-writes: ['1199']
    status: {code: 200, message: OK}
- request:
    body: null
    headers:
      Accept: [application/json]
      Accept-Encoding: ['gzip, deflate']
      CommandName: [account management-group delete]
      Connection: [keep-alive]
      Content-Type: [application/json; charset=utf-8]
      User-Agent: [python/3.6.5 (Windows-10-10.0.16299-SP0) requests/2.18.4 msrest/0.4.29
          msrest_azure/0.4.31 resourcemanagementclient/2.0.0rc2 Azure-SDK-For-Python
          AZURECLI/2.0.34]
      accept-language: [en-US]
    method: GET
    uri: https://management.azure.com/subscriptions/00000000-0000-0000-0000-000000000000/providers/Microsoft.Management?api-version=2018-05-01
  response:
    body: {string: '{"id":"/subscriptions/00000000-0000-0000-0000-000000000000/providers/Microsoft.Management","namespace":"Microsoft.Management","authorization":{"applicationId":"f2c304cf-8e7e-4c3f-8164-16299ad9d272","roleDefinitionId":"c1cf3708-588a-4647-be7f-f400bbe214cf"},"resourceTypes":[{"resourceType":"resources","locations":[],"apiVersions":["2017-11-01-preview","2017-08-31-preview","2017-06-30-preview","2017-05-31-preview"]},{"resourceType":"managementGroups","locations":[],"apiVersions":["2018-03-01-preview","2018-01-01-preview","2017-11-01-preview","2017-08-31-preview","2017-06-30-preview","2017-05-31-preview"]},{"resourceType":"getEntities","locations":[],"apiVersions":["2018-03-01-preview","2018-01-01-preview"]},{"resourceType":"checkNameAvailability","locations":[],"apiVersions":["2018-03-01-preview","2018-01-01-preview"]},{"resourceType":"operationResults","locations":[],"apiVersions":["2018-03-01-preview","2018-01-01-preview"]},{"resourceType":"operations","locations":[],"apiVersions":["2018-03-01-preview","2018-01-01-preview","2017-11-01-preview","2017-08-31-preview","2017-06-30-preview","2017-05-31-preview"]},{"resourceType":"tenantBackfillStatus","locations":[],"apiVersions":["2018-03-01-preview"]},{"resourceType":"startTenantBackfill","locations":[],"apiVersions":["2018-03-01-preview"]}],"registrationState":"Registered"}'}
    headers:
      cache-control: [no-cache]
      content-length: ['1342']
      content-type: [application/json; charset=utf-8]
      date: ['Wed, 13 Jun 2018 01:26:23 GMT']
      expires: ['-1']
      pragma: [no-cache]
      strict-transport-security: [max-age=31536000; includeSubDomains]
      vary: [Accept-Encoding]
      x-content-type-options: [nosniff]
    status: {code: 200, message: OK}
- request:
    body: null
    headers:
      Accept: [application/json]
      Accept-Encoding: ['gzip, deflate']
      Cache-Control: [no-cache]
      CommandName: [account management-group delete]
      Connection: [keep-alive]
      Content-Length: ['0']
      Content-Type: [application/json; charset=utf-8]
      User-Agent: [python/3.6.5 (Windows-10-10.0.16299-SP0) requests/2.18.4 msrest/0.4.29
          msrest_azure/0.4.31 azure-mgmt-managementgroups/0.1.0 Azure-SDK-For-Python
          AZURECLI/2.0.34]
      accept-language: [en-US]
    method: DELETE
    uri: https://management.azure.com/providers/Microsoft.Management/managementGroups/testcligetgroup3?api-version=2018-03-01-preview
  response:
    body: {string: '{"id":"/providers/Microsoft.Management/managementGroups/testcligetgroup3","type":"/providers/Microsoft.Management/managementGroups","name":"testcligetgroup3","status":"NotStarted"}'}
    headers:
      cache-control: [no-cache]
      content-length: ['180']
      content-type: [application/json; charset=utf-8]
      date: ['Wed, 13 Jun 2018 01:26:24 GMT']
      expires: ['-1']
      location: ['https://management.azure.com/providers/Microsoft.Management/operationResults/delete/managementGroups/testcligetgroup3?api-version=2018-03-01-preview']
      pragma: [no-cache]
      request-id: [b8e31ebf-6fc0-4a51-ab66-922ffe8e9e29]
      server: [Microsoft-IIS/8.5]
      strict-transport-security: [max-age=31536000; includeSubDomains]
      x-aspnet-version: [4.0.30319]
      x-ba-restapi: [1.0.3.731]
      x-content-type-options: [nosniff]
      x-ms-ratelimit-remaining-tenant-writes: ['1199']
      x-powered-by: [ASP.NET]
    status: {code: 202, message: Accepted}
- request:
    body: null
    headers:
      Accept: [application/json]
      Accept-Encoding: ['gzip, deflate']
      CommandName: [account management-group delete]
      Connection: [keep-alive]
      User-Agent: [python/3.6.5 (Windows-10-10.0.16299-SP0) requests/2.18.4 msrest/0.4.29
          msrest_azure/0.4.31 azure-mgmt-managementgroups/0.1.0 Azure-SDK-For-Python
          AZURECLI/2.0.34]
    method: GET
    uri: https://management.azure.com/providers/Microsoft.Management/operationResults/delete/managementGroups/testcligetgroup3?api-version=2018-03-01-preview
  response:
    body: {string: '{"id":"/providers/Microsoft.Management/managementGroups/testcligetgroup3","type":"/providers/Microsoft.Management/managementGroups","name":"testcligetgroup3","status":"Succeeded"}'}
    headers:
      cache-control: [no-cache]
      content-length: ['179']
      content-type: [application/json; charset=utf-8]
      date: ['Wed, 13 Jun 2018 01:26:34 GMT']
      expires: ['-1']
      pragma: [no-cache]
      request-id: [d7d8922e-bdb7-43dc-8c8b-b0fee625f639]
      server: [Microsoft-IIS/8.5]
      strict-transport-security: [max-age=31536000; includeSubDomains]
      transfer-encoding: [chunked]
      vary: ['Accept-Encoding,Accept-Encoding']
      x-aspnet-version: [4.0.30319]
      x-ba-restapi: [1.0.3.731]
      x-content-type-options: [nosniff]
      x-powered-by: [ASP.NET]
    status: {code: 200, message: OK}
- request:
    body: null
    headers:
      Accept: [application/json]
      Accept-Encoding: ['gzip, deflate']
      CommandName: [account management-group delete]
      Connection: [keep-alive]
      Content-Length: ['0']
      Content-Type: [application/json; charset=utf-8]
      User-Agent: [python/3.6.5 (Windows-10-10.0.16299-SP0) requests/2.18.4 msrest/0.4.29
          msrest_azure/0.4.31 resourcemanagementclient/2.0.0rc2 Azure-SDK-For-Python
          AZURECLI/2.0.34]
      accept-language: [en-US]
    method: POST
    uri: https://management.azure.com/subscriptions/00000000-0000-0000-0000-000000000000/providers/Microsoft.Management/register?api-version=2018-05-01
  response:
    body: {string: '{"id":"/subscriptions/00000000-0000-0000-0000-000000000000/providers/Microsoft.Management","namespace":"Microsoft.Management","authorization":{"applicationId":"f2c304cf-8e7e-4c3f-8164-16299ad9d272","roleDefinitionId":"c1cf3708-588a-4647-be7f-f400bbe214cf"},"resourceTypes":[{"resourceType":"resources","locations":[],"apiVersions":["2017-11-01-preview","2017-08-31-preview","2017-06-30-preview","2017-05-31-preview"]},{"resourceType":"managementGroups","locations":[],"apiVersions":["2018-03-01-preview","2018-01-01-preview","2017-11-01-preview","2017-08-31-preview","2017-06-30-preview","2017-05-31-preview"]},{"resourceType":"getEntities","locations":[],"apiVersions":["2018-03-01-preview","2018-01-01-preview"]},{"resourceType":"checkNameAvailability","locations":[],"apiVersions":["2018-03-01-preview","2018-01-01-preview"]},{"resourceType":"operationResults","locations":[],"apiVersions":["2018-03-01-preview","2018-01-01-preview"]},{"resourceType":"operations","locations":[],"apiVersions":["2018-03-01-preview","2018-01-01-preview","2017-11-01-preview","2017-08-31-preview","2017-06-30-preview","2017-05-31-preview"]},{"resourceType":"tenantBackfillStatus","locations":[],"apiVersions":["2018-03-01-preview"]},{"resourceType":"startTenantBackfill","locations":[],"apiVersions":["2018-03-01-preview"]}],"registrationState":"Registered"}'}
    headers:
      cache-control: [no-cache]
      content-length: ['1342']
      content-type: [application/json; charset=utf-8]
      date: ['Wed, 13 Jun 2018 01:26:36 GMT']
      expires: ['-1']
      pragma: [no-cache]
      strict-transport-security: [max-age=31536000; includeSubDomains]
      transfer-encoding: [chunked]
      vary: [Accept-Encoding]
      x-content-type-options: [nosniff]
      x-ms-ratelimit-remaining-subscription-writes: ['1199']
    status: {code: 200, message: OK}
- request:
    body: null
    headers:
      Accept: [application/json]
      Accept-Encoding: ['gzip, deflate']
      CommandName: [account management-group delete]
      Connection: [keep-alive]
      Content-Type: [application/json; charset=utf-8]
      User-Agent: [python/3.6.5 (Windows-10-10.0.16299-SP0) requests/2.18.4 msrest/0.4.29
          msrest_azure/0.4.31 resourcemanagementclient/2.0.0rc2 Azure-SDK-For-Python
          AZURECLI/2.0.34]
      accept-language: [en-US]
    method: GET
    uri: https://management.azure.com/subscriptions/00000000-0000-0000-0000-000000000000/providers/Microsoft.Management?api-version=2018-05-01
  response:
    body: {string: '{"id":"/subscriptions/00000000-0000-0000-0000-000000000000/providers/Microsoft.Management","namespace":"Microsoft.Management","authorization":{"applicationId":"f2c304cf-8e7e-4c3f-8164-16299ad9d272","roleDefinitionId":"c1cf3708-588a-4647-be7f-f400bbe214cf"},"resourceTypes":[{"resourceType":"resources","locations":[],"apiVersions":["2017-11-01-preview","2017-08-31-preview","2017-06-30-preview","2017-05-31-preview"]},{"resourceType":"managementGroups","locations":[],"apiVersions":["2018-03-01-preview","2018-01-01-preview","2017-11-01-preview","2017-08-31-preview","2017-06-30-preview","2017-05-31-preview"]},{"resourceType":"getEntities","locations":[],"apiVersions":["2018-03-01-preview","2018-01-01-preview"]},{"resourceType":"checkNameAvailability","locations":[],"apiVersions":["2018-03-01-preview","2018-01-01-preview"]},{"resourceType":"operationResults","locations":[],"apiVersions":["2018-03-01-preview","2018-01-01-preview"]},{"resourceType":"operations","locations":[],"apiVersions":["2018-03-01-preview","2018-01-01-preview","2017-11-01-preview","2017-08-31-preview","2017-06-30-preview","2017-05-31-preview"]},{"resourceType":"tenantBackfillStatus","locations":[],"apiVersions":["2018-03-01-preview"]},{"resourceType":"startTenantBackfill","locations":[],"apiVersions":["2018-03-01-preview"]}],"registrationState":"Registered"}'}
    headers:
      cache-control: [no-cache]
      content-length: ['1342']
      content-type: [application/json; charset=utf-8]
      date: ['Wed, 13 Jun 2018 01:26:47 GMT']
      expires: ['-1']
      pragma: [no-cache]
      strict-transport-security: [max-age=31536000; includeSubDomains]
      vary: [Accept-Encoding]
      x-content-type-options: [nosniff]
    status: {code: 200, message: OK}
- request:
    body: null
    headers:
      Accept: [application/json]
      Accept-Encoding: ['gzip, deflate']
      Cache-Control: [no-cache]
      CommandName: [account management-group delete]
      Connection: [keep-alive]
      Content-Length: ['0']
      Content-Type: [application/json; charset=utf-8]
      User-Agent: [python/3.6.5 (Windows-10-10.0.16299-SP0) requests/2.18.4 msrest/0.4.29
          msrest_azure/0.4.31 azure-mgmt-managementgroups/0.1.0 Azure-SDK-For-Python
          AZURECLI/2.0.34]
      accept-language: [en-US]
    method: DELETE
    uri: https://management.azure.com/providers/Microsoft.Management/managementGroups/testcligetgroup2?api-version=2018-03-01-preview
  response:
    body: {string: '{"id":"/providers/Microsoft.Management/managementGroups/testcligetgroup2","type":"/providers/Microsoft.Management/managementGroups","name":"testcligetgroup2","status":"NotStarted"}'}
    headers:
      cache-control: [no-cache]
      content-length: ['180']
      content-type: [application/json; charset=utf-8]
      date: ['Wed, 13 Jun 2018 01:26:48 GMT']
      expires: ['-1']
      location: ['https://management.azure.com/providers/Microsoft.Management/operationResults/delete/managementGroups/testcligetgroup2?api-version=2018-03-01-preview']
      pragma: [no-cache]
      request-id: [fccbb656-7282-40d7-a837-3e234426bc40]
      server: [Microsoft-IIS/8.5]
      strict-transport-security: [max-age=31536000; includeSubDomains]
      x-aspnet-version: [4.0.30319]
      x-ba-restapi: [1.0.3.731]
      x-content-type-options: [nosniff]
      x-ms-ratelimit-remaining-tenant-writes: ['1199']
      x-powered-by: [ASP.NET]
    status: {code: 202, message: Accepted}
- request:
    body: null
    headers:
      Accept: [application/json]
      Accept-Encoding: ['gzip, deflate']
      CommandName: [account management-group delete]
      Connection: [keep-alive]
      User-Agent: [python/3.6.5 (Windows-10-10.0.16299-SP0) requests/2.18.4 msrest/0.4.29
          msrest_azure/0.4.31 azure-mgmt-managementgroups/0.1.0 Azure-SDK-For-Python
          AZURECLI/2.0.34]
    method: GET
    uri: https://management.azure.com/providers/Microsoft.Management/operationResults/delete/managementGroups/testcligetgroup2?api-version=2018-03-01-preview
  response:
    body: {string: '{"id":"/providers/Microsoft.Management/managementGroups/testcligetgroup2","type":"/providers/Microsoft.Management/managementGroups","name":"testcligetgroup2","status":"Succeeded"}'}
    headers:
      cache-control: [no-cache]
      content-length: ['179']
      content-type: [application/json; charset=utf-8]
      date: ['Wed, 13 Jun 2018 01:26:58 GMT']
      expires: ['-1']
      pragma: [no-cache]
      request-id: [6399b00a-f033-4f85-b45b-7ebae299e8c0]
      server: [Microsoft-IIS/8.5]
      strict-transport-security: [max-age=31536000; includeSubDomains]
      transfer-encoding: [chunked]
      vary: ['Accept-Encoding,Accept-Encoding']
      x-aspnet-version: [4.0.30319]
      x-ba-restapi: [1.0.3.731]
      x-content-type-options: [nosniff]
      x-powered-by: [ASP.NET]
    status: {code: 200, message: OK}
- request:
    body: null
    headers:
      Accept: [application/json]
      Accept-Encoding: ['gzip, deflate']
      CommandName: [account management-group delete]
      Connection: [keep-alive]
      Content-Length: ['0']
      Content-Type: [application/json; charset=utf-8]
      User-Agent: [python/3.6.5 (Windows-10-10.0.16299-SP0) requests/2.18.4 msrest/0.4.29
          msrest_azure/0.4.31 resourcemanagementclient/2.0.0rc2 Azure-SDK-For-Python
          AZURECLI/2.0.34]
      accept-language: [en-US]
    method: POST
    uri: https://management.azure.com/subscriptions/00000000-0000-0000-0000-000000000000/providers/Microsoft.Management/register?api-version=2018-05-01
  response:
    body: {string: '{"id":"/subscriptions/00000000-0000-0000-0000-000000000000/providers/Microsoft.Management","namespace":"Microsoft.Management","authorization":{"applicationId":"f2c304cf-8e7e-4c3f-8164-16299ad9d272","roleDefinitionId":"c1cf3708-588a-4647-be7f-f400bbe214cf"},"resourceTypes":[{"resourceType":"resources","locations":[],"apiVersions":["2017-11-01-preview","2017-08-31-preview","2017-06-30-preview","2017-05-31-preview"]},{"resourceType":"managementGroups","locations":[],"apiVersions":["2018-03-01-preview","2018-01-01-preview","2017-11-01-preview","2017-08-31-preview","2017-06-30-preview","2017-05-31-preview"]},{"resourceType":"getEntities","locations":[],"apiVersions":["2018-03-01-preview","2018-01-01-preview"]},{"resourceType":"checkNameAvailability","locations":[],"apiVersions":["2018-03-01-preview","2018-01-01-preview"]},{"resourceType":"operationResults","locations":[],"apiVersions":["2018-03-01-preview","2018-01-01-preview"]},{"resourceType":"operations","locations":[],"apiVersions":["2018-03-01-preview","2018-01-01-preview","2017-11-01-preview","2017-08-31-preview","2017-06-30-preview","2017-05-31-preview"]},{"resourceType":"tenantBackfillStatus","locations":[],"apiVersions":["2018-03-01-preview"]},{"resourceType":"startTenantBackfill","locations":[],"apiVersions":["2018-03-01-preview"]}],"registrationState":"Registered"}'}
    headers:
      cache-control: [no-cache]
      content-length: ['1342']
      content-type: [application/json; charset=utf-8]
      date: ['Wed, 13 Jun 2018 01:27:00 GMT']
      expires: ['-1']
      pragma: [no-cache]
      strict-transport-security: [max-age=31536000; includeSubDomains]
      transfer-encoding: [chunked]
      vary: [Accept-Encoding]
      x-content-type-options: [nosniff]
      x-ms-ratelimit-remaining-subscription-writes: ['1199']
    status: {code: 200, message: OK}
- request:
    body: null
    headers:
      Accept: [application/json]
      Accept-Encoding: ['gzip, deflate']
      CommandName: [account management-group delete]
      Connection: [keep-alive]
      Content-Type: [application/json; charset=utf-8]
      User-Agent: [python/3.6.5 (Windows-10-10.0.16299-SP0) requests/2.18.4 msrest/0.4.29
          msrest_azure/0.4.31 resourcemanagementclient/2.0.0rc2 Azure-SDK-For-Python
          AZURECLI/2.0.34]
      accept-language: [en-US]
    method: GET
    uri: https://management.azure.com/subscriptions/00000000-0000-0000-0000-000000000000/providers/Microsoft.Management?api-version=2018-05-01
  response:
    body: {string: '{"id":"/subscriptions/00000000-0000-0000-0000-000000000000/providers/Microsoft.Management","namespace":"Microsoft.Management","authorization":{"applicationId":"f2c304cf-8e7e-4c3f-8164-16299ad9d272","roleDefinitionId":"c1cf3708-588a-4647-be7f-f400bbe214cf"},"resourceTypes":[{"resourceType":"resources","locations":[],"apiVersions":["2017-11-01-preview","2017-08-31-preview","2017-06-30-preview","2017-05-31-preview"]},{"resourceType":"managementGroups","locations":[],"apiVersions":["2018-03-01-preview","2018-01-01-preview","2017-11-01-preview","2017-08-31-preview","2017-06-30-preview","2017-05-31-preview"]},{"resourceType":"getEntities","locations":[],"apiVersions":["2018-03-01-preview","2018-01-01-preview"]},{"resourceType":"checkNameAvailability","locations":[],"apiVersions":["2018-03-01-preview","2018-01-01-preview"]},{"resourceType":"operationResults","locations":[],"apiVersions":["2018-03-01-preview","2018-01-01-preview"]},{"resourceType":"operations","locations":[],"apiVersions":["2018-03-01-preview","2018-01-01-preview","2017-11-01-preview","2017-08-31-preview","2017-06-30-preview","2017-05-31-preview"]},{"resourceType":"tenantBackfillStatus","locations":[],"apiVersions":["2018-03-01-preview"]},{"resourceType":"startTenantBackfill","locations":[],"apiVersions":["2018-03-01-preview"]}],"registrationState":"Registered"}'}
    headers:
      cache-control: [no-cache]
      content-length: ['1342']
      content-type: [application/json; charset=utf-8]
      date: ['Wed, 13 Jun 2018 01:27:11 GMT']
      expires: ['-1']
      pragma: [no-cache]
      strict-transport-security: [max-age=31536000; includeSubDomains]
      vary: [Accept-Encoding]
      x-content-type-options: [nosniff]
    status: {code: 200, message: OK}
- request:
    body: null
    headers:
      Accept: [application/json]
      Accept-Encoding: ['gzip, deflate']
      Cache-Control: [no-cache]
      CommandName: [account management-group delete]
      Connection: [keep-alive]
      Content-Length: ['0']
      Content-Type: [application/json; charset=utf-8]
      User-Agent: [python/3.6.5 (Windows-10-10.0.16299-SP0) requests/2.18.4 msrest/0.4.29
          msrest_azure/0.4.31 azure-mgmt-managementgroups/0.1.0 Azure-SDK-For-Python
          AZURECLI/2.0.34]
      accept-language: [en-US]
    method: DELETE
    uri: https://management.azure.com/providers/Microsoft.Management/managementGroups/testcligetgroup1?api-version=2018-03-01-preview
  response:
    body: {string: '{"id":"/providers/Microsoft.Management/managementGroups/testcligetgroup1","type":"/providers/Microsoft.Management/managementGroups","name":"testcligetgroup1","status":"NotStarted"}'}
    headers:
      cache-control: [no-cache]
      content-length: ['180']
      content-type: [application/json; charset=utf-8]
      date: ['Wed, 13 Jun 2018 01:27:11 GMT']
      expires: ['-1']
      location: ['https://management.azure.com/providers/Microsoft.Management/operationResults/delete/managementGroups/testcligetgroup1?api-version=2018-03-01-preview']
      pragma: [no-cache]
      request-id: [cac4b877-8c0f-44d6-93aa-7f8e2fd64618]
      server: [Microsoft-IIS/8.5]
      strict-transport-security: [max-age=31536000; includeSubDomains]
      x-aspnet-version: [4.0.30319]
      x-ba-restapi: [1.0.3.731]
      x-content-type-options: [nosniff]
      x-ms-ratelimit-remaining-tenant-writes: ['1199']
      x-powered-by: [ASP.NET]
    status: {code: 202, message: Accepted}
- request:
    body: null
    headers:
      Accept: [application/json]
      Accept-Encoding: ['gzip, deflate']
      CommandName: [account management-group delete]
      Connection: [keep-alive]
      User-Agent: [python/3.6.5 (Windows-10-10.0.16299-SP0) requests/2.18.4 msrest/0.4.29
          msrest_azure/0.4.31 azure-mgmt-managementgroups/0.1.0 Azure-SDK-For-Python
          AZURECLI/2.0.34]
    method: GET
    uri: https://management.azure.com/providers/Microsoft.Management/operationResults/delete/managementGroups/testcligetgroup1?api-version=2018-03-01-preview
  response:
    body: {string: '{"id":"/providers/Microsoft.Management/managementGroups/testcligetgroup1","type":"/providers/Microsoft.Management/managementGroups","name":"testcligetgroup1","status":"Succeeded"}'}
    headers:
      cache-control: [no-cache]
      content-length: ['179']
      content-type: [application/json; charset=utf-8]
      date: ['Wed, 13 Jun 2018 01:27:22 GMT']
      expires: ['-1']
      pragma: [no-cache]
      request-id: [cbc34da9-b03e-49c5-87c1-bbb3de207db7]
      server: [Microsoft-IIS/8.5]
      strict-transport-security: [max-age=31536000; includeSubDomains]
      transfer-encoding: [chunked]
      vary: ['Accept-Encoding,Accept-Encoding']
      x-aspnet-version: [4.0.30319]
      x-ba-restapi: [1.0.3.731]
      x-content-type-options: [nosniff]
      x-powered-by: [ASP.NET]
    status: {code: 200, message: OK}
version: 1
