interactions:
- request:
    body: "{\"properties\": {\"parameters\": {}, \"mode\": \"Incremental\", template:{\n
      \ \"$schema\": \"https://schema.management.azure.com/schemas/2015-01-01/deploymentParameters.json#\",\n
      \ \"contentVersion\": \"1.0.0.0\",\n  \"resources\": [] // comment\n}}}"
    headers:
      Accept:
      - application/json
      Accept-Encoding:
      - gzip, deflate
      CommandName:
      - group deployment create
      Connection:
      - keep-alive
      Content-Length:
      - '229'
      Content-Type:
      - application/json; charset=utf-8
      ParameterSetName:
      - -g -n --template-file
      User-Agent:
      - python/3.8.2 (Windows-10-10.0.19041-SP0) msrest/0.6.9 msrest_azure/0.6.3 azure-mgmt-resource/10.1.0
        Azure-SDK-For-Python AZURECLI/2.8.0
      accept-language:
      - en-US
    method: POST
    uri: https://management.azure.com/subscriptions/00000000-0000-0000-0000-000000000000/resourcegroups/cli_test_on_error_deployment_specificdeployment000001/providers/Microsoft.Resources/deployments/mock-deployment/validate?api-version=2020-06-01
  response:
    body:
      string: '{"id":"/subscriptions/00000000-0000-0000-0000-000000000000/resourceGroups/cli_test_on_error_deployment_specificdeployment000001/providers/Microsoft.Resources/deployments/azure-cli-deployment000002","name":"azure-cli-deployment000002","type":"Microsoft.Resources/deployments","properties":{"templateHash":"3965660584125802942","mode":"Incremental","provisioningState":"Succeeded","timestamp":"2020-07-06T22:05:10.7652253Z","duration":"PT0S","correlationId":"b524c522-f24d-42ac-b09e-7ec9c33f224f","providers":[],"dependencies":[],"validatedResources":[]}}'
    headers:
      cache-control:
      - no-cache
      content-length:
      - '583'
      content-type:
      - application/json; charset=utf-8
      date:
      - Mon, 06 Jul 2020 22:05:09 GMT
      expires:
      - '-1'
      pragma:
      - no-cache
      strict-transport-security:
      - max-age=31536000; includeSubDomains
      transfer-encoding:
      - chunked
      vary:
      - Accept-Encoding
      x-content-type-options:
      - nosniff
      x-ms-ratelimit-remaining-subscription-writes:
      - '1199'
    status:
      code: 200
      message: OK
- request:
    body: "{\"properties\": {\"parameters\": {}, \"mode\": \"Incremental\", template:{\n
      \ \"$schema\": \"https://schema.management.azure.com/schemas/2015-01-01/deploymentParameters.json#\",\n
      \ \"contentVersion\": \"1.0.0.0\",\n  \"resources\": [] // comment\n}}}"
    headers:
      Accept:
      - application/json
      Accept-Encoding:
      - gzip, deflate
      CommandName:
      - group deployment create
      Connection:
      - keep-alive
      Content-Length:
      - '229'
      Content-Type:
      - application/json; charset=utf-8
      ParameterSetName:
      - -g -n --template-file
      User-Agent:
      - python/3.8.2 (Windows-10-10.0.19041-SP0) msrest/0.6.9 msrest_azure/0.6.3 azure-mgmt-resource/10.1.0
        Azure-SDK-For-Python AZURECLI/2.8.0
      accept-language:
      - en-US
    method: PUT
    uri: https://management.azure.com/subscriptions/00000000-0000-0000-0000-000000000000/resourcegroups/cli_test_on_error_deployment_specificdeployment000001/providers/Microsoft.Resources/deployments/mock-deployment?api-version=2020-06-01
  response:
    body:
      string: '{"id":"/subscriptions/00000000-0000-0000-0000-000000000000/resourceGroups/cli_test_on_error_deployment_specificdeployment000001/providers/Microsoft.Resources/deployments/azure-cli-deployment000002","name":"azure-cli-deployment000002","type":"Microsoft.Resources/deployments","properties":{"templateHash":"3965660584125802942","mode":"Incremental","provisioningState":"Accepted","timestamp":"2020-07-06T22:05:11.1738835Z","duration":"PT0.2395733S","correlationId":"02d04c6b-2e87-4adf-95b4-54996954448e","providers":[],"dependencies":[]}}'
    headers:
      azure-asyncoperation:
      - https://management.azure.com/subscriptions/00000000-0000-0000-0000-000000000000/resourcegroups/cli_test_on_error_deployment_specificdeployment000001/providers/Microsoft.Resources/deployments/azure-cli-deployment000002/operationStatuses/08586075337745432789?api-version=2020-06-01
      cache-control:
      - no-cache
      content-length:
      - '566'
      content-type:
      - application/json; charset=utf-8
      date:
      - Mon, 06 Jul 2020 22:05:10 GMT
      expires:
      - '-1'
      pragma:
      - no-cache
      strict-transport-security:
      - max-age=31536000; includeSubDomains
      x-content-type-options:
      - nosniff
      x-ms-ratelimit-remaining-subscription-writes:
      - '1199'
    status:
      code: 201
      message: Created
- request:
    body: null
    headers:
      Accept:
      - application/json
      Accept-Encoding:
      - gzip, deflate
      CommandName:
      - group deployment create
      Connection:
      - keep-alive
      ParameterSetName:
      - -g -n --template-file
      User-Agent:
      - python/3.8.2 (Windows-10-10.0.19041-SP0) msrest/0.6.9 msrest_azure/0.6.3 azure-mgmt-resource/10.1.0
        Azure-SDK-For-Python AZURECLI/2.8.0
    method: GET
    uri: https://management.azure.com/subscriptions/00000000-0000-0000-0000-000000000000/resourcegroups/cli_test_on_error_deployment_specificdeployment000001/providers/Microsoft.Resources/deployments/mock-deployment/operationStatuses/08586075337745432789?api-version=2020-06-01
  response:
    body:
      string: '{"status":"Succeeded"}'
    headers:
      cache-control:
      - no-cache
      content-length:
      - '22'
      content-type:
      - application/json; charset=utf-8
      date:
      - Mon, 06 Jul 2020 22:05:41 GMT
      expires:
      - '-1'
      pragma:
      - no-cache
      strict-transport-security:
      - max-age=31536000; includeSubDomains
      vary:
      - Accept-Encoding
      x-content-type-options:
      - nosniff
    status:
      code: 200
      message: OK
- request:
    body: null
    headers:
      Accept:
      - application/json
      Accept-Encoding:
      - gzip, deflate
      CommandName:
      - group deployment create
      Connection:
      - keep-alive
      ParameterSetName:
      - -g -n --template-file
      User-Agent:
      - python/3.8.2 (Windows-10-10.0.19041-SP0) msrest/0.6.9 msrest_azure/0.6.3 azure-mgmt-resource/10.1.0
        Azure-SDK-For-Python AZURECLI/2.8.0
    method: GET
    uri: https://management.azure.com/subscriptions/00000000-0000-0000-0000-000000000000/resourcegroups/cli_test_on_error_deployment_specificdeployment000001/providers/Microsoft.Resources/deployments/mock-deployment?api-version=2020-06-01
  response:
    body:
      string: '{"id":"/subscriptions/00000000-0000-0000-0000-000000000000/resourceGroups/cli_test_on_error_deployment_specificdeployment000001/providers/Microsoft.Resources/deployments/azure-cli-deployment000002","name":"azure-cli-deployment000002","type":"Microsoft.Resources/deployments","properties":{"templateHash":"3965660584125802942","mode":"Incremental","provisioningState":"Succeeded","timestamp":"2020-07-06T22:05:13.0687957Z","duration":"PT2.1344855S","correlationId":"02d04c6b-2e87-4adf-95b4-54996954448e","providers":[],"dependencies":[],"outputResources":[]}}'
    headers:
      cache-control:
      - no-cache
      content-length:
      - '588'
      content-type:
      - application/json; charset=utf-8
      date:
      - Mon, 06 Jul 2020 22:05:41 GMT
      expires:
      - '-1'
      pragma:
      - no-cache
      strict-transport-security:
      - max-age=31536000; includeSubDomains
      vary:
      - Accept-Encoding
      x-content-type-options:
      - nosniff
    status:
      code: 200
      message: OK
- request:
    body: "{\"properties\": {\"parameters\": {}, \"mode\": \"Incremental\", \"onErrorDeployment\":
      {\"type\": \"SpecificDeployment\", \"deploymentName\": \"azure-cli-deployment000002\"},
      template:{\n  \"$schema\": \"https://schema.management.azure.com/schemas/2015-01-01/deploymentParameters.json#\",\n
      \ \"contentVersion\": \"1.0.0.0\",\n  \"resources\": [] // comment\n}}}"
    headers:
      Accept:
      - application/json
      Accept-Encoding:
      - gzip, deflate
      CommandName:
      - group deployment create
      Connection:
      - keep-alive
      Content-Length:
      - '334'
      Content-Type:
      - application/json; charset=utf-8
      ParameterSetName:
      - -g -n --template-file --rollback-on-error
      User-Agent:
      - python/3.8.2 (Windows-10-10.0.19041-SP0) msrest/0.6.9 msrest_azure/0.6.3 azure-mgmt-resource/10.1.0
        Azure-SDK-For-Python AZURECLI/2.8.0
      accept-language:
      - en-US
    method: POST
    uri: https://management.azure.com/subscriptions/00000000-0000-0000-0000-000000000000/resourcegroups/cli_test_on_error_deployment_specificdeployment000001/providers/Microsoft.Resources/deployments/mock-deployment/validate?api-version=2020-06-01
  response:
    body:
      string: '{"id":"/subscriptions/00000000-0000-0000-0000-000000000000/resourceGroups/cli_test_on_error_deployment_specificdeployment000001/providers/Microsoft.Resources/deployments/azure-cli-deployment000003","name":"azure-cli-deployment000003","type":"Microsoft.Resources/deployments","properties":{"templateHash":"3965660584125802942","mode":"Incremental","provisioningState":"Succeeded","timestamp":"2020-07-06T22:05:42.9967317Z","duration":"PT0S","correlationId":"e70ca528-5603-46ab-9f14-7533d01b3dc9","providers":[],"dependencies":[],"onErrorDeployment":{"type":"SpecificDeployment","deploymentName":"azure-cli-deployment000002"},"validatedResources":[]}}'
    headers:
      cache-control:
      - no-cache
      content-length:
      - '683'
      content-type:
      - application/json; charset=utf-8
      date:
      - Mon, 06 Jul 2020 22:05:42 GMT
      expires:
      - '-1'
      pragma:
      - no-cache
      strict-transport-security:
      - max-age=31536000; includeSubDomains
      transfer-encoding:
      - chunked
      vary:
      - Accept-Encoding
      x-content-type-options:
      - nosniff
      x-ms-ratelimit-remaining-subscription-writes:
      - '1198'
    status:
      code: 200
      message: OK
- request:
    body: "{\"properties\": {\"parameters\": {}, \"mode\": \"Incremental\", \"onErrorDeployment\":
      {\"type\": \"SpecificDeployment\", \"deploymentName\": \"azure-cli-deployment000002\"},
      template:{\n  \"$schema\": \"https://schema.management.azure.com/schemas/2015-01-01/deploymentParameters.json#\",\n
      \ \"contentVersion\": \"1.0.0.0\",\n  \"resources\": [] // comment\n}}}"
    headers:
      Accept:
      - application/json
      Accept-Encoding:
      - gzip, deflate
      CommandName:
      - group deployment create
      Connection:
      - keep-alive
      Content-Length:
      - '334'
      Content-Type:
      - application/json; charset=utf-8
      ParameterSetName:
      - -g -n --template-file --rollback-on-error
      User-Agent:
      - python/3.8.2 (Windows-10-10.0.19041-SP0) msrest/0.6.9 msrest_azure/0.6.3 azure-mgmt-resource/10.1.0
        Azure-SDK-For-Python AZURECLI/2.8.0
      accept-language:
      - en-US
    method: PUT
    uri: https://management.azure.com/subscriptions/00000000-0000-0000-0000-000000000000/resourcegroups/cli_test_on_error_deployment_specificdeployment000001/providers/Microsoft.Resources/deployments/mock-deployment?api-version=2020-06-01
  response:
    body:
      string: '{"id":"/subscriptions/00000000-0000-0000-0000-000000000000/resourceGroups/cli_test_on_error_deployment_specificdeployment000001/providers/Microsoft.Resources/deployments/azure-cli-deployment000003","name":"azure-cli-deployment000003","type":"Microsoft.Resources/deployments","properties":{"templateHash":"3965660584125802942","mode":"Incremental","provisioningState":"Accepted","timestamp":"2020-07-06T22:05:43.6768664Z","duration":"PT0.3356727S","correlationId":"cc04437a-87db-498d-9e98-44a7066b2e37","providers":[],"dependencies":[],"onErrorDeployment":{"type":"SpecificDeployment","deploymentName":"azure-cli-deployment000002"}}}'
    headers:
      azure-asyncoperation:
      - https://management.azure.com/subscriptions/00000000-0000-0000-0000-000000000000/resourcegroups/cli_test_on_error_deployment_specificdeployment000001/providers/Microsoft.Resources/deployments/azure-cli-deployment000003/operationStatuses/08586075337421364035?api-version=2020-06-01
      cache-control:
      - no-cache
      content-length:
      - '666'
      content-type:
      - application/json; charset=utf-8
      date:
      - Mon, 06 Jul 2020 22:05:43 GMT
      expires:
      - '-1'
      pragma:
      - no-cache
      strict-transport-security:
      - max-age=31536000; includeSubDomains
      x-content-type-options:
      - nosniff
      x-ms-ratelimit-remaining-subscription-writes:
      - '1198'
    status:
      code: 201
      message: Created
- request:
    body: null
    headers:
      Accept:
      - application/json
      Accept-Encoding:
      - gzip, deflate
      CommandName:
      - group deployment create
      Connection:
      - keep-alive
      ParameterSetName:
      - -g -n --template-file --rollback-on-error
      User-Agent:
      - python/3.8.2 (Windows-10-10.0.19041-SP0) msrest/0.6.9 msrest_azure/0.6.3 azure-mgmt-resource/10.1.0
        Azure-SDK-For-Python AZURECLI/2.8.0
    method: GET
    uri: https://management.azure.com/subscriptions/00000000-0000-0000-0000-000000000000/resourcegroups/cli_test_on_error_deployment_specificdeployment000001/providers/Microsoft.Resources/deployments/mock-deployment/operationStatuses/08586075337421364035?api-version=2020-06-01
  response:
    body:
      string: '{"status":"Succeeded"}'
    headers:
      cache-control:
      - no-cache
      content-length:
      - '22'
      content-type:
      - application/json; charset=utf-8
      date:
      - Mon, 06 Jul 2020 22:06:14 GMT
      expires:
      - '-1'
      pragma:
      - no-cache
      strict-transport-security:
      - max-age=31536000; includeSubDomains
      vary:
      - Accept-Encoding
      x-content-type-options:
      - nosniff
    status:
      code: 200
      message: OK
- request:
    body: null
    headers:
      Accept:
      - application/json
      Accept-Encoding:
      - gzip, deflate
      CommandName:
      - group deployment create
      Connection:
      - keep-alive
      ParameterSetName:
      - -g -n --template-file --rollback-on-error
      User-Agent:
      - python/3.8.2 (Windows-10-10.0.19041-SP0) msrest/0.6.9 msrest_azure/0.6.3 azure-mgmt-resource/10.1.0
        Azure-SDK-For-Python AZURECLI/2.8.0
    method: GET
    uri: https://management.azure.com/subscriptions/00000000-0000-0000-0000-000000000000/resourcegroups/cli_test_on_error_deployment_specificdeployment000001/providers/Microsoft.Resources/deployments/mock-deployment?api-version=2020-06-01
  response:
    body:
      string: '{"id":"/subscriptions/00000000-0000-0000-0000-000000000000/resourceGroups/cli_test_on_error_deployment_specificdeployment000001/providers/Microsoft.Resources/deployments/azure-cli-deployment000003","name":"azure-cli-deployment000003","type":"Microsoft.Resources/deployments","properties":{"templateHash":"3965660584125802942","mode":"Incremental","provisioningState":"Succeeded","timestamp":"2020-07-06T22:05:45.8052167Z","duration":"PT2.464023S","correlationId":"cc04437a-87db-498d-9e98-44a7066b2e37","providers":[],"dependencies":[],"onErrorDeployment":{"type":"SpecificDeployment","deploymentName":"azure-cli-deployment000002"},"outputResources":[]}}'
    headers:
      cache-control:
      - no-cache
      content-length:
      - '687'
      content-type:
      - application/json; charset=utf-8
      date:
      - Mon, 06 Jul 2020 22:06:14 GMT
      expires:
      - '-1'
      pragma:
      - no-cache
      strict-transport-security:
      - max-age=31536000; includeSubDomains
      vary:
      - Accept-Encoding
      x-content-type-options:
      - nosniff
    status:
      code: 200
      message: OK
version: 1
