interactions:
- request:
    body: null
    headers:
      Accept:
      - application/json
      Accept-Encoding:
      - gzip, deflate
      CommandName:
      - network vnet create
      Connection:
      - keep-alive
      ParameterSetName:
      - -g -n
      User-Agent:
      - AZURECLI/2.44.1 azsdk-python-azure-mgmt-resource/22.0.0 Python/3.10.9 (Linux-5.15.0-1031-azure-x86_64-with-glibc2.31)
        VSTS_7b238909-6802-4b65-b90d-184bca47f458_build_220_0
    method: GET
    uri: https://management.azure.com/subscriptions/00000000-0000-0000-0000-000000000000/resourcegroups/cli_test_resource_link_scenario000001?api-version=2022-09-01
  response:
    body:
      string: '{"id":"/subscriptions/00000000-0000-0000-0000-000000000000/resourceGroups/cli_test_resource_link_scenario000001","name":"cli_test_resource_link_scenario000001","type":"Microsoft.Resources/resourceGroups","location":"westus","tags":{"product":"azurecli","cause":"automation","date":"2023-01-28T13:37:07Z"},"properties":{"provisioningState":"Succeeded"}}'
    headers:
      cache-control:
      - no-cache
      content-length:
      - '352'
      content-type:
      - application/json; charset=utf-8
      date:
      - Sat, 28 Jan 2023 13:37:08 GMT
      expires:
      - '-1'
      pragma:
      - no-cache
      strict-transport-security:
      - max-age=31536000; includeSubDomains
      vary:
      - Accept-Encoding
      x-content-type-options:
      - nosniff
    status:
      code: 200
      message: OK
- request:
    body: '{"location": "westus", "properties": {"addressSpace": {"addressPrefixes":
      ["10.0.0.0/16"]}, "enableDdosProtection": false, "enableVmProtection": false}}'
    headers:
      Accept:
      - application/json
      Accept-Encoding:
      - gzip, deflate
      CommandName:
      - network vnet create
      Connection:
      - keep-alive
      Content-Length:
      - '152'
      Content-Type:
      - application/json
      ParameterSetName:
      - -g -n
      User-Agent:
      - AZURECLI/2.44.1 (AAZ) azsdk-python-core/1.24.0 Python/3.10.9 (Linux-5.15.0-1031-azure-x86_64-with-glibc2.31)
        VSTS_7b238909-6802-4b65-b90d-184bca47f458_build_220_0
    method: PUT
    uri: https://management.azure.com/subscriptions/00000000-0000-0000-0000-000000000000/resourceGroups/cli_test_resource_link_scenario000001/providers/Microsoft.Network/virtualNetworks/vnet1?api-version=2022-01-01
  response:
    body:
      string: "{\r\n  \"name\": \"vnet1\",\r\n  \"id\": \"/subscriptions/00000000-0000-0000-0000-000000000000/resourceGroups/cli_test_resource_link_scenario000001/providers/Microsoft.Network/virtualNetworks/vnet1\",\r\n
        \ \"etag\": \"W/\\\"87e29f9c-1ae6-49a6-8eb7-059709954920\\\"\",\r\n  \"type\":
        \"Microsoft.Network/virtualNetworks\",\r\n  \"location\": \"westus\",\r\n
        \ \"properties\": {\r\n    \"provisioningState\": \"Updating\",\r\n    \"resourceGuid\":
        \"d903be4e-033e-42a6-b6ad-85c7a3b133eb\",\r\n    \"addressSpace\": {\r\n      \"addressPrefixes\":
        [\r\n        \"10.0.0.0/16\"\r\n      ]\r\n    },\r\n    \"subnets\": [],\r\n
        \   \"virtualNetworkPeerings\": [],\r\n    \"enableDdosProtection\": false\r\n
        \ }\r\n}"
    headers:
      azure-asyncnotification:
      - Enabled
      azure-asyncoperation:
      - https://management.azure.com/subscriptions/00000000-0000-0000-0000-000000000000/providers/Microsoft.Network/locations/westus/operations/ce75cfda-1c50-42fb-b66d-93119e0ca924?api-version=2022-01-01
      cache-control:
      - no-cache
      content-length:
      - '625'
      content-type:
      - application/json; charset=utf-8
      date:
      - Sat, 28 Jan 2023 13:37:10 GMT
      expires:
      - '-1'
      pragma:
      - no-cache
      server:
      - Microsoft-HTTPAPI/2.0
      - Microsoft-HTTPAPI/2.0
      strict-transport-security:
      - max-age=31536000; includeSubDomains
      x-content-type-options:
      - nosniff
      x-ms-arm-service-request-id:
      - fbbe3117-6cf2-44f4-8fb1-be11a24172e4
      x-ms-ratelimit-remaining-subscription-writes:
      - '1173'
    status:
      code: 201
      message: Created
- request:
    body: null
    headers:
      Accept:
      - '*/*'
      Accept-Encoding:
      - gzip, deflate
      CommandName:
      - network vnet create
      Connection:
      - keep-alive
      ParameterSetName:
      - -g -n
      User-Agent:
      - AZURECLI/2.44.1 (AAZ) azsdk-python-core/1.24.0 Python/3.10.9 (Linux-5.15.0-1031-azure-x86_64-with-glibc2.31)
        VSTS_7b238909-6802-4b65-b90d-184bca47f458_build_220_0
    method: GET
    uri: https://management.azure.com/subscriptions/00000000-0000-0000-0000-000000000000/providers/Microsoft.Network/locations/westus/operations/ce75cfda-1c50-42fb-b66d-93119e0ca924?api-version=2022-01-01
  response:
    body:
      string: "{\r\n  \"status\": \"Succeeded\"\r\n}"
    headers:
      cache-control:
      - no-cache
      content-length:
      - '29'
      content-type:
      - application/json; charset=utf-8
      date:
      - Sat, 28 Jan 2023 13:37:13 GMT
      expires:
      - '-1'
      pragma:
      - no-cache
      server:
      - Microsoft-HTTPAPI/2.0
      - Microsoft-HTTPAPI/2.0
      strict-transport-security:
      - max-age=31536000; includeSubDomains
      transfer-encoding:
      - chunked
      vary:
      - Accept-Encoding
      x-content-type-options:
      - nosniff
      x-ms-arm-service-request-id:
      - 67a41091-6a60-419b-9679-f50cb12d9036
    status:
      code: 200
      message: OK
- request:
    body: null
    headers:
      Accept:
      - '*/*'
      Accept-Encoding:
      - gzip, deflate
      CommandName:
      - network vnet create
      Connection:
      - keep-alive
      ParameterSetName:
      - -g -n
      User-Agent:
      - AZURECLI/2.44.1 (AAZ) azsdk-python-core/1.24.0 Python/3.10.9 (Linux-5.15.0-1031-azure-x86_64-with-glibc2.31)
        VSTS_7b238909-6802-4b65-b90d-184bca47f458_build_220_0
    method: GET
    uri: https://management.azure.com/subscriptions/00000000-0000-0000-0000-000000000000/resourceGroups/cli_test_resource_link_scenario000001/providers/Microsoft.Network/virtualNetworks/vnet1?api-version=2022-01-01
  response:
    body:
      string: "{\r\n  \"name\": \"vnet1\",\r\n  \"id\": \"/subscriptions/00000000-0000-0000-0000-000000000000/resourceGroups/cli_test_resource_link_scenario000001/providers/Microsoft.Network/virtualNetworks/vnet1\",\r\n
        \ \"etag\": \"W/\\\"b0189f8d-88c2-4b53-878c-54fea0eeae1c\\\"\",\r\n  \"type\":
        \"Microsoft.Network/virtualNetworks\",\r\n  \"location\": \"westus\",\r\n
        \ \"properties\": {\r\n    \"provisioningState\": \"Succeeded\",\r\n    \"resourceGuid\":
        \"d903be4e-033e-42a6-b6ad-85c7a3b133eb\",\r\n    \"addressSpace\": {\r\n      \"addressPrefixes\":
        [\r\n        \"10.0.0.0/16\"\r\n      ]\r\n    },\r\n    \"subnets\": [],\r\n
        \   \"virtualNetworkPeerings\": [],\r\n    \"enableDdosProtection\": false\r\n
        \ }\r\n}"
    headers:
      cache-control:
      - no-cache
      content-length:
      - '626'
      content-type:
      - application/json; charset=utf-8
      date:
      - Sat, 28 Jan 2023 13:37:13 GMT
      etag:
      - W/"b0189f8d-88c2-4b53-878c-54fea0eeae1c"
      expires:
      - '-1'
      pragma:
      - no-cache
      server:
      - Microsoft-HTTPAPI/2.0
      - Microsoft-HTTPAPI/2.0
      strict-transport-security:
      - max-age=31536000; includeSubDomains
      transfer-encoding:
      - chunked
      vary:
      - Accept-Encoding
      x-content-type-options:
      - nosniff
      x-ms-arm-service-request-id:
      - ca668be0-ba12-4068-b53b-48405533ce68
    status:
      code: 200
      message: OK
- request:
    body: null
    headers:
      Accept:
      - application/json
      Accept-Encoding:
      - gzip, deflate
      CommandName:
      - network vnet show
      Connection:
      - keep-alive
      ParameterSetName:
      - -g -n
      User-Agent:
      - AZURECLI/2.44.1 (AAZ) azsdk-python-core/1.24.0 Python/3.10.9 (Linux-5.15.0-1031-azure-x86_64-with-glibc2.31)
        VSTS_7b238909-6802-4b65-b90d-184bca47f458_build_220_0
    method: GET
    uri: https://management.azure.com/subscriptions/00000000-0000-0000-0000-000000000000/resourceGroups/cli_test_resource_link_scenario000001/providers/Microsoft.Network/virtualNetworks/vnet1?api-version=2022-01-01
  response:
    body:
      string: "{\r\n  \"name\": \"vnet1\",\r\n  \"id\": \"/subscriptions/00000000-0000-0000-0000-000000000000/resourceGroups/cli_test_resource_link_scenario000001/providers/Microsoft.Network/virtualNetworks/vnet1\",\r\n
        \ \"etag\": \"W/\\\"b0189f8d-88c2-4b53-878c-54fea0eeae1c\\\"\",\r\n  \"type\":
        \"Microsoft.Network/virtualNetworks\",\r\n  \"location\": \"westus\",\r\n
        \ \"properties\": {\r\n    \"provisioningState\": \"Succeeded\",\r\n    \"resourceGuid\":
        \"d903be4e-033e-42a6-b6ad-85c7a3b133eb\",\r\n    \"addressSpace\": {\r\n      \"addressPrefixes\":
        [\r\n        \"10.0.0.0/16\"\r\n      ]\r\n    },\r\n    \"subnets\": [],\r\n
        \   \"virtualNetworkPeerings\": [],\r\n    \"enableDdosProtection\": false\r\n
        \ }\r\n}"
    headers:
      cache-control:
      - no-cache
      content-length:
      - '626'
      content-type:
      - application/json; charset=utf-8
      date:
      - Sat, 28 Jan 2023 13:37:14 GMT
      etag:
      - W/"b0189f8d-88c2-4b53-878c-54fea0eeae1c"
      expires:
      - '-1'
      pragma:
      - no-cache
      server:
      - Microsoft-HTTPAPI/2.0
      - Microsoft-HTTPAPI/2.0
      strict-transport-security:
      - max-age=31536000; includeSubDomains
      x-content-type-options:
      - nosniff
      x-ms-arm-service-request-id:
      - 0dfdb86f-2f46-46d4-88cd-06192c105344
    status:
      code: 200
      message: OK
- request:
    body: null
    headers:
      Accept:
      - application/json
      Accept-Encoding:
      - gzip, deflate
      CommandName:
      - group show
      Connection:
      - keep-alive
      ParameterSetName:
      - -g
      User-Agent:
      - AZURECLI/2.44.1 azsdk-python-azure-mgmt-resource/22.0.0 Python/3.10.9 (Linux-5.15.0-1031-azure-x86_64-with-glibc2.31)
        VSTS_7b238909-6802-4b65-b90d-184bca47f458_build_220_0
    method: GET
    uri: https://management.azure.com/subscriptions/00000000-0000-0000-0000-000000000000/resourcegroups/cli_test_resource_link_scenario000001?api-version=2022-09-01
  response:
    body:
      string: '{"id":"/subscriptions/00000000-0000-0000-0000-000000000000/resourceGroups/cli_test_resource_link_scenario000001","name":"cli_test_resource_link_scenario000001","type":"Microsoft.Resources/resourceGroups","location":"westus","tags":{"product":"azurecli","cause":"automation","date":"2023-01-28T13:37:07Z"},"properties":{"provisioningState":"Succeeded"}}'
    headers:
      cache-control:
      - no-cache
      content-length:
      - '352'
      content-type:
      - application/json; charset=utf-8
      date:
      - Sat, 28 Jan 2023 13:37:14 GMT
      expires:
      - '-1'
      pragma:
      - no-cache
      strict-transport-security:
      - max-age=31536000; includeSubDomains
      vary:
      - Accept-Encoding
      x-content-type-options:
      - nosniff
    status:
      code: 200
      message: OK
- request:
    body: '{"properties": {"targetId": "/subscriptions/00000000-0000-0000-0000-000000000000/resourceGroups/cli_test_resource_link_scenario000001/providers/Microsoft.Network/virtualNetworks/vnet1",
      "notes": "blah notes"}}'
    headers:
      Accept:
      - application/json
      Accept-Encoding:
      - gzip, deflate
      CommandName:
      - resource link create
      Connection:
      - keep-alive
      Content-Length:
      - '209'
      Content-Type:
      - application/json
      ParameterSetName:
      - --link --target --notes
      User-Agent:
      - AZURECLI/2.44.1 azsdk-python-azure-mgmt-resource/22.0.0 Python/3.10.9 (Linux-5.15.0-1031-azure-x86_64-with-glibc2.31)
        VSTS_7b238909-6802-4b65-b90d-184bca47f458_build_220_0
    method: PUT
    uri: https://management.azure.com/subscriptions/00000000-0000-0000-0000-000000000000/resourceGroups/cli_test_resource_link_scenario000001/providers/Microsoft.Resources/links/link1?api-version=2016-09-01
  response:
    body:
      string: '{"properties":{"sourceId":"/subscriptions/00000000-0000-0000-0000-000000000000/resourceGroups/cli_test_resource_link_scenario000001/","targetId":"/subscriptions/00000000-0000-0000-0000-000000000000/resourceGroups/cli_test_resource_link_scenario000001/providers/Microsoft.Network/virtualNetworks/vnet1/","notes":"blah
        notes"},"id":"/subscriptions/00000000-0000-0000-0000-000000000000/resourceGroups/cli_test_resource_link_scenario000001/providers/Microsoft.Resources/links/link1","type":"Microsoft.Resources/links","name":"link1"}'
    headers:
      cache-control:
      - no-cache
      content-length:
      - '529'
      content-type:
      - application/json; charset=utf-8
      date:
      - Sat, 28 Jan 2023 13:37:15 GMT
      expires:
      - '-1'
      pragma:
      - no-cache
      strict-transport-security:
      - max-age=31536000; includeSubDomains
      x-content-type-options:
      - nosniff
      x-ms-ratelimit-remaining-subscription-writes:
      - '1187'
    status:
      code: 201
      message: Created
- request:
    body: null
    headers:
      Accept:
      - application/json
      Accept-Encoding:
      - gzip, deflate
      CommandName:
      - resource link show
      Connection:
      - keep-alive
      ParameterSetName:
      - --link
      User-Agent:
      - AZURECLI/2.44.1 azsdk-python-azure-mgmt-resource/22.0.0 Python/3.10.9 (Linux-5.15.0-1031-azure-x86_64-with-glibc2.31)
        VSTS_7b238909-6802-4b65-b90d-184bca47f458_build_220_0
    method: GET
    uri: https://management.azure.com/subscriptions/00000000-0000-0000-0000-000000000000/resourceGroups/cli_test_resource_link_scenario000001/providers/Microsoft.Resources/links/link1?api-version=2016-09-01
  response:
    body:
      string: '{"properties":{"sourceId":"/subscriptions/00000000-0000-0000-0000-000000000000/resourceGroups/cli_test_resource_link_scenario000001/","targetId":"/subscriptions/00000000-0000-0000-0000-000000000000/resourceGroups/cli_test_resource_link_scenario000001/providers/Microsoft.Network/virtualNetworks/vnet1/","notes":"blah
        notes"},"id":"/subscriptions/00000000-0000-0000-0000-000000000000/resourceGroups/cli_test_resource_link_scenario000001/providers/Microsoft.Resources/links/link1","type":"Microsoft.Resources/links","name":"link1"}'
    headers:
      cache-control:
      - no-cache
      content-length:
      - '529'
      content-type:
      - application/json; charset=utf-8
      date:
      - Sat, 28 Jan 2023 13:37:15 GMT
      expires:
      - '-1'
      pragma:
      - no-cache
      strict-transport-security:
      - max-age=31536000; includeSubDomains
      transfer-encoding:
      - chunked
      vary:
      - Accept-Encoding,Accept-Encoding
      x-content-type-options:
      - nosniff
    status:
      code: 200
      message: OK
- request:
    body: null
    headers:
      Accept:
      - application/json
      Accept-Encoding:
      - gzip, deflate
      CommandName:
      - resource link update
      Connection:
      - keep-alive
      ParameterSetName:
      - --link --target --notes
      User-Agent:
      - AZURECLI/2.44.1 azsdk-python-azure-mgmt-resource/22.0.0 Python/3.10.9 (Linux-5.15.0-1031-azure-x86_64-with-glibc2.31)
        VSTS_7b238909-6802-4b65-b90d-184bca47f458_build_220_0
    method: GET
    uri: https://management.azure.com/subscriptions/00000000-0000-0000-0000-000000000000/resourceGroups/cli_test_resource_link_scenario000001/providers/Microsoft.Resources/links/link1?api-version=2016-09-01
  response:
    body:
      string: '{"properties":{"sourceId":"/subscriptions/00000000-0000-0000-0000-000000000000/resourceGroups/cli_test_resource_link_scenario000001/","targetId":"/subscriptions/00000000-0000-0000-0000-000000000000/resourceGroups/cli_test_resource_link_scenario000001/providers/Microsoft.Network/virtualNetworks/vnet1/","notes":"blah
        notes"},"id":"/subscriptions/00000000-0000-0000-0000-000000000000/resourceGroups/cli_test_resource_link_scenario000001/providers/Microsoft.Resources/links/link1","type":"Microsoft.Resources/links","name":"link1"}'
    headers:
      cache-control:
      - no-cache
      content-length:
      - '529'
      content-type:
      - application/json; charset=utf-8
      date:
      - Sat, 28 Jan 2023 13:37:14 GMT
      expires:
      - '-1'
      pragma:
      - no-cache
      strict-transport-security:
      - max-age=31536000; includeSubDomains
      transfer-encoding:
      - chunked
      vary:
      - Accept-Encoding,Accept-Encoding
      x-content-type-options:
      - nosniff
    status:
      code: 200
      message: OK
- request:
    body: '{"properties": {"targetId": "/subscriptions/00000000-0000-0000-0000-000000000000/resourceGroups/cli_test_resource_link_scenario000001/providers/Microsoft.Network/virtualNetworks/vnet1",
      "notes": "group to vnet"}}'
    headers:
      Accept:
      - application/json
      Accept-Encoding:
      - gzip, deflate
      CommandName:
      - resource link update
      Connection:
      - keep-alive
      Content-Length:
      - '212'
      Content-Type:
      - application/json
      ParameterSetName:
      - --link --target --notes
      User-Agent:
      - AZURECLI/2.44.1 azsdk-python-azure-mgmt-resource/22.0.0 Python/3.10.9 (Linux-5.15.0-1031-azure-x86_64-with-glibc2.31)
        VSTS_7b238909-6802-4b65-b90d-184bca47f458_build_220_0
    method: PUT
    uri: https://management.azure.com/subscriptions/00000000-0000-0000-0000-000000000000/resourceGroups/cli_test_resource_link_scenario000001/providers/Microsoft.Resources/links/link1?api-version=2016-09-01
  response:
    body:
      string: '{"properties":{"sourceId":"/subscriptions/00000000-0000-0000-0000-000000000000/resourceGroups/cli_test_resource_link_scenario000001/","targetId":"/subscriptions/00000000-0000-0000-0000-000000000000/resourceGroups/cli_test_resource_link_scenario000001/providers/Microsoft.Network/virtualNetworks/vnet1/","notes":"group
        to vnet"},"id":"/subscriptions/00000000-0000-0000-0000-000000000000/resourceGroups/cli_test_resource_link_scenario000001/providers/Microsoft.Resources/links/link1","type":"Microsoft.Resources/links","name":"link1"}'
    headers:
      cache-control:
      - no-cache
      content-length:
      - '532'
      content-type:
      - application/json; charset=utf-8
      date:
      - Sat, 28 Jan 2023 13:37:15 GMT
      expires:
      - '-1'
      pragma:
      - no-cache
      strict-transport-security:
      - max-age=31536000; includeSubDomains
      transfer-encoding:
      - chunked
      vary:
      - Accept-Encoding,Accept-Encoding
      x-content-type-options:
      - nosniff
      x-ms-ratelimit-remaining-subscription-writes:
      - '1176'
    status:
      code: 200
      message: OK
- request:
    body: null
    headers:
      Accept:
      - application/json
      Accept-Encoding:
      - gzip, deflate
      CommandName:
      - resource link list
      Connection:
      - keep-alive
      ParameterSetName:
      - --query -o
      User-Agent:
      - AZURECLI/2.44.1 azsdk-python-azure-mgmt-resource/22.0.0 Python/3.10.9 (Linux-5.15.0-1031-azure-x86_64-with-glibc2.31)
        VSTS_7b238909-6802-4b65-b90d-184bca47f458_build_220_0
    method: GET
    uri: https://management.azure.com/subscriptions/00000000-0000-0000-0000-000000000000/providers/Microsoft.Resources/links?api-version=2016-09-01
  response:
    body:
      string: '{"value":[{"properties":{"sourceId":"/subscriptions/00000000-0000-0000-0000-000000000000/resourceGroups/cli_test_resource_link_scenario000001/","targetId":"/subscriptions/00000000-0000-0000-0000-000000000000/resourceGroups/cli_test_resource_link_scenario000001/providers/Microsoft.Network/virtualNetworks/vnet1/","notes":"group
        to vnet"},"id":"/subscriptions/00000000-0000-0000-0000-000000000000/resourceGroups/cli_test_resource_link_scenario000001/providers/Microsoft.Resources/links/link1","type":"Microsoft.Resources/links","name":"link1"}]}'
    headers:
      cache-control:
      - no-cache
      content-length:
      - '544'
      content-type:
      - application/json; charset=utf-8
      date:
      - Sat, 28 Jan 2023 13:37:16 GMT
      expires:
      - '-1'
      pragma:
      - no-cache
      strict-transport-security:
      - max-age=31536000; includeSubDomains
      vary:
      - Accept-Encoding
      x-content-type-options:
      - nosniff
    status:
      code: 200
      message: OK
- request:
    body: null
    headers:
      Accept:
      - application/json
      Accept-Encoding:
      - gzip, deflate
      CommandName:
      - resource link show
      Connection:
      - keep-alive
      ParameterSetName:
      - --link
      User-Agent:
      - AZURECLI/2.44.1 azsdk-python-azure-mgmt-resource/22.0.0 Python/3.10.9 (Linux-5.15.0-1031-azure-x86_64-with-glibc2.31)
        VSTS_7b238909-6802-4b65-b90d-184bca47f458_build_220_0
    method: GET
    uri: https://management.azure.com/subscriptions/00000000-0000-0000-0000-000000000000/resourceGroups/cli_test_resource_link_scenario000001/providers/Microsoft.Resources/links/link1?api-version=2016-09-01
  response:
    body:
      string: '{"properties":{"sourceId":"/subscriptions/00000000-0000-0000-0000-000000000000/resourceGroups/cli_test_resource_link_scenario000001/","targetId":"/subscriptions/00000000-0000-0000-0000-000000000000/resourceGroups/cli_test_resource_link_scenario000001/providers/Microsoft.Network/virtualNetworks/vnet1/","notes":"group
        to vnet"},"id":"/subscriptions/00000000-0000-0000-0000-000000000000/resourceGroups/cli_test_resource_link_scenario000001/providers/Microsoft.Resources/links/link1","type":"Microsoft.Resources/links","name":"link1"}'
    headers:
      cache-control:
      - no-cache
      content-length:
      - '532'
      content-type:
      - application/json; charset=utf-8
      date:
      - Sat, 28 Jan 2023 13:37:16 GMT
      expires:
      - '-1'
      pragma:
      - no-cache
      strict-transport-security:
      - max-age=31536000; includeSubDomains
      vary:
      - Accept-Encoding
      x-content-type-options:
      - nosniff
    status:
      code: 200
      message: OK
- request:
    body: null
    headers:
      Accept:
      - '*/*'
      Accept-Encoding:
      - gzip, deflate
      CommandName:
      - resource link delete
      Connection:
      - keep-alive
      Content-Length:
      - '0'
      ParameterSetName:
      - --link
      User-Agent:
      - AZURECLI/2.44.1 azsdk-python-azure-mgmt-resource/22.0.0 Python/3.10.9 (Linux-5.15.0-1031-azure-x86_64-with-glibc2.31)
        VSTS_7b238909-6802-4b65-b90d-184bca47f458_build_220_0
    method: DELETE
    uri: https://management.azure.com/subscriptions/00000000-0000-0000-0000-000000000000/resourceGroups/cli_test_resource_link_scenario000001/providers/Microsoft.Resources/links/link1?api-version=2016-09-01
  response:
    body:
      string: ''
    headers:
      cache-control:
      - no-cache
      content-length:
      - '0'
      date:
      - Sat, 28 Jan 2023 13:37:16 GMT
      expires:
      - '-1'
      pragma:
      - no-cache
      strict-transport-security:
      - max-age=31536000; includeSubDomains
      x-content-type-options:
      - nosniff
      x-ms-ratelimit-remaining-subscription-deletes:
      - '14993'
    status:
      code: 200
      message: OK
- request:
    body: null
    headers:
      Accept:
      - application/json
      Accept-Encoding:
      - gzip, deflate
      CommandName:
      - resource link list
      Connection:
      - keep-alive
      User-Agent:
      - AZURECLI/2.44.1 azsdk-python-azure-mgmt-resource/22.0.0 Python/3.10.9 (Linux-5.15.0-1031-azure-x86_64-with-glibc2.31)
        VSTS_7b238909-6802-4b65-b90d-184bca47f458_build_220_0
    method: GET
    uri: https://management.azure.com/subscriptions/00000000-0000-0000-0000-000000000000/providers/Microsoft.Resources/links?api-version=2016-09-01
  response:
    body:
      string: '{"value":[]}'
    headers:
      cache-control:
      - no-cache
      content-length:
      - '12'
      content-type:
      - application/json; charset=utf-8
      date:
      - Sat, 28 Jan 2023 13:37:16 GMT
      expires:
      - '-1'
      pragma:
      - no-cache
      strict-transport-security:
      - max-age=31536000; includeSubDomains
      transfer-encoding:
      - chunked
      vary:
      - Accept-Encoding,Accept-Encoding
      x-content-type-options:
      - nosniff
    status:
      code: 200
      message: OK
version: 1
