interactions:
- request:
    body: null
    headers:
      Accept:
      - application/json
      Accept-Encoding:
      - gzip, deflate
      CommandName:
      - tag list
      Connection:
      - keep-alive
      ParameterSetName:
      - --query
      User-Agent:
      - python/3.8.6 (Windows-10-10.0.19041-SP0) msrest/0.6.18 msrest_azure/0.6.3
        azure-mgmt-resource/12.0.0 Azure-SDK-For-Python AZURECLI/2.16.0
      accept-language:
      - en-US
    method: GET
    uri: https://management.azure.com/subscriptions/00000000-0000-0000-0000-000000000000/tagNames?api-version=2020-10-01
  response:
    body:
      string: '{"value":[{"id":"/subscriptions/00000000-0000-0000-0000-000000000000/tagNames/Blah","tagName":"Blah","count":{"type":"Total","value":28},"values":[{"id":"/subscriptions/00000000-0000-0000-0000-000000000000/tagNames/Blah/tagValues/Tataaaa","tagValue":"Tataaaa","count":{"type":"Total","value":28}}]},{"id":"/subscriptions/00000000-0000-0000-0000-000000000000/tagNames/tag1","tagName":"tag1","count":{"type":"Total","value":30},"values":[{"id":"/subscriptions/00000000-0000-0000-0000-000000000000/tagNames/tag1/tagValues/tag2","tagValue":"tag2","count":{"type":"Total","value":28}},{"id":"/subscriptions/00000000-0000-0000-0000-000000000000/tagNames/tag1/tagValues/value1","tagValue":"value1","count":{"type":"Total","value":1}},{"id":"/subscriptions/00000000-0000-0000-0000-000000000000/tagNames/tag1/tagValues/tag1","tagValue":"tag1","count":{"type":"Total","value":1}}]},{"id":"/subscriptions/00000000-0000-0000-0000-000000000000/tagNames/TagAlong","tagName":"TagAlong","count":{"type":"Total","value":28},"values":[{"id":"/subscriptions/00000000-0000-0000-0000-000000000000/tagNames/TagAlong/tagValues/TagOver","tagValue":"TagOver","count":{"type":"Total","value":28}}]},{"id":"/subscriptions/00000000-0000-0000-0000-000000000000/tagNames/tagname","tagName":"tagname","count":{"type":"Total","value":29},"values":[{"id":"/subscriptions/00000000-0000-0000-0000-000000000000/tagNames/tagname/tagValues/tagvalue","tagValue":"tagvalue","count":{"type":"Total","value":29}}]},{"id":"/subscriptions/00000000-0000-0000-0000-000000000000/tagNames/department","tagName":"department","count":{"type":"Total","value":1},"values":[{"id":"/subscriptions/00000000-0000-0000-0000-000000000000/tagNames/department/tagValues/finance","tagValue":"finance","count":{"type":"Total","value":1}}]},{"id":"/subscriptions/00000000-0000-0000-0000-000000000000/tagNames/tag2","tagName":"tag2","count":{"type":"Total","value":1},"values":[{"id":"/subscriptions/00000000-0000-0000-0000-000000000000/tagNames/tag2/tagValues/value2","tagValue":"value2","count":{"type":"Total","value":1}}]},{"id":"/subscriptions/00000000-0000-0000-0000-000000000000/tagNames/tag3","tagName":"tag3","count":{"type":"Total","value":1},"values":[{"id":"/subscriptions/00000000-0000-0000-0000-000000000000/tagNames/tag3/tagValues/value3","tagValue":"value3","count":{"type":"Total","value":1}}]},{"id":"/subscriptions/00000000-0000-0000-0000-000000000000/tagNames/archv2","tagName":"archv2","count":{"type":"Total","value":10},"values":[{"id":"/subscriptions/00000000-0000-0000-0000-000000000000/tagNames/archv2/tagValues/","tagValue":"","count":{"type":"Total","value":10}}]},{"id":"/subscriptions/00000000-0000-0000-0000-000000000000/tagNames/tier","tagName":"tier","count":{"type":"Total","value":10},"values":[{"id":"/subscriptions/00000000-0000-0000-0000-000000000000/tagNames/tier/tagValues/production","tagValue":"production","count":{"type":"Total","value":10}}]},{"id":"/subscriptions/00000000-0000-0000-0000-000000000000/tagNames/AZ_SCRIPTS_STATUS","tagName":"AZ_SCRIPTS_STATUS","count":{"type":"Total","value":12},"values":[{"id":"/subscriptions/00000000-0000-0000-0000-000000000000/tagNames/AZ_SCRIPTS_STATUS/tagValues/MyDeploymentScriptTest:Completed","tagValue":"MyDeploymentScriptTest:Completed","count":{"type":"Total","value":2}},{"id":"/subscriptions/00000000-0000-0000-0000-000000000000/tagNames/AZ_SCRIPTS_STATUS/tagValues/PsTest-DeploymentScripts-5e8bc379-b02b-4e18-961f-3f7af2638839:Completed","tagValue":"PsTest-DeploymentScripts-5e8bc379-b02b-4e18-961f-3f7af2638839:Completed","count":{"type":"Total","value":1}},{"id":"/subscriptions/00000000-0000-0000-0000-000000000000/tagNames/AZ_SCRIPTS_STATUS/tagValues/PsTest-DeploymentScripts-763cbb38-6353-4391-9d5b-ce2032f1c7f3:Completed","tagValue":"PsTest-DeploymentScripts-763cbb38-6353-4391-9d5b-ce2032f1c7f3:Completed","count":{"type":"Total","value":1}},{"id":"/subscriptions/00000000-0000-0000-0000-000000000000/tagNames/AZ_SCRIPTS_STATUS/tagValues/PsTest-DeploymentScripts-1bdd5f7b-5177-48f3-a7f7-5bf45b5a1fe0:Completed","tagValue":"PsTest-DeploymentScripts-1bdd5f7b-5177-48f3-a7f7-5bf45b5a1fe0:Completed","count":{"type":"Total","value":1}},{"id":"/subscriptions/00000000-0000-0000-0000-000000000000/tagNames/AZ_SCRIPTS_STATUS/tagValues/PsTest-DeploymentScripts-f29b9c16-237c-4743-82ed-2c39fac556e1:Completed","tagValue":"PsTest-DeploymentScripts-f29b9c16-237c-4743-82ed-2c39fac556e1:Completed","count":{"type":"Total","value":1}},{"id":"/subscriptions/00000000-0000-0000-0000-000000000000/tagNames/AZ_SCRIPTS_STATUS/tagValues/PsTest-DeploymentScripts-7f2375b1-8913-4261-b744-4e3e8801a89a:Completed","tagValue":"PsTest-DeploymentScripts-7f2375b1-8913-4261-b744-4e3e8801a89a:Completed","count":{"type":"Total","value":1}},{"id":"/subscriptions/00000000-0000-0000-0000-000000000000/tagNames/AZ_SCRIPTS_STATUS/tagValues/PsTest-DeploymentScripts-e711e393-0cbc-4823-8a01-9013d2a0ecdc:Completed","tagValue":"PsTest-DeploymentScripts-e711e393-0cbc-4823-8a01-9013d2a0ecdc:Completed","count":{"type":"Total","value":1}},{"id":"/subscriptions/00000000-0000-0000-0000-000000000000/tagNames/AZ_SCRIPTS_STATUS/tagValues/PsTest-DeploymentScripts-962570b8-58b1-4b2d-824c-1221c412e147:Completed","tagValue":"PsTest-DeploymentScripts-962570b8-58b1-4b2d-824c-1221c412e147:Completed","count":{"type":"Total","value":1}},{"id":"/subscriptions/00000000-0000-0000-0000-000000000000/tagNames/AZ_SCRIPTS_STATUS/tagValues/PsTest-DeploymentScripts-deb23486-298b-48c4-a471-c01db9429b52:Completed","tagValue":"PsTest-DeploymentScripts-deb23486-298b-48c4-a471-c01db9429b52:Completed","count":{"type":"Total","value":1}},{"id":"/subscriptions/00000000-0000-0000-0000-000000000000/tagNames/AZ_SCRIPTS_STATUS/tagValues/PsTest-DeploymentScripts-af47bee3-886c-4513-989c-e6c6247f2399:Completed","tagValue":"PsTest-DeploymentScripts-af47bee3-886c-4513-989c-e6c6247f2399:Completed","count":{"type":"Total","value":1}},{"id":"/subscriptions/00000000-0000-0000-0000-000000000000/tagNames/AZ_SCRIPTS_STATUS/tagValues/PsTest-DeploymentScripts-6a1d6107-00c7-4860-ac68-5d980e7285cc:Running","tagValue":"PsTest-DeploymentScripts-6a1d6107-00c7-4860-ac68-5d980e7285cc:Running","count":{"type":"Total","value":1}}]},{"id":"/subscriptions/00000000-0000-0000-0000-000000000000/tagNames/aksEngineVersion","tagName":"aksEngineVersion","count":{"type":"Total","value":6},"values":[{"id":"/subscriptions/00000000-0000-0000-0000-000000000000/tagNames/aksEngineVersion/tagValues/v0.47.0-aks-gomod-at-aks","tagValue":"v0.47.0-aks-gomod-at-aks","count":{"type":"Total","value":4}},{"id":"/subscriptions/00000000-0000-0000-0000-000000000000/tagNames/aksEngineVersion/tagValues/v0.47.0-aks-gomod-as-aks","tagValue":"v0.47.0-aks-gomod-as-aks","count":{"type":"Total","value":2}}]},{"id":"/subscriptions/00000000-0000-0000-0000-000000000000/tagNames/creationSource","tagName":"creationSource","count":{"type":"Total","value":6},"values":[{"id":"/subscriptions/00000000-0000-0000-0000-000000000000/tagNames/creationSource/tagValues/aks-aks-nodepool123-36552431-vmss","tagValue":"aks-aks-nodepool123-36552431-vmss","count":{"type":"Total","value":1}},{"id":"/subscriptions/00000000-0000-0000-0000-000000000000/tagNames/creationSource/tagValues/aks-aks-nodepool145-36552431-vmss","tagValue":"aks-aks-nodepool145-36552431-vmss","count":{"type":"Total","value":1}},{"id":"/subscriptions/00000000-0000-0000-0000-000000000000/tagNames/creationSource/tagValues/aks-aks-nodepool186-36552431-vmss","tagValue":"aks-aks-nodepool186-36552431-vmss","count":{"type":"Total","value":1}},{"id":"/subscriptions/00000000-0000-0000-0000-000000000000/tagNames/creationSource/tagValues/aks-aks-nodepool194-36552431-vmss","tagValue":"aks-aks-nodepool194-36552431-vmss","count":{"type":"Total","value":1}},{"id":"/subscriptions/00000000-0000-0000-0000-000000000000/tagNames/creationSource/tagValues/aks-aks-nodepool1-36552431-vmss","tagValue":"aks-aks-nodepool1-36552431-vmss","count":{"type":"Total","value":2}}]},{"id":"/subscriptions/00000000-0000-0000-0000-000000000000/tagNames/orchestrator","tagName":"orchestrator","count":{"type":"Total","value":6},"values":[{"id":"/subscriptions/00000000-0000-0000-0000-000000000000/tagNames/orchestrator/tagValues/Kubernetes:1.17.13","tagValue":"Kubernetes:1.17.13","count":{"type":"Total","value":6}}]},{"id":"/subscriptions/00000000-0000-0000-0000-000000000000/tagNames/poolName","tagName":"poolName","count":{"type":"Total","value":6},"values":[{"id":"/subscriptions/00000000-0000-0000-0000-000000000000/tagNames/poolName/tagValues/nodepool123","tagValue":"nodepool123","count":{"type":"Total","value":1}},{"id":"/subscriptions/00000000-0000-0000-0000-000000000000/tagNames/poolName/tagValues/nodepool145","tagValue":"nodepool145","count":{"type":"Total","value":1}},{"id":"/subscriptions/00000000-0000-0000-0000-000000000000/tagNames/poolName/tagValues/nodepool186","tagValue":"nodepool186","count":{"type":"Total","value":1}},{"id":"/subscriptions/00000000-0000-0000-0000-000000000000/tagNames/poolName/tagValues/nodepool194","tagValue":"nodepool194","count":{"type":"Total","value":1}},{"id":"/subscriptions/00000000-0000-0000-0000-000000000000/tagNames/poolName/tagValues/nodepool1","tagValue":"nodepool1","count":{"type":"Total","value":2}}]},{"id":"/subscriptions/00000000-0000-0000-0000-000000000000/tagNames/resourceNameSuffix","tagName":"resourceNameSuffix","count":{"type":"Total","value":6},"values":[{"id":"/subscriptions/00000000-0000-0000-0000-000000000000/tagNames/resourceNameSuffix/tagValues/36552431","tagValue":"36552431","count":{"type":"Total","value":6}}]},{"id":"/subscriptions/00000000-0000-0000-0000-000000000000/tagNames/owner","tagName":"owner","count":{"type":"Total","value":5},"values":[{"id":"/subscriptions/00000000-0000-0000-0000-000000000000/tagNames/owner/tagValues/kubernetes","tagValue":"kubernetes","count":{"type":"Total","value":5}}]},{"id":"/subscriptions/00000000-0000-0000-0000-000000000000/tagNames/type","tagName":"type","count":{"type":"Total","value":5},"values":[{"id":"/subscriptions/00000000-0000-0000-0000-000000000000/tagNames/type/tagValues/aks-slb-managed-outbound-ip","tagValue":"aks-slb-managed-outbound-ip","count":{"type":"Total","value":5}}]},{"id":"/subscriptions/00000000-0000-0000-0000-000000000000/tagNames/ms-resource-usage","tagName":"ms-resource-usage","count":{"type":"Total","value":1},"values":[{"id":"/subscriptions/00000000-0000-0000-0000-000000000000/tagNames/ms-resource-usage/tagValues/azure-cloud-shell","tagValue":"azure-cloud-shell","count":{"type":"Total","value":1}}]},{"id":"/subscriptions/00000000-0000-0000-0000-000000000000/tagNames/testtag","tagName":"testtag","count":{"type":"Total","value":1},"values":[{"id":"/subscriptions/00000000-0000-0000-0000-000000000000/tagNames/testtag/tagValues/testval","tagValue":"testval","count":{"type":"Total","value":1}}]},{"id":"/subscriptions/00000000-0000-0000-0000-000000000000/tagNames/cli-test","tagName":"cli-test","count":{"type":"Total","value":1},"values":[{"id":"/subscriptions/00000000-0000-0000-0000-000000000000/tagNames/cli-test/tagValues/test","tagValue":"test","count":{"type":"Total","value":1}}]},{"id":"/subscriptions/00000000-0000-0000-0000-000000000000/tagNames/product","tagName":"product","count":{"type":"Total","value":8},"values":[{"id":"/subscriptions/00000000-0000-0000-0000-000000000000/tagNames/product/tagValues/azurecli","tagValue":"azurecli","count":{"type":"Total","value":8}}]},{"id":"/subscriptions/00000000-0000-0000-0000-000000000000/tagNames/cause","tagName":"cause","count":{"type":"Total","value":8},"values":[{"id":"/subscriptions/00000000-0000-0000-0000-000000000000/tagNames/cause/tagValues/automation","tagValue":"automation","count":{"type":"Total","value":8}}]},{"id":"/subscriptions/00000000-0000-0000-0000-000000000000/tagNames/date","tagName":"date","count":{"type":"Total","value":8},"values":[{"id":"/subscriptions/00000000-0000-0000-0000-000000000000/tagNames/date/tagValues/2020-12-17T19:28:25Z","tagValue":"2020-12-17T19:28:25Z","count":{"type":"Total","value":1}},{"id":"/subscriptions/00000000-0000-0000-0000-000000000000/tagNames/date/tagValues/2020-12-17T19:28:26Z","tagValue":"2020-12-17T19:28:26Z","count":{"type":"Total","value":1}},{"id":"/subscriptions/00000000-0000-0000-0000-000000000000/tagNames/date/tagValues/2020-12-17T19:28:55Z","tagValue":"2020-12-17T19:28:55Z","count":{"type":"Total","value":1}},{"id":"/subscriptions/00000000-0000-0000-0000-000000000000/tagNames/date/tagValues/2020-12-17T19:29:10Z","tagValue":"2020-12-17T19:29:10Z","count":{"type":"Total","value":1}},{"id":"/subscriptions/00000000-0000-0000-0000-000000000000/tagNames/date/tagValues/2020-12-17T19:29:18Z","tagValue":"2020-12-17T19:29:18Z","count":{"type":"Total","value":1}},{"id":"/subscriptions/00000000-0000-0000-0000-000000000000/tagNames/date/tagValues/2020-12-17T19:29:39Z","tagValue":"2020-12-17T19:29:39Z","count":{"type":"Total","value":1}},{"id":"/subscriptions/00000000-0000-0000-0000-000000000000/tagNames/date/tagValues/2020-12-17T19:29:46Z","tagValue":"2020-12-17T19:29:46Z","count":{"type":"Total","value":1}},{"id":"/subscriptions/00000000-0000-0000-0000-000000000000/tagNames/date/tagValues/2020-12-17T19:29:47Z","tagValue":"2020-12-17T19:29:47Z","count":{"type":"Total","value":1}}]},{"id":"/subscriptions/00000000-0000-0000-0000-000000000000/tagNames/ServiceDirectory","tagName":"ServiceDirectory","count":{"type":"Total","value":1},"values":[{"id":"/subscriptions/00000000-0000-0000-0000-000000000000/tagNames/ServiceDirectory/tagValues/resources","tagValue":"resources","count":{"type":"Total","value":1}}]},{"id":"/subscriptions/00000000-0000-0000-0000-000000000000/tagNames/Creator","tagName":"Creator","count":{"type":"Total","value":1},"values":[{"id":"/subscriptions/00000000-0000-0000-0000-000000000000/tagNames/Creator/tagValues/stuartko","tagValue":"stuartko","count":{"type":"Total","value":1}}]}]}'
    headers:
      cache-control:
      - no-cache
      content-length:
      - '13885'
      content-type:
      - application/json; charset=utf-8
      date:
      - Thu, 17 Dec 2020 19:30:01 GMT
      expires:
      - '-1'
      pragma:
      - no-cache
      strict-transport-security:
      - max-age=31536000; includeSubDomains
      vary:
      - Accept-Encoding
      x-content-type-options:
      - nosniff
    status:
      code: 200
      message: OK
- request:
    body: null
    headers:
      Accept:
      - application/json
      Accept-Encoding:
      - gzip, deflate
      CommandName:
      - tag delete
      Connection:
      - keep-alive
      Content-Length:
      - '0'
      ParameterSetName:
      - -n -y
      User-Agent:
      - python/3.8.6 (Windows-10-10.0.19041-SP0) msrest/0.6.18 msrest_azure/0.6.3
        azure-mgmt-resource/12.0.0 Azure-SDK-For-Python AZURECLI/2.16.0
      accept-language:
      - en-US
    method: DELETE
    uri: https://management.azure.com/subscriptions/00000000-0000-0000-0000-000000000000/tagNames/cli_test_tag?api-version=2020-10-01
  response:
    body:
      string: ''
    headers:
      cache-control:
      - no-cache
      date:
      - Thu, 17 Dec 2020 19:30:03 GMT
      expires:
      - '-1'
      pragma:
      - no-cache
      strict-transport-security:
      - max-age=31536000; includeSubDomains
      x-content-type-options:
      - nosniff
      x-ms-ratelimit-remaining-subscription-deletes:
      - '14999'
    status:
      code: 204
      message: No Content
- request:
    body: null
    headers:
      Accept:
      - application/json
      Accept-Encoding:
      - gzip, deflate
      CommandName:
      - tag list
      Connection:
      - keep-alive
      ParameterSetName:
      - --query
      User-Agent:
      - python/3.8.6 (Windows-10-10.0.19041-SP0) msrest/0.6.18 msrest_azure/0.6.3
        azure-mgmt-resource/12.0.0 Azure-SDK-For-Python AZURECLI/2.16.0
      accept-language:
      - en-US
    method: GET
    uri: https://management.azure.com/subscriptions/00000000-0000-0000-0000-000000000000/tagNames?api-version=2020-10-01
  response:
    body:
      string: '{"value":[{"id":"/subscriptions/00000000-0000-0000-0000-000000000000/tagNames/Blah","tagName":"Blah","count":{"type":"Total","value":28},"values":[{"id":"/subscriptions/00000000-0000-0000-0000-000000000000/tagNames/Blah/tagValues/Tataaaa","tagValue":"Tataaaa","count":{"type":"Total","value":28}}]},{"id":"/subscriptions/00000000-0000-0000-0000-000000000000/tagNames/tag1","tagName":"tag1","count":{"type":"Total","value":30},"values":[{"id":"/subscriptions/00000000-0000-0000-0000-000000000000/tagNames/tag1/tagValues/tag2","tagValue":"tag2","count":{"type":"Total","value":28}},{"id":"/subscriptions/00000000-0000-0000-0000-000000000000/tagNames/tag1/tagValues/value1","tagValue":"value1","count":{"type":"Total","value":1}},{"id":"/subscriptions/00000000-0000-0000-0000-000000000000/tagNames/tag1/tagValues/tag1","tagValue":"tag1","count":{"type":"Total","value":1}}]},{"id":"/subscriptions/00000000-0000-0000-0000-000000000000/tagNames/TagAlong","tagName":"TagAlong","count":{"type":"Total","value":28},"values":[{"id":"/subscriptions/00000000-0000-0000-0000-000000000000/tagNames/TagAlong/tagValues/TagOver","tagValue":"TagOver","count":{"type":"Total","value":28}}]},{"id":"/subscriptions/00000000-0000-0000-0000-000000000000/tagNames/tagname","tagName":"tagname","count":{"type":"Total","value":29},"values":[{"id":"/subscriptions/00000000-0000-0000-0000-000000000000/tagNames/tagname/tagValues/tagvalue","tagValue":"tagvalue","count":{"type":"Total","value":29}}]},{"id":"/subscriptions/00000000-0000-0000-0000-000000000000/tagNames/department","tagName":"department","count":{"type":"Total","value":1},"values":[{"id":"/subscriptions/00000000-0000-0000-0000-000000000000/tagNames/department/tagValues/finance","tagValue":"finance","count":{"type":"Total","value":1}}]},{"id":"/subscriptions/00000000-0000-0000-0000-000000000000/tagNames/tag2","tagName":"tag2","count":{"type":"Total","value":1},"values":[{"id":"/subscriptions/00000000-0000-0000-0000-000000000000/tagNames/tag2/tagValues/value2","tagValue":"value2","count":{"type":"Total","value":1}}]},{"id":"/subscriptions/00000000-0000-0000-0000-000000000000/tagNames/tag3","tagName":"tag3","count":{"type":"Total","value":1},"values":[{"id":"/subscriptions/00000000-0000-0000-0000-000000000000/tagNames/tag3/tagValues/value3","tagValue":"value3","count":{"type":"Total","value":1}}]},{"id":"/subscriptions/00000000-0000-0000-0000-000000000000/tagNames/archv2","tagName":"archv2","count":{"type":"Total","value":10},"values":[{"id":"/subscriptions/00000000-0000-0000-0000-000000000000/tagNames/archv2/tagValues/","tagValue":"","count":{"type":"Total","value":10}}]},{"id":"/subscriptions/00000000-0000-0000-0000-000000000000/tagNames/tier","tagName":"tier","count":{"type":"Total","value":10},"values":[{"id":"/subscriptions/00000000-0000-0000-0000-000000000000/tagNames/tier/tagValues/production","tagValue":"production","count":{"type":"Total","value":10}}]},{"id":"/subscriptions/00000000-0000-0000-0000-000000000000/tagNames/AZ_SCRIPTS_STATUS","tagName":"AZ_SCRIPTS_STATUS","count":{"type":"Total","value":12},"values":[{"id":"/subscriptions/00000000-0000-0000-0000-000000000000/tagNames/AZ_SCRIPTS_STATUS/tagValues/MyDeploymentScriptTest:Completed","tagValue":"MyDeploymentScriptTest:Completed","count":{"type":"Total","value":2}},{"id":"/subscriptions/00000000-0000-0000-0000-000000000000/tagNames/AZ_SCRIPTS_STATUS/tagValues/PsTest-DeploymentScripts-5e8bc379-b02b-4e18-961f-3f7af2638839:Completed","tagValue":"PsTest-DeploymentScripts-5e8bc379-b02b-4e18-961f-3f7af2638839:Completed","count":{"type":"Total","value":1}},{"id":"/subscriptions/00000000-0000-0000-0000-000000000000/tagNames/AZ_SCRIPTS_STATUS/tagValues/PsTest-DeploymentScripts-763cbb38-6353-4391-9d5b-ce2032f1c7f3:Completed","tagValue":"PsTest-DeploymentScripts-763cbb38-6353-4391-9d5b-ce2032f1c7f3:Completed","count":{"type":"Total","value":1}},{"id":"/subscriptions/00000000-0000-0000-0000-000000000000/tagNames/AZ_SCRIPTS_STATUS/tagValues/PsTest-DeploymentScripts-1bdd5f7b-5177-48f3-a7f7-5bf45b5a1fe0:Completed","tagValue":"PsTest-DeploymentScripts-1bdd5f7b-5177-48f3-a7f7-5bf45b5a1fe0:Completed","count":{"type":"Total","value":1}},{"id":"/subscriptions/00000000-0000-0000-0000-000000000000/tagNames/AZ_SCRIPTS_STATUS/tagValues/PsTest-DeploymentScripts-f29b9c16-237c-4743-82ed-2c39fac556e1:Completed","tagValue":"PsTest-DeploymentScripts-f29b9c16-237c-4743-82ed-2c39fac556e1:Completed","count":{"type":"Total","value":1}},{"id":"/subscriptions/00000000-0000-0000-0000-000000000000/tagNames/AZ_SCRIPTS_STATUS/tagValues/PsTest-DeploymentScripts-7f2375b1-8913-4261-b744-4e3e8801a89a:Completed","tagValue":"PsTest-DeploymentScripts-7f2375b1-8913-4261-b744-4e3e8801a89a:Completed","count":{"type":"Total","value":1}},{"id":"/subscriptions/00000000-0000-0000-0000-000000000000/tagNames/AZ_SCRIPTS_STATUS/tagValues/PsTest-DeploymentScripts-e711e393-0cbc-4823-8a01-9013d2a0ecdc:Completed","tagValue":"PsTest-DeploymentScripts-e711e393-0cbc-4823-8a01-9013d2a0ecdc:Completed","count":{"type":"Total","value":1}},{"id":"/subscriptions/00000000-0000-0000-0000-000000000000/tagNames/AZ_SCRIPTS_STATUS/tagValues/PsTest-DeploymentScripts-962570b8-58b1-4b2d-824c-1221c412e147:Completed","tagValue":"PsTest-DeploymentScripts-962570b8-58b1-4b2d-824c-1221c412e147:Completed","count":{"type":"Total","value":1}},{"id":"/subscriptions/00000000-0000-0000-0000-000000000000/tagNames/AZ_SCRIPTS_STATUS/tagValues/PsTest-DeploymentScripts-deb23486-298b-48c4-a471-c01db9429b52:Completed","tagValue":"PsTest-DeploymentScripts-deb23486-298b-48c4-a471-c01db9429b52:Completed","count":{"type":"Total","value":1}},{"id":"/subscriptions/00000000-0000-0000-0000-000000000000/tagNames/AZ_SCRIPTS_STATUS/tagValues/PsTest-DeploymentScripts-af47bee3-886c-4513-989c-e6c6247f2399:Completed","tagValue":"PsTest-DeploymentScripts-af47bee3-886c-4513-989c-e6c6247f2399:Completed","count":{"type":"Total","value":1}},{"id":"/subscriptions/00000000-0000-0000-0000-000000000000/tagNames/AZ_SCRIPTS_STATUS/tagValues/PsTest-DeploymentScripts-6a1d6107-00c7-4860-ac68-5d980e7285cc:Running","tagValue":"PsTest-DeploymentScripts-6a1d6107-00c7-4860-ac68-5d980e7285cc:Running","count":{"type":"Total","value":1}}]},{"id":"/subscriptions/00000000-0000-0000-0000-000000000000/tagNames/aksEngineVersion","tagName":"aksEngineVersion","count":{"type":"Total","value":6},"values":[{"id":"/subscriptions/00000000-0000-0000-0000-000000000000/tagNames/aksEngineVersion/tagValues/v0.47.0-aks-gomod-at-aks","tagValue":"v0.47.0-aks-gomod-at-aks","count":{"type":"Total","value":4}},{"id":"/subscriptions/00000000-0000-0000-0000-000000000000/tagNames/aksEngineVersion/tagValues/v0.47.0-aks-gomod-as-aks","tagValue":"v0.47.0-aks-gomod-as-aks","count":{"type":"Total","value":2}}]},{"id":"/subscriptions/00000000-0000-0000-0000-000000000000/tagNames/creationSource","tagName":"creationSource","count":{"type":"Total","value":6},"values":[{"id":"/subscriptions/00000000-0000-0000-0000-000000000000/tagNames/creationSource/tagValues/aks-aks-nodepool123-36552431-vmss","tagValue":"aks-aks-nodepool123-36552431-vmss","count":{"type":"Total","value":1}},{"id":"/subscriptions/00000000-0000-0000-0000-000000000000/tagNames/creationSource/tagValues/aks-aks-nodepool145-36552431-vmss","tagValue":"aks-aks-nodepool145-36552431-vmss","count":{"type":"Total","value":1}},{"id":"/subscriptions/00000000-0000-0000-0000-000000000000/tagNames/creationSource/tagValues/aks-aks-nodepool186-36552431-vmss","tagValue":"aks-aks-nodepool186-36552431-vmss","count":{"type":"Total","value":1}},{"id":"/subscriptions/00000000-0000-0000-0000-000000000000/tagNames/creationSource/tagValues/aks-aks-nodepool194-36552431-vmss","tagValue":"aks-aks-nodepool194-36552431-vmss","count":{"type":"Total","value":1}},{"id":"/subscriptions/00000000-0000-0000-0000-000000000000/tagNames/creationSource/tagValues/aks-aks-nodepool1-36552431-vmss","tagValue":"aks-aks-nodepool1-36552431-vmss","count":{"type":"Total","value":2}}]},{"id":"/subscriptions/00000000-0000-0000-0000-000000000000/tagNames/orchestrator","tagName":"orchestrator","count":{"type":"Total","value":6},"values":[{"id":"/subscriptions/00000000-0000-0000-0000-000000000000/tagNames/orchestrator/tagValues/Kubernetes:1.17.13","tagValue":"Kubernetes:1.17.13","count":{"type":"Total","value":6}}]},{"id":"/subscriptions/00000000-0000-0000-0000-000000000000/tagNames/poolName","tagName":"poolName","count":{"type":"Total","value":6},"values":[{"id":"/subscriptions/00000000-0000-0000-0000-000000000000/tagNames/poolName/tagValues/nodepool123","tagValue":"nodepool123","count":{"type":"Total","value":1}},{"id":"/subscriptions/00000000-0000-0000-0000-000000000000/tagNames/poolName/tagValues/nodepool145","tagValue":"nodepool145","count":{"type":"Total","value":1}},{"id":"/subscriptions/00000000-0000-0000-0000-000000000000/tagNames/poolName/tagValues/nodepool186","tagValue":"nodepool186","count":{"type":"Total","value":1}},{"id":"/subscriptions/00000000-0000-0000-0000-000000000000/tagNames/poolName/tagValues/nodepool194","tagValue":"nodepool194","count":{"type":"Total","value":1}},{"id":"/subscriptions/00000000-0000-0000-0000-000000000000/tagNames/poolName/tagValues/nodepool1","tagValue":"nodepool1","count":{"type":"Total","value":2}}]},{"id":"/subscriptions/00000000-0000-0000-0000-000000000000/tagNames/resourceNameSuffix","tagName":"resourceNameSuffix","count":{"type":"Total","value":6},"values":[{"id":"/subscriptions/00000000-0000-0000-0000-000000000000/tagNames/resourceNameSuffix/tagValues/36552431","tagValue":"36552431","count":{"type":"Total","value":6}}]},{"id":"/subscriptions/00000000-0000-0000-0000-000000000000/tagNames/owner","tagName":"owner","count":{"type":"Total","value":5},"values":[{"id":"/subscriptions/00000000-0000-0000-0000-000000000000/tagNames/owner/tagValues/kubernetes","tagValue":"kubernetes","count":{"type":"Total","value":5}}]},{"id":"/subscriptions/00000000-0000-0000-0000-000000000000/tagNames/type","tagName":"type","count":{"type":"Total","value":5},"values":[{"id":"/subscriptions/00000000-0000-0000-0000-000000000000/tagNames/type/tagValues/aks-slb-managed-outbound-ip","tagValue":"aks-slb-managed-outbound-ip","count":{"type":"Total","value":5}}]},{"id":"/subscriptions/00000000-0000-0000-0000-000000000000/tagNames/ms-resource-usage","tagName":"ms-resource-usage","count":{"type":"Total","value":1},"values":[{"id":"/subscriptions/00000000-0000-0000-0000-000000000000/tagNames/ms-resource-usage/tagValues/azure-cloud-shell","tagValue":"azure-cloud-shell","count":{"type":"Total","value":1}}]},{"id":"/subscriptions/00000000-0000-0000-0000-000000000000/tagNames/testtag","tagName":"testtag","count":{"type":"Total","value":1},"values":[{"id":"/subscriptions/00000000-0000-0000-0000-000000000000/tagNames/testtag/tagValues/testval","tagValue":"testval","count":{"type":"Total","value":1}}]},{"id":"/subscriptions/00000000-0000-0000-0000-000000000000/tagNames/cli-test","tagName":"cli-test","count":{"type":"Total","value":1},"values":[{"id":"/subscriptions/00000000-0000-0000-0000-000000000000/tagNames/cli-test/tagValues/test","tagValue":"test","count":{"type":"Total","value":1}}]},{"id":"/subscriptions/00000000-0000-0000-0000-000000000000/tagNames/product","tagName":"product","count":{"type":"Total","value":9},"values":[{"id":"/subscriptions/00000000-0000-0000-0000-000000000000/tagNames/product/tagValues/azurecli","tagValue":"azurecli","count":{"type":"Total","value":9}}]},{"id":"/subscriptions/00000000-0000-0000-0000-000000000000/tagNames/cause","tagName":"cause","count":{"type":"Total","value":9},"values":[{"id":"/subscriptions/00000000-0000-0000-0000-000000000000/tagNames/cause/tagValues/automation","tagValue":"automation","count":{"type":"Total","value":9}}]},{"id":"/subscriptions/00000000-0000-0000-0000-000000000000/tagNames/date","tagName":"date","count":{"type":"Total","value":9},"values":[{"id":"/subscriptions/00000000-0000-0000-0000-000000000000/tagNames/date/tagValues/2020-12-17T19:28:25Z","tagValue":"2020-12-17T19:28:25Z","count":{"type":"Total","value":1}},{"id":"/subscriptions/00000000-0000-0000-0000-000000000000/tagNames/date/tagValues/2020-12-17T19:28:26Z","tagValue":"2020-12-17T19:28:26Z","count":{"type":"Total","value":1}},{"id":"/subscriptions/00000000-0000-0000-0000-000000000000/tagNames/date/tagValues/2020-12-17T19:28:55Z","tagValue":"2020-12-17T19:28:55Z","count":{"type":"Total","value":1}},{"id":"/subscriptions/00000000-0000-0000-0000-000000000000/tagNames/date/tagValues/2020-12-17T19:29:10Z","tagValue":"2020-12-17T19:29:10Z","count":{"type":"Total","value":1}},{"id":"/subscriptions/00000000-0000-0000-0000-000000000000/tagNames/date/tagValues/2020-12-17T19:29:18Z","tagValue":"2020-12-17T19:29:18Z","count":{"type":"Total","value":1}},{"id":"/subscriptions/00000000-0000-0000-0000-000000000000/tagNames/date/tagValues/2020-12-17T19:29:39Z","tagValue":"2020-12-17T19:29:39Z","count":{"type":"Total","value":1}},{"id":"/subscriptions/00000000-0000-0000-0000-000000000000/tagNames/date/tagValues/2020-12-17T19:29:46Z","tagValue":"2020-12-17T19:29:46Z","count":{"type":"Total","value":1}},{"id":"/subscriptions/00000000-0000-0000-0000-000000000000/tagNames/date/tagValues/2020-12-17T19:29:47Z","tagValue":"2020-12-17T19:29:47Z","count":{"type":"Total","value":1}},{"id":"/subscriptions/00000000-0000-0000-0000-000000000000/tagNames/date/tagValues/2020-12-17T19:30:02Z","tagValue":"2020-12-17T19:30:02Z","count":{"type":"Total","value":1}}]},{"id":"/subscriptions/00000000-0000-0000-0000-000000000000/tagNames/ServiceDirectory","tagName":"ServiceDirectory","count":{"type":"Total","value":1},"values":[{"id":"/subscriptions/00000000-0000-0000-0000-000000000000/tagNames/ServiceDirectory/tagValues/resources","tagValue":"resources","count":{"type":"Total","value":1}}]},{"id":"/subscriptions/00000000-0000-0000-0000-000000000000/tagNames/Creator","tagName":"Creator","count":{"type":"Total","value":1},"values":[{"id":"/subscriptions/00000000-0000-0000-0000-000000000000/tagNames/Creator/tagValues/stuartko","tagValue":"stuartko","count":{"type":"Total","value":1}}]}]}'
    headers:
      cache-control:
      - no-cache
      content-length:
      - '14060'
      content-type:
      - application/json; charset=utf-8
      date:
      - Thu, 17 Dec 2020 19:30:04 GMT
      expires:
      - '-1'
      pragma:
      - no-cache
      strict-transport-security:
      - max-age=31536000; includeSubDomains
      vary:
      - Accept-Encoding
      x-content-type-options:
      - nosniff
    status:
      code: 200
      message: OK
- request:
    body: null
    headers:
      Accept:
      - application/json
      Accept-Encoding:
      - gzip, deflate
      CommandName:
      - tag create
      Connection:
      - keep-alive
      Content-Length:
      - '0'
      ParameterSetName:
      - -n
      User-Agent:
      - python/3.8.6 (Windows-10-10.0.19041-SP0) msrest/0.6.18 msrest_azure/0.6.3
        azure-mgmt-resource/12.0.0 Azure-SDK-For-Python AZURECLI/2.16.0
      accept-language:
      - en-US
    method: PUT
    uri: https://management.azure.com/subscriptions/00000000-0000-0000-0000-000000000000/tagNames/cli_test_tag?api-version=2020-10-01
  response:
    body:
      string: '{"id":"/subscriptions/00000000-0000-0000-0000-000000000000/tagNames/cli_test_tag","tagName":"cli_test_tag","count":{"type":"Total","value":0},"values":[]}'
    headers:
      cache-control:
      - no-cache
      content-length:
      - '154'
      content-type:
      - application/json; charset=utf-8
      date:
      - Thu, 17 Dec 2020 19:30:05 GMT
      expires:
      - '-1'
      pragma:
      - no-cache
      strict-transport-security:
      - max-age=31536000; includeSubDomains
      x-content-type-options:
      - nosniff
      x-ms-ratelimit-remaining-subscription-writes:
      - '1199'
    status:
      code: 201
      message: Created
- request:
    body: null
    headers:
      Accept:
      - application/json
      Accept-Encoding:
      - gzip, deflate
      CommandName:
      - tag add-value
      Connection:
      - keep-alive
      Content-Length:
      - '0'
      ParameterSetName:
      - -n --value
      User-Agent:
      - python/3.8.6 (Windows-10-10.0.19041-SP0) msrest/0.6.18 msrest_azure/0.6.3
        azure-mgmt-resource/12.0.0 Azure-SDK-For-Python AZURECLI/2.16.0
      accept-language:
      - en-US
    method: PUT
    uri: https://management.azure.com/subscriptions/00000000-0000-0000-0000-000000000000/tagNames/cli_test_tag/tagValues/test?api-version=2020-10-01
  response:
    body:
      string: '{"id":"/subscriptions/00000000-0000-0000-0000-000000000000/tagNames/cli_test_tag/tagValues/test","tagValue":"test","count":{"type":"Total","value":0}}'
    headers:
      cache-control:
      - no-cache
      content-length:
      - '150'
      content-type:
      - application/json; charset=utf-8
      date:
      - Thu, 17 Dec 2020 19:30:06 GMT
      expires:
      - '-1'
      pragma:
      - no-cache
      strict-transport-security:
      - max-age=31536000; includeSubDomains
      x-content-type-options:
      - nosniff
      x-ms-ratelimit-remaining-subscription-writes:
      - '1199'
    status:
      code: 201
      message: Created
- request:
    body: null
    headers:
      Accept:
      - application/json
      Accept-Encoding:
      - gzip, deflate
      CommandName:
      - tag add-value
      Connection:
      - keep-alive
      Content-Length:
      - '0'
      ParameterSetName:
      - -n --value
      User-Agent:
      - python/3.8.6 (Windows-10-10.0.19041-SP0) msrest/0.6.18 msrest_azure/0.6.3
        azure-mgmt-resource/12.0.0 Azure-SDK-For-Python AZURECLI/2.16.0
      accept-language:
      - en-US
    method: PUT
    uri: https://management.azure.com/subscriptions/00000000-0000-0000-0000-000000000000/tagNames/cli_test_tag/tagValues/test2?api-version=2020-10-01
  response:
    body:
      string: '{"id":"/subscriptions/00000000-0000-0000-0000-000000000000/tagNames/cli_test_tag/tagValues/test2","tagValue":"test2","count":{"type":"Total","value":0}}'
    headers:
      cache-control:
      - no-cache
      content-length:
      - '152'
      content-type:
      - application/json; charset=utf-8
      date:
      - Thu, 17 Dec 2020 19:30:06 GMT
      expires:
      - '-1'
      pragma:
      - no-cache
      strict-transport-security:
      - max-age=31536000; includeSubDomains
      x-content-type-options:
      - nosniff
      x-ms-ratelimit-remaining-subscription-writes:
      - '1199'
    status:
      code: 201
      message: Created
- request:
    body: null
    headers:
      Accept:
      - application/json
      Accept-Encoding:
      - gzip, deflate
      CommandName:
      - tag list
      Connection:
      - keep-alive
      ParameterSetName:
      - --query
      User-Agent:
      - python/3.8.6 (Windows-10-10.0.19041-SP0) msrest/0.6.18 msrest_azure/0.6.3
        azure-mgmt-resource/12.0.0 Azure-SDK-For-Python AZURECLI/2.16.0
      accept-language:
      - en-US
    method: GET
    uri: https://management.azure.com/subscriptions/00000000-0000-0000-0000-000000000000/tagNames?api-version=2020-10-01
  response:
    body:
      string: '{"value":[{"id":"/subscriptions/00000000-0000-0000-0000-000000000000/tagNames/Blah","tagName":"Blah","count":{"type":"Total","value":28},"values":[{"id":"/subscriptions/00000000-0000-0000-0000-000000000000/tagNames/Blah/tagValues/Tataaaa","tagValue":"Tataaaa","count":{"type":"Total","value":28}}]},{"id":"/subscriptions/00000000-0000-0000-0000-000000000000/tagNames/tag1","tagName":"tag1","count":{"type":"Total","value":30},"values":[{"id":"/subscriptions/00000000-0000-0000-0000-000000000000/tagNames/tag1/tagValues/tag2","tagValue":"tag2","count":{"type":"Total","value":28}},{"id":"/subscriptions/00000000-0000-0000-0000-000000000000/tagNames/tag1/tagValues/value1","tagValue":"value1","count":{"type":"Total","value":1}},{"id":"/subscriptions/00000000-0000-0000-0000-000000000000/tagNames/tag1/tagValues/tag1","tagValue":"tag1","count":{"type":"Total","value":1}}]},{"id":"/subscriptions/00000000-0000-0000-0000-000000000000/tagNames/TagAlong","tagName":"TagAlong","count":{"type":"Total","value":28},"values":[{"id":"/subscriptions/00000000-0000-0000-0000-000000000000/tagNames/TagAlong/tagValues/TagOver","tagValue":"TagOver","count":{"type":"Total","value":28}}]},{"id":"/subscriptions/00000000-0000-0000-0000-000000000000/tagNames/tagname","tagName":"tagname","count":{"type":"Total","value":29},"values":[{"id":"/subscriptions/00000000-0000-0000-0000-000000000000/tagNames/tagname/tagValues/tagvalue","tagValue":"tagvalue","count":{"type":"Total","value":29}}]},{"id":"/subscriptions/00000000-0000-0000-0000-000000000000/tagNames/department","tagName":"department","count":{"type":"Total","value":1},"values":[{"id":"/subscriptions/00000000-0000-0000-0000-000000000000/tagNames/department/tagValues/finance","tagValue":"finance","count":{"type":"Total","value":1}}]},{"id":"/subscriptions/00000000-0000-0000-0000-000000000000/tagNames/tag2","tagName":"tag2","count":{"type":"Total","value":1},"values":[{"id":"/subscriptions/00000000-0000-0000-0000-000000000000/tagNames/tag2/tagValues/value2","tagValue":"value2","count":{"type":"Total","value":1}}]},{"id":"/subscriptions/00000000-0000-0000-0000-000000000000/tagNames/tag3","tagName":"tag3","count":{"type":"Total","value":1},"values":[{"id":"/subscriptions/00000000-0000-0000-0000-000000000000/tagNames/tag3/tagValues/value3","tagValue":"value3","count":{"type":"Total","value":1}}]},{"id":"/subscriptions/00000000-0000-0000-0000-000000000000/tagNames/archv2","tagName":"archv2","count":{"type":"Total","value":10},"values":[{"id":"/subscriptions/00000000-0000-0000-0000-000000000000/tagNames/archv2/tagValues/","tagValue":"","count":{"type":"Total","value":10}}]},{"id":"/subscriptions/00000000-0000-0000-0000-000000000000/tagNames/tier","tagName":"tier","count":{"type":"Total","value":10},"values":[{"id":"/subscriptions/00000000-0000-0000-0000-000000000000/tagNames/tier/tagValues/production","tagValue":"production","count":{"type":"Total","value":10}}]},{"id":"/subscriptions/00000000-0000-0000-0000-000000000000/tagNames/AZ_SCRIPTS_STATUS","tagName":"AZ_SCRIPTS_STATUS","count":{"type":"Total","value":12},"values":[{"id":"/subscriptions/00000000-0000-0000-0000-000000000000/tagNames/AZ_SCRIPTS_STATUS/tagValues/MyDeploymentScriptTest:Completed","tagValue":"MyDeploymentScriptTest:Completed","count":{"type":"Total","value":2}},{"id":"/subscriptions/00000000-0000-0000-0000-000000000000/tagNames/AZ_SCRIPTS_STATUS/tagValues/PsTest-DeploymentScripts-5e8bc379-b02b-4e18-961f-3f7af2638839:Completed","tagValue":"PsTest-DeploymentScripts-5e8bc379-b02b-4e18-961f-3f7af2638839:Completed","count":{"type":"Total","value":1}},{"id":"/subscriptions/00000000-0000-0000-0000-000000000000/tagNames/AZ_SCRIPTS_STATUS/tagValues/PsTest-DeploymentScripts-763cbb38-6353-4391-9d5b-ce2032f1c7f3:Completed","tagValue":"PsTest-DeploymentScripts-763cbb38-6353-4391-9d5b-ce2032f1c7f3:Completed","count":{"type":"Total","value":1}},{"id":"/subscriptions/00000000-0000-0000-0000-000000000000/tagNames/AZ_SCRIPTS_STATUS/tagValues/PsTest-DeploymentScripts-1bdd5f7b-5177-48f3-a7f7-5bf45b5a1fe0:Completed","tagValue":"PsTest-DeploymentScripts-1bdd5f7b-5177-48f3-a7f7-5bf45b5a1fe0:Completed","count":{"type":"Total","value":1}},{"id":"/subscriptions/00000000-0000-0000-0000-000000000000/tagNames/AZ_SCRIPTS_STATUS/tagValues/PsTest-DeploymentScripts-f29b9c16-237c-4743-82ed-2c39fac556e1:Completed","tagValue":"PsTest-DeploymentScripts-f29b9c16-237c-4743-82ed-2c39fac556e1:Completed","count":{"type":"Total","value":1}},{"id":"/subscriptions/00000000-0000-0000-0000-000000000000/tagNames/AZ_SCRIPTS_STATUS/tagValues/PsTest-DeploymentScripts-7f2375b1-8913-4261-b744-4e3e8801a89a:Completed","tagValue":"PsTest-DeploymentScripts-7f2375b1-8913-4261-b744-4e3e8801a89a:Completed","count":{"type":"Total","value":1}},{"id":"/subscriptions/00000000-0000-0000-0000-000000000000/tagNames/AZ_SCRIPTS_STATUS/tagValues/PsTest-DeploymentScripts-e711e393-0cbc-4823-8a01-9013d2a0ecdc:Completed","tagValue":"PsTest-DeploymentScripts-e711e393-0cbc-4823-8a01-9013d2a0ecdc:Completed","count":{"type":"Total","value":1}},{"id":"/subscriptions/00000000-0000-0000-0000-000000000000/tagNames/AZ_SCRIPTS_STATUS/tagValues/PsTest-DeploymentScripts-962570b8-58b1-4b2d-824c-1221c412e147:Completed","tagValue":"PsTest-DeploymentScripts-962570b8-58b1-4b2d-824c-1221c412e147:Completed","count":{"type":"Total","value":1}},{"id":"/subscriptions/00000000-0000-0000-0000-000000000000/tagNames/AZ_SCRIPTS_STATUS/tagValues/PsTest-DeploymentScripts-deb23486-298b-48c4-a471-c01db9429b52:Completed","tagValue":"PsTest-DeploymentScripts-deb23486-298b-48c4-a471-c01db9429b52:Completed","count":{"type":"Total","value":1}},{"id":"/subscriptions/00000000-0000-0000-0000-000000000000/tagNames/AZ_SCRIPTS_STATUS/tagValues/PsTest-DeploymentScripts-af47bee3-886c-4513-989c-e6c6247f2399:Completed","tagValue":"PsTest-DeploymentScripts-af47bee3-886c-4513-989c-e6c6247f2399:Completed","count":{"type":"Total","value":1}},{"id":"/subscriptions/00000000-0000-0000-0000-000000000000/tagNames/AZ_SCRIPTS_STATUS/tagValues/PsTest-DeploymentScripts-6a1d6107-00c7-4860-ac68-5d980e7285cc:Running","tagValue":"PsTest-DeploymentScripts-6a1d6107-00c7-4860-ac68-5d980e7285cc:Running","count":{"type":"Total","value":1}}]},{"id":"/subscriptions/00000000-0000-0000-0000-000000000000/tagNames/aksEngineVersion","tagName":"aksEngineVersion","count":{"type":"Total","value":6},"values":[{"id":"/subscriptions/00000000-0000-0000-0000-000000000000/tagNames/aksEngineVersion/tagValues/v0.47.0-aks-gomod-at-aks","tagValue":"v0.47.0-aks-gomod-at-aks","count":{"type":"Total","value":4}},{"id":"/subscriptions/00000000-0000-0000-0000-000000000000/tagNames/aksEngineVersion/tagValues/v0.47.0-aks-gomod-as-aks","tagValue":"v0.47.0-aks-gomod-as-aks","count":{"type":"Total","value":2}}]},{"id":"/subscriptions/00000000-0000-0000-0000-000000000000/tagNames/creationSource","tagName":"creationSource","count":{"type":"Total","value":6},"values":[{"id":"/subscriptions/00000000-0000-0000-0000-000000000000/tagNames/creationSource/tagValues/aks-aks-nodepool123-36552431-vmss","tagValue":"aks-aks-nodepool123-36552431-vmss","count":{"type":"Total","value":1}},{"id":"/subscriptions/00000000-0000-0000-0000-000000000000/tagNames/creationSource/tagValues/aks-aks-nodepool145-36552431-vmss","tagValue":"aks-aks-nodepool145-36552431-vmss","count":{"type":"Total","value":1}},{"id":"/subscriptions/00000000-0000-0000-0000-000000000000/tagNames/creationSource/tagValues/aks-aks-nodepool186-36552431-vmss","tagValue":"aks-aks-nodepool186-36552431-vmss","count":{"type":"Total","value":1}},{"id":"/subscriptions/00000000-0000-0000-0000-000000000000/tagNames/creationSource/tagValues/aks-aks-nodepool194-36552431-vmss","tagValue":"aks-aks-nodepool194-36552431-vmss","count":{"type":"Total","value":1}},{"id":"/subscriptions/00000000-0000-0000-0000-000000000000/tagNames/creationSource/tagValues/aks-aks-nodepool1-36552431-vmss","tagValue":"aks-aks-nodepool1-36552431-vmss","count":{"type":"Total","value":2}}]},{"id":"/subscriptions/00000000-0000-0000-0000-000000000000/tagNames/orchestrator","tagName":"orchestrator","count":{"type":"Total","value":6},"values":[{"id":"/subscriptions/00000000-0000-0000-0000-000000000000/tagNames/orchestrator/tagValues/Kubernetes:1.17.13","tagValue":"Kubernetes:1.17.13","count":{"type":"Total","value":6}}]},{"id":"/subscriptions/00000000-0000-0000-0000-000000000000/tagNames/poolName","tagName":"poolName","count":{"type":"Total","value":6},"values":[{"id":"/subscriptions/00000000-0000-0000-0000-000000000000/tagNames/poolName/tagValues/nodepool123","tagValue":"nodepool123","count":{"type":"Total","value":1}},{"id":"/subscriptions/00000000-0000-0000-0000-000000000000/tagNames/poolName/tagValues/nodepool145","tagValue":"nodepool145","count":{"type":"Total","value":1}},{"id":"/subscriptions/00000000-0000-0000-0000-000000000000/tagNames/poolName/tagValues/nodepool186","tagValue":"nodepool186","count":{"type":"Total","value":1}},{"id":"/subscriptions/00000000-0000-0000-0000-000000000000/tagNames/poolName/tagValues/nodepool194","tagValue":"nodepool194","count":{"type":"Total","value":1}},{"id":"/subscriptions/00000000-0000-0000-0000-000000000000/tagNames/poolName/tagValues/nodepool1","tagValue":"nodepool1","count":{"type":"Total","value":2}}]},{"id":"/subscriptions/00000000-0000-0000-0000-000000000000/tagNames/resourceNameSuffix","tagName":"resourceNameSuffix","count":{"type":"Total","value":6},"values":[{"id":"/subscriptions/00000000-0000-0000-0000-000000000000/tagNames/resourceNameSuffix/tagValues/36552431","tagValue":"36552431","count":{"type":"Total","value":6}}]},{"id":"/subscriptions/00000000-0000-0000-0000-000000000000/tagNames/owner","tagName":"owner","count":{"type":"Total","value":5},"values":[{"id":"/subscriptions/00000000-0000-0000-0000-000000000000/tagNames/owner/tagValues/kubernetes","tagValue":"kubernetes","count":{"type":"Total","value":5}}]},{"id":"/subscriptions/00000000-0000-0000-0000-000000000000/tagNames/type","tagName":"type","count":{"type":"Total","value":5},"values":[{"id":"/subscriptions/00000000-0000-0000-0000-000000000000/tagNames/type/tagValues/aks-slb-managed-outbound-ip","tagValue":"aks-slb-managed-outbound-ip","count":{"type":"Total","value":5}}]},{"id":"/subscriptions/00000000-0000-0000-0000-000000000000/tagNames/ms-resource-usage","tagName":"ms-resource-usage","count":{"type":"Total","value":1},"values":[{"id":"/subscriptions/00000000-0000-0000-0000-000000000000/tagNames/ms-resource-usage/tagValues/azure-cloud-shell","tagValue":"azure-cloud-shell","count":{"type":"Total","value":1}}]},{"id":"/subscriptions/00000000-0000-0000-0000-000000000000/tagNames/testtag","tagName":"testtag","count":{"type":"Total","value":1},"values":[{"id":"/subscriptions/00000000-0000-0000-0000-000000000000/tagNames/testtag/tagValues/testval","tagValue":"testval","count":{"type":"Total","value":1}}]},{"id":"/subscriptions/00000000-0000-0000-0000-000000000000/tagNames/cli-test","tagName":"cli-test","count":{"type":"Total","value":1},"values":[{"id":"/subscriptions/00000000-0000-0000-0000-000000000000/tagNames/cli-test/tagValues/test","tagValue":"test","count":{"type":"Total","value":1}}]},{"id":"/subscriptions/00000000-0000-0000-0000-000000000000/tagNames/cli_test_tag","tagName":"cli_test_tag","count":{"type":"Total","value":0},"values":[{"id":"/subscriptions/00000000-0000-0000-0000-000000000000/tagNames/cli_test_tag/tagValues/test","tagValue":"test","count":{"type":"Total","value":0}},{"id":"/subscriptions/00000000-0000-0000-0000-000000000000/tagNames/cli_test_tag/tagValues/test2","tagValue":"test2","count":{"type":"Total","value":0}}]},{"id":"/subscriptions/00000000-0000-0000-0000-000000000000/tagNames/product","tagName":"product","count":{"type":"Total","value":9},"values":[{"id":"/subscriptions/00000000-0000-0000-0000-000000000000/tagNames/product/tagValues/azurecli","tagValue":"azurecli","count":{"type":"Total","value":9}}]},{"id":"/subscriptions/00000000-0000-0000-0000-000000000000/tagNames/cause","tagName":"cause","count":{"type":"Total","value":9},"values":[{"id":"/subscriptions/00000000-0000-0000-0000-000000000000/tagNames/cause/tagValues/automation","tagValue":"automation","count":{"type":"Total","value":9}}]},{"id":"/subscriptions/00000000-0000-0000-0000-000000000000/tagNames/date","tagName":"date","count":{"type":"Total","value":9},"values":[{"id":"/subscriptions/00000000-0000-0000-0000-000000000000/tagNames/date/tagValues/2020-12-17T19:28:25Z","tagValue":"2020-12-17T19:28:25Z","count":{"type":"Total","value":1}},{"id":"/subscriptions/00000000-0000-0000-0000-000000000000/tagNames/date/tagValues/2020-12-17T19:28:26Z","tagValue":"2020-12-17T19:28:26Z","count":{"type":"Total","value":1}},{"id":"/subscriptions/00000000-0000-0000-0000-000000000000/tagNames/date/tagValues/2020-12-17T19:28:55Z","tagValue":"2020-12-17T19:28:55Z","count":{"type":"Total","value":1}},{"id":"/subscriptions/00000000-0000-0000-0000-000000000000/tagNames/date/tagValues/2020-12-17T19:29:10Z","tagValue":"2020-12-17T19:29:10Z","count":{"type":"Total","value":1}},{"id":"/subscriptions/00000000-0000-0000-0000-000000000000/tagNames/date/tagValues/2020-12-17T19:29:18Z","tagValue":"2020-12-17T19:29:18Z","count":{"type":"Total","value":1}},{"id":"/subscriptions/00000000-0000-0000-0000-000000000000/tagNames/date/tagValues/2020-12-17T19:29:39Z","tagValue":"2020-12-17T19:29:39Z","count":{"type":"Total","value":1}},{"id":"/subscriptions/00000000-0000-0000-0000-000000000000/tagNames/date/tagValues/2020-12-17T19:29:46Z","tagValue":"2020-12-17T19:29:46Z","count":{"type":"Total","value":1}},{"id":"/subscriptions/00000000-0000-0000-0000-000000000000/tagNames/date/tagValues/2020-12-17T19:29:47Z","tagValue":"2020-12-17T19:29:47Z","count":{"type":"Total","value":1}},{"id":"/subscriptions/00000000-0000-0000-0000-000000000000/tagNames/date/tagValues/2020-12-17T19:30:02Z","tagValue":"2020-12-17T19:30:02Z","count":{"type":"Total","value":1}}]},{"id":"/subscriptions/00000000-0000-0000-0000-000000000000/tagNames/cliName1","tagName":"cliName1","count":{"type":"Total","value":1},"values":[{"id":"/subscriptions/00000000-0000-0000-0000-000000000000/tagNames/cliName1/tagValues/cliValue1","tagValue":"cliValue1","count":{"type":"Total","value":1}}]},{"id":"/subscriptions/00000000-0000-0000-0000-000000000000/tagNames/cliName2","tagName":"cliName2","count":{"type":"Total","value":1},"values":[{"id":"/subscriptions/00000000-0000-0000-0000-000000000000/tagNames/cliName2/tagValues/cliValue2","tagValue":"cliValue2","count":{"type":"Total","value":1}}]},{"id":"/subscriptions/00000000-0000-0000-0000-000000000000/tagNames/ServiceDirectory","tagName":"ServiceDirectory","count":{"type":"Total","value":1},"values":[{"id":"/subscriptions/00000000-0000-0000-0000-000000000000/tagNames/ServiceDirectory/tagValues/resources","tagValue":"resources","count":{"type":"Total","value":1}}]},{"id":"/subscriptions/00000000-0000-0000-0000-000000000000/tagNames/Creator","tagName":"Creator","count":{"type":"Total","value":1},"values":[{"id":"/subscriptions/00000000-0000-0000-0000-000000000000/tagNames/Creator/tagValues/stuartko","tagValue":"stuartko","count":{"type":"Total","value":1}}]}]}'
    headers:
      cache-control:
      - no-cache
      content-length:
      - '15124'
      content-type:
      - application/json; charset=utf-8
      date:
      - Thu, 17 Dec 2020 19:30:07 GMT
      expires:
      - '-1'
      pragma:
      - no-cache
      strict-transport-security:
      - max-age=31536000; includeSubDomains
      vary:
      - Accept-Encoding
      x-content-type-options:
      - nosniff
    status:
      code: 200
      message: OK
- request:
    body: null
    headers:
      Accept:
      - application/json
      Accept-Encoding:
      - gzip, deflate
      CommandName:
      - tag remove-value
      Connection:
      - keep-alive
      Content-Length:
      - '0'
      ParameterSetName:
      - -n --value
      User-Agent:
      - python/3.8.6 (Windows-10-10.0.19041-SP0) msrest/0.6.18 msrest_azure/0.6.3
        azure-mgmt-resource/12.0.0 Azure-SDK-For-Python AZURECLI/2.16.0
      accept-language:
      - en-US
    method: DELETE
    uri: https://management.azure.com/subscriptions/00000000-0000-0000-0000-000000000000/tagNames/cli_test_tag/tagValues/test?api-version=2020-10-01
  response:
    body:
      string: ''
    headers:
      cache-control:
      - no-cache
      content-length:
      - '0'
      date:
      - Thu, 17 Dec 2020 19:30:07 GMT
      expires:
      - '-1'
      pragma:
      - no-cache
      strict-transport-security:
      - max-age=31536000; includeSubDomains
      x-content-type-options:
      - nosniff
      x-ms-ratelimit-remaining-subscription-deletes:
      - '14999'
    status:
      code: 200
      message: OK
- request:
    body: null
    headers:
      Accept:
      - application/json
      Accept-Encoding:
      - gzip, deflate
      CommandName:
      - tag list
      Connection:
      - keep-alive
      ParameterSetName:
      - --query
      User-Agent:
      - python/3.8.6 (Windows-10-10.0.19041-SP0) msrest/0.6.18 msrest_azure/0.6.3
        azure-mgmt-resource/12.0.0 Azure-SDK-For-Python AZURECLI/2.16.0
      accept-language:
      - en-US
    method: GET
    uri: https://management.azure.com/subscriptions/00000000-0000-0000-0000-000000000000/tagNames?api-version=2020-10-01
  response:
    body:
      string: '{"value":[{"id":"/subscriptions/00000000-0000-0000-0000-000000000000/tagNames/Blah","tagName":"Blah","count":{"type":"Total","value":28},"values":[{"id":"/subscriptions/00000000-0000-0000-0000-000000000000/tagNames/Blah/tagValues/Tataaaa","tagValue":"Tataaaa","count":{"type":"Total","value":28}}]},{"id":"/subscriptions/00000000-0000-0000-0000-000000000000/tagNames/tag1","tagName":"tag1","count":{"type":"Total","value":30},"values":[{"id":"/subscriptions/00000000-0000-0000-0000-000000000000/tagNames/tag1/tagValues/tag2","tagValue":"tag2","count":{"type":"Total","value":28}},{"id":"/subscriptions/00000000-0000-0000-0000-000000000000/tagNames/tag1/tagValues/value1","tagValue":"value1","count":{"type":"Total","value":1}},{"id":"/subscriptions/00000000-0000-0000-0000-000000000000/tagNames/tag1/tagValues/tag1","tagValue":"tag1","count":{"type":"Total","value":1}}]},{"id":"/subscriptions/00000000-0000-0000-0000-000000000000/tagNames/TagAlong","tagName":"TagAlong","count":{"type":"Total","value":28},"values":[{"id":"/subscriptions/00000000-0000-0000-0000-000000000000/tagNames/TagAlong/tagValues/TagOver","tagValue":"TagOver","count":{"type":"Total","value":28}}]},{"id":"/subscriptions/00000000-0000-0000-0000-000000000000/tagNames/tagname","tagName":"tagname","count":{"type":"Total","value":29},"values":[{"id":"/subscriptions/00000000-0000-0000-0000-000000000000/tagNames/tagname/tagValues/tagvalue","tagValue":"tagvalue","count":{"type":"Total","value":29}}]},{"id":"/subscriptions/00000000-0000-0000-0000-000000000000/tagNames/department","tagName":"department","count":{"type":"Total","value":1},"values":[{"id":"/subscriptions/00000000-0000-0000-0000-000000000000/tagNames/department/tagValues/finance","tagValue":"finance","count":{"type":"Total","value":1}}]},{"id":"/subscriptions/00000000-0000-0000-0000-000000000000/tagNames/tag2","tagName":"tag2","count":{"type":"Total","value":1},"values":[{"id":"/subscriptions/00000000-0000-0000-0000-000000000000/tagNames/tag2/tagValues/value2","tagValue":"value2","count":{"type":"Total","value":1}}]},{"id":"/subscriptions/00000000-0000-0000-0000-000000000000/tagNames/tag3","tagName":"tag3","count":{"type":"Total","value":1},"values":[{"id":"/subscriptions/00000000-0000-0000-0000-000000000000/tagNames/tag3/tagValues/value3","tagValue":"value3","count":{"type":"Total","value":1}}]},{"id":"/subscriptions/00000000-0000-0000-0000-000000000000/tagNames/archv2","tagName":"archv2","count":{"type":"Total","value":10},"values":[{"id":"/subscriptions/00000000-0000-0000-0000-000000000000/tagNames/archv2/tagValues/","tagValue":"","count":{"type":"Total","value":10}}]},{"id":"/subscriptions/00000000-0000-0000-0000-000000000000/tagNames/tier","tagName":"tier","count":{"type":"Total","value":10},"values":[{"id":"/subscriptions/00000000-0000-0000-0000-000000000000/tagNames/tier/tagValues/production","tagValue":"production","count":{"type":"Total","value":10}}]},{"id":"/subscriptions/00000000-0000-0000-0000-000000000000/tagNames/AZ_SCRIPTS_STATUS","tagName":"AZ_SCRIPTS_STATUS","count":{"type":"Total","value":12},"values":[{"id":"/subscriptions/00000000-0000-0000-0000-000000000000/tagNames/AZ_SCRIPTS_STATUS/tagValues/MyDeploymentScriptTest:Completed","tagValue":"MyDeploymentScriptTest:Completed","count":{"type":"Total","value":2}},{"id":"/subscriptions/00000000-0000-0000-0000-000000000000/tagNames/AZ_SCRIPTS_STATUS/tagValues/PsTest-DeploymentScripts-5e8bc379-b02b-4e18-961f-3f7af2638839:Completed","tagValue":"PsTest-DeploymentScripts-5e8bc379-b02b-4e18-961f-3f7af2638839:Completed","count":{"type":"Total","value":1}},{"id":"/subscriptions/00000000-0000-0000-0000-000000000000/tagNames/AZ_SCRIPTS_STATUS/tagValues/PsTest-DeploymentScripts-763cbb38-6353-4391-9d5b-ce2032f1c7f3:Completed","tagValue":"PsTest-DeploymentScripts-763cbb38-6353-4391-9d5b-ce2032f1c7f3:Completed","count":{"type":"Total","value":1}},{"id":"/subscriptions/00000000-0000-0000-0000-000000000000/tagNames/AZ_SCRIPTS_STATUS/tagValues/PsTest-DeploymentScripts-1bdd5f7b-5177-48f3-a7f7-5bf45b5a1fe0:Completed","tagValue":"PsTest-DeploymentScripts-1bdd5f7b-5177-48f3-a7f7-5bf45b5a1fe0:Completed","count":{"type":"Total","value":1}},{"id":"/subscriptions/00000000-0000-0000-0000-000000000000/tagNames/AZ_SCRIPTS_STATUS/tagValues/PsTest-DeploymentScripts-f29b9c16-237c-4743-82ed-2c39fac556e1:Completed","tagValue":"PsTest-DeploymentScripts-f29b9c16-237c-4743-82ed-2c39fac556e1:Completed","count":{"type":"Total","value":1}},{"id":"/subscriptions/00000000-0000-0000-0000-000000000000/tagNames/AZ_SCRIPTS_STATUS/tagValues/PsTest-DeploymentScripts-7f2375b1-8913-4261-b744-4e3e8801a89a:Completed","tagValue":"PsTest-DeploymentScripts-7f2375b1-8913-4261-b744-4e3e8801a89a:Completed","count":{"type":"Total","value":1}},{"id":"/subscriptions/00000000-0000-0000-0000-000000000000/tagNames/AZ_SCRIPTS_STATUS/tagValues/PsTest-DeploymentScripts-e711e393-0cbc-4823-8a01-9013d2a0ecdc:Completed","tagValue":"PsTest-DeploymentScripts-e711e393-0cbc-4823-8a01-9013d2a0ecdc:Completed","count":{"type":"Total","value":1}},{"id":"/subscriptions/00000000-0000-0000-0000-000000000000/tagNames/AZ_SCRIPTS_STATUS/tagValues/PsTest-DeploymentScripts-962570b8-58b1-4b2d-824c-1221c412e147:Completed","tagValue":"PsTest-DeploymentScripts-962570b8-58b1-4b2d-824c-1221c412e147:Completed","count":{"type":"Total","value":1}},{"id":"/subscriptions/00000000-0000-0000-0000-000000000000/tagNames/AZ_SCRIPTS_STATUS/tagValues/PsTest-DeploymentScripts-deb23486-298b-48c4-a471-c01db9429b52:Completed","tagValue":"PsTest-DeploymentScripts-deb23486-298b-48c4-a471-c01db9429b52:Completed","count":{"type":"Total","value":1}},{"id":"/subscriptions/00000000-0000-0000-0000-000000000000/tagNames/AZ_SCRIPTS_STATUS/tagValues/PsTest-DeploymentScripts-af47bee3-886c-4513-989c-e6c6247f2399:Completed","tagValue":"PsTest-DeploymentScripts-af47bee3-886c-4513-989c-e6c6247f2399:Completed","count":{"type":"Total","value":1}},{"id":"/subscriptions/00000000-0000-0000-0000-000000000000/tagNames/AZ_SCRIPTS_STATUS/tagValues/PsTest-DeploymentScripts-6a1d6107-00c7-4860-ac68-5d980e7285cc:Running","tagValue":"PsTest-DeploymentScripts-6a1d6107-00c7-4860-ac68-5d980e7285cc:Running","count":{"type":"Total","value":1}}]},{"id":"/subscriptions/00000000-0000-0000-0000-000000000000/tagNames/aksEngineVersion","tagName":"aksEngineVersion","count":{"type":"Total","value":6},"values":[{"id":"/subscriptions/00000000-0000-0000-0000-000000000000/tagNames/aksEngineVersion/tagValues/v0.47.0-aks-gomod-at-aks","tagValue":"v0.47.0-aks-gomod-at-aks","count":{"type":"Total","value":4}},{"id":"/subscriptions/00000000-0000-0000-0000-000000000000/tagNames/aksEngineVersion/tagValues/v0.47.0-aks-gomod-as-aks","tagValue":"v0.47.0-aks-gomod-as-aks","count":{"type":"Total","value":2}}]},{"id":"/subscriptions/00000000-0000-0000-0000-000000000000/tagNames/creationSource","tagName":"creationSource","count":{"type":"Total","value":6},"values":[{"id":"/subscriptions/00000000-0000-0000-0000-000000000000/tagNames/creationSource/tagValues/aks-aks-nodepool123-36552431-vmss","tagValue":"aks-aks-nodepool123-36552431-vmss","count":{"type":"Total","value":1}},{"id":"/subscriptions/00000000-0000-0000-0000-000000000000/tagNames/creationSource/tagValues/aks-aks-nodepool145-36552431-vmss","tagValue":"aks-aks-nodepool145-36552431-vmss","count":{"type":"Total","value":1}},{"id":"/subscriptions/00000000-0000-0000-0000-000000000000/tagNames/creationSource/tagValues/aks-aks-nodepool186-36552431-vmss","tagValue":"aks-aks-nodepool186-36552431-vmss","count":{"type":"Total","value":1}},{"id":"/subscriptions/00000000-0000-0000-0000-000000000000/tagNames/creationSource/tagValues/aks-aks-nodepool194-36552431-vmss","tagValue":"aks-aks-nodepool194-36552431-vmss","count":{"type":"Total","value":1}},{"id":"/subscriptions/00000000-0000-0000-0000-000000000000/tagNames/creationSource/tagValues/aks-aks-nodepool1-36552431-vmss","tagValue":"aks-aks-nodepool1-36552431-vmss","count":{"type":"Total","value":2}}]},{"id":"/subscriptions/00000000-0000-0000-0000-000000000000/tagNames/orchestrator","tagName":"orchestrator","count":{"type":"Total","value":6},"values":[{"id":"/subscriptions/00000000-0000-0000-0000-000000000000/tagNames/orchestrator/tagValues/Kubernetes:1.17.13","tagValue":"Kubernetes:1.17.13","count":{"type":"Total","value":6}}]},{"id":"/subscriptions/00000000-0000-0000-0000-000000000000/tagNames/poolName","tagName":"poolName","count":{"type":"Total","value":6},"values":[{"id":"/subscriptions/00000000-0000-0000-0000-000000000000/tagNames/poolName/tagValues/nodepool123","tagValue":"nodepool123","count":{"type":"Total","value":1}},{"id":"/subscriptions/00000000-0000-0000-0000-000000000000/tagNames/poolName/tagValues/nodepool145","tagValue":"nodepool145","count":{"type":"Total","value":1}},{"id":"/subscriptions/00000000-0000-0000-0000-000000000000/tagNames/poolName/tagValues/nodepool186","tagValue":"nodepool186","count":{"type":"Total","value":1}},{"id":"/subscriptions/00000000-0000-0000-0000-000000000000/tagNames/poolName/tagValues/nodepool194","tagValue":"nodepool194","count":{"type":"Total","value":1}},{"id":"/subscriptions/00000000-0000-0000-0000-000000000000/tagNames/poolName/tagValues/nodepool1","tagValue":"nodepool1","count":{"type":"Total","value":2}}]},{"id":"/subscriptions/00000000-0000-0000-0000-000000000000/tagNames/resourceNameSuffix","tagName":"resourceNameSuffix","count":{"type":"Total","value":6},"values":[{"id":"/subscriptions/00000000-0000-0000-0000-000000000000/tagNames/resourceNameSuffix/tagValues/36552431","tagValue":"36552431","count":{"type":"Total","value":6}}]},{"id":"/subscriptions/00000000-0000-0000-0000-000000000000/tagNames/owner","tagName":"owner","count":{"type":"Total","value":5},"values":[{"id":"/subscriptions/00000000-0000-0000-0000-000000000000/tagNames/owner/tagValues/kubernetes","tagValue":"kubernetes","count":{"type":"Total","value":5}}]},{"id":"/subscriptions/00000000-0000-0000-0000-000000000000/tagNames/type","tagName":"type","count":{"type":"Total","value":5},"values":[{"id":"/subscriptions/00000000-0000-0000-0000-000000000000/tagNames/type/tagValues/aks-slb-managed-outbound-ip","tagValue":"aks-slb-managed-outbound-ip","count":{"type":"Total","value":5}}]},{"id":"/subscriptions/00000000-0000-0000-0000-000000000000/tagNames/ms-resource-usage","tagName":"ms-resource-usage","count":{"type":"Total","value":1},"values":[{"id":"/subscriptions/00000000-0000-0000-0000-000000000000/tagNames/ms-resource-usage/tagValues/azure-cloud-shell","tagValue":"azure-cloud-shell","count":{"type":"Total","value":1}}]},{"id":"/subscriptions/00000000-0000-0000-0000-000000000000/tagNames/testtag","tagName":"testtag","count":{"type":"Total","value":1},"values":[{"id":"/subscriptions/00000000-0000-0000-0000-000000000000/tagNames/testtag/tagValues/testval","tagValue":"testval","count":{"type":"Total","value":1}}]},{"id":"/subscriptions/00000000-0000-0000-0000-000000000000/tagNames/cli-test","tagName":"cli-test","count":{"type":"Total","value":1},"values":[{"id":"/subscriptions/00000000-0000-0000-0000-000000000000/tagNames/cli-test/tagValues/test","tagValue":"test","count":{"type":"Total","value":1}}]},{"id":"/subscriptions/00000000-0000-0000-0000-000000000000/tagNames/cli_test_tag","tagName":"cli_test_tag","count":{"type":"Total","value":0},"values":[{"id":"/subscriptions/00000000-0000-0000-0000-000000000000/tagNames/cli_test_tag/tagValues/test2","tagValue":"test2","count":{"type":"Total","value":0}}]},{"id":"/subscriptions/00000000-0000-0000-0000-000000000000/tagNames/product","tagName":"product","count":{"type":"Total","value":9},"values":[{"id":"/subscriptions/00000000-0000-0000-0000-000000000000/tagNames/product/tagValues/azurecli","tagValue":"azurecli","count":{"type":"Total","value":9}}]},{"id":"/subscriptions/00000000-0000-0000-0000-000000000000/tagNames/cause","tagName":"cause","count":{"type":"Total","value":9},"values":[{"id":"/subscriptions/00000000-0000-0000-0000-000000000000/tagNames/cause/tagValues/automation","tagValue":"automation","count":{"type":"Total","value":9}}]},{"id":"/subscriptions/00000000-0000-0000-0000-000000000000/tagNames/date","tagName":"date","count":{"type":"Total","value":9},"values":[{"id":"/subscriptions/00000000-0000-0000-0000-000000000000/tagNames/date/tagValues/2020-12-17T19:28:25Z","tagValue":"2020-12-17T19:28:25Z","count":{"type":"Total","value":1}},{"id":"/subscriptions/00000000-0000-0000-0000-000000000000/tagNames/date/tagValues/2020-12-17T19:28:26Z","tagValue":"2020-12-17T19:28:26Z","count":{"type":"Total","value":1}},{"id":"/subscriptions/00000000-0000-0000-0000-000000000000/tagNames/date/tagValues/2020-12-17T19:28:55Z","tagValue":"2020-12-17T19:28:55Z","count":{"type":"Total","value":1}},{"id":"/subscriptions/00000000-0000-0000-0000-000000000000/tagNames/date/tagValues/2020-12-17T19:29:10Z","tagValue":"2020-12-17T19:29:10Z","count":{"type":"Total","value":1}},{"id":"/subscriptions/00000000-0000-0000-0000-000000000000/tagNames/date/tagValues/2020-12-17T19:29:18Z","tagValue":"2020-12-17T19:29:18Z","count":{"type":"Total","value":1}},{"id":"/subscriptions/00000000-0000-0000-0000-000000000000/tagNames/date/tagValues/2020-12-17T19:29:39Z","tagValue":"2020-12-17T19:29:39Z","count":{"type":"Total","value":1}},{"id":"/subscriptions/00000000-0000-0000-0000-000000000000/tagNames/date/tagValues/2020-12-17T19:29:46Z","tagValue":"2020-12-17T19:29:46Z","count":{"type":"Total","value":1}},{"id":"/subscriptions/00000000-0000-0000-0000-000000000000/tagNames/date/tagValues/2020-12-17T19:29:47Z","tagValue":"2020-12-17T19:29:47Z","count":{"type":"Total","value":1}},{"id":"/subscriptions/00000000-0000-0000-0000-000000000000/tagNames/date/tagValues/2020-12-17T19:30:02Z","tagValue":"2020-12-17T19:30:02Z","count":{"type":"Total","value":1}}]},{"id":"/subscriptions/00000000-0000-0000-0000-000000000000/tagNames/ServiceDirectory","tagName":"ServiceDirectory","count":{"type":"Total","value":1},"values":[{"id":"/subscriptions/00000000-0000-0000-0000-000000000000/tagNames/ServiceDirectory/tagValues/resources","tagValue":"resources","count":{"type":"Total","value":1}}]},{"id":"/subscriptions/00000000-0000-0000-0000-000000000000/tagNames/Creator","tagName":"Creator","count":{"type":"Total","value":1},"values":[{"id":"/subscriptions/00000000-0000-0000-0000-000000000000/tagNames/Creator/tagValues/stuartko","tagValue":"stuartko","count":{"type":"Total","value":1}}]}]}'
    headers:
      cache-control:
      - no-cache
      content-length:
      - '14367'
      content-type:
      - application/json; charset=utf-8
      date:
      - Thu, 17 Dec 2020 19:30:07 GMT
      expires:
      - '-1'
      pragma:
      - no-cache
      strict-transport-security:
      - max-age=31536000; includeSubDomains
      vary:
      - Accept-Encoding
      x-content-type-options:
      - nosniff
    status:
      code: 200
      message: OK
- request:
    body: null
    headers:
      Accept:
      - application/json
      Accept-Encoding:
      - gzip, deflate
      CommandName:
      - tag remove-value
      Connection:
      - keep-alive
      Content-Length:
      - '0'
      ParameterSetName:
      - -n --value
      User-Agent:
      - python/3.8.6 (Windows-10-10.0.19041-SP0) msrest/0.6.18 msrest_azure/0.6.3
        azure-mgmt-resource/12.0.0 Azure-SDK-For-Python AZURECLI/2.16.0
      accept-language:
      - en-US
    method: DELETE
    uri: https://management.azure.com/subscriptions/00000000-0000-0000-0000-000000000000/tagNames/cli_test_tag/tagValues/test2?api-version=2020-10-01
  response:
    body:
      string: ''
    headers:
      cache-control:
      - no-cache
      content-length:
      - '0'
      date:
      - Thu, 17 Dec 2020 19:30:08 GMT
      expires:
      - '-1'
      pragma:
      - no-cache
      strict-transport-security:
      - max-age=31536000; includeSubDomains
      x-content-type-options:
      - nosniff
      x-ms-ratelimit-remaining-subscription-deletes:
      - '14999'
    status:
      code: 200
      message: OK
- request:
    body: null
    headers:
      Accept:
      - application/json
      Accept-Encoding:
      - gzip, deflate
      CommandName:
      - tag list
      Connection:
      - keep-alive
      ParameterSetName:
      - --query
      User-Agent:
      - python/3.8.6 (Windows-10-10.0.19041-SP0) msrest/0.6.18 msrest_azure/0.6.3
        azure-mgmt-resource/12.0.0 Azure-SDK-For-Python AZURECLI/2.16.0
      accept-language:
      - en-US
    method: GET
    uri: https://management.azure.com/subscriptions/00000000-0000-0000-0000-000000000000/tagNames?api-version=2020-10-01
  response:
    body:
      string: '{"value":[{"id":"/subscriptions/00000000-0000-0000-0000-000000000000/tagNames/Blah","tagName":"Blah","count":{"type":"Total","value":28},"values":[{"id":"/subscriptions/00000000-0000-0000-0000-000000000000/tagNames/Blah/tagValues/Tataaaa","tagValue":"Tataaaa","count":{"type":"Total","value":28}}]},{"id":"/subscriptions/00000000-0000-0000-0000-000000000000/tagNames/tag1","tagName":"tag1","count":{"type":"Total","value":30},"values":[{"id":"/subscriptions/00000000-0000-0000-0000-000000000000/tagNames/tag1/tagValues/tag2","tagValue":"tag2","count":{"type":"Total","value":28}},{"id":"/subscriptions/00000000-0000-0000-0000-000000000000/tagNames/tag1/tagValues/value1","tagValue":"value1","count":{"type":"Total","value":1}},{"id":"/subscriptions/00000000-0000-0000-0000-000000000000/tagNames/tag1/tagValues/tag1","tagValue":"tag1","count":{"type":"Total","value":1}}]},{"id":"/subscriptions/00000000-0000-0000-0000-000000000000/tagNames/TagAlong","tagName":"TagAlong","count":{"type":"Total","value":28},"values":[{"id":"/subscriptions/00000000-0000-0000-0000-000000000000/tagNames/TagAlong/tagValues/TagOver","tagValue":"TagOver","count":{"type":"Total","value":28}}]},{"id":"/subscriptions/00000000-0000-0000-0000-000000000000/tagNames/tagname","tagName":"tagname","count":{"type":"Total","value":29},"values":[{"id":"/subscriptions/00000000-0000-0000-0000-000000000000/tagNames/tagname/tagValues/tagvalue","tagValue":"tagvalue","count":{"type":"Total","value":29}}]},{"id":"/subscriptions/00000000-0000-0000-0000-000000000000/tagNames/isNotTag","tagName":"isNotTag","count":{"type":"Total","value":1},"values":[{"id":"/subscriptions/00000000-0000-0000-0000-000000000000/tagNames/isNotTag/tagValues/False","tagValue":"False","count":{"type":"Total","value":1}}]},{"id":"/subscriptions/00000000-0000-0000-0000-000000000000/tagNames/isTag","tagName":"isTag","count":{"type":"Total","value":1},"values":[{"id":"/subscriptions/00000000-0000-0000-0000-000000000000/tagNames/isTag/tagValues/True","tagValue":"True","count":{"type":"Total","value":1}}]},{"id":"/subscriptions/00000000-0000-0000-0000-000000000000/tagNames/department","tagName":"department","count":{"type":"Total","value":1},"values":[{"id":"/subscriptions/00000000-0000-0000-0000-000000000000/tagNames/department/tagValues/finance","tagValue":"finance","count":{"type":"Total","value":1}}]},{"id":"/subscriptions/00000000-0000-0000-0000-000000000000/tagNames/tag2","tagName":"tag2","count":{"type":"Total","value":1},"values":[{"id":"/subscriptions/00000000-0000-0000-0000-000000000000/tagNames/tag2/tagValues/value2","tagValue":"value2","count":{"type":"Total","value":1}}]},{"id":"/subscriptions/00000000-0000-0000-0000-000000000000/tagNames/tag3","tagName":"tag3","count":{"type":"Total","value":1},"values":[{"id":"/subscriptions/00000000-0000-0000-0000-000000000000/tagNames/tag3/tagValues/value3","tagValue":"value3","count":{"type":"Total","value":1}}]},{"id":"/subscriptions/00000000-0000-0000-0000-000000000000/tagNames/archv2","tagName":"archv2","count":{"type":"Total","value":10},"values":[{"id":"/subscriptions/00000000-0000-0000-0000-000000000000/tagNames/archv2/tagValues/","tagValue":"","count":{"type":"Total","value":10}}]},{"id":"/subscriptions/00000000-0000-0000-0000-000000000000/tagNames/tier","tagName":"tier","count":{"type":"Total","value":10},"values":[{"id":"/subscriptions/00000000-0000-0000-0000-000000000000/tagNames/tier/tagValues/production","tagValue":"production","count":{"type":"Total","value":10}}]},{"id":"/subscriptions/00000000-0000-0000-0000-000000000000/tagNames/AZ_SCRIPTS_STATUS","tagName":"AZ_SCRIPTS_STATUS","count":{"type":"Total","value":12},"values":[{"id":"/subscriptions/00000000-0000-0000-0000-000000000000/tagNames/AZ_SCRIPTS_STATUS/tagValues/MyDeploymentScriptTest:Completed","tagValue":"MyDeploymentScriptTest:Completed","count":{"type":"Total","value":2}},{"id":"/subscriptions/00000000-0000-0000-0000-000000000000/tagNames/AZ_SCRIPTS_STATUS/tagValues/PsTest-DeploymentScripts-5e8bc379-b02b-4e18-961f-3f7af2638839:Completed","tagValue":"PsTest-DeploymentScripts-5e8bc379-b02b-4e18-961f-3f7af2638839:Completed","count":{"type":"Total","value":1}},{"id":"/subscriptions/00000000-0000-0000-0000-000000000000/tagNames/AZ_SCRIPTS_STATUS/tagValues/PsTest-DeploymentScripts-763cbb38-6353-4391-9d5b-ce2032f1c7f3:Completed","tagValue":"PsTest-DeploymentScripts-763cbb38-6353-4391-9d5b-ce2032f1c7f3:Completed","count":{"type":"Total","value":1}},{"id":"/subscriptions/00000000-0000-0000-0000-000000000000/tagNames/AZ_SCRIPTS_STATUS/tagValues/PsTest-DeploymentScripts-1bdd5f7b-5177-48f3-a7f7-5bf45b5a1fe0:Completed","tagValue":"PsTest-DeploymentScripts-1bdd5f7b-5177-48f3-a7f7-5bf45b5a1fe0:Completed","count":{"type":"Total","value":1}},{"id":"/subscriptions/00000000-0000-0000-0000-000000000000/tagNames/AZ_SCRIPTS_STATUS/tagValues/PsTest-DeploymentScripts-f29b9c16-237c-4743-82ed-2c39fac556e1:Completed","tagValue":"PsTest-DeploymentScripts-f29b9c16-237c-4743-82ed-2c39fac556e1:Completed","count":{"type":"Total","value":1}},{"id":"/subscriptions/00000000-0000-0000-0000-000000000000/tagNames/AZ_SCRIPTS_STATUS/tagValues/PsTest-DeploymentScripts-7f2375b1-8913-4261-b744-4e3e8801a89a:Completed","tagValue":"PsTest-DeploymentScripts-7f2375b1-8913-4261-b744-4e3e8801a89a:Completed","count":{"type":"Total","value":1}},{"id":"/subscriptions/00000000-0000-0000-0000-000000000000/tagNames/AZ_SCRIPTS_STATUS/tagValues/PsTest-DeploymentScripts-e711e393-0cbc-4823-8a01-9013d2a0ecdc:Completed","tagValue":"PsTest-DeploymentScripts-e711e393-0cbc-4823-8a01-9013d2a0ecdc:Completed","count":{"type":"Total","value":1}},{"id":"/subscriptions/00000000-0000-0000-0000-000000000000/tagNames/AZ_SCRIPTS_STATUS/tagValues/PsTest-DeploymentScripts-962570b8-58b1-4b2d-824c-1221c412e147:Completed","tagValue":"PsTest-DeploymentScripts-962570b8-58b1-4b2d-824c-1221c412e147:Completed","count":{"type":"Total","value":1}},{"id":"/subscriptions/00000000-0000-0000-0000-000000000000/tagNames/AZ_SCRIPTS_STATUS/tagValues/PsTest-DeploymentScripts-deb23486-298b-48c4-a471-c01db9429b52:Completed","tagValue":"PsTest-DeploymentScripts-deb23486-298b-48c4-a471-c01db9429b52:Completed","count":{"type":"Total","value":1}},{"id":"/subscriptions/00000000-0000-0000-0000-000000000000/tagNames/AZ_SCRIPTS_STATUS/tagValues/PsTest-DeploymentScripts-af47bee3-886c-4513-989c-e6c6247f2399:Completed","tagValue":"PsTest-DeploymentScripts-af47bee3-886c-4513-989c-e6c6247f2399:Completed","count":{"type":"Total","value":1}},{"id":"/subscriptions/00000000-0000-0000-0000-000000000000/tagNames/AZ_SCRIPTS_STATUS/tagValues/PsTest-DeploymentScripts-6a1d6107-00c7-4860-ac68-5d980e7285cc:Running","tagValue":"PsTest-DeploymentScripts-6a1d6107-00c7-4860-ac68-5d980e7285cc:Running","count":{"type":"Total","value":1}}]},{"id":"/subscriptions/00000000-0000-0000-0000-000000000000/tagNames/aksEngineVersion","tagName":"aksEngineVersion","count":{"type":"Total","value":6},"values":[{"id":"/subscriptions/00000000-0000-0000-0000-000000000000/tagNames/aksEngineVersion/tagValues/v0.47.0-aks-gomod-at-aks","tagValue":"v0.47.0-aks-gomod-at-aks","count":{"type":"Total","value":4}},{"id":"/subscriptions/00000000-0000-0000-0000-000000000000/tagNames/aksEngineVersion/tagValues/v0.47.0-aks-gomod-as-aks","tagValue":"v0.47.0-aks-gomod-as-aks","count":{"type":"Total","value":2}}]},{"id":"/subscriptions/00000000-0000-0000-0000-000000000000/tagNames/creationSource","tagName":"creationSource","count":{"type":"Total","value":6},"values":[{"id":"/subscriptions/00000000-0000-0000-0000-000000000000/tagNames/creationSource/tagValues/aks-aks-nodepool123-36552431-vmss","tagValue":"aks-aks-nodepool123-36552431-vmss","count":{"type":"Total","value":1}},{"id":"/subscriptions/00000000-0000-0000-0000-000000000000/tagNames/creationSource/tagValues/aks-aks-nodepool145-36552431-vmss","tagValue":"aks-aks-nodepool145-36552431-vmss","count":{"type":"Total","value":1}},{"id":"/subscriptions/00000000-0000-0000-0000-000000000000/tagNames/creationSource/tagValues/aks-aks-nodepool186-36552431-vmss","tagValue":"aks-aks-nodepool186-36552431-vmss","count":{"type":"Total","value":1}},{"id":"/subscriptions/00000000-0000-0000-0000-000000000000/tagNames/creationSource/tagValues/aks-aks-nodepool194-36552431-vmss","tagValue":"aks-aks-nodepool194-36552431-vmss","count":{"type":"Total","value":1}},{"id":"/subscriptions/00000000-0000-0000-0000-000000000000/tagNames/creationSource/tagValues/aks-aks-nodepool1-36552431-vmss","tagValue":"aks-aks-nodepool1-36552431-vmss","count":{"type":"Total","value":2}}]},{"id":"/subscriptions/00000000-0000-0000-0000-000000000000/tagNames/orchestrator","tagName":"orchestrator","count":{"type":"Total","value":6},"values":[{"id":"/subscriptions/00000000-0000-0000-0000-000000000000/tagNames/orchestrator/tagValues/Kubernetes:1.17.13","tagValue":"Kubernetes:1.17.13","count":{"type":"Total","value":6}}]},{"id":"/subscriptions/00000000-0000-0000-0000-000000000000/tagNames/poolName","tagName":"poolName","count":{"type":"Total","value":6},"values":[{"id":"/subscriptions/00000000-0000-0000-0000-000000000000/tagNames/poolName/tagValues/nodepool123","tagValue":"nodepool123","count":{"type":"Total","value":1}},{"id":"/subscriptions/00000000-0000-0000-0000-000000000000/tagNames/poolName/tagValues/nodepool145","tagValue":"nodepool145","count":{"type":"Total","value":1}},{"id":"/subscriptions/00000000-0000-0000-0000-000000000000/tagNames/poolName/tagValues/nodepool186","tagValue":"nodepool186","count":{"type":"Total","value":1}},{"id":"/subscriptions/00000000-0000-0000-0000-000000000000/tagNames/poolName/tagValues/nodepool194","tagValue":"nodepool194","count":{"type":"Total","value":1}},{"id":"/subscriptions/00000000-0000-0000-0000-000000000000/tagNames/poolName/tagValues/nodepool1","tagValue":"nodepool1","count":{"type":"Total","value":2}}]},{"id":"/subscriptions/00000000-0000-0000-0000-000000000000/tagNames/resourceNameSuffix","tagName":"resourceNameSuffix","count":{"type":"Total","value":6},"values":[{"id":"/subscriptions/00000000-0000-0000-0000-000000000000/tagNames/resourceNameSuffix/tagValues/36552431","tagValue":"36552431","count":{"type":"Total","value":6}}]},{"id":"/subscriptions/00000000-0000-0000-0000-000000000000/tagNames/owner","tagName":"owner","count":{"type":"Total","value":5},"values":[{"id":"/subscriptions/00000000-0000-0000-0000-000000000000/tagNames/owner/tagValues/kubernetes","tagValue":"kubernetes","count":{"type":"Total","value":5}}]},{"id":"/subscriptions/00000000-0000-0000-0000-000000000000/tagNames/type","tagName":"type","count":{"type":"Total","value":5},"values":[{"id":"/subscriptions/00000000-0000-0000-0000-000000000000/tagNames/type/tagValues/aks-slb-managed-outbound-ip","tagValue":"aks-slb-managed-outbound-ip","count":{"type":"Total","value":5}}]},{"id":"/subscriptions/00000000-0000-0000-0000-000000000000/tagNames/ms-resource-usage","tagName":"ms-resource-usage","count":{"type":"Total","value":1},"values":[{"id":"/subscriptions/00000000-0000-0000-0000-000000000000/tagNames/ms-resource-usage/tagValues/azure-cloud-shell","tagValue":"azure-cloud-shell","count":{"type":"Total","value":1}}]},{"id":"/subscriptions/00000000-0000-0000-0000-000000000000/tagNames/testtag","tagName":"testtag","count":{"type":"Total","value":1},"values":[{"id":"/subscriptions/00000000-0000-0000-0000-000000000000/tagNames/testtag/tagValues/testval","tagValue":"testval","count":{"type":"Total","value":1}}]},{"id":"/subscriptions/00000000-0000-0000-0000-000000000000/tagNames/cli-test","tagName":"cli-test","count":{"type":"Total","value":1},"values":[{"id":"/subscriptions/00000000-0000-0000-0000-000000000000/tagNames/cli-test/tagValues/test","tagValue":"test","count":{"type":"Total","value":1}}]},{"id":"/subscriptions/00000000-0000-0000-0000-000000000000/tagNames/product","tagName":"product","count":{"type":"Total","value":9},"values":[{"id":"/subscriptions/00000000-0000-0000-0000-000000000000/tagNames/product/tagValues/azurecli","tagValue":"azurecli","count":{"type":"Total","value":9}}]},{"id":"/subscriptions/00000000-0000-0000-0000-000000000000/tagNames/cause","tagName":"cause","count":{"type":"Total","value":9},"values":[{"id":"/subscriptions/00000000-0000-0000-0000-000000000000/tagNames/cause/tagValues/automation","tagValue":"automation","count":{"type":"Total","value":9}}]},{"id":"/subscriptions/00000000-0000-0000-0000-000000000000/tagNames/date","tagName":"date","count":{"type":"Total","value":9},"values":[{"id":"/subscriptions/00000000-0000-0000-0000-000000000000/tagNames/date/tagValues/2020-12-17T19:28:25Z","tagValue":"2020-12-17T19:28:25Z","count":{"type":"Total","value":1}},{"id":"/subscriptions/00000000-0000-0000-0000-000000000000/tagNames/date/tagValues/2020-12-17T19:28:26Z","tagValue":"2020-12-17T19:28:26Z","count":{"type":"Total","value":1}},{"id":"/subscriptions/00000000-0000-0000-0000-000000000000/tagNames/date/tagValues/2020-12-17T19:28:55Z","tagValue":"2020-12-17T19:28:55Z","count":{"type":"Total","value":1}},{"id":"/subscriptions/00000000-0000-0000-0000-000000000000/tagNames/date/tagValues/2020-12-17T19:29:10Z","tagValue":"2020-12-17T19:29:10Z","count":{"type":"Total","value":1}},{"id":"/subscriptions/00000000-0000-0000-0000-000000000000/tagNames/date/tagValues/2020-12-17T19:29:18Z","tagValue":"2020-12-17T19:29:18Z","count":{"type":"Total","value":1}},{"id":"/subscriptions/00000000-0000-0000-0000-000000000000/tagNames/date/tagValues/2020-12-17T19:29:39Z","tagValue":"2020-12-17T19:29:39Z","count":{"type":"Total","value":1}},{"id":"/subscriptions/00000000-0000-0000-0000-000000000000/tagNames/date/tagValues/2020-12-17T19:29:46Z","tagValue":"2020-12-17T19:29:46Z","count":{"type":"Total","value":1}},{"id":"/subscriptions/00000000-0000-0000-0000-000000000000/tagNames/date/tagValues/2020-12-17T19:29:47Z","tagValue":"2020-12-17T19:29:47Z","count":{"type":"Total","value":1}},{"id":"/subscriptions/00000000-0000-0000-0000-000000000000/tagNames/date/tagValues/2020-12-17T19:30:02Z","tagValue":"2020-12-17T19:30:02Z","count":{"type":"Total","value":1}}]},{"id":"/subscriptions/00000000-0000-0000-0000-000000000000/tagNames/ServiceDirectory","tagName":"ServiceDirectory","count":{"type":"Total","value":1},"values":[{"id":"/subscriptions/00000000-0000-0000-0000-000000000000/tagNames/ServiceDirectory/tagValues/resources","tagValue":"resources","count":{"type":"Total","value":1}}]},{"id":"/subscriptions/00000000-0000-0000-0000-000000000000/tagNames/Creator","tagName":"Creator","count":{"type":"Total","value":1},"values":[{"id":"/subscriptions/00000000-0000-0000-0000-000000000000/tagNames/Creator/tagValues/stuartko","tagValue":"stuartko","count":{"type":"Total","value":1}}]},{"id":"/subscriptions/00000000-0000-0000-0000-000000000000/tagNames/cli_test_tag","tagName":"cli_test_tag","count":{"type":"Total","value":0},"values":[]}]}'
    headers:
      cache-control:
      - no-cache
      content-length:
      - '14794'
      content-type:
      - application/json; charset=utf-8
      date:
      - Thu, 17 Dec 2020 19:30:09 GMT
      expires:
      - '-1'
      pragma:
      - no-cache
      strict-transport-security:
      - max-age=31536000; includeSubDomains
      vary:
      - Accept-Encoding
      x-content-type-options:
      - nosniff
    status:
      code: 200
      message: OK
- request:
    body: null
    headers:
      Accept:
      - application/json
      Accept-Encoding:
      - gzip, deflate
      CommandName:
      - tag delete
      Connection:
      - keep-alive
      Content-Length:
      - '0'
      ParameterSetName:
      - -n -y
      User-Agent:
      - python/3.8.6 (Windows-10-10.0.19041-SP0) msrest/0.6.18 msrest_azure/0.6.3
        azure-mgmt-resource/12.0.0 Azure-SDK-For-Python AZURECLI/2.16.0
      accept-language:
      - en-US
    method: DELETE
    uri: https://management.azure.com/subscriptions/00000000-0000-0000-0000-000000000000/tagNames/cli_test_tag?api-version=2020-10-01
  response:
    body:
      string: ''
    headers:
      cache-control:
      - no-cache
      content-length:
      - '0'
      date:
      - Thu, 17 Dec 2020 19:30:09 GMT
      expires:
      - '-1'
      pragma:
      - no-cache
      strict-transport-security:
      - max-age=31536000; includeSubDomains
      x-content-type-options:
      - nosniff
      x-ms-ratelimit-remaining-subscription-deletes:
      - '14999'
    status:
      code: 200
      message: OK
- request:
    body: null
    headers:
      Accept:
      - application/json
      Accept-Encoding:
      - gzip, deflate
      CommandName:
      - tag list
      Connection:
      - keep-alive
      ParameterSetName:
      - --query
      User-Agent:
      - python/3.8.6 (Windows-10-10.0.19041-SP0) msrest/0.6.18 msrest_azure/0.6.3
        azure-mgmt-resource/12.0.0 Azure-SDK-For-Python AZURECLI/2.16.0
      accept-language:
      - en-US
    method: GET
    uri: https://management.azure.com/subscriptions/00000000-0000-0000-0000-000000000000/tagNames?api-version=2020-10-01
  response:
    body:
      string: '{"value":[{"id":"/subscriptions/00000000-0000-0000-0000-000000000000/tagNames/Blah","tagName":"Blah","count":{"type":"Total","value":28},"values":[{"id":"/subscriptions/00000000-0000-0000-0000-000000000000/tagNames/Blah/tagValues/Tataaaa","tagValue":"Tataaaa","count":{"type":"Total","value":28}}]},{"id":"/subscriptions/00000000-0000-0000-0000-000000000000/tagNames/tag1","tagName":"tag1","count":{"type":"Total","value":30},"values":[{"id":"/subscriptions/00000000-0000-0000-0000-000000000000/tagNames/tag1/tagValues/tag2","tagValue":"tag2","count":{"type":"Total","value":28}},{"id":"/subscriptions/00000000-0000-0000-0000-000000000000/tagNames/tag1/tagValues/value1","tagValue":"value1","count":{"type":"Total","value":1}},{"id":"/subscriptions/00000000-0000-0000-0000-000000000000/tagNames/tag1/tagValues/tag1","tagValue":"tag1","count":{"type":"Total","value":1}}]},{"id":"/subscriptions/00000000-0000-0000-0000-000000000000/tagNames/TagAlong","tagName":"TagAlong","count":{"type":"Total","value":28},"values":[{"id":"/subscriptions/00000000-0000-0000-0000-000000000000/tagNames/TagAlong/tagValues/TagOver","tagValue":"TagOver","count":{"type":"Total","value":28}}]},{"id":"/subscriptions/00000000-0000-0000-0000-000000000000/tagNames/tagname","tagName":"tagname","count":{"type":"Total","value":29},"values":[{"id":"/subscriptions/00000000-0000-0000-0000-000000000000/tagNames/tagname/tagValues/tagvalue","tagValue":"tagvalue","count":{"type":"Total","value":29}}]},{"id":"/subscriptions/00000000-0000-0000-0000-000000000000/tagNames/isNotTag","tagName":"isNotTag","count":{"type":"Total","value":2},"values":[{"id":"/subscriptions/00000000-0000-0000-0000-000000000000/tagNames/isNotTag/tagValues/False","tagValue":"False","count":{"type":"Total","value":2}}]},{"id":"/subscriptions/00000000-0000-0000-0000-000000000000/tagNames/isTag","tagName":"isTag","count":{"type":"Total","value":2},"values":[{"id":"/subscriptions/00000000-0000-0000-0000-000000000000/tagNames/isTag/tagValues/True","tagValue":"True","count":{"type":"Total","value":2}}]},{"id":"/subscriptions/00000000-0000-0000-0000-000000000000/tagNames/cli-test","tagName":"cli-test","count":{"type":"Total","value":2},"values":[{"id":"/subscriptions/00000000-0000-0000-0000-000000000000/tagNames/cli-test/tagValues/test","tagValue":"test","count":{"type":"Total","value":2}}]},{"id":"/subscriptions/00000000-0000-0000-0000-000000000000/tagNames/cli-test2","tagName":"cli-test2","count":{"type":"Total","value":1},"values":[{"id":"/subscriptions/00000000-0000-0000-0000-000000000000/tagNames/cli-test2/tagValues/test2","tagValue":"test2","count":{"type":"Total","value":1}}]},{"id":"/subscriptions/00000000-0000-0000-0000-000000000000/tagNames/department","tagName":"department","count":{"type":"Total","value":1},"values":[{"id":"/subscriptions/00000000-0000-0000-0000-000000000000/tagNames/department/tagValues/finance","tagValue":"finance","count":{"type":"Total","value":1}}]},{"id":"/subscriptions/00000000-0000-0000-0000-000000000000/tagNames/tag2","tagName":"tag2","count":{"type":"Total","value":1},"values":[{"id":"/subscriptions/00000000-0000-0000-0000-000000000000/tagNames/tag2/tagValues/value2","tagValue":"value2","count":{"type":"Total","value":1}}]},{"id":"/subscriptions/00000000-0000-0000-0000-000000000000/tagNames/tag3","tagName":"tag3","count":{"type":"Total","value":1},"values":[{"id":"/subscriptions/00000000-0000-0000-0000-000000000000/tagNames/tag3/tagValues/value3","tagValue":"value3","count":{"type":"Total","value":1}}]},{"id":"/subscriptions/00000000-0000-0000-0000-000000000000/tagNames/archv2","tagName":"archv2","count":{"type":"Total","value":10},"values":[{"id":"/subscriptions/00000000-0000-0000-0000-000000000000/tagNames/archv2/tagValues/","tagValue":"","count":{"type":"Total","value":10}}]},{"id":"/subscriptions/00000000-0000-0000-0000-000000000000/tagNames/tier","tagName":"tier","count":{"type":"Total","value":10},"values":[{"id":"/subscriptions/00000000-0000-0000-0000-000000000000/tagNames/tier/tagValues/production","tagValue":"production","count":{"type":"Total","value":10}}]},{"id":"/subscriptions/00000000-0000-0000-0000-000000000000/tagNames/AZ_SCRIPTS_STATUS","tagName":"AZ_SCRIPTS_STATUS","count":{"type":"Total","value":12},"values":[{"id":"/subscriptions/00000000-0000-0000-0000-000000000000/tagNames/AZ_SCRIPTS_STATUS/tagValues/MyDeploymentScriptTest:Completed","tagValue":"MyDeploymentScriptTest:Completed","count":{"type":"Total","value":2}},{"id":"/subscriptions/00000000-0000-0000-0000-000000000000/tagNames/AZ_SCRIPTS_STATUS/tagValues/PsTest-DeploymentScripts-5e8bc379-b02b-4e18-961f-3f7af2638839:Completed","tagValue":"PsTest-DeploymentScripts-5e8bc379-b02b-4e18-961f-3f7af2638839:Completed","count":{"type":"Total","value":1}},{"id":"/subscriptions/00000000-0000-0000-0000-000000000000/tagNames/AZ_SCRIPTS_STATUS/tagValues/PsTest-DeploymentScripts-763cbb38-6353-4391-9d5b-ce2032f1c7f3:Completed","tagValue":"PsTest-DeploymentScripts-763cbb38-6353-4391-9d5b-ce2032f1c7f3:Completed","count":{"type":"Total","value":1}},{"id":"/subscriptions/00000000-0000-0000-0000-000000000000/tagNames/AZ_SCRIPTS_STATUS/tagValues/PsTest-DeploymentScripts-1bdd5f7b-5177-48f3-a7f7-5bf45b5a1fe0:Completed","tagValue":"PsTest-DeploymentScripts-1bdd5f7b-5177-48f3-a7f7-5bf45b5a1fe0:Completed","count":{"type":"Total","value":1}},{"id":"/subscriptions/00000000-0000-0000-0000-000000000000/tagNames/AZ_SCRIPTS_STATUS/tagValues/PsTest-DeploymentScripts-f29b9c16-237c-4743-82ed-2c39fac556e1:Completed","tagValue":"PsTest-DeploymentScripts-f29b9c16-237c-4743-82ed-2c39fac556e1:Completed","count":{"type":"Total","value":1}},{"id":"/subscriptions/00000000-0000-0000-0000-000000000000/tagNames/AZ_SCRIPTS_STATUS/tagValues/PsTest-DeploymentScripts-7f2375b1-8913-4261-b744-4e3e8801a89a:Completed","tagValue":"PsTest-DeploymentScripts-7f2375b1-8913-4261-b744-4e3e8801a89a:Completed","count":{"type":"Total","value":1}},{"id":"/subscriptions/00000000-0000-0000-0000-000000000000/tagNames/AZ_SCRIPTS_STATUS/tagValues/PsTest-DeploymentScripts-e711e393-0cbc-4823-8a01-9013d2a0ecdc:Completed","tagValue":"PsTest-DeploymentScripts-e711e393-0cbc-4823-8a01-9013d2a0ecdc:Completed","count":{"type":"Total","value":1}},{"id":"/subscriptions/00000000-0000-0000-0000-000000000000/tagNames/AZ_SCRIPTS_STATUS/tagValues/PsTest-DeploymentScripts-962570b8-58b1-4b2d-824c-1221c412e147:Completed","tagValue":"PsTest-DeploymentScripts-962570b8-58b1-4b2d-824c-1221c412e147:Completed","count":{"type":"Total","value":1}},{"id":"/subscriptions/00000000-0000-0000-0000-000000000000/tagNames/AZ_SCRIPTS_STATUS/tagValues/PsTest-DeploymentScripts-deb23486-298b-48c4-a471-c01db9429b52:Completed","tagValue":"PsTest-DeploymentScripts-deb23486-298b-48c4-a471-c01db9429b52:Completed","count":{"type":"Total","value":1}},{"id":"/subscriptions/00000000-0000-0000-0000-000000000000/tagNames/AZ_SCRIPTS_STATUS/tagValues/PsTest-DeploymentScripts-af47bee3-886c-4513-989c-e6c6247f2399:Completed","tagValue":"PsTest-DeploymentScripts-af47bee3-886c-4513-989c-e6c6247f2399:Completed","count":{"type":"Total","value":1}},{"id":"/subscriptions/00000000-0000-0000-0000-000000000000/tagNames/AZ_SCRIPTS_STATUS/tagValues/PsTest-DeploymentScripts-6a1d6107-00c7-4860-ac68-5d980e7285cc:Running","tagValue":"PsTest-DeploymentScripts-6a1d6107-00c7-4860-ac68-5d980e7285cc:Running","count":{"type":"Total","value":1}}]},{"id":"/subscriptions/00000000-0000-0000-0000-000000000000/tagNames/aksEngineVersion","tagName":"aksEngineVersion","count":{"type":"Total","value":6},"values":[{"id":"/subscriptions/00000000-0000-0000-0000-000000000000/tagNames/aksEngineVersion/tagValues/v0.47.0-aks-gomod-at-aks","tagValue":"v0.47.0-aks-gomod-at-aks","count":{"type":"Total","value":4}},{"id":"/subscriptions/00000000-0000-0000-0000-000000000000/tagNames/aksEngineVersion/tagValues/v0.47.0-aks-gomod-as-aks","tagValue":"v0.47.0-aks-gomod-as-aks","count":{"type":"Total","value":2}}]},{"id":"/subscriptions/00000000-0000-0000-0000-000000000000/tagNames/creationSource","tagName":"creationSource","count":{"type":"Total","value":6},"values":[{"id":"/subscriptions/00000000-0000-0000-0000-000000000000/tagNames/creationSource/tagValues/aks-aks-nodepool123-36552431-vmss","tagValue":"aks-aks-nodepool123-36552431-vmss","count":{"type":"Total","value":1}},{"id":"/subscriptions/00000000-0000-0000-0000-000000000000/tagNames/creationSource/tagValues/aks-aks-nodepool145-36552431-vmss","tagValue":"aks-aks-nodepool145-36552431-vmss","count":{"type":"Total","value":1}},{"id":"/subscriptions/00000000-0000-0000-0000-000000000000/tagNames/creationSource/tagValues/aks-aks-nodepool186-36552431-vmss","tagValue":"aks-aks-nodepool186-36552431-vmss","count":{"type":"Total","value":1}},{"id":"/subscriptions/00000000-0000-0000-0000-000000000000/tagNames/creationSource/tagValues/aks-aks-nodepool194-36552431-vmss","tagValue":"aks-aks-nodepool194-36552431-vmss","count":{"type":"Total","value":1}},{"id":"/subscriptions/00000000-0000-0000-0000-000000000000/tagNames/creationSource/tagValues/aks-aks-nodepool1-36552431-vmss","tagValue":"aks-aks-nodepool1-36552431-vmss","count":{"type":"Total","value":2}}]},{"id":"/subscriptions/00000000-0000-0000-0000-000000000000/tagNames/orchestrator","tagName":"orchestrator","count":{"type":"Total","value":6},"values":[{"id":"/subscriptions/00000000-0000-0000-0000-000000000000/tagNames/orchestrator/tagValues/Kubernetes:1.17.13","tagValue":"Kubernetes:1.17.13","count":{"type":"Total","value":6}}]},{"id":"/subscriptions/00000000-0000-0000-0000-000000000000/tagNames/poolName","tagName":"poolName","count":{"type":"Total","value":6},"values":[{"id":"/subscriptions/00000000-0000-0000-0000-000000000000/tagNames/poolName/tagValues/nodepool123","tagValue":"nodepool123","count":{"type":"Total","value":1}},{"id":"/subscriptions/00000000-0000-0000-0000-000000000000/tagNames/poolName/tagValues/nodepool145","tagValue":"nodepool145","count":{"type":"Total","value":1}},{"id":"/subscriptions/00000000-0000-0000-0000-000000000000/tagNames/poolName/tagValues/nodepool186","tagValue":"nodepool186","count":{"type":"Total","value":1}},{"id":"/subscriptions/00000000-0000-0000-0000-000000000000/tagNames/poolName/tagValues/nodepool194","tagValue":"nodepool194","count":{"type":"Total","value":1}},{"id":"/subscriptions/00000000-0000-0000-0000-000000000000/tagNames/poolName/tagValues/nodepool1","tagValue":"nodepool1","count":{"type":"Total","value":2}}]},{"id":"/subscriptions/00000000-0000-0000-0000-000000000000/tagNames/resourceNameSuffix","tagName":"resourceNameSuffix","count":{"type":"Total","value":6},"values":[{"id":"/subscriptions/00000000-0000-0000-0000-000000000000/tagNames/resourceNameSuffix/tagValues/36552431","tagValue":"36552431","count":{"type":"Total","value":6}}]},{"id":"/subscriptions/00000000-0000-0000-0000-000000000000/tagNames/owner","tagName":"owner","count":{"type":"Total","value":5},"values":[{"id":"/subscriptions/00000000-0000-0000-0000-000000000000/tagNames/owner/tagValues/kubernetes","tagValue":"kubernetes","count":{"type":"Total","value":5}}]},{"id":"/subscriptions/00000000-0000-0000-0000-000000000000/tagNames/type","tagName":"type","count":{"type":"Total","value":5},"values":[{"id":"/subscriptions/00000000-0000-0000-0000-000000000000/tagNames/type/tagValues/aks-slb-managed-outbound-ip","tagValue":"aks-slb-managed-outbound-ip","count":{"type":"Total","value":5}}]},{"id":"/subscriptions/00000000-0000-0000-0000-000000000000/tagNames/ms-resource-usage","tagName":"ms-resource-usage","count":{"type":"Total","value":1},"values":[{"id":"/subscriptions/00000000-0000-0000-0000-000000000000/tagNames/ms-resource-usage/tagValues/azure-cloud-shell","tagValue":"azure-cloud-shell","count":{"type":"Total","value":1}}]},{"id":"/subscriptions/00000000-0000-0000-0000-000000000000/tagNames/testtag","tagName":"testtag","count":{"type":"Total","value":1},"values":[{"id":"/subscriptions/00000000-0000-0000-0000-000000000000/tagNames/testtag/tagValues/testval","tagValue":"testval","count":{"type":"Total","value":1}}]},{"id":"/subscriptions/00000000-0000-0000-0000-000000000000/tagNames/product","tagName":"product","count":{"type":"Total","value":8},"values":[{"id":"/subscriptions/00000000-0000-0000-0000-000000000000/tagNames/product/tagValues/azurecli","tagValue":"azurecli","count":{"type":"Total","value":8}}]},{"id":"/subscriptions/00000000-0000-0000-0000-000000000000/tagNames/cause","tagName":"cause","count":{"type":"Total","value":8},"values":[{"id":"/subscriptions/00000000-0000-0000-0000-000000000000/tagNames/cause/tagValues/automation","tagValue":"automation","count":{"type":"Total","value":8}}]},{"id":"/subscriptions/00000000-0000-0000-0000-000000000000/tagNames/date","tagName":"date","count":{"type":"Total","value":8},"values":[{"id":"/subscriptions/00000000-0000-0000-0000-000000000000/tagNames/date/tagValues/2020-12-17T19:28:26Z","tagValue":"2020-12-17T19:28:26Z","count":{"type":"Total","value":1}},{"id":"/subscriptions/00000000-0000-0000-0000-000000000000/tagNames/date/tagValues/2020-12-17T19:28:55Z","tagValue":"2020-12-17T19:28:55Z","count":{"type":"Total","value":1}},{"id":"/subscriptions/00000000-0000-0000-0000-000000000000/tagNames/date/tagValues/2020-12-17T19:29:10Z","tagValue":"2020-12-17T19:29:10Z","count":{"type":"Total","value":1}},{"id":"/subscriptions/00000000-0000-0000-0000-000000000000/tagNames/date/tagValues/2020-12-17T19:29:18Z","tagValue":"2020-12-17T19:29:18Z","count":{"type":"Total","value":1}},{"id":"/subscriptions/00000000-0000-0000-0000-000000000000/tagNames/date/tagValues/2020-12-17T19:29:39Z","tagValue":"2020-12-17T19:29:39Z","count":{"type":"Total","value":1}},{"id":"/subscriptions/00000000-0000-0000-0000-000000000000/tagNames/date/tagValues/2020-12-17T19:29:46Z","tagValue":"2020-12-17T19:29:46Z","count":{"type":"Total","value":1}},{"id":"/subscriptions/00000000-0000-0000-0000-000000000000/tagNames/date/tagValues/2020-12-17T19:29:47Z","tagValue":"2020-12-17T19:29:47Z","count":{"type":"Total","value":1}},{"id":"/subscriptions/00000000-0000-0000-0000-000000000000/tagNames/date/tagValues/2020-12-17T19:30:02Z","tagValue":"2020-12-17T19:30:02Z","count":{"type":"Total","value":1}}]},{"id":"/subscriptions/00000000-0000-0000-0000-000000000000/tagNames/cliName1","tagName":"cliName1","count":{"type":"Total","value":1},"values":[{"id":"/subscriptions/00000000-0000-0000-0000-000000000000/tagNames/cliName1/tagValues/cliValue1","tagValue":"cliValue1","count":{"type":"Total","value":1}}]},{"id":"/subscriptions/00000000-0000-0000-0000-000000000000/tagNames/cliName2","tagName":"cliName2","count":{"type":"Total","value":1},"values":[{"id":"/subscriptions/00000000-0000-0000-0000-000000000000/tagNames/cliName2/tagValues/cliValue2","tagValue":"cliValue2","count":{"type":"Total","value":1}}]},{"id":"/subscriptions/00000000-0000-0000-0000-000000000000/tagNames/ServiceDirectory","tagName":"ServiceDirectory","count":{"type":"Total","value":1},"values":[{"id":"/subscriptions/00000000-0000-0000-0000-000000000000/tagNames/ServiceDirectory/tagValues/resources","tagValue":"resources","count":{"type":"Total","value":1}}]},{"id":"/subscriptions/00000000-0000-0000-0000-000000000000/tagNames/Creator","tagName":"Creator","count":{"type":"Total","value":1},"values":[{"id":"/subscriptions/00000000-0000-0000-0000-000000000000/tagNames/Creator/tagValues/stuartko","tagValue":"stuartko","count":{"type":"Total","value":1}}]}]}'
    headers:
      cache-control:
      - no-cache
      content-length:
      - '15368'
      content-type:
      - application/json; charset=utf-8
      date:
      - Thu, 17 Dec 2020 19:30:11 GMT
      expires:
      - '-1'
      pragma:
      - no-cache
      strict-transport-security:
      - max-age=31536000; includeSubDomains
      vary:
      - Accept-Encoding
      x-content-type-options:
      - nosniff
    status:
      code: 200
      message: OK
version: 1
