interactions:
- request:
    body: null
    headers:
      Accept:
      - application/json
      Accept-Encoding:
      - gzip, deflate
      CommandName:
      - account management-group create
      Connection:
      - keep-alive
      Content-Length:
      - '0'
      ParameterSetName:
      - --name
      User-Agent:
      - python/3.8.2 (Windows-10-10.0.19041-SP0) msrest/0.6.9 msrest_azure/0.6.3 azure-mgmt-resource/10.1.0
        Azure-SDK-For-Python AZURECLI/2.8.0
      accept-language:
      - en-US
    method: POST
    uri: https://management.azure.com/subscriptions/00000000-0000-0000-0000-000000000000/providers/Microsoft.Management/register?api-version=2020-06-01
  response:
    body:
      string: '{"id":"/subscriptions/00000000-0000-0000-0000-000000000000/providers/Microsoft.Management","namespace":"Microsoft.Management","authorization":{"applicationId":"f2c304cf-8e7e-4c3f-8164-16299ad9d272","roleDefinitionId":"c1cf3708-588a-4647-be7f-f400bbe214cf"},"resourceTypes":[{"resourceType":"resources","locations":[],"apiVersions":["2017-11-01-preview","2017-08-31-preview","2017-06-30-preview","2017-05-31-preview"],"capabilities":"None"},{"resourceType":"managementGroups","locations":[],"apiVersions":["2020-05-01","2020-02-01","2019-11-01","2018-03-01-preview","2018-03-01-beta","2018-01-01-preview","2017-11-01-preview","2017-08-31-preview","2017-06-30-preview","2017-05-31-preview"],"capabilities":"None"},{"resourceType":"getEntities","locations":[],"apiVersions":["2020-05-01","2020-02-01","2019-11-01","2018-03-01-preview","2018-03-01-beta","2018-01-01-preview"],"capabilities":"None"},{"resourceType":"managementGroups/settings","locations":[],"apiVersions":["2020-05-01","2020-02-01","2018-03-01-beta"],"capabilities":"None"},{"resourceType":"checkNameAvailability","locations":[],"apiVersions":["2020-05-01","2020-02-01","2019-11-01","2018-03-01-preview","2018-03-01-beta","2018-01-01-preview"],"capabilities":"None"},{"resourceType":"operationResults","locations":[],"apiVersions":["2020-05-01","2020-02-01","2019-11-01","2018-03-01-preview","2018-03-01-beta","2018-01-01-preview"],"capabilities":"None"},{"resourceType":"operationResults/asyncOperation","locations":[],"apiVersions":["2020-05-01","2020-02-01","2019-11-01","2018-03-01-beta"],"capabilities":"None"},{"resourceType":"operations","locations":[],"apiVersions":["2020-05-01","2020-02-01","2019-11-01","2018-03-01-preview","2018-03-01-beta","2018-01-01-preview","2017-11-01-preview","2017-08-31-preview","2017-06-30-preview","2017-05-31-preview"],"capabilities":"None"},{"resourceType":"tenantBackfillStatus","locations":[],"apiVersions":["2020-05-01","2020-02-01","2019-11-01","2018-03-01-preview","2018-03-01-beta"],"capabilities":"None"},{"resourceType":"startTenantBackfill","locations":[],"apiVersions":["2020-05-01","2020-02-01","2019-11-01","2018-03-01-preview","2018-03-01-beta"],"capabilities":"None"}],"registrationState":"Registered","registrationPolicy":"RegistrationRequired"}'
    headers:
      cache-control:
      - no-cache
      content-length:
      - '2264'
      content-type:
      - application/json; charset=utf-8
      date:
      - Wed, 08 Jul 2020 04:12:14 GMT
      expires:
      - '-1'
      pragma:
      - no-cache
      strict-transport-security:
      - max-age=31536000; includeSubDomains
      transfer-encoding:
      - chunked
      vary:
      - Accept-Encoding
      x-content-type-options:
      - nosniff
      x-ms-ratelimit-remaining-subscription-writes:
      - '1198'
    status:
      code: 200
      message: OK
- request:
    body: null
    headers:
      Accept:
      - application/json
      Accept-Encoding:
      - gzip, deflate
      CommandName:
      - account management-group create
      Connection:
      - keep-alive
      ParameterSetName:
      - --name
      User-Agent:
      - python/3.8.2 (Windows-10-10.0.19041-SP0) msrest/0.6.9 msrest_azure/0.6.3 azure-mgmt-resource/10.1.0
        Azure-SDK-For-Python AZURECLI/2.8.0
      accept-language:
      - en-US
    method: GET
    uri: https://management.azure.com/subscriptions/00000000-0000-0000-0000-000000000000/providers/Microsoft.Management?api-version=2020-06-01
  response:
    body:
      string: '{"id":"/subscriptions/00000000-0000-0000-0000-000000000000/providers/Microsoft.Management","namespace":"Microsoft.Management","authorization":{"applicationId":"f2c304cf-8e7e-4c3f-8164-16299ad9d272","roleDefinitionId":"c1cf3708-588a-4647-be7f-f400bbe214cf"},"resourceTypes":[{"resourceType":"resources","locations":[],"apiVersions":["2017-11-01-preview","2017-08-31-preview","2017-06-30-preview","2017-05-31-preview"],"capabilities":"None"},{"resourceType":"managementGroups","locations":[],"apiVersions":["2020-05-01","2020-02-01","2019-11-01","2018-03-01-preview","2018-03-01-beta","2018-01-01-preview","2017-11-01-preview","2017-08-31-preview","2017-06-30-preview","2017-05-31-preview"],"capabilities":"None"},{"resourceType":"getEntities","locations":[],"apiVersions":["2020-05-01","2020-02-01","2019-11-01","2018-03-01-preview","2018-03-01-beta","2018-01-01-preview"],"capabilities":"None"},{"resourceType":"managementGroups/settings","locations":[],"apiVersions":["2020-05-01","2020-02-01","2018-03-01-beta"],"capabilities":"None"},{"resourceType":"checkNameAvailability","locations":[],"apiVersions":["2020-05-01","2020-02-01","2019-11-01","2018-03-01-preview","2018-03-01-beta","2018-01-01-preview"],"capabilities":"None"},{"resourceType":"operationResults","locations":[],"apiVersions":["2020-05-01","2020-02-01","2019-11-01","2018-03-01-preview","2018-03-01-beta","2018-01-01-preview"],"capabilities":"None"},{"resourceType":"operationResults/asyncOperation","locations":[],"apiVersions":["2020-05-01","2020-02-01","2019-11-01","2018-03-01-beta"],"capabilities":"None"},{"resourceType":"operations","locations":[],"apiVersions":["2020-05-01","2020-02-01","2019-11-01","2018-03-01-preview","2018-03-01-beta","2018-01-01-preview","2017-11-01-preview","2017-08-31-preview","2017-06-30-preview","2017-05-31-preview"],"capabilities":"None"},{"resourceType":"tenantBackfillStatus","locations":[],"apiVersions":["2020-05-01","2020-02-01","2019-11-01","2018-03-01-preview","2018-03-01-beta"],"capabilities":"None"},{"resourceType":"startTenantBackfill","locations":[],"apiVersions":["2020-05-01","2020-02-01","2019-11-01","2018-03-01-preview","2018-03-01-beta"],"capabilities":"None"}],"registrationState":"Registered","registrationPolicy":"RegistrationRequired"}'
    headers:
      cache-control:
      - no-cache
      content-length:
      - '2264'
      content-type:
      - application/json; charset=utf-8
      date:
      - Wed, 08 Jul 2020 04:12:24 GMT
      expires:
      - '-1'
      pragma:
      - no-cache
      strict-transport-security:
      - max-age=31536000; includeSubDomains
      vary:
      - Accept-Encoding
      x-content-type-options:
      - nosniff
    status:
      code: 200
      message: OK
- request:
    body: '{"name": "testcligetgroup1", "properties": {"details": {"parent": {}}}}'
    headers:
      Accept:
      - application/json
      Accept-Encoding:
      - gzip, deflate
      Cache-Control:
      - no-cache
      CommandName:
      - account management-group create
      Connection:
      - keep-alive
      Content-Length:
      - '71'
      Content-Type:
      - application/json; charset=utf-8
      ParameterSetName:
      - --name
      User-Agent:
      - python/3.8.2 (Windows-10-10.0.19041-SP0) msrest/0.6.9 msrest_azure/0.6.3 azure-mgmt-managementgroups/0.2.0
        Azure-SDK-For-Python AZURECLI/2.8.0
      accept-language:
      - en-US
    method: PUT
    uri: https://management.azure.com/providers/Microsoft.Management/managementGroups/testcligetgroup1?api-version=2018-03-01-preview
  response:
    body:
      string: '{"id":"/providers/Microsoft.Management/managementGroups/testcligetgroup1","type":"/providers/Microsoft.Management/managementGroups","name":"testcligetgroup1","status":"NotStarted"}'
    headers:
      cache-control:
      - no-cache
      content-length:
      - '180'
      content-type:
      - application/json; charset=utf-8
      date:
      - Wed, 08 Jul 2020 04:12:26 GMT
      expires:
      - '-1'
      location:
      - https://management.azure.com/providers/Microsoft.Management/operationResults/create/managementGroups/testcligetgroup1?api-version=2018-03-01-preview
      pragma:
      - no-cache
      request-id:
      - cc8be7d2-68ef-4ba6-b98d-c7afc93cec87
      strict-transport-security:
      - max-age=31536000; includeSubDomains
      x-ba-restapi:
      - 1.0.3.1578
      x-content-type-options:
      - nosniff
      x-ms-ratelimit-remaining-tenant-writes:
      - '1199'
    status:
      code: 202
      message: Accepted
- request:
    body: null
    headers:
      Accept:
      - application/json
      Accept-Encoding:
      - gzip, deflate
      CommandName:
      - account management-group create
      Connection:
      - keep-alive
      ParameterSetName:
      - --name
      User-Agent:
      - python/3.8.2 (Windows-10-10.0.19041-SP0) msrest/0.6.9 msrest_azure/0.6.3 azure-mgmt-managementgroups/0.2.0
        Azure-SDK-For-Python AZURECLI/2.8.0
    method: GET
    uri: https://management.azure.com/providers/Microsoft.Management/operationResults/create/managementGroups/testcligetgroup1?api-version=2018-03-01-preview
  response:
    body:
      string: '{"id":"/providers/Microsoft.Management/managementGroups/testcligetgroup1","type":"/providers/Microsoft.Management/managementGroups","name":"testcligetgroup1","status":"Running"}'
    headers:
      cache-control:
      - no-cache
      content-length:
      - '177'
      content-type:
      - application/json; charset=utf-8
      date:
      - Wed, 08 Jul 2020 04:12:36 GMT
      expires:
      - '-1'
      location:
      - https://management.azure.com/providers/Microsoft.Management/operationResults/create/managementGroups/testcligetgroup1?api-version=2018-03-01-preview
      pragma:
      - no-cache
      request-id:
      - 10f78cfd-5ea0-4635-8c86-13601332e17e
      strict-transport-security:
      - max-age=31536000; includeSubDomains
      x-ba-restapi:
      - 1.0.3.1578
      x-content-type-options:
      - nosniff
    status:
      code: 202
      message: Accepted
- request:
    body: null
    headers:
      Accept:
      - application/json
      Accept-Encoding:
      - gzip, deflate
      CommandName:
      - account management-group create
      Connection:
      - keep-alive
      ParameterSetName:
      - --name
      User-Agent:
      - python/3.8.2 (Windows-10-10.0.19041-SP0) msrest/0.6.9 msrest_azure/0.6.3 azure-mgmt-managementgroups/0.2.0
        Azure-SDK-For-Python AZURECLI/2.8.0
    method: GET
    uri: https://management.azure.com/providers/Microsoft.Management/operationResults/create/managementGroups/testcligetgroup1?api-version=2018-03-01-preview
  response:
    body:
      string: '{"id":"/providers/Microsoft.Management/managementGroups/testcligetgroup1","type":"/providers/Microsoft.Management/managementGroups","name":"testcligetgroup1","status":"Succeeded","properties":{"tenantId":"c445fb81-7c35-42a5-a47b-4686cb6946f7","displayName":"testcligetgroup1","details":{"version":3,"updatedTime":"2020-07-08T04:12:26.9759571Z","updatedBy":"d76d90a0-ab79-4214-86ad-241a0c7ecd85","parent":{"id":"/providers/Microsoft.Management/managementGroups/c445fb81-7c35-42a5-a47b-4686cb6946f7","name":"c445fb81-7c35-42a5-a47b-4686cb6946f7","displayName":"Tenant
        Root Group"}}}}'
    headers:
      cache-control:
      - no-cache
      content-length:
      - '581'
      content-type:
      - application/json; charset=utf-8
      date:
      - Wed, 08 Jul 2020 04:12:46 GMT
      expires:
      - '-1'
      pragma:
      - no-cache
      request-id:
      - db05b5ec-f537-43b5-8bea-3c19bdc39ca7
      strict-transport-security:
      - max-age=31536000; includeSubDomains
      transfer-encoding:
      - chunked
      vary:
      - Accept-Encoding,Accept-Encoding
      x-ba-restapi:
      - 1.0.3.1578
      x-content-type-options:
      - nosniff
    status:
      code: 200
      message: OK
- request:
    body: null
    headers:
      Accept:
      - application/json
      Accept-Encoding:
      - gzip, deflate
      CommandName:
      - account management-group create
      Connection:
      - keep-alive
      Content-Length:
      - '0'
      ParameterSetName:
      - --name --parent
      User-Agent:
      - python/3.8.2 (Windows-10-10.0.19041-SP0) msrest/0.6.9 msrest_azure/0.6.3 azure-mgmt-resource/10.1.0
        Azure-SDK-For-Python AZURECLI/2.8.0
      accept-language:
      - en-US
    method: POST
    uri: https://management.azure.com/subscriptions/00000000-0000-0000-0000-000000000000/providers/Microsoft.Management/register?api-version=2020-06-01
  response:
    body:
      string: '{"id":"/subscriptions/00000000-0000-0000-0000-000000000000/providers/Microsoft.Management","namespace":"Microsoft.Management","authorization":{"applicationId":"f2c304cf-8e7e-4c3f-8164-16299ad9d272","roleDefinitionId":"c1cf3708-588a-4647-be7f-f400bbe214cf"},"resourceTypes":[{"resourceType":"resources","locations":[],"apiVersions":["2017-11-01-preview","2017-08-31-preview","2017-06-30-preview","2017-05-31-preview"],"capabilities":"None"},{"resourceType":"managementGroups","locations":[],"apiVersions":["2020-05-01","2020-02-01","2019-11-01","2018-03-01-preview","2018-03-01-beta","2018-01-01-preview","2017-11-01-preview","2017-08-31-preview","2017-06-30-preview","2017-05-31-preview"],"capabilities":"None"},{"resourceType":"getEntities","locations":[],"apiVersions":["2020-05-01","2020-02-01","2019-11-01","2018-03-01-preview","2018-03-01-beta","2018-01-01-preview"],"capabilities":"None"},{"resourceType":"managementGroups/settings","locations":[],"apiVersions":["2020-05-01","2020-02-01","2018-03-01-beta"],"capabilities":"None"},{"resourceType":"checkNameAvailability","locations":[],"apiVersions":["2020-05-01","2020-02-01","2019-11-01","2018-03-01-preview","2018-03-01-beta","2018-01-01-preview"],"capabilities":"None"},{"resourceType":"operationResults","locations":[],"apiVersions":["2020-05-01","2020-02-01","2019-11-01","2018-03-01-preview","2018-03-01-beta","2018-01-01-preview"],"capabilities":"None"},{"resourceType":"operationResults/asyncOperation","locations":[],"apiVersions":["2020-05-01","2020-02-01","2019-11-01","2018-03-01-beta"],"capabilities":"None"},{"resourceType":"operations","locations":[],"apiVersions":["2020-05-01","2020-02-01","2019-11-01","2018-03-01-preview","2018-03-01-beta","2018-01-01-preview","2017-11-01-preview","2017-08-31-preview","2017-06-30-preview","2017-05-31-preview"],"capabilities":"None"},{"resourceType":"tenantBackfillStatus","locations":[],"apiVersions":["2020-05-01","2020-02-01","2019-11-01","2018-03-01-preview","2018-03-01-beta"],"capabilities":"None"},{"resourceType":"startTenantBackfill","locations":[],"apiVersions":["2020-05-01","2020-02-01","2019-11-01","2018-03-01-preview","2018-03-01-beta"],"capabilities":"None"}],"registrationState":"Registered","registrationPolicy":"RegistrationRequired"}'
    headers:
      cache-control:
      - no-cache
      content-length:
      - '2264'
      content-type:
      - application/json; charset=utf-8
      date:
      - Wed, 08 Jul 2020 04:12:48 GMT
      expires:
      - '-1'
      pragma:
      - no-cache
      strict-transport-security:
      - max-age=31536000; includeSubDomains
      transfer-encoding:
      - chunked
      vary:
      - Accept-Encoding
      x-content-type-options:
      - nosniff
      x-ms-ratelimit-remaining-subscription-writes:
      - '1199'
    status:
      code: 200
      message: OK
- request:
    body: null
    headers:
      Accept:
      - application/json
      Accept-Encoding:
      - gzip, deflate
      CommandName:
      - account management-group create
      Connection:
      - keep-alive
      ParameterSetName:
      - --name --parent
      User-Agent:
      - python/3.8.2 (Windows-10-10.0.19041-SP0) msrest/0.6.9 msrest_azure/0.6.3 azure-mgmt-resource/10.1.0
        Azure-SDK-For-Python AZURECLI/2.8.0
      accept-language:
      - en-US
    method: GET
    uri: https://management.azure.com/subscriptions/00000000-0000-0000-0000-000000000000/providers/Microsoft.Management?api-version=2020-06-01
  response:
    body:
      string: '{"id":"/subscriptions/00000000-0000-0000-0000-000000000000/providers/Microsoft.Management","namespace":"Microsoft.Management","authorization":{"applicationId":"f2c304cf-8e7e-4c3f-8164-16299ad9d272","roleDefinitionId":"c1cf3708-588a-4647-be7f-f400bbe214cf"},"resourceTypes":[{"resourceType":"resources","locations":[],"apiVersions":["2017-11-01-preview","2017-08-31-preview","2017-06-30-preview","2017-05-31-preview"],"capabilities":"None"},{"resourceType":"managementGroups","locations":[],"apiVersions":["2020-05-01","2020-02-01","2019-11-01","2018-03-01-preview","2018-03-01-beta","2018-01-01-preview","2017-11-01-preview","2017-08-31-preview","2017-06-30-preview","2017-05-31-preview"],"capabilities":"None"},{"resourceType":"getEntities","locations":[],"apiVersions":["2020-05-01","2020-02-01","2019-11-01","2018-03-01-preview","2018-03-01-beta","2018-01-01-preview"],"capabilities":"None"},{"resourceType":"managementGroups/settings","locations":[],"apiVersions":["2020-05-01","2020-02-01","2018-03-01-beta"],"capabilities":"None"},{"resourceType":"checkNameAvailability","locations":[],"apiVersions":["2020-05-01","2020-02-01","2019-11-01","2018-03-01-preview","2018-03-01-beta","2018-01-01-preview"],"capabilities":"None"},{"resourceType":"operationResults","locations":[],"apiVersions":["2020-05-01","2020-02-01","2019-11-01","2018-03-01-preview","2018-03-01-beta","2018-01-01-preview"],"capabilities":"None"},{"resourceType":"operationResults/asyncOperation","locations":[],"apiVersions":["2020-05-01","2020-02-01","2019-11-01","2018-03-01-beta"],"capabilities":"None"},{"resourceType":"operations","locations":[],"apiVersions":["2020-05-01","2020-02-01","2019-11-01","2018-03-01-preview","2018-03-01-beta","2018-01-01-preview","2017-11-01-preview","2017-08-31-preview","2017-06-30-preview","2017-05-31-preview"],"capabilities":"None"},{"resourceType":"tenantBackfillStatus","locations":[],"apiVersions":["2020-05-01","2020-02-01","2019-11-01","2018-03-01-preview","2018-03-01-beta"],"capabilities":"None"},{"resourceType":"startTenantBackfill","locations":[],"apiVersions":["2020-05-01","2020-02-01","2019-11-01","2018-03-01-preview","2018-03-01-beta"],"capabilities":"None"}],"registrationState":"Registered","registrationPolicy":"RegistrationRequired"}'
    headers:
      cache-control:
      - no-cache
      content-length:
      - '2264'
      content-type:
      - application/json; charset=utf-8
      date:
      - Wed, 08 Jul 2020 04:12:59 GMT
      expires:
      - '-1'
      pragma:
      - no-cache
      strict-transport-security:
      - max-age=31536000; includeSubDomains
      vary:
      - Accept-Encoding
      x-content-type-options:
      - nosniff
    status:
      code: 200
      message: OK
- request:
    body: '{"name": "testcligetgroup2", "properties": {"details": {"parent": {"id":
      "/providers/Microsoft.Management/managementGroups/testcligetgroup1"}}}}'
    headers:
      Accept:
      - application/json
      Accept-Encoding:
      - gzip, deflate
      Cache-Control:
      - no-cache
      CommandName:
      - account management-group create
      Connection:
      - keep-alive
      Content-Length:
      - '144'
      Content-Type:
      - application/json; charset=utf-8
      ParameterSetName:
      - --name --parent
      User-Agent:
      - python/3.8.2 (Windows-10-10.0.19041-SP0) msrest/0.6.9 msrest_azure/0.6.3 azure-mgmt-managementgroups/0.2.0
        Azure-SDK-For-Python AZURECLI/2.8.0
      accept-language:
      - en-US
    method: PUT
    uri: https://management.azure.com/providers/Microsoft.Management/managementGroups/testcligetgroup2?api-version=2018-03-01-preview
  response:
    body:
      string: '{"id":"/providers/Microsoft.Management/managementGroups/testcligetgroup2","type":"/providers/Microsoft.Management/managementGroups","name":"testcligetgroup2","status":"NotStarted"}'
    headers:
      cache-control:
      - no-cache
      content-length:
      - '180'
      content-type:
      - application/json; charset=utf-8
      date:
      - Wed, 08 Jul 2020 04:13:00 GMT
      expires:
      - '-1'
      location:
      - https://management.azure.com/providers/Microsoft.Management/operationResults/create/managementGroups/testcligetgroup2?api-version=2018-03-01-preview
      pragma:
      - no-cache
      request-id:
      - f8c8a94a-d475-44cc-bce5-abb17d5f3510
      strict-transport-security:
      - max-age=31536000; includeSubDomains
      x-ba-restapi:
      - 1.0.3.1578
      x-content-type-options:
      - nosniff
      x-ms-ratelimit-remaining-tenant-writes:
      - '1199'
    status:
      code: 202
      message: Accepted
- request:
    body: null
    headers:
      Accept:
      - application/json
      Accept-Encoding:
      - gzip, deflate
      CommandName:
      - account management-group create
      Connection:
      - keep-alive
      ParameterSetName:
      - --name --parent
      User-Agent:
      - python/3.8.2 (Windows-10-10.0.19041-SP0) msrest/0.6.9 msrest_azure/0.6.3 azure-mgmt-managementgroups/0.2.0
        Azure-SDK-For-Python AZURECLI/2.8.0
    method: GET
    uri: https://management.azure.com/providers/Microsoft.Management/operationResults/create/managementGroups/testcligetgroup2?api-version=2018-03-01-preview
  response:
    body:
      string: '{"id":"/providers/Microsoft.Management/managementGroups/testcligetgroup2","type":"/providers/Microsoft.Management/managementGroups","name":"testcligetgroup2","status":"Running"}'
    headers:
      cache-control:
      - no-cache
      content-length:
      - '177'
      content-type:
      - application/json; charset=utf-8
      date:
      - Wed, 08 Jul 2020 04:13:10 GMT
      expires:
      - '-1'
      location:
      - https://management.azure.com/providers/Microsoft.Management/operationResults/create/managementGroups/testcligetgroup2?api-version=2018-03-01-preview
      pragma:
      - no-cache
      request-id:
      - cabe539c-395d-4478-9788-d3ea2142d4fb
      strict-transport-security:
      - max-age=31536000; includeSubDomains
      x-ba-restapi:
      - 1.0.3.1578
      x-content-type-options:
      - nosniff
    status:
      code: 202
      message: Accepted
- request:
    body: null
    headers:
      Accept:
      - application/json
      Accept-Encoding:
      - gzip, deflate
      CommandName:
      - account management-group create
      Connection:
      - keep-alive
      ParameterSetName:
      - --name --parent
      User-Agent:
      - python/3.8.2 (Windows-10-10.0.19041-SP0) msrest/0.6.9 msrest_azure/0.6.3 azure-mgmt-managementgroups/0.2.0
        Azure-SDK-For-Python AZURECLI/2.8.0
    method: GET
    uri: https://management.azure.com/providers/Microsoft.Management/operationResults/create/managementGroups/testcligetgroup2?api-version=2018-03-01-preview
  response:
    body:
      string: '{"id":"/providers/Microsoft.Management/managementGroups/testcligetgroup2","type":"/providers/Microsoft.Management/managementGroups","name":"testcligetgroup2","status":"Succeeded","properties":{"tenantId":"c445fb81-7c35-42a5-a47b-4686cb6946f7","displayName":"testcligetgroup2","details":{"version":3,"updatedTime":"2020-07-08T04:13:02.3956396Z","updatedBy":"d76d90a0-ab79-4214-86ad-241a0c7ecd85","parent":{"id":"/providers/Microsoft.Management/managementGroups/testcligetgroup1","name":"testcligetgroup1","displayName":"testcligetgroup1"}}}}'
    headers:
      cache-control:
      - no-cache
      content-length:
      - '540'
      content-type:
      - application/json; charset=utf-8
      date:
      - Wed, 08 Jul 2020 04:13:21 GMT
      expires:
      - '-1'
      pragma:
      - no-cache
      request-id:
      - 383841de-abe7-4343-b3e4-4c281bf7024f
      strict-transport-security:
      - max-age=31536000; includeSubDomains
      transfer-encoding:
      - chunked
      vary:
      - Accept-Encoding,Accept-Encoding
      x-ba-restapi:
      - 1.0.3.1578
      x-content-type-options:
      - nosniff
    status:
      code: 200
      message: OK
- request:
    body: null
    headers:
      Accept:
      - application/json
      Accept-Encoding:
      - gzip, deflate
      CommandName:
      - account management-group create
      Connection:
      - keep-alive
      Content-Length:
      - '0'
      ParameterSetName:
      - --name --parent
      User-Agent:
      - python/3.8.2 (Windows-10-10.0.19041-SP0) msrest/0.6.9 msrest_azure/0.6.3 azure-mgmt-resource/10.1.0
        Azure-SDK-For-Python AZURECLI/2.8.0
      accept-language:
      - en-US
    method: POST
    uri: https://management.azure.com/subscriptions/00000000-0000-0000-0000-000000000000/providers/Microsoft.Management/register?api-version=2020-06-01
  response:
    body:
      string: '{"id":"/subscriptions/00000000-0000-0000-0000-000000000000/providers/Microsoft.Management","namespace":"Microsoft.Management","authorization":{"applicationId":"f2c304cf-8e7e-4c3f-8164-16299ad9d272","roleDefinitionId":"c1cf3708-588a-4647-be7f-f400bbe214cf"},"resourceTypes":[{"resourceType":"resources","locations":[],"apiVersions":["2017-11-01-preview","2017-08-31-preview","2017-06-30-preview","2017-05-31-preview"],"capabilities":"None"},{"resourceType":"managementGroups","locations":[],"apiVersions":["2020-05-01","2020-02-01","2019-11-01","2018-03-01-preview","2018-03-01-beta","2018-01-01-preview","2017-11-01-preview","2017-08-31-preview","2017-06-30-preview","2017-05-31-preview"],"capabilities":"None"},{"resourceType":"getEntities","locations":[],"apiVersions":["2020-05-01","2020-02-01","2019-11-01","2018-03-01-preview","2018-03-01-beta","2018-01-01-preview"],"capabilities":"None"},{"resourceType":"managementGroups/settings","locations":[],"apiVersions":["2020-05-01","2020-02-01","2018-03-01-beta"],"capabilities":"None"},{"resourceType":"checkNameAvailability","locations":[],"apiVersions":["2020-05-01","2020-02-01","2019-11-01","2018-03-01-preview","2018-03-01-beta","2018-01-01-preview"],"capabilities":"None"},{"resourceType":"operationResults","locations":[],"apiVersions":["2020-05-01","2020-02-01","2019-11-01","2018-03-01-preview","2018-03-01-beta","2018-01-01-preview"],"capabilities":"None"},{"resourceType":"operationResults/asyncOperation","locations":[],"apiVersions":["2020-05-01","2020-02-01","2019-11-01","2018-03-01-beta"],"capabilities":"None"},{"resourceType":"operations","locations":[],"apiVersions":["2020-05-01","2020-02-01","2019-11-01","2018-03-01-preview","2018-03-01-beta","2018-01-01-preview","2017-11-01-preview","2017-08-31-preview","2017-06-30-preview","2017-05-31-preview"],"capabilities":"None"},{"resourceType":"tenantBackfillStatus","locations":[],"apiVersions":["2020-05-01","2020-02-01","2019-11-01","2018-03-01-preview","2018-03-01-beta"],"capabilities":"None"},{"resourceType":"startTenantBackfill","locations":[],"apiVersions":["2020-05-01","2020-02-01","2019-11-01","2018-03-01-preview","2018-03-01-beta"],"capabilities":"None"}],"registrationState":"Registered","registrationPolicy":"RegistrationRequired"}'
    headers:
      cache-control:
      - no-cache
      content-length:
      - '2264'
      content-type:
      - application/json; charset=utf-8
      date:
      - Wed, 08 Jul 2020 04:13:23 GMT
      expires:
      - '-1'
      pragma:
      - no-cache
      strict-transport-security:
      - max-age=31536000; includeSubDomains
      transfer-encoding:
      - chunked
      vary:
      - Accept-Encoding
      x-content-type-options:
      - nosniff
      x-ms-ratelimit-remaining-subscription-writes:
      - '1199'
    status:
      code: 200
      message: OK
- request:
    body: null
    headers:
      Accept:
      - application/json
      Accept-Encoding:
      - gzip, deflate
      CommandName:
      - account management-group create
      Connection:
      - keep-alive
      ParameterSetName:
      - --name --parent
      User-Agent:
      - python/3.8.2 (Windows-10-10.0.19041-SP0) msrest/0.6.9 msrest_azure/0.6.3 azure-mgmt-resource/10.1.0
        Azure-SDK-For-Python AZURECLI/2.8.0
      accept-language:
      - en-US
    method: GET
    uri: https://management.azure.com/subscriptions/00000000-0000-0000-0000-000000000000/providers/Microsoft.Management?api-version=2020-06-01
  response:
    body:
      string: '{"id":"/subscriptions/00000000-0000-0000-0000-000000000000/providers/Microsoft.Management","namespace":"Microsoft.Management","authorization":{"applicationId":"f2c304cf-8e7e-4c3f-8164-16299ad9d272","roleDefinitionId":"c1cf3708-588a-4647-be7f-f400bbe214cf"},"resourceTypes":[{"resourceType":"resources","locations":[],"apiVersions":["2017-11-01-preview","2017-08-31-preview","2017-06-30-preview","2017-05-31-preview"],"capabilities":"None"},{"resourceType":"managementGroups","locations":[],"apiVersions":["2020-05-01","2020-02-01","2019-11-01","2018-03-01-preview","2018-03-01-beta","2018-01-01-preview","2017-11-01-preview","2017-08-31-preview","2017-06-30-preview","2017-05-31-preview"],"capabilities":"None"},{"resourceType":"getEntities","locations":[],"apiVersions":["2020-05-01","2020-02-01","2019-11-01","2018-03-01-preview","2018-03-01-beta","2018-01-01-preview"],"capabilities":"None"},{"resourceType":"managementGroups/settings","locations":[],"apiVersions":["2020-05-01","2020-02-01","2018-03-01-beta"],"capabilities":"None"},{"resourceType":"checkNameAvailability","locations":[],"apiVersions":["2020-05-01","2020-02-01","2019-11-01","2018-03-01-preview","2018-03-01-beta","2018-01-01-preview"],"capabilities":"None"},{"resourceType":"operationResults","locations":[],"apiVersions":["2020-05-01","2020-02-01","2019-11-01","2018-03-01-preview","2018-03-01-beta","2018-01-01-preview"],"capabilities":"None"},{"resourceType":"operationResults/asyncOperation","locations":[],"apiVersions":["2020-05-01","2020-02-01","2019-11-01","2018-03-01-beta"],"capabilities":"None"},{"resourceType":"operations","locations":[],"apiVersions":["2020-05-01","2020-02-01","2019-11-01","2018-03-01-preview","2018-03-01-beta","2018-01-01-preview","2017-11-01-preview","2017-08-31-preview","2017-06-30-preview","2017-05-31-preview"],"capabilities":"None"},{"resourceType":"tenantBackfillStatus","locations":[],"apiVersions":["2020-05-01","2020-02-01","2019-11-01","2018-03-01-preview","2018-03-01-beta"],"capabilities":"None"},{"resourceType":"startTenantBackfill","locations":[],"apiVersions":["2020-05-01","2020-02-01","2019-11-01","2018-03-01-preview","2018-03-01-beta"],"capabilities":"None"}],"registrationState":"Registered","registrationPolicy":"RegistrationRequired"}'
    headers:
      cache-control:
      - no-cache
      content-length:
      - '2264'
      content-type:
      - application/json; charset=utf-8
      date:
      - Wed, 08 Jul 2020 04:13:33 GMT
      expires:
      - '-1'
      pragma:
      - no-cache
      strict-transport-security:
      - max-age=31536000; includeSubDomains
      vary:
      - Accept-Encoding
      x-content-type-options:
      - nosniff
    status:
      code: 200
      message: OK
- request:
    body: '{"name": "testcligetgroup3", "properties": {"details": {"parent": {"id":
      "/providers/Microsoft.Management/managementGroups/testcligetgroup2"}}}}'
    headers:
      Accept:
      - application/json
      Accept-Encoding:
      - gzip, deflate
      Cache-Control:
      - no-cache
      CommandName:
      - account management-group create
      Connection:
      - keep-alive
      Content-Length:
      - '144'
      Content-Type:
      - application/json; charset=utf-8
      ParameterSetName:
      - --name --parent
      User-Agent:
      - python/3.8.2 (Windows-10-10.0.19041-SP0) msrest/0.6.9 msrest_azure/0.6.3 azure-mgmt-managementgroups/0.2.0
        Azure-SDK-For-Python AZURECLI/2.8.0
      accept-language:
      - en-US
    method: PUT
    uri: https://management.azure.com/providers/Microsoft.Management/managementGroups/testcligetgroup3?api-version=2018-03-01-preview
  response:
    body:
      string: '{"id":"/providers/Microsoft.Management/managementGroups/testcligetgroup3","type":"/providers/Microsoft.Management/managementGroups","name":"testcligetgroup3","status":"NotStarted"}'
    headers:
      cache-control:
      - no-cache
      content-length:
      - '180'
      content-type:
      - application/json; charset=utf-8
      date:
      - Wed, 08 Jul 2020 04:13:35 GMT
      expires:
      - '-1'
      location:
      - https://management.azure.com/providers/Microsoft.Management/operationResults/create/managementGroups/testcligetgroup3?api-version=2018-03-01-preview
      pragma:
      - no-cache
      request-id:
      - 9f70a48d-ba0e-4bed-a264-b2c757404d77
      strict-transport-security:
      - max-age=31536000; includeSubDomains
      x-ba-restapi:
      - 1.0.3.1578
      x-content-type-options:
      - nosniff
      x-ms-ratelimit-remaining-tenant-writes:
      - '1199'
    status:
      code: 202
      message: Accepted
- request:
    body: null
    headers:
      Accept:
      - application/json
      Accept-Encoding:
      - gzip, deflate
      CommandName:
      - account management-group create
      Connection:
      - keep-alive
      ParameterSetName:
      - --name --parent
      User-Agent:
      - python/3.8.2 (Windows-10-10.0.19041-SP0) msrest/0.6.9 msrest_azure/0.6.3 azure-mgmt-managementgroups/0.2.0
        Azure-SDK-For-Python AZURECLI/2.8.0
    method: GET
    uri: https://management.azure.com/providers/Microsoft.Management/operationResults/create/managementGroups/testcligetgroup3?api-version=2018-03-01-preview
  response:
    body:
      string: '{"id":"/providers/Microsoft.Management/managementGroups/testcligetgroup3","type":"/providers/Microsoft.Management/managementGroups","name":"testcligetgroup3","status":"Running"}'
    headers:
      cache-control:
      - no-cache
      content-length:
      - '177'
      content-type:
      - application/json; charset=utf-8
      date:
      - Wed, 08 Jul 2020 04:13:45 GMT
      expires:
      - '-1'
      location:
      - https://management.azure.com/providers/Microsoft.Management/operationResults/create/managementGroups/testcligetgroup3?api-version=2018-03-01-preview
      pragma:
      - no-cache
      request-id:
      - 71e22d90-c63c-423a-8404-c8a1d3074e8b
      strict-transport-security:
      - max-age=31536000; includeSubDomains
      x-ba-restapi:
      - 1.0.3.1578
      x-content-type-options:
      - nosniff
    status:
      code: 202
      message: Accepted
- request:
    body: null
    headers:
      Accept:
      - application/json
      Accept-Encoding:
      - gzip, deflate
      CommandName:
      - account management-group create
      Connection:
      - keep-alive
      ParameterSetName:
      - --name --parent
      User-Agent:
      - python/3.8.2 (Windows-10-10.0.19041-SP0) msrest/0.6.9 msrest_azure/0.6.3 azure-mgmt-managementgroups/0.2.0
        Azure-SDK-For-Python AZURECLI/2.8.0
    method: GET
    uri: https://management.azure.com/providers/Microsoft.Management/operationResults/create/managementGroups/testcligetgroup3?api-version=2018-03-01-preview
  response:
    body:
      string: '{"id":"/providers/Microsoft.Management/managementGroups/testcligetgroup3","type":"/providers/Microsoft.Management/managementGroups","name":"testcligetgroup3","status":"Running"}'
    headers:
      cache-control:
      - no-cache
      content-length:
      - '177'
      content-type:
      - application/json; charset=utf-8
      date:
      - Wed, 08 Jul 2020 04:13:55 GMT
      expires:
      - '-1'
      location:
      - https://management.azure.com/providers/Microsoft.Management/operationResults/create/managementGroups/testcligetgroup3?api-version=2018-03-01-preview
      pragma:
      - no-cache
      request-id:
      - b4469be0-05b6-4c9d-a63d-614455799deb
      strict-transport-security:
      - max-age=31536000; includeSubDomains
      x-ba-restapi:
      - 1.0.3.1578
      x-content-type-options:
      - nosniff
    status:
      code: 202
      message: Accepted
- request:
    body: null
    headers:
      Accept:
      - application/json
      Accept-Encoding:
      - gzip, deflate
      CommandName:
      - account management-group create
      Connection:
      - keep-alive
      ParameterSetName:
      - --name --parent
      User-Agent:
      - python/3.8.2 (Windows-10-10.0.19041-SP0) msrest/0.6.9 msrest_azure/0.6.3 azure-mgmt-managementgroups/0.2.0
        Azure-SDK-For-Python AZURECLI/2.8.0
    method: GET
    uri: https://management.azure.com/providers/Microsoft.Management/operationResults/create/managementGroups/testcligetgroup3?api-version=2018-03-01-preview
  response:
    body:
      string: '{"id":"/providers/Microsoft.Management/managementGroups/testcligetgroup3","type":"/providers/Microsoft.Management/managementGroups","name":"testcligetgroup3","status":"Succeeded","properties":{"tenantId":"c445fb81-7c35-42a5-a47b-4686cb6946f7","displayName":"testcligetgroup3","details":{"version":2,"updatedTime":"2020-07-08T04:13:37.2587871Z","updatedBy":"d76d90a0-ab79-4214-86ad-241a0c7ecd85","parent":{"id":"/providers/Microsoft.Management/managementGroups/testcligetgroup2","name":"testcligetgroup2","displayName":"testcligetgroup2"}}}}'
    headers:
      cache-control:
      - no-cache
      content-length:
      - '540'
      content-type:
      - application/json; charset=utf-8
      date:
      - Wed, 08 Jul 2020 04:14:06 GMT
      expires:
      - '-1'
      pragma:
      - no-cache
      request-id:
      - 84cb15f7-5680-48ba-b2dc-0199a1b632e3
      strict-transport-security:
      - max-age=31536000; includeSubDomains
      transfer-encoding:
      - chunked
      vary:
      - Accept-Encoding,Accept-Encoding
      x-ba-restapi:
      - 1.0.3.1578
      x-content-type-options:
      - nosniff
    status:
      code: 200
      message: OK
- request:
    body: null
    headers:
      Accept:
      - application/json
      Accept-Encoding:
      - gzip, deflate
      CommandName:
      - account management-group create
      Connection:
      - keep-alive
      Content-Length:
      - '0'
      ParameterSetName:
      - --name --parent
      User-Agent:
      - python/3.8.2 (Windows-10-10.0.19041-SP0) msrest/0.6.9 msrest_azure/0.6.3 azure-mgmt-resource/10.1.0
        Azure-SDK-For-Python AZURECLI/2.8.0
      accept-language:
      - en-US
    method: POST
    uri: https://management.azure.com/subscriptions/00000000-0000-0000-0000-000000000000/providers/Microsoft.Management/register?api-version=2020-06-01
  response:
    body:
      string: '{"id":"/subscriptions/00000000-0000-0000-0000-000000000000/providers/Microsoft.Management","namespace":"Microsoft.Management","authorization":{"applicationId":"f2c304cf-8e7e-4c3f-8164-16299ad9d272","roleDefinitionId":"c1cf3708-588a-4647-be7f-f400bbe214cf"},"resourceTypes":[{"resourceType":"resources","locations":[],"apiVersions":["2017-11-01-preview","2017-08-31-preview","2017-06-30-preview","2017-05-31-preview"],"capabilities":"None"},{"resourceType":"managementGroups","locations":[],"apiVersions":["2020-05-01","2020-02-01","2019-11-01","2018-03-01-preview","2018-03-01-beta","2018-01-01-preview","2017-11-01-preview","2017-08-31-preview","2017-06-30-preview","2017-05-31-preview"],"capabilities":"None"},{"resourceType":"getEntities","locations":[],"apiVersions":["2020-05-01","2020-02-01","2019-11-01","2018-03-01-preview","2018-03-01-beta","2018-01-01-preview"],"capabilities":"None"},{"resourceType":"managementGroups/settings","locations":[],"apiVersions":["2020-05-01","2020-02-01","2018-03-01-beta"],"capabilities":"None"},{"resourceType":"checkNameAvailability","locations":[],"apiVersions":["2020-05-01","2020-02-01","2019-11-01","2018-03-01-preview","2018-03-01-beta","2018-01-01-preview"],"capabilities":"None"},{"resourceType":"operationResults","locations":[],"apiVersions":["2020-05-01","2020-02-01","2019-11-01","2018-03-01-preview","2018-03-01-beta","2018-01-01-preview"],"capabilities":"None"},{"resourceType":"operationResults/asyncOperation","locations":[],"apiVersions":["2020-05-01","2020-02-01","2019-11-01","2018-03-01-beta"],"capabilities":"None"},{"resourceType":"operations","locations":[],"apiVersions":["2020-05-01","2020-02-01","2019-11-01","2018-03-01-preview","2018-03-01-beta","2018-01-01-preview","2017-11-01-preview","2017-08-31-preview","2017-06-30-preview","2017-05-31-preview"],"capabilities":"None"},{"resourceType":"tenantBackfillStatus","locations":[],"apiVersions":["2020-05-01","2020-02-01","2019-11-01","2018-03-01-preview","2018-03-01-beta"],"capabilities":"None"},{"resourceType":"startTenantBackfill","locations":[],"apiVersions":["2020-05-01","2020-02-01","2019-11-01","2018-03-01-preview","2018-03-01-beta"],"capabilities":"None"}],"registrationState":"Registered","registrationPolicy":"RegistrationRequired"}'
    headers:
      cache-control:
      - no-cache
      content-length:
      - '2264'
      content-type:
      - application/json; charset=utf-8
      date:
      - Wed, 08 Jul 2020 04:14:09 GMT
      expires:
      - '-1'
      pragma:
      - no-cache
      strict-transport-security:
      - max-age=31536000; includeSubDomains
      transfer-encoding:
      - chunked
      vary:
      - Accept-Encoding
      x-content-type-options:
      - nosniff
      x-ms-ratelimit-remaining-subscription-writes:
      - '1199'
    status:
      code: 200
      message: OK
- request:
    body: null
    headers:
      Accept:
      - application/json
      Accept-Encoding:
      - gzip, deflate
      CommandName:
      - account management-group create
      Connection:
      - keep-alive
      ParameterSetName:
      - --name --parent
      User-Agent:
      - python/3.8.2 (Windows-10-10.0.19041-SP0) msrest/0.6.9 msrest_azure/0.6.3 azure-mgmt-resource/10.1.0
        Azure-SDK-For-Python AZURECLI/2.8.0
      accept-language:
      - en-US
    method: GET
    uri: https://management.azure.com/subscriptions/00000000-0000-0000-0000-000000000000/providers/Microsoft.Management?api-version=2020-06-01
  response:
    body:
      string: '{"id":"/subscriptions/00000000-0000-0000-0000-000000000000/providers/Microsoft.Management","namespace":"Microsoft.Management","authorization":{"applicationId":"f2c304cf-8e7e-4c3f-8164-16299ad9d272","roleDefinitionId":"c1cf3708-588a-4647-be7f-f400bbe214cf"},"resourceTypes":[{"resourceType":"resources","locations":[],"apiVersions":["2017-11-01-preview","2017-08-31-preview","2017-06-30-preview","2017-05-31-preview"],"capabilities":"None"},{"resourceType":"managementGroups","locations":[],"apiVersions":["2020-05-01","2020-02-01","2019-11-01","2018-03-01-preview","2018-03-01-beta","2018-01-01-preview","2017-11-01-preview","2017-08-31-preview","2017-06-30-preview","2017-05-31-preview"],"capabilities":"None"},{"resourceType":"getEntities","locations":[],"apiVersions":["2020-05-01","2020-02-01","2019-11-01","2018-03-01-preview","2018-03-01-beta","2018-01-01-preview"],"capabilities":"None"},{"resourceType":"managementGroups/settings","locations":[],"apiVersions":["2020-05-01","2020-02-01","2018-03-01-beta"],"capabilities":"None"},{"resourceType":"checkNameAvailability","locations":[],"apiVersions":["2020-05-01","2020-02-01","2019-11-01","2018-03-01-preview","2018-03-01-beta","2018-01-01-preview"],"capabilities":"None"},{"resourceType":"operationResults","locations":[],"apiVersions":["2020-05-01","2020-02-01","2019-11-01","2018-03-01-preview","2018-03-01-beta","2018-01-01-preview"],"capabilities":"None"},{"resourceType":"operationResults/asyncOperation","locations":[],"apiVersions":["2020-05-01","2020-02-01","2019-11-01","2018-03-01-beta"],"capabilities":"None"},{"resourceType":"operations","locations":[],"apiVersions":["2020-05-01","2020-02-01","2019-11-01","2018-03-01-preview","2018-03-01-beta","2018-01-01-preview","2017-11-01-preview","2017-08-31-preview","2017-06-30-preview","2017-05-31-preview"],"capabilities":"None"},{"resourceType":"tenantBackfillStatus","locations":[],"apiVersions":["2020-05-01","2020-02-01","2019-11-01","2018-03-01-preview","2018-03-01-beta"],"capabilities":"None"},{"resourceType":"startTenantBackfill","locations":[],"apiVersions":["2020-05-01","2020-02-01","2019-11-01","2018-03-01-preview","2018-03-01-beta"],"capabilities":"None"}],"registrationState":"Registered","registrationPolicy":"RegistrationRequired"}'
    headers:
      cache-control:
      - no-cache
      content-length:
      - '2264'
      content-type:
      - application/json; charset=utf-8
      date:
      - Wed, 08 Jul 2020 04:14:19 GMT
      expires:
      - '-1'
      pragma:
      - no-cache
      strict-transport-security:
      - max-age=31536000; includeSubDomains
      vary:
      - Accept-Encoding
      x-content-type-options:
      - nosniff
    status:
      code: 200
      message: OK
- request:
    body: '{"name": "testcligetgroup4", "properties": {"details": {"parent": {"id":
      "/providers/Microsoft.Management/managementGroups/testcligetgroup3"}}}}'
    headers:
      Accept:
      - application/json
      Accept-Encoding:
      - gzip, deflate
      Cache-Control:
      - no-cache
      CommandName:
      - account management-group create
      Connection:
      - keep-alive
      Content-Length:
      - '144'
      Content-Type:
      - application/json; charset=utf-8
      ParameterSetName:
      - --name --parent
      User-Agent:
      - python/3.8.2 (Windows-10-10.0.19041-SP0) msrest/0.6.9 msrest_azure/0.6.3 azure-mgmt-managementgroups/0.2.0
        Azure-SDK-For-Python AZURECLI/2.8.0
      accept-language:
      - en-US
    method: PUT
    uri: https://management.azure.com/providers/Microsoft.Management/managementGroups/testcligetgroup4?api-version=2018-03-01-preview
  response:
    body:
      string: '{"id":"/providers/Microsoft.Management/managementGroups/testcligetgroup4","type":"/providers/Microsoft.Management/managementGroups","name":"testcligetgroup4","status":"NotStarted"}'
    headers:
      cache-control:
      - no-cache
      content-length:
      - '180'
      content-type:
      - application/json; charset=utf-8
      date:
      - Wed, 08 Jul 2020 04:14:20 GMT
      expires:
      - '-1'
      location:
      - https://management.azure.com/providers/Microsoft.Management/operationResults/create/managementGroups/testcligetgroup4?api-version=2018-03-01-preview
      pragma:
      - no-cache
      request-id:
      - 3288bf31-5f87-4487-a2df-df7c0b40d9fb
      strict-transport-security:
      - max-age=31536000; includeSubDomains
      x-ba-restapi:
      - 1.0.3.1578
      x-content-type-options:
      - nosniff
      x-ms-ratelimit-remaining-tenant-writes:
      - '1199'
    status:
      code: 202
      message: Accepted
- request:
    body: null
    headers:
      Accept:
      - application/json
      Accept-Encoding:
      - gzip, deflate
      CommandName:
      - account management-group create
      Connection:
      - keep-alive
      ParameterSetName:
      - --name --parent
      User-Agent:
      - python/3.8.2 (Windows-10-10.0.19041-SP0) msrest/0.6.9 msrest_azure/0.6.3 azure-mgmt-managementgroups/0.2.0
        Azure-SDK-For-Python AZURECLI/2.8.0
    method: GET
    uri: https://management.azure.com/providers/Microsoft.Management/operationResults/create/managementGroups/testcligetgroup4?api-version=2018-03-01-preview
  response:
    body:
      string: '{"id":"/providers/Microsoft.Management/managementGroups/testcligetgroup4","type":"/providers/Microsoft.Management/managementGroups","name":"testcligetgroup4","status":"Running"}'
    headers:
      cache-control:
      - no-cache
      content-length:
      - '177'
      content-type:
      - application/json; charset=utf-8
      date:
      - Wed, 08 Jul 2020 04:14:30 GMT
      expires:
      - '-1'
      location:
      - https://management.azure.com/providers/Microsoft.Management/operationResults/create/managementGroups/testcligetgroup4?api-version=2018-03-01-preview
      pragma:
      - no-cache
      request-id:
      - fa52f42a-81e4-408d-9170-58778e9b7f90
      strict-transport-security:
      - max-age=31536000; includeSubDomains
      x-ba-restapi:
      - 1.0.3.1578
      x-content-type-options:
      - nosniff
    status:
      code: 202
      message: Accepted
- request:
    body: null
    headers:
      Accept:
      - application/json
      Accept-Encoding:
      - gzip, deflate
      CommandName:
      - account management-group create
      Connection:
      - keep-alive
      ParameterSetName:
      - --name --parent
      User-Agent:
      - python/3.8.2 (Windows-10-10.0.19041-SP0) msrest/0.6.9 msrest_azure/0.6.3 azure-mgmt-managementgroups/0.2.0
        Azure-SDK-For-Python AZURECLI/2.8.0
    method: GET
    uri: https://management.azure.com/providers/Microsoft.Management/operationResults/create/managementGroups/testcligetgroup4?api-version=2018-03-01-preview
  response:
    body:
      string: '{"id":"/providers/Microsoft.Management/managementGroups/testcligetgroup4","type":"/providers/Microsoft.Management/managementGroups","name":"testcligetgroup4","status":"Succeeded","properties":{"tenantId":"c445fb81-7c35-42a5-a47b-4686cb6946f7","displayName":"testcligetgroup4","details":{"version":1,"updatedTime":"2020-07-08T04:14:21.8695346Z","updatedBy":"d76d90a0-ab79-4214-86ad-241a0c7ecd85","parent":{"id":"/providers/Microsoft.Management/managementGroups/testcligetgroup3","name":"testcligetgroup3","displayName":"testcligetgroup3"}}}}'
    headers:
      cache-control:
      - no-cache
      content-length:
      - '540'
      content-type:
      - application/json; charset=utf-8
      date:
      - Wed, 08 Jul 2020 04:14:41 GMT
      expires:
      - '-1'
      pragma:
      - no-cache
      request-id:
      - 8f3d45c3-6c7a-49a1-a107-102f9d9e028e
      strict-transport-security:
      - max-age=31536000; includeSubDomains
      transfer-encoding:
      - chunked
      vary:
      - Accept-Encoding,Accept-Encoding
      x-ba-restapi:
      - 1.0.3.1578
      x-content-type-options:
      - nosniff
    status:
      code: 200
      message: OK
- request:
    body: null
    headers:
      Accept:
      - application/json
      Accept-Encoding:
      - gzip, deflate
      CommandName:
      - account management-group show
      Connection:
      - keep-alive
      Content-Length:
      - '0'
      ParameterSetName:
      - --name --expand --recurse
      User-Agent:
      - python/3.8.2 (Windows-10-10.0.19041-SP0) msrest/0.6.9 msrest_azure/0.6.3 azure-mgmt-resource/10.1.0
        Azure-SDK-For-Python AZURECLI/2.8.0
      accept-language:
      - en-US
    method: POST
    uri: https://management.azure.com/subscriptions/00000000-0000-0000-0000-000000000000/providers/Microsoft.Management/register?api-version=2020-06-01
  response:
    body:
      string: '{"id":"/subscriptions/00000000-0000-0000-0000-000000000000/providers/Microsoft.Management","namespace":"Microsoft.Management","authorization":{"applicationId":"f2c304cf-8e7e-4c3f-8164-16299ad9d272","roleDefinitionId":"c1cf3708-588a-4647-be7f-f400bbe214cf"},"resourceTypes":[{"resourceType":"resources","locations":[],"apiVersions":["2017-11-01-preview","2017-08-31-preview","2017-06-30-preview","2017-05-31-preview"],"capabilities":"None"},{"resourceType":"managementGroups","locations":[],"apiVersions":["2020-05-01","2020-02-01","2019-11-01","2018-03-01-preview","2018-03-01-beta","2018-01-01-preview","2017-11-01-preview","2017-08-31-preview","2017-06-30-preview","2017-05-31-preview"],"capabilities":"None"},{"resourceType":"getEntities","locations":[],"apiVersions":["2020-05-01","2020-02-01","2019-11-01","2018-03-01-preview","2018-03-01-beta","2018-01-01-preview"],"capabilities":"None"},{"resourceType":"managementGroups/settings","locations":[],"apiVersions":["2020-05-01","2020-02-01","2018-03-01-beta"],"capabilities":"None"},{"resourceType":"checkNameAvailability","locations":[],"apiVersions":["2020-05-01","2020-02-01","2019-11-01","2018-03-01-preview","2018-03-01-beta","2018-01-01-preview"],"capabilities":"None"},{"resourceType":"operationResults","locations":[],"apiVersions":["2020-05-01","2020-02-01","2019-11-01","2018-03-01-preview","2018-03-01-beta","2018-01-01-preview"],"capabilities":"None"},{"resourceType":"operationResults/asyncOperation","locations":[],"apiVersions":["2020-05-01","2020-02-01","2019-11-01","2018-03-01-beta"],"capabilities":"None"},{"resourceType":"operations","locations":[],"apiVersions":["2020-05-01","2020-02-01","2019-11-01","2018-03-01-preview","2018-03-01-beta","2018-01-01-preview","2017-11-01-preview","2017-08-31-preview","2017-06-30-preview","2017-05-31-preview"],"capabilities":"None"},{"resourceType":"tenantBackfillStatus","locations":[],"apiVersions":["2020-05-01","2020-02-01","2019-11-01","2018-03-01-preview","2018-03-01-beta"],"capabilities":"None"},{"resourceType":"startTenantBackfill","locations":[],"apiVersions":["2020-05-01","2020-02-01","2019-11-01","2018-03-01-preview","2018-03-01-beta"],"capabilities":"None"}],"registrationState":"Registered","registrationPolicy":"RegistrationRequired"}'
    headers:
      cache-control:
      - no-cache
      content-length:
      - '2264'
      content-type:
      - application/json; charset=utf-8
      date:
      - Wed, 08 Jul 2020 04:14:42 GMT
      expires:
      - '-1'
      pragma:
      - no-cache
      strict-transport-security:
      - max-age=31536000; includeSubDomains
      transfer-encoding:
      - chunked
      vary:
      - Accept-Encoding
      x-content-type-options:
      - nosniff
      x-ms-ratelimit-remaining-subscription-writes:
      - '1199'
    status:
      code: 200
      message: OK
- request:
    body: null
    headers:
      Accept:
      - application/json
      Accept-Encoding:
      - gzip, deflate
      CommandName:
      - account management-group show
      Connection:
      - keep-alive
      ParameterSetName:
      - --name --expand --recurse
      User-Agent:
      - python/3.8.2 (Windows-10-10.0.19041-SP0) msrest/0.6.9 msrest_azure/0.6.3 azure-mgmt-resource/10.1.0
        Azure-SDK-For-Python AZURECLI/2.8.0
      accept-language:
      - en-US
    method: GET
    uri: https://management.azure.com/subscriptions/00000000-0000-0000-0000-000000000000/providers/Microsoft.Management?api-version=2020-06-01
  response:
    body:
      string: '{"id":"/subscriptions/00000000-0000-0000-0000-000000000000/providers/Microsoft.Management","namespace":"Microsoft.Management","authorization":{"applicationId":"f2c304cf-8e7e-4c3f-8164-16299ad9d272","roleDefinitionId":"c1cf3708-588a-4647-be7f-f400bbe214cf"},"resourceTypes":[{"resourceType":"resources","locations":[],"apiVersions":["2017-11-01-preview","2017-08-31-preview","2017-06-30-preview","2017-05-31-preview"],"capabilities":"None"},{"resourceType":"managementGroups","locations":[],"apiVersions":["2020-05-01","2020-02-01","2019-11-01","2018-03-01-preview","2018-03-01-beta","2018-01-01-preview","2017-11-01-preview","2017-08-31-preview","2017-06-30-preview","2017-05-31-preview"],"capabilities":"None"},{"resourceType":"getEntities","locations":[],"apiVersions":["2020-05-01","2020-02-01","2019-11-01","2018-03-01-preview","2018-03-01-beta","2018-01-01-preview"],"capabilities":"None"},{"resourceType":"managementGroups/settings","locations":[],"apiVersions":["2020-05-01","2020-02-01","2018-03-01-beta"],"capabilities":"None"},{"resourceType":"checkNameAvailability","locations":[],"apiVersions":["2020-05-01","2020-02-01","2019-11-01","2018-03-01-preview","2018-03-01-beta","2018-01-01-preview"],"capabilities":"None"},{"resourceType":"operationResults","locations":[],"apiVersions":["2020-05-01","2020-02-01","2019-11-01","2018-03-01-preview","2018-03-01-beta","2018-01-01-preview"],"capabilities":"None"},{"resourceType":"operationResults/asyncOperation","locations":[],"apiVersions":["2020-05-01","2020-02-01","2019-11-01","2018-03-01-beta"],"capabilities":"None"},{"resourceType":"operations","locations":[],"apiVersions":["2020-05-01","2020-02-01","2019-11-01","2018-03-01-preview","2018-03-01-beta","2018-01-01-preview","2017-11-01-preview","2017-08-31-preview","2017-06-30-preview","2017-05-31-preview"],"capabilities":"None"},{"resourceType":"tenantBackfillStatus","locations":[],"apiVersions":["2020-05-01","2020-02-01","2019-11-01","2018-03-01-preview","2018-03-01-beta"],"capabilities":"None"},{"resourceType":"startTenantBackfill","locations":[],"apiVersions":["2020-05-01","2020-02-01","2019-11-01","2018-03-01-preview","2018-03-01-beta"],"capabilities":"None"}],"registrationState":"Registered","registrationPolicy":"RegistrationRequired"}'
    headers:
      cache-control:
      - no-cache
      content-length:
      - '2264'
      content-type:
      - application/json; charset=utf-8
      date:
      - Wed, 08 Jul 2020 04:14:53 GMT
      expires:
      - '-1'
      pragma:
      - no-cache
      strict-transport-security:
      - max-age=31536000; includeSubDomains
      vary:
      - Accept-Encoding
      x-content-type-options:
      - nosniff
    status:
      code: 200
      message: OK
- request:
    body: null
    headers:
      Accept:
      - application/json
      Accept-Encoding:
      - gzip, deflate
      Cache-Control:
      - no-cache
      CommandName:
      - account management-group show
      Connection:
      - keep-alive
      ParameterSetName:
      - --name --expand --recurse
      User-Agent:
      - python/3.8.2 (Windows-10-10.0.19041-SP0) msrest/0.6.9 msrest_azure/0.6.3 azure-mgmt-managementgroups/0.2.0
        Azure-SDK-For-Python AZURECLI/2.8.0
      accept-language:
      - en-US
    method: GET
    uri: https://management.azure.com/providers/Microsoft.Management/managementGroups/testcligetgroup2?api-version=2018-03-01-preview&$expand=children&$recurse=true
  response:
    body:
      string: '{"id":"/providers/Microsoft.Management/managementGroups/testcligetgroup2","type":"/providers/Microsoft.Management/managementGroups","name":"testcligetgroup2","properties":{"tenantId":"c445fb81-7c35-42a5-a47b-4686cb6946f7","displayName":"testcligetgroup2","details":{"version":0,"updatedTime":"0001-01-01T00:00:00","updatedBy":null,"parent":{"id":"/providers/Microsoft.Management/managementGroups/testcligetgroup1","name":"testcligetgroup1","displayName":"testcligetgroup1"}},"children":[{"id":"/providers/Microsoft.Management/managementGroups/testcligetgroup3","type":"/providers/Microsoft.Management/managementGroups","name":"testcligetgroup3","displayName":"testcligetgroup3","children":[{"id":"/providers/Microsoft.Management/managementGroups/testcligetgroup4","type":"/providers/Microsoft.Management/managementGroups","name":"testcligetgroup4","displayName":"testcligetgroup4"}]}]}}'
    headers:
      cache-control:
      - no-cache
      content-length:
      - '886'
      content-type:
      - application/json; charset=utf-8
      date:
      - Wed, 08 Jul 2020 04:14:53 GMT
      expires:
      - '-1'
      pragma:
      - no-cache
      request-id:
      - e9c915d3-2b65-448e-b340-0e05c5dc2260
      strict-transport-security:
      - max-age=31536000; includeSubDomains
      transfer-encoding:
      - chunked
      vary:
      - Accept-Encoding,Accept-Encoding
      x-ba-restapi:
      - 1.0.3.1578
      x-content-type-options:
      - nosniff
    status:
      code: 200
      message: OK
- request:
    body: null
    headers:
      Accept:
      - application/json
      Accept-Encoding:
      - gzip, deflate
      CommandName:
      - account management-group delete
      Connection:
      - keep-alive
      Content-Length:
      - '0'
      ParameterSetName:
      - --name
      User-Agent:
      - python/3.8.2 (Windows-10-10.0.19041-SP0) msrest/0.6.9 msrest_azure/0.6.3 azure-mgmt-resource/10.1.0
        Azure-SDK-For-Python AZURECLI/2.8.0
      accept-language:
      - en-US
    method: POST
    uri: https://management.azure.com/subscriptions/00000000-0000-0000-0000-000000000000/providers/Microsoft.Management/register?api-version=2020-06-01
  response:
    body:
      string: '{"id":"/subscriptions/00000000-0000-0000-0000-000000000000/providers/Microsoft.Management","namespace":"Microsoft.Management","authorization":{"applicationId":"f2c304cf-8e7e-4c3f-8164-16299ad9d272","roleDefinitionId":"c1cf3708-588a-4647-be7f-f400bbe214cf"},"resourceTypes":[{"resourceType":"resources","locations":[],"apiVersions":["2017-11-01-preview","2017-08-31-preview","2017-06-30-preview","2017-05-31-preview"],"capabilities":"None"},{"resourceType":"managementGroups","locations":[],"apiVersions":["2020-05-01","2020-02-01","2019-11-01","2018-03-01-preview","2018-03-01-beta","2018-01-01-preview","2017-11-01-preview","2017-08-31-preview","2017-06-30-preview","2017-05-31-preview"],"capabilities":"None"},{"resourceType":"getEntities","locations":[],"apiVersions":["2020-05-01","2020-02-01","2019-11-01","2018-03-01-preview","2018-03-01-beta","2018-01-01-preview"],"capabilities":"None"},{"resourceType":"managementGroups/settings","locations":[],"apiVersions":["2020-05-01","2020-02-01","2018-03-01-beta"],"capabilities":"None"},{"resourceType":"checkNameAvailability","locations":[],"apiVersions":["2020-05-01","2020-02-01","2019-11-01","2018-03-01-preview","2018-03-01-beta","2018-01-01-preview"],"capabilities":"None"},{"resourceType":"operationResults","locations":[],"apiVersions":["2020-05-01","2020-02-01","2019-11-01","2018-03-01-preview","2018-03-01-beta","2018-01-01-preview"],"capabilities":"None"},{"resourceType":"operationResults/asyncOperation","locations":[],"apiVersions":["2020-05-01","2020-02-01","2019-11-01","2018-03-01-beta"],"capabilities":"None"},{"resourceType":"operations","locations":[],"apiVersions":["2020-05-01","2020-02-01","2019-11-01","2018-03-01-preview","2018-03-01-beta","2018-01-01-preview","2017-11-01-preview","2017-08-31-preview","2017-06-30-preview","2017-05-31-preview"],"capabilities":"None"},{"resourceType":"tenantBackfillStatus","locations":[],"apiVersions":["2020-05-01","2020-02-01","2019-11-01","2018-03-01-preview","2018-03-01-beta"],"capabilities":"None"},{"resourceType":"startTenantBackfill","locations":[],"apiVersions":["2020-05-01","2020-02-01","2019-11-01","2018-03-01-preview","2018-03-01-beta"],"capabilities":"None"}],"registrationState":"Registered","registrationPolicy":"RegistrationRequired"}'
    headers:
      cache-control:
      - no-cache
      content-length:
      - '2264'
      content-type:
      - application/json; charset=utf-8
      date:
      - Wed, 08 Jul 2020 04:14:55 GMT
      expires:
      - '-1'
      pragma:
      - no-cache
      strict-transport-security:
      - max-age=31536000; includeSubDomains
      transfer-encoding:
      - chunked
      vary:
      - Accept-Encoding
      x-content-type-options:
      - nosniff
      x-ms-ratelimit-remaining-subscription-writes:
      - '1199'
    status:
      code: 200
      message: OK
- request:
    body: null
    headers:
      Accept:
      - application/json
      Accept-Encoding:
      - gzip, deflate
      CommandName:
      - account management-group delete
      Connection:
      - keep-alive
      ParameterSetName:
      - --name
      User-Agent:
      - python/3.8.2 (Windows-10-10.0.19041-SP0) msrest/0.6.9 msrest_azure/0.6.3 azure-mgmt-resource/10.1.0
        Azure-SDK-For-Python AZURECLI/2.8.0
      accept-language:
      - en-US
    method: GET
    uri: https://management.azure.com/subscriptions/00000000-0000-0000-0000-000000000000/providers/Microsoft.Management?api-version=2020-06-01
  response:
    body:
      string: '{"id":"/subscriptions/00000000-0000-0000-0000-000000000000/providers/Microsoft.Management","namespace":"Microsoft.Management","authorization":{"applicationId":"f2c304cf-8e7e-4c3f-8164-16299ad9d272","roleDefinitionId":"c1cf3708-588a-4647-be7f-f400bbe214cf"},"resourceTypes":[{"resourceType":"resources","locations":[],"apiVersions":["2017-11-01-preview","2017-08-31-preview","2017-06-30-preview","2017-05-31-preview"],"capabilities":"None"},{"resourceType":"managementGroups","locations":[],"apiVersions":["2020-05-01","2020-02-01","2019-11-01","2018-03-01-preview","2018-03-01-beta","2018-01-01-preview","2017-11-01-preview","2017-08-31-preview","2017-06-30-preview","2017-05-31-preview"],"capabilities":"None"},{"resourceType":"getEntities","locations":[],"apiVersions":["2020-05-01","2020-02-01","2019-11-01","2018-03-01-preview","2018-03-01-beta","2018-01-01-preview"],"capabilities":"None"},{"resourceType":"managementGroups/settings","locations":[],"apiVersions":["2020-05-01","2020-02-01","2018-03-01-beta"],"capabilities":"None"},{"resourceType":"checkNameAvailability","locations":[],"apiVersions":["2020-05-01","2020-02-01","2019-11-01","2018-03-01-preview","2018-03-01-beta","2018-01-01-preview"],"capabilities":"None"},{"resourceType":"operationResults","locations":[],"apiVersions":["2020-05-01","2020-02-01","2019-11-01","2018-03-01-preview","2018-03-01-beta","2018-01-01-preview"],"capabilities":"None"},{"resourceType":"operationResults/asyncOperation","locations":[],"apiVersions":["2020-05-01","2020-02-01","2019-11-01","2018-03-01-beta"],"capabilities":"None"},{"resourceType":"operations","locations":[],"apiVersions":["2020-05-01","2020-02-01","2019-11-01","2018-03-01-preview","2018-03-01-beta","2018-01-01-preview","2017-11-01-preview","2017-08-31-preview","2017-06-30-preview","2017-05-31-preview"],"capabilities":"None"},{"resourceType":"tenantBackfillStatus","locations":[],"apiVersions":["2020-05-01","2020-02-01","2019-11-01","2018-03-01-preview","2018-03-01-beta"],"capabilities":"None"},{"resourceType":"startTenantBackfill","locations":[],"apiVersions":["2020-05-01","2020-02-01","2019-11-01","2018-03-01-preview","2018-03-01-beta"],"capabilities":"None"}],"registrationState":"Registered","registrationPolicy":"RegistrationRequired"}'
    headers:
      cache-control:
      - no-cache
      content-length:
      - '2264'
      content-type:
      - application/json; charset=utf-8
      date:
      - Wed, 08 Jul 2020 04:15:04 GMT
      expires:
      - '-1'
      pragma:
      - no-cache
      strict-transport-security:
      - max-age=31536000; includeSubDomains
      vary:
      - Accept-Encoding
      x-content-type-options:
      - nosniff
    status:
      code: 200
      message: OK
- request:
    body: null
    headers:
      Accept:
      - application/json
      Accept-Encoding:
      - gzip, deflate
      Cache-Control:
      - no-cache
      CommandName:
      - account management-group delete
      Connection:
      - keep-alive
      Content-Length:
      - '0'
      ParameterSetName:
      - --name
      User-Agent:
      - python/3.8.2 (Windows-10-10.0.19041-SP0) msrest/0.6.9 msrest_azure/0.6.3 azure-mgmt-managementgroups/0.2.0
        Azure-SDK-For-Python AZURECLI/2.8.0
      accept-language:
      - en-US
    method: DELETE
    uri: https://management.azure.com/providers/Microsoft.Management/managementGroups/testcligetgroup4?api-version=2018-03-01-preview
  response:
    body:
      string: '{"id":"/providers/Microsoft.Management/managementGroups/testcligetgroup4","type":"/providers/Microsoft.Management/managementGroups","name":"testcligetgroup4","status":"NotStarted"}'
    headers:
      cache-control:
      - no-cache
      content-length:
      - '180'
      content-type:
      - application/json; charset=utf-8
      date:
      - Wed, 08 Jul 2020 04:15:06 GMT
      expires:
      - '-1'
      location:
      - https://management.azure.com/providers/Microsoft.Management/operationResults/delete/managementGroups/testcligetgroup4?api-version=2018-03-01-preview
      pragma:
      - no-cache
      request-id:
      - d4e86fe4-aa6f-4f5f-be33-01c91c4450d1
      strict-transport-security:
      - max-age=31536000; includeSubDomains
      x-ba-restapi:
      - 1.0.3.1578
      x-content-type-options:
      - nosniff
      x-ms-ratelimit-remaining-tenant-deletes:
      - '14999'
    status:
      code: 202
      message: Accepted
- request:
    body: null
    headers:
      Accept:
      - application/json
      Accept-Encoding:
      - gzip, deflate
      CommandName:
      - account management-group delete
      Connection:
      - keep-alive
      ParameterSetName:
      - --name
      User-Agent:
      - python/3.8.2 (Windows-10-10.0.19041-SP0) msrest/0.6.9 msrest_azure/0.6.3 azure-mgmt-managementgroups/0.2.0
        Azure-SDK-For-Python AZURECLI/2.8.0
    method: GET
    uri: https://management.azure.com/providers/Microsoft.Management/operationResults/delete/managementGroups/testcligetgroup4?api-version=2018-03-01-preview
  response:
    body:
      string: '{"id":"/providers/Microsoft.Management/managementGroups/testcligetgroup4","type":"/providers/Microsoft.Management/managementGroups","name":"testcligetgroup4","status":"Succeeded"}'
    headers:
      cache-control:
      - no-cache
      content-length:
      - '179'
      content-type:
      - application/json; charset=utf-8
      date:
      - Wed, 08 Jul 2020 04:15:16 GMT
      expires:
      - '-1'
      pragma:
      - no-cache
      request-id:
      - d12ab973-21bd-4ea6-be4b-b44109d06184
      strict-transport-security:
      - max-age=31536000; includeSubDomains
      transfer-encoding:
      - chunked
      vary:
      - Accept-Encoding,Accept-Encoding
      x-ba-restapi:
      - 1.0.3.1578
      x-content-type-options:
      - nosniff
    status:
      code: 200
      message: OK
- request:
    body: null
    headers:
      Accept:
      - application/json
      Accept-Encoding:
      - gzip, deflate
      CommandName:
      - account management-group delete
      Connection:
      - keep-alive
      Content-Length:
      - '0'
      ParameterSetName:
      - --name
      User-Agent:
      - python/3.8.2 (Windows-10-10.0.19041-SP0) msrest/0.6.9 msrest_azure/0.6.3 azure-mgmt-resource/10.1.0
        Azure-SDK-For-Python AZURECLI/2.8.0
      accept-language:
      - en-US
    method: POST
    uri: https://management.azure.com/subscriptions/00000000-0000-0000-0000-000000000000/providers/Microsoft.Management/register?api-version=2020-06-01
  response:
    body:
      string: '{"id":"/subscriptions/00000000-0000-0000-0000-000000000000/providers/Microsoft.Management","namespace":"Microsoft.Management","authorization":{"applicationId":"f2c304cf-8e7e-4c3f-8164-16299ad9d272","roleDefinitionId":"c1cf3708-588a-4647-be7f-f400bbe214cf"},"resourceTypes":[{"resourceType":"resources","locations":[],"apiVersions":["2017-11-01-preview","2017-08-31-preview","2017-06-30-preview","2017-05-31-preview"],"capabilities":"None"},{"resourceType":"managementGroups","locations":[],"apiVersions":["2020-05-01","2020-02-01","2019-11-01","2018-03-01-preview","2018-03-01-beta","2018-01-01-preview","2017-11-01-preview","2017-08-31-preview","2017-06-30-preview","2017-05-31-preview"],"capabilities":"None"},{"resourceType":"getEntities","locations":[],"apiVersions":["2020-05-01","2020-02-01","2019-11-01","2018-03-01-preview","2018-03-01-beta","2018-01-01-preview"],"capabilities":"None"},{"resourceType":"managementGroups/settings","locations":[],"apiVersions":["2020-05-01","2020-02-01","2018-03-01-beta"],"capabilities":"None"},{"resourceType":"checkNameAvailability","locations":[],"apiVersions":["2020-05-01","2020-02-01","2019-11-01","2018-03-01-preview","2018-03-01-beta","2018-01-01-preview"],"capabilities":"None"},{"resourceType":"operationResults","locations":[],"apiVersions":["2020-05-01","2020-02-01","2019-11-01","2018-03-01-preview","2018-03-01-beta","2018-01-01-preview"],"capabilities":"None"},{"resourceType":"operationResults/asyncOperation","locations":[],"apiVersions":["2020-05-01","2020-02-01","2019-11-01","2018-03-01-beta"],"capabilities":"None"},{"resourceType":"operations","locations":[],"apiVersions":["2020-05-01","2020-02-01","2019-11-01","2018-03-01-preview","2018-03-01-beta","2018-01-01-preview","2017-11-01-preview","2017-08-31-preview","2017-06-30-preview","2017-05-31-preview"],"capabilities":"None"},{"resourceType":"tenantBackfillStatus","locations":[],"apiVersions":["2020-05-01","2020-02-01","2019-11-01","2018-03-01-preview","2018-03-01-beta"],"capabilities":"None"},{"resourceType":"startTenantBackfill","locations":[],"apiVersions":["2020-05-01","2020-02-01","2019-11-01","2018-03-01-preview","2018-03-01-beta"],"capabilities":"None"}],"registrationState":"Registered","registrationPolicy":"RegistrationRequired"}'
    headers:
      cache-control:
      - no-cache
      content-length:
      - '2264'
      content-type:
      - application/json; charset=utf-8
      date:
      - Wed, 08 Jul 2020 04:15:20 GMT
      expires:
      - '-1'
      pragma:
      - no-cache
      strict-transport-security:
      - max-age=31536000; includeSubDomains
      transfer-encoding:
      - chunked
      vary:
      - Accept-Encoding
      x-content-type-options:
      - nosniff
      x-ms-ratelimit-remaining-subscription-writes:
      - '1199'
    status:
      code: 200
      message: OK
- request:
    body: null
    headers:
      Accept:
      - application/json
      Accept-Encoding:
      - gzip, deflate
      CommandName:
      - account management-group delete
      Connection:
      - keep-alive
      ParameterSetName:
      - --name
      User-Agent:
      - python/3.8.2 (Windows-10-10.0.19041-SP0) msrest/0.6.9 msrest_azure/0.6.3 azure-mgmt-resource/10.1.0
        Azure-SDK-For-Python AZURECLI/2.8.0
      accept-language:
      - en-US
    method: GET
    uri: https://management.azure.com/subscriptions/00000000-0000-0000-0000-000000000000/providers/Microsoft.Management?api-version=2020-06-01
  response:
    body:
      string: '{"id":"/subscriptions/00000000-0000-0000-0000-000000000000/providers/Microsoft.Management","namespace":"Microsoft.Management","authorization":{"applicationId":"f2c304cf-8e7e-4c3f-8164-16299ad9d272","roleDefinitionId":"c1cf3708-588a-4647-be7f-f400bbe214cf"},"resourceTypes":[{"resourceType":"resources","locations":[],"apiVersions":["2017-11-01-preview","2017-08-31-preview","2017-06-30-preview","2017-05-31-preview"],"capabilities":"None"},{"resourceType":"managementGroups","locations":[],"apiVersions":["2020-05-01","2020-02-01","2019-11-01","2018-03-01-preview","2018-03-01-beta","2018-01-01-preview","2017-11-01-preview","2017-08-31-preview","2017-06-30-preview","2017-05-31-preview"],"capabilities":"None"},{"resourceType":"getEntities","locations":[],"apiVersions":["2020-05-01","2020-02-01","2019-11-01","2018-03-01-preview","2018-03-01-beta","2018-01-01-preview"],"capabilities":"None"},{"resourceType":"managementGroups/settings","locations":[],"apiVersions":["2020-05-01","2020-02-01","2018-03-01-beta"],"capabilities":"None"},{"resourceType":"checkNameAvailability","locations":[],"apiVersions":["2020-05-01","2020-02-01","2019-11-01","2018-03-01-preview","2018-03-01-beta","2018-01-01-preview"],"capabilities":"None"},{"resourceType":"operationResults","locations":[],"apiVersions":["2020-05-01","2020-02-01","2019-11-01","2018-03-01-preview","2018-03-01-beta","2018-01-01-preview"],"capabilities":"None"},{"resourceType":"operationResults/asyncOperation","locations":[],"apiVersions":["2020-05-01","2020-02-01","2019-11-01","2018-03-01-beta"],"capabilities":"None"},{"resourceType":"operations","locations":[],"apiVersions":["2020-05-01","2020-02-01","2019-11-01","2018-03-01-preview","2018-03-01-beta","2018-01-01-preview","2017-11-01-preview","2017-08-31-preview","2017-06-30-preview","2017-05-31-preview"],"capabilities":"None"},{"resourceType":"tenantBackfillStatus","locations":[],"apiVersions":["2020-05-01","2020-02-01","2019-11-01","2018-03-01-preview","2018-03-01-beta"],"capabilities":"None"},{"resourceType":"startTenantBackfill","locations":[],"apiVersions":["2020-05-01","2020-02-01","2019-11-01","2018-03-01-preview","2018-03-01-beta"],"capabilities":"None"}],"registrationState":"Registered","registrationPolicy":"RegistrationRequired"}'
    headers:
      cache-control:
      - no-cache
      content-length:
      - '2264'
      content-type:
      - application/json; charset=utf-8
      date:
      - Wed, 08 Jul 2020 04:15:30 GMT
      expires:
      - '-1'
      pragma:
      - no-cache
      strict-transport-security:
      - max-age=31536000; includeSubDomains
      vary:
      - Accept-Encoding
      x-content-type-options:
      - nosniff
    status:
      code: 200
      message: OK
- request:
    body: null
    headers:
      Accept:
      - application/json
      Accept-Encoding:
      - gzip, deflate
      Cache-Control:
      - no-cache
      CommandName:
      - account management-group delete
      Connection:
      - keep-alive
      Content-Length:
      - '0'
      ParameterSetName:
      - --name
      User-Agent:
      - python/3.8.2 (Windows-10-10.0.19041-SP0) msrest/0.6.9 msrest_azure/0.6.3 azure-mgmt-managementgroups/0.2.0
        Azure-SDK-For-Python AZURECLI/2.8.0
      accept-language:
      - en-US
    method: DELETE
    uri: https://management.azure.com/providers/Microsoft.Management/managementGroups/testcligetgroup3?api-version=2018-03-01-preview
  response:
    body:
      string: '{"id":"/providers/Microsoft.Management/managementGroups/testcligetgroup3","type":"/providers/Microsoft.Management/managementGroups","name":"testcligetgroup3","status":"NotStarted"}'
    headers:
      cache-control:
      - no-cache
      content-length:
      - '180'
      content-type:
      - application/json; charset=utf-8
      date:
      - Wed, 08 Jul 2020 04:15:31 GMT
      expires:
      - '-1'
      location:
      - https://management.azure.com/providers/Microsoft.Management/operationResults/delete/managementGroups/testcligetgroup3?api-version=2018-03-01-preview
      pragma:
      - no-cache
      request-id:
      - 29954b84-d4af-4136-a591-3f9941eac6ae
      strict-transport-security:
      - max-age=31536000; includeSubDomains
      x-ba-restapi:
      - 1.0.3.1578
      x-content-type-options:
      - nosniff
      x-ms-ratelimit-remaining-tenant-deletes:
      - '14999'
    status:
      code: 202
      message: Accepted
- request:
    body: null
    headers:
      Accept:
      - application/json
      Accept-Encoding:
      - gzip, deflate
      CommandName:
      - account management-group delete
      Connection:
      - keep-alive
      ParameterSetName:
      - --name
      User-Agent:
      - python/3.8.2 (Windows-10-10.0.19041-SP0) msrest/0.6.9 msrest_azure/0.6.3 azure-mgmt-managementgroups/0.2.0
        Azure-SDK-For-Python AZURECLI/2.8.0
    method: GET
    uri: https://management.azure.com/providers/Microsoft.Management/operationResults/delete/managementGroups/testcligetgroup3?api-version=2018-03-01-preview
  response:
    body:
      string: '{"id":"/providers/Microsoft.Management/managementGroups/testcligetgroup3","type":"/providers/Microsoft.Management/managementGroups","name":"testcligetgroup3","status":"Running"}'
    headers:
      cache-control:
      - no-cache
      content-length:
      - '177'
      content-type:
      - application/json; charset=utf-8
      date:
      - Wed, 08 Jul 2020 04:15:42 GMT
      expires:
      - '-1'
      location:
      - https://management.azure.com/providers/Microsoft.Management/operationResults/delete/managementGroups/testcligetgroup3?api-version=2018-03-01-preview
      pragma:
      - no-cache
      request-id:
      - 4068a86d-2c50-4c4f-aa6a-bf1adcb0f280
      strict-transport-security:
      - max-age=31536000; includeSubDomains
      x-ba-restapi:
      - 1.0.3.1578
      x-content-type-options:
      - nosniff
    status:
      code: 202
      message: Accepted
- request:
    body: null
    headers:
      Accept:
      - application/json
      Accept-Encoding:
      - gzip, deflate
      CommandName:
      - account management-group delete
      Connection:
      - keep-alive
      ParameterSetName:
      - --name
      User-Agent:
      - python/3.8.2 (Windows-10-10.0.19041-SP0) msrest/0.6.9 msrest_azure/0.6.3 azure-mgmt-managementgroups/0.2.0
        Azure-SDK-For-Python AZURECLI/2.8.0
    method: GET
    uri: https://management.azure.com/providers/Microsoft.Management/operationResults/delete/managementGroups/testcligetgroup3?api-version=2018-03-01-preview
  response:
    body:
      string: '{"id":"/providers/Microsoft.Management/managementGroups/testcligetgroup3","type":"/providers/Microsoft.Management/managementGroups","name":"testcligetgroup3","status":"Succeeded"}'
    headers:
      cache-control:
      - no-cache
      content-length:
      - '179'
      content-type:
      - application/json; charset=utf-8
      date:
      - Wed, 08 Jul 2020 04:15:52 GMT
      expires:
      - '-1'
      pragma:
      - no-cache
      request-id:
      - f35eb3a1-6f49-4624-8526-e9a822651594
      strict-transport-security:
      - max-age=31536000; includeSubDomains
      transfer-encoding:
      - chunked
      vary:
      - Accept-Encoding,Accept-Encoding
      x-ba-restapi:
      - 1.0.3.1578
      x-content-type-options:
      - nosniff
    status:
      code: 200
      message: OK
- request:
    body: null
    headers:
      Accept:
      - application/json
      Accept-Encoding:
      - gzip, deflate
      CommandName:
      - account management-group delete
      Connection:
      - keep-alive
      Content-Length:
      - '0'
      ParameterSetName:
      - --name
      User-Agent:
      - python/3.8.2 (Windows-10-10.0.19041-SP0) msrest/0.6.9 msrest_azure/0.6.3 azure-mgmt-resource/10.1.0
        Azure-SDK-For-Python AZURECLI/2.8.0
      accept-language:
      - en-US
    method: POST
    uri: https://management.azure.com/subscriptions/00000000-0000-0000-0000-000000000000/providers/Microsoft.Management/register?api-version=2020-06-01
  response:
    body:
      string: '{"id":"/subscriptions/00000000-0000-0000-0000-000000000000/providers/Microsoft.Management","namespace":"Microsoft.Management","authorization":{"applicationId":"f2c304cf-8e7e-4c3f-8164-16299ad9d272","roleDefinitionId":"c1cf3708-588a-4647-be7f-f400bbe214cf"},"resourceTypes":[{"resourceType":"resources","locations":[],"apiVersions":["2017-11-01-preview","2017-08-31-preview","2017-06-30-preview","2017-05-31-preview"],"capabilities":"None"},{"resourceType":"managementGroups","locations":[],"apiVersions":["2020-05-01","2020-02-01","2019-11-01","2018-03-01-preview","2018-03-01-beta","2018-01-01-preview","2017-11-01-preview","2017-08-31-preview","2017-06-30-preview","2017-05-31-preview"],"capabilities":"None"},{"resourceType":"getEntities","locations":[],"apiVersions":["2020-05-01","2020-02-01","2019-11-01","2018-03-01-preview","2018-03-01-beta","2018-01-01-preview"],"capabilities":"None"},{"resourceType":"managementGroups/settings","locations":[],"apiVersions":["2020-05-01","2020-02-01","2018-03-01-beta"],"capabilities":"None"},{"resourceType":"checkNameAvailability","locations":[],"apiVersions":["2020-05-01","2020-02-01","2019-11-01","2018-03-01-preview","2018-03-01-beta","2018-01-01-preview"],"capabilities":"None"},{"resourceType":"operationResults","locations":[],"apiVersions":["2020-05-01","2020-02-01","2019-11-01","2018-03-01-preview","2018-03-01-beta","2018-01-01-preview"],"capabilities":"None"},{"resourceType":"operationResults/asyncOperation","locations":[],"apiVersions":["2020-05-01","2020-02-01","2019-11-01","2018-03-01-beta"],"capabilities":"None"},{"resourceType":"operations","locations":[],"apiVersions":["2020-05-01","2020-02-01","2019-11-01","2018-03-01-preview","2018-03-01-beta","2018-01-01-preview","2017-11-01-preview","2017-08-31-preview","2017-06-30-preview","2017-05-31-preview"],"capabilities":"None"},{"resourceType":"tenantBackfillStatus","locations":[],"apiVersions":["2020-05-01","2020-02-01","2019-11-01","2018-03-01-preview","2018-03-01-beta"],"capabilities":"None"},{"resourceType":"startTenantBackfill","locations":[],"apiVersions":["2020-05-01","2020-02-01","2019-11-01","2018-03-01-preview","2018-03-01-beta"],"capabilities":"None"}],"registrationState":"Registered","registrationPolicy":"RegistrationRequired"}'
    headers:
      cache-control:
      - no-cache
      content-length:
      - '2264'
      content-type:
      - application/json; charset=utf-8
      date:
      - Wed, 08 Jul 2020 04:15:54 GMT
      expires:
      - '-1'
      pragma:
      - no-cache
      strict-transport-security:
      - max-age=31536000; includeSubDomains
      transfer-encoding:
      - chunked
      vary:
      - Accept-Encoding
      x-content-type-options:
      - nosniff
      x-ms-ratelimit-remaining-subscription-writes:
      - '1199'
    status:
      code: 200
      message: OK
- request:
    body: null
    headers:
      Accept:
      - application/json
      Accept-Encoding:
      - gzip, deflate
      CommandName:
      - account management-group delete
      Connection:
      - keep-alive
      ParameterSetName:
      - --name
      User-Agent:
      - python/3.8.2 (Windows-10-10.0.19041-SP0) msrest/0.6.9 msrest_azure/0.6.3 azure-mgmt-resource/10.1.0
        Azure-SDK-For-Python AZURECLI/2.8.0
      accept-language:
      - en-US
    method: GET
    uri: https://management.azure.com/subscriptions/00000000-0000-0000-0000-000000000000/providers/Microsoft.Management?api-version=2020-06-01
  response:
    body:
      string: '{"id":"/subscriptions/00000000-0000-0000-0000-000000000000/providers/Microsoft.Management","namespace":"Microsoft.Management","authorization":{"applicationId":"f2c304cf-8e7e-4c3f-8164-16299ad9d272","roleDefinitionId":"c1cf3708-588a-4647-be7f-f400bbe214cf"},"resourceTypes":[{"resourceType":"resources","locations":[],"apiVersions":["2017-11-01-preview","2017-08-31-preview","2017-06-30-preview","2017-05-31-preview"],"capabilities":"None"},{"resourceType":"managementGroups","locations":[],"apiVersions":["2020-05-01","2020-02-01","2019-11-01","2018-03-01-preview","2018-03-01-beta","2018-01-01-preview","2017-11-01-preview","2017-08-31-preview","2017-06-30-preview","2017-05-31-preview"],"capabilities":"None"},{"resourceType":"getEntities","locations":[],"apiVersions":["2020-05-01","2020-02-01","2019-11-01","2018-03-01-preview","2018-03-01-beta","2018-01-01-preview"],"capabilities":"None"},{"resourceType":"managementGroups/settings","locations":[],"apiVersions":["2020-05-01","2020-02-01","2018-03-01-beta"],"capabilities":"None"},{"resourceType":"checkNameAvailability","locations":[],"apiVersions":["2020-05-01","2020-02-01","2019-11-01","2018-03-01-preview","2018-03-01-beta","2018-01-01-preview"],"capabilities":"None"},{"resourceType":"operationResults","locations":[],"apiVersions":["2020-05-01","2020-02-01","2019-11-01","2018-03-01-preview","2018-03-01-beta","2018-01-01-preview"],"capabilities":"None"},{"resourceType":"operationResults/asyncOperation","locations":[],"apiVersions":["2020-05-01","2020-02-01","2019-11-01","2018-03-01-beta"],"capabilities":"None"},{"resourceType":"operations","locations":[],"apiVersions":["2020-05-01","2020-02-01","2019-11-01","2018-03-01-preview","2018-03-01-beta","2018-01-01-preview","2017-11-01-preview","2017-08-31-preview","2017-06-30-preview","2017-05-31-preview"],"capabilities":"None"},{"resourceType":"tenantBackfillStatus","locations":[],"apiVersions":["2020-05-01","2020-02-01","2019-11-01","2018-03-01-preview","2018-03-01-beta"],"capabilities":"None"},{"resourceType":"startTenantBackfill","locations":[],"apiVersions":["2020-05-01","2020-02-01","2019-11-01","2018-03-01-preview","2018-03-01-beta"],"capabilities":"None"}],"registrationState":"Registered","registrationPolicy":"RegistrationRequired"}'
    headers:
      cache-control:
      - no-cache
      content-length:
      - '2264'
      content-type:
      - application/json; charset=utf-8
      date:
      - Wed, 08 Jul 2020 04:16:04 GMT
      expires:
      - '-1'
      pragma:
      - no-cache
      strict-transport-security:
      - max-age=31536000; includeSubDomains
      vary:
      - Accept-Encoding
      x-content-type-options:
      - nosniff
    status:
      code: 200
      message: OK
- request:
    body: null
    headers:
      Accept:
      - application/json
      Accept-Encoding:
      - gzip, deflate
      Cache-Control:
      - no-cache
      CommandName:
      - account management-group delete
      Connection:
      - keep-alive
      Content-Length:
      - '0'
      ParameterSetName:
      - --name
      User-Agent:
      - python/3.8.2 (Windows-10-10.0.19041-SP0) msrest/0.6.9 msrest_azure/0.6.3 azure-mgmt-managementgroups/0.2.0
        Azure-SDK-For-Python AZURECLI/2.8.0
      accept-language:
      - en-US
    method: DELETE
    uri: https://management.azure.com/providers/Microsoft.Management/managementGroups/testcligetgroup2?api-version=2018-03-01-preview
  response:
    body:
      string: '{"id":"/providers/Microsoft.Management/managementGroups/testcligetgroup2","type":"/providers/Microsoft.Management/managementGroups","name":"testcligetgroup2","status":"NotStarted"}'
    headers:
      cache-control:
      - no-cache
      content-length:
      - '180'
      content-type:
      - application/json; charset=utf-8
      date:
      - Wed, 08 Jul 2020 04:16:06 GMT
      expires:
      - '-1'
      location:
      - https://management.azure.com/providers/Microsoft.Management/operationResults/delete/managementGroups/testcligetgroup2?api-version=2018-03-01-preview
      pragma:
      - no-cache
      request-id:
      - df06481f-d352-4722-a874-6ee648403ecc
      strict-transport-security:
      - max-age=31536000; includeSubDomains
      x-ba-restapi:
      - 1.0.3.1578
      x-content-type-options:
      - nosniff
      x-ms-ratelimit-remaining-tenant-deletes:
      - '14999'
    status:
      code: 202
      message: Accepted
- request:
    body: null
    headers:
      Accept:
      - application/json
      Accept-Encoding:
      - gzip, deflate
      CommandName:
      - account management-group delete
      Connection:
      - keep-alive
      ParameterSetName:
      - --name
      User-Agent:
      - python/3.8.2 (Windows-10-10.0.19041-SP0) msrest/0.6.9 msrest_azure/0.6.3 azure-mgmt-managementgroups/0.2.0
        Azure-SDK-For-Python AZURECLI/2.8.0
    method: GET
    uri: https://management.azure.com/providers/Microsoft.Management/operationResults/delete/managementGroups/testcligetgroup2?api-version=2018-03-01-preview
  response:
    body:
      string: '{"id":"/providers/Microsoft.Management/managementGroups/testcligetgroup2","type":"/providers/Microsoft.Management/managementGroups","name":"testcligetgroup2","status":"Running"}'
    headers:
      cache-control:
      - no-cache
      content-length:
      - '177'
      content-type:
      - application/json; charset=utf-8
      date:
      - Wed, 08 Jul 2020 04:16:16 GMT
      expires:
      - '-1'
      location:
      - https://management.azure.com/providers/Microsoft.Management/operationResults/delete/managementGroups/testcligetgroup2?api-version=2018-03-01-preview
      pragma:
      - no-cache
      request-id:
      - 5b84d663-85fc-4468-a548-bf041d35f358
      strict-transport-security:
      - max-age=31536000; includeSubDomains
      x-ba-restapi:
      - 1.0.3.1578
      x-content-type-options:
      - nosniff
    status:
      code: 202
      message: Accepted
- request:
    body: null
    headers:
      Accept:
      - application/json
      Accept-Encoding:
      - gzip, deflate
      CommandName:
      - account management-group delete
      Connection:
      - keep-alive
      ParameterSetName:
      - --name
      User-Agent:
      - python/3.8.2 (Windows-10-10.0.19041-SP0) msrest/0.6.9 msrest_azure/0.6.3 azure-mgmt-managementgroups/0.2.0
        Azure-SDK-For-Python AZURECLI/2.8.0
    method: GET
    uri: https://management.azure.com/providers/Microsoft.Management/operationResults/delete/managementGroups/testcligetgroup2?api-version=2018-03-01-preview
  response:
    body:
      string: '{"id":"/providers/Microsoft.Management/managementGroups/testcligetgroup2","type":"/providers/Microsoft.Management/managementGroups","name":"testcligetgroup2","status":"Succeeded"}'
    headers:
      cache-control:
      - no-cache
      content-length:
      - '179'
      content-type:
      - application/json; charset=utf-8
      date:
      - Wed, 08 Jul 2020 04:16:26 GMT
      expires:
      - '-1'
      pragma:
      - no-cache
      request-id:
      - e627fbdc-c76c-4905-aa55-21ac05959d90
      strict-transport-security:
      - max-age=31536000; includeSubDomains
      transfer-encoding:
      - chunked
      vary:
      - Accept-Encoding,Accept-Encoding
      x-ba-restapi:
      - 1.0.3.1578
      x-content-type-options:
      - nosniff
    status:
      code: 200
      message: OK
- request:
    body: null
    headers:
      Accept:
      - application/json
      Accept-Encoding:
      - gzip, deflate
      CommandName:
      - account management-group delete
      Connection:
      - keep-alive
      Content-Length:
      - '0'
      ParameterSetName:
      - --name
      User-Agent:
      - python/3.8.2 (Windows-10-10.0.19041-SP0) msrest/0.6.9 msrest_azure/0.6.3 azure-mgmt-resource/10.1.0
        Azure-SDK-For-Python AZURECLI/2.8.0
      accept-language:
      - en-US
    method: POST
    uri: https://management.azure.com/subscriptions/00000000-0000-0000-0000-000000000000/providers/Microsoft.Management/register?api-version=2020-06-01
  response:
    body:
      string: '{"id":"/subscriptions/00000000-0000-0000-0000-000000000000/providers/Microsoft.Management","namespace":"Microsoft.Management","authorization":{"applicationId":"f2c304cf-8e7e-4c3f-8164-16299ad9d272","roleDefinitionId":"c1cf3708-588a-4647-be7f-f400bbe214cf"},"resourceTypes":[{"resourceType":"resources","locations":[],"apiVersions":["2017-11-01-preview","2017-08-31-preview","2017-06-30-preview","2017-05-31-preview"],"capabilities":"None"},{"resourceType":"managementGroups","locations":[],"apiVersions":["2020-05-01","2020-02-01","2019-11-01","2018-03-01-preview","2018-03-01-beta","2018-01-01-preview","2017-11-01-preview","2017-08-31-preview","2017-06-30-preview","2017-05-31-preview"],"capabilities":"None"},{"resourceType":"getEntities","locations":[],"apiVersions":["2020-05-01","2020-02-01","2019-11-01","2018-03-01-preview","2018-03-01-beta","2018-01-01-preview"],"capabilities":"None"},{"resourceType":"managementGroups/settings","locations":[],"apiVersions":["2020-05-01","2020-02-01","2018-03-01-beta"],"capabilities":"None"},{"resourceType":"checkNameAvailability","locations":[],"apiVersions":["2020-05-01","2020-02-01","2019-11-01","2018-03-01-preview","2018-03-01-beta","2018-01-01-preview"],"capabilities":"None"},{"resourceType":"operationResults","locations":[],"apiVersions":["2020-05-01","2020-02-01","2019-11-01","2018-03-01-preview","2018-03-01-beta","2018-01-01-preview"],"capabilities":"None"},{"resourceType":"operationResults/asyncOperation","locations":[],"apiVersions":["2020-05-01","2020-02-01","2019-11-01","2018-03-01-beta"],"capabilities":"None"},{"resourceType":"operations","locations":[],"apiVersions":["2020-05-01","2020-02-01","2019-11-01","2018-03-01-preview","2018-03-01-beta","2018-01-01-preview","2017-11-01-preview","2017-08-31-preview","2017-06-30-preview","2017-05-31-preview"],"capabilities":"None"},{"resourceType":"tenantBackfillStatus","locations":[],"apiVersions":["2020-05-01","2020-02-01","2019-11-01","2018-03-01-preview","2018-03-01-beta"],"capabilities":"None"},{"resourceType":"startTenantBackfill","locations":[],"apiVersions":["2020-05-01","2020-02-01","2019-11-01","2018-03-01-preview","2018-03-01-beta"],"capabilities":"None"}],"registrationState":"Registered","registrationPolicy":"RegistrationRequired"}'
    headers:
      cache-control:
      - no-cache
      content-length:
      - '2264'
      content-type:
      - application/json; charset=utf-8
      date:
      - Wed, 08 Jul 2020 04:16:29 GMT
      expires:
      - '-1'
      pragma:
      - no-cache
      strict-transport-security:
      - max-age=31536000; includeSubDomains
      transfer-encoding:
      - chunked
      vary:
      - Accept-Encoding
      x-content-type-options:
      - nosniff
      x-ms-ratelimit-remaining-subscription-writes:
      - '1199'
    status:
      code: 200
      message: OK
- request:
    body: null
    headers:
      Accept:
      - application/json
      Accept-Encoding:
      - gzip, deflate
      CommandName:
      - account management-group delete
      Connection:
      - keep-alive
      ParameterSetName:
      - --name
      User-Agent:
      - python/3.8.2 (Windows-10-10.0.19041-SP0) msrest/0.6.9 msrest_azure/0.6.3 azure-mgmt-resource/10.1.0
        Azure-SDK-For-Python AZURECLI/2.8.0
      accept-language:
      - en-US
    method: GET
    uri: https://management.azure.com/subscriptions/00000000-0000-0000-0000-000000000000/providers/Microsoft.Management?api-version=2020-06-01
  response:
    body:
      string: '{"id":"/subscriptions/00000000-0000-0000-0000-000000000000/providers/Microsoft.Management","namespace":"Microsoft.Management","authorization":{"applicationId":"f2c304cf-8e7e-4c3f-8164-16299ad9d272","roleDefinitionId":"c1cf3708-588a-4647-be7f-f400bbe214cf"},"resourceTypes":[{"resourceType":"resources","locations":[],"apiVersions":["2017-11-01-preview","2017-08-31-preview","2017-06-30-preview","2017-05-31-preview"],"capabilities":"None"},{"resourceType":"managementGroups","locations":[],"apiVersions":["2020-05-01","2020-02-01","2019-11-01","2018-03-01-preview","2018-03-01-beta","2018-01-01-preview","2017-11-01-preview","2017-08-31-preview","2017-06-30-preview","2017-05-31-preview"],"capabilities":"None"},{"resourceType":"getEntities","locations":[],"apiVersions":["2020-05-01","2020-02-01","2019-11-01","2018-03-01-preview","2018-03-01-beta","2018-01-01-preview"],"capabilities":"None"},{"resourceType":"managementGroups/settings","locations":[],"apiVersions":["2020-05-01","2020-02-01","2018-03-01-beta"],"capabilities":"None"},{"resourceType":"checkNameAvailability","locations":[],"apiVersions":["2020-05-01","2020-02-01","2019-11-01","2018-03-01-preview","2018-03-01-beta","2018-01-01-preview"],"capabilities":"None"},{"resourceType":"operationResults","locations":[],"apiVersions":["2020-05-01","2020-02-01","2019-11-01","2018-03-01-preview","2018-03-01-beta","2018-01-01-preview"],"capabilities":"None"},{"resourceType":"operationResults/asyncOperation","locations":[],"apiVersions":["2020-05-01","2020-02-01","2019-11-01","2018-03-01-beta"],"capabilities":"None"},{"resourceType":"operations","locations":[],"apiVersions":["2020-05-01","2020-02-01","2019-11-01","2018-03-01-preview","2018-03-01-beta","2018-01-01-preview","2017-11-01-preview","2017-08-31-preview","2017-06-30-preview","2017-05-31-preview"],"capabilities":"None"},{"resourceType":"tenantBackfillStatus","locations":[],"apiVersions":["2020-05-01","2020-02-01","2019-11-01","2018-03-01-preview","2018-03-01-beta"],"capabilities":"None"},{"resourceType":"startTenantBackfill","locations":[],"apiVersions":["2020-05-01","2020-02-01","2019-11-01","2018-03-01-preview","2018-03-01-beta"],"capabilities":"None"}],"registrationState":"Registered","registrationPolicy":"RegistrationRequired"}'
    headers:
      cache-control:
      - no-cache
      content-length:
      - '2264'
      content-type:
      - application/json; charset=utf-8
      date:
      - Wed, 08 Jul 2020 04:16:39 GMT
      expires:
      - '-1'
      pragma:
      - no-cache
      strict-transport-security:
      - max-age=31536000; includeSubDomains
      vary:
      - Accept-Encoding
      x-content-type-options:
      - nosniff
    status:
      code: 200
      message: OK
- request:
    body: null
    headers:
      Accept:
      - application/json
      Accept-Encoding:
      - gzip, deflate
      Cache-Control:
      - no-cache
      CommandName:
      - account management-group delete
      Connection:
      - keep-alive
      Content-Length:
      - '0'
      ParameterSetName:
      - --name
      User-Agent:
      - python/3.8.2 (Windows-10-10.0.19041-SP0) msrest/0.6.9 msrest_azure/0.6.3 azure-mgmt-managementgroups/0.2.0
        Azure-SDK-For-Python AZURECLI/2.8.0
      accept-language:
      - en-US
    method: DELETE
    uri: https://management.azure.com/providers/Microsoft.Management/managementGroups/testcligetgroup1?api-version=2018-03-01-preview
  response:
    body:
      string: '{"id":"/providers/Microsoft.Management/managementGroups/testcligetgroup1","type":"/providers/Microsoft.Management/managementGroups","name":"testcligetgroup1","status":"NotStarted"}'
    headers:
      cache-control:
      - no-cache
      content-length:
      - '180'
      content-type:
      - application/json; charset=utf-8
      date:
      - Wed, 08 Jul 2020 04:16:41 GMT
      expires:
      - '-1'
      location:
      - https://management.azure.com/providers/Microsoft.Management/operationResults/delete/managementGroups/testcligetgroup1?api-version=2018-03-01-preview
      pragma:
      - no-cache
      request-id:
      - cfd369a7-101f-46d9-b116-872d3b1402a7
      strict-transport-security:
      - max-age=31536000; includeSubDomains
      x-ba-restapi:
      - 1.0.3.1578
      x-content-type-options:
      - nosniff
      x-ms-ratelimit-remaining-tenant-deletes:
      - '14999'
    status:
      code: 202
      message: Accepted
- request:
    body: null
    headers:
      Accept:
      - application/json
      Accept-Encoding:
      - gzip, deflate
      CommandName:
      - account management-group delete
      Connection:
      - keep-alive
      ParameterSetName:
      - --name
      User-Agent:
      - python/3.8.2 (Windows-10-10.0.19041-SP0) msrest/0.6.9 msrest_azure/0.6.3 azure-mgmt-managementgroups/0.2.0
        Azure-SDK-For-Python AZURECLI/2.8.0
    method: GET
    uri: https://management.azure.com/providers/Microsoft.Management/operationResults/delete/managementGroups/testcligetgroup1?api-version=2018-03-01-preview
  response:
    body:
      string: '{"id":"/providers/Microsoft.Management/managementGroups/testcligetgroup1","type":"/providers/Microsoft.Management/managementGroups","name":"testcligetgroup1","status":"Succeeded"}'
    headers:
      cache-control:
      - no-cache
      content-length:
      - '179'
      content-type:
      - application/json; charset=utf-8
      date:
      - Wed, 08 Jul 2020 04:16:51 GMT
      expires:
      - '-1'
      pragma:
      - no-cache
      request-id:
      - a38d6eea-ee91-4316-b7a6-dcb3455bd279
      strict-transport-security:
      - max-age=31536000; includeSubDomains
      transfer-encoding:
      - chunked
      vary:
      - Accept-Encoding,Accept-Encoding
      x-ba-restapi:
      - 1.0.3.1578
      x-content-type-options:
      - nosniff
    status:
      code: 200
      message: OK
version: 1
