interactions:
- request:
    body: null
    headers:
      Accept:
      - application/json
      Accept-Encoding:
      - gzip, deflate
      CommandName:
      - network vnet create
      Connection:
      - keep-alive
      ParameterSetName:
      - -n -g
      User-Agent:
      - python/3.8.2 (Windows-10-10.0.19041-SP0) msrest/0.6.9 msrest_azure/0.6.3 azure-mgmt-resource/10.1.0
        Azure-SDK-For-Python AZURECLI/2.8.0
      accept-language:
      - en-US
    method: GET
    uri: https://management.azure.com/subscriptions/00000000-0000-0000-0000-000000000000/resourcegroups/cli_test_lock_with_resource_id000001?api-version=2020-06-01
  response:
    body:
      string: '{"id":"/subscriptions/00000000-0000-0000-0000-000000000000/resourceGroups/cli_test_lock_with_resource_id000001","name":"cli_test_lock_with_resource_id000001","type":"Microsoft.Resources/resourceGroups","location":"westus","tags":{"product":"azurecli","cause":"automation","date":"2020-07-08T05:15:49Z"},"properties":{"provisioningState":"Succeeded"}}'
    headers:
      cache-control:
      - no-cache
      content-length:
      - '428'
      content-type:
      - application/json; charset=utf-8
      date:
      - Wed, 08 Jul 2020 05:15:49 GMT
      expires:
      - '-1'
      pragma:
      - no-cache
      strict-transport-security:
      - max-age=31536000; includeSubDomains
      vary:
      - Accept-Encoding
      x-content-type-options:
      - nosniff
    status:
      code: 200
      message: OK
- request:
    body: '{"location": "westus", "tags": {}, "properties": {"addressSpace": {"addressPrefixes":
      ["10.0.0.0/16"]}, "dhcpOptions": {}}}'
    headers:
      Accept:
      - application/json
      Accept-Encoding:
      - gzip, deflate
      CommandName:
      - network vnet create
      Connection:
      - keep-alive
      Content-Length:
      - '123'
      Content-Type:
      - application/json; charset=utf-8
      ParameterSetName:
      - -n -g
      User-Agent:
      - python/3.8.2 (Windows-10-10.0.19041-SP0) msrest/0.6.9 msrest_azure/0.6.3 azure-mgmt-network/11.0.0
        Azure-SDK-For-Python AZURECLI/2.8.0
      accept-language:
      - en-US
    method: PUT
    uri: https://management.azure.com/subscriptions/00000000-0000-0000-0000-000000000000/resourceGroups/cli_test_lock_with_resource_id000001/providers/Microsoft.Network/virtualNetworks/cli-lock-vnet000002?api-version=2020-05-01
  response:
    body:
      string: "{\r\n  \"name\": \"cli-lock-vnet000002\",\r\n  \"id\": \"/subscriptions/00000000-0000-0000-0000-000000000000/resourceGroups/cli_test_lock_with_resource_id000001/providers/Microsoft.Network/virtualNetworks/cli-lock-vnet000002\",\r\n
        \ \"etag\": \"W/\\\"5082c691-ddd3-4e75-8dde-c42b929b0b8b\\\"\",\r\n  \"type\":
        \"Microsoft.Network/virtualNetworks\",\r\n  \"location\": \"westus\",\r\n
        \ \"tags\": {},\r\n  \"properties\": {\r\n    \"provisioningState\": \"Updating\",\r\n
        \   \"resourceGuid\": \"7261a441-eec6-48ab-a541-ec4715453d6d\",\r\n    \"addressSpace\":
        {\r\n      \"addressPrefixes\": [\r\n        \"10.0.0.0/16\"\r\n      ]\r\n
        \   },\r\n    \"dhcpOptions\": {\r\n      \"dnsServers\": []\r\n    },\r\n
        \   \"subnets\": [],\r\n    \"virtualNetworkPeerings\": [],\r\n    \"enableDdosProtection\":
        false,\r\n    \"enableVmProtection\": false\r\n  }\r\n}"
    headers:
      azure-asyncnotification:
      - Enabled
      azure-asyncoperation:
      - https://management.azure.com/subscriptions/00000000-0000-0000-0000-000000000000/providers/Microsoft.Network/locations/westus/operations/9839d888-5e37-4323-b79a-d25f8403c9f1?api-version=2020-05-01
      cache-control:
      - no-cache
      content-length:
      - '816'
      content-type:
      - application/json; charset=utf-8
      date:
      - Wed, 08 Jul 2020 05:15:49 GMT
      expires:
      - '-1'
      pragma:
      - no-cache
      server:
      - Microsoft-HTTPAPI/2.0
      - Microsoft-HTTPAPI/2.0
      strict-transport-security:
      - max-age=31536000; includeSubDomains
      x-content-type-options:
      - nosniff
      x-ms-arm-service-request-id:
      - ca4ae2b0-c5e8-4144-8858-a8bfcd557282
      x-ms-ratelimit-remaining-subscription-writes:
      - '1199'
    status:
      code: 201
      message: Created
- request:
    body: null
    headers:
      Accept:
      - application/json
      Accept-Encoding:
      - gzip, deflate
      CommandName:
      - network vnet create
      Connection:
      - keep-alive
      ParameterSetName:
      - -n -g
      User-Agent:
      - python/3.8.2 (Windows-10-10.0.19041-SP0) msrest/0.6.9 msrest_azure/0.6.3 azure-mgmt-network/11.0.0
        Azure-SDK-For-Python AZURECLI/2.8.0
    method: GET
    uri: https://management.azure.com/subscriptions/00000000-0000-0000-0000-000000000000/providers/Microsoft.Network/locations/westus/operations/9839d888-5e37-4323-b79a-d25f8403c9f1?api-version=2020-05-01
  response:
    body:
      string: "{\r\n  \"status\": \"Succeeded\"\r\n}"
    headers:
      cache-control:
      - no-cache
      content-length:
      - '29'
      content-type:
      - application/json; charset=utf-8
      date:
      - Wed, 08 Jul 2020 05:15:53 GMT
      expires:
      - '-1'
      pragma:
      - no-cache
      server:
      - Microsoft-HTTPAPI/2.0
      - Microsoft-HTTPAPI/2.0
      strict-transport-security:
      - max-age=31536000; includeSubDomains
      transfer-encoding:
      - chunked
      vary:
      - Accept-Encoding
      x-content-type-options:
      - nosniff
      x-ms-arm-service-request-id:
      - 359291b3-48ee-44e5-b6ad-e00cf94af512
    status:
      code: 200
      message: OK
- request:
    body: null
    headers:
      Accept:
      - application/json
      Accept-Encoding:
      - gzip, deflate
      CommandName:
      - network vnet create
      Connection:
      - keep-alive
      ParameterSetName:
      - -n -g
      User-Agent:
      - python/3.8.2 (Windows-10-10.0.19041-SP0) msrest/0.6.9 msrest_azure/0.6.3 azure-mgmt-network/11.0.0
        Azure-SDK-For-Python AZURECLI/2.8.0
    method: GET
    uri: https://management.azure.com/subscriptions/00000000-0000-0000-0000-000000000000/resourceGroups/cli_test_lock_with_resource_id000001/providers/Microsoft.Network/virtualNetworks/cli-lock-vnet000002?api-version=2020-05-01
  response:
    body:
      string: "{\r\n  \"name\": \"cli-lock-vnet000002\",\r\n  \"id\": \"/subscriptions/00000000-0000-0000-0000-000000000000/resourceGroups/cli_test_lock_with_resource_id000001/providers/Microsoft.Network/virtualNetworks/cli-lock-vnet000002\",\r\n
        \ \"etag\": \"W/\\\"37deec50-77a5-463e-95dd-9f42b9258817\\\"\",\r\n  \"type\":
        \"Microsoft.Network/virtualNetworks\",\r\n  \"location\": \"westus\",\r\n
        \ \"tags\": {},\r\n  \"properties\": {\r\n    \"provisioningState\": \"Succeeded\",\r\n
        \   \"resourceGuid\": \"7261a441-eec6-48ab-a541-ec4715453d6d\",\r\n    \"addressSpace\":
        {\r\n      \"addressPrefixes\": [\r\n        \"10.0.0.0/16\"\r\n      ]\r\n
        \   },\r\n    \"dhcpOptions\": {\r\n      \"dnsServers\": []\r\n    },\r\n
        \   \"subnets\": [],\r\n    \"virtualNetworkPeerings\": [],\r\n    \"enableDdosProtection\":
        false,\r\n    \"enableVmProtection\": false\r\n  }\r\n}"
    headers:
      cache-control:
      - no-cache
      content-length:
      - '817'
      content-type:
      - application/json; charset=utf-8
      date:
      - Wed, 08 Jul 2020 05:15:53 GMT
      etag:
      - W/"37deec50-77a5-463e-95dd-9f42b9258817"
      expires:
      - '-1'
      pragma:
      - no-cache
      server:
      - Microsoft-HTTPAPI/2.0
      - Microsoft-HTTPAPI/2.0
      strict-transport-security:
      - max-age=31536000; includeSubDomains
      transfer-encoding:
      - chunked
      vary:
      - Accept-Encoding
      x-content-type-options:
      - nosniff
      x-ms-arm-service-request-id:
      - 94b35cfe-e7cc-4e23-9480-05bc413c2244
    status:
      code: 200
      message: OK
- request:
    body: null
    headers:
      Accept:
      - application/json
      Accept-Encoding:
      - gzip, deflate
      CommandName:
      - network vnet subnet create
      Connection:
      - keep-alive
      ParameterSetName:
      - -n --address-prefix --vnet-name -g
      User-Agent:
      - python/3.8.2 (Windows-10-10.0.19041-SP0) msrest/0.6.9 msrest_azure/0.6.3 azure-mgmt-network/11.0.0
        Azure-SDK-For-Python AZURECLI/2.8.0
      accept-language:
      - en-US
    method: GET
    uri: https://management.azure.com/subscriptions/00000000-0000-0000-0000-000000000000/resourceGroups/cli_test_lock_with_resource_id000001/providers/Microsoft.Network/virtualNetworks/cli-lock-vnet000002?api-version=2020-05-01
  response:
    body:
      string: "{\r\n  \"name\": \"cli-lock-vnet000002\",\r\n  \"id\": \"/subscriptions/00000000-0000-0000-0000-000000000000/resourceGroups/cli_test_lock_with_resource_id000001/providers/Microsoft.Network/virtualNetworks/cli-lock-vnet000002\",\r\n
        \ \"etag\": \"W/\\\"37deec50-77a5-463e-95dd-9f42b9258817\\\"\",\r\n  \"type\":
        \"Microsoft.Network/virtualNetworks\",\r\n  \"location\": \"westus\",\r\n
        \ \"tags\": {},\r\n  \"properties\": {\r\n    \"provisioningState\": \"Succeeded\",\r\n
        \   \"resourceGuid\": \"7261a441-eec6-48ab-a541-ec4715453d6d\",\r\n    \"addressSpace\":
        {\r\n      \"addressPrefixes\": [\r\n        \"10.0.0.0/16\"\r\n      ]\r\n
        \   },\r\n    \"dhcpOptions\": {\r\n      \"dnsServers\": []\r\n    },\r\n
        \   \"subnets\": [],\r\n    \"virtualNetworkPeerings\": [],\r\n    \"enableDdosProtection\":
        false,\r\n    \"enableVmProtection\": false\r\n  }\r\n}"
    headers:
      cache-control:
      - no-cache
      content-length:
      - '817'
      content-type:
      - application/json; charset=utf-8
      date:
      - Wed, 08 Jul 2020 05:15:53 GMT
      etag:
      - W/"37deec50-77a5-463e-95dd-9f42b9258817"
      expires:
      - '-1'
      pragma:
      - no-cache
      server:
      - Microsoft-HTTPAPI/2.0
      - Microsoft-HTTPAPI/2.0
      strict-transport-security:
      - max-age=31536000; includeSubDomains
      transfer-encoding:
      - chunked
      vary:
      - Accept-Encoding
      x-content-type-options:
      - nosniff
      x-ms-arm-service-request-id:
      - f3df7543-4461-4066-be5a-17f679ae0179
    status:
      code: 200
      message: OK
- request:
    body: 'b''{"id": "/subscriptions/00000000-0000-0000-0000-000000000000/resourceGroups/cli_test_lock_with_resource_id000001/providers/Microsoft.Network/virtualNetworks/cli-lock-vnet000002",
      "location": "westus", "tags": {}, "properties": {"addressSpace": {"addressPrefixes":
      ["10.0.0.0/16"]}, "dhcpOptions": {"dnsServers": []}, "subnets": [{"properties":
      {"addressPrefix": "10.0.0.0/16"}, "name": "cli-lock-subnet000003"}], "virtualNetworkPeerings":
      [], "enableDdosProtection": false, "enableVmProtection": false}}'''
    headers:
      Accept:
      - application/json
      Accept-Encoding:
      - gzip, deflate
      CommandName:
      - network vnet subnet create
      Connection:
      - keep-alive
      Content-Length:
      - '561'
      Content-Type:
      - application/json; charset=utf-8
      ParameterSetName:
      - -n --address-prefix --vnet-name -g
      User-Agent:
      - python/3.8.2 (Windows-10-10.0.19041-SP0) msrest/0.6.9 msrest_azure/0.6.3 azure-mgmt-network/11.0.0
        Azure-SDK-For-Python AZURECLI/2.8.0
      accept-language:
      - en-US
    method: PUT
    uri: https://management.azure.com/subscriptions/00000000-0000-0000-0000-000000000000/resourceGroups/cli_test_lock_with_resource_id000001/providers/Microsoft.Network/virtualNetworks/cli-lock-vnet000002?api-version=2020-05-01
  response:
    body:
      string: "{\r\n  \"name\": \"cli-lock-vnet000002\",\r\n  \"id\": \"/subscriptions/00000000-0000-0000-0000-000000000000/resourceGroups/cli_test_lock_with_resource_id000001/providers/Microsoft.Network/virtualNetworks/cli-lock-vnet000002\",\r\n
        \ \"etag\": \"W/\\\"9e07318f-6d21-4451-9024-d6ee255ce342\\\"\",\r\n  \"type\":
        \"Microsoft.Network/virtualNetworks\",\r\n  \"location\": \"westus\",\r\n
        \ \"tags\": {},\r\n  \"properties\": {\r\n    \"provisioningState\": \"Updating\",\r\n
        \   \"resourceGuid\": \"7261a441-eec6-48ab-a541-ec4715453d6d\",\r\n    \"addressSpace\":
        {\r\n      \"addressPrefixes\": [\r\n        \"10.0.0.0/16\"\r\n      ]\r\n
        \   },\r\n    \"dhcpOptions\": {\r\n      \"dnsServers\": []\r\n    },\r\n
        \   \"subnets\": [\r\n      {\r\n        \"name\": \"cli-lock-subnet000003\",\r\n
        \       \"id\": \"/subscriptions/00000000-0000-0000-0000-000000000000/resourceGroups/cli_test_lock_with_resource_id000001/providers/Microsoft.Network/virtualNetworks/cli-lock-vnet000002/subnets/cli-lock-subnet000003\",\r\n
        \       \"etag\": \"W/\\\"9e07318f-6d21-4451-9024-d6ee255ce342\\\"\",\r\n
        \       \"properties\": {\r\n          \"provisioningState\": \"Updating\",\r\n
        \         \"addressPrefix\": \"10.0.0.0/16\",\r\n          \"delegations\":
        [],\r\n          \"privateEndpointNetworkPolicies\": \"Enabled\",\r\n          \"privateLinkServiceNetworkPolicies\":
        \"Enabled\"\r\n        },\r\n        \"type\": \"Microsoft.Network/virtualNetworks/subnets\"\r\n
        \     }\r\n    ],\r\n    \"virtualNetworkPeerings\": [],\r\n    \"enableDdosProtection\":
        false,\r\n    \"enableVmProtection\": false\r\n  }\r\n}"
    headers:
      azure-asyncoperation:
      - https://management.azure.com/subscriptions/00000000-0000-0000-0000-000000000000/providers/Microsoft.Network/locations/westus/operations/7efbd5ce-a0ad-401d-ad88-666126bc2d2d?api-version=2020-05-01
      cache-control:
      - no-cache
      content-length:
      - '1558'
      content-type:
      - application/json; charset=utf-8
      date:
      - Wed, 08 Jul 2020 05:15:54 GMT
      expires:
      - '-1'
      pragma:
      - no-cache
      server:
      - Microsoft-HTTPAPI/2.0
      - Microsoft-HTTPAPI/2.0
      strict-transport-security:
      - max-age=31536000; includeSubDomains
      transfer-encoding:
      - chunked
      vary:
      - Accept-Encoding
      x-content-type-options:
      - nosniff
      x-ms-arm-service-request-id:
      - 4457a224-514a-4ee1-9f34-e5da44854344
      x-ms-ratelimit-remaining-subscription-writes:
      - '1199'
    status:
      code: 200
      message: OK
- request:
    body: null
    headers:
      Accept:
      - application/json
      Accept-Encoding:
      - gzip, deflate
      CommandName:
      - network vnet subnet create
      Connection:
      - keep-alive
      ParameterSetName:
      - -n --address-prefix --vnet-name -g
      User-Agent:
      - python/3.8.2 (Windows-10-10.0.19041-SP0) msrest/0.6.9 msrest_azure/0.6.3 azure-mgmt-network/11.0.0
        Azure-SDK-For-Python AZURECLI/2.8.0
    method: GET
    uri: https://management.azure.com/subscriptions/00000000-0000-0000-0000-000000000000/providers/Microsoft.Network/locations/westus/operations/7efbd5ce-a0ad-401d-ad88-666126bc2d2d?api-version=2020-05-01
  response:
    body:
      string: "{\r\n  \"status\": \"Succeeded\"\r\n}"
    headers:
      cache-control:
      - no-cache
      content-length:
      - '29'
      content-type:
      - application/json; charset=utf-8
      date:
      - Wed, 08 Jul 2020 05:15:57 GMT
      expires:
      - '-1'
      pragma:
      - no-cache
      server:
      - Microsoft-HTTPAPI/2.0
      - Microsoft-HTTPAPI/2.0
      strict-transport-security:
      - max-age=31536000; includeSubDomains
      transfer-encoding:
      - chunked
      vary:
      - Accept-Encoding
      x-content-type-options:
      - nosniff
      x-ms-arm-service-request-id:
      - 1957ff57-d4cf-454e-b106-ff6dc7732212
    status:
      code: 200
      message: OK
- request:
    body: null
    headers:
      Accept:
      - application/json
      Accept-Encoding:
      - gzip, deflate
      CommandName:
      - network vnet subnet create
      Connection:
      - keep-alive
      ParameterSetName:
      - -n --address-prefix --vnet-name -g
      User-Agent:
      - python/3.8.2 (Windows-10-10.0.19041-SP0) msrest/0.6.9 msrest_azure/0.6.3 azure-mgmt-network/11.0.0
        Azure-SDK-For-Python AZURECLI/2.8.0
    method: GET
    uri: https://management.azure.com/subscriptions/00000000-0000-0000-0000-000000000000/resourceGroups/cli_test_lock_with_resource_id000001/providers/Microsoft.Network/virtualNetworks/cli-lock-vnet000002?api-version=2020-05-01
  response:
    body:
      string: "{\r\n  \"name\": \"cli-lock-vnet000002\",\r\n  \"id\": \"/subscriptions/00000000-0000-0000-0000-000000000000/resourceGroups/cli_test_lock_with_resource_id000001/providers/Microsoft.Network/virtualNetworks/cli-lock-vnet000002\",\r\n
        \ \"etag\": \"W/\\\"fb3e3efa-ebb6-40a7-9fc8-dfe7ab07d94c\\\"\",\r\n  \"type\":
        \"Microsoft.Network/virtualNetworks\",\r\n  \"location\": \"westus\",\r\n
        \ \"tags\": {},\r\n  \"properties\": {\r\n    \"provisioningState\": \"Succeeded\",\r\n
        \   \"resourceGuid\": \"7261a441-eec6-48ab-a541-ec4715453d6d\",\r\n    \"addressSpace\":
        {\r\n      \"addressPrefixes\": [\r\n        \"10.0.0.0/16\"\r\n      ]\r\n
        \   },\r\n    \"dhcpOptions\": {\r\n      \"dnsServers\": []\r\n    },\r\n
        \   \"subnets\": [\r\n      {\r\n        \"name\": \"cli-lock-subnet000003\",\r\n
        \       \"id\": \"/subscriptions/00000000-0000-0000-0000-000000000000/resourceGroups/cli_test_lock_with_resource_id000001/providers/Microsoft.Network/virtualNetworks/cli-lock-vnet000002/subnets/cli-lock-subnet000003\",\r\n
        \       \"etag\": \"W/\\\"fb3e3efa-ebb6-40a7-9fc8-dfe7ab07d94c\\\"\",\r\n
        \       \"properties\": {\r\n          \"provisioningState\": \"Succeeded\",\r\n
        \         \"addressPrefix\": \"10.0.0.0/16\",\r\n          \"delegations\":
        [],\r\n          \"privateEndpointNetworkPolicies\": \"Enabled\",\r\n          \"privateLinkServiceNetworkPolicies\":
        \"Enabled\"\r\n        },\r\n        \"type\": \"Microsoft.Network/virtualNetworks/subnets\"\r\n
        \     }\r\n    ],\r\n    \"virtualNetworkPeerings\": [],\r\n    \"enableDdosProtection\":
        false,\r\n    \"enableVmProtection\": false\r\n  }\r\n}"
    headers:
      cache-control:
      - no-cache
      content-length:
      - '1560'
      content-type:
      - application/json; charset=utf-8
      date:
      - Wed, 08 Jul 2020 05:15:57 GMT
      etag:
      - W/"fb3e3efa-ebb6-40a7-9fc8-dfe7ab07d94c"
      expires:
      - '-1'
      pragma:
      - no-cache
      server:
      - Microsoft-HTTPAPI/2.0
      - Microsoft-HTTPAPI/2.0
      strict-transport-security:
      - max-age=31536000; includeSubDomains
      transfer-encoding:
      - chunked
      vary:
      - Accept-Encoding
      x-content-type-options:
      - nosniff
      x-ms-arm-service-request-id:
      - 62387ec0-e28e-48ce-aeb8-399afd3bcfb6
    status:
      code: 200
      message: OK
- request:
    body: '{"properties": {"level": "CanNotDelete"}}'
    headers:
      Accept:
      - application/json
      Accept-Encoding:
      - gzip, deflate
      CommandName:
      - resource lock create
      Connection:
      - keep-alive
      Content-Length:
      - '41'
      Content-Type:
      - application/json; charset=utf-8
      ParameterSetName:
      - -n --resource --lock-type
      User-Agent:
      - python/3.8.2 (Windows-10-10.0.19041-SP0) msrest/0.6.9 msrest_azure/0.6.3 azure-mgmt-resource/10.1.0
        Azure-SDK-For-Python AZURECLI/2.8.0
      accept-language:
      - en-US
    method: PUT
    uri: https://management.azure.com/subscriptions/00000000-0000-0000-0000-000000000000/resourcegroups/cli_test_lock_with_resource_id000001/providers/Microsoft.Network/virtualNetworks/cli-lock-vnet000002/providers/Microsoft.Authorization/locks/cli-test-lock000004?api-version=2016-09-01
  response:
    body:
      string: '{"properties":{"level":"CanNotDelete"},"id":"/subscriptions/00000000-0000-0000-0000-000000000000/resourcegroups/cli_test_lock_with_resource_id000001/providers/Microsoft.Network/virtualNetworks/cli-lock-vnet000002/providers/Microsoft.Authorization/locks/cli-test-lock000004","type":"Microsoft.Authorization/locks","name":"cli-test-lock000004"}'
    headers:
      cache-control:
      - no-cache
      content-length:
      - '454'
      content-type:
      - application/json; charset=utf-8
      date:
      - Wed, 08 Jul 2020 05:15:58 GMT
      expires:
      - '-1'
      pragma:
      - no-cache
      strict-transport-security:
      - max-age=31536000; includeSubDomains
      x-content-type-options:
      - nosniff
      x-ms-ratelimit-remaining-subscription-writes:
      - '1199'
    status:
      code: 201
      message: Created
- request:
    body: '{"properties": {"level": "CanNotDelete"}}'
    headers:
      Accept:
      - application/json
      Accept-Encoding:
      - gzip, deflate
      CommandName:
      - lock create
      Connection:
      - keep-alive
      Content-Length:
      - '41'
      Content-Type:
      - application/json; charset=utf-8
      ParameterSetName:
      - -n --resource --lock-type
      User-Agent:
      - python/3.8.2 (Windows-10-10.0.19041-SP0) msrest/0.6.9 msrest_azure/0.6.3 azure-mgmt-resource/10.1.0
        Azure-SDK-For-Python AZURECLI/2.8.0
      accept-language:
      - en-US
    method: PUT
    uri: https://management.azure.com/subscriptions/00000000-0000-0000-0000-000000000000/resourcegroups/cli_test_lock_with_resource_id000001/providers/Microsoft.Network/virtualNetworks/cli-lock-vnet000002/subnets/cli-lock-subnet000003/providers/Microsoft.Authorization/locks/cli-test-lock000005?api-version=2016-09-01
  response:
    body:
      string: '{"properties":{"level":"CanNotDelete"},"id":"/subscriptions/00000000-0000-0000-0000-000000000000/resourcegroups/cli_test_lock_with_resource_id000001/providers/Microsoft.Network/virtualNetworks/cli-lock-vnet000002/subnets/cli-lock-subnet000003/providers/Microsoft.Authorization/locks/cli-test-lock000005","type":"Microsoft.Authorization/locks","name":"cli-test-lock000005"}'
    headers:
      cache-control:
      - no-cache
      content-length:
      - '433'
      content-type:
      - application/json; charset=utf-8
      date:
      - Wed, 08 Jul 2020 05:15:58 GMT
      expires:
      - '-1'
      pragma:
      - no-cache
      strict-transport-security:
      - max-age=31536000; includeSubDomains
      x-content-type-options:
      - nosniff
      x-ms-ratelimit-remaining-subscription-writes:
      - '1199'
    status:
      code: 201
      message: Created
- request:
    body: null
    headers:
      Accept:
      - application/json
      Accept-Encoding:
      - gzip, deflate
      CommandName:
      - resource lock show
      Connection:
      - keep-alive
      ParameterSetName:
      - --name --resource
      User-Agent:
      - python/3.8.2 (Windows-10-10.0.19041-SP0) msrest/0.6.9 msrest_azure/0.6.3 azure-mgmt-resource/10.1.0
        Azure-SDK-For-Python AZURECLI/2.8.0
      accept-language:
      - en-US
    method: GET
    uri: https://management.azure.com/subscriptions/00000000-0000-0000-0000-000000000000/providers/Microsoft.Authorization/locks?api-version=2016-09-01
  response:
    body:
      string: '{"value":[{"properties":{"level":"CanNotDelete"},"id":"/subscriptions/00000000-0000-0000-0000-000000000000/resourcegroups/cli_test_lock_with_resource_id000001/providers/Microsoft.Network/virtualNetworks/cli-lock-vnet000002/providers/Microsoft.Authorization/locks/cli-test-lock000004","type":"Microsoft.Authorization/locks","name":"cli-test-lock000004"},{"properties":{"level":"CanNotDelete"},"id":"/subscriptions/00000000-0000-0000-0000-000000000000/resourcegroups/cli_test_lock_with_resource_id000001/providers/Microsoft.Network/virtualNetworks/cli-lock-vnet000002/subnets/cli-lock-subnet000003/providers/Microsoft.Authorization/locks/cli-test-lock000005","type":"Microsoft.Authorization/locks","name":"cli-test-lock000005"}]}'
    headers:
      cache-control:
      - no-cache
      content-length:
      - '900'
      content-type:
      - application/json; charset=utf-8
      date:
      - Wed, 08 Jul 2020 05:15:58 GMT
      expires:
      - '-1'
      pragma:
      - no-cache
      strict-transport-security:
      - max-age=31536000; includeSubDomains
      transfer-encoding:
      - chunked
      vary:
      - Accept-Encoding,Accept-Encoding
      x-content-type-options:
      - nosniff
    status:
      code: 200
      message: OK
- request:
    body: null
    headers:
      Accept:
      - application/json
      Accept-Encoding:
      - gzip, deflate
      CommandName:
      - resource lock show
      Connection:
      - keep-alive
      ParameterSetName:
      - --name --resource
      User-Agent:
      - python/3.8.2 (Windows-10-10.0.19041-SP0) msrest/0.6.9 msrest_azure/0.6.3 azure-mgmt-resource/10.1.0
        Azure-SDK-For-Python AZURECLI/2.8.0
      accept-language:
      - en-US
    method: GET
    uri: https://management.azure.com/subscriptions/00000000-0000-0000-0000-000000000000/resourcegroups/cli_test_lock_with_resource_id000001/providers/Microsoft.Network/virtualNetworks/cli-lock-vnet000002/providers/Microsoft.Authorization/locks/cli-test-lock000004?api-version=2016-09-01
  response:
    body:
      string: '{"properties":{"level":"CanNotDelete"},"id":"/subscriptions/00000000-0000-0000-0000-000000000000/resourcegroups/cli_test_lock_with_resource_id000001/providers/Microsoft.Network/virtualNetworks/cli-lock-vnet000002/providers/Microsoft.Authorization/locks/cli-test-lock000004","type":"Microsoft.Authorization/locks","name":"cli-test-lock000004"}'
    headers:
      cache-control:
      - no-cache
      content-length:
      - '454'
      content-type:
      - application/json; charset=utf-8
      date:
      - Wed, 08 Jul 2020 05:15:58 GMT
      expires:
      - '-1'
      pragma:
      - no-cache
      strict-transport-security:
      - max-age=31536000; includeSubDomains
      transfer-encoding:
      - chunked
      vary:
      - Accept-Encoding,Accept-Encoding
      x-content-type-options:
      - nosniff
    status:
      code: 200
      message: OK
- request:
    body: null
    headers:
      Accept:
      - application/json
      Accept-Encoding:
      - gzip, deflate
      CommandName:
      - lock show
      Connection:
      - keep-alive
      ParameterSetName:
      - --name --resource
      User-Agent:
      - python/3.8.2 (Windows-10-10.0.19041-SP0) msrest/0.6.9 msrest_azure/0.6.3 azure-mgmt-resource/10.1.0
        Azure-SDK-For-Python AZURECLI/2.8.0
      accept-language:
      - en-US
    method: GET
    uri: https://management.azure.com/subscriptions/00000000-0000-0000-0000-000000000000/providers/Microsoft.Authorization/locks?api-version=2016-09-01
  response:
    body:
      string: '{"value":[{"properties":{"level":"CanNotDelete"},"id":"/subscriptions/00000000-0000-0000-0000-000000000000/resourcegroups/cli_test_lock_with_resource_id000001/providers/Microsoft.Network/virtualNetworks/cli-lock-vnet000002/providers/Microsoft.Authorization/locks/cli-test-lock000004","type":"Microsoft.Authorization/locks","name":"cli-test-lock000004"},{"properties":{"level":"CanNotDelete"},"id":"/subscriptions/00000000-0000-0000-0000-000000000000/resourcegroups/cli_test_lock_with_resource_id000001/providers/Microsoft.Network/virtualNetworks/cli-lock-vnet000002/subnets/cli-lock-subnet000003/providers/Microsoft.Authorization/locks/cli-test-lock000005","type":"Microsoft.Authorization/locks","name":"cli-test-lock000005"}]}'
    headers:
      cache-control:
      - no-cache
      content-length:
      - '900'
      content-type:
      - application/json; charset=utf-8
      date:
      - Wed, 08 Jul 2020 05:15:58 GMT
      expires:
      - '-1'
      pragma:
      - no-cache
      strict-transport-security:
      - max-age=31536000; includeSubDomains
      transfer-encoding:
      - chunked
      vary:
      - Accept-Encoding,Accept-Encoding
      x-content-type-options:
      - nosniff
    status:
      code: 200
      message: OK
- request:
    body: null
    headers:
      Accept:
      - application/json
      Accept-Encoding:
      - gzip, deflate
      CommandName:
      - lock show
      Connection:
      - keep-alive
      ParameterSetName:
      - --name --resource
      User-Agent:
      - python/3.8.2 (Windows-10-10.0.19041-SP0) msrest/0.6.9 msrest_azure/0.6.3 azure-mgmt-resource/10.1.0
        Azure-SDK-For-Python AZURECLI/2.8.0
      accept-language:
      - en-US
    method: GET
    uri: https://management.azure.com/subscriptions/00000000-0000-0000-0000-000000000000/resourcegroups/cli_test_lock_with_resource_id000001/providers/Microsoft.Network/virtualNetworks/cli-lock-vnet000002/subnets/cli-lock-subnet000003/providers/Microsoft.Authorization/locks/cli-test-lock000005?api-version=2016-09-01
  response:
    body:
      string: '{"properties":{"level":"CanNotDelete"},"id":"/subscriptions/00000000-0000-0000-0000-000000000000/resourcegroups/cli_test_lock_with_resource_id000001/providers/Microsoft.Network/virtualNetworks/cli-lock-vnet000002/subnets/cli-lock-subnet000003/providers/Microsoft.Authorization/locks/cli-test-lock000005","type":"Microsoft.Authorization/locks","name":"cli-test-lock000005"}'
    headers:
      cache-control:
      - no-cache
      content-length:
      - '433'
      content-type:
      - application/json; charset=utf-8
      date:
      - Wed, 08 Jul 2020 05:15:58 GMT
      expires:
      - '-1'
      pragma:
      - no-cache
      strict-transport-security:
      - max-age=31536000; includeSubDomains
      transfer-encoding:
      - chunked
      vary:
      - Accept-Encoding,Accept-Encoding
      x-content-type-options:
      - nosniff
    status:
      code: 200
      message: OK
- request:
    body: null
    headers:
      Accept:
      - application/json
      Accept-Encoding:
      - gzip, deflate
      CommandName:
      - resource lock delete
      Connection:
      - keep-alive
      ParameterSetName:
      - --name --resource
      User-Agent:
      - python/3.8.2 (Windows-10-10.0.19041-SP0) msrest/0.6.9 msrest_azure/0.6.3 azure-mgmt-resource/10.1.0
        Azure-SDK-For-Python AZURECLI/2.8.0
      accept-language:
      - en-US
    method: GET
    uri: https://management.azure.com/subscriptions/00000000-0000-0000-0000-000000000000/providers/Microsoft.Authorization/locks?api-version=2016-09-01
  response:
    body:
      string: '{"value":[{"properties":{"level":"CanNotDelete"},"id":"/subscriptions/00000000-0000-0000-0000-000000000000/resourcegroups/cli_test_lock_with_resource_id000001/providers/Microsoft.Network/virtualNetworks/cli-lock-vnet000002/providers/Microsoft.Authorization/locks/cli-test-lock000004","type":"Microsoft.Authorization/locks","name":"cli-test-lock000004"},{"properties":{"level":"CanNotDelete"},"id":"/subscriptions/00000000-0000-0000-0000-000000000000/resourcegroups/cli_test_lock_with_resource_id000001/providers/Microsoft.Network/virtualNetworks/cli-lock-vnet000002/subnets/cli-lock-subnet000003/providers/Microsoft.Authorization/locks/cli-test-lock000005","type":"Microsoft.Authorization/locks","name":"cli-test-lock000005"}]}'
    headers:
      cache-control:
      - no-cache
      content-length:
      - '900'
      content-type:
      - application/json; charset=utf-8
      date:
      - Wed, 08 Jul 2020 05:15:59 GMT
      expires:
      - '-1'
      pragma:
      - no-cache
      strict-transport-security:
      - max-age=31536000; includeSubDomains
      transfer-encoding:
      - chunked
      vary:
      - Accept-Encoding,Accept-Encoding
      x-content-type-options:
      - nosniff
    status:
      code: 200
      message: OK
- request:
    body: null
    headers:
      Accept:
      - application/json
      Accept-Encoding:
      - gzip, deflate
      CommandName:
      - resource lock delete
      Connection:
      - keep-alive
      Content-Length:
      - '0'
      ParameterSetName:
      - --name --resource
      User-Agent:
      - python/3.8.2 (Windows-10-10.0.19041-SP0) msrest/0.6.9 msrest_azure/0.6.3 azure-mgmt-resource/10.1.0
        Azure-SDK-For-Python AZURECLI/2.8.0
      accept-language:
      - en-US
    method: DELETE
    uri: https://management.azure.com/subscriptions/00000000-0000-0000-0000-000000000000/resourcegroups/cli_test_lock_with_resource_id000001/providers/Microsoft.Network/virtualNetworks/cli-lock-vnet000002/providers/Microsoft.Authorization/locks/cli-test-lock000004?api-version=2016-09-01
  response:
    body:
      string: ''
    headers:
      cache-control:
      - no-cache
      content-length:
      - '0'
      date:
      - Wed, 08 Jul 2020 05:15:59 GMT
      expires:
      - '-1'
      pragma:
      - no-cache
      strict-transport-security:
      - max-age=31536000; includeSubDomains
      x-content-type-options:
      - nosniff
      x-ms-ratelimit-remaining-subscription-deletes:
      - '14999'
    status:
      code: 200
      message: OK
- request:
    body: null
    headers:
      Accept:
      - application/json
      Accept-Encoding:
      - gzip, deflate
      CommandName:
      - lock delete
      Connection:
      - keep-alive
      ParameterSetName:
      - --name --resource
      User-Agent:
      - python/3.8.2 (Windows-10-10.0.19041-SP0) msrest/0.6.9 msrest_azure/0.6.3 azure-mgmt-resource/10.1.0
        Azure-SDK-For-Python AZURECLI/2.8.0
      accept-language:
      - en-US
    method: GET
    uri: https://management.azure.com/subscriptions/00000000-0000-0000-0000-000000000000/providers/Microsoft.Authorization/locks?api-version=2016-09-01
  response:
    body:
      string: '{"value":[{"properties":{"level":"CanNotDelete"},"id":"/subscriptions/00000000-0000-0000-0000-000000000000/resourcegroups/cli_test_lock_with_resource_id000001/providers/Microsoft.Network/virtualNetworks/cli-lock-vnet000002/subnets/cli-lock-subnet000003/providers/Microsoft.Authorization/locks/cli-test-lock000005","type":"Microsoft.Authorization/locks","name":"cli-test-lock000005"}]}'
    headers:
      cache-control:
      - no-cache
      content-length:
      - '445'
      content-type:
      - application/json; charset=utf-8
      date:
      - Wed, 08 Jul 2020 05:16:00 GMT
      expires:
      - '-1'
      pragma:
      - no-cache
      strict-transport-security:
      - max-age=31536000; includeSubDomains
      transfer-encoding:
      - chunked
      vary:
      - Accept-Encoding,Accept-Encoding
      x-content-type-options:
      - nosniff
    status:
      code: 200
      message: OK
- request:
    body: null
    headers:
      Accept:
      - application/json
      Accept-Encoding:
      - gzip, deflate
      CommandName:
      - lock delete
      Connection:
      - keep-alive
      Content-Length:
      - '0'
      ParameterSetName:
      - --name --resource
      User-Agent:
      - python/3.8.2 (Windows-10-10.0.19041-SP0) msrest/0.6.9 msrest_azure/0.6.3 azure-mgmt-resource/10.1.0
        Azure-SDK-For-Python AZURECLI/2.8.0
      accept-language:
      - en-US
    method: DELETE
    uri: https://management.azure.com/subscriptions/00000000-0000-0000-0000-000000000000/resourcegroups/cli_test_lock_with_resource_id000001/providers/Microsoft.Network/virtualNetworks/cli-lock-vnet000002/subnets/cli-lock-subnet000003/providers/Microsoft.Authorization/locks/cli-test-lock000005?api-version=2016-09-01
  response:
    body:
      string: ''
    headers:
      cache-control:
      - no-cache
      content-length:
      - '0'
      date:
      - Wed, 08 Jul 2020 05:16:00 GMT
      expires:
      - '-1'
      pragma:
      - no-cache
      strict-transport-security:
      - max-age=31536000; includeSubDomains
      x-content-type-options:
      - nosniff
      x-ms-ratelimit-remaining-subscription-deletes:
      - '14999'
    status:
      code: 200
      message: OK
version: 1
