interactions:
- request:
    body: null
    headers:
      Accept:
      - application/json
      Accept-Encoding:
      - gzip, deflate
      CommandName:
      - account management-group create
      Connection:
      - keep-alive
      Content-Length:
      - '0'
      ParameterSetName:
      - --name
      User-Agent:
      - python/3.7.4 (Windows-10-10.0.18362-SP0) msrest/0.6.9 msrest_azure/0.6.1 azure-mgmt-resource/3.1.0
        Azure-SDK-For-Python AZURECLI/2.0.71
      accept-language:
      - en-US
    method: POST
    uri: https://management.azure.com/subscriptions/00000000-0000-0000-0000-000000000000/providers/Microsoft.Management/register?api-version=2019-05-10
  response:
    body:
      string: '{"id":"/subscriptions/00000000-0000-0000-0000-000000000000/providers/Microsoft.Management","namespace":"Microsoft.Management","authorization":{"applicationId":"f2c304cf-8e7e-4c3f-8164-16299ad9d272","roleDefinitionId":"c1cf3708-588a-4647-be7f-f400bbe214cf"},"resourceTypes":[{"resourceType":"resources","locations":[],"apiVersions":["2017-11-01-preview","2017-08-31-preview","2017-06-30-preview","2017-05-31-preview"],"capabilities":"None"},{"resourceType":"managementGroups","locations":[],"apiVersions":["2018-03-01-preview","2018-03-01-beta","2018-03-01-alpha","2018-01-01-preview","2017-11-01-preview","2017-08-31-preview","2017-06-30-preview","2017-05-31-preview"],"capabilities":"None"},{"resourceType":"getEntities","locations":[],"apiVersions":["2018-03-01-preview","2018-03-01-beta","2018-03-01-alpha","2018-01-01-preview"],"capabilities":"None"},{"resourceType":"checkNameAvailability","locations":[],"apiVersions":["2018-03-01-preview","2018-03-01-beta","2018-03-01-alpha","2018-01-01-preview"],"capabilities":"None"},{"resourceType":"operationResults","locations":[],"apiVersions":["2018-03-01-preview","2018-03-01-beta","2018-03-01-alpha","2018-01-01-preview"],"capabilities":"None"},{"resourceType":"operations","locations":[],"apiVersions":["2018-03-01-preview","2018-03-01-beta","2018-03-01-alpha","2018-01-01-preview","2017-11-01-preview","2017-08-31-preview","2017-06-30-preview","2017-05-31-preview"],"capabilities":"None"},{"resourceType":"tenantBackfillStatus","locations":[],"apiVersions":["2018-03-01-preview","2018-03-01-beta","2018-03-01-alpha"],"capabilities":"None"},{"resourceType":"startTenantBackfill","locations":[],"apiVersions":["2018-03-01-preview","2018-03-01-beta","2018-03-01-alpha"],"capabilities":"None"}],"registrationState":"Registered","registrationPolicy":"RegistrationRequired"}'
    headers:
      cache-control:
      - no-cache
      content-length:
      - '1821'
      content-type:
      - application/json; charset=utf-8
      date:
      - Wed, 28 Aug 2019 02:50:12 GMT
      expires:
      - '-1'
      pragma:
      - no-cache
      strict-transport-security:
      - max-age=31536000; includeSubDomains
      transfer-encoding:
      - chunked
      vary:
      - Accept-Encoding
      x-content-type-options:
      - nosniff
      x-ms-ratelimit-remaining-subscription-writes:
      - '1199'
    status:
      code: 200
      message: OK
- request:
    body: null
    headers:
      Accept:
      - application/json
      Accept-Encoding:
      - gzip, deflate
      CommandName:
      - account management-group create
      Connection:
      - keep-alive
      ParameterSetName:
      - --name
      User-Agent:
      - python/3.7.4 (Windows-10-10.0.18362-SP0) msrest/0.6.9 msrest_azure/0.6.1 azure-mgmt-resource/3.1.0
        Azure-SDK-For-Python AZURECLI/2.0.71
      accept-language:
      - en-US
    method: GET
    uri: https://management.azure.com/subscriptions/00000000-0000-0000-0000-000000000000/providers/Microsoft.Management?api-version=2019-05-10
  response:
    body:
      string: '{"id":"/subscriptions/00000000-0000-0000-0000-000000000000/providers/Microsoft.Management","namespace":"Microsoft.Management","authorization":{"applicationId":"f2c304cf-8e7e-4c3f-8164-16299ad9d272","roleDefinitionId":"c1cf3708-588a-4647-be7f-f400bbe214cf"},"resourceTypes":[{"resourceType":"resources","locations":[],"apiVersions":["2017-11-01-preview","2017-08-31-preview","2017-06-30-preview","2017-05-31-preview"],"capabilities":"None"},{"resourceType":"managementGroups","locations":[],"apiVersions":["2018-03-01-preview","2018-03-01-beta","2018-03-01-alpha","2018-01-01-preview","2017-11-01-preview","2017-08-31-preview","2017-06-30-preview","2017-05-31-preview"],"capabilities":"None"},{"resourceType":"getEntities","locations":[],"apiVersions":["2018-03-01-preview","2018-03-01-beta","2018-03-01-alpha","2018-01-01-preview"],"capabilities":"None"},{"resourceType":"checkNameAvailability","locations":[],"apiVersions":["2018-03-01-preview","2018-03-01-beta","2018-03-01-alpha","2018-01-01-preview"],"capabilities":"None"},{"resourceType":"operationResults","locations":[],"apiVersions":["2018-03-01-preview","2018-03-01-beta","2018-03-01-alpha","2018-01-01-preview"],"capabilities":"None"},{"resourceType":"operations","locations":[],"apiVersions":["2018-03-01-preview","2018-03-01-beta","2018-03-01-alpha","2018-01-01-preview","2017-11-01-preview","2017-08-31-preview","2017-06-30-preview","2017-05-31-preview"],"capabilities":"None"},{"resourceType":"tenantBackfillStatus","locations":[],"apiVersions":["2018-03-01-preview","2018-03-01-beta","2018-03-01-alpha"],"capabilities":"None"},{"resourceType":"startTenantBackfill","locations":[],"apiVersions":["2018-03-01-preview","2018-03-01-beta","2018-03-01-alpha"],"capabilities":"None"}],"registrationState":"Registered","registrationPolicy":"RegistrationRequired"}'
    headers:
      cache-control:
      - no-cache
      content-length:
      - '1821'
      content-type:
      - application/json; charset=utf-8
      date:
      - Wed, 28 Aug 2019 02:50:22 GMT
      expires:
      - '-1'
      pragma:
      - no-cache
      strict-transport-security:
      - max-age=31536000; includeSubDomains
      vary:
      - Accept-Encoding
      x-content-type-options:
      - nosniff
    status:
      code: 200
      message: OK
- request:
    body: '{"name": "testcligroup", "properties": {"details": {"parent": {}}}}'
    headers:
      Accept:
      - application/json
      Accept-Encoding:
      - gzip, deflate
      Cache-Control:
      - no-cache
      CommandName:
      - account management-group create
      Connection:
      - keep-alive
      Content-Length:
      - '67'
      Content-Type:
      - application/json; charset=utf-8
      ParameterSetName:
      - --name
      User-Agent:
      - python/3.7.4 (Windows-10-10.0.18362-SP0) msrest/0.6.9 msrest_azure/0.6.1 azure-mgmt-managementgroups/0.2.0
        Azure-SDK-For-Python AZURECLI/2.0.71
      accept-language:
      - en-US
    method: PUT
    uri: https://management.azure.com/providers/Microsoft.Management/managementGroups/testcligroup?api-version=2018-03-01-preview
  response:
    body:
      string: '{"id":"/providers/Microsoft.Management/managementGroups/testcligroup","type":"/providers/Microsoft.Management/managementGroups","name":"testcligroup","status":"NotStarted"}'
    headers:
      cache-control:
      - no-cache
      content-length:
      - '172'
      content-type:
      - application/json; charset=utf-8
      date:
      - Wed, 28 Aug 2019 02:50:23 GMT
      expires:
      - '-1'
      location:
      - https://management.azure.com/providers/Microsoft.Management/operationResults/create/managementGroups/testcligroup?api-version=2018-03-01-preview
      pragma:
      - no-cache
      request-id:
      - 35fa86ac-e2b0-42b4-8de2-67ba6f06c54f
      server:
      - Microsoft-IIS/10.0
      strict-transport-security:
      - max-age=31536000; includeSubDomains
      x-aspnet-version:
      - 4.0.30319
      x-ba-restapi:
      - 1.0.3.1526
      x-content-type-options:
      - nosniff
      x-ms-ratelimit-remaining-tenant-writes:
      - '1199'
      x-powered-by:
      - ASP.NET
    status:
      code: 202
      message: Accepted
- request:
    body: null
    headers:
      Accept:
      - application/json
      Accept-Encoding:
      - gzip, deflate
      CommandName:
      - account management-group create
      Connection:
      - keep-alive
      ParameterSetName:
      - --name
      User-Agent:
      - python/3.7.4 (Windows-10-10.0.18362-SP0) msrest/0.6.9 msrest_azure/0.6.1 azure-mgmt-managementgroups/0.2.0
        Azure-SDK-For-Python AZURECLI/2.0.71
    method: GET
    uri: https://management.azure.com/providers/Microsoft.Management/operationResults/create/managementGroups/testcligroup?api-version=2018-03-01-preview
  response:
    body:
      string: '{"id":"/providers/Microsoft.Management/managementGroups/testcligroup","type":"/providers/Microsoft.Management/managementGroups","name":"testcligroup","status":"Succeeded","properties":{"tenantId":"72f988bf-86f1-41af-91ab-2d7cd011db47","displayName":"testcligroup","details":{"version":13,"updatedTime":"2019-08-28T02:50:27.4243113Z","updatedBy":"49a1419c-cded-434f-a57f-d3cc20a63bac","parent":{"id":"/providers/Microsoft.Management/managementGroups/72f988bf-86f1-41af-91ab-2d7cd011db47","name":"72f988bf-86f1-41af-91ab-2d7cd011db47","displayName":"72f988bf-86f1-41af-91ab-2d7cd011db47"}}}}'
    headers:
      cache-control:
      - no-cache
      content-length:
      - '589'
      content-type:
      - application/json; charset=utf-8
      date:
      - Wed, 28 Aug 2019 02:50:36 GMT
      expires:
      - '-1'
      pragma:
      - no-cache
      request-id:
      - 5b852274-fe51-45c2-9f7f-6be6efc167ee
      server:
      - Microsoft-IIS/10.0
      strict-transport-security:
      - max-age=31536000; includeSubDomains
      transfer-encoding:
      - chunked
      vary:
      - Accept-Encoding,Accept-Encoding
      x-aspnet-version:
      - 4.0.30319
      x-ba-restapi:
      - 1.0.3.1526
      x-content-type-options:
      - nosniff
      x-powered-by:
      - ASP.NET
    status:
      code: 200
      message: OK
- request:
    body: null
    headers:
      Accept:
      - application/json
      Accept-Encoding:
      - gzip, deflate
      CommandName:
      - account management-group delete
      Connection:
      - keep-alive
      Content-Length:
      - '0'
      ParameterSetName:
      - --name
      User-Agent:
      - python/3.7.4 (Windows-10-10.0.18362-SP0) msrest/0.6.9 msrest_azure/0.6.1 azure-mgmt-resource/3.1.0
        Azure-SDK-For-Python AZURECLI/2.0.71
      accept-language:
      - en-US
    method: POST
    uri: https://management.azure.com/subscriptions/00000000-0000-0000-0000-000000000000/providers/Microsoft.Management/register?api-version=2019-05-10
  response:
    body:
      string: '{"id":"/subscriptions/00000000-0000-0000-0000-000000000000/providers/Microsoft.Management","namespace":"Microsoft.Management","authorization":{"applicationId":"f2c304cf-8e7e-4c3f-8164-16299ad9d272","roleDefinitionId":"c1cf3708-588a-4647-be7f-f400bbe214cf"},"resourceTypes":[{"resourceType":"resources","locations":[],"apiVersions":["2017-11-01-preview","2017-08-31-preview","2017-06-30-preview","2017-05-31-preview"],"capabilities":"None"},{"resourceType":"managementGroups","locations":[],"apiVersions":["2018-03-01-preview","2018-03-01-beta","2018-03-01-alpha","2018-01-01-preview","2017-11-01-preview","2017-08-31-preview","2017-06-30-preview","2017-05-31-preview"],"capabilities":"None"},{"resourceType":"getEntities","locations":[],"apiVersions":["2018-03-01-preview","2018-03-01-beta","2018-03-01-alpha","2018-01-01-preview"],"capabilities":"None"},{"resourceType":"checkNameAvailability","locations":[],"apiVersions":["2018-03-01-preview","2018-03-01-beta","2018-03-01-alpha","2018-01-01-preview"],"capabilities":"None"},{"resourceType":"operationResults","locations":[],"apiVersions":["2018-03-01-preview","2018-03-01-beta","2018-03-01-alpha","2018-01-01-preview"],"capabilities":"None"},{"resourceType":"operations","locations":[],"apiVersions":["2018-03-01-preview","2018-03-01-beta","2018-03-01-alpha","2018-01-01-preview","2017-11-01-preview","2017-08-31-preview","2017-06-30-preview","2017-05-31-preview"],"capabilities":"None"},{"resourceType":"tenantBackfillStatus","locations":[],"apiVersions":["2018-03-01-preview","2018-03-01-beta","2018-03-01-alpha"],"capabilities":"None"},{"resourceType":"startTenantBackfill","locations":[],"apiVersions":["2018-03-01-preview","2018-03-01-beta","2018-03-01-alpha"],"capabilities":"None"}],"registrationState":"Registered","registrationPolicy":"RegistrationRequired"}'
    headers:
      cache-control:
      - no-cache
      content-length:
      - '1821'
      content-type:
      - application/json; charset=utf-8
      date:
      - Wed, 28 Aug 2019 02:50:38 GMT
      expires:
      - '-1'
      pragma:
      - no-cache
      strict-transport-security:
      - max-age=31536000; includeSubDomains
      transfer-encoding:
      - chunked
      vary:
      - Accept-Encoding
      x-content-type-options:
      - nosniff
      x-ms-ratelimit-remaining-subscription-writes:
      - '1199'
    status:
      code: 200
      message: OK
- request:
    body: null
    headers:
      Accept:
      - application/json
      Accept-Encoding:
      - gzip, deflate
      CommandName:
      - account management-group delete
      Connection:
      - keep-alive
      ParameterSetName:
      - --name
      User-Agent:
      - python/3.7.4 (Windows-10-10.0.18362-SP0) msrest/0.6.9 msrest_azure/0.6.1 azure-mgmt-resource/3.1.0
        Azure-SDK-For-Python AZURECLI/2.0.71
      accept-language:
      - en-US
    method: GET
    uri: https://management.azure.com/subscriptions/00000000-0000-0000-0000-000000000000/providers/Microsoft.Management?api-version=2019-05-10
  response:
    body:
      string: '{"id":"/subscriptions/00000000-0000-0000-0000-000000000000/providers/Microsoft.Management","namespace":"Microsoft.Management","authorization":{"applicationId":"f2c304cf-8e7e-4c3f-8164-16299ad9d272","roleDefinitionId":"c1cf3708-588a-4647-be7f-f400bbe214cf"},"resourceTypes":[{"resourceType":"resources","locations":[],"apiVersions":["2017-11-01-preview","2017-08-31-preview","2017-06-30-preview","2017-05-31-preview"],"capabilities":"None"},{"resourceType":"managementGroups","locations":[],"apiVersions":["2018-03-01-preview","2018-03-01-beta","2018-03-01-alpha","2018-01-01-preview","2017-11-01-preview","2017-08-31-preview","2017-06-30-preview","2017-05-31-preview"],"capabilities":"None"},{"resourceType":"getEntities","locations":[],"apiVersions":["2018-03-01-preview","2018-03-01-beta","2018-03-01-alpha","2018-01-01-preview"],"capabilities":"None"},{"resourceType":"checkNameAvailability","locations":[],"apiVersions":["2018-03-01-preview","2018-03-01-beta","2018-03-01-alpha","2018-01-01-preview"],"capabilities":"None"},{"resourceType":"operationResults","locations":[],"apiVersions":["2018-03-01-preview","2018-03-01-beta","2018-03-01-alpha","2018-01-01-preview"],"capabilities":"None"},{"resourceType":"operations","locations":[],"apiVersions":["2018-03-01-preview","2018-03-01-beta","2018-03-01-alpha","2018-01-01-preview","2017-11-01-preview","2017-08-31-preview","2017-06-30-preview","2017-05-31-preview"],"capabilities":"None"},{"resourceType":"tenantBackfillStatus","locations":[],"apiVersions":["2018-03-01-preview","2018-03-01-beta","2018-03-01-alpha"],"capabilities":"None"},{"resourceType":"startTenantBackfill","locations":[],"apiVersions":["2018-03-01-preview","2018-03-01-beta","2018-03-01-alpha"],"capabilities":"None"}],"registrationState":"Registered","registrationPolicy":"RegistrationRequired"}'
    headers:
      cache-control:
      - no-cache
      content-length:
      - '1821'
      content-type:
      - application/json; charset=utf-8
      date:
      - Wed, 28 Aug 2019 02:50:49 GMT
      expires:
      - '-1'
      pragma:
      - no-cache
      strict-transport-security:
      - max-age=31536000; includeSubDomains
      vary:
      - Accept-Encoding
      x-content-type-options:
      - nosniff
    status:
      code: 200
      message: OK
- request:
    body: null
    headers:
      Accept:
      - application/json
      Accept-Encoding:
      - gzip, deflate
      Cache-Control:
      - no-cache
      CommandName:
      - account management-group delete
      Connection:
      - keep-alive
      Content-Length:
      - '0'
      ParameterSetName:
      - --name
      User-Agent:
      - python/3.7.4 (Windows-10-10.0.18362-SP0) msrest/0.6.9 msrest_azure/0.6.1 azure-mgmt-managementgroups/0.2.0
        Azure-SDK-For-Python AZURECLI/2.0.71
      accept-language:
      - en-US
    method: DELETE
    uri: https://management.azure.com/providers/Microsoft.Management/managementGroups/testcligroup?api-version=2018-03-01-preview
  response:
    body:
      string: '{"id":"/providers/Microsoft.Management/managementGroups/testcligroup","type":"/providers/Microsoft.Management/managementGroups","name":"testcligroup","status":"NotStarted"}'
    headers:
      cache-control:
      - no-cache
      content-length:
      - '172'
      content-type:
      - application/json; charset=utf-8
      date:
      - Wed, 28 Aug 2019 02:50:54 GMT
      expires:
      - '-1'
      location:
      - https://management.azure.com/providers/Microsoft.Management/operationResults/delete/managementGroups/testcligroup?api-version=2018-03-01-preview
      pragma:
      - no-cache
      request-id:
      - 4d1d8a86-7cff-4185-ba2a-2bc23f22a8cb
      server:
      - Microsoft-IIS/10.0
      strict-transport-security:
      - max-age=31536000; includeSubDomains
      x-aspnet-version:
      - 4.0.30319
      x-ba-restapi:
      - 1.0.3.1526
      x-content-type-options:
      - nosniff
      x-ms-ratelimit-remaining-tenant-deletes:
      - '14999'
      x-powered-by:
      - ASP.NET
    status:
      code: 202
      message: Accepted
- request:
    body: null
    headers:
      Accept:
      - application/json
      Accept-Encoding:
      - gzip, deflate
      CommandName:
      - account management-group delete
      Connection:
      - keep-alive
      ParameterSetName:
      - --name
      User-Agent:
      - python/3.7.4 (Windows-10-10.0.18362-SP0) msrest/0.6.9 msrest_azure/0.6.1 azure-mgmt-managementgroups/0.2.0
        Azure-SDK-For-Python AZURECLI/2.0.71
    method: GET
    uri: https://management.azure.com/providers/Microsoft.Management/operationResults/delete/managementGroups/testcligroup?api-version=2018-03-01-preview
  response:
    body:
      string: '{"id":"/providers/Microsoft.Management/managementGroups/testcligroup","type":"/providers/Microsoft.Management/managementGroups","name":"testcligroup","status":"Succeeded"}'
    headers:
      cache-control:
      - no-cache
      content-length:
      - '171'
      content-type:
      - application/json; charset=utf-8
      date:
      - Wed, 28 Aug 2019 02:51:04 GMT
      expires:
      - '-1'
      pragma:
      - no-cache
      request-id:
      - 99178c26-53d9-4753-8016-520cc3a7246a
      server:
      - Microsoft-IIS/10.0
      strict-transport-security:
      - max-age=31536000; includeSubDomains
      transfer-encoding:
      - chunked
      vary:
      - Accept-Encoding,Accept-Encoding
      x-aspnet-version:
      - 4.0.30319
      x-ba-restapi:
      - 1.0.3.1526
      x-content-type-options:
      - nosniff
      x-powered-by:
      - ASP.NET
    status:
      code: 200
      message: OK
version: 1
