interactions:
- request:
    body: "{\"properties\": {\"parameters\": {\"CrossRg\": {\"value\": \"cli_test_cross_rg_alt000001\"},
      \"StorageAccountName1\": {\"value\": \"crossrgbxuokivlkune7qnnd\"}, \"StorageAccountName2\":
      {\"value\": \"crossrgbqobnq2ynndh6vyfm\"}}, \"mode\": \"Incremental\", template:{\n
      \ \"$schema\": \"https://schema.management.azure.com/schemas/2015-01-01/deploymentTemplate.json#\",\n
      \ \"contentVersion\": \"1.0.0.0\",\n  \"parameters\": {\n    \"StorageAccountName1\":
      {\n      \"type\": \"string\",\n      \"defaultValue\": \"test1ddosdatest72\"\n
      \   },\n    \"StorageAccountName2\": {\n      \"type\": \"string\",\n      \"defaultValue\":
      \"test1ddfosatdest73\"\n    },\n    \"CrossRg\": {\n      \"type\": \"string\",\n
      \     \"defaultValue\": \"crossrg5\"\n    }\n  },\n  \"variables\": {},\n  \"resources\":
      [\n    {\n      \"apiVersion\": \"2017-05-10\",\n      \"name\": \"nestedTemplate\",\n
      \     \"type\": \"Microsoft.Resources/deployments\",\n      \"resourceGroup\":
      \"[parameters('CrossRg')]\",\n      \"properties\": {\n        \"mode\": \"Incremental\",\n
      \       \"template\": {\n          \"$schema\": \"https://schema.management.azure.com/schemas/2015-01-01/deploymentTemplate.json#\",\n
      \         \"contentVersion\": \"1.0.0.0\",\n          \"parameters\": {},\n
      \         \"variables\": {},\n          \"resources\": [\n            {\n              \"type\":
      \"Microsoft.Storage/storageAccounts\",\n              \"name\": \"[parameters('StorageAccountName2')]\",\n
      \             \"apiVersion\": \"2015-06-15\",\n              \"location\": \"West
      US\",\n              \"properties\": {\n                \"accountType\": \"Standard_LRS\"\n
      \             }\n            }\n          ],\n          \"outputs\": {\n            \"result\":
      {\n              \"value\": \"Hello World\",\n              \"type\": \"string\"\n
      \           }\n          }\n        },\n        \"parameters\": {}\n      }\n
      \   },\n    {\n      \"type\": \"Microsoft.Storage/storageAccounts\",\n      \"name\":
      \"[parameters('StorageAccountName1')]\",\n      \"apiVersion\": \"2015-06-15\",\n
      \     \"location\": \"West US\",\n      \"properties\": {\n        \"accountType\":
      \"Standard_LRS\"\n      }\n    }\n  ]\n}}}"
    headers:
      Accept:
      - application/json
      Accept-Encoding:
      - gzip, deflate
      CommandName:
      - group deployment validate
      Connection:
      - keep-alive
      Content-Length:
      - '1962'
      Content-Type:
      - application/json
      ParameterSetName:
      - -g --template-file --parameters
      User-Agent:
      - AZURECLI/2.45.0 azsdk-python-azure-mgmt-resource/22.0.0 Python/3.10.9 (Linux-5.15.0-1031-azure-x86_64-with-glibc2.31)
        VSTS_7b238909-6802-4b65-b90d-184bca47f458_build_220_0
    method: POST
    uri: https://management.azure.com/subscriptions/00000000-0000-0000-0000-000000000000/resourcegroups/cli_test_cross_rg_deploy000002/providers/Microsoft.Resources/deployments/mock-deployment/validate?api-version=2022-09-01
  response:
    body:
      string: '{"id":"/subscriptions/00000000-0000-0000-0000-000000000000/resourceGroups/cli_test_cross_rg_deploy000002/providers/Microsoft.Resources/deployments/deployment_dry_run","name":"deployment_dry_run","type":"Microsoft.Resources/deployments","properties":{"templateHash":"11501420484488122274","parameters":{"storageAccountName1":{"type":"String","value":"crossrgbxuokivlkune7qnnd"},"storageAccountName2":{"type":"String","value":"crossrgbqobnq2ynndh6vyfm"},"crossRg":{"type":"String","value":"cli_test_cross_rg_alt000001"}},"mode":"Incremental","provisioningState":"Succeeded","timestamp":"0001-01-01T00:00:00Z","duration":"PT0S","correlationId":"110b0c02-7489-4fd8-8fa6-77a60fe3efcb","providers":[{"namespace":"Microsoft.Resources","resourceTypes":[{"resourceType":"deployments","locations":[null]}]},{"namespace":"Microsoft.Storage","resourceTypes":[{"resourceType":"storageAccounts","locations":["westus"]}]}],"dependencies":[],"validatedResources":[{"id":"/subscriptions/00000000-0000-0000-0000-000000000000/resourceGroups/cli_test_cross_rg_alt000001/providers/Microsoft.Resources/deployments/nestedTemplate"},{"id":"/subscriptions/00000000-0000-0000-0000-000000000000/resourceGroups/cli_test_cross_rg_deploy000002/providers/Microsoft.Storage/storageAccounts/crossrgbxuokivlkune7qnnd"},{"id":"/subscriptions/00000000-0000-0000-0000-000000000000/resourceGroups/cli_test_cross_rg_alt000001/providers/Microsoft.Storage/storageAccounts/crossrgbqobnq2ynndh6vyfm"}]}}'
    headers:
      cache-control:
      - no-cache
      content-length:
      - '1460'
      content-type:
      - application/json; charset=utf-8
      date:
      - Tue, 07 Feb 2023 13:13:04 GMT
      expires:
      - '-1'
      pragma:
      - no-cache
      strict-transport-security:
      - max-age=31536000; includeSubDomains
      transfer-encoding:
      - chunked
      vary:
      - Accept-Encoding
      x-content-type-options:
      - nosniff
      x-ms-ratelimit-remaining-subscription-writes:
      - '1198'
    status:
      code: 200
      message: OK
- request:
    body: "{\"properties\": {\"parameters\": {\"CrossRg\": {\"value\": \"SomeRandomRG\"},
      \"StorageAccountName1\": {\"value\": \"crossrgbxuokivlkune7qnnd\"}, \"StorageAccountName2\":
      {\"value\": \"crossrgbqobnq2ynndh6vyfm\"}}, \"mode\": \"Incremental\", template:{\n
      \ \"$schema\": \"https://schema.management.azure.com/schemas/2015-01-01/deploymentTemplate.json#\",\n
      \ \"contentVersion\": \"1.0.0.0\",\n  \"parameters\": {\n    \"StorageAccountName1\":
      {\n      \"type\": \"string\",\n      \"defaultValue\": \"test1ddosdatest72\"\n
      \   },\n    \"StorageAccountName2\": {\n      \"type\": \"string\",\n      \"defaultValue\":
      \"test1ddfosatdest73\"\n    },\n    \"CrossRg\": {\n      \"type\": \"string\",\n
      \     \"defaultValue\": \"crossrg5\"\n    }\n  },\n  \"variables\": {},\n  \"resources\":
      [\n    {\n      \"apiVersion\": \"2017-05-10\",\n      \"name\": \"nestedTemplate\",\n
      \     \"type\": \"Microsoft.Resources/deployments\",\n      \"resourceGroup\":
      \"[parameters('CrossRg')]\",\n      \"properties\": {\n        \"mode\": \"Incremental\",\n
      \       \"template\": {\n          \"$schema\": \"https://schema.management.azure.com/schemas/2015-01-01/deploymentTemplate.json#\",\n
      \         \"contentVersion\": \"1.0.0.0\",\n          \"parameters\": {},\n
      \         \"variables\": {},\n          \"resources\": [\n            {\n              \"type\":
      \"Microsoft.Storage/storageAccounts\",\n              \"name\": \"[parameters('StorageAccountName2')]\",\n
      \             \"apiVersion\": \"2015-06-15\",\n              \"location\": \"West
      US\",\n              \"properties\": {\n                \"accountType\": \"Standard_LRS\"\n
      \             }\n            }\n          ],\n          \"outputs\": {\n            \"result\":
      {\n              \"value\": \"Hello World\",\n              \"type\": \"string\"\n
      \           }\n          }\n        },\n        \"parameters\": {}\n      }\n
      \   },\n    {\n      \"type\": \"Microsoft.Storage/storageAccounts\",\n      \"name\":
      \"[parameters('StorageAccountName1')]\",\n      \"apiVersion\": \"2015-06-15\",\n
      \     \"location\": \"West US\",\n      \"properties\": {\n        \"accountType\":
      \"Standard_LRS\"\n      }\n    }\n  ]\n}}}"
    headers:
      Accept:
      - application/json
      Accept-Encoding:
      - gzip, deflate
      CommandName:
      - group deployment validate
      Connection:
      - keep-alive
      Content-Length:
      - '1947'
      Content-Type:
      - application/json
      ParameterSetName:
      - -g --template-file --parameters
      User-Agent:
      - AZURECLI/2.45.0 azsdk-python-azure-mgmt-resource/22.0.0 Python/3.10.9 (Linux-5.15.0-1031-azure-x86_64-with-glibc2.31)
        VSTS_7b238909-6802-4b65-b90d-184bca47f458_build_220_0
    method: POST
    uri: https://management.azure.com/subscriptions/00000000-0000-0000-0000-000000000000/resourcegroups/cli_test_cross_rg_deploy000002/providers/Microsoft.Resources/deployments/mock-deployment/validate?api-version=2022-09-01
  response:
    body:
      string: '{"error":{"code":"ResourceGroupNotFound","message":"Resource group
        ''SomeRandomRG'' could not be found."}}'
    headers:
      cache-control:
      - no-cache
      content-length:
      - '104'
      content-type:
      - application/json; charset=utf-8
      date:
      - Tue, 07 Feb 2023 13:13:05 GMT
      expires:
      - '-1'
      pragma:
      - no-cache
      strict-transport-security:
      - max-age=31536000; includeSubDomains
      x-content-type-options:
      - nosniff
      x-ms-failure-cause:
      - gateway
      x-ms-ratelimit-remaining-subscription-writes:
      - '1199'
    status:
      code: 404
      message: Not Found
- request:
    body: "{\"properties\": {\"parameters\": {\"CrossRg\": {\"value\": \"cli_test_cross_rg_alt000001\"}},
      \"mode\": \"Incremental\", template:{\n  \"$schema\": \"https://schema.management.azure.com/schemas/2015-01-01/deploymentTemplate.json#\",\n
      \ \"contentVersion\": \"1.0.0.0\",\n  \"parameters\": {\n    \"StorageAccountName1\":
      {\n      \"type\": \"string\",\n      \"defaultValue\": \"test1ddosdatest72\"\n
      \   },\n    \"StorageAccountName2\": {\n      \"type\": \"string\",\n      \"defaultValue\":
      \"test1ddfosatdest73\"\n    },\n    \"CrossRg\": {\n      \"type\": \"string\",\n
      \     \"defaultValue\": \"crossrg5\"\n    }\n  },\n  \"variables\": {},\n  \"resources\":
      [\n    {\n      \"apiVersion\": \"2017-05-10\",\n      \"name\": \"nestedTemplate\",\n
      \     \"type\": \"Microsoft.Resources/deployments\",\n      \"resourceGroup\":
      \"[parameters('CrossRg')]\",\n      \"properties\": {\n        \"mode\": \"Incremental\",\n
      \       \"template\": {\n          \"$schema\": \"https://schema.management.azure.com/schemas/2015-01-01/deploymentTemplate.json#\",\n
      \         \"contentVersion\": \"1.0.0.0\",\n          \"parameters\": {},\n
      \         \"variables\": {},\n          \"resources\": [\n            {\n              \"type\":
      \"Microsoft.Storage/storageAccounts\",\n              \"name\": \"[parameters('StorageAccountName2')]\",\n
      \             \"apiVersion\": \"2015-06-15\",\n              \"location\": \"West
      US\",\n              \"properties\": {\n                \"accountType\": \"Standard_LRS\"\n
      \             }\n            }\n          ],\n          \"outputs\": {\n            \"result\":
      {\n              \"value\": \"Hello World\",\n              \"type\": \"string\"\n
      \           }\n          }\n        },\n        \"parameters\": {}\n      }\n
      \   },\n    {\n      \"type\": \"Microsoft.Storage/storageAccounts\",\n      \"name\":
      \"[parameters('StorageAccountName1')]\",\n      \"apiVersion\": \"2015-06-15\",\n
      \     \"location\": \"West US\",\n      \"properties\": {\n        \"accountType\":
      \"Standard_LRS\"\n      }\n    }\n  ]\n}}}"
    headers:
      Accept:
      - application/json
      Accept-Encoding:
      - gzip, deflate
      CommandName:
      - group deployment create
      Connection:
      - keep-alive
      Content-Length:
      - '1838'
      Content-Type:
      - application/json
      ParameterSetName:
      - -g -n --template-file --parameters
      User-Agent:
      - AZURECLI/2.45.0 azsdk-python-azure-mgmt-resource/22.0.0 Python/3.10.9 (Linux-5.15.0-1031-azure-x86_64-with-glibc2.31)
        VSTS_7b238909-6802-4b65-b90d-184bca47f458_build_220_0
    method: POST
    uri: https://management.azure.com/subscriptions/00000000-0000-0000-0000-000000000000/resourcegroups/cli_test_cross_rg_deploy000002/providers/Microsoft.Resources/deployments/mock-deployment/validate?api-version=2022-09-01
  response:
    body:
      string: '{"id":"/subscriptions/00000000-0000-0000-0000-000000000000/resourceGroups/cli_test_cross_rg_deploy000002/providers/Microsoft.Resources/deployments/azure-cli-crossrgdeployment000003","name":"azure-cli-crossrgdeployment000003","type":"Microsoft.Resources/deployments","properties":{"templateHash":"11501420484488122274","parameters":{"storageAccountName1":{"type":"String","value":"test1ddosdatest72"},"storageAccountName2":{"type":"String","value":"test1ddfosatdest73"},"crossRg":{"type":"String","value":"cli_test_cross_rg_alt000001"}},"mode":"Incremental","provisioningState":"Succeeded","timestamp":"0001-01-01T00:00:00Z","duration":"PT0S","correlationId":"911f6b4a-dd93-425c-a12b-5e00ebaff90e","providers":[{"namespace":"Microsoft.Resources","resourceTypes":[{"resourceType":"deployments","locations":[null]}]},{"namespace":"Microsoft.Storage","resourceTypes":[{"resourceType":"storageAccounts","locations":["westus"]}]}],"dependencies":[],"validatedResources":[{"id":"/subscriptions/00000000-0000-0000-0000-000000000000/resourceGroups/cli_test_cross_rg_alt000001/providers/Microsoft.Resources/deployments/nestedTemplate"},{"id":"/subscriptions/00000000-0000-0000-0000-000000000000/resourceGroups/cli_test_cross_rg_deploy000002/providers/Microsoft.Storage/storageAccounts/test1ddosdatest72"},{"id":"/subscriptions/00000000-0000-0000-0000-000000000000/resourceGroups/cli_test_cross_rg_alt000001/providers/Microsoft.Storage/storageAccounts/test1ddfosatdest73"}]}}'
    headers:
      cache-control:
      - no-cache
      content-length:
      - '1464'
      content-type:
      - application/json; charset=utf-8
      date:
      - Tue, 07 Feb 2023 13:13:07 GMT
      expires:
      - '-1'
      pragma:
      - no-cache
      strict-transport-security:
      - max-age=31536000; includeSubDomains
      x-content-type-options:
      - nosniff
      x-ms-ratelimit-remaining-subscription-writes:
      - '1199'
    status:
      code: 200
      message: OK
- request:
    body: "{\"properties\": {\"parameters\": {\"CrossRg\": {\"value\": \"cli_test_cross_rg_alt000001\"}},
      \"mode\": \"Incremental\", template:{\n  \"$schema\": \"https://schema.management.azure.com/schemas/2015-01-01/deploymentTemplate.json#\",\n
      \ \"contentVersion\": \"1.0.0.0\",\n  \"parameters\": {\n    \"StorageAccountName1\":
      {\n      \"type\": \"string\",\n      \"defaultValue\": \"test1ddosdatest72\"\n
      \   },\n    \"StorageAccountName2\": {\n      \"type\": \"string\",\n      \"defaultValue\":
      \"test1ddfosatdest73\"\n    },\n    \"CrossRg\": {\n      \"type\": \"string\",\n
      \     \"defaultValue\": \"crossrg5\"\n    }\n  },\n  \"variables\": {},\n  \"resources\":
      [\n    {\n      \"apiVersion\": \"2017-05-10\",\n      \"name\": \"nestedTemplate\",\n
      \     \"type\": \"Microsoft.Resources/deployments\",\n      \"resourceGroup\":
      \"[parameters('CrossRg')]\",\n      \"properties\": {\n        \"mode\": \"Incremental\",\n
      \       \"template\": {\n          \"$schema\": \"https://schema.management.azure.com/schemas/2015-01-01/deploymentTemplate.json#\",\n
      \         \"contentVersion\": \"1.0.0.0\",\n          \"parameters\": {},\n
      \         \"variables\": {},\n          \"resources\": [\n            {\n              \"type\":
      \"Microsoft.Storage/storageAccounts\",\n              \"name\": \"[parameters('StorageAccountName2')]\",\n
      \             \"apiVersion\": \"2015-06-15\",\n              \"location\": \"West
      US\",\n              \"properties\": {\n                \"accountType\": \"Standard_LRS\"\n
      \             }\n            }\n          ],\n          \"outputs\": {\n            \"result\":
      {\n              \"value\": \"Hello World\",\n              \"type\": \"string\"\n
      \           }\n          }\n        },\n        \"parameters\": {}\n      }\n
      \   },\n    {\n      \"type\": \"Microsoft.Storage/storageAccounts\",\n      \"name\":
      \"[parameters('StorageAccountName1')]\",\n      \"apiVersion\": \"2015-06-15\",\n
      \     \"location\": \"West US\",\n      \"properties\": {\n        \"accountType\":
      \"Standard_LRS\"\n      }\n    }\n  ]\n}}}"
    headers:
      Accept:
      - application/json
      Accept-Encoding:
      - gzip, deflate
      CommandName:
      - group deployment create
      Connection:
      - keep-alive
      Content-Length:
      - '1838'
      Content-Type:
      - application/json
      ParameterSetName:
      - -g -n --template-file --parameters
      User-Agent:
      - AZURECLI/2.45.0 azsdk-python-azure-mgmt-resource/22.0.0 Python/3.10.9 (Linux-5.15.0-1031-azure-x86_64-with-glibc2.31)
        VSTS_7b238909-6802-4b65-b90d-184bca47f458_build_220_0
    method: PUT
    uri: https://management.azure.com/subscriptions/00000000-0000-0000-0000-000000000000/resourcegroups/cli_test_cross_rg_deploy000002/providers/Microsoft.Resources/deployments/mock-deployment?api-version=2022-09-01
  response:
    body:
      string: '{"id":"/subscriptions/00000000-0000-0000-0000-000000000000/resourceGroups/cli_test_cross_rg_deploy000002/providers/Microsoft.Resources/deployments/azure-cli-crossrgdeployment000003","name":"azure-cli-crossrgdeployment000003","type":"Microsoft.Resources/deployments","properties":{"templateHash":"11501420484488122274","parameters":{"storageAccountName1":{"type":"String","value":"test1ddosdatest72"},"storageAccountName2":{"type":"String","value":"test1ddfosatdest73"},"crossRg":{"type":"String","value":"cli_test_cross_rg_alt000001"}},"mode":"Incremental","provisioningState":"Accepted","timestamp":"2023-02-07T13:13:10.7573847Z","duration":"PT0.0009437S","correlationId":"7f71ad31-808a-42f6-91a3-e94d8cf1ed03","providers":[{"namespace":"Microsoft.Resources","resourceTypes":[{"resourceType":"deployments","locations":[null]}]},{"namespace":"Microsoft.Storage","resourceTypes":[{"resourceType":"storageAccounts","locations":["westus"]}]}],"dependencies":[]}}'
    headers:
      azure-asyncoperation:
      - https://management.azure.com/subscriptions/00000000-0000-0000-0000-000000000000/resourcegroups/cli_test_cross_rg_deploy000002/providers/Microsoft.Resources/deployments/azure-cli-crossrgdeployment000003/operationStatuses/08585258312958577482?api-version=2022-09-01
      cache-control:
      - no-cache
      content-length:
      - '959'
      content-type:
      - application/json; charset=utf-8
      date:
      - Tue, 07 Feb 2023 13:13:10 GMT
      expires:
      - '-1'
      pragma:
      - no-cache
      strict-transport-security:
      - max-age=31536000; includeSubDomains
      x-content-type-options:
      - nosniff
      x-ms-ratelimit-remaining-subscription-writes:
      - '1199'
    status:
      code: 201
      message: Created
- request:
    body: null
    headers:
      Accept:
      - '*/*'
      Accept-Encoding:
      - gzip, deflate
      CommandName:
      - group deployment create
      Connection:
      - keep-alive
      ParameterSetName:
      - -g -n --template-file --parameters
      User-Agent:
      - AZURECLI/2.45.0 azsdk-python-azure-mgmt-resource/22.0.0 Python/3.10.9 (Linux-5.15.0-1031-azure-x86_64-with-glibc2.31)
        VSTS_7b238909-6802-4b65-b90d-184bca47f458_build_220_0
    method: GET
    uri: https://management.azure.com/subscriptions/00000000-0000-0000-0000-000000000000/resourcegroups/cli_test_cross_rg_deploy000002/providers/Microsoft.Resources/deployments/mock-deployment/operationStatuses/08585258312958577482?api-version=2022-09-01
  response:
    body:
      string: '{"status":"Running"}'
    headers:
      cache-control:
      - no-cache
      content-length:
      - '20'
      content-type:
      - application/json; charset=utf-8
      date:
      - Tue, 07 Feb 2023 13:13:41 GMT
      expires:
      - '-1'
      pragma:
      - no-cache
      strict-transport-security:
      - max-age=31536000; includeSubDomains
      x-content-type-options:
      - nosniff
    status:
      code: 200
      message: OK
- request:
    body: null
    headers:
      Accept:
      - '*/*'
      Accept-Encoding:
      - gzip, deflate
      CommandName:
      - group deployment create
      Connection:
      - keep-alive
      ParameterSetName:
      - -g -n --template-file --parameters
      User-Agent:
      - AZURECLI/2.45.0 azsdk-python-azure-mgmt-resource/22.0.0 Python/3.10.9 (Linux-5.15.0-1031-azure-x86_64-with-glibc2.31)
        VSTS_7b238909-6802-4b65-b90d-184bca47f458_build_220_0
    method: GET
    uri: https://management.azure.com/subscriptions/00000000-0000-0000-0000-000000000000/resourcegroups/cli_test_cross_rg_deploy000002/providers/Microsoft.Resources/deployments/mock-deployment/operationStatuses/08585258312958577482?api-version=2022-09-01
  response:
    body:
      string: '{"status":"Succeeded"}'
    headers:
      cache-control:
      - no-cache
      content-length:
      - '22'
      content-type:
      - application/json; charset=utf-8
      date:
      - Tue, 07 Feb 2023 13:14:11 GMT
      expires:
      - '-1'
      pragma:
      - no-cache
      strict-transport-security:
      - max-age=31536000; includeSubDomains
      x-content-type-options:
      - nosniff
    status:
      code: 200
      message: OK
- request:
    body: null
    headers:
      Accept:
      - '*/*'
      Accept-Encoding:
      - gzip, deflate
      CommandName:
      - group deployment create
      Connection:
      - keep-alive
      ParameterSetName:
      - -g -n --template-file --parameters
      User-Agent:
      - AZURECLI/2.45.0 azsdk-python-azure-mgmt-resource/22.0.0 Python/3.10.9 (Linux-5.15.0-1031-azure-x86_64-with-glibc2.31)
        VSTS_7b238909-6802-4b65-b90d-184bca47f458_build_220_0
    method: GET
    uri: https://management.azure.com/subscriptions/00000000-0000-0000-0000-000000000000/resourcegroups/cli_test_cross_rg_deploy000002/providers/Microsoft.Resources/deployments/mock-deployment?api-version=2022-09-01
  response:
    body:
      string: '{"id":"/subscriptions/00000000-0000-0000-0000-000000000000/resourceGroups/cli_test_cross_rg_deploy000002/providers/Microsoft.Resources/deployments/azure-cli-crossrgdeployment000003","name":"azure-cli-crossrgdeployment000003","type":"Microsoft.Resources/deployments","properties":{"templateHash":"11501420484488122274","parameters":{"storageAccountName1":{"type":"String","value":"test1ddosdatest72"},"storageAccountName2":{"type":"String","value":"test1ddfosatdest73"},"crossRg":{"type":"String","value":"cli_test_cross_rg_alt000001"}},"mode":"Incremental","provisioningState":"Succeeded","timestamp":"2023-02-07T13:14:00.683774Z","duration":"PT49.927333S","correlationId":"7f71ad31-808a-42f6-91a3-e94d8cf1ed03","providers":[{"namespace":"Microsoft.Resources","resourceTypes":[{"resourceType":"deployments","locations":[null]}]},{"namespace":"Microsoft.Storage","resourceTypes":[{"resourceType":"storageAccounts","locations":["westus"]}]}],"dependencies":[],"outputResources":[{"id":"/subscriptions/00000000-0000-0000-0000-000000000000/resourceGroups/cli_test_cross_rg_alt000001/providers/Microsoft.Storage/storageAccounts/test1ddfosatdest73"},{"id":"/subscriptions/00000000-0000-0000-0000-000000000000/resourceGroups/cli_test_cross_rg_deploy000002/providers/Microsoft.Storage/storageAccounts/test1ddosdatest72"}]}}'
    headers:
      cache-control:
      - no-cache
      content-length:
      - '1315'
      content-type:
      - application/json; charset=utf-8
      date:
      - Tue, 07 Feb 2023 13:14:11 GMT
      expires:
      - '-1'
      pragma:
      - no-cache
      strict-transport-security:
      - max-age=31536000; includeSubDomains
      x-content-type-options:
      - nosniff
    status:
      code: 200
      message: OK
- request:
    body: null
    headers:
      Accept:
      - application/json
      Accept-Encoding:
      - gzip, deflate
      CommandName:
      - group deployment list
      Connection:
      - keep-alive
      ParameterSetName:
      - -g
      User-Agent:
      - AZURECLI/2.45.0 azsdk-python-azure-mgmt-resource/22.0.0 Python/3.10.9 (Linux-5.15.0-1031-azure-x86_64-with-glibc2.31)
        VSTS_7b238909-6802-4b65-b90d-184bca47f458_build_220_0
    method: GET
    uri: https://management.azure.com/subscriptions/00000000-0000-0000-0000-000000000000/resourcegroups/cli_test_cross_rg_deploy000002/providers/Microsoft.Resources/deployments/?api-version=2022-09-01
  response:
    body:
      string: '{"value":[{"id":"/subscriptions/00000000-0000-0000-0000-000000000000/resourceGroups/cli_test_cross_rg_deploy000002/providers/Microsoft.Resources/deployments/azure-cli-crossrgdeployment000003","name":"azure-cli-crossrgdeployment000003","type":"Microsoft.Resources/deployments","properties":{"templateHash":"11501420484488122274","parameters":{"storageAccountName1":{"type":"String","value":"test1ddosdatest72"},"storageAccountName2":{"type":"String","value":"test1ddfosatdest73"},"crossRg":{"type":"String","value":"cli_test_cross_rg_alt000001"}},"mode":"Incremental","provisioningState":"Succeeded","timestamp":"2023-02-07T13:14:00.683774Z","duration":"PT49.927333S","correlationId":"7f71ad31-808a-42f6-91a3-e94d8cf1ed03","providers":[{"namespace":"Microsoft.Resources","resourceTypes":[{"resourceType":"deployments","locations":[null]}]},{"namespace":"Microsoft.Storage","resourceTypes":[{"resourceType":"storageAccounts","locations":["westus"]}]}],"dependencies":[],"outputResources":[{"id":"/subscriptions/00000000-0000-0000-0000-000000000000/resourceGroups/cli_test_cross_rg_alt000001/providers/Microsoft.Storage/storageAccounts/test1ddfosatdest73"},{"id":"/subscriptions/00000000-0000-0000-0000-000000000000/resourceGroups/cli_test_cross_rg_deploy000002/providers/Microsoft.Storage/storageAccounts/test1ddosdatest72"}]}}]}'
    headers:
      cache-control:
      - no-cache
      content-length:
      - '1327'
      content-type:
      - application/json; charset=utf-8
      date:
      - Tue, 07 Feb 2023 13:14:12 GMT
      expires:
      - '-1'
      pragma:
      - no-cache
      strict-transport-security:
      - max-age=31536000; includeSubDomains
      x-content-type-options:
      - nosniff
    status:
      code: 200
      message: OK
- request:
    body: null
    headers:
      Accept:
      - application/json
      Accept-Encoding:
      - gzip, deflate
      CommandName:
      - group deployment show
      Connection:
      - keep-alive
      ParameterSetName:
      - -g -n
      User-Agent:
      - AZURECLI/2.45.0 azsdk-python-azure-mgmt-resource/22.0.0 Python/3.10.9 (Linux-5.15.0-1031-azure-x86_64-with-glibc2.31)
        VSTS_7b238909-6802-4b65-b90d-184bca47f458_build_220_0
    method: GET
    uri: https://management.azure.com/subscriptions/00000000-0000-0000-0000-000000000000/resourcegroups/cli_test_cross_rg_deploy000002/providers/Microsoft.Resources/deployments/mock-deployment?api-version=2022-09-01
  response:
    body:
      string: '{"id":"/subscriptions/00000000-0000-0000-0000-000000000000/resourceGroups/cli_test_cross_rg_deploy000002/providers/Microsoft.Resources/deployments/azure-cli-crossrgdeployment000003","name":"azure-cli-crossrgdeployment000003","type":"Microsoft.Resources/deployments","properties":{"templateHash":"11501420484488122274","parameters":{"storageAccountName1":{"type":"String","value":"test1ddosdatest72"},"storageAccountName2":{"type":"String","value":"test1ddfosatdest73"},"crossRg":{"type":"String","value":"cli_test_cross_rg_alt000001"}},"mode":"Incremental","provisioningState":"Succeeded","timestamp":"2023-02-07T13:14:00.683774Z","duration":"PT49.927333S","correlationId":"7f71ad31-808a-42f6-91a3-e94d8cf1ed03","providers":[{"namespace":"Microsoft.Resources","resourceTypes":[{"resourceType":"deployments","locations":[null]}]},{"namespace":"Microsoft.Storage","resourceTypes":[{"resourceType":"storageAccounts","locations":["westus"]}]}],"dependencies":[],"outputResources":[{"id":"/subscriptions/00000000-0000-0000-0000-000000000000/resourceGroups/cli_test_cross_rg_alt000001/providers/Microsoft.Storage/storageAccounts/test1ddfosatdest73"},{"id":"/subscriptions/00000000-0000-0000-0000-000000000000/resourceGroups/cli_test_cross_rg_deploy000002/providers/Microsoft.Storage/storageAccounts/test1ddosdatest72"}]}}'
    headers:
      cache-control:
      - no-cache
      content-length:
      - '1315'
      content-type:
      - application/json; charset=utf-8
      date:
      - Tue, 07 Feb 2023 13:14:12 GMT
      expires:
      - '-1'
      pragma:
      - no-cache
      strict-transport-security:
      - max-age=31536000; includeSubDomains
      vary:
      - Accept-Encoding
      x-content-type-options:
      - nosniff
    status:
      code: 200
      message: OK
- request:
    body: null
    headers:
      Accept:
      - application/json
      Accept-Encoding:
      - gzip, deflate
      CommandName:
      - group deployment operation list
      Connection:
      - keep-alive
      ParameterSetName:
      - -g -n
      User-Agent:
      - AZURECLI/2.45.0 azsdk-python-azure-mgmt-resource/22.0.0 Python/3.10.9 (Linux-5.15.0-1031-azure-x86_64-with-glibc2.31)
        VSTS_7b238909-6802-4b65-b90d-184bca47f458_build_220_0
    method: GET
    uri: https://management.azure.com/subscriptions/00000000-0000-0000-0000-000000000000/resourcegroups/cli_test_cross_rg_deploy000002/deployments/mock-deployment/operations?api-version=2022-09-01
  response:
    body:
      string: '{"value":[{"id":"/subscriptions/00000000-0000-0000-0000-000000000000/resourceGroups/cli_test_cross_rg_deploy000002/providers/Microsoft.Resources/deployments/azure-cli-crossrgdeployment000003/operations/14810A13E343B88C","operationId":"14810A13E343B88C","properties":{"provisioningOperation":"Create","provisioningState":"Succeeded","timestamp":"2023-02-07T13:13:46.6472383Z","duration":"PT35.0689022S","trackingId":"a0e92c1a-58c0-4e97-9e07-162af90b16f3","statusCode":"OK","targetResource":{"id":"/subscriptions/00000000-0000-0000-0000-000000000000/resourceGroups/cli_test_cross_rg_deploy000002/providers/Microsoft.Storage/storageAccounts/test1ddosdatest72","resourceType":"Microsoft.Storage/storageAccounts","resourceName":"test1ddosdatest72"}}},{"id":"/subscriptions/00000000-0000-0000-0000-000000000000/resourceGroups/cli_test_cross_rg_deploy000002/providers/Microsoft.Resources/deployments/azure-cli-crossrgdeployment000003/operations/C49A74CED1400897","operationId":"C49A74CED1400897","properties":{"provisioningOperation":"Create","provisioningState":"Succeeded","timestamp":"2023-02-07T13:13:59.3630487Z","duration":"PT47.7847126S","trackingId":"5386568c-6018-41e2-96b5-01245d37cfb7","statusCode":"OK","targetResource":{"id":"/subscriptions/00000000-0000-0000-0000-000000000000/resourceGroups/cli_test_cross_rg_alt000001/providers/Microsoft.Resources/deployments/nestedTemplate","resourceType":"Microsoft.Resources/deployments","resourceName":"nestedTemplate"}}},{"id":"/subscriptions/00000000-0000-0000-0000-000000000000/resourceGroups/cli_test_cross_rg_deploy000002/providers/Microsoft.Resources/deployments/azure-cli-crossrgdeployment000003/operations/08585258312958577482","operationId":"08585258312958577482","properties":{"provisioningOperation":"EvaluateDeploymentOutput","provisioningState":"Succeeded","timestamp":"2023-02-07T13:14:00.4558069Z","duration":"PT0.6340636S","trackingId":"c38a6306-c738-4765-94eb-476e0b878f3b","statusCode":"OK"}}]}'
    headers:
      cache-control:
      - no-cache
      content-length:
      - '1959'
      content-type:
      - application/json; charset=utf-8
      date:
      - Tue, 07 Feb 2023 13:14:12 GMT
      expires:
      - '-1'
      pragma:
      - no-cache
      strict-transport-security:
      - max-age=31536000; includeSubDomains
      x-content-type-options:
      - nosniff
    status:
      code: 200
      message: OK
version: 1
