interactions:
- request:
    body: '{"location": "WestUS"}'
    headers:
      Accept:
      - application/json
      Accept-Encoding:
      - gzip, deflate
      CommandName:
      - group create
      Connection:
      - keep-alive
      Content-Length:
      - '22'
      Content-Type:
      - application/json; charset=utf-8
      ParameterSetName:
      - --name --location
      User-Agent:
      - python/3.8.1 (Windows-10-10.0.17763-SP0) msrest/0.6.11 msrest_azure/0.6.2
        azure-mgmt-resource/8.0.1 Azure-SDK-For-Python AZURECLI/2.2.0
      accept-language:
      - en-US
    method: PUT
    uri: https://management.azure.com/subscriptions/00000000-0000-0000-0000-000000000000/resourcegroups/cli_test_resource_group_deployment?api-version=2019-07-01
  response:
    body:
      string: '{"id":"/subscriptions/00000000-0000-0000-0000-000000000000/resourceGroups/cli_test_resource_group_deployment","name":"cli_test_resource_group_deployment","type":"Microsoft.Resources/resourceGroups","location":"westus","tags":{"StorageType":"Standard_LRS","type":"test"},"properties":{"provisioningState":"Succeeded"}}'
    headers:
      cache-control:
      - no-cache
      content-length:
      - '317'
      content-type:
      - application/json; charset=utf-8
      date:
      - Wed, 18 Mar 2020 03:27:40 GMT
      expires:
      - '-1'
      pragma:
      - no-cache
      strict-transport-security:
      - max-age=31536000; includeSubDomains
      x-content-type-options:
      - nosniff
      x-ms-ratelimit-remaining-subscription-writes:
      - '1199'
    status:
      code: 201
      message: Created
- request:
    body: "{\"properties\": {\"parameters\": {\"location\": {\"value\": \"westus\"},
      \"name\": {\"value\": \"azure-cli-deploy-test-nsg1\"}}, \"mode\": \"Incremental\",
      template:{\r\n  \"$schema\": \"https://schema.management.azure.com/schemas/2015-01-01/deploymentTemplate.json#\",\r\n
      \ \"contentVersion\": \"1.0.0.0\",\r\n  \"parameters\": {\r\n    \"location\":
      {\r\n      \"type\": \"string\",\r\n      \"defaultValue\": \"[resourceGroup().location]\",\r\n
      \     \"metadata\": {\r\n        \"description\": \"Location for the network
      security group.\"\r\n      }\r\n    },\r\n    \"name\": {\r\n      \"type\":
      \"string\",\r\n      \"metadata\": {\r\n        \"description\": \"Name of the
      network security group.\"\r\n      }\r\n    }\r\n  },\r\n  \"variables\": {\r\n
      \ },\r\n  \"resources\": [\r\n    {\r\n      \"type\": \"Microsoft.Network/networkSecurityGroups\",\r\n
      \     \"name\": \"[parameters('name')]\",\r\n      \"apiVersion\": \"2015-06-15\",\r\n
      \     \"location\": \"[parameters('location')]\",\r\n      \"properties\": {\r\n
      \       \"securityRules\": [\r\n        ]\r\n      },\r\n      \"dependsOn\":
      [ ]\r\n    }\r\n  ],\r\n  \"outputs\": {\r\n    \"NewNSG\": {\r\n      \"type\":
      \"object\",\r\n      \"value\": \"[reference(parameters('name'))]\"\r\n    }\r\n
      \ } // comment\r\n}\r\n}}"
    headers:
      Accept:
      - application/json
      Accept-Encoding:
      - gzip, deflate
      CommandName:
      - deployment group validate
      Connection:
      - keep-alive
      Content-Length:
      - '1117'
      Content-Type:
      - application/json; charset=utf-8
      ParameterSetName:
      - --resource-group --template-file --parameters
      User-Agent:
      - python/3.8.1 (Windows-10-10.0.17763-SP0) msrest/0.6.11 msrest_azure/0.6.2
        azure-mgmt-resource/8.0.1 Azure-SDK-For-Python AZURECLI/2.2.0
      accept-language:
      - en-US
    method: POST
    uri: https://management.azure.com/subscriptions/00000000-0000-0000-0000-000000000000/resourcegroups/cli_test_resource_group_deployment/providers/Microsoft.Resources/deployments/mock-deployment/validate?api-version=2019-07-01
  response:
    body:
      string: '{"id":"/subscriptions/00000000-0000-0000-0000-000000000000/resourceGroups/cli_test_resource_group_deployment/providers/Microsoft.Resources/deployments/simple_deploy","name":"simple_deploy","type":"Microsoft.Resources/deployments","properties":{"templateHash":"18214098974183646216","parameters":{"location":{"type":"String","value":"westus"},"name":{"type":"String","value":"azure-cli-deploy-test-nsg1"}},"mode":"Incremental","provisioningState":"Succeeded","timestamp":"2020-03-18T03:27:43.6620717Z","duration":"PT0S","correlationId":"52a18bdb-671b-48c5-8724-15228822b0c6","providers":[{"namespace":"Microsoft.Network","resourceTypes":[{"resourceType":"networkSecurityGroups","locations":["westus"]}]}],"dependencies":[],"validatedResources":[{"id":"/subscriptions/00000000-0000-0000-0000-000000000000/resourceGroups/cli_test_resource_group_deployment/providers/Microsoft.Network/networkSecurityGroups/azure-cli-deploy-test-nsg1"}]}}'
    headers:
      cache-control:
      - no-cache
      content-length:
      - '934'
      content-type:
      - application/json; charset=utf-8
      date:
      - Wed, 18 Mar 2020 03:27:44 GMT
      expires:
      - '-1'
      pragma:
      - no-cache
      strict-transport-security:
      - max-age=31536000; includeSubDomains
      transfer-encoding:
      - chunked
      vary:
      - Accept-Encoding
      x-content-type-options:
      - nosniff
      x-ms-ratelimit-remaining-subscription-writes:
      - '1199'
    status:
      code: 200
      message: OK
- request:
    body: "{\"properties\": {\"parameters\": {\"location\": {\"value\": \"westus\"},
      \"name\": {\"value\": \"azure-cli-deploy-test-nsg1\"}}, \"mode\": \"Incremental\",
      template:{\r\n  \"$schema\": \"https://schema.management.azure.com/schemas/2015-01-01/deploymentTemplate.json#\",\r\n
      \ \"contentVersion\": \"1.0.0.0\",\r\n  \"parameters\": {\r\n    \"location\":
      {\r\n      \"type\": \"string\",\r\n      \"defaultValue\": \"[resourceGroup().location]\",\r\n
      \     \"metadata\": {\r\n        \"description\": \"Location for the network
      security group.\"\r\n      }\r\n    },\r\n    \"name\": {\r\n      \"type\":
      \"string\",\r\n      \"metadata\": {\r\n        \"description\": \"Name of the
      network security group.\"\r\n      }\r\n    }\r\n  },\r\n  \"variables\": {\r\n
      \ },\r\n  \"resources\": [\r\n    {\r\n      \"type\": \"Microsoft.Network/networkSecurityGroups\",\r\n
      \     \"name\": \"[parameters('name')]\",\r\n      \"apiVersion\": \"2015-06-15\",\r\n
      \     \"location\": \"[parameters('location')]\",\r\n      \"properties\": {\r\n
      \       \"securityRules\": [\r\n        ]\r\n      },\r\n      \"dependsOn\":
      [ ]\r\n    }\r\n  ],\r\n  \"outputs\": {\r\n    \"NewNSG\": {\r\n      \"type\":
      \"object\",\r\n      \"value\": \"[reference(parameters('name'))]\"\r\n    }\r\n
      \ } // comment\r\n}\r\n}}"
    headers:
      Accept:
      - application/json
      Accept-Encoding:
      - gzip, deflate
      CommandName:
      - deployment group create
      Connection:
      - keep-alive
      Content-Length:
      - '1117'
      Content-Type:
      - application/json; charset=utf-8
      ParameterSetName:
      - --resource-group -n --template-file --parameters
      User-Agent:
      - python/3.8.1 (Windows-10-10.0.17763-SP0) msrest/0.6.11 msrest_azure/0.6.2
        azure-mgmt-resource/8.0.1 Azure-SDK-For-Python AZURECLI/2.2.0
      accept-language:
      - en-US
    method: POST
    uri: https://management.azure.com/subscriptions/00000000-0000-0000-0000-000000000000/resourcegroups/cli_test_resource_group_deployment/providers/Microsoft.Resources/deployments/mock-deployment/validate?api-version=2019-07-01
  response:
    body:
      string: '{"id":"/subscriptions/00000000-0000-0000-0000-000000000000/resourceGroups/cli_test_resource_group_deployment/providers/Microsoft.Resources/deployments/azure-cli-resource-group-deployment000002","name":"azure-cli-resource-group-deployment000002","type":"Microsoft.Resources/deployments","properties":{"templateHash":"18214098974183646216","parameters":{"location":{"type":"String","value":"westus"},"name":{"type":"String","value":"azure-cli-deploy-test-nsg1"}},"mode":"Incremental","provisioningState":"Succeeded","timestamp":"2020-03-18T03:27:47.2660736Z","duration":"PT0S","correlationId":"b1f241f3-6ccd-465f-816b-b5aae2724e89","providers":[{"namespace":"Microsoft.Network","resourceTypes":[{"resourceType":"networkSecurityGroups","locations":["westus"]}]}],"dependencies":[],"validatedResources":[{"id":"/subscriptions/00000000-0000-0000-0000-000000000000/resourceGroups/cli_test_resource_group_deployment/providers/Microsoft.Network/networkSecurityGroups/azure-cli-deploy-test-nsg1"}]}}'
    headers:
      cache-control:
      - no-cache
      content-length:
      - '1028'
      content-type:
      - application/json; charset=utf-8
      date:
      - Wed, 18 Mar 2020 03:27:48 GMT
      expires:
      - '-1'
      pragma:
      - no-cache
      strict-transport-security:
      - max-age=31536000; includeSubDomains
      transfer-encoding:
      - chunked
      vary:
      - Accept-Encoding
      x-content-type-options:
      - nosniff
      x-ms-ratelimit-remaining-subscription-writes:
      - '1199'
    status:
      code: 200
      message: OK
- request:
    body: "{\"properties\": {\"parameters\": {\"location\": {\"value\": \"westus\"},
      \"name\": {\"value\": \"azure-cli-deploy-test-nsg1\"}}, \"mode\": \"Incremental\",
      template:{\r\n  \"$schema\": \"https://schema.management.azure.com/schemas/2015-01-01/deploymentTemplate.json#\",\r\n
      \ \"contentVersion\": \"1.0.0.0\",\r\n  \"parameters\": {\r\n    \"location\":
      {\r\n      \"type\": \"string\",\r\n      \"defaultValue\": \"[resourceGroup().location]\",\r\n
      \     \"metadata\": {\r\n        \"description\": \"Location for the network
      security group.\"\r\n      }\r\n    },\r\n    \"name\": {\r\n      \"type\":
      \"string\",\r\n      \"metadata\": {\r\n        \"description\": \"Name of the
      network security group.\"\r\n      }\r\n    }\r\n  },\r\n  \"variables\": {\r\n
      \ },\r\n  \"resources\": [\r\n    {\r\n      \"type\": \"Microsoft.Network/networkSecurityGroups\",\r\n
      \     \"name\": \"[parameters('name')]\",\r\n      \"apiVersion\": \"2015-06-15\",\r\n
      \     \"location\": \"[parameters('location')]\",\r\n      \"properties\": {\r\n
      \       \"securityRules\": [\r\n        ]\r\n      },\r\n      \"dependsOn\":
      [ ]\r\n    }\r\n  ],\r\n  \"outputs\": {\r\n    \"NewNSG\": {\r\n      \"type\":
      \"object\",\r\n      \"value\": \"[reference(parameters('name'))]\"\r\n    }\r\n
      \ } // comment\r\n}\r\n}}"
    headers:
      Accept:
      - application/json
      Accept-Encoding:
      - gzip, deflate
      CommandName:
      - deployment group create
      Connection:
      - keep-alive
      Content-Length:
      - '1117'
      Content-Type:
      - application/json; charset=utf-8
      ParameterSetName:
      - --resource-group -n --template-file --parameters
      User-Agent:
      - python/3.8.1 (Windows-10-10.0.17763-SP0) msrest/0.6.11 msrest_azure/0.6.2
        azure-mgmt-resource/8.0.1 Azure-SDK-For-Python AZURECLI/2.2.0
      accept-language:
      - en-US
    method: PUT
    uri: https://management.azure.com/subscriptions/00000000-0000-0000-0000-000000000000/resourcegroups/cli_test_resource_group_deployment/providers/Microsoft.Resources/deployments/mock-deployment?api-version=2019-07-01
  response:
    body:
      string: '{"id":"/subscriptions/00000000-0000-0000-0000-000000000000/resourceGroups/cli_test_resource_group_deployment/providers/Microsoft.Resources/deployments/azure-cli-resource-group-deployment000002","name":"azure-cli-resource-group-deployment000002","type":"Microsoft.Resources/deployments","properties":{"templateHash":"18214098974183646216","parameters":{"location":{"type":"String","value":"westus"},"name":{"type":"String","value":"azure-cli-deploy-test-nsg1"}},"mode":"Incremental","provisioningState":"Accepted","timestamp":"2020-03-18T03:27:52.0185236Z","duration":"PT2.2125811S","correlationId":"1594cc03-5117-4cc1-bb26-ea53c6c8fa4c","providers":[{"namespace":"Microsoft.Network","resourceTypes":[{"resourceType":"networkSecurityGroups","locations":["westus"]}]}],"dependencies":[]}}'
    headers:
      azure-asyncoperation:
      - https://management.azure.com/subscriptions/00000000-0000-0000-0000-000000000000/resourcegroups/cli_test_resource_group_deployment/providers/Microsoft.Resources/deployments/azure-cli-resource-group-deployment000002/operationStatuses/08586171048156716684?api-version=2019-07-01
      cache-control:
      - no-cache
      content-length:
      - '824'
      content-type:
      - application/json; charset=utf-8
      date:
      - Wed, 18 Mar 2020 03:27:52 GMT
      expires:
      - '-1'
      pragma:
      - no-cache
      strict-transport-security:
      - max-age=31536000; includeSubDomains
      x-content-type-options:
      - nosniff
      x-ms-ratelimit-remaining-subscription-writes:
      - '1199'
    status:
      code: 201
      message: Created
- request:
    body: null
    headers:
      Accept:
      - application/json
      Accept-Encoding:
      - gzip, deflate
      CommandName:
      - deployment group create
      Connection:
      - keep-alive
      ParameterSetName:
      - --resource-group -n --template-file --parameters
      User-Agent:
      - python/3.8.1 (Windows-10-10.0.17763-SP0) msrest/0.6.11 msrest_azure/0.6.2
        azure-mgmt-resource/8.0.1 Azure-SDK-For-Python AZURECLI/2.2.0
    method: GET
    uri: https://management.azure.com/subscriptions/00000000-0000-0000-0000-000000000000/resourcegroups/cli_test_resource_group_deployment/providers/Microsoft.Resources/deployments/mock-deployment/operationStatuses/08586171048156716684?api-version=2019-07-01
  response:
    body:
      string: '{"status":"Running"}'
    headers:
      cache-control:
      - no-cache
      content-length:
      - '20'
      content-type:
      - application/json; charset=utf-8
      date:
      - Wed, 18 Mar 2020 03:28:23 GMT
      expires:
      - '-1'
      pragma:
      - no-cache
      strict-transport-security:
      - max-age=31536000; includeSubDomains
      vary:
      - Accept-Encoding
      x-content-type-options:
      - nosniff
    status:
      code: 200
      message: OK
- request:
    body: null
    headers:
      Accept:
      - application/json
      Accept-Encoding:
      - gzip, deflate
      CommandName:
      - deployment group create
      Connection:
      - keep-alive
      ParameterSetName:
      - --resource-group -n --template-file --parameters
      User-Agent:
      - python/3.8.1 (Windows-10-10.0.17763-SP0) msrest/0.6.11 msrest_azure/0.6.2
        azure-mgmt-resource/8.0.1 Azure-SDK-For-Python AZURECLI/2.2.0
    method: GET
    uri: https://management.azure.com/subscriptions/00000000-0000-0000-0000-000000000000/resourcegroups/cli_test_resource_group_deployment/providers/Microsoft.Resources/deployments/mock-deployment/operationStatuses/08586171048156716684?api-version=2019-07-01
  response:
    body:
      string: '{"status":"Running"}'
    headers:
      cache-control:
      - no-cache
      content-length:
      - '20'
      content-type:
      - application/json; charset=utf-8
      date:
      - Wed, 18 Mar 2020 03:28:55 GMT
      expires:
      - '-1'
      pragma:
      - no-cache
      strict-transport-security:
      - max-age=31536000; includeSubDomains
      vary:
      - Accept-Encoding
      x-content-type-options:
      - nosniff
    status:
      code: 200
      message: OK
- request:
    body: null
    headers:
      Accept:
      - application/json
      Accept-Encoding:
      - gzip, deflate
      CommandName:
      - deployment group create
      Connection:
      - keep-alive
      ParameterSetName:
      - --resource-group -n --template-file --parameters
      User-Agent:
      - python/3.8.1 (Windows-10-10.0.17763-SP0) msrest/0.6.11 msrest_azure/0.6.2
        azure-mgmt-resource/8.0.1 Azure-SDK-For-Python AZURECLI/2.2.0
    method: GET
    uri: https://management.azure.com/subscriptions/00000000-0000-0000-0000-000000000000/resourcegroups/cli_test_resource_group_deployment/providers/Microsoft.Resources/deployments/mock-deployment/operationStatuses/08586171048156716684?api-version=2019-07-01
  response:
    body:
      string: '{"status":"Running"}'
    headers:
      cache-control:
      - no-cache
      content-length:
      - '20'
      content-type:
      - application/json; charset=utf-8
      date:
      - Wed, 18 Mar 2020 03:29:27 GMT
      expires:
      - '-1'
      pragma:
      - no-cache
      strict-transport-security:
      - max-age=31536000; includeSubDomains
      vary:
      - Accept-Encoding
      x-content-type-options:
      - nosniff
    status:
      code: 200
      message: OK
- request:
    body: null
    headers:
      Accept:
      - application/json
      Accept-Encoding:
      - gzip, deflate
      CommandName:
      - deployment group create
      Connection:
      - keep-alive
      ParameterSetName:
      - --resource-group -n --template-file --parameters
      User-Agent:
      - python/3.8.1 (Windows-10-10.0.17763-SP0) msrest/0.6.11 msrest_azure/0.6.2
        azure-mgmt-resource/8.0.1 Azure-SDK-For-Python AZURECLI/2.2.0
    method: GET
    uri: https://management.azure.com/subscriptions/00000000-0000-0000-0000-000000000000/resourcegroups/cli_test_resource_group_deployment/providers/Microsoft.Resources/deployments/mock-deployment/operationStatuses/08586171048156716684?api-version=2019-07-01
  response:
    body:
      string: '{"status":"Running"}'
    headers:
      cache-control:
      - no-cache
      content-length:
      - '20'
      content-type:
      - application/json; charset=utf-8
      date:
      - Wed, 18 Mar 2020 03:29:56 GMT
      expires:
      - '-1'
      pragma:
      - no-cache
      strict-transport-security:
      - max-age=31536000; includeSubDomains
      vary:
      - Accept-Encoding
      x-content-type-options:
      - nosniff
    status:
      code: 200
      message: OK
- request:
    body: null
    headers:
      Accept:
      - application/json
      Accept-Encoding:
      - gzip, deflate
      CommandName:
      - deployment group create
      Connection:
      - keep-alive
      ParameterSetName:
      - --resource-group -n --template-file --parameters
      User-Agent:
      - python/3.8.1 (Windows-10-10.0.17763-SP0) msrest/0.6.11 msrest_azure/0.6.2
        azure-mgmt-resource/8.0.1 Azure-SDK-For-Python AZURECLI/2.2.0
    method: GET
    uri: https://management.azure.com/subscriptions/00000000-0000-0000-0000-000000000000/resourcegroups/cli_test_resource_group_deployment/providers/Microsoft.Resources/deployments/mock-deployment/operationStatuses/08586171048156716684?api-version=2019-07-01
  response:
    body:
      string: '{"status":"Succeeded"}'
    headers:
      cache-control:
      - no-cache
      content-length:
      - '22'
      content-type:
      - application/json; charset=utf-8
      date:
      - Wed, 18 Mar 2020 03:30:27 GMT
      expires:
      - '-1'
      pragma:
      - no-cache
      strict-transport-security:
      - max-age=31536000; includeSubDomains
      vary:
      - Accept-Encoding
      x-content-type-options:
      - nosniff
    status:
      code: 200
      message: OK
- request:
    body: null
    headers:
      Accept:
      - application/json
      Accept-Encoding:
      - gzip, deflate
      CommandName:
      - deployment group create
      Connection:
      - keep-alive
      ParameterSetName:
      - --resource-group -n --template-file --parameters
      User-Agent:
      - python/3.8.1 (Windows-10-10.0.17763-SP0) msrest/0.6.11 msrest_azure/0.6.2
        azure-mgmt-resource/8.0.1 Azure-SDK-For-Python AZURECLI/2.2.0
    method: GET
    uri: https://management.azure.com/subscriptions/00000000-0000-0000-0000-000000000000/resourcegroups/cli_test_resource_group_deployment/providers/Microsoft.Resources/deployments/mock-deployment?api-version=2019-07-01
  response:
    body:
      string: '{"id":"/subscriptions/00000000-0000-0000-0000-000000000000/resourceGroups/cli_test_resource_group_deployment/providers/Microsoft.Resources/deployments/azure-cli-resource-group-deployment000002","name":"azure-cli-resource-group-deployment000002","type":"Microsoft.Resources/deployments","properties":{"templateHash":"18214098974183646216","parameters":{"location":{"type":"String","value":"westus"},"name":{"type":"String","value":"azure-cli-deploy-test-nsg1"}},"mode":"Incremental","provisioningState":"Succeeded","timestamp":"2020-03-18T03:29:58.9782752Z","duration":"PT2M9.1723327S","correlationId":"1594cc03-5117-4cc1-bb26-ea53c6c8fa4c","providers":[{"namespace":"Microsoft.Network","resourceTypes":[{"resourceType":"networkSecurityGroups","locations":["westus"]}]}],"dependencies":[],"outputs":{"newNSG":{"type":"Object","value":{"provisioningState":"Succeeded","resourceGuid":"f8a56fa5-d25d-469d-86d6-93742e9b089f","securityRules":[],"defaultSecurityRules":[{"name":"AllowVnetInBound","id":"/subscriptions/00000000-0000-0000-0000-000000000000/resourceGroups/cli_test_resource_group_deployment/providers/Microsoft.Network/networkSecurityGroups/azure-cli-deploy-test-nsg1/defaultSecurityRules/AllowVnetInBound","etag":"W/\"fb0a423b-5326-495f-86bb-96af516d93f0\"","type":"Microsoft.Network/networkSecurityGroups/defaultSecurityRules","properties":{"provisioningState":"Succeeded","description":"Allow
        inbound traffic from all VMs in VNET","protocol":"*","sourcePortRange":"*","destinationPortRange":"*","sourceAddressPrefix":"VirtualNetwork","destinationAddressPrefix":"VirtualNetwork","access":"Allow","priority":65000,"direction":"Inbound"}},{"name":"AllowAzureLoadBalancerInBound","id":"/subscriptions/00000000-0000-0000-0000-000000000000/resourceGroups/cli_test_resource_group_deployment/providers/Microsoft.Network/networkSecurityGroups/azure-cli-deploy-test-nsg1/defaultSecurityRules/AllowAzureLoadBalancerInBound","etag":"W/\"fb0a423b-5326-495f-86bb-96af516d93f0\"","type":"Microsoft.Network/networkSecurityGroups/defaultSecurityRules","properties":{"provisioningState":"Succeeded","description":"Allow
        inbound traffic from azure load balancer","protocol":"*","sourcePortRange":"*","destinationPortRange":"*","sourceAddressPrefix":"AzureLoadBalancer","destinationAddressPrefix":"*","access":"Allow","priority":65001,"direction":"Inbound"}},{"name":"DenyAllInBound","id":"/subscriptions/00000000-0000-0000-0000-000000000000/resourceGroups/cli_test_resource_group_deployment/providers/Microsoft.Network/networkSecurityGroups/azure-cli-deploy-test-nsg1/defaultSecurityRules/DenyAllInBound","etag":"W/\"fb0a423b-5326-495f-86bb-96af516d93f0\"","type":"Microsoft.Network/networkSecurityGroups/defaultSecurityRules","properties":{"provisioningState":"Succeeded","description":"Deny
        all inbound traffic","protocol":"*","sourcePortRange":"*","destinationPortRange":"*","sourceAddressPrefix":"*","destinationAddressPrefix":"*","access":"Deny","priority":65500,"direction":"Inbound"}},{"name":"AllowVnetOutBound","id":"/subscriptions/00000000-0000-0000-0000-000000000000/resourceGroups/cli_test_resource_group_deployment/providers/Microsoft.Network/networkSecurityGroups/azure-cli-deploy-test-nsg1/defaultSecurityRules/AllowVnetOutBound","etag":"W/\"fb0a423b-5326-495f-86bb-96af516d93f0\"","type":"Microsoft.Network/networkSecurityGroups/defaultSecurityRules","properties":{"provisioningState":"Succeeded","description":"Allow
        outbound traffic from all VMs to all VMs in VNET","protocol":"*","sourcePortRange":"*","destinationPortRange":"*","sourceAddressPrefix":"VirtualNetwork","destinationAddressPrefix":"VirtualNetwork","access":"Allow","priority":65000,"direction":"Outbound"}},{"name":"AllowInternetOutBound","id":"/subscriptions/00000000-0000-0000-0000-000000000000/resourceGroups/cli_test_resource_group_deployment/providers/Microsoft.Network/networkSecurityGroups/azure-cli-deploy-test-nsg1/defaultSecurityRules/AllowInternetOutBound","etag":"W/\"fb0a423b-5326-495f-86bb-96af516d93f0\"","type":"Microsoft.Network/networkSecurityGroups/defaultSecurityRules","properties":{"provisioningState":"Succeeded","description":"Allow
        outbound traffic from all VMs to Internet","protocol":"*","sourcePortRange":"*","destinationPortRange":"*","sourceAddressPrefix":"*","destinationAddressPrefix":"Internet","access":"Allow","priority":65001,"direction":"Outbound"}},{"name":"DenyAllOutBound","id":"/subscriptions/00000000-0000-0000-0000-000000000000/resourceGroups/cli_test_resource_group_deployment/providers/Microsoft.Network/networkSecurityGroups/azure-cli-deploy-test-nsg1/defaultSecurityRules/DenyAllOutBound","etag":"W/\"fb0a423b-5326-495f-86bb-96af516d93f0\"","type":"Microsoft.Network/networkSecurityGroups/defaultSecurityRules","properties":{"provisioningState":"Succeeded","description":"Deny
        all outbound traffic","protocol":"*","sourcePortRange":"*","destinationPortRange":"*","sourceAddressPrefix":"*","destinationAddressPrefix":"*","access":"Deny","priority":65500,"direction":"Outbound"}}]}}},"outputResources":[{"id":"/subscriptions/00000000-0000-0000-0000-000000000000/resourceGroups/cli_test_resource_group_deployment/providers/Microsoft.Network/networkSecurityGroups/azure-cli-deploy-test-nsg1"}]}}'
    headers:
      cache-control:
      - no-cache
      content-length:
      - '5250'
      content-type:
      - application/json; charset=utf-8
      date:
      - Wed, 18 Mar 2020 03:30:28 GMT
      expires:
      - '-1'
      pragma:
      - no-cache
      strict-transport-security:
      - max-age=31536000; includeSubDomains
      vary:
      - Accept-Encoding
      x-content-type-options:
      - nosniff
    status:
      code: 200
      message: OK
- request:
    body: null
    headers:
      Accept:
      - application/json
      Accept-Encoding:
      - gzip, deflate
      CommandName:
      - deployment group list
      Connection:
      - keep-alive
      ParameterSetName:
      - --resource-group
      User-Agent:
      - python/3.8.1 (Windows-10-10.0.17763-SP0) msrest/0.6.11 msrest_azure/0.6.2
        azure-mgmt-resource/8.0.1 Azure-SDK-For-Python AZURECLI/2.2.0
      accept-language:
      - en-US
    method: GET
    uri: https://management.azure.com/subscriptions/00000000-0000-0000-0000-000000000000/resourcegroups/cli_test_resource_group_deployment/providers/Microsoft.Resources/deployments/?api-version=2019-07-01
  response:
    body:
      string: '{"value":[{"id":"/subscriptions/00000000-0000-0000-0000-000000000000/resourceGroups/cli_test_resource_group_deployment/providers/Microsoft.Resources/deployments/azure-cli-resource-group-deployment000002","name":"azure-cli-resource-group-deployment000002","type":"Microsoft.Resources/deployments","properties":{"templateHash":"18214098974183646216","parameters":{"location":{"type":"String","value":"westus"},"name":{"type":"String","value":"azure-cli-deploy-test-nsg1"}},"mode":"Incremental","provisioningState":"Succeeded","timestamp":"2020-03-18T03:29:58.9782752Z","duration":"PT2M9.1723327S","correlationId":"1594cc03-5117-4cc1-bb26-ea53c6c8fa4c","providers":[{"namespace":"Microsoft.Network","resourceTypes":[{"resourceType":"networkSecurityGroups","locations":["westus"]}]}],"dependencies":[],"outputs":{"newNSG":{"type":"Object","value":{"provisioningState":"Succeeded","resourceGuid":"f8a56fa5-d25d-469d-86d6-93742e9b089f","securityRules":[],"defaultSecurityRules":[{"name":"AllowVnetInBound","id":"/subscriptions/00000000-0000-0000-0000-000000000000/resourceGroups/cli_test_resource_group_deployment/providers/Microsoft.Network/networkSecurityGroups/azure-cli-deploy-test-nsg1/defaultSecurityRules/AllowVnetInBound","etag":"W/\"fb0a423b-5326-495f-86bb-96af516d93f0\"","type":"Microsoft.Network/networkSecurityGroups/defaultSecurityRules","properties":{"provisioningState":"Succeeded","description":"Allow
        inbound traffic from all VMs in VNET","protocol":"*","sourcePortRange":"*","destinationPortRange":"*","sourceAddressPrefix":"VirtualNetwork","destinationAddressPrefix":"VirtualNetwork","access":"Allow","priority":65000,"direction":"Inbound"}},{"name":"AllowAzureLoadBalancerInBound","id":"/subscriptions/00000000-0000-0000-0000-000000000000/resourceGroups/cli_test_resource_group_deployment/providers/Microsoft.Network/networkSecurityGroups/azure-cli-deploy-test-nsg1/defaultSecurityRules/AllowAzureLoadBalancerInBound","etag":"W/\"fb0a423b-5326-495f-86bb-96af516d93f0\"","type":"Microsoft.Network/networkSecurityGroups/defaultSecurityRules","properties":{"provisioningState":"Succeeded","description":"Allow
        inbound traffic from azure load balancer","protocol":"*","sourcePortRange":"*","destinationPortRange":"*","sourceAddressPrefix":"AzureLoadBalancer","destinationAddressPrefix":"*","access":"Allow","priority":65001,"direction":"Inbound"}},{"name":"DenyAllInBound","id":"/subscriptions/00000000-0000-0000-0000-000000000000/resourceGroups/cli_test_resource_group_deployment/providers/Microsoft.Network/networkSecurityGroups/azure-cli-deploy-test-nsg1/defaultSecurityRules/DenyAllInBound","etag":"W/\"fb0a423b-5326-495f-86bb-96af516d93f0\"","type":"Microsoft.Network/networkSecurityGroups/defaultSecurityRules","properties":{"provisioningState":"Succeeded","description":"Deny
        all inbound traffic","protocol":"*","sourcePortRange":"*","destinationPortRange":"*","sourceAddressPrefix":"*","destinationAddressPrefix":"*","access":"Deny","priority":65500,"direction":"Inbound"}},{"name":"AllowVnetOutBound","id":"/subscriptions/00000000-0000-0000-0000-000000000000/resourceGroups/cli_test_resource_group_deployment/providers/Microsoft.Network/networkSecurityGroups/azure-cli-deploy-test-nsg1/defaultSecurityRules/AllowVnetOutBound","etag":"W/\"fb0a423b-5326-495f-86bb-96af516d93f0\"","type":"Microsoft.Network/networkSecurityGroups/defaultSecurityRules","properties":{"provisioningState":"Succeeded","description":"Allow
        outbound traffic from all VMs to all VMs in VNET","protocol":"*","sourcePortRange":"*","destinationPortRange":"*","sourceAddressPrefix":"VirtualNetwork","destinationAddressPrefix":"VirtualNetwork","access":"Allow","priority":65000,"direction":"Outbound"}},{"name":"AllowInternetOutBound","id":"/subscriptions/00000000-0000-0000-0000-000000000000/resourceGroups/cli_test_resource_group_deployment/providers/Microsoft.Network/networkSecurityGroups/azure-cli-deploy-test-nsg1/defaultSecurityRules/AllowInternetOutBound","etag":"W/\"fb0a423b-5326-495f-86bb-96af516d93f0\"","type":"Microsoft.Network/networkSecurityGroups/defaultSecurityRules","properties":{"provisioningState":"Succeeded","description":"Allow
        outbound traffic from all VMs to Internet","protocol":"*","sourcePortRange":"*","destinationPortRange":"*","sourceAddressPrefix":"*","destinationAddressPrefix":"Internet","access":"Allow","priority":65001,"direction":"Outbound"}},{"name":"DenyAllOutBound","id":"/subscriptions/00000000-0000-0000-0000-000000000000/resourceGroups/cli_test_resource_group_deployment/providers/Microsoft.Network/networkSecurityGroups/azure-cli-deploy-test-nsg1/defaultSecurityRules/DenyAllOutBound","etag":"W/\"fb0a423b-5326-495f-86bb-96af516d93f0\"","type":"Microsoft.Network/networkSecurityGroups/defaultSecurityRules","properties":{"provisioningState":"Succeeded","description":"Deny
        all outbound traffic","protocol":"*","sourcePortRange":"*","destinationPortRange":"*","sourceAddressPrefix":"*","destinationAddressPrefix":"*","access":"Deny","priority":65500,"direction":"Outbound"}}]}}},"outputResources":[{"id":"/subscriptions/00000000-0000-0000-0000-000000000000/resourceGroups/cli_test_resource_group_deployment/providers/Microsoft.Network/networkSecurityGroups/azure-cli-deploy-test-nsg1"}]}}]}'
    headers:
      cache-control:
      - no-cache
      content-length:
      - '5262'
      content-type:
      - application/json; charset=utf-8
      date:
      - Wed, 18 Mar 2020 03:30:30 GMT
      expires:
      - '-1'
      pragma:
      - no-cache
      strict-transport-security:
      - max-age=31536000; includeSubDomains
      vary:
      - Accept-Encoding
      x-content-type-options:
      - nosniff
    status:
      code: 200
      message: OK
- request:
    body: null
    headers:
      Accept:
      - application/json
      Accept-Encoding:
      - gzip, deflate
      CommandName:
      - deployment group list
      Connection:
      - keep-alive
      ParameterSetName:
      - --resource-group --filter
      User-Agent:
      - python/3.8.1 (Windows-10-10.0.17763-SP0) msrest/0.6.11 msrest_azure/0.6.2
        azure-mgmt-resource/8.0.1 Azure-SDK-For-Python AZURECLI/2.2.0
      accept-language:
      - en-US
    method: GET
    uri: https://management.azure.com/subscriptions/00000000-0000-0000-0000-000000000000/resourcegroups/cli_test_resource_group_deployment/providers/Microsoft.Resources/deployments/?$filter=provisioningState%20eq%20%27Succeeded%27&api-version=2019-07-01
  response:
    body:
      string: '{"value":[{"id":"/subscriptions/00000000-0000-0000-0000-000000000000/resourceGroups/cli_test_resource_group_deployment/providers/Microsoft.Resources/deployments/azure-cli-resource-group-deployment000002","name":"azure-cli-resource-group-deployment000002","type":"Microsoft.Resources/deployments","properties":{"templateHash":"18214098974183646216","parameters":{"location":{"type":"String","value":"westus"},"name":{"type":"String","value":"azure-cli-deploy-test-nsg1"}},"mode":"Incremental","provisioningState":"Succeeded","timestamp":"2020-03-18T03:29:58.9782752Z","duration":"PT2M9.1723327S","correlationId":"1594cc03-5117-4cc1-bb26-ea53c6c8fa4c","providers":[{"namespace":"Microsoft.Network","resourceTypes":[{"resourceType":"networkSecurityGroups","locations":["westus"]}]}],"dependencies":[],"outputs":{"newNSG":{"type":"Object","value":{"provisioningState":"Succeeded","resourceGuid":"f8a56fa5-d25d-469d-86d6-93742e9b089f","securityRules":[],"defaultSecurityRules":[{"name":"AllowVnetInBound","id":"/subscriptions/00000000-0000-0000-0000-000000000000/resourceGroups/cli_test_resource_group_deployment/providers/Microsoft.Network/networkSecurityGroups/azure-cli-deploy-test-nsg1/defaultSecurityRules/AllowVnetInBound","etag":"W/\"fb0a423b-5326-495f-86bb-96af516d93f0\"","type":"Microsoft.Network/networkSecurityGroups/defaultSecurityRules","properties":{"provisioningState":"Succeeded","description":"Allow
        inbound traffic from all VMs in VNET","protocol":"*","sourcePortRange":"*","destinationPortRange":"*","sourceAddressPrefix":"VirtualNetwork","destinationAddressPrefix":"VirtualNetwork","access":"Allow","priority":65000,"direction":"Inbound"}},{"name":"AllowAzureLoadBalancerInBound","id":"/subscriptions/00000000-0000-0000-0000-000000000000/resourceGroups/cli_test_resource_group_deployment/providers/Microsoft.Network/networkSecurityGroups/azure-cli-deploy-test-nsg1/defaultSecurityRules/AllowAzureLoadBalancerInBound","etag":"W/\"fb0a423b-5326-495f-86bb-96af516d93f0\"","type":"Microsoft.Network/networkSecurityGroups/defaultSecurityRules","properties":{"provisioningState":"Succeeded","description":"Allow
        inbound traffic from azure load balancer","protocol":"*","sourcePortRange":"*","destinationPortRange":"*","sourceAddressPrefix":"AzureLoadBalancer","destinationAddressPrefix":"*","access":"Allow","priority":65001,"direction":"Inbound"}},{"name":"DenyAllInBound","id":"/subscriptions/00000000-0000-0000-0000-000000000000/resourceGroups/cli_test_resource_group_deployment/providers/Microsoft.Network/networkSecurityGroups/azure-cli-deploy-test-nsg1/defaultSecurityRules/DenyAllInBound","etag":"W/\"fb0a423b-5326-495f-86bb-96af516d93f0\"","type":"Microsoft.Network/networkSecurityGroups/defaultSecurityRules","properties":{"provisioningState":"Succeeded","description":"Deny
        all inbound traffic","protocol":"*","sourcePortRange":"*","destinationPortRange":"*","sourceAddressPrefix":"*","destinationAddressPrefix":"*","access":"Deny","priority":65500,"direction":"Inbound"}},{"name":"AllowVnetOutBound","id":"/subscriptions/00000000-0000-0000-0000-000000000000/resourceGroups/cli_test_resource_group_deployment/providers/Microsoft.Network/networkSecurityGroups/azure-cli-deploy-test-nsg1/defaultSecurityRules/AllowVnetOutBound","etag":"W/\"fb0a423b-5326-495f-86bb-96af516d93f0\"","type":"Microsoft.Network/networkSecurityGroups/defaultSecurityRules","properties":{"provisioningState":"Succeeded","description":"Allow
        outbound traffic from all VMs to all VMs in VNET","protocol":"*","sourcePortRange":"*","destinationPortRange":"*","sourceAddressPrefix":"VirtualNetwork","destinationAddressPrefix":"VirtualNetwork","access":"Allow","priority":65000,"direction":"Outbound"}},{"name":"AllowInternetOutBound","id":"/subscriptions/00000000-0000-0000-0000-000000000000/resourceGroups/cli_test_resource_group_deployment/providers/Microsoft.Network/networkSecurityGroups/azure-cli-deploy-test-nsg1/defaultSecurityRules/AllowInternetOutBound","etag":"W/\"fb0a423b-5326-495f-86bb-96af516d93f0\"","type":"Microsoft.Network/networkSecurityGroups/defaultSecurityRules","properties":{"provisioningState":"Succeeded","description":"Allow
        outbound traffic from all VMs to Internet","protocol":"*","sourcePortRange":"*","destinationPortRange":"*","sourceAddressPrefix":"*","destinationAddressPrefix":"Internet","access":"Allow","priority":65001,"direction":"Outbound"}},{"name":"DenyAllOutBound","id":"/subscriptions/00000000-0000-0000-0000-000000000000/resourceGroups/cli_test_resource_group_deployment/providers/Microsoft.Network/networkSecurityGroups/azure-cli-deploy-test-nsg1/defaultSecurityRules/DenyAllOutBound","etag":"W/\"fb0a423b-5326-495f-86bb-96af516d93f0\"","type":"Microsoft.Network/networkSecurityGroups/defaultSecurityRules","properties":{"provisioningState":"Succeeded","description":"Deny
        all outbound traffic","protocol":"*","sourcePortRange":"*","destinationPortRange":"*","sourceAddressPrefix":"*","destinationAddressPrefix":"*","access":"Deny","priority":65500,"direction":"Outbound"}}]}}},"outputResources":[{"id":"/subscriptions/00000000-0000-0000-0000-000000000000/resourceGroups/cli_test_resource_group_deployment/providers/Microsoft.Network/networkSecurityGroups/azure-cli-deploy-test-nsg1"}]}}]}'
    headers:
      cache-control:
      - no-cache
      content-length:
      - '5262'
      content-type:
      - application/json; charset=utf-8
      date:
      - Wed, 18 Mar 2020 03:30:32 GMT
      expires:
      - '-1'
      pragma:
      - no-cache
      strict-transport-security:
      - max-age=31536000; includeSubDomains
      vary:
      - Accept-Encoding
      x-content-type-options:
      - nosniff
    status:
      code: 200
      message: OK
- request:
    body: null
    headers:
      Accept:
      - application/json
      Accept-Encoding:
      - gzip, deflate
      CommandName:
      - deployment group show
      Connection:
      - keep-alive
      ParameterSetName:
      - --resource-group -n
      User-Agent:
      - python/3.8.1 (Windows-10-10.0.17763-SP0) msrest/0.6.11 msrest_azure/0.6.2
        azure-mgmt-resource/8.0.1 Azure-SDK-For-Python AZURECLI/2.2.0
      accept-language:
      - en-US
    method: GET
    uri: https://management.azure.com/subscriptions/00000000-0000-0000-0000-000000000000/resourcegroups/cli_test_resource_group_deployment/providers/Microsoft.Resources/deployments/mock-deployment?api-version=2019-07-01
  response:
    body:
      string: '{"id":"/subscriptions/00000000-0000-0000-0000-000000000000/resourceGroups/cli_test_resource_group_deployment/providers/Microsoft.Resources/deployments/azure-cli-resource-group-deployment000002","name":"azure-cli-resource-group-deployment000002","type":"Microsoft.Resources/deployments","properties":{"templateHash":"18214098974183646216","parameters":{"location":{"type":"String","value":"westus"},"name":{"type":"String","value":"azure-cli-deploy-test-nsg1"}},"mode":"Incremental","provisioningState":"Succeeded","timestamp":"2020-03-18T03:29:58.9782752Z","duration":"PT2M9.1723327S","correlationId":"1594cc03-5117-4cc1-bb26-ea53c6c8fa4c","providers":[{"namespace":"Microsoft.Network","resourceTypes":[{"resourceType":"networkSecurityGroups","locations":["westus"]}]}],"dependencies":[],"outputs":{"newNSG":{"type":"Object","value":{"provisioningState":"Succeeded","resourceGuid":"f8a56fa5-d25d-469d-86d6-93742e9b089f","securityRules":[],"defaultSecurityRules":[{"name":"AllowVnetInBound","id":"/subscriptions/00000000-0000-0000-0000-000000000000/resourceGroups/cli_test_resource_group_deployment/providers/Microsoft.Network/networkSecurityGroups/azure-cli-deploy-test-nsg1/defaultSecurityRules/AllowVnetInBound","etag":"W/\"fb0a423b-5326-495f-86bb-96af516d93f0\"","type":"Microsoft.Network/networkSecurityGroups/defaultSecurityRules","properties":{"provisioningState":"Succeeded","description":"Allow
        inbound traffic from all VMs in VNET","protocol":"*","sourcePortRange":"*","destinationPortRange":"*","sourceAddressPrefix":"VirtualNetwork","destinationAddressPrefix":"VirtualNetwork","access":"Allow","priority":65000,"direction":"Inbound"}},{"name":"AllowAzureLoadBalancerInBound","id":"/subscriptions/00000000-0000-0000-0000-000000000000/resourceGroups/cli_test_resource_group_deployment/providers/Microsoft.Network/networkSecurityGroups/azure-cli-deploy-test-nsg1/defaultSecurityRules/AllowAzureLoadBalancerInBound","etag":"W/\"fb0a423b-5326-495f-86bb-96af516d93f0\"","type":"Microsoft.Network/networkSecurityGroups/defaultSecurityRules","properties":{"provisioningState":"Succeeded","description":"Allow
        inbound traffic from azure load balancer","protocol":"*","sourcePortRange":"*","destinationPortRange":"*","sourceAddressPrefix":"AzureLoadBalancer","destinationAddressPrefix":"*","access":"Allow","priority":65001,"direction":"Inbound"}},{"name":"DenyAllInBound","id":"/subscriptions/00000000-0000-0000-0000-000000000000/resourceGroups/cli_test_resource_group_deployment/providers/Microsoft.Network/networkSecurityGroups/azure-cli-deploy-test-nsg1/defaultSecurityRules/DenyAllInBound","etag":"W/\"fb0a423b-5326-495f-86bb-96af516d93f0\"","type":"Microsoft.Network/networkSecurityGroups/defaultSecurityRules","properties":{"provisioningState":"Succeeded","description":"Deny
        all inbound traffic","protocol":"*","sourcePortRange":"*","destinationPortRange":"*","sourceAddressPrefix":"*","destinationAddressPrefix":"*","access":"Deny","priority":65500,"direction":"Inbound"}},{"name":"AllowVnetOutBound","id":"/subscriptions/00000000-0000-0000-0000-000000000000/resourceGroups/cli_test_resource_group_deployment/providers/Microsoft.Network/networkSecurityGroups/azure-cli-deploy-test-nsg1/defaultSecurityRules/AllowVnetOutBound","etag":"W/\"fb0a423b-5326-495f-86bb-96af516d93f0\"","type":"Microsoft.Network/networkSecurityGroups/defaultSecurityRules","properties":{"provisioningState":"Succeeded","description":"Allow
        outbound traffic from all VMs to all VMs in VNET","protocol":"*","sourcePortRange":"*","destinationPortRange":"*","sourceAddressPrefix":"VirtualNetwork","destinationAddressPrefix":"VirtualNetwork","access":"Allow","priority":65000,"direction":"Outbound"}},{"name":"AllowInternetOutBound","id":"/subscriptions/00000000-0000-0000-0000-000000000000/resourceGroups/cli_test_resource_group_deployment/providers/Microsoft.Network/networkSecurityGroups/azure-cli-deploy-test-nsg1/defaultSecurityRules/AllowInternetOutBound","etag":"W/\"fb0a423b-5326-495f-86bb-96af516d93f0\"","type":"Microsoft.Network/networkSecurityGroups/defaultSecurityRules","properties":{"provisioningState":"Succeeded","description":"Allow
        outbound traffic from all VMs to Internet","protocol":"*","sourcePortRange":"*","destinationPortRange":"*","sourceAddressPrefix":"*","destinationAddressPrefix":"Internet","access":"Allow","priority":65001,"direction":"Outbound"}},{"name":"DenyAllOutBound","id":"/subscriptions/00000000-0000-0000-0000-000000000000/resourceGroups/cli_test_resource_group_deployment/providers/Microsoft.Network/networkSecurityGroups/azure-cli-deploy-test-nsg1/defaultSecurityRules/DenyAllOutBound","etag":"W/\"fb0a423b-5326-495f-86bb-96af516d93f0\"","type":"Microsoft.Network/networkSecurityGroups/defaultSecurityRules","properties":{"provisioningState":"Succeeded","description":"Deny
        all outbound traffic","protocol":"*","sourcePortRange":"*","destinationPortRange":"*","sourceAddressPrefix":"*","destinationAddressPrefix":"*","access":"Deny","priority":65500,"direction":"Outbound"}}]}}},"outputResources":[{"id":"/subscriptions/00000000-0000-0000-0000-000000000000/resourceGroups/cli_test_resource_group_deployment/providers/Microsoft.Network/networkSecurityGroups/azure-cli-deploy-test-nsg1"}]}}'
    headers:
      cache-control:
      - no-cache
      content-length:
      - '5250'
      content-type:
      - application/json; charset=utf-8
      date:
      - Wed, 18 Mar 2020 03:30:34 GMT
      expires:
      - '-1'
      pragma:
      - no-cache
      strict-transport-security:
      - max-age=31536000; includeSubDomains
      vary:
      - Accept-Encoding
      x-content-type-options:
      - nosniff
    status:
      code: 200
      message: OK
- request:
    body: null
    headers:
      Accept:
      - application/json
      Accept-Encoding:
      - gzip, deflate
      CommandName:
      - deployment group export
      Connection:
      - keep-alive
      Content-Length:
      - '0'
      ParameterSetName:
      - --resource-group -n
      User-Agent:
      - python/3.8.1 (Windows-10-10.0.17763-SP0) msrest/0.6.11 msrest_azure/0.6.2
        azure-mgmt-resource/8.0.1 Azure-SDK-For-Python AZURECLI/2.2.0
      accept-language:
      - en-US
    method: POST
    uri: https://management.azure.com/subscriptions/00000000-0000-0000-0000-000000000000/resourcegroups/cli_test_resource_group_deployment/providers/Microsoft.Resources/deployments/mock-deployment/exportTemplate?api-version=2019-07-01
  response:
    body:
      string: '{"template":{"$schema":"https://schema.management.azure.com/schemas/2015-01-01/deploymentTemplate.json#","contentVersion":"1.0.0.0","parameters":{"location":{"defaultValue":"[resourceGroup().location]","type":"String","metadata":{"description":"Location
        for the network security group."}},"name":{"type":"String","metadata":{"description":"Name
        of the network security group."}}},"variables":{},"resources":[{"type":"Microsoft.Network/networkSecurityGroups","apiVersion":"2015-06-15","name":"[parameters(''name'')]","location":"[parameters(''location'')]","dependsOn":[],"properties":{"securityRules":[]}}],"outputs":{"NewNSG":{"type":"Object","value":"[reference(parameters(''name''))]"}}}}'
    headers:
      cache-control:
      - no-cache
      content-length:
      - '685'
      content-type:
      - application/json; charset=utf-8
      date:
      - Wed, 18 Mar 2020 03:30:34 GMT
      expires:
      - '-1'
      pragma:
      - no-cache
      strict-transport-security:
      - max-age=31536000; includeSubDomains
      transfer-encoding:
      - chunked
      vary:
      - Accept-Encoding
      x-content-type-options:
      - nosniff
      x-ms-ratelimit-remaining-subscription-writes:
      - '1197'
    status:
      code: 200
      message: OK
- request:
    body: null
    headers:
      Accept:
      - application/json
      Accept-Encoding:
      - gzip, deflate
      CommandName:
      - deployment operation group list
      Connection:
      - keep-alive
      ParameterSetName:
      - --resource-group -n
      User-Agent:
      - python/3.8.1 (Windows-10-10.0.17763-SP0) msrest/0.6.11 msrest_azure/0.6.2
        azure-mgmt-resource/8.0.1 Azure-SDK-For-Python AZURECLI/2.2.0
      accept-language:
      - en-US
    method: GET
    uri: https://management.azure.com/subscriptions/00000000-0000-0000-0000-000000000000/resourcegroups/cli_test_resource_group_deployment/deployments/mock-deployment/operations?api-version=2019-07-01
  response:
    body:
      string: '{"value":[{"id":"/subscriptions/00000000-0000-0000-0000-000000000000/resourceGroups/cli_test_resource_group_deployment/providers/Microsoft.Resources/deployments/azure-cli-resource-group-deployment000002/operations/69665740225A0518","operationId":"69665740225A0518","properties":{"provisioningOperation":"Create","provisioningState":"Succeeded","timestamp":"2020-03-18T03:29:58.8189116Z","duration":"PT2M5.0438032S","trackingId":"6543989f-f434-47b6-803e-477633280dae","serviceRequestId":"636fa29a-a0ed-4ede-a151-402e2df6544b","statusCode":"OK","targetResource":{"id":"/subscriptions/00000000-0000-0000-0000-000000000000/resourceGroups/cli_test_resource_group_deployment/providers/Microsoft.Network/networkSecurityGroups/azure-cli-deploy-test-nsg1","resourceType":"Microsoft.Network/networkSecurityGroups","resourceName":"azure-cli-deploy-test-nsg1"}}},{"id":"/subscriptions/00000000-0000-0000-0000-000000000000/resourceGroups/cli_test_resource_group_deployment/providers/Microsoft.Resources/deployments/azure-cli-resource-group-deployment000002/operations/08586171048156716684","operationId":"08586171048156716684","properties":{"provisioningOperation":"EvaluateDeploymentOutput","provisioningState":"Succeeded","timestamp":"2020-03-18T03:29:58.9533422Z","duration":"PT0.0444379S","trackingId":"1bcaf9a4-923b-47ec-98e4-80a77208d9e8","statusCode":"OK","statusMessage":null}}]}'
    headers:
      cache-control:
      - no-cache
      content-length:
      - '1412'
      content-type:
      - application/json; charset=utf-8
      date:
      - Wed, 18 Mar 2020 03:30:37 GMT
      expires:
      - '-1'
      pragma:
      - no-cache
      strict-transport-security:
      - max-age=31536000; includeSubDomains
      vary:
      - Accept-Encoding
      x-content-type-options:
      - nosniff
    status:
      code: 200
      message: OK
version: 1
