interactions:
- request:
    body: null
    headers:
      Accept:
      - application/json
      Accept-Encoding:
      - gzip, deflate
      CommandName:
      - policy set-definition show
      Connection:
      - keep-alive
      ParameterSetName:
      - --name
      User-Agent:
      - AZURECLI/2.73.0 azsdk-python-core/1.31.0 Python/3.12.10 (Windows-11-10.0.26100-SP0)
    method: GET
    uri: https://management.azure.com/providers/Microsoft.Authorization/policySetDefinitions/095e4ed9-c835-4ab6-9439-b5644362a06c?api-version=2024-05-01
  response:
    body:
      string: '{"properties":{"displayName":"Audit machines with insecure password
        security settings","policyType":"BuiltIn","description":"This initiative deploys
        the policy requirements and audits machines with insecure password security
        settings. For more information on Guest Configuration policies, please visit
        https://aka.ms/gcpol","metadata":{"version":"1.1.0","category":"Guest Configuration"},"version":"1.1.0","parameters":{"IncludeArcMachines":{"type":"String","metadata":{"displayName":"Include
        Arc connected servers","description":"By selecting this option, you agree
        to be charged monthly per Arc connected machine."},"allowedValues":["true","false"],"defaultValue":"false"},"MaximumPasswordAge":{"type":"String","metadata":{"displayName":"Maximum
        password age","description":"The Maximum password age setting determines the
        period of time (in days) that a password can be used before the system requires
        the user to change it."},"defaultValue":"70"},"MinimumPasswordAge":{"type":"String","metadata":{"displayName":"Minimum
        password age","description":"The Minimum password age setting determines the
        period of time (in days) that a password must be used before the user can
        change it."},"defaultValue":"1"},"EnforcePasswordHistory":{"type":"String","metadata":{"displayName":"Enforce
        password history","description":"The Enforce password history setting determines
        the number of unique new passwords that must be associated with a user account
        before an old password can be reused."},"defaultValue":"24"},"MinimumPasswordLength":{"type":"String","metadata":{"displayName":"Minimum
        password length","description":"The Minimum password length setting determines
        the least number of characters that can make up a password for a user account."},"defaultValue":"14"}},"policyDefinitions":[{"policyDefinitionReferenceId":"AINE_MaximumPasswordAge","policyDefinitionId":"/providers/Microsoft.Authorization/policyDefinitions/4ceb8dc2-559c-478b-a15b-733fbf1e3738","definitionVersion":"2.*.*","parameters":{"IncludeArcMachines":{"value":"[parameters(''IncludeArcMachines'')]"},"MaximumPasswordAge":{"value":"[parameters(''MaximumPasswordAge'')]"}}},{"policyDefinitionReferenceId":"AINE_MinimumPasswordAge","policyDefinitionId":"/providers/Microsoft.Authorization/policyDefinitions/237b38db-ca4d-4259-9e47-7882441ca2c0","definitionVersion":"2.*.*","parameters":{"IncludeArcMachines":{"value":"[parameters(''IncludeArcMachines'')]"},"MinimumPasswordAge":{"value":"[parameters(''MinimumPasswordAge'')]"}}},{"policyDefinitionReferenceId":"AINE_PasswordMustMeetComplexityRequirements","policyDefinitionId":"/providers/Microsoft.Authorization/policyDefinitions/bf16e0bb-31e1-4646-8202-60a235cc7e74","definitionVersion":"2.*.*","parameters":{"IncludeArcMachines":{"value":"[parameters(''IncludeArcMachines'')]"}}},{"policyDefinitionReferenceId":"AINE_StorePasswordsUsingReversibleEncryption","policyDefinitionId":"/providers/Microsoft.Authorization/policyDefinitions/da0f98fe-a24b-4ad5-af69-bd0400233661","definitionVersion":"2.*.*","parameters":{"IncludeArcMachines":{"value":"[parameters(''IncludeArcMachines'')]"}}},{"policyDefinitionReferenceId":"AINE_EnforcePasswordHistory","policyDefinitionId":"/providers/Microsoft.Authorization/policyDefinitions/5b054a0d-39e2-4d53-bea3-9734cad2c69b","definitionVersion":"2.*.*","parameters":{"IncludeArcMachines":{"value":"[parameters(''IncludeArcMachines'')]"},"EnforcePasswordHistory":{"value":"[parameters(''EnforcePasswordHistory'')]"}}},{"policyDefinitionReferenceId":"AINE_MinimumPasswordLength","policyDefinitionId":"/providers/Microsoft.Authorization/policyDefinitions/a2d0e922-65d0-40c4-8f87-ea6da2d307a2","definitionVersion":"2.*.*","parameters":{"IncludeArcMachines":{"value":"[parameters(''IncludeArcMachines'')]"},"MinimumPasswordLength":{"value":"[parameters(''MinimumPasswordLength'')]"}}},{"policyDefinitionReferenceId":"AINE_PasswordPolicy_msid110","policyDefinitionId":"/providers/Microsoft.Authorization/policyDefinitions/ea53dbee-c6c9-4f0e-9f9e-de0039b78023","definitionVersion":"3.*.*","parameters":{"IncludeArcMachines":{"value":"[parameters(''IncludeArcMachines'')]"}}},{"policyDefinitionReferenceId":"AINE_PasswordPolicy_msid121","policyDefinitionId":"/providers/Microsoft.Authorization/policyDefinitions/e6955644-301c-44b5-a4c4-528577de6861","definitionVersion":"3.*.*","parameters":{"IncludeArcMachines":{"value":"[parameters(''IncludeArcMachines'')]"}}},{"policyDefinitionReferenceId":"AINE_PasswordPolicy_msid232","policyDefinitionId":"/providers/Microsoft.Authorization/policyDefinitions/f6ec09a3-78bf-4f8f-99dc-6c77182d0f99","definitionVersion":"3.*.*","parameters":{"IncludeArcMachines":{"value":"[parameters(''IncludeArcMachines'')]"}}}],"versions":["1.1.0"]},"id":"/providers/Microsoft.Authorization/policySetDefinitions/095e4ed9-c835-4ab6-9439-b5644362a06c","type":"Microsoft.Authorization/policySetDefinitions","name":"095e4ed9-c835-4ab6-9439-b5644362a06c"}'
    headers:
      cache-control:
      - no-cache
      content-length:
      - '4892'
      content-type:
      - application/json; charset=utf-8
      date:
      - Thu, 22 May 2025 19:55:09 GMT
      expires:
      - '-1'
      pragma:
      - no-cache
      strict-transport-security:
      - max-age=31536000; includeSubDomains
      x-cache:
      - CONFIG_NOCACHE
      x-content-type-options:
      - nosniff
      x-ms-operation-identifier:
      - ''
      x-msedge-ref:
      - 'Ref A: 177DD0DA2ED6411D8A6697158636A861 Ref B: MWH011020808034 Ref C: 2025-05-22T19:55:10Z'
    status:
      code: 200
      message: OK
- request:
    body: '{"properties": {"enforcementMode": "DoNotEnforce", "policyDefinitionId":
      "/providers/Microsoft.Authorization/policySetDefinitions/095e4ed9-c835-4ab6-9439-b5644362a06c"}}'
    headers:
      Accept:
      - application/json
      Accept-Encoding:
      - gzip, deflate
      CommandName:
      - policy assignment create
      Connection:
      - keep-alive
      Content-Length:
      - '169'
      Content-Type:
      - application/json
      ParameterSetName:
      - -d -n -g --enforcement-mode
      User-Agent:
      - AZURECLI/2.73.0 azsdk-python-core/1.31.0 Python/3.12.10 (Windows-11-10.0.26100-SP0)
    method: PUT
    uri: https://management.azure.com/subscriptions/00000000-0000-0000-0000-000000000000/resourceGroups/cli_test_policy_ncm000001/providers/Microsoft.Authorization/policyAssignments/azurecli-test-policy-assignment000002?api-version=2024-05-01
  response:
    body:
      string: '{"properties":{"policyDefinitionId":"/providers/Microsoft.Authorization/policySetDefinitions/095e4ed9-c835-4ab6-9439-b5644362a06c","definitionVersion":"1.*.*","scope":"/subscriptions/00000000-0000-0000-0000-000000000000/resourceGroups/cli_test_policy_ncm000001","metadata":{"createdBy":"3d826307-2481-45a0-a271-bcf9333f914a","createdOn":"2025-05-22T19:55:10.8130343Z","updatedBy":null,"updatedOn":null},"enforcementMode":"DoNotEnforce"},"id":"/subscriptions/00000000-0000-0000-0000-000000000000/resourceGroups/cli_test_policy_ncm000001/providers/Microsoft.Authorization/policyAssignments/azurecli-test-policy-assignment000002","type":"Microsoft.Authorization/policyAssignments","name":"azurecli-test-policy-assignment000002","systemData":{"createdBy":"cstack@ntdev.microsoft.com","createdByType":"User","createdAt":"2025-05-22T19:55:10.5692365Z","lastModifiedBy":"cstack@ntdev.microsoft.com","lastModifiedByType":"User","lastModifiedAt":"2025-05-22T19:55:10.5692365Z"}}'
    headers:
      cache-control:
      - no-cache
      content-length:
      - '969'
      content-type:
      - application/json; charset=utf-8
      date:
      - Thu, 22 May 2025 19:55:10 GMT
      expires:
      - '-1'
      pragma:
      - no-cache
      strict-transport-security:
      - max-age=31536000; includeSubDomains
      x-cache:
      - CONFIG_NOCACHE
      x-content-type-options:
      - nosniff
      x-ms-operation-identifier:
      - tenantId=72f988bf-86f1-41af-91ab-2d7cd011db47,objectId=3d826307-2481-45a0-a271-bcf9333f914a/westus2/5eaf217b-80c4-4254-9e3d-75719b4ce9f2
      x-ms-ratelimit-remaining-subscription-global-writes:
      - '11999'
      x-ms-ratelimit-remaining-subscription-writes:
      - '799'
      x-msedge-ref:
      - 'Ref A: E390BC87B5344579B2FA96ECB4C07C4E Ref B: MWH011020807040 Ref C: 2025-05-22T19:55:10Z'
    status:
      code: 201
      message: Created
- request:
    body: null
    headers:
      Accept:
      - application/json
      Accept-Encoding:
      - gzip, deflate
      CommandName:
      - policy assignment non-compliance-message list
      Connection:
      - keep-alive
      ParameterSetName:
      - -n -g
      User-Agent:
      - AZURECLI/2.73.0 azsdk-python-core/1.31.0 Python/3.12.10 (Windows-11-10.0.26100-SP0)
    method: GET
    uri: https://management.azure.com/subscriptions/00000000-0000-0000-0000-000000000000/resourceGroups/cli_test_policy_ncm000001/providers/Microsoft.Authorization/policyAssignments/azurecli-test-policy-assignment000002?api-version=2024-05-01
  response:
    body:
      string: '{"properties":{"policyDefinitionId":"/providers/Microsoft.Authorization/policySetDefinitions/095e4ed9-c835-4ab6-9439-b5644362a06c","definitionVersion":"1.*.*","scope":"/subscriptions/00000000-0000-0000-0000-000000000000/resourceGroups/cli_test_policy_ncm000001","metadata":{"createdBy":"3d826307-2481-45a0-a271-bcf9333f914a","createdOn":"2025-05-22T19:55:10.8130343Z","updatedBy":null,"updatedOn":null},"enforcementMode":"DoNotEnforce"},"id":"/subscriptions/00000000-0000-0000-0000-000000000000/resourceGroups/cli_test_policy_ncm000001/providers/Microsoft.Authorization/policyAssignments/azurecli-test-policy-assignment000002","type":"Microsoft.Authorization/policyAssignments","name":"azurecli-test-policy-assignment000002","systemData":{"createdBy":"cstack@ntdev.microsoft.com","createdByType":"User","createdAt":"2025-05-22T19:55:10.5692365Z","lastModifiedBy":"cstack@ntdev.microsoft.com","lastModifiedByType":"User","lastModifiedAt":"2025-05-22T19:55:10.5692365Z"}}'
    headers:
      cache-control:
      - no-cache
      content-length:
      - '969'
      content-type:
      - application/json; charset=utf-8
      date:
      - Thu, 22 May 2025 19:55:10 GMT
      expires:
      - '-1'
      pragma:
      - no-cache
      strict-transport-security:
      - max-age=31536000; includeSubDomains
      x-cache:
      - CONFIG_NOCACHE
      x-content-type-options:
      - nosniff
      x-ms-operation-identifier:
      - tenantId=72f988bf-86f1-41af-91ab-2d7cd011db47,objectId=3d826307-2481-45a0-a271-bcf9333f914a/westus2/e5064a2d-08b0-40f1-b63d-d014e0b2b332
      x-ms-ratelimit-remaining-subscription-global-reads:
      - '16499'
      x-msedge-ref:
      - 'Ref A: 55D1809A8A3141D99542D20BA592AA62 Ref B: MWH011020806025 Ref C: 2025-05-22T19:55:11Z'
    status:
      code: 200
      message: OK
- request:
    body: null
    headers:
      Accept:
      - application/json
      Accept-Encoding:
      - gzip, deflate
      CommandName:
      - policy assignment non-compliance-message create
      Connection:
      - keep-alive
      ParameterSetName:
      - -n -g -m
      User-Agent:
      - AZURECLI/2.73.0 azsdk-python-core/1.31.0 Python/3.12.10 (Windows-11-10.0.26100-SP0)
    method: GET
    uri: https://management.azure.com/subscriptions/00000000-0000-0000-0000-000000000000/resourceGroups/cli_test_policy_ncm000001/providers/Microsoft.Authorization/policyAssignments/azurecli-test-policy-assignment000002?api-version=2024-05-01
  response:
    body:
      string: '{"properties":{"policyDefinitionId":"/providers/Microsoft.Authorization/policySetDefinitions/095e4ed9-c835-4ab6-9439-b5644362a06c","definitionVersion":"1.*.*","scope":"/subscriptions/00000000-0000-0000-0000-000000000000/resourceGroups/cli_test_policy_ncm000001","metadata":{"createdBy":"3d826307-2481-45a0-a271-bcf9333f914a","createdOn":"2025-05-22T19:55:10.8130343Z","updatedBy":null,"updatedOn":null},"enforcementMode":"DoNotEnforce"},"id":"/subscriptions/00000000-0000-0000-0000-000000000000/resourceGroups/cli_test_policy_ncm000001/providers/Microsoft.Authorization/policyAssignments/azurecli-test-policy-assignment000002","type":"Microsoft.Authorization/policyAssignments","name":"azurecli-test-policy-assignment000002","systemData":{"createdBy":"cstack@ntdev.microsoft.com","createdByType":"User","createdAt":"2025-05-22T19:55:10.5692365Z","lastModifiedBy":"cstack@ntdev.microsoft.com","lastModifiedByType":"User","lastModifiedAt":"2025-05-22T19:55:10.5692365Z"}}'
    headers:
      cache-control:
      - no-cache
      content-length:
      - '969'
      content-type:
      - application/json; charset=utf-8
      date:
      - Thu, 22 May 2025 19:55:10 GMT
      expires:
      - '-1'
      pragma:
      - no-cache
      strict-transport-security:
      - max-age=31536000; includeSubDomains
      x-cache:
      - CONFIG_NOCACHE
      x-content-type-options:
      - nosniff
      x-ms-operation-identifier:
      - tenantId=72f988bf-86f1-41af-91ab-2d7cd011db47,objectId=3d826307-2481-45a0-a271-bcf9333f914a/westus2/87d59282-5b6e-4dad-8e25-3661ff4ee438
      x-ms-ratelimit-remaining-subscription-global-reads:
      - '16499'
      x-msedge-ref:
      - 'Ref A: 00CA475A83B44E939DCB56D828A66B4B Ref B: MWH011020808031 Ref C: 2025-05-22T19:55:11Z'
    status:
      code: 200
      message: OK
- request:
    body: '{"properties": {"definitionVersion": "1.*.*", "enforcementMode": "DoNotEnforce",
      "metadata": {"createdBy": "3d826307-2481-45a0-a271-bcf9333f914a", "createdOn":
      "2025-05-22T19:55:10.8130343Z"}, "nonComplianceMessages": [{"message": "General
      message"}], "policyDefinitionId": "/providers/Microsoft.Authorization/policySetDefinitions/095e4ed9-c835-4ab6-9439-b5644362a06c"}}'
    headers:
      Accept:
      - application/json
      Accept-Encoding:
      - gzip, deflate
      CommandName:
      - policy assignment non-compliance-message create
      Connection:
      - keep-alive
      Content-Length:
      - '370'
      Content-Type:
      - application/json
      ParameterSetName:
      - -n -g -m
      User-Agent:
      - AZURECLI/2.73.0 azsdk-python-core/1.31.0 Python/3.12.10 (Windows-11-10.0.26100-SP0)
    method: PUT
    uri: https://management.azure.com/subscriptions/00000000-0000-0000-0000-000000000000/resourceGroups/cli_test_policy_ncm000001/providers/Microsoft.Authorization/policyAssignments/azurecli-test-policy-assignment000002?api-version=2024-05-01
  response:
    body:
      string: '{"properties":{"policyDefinitionId":"/providers/Microsoft.Authorization/policySetDefinitions/095e4ed9-c835-4ab6-9439-b5644362a06c","definitionVersion":"1.*.*","scope":"/subscriptions/00000000-0000-0000-0000-000000000000/resourceGroups/cli_test_policy_ncm000001","metadata":{"createdBy":"3d826307-2481-45a0-a271-bcf9333f914a","createdOn":"2025-05-22T19:55:10.8130343Z","updatedBy":"3d826307-2481-45a0-a271-bcf9333f914a","updatedOn":"2025-05-22T19:55:11.9462531Z"},"enforcementMode":"DoNotEnforce","nonComplianceMessages":[{"message":"General
        message"}]},"id":"/subscriptions/00000000-0000-0000-0000-000000000000/resourceGroups/cli_test_policy_ncm000001/providers/Microsoft.Authorization/policyAssignments/azurecli-test-policy-assignment000002","type":"Microsoft.Authorization/policyAssignments","name":"azurecli-test-policy-assignment000002","systemData":{"createdBy":"cstack@ntdev.microsoft.com","createdByType":"User","createdAt":"2025-05-22T19:55:10.5692365Z","lastModifiedBy":"cstack@ntdev.microsoft.com","lastModifiedByType":"User","lastModifiedAt":"2025-05-22T19:55:11.7494896Z"}}'
    headers:
      cache-control:
      - no-cache
      content-length:
      - '1085'
      content-type:
      - application/json; charset=utf-8
      date:
      - Thu, 22 May 2025 19:55:11 GMT
      expires:
      - '-1'
      pragma:
      - no-cache
      strict-transport-security:
      - max-age=31536000; includeSubDomains
      x-cache:
      - CONFIG_NOCACHE
      x-content-type-options:
      - nosniff
      x-ms-operation-identifier:
      - tenantId=72f988bf-86f1-41af-91ab-2d7cd011db47,objectId=3d826307-2481-45a0-a271-bcf9333f914a/westus2/e044ca63-2b30-4b1a-8984-bb984264ce8b
      x-ms-ratelimit-remaining-subscription-global-writes:
      - '11999'
      x-ms-ratelimit-remaining-subscription-writes:
      - '799'
      x-msedge-ref:
      - 'Ref A: 39C566ECB4984D4A8AB102A1B14ABCE8 Ref B: MWH011020808031 Ref C: 2025-05-22T19:55:11Z'
    status:
      code: 201
      message: Created
- request:
    body: null
    headers:
      Accept:
      - application/json
      Accept-Encoding:
      - gzip, deflate
      CommandName:
      - policy assignment non-compliance-message create
      Connection:
      - keep-alive
      ParameterSetName:
      - -n -g -m -r
      User-Agent:
      - AZURECLI/2.73.0 azsdk-python-core/1.31.0 Python/3.12.10 (Windows-11-10.0.26100-SP0)
    method: GET
    uri: https://management.azure.com/subscriptions/00000000-0000-0000-0000-000000000000/resourceGroups/cli_test_policy_ncm000001/providers/Microsoft.Authorization/policyAssignments/azurecli-test-policy-assignment000002?api-version=2024-05-01
  response:
    body:
      string: '{"properties":{"policyDefinitionId":"/providers/Microsoft.Authorization/policySetDefinitions/095e4ed9-c835-4ab6-9439-b5644362a06c","definitionVersion":"1.*.*","scope":"/subscriptions/00000000-0000-0000-0000-000000000000/resourceGroups/cli_test_policy_ncm000001","metadata":{"createdBy":"3d826307-2481-45a0-a271-bcf9333f914a","createdOn":"2025-05-22T19:55:10.8130343Z","updatedBy":"3d826307-2481-45a0-a271-bcf9333f914a","updatedOn":"2025-05-22T19:55:11.9462531Z"},"enforcementMode":"DoNotEnforce","nonComplianceMessages":[{"message":"General
        message"}]},"id":"/subscriptions/00000000-0000-0000-0000-000000000000/resourceGroups/cli_test_policy_ncm000001/providers/Microsoft.Authorization/policyAssignments/azurecli-test-policy-assignment000002","type":"Microsoft.Authorization/policyAssignments","name":"azurecli-test-policy-assignment000002","systemData":{"createdBy":"cstack@ntdev.microsoft.com","createdByType":"User","createdAt":"2025-05-22T19:55:10.5692365Z","lastModifiedBy":"cstack@ntdev.microsoft.com","lastModifiedByType":"User","lastModifiedAt":"2025-05-22T19:55:11.7494896Z"}}'
    headers:
      cache-control:
      - no-cache
      content-length:
      - '1085'
      content-type:
      - application/json; charset=utf-8
      date:
      - Thu, 22 May 2025 19:55:12 GMT
      expires:
      - '-1'
      pragma:
      - no-cache
      strict-transport-security:
      - max-age=31536000; includeSubDomains
      x-cache:
      - CONFIG_NOCACHE
      x-content-type-options:
      - nosniff
      x-ms-operation-identifier:
      - tenantId=72f988bf-86f1-41af-91ab-2d7cd011db47,objectId=3d826307-2481-45a0-a271-bcf9333f914a/westus2/7a08a930-93e0-4e3e-ab3e-0f8d8623a346
      x-ms-ratelimit-remaining-subscription-global-reads:
      - '16499'
      x-msedge-ref:
      - 'Ref A: B295BAD731804F1CB24BF5C42189E11E Ref B: CO6AA3150220019 Ref C: 2025-05-22T19:55:12Z'
    status:
      code: 200
      message: OK
- request:
    body: '{"properties": {"definitionVersion": "1.*.*", "enforcementMode": "DoNotEnforce",
      "metadata": {"createdBy": "3d826307-2481-45a0-a271-bcf9333f914a", "createdOn":
      "2025-05-22T19:55:10.8130343Z", "updatedBy": "3d826307-2481-45a0-a271-bcf9333f914a",
      "updatedOn": "2025-05-22T19:55:11.9462531Z"}, "nonComplianceMessages": [{"message":
      "General message"}, {"message": "Specific message", "policyDefinitionReferenceId":
      "AINE_MaximumPasswordAge"}], "policyDefinitionId": "/providers/Microsoft.Authorization/policySetDefinitions/095e4ed9-c835-4ab6-9439-b5644362a06c"}}'
    headers:
      Accept:
      - application/json
      Accept-Encoding:
      - gzip, deflate
      CommandName:
      - policy assignment non-compliance-message create
      Connection:
      - keep-alive
      Content-Length:
      - '559'
      Content-Type:
      - application/json
      ParameterSetName:
      - -n -g -m -r
      User-Agent:
      - AZURECLI/2.73.0 azsdk-python-core/1.31.0 Python/3.12.10 (Windows-11-10.0.26100-SP0)
    method: PUT
    uri: https://management.azure.com/subscriptions/00000000-0000-0000-0000-000000000000/resourceGroups/cli_test_policy_ncm000001/providers/Microsoft.Authorization/policyAssignments/azurecli-test-policy-assignment000002?api-version=2024-05-01
  response:
    body:
      string: '{"properties":{"policyDefinitionId":"/providers/Microsoft.Authorization/policySetDefinitions/095e4ed9-c835-4ab6-9439-b5644362a06c","definitionVersion":"1.*.*","scope":"/subscriptions/00000000-0000-0000-0000-000000000000/resourceGroups/cli_test_policy_ncm000001","metadata":{"createdBy":"3d826307-2481-45a0-a271-bcf9333f914a","createdOn":"2025-05-22T19:55:10.8130343Z","updatedBy":"3d826307-2481-45a0-a271-bcf9333f914a","updatedOn":"2025-05-22T19:55:13.0982582Z"},"enforcementMode":"DoNotEnforce","nonComplianceMessages":[{"message":"General
        message"},{"policyDefinitionReferenceId":"AINE_MaximumPasswordAge","message":"Specific
        message"}]},"id":"/subscriptions/00000000-0000-0000-0000-000000000000/resourceGroups/cli_test_policy_ncm000001/providers/Microsoft.Authorization/policyAssignments/azurecli-test-policy-assignment000002","type":"Microsoft.Authorization/policyAssignments","name":"azurecli-test-policy-assignment000002","systemData":{"createdBy":"cstack@ntdev.microsoft.com","createdByType":"User","createdAt":"2025-05-22T19:55:10.5692365Z","lastModifiedBy":"cstack@ntdev.microsoft.com","lastModifiedByType":"User","lastModifiedAt":"2025-05-22T19:55:12.9187136Z"}}'
    headers:
      cache-control:
      - no-cache
      content-length:
      - '1172'
      content-type:
      - application/json; charset=utf-8
      date:
      - Thu, 22 May 2025 19:55:12 GMT
      expires:
      - '-1'
      pragma:
      - no-cache
      strict-transport-security:
      - max-age=31536000; includeSubDomains
      x-cache:
      - CONFIG_NOCACHE
      x-content-type-options:
      - nosniff
      x-ms-operation-identifier:
      - tenantId=72f988bf-86f1-41af-91ab-2d7cd011db47,objectId=3d826307-2481-45a0-a271-bcf9333f914a/westus2/961af3df-795b-42df-b9d2-25cd99675291
      x-ms-ratelimit-remaining-subscription-global-writes:
      - '11999'
      x-ms-ratelimit-remaining-subscription-writes:
      - '799'
      x-msedge-ref:
      - 'Ref A: 4C2B02D6B8464EECB3A8E7A8BFB7C7B9 Ref B: CO6AA3150220019 Ref C: 2025-05-22T19:55:12Z'
    status:
      code: 201
      message: Created
- request:
    body: null
    headers:
      Accept:
      - application/json
      Accept-Encoding:
      - gzip, deflate
      CommandName:
      - policy assignment non-compliance-message list
      Connection:
      - keep-alive
      ParameterSetName:
      - -n -g
      User-Agent:
      - AZURECLI/2.73.0 azsdk-python-core/1.31.0 Python/3.12.10 (Windows-11-10.0.26100-SP0)
    method: GET
    uri: https://management.azure.com/subscriptions/00000000-0000-0000-0000-000000000000/resourceGroups/cli_test_policy_ncm000001/providers/Microsoft.Authorization/policyAssignments/azurecli-test-policy-assignment000002?api-version=2024-05-01
  response:
    body:
      string: '{"properties":{"policyDefinitionId":"/providers/Microsoft.Authorization/policySetDefinitions/095e4ed9-c835-4ab6-9439-b5644362a06c","definitionVersion":"1.*.*","scope":"/subscriptions/00000000-0000-0000-0000-000000000000/resourceGroups/cli_test_policy_ncm000001","metadata":{"createdBy":"3d826307-2481-45a0-a271-bcf9333f914a","createdOn":"2025-05-22T19:55:10.8130343Z","updatedBy":"3d826307-2481-45a0-a271-bcf9333f914a","updatedOn":"2025-05-22T19:55:13.0982582Z"},"enforcementMode":"DoNotEnforce","nonComplianceMessages":[{"message":"General
        message"},{"policyDefinitionReferenceId":"AINE_MaximumPasswordAge","message":"Specific
        message"}]},"id":"/subscriptions/00000000-0000-0000-0000-000000000000/resourceGroups/cli_test_policy_ncm000001/providers/Microsoft.Authorization/policyAssignments/azurecli-test-policy-assignment000002","type":"Microsoft.Authorization/policyAssignments","name":"azurecli-test-policy-assignment000002","systemData":{"createdBy":"cstack@ntdev.microsoft.com","createdByType":"User","createdAt":"2025-05-22T19:55:10.5692365Z","lastModifiedBy":"cstack@ntdev.microsoft.com","lastModifiedByType":"User","lastModifiedAt":"2025-05-22T19:55:12.9187136Z"}}'
    headers:
      cache-control:
      - no-cache
      content-length:
      - '1172'
      content-type:
      - application/json; charset=utf-8
      date:
      - Thu, 22 May 2025 19:55:12 GMT
      expires:
      - '-1'
      pragma:
      - no-cache
      strict-transport-security:
      - max-age=31536000; includeSubDomains
      x-cache:
      - CONFIG_NOCACHE
      x-content-type-options:
      - nosniff
      x-ms-operation-identifier:
      - tenantId=72f988bf-86f1-41af-91ab-2d7cd011db47,objectId=3d826307-2481-45a0-a271-bcf9333f914a/westus2/9a07a872-ab71-489e-9a23-0e6141ee793d
      x-ms-ratelimit-remaining-subscription-global-reads:
      - '16499'
      x-msedge-ref:
      - 'Ref A: C006AC6376414717B8B26E35ECEDDAED Ref B: MWH011020809025 Ref C: 2025-05-22T19:55:13Z'
    status:
      code: 200
      message: OK
- request:
    body: null
    headers:
      Accept:
      - application/json
      Accept-Encoding:
      - gzip, deflate
      CommandName:
      - policy assignment show
      Connection:
      - keep-alive
      ParameterSetName:
      - -n -g
      User-Agent:
      - AZURECLI/2.73.0 azsdk-python-core/1.31.0 Python/3.12.10 (Windows-11-10.0.26100-SP0)
    method: GET
    uri: https://management.azure.com/subscriptions/00000000-0000-0000-0000-000000000000/resourceGroups/cli_test_policy_ncm000001/providers/Microsoft.Authorization/policyAssignments/azurecli-test-policy-assignment000002?api-version=2024-05-01
  response:
    body:
      string: '{"properties":{"policyDefinitionId":"/providers/Microsoft.Authorization/policySetDefinitions/095e4ed9-c835-4ab6-9439-b5644362a06c","definitionVersion":"1.*.*","scope":"/subscriptions/00000000-0000-0000-0000-000000000000/resourceGroups/cli_test_policy_ncm000001","metadata":{"createdBy":"3d826307-2481-45a0-a271-bcf9333f914a","createdOn":"2025-05-22T19:55:10.8130343Z","updatedBy":"3d826307-2481-45a0-a271-bcf9333f914a","updatedOn":"2025-05-22T19:55:13.0982582Z"},"enforcementMode":"DoNotEnforce","nonComplianceMessages":[{"message":"General
        message"},{"policyDefinitionReferenceId":"AINE_MaximumPasswordAge","message":"Specific
        message"}]},"id":"/subscriptions/00000000-0000-0000-0000-000000000000/resourceGroups/cli_test_policy_ncm000001/providers/Microsoft.Authorization/policyAssignments/azurecli-test-policy-assignment000002","type":"Microsoft.Authorization/policyAssignments","name":"azurecli-test-policy-assignment000002","systemData":{"createdBy":"cstack@ntdev.microsoft.com","createdByType":"User","createdAt":"2025-05-22T19:55:10.5692365Z","lastModifiedBy":"cstack@ntdev.microsoft.com","lastModifiedByType":"User","lastModifiedAt":"2025-05-22T19:55:12.9187136Z"}}'
    headers:
      cache-control:
      - no-cache
      content-length:
      - '1172'
      content-type:
      - application/json; charset=utf-8
      date:
      - Thu, 22 May 2025 19:55:13 GMT
      expires:
      - '-1'
      pragma:
      - no-cache
      strict-transport-security:
      - max-age=31536000; includeSubDomains
      x-cache:
      - CONFIG_NOCACHE
      x-content-type-options:
      - nosniff
      x-ms-operation-identifier:
      - tenantId=72f988bf-86f1-41af-91ab-2d7cd011db47,objectId=3d826307-2481-45a0-a271-bcf9333f914a/westus2/c82418e0-a700-4bfb-9c78-f232e4137116
      x-ms-ratelimit-remaining-subscription-global-reads:
      - '16499'
      x-msedge-ref:
      - 'Ref A: C61336A841A9459EB155C3D3F9F17922 Ref B: MWH011020806029 Ref C: 2025-05-22T19:55:13Z'
    status:
      code: 200
      message: OK
- request:
    body: null
    headers:
      Accept:
      - application/json
      Accept-Encoding:
      - gzip, deflate
      CommandName:
      - policy assignment update
      Connection:
      - keep-alive
      ParameterSetName:
      - -n -g --description
      User-Agent:
      - AZURECLI/2.73.0 azsdk-python-core/1.31.0 Python/3.12.10 (Windows-11-10.0.26100-SP0)
    method: GET
    uri: https://management.azure.com/subscriptions/00000000-0000-0000-0000-000000000000/resourceGroups/cli_test_policy_ncm000001/providers/Microsoft.Authorization/policyAssignments/azurecli-test-policy-assignment000002?api-version=2024-05-01
  response:
    body:
      string: '{"properties":{"policyDefinitionId":"/providers/Microsoft.Authorization/policySetDefinitions/095e4ed9-c835-4ab6-9439-b5644362a06c","definitionVersion":"1.*.*","scope":"/subscriptions/00000000-0000-0000-0000-000000000000/resourceGroups/cli_test_policy_ncm000001","metadata":{"createdBy":"3d826307-2481-45a0-a271-bcf9333f914a","createdOn":"2025-05-22T19:55:10.8130343Z","updatedBy":"3d826307-2481-45a0-a271-bcf9333f914a","updatedOn":"2025-05-22T19:55:13.0982582Z"},"enforcementMode":"DoNotEnforce","nonComplianceMessages":[{"message":"General
        message"},{"policyDefinitionReferenceId":"AINE_MaximumPasswordAge","message":"Specific
        message"}]},"id":"/subscriptions/00000000-0000-0000-0000-000000000000/resourceGroups/cli_test_policy_ncm000001/providers/Microsoft.Authorization/policyAssignments/azurecli-test-policy-assignment000002","type":"Microsoft.Authorization/policyAssignments","name":"azurecli-test-policy-assignment000002","systemData":{"createdBy":"cstack@ntdev.microsoft.com","createdByType":"User","createdAt":"2025-05-22T19:55:10.5692365Z","lastModifiedBy":"cstack@ntdev.microsoft.com","lastModifiedByType":"User","lastModifiedAt":"2025-05-22T19:55:12.9187136Z"}}'
    headers:
      cache-control:
      - no-cache
      content-length:
      - '1172'
      content-type:
      - application/json; charset=utf-8
      date:
      - Thu, 22 May 2025 19:55:13 GMT
      expires:
      - '-1'
      pragma:
      - no-cache
      strict-transport-security:
      - max-age=31536000; includeSubDomains
      x-cache:
      - CONFIG_NOCACHE
      x-content-type-options:
      - nosniff
      x-ms-operation-identifier:
      - tenantId=72f988bf-86f1-41af-91ab-2d7cd011db47,objectId=3d826307-2481-45a0-a271-bcf9333f914a/westus2/ebf8b75e-219d-4332-adea-c950fd20a48f
      x-ms-ratelimit-remaining-subscription-global-reads:
      - '16499'
      x-msedge-ref:
      - 'Ref A: FC7A283EC93744F08FAD1896D76FE99F Ref B: CO6AA3150217023 Ref C: 2025-05-22T19:55:14Z'
    status:
      code: 200
      message: OK
- request:
    body: '{"properties": {"definitionVersion": "1.*.*", "description": "New description",
      "enforcementMode": "DoNotEnforce", "metadata": {"createdBy": "3d826307-2481-45a0-a271-bcf9333f914a",
      "createdOn": "2025-05-22T19:55:10.8130343Z", "updatedBy": "3d826307-2481-45a0-a271-bcf9333f914a",
      "updatedOn": "2025-05-22T19:55:13.0982582Z"}, "nonComplianceMessages": [{"message":
      "General message"}, {"message": "Specific message", "policyDefinitionReferenceId":
      "AINE_MaximumPasswordAge"}], "policyDefinitionId": "/providers/Microsoft.Authorization/policySetDefinitions/095e4ed9-c835-4ab6-9439-b5644362a06c"}}'
    headers:
      Accept:
      - application/json
      Accept-Encoding:
      - gzip, deflate
      CommandName:
      - policy assignment update
      Connection:
      - keep-alive
      Content-Length:
      - '593'
      Content-Type:
      - application/json
      ParameterSetName:
      - -n -g --description
      User-Agent:
      - AZURECLI/2.73.0 azsdk-python-core/1.31.0 Python/3.12.10 (Windows-11-10.0.26100-SP0)
    method: PUT
    uri: https://management.azure.com/subscriptions/00000000-0000-0000-0000-000000000000/resourceGroups/cli_test_policy_ncm000001/providers/Microsoft.Authorization/policyAssignments/azurecli-test-policy-assignment000002?api-version=2024-05-01
  response:
    body:
      string: '{"properties":{"policyDefinitionId":"/providers/Microsoft.Authorization/policySetDefinitions/095e4ed9-c835-4ab6-9439-b5644362a06c","definitionVersion":"1.*.*","scope":"/subscriptions/00000000-0000-0000-0000-000000000000/resourceGroups/cli_test_policy_ncm000001","description":"New
        description","metadata":{"createdBy":"3d826307-2481-45a0-a271-bcf9333f914a","createdOn":"2025-05-22T19:55:10.8130343Z","updatedBy":"3d826307-2481-45a0-a271-bcf9333f914a","updatedOn":"2025-05-22T19:55:14.408313Z"},"enforcementMode":"DoNotEnforce","nonComplianceMessages":[{"message":"General
        message"},{"policyDefinitionReferenceId":"AINE_MaximumPasswordAge","message":"Specific
        message"}]},"id":"/subscriptions/00000000-0000-0000-0000-000000000000/resourceGroups/cli_test_policy_ncm000001/providers/Microsoft.Authorization/policyAssignments/azurecli-test-policy-assignment000002","type":"Microsoft.Authorization/policyAssignments","name":"azurecli-test-policy-assignment000002","systemData":{"createdBy":"cstack@ntdev.microsoft.com","createdByType":"User","createdAt":"2025-05-22T19:55:10.5692365Z","lastModifiedBy":"cstack@ntdev.microsoft.com","lastModifiedByType":"User","lastModifiedAt":"2025-05-22T19:55:14.1833841Z"}}'
    headers:
      cache-control:
      - no-cache
      content-length:
      - '1203'
      content-type:
      - application/json; charset=utf-8
      date:
      - Thu, 22 May 2025 19:55:14 GMT
      expires:
      - '-1'
      pragma:
      - no-cache
      strict-transport-security:
      - max-age=31536000; includeSubDomains
      x-cache:
      - CONFIG_NOCACHE
      x-content-type-options:
      - nosniff
      x-ms-operation-identifier:
      - tenantId=72f988bf-86f1-41af-91ab-2d7cd011db47,objectId=3d826307-2481-45a0-a271-bcf9333f914a/westus2/7b598330-5e2b-434b-8b2b-f675e858fc38
      x-ms-ratelimit-remaining-subscription-global-writes:
      - '11999'
      x-ms-ratelimit-remaining-subscription-writes:
      - '799'
      x-msedge-ref:
      - 'Ref A: 2842A15C89344F229A1C45FEC8FF052A Ref B: CO6AA3150217023 Ref C: 2025-05-22T19:55:14Z'
    status:
      code: 201
      message: Created
- request:
    body: null
    headers:
      Accept:
      - application/json
      Accept-Encoding:
      - gzip, deflate
      CommandName:
      - policy assignment non-compliance-message delete
      Connection:
      - keep-alive
      ParameterSetName:
      - -n -g -m -y
      User-Agent:
      - AZURECLI/2.73.0 azsdk-python-core/1.31.0 Python/3.12.10 (Windows-11-10.0.26100-SP0)
    method: GET
    uri: https://management.azure.com/subscriptions/00000000-0000-0000-0000-000000000000/resourceGroups/cli_test_policy_ncm000001/providers/Microsoft.Authorization/policyAssignments/azurecli-test-policy-assignment000002?api-version=2024-05-01
  response:
    body:
      string: '{"properties":{"policyDefinitionId":"/providers/Microsoft.Authorization/policySetDefinitions/095e4ed9-c835-4ab6-9439-b5644362a06c","definitionVersion":"1.*.*","scope":"/subscriptions/00000000-0000-0000-0000-000000000000/resourceGroups/cli_test_policy_ncm000001","description":"New
        description","metadata":{"createdBy":"3d826307-2481-45a0-a271-bcf9333f914a","createdOn":"2025-05-22T19:55:10.8130343Z","updatedBy":"3d826307-2481-45a0-a271-bcf9333f914a","updatedOn":"2025-05-22T19:55:14.408313Z"},"enforcementMode":"DoNotEnforce","nonComplianceMessages":[{"message":"General
        message"},{"policyDefinitionReferenceId":"AINE_MaximumPasswordAge","message":"Specific
        message"}]},"id":"/subscriptions/00000000-0000-0000-0000-000000000000/resourceGroups/cli_test_policy_ncm000001/providers/Microsoft.Authorization/policyAssignments/azurecli-test-policy-assignment000002","type":"Microsoft.Authorization/policyAssignments","name":"azurecli-test-policy-assignment000002","systemData":{"createdBy":"cstack@ntdev.microsoft.com","createdByType":"User","createdAt":"2025-05-22T19:55:10.5692365Z","lastModifiedBy":"cstack@ntdev.microsoft.com","lastModifiedByType":"User","lastModifiedAt":"2025-05-22T19:55:14.1833841Z"}}'
    headers:
      cache-control:
      - no-cache
      content-length:
      - '1203'
      content-type:
      - application/json; charset=utf-8
      date:
      - Thu, 22 May 2025 19:55:14 GMT
      expires:
      - '-1'
      pragma:
      - no-cache
      strict-transport-security:
      - max-age=31536000; includeSubDomains
      x-cache:
      - CONFIG_NOCACHE
      x-content-type-options:
      - nosniff
      x-ms-operation-identifier:
      - tenantId=72f988bf-86f1-41af-91ab-2d7cd011db47,objectId=3d826307-2481-45a0-a271-bcf9333f914a/westus2/0491db17-abb4-4193-bd11-22c64c46db42
      x-ms-ratelimit-remaining-subscription-global-reads:
      - '16499'
      x-msedge-ref:
      - 'Ref A: BA6E23DDA99E4BC2B4E0AC52A3E06D2B Ref B: MWH011020809060 Ref C: 2025-05-22T19:55:14Z'
    status:
      code: 200
      message: OK
- request:
    body: '{"properties": {"definitionVersion": "1.*.*", "description": "New description",
      "enforcementMode": "DoNotEnforce", "metadata": {"createdBy": "3d826307-2481-45a0-a271-bcf9333f914a",
      "createdOn": "2025-05-22T19:55:10.8130343Z", "updatedBy": "3d826307-2481-45a0-a271-bcf9333f914a",
      "updatedOn": "2025-05-22T19:55:14.408313Z"}, "nonComplianceMessages": [{"message":
      "General message"}, {"message": "Specific message", "policyDefinitionReferenceId":
      "AINE_MaximumPasswordAge"}], "policyDefinitionId": "/providers/Microsoft.Authorization/policySetDefinitions/095e4ed9-c835-4ab6-9439-b5644362a06c"}}'
    headers:
      Accept:
      - application/json
      Accept-Encoding:
      - gzip, deflate
      CommandName:
      - policy assignment non-compliance-message delete
      Connection:
      - keep-alive
      Content-Length:
      - '592'
      Content-Type:
      - application/json
      ParameterSetName:
      - -n -g -m -y
      User-Agent:
      - AZURECLI/2.73.0 azsdk-python-core/1.31.0 Python/3.12.10 (Windows-11-10.0.26100-SP0)
    method: PUT
    uri: https://management.azure.com/subscriptions/00000000-0000-0000-0000-000000000000/resourceGroups/cli_test_policy_ncm000001/providers/Microsoft.Authorization/policyAssignments/azurecli-test-policy-assignment000002?api-version=2024-05-01
  response:
    body:
      string: '{"properties":{"policyDefinitionId":"/providers/Microsoft.Authorization/policySetDefinitions/095e4ed9-c835-4ab6-9439-b5644362a06c","definitionVersion":"1.*.*","scope":"/subscriptions/00000000-0000-0000-0000-000000000000/resourceGroups/cli_test_policy_ncm000001","description":"New
        description","metadata":{"createdBy":"3d826307-2481-45a0-a271-bcf9333f914a","createdOn":"2025-05-22T19:55:10.8130343Z","updatedBy":"3d826307-2481-45a0-a271-bcf9333f914a","updatedOn":"2025-05-22T19:55:15.2726978Z"},"enforcementMode":"DoNotEnforce","nonComplianceMessages":[{"message":"General
        message"},{"policyDefinitionReferenceId":"AINE_MaximumPasswordAge","message":"Specific
        message"}]},"id":"/subscriptions/00000000-0000-0000-0000-000000000000/resourceGroups/cli_test_policy_ncm000001/providers/Microsoft.Authorization/policyAssignments/azurecli-test-policy-assignment000002","type":"Microsoft.Authorization/policyAssignments","name":"azurecli-test-policy-assignment000002","systemData":{"createdBy":"cstack@ntdev.microsoft.com","createdByType":"User","createdAt":"2025-05-22T19:55:10.5692365Z","lastModifiedBy":"cstack@ntdev.microsoft.com","lastModifiedByType":"User","lastModifiedAt":"2025-05-22T19:55:15.1060052Z"}}'
    headers:
      cache-control:
      - no-cache
      content-length:
      - '1204'
      content-type:
      - application/json; charset=utf-8
      date:
      - Thu, 22 May 2025 19:55:15 GMT
      expires:
      - '-1'
      pragma:
      - no-cache
      strict-transport-security:
      - max-age=31536000; includeSubDomains
      x-cache:
      - CONFIG_NOCACHE
      x-content-type-options:
      - nosniff
      x-ms-operation-identifier:
      - tenantId=72f988bf-86f1-41af-91ab-2d7cd011db47,objectId=3d826307-2481-45a0-a271-bcf9333f914a/westus2/7d4b474f-4f96-47a9-b419-f1dc15347772
      x-ms-ratelimit-remaining-subscription-global-writes:
      - '11999'
      x-ms-ratelimit-remaining-subscription-writes:
      - '799'
      x-msedge-ref:
      - 'Ref A: 7F0FF39DB17D440D98E1C5725DAF2AEC Ref B: MWH011020809060 Ref C: 2025-05-22T19:55:14Z'
    status:
      code: 201
      message: Created
- request:
    body: null
    headers:
      Accept:
      - application/json
      Accept-Encoding:
      - gzip, deflate
      CommandName:
      - policy assignment non-compliance-message list
      Connection:
      - keep-alive
      ParameterSetName:
      - -n -g
      User-Agent:
      - AZURECLI/2.73.0 azsdk-python-core/1.31.0 Python/3.12.10 (Windows-11-10.0.26100-SP0)
    method: GET
    uri: https://management.azure.com/subscriptions/00000000-0000-0000-0000-000000000000/resourceGroups/cli_test_policy_ncm000001/providers/Microsoft.Authorization/policyAssignments/azurecli-test-policy-assignment000002?api-version=2024-05-01
  response:
    body:
      string: '{"properties":{"policyDefinitionId":"/providers/Microsoft.Authorization/policySetDefinitions/095e4ed9-c835-4ab6-9439-b5644362a06c","definitionVersion":"1.*.*","scope":"/subscriptions/00000000-0000-0000-0000-000000000000/resourceGroups/cli_test_policy_ncm000001","description":"New
        description","metadata":{"createdBy":"3d826307-2481-45a0-a271-bcf9333f914a","createdOn":"2025-05-22T19:55:10.8130343Z","updatedBy":"3d826307-2481-45a0-a271-bcf9333f914a","updatedOn":"2025-05-22T19:55:15.2726978Z"},"enforcementMode":"DoNotEnforce","nonComplianceMessages":[{"message":"General
        message"},{"policyDefinitionReferenceId":"AINE_MaximumPasswordAge","message":"Specific
        message"}]},"id":"/subscriptions/00000000-0000-0000-0000-000000000000/resourceGroups/cli_test_policy_ncm000001/providers/Microsoft.Authorization/policyAssignments/azurecli-test-policy-assignment000002","type":"Microsoft.Authorization/policyAssignments","name":"azurecli-test-policy-assignment000002","systemData":{"createdBy":"cstack@ntdev.microsoft.com","createdByType":"User","createdAt":"2025-05-22T19:55:10.5692365Z","lastModifiedBy":"cstack@ntdev.microsoft.com","lastModifiedByType":"User","lastModifiedAt":"2025-05-22T19:55:15.1060052Z"}}'
    headers:
      cache-control:
      - no-cache
      content-length:
      - '1204'
      content-type:
      - application/json; charset=utf-8
      date:
      - Thu, 22 May 2025 19:55:14 GMT
      expires:
      - '-1'
      pragma:
      - no-cache
      strict-transport-security:
      - max-age=31536000; includeSubDomains
      x-cache:
      - CONFIG_NOCACHE
      x-content-type-options:
      - nosniff
      x-ms-operation-identifier:
      - tenantId=72f988bf-86f1-41af-91ab-2d7cd011db47,objectId=3d826307-2481-45a0-a271-bcf9333f914a/westus2/cbbe8b2a-7e87-4a16-9c87-7762a1191014
      x-ms-ratelimit-remaining-subscription-global-reads:
      - '16499'
      x-msedge-ref:
      - 'Ref A: 903838DD6B72412E9EF38BE1AF63EABA Ref B: CO6AA3150219009 Ref C: 2025-05-22T19:55:15Z'
    status:
      code: 200
      message: OK
- request:
    body: null
    headers:
      Accept:
      - application/json
      Accept-Encoding:
      - gzip, deflate
      CommandName:
      - policy assignment show
      Connection:
      - keep-alive
      ParameterSetName:
      - -n -g
      User-Agent:
      - AZURECLI/2.73.0 azsdk-python-core/1.31.0 Python/3.12.10 (Windows-11-10.0.26100-SP0)
    method: GET
    uri: https://management.azure.com/subscriptions/00000000-0000-0000-0000-000000000000/resourceGroups/cli_test_policy_ncm000001/providers/Microsoft.Authorization/policyAssignments/azurecli-test-policy-assignment000002?api-version=2024-05-01
  response:
    body:
      string: '{"properties":{"policyDefinitionId":"/providers/Microsoft.Authorization/policySetDefinitions/095e4ed9-c835-4ab6-9439-b5644362a06c","definitionVersion":"1.*.*","scope":"/subscriptions/00000000-0000-0000-0000-000000000000/resourceGroups/cli_test_policy_ncm000001","description":"New
        description","metadata":{"createdBy":"3d826307-2481-45a0-a271-bcf9333f914a","createdOn":"2025-05-22T19:55:10.8130343Z","updatedBy":"3d826307-2481-45a0-a271-bcf9333f914a","updatedOn":"2025-05-22T19:55:15.2726978Z"},"enforcementMode":"DoNotEnforce","nonComplianceMessages":[{"message":"General
        message"},{"policyDefinitionReferenceId":"AINE_MaximumPasswordAge","message":"Specific
        message"}]},"id":"/subscriptions/00000000-0000-0000-0000-000000000000/resourceGroups/cli_test_policy_ncm000001/providers/Microsoft.Authorization/policyAssignments/azurecli-test-policy-assignment000002","type":"Microsoft.Authorization/policyAssignments","name":"azurecli-test-policy-assignment000002","systemData":{"createdBy":"cstack@ntdev.microsoft.com","createdByType":"User","createdAt":"2025-05-22T19:55:10.5692365Z","lastModifiedBy":"cstack@ntdev.microsoft.com","lastModifiedByType":"User","lastModifiedAt":"2025-05-22T19:55:15.1060052Z"}}'
    headers:
      cache-control:
      - no-cache
      content-length:
      - '1204'
      content-type:
      - application/json; charset=utf-8
      date:
      - Thu, 22 May 2025 19:55:15 GMT
      expires:
      - '-1'
      pragma:
      - no-cache
      strict-transport-security:
      - max-age=31536000; includeSubDomains
      x-cache:
      - CONFIG_NOCACHE
      x-content-type-options:
      - nosniff
      x-ms-operation-identifier:
      - tenantId=72f988bf-86f1-41af-91ab-2d7cd011db47,objectId=3d826307-2481-45a0-a271-bcf9333f914a/westus2/d117b2eb-5908-4347-9fe4-ac02cd3cc493
      x-ms-ratelimit-remaining-subscription-global-reads:
      - '16499'
      x-msedge-ref:
      - 'Ref A: 3E4E8AD9A1AA4EFFB64C5F655A23E0D8 Ref B: MWH011020807052 Ref C: 2025-05-22T19:55:16Z'
    status:
      code: 200
      message: OK
- request:
    body: null
    headers:
      Accept:
      - application/json
      Accept-Encoding:
      - gzip, deflate
      CommandName:
      - policy assignment non-compliance-message delete
      Connection:
      - keep-alive
      ParameterSetName:
      - -n -g -m -y
      User-Agent:
      - AZURECLI/2.73.0 azsdk-python-core/1.31.0 Python/3.12.10 (Windows-11-10.0.26100-SP0)
    method: GET
    uri: https://management.azure.com/subscriptions/00000000-0000-0000-0000-000000000000/resourceGroups/cli_test_policy_ncm000001/providers/Microsoft.Authorization/policyAssignments/azurecli-test-policy-assignment000002?api-version=2024-05-01
  response:
    body:
      string: '{"properties":{"policyDefinitionId":"/providers/Microsoft.Authorization/policySetDefinitions/095e4ed9-c835-4ab6-9439-b5644362a06c","definitionVersion":"1.*.*","scope":"/subscriptions/00000000-0000-0000-0000-000000000000/resourceGroups/cli_test_policy_ncm000001","description":"New
        description","metadata":{"createdBy":"3d826307-2481-45a0-a271-bcf9333f914a","createdOn":"2025-05-22T19:55:10.8130343Z","updatedBy":"3d826307-2481-45a0-a271-bcf9333f914a","updatedOn":"2025-05-22T19:55:15.2726978Z"},"enforcementMode":"DoNotEnforce","nonComplianceMessages":[{"message":"General
        message"},{"policyDefinitionReferenceId":"AINE_MaximumPasswordAge","message":"Specific
        message"}]},"id":"/subscriptions/00000000-0000-0000-0000-000000000000/resourceGroups/cli_test_policy_ncm000001/providers/Microsoft.Authorization/policyAssignments/azurecli-test-policy-assignment000002","type":"Microsoft.Authorization/policyAssignments","name":"azurecli-test-policy-assignment000002","systemData":{"createdBy":"cstack@ntdev.microsoft.com","createdByType":"User","createdAt":"2025-05-22T19:55:10.5692365Z","lastModifiedBy":"cstack@ntdev.microsoft.com","lastModifiedByType":"User","lastModifiedAt":"2025-05-22T19:55:15.1060052Z"}}'
    headers:
      cache-control:
      - no-cache
      content-length:
      - '1204'
      content-type:
      - application/json; charset=utf-8
      date:
      - Thu, 22 May 2025 19:55:15 GMT
      expires:
      - '-1'
      pragma:
      - no-cache
      strict-transport-security:
      - max-age=31536000; includeSubDomains
      x-cache:
      - CONFIG_NOCACHE
      x-content-type-options:
      - nosniff
      x-ms-operation-identifier:
      - tenantId=72f988bf-86f1-41af-91ab-2d7cd011db47,objectId=3d826307-2481-45a0-a271-bcf9333f914a/westus2/799ce62f-4a11-4c04-8731-af87c8344218
      x-ms-ratelimit-remaining-subscription-global-reads:
      - '16499'
      x-msedge-ref:
      - 'Ref A: CF9CDD6BCB6743B6AFCAB1C67289EDCD Ref B: MWH011020808040 Ref C: 2025-05-22T19:55:16Z'
    status:
      code: 200
      message: OK
- request:
    body: '{"properties": {"definitionVersion": "1.*.*", "description": "New description",
      "enforcementMode": "DoNotEnforce", "metadata": {"createdBy": "3d826307-2481-45a0-a271-bcf9333f914a",
      "createdOn": "2025-05-22T19:55:10.8130343Z", "updatedBy": "3d826307-2481-45a0-a271-bcf9333f914a",
      "updatedOn": "2025-05-22T19:55:15.2726978Z"}, "nonComplianceMessages": [{"message":
      "General message"}, {"message": "Specific message", "policyDefinitionReferenceId":
      "AINE_MaximumPasswordAge"}], "policyDefinitionId": "/providers/Microsoft.Authorization/policySetDefinitions/095e4ed9-c835-4ab6-9439-b5644362a06c"}}'
    headers:
      Accept:
      - application/json
      Accept-Encoding:
      - gzip, deflate
      CommandName:
      - policy assignment non-compliance-message delete
      Connection:
      - keep-alive
      Content-Length:
      - '593'
      Content-Type:
      - application/json
      ParameterSetName:
      - -n -g -m -y
      User-Agent:
      - AZURECLI/2.73.0 azsdk-python-core/1.31.0 Python/3.12.10 (Windows-11-10.0.26100-SP0)
    method: PUT
    uri: https://management.azure.com/subscriptions/00000000-0000-0000-0000-000000000000/resourceGroups/cli_test_policy_ncm000001/providers/Microsoft.Authorization/policyAssignments/azurecli-test-policy-assignment000002?api-version=2024-05-01
  response:
    body:
      string: '{"properties":{"policyDefinitionId":"/providers/Microsoft.Authorization/policySetDefinitions/095e4ed9-c835-4ab6-9439-b5644362a06c","definitionVersion":"1.*.*","scope":"/subscriptions/00000000-0000-0000-0000-000000000000/resourceGroups/cli_test_policy_ncm000001","description":"New
        description","metadata":{"createdBy":"3d826307-2481-45a0-a271-bcf9333f914a","createdOn":"2025-05-22T19:55:10.8130343Z","updatedBy":"3d826307-2481-45a0-a271-bcf9333f914a","updatedOn":"2025-05-22T19:55:16.8257029Z"},"enforcementMode":"DoNotEnforce","nonComplianceMessages":[{"message":"General
        message"},{"policyDefinitionReferenceId":"AINE_MaximumPasswordAge","message":"Specific
        message"}]},"id":"/subscriptions/00000000-0000-0000-0000-000000000000/resourceGroups/cli_test_policy_ncm000001/providers/Microsoft.Authorization/policyAssignments/azurecli-test-policy-assignment000002","type":"Microsoft.Authorization/policyAssignments","name":"azurecli-test-policy-assignment000002","systemData":{"createdBy":"cstack@ntdev.microsoft.com","createdByType":"User","createdAt":"2025-05-22T19:55:10.5692365Z","lastModifiedBy":"cstack@ntdev.microsoft.com","lastModifiedByType":"User","lastModifiedAt":"2025-05-22T19:55:16.506216Z"}}'
    headers:
      cache-control:
      - no-cache
      content-length:
      - '1203'
      content-type:
      - application/json; charset=utf-8
      date:
      - Thu, 22 May 2025 19:55:16 GMT
      expires:
      - '-1'
      pragma:
      - no-cache
      strict-transport-security:
      - max-age=31536000; includeSubDomains
      x-cache:
      - CONFIG_NOCACHE
      x-content-type-options:
      - nosniff
      x-ms-operation-identifier:
      - tenantId=72f988bf-86f1-41af-91ab-2d7cd011db47,objectId=3d826307-2481-45a0-a271-bcf9333f914a/westus2/9a679d2e-bee1-425d-bf37-8321f68507a5
      x-ms-ratelimit-remaining-subscription-global-writes:
      - '11999'
      x-ms-ratelimit-remaining-subscription-writes:
      - '799'
      x-msedge-ref:
      - 'Ref A: 8C308AF02BB54EF8B1D0A66DAD935CFF Ref B: MWH011020808040 Ref C: 2025-05-22T19:55:16Z'
    status:
      code: 201
      message: Created
- request:
    body: null
    headers:
      Accept:
      - application/json
      Accept-Encoding:
      - gzip, deflate
      CommandName:
      - policy assignment non-compliance-message list
      Connection:
      - keep-alive
      ParameterSetName:
      - -n -g
      User-Agent:
      - AZURECLI/2.73.0 azsdk-python-core/1.31.0 Python/3.12.10 (Windows-11-10.0.26100-SP0)
    method: GET
    uri: https://management.azure.com/subscriptions/00000000-0000-0000-0000-000000000000/resourceGroups/cli_test_policy_ncm000001/providers/Microsoft.Authorization/policyAssignments/azurecli-test-policy-assignment000002?api-version=2024-05-01
  response:
    body:
      string: '{"properties":{"policyDefinitionId":"/providers/Microsoft.Authorization/policySetDefinitions/095e4ed9-c835-4ab6-9439-b5644362a06c","definitionVersion":"1.*.*","scope":"/subscriptions/00000000-0000-0000-0000-000000000000/resourceGroups/cli_test_policy_ncm000001","description":"New
        description","metadata":{"createdBy":"3d826307-2481-45a0-a271-bcf9333f914a","createdOn":"2025-05-22T19:55:10.8130343Z","updatedBy":"3d826307-2481-45a0-a271-bcf9333f914a","updatedOn":"2025-05-22T19:55:16.8257029Z"},"enforcementMode":"DoNotEnforce","nonComplianceMessages":[{"message":"General
        message"},{"policyDefinitionReferenceId":"AINE_MaximumPasswordAge","message":"Specific
        message"}]},"id":"/subscriptions/00000000-0000-0000-0000-000000000000/resourceGroups/cli_test_policy_ncm000001/providers/Microsoft.Authorization/policyAssignments/azurecli-test-policy-assignment000002","type":"Microsoft.Authorization/policyAssignments","name":"azurecli-test-policy-assignment000002","systemData":{"createdBy":"cstack@ntdev.microsoft.com","createdByType":"User","createdAt":"2025-05-22T19:55:10.5692365Z","lastModifiedBy":"cstack@ntdev.microsoft.com","lastModifiedByType":"User","lastModifiedAt":"2025-05-22T19:55:16.506216Z"}}'
    headers:
      cache-control:
      - no-cache
      content-length:
      - '1203'
      content-type:
      - application/json; charset=utf-8
      date:
      - Thu, 22 May 2025 19:55:16 GMT
      expires:
      - '-1'
      pragma:
      - no-cache
      strict-transport-security:
      - max-age=31536000; includeSubDomains
      x-cache:
      - CONFIG_NOCACHE
      x-content-type-options:
      - nosniff
      x-ms-operation-identifier:
      - tenantId=72f988bf-86f1-41af-91ab-2d7cd011db47,objectId=3d826307-2481-45a0-a271-bcf9333f914a/westus2/972296d2-0a4e-4888-ac60-b6a0bdd9205f
      x-ms-ratelimit-remaining-subscription-global-reads:
      - '16499'
      x-msedge-ref:
      - 'Ref A: 719AACB947364F149BEA6647228841B6 Ref B: MWH011020808036 Ref C: 2025-05-22T19:55:17Z'
    status:
      code: 200
      message: OK
- request:
    body: null
    headers:
      Accept:
      - application/json
      Accept-Encoding:
      - gzip, deflate
      CommandName:
      - policy assignment show
      Connection:
      - keep-alive
      ParameterSetName:
      - -n -g
      User-Agent:
      - AZURECLI/2.73.0 azsdk-python-core/1.31.0 Python/3.12.10 (Windows-11-10.0.26100-SP0)
    method: GET
    uri: https://management.azure.com/subscriptions/00000000-0000-0000-0000-000000000000/resourceGroups/cli_test_policy_ncm000001/providers/Microsoft.Authorization/policyAssignments/azurecli-test-policy-assignment000002?api-version=2024-05-01
  response:
    body:
      string: '{"properties":{"policyDefinitionId":"/providers/Microsoft.Authorization/policySetDefinitions/095e4ed9-c835-4ab6-9439-b5644362a06c","definitionVersion":"1.*.*","scope":"/subscriptions/00000000-0000-0000-0000-000000000000/resourceGroups/cli_test_policy_ncm000001","description":"New
        description","metadata":{"createdBy":"3d826307-2481-45a0-a271-bcf9333f914a","createdOn":"2025-05-22T19:55:10.8130343Z","updatedBy":"3d826307-2481-45a0-a271-bcf9333f914a","updatedOn":"2025-05-22T19:55:16.8257029Z"},"enforcementMode":"DoNotEnforce","nonComplianceMessages":[{"message":"General
        message"},{"policyDefinitionReferenceId":"AINE_MaximumPasswordAge","message":"Specific
        message"}]},"id":"/subscriptions/00000000-0000-0000-0000-000000000000/resourceGroups/cli_test_policy_ncm000001/providers/Microsoft.Authorization/policyAssignments/azurecli-test-policy-assignment000002","type":"Microsoft.Authorization/policyAssignments","name":"azurecli-test-policy-assignment000002","systemData":{"createdBy":"cstack@ntdev.microsoft.com","createdByType":"User","createdAt":"2025-05-22T19:55:10.5692365Z","lastModifiedBy":"cstack@ntdev.microsoft.com","lastModifiedByType":"User","lastModifiedAt":"2025-05-22T19:55:16.506216Z"}}'
    headers:
      cache-control:
      - no-cache
      content-length:
      - '1203'
      content-type:
      - application/json; charset=utf-8
      date:
      - Thu, 22 May 2025 19:55:16 GMT
      expires:
      - '-1'
      pragma:
      - no-cache
      strict-transport-security:
      - max-age=31536000; includeSubDomains
      x-cache:
      - CONFIG_NOCACHE
      x-content-type-options:
      - nosniff
      x-ms-operation-identifier:
      - tenantId=72f988bf-86f1-41af-91ab-2d7cd011db47,objectId=3d826307-2481-45a0-a271-bcf9333f914a/westus2/ea4c457e-34a7-4464-bd42-a8521b7014bc
      x-ms-ratelimit-remaining-subscription-global-reads:
      - '16499'
      x-msedge-ref:
      - 'Ref A: 9336A65596E941E5BD60E1C9A7D335CC Ref B: MWH011020807029 Ref C: 2025-05-22T19:55:17Z'
    status:
      code: 200
      message: OK
- request:
    body: null
    headers:
      Accept:
      - application/json
      Accept-Encoding:
      - gzip, deflate
      CommandName:
      - policy assignment non-compliance-message delete
      Connection:
      - keep-alive
      ParameterSetName:
      - -n -g -m -y
      User-Agent:
      - AZURECLI/2.73.0 azsdk-python-core/1.31.0 Python/3.12.10 (Windows-11-10.0.26100-SP0)
    method: GET
    uri: https://management.azure.com/subscriptions/00000000-0000-0000-0000-000000000000/resourceGroups/cli_test_policy_ncm000001/providers/Microsoft.Authorization/policyAssignments/azurecli-test-policy-assignment000002?api-version=2024-05-01
  response:
    body:
      string: '{"properties":{"policyDefinitionId":"/providers/Microsoft.Authorization/policySetDefinitions/095e4ed9-c835-4ab6-9439-b5644362a06c","definitionVersion":"1.*.*","scope":"/subscriptions/00000000-0000-0000-0000-000000000000/resourceGroups/cli_test_policy_ncm000001","description":"New
        description","metadata":{"createdBy":"3d826307-2481-45a0-a271-bcf9333f914a","createdOn":"2025-05-22T19:55:10.8130343Z","updatedBy":"3d826307-2481-45a0-a271-bcf9333f914a","updatedOn":"2025-05-22T19:55:16.8257029Z"},"enforcementMode":"DoNotEnforce","nonComplianceMessages":[{"message":"General
        message"},{"policyDefinitionReferenceId":"AINE_MaximumPasswordAge","message":"Specific
        message"}]},"id":"/subscriptions/00000000-0000-0000-0000-000000000000/resourceGroups/cli_test_policy_ncm000001/providers/Microsoft.Authorization/policyAssignments/azurecli-test-policy-assignment000002","type":"Microsoft.Authorization/policyAssignments","name":"azurecli-test-policy-assignment000002","systemData":{"createdBy":"cstack@ntdev.microsoft.com","createdByType":"User","createdAt":"2025-05-22T19:55:10.5692365Z","lastModifiedBy":"cstack@ntdev.microsoft.com","lastModifiedByType":"User","lastModifiedAt":"2025-05-22T19:55:16.506216Z"}}'
    headers:
      cache-control:
      - no-cache
      content-length:
      - '1203'
      content-type:
      - application/json; charset=utf-8
      date:
      - Thu, 22 May 2025 19:55:17 GMT
      expires:
      - '-1'
      pragma:
      - no-cache
      strict-transport-security:
      - max-age=31536000; includeSubDomains
      x-cache:
      - CONFIG_NOCACHE
      x-content-type-options:
      - nosniff
      x-ms-operation-identifier:
      - tenantId=72f988bf-86f1-41af-91ab-2d7cd011db47,objectId=3d826307-2481-45a0-a271-bcf9333f914a/westus2/a1936035-513a-465d-9232-7222068e9acf
      x-ms-ratelimit-remaining-subscription-global-reads:
      - '16499'
      x-msedge-ref:
      - 'Ref A: D962B848C8B34594A0BA88C928EFE1DB Ref B: CO6AA3150218029 Ref C: 2025-05-22T19:55:17Z'
    status:
      code: 200
      message: OK
- request:
    body: '{"properties": {"definitionVersion": "1.*.*", "description": "New description",
      "enforcementMode": "DoNotEnforce", "metadata": {"createdBy": "3d826307-2481-45a0-a271-bcf9333f914a",
      "createdOn": "2025-05-22T19:55:10.8130343Z", "updatedBy": "3d826307-2481-45a0-a271-bcf9333f914a",
      "updatedOn": "2025-05-22T19:55:16.8257029Z"}, "nonComplianceMessages": [{"message":
      "Specific message", "policyDefinitionReferenceId": "AINE_MaximumPasswordAge"}],
      "policyDefinitionId": "/providers/Microsoft.Authorization/policySetDefinitions/095e4ed9-c835-4ab6-9439-b5644362a06c"}}'
    headers:
      Accept:
      - application/json
      Accept-Encoding:
      - gzip, deflate
      CommandName:
      - policy assignment non-compliance-message delete
      Connection:
      - keep-alive
      Content-Length:
      - '561'
      Content-Type:
      - application/json
      ParameterSetName:
      - -n -g -m -y
      User-Agent:
      - AZURECLI/2.73.0 azsdk-python-core/1.31.0 Python/3.12.10 (Windows-11-10.0.26100-SP0)
    method: PUT
    uri: https://management.azure.com/subscriptions/00000000-0000-0000-0000-000000000000/resourceGroups/cli_test_policy_ncm000001/providers/Microsoft.Authorization/policyAssignments/azurecli-test-policy-assignment000002?api-version=2024-05-01
  response:
    body:
      string: '{"properties":{"policyDefinitionId":"/providers/Microsoft.Authorization/policySetDefinitions/095e4ed9-c835-4ab6-9439-b5644362a06c","definitionVersion":"1.*.*","scope":"/subscriptions/00000000-0000-0000-0000-000000000000/resourceGroups/cli_test_policy_ncm000001","description":"New
        description","metadata":{"createdBy":"3d826307-2481-45a0-a271-bcf9333f914a","createdOn":"2025-05-22T19:55:10.8130343Z","updatedBy":"3d826307-2481-45a0-a271-bcf9333f914a","updatedOn":"2025-05-22T19:55:18.1696194Z"},"enforcementMode":"DoNotEnforce","nonComplianceMessages":[{"policyDefinitionReferenceId":"AINE_MaximumPasswordAge","message":"Specific
        message"}]},"id":"/subscriptions/00000000-0000-0000-0000-000000000000/resourceGroups/cli_test_policy_ncm000001/providers/Microsoft.Authorization/policyAssignments/azurecli-test-policy-assignment000002","type":"Microsoft.Authorization/policyAssignments","name":"azurecli-test-policy-assignment000002","systemData":{"createdBy":"cstack@ntdev.microsoft.com","createdByType":"User","createdAt":"2025-05-22T19:55:10.5692365Z","lastModifiedBy":"cstack@ntdev.microsoft.com","lastModifiedByType":"User","lastModifiedAt":"2025-05-22T19:55:18.0382482Z"}}'
    headers:
      cache-control:
      - no-cache
      content-length:
      - '1174'
      content-type:
      - application/json; charset=utf-8
      date:
      - Thu, 22 May 2025 19:55:18 GMT
      expires:
      - '-1'
      pragma:
      - no-cache
      strict-transport-security:
      - max-age=31536000; includeSubDomains
      x-cache:
      - CONFIG_NOCACHE
      x-content-type-options:
      - nosniff
      x-ms-operation-identifier:
      - tenantId=72f988bf-86f1-41af-91ab-2d7cd011db47,objectId=3d826307-2481-45a0-a271-bcf9333f914a/westus2/81255e56-243a-4336-8abf-c1d83fbc4674
      x-ms-ratelimit-remaining-subscription-global-writes:
      - '11999'
      x-ms-ratelimit-remaining-subscription-writes:
      - '799'
      x-msedge-ref:
      - 'Ref A: 3A47F2F6DC9F423D9B64CC94DFEEE9DB Ref B: CO6AA3150218029 Ref C: 2025-05-22T19:55:17Z'
    status:
      code: 201
      message: Created
- request:
    body: null
    headers:
      Accept:
      - application/json
      Accept-Encoding:
      - gzip, deflate
      CommandName:
      - policy assignment non-compliance-message list
      Connection:
      - keep-alive
      ParameterSetName:
      - -n -g
      User-Agent:
      - AZURECLI/2.73.0 azsdk-python-core/1.31.0 Python/3.12.10 (Windows-11-10.0.26100-SP0)
    method: GET
    uri: https://management.azure.com/subscriptions/00000000-0000-0000-0000-000000000000/resourceGroups/cli_test_policy_ncm000001/providers/Microsoft.Authorization/policyAssignments/azurecli-test-policy-assignment000002?api-version=2024-05-01
  response:
    body:
      string: '{"properties":{"policyDefinitionId":"/providers/Microsoft.Authorization/policySetDefinitions/095e4ed9-c835-4ab6-9439-b5644362a06c","definitionVersion":"1.*.*","scope":"/subscriptions/00000000-0000-0000-0000-000000000000/resourceGroups/cli_test_policy_ncm000001","description":"New
        description","metadata":{"createdBy":"3d826307-2481-45a0-a271-bcf9333f914a","createdOn":"2025-05-22T19:55:10.8130343Z","updatedBy":"3d826307-2481-45a0-a271-bcf9333f914a","updatedOn":"2025-05-22T19:55:18.1696194Z"},"enforcementMode":"DoNotEnforce","nonComplianceMessages":[{"policyDefinitionReferenceId":"AINE_MaximumPasswordAge","message":"Specific
        message"}]},"id":"/subscriptions/00000000-0000-0000-0000-000000000000/resourceGroups/cli_test_policy_ncm000001/providers/Microsoft.Authorization/policyAssignments/azurecli-test-policy-assignment000002","type":"Microsoft.Authorization/policyAssignments","name":"azurecli-test-policy-assignment000002","systemData":{"createdBy":"cstack@ntdev.microsoft.com","createdByType":"User","createdAt":"2025-05-22T19:55:10.5692365Z","lastModifiedBy":"cstack@ntdev.microsoft.com","lastModifiedByType":"User","lastModifiedAt":"2025-05-22T19:55:18.0382482Z"}}'
    headers:
      cache-control:
      - no-cache
      content-length:
      - '1174'
      content-type:
      - application/json; charset=utf-8
      date:
      - Thu, 22 May 2025 19:55:17 GMT
      expires:
      - '-1'
      pragma:
      - no-cache
      strict-transport-security:
      - max-age=31536000; includeSubDomains
      x-cache:
      - CONFIG_NOCACHE
      x-content-type-options:
      - nosniff
      x-ms-operation-identifier:
      - tenantId=72f988bf-86f1-41af-91ab-2d7cd011db47,objectId=3d826307-2481-45a0-a271-bcf9333f914a/westus2/0cc9bb1b-19f1-4ac2-80ed-c8862767126d
      x-ms-ratelimit-remaining-subscription-global-reads:
      - '16499'
      x-msedge-ref:
      - 'Ref A: FF6D0E2CBD4F4A2586F8C0BCDDBAF6A8 Ref B: MWH011020808040 Ref C: 2025-05-22T19:55:18Z'
    status:
      code: 200
      message: OK
- request:
    body: null
    headers:
      Accept:
      - application/json
      Accept-Encoding:
      - gzip, deflate
      CommandName:
      - policy assignment non-compliance-message delete
      Connection:
      - keep-alive
      ParameterSetName:
      - -n -g -m -r -y
      User-Agent:
      - AZURECLI/2.73.0 azsdk-python-core/1.31.0 Python/3.12.10 (Windows-11-10.0.26100-SP0)
    method: GET
    uri: https://management.azure.com/subscriptions/00000000-0000-0000-0000-000000000000/resourceGroups/cli_test_policy_ncm000001/providers/Microsoft.Authorization/policyAssignments/azurecli-test-policy-assignment000002?api-version=2024-05-01
  response:
    body:
      string: '{"properties":{"policyDefinitionId":"/providers/Microsoft.Authorization/policySetDefinitions/095e4ed9-c835-4ab6-9439-b5644362a06c","definitionVersion":"1.*.*","scope":"/subscriptions/00000000-0000-0000-0000-000000000000/resourceGroups/cli_test_policy_ncm000001","description":"New
        description","metadata":{"createdBy":"3d826307-2481-45a0-a271-bcf9333f914a","createdOn":"2025-05-22T19:55:10.8130343Z","updatedBy":"3d826307-2481-45a0-a271-bcf9333f914a","updatedOn":"2025-05-22T19:55:18.1696194Z"},"enforcementMode":"DoNotEnforce","nonComplianceMessages":[{"policyDefinitionReferenceId":"AINE_MaximumPasswordAge","message":"Specific
        message"}]},"id":"/subscriptions/00000000-0000-0000-0000-000000000000/resourceGroups/cli_test_policy_ncm000001/providers/Microsoft.Authorization/policyAssignments/azurecli-test-policy-assignment000002","type":"Microsoft.Authorization/policyAssignments","name":"azurecli-test-policy-assignment000002","systemData":{"createdBy":"cstack@ntdev.microsoft.com","createdByType":"User","createdAt":"2025-05-22T19:55:10.5692365Z","lastModifiedBy":"cstack@ntdev.microsoft.com","lastModifiedByType":"User","lastModifiedAt":"2025-05-22T19:55:18.0382482Z"}}'
    headers:
      cache-control:
      - no-cache
      content-length:
      - '1174'
      content-type:
      - application/json; charset=utf-8
      date:
      - Thu, 22 May 2025 19:55:18 GMT
      expires:
      - '-1'
      pragma:
      - no-cache
      strict-transport-security:
      - max-age=31536000; includeSubDomains
      x-cache:
      - CONFIG_NOCACHE
      x-content-type-options:
      - nosniff
      x-ms-operation-identifier:
      - tenantId=72f988bf-86f1-41af-91ab-2d7cd011db47,objectId=3d826307-2481-45a0-a271-bcf9333f914a/westus2/cd964a45-c780-4efb-8e8f-adef0d140478
      x-ms-ratelimit-remaining-subscription-global-reads:
      - '16499'
      x-msedge-ref:
      - 'Ref A: 90F27FBE8F1040AC9FFCF80999597320 Ref B: MWH011020808023 Ref C: 2025-05-22T19:55:18Z'
    status:
      code: 200
      message: OK
- request:
    body: '{"properties": {"definitionVersion": "1.*.*", "description": "New description",
      "enforcementMode": "DoNotEnforce", "metadata": {"createdBy": "3d826307-2481-45a0-a271-bcf9333f914a",
      "createdOn": "2025-05-22T19:55:10.8130343Z", "updatedBy": "3d826307-2481-45a0-a271-bcf9333f914a",
      "updatedOn": "2025-05-22T19:55:18.1696194Z"}, "nonComplianceMessages": [], "policyDefinitionId":
      "/providers/Microsoft.Authorization/policySetDefinitions/095e4ed9-c835-4ab6-9439-b5644362a06c"}}'
    headers:
      Accept:
      - application/json
      Accept-Encoding:
      - gzip, deflate
      CommandName:
      - policy assignment non-compliance-message delete
      Connection:
      - keep-alive
      Content-Length:
      - '472'
      Content-Type:
      - application/json
      ParameterSetName:
      - -n -g -m -r -y
      User-Agent:
      - AZURECLI/2.73.0 azsdk-python-core/1.31.0 Python/3.12.10 (Windows-11-10.0.26100-SP0)
    method: PUT
    uri: https://management.azure.com/subscriptions/00000000-0000-0000-0000-000000000000/resourceGroups/cli_test_policy_ncm000001/providers/Microsoft.Authorization/policyAssignments/azurecli-test-policy-assignment000002?api-version=2024-05-01
  response:
    body:
      string: '{"properties":{"policyDefinitionId":"/providers/Microsoft.Authorization/policySetDefinitions/095e4ed9-c835-4ab6-9439-b5644362a06c","definitionVersion":"1.*.*","scope":"/subscriptions/00000000-0000-0000-0000-000000000000/resourceGroups/cli_test_policy_ncm000001","description":"New
        description","metadata":{"createdBy":"3d826307-2481-45a0-a271-bcf9333f914a","createdOn":"2025-05-22T19:55:10.8130343Z","updatedBy":"3d826307-2481-45a0-a271-bcf9333f914a","updatedOn":"2025-05-22T19:55:19.289802Z"},"enforcementMode":"DoNotEnforce","nonComplianceMessages":[]},"id":"/subscriptions/00000000-0000-0000-0000-000000000000/resourceGroups/cli_test_policy_ncm000001/providers/Microsoft.Authorization/policyAssignments/azurecli-test-policy-assignment000002","type":"Microsoft.Authorization/policyAssignments","name":"azurecli-test-policy-assignment000002","systemData":{"createdBy":"cstack@ntdev.microsoft.com","createdByType":"User","createdAt":"2025-05-22T19:55:10.5692365Z","lastModifiedBy":"cstack@ntdev.microsoft.com","lastModifiedByType":"User","lastModifiedAt":"2025-05-22T19:55:19.0843467Z"}}'
    headers:
      cache-control:
      - no-cache
      content-length:
      - '1087'
      content-type:
      - application/json; charset=utf-8
      date:
      - Thu, 22 May 2025 19:55:19 GMT
      expires:
      - '-1'
      pragma:
      - no-cache
      strict-transport-security:
      - max-age=31536000; includeSubDomains
      x-cache:
      - CONFIG_NOCACHE
      x-content-type-options:
      - nosniff
      x-ms-operation-identifier:
      - tenantId=72f988bf-86f1-41af-91ab-2d7cd011db47,objectId=3d826307-2481-45a0-a271-bcf9333f914a/westus2/5f4ae135-f134-40b2-ba9d-2a61c07bc492
      x-ms-ratelimit-remaining-subscription-global-writes:
      - '11999'
      x-ms-ratelimit-remaining-subscription-writes:
      - '799'
      x-msedge-ref:
      - 'Ref A: 168BADE2FDDA4F5D9BE25EA827F834DC Ref B: MWH011020808023 Ref C: 2025-05-22T19:55:18Z'
    status:
      code: 201
      message: Created
- request:
    body: null
    headers:
      Accept:
      - application/json
      Accept-Encoding:
      - gzip, deflate
      CommandName:
      - policy assignment non-compliance-message list
      Connection:
      - keep-alive
      ParameterSetName:
      - -n -g
      User-Agent:
      - AZURECLI/2.73.0 azsdk-python-core/1.31.0 Python/3.12.10 (Windows-11-10.0.26100-SP0)
    method: GET
    uri: https://management.azure.com/subscriptions/00000000-0000-0000-0000-000000000000/resourceGroups/cli_test_policy_ncm000001/providers/Microsoft.Authorization/policyAssignments/azurecli-test-policy-assignment000002?api-version=2024-05-01
  response:
    body:
      string: '{"properties":{"policyDefinitionId":"/providers/Microsoft.Authorization/policySetDefinitions/095e4ed9-c835-4ab6-9439-b5644362a06c","definitionVersion":"1.*.*","scope":"/subscriptions/00000000-0000-0000-0000-000000000000/resourceGroups/cli_test_policy_ncm000001","description":"New
        description","metadata":{"createdBy":"3d826307-2481-45a0-a271-bcf9333f914a","createdOn":"2025-05-22T19:55:10.8130343Z","updatedBy":"3d826307-2481-45a0-a271-bcf9333f914a","updatedOn":"2025-05-22T19:55:19.289802Z"},"enforcementMode":"DoNotEnforce","nonComplianceMessages":[]},"id":"/subscriptions/00000000-0000-0000-0000-000000000000/resourceGroups/cli_test_policy_ncm000001/providers/Microsoft.Authorization/policyAssignments/azurecli-test-policy-assignment000002","type":"Microsoft.Authorization/policyAssignments","name":"azurecli-test-policy-assignment000002","systemData":{"createdBy":"cstack@ntdev.microsoft.com","createdByType":"User","createdAt":"2025-05-22T19:55:10.5692365Z","lastModifiedBy":"cstack@ntdev.microsoft.com","lastModifiedByType":"User","lastModifiedAt":"2025-05-22T19:55:19.0843467Z"}}'
    headers:
      cache-control:
      - no-cache
      content-length:
      - '1087'
      content-type:
      - application/json; charset=utf-8
      date:
      - Thu, 22 May 2025 19:55:19 GMT
      expires:
      - '-1'
      pragma:
      - no-cache
      strict-transport-security:
      - max-age=31536000; includeSubDomains
      x-cache:
      - CONFIG_NOCACHE
      x-content-type-options:
      - nosniff
      x-ms-operation-identifier:
      - tenantId=72f988bf-86f1-41af-91ab-2d7cd011db47,objectId=3d826307-2481-45a0-a271-bcf9333f914a/westus2/b37df3db-8c33-442d-9278-5129a86c3d72
      x-ms-ratelimit-remaining-subscription-global-reads:
      - '16499'
      x-msedge-ref:
      - 'Ref A: 9306E841A95D405E9751540EC706CBEC Ref B: CO6AA3150217029 Ref C: 2025-05-22T19:55:20Z'
    status:
      code: 200
      message: OK
- request:
    body: null
    headers:
      Accept:
      - application/json
      Accept-Encoding:
      - gzip, deflate
      CommandName:
      - policy assignment show
      Connection:
      - keep-alive
      ParameterSetName:
      - -n -g
      User-Agent:
      - AZURECLI/2.73.0 azsdk-python-core/1.31.0 Python/3.12.10 (Windows-11-10.0.26100-SP0)
    method: GET
    uri: https://management.azure.com/subscriptions/00000000-0000-0000-0000-000000000000/resourceGroups/cli_test_policy_ncm000001/providers/Microsoft.Authorization/policyAssignments/azurecli-test-policy-assignment000002?api-version=2024-05-01
  response:
    body:
      string: '{"properties":{"policyDefinitionId":"/providers/Microsoft.Authorization/policySetDefinitions/095e4ed9-c835-4ab6-9439-b5644362a06c","definitionVersion":"1.*.*","scope":"/subscriptions/00000000-0000-0000-0000-000000000000/resourceGroups/cli_test_policy_ncm000001","description":"New
        description","metadata":{"createdBy":"3d826307-2481-45a0-a271-bcf9333f914a","createdOn":"2025-05-22T19:55:10.8130343Z","updatedBy":"3d826307-2481-45a0-a271-bcf9333f914a","updatedOn":"2025-05-22T19:55:19.289802Z"},"enforcementMode":"DoNotEnforce","nonComplianceMessages":[]},"id":"/subscriptions/00000000-0000-0000-0000-000000000000/resourceGroups/cli_test_policy_ncm000001/providers/Microsoft.Authorization/policyAssignments/azurecli-test-policy-assignment000002","type":"Microsoft.Authorization/policyAssignments","name":"azurecli-test-policy-assignment000002","systemData":{"createdBy":"cstack@ntdev.microsoft.com","createdByType":"User","createdAt":"2025-05-22T19:55:10.5692365Z","lastModifiedBy":"cstack@ntdev.microsoft.com","lastModifiedByType":"User","lastModifiedAt":"2025-05-22T19:55:19.0843467Z"}}'
    headers:
      cache-control:
      - no-cache
      content-length:
      - '1087'
      content-type:
      - application/json; charset=utf-8
      date:
      - Thu, 22 May 2025 19:55:19 GMT
      expires:
      - '-1'
      pragma:
      - no-cache
      strict-transport-security:
      - max-age=31536000; includeSubDomains
      x-cache:
      - CONFIG_NOCACHE
      x-content-type-options:
      - nosniff
      x-ms-operation-identifier:
      - tenantId=72f988bf-86f1-41af-91ab-2d7cd011db47,objectId=3d826307-2481-45a0-a271-bcf9333f914a/westus2/3ce252ec-fc2d-4f2c-bb4d-fecd7dc7ec84
      x-ms-ratelimit-remaining-subscription-global-reads:
      - '16499'
      x-msedge-ref:
      - 'Ref A: 44722D758D4E4590B9E73BB82CC94658 Ref B: MWH011020809029 Ref C: 2025-05-22T19:55:20Z'
    status:
      code: 200
      message: OK
- request:
    body: null
    headers:
      Accept:
      - application/json
      Accept-Encoding:
      - gzip, deflate
      CommandName:
      - policy assignment delete
      Connection:
      - keep-alive
      Content-Length:
      - '0'
      ParameterSetName:
      - -n -g -y
      User-Agent:
      - AZURECLI/2.73.0 azsdk-python-core/1.31.0 Python/3.12.10 (Windows-11-10.0.26100-SP0)
    method: DELETE
    uri: https://management.azure.com/subscriptions/00000000-0000-0000-0000-000000000000/resourceGroups/cli_test_policy_ncm000001/providers/Microsoft.Authorization/policyAssignments/azurecli-test-policy-assignment000002?api-version=2024-05-01
  response:
    body:
      string: '{"properties":{"policyDefinitionId":"/providers/Microsoft.Authorization/policySetDefinitions/095e4ed9-c835-4ab6-9439-b5644362a06c","definitionVersion":"1.*.*","scope":"/subscriptions/00000000-0000-0000-0000-000000000000/resourceGroups/cli_test_policy_ncm000001","description":"New
        description","metadata":{"createdBy":"3d826307-2481-45a0-a271-bcf9333f914a","createdOn":"2025-05-22T19:55:10.8130343Z","updatedBy":"3d826307-2481-45a0-a271-bcf9333f914a","updatedOn":"2025-05-22T19:55:19.289802Z"},"enforcementMode":"DoNotEnforce","nonComplianceMessages":[]},"id":"/subscriptions/00000000-0000-0000-0000-000000000000/resourceGroups/cli_test_policy_ncm000001/providers/Microsoft.Authorization/policyAssignments/azurecli-test-policy-assignment000002","type":"Microsoft.Authorization/policyAssignments","name":"azurecli-test-policy-assignment000002","systemData":{"createdBy":"cstack@ntdev.microsoft.com","createdByType":"User","createdAt":"2025-05-22T19:55:10.5692365Z","lastModifiedBy":"cstack@ntdev.microsoft.com","lastModifiedByType":"User","lastModifiedAt":"2025-05-22T19:55:19.0843467Z"}}'
    headers:
      cache-control:
      - no-cache
      content-length:
      - '1087'
      content-type:
      - application/json; charset=utf-8
      date:
      - Thu, 22 May 2025 19:55:20 GMT
      expires:
      - '-1'
      pragma:
      - no-cache
      strict-transport-security:
      - max-age=31536000; includeSubDomains
      x-cache:
      - CONFIG_NOCACHE
      x-content-type-options:
      - nosniff
      x-ms-operation-identifier:
      - tenantId=72f988bf-86f1-41af-91ab-2d7cd011db47,objectId=3d826307-2481-45a0-a271-bcf9333f914a/westus2/5c7e2cca-2ee8-4602-a2db-251d32e6f20c
      x-ms-ratelimit-remaining-subscription-deletes:
      - '799'
      x-ms-ratelimit-remaining-subscription-global-deletes:
      - '11999'
      x-msedge-ref:
      - 'Ref A: 564E0DDCC704435EB795B9141B558FD4 Ref B: MWH011020806029 Ref C: 2025-05-22T19:55:20Z'
    status:
      code: 200
      message: OK
version: 1
