interactions:
- request:
    body: null
    headers:
      Accept:
      - application/json
      Accept-Encoding:
      - gzip, deflate
      CommandName:
      - stack group create
      Connection:
      - keep-alive
      ParameterSetName:
      - --name --resource-group --template-file --deny-settings-mode --parameters
        --yes
      User-Agent:
      - AZURECLI/2.47.0 (PIP) azsdk-python-azure-mgmt-resource/0.1.0 Python/3.9.13
        (Windows-10-10.0.19044-SP0)
    method: GET
    uri: https://management.azure.com/subscriptions/00000000-0000-0000-0000-000000000000/resourceGroups/cli_test_deployment_stacks000001/providers/Microsoft.Resources/deploymentStacks/cli-test-show-deployment-stack-resource-group000002?api-version=2022-08-01-preview
  response:
    body:
      string: "{\r\n  \"error\": {\r\n    \"code\": \"DeploymentStackResourceNotFound\",\r\n
        \   \"message\": \"The deployment stack '/subscriptions/00000000-0000-0000-0000-000000000000/resourceGroups/cli_test_deployment_stacks000001/providers/Microsoft.Resources/deploymentStacks/cli-test-show-deployment-stack-resource-group000002'
        could not be found.\"\r\n  }\r\n}"
    headers:
      cache-control:
      - no-cache
      content-length:
      - '331'
      content-type:
      - application/json; charset=utf-8
      date:
      - Mon, 17 Apr 2023 16:09:54 GMT
      expires:
      - '-1'
      pragma:
      - no-cache
      server:
      - Microsoft-HTTPAPI/2.0
      strict-transport-security:
      - max-age=31536000; includeSubDomains
      x-content-type-options:
      - nosniff
    status:
      code: 404
      message: Not Found
- request:
    body: '{"properties": {"template": {"$schema": "https://schema.management.azure.com/schemas/2019-04-01/deploymentTemplate.json#",
      "contentVersion": "1.0.0.0", "parameters": {"foo": {"type": "string", "defaultValue":
      "foo", "metadata": {"description": "description"}}, "bar": {"type": "string",
      "defaultValue": "bar", "metadata": {"description": "description"}}}, "functions":
      [], "variables": {}, "resources": [], "outputs": {"foo": {"type": "string",
      "value": "[parameters(''foo'')]"}, "bar": {"type": "string", "value": "[parameters(''bar'')]"}}},
      "parameters": {"foo": {"value": "abc"}, "bar": {"value": "xyz"}}, "actionOnUnmanage":
      {"resources": "detach", "resourceGroups": "detach"}, "denySettings": {"applyToChildScopes":
      false}}}'
    headers:
      Accept:
      - application/json
      Accept-Encoding:
      - gzip, deflate
      CommandName:
      - stack group create
      Connection:
      - keep-alive
      Content-Length:
      - '725'
      Content-Type:
      - application/json
      ParameterSetName:
      - --name --resource-group --template-file --deny-settings-mode --parameters
        --yes
      User-Agent:
      - AZURECLI/2.47.0 (PIP) azsdk-python-azure-mgmt-resource/0.1.0 Python/3.9.13
        (Windows-10-10.0.19044-SP0)
    method: PUT
    uri: https://management.azure.com/subscriptions/00000000-0000-0000-0000-000000000000/resourceGroups/cli_test_deployment_stacks000001/providers/Microsoft.Resources/deploymentStacks/cli-test-show-deployment-stack-resource-group000002?api-version=2022-08-01-preview
  response:
    body:
      string: "{\r\n  \"properties\": {\r\n    \"actionOnUnmanage\": {\r\n      \"resources\":
        \"detach\",\r\n      \"resourceGroups\": \"detach\",\r\n      \"managementGroups\":
        \"detach\"\r\n    },\r\n    \"denySettings\": {\r\n      \"mode\": \"none\",\r\n
        \     \"applyToChildScopes\": false\r\n    },\r\n    \"parameters\": {\r\n
        \     \"foo\": {\r\n        \"value\": \"abc\"\r\n      },\r\n      \"bar\":
        {\r\n        \"value\": \"xyz\"\r\n      }\r\n    },\r\n    \"resources\":
        [],\r\n    \"provisioningState\": \"initializing\",\r\n    \"detachedResources\":
        [],\r\n    \"deletedResources\": [],\r\n    \"failedResources\": []\r\n  },\r\n
        \ \"systemData\": {\r\n    \"createdBy\": \"harshpatel@microsoft.com\",\r\n
        \   \"createdByType\": \"User\",\r\n    \"createdAt\": \"2023-04-17T16:09:54.7622793Z\",\r\n
        \   \"lastModifiedBy\": \"harshpatel@microsoft.com\",\r\n    \"lastModifiedByType\":
        \"User\",\r\n    \"lastModifiedAt\": \"2023-04-17T16:09:54.7622793Z\"\r\n
        \ },\r\n  \"id\": \"/subscriptions/00000000-0000-0000-0000-000000000000/resourceGroups/cli_test_deployment_stacks000001/providers/Microsoft.Resources/deploymentStacks/cli-test-show-deployment-stack-resource-group000002\",\r\n
        \ \"type\": \"Microsoft.Resources/deploymentStacks\",\r\n  \"name\": \"cli-test-show-deployment-stack-resource-group000002\"\r\n}"
    headers:
      azure-asyncoperation:
      - https://management.azure.com/subscriptions/00000000-0000-0000-0000-000000000000/providers/Microsoft.Resources/locations/westus2/deploymentStackOperationStatus/c46c2de5-87ad-41d5-8b48-fcf86bff1c38?api-version=2022-08-01-preview
      cache-control:
      - no-cache
      content-length:
      - '1150'
      content-type:
      - application/json; charset=utf-8
      date:
      - Mon, 17 Apr 2023 16:09:55 GMT
      expires:
      - '-1'
      pragma:
      - no-cache
      server:
      - Microsoft-HTTPAPI/2.0
      strict-transport-security:
      - max-age=31536000; includeSubDomains
      x-content-type-options:
      - nosniff
      x-ms-ratelimit-remaining-subscription-writes:
      - '1199'
    status:
      code: 201
      message: Created
- request:
    body: null
    headers:
      Accept:
      - '*/*'
      Accept-Encoding:
      - gzip, deflate
      CommandName:
      - stack group create
      Connection:
      - keep-alive
      ParameterSetName:
      - --name --resource-group --template-file --deny-settings-mode --parameters
        --yes
      User-Agent:
      - AZURECLI/2.47.0 (PIP) azsdk-python-azure-mgmt-resource/0.1.0 Python/3.9.13
        (Windows-10-10.0.19044-SP0)
    method: GET
    uri: https://management.azure.com/subscriptions/00000000-0000-0000-0000-000000000000/providers/Microsoft.Resources/locations/westus2/deploymentStackOperationStatus/c46c2de5-87ad-41d5-8b48-fcf86bff1c38?api-version=2022-08-01-preview
  response:
    body:
      string: "{\r\n  \"id\": \"/subscriptions/00000000-0000-0000-0000-000000000000/providers/Microsoft.Resources/locations/westus2/deploymentStackOperationStatus/c46c2de5-87ad-41d5-8b48-fcf86bff1c38\",\r\n
        \ \"name\": \"c46c2de5-87ad-41d5-8b48-fcf86bff1c38\",\r\n  \"status\": \"succeeded\"\r\n}"
    headers:
      cache-control:
      - no-cache
      content-length:
      - '260'
      content-type:
      - application/json; charset=utf-8
      date:
      - Mon, 17 Apr 2023 16:10:11 GMT
      expires:
      - '-1'
      pragma:
      - no-cache
      server:
      - Microsoft-HTTPAPI/2.0
      strict-transport-security:
      - max-age=31536000; includeSubDomains
      transfer-encoding:
      - chunked
      vary:
      - Accept-Encoding
      x-content-type-options:
      - nosniff
    status:
      code: 200
      message: OK
- request:
    body: null
    headers:
      Accept:
      - '*/*'
      Accept-Encoding:
      - gzip, deflate
      CommandName:
      - stack group create
      Connection:
      - keep-alive
      ParameterSetName:
      - --name --resource-group --template-file --deny-settings-mode --parameters
        --yes
      User-Agent:
      - AZURECLI/2.47.0 (PIP) azsdk-python-azure-mgmt-resource/0.1.0 Python/3.9.13
        (Windows-10-10.0.19044-SP0)
    method: GET
    uri: https://management.azure.com/subscriptions/00000000-0000-0000-0000-000000000000/resourceGroups/cli_test_deployment_stacks000001/providers/Microsoft.Resources/deploymentStacks/cli-test-show-deployment-stack-resource-group000002?api-version=2022-08-01-preview
  response:
    body:
      string: "{\r\n  \"properties\": {\r\n    \"actionOnUnmanage\": {\r\n      \"resources\":
        \"detach\",\r\n      \"resourceGroups\": \"detach\",\r\n      \"managementGroups\":
        \"detach\"\r\n    },\r\n    \"deploymentId\": \"/subscriptions/00000000-0000-0000-0000-000000000000/resourceGroups/cli_test_deployment_stacks000001/providers/Microsoft.Resources/deployments/cli-test-show-deployment-stack-resourc-2023-04-17-16-09-54-70002\",\r\n
        \   \"duration\": \"PT4.8422634S\",\r\n    \"denySettings\": {\r\n      \"mode\":
        \"none\",\r\n      \"applyToChildScopes\": false\r\n    },\r\n    \"outputs\":
        {\r\n      \"foo\": {\r\n        \"type\": \"String\",\r\n        \"value\":
        \"abc\"\r\n      },\r\n      \"bar\": {\r\n        \"type\": \"String\",\r\n
        \       \"value\": \"xyz\"\r\n      }\r\n    },\r\n    \"parameters\": {\r\n
        \     \"foo\": {\r\n        \"value\": \"abc\"\r\n      },\r\n      \"bar\":
        {\r\n        \"value\": \"xyz\"\r\n      }\r\n    },\r\n    \"resources\":
        [],\r\n    \"provisioningState\": \"succeeded\",\r\n    \"detachedResources\":
        [],\r\n    \"deletedResources\": [],\r\n    \"failedResources\": []\r\n  },\r\n
        \ \"systemData\": {\r\n    \"createdBy\": \"harshpatel@microsoft.com\",\r\n
        \   \"createdByType\": \"User\",\r\n    \"createdAt\": \"2023-04-17T16:09:54.7622793Z\",\r\n
        \   \"lastModifiedBy\": \"harshpatel@microsoft.com\",\r\n    \"lastModifiedByType\":
        \"User\",\r\n    \"lastModifiedAt\": \"2023-04-17T16:09:54.7622793Z\"\r\n
        \ },\r\n  \"id\": \"/subscriptions/00000000-0000-0000-0000-000000000000/resourceGroups/cli_test_deployment_stacks000001/providers/Microsoft.Resources/deploymentStacks/cli-test-show-deployment-stack-resource-group000002\",\r\n
        \ \"type\": \"Microsoft.Resources/deploymentStacks\",\r\n  \"name\": \"cli-test-show-deployment-stack-resource-group000002\"\r\n}"
    headers:
      cache-control:
      - no-cache
      content-length:
      - '1590'
      content-type:
      - application/json; charset=utf-8
      date:
      - Mon, 17 Apr 2023 16:10:12 GMT
      expires:
      - '-1'
      pragma:
      - no-cache
      server:
      - Microsoft-HTTPAPI/2.0
      strict-transport-security:
      - max-age=31536000; includeSubDomains
      transfer-encoding:
      - chunked
      vary:
      - Accept-Encoding
      x-content-type-options:
      - nosniff
    status:
      code: 200
      message: OK
- request:
    body: null
    headers:
      Accept:
      - application/json
      Accept-Encoding:
      - gzip, deflate
      CommandName:
      - stack group export
      Connection:
      - keep-alive
      Content-Length:
      - '0'
      ParameterSetName:
      - --name --resource-group
      User-Agent:
      - AZURECLI/2.47.0 (PIP) azsdk-python-azure-mgmt-resource/0.1.0 Python/3.9.13
        (Windows-10-10.0.19044-SP0)
    method: POST
    uri: https://management.azure.com/subscriptions/00000000-0000-0000-0000-000000000000/resourceGroups/cli_test_deployment_stacks000001/providers/Microsoft.Resources/deploymentStacks/cli-test-show-deployment-stack-resource-group000002/exportTemplate?api-version=2022-08-01-preview
  response:
    body:
      string: "{\r\n  \"template\": {\r\n    \"$schema\": \"https://schema.management.azure.com/schemas/2019-04-01/deploymentTemplate.json#\",\r\n
        \   \"contentVersion\": \"1.0.0.0\",\r\n    \"parameters\": {\r\n      \"foo\":
        {\r\n        \"type\": \"string\",\r\n        \"defaultValue\": \"foo\",\r\n
        \       \"metadata\": {\r\n          \"description\": \"description\"\r\n
        \       }\r\n      },\r\n      \"bar\": {\r\n        \"type\": \"string\",\r\n
        \       \"defaultValue\": \"bar\",\r\n        \"metadata\": {\r\n          \"description\":
        \"description\"\r\n        }\r\n      }\r\n    },\r\n    \"functions\": [],\r\n
        \   \"variables\": {},\r\n    \"resources\": [],\r\n    \"outputs\": {\r\n
        \     \"foo\": {\r\n        \"type\": \"string\",\r\n        \"value\": \"[parameters('foo')]\"\r\n
        \     },\r\n      \"bar\": {\r\n        \"type\": \"string\",\r\n        \"value\":
        \"[parameters('bar')]\"\r\n      }\r\n    }\r\n  }\r\n}"
    headers:
      cache-control:
      - no-cache
      content-length:
      - '781'
      content-type:
      - application/json; charset=utf-8
      date:
      - Mon, 17 Apr 2023 16:10:13 GMT
      expires:
      - '-1'
      pragma:
      - no-cache
      server:
      - Microsoft-HTTPAPI/2.0
      strict-transport-security:
      - max-age=31536000; includeSubDomains
      transfer-encoding:
      - chunked
      vary:
      - Accept-Encoding
      x-content-type-options:
      - nosniff
      x-ms-ratelimit-remaining-subscription-writes:
      - '1199'
    status:
      code: 200
      message: OK
- request:
    body: null
    headers:
      Accept:
      - application/json
      Accept-Encoding:
      - gzip, deflate
      CommandName:
      - stack group export
      Connection:
      - keep-alive
      Content-Length:
      - '0'
      ParameterSetName:
      - --id
      User-Agent:
      - AZURECLI/2.47.0 (PIP) azsdk-python-azure-mgmt-resource/0.1.0 Python/3.9.13
        (Windows-10-10.0.19044-SP0)
    method: POST
    uri: https://management.azure.com/subscriptions/00000000-0000-0000-0000-000000000000/resourceGroups/cli_test_deployment_stacks000001/providers/Microsoft.Resources/deploymentStacks/cli-test-show-deployment-stack-resource-group000002/exportTemplate?api-version=2022-08-01-preview
  response:
    body:
      string: "{\r\n  \"template\": {\r\n    \"$schema\": \"https://schema.management.azure.com/schemas/2019-04-01/deploymentTemplate.json#\",\r\n
        \   \"contentVersion\": \"1.0.0.0\",\r\n    \"parameters\": {\r\n      \"foo\":
        {\r\n        \"type\": \"string\",\r\n        \"defaultValue\": \"foo\",\r\n
        \       \"metadata\": {\r\n          \"description\": \"description\"\r\n
        \       }\r\n      },\r\n      \"bar\": {\r\n        \"type\": \"string\",\r\n
        \       \"defaultValue\": \"bar\",\r\n        \"metadata\": {\r\n          \"description\":
        \"description\"\r\n        }\r\n      }\r\n    },\r\n    \"functions\": [],\r\n
        \   \"variables\": {},\r\n    \"resources\": [],\r\n    \"outputs\": {\r\n
        \     \"foo\": {\r\n        \"type\": \"string\",\r\n        \"value\": \"[parameters('foo')]\"\r\n
        \     },\r\n      \"bar\": {\r\n        \"type\": \"string\",\r\n        \"value\":
        \"[parameters('bar')]\"\r\n      }\r\n    }\r\n  }\r\n}"
    headers:
      cache-control:
      - no-cache
      content-length:
      - '781'
      content-type:
      - application/json; charset=utf-8
      date:
      - Mon, 17 Apr 2023 16:10:14 GMT
      expires:
      - '-1'
      pragma:
      - no-cache
      server:
      - Microsoft-HTTPAPI/2.0
      strict-transport-security:
      - max-age=31536000; includeSubDomains
      transfer-encoding:
      - chunked
      vary:
      - Accept-Encoding
      x-content-type-options:
      - nosniff
      x-ms-ratelimit-remaining-subscription-writes:
      - '1199'
    status:
      code: 200
      message: OK
- request:
    body: null
    headers:
      Accept:
      - application/json
      Accept-Encoding:
      - gzip, deflate
      CommandName:
      - stack group show
      Connection:
      - keep-alive
      ParameterSetName:
      - --name --resource-group
      User-Agent:
      - AZURECLI/2.47.0 (PIP) azsdk-python-azure-mgmt-resource/0.1.0 Python/3.9.13
        (Windows-10-10.0.19044-SP0)
    method: GET
    uri: https://management.azure.com/subscriptions/00000000-0000-0000-0000-000000000000/resourceGroups/cli_test_deployment_stacks000001/providers/Microsoft.Resources/deploymentStacks/cli-test-show-deployment-stack-resource-group000002?api-version=2022-08-01-preview
  response:
    body:
      string: "{\r\n  \"properties\": {\r\n    \"actionOnUnmanage\": {\r\n      \"resources\":
        \"detach\",\r\n      \"resourceGroups\": \"detach\",\r\n      \"managementGroups\":
        \"detach\"\r\n    },\r\n    \"deploymentId\": \"/subscriptions/00000000-0000-0000-0000-000000000000/resourceGroups/cli_test_deployment_stacks000001/providers/Microsoft.Resources/deployments/cli-test-show-deployment-stack-resourc-2023-04-17-16-09-54-70002\",\r\n
        \   \"duration\": \"PT4.8422634S\",\r\n    \"denySettings\": {\r\n      \"mode\":
        \"none\",\r\n      \"applyToChildScopes\": false\r\n    },\r\n    \"outputs\":
        {\r\n      \"foo\": {\r\n        \"type\": \"String\",\r\n        \"value\":
        \"abc\"\r\n      },\r\n      \"bar\": {\r\n        \"type\": \"String\",\r\n
        \       \"value\": \"xyz\"\r\n      }\r\n    },\r\n    \"parameters\": {\r\n
        \     \"foo\": {\r\n        \"value\": \"abc\"\r\n      },\r\n      \"bar\":
        {\r\n        \"value\": \"xyz\"\r\n      }\r\n    },\r\n    \"resources\":
        [],\r\n    \"provisioningState\": \"succeeded\",\r\n    \"detachedResources\":
        [],\r\n    \"deletedResources\": [],\r\n    \"failedResources\": []\r\n  },\r\n
        \ \"systemData\": {\r\n    \"createdBy\": \"harshpatel@microsoft.com\",\r\n
        \   \"createdByType\": \"User\",\r\n    \"createdAt\": \"2023-04-17T16:09:54.7622793Z\",\r\n
        \   \"lastModifiedBy\": \"harshpatel@microsoft.com\",\r\n    \"lastModifiedByType\":
        \"User\",\r\n    \"lastModifiedAt\": \"2023-04-17T16:09:54.7622793Z\"\r\n
        \ },\r\n  \"id\": \"/subscriptions/00000000-0000-0000-0000-000000000000/resourceGroups/cli_test_deployment_stacks000001/providers/Microsoft.Resources/deploymentStacks/cli-test-show-deployment-stack-resource-group000002\",\r\n
        \ \"type\": \"Microsoft.Resources/deploymentStacks\",\r\n  \"name\": \"cli-test-show-deployment-stack-resource-group000002\"\r\n}"
    headers:
      cache-control:
      - no-cache
      content-length:
      - '1590'
      content-type:
      - application/json; charset=utf-8
      date:
      - Mon, 17 Apr 2023 16:10:15 GMT
      expires:
      - '-1'
      pragma:
      - no-cache
      server:
      - Microsoft-HTTPAPI/2.0
      strict-transport-security:
      - max-age=31536000; includeSubDomains
      transfer-encoding:
      - chunked
      vary:
      - Accept-Encoding
      x-content-type-options:
      - nosniff
    status:
      code: 200
      message: OK
- request:
    body: null
    headers:
      Accept:
      - application/json
      Accept-Encoding:
      - gzip, deflate
      CommandName:
      - stack group delete
      Connection:
      - keep-alive
      ParameterSetName:
      - --name --resource-group --yes
      User-Agent:
      - AZURECLI/2.47.0 (PIP) azsdk-python-azure-mgmt-resource/0.1.0 Python/3.9.13
        (Windows-10-10.0.19044-SP0)
    method: GET
    uri: https://management.azure.com/subscriptions/00000000-0000-0000-0000-000000000000/resourceGroups/cli_test_deployment_stacks000001/providers/Microsoft.Resources/deploymentStacks/cli-test-show-deployment-stack-resource-group000002?api-version=2022-08-01-preview
  response:
    body:
      string: "{\r\n  \"properties\": {\r\n    \"actionOnUnmanage\": {\r\n      \"resources\":
        \"detach\",\r\n      \"resourceGroups\": \"detach\",\r\n      \"managementGroups\":
        \"detach\"\r\n    },\r\n    \"deploymentId\": \"/subscriptions/00000000-0000-0000-0000-000000000000/resourceGroups/cli_test_deployment_stacks000001/providers/Microsoft.Resources/deployments/cli-test-show-deployment-stack-resourc-2023-04-17-16-09-54-70002\",\r\n
        \   \"duration\": \"PT4.8422634S\",\r\n    \"denySettings\": {\r\n      \"mode\":
        \"none\",\r\n      \"applyToChildScopes\": false\r\n    },\r\n    \"outputs\":
        {\r\n      \"foo\": {\r\n        \"type\": \"String\",\r\n        \"value\":
        \"abc\"\r\n      },\r\n      \"bar\": {\r\n        \"type\": \"String\",\r\n
        \       \"value\": \"xyz\"\r\n      }\r\n    },\r\n    \"parameters\": {\r\n
        \     \"foo\": {\r\n        \"value\": \"abc\"\r\n      },\r\n      \"bar\":
        {\r\n        \"value\": \"xyz\"\r\n      }\r\n    },\r\n    \"resources\":
        [],\r\n    \"provisioningState\": \"succeeded\",\r\n    \"detachedResources\":
        [],\r\n    \"deletedResources\": [],\r\n    \"failedResources\": []\r\n  },\r\n
        \ \"systemData\": {\r\n    \"createdBy\": \"harshpatel@microsoft.com\",\r\n
        \   \"createdByType\": \"User\",\r\n    \"createdAt\": \"2023-04-17T16:09:54.7622793Z\",\r\n
        \   \"lastModifiedBy\": \"harshpatel@microsoft.com\",\r\n    \"lastModifiedByType\":
        \"User\",\r\n    \"lastModifiedAt\": \"2023-04-17T16:09:54.7622793Z\"\r\n
        \ },\r\n  \"id\": \"/subscriptions/00000000-0000-0000-0000-000000000000/resourceGroups/cli_test_deployment_stacks000001/providers/Microsoft.Resources/deploymentStacks/cli-test-show-deployment-stack-resource-group000002\",\r\n
        \ \"type\": \"Microsoft.Resources/deploymentStacks\",\r\n  \"name\": \"cli-test-show-deployment-stack-resource-group000002\"\r\n}"
    headers:
      cache-control:
      - no-cache
      content-length:
      - '1590'
      content-type:
      - application/json; charset=utf-8
      date:
      - Mon, 17 Apr 2023 16:10:15 GMT
      expires:
      - '-1'
      pragma:
      - no-cache
      server:
      - Microsoft-HTTPAPI/2.0
      strict-transport-security:
      - max-age=31536000; includeSubDomains
      transfer-encoding:
      - chunked
      vary:
      - Accept-Encoding
      x-content-type-options:
      - nosniff
    status:
      code: 200
      message: OK
- request:
    body: null
    headers:
      Accept:
      - application/json
      Accept-Encoding:
      - gzip, deflate
      CommandName:
      - stack group delete
      Connection:
      - keep-alive
      Content-Length:
      - '0'
      ParameterSetName:
      - --name --resource-group --yes
      User-Agent:
      - AZURECLI/2.47.0 (PIP) azsdk-python-azure-mgmt-resource/0.1.0 Python/3.9.13
        (Windows-10-10.0.19044-SP0)
    method: DELETE
    uri: https://management.azure.com/subscriptions/00000000-0000-0000-0000-000000000000/resourceGroups/cli_test_deployment_stacks000001/providers/Microsoft.Resources/deploymentStacks/cli-test-show-deployment-stack-resource-group000002?unmanageAction.Resources=detach&unmanageAction.ResourceGroups=detach&api-version=2022-08-01-preview
  response:
    body:
      string: ''
    headers:
      cache-control:
      - no-cache
      content-length:
      - '0'
      date:
      - Mon, 17 Apr 2023 16:10:15 GMT
      expires:
      - '-1'
      pragma:
      - no-cache
      server:
      - Microsoft-HTTPAPI/2.0
      strict-transport-security:
      - max-age=31536000; includeSubDomains
      x-content-type-options:
      - nosniff
      x-ms-ratelimit-remaining-subscription-deletes:
      - '14999'
    status:
      code: 200
      message: OK
version: 1
