interactions:
- request:
    body: null
    headers:
      Accept:
      - application/json
      Accept-Encoding:
      - gzip, deflate
      CommandName:
      - resource create
      Connection:
      - keep-alive
      ParameterSetName:
      - -g -n --resource-type --is-full-object -p
      User-Agent:
      - python/3.8.0 (Windows-10-10.0.18362-SP0) msrest/0.6.10 msrest_azure/0.6.2
        azure-mgmt-resource/6.0.0 Azure-SDK-For-Python AZURECLI/2.0.78
      accept-language:
      - en-US
    method: GET
    uri: https://management.azure.com/subscriptions/00000000-0000-0000-0000-000000000000/providers/Microsoft.RecoveryServices?api-version=2019-07-01
  response:
    body:
      string: '{"id":"/subscriptions/00000000-0000-0000-0000-000000000000/providers/Microsoft.RecoveryServices","namespace":"Microsoft.RecoveryServices","authorizations":[{"applicationId":"262044b1-e2ce-469f-a196-69ab7ada62d3","roleDefinitionId":"21CEC436-F7D0-4ADE-8AD8-FEC5668484CC"},{"applicationId":"b8340c3b-9267-498f-b21a-15d5547fd85e","roleDefinitionId":"8A00C8EA-8F1B-45A7-8F64-F4CC61EEE9B6"},{"applicationId":"3b2fa68d-a091-48c9-95be-88d572e08fb7","roleDefinitionId":"47d68fae-99c7-4c10-b9db-2316116a061e"}],"resourceTypes":[{"resourceType":"vaults","locations":["West
        US","East US","North Europe","West Europe","Brazil South","East Asia","Southeast
        Asia","North Central US","South Central US","Japan East","Japan West","Australia
        East","Australia Southeast","Central US","East US 2","Central India","South
        India","West India","Canada Central","Canada East","West Central US","West
        US 2","UK South","UK West","Korea Central","Korea South","France Central","Australia
        Central","South Africa North","UAE North","Central US EUAP","East US 2 EUAP"],"apiVersions":["2019-05-13-preview","2019-05-13","2018-12-20-preview","2018-07-10-preview","2018-07-10","2018-01-10","2017-07-01-preview","2017-07-01","2016-12-01","2016-08-10","2016-06-01","2016-05-01","2015-12-15","2015-12-10","2015-11-10","2015-08-15","2015-08-10","2015-06-10","2015-03-15"],"apiProfiles":[{"profileVersion":"2018-06-01-profile","apiVersion":"2018-01-10"}],"capabilities":"CrossResourceGroupResourceMove,
        CrossSubscriptionResourceMove, SystemAssignedResourceIdentity, SupportsTags,
        SupportsLocation"},{"resourceType":"operations","locations":[],"apiVersions":["2016-08-10","2016-06-01","2015-12-15","2015-12-10","2015-11-10","2015-08-15","2015-08-10","2015-06-10","2015-03-15"],"apiProfiles":[{"profileVersion":"2018-06-01-profile","apiVersion":"2016-08-10"}],"capabilities":"None"},{"resourceType":"locations","locations":[],"apiVersions":["2017-07-01","2016-06-01"],"apiProfiles":[{"profileVersion":"2018-06-01-profile","apiVersion":"2016-06-01"}],"capabilities":"None"},{"resourceType":"locations/backupStatus","locations":["West
        US","East US","North Europe","West Europe","Brazil South","East Asia","Southeast
        Asia","North Central US","South Central US","Japan East","Japan West","Australia
        East","Australia Southeast","Central US","East US 2","Central India","South
        India","West India","West Central US","Canada Central","Canada East","West
        US 2","UK South","UK West","Korea Central","Korea South","France Central","Australia
        Central","South Africa North","UAE North","Central US EUAP","East US 2 EUAP"],"apiVersions":["2017-07-01","2016-06-01"],"apiProfiles":[{"profileVersion":"2018-06-01-profile","apiVersion":"2016-06-01"}],"capabilities":"None"},{"resourceType":"locations/checkNameAvailability","locations":["West
        US","East US","North Europe","West Europe","Brazil South","East Asia","Southeast
        Asia","North Central US","South Central US","Japan East","Japan West","Australia
        East","Australia Southeast","Central US","East US 2","Central India","South
        India","West India","West Central US","Canada Central","Canada East","West
        US 2","UK South","UK West","Korea Central","Korea South","France Central","Australia
        Central","South Africa North","UAE North","Central US EUAP","East US 2 EUAP"],"apiVersions":["2018-01-10"],"apiProfiles":[{"profileVersion":"2018-06-01-profile","apiVersion":"2018-01-10"}],"capabilities":"None"},{"resourceType":"locations/allocatedStamp","locations":["West
        US","East US","North Europe","West Europe","Brazil South","East Asia","Southeast
        Asia","North Central US","South Central US","Japan East","Japan West","Australia
        East","Australia Southeast","Central US","East US 2","Central India","South
        India","West India","West Central US","Canada Central","Canada East","West
        US 2","UK South","UK West","Korea Central","Korea South","France Central","Australia
        Central","South Africa North","UAE North","Central US EUAP","East US 2 EUAP"],"apiVersions":["2016-06-01"],"apiProfiles":[{"profileVersion":"2018-06-01-profile","apiVersion":"2016-06-01"}],"capabilities":"None"},{"resourceType":"locations/allocateStamp","locations":["West
        US","East US","North Europe","West Europe","Brazil South","East Asia","Southeast
        Asia","North Central US","South Central US","Japan East","Japan West","Australia
        East","Australia Southeast","Central US","East US 2","Central India","South
        India","West India","West Central US","Canada Central","Canada East","West
        US 2","UK South","UK West","Korea Central","Korea South","France Central","Australia
        Central","South Africa North","UAE North","Central US EUAP","East US 2 EUAP"],"apiVersions":["2016-06-01"],"apiProfiles":[{"profileVersion":"2018-06-01-profile","apiVersion":"2016-06-01"}],"capabilities":"None"},{"resourceType":"locations/backupValidateFeatures","locations":["West
        US","East US","North Europe","West Europe","Brazil South","East Asia","Southeast
        Asia","North Central US","South Central US","Japan East","Japan West","Australia
        East","Australia Southeast","Central US","East US 2","Central India","South
        India","West India","West Central US","Canada Central","Canada East","West
        US 2","UK South","UK West","Korea Central","Korea South","France Central","Australia
        Central","South Africa North","UAE North","Central US EUAP","East US 2 EUAP"],"apiVersions":["2017-07-01"],"apiProfiles":[{"profileVersion":"2018-06-01-profile","apiVersion":"2017-07-01"}],"capabilities":"None"},{"resourceType":"locations/backupPreValidateProtection","locations":["West
        US","East US","North Europe","West Europe","Brazil South","East Asia","Southeast
        Asia","North Central US","South Central US","Japan East","Japan West","Australia
        East","Australia Southeast","Central US","East US 2","Central India","South
        India","West India","West Central US","Canada Central","Canada East","West
        US 2","UK South","UK West","Korea Central","Korea South","France Central","Australia
        Central","South Africa North","UAE North","Central US EUAP","East US 2 EUAP"],"apiVersions":["2017-07-01"],"apiProfiles":[{"profileVersion":"2018-06-01-profile","apiVersion":"2017-07-01"}],"capabilities":"None"},{"resourceType":"locations/backupCrrJobs","locations":["West
        US","East US","North Europe","West Europe","Brazil South","East Asia","Southeast
        Asia","North Central US","South Central US","Japan East","Japan West","Australia
        East","Australia Southeast","Central US","East US 2","Central India","South
        India","West India","West Central US","Canada Central","Canada East","West
        US 2","UK South","UK West","Korea Central","Korea South","France Central","Australia
        Central","South Africa North","UAE North","Central US EUAP","East US 2 EUAP"],"apiVersions":["2018-12-20-preview"],"apiProfiles":[{"profileVersion":"2018-06-01-profile","apiVersion":"2018-12-20-preview"}],"capabilities":"None"},{"resourceType":"locations/backupCrrJob","locations":["West
        US","East US","North Europe","West Europe","Brazil South","East Asia","Southeast
        Asia","North Central US","South Central US","Japan East","Japan West","Australia
        East","Australia Southeast","Central US","East US 2","Central India","South
        India","West India","West Central US","Canada Central","Canada East","West
        US 2","UK South","UK West","Korea Central","Korea South","France Central","Australia
        Central","South Africa North","UAE North","Central US EUAP","East US 2 EUAP"],"apiVersions":["2018-12-20-preview"],"apiProfiles":[{"profileVersion":"2018-06-01-profile","apiVersion":"2018-12-20-preview"}],"capabilities":"None"},{"resourceType":"locations/backupAadProperties","locations":["West
        US","East US","North Europe","West Europe","Brazil South","East Asia","Southeast
        Asia","North Central US","South Central US","Japan East","Japan West","Australia
        East","Australia Southeast","Central US","East US 2","Central India","South
        India","West India","West Central US","Canada Central","Canada East","West
        US 2","UK South","UK West","Korea Central","Korea South","France Central","Australia
        Central","South Africa North","UAE North","Central US EUAP","East US 2 EUAP"],"apiVersions":["2018-12-20-preview"],"apiProfiles":[{"profileVersion":"2018-06-01-profile","apiVersion":"2018-12-20-preview"}],"capabilities":"None"},{"resourceType":"locations/backupCrossRegionRestore","locations":["West
        US","East US","North Europe","West Europe","Brazil South","East Asia","Southeast
        Asia","North Central US","South Central US","Japan East","Japan West","Australia
        East","Australia Southeast","Central US","East US 2","Central India","South
        India","West India","West Central US","Canada Central","Canada East","West
        US 2","UK South","UK West","Korea Central","Korea South","France Central","Australia
        Central","South Africa North","UAE North","Central US EUAP","East US 2 EUAP"],"apiVersions":["2018-12-20-preview"],"apiProfiles":[{"profileVersion":"2018-06-01-profile","apiVersion":"2018-12-20-preview"}],"capabilities":"None"},{"resourceType":"locations/backupCrrOperationResults","locations":["West
        US","East US","North Europe","West Europe","Brazil South","East Asia","Southeast
        Asia","North Central US","South Central US","Japan East","Japan West","Australia
        East","Australia Southeast","Central US","East US 2","Central India","South
        India","West India","West Central US","Canada Central","Canada East","West
        US 2","UK South","UK West","Korea Central","Korea South","France Central","Australia
        Central","South Africa North","UAE North","Central US EUAP","East US 2 EUAP"],"apiVersions":["2018-12-20-preview"],"apiProfiles":[{"profileVersion":"2018-06-01-profile","apiVersion":"2018-12-20-preview"}],"capabilities":"None"},{"resourceType":"locations/backupCrrOperationsStatus","locations":["West
        US","East US","North Europe","West Europe","Brazil South","East Asia","Southeast
        Asia","North Central US","South Central US","Japan East","Japan West","Australia
        East","Australia Southeast","Central US","East US 2","Central India","South
        India","West India","West Central US","Canada Central","Canada East","West
        US 2","UK South","UK West","Korea Central","Korea South","France Central","Australia
        Central","South Africa North","UAE North","Central US EUAP","East US 2 EUAP"],"apiVersions":["2018-12-20-preview"],"apiProfiles":[{"profileVersion":"2018-06-01-profile","apiVersion":"2018-12-20-preview"}],"capabilities":"None"},{"resourceType":"backupProtectedItems","locations":["West
        US","East US","North Europe","West Europe","Brazil South","East Asia","Southeast
        Asia","North Central US","South Central US","Japan East","Japan West","Australia
        East","Australia Southeast","Central US","East US 2","Central India","South
        India","West India","West Central US","Canada Central","Canada East","West
        US 2","UK South","UK West","Korea Central","Korea South","France Central","Australia
        Central","South Africa North","UAE North","Central US EUAP","East US 2 EUAP"],"apiVersions":["2017-07-01-preview"],"apiProfiles":[{"profileVersion":"2018-06-01-profile","apiVersion":"2017-07-01-preview"}],"capabilities":"SupportsExtension"},{"resourceType":"replicationEligibilityResults","locations":["West
        US","East US","North Europe","West Europe","Brazil South","East Asia","Southeast
        Asia","North Central US","South Central US","Japan East","Japan West","Australia
        East","Australia Southeast","Central US","East US 2","Central India","South
        India","West India","West Central US","Canada Central","Canada East","West
        US 2","UK South","UK West","Korea Central","Korea South","France Central","Australia
        Central","South Africa North","UAE North","Central US EUAP","East US 2 EUAP"],"apiVersions":["2018-07-10"],"apiProfiles":[{"profileVersion":"2018-06-01-profile","apiVersion":"2018-07-10"}],"capabilities":"SupportsExtension"}],"registrationState":"Registered","registrationPolicy":"RegistrationRequired"}'
    headers:
      cache-control:
      - no-cache
      content-length:
      - '11729'
      content-type:
      - application/json; charset=utf-8
      date:
      - Thu, 19 Dec 2019 05:44:36 GMT
      expires:
      - '-1'
      pragma:
      - no-cache
      strict-transport-security:
      - max-age=31536000; includeSubDomains
      vary:
      - Accept-Encoding
      x-content-type-options:
      - nosniff
    status:
      code: 200
      message: OK
- request:
    body: '{"location": "westus", "properties": {}, "sku": {"name": "Standard"}}'
    headers:
      Accept:
      - application/json
      Accept-Encoding:
      - gzip, deflate
      CommandName:
      - resource create
      Connection:
      - keep-alive
      Content-Length:
      - '69'
      Content-Type:
      - application/json; charset=utf-8
      ParameterSetName:
      - -g -n --resource-type --is-full-object -p
      User-Agent:
      - python/3.8.0 (Windows-10-10.0.18362-SP0) msrest/0.6.10 msrest_azure/0.6.2
        azure-mgmt-resource/6.0.0 Azure-SDK-For-Python AZURECLI/2.0.78
      accept-language:
      - en-US
    method: PUT
    uri: https://management.azure.com/subscriptions/00000000-0000-0000-0000-000000000000/resourcegroups/cli_test_tag_update_by_patch000001/providers/Microsoft.RecoveryServices/vaults/vault-000002?api-version=2019-05-13
  response:
    body:
      string: '{"location":"westus","name":"vault-000002","etag":"W/\"datetime''2019-12-19T05%3A44%3A43.4111794Z''\"","properties":{"provisioningState":"Succeeded"},"id":"/subscriptions/00000000-0000-0000-0000-000000000000/resourceGroups/cli_test_tag_update_by_patch000001/providers/Microsoft.RecoveryServices/vaults/vault-000002","type":"Microsoft.RecoveryServices/vaults","sku":{"name":"Standard"}}'
    headers:
      cache-control:
      - no-cache
      content-length:
      - '460'
      content-type:
      - application/json
      date:
      - Thu, 19 Dec 2019 05:44:44 GMT
      expires:
      - '-1'
      pragma:
      - no-cache
      server:
      - Microsoft-IIS/10.0
      strict-transport-security:
      - max-age=31536000; includeSubDomains
      x-content-type-options:
      - nosniff
      x-ms-ratelimit-remaining-subscription-resource-requests:
      - '199'
    status:
      code: 201
      message: Created
- request:
    body: null
    headers:
      Accept:
      - application/json
      Accept-Encoding:
      - gzip, deflate
      CommandName:
      - resource tag
      Connection:
      - keep-alive
      ParameterSetName:
      - --ids --tags
      User-Agent:
      - python/3.8.0 (Windows-10-10.0.18362-SP0) msrest/0.6.10 msrest_azure/0.6.2
        azure-mgmt-resource/6.0.0 Azure-SDK-For-Python AZURECLI/2.0.78
      accept-language:
      - en-US
    method: GET
    uri: https://management.azure.com/subscriptions/00000000-0000-0000-0000-000000000000/providers/Microsoft.RecoveryServices?api-version=2019-07-01
  response:
    body:
      string: '{"id":"/subscriptions/00000000-0000-0000-0000-000000000000/providers/Microsoft.RecoveryServices","namespace":"Microsoft.RecoveryServices","authorizations":[{"applicationId":"262044b1-e2ce-469f-a196-69ab7ada62d3","roleDefinitionId":"21CEC436-F7D0-4ADE-8AD8-FEC5668484CC"},{"applicationId":"b8340c3b-9267-498f-b21a-15d5547fd85e","roleDefinitionId":"8A00C8EA-8F1B-45A7-8F64-F4CC61EEE9B6"},{"applicationId":"3b2fa68d-a091-48c9-95be-88d572e08fb7","roleDefinitionId":"47d68fae-99c7-4c10-b9db-2316116a061e"}],"resourceTypes":[{"resourceType":"vaults","locations":["West
        US","East US","North Europe","West Europe","Brazil South","East Asia","Southeast
        Asia","North Central US","South Central US","Japan East","Japan West","Australia
        East","Australia Southeast","Central US","East US 2","Central India","South
        India","West India","Canada Central","Canada East","West Central US","West
        US 2","UK South","UK West","Korea Central","Korea South","France Central","Australia
        Central","South Africa North","UAE North","Central US EUAP","East US 2 EUAP"],"apiVersions":["2019-05-13-preview","2019-05-13","2018-12-20-preview","2018-07-10-preview","2018-07-10","2018-01-10","2017-07-01-preview","2017-07-01","2016-12-01","2016-08-10","2016-06-01","2016-05-01","2015-12-15","2015-12-10","2015-11-10","2015-08-15","2015-08-10","2015-06-10","2015-03-15"],"apiProfiles":[{"profileVersion":"2018-06-01-profile","apiVersion":"2018-01-10"}],"capabilities":"CrossResourceGroupResourceMove,
        CrossSubscriptionResourceMove, SystemAssignedResourceIdentity, SupportsTags,
        SupportsLocation"},{"resourceType":"operations","locations":[],"apiVersions":["2016-08-10","2016-06-01","2015-12-15","2015-12-10","2015-11-10","2015-08-15","2015-08-10","2015-06-10","2015-03-15"],"apiProfiles":[{"profileVersion":"2018-06-01-profile","apiVersion":"2016-08-10"}],"capabilities":"None"},{"resourceType":"locations","locations":[],"apiVersions":["2017-07-01","2016-06-01"],"apiProfiles":[{"profileVersion":"2018-06-01-profile","apiVersion":"2016-06-01"}],"capabilities":"None"},{"resourceType":"locations/backupStatus","locations":["West
        US","East US","North Europe","West Europe","Brazil South","East Asia","Southeast
        Asia","North Central US","South Central US","Japan East","Japan West","Australia
        East","Australia Southeast","Central US","East US 2","Central India","South
        India","West India","West Central US","Canada Central","Canada East","West
        US 2","UK South","UK West","Korea Central","Korea South","France Central","Australia
        Central","South Africa North","UAE North","Central US EUAP","East US 2 EUAP"],"apiVersions":["2017-07-01","2016-06-01"],"apiProfiles":[{"profileVersion":"2018-06-01-profile","apiVersion":"2016-06-01"}],"capabilities":"None"},{"resourceType":"locations/checkNameAvailability","locations":["West
        US","East US","North Europe","West Europe","Brazil South","East Asia","Southeast
        Asia","North Central US","South Central US","Japan East","Japan West","Australia
        East","Australia Southeast","Central US","East US 2","Central India","South
        India","West India","West Central US","Canada Central","Canada East","West
        US 2","UK South","UK West","Korea Central","Korea South","France Central","Australia
        Central","South Africa North","UAE North","Central US EUAP","East US 2 EUAP"],"apiVersions":["2018-01-10"],"apiProfiles":[{"profileVersion":"2018-06-01-profile","apiVersion":"2018-01-10"}],"capabilities":"None"},{"resourceType":"locations/allocatedStamp","locations":["West
        US","East US","North Europe","West Europe","Brazil South","East Asia","Southeast
        Asia","North Central US","South Central US","Japan East","Japan West","Australia
        East","Australia Southeast","Central US","East US 2","Central India","South
        India","West India","West Central US","Canada Central","Canada East","West
        US 2","UK South","UK West","Korea Central","Korea South","France Central","Australia
        Central","South Africa North","UAE North","Central US EUAP","East US 2 EUAP"],"apiVersions":["2016-06-01"],"apiProfiles":[{"profileVersion":"2018-06-01-profile","apiVersion":"2016-06-01"}],"capabilities":"None"},{"resourceType":"locations/allocateStamp","locations":["West
        US","East US","North Europe","West Europe","Brazil South","East Asia","Southeast
        Asia","North Central US","South Central US","Japan East","Japan West","Australia
        East","Australia Southeast","Central US","East US 2","Central India","South
        India","West India","West Central US","Canada Central","Canada East","West
        US 2","UK South","UK West","Korea Central","Korea South","France Central","Australia
        Central","South Africa North","UAE North","Central US EUAP","East US 2 EUAP"],"apiVersions":["2016-06-01"],"apiProfiles":[{"profileVersion":"2018-06-01-profile","apiVersion":"2016-06-01"}],"capabilities":"None"},{"resourceType":"locations/backupValidateFeatures","locations":["West
        US","East US","North Europe","West Europe","Brazil South","East Asia","Southeast
        Asia","North Central US","South Central US","Japan East","Japan West","Australia
        East","Australia Southeast","Central US","East US 2","Central India","South
        India","West India","West Central US","Canada Central","Canada East","West
        US 2","UK South","UK West","Korea Central","Korea South","France Central","Australia
        Central","South Africa North","UAE North","Central US EUAP","East US 2 EUAP"],"apiVersions":["2017-07-01"],"apiProfiles":[{"profileVersion":"2018-06-01-profile","apiVersion":"2017-07-01"}],"capabilities":"None"},{"resourceType":"locations/backupPreValidateProtection","locations":["West
        US","East US","North Europe","West Europe","Brazil South","East Asia","Southeast
        Asia","North Central US","South Central US","Japan East","Japan West","Australia
        East","Australia Southeast","Central US","East US 2","Central India","South
        India","West India","West Central US","Canada Central","Canada East","West
        US 2","UK South","UK West","Korea Central","Korea South","France Central","Australia
        Central","South Africa North","UAE North","Central US EUAP","East US 2 EUAP"],"apiVersions":["2017-07-01"],"apiProfiles":[{"profileVersion":"2018-06-01-profile","apiVersion":"2017-07-01"}],"capabilities":"None"},{"resourceType":"locations/backupCrrJobs","locations":["West
        US","East US","North Europe","West Europe","Brazil South","East Asia","Southeast
        Asia","North Central US","South Central US","Japan East","Japan West","Australia
        East","Australia Southeast","Central US","East US 2","Central India","South
        India","West India","West Central US","Canada Central","Canada East","West
        US 2","UK South","UK West","Korea Central","Korea South","France Central","Australia
        Central","South Africa North","UAE North","Central US EUAP","East US 2 EUAP"],"apiVersions":["2018-12-20-preview"],"apiProfiles":[{"profileVersion":"2018-06-01-profile","apiVersion":"2018-12-20-preview"}],"capabilities":"None"},{"resourceType":"locations/backupCrrJob","locations":["West
        US","East US","North Europe","West Europe","Brazil South","East Asia","Southeast
        Asia","North Central US","South Central US","Japan East","Japan West","Australia
        East","Australia Southeast","Central US","East US 2","Central India","South
        India","West India","West Central US","Canada Central","Canada East","West
        US 2","UK South","UK West","Korea Central","Korea South","France Central","Australia
        Central","South Africa North","UAE North","Central US EUAP","East US 2 EUAP"],"apiVersions":["2018-12-20-preview"],"apiProfiles":[{"profileVersion":"2018-06-01-profile","apiVersion":"2018-12-20-preview"}],"capabilities":"None"},{"resourceType":"locations/backupAadProperties","locations":["West
        US","East US","North Europe","West Europe","Brazil South","East Asia","Southeast
        Asia","North Central US","South Central US","Japan East","Japan West","Australia
        East","Australia Southeast","Central US","East US 2","Central India","South
        India","West India","West Central US","Canada Central","Canada East","West
        US 2","UK South","UK West","Korea Central","Korea South","France Central","Australia
        Central","South Africa North","UAE North","Central US EUAP","East US 2 EUAP"],"apiVersions":["2018-12-20-preview"],"apiProfiles":[{"profileVersion":"2018-06-01-profile","apiVersion":"2018-12-20-preview"}],"capabilities":"None"},{"resourceType":"locations/backupCrossRegionRestore","locations":["West
        US","East US","North Europe","West Europe","Brazil South","East Asia","Southeast
        Asia","North Central US","South Central US","Japan East","Japan West","Australia
        East","Australia Southeast","Central US","East US 2","Central India","South
        India","West India","West Central US","Canada Central","Canada East","West
        US 2","UK South","UK West","Korea Central","Korea South","France Central","Australia
        Central","South Africa North","UAE North","Central US EUAP","East US 2 EUAP"],"apiVersions":["2018-12-20-preview"],"apiProfiles":[{"profileVersion":"2018-06-01-profile","apiVersion":"2018-12-20-preview"}],"capabilities":"None"},{"resourceType":"locations/backupCrrOperationResults","locations":["West
        US","East US","North Europe","West Europe","Brazil South","East Asia","Southeast
        Asia","North Central US","South Central US","Japan East","Japan West","Australia
        East","Australia Southeast","Central US","East US 2","Central India","South
        India","West India","West Central US","Canada Central","Canada East","West
        US 2","UK South","UK West","Korea Central","Korea South","France Central","Australia
        Central","South Africa North","UAE North","Central US EUAP","East US 2 EUAP"],"apiVersions":["2018-12-20-preview"],"apiProfiles":[{"profileVersion":"2018-06-01-profile","apiVersion":"2018-12-20-preview"}],"capabilities":"None"},{"resourceType":"locations/backupCrrOperationsStatus","locations":["West
        US","East US","North Europe","West Europe","Brazil South","East Asia","Southeast
        Asia","North Central US","South Central US","Japan East","Japan West","Australia
        East","Australia Southeast","Central US","East US 2","Central India","South
        India","West India","West Central US","Canada Central","Canada East","West
        US 2","UK South","UK West","Korea Central","Korea South","France Central","Australia
        Central","South Africa North","UAE North","Central US EUAP","East US 2 EUAP"],"apiVersions":["2018-12-20-preview"],"apiProfiles":[{"profileVersion":"2018-06-01-profile","apiVersion":"2018-12-20-preview"}],"capabilities":"None"},{"resourceType":"backupProtectedItems","locations":["West
        US","East US","North Europe","West Europe","Brazil South","East Asia","Southeast
        Asia","North Central US","South Central US","Japan East","Japan West","Australia
        East","Australia Southeast","Central US","East US 2","Central India","South
        India","West India","West Central US","Canada Central","Canada East","West
        US 2","UK South","UK West","Korea Central","Korea South","France Central","Australia
        Central","South Africa North","UAE North","Central US EUAP","East US 2 EUAP"],"apiVersions":["2017-07-01-preview"],"apiProfiles":[{"profileVersion":"2018-06-01-profile","apiVersion":"2017-07-01-preview"}],"capabilities":"SupportsExtension"},{"resourceType":"replicationEligibilityResults","locations":["West
        US","East US","North Europe","West Europe","Brazil South","East Asia","Southeast
        Asia","North Central US","South Central US","Japan East","Japan West","Australia
        East","Australia Southeast","Central US","East US 2","Central India","South
        India","West India","West Central US","Canada Central","Canada East","West
        US 2","UK South","UK West","Korea Central","Korea South","France Central","Australia
        Central","South Africa North","UAE North","Central US EUAP","East US 2 EUAP"],"apiVersions":["2018-07-10"],"apiProfiles":[{"profileVersion":"2018-06-01-profile","apiVersion":"2018-07-10"}],"capabilities":"SupportsExtension"}],"registrationState":"Registered","registrationPolicy":"RegistrationRequired"}'
    headers:
      cache-control:
      - no-cache
      content-length:
      - '11729'
      content-type:
      - application/json; charset=utf-8
      date:
      - Thu, 19 Dec 2019 05:44:44 GMT
      expires:
      - '-1'
      pragma:
      - no-cache
      strict-transport-security:
      - max-age=31536000; includeSubDomains
      vary:
      - Accept-Encoding
      x-content-type-options:
      - nosniff
    status:
      code: 200
      message: OK
- request:
    body: null
    headers:
      Accept:
      - application/json
      Accept-Encoding:
      - gzip, deflate
      CommandName:
      - resource tag
      Connection:
      - keep-alive
      ParameterSetName:
      - --ids --tags
      User-Agent:
      - python/3.8.0 (Windows-10-10.0.18362-SP0) msrest/0.6.10 msrest_azure/0.6.2
        azure-mgmt-resource/6.0.0 Azure-SDK-For-Python AZURECLI/2.0.78
      accept-language:
      - en-US
    method: GET
    uri: https://management.azure.com/subscriptions/00000000-0000-0000-0000-000000000000/resourceGroups/cli_test_tag_update_by_patch000001/providers/Microsoft.RecoveryServices/vaults/vault-000002?api-version=2019-05-13
  response:
    body:
      string: '{"location":"westus","name":"vault-000002","etag":"W/\"datetime''2019-12-19T05%3A44%3A43.4111794Z''\"","properties":{"provisioningState":"Succeeded"},"id":"/subscriptions/00000000-0000-0000-0000-000000000000/resourceGroups/cli_test_tag_update_by_patch000001/providers/Microsoft.RecoveryServices/vaults/vault-000002","type":"Microsoft.RecoveryServices/vaults","sku":{"name":"Standard"}}'
    headers:
      cache-control:
      - no-cache
      content-length:
      - '460'
      content-type:
      - application/json
      date:
      - Thu, 19 Dec 2019 05:44:45 GMT
      expires:
      - '-1'
      pragma:
      - no-cache
      server:
      - Microsoft-IIS/10.0
      strict-transport-security:
      - max-age=31536000; includeSubDomains
      transfer-encoding:
      - chunked
      vary:
      - Accept-Encoding
      x-content-type-options:
      - nosniff
    status:
      code: 200
      message: OK
- request:
    body: '{"tags": {"cli-test": "test"}}'
    headers:
      Accept:
      - application/json
      Accept-Encoding:
      - gzip, deflate
      CommandName:
      - resource tag
      Connection:
      - keep-alive
      Content-Length:
      - '30'
      Content-Type:
      - application/json; charset=utf-8
      ParameterSetName:
      - --ids --tags
      User-Agent:
      - python/3.8.0 (Windows-10-10.0.18362-SP0) msrest/0.6.10 msrest_azure/0.6.2
        azure-mgmt-resource/6.0.0 Azure-SDK-For-Python AZURECLI/2.0.78
      accept-language:
      - en-US
    method: PATCH
    uri: https://management.azure.com/subscriptions/00000000-0000-0000-0000-000000000000/resourceGroups/cli_test_tag_update_by_patch000001/providers/Microsoft.RecoveryServices/vaults/vault-000002?api-version=2019-05-13
  response:
    body:
      string: '{"location":"westus","name":"vault-000002","etag":"W/\"datetime''2019-12-19T05%3A44%3A48.3277841Z''\"","tags":{"cli-test":"test"},"properties":{"provisioningState":"Succeeded"},"id":"/subscriptions/00000000-0000-0000-0000-000000000000/resourceGroups/cli_test_tag_update_by_patch000001/providers/Microsoft.RecoveryServices/vaults/vault-000002","type":"Microsoft.RecoveryServices/vaults","sku":{"name":"Standard"}}'
    headers:
      cache-control:
      - no-cache
      content-length:
      - '487'
      content-type:
      - application/json
      date:
      - Thu, 19 Dec 2019 05:44:50 GMT
      expires:
      - '-1'
      pragma:
      - no-cache
      server:
      - Microsoft-IIS/10.0
      strict-transport-security:
      - max-age=31536000; includeSubDomains
      transfer-encoding:
      - chunked
      vary:
      - Accept-Encoding
      x-content-type-options:
      - nosniff
      x-ms-ratelimit-remaining-subscription-resource-requests:
      - '196'
    status:
      code: 200
      message: OK
- request:
    body: null
    headers:
      Accept:
      - application/json
      Accept-Encoding:
      - gzip, deflate
      CommandName:
      - resource tag
      Connection:
      - keep-alive
      ParameterSetName:
      - --ids --tags
      User-Agent:
      - python/3.8.0 (Windows-10-10.0.18362-SP0) msrest/0.6.10 msrest_azure/0.6.2
        azure-mgmt-resource/6.0.0 Azure-SDK-For-Python AZURECLI/2.0.78
      accept-language:
      - en-US
    method: GET
    uri: https://management.azure.com/subscriptions/00000000-0000-0000-0000-000000000000/providers/Microsoft.RecoveryServices?api-version=2019-07-01
  response:
    body:
      string: '{"id":"/subscriptions/00000000-0000-0000-0000-000000000000/providers/Microsoft.RecoveryServices","namespace":"Microsoft.RecoveryServices","authorizations":[{"applicationId":"262044b1-e2ce-469f-a196-69ab7ada62d3","roleDefinitionId":"21CEC436-F7D0-4ADE-8AD8-FEC5668484CC"},{"applicationId":"b8340c3b-9267-498f-b21a-15d5547fd85e","roleDefinitionId":"8A00C8EA-8F1B-45A7-8F64-F4CC61EEE9B6"},{"applicationId":"3b2fa68d-a091-48c9-95be-88d572e08fb7","roleDefinitionId":"47d68fae-99c7-4c10-b9db-2316116a061e"}],"resourceTypes":[{"resourceType":"vaults","locations":["West
        US","East US","North Europe","West Europe","Brazil South","East Asia","Southeast
        Asia","North Central US","South Central US","Japan East","Japan West","Australia
        East","Australia Southeast","Central US","East US 2","Central India","South
        India","West India","Canada Central","Canada East","West Central US","West
        US 2","UK South","UK West","Korea Central","Korea South","France Central","Australia
        Central","South Africa North","UAE North","Central US EUAP","East US 2 EUAP"],"apiVersions":["2019-05-13-preview","2019-05-13","2018-12-20-preview","2018-07-10-preview","2018-07-10","2018-01-10","2017-07-01-preview","2017-07-01","2016-12-01","2016-08-10","2016-06-01","2016-05-01","2015-12-15","2015-12-10","2015-11-10","2015-08-15","2015-08-10","2015-06-10","2015-03-15"],"apiProfiles":[{"profileVersion":"2018-06-01-profile","apiVersion":"2018-01-10"}],"capabilities":"CrossResourceGroupResourceMove,
        CrossSubscriptionResourceMove, SystemAssignedResourceIdentity, SupportsTags,
        SupportsLocation"},{"resourceType":"operations","locations":[],"apiVersions":["2016-08-10","2016-06-01","2015-12-15","2015-12-10","2015-11-10","2015-08-15","2015-08-10","2015-06-10","2015-03-15"],"apiProfiles":[{"profileVersion":"2018-06-01-profile","apiVersion":"2016-08-10"}],"capabilities":"None"},{"resourceType":"locations","locations":[],"apiVersions":["2017-07-01","2016-06-01"],"apiProfiles":[{"profileVersion":"2018-06-01-profile","apiVersion":"2016-06-01"}],"capabilities":"None"},{"resourceType":"locations/backupStatus","locations":["West
        US","East US","North Europe","West Europe","Brazil South","East Asia","Southeast
        Asia","North Central US","South Central US","Japan East","Japan West","Australia
        East","Australia Southeast","Central US","East US 2","Central India","South
        India","West India","West Central US","Canada Central","Canada East","West
        US 2","UK South","UK West","Korea Central","Korea South","France Central","Australia
        Central","South Africa North","UAE North","Central US EUAP","East US 2 EUAP"],"apiVersions":["2017-07-01","2016-06-01"],"apiProfiles":[{"profileVersion":"2018-06-01-profile","apiVersion":"2016-06-01"}],"capabilities":"None"},{"resourceType":"locations/checkNameAvailability","locations":["West
        US","East US","North Europe","West Europe","Brazil South","East Asia","Southeast
        Asia","North Central US","South Central US","Japan East","Japan West","Australia
        East","Australia Southeast","Central US","East US 2","Central India","South
        India","West India","West Central US","Canada Central","Canada East","West
        US 2","UK South","UK West","Korea Central","Korea South","France Central","Australia
        Central","South Africa North","UAE North","Central US EUAP","East US 2 EUAP"],"apiVersions":["2018-01-10"],"apiProfiles":[{"profileVersion":"2018-06-01-profile","apiVersion":"2018-01-10"}],"capabilities":"None"},{"resourceType":"locations/allocatedStamp","locations":["West
        US","East US","North Europe","West Europe","Brazil South","East Asia","Southeast
        Asia","North Central US","South Central US","Japan East","Japan West","Australia
        East","Australia Southeast","Central US","East US 2","Central India","South
        India","West India","West Central US","Canada Central","Canada East","West
        US 2","UK South","UK West","Korea Central","Korea South","France Central","Australia
        Central","South Africa North","UAE North","Central US EUAP","East US 2 EUAP"],"apiVersions":["2016-06-01"],"apiProfiles":[{"profileVersion":"2018-06-01-profile","apiVersion":"2016-06-01"}],"capabilities":"None"},{"resourceType":"locations/allocateStamp","locations":["West
        US","East US","North Europe","West Europe","Brazil South","East Asia","Southeast
        Asia","North Central US","South Central US","Japan East","Japan West","Australia
        East","Australia Southeast","Central US","East US 2","Central India","South
        India","West India","West Central US","Canada Central","Canada East","West
        US 2","UK South","UK West","Korea Central","Korea South","France Central","Australia
        Central","South Africa North","UAE North","Central US EUAP","East US 2 EUAP"],"apiVersions":["2016-06-01"],"apiProfiles":[{"profileVersion":"2018-06-01-profile","apiVersion":"2016-06-01"}],"capabilities":"None"},{"resourceType":"locations/backupValidateFeatures","locations":["West
        US","East US","North Europe","West Europe","Brazil South","East Asia","Southeast
        Asia","North Central US","South Central US","Japan East","Japan West","Australia
        East","Australia Southeast","Central US","East US 2","Central India","South
        India","West India","West Central US","Canada Central","Canada East","West
        US 2","UK South","UK West","Korea Central","Korea South","France Central","Australia
        Central","South Africa North","UAE North","Central US EUAP","East US 2 EUAP"],"apiVersions":["2017-07-01"],"apiProfiles":[{"profileVersion":"2018-06-01-profile","apiVersion":"2017-07-01"}],"capabilities":"None"},{"resourceType":"locations/backupPreValidateProtection","locations":["West
        US","East US","North Europe","West Europe","Brazil South","East Asia","Southeast
        Asia","North Central US","South Central US","Japan East","Japan West","Australia
        East","Australia Southeast","Central US","East US 2","Central India","South
        India","West India","West Central US","Canada Central","Canada East","West
        US 2","UK South","UK West","Korea Central","Korea South","France Central","Australia
        Central","South Africa North","UAE North","Central US EUAP","East US 2 EUAP"],"apiVersions":["2017-07-01"],"apiProfiles":[{"profileVersion":"2018-06-01-profile","apiVersion":"2017-07-01"}],"capabilities":"None"},{"resourceType":"locations/backupCrrJobs","locations":["West
        US","East US","North Europe","West Europe","Brazil South","East Asia","Southeast
        Asia","North Central US","South Central US","Japan East","Japan West","Australia
        East","Australia Southeast","Central US","East US 2","Central India","South
        India","West India","West Central US","Canada Central","Canada East","West
        US 2","UK South","UK West","Korea Central","Korea South","France Central","Australia
        Central","South Africa North","UAE North","Central US EUAP","East US 2 EUAP"],"apiVersions":["2018-12-20-preview"],"apiProfiles":[{"profileVersion":"2018-06-01-profile","apiVersion":"2018-12-20-preview"}],"capabilities":"None"},{"resourceType":"locations/backupCrrJob","locations":["West
        US","East US","North Europe","West Europe","Brazil South","East Asia","Southeast
        Asia","North Central US","South Central US","Japan East","Japan West","Australia
        East","Australia Southeast","Central US","East US 2","Central India","South
        India","West India","West Central US","Canada Central","Canada East","West
        US 2","UK South","UK West","Korea Central","Korea South","France Central","Australia
        Central","South Africa North","UAE North","Central US EUAP","East US 2 EUAP"],"apiVersions":["2018-12-20-preview"],"apiProfiles":[{"profileVersion":"2018-06-01-profile","apiVersion":"2018-12-20-preview"}],"capabilities":"None"},{"resourceType":"locations/backupAadProperties","locations":["West
        US","East US","North Europe","West Europe","Brazil South","East Asia","Southeast
        Asia","North Central US","South Central US","Japan East","Japan West","Australia
        East","Australia Southeast","Central US","East US 2","Central India","South
        India","West India","West Central US","Canada Central","Canada East","West
        US 2","UK South","UK West","Korea Central","Korea South","France Central","Australia
        Central","South Africa North","UAE North","Central US EUAP","East US 2 EUAP"],"apiVersions":["2018-12-20-preview"],"apiProfiles":[{"profileVersion":"2018-06-01-profile","apiVersion":"2018-12-20-preview"}],"capabilities":"None"},{"resourceType":"locations/backupCrossRegionRestore","locations":["West
        US","East US","North Europe","West Europe","Brazil South","East Asia","Southeast
        Asia","North Central US","South Central US","Japan East","Japan West","Australia
        East","Australia Southeast","Central US","East US 2","Central India","South
        India","West India","West Central US","Canada Central","Canada East","West
        US 2","UK South","UK West","Korea Central","Korea South","France Central","Australia
        Central","South Africa North","UAE North","Central US EUAP","East US 2 EUAP"],"apiVersions":["2018-12-20-preview"],"apiProfiles":[{"profileVersion":"2018-06-01-profile","apiVersion":"2018-12-20-preview"}],"capabilities":"None"},{"resourceType":"locations/backupCrrOperationResults","locations":["West
        US","East US","North Europe","West Europe","Brazil South","East Asia","Southeast
        Asia","North Central US","South Central US","Japan East","Japan West","Australia
        East","Australia Southeast","Central US","East US 2","Central India","South
        India","West India","West Central US","Canada Central","Canada East","West
        US 2","UK South","UK West","Korea Central","Korea South","France Central","Australia
        Central","South Africa North","UAE North","Central US EUAP","East US 2 EUAP"],"apiVersions":["2018-12-20-preview"],"apiProfiles":[{"profileVersion":"2018-06-01-profile","apiVersion":"2018-12-20-preview"}],"capabilities":"None"},{"resourceType":"locations/backupCrrOperationsStatus","locations":["West
        US","East US","North Europe","West Europe","Brazil South","East Asia","Southeast
        Asia","North Central US","South Central US","Japan East","Japan West","Australia
        East","Australia Southeast","Central US","East US 2","Central India","South
        India","West India","West Central US","Canada Central","Canada East","West
        US 2","UK South","UK West","Korea Central","Korea South","France Central","Australia
        Central","South Africa North","UAE North","Central US EUAP","East US 2 EUAP"],"apiVersions":["2018-12-20-preview"],"apiProfiles":[{"profileVersion":"2018-06-01-profile","apiVersion":"2018-12-20-preview"}],"capabilities":"None"},{"resourceType":"backupProtectedItems","locations":["West
        US","East US","North Europe","West Europe","Brazil South","East Asia","Southeast
        Asia","North Central US","South Central US","Japan East","Japan West","Australia
        East","Australia Southeast","Central US","East US 2","Central India","South
        India","West India","West Central US","Canada Central","Canada East","West
        US 2","UK South","UK West","Korea Central","Korea South","France Central","Australia
        Central","South Africa North","UAE North","Central US EUAP","East US 2 EUAP"],"apiVersions":["2017-07-01-preview"],"apiProfiles":[{"profileVersion":"2018-06-01-profile","apiVersion":"2017-07-01-preview"}],"capabilities":"SupportsExtension"},{"resourceType":"replicationEligibilityResults","locations":["West
        US","East US","North Europe","West Europe","Brazil South","East Asia","Southeast
        Asia","North Central US","South Central US","Japan East","Japan West","Australia
        East","Australia Southeast","Central US","East US 2","Central India","South
        India","West India","West Central US","Canada Central","Canada East","West
        US 2","UK South","UK West","Korea Central","Korea South","France Central","Australia
        Central","South Africa North","UAE North","Central US EUAP","East US 2 EUAP"],"apiVersions":["2018-07-10"],"apiProfiles":[{"profileVersion":"2018-06-01-profile","apiVersion":"2018-07-10"}],"capabilities":"SupportsExtension"}],"registrationState":"Registered","registrationPolicy":"RegistrationRequired"}'
    headers:
      cache-control:
      - no-cache
      content-length:
      - '11729'
      content-type:
      - application/json; charset=utf-8
      date:
      - Thu, 19 Dec 2019 05:44:50 GMT
      expires:
      - '-1'
      pragma:
      - no-cache
      strict-transport-security:
      - max-age=31536000; includeSubDomains
      vary:
      - Accept-Encoding
      x-content-type-options:
      - nosniff
    status:
      code: 200
      message: OK
- request:
    body: null
    headers:
      Accept:
      - application/json
      Accept-Encoding:
      - gzip, deflate
      CommandName:
      - resource tag
      Connection:
      - keep-alive
      ParameterSetName:
      - --ids --tags
      User-Agent:
      - python/3.8.0 (Windows-10-10.0.18362-SP0) msrest/0.6.10 msrest_azure/0.6.2
        azure-mgmt-resource/6.0.0 Azure-SDK-For-Python AZURECLI/2.0.78
      accept-language:
      - en-US
    method: GET
    uri: https://management.azure.com/subscriptions/00000000-0000-0000-0000-000000000000/resourceGroups/cli_test_tag_update_by_patch000001/providers/Microsoft.RecoveryServices/vaults/vault-000002?api-version=2019-05-13
  response:
    body:
      string: '{"location":"westus","name":"vault-000002","etag":"W/\"datetime''2019-12-19T05%3A44%3A48.3277841Z''\"","tags":{"cli-test":"test"},"properties":{"provisioningState":"Succeeded"},"id":"/subscriptions/00000000-0000-0000-0000-000000000000/resourceGroups/cli_test_tag_update_by_patch000001/providers/Microsoft.RecoveryServices/vaults/vault-000002","type":"Microsoft.RecoveryServices/vaults","sku":{"name":"Standard"}}'
    headers:
      cache-control:
      - no-cache
      content-length:
      - '487'
      content-type:
      - application/json
      date:
      - Thu, 19 Dec 2019 05:44:51 GMT
      expires:
      - '-1'
      pragma:
      - no-cache
      server:
      - Microsoft-IIS/10.0
      strict-transport-security:
      - max-age=31536000; includeSubDomains
      transfer-encoding:
      - chunked
      vary:
      - Accept-Encoding
      x-content-type-options:
      - nosniff
    status:
      code: 200
      message: OK
- request:
    body: '{"tags": {}}'
    headers:
      Accept:
      - application/json
      Accept-Encoding:
      - gzip, deflate
      CommandName:
      - resource tag
      Connection:
      - keep-alive
      Content-Length:
      - '12'
      Content-Type:
      - application/json; charset=utf-8
      ParameterSetName:
      - --ids --tags
      User-Agent:
      - python/3.8.0 (Windows-10-10.0.18362-SP0) msrest/0.6.10 msrest_azure/0.6.2
        azure-mgmt-resource/6.0.0 Azure-SDK-For-Python AZURECLI/2.0.78
      accept-language:
      - en-US
    method: PATCH
    uri: https://management.azure.com/subscriptions/00000000-0000-0000-0000-000000000000/resourceGroups/cli_test_tag_update_by_patch000001/providers/Microsoft.RecoveryServices/vaults/vault-000002?api-version=2019-05-13
  response:
    body:
      string: '{"location":"westus","name":"vault-000002","etag":"W/\"datetime''2019-12-19T05%3A44%3A53.5706864Z''\"","tags":{},"properties":{"provisioningState":"Succeeded"},"id":"/subscriptions/00000000-0000-0000-0000-000000000000/resourceGroups/cli_test_tag_update_by_patch000001/providers/Microsoft.RecoveryServices/vaults/vault-000002","type":"Microsoft.RecoveryServices/vaults","sku":{"name":"Standard"}}'
    headers:
      cache-control:
      - no-cache
      content-length:
      - '470'
      content-type:
      - application/json
      date:
      - Thu, 19 Dec 2019 05:44:55 GMT
      expires:
      - '-1'
      pragma:
      - no-cache
      server:
      - Microsoft-IIS/10.0
      strict-transport-security:
      - max-age=31536000; includeSubDomains
      transfer-encoding:
      - chunked
      vary:
      - Accept-Encoding
      x-content-type-options:
      - nosniff
      x-ms-ratelimit-remaining-subscription-resource-requests:
      - '198'
    status:
      code: 200
      message: OK
- request:
    body: null
    headers:
      Accept:
      - application/json
      Accept-Encoding:
      - gzip, deflate
      CommandName:
      - resource delete
      Connection:
      - keep-alive
      ParameterSetName:
      - --id
      User-Agent:
      - python/3.8.0 (Windows-10-10.0.18362-SP0) msrest/0.6.10 msrest_azure/0.6.2
        azure-mgmt-resource/6.0.0 Azure-SDK-For-Python AZURECLI/2.0.78
      accept-language:
      - en-US
    method: GET
    uri: https://management.azure.com/subscriptions/00000000-0000-0000-0000-000000000000/providers/Microsoft.RecoveryServices?api-version=2019-07-01
  response:
    body:
      string: '{"id":"/subscriptions/00000000-0000-0000-0000-000000000000/providers/Microsoft.RecoveryServices","namespace":"Microsoft.RecoveryServices","authorizations":[{"applicationId":"262044b1-e2ce-469f-a196-69ab7ada62d3","roleDefinitionId":"21CEC436-F7D0-4ADE-8AD8-FEC5668484CC"},{"applicationId":"b8340c3b-9267-498f-b21a-15d5547fd85e","roleDefinitionId":"8A00C8EA-8F1B-45A7-8F64-F4CC61EEE9B6"},{"applicationId":"3b2fa68d-a091-48c9-95be-88d572e08fb7","roleDefinitionId":"47d68fae-99c7-4c10-b9db-2316116a061e"}],"resourceTypes":[{"resourceType":"vaults","locations":["West
        US","East US","North Europe","West Europe","Brazil South","East Asia","Southeast
        Asia","North Central US","South Central US","Japan East","Japan West","Australia
        East","Australia Southeast","Central US","East US 2","Central India","South
        India","West India","Canada Central","Canada East","West Central US","West
        US 2","UK South","UK West","Korea Central","Korea South","France Central","Australia
        Central","South Africa North","UAE North","Central US EUAP","East US 2 EUAP"],"apiVersions":["2019-05-13-preview","2019-05-13","2018-12-20-preview","2018-07-10-preview","2018-07-10","2018-01-10","2017-07-01-preview","2017-07-01","2016-12-01","2016-08-10","2016-06-01","2016-05-01","2015-12-15","2015-12-10","2015-11-10","2015-08-15","2015-08-10","2015-06-10","2015-03-15"],"apiProfiles":[{"profileVersion":"2018-06-01-profile","apiVersion":"2018-01-10"}],"capabilities":"CrossResourceGroupResourceMove,
        CrossSubscriptionResourceMove, SystemAssignedResourceIdentity, SupportsTags,
        SupportsLocation"},{"resourceType":"operations","locations":[],"apiVersions":["2016-08-10","2016-06-01","2015-12-15","2015-12-10","2015-11-10","2015-08-15","2015-08-10","2015-06-10","2015-03-15"],"apiProfiles":[{"profileVersion":"2018-06-01-profile","apiVersion":"2016-08-10"}],"capabilities":"None"},{"resourceType":"locations","locations":[],"apiVersions":["2017-07-01","2016-06-01"],"apiProfiles":[{"profileVersion":"2018-06-01-profile","apiVersion":"2016-06-01"}],"capabilities":"None"},{"resourceType":"locations/backupStatus","locations":["West
        US","East US","North Europe","West Europe","Brazil South","East Asia","Southeast
        Asia","North Central US","South Central US","Japan East","Japan West","Australia
        East","Australia Southeast","Central US","East US 2","Central India","South
        India","West India","West Central US","Canada Central","Canada East","West
        US 2","UK South","UK West","Korea Central","Korea South","France Central","Australia
        Central","South Africa North","UAE North","Central US EUAP","East US 2 EUAP"],"apiVersions":["2017-07-01","2016-06-01"],"apiProfiles":[{"profileVersion":"2018-06-01-profile","apiVersion":"2016-06-01"}],"capabilities":"None"},{"resourceType":"locations/checkNameAvailability","locations":["West
        US","East US","North Europe","West Europe","Brazil South","East Asia","Southeast
        Asia","North Central US","South Central US","Japan East","Japan West","Australia
        East","Australia Southeast","Central US","East US 2","Central India","South
        India","West India","West Central US","Canada Central","Canada East","West
        US 2","UK South","UK West","Korea Central","Korea South","France Central","Australia
        Central","South Africa North","UAE North","Central US EUAP","East US 2 EUAP"],"apiVersions":["2018-01-10"],"apiProfiles":[{"profileVersion":"2018-06-01-profile","apiVersion":"2018-01-10"}],"capabilities":"None"},{"resourceType":"locations/allocatedStamp","locations":["West
        US","East US","North Europe","West Europe","Brazil South","East Asia","Southeast
        Asia","North Central US","South Central US","Japan East","Japan West","Australia
        East","Australia Southeast","Central US","East US 2","Central India","South
        India","West India","West Central US","Canada Central","Canada East","West
        US 2","UK South","UK West","Korea Central","Korea South","France Central","Australia
        Central","South Africa North","UAE North","Central US EUAP","East US 2 EUAP"],"apiVersions":["2016-06-01"],"apiProfiles":[{"profileVersion":"2018-06-01-profile","apiVersion":"2016-06-01"}],"capabilities":"None"},{"resourceType":"locations/allocateStamp","locations":["West
        US","East US","North Europe","West Europe","Brazil South","East Asia","Southeast
        Asia","North Central US","South Central US","Japan East","Japan West","Australia
        East","Australia Southeast","Central US","East US 2","Central India","South
        India","West India","West Central US","Canada Central","Canada East","West
        US 2","UK South","UK West","Korea Central","Korea South","France Central","Australia
        Central","South Africa North","UAE North","Central US EUAP","East US 2 EUAP"],"apiVersions":["2016-06-01"],"apiProfiles":[{"profileVersion":"2018-06-01-profile","apiVersion":"2016-06-01"}],"capabilities":"None"},{"resourceType":"locations/backupValidateFeatures","locations":["West
        US","East US","North Europe","West Europe","Brazil South","East Asia","Southeast
        Asia","North Central US","South Central US","Japan East","Japan West","Australia
        East","Australia Southeast","Central US","East US 2","Central India","South
        India","West India","West Central US","Canada Central","Canada East","West
        US 2","UK South","UK West","Korea Central","Korea South","France Central","Australia
        Central","South Africa North","UAE North","Central US EUAP","East US 2 EUAP"],"apiVersions":["2017-07-01"],"apiProfiles":[{"profileVersion":"2018-06-01-profile","apiVersion":"2017-07-01"}],"capabilities":"None"},{"resourceType":"locations/backupPreValidateProtection","locations":["West
        US","East US","North Europe","West Europe","Brazil South","East Asia","Southeast
        Asia","North Central US","South Central US","Japan East","Japan West","Australia
        East","Australia Southeast","Central US","East US 2","Central India","South
        India","West India","West Central US","Canada Central","Canada East","West
        US 2","UK South","UK West","Korea Central","Korea South","France Central","Australia
        Central","South Africa North","UAE North","Central US EUAP","East US 2 EUAP"],"apiVersions":["2017-07-01"],"apiProfiles":[{"profileVersion":"2018-06-01-profile","apiVersion":"2017-07-01"}],"capabilities":"None"},{"resourceType":"locations/backupCrrJobs","locations":["West
        US","East US","North Europe","West Europe","Brazil South","East Asia","Southeast
        Asia","North Central US","South Central US","Japan East","Japan West","Australia
        East","Australia Southeast","Central US","East US 2","Central India","South
        India","West India","West Central US","Canada Central","Canada East","West
        US 2","UK South","UK West","Korea Central","Korea South","France Central","Australia
        Central","South Africa North","UAE North","Central US EUAP","East US 2 EUAP"],"apiVersions":["2018-12-20-preview"],"apiProfiles":[{"profileVersion":"2018-06-01-profile","apiVersion":"2018-12-20-preview"}],"capabilities":"None"},{"resourceType":"locations/backupCrrJob","locations":["West
        US","East US","North Europe","West Europe","Brazil South","East Asia","Southeast
        Asia","North Central US","South Central US","Japan East","Japan West","Australia
        East","Australia Southeast","Central US","East US 2","Central India","South
        India","West India","West Central US","Canada Central","Canada East","West
        US 2","UK South","UK West","Korea Central","Korea South","France Central","Australia
        Central","South Africa North","UAE North","Central US EUAP","East US 2 EUAP"],"apiVersions":["2018-12-20-preview"],"apiProfiles":[{"profileVersion":"2018-06-01-profile","apiVersion":"2018-12-20-preview"}],"capabilities":"None"},{"resourceType":"locations/backupAadProperties","locations":["West
        US","East US","North Europe","West Europe","Brazil South","East Asia","Southeast
        Asia","North Central US","South Central US","Japan East","Japan West","Australia
        East","Australia Southeast","Central US","East US 2","Central India","South
        India","West India","West Central US","Canada Central","Canada East","West
        US 2","UK South","UK West","Korea Central","Korea South","France Central","Australia
        Central","South Africa North","UAE North","Central US EUAP","East US 2 EUAP"],"apiVersions":["2018-12-20-preview"],"apiProfiles":[{"profileVersion":"2018-06-01-profile","apiVersion":"2018-12-20-preview"}],"capabilities":"None"},{"resourceType":"locations/backupCrossRegionRestore","locations":["West
        US","East US","North Europe","West Europe","Brazil South","East Asia","Southeast
        Asia","North Central US","South Central US","Japan East","Japan West","Australia
        East","Australia Southeast","Central US","East US 2","Central India","South
        India","West India","West Central US","Canada Central","Canada East","West
        US 2","UK South","UK West","Korea Central","Korea South","France Central","Australia
        Central","South Africa North","UAE North","Central US EUAP","East US 2 EUAP"],"apiVersions":["2018-12-20-preview"],"apiProfiles":[{"profileVersion":"2018-06-01-profile","apiVersion":"2018-12-20-preview"}],"capabilities":"None"},{"resourceType":"locations/backupCrrOperationResults","locations":["West
        US","East US","North Europe","West Europe","Brazil South","East Asia","Southeast
        Asia","North Central US","South Central US","Japan East","Japan West","Australia
        East","Australia Southeast","Central US","East US 2","Central India","South
        India","West India","West Central US","Canada Central","Canada East","West
        US 2","UK South","UK West","Korea Central","Korea South","France Central","Australia
        Central","South Africa North","UAE North","Central US EUAP","East US 2 EUAP"],"apiVersions":["2018-12-20-preview"],"apiProfiles":[{"profileVersion":"2018-06-01-profile","apiVersion":"2018-12-20-preview"}],"capabilities":"None"},{"resourceType":"locations/backupCrrOperationsStatus","locations":["West
        US","East US","North Europe","West Europe","Brazil South","East Asia","Southeast
        Asia","North Central US","South Central US","Japan East","Japan West","Australia
        East","Australia Southeast","Central US","East US 2","Central India","South
        India","West India","West Central US","Canada Central","Canada East","West
        US 2","UK South","UK West","Korea Central","Korea South","France Central","Australia
        Central","South Africa North","UAE North","Central US EUAP","East US 2 EUAP"],"apiVersions":["2018-12-20-preview"],"apiProfiles":[{"profileVersion":"2018-06-01-profile","apiVersion":"2018-12-20-preview"}],"capabilities":"None"},{"resourceType":"backupProtectedItems","locations":["West
        US","East US","North Europe","West Europe","Brazil South","East Asia","Southeast
        Asia","North Central US","South Central US","Japan East","Japan West","Australia
        East","Australia Southeast","Central US","East US 2","Central India","South
        India","West India","West Central US","Canada Central","Canada East","West
        US 2","UK South","UK West","Korea Central","Korea South","France Central","Australia
        Central","South Africa North","UAE North","Central US EUAP","East US 2 EUAP"],"apiVersions":["2017-07-01-preview"],"apiProfiles":[{"profileVersion":"2018-06-01-profile","apiVersion":"2017-07-01-preview"}],"capabilities":"SupportsExtension"},{"resourceType":"replicationEligibilityResults","locations":["West
        US","East US","North Europe","West Europe","Brazil South","East Asia","Southeast
        Asia","North Central US","South Central US","Japan East","Japan West","Australia
        East","Australia Southeast","Central US","East US 2","Central India","South
        India","West India","West Central US","Canada Central","Canada East","West
        US 2","UK South","UK West","Korea Central","Korea South","France Central","Australia
        Central","South Africa North","UAE North","Central US EUAP","East US 2 EUAP"],"apiVersions":["2018-07-10"],"apiProfiles":[{"profileVersion":"2018-06-01-profile","apiVersion":"2018-07-10"}],"capabilities":"SupportsExtension"}],"registrationState":"Registered","registrationPolicy":"RegistrationRequired"}'
    headers:
      cache-control:
      - no-cache
      content-length:
      - '11729'
      content-type:
      - application/json; charset=utf-8
      date:
      - Thu, 19 Dec 2019 05:44:56 GMT
      expires:
      - '-1'
      pragma:
      - no-cache
      strict-transport-security:
      - max-age=31536000; includeSubDomains
      vary:
      - Accept-Encoding
      x-content-type-options:
      - nosniff
    status:
      code: 200
      message: OK
- request:
    body: null
    headers:
      Accept:
      - application/json
      Accept-Encoding:
      - gzip, deflate
      CommandName:
      - resource delete
      Connection:
      - keep-alive
      Content-Length:
      - '0'
      ParameterSetName:
      - --id
      User-Agent:
      - python/3.8.0 (Windows-10-10.0.18362-SP0) msrest/0.6.10 msrest_azure/0.6.2
        azure-mgmt-resource/6.0.0 Azure-SDK-For-Python AZURECLI/2.0.78
      accept-language:
      - en-US
    method: DELETE
    uri: https://management.azure.com/subscriptions/00000000-0000-0000-0000-000000000000/resourceGroups/cli_test_tag_update_by_patch000001/providers/Microsoft.RecoveryServices/vaults/vault-000002?api-version=2019-05-13
  response:
    body:
      string: ''
    headers:
      cache-control:
      - no-cache
      content-length:
      - '0'
      date:
      - Thu, 19 Dec 2019 05:45:01 GMT
      expires:
      - '-1'
      pragma:
      - no-cache
      strict-transport-security:
      - max-age=31536000; includeSubDomains
      x-content-type-options:
      - nosniff
      x-ms-ratelimit-remaining-subscription-resource-requests:
      - '198'
    status:
      code: 200
      message: OK
version: 1
