interactions:
- request:
    body: null
    headers:
      Accept:
      - application/json
      Accept-Encoding:
      - gzip, deflate
      CommandName:
      - cosmosdb create
      Connection:
      - keep-alive
      ParameterSetName:
      - --kind -n -g
      User-Agent:
      - python/3.8.6 (Windows-10-10.0.19041-SP0) msrest/0.6.18 msrest_azure/0.6.3
        azure-mgmt-resource/12.0.0 Azure-SDK-For-Python AZURECLI/2.16.0
      accept-language:
      - en-US
    method: GET
    uri: https://management.azure.com/subscriptions/00000000-0000-0000-0000-000000000000/resourcegroups/cli_test_lock_with_resource_id000001?api-version=2020-10-01
  response:
    body:
      string: '{"id":"/subscriptions/00000000-0000-0000-0000-000000000000/resourceGroups/cli_test_lock_with_resource_id000001","name":"cli_test_lock_with_resource_id000001","type":"Microsoft.Resources/resourceGroups","location":"westus","tags":{"product":"azurecli","cause":"automation","date":"2020-12-15T02:49:04Z"},"properties":{"provisioningState":"Succeeded"}}'
    headers:
      cache-control:
      - no-cache
      content-length:
      - '428'
      content-type:
      - application/json; charset=utf-8
      date:
      - Tue, 15 Dec 2020 02:49:06 GMT
      expires:
      - '-1'
      pragma:
      - no-cache
      strict-transport-security:
      - max-age=31536000; includeSubDomains
      vary:
      - Accept-Encoding
      x-content-type-options:
      - nosniff
    status:
      code: 200
      message: OK
- request:
    body: '{"location": "westus", "kind": "MongoDB", "properties": {"locations": [{"locationName":
      "westus", "failoverPriority": 0, "isZoneRedundant": false}], "databaseAccountOfferType":
      "Standard", "apiProperties": {}}}'
    headers:
      Accept:
      - application/json
      Accept-Encoding:
      - gzip, deflate
      CommandName:
      - cosmosdb create
      Connection:
      - keep-alive
      Content-Length:
      - '210'
      Content-Type:
      - application/json; charset=utf-8
      ParameterSetName:
      - --kind -n -g
      User-Agent:
      - python/3.8.6 (Windows-10-10.0.19041-SP0) msrest/0.6.18 msrest_azure/0.6.3
        azure-mgmt-cosmosdb/1.0.0 Azure-SDK-For-Python AZURECLI/2.16.0
      accept-language:
      - en-US
    method: PUT
    uri: https://management.azure.com/subscriptions/00000000-0000-0000-0000-000000000000/resourceGroups/cli_test_lock_with_resource_id000001/providers/Microsoft.DocumentDB/databaseAccounts/cli-cosmos000002?api-version=2020-04-01
  response:
    body:
      string: '{"id":"/subscriptions/00000000-0000-0000-0000-000000000000/resourceGroups/cli_test_lock_with_resource_id000001/providers/Microsoft.DocumentDB/databaseAccounts/cli-cosmos000002","name":"cli-cosmos000002","location":"West
        US","type":"Microsoft.DocumentDB/databaseAccounts","kind":"MongoDB","tags":{},"systemData":{"createdAt":"2020-12-15T02:49:08.7192937Z"},"properties":{"provisioningState":"Creating","publicNetworkAccess":"Enabled","enableAutomaticFailover":false,"enableMultipleWriteLocations":false,"enablePartitionKeyMonitor":false,"isVirtualNetworkFilterEnabled":false,"virtualNetworkRules":[],"EnabledApiTypes":"MongoDB","disableKeyBasedMetadataWriteAccess":false,"enableFreeTier":false,"enableAnalyticalStorage":false,"instanceId":"3f1ba9d0-9ebd-4557-a99a-aca6c714e331","createMode":"Default","databaseAccountOfferType":"Standard","consistencyPolicy":{"defaultConsistencyLevel":"Session","maxIntervalInSeconds":5,"maxStalenessPrefix":100},"apiProperties":{"serverVersion":"3.2"},"configurationOverrides":{},"writeLocations":[{"id":"cli-cosmos000002-westus","locationName":"West
        US","provisioningState":"Creating","failoverPriority":0,"isZoneRedundant":false}],"readLocations":[{"id":"cli-cosmos000002-westus","locationName":"West
        US","provisioningState":"Creating","failoverPriority":0,"isZoneRedundant":false}],"locations":[{"id":"cli-cosmos000002-westus","locationName":"West
        US","provisioningState":"Creating","failoverPriority":0,"isZoneRedundant":false}],"failoverPolicies":[{"id":"cli-cosmos000002-westus","locationName":"West
        US","failoverPriority":0}],"cors":[],"capabilities":[],"ipRules":[],"backupPolicy":{"type":"Periodic","periodicModeProperties":{"backupIntervalInMinutes":240,"backupRetentionIntervalInHours":8}}}}'
    headers:
      azure-asyncoperation:
      - https://management.azure.com/subscriptions/00000000-0000-0000-0000-000000000000/providers/Microsoft.DocumentDB/locations/westus/operationsStatus/2dfb8999-ee98-4220-996e-054666a6f78e?api-version=2020-04-01
      cache-control:
      - no-store, no-cache
      content-length:
      - '1859'
      content-type:
      - application/json
      date:
      - Tue, 15 Dec 2020 02:49:09 GMT
      location:
      - https://management.azure.com/subscriptions/00000000-0000-0000-0000-000000000000/resourceGroups/cli_test_lock_with_resource_id000001/providers/Microsoft.DocumentDB/databaseAccounts/cli-cosmos000002/operationResults/2dfb8999-ee98-4220-996e-054666a6f78e?api-version=2020-04-01
      pragma:
      - no-cache
      server:
      - Microsoft-HTTPAPI/2.0
      strict-transport-security:
      - max-age=31536000; includeSubDomains
      transfer-encoding:
      - chunked
      vary:
      - Accept-Encoding
      x-content-type-options:
      - nosniff
      x-ms-gatewayversion:
      - version=2.11.0
      x-ms-ratelimit-remaining-subscription-writes:
      - '1199'
    status:
      code: 200
      message: Ok
- request:
    body: null
    headers:
      Accept:
      - application/json
      Accept-Encoding:
      - gzip, deflate
      CommandName:
      - cosmosdb create
      Connection:
      - keep-alive
      ParameterSetName:
      - --kind -n -g
      User-Agent:
      - python/3.8.6 (Windows-10-10.0.19041-SP0) msrest/0.6.18 msrest_azure/0.6.3
        azure-mgmt-cosmosdb/1.0.0 Azure-SDK-For-Python AZURECLI/2.16.0
    method: GET
    uri: https://management.azure.com/subscriptions/00000000-0000-0000-0000-000000000000/providers/Microsoft.DocumentDB/locations/westus/operationsStatus/2dfb8999-ee98-4220-996e-054666a6f78e?api-version=2020-04-01
  response:
    body:
      string: '{"status":"Dequeued"}'
    headers:
      cache-control:
      - no-store, no-cache
      content-length:
      - '21'
      content-type:
      - application/json
      date:
      - Tue, 15 Dec 2020 02:49:40 GMT
      pragma:
      - no-cache
      server:
      - Microsoft-HTTPAPI/2.0
      strict-transport-security:
      - max-age=31536000; includeSubDomains
      transfer-encoding:
      - chunked
      vary:
      - Accept-Encoding
      x-content-type-options:
      - nosniff
      x-ms-gatewayversion:
      - version=2.11.0
    status:
      code: 200
      message: Ok
- request:
    body: null
    headers:
      Accept:
      - application/json
      Accept-Encoding:
      - gzip, deflate
      CommandName:
      - cosmosdb create
      Connection:
      - keep-alive
      ParameterSetName:
      - --kind -n -g
      User-Agent:
      - python/3.8.6 (Windows-10-10.0.19041-SP0) msrest/0.6.18 msrest_azure/0.6.3
        azure-mgmt-cosmosdb/1.0.0 Azure-SDK-For-Python AZURECLI/2.16.0
    method: GET
    uri: https://management.azure.com/subscriptions/00000000-0000-0000-0000-000000000000/providers/Microsoft.DocumentDB/locations/westus/operationsStatus/2dfb8999-ee98-4220-996e-054666a6f78e?api-version=2020-04-01
  response:
    body:
      string: '{"status":"Dequeued"}'
    headers:
      cache-control:
      - no-store, no-cache
      content-length:
      - '21'
      content-type:
      - application/json
      date:
      - Tue, 15 Dec 2020 02:50:09 GMT
      pragma:
      - no-cache
      server:
      - Microsoft-HTTPAPI/2.0
      strict-transport-security:
      - max-age=31536000; includeSubDomains
      transfer-encoding:
      - chunked
      vary:
      - Accept-Encoding
      x-content-type-options:
      - nosniff
      x-ms-gatewayversion:
      - version=2.11.0
    status:
      code: 200
      message: Ok
- request:
    body: null
    headers:
      Accept:
      - application/json
      Accept-Encoding:
      - gzip, deflate
      CommandName:
      - cosmosdb create
      Connection:
      - keep-alive
      ParameterSetName:
      - --kind -n -g
      User-Agent:
      - python/3.8.6 (Windows-10-10.0.19041-SP0) msrest/0.6.18 msrest_azure/0.6.3
        azure-mgmt-cosmosdb/1.0.0 Azure-SDK-For-Python AZURECLI/2.16.0
    method: GET
    uri: https://management.azure.com/subscriptions/00000000-0000-0000-0000-000000000000/providers/Microsoft.DocumentDB/locations/westus/operationsStatus/2dfb8999-ee98-4220-996e-054666a6f78e?api-version=2020-04-01
  response:
    body:
      string: '{"status":"Dequeued"}'
    headers:
      cache-control:
      - no-store, no-cache
      content-length:
      - '21'
      content-type:
      - application/json
      date:
      - Tue, 15 Dec 2020 02:50:39 GMT
      pragma:
      - no-cache
      server:
      - Microsoft-HTTPAPI/2.0
      strict-transport-security:
      - max-age=31536000; includeSubDomains
      transfer-encoding:
      - chunked
      vary:
      - Accept-Encoding
      x-content-type-options:
      - nosniff
      x-ms-gatewayversion:
      - version=2.11.0
    status:
      code: 200
      message: Ok
- request:
    body: null
    headers:
      Accept:
      - application/json
      Accept-Encoding:
      - gzip, deflate
      CommandName:
      - cosmosdb create
      Connection:
      - keep-alive
      ParameterSetName:
      - --kind -n -g
      User-Agent:
      - python/3.8.6 (Windows-10-10.0.19041-SP0) msrest/0.6.18 msrest_azure/0.6.3
        azure-mgmt-cosmosdb/1.0.0 Azure-SDK-For-Python AZURECLI/2.16.0
    method: GET
    uri: https://management.azure.com/subscriptions/00000000-0000-0000-0000-000000000000/providers/Microsoft.DocumentDB/locations/westus/operationsStatus/2dfb8999-ee98-4220-996e-054666a6f78e?api-version=2020-04-01
  response:
    body:
      string: '{"status":"Dequeued"}'
    headers:
      cache-control:
      - no-store, no-cache
      content-length:
      - '21'
      content-type:
      - application/json
      date:
      - Tue, 15 Dec 2020 02:51:10 GMT
      pragma:
      - no-cache
      server:
      - Microsoft-HTTPAPI/2.0
      strict-transport-security:
      - max-age=31536000; includeSubDomains
      transfer-encoding:
      - chunked
      vary:
      - Accept-Encoding
      x-content-type-options:
      - nosniff
      x-ms-gatewayversion:
      - version=2.11.0
    status:
      code: 200
      message: Ok
- request:
    body: null
    headers:
      Accept:
      - application/json
      Accept-Encoding:
      - gzip, deflate
      CommandName:
      - cosmosdb create
      Connection:
      - keep-alive
      ParameterSetName:
      - --kind -n -g
      User-Agent:
      - python/3.8.6 (Windows-10-10.0.19041-SP0) msrest/0.6.18 msrest_azure/0.6.3
        azure-mgmt-cosmosdb/1.0.0 Azure-SDK-For-Python AZURECLI/2.16.0
    method: GET
    uri: https://management.azure.com/subscriptions/00000000-0000-0000-0000-000000000000/providers/Microsoft.DocumentDB/locations/westus/operationsStatus/2dfb8999-ee98-4220-996e-054666a6f78e?api-version=2020-04-01
  response:
    body:
      string: '{"status":"Dequeued"}'
    headers:
      cache-control:
      - no-store, no-cache
      content-length:
      - '21'
      content-type:
      - application/json
      date:
      - Tue, 15 Dec 2020 02:51:39 GMT
      pragma:
      - no-cache
      server:
      - Microsoft-HTTPAPI/2.0
      strict-transport-security:
      - max-age=31536000; includeSubDomains
      transfer-encoding:
      - chunked
      vary:
      - Accept-Encoding
      x-content-type-options:
      - nosniff
      x-ms-gatewayversion:
      - version=2.11.0
    status:
      code: 200
      message: Ok
- request:
    body: null
    headers:
      Accept:
      - application/json
      Accept-Encoding:
      - gzip, deflate
      CommandName:
      - cosmosdb create
      Connection:
      - keep-alive
      ParameterSetName:
      - --kind -n -g
      User-Agent:
      - python/3.8.6 (Windows-10-10.0.19041-SP0) msrest/0.6.18 msrest_azure/0.6.3
        azure-mgmt-cosmosdb/1.0.0 Azure-SDK-For-Python AZURECLI/2.16.0
    method: GET
    uri: https://management.azure.com/subscriptions/00000000-0000-0000-0000-000000000000/providers/Microsoft.DocumentDB/locations/westus/operationsStatus/2dfb8999-ee98-4220-996e-054666a6f78e?api-version=2020-04-01
  response:
    body:
      string: '{"status":"Dequeued"}'
    headers:
      cache-control:
      - no-store, no-cache
      content-length:
      - '21'
      content-type:
      - application/json
      date:
      - Tue, 15 Dec 2020 02:52:10 GMT
      pragma:
      - no-cache
      server:
      - Microsoft-HTTPAPI/2.0
      strict-transport-security:
      - max-age=31536000; includeSubDomains
      transfer-encoding:
      - chunked
      vary:
      - Accept-Encoding
      x-content-type-options:
      - nosniff
      x-ms-gatewayversion:
      - version=2.11.0
    status:
      code: 200
      message: Ok
- request:
    body: null
    headers:
      Accept:
      - application/json
      Accept-Encoding:
      - gzip, deflate
      CommandName:
      - cosmosdb create
      Connection:
      - keep-alive
      ParameterSetName:
      - --kind -n -g
      User-Agent:
      - python/3.8.6 (Windows-10-10.0.19041-SP0) msrest/0.6.18 msrest_azure/0.6.3
        azure-mgmt-cosmosdb/1.0.0 Azure-SDK-For-Python AZURECLI/2.16.0
    method: GET
    uri: https://management.azure.com/subscriptions/00000000-0000-0000-0000-000000000000/providers/Microsoft.DocumentDB/locations/westus/operationsStatus/2dfb8999-ee98-4220-996e-054666a6f78e?api-version=2020-04-01
  response:
    body:
      string: '{"status":"Dequeued"}'
    headers:
      cache-control:
      - no-store, no-cache
      content-length:
      - '21'
      content-type:
      - application/json
      date:
      - Tue, 15 Dec 2020 02:52:40 GMT
      pragma:
      - no-cache
      server:
      - Microsoft-HTTPAPI/2.0
      strict-transport-security:
      - max-age=31536000; includeSubDomains
      transfer-encoding:
      - chunked
      vary:
      - Accept-Encoding
      x-content-type-options:
      - nosniff
      x-ms-gatewayversion:
      - version=2.11.0
    status:
      code: 200
      message: Ok
- request:
    body: null
    headers:
      Accept:
      - application/json
      Accept-Encoding:
      - gzip, deflate
      CommandName:
      - cosmosdb create
      Connection:
      - keep-alive
      ParameterSetName:
      - --kind -n -g
      User-Agent:
      - python/3.8.6 (Windows-10-10.0.19041-SP0) msrest/0.6.18 msrest_azure/0.6.3
        azure-mgmt-cosmosdb/1.0.0 Azure-SDK-For-Python AZURECLI/2.16.0
    method: GET
    uri: https://management.azure.com/subscriptions/00000000-0000-0000-0000-000000000000/providers/Microsoft.DocumentDB/locations/westus/operationsStatus/2dfb8999-ee98-4220-996e-054666a6f78e?api-version=2020-04-01
  response:
    body:
      string: '{"status":"Dequeued"}'
    headers:
      cache-control:
      - no-store, no-cache
      content-length:
      - '21'
      content-type:
      - application/json
      date:
      - Tue, 15 Dec 2020 02:53:10 GMT
      pragma:
      - no-cache
      server:
      - Microsoft-HTTPAPI/2.0
      strict-transport-security:
      - max-age=31536000; includeSubDomains
      transfer-encoding:
      - chunked
      vary:
      - Accept-Encoding
      x-content-type-options:
      - nosniff
      x-ms-gatewayversion:
      - version=2.11.0
    status:
      code: 200
      message: Ok
- request:
    body: null
    headers:
      Accept:
      - application/json
      Accept-Encoding:
      - gzip, deflate
      CommandName:
      - cosmosdb create
      Connection:
      - keep-alive
      ParameterSetName:
      - --kind -n -g
      User-Agent:
      - python/3.8.6 (Windows-10-10.0.19041-SP0) msrest/0.6.18 msrest_azure/0.6.3
        azure-mgmt-cosmosdb/1.0.0 Azure-SDK-For-Python AZURECLI/2.16.0
    method: GET
    uri: https://management.azure.com/subscriptions/00000000-0000-0000-0000-000000000000/providers/Microsoft.DocumentDB/locations/westus/operationsStatus/2dfb8999-ee98-4220-996e-054666a6f78e?api-version=2020-04-01
  response:
    body:
      string: '{"status":"Dequeued"}'
    headers:
      cache-control:
      - no-store, no-cache
      content-length:
      - '21'
      content-type:
      - application/json
      date:
      - Tue, 15 Dec 2020 02:53:40 GMT
      pragma:
      - no-cache
      server:
      - Microsoft-HTTPAPI/2.0
      strict-transport-security:
      - max-age=31536000; includeSubDomains
      transfer-encoding:
      - chunked
      vary:
      - Accept-Encoding
      x-content-type-options:
      - nosniff
      x-ms-gatewayversion:
      - version=2.11.0
    status:
      code: 200
      message: Ok
- request:
    body: null
    headers:
      Accept:
      - application/json
      Accept-Encoding:
      - gzip, deflate
      CommandName:
      - cosmosdb create
      Connection:
      - keep-alive
      ParameterSetName:
      - --kind -n -g
      User-Agent:
      - python/3.8.6 (Windows-10-10.0.19041-SP0) msrest/0.6.18 msrest_azure/0.6.3
        azure-mgmt-cosmosdb/1.0.0 Azure-SDK-For-Python AZURECLI/2.16.0
    method: GET
    uri: https://management.azure.com/subscriptions/00000000-0000-0000-0000-000000000000/providers/Microsoft.DocumentDB/locations/westus/operationsStatus/2dfb8999-ee98-4220-996e-054666a6f78e?api-version=2020-04-01
  response:
    body:
      string: '{"status":"Dequeued"}'
    headers:
      cache-control:
      - no-store, no-cache
      content-length:
      - '21'
      content-type:
      - application/json
      date:
      - Tue, 15 Dec 2020 02:54:11 GMT
      pragma:
      - no-cache
      server:
      - Microsoft-HTTPAPI/2.0
      strict-transport-security:
      - max-age=31536000; includeSubDomains
      transfer-encoding:
      - chunked
      vary:
      - Accept-Encoding
      x-content-type-options:
      - nosniff
      x-ms-gatewayversion:
      - version=2.11.0
    status:
      code: 200
      message: Ok
- request:
    body: null
    headers:
      Accept:
      - application/json
      Accept-Encoding:
      - gzip, deflate
      CommandName:
      - cosmosdb create
      Connection:
      - keep-alive
      ParameterSetName:
      - --kind -n -g
      User-Agent:
      - python/3.8.6 (Windows-10-10.0.19041-SP0) msrest/0.6.18 msrest_azure/0.6.3
        azure-mgmt-cosmosdb/1.0.0 Azure-SDK-For-Python AZURECLI/2.16.0
    method: GET
    uri: https://management.azure.com/subscriptions/00000000-0000-0000-0000-000000000000/providers/Microsoft.DocumentDB/locations/westus/operationsStatus/2dfb8999-ee98-4220-996e-054666a6f78e?api-version=2020-04-01
  response:
    body:
      string: '{"status":"Dequeued"}'
    headers:
      cache-control:
      - no-store, no-cache
      content-length:
      - '21'
      content-type:
      - application/json
      date:
      - Tue, 15 Dec 2020 02:54:41 GMT
      pragma:
      - no-cache
      server:
      - Microsoft-HTTPAPI/2.0
      strict-transport-security:
      - max-age=31536000; includeSubDomains
      transfer-encoding:
      - chunked
      vary:
      - Accept-Encoding
      x-content-type-options:
      - nosniff
      x-ms-gatewayversion:
      - version=2.11.0
    status:
      code: 200
      message: Ok
- request:
    body: null
    headers:
      Accept:
      - application/json
      Accept-Encoding:
      - gzip, deflate
      CommandName:
      - cosmosdb create
      Connection:
      - keep-alive
      ParameterSetName:
      - --kind -n -g
      User-Agent:
      - python/3.8.6 (Windows-10-10.0.19041-SP0) msrest/0.6.18 msrest_azure/0.6.3
        azure-mgmt-cosmosdb/1.0.0 Azure-SDK-For-Python AZURECLI/2.16.0
    method: GET
    uri: https://management.azure.com/subscriptions/00000000-0000-0000-0000-000000000000/providers/Microsoft.DocumentDB/locations/westus/operationsStatus/2dfb8999-ee98-4220-996e-054666a6f78e?api-version=2020-04-01
  response:
    body:
      string: '{"status":"Dequeued"}'
    headers:
      cache-control:
      - no-store, no-cache
      content-length:
      - '21'
      content-type:
      - application/json
      date:
      - Tue, 15 Dec 2020 02:55:11 GMT
      pragma:
      - no-cache
      server:
      - Microsoft-HTTPAPI/2.0
      strict-transport-security:
      - max-age=31536000; includeSubDomains
      transfer-encoding:
      - chunked
      vary:
      - Accept-Encoding
      x-content-type-options:
      - nosniff
      x-ms-gatewayversion:
      - version=2.11.0
    status:
      code: 200
      message: Ok
- request:
    body: null
    headers:
      Accept:
      - application/json
      Accept-Encoding:
      - gzip, deflate
      CommandName:
      - cosmosdb create
      Connection:
      - keep-alive
      ParameterSetName:
      - --kind -n -g
      User-Agent:
      - python/3.8.6 (Windows-10-10.0.19041-SP0) msrest/0.6.18 msrest_azure/0.6.3
        azure-mgmt-cosmosdb/1.0.0 Azure-SDK-For-Python AZURECLI/2.16.0
    method: GET
    uri: https://management.azure.com/subscriptions/00000000-0000-0000-0000-000000000000/providers/Microsoft.DocumentDB/locations/westus/operationsStatus/2dfb8999-ee98-4220-996e-054666a6f78e?api-version=2020-04-01
  response:
    body:
      string: '{"status":"Dequeued"}'
    headers:
      cache-control:
      - no-store, no-cache
      content-length:
      - '21'
      content-type:
      - application/json
      date:
      - Tue, 15 Dec 2020 02:55:41 GMT
      pragma:
      - no-cache
      server:
      - Microsoft-HTTPAPI/2.0
      strict-transport-security:
      - max-age=31536000; includeSubDomains
      transfer-encoding:
      - chunked
      vary:
      - Accept-Encoding
      x-content-type-options:
      - nosniff
      x-ms-gatewayversion:
      - version=2.11.0
    status:
      code: 200
      message: Ok
- request:
    body: null
    headers:
      Accept:
      - application/json
      Accept-Encoding:
      - gzip, deflate
      CommandName:
      - cosmosdb create
      Connection:
      - keep-alive
      ParameterSetName:
      - --kind -n -g
      User-Agent:
      - python/3.8.6 (Windows-10-10.0.19041-SP0) msrest/0.6.18 msrest_azure/0.6.3
        azure-mgmt-cosmosdb/1.0.0 Azure-SDK-For-Python AZURECLI/2.16.0
    method: GET
    uri: https://management.azure.com/subscriptions/00000000-0000-0000-0000-000000000000/providers/Microsoft.DocumentDB/locations/westus/operationsStatus/2dfb8999-ee98-4220-996e-054666a6f78e?api-version=2020-04-01
  response:
    body:
      string: '{"status":"Dequeued"}'
    headers:
      cache-control:
      - no-store, no-cache
      content-length:
      - '21'
      content-type:
      - application/json
      date:
      - Tue, 15 Dec 2020 02:56:12 GMT
      pragma:
      - no-cache
      server:
      - Microsoft-HTTPAPI/2.0
      strict-transport-security:
      - max-age=31536000; includeSubDomains
      transfer-encoding:
      - chunked
      vary:
      - Accept-Encoding
      x-content-type-options:
      - nosniff
      x-ms-gatewayversion:
      - version=2.11.0
    status:
      code: 200
      message: Ok
- request:
    body: null
    headers:
      Accept:
      - application/json
      Accept-Encoding:
      - gzip, deflate
      CommandName:
      - cosmosdb create
      Connection:
      - keep-alive
      ParameterSetName:
      - --kind -n -g
      User-Agent:
      - python/3.8.6 (Windows-10-10.0.19041-SP0) msrest/0.6.18 msrest_azure/0.6.3
        azure-mgmt-cosmosdb/1.0.0 Azure-SDK-For-Python AZURECLI/2.16.0
    method: GET
    uri: https://management.azure.com/subscriptions/00000000-0000-0000-0000-000000000000/providers/Microsoft.DocumentDB/locations/westus/operationsStatus/2dfb8999-ee98-4220-996e-054666a6f78e?api-version=2020-04-01
  response:
    body:
      string: '{"status":"Dequeued"}'
    headers:
      cache-control:
      - no-store, no-cache
      content-length:
      - '21'
      content-type:
      - application/json
      date:
      - Tue, 15 Dec 2020 02:56:41 GMT
      pragma:
      - no-cache
      server:
      - Microsoft-HTTPAPI/2.0
      strict-transport-security:
      - max-age=31536000; includeSubDomains
      transfer-encoding:
      - chunked
      vary:
      - Accept-Encoding
      x-content-type-options:
      - nosniff
      x-ms-gatewayversion:
      - version=2.11.0
    status:
      code: 200
      message: Ok
- request:
    body: null
    headers:
      Accept:
      - application/json
      Accept-Encoding:
      - gzip, deflate
      CommandName:
      - cosmosdb create
      Connection:
      - keep-alive
      ParameterSetName:
      - --kind -n -g
      User-Agent:
      - python/3.8.6 (Windows-10-10.0.19041-SP0) msrest/0.6.18 msrest_azure/0.6.3
        azure-mgmt-cosmosdb/1.0.0 Azure-SDK-For-Python AZURECLI/2.16.0
    method: GET
    uri: https://management.azure.com/subscriptions/00000000-0000-0000-0000-000000000000/providers/Microsoft.DocumentDB/locations/westus/operationsStatus/2dfb8999-ee98-4220-996e-054666a6f78e?api-version=2020-04-01
  response:
    body:
      string: '{"status":"Succeeded"}'
    headers:
      cache-control:
      - no-store, no-cache
      content-length:
      - '22'
      content-type:
      - application/json
      date:
      - Tue, 15 Dec 2020 02:57:12 GMT
      pragma:
      - no-cache
      server:
      - Microsoft-HTTPAPI/2.0
      strict-transport-security:
      - max-age=31536000; includeSubDomains
      transfer-encoding:
      - chunked
      vary:
      - Accept-Encoding
      x-content-type-options:
      - nosniff
      x-ms-gatewayversion:
      - version=2.11.0
    status:
      code: 200
      message: Ok
- request:
    body: null
    headers:
      Accept:
      - application/json
      Accept-Encoding:
      - gzip, deflate
      CommandName:
      - cosmosdb create
      Connection:
      - keep-alive
      ParameterSetName:
      - --kind -n -g
      User-Agent:
      - python/3.8.6 (Windows-10-10.0.19041-SP0) msrest/0.6.18 msrest_azure/0.6.3
        azure-mgmt-cosmosdb/1.0.0 Azure-SDK-For-Python AZURECLI/2.16.0
    method: GET
    uri: https://management.azure.com/subscriptions/00000000-0000-0000-0000-000000000000/resourceGroups/cli_test_lock_with_resource_id000001/providers/Microsoft.DocumentDB/databaseAccounts/cli-cosmos000002?api-version=2020-04-01
  response:
    body:
      string: '{"id":"/subscriptions/00000000-0000-0000-0000-000000000000/resourceGroups/cli_test_lock_with_resource_id000001/providers/Microsoft.DocumentDB/databaseAccounts/cli-cosmos000002","name":"cli-cosmos000002","location":"West
        US","type":"Microsoft.DocumentDB/databaseAccounts","kind":"MongoDB","tags":{},"systemData":{"createdAt":"2020-12-15T02:56:24.5859121Z"},"properties":{"provisioningState":"Succeeded","documentEndpoint":"https://cli-cosmos000002.documents.azure.com:443/","publicNetworkAccess":"Enabled","enableAutomaticFailover":false,"enableMultipleWriteLocations":false,"enablePartitionKeyMonitor":false,"isVirtualNetworkFilterEnabled":false,"virtualNetworkRules":[],"EnabledApiTypes":"MongoDB","disableKeyBasedMetadataWriteAccess":false,"enableFreeTier":false,"enableAnalyticalStorage":false,"instanceId":"3f1ba9d0-9ebd-4557-a99a-aca6c714e331","createMode":"Default","databaseAccountOfferType":"Standard","consistencyPolicy":{"defaultConsistencyLevel":"Session","maxIntervalInSeconds":5,"maxStalenessPrefix":100},"apiProperties":{"serverVersion":"3.2"},"configurationOverrides":{"EnableBsonSchema":"True"},"writeLocations":[{"id":"cli-cosmos000002-westus","locationName":"West
        US","documentEndpoint":"https://cli-cosmos000002-westus.documents.azure.com:443/","provisioningState":"Succeeded","failoverPriority":0,"isZoneRedundant":false}],"readLocations":[{"id":"cli-cosmos000002-westus","locationName":"West
        US","documentEndpoint":"https://cli-cosmos000002-westus.documents.azure.com:443/","provisioningState":"Succeeded","failoverPriority":0,"isZoneRedundant":false}],"locations":[{"id":"cli-cosmos000002-westus","locationName":"West
        US","documentEndpoint":"https://cli-cosmos000002-westus.documents.azure.com:443/","provisioningState":"Succeeded","failoverPriority":0,"isZoneRedundant":false}],"failoverPolicies":[{"id":"cli-cosmos000002-westus","locationName":"West
        US","failoverPriority":0}],"cors":[],"capabilities":[],"ipRules":[],"backupPolicy":{"type":"Periodic","periodicModeProperties":{"backupIntervalInMinutes":240,"backupRetentionIntervalInHours":8}}}}'
    headers:
      cache-control:
      - no-store, no-cache
      content-length:
      - '2249'
      content-type:
      - application/json
      date:
      - Tue, 15 Dec 2020 02:57:12 GMT
      pragma:
      - no-cache
      server:
      - Microsoft-HTTPAPI/2.0
      strict-transport-security:
      - max-age=31536000; includeSubDomains
      transfer-encoding:
      - chunked
      vary:
      - Accept-Encoding
      x-content-type-options:
      - nosniff
      x-ms-gatewayversion:
      - version=2.11.0
    status:
      code: 200
      message: Ok
- request:
    body: null
    headers:
      Accept:
      - application/json
      Accept-Encoding:
      - gzip, deflate
      CommandName:
      - cosmosdb create
      Connection:
      - keep-alive
      ParameterSetName:
      - --kind -n -g
      User-Agent:
      - python/3.8.6 (Windows-10-10.0.19041-SP0) msrest/0.6.18 msrest_azure/0.6.3
        azure-mgmt-cosmosdb/1.0.0 Azure-SDK-For-Python AZURECLI/2.16.0
      accept-language:
      - en-US
    method: GET
    uri: https://management.azure.com/subscriptions/00000000-0000-0000-0000-000000000000/resourceGroups/cli_test_lock_with_resource_id000001/providers/Microsoft.DocumentDB/databaseAccounts/cli-cosmos000002?api-version=2020-04-01
  response:
    body:
      string: '{"id":"/subscriptions/00000000-0000-0000-0000-000000000000/resourceGroups/cli_test_lock_with_resource_id000001/providers/Microsoft.DocumentDB/databaseAccounts/cli-cosmos000002","name":"cli-cosmos000002","location":"West
        US","type":"Microsoft.DocumentDB/databaseAccounts","kind":"MongoDB","tags":{},"systemData":{"createdAt":"2020-12-15T02:56:24.5859121Z"},"properties":{"provisioningState":"Succeeded","documentEndpoint":"https://cli-cosmos000002.documents.azure.com:443/","publicNetworkAccess":"Enabled","enableAutomaticFailover":false,"enableMultipleWriteLocations":false,"enablePartitionKeyMonitor":false,"isVirtualNetworkFilterEnabled":false,"virtualNetworkRules":[],"EnabledApiTypes":"MongoDB","disableKeyBasedMetadataWriteAccess":false,"enableFreeTier":false,"enableAnalyticalStorage":false,"instanceId":"3f1ba9d0-9ebd-4557-a99a-aca6c714e331","createMode":"Default","databaseAccountOfferType":"Standard","consistencyPolicy":{"defaultConsistencyLevel":"Session","maxIntervalInSeconds":5,"maxStalenessPrefix":100},"apiProperties":{"serverVersion":"3.2"},"configurationOverrides":{"EnableBsonSchema":"True"},"writeLocations":[{"id":"cli-cosmos000002-westus","locationName":"West
        US","documentEndpoint":"https://cli-cosmos000002-westus.documents.azure.com:443/","provisioningState":"Succeeded","failoverPriority":0,"isZoneRedundant":false}],"readLocations":[{"id":"cli-cosmos000002-westus","locationName":"West
        US","documentEndpoint":"https://cli-cosmos000002-westus.documents.azure.com:443/","provisioningState":"Succeeded","failoverPriority":0,"isZoneRedundant":false}],"locations":[{"id":"cli-cosmos000002-westus","locationName":"West
        US","documentEndpoint":"https://cli-cosmos000002-westus.documents.azure.com:443/","provisioningState":"Succeeded","failoverPriority":0,"isZoneRedundant":false}],"failoverPolicies":[{"id":"cli-cosmos000002-westus","locationName":"West
        US","failoverPriority":0}],"cors":[],"capabilities":[],"ipRules":[],"backupPolicy":{"type":"Periodic","periodicModeProperties":{"backupIntervalInMinutes":240,"backupRetentionIntervalInHours":8}}}}'
    headers:
      cache-control:
      - no-store, no-cache
      content-length:
      - '2249'
      content-type:
      - application/json
      date:
      - Tue, 15 Dec 2020 02:57:12 GMT
      pragma:
      - no-cache
      server:
      - Microsoft-HTTPAPI/2.0
      strict-transport-security:
      - max-age=31536000; includeSubDomains
      transfer-encoding:
      - chunked
      vary:
      - Accept-Encoding
      x-content-type-options:
      - nosniff
      x-ms-gatewayversion:
      - version=2.11.0
    status:
      code: 200
      message: Ok
- request:
    body: '{"properties": {"resource": {"id": "cli-db000003"}, "options": {}}}'
    headers:
      Accept:
      - application/json
      Accept-Encoding:
      - gzip, deflate
      CommandName:
      - cosmosdb mongodb database create
      Connection:
      - keep-alive
      Content-Length:
      - '85'
      Content-Type:
      - application/json; charset=utf-8
      ParameterSetName:
      - -n --account-name -g
      User-Agent:
      - python/3.8.6 (Windows-10-10.0.19041-SP0) msrest/0.6.18 msrest_azure/0.6.3
        azure-mgmt-cosmosdb/1.0.0 Azure-SDK-For-Python AZURECLI/2.16.0
      accept-language:
      - en-US
    method: PUT
    uri: https://management.azure.com/subscriptions/00000000-0000-0000-0000-000000000000/resourceGroups/cli_test_lock_with_resource_id000001/providers/Microsoft.DocumentDB/databaseAccounts/cli-cosmos000002/mongodbDatabases/cli-db000003?api-version=2020-04-01
  response:
    body:
      string: '{"status":"Enqueued"}'
    headers:
      azure-asyncoperation:
      - https://management.azure.com/subscriptions/00000000-0000-0000-0000-000000000000/providers/Microsoft.DocumentDB/locations/westus/operationsStatus/04f47f68-9c8e-42a6-98d6-00cf15861d6e?api-version=2020-04-01
      cache-control:
      - no-store, no-cache
      content-length:
      - '21'
      content-type:
      - application/json
      date:
      - Tue, 15 Dec 2020 02:57:14 GMT
      location:
      - https://management.azure.com/subscriptions/00000000-0000-0000-0000-000000000000/resourceGroups/cli_test_lock_with_resource_id000001/providers/Microsoft.DocumentDB/databaseAccounts/cli-cosmos000002/mongodbDatabases/cli-db000003/operationResults/04f47f68-9c8e-42a6-98d6-00cf15861d6e?api-version=2020-04-01
      pragma:
      - no-cache
      server:
      - Microsoft-HTTPAPI/2.0
      strict-transport-security:
      - max-age=31536000; includeSubDomains
      x-content-type-options:
      - nosniff
      x-ms-gatewayversion:
      - version=2.11.0
      x-ms-ratelimit-remaining-subscription-writes:
      - '1198'
    status:
      code: 202
      message: Accepted
version: 1
