interactions:
- request:
    body: null
    headers:
      Accept:
      - application/json
      Accept-Encoding:
      - gzip, deflate
      CommandName:
      - stack sub create
      Connection:
      - keep-alive
      ParameterSetName:
      - --name --location --template-file --deny-settings-mode --deployment-resource-group
        --action-on-unmanage --yes
      User-Agent:
      - AZURECLI/2.60.0 azsdk-python-core/1.28.0 Python/3.11.9 (Windows-10-10.0.22631-SP0)
    method: GET
    uri: https://management.azure.com/subscriptions/00000000-0000-0000-0000-000000000000/providers/Microsoft.Resources/deploymentStacks/cli-test-create-deployment-stack-subscription000002?api-version=2024-03-01
  response:
    body:
      string: '{"error":{"code":"ResourceNotFound","message":"The resource ''cli-test-create-deployment-stack-subscription000002''
        was not found. For more details please go to https://aka.ms/ARMResourceNotFoundFix"}}'
    headers:
      cache-control:
      - no-cache
      content-length:
      - '199'
      content-type:
      - application/json; charset=utf-8
      date:
      - Mon, 06 May 2024 15:02:36 GMT
      expires:
      - '-1'
      pragma:
      - no-cache
      strict-transport-security:
      - max-age=31536000; includeSubDomains
      x-cache:
      - CONFIG_NOCACHE
      x-content-type-options:
      - nosniff
      x-ms-failure-cause:
      - gateway
      x-msedge-ref:
      - 'Ref A: BF905C43E696427CB61CDEB7E9E9919D Ref B: BN1AA2051012011 Ref C: 2024-05-06T15:02:36Z'
    status:
      code: 404
      message: Not Found
- request:
    body: null
    headers:
      Accept:
      - '*/*'
      Accept-Encoding:
      - gzip, deflate
      Connection:
      - keep-alive
      User-Agent:
      - python-requests/2.31.0
    method: GET
    uri: https://aka.ms/BicepLatestRelease
  response:
    body:
      string: ''
    headers:
      cache-control:
      - max-age=0, no-cache, no-store
      connection:
      - keep-alive
      content-length:
      - '0'
      date:
      - Mon, 06 May 2024 15:02:37 GMT
      expires:
      - Mon, 06 May 2024 15:02:37 GMT
      location:
      - https://downloads.bicep.azure.com/releases/latest
      pragma:
      - no-cache
      request-context:
      - appId=cid-v1:7d63747b-487e-492a-872d-762362f77974
      server:
      - Kestrel
      strict-transport-security:
      - max-age=31536000 ; includeSubDomains
      x-response-cache-status:
      - 'True'
    status:
      code: 301
      message: Moved Permanently
- request:
    body: null
    headers:
      Accept:
      - '*/*'
      Accept-Encoding:
      - gzip, deflate
      Connection:
      - keep-alive
      User-Agent:
      - python-requests/2.31.0
    method: GET
    uri: https://downloads.bicep.azure.com/releases/latest
  response:
    body:
      string: '{"url":"https://api.github.com/repos/Azure/bicep/releases/150828067","assets_url":"https://api.github.com/repos/Azure/bicep/releases/150828067/assets","upload_url":"https://uploads.github.com/repos/Azure/bicep/releases/150828067/assets{?name,label}","html_url":"https://github.com/Azure/bicep/releases/tag/v0.26.170","id":150828067,"author":{"login":"jeskew","id":705500,"node_id":"MDQ6VXNlcjcwNTUwMA==","avatar_url":"https://avatars.githubusercontent.com/u/705500?v=4","gravatar_id":"","url":"https://api.github.com/users/jeskew","html_url":"https://github.com/jeskew","followers_url":"https://api.github.com/users/jeskew/followers","following_url":"https://api.github.com/users/jeskew/following{/other_user}","gists_url":"https://api.github.com/users/jeskew/gists{/gist_id}","starred_url":"https://api.github.com/users/jeskew/starred{/owner}{/repo}","subscriptions_url":"https://api.github.com/users/jeskew/subscriptions","organizations_url":"https://api.github.com/users/jeskew/orgs","repos_url":"https://api.github.com/users/jeskew/repos","events_url":"https://api.github.com/users/jeskew/events{/privacy}","received_events_url":"https://api.github.com/users/jeskew/received_events","type":"User","site_admin":false},"node_id":"RE_kwDOD7S9ks4I_XQj","tag_name":"v0.26.170","target_commitish":"main","name":"v0.26.170","draft":false,"prerelease":false,"created_at":"2024-04-03T21:52:41Z","published_at":"2024-04-12T00:29:12Z","assets":[{"url":"https://api.github.com/repos/Azure/bicep/releases/assets/161615057","id":161615057,"node_id":"RA_kwDOD7S9ks4JogzR","name":"Azure.Bicep.CommandLine.linux-arm64.0.26.170.nupkg","label":"","uploader":{"login":"jeskew","id":705500,"node_id":"MDQ6VXNlcjcwNTUwMA==","avatar_url":"https://avatars.githubusercontent.com/u/705500?v=4","gravatar_id":"","url":"https://api.github.com/users/jeskew","html_url":"https://github.com/jeskew","followers_url":"https://api.github.com/users/jeskew/followers","following_url":"https://api.github.com/users/jeskew/following{/other_user}","gists_url":"https://api.github.com/users/jeskew/gists{/gist_id}","starred_url":"https://api.github.com/users/jeskew/starred{/owner}{/repo}","subscriptions_url":"https://api.github.com/users/jeskew/subscriptions","organizations_url":"https://api.github.com/users/jeskew/orgs","repos_url":"https://api.github.com/users/jeskew/repos","events_url":"https://api.github.com/users/jeskew/events{/privacy}","received_events_url":"https://api.github.com/users/jeskew/received_events","type":"User","site_admin":false},"content_type":"application/octet-stream","state":"uploaded","size":37292424,"download_count":20,"created_at":"2024-04-11T21:06:21Z","updated_at":"2024-04-11T21:06:23Z","browser_download_url":"https://github.com/Azure/bicep/releases/download/v0.26.170/Azure.Bicep.CommandLine.linux-arm64.0.26.170.nupkg"},{"url":"https://api.github.com/repos/Azure/bicep/releases/assets/161615024","id":161615024,"node_id":"RA_kwDOD7S9ks4Jogyw","name":"Azure.Bicep.CommandLine.linux-x64.0.26.170.nupkg","label":"","uploader":{"login":"jeskew","id":705500,"node_id":"MDQ6VXNlcjcwNTUwMA==","avatar_url":"https://avatars.githubusercontent.com/u/705500?v=4","gravatar_id":"","url":"https://api.github.com/users/jeskew","html_url":"https://github.com/jeskew","followers_url":"https://api.github.com/users/jeskew/followers","following_url":"https://api.github.com/users/jeskew/following{/other_user}","gists_url":"https://api.github.com/users/jeskew/gists{/gist_id}","starred_url":"https://api.github.com/users/jeskew/starred{/owner}{/repo}","subscriptions_url":"https://api.github.com/users/jeskew/subscriptions","organizations_url":"https://api.github.com/users/jeskew/orgs","repos_url":"https://api.github.com/users/jeskew/repos","events_url":"https://api.github.com/users/jeskew/events{/privacy}","received_events_url":"https://api.github.com/users/jeskew/received_events","type":"User","site_admin":false},"content_type":"application/octet-stream","state":"uploaded","size":37553350,"download_count":5,"created_at":"2024-04-11T21:06:09Z","updated_at":"2024-04-11T21:06:11Z","browser_download_url":"https://github.com/Azure/bicep/releases/download/v0.26.170/Azure.Bicep.CommandLine.linux-x64.0.26.170.nupkg"},{"url":"https://api.github.com/repos/Azure/bicep/releases/assets/161615108","id":161615108,"node_id":"RA_kwDOD7S9ks4Jog0E","name":"Azure.Bicep.CommandLine.osx-arm64.0.26.170.nupkg","label":"","uploader":{"login":"jeskew","id":705500,"node_id":"MDQ6VXNlcjcwNTUwMA==","avatar_url":"https://avatars.githubusercontent.com/u/705500?v=4","gravatar_id":"","url":"https://api.github.com/users/jeskew","html_url":"https://github.com/jeskew","followers_url":"https://api.github.com/users/jeskew/followers","following_url":"https://api.github.com/users/jeskew/following{/other_user}","gists_url":"https://api.github.com/users/jeskew/gists{/gist_id}","starred_url":"https://api.github.com/users/jeskew/starred{/owner}{/repo}","subscriptions_url":"https://api.github.com/users/jeskew/subscriptions","organizations_url":"https://api.github.com/users/jeskew/orgs","repos_url":"https://api.github.com/users/jeskew/repos","events_url":"https://api.github.com/users/jeskew/events{/privacy}","received_events_url":"https://api.github.com/users/jeskew/received_events","type":"User","site_admin":false},"content_type":"application/octet-stream","state":"uploaded","size":37652284,"download_count":9,"created_at":"2024-04-11T21:06:42Z","updated_at":"2024-04-11T21:06:44Z","browser_download_url":"https://github.com/Azure/bicep/releases/download/v0.26.170/Azure.Bicep.CommandLine.osx-arm64.0.26.170.nupkg"},{"url":"https://api.github.com/repos/Azure/bicep/releases/assets/161615080","id":161615080,"node_id":"RA_kwDOD7S9ks4Jogzo","name":"Azure.Bicep.CommandLine.osx-x64.0.26.170.nupkg","label":"","uploader":{"login":"jeskew","id":705500,"node_id":"MDQ6VXNlcjcwNTUwMA==","avatar_url":"https://avatars.githubusercontent.com/u/705500?v=4","gravatar_id":"","url":"https://api.github.com/users/jeskew","html_url":"https://github.com/jeskew","followers_url":"https://api.github.com/users/jeskew/followers","following_url":"https://api.github.com/users/jeskew/following{/other_user}","gists_url":"https://api.github.com/users/jeskew/gists{/gist_id}","starred_url":"https://api.github.com/users/jeskew/starred{/owner}{/repo}","subscriptions_url":"https://api.github.com/users/jeskew/subscriptions","organizations_url":"https://api.github.com/users/jeskew/orgs","repos_url":"https://api.github.com/users/jeskew/repos","events_url":"https://api.github.com/users/jeskew/events{/privacy}","received_events_url":"https://api.github.com/users/jeskew/received_events","type":"User","site_admin":false},"content_type":"application/octet-stream","state":"uploaded","size":38143950,"download_count":6,"created_at":"2024-04-11T21:06:32Z","updated_at":"2024-04-11T21:06:34Z","browser_download_url":"https://github.com/Azure/bicep/releases/download/v0.26.170/Azure.Bicep.CommandLine.osx-x64.0.26.170.nupkg"},{"url":"https://api.github.com/repos/Azure/bicep/releases/assets/161614958","id":161614958,"node_id":"RA_kwDOD7S9ks4Jogxu","name":"Azure.Bicep.CommandLine.win-arm64.0.26.170.nupkg","label":"","uploader":{"login":"jeskew","id":705500,"node_id":"MDQ6VXNlcjcwNTUwMA==","avatar_url":"https://avatars.githubusercontent.com/u/705500?v=4","gravatar_id":"","url":"https://api.github.com/users/jeskew","html_url":"https://github.com/jeskew","followers_url":"https://api.github.com/users/jeskew/followers","following_url":"https://api.github.com/users/jeskew/following{/other_user}","gists_url":"https://api.github.com/users/jeskew/gists{/gist_id}","starred_url":"https://api.github.com/users/jeskew/starred{/owner}{/repo}","subscriptions_url":"https://api.github.com/users/jeskew/subscriptions","organizations_url":"https://api.github.com/users/jeskew/orgs","repos_url":"https://api.github.com/users/jeskew/repos","events_url":"https://api.github.com/users/jeskew/events{/privacy}","received_events_url":"https://api.github.com/users/jeskew/received_events","type":"User","site_admin":false},"content_type":"application/octet-stream","state":"uploaded","size":39370060,"download_count":11,"created_at":"2024-04-11T21:05:58Z","updated_at":"2024-04-11T21:06:00Z","browser_download_url":"https://github.com/Azure/bicep/releases/download/v0.26.170/Azure.Bicep.CommandLine.win-arm64.0.26.170.nupkg"},{"url":"https://api.github.com/repos/Azure/bicep/releases/assets/161614945","id":161614945,"node_id":"RA_kwDOD7S9ks4Jogxh","name":"Azure.Bicep.CommandLine.win-x64.0.26.170.nupkg","label":"","uploader":{"login":"jeskew","id":705500,"node_id":"MDQ6VXNlcjcwNTUwMA==","avatar_url":"https://avatars.githubusercontent.com/u/705500?v=4","gravatar_id":"","url":"https://api.github.com/users/jeskew","html_url":"https://github.com/jeskew","followers_url":"https://api.github.com/users/jeskew/followers","following_url":"https://api.github.com/users/jeskew/following{/other_user}","gists_url":"https://api.github.com/users/jeskew/gists{/gist_id}","starred_url":"https://api.github.com/users/jeskew/starred{/owner}{/repo}","subscriptions_url":"https://api.github.com/users/jeskew/subscriptions","organizations_url":"https://api.github.com/users/jeskew/orgs","repos_url":"https://api.github.com/users/jeskew/repos","events_url":"https://api.github.com/users/jeskew/events{/privacy}","received_events_url":"https://api.github.com/users/jeskew/received_events","type":"User","site_admin":false},"content_type":"application/octet-stream","state":"uploaded","size":38982322,"download_count":32,"created_at":"2024-04-11T21:05:48Z","updated_at":"2024-04-11T21:05:49Z","browser_download_url":"https://github.com/Azure/bicep/releases/download/v0.26.170/Azure.Bicep.CommandLine.win-x64.0.26.170.nupkg"},{"url":"https://api.github.com/repos/Azure/bicep/releases/assets/161614689","id":161614689,"node_id":"RA_kwDOD7S9ks4Jogth","name":"Azure.Bicep.Core.0.26.170.nupkg","label":"","uploader":{"login":"jeskew","id":705500,"node_id":"MDQ6VXNlcjcwNTUwMA==","avatar_url":"https://avatars.githubusercontent.com/u/705500?v=4","gravatar_id":"","url":"https://api.github.com/users/jeskew","html_url":"https://github.com/jeskew","followers_url":"https://api.github.com/users/jeskew/followers","following_url":"https://api.github.com/users/jeskew/following{/other_user}","gists_url":"https://api.github.com/users/jeskew/gists{/gist_id}","starred_url":"https://api.github.com/users/jeskew/starred{/owner}{/repo}","subscriptions_url":"https://api.github.com/users/jeskew/subscriptions","organizations_url":"https://api.github.com/users/jeskew/orgs","repos_url":"https://api.github.com/users/jeskew/repos","events_url":"https://api.github.com/users/jeskew/events{/privacy}","received_events_url":"https://api.github.com/users/jeskew/received_events","type":"User","site_admin":false},"content_type":"application/octet-stream","state":"uploaded","size":812589,"download_count":7,"created_at":"2024-04-11T21:04:40Z","updated_at":"2024-04-11T21:04:40Z","browser_download_url":"https://github.com/Azure/bicep/releases/download/v0.26.170/Azure.Bicep.Core.0.26.170.nupkg"},{"url":"https://api.github.com/repos/Azure/bicep/releases/assets/161614693","id":161614693,"node_id":"RA_kwDOD7S9ks4Jogtl","name":"Azure.Bicep.Core.0.26.170.snupkg","label":"","uploader":{"login":"jeskew","id":705500,"node_id":"MDQ6VXNlcjcwNTUwMA==","avatar_url":"https://avatars.githubusercontent.com/u/705500?v=4","gravatar_id":"","url":"https://api.github.com/users/jeskew","html_url":"https://github.com/jeskew","followers_url":"https://api.github.com/users/jeskew/followers","following_url":"https://api.github.com/users/jeskew/following{/other_user}","gists_url":"https://api.github.com/users/jeskew/gists{/gist_id}","starred_url":"https://api.github.com/users/jeskew/starred{/owner}{/repo}","subscriptions_url":"https://api.github.com/users/jeskew/subscriptions","organizations_url":"https://api.github.com/users/jeskew/orgs","repos_url":"https://api.github.com/users/jeskew/repos","events_url":"https://api.github.com/users/jeskew/events{/privacy}","received_events_url":"https://api.github.com/users/jeskew/received_events","type":"User","site_admin":false},"content_type":"application/octet-stream","state":"uploaded","size":296094,"download_count":7,"created_at":"2024-04-11T21:04:42Z","updated_at":"2024-04-11T21:04:42Z","browser_download_url":"https://github.com/Azure/bicep/releases/download/v0.26.170/Azure.Bicep.Core.0.26.170.snupkg"},{"url":"https://api.github.com/repos/Azure/bicep/releases/assets/161614697","id":161614697,"node_id":"RA_kwDOD7S9ks4Jogtp","name":"Azure.Bicep.Decompiler.0.26.170.nupkg","label":"","uploader":{"login":"jeskew","id":705500,"node_id":"MDQ6VXNlcjcwNTUwMA==","avatar_url":"https://avatars.githubusercontent.com/u/705500?v=4","gravatar_id":"","url":"https://api.github.com/users/jeskew","html_url":"https://github.com/jeskew","followers_url":"https://api.github.com/users/jeskew/followers","following_url":"https://api.github.com/users/jeskew/following{/other_user}","gists_url":"https://api.github.com/users/jeskew/gists{/gist_id}","starred_url":"https://api.github.com/users/jeskew/starred{/owner}{/repo}","subscriptions_url":"https://api.github.com/users/jeskew/subscriptions","organizations_url":"https://api.github.com/users/jeskew/orgs","repos_url":"https://api.github.com/users/jeskew/repos","events_url":"https://api.github.com/users/jeskew/events{/privacy}","received_events_url":"https://api.github.com/users/jeskew/received_events","type":"User","site_admin":false},"content_type":"application/octet-stream","state":"uploaded","size":97383,"download_count":5,"created_at":"2024-04-11T21:04:44Z","updated_at":"2024-04-11T21:04:44Z","browser_download_url":"https://github.com/Azure/bicep/releases/download/v0.26.170/Azure.Bicep.Decompiler.0.26.170.nupkg"},{"url":"https://api.github.com/repos/Azure/bicep/releases/assets/161614701","id":161614701,"node_id":"RA_kwDOD7S9ks4Jogtt","name":"Azure.Bicep.Decompiler.0.26.170.snupkg","label":"","uploader":{"login":"jeskew","id":705500,"node_id":"MDQ6VXNlcjcwNTUwMA==","avatar_url":"https://avatars.githubusercontent.com/u/705500?v=4","gravatar_id":"","url":"https://api.github.com/users/jeskew","html_url":"https://github.com/jeskew","followers_url":"https://api.github.com/users/jeskew/followers","following_url":"https://api.github.com/users/jeskew/following{/other_user}","gists_url":"https://api.github.com/users/jeskew/gists{/gist_id}","starred_url":"https://api.github.com/users/jeskew/starred{/owner}{/repo}","subscriptions_url":"https://api.github.com/users/jeskew/subscriptions","organizations_url":"https://api.github.com/users/jeskew/orgs","repos_url":"https://api.github.com/users/jeskew/repos","events_url":"https://api.github.com/users/jeskew/events{/privacy}","received_events_url":"https://api.github.com/users/jeskew/received_events","type":"User","site_admin":false},"content_type":"application/octet-stream","state":"uploaded","size":24288,"download_count":7,"created_at":"2024-04-11T21:04:46Z","updated_at":"2024-04-11T21:04:46Z","browser_download_url":"https://github.com/Azure/bicep/releases/download/v0.26.170/Azure.Bicep.Decompiler.0.26.170.snupkg"},{"url":"https://api.github.com/repos/Azure/bicep/releases/assets/161614703","id":161614703,"node_id":"RA_kwDOD7S9ks4Jogtv","name":"Azure.Bicep.MSBuild.0.26.170.nupkg","label":"","uploader":{"login":"jeskew","id":705500,"node_id":"MDQ6VXNlcjcwNTUwMA==","avatar_url":"https://avatars.githubusercontent.com/u/705500?v=4","gravatar_id":"","url":"https://api.github.com/users/jeskew","html_url":"https://github.com/jeskew","followers_url":"https://api.github.com/users/jeskew/followers","following_url":"https://api.github.com/users/jeskew/following{/other_user}","gists_url":"https://api.github.com/users/jeskew/gists{/gist_id}","starred_url":"https://api.github.com/users/jeskew/starred{/owner}{/repo}","subscriptions_url":"https://api.github.com/users/jeskew/subscriptions","organizations_url":"https://api.github.com/users/jeskew/orgs","repos_url":"https://api.github.com/users/jeskew/repos","events_url":"https://api.github.com/users/jeskew/events{/privacy}","received_events_url":"https://api.github.com/users/jeskew/received_events","type":"User","site_admin":false},"content_type":"application/octet-stream","state":"uploaded","size":48894,"download_count":5,"created_at":"2024-04-11T21:04:47Z","updated_at":"2024-04-11T21:04:48Z","browser_download_url":"https://github.com/Azure/bicep/releases/download/v0.26.170/Azure.Bicep.MSBuild.0.26.170.nupkg"},{"url":"https://api.github.com/repos/Azure/bicep/releases/assets/161614712","id":161614712,"node_id":"RA_kwDOD7S9ks4Jogt4","name":"Azure.Bicep.MSBuild.0.26.170.snupkg","label":"","uploader":{"login":"jeskew","id":705500,"node_id":"MDQ6VXNlcjcwNTUwMA==","avatar_url":"https://avatars.githubusercontent.com/u/705500?v=4","gravatar_id":"","url":"https://api.github.com/users/jeskew","html_url":"https://github.com/jeskew","followers_url":"https://api.github.com/users/jeskew/followers","following_url":"https://api.github.com/users/jeskew/following{/other_user}","gists_url":"https://api.github.com/users/jeskew/gists{/gist_id}","starred_url":"https://api.github.com/users/jeskew/starred{/owner}{/repo}","subscriptions_url":"https://api.github.com/users/jeskew/subscriptions","organizations_url":"https://api.github.com/users/jeskew/orgs","repos_url":"https://api.github.com/users/jeskew/repos","events_url":"https://api.github.com/users/jeskew/events{/privacy}","received_events_url":"https://api.github.com/users/jeskew/received_events","type":"User","site_admin":false},"content_type":"application/octet-stream","state":"uploaded","size":7247,"download_count":7,"created_at":"2024-04-11T21:04:49Z","updated_at":"2024-04-11T21:04:50Z","browser_download_url":"https://github.com/Azure/bicep/releases/download/v0.26.170/Azure.Bicep.MSBuild.0.26.170.snupkg"},{"url":"https://api.github.com/repos/Azure/bicep/releases/assets/161614716","id":161614716,"node_id":"RA_kwDOD7S9ks4Jogt8","name":"Azure.Bicep.RegistryModuleTool.0.26.170.nupkg","label":"","uploader":{"login":"jeskew","id":705500,"node_id":"MDQ6VXNlcjcwNTUwMA==","avatar_url":"https://avatars.githubusercontent.com/u/705500?v=4","gravatar_id":"","url":"https://api.github.com/users/jeskew","html_url":"https://github.com/jeskew","followers_url":"https://api.github.com/users/jeskew/followers","following_url":"https://api.github.com/users/jeskew/following{/other_user}","gists_url":"https://api.github.com/users/jeskew/gists{/gist_id}","starred_url":"https://api.github.com/users/jeskew/starred{/owner}{/repo}","subscriptions_url":"https://api.github.com/users/jeskew/subscriptions","organizations_url":"https://api.github.com/users/jeskew/orgs","repos_url":"https://api.github.com/users/jeskew/repos","events_url":"https://api.github.com/users/jeskew/events{/privacy}","received_events_url":"https://api.github.com/users/jeskew/received_events","type":"User","site_admin":false},"content_type":"application/octet-stream","state":"uploaded","size":30515586,"download_count":6,"created_at":"2024-04-11T21:04:51Z","updated_at":"2024-04-11T21:04:52Z","browser_download_url":"https://github.com/Azure/bicep/releases/download/v0.26.170/Azure.Bicep.RegistryModuleTool.0.26.170.nupkg"},{"url":"https://api.github.com/repos/Azure/bicep/releases/assets/161614719","id":161614719,"node_id":"RA_kwDOD7S9ks4Jogt_","name":"Azure.Bicep.RegistryModuleTool.0.26.170.snupkg","label":"","uploader":{"login":"jeskew","id":705500,"node_id":"MDQ6VXNlcjcwNTUwMA==","avatar_url":"https://avatars.githubusercontent.com/u/705500?v=4","gravatar_id":"","url":"https://api.github.com/users/jeskew","html_url":"https://github.com/jeskew","followers_url":"https://api.github.com/users/jeskew/followers","following_url":"https://api.github.com/users/jeskew/following{/other_user}","gists_url":"https://api.github.com/users/jeskew/gists{/gist_id}","starred_url":"https://api.github.com/users/jeskew/starred{/owner}{/repo}","subscriptions_url":"https://api.github.com/users/jeskew/subscriptions","organizations_url":"https://api.github.com/users/jeskew/orgs","repos_url":"https://api.github.com/users/jeskew/repos","events_url":"https://api.github.com/users/jeskew/events{/privacy}","received_events_url":"https://api.github.com/users/jeskew/received_events","type":"User","site_admin":false},"content_type":"application/octet-stream","state":"uploaded","size":316870,"download_count":7,"created_at":"2024-04-11T21:04:54Z","updated_at":"2024-04-11T21:04:54Z","browser_download_url":"https://github.com/Azure/bicep/releases/download/v0.26.170/Azure.Bicep.RegistryModuleTool.0.26.170.snupkg"},{"url":"https://api.github.com/repos/Azure/bicep/releases/assets/161614744","id":161614744,"node_id":"RA_kwDOD7S9ks4JoguY","name":"bicep-langserver.zip","label":"","uploader":{"login":"jeskew","id":705500,"node_id":"MDQ6VXNlcjcwNTUwMA==","avatar_url":"https://avatars.githubusercontent.com/u/705500?v=4","gravatar_id":"","url":"https://api.github.com/users/jeskew","html_url":"https://github.com/jeskew","followers_url":"https://api.github.com/users/jeskew/followers","following_url":"https://api.github.com/users/jeskew/following{/other_user}","gists_url":"https://api.github.com/users/jeskew/gists{/gist_id}","starred_url":"https://api.github.com/users/jeskew/starred{/owner}{/repo}","subscriptions_url":"https://api.github.com/users/jeskew/subscriptions","organizations_url":"https://api.github.com/users/jeskew/orgs","repos_url":"https://api.github.com/users/jeskew/repos","events_url":"https://api.github.com/users/jeskew/events{/privacy}","received_events_url":"https://api.github.com/users/jeskew/received_events","type":"User","site_admin":false},"content_type":"application/zip","state":"uploaded","size":32394372,"download_count":42,"created_at":"2024-04-11T21:04:59Z","updated_at":"2024-04-11T21:05:01Z","browser_download_url":"https://github.com/Azure/bicep/releases/download/v0.26.170/bicep-langserver.zip"},{"url":"https://api.github.com/repos/Azure/bicep/releases/assets/161614303","id":161614303,"node_id":"RA_kwDOD7S9ks4Jognf","name":"bicep-linux-arm64","label":"","uploader":{"login":"jeskew","id":705500,"node_id":"MDQ6VXNlcjcwNTUwMA==","avatar_url":"https://avatars.githubusercontent.com/u/705500?v=4","gravatar_id":"","url":"https://api.github.com/users/jeskew","html_url":"https://github.com/jeskew","followers_url":"https://api.github.com/users/jeskew/followers","following_url":"https://api.github.com/users/jeskew/following{/other_user}","gists_url":"https://api.github.com/users/jeskew/gists{/gist_id}","starred_url":"https://api.github.com/users/jeskew/starred{/owner}{/repo}","subscriptions_url":"https://api.github.com/users/jeskew/subscriptions","organizations_url":"https://api.github.com/users/jeskew/orgs","repos_url":"https://api.github.com/users/jeskew/repos","events_url":"https://api.github.com/users/jeskew/events{/privacy}","received_events_url":"https://api.github.com/users/jeskew/received_events","type":"User","site_admin":false},"content_type":"application/octet-stream","state":"uploaded","size":72672070,"download_count":348,"created_at":"2024-04-11T21:03:17Z","updated_at":"2024-04-11T21:03:20Z","browser_download_url":"https://github.com/Azure/bicep/releases/download/v0.26.170/bicep-linux-arm64"},{"url":"https://api.github.com/repos/Azure/bicep/releases/assets/161614369","id":161614369,"node_id":"RA_kwDOD7S9ks4Jogoh","name":"bicep-linux-musl-x64","label":"","uploader":{"login":"jeskew","id":705500,"node_id":"MDQ6VXNlcjcwNTUwMA==","avatar_url":"https://avatars.githubusercontent.com/u/705500?v=4","gravatar_id":"","url":"https://api.github.com/users/jeskew","html_url":"https://github.com/jeskew","followers_url":"https://api.github.com/users/jeskew/followers","following_url":"https://api.github.com/users/jeskew/following{/other_user}","gists_url":"https://api.github.com/users/jeskew/gists{/gist_id}","starred_url":"https://api.github.com/users/jeskew/starred{/owner}{/repo}","subscriptions_url":"https://api.github.com/users/jeskew/subscriptions","organizations_url":"https://api.github.com/users/jeskew/orgs","repos_url":"https://api.github.com/users/jeskew/repos","events_url":"https://api.github.com/users/jeskew/events{/privacy}","received_events_url":"https://api.github.com/users/jeskew/received_events","type":"User","site_admin":false},"content_type":"application/octet-stream","state":"uploaded","size":72680332,"download_count":3005,"created_at":"2024-04-11T21:03:30Z","updated_at":"2024-04-11T21:03:33Z","browser_download_url":"https://github.com/Azure/bicep/releases/download/v0.26.170/bicep-linux-musl-x64"},{"url":"https://api.github.com/repos/Azure/bicep/releases/assets/161614192","id":161614192,"node_id":"RA_kwDOD7S9ks4Joglw","name":"bicep-linux-x64","label":"","uploader":{"login":"jeskew","id":705500,"node_id":"MDQ6VXNlcjcwNTUwMA==","avatar_url":"https://avatars.githubusercontent.com/u/705500?v=4","gravatar_id":"","url":"https://api.github.com/users/jeskew","html_url":"https://github.com/jeskew","followers_url":"https://api.github.com/users/jeskew/followers","following_url":"https://api.github.com/users/jeskew/following{/other_user}","gists_url":"https://api.github.com/users/jeskew/gists{/gist_id}","starred_url":"https://api.github.com/users/jeskew/starred{/owner}{/repo}","subscriptions_url":"https://api.github.com/users/jeskew/subscriptions","organizations_url":"https://api.github.com/users/jeskew/orgs","repos_url":"https://api.github.com/users/jeskew/repos","events_url":"https://api.github.com/users/jeskew/events{/privacy}","received_events_url":"https://api.github.com/users/jeskew/received_events","type":"User","site_admin":false},"content_type":"application/octet-stream","state":"uploaded","size":72652898,"download_count":59793,"created_at":"2024-04-11T21:03:04Z","updated_at":"2024-04-11T21:03:07Z","browser_download_url":"https://github.com/Azure/bicep/releases/download/v0.26.170/bicep-linux-x64"},{"url":"https://api.github.com/repos/Azure/bicep/releases/assets/161614557","id":161614557,"node_id":"RA_kwDOD7S9ks4Jogrd","name":"bicep-osx-arm64","label":"","uploader":{"login":"jeskew","id":705500,"node_id":"MDQ6VXNlcjcwNTUwMA==","avatar_url":"https://avatars.githubusercontent.com/u/705500?v=4","gravatar_id":"","url":"https://api.github.com/users/jeskew","html_url":"https://github.com/jeskew","followers_url":"https://api.github.com/users/jeskew/followers","following_url":"https://api.github.com/users/jeskew/following{/other_user}","gists_url":"https://api.github.com/users/jeskew/gists{/gist_id}","starred_url":"https://api.github.com/users/jeskew/starred{/owner}{/repo}","subscriptions_url":"https://api.github.com/users/jeskew/subscriptions","organizations_url":"https://api.github.com/users/jeskew/orgs","repos_url":"https://api.github.com/users/jeskew/repos","events_url":"https://api.github.com/users/jeskew/events{/privacy}","received_events_url":"https://api.github.com/users/jeskew/received_events","type":"User","site_admin":false},"content_type":"application/octet-stream","state":"uploaded","size":73102848,"download_count":1713,"created_at":"2024-04-11T21:04:09Z","updated_at":"2024-04-11T21:04:12Z","browser_download_url":"https://github.com/Azure/bicep/releases/download/v0.26.170/bicep-osx-arm64"},{"url":"https://api.github.com/repos/Azure/bicep/releases/assets/161614493","id":161614493,"node_id":"RA_kwDOD7S9ks4Jogqd","name":"bicep-osx-x64","label":"","uploader":{"login":"jeskew","id":705500,"node_id":"MDQ6VXNlcjcwNTUwMA==","avatar_url":"https://avatars.githubusercontent.com/u/705500?v=4","gravatar_id":"","url":"https://api.github.com/users/jeskew","html_url":"https://github.com/jeskew","followers_url":"https://api.github.com/users/jeskew/followers","following_url":"https://api.github.com/users/jeskew/following{/other_user}","gists_url":"https://api.github.com/users/jeskew/gists{/gist_id}","starred_url":"https://api.github.com/users/jeskew/starred{/owner}{/repo}","subscriptions_url":"https://api.github.com/users/jeskew/subscriptions","organizations_url":"https://api.github.com/users/jeskew/orgs","repos_url":"https://api.github.com/users/jeskew/repos","events_url":"https://api.github.com/users/jeskew/events{/privacy}","received_events_url":"https://api.github.com/users/jeskew/received_events","type":"User","site_admin":false},"content_type":"application/octet-stream","state":"uploaded","size":73440496,"download_count":4213,"created_at":"2024-04-11T21:03:55Z","updated_at":"2024-04-11T21:03:58Z","browser_download_url":"https://github.com/Azure/bicep/releases/download/v0.26.170/bicep-osx-x64"},{"url":"https://api.github.com/repos/Azure/bicep/releases/assets/161614662","id":161614662,"node_id":"RA_kwDOD7S9ks4JogtG","name":"bicep-setup-win-x64.exe","label":"","uploader":{"login":"jeskew","id":705500,"node_id":"MDQ6VXNlcjcwNTUwMA==","avatar_url":"https://avatars.githubusercontent.com/u/705500?v=4","gravatar_id":"","url":"https://api.github.com/users/jeskew","html_url":"https://github.com/jeskew","followers_url":"https://api.github.com/users/jeskew/followers","following_url":"https://api.github.com/users/jeskew/following{/other_user}","gists_url":"https://api.github.com/users/jeskew/gists{/gist_id}","starred_url":"https://api.github.com/users/jeskew/starred{/owner}{/repo}","subscriptions_url":"https://api.github.com/users/jeskew/subscriptions","organizations_url":"https://api.github.com/users/jeskew/orgs","repos_url":"https://api.github.com/users/jeskew/repos","events_url":"https://api.github.com/users/jeskew/events{/privacy}","received_events_url":"https://api.github.com/users/jeskew/received_events","type":"User","site_admin":false},"content_type":"application/x-msdownload","state":"uploaded","size":33141256,"download_count":3164,"created_at":"2024-04-11T21:04:32Z","updated_at":"2024-04-11T21:04:33Z","browser_download_url":"https://github.com/Azure/bicep/releases/download/v0.26.170/bicep-setup-win-x64.exe"},{"url":"https://api.github.com/repos/Azure/bicep/releases/assets/161614854","id":161614854,"node_id":"RA_kwDOD7S9ks4JogwG","name":"bicep-win-arm64.exe","label":"","uploader":{"login":"jeskew","id":705500,"node_id":"MDQ6VXNlcjcwNTUwMA==","avatar_url":"https://avatars.githubusercontent.com/u/705500?v=4","gravatar_id":"","url":"https://api.github.com/users/jeskew","html_url":"https://github.com/jeskew","followers_url":"https://api.github.com/users/jeskew/followers","following_url":"https://api.github.com/users/jeskew/following{/other_user}","gists_url":"https://api.github.com/users/jeskew/gists{/gist_id}","starred_url":"https://api.github.com/users/jeskew/starred{/owner}{/repo}","subscriptions_url":"https://api.github.com/users/jeskew/subscriptions","organizations_url":"https://api.github.com/users/jeskew/orgs","repos_url":"https://api.github.com/users/jeskew/repos","events_url":"https://api.github.com/users/jeskew/events{/privacy}","received_events_url":"https://api.github.com/users/jeskew/received_events","type":"User","site_admin":false},"content_type":"application/x-msdownload","state":"uploaded","size":77952168,"download_count":8,"created_at":"2024-04-11T21:05:10Z","updated_at":"2024-04-11T21:05:14Z","browser_download_url":"https://github.com/Azure/bicep/releases/download/v0.26.170/bicep-win-arm64.exe"},{"url":"https://api.github.com/repos/Azure/bicep/releases/assets/161614673","id":161614673,"node_id":"RA_kwDOD7S9ks4JogtR","name":"bicep-win-x64.exe","label":"","uploader":{"login":"jeskew","id":705500,"node_id":"MDQ6VXNlcjcwNTUwMA==","avatar_url":"https://avatars.githubusercontent.com/u/705500?v=4","gravatar_id":"","url":"https://api.github.com/users/jeskew","html_url":"https://github.com/jeskew","followers_url":"https://api.github.com/users/jeskew/followers","following_url":"https://api.github.com/users/jeskew/following{/other_user}","gists_url":"https://api.github.com/users/jeskew/gists{/gist_id}","starred_url":"https://api.github.com/users/jeskew/starred{/owner}{/repo}","subscriptions_url":"https://api.github.com/users/jeskew/subscriptions","organizations_url":"https://api.github.com/users/jeskew/orgs","repos_url":"https://api.github.com/users/jeskew/repos","events_url":"https://api.github.com/users/jeskew/events{/privacy}","received_events_url":"https://api.github.com/users/jeskew/received_events","type":"User","site_admin":false},"content_type":"application/x-msdownload","state":"uploaded","size":75301928,"download_count":18408,"created_at":"2024-04-11T21:04:35Z","updated_at":"2024-04-11T21:04:38Z","browser_download_url":"https://github.com/Azure/bicep/releases/download/v0.26.170/bicep-win-x64.exe"},{"url":"https://api.github.com/repos/Azure/bicep/releases/assets/161614904","id":161614904,"node_id":"RA_kwDOD7S9ks4Jogw4","name":"vs-bicep.vsix","label":"","uploader":{"login":"jeskew","id":705500,"node_id":"MDQ6VXNlcjcwNTUwMA==","avatar_url":"https://avatars.githubusercontent.com/u/705500?v=4","gravatar_id":"","url":"https://api.github.com/users/jeskew","html_url":"https://github.com/jeskew","followers_url":"https://api.github.com/users/jeskew/followers","following_url":"https://api.github.com/users/jeskew/following{/other_user}","gists_url":"https://api.github.com/users/jeskew/gists{/gist_id}","starred_url":"https://api.github.com/users/jeskew/starred{/owner}{/repo}","subscriptions_url":"https://api.github.com/users/jeskew/subscriptions","organizations_url":"https://api.github.com/users/jeskew/orgs","repos_url":"https://api.github.com/users/jeskew/repos","events_url":"https://api.github.com/users/jeskew/events{/privacy}","received_events_url":"https://api.github.com/users/jeskew/received_events","type":"User","site_admin":false},"content_type":"application/vsix","state":"uploaded","size":85189227,"download_count":5,"created_at":"2024-04-11T21:05:35Z","updated_at":"2024-04-11T21:05:39Z","browser_download_url":"https://github.com/Azure/bicep/releases/download/v0.26.170/vs-bicep.vsix"},{"url":"https://api.github.com/repos/Azure/bicep/releases/assets/161614880","id":161614880,"node_id":"RA_kwDOD7S9ks4Jogwg","name":"vscode-bicep.vsix","label":"","uploader":{"login":"jeskew","id":705500,"node_id":"MDQ6VXNlcjcwNTUwMA==","avatar_url":"https://avatars.githubusercontent.com/u/705500?v=4","gravatar_id":"","url":"https://api.github.com/users/jeskew","html_url":"https://github.com/jeskew","followers_url":"https://api.github.com/users/jeskew/followers","following_url":"https://api.github.com/users/jeskew/following{/other_user}","gists_url":"https://api.github.com/users/jeskew/gists{/gist_id}","starred_url":"https://api.github.com/users/jeskew/starred{/owner}{/repo}","subscriptions_url":"https://api.github.com/users/jeskew/subscriptions","organizations_url":"https://api.github.com/users/jeskew/orgs","repos_url":"https://api.github.com/users/jeskew/repos","events_url":"https://api.github.com/users/jeskew/events{/privacy}","received_events_url":"https://api.github.com/users/jeskew/received_events","type":"User","site_admin":false},"content_type":"application/vsix","state":"uploaded","size":45526540,"download_count":477,"created_at":"2024-04-11T21:05:24Z","updated_at":"2024-04-11T21:05:26Z","browser_download_url":"https://github.com/Azure/bicep/releases/download/v0.26.170/vscode-bicep.vsix"}],"tarball_url":"https://api.github.com/repos/Azure/bicep/tarball/v0.26.170","zipball_url":"https://api.github.com/repos/Azure/bicep/zipball/v0.26.170","body":"##
        Features and Bug Fixes\r\n \r\n### Bicep Team:\r\n* Support including imported
        types in user-defined tagged unions (#13728)\r\n* Preserve distinction between
        `{}` and `object` in compiled JSON (#13597)\r\n* Distinguish between type
        syntax vs expression syntax in the parser (#13671)\r\n* Fix bug with parsing
        expressions in object keys from ARM templates (#13665)\r\n* Avoid running
        no-hardcoded-env-urls linter rule in .bicepparam files (#13608)\r\n* Fix importing
        tagged unions from compiled JSON (#13733)\r\n* Fix importing tuples from JSON
        (#13736)\r\n* Clarify wording for BCP081 warning (#13739)\r\n \r\n@davidlloyduk\r\n*
        #13619 secure parameter linter fix (#13717)\r\n \r\n@itpropro\r\n* Update
        grammar (#13668)","reactions":{"url":"https://api.github.com/repos/Azure/bicep/releases/150828067/reactions","total_count":6,"+1":3,"-1":0,"laugh":0,"hooray":1,"confused":0,"heart":0,"rocket":2,"eyes":0},"mentions_count":2}'
    headers:
      accept-ranges:
      - bytes
      connection:
      - keep-alive
      content-length:
      - '36281'
      content-type:
      - application/octet-stream
      date:
      - Mon, 06 May 2024 15:02:38 GMT
      etag:
      - '0x8DC6DB3FF6C479C'
      last-modified:
      - Mon, 06 May 2024 10:05:03 GMT
      x-azure-ref:
      - 20240506T150238Z-1689d86cdc6k5qzwwrq8smxpd4000000050g00000000ng8y
      x-cache:
      - TCP_HIT
      x-fd-int-roxy-purgeid:
      - '0'
      x-ms-blob-type:
      - BlockBlob
      x-ms-lease-status:
      - unlocked
      x-ms-version:
      - '2009-09-19'
    status:
      code: 200
      message: OK
- request:
    body: '{"location": "westcentralus", "tags": {}, "properties": {"template": {"$schema":
      "https://schema.management.azure.com/schemas/2019-04-01/deploymentTemplate.json#",
      "contentVersion": "1.0.0.0", "metadata": {"_generator": {"name": "bicep", "version":
      "0.26.54.24096", "templateHash": "4676284590957754372"}}, "parameters": {"location":
      {"type": "string", "defaultValue": "centralus"}, "storageAccountName": {"type":
      "string", "defaultValue": "uniquestorage002", "minLength": 3, "maxLength": 24}},
      "resources": [{"type": "Providers.Test/statefulResources", "apiVersion": "2014-04-01",
      "name": "[parameters(''storageAccountName'')]", "location": "[parameters(''location'')]"}],
      "outputs": {"storageId": {"type": "string", "value": "[resourceId(''Providers.Test/statefulResources'',
      parameters(''storageAccountName''))]"}}}, "parameters": {}, "actionOnUnmanage":
      {"resources": "detach", "resourceGroups": "detach", "managementGroups": "detach"},
      "bypassStackOutOfSyncError": false, "deploymentScope": "/subscriptions/00000000-0000-0000-0000-000000000000/resourceGroups/cli_test_deployment_stacks000001",
      "denySettings": {"mode": "none", "applyToChildScopes": false}}}'
    headers:
      Accept:
      - application/json
      Accept-Encoding:
      - gzip, deflate
      CommandName:
      - stack sub create
      Connection:
      - keep-alive
      Content-Length:
      - '1154'
      Content-Type:
      - application/json
      ParameterSetName:
      - --name --location --template-file --deny-settings-mode --deployment-resource-group
        --action-on-unmanage --yes
      User-Agent:
      - AZURECLI/2.60.0 azsdk-python-core/1.28.0 Python/3.11.9 (Windows-10-10.0.22631-SP0)
    method: POST
    uri: https://management.azure.com/subscriptions/00000000-0000-0000-0000-000000000000/providers/Microsoft.Resources/deploymentStacks/cli-test-create-deployment-stack-subscription000002/validate?api-version=2024-03-01
  response:
    body:
      string: ''
    headers:
      cache-control:
      - no-cache
      content-length:
      - '0'
      date:
      - Mon, 06 May 2024 15:02:40 GMT
      expires:
      - '-1'
      location:
      - https://management.azure.com/subscriptions/00000000-0000-0000-0000-000000000000/providers/Microsoft.Resources/locations/westcentralus/deploymentStackOperationResults/eyJqb2JJZCI6IlByZWZsaWdodFN0YWNrSm9iOjRiNDczZDJhOjJENzgzMToyRDQ2NjA6MkQ4NDQyOjJENDc1ZGIzZjhmZmMxIiwiam9iTG9jYXRpb24iOiJ3ZXN0Y2VudHJhbHVzIn0?api-version=2024-03-01&t=638506045610001008&c=MIIHSDCCBjCgAwIBAgITOgL812J3bsxmlrvPkwAEAvzXYjANBgkqhkiG9w0BAQsFADBEMRMwEQYKCZImiZPyLGQBGRYDR0JMMRMwEQYKCZImiZPyLGQBGRYDQU1FMRgwFgYDVQQDEw9BTUUgSU5GUkEgQ0EgMDEwHhcNMjQwNTAyMDk1OTMwWhcNMjUwNDI3MDk1OTMwWjBAMT4wPAYDVQQDEzVhc3luY29wZXJhdGlvbnNpZ25pbmdjZXJ0aWZpY2F0ZS5tYW5hZ2VtZW50LmF6dXJlLmNvbTCCASIwDQYJKoZIhvcNAQEBBQADggEPADCCAQoCggEBAL64PKSJ-cGqrAplcjqwnPYG9_lP5PLY32qxWVE0KRVW9wV5-Iag5UfiqTkhBOOic-8zySH7YfsyxypX2J1b3k5gNoBtsv5mLUcsHDJuBKw-CD9CInDBkUmF0TX0j3cy8Z67tL2QBrM0qzC6lMzFG4uOMVxkTvIP9FPeIX8b-WOfNWDTT5G0YnbHaYtvdoDB9ToVwJPq7xO-__F3iNYa1d67Dy7CRquNAcje1RigGZdklIxs4kImNfvE0n_Tx7lpnPu9Ad0XA9PuFFPahr-lXUCl8mbJN10HJsmFo2yuAReLQpzePsL4YDz_4KCvdDe9k3u_GU_kGFmtp3rqpNNVWr0CAwEAAaOCBDUwggQxMCcGCSsGAQQBgjcVCgQaMBgwCgYIKwYBBQUHAwEwCgYIKwYBBQUHAwIwPQYJKwYBBAGCNxUHBDAwLgYmKwYBBAGCNxUIhpDjDYTVtHiE8Ys-hZvdFs6dEoFggvX2K4Py0SACAWQCAQowggHaBggrBgEFBQcBAQSCAcwwggHIMGYGCCsGAQUFBzAChlpodHRwOi8vY3JsLm1pY3Jvc29mdC5jb20vcGtpaW5mcmEvQ2VydHMvQlkyUEtJSU5UQ0EwMS5BTUUuR0JMX0FNRSUyMElORlJBJTIwQ0ElMjAwMSg0KS5jcnQwVgYIKwYBBQUHMAKGSmh0dHA6Ly9jcmwxLmFtZS5nYmwvYWlhL0JZMlBLSUlOVENBMDEuQU1FLkdCTF9BTUUlMjBJTkZSQSUyMENBJTIwMDEoNCkuY3J0MFYGCCsGAQUFBzAChkpodHRwOi8vY3JsMi5hbWUuZ2JsL2FpYS9CWTJQS0lJTlRDQTAxLkFNRS5HQkxfQU1FJTIwSU5GUkElMjBDQSUyMDAxKDQpLmNydDBWBggrBgEFBQcwAoZKaHR0cDovL2NybDMuYW1lLmdibC9haWEvQlkyUEtJSU5UQ0EwMS5BTUUuR0JMX0FNRSUyMElORlJBJTIwQ0ElMjAwMSg0KS5jcnQwVgYIKwYBBQUHMAKGSmh0dHA6Ly9jcmw0LmFtZS5nYmwvYWlhL0JZMlBLSUlOVENBMDEuQU1FLkdCTF9BTUUlMjBJTkZSQSUyMENBJTIwMDEoNCkuY3J0MB0GA1UdDgQWBBSQJ44tQ0ZiRKUrUACXxBoUo3BvkjAOBgNVHQ8BAf8EBAMCBaAwggE1BgNVHR8EggEsMIIBKDCCASSgggEgoIIBHIZCaHR0cDovL2NybC5taWNyb3NvZnQuY29tL3BraWluZnJhL0NSTC9BTUUlMjBJTkZSQSUyMENBJTIwMDEoNCkuY3JshjRodHRwOi8vY3JsMS5hbWUuZ2JsL2NybC9BTUUlMjBJTkZSQSUyMENBJTIwMDEoNCkuY3JshjRodHRwOi8vY3JsMi5hbWUuZ2JsL2NybC9BTUUlMjBJTkZSQSUyMENBJTIwMDEoNCkuY3JshjRodHRwOi8vY3JsMy5hbWUuZ2JsL2NybC9BTUUlMjBJTkZSQSUyMENBJTIwMDEoNCkuY3JshjRodHRwOi8vY3JsNC5hbWUuZ2JsL2NybC9BTUUlMjBJTkZSQSUyMENBJTIwMDEoNCkuY3JsMEEGA1UdIAQ6MDgwDAYKKwYBBAGCN3sBATAMBgorBgEEAYI3ewIBMAwGCisGAQQBgjd7AwEwDAYKKwYBBAGCN3sEATAfBgNVHSMEGDAWgBTl2Ztn_PjsurvwwKidileIud8-YzAdBgNVHSUEFjAUBggrBgEFBQcDAQYIKwYBBQUHAwIwDQYJKoZIhvcNAQELBQADggEBAEMSzHhEd4RmEn_1_ckJ5s8TvpAvihtWZi2rnFPylTSyPx9R1-3iFH9svl8iiVAEQFskYfTZUM84yA1oKx9pDhjQuXpl9gTUJ8EMsb-Ny0NcNF-tPwZ51Jown1dwNS5CbI9i_v6Iro7iVQ7XBu0eSRP9umxqkxmhGbDj-saGCKWuLjg8C7t8lS2EiGDD04d58Zm_40UZWvRf1VoAtE1R8X1fC75HtqbAPT6HCcfu6jxOIGjgX0SwqJ9_Psb11vmVmfcWFKtckrcXocWZ5r-QssTebSkei4Rs4UWsbwbxNHV5RF2bvQ7LIBZVc2anTnAmKJ3UpUgWUWUhZ9BMhXAPbos&s=QKFYep2F3T6CeDYzeU8N0d20Q519nKk5gQypzzMrNEIJhRAmmiRJ69APMHcZwkUF4yX3Lsyol9I4UtsLLm9MHKmmlc-enq5k0S0cuxXnzx3kizI2M0gkqHV09npriun38ihdCf4EiWsINIcqOuGjpqgObaWaXUAQSeGDScK4-JjGn5ZWbYHRy1WXu8HQbuKOXKelC0ty6j1uqHiMfuN3ltJnyUidx9paQr-5O_rxJstQp2ELt67LVg03PI29bnB1Zi82gflMJiGNawOeJEVRjpW8jLdgi_pGoBIl3z1Ka1QPWOGwIlDQL2duv_JyKrl1njVU0GhQK15o9YhDII1MUg&h=PKK_cb_6l_Jtg9gX9-IZaEnekb-HYuoKKUnw-Hy3GoE
      pragma:
      - no-cache
      strict-transport-security:
      - max-age=31536000; includeSubDomains
      x-cache:
      - CONFIG_NOCACHE
      x-content-type-options:
      - nosniff
      x-ms-ratelimit-remaining-subscription-writes:
      - '1199'
      x-msedge-ref:
      - 'Ref A: B10A6BA1EAE44409A2FFBB9EC0641301 Ref B: BN1AA2051012011 Ref C: 2024-05-06T15:02:40Z'
    status:
      code: 202
      message: Accepted
- request:
    body: null
    headers:
      Accept:
      - '*/*'
      Accept-Encoding:
      - gzip, deflate
      CommandName:
      - stack sub create
      Connection:
      - keep-alive
      ParameterSetName:
      - --name --location --template-file --deny-settings-mode --deployment-resource-group
        --action-on-unmanage --yes
      User-Agent:
      - AZURECLI/2.60.0 azsdk-python-core/1.28.0 Python/3.11.9 (Windows-10-10.0.22631-SP0)
    method: GET
    uri: https://management.azure.com/subscriptions/00000000-0000-0000-0000-000000000000/providers/Microsoft.Resources/locations/westcentralus/deploymentStackOperationResults/eyJqb2JJZCI6IlByZWZsaWdodFN0YWNrSm9iOjRiNDczZDJhOjJENzgzMToyRDQ2NjA6MkQ4NDQyOjJENDc1ZGIzZjhmZmMxIiwiam9iTG9jYXRpb24iOiJ3ZXN0Y2VudHJhbHVzIn0?api-version=2024-03-01&t=638506045610001008&c=MIIHSDCCBjCgAwIBAgITOgL812J3bsxmlrvPkwAEAvzXYjANBgkqhkiG9w0BAQsFADBEMRMwEQYKCZImiZPyLGQBGRYDR0JMMRMwEQYKCZImiZPyLGQBGRYDQU1FMRgwFgYDVQQDEw9BTUUgSU5GUkEgQ0EgMDEwHhcNMjQwNTAyMDk1OTMwWhcNMjUwNDI3MDk1OTMwWjBAMT4wPAYDVQQDEzVhc3luY29wZXJhdGlvbnNpZ25pbmdjZXJ0aWZpY2F0ZS5tYW5hZ2VtZW50LmF6dXJlLmNvbTCCASIwDQYJKoZIhvcNAQEBBQADggEPADCCAQoCggEBAL64PKSJ-cGqrAplcjqwnPYG9_lP5PLY32qxWVE0KRVW9wV5-Iag5UfiqTkhBOOic-8zySH7YfsyxypX2J1b3k5gNoBtsv5mLUcsHDJuBKw-CD9CInDBkUmF0TX0j3cy8Z67tL2QBrM0qzC6lMzFG4uOMVxkTvIP9FPeIX8b-WOfNWDTT5G0YnbHaYtvdoDB9ToVwJPq7xO-__F3iNYa1d67Dy7CRquNAcje1RigGZdklIxs4kImNfvE0n_Tx7lpnPu9Ad0XA9PuFFPahr-lXUCl8mbJN10HJsmFo2yuAReLQpzePsL4YDz_4KCvdDe9k3u_GU_kGFmtp3rqpNNVWr0CAwEAAaOCBDUwggQxMCcGCSsGAQQBgjcVCgQaMBgwCgYIKwYBBQUHAwEwCgYIKwYBBQUHAwIwPQYJKwYBBAGCNxUHBDAwLgYmKwYBBAGCNxUIhpDjDYTVtHiE8Ys-hZvdFs6dEoFggvX2K4Py0SACAWQCAQowggHaBggrBgEFBQcBAQSCAcwwggHIMGYGCCsGAQUFBzAChlpodHRwOi8vY3JsLm1pY3Jvc29mdC5jb20vcGtpaW5mcmEvQ2VydHMvQlkyUEtJSU5UQ0EwMS5BTUUuR0JMX0FNRSUyMElORlJBJTIwQ0ElMjAwMSg0KS5jcnQwVgYIKwYBBQUHMAKGSmh0dHA6Ly9jcmwxLmFtZS5nYmwvYWlhL0JZMlBLSUlOVENBMDEuQU1FLkdCTF9BTUUlMjBJTkZSQSUyMENBJTIwMDEoNCkuY3J0MFYGCCsGAQUFBzAChkpodHRwOi8vY3JsMi5hbWUuZ2JsL2FpYS9CWTJQS0lJTlRDQTAxLkFNRS5HQkxfQU1FJTIwSU5GUkElMjBDQSUyMDAxKDQpLmNydDBWBggrBgEFBQcwAoZKaHR0cDovL2NybDMuYW1lLmdibC9haWEvQlkyUEtJSU5UQ0EwMS5BTUUuR0JMX0FNRSUyMElORlJBJTIwQ0ElMjAwMSg0KS5jcnQwVgYIKwYBBQUHMAKGSmh0dHA6Ly9jcmw0LmFtZS5nYmwvYWlhL0JZMlBLSUlOVENBMDEuQU1FLkdCTF9BTUUlMjBJTkZSQSUyMENBJTIwMDEoNCkuY3J0MB0GA1UdDgQWBBSQJ44tQ0ZiRKUrUACXxBoUo3BvkjAOBgNVHQ8BAf8EBAMCBaAwggE1BgNVHR8EggEsMIIBKDCCASSgggEgoIIBHIZCaHR0cDovL2NybC5taWNyb3NvZnQuY29tL3BraWluZnJhL0NSTC9BTUUlMjBJTkZSQSUyMENBJTIwMDEoNCkuY3JshjRodHRwOi8vY3JsMS5hbWUuZ2JsL2NybC9BTUUlMjBJTkZSQSUyMENBJTIwMDEoNCkuY3JshjRodHRwOi8vY3JsMi5hbWUuZ2JsL2NybC9BTUUlMjBJTkZSQSUyMENBJTIwMDEoNCkuY3JshjRodHRwOi8vY3JsMy5hbWUuZ2JsL2NybC9BTUUlMjBJTkZSQSUyMENBJTIwMDEoNCkuY3JshjRodHRwOi8vY3JsNC5hbWUuZ2JsL2NybC9BTUUlMjBJTkZSQSUyMENBJTIwMDEoNCkuY3JsMEEGA1UdIAQ6MDgwDAYKKwYBBAGCN3sBATAMBgorBgEEAYI3ewIBMAwGCisGAQQBgjd7AwEwDAYKKwYBBAGCN3sEATAfBgNVHSMEGDAWgBTl2Ztn_PjsurvwwKidileIud8-YzAdBgNVHSUEFjAUBggrBgEFBQcDAQYIKwYBBQUHAwIwDQYJKoZIhvcNAQELBQADggEBAEMSzHhEd4RmEn_1_ckJ5s8TvpAvihtWZi2rnFPylTSyPx9R1-3iFH9svl8iiVAEQFskYfTZUM84yA1oKx9pDhjQuXpl9gTUJ8EMsb-Ny0NcNF-tPwZ51Jown1dwNS5CbI9i_v6Iro7iVQ7XBu0eSRP9umxqkxmhGbDj-saGCKWuLjg8C7t8lS2EiGDD04d58Zm_40UZWvRf1VoAtE1R8X1fC75HtqbAPT6HCcfu6jxOIGjgX0SwqJ9_Psb11vmVmfcWFKtckrcXocWZ5r-QssTebSkei4Rs4UWsbwbxNHV5RF2bvQ7LIBZVc2anTnAmKJ3UpUgWUWUhZ9BMhXAPbos&s=QKFYep2F3T6CeDYzeU8N0d20Q519nKk5gQypzzMrNEIJhRAmmiRJ69APMHcZwkUF4yX3Lsyol9I4UtsLLm9MHKmmlc-enq5k0S0cuxXnzx3kizI2M0gkqHV09npriun38ihdCf4EiWsINIcqOuGjpqgObaWaXUAQSeGDScK4-JjGn5ZWbYHRy1WXu8HQbuKOXKelC0ty6j1uqHiMfuN3ltJnyUidx9paQr-5O_rxJstQp2ELt67LVg03PI29bnB1Zi82gflMJiGNawOeJEVRjpW8jLdgi_pGoBIl3z1Ka1QPWOGwIlDQL2duv_JyKrl1njVU0GhQK15o9YhDII1MUg&h=PKK_cb_6l_Jtg9gX9-IZaEnekb-HYuoKKUnw-Hy3GoE
  response:
    body:
      string: ''
    headers:
      cache-control:
      - no-cache
      content-length:
      - '0'
      date:
      - Mon, 06 May 2024 15:02:40 GMT
      expires:
      - '-1'
      pragma:
      - no-cache
      strict-transport-security:
      - max-age=31536000; includeSubDomains
      x-cache:
      - CONFIG_NOCACHE
      x-content-type-options:
      - nosniff
      x-msedge-ref:
      - 'Ref A: EF132D5B5C644887BCA8B94F70B198CD Ref B: BN1AA2051012011 Ref C: 2024-05-06T15:02:41Z'
    status:
      code: 202
      message: Accepted
- request:
    body: null
    headers:
      Accept:
      - '*/*'
      Accept-Encoding:
      - gzip, deflate
      CommandName:
      - stack sub create
      Connection:
      - keep-alive
      ParameterSetName:
      - --name --location --template-file --deny-settings-mode --deployment-resource-group
        --action-on-unmanage --yes
      User-Agent:
      - AZURECLI/2.60.0 azsdk-python-core/1.28.0 Python/3.11.9 (Windows-10-10.0.22631-SP0)
    method: GET
    uri: https://management.azure.com/subscriptions/00000000-0000-0000-0000-000000000000/providers/Microsoft.Resources/locations/westcentralus/deploymentStackOperationResults/eyJqb2JJZCI6IlByZWZsaWdodFN0YWNrSm9iOjRiNDczZDJhOjJENzgzMToyRDQ2NjA6MkQ4NDQyOjJENDc1ZGIzZjhmZmMxIiwiam9iTG9jYXRpb24iOiJ3ZXN0Y2VudHJhbHVzIn0?api-version=2024-03-01&t=638506045610001008&c=MIIHSDCCBjCgAwIBAgITOgL812J3bsxmlrvPkwAEAvzXYjANBgkqhkiG9w0BAQsFADBEMRMwEQYKCZImiZPyLGQBGRYDR0JMMRMwEQYKCZImiZPyLGQBGRYDQU1FMRgwFgYDVQQDEw9BTUUgSU5GUkEgQ0EgMDEwHhcNMjQwNTAyMDk1OTMwWhcNMjUwNDI3MDk1OTMwWjBAMT4wPAYDVQQDEzVhc3luY29wZXJhdGlvbnNpZ25pbmdjZXJ0aWZpY2F0ZS5tYW5hZ2VtZW50LmF6dXJlLmNvbTCCASIwDQYJKoZIhvcNAQEBBQADggEPADCCAQoCggEBAL64PKSJ-cGqrAplcjqwnPYG9_lP5PLY32qxWVE0KRVW9wV5-Iag5UfiqTkhBOOic-8zySH7YfsyxypX2J1b3k5gNoBtsv5mLUcsHDJuBKw-CD9CInDBkUmF0TX0j3cy8Z67tL2QBrM0qzC6lMzFG4uOMVxkTvIP9FPeIX8b-WOfNWDTT5G0YnbHaYtvdoDB9ToVwJPq7xO-__F3iNYa1d67Dy7CRquNAcje1RigGZdklIxs4kImNfvE0n_Tx7lpnPu9Ad0XA9PuFFPahr-lXUCl8mbJN10HJsmFo2yuAReLQpzePsL4YDz_4KCvdDe9k3u_GU_kGFmtp3rqpNNVWr0CAwEAAaOCBDUwggQxMCcGCSsGAQQBgjcVCgQaMBgwCgYIKwYBBQUHAwEwCgYIKwYBBQUHAwIwPQYJKwYBBAGCNxUHBDAwLgYmKwYBBAGCNxUIhpDjDYTVtHiE8Ys-hZvdFs6dEoFggvX2K4Py0SACAWQCAQowggHaBggrBgEFBQcBAQSCAcwwggHIMGYGCCsGAQUFBzAChlpodHRwOi8vY3JsLm1pY3Jvc29mdC5jb20vcGtpaW5mcmEvQ2VydHMvQlkyUEtJSU5UQ0EwMS5BTUUuR0JMX0FNRSUyMElORlJBJTIwQ0ElMjAwMSg0KS5jcnQwVgYIKwYBBQUHMAKGSmh0dHA6Ly9jcmwxLmFtZS5nYmwvYWlhL0JZMlBLSUlOVENBMDEuQU1FLkdCTF9BTUUlMjBJTkZSQSUyMENBJTIwMDEoNCkuY3J0MFYGCCsGAQUFBzAChkpodHRwOi8vY3JsMi5hbWUuZ2JsL2FpYS9CWTJQS0lJTlRDQTAxLkFNRS5HQkxfQU1FJTIwSU5GUkElMjBDQSUyMDAxKDQpLmNydDBWBggrBgEFBQcwAoZKaHR0cDovL2NybDMuYW1lLmdibC9haWEvQlkyUEtJSU5UQ0EwMS5BTUUuR0JMX0FNRSUyMElORlJBJTIwQ0ElMjAwMSg0KS5jcnQwVgYIKwYBBQUHMAKGSmh0dHA6Ly9jcmw0LmFtZS5nYmwvYWlhL0JZMlBLSUlOVENBMDEuQU1FLkdCTF9BTUUlMjBJTkZSQSUyMENBJTIwMDEoNCkuY3J0MB0GA1UdDgQWBBSQJ44tQ0ZiRKUrUACXxBoUo3BvkjAOBgNVHQ8BAf8EBAMCBaAwggE1BgNVHR8EggEsMIIBKDCCASSgggEgoIIBHIZCaHR0cDovL2NybC5taWNyb3NvZnQuY29tL3BraWluZnJhL0NSTC9BTUUlMjBJTkZSQSUyMENBJTIwMDEoNCkuY3JshjRodHRwOi8vY3JsMS5hbWUuZ2JsL2NybC9BTUUlMjBJTkZSQSUyMENBJTIwMDEoNCkuY3JshjRodHRwOi8vY3JsMi5hbWUuZ2JsL2NybC9BTUUlMjBJTkZSQSUyMENBJTIwMDEoNCkuY3JshjRodHRwOi8vY3JsMy5hbWUuZ2JsL2NybC9BTUUlMjBJTkZSQSUyMENBJTIwMDEoNCkuY3JshjRodHRwOi8vY3JsNC5hbWUuZ2JsL2NybC9BTUUlMjBJTkZSQSUyMENBJTIwMDEoNCkuY3JsMEEGA1UdIAQ6MDgwDAYKKwYBBAGCN3sBATAMBgorBgEEAYI3ewIBMAwGCisGAQQBgjd7AwEwDAYKKwYBBAGCN3sEATAfBgNVHSMEGDAWgBTl2Ztn_PjsurvwwKidileIud8-YzAdBgNVHSUEFjAUBggrBgEFBQcDAQYIKwYBBQUHAwIwDQYJKoZIhvcNAQELBQADggEBAEMSzHhEd4RmEn_1_ckJ5s8TvpAvihtWZi2rnFPylTSyPx9R1-3iFH9svl8iiVAEQFskYfTZUM84yA1oKx9pDhjQuXpl9gTUJ8EMsb-Ny0NcNF-tPwZ51Jown1dwNS5CbI9i_v6Iro7iVQ7XBu0eSRP9umxqkxmhGbDj-saGCKWuLjg8C7t8lS2EiGDD04d58Zm_40UZWvRf1VoAtE1R8X1fC75HtqbAPT6HCcfu6jxOIGjgX0SwqJ9_Psb11vmVmfcWFKtckrcXocWZ5r-QssTebSkei4Rs4UWsbwbxNHV5RF2bvQ7LIBZVc2anTnAmKJ3UpUgWUWUhZ9BMhXAPbos&s=QKFYep2F3T6CeDYzeU8N0d20Q519nKk5gQypzzMrNEIJhRAmmiRJ69APMHcZwkUF4yX3Lsyol9I4UtsLLm9MHKmmlc-enq5k0S0cuxXnzx3kizI2M0gkqHV09npriun38ihdCf4EiWsINIcqOuGjpqgObaWaXUAQSeGDScK4-JjGn5ZWbYHRy1WXu8HQbuKOXKelC0ty6j1uqHiMfuN3ltJnyUidx9paQr-5O_rxJstQp2ELt67LVg03PI29bnB1Zi82gflMJiGNawOeJEVRjpW8jLdgi_pGoBIl3z1Ka1QPWOGwIlDQL2duv_JyKrl1njVU0GhQK15o9YhDII1MUg&h=PKK_cb_6l_Jtg9gX9-IZaEnekb-HYuoKKUnw-Hy3GoE
  response:
    body:
      string: "{\r\n  \"properties\": {\r\n    \"validatedResources\": [\r\n     \
        \ {\r\n        \"id\": \"/subscriptions/00000000-0000-0000-0000-000000000000/resourceGroups/cli_test_deployment_stacks000001/providers/Providers.Test/statefulResources/uniquestorage002\"\
        \r\n      }\r\n    ],\r\n    \"actionOnUnmanage\": {\r\n      \"resources\"\
        : \"Detach\",\r\n      \"resourceGroups\": \"Detach\",\r\n      \"managementGroups\"\
        : \"Detach\"\r\n    },\r\n    \"deploymentScope\": \"/subscriptions/00000000-0000-0000-0000-000000000000/resourceGroups/cli_test_deployment_stacks000001\"\
        ,\r\n    \"denySettings\": {\r\n      \"mode\": \"None\",\r\n      \"applyToChildScopes\"\
        : false\r\n    },\r\n    \"parameters\": {\r\n      \"location\": {\r\n  \
        \      \"type\": \"String\",\r\n        \"value\": \"centralus\"\r\n     \
        \ },\r\n      \"storageAccountName\": {\r\n        \"type\": \"String\",\r\
        \n        \"value\": \"uniquestorage002\"\r\n      }\r\n    },\r\n    \"correlationId\"\
        : \"8d11813d-480d-4b3b-8d3f-dfce3092636b\"\r\n  },\r\n  \"id\": \"/subscriptions/00000000-0000-0000-0000-000000000000/providers/Microsoft.Resources/deploymentStacks/cli-test-create-deployment-stack-subscription000002\"\
        ,\r\n  \"type\": \"Microsoft.Resources/deploymentStacks\",\r\n  \"name\":\
        \ \"cli-test-create-deployment-stack-subscription000002\"\r\n}"
    headers:
      cache-control:
      - no-cache
      content-length:
      - '1174'
      content-type:
      - application/json; charset=utf-8
      date:
      - Mon, 06 May 2024 15:02:56 GMT
      expires:
      - '-1'
      pragma:
      - no-cache
      strict-transport-security:
      - max-age=31536000; includeSubDomains
      x-cache:
      - CONFIG_NOCACHE
      x-content-type-options:
      - nosniff
      x-msedge-ref:
      - 'Ref A: DBABFBB2095046FAA3D287A15B5749A9 Ref B: BN1AA2051012011 Ref C: 2024-05-06T15:02:56Z'
    status:
      code: 200
      message: OK
- request:
    body: '{"location": "westcentralus", "tags": {}, "properties": {"template": {"$schema":
      "https://schema.management.azure.com/schemas/2019-04-01/deploymentTemplate.json#",
      "contentVersion": "1.0.0.0", "metadata": {"_generator": {"name": "bicep", "version":
      "0.26.54.24096", "templateHash": "4676284590957754372"}}, "parameters": {"location":
      {"type": "string", "defaultValue": "centralus"}, "storageAccountName": {"type":
      "string", "defaultValue": "uniquestorage002", "minLength": 3, "maxLength": 24}},
      "resources": [{"type": "Providers.Test/statefulResources", "apiVersion": "2014-04-01",
      "name": "[parameters(''storageAccountName'')]", "location": "[parameters(''location'')]"}],
      "outputs": {"storageId": {"type": "string", "value": "[resourceId(''Providers.Test/statefulResources'',
      parameters(''storageAccountName''))]"}}}, "parameters": {}, "actionOnUnmanage":
      {"resources": "detach", "resourceGroups": "detach", "managementGroups": "detach"},
      "bypassStackOutOfSyncError": false, "deploymentScope": "/subscriptions/00000000-0000-0000-0000-000000000000/resourceGroups/cli_test_deployment_stacks000001",
      "denySettings": {"mode": "none", "applyToChildScopes": false}}}'
    headers:
      Accept:
      - application/json
      Accept-Encoding:
      - gzip, deflate
      CommandName:
      - stack sub create
      Connection:
      - keep-alive
      Content-Length:
      - '1154'
      Content-Type:
      - application/json
      ParameterSetName:
      - --name --location --template-file --deny-settings-mode --deployment-resource-group
        --action-on-unmanage --yes
      User-Agent:
      - AZURECLI/2.60.0 azsdk-python-core/1.28.0 Python/3.11.9 (Windows-10-10.0.22631-SP0)
    method: PUT
    uri: https://management.azure.com/subscriptions/00000000-0000-0000-0000-000000000000/providers/Microsoft.Resources/deploymentStacks/cli-test-create-deployment-stack-subscription000002?api-version=2024-03-01
  response:
    body:
      string: "{\r\n  \"location\": \"westcentralus\",\r\n  \"tags\": {},\r\n  \"\
        properties\": {\r\n    \"actionOnUnmanage\": {\r\n      \"resources\": \"\
        detach\",\r\n      \"resourceGroups\": \"detach\",\r\n      \"managementGroups\"\
        : \"detach\"\r\n    },\r\n    \"deploymentScope\": \"/subscriptions/00000000-0000-0000-0000-000000000000/resourceGroups/cli_test_deployment_stacks000001\"\
        ,\r\n    \"denySettings\": {\r\n      \"mode\": \"none\",\r\n      \"applyToChildScopes\"\
        : false\r\n    },\r\n    \"parameters\": {},\r\n    \"resources\": [],\r\n\
        \    \"provisioningState\": \"initializing\",\r\n    \"detachedResources\"\
        : [],\r\n    \"deletedResources\": [],\r\n    \"failedResources\": [],\r\n\
        \    \"correlationId\": \"9a884ca4-a5a6-41a3-8875-b6f27b990f77\"\r\n  },\r\
        \n  \"systemData\": {\r\n    \"createdBy\": \"kylealbert@microsoft.com\",\r\
        \n    \"createdByType\": \"User\",\r\n    \"createdAt\": \"2024-05-06T15:02:57.1972561Z\"\
        ,\r\n    \"lastModifiedBy\": \"kylealbert@microsoft.com\",\r\n    \"lastModifiedByType\"\
        : \"User\",\r\n    \"lastModifiedAt\": \"2024-05-06T15:02:57.1972561Z\"\r\n\
        \  },\r\n  \"id\": \"/subscriptions/00000000-0000-0000-0000-000000000000/providers/Microsoft.Resources/deploymentStacks/cli-test-create-deployment-stack-subscription000002\"\
        ,\r\n  \"type\": \"Microsoft.Resources/deploymentStacks\",\r\n  \"name\":\
        \ \"cli-test-create-deployment-stack-subscription000002\"\r\n}"
    headers:
      azure-asyncoperation:
      - https://management.azure.com/subscriptions/00000000-0000-0000-0000-000000000000/providers/Microsoft.Resources/locations/westcentralus/deploymentStackOperationStatus/220ad030-2b25-494b-90ce-30e168c9fe16?api-version=2024-03-01&t=638506045777754175&c=MIIHSDCCBjCgAwIBAgITOgL812J3bsxmlrvPkwAEAvzXYjANBgkqhkiG9w0BAQsFADBEMRMwEQYKCZImiZPyLGQBGRYDR0JMMRMwEQYKCZImiZPyLGQBGRYDQU1FMRgwFgYDVQQDEw9BTUUgSU5GUkEgQ0EgMDEwHhcNMjQwNTAyMDk1OTMwWhcNMjUwNDI3MDk1OTMwWjBAMT4wPAYDVQQDEzVhc3luY29wZXJhdGlvbnNpZ25pbmdjZXJ0aWZpY2F0ZS5tYW5hZ2VtZW50LmF6dXJlLmNvbTCCASIwDQYJKoZIhvcNAQEBBQADggEPADCCAQoCggEBAL64PKSJ-cGqrAplcjqwnPYG9_lP5PLY32qxWVE0KRVW9wV5-Iag5UfiqTkhBOOic-8zySH7YfsyxypX2J1b3k5gNoBtsv5mLUcsHDJuBKw-CD9CInDBkUmF0TX0j3cy8Z67tL2QBrM0qzC6lMzFG4uOMVxkTvIP9FPeIX8b-WOfNWDTT5G0YnbHaYtvdoDB9ToVwJPq7xO-__F3iNYa1d67Dy7CRquNAcje1RigGZdklIxs4kImNfvE0n_Tx7lpnPu9Ad0XA9PuFFPahr-lXUCl8mbJN10HJsmFo2yuAReLQpzePsL4YDz_4KCvdDe9k3u_GU_kGFmtp3rqpNNVWr0CAwEAAaOCBDUwggQxMCcGCSsGAQQBgjcVCgQaMBgwCgYIKwYBBQUHAwEwCgYIKwYBBQUHAwIwPQYJKwYBBAGCNxUHBDAwLgYmKwYBBAGCNxUIhpDjDYTVtHiE8Ys-hZvdFs6dEoFggvX2K4Py0SACAWQCAQowggHaBggrBgEFBQcBAQSCAcwwggHIMGYGCCsGAQUFBzAChlpodHRwOi8vY3JsLm1pY3Jvc29mdC5jb20vcGtpaW5mcmEvQ2VydHMvQlkyUEtJSU5UQ0EwMS5BTUUuR0JMX0FNRSUyMElORlJBJTIwQ0ElMjAwMSg0KS5jcnQwVgYIKwYBBQUHMAKGSmh0dHA6Ly9jcmwxLmFtZS5nYmwvYWlhL0JZMlBLSUlOVENBMDEuQU1FLkdCTF9BTUUlMjBJTkZSQSUyMENBJTIwMDEoNCkuY3J0MFYGCCsGAQUFBzAChkpodHRwOi8vY3JsMi5hbWUuZ2JsL2FpYS9CWTJQS0lJTlRDQTAxLkFNRS5HQkxfQU1FJTIwSU5GUkElMjBDQSUyMDAxKDQpLmNydDBWBggrBgEFBQcwAoZKaHR0cDovL2NybDMuYW1lLmdibC9haWEvQlkyUEtJSU5UQ0EwMS5BTUUuR0JMX0FNRSUyMElORlJBJTIwQ0ElMjAwMSg0KS5jcnQwVgYIKwYBBQUHMAKGSmh0dHA6Ly9jcmw0LmFtZS5nYmwvYWlhL0JZMlBLSUlOVENBMDEuQU1FLkdCTF9BTUUlMjBJTkZSQSUyMENBJTIwMDEoNCkuY3J0MB0GA1UdDgQWBBSQJ44tQ0ZiRKUrUACXxBoUo3BvkjAOBgNVHQ8BAf8EBAMCBaAwggE1BgNVHR8EggEsMIIBKDCCASSgggEgoIIBHIZCaHR0cDovL2NybC5taWNyb3NvZnQuY29tL3BraWluZnJhL0NSTC9BTUUlMjBJTkZSQSUyMENBJTIwMDEoNCkuY3JshjRodHRwOi8vY3JsMS5hbWUuZ2JsL2NybC9BTUUlMjBJTkZSQSUyMENBJTIwMDEoNCkuY3JshjRodHRwOi8vY3JsMi5hbWUuZ2JsL2NybC9BTUUlMjBJTkZSQSUyMENBJTIwMDEoNCkuY3JshjRodHRwOi8vY3JsMy5hbWUuZ2JsL2NybC9BTUUlMjBJTkZSQSUyMENBJTIwMDEoNCkuY3JshjRodHRwOi8vY3JsNC5hbWUuZ2JsL2NybC9BTUUlMjBJTkZSQSUyMENBJTIwMDEoNCkuY3JsMEEGA1UdIAQ6MDgwDAYKKwYBBAGCN3sBATAMBgorBgEEAYI3ewIBMAwGCisGAQQBgjd7AwEwDAYKKwYBBAGCN3sEATAfBgNVHSMEGDAWgBTl2Ztn_PjsurvwwKidileIud8-YzAdBgNVHSUEFjAUBggrBgEFBQcDAQYIKwYBBQUHAwIwDQYJKoZIhvcNAQELBQADggEBAEMSzHhEd4RmEn_1_ckJ5s8TvpAvihtWZi2rnFPylTSyPx9R1-3iFH9svl8iiVAEQFskYfTZUM84yA1oKx9pDhjQuXpl9gTUJ8EMsb-Ny0NcNF-tPwZ51Jown1dwNS5CbI9i_v6Iro7iVQ7XBu0eSRP9umxqkxmhGbDj-saGCKWuLjg8C7t8lS2EiGDD04d58Zm_40UZWvRf1VoAtE1R8X1fC75HtqbAPT6HCcfu6jxOIGjgX0SwqJ9_Psb11vmVmfcWFKtckrcXocWZ5r-QssTebSkei4Rs4UWsbwbxNHV5RF2bvQ7LIBZVc2anTnAmKJ3UpUgWUWUhZ9BMhXAPbos&s=dNt9Wk_TEoVRt5RfgzZD1KDswwgIkbpoNnl2X-aBMr7tuyTK5OIZx7fgrUUWcUwxK7uogxh6yUEGTUW1gTFcOMgspqCPLQeeOixYbtYgesuOufN2wp6HcRKxKYZ31rj-LmLDnr2TrlwRDzW532clYWGwaXsrstDUIg4MHSlXY9ciZBftRnpiAA_zw5_RIb7q2Bfbp-BPhbyr0-QFBwZzG9mZtzQUuGS24CijrxpC3kChrS_BSfZv00NP_KXj30MndyRptd9Jvzgqp81pMQWysMvzrtVlLHrO2T8g_-ZRTj-nscM6gu97KdmE5xCJ1XbPolxuedrk4nH9v3qeZ6trSQ&h=g04iC06ScX9rJzlnu2hfAQJFTxF9YzQMxaptrpxUorQ
      cache-control:
      - no-cache
      content-length:
      - '1233'
      content-type:
      - application/json; charset=utf-8
      date:
      - Mon, 06 May 2024 15:02:57 GMT
      expires:
      - '-1'
      pragma:
      - no-cache
      strict-transport-security:
      - max-age=31536000; includeSubDomains
      x-cache:
      - CONFIG_NOCACHE
      x-content-type-options:
      - nosniff
      x-ms-ratelimit-remaining-subscription-writes:
      - '1199'
      x-msedge-ref:
      - 'Ref A: ECBD0919B2884AF19F9894BB1EDFF691 Ref B: BN1AA2051012011 Ref C: 2024-05-06T15:02:57Z'
    status:
      code: 201
      message: Created
- request:
    body: null
    headers:
      Accept:
      - '*/*'
      Accept-Encoding:
      - gzip, deflate
      CommandName:
      - stack sub create
      Connection:
      - keep-alive
      ParameterSetName:
      - --name --location --template-file --deny-settings-mode --deployment-resource-group
        --action-on-unmanage --yes
      User-Agent:
      - AZURECLI/2.60.0 azsdk-python-core/1.28.0 Python/3.11.9 (Windows-10-10.0.22631-SP0)
    method: GET
    uri: https://management.azure.com/subscriptions/00000000-0000-0000-0000-000000000000/providers/Microsoft.Resources/locations/westcentralus/deploymentStackOperationStatus/220ad030-2b25-494b-90ce-30e168c9fe16?api-version=2024-03-01&t=638506045777754175&c=MIIHSDCCBjCgAwIBAgITOgL812J3bsxmlrvPkwAEAvzXYjANBgkqhkiG9w0BAQsFADBEMRMwEQYKCZImiZPyLGQBGRYDR0JMMRMwEQYKCZImiZPyLGQBGRYDQU1FMRgwFgYDVQQDEw9BTUUgSU5GUkEgQ0EgMDEwHhcNMjQwNTAyMDk1OTMwWhcNMjUwNDI3MDk1OTMwWjBAMT4wPAYDVQQDEzVhc3luY29wZXJhdGlvbnNpZ25pbmdjZXJ0aWZpY2F0ZS5tYW5hZ2VtZW50LmF6dXJlLmNvbTCCASIwDQYJKoZIhvcNAQEBBQADggEPADCCAQoCggEBAL64PKSJ-cGqrAplcjqwnPYG9_lP5PLY32qxWVE0KRVW9wV5-Iag5UfiqTkhBOOic-8zySH7YfsyxypX2J1b3k5gNoBtsv5mLUcsHDJuBKw-CD9CInDBkUmF0TX0j3cy8Z67tL2QBrM0qzC6lMzFG4uOMVxkTvIP9FPeIX8b-WOfNWDTT5G0YnbHaYtvdoDB9ToVwJPq7xO-__F3iNYa1d67Dy7CRquNAcje1RigGZdklIxs4kImNfvE0n_Tx7lpnPu9Ad0XA9PuFFPahr-lXUCl8mbJN10HJsmFo2yuAReLQpzePsL4YDz_4KCvdDe9k3u_GU_kGFmtp3rqpNNVWr0CAwEAAaOCBDUwggQxMCcGCSsGAQQBgjcVCgQaMBgwCgYIKwYBBQUHAwEwCgYIKwYBBQUHAwIwPQYJKwYBBAGCNxUHBDAwLgYmKwYBBAGCNxUIhpDjDYTVtHiE8Ys-hZvdFs6dEoFggvX2K4Py0SACAWQCAQowggHaBggrBgEFBQcBAQSCAcwwggHIMGYGCCsGAQUFBzAChlpodHRwOi8vY3JsLm1pY3Jvc29mdC5jb20vcGtpaW5mcmEvQ2VydHMvQlkyUEtJSU5UQ0EwMS5BTUUuR0JMX0FNRSUyMElORlJBJTIwQ0ElMjAwMSg0KS5jcnQwVgYIKwYBBQUHMAKGSmh0dHA6Ly9jcmwxLmFtZS5nYmwvYWlhL0JZMlBLSUlOVENBMDEuQU1FLkdCTF9BTUUlMjBJTkZSQSUyMENBJTIwMDEoNCkuY3J0MFYGCCsGAQUFBzAChkpodHRwOi8vY3JsMi5hbWUuZ2JsL2FpYS9CWTJQS0lJTlRDQTAxLkFNRS5HQkxfQU1FJTIwSU5GUkElMjBDQSUyMDAxKDQpLmNydDBWBggrBgEFBQcwAoZKaHR0cDovL2NybDMuYW1lLmdibC9haWEvQlkyUEtJSU5UQ0EwMS5BTUUuR0JMX0FNRSUyMElORlJBJTIwQ0ElMjAwMSg0KS5jcnQwVgYIKwYBBQUHMAKGSmh0dHA6Ly9jcmw0LmFtZS5nYmwvYWlhL0JZMlBLSUlOVENBMDEuQU1FLkdCTF9BTUUlMjBJTkZSQSUyMENBJTIwMDEoNCkuY3J0MB0GA1UdDgQWBBSQJ44tQ0ZiRKUrUACXxBoUo3BvkjAOBgNVHQ8BAf8EBAMCBaAwggE1BgNVHR8EggEsMIIBKDCCASSgggEgoIIBHIZCaHR0cDovL2NybC5taWNyb3NvZnQuY29tL3BraWluZnJhL0NSTC9BTUUlMjBJTkZSQSUyMENBJTIwMDEoNCkuY3JshjRodHRwOi8vY3JsMS5hbWUuZ2JsL2NybC9BTUUlMjBJTkZSQSUyMENBJTIwMDEoNCkuY3JshjRodHRwOi8vY3JsMi5hbWUuZ2JsL2NybC9BTUUlMjBJTkZSQSUyMENBJTIwMDEoNCkuY3JshjRodHRwOi8vY3JsMy5hbWUuZ2JsL2NybC9BTUUlMjBJTkZSQSUyMENBJTIwMDEoNCkuY3JshjRodHRwOi8vY3JsNC5hbWUuZ2JsL2NybC9BTUUlMjBJTkZSQSUyMENBJTIwMDEoNCkuY3JsMEEGA1UdIAQ6MDgwDAYKKwYBBAGCN3sBATAMBgorBgEEAYI3ewIBMAwGCisGAQQBgjd7AwEwDAYKKwYBBAGCN3sEATAfBgNVHSMEGDAWgBTl2Ztn_PjsurvwwKidileIud8-YzAdBgNVHSUEFjAUBggrBgEFBQcDAQYIKwYBBQUHAwIwDQYJKoZIhvcNAQELBQADggEBAEMSzHhEd4RmEn_1_ckJ5s8TvpAvihtWZi2rnFPylTSyPx9R1-3iFH9svl8iiVAEQFskYfTZUM84yA1oKx9pDhjQuXpl9gTUJ8EMsb-Ny0NcNF-tPwZ51Jown1dwNS5CbI9i_v6Iro7iVQ7XBu0eSRP9umxqkxmhGbDj-saGCKWuLjg8C7t8lS2EiGDD04d58Zm_40UZWvRf1VoAtE1R8X1fC75HtqbAPT6HCcfu6jxOIGjgX0SwqJ9_Psb11vmVmfcWFKtckrcXocWZ5r-QssTebSkei4Rs4UWsbwbxNHV5RF2bvQ7LIBZVc2anTnAmKJ3UpUgWUWUhZ9BMhXAPbos&s=dNt9Wk_TEoVRt5RfgzZD1KDswwgIkbpoNnl2X-aBMr7tuyTK5OIZx7fgrUUWcUwxK7uogxh6yUEGTUW1gTFcOMgspqCPLQeeOixYbtYgesuOufN2wp6HcRKxKYZ31rj-LmLDnr2TrlwRDzW532clYWGwaXsrstDUIg4MHSlXY9ciZBftRnpiAA_zw5_RIb7q2Bfbp-BPhbyr0-QFBwZzG9mZtzQUuGS24CijrxpC3kChrS_BSfZv00NP_KXj30MndyRptd9Jvzgqp81pMQWysMvzrtVlLHrO2T8g_-ZRTj-nscM6gu97KdmE5xCJ1XbPolxuedrk4nH9v3qeZ6trSQ&h=g04iC06ScX9rJzlnu2hfAQJFTxF9YzQMxaptrpxUorQ
  response:
    body:
      string: "{\r\n  \"id\": \"/subscriptions/00000000-0000-0000-0000-000000000000/providers/Microsoft.Resources/locations/westcentralus/deploymentStackOperationStatus/220ad030-2b25-494b-90ce-30e168c9fe16\"\
        ,\r\n  \"name\": \"220ad030-2b25-494b-90ce-30e168c9fe16\",\r\n  \"status\"\
        : \"initializing\"\r\n}"
    headers:
      cache-control:
      - no-cache
      content-length:
      - '269'
      content-type:
      - application/json; charset=utf-8
      date:
      - Mon, 06 May 2024 15:02:57 GMT
      expires:
      - '-1'
      pragma:
      - no-cache
      strict-transport-security:
      - max-age=31536000; includeSubDomains
      x-cache:
      - CONFIG_NOCACHE
      x-content-type-options:
      - nosniff
      x-msedge-ref:
      - 'Ref A: C182EF003DC143D48689E189FA0FBE45 Ref B: BN1AA2051012011 Ref C: 2024-05-06T15:02:57Z'
    status:
      code: 200
      message: OK
- request:
    body: null
    headers:
      Accept:
      - '*/*'
      Accept-Encoding:
      - gzip, deflate
      CommandName:
      - stack sub create
      Connection:
      - keep-alive
      ParameterSetName:
      - --name --location --template-file --deny-settings-mode --deployment-resource-group
        --action-on-unmanage --yes
      User-Agent:
      - AZURECLI/2.60.0 azsdk-python-core/1.28.0 Python/3.11.9 (Windows-10-10.0.22631-SP0)
    method: GET
    uri: https://management.azure.com/subscriptions/00000000-0000-0000-0000-000000000000/providers/Microsoft.Resources/locations/westcentralus/deploymentStackOperationStatus/220ad030-2b25-494b-90ce-30e168c9fe16?api-version=2024-03-01&t=638506045777754175&c=MIIHSDCCBjCgAwIBAgITOgL812J3bsxmlrvPkwAEAvzXYjANBgkqhkiG9w0BAQsFADBEMRMwEQYKCZImiZPyLGQBGRYDR0JMMRMwEQYKCZImiZPyLGQBGRYDQU1FMRgwFgYDVQQDEw9BTUUgSU5GUkEgQ0EgMDEwHhcNMjQwNTAyMDk1OTMwWhcNMjUwNDI3MDk1OTMwWjBAMT4wPAYDVQQDEzVhc3luY29wZXJhdGlvbnNpZ25pbmdjZXJ0aWZpY2F0ZS5tYW5hZ2VtZW50LmF6dXJlLmNvbTCCASIwDQYJKoZIhvcNAQEBBQADggEPADCCAQoCggEBAL64PKSJ-cGqrAplcjqwnPYG9_lP5PLY32qxWVE0KRVW9wV5-Iag5UfiqTkhBOOic-8zySH7YfsyxypX2J1b3k5gNoBtsv5mLUcsHDJuBKw-CD9CInDBkUmF0TX0j3cy8Z67tL2QBrM0qzC6lMzFG4uOMVxkTvIP9FPeIX8b-WOfNWDTT5G0YnbHaYtvdoDB9ToVwJPq7xO-__F3iNYa1d67Dy7CRquNAcje1RigGZdklIxs4kImNfvE0n_Tx7lpnPu9Ad0XA9PuFFPahr-lXUCl8mbJN10HJsmFo2yuAReLQpzePsL4YDz_4KCvdDe9k3u_GU_kGFmtp3rqpNNVWr0CAwEAAaOCBDUwggQxMCcGCSsGAQQBgjcVCgQaMBgwCgYIKwYBBQUHAwEwCgYIKwYBBQUHAwIwPQYJKwYBBAGCNxUHBDAwLgYmKwYBBAGCNxUIhpDjDYTVtHiE8Ys-hZvdFs6dEoFggvX2K4Py0SACAWQCAQowggHaBggrBgEFBQcBAQSCAcwwggHIMGYGCCsGAQUFBzAChlpodHRwOi8vY3JsLm1pY3Jvc29mdC5jb20vcGtpaW5mcmEvQ2VydHMvQlkyUEtJSU5UQ0EwMS5BTUUuR0JMX0FNRSUyMElORlJBJTIwQ0ElMjAwMSg0KS5jcnQwVgYIKwYBBQUHMAKGSmh0dHA6Ly9jcmwxLmFtZS5nYmwvYWlhL0JZMlBLSUlOVENBMDEuQU1FLkdCTF9BTUUlMjBJTkZSQSUyMENBJTIwMDEoNCkuY3J0MFYGCCsGAQUFBzAChkpodHRwOi8vY3JsMi5hbWUuZ2JsL2FpYS9CWTJQS0lJTlRDQTAxLkFNRS5HQkxfQU1FJTIwSU5GUkElMjBDQSUyMDAxKDQpLmNydDBWBggrBgEFBQcwAoZKaHR0cDovL2NybDMuYW1lLmdibC9haWEvQlkyUEtJSU5UQ0EwMS5BTUUuR0JMX0FNRSUyMElORlJBJTIwQ0ElMjAwMSg0KS5jcnQwVgYIKwYBBQUHMAKGSmh0dHA6Ly9jcmw0LmFtZS5nYmwvYWlhL0JZMlBLSUlOVENBMDEuQU1FLkdCTF9BTUUlMjBJTkZSQSUyMENBJTIwMDEoNCkuY3J0MB0GA1UdDgQWBBSQJ44tQ0ZiRKUrUACXxBoUo3BvkjAOBgNVHQ8BAf8EBAMCBaAwggE1BgNVHR8EggEsMIIBKDCCASSgggEgoIIBHIZCaHR0cDovL2NybC5taWNyb3NvZnQuY29tL3BraWluZnJhL0NSTC9BTUUlMjBJTkZSQSUyMENBJTIwMDEoNCkuY3JshjRodHRwOi8vY3JsMS5hbWUuZ2JsL2NybC9BTUUlMjBJTkZSQSUyMENBJTIwMDEoNCkuY3JshjRodHRwOi8vY3JsMi5hbWUuZ2JsL2NybC9BTUUlMjBJTkZSQSUyMENBJTIwMDEoNCkuY3JshjRodHRwOi8vY3JsMy5hbWUuZ2JsL2NybC9BTUUlMjBJTkZSQSUyMENBJTIwMDEoNCkuY3JshjRodHRwOi8vY3JsNC5hbWUuZ2JsL2NybC9BTUUlMjBJTkZSQSUyMENBJTIwMDEoNCkuY3JsMEEGA1UdIAQ6MDgwDAYKKwYBBAGCN3sBATAMBgorBgEEAYI3ewIBMAwGCisGAQQBgjd7AwEwDAYKKwYBBAGCN3sEATAfBgNVHSMEGDAWgBTl2Ztn_PjsurvwwKidileIud8-YzAdBgNVHSUEFjAUBggrBgEFBQcDAQYIKwYBBQUHAwIwDQYJKoZIhvcNAQELBQADggEBAEMSzHhEd4RmEn_1_ckJ5s8TvpAvihtWZi2rnFPylTSyPx9R1-3iFH9svl8iiVAEQFskYfTZUM84yA1oKx9pDhjQuXpl9gTUJ8EMsb-Ny0NcNF-tPwZ51Jown1dwNS5CbI9i_v6Iro7iVQ7XBu0eSRP9umxqkxmhGbDj-saGCKWuLjg8C7t8lS2EiGDD04d58Zm_40UZWvRf1VoAtE1R8X1fC75HtqbAPT6HCcfu6jxOIGjgX0SwqJ9_Psb11vmVmfcWFKtckrcXocWZ5r-QssTebSkei4Rs4UWsbwbxNHV5RF2bvQ7LIBZVc2anTnAmKJ3UpUgWUWUhZ9BMhXAPbos&s=dNt9Wk_TEoVRt5RfgzZD1KDswwgIkbpoNnl2X-aBMr7tuyTK5OIZx7fgrUUWcUwxK7uogxh6yUEGTUW1gTFcOMgspqCPLQeeOixYbtYgesuOufN2wp6HcRKxKYZ31rj-LmLDnr2TrlwRDzW532clYWGwaXsrstDUIg4MHSlXY9ciZBftRnpiAA_zw5_RIb7q2Bfbp-BPhbyr0-QFBwZzG9mZtzQUuGS24CijrxpC3kChrS_BSfZv00NP_KXj30MndyRptd9Jvzgqp81pMQWysMvzrtVlLHrO2T8g_-ZRTj-nscM6gu97KdmE5xCJ1XbPolxuedrk4nH9v3qeZ6trSQ&h=g04iC06ScX9rJzlnu2hfAQJFTxF9YzQMxaptrpxUorQ
  response:
    body:
      string: "{\r\n  \"id\": \"/subscriptions/00000000-0000-0000-0000-000000000000/providers/Microsoft.Resources/locations/westcentralus/deploymentStackOperationStatus/220ad030-2b25-494b-90ce-30e168c9fe16\"\
        ,\r\n  \"name\": \"220ad030-2b25-494b-90ce-30e168c9fe16\",\r\n  \"status\"\
        : \"succeeded\"\r\n}"
    headers:
      cache-control:
      - no-cache
      content-length:
      - '266'
      content-type:
      - application/json; charset=utf-8
      date:
      - Mon, 06 May 2024 15:03:27 GMT
      expires:
      - '-1'
      pragma:
      - no-cache
      strict-transport-security:
      - max-age=31536000; includeSubDomains
      x-cache:
      - CONFIG_NOCACHE
      x-content-type-options:
      - nosniff
      x-msedge-ref:
      - 'Ref A: 3549CB0C433D4195BDA43DEA6E93E6AD Ref B: BN1AA2051012011 Ref C: 2024-05-06T15:03:28Z'
    status:
      code: 200
      message: OK
- request:
    body: null
    headers:
      Accept:
      - '*/*'
      Accept-Encoding:
      - gzip, deflate
      CommandName:
      - stack sub create
      Connection:
      - keep-alive
      ParameterSetName:
      - --name --location --template-file --deny-settings-mode --deployment-resource-group
        --action-on-unmanage --yes
      User-Agent:
      - AZURECLI/2.60.0 azsdk-python-core/1.28.0 Python/3.11.9 (Windows-10-10.0.22631-SP0)
    method: GET
    uri: https://management.azure.com/subscriptions/00000000-0000-0000-0000-000000000000/providers/Microsoft.Resources/deploymentStacks/cli-test-create-deployment-stack-subscription000002?api-version=2024-03-01
  response:
    body:
      string: "{\r\n  \"location\": \"westcentralus\",\r\n  \"tags\": {},\r\n  \"\
        properties\": {\r\n    \"actionOnUnmanage\": {\r\n      \"resources\": \"\
        detach\",\r\n      \"resourceGroups\": \"detach\",\r\n      \"managementGroups\"\
        : \"detach\"\r\n    },\r\n    \"deploymentId\": \"/subscriptions/00000000-0000-0000-0000-000000000000/resourceGroups/cli_test_deployment_stacks000001/providers/Microsoft.Resources/deployments/cli-test-create-deployment-stack-subscriptionmohff-240506150v6i3\"\
        ,\r\n    \"deploymentScope\": \"/subscriptions/00000000-0000-0000-0000-000000000000/resourceGroups/cli_test_deployment_stacks000001\"\
        ,\r\n    \"duration\": \"PT8.6180124S\",\r\n    \"denySettings\": {\r\n  \
        \    \"mode\": \"none\",\r\n      \"applyToChildScopes\": false\r\n    },\r\
        \n    \"outputs\": {\r\n      \"storageId\": {\r\n        \"type\": \"String\"\
        ,\r\n        \"value\": \"/subscriptions/00000000-0000-0000-0000-000000000000/resourceGroups/cli_test_deployment_stacks000001/providers/Providers.Test/statefulResources/uniquestorage002\"\
        \r\n      }\r\n    },\r\n    \"parameters\": {},\r\n    \"resources\": [\r\
        \n      {\r\n        \"status\": \"managed\",\r\n        \"denyStatus\": \"\
        none\",\r\n        \"id\": \"/subscriptions/00000000-0000-0000-0000-000000000000/resourceGroups/cli_test_deployment_stacks000001/providers/Providers.Test/statefulResources/uniquestorage002\"\
        \r\n      }\r\n    ],\r\n    \"provisioningState\": \"succeeded\",\r\n   \
        \ \"detachedResources\": [],\r\n    \"deletedResources\": [],\r\n    \"failedResources\"\
        : [],\r\n    \"correlationId\": \"9a884ca4-a5a6-41a3-8875-b6f27b990f77\"\r\
        \n  },\r\n  \"systemData\": {\r\n    \"createdBy\": \"kylealbert@microsoft.com\"\
        ,\r\n    \"createdByType\": \"User\",\r\n    \"createdAt\": \"2024-05-06T15:02:57.1972561Z\"\
        ,\r\n    \"lastModifiedBy\": \"kylealbert@microsoft.com\",\r\n    \"lastModifiedByType\"\
        : \"User\",\r\n    \"lastModifiedAt\": \"2024-05-06T15:02:57.1972561Z\"\r\n\
        \  },\r\n  \"id\": \"/subscriptions/00000000-0000-0000-0000-000000000000/providers/Microsoft.Resources/deploymentStacks/cli-test-create-deployment-stack-subscription000002\"\
        ,\r\n  \"type\": \"Microsoft.Resources/deploymentStacks\",\r\n  \"name\":\
        \ \"cli-test-create-deployment-stack-subscription000002\"\r\n}"
    headers:
      cache-control:
      - no-cache
      content-length:
      - '2020'
      content-type:
      - application/json; charset=utf-8
      date:
      - Mon, 06 May 2024 15:03:28 GMT
      expires:
      - '-1'
      pragma:
      - no-cache
      strict-transport-security:
      - max-age=31536000; includeSubDomains
      x-cache:
      - CONFIG_NOCACHE
      x-content-type-options:
      - nosniff
      x-msedge-ref:
      - 'Ref A: 53F2001B67CE411CA5A977A3FCC31282 Ref B: BN1AA2051012011 Ref C: 2024-05-06T15:03:28Z'
    status:
      code: 200
      message: OK
- request:
    body: null
    headers:
      Accept:
      - application/json
      Accept-Encoding:
      - gzip, deflate
      CommandName:
      - stack sub delete
      Connection:
      - keep-alive
      ParameterSetName:
      - --name --action-on-unmanage --yes
      User-Agent:
      - AZURECLI/2.60.0 azsdk-python-core/1.28.0 Python/3.11.9 (Windows-10-10.0.22631-SP0)
    method: GET
    uri: https://management.azure.com/subscriptions/00000000-0000-0000-0000-000000000000/providers/Microsoft.Resources/deploymentStacks/cli-test-create-deployment-stack-subscription000002?api-version=2024-03-01
  response:
    body:
      string: "{\r\n  \"location\": \"westcentralus\",\r\n  \"tags\": {},\r\n  \"\
        properties\": {\r\n    \"actionOnUnmanage\": {\r\n      \"resources\": \"\
        detach\",\r\n      \"resourceGroups\": \"detach\",\r\n      \"managementGroups\"\
        : \"detach\"\r\n    },\r\n    \"deploymentId\": \"/subscriptions/00000000-0000-0000-0000-000000000000/resourceGroups/cli_test_deployment_stacks000001/providers/Microsoft.Resources/deployments/cli-test-create-deployment-stack-subscriptionmohff-240506150v6i3\"\
        ,\r\n    \"deploymentScope\": \"/subscriptions/00000000-0000-0000-0000-000000000000/resourceGroups/cli_test_deployment_stacks000001\"\
        ,\r\n    \"duration\": \"PT8.6180124S\",\r\n    \"denySettings\": {\r\n  \
        \    \"mode\": \"none\",\r\n      \"applyToChildScopes\": false\r\n    },\r\
        \n    \"outputs\": {\r\n      \"storageId\": {\r\n        \"type\": \"String\"\
        ,\r\n        \"value\": \"/subscriptions/00000000-0000-0000-0000-000000000000/resourceGroups/cli_test_deployment_stacks000001/providers/Providers.Test/statefulResources/uniquestorage002\"\
        \r\n      }\r\n    },\r\n    \"parameters\": {},\r\n    \"resources\": [\r\
        \n      {\r\n        \"status\": \"managed\",\r\n        \"denyStatus\": \"\
        none\",\r\n        \"id\": \"/subscriptions/00000000-0000-0000-0000-000000000000/resourceGroups/cli_test_deployment_stacks000001/providers/Providers.Test/statefulResources/uniquestorage002\"\
        \r\n      }\r\n    ],\r\n    \"provisioningState\": \"succeeded\",\r\n   \
        \ \"detachedResources\": [],\r\n    \"deletedResources\": [],\r\n    \"failedResources\"\
        : [],\r\n    \"correlationId\": \"9a884ca4-a5a6-41a3-8875-b6f27b990f77\"\r\
        \n  },\r\n  \"systemData\": {\r\n    \"createdBy\": \"kylealbert@microsoft.com\"\
        ,\r\n    \"createdByType\": \"User\",\r\n    \"createdAt\": \"2024-05-06T15:02:57.1972561Z\"\
        ,\r\n    \"lastModifiedBy\": \"kylealbert@microsoft.com\",\r\n    \"lastModifiedByType\"\
        : \"User\",\r\n    \"lastModifiedAt\": \"2024-05-06T15:02:57.1972561Z\"\r\n\
        \  },\r\n  \"id\": \"/subscriptions/00000000-0000-0000-0000-000000000000/providers/Microsoft.Resources/deploymentStacks/cli-test-create-deployment-stack-subscription000002\"\
        ,\r\n  \"type\": \"Microsoft.Resources/deploymentStacks\",\r\n  \"name\":\
        \ \"cli-test-create-deployment-stack-subscription000002\"\r\n}"
    headers:
      cache-control:
      - no-cache
      content-length:
      - '2020'
      content-type:
      - application/json; charset=utf-8
      date:
      - Mon, 06 May 2024 15:03:29 GMT
      expires:
      - '-1'
      pragma:
      - no-cache
      strict-transport-security:
      - max-age=31536000; includeSubDomains
      x-cache:
      - CONFIG_NOCACHE
      x-content-type-options:
      - nosniff
      x-msedge-ref:
      - 'Ref A: 2EAAE88DD85347BAB87828987A0BA69E Ref B: BN1AA2051013019 Ref C: 2024-05-06T15:03:29Z'
    status:
      code: 200
      message: OK
- request:
    body: null
    headers:
      Accept:
      - application/json
      Accept-Encoding:
      - gzip, deflate
      CommandName:
      - stack sub delete
      Connection:
      - keep-alive
      Content-Length:
      - '0'
      ParameterSetName:
      - --name --action-on-unmanage --yes
      User-Agent:
      - AZURECLI/2.60.0 azsdk-python-core/1.28.0 Python/3.11.9 (Windows-10-10.0.22631-SP0)
    method: DELETE
    uri: https://management.azure.com/subscriptions/00000000-0000-0000-0000-000000000000/providers/Microsoft.Resources/deploymentStacks/cli-test-create-deployment-stack-subscription000002?unmanageAction.Resources=detach&unmanageAction.ResourceGroups=detach&unmanageAction.ManagementGroups=detach&api-version=2024-03-01
  response:
    body:
      string: ''
    headers:
      cache-control:
      - no-cache
      content-length:
      - '0'
      date:
      - Mon, 06 May 2024 15:03:29 GMT
      expires:
      - '-1'
      pragma:
      - no-cache
      strict-transport-security:
      - max-age=31536000; includeSubDomains
      x-cache:
      - CONFIG_NOCACHE
      x-content-type-options:
      - nosniff
      x-ms-ratelimit-remaining-subscription-deletes:
      - '14999'
      x-msedge-ref:
      - 'Ref A: E200B14949BB42BDA6CF7EDA18EAA104 Ref B: BN1AA2051013019 Ref C: 2024-05-06T15:03:29Z'
    status:
      code: 200
      message: OK
- request:
    body: null
    headers:
      Accept:
      - application/json
      Accept-Encoding:
      - gzip, deflate
      CommandName:
      - stack sub create
      Connection:
      - keep-alive
      ParameterSetName:
      - --name --location --deployment-resource-group -p --deny-settings-mode --aou
        --yes
      User-Agent:
      - AZURECLI/2.60.0 azsdk-python-core/1.28.0 Python/3.11.9 (Windows-10-10.0.22631-SP0)
    method: GET
    uri: https://management.azure.com/subscriptions/00000000-0000-0000-0000-000000000000/providers/Microsoft.Resources/deploymentStacks/cli-test-create-deployment-stack-subscription000002?api-version=2024-03-01
  response:
    body:
      string: '{"error":{"code":"ResourceNotFound","message":"The resource ''cli-test-create-deployment-stack-subscription000002''
        was not found. For more details please go to https://aka.ms/ARMResourceNotFoundFix"}}'
    headers:
      cache-control:
      - no-cache
      content-length:
      - '199'
      content-type:
      - application/json; charset=utf-8
      date:
      - Mon, 06 May 2024 15:03:30 GMT
      expires:
      - '-1'
      pragma:
      - no-cache
      strict-transport-security:
      - max-age=31536000; includeSubDomains
      x-cache:
      - CONFIG_NOCACHE
      x-content-type-options:
      - nosniff
      x-ms-failure-cause:
      - gateway
      x-msedge-ref:
      - 'Ref A: D3F442D1BF8F44F2A1830C94B73D5A31 Ref B: BN1AA2051013033 Ref C: 2024-05-06T15:03:30Z'
    status:
      code: 404
      message: Not Found
- request:
    body: '{"location": "westcentralus", "tags": {}, "properties": {"template": {"$schema":
      "https://schema.management.azure.com/schemas/2019-04-01/deploymentTemplate.json#",
      "contentVersion": "1.0.0.0", "metadata": {"_generator": {"name": "bicep", "version":
      "0.26.54.24096", "templateHash": "10117753893333852062"}}, "parameters": {"location":
      {"type": "string"}, "kind": {"type": "string"}}, "variables": {"storageAccountName":
      "[format(''clistore{0}'', uniqueString(resourceGroup().id))]"}, "resources":
      [{"type": "Microsoft.Storage/storageAccounts", "apiVersion": "2019-04-01", "name":
      "[variables(''storageAccountName'')]", "location": "[parameters(''location'')]",
      "sku": {"name": "Standard_LRS"}, "kind": "[parameters(''kind'')]", "properties":
      {}}]}, "parameters": {"location": {"value": "westcentralus"}, "kind": {"value":
      "StorageV2"}}, "actionOnUnmanage": {"resources": "delete", "resourceGroups":
      "delete", "managementGroups": "delete"}, "bypassStackOutOfSyncError": false,
      "deploymentScope": "/subscriptions/00000000-0000-0000-0000-000000000000/resourceGroups/cli_test_deployment_stacks000001",
      "denySettings": {"mode": "none", "applyToChildScopes": false}}}'
    headers:
      Accept:
      - application/json
      Accept-Encoding:
      - gzip, deflate
      CommandName:
      - stack sub create
      Connection:
      - keep-alive
      Content-Length:
      - '1153'
      Content-Type:
      - application/json
      ParameterSetName:
      - --name --location --deployment-resource-group -p --deny-settings-mode --aou
        --yes
      User-Agent:
      - AZURECLI/2.60.0 azsdk-python-core/1.28.0 Python/3.11.9 (Windows-10-10.0.22631-SP0)
    method: POST
    uri: https://management.azure.com/subscriptions/00000000-0000-0000-0000-000000000000/providers/Microsoft.Resources/deploymentStacks/cli-test-create-deployment-stack-subscription000002/validate?api-version=2024-03-01
  response:
    body:
      string: ''
    headers:
      cache-control:
      - no-cache
      content-length:
      - '0'
      date:
      - Mon, 06 May 2024 15:03:33 GMT
      expires:
      - '-1'
      location:
      - https://management.azure.com/subscriptions/00000000-0000-0000-0000-000000000000/providers/Microsoft.Resources/locations/westcentralus/deploymentStackOperationResults/eyJqb2JJZCI6IlByZWZsaWdodFN0YWNrSm9iOmMwYTJiYmY2OjJEZmVjOToyRDRjMmM6MkQ5YzMxOjJEYWJlOWVjMzk3ZGQyIiwiam9iTG9jYXRpb24iOiJ3ZXN0Y2VudHJhbHVzIn0?api-version=2024-03-01&t=638506046142585056&c=MIIHSDCCBjCgAwIBAgITOgL812J3bsxmlrvPkwAEAvzXYjANBgkqhkiG9w0BAQsFADBEMRMwEQYKCZImiZPyLGQBGRYDR0JMMRMwEQYKCZImiZPyLGQBGRYDQU1FMRgwFgYDVQQDEw9BTUUgSU5GUkEgQ0EgMDEwHhcNMjQwNTAyMDk1OTMwWhcNMjUwNDI3MDk1OTMwWjBAMT4wPAYDVQQDEzVhc3luY29wZXJhdGlvbnNpZ25pbmdjZXJ0aWZpY2F0ZS5tYW5hZ2VtZW50LmF6dXJlLmNvbTCCASIwDQYJKoZIhvcNAQEBBQADggEPADCCAQoCggEBAL64PKSJ-cGqrAplcjqwnPYG9_lP5PLY32qxWVE0KRVW9wV5-Iag5UfiqTkhBOOic-8zySH7YfsyxypX2J1b3k5gNoBtsv5mLUcsHDJuBKw-CD9CInDBkUmF0TX0j3cy8Z67tL2QBrM0qzC6lMzFG4uOMVxkTvIP9FPeIX8b-WOfNWDTT5G0YnbHaYtvdoDB9ToVwJPq7xO-__F3iNYa1d67Dy7CRquNAcje1RigGZdklIxs4kImNfvE0n_Tx7lpnPu9Ad0XA9PuFFPahr-lXUCl8mbJN10HJsmFo2yuAReLQpzePsL4YDz_4KCvdDe9k3u_GU_kGFmtp3rqpNNVWr0CAwEAAaOCBDUwggQxMCcGCSsGAQQBgjcVCgQaMBgwCgYIKwYBBQUHAwEwCgYIKwYBBQUHAwIwPQYJKwYBBAGCNxUHBDAwLgYmKwYBBAGCNxUIhpDjDYTVtHiE8Ys-hZvdFs6dEoFggvX2K4Py0SACAWQCAQowggHaBggrBgEFBQcBAQSCAcwwggHIMGYGCCsGAQUFBzAChlpodHRwOi8vY3JsLm1pY3Jvc29mdC5jb20vcGtpaW5mcmEvQ2VydHMvQlkyUEtJSU5UQ0EwMS5BTUUuR0JMX0FNRSUyMElORlJBJTIwQ0ElMjAwMSg0KS5jcnQwVgYIKwYBBQUHMAKGSmh0dHA6Ly9jcmwxLmFtZS5nYmwvYWlhL0JZMlBLSUlOVENBMDEuQU1FLkdCTF9BTUUlMjBJTkZSQSUyMENBJTIwMDEoNCkuY3J0MFYGCCsGAQUFBzAChkpodHRwOi8vY3JsMi5hbWUuZ2JsL2FpYS9CWTJQS0lJTlRDQTAxLkFNRS5HQkxfQU1FJTIwSU5GUkElMjBDQSUyMDAxKDQpLmNydDBWBggrBgEFBQcwAoZKaHR0cDovL2NybDMuYW1lLmdibC9haWEvQlkyUEtJSU5UQ0EwMS5BTUUuR0JMX0FNRSUyMElORlJBJTIwQ0ElMjAwMSg0KS5jcnQwVgYIKwYBBQUHMAKGSmh0dHA6Ly9jcmw0LmFtZS5nYmwvYWlhL0JZMlBLSUlOVENBMDEuQU1FLkdCTF9BTUUlMjBJTkZSQSUyMENBJTIwMDEoNCkuY3J0MB0GA1UdDgQWBBSQJ44tQ0ZiRKUrUACXxBoUo3BvkjAOBgNVHQ8BAf8EBAMCBaAwggE1BgNVHR8EggEsMIIBKDCCASSgggEgoIIBHIZCaHR0cDovL2NybC5taWNyb3NvZnQuY29tL3BraWluZnJhL0NSTC9BTUUlMjBJTkZSQSUyMENBJTIwMDEoNCkuY3JshjRodHRwOi8vY3JsMS5hbWUuZ2JsL2NybC9BTUUlMjBJTkZSQSUyMENBJTIwMDEoNCkuY3JshjRodHRwOi8vY3JsMi5hbWUuZ2JsL2NybC9BTUUlMjBJTkZSQSUyMENBJTIwMDEoNCkuY3JshjRodHRwOi8vY3JsMy5hbWUuZ2JsL2NybC9BTUUlMjBJTkZSQSUyMENBJTIwMDEoNCkuY3JshjRodHRwOi8vY3JsNC5hbWUuZ2JsL2NybC9BTUUlMjBJTkZSQSUyMENBJTIwMDEoNCkuY3JsMEEGA1UdIAQ6MDgwDAYKKwYBBAGCN3sBATAMBgorBgEEAYI3ewIBMAwGCisGAQQBgjd7AwEwDAYKKwYBBAGCN3sEATAfBgNVHSMEGDAWgBTl2Ztn_PjsurvwwKidileIud8-YzAdBgNVHSUEFjAUBggrBgEFBQcDAQYIKwYBBQUHAwIwDQYJKoZIhvcNAQELBQADggEBAEMSzHhEd4RmEn_1_ckJ5s8TvpAvihtWZi2rnFPylTSyPx9R1-3iFH9svl8iiVAEQFskYfTZUM84yA1oKx9pDhjQuXpl9gTUJ8EMsb-Ny0NcNF-tPwZ51Jown1dwNS5CbI9i_v6Iro7iVQ7XBu0eSRP9umxqkxmhGbDj-saGCKWuLjg8C7t8lS2EiGDD04d58Zm_40UZWvRf1VoAtE1R8X1fC75HtqbAPT6HCcfu6jxOIGjgX0SwqJ9_Psb11vmVmfcWFKtckrcXocWZ5r-QssTebSkei4Rs4UWsbwbxNHV5RF2bvQ7LIBZVc2anTnAmKJ3UpUgWUWUhZ9BMhXAPbos&s=FsrYT6vn08MN__HJ61PpB4iBYl2yXSWN0l-rp5ZPXrr5bLnFPW4RBRMc_-Hu-RfE_YWe8tjRb_Bs5pPMF3EY9uJodL6Kn-TJa8o14LMO3e92bKxy1Gbt9Jph163vbfUMuUmDJaEhPsSWeoNoeqmkyxjoSpV4c-Wn43eesGIXeWbuGMvtdQSQllBbqKp14pNl4QorlethsK0e3MLoLCWUz97kEN9tUEAX3VOgtM8ItK28ZWhII9B49lwKG6FBtBkeGZZPn6Lt2cvLmKCMpOwX70g88GZxr3ptnZUuVJccNYZ3O997-sOGVD7iZubIKMIgDcqHHXDRLnb1YP9u7-4QgA&h=lva4UItLTlco5F43znkN-TfN4Arlp8S6Mobybs_rCUA
      pragma:
      - no-cache
      strict-transport-security:
      - max-age=31536000; includeSubDomains
      x-cache:
      - CONFIG_NOCACHE
      x-content-type-options:
      - nosniff
      x-ms-ratelimit-remaining-subscription-writes:
      - '1199'
      x-msedge-ref:
      - 'Ref A: 6CD6B4CD966B4716969AD9E19B2A6518 Ref B: BN1AA2051013033 Ref C: 2024-05-06T15:03:33Z'
    status:
      code: 202
      message: Accepted
- request:
    body: null
    headers:
      Accept:
      - '*/*'
      Accept-Encoding:
      - gzip, deflate
      CommandName:
      - stack sub create
      Connection:
      - keep-alive
      ParameterSetName:
      - --name --location --deployment-resource-group -p --deny-settings-mode --aou
        --yes
      User-Agent:
      - AZURECLI/2.60.0 azsdk-python-core/1.28.0 Python/3.11.9 (Windows-10-10.0.22631-SP0)
    method: GET
    uri: https://management.azure.com/subscriptions/00000000-0000-0000-0000-000000000000/providers/Microsoft.Resources/locations/westcentralus/deploymentStackOperationResults/eyJqb2JJZCI6IlByZWZsaWdodFN0YWNrSm9iOmMwYTJiYmY2OjJEZmVjOToyRDRjMmM6MkQ5YzMxOjJEYWJlOWVjMzk3ZGQyIiwiam9iTG9jYXRpb24iOiJ3ZXN0Y2VudHJhbHVzIn0?api-version=2024-03-01&t=638506046142585056&c=MIIHSDCCBjCgAwIBAgITOgL812J3bsxmlrvPkwAEAvzXYjANBgkqhkiG9w0BAQsFADBEMRMwEQYKCZImiZPyLGQBGRYDR0JMMRMwEQYKCZImiZPyLGQBGRYDQU1FMRgwFgYDVQQDEw9BTUUgSU5GUkEgQ0EgMDEwHhcNMjQwNTAyMDk1OTMwWhcNMjUwNDI3MDk1OTMwWjBAMT4wPAYDVQQDEzVhc3luY29wZXJhdGlvbnNpZ25pbmdjZXJ0aWZpY2F0ZS5tYW5hZ2VtZW50LmF6dXJlLmNvbTCCASIwDQYJKoZIhvcNAQEBBQADggEPADCCAQoCggEBAL64PKSJ-cGqrAplcjqwnPYG9_lP5PLY32qxWVE0KRVW9wV5-Iag5UfiqTkhBOOic-8zySH7YfsyxypX2J1b3k5gNoBtsv5mLUcsHDJuBKw-CD9CInDBkUmF0TX0j3cy8Z67tL2QBrM0qzC6lMzFG4uOMVxkTvIP9FPeIX8b-WOfNWDTT5G0YnbHaYtvdoDB9ToVwJPq7xO-__F3iNYa1d67Dy7CRquNAcje1RigGZdklIxs4kImNfvE0n_Tx7lpnPu9Ad0XA9PuFFPahr-lXUCl8mbJN10HJsmFo2yuAReLQpzePsL4YDz_4KCvdDe9k3u_GU_kGFmtp3rqpNNVWr0CAwEAAaOCBDUwggQxMCcGCSsGAQQBgjcVCgQaMBgwCgYIKwYBBQUHAwEwCgYIKwYBBQUHAwIwPQYJKwYBBAGCNxUHBDAwLgYmKwYBBAGCNxUIhpDjDYTVtHiE8Ys-hZvdFs6dEoFggvX2K4Py0SACAWQCAQowggHaBggrBgEFBQcBAQSCAcwwggHIMGYGCCsGAQUFBzAChlpodHRwOi8vY3JsLm1pY3Jvc29mdC5jb20vcGtpaW5mcmEvQ2VydHMvQlkyUEtJSU5UQ0EwMS5BTUUuR0JMX0FNRSUyMElORlJBJTIwQ0ElMjAwMSg0KS5jcnQwVgYIKwYBBQUHMAKGSmh0dHA6Ly9jcmwxLmFtZS5nYmwvYWlhL0JZMlBLSUlOVENBMDEuQU1FLkdCTF9BTUUlMjBJTkZSQSUyMENBJTIwMDEoNCkuY3J0MFYGCCsGAQUFBzAChkpodHRwOi8vY3JsMi5hbWUuZ2JsL2FpYS9CWTJQS0lJTlRDQTAxLkFNRS5HQkxfQU1FJTIwSU5GUkElMjBDQSUyMDAxKDQpLmNydDBWBggrBgEFBQcwAoZKaHR0cDovL2NybDMuYW1lLmdibC9haWEvQlkyUEtJSU5UQ0EwMS5BTUUuR0JMX0FNRSUyMElORlJBJTIwQ0ElMjAwMSg0KS5jcnQwVgYIKwYBBQUHMAKGSmh0dHA6Ly9jcmw0LmFtZS5nYmwvYWlhL0JZMlBLSUlOVENBMDEuQU1FLkdCTF9BTUUlMjBJTkZSQSUyMENBJTIwMDEoNCkuY3J0MB0GA1UdDgQWBBSQJ44tQ0ZiRKUrUACXxBoUo3BvkjAOBgNVHQ8BAf8EBAMCBaAwggE1BgNVHR8EggEsMIIBKDCCASSgggEgoIIBHIZCaHR0cDovL2NybC5taWNyb3NvZnQuY29tL3BraWluZnJhL0NSTC9BTUUlMjBJTkZSQSUyMENBJTIwMDEoNCkuY3JshjRodHRwOi8vY3JsMS5hbWUuZ2JsL2NybC9BTUUlMjBJTkZSQSUyMENBJTIwMDEoNCkuY3JshjRodHRwOi8vY3JsMi5hbWUuZ2JsL2NybC9BTUUlMjBJTkZSQSUyMENBJTIwMDEoNCkuY3JshjRodHRwOi8vY3JsMy5hbWUuZ2JsL2NybC9BTUUlMjBJTkZSQSUyMENBJTIwMDEoNCkuY3JshjRodHRwOi8vY3JsNC5hbWUuZ2JsL2NybC9BTUUlMjBJTkZSQSUyMENBJTIwMDEoNCkuY3JsMEEGA1UdIAQ6MDgwDAYKKwYBBAGCN3sBATAMBgorBgEEAYI3ewIBMAwGCisGAQQBgjd7AwEwDAYKKwYBBAGCN3sEATAfBgNVHSMEGDAWgBTl2Ztn_PjsurvwwKidileIud8-YzAdBgNVHSUEFjAUBggrBgEFBQcDAQYIKwYBBQUHAwIwDQYJKoZIhvcNAQELBQADggEBAEMSzHhEd4RmEn_1_ckJ5s8TvpAvihtWZi2rnFPylTSyPx9R1-3iFH9svl8iiVAEQFskYfTZUM84yA1oKx9pDhjQuXpl9gTUJ8EMsb-Ny0NcNF-tPwZ51Jown1dwNS5CbI9i_v6Iro7iVQ7XBu0eSRP9umxqkxmhGbDj-saGCKWuLjg8C7t8lS2EiGDD04d58Zm_40UZWvRf1VoAtE1R8X1fC75HtqbAPT6HCcfu6jxOIGjgX0SwqJ9_Psb11vmVmfcWFKtckrcXocWZ5r-QssTebSkei4Rs4UWsbwbxNHV5RF2bvQ7LIBZVc2anTnAmKJ3UpUgWUWUhZ9BMhXAPbos&s=FsrYT6vn08MN__HJ61PpB4iBYl2yXSWN0l-rp5ZPXrr5bLnFPW4RBRMc_-Hu-RfE_YWe8tjRb_Bs5pPMF3EY9uJodL6Kn-TJa8o14LMO3e92bKxy1Gbt9Jph163vbfUMuUmDJaEhPsSWeoNoeqmkyxjoSpV4c-Wn43eesGIXeWbuGMvtdQSQllBbqKp14pNl4QorlethsK0e3MLoLCWUz97kEN9tUEAX3VOgtM8ItK28ZWhII9B49lwKG6FBtBkeGZZPn6Lt2cvLmKCMpOwX70g88GZxr3ptnZUuVJccNYZ3O997-sOGVD7iZubIKMIgDcqHHXDRLnb1YP9u7-4QgA&h=lva4UItLTlco5F43znkN-TfN4Arlp8S6Mobybs_rCUA
  response:
    body:
      string: ''
    headers:
      cache-control:
      - no-cache
      content-length:
      - '0'
      date:
      - Mon, 06 May 2024 15:03:33 GMT
      expires:
      - '-1'
      pragma:
      - no-cache
      strict-transport-security:
      - max-age=31536000; includeSubDomains
      x-cache:
      - CONFIG_NOCACHE
      x-content-type-options:
      - nosniff
      x-msedge-ref:
      - 'Ref A: 21AEA7F92A6C44ABB79A0F3F6EAEF5E5 Ref B: BN1AA2051013033 Ref C: 2024-05-06T15:03:34Z'
    status:
      code: 202
      message: Accepted
- request:
    body: null
    headers:
      Accept:
      - '*/*'
      Accept-Encoding:
      - gzip, deflate
      CommandName:
      - stack sub create
      Connection:
      - keep-alive
      ParameterSetName:
      - --name --location --deployment-resource-group -p --deny-settings-mode --aou
        --yes
      User-Agent:
      - AZURECLI/2.60.0 azsdk-python-core/1.28.0 Python/3.11.9 (Windows-10-10.0.22631-SP0)
    method: GET
    uri: https://management.azure.com/subscriptions/00000000-0000-0000-0000-000000000000/providers/Microsoft.Resources/locations/westcentralus/deploymentStackOperationResults/eyJqb2JJZCI6IlByZWZsaWdodFN0YWNrSm9iOmMwYTJiYmY2OjJEZmVjOToyRDRjMmM6MkQ5YzMxOjJEYWJlOWVjMzk3ZGQyIiwiam9iTG9jYXRpb24iOiJ3ZXN0Y2VudHJhbHVzIn0?api-version=2024-03-01&t=638506046142585056&c=MIIHSDCCBjCgAwIBAgITOgL812J3bsxmlrvPkwAEAvzXYjANBgkqhkiG9w0BAQsFADBEMRMwEQYKCZImiZPyLGQBGRYDR0JMMRMwEQYKCZImiZPyLGQBGRYDQU1FMRgwFgYDVQQDEw9BTUUgSU5GUkEgQ0EgMDEwHhcNMjQwNTAyMDk1OTMwWhcNMjUwNDI3MDk1OTMwWjBAMT4wPAYDVQQDEzVhc3luY29wZXJhdGlvbnNpZ25pbmdjZXJ0aWZpY2F0ZS5tYW5hZ2VtZW50LmF6dXJlLmNvbTCCASIwDQYJKoZIhvcNAQEBBQADggEPADCCAQoCggEBAL64PKSJ-cGqrAplcjqwnPYG9_lP5PLY32qxWVE0KRVW9wV5-Iag5UfiqTkhBOOic-8zySH7YfsyxypX2J1b3k5gNoBtsv5mLUcsHDJuBKw-CD9CInDBkUmF0TX0j3cy8Z67tL2QBrM0qzC6lMzFG4uOMVxkTvIP9FPeIX8b-WOfNWDTT5G0YnbHaYtvdoDB9ToVwJPq7xO-__F3iNYa1d67Dy7CRquNAcje1RigGZdklIxs4kImNfvE0n_Tx7lpnPu9Ad0XA9PuFFPahr-lXUCl8mbJN10HJsmFo2yuAReLQpzePsL4YDz_4KCvdDe9k3u_GU_kGFmtp3rqpNNVWr0CAwEAAaOCBDUwggQxMCcGCSsGAQQBgjcVCgQaMBgwCgYIKwYBBQUHAwEwCgYIKwYBBQUHAwIwPQYJKwYBBAGCNxUHBDAwLgYmKwYBBAGCNxUIhpDjDYTVtHiE8Ys-hZvdFs6dEoFggvX2K4Py0SACAWQCAQowggHaBggrBgEFBQcBAQSCAcwwggHIMGYGCCsGAQUFBzAChlpodHRwOi8vY3JsLm1pY3Jvc29mdC5jb20vcGtpaW5mcmEvQ2VydHMvQlkyUEtJSU5UQ0EwMS5BTUUuR0JMX0FNRSUyMElORlJBJTIwQ0ElMjAwMSg0KS5jcnQwVgYIKwYBBQUHMAKGSmh0dHA6Ly9jcmwxLmFtZS5nYmwvYWlhL0JZMlBLSUlOVENBMDEuQU1FLkdCTF9BTUUlMjBJTkZSQSUyMENBJTIwMDEoNCkuY3J0MFYGCCsGAQUFBzAChkpodHRwOi8vY3JsMi5hbWUuZ2JsL2FpYS9CWTJQS0lJTlRDQTAxLkFNRS5HQkxfQU1FJTIwSU5GUkElMjBDQSUyMDAxKDQpLmNydDBWBggrBgEFBQcwAoZKaHR0cDovL2NybDMuYW1lLmdibC9haWEvQlkyUEtJSU5UQ0EwMS5BTUUuR0JMX0FNRSUyMElORlJBJTIwQ0ElMjAwMSg0KS5jcnQwVgYIKwYBBQUHMAKGSmh0dHA6Ly9jcmw0LmFtZS5nYmwvYWlhL0JZMlBLSUlOVENBMDEuQU1FLkdCTF9BTUUlMjBJTkZSQSUyMENBJTIwMDEoNCkuY3J0MB0GA1UdDgQWBBSQJ44tQ0ZiRKUrUACXxBoUo3BvkjAOBgNVHQ8BAf8EBAMCBaAwggE1BgNVHR8EggEsMIIBKDCCASSgggEgoIIBHIZCaHR0cDovL2NybC5taWNyb3NvZnQuY29tL3BraWluZnJhL0NSTC9BTUUlMjBJTkZSQSUyMENBJTIwMDEoNCkuY3JshjRodHRwOi8vY3JsMS5hbWUuZ2JsL2NybC9BTUUlMjBJTkZSQSUyMENBJTIwMDEoNCkuY3JshjRodHRwOi8vY3JsMi5hbWUuZ2JsL2NybC9BTUUlMjBJTkZSQSUyMENBJTIwMDEoNCkuY3JshjRodHRwOi8vY3JsMy5hbWUuZ2JsL2NybC9BTUUlMjBJTkZSQSUyMENBJTIwMDEoNCkuY3JshjRodHRwOi8vY3JsNC5hbWUuZ2JsL2NybC9BTUUlMjBJTkZSQSUyMENBJTIwMDEoNCkuY3JsMEEGA1UdIAQ6MDgwDAYKKwYBBAGCN3sBATAMBgorBgEEAYI3ewIBMAwGCisGAQQBgjd7AwEwDAYKKwYBBAGCN3sEATAfBgNVHSMEGDAWgBTl2Ztn_PjsurvwwKidileIud8-YzAdBgNVHSUEFjAUBggrBgEFBQcDAQYIKwYBBQUHAwIwDQYJKoZIhvcNAQELBQADggEBAEMSzHhEd4RmEn_1_ckJ5s8TvpAvihtWZi2rnFPylTSyPx9R1-3iFH9svl8iiVAEQFskYfTZUM84yA1oKx9pDhjQuXpl9gTUJ8EMsb-Ny0NcNF-tPwZ51Jown1dwNS5CbI9i_v6Iro7iVQ7XBu0eSRP9umxqkxmhGbDj-saGCKWuLjg8C7t8lS2EiGDD04d58Zm_40UZWvRf1VoAtE1R8X1fC75HtqbAPT6HCcfu6jxOIGjgX0SwqJ9_Psb11vmVmfcWFKtckrcXocWZ5r-QssTebSkei4Rs4UWsbwbxNHV5RF2bvQ7LIBZVc2anTnAmKJ3UpUgWUWUhZ9BMhXAPbos&s=FsrYT6vn08MN__HJ61PpB4iBYl2yXSWN0l-rp5ZPXrr5bLnFPW4RBRMc_-Hu-RfE_YWe8tjRb_Bs5pPMF3EY9uJodL6Kn-TJa8o14LMO3e92bKxy1Gbt9Jph163vbfUMuUmDJaEhPsSWeoNoeqmkyxjoSpV4c-Wn43eesGIXeWbuGMvtdQSQllBbqKp14pNl4QorlethsK0e3MLoLCWUz97kEN9tUEAX3VOgtM8ItK28ZWhII9B49lwKG6FBtBkeGZZPn6Lt2cvLmKCMpOwX70g88GZxr3ptnZUuVJccNYZ3O997-sOGVD7iZubIKMIgDcqHHXDRLnb1YP9u7-4QgA&h=lva4UItLTlco5F43znkN-TfN4Arlp8S6Mobybs_rCUA
  response:
    body:
      string: "{\r\n  \"properties\": {\r\n    \"validatedResources\": [\r\n     \
        \ {\r\n        \"id\": \"/subscriptions/00000000-0000-0000-0000-000000000000/resourceGroups/cli_test_deployment_stacks000001/providers/Microsoft.Storage/storageAccounts/clistoremv2tes722qt5a\"\
        \r\n      }\r\n    ],\r\n    \"actionOnUnmanage\": {\r\n      \"resources\"\
        : \"Delete\",\r\n      \"resourceGroups\": \"Delete\",\r\n      \"managementGroups\"\
        : \"Delete\"\r\n    },\r\n    \"deploymentScope\": \"/subscriptions/00000000-0000-0000-0000-000000000000/resourceGroups/cli_test_deployment_stacks000001\"\
        ,\r\n    \"denySettings\": {\r\n      \"mode\": \"None\",\r\n      \"applyToChildScopes\"\
        : false\r\n    },\r\n    \"parameters\": {\r\n      \"location\": {\r\n  \
        \      \"type\": \"String\",\r\n        \"value\": \"westcentralus\"\r\n \
        \     },\r\n      \"kind\": {\r\n        \"type\": \"String\",\r\n       \
        \ \"value\": \"StorageV2\"\r\n      }\r\n    },\r\n    \"correlationId\":\
        \ \"b9659065-7ed0-431f-9e19-7781ba407867\"\r\n  },\r\n  \"id\": \"/subscriptions/00000000-0000-0000-0000-000000000000/providers/Microsoft.Resources/deploymentStacks/cli-test-create-deployment-stack-subscription000002\"\
        ,\r\n  \"type\": \"Microsoft.Resources/deploymentStacks\",\r\n  \"name\":\
        \ \"cli-test-create-deployment-stack-subscription000002\"\r\n}"
    headers:
      cache-control:
      - no-cache
      content-length:
      - '1163'
      content-type:
      - application/json; charset=utf-8
      date:
      - Mon, 06 May 2024 15:03:49 GMT
      expires:
      - '-1'
      pragma:
      - no-cache
      strict-transport-security:
      - max-age=31536000; includeSubDomains
      x-cache:
      - CONFIG_NOCACHE
      x-content-type-options:
      - nosniff
      x-msedge-ref:
      - 'Ref A: 75702E5131004BC2AC13A1AD73B79738 Ref B: BN1AA2051013033 Ref C: 2024-05-06T15:03:49Z'
    status:
      code: 200
      message: OK
- request:
    body: '{"location": "westcentralus", "tags": {}, "properties": {"template": {"$schema":
      "https://schema.management.azure.com/schemas/2019-04-01/deploymentTemplate.json#",
      "contentVersion": "1.0.0.0", "metadata": {"_generator": {"name": "bicep", "version":
      "0.26.54.24096", "templateHash": "10117753893333852062"}}, "parameters": {"location":
      {"type": "string"}, "kind": {"type": "string"}}, "variables": {"storageAccountName":
      "[format(''clistore{0}'', uniqueString(resourceGroup().id))]"}, "resources":
      [{"type": "Microsoft.Storage/storageAccounts", "apiVersion": "2019-04-01", "name":
      "[variables(''storageAccountName'')]", "location": "[parameters(''location'')]",
      "sku": {"name": "Standard_LRS"}, "kind": "[parameters(''kind'')]", "properties":
      {}}]}, "parameters": {"location": {"value": "westcentralus"}, "kind": {"value":
      "StorageV2"}}, "actionOnUnmanage": {"resources": "delete", "resourceGroups":
      "delete", "managementGroups": "delete"}, "bypassStackOutOfSyncError": false,
      "deploymentScope": "/subscriptions/00000000-0000-0000-0000-000000000000/resourceGroups/cli_test_deployment_stacks000001",
      "denySettings": {"mode": "none", "applyToChildScopes": false}}}'
    headers:
      Accept:
      - application/json
      Accept-Encoding:
      - gzip, deflate
      CommandName:
      - stack sub create
      Connection:
      - keep-alive
      Content-Length:
      - '1153'
      Content-Type:
      - application/json
      ParameterSetName:
      - --name --location --deployment-resource-group -p --deny-settings-mode --aou
        --yes
      User-Agent:
      - AZURECLI/2.60.0 azsdk-python-core/1.28.0 Python/3.11.9 (Windows-10-10.0.22631-SP0)
    method: PUT
    uri: https://management.azure.com/subscriptions/00000000-0000-0000-0000-000000000000/providers/Microsoft.Resources/deploymentStacks/cli-test-create-deployment-stack-subscription000002?api-version=2024-03-01
  response:
    body:
      string: "{\r\n  \"location\": \"westcentralus\",\r\n  \"tags\": {},\r\n  \"\
        properties\": {\r\n    \"actionOnUnmanage\": {\r\n      \"resources\": \"\
        delete\",\r\n      \"resourceGroups\": \"delete\",\r\n      \"managementGroups\"\
        : \"delete\"\r\n    },\r\n    \"deploymentScope\": \"/subscriptions/00000000-0000-0000-0000-000000000000/resourceGroups/cli_test_deployment_stacks000001\"\
        ,\r\n    \"denySettings\": {\r\n      \"mode\": \"none\",\r\n      \"applyToChildScopes\"\
        : false\r\n    },\r\n    \"parameters\": {\r\n      \"location\": {\r\n  \
        \      \"value\": \"westcentralus\",\r\n        \"type\": \"string\"\r\n \
        \     },\r\n      \"kind\": {\r\n        \"value\": \"StorageV2\",\r\n   \
        \     \"type\": \"string\"\r\n      }\r\n    },\r\n    \"resources\": [],\r\
        \n    \"provisioningState\": \"initializing\",\r\n    \"detachedResources\"\
        : [],\r\n    \"deletedResources\": [],\r\n    \"failedResources\": [],\r\n\
        \    \"correlationId\": \"30b1b843-35cb-4774-9b69-15057e9831ca\"\r\n  },\r\
        \n  \"systemData\": {\r\n    \"createdBy\": \"kylealbert@microsoft.com\",\r\
        \n    \"createdByType\": \"User\",\r\n    \"createdAt\": \"2024-05-06T15:03:50.4034268Z\"\
        ,\r\n    \"lastModifiedBy\": \"kylealbert@microsoft.com\",\r\n    \"lastModifiedByType\"\
        : \"User\",\r\n    \"lastModifiedAt\": \"2024-05-06T15:03:50.4034268Z\"\r\n\
        \  },\r\n  \"id\": \"/subscriptions/00000000-0000-0000-0000-000000000000/providers/Microsoft.Resources/deploymentStacks/cli-test-create-deployment-stack-subscription000002\"\
        ,\r\n  \"type\": \"Microsoft.Resources/deploymentStacks\",\r\n  \"name\":\
        \ \"cli-test-create-deployment-stack-subscription000002\"\r\n}"
    headers:
      azure-asyncoperation:
      - https://management.azure.com/subscriptions/00000000-0000-0000-0000-000000000000/providers/Microsoft.Resources/locations/westcentralus/deploymentStackOperationStatus/af7a753c-204a-43d1-9cb2-db6c86c6e6c9?api-version=2024-03-01&t=638506046305909277&c=MIIHSDCCBjCgAwIBAgITOgL812J3bsxmlrvPkwAEAvzXYjANBgkqhkiG9w0BAQsFADBEMRMwEQYKCZImiZPyLGQBGRYDR0JMMRMwEQYKCZImiZPyLGQBGRYDQU1FMRgwFgYDVQQDEw9BTUUgSU5GUkEgQ0EgMDEwHhcNMjQwNTAyMDk1OTMwWhcNMjUwNDI3MDk1OTMwWjBAMT4wPAYDVQQDEzVhc3luY29wZXJhdGlvbnNpZ25pbmdjZXJ0aWZpY2F0ZS5tYW5hZ2VtZW50LmF6dXJlLmNvbTCCASIwDQYJKoZIhvcNAQEBBQADggEPADCCAQoCggEBAL64PKSJ-cGqrAplcjqwnPYG9_lP5PLY32qxWVE0KRVW9wV5-Iag5UfiqTkhBOOic-8zySH7YfsyxypX2J1b3k5gNoBtsv5mLUcsHDJuBKw-CD9CInDBkUmF0TX0j3cy8Z67tL2QBrM0qzC6lMzFG4uOMVxkTvIP9FPeIX8b-WOfNWDTT5G0YnbHaYtvdoDB9ToVwJPq7xO-__F3iNYa1d67Dy7CRquNAcje1RigGZdklIxs4kImNfvE0n_Tx7lpnPu9Ad0XA9PuFFPahr-lXUCl8mbJN10HJsmFo2yuAReLQpzePsL4YDz_4KCvdDe9k3u_GU_kGFmtp3rqpNNVWr0CAwEAAaOCBDUwggQxMCcGCSsGAQQBgjcVCgQaMBgwCgYIKwYBBQUHAwEwCgYIKwYBBQUHAwIwPQYJKwYBBAGCNxUHBDAwLgYmKwYBBAGCNxUIhpDjDYTVtHiE8Ys-hZvdFs6dEoFggvX2K4Py0SACAWQCAQowggHaBggrBgEFBQcBAQSCAcwwggHIMGYGCCsGAQUFBzAChlpodHRwOi8vY3JsLm1pY3Jvc29mdC5jb20vcGtpaW5mcmEvQ2VydHMvQlkyUEtJSU5UQ0EwMS5BTUUuR0JMX0FNRSUyMElORlJBJTIwQ0ElMjAwMSg0KS5jcnQwVgYIKwYBBQUHMAKGSmh0dHA6Ly9jcmwxLmFtZS5nYmwvYWlhL0JZMlBLSUlOVENBMDEuQU1FLkdCTF9BTUUlMjBJTkZSQSUyMENBJTIwMDEoNCkuY3J0MFYGCCsGAQUFBzAChkpodHRwOi8vY3JsMi5hbWUuZ2JsL2FpYS9CWTJQS0lJTlRDQTAxLkFNRS5HQkxfQU1FJTIwSU5GUkElMjBDQSUyMDAxKDQpLmNydDBWBggrBgEFBQcwAoZKaHR0cDovL2NybDMuYW1lLmdibC9haWEvQlkyUEtJSU5UQ0EwMS5BTUUuR0JMX0FNRSUyMElORlJBJTIwQ0ElMjAwMSg0KS5jcnQwVgYIKwYBBQUHMAKGSmh0dHA6Ly9jcmw0LmFtZS5nYmwvYWlhL0JZMlBLSUlOVENBMDEuQU1FLkdCTF9BTUUlMjBJTkZSQSUyMENBJTIwMDEoNCkuY3J0MB0GA1UdDgQWBBSQJ44tQ0ZiRKUrUACXxBoUo3BvkjAOBgNVHQ8BAf8EBAMCBaAwggE1BgNVHR8EggEsMIIBKDCCASSgggEgoIIBHIZCaHR0cDovL2NybC5taWNyb3NvZnQuY29tL3BraWluZnJhL0NSTC9BTUUlMjBJTkZSQSUyMENBJTIwMDEoNCkuY3JshjRodHRwOi8vY3JsMS5hbWUuZ2JsL2NybC9BTUUlMjBJTkZSQSUyMENBJTIwMDEoNCkuY3JshjRodHRwOi8vY3JsMi5hbWUuZ2JsL2NybC9BTUUlMjBJTkZSQSUyMENBJTIwMDEoNCkuY3JshjRodHRwOi8vY3JsMy5hbWUuZ2JsL2NybC9BTUUlMjBJTkZSQSUyMENBJTIwMDEoNCkuY3JshjRodHRwOi8vY3JsNC5hbWUuZ2JsL2NybC9BTUUlMjBJTkZSQSUyMENBJTIwMDEoNCkuY3JsMEEGA1UdIAQ6MDgwDAYKKwYBBAGCN3sBATAMBgorBgEEAYI3ewIBMAwGCisGAQQBgjd7AwEwDAYKKwYBBAGCN3sEATAfBgNVHSMEGDAWgBTl2Ztn_PjsurvwwKidileIud8-YzAdBgNVHSUEFjAUBggrBgEFBQcDAQYIKwYBBQUHAwIwDQYJKoZIhvcNAQELBQADggEBAEMSzHhEd4RmEn_1_ckJ5s8TvpAvihtWZi2rnFPylTSyPx9R1-3iFH9svl8iiVAEQFskYfTZUM84yA1oKx9pDhjQuXpl9gTUJ8EMsb-Ny0NcNF-tPwZ51Jown1dwNS5CbI9i_v6Iro7iVQ7XBu0eSRP9umxqkxmhGbDj-saGCKWuLjg8C7t8lS2EiGDD04d58Zm_40UZWvRf1VoAtE1R8X1fC75HtqbAPT6HCcfu6jxOIGjgX0SwqJ9_Psb11vmVmfcWFKtckrcXocWZ5r-QssTebSkei4Rs4UWsbwbxNHV5RF2bvQ7LIBZVc2anTnAmKJ3UpUgWUWUhZ9BMhXAPbos&s=a9SWBTamw_kZ8V2G-88g4QZZwfkQwvsbm_gbPmdDK_SVtUajXOa7RdYRHsHVT-gvkfW1PmwINcwOEpOX-XkLynR2GYhIyPD1Glo15Wgz8ESN-ag-RPamzSgHbUgR3YGAx6L0-garNW6dbXte5HuB7nX5z0e0Boefcv3UEU6m_9oGsgHw93AJ-moXZsLYCMS6Ny4_4pmIANPRu9Otb2anhfx5ypA079rb2tFiqTXrE7xnAGIVlK_6zpFwK1knbM7EVETn0YsicgOftH3DUnejdta6bZgCVa_JB6jWsKu6Cejpwp3ses1wfebJisn7AGCB2YdxpZ_5EocNdM8Z3x0sEg&h=GJc9YEqWtTxMJoxh-JM9EtLI_BjZp8WZ8GnfcA3QX4I
      cache-control:
      - no-cache
      content-length:
      - '1414'
      content-type:
      - application/json; charset=utf-8
      date:
      - Mon, 06 May 2024 15:03:49 GMT
      expires:
      - '-1'
      pragma:
      - no-cache
      strict-transport-security:
      - max-age=31536000; includeSubDomains
      x-cache:
      - CONFIG_NOCACHE
      x-content-type-options:
      - nosniff
      x-ms-ratelimit-remaining-subscription-writes:
      - '1199'
      x-msedge-ref:
      - 'Ref A: 01C582B0DD23408883F204186AF9ECAB Ref B: BN1AA2051013033 Ref C: 2024-05-06T15:03:50Z'
    status:
      code: 201
      message: Created
- request:
    body: null
    headers:
      Accept:
      - '*/*'
      Accept-Encoding:
      - gzip, deflate
      CommandName:
      - stack sub create
      Connection:
      - keep-alive
      ParameterSetName:
      - --name --location --deployment-resource-group -p --deny-settings-mode --aou
        --yes
      User-Agent:
      - AZURECLI/2.60.0 azsdk-python-core/1.28.0 Python/3.11.9 (Windows-10-10.0.22631-SP0)
    method: GET
    uri: https://management.azure.com/subscriptions/00000000-0000-0000-0000-000000000000/providers/Microsoft.Resources/locations/westcentralus/deploymentStackOperationStatus/af7a753c-204a-43d1-9cb2-db6c86c6e6c9?api-version=2024-03-01&t=638506046305909277&c=MIIHSDCCBjCgAwIBAgITOgL812J3bsxmlrvPkwAEAvzXYjANBgkqhkiG9w0BAQsFADBEMRMwEQYKCZImiZPyLGQBGRYDR0JMMRMwEQYKCZImiZPyLGQBGRYDQU1FMRgwFgYDVQQDEw9BTUUgSU5GUkEgQ0EgMDEwHhcNMjQwNTAyMDk1OTMwWhcNMjUwNDI3MDk1OTMwWjBAMT4wPAYDVQQDEzVhc3luY29wZXJhdGlvbnNpZ25pbmdjZXJ0aWZpY2F0ZS5tYW5hZ2VtZW50LmF6dXJlLmNvbTCCASIwDQYJKoZIhvcNAQEBBQADggEPADCCAQoCggEBAL64PKSJ-cGqrAplcjqwnPYG9_lP5PLY32qxWVE0KRVW9wV5-Iag5UfiqTkhBOOic-8zySH7YfsyxypX2J1b3k5gNoBtsv5mLUcsHDJuBKw-CD9CInDBkUmF0TX0j3cy8Z67tL2QBrM0qzC6lMzFG4uOMVxkTvIP9FPeIX8b-WOfNWDTT5G0YnbHaYtvdoDB9ToVwJPq7xO-__F3iNYa1d67Dy7CRquNAcje1RigGZdklIxs4kImNfvE0n_Tx7lpnPu9Ad0XA9PuFFPahr-lXUCl8mbJN10HJsmFo2yuAReLQpzePsL4YDz_4KCvdDe9k3u_GU_kGFmtp3rqpNNVWr0CAwEAAaOCBDUwggQxMCcGCSsGAQQBgjcVCgQaMBgwCgYIKwYBBQUHAwEwCgYIKwYBBQUHAwIwPQYJKwYBBAGCNxUHBDAwLgYmKwYBBAGCNxUIhpDjDYTVtHiE8Ys-hZvdFs6dEoFggvX2K4Py0SACAWQCAQowggHaBggrBgEFBQcBAQSCAcwwggHIMGYGCCsGAQUFBzAChlpodHRwOi8vY3JsLm1pY3Jvc29mdC5jb20vcGtpaW5mcmEvQ2VydHMvQlkyUEtJSU5UQ0EwMS5BTUUuR0JMX0FNRSUyMElORlJBJTIwQ0ElMjAwMSg0KS5jcnQwVgYIKwYBBQUHMAKGSmh0dHA6Ly9jcmwxLmFtZS5nYmwvYWlhL0JZMlBLSUlOVENBMDEuQU1FLkdCTF9BTUUlMjBJTkZSQSUyMENBJTIwMDEoNCkuY3J0MFYGCCsGAQUFBzAChkpodHRwOi8vY3JsMi5hbWUuZ2JsL2FpYS9CWTJQS0lJTlRDQTAxLkFNRS5HQkxfQU1FJTIwSU5GUkElMjBDQSUyMDAxKDQpLmNydDBWBggrBgEFBQcwAoZKaHR0cDovL2NybDMuYW1lLmdibC9haWEvQlkyUEtJSU5UQ0EwMS5BTUUuR0JMX0FNRSUyMElORlJBJTIwQ0ElMjAwMSg0KS5jcnQwVgYIKwYBBQUHMAKGSmh0dHA6Ly9jcmw0LmFtZS5nYmwvYWlhL0JZMlBLSUlOVENBMDEuQU1FLkdCTF9BTUUlMjBJTkZSQSUyMENBJTIwMDEoNCkuY3J0MB0GA1UdDgQWBBSQJ44tQ0ZiRKUrUACXxBoUo3BvkjAOBgNVHQ8BAf8EBAMCBaAwggE1BgNVHR8EggEsMIIBKDCCASSgggEgoIIBHIZCaHR0cDovL2NybC5taWNyb3NvZnQuY29tL3BraWluZnJhL0NSTC9BTUUlMjBJTkZSQSUyMENBJTIwMDEoNCkuY3JshjRodHRwOi8vY3JsMS5hbWUuZ2JsL2NybC9BTUUlMjBJTkZSQSUyMENBJTIwMDEoNCkuY3JshjRodHRwOi8vY3JsMi5hbWUuZ2JsL2NybC9BTUUlMjBJTkZSQSUyMENBJTIwMDEoNCkuY3JshjRodHRwOi8vY3JsMy5hbWUuZ2JsL2NybC9BTUUlMjBJTkZSQSUyMENBJTIwMDEoNCkuY3JshjRodHRwOi8vY3JsNC5hbWUuZ2JsL2NybC9BTUUlMjBJTkZSQSUyMENBJTIwMDEoNCkuY3JsMEEGA1UdIAQ6MDgwDAYKKwYBBAGCN3sBATAMBgorBgEEAYI3ewIBMAwGCisGAQQBgjd7AwEwDAYKKwYBBAGCN3sEATAfBgNVHSMEGDAWgBTl2Ztn_PjsurvwwKidileIud8-YzAdBgNVHSUEFjAUBggrBgEFBQcDAQYIKwYBBQUHAwIwDQYJKoZIhvcNAQELBQADggEBAEMSzHhEd4RmEn_1_ckJ5s8TvpAvihtWZi2rnFPylTSyPx9R1-3iFH9svl8iiVAEQFskYfTZUM84yA1oKx9pDhjQuXpl9gTUJ8EMsb-Ny0NcNF-tPwZ51Jown1dwNS5CbI9i_v6Iro7iVQ7XBu0eSRP9umxqkxmhGbDj-saGCKWuLjg8C7t8lS2EiGDD04d58Zm_40UZWvRf1VoAtE1R8X1fC75HtqbAPT6HCcfu6jxOIGjgX0SwqJ9_Psb11vmVmfcWFKtckrcXocWZ5r-QssTebSkei4Rs4UWsbwbxNHV5RF2bvQ7LIBZVc2anTnAmKJ3UpUgWUWUhZ9BMhXAPbos&s=a9SWBTamw_kZ8V2G-88g4QZZwfkQwvsbm_gbPmdDK_SVtUajXOa7RdYRHsHVT-gvkfW1PmwINcwOEpOX-XkLynR2GYhIyPD1Glo15Wgz8ESN-ag-RPamzSgHbUgR3YGAx6L0-garNW6dbXte5HuB7nX5z0e0Boefcv3UEU6m_9oGsgHw93AJ-moXZsLYCMS6Ny4_4pmIANPRu9Otb2anhfx5ypA079rb2tFiqTXrE7xnAGIVlK_6zpFwK1knbM7EVETn0YsicgOftH3DUnejdta6bZgCVa_JB6jWsKu6Cejpwp3ses1wfebJisn7AGCB2YdxpZ_5EocNdM8Z3x0sEg&h=GJc9YEqWtTxMJoxh-JM9EtLI_BjZp8WZ8GnfcA3QX4I
  response:
    body:
      string: "{\r\n  \"id\": \"/subscriptions/00000000-0000-0000-0000-000000000000/providers/Microsoft.Resources/locations/westcentralus/deploymentStackOperationStatus/af7a753c-204a-43d1-9cb2-db6c86c6e6c9\"\
        ,\r\n  \"name\": \"af7a753c-204a-43d1-9cb2-db6c86c6e6c9\",\r\n  \"status\"\
        : \"initializing\"\r\n}"
    headers:
      cache-control:
      - no-cache
      content-length:
      - '269'
      content-type:
      - application/json; charset=utf-8
      date:
      - Mon, 06 May 2024 15:03:50 GMT
      expires:
      - '-1'
      pragma:
      - no-cache
      strict-transport-security:
      - max-age=31536000; includeSubDomains
      x-cache:
      - CONFIG_NOCACHE
      x-content-type-options:
      - nosniff
      x-msedge-ref:
      - 'Ref A: 48D2204CBEBA4789A2E6217416D5E983 Ref B: BN1AA2051013033 Ref C: 2024-05-06T15:03:50Z'
    status:
      code: 200
      message: OK
- request:
    body: null
    headers:
      Accept:
      - '*/*'
      Accept-Encoding:
      - gzip, deflate
      CommandName:
      - stack sub create
      Connection:
      - keep-alive
      ParameterSetName:
      - --name --location --deployment-resource-group -p --deny-settings-mode --aou
        --yes
      User-Agent:
      - AZURECLI/2.60.0 azsdk-python-core/1.28.0 Python/3.11.9 (Windows-10-10.0.22631-SP0)
    method: GET
    uri: https://management.azure.com/subscriptions/00000000-0000-0000-0000-000000000000/providers/Microsoft.Resources/locations/westcentralus/deploymentStackOperationStatus/af7a753c-204a-43d1-9cb2-db6c86c6e6c9?api-version=2024-03-01&t=638506046305909277&c=MIIHSDCCBjCgAwIBAgITOgL812J3bsxmlrvPkwAEAvzXYjANBgkqhkiG9w0BAQsFADBEMRMwEQYKCZImiZPyLGQBGRYDR0JMMRMwEQYKCZImiZPyLGQBGRYDQU1FMRgwFgYDVQQDEw9BTUUgSU5GUkEgQ0EgMDEwHhcNMjQwNTAyMDk1OTMwWhcNMjUwNDI3MDk1OTMwWjBAMT4wPAYDVQQDEzVhc3luY29wZXJhdGlvbnNpZ25pbmdjZXJ0aWZpY2F0ZS5tYW5hZ2VtZW50LmF6dXJlLmNvbTCCASIwDQYJKoZIhvcNAQEBBQADggEPADCCAQoCggEBAL64PKSJ-cGqrAplcjqwnPYG9_lP5PLY32qxWVE0KRVW9wV5-Iag5UfiqTkhBOOic-8zySH7YfsyxypX2J1b3k5gNoBtsv5mLUcsHDJuBKw-CD9CInDBkUmF0TX0j3cy8Z67tL2QBrM0qzC6lMzFG4uOMVxkTvIP9FPeIX8b-WOfNWDTT5G0YnbHaYtvdoDB9ToVwJPq7xO-__F3iNYa1d67Dy7CRquNAcje1RigGZdklIxs4kImNfvE0n_Tx7lpnPu9Ad0XA9PuFFPahr-lXUCl8mbJN10HJsmFo2yuAReLQpzePsL4YDz_4KCvdDe9k3u_GU_kGFmtp3rqpNNVWr0CAwEAAaOCBDUwggQxMCcGCSsGAQQBgjcVCgQaMBgwCgYIKwYBBQUHAwEwCgYIKwYBBQUHAwIwPQYJKwYBBAGCNxUHBDAwLgYmKwYBBAGCNxUIhpDjDYTVtHiE8Ys-hZvdFs6dEoFggvX2K4Py0SACAWQCAQowggHaBggrBgEFBQcBAQSCAcwwggHIMGYGCCsGAQUFBzAChlpodHRwOi8vY3JsLm1pY3Jvc29mdC5jb20vcGtpaW5mcmEvQ2VydHMvQlkyUEtJSU5UQ0EwMS5BTUUuR0JMX0FNRSUyMElORlJBJTIwQ0ElMjAwMSg0KS5jcnQwVgYIKwYBBQUHMAKGSmh0dHA6Ly9jcmwxLmFtZS5nYmwvYWlhL0JZMlBLSUlOVENBMDEuQU1FLkdCTF9BTUUlMjBJTkZSQSUyMENBJTIwMDEoNCkuY3J0MFYGCCsGAQUFBzAChkpodHRwOi8vY3JsMi5hbWUuZ2JsL2FpYS9CWTJQS0lJTlRDQTAxLkFNRS5HQkxfQU1FJTIwSU5GUkElMjBDQSUyMDAxKDQpLmNydDBWBggrBgEFBQcwAoZKaHR0cDovL2NybDMuYW1lLmdibC9haWEvQlkyUEtJSU5UQ0EwMS5BTUUuR0JMX0FNRSUyMElORlJBJTIwQ0ElMjAwMSg0KS5jcnQwVgYIKwYBBQUHMAKGSmh0dHA6Ly9jcmw0LmFtZS5nYmwvYWlhL0JZMlBLSUlOVENBMDEuQU1FLkdCTF9BTUUlMjBJTkZSQSUyMENBJTIwMDEoNCkuY3J0MB0GA1UdDgQWBBSQJ44tQ0ZiRKUrUACXxBoUo3BvkjAOBgNVHQ8BAf8EBAMCBaAwggE1BgNVHR8EggEsMIIBKDCCASSgggEgoIIBHIZCaHR0cDovL2NybC5taWNyb3NvZnQuY29tL3BraWluZnJhL0NSTC9BTUUlMjBJTkZSQSUyMENBJTIwMDEoNCkuY3JshjRodHRwOi8vY3JsMS5hbWUuZ2JsL2NybC9BTUUlMjBJTkZSQSUyMENBJTIwMDEoNCkuY3JshjRodHRwOi8vY3JsMi5hbWUuZ2JsL2NybC9BTUUlMjBJTkZSQSUyMENBJTIwMDEoNCkuY3JshjRodHRwOi8vY3JsMy5hbWUuZ2JsL2NybC9BTUUlMjBJTkZSQSUyMENBJTIwMDEoNCkuY3JshjRodHRwOi8vY3JsNC5hbWUuZ2JsL2NybC9BTUUlMjBJTkZSQSUyMENBJTIwMDEoNCkuY3JsMEEGA1UdIAQ6MDgwDAYKKwYBBAGCN3sBATAMBgorBgEEAYI3ewIBMAwGCisGAQQBgjd7AwEwDAYKKwYBBAGCN3sEATAfBgNVHSMEGDAWgBTl2Ztn_PjsurvwwKidileIud8-YzAdBgNVHSUEFjAUBggrBgEFBQcDAQYIKwYBBQUHAwIwDQYJKoZIhvcNAQELBQADggEBAEMSzHhEd4RmEn_1_ckJ5s8TvpAvihtWZi2rnFPylTSyPx9R1-3iFH9svl8iiVAEQFskYfTZUM84yA1oKx9pDhjQuXpl9gTUJ8EMsb-Ny0NcNF-tPwZ51Jown1dwNS5CbI9i_v6Iro7iVQ7XBu0eSRP9umxqkxmhGbDj-saGCKWuLjg8C7t8lS2EiGDD04d58Zm_40UZWvRf1VoAtE1R8X1fC75HtqbAPT6HCcfu6jxOIGjgX0SwqJ9_Psb11vmVmfcWFKtckrcXocWZ5r-QssTebSkei4Rs4UWsbwbxNHV5RF2bvQ7LIBZVc2anTnAmKJ3UpUgWUWUhZ9BMhXAPbos&s=a9SWBTamw_kZ8V2G-88g4QZZwfkQwvsbm_gbPmdDK_SVtUajXOa7RdYRHsHVT-gvkfW1PmwINcwOEpOX-XkLynR2GYhIyPD1Glo15Wgz8ESN-ag-RPamzSgHbUgR3YGAx6L0-garNW6dbXte5HuB7nX5z0e0Boefcv3UEU6m_9oGsgHw93AJ-moXZsLYCMS6Ny4_4pmIANPRu9Otb2anhfx5ypA079rb2tFiqTXrE7xnAGIVlK_6zpFwK1knbM7EVETn0YsicgOftH3DUnejdta6bZgCVa_JB6jWsKu6Cejpwp3ses1wfebJisn7AGCB2YdxpZ_5EocNdM8Z3x0sEg&h=GJc9YEqWtTxMJoxh-JM9EtLI_BjZp8WZ8GnfcA3QX4I
  response:
    body:
      string: "{\r\n  \"id\": \"/subscriptions/00000000-0000-0000-0000-000000000000/providers/Microsoft.Resources/locations/westcentralus/deploymentStackOperationStatus/af7a753c-204a-43d1-9cb2-db6c86c6e6c9\"\
        ,\r\n  \"name\": \"af7a753c-204a-43d1-9cb2-db6c86c6e6c9\",\r\n  \"status\"\
        : \"deploying\"\r\n}"
    headers:
      cache-control:
      - no-cache
      content-length:
      - '266'
      content-type:
      - application/json; charset=utf-8
      date:
      - Mon, 06 May 2024 15:04:20 GMT
      expires:
      - '-1'
      pragma:
      - no-cache
      strict-transport-security:
      - max-age=31536000; includeSubDomains
      x-cache:
      - CONFIG_NOCACHE
      x-content-type-options:
      - nosniff
      x-msedge-ref:
      - 'Ref A: 92D775F067E24475A540304946057AA2 Ref B: BN1AA2051013033 Ref C: 2024-05-06T15:04:21Z'
    status:
      code: 200
      message: OK
- request:
    body: null
    headers:
      Accept:
      - '*/*'
      Accept-Encoding:
      - gzip, deflate
      CommandName:
      - stack sub create
      Connection:
      - keep-alive
      ParameterSetName:
      - --name --location --deployment-resource-group -p --deny-settings-mode --aou
        --yes
      User-Agent:
      - AZURECLI/2.60.0 azsdk-python-core/1.28.0 Python/3.11.9 (Windows-10-10.0.22631-SP0)
    method: GET
    uri: https://management.azure.com/subscriptions/00000000-0000-0000-0000-000000000000/providers/Microsoft.Resources/locations/westcentralus/deploymentStackOperationStatus/af7a753c-204a-43d1-9cb2-db6c86c6e6c9?api-version=2024-03-01&t=638506046305909277&c=MIIHSDCCBjCgAwIBAgITOgL812J3bsxmlrvPkwAEAvzXYjANBgkqhkiG9w0BAQsFADBEMRMwEQYKCZImiZPyLGQBGRYDR0JMMRMwEQYKCZImiZPyLGQBGRYDQU1FMRgwFgYDVQQDEw9BTUUgSU5GUkEgQ0EgMDEwHhcNMjQwNTAyMDk1OTMwWhcNMjUwNDI3MDk1OTMwWjBAMT4wPAYDVQQDEzVhc3luY29wZXJhdGlvbnNpZ25pbmdjZXJ0aWZpY2F0ZS5tYW5hZ2VtZW50LmF6dXJlLmNvbTCCASIwDQYJKoZIhvcNAQEBBQADggEPADCCAQoCggEBAL64PKSJ-cGqrAplcjqwnPYG9_lP5PLY32qxWVE0KRVW9wV5-Iag5UfiqTkhBOOic-8zySH7YfsyxypX2J1b3k5gNoBtsv5mLUcsHDJuBKw-CD9CInDBkUmF0TX0j3cy8Z67tL2QBrM0qzC6lMzFG4uOMVxkTvIP9FPeIX8b-WOfNWDTT5G0YnbHaYtvdoDB9ToVwJPq7xO-__F3iNYa1d67Dy7CRquNAcje1RigGZdklIxs4kImNfvE0n_Tx7lpnPu9Ad0XA9PuFFPahr-lXUCl8mbJN10HJsmFo2yuAReLQpzePsL4YDz_4KCvdDe9k3u_GU_kGFmtp3rqpNNVWr0CAwEAAaOCBDUwggQxMCcGCSsGAQQBgjcVCgQaMBgwCgYIKwYBBQUHAwEwCgYIKwYBBQUHAwIwPQYJKwYBBAGCNxUHBDAwLgYmKwYBBAGCNxUIhpDjDYTVtHiE8Ys-hZvdFs6dEoFggvX2K4Py0SACAWQCAQowggHaBggrBgEFBQcBAQSCAcwwggHIMGYGCCsGAQUFBzAChlpodHRwOi8vY3JsLm1pY3Jvc29mdC5jb20vcGtpaW5mcmEvQ2VydHMvQlkyUEtJSU5UQ0EwMS5BTUUuR0JMX0FNRSUyMElORlJBJTIwQ0ElMjAwMSg0KS5jcnQwVgYIKwYBBQUHMAKGSmh0dHA6Ly9jcmwxLmFtZS5nYmwvYWlhL0JZMlBLSUlOVENBMDEuQU1FLkdCTF9BTUUlMjBJTkZSQSUyMENBJTIwMDEoNCkuY3J0MFYGCCsGAQUFBzAChkpodHRwOi8vY3JsMi5hbWUuZ2JsL2FpYS9CWTJQS0lJTlRDQTAxLkFNRS5HQkxfQU1FJTIwSU5GUkElMjBDQSUyMDAxKDQpLmNydDBWBggrBgEFBQcwAoZKaHR0cDovL2NybDMuYW1lLmdibC9haWEvQlkyUEtJSU5UQ0EwMS5BTUUuR0JMX0FNRSUyMElORlJBJTIwQ0ElMjAwMSg0KS5jcnQwVgYIKwYBBQUHMAKGSmh0dHA6Ly9jcmw0LmFtZS5nYmwvYWlhL0JZMlBLSUlOVENBMDEuQU1FLkdCTF9BTUUlMjBJTkZSQSUyMENBJTIwMDEoNCkuY3J0MB0GA1UdDgQWBBSQJ44tQ0ZiRKUrUACXxBoUo3BvkjAOBgNVHQ8BAf8EBAMCBaAwggE1BgNVHR8EggEsMIIBKDCCASSgggEgoIIBHIZCaHR0cDovL2NybC5taWNyb3NvZnQuY29tL3BraWluZnJhL0NSTC9BTUUlMjBJTkZSQSUyMENBJTIwMDEoNCkuY3JshjRodHRwOi8vY3JsMS5hbWUuZ2JsL2NybC9BTUUlMjBJTkZSQSUyMENBJTIwMDEoNCkuY3JshjRodHRwOi8vY3JsMi5hbWUuZ2JsL2NybC9BTUUlMjBJTkZSQSUyMENBJTIwMDEoNCkuY3JshjRodHRwOi8vY3JsMy5hbWUuZ2JsL2NybC9BTUUlMjBJTkZSQSUyMENBJTIwMDEoNCkuY3JshjRodHRwOi8vY3JsNC5hbWUuZ2JsL2NybC9BTUUlMjBJTkZSQSUyMENBJTIwMDEoNCkuY3JsMEEGA1UdIAQ6MDgwDAYKKwYBBAGCN3sBATAMBgorBgEEAYI3ewIBMAwGCisGAQQBgjd7AwEwDAYKKwYBBAGCN3sEATAfBgNVHSMEGDAWgBTl2Ztn_PjsurvwwKidileIud8-YzAdBgNVHSUEFjAUBggrBgEFBQcDAQYIKwYBBQUHAwIwDQYJKoZIhvcNAQELBQADggEBAEMSzHhEd4RmEn_1_ckJ5s8TvpAvihtWZi2rnFPylTSyPx9R1-3iFH9svl8iiVAEQFskYfTZUM84yA1oKx9pDhjQuXpl9gTUJ8EMsb-Ny0NcNF-tPwZ51Jown1dwNS5CbI9i_v6Iro7iVQ7XBu0eSRP9umxqkxmhGbDj-saGCKWuLjg8C7t8lS2EiGDD04d58Zm_40UZWvRf1VoAtE1R8X1fC75HtqbAPT6HCcfu6jxOIGjgX0SwqJ9_Psb11vmVmfcWFKtckrcXocWZ5r-QssTebSkei4Rs4UWsbwbxNHV5RF2bvQ7LIBZVc2anTnAmKJ3UpUgWUWUhZ9BMhXAPbos&s=a9SWBTamw_kZ8V2G-88g4QZZwfkQwvsbm_gbPmdDK_SVtUajXOa7RdYRHsHVT-gvkfW1PmwINcwOEpOX-XkLynR2GYhIyPD1Glo15Wgz8ESN-ag-RPamzSgHbUgR3YGAx6L0-garNW6dbXte5HuB7nX5z0e0Boefcv3UEU6m_9oGsgHw93AJ-moXZsLYCMS6Ny4_4pmIANPRu9Otb2anhfx5ypA079rb2tFiqTXrE7xnAGIVlK_6zpFwK1knbM7EVETn0YsicgOftH3DUnejdta6bZgCVa_JB6jWsKu6Cejpwp3ses1wfebJisn7AGCB2YdxpZ_5EocNdM8Z3x0sEg&h=GJc9YEqWtTxMJoxh-JM9EtLI_BjZp8WZ8GnfcA3QX4I
  response:
    body:
      string: "{\r\n  \"id\": \"/subscriptions/00000000-0000-0000-0000-000000000000/providers/Microsoft.Resources/locations/westcentralus/deploymentStackOperationStatus/af7a753c-204a-43d1-9cb2-db6c86c6e6c9\"\
        ,\r\n  \"name\": \"af7a753c-204a-43d1-9cb2-db6c86c6e6c9\",\r\n  \"status\"\
        : \"succeeded\"\r\n}"
    headers:
      cache-control:
      - no-cache
      content-length:
      - '266'
      content-type:
      - application/json; charset=utf-8
      date:
      - Mon, 06 May 2024 15:04:50 GMT
      expires:
      - '-1'
      pragma:
      - no-cache
      strict-transport-security:
      - max-age=31536000; includeSubDomains
      x-cache:
      - CONFIG_NOCACHE
      x-content-type-options:
      - nosniff
      x-msedge-ref:
      - 'Ref A: 474EE668D29F45F3ACF8118121C7807F Ref B: BN1AA2051013033 Ref C: 2024-05-06T15:04:51Z'
    status:
      code: 200
      message: OK
- request:
    body: null
    headers:
      Accept:
      - '*/*'
      Accept-Encoding:
      - gzip, deflate
      CommandName:
      - stack sub create
      Connection:
      - keep-alive
      ParameterSetName:
      - --name --location --deployment-resource-group -p --deny-settings-mode --aou
        --yes
      User-Agent:
      - AZURECLI/2.60.0 azsdk-python-core/1.28.0 Python/3.11.9 (Windows-10-10.0.22631-SP0)
    method: GET
    uri: https://management.azure.com/subscriptions/00000000-0000-0000-0000-000000000000/providers/Microsoft.Resources/deploymentStacks/cli-test-create-deployment-stack-subscription000002?api-version=2024-03-01
  response:
    body:
      string: "{\r\n  \"location\": \"westcentralus\",\r\n  \"tags\": {},\r\n  \"\
        properties\": {\r\n    \"actionOnUnmanage\": {\r\n      \"resources\": \"\
        delete\",\r\n      \"resourceGroups\": \"delete\",\r\n      \"managementGroups\"\
        : \"delete\"\r\n    },\r\n    \"deploymentId\": \"/subscriptions/00000000-0000-0000-0000-000000000000/resourceGroups/cli_test_deployment_stacks000001/providers/Microsoft.Resources/deployments/cli-test-create-deployment-stack-subscriptionmohff-2405061514hcp\"\
        ,\r\n    \"deploymentScope\": \"/subscriptions/00000000-0000-0000-0000-000000000000/resourceGroups/cli_test_deployment_stacks000001\"\
        ,\r\n    \"duration\": \"PT35.8096522S\",\r\n    \"denySettings\": {\r\n \
        \     \"mode\": \"none\",\r\n      \"applyToChildScopes\": false\r\n    },\r\
        \n    \"parameters\": {\r\n      \"location\": {\r\n        \"value\": \"\
        westcentralus\",\r\n        \"type\": \"string\"\r\n      },\r\n      \"kind\"\
        : {\r\n        \"value\": \"StorageV2\",\r\n        \"type\": \"string\"\r\
        \n      }\r\n    },\r\n    \"resources\": [\r\n      {\r\n        \"status\"\
        : \"managed\",\r\n        \"denyStatus\": \"none\",\r\n        \"id\": \"\
        /subscriptions/00000000-0000-0000-0000-000000000000/resourceGroups/cli_test_deployment_stacks000001/providers/Microsoft.Storage/storageAccounts/clistoremv2tes722qt5a\"\
        \r\n      }\r\n    ],\r\n    \"provisioningState\": \"succeeded\",\r\n   \
        \ \"detachedResources\": [],\r\n    \"deletedResources\": [],\r\n    \"failedResources\"\
        : [],\r\n    \"correlationId\": \"30b1b843-35cb-4774-9b69-15057e9831ca\"\r\
        \n  },\r\n  \"systemData\": {\r\n    \"createdBy\": \"kylealbert@microsoft.com\"\
        ,\r\n    \"createdByType\": \"User\",\r\n    \"createdAt\": \"2024-05-06T15:03:50.4034268Z\"\
        ,\r\n    \"lastModifiedBy\": \"kylealbert@microsoft.com\",\r\n    \"lastModifiedByType\"\
        : \"User\",\r\n    \"lastModifiedAt\": \"2024-05-06T15:03:50.4034268Z\"\r\n\
        \  },\r\n  \"id\": \"/subscriptions/00000000-0000-0000-0000-000000000000/providers/Microsoft.Resources/deploymentStacks/cli-test-create-deployment-stack-subscription000002\"\
        ,\r\n  \"type\": \"Microsoft.Resources/deploymentStacks\",\r\n  \"name\":\
        \ \"cli-test-create-deployment-stack-subscription000002\"\r\n}"
    headers:
      cache-control:
      - no-cache
      content-length:
      - '1944'
      content-type:
      - application/json; charset=utf-8
      date:
      - Mon, 06 May 2024 15:04:51 GMT
      expires:
      - '-1'
      pragma:
      - no-cache
      strict-transport-security:
      - max-age=31536000; includeSubDomains
      x-cache:
      - CONFIG_NOCACHE
      x-content-type-options:
      - nosniff
      x-msedge-ref:
      - 'Ref A: 46A572F71EF7452F8A17574910BEB268 Ref B: BN1AA2051013033 Ref C: 2024-05-06T15:04:51Z'
    status:
      code: 200
      message: OK
- request:
    body: null
    headers:
      Accept:
      - application/json
      Accept-Encoding:
      - gzip, deflate
      CommandName:
      - stack sub delete
      Connection:
      - keep-alive
      ParameterSetName:
      - --name --action-on-unmanage --yes
      User-Agent:
      - AZURECLI/2.60.0 azsdk-python-core/1.28.0 Python/3.11.9 (Windows-10-10.0.22631-SP0)
    method: GET
    uri: https://management.azure.com/subscriptions/00000000-0000-0000-0000-000000000000/providers/Microsoft.Resources/deploymentStacks/cli-test-create-deployment-stack-subscription000002?api-version=2024-03-01
  response:
    body:
      string: "{\r\n  \"location\": \"westcentralus\",\r\n  \"tags\": {},\r\n  \"\
        properties\": {\r\n    \"actionOnUnmanage\": {\r\n      \"resources\": \"\
        delete\",\r\n      \"resourceGroups\": \"delete\",\r\n      \"managementGroups\"\
        : \"delete\"\r\n    },\r\n    \"deploymentId\": \"/subscriptions/00000000-0000-0000-0000-000000000000/resourceGroups/cli_test_deployment_stacks000001/providers/Microsoft.Resources/deployments/cli-test-create-deployment-stack-subscriptionmohff-2405061514hcp\"\
        ,\r\n    \"deploymentScope\": \"/subscriptions/00000000-0000-0000-0000-000000000000/resourceGroups/cli_test_deployment_stacks000001\"\
        ,\r\n    \"duration\": \"PT35.8096522S\",\r\n    \"denySettings\": {\r\n \
        \     \"mode\": \"none\",\r\n      \"applyToChildScopes\": false\r\n    },\r\
        \n    \"parameters\": {\r\n      \"location\": {\r\n        \"value\": \"\
        westcentralus\",\r\n        \"type\": \"string\"\r\n      },\r\n      \"kind\"\
        : {\r\n        \"value\": \"StorageV2\",\r\n        \"type\": \"string\"\r\
        \n      }\r\n    },\r\n    \"resources\": [\r\n      {\r\n        \"status\"\
        : \"managed\",\r\n        \"denyStatus\": \"none\",\r\n        \"id\": \"\
        /subscriptions/00000000-0000-0000-0000-000000000000/resourceGroups/cli_test_deployment_stacks000001/providers/Microsoft.Storage/storageAccounts/clistoremv2tes722qt5a\"\
        \r\n      }\r\n    ],\r\n    \"provisioningState\": \"succeeded\",\r\n   \
        \ \"detachedResources\": [],\r\n    \"deletedResources\": [],\r\n    \"failedResources\"\
        : [],\r\n    \"correlationId\": \"30b1b843-35cb-4774-9b69-15057e9831ca\"\r\
        \n  },\r\n  \"systemData\": {\r\n    \"createdBy\": \"kylealbert@microsoft.com\"\
        ,\r\n    \"createdByType\": \"User\",\r\n    \"createdAt\": \"2024-05-06T15:03:50.4034268Z\"\
        ,\r\n    \"lastModifiedBy\": \"kylealbert@microsoft.com\",\r\n    \"lastModifiedByType\"\
        : \"User\",\r\n    \"lastModifiedAt\": \"2024-05-06T15:03:50.4034268Z\"\r\n\
        \  },\r\n  \"id\": \"/subscriptions/00000000-0000-0000-0000-000000000000/providers/Microsoft.Resources/deploymentStacks/cli-test-create-deployment-stack-subscription000002\"\
        ,\r\n  \"type\": \"Microsoft.Resources/deploymentStacks\",\r\n  \"name\":\
        \ \"cli-test-create-deployment-stack-subscription000002\"\r\n}"
    headers:
      cache-control:
      - no-cache
      content-length:
      - '1944'
      content-type:
      - application/json; charset=utf-8
      date:
      - Mon, 06 May 2024 15:04:53 GMT
      expires:
      - '-1'
      pragma:
      - no-cache
      strict-transport-security:
      - max-age=31536000; includeSubDomains
      x-cache:
      - CONFIG_NOCACHE
      x-content-type-options:
      - nosniff
      x-msedge-ref:
      - 'Ref A: 7B95DC4698B24528976DE3A109188C65 Ref B: BN1AA2051014037 Ref C: 2024-05-06T15:04:52Z'
    status:
      code: 200
      message: OK
- request:
    body: null
    headers:
      Accept:
      - application/json
      Accept-Encoding:
      - gzip, deflate
      CommandName:
      - stack sub delete
      Connection:
      - keep-alive
      Content-Length:
      - '0'
      ParameterSetName:
      - --name --action-on-unmanage --yes
      User-Agent:
      - AZURECLI/2.60.0 azsdk-python-core/1.28.0 Python/3.11.9 (Windows-10-10.0.22631-SP0)
    method: DELETE
    uri: https://management.azure.com/subscriptions/00000000-0000-0000-0000-000000000000/providers/Microsoft.Resources/deploymentStacks/cli-test-create-deployment-stack-subscription000002?unmanageAction.Resources=detach&unmanageAction.ResourceGroups=detach&unmanageAction.ManagementGroups=detach&api-version=2024-03-01
  response:
    body:
      string: ''
    headers:
      cache-control:
      - no-cache
      content-length:
      - '0'
      date:
      - Mon, 06 May 2024 15:04:53 GMT
      expires:
      - '-1'
      pragma:
      - no-cache
      strict-transport-security:
      - max-age=31536000; includeSubDomains
      x-cache:
      - CONFIG_NOCACHE
      x-content-type-options:
      - nosniff
      x-ms-ratelimit-remaining-subscription-deletes:
      - '14999'
      x-msedge-ref:
      - 'Ref A: 527AF261024A47398C83B7AED195530F Ref B: BN1AA2051014037 Ref C: 2024-05-06T15:04:53Z'
    status:
      code: 200
      message: OK
version: 1
