interactions:
- request:
    body: null
    headers:
      Accept:
      - application/json
      Accept-Encoding:
      - gzip, deflate
      CommandName:
      - network vnet create
      Connection:
      - keep-alive
      ParameterSetName:
      - -n -g
      User-Agent:
      - python/3.7.3 (Windows-10-10.0.19041-SP0) msrest/0.6.18 msrest_azure/0.6.3
        azure-mgmt-resource/12.0.0 Azure-SDK-For-Python AZURECLI/2.19.0
      accept-language:
      - en-US
    method: GET
    uri: https://management.azure.com/subscriptions/00000000-0000-0000-0000-000000000000/resourcegroups/cli_test_readonly_resource_lock000001?api-version=2020-10-01
  response:
    body:
      string: '{"id":"/subscriptions/00000000-0000-0000-0000-000000000000/resourceGroups/cli_test_readonly_resource_lock000001","name":"cli_test_readonly_resource_lock000001","type":"Microsoft.Resources/resourceGroups","location":"westus","tags":{"product":"azurecli","cause":"automation","date":"2021-02-10T12:55:09Z"},"properties":{"provisioningState":"Succeeded"}}'
    headers:
      cache-control:
      - no-cache
      content-length:
      - '428'
      content-type:
      - application/json; charset=utf-8
      date:
      - Wed, 10 Feb 2021 12:55:12 GMT
      expires:
      - '-1'
      pragma:
      - no-cache
      strict-transport-security:
      - max-age=31536000; includeSubDomains
      vary:
      - Accept-Encoding
      x-content-type-options:
      - nosniff
    status:
      code: 200
      message: OK
- request:
    body: '{"location": "westus", "tags": {}, "properties": {"addressSpace": {"addressPrefixes":
      ["10.0.0.0/16"]}, "dhcpOptions": {}}}'
    headers:
      Accept:
      - application/json
      Accept-Encoding:
      - gzip, deflate
      CommandName:
      - network vnet create
      Connection:
      - keep-alive
      Content-Length:
      - '123'
      Content-Type:
      - application/json
      ParameterSetName:
      - -n -g
      User-Agent:
      - AZURECLI/2.19.0 azsdk-python-azure-mgmt-network/17.1.0 Python/3.7.3 (Windows-10-10.0.19041-SP0)
    method: PUT
    uri: https://management.azure.com/subscriptions/00000000-0000-0000-0000-000000000000/resourceGroups/cli_test_readonly_resource_lock000001/providers/Microsoft.Network/virtualNetworks/cli.lock.rsrc000002?api-version=2020-08-01
  response:
    body:
      string: "{\r\n  \"name\": \"cli.lock.rsrc000002\",\r\n  \"id\": \"/subscriptions/00000000-0000-0000-0000-000000000000/resourceGroups/cli_test_readonly_resource_lock000001/providers/Microsoft.Network/virtualNetworks/cli.lock.rsrc000002\",\r\n
        \ \"etag\": \"W/\\\"a0958932-065e-4f73-a560-3b43aa84b105\\\"\",\r\n  \"type\":
        \"Microsoft.Network/virtualNetworks\",\r\n  \"location\": \"westus\",\r\n
        \ \"tags\": {},\r\n  \"properties\": {\r\n    \"provisioningState\": \"Updating\",\r\n
        \   \"resourceGuid\": \"9fe509bf-ef33-4fcc-830c-a64137ab7c27\",\r\n    \"addressSpace\":
        {\r\n      \"addressPrefixes\": [\r\n        \"10.0.0.0/16\"\r\n      ]\r\n
        \   },\r\n    \"dhcpOptions\": {\r\n      \"dnsServers\": []\r\n    },\r\n
        \   \"subnets\": [],\r\n    \"virtualNetworkPeerings\": [],\r\n    \"enableDdosProtection\":
        false\r\n  }\r\n}"
    headers:
      azure-asyncnotification:
      - Enabled
      azure-asyncoperation:
      - https://management.azure.com/subscriptions/00000000-0000-0000-0000-000000000000/providers/Microsoft.Network/locations/westus/operations/12c6bf2e-6698-4f2b-a4de-18663b43d615?api-version=2020-08-01
      cache-control:
      - no-cache
      content-length:
      - '782'
      content-type:
      - application/json; charset=utf-8
      date:
      - Wed, 10 Feb 2021 12:55:17 GMT
      expires:
      - '-1'
      pragma:
      - no-cache
      server:
      - Microsoft-HTTPAPI/2.0
      - Microsoft-HTTPAPI/2.0
      strict-transport-security:
      - max-age=31536000; includeSubDomains
      x-content-type-options:
      - nosniff
      x-ms-arm-service-request-id:
      - 5f41495c-9e0e-4086-a24f-c0a306191109
      x-ms-ratelimit-remaining-subscription-writes:
      - '1192'
    status:
      code: 201
      message: Created
- request:
    body: null
    headers:
      Accept:
      - '*/*'
      Accept-Encoding:
      - gzip, deflate
      CommandName:
      - network vnet create
      Connection:
      - keep-alive
      ParameterSetName:
      - -n -g
      User-Agent:
      - AZURECLI/2.19.0 azsdk-python-azure-mgmt-network/17.1.0 Python/3.7.3 (Windows-10-10.0.19041-SP0)
    method: GET
    uri: https://management.azure.com/subscriptions/00000000-0000-0000-0000-000000000000/providers/Microsoft.Network/locations/westus/operations/12c6bf2e-6698-4f2b-a4de-18663b43d615?api-version=2020-08-01
  response:
    body:
      string: "{\r\n  \"status\": \"Succeeded\"\r\n}"
    headers:
      cache-control:
      - no-cache
      content-length:
      - '29'
      content-type:
      - application/json; charset=utf-8
      date:
      - Wed, 10 Feb 2021 12:55:20 GMT
      expires:
      - '-1'
      pragma:
      - no-cache
      server:
      - Microsoft-HTTPAPI/2.0
      - Microsoft-HTTPAPI/2.0
      strict-transport-security:
      - max-age=31536000; includeSubDomains
      transfer-encoding:
      - chunked
      vary:
      - Accept-Encoding
      x-content-type-options:
      - nosniff
      x-ms-arm-service-request-id:
      - 82c2669f-a0a9-402d-9125-a29de257e014
    status:
      code: 200
      message: OK
- request:
    body: null
    headers:
      Accept:
      - '*/*'
      Accept-Encoding:
      - gzip, deflate
      CommandName:
      - network vnet create
      Connection:
      - keep-alive
      ParameterSetName:
      - -n -g
      User-Agent:
      - AZURECLI/2.19.0 azsdk-python-azure-mgmt-network/17.1.0 Python/3.7.3 (Windows-10-10.0.19041-SP0)
    method: GET
    uri: https://management.azure.com/subscriptions/00000000-0000-0000-0000-000000000000/resourceGroups/cli_test_readonly_resource_lock000001/providers/Microsoft.Network/virtualNetworks/cli.lock.rsrc000002?api-version=2020-08-01
  response:
    body:
      string: "{\r\n  \"name\": \"cli.lock.rsrc000002\",\r\n  \"id\": \"/subscriptions/00000000-0000-0000-0000-000000000000/resourceGroups/cli_test_readonly_resource_lock000001/providers/Microsoft.Network/virtualNetworks/cli.lock.rsrc000002\",\r\n
        \ \"etag\": \"W/\\\"f72e4743-51c4-4b19-b8a0-801d7e869337\\\"\",\r\n  \"type\":
        \"Microsoft.Network/virtualNetworks\",\r\n  \"location\": \"westus\",\r\n
        \ \"tags\": {},\r\n  \"properties\": {\r\n    \"provisioningState\": \"Succeeded\",\r\n
        \   \"resourceGuid\": \"9fe509bf-ef33-4fcc-830c-a64137ab7c27\",\r\n    \"addressSpace\":
        {\r\n      \"addressPrefixes\": [\r\n        \"10.0.0.0/16\"\r\n      ]\r\n
        \   },\r\n    \"dhcpOptions\": {\r\n      \"dnsServers\": []\r\n    },\r\n
        \   \"subnets\": [],\r\n    \"virtualNetworkPeerings\": [],\r\n    \"enableDdosProtection\":
        false\r\n  }\r\n}"
    headers:
      cache-control:
      - no-cache
      content-length:
      - '783'
      content-type:
      - application/json; charset=utf-8
      date:
      - Wed, 10 Feb 2021 12:55:20 GMT
      etag:
      - W/"f72e4743-51c4-4b19-b8a0-801d7e869337"
      expires:
      - '-1'
      pragma:
      - no-cache
      server:
      - Microsoft-HTTPAPI/2.0
      - Microsoft-HTTPAPI/2.0
      strict-transport-security:
      - max-age=31536000; includeSubDomains
      transfer-encoding:
      - chunked
      vary:
      - Accept-Encoding
      x-content-type-options:
      - nosniff
      x-ms-arm-service-request-id:
      - 91f9179e-4956-4741-9b09-deb5485c70b7
    status:
      code: 200
      message: OK
- request:
    body: '{"properties": {"level": "ReadOnly"}}'
    headers:
      Accept:
      - application/json
      Accept-Encoding:
      - gzip, deflate
      CommandName:
      - lock create
      Connection:
      - keep-alive
      Content-Length:
      - '37'
      Content-Type:
      - application/json; charset=utf-8
      ParameterSetName:
      - -n -g --resource-type --resource-name --lock-type
      User-Agent:
      - python/3.7.3 (Windows-10-10.0.19041-SP0) msrest/0.6.18 msrest_azure/0.6.3
        azure-mgmt-resource/12.0.0 Azure-SDK-For-Python AZURECLI/2.19.0
      accept-language:
      - en-US
    method: PUT
    uri: https://management.azure.com/subscriptions/00000000-0000-0000-0000-000000000000/resourcegroups/cli_test_readonly_resource_lock000001/providers/Microsoft.Network/virtualNetworks/cli.lock.rsrc000002/providers/Microsoft.Authorization/locks/cli-test-lock000003?api-version=2016-09-01
  response:
    body:
      string: '{"properties":{"level":"ReadOnly"},"id":"/subscriptions/00000000-0000-0000-0000-000000000000/resourcegroups/cli_test_readonly_resource_lock000001/providers/Microsoft.Network/virtualNetworks/cli.lock.rsrc000002/providers/Microsoft.Authorization/locks/cli-test-lock000003","type":"Microsoft.Authorization/locks","name":"cli-test-lock000003"}'
    headers:
      cache-control:
      - no-cache
      content-length:
      - '498'
      content-type:
      - application/json; charset=utf-8
      date:
      - Wed, 10 Feb 2021 12:55:21 GMT
      expires:
      - '-1'
      pragma:
      - no-cache
      strict-transport-security:
      - max-age=31536000; includeSubDomains
      x-content-type-options:
      - nosniff
      x-ms-ratelimit-remaining-subscription-writes:
      - '1196'
    status:
      code: 201
      message: Created
- request:
    body: null
    headers:
      Accept:
      - application/json
      Accept-Encoding:
      - gzip, deflate
      CommandName:
      - lock show
      Connection:
      - keep-alive
      ParameterSetName:
      - --name -g --resource-type --resource-name
      User-Agent:
      - python/3.7.3 (Windows-10-10.0.19041-SP0) msrest/0.6.18 msrest_azure/0.6.3
        azure-mgmt-resource/12.0.0 Azure-SDK-For-Python AZURECLI/2.19.0
      accept-language:
      - en-US
    method: GET
    uri: https://management.azure.com/subscriptions/00000000-0000-0000-0000-000000000000/providers/Microsoft.Authorization/locks?api-version=2016-09-01
  response:
    body:
      string: "{\"value\":[{\"properties\":{\"level\":\"CanNotDelete\"},\"id\":\"/subscriptions/00000000-0000-0000-0000-000000000000/resourceGroups/fytest2/providers/Microsoft.Compute/snapshots/s1/providers/Microsoft.Authorization/locks/l4\",\"type\":\"Microsoft.Authorization/locks\",\"name\":\"l4\"},{\"properties\":{\"level\":\"CanNotDelete\"},\"id\":\"/subscriptions/00000000-0000-0000-0000-000000000000/resourceGroups/FYTEST2/providers/Microsoft.Compute/disks/vm1_disk1_acf86aae49414fe8b70f669510e33728/providers/Microsoft.Authorization/locks/l\",\"type\":\"Microsoft.Authorization/locks\",\"name\":\"l\"},{\"properties\":{\"level\":\"CanNotDelete\"},\"id\":\"/subscriptions/00000000-0000-0000-0000-000000000000/resourceGroups/fytest2/providers/Microsoft.Compute/virtualMachines/vm1/providers/Microsoft.Authorization/locks/l\",\"type\":\"Microsoft.Authorization/locks\",\"name\":\"l\"},{\"properties\":{\"level\":\"CanNotDelete\"},\"id\":\"/subscriptions/00000000-0000-0000-0000-000000000000/resourceGroups/fytest2/providers/Microsoft.Compute/galleries/g1/providers/Microsoft.Authorization/locks/l2\",\"type\":\"Microsoft.Authorization/locks\",\"name\":\"l2\"},{\"properties\":{\"level\":\"CanNotDelete\"},\"id\":\"/subscriptions/00000000-0000-0000-0000-000000000000/resourceGroups/fytest2/providers/Microsoft.Compute/galleries/g1/images/image1/providers/Microsoft.Authorization/locks/l3\",\"type\":\"Microsoft.Authorization/locks\",\"name\":\"l3\"},{\"properties\":{\"level\":\"CanNotDelete\"},\"id\":\"/subscriptions/00000000-0000-0000-0000-000000000000/resourceGroups/fytest2/providers/Microsoft.Compute/galleries/g1/images/image1/versions/1.0.0/providers/Microsoft.Authorization/locks/l\",\"type\":\"Microsoft.Authorization/locks\",\"name\":\"l\"},{\"properties\":{\"level\":\"CanNotDelete\"},\"id\":\"/subscriptions/00000000-0000-0000-0000-000000000000/resourceGroups/acctestRG-ibt-24/providers/Microsoft.Authorization/locks/DoNotDelete\",\"type\":\"Microsoft.Authorization/locks\",\"name\":\"DoNotDelete\"},{\"properties\":{\"level\":\"CanNotDelete\",\"notes\":\"\"},\"id\":\"/subscriptions/00000000-0000-0000-0000-000000000000/resourceGroups/bez-rg/providers/Microsoft.Authorization/locks/delete\",\"type\":\"Microsoft.Authorization/locks\",\"name\":\"delete\"},{\"properties\":{\"level\":\"CanNotDelete\"},\"id\":\"/subscriptions/00000000-0000-0000-0000-000000000000/resourceGroups/fybot/providers/Microsoft.Authorization/locks/l\",\"type\":\"Microsoft.Authorization/locks\",\"name\":\"l\"},{\"properties\":{\"level\":\"CanNotDelete\",\"notes\":\"for
        Asir\"},\"id\":\"/subscriptions/00000000-0000-0000-0000-000000000000/resourceGroups/emerald-city-bookstore/providers/Microsoft.Authorization/locks/No-DELETE\",\"type\":\"Microsoft.Authorization/locks\",\"name\":\"No-DELETE\"},{\"properties\":{\"level\":\"CanNotDelete\",\"notes\":\"Nanxuan
        uses this for troubleshooting a high pri issue\"},\"id\":\"/subscriptions/00000000-0000-0000-0000-000000000000/resourceGroups/acctestRG-201105133030970486/providers/Microsoft.Authorization/locks/DoNotDelete\",\"type\":\"Microsoft.Authorization/locks\",\"name\":\"DoNotDelete\"},{\"properties\":{\"level\":\"CanNotDelete\"},\"id\":\"/subscriptions/00000000-0000-0000-0000-000000000000/resourceGroups/IT_acctestRG-ibt-24_acctest-IBT-0710-2_4ebedb5a-e3b1-4675-aa4c-3c160fe70907/providers/Microsoft.Authorization/locks/DoNotDelete\",\"type\":\"Microsoft.Authorization/locks\",\"name\":\"DoNotDelete\"},{\"properties\":{\"level\":\"CanNotDelete\"},\"id\":\"/subscriptions/00000000-0000-0000-0000-000000000000/resourceGroups/fyvm/providers/Microsoft.Authorization/locks/l1\",\"type\":\"Microsoft.Authorization/locks\",\"name\":\"l1\"},{\"properties\":{\"level\":\"CanNotDelete\"},\"id\":\"/subscriptions/00000000-0000-0000-0000-000000000000/resourceGroups/portal2cli/providers/Microsoft.Web/sites/portal2cli/providers/Microsoft.Authorization/locks/lock\",\"type\":\"Microsoft.Authorization/locks\",\"name\":\"lock\"},{\"properties\":{\"level\":\"CanNotDelete\"},\"id\":\"/subscriptions/00000000-0000-0000-0000-000000000000/resourceGroups/portal2cli/providers/Microsoft.Web/sites/webp2c/providers/Microsoft.Authorization/locks/lock\",\"type\":\"Microsoft.Authorization/locks\",\"name\":\"lock\"},{\"properties\":{\"level\":\"CanNotDelete\"},\"id\":\"/subscriptions/00000000-0000-0000-0000-000000000000/resourceGroups/portal2cli/providers/Microsoft.Storage/storageAccounts/portal2clistorage/providers/Microsoft.Authorization/locks/lock\",\"type\":\"Microsoft.Authorization/locks\",\"name\":\"lock\"},{\"properties\":{\"level\":\"CanNotDelete\"},\"id\":\"/subscriptions/00000000-0000-0000-0000-000000000000/resourceGroups/FYTEST3/providers/Microsoft.Compute/disks/vm1_OsDisk_1_3eb858856d5643d0a15aca7514d2eecd/providers/Microsoft.Authorization/locks/l\",\"type\":\"Microsoft.Authorization/locks\",\"name\":\"l\"},{\"properties\":{\"level\":\"CanNotDelete\"},\"id\":\"/subscriptions/00000000-0000-0000-0000-000000000000/resourceGroups/fytest3/providers/Microsoft.Compute/images/image/providers/Microsoft.Authorization/locks/l\",\"type\":\"Microsoft.Authorization/locks\",\"name\":\"l\"},{\"properties\":{\"level\":\"ReadOnly\"},\"id\":\"/subscriptions/00000000-0000-0000-0000-000000000000/resourcegroups/cli_test_readonly_resource_lock000001/providers/Microsoft.Network/virtualNetworks/cli.lock.rsrc000002/providers/Microsoft.Authorization/locks/cli-test-lock000003\",\"type\":\"Microsoft.Authorization/locks\",\"name\":\"cli-test-lock000003\"},{\"properties\":{\"level\":\"CanNotDelete\"},\"id\":\"/subscriptions/00000000-0000-0000-0000-000000000000/resourcegroups/feng-cli-rg/providers/Microsoft.Storage/storageAccounts/fengtestsa/providers/Microsoft.Authorization/locks/salock\",\"type\":\"Microsoft.Authorization/locks\",\"name\":\"salock\"},{\"properties\":{\"level\":\"CanNotDelete\",\"notes\":\"Auto-created
        by Azure Backup for storage accounts registered with a Recovery Services Vault.
        This lock is intended to guard against deletion of backups due to accidental
        deletion of the storage account.\"},\"id\":\"/subscriptions/00000000-0000-0000-0000-000000000000/resourcegroups/clitest.rg6i4hl6iakg/providers/microsoft.storage/storageAccounts/clitestu3p7a7ib4n4y7gt4m/providers/Microsoft.Authorization/locks/AzureBackupProtectionLock\",\"type\":\"Microsoft.Authorization/locks\",\"name\":\"AzureBackupProtectionLock\"},{\"properties\":{\"level\":\"CanNotDelete\"},\"id\":\"/subscriptions/00000000-0000-0000-0000-000000000000/resourceGroups/rg-weidxu/providers/Microsoft.Storage/storageAccounts/lcok2weidxu/providers/Microsoft.Authorization/locks/inuse\",\"type\":\"Microsoft.Authorization/locks\",\"name\":\"inuse\"},{\"properties\":{\"level\":\"CanNotDelete\",\"notes\":\"\"},\"id\":\"/subscriptions/00000000-0000-0000-0000-000000000000/resourceGroups/new-experiences/providers/Microsoft.Authorization/locks/NO-DELETE\",\"type\":\"Microsoft.Authorization/locks\",\"name\":\"NO-DELETE\"},{\"properties\":{\"level\":\"CanNotDelete\"},\"id\":\"/subscriptions/00000000-0000-0000-0000-000000000000/resourcegroups/cli-live-test-rg/providers/Microsoft.Storage/storageAccounts/locksa/providers/Microsoft.Authorization/locks/nodelete\",\"type\":\"Microsoft.Authorization/locks\",\"name\":\"nodelete\"},{\"properties\":{\"level\":\"CanNotDelete\"},\"id\":\"/subscriptions/00000000-0000-0000-0000-000000000000/resourceGroups/zuh/providers/Microsoft.Authorization/locks/delete\",\"type\":\"Microsoft.Authorization/locks\",\"name\":\"delete\"},{\"properties\":{\"level\":\"CanNotDelete\"},\"id\":\"/subscriptions/00000000-0000-0000-0000-000000000000/resourceGroups/jiasli-cli-dev/providers/Microsoft.Authorization/locks/dl\",\"type\":\"Microsoft.Authorization/locks\",\"name\":\"dl\"},{\"properties\":{\"level\":\"CanNotDelete\"},\"id\":\"/subscriptions/00000000-0000-0000-0000-000000000000/resourceGroups/azure-cli-edge/providers/Microsoft.Authorization/locks/dl\",\"type\":\"Microsoft.Authorization/locks\",\"name\":\"dl\"},{\"properties\":{\"level\":\"CanNotDelete\"},\"id\":\"/subscriptions/00000000-0000-0000-0000-000000000000/resourceGroups/azure-cli-edge/providers/Microsoft.Storage/storageAccounts/azurecliedge/providers/Microsoft.Authorization/locks/azurecliedge-dl\",\"type\":\"Microsoft.Authorization/locks\",\"name\":\"azurecliedge-dl\"},{\"properties\":{\"level\":\"CanNotDelete\"},\"id\":\"/subscriptions/00000000-0000-0000-0000-000000000000/resourcegroups/zhoxing-test/providers/Microsoft.Web/sites/zhoxing-test/providers/Microsoft.Authorization/locks/zhoxing-test\",\"type\":\"Microsoft.Authorization/locks\",\"name\":\"zhoxing-test\"},{\"properties\":{\"level\":\"CanNotDelete\",\"notes\":\"Deleting
        this App Service certificate resource is final and can\u2019t be restored,
        any bindings using this certificate will become invalid and you will need
        to re-purchase the certificate.\"},\"id\":\"/subscriptions/00000000-0000-0000-0000-000000000000/resourcegroups/zhoxing-test/providers/Microsoft.CertificateRegistration/certificateOrders/zhoxing-test/providers/Microsoft.Authorization/locks/zhoxing-test\",\"type\":\"Microsoft.Authorization/locks\",\"name\":\"zhoxing-test\"},{\"properties\":{\"level\":\"ReadOnly\"},\"id\":\"/subscriptions/00000000-0000-0000-0000-000000000000/resourcegroups/zhoxing-test/providers/Microsoft.Network/virtualNetworks/zhoxing-test/providers/Microsoft.Authorization/locks/vnetlock\",\"type\":\"Microsoft.Authorization/locks\",\"name\":\"vnetlock\"},{\"properties\":{\"level\":\"ReadOnly\",\"notes\":\"sss\"},\"id\":\"/subscriptions/00000000-0000-0000-0000-000000000000/resourceGroups/zhoxing-test/providers/Microsoft.Network/virtualNetworks/zhoxing-test/providers/Microsoft.Authorization/locks/zz\",\"type\":\"Microsoft.Authorization/locks\",\"name\":\"zz\"},{\"properties\":{\"level\":\"ReadOnly\"},\"id\":\"/subscriptions/00000000-0000-0000-0000-000000000000/resourcegroups/zhoxing-test/providers/Microsoft.Network/virtualNetworks/zhoxing-test/subnets/default/providers/Microsoft.Authorization/locks/vnetlock\",\"type\":\"Microsoft.Authorization/locks\",\"name\":\"vnetlock\"},{\"properties\":{\"level\":\"CanNotDelete\"},\"id\":\"/subscriptions/00000000-0000-0000-0000-000000000000/resourceGroups/fytest/providers/Microsoft.Storage/storageAccounts/sharedvmextension/providers/Microsoft.Authorization/locks/l1\",\"type\":\"Microsoft.Authorization/locks\",\"name\":\"l1\"},{\"properties\":{\"level\":\"CanNotDelete\"},\"id\":\"/subscriptions/00000000-0000-0000-0000-000000000000/resourceGroups/fytest/providers/Microsoft.Compute/images/img1/providers/Microsoft.Authorization/locks/l1\",\"type\":\"Microsoft.Authorization/locks\",\"name\":\"l1\"},{\"properties\":{\"level\":\"CanNotDelete\"},\"id\":\"/subscriptions/00000000-0000-0000-0000-000000000000/resourceGroups/fytest/providers/Microsoft.Compute/galleries/gallery1/images/image1/providers/Microsoft.Authorization/locks/l1\",\"type\":\"Microsoft.Authorization/locks\",\"name\":\"l1\"},{\"properties\":{\"level\":\"CanNotDelete\",\"notes\":\"In
        case of deleting by incident\"},\"id\":\"/subscriptions/00000000-0000-0000-0000-000000000000/resourcegroups/azuresdktest_reserved/providers/Microsoft.Authorization/locks/LockReservedResources\",\"type\":\"Microsoft.Authorization/locks\",\"name\":\"LockReservedResources\"},{\"properties\":{\"level\":\"CanNotDelete\"},\"id\":\"/subscriptions/00000000-0000-0000-0000-000000000000/resourceGroups/cli-beta/providers/Microsoft.Authorization/locks/donotdelete\",\"type\":\"Microsoft.Authorization/locks\",\"name\":\"donotdelete\"},{\"properties\":{\"level\":\"CanNotDelete\"},\"id\":\"/subscriptions/00000000-0000-0000-0000-000000000000/resourceGroups/kairu-persist/providers/Microsoft.Authorization/locks/antidelete\",\"type\":\"Microsoft.Authorization/locks\",\"name\":\"antidelete\"},{\"properties\":{\"level\":\"CanNotDelete\"},\"id\":\"/subscriptions/00000000-0000-0000-0000-000000000000/resourcegroups/azps-test-group/providers/Microsoft.Authorization/locks/do-not-delete\",\"type\":\"Microsoft.Authorization/locks\",\"name\":\"do-not-delete\"},{\"properties\":{\"level\":\"CanNotDelete\"},\"id\":\"/subscriptions/00000000-0000-0000-0000-000000000000/resourceGroups/qianwens/providers/Microsoft.Storage/storageAccounts/qianwendev/providers/Microsoft.Authorization/locks/donotedelete\",\"type\":\"Microsoft.Authorization/locks\",\"name\":\"donotedelete\"},{\"properties\":{\"level\":\"CanNotDelete\"},\"id\":\"/subscriptions/00000000-0000-0000-0000-000000000000/resourceGroups/clitestresult/providers/Microsoft.Authorization/locks/l\",\"type\":\"Microsoft.Authorization/locks\",\"name\":\"l\"},{\"properties\":{\"level\":\"CanNotDelete\"},\"id\":\"/subscriptions/00000000-0000-0000-0000-000000000000/resourceGroups/clitestresult/providers/Microsoft.Storage/storageAccounts/clitestresultstac/providers/Microsoft.Authorization/locks/l1\",\"type\":\"Microsoft.Authorization/locks\",\"name\":\"l1\"},{\"properties\":{\"level\":\"CanNotDelete\"},\"id\":\"/subscriptions/00000000-0000-0000-0000-000000000000/resourceGroups/clitestresult/providers/Microsoft.DBforMySQL/servers/clisqldbserver/providers/Microsoft.Authorization/locks/l1\",\"type\":\"Microsoft.Authorization/locks\",\"name\":\"l1\"},{\"properties\":{\"level\":\"CanNotDelete\",\"notes\":\"for
        customer issue repro  (snowflake)\"},\"id\":\"/subscriptions/00000000-0000-0000-0000-000000000000/resourcegroups/storage-v2rt-repro/providers/Microsoft.Authorization/locks/DontDelete\",\"type\":\"Microsoft.Authorization/locks\",\"name\":\"DontDelete\"},{\"properties\":{\"level\":\"CanNotDelete\"},\"id\":\"/subscriptions/00000000-0000-0000-0000-000000000000/resourceGroups/yishitest/providers/Microsoft.KeyVault/vaults/ase-testdevice-020dc7b13/providers/Microsoft.Authorization/locks/DoNotDelete\",\"type\":\"Microsoft.Authorization/locks\",\"name\":\"DoNotDelete\"},{\"properties\":{\"level\":\"CanNotDelete\"},\"id\":\"/subscriptions/00000000-0000-0000-0000-000000000000/resourceGroups/yishitest/providers/Microsoft.KeyVault/vaults/ase-ysgatewayd-e2960da93/providers/Microsoft.Authorization/locks/DoNotDelete\",\"type\":\"Microsoft.Authorization/locks\",\"name\":\"DoNotDelete\"},{\"properties\":{\"level\":\"CanNotDelete\"},\"id\":\"/subscriptions/00000000-0000-0000-0000-000000000000/resourceGroups/bim-rg/providers/Microsoft.KeyVault/vaults/dogfood-env-pwd/providers/Microsoft.Authorization/locks/lock\",\"type\":\"Microsoft.Authorization/locks\",\"name\":\"lock\"},{\"properties\":{\"level\":\"CanNotDelete\"},\"id\":\"/subscriptions/00000000-0000-0000-0000-000000000000/resourceGroups/t-yakou2/providers/Microsoft.Web/sites/WebAppPortal2CLI20200827092707/providers/Microsoft.Authorization/locks/dont_delete_me\",\"type\":\"Microsoft.Authorization/locks\",\"name\":\"dont_delete_me\"},{\"properties\":{\"level\":\"CanNotDelete\"},\"id\":\"/subscriptions/00000000-0000-0000-0000-000000000000/resourceGroups/t-yueshi/providers/Microsoft.Authorization/locks/lock\",\"type\":\"Microsoft.Authorization/locks\",\"name\":\"lock\"}]}"
    headers:
      cache-control:
      - no-cache
      content-length:
      - '14168'
      content-type:
      - application/json; charset=utf-8
      date:
      - Wed, 10 Feb 2021 12:55:26 GMT
      expires:
      - '-1'
      pragma:
      - no-cache
      strict-transport-security:
      - max-age=31536000; includeSubDomains
      transfer-encoding:
      - chunked
      vary:
      - Accept-Encoding,Accept-Encoding
      x-content-type-options:
      - nosniff
    status:
      code: 200
      message: OK
- request:
    body: null
    headers:
      Accept:
      - application/json
      Accept-Encoding:
      - gzip, deflate
      CommandName:
      - lock show
      Connection:
      - keep-alive
      ParameterSetName:
      - --name -g --resource-type --resource-name
      User-Agent:
      - python/3.7.3 (Windows-10-10.0.19041-SP0) msrest/0.6.18 msrest_azure/0.6.3
        azure-mgmt-resource/12.0.0 Azure-SDK-For-Python AZURECLI/2.19.0
      accept-language:
      - en-US
    method: GET
    uri: https://management.azure.com/subscriptions/00000000-0000-0000-0000-000000000000/resourcegroups/cli_test_readonly_resource_lock000001/providers/Microsoft.Network/virtualNetworks/cli.lock.rsrc000002/providers/Microsoft.Authorization/locks/cli-test-lock000003?api-version=2016-09-01
  response:
    body:
      string: '{"properties":{"level":"ReadOnly"},"id":"/subscriptions/00000000-0000-0000-0000-000000000000/resourcegroups/cli_test_readonly_resource_lock000001/providers/Microsoft.Network/virtualNetworks/cli.lock.rsrc000002/providers/Microsoft.Authorization/locks/cli-test-lock000003","type":"Microsoft.Authorization/locks","name":"cli-test-lock000003"}'
    headers:
      cache-control:
      - no-cache
      content-length:
      - '498'
      content-type:
      - application/json; charset=utf-8
      date:
      - Wed, 10 Feb 2021 12:55:26 GMT
      expires:
      - '-1'
      pragma:
      - no-cache
      strict-transport-security:
      - max-age=31536000; includeSubDomains
      transfer-encoding:
      - chunked
      vary:
      - Accept-Encoding,Accept-Encoding
      x-content-type-options:
      - nosniff
    status:
      code: 200
      message: OK
- request:
    body: null
    headers:
      Accept:
      - application/json
      Accept-Encoding:
      - gzip, deflate
      CommandName:
      - lock list
      Connection:
      - keep-alive
      ParameterSetName:
      - --query -o
      User-Agent:
      - python/3.7.3 (Windows-10-10.0.19041-SP0) msrest/0.6.18 msrest_azure/0.6.3
        azure-mgmt-resource/12.0.0 Azure-SDK-For-Python AZURECLI/2.19.0
      accept-language:
      - en-US
    method: GET
    uri: https://management.azure.com/subscriptions/00000000-0000-0000-0000-000000000000/providers/Microsoft.Authorization/locks?api-version=2016-09-01
  response:
    body:
      string: "{\"value\":[{\"properties\":{\"level\":\"CanNotDelete\"},\"id\":\"/subscriptions/00000000-0000-0000-0000-000000000000/resourceGroups/fytest2/providers/Microsoft.Compute/snapshots/s1/providers/Microsoft.Authorization/locks/l4\",\"type\":\"Microsoft.Authorization/locks\",\"name\":\"l4\"},{\"properties\":{\"level\":\"CanNotDelete\"},\"id\":\"/subscriptions/00000000-0000-0000-0000-000000000000/resourceGroups/FYTEST2/providers/Microsoft.Compute/disks/vm1_disk1_acf86aae49414fe8b70f669510e33728/providers/Microsoft.Authorization/locks/l\",\"type\":\"Microsoft.Authorization/locks\",\"name\":\"l\"},{\"properties\":{\"level\":\"CanNotDelete\"},\"id\":\"/subscriptions/00000000-0000-0000-0000-000000000000/resourceGroups/fytest2/providers/Microsoft.Compute/virtualMachines/vm1/providers/Microsoft.Authorization/locks/l\",\"type\":\"Microsoft.Authorization/locks\",\"name\":\"l\"},{\"properties\":{\"level\":\"CanNotDelete\"},\"id\":\"/subscriptions/00000000-0000-0000-0000-000000000000/resourceGroups/fytest2/providers/Microsoft.Compute/galleries/g1/providers/Microsoft.Authorization/locks/l2\",\"type\":\"Microsoft.Authorization/locks\",\"name\":\"l2\"},{\"properties\":{\"level\":\"CanNotDelete\"},\"id\":\"/subscriptions/00000000-0000-0000-0000-000000000000/resourceGroups/fytest2/providers/Microsoft.Compute/galleries/g1/images/image1/providers/Microsoft.Authorization/locks/l3\",\"type\":\"Microsoft.Authorization/locks\",\"name\":\"l3\"},{\"properties\":{\"level\":\"CanNotDelete\"},\"id\":\"/subscriptions/00000000-0000-0000-0000-000000000000/resourceGroups/fytest2/providers/Microsoft.Compute/galleries/g1/images/image1/versions/1.0.0/providers/Microsoft.Authorization/locks/l\",\"type\":\"Microsoft.Authorization/locks\",\"name\":\"l\"},{\"properties\":{\"level\":\"CanNotDelete\"},\"id\":\"/subscriptions/00000000-0000-0000-0000-000000000000/resourceGroups/acctestRG-ibt-24/providers/Microsoft.Authorization/locks/DoNotDelete\",\"type\":\"Microsoft.Authorization/locks\",\"name\":\"DoNotDelete\"},{\"properties\":{\"level\":\"CanNotDelete\",\"notes\":\"\"},\"id\":\"/subscriptions/00000000-0000-0000-0000-000000000000/resourceGroups/bez-rg/providers/Microsoft.Authorization/locks/delete\",\"type\":\"Microsoft.Authorization/locks\",\"name\":\"delete\"},{\"properties\":{\"level\":\"CanNotDelete\"},\"id\":\"/subscriptions/00000000-0000-0000-0000-000000000000/resourceGroups/fybot/providers/Microsoft.Authorization/locks/l\",\"type\":\"Microsoft.Authorization/locks\",\"name\":\"l\"},{\"properties\":{\"level\":\"CanNotDelete\",\"notes\":\"for
        Asir\"},\"id\":\"/subscriptions/00000000-0000-0000-0000-000000000000/resourceGroups/emerald-city-bookstore/providers/Microsoft.Authorization/locks/No-DELETE\",\"type\":\"Microsoft.Authorization/locks\",\"name\":\"No-DELETE\"},{\"properties\":{\"level\":\"CanNotDelete\",\"notes\":\"Nanxuan
        uses this for troubleshooting a high pri issue\"},\"id\":\"/subscriptions/00000000-0000-0000-0000-000000000000/resourceGroups/acctestRG-201105133030970486/providers/Microsoft.Authorization/locks/DoNotDelete\",\"type\":\"Microsoft.Authorization/locks\",\"name\":\"DoNotDelete\"},{\"properties\":{\"level\":\"CanNotDelete\"},\"id\":\"/subscriptions/00000000-0000-0000-0000-000000000000/resourceGroups/IT_acctestRG-ibt-24_acctest-IBT-0710-2_4ebedb5a-e3b1-4675-aa4c-3c160fe70907/providers/Microsoft.Authorization/locks/DoNotDelete\",\"type\":\"Microsoft.Authorization/locks\",\"name\":\"DoNotDelete\"},{\"properties\":{\"level\":\"CanNotDelete\"},\"id\":\"/subscriptions/00000000-0000-0000-0000-000000000000/resourceGroups/fyvm/providers/Microsoft.Authorization/locks/l1\",\"type\":\"Microsoft.Authorization/locks\",\"name\":\"l1\"},{\"properties\":{\"level\":\"CanNotDelete\"},\"id\":\"/subscriptions/00000000-0000-0000-0000-000000000000/resourceGroups/portal2cli/providers/Microsoft.Web/sites/portal2cli/providers/Microsoft.Authorization/locks/lock\",\"type\":\"Microsoft.Authorization/locks\",\"name\":\"lock\"},{\"properties\":{\"level\":\"CanNotDelete\"},\"id\":\"/subscriptions/00000000-0000-0000-0000-000000000000/resourceGroups/portal2cli/providers/Microsoft.Web/sites/webp2c/providers/Microsoft.Authorization/locks/lock\",\"type\":\"Microsoft.Authorization/locks\",\"name\":\"lock\"},{\"properties\":{\"level\":\"CanNotDelete\"},\"id\":\"/subscriptions/00000000-0000-0000-0000-000000000000/resourceGroups/portal2cli/providers/Microsoft.Storage/storageAccounts/portal2clistorage/providers/Microsoft.Authorization/locks/lock\",\"type\":\"Microsoft.Authorization/locks\",\"name\":\"lock\"},{\"properties\":{\"level\":\"CanNotDelete\"},\"id\":\"/subscriptions/00000000-0000-0000-0000-000000000000/resourceGroups/FYTEST3/providers/Microsoft.Compute/disks/vm1_OsDisk_1_3eb858856d5643d0a15aca7514d2eecd/providers/Microsoft.Authorization/locks/l\",\"type\":\"Microsoft.Authorization/locks\",\"name\":\"l\"},{\"properties\":{\"level\":\"CanNotDelete\"},\"id\":\"/subscriptions/00000000-0000-0000-0000-000000000000/resourceGroups/fytest3/providers/Microsoft.Compute/images/image/providers/Microsoft.Authorization/locks/l\",\"type\":\"Microsoft.Authorization/locks\",\"name\":\"l\"},{\"properties\":{\"level\":\"ReadOnly\"},\"id\":\"/subscriptions/00000000-0000-0000-0000-000000000000/resourcegroups/cli_test_readonly_resource_lock000001/providers/Microsoft.Network/virtualNetworks/cli.lock.rsrc000002/providers/Microsoft.Authorization/locks/cli-test-lock000003\",\"type\":\"Microsoft.Authorization/locks\",\"name\":\"cli-test-lock000003\"},{\"properties\":{\"level\":\"CanNotDelete\"},\"id\":\"/subscriptions/00000000-0000-0000-0000-000000000000/resourcegroups/feng-cli-rg/providers/Microsoft.Storage/storageAccounts/fengtestsa/providers/Microsoft.Authorization/locks/salock\",\"type\":\"Microsoft.Authorization/locks\",\"name\":\"salock\"},{\"properties\":{\"level\":\"CanNotDelete\",\"notes\":\"Auto-created
        by Azure Backup for storage accounts registered with a Recovery Services Vault.
        This lock is intended to guard against deletion of backups due to accidental
        deletion of the storage account.\"},\"id\":\"/subscriptions/00000000-0000-0000-0000-000000000000/resourcegroups/clitest.rg6i4hl6iakg/providers/microsoft.storage/storageAccounts/clitestu3p7a7ib4n4y7gt4m/providers/Microsoft.Authorization/locks/AzureBackupProtectionLock\",\"type\":\"Microsoft.Authorization/locks\",\"name\":\"AzureBackupProtectionLock\"},{\"properties\":{\"level\":\"CanNotDelete\"},\"id\":\"/subscriptions/00000000-0000-0000-0000-000000000000/resourceGroups/rg-weidxu/providers/Microsoft.Storage/storageAccounts/lcok2weidxu/providers/Microsoft.Authorization/locks/inuse\",\"type\":\"Microsoft.Authorization/locks\",\"name\":\"inuse\"},{\"properties\":{\"level\":\"CanNotDelete\",\"notes\":\"\"},\"id\":\"/subscriptions/00000000-0000-0000-0000-000000000000/resourceGroups/new-experiences/providers/Microsoft.Authorization/locks/NO-DELETE\",\"type\":\"Microsoft.Authorization/locks\",\"name\":\"NO-DELETE\"},{\"properties\":{\"level\":\"CanNotDelete\"},\"id\":\"/subscriptions/00000000-0000-0000-0000-000000000000/resourcegroups/cli-live-test-rg/providers/Microsoft.Storage/storageAccounts/locksa/providers/Microsoft.Authorization/locks/nodelete\",\"type\":\"Microsoft.Authorization/locks\",\"name\":\"nodelete\"},{\"properties\":{\"level\":\"CanNotDelete\"},\"id\":\"/subscriptions/00000000-0000-0000-0000-000000000000/resourceGroups/zuh/providers/Microsoft.Authorization/locks/delete\",\"type\":\"Microsoft.Authorization/locks\",\"name\":\"delete\"},{\"properties\":{\"level\":\"CanNotDelete\"},\"id\":\"/subscriptions/00000000-0000-0000-0000-000000000000/resourceGroups/jiasli-cli-dev/providers/Microsoft.Authorization/locks/dl\",\"type\":\"Microsoft.Authorization/locks\",\"name\":\"dl\"},{\"properties\":{\"level\":\"CanNotDelete\"},\"id\":\"/subscriptions/00000000-0000-0000-0000-000000000000/resourceGroups/azure-cli-edge/providers/Microsoft.Authorization/locks/dl\",\"type\":\"Microsoft.Authorization/locks\",\"name\":\"dl\"},{\"properties\":{\"level\":\"CanNotDelete\"},\"id\":\"/subscriptions/00000000-0000-0000-0000-000000000000/resourceGroups/azure-cli-edge/providers/Microsoft.Storage/storageAccounts/azurecliedge/providers/Microsoft.Authorization/locks/azurecliedge-dl\",\"type\":\"Microsoft.Authorization/locks\",\"name\":\"azurecliedge-dl\"},{\"properties\":{\"level\":\"CanNotDelete\"},\"id\":\"/subscriptions/00000000-0000-0000-0000-000000000000/resourcegroups/zhoxing-test/providers/Microsoft.Web/sites/zhoxing-test/providers/Microsoft.Authorization/locks/zhoxing-test\",\"type\":\"Microsoft.Authorization/locks\",\"name\":\"zhoxing-test\"},{\"properties\":{\"level\":\"CanNotDelete\",\"notes\":\"Deleting
        this App Service certificate resource is final and can\u2019t be restored,
        any bindings using this certificate will become invalid and you will need
        to re-purchase the certificate.\"},\"id\":\"/subscriptions/00000000-0000-0000-0000-000000000000/resourcegroups/zhoxing-test/providers/Microsoft.CertificateRegistration/certificateOrders/zhoxing-test/providers/Microsoft.Authorization/locks/zhoxing-test\",\"type\":\"Microsoft.Authorization/locks\",\"name\":\"zhoxing-test\"},{\"properties\":{\"level\":\"ReadOnly\"},\"id\":\"/subscriptions/00000000-0000-0000-0000-000000000000/resourcegroups/zhoxing-test/providers/Microsoft.Network/virtualNetworks/zhoxing-test/providers/Microsoft.Authorization/locks/vnetlock\",\"type\":\"Microsoft.Authorization/locks\",\"name\":\"vnetlock\"},{\"properties\":{\"level\":\"ReadOnly\",\"notes\":\"sss\"},\"id\":\"/subscriptions/00000000-0000-0000-0000-000000000000/resourceGroups/zhoxing-test/providers/Microsoft.Network/virtualNetworks/zhoxing-test/providers/Microsoft.Authorization/locks/zz\",\"type\":\"Microsoft.Authorization/locks\",\"name\":\"zz\"},{\"properties\":{\"level\":\"ReadOnly\"},\"id\":\"/subscriptions/00000000-0000-0000-0000-000000000000/resourcegroups/zhoxing-test/providers/Microsoft.Network/virtualNetworks/zhoxing-test/subnets/default/providers/Microsoft.Authorization/locks/vnetlock\",\"type\":\"Microsoft.Authorization/locks\",\"name\":\"vnetlock\"},{\"properties\":{\"level\":\"CanNotDelete\"},\"id\":\"/subscriptions/00000000-0000-0000-0000-000000000000/resourceGroups/fytest/providers/Microsoft.Storage/storageAccounts/sharedvmextension/providers/Microsoft.Authorization/locks/l1\",\"type\":\"Microsoft.Authorization/locks\",\"name\":\"l1\"},{\"properties\":{\"level\":\"CanNotDelete\"},\"id\":\"/subscriptions/00000000-0000-0000-0000-000000000000/resourceGroups/fytest/providers/Microsoft.Compute/images/img1/providers/Microsoft.Authorization/locks/l1\",\"type\":\"Microsoft.Authorization/locks\",\"name\":\"l1\"},{\"properties\":{\"level\":\"CanNotDelete\"},\"id\":\"/subscriptions/00000000-0000-0000-0000-000000000000/resourceGroups/fytest/providers/Microsoft.Compute/galleries/gallery1/images/image1/providers/Microsoft.Authorization/locks/l1\",\"type\":\"Microsoft.Authorization/locks\",\"name\":\"l1\"},{\"properties\":{\"level\":\"CanNotDelete\",\"notes\":\"In
        case of deleting by incident\"},\"id\":\"/subscriptions/00000000-0000-0000-0000-000000000000/resourcegroups/azuresdktest_reserved/providers/Microsoft.Authorization/locks/LockReservedResources\",\"type\":\"Microsoft.Authorization/locks\",\"name\":\"LockReservedResources\"},{\"properties\":{\"level\":\"CanNotDelete\"},\"id\":\"/subscriptions/00000000-0000-0000-0000-000000000000/resourceGroups/cli-beta/providers/Microsoft.Authorization/locks/donotdelete\",\"type\":\"Microsoft.Authorization/locks\",\"name\":\"donotdelete\"},{\"properties\":{\"level\":\"CanNotDelete\"},\"id\":\"/subscriptions/00000000-0000-0000-0000-000000000000/resourceGroups/kairu-persist/providers/Microsoft.Authorization/locks/antidelete\",\"type\":\"Microsoft.Authorization/locks\",\"name\":\"antidelete\"},{\"properties\":{\"level\":\"CanNotDelete\"},\"id\":\"/subscriptions/00000000-0000-0000-0000-000000000000/resourcegroups/azps-test-group/providers/Microsoft.Authorization/locks/do-not-delete\",\"type\":\"Microsoft.Authorization/locks\",\"name\":\"do-not-delete\"},{\"properties\":{\"level\":\"CanNotDelete\"},\"id\":\"/subscriptions/00000000-0000-0000-0000-000000000000/resourceGroups/qianwens/providers/Microsoft.Storage/storageAccounts/qianwendev/providers/Microsoft.Authorization/locks/donotedelete\",\"type\":\"Microsoft.Authorization/locks\",\"name\":\"donotedelete\"},{\"properties\":{\"level\":\"CanNotDelete\"},\"id\":\"/subscriptions/00000000-0000-0000-0000-000000000000/resourceGroups/clitestresult/providers/Microsoft.Authorization/locks/l\",\"type\":\"Microsoft.Authorization/locks\",\"name\":\"l\"},{\"properties\":{\"level\":\"CanNotDelete\"},\"id\":\"/subscriptions/00000000-0000-0000-0000-000000000000/resourceGroups/clitestresult/providers/Microsoft.Storage/storageAccounts/clitestresultstac/providers/Microsoft.Authorization/locks/l1\",\"type\":\"Microsoft.Authorization/locks\",\"name\":\"l1\"},{\"properties\":{\"level\":\"CanNotDelete\"},\"id\":\"/subscriptions/00000000-0000-0000-0000-000000000000/resourceGroups/clitestresult/providers/Microsoft.DBforMySQL/servers/clisqldbserver/providers/Microsoft.Authorization/locks/l1\",\"type\":\"Microsoft.Authorization/locks\",\"name\":\"l1\"},{\"properties\":{\"level\":\"CanNotDelete\",\"notes\":\"for
        customer issue repro  (snowflake)\"},\"id\":\"/subscriptions/00000000-0000-0000-0000-000000000000/resourcegroups/storage-v2rt-repro/providers/Microsoft.Authorization/locks/DontDelete\",\"type\":\"Microsoft.Authorization/locks\",\"name\":\"DontDelete\"},{\"properties\":{\"level\":\"CanNotDelete\"},\"id\":\"/subscriptions/00000000-0000-0000-0000-000000000000/resourceGroups/yishitest/providers/Microsoft.KeyVault/vaults/ase-testdevice-020dc7b13/providers/Microsoft.Authorization/locks/DoNotDelete\",\"type\":\"Microsoft.Authorization/locks\",\"name\":\"DoNotDelete\"},{\"properties\":{\"level\":\"CanNotDelete\"},\"id\":\"/subscriptions/00000000-0000-0000-0000-000000000000/resourceGroups/yishitest/providers/Microsoft.KeyVault/vaults/ase-ysgatewayd-e2960da93/providers/Microsoft.Authorization/locks/DoNotDelete\",\"type\":\"Microsoft.Authorization/locks\",\"name\":\"DoNotDelete\"},{\"properties\":{\"level\":\"CanNotDelete\"},\"id\":\"/subscriptions/00000000-0000-0000-0000-000000000000/resourceGroups/bim-rg/providers/Microsoft.KeyVault/vaults/dogfood-env-pwd/providers/Microsoft.Authorization/locks/lock\",\"type\":\"Microsoft.Authorization/locks\",\"name\":\"lock\"},{\"properties\":{\"level\":\"CanNotDelete\"},\"id\":\"/subscriptions/00000000-0000-0000-0000-000000000000/resourceGroups/t-yakou2/providers/Microsoft.Web/sites/WebAppPortal2CLI20200827092707/providers/Microsoft.Authorization/locks/dont_delete_me\",\"type\":\"Microsoft.Authorization/locks\",\"name\":\"dont_delete_me\"},{\"properties\":{\"level\":\"CanNotDelete\"},\"id\":\"/subscriptions/00000000-0000-0000-0000-000000000000/resourceGroups/t-yueshi/providers/Microsoft.Authorization/locks/lock\",\"type\":\"Microsoft.Authorization/locks\",\"name\":\"lock\"}]}"
    headers:
      cache-control:
      - no-cache
      content-length:
      - '14168'
      content-type:
      - application/json; charset=utf-8
      date:
      - Wed, 10 Feb 2021 12:55:28 GMT
      expires:
      - '-1'
      pragma:
      - no-cache
      strict-transport-security:
      - max-age=31536000; includeSubDomains
      transfer-encoding:
      - chunked
      vary:
      - Accept-Encoding,Accept-Encoding
      x-content-type-options:
      - nosniff
    status:
      code: 200
      message: OK
- request:
    body: null
    headers:
      Accept:
      - application/json
      Accept-Encoding:
      - gzip, deflate
      CommandName:
      - lock update
      Connection:
      - keep-alive
      ParameterSetName:
      - -n -g --resource-type --resource-name --notes --lock-type
      User-Agent:
      - python/3.7.3 (Windows-10-10.0.19041-SP0) msrest/0.6.18 msrest_azure/0.6.3
        azure-mgmt-resource/12.0.0 Azure-SDK-For-Python AZURECLI/2.19.0
      accept-language:
      - en-US
    method: GET
    uri: https://management.azure.com/subscriptions/00000000-0000-0000-0000-000000000000/providers/Microsoft.Authorization/locks?api-version=2016-09-01
  response:
    body:
      string: "{\"value\":[{\"properties\":{\"level\":\"CanNotDelete\"},\"id\":\"/subscriptions/00000000-0000-0000-0000-000000000000/resourceGroups/fytest2/providers/Microsoft.Compute/snapshots/s1/providers/Microsoft.Authorization/locks/l4\",\"type\":\"Microsoft.Authorization/locks\",\"name\":\"l4\"},{\"properties\":{\"level\":\"CanNotDelete\"},\"id\":\"/subscriptions/00000000-0000-0000-0000-000000000000/resourceGroups/FYTEST2/providers/Microsoft.Compute/disks/vm1_disk1_acf86aae49414fe8b70f669510e33728/providers/Microsoft.Authorization/locks/l\",\"type\":\"Microsoft.Authorization/locks\",\"name\":\"l\"},{\"properties\":{\"level\":\"CanNotDelete\"},\"id\":\"/subscriptions/00000000-0000-0000-0000-000000000000/resourceGroups/fytest2/providers/Microsoft.Compute/virtualMachines/vm1/providers/Microsoft.Authorization/locks/l\",\"type\":\"Microsoft.Authorization/locks\",\"name\":\"l\"},{\"properties\":{\"level\":\"CanNotDelete\"},\"id\":\"/subscriptions/00000000-0000-0000-0000-000000000000/resourceGroups/fytest2/providers/Microsoft.Compute/galleries/g1/providers/Microsoft.Authorization/locks/l2\",\"type\":\"Microsoft.Authorization/locks\",\"name\":\"l2\"},{\"properties\":{\"level\":\"CanNotDelete\"},\"id\":\"/subscriptions/00000000-0000-0000-0000-000000000000/resourceGroups/fytest2/providers/Microsoft.Compute/galleries/g1/images/image1/providers/Microsoft.Authorization/locks/l3\",\"type\":\"Microsoft.Authorization/locks\",\"name\":\"l3\"},{\"properties\":{\"level\":\"CanNotDelete\"},\"id\":\"/subscriptions/00000000-0000-0000-0000-000000000000/resourceGroups/fytest2/providers/Microsoft.Compute/galleries/g1/images/image1/versions/1.0.0/providers/Microsoft.Authorization/locks/l\",\"type\":\"Microsoft.Authorization/locks\",\"name\":\"l\"},{\"properties\":{\"level\":\"CanNotDelete\"},\"id\":\"/subscriptions/00000000-0000-0000-0000-000000000000/resourceGroups/acctestRG-ibt-24/providers/Microsoft.Authorization/locks/DoNotDelete\",\"type\":\"Microsoft.Authorization/locks\",\"name\":\"DoNotDelete\"},{\"properties\":{\"level\":\"CanNotDelete\",\"notes\":\"\"},\"id\":\"/subscriptions/00000000-0000-0000-0000-000000000000/resourceGroups/bez-rg/providers/Microsoft.Authorization/locks/delete\",\"type\":\"Microsoft.Authorization/locks\",\"name\":\"delete\"},{\"properties\":{\"level\":\"CanNotDelete\"},\"id\":\"/subscriptions/00000000-0000-0000-0000-000000000000/resourceGroups/fybot/providers/Microsoft.Authorization/locks/l\",\"type\":\"Microsoft.Authorization/locks\",\"name\":\"l\"},{\"properties\":{\"level\":\"CanNotDelete\",\"notes\":\"for
        Asir\"},\"id\":\"/subscriptions/00000000-0000-0000-0000-000000000000/resourceGroups/emerald-city-bookstore/providers/Microsoft.Authorization/locks/No-DELETE\",\"type\":\"Microsoft.Authorization/locks\",\"name\":\"No-DELETE\"},{\"properties\":{\"level\":\"CanNotDelete\",\"notes\":\"Nanxuan
        uses this for troubleshooting a high pri issue\"},\"id\":\"/subscriptions/00000000-0000-0000-0000-000000000000/resourceGroups/acctestRG-201105133030970486/providers/Microsoft.Authorization/locks/DoNotDelete\",\"type\":\"Microsoft.Authorization/locks\",\"name\":\"DoNotDelete\"},{\"properties\":{\"level\":\"CanNotDelete\"},\"id\":\"/subscriptions/00000000-0000-0000-0000-000000000000/resourceGroups/IT_acctestRG-ibt-24_acctest-IBT-0710-2_4ebedb5a-e3b1-4675-aa4c-3c160fe70907/providers/Microsoft.Authorization/locks/DoNotDelete\",\"type\":\"Microsoft.Authorization/locks\",\"name\":\"DoNotDelete\"},{\"properties\":{\"level\":\"CanNotDelete\"},\"id\":\"/subscriptions/00000000-0000-0000-0000-000000000000/resourceGroups/fyvm/providers/Microsoft.Authorization/locks/l1\",\"type\":\"Microsoft.Authorization/locks\",\"name\":\"l1\"},{\"properties\":{\"level\":\"CanNotDelete\"},\"id\":\"/subscriptions/00000000-0000-0000-0000-000000000000/resourceGroups/portal2cli/providers/Microsoft.Web/sites/portal2cli/providers/Microsoft.Authorization/locks/lock\",\"type\":\"Microsoft.Authorization/locks\",\"name\":\"lock\"},{\"properties\":{\"level\":\"CanNotDelete\"},\"id\":\"/subscriptions/00000000-0000-0000-0000-000000000000/resourceGroups/portal2cli/providers/Microsoft.Web/sites/webp2c/providers/Microsoft.Authorization/locks/lock\",\"type\":\"Microsoft.Authorization/locks\",\"name\":\"lock\"},{\"properties\":{\"level\":\"CanNotDelete\"},\"id\":\"/subscriptions/00000000-0000-0000-0000-000000000000/resourceGroups/portal2cli/providers/Microsoft.Storage/storageAccounts/portal2clistorage/providers/Microsoft.Authorization/locks/lock\",\"type\":\"Microsoft.Authorization/locks\",\"name\":\"lock\"},{\"properties\":{\"level\":\"CanNotDelete\"},\"id\":\"/subscriptions/00000000-0000-0000-0000-000000000000/resourceGroups/FYTEST3/providers/Microsoft.Compute/disks/vm1_OsDisk_1_3eb858856d5643d0a15aca7514d2eecd/providers/Microsoft.Authorization/locks/l\",\"type\":\"Microsoft.Authorization/locks\",\"name\":\"l\"},{\"properties\":{\"level\":\"CanNotDelete\"},\"id\":\"/subscriptions/00000000-0000-0000-0000-000000000000/resourceGroups/fytest3/providers/Microsoft.Compute/images/image/providers/Microsoft.Authorization/locks/l\",\"type\":\"Microsoft.Authorization/locks\",\"name\":\"l\"},{\"properties\":{\"level\":\"ReadOnly\"},\"id\":\"/subscriptions/00000000-0000-0000-0000-000000000000/resourcegroups/cli_test_readonly_resource_lock000001/providers/Microsoft.Network/virtualNetworks/cli.lock.rsrc000002/providers/Microsoft.Authorization/locks/cli-test-lock000003\",\"type\":\"Microsoft.Authorization/locks\",\"name\":\"cli-test-lock000003\"},{\"properties\":{\"level\":\"CanNotDelete\"},\"id\":\"/subscriptions/00000000-0000-0000-0000-000000000000/resourcegroups/feng-cli-rg/providers/Microsoft.Storage/storageAccounts/fengtestsa/providers/Microsoft.Authorization/locks/salock\",\"type\":\"Microsoft.Authorization/locks\",\"name\":\"salock\"},{\"properties\":{\"level\":\"CanNotDelete\",\"notes\":\"Auto-created
        by Azure Backup for storage accounts registered with a Recovery Services Vault.
        This lock is intended to guard against deletion of backups due to accidental
        deletion of the storage account.\"},\"id\":\"/subscriptions/00000000-0000-0000-0000-000000000000/resourcegroups/clitest.rg6i4hl6iakg/providers/microsoft.storage/storageAccounts/clitestu3p7a7ib4n4y7gt4m/providers/Microsoft.Authorization/locks/AzureBackupProtectionLock\",\"type\":\"Microsoft.Authorization/locks\",\"name\":\"AzureBackupProtectionLock\"},{\"properties\":{\"level\":\"CanNotDelete\"},\"id\":\"/subscriptions/00000000-0000-0000-0000-000000000000/resourceGroups/rg-weidxu/providers/Microsoft.Storage/storageAccounts/lcok2weidxu/providers/Microsoft.Authorization/locks/inuse\",\"type\":\"Microsoft.Authorization/locks\",\"name\":\"inuse\"},{\"properties\":{\"level\":\"CanNotDelete\",\"notes\":\"\"},\"id\":\"/subscriptions/00000000-0000-0000-0000-000000000000/resourceGroups/new-experiences/providers/Microsoft.Authorization/locks/NO-DELETE\",\"type\":\"Microsoft.Authorization/locks\",\"name\":\"NO-DELETE\"},{\"properties\":{\"level\":\"CanNotDelete\"},\"id\":\"/subscriptions/00000000-0000-0000-0000-000000000000/resourcegroups/cli-live-test-rg/providers/Microsoft.Storage/storageAccounts/locksa/providers/Microsoft.Authorization/locks/nodelete\",\"type\":\"Microsoft.Authorization/locks\",\"name\":\"nodelete\"},{\"properties\":{\"level\":\"CanNotDelete\"},\"id\":\"/subscriptions/00000000-0000-0000-0000-000000000000/resourceGroups/zuh/providers/Microsoft.Authorization/locks/delete\",\"type\":\"Microsoft.Authorization/locks\",\"name\":\"delete\"},{\"properties\":{\"level\":\"CanNotDelete\"},\"id\":\"/subscriptions/00000000-0000-0000-0000-000000000000/resourceGroups/jiasli-cli-dev/providers/Microsoft.Authorization/locks/dl\",\"type\":\"Microsoft.Authorization/locks\",\"name\":\"dl\"},{\"properties\":{\"level\":\"CanNotDelete\"},\"id\":\"/subscriptions/00000000-0000-0000-0000-000000000000/resourceGroups/azure-cli-edge/providers/Microsoft.Authorization/locks/dl\",\"type\":\"Microsoft.Authorization/locks\",\"name\":\"dl\"},{\"properties\":{\"level\":\"CanNotDelete\"},\"id\":\"/subscriptions/00000000-0000-0000-0000-000000000000/resourceGroups/azure-cli-edge/providers/Microsoft.Storage/storageAccounts/azurecliedge/providers/Microsoft.Authorization/locks/azurecliedge-dl\",\"type\":\"Microsoft.Authorization/locks\",\"name\":\"azurecliedge-dl\"},{\"properties\":{\"level\":\"CanNotDelete\"},\"id\":\"/subscriptions/00000000-0000-0000-0000-000000000000/resourcegroups/zhoxing-test/providers/Microsoft.Web/sites/zhoxing-test/providers/Microsoft.Authorization/locks/zhoxing-test\",\"type\":\"Microsoft.Authorization/locks\",\"name\":\"zhoxing-test\"},{\"properties\":{\"level\":\"CanNotDelete\",\"notes\":\"Deleting
        this App Service certificate resource is final and can\u2019t be restored,
        any bindings using this certificate will become invalid and you will need
        to re-purchase the certificate.\"},\"id\":\"/subscriptions/00000000-0000-0000-0000-000000000000/resourcegroups/zhoxing-test/providers/Microsoft.CertificateRegistration/certificateOrders/zhoxing-test/providers/Microsoft.Authorization/locks/zhoxing-test\",\"type\":\"Microsoft.Authorization/locks\",\"name\":\"zhoxing-test\"},{\"properties\":{\"level\":\"ReadOnly\"},\"id\":\"/subscriptions/00000000-0000-0000-0000-000000000000/resourcegroups/zhoxing-test/providers/Microsoft.Network/virtualNetworks/zhoxing-test/providers/Microsoft.Authorization/locks/vnetlock\",\"type\":\"Microsoft.Authorization/locks\",\"name\":\"vnetlock\"},{\"properties\":{\"level\":\"ReadOnly\",\"notes\":\"sss\"},\"id\":\"/subscriptions/00000000-0000-0000-0000-000000000000/resourceGroups/zhoxing-test/providers/Microsoft.Network/virtualNetworks/zhoxing-test/providers/Microsoft.Authorization/locks/zz\",\"type\":\"Microsoft.Authorization/locks\",\"name\":\"zz\"},{\"properties\":{\"level\":\"ReadOnly\"},\"id\":\"/subscriptions/00000000-0000-0000-0000-000000000000/resourcegroups/zhoxing-test/providers/Microsoft.Network/virtualNetworks/zhoxing-test/subnets/default/providers/Microsoft.Authorization/locks/vnetlock\",\"type\":\"Microsoft.Authorization/locks\",\"name\":\"vnetlock\"},{\"properties\":{\"level\":\"CanNotDelete\"},\"id\":\"/subscriptions/00000000-0000-0000-0000-000000000000/resourceGroups/fytest/providers/Microsoft.Storage/storageAccounts/sharedvmextension/providers/Microsoft.Authorization/locks/l1\",\"type\":\"Microsoft.Authorization/locks\",\"name\":\"l1\"},{\"properties\":{\"level\":\"CanNotDelete\"},\"id\":\"/subscriptions/00000000-0000-0000-0000-000000000000/resourceGroups/fytest/providers/Microsoft.Compute/images/img1/providers/Microsoft.Authorization/locks/l1\",\"type\":\"Microsoft.Authorization/locks\",\"name\":\"l1\"},{\"properties\":{\"level\":\"CanNotDelete\"},\"id\":\"/subscriptions/00000000-0000-0000-0000-000000000000/resourceGroups/fytest/providers/Microsoft.Compute/galleries/gallery1/images/image1/providers/Microsoft.Authorization/locks/l1\",\"type\":\"Microsoft.Authorization/locks\",\"name\":\"l1\"},{\"properties\":{\"level\":\"CanNotDelete\",\"notes\":\"In
        case of deleting by incident\"},\"id\":\"/subscriptions/00000000-0000-0000-0000-000000000000/resourcegroups/azuresdktest_reserved/providers/Microsoft.Authorization/locks/LockReservedResources\",\"type\":\"Microsoft.Authorization/locks\",\"name\":\"LockReservedResources\"},{\"properties\":{\"level\":\"CanNotDelete\"},\"id\":\"/subscriptions/00000000-0000-0000-0000-000000000000/resourceGroups/cli-beta/providers/Microsoft.Authorization/locks/donotdelete\",\"type\":\"Microsoft.Authorization/locks\",\"name\":\"donotdelete\"},{\"properties\":{\"level\":\"CanNotDelete\"},\"id\":\"/subscriptions/00000000-0000-0000-0000-000000000000/resourceGroups/kairu-persist/providers/Microsoft.Authorization/locks/antidelete\",\"type\":\"Microsoft.Authorization/locks\",\"name\":\"antidelete\"},{\"properties\":{\"level\":\"CanNotDelete\"},\"id\":\"/subscriptions/00000000-0000-0000-0000-000000000000/resourcegroups/azps-test-group/providers/Microsoft.Authorization/locks/do-not-delete\",\"type\":\"Microsoft.Authorization/locks\",\"name\":\"do-not-delete\"},{\"properties\":{\"level\":\"CanNotDelete\"},\"id\":\"/subscriptions/00000000-0000-0000-0000-000000000000/resourceGroups/qianwens/providers/Microsoft.Storage/storageAccounts/qianwendev/providers/Microsoft.Authorization/locks/donotedelete\",\"type\":\"Microsoft.Authorization/locks\",\"name\":\"donotedelete\"},{\"properties\":{\"level\":\"CanNotDelete\"},\"id\":\"/subscriptions/00000000-0000-0000-0000-000000000000/resourceGroups/clitestresult/providers/Microsoft.Authorization/locks/l\",\"type\":\"Microsoft.Authorization/locks\",\"name\":\"l\"},{\"properties\":{\"level\":\"CanNotDelete\"},\"id\":\"/subscriptions/00000000-0000-0000-0000-000000000000/resourceGroups/clitestresult/providers/Microsoft.Storage/storageAccounts/clitestresultstac/providers/Microsoft.Authorization/locks/l1\",\"type\":\"Microsoft.Authorization/locks\",\"name\":\"l1\"},{\"properties\":{\"level\":\"CanNotDelete\"},\"id\":\"/subscriptions/00000000-0000-0000-0000-000000000000/resourceGroups/clitestresult/providers/Microsoft.DBforMySQL/servers/clisqldbserver/providers/Microsoft.Authorization/locks/l1\",\"type\":\"Microsoft.Authorization/locks\",\"name\":\"l1\"},{\"properties\":{\"level\":\"CanNotDelete\",\"notes\":\"for
        customer issue repro  (snowflake)\"},\"id\":\"/subscriptions/00000000-0000-0000-0000-000000000000/resourcegroups/storage-v2rt-repro/providers/Microsoft.Authorization/locks/DontDelete\",\"type\":\"Microsoft.Authorization/locks\",\"name\":\"DontDelete\"},{\"properties\":{\"level\":\"CanNotDelete\"},\"id\":\"/subscriptions/00000000-0000-0000-0000-000000000000/resourceGroups/yishitest/providers/Microsoft.KeyVault/vaults/ase-testdevice-020dc7b13/providers/Microsoft.Authorization/locks/DoNotDelete\",\"type\":\"Microsoft.Authorization/locks\",\"name\":\"DoNotDelete\"},{\"properties\":{\"level\":\"CanNotDelete\"},\"id\":\"/subscriptions/00000000-0000-0000-0000-000000000000/resourceGroups/yishitest/providers/Microsoft.KeyVault/vaults/ase-ysgatewayd-e2960da93/providers/Microsoft.Authorization/locks/DoNotDelete\",\"type\":\"Microsoft.Authorization/locks\",\"name\":\"DoNotDelete\"},{\"properties\":{\"level\":\"CanNotDelete\"},\"id\":\"/subscriptions/00000000-0000-0000-0000-000000000000/resourceGroups/bim-rg/providers/Microsoft.KeyVault/vaults/dogfood-env-pwd/providers/Microsoft.Authorization/locks/lock\",\"type\":\"Microsoft.Authorization/locks\",\"name\":\"lock\"},{\"properties\":{\"level\":\"CanNotDelete\"},\"id\":\"/subscriptions/00000000-0000-0000-0000-000000000000/resourceGroups/t-yakou2/providers/Microsoft.Web/sites/WebAppPortal2CLI20200827092707/providers/Microsoft.Authorization/locks/dont_delete_me\",\"type\":\"Microsoft.Authorization/locks\",\"name\":\"dont_delete_me\"},{\"properties\":{\"level\":\"CanNotDelete\"},\"id\":\"/subscriptions/00000000-0000-0000-0000-000000000000/resourceGroups/t-yueshi/providers/Microsoft.Authorization/locks/lock\",\"type\":\"Microsoft.Authorization/locks\",\"name\":\"lock\"}]}"
    headers:
      cache-control:
      - no-cache
      content-length:
      - '14168'
      content-type:
      - application/json; charset=utf-8
      date:
      - Wed, 10 Feb 2021 12:55:27 GMT
      expires:
      - '-1'
      pragma:
      - no-cache
      strict-transport-security:
      - max-age=31536000; includeSubDomains
      transfer-encoding:
      - chunked
      vary:
      - Accept-Encoding,Accept-Encoding
      x-content-type-options:
      - nosniff
    status:
      code: 200
      message: OK
- request:
    body: null
    headers:
      Accept:
      - application/json
      Accept-Encoding:
      - gzip, deflate
      CommandName:
      - lock update
      Connection:
      - keep-alive
      ParameterSetName:
      - -n -g --resource-type --resource-name --notes --lock-type
      User-Agent:
      - python/3.7.3 (Windows-10-10.0.19041-SP0) msrest/0.6.18 msrest_azure/0.6.3
        azure-mgmt-resource/12.0.0 Azure-SDK-For-Python AZURECLI/2.19.0
      accept-language:
      - en-US
    method: GET
    uri: https://management.azure.com/subscriptions/00000000-0000-0000-0000-000000000000/resourcegroups/cli_test_readonly_resource_lock000001/providers/Microsoft.Network/virtualNetworks/cli.lock.rsrc000002/providers/Microsoft.Authorization/locks/cli-test-lock000003?api-version=2016-09-01
  response:
    body:
      string: '{"properties":{"level":"ReadOnly"},"id":"/subscriptions/00000000-0000-0000-0000-000000000000/resourcegroups/cli_test_readonly_resource_lock000001/providers/Microsoft.Network/virtualNetworks/cli.lock.rsrc000002/providers/Microsoft.Authorization/locks/cli-test-lock000003","type":"Microsoft.Authorization/locks","name":"cli-test-lock000003"}'
    headers:
      cache-control:
      - no-cache
      content-length:
      - '498'
      content-type:
      - application/json; charset=utf-8
      date:
      - Wed, 10 Feb 2021 12:55:27 GMT
      expires:
      - '-1'
      pragma:
      - no-cache
      strict-transport-security:
      - max-age=31536000; includeSubDomains
      transfer-encoding:
      - chunked
      vary:
      - Accept-Encoding,Accept-Encoding
      x-content-type-options:
      - nosniff
    status:
      code: 200
      message: OK
- request:
    body: '{"properties": {"level": "CanNotDelete", "notes": "notes000004"}}'
    headers:
      Accept:
      - application/json
      Accept-Encoding:
      - gzip, deflate
      CommandName:
      - lock update
      Connection:
      - keep-alive
      Content-Length:
      - '74'
      Content-Type:
      - application/json; charset=utf-8
      ParameterSetName:
      - -n -g --resource-type --resource-name --notes --lock-type
      User-Agent:
      - python/3.7.3 (Windows-10-10.0.19041-SP0) msrest/0.6.18 msrest_azure/0.6.3
        azure-mgmt-resource/12.0.0 Azure-SDK-For-Python AZURECLI/2.19.0
      accept-language:
      - en-US
    method: PUT
    uri: https://management.azure.com/subscriptions/00000000-0000-0000-0000-000000000000/resourcegroups/cli_test_readonly_resource_lock000001/providers/Microsoft.Network/virtualNetworks/cli.lock.rsrc000002/providers/Microsoft.Authorization/locks/cli-test-lock000003?api-version=2016-09-01
  response:
    body:
      string: '{"properties":{"level":"CanNotDelete","notes":"notes000004"},"id":"/subscriptions/00000000-0000-0000-0000-000000000000/resourcegroups/cli_test_readonly_resource_lock000001/providers/Microsoft.Network/virtualNetworks/cli.lock.rsrc000002/providers/Microsoft.Authorization/locks/cli-test-lock000003","type":"Microsoft.Authorization/locks","name":"cli-test-lock000003"}'
    headers:
      cache-control:
      - no-cache
      content-length:
      - '533'
      content-type:
      - application/json; charset=utf-8
      date:
      - Wed, 10 Feb 2021 12:55:27 GMT
      expires:
      - '-1'
      pragma:
      - no-cache
      strict-transport-security:
      - max-age=31536000; includeSubDomains
      transfer-encoding:
      - chunked
      vary:
      - Accept-Encoding,Accept-Encoding
      x-content-type-options:
      - nosniff
      x-ms-ratelimit-remaining-subscription-writes:
      - '1191'
    status:
      code: 200
      message: OK
- request:
    body: null
    headers:
      Accept:
      - application/json
      Accept-Encoding:
      - gzip, deflate
      CommandName:
      - lock delete
      Connection:
      - keep-alive
      ParameterSetName:
      - --name -g --resource-name --resource-type
      User-Agent:
      - python/3.7.3 (Windows-10-10.0.19041-SP0) msrest/0.6.18 msrest_azure/0.6.3
        azure-mgmt-resource/12.0.0 Azure-SDK-For-Python AZURECLI/2.19.0
      accept-language:
      - en-US
    method: GET
    uri: https://management.azure.com/subscriptions/00000000-0000-0000-0000-000000000000/providers/Microsoft.Authorization/locks?api-version=2016-09-01
  response:
    body:
      string: "{\"value\":[{\"properties\":{\"level\":\"CanNotDelete\"},\"id\":\"/subscriptions/00000000-0000-0000-0000-000000000000/resourceGroups/fytest2/providers/Microsoft.Compute/snapshots/s1/providers/Microsoft.Authorization/locks/l4\",\"type\":\"Microsoft.Authorization/locks\",\"name\":\"l4\"},{\"properties\":{\"level\":\"CanNotDelete\"},\"id\":\"/subscriptions/00000000-0000-0000-0000-000000000000/resourceGroups/FYTEST2/providers/Microsoft.Compute/disks/vm1_disk1_acf86aae49414fe8b70f669510e33728/providers/Microsoft.Authorization/locks/l\",\"type\":\"Microsoft.Authorization/locks\",\"name\":\"l\"},{\"properties\":{\"level\":\"CanNotDelete\"},\"id\":\"/subscriptions/00000000-0000-0000-0000-000000000000/resourceGroups/fytest2/providers/Microsoft.Compute/virtualMachines/vm1/providers/Microsoft.Authorization/locks/l\",\"type\":\"Microsoft.Authorization/locks\",\"name\":\"l\"},{\"properties\":{\"level\":\"CanNotDelete\"},\"id\":\"/subscriptions/00000000-0000-0000-0000-000000000000/resourceGroups/fytest2/providers/Microsoft.Compute/galleries/g1/providers/Microsoft.Authorization/locks/l2\",\"type\":\"Microsoft.Authorization/locks\",\"name\":\"l2\"},{\"properties\":{\"level\":\"CanNotDelete\"},\"id\":\"/subscriptions/00000000-0000-0000-0000-000000000000/resourceGroups/fytest2/providers/Microsoft.Compute/galleries/g1/images/image1/providers/Microsoft.Authorization/locks/l3\",\"type\":\"Microsoft.Authorization/locks\",\"name\":\"l3\"},{\"properties\":{\"level\":\"CanNotDelete\"},\"id\":\"/subscriptions/00000000-0000-0000-0000-000000000000/resourceGroups/fytest2/providers/Microsoft.Compute/galleries/g1/images/image1/versions/1.0.0/providers/Microsoft.Authorization/locks/l\",\"type\":\"Microsoft.Authorization/locks\",\"name\":\"l\"},{\"properties\":{\"level\":\"CanNotDelete\"},\"id\":\"/subscriptions/00000000-0000-0000-0000-000000000000/resourceGroups/acctestRG-ibt-24/providers/Microsoft.Authorization/locks/DoNotDelete\",\"type\":\"Microsoft.Authorization/locks\",\"name\":\"DoNotDelete\"},{\"properties\":{\"level\":\"CanNotDelete\",\"notes\":\"\"},\"id\":\"/subscriptions/00000000-0000-0000-0000-000000000000/resourceGroups/bez-rg/providers/Microsoft.Authorization/locks/delete\",\"type\":\"Microsoft.Authorization/locks\",\"name\":\"delete\"},{\"properties\":{\"level\":\"CanNotDelete\"},\"id\":\"/subscriptions/00000000-0000-0000-0000-000000000000/resourceGroups/fybot/providers/Microsoft.Authorization/locks/l\",\"type\":\"Microsoft.Authorization/locks\",\"name\":\"l\"},{\"properties\":{\"level\":\"CanNotDelete\",\"notes\":\"for
        Asir\"},\"id\":\"/subscriptions/00000000-0000-0000-0000-000000000000/resourceGroups/emerald-city-bookstore/providers/Microsoft.Authorization/locks/No-DELETE\",\"type\":\"Microsoft.Authorization/locks\",\"name\":\"No-DELETE\"},{\"properties\":{\"level\":\"CanNotDelete\",\"notes\":\"Nanxuan
        uses this for troubleshooting a high pri issue\"},\"id\":\"/subscriptions/00000000-0000-0000-0000-000000000000/resourceGroups/acctestRG-201105133030970486/providers/Microsoft.Authorization/locks/DoNotDelete\",\"type\":\"Microsoft.Authorization/locks\",\"name\":\"DoNotDelete\"},{\"properties\":{\"level\":\"CanNotDelete\"},\"id\":\"/subscriptions/00000000-0000-0000-0000-000000000000/resourceGroups/IT_acctestRG-ibt-24_acctest-IBT-0710-2_4ebedb5a-e3b1-4675-aa4c-3c160fe70907/providers/Microsoft.Authorization/locks/DoNotDelete\",\"type\":\"Microsoft.Authorization/locks\",\"name\":\"DoNotDelete\"},{\"properties\":{\"level\":\"CanNotDelete\"},\"id\":\"/subscriptions/00000000-0000-0000-0000-000000000000/resourceGroups/fyvm/providers/Microsoft.Authorization/locks/l1\",\"type\":\"Microsoft.Authorization/locks\",\"name\":\"l1\"},{\"properties\":{\"level\":\"CanNotDelete\"},\"id\":\"/subscriptions/00000000-0000-0000-0000-000000000000/resourceGroups/portal2cli/providers/Microsoft.Web/sites/portal2cli/providers/Microsoft.Authorization/locks/lock\",\"type\":\"Microsoft.Authorization/locks\",\"name\":\"lock\"},{\"properties\":{\"level\":\"CanNotDelete\"},\"id\":\"/subscriptions/00000000-0000-0000-0000-000000000000/resourceGroups/portal2cli/providers/Microsoft.Web/sites/webp2c/providers/Microsoft.Authorization/locks/lock\",\"type\":\"Microsoft.Authorization/locks\",\"name\":\"lock\"},{\"properties\":{\"level\":\"CanNotDelete\"},\"id\":\"/subscriptions/00000000-0000-0000-0000-000000000000/resourceGroups/portal2cli/providers/Microsoft.Storage/storageAccounts/portal2clistorage/providers/Microsoft.Authorization/locks/lock\",\"type\":\"Microsoft.Authorization/locks\",\"name\":\"lock\"},{\"properties\":{\"level\":\"CanNotDelete\"},\"id\":\"/subscriptions/00000000-0000-0000-0000-000000000000/resourceGroups/FYTEST3/providers/Microsoft.Compute/disks/vm1_OsDisk_1_3eb858856d5643d0a15aca7514d2eecd/providers/Microsoft.Authorization/locks/l\",\"type\":\"Microsoft.Authorization/locks\",\"name\":\"l\"},{\"properties\":{\"level\":\"CanNotDelete\"},\"id\":\"/subscriptions/00000000-0000-0000-0000-000000000000/resourceGroups/fytest3/providers/Microsoft.Compute/images/image/providers/Microsoft.Authorization/locks/l\",\"type\":\"Microsoft.Authorization/locks\",\"name\":\"l\"},{\"properties\":{\"level\":\"CanNotDelete\",\"notes\":\"notes000004\"},\"id\":\"/subscriptions/00000000-0000-0000-0000-000000000000/resourcegroups/cli_test_readonly_resource_lock000001/providers/Microsoft.Network/virtualNetworks/cli.lock.rsrc000002/providers/Microsoft.Authorization/locks/cli-test-lock000003\",\"type\":\"Microsoft.Authorization/locks\",\"name\":\"cli-test-lock000003\"},{\"properties\":{\"level\":\"CanNotDelete\"},\"id\":\"/subscriptions/00000000-0000-0000-0000-000000000000/resourcegroups/feng-cli-rg/providers/Microsoft.Storage/storageAccounts/fengtestsa/providers/Microsoft.Authorization/locks/salock\",\"type\":\"Microsoft.Authorization/locks\",\"name\":\"salock\"},{\"properties\":{\"level\":\"CanNotDelete\",\"notes\":\"Auto-created
        by Azure Backup for storage accounts registered with a Recovery Services Vault.
        This lock is intended to guard against deletion of backups due to accidental
        deletion of the storage account.\"},\"id\":\"/subscriptions/00000000-0000-0000-0000-000000000000/resourcegroups/clitest.rg6i4hl6iakg/providers/microsoft.storage/storageAccounts/clitestu3p7a7ib4n4y7gt4m/providers/Microsoft.Authorization/locks/AzureBackupProtectionLock\",\"type\":\"Microsoft.Authorization/locks\",\"name\":\"AzureBackupProtectionLock\"},{\"properties\":{\"level\":\"CanNotDelete\"},\"id\":\"/subscriptions/00000000-0000-0000-0000-000000000000/resourceGroups/rg-weidxu/providers/Microsoft.Storage/storageAccounts/lcok2weidxu/providers/Microsoft.Authorization/locks/inuse\",\"type\":\"Microsoft.Authorization/locks\",\"name\":\"inuse\"},{\"properties\":{\"level\":\"CanNotDelete\",\"notes\":\"\"},\"id\":\"/subscriptions/00000000-0000-0000-0000-000000000000/resourceGroups/new-experiences/providers/Microsoft.Authorization/locks/NO-DELETE\",\"type\":\"Microsoft.Authorization/locks\",\"name\":\"NO-DELETE\"},{\"properties\":{\"level\":\"CanNotDelete\"},\"id\":\"/subscriptions/00000000-0000-0000-0000-000000000000/resourcegroups/cli-live-test-rg/providers/Microsoft.Storage/storageAccounts/locksa/providers/Microsoft.Authorization/locks/nodelete\",\"type\":\"Microsoft.Authorization/locks\",\"name\":\"nodelete\"},{\"properties\":{\"level\":\"CanNotDelete\"},\"id\":\"/subscriptions/00000000-0000-0000-0000-000000000000/resourceGroups/zuh/providers/Microsoft.Authorization/locks/delete\",\"type\":\"Microsoft.Authorization/locks\",\"name\":\"delete\"},{\"properties\":{\"level\":\"CanNotDelete\"},\"id\":\"/subscriptions/00000000-0000-0000-0000-000000000000/resourceGroups/jiasli-cli-dev/providers/Microsoft.Authorization/locks/dl\",\"type\":\"Microsoft.Authorization/locks\",\"name\":\"dl\"},{\"properties\":{\"level\":\"CanNotDelete\"},\"id\":\"/subscriptions/00000000-0000-0000-0000-000000000000/resourceGroups/azure-cli-edge/providers/Microsoft.Authorization/locks/dl\",\"type\":\"Microsoft.Authorization/locks\",\"name\":\"dl\"},{\"properties\":{\"level\":\"CanNotDelete\"},\"id\":\"/subscriptions/00000000-0000-0000-0000-000000000000/resourceGroups/azure-cli-edge/providers/Microsoft.Storage/storageAccounts/azurecliedge/providers/Microsoft.Authorization/locks/azurecliedge-dl\",\"type\":\"Microsoft.Authorization/locks\",\"name\":\"azurecliedge-dl\"},{\"properties\":{\"level\":\"CanNotDelete\"},\"id\":\"/subscriptions/00000000-0000-0000-0000-000000000000/resourcegroups/zhoxing-test/providers/Microsoft.Web/sites/zhoxing-test/providers/Microsoft.Authorization/locks/zhoxing-test\",\"type\":\"Microsoft.Authorization/locks\",\"name\":\"zhoxing-test\"},{\"properties\":{\"level\":\"CanNotDelete\",\"notes\":\"Deleting
        this App Service certificate resource is final and can\u2019t be restored,
        any bindings using this certificate will become invalid and you will need
        to re-purchase the certificate.\"},\"id\":\"/subscriptions/00000000-0000-0000-0000-000000000000/resourcegroups/zhoxing-test/providers/Microsoft.CertificateRegistration/certificateOrders/zhoxing-test/providers/Microsoft.Authorization/locks/zhoxing-test\",\"type\":\"Microsoft.Authorization/locks\",\"name\":\"zhoxing-test\"},{\"properties\":{\"level\":\"ReadOnly\"},\"id\":\"/subscriptions/00000000-0000-0000-0000-000000000000/resourcegroups/zhoxing-test/providers/Microsoft.Network/virtualNetworks/zhoxing-test/providers/Microsoft.Authorization/locks/vnetlock\",\"type\":\"Microsoft.Authorization/locks\",\"name\":\"vnetlock\"},{\"properties\":{\"level\":\"ReadOnly\",\"notes\":\"sss\"},\"id\":\"/subscriptions/00000000-0000-0000-0000-000000000000/resourceGroups/zhoxing-test/providers/Microsoft.Network/virtualNetworks/zhoxing-test/providers/Microsoft.Authorization/locks/zz\",\"type\":\"Microsoft.Authorization/locks\",\"name\":\"zz\"},{\"properties\":{\"level\":\"ReadOnly\"},\"id\":\"/subscriptions/00000000-0000-0000-0000-000000000000/resourcegroups/zhoxing-test/providers/Microsoft.Network/virtualNetworks/zhoxing-test/subnets/default/providers/Microsoft.Authorization/locks/vnetlock\",\"type\":\"Microsoft.Authorization/locks\",\"name\":\"vnetlock\"},{\"properties\":{\"level\":\"CanNotDelete\"},\"id\":\"/subscriptions/00000000-0000-0000-0000-000000000000/resourceGroups/fytest/providers/Microsoft.Storage/storageAccounts/sharedvmextension/providers/Microsoft.Authorization/locks/l1\",\"type\":\"Microsoft.Authorization/locks\",\"name\":\"l1\"},{\"properties\":{\"level\":\"CanNotDelete\"},\"id\":\"/subscriptions/00000000-0000-0000-0000-000000000000/resourceGroups/fytest/providers/Microsoft.Compute/images/img1/providers/Microsoft.Authorization/locks/l1\",\"type\":\"Microsoft.Authorization/locks\",\"name\":\"l1\"},{\"properties\":{\"level\":\"CanNotDelete\"},\"id\":\"/subscriptions/00000000-0000-0000-0000-000000000000/resourceGroups/fytest/providers/Microsoft.Compute/galleries/gallery1/images/image1/providers/Microsoft.Authorization/locks/l1\",\"type\":\"Microsoft.Authorization/locks\",\"name\":\"l1\"},{\"properties\":{\"level\":\"CanNotDelete\",\"notes\":\"In
        case of deleting by incident\"},\"id\":\"/subscriptions/00000000-0000-0000-0000-000000000000/resourcegroups/azuresdktest_reserved/providers/Microsoft.Authorization/locks/LockReservedResources\",\"type\":\"Microsoft.Authorization/locks\",\"name\":\"LockReservedResources\"},{\"properties\":{\"level\":\"CanNotDelete\"},\"id\":\"/subscriptions/00000000-0000-0000-0000-000000000000/resourceGroups/cli-beta/providers/Microsoft.Authorization/locks/donotdelete\",\"type\":\"Microsoft.Authorization/locks\",\"name\":\"donotdelete\"},{\"properties\":{\"level\":\"CanNotDelete\"},\"id\":\"/subscriptions/00000000-0000-0000-0000-000000000000/resourceGroups/kairu-persist/providers/Microsoft.Authorization/locks/antidelete\",\"type\":\"Microsoft.Authorization/locks\",\"name\":\"antidelete\"},{\"properties\":{\"level\":\"CanNotDelete\"},\"id\":\"/subscriptions/00000000-0000-0000-0000-000000000000/resourcegroups/azps-test-group/providers/Microsoft.Authorization/locks/do-not-delete\",\"type\":\"Microsoft.Authorization/locks\",\"name\":\"do-not-delete\"},{\"properties\":{\"level\":\"CanNotDelete\"},\"id\":\"/subscriptions/00000000-0000-0000-0000-000000000000/resourceGroups/qianwens/providers/Microsoft.Storage/storageAccounts/qianwendev/providers/Microsoft.Authorization/locks/donotedelete\",\"type\":\"Microsoft.Authorization/locks\",\"name\":\"donotedelete\"},{\"properties\":{\"level\":\"CanNotDelete\"},\"id\":\"/subscriptions/00000000-0000-0000-0000-000000000000/resourceGroups/clitestresult/providers/Microsoft.Authorization/locks/l\",\"type\":\"Microsoft.Authorization/locks\",\"name\":\"l\"},{\"properties\":{\"level\":\"CanNotDelete\"},\"id\":\"/subscriptions/00000000-0000-0000-0000-000000000000/resourceGroups/clitestresult/providers/Microsoft.Storage/storageAccounts/clitestresultstac/providers/Microsoft.Authorization/locks/l1\",\"type\":\"Microsoft.Authorization/locks\",\"name\":\"l1\"},{\"properties\":{\"level\":\"CanNotDelete\"},\"id\":\"/subscriptions/00000000-0000-0000-0000-000000000000/resourceGroups/clitestresult/providers/Microsoft.DBforMySQL/servers/clisqldbserver/providers/Microsoft.Authorization/locks/l1\",\"type\":\"Microsoft.Authorization/locks\",\"name\":\"l1\"},{\"properties\":{\"level\":\"CanNotDelete\",\"notes\":\"for
        customer issue repro  (snowflake)\"},\"id\":\"/subscriptions/00000000-0000-0000-0000-000000000000/resourcegroups/storage-v2rt-repro/providers/Microsoft.Authorization/locks/DontDelete\",\"type\":\"Microsoft.Authorization/locks\",\"name\":\"DontDelete\"},{\"properties\":{\"level\":\"CanNotDelete\"},\"id\":\"/subscriptions/00000000-0000-0000-0000-000000000000/resourceGroups/yishitest/providers/Microsoft.KeyVault/vaults/ase-testdevice-020dc7b13/providers/Microsoft.Authorization/locks/DoNotDelete\",\"type\":\"Microsoft.Authorization/locks\",\"name\":\"DoNotDelete\"},{\"properties\":{\"level\":\"CanNotDelete\"},\"id\":\"/subscriptions/00000000-0000-0000-0000-000000000000/resourceGroups/yishitest/providers/Microsoft.KeyVault/vaults/ase-ysgatewayd-e2960da93/providers/Microsoft.Authorization/locks/DoNotDelete\",\"type\":\"Microsoft.Authorization/locks\",\"name\":\"DoNotDelete\"},{\"properties\":{\"level\":\"CanNotDelete\"},\"id\":\"/subscriptions/00000000-0000-0000-0000-000000000000/resourceGroups/bim-rg/providers/Microsoft.KeyVault/vaults/dogfood-env-pwd/providers/Microsoft.Authorization/locks/lock\",\"type\":\"Microsoft.Authorization/locks\",\"name\":\"lock\"},{\"properties\":{\"level\":\"CanNotDelete\"},\"id\":\"/subscriptions/00000000-0000-0000-0000-000000000000/resourceGroups/t-yakou2/providers/Microsoft.Web/sites/WebAppPortal2CLI20200827092707/providers/Microsoft.Authorization/locks/dont_delete_me\",\"type\":\"Microsoft.Authorization/locks\",\"name\":\"dont_delete_me\"},{\"properties\":{\"level\":\"CanNotDelete\"},\"id\":\"/subscriptions/00000000-0000-0000-0000-000000000000/resourceGroups/t-yueshi/providers/Microsoft.Authorization/locks/lock\",\"type\":\"Microsoft.Authorization/locks\",\"name\":\"lock\"}]}"
    headers:
      cache-control:
      - no-cache
      content-length:
      - '14203'
      content-type:
      - application/json; charset=utf-8
      date:
      - Wed, 10 Feb 2021 12:55:28 GMT
      expires:
      - '-1'
      pragma:
      - no-cache
      strict-transport-security:
      - max-age=31536000; includeSubDomains
      transfer-encoding:
      - chunked
      vary:
      - Accept-Encoding,Accept-Encoding
      x-content-type-options:
      - nosniff
    status:
      code: 200
      message: OK
- request:
    body: null
    headers:
      Accept:
      - application/json
      Accept-Encoding:
      - gzip, deflate
      CommandName:
      - lock delete
      Connection:
      - keep-alive
      Content-Length:
      - '0'
      ParameterSetName:
      - --name -g --resource-name --resource-type
      User-Agent:
      - python/3.7.3 (Windows-10-10.0.19041-SP0) msrest/0.6.18 msrest_azure/0.6.3
        azure-mgmt-resource/12.0.0 Azure-SDK-For-Python AZURECLI/2.19.0
      accept-language:
      - en-US
    method: DELETE
    uri: https://management.azure.com/subscriptions/00000000-0000-0000-0000-000000000000/resourcegroups/cli_test_readonly_resource_lock000001/providers/Microsoft.Network/virtualNetworks/cli.lock.rsrc000002/providers/Microsoft.Authorization/locks/cli-test-lock000003?api-version=2016-09-01
  response:
    body:
      string: ''
    headers:
      cache-control:
      - no-cache
      content-length:
      - '0'
      date:
      - Wed, 10 Feb 2021 12:55:28 GMT
      expires:
      - '-1'
      pragma:
      - no-cache
      strict-transport-security:
      - max-age=31536000; includeSubDomains
      x-content-type-options:
      - nosniff
      x-ms-ratelimit-remaining-subscription-deletes:
      - '14999'
    status:
      code: 200
      message: OK
version: 1
