interactions:
- request:
    body: "{\"location\": \"WestUS\", \"properties\": {\"parameters\": {\"nestedRGName\":
      {\"value\": \"cli_test_subscription_level_deployment\"}, \"storageAccountName\":
      {\"value\": \"armbuilddemo000003\"}}, \"mode\": \"Incremental\", template:{\r\n
      \ \"$schema\": \"https://schema.management.azure.com/schemas/2015-01-01/deploymentTemplate.json#\",\r\n
      \ \"contentVersion\": \"1.0.0.0\",\r\n  \"parameters\": {\r\n    \"storageAccountName\":
      {\r\n      \"type\": \"string\",\r\n      \"defaultValue\": \"armbuilddemo1801\"\r\n
      \   },\r\n    \"nestedRGName\": {\r\n      \"type\": \"string\",\r\n      \"defaultValue\":
      \"cli_test_subscription_level_deployment\"\r\n    }\r\n  },\r\n  \"variables\":
      {},\r\n  \"resources\": [\r\n    {\r\n      \"type\": \"Microsoft.Authorization/policyDefinitions\",\r\n
      \     \"name\": \"policy2\",\r\n      \"apiVersion\": \"2016-12-01\",\r\n      \"properties\":
      {\r\n        \"policyType\": \"Custom\",\r\n        \"parameters\": {},\r\n
      \       \"policyRule\": {\r\n          \"if\": {\r\n            \"field\": \"location\",\r\n
      \           \"equals\": \"northeurope\"\r\n          },\r\n          \"then\":
      {\r\n            \"effect\": \"deny\"\r\n          }\r\n        }\r\n      }\r\n
      \   },\r\n    {\r\n      \"type\": \"Microsoft.Authorization/policyAssignments\",\r\n
      \     \"name\": \"location-lock\",\r\n      \"apiVersion\": \"2016-12-01\",\r\n
      \     \"dependsOn\": [\r\n        \"policy2\"\r\n      ],\r\n      \"properties\":
      {\r\n        \"scope\": \"[subscription().id]\",\r\n        \"policyDefinitionId\":
      \"[resourceId('Microsoft.Authorization/policyDefinitions', 'policy2')]\"\r\n
      \     }\r\n    },\r\n    {\r\n      \"type\": \"Microsoft.Resources/resourceGroups\",\r\n
      \     \"name\": \"[parameters('nestedRGName')]\",\r\n      \"apiVersion\": \"2018-05-01\",\r\n
      \     \"location\": \"WestUS\",\r\n      \"properties\": {\r\n      }\r\n    },\r\n
      \   {\r\n      \"type\": \"Microsoft.Resources/deployments\",\r\n      \"name\":
      \"rg-nested6\",\r\n      \"apiVersion\": \"2017-05-10\",\r\n      \"resourceGroup\":
      \"[parameters('nestedRGName')]\",\r\n      \"dependsOn\": [ \"[parameters('nestedRGName')]\"
      ],\r\n      \"properties\": {\r\n        \"template\": {\r\n          \"$schema\":
      \"https://schema.management.azure.com/schemas/2015-01-01/deploymentTemplate.json#\",\r\n
      \         \"contentVersion\": \"1.0.0.0\",\r\n          \"parameters\": {},\r\n
      \         \"variables\": {},\r\n          \"resources\": [\r\n            {\r\n
      \             \"type\": \"Microsoft.Storage/storageAccounts\",\r\n              \"name\":
      \"[parameters('storageAccountName')]\",\r\n              \"apiVersion\": \"2015-06-15\",\r\n
      \             \"location\": \"East US\",\r\n              \"properties\": {\r\n
      \               \"accountType\": \"Standard_LRS\",\r\n                \"supportsHttpsTrafficOnly\":
      true,\r\n                \"allowSharedKeyAccess\": false\r\n              }\r\n
      \           }\r\n          ]\r\n        },\r\n        \"mode\":\"Incremental\"\r\n
      \     }\r\n    }\r\n  ] // comment\r\n}}}"
    headers:
      Accept:
      - application/json
      Accept-Encoding:
      - gzip, deflate
      CommandName:
      - deployment validate
      Connection:
      - keep-alive
      Content-Length:
      - '2662'
      Content-Type:
      - application/json
      ParameterSetName:
      - --location --template-file --parameters --parameters
      User-Agent:
      - AZURECLI/2.73.0 azsdk-python-core/1.31.0 Python/3.12.10 (Windows-11-10.0.26100-SP0)
    method: POST
    uri: https://management.azure.com/subscriptions/00000000-0000-0000-0000-000000000000/providers/Microsoft.Resources/deployments/mock-deployment/validate?api-version=2024-11-01
  response:
    body:
      string: '{"id":"/subscriptions/00000000-0000-0000-0000-000000000000/providers/Microsoft.Resources/deployments/subscription_level_template","name":"subscription_level_template","type":"Microsoft.Resources/deployments","location":"westus","properties":{"templateHash":"7334760418310943444","parameters":{"storageAccountName":{"type":"String","value":"armbuilddemo000003"},"nestedRGName":{"type":"String","value":"cli_test_subscription_level_deployment"}},"mode":"Incremental","provisioningState":"Succeeded","timestamp":"2025-05-22T23:59:23.0924562Z","duration":"PT0S","correlationId":"7e7d51a4-6965-4666-9bbe-70b8df84093b","providers":[{"namespace":"Microsoft.Authorization","resourceTypes":[{"resourceType":"policyDefinitions","locations":[null]},{"resourceType":"policyAssignments","locations":[null]}]},{"namespace":"Microsoft.Resources","resourceTypes":[{"resourceType":"resourceGroups","locations":["westus"]},{"resourceType":"deployments","locations":[null]}]}],"dependencies":[{"dependsOn":[{"id":"/subscriptions/00000000-0000-0000-0000-000000000000/providers/Microsoft.Authorization/policyDefinitions/policy2","resourceType":"Microsoft.Authorization/policyDefinitions","resourceName":"policy2"}],"id":"/subscriptions/00000000-0000-0000-0000-000000000000/providers/Microsoft.Authorization/policyAssignments/location-lock","resourceType":"Microsoft.Authorization/policyAssignments","resourceName":"location-lock"},{"dependsOn":[{"id":"/subscriptions/00000000-0000-0000-0000-000000000000/resourceGroups/cli_test_subscription_level_deployment","resourceType":"Microsoft.Resources/resourceGroups","resourceName":"cli_test_subscription_level_deployment"}],"id":"/subscriptions/00000000-0000-0000-0000-000000000000/resourceGroups/cli_test_subscription_level_deployment/providers/Microsoft.Resources/deployments/rg-nested6","resourceType":"Microsoft.Resources/deployments","resourceName":"rg-nested6"}],"validatedResources":[{"id":"/subscriptions/00000000-0000-0000-0000-000000000000/providers/Microsoft.Authorization/policyDefinitions/policy2"},{"id":"/subscriptions/00000000-0000-0000-0000-000000000000/providers/Microsoft.Authorization/policyAssignments/location-lock"},{"id":"/subscriptions/00000000-0000-0000-0000-000000000000/resourceGroups/cli_test_subscription_level_deployment"},{"id":"/subscriptions/00000000-0000-0000-0000-000000000000/resourceGroups/cli_test_subscription_level_deployment/providers/Microsoft.Resources/deployments/rg-nested6"},{"id":"/subscriptions/00000000-0000-0000-0000-000000000000/resourceGroups/cli_test_subscription_level_deployment/providers/Microsoft.Storage/storageAccounts/armbuilddemo000003"}]}}'
    headers:
      cache-control:
      - no-cache
      content-length:
      - '2626'
      content-type:
      - application/json; charset=utf-8
      date:
      - Thu, 22 May 2025 23:59:23 GMT
      expires:
      - '-1'
      pragma:
      - no-cache
      strict-transport-security:
      - max-age=31536000; includeSubDomains
      x-cache:
      - CONFIG_NOCACHE
      x-content-type-options:
      - nosniff
      x-ms-ratelimit-remaining-subscription-global-writes:
      - '11999'
      x-ms-ratelimit-remaining-subscription-writes:
      - '799'
      x-msedge-ref:
      - 'Ref A: BF370D4758AA4CD48454C9D10E354B60 Ref B: CO6AA3150219047 Ref C: 2025-05-22T23:59:22Z'
    status:
      code: 200
      message: OK
- request:
    body: null
    headers:
      Connection:
      - close
      Host:
      - raw.githubusercontent.com
      User-Agent:
      - Python-urllib/3.12
    method: GET
    uri: https://raw.githubusercontent.com/Azure/azure-cli/dev/src/azure-cli/azure/cli/command_modules/resource/tests/latest/subscription_level_parameters.json
  response:
    body:
      string: "{\n  \"$schema\": \"https://schema.management.azure.com/schemas/2015-01-01/deploymentParameters.json#\",\n
        \ \"contentVersion\": \"1.0.0.0\",\n  \"parameters\": {\n     /** comment1\n
        \       comment2\n        comment3\n      **/\n      // comment\n      /**
        comment **/\n    \"nestedRGName\": {\n      /** comment1\n        comment2\n
        \       comment3\n      **/\n      // comment\n      /** comment **/\n      \"value\":
        \"cli_test_subscription_level_deployment\" /** comment **/\n      /** comment1\n
        \       comment2\n        comment3\n      **/\n      // comment\n      /**
        comment **/\n    }\n      /** comment1\n        comment2\n        comment3\n
        \     **/\n      // comment\n      /** comment **/\n  }\n}"
    headers:
      accept-ranges:
      - bytes
      access-control-allow-origin:
      - '*'
      cache-control:
      - max-age=300
      connection:
      - close
      content-length:
      - '661'
      content-security-policy:
      - default-src 'none'; style-src 'unsafe-inline'; sandbox
      content-type:
      - text/plain; charset=utf-8
      cross-origin-resource-policy:
      - cross-origin
      date:
      - Thu, 22 May 2025 23:59:31 GMT
      etag:
      - '"2cc7b94cb1a1129b25fb74b5079c39ebea46f9ed18b7ed5ab643967ad43be835"'
      expires:
      - Fri, 23 May 2025 00:04:31 GMT
      source-age:
      - '0'
      strict-transport-security:
      - max-age=31536000
      vary:
      - Authorization,Accept-Encoding,Origin
      via:
      - 1.1 varnish
      x-cache:
      - HIT
      x-cache-hits:
      - '0'
      x-content-type-options:
      - nosniff
      x-fastly-request-id:
      - a9281a4799a72e75f7d6a14dd5afaf231470ec52
      x-frame-options:
      - deny
      x-github-request-id:
      - 8407:39B397:2B2B97:352C49:682FAF60
      x-served-by:
      - cache-bfi-krnt7300098-BFI
      x-timer:
      - S1747958372.718908,VS0,VE140
      x-xss-protection:
      - 1; mode=block
    status:
      code: 200
      message: OK
- request:
    body: "{\"location\": \"WestUS\", \"properties\": {\"parameters\": {\"nestedRGName\":
      {\"value\": \"cli_test_subscription_level_deployment\"}}, \"mode\": \"Incremental\",
      template:{\r\n  \"$schema\": \"https://schema.management.azure.com/schemas/2015-01-01/deploymentTemplate.json#\",\r\n
      \ \"contentVersion\": \"1.0.0.0\",\r\n  \"parameters\": {\r\n    \"storageAccountName\":
      {\r\n      \"type\": \"string\",\r\n      \"defaultValue\": \"armbuilddemo1801\"\r\n
      \   },\r\n    \"nestedRGName\": {\r\n      \"type\": \"string\",\r\n      \"defaultValue\":
      \"cli_test_subscription_level_deployment\"\r\n    }\r\n  },\r\n  \"variables\":
      {},\r\n  \"resources\": [\r\n    {\r\n      \"type\": \"Microsoft.Authorization/policyDefinitions\",\r\n
      \     \"name\": \"policy2\",\r\n      \"apiVersion\": \"2016-12-01\",\r\n      \"properties\":
      {\r\n        \"policyType\": \"Custom\",\r\n        \"parameters\": {},\r\n
      \       \"policyRule\": {\r\n          \"if\": {\r\n            \"field\": \"location\",\r\n
      \           \"equals\": \"northeurope\"\r\n          },\r\n          \"then\":
      {\r\n            \"effect\": \"deny\"\r\n          }\r\n        }\r\n      }\r\n
      \   },\r\n    {\r\n      \"type\": \"Microsoft.Authorization/policyAssignments\",\r\n
      \     \"name\": \"location-lock\",\r\n      \"apiVersion\": \"2016-12-01\",\r\n
      \     \"dependsOn\": [\r\n        \"policy2\"\r\n      ],\r\n      \"properties\":
      {\r\n        \"scope\": \"[subscription().id]\",\r\n        \"policyDefinitionId\":
      \"[resourceId('Microsoft.Authorization/policyDefinitions', 'policy2')]\"\r\n
      \     }\r\n    },\r\n    {\r\n      \"type\": \"Microsoft.Resources/resourceGroups\",\r\n
      \     \"name\": \"[parameters('nestedRGName')]\",\r\n      \"apiVersion\": \"2018-05-01\",\r\n
      \     \"location\": \"WestUS\",\r\n      \"properties\": {\r\n      }\r\n    },\r\n
      \   {\r\n      \"type\": \"Microsoft.Resources/deployments\",\r\n      \"name\":
      \"rg-nested6\",\r\n      \"apiVersion\": \"2017-05-10\",\r\n      \"resourceGroup\":
      \"[parameters('nestedRGName')]\",\r\n      \"dependsOn\": [ \"[parameters('nestedRGName')]\"
      ],\r\n      \"properties\": {\r\n        \"template\": {\r\n          \"$schema\":
      \"https://schema.management.azure.com/schemas/2015-01-01/deploymentTemplate.json#\",\r\n
      \         \"contentVersion\": \"1.0.0.0\",\r\n          \"parameters\": {},\r\n
      \         \"variables\": {},\r\n          \"resources\": [\r\n            {\r\n
      \             \"type\": \"Microsoft.Storage/storageAccounts\",\r\n              \"name\":
      \"[parameters('storageAccountName')]\",\r\n              \"apiVersion\": \"2015-06-15\",\r\n
      \             \"location\": \"East US\",\r\n              \"properties\": {\r\n
      \               \"accountType\": \"Standard_LRS\",\r\n                \"supportsHttpsTrafficOnly\":
      true,\r\n                \"allowSharedKeyAccess\": false\r\n              }\r\n
      \           }\r\n          ]\r\n        },\r\n        \"mode\":\"Incremental\"\r\n
      \     }\r\n    }\r\n  ] // comment\r\n}}}"
    headers:
      Accept:
      - application/json
      Accept-Encoding:
      - gzip, deflate
      CommandName:
      - deployment validate
      Connection:
      - keep-alive
      Content-Length:
      - '2607'
      Content-Type:
      - application/json
      ParameterSetName:
      - --location --template-file --parameters
      User-Agent:
      - AZURECLI/2.73.0 azsdk-python-core/1.31.0 Python/3.12.10 (Windows-11-10.0.26100-SP0)
    method: POST
    uri: https://management.azure.com/subscriptions/00000000-0000-0000-0000-000000000000/providers/Microsoft.Resources/deployments/mock-deployment/validate?api-version=2024-11-01
  response:
    body:
      string: '{"id":"/subscriptions/00000000-0000-0000-0000-000000000000/providers/Microsoft.Resources/deployments/subscription_level_template","name":"subscription_level_template","type":"Microsoft.Resources/deployments","location":"westus","properties":{"templateHash":"7334760418310943444","parameters":{"storageAccountName":{"type":"String","value":"armbuilddemo1801"},"nestedRGName":{"type":"String","value":"cli_test_subscription_level_deployment"}},"mode":"Incremental","provisioningState":"Succeeded","timestamp":"2025-05-22T23:59:32.3080427Z","duration":"PT0S","correlationId":"a0c06ad7-a1a6-4900-8db0-d425520e109b","providers":[{"namespace":"Microsoft.Authorization","resourceTypes":[{"resourceType":"policyDefinitions","locations":[null]},{"resourceType":"policyAssignments","locations":[null]}]},{"namespace":"Microsoft.Resources","resourceTypes":[{"resourceType":"resourceGroups","locations":["westus"]},{"resourceType":"deployments","locations":[null]}]}],"dependencies":[{"dependsOn":[{"id":"/subscriptions/00000000-0000-0000-0000-000000000000/providers/Microsoft.Authorization/policyDefinitions/policy2","resourceType":"Microsoft.Authorization/policyDefinitions","resourceName":"policy2"}],"id":"/subscriptions/00000000-0000-0000-0000-000000000000/providers/Microsoft.Authorization/policyAssignments/location-lock","resourceType":"Microsoft.Authorization/policyAssignments","resourceName":"location-lock"},{"dependsOn":[{"id":"/subscriptions/00000000-0000-0000-0000-000000000000/resourceGroups/cli_test_subscription_level_deployment","resourceType":"Microsoft.Resources/resourceGroups","resourceName":"cli_test_subscription_level_deployment"}],"id":"/subscriptions/00000000-0000-0000-0000-000000000000/resourceGroups/cli_test_subscription_level_deployment/providers/Microsoft.Resources/deployments/rg-nested6","resourceType":"Microsoft.Resources/deployments","resourceName":"rg-nested6"}],"validatedResources":[{"id":"/subscriptions/00000000-0000-0000-0000-000000000000/providers/Microsoft.Authorization/policyDefinitions/policy2"},{"id":"/subscriptions/00000000-0000-0000-0000-000000000000/providers/Microsoft.Authorization/policyAssignments/location-lock"},{"id":"/subscriptions/00000000-0000-0000-0000-000000000000/resourceGroups/cli_test_subscription_level_deployment"},{"id":"/subscriptions/00000000-0000-0000-0000-000000000000/resourceGroups/cli_test_subscription_level_deployment/providers/Microsoft.Resources/deployments/rg-nested6"},{"id":"/subscriptions/00000000-0000-0000-0000-000000000000/resourceGroups/cli_test_subscription_level_deployment/providers/Microsoft.Storage/storageAccounts/armbuilddemo1801"}]}}'
    headers:
      cache-control:
      - no-cache
      content-length:
      - '2622'
      content-type:
      - application/json; charset=utf-8
      date:
      - Thu, 22 May 2025 23:59:32 GMT
      expires:
      - '-1'
      pragma:
      - no-cache
      strict-transport-security:
      - max-age=31536000; includeSubDomains
      x-cache:
      - CONFIG_NOCACHE
      x-content-type-options:
      - nosniff
      x-ms-ratelimit-remaining-subscription-global-writes:
      - '11999'
      x-ms-ratelimit-remaining-subscription-writes:
      - '799'
      x-msedge-ref:
      - 'Ref A: 05C93C4A1503459AB2B1909F679DE88C Ref B: MWH011020809052 Ref C: 2025-05-22T23:59:32Z'
    status:
      code: 200
      message: OK
- request:
    body: "{\"location\": \"WestUS\", \"properties\": {\"parameters\": {\"nestedRGName\":
      {\"value\": \"cli_test_subscription_level_deployment\"}, \"storageAccountName\":
      {\"value\": \"armbuilddemo000003\"}}, \"mode\": \"Incremental\", template:{\r\n
      \ \"$schema\": \"https://schema.management.azure.com/schemas/2015-01-01/deploymentTemplate.json#\",\r\n
      \ \"contentVersion\": \"1.0.0.0\",\r\n  \"parameters\": {\r\n    \"storageAccountName\":
      {\r\n      \"type\": \"string\",\r\n      \"defaultValue\": \"armbuilddemo1801\"\r\n
      \   },\r\n    \"nestedRGName\": {\r\n      \"type\": \"string\",\r\n      \"defaultValue\":
      \"cli_test_subscription_level_deployment\"\r\n    }\r\n  },\r\n  \"variables\":
      {},\r\n  \"resources\": [\r\n    {\r\n      \"type\": \"Microsoft.Authorization/policyDefinitions\",\r\n
      \     \"name\": \"policy2\",\r\n      \"apiVersion\": \"2016-12-01\",\r\n      \"properties\":
      {\r\n        \"policyType\": \"Custom\",\r\n        \"parameters\": {},\r\n
      \       \"policyRule\": {\r\n          \"if\": {\r\n            \"field\": \"location\",\r\n
      \           \"equals\": \"northeurope\"\r\n          },\r\n          \"then\":
      {\r\n            \"effect\": \"deny\"\r\n          }\r\n        }\r\n      }\r\n
      \   },\r\n    {\r\n      \"type\": \"Microsoft.Authorization/policyAssignments\",\r\n
      \     \"name\": \"location-lock\",\r\n      \"apiVersion\": \"2016-12-01\",\r\n
      \     \"dependsOn\": [\r\n        \"policy2\"\r\n      ],\r\n      \"properties\":
      {\r\n        \"scope\": \"[subscription().id]\",\r\n        \"policyDefinitionId\":
      \"[resourceId('Microsoft.Authorization/policyDefinitions', 'policy2')]\"\r\n
      \     }\r\n    },\r\n    {\r\n      \"type\": \"Microsoft.Resources/resourceGroups\",\r\n
      \     \"name\": \"[parameters('nestedRGName')]\",\r\n      \"apiVersion\": \"2018-05-01\",\r\n
      \     \"location\": \"WestUS\",\r\n      \"properties\": {\r\n      }\r\n    },\r\n
      \   {\r\n      \"type\": \"Microsoft.Resources/deployments\",\r\n      \"name\":
      \"rg-nested6\",\r\n      \"apiVersion\": \"2017-05-10\",\r\n      \"resourceGroup\":
      \"[parameters('nestedRGName')]\",\r\n      \"dependsOn\": [ \"[parameters('nestedRGName')]\"
      ],\r\n      \"properties\": {\r\n        \"template\": {\r\n          \"$schema\":
      \"https://schema.management.azure.com/schemas/2015-01-01/deploymentTemplate.json#\",\r\n
      \         \"contentVersion\": \"1.0.0.0\",\r\n          \"parameters\": {},\r\n
      \         \"variables\": {},\r\n          \"resources\": [\r\n            {\r\n
      \             \"type\": \"Microsoft.Storage/storageAccounts\",\r\n              \"name\":
      \"[parameters('storageAccountName')]\",\r\n              \"apiVersion\": \"2015-06-15\",\r\n
      \             \"location\": \"East US\",\r\n              \"properties\": {\r\n
      \               \"accountType\": \"Standard_LRS\",\r\n                \"supportsHttpsTrafficOnly\":
      true,\r\n                \"allowSharedKeyAccess\": false\r\n              }\r\n
      \           }\r\n          ]\r\n        },\r\n        \"mode\":\"Incremental\"\r\n
      \     }\r\n    }\r\n  ] // comment\r\n}}}"
    headers:
      Accept:
      - application/json
      Accept-Encoding:
      - gzip, deflate
      CommandName:
      - deployment create
      Connection:
      - keep-alive
      Content-Length:
      - '2662'
      Content-Type:
      - application/json
      ParameterSetName:
      - -n --location --template-file --parameters --parameters
      User-Agent:
      - AZURECLI/2.73.0 azsdk-python-core/1.31.0 Python/3.12.10 (Windows-11-10.0.26100-SP0)
    method: POST
    uri: https://management.azure.com/subscriptions/00000000-0000-0000-0000-000000000000/providers/Microsoft.Resources/deployments/mock-deployment/validate?api-version=2024-11-01
  response:
    body:
      string: '{"id":"/subscriptions/00000000-0000-0000-0000-000000000000/providers/Microsoft.Resources/deployments/azure-cli-subscription_level_deployment000001","name":"azure-cli-subscription_level_deployment000001","type":"Microsoft.Resources/deployments","location":"westus","properties":{"templateHash":"7334760418310943444","parameters":{"storageAccountName":{"type":"String","value":"armbuilddemo000003"},"nestedRGName":{"type":"String","value":"cli_test_subscription_level_deployment"}},"mode":"Incremental","provisioningState":"Succeeded","timestamp":"2025-05-22T23:59:36.5448705Z","duration":"PT0S","correlationId":"67119643-228a-46f9-bd72-c320c6c96f6b","providers":[{"namespace":"Microsoft.Authorization","resourceTypes":[{"resourceType":"policyDefinitions","locations":[null]},{"resourceType":"policyAssignments","locations":[null]}]},{"namespace":"Microsoft.Resources","resourceTypes":[{"resourceType":"resourceGroups","locations":["westus"]},{"resourceType":"deployments","locations":[null]}]}],"dependencies":[{"dependsOn":[{"id":"/subscriptions/00000000-0000-0000-0000-000000000000/providers/Microsoft.Authorization/policyDefinitions/policy2","resourceType":"Microsoft.Authorization/policyDefinitions","resourceName":"policy2"}],"id":"/subscriptions/00000000-0000-0000-0000-000000000000/providers/Microsoft.Authorization/policyAssignments/location-lock","resourceType":"Microsoft.Authorization/policyAssignments","resourceName":"location-lock"},{"dependsOn":[{"id":"/subscriptions/00000000-0000-0000-0000-000000000000/resourceGroups/cli_test_subscription_level_deployment","resourceType":"Microsoft.Resources/resourceGroups","resourceName":"cli_test_subscription_level_deployment"}],"id":"/subscriptions/00000000-0000-0000-0000-000000000000/resourceGroups/cli_test_subscription_level_deployment/providers/Microsoft.Resources/deployments/rg-nested6","resourceType":"Microsoft.Resources/deployments","resourceName":"rg-nested6"}],"validatedResources":[{"id":"/subscriptions/00000000-0000-0000-0000-000000000000/providers/Microsoft.Authorization/policyDefinitions/policy2"},{"id":"/subscriptions/00000000-0000-0000-0000-000000000000/providers/Microsoft.Authorization/policyAssignments/location-lock"},{"id":"/subscriptions/00000000-0000-0000-0000-000000000000/resourceGroups/cli_test_subscription_level_deployment"},{"id":"/subscriptions/00000000-0000-0000-0000-000000000000/resourceGroups/cli_test_subscription_level_deployment/providers/Microsoft.Resources/deployments/rg-nested6"},{"id":"/subscriptions/00000000-0000-0000-0000-000000000000/resourceGroups/cli_test_subscription_level_deployment/providers/Microsoft.Storage/storageAccounts/armbuilddemo000003"}]}}'
    headers:
      cache-control:
      - no-cache
      content-length:
      - '2662'
      content-type:
      - application/json; charset=utf-8
      date:
      - Thu, 22 May 2025 23:59:36 GMT
      expires:
      - '-1'
      pragma:
      - no-cache
      strict-transport-security:
      - max-age=31536000; includeSubDomains
      x-cache:
      - CONFIG_NOCACHE
      x-content-type-options:
      - nosniff
      x-ms-ratelimit-remaining-subscription-global-writes:
      - '11999'
      x-ms-ratelimit-remaining-subscription-writes:
      - '799'
      x-msedge-ref:
      - 'Ref A: 08B487BCA2434F329DE6C44F8BBD99CB Ref B: CO6AA3150217029 Ref C: 2025-05-22T23:59:36Z'
    status:
      code: 200
      message: OK
- request:
    body: "{\"location\": \"WestUS\", \"properties\": {\"parameters\": {\"nestedRGName\":
      {\"value\": \"cli_test_subscription_level_deployment\"}, \"storageAccountName\":
      {\"value\": \"armbuilddemo000003\"}}, \"mode\": \"Incremental\", template:{\r\n
      \ \"$schema\": \"https://schema.management.azure.com/schemas/2015-01-01/deploymentTemplate.json#\",\r\n
      \ \"contentVersion\": \"1.0.0.0\",\r\n  \"parameters\": {\r\n    \"storageAccountName\":
      {\r\n      \"type\": \"string\",\r\n      \"defaultValue\": \"armbuilddemo1801\"\r\n
      \   },\r\n    \"nestedRGName\": {\r\n      \"type\": \"string\",\r\n      \"defaultValue\":
      \"cli_test_subscription_level_deployment\"\r\n    }\r\n  },\r\n  \"variables\":
      {},\r\n  \"resources\": [\r\n    {\r\n      \"type\": \"Microsoft.Authorization/policyDefinitions\",\r\n
      \     \"name\": \"policy2\",\r\n      \"apiVersion\": \"2016-12-01\",\r\n      \"properties\":
      {\r\n        \"policyType\": \"Custom\",\r\n        \"parameters\": {},\r\n
      \       \"policyRule\": {\r\n          \"if\": {\r\n            \"field\": \"location\",\r\n
      \           \"equals\": \"northeurope\"\r\n          },\r\n          \"then\":
      {\r\n            \"effect\": \"deny\"\r\n          }\r\n        }\r\n      }\r\n
      \   },\r\n    {\r\n      \"type\": \"Microsoft.Authorization/policyAssignments\",\r\n
      \     \"name\": \"location-lock\",\r\n      \"apiVersion\": \"2016-12-01\",\r\n
      \     \"dependsOn\": [\r\n        \"policy2\"\r\n      ],\r\n      \"properties\":
      {\r\n        \"scope\": \"[subscription().id]\",\r\n        \"policyDefinitionId\":
      \"[resourceId('Microsoft.Authorization/policyDefinitions', 'policy2')]\"\r\n
      \     }\r\n    },\r\n    {\r\n      \"type\": \"Microsoft.Resources/resourceGroups\",\r\n
      \     \"name\": \"[parameters('nestedRGName')]\",\r\n      \"apiVersion\": \"2018-05-01\",\r\n
      \     \"location\": \"WestUS\",\r\n      \"properties\": {\r\n      }\r\n    },\r\n
      \   {\r\n      \"type\": \"Microsoft.Resources/deployments\",\r\n      \"name\":
      \"rg-nested6\",\r\n      \"apiVersion\": \"2017-05-10\",\r\n      \"resourceGroup\":
      \"[parameters('nestedRGName')]\",\r\n      \"dependsOn\": [ \"[parameters('nestedRGName')]\"
      ],\r\n      \"properties\": {\r\n        \"template\": {\r\n          \"$schema\":
      \"https://schema.management.azure.com/schemas/2015-01-01/deploymentTemplate.json#\",\r\n
      \         \"contentVersion\": \"1.0.0.0\",\r\n          \"parameters\": {},\r\n
      \         \"variables\": {},\r\n          \"resources\": [\r\n            {\r\n
      \             \"type\": \"Microsoft.Storage/storageAccounts\",\r\n              \"name\":
      \"[parameters('storageAccountName')]\",\r\n              \"apiVersion\": \"2015-06-15\",\r\n
      \             \"location\": \"East US\",\r\n              \"properties\": {\r\n
      \               \"accountType\": \"Standard_LRS\",\r\n                \"supportsHttpsTrafficOnly\":
      true,\r\n                \"allowSharedKeyAccess\": false\r\n              }\r\n
      \           }\r\n          ]\r\n        },\r\n        \"mode\":\"Incremental\"\r\n
      \     }\r\n    }\r\n  ] // comment\r\n}}}"
    headers:
      Accept:
      - application/json
      Accept-Encoding:
      - gzip, deflate
      CommandName:
      - deployment create
      Connection:
      - keep-alive
      Content-Length:
      - '2662'
      Content-Type:
      - application/json
      ParameterSetName:
      - -n --location --template-file --parameters --parameters
      User-Agent:
      - AZURECLI/2.73.0 azsdk-python-core/1.31.0 Python/3.12.10 (Windows-11-10.0.26100-SP0)
    method: PUT
    uri: https://management.azure.com/subscriptions/00000000-0000-0000-0000-000000000000/providers/Microsoft.Resources/deployments/mock-deployment?api-version=2024-11-01
  response:
    body:
      string: '{"id":"/subscriptions/00000000-0000-0000-0000-000000000000/providers/Microsoft.Resources/deployments/azure-cli-subscription_level_deployment000001","name":"azure-cli-subscription_level_deployment000001","type":"Microsoft.Resources/deployments","location":"westus","properties":{"templateHash":"7334760418310943444","parameters":{"storageAccountName":{"type":"String","value":"armbuilddemo000003"},"nestedRGName":{"type":"String","value":"cli_test_subscription_level_deployment"}},"mode":"Incremental","provisioningState":"Accepted","timestamp":"2025-05-22T23:59:37.7965641Z","duration":"PT0.0002275S","correlationId":"e2805388-e1e2-4330-888a-7c4a5abf732d","providers":[{"namespace":"Microsoft.Authorization","resourceTypes":[{"resourceType":"policyDefinitions","locations":[null]},{"resourceType":"policyAssignments","locations":[null]}]},{"namespace":"Microsoft.Resources","resourceTypes":[{"resourceType":"resourceGroups","locations":["westus"]},{"resourceType":"deployments","locations":[null]}]}],"dependencies":[{"dependsOn":[{"id":"/subscriptions/00000000-0000-0000-0000-000000000000/providers/Microsoft.Authorization/policyDefinitions/policy2","resourceType":"Microsoft.Authorization/policyDefinitions","resourceName":"policy2"}],"id":"/subscriptions/00000000-0000-0000-0000-000000000000/providers/Microsoft.Authorization/policyAssignments/location-lock","resourceType":"Microsoft.Authorization/policyAssignments","resourceName":"location-lock"},{"dependsOn":[{"id":"/subscriptions/00000000-0000-0000-0000-000000000000/resourceGroups/cli_test_subscription_level_deployment","resourceType":"Microsoft.Resources/resourceGroups","resourceName":"cli_test_subscription_level_deployment"}],"id":"/subscriptions/00000000-0000-0000-0000-000000000000/resourceGroups/cli_test_subscription_level_deployment/providers/Microsoft.Resources/deployments/rg-nested6","resourceType":"Microsoft.Resources/deployments","resourceName":"rg-nested6"}]}}'
    headers:
      azure-asyncoperation:
      - https://management.azure.com/subscriptions/00000000-0000-0000-0000-000000000000/providers/Microsoft.Resources/deployments/azure-cli-subscription_level_deployment000001/operationStatuses/08584536485076706376?api-version=2024-11-01&t=638835551789684656&c=MIIHpTCCBo2gAwIBAgITOgWZuFmLREgOyTdeugAEBZm4WTANBgkqhkiG9w0BAQsFADBEMRMwEQYKCZImiZPyLGQBGRYDR0JMMRMwEQYKCZImiZPyLGQBGRYDQU1FMRgwFgYDVQQDEw9BTUUgSU5GUkEgQ0EgMDEwHhcNMjUwNDE5MTQyMjI3WhcNMjUxMDE2MTQyMjI3WjBAMT4wPAYDVQQDEzVhc3luY29wZXJhdGlvbnNpZ25pbmdjZXJ0aWZpY2F0ZS5tYW5hZ2VtZW50LmF6dXJlLmNvbTCCASIwDQYJKoZIhvcNAQEBBQADggEPADCCAQoCggEBAPxDlNdj6r6H0vTzKfz228nqLQPXYSxPqEGQSSSCczQcCX3f_Xtnvc-lFdoleay-OVQlgfbWiMkGazl2q7FVj9BZUHJ3KXFg833nlMDzzIkfrA17t4t3OW-6po21aPw9TdEBtH-GReYxdd8YmK-hHhKfpllLkKKn29Z8r3ecn-VJ1URRr4gV1Dnhd8h62eio4oVWmqq_9ITkiyfphE8gKB3n-2ZGTlftv1uEX4hpgnUbyhP4GBPp9Ni0RdYmpukMEr1-GI3W5OnXgKOvoCRB0HZQKU-5u630M-76UA_GFyALd1X_xQwHcCHKvtBzX5EEcQ4AOj_B540c3Mp0HnljQsECAwEAAaOCBJIwggSOMCcGCSsGAQQBgjcVCgQaMBgwCgYIKwYBBQUHAwEwCgYIKwYBBQUHAwIwPQYJKwYBBAGCNxUHBDAwLgYmKwYBBAGCNxUIhpDjDYTVtHiE8Ys-hZvdFs6dEoFghfmRS4WsmTQCAWQCAQcwggHaBggrBgEFBQcBAQSCAcwwggHIMGYGCCsGAQUFBzAChlpodHRwOi8vY3JsLm1pY3Jvc29mdC5jb20vcGtpaW5mcmEvQ2VydHMvQlkyUEtJSU5UQ0EwMS5BTUUuR0JMX0FNRSUyMElORlJBJTIwQ0ElMjAwMSg0KS5jcnQwVgYIKwYBBQUHMAKGSmh0dHA6Ly9jcmwxLmFtZS5nYmwvYWlhL0JZMlBLSUlOVENBMDEuQU1FLkdCTF9BTUUlMjBJTkZSQSUyMENBJTIwMDEoNCkuY3J0MFYGCCsGAQUFBzAChkpodHRwOi8vY3JsMi5hbWUuZ2JsL2FpYS9CWTJQS0lJTlRDQTAxLkFNRS5HQkxfQU1FJTIwSU5GUkElMjBDQSUyMDAxKDQpLmNydDBWBggrBgEFBQcwAoZKaHR0cDovL2NybDMuYW1lLmdibC9haWEvQlkyUEtJSU5UQ0EwMS5BTUUuR0JMX0FNRSUyMElORlJBJTIwQ0ElMjAwMSg0KS5jcnQwVgYIKwYBBQUHMAKGSmh0dHA6Ly9jcmw0LmFtZS5nYmwvYWlhL0JZMlBLSUlOVENBMDEuQU1FLkdCTF9BTUUlMjBJTkZSQSUyMENBJTIwMDEoNCkuY3J0MB0GA1UdDgQWBBRgocSx-jjjSuZiJXHuNlAhZPhmbjAOBgNVHQ8BAf8EBAMCBaAwggE1BgNVHR8EggEsMIIBKDCCASSgggEgoIIBHIZCaHR0cDovL2NybC5taWNyb3NvZnQuY29tL3BraWluZnJhL0NSTC9BTUUlMjBJTkZSQSUyMENBJTIwMDEoNCkuY3JshjRodHRwOi8vY3JsMS5hbWUuZ2JsL2NybC9BTUUlMjBJTkZSQSUyMENBJTIwMDEoNCkuY3JshjRodHRwOi8vY3JsMi5hbWUuZ2JsL2NybC9BTUUlMjBJTkZSQSUyMENBJTIwMDEoNCkuY3JshjRodHRwOi8vY3JsMy5hbWUuZ2JsL2NybC9BTUUlMjBJTkZSQSUyMENBJTIwMDEoNCkuY3JshjRodHRwOi8vY3JsNC5hbWUuZ2JsL2NybC9BTUUlMjBJTkZSQSUyMENBJTIwMDEoNCkuY3JsMIGdBgNVHSAEgZUwgZIwDAYKKwYBBAGCN3sBATBmBgorBgEEAYI3ewICMFgwVgYIKwYBBQUHAgIwSh5IADMAMwBlADAAMQA5ADIAMQAtADQAZAA2ADQALQA0AGYAOABjAC0AYQAwADUANQAtADUAYgBkAGEAZgBmAGQANQBlADMAMwBkMAwGCisGAQQBgjd7AwIwDAYKKwYBBAGCN3sEAjAfBgNVHSMEGDAWgBTl2Ztn_PjsurvwwKidileIud8-YzAdBgNVHSUEFjAUBggrBgEFBQcDAQYIKwYBBQUHAwIwDQYJKoZIhvcNAQELBQADggEBAK5mT0Rrym5x1NF2yah7nxZLo1y0madgpRkCREZyGAoW02DZD68DX6wagq4RbcOr_MAlhvWOTjVB8J52ZIsydOGq5NSpxte9Cy10m7-zSXWMn0yNE8YUToarDNRzmshQ5pEBXhjU6kSMEvqeNG8Fr3KrDZEVieQc5By_ZV8F9vtuv90XjrjiLw1qOrPVVvUFOTx-JlUR4aErF4Jldd_YA0aWCiYbvu3Bd1vWtXdnrkJSX-natlKNqGimVnj86nKEao8ktK5pKaHq6C8vbOLeNreXRy5C2fC1tgiZ00V2pHuk1qbOdhlzTDv8G0HZLm_T7_s92OBqMAwBJ1uChKnQm6M&s=5LDGaXJ9xBWmNbIiMrCUSfZ00nXmTlQxbfc7UDOAa3jkj4BhNeYKI6VKTA5LHv0iBsp_l0xgOlHxusVGDo4W7MwUxyDyLwgCe4ite9FfCoDaD5ajetzOGBFpd69iU8sRHcd7wGogqU4Ikirb9bwRLkGsrQrPzEFTrt8nzLpOzl7ja_j2RWU9Zm2Q8jvXtlLkkF51BgkK8xGsxkJsjAuT24qkZYBw-QBDEtkK3K1RoRSoA5IzOUC79szoUljVBWMfiONNKNLOsY9t8dtAugLiwB_96X_oKrXveKmWZFbA-S5QNHisyXFLVlaxSgEpbN3lBjeSo9nzMW1V5PbvOsvmUA&h=eh4_pxAyjcIn1RxM0uwyIbhoxSfsfGvNIk1adZoNMns
      cache-control:
      - no-cache
      content-length:
      - '1937'
      content-type:
      - application/json; charset=utf-8
      date:
      - Thu, 22 May 2025 23:59:38 GMT
      expires:
      - '-1'
      pragma:
      - no-cache
      strict-transport-security:
      - max-age=31536000; includeSubDomains
      x-cache:
      - CONFIG_NOCACHE
      x-content-type-options:
      - nosniff
      x-ms-deployment-engine-version:
      - 1.363.0
      x-ms-ratelimit-remaining-subscription-global-writes:
      - '11999'
      x-ms-ratelimit-remaining-subscription-writes:
      - '799'
      x-msedge-ref:
      - 'Ref A: 921BF793EDB44D2BB04C0889EBFDF0C3 Ref B: CO6AA3150217029 Ref C: 2025-05-22T23:59:37Z'
    status:
      code: 201
      message: Created
- request:
    body: null
    headers:
      Accept:
      - '*/*'
      Accept-Encoding:
      - gzip, deflate
      CommandName:
      - deployment create
      Connection:
      - keep-alive
      ParameterSetName:
      - -n --location --template-file --parameters --parameters
      User-Agent:
      - AZURECLI/2.73.0 azsdk-python-core/1.31.0 Python/3.12.10 (Windows-11-10.0.26100-SP0)
    method: GET
    uri: https://management.azure.com/subscriptions/00000000-0000-0000-0000-000000000000/providers/Microsoft.Resources/deployments/mock-deployment/operationStatuses/08584536485076706376?api-version=2024-11-01&t=638835551789684656&c=MIIHpTCCBo2gAwIBAgITOgWZuFmLREgOyTdeugAEBZm4WTANBgkqhkiG9w0BAQsFADBEMRMwEQYKCZImiZPyLGQBGRYDR0JMMRMwEQYKCZImiZPyLGQBGRYDQU1FMRgwFgYDVQQDEw9BTUUgSU5GUkEgQ0EgMDEwHhcNMjUwNDE5MTQyMjI3WhcNMjUxMDE2MTQyMjI3WjBAMT4wPAYDVQQDEzVhc3luY29wZXJhdGlvbnNpZ25pbmdjZXJ0aWZpY2F0ZS5tYW5hZ2VtZW50LmF6dXJlLmNvbTCCASIwDQYJKoZIhvcNAQEBBQADggEPADCCAQoCggEBAPxDlNdj6r6H0vTzKfz228nqLQPXYSxPqEGQSSSCczQcCX3f_Xtnvc-lFdoleay-OVQlgfbWiMkGazl2q7FVj9BZUHJ3KXFg833nlMDzzIkfrA17t4t3OW-6po21aPw9TdEBtH-GReYxdd8YmK-hHhKfpllLkKKn29Z8r3ecn-VJ1URRr4gV1Dnhd8h62eio4oVWmqq_9ITkiyfphE8gKB3n-2ZGTlftv1uEX4hpgnUbyhP4GBPp9Ni0RdYmpukMEr1-GI3W5OnXgKOvoCRB0HZQKU-5u630M-76UA_GFyALd1X_xQwHcCHKvtBzX5EEcQ4AOj_B540c3Mp0HnljQsECAwEAAaOCBJIwggSOMCcGCSsGAQQBgjcVCgQaMBgwCgYIKwYBBQUHAwEwCgYIKwYBBQUHAwIwPQYJKwYBBAGCNxUHBDAwLgYmKwYBBAGCNxUIhpDjDYTVtHiE8Ys-hZvdFs6dEoFghfmRS4WsmTQCAWQCAQcwggHaBggrBgEFBQcBAQSCAcwwggHIMGYGCCsGAQUFBzAChlpodHRwOi8vY3JsLm1pY3Jvc29mdC5jb20vcGtpaW5mcmEvQ2VydHMvQlkyUEtJSU5UQ0EwMS5BTUUuR0JMX0FNRSUyMElORlJBJTIwQ0ElMjAwMSg0KS5jcnQwVgYIKwYBBQUHMAKGSmh0dHA6Ly9jcmwxLmFtZS5nYmwvYWlhL0JZMlBLSUlOVENBMDEuQU1FLkdCTF9BTUUlMjBJTkZSQSUyMENBJTIwMDEoNCkuY3J0MFYGCCsGAQUFBzAChkpodHRwOi8vY3JsMi5hbWUuZ2JsL2FpYS9CWTJQS0lJTlRDQTAxLkFNRS5HQkxfQU1FJTIwSU5GUkElMjBDQSUyMDAxKDQpLmNydDBWBggrBgEFBQcwAoZKaHR0cDovL2NybDMuYW1lLmdibC9haWEvQlkyUEtJSU5UQ0EwMS5BTUUuR0JMX0FNRSUyMElORlJBJTIwQ0ElMjAwMSg0KS5jcnQwVgYIKwYBBQUHMAKGSmh0dHA6Ly9jcmw0LmFtZS5nYmwvYWlhL0JZMlBLSUlOVENBMDEuQU1FLkdCTF9BTUUlMjBJTkZSQSUyMENBJTIwMDEoNCkuY3J0MB0GA1UdDgQWBBRgocSx-jjjSuZiJXHuNlAhZPhmbjAOBgNVHQ8BAf8EBAMCBaAwggE1BgNVHR8EggEsMIIBKDCCASSgggEgoIIBHIZCaHR0cDovL2NybC5taWNyb3NvZnQuY29tL3BraWluZnJhL0NSTC9BTUUlMjBJTkZSQSUyMENBJTIwMDEoNCkuY3JshjRodHRwOi8vY3JsMS5hbWUuZ2JsL2NybC9BTUUlMjBJTkZSQSUyMENBJTIwMDEoNCkuY3JshjRodHRwOi8vY3JsMi5hbWUuZ2JsL2NybC9BTUUlMjBJTkZSQSUyMENBJTIwMDEoNCkuY3JshjRodHRwOi8vY3JsMy5hbWUuZ2JsL2NybC9BTUUlMjBJTkZSQSUyMENBJTIwMDEoNCkuY3JshjRodHRwOi8vY3JsNC5hbWUuZ2JsL2NybC9BTUUlMjBJTkZSQSUyMENBJTIwMDEoNCkuY3JsMIGdBgNVHSAEgZUwgZIwDAYKKwYBBAGCN3sBATBmBgorBgEEAYI3ewICMFgwVgYIKwYBBQUHAgIwSh5IADMAMwBlADAAMQA5ADIAMQAtADQAZAA2ADQALQA0AGYAOABjAC0AYQAwADUANQAtADUAYgBkAGEAZgBmAGQANQBlADMAMwBkMAwGCisGAQQBgjd7AwIwDAYKKwYBBAGCN3sEAjAfBgNVHSMEGDAWgBTl2Ztn_PjsurvwwKidileIud8-YzAdBgNVHSUEFjAUBggrBgEFBQcDAQYIKwYBBQUHAwIwDQYJKoZIhvcNAQELBQADggEBAK5mT0Rrym5x1NF2yah7nxZLo1y0madgpRkCREZyGAoW02DZD68DX6wagq4RbcOr_MAlhvWOTjVB8J52ZIsydOGq5NSpxte9Cy10m7-zSXWMn0yNE8YUToarDNRzmshQ5pEBXhjU6kSMEvqeNG8Fr3KrDZEVieQc5By_ZV8F9vtuv90XjrjiLw1qOrPVVvUFOTx-JlUR4aErF4Jldd_YA0aWCiYbvu3Bd1vWtXdnrkJSX-natlKNqGimVnj86nKEao8ktK5pKaHq6C8vbOLeNreXRy5C2fC1tgiZ00V2pHuk1qbOdhlzTDv8G0HZLm_T7_s92OBqMAwBJ1uChKnQm6M&s=5LDGaXJ9xBWmNbIiMrCUSfZ00nXmTlQxbfc7UDOAa3jkj4BhNeYKI6VKTA5LHv0iBsp_l0xgOlHxusVGDo4W7MwUxyDyLwgCe4ite9FfCoDaD5ajetzOGBFpd69iU8sRHcd7wGogqU4Ikirb9bwRLkGsrQrPzEFTrt8nzLpOzl7ja_j2RWU9Zm2Q8jvXtlLkkF51BgkK8xGsxkJsjAuT24qkZYBw-QBDEtkK3K1RoRSoA5IzOUC79szoUljVBWMfiONNKNLOsY9t8dtAugLiwB_96X_oKrXveKmWZFbA-S5QNHisyXFLVlaxSgEpbN3lBjeSo9nzMW1V5PbvOsvmUA&h=eh4_pxAyjcIn1RxM0uwyIbhoxSfsfGvNIk1adZoNMns
  response:
    body:
      string: '{"status":"Running"}'
    headers:
      cache-control:
      - no-cache
      content-length:
      - '20'
      content-type:
      - application/json; charset=utf-8
      date:
      - Thu, 22 May 2025 23:59:39 GMT
      expires:
      - '-1'
      pragma:
      - no-cache
      strict-transport-security:
      - max-age=31536000; includeSubDomains
      x-cache:
      - CONFIG_NOCACHE
      x-content-type-options:
      - nosniff
      x-ms-ratelimit-remaining-subscription-global-reads:
      - '16499'
      x-msedge-ref:
      - 'Ref A: D24BD5C04AB04E7292B9EC07F6D23D5C Ref B: CO6AA3150217029 Ref C: 2025-05-22T23:59:39Z'
    status:
      code: 200
      message: OK
- request:
    body: null
    headers:
      Accept:
      - '*/*'
      Accept-Encoding:
      - gzip, deflate
      CommandName:
      - deployment create
      Connection:
      - keep-alive
      ParameterSetName:
      - -n --location --template-file --parameters --parameters
      User-Agent:
      - AZURECLI/2.73.0 azsdk-python-core/1.31.0 Python/3.12.10 (Windows-11-10.0.26100-SP0)
    method: GET
    uri: https://management.azure.com/subscriptions/00000000-0000-0000-0000-000000000000/providers/Microsoft.Resources/deployments/mock-deployment/operationStatuses/08584536485076706376?api-version=2024-11-01&t=638835551789684656&c=MIIHpTCCBo2gAwIBAgITOgWZuFmLREgOyTdeugAEBZm4WTANBgkqhkiG9w0BAQsFADBEMRMwEQYKCZImiZPyLGQBGRYDR0JMMRMwEQYKCZImiZPyLGQBGRYDQU1FMRgwFgYDVQQDEw9BTUUgSU5GUkEgQ0EgMDEwHhcNMjUwNDE5MTQyMjI3WhcNMjUxMDE2MTQyMjI3WjBAMT4wPAYDVQQDEzVhc3luY29wZXJhdGlvbnNpZ25pbmdjZXJ0aWZpY2F0ZS5tYW5hZ2VtZW50LmF6dXJlLmNvbTCCASIwDQYJKoZIhvcNAQEBBQADggEPADCCAQoCggEBAPxDlNdj6r6H0vTzKfz228nqLQPXYSxPqEGQSSSCczQcCX3f_Xtnvc-lFdoleay-OVQlgfbWiMkGazl2q7FVj9BZUHJ3KXFg833nlMDzzIkfrA17t4t3OW-6po21aPw9TdEBtH-GReYxdd8YmK-hHhKfpllLkKKn29Z8r3ecn-VJ1URRr4gV1Dnhd8h62eio4oVWmqq_9ITkiyfphE8gKB3n-2ZGTlftv1uEX4hpgnUbyhP4GBPp9Ni0RdYmpukMEr1-GI3W5OnXgKOvoCRB0HZQKU-5u630M-76UA_GFyALd1X_xQwHcCHKvtBzX5EEcQ4AOj_B540c3Mp0HnljQsECAwEAAaOCBJIwggSOMCcGCSsGAQQBgjcVCgQaMBgwCgYIKwYBBQUHAwEwCgYIKwYBBQUHAwIwPQYJKwYBBAGCNxUHBDAwLgYmKwYBBAGCNxUIhpDjDYTVtHiE8Ys-hZvdFs6dEoFghfmRS4WsmTQCAWQCAQcwggHaBggrBgEFBQcBAQSCAcwwggHIMGYGCCsGAQUFBzAChlpodHRwOi8vY3JsLm1pY3Jvc29mdC5jb20vcGtpaW5mcmEvQ2VydHMvQlkyUEtJSU5UQ0EwMS5BTUUuR0JMX0FNRSUyMElORlJBJTIwQ0ElMjAwMSg0KS5jcnQwVgYIKwYBBQUHMAKGSmh0dHA6Ly9jcmwxLmFtZS5nYmwvYWlhL0JZMlBLSUlOVENBMDEuQU1FLkdCTF9BTUUlMjBJTkZSQSUyMENBJTIwMDEoNCkuY3J0MFYGCCsGAQUFBzAChkpodHRwOi8vY3JsMi5hbWUuZ2JsL2FpYS9CWTJQS0lJTlRDQTAxLkFNRS5HQkxfQU1FJTIwSU5GUkElMjBDQSUyMDAxKDQpLmNydDBWBggrBgEFBQcwAoZKaHR0cDovL2NybDMuYW1lLmdibC9haWEvQlkyUEtJSU5UQ0EwMS5BTUUuR0JMX0FNRSUyMElORlJBJTIwQ0ElMjAwMSg0KS5jcnQwVgYIKwYBBQUHMAKGSmh0dHA6Ly9jcmw0LmFtZS5nYmwvYWlhL0JZMlBLSUlOVENBMDEuQU1FLkdCTF9BTUUlMjBJTkZSQSUyMENBJTIwMDEoNCkuY3J0MB0GA1UdDgQWBBRgocSx-jjjSuZiJXHuNlAhZPhmbjAOBgNVHQ8BAf8EBAMCBaAwggE1BgNVHR8EggEsMIIBKDCCASSgggEgoIIBHIZCaHR0cDovL2NybC5taWNyb3NvZnQuY29tL3BraWluZnJhL0NSTC9BTUUlMjBJTkZSQSUyMENBJTIwMDEoNCkuY3JshjRodHRwOi8vY3JsMS5hbWUuZ2JsL2NybC9BTUUlMjBJTkZSQSUyMENBJTIwMDEoNCkuY3JshjRodHRwOi8vY3JsMi5hbWUuZ2JsL2NybC9BTUUlMjBJTkZSQSUyMENBJTIwMDEoNCkuY3JshjRodHRwOi8vY3JsMy5hbWUuZ2JsL2NybC9BTUUlMjBJTkZSQSUyMENBJTIwMDEoNCkuY3JshjRodHRwOi8vY3JsNC5hbWUuZ2JsL2NybC9BTUUlMjBJTkZSQSUyMENBJTIwMDEoNCkuY3JsMIGdBgNVHSAEgZUwgZIwDAYKKwYBBAGCN3sBATBmBgorBgEEAYI3ewICMFgwVgYIKwYBBQUHAgIwSh5IADMAMwBlADAAMQA5ADIAMQAtADQAZAA2ADQALQA0AGYAOABjAC0AYQAwADUANQAtADUAYgBkAGEAZgBmAGQANQBlADMAMwBkMAwGCisGAQQBgjd7AwIwDAYKKwYBBAGCN3sEAjAfBgNVHSMEGDAWgBTl2Ztn_PjsurvwwKidileIud8-YzAdBgNVHSUEFjAUBggrBgEFBQcDAQYIKwYBBQUHAwIwDQYJKoZIhvcNAQELBQADggEBAK5mT0Rrym5x1NF2yah7nxZLo1y0madgpRkCREZyGAoW02DZD68DX6wagq4RbcOr_MAlhvWOTjVB8J52ZIsydOGq5NSpxte9Cy10m7-zSXWMn0yNE8YUToarDNRzmshQ5pEBXhjU6kSMEvqeNG8Fr3KrDZEVieQc5By_ZV8F9vtuv90XjrjiLw1qOrPVVvUFOTx-JlUR4aErF4Jldd_YA0aWCiYbvu3Bd1vWtXdnrkJSX-natlKNqGimVnj86nKEao8ktK5pKaHq6C8vbOLeNreXRy5C2fC1tgiZ00V2pHuk1qbOdhlzTDv8G0HZLm_T7_s92OBqMAwBJ1uChKnQm6M&s=5LDGaXJ9xBWmNbIiMrCUSfZ00nXmTlQxbfc7UDOAa3jkj4BhNeYKI6VKTA5LHv0iBsp_l0xgOlHxusVGDo4W7MwUxyDyLwgCe4ite9FfCoDaD5ajetzOGBFpd69iU8sRHcd7wGogqU4Ikirb9bwRLkGsrQrPzEFTrt8nzLpOzl7ja_j2RWU9Zm2Q8jvXtlLkkF51BgkK8xGsxkJsjAuT24qkZYBw-QBDEtkK3K1RoRSoA5IzOUC79szoUljVBWMfiONNKNLOsY9t8dtAugLiwB_96X_oKrXveKmWZFbA-S5QNHisyXFLVlaxSgEpbN3lBjeSo9nzMW1V5PbvOsvmUA&h=eh4_pxAyjcIn1RxM0uwyIbhoxSfsfGvNIk1adZoNMns
  response:
    body:
      string: '{"status":"Succeeded"}'
    headers:
      cache-control:
      - no-cache
      content-length:
      - '22'
      content-type:
      - application/json; charset=utf-8
      date:
      - Fri, 23 May 2025 00:00:09 GMT
      expires:
      - '-1'
      pragma:
      - no-cache
      strict-transport-security:
      - max-age=31536000; includeSubDomains
      x-cache:
      - CONFIG_NOCACHE
      x-content-type-options:
      - nosniff
      x-ms-ratelimit-remaining-subscription-global-reads:
      - '16499'
      x-msedge-ref:
      - 'Ref A: 36395012CF2B415FA76FFF29B7FDB33B Ref B: CO6AA3150217029 Ref C: 2025-05-23T00:00:09Z'
    status:
      code: 200
      message: OK
- request:
    body: null
    headers:
      Accept:
      - '*/*'
      Accept-Encoding:
      - gzip, deflate
      CommandName:
      - deployment create
      Connection:
      - keep-alive
      ParameterSetName:
      - -n --location --template-file --parameters --parameters
      User-Agent:
      - AZURECLI/2.73.0 azsdk-python-core/1.31.0 Python/3.12.10 (Windows-11-10.0.26100-SP0)
    method: GET
    uri: https://management.azure.com/subscriptions/00000000-0000-0000-0000-000000000000/providers/Microsoft.Resources/deployments/mock-deployment?api-version=2024-11-01
  response:
    body:
      string: '{"id":"/subscriptions/00000000-0000-0000-0000-000000000000/providers/Microsoft.Resources/deployments/azure-cli-subscription_level_deployment000001","name":"azure-cli-subscription_level_deployment000001","type":"Microsoft.Resources/deployments","location":"westus","properties":{"templateHash":"7334760418310943444","parameters":{"storageAccountName":{"type":"String","value":"armbuilddemo000003"},"nestedRGName":{"type":"String","value":"cli_test_subscription_level_deployment"}},"mode":"Incremental","provisioningState":"Succeeded","timestamp":"2025-05-23T00:00:03.9405792Z","duration":"PT26.1440151S","correlationId":"e2805388-e1e2-4330-888a-7c4a5abf732d","providers":[{"namespace":"Microsoft.Authorization","resourceTypes":[{"resourceType":"policyDefinitions","locations":[null]},{"resourceType":"policyAssignments","locations":[null]}]},{"namespace":"Microsoft.Resources","resourceTypes":[{"resourceType":"resourceGroups","locations":["westus"]},{"resourceType":"deployments","locations":[null]}]}],"dependencies":[{"dependsOn":[{"id":"/subscriptions/00000000-0000-0000-0000-000000000000/providers/Microsoft.Authorization/policyDefinitions/policy2","resourceType":"Microsoft.Authorization/policyDefinitions","resourceName":"policy2"}],"id":"/subscriptions/00000000-0000-0000-0000-000000000000/providers/Microsoft.Authorization/policyAssignments/location-lock","resourceType":"Microsoft.Authorization/policyAssignments","resourceName":"location-lock"},{"dependsOn":[{"id":"/subscriptions/00000000-0000-0000-0000-000000000000/resourceGroups/cli_test_subscription_level_deployment","resourceType":"Microsoft.Resources/resourceGroups","resourceName":"cli_test_subscription_level_deployment"}],"id":"/subscriptions/00000000-0000-0000-0000-000000000000/resourceGroups/cli_test_subscription_level_deployment/providers/Microsoft.Resources/deployments/rg-nested6","resourceType":"Microsoft.Resources/deployments","resourceName":"rg-nested6"}],"outputResources":[{"id":"/subscriptions/00000000-0000-0000-0000-000000000000/providers/Microsoft.Authorization/policyAssignments/location-lock"},{"id":"/subscriptions/00000000-0000-0000-0000-000000000000/providers/Microsoft.Authorization/policyDefinitions/policy2"},{"id":"/subscriptions/00000000-0000-0000-0000-000000000000/resourceGroups/cli_test_subscription_level_deployment"},{"id":"/subscriptions/00000000-0000-0000-0000-000000000000/resourceGroups/cli_test_subscription_level_deployment/providers/Microsoft.Storage/storageAccounts/armbuilddemo000003"}]}}'
    headers:
      cache-control:
      - no-cache
      content-length:
      - '2500'
      content-type:
      - application/json; charset=utf-8
      date:
      - Fri, 23 May 2025 00:00:09 GMT
      expires:
      - '-1'
      pragma:
      - no-cache
      strict-transport-security:
      - max-age=31536000; includeSubDomains
      x-cache:
      - CONFIG_NOCACHE
      x-content-type-options:
      - nosniff
      x-ms-ratelimit-remaining-subscription-global-reads:
      - '16499'
      x-msedge-ref:
      - 'Ref A: DEDB796EC457475C8103E0BADA525E7C Ref B: CO6AA3150217029 Ref C: 2025-05-23T00:00:10Z'
    status:
      code: 200
      message: OK
- request:
    body: null
    headers:
      Accept:
      - application/json
      Accept-Encoding:
      - gzip, deflate
      CommandName:
      - deployment list
      Connection:
      - keep-alive
      ParameterSetName:
      - --query
      User-Agent:
      - AZURECLI/2.73.0 azsdk-python-core/1.31.0 Python/3.12.10 (Windows-11-10.0.26100-SP0)
    method: GET
    uri: https://management.azure.com/subscriptions/00000000-0000-0000-0000-000000000000/providers/Microsoft.Resources/deployments/?api-version=2024-11-01
  response:
    body:
      string: '{"value":[{"id":"/subscriptions/00000000-0000-0000-0000-000000000000/providers/Microsoft.Resources/deployments/azure-cli-subscription_level_deployment000001","name":"azure-cli-subscription_level_deployment000001","type":"Microsoft.Resources/deployments","location":"westus","properties":{"templateHash":"7334760418310943444","parameters":{"storageAccountName":{"type":"String","value":"armbuilddemo000003"},"nestedRGName":{"type":"String","value":"cli_test_subscription_level_deployment"}},"mode":"Incremental","provisioningState":"Succeeded","timestamp":"2025-05-23T00:00:03.9405792Z","duration":"PT26.1440151S","correlationId":"e2805388-e1e2-4330-888a-7c4a5abf732d","providers":[{"namespace":"Microsoft.Authorization","resourceTypes":[{"resourceType":"policyDefinitions","locations":[null]},{"resourceType":"policyAssignments","locations":[null]}]},{"namespace":"Microsoft.Resources","resourceTypes":[{"resourceType":"resourceGroups","locations":["westus"]},{"resourceType":"deployments","locations":[null]}]}],"dependencies":[{"dependsOn":[{"id":"/subscriptions/00000000-0000-0000-0000-000000000000/providers/Microsoft.Authorization/policyDefinitions/policy2","resourceType":"Microsoft.Authorization/policyDefinitions","resourceName":"policy2"}],"id":"/subscriptions/00000000-0000-0000-0000-000000000000/providers/Microsoft.Authorization/policyAssignments/location-lock","resourceType":"Microsoft.Authorization/policyAssignments","resourceName":"location-lock"},{"dependsOn":[{"id":"/subscriptions/00000000-0000-0000-0000-000000000000/resourceGroups/cli_test_subscription_level_deployment","resourceType":"Microsoft.Resources/resourceGroups","resourceName":"cli_test_subscription_level_deployment"}],"id":"/subscriptions/00000000-0000-0000-0000-000000000000/resourceGroups/cli_test_subscription_level_deployment/providers/Microsoft.Resources/deployments/rg-nested6","resourceType":"Microsoft.Resources/deployments","resourceName":"rg-nested6"}],"outputResources":[{"id":"/subscriptions/00000000-0000-0000-0000-000000000000/providers/Microsoft.Authorization/policyAssignments/location-lock"},{"id":"/subscriptions/00000000-0000-0000-0000-000000000000/providers/Microsoft.Authorization/policyDefinitions/policy2"},{"id":"/subscriptions/00000000-0000-0000-0000-000000000000/resourceGroups/cli_test_subscription_level_deployment"},{"id":"/subscriptions/00000000-0000-0000-0000-000000000000/resourceGroups/cli_test_subscription_level_deployment/providers/Microsoft.Storage/storageAccounts/armbuilddemo000003"}]}}]}'
    headers:
      cache-control:
      - no-cache
      content-length:
      - '2512'
      content-type:
      - application/json; charset=utf-8
      date:
      - Fri, 23 May 2025 00:00:16 GMT
      expires:
      - '-1'
      pragma:
      - no-cache
      strict-transport-security:
      - max-age=31536000; includeSubDomains
      x-cache:
      - CONFIG_NOCACHE
      x-content-type-options:
      - nosniff
      x-ms-ratelimit-remaining-subscription-global-reads:
      - '16499'
      x-msedge-ref:
      - 'Ref A: 345709E3FFCC4654BEF378DBFC6914DE Ref B: MWH011020807062 Ref C: 2025-05-23T00:00:16Z'
    status:
      code: 200
      message: OK
- request:
    body: null
    headers:
      Accept:
      - application/json
      Accept-Encoding:
      - gzip, deflate
      CommandName:
      - deployment list
      Connection:
      - keep-alive
      ParameterSetName:
      - --filter --query
      User-Agent:
      - AZURECLI/2.73.0 azsdk-python-core/1.31.0 Python/3.12.10 (Windows-11-10.0.26100-SP0)
    method: GET
    uri: https://management.azure.com/subscriptions/00000000-0000-0000-0000-000000000000/providers/Microsoft.Resources/deployments/?$filter=provisioningState%20eq%20%27Succeeded%27&api-version=2024-11-01
  response:
    body:
      string: '{"value":[{"id":"/subscriptions/00000000-0000-0000-0000-000000000000/providers/Microsoft.Resources/deployments/azure-cli-subscription_level_deployment000001","name":"azure-cli-subscription_level_deployment000001","type":"Microsoft.Resources/deployments","location":"westus","properties":{"templateHash":"7334760418310943444","parameters":{"storageAccountName":{"type":"String","value":"armbuilddemo000003"},"nestedRGName":{"type":"String","value":"cli_test_subscription_level_deployment"}},"mode":"Incremental","provisioningState":"Succeeded","timestamp":"2025-05-23T00:00:03.9405792Z","duration":"PT26.1440151S","correlationId":"e2805388-e1e2-4330-888a-7c4a5abf732d","providers":[{"namespace":"Microsoft.Authorization","resourceTypes":[{"resourceType":"policyDefinitions","locations":[null]},{"resourceType":"policyAssignments","locations":[null]}]},{"namespace":"Microsoft.Resources","resourceTypes":[{"resourceType":"resourceGroups","locations":["westus"]},{"resourceType":"deployments","locations":[null]}]}],"dependencies":[{"dependsOn":[{"id":"/subscriptions/00000000-0000-0000-0000-000000000000/providers/Microsoft.Authorization/policyDefinitions/policy2","resourceType":"Microsoft.Authorization/policyDefinitions","resourceName":"policy2"}],"id":"/subscriptions/00000000-0000-0000-0000-000000000000/providers/Microsoft.Authorization/policyAssignments/location-lock","resourceType":"Microsoft.Authorization/policyAssignments","resourceName":"location-lock"},{"dependsOn":[{"id":"/subscriptions/00000000-0000-0000-0000-000000000000/resourceGroups/cli_test_subscription_level_deployment","resourceType":"Microsoft.Resources/resourceGroups","resourceName":"cli_test_subscription_level_deployment"}],"id":"/subscriptions/00000000-0000-0000-0000-000000000000/resourceGroups/cli_test_subscription_level_deployment/providers/Microsoft.Resources/deployments/rg-nested6","resourceType":"Microsoft.Resources/deployments","resourceName":"rg-nested6"}],"outputResources":[{"id":"/subscriptions/00000000-0000-0000-0000-000000000000/providers/Microsoft.Authorization/policyAssignments/location-lock"},{"id":"/subscriptions/00000000-0000-0000-0000-000000000000/providers/Microsoft.Authorization/policyDefinitions/policy2"},{"id":"/subscriptions/00000000-0000-0000-0000-000000000000/resourceGroups/cli_test_subscription_level_deployment"},{"id":"/subscriptions/00000000-0000-0000-0000-000000000000/resourceGroups/cli_test_subscription_level_deployment/providers/Microsoft.Storage/storageAccounts/armbuilddemo000003"}]}}]}'
    headers:
      cache-control:
      - no-cache
      content-length:
      - '2512'
      content-type:
      - application/json; charset=utf-8
      date:
      - Fri, 23 May 2025 00:00:18 GMT
      expires:
      - '-1'
      pragma:
      - no-cache
      strict-transport-security:
      - max-age=31536000; includeSubDomains
      x-cache:
      - CONFIG_NOCACHE
      x-content-type-options:
      - nosniff
      x-ms-ratelimit-remaining-subscription-global-reads:
      - '16499'
      x-msedge-ref:
      - 'Ref A: 7DD1415C00034CC0880036BD933650C3 Ref B: CO6AA3150217035 Ref C: 2025-05-23T00:00:19Z'
    status:
      code: 200
      message: OK
- request:
    body: null
    headers:
      Accept:
      - application/json
      Accept-Encoding:
      - gzip, deflate
      CommandName:
      - deployment show
      Connection:
      - keep-alive
      ParameterSetName:
      - -n
      User-Agent:
      - AZURECLI/2.73.0 azsdk-python-core/1.31.0 Python/3.12.10 (Windows-11-10.0.26100-SP0)
    method: GET
    uri: https://management.azure.com/subscriptions/00000000-0000-0000-0000-000000000000/providers/Microsoft.Resources/deployments/mock-deployment?api-version=2024-11-01
  response:
    body:
      string: '{"id":"/subscriptions/00000000-0000-0000-0000-000000000000/providers/Microsoft.Resources/deployments/azure-cli-subscription_level_deployment000001","name":"azure-cli-subscription_level_deployment000001","type":"Microsoft.Resources/deployments","location":"westus","properties":{"templateHash":"7334760418310943444","parameters":{"storageAccountName":{"type":"String","value":"armbuilddemo000003"},"nestedRGName":{"type":"String","value":"cli_test_subscription_level_deployment"}},"mode":"Incremental","provisioningState":"Succeeded","timestamp":"2025-05-23T00:00:03.9405792Z","duration":"PT26.1440151S","correlationId":"e2805388-e1e2-4330-888a-7c4a5abf732d","providers":[{"namespace":"Microsoft.Authorization","resourceTypes":[{"resourceType":"policyDefinitions","locations":[null]},{"resourceType":"policyAssignments","locations":[null]}]},{"namespace":"Microsoft.Resources","resourceTypes":[{"resourceType":"resourceGroups","locations":["westus"]},{"resourceType":"deployments","locations":[null]}]}],"dependencies":[{"dependsOn":[{"id":"/subscriptions/00000000-0000-0000-0000-000000000000/providers/Microsoft.Authorization/policyDefinitions/policy2","resourceType":"Microsoft.Authorization/policyDefinitions","resourceName":"policy2"}],"id":"/subscriptions/00000000-0000-0000-0000-000000000000/providers/Microsoft.Authorization/policyAssignments/location-lock","resourceType":"Microsoft.Authorization/policyAssignments","resourceName":"location-lock"},{"dependsOn":[{"id":"/subscriptions/00000000-0000-0000-0000-000000000000/resourceGroups/cli_test_subscription_level_deployment","resourceType":"Microsoft.Resources/resourceGroups","resourceName":"cli_test_subscription_level_deployment"}],"id":"/subscriptions/00000000-0000-0000-0000-000000000000/resourceGroups/cli_test_subscription_level_deployment/providers/Microsoft.Resources/deployments/rg-nested6","resourceType":"Microsoft.Resources/deployments","resourceName":"rg-nested6"}],"outputResources":[{"id":"/subscriptions/00000000-0000-0000-0000-000000000000/providers/Microsoft.Authorization/policyAssignments/location-lock"},{"id":"/subscriptions/00000000-0000-0000-0000-000000000000/providers/Microsoft.Authorization/policyDefinitions/policy2"},{"id":"/subscriptions/00000000-0000-0000-0000-000000000000/resourceGroups/cli_test_subscription_level_deployment"},{"id":"/subscriptions/00000000-0000-0000-0000-000000000000/resourceGroups/cli_test_subscription_level_deployment/providers/Microsoft.Storage/storageAccounts/armbuilddemo000003"}]}}'
    headers:
      cache-control:
      - no-cache
      content-length:
      - '2500'
      content-type:
      - application/json; charset=utf-8
      date:
      - Fri, 23 May 2025 00:00:21 GMT
      expires:
      - '-1'
      pragma:
      - no-cache
      strict-transport-security:
      - max-age=31536000; includeSubDomains
      x-cache:
      - CONFIG_NOCACHE
      x-content-type-options:
      - nosniff
      x-ms-ratelimit-remaining-subscription-global-reads:
      - '16499'
      x-msedge-ref:
      - 'Ref A: F60EB2EAA7D94983B4DFBC2118E69147 Ref B: MWH011020807036 Ref C: 2025-05-23T00:00:21Z'
    status:
      code: 200
      message: OK
- request:
    body: null
    headers:
      Accept:
      - application/json
      Accept-Encoding:
      - gzip, deflate
      CommandName:
      - deployment export
      Connection:
      - keep-alive
      Content-Length:
      - '0'
      ParameterSetName:
      - -n
      User-Agent:
      - AZURECLI/2.73.0 azsdk-python-core/1.31.0 Python/3.12.10 (Windows-11-10.0.26100-SP0)
    method: POST
    uri: https://management.azure.com/subscriptions/00000000-0000-0000-0000-000000000000/providers/Microsoft.Resources/deployments/mock-deployment/exportTemplate?api-version=2024-11-01
  response:
    body:
      string: '{"template":{"$schema":"https://schema.management.azure.com/schemas/2015-01-01/deploymentTemplate.json#","contentVersion":"1.0.0.0","parameters":{"storageAccountName":{"defaultValue":"armbuilddemo1801","type":"String"},"nestedRGName":{"defaultValue":"cli_test_subscription_level_deployment","type":"String"}},"variables":{},"resources":[{"type":"Microsoft.Authorization/policyDefinitions","apiVersion":"2016-12-01","name":"policy2","properties":{"policyType":"Custom","parameters":{},"policyRule":{"if":{"field":"location","equals":"northeurope"},"then":{"effect":"deny"}}}},{"type":"Microsoft.Authorization/policyAssignments","apiVersion":"2016-12-01","name":"location-lock","dependsOn":["policy2"],"properties":{"scope":"[subscription().id]","policyDefinitionId":"[resourceId(''Microsoft.Authorization/policyDefinitions'',
        ''policy2'')]"}},{"type":"Microsoft.Resources/resourceGroups","apiVersion":"2018-05-01","name":"[parameters(''nestedRGName'')]","location":"WestUS","properties":{}},{"type":"Microsoft.Resources/deployments","apiVersion":"2017-05-10","name":"rg-nested6","dependsOn":["[parameters(''nestedRGName'')]"],"properties":{"template":{"$schema":"https://schema.management.azure.com/schemas/2015-01-01/deploymentTemplate.json#","contentVersion":"1.0.0.0","parameters":{},"variables":{},"resources":[{"type":"Microsoft.Storage/storageAccounts","name":"[parameters(''storageAccountName'')]","apiVersion":"2015-06-15","location":"East
        US","properties":{"accountType":"Standard_LRS","supportsHttpsTrafficOnly":true,"allowSharedKeyAccess":false}}]},"mode":"Incremental"},"resourceGroup":"[parameters(''nestedRGName'')]"}]}}'
    headers:
      cache-control:
      - no-cache
      content-length:
      - '1621'
      content-type:
      - application/json; charset=utf-8
      date:
      - Fri, 23 May 2025 00:00:22 GMT
      expires:
      - '-1'
      pragma:
      - no-cache
      strict-transport-security:
      - max-age=31536000; includeSubDomains
      x-cache:
      - CONFIG_NOCACHE
      x-content-type-options:
      - nosniff
      x-ms-ratelimit-remaining-subscription-global-writes:
      - '11999'
      x-ms-ratelimit-remaining-subscription-writes:
      - '799'
      x-msedge-ref:
      - 'Ref A: 9E8A4BF2D64B41A0966539F9400BC901 Ref B: MWH011020809060 Ref C: 2025-05-23T00:00:23Z'
    status:
      code: 200
      message: OK
- request:
    body: null
    headers:
      Accept:
      - application/json
      Accept-Encoding:
      - gzip, deflate
      CommandName:
      - deployment operation list
      Connection:
      - keep-alive
      ParameterSetName:
      - -n
      User-Agent:
      - AZURECLI/2.73.0 azsdk-python-core/1.31.0 Python/3.12.10 (Windows-11-10.0.26100-SP0)
    method: GET
    uri: https://management.azure.com/subscriptions/00000000-0000-0000-0000-000000000000/providers/Microsoft.Resources/deployments/mock-deployment/operations?api-version=2024-11-01
  response:
    body:
      string: '{"value":[{"id":"/subscriptions/00000000-0000-0000-0000-000000000000/providers/Microsoft.Resources/deployments/azure-cli-subscription_level_deployment000001/operations/7F9E842FD21C3E3D","operationId":"7F9E842FD21C3E3D","properties":{"provisioningOperation":"Create","provisioningState":"Succeeded","timestamp":"2025-05-22T23:59:39.0855414Z","duration":"PT24.5113464S","trackingId":"42753829-e896-4362-87f4-8aa79a1b04b3","statusCode":"OK","targetResource":{"id":"/subscriptions/00000000-0000-0000-0000-000000000000/resourceGroups/cli_test_subscription_level_deployment/providers/Microsoft.Resources/deployments/rg-nested6","resourceType":"Microsoft.Resources/deployments","resourceName":"rg-nested6"}}},{"id":"/subscriptions/00000000-0000-0000-0000-000000000000/providers/Microsoft.Resources/deployments/azure-cli-subscription_level_deployment000001/operations/C7ED8D8EE7CE6E9E","operationId":"C7ED8D8EE7CE6E9E","properties":{"provisioningOperation":"Create","provisioningState":"Succeeded","timestamp":"2025-05-22T23:59:39.0855414Z","duration":"PT1.1437102S","trackingId":"e14bc804-873a-4b33-aea2-9bfb774c42c1","statusCode":"Created","targetResource":{"id":"/subscriptions/00000000-0000-0000-0000-000000000000/providers/Microsoft.Authorization/policyAssignments/location-lock","resourceType":"Microsoft.Authorization/policyAssignments","resourceName":"location-lock"}}},{"id":"/subscriptions/00000000-0000-0000-0000-000000000000/providers/Microsoft.Resources/deployments/azure-cli-subscription_level_deployment000001/operations/F955A7F1E55B34D3","operationId":"F955A7F1E55B34D3","properties":{"provisioningOperation":"Create","provisioningState":"Succeeded","timestamp":"2025-05-22T23:59:39.0855414Z","duration":"PT1.1125231S","trackingId":"58910a86-3178-4043-8f66-619cc13fe436","statusCode":"Created","targetResource":{"id":"/subscriptions/00000000-0000-0000-0000-000000000000/resourceGroups/cli_test_subscription_level_deployment","resourceType":"Microsoft.Resources/resourceGroups","resourceName":"cli_test_subscription_level_deployment"}}},{"id":"/subscriptions/00000000-0000-0000-0000-000000000000/providers/Microsoft.Resources/deployments/azure-cli-subscription_level_deployment000001/operations/2121429B4A376CAF","operationId":"2121429B4A376CAF","properties":{"provisioningOperation":"Create","provisioningState":"Succeeded","timestamp":"2025-05-22T23:59:39.0855414Z","duration":"PT0.612427S","trackingId":"b6f3f0fc-d470-430a-bd6c-640e3965b77e","statusCode":"Created","targetResource":{"id":"/subscriptions/00000000-0000-0000-0000-000000000000/providers/Microsoft.Authorization/policyDefinitions/policy2","resourceType":"Microsoft.Authorization/policyDefinitions","resourceName":"policy2"}}},{"id":"/subscriptions/00000000-0000-0000-0000-000000000000/providers/Microsoft.Resources/deployments/azure-cli-subscription_level_deployment000001/operations/08584536485076706376","operationId":"08584536485076706376","properties":{"provisioningOperation":"EvaluateDeploymentOutput","provisioningState":"Succeeded","timestamp":"2025-05-23T00:00:03.6550524Z","duration":"PT0.2699337S","trackingId":"59f9c79e-cae9-48a8-a980-cd3ef63e615b","statusCode":"OK"}}]}'
    headers:
      cache-control:
      - no-cache
      content-length:
      - '3155'
      content-type:
      - application/json; charset=utf-8
      date:
      - Fri, 23 May 2025 00:00:26 GMT
      expires:
      - '-1'
      pragma:
      - no-cache
      strict-transport-security:
      - max-age=31536000; includeSubDomains
      x-cache:
      - CONFIG_NOCACHE
      x-content-type-options:
      - nosniff
      x-ms-ratelimit-remaining-subscription-global-reads:
      - '16499'
      x-msedge-ref:
      - 'Ref A: DC32243DDA7B4D07BB3B349E8701A4C8 Ref B: MWH011020806040 Ref C: 2025-05-23T00:00:26Z'
    status:
      code: 200
      message: OK
- request:
    body: "{\"location\": \"WestUS\", \"properties\": {\"parameters\": {\"nestedRGName\":
      {\"value\": \"cli_test_subscription_level_deployment\"}, \"storageAccountName\":
      {\"value\": \"armbuilddemo000003\"}}, \"mode\": \"Incremental\", template:{\r\n
      \ \"$schema\": \"https://schema.management.azure.com/schemas/2015-01-01/deploymentTemplate.json#\",\r\n
      \ \"contentVersion\": \"1.0.0.0\",\r\n  \"parameters\": {\r\n    \"storageAccountName\":
      {\r\n      \"type\": \"string\",\r\n      \"defaultValue\": \"armbuilddemo1801\"\r\n
      \   },\r\n    \"nestedRGName\": {\r\n      \"type\": \"string\",\r\n      \"defaultValue\":
      \"cli_test_subscription_level_deployment\"\r\n    }\r\n  },\r\n  \"variables\":
      {},\r\n  \"resources\": [\r\n    {\r\n      \"type\": \"Microsoft.Authorization/policyDefinitions\",\r\n
      \     \"name\": \"policy2\",\r\n      \"apiVersion\": \"2016-12-01\",\r\n      \"properties\":
      {\r\n        \"policyType\": \"Custom\",\r\n        \"parameters\": {},\r\n
      \       \"policyRule\": {\r\n          \"if\": {\r\n            \"field\": \"location\",\r\n
      \           \"equals\": \"northeurope\"\r\n          },\r\n          \"then\":
      {\r\n            \"effect\": \"deny\"\r\n          }\r\n        }\r\n      }\r\n
      \   },\r\n    {\r\n      \"type\": \"Microsoft.Authorization/policyAssignments\",\r\n
      \     \"name\": \"location-lock\",\r\n      \"apiVersion\": \"2016-12-01\",\r\n
      \     \"dependsOn\": [\r\n        \"policy2\"\r\n      ],\r\n      \"properties\":
      {\r\n        \"scope\": \"[subscription().id]\",\r\n        \"policyDefinitionId\":
      \"[resourceId('Microsoft.Authorization/policyDefinitions', 'policy2')]\"\r\n
      \     }\r\n    },\r\n    {\r\n      \"type\": \"Microsoft.Resources/resourceGroups\",\r\n
      \     \"name\": \"[parameters('nestedRGName')]\",\r\n      \"apiVersion\": \"2018-05-01\",\r\n
      \     \"location\": \"WestUS\",\r\n      \"properties\": {\r\n      }\r\n    },\r\n
      \   {\r\n      \"type\": \"Microsoft.Resources/deployments\",\r\n      \"name\":
      \"rg-nested6\",\r\n      \"apiVersion\": \"2017-05-10\",\r\n      \"resourceGroup\":
      \"[parameters('nestedRGName')]\",\r\n      \"dependsOn\": [ \"[parameters('nestedRGName')]\"
      ],\r\n      \"properties\": {\r\n        \"template\": {\r\n          \"$schema\":
      \"https://schema.management.azure.com/schemas/2015-01-01/deploymentTemplate.json#\",\r\n
      \         \"contentVersion\": \"1.0.0.0\",\r\n          \"parameters\": {},\r\n
      \         \"variables\": {},\r\n          \"resources\": [\r\n            {\r\n
      \             \"type\": \"Microsoft.Storage/storageAccounts\",\r\n              \"name\":
      \"[parameters('storageAccountName')]\",\r\n              \"apiVersion\": \"2015-06-15\",\r\n
      \             \"location\": \"East US\",\r\n              \"properties\": {\r\n
      \               \"accountType\": \"Standard_LRS\",\r\n                \"supportsHttpsTrafficOnly\":
      true,\r\n                \"allowSharedKeyAccess\": false\r\n              }\r\n
      \           }\r\n          ]\r\n        },\r\n        \"mode\":\"Incremental\"\r\n
      \     }\r\n    }\r\n  ] // comment\r\n}}}"
    headers:
      Accept:
      - application/json
      Accept-Encoding:
      - gzip, deflate
      CommandName:
      - deployment create
      Connection:
      - keep-alive
      Content-Length:
      - '2662'
      Content-Type:
      - application/json
      ParameterSetName:
      - -n --location --template-file --parameters --parameters --no-wait
      User-Agent:
      - AZURECLI/2.73.0 azsdk-python-core/1.31.0 Python/3.12.10 (Windows-11-10.0.26100-SP0)
    method: POST
    uri: https://management.azure.com/subscriptions/00000000-0000-0000-0000-000000000000/providers/Microsoft.Resources/deployments/mock-deployment/validate?api-version=2024-11-01
  response:
    body:
      string: '{"id":"/subscriptions/00000000-0000-0000-0000-000000000000/providers/Microsoft.Resources/deployments/azure-cli-subscription_level_deployment000002","name":"azure-cli-subscription_level_deployment000002","type":"Microsoft.Resources/deployments","location":"westus","properties":{"templateHash":"7334760418310943444","parameters":{"storageAccountName":{"type":"String","value":"armbuilddemo000003"},"nestedRGName":{"type":"String","value":"cli_test_subscription_level_deployment"}},"mode":"Incremental","provisioningState":"Succeeded","timestamp":"2025-05-23T00:00:28.505688Z","duration":"PT0S","correlationId":"a47d8061-a036-42ea-8429-808188d318ff","providers":[{"namespace":"Microsoft.Authorization","resourceTypes":[{"resourceType":"policyDefinitions","locations":[null]},{"resourceType":"policyAssignments","locations":[null]}]},{"namespace":"Microsoft.Resources","resourceTypes":[{"resourceType":"resourceGroups","locations":["westus"]},{"resourceType":"deployments","locations":[null]}]}],"dependencies":[{"dependsOn":[{"id":"/subscriptions/00000000-0000-0000-0000-000000000000/providers/Microsoft.Authorization/policyDefinitions/policy2","resourceType":"Microsoft.Authorization/policyDefinitions","resourceName":"policy2"}],"id":"/subscriptions/00000000-0000-0000-0000-000000000000/providers/Microsoft.Authorization/policyAssignments/location-lock","resourceType":"Microsoft.Authorization/policyAssignments","resourceName":"location-lock"},{"dependsOn":[{"id":"/subscriptions/00000000-0000-0000-0000-000000000000/resourceGroups/cli_test_subscription_level_deployment","resourceType":"Microsoft.Resources/resourceGroups","resourceName":"cli_test_subscription_level_deployment"}],"id":"/subscriptions/00000000-0000-0000-0000-000000000000/resourceGroups/cli_test_subscription_level_deployment/providers/Microsoft.Resources/deployments/rg-nested6","resourceType":"Microsoft.Resources/deployments","resourceName":"rg-nested6"}],"validatedResources":[{"id":"/subscriptions/00000000-0000-0000-0000-000000000000/providers/Microsoft.Authorization/policyDefinitions/policy2"},{"id":"/subscriptions/00000000-0000-0000-0000-000000000000/providers/Microsoft.Authorization/policyAssignments/location-lock"},{"id":"/subscriptions/00000000-0000-0000-0000-000000000000/resourceGroups/cli_test_subscription_level_deployment"},{"id":"/subscriptions/00000000-0000-0000-0000-000000000000/resourceGroups/cli_test_subscription_level_deployment/providers/Microsoft.Resources/deployments/rg-nested6"},{"id":"/subscriptions/00000000-0000-0000-0000-000000000000/resourceGroups/cli_test_subscription_level_deployment/providers/Microsoft.Storage/storageAccounts/armbuilddemo000003"}]}}'
    headers:
      cache-control:
      - no-cache
      content-length:
      - '2661'
      content-type:
      - application/json; charset=utf-8
      date:
      - Fri, 23 May 2025 00:00:29 GMT
      expires:
      - '-1'
      pragma:
      - no-cache
      strict-transport-security:
      - max-age=31536000; includeSubDomains
      x-cache:
      - CONFIG_NOCACHE
      x-content-type-options:
      - nosniff
      x-ms-ratelimit-remaining-subscription-global-writes:
      - '11999'
      x-ms-ratelimit-remaining-subscription-writes:
      - '799'
      x-msedge-ref:
      - 'Ref A: 950E2C9FC7D240D58277119E4872B2EB Ref B: MWH011020807025 Ref C: 2025-05-23T00:00:28Z'
    status:
      code: 200
      message: OK
- request:
    body: "{\"location\": \"WestUS\", \"properties\": {\"parameters\": {\"nestedRGName\":
      {\"value\": \"cli_test_subscription_level_deployment\"}, \"storageAccountName\":
      {\"value\": \"armbuilddemo000003\"}}, \"mode\": \"Incremental\", template:{\r\n
      \ \"$schema\": \"https://schema.management.azure.com/schemas/2015-01-01/deploymentTemplate.json#\",\r\n
      \ \"contentVersion\": \"1.0.0.0\",\r\n  \"parameters\": {\r\n    \"storageAccountName\":
      {\r\n      \"type\": \"string\",\r\n      \"defaultValue\": \"armbuilddemo1801\"\r\n
      \   },\r\n    \"nestedRGName\": {\r\n      \"type\": \"string\",\r\n      \"defaultValue\":
      \"cli_test_subscription_level_deployment\"\r\n    }\r\n  },\r\n  \"variables\":
      {},\r\n  \"resources\": [\r\n    {\r\n      \"type\": \"Microsoft.Authorization/policyDefinitions\",\r\n
      \     \"name\": \"policy2\",\r\n      \"apiVersion\": \"2016-12-01\",\r\n      \"properties\":
      {\r\n        \"policyType\": \"Custom\",\r\n        \"parameters\": {},\r\n
      \       \"policyRule\": {\r\n          \"if\": {\r\n            \"field\": \"location\",\r\n
      \           \"equals\": \"northeurope\"\r\n          },\r\n          \"then\":
      {\r\n            \"effect\": \"deny\"\r\n          }\r\n        }\r\n      }\r\n
      \   },\r\n    {\r\n      \"type\": \"Microsoft.Authorization/policyAssignments\",\r\n
      \     \"name\": \"location-lock\",\r\n      \"apiVersion\": \"2016-12-01\",\r\n
      \     \"dependsOn\": [\r\n        \"policy2\"\r\n      ],\r\n      \"properties\":
      {\r\n        \"scope\": \"[subscription().id]\",\r\n        \"policyDefinitionId\":
      \"[resourceId('Microsoft.Authorization/policyDefinitions', 'policy2')]\"\r\n
      \     }\r\n    },\r\n    {\r\n      \"type\": \"Microsoft.Resources/resourceGroups\",\r\n
      \     \"name\": \"[parameters('nestedRGName')]\",\r\n      \"apiVersion\": \"2018-05-01\",\r\n
      \     \"location\": \"WestUS\",\r\n      \"properties\": {\r\n      }\r\n    },\r\n
      \   {\r\n      \"type\": \"Microsoft.Resources/deployments\",\r\n      \"name\":
      \"rg-nested6\",\r\n      \"apiVersion\": \"2017-05-10\",\r\n      \"resourceGroup\":
      \"[parameters('nestedRGName')]\",\r\n      \"dependsOn\": [ \"[parameters('nestedRGName')]\"
      ],\r\n      \"properties\": {\r\n        \"template\": {\r\n          \"$schema\":
      \"https://schema.management.azure.com/schemas/2015-01-01/deploymentTemplate.json#\",\r\n
      \         \"contentVersion\": \"1.0.0.0\",\r\n          \"parameters\": {},\r\n
      \         \"variables\": {},\r\n          \"resources\": [\r\n            {\r\n
      \             \"type\": \"Microsoft.Storage/storageAccounts\",\r\n              \"name\":
      \"[parameters('storageAccountName')]\",\r\n              \"apiVersion\": \"2015-06-15\",\r\n
      \             \"location\": \"East US\",\r\n              \"properties\": {\r\n
      \               \"accountType\": \"Standard_LRS\",\r\n                \"supportsHttpsTrafficOnly\":
      true,\r\n                \"allowSharedKeyAccess\": false\r\n              }\r\n
      \           }\r\n          ]\r\n        },\r\n        \"mode\":\"Incremental\"\r\n
      \     }\r\n    }\r\n  ] // comment\r\n}}}"
    headers:
      Accept:
      - application/json
      Accept-Encoding:
      - gzip, deflate
      CommandName:
      - deployment create
      Connection:
      - keep-alive
      Content-Length:
      - '2662'
      Content-Type:
      - application/json
      ParameterSetName:
      - -n --location --template-file --parameters --parameters --no-wait
      User-Agent:
      - AZURECLI/2.73.0 azsdk-python-core/1.31.0 Python/3.12.10 (Windows-11-10.0.26100-SP0)
    method: PUT
    uri: https://management.azure.com/subscriptions/00000000-0000-0000-0000-000000000000/providers/Microsoft.Resources/deployments/mock-deployment?api-version=2024-11-01
  response:
    body:
      string: '{"id":"/subscriptions/00000000-0000-0000-0000-000000000000/providers/Microsoft.Resources/deployments/azure-cli-subscription_level_deployment000002","name":"azure-cli-subscription_level_deployment000002","type":"Microsoft.Resources/deployments","location":"westus","properties":{"templateHash":"7334760418310943444","parameters":{"storageAccountName":{"type":"String","value":"armbuilddemo000003"},"nestedRGName":{"type":"String","value":"cli_test_subscription_level_deployment"}},"mode":"Incremental","provisioningState":"Accepted","timestamp":"2025-05-23T00:00:30.1074475Z","duration":"PT0.0001216S","correlationId":"01c1e4f9-c932-4618-ad2e-47013732a026","providers":[{"namespace":"Microsoft.Authorization","resourceTypes":[{"resourceType":"policyDefinitions","locations":[null]},{"resourceType":"policyAssignments","locations":[null]}]},{"namespace":"Microsoft.Resources","resourceTypes":[{"resourceType":"resourceGroups","locations":["westus"]},{"resourceType":"deployments","locations":[null]}]}],"dependencies":[{"dependsOn":[{"id":"/subscriptions/00000000-0000-0000-0000-000000000000/providers/Microsoft.Authorization/policyDefinitions/policy2","resourceType":"Microsoft.Authorization/policyDefinitions","resourceName":"policy2"}],"id":"/subscriptions/00000000-0000-0000-0000-000000000000/providers/Microsoft.Authorization/policyAssignments/location-lock","resourceType":"Microsoft.Authorization/policyAssignments","resourceName":"location-lock"},{"dependsOn":[{"id":"/subscriptions/00000000-0000-0000-0000-000000000000/resourceGroups/cli_test_subscription_level_deployment","resourceType":"Microsoft.Resources/resourceGroups","resourceName":"cli_test_subscription_level_deployment"}],"id":"/subscriptions/00000000-0000-0000-0000-000000000000/resourceGroups/cli_test_subscription_level_deployment/providers/Microsoft.Resources/deployments/rg-nested6","resourceType":"Microsoft.Resources/deployments","resourceName":"rg-nested6"}]}}'
    headers:
      azure-asyncoperation:
      - https://management.azure.com/subscriptions/00000000-0000-0000-0000-000000000000/providers/Microsoft.Resources/deployments/azure-cli-subscription_level_deployment000002/operationStatuses/08584536484553561044?api-version=2024-11-01&t=638835552317950438&c=MIIHpTCCBo2gAwIBAgITOgWZuFmLREgOyTdeugAEBZm4WTANBgkqhkiG9w0BAQsFADBEMRMwEQYKCZImiZPyLGQBGRYDR0JMMRMwEQYKCZImiZPyLGQBGRYDQU1FMRgwFgYDVQQDEw9BTUUgSU5GUkEgQ0EgMDEwHhcNMjUwNDE5MTQyMjI3WhcNMjUxMDE2MTQyMjI3WjBAMT4wPAYDVQQDEzVhc3luY29wZXJhdGlvbnNpZ25pbmdjZXJ0aWZpY2F0ZS5tYW5hZ2VtZW50LmF6dXJlLmNvbTCCASIwDQYJKoZIhvcNAQEBBQADggEPADCCAQoCggEBAPxDlNdj6r6H0vTzKfz228nqLQPXYSxPqEGQSSSCczQcCX3f_Xtnvc-lFdoleay-OVQlgfbWiMkGazl2q7FVj9BZUHJ3KXFg833nlMDzzIkfrA17t4t3OW-6po21aPw9TdEBtH-GReYxdd8YmK-hHhKfpllLkKKn29Z8r3ecn-VJ1URRr4gV1Dnhd8h62eio4oVWmqq_9ITkiyfphE8gKB3n-2ZGTlftv1uEX4hpgnUbyhP4GBPp9Ni0RdYmpukMEr1-GI3W5OnXgKOvoCRB0HZQKU-5u630M-76UA_GFyALd1X_xQwHcCHKvtBzX5EEcQ4AOj_B540c3Mp0HnljQsECAwEAAaOCBJIwggSOMCcGCSsGAQQBgjcVCgQaMBgwCgYIKwYBBQUHAwEwCgYIKwYBBQUHAwIwPQYJKwYBBAGCNxUHBDAwLgYmKwYBBAGCNxUIhpDjDYTVtHiE8Ys-hZvdFs6dEoFghfmRS4WsmTQCAWQCAQcwggHaBggrBgEFBQcBAQSCAcwwggHIMGYGCCsGAQUFBzAChlpodHRwOi8vY3JsLm1pY3Jvc29mdC5jb20vcGtpaW5mcmEvQ2VydHMvQlkyUEtJSU5UQ0EwMS5BTUUuR0JMX0FNRSUyMElORlJBJTIwQ0ElMjAwMSg0KS5jcnQwVgYIKwYBBQUHMAKGSmh0dHA6Ly9jcmwxLmFtZS5nYmwvYWlhL0JZMlBLSUlOVENBMDEuQU1FLkdCTF9BTUUlMjBJTkZSQSUyMENBJTIwMDEoNCkuY3J0MFYGCCsGAQUFBzAChkpodHRwOi8vY3JsMi5hbWUuZ2JsL2FpYS9CWTJQS0lJTlRDQTAxLkFNRS5HQkxfQU1FJTIwSU5GUkElMjBDQSUyMDAxKDQpLmNydDBWBggrBgEFBQcwAoZKaHR0cDovL2NybDMuYW1lLmdibC9haWEvQlkyUEtJSU5UQ0EwMS5BTUUuR0JMX0FNRSUyMElORlJBJTIwQ0ElMjAwMSg0KS5jcnQwVgYIKwYBBQUHMAKGSmh0dHA6Ly9jcmw0LmFtZS5nYmwvYWlhL0JZMlBLSUlOVENBMDEuQU1FLkdCTF9BTUUlMjBJTkZSQSUyMENBJTIwMDEoNCkuY3J0MB0GA1UdDgQWBBRgocSx-jjjSuZiJXHuNlAhZPhmbjAOBgNVHQ8BAf8EBAMCBaAwggE1BgNVHR8EggEsMIIBKDCCASSgggEgoIIBHIZCaHR0cDovL2NybC5taWNyb3NvZnQuY29tL3BraWluZnJhL0NSTC9BTUUlMjBJTkZSQSUyMENBJTIwMDEoNCkuY3JshjRodHRwOi8vY3JsMS5hbWUuZ2JsL2NybC9BTUUlMjBJTkZSQSUyMENBJTIwMDEoNCkuY3JshjRodHRwOi8vY3JsMi5hbWUuZ2JsL2NybC9BTUUlMjBJTkZSQSUyMENBJTIwMDEoNCkuY3JshjRodHRwOi8vY3JsMy5hbWUuZ2JsL2NybC9BTUUlMjBJTkZSQSUyMENBJTIwMDEoNCkuY3JshjRodHRwOi8vY3JsNC5hbWUuZ2JsL2NybC9BTUUlMjBJTkZSQSUyMENBJTIwMDEoNCkuY3JsMIGdBgNVHSAEgZUwgZIwDAYKKwYBBAGCN3sBATBmBgorBgEEAYI3ewICMFgwVgYIKwYBBQUHAgIwSh5IADMAMwBlADAAMQA5ADIAMQAtADQAZAA2ADQALQA0AGYAOABjAC0AYQAwADUANQAtADUAYgBkAGEAZgBmAGQANQBlADMAMwBkMAwGCisGAQQBgjd7AwIwDAYKKwYBBAGCN3sEAjAfBgNVHSMEGDAWgBTl2Ztn_PjsurvwwKidileIud8-YzAdBgNVHSUEFjAUBggrBgEFBQcDAQYIKwYBBQUHAwIwDQYJKoZIhvcNAQELBQADggEBAK5mT0Rrym5x1NF2yah7nxZLo1y0madgpRkCREZyGAoW02DZD68DX6wagq4RbcOr_MAlhvWOTjVB8J52ZIsydOGq5NSpxte9Cy10m7-zSXWMn0yNE8YUToarDNRzmshQ5pEBXhjU6kSMEvqeNG8Fr3KrDZEVieQc5By_ZV8F9vtuv90XjrjiLw1qOrPVVvUFOTx-JlUR4aErF4Jldd_YA0aWCiYbvu3Bd1vWtXdnrkJSX-natlKNqGimVnj86nKEao8ktK5pKaHq6C8vbOLeNreXRy5C2fC1tgiZ00V2pHuk1qbOdhlzTDv8G0HZLm_T7_s92OBqMAwBJ1uChKnQm6M&s=-TRQ-50k-J5xXt2-Imd32phX3rzvL4DUCRmx3hMNUHZIFKvOql5KqpwZvKmddg41Ccs1Sh4GM1kPlvf0S5DCPUIoUmhcneh_iUurTZmmS5NVRb5j4X74MzecwTz6_9DV8vkb97sriu1h6uyRKnZZ2jYr2YLvDbEm38fUGqLY2cjaZ3dVZA5TbZ6es0JUT7UEBgm7P7v1ikjPiZ0Bw9nS2uQQiPPqKAoeTYi11-kG83exfiRW976ZsIULaqlIJh-X6tLsKhhfZrP_7v8puMTDgGl0iTms9u9UeQcHskRLcgJEiBZrYaH_yN-H4ot5RSzsvXsp4amktLEkceCXba8Awg&h=mp3HSEnV9S_iK5-F3iANhoZDGOX7mXDSB6sCksJvdDk
      cache-control:
      - no-cache
      content-length:
      - '1937'
      content-type:
      - application/json; charset=utf-8
      date:
      - Fri, 23 May 2025 00:00:31 GMT
      expires:
      - '-1'
      pragma:
      - no-cache
      strict-transport-security:
      - max-age=31536000; includeSubDomains
      x-cache:
      - CONFIG_NOCACHE
      x-content-type-options:
      - nosniff
      x-ms-deployment-engine-version:
      - 1.363.0
      x-ms-ratelimit-remaining-subscription-global-writes:
      - '11999'
      x-ms-ratelimit-remaining-subscription-writes:
      - '799'
      x-msedge-ref:
      - 'Ref A: 557E7A0130F147198F9BC8BE7B6E10F7 Ref B: MWH011020807025 Ref C: 2025-05-23T00:00:29Z'
    status:
      code: 201
      message: Created
- request:
    body: null
    headers:
      Accept:
      - application/json
      Accept-Encoding:
      - gzip, deflate
      CommandName:
      - deployment cancel
      Connection:
      - keep-alive
      Content-Length:
      - '0'
      ParameterSetName:
      - -n
      User-Agent:
      - AZURECLI/2.73.0 azsdk-python-core/1.31.0 Python/3.12.10 (Windows-11-10.0.26100-SP0)
    method: POST
    uri: https://management.azure.com/subscriptions/00000000-0000-0000-0000-000000000000/providers/Microsoft.Resources/deployments/mock-deployment/cancel?api-version=2024-11-01
  response:
    body:
      string: ''
    headers:
      cache-control:
      - no-cache
      date:
      - Fri, 23 May 2025 00:00:34 GMT
      expires:
      - '-1'
      pragma:
      - no-cache
      strict-transport-security:
      - max-age=31536000; includeSubDomains
      x-cache:
      - CONFIG_NOCACHE
      x-content-type-options:
      - nosniff
      x-ms-ratelimit-remaining-subscription-global-writes:
      - '11999'
      x-ms-ratelimit-remaining-subscription-writes:
      - '799'
      x-msedge-ref:
      - 'Ref A: B24BED0A71764E98AAF18F069F67890A Ref B: MWH011020808029 Ref C: 2025-05-23T00:00:34Z'
    status:
      code: 204
      message: No Content
- request:
    body: null
    headers:
      Accept:
      - application/json
      Accept-Encoding:
      - gzip, deflate
      CommandName:
      - deployment show
      Connection:
      - keep-alive
      ParameterSetName:
      - -n
      User-Agent:
      - AZURECLI/2.73.0 azsdk-python-core/1.31.0 Python/3.12.10 (Windows-11-10.0.26100-SP0)
    method: GET
    uri: https://management.azure.com/subscriptions/00000000-0000-0000-0000-000000000000/providers/Microsoft.Resources/deployments/mock-deployment?api-version=2024-11-01
  response:
    body:
      string: '{"id":"/subscriptions/00000000-0000-0000-0000-000000000000/providers/Microsoft.Resources/deployments/azure-cli-subscription_level_deployment000002","name":"azure-cli-subscription_level_deployment000002","type":"Microsoft.Resources/deployments","location":"westus","properties":{"templateHash":"7334760418310943444","parameters":{"storageAccountName":{"type":"String","value":"armbuilddemo000003"},"nestedRGName":{"type":"String","value":"cli_test_subscription_level_deployment"}},"mode":"Incremental","provisioningState":"Canceled","timestamp":"2025-05-23T00:00:35.9438768Z","duration":"PT5.8364293S","correlationId":"01c1e4f9-c932-4618-ad2e-47013732a026","providers":[{"namespace":"Microsoft.Authorization","resourceTypes":[{"resourceType":"policyDefinitions","locations":[null]},{"resourceType":"policyAssignments","locations":[null]}]},{"namespace":"Microsoft.Resources","resourceTypes":[{"resourceType":"resourceGroups","locations":["westus"]},{"resourceType":"deployments","locations":[null]}]}],"dependencies":[{"dependsOn":[{"id":"/subscriptions/00000000-0000-0000-0000-000000000000/providers/Microsoft.Authorization/policyDefinitions/policy2","resourceType":"Microsoft.Authorization/policyDefinitions","resourceName":"policy2"}],"id":"/subscriptions/00000000-0000-0000-0000-000000000000/providers/Microsoft.Authorization/policyAssignments/location-lock","resourceType":"Microsoft.Authorization/policyAssignments","resourceName":"location-lock"},{"dependsOn":[{"id":"/subscriptions/00000000-0000-0000-0000-000000000000/resourceGroups/cli_test_subscription_level_deployment","resourceType":"Microsoft.Resources/resourceGroups","resourceName":"cli_test_subscription_level_deployment"}],"id":"/subscriptions/00000000-0000-0000-0000-000000000000/resourceGroups/cli_test_subscription_level_deployment/providers/Microsoft.Resources/deployments/rg-nested6","resourceType":"Microsoft.Resources/deployments","resourceName":"rg-nested6"}],"error":{"code":"DeploymentCanceled","target":"/subscriptions/00000000-0000-0000-0000-000000000000/providers/Microsoft.Resources/deployments/azure-cli-subscription_level_deployment000002","message":"This
        deployment was canceled because a cancelation request was received at ''5/23/2025
        12:00:34 AM'' using correlation id ''d2ebb544-1476-4bb0-987d-a765ed2c7df2''."}}}'
    headers:
      cache-control:
      - no-cache
      content-length:
      - '2298'
      content-type:
      - application/json; charset=utf-8
      date:
      - Fri, 23 May 2025 00:00:36 GMT
      expires:
      - '-1'
      pragma:
      - no-cache
      strict-transport-security:
      - max-age=31536000; includeSubDomains
      x-cache:
      - CONFIG_NOCACHE
      x-content-type-options:
      - nosniff
      x-ms-ratelimit-remaining-subscription-global-reads:
      - '16499'
      x-msedge-ref:
      - 'Ref A: A74346FAB2684F3699FCD1FF7A6F81CA Ref B: CO6AA3150217053 Ref C: 2025-05-23T00:00:37Z'
    status:
      code: 200
      message: OK
- request:
    body: null
    headers:
      Accept:
      - application/json
      Accept-Encoding:
      - gzip, deflate
      CommandName:
      - policy assignment delete
      Connection:
      - keep-alive
      Content-Length:
      - '0'
      ParameterSetName:
      - -n
      User-Agent:
      - AZURECLI/2.73.0 azsdk-python-core/1.31.0 Python/3.12.10 (Windows-11-10.0.26100-SP0)
    method: DELETE
    uri: https://management.azure.com/subscriptions/00000000-0000-0000-0000-000000000000/providers/Microsoft.Authorization/policyAssignments/location-lock?api-version=2024-05-01
  response:
    body:
      string: '{"properties":{"policyDefinitionId":"/subscriptions/00000000-0000-0000-0000-000000000000/providers/Microsoft.Authorization/policyDefinitions/policy2","definitionVersion":"1.*.*","scope":"/subscriptions/00000000-0000-0000-0000-000000000000","metadata":{"createdBy":"3d826307-2481-45a0-a271-bcf9333f914a","createdOn":"2025-05-22T23:59:39.9756602Z","updatedBy":"3d826307-2481-45a0-a271-bcf9333f914a","updatedOn":"2025-05-23T00:00:33.0212176Z"},"enforcementMode":"Default"},"id":"/subscriptions/00000000-0000-0000-0000-000000000000/providers/Microsoft.Authorization/policyAssignments/location-lock","type":"Microsoft.Authorization/policyAssignments","name":"location-lock","systemData":{"createdBy":"cstack@ntdev.microsoft.com","createdByType":"User","createdAt":"2025-05-22T23:59:39.9324302Z","lastModifiedBy":"cstack@ntdev.microsoft.com","lastModifiedByType":"User","lastModifiedAt":"2025-05-23T00:00:33.0193514Z"}}'
    headers:
      cache-control:
      - no-cache
      content-length:
      - '913'
      content-type:
      - application/json; charset=utf-8
      date:
      - Fri, 23 May 2025 00:00:43 GMT
      expires:
      - '-1'
      pragma:
      - no-cache
      strict-transport-security:
      - max-age=31536000; includeSubDomains
      x-cache:
      - CONFIG_NOCACHE
      x-content-type-options:
      - nosniff
      x-ms-operation-identifier:
      - tenantId=72f988bf-86f1-41af-91ab-2d7cd011db47,objectId=3d826307-2481-45a0-a271-bcf9333f914a/westus2/33c4c8e8-bd55-4d60-938b-05e92f8b50d9
      x-ms-ratelimit-remaining-subscription-deletes:
      - '799'
      x-ms-ratelimit-remaining-subscription-global-deletes:
      - '11999'
      x-msedge-ref:
      - 'Ref A: 06D11474CE1F47309A9B106DF2DE1B0C Ref B: CO6AA3150218017 Ref C: 2025-05-23T00:00:43Z'
    status:
      code: 200
      message: OK
- request:
    body: null
    headers:
      Accept:
      - '*/*'
      Accept-Encoding:
      - gzip, deflate
      CommandName:
      - policy definition delete
      Connection:
      - keep-alive
      Content-Length:
      - '0'
      ParameterSetName:
      - -n --yes
      User-Agent:
      - AZURECLI/2.73.0 azsdk-python-core/1.31.0 Python/3.12.10 (Windows-11-10.0.26100-SP0)
    method: DELETE
    uri: https://management.azure.com/subscriptions/00000000-0000-0000-0000-000000000000/providers/Microsoft.Authorization/policyDefinitions/policy2?api-version=2024-05-01
  response:
    body:
      string: '{"properties":{"policyType":"Custom","mode":"Indexed","metadata":{"createdBy":"3d826307-2481-45a0-a271-bcf9333f914a","createdOn":"2025-05-22T23:59:39.2788337Z","updatedBy":"3d826307-2481-45a0-a271-bcf9333f914a","updatedOn":"2025-05-23T00:00:32.4408366Z"},"version":"1.0.0","parameters":{},"policyRule":{"if":{"field":"location","equals":"northeurope"},"then":{"effect":"deny"}},"versions":["1.0.0"]},"id":"/subscriptions/00000000-0000-0000-0000-000000000000/providers/Microsoft.Authorization/policyDefinitions/policy2","type":"Microsoft.Authorization/policyDefinitions","name":"policy2","systemData":{"createdBy":"cstack@ntdev.microsoft.com","createdByType":"User","createdAt":"2025-05-22T23:59:39.244818Z","lastModifiedBy":"cstack@ntdev.microsoft.com","lastModifiedByType":"User","lastModifiedAt":"2025-05-23T00:00:32.4098622Z"}}'
    headers:
      cache-control:
      - no-cache
      content-length:
      - '830'
      content-type:
      - application/json; charset=utf-8
      date:
      - Fri, 23 May 2025 00:00:46 GMT
      expires:
      - '-1'
      pragma:
      - no-cache
      strict-transport-security:
      - max-age=31536000; includeSubDomains
      x-cache:
      - CONFIG_NOCACHE
      x-content-type-options:
      - nosniff
      x-ms-operation-identifier:
      - tenantId=72f988bf-86f1-41af-91ab-2d7cd011db47,objectId=3d826307-2481-45a0-a271-bcf9333f914a/westus2/7e477cfa-35ff-4a9d-82a2-794ab29f8581
      x-ms-ratelimit-remaining-subscription-deletes:
      - '799'
      x-ms-ratelimit-remaining-subscription-global-deletes:
      - '11999'
      x-msedge-ref:
      - 'Ref A: CA3DB47226D04FC08A370B021A1197FE Ref B: CO6AA3150218019 Ref C: 2025-05-23T00:00:45Z'
    status:
      code: 200
      message: OK
- request:
    body: null
    headers:
      Accept:
      - application/json
      Accept-Encoding:
      - gzip, deflate
      CommandName:
      - group delete
      Connection:
      - keep-alive
      Content-Length:
      - '0'
      ParameterSetName:
      - -n --yes
      User-Agent:
      - AZURECLI/2.73.0 azsdk-python-core/1.31.0 Python/3.12.10 (Windows-11-10.0.26100-SP0)
    method: DELETE
    uri: https://management.azure.com/subscriptions/00000000-0000-0000-0000-000000000000/resourcegroups/cli_test_subscription_level_deployment?api-version=2024-11-01
  response:
    body:
      string: ''
    headers:
      cache-control:
      - no-cache
      content-length:
      - '0'
      date:
      - Fri, 23 May 2025 00:00:48 GMT
      expires:
      - '-1'
      location:
      - https://management.azure.com/subscriptions/00000000-0000-0000-0000-000000000000/operationresults/eyJqb2JJZCI6IlJFU09VUkNFR1JPVVBERUxFVElPTkpPQi1DTEk6NUZURVNUOjVGU1VCU0NSSVBUSU9OOjVGTEVWRUw6NUZERVBMT1lNRU5ULVdFU1RVUyIsImpvYkxvY2F0aW9uIjoid2VzdHVzIn0?api-version=2024-11-01&t=638835552491452275&c=MIIHpTCCBo2gAwIBAgITOgWZuFmLREgOyTdeugAEBZm4WTANBgkqhkiG9w0BAQsFADBEMRMwEQYKCZImiZPyLGQBGRYDR0JMMRMwEQYKCZImiZPyLGQBGRYDQU1FMRgwFgYDVQQDEw9BTUUgSU5GUkEgQ0EgMDEwHhcNMjUwNDE5MTQyMjI3WhcNMjUxMDE2MTQyMjI3WjBAMT4wPAYDVQQDEzVhc3luY29wZXJhdGlvbnNpZ25pbmdjZXJ0aWZpY2F0ZS5tYW5hZ2VtZW50LmF6dXJlLmNvbTCCASIwDQYJKoZIhvcNAQEBBQADggEPADCCAQoCggEBAPxDlNdj6r6H0vTzKfz228nqLQPXYSxPqEGQSSSCczQcCX3f_Xtnvc-lFdoleay-OVQlgfbWiMkGazl2q7FVj9BZUHJ3KXFg833nlMDzzIkfrA17t4t3OW-6po21aPw9TdEBtH-GReYxdd8YmK-hHhKfpllLkKKn29Z8r3ecn-VJ1URRr4gV1Dnhd8h62eio4oVWmqq_9ITkiyfphE8gKB3n-2ZGTlftv1uEX4hpgnUbyhP4GBPp9Ni0RdYmpukMEr1-GI3W5OnXgKOvoCRB0HZQKU-5u630M-76UA_GFyALd1X_xQwHcCHKvtBzX5EEcQ4AOj_B540c3Mp0HnljQsECAwEAAaOCBJIwggSOMCcGCSsGAQQBgjcVCgQaMBgwCgYIKwYBBQUHAwEwCgYIKwYBBQUHAwIwPQYJKwYBBAGCNxUHBDAwLgYmKwYBBAGCNxUIhpDjDYTVtHiE8Ys-hZvdFs6dEoFghfmRS4WsmTQCAWQCAQcwggHaBggrBgEFBQcBAQSCAcwwggHIMGYGCCsGAQUFBzAChlpodHRwOi8vY3JsLm1pY3Jvc29mdC5jb20vcGtpaW5mcmEvQ2VydHMvQlkyUEtJSU5UQ0EwMS5BTUUuR0JMX0FNRSUyMElORlJBJTIwQ0ElMjAwMSg0KS5jcnQwVgYIKwYBBQUHMAKGSmh0dHA6Ly9jcmwxLmFtZS5nYmwvYWlhL0JZMlBLSUlOVENBMDEuQU1FLkdCTF9BTUUlMjBJTkZSQSUyMENBJTIwMDEoNCkuY3J0MFYGCCsGAQUFBzAChkpodHRwOi8vY3JsMi5hbWUuZ2JsL2FpYS9CWTJQS0lJTlRDQTAxLkFNRS5HQkxfQU1FJTIwSU5GUkElMjBDQSUyMDAxKDQpLmNydDBWBggrBgEFBQcwAoZKaHR0cDovL2NybDMuYW1lLmdibC9haWEvQlkyUEtJSU5UQ0EwMS5BTUUuR0JMX0FNRSUyMElORlJBJTIwQ0ElMjAwMSg0KS5jcnQwVgYIKwYBBQUHMAKGSmh0dHA6Ly9jcmw0LmFtZS5nYmwvYWlhL0JZMlBLSUlOVENBMDEuQU1FLkdCTF9BTUUlMjBJTkZSQSUyMENBJTIwMDEoNCkuY3J0MB0GA1UdDgQWBBRgocSx-jjjSuZiJXHuNlAhZPhmbjAOBgNVHQ8BAf8EBAMCBaAwggE1BgNVHR8EggEsMIIBKDCCASSgggEgoIIBHIZCaHR0cDovL2NybC5taWNyb3NvZnQuY29tL3BraWluZnJhL0NSTC9BTUUlMjBJTkZSQSUyMENBJTIwMDEoNCkuY3JshjRodHRwOi8vY3JsMS5hbWUuZ2JsL2NybC9BTUUlMjBJTkZSQSUyMENBJTIwMDEoNCkuY3JshjRodHRwOi8vY3JsMi5hbWUuZ2JsL2NybC9BTUUlMjBJTkZSQSUyMENBJTIwMDEoNCkuY3JshjRodHRwOi8vY3JsMy5hbWUuZ2JsL2NybC9BTUUlMjBJTkZSQSUyMENBJTIwMDEoNCkuY3JshjRodHRwOi8vY3JsNC5hbWUuZ2JsL2NybC9BTUUlMjBJTkZSQSUyMENBJTIwMDEoNCkuY3JsMIGdBgNVHSAEgZUwgZIwDAYKKwYBBAGCN3sBATBmBgorBgEEAYI3ewICMFgwVgYIKwYBBQUHAgIwSh5IADMAMwBlADAAMQA5ADIAMQAtADQAZAA2ADQALQA0AGYAOABjAC0AYQAwADUANQAtADUAYgBkAGEAZgBmAGQANQBlADMAMwBkMAwGCisGAQQBgjd7AwIwDAYKKwYBBAGCN3sEAjAfBgNVHSMEGDAWgBTl2Ztn_PjsurvwwKidileIud8-YzAdBgNVHSUEFjAUBggrBgEFBQcDAQYIKwYBBQUHAwIwDQYJKoZIhvcNAQELBQADggEBAK5mT0Rrym5x1NF2yah7nxZLo1y0madgpRkCREZyGAoW02DZD68DX6wagq4RbcOr_MAlhvWOTjVB8J52ZIsydOGq5NSpxte9Cy10m7-zSXWMn0yNE8YUToarDNRzmshQ5pEBXhjU6kSMEvqeNG8Fr3KrDZEVieQc5By_ZV8F9vtuv90XjrjiLw1qOrPVVvUFOTx-JlUR4aErF4Jldd_YA0aWCiYbvu3Bd1vWtXdnrkJSX-natlKNqGimVnj86nKEao8ktK5pKaHq6C8vbOLeNreXRy5C2fC1tgiZ00V2pHuk1qbOdhlzTDv8G0HZLm_T7_s92OBqMAwBJ1uChKnQm6M&s=7kZtA3sH74resjwFPsZbsxyOLKlZqwA53BLDq-IaW_vTdJcdcPUp2vGs4z5aCiyG7dKsSwifQVtik2tor0Jv9tuW68fwowQGpmr3D-thyc4Zhv0U4DQnH7U1QANBiWNyp0TFNp3OGBLpoefIneHUCJ7GUzgoLRXNw_62ot7K7MzLc5q0FhcYvj24M9SYgy57pmjIFLMa7DlrCqy9ylP1mCRfUZ6ZqjeqiYWvzjIW2thKYkcfljfLclRfbJSyVw45v8HZqnJn_MNqiD08qdOhASwsz2QLrwp6yM6oFMzpVqkQlF79EYj7u7G2cDcK-TbS8cJ0ZQ-lt_lzS2IhGx9aWg&h=17HaviJhTxeZ1MpE2BACFCR_sZNcq3PS1iGghWoKEd8
      pragma:
      - no-cache
      strict-transport-security:
      - max-age=31536000; includeSubDomains
      x-cache:
      - CONFIG_NOCACHE
      x-content-type-options:
      - nosniff
      x-ms-ratelimit-remaining-subscription-deletes:
      - '799'
      x-ms-ratelimit-remaining-subscription-global-deletes:
      - '11999'
      x-msedge-ref:
      - 'Ref A: 1E66AA0DCF7A4FA4A483D4F72B9BDC20 Ref B: CO6AA3150220023 Ref C: 2025-05-23T00:00:48Z'
    status:
      code: 202
      message: Accepted
- request:
    body: null
    headers:
      Accept:
      - '*/*'
      Accept-Encoding:
      - gzip, deflate
      CommandName:
      - group delete
      Connection:
      - keep-alive
      ParameterSetName:
      - -n --yes
      User-Agent:
      - AZURECLI/2.73.0 azsdk-python-core/1.31.0 Python/3.12.10 (Windows-11-10.0.26100-SP0)
    method: GET
    uri: https://management.azure.com/subscriptions/00000000-0000-0000-0000-000000000000/operationresults/eyJqb2JJZCI6IlJFU09VUkNFR1JPVVBERUxFVElPTkpPQi1DTEk6NUZURVNUOjVGU1VCU0NSSVBUSU9OOjVGTEVWRUw6NUZERVBMT1lNRU5ULVdFU1RVUyIsImpvYkxvY2F0aW9uIjoid2VzdHVzIn0?api-version=2024-11-01&t=638835552491452275&c=MIIHpTCCBo2gAwIBAgITOgWZuFmLREgOyTdeugAEBZm4WTANBgkqhkiG9w0BAQsFADBEMRMwEQYKCZImiZPyLGQBGRYDR0JMMRMwEQYKCZImiZPyLGQBGRYDQU1FMRgwFgYDVQQDEw9BTUUgSU5GUkEgQ0EgMDEwHhcNMjUwNDE5MTQyMjI3WhcNMjUxMDE2MTQyMjI3WjBAMT4wPAYDVQQDEzVhc3luY29wZXJhdGlvbnNpZ25pbmdjZXJ0aWZpY2F0ZS5tYW5hZ2VtZW50LmF6dXJlLmNvbTCCASIwDQYJKoZIhvcNAQEBBQADggEPADCCAQoCggEBAPxDlNdj6r6H0vTzKfz228nqLQPXYSxPqEGQSSSCczQcCX3f_Xtnvc-lFdoleay-OVQlgfbWiMkGazl2q7FVj9BZUHJ3KXFg833nlMDzzIkfrA17t4t3OW-6po21aPw9TdEBtH-GReYxdd8YmK-hHhKfpllLkKKn29Z8r3ecn-VJ1URRr4gV1Dnhd8h62eio4oVWmqq_9ITkiyfphE8gKB3n-2ZGTlftv1uEX4hpgnUbyhP4GBPp9Ni0RdYmpukMEr1-GI3W5OnXgKOvoCRB0HZQKU-5u630M-76UA_GFyALd1X_xQwHcCHKvtBzX5EEcQ4AOj_B540c3Mp0HnljQsECAwEAAaOCBJIwggSOMCcGCSsGAQQBgjcVCgQaMBgwCgYIKwYBBQUHAwEwCgYIKwYBBQUHAwIwPQYJKwYBBAGCNxUHBDAwLgYmKwYBBAGCNxUIhpDjDYTVtHiE8Ys-hZvdFs6dEoFghfmRS4WsmTQCAWQCAQcwggHaBggrBgEFBQcBAQSCAcwwggHIMGYGCCsGAQUFBzAChlpodHRwOi8vY3JsLm1pY3Jvc29mdC5jb20vcGtpaW5mcmEvQ2VydHMvQlkyUEtJSU5UQ0EwMS5BTUUuR0JMX0FNRSUyMElORlJBJTIwQ0ElMjAwMSg0KS5jcnQwVgYIKwYBBQUHMAKGSmh0dHA6Ly9jcmwxLmFtZS5nYmwvYWlhL0JZMlBLSUlOVENBMDEuQU1FLkdCTF9BTUUlMjBJTkZSQSUyMENBJTIwMDEoNCkuY3J0MFYGCCsGAQUFBzAChkpodHRwOi8vY3JsMi5hbWUuZ2JsL2FpYS9CWTJQS0lJTlRDQTAxLkFNRS5HQkxfQU1FJTIwSU5GUkElMjBDQSUyMDAxKDQpLmNydDBWBggrBgEFBQcwAoZKaHR0cDovL2NybDMuYW1lLmdibC9haWEvQlkyUEtJSU5UQ0EwMS5BTUUuR0JMX0FNRSUyMElORlJBJTIwQ0ElMjAwMSg0KS5jcnQwVgYIKwYBBQUHMAKGSmh0dHA6Ly9jcmw0LmFtZS5nYmwvYWlhL0JZMlBLSUlOVENBMDEuQU1FLkdCTF9BTUUlMjBJTkZSQSUyMENBJTIwMDEoNCkuY3J0MB0GA1UdDgQWBBRgocSx-jjjSuZiJXHuNlAhZPhmbjAOBgNVHQ8BAf8EBAMCBaAwggE1BgNVHR8EggEsMIIBKDCCASSgggEgoIIBHIZCaHR0cDovL2NybC5taWNyb3NvZnQuY29tL3BraWluZnJhL0NSTC9BTUUlMjBJTkZSQSUyMENBJTIwMDEoNCkuY3JshjRodHRwOi8vY3JsMS5hbWUuZ2JsL2NybC9BTUUlMjBJTkZSQSUyMENBJTIwMDEoNCkuY3JshjRodHRwOi8vY3JsMi5hbWUuZ2JsL2NybC9BTUUlMjBJTkZSQSUyMENBJTIwMDEoNCkuY3JshjRodHRwOi8vY3JsMy5hbWUuZ2JsL2NybC9BTUUlMjBJTkZSQSUyMENBJTIwMDEoNCkuY3JshjRodHRwOi8vY3JsNC5hbWUuZ2JsL2NybC9BTUUlMjBJTkZSQSUyMENBJTIwMDEoNCkuY3JsMIGdBgNVHSAEgZUwgZIwDAYKKwYBBAGCN3sBATBmBgorBgEEAYI3ewICMFgwVgYIKwYBBQUHAgIwSh5IADMAMwBlADAAMQA5ADIAMQAtADQAZAA2ADQALQA0AGYAOABjAC0AYQAwADUANQAtADUAYgBkAGEAZgBmAGQANQBlADMAMwBkMAwGCisGAQQBgjd7AwIwDAYKKwYBBAGCN3sEAjAfBgNVHSMEGDAWgBTl2Ztn_PjsurvwwKidileIud8-YzAdBgNVHSUEFjAUBggrBgEFBQcDAQYIKwYBBQUHAwIwDQYJKoZIhvcNAQELBQADggEBAK5mT0Rrym5x1NF2yah7nxZLo1y0madgpRkCREZyGAoW02DZD68DX6wagq4RbcOr_MAlhvWOTjVB8J52ZIsydOGq5NSpxte9Cy10m7-zSXWMn0yNE8YUToarDNRzmshQ5pEBXhjU6kSMEvqeNG8Fr3KrDZEVieQc5By_ZV8F9vtuv90XjrjiLw1qOrPVVvUFOTx-JlUR4aErF4Jldd_YA0aWCiYbvu3Bd1vWtXdnrkJSX-natlKNqGimVnj86nKEao8ktK5pKaHq6C8vbOLeNreXRy5C2fC1tgiZ00V2pHuk1qbOdhlzTDv8G0HZLm_T7_s92OBqMAwBJ1uChKnQm6M&s=7kZtA3sH74resjwFPsZbsxyOLKlZqwA53BLDq-IaW_vTdJcdcPUp2vGs4z5aCiyG7dKsSwifQVtik2tor0Jv9tuW68fwowQGpmr3D-thyc4Zhv0U4DQnH7U1QANBiWNyp0TFNp3OGBLpoefIneHUCJ7GUzgoLRXNw_62ot7K7MzLc5q0FhcYvj24M9SYgy57pmjIFLMa7DlrCqy9ylP1mCRfUZ6ZqjeqiYWvzjIW2thKYkcfljfLclRfbJSyVw45v8HZqnJn_MNqiD08qdOhASwsz2QLrwp6yM6oFMzpVqkQlF79EYj7u7G2cDcK-TbS8cJ0ZQ-lt_lzS2IhGx9aWg&h=17HaviJhTxeZ1MpE2BACFCR_sZNcq3PS1iGghWoKEd8
  response:
    body:
      string: ''
    headers:
      cache-control:
      - no-cache
      content-length:
      - '0'
      date:
      - Fri, 23 May 2025 00:00:49 GMT
      expires:
      - '-1'
      location:
      - https://management.azure.com/subscriptions/00000000-0000-0000-0000-000000000000/operationresults/eyJqb2JJZCI6IlJFU09VUkNFR1JPVVBERUxFVElPTkpPQi1DTEk6NUZURVNUOjVGU1VCU0NSSVBUSU9OOjVGTEVWRUw6NUZERVBMT1lNRU5ULVdFU1RVUyIsImpvYkxvY2F0aW9uIjoid2VzdHVzIn0?api-version=2024-11-01&t=638835552495631965&c=MIIHpTCCBo2gAwIBAgITOgWZuFmLREgOyTdeugAEBZm4WTANBgkqhkiG9w0BAQsFADBEMRMwEQYKCZImiZPyLGQBGRYDR0JMMRMwEQYKCZImiZPyLGQBGRYDQU1FMRgwFgYDVQQDEw9BTUUgSU5GUkEgQ0EgMDEwHhcNMjUwNDE5MTQyMjI3WhcNMjUxMDE2MTQyMjI3WjBAMT4wPAYDVQQDEzVhc3luY29wZXJhdGlvbnNpZ25pbmdjZXJ0aWZpY2F0ZS5tYW5hZ2VtZW50LmF6dXJlLmNvbTCCASIwDQYJKoZIhvcNAQEBBQADggEPADCCAQoCggEBAPxDlNdj6r6H0vTzKfz228nqLQPXYSxPqEGQSSSCczQcCX3f_Xtnvc-lFdoleay-OVQlgfbWiMkGazl2q7FVj9BZUHJ3KXFg833nlMDzzIkfrA17t4t3OW-6po21aPw9TdEBtH-GReYxdd8YmK-hHhKfpllLkKKn29Z8r3ecn-VJ1URRr4gV1Dnhd8h62eio4oVWmqq_9ITkiyfphE8gKB3n-2ZGTlftv1uEX4hpgnUbyhP4GBPp9Ni0RdYmpukMEr1-GI3W5OnXgKOvoCRB0HZQKU-5u630M-76UA_GFyALd1X_xQwHcCHKvtBzX5EEcQ4AOj_B540c3Mp0HnljQsECAwEAAaOCBJIwggSOMCcGCSsGAQQBgjcVCgQaMBgwCgYIKwYBBQUHAwEwCgYIKwYBBQUHAwIwPQYJKwYBBAGCNxUHBDAwLgYmKwYBBAGCNxUIhpDjDYTVtHiE8Ys-hZvdFs6dEoFghfmRS4WsmTQCAWQCAQcwggHaBggrBgEFBQcBAQSCAcwwggHIMGYGCCsGAQUFBzAChlpodHRwOi8vY3JsLm1pY3Jvc29mdC5jb20vcGtpaW5mcmEvQ2VydHMvQlkyUEtJSU5UQ0EwMS5BTUUuR0JMX0FNRSUyMElORlJBJTIwQ0ElMjAwMSg0KS5jcnQwVgYIKwYBBQUHMAKGSmh0dHA6Ly9jcmwxLmFtZS5nYmwvYWlhL0JZMlBLSUlOVENBMDEuQU1FLkdCTF9BTUUlMjBJTkZSQSUyMENBJTIwMDEoNCkuY3J0MFYGCCsGAQUFBzAChkpodHRwOi8vY3JsMi5hbWUuZ2JsL2FpYS9CWTJQS0lJTlRDQTAxLkFNRS5HQkxfQU1FJTIwSU5GUkElMjBDQSUyMDAxKDQpLmNydDBWBggrBgEFBQcwAoZKaHR0cDovL2NybDMuYW1lLmdibC9haWEvQlkyUEtJSU5UQ0EwMS5BTUUuR0JMX0FNRSUyMElORlJBJTIwQ0ElMjAwMSg0KS5jcnQwVgYIKwYBBQUHMAKGSmh0dHA6Ly9jcmw0LmFtZS5nYmwvYWlhL0JZMlBLSUlOVENBMDEuQU1FLkdCTF9BTUUlMjBJTkZSQSUyMENBJTIwMDEoNCkuY3J0MB0GA1UdDgQWBBRgocSx-jjjSuZiJXHuNlAhZPhmbjAOBgNVHQ8BAf8EBAMCBaAwggE1BgNVHR8EggEsMIIBKDCCASSgggEgoIIBHIZCaHR0cDovL2NybC5taWNyb3NvZnQuY29tL3BraWluZnJhL0NSTC9BTUUlMjBJTkZSQSUyMENBJTIwMDEoNCkuY3JshjRodHRwOi8vY3JsMS5hbWUuZ2JsL2NybC9BTUUlMjBJTkZSQSUyMENBJTIwMDEoNCkuY3JshjRodHRwOi8vY3JsMi5hbWUuZ2JsL2NybC9BTUUlMjBJTkZSQSUyMENBJTIwMDEoNCkuY3JshjRodHRwOi8vY3JsMy5hbWUuZ2JsL2NybC9BTUUlMjBJTkZSQSUyMENBJTIwMDEoNCkuY3JshjRodHRwOi8vY3JsNC5hbWUuZ2JsL2NybC9BTUUlMjBJTkZSQSUyMENBJTIwMDEoNCkuY3JsMIGdBgNVHSAEgZUwgZIwDAYKKwYBBAGCN3sBATBmBgorBgEEAYI3ewICMFgwVgYIKwYBBQUHAgIwSh5IADMAMwBlADAAMQA5ADIAMQAtADQAZAA2ADQALQA0AGYAOABjAC0AYQAwADUANQAtADUAYgBkAGEAZgBmAGQANQBlADMAMwBkMAwGCisGAQQBgjd7AwIwDAYKKwYBBAGCN3sEAjAfBgNVHSMEGDAWgBTl2Ztn_PjsurvwwKidileIud8-YzAdBgNVHSUEFjAUBggrBgEFBQcDAQYIKwYBBQUHAwIwDQYJKoZIhvcNAQELBQADggEBAK5mT0Rrym5x1NF2yah7nxZLo1y0madgpRkCREZyGAoW02DZD68DX6wagq4RbcOr_MAlhvWOTjVB8J52ZIsydOGq5NSpxte9Cy10m7-zSXWMn0yNE8YUToarDNRzmshQ5pEBXhjU6kSMEvqeNG8Fr3KrDZEVieQc5By_ZV8F9vtuv90XjrjiLw1qOrPVVvUFOTx-JlUR4aErF4Jldd_YA0aWCiYbvu3Bd1vWtXdnrkJSX-natlKNqGimVnj86nKEao8ktK5pKaHq6C8vbOLeNreXRy5C2fC1tgiZ00V2pHuk1qbOdhlzTDv8G0HZLm_T7_s92OBqMAwBJ1uChKnQm6M&s=jLMu5RAvcUpWnAsasCSrxHziZfFmwLGunWDinuu1R7uk-hZmNDlOjD1FShFvrAz0pjrEnYZq7wiHlDMlXrZEEy8E5ZnTWUHZHzIoBY284juSRyrBGB5IHi1fyctAkVvyK6jF-gJpvcayufrQs1DRVdt_wtFxl72R1aZJuvrt3vy_l3WHAr3FLvgVfAZsZ-o1Uk1Gwn94C61B3ZRE2KFxUSZIuS3f-eoLrfpwxjowUAEmGPtWuQMCqeUoI16t8MBYIsYGXKxSqbHK6qTcR16PO69l028uXX2pqq2q5-d10Uxe4KjO78DLRN-30QPZekbQAHJoIvOG_ZczEgAdO4OzzA&h=-RRnjuXurNWe8E-i65pQg_5On_MSvYKE_oQ6SBTGI40
      pragma:
      - no-cache
      strict-transport-security:
      - max-age=31536000; includeSubDomains
      x-cache:
      - CONFIG_NOCACHE
      x-content-type-options:
      - nosniff
      x-ms-ratelimit-remaining-subscription-global-reads:
      - '16499'
      x-msedge-ref:
      - 'Ref A: 7747139A24D54354B9AB621576910705 Ref B: CO6AA3150220023 Ref C: 2025-05-23T00:00:49Z'
    status:
      code: 202
      message: Accepted
- request:
    body: null
    headers:
      Accept:
      - '*/*'
      Accept-Encoding:
      - gzip, deflate
      CommandName:
      - group delete
      Connection:
      - keep-alive
      ParameterSetName:
      - -n --yes
      User-Agent:
      - AZURECLI/2.73.0 azsdk-python-core/1.31.0 Python/3.12.10 (Windows-11-10.0.26100-SP0)
    method: GET
    uri: https://management.azure.com/subscriptions/00000000-0000-0000-0000-000000000000/operationresults/eyJqb2JJZCI6IlJFU09VUkNFR1JPVVBERUxFVElPTkpPQi1DTEk6NUZURVNUOjVGU1VCU0NSSVBUSU9OOjVGTEVWRUw6NUZERVBMT1lNRU5ULVdFU1RVUyIsImpvYkxvY2F0aW9uIjoid2VzdHVzIn0?api-version=2024-11-01&t=638835552495631965&c=MIIHpTCCBo2gAwIBAgITOgWZuFmLREgOyTdeugAEBZm4WTANBgkqhkiG9w0BAQsFADBEMRMwEQYKCZImiZPyLGQBGRYDR0JMMRMwEQYKCZImiZPyLGQBGRYDQU1FMRgwFgYDVQQDEw9BTUUgSU5GUkEgQ0EgMDEwHhcNMjUwNDE5MTQyMjI3WhcNMjUxMDE2MTQyMjI3WjBAMT4wPAYDVQQDEzVhc3luY29wZXJhdGlvbnNpZ25pbmdjZXJ0aWZpY2F0ZS5tYW5hZ2VtZW50LmF6dXJlLmNvbTCCASIwDQYJKoZIhvcNAQEBBQADggEPADCCAQoCggEBAPxDlNdj6r6H0vTzKfz228nqLQPXYSxPqEGQSSSCczQcCX3f_Xtnvc-lFdoleay-OVQlgfbWiMkGazl2q7FVj9BZUHJ3KXFg833nlMDzzIkfrA17t4t3OW-6po21aPw9TdEBtH-GReYxdd8YmK-hHhKfpllLkKKn29Z8r3ecn-VJ1URRr4gV1Dnhd8h62eio4oVWmqq_9ITkiyfphE8gKB3n-2ZGTlftv1uEX4hpgnUbyhP4GBPp9Ni0RdYmpukMEr1-GI3W5OnXgKOvoCRB0HZQKU-5u630M-76UA_GFyALd1X_xQwHcCHKvtBzX5EEcQ4AOj_B540c3Mp0HnljQsECAwEAAaOCBJIwggSOMCcGCSsGAQQBgjcVCgQaMBgwCgYIKwYBBQUHAwEwCgYIKwYBBQUHAwIwPQYJKwYBBAGCNxUHBDAwLgYmKwYBBAGCNxUIhpDjDYTVtHiE8Ys-hZvdFs6dEoFghfmRS4WsmTQCAWQCAQcwggHaBggrBgEFBQcBAQSCAcwwggHIMGYGCCsGAQUFBzAChlpodHRwOi8vY3JsLm1pY3Jvc29mdC5jb20vcGtpaW5mcmEvQ2VydHMvQlkyUEtJSU5UQ0EwMS5BTUUuR0JMX0FNRSUyMElORlJBJTIwQ0ElMjAwMSg0KS5jcnQwVgYIKwYBBQUHMAKGSmh0dHA6Ly9jcmwxLmFtZS5nYmwvYWlhL0JZMlBLSUlOVENBMDEuQU1FLkdCTF9BTUUlMjBJTkZSQSUyMENBJTIwMDEoNCkuY3J0MFYGCCsGAQUFBzAChkpodHRwOi8vY3JsMi5hbWUuZ2JsL2FpYS9CWTJQS0lJTlRDQTAxLkFNRS5HQkxfQU1FJTIwSU5GUkElMjBDQSUyMDAxKDQpLmNydDBWBggrBgEFBQcwAoZKaHR0cDovL2NybDMuYW1lLmdibC9haWEvQlkyUEtJSU5UQ0EwMS5BTUUuR0JMX0FNRSUyMElORlJBJTIwQ0ElMjAwMSg0KS5jcnQwVgYIKwYBBQUHMAKGSmh0dHA6Ly9jcmw0LmFtZS5nYmwvYWlhL0JZMlBLSUlOVENBMDEuQU1FLkdCTF9BTUUlMjBJTkZSQSUyMENBJTIwMDEoNCkuY3J0MB0GA1UdDgQWBBRgocSx-jjjSuZiJXHuNlAhZPhmbjAOBgNVHQ8BAf8EBAMCBaAwggE1BgNVHR8EggEsMIIBKDCCASSgggEgoIIBHIZCaHR0cDovL2NybC5taWNyb3NvZnQuY29tL3BraWluZnJhL0NSTC9BTUUlMjBJTkZSQSUyMENBJTIwMDEoNCkuY3JshjRodHRwOi8vY3JsMS5hbWUuZ2JsL2NybC9BTUUlMjBJTkZSQSUyMENBJTIwMDEoNCkuY3JshjRodHRwOi8vY3JsMi5hbWUuZ2JsL2NybC9BTUUlMjBJTkZSQSUyMENBJTIwMDEoNCkuY3JshjRodHRwOi8vY3JsMy5hbWUuZ2JsL2NybC9BTUUlMjBJTkZSQSUyMENBJTIwMDEoNCkuY3JshjRodHRwOi8vY3JsNC5hbWUuZ2JsL2NybC9BTUUlMjBJTkZSQSUyMENBJTIwMDEoNCkuY3JsMIGdBgNVHSAEgZUwgZIwDAYKKwYBBAGCN3sBATBmBgorBgEEAYI3ewICMFgwVgYIKwYBBQUHAgIwSh5IADMAMwBlADAAMQA5ADIAMQAtADQAZAA2ADQALQA0AGYAOABjAC0AYQAwADUANQAtADUAYgBkAGEAZgBmAGQANQBlADMAMwBkMAwGCisGAQQBgjd7AwIwDAYKKwYBBAGCN3sEAjAfBgNVHSMEGDAWgBTl2Ztn_PjsurvwwKidileIud8-YzAdBgNVHSUEFjAUBggrBgEFBQcDAQYIKwYBBQUHAwIwDQYJKoZIhvcNAQELBQADggEBAK5mT0Rrym5x1NF2yah7nxZLo1y0madgpRkCREZyGAoW02DZD68DX6wagq4RbcOr_MAlhvWOTjVB8J52ZIsydOGq5NSpxte9Cy10m7-zSXWMn0yNE8YUToarDNRzmshQ5pEBXhjU6kSMEvqeNG8Fr3KrDZEVieQc5By_ZV8F9vtuv90XjrjiLw1qOrPVVvUFOTx-JlUR4aErF4Jldd_YA0aWCiYbvu3Bd1vWtXdnrkJSX-natlKNqGimVnj86nKEao8ktK5pKaHq6C8vbOLeNreXRy5C2fC1tgiZ00V2pHuk1qbOdhlzTDv8G0HZLm_T7_s92OBqMAwBJ1uChKnQm6M&s=jLMu5RAvcUpWnAsasCSrxHziZfFmwLGunWDinuu1R7uk-hZmNDlOjD1FShFvrAz0pjrEnYZq7wiHlDMlXrZEEy8E5ZnTWUHZHzIoBY284juSRyrBGB5IHi1fyctAkVvyK6jF-gJpvcayufrQs1DRVdt_wtFxl72R1aZJuvrt3vy_l3WHAr3FLvgVfAZsZ-o1Uk1Gwn94C61B3ZRE2KFxUSZIuS3f-eoLrfpwxjowUAEmGPtWuQMCqeUoI16t8MBYIsYGXKxSqbHK6qTcR16PO69l028uXX2pqq2q5-d10Uxe4KjO78DLRN-30QPZekbQAHJoIvOG_ZczEgAdO4OzzA&h=-RRnjuXurNWe8E-i65pQg_5On_MSvYKE_oQ6SBTGI40
  response:
    body:
      string: ''
    headers:
      cache-control:
      - no-cache
      content-length:
      - '0'
      date:
      - Fri, 23 May 2025 00:01:04 GMT
      expires:
      - '-1'
      location:
      - https://management.azure.com/subscriptions/00000000-0000-0000-0000-000000000000/operationresults/eyJqb2JJZCI6IlJFU09VUkNFR1JPVVBERUxFVElPTkpPQi1DTEk6NUZURVNUOjVGU1VCU0NSSVBUSU9OOjVGTEVWRUw6NUZERVBMT1lNRU5ULVdFU1RVUyIsImpvYkxvY2F0aW9uIjoid2VzdHVzIn0?api-version=2024-11-01&t=638835552650640286&c=MIIHpTCCBo2gAwIBAgITOgWZuFmLREgOyTdeugAEBZm4WTANBgkqhkiG9w0BAQsFADBEMRMwEQYKCZImiZPyLGQBGRYDR0JMMRMwEQYKCZImiZPyLGQBGRYDQU1FMRgwFgYDVQQDEw9BTUUgSU5GUkEgQ0EgMDEwHhcNMjUwNDE5MTQyMjI3WhcNMjUxMDE2MTQyMjI3WjBAMT4wPAYDVQQDEzVhc3luY29wZXJhdGlvbnNpZ25pbmdjZXJ0aWZpY2F0ZS5tYW5hZ2VtZW50LmF6dXJlLmNvbTCCASIwDQYJKoZIhvcNAQEBBQADggEPADCCAQoCggEBAPxDlNdj6r6H0vTzKfz228nqLQPXYSxPqEGQSSSCczQcCX3f_Xtnvc-lFdoleay-OVQlgfbWiMkGazl2q7FVj9BZUHJ3KXFg833nlMDzzIkfrA17t4t3OW-6po21aPw9TdEBtH-GReYxdd8YmK-hHhKfpllLkKKn29Z8r3ecn-VJ1URRr4gV1Dnhd8h62eio4oVWmqq_9ITkiyfphE8gKB3n-2ZGTlftv1uEX4hpgnUbyhP4GBPp9Ni0RdYmpukMEr1-GI3W5OnXgKOvoCRB0HZQKU-5u630M-76UA_GFyALd1X_xQwHcCHKvtBzX5EEcQ4AOj_B540c3Mp0HnljQsECAwEAAaOCBJIwggSOMCcGCSsGAQQBgjcVCgQaMBgwCgYIKwYBBQUHAwEwCgYIKwYBBQUHAwIwPQYJKwYBBAGCNxUHBDAwLgYmKwYBBAGCNxUIhpDjDYTVtHiE8Ys-hZvdFs6dEoFghfmRS4WsmTQCAWQCAQcwggHaBggrBgEFBQcBAQSCAcwwggHIMGYGCCsGAQUFBzAChlpodHRwOi8vY3JsLm1pY3Jvc29mdC5jb20vcGtpaW5mcmEvQ2VydHMvQlkyUEtJSU5UQ0EwMS5BTUUuR0JMX0FNRSUyMElORlJBJTIwQ0ElMjAwMSg0KS5jcnQwVgYIKwYBBQUHMAKGSmh0dHA6Ly9jcmwxLmFtZS5nYmwvYWlhL0JZMlBLSUlOVENBMDEuQU1FLkdCTF9BTUUlMjBJTkZSQSUyMENBJTIwMDEoNCkuY3J0MFYGCCsGAQUFBzAChkpodHRwOi8vY3JsMi5hbWUuZ2JsL2FpYS9CWTJQS0lJTlRDQTAxLkFNRS5HQkxfQU1FJTIwSU5GUkElMjBDQSUyMDAxKDQpLmNydDBWBggrBgEFBQcwAoZKaHR0cDovL2NybDMuYW1lLmdibC9haWEvQlkyUEtJSU5UQ0EwMS5BTUUuR0JMX0FNRSUyMElORlJBJTIwQ0ElMjAwMSg0KS5jcnQwVgYIKwYBBQUHMAKGSmh0dHA6Ly9jcmw0LmFtZS5nYmwvYWlhL0JZMlBLSUlOVENBMDEuQU1FLkdCTF9BTUUlMjBJTkZSQSUyMENBJTIwMDEoNCkuY3J0MB0GA1UdDgQWBBRgocSx-jjjSuZiJXHuNlAhZPhmbjAOBgNVHQ8BAf8EBAMCBaAwggE1BgNVHR8EggEsMIIBKDCCASSgggEgoIIBHIZCaHR0cDovL2NybC5taWNyb3NvZnQuY29tL3BraWluZnJhL0NSTC9BTUUlMjBJTkZSQSUyMENBJTIwMDEoNCkuY3JshjRodHRwOi8vY3JsMS5hbWUuZ2JsL2NybC9BTUUlMjBJTkZSQSUyMENBJTIwMDEoNCkuY3JshjRodHRwOi8vY3JsMi5hbWUuZ2JsL2NybC9BTUUlMjBJTkZSQSUyMENBJTIwMDEoNCkuY3JshjRodHRwOi8vY3JsMy5hbWUuZ2JsL2NybC9BTUUlMjBJTkZSQSUyMENBJTIwMDEoNCkuY3JshjRodHRwOi8vY3JsNC5hbWUuZ2JsL2NybC9BTUUlMjBJTkZSQSUyMENBJTIwMDEoNCkuY3JsMIGdBgNVHSAEgZUwgZIwDAYKKwYBBAGCN3sBATBmBgorBgEEAYI3ewICMFgwVgYIKwYBBQUHAgIwSh5IADMAMwBlADAAMQA5ADIAMQAtADQAZAA2ADQALQA0AGYAOABjAC0AYQAwADUANQAtADUAYgBkAGEAZgBmAGQANQBlADMAMwBkMAwGCisGAQQBgjd7AwIwDAYKKwYBBAGCN3sEAjAfBgNVHSMEGDAWgBTl2Ztn_PjsurvwwKidileIud8-YzAdBgNVHSUEFjAUBggrBgEFBQcDAQYIKwYBBQUHAwIwDQYJKoZIhvcNAQELBQADggEBAK5mT0Rrym5x1NF2yah7nxZLo1y0madgpRkCREZyGAoW02DZD68DX6wagq4RbcOr_MAlhvWOTjVB8J52ZIsydOGq5NSpxte9Cy10m7-zSXWMn0yNE8YUToarDNRzmshQ5pEBXhjU6kSMEvqeNG8Fr3KrDZEVieQc5By_ZV8F9vtuv90XjrjiLw1qOrPVVvUFOTx-JlUR4aErF4Jldd_YA0aWCiYbvu3Bd1vWtXdnrkJSX-natlKNqGimVnj86nKEao8ktK5pKaHq6C8vbOLeNreXRy5C2fC1tgiZ00V2pHuk1qbOdhlzTDv8G0HZLm_T7_s92OBqMAwBJ1uChKnQm6M&s=u-EY5A-5UNs4LpNR530YUj5rcifdMUcDp9588xTvJggU7NcxzsadGZPvX1sd-UQ1X2qFaqos8R6QgeRcSKb5pk1go2wLp9YsPsTe0ihgqweBw-uCudbcd73dnz9WGETZOEiYnir2UqUxP4WdoNwDqGihyj1e69sZ0P4OTtP49HgCYNgeauX-2YTzITSjBG1sBhT-xKTVOQdzYJvRFuZlMm7TOwxoeBfVtxC8uOPI4FYnnbI_AYHm63G_o3gZrCuVjgudPNzhFSDgaT0OeKuoQIa_9-Rv67D-sGNgxvDjmrwtSCSGjCiu77eJKt_g1EAq0rE1Y78iLYlRCBOQOyu9Zg&h=PuwUtym_-LQsFJ211IXY0deiSFsKYSx0jrPAPBAJE9A
      pragma:
      - no-cache
      strict-transport-security:
      - max-age=31536000; includeSubDomains
      x-cache:
      - CONFIG_NOCACHE
      x-content-type-options:
      - nosniff
      x-ms-ratelimit-remaining-subscription-global-reads:
      - '16499'
      x-msedge-ref:
      - 'Ref A: 3CB63A34175A44F884DEB85C906D9610 Ref B: CO6AA3150220023 Ref C: 2025-05-23T00:01:04Z'
    status:
      code: 202
      message: Accepted
- request:
    body: null
    headers:
      Accept:
      - '*/*'
      Accept-Encoding:
      - gzip, deflate
      CommandName:
      - group delete
      Connection:
      - keep-alive
      ParameterSetName:
      - -n --yes
      User-Agent:
      - AZURECLI/2.73.0 azsdk-python-core/1.31.0 Python/3.12.10 (Windows-11-10.0.26100-SP0)
    method: GET
    uri: https://management.azure.com/subscriptions/00000000-0000-0000-0000-000000000000/operationresults/eyJqb2JJZCI6IlJFU09VUkNFR1JPVVBERUxFVElPTkpPQi1DTEk6NUZURVNUOjVGU1VCU0NSSVBUSU9OOjVGTEVWRUw6NUZERVBMT1lNRU5ULVdFU1RVUyIsImpvYkxvY2F0aW9uIjoid2VzdHVzIn0?api-version=2024-11-01&t=638835552650640286&c=MIIHpTCCBo2gAwIBAgITOgWZuFmLREgOyTdeugAEBZm4WTANBgkqhkiG9w0BAQsFADBEMRMwEQYKCZImiZPyLGQBGRYDR0JMMRMwEQYKCZImiZPyLGQBGRYDQU1FMRgwFgYDVQQDEw9BTUUgSU5GUkEgQ0EgMDEwHhcNMjUwNDE5MTQyMjI3WhcNMjUxMDE2MTQyMjI3WjBAMT4wPAYDVQQDEzVhc3luY29wZXJhdGlvbnNpZ25pbmdjZXJ0aWZpY2F0ZS5tYW5hZ2VtZW50LmF6dXJlLmNvbTCCASIwDQYJKoZIhvcNAQEBBQADggEPADCCAQoCggEBAPxDlNdj6r6H0vTzKfz228nqLQPXYSxPqEGQSSSCczQcCX3f_Xtnvc-lFdoleay-OVQlgfbWiMkGazl2q7FVj9BZUHJ3KXFg833nlMDzzIkfrA17t4t3OW-6po21aPw9TdEBtH-GReYxdd8YmK-hHhKfpllLkKKn29Z8r3ecn-VJ1URRr4gV1Dnhd8h62eio4oVWmqq_9ITkiyfphE8gKB3n-2ZGTlftv1uEX4hpgnUbyhP4GBPp9Ni0RdYmpukMEr1-GI3W5OnXgKOvoCRB0HZQKU-5u630M-76UA_GFyALd1X_xQwHcCHKvtBzX5EEcQ4AOj_B540c3Mp0HnljQsECAwEAAaOCBJIwggSOMCcGCSsGAQQBgjcVCgQaMBgwCgYIKwYBBQUHAwEwCgYIKwYBBQUHAwIwPQYJKwYBBAGCNxUHBDAwLgYmKwYBBAGCNxUIhpDjDYTVtHiE8Ys-hZvdFs6dEoFghfmRS4WsmTQCAWQCAQcwggHaBggrBgEFBQcBAQSCAcwwggHIMGYGCCsGAQUFBzAChlpodHRwOi8vY3JsLm1pY3Jvc29mdC5jb20vcGtpaW5mcmEvQ2VydHMvQlkyUEtJSU5UQ0EwMS5BTUUuR0JMX0FNRSUyMElORlJBJTIwQ0ElMjAwMSg0KS5jcnQwVgYIKwYBBQUHMAKGSmh0dHA6Ly9jcmwxLmFtZS5nYmwvYWlhL0JZMlBLSUlOVENBMDEuQU1FLkdCTF9BTUUlMjBJTkZSQSUyMENBJTIwMDEoNCkuY3J0MFYGCCsGAQUFBzAChkpodHRwOi8vY3JsMi5hbWUuZ2JsL2FpYS9CWTJQS0lJTlRDQTAxLkFNRS5HQkxfQU1FJTIwSU5GUkElMjBDQSUyMDAxKDQpLmNydDBWBggrBgEFBQcwAoZKaHR0cDovL2NybDMuYW1lLmdibC9haWEvQlkyUEtJSU5UQ0EwMS5BTUUuR0JMX0FNRSUyMElORlJBJTIwQ0ElMjAwMSg0KS5jcnQwVgYIKwYBBQUHMAKGSmh0dHA6Ly9jcmw0LmFtZS5nYmwvYWlhL0JZMlBLSUlOVENBMDEuQU1FLkdCTF9BTUUlMjBJTkZSQSUyMENBJTIwMDEoNCkuY3J0MB0GA1UdDgQWBBRgocSx-jjjSuZiJXHuNlAhZPhmbjAOBgNVHQ8BAf8EBAMCBaAwggE1BgNVHR8EggEsMIIBKDCCASSgggEgoIIBHIZCaHR0cDovL2NybC5taWNyb3NvZnQuY29tL3BraWluZnJhL0NSTC9BTUUlMjBJTkZSQSUyMENBJTIwMDEoNCkuY3JshjRodHRwOi8vY3JsMS5hbWUuZ2JsL2NybC9BTUUlMjBJTkZSQSUyMENBJTIwMDEoNCkuY3JshjRodHRwOi8vY3JsMi5hbWUuZ2JsL2NybC9BTUUlMjBJTkZSQSUyMENBJTIwMDEoNCkuY3JshjRodHRwOi8vY3JsMy5hbWUuZ2JsL2NybC9BTUUlMjBJTkZSQSUyMENBJTIwMDEoNCkuY3JshjRodHRwOi8vY3JsNC5hbWUuZ2JsL2NybC9BTUUlMjBJTkZSQSUyMENBJTIwMDEoNCkuY3JsMIGdBgNVHSAEgZUwgZIwDAYKKwYBBAGCN3sBATBmBgorBgEEAYI3ewICMFgwVgYIKwYBBQUHAgIwSh5IADMAMwBlADAAMQA5ADIAMQAtADQAZAA2ADQALQA0AGYAOABjAC0AYQAwADUANQAtADUAYgBkAGEAZgBmAGQANQBlADMAMwBkMAwGCisGAQQBgjd7AwIwDAYKKwYBBAGCN3sEAjAfBgNVHSMEGDAWgBTl2Ztn_PjsurvwwKidileIud8-YzAdBgNVHSUEFjAUBggrBgEFBQcDAQYIKwYBBQUHAwIwDQYJKoZIhvcNAQELBQADggEBAK5mT0Rrym5x1NF2yah7nxZLo1y0madgpRkCREZyGAoW02DZD68DX6wagq4RbcOr_MAlhvWOTjVB8J52ZIsydOGq5NSpxte9Cy10m7-zSXWMn0yNE8YUToarDNRzmshQ5pEBXhjU6kSMEvqeNG8Fr3KrDZEVieQc5By_ZV8F9vtuv90XjrjiLw1qOrPVVvUFOTx-JlUR4aErF4Jldd_YA0aWCiYbvu3Bd1vWtXdnrkJSX-natlKNqGimVnj86nKEao8ktK5pKaHq6C8vbOLeNreXRy5C2fC1tgiZ00V2pHuk1qbOdhlzTDv8G0HZLm_T7_s92OBqMAwBJ1uChKnQm6M&s=u-EY5A-5UNs4LpNR530YUj5rcifdMUcDp9588xTvJggU7NcxzsadGZPvX1sd-UQ1X2qFaqos8R6QgeRcSKb5pk1go2wLp9YsPsTe0ihgqweBw-uCudbcd73dnz9WGETZOEiYnir2UqUxP4WdoNwDqGihyj1e69sZ0P4OTtP49HgCYNgeauX-2YTzITSjBG1sBhT-xKTVOQdzYJvRFuZlMm7TOwxoeBfVtxC8uOPI4FYnnbI_AYHm63G_o3gZrCuVjgudPNzhFSDgaT0OeKuoQIa_9-Rv67D-sGNgxvDjmrwtSCSGjCiu77eJKt_g1EAq0rE1Y78iLYlRCBOQOyu9Zg&h=PuwUtym_-LQsFJ211IXY0deiSFsKYSx0jrPAPBAJE9A
  response:
    body:
      string: ''
    headers:
      cache-control:
      - no-cache
      content-length:
      - '0'
      date:
      - Fri, 23 May 2025 00:01:20 GMT
      expires:
      - '-1'
      location:
      - https://management.azure.com/subscriptions/00000000-0000-0000-0000-000000000000/operationresults/eyJqb2JJZCI6IlJFU09VUkNFR1JPVVBERUxFVElPTkpPQi1DTEk6NUZURVNUOjVGU1VCU0NSSVBUSU9OOjVGTEVWRUw6NUZERVBMT1lNRU5ULVdFU1RVUyIsImpvYkxvY2F0aW9uIjoid2VzdHVzIn0?api-version=2024-11-01&t=638835552806922217&c=MIIHpTCCBo2gAwIBAgITOgWZuFmLREgOyTdeugAEBZm4WTANBgkqhkiG9w0BAQsFADBEMRMwEQYKCZImiZPyLGQBGRYDR0JMMRMwEQYKCZImiZPyLGQBGRYDQU1FMRgwFgYDVQQDEw9BTUUgSU5GUkEgQ0EgMDEwHhcNMjUwNDE5MTQyMjI3WhcNMjUxMDE2MTQyMjI3WjBAMT4wPAYDVQQDEzVhc3luY29wZXJhdGlvbnNpZ25pbmdjZXJ0aWZpY2F0ZS5tYW5hZ2VtZW50LmF6dXJlLmNvbTCCASIwDQYJKoZIhvcNAQEBBQADggEPADCCAQoCggEBAPxDlNdj6r6H0vTzKfz228nqLQPXYSxPqEGQSSSCczQcCX3f_Xtnvc-lFdoleay-OVQlgfbWiMkGazl2q7FVj9BZUHJ3KXFg833nlMDzzIkfrA17t4t3OW-6po21aPw9TdEBtH-GReYxdd8YmK-hHhKfpllLkKKn29Z8r3ecn-VJ1URRr4gV1Dnhd8h62eio4oVWmqq_9ITkiyfphE8gKB3n-2ZGTlftv1uEX4hpgnUbyhP4GBPp9Ni0RdYmpukMEr1-GI3W5OnXgKOvoCRB0HZQKU-5u630M-76UA_GFyALd1X_xQwHcCHKvtBzX5EEcQ4AOj_B540c3Mp0HnljQsECAwEAAaOCBJIwggSOMCcGCSsGAQQBgjcVCgQaMBgwCgYIKwYBBQUHAwEwCgYIKwYBBQUHAwIwPQYJKwYBBAGCNxUHBDAwLgYmKwYBBAGCNxUIhpDjDYTVtHiE8Ys-hZvdFs6dEoFghfmRS4WsmTQCAWQCAQcwggHaBggrBgEFBQcBAQSCAcwwggHIMGYGCCsGAQUFBzAChlpodHRwOi8vY3JsLm1pY3Jvc29mdC5jb20vcGtpaW5mcmEvQ2VydHMvQlkyUEtJSU5UQ0EwMS5BTUUuR0JMX0FNRSUyMElORlJBJTIwQ0ElMjAwMSg0KS5jcnQwVgYIKwYBBQUHMAKGSmh0dHA6Ly9jcmwxLmFtZS5nYmwvYWlhL0JZMlBLSUlOVENBMDEuQU1FLkdCTF9BTUUlMjBJTkZSQSUyMENBJTIwMDEoNCkuY3J0MFYGCCsGAQUFBzAChkpodHRwOi8vY3JsMi5hbWUuZ2JsL2FpYS9CWTJQS0lJTlRDQTAxLkFNRS5HQkxfQU1FJTIwSU5GUkElMjBDQSUyMDAxKDQpLmNydDBWBggrBgEFBQcwAoZKaHR0cDovL2NybDMuYW1lLmdibC9haWEvQlkyUEtJSU5UQ0EwMS5BTUUuR0JMX0FNRSUyMElORlJBJTIwQ0ElMjAwMSg0KS5jcnQwVgYIKwYBBQUHMAKGSmh0dHA6Ly9jcmw0LmFtZS5nYmwvYWlhL0JZMlBLSUlOVENBMDEuQU1FLkdCTF9BTUUlMjBJTkZSQSUyMENBJTIwMDEoNCkuY3J0MB0GA1UdDgQWBBRgocSx-jjjSuZiJXHuNlAhZPhmbjAOBgNVHQ8BAf8EBAMCBaAwggE1BgNVHR8EggEsMIIBKDCCASSgggEgoIIBHIZCaHR0cDovL2NybC5taWNyb3NvZnQuY29tL3BraWluZnJhL0NSTC9BTUUlMjBJTkZSQSUyMENBJTIwMDEoNCkuY3JshjRodHRwOi8vY3JsMS5hbWUuZ2JsL2NybC9BTUUlMjBJTkZSQSUyMENBJTIwMDEoNCkuY3JshjRodHRwOi8vY3JsMi5hbWUuZ2JsL2NybC9BTUUlMjBJTkZSQSUyMENBJTIwMDEoNCkuY3JshjRodHRwOi8vY3JsMy5hbWUuZ2JsL2NybC9BTUUlMjBJTkZSQSUyMENBJTIwMDEoNCkuY3JshjRodHRwOi8vY3JsNC5hbWUuZ2JsL2NybC9BTUUlMjBJTkZSQSUyMENBJTIwMDEoNCkuY3JsMIGdBgNVHSAEgZUwgZIwDAYKKwYBBAGCN3sBATBmBgorBgEEAYI3ewICMFgwVgYIKwYBBQUHAgIwSh5IADMAMwBlADAAMQA5ADIAMQAtADQAZAA2ADQALQA0AGYAOABjAC0AYQAwADUANQAtADUAYgBkAGEAZgBmAGQANQBlADMAMwBkMAwGCisGAQQBgjd7AwIwDAYKKwYBBAGCN3sEAjAfBgNVHSMEGDAWgBTl2Ztn_PjsurvwwKidileIud8-YzAdBgNVHSUEFjAUBggrBgEFBQcDAQYIKwYBBQUHAwIwDQYJKoZIhvcNAQELBQADggEBAK5mT0Rrym5x1NF2yah7nxZLo1y0madgpRkCREZyGAoW02DZD68DX6wagq4RbcOr_MAlhvWOTjVB8J52ZIsydOGq5NSpxte9Cy10m7-zSXWMn0yNE8YUToarDNRzmshQ5pEBXhjU6kSMEvqeNG8Fr3KrDZEVieQc5By_ZV8F9vtuv90XjrjiLw1qOrPVVvUFOTx-JlUR4aErF4Jldd_YA0aWCiYbvu3Bd1vWtXdnrkJSX-natlKNqGimVnj86nKEao8ktK5pKaHq6C8vbOLeNreXRy5C2fC1tgiZ00V2pHuk1qbOdhlzTDv8G0HZLm_T7_s92OBqMAwBJ1uChKnQm6M&s=02Dji9JhdYJ1DTDJQgclLdsIK9n4ogFC1sDGLz_VNXQcHNasanbGQnoyJNoFH2NcbutsAONpM_TaBEUNNwVJxtNrdJBL5GzievSv-cQbvOpkformYIKGALlQkSgmCbcOjUsHExYfgEDwBi6Wr91kksshDM0E-KY1dqlrYYDEeU3aT1xe9SMvzCmvF5EABvbdpZJo_i3rJHLTBmUFArFSEmGZdHAknOSYqZhRI0KHn4qX6FKG_Kr6tgsjq0d9vYCCgwSDDhNhJd_yyLfpCJO6LEO4fcn6HGlC2H3YglybYepeHut4YeVVVY37RunBFkuw9td1B8TETFe9qHgeAyJDlw&h=nVpNAjHa4vHPzXgrhBmsuHD3I0zzzaLff2xqjX6tMYI
      pragma:
      - no-cache
      strict-transport-security:
      - max-age=31536000; includeSubDomains
      x-cache:
      - CONFIG_NOCACHE
      x-content-type-options:
      - nosniff
      x-ms-ratelimit-remaining-subscription-global-reads:
      - '16499'
      x-msedge-ref:
      - 'Ref A: 95A7B8EE290A4EE1A2FA3D8D844C86F5 Ref B: CO6AA3150220023 Ref C: 2025-05-23T00:01:20Z'
    status:
      code: 202
      message: Accepted
- request:
    body: null
    headers:
      Accept:
      - '*/*'
      Accept-Encoding:
      - gzip, deflate
      CommandName:
      - group delete
      Connection:
      - keep-alive
      ParameterSetName:
      - -n --yes
      User-Agent:
      - AZURECLI/2.73.0 azsdk-python-core/1.31.0 Python/3.12.10 (Windows-11-10.0.26100-SP0)
    method: GET
    uri: https://management.azure.com/subscriptions/00000000-0000-0000-0000-000000000000/operationresults/eyJqb2JJZCI6IlJFU09VUkNFR1JPVVBERUxFVElPTkpPQi1DTEk6NUZURVNUOjVGU1VCU0NSSVBUSU9OOjVGTEVWRUw6NUZERVBMT1lNRU5ULVdFU1RVUyIsImpvYkxvY2F0aW9uIjoid2VzdHVzIn0?api-version=2024-11-01&t=638835552806922217&c=MIIHpTCCBo2gAwIBAgITOgWZuFmLREgOyTdeugAEBZm4WTANBgkqhkiG9w0BAQsFADBEMRMwEQYKCZImiZPyLGQBGRYDR0JMMRMwEQYKCZImiZPyLGQBGRYDQU1FMRgwFgYDVQQDEw9BTUUgSU5GUkEgQ0EgMDEwHhcNMjUwNDE5MTQyMjI3WhcNMjUxMDE2MTQyMjI3WjBAMT4wPAYDVQQDEzVhc3luY29wZXJhdGlvbnNpZ25pbmdjZXJ0aWZpY2F0ZS5tYW5hZ2VtZW50LmF6dXJlLmNvbTCCASIwDQYJKoZIhvcNAQEBBQADggEPADCCAQoCggEBAPxDlNdj6r6H0vTzKfz228nqLQPXYSxPqEGQSSSCczQcCX3f_Xtnvc-lFdoleay-OVQlgfbWiMkGazl2q7FVj9BZUHJ3KXFg833nlMDzzIkfrA17t4t3OW-6po21aPw9TdEBtH-GReYxdd8YmK-hHhKfpllLkKKn29Z8r3ecn-VJ1URRr4gV1Dnhd8h62eio4oVWmqq_9ITkiyfphE8gKB3n-2ZGTlftv1uEX4hpgnUbyhP4GBPp9Ni0RdYmpukMEr1-GI3W5OnXgKOvoCRB0HZQKU-5u630M-76UA_GFyALd1X_xQwHcCHKvtBzX5EEcQ4AOj_B540c3Mp0HnljQsECAwEAAaOCBJIwggSOMCcGCSsGAQQBgjcVCgQaMBgwCgYIKwYBBQUHAwEwCgYIKwYBBQUHAwIwPQYJKwYBBAGCNxUHBDAwLgYmKwYBBAGCNxUIhpDjDYTVtHiE8Ys-hZvdFs6dEoFghfmRS4WsmTQCAWQCAQcwggHaBggrBgEFBQcBAQSCAcwwggHIMGYGCCsGAQUFBzAChlpodHRwOi8vY3JsLm1pY3Jvc29mdC5jb20vcGtpaW5mcmEvQ2VydHMvQlkyUEtJSU5UQ0EwMS5BTUUuR0JMX0FNRSUyMElORlJBJTIwQ0ElMjAwMSg0KS5jcnQwVgYIKwYBBQUHMAKGSmh0dHA6Ly9jcmwxLmFtZS5nYmwvYWlhL0JZMlBLSUlOVENBMDEuQU1FLkdCTF9BTUUlMjBJTkZSQSUyMENBJTIwMDEoNCkuY3J0MFYGCCsGAQUFBzAChkpodHRwOi8vY3JsMi5hbWUuZ2JsL2FpYS9CWTJQS0lJTlRDQTAxLkFNRS5HQkxfQU1FJTIwSU5GUkElMjBDQSUyMDAxKDQpLmNydDBWBggrBgEFBQcwAoZKaHR0cDovL2NybDMuYW1lLmdibC9haWEvQlkyUEtJSU5UQ0EwMS5BTUUuR0JMX0FNRSUyMElORlJBJTIwQ0ElMjAwMSg0KS5jcnQwVgYIKwYBBQUHMAKGSmh0dHA6Ly9jcmw0LmFtZS5nYmwvYWlhL0JZMlBLSUlOVENBMDEuQU1FLkdCTF9BTUUlMjBJTkZSQSUyMENBJTIwMDEoNCkuY3J0MB0GA1UdDgQWBBRgocSx-jjjSuZiJXHuNlAhZPhmbjAOBgNVHQ8BAf8EBAMCBaAwggE1BgNVHR8EggEsMIIBKDCCASSgggEgoIIBHIZCaHR0cDovL2NybC5taWNyb3NvZnQuY29tL3BraWluZnJhL0NSTC9BTUUlMjBJTkZSQSUyMENBJTIwMDEoNCkuY3JshjRodHRwOi8vY3JsMS5hbWUuZ2JsL2NybC9BTUUlMjBJTkZSQSUyMENBJTIwMDEoNCkuY3JshjRodHRwOi8vY3JsMi5hbWUuZ2JsL2NybC9BTUUlMjBJTkZSQSUyMENBJTIwMDEoNCkuY3JshjRodHRwOi8vY3JsMy5hbWUuZ2JsL2NybC9BTUUlMjBJTkZSQSUyMENBJTIwMDEoNCkuY3JshjRodHRwOi8vY3JsNC5hbWUuZ2JsL2NybC9BTUUlMjBJTkZSQSUyMENBJTIwMDEoNCkuY3JsMIGdBgNVHSAEgZUwgZIwDAYKKwYBBAGCN3sBATBmBgorBgEEAYI3ewICMFgwVgYIKwYBBQUHAgIwSh5IADMAMwBlADAAMQA5ADIAMQAtADQAZAA2ADQALQA0AGYAOABjAC0AYQAwADUANQAtADUAYgBkAGEAZgBmAGQANQBlADMAMwBkMAwGCisGAQQBgjd7AwIwDAYKKwYBBAGCN3sEAjAfBgNVHSMEGDAWgBTl2Ztn_PjsurvwwKidileIud8-YzAdBgNVHSUEFjAUBggrBgEFBQcDAQYIKwYBBQUHAwIwDQYJKoZIhvcNAQELBQADggEBAK5mT0Rrym5x1NF2yah7nxZLo1y0madgpRkCREZyGAoW02DZD68DX6wagq4RbcOr_MAlhvWOTjVB8J52ZIsydOGq5NSpxte9Cy10m7-zSXWMn0yNE8YUToarDNRzmshQ5pEBXhjU6kSMEvqeNG8Fr3KrDZEVieQc5By_ZV8F9vtuv90XjrjiLw1qOrPVVvUFOTx-JlUR4aErF4Jldd_YA0aWCiYbvu3Bd1vWtXdnrkJSX-natlKNqGimVnj86nKEao8ktK5pKaHq6C8vbOLeNreXRy5C2fC1tgiZ00V2pHuk1qbOdhlzTDv8G0HZLm_T7_s92OBqMAwBJ1uChKnQm6M&s=02Dji9JhdYJ1DTDJQgclLdsIK9n4ogFC1sDGLz_VNXQcHNasanbGQnoyJNoFH2NcbutsAONpM_TaBEUNNwVJxtNrdJBL5GzievSv-cQbvOpkformYIKGALlQkSgmCbcOjUsHExYfgEDwBi6Wr91kksshDM0E-KY1dqlrYYDEeU3aT1xe9SMvzCmvF5EABvbdpZJo_i3rJHLTBmUFArFSEmGZdHAknOSYqZhRI0KHn4qX6FKG_Kr6tgsjq0d9vYCCgwSDDhNhJd_yyLfpCJO6LEO4fcn6HGlC2H3YglybYepeHut4YeVVVY37RunBFkuw9td1B8TETFe9qHgeAyJDlw&h=nVpNAjHa4vHPzXgrhBmsuHD3I0zzzaLff2xqjX6tMYI
  response:
    body:
      string: ''
    headers:
      cache-control:
      - no-cache
      content-length:
      - '0'
      date:
      - Fri, 23 May 2025 00:01:35 GMT
      expires:
      - '-1'
      location:
      - https://management.azure.com/subscriptions/00000000-0000-0000-0000-000000000000/operationresults/eyJqb2JJZCI6IlJFU09VUkNFR1JPVVBERUxFVElPTkpPQi1DTEk6NUZURVNUOjVGU1VCU0NSSVBUSU9OOjVGTEVWRUw6NUZERVBMT1lNRU5ULVdFU1RVUyIsImpvYkxvY2F0aW9uIjoid2VzdHVzIn0?api-version=2024-11-01&t=638835552962434268&c=MIIHpTCCBo2gAwIBAgITOgWZuFmLREgOyTdeugAEBZm4WTANBgkqhkiG9w0BAQsFADBEMRMwEQYKCZImiZPyLGQBGRYDR0JMMRMwEQYKCZImiZPyLGQBGRYDQU1FMRgwFgYDVQQDEw9BTUUgSU5GUkEgQ0EgMDEwHhcNMjUwNDE5MTQyMjI3WhcNMjUxMDE2MTQyMjI3WjBAMT4wPAYDVQQDEzVhc3luY29wZXJhdGlvbnNpZ25pbmdjZXJ0aWZpY2F0ZS5tYW5hZ2VtZW50LmF6dXJlLmNvbTCCASIwDQYJKoZIhvcNAQEBBQADggEPADCCAQoCggEBAPxDlNdj6r6H0vTzKfz228nqLQPXYSxPqEGQSSSCczQcCX3f_Xtnvc-lFdoleay-OVQlgfbWiMkGazl2q7FVj9BZUHJ3KXFg833nlMDzzIkfrA17t4t3OW-6po21aPw9TdEBtH-GReYxdd8YmK-hHhKfpllLkKKn29Z8r3ecn-VJ1URRr4gV1Dnhd8h62eio4oVWmqq_9ITkiyfphE8gKB3n-2ZGTlftv1uEX4hpgnUbyhP4GBPp9Ni0RdYmpukMEr1-GI3W5OnXgKOvoCRB0HZQKU-5u630M-76UA_GFyALd1X_xQwHcCHKvtBzX5EEcQ4AOj_B540c3Mp0HnljQsECAwEAAaOCBJIwggSOMCcGCSsGAQQBgjcVCgQaMBgwCgYIKwYBBQUHAwEwCgYIKwYBBQUHAwIwPQYJKwYBBAGCNxUHBDAwLgYmKwYBBAGCNxUIhpDjDYTVtHiE8Ys-hZvdFs6dEoFghfmRS4WsmTQCAWQCAQcwggHaBggrBgEFBQcBAQSCAcwwggHIMGYGCCsGAQUFBzAChlpodHRwOi8vY3JsLm1pY3Jvc29mdC5jb20vcGtpaW5mcmEvQ2VydHMvQlkyUEtJSU5UQ0EwMS5BTUUuR0JMX0FNRSUyMElORlJBJTIwQ0ElMjAwMSg0KS5jcnQwVgYIKwYBBQUHMAKGSmh0dHA6Ly9jcmwxLmFtZS5nYmwvYWlhL0JZMlBLSUlOVENBMDEuQU1FLkdCTF9BTUUlMjBJTkZSQSUyMENBJTIwMDEoNCkuY3J0MFYGCCsGAQUFBzAChkpodHRwOi8vY3JsMi5hbWUuZ2JsL2FpYS9CWTJQS0lJTlRDQTAxLkFNRS5HQkxfQU1FJTIwSU5GUkElMjBDQSUyMDAxKDQpLmNydDBWBggrBgEFBQcwAoZKaHR0cDovL2NybDMuYW1lLmdibC9haWEvQlkyUEtJSU5UQ0EwMS5BTUUuR0JMX0FNRSUyMElORlJBJTIwQ0ElMjAwMSg0KS5jcnQwVgYIKwYBBQUHMAKGSmh0dHA6Ly9jcmw0LmFtZS5nYmwvYWlhL0JZMlBLSUlOVENBMDEuQU1FLkdCTF9BTUUlMjBJTkZSQSUyMENBJTIwMDEoNCkuY3J0MB0GA1UdDgQWBBRgocSx-jjjSuZiJXHuNlAhZPhmbjAOBgNVHQ8BAf8EBAMCBaAwggE1BgNVHR8EggEsMIIBKDCCASSgggEgoIIBHIZCaHR0cDovL2NybC5taWNyb3NvZnQuY29tL3BraWluZnJhL0NSTC9BTUUlMjBJTkZSQSUyMENBJTIwMDEoNCkuY3JshjRodHRwOi8vY3JsMS5hbWUuZ2JsL2NybC9BTUUlMjBJTkZSQSUyMENBJTIwMDEoNCkuY3JshjRodHRwOi8vY3JsMi5hbWUuZ2JsL2NybC9BTUUlMjBJTkZSQSUyMENBJTIwMDEoNCkuY3JshjRodHRwOi8vY3JsMy5hbWUuZ2JsL2NybC9BTUUlMjBJTkZSQSUyMENBJTIwMDEoNCkuY3JshjRodHRwOi8vY3JsNC5hbWUuZ2JsL2NybC9BTUUlMjBJTkZSQSUyMENBJTIwMDEoNCkuY3JsMIGdBgNVHSAEgZUwgZIwDAYKKwYBBAGCN3sBATBmBgorBgEEAYI3ewICMFgwVgYIKwYBBQUHAgIwSh5IADMAMwBlADAAMQA5ADIAMQAtADQAZAA2ADQALQA0AGYAOABjAC0AYQAwADUANQAtADUAYgBkAGEAZgBmAGQANQBlADMAMwBkMAwGCisGAQQBgjd7AwIwDAYKKwYBBAGCN3sEAjAfBgNVHSMEGDAWgBTl2Ztn_PjsurvwwKidileIud8-YzAdBgNVHSUEFjAUBggrBgEFBQcDAQYIKwYBBQUHAwIwDQYJKoZIhvcNAQELBQADggEBAK5mT0Rrym5x1NF2yah7nxZLo1y0madgpRkCREZyGAoW02DZD68DX6wagq4RbcOr_MAlhvWOTjVB8J52ZIsydOGq5NSpxte9Cy10m7-zSXWMn0yNE8YUToarDNRzmshQ5pEBXhjU6kSMEvqeNG8Fr3KrDZEVieQc5By_ZV8F9vtuv90XjrjiLw1qOrPVVvUFOTx-JlUR4aErF4Jldd_YA0aWCiYbvu3Bd1vWtXdnrkJSX-natlKNqGimVnj86nKEao8ktK5pKaHq6C8vbOLeNreXRy5C2fC1tgiZ00V2pHuk1qbOdhlzTDv8G0HZLm_T7_s92OBqMAwBJ1uChKnQm6M&s=lLh4RqxJvN5ZqnMp7BuLP4JkYZ9pDIonwqBovqZ8RnA_S1EDJUOfcssPqc_pAcXwtvtkirO2mK1AKMc5JHS3nzpZa__DTu2UWtmKyL-cFqDe_TIPRUwlheXn0aaH-yQmPkvgxc3bixOAVJgFo2RRRSCWzD68Y8jUjniARq7YebsCWwGyeYCrDdmpbk4ISFQPiwgUO0KFMs2JsrHin27ehaOsoZxt1zC0M0f7qwKp7v_KjsV32ONofwwN40keBSDznG1T4d8jN_XJtNdoS4LvrH913JVf23JiRyGcSjar1HalD4YhC7iduBnBMUoBnArn9Pc02ooTJP_Lm5P-nKpY2g&h=XU-Gc-dsskQ0ANm2wDaXdQig8Qtz9PLUdkaCl0Xafvw
      pragma:
      - no-cache
      strict-transport-security:
      - max-age=31536000; includeSubDomains
      x-cache:
      - CONFIG_NOCACHE
      x-content-type-options:
      - nosniff
      x-ms-ratelimit-remaining-subscription-global-reads:
      - '16499'
      x-msedge-ref:
      - 'Ref A: D3E310EE82BB445994EA9EAEE817E424 Ref B: CO6AA3150220023 Ref C: 2025-05-23T00:01:36Z'
    status:
      code: 202
      message: Accepted
- request:
    body: null
    headers:
      Accept:
      - '*/*'
      Accept-Encoding:
      - gzip, deflate
      CommandName:
      - group delete
      Connection:
      - keep-alive
      ParameterSetName:
      - -n --yes
      User-Agent:
      - AZURECLI/2.73.0 azsdk-python-core/1.31.0 Python/3.12.10 (Windows-11-10.0.26100-SP0)
    method: GET
    uri: https://management.azure.com/subscriptions/00000000-0000-0000-0000-000000000000/operationresults/eyJqb2JJZCI6IlJFU09VUkNFR1JPVVBERUxFVElPTkpPQi1DTEk6NUZURVNUOjVGU1VCU0NSSVBUSU9OOjVGTEVWRUw6NUZERVBMT1lNRU5ULVdFU1RVUyIsImpvYkxvY2F0aW9uIjoid2VzdHVzIn0?api-version=2024-11-01&t=638835552962434268&c=MIIHpTCCBo2gAwIBAgITOgWZuFmLREgOyTdeugAEBZm4WTANBgkqhkiG9w0BAQsFADBEMRMwEQYKCZImiZPyLGQBGRYDR0JMMRMwEQYKCZImiZPyLGQBGRYDQU1FMRgwFgYDVQQDEw9BTUUgSU5GUkEgQ0EgMDEwHhcNMjUwNDE5MTQyMjI3WhcNMjUxMDE2MTQyMjI3WjBAMT4wPAYDVQQDEzVhc3luY29wZXJhdGlvbnNpZ25pbmdjZXJ0aWZpY2F0ZS5tYW5hZ2VtZW50LmF6dXJlLmNvbTCCASIwDQYJKoZIhvcNAQEBBQADggEPADCCAQoCggEBAPxDlNdj6r6H0vTzKfz228nqLQPXYSxPqEGQSSSCczQcCX3f_Xtnvc-lFdoleay-OVQlgfbWiMkGazl2q7FVj9BZUHJ3KXFg833nlMDzzIkfrA17t4t3OW-6po21aPw9TdEBtH-GReYxdd8YmK-hHhKfpllLkKKn29Z8r3ecn-VJ1URRr4gV1Dnhd8h62eio4oVWmqq_9ITkiyfphE8gKB3n-2ZGTlftv1uEX4hpgnUbyhP4GBPp9Ni0RdYmpukMEr1-GI3W5OnXgKOvoCRB0HZQKU-5u630M-76UA_GFyALd1X_xQwHcCHKvtBzX5EEcQ4AOj_B540c3Mp0HnljQsECAwEAAaOCBJIwggSOMCcGCSsGAQQBgjcVCgQaMBgwCgYIKwYBBQUHAwEwCgYIKwYBBQUHAwIwPQYJKwYBBAGCNxUHBDAwLgYmKwYBBAGCNxUIhpDjDYTVtHiE8Ys-hZvdFs6dEoFghfmRS4WsmTQCAWQCAQcwggHaBggrBgEFBQcBAQSCAcwwggHIMGYGCCsGAQUFBzAChlpodHRwOi8vY3JsLm1pY3Jvc29mdC5jb20vcGtpaW5mcmEvQ2VydHMvQlkyUEtJSU5UQ0EwMS5BTUUuR0JMX0FNRSUyMElORlJBJTIwQ0ElMjAwMSg0KS5jcnQwVgYIKwYBBQUHMAKGSmh0dHA6Ly9jcmwxLmFtZS5nYmwvYWlhL0JZMlBLSUlOVENBMDEuQU1FLkdCTF9BTUUlMjBJTkZSQSUyMENBJTIwMDEoNCkuY3J0MFYGCCsGAQUFBzAChkpodHRwOi8vY3JsMi5hbWUuZ2JsL2FpYS9CWTJQS0lJTlRDQTAxLkFNRS5HQkxfQU1FJTIwSU5GUkElMjBDQSUyMDAxKDQpLmNydDBWBggrBgEFBQcwAoZKaHR0cDovL2NybDMuYW1lLmdibC9haWEvQlkyUEtJSU5UQ0EwMS5BTUUuR0JMX0FNRSUyMElORlJBJTIwQ0ElMjAwMSg0KS5jcnQwVgYIKwYBBQUHMAKGSmh0dHA6Ly9jcmw0LmFtZS5nYmwvYWlhL0JZMlBLSUlOVENBMDEuQU1FLkdCTF9BTUUlMjBJTkZSQSUyMENBJTIwMDEoNCkuY3J0MB0GA1UdDgQWBBRgocSx-jjjSuZiJXHuNlAhZPhmbjAOBgNVHQ8BAf8EBAMCBaAwggE1BgNVHR8EggEsMIIBKDCCASSgggEgoIIBHIZCaHR0cDovL2NybC5taWNyb3NvZnQuY29tL3BraWluZnJhL0NSTC9BTUUlMjBJTkZSQSUyMENBJTIwMDEoNCkuY3JshjRodHRwOi8vY3JsMS5hbWUuZ2JsL2NybC9BTUUlMjBJTkZSQSUyMENBJTIwMDEoNCkuY3JshjRodHRwOi8vY3JsMi5hbWUuZ2JsL2NybC9BTUUlMjBJTkZSQSUyMENBJTIwMDEoNCkuY3JshjRodHRwOi8vY3JsMy5hbWUuZ2JsL2NybC9BTUUlMjBJTkZSQSUyMENBJTIwMDEoNCkuY3JshjRodHRwOi8vY3JsNC5hbWUuZ2JsL2NybC9BTUUlMjBJTkZSQSUyMENBJTIwMDEoNCkuY3JsMIGdBgNVHSAEgZUwgZIwDAYKKwYBBAGCN3sBATBmBgorBgEEAYI3ewICMFgwVgYIKwYBBQUHAgIwSh5IADMAMwBlADAAMQA5ADIAMQAtADQAZAA2ADQALQA0AGYAOABjAC0AYQAwADUANQAtADUAYgBkAGEAZgBmAGQANQBlADMAMwBkMAwGCisGAQQBgjd7AwIwDAYKKwYBBAGCN3sEAjAfBgNVHSMEGDAWgBTl2Ztn_PjsurvwwKidileIud8-YzAdBgNVHSUEFjAUBggrBgEFBQcDAQYIKwYBBQUHAwIwDQYJKoZIhvcNAQELBQADggEBAK5mT0Rrym5x1NF2yah7nxZLo1y0madgpRkCREZyGAoW02DZD68DX6wagq4RbcOr_MAlhvWOTjVB8J52ZIsydOGq5NSpxte9Cy10m7-zSXWMn0yNE8YUToarDNRzmshQ5pEBXhjU6kSMEvqeNG8Fr3KrDZEVieQc5By_ZV8F9vtuv90XjrjiLw1qOrPVVvUFOTx-JlUR4aErF4Jldd_YA0aWCiYbvu3Bd1vWtXdnrkJSX-natlKNqGimVnj86nKEao8ktK5pKaHq6C8vbOLeNreXRy5C2fC1tgiZ00V2pHuk1qbOdhlzTDv8G0HZLm_T7_s92OBqMAwBJ1uChKnQm6M&s=lLh4RqxJvN5ZqnMp7BuLP4JkYZ9pDIonwqBovqZ8RnA_S1EDJUOfcssPqc_pAcXwtvtkirO2mK1AKMc5JHS3nzpZa__DTu2UWtmKyL-cFqDe_TIPRUwlheXn0aaH-yQmPkvgxc3bixOAVJgFo2RRRSCWzD68Y8jUjniARq7YebsCWwGyeYCrDdmpbk4ISFQPiwgUO0KFMs2JsrHin27ehaOsoZxt1zC0M0f7qwKp7v_KjsV32ONofwwN40keBSDznG1T4d8jN_XJtNdoS4LvrH913JVf23JiRyGcSjar1HalD4YhC7iduBnBMUoBnArn9Pc02ooTJP_Lm5P-nKpY2g&h=XU-Gc-dsskQ0ANm2wDaXdQig8Qtz9PLUdkaCl0Xafvw
  response:
    body:
      string: ''
    headers:
      cache-control:
      - no-cache
      content-length:
      - '0'
      date:
      - Fri, 23 May 2025 00:01:51 GMT
      expires:
      - '-1'
      location:
      - https://management.azure.com/subscriptions/00000000-0000-0000-0000-000000000000/operationresults/eyJqb2JJZCI6IlJFU09VUkNFR1JPVVBERUxFVElPTkpPQi1DTEk6NUZURVNUOjVGU1VCU0NSSVBUSU9OOjVGTEVWRUw6NUZERVBMT1lNRU5ULVdFU1RVUyIsImpvYkxvY2F0aW9uIjoid2VzdHVzIn0?api-version=2024-11-01&t=638835553118056242&c=MIIHpTCCBo2gAwIBAgITOgWZuFmLREgOyTdeugAEBZm4WTANBgkqhkiG9w0BAQsFADBEMRMwEQYKCZImiZPyLGQBGRYDR0JMMRMwEQYKCZImiZPyLGQBGRYDQU1FMRgwFgYDVQQDEw9BTUUgSU5GUkEgQ0EgMDEwHhcNMjUwNDE5MTQyMjI3WhcNMjUxMDE2MTQyMjI3WjBAMT4wPAYDVQQDEzVhc3luY29wZXJhdGlvbnNpZ25pbmdjZXJ0aWZpY2F0ZS5tYW5hZ2VtZW50LmF6dXJlLmNvbTCCASIwDQYJKoZIhvcNAQEBBQADggEPADCCAQoCggEBAPxDlNdj6r6H0vTzKfz228nqLQPXYSxPqEGQSSSCczQcCX3f_Xtnvc-lFdoleay-OVQlgfbWiMkGazl2q7FVj9BZUHJ3KXFg833nlMDzzIkfrA17t4t3OW-6po21aPw9TdEBtH-GReYxdd8YmK-hHhKfpllLkKKn29Z8r3ecn-VJ1URRr4gV1Dnhd8h62eio4oVWmqq_9ITkiyfphE8gKB3n-2ZGTlftv1uEX4hpgnUbyhP4GBPp9Ni0RdYmpukMEr1-GI3W5OnXgKOvoCRB0HZQKU-5u630M-76UA_GFyALd1X_xQwHcCHKvtBzX5EEcQ4AOj_B540c3Mp0HnljQsECAwEAAaOCBJIwggSOMCcGCSsGAQQBgjcVCgQaMBgwCgYIKwYBBQUHAwEwCgYIKwYBBQUHAwIwPQYJKwYBBAGCNxUHBDAwLgYmKwYBBAGCNxUIhpDjDYTVtHiE8Ys-hZvdFs6dEoFghfmRS4WsmTQCAWQCAQcwggHaBggrBgEFBQcBAQSCAcwwggHIMGYGCCsGAQUFBzAChlpodHRwOi8vY3JsLm1pY3Jvc29mdC5jb20vcGtpaW5mcmEvQ2VydHMvQlkyUEtJSU5UQ0EwMS5BTUUuR0JMX0FNRSUyMElORlJBJTIwQ0ElMjAwMSg0KS5jcnQwVgYIKwYBBQUHMAKGSmh0dHA6Ly9jcmwxLmFtZS5nYmwvYWlhL0JZMlBLSUlOVENBMDEuQU1FLkdCTF9BTUUlMjBJTkZSQSUyMENBJTIwMDEoNCkuY3J0MFYGCCsGAQUFBzAChkpodHRwOi8vY3JsMi5hbWUuZ2JsL2FpYS9CWTJQS0lJTlRDQTAxLkFNRS5HQkxfQU1FJTIwSU5GUkElMjBDQSUyMDAxKDQpLmNydDBWBggrBgEFBQcwAoZKaHR0cDovL2NybDMuYW1lLmdibC9haWEvQlkyUEtJSU5UQ0EwMS5BTUUuR0JMX0FNRSUyMElORlJBJTIwQ0ElMjAwMSg0KS5jcnQwVgYIKwYBBQUHMAKGSmh0dHA6Ly9jcmw0LmFtZS5nYmwvYWlhL0JZMlBLSUlOVENBMDEuQU1FLkdCTF9BTUUlMjBJTkZSQSUyMENBJTIwMDEoNCkuY3J0MB0GA1UdDgQWBBRgocSx-jjjSuZiJXHuNlAhZPhmbjAOBgNVHQ8BAf8EBAMCBaAwggE1BgNVHR8EggEsMIIBKDCCASSgggEgoIIBHIZCaHR0cDovL2NybC5taWNyb3NvZnQuY29tL3BraWluZnJhL0NSTC9BTUUlMjBJTkZSQSUyMENBJTIwMDEoNCkuY3JshjRodHRwOi8vY3JsMS5hbWUuZ2JsL2NybC9BTUUlMjBJTkZSQSUyMENBJTIwMDEoNCkuY3JshjRodHRwOi8vY3JsMi5hbWUuZ2JsL2NybC9BTUUlMjBJTkZSQSUyMENBJTIwMDEoNCkuY3JshjRodHRwOi8vY3JsMy5hbWUuZ2JsL2NybC9BTUUlMjBJTkZSQSUyMENBJTIwMDEoNCkuY3JshjRodHRwOi8vY3JsNC5hbWUuZ2JsL2NybC9BTUUlMjBJTkZSQSUyMENBJTIwMDEoNCkuY3JsMIGdBgNVHSAEgZUwgZIwDAYKKwYBBAGCN3sBATBmBgorBgEEAYI3ewICMFgwVgYIKwYBBQUHAgIwSh5IADMAMwBlADAAMQA5ADIAMQAtADQAZAA2ADQALQA0AGYAOABjAC0AYQAwADUANQAtADUAYgBkAGEAZgBmAGQANQBlADMAMwBkMAwGCisGAQQBgjd7AwIwDAYKKwYBBAGCN3sEAjAfBgNVHSMEGDAWgBTl2Ztn_PjsurvwwKidileIud8-YzAdBgNVHSUEFjAUBggrBgEFBQcDAQYIKwYBBQUHAwIwDQYJKoZIhvcNAQELBQADggEBAK5mT0Rrym5x1NF2yah7nxZLo1y0madgpRkCREZyGAoW02DZD68DX6wagq4RbcOr_MAlhvWOTjVB8J52ZIsydOGq5NSpxte9Cy10m7-zSXWMn0yNE8YUToarDNRzmshQ5pEBXhjU6kSMEvqeNG8Fr3KrDZEVieQc5By_ZV8F9vtuv90XjrjiLw1qOrPVVvUFOTx-JlUR4aErF4Jldd_YA0aWCiYbvu3Bd1vWtXdnrkJSX-natlKNqGimVnj86nKEao8ktK5pKaHq6C8vbOLeNreXRy5C2fC1tgiZ00V2pHuk1qbOdhlzTDv8G0HZLm_T7_s92OBqMAwBJ1uChKnQm6M&s=y9FZcYgYaZyGEXePXQL8GE6pVCaHpMpJ76oRaaMPONyShyW2axX8I-gLOoptAE0ZedtUfkGsGBiQkZCrj22QwiFgtaH2F57WDp7J-RUrCkr6VMaI6vk6WjmaKKggk-NhobBhQMo4C2rPw34YdWD3thtoCbDkoVErvSz90wD-5lX9FrTTBU0nM-Dg_fnCWTEIpRid9hBEOoQ13KcP-aN5KQSdx7qH_l4wSWPzC96zCGuHepmA0kXbFU-1A_8ecKPKS5oV45Dtp4BwTXkElJ8b1nhAjach73YPDhemgiEY6SgDtzKwsxegF5sKFhPrbA7lhp2Xuganz_Wz19DrxiLZBg&h=kgAwkuy5J9luSidvLVXRyMJp8_HcAXG-3dy-dASKeD8
      pragma:
      - no-cache
      strict-transport-security:
      - max-age=31536000; includeSubDomains
      x-cache:
      - CONFIG_NOCACHE
      x-content-type-options:
      - nosniff
      x-ms-ratelimit-remaining-subscription-global-reads:
      - '16499'
      x-msedge-ref:
      - 'Ref A: F9719F0799124D5C8DAE7E8E60481354 Ref B: CO6AA3150220023 Ref C: 2025-05-23T00:01:51Z'
    status:
      code: 202
      message: Accepted
- request:
    body: null
    headers:
      Accept:
      - '*/*'
      Accept-Encoding:
      - gzip, deflate
      CommandName:
      - group delete
      Connection:
      - keep-alive
      ParameterSetName:
      - -n --yes
      User-Agent:
      - AZURECLI/2.73.0 azsdk-python-core/1.31.0 Python/3.12.10 (Windows-11-10.0.26100-SP0)
    method: GET
    uri: https://management.azure.com/subscriptions/00000000-0000-0000-0000-000000000000/operationresults/eyJqb2JJZCI6IlJFU09VUkNFR1JPVVBERUxFVElPTkpPQi1DTEk6NUZURVNUOjVGU1VCU0NSSVBUSU9OOjVGTEVWRUw6NUZERVBMT1lNRU5ULVdFU1RVUyIsImpvYkxvY2F0aW9uIjoid2VzdHVzIn0?api-version=2024-11-01&t=638835553118056242&c=MIIHpTCCBo2gAwIBAgITOgWZuFmLREgOyTdeugAEBZm4WTANBgkqhkiG9w0BAQsFADBEMRMwEQYKCZImiZPyLGQBGRYDR0JMMRMwEQYKCZImiZPyLGQBGRYDQU1FMRgwFgYDVQQDEw9BTUUgSU5GUkEgQ0EgMDEwHhcNMjUwNDE5MTQyMjI3WhcNMjUxMDE2MTQyMjI3WjBAMT4wPAYDVQQDEzVhc3luY29wZXJhdGlvbnNpZ25pbmdjZXJ0aWZpY2F0ZS5tYW5hZ2VtZW50LmF6dXJlLmNvbTCCASIwDQYJKoZIhvcNAQEBBQADggEPADCCAQoCggEBAPxDlNdj6r6H0vTzKfz228nqLQPXYSxPqEGQSSSCczQcCX3f_Xtnvc-lFdoleay-OVQlgfbWiMkGazl2q7FVj9BZUHJ3KXFg833nlMDzzIkfrA17t4t3OW-6po21aPw9TdEBtH-GReYxdd8YmK-hHhKfpllLkKKn29Z8r3ecn-VJ1URRr4gV1Dnhd8h62eio4oVWmqq_9ITkiyfphE8gKB3n-2ZGTlftv1uEX4hpgnUbyhP4GBPp9Ni0RdYmpukMEr1-GI3W5OnXgKOvoCRB0HZQKU-5u630M-76UA_GFyALd1X_xQwHcCHKvtBzX5EEcQ4AOj_B540c3Mp0HnljQsECAwEAAaOCBJIwggSOMCcGCSsGAQQBgjcVCgQaMBgwCgYIKwYBBQUHAwEwCgYIKwYBBQUHAwIwPQYJKwYBBAGCNxUHBDAwLgYmKwYBBAGCNxUIhpDjDYTVtHiE8Ys-hZvdFs6dEoFghfmRS4WsmTQCAWQCAQcwggHaBggrBgEFBQcBAQSCAcwwggHIMGYGCCsGAQUFBzAChlpodHRwOi8vY3JsLm1pY3Jvc29mdC5jb20vcGtpaW5mcmEvQ2VydHMvQlkyUEtJSU5UQ0EwMS5BTUUuR0JMX0FNRSUyMElORlJBJTIwQ0ElMjAwMSg0KS5jcnQwVgYIKwYBBQUHMAKGSmh0dHA6Ly9jcmwxLmFtZS5nYmwvYWlhL0JZMlBLSUlOVENBMDEuQU1FLkdCTF9BTUUlMjBJTkZSQSUyMENBJTIwMDEoNCkuY3J0MFYGCCsGAQUFBzAChkpodHRwOi8vY3JsMi5hbWUuZ2JsL2FpYS9CWTJQS0lJTlRDQTAxLkFNRS5HQkxfQU1FJTIwSU5GUkElMjBDQSUyMDAxKDQpLmNydDBWBggrBgEFBQcwAoZKaHR0cDovL2NybDMuYW1lLmdibC9haWEvQlkyUEtJSU5UQ0EwMS5BTUUuR0JMX0FNRSUyMElORlJBJTIwQ0ElMjAwMSg0KS5jcnQwVgYIKwYBBQUHMAKGSmh0dHA6Ly9jcmw0LmFtZS5nYmwvYWlhL0JZMlBLSUlOVENBMDEuQU1FLkdCTF9BTUUlMjBJTkZSQSUyMENBJTIwMDEoNCkuY3J0MB0GA1UdDgQWBBRgocSx-jjjSuZiJXHuNlAhZPhmbjAOBgNVHQ8BAf8EBAMCBaAwggE1BgNVHR8EggEsMIIBKDCCASSgggEgoIIBHIZCaHR0cDovL2NybC5taWNyb3NvZnQuY29tL3BraWluZnJhL0NSTC9BTUUlMjBJTkZSQSUyMENBJTIwMDEoNCkuY3JshjRodHRwOi8vY3JsMS5hbWUuZ2JsL2NybC9BTUUlMjBJTkZSQSUyMENBJTIwMDEoNCkuY3JshjRodHRwOi8vY3JsMi5hbWUuZ2JsL2NybC9BTUUlMjBJTkZSQSUyMENBJTIwMDEoNCkuY3JshjRodHRwOi8vY3JsMy5hbWUuZ2JsL2NybC9BTUUlMjBJTkZSQSUyMENBJTIwMDEoNCkuY3JshjRodHRwOi8vY3JsNC5hbWUuZ2JsL2NybC9BTUUlMjBJTkZSQSUyMENBJTIwMDEoNCkuY3JsMIGdBgNVHSAEgZUwgZIwDAYKKwYBBAGCN3sBATBmBgorBgEEAYI3ewICMFgwVgYIKwYBBQUHAgIwSh5IADMAMwBlADAAMQA5ADIAMQAtADQAZAA2ADQALQA0AGYAOABjAC0AYQAwADUANQAtADUAYgBkAGEAZgBmAGQANQBlADMAMwBkMAwGCisGAQQBgjd7AwIwDAYKKwYBBAGCN3sEAjAfBgNVHSMEGDAWgBTl2Ztn_PjsurvwwKidileIud8-YzAdBgNVHSUEFjAUBggrBgEFBQcDAQYIKwYBBQUHAwIwDQYJKoZIhvcNAQELBQADggEBAK5mT0Rrym5x1NF2yah7nxZLo1y0madgpRkCREZyGAoW02DZD68DX6wagq4RbcOr_MAlhvWOTjVB8J52ZIsydOGq5NSpxte9Cy10m7-zSXWMn0yNE8YUToarDNRzmshQ5pEBXhjU6kSMEvqeNG8Fr3KrDZEVieQc5By_ZV8F9vtuv90XjrjiLw1qOrPVVvUFOTx-JlUR4aErF4Jldd_YA0aWCiYbvu3Bd1vWtXdnrkJSX-natlKNqGimVnj86nKEao8ktK5pKaHq6C8vbOLeNreXRy5C2fC1tgiZ00V2pHuk1qbOdhlzTDv8G0HZLm_T7_s92OBqMAwBJ1uChKnQm6M&s=y9FZcYgYaZyGEXePXQL8GE6pVCaHpMpJ76oRaaMPONyShyW2axX8I-gLOoptAE0ZedtUfkGsGBiQkZCrj22QwiFgtaH2F57WDp7J-RUrCkr6VMaI6vk6WjmaKKggk-NhobBhQMo4C2rPw34YdWD3thtoCbDkoVErvSz90wD-5lX9FrTTBU0nM-Dg_fnCWTEIpRid9hBEOoQ13KcP-aN5KQSdx7qH_l4wSWPzC96zCGuHepmA0kXbFU-1A_8ecKPKS5oV45Dtp4BwTXkElJ8b1nhAjach73YPDhemgiEY6SgDtzKwsxegF5sKFhPrbA7lhp2Xuganz_Wz19DrxiLZBg&h=kgAwkuy5J9luSidvLVXRyMJp8_HcAXG-3dy-dASKeD8
  response:
    body:
      string: ''
    headers:
      cache-control:
      - no-cache
      content-length:
      - '0'
      date:
      - Fri, 23 May 2025 00:02:07 GMT
      expires:
      - '-1'
      pragma:
      - no-cache
      strict-transport-security:
      - max-age=31536000; includeSubDomains
      x-cache:
      - CONFIG_NOCACHE
      x-content-type-options:
      - nosniff
      x-ms-ratelimit-remaining-subscription-global-reads:
      - '16499'
      x-msedge-ref:
      - 'Ref A: F67A3989244F479E9C9D8376D33BA411 Ref B: CO6AA3150220023 Ref C: 2025-05-23T00:02:07Z'
    status:
      code: 200
      message: OK
version: 1
