interactions:
- request:
    body: null
    headers:
      Accept:
      - application/json
      Accept-Encoding:
      - gzip, deflate
      CommandName:
      - deployment group create
      Connection:
      - keep-alive
      ParameterSetName:
      - -g --template-spec
      User-Agent:
      - python/3.8.3 (Windows-10-10.0.19041-SP0) msrest/0.6.9 msrest_azure/0.6.3 azure-mgmt-resource/10.1.0
        Azure-SDK-For-Python AZURECLI/2.8.0
      accept-language:
      - en-US
    method: GET
    uri: https://management.azure.com/subscriptions/00000000-0000-0000-0000-000000000000/providers/Microsoft.Resources?api-version=2020-06-01
  response:
    body:
      string: '{"id":"/subscriptions/00000000-0000-0000-0000-000000000000/providers/Microsoft.Resources","namespace":"Microsoft.Resources","authorization":{"applicationId":"3b990c8b-9607-4c2a-8b04-1d41985facca"},"resourceTypes":[{"resourceType":"tenants","locations":[],"apiVersions":["2020-01-01","2019-09-01","2019-05-01","2019-04-01","2019-03-01","2018-11-01","2018-09-01","2018-08-01","2018-07-01","2018-05-01","2018-02-01","2018-01-01","2017-08-01","2017-06-01","2017-05-10","2017-05-01","2017-03-01","2016-09-01","2016-07-01","2016-06-01","2016-02-01","2015-11-01","2015-01-01","2014-04-01-preview"],"apiProfiles":[{"profileVersion":"2018-06-01-profile","apiVersion":"2016-06-01"},{"profileVersion":"2019-03-01-hybrid","apiVersion":"2016-06-01"}],"capabilities":"None"},{"resourceType":"locations","locations":[],"apiVersions":["2019-09-01","2019-05-01","2019-04-01","2019-03-01","2018-11-01","2018-09-01","2018-08-01","2018-07-01","2018-05-01","2018-02-01","2018-01-01","2017-08-01","2017-06-01","2017-05-10","2017-05-01","2017-03-01","2016-09-01","2016-07-01","2016-06-01","2016-02-01","2015-11-01","2015-01-01","2014-04-01-preview"],"apiProfiles":[{"profileVersion":"2018-06-01-profile","apiVersion":"2016-06-01"},{"profileVersion":"2019-03-01-hybrid","apiVersion":"2018-05-01"}],"capabilities":"None"},{"resourceType":"operationresults","locations":[],"apiVersions":["2019-09-01","2019-05-01","2019-04-01","2019-03-01","2018-11-01","2018-09-01","2018-08-01","2018-07-01","2018-05-01","2018-02-01","2018-01-01","2017-08-01","2017-06-01","2017-05-10","2017-05-01","2017-03-01","2016-09-01","2016-07-01","2016-06-01","2016-02-01","2015-11-01","2015-01-01","2014-04-01-preview"],"apiProfiles":[{"profileVersion":"2018-06-01-profile","apiVersion":"2016-06-01"}],"capabilities":"None"},{"resourceType":"notifyResourceJobs","locations":[],"apiVersions":["2019-09-01","2019-05-01","2019-04-01","2019-03-01","2018-11-01","2018-09-01","2018-08-01","2018-07-01","2018-05-01","2018-02-01"],"capabilities":"None"},{"resourceType":"tags","locations":[],"apiVersions":["2019-10-01","2019-05-01","2019-04-01","2019-03-01","2018-11-01"],"capabilities":"SupportsExtension"},{"resourceType":"checkPolicyCompliance","locations":[],"apiVersions":["2019-05-01","2019-04-01","2019-03-01","2018-11-01","2018-09-01","2018-08-01","2018-07-01","2018-05-01","2018-02-01","2018-01-01","2017-08-01","2017-06-01","2017-05-10","2017-05-01","2017-03-01","2016-09-01","2016-07-01","2016-06-01","2016-02-01","2015-11-01","2015-01-01","2014-04-01-preview"],"capabilities":"None"},{"resourceType":"providers","locations":[],"apiVersions":["2019-05-01","2019-04-01","2019-03-01","2018-11-01","2018-09-01","2018-08-01","2018-07-01","2018-05-01","2018-02-01","2018-01-01","2017-08-01","2017-06-01","2017-05-10","2017-05-01","2017-03-01","2016-09-01","2016-07-01","2016-06-01","2016-02-01","2015-11-01","2015-01-01","2014-04-01-preview"],"apiProfiles":[{"profileVersion":"2018-06-01-profile","apiVersion":"2016-06-01"},{"profileVersion":"2019-03-01-hybrid","apiVersion":"2018-05-01"}],"capabilities":"None"},{"resourceType":"checkresourcename","locations":[],"apiVersions":["2019-05-01","2019-04-01","2019-03-01","2018-11-01","2018-09-01","2018-08-01","2018-07-01","2018-05-01","2018-02-01","2018-01-01","2017-08-01","2017-06-01","2017-05-10","2017-05-01","2017-03-01","2016-09-01","2016-07-01","2016-06-01","2016-02-01","2015-11-01","2015-01-01","2014-04-01-preview"],"apiProfiles":[{"profileVersion":"2018-06-01-profile","apiVersion":"2016-06-01"}],"capabilities":"None"},{"resourceType":"calculateTemplateHash","locations":[],"apiVersions":["2019-09-01","2019-05-01","2019-04-01","2019-03-01","2018-11-01","2018-09-01","2018-08-01","2018-07-01","2018-05-01","2018-02-01","2018-01-01","2017-08-01","2017-06-01","2017-05-10","2017-05-01","2017-03-01","2016-09-01","2016-07-01","2016-06-01","2016-02-01","2015-11-01","2015-01-01","2014-04-01-preview"],"apiProfiles":[{"profileVersion":"2018-06-01-profile","apiVersion":"2016-06-01"}],"capabilities":"None"},{"resourceType":"resources","locations":[],"apiVersions":["2019-09-01","2019-05-01","2019-04-01","2019-03-01","2018-11-01","2018-09-01","2018-08-01","2018-07-01","2018-05-01","2018-02-01","2018-01-01","2017-08-01","2017-06-01","2017-05-10","2017-05-01","2017-03-01","2016-09-01","2016-07-01","2016-06-01","2016-02-01","2015-11-01","2015-01-01","2014-04-01-preview"],"apiProfiles":[{"profileVersion":"2018-06-01-profile","apiVersion":"2016-06-01"},{"profileVersion":"2019-03-01-hybrid","apiVersion":"2018-05-01"}],"capabilities":"None"},{"resourceType":"subscriptions","locations":[],"apiVersions":["2019-10-01","2019-09-01","2019-05-01","2019-04-01","2019-03-01","2018-11-01","2018-09-01","2018-08-01","2018-07-01","2018-05-01","2018-02-01","2018-01-01","2017-08-01","2017-06-01","2017-05-10","2017-05-01","2017-03-01","2016-09-01","2016-07-01","2016-06-01","2016-02-01","2015-11-01","2015-01-01","2014-04-01-preview"],"apiProfiles":[{"profileVersion":"2018-06-01-profile","apiVersion":"2016-06-01"},{"profileVersion":"2019-03-01-hybrid","apiVersion":"2016-06-01"}],"capabilities":"None"},{"resourceType":"subscriptions/resources","locations":[],"apiVersions":["2019-09-01","2019-05-01","2019-04-01","2019-03-01","2018-11-01","2018-09-01","2018-08-01","2018-07-01","2018-05-01","2018-02-01","2018-01-01","2017-08-01","2017-06-01","2017-05-10","2017-05-01","2017-03-01","2016-09-01","2016-07-01","2016-06-01","2016-02-01","2015-11-01","2015-01-01","2014-04-01-preview"],"apiProfiles":[{"profileVersion":"2018-06-01-profile","apiVersion":"2016-06-01"},{"profileVersion":"2019-03-01-hybrid","apiVersion":"2018-05-01"}],"capabilities":"None"},{"resourceType":"subscriptions/providers","locations":[],"apiVersions":["2019-05-01","2019-04-01","2019-03-01","2018-11-01","2018-09-01","2018-08-01","2018-07-01","2018-05-01","2018-02-01","2018-01-01","2017-08-01","2017-06-01","2017-05-10","2017-05-01","2017-03-01","2016-09-01","2016-07-01","2016-06-01","2016-02-01","2015-11-01","2015-01-01","2014-04-01-preview"],"apiProfiles":[{"profileVersion":"2018-06-01-profile","apiVersion":"2016-06-01"},{"profileVersion":"2019-03-01-hybrid","apiVersion":"2018-05-01"}],"capabilities":"None"},{"resourceType":"subscriptions/operationresults","locations":[],"apiVersions":["2019-05-01","2019-04-01","2019-03-01","2018-11-01","2018-09-01","2018-08-01","2018-07-01","2018-05-01","2018-02-01","2018-01-01","2017-08-01","2017-06-01","2017-05-10","2017-05-01","2017-03-01","2016-09-01","2016-07-01","2016-06-01","2016-02-01","2015-11-01","2015-01-01","2014-04-01-preview"],"apiProfiles":[{"profileVersion":"2018-06-01-profile","apiVersion":"2016-06-01"},{"profileVersion":"2019-03-01-hybrid","apiVersion":"2018-05-01"}],"capabilities":"None"},{"resourceType":"resourceGroups","locations":["Central
        US","East Asia","Southeast Asia","East US","East US 2","West US","West US
        2","North Central US","South Central US","West Central US","North Europe","West
        Europe","Japan East","Japan West","Brazil South","Australia Southeast","Australia
        East","West India","South India","Central India","Canada Central","Canada
        East","UK South","UK West","Korea Central","Korea South","France Central","South
        Africa North","UAE North","Australia Central","Switzerland North","Germany
        West Central","Norway East","East US 2 EUAP","Central US EUAP"],"apiVersions":["2019-05-01","2019-04-01","2019-03-01","2018-11-01","2018-09-01","2018-08-01","2018-07-01","2018-05-01","2018-02-01","2018-01-01","2017-08-01","2017-06-01","2017-05-10","2017-05-01","2017-03-01","2016-09-01","2016-07-01","2016-06-01","2016-02-01","2015-11-01","2015-01-01","2014-04-01-preview"],"apiProfiles":[{"profileVersion":"2018-06-01-profile","apiVersion":"2016-06-01"},{"profileVersion":"2019-03-01-hybrid","apiVersion":"2018-05-01"}],"capabilities":"SupportsLocation"},{"resourceType":"subscriptions/resourceGroups","locations":["Central
        US","East Asia","Southeast Asia","East US","East US 2","West US","West US
        2","North Central US","South Central US","West Central US","North Europe","West
        Europe","Japan East","Japan West","Brazil South","Australia Southeast","Australia
        East","West India","South India","Central India","Canada Central","Canada
        East","UK South","UK West","Korea Central","Korea South","France Central","South
        Africa North","UAE North","Australia Central","Switzerland North","Germany
        West Central","Norway East","East US 2 EUAP","Central US EUAP"],"apiVersions":["2019-05-01","2019-04-01","2019-03-01","2018-11-01","2018-09-01","2018-08-01","2018-07-01","2018-05-01","2018-02-01","2018-01-01","2017-08-01","2017-06-01","2017-05-10","2017-05-01","2017-03-01","2016-09-01","2016-07-01","2016-06-01","2016-02-01","2015-11-01","2015-01-01","2014-04-01-preview"],"apiProfiles":[{"profileVersion":"2018-06-01-profile","apiVersion":"2016-06-01"},{"profileVersion":"2019-03-01-hybrid","apiVersion":"2018-05-01"}],"capabilities":"SupportsTags,
        SupportsLocation"},{"resourceType":"subscriptions/resourcegroups/resources","locations":[],"apiVersions":["2019-05-01","2019-04-01","2019-03-01","2018-11-01","2018-09-01","2018-08-01","2018-07-01","2018-05-01","2018-02-01","2018-01-01","2017-08-01","2017-06-01","2017-05-10","2017-05-01","2017-03-01","2016-09-01","2016-07-01","2016-06-01","2016-02-01","2015-11-01","2015-01-01","2014-04-01-preview"],"apiProfiles":[{"profileVersion":"2018-06-01-profile","apiVersion":"2016-06-01"},{"profileVersion":"2019-03-01-hybrid","apiVersion":"2018-05-01"}],"capabilities":"None"},{"resourceType":"subscriptions/locations","locations":[],"apiVersions":["2019-05-01","2019-04-01","2019-03-01","2018-11-01","2018-09-01","2018-08-01","2018-07-01","2018-05-01","2018-02-01","2018-01-01","2017-08-01","2017-06-01","2017-05-10","2017-05-01","2017-03-01","2016-09-01","2016-07-01","2016-06-01","2016-02-01","2015-11-01","2015-01-01","2014-04-01-preview"],"apiProfiles":[{"profileVersion":"2018-06-01-profile","apiVersion":"2016-06-01"},{"profileVersion":"2019-03-01-hybrid","apiVersion":"2016-06-01"}],"capabilities":"None"},{"resourceType":"subscriptions/tagnames","locations":[],"apiVersions":["2019-05-01","2019-04-01","2019-03-01","2018-11-01","2018-09-01","2018-08-01","2018-07-01","2018-05-01","2018-02-01","2018-01-01","2017-08-01","2017-06-01","2017-05-10","2017-05-01","2017-03-01","2016-09-01","2016-07-01","2016-06-01","2016-02-01","2015-11-01","2015-01-01","2014-04-01-preview"],"apiProfiles":[{"profileVersion":"2018-06-01-profile","apiVersion":"2016-06-01"},{"profileVersion":"2019-03-01-hybrid","apiVersion":"2018-05-01"}],"capabilities":"None"},{"resourceType":"subscriptions/tagNames/tagValues","locations":[],"apiVersions":["2019-05-01","2019-04-01","2019-03-01","2018-11-01","2018-09-01","2018-08-01","2018-07-01","2018-05-01","2018-02-01","2018-01-01","2017-08-01","2017-06-01","2017-05-10","2017-05-01","2017-03-01","2016-09-01","2016-07-01","2016-06-01","2016-02-01","2015-11-01","2015-01-01","2014-04-01-preview"],"apiProfiles":[{"profileVersion":"2018-06-01-profile","apiVersion":"2016-06-01"},{"profileVersion":"2019-03-01-hybrid","apiVersion":"2018-05-01"}],"capabilities":"None"},{"resourceType":"deployments","locations":[],"apiVersions":["2019-09-01","2019-05-01","2019-04-01","2019-03-01","2018-11-01","2018-09-01","2018-08-01","2018-07-01","2018-05-01","2018-02-01","2018-01-01","2017-08-01","2017-06-01","2017-05-10","2017-05-01","2017-03-01","2016-09-01","2016-07-01","2016-06-01","2016-02-01","2015-11-01","2015-01-01","2014-04-01-preview"],"apiProfiles":[{"profileVersion":"2018-06-01-profile","apiVersion":"2016-06-01"},{"profileVersion":"2019-03-01-hybrid","apiVersion":"2018-05-01"}],"capabilities":"None"},{"resourceType":"deployments/operations","locations":[],"apiVersions":["2019-09-01","2019-05-01","2019-04-01","2019-03-01","2018-11-01","2018-09-01","2018-08-01","2018-07-01","2018-05-01","2018-02-01","2018-01-01","2017-08-01","2017-06-01","2017-05-10","2017-05-01","2017-03-01","2016-09-01","2016-07-01","2016-06-01","2016-02-01","2015-11-01","2015-01-01","2014-04-01-preview"],"apiProfiles":[{"profileVersion":"2018-06-01-profile","apiVersion":"2016-06-01"},{"profileVersion":"2019-03-01-hybrid","apiVersion":"2018-05-01"}],"capabilities":"None"},{"resourceType":"links","locations":[],"apiVersions":["2019-05-01","2019-04-01","2019-03-01","2018-11-01","2018-09-01","2018-08-01","2018-07-01","2018-05-01","2018-02-01","2018-01-01","2017-08-01","2017-06-01","2017-05-10","2017-05-01","2017-03-01","2016-09-01","2016-07-01","2016-06-01","2016-02-01","2015-11-01","2015-01-01","2014-04-01-preview"],"apiProfiles":[{"profileVersion":"2018-06-01-profile","apiVersion":"2016-06-01"},{"profileVersion":"2019-03-01-hybrid","apiVersion":"2018-05-01"}],"capabilities":"SupportsExtension"},{"resourceType":"operations","locations":[],"apiVersions":["2015-01-01"],"apiProfiles":[{"profileVersion":"2018-06-01-profile","apiVersion":"2015-01-01"}],"capabilities":"None"},{"resourceType":"deploymentScripts","locations":["East
        Asia","Southeast Asia","Australia East","Brazil South","Canada Central","East
        US 2","East US","Central US","North Central US","UK South","Central India","South
        India","Japan East","Korea Central","North Europe","West Central US","West
        Europe","West US 2","West US","South Central US","Canada East","Central US
        EUAP","East US 2 EUAP"],"apiVersions":["2019-10-01-preview"],"capabilities":"SupportsTags,
        SupportsLocation"},{"resourceType":"deploymentScripts/logs","locations":["East
        Asia","Southeast Asia","Australia East","Brazil South","Canada Central","East
        US 2","East US","Central US","North Central US","UK South","Central India","South
        India","Japan East","Korea Central","North Europe","West Central US","West
        Europe","West US 2","West US","South Central US","Canada East","Central US
        EUAP","East US 2 EUAP"],"apiVersions":["2019-10-01-preview"],"capabilities":"None"},{"resourceType":"locations/deploymentScriptOperationResults","locations":["East
        Asia","Southeast Asia","Australia East","Brazil South","Canada Central","East
        US 2","East US","Central US","North Central US","UK South","Central India","South
        India","Japan East","Korea Central","North Europe","West Central US","West
        Europe","West US 2","West US","South Central US","Canada East","Central US
        EUAP","East US 2 EUAP"],"apiVersions":["2019-10-01-preview"],"capabilities":"None"},{"resourceType":"templateSpecs","locations":["East
        Asia","Southeast Asia","Australia East","Australia Central","Australia Central
        2","Australia Southeast","Brazil South","Canada Central","Canada East","Central
        US EUAP","East US 2","East US","Central US","North Central US","East US 2
        EUAP","UK South","UK West","Central India","West India","South India","Japan
        East","Japan West","Korea Central","Korea South","North Europe","West Central
        US","West Europe","West US 2","West US","South Central US"],"apiVersions":["2019-06-01-preview"],"capabilities":"CrossResourceGroupResourceMove,
        CrossSubscriptionResourceMove, SupportsTags, SupportsLocation"},{"resourceType":"templateSpecs/versions","locations":["East
        Asia","Southeast Asia","Australia East","Australia Central","Australia Central
        2","Australia Southeast","Brazil South","Canada Central","Canada East","Central
        US EUAP","East US 2","East US","Central US","North Central US","East US 2
        EUAP","UK South","UK West","Central India","West India","South India","Japan
        East","Japan West","Korea Central","Korea South","North Europe","West Central
        US","West Europe","West US 2","West US","South Central US"],"apiVersions":["2019-06-01-preview"],"capabilities":"CrossResourceGroupResourceMove,
        CrossSubscriptionResourceMove, SupportsTags, SupportsLocation"}],"registrationState":"Registered","registrationPolicy":"RegistrationFree"}'
    headers:
      cache-control:
      - no-cache
      content-length:
      - '15663'
      content-type:
      - application/json; charset=utf-8
      date:
      - Wed, 08 Jul 2020 18:01:21 GMT
      expires:
      - '-1'
      pragma:
      - no-cache
      strict-transport-security:
      - max-age=31536000; includeSubDomains
      vary:
      - Accept-Encoding
      x-content-type-options:
      - nosniff
    status:
      code: 200
      message: OK
- request:
    body: null
    headers:
      Accept:
      - application/json
      Accept-Encoding:
      - gzip, deflate
      CommandName:
      - deployment group create
      Connection:
      - keep-alive
      ParameterSetName:
      - -g --template-spec
      User-Agent:
      - python/3.8.3 (Windows-10-10.0.19041-SP0) msrest/0.6.9 msrest_azure/0.6.3 azure-mgmt-resource/10.1.0
        Azure-SDK-For-Python AZURECLI/2.8.0
      accept-language:
      - en-US
    method: GET
    uri: https://management.azure.com/subscriptions/00000000-0000-0000-0000-000000000000/resourceGroups/TemplateSpecsCLI/providers/Microsoft.Resources/TemplateSpecs/BasicTemplateSpecs/versions/1.1.0?api-version=2019-06-01-preview
  response:
    body:
      string: "{\r\n  \"location\": \"eastus\",\r\n  \"systemData\": {\r\n    \"createdBy\":
        \"daetienn@microsoft.com\",\r\n    \"createdByType\": \"User\",\r\n    \"createdAt\":
        \"2020-07-02T17:02:42.3968673Z\",\r\n    \"lastModifiedBy\": \"daetienn@microsoft.com\",\r\n
        \   \"lastModifiedByType\": \"User\",\r\n    \"lastModifiedAt\": \"2020-07-02T17:02:42.3968673Z\"\r\n
        \ },\r\n  \"properties\": {\r\n    \"template\": {\r\n      \"$schema\": \"http://schema.management.azure.com/schemas/2015-01-01/deploymentTemplate.json#\",\r\n
        \     \"contentVersion\": \"1.0.0.0\",\r\n      \"parameters\": {},\r\n      \"resources\":
        []\r\n    }\r\n  },\r\n  \"id\": \"/subscriptions/00000000-0000-0000-0000-000000000000/resourceGroups/TemplateSpecsCLI/providers/Microsoft.Resources/templateSpecs/BasicTemplateSpecs/versions/1.1.0\",\r\n
        \ \"type\": \"Microsoft.Resources/templateSpecs/versions\",\r\n  \"name\":
        \"1.1.0\"\r\n}"
    headers:
      cache-control:
      - no-cache
      content-length:
      - '801'
      content-type:
      - application/json; charset=utf-8
      date:
      - Wed, 08 Jul 2020 18:01:21 GMT
      expires:
      - '-1'
      pragma:
      - no-cache
      server:
      - Microsoft-HTTPAPI/2.0
      strict-transport-security:
      - max-age=31536000; includeSubDomains
      transfer-encoding:
      - chunked
      vary:
      - Accept-Encoding
      x-content-type-options:
      - nosniff
    status:
      code: 200
      message: OK
- request:
    body: '{"properties": {"templateLink": {"id": "/subscriptions/00000000-0000-0000-0000-000000000000/resourceGroups/TemplateSpecsCLI/providers/Microsoft.Resources/TemplateSpecs/BasicTemplateSpecs/versions/1.1.0"},
      "parameters": {}, "mode": "Incremental"}}'
    headers:
      Accept:
      - application/json
      Accept-Encoding:
      - gzip, deflate
      CommandName:
      - deployment group create
      Connection:
      - keep-alive
      Content-Length:
      - '246'
      Content-Type:
      - application/json; charset=utf-8
      ParameterSetName:
      - -g --template-spec
      User-Agent:
      - python/3.8.3 (Windows-10-10.0.19041-SP0) msrest/0.6.9 msrest_azure/0.6.3 azure-mgmt-resource/10.1.0
        Azure-SDK-For-Python AZURECLI/2.8.0
      accept-language:
      - en-US
    method: POST
    uri: https://management.azure.com/subscriptions/00000000-0000-0000-0000-000000000000/resourcegroups/cli_test_deployment_spec000001/providers/Microsoft.Resources/deployments/mock-deployment/validate?api-version=2020-06-01
  response:
    body:
      string: '{"id":"/subscriptions/00000000-0000-0000-0000-000000000000/resourceGroups/cli_test_deployment_spec000001/providers/Microsoft.Resources/deployments/1.1","name":"1.1","type":"Microsoft.Resources/deployments","properties":{"templateLink":{"id":"/subscriptions/00000000-0000-0000-0000-000000000000/resourceGroups/TemplateSpecsCLI/providers/Microsoft.Resources/TemplateSpecs/BasicTemplateSpecs/versions/1.1.0","contentVersion":"1.0.0.0"},"templateHash":"1172291598576347284","parameters":{},"mode":"Incremental","provisioningState":"Succeeded","timestamp":"2020-07-08T18:01:23.117834Z","duration":"PT0S","correlationId":"b8e7a1eb-e13f-4c4e-b76d-45473aea219b","providers":[],"dependencies":[],"validatedResources":[]}}'
    headers:
      cache-control:
      - no-cache
      content-length:
      - '757'
      content-type:
      - application/json; charset=utf-8
      date:
      - Wed, 08 Jul 2020 18:01:23 GMT
      expires:
      - '-1'
      pragma:
      - no-cache
      strict-transport-security:
      - max-age=31536000; includeSubDomains
      transfer-encoding:
      - chunked
      vary:
      - Accept-Encoding
      x-content-type-options:
      - nosniff
      x-ms-ratelimit-remaining-subscription-writes:
      - '1199'
    status:
      code: 200
      message: OK
- request:
    body: '{"properties": {"templateLink": {"id": "/subscriptions/00000000-0000-0000-0000-000000000000/resourceGroups/TemplateSpecsCLI/providers/Microsoft.Resources/TemplateSpecs/BasicTemplateSpecs/versions/1.1.0"},
      "parameters": {}, "mode": "Incremental"}}'
    headers:
      Accept:
      - application/json
      Accept-Encoding:
      - gzip, deflate
      CommandName:
      - deployment group create
      Connection:
      - keep-alive
      Content-Length:
      - '246'
      Content-Type:
      - application/json; charset=utf-8
      ParameterSetName:
      - -g --template-spec
      User-Agent:
      - python/3.8.3 (Windows-10-10.0.19041-SP0) msrest/0.6.9 msrest_azure/0.6.3 azure-mgmt-resource/10.1.0
        Azure-SDK-For-Python AZURECLI/2.8.0
      accept-language:
      - en-US
    method: PUT
    uri: https://management.azure.com/subscriptions/00000000-0000-0000-0000-000000000000/resourcegroups/cli_test_deployment_spec000001/providers/Microsoft.Resources/deployments/mock-deployment?api-version=2020-06-01
  response:
    body:
      string: '{"id":"/subscriptions/00000000-0000-0000-0000-000000000000/resourceGroups/cli_test_deployment_spec000001/providers/Microsoft.Resources/deployments/1.1","name":"1.1","type":"Microsoft.Resources/deployments","properties":{"templateLink":{"id":"/subscriptions/00000000-0000-0000-0000-000000000000/resourceGroups/TemplateSpecsCLI/providers/Microsoft.Resources/TemplateSpecs/BasicTemplateSpecs/versions/1.1.0","contentVersion":"1.0.0.0"},"templateHash":"1172291598576347284","parameters":{},"mode":"Incremental","provisioningState":"Accepted","timestamp":"2020-07-08T18:01:24.4458476Z","duration":"PT0.7792861S","correlationId":"61ef2c78-c85f-4ec8-9f84-166a9da515ca","providers":[],"dependencies":[]}}'
    headers:
      azure-asyncoperation:
      - https://management.azure.com/subscriptions/00000000-0000-0000-0000-000000000000/resourcegroups/cli_test_deployment_spec000001/providers/Microsoft.Resources/deployments/1.1/operationStatuses/08586073756018110292?api-version=2020-06-01
      cache-control:
      - no-cache
      content-length:
      - '741'
      content-type:
      - application/json; charset=utf-8
      date:
      - Wed, 08 Jul 2020 18:01:24 GMT
      expires:
      - '-1'
      pragma:
      - no-cache
      strict-transport-security:
      - max-age=31536000; includeSubDomains
      x-content-type-options:
      - nosniff
      x-ms-ratelimit-remaining-subscription-writes:
      - '1199'
    status:
      code: 201
      message: Created
- request:
    body: null
    headers:
      Accept:
      - application/json
      Accept-Encoding:
      - gzip, deflate
      CommandName:
      - deployment group create
      Connection:
      - keep-alive
      ParameterSetName:
      - -g --template-spec
      User-Agent:
      - python/3.8.3 (Windows-10-10.0.19041-SP0) msrest/0.6.9 msrest_azure/0.6.3 azure-mgmt-resource/10.1.0
        Azure-SDK-For-Python AZURECLI/2.8.0
    method: GET
    uri: https://management.azure.com/subscriptions/00000000-0000-0000-0000-000000000000/resourcegroups/cli_test_deployment_spec000001/providers/Microsoft.Resources/deployments/mock-deployment/operationStatuses/08586073756018110292?api-version=2020-06-01
  response:
    body:
      string: '{"status":"Succeeded"}'
    headers:
      cache-control:
      - no-cache
      content-length:
      - '22'
      content-type:
      - application/json; charset=utf-8
      date:
      - Wed, 08 Jul 2020 18:01:54 GMT
      expires:
      - '-1'
      pragma:
      - no-cache
      strict-transport-security:
      - max-age=31536000; includeSubDomains
      vary:
      - Accept-Encoding
      x-content-type-options:
      - nosniff
    status:
      code: 200
      message: OK
- request:
    body: null
    headers:
      Accept:
      - application/json
      Accept-Encoding:
      - gzip, deflate
      CommandName:
      - deployment group create
      Connection:
      - keep-alive
      ParameterSetName:
      - -g --template-spec
      User-Agent:
      - python/3.8.3 (Windows-10-10.0.19041-SP0) msrest/0.6.9 msrest_azure/0.6.3 azure-mgmt-resource/10.1.0
        Azure-SDK-For-Python AZURECLI/2.8.0
    method: GET
    uri: https://management.azure.com/subscriptions/00000000-0000-0000-0000-000000000000/resourcegroups/cli_test_deployment_spec000001/providers/Microsoft.Resources/deployments/mock-deployment?api-version=2020-06-01
  response:
    body:
      string: '{"id":"/subscriptions/00000000-0000-0000-0000-000000000000/resourceGroups/cli_test_deployment_spec000001/providers/Microsoft.Resources/deployments/1.1","name":"1.1","type":"Microsoft.Resources/deployments","properties":{"templateLink":{"id":"/subscriptions/00000000-0000-0000-0000-000000000000/resourceGroups/TemplateSpecsCLI/providers/Microsoft.Resources/TemplateSpecs/BasicTemplateSpecs/versions/1.1.0","contentVersion":"1.0.0.0"},"templateHash":"1172291598576347284","parameters":{},"mode":"Incremental","provisioningState":"Succeeded","timestamp":"2020-07-08T18:01:25.2291575Z","duration":"PT1.562596S","correlationId":"61ef2c78-c85f-4ec8-9f84-166a9da515ca","providers":[],"dependencies":[],"outputResources":[]}}'
    headers:
      cache-control:
      - no-cache
      content-length:
      - '762'
      content-type:
      - application/json; charset=utf-8
      date:
      - Wed, 08 Jul 2020 18:01:54 GMT
      expires:
      - '-1'
      pragma:
      - no-cache
      strict-transport-security:
      - max-age=31536000; includeSubDomains
      vary:
      - Accept-Encoding
      x-content-type-options:
      - nosniff
    status:
      code: 200
      message: OK
- request:
    body: null
    headers:
      Accept:
      - application/json
      Accept-Encoding:
      - gzip, deflate
      CommandName:
      - deployment group show
      Connection:
      - keep-alive
      ParameterSetName:
      - -g -n
      User-Agent:
      - python/3.8.3 (Windows-10-10.0.19041-SP0) msrest/0.6.9 msrest_azure/0.6.3 azure-mgmt-resource/10.1.0
        Azure-SDK-For-Python AZURECLI/2.8.0
      accept-language:
      - en-US
    method: GET
    uri: https://management.azure.com/subscriptions/00000000-0000-0000-0000-000000000000/resourcegroups/cli_test_deployment_spec000001/providers/Microsoft.Resources/deployments/mock-deployment?api-version=2020-06-01
  response:
    body:
      string: '{"id":"/subscriptions/00000000-0000-0000-0000-000000000000/resourceGroups/cli_test_deployment_spec000001/providers/Microsoft.Resources/deployments/1.1","name":"1.1","type":"Microsoft.Resources/deployments","properties":{"templateLink":{"id":"/subscriptions/00000000-0000-0000-0000-000000000000/resourceGroups/TemplateSpecsCLI/providers/Microsoft.Resources/TemplateSpecs/BasicTemplateSpecs/versions/1.1.0","contentVersion":"1.0.0.0"},"templateHash":"1172291598576347284","parameters":{},"mode":"Incremental","provisioningState":"Succeeded","timestamp":"2020-07-08T18:01:25.2291575Z","duration":"PT1.562596S","correlationId":"61ef2c78-c85f-4ec8-9f84-166a9da515ca","providers":[],"dependencies":[],"outputResources":[]}}'
    headers:
      cache-control:
      - no-cache
      content-length:
      - '762'
      content-type:
      - application/json; charset=utf-8
      date:
      - Wed, 08 Jul 2020 18:01:56 GMT
      expires:
      - '-1'
      pragma:
      - no-cache
      strict-transport-security:
      - max-age=31536000; includeSubDomains
      vary:
      - Accept-Encoding
      x-content-type-options:
      - nosniff
    status:
      code: 200
      message: OK
- request:
    body: null
    headers:
      Accept:
      - application/json
      Accept-Encoding:
      - gzip, deflate
      CommandName:
      - deployment group delete
      Connection:
      - keep-alive
      Content-Length:
      - '0'
      ParameterSetName:
      - -g -n
      User-Agent:
      - python/3.8.3 (Windows-10-10.0.19041-SP0) msrest/0.6.9 msrest_azure/0.6.3 azure-mgmt-resource/10.1.0
        Azure-SDK-For-Python AZURECLI/2.8.0
      accept-language:
      - en-US
    method: DELETE
    uri: https://management.azure.com/subscriptions/00000000-0000-0000-0000-000000000000/resourcegroups/cli_test_deployment_spec000001/providers/Microsoft.Resources/deployments/mock-deployment?api-version=2020-06-01
  response:
    body:
      string: ''
    headers:
      cache-control:
      - no-cache
      content-length:
      - '0'
      date:
      - Wed, 08 Jul 2020 18:01:59 GMT
      expires:
      - '-1'
      location:
      - https://management.azure.com/subscriptions/00000000-0000-0000-0000-000000000000/operationresults/eyJqb2JJZCI6IkRlcGxveW1lbnREZWxldGlvbkpvYi1HTlMtQ0xJOjVGVEVTVDo1RkRFUExPWU1FTlQ6NUZTUEVDN1pLSlFQWkxFQVM0MzVGT1Z8QzVCMDU3MTQ3RTMxQzU4Ri0xOjJFMS0iLCJqb2JMb2NhdGlvbiI6Indlc3R1cyJ9?api-version=2020-06-01
      pragma:
      - no-cache
      strict-transport-security:
      - max-age=31536000; includeSubDomains
      x-content-type-options:
      - nosniff
      x-ms-ratelimit-remaining-subscription-deletes:
      - '14999'
    status:
      code: 202
      message: Accepted
- request:
    body: null
    headers:
      Accept:
      - application/json
      Accept-Encoding:
      - gzip, deflate
      CommandName:
      - deployment group delete
      Connection:
      - keep-alive
      ParameterSetName:
      - -g -n
      User-Agent:
      - python/3.8.3 (Windows-10-10.0.19041-SP0) msrest/0.6.9 msrest_azure/0.6.3 azure-mgmt-resource/10.1.0
        Azure-SDK-For-Python AZURECLI/2.8.0
    method: GET
    uri: https://management.azure.com/subscriptions/00000000-0000-0000-0000-000000000000/operationresults/eyJqb2JJZCI6IkRlcGxveW1lbnREZWxldGlvbkpvYi1HTlMtQ0xJOjVGVEVTVDo1RkRFUExPWU1FTlQ6NUZTUEVDN1pLSlFQWkxFQVM0MzVGT1Z8QzVCMDU3MTQ3RTMxQzU4Ri0xOjJFMS0iLCJqb2JMb2NhdGlvbiI6Indlc3R1cyJ9?api-version=2020-06-01
  response:
    body:
      string: ''
    headers:
      cache-control:
      - no-cache
      date:
      - Wed, 08 Jul 2020 18:02:14 GMT
      expires:
      - '-1'
      pragma:
      - no-cache
      strict-transport-security:
      - max-age=31536000; includeSubDomains
      x-content-type-options:
      - nosniff
    status:
      code: 204
      message: No Content
- request:
    body: null
    headers:
      Accept:
      - application/json
      Accept-Encoding:
      - gzip, deflate
      CommandName:
      - deployment group list
      Connection:
      - keep-alive
      ParameterSetName:
      - -g
      User-Agent:
      - python/3.8.3 (Windows-10-10.0.19041-SP0) msrest/0.6.9 msrest_azure/0.6.3 azure-mgmt-resource/10.1.0
        Azure-SDK-For-Python AZURECLI/2.8.0
      accept-language:
      - en-US
    method: GET
    uri: https://management.azure.com/subscriptions/00000000-0000-0000-0000-000000000000/resourcegroups/cli_test_deployment_spec000001/providers/Microsoft.Resources/deployments/?api-version=2020-06-01
  response:
    body:
      string: '{"value":[]}'
    headers:
      cache-control:
      - no-cache
      content-length:
      - '12'
      content-type:
      - application/json; charset=utf-8
      date:
      - Wed, 08 Jul 2020 18:02:15 GMT
      expires:
      - '-1'
      pragma:
      - no-cache
      strict-transport-security:
      - max-age=31536000; includeSubDomains
      vary:
      - Accept-Encoding
      x-content-type-options:
      - nosniff
    status:
      code: 200
      message: OK
version: 1
