interactions:
- request:
    body: null
    headers:
      Accept:
      - application/json
      Accept-Encoding:
      - gzip, deflate
      CommandName:
      - network vnet create
      Connection:
      - keep-alive
      ParameterSetName:
      - -g -n --subnet-name
      User-Agent:
      - python/3.8.3 (Windows-10-10.0.19041-SP0) msrest/0.6.9 msrest_azure/0.6.3 azure-mgmt-resource/10.1.0
        Azure-SDK-For-Python AZURECLI/2.8.0
      accept-language:
      - en-US
    method: GET
    uri: https://management.azure.com/subscriptions/00000000-0000-0000-0000-000000000000/resourcegroups/cli_test_deployment000001?api-version=2020-06-01
  response:
    body:
      string: '{"id":"/subscriptions/00000000-0000-0000-0000-000000000000/resourceGroups/cli_test_deployment000001","name":"cli_test_deployment000001","type":"Microsoft.Resources/resourceGroups","location":"westus","tags":{"product":"azurecli","cause":"automation","date":"2020-07-06T19:40:49Z"},"properties":{"provisioningState":"Succeeded"}}'
    headers:
      cache-control:
      - no-cache
      content-length:
      - '428'
      content-type:
      - application/json; charset=utf-8
      date:
      - Mon, 06 Jul 2020 19:40:51 GMT
      expires:
      - '-1'
      pragma:
      - no-cache
      strict-transport-security:
      - max-age=31536000; includeSubDomains
      vary:
      - Accept-Encoding
      x-content-type-options:
      - nosniff
    status:
      code: 200
      message: OK
- request:
    body: '{"location": "westus", "tags": {}, "properties": {"addressSpace": {"addressPrefixes":
      ["10.0.0.0/16"]}, "dhcpOptions": {}, "subnets": [{"properties": {"addressPrefix":
      "10.0.0.0/24"}, "name": "subnet1"}]}}'
    headers:
      Accept:
      - application/json
      Accept-Encoding:
      - gzip, deflate
      CommandName:
      - network vnet create
      Connection:
      - keep-alive
      Content-Length:
      - '205'
      Content-Type:
      - application/json; charset=utf-8
      ParameterSetName:
      - -g -n --subnet-name
      User-Agent:
      - python/3.8.3 (Windows-10-10.0.19041-SP0) msrest/0.6.9 msrest_azure/0.6.3 azure-mgmt-network/11.0.0
        Azure-SDK-For-Python AZURECLI/2.8.0
      accept-language:
      - en-US
    method: PUT
    uri: https://management.azure.com/subscriptions/00000000-0000-0000-0000-000000000000/resourceGroups/cli_test_deployment000001/providers/Microsoft.Network/virtualNetworks/vnet1?api-version=2020-05-01
  response:
    body:
      string: "{\r\n  \"name\": \"vnet1\",\r\n  \"id\": \"/subscriptions/00000000-0000-0000-0000-000000000000/resourceGroups/cli_test_deployment000001/providers/Microsoft.Network/virtualNetworks/vnet1\",\r\n
        \ \"etag\": \"W/\\\"bef7986d-ce8e-4c58-bf03-3fc4974cac18\\\"\",\r\n  \"type\":
        \"Microsoft.Network/virtualNetworks\",\r\n  \"location\": \"westus\",\r\n
        \ \"tags\": {},\r\n  \"properties\": {\r\n    \"provisioningState\": \"Updating\",\r\n
        \   \"resourceGuid\": \"c0b9f949-aa38-4c5a-84d0-92d6d164815d\",\r\n    \"addressSpace\":
        {\r\n      \"addressPrefixes\": [\r\n        \"10.0.0.0/16\"\r\n      ]\r\n
        \   },\r\n    \"dhcpOptions\": {\r\n      \"dnsServers\": []\r\n    },\r\n
        \   \"subnets\": [\r\n      {\r\n        \"name\": \"subnet1\",\r\n        \"id\":
        \"/subscriptions/00000000-0000-0000-0000-000000000000/resourceGroups/cli_test_deployment000001/providers/Microsoft.Network/virtualNetworks/vnet1/subnets/subnet1\",\r\n
        \       \"etag\": \"W/\\\"bef7986d-ce8e-4c58-bf03-3fc4974cac18\\\"\",\r\n
        \       \"properties\": {\r\n          \"provisioningState\": \"Updating\",\r\n
        \         \"addressPrefix\": \"10.0.0.0/24\",\r\n          \"delegations\":
        [],\r\n          \"privateEndpointNetworkPolicies\": \"Enabled\",\r\n          \"privateLinkServiceNetworkPolicies\":
        \"Enabled\"\r\n        },\r\n        \"type\": \"Microsoft.Network/virtualNetworks/subnets\"\r\n
        \     }\r\n    ],\r\n    \"virtualNetworkPeerings\": [],\r\n    \"enableDdosProtection\":
        false,\r\n    \"enableVmProtection\": false\r\n  }\r\n}"
    headers:
      azure-asyncnotification:
      - Enabled
      azure-asyncoperation:
      - https://management.azure.com/subscriptions/00000000-0000-0000-0000-000000000000/providers/Microsoft.Network/locations/westus/operations/adc3630c-7316-4033-bac2-d1c43e4009e7?api-version=2020-05-01
      cache-control:
      - no-cache
      content-length:
      - '1437'
      content-type:
      - application/json; charset=utf-8
      date:
      - Mon, 06 Jul 2020 19:40:54 GMT
      expires:
      - '-1'
      pragma:
      - no-cache
      server:
      - Microsoft-HTTPAPI/2.0
      - Microsoft-HTTPAPI/2.0
      strict-transport-security:
      - max-age=31536000; includeSubDomains
      x-content-type-options:
      - nosniff
      x-ms-arm-service-request-id:
      - 23237d43-3d7f-4059-86f2-994ac14d4612
      x-ms-ratelimit-remaining-subscription-writes:
      - '1199'
    status:
      code: 201
      message: Created
- request:
    body: null
    headers:
      Accept:
      - application/json
      Accept-Encoding:
      - gzip, deflate
      CommandName:
      - network vnet create
      Connection:
      - keep-alive
      ParameterSetName:
      - -g -n --subnet-name
      User-Agent:
      - python/3.8.3 (Windows-10-10.0.19041-SP0) msrest/0.6.9 msrest_azure/0.6.3 azure-mgmt-network/11.0.0
        Azure-SDK-For-Python AZURECLI/2.8.0
    method: GET
    uri: https://management.azure.com/subscriptions/00000000-0000-0000-0000-000000000000/providers/Microsoft.Network/locations/westus/operations/adc3630c-7316-4033-bac2-d1c43e4009e7?api-version=2020-05-01
  response:
    body:
      string: "{\r\n  \"status\": \"Succeeded\"\r\n}"
    headers:
      cache-control:
      - no-cache
      content-length:
      - '29'
      content-type:
      - application/json; charset=utf-8
      date:
      - Mon, 06 Jul 2020 19:40:57 GMT
      expires:
      - '-1'
      pragma:
      - no-cache
      server:
      - Microsoft-HTTPAPI/2.0
      - Microsoft-HTTPAPI/2.0
      strict-transport-security:
      - max-age=31536000; includeSubDomains
      transfer-encoding:
      - chunked
      vary:
      - Accept-Encoding
      x-content-type-options:
      - nosniff
      x-ms-arm-service-request-id:
      - ef9f3a4b-98c2-4515-9e8a-ec37c0f88971
    status:
      code: 200
      message: OK
- request:
    body: null
    headers:
      Accept:
      - application/json
      Accept-Encoding:
      - gzip, deflate
      CommandName:
      - network vnet create
      Connection:
      - keep-alive
      ParameterSetName:
      - -g -n --subnet-name
      User-Agent:
      - python/3.8.3 (Windows-10-10.0.19041-SP0) msrest/0.6.9 msrest_azure/0.6.3 azure-mgmt-network/11.0.0
        Azure-SDK-For-Python AZURECLI/2.8.0
    method: GET
    uri: https://management.azure.com/subscriptions/00000000-0000-0000-0000-000000000000/resourceGroups/cli_test_deployment000001/providers/Microsoft.Network/virtualNetworks/vnet1?api-version=2020-05-01
  response:
    body:
      string: "{\r\n  \"name\": \"vnet1\",\r\n  \"id\": \"/subscriptions/00000000-0000-0000-0000-000000000000/resourceGroups/cli_test_deployment000001/providers/Microsoft.Network/virtualNetworks/vnet1\",\r\n
        \ \"etag\": \"W/\\\"5f3f14ce-a361-4113-bbd2-718a38cb420a\\\"\",\r\n  \"type\":
        \"Microsoft.Network/virtualNetworks\",\r\n  \"location\": \"westus\",\r\n
        \ \"tags\": {},\r\n  \"properties\": {\r\n    \"provisioningState\": \"Succeeded\",\r\n
        \   \"resourceGuid\": \"c0b9f949-aa38-4c5a-84d0-92d6d164815d\",\r\n    \"addressSpace\":
        {\r\n      \"addressPrefixes\": [\r\n        \"10.0.0.0/16\"\r\n      ]\r\n
        \   },\r\n    \"dhcpOptions\": {\r\n      \"dnsServers\": []\r\n    },\r\n
        \   \"subnets\": [\r\n      {\r\n        \"name\": \"subnet1\",\r\n        \"id\":
        \"/subscriptions/00000000-0000-0000-0000-000000000000/resourceGroups/cli_test_deployment000001/providers/Microsoft.Network/virtualNetworks/vnet1/subnets/subnet1\",\r\n
        \       \"etag\": \"W/\\\"5f3f14ce-a361-4113-bbd2-718a38cb420a\\\"\",\r\n
        \       \"properties\": {\r\n          \"provisioningState\": \"Succeeded\",\r\n
        \         \"addressPrefix\": \"10.0.0.0/24\",\r\n          \"delegations\":
        [],\r\n          \"privateEndpointNetworkPolicies\": \"Enabled\",\r\n          \"privateLinkServiceNetworkPolicies\":
        \"Enabled\"\r\n        },\r\n        \"type\": \"Microsoft.Network/virtualNetworks/subnets\"\r\n
        \     }\r\n    ],\r\n    \"virtualNetworkPeerings\": [],\r\n    \"enableDdosProtection\":
        false,\r\n    \"enableVmProtection\": false\r\n  }\r\n}"
    headers:
      cache-control:
      - no-cache
      content-length:
      - '1439'
      content-type:
      - application/json; charset=utf-8
      date:
      - Mon, 06 Jul 2020 19:40:58 GMT
      etag:
      - W/"5f3f14ce-a361-4113-bbd2-718a38cb420a"
      expires:
      - '-1'
      pragma:
      - no-cache
      server:
      - Microsoft-HTTPAPI/2.0
      - Microsoft-HTTPAPI/2.0
      strict-transport-security:
      - max-age=31536000; includeSubDomains
      transfer-encoding:
      - chunked
      vary:
      - Accept-Encoding
      x-content-type-options:
      - nosniff
      x-ms-arm-service-request-id:
      - 5cd529b7-cb7a-4e05-bba6-6a77c75ce639
    status:
      code: 200
      message: OK
- request:
    body: 'b''{"properties": {"parameters": {"name": {"value": "test-lb"}, "location":
      {"value": "westus"}, "privateIPAllocationMethod": {"value": "Dynamic"}, "tags":
      {"value": {"key": "super=value"}}, "subnetId": {"value": "/subscriptions/00000000-0000-0000-0000-000000000000/resourceGroups/cli_test_deployment000001/providers/Microsoft.Network/virtualNetworks/vnet1/subnets/subnet1"},
      "backendAddressPools": {"value": [{"name": "bepool1"}, {"name": "bepool2"}]}},
      "mode": "Incremental", template:{\r\n  "$schema": "http://schema.management.azure.com/schemas/2015-01-01/deploymentTemplate.json#",\r\n  "contentVersion":
      "1.0.0.0",\r\n  "parameters": {\r\n    "name": {\r\n      "type": "string"\r\n    },\r\n    "location":
      {\r\n      "type": "string"\r\n    },\r\n    "subnetId": {\r\n      "type":
      "string"\r\n    },\r\n    "privateIPAllocationMethod": {\r\n      "type": "string"\r\n    },\r\n    "backendAddressPools":
      {\r\n      "type": "array"\r\n    },\r\n    "tags": {\r\n      "type": "object"\r\n    }\r\n  },\r\n  "resources":
      [\r\n    {\r\n      "apiVersion": "2016-03-30",\r\n      "dependsOn": [ ],\r\n      "location":
      "[parameters(\''location\'')]",\r\n      "name": "[parameters(\''name\'')]",\r\n      "properties":
      {\r\n        "frontendIPConfigurations": [\r\n          {\r\n            "name":
      "LoadBalancerFrontEnd",\r\n            "properties": {\r\n              "privateIPAllocationMethod":
      "[parameters(\''privateIPAllocationMethod\'')]",\r\n              "subnet":
      {\r\n                "id": "[parameters(\''subnetId\'')]"\r\n              }\r\n            }\r\n          }\r\n        ],\r\n        "backendAddressPools":
      "[parameters(\''backendAddressPools\'')]"\r\n      },\r\n      "tags": "[parameters(\''tags\'')]",\r\n      "type":
      "Microsoft.Network/loadBalancers"\r\n    }\r\n  ] // comment\r\n}}}'''
    headers:
      Accept:
      - application/json
      Accept-Encoding:
      - gzip, deflate
      CommandName:
      - group deployment validate
      Connection:
      - keep-alive
      Content-Length:
      - '1751'
      Content-Type:
      - application/json; charset=utf-8
      ParameterSetName:
      - -g --template-file --parameters --parameters --parameters
      User-Agent:
      - python/3.8.3 (Windows-10-10.0.19041-SP0) msrest/0.6.9 msrest_azure/0.6.3 azure-mgmt-resource/10.1.0
        Azure-SDK-For-Python AZURECLI/2.8.0
      accept-language:
      - en-US
    method: POST
    uri: https://management.azure.com/subscriptions/00000000-0000-0000-0000-000000000000/resourcegroups/cli_test_deployment000001/providers/Microsoft.Resources/deployments/mock-deployment/validate?api-version=2020-06-01
  response:
    body:
      string: '{"id":"/subscriptions/00000000-0000-0000-0000-000000000000/resourceGroups/cli_test_deployment000001/providers/Microsoft.Resources/deployments/deployment_dry_run","name":"deployment_dry_run","type":"Microsoft.Resources/deployments","properties":{"templateHash":"16281834986780566039","parameters":{"name":{"type":"String","value":"test-lb"},"location":{"type":"String","value":"westus"},"subnetId":{"type":"String","value":"/subscriptions/00000000-0000-0000-0000-000000000000/resourceGroups/cli_test_deployment000001/providers/Microsoft.Network/virtualNetworks/vnet1/subnets/subnet1"},"privateIPAllocationMethod":{"type":"String","value":"Dynamic"},"backendAddressPools":{"type":"Array","value":[{"name":"bepool1"},{"name":"bepool2"}]},"tags":{"type":"Object","value":{"key":"super=value"}}},"mode":"Incremental","provisioningState":"Succeeded","timestamp":"2020-07-06T19:40:59.5456821Z","duration":"PT0S","correlationId":"8d6e9b85-6421-4bb1-a7c0-12f6cb517bb3","providers":[{"namespace":"Microsoft.Network","resourceTypes":[{"resourceType":"loadBalancers","locations":["westus"]}]}],"dependencies":[],"validatedResources":[{"id":"/subscriptions/00000000-0000-0000-0000-000000000000/resourceGroups/cli_test_deployment000001/providers/Microsoft.Network/loadBalancers/test-lb"}]}}'
    headers:
      cache-control:
      - no-cache
      content-length:
      - '1426'
      content-type:
      - application/json; charset=utf-8
      date:
      - Mon, 06 Jul 2020 19:40:59 GMT
      expires:
      - '-1'
      pragma:
      - no-cache
      strict-transport-security:
      - max-age=31536000; includeSubDomains
      transfer-encoding:
      - chunked
      vary:
      - Accept-Encoding
      x-content-type-options:
      - nosniff
      x-ms-ratelimit-remaining-subscription-writes:
      - '1199'
    status:
      code: 200
      message: OK
- request:
    body: null
    headers:
      Connection:
      - close
      Host:
      - raw.githubusercontent.com
      User-Agent:
      - Python-urllib/3.8
    method: GET
    uri: https://raw.githubusercontent.com/Azure/azure-cli/dev/src/azure-cli/azure/cli/command_modules/resource/tests/latest/test-params.json
  response:
    body:
      string: "{\n  \"$schema\": \"https://schema.management.azure.com/schemas/2015-01-01/deploymentParameters.json#\",\n
        \ \"contentVersion\": \"1.0.0.0\",\n  \"parameters\": {\n    \"name\": {\n
        \     \"value\": \"test-lb\"\n    },\n    \"location\": {\n      \"value\":
        \"westus\"\n    },\n    \"privateIPAllocationMethod\": {\n      \"value\":
        \"Dynamic\"\n    },\n    \"tags\": {\n      \"value\": {\n        \"key\":
        \"super=value\"\n      }\n    }\n  }\n}"
    headers:
      accept-ranges:
      - bytes
      access-control-allow-origin:
      - '*'
      cache-control:
      - max-age=300
      connection:
      - close
      content-length:
      - '390'
      content-security-policy:
      - default-src 'none'; style-src 'unsafe-inline'; sandbox
      content-type:
      - text/plain; charset=utf-8
      date:
      - Mon, 06 Jul 2020 19:41:00 GMT
      etag:
      - '"1c23f331a1fb7e4cfba7c70e002f81f4096234811e9470479a537be84a009123"'
      expires:
      - Mon, 06 Jul 2020 19:46:00 GMT
      source-age:
      - '0'
      strict-transport-security:
      - max-age=31536000
      vary:
      - Authorization,Accept-Encoding
      via:
      - 1.1 varnish (Varnish/6.0)
      - 1.1 varnish
      x-cache:
      - MISS, MISS
      x-cache-hits:
      - 0, 0
      x-content-type-options:
      - nosniff
      x-fastly-request-id:
      - 4f80816ef7e4c6574946d98ebcaf4b2b1be91fc5
      x-frame-options:
      - deny
      x-github-request-id:
      - 3796:1AB4:1CCB63:23253E:5F037E4A
      x-served-by:
      - cache-fty21342-FTY
      x-timer:
      - S1594064460.993758,VS0,VE114
      x-xss-protection:
      - 1; mode=block
    status:
      code: 200
      message: OK
- request:
    body: 'b''{"properties": {"parameters": {"name": {"value": "test-lb"}, "location":
      {"value": "westus"}, "privateIPAllocationMethod": {"value": "Dynamic"}, "tags":
      {"value": {"key": "super=value"}}, "subnetId": {"value": "/subscriptions/00000000-0000-0000-0000-000000000000/resourceGroups/cli_test_deployment000001/providers/Microsoft.Network/virtualNetworks/vnet1/subnets/subnet1"},
      "backendAddressPools": {"value": [{"name": "bepool1"}, {"name": "bepool2"}]}},
      "mode": "Incremental", template:{\r\n  "$schema": "http://schema.management.azure.com/schemas/2015-01-01/deploymentTemplate.json#",\r\n  "contentVersion":
      "1.0.0.0",\r\n  "parameters": {\r\n    "name": {\r\n      "type": "string"\r\n    },\r\n    "location":
      {\r\n      "type": "string"\r\n    },\r\n    "subnetId": {\r\n      "type":
      "string"\r\n    },\r\n    "privateIPAllocationMethod": {\r\n      "type": "string"\r\n    },\r\n    "backendAddressPools":
      {\r\n      "type": "array"\r\n    },\r\n    "tags": {\r\n      "type": "object"\r\n    }\r\n  },\r\n  "resources":
      [\r\n    {\r\n      "apiVersion": "2016-03-30",\r\n      "dependsOn": [ ],\r\n      "location":
      "[parameters(\''location\'')]",\r\n      "name": "[parameters(\''name\'')]",\r\n      "properties":
      {\r\n        "frontendIPConfigurations": [\r\n          {\r\n            "name":
      "LoadBalancerFrontEnd",\r\n            "properties": {\r\n              "privateIPAllocationMethod":
      "[parameters(\''privateIPAllocationMethod\'')]",\r\n              "subnet":
      {\r\n                "id": "[parameters(\''subnetId\'')]"\r\n              }\r\n            }\r\n          }\r\n        ],\r\n        "backendAddressPools":
      "[parameters(\''backendAddressPools\'')]"\r\n      },\r\n      "tags": "[parameters(\''tags\'')]",\r\n      "type":
      "Microsoft.Network/loadBalancers"\r\n    }\r\n  ] // comment\r\n}}}'''
    headers:
      Accept:
      - application/json
      Accept-Encoding:
      - gzip, deflate
      CommandName:
      - group deployment validate
      Connection:
      - keep-alive
      Content-Length:
      - '1751'
      Content-Type:
      - application/json; charset=utf-8
      ParameterSetName:
      - -g --template-file --parameters --parameters --parameters
      User-Agent:
      - python/3.8.3 (Windows-10-10.0.19041-SP0) msrest/0.6.9 msrest_azure/0.6.3 azure-mgmt-resource/10.1.0
        Azure-SDK-For-Python AZURECLI/2.8.0
      accept-language:
      - en-US
    method: POST
    uri: https://management.azure.com/subscriptions/00000000-0000-0000-0000-000000000000/resourcegroups/cli_test_deployment000001/providers/Microsoft.Resources/deployments/mock-deployment/validate?api-version=2020-06-01
  response:
    body:
      string: '{"id":"/subscriptions/00000000-0000-0000-0000-000000000000/resourceGroups/cli_test_deployment000001/providers/Microsoft.Resources/deployments/deployment_dry_run","name":"deployment_dry_run","type":"Microsoft.Resources/deployments","properties":{"templateHash":"16281834986780566039","parameters":{"name":{"type":"String","value":"test-lb"},"location":{"type":"String","value":"westus"},"subnetId":{"type":"String","value":"/subscriptions/00000000-0000-0000-0000-000000000000/resourceGroups/cli_test_deployment000001/providers/Microsoft.Network/virtualNetworks/vnet1/subnets/subnet1"},"privateIPAllocationMethod":{"type":"String","value":"Dynamic"},"backendAddressPools":{"type":"Array","value":[{"name":"bepool1"},{"name":"bepool2"}]},"tags":{"type":"Object","value":{"key":"super=value"}}},"mode":"Incremental","provisioningState":"Succeeded","timestamp":"2020-07-06T19:41:00.9808519Z","duration":"PT0S","correlationId":"4cb1169d-c1b6-4660-9a2b-e573706b6ffa","providers":[{"namespace":"Microsoft.Network","resourceTypes":[{"resourceType":"loadBalancers","locations":["westus"]}]}],"dependencies":[],"validatedResources":[{"id":"/subscriptions/00000000-0000-0000-0000-000000000000/resourceGroups/cli_test_deployment000001/providers/Microsoft.Network/loadBalancers/test-lb"}]}}'
    headers:
      cache-control:
      - no-cache
      content-length:
      - '1426'
      content-type:
      - application/json; charset=utf-8
      date:
      - Mon, 06 Jul 2020 19:41:00 GMT
      expires:
      - '-1'
      pragma:
      - no-cache
      strict-transport-security:
      - max-age=31536000; includeSubDomains
      transfer-encoding:
      - chunked
      vary:
      - Accept-Encoding
      x-content-type-options:
      - nosniff
      x-ms-ratelimit-remaining-subscription-writes:
      - '1199'
    status:
      code: 200
      message: OK
- request:
    body: 'b''{"properties": {"parameters": {"name": {"value": "test-lb"}, "location":
      {"value": "westus"}, "privateIPAllocationMethod": {"value": "Dynamic"}, "tags":
      {"value": {"key": "super=value"}}, "subnetId": {"value": "/subscriptions/00000000-0000-0000-0000-000000000000/resourceGroups/cli_test_deployment000001/providers/Microsoft.Network/virtualNetworks/vnet1/subnets/subnet1"},
      "backendAddressPools": {"value": [{"name": "bepool1"}, {"name": "bepool2"}]}},
      "mode": "Incremental", template:{\r\n  "$schema": "http://schema.management.azure.com/schemas/2015-01-01/deploymentTemplate.json#",\r\n  "contentVersion":
      "1.0.0.0",\r\n  "parameters": {\r\n    "name": {\r\n      "type": "string"\r\n    },\r\n    "location":
      {\r\n      "type": "string"\r\n    },\r\n    "subnetId": {\r\n      "type":
      "string"\r\n    },\r\n    "privateIPAllocationMethod": {\r\n      "type": "string"\r\n    },\r\n    "backendAddressPools":
      {\r\n      "type": "array"\r\n    },\r\n    "tags": {\r\n      "type": "object"\r\n    }\r\n  },\r\n  "resources":
      [\r\n    {\r\n      "apiVersion": "2016-03-30",\r\n      "dependsOn": [ ],\r\n      "location":
      "[parameters(\''location\'')]",\r\n      "name": "[parameters(\''name\'')]",\r\n      "properties":
      {\r\n        "frontendIPConfigurations": [\r\n          {\r\n            "name":
      "LoadBalancerFrontEnd",\r\n            "properties": {\r\n              "privateIPAllocationMethod":
      "[parameters(\''privateIPAllocationMethod\'')]",\r\n              "subnet":
      {\r\n                "id": "[parameters(\''subnetId\'')]"\r\n              }\r\n            }\r\n          }\r\n        ],\r\n        "backendAddressPools":
      "[parameters(\''backendAddressPools\'')]"\r\n      },\r\n      "tags": "[parameters(\''tags\'')]",\r\n      "type":
      "Microsoft.Network/loadBalancers"\r\n    }\r\n  ] // comment\r\n}}}'''
    headers:
      Accept:
      - application/json
      Accept-Encoding:
      - gzip, deflate
      CommandName:
      - group deployment create
      Connection:
      - keep-alive
      Content-Length:
      - '1751'
      Content-Type:
      - application/json; charset=utf-8
      ParameterSetName:
      - -g -n --template-file --parameters --parameters --parameters
      User-Agent:
      - python/3.8.3 (Windows-10-10.0.19041-SP0) msrest/0.6.9 msrest_azure/0.6.3 azure-mgmt-resource/10.1.0
        Azure-SDK-For-Python AZURECLI/2.8.0
      accept-language:
      - en-US
    method: POST
    uri: https://management.azure.com/subscriptions/00000000-0000-0000-0000-000000000000/resourcegroups/cli_test_deployment000001/providers/Microsoft.Resources/deployments/mock-deployment/validate?api-version=2020-06-01
  response:
    body:
      string: '{"id":"/subscriptions/00000000-0000-0000-0000-000000000000/resourceGroups/cli_test_deployment000001/providers/Microsoft.Resources/deployments/azure-cli-deployment","name":"azure-cli-deployment","type":"Microsoft.Resources/deployments","properties":{"templateHash":"16281834986780566039","parameters":{"name":{"type":"String","value":"test-lb"},"location":{"type":"String","value":"westus"},"subnetId":{"type":"String","value":"/subscriptions/00000000-0000-0000-0000-000000000000/resourceGroups/cli_test_deployment000001/providers/Microsoft.Network/virtualNetworks/vnet1/subnets/subnet1"},"privateIPAllocationMethod":{"type":"String","value":"Dynamic"},"backendAddressPools":{"type":"Array","value":[{"name":"bepool1"},{"name":"bepool2"}]},"tags":{"type":"Object","value":{"key":"super=value"}}},"mode":"Incremental","provisioningState":"Succeeded","timestamp":"2020-07-06T19:41:02.0233268Z","duration":"PT0S","correlationId":"8f7c7b31-9451-4ae0-9503-e238e2aec3f7","providers":[{"namespace":"Microsoft.Network","resourceTypes":[{"resourceType":"loadBalancers","locations":["westus"]}]}],"dependencies":[],"validatedResources":[{"id":"/subscriptions/00000000-0000-0000-0000-000000000000/resourceGroups/cli_test_deployment000001/providers/Microsoft.Network/loadBalancers/test-lb"}]}}'
    headers:
      cache-control:
      - no-cache
      content-length:
      - '1430'
      content-type:
      - application/json; charset=utf-8
      date:
      - Mon, 06 Jul 2020 19:41:02 GMT
      expires:
      - '-1'
      pragma:
      - no-cache
      strict-transport-security:
      - max-age=31536000; includeSubDomains
      transfer-encoding:
      - chunked
      vary:
      - Accept-Encoding
      x-content-type-options:
      - nosniff
      x-ms-ratelimit-remaining-subscription-writes:
      - '1199'
    status:
      code: 200
      message: OK
- request:
    body: 'b''{"properties": {"parameters": {"name": {"value": "test-lb"}, "location":
      {"value": "westus"}, "privateIPAllocationMethod": {"value": "Dynamic"}, "tags":
      {"value": {"key": "super=value"}}, "subnetId": {"value": "/subscriptions/00000000-0000-0000-0000-000000000000/resourceGroups/cli_test_deployment000001/providers/Microsoft.Network/virtualNetworks/vnet1/subnets/subnet1"},
      "backendAddressPools": {"value": [{"name": "bepool1"}, {"name": "bepool2"}]}},
      "mode": "Incremental", template:{\r\n  "$schema": "http://schema.management.azure.com/schemas/2015-01-01/deploymentTemplate.json#",\r\n  "contentVersion":
      "1.0.0.0",\r\n  "parameters": {\r\n    "name": {\r\n      "type": "string"\r\n    },\r\n    "location":
      {\r\n      "type": "string"\r\n    },\r\n    "subnetId": {\r\n      "type":
      "string"\r\n    },\r\n    "privateIPAllocationMethod": {\r\n      "type": "string"\r\n    },\r\n    "backendAddressPools":
      {\r\n      "type": "array"\r\n    },\r\n    "tags": {\r\n      "type": "object"\r\n    }\r\n  },\r\n  "resources":
      [\r\n    {\r\n      "apiVersion": "2016-03-30",\r\n      "dependsOn": [ ],\r\n      "location":
      "[parameters(\''location\'')]",\r\n      "name": "[parameters(\''name\'')]",\r\n      "properties":
      {\r\n        "frontendIPConfigurations": [\r\n          {\r\n            "name":
      "LoadBalancerFrontEnd",\r\n            "properties": {\r\n              "privateIPAllocationMethod":
      "[parameters(\''privateIPAllocationMethod\'')]",\r\n              "subnet":
      {\r\n                "id": "[parameters(\''subnetId\'')]"\r\n              }\r\n            }\r\n          }\r\n        ],\r\n        "backendAddressPools":
      "[parameters(\''backendAddressPools\'')]"\r\n      },\r\n      "tags": "[parameters(\''tags\'')]",\r\n      "type":
      "Microsoft.Network/loadBalancers"\r\n    }\r\n  ] // comment\r\n}}}'''
    headers:
      Accept:
      - application/json
      Accept-Encoding:
      - gzip, deflate
      CommandName:
      - group deployment create
      Connection:
      - keep-alive
      Content-Length:
      - '1751'
      Content-Type:
      - application/json; charset=utf-8
      ParameterSetName:
      - -g -n --template-file --parameters --parameters --parameters
      User-Agent:
      - python/3.8.3 (Windows-10-10.0.19041-SP0) msrest/0.6.9 msrest_azure/0.6.3 azure-mgmt-resource/10.1.0
        Azure-SDK-For-Python AZURECLI/2.8.0
      accept-language:
      - en-US
    method: PUT
    uri: https://management.azure.com/subscriptions/00000000-0000-0000-0000-000000000000/resourcegroups/cli_test_deployment000001/providers/Microsoft.Resources/deployments/mock-deployment?api-version=2020-06-01
  response:
    body:
      string: '{"id":"/subscriptions/00000000-0000-0000-0000-000000000000/resourceGroups/cli_test_deployment000001/providers/Microsoft.Resources/deployments/azure-cli-deployment","name":"azure-cli-deployment","type":"Microsoft.Resources/deployments","properties":{"templateHash":"16281834986780566039","parameters":{"name":{"type":"String","value":"test-lb"},"location":{"type":"String","value":"westus"},"subnetId":{"type":"String","value":"/subscriptions/00000000-0000-0000-0000-000000000000/resourceGroups/cli_test_deployment000001/providers/Microsoft.Network/virtualNetworks/vnet1/subnets/subnet1"},"privateIPAllocationMethod":{"type":"String","value":"Dynamic"},"backendAddressPools":{"type":"Array","value":[{"name":"bepool1"},{"name":"bepool2"}]},"tags":{"type":"Object","value":{"key":"super=value"}}},"mode":"Incremental","provisioningState":"Accepted","timestamp":"2020-07-06T19:41:03.4073838Z","duration":"PT0.7624993S","correlationId":"657e8b3d-01b7-4d2e-8e60-c60b5928ac53","providers":[{"namespace":"Microsoft.Network","resourceTypes":[{"resourceType":"loadBalancers","locations":["westus"]}]}],"dependencies":[]}}'
    headers:
      azure-asyncoperation:
      - https://management.azure.com/subscriptions/00000000-0000-0000-0000-000000000000/resourcegroups/cli_test_deployment000001/providers/Microsoft.Resources/deployments/azure-cli-deployment/operationStatuses/08586075424228327513?api-version=2020-06-01
      cache-control:
      - no-cache
      content-length:
      - '1212'
      content-type:
      - application/json; charset=utf-8
      date:
      - Mon, 06 Jul 2020 19:41:03 GMT
      expires:
      - '-1'
      pragma:
      - no-cache
      strict-transport-security:
      - max-age=31536000; includeSubDomains
      x-content-type-options:
      - nosniff
      x-ms-ratelimit-remaining-subscription-writes:
      - '1199'
    status:
      code: 201
      message: Created
- request:
    body: null
    headers:
      Accept:
      - application/json
      Accept-Encoding:
      - gzip, deflate
      CommandName:
      - group deployment create
      Connection:
      - keep-alive
      ParameterSetName:
      - -g -n --template-file --parameters --parameters --parameters
      User-Agent:
      - python/3.8.3 (Windows-10-10.0.19041-SP0) msrest/0.6.9 msrest_azure/0.6.3 azure-mgmt-resource/10.1.0
        Azure-SDK-For-Python AZURECLI/2.8.0
    method: GET
    uri: https://management.azure.com/subscriptions/00000000-0000-0000-0000-000000000000/resourcegroups/cli_test_deployment000001/providers/Microsoft.Resources/deployments/mock-deployment/operationStatuses/08586075424228327513?api-version=2020-06-01
  response:
    body:
      string: '{"status":"Succeeded"}'
    headers:
      cache-control:
      - no-cache
      content-length:
      - '22'
      content-type:
      - application/json; charset=utf-8
      date:
      - Mon, 06 Jul 2020 19:41:33 GMT
      expires:
      - '-1'
      pragma:
      - no-cache
      strict-transport-security:
      - max-age=31536000; includeSubDomains
      vary:
      - Accept-Encoding
      x-content-type-options:
      - nosniff
    status:
      code: 200
      message: OK
- request:
    body: null
    headers:
      Accept:
      - application/json
      Accept-Encoding:
      - gzip, deflate
      CommandName:
      - group deployment create
      Connection:
      - keep-alive
      ParameterSetName:
      - -g -n --template-file --parameters --parameters --parameters
      User-Agent:
      - python/3.8.3 (Windows-10-10.0.19041-SP0) msrest/0.6.9 msrest_azure/0.6.3 azure-mgmt-resource/10.1.0
        Azure-SDK-For-Python AZURECLI/2.8.0
    method: GET
    uri: https://management.azure.com/subscriptions/00000000-0000-0000-0000-000000000000/resourcegroups/cli_test_deployment000001/providers/Microsoft.Resources/deployments/mock-deployment?api-version=2020-06-01
  response:
    body:
      string: '{"id":"/subscriptions/00000000-0000-0000-0000-000000000000/resourceGroups/cli_test_deployment000001/providers/Microsoft.Resources/deployments/azure-cli-deployment","name":"azure-cli-deployment","type":"Microsoft.Resources/deployments","properties":{"templateHash":"16281834986780566039","parameters":{"name":{"type":"String","value":"test-lb"},"location":{"type":"String","value":"westus"},"subnetId":{"type":"String","value":"/subscriptions/00000000-0000-0000-0000-000000000000/resourceGroups/cli_test_deployment000001/providers/Microsoft.Network/virtualNetworks/vnet1/subnets/subnet1"},"privateIPAllocationMethod":{"type":"String","value":"Dynamic"},"backendAddressPools":{"type":"Array","value":[{"name":"bepool1"},{"name":"bepool2"}]},"tags":{"type":"Object","value":{"key":"super=value"}}},"mode":"Incremental","provisioningState":"Succeeded","timestamp":"2020-07-06T19:41:08.550039Z","duration":"PT5.9051545S","correlationId":"657e8b3d-01b7-4d2e-8e60-c60b5928ac53","providers":[{"namespace":"Microsoft.Network","resourceTypes":[{"resourceType":"loadBalancers","locations":["westus"]}]}],"dependencies":[],"outputResources":[{"id":"/subscriptions/00000000-0000-0000-0000-000000000000/resourceGroups/cli_test_deployment000001/providers/Microsoft.Network/loadBalancers/test-lb"}]}}'
    headers:
      cache-control:
      - no-cache
      content-length:
      - '1434'
      content-type:
      - application/json; charset=utf-8
      date:
      - Mon, 06 Jul 2020 19:41:33 GMT
      expires:
      - '-1'
      pragma:
      - no-cache
      strict-transport-security:
      - max-age=31536000; includeSubDomains
      vary:
      - Accept-Encoding
      x-content-type-options:
      - nosniff
    status:
      code: 200
      message: OK
- request:
    body: null
    headers:
      Accept:
      - application/json
      Accept-Encoding:
      - gzip, deflate
      CommandName:
      - network lb show
      Connection:
      - keep-alive
      ParameterSetName:
      - -g -n
      User-Agent:
      - python/3.8.3 (Windows-10-10.0.19041-SP0) msrest/0.6.9 msrest_azure/0.6.3 azure-mgmt-network/11.0.0
        Azure-SDK-For-Python AZURECLI/2.8.0
      accept-language:
      - en-US
    method: GET
    uri: https://management.azure.com/subscriptions/00000000-0000-0000-0000-000000000000/resourceGroups/cli_test_deployment000001/providers/Microsoft.Network/loadBalancers/test-lb?api-version=2020-05-01
  response:
    body:
      string: "{\r\n  \"name\": \"test-lb\",\r\n  \"id\": \"/subscriptions/00000000-0000-0000-0000-000000000000/resourceGroups/cli_test_deployment000001/providers/Microsoft.Network/loadBalancers/test-lb\",\r\n
        \ \"etag\": \"W/\\\"04e42745-7713-49a3-a0b8-9ee61993a3b5\\\"\",\r\n  \"type\":
        \"Microsoft.Network/loadBalancers\",\r\n  \"location\": \"westus\",\r\n  \"tags\":
        {\r\n    \"key\": \"super=value\"\r\n  },\r\n  \"properties\": {\r\n    \"provisioningState\":
        \"Succeeded\",\r\n    \"resourceGuid\": \"adc891fc-a250-4777-95e2-c09148290eb9\",\r\n
        \   \"frontendIPConfigurations\": [\r\n      {\r\n        \"name\": \"LoadBalancerFrontEnd\",\r\n
        \       \"id\": \"/subscriptions/00000000-0000-0000-0000-000000000000/resourceGroups/cli_test_deployment000001/providers/Microsoft.Network/loadBalancers/test-lb/frontendIPConfigurations/LoadBalancerFrontEnd\",\r\n
        \       \"etag\": \"W/\\\"04e42745-7713-49a3-a0b8-9ee61993a3b5\\\"\",\r\n
        \       \"type\": \"Microsoft.Network/loadBalancers/frontendIPConfigurations\",\r\n
        \       \"properties\": {\r\n          \"provisioningState\": \"Succeeded\",\r\n
        \         \"privateIPAddress\": \"10.0.0.4\",\r\n          \"privateIPAllocationMethod\":
        \"Dynamic\",\r\n          \"subnet\": {\r\n            \"id\": \"/subscriptions/00000000-0000-0000-0000-000000000000/resourceGroups/cli_test_deployment000001/providers/Microsoft.Network/virtualNetworks/vnet1/subnets/subnet1\"\r\n
        \         },\r\n          \"privateIPAddressVersion\": \"IPv4\"\r\n        }\r\n
        \     }\r\n    ],\r\n    \"backendAddressPools\": [\r\n      {\r\n        \"name\":
        \"bepool1\",\r\n        \"id\": \"/subscriptions/00000000-0000-0000-0000-000000000000/resourceGroups/cli_test_deployment000001/providers/Microsoft.Network/loadBalancers/test-lb/backendAddressPools/bepool1\",\r\n
        \       \"etag\": \"W/\\\"04e42745-7713-49a3-a0b8-9ee61993a3b5\\\"\",\r\n
        \       \"properties\": {\r\n          \"provisioningState\": \"Succeeded\"\r\n
        \       },\r\n        \"type\": \"Microsoft.Network/loadBalancers/backendAddressPools\"\r\n
        \     },\r\n      {\r\n        \"name\": \"bepool2\",\r\n        \"id\": \"/subscriptions/00000000-0000-0000-0000-000000000000/resourceGroups/cli_test_deployment000001/providers/Microsoft.Network/loadBalancers/test-lb/backendAddressPools/bepool2\",\r\n
        \       \"etag\": \"W/\\\"04e42745-7713-49a3-a0b8-9ee61993a3b5\\\"\",\r\n
        \       \"properties\": {\r\n          \"provisioningState\": \"Succeeded\"\r\n
        \       },\r\n        \"type\": \"Microsoft.Network/loadBalancers/backendAddressPools\"\r\n
        \     }\r\n    ],\r\n    \"loadBalancingRules\": [],\r\n    \"probes\": [],\r\n
        \   \"inboundNatRules\": [],\r\n    \"inboundNatPools\": []\r\n  },\r\n  \"sku\":
        {\r\n    \"name\": \"Basic\"\r\n  }\r\n}"
    headers:
      cache-control:
      - no-cache
      content-length:
      - '2697'
      content-type:
      - application/json; charset=utf-8
      date:
      - Mon, 06 Jul 2020 19:41:34 GMT
      etag:
      - W/"04e42745-7713-49a3-a0b8-9ee61993a3b5"
      expires:
      - '-1'
      pragma:
      - no-cache
      server:
      - Microsoft-HTTPAPI/2.0
      - Microsoft-HTTPAPI/2.0
      strict-transport-security:
      - max-age=31536000; includeSubDomains
      transfer-encoding:
      - chunked
      vary:
      - Accept-Encoding
      x-content-type-options:
      - nosniff
      x-ms-arm-service-request-id:
      - 495b9b7c-562b-401c-b194-9ea64832d0f2
    status:
      code: 200
      message: OK
- request:
    body: null
    headers:
      Accept:
      - application/json
      Accept-Encoding:
      - gzip, deflate
      CommandName:
      - group deployment list
      Connection:
      - keep-alive
      ParameterSetName:
      - -g
      User-Agent:
      - python/3.8.3 (Windows-10-10.0.19041-SP0) msrest/0.6.9 msrest_azure/0.6.3 azure-mgmt-resource/10.1.0
        Azure-SDK-For-Python AZURECLI/2.8.0
      accept-language:
      - en-US
    method: GET
    uri: https://management.azure.com/subscriptions/00000000-0000-0000-0000-000000000000/resourcegroups/cli_test_deployment000001/providers/Microsoft.Resources/deployments/?api-version=2020-06-01
  response:
    body:
      string: '{"value":[{"id":"/subscriptions/00000000-0000-0000-0000-000000000000/resourceGroups/cli_test_deployment000001/providers/Microsoft.Resources/deployments/azure-cli-deployment","name":"azure-cli-deployment","type":"Microsoft.Resources/deployments","properties":{"templateHash":"16281834986780566039","parameters":{"name":{"type":"String","value":"test-lb"},"location":{"type":"String","value":"westus"},"subnetId":{"type":"String","value":"/subscriptions/00000000-0000-0000-0000-000000000000/resourceGroups/cli_test_deployment000001/providers/Microsoft.Network/virtualNetworks/vnet1/subnets/subnet1"},"privateIPAllocationMethod":{"type":"String","value":"Dynamic"},"backendAddressPools":{"type":"Array","value":[{"name":"bepool1"},{"name":"bepool2"}]},"tags":{"type":"Object","value":{"key":"super=value"}}},"mode":"Incremental","provisioningState":"Succeeded","timestamp":"2020-07-06T19:41:08.550039Z","duration":"PT5.9051545S","correlationId":"657e8b3d-01b7-4d2e-8e60-c60b5928ac53","providers":[{"namespace":"Microsoft.Network","resourceTypes":[{"resourceType":"loadBalancers","locations":["westus"]}]}],"dependencies":[],"outputResources":[{"id":"/subscriptions/00000000-0000-0000-0000-000000000000/resourceGroups/cli_test_deployment000001/providers/Microsoft.Network/loadBalancers/test-lb"}]}}]}'
    headers:
      cache-control:
      - no-cache
      content-length:
      - '1446'
      content-type:
      - application/json; charset=utf-8
      date:
      - Mon, 06 Jul 2020 19:41:35 GMT
      expires:
      - '-1'
      pragma:
      - no-cache
      strict-transport-security:
      - max-age=31536000; includeSubDomains
      vary:
      - Accept-Encoding
      x-content-type-options:
      - nosniff
    status:
      code: 200
      message: OK
- request:
    body: null
    headers:
      Accept:
      - application/json
      Accept-Encoding:
      - gzip, deflate
      CommandName:
      - group deployment list
      Connection:
      - keep-alive
      ParameterSetName:
      - -g --filter
      User-Agent:
      - python/3.8.3 (Windows-10-10.0.19041-SP0) msrest/0.6.9 msrest_azure/0.6.3 azure-mgmt-resource/10.1.0
        Azure-SDK-For-Python AZURECLI/2.8.0
      accept-language:
      - en-US
    method: GET
    uri: https://management.azure.com/subscriptions/00000000-0000-0000-0000-000000000000/resourcegroups/cli_test_deployment000001/providers/Microsoft.Resources/deployments/?$filter=provisioningState%20eq%20%27Succeeded%27&api-version=2020-06-01
  response:
    body:
      string: '{"value":[{"id":"/subscriptions/00000000-0000-0000-0000-000000000000/resourceGroups/cli_test_deployment000001/providers/Microsoft.Resources/deployments/azure-cli-deployment","name":"azure-cli-deployment","type":"Microsoft.Resources/deployments","properties":{"templateHash":"16281834986780566039","parameters":{"name":{"type":"String","value":"test-lb"},"location":{"type":"String","value":"westus"},"subnetId":{"type":"String","value":"/subscriptions/00000000-0000-0000-0000-000000000000/resourceGroups/cli_test_deployment000001/providers/Microsoft.Network/virtualNetworks/vnet1/subnets/subnet1"},"privateIPAllocationMethod":{"type":"String","value":"Dynamic"},"backendAddressPools":{"type":"Array","value":[{"name":"bepool1"},{"name":"bepool2"}]},"tags":{"type":"Object","value":{"key":"super=value"}}},"mode":"Incremental","provisioningState":"Succeeded","timestamp":"2020-07-06T19:41:08.550039Z","duration":"PT5.9051545S","correlationId":"657e8b3d-01b7-4d2e-8e60-c60b5928ac53","providers":[{"namespace":"Microsoft.Network","resourceTypes":[{"resourceType":"loadBalancers","locations":["westus"]}]}],"dependencies":[],"outputResources":[{"id":"/subscriptions/00000000-0000-0000-0000-000000000000/resourceGroups/cli_test_deployment000001/providers/Microsoft.Network/loadBalancers/test-lb"}]}}]}'
    headers:
      cache-control:
      - no-cache
      content-length:
      - '1446'
      content-type:
      - application/json; charset=utf-8
      date:
      - Mon, 06 Jul 2020 19:41:36 GMT
      expires:
      - '-1'
      pragma:
      - no-cache
      strict-transport-security:
      - max-age=31536000; includeSubDomains
      vary:
      - Accept-Encoding
      x-content-type-options:
      - nosniff
    status:
      code: 200
      message: OK
- request:
    body: null
    headers:
      Accept:
      - application/json
      Accept-Encoding:
      - gzip, deflate
      CommandName:
      - group deployment show
      Connection:
      - keep-alive
      ParameterSetName:
      - -g -n
      User-Agent:
      - python/3.8.3 (Windows-10-10.0.19041-SP0) msrest/0.6.9 msrest_azure/0.6.3 azure-mgmt-resource/10.1.0
        Azure-SDK-For-Python AZURECLI/2.8.0
      accept-language:
      - en-US
    method: GET
    uri: https://management.azure.com/subscriptions/00000000-0000-0000-0000-000000000000/resourcegroups/cli_test_deployment000001/providers/Microsoft.Resources/deployments/mock-deployment?api-version=2020-06-01
  response:
    body:
      string: '{"id":"/subscriptions/00000000-0000-0000-0000-000000000000/resourceGroups/cli_test_deployment000001/providers/Microsoft.Resources/deployments/azure-cli-deployment","name":"azure-cli-deployment","type":"Microsoft.Resources/deployments","properties":{"templateHash":"16281834986780566039","parameters":{"name":{"type":"String","value":"test-lb"},"location":{"type":"String","value":"westus"},"subnetId":{"type":"String","value":"/subscriptions/00000000-0000-0000-0000-000000000000/resourceGroups/cli_test_deployment000001/providers/Microsoft.Network/virtualNetworks/vnet1/subnets/subnet1"},"privateIPAllocationMethod":{"type":"String","value":"Dynamic"},"backendAddressPools":{"type":"Array","value":[{"name":"bepool1"},{"name":"bepool2"}]},"tags":{"type":"Object","value":{"key":"super=value"}}},"mode":"Incremental","provisioningState":"Succeeded","timestamp":"2020-07-06T19:41:08.550039Z","duration":"PT5.9051545S","correlationId":"657e8b3d-01b7-4d2e-8e60-c60b5928ac53","providers":[{"namespace":"Microsoft.Network","resourceTypes":[{"resourceType":"loadBalancers","locations":["westus"]}]}],"dependencies":[],"outputResources":[{"id":"/subscriptions/00000000-0000-0000-0000-000000000000/resourceGroups/cli_test_deployment000001/providers/Microsoft.Network/loadBalancers/test-lb"}]}}'
    headers:
      cache-control:
      - no-cache
      content-length:
      - '1434'
      content-type:
      - application/json; charset=utf-8
      date:
      - Mon, 06 Jul 2020 19:41:36 GMT
      expires:
      - '-1'
      pragma:
      - no-cache
      strict-transport-security:
      - max-age=31536000; includeSubDomains
      vary:
      - Accept-Encoding
      x-content-type-options:
      - nosniff
    status:
      code: 200
      message: OK
- request:
    body: null
    headers:
      Accept:
      - application/json
      Accept-Encoding:
      - gzip, deflate
      CommandName:
      - group deployment operation list
      Connection:
      - keep-alive
      ParameterSetName:
      - -g -n
      User-Agent:
      - python/3.8.3 (Windows-10-10.0.19041-SP0) msrest/0.6.9 msrest_azure/0.6.3 azure-mgmt-resource/10.1.0
        Azure-SDK-For-Python AZURECLI/2.8.0
      accept-language:
      - en-US
    method: GET
    uri: https://management.azure.com/subscriptions/00000000-0000-0000-0000-000000000000/resourcegroups/cli_test_deployment000001/deployments/mock-deployment/operations?api-version=2020-06-01
  response:
    body:
      string: '{"value":[{"id":"/subscriptions/00000000-0000-0000-0000-000000000000/resourceGroups/cli_test_deployment000001/providers/Microsoft.Resources/deployments/azure-cli-deployment/operations/601597B1A8F7FB5A","operationId":"601597B1A8F7FB5A","properties":{"provisioningOperation":"Create","provisioningState":"Succeeded","timestamp":"2020-07-06T19:41:07.5949416Z","duration":"PT2.908944S","trackingId":"43d9a0dc-5214-4b05-a268-07ab8dfa4c78","serviceRequestId":"405cabab-359b-4a8c-b662-79f80b211d7c","statusCode":"Created","targetResource":{"id":"/subscriptions/00000000-0000-0000-0000-000000000000/resourceGroups/cli_test_deployment000001/providers/Microsoft.Network/loadBalancers/test-lb","resourceType":"Microsoft.Network/loadBalancers","resourceName":"test-lb"}}},{"id":"/subscriptions/00000000-0000-0000-0000-000000000000/resourceGroups/cli_test_deployment000001/providers/Microsoft.Resources/deployments/azure-cli-deployment/operations/08586075424228327513","operationId":"08586075424228327513","properties":{"provisioningOperation":"EvaluateDeploymentOutput","provisioningState":"Succeeded","timestamp":"2020-07-06T19:41:08.3326235Z","duration":"PT0.4260202S","trackingId":"4a36b5b3-0df3-4c50-923d-566f1c426338","statusCode":"OK","statusMessage":null}}]}'
    headers:
      cache-control:
      - no-cache
      content-length:
      - '1403'
      content-type:
      - application/json; charset=utf-8
      date:
      - Mon, 06 Jul 2020 19:41:37 GMT
      expires:
      - '-1'
      pragma:
      - no-cache
      strict-transport-security:
      - max-age=31536000; includeSubDomains
      vary:
      - Accept-Encoding
      x-content-type-options:
      - nosniff
    status:
      code: 200
      message: OK
version: 1
