interactions:
- request:
    body: '{"properties": {"template": {"$schema": "https://schema.management.azure.com/schemas/2015-01-01/deploymentParameters.json#",
      "contentVersion": "1.0.0.0", "resources": []}, "parameters": {}, "mode": "Incremental"}}'
    headers:
      Accept:
      - application/json
      Accept-Encoding:
      - gzip, deflate
      CommandName:
      - group deployment create
      Connection:
      - keep-alive
      Content-Length:
      - '213'
      Content-Type:
      - application/json; charset=utf-8
      ParameterSetName:
      - -g -n --template-file
      User-Agent:
      - python/3.7.4 (Windows-10-10.0.18362-SP0) msrest/0.6.9 msrest_azure/0.6.1 azure-mgmt-resource/3.1.0
        Azure-SDK-For-Python AZURECLI/2.0.71
      accept-language:
      - en-US
    method: PUT
    uri: https://management.azure.com/subscriptions/00000000-0000-0000-0000-000000000000/resourcegroups/cli_test_on_error_deployment_specificdeployment000001/providers/Microsoft.Resources/deployments/mock-deployment?api-version=2019-05-10
  response:
    body:
      string: '{"id":"/subscriptions/00000000-0000-0000-0000-000000000000/resourceGroups/cli_test_on_error_deployment_specificdeployment000001/providers/Microsoft.Resources/deployments/azure-cli-deployment000002","name":"azure-cli-deployment000002","type":"Microsoft.Resources/deployments","properties":{"templateHash":"2567930156074384302","mode":"Incremental","provisioningState":"Accepted","timestamp":"2019-08-28T02:21:01.6770179Z","duration":"PT0.0482007S","correlationId":"f335651d-516f-4f98-aa45-eb8211571405","providers":[],"dependencies":[]}}'
    headers:
      azure-asyncoperation:
      - https://management.azure.com/subscriptions/00000000-0000-0000-0000-000000000000/resourcegroups/cli_test_on_error_deployment_specificdeployment000001/providers/Microsoft.Resources/deployments/azure-cli-deployment000002/operationStatuses/08586346480238487721?api-version=2019-05-10
      cache-control:
      - no-cache
      content-length:
      - '566'
      content-type:
      - application/json; charset=utf-8
      date:
      - Wed, 28 Aug 2019 02:21:01 GMT
      expires:
      - '-1'
      pragma:
      - no-cache
      strict-transport-security:
      - max-age=31536000; includeSubDomains
      x-content-type-options:
      - nosniff
      x-ms-ratelimit-remaining-subscription-writes:
      - '1198'
    status:
      code: 201
      message: Created
- request:
    body: null
    headers:
      Accept:
      - application/json
      Accept-Encoding:
      - gzip, deflate
      CommandName:
      - group deployment create
      Connection:
      - keep-alive
      ParameterSetName:
      - -g -n --template-file
      User-Agent:
      - python/3.7.4 (Windows-10-10.0.18362-SP0) msrest/0.6.9 msrest_azure/0.6.1 azure-mgmt-resource/3.1.0
        Azure-SDK-For-Python AZURECLI/2.0.71
    method: GET
    uri: https://management.azure.com/subscriptions/00000000-0000-0000-0000-000000000000/resourcegroups/cli_test_on_error_deployment_specificdeployment000001/providers/Microsoft.Resources/deployments/mock-deployment/operationStatuses/08586346480238487721?api-version=2019-05-10
  response:
    body:
      string: '{"status":"Succeeded"}'
    headers:
      cache-control:
      - no-cache
      content-length:
      - '22'
      content-type:
      - application/json; charset=utf-8
      date:
      - Wed, 28 Aug 2019 02:21:31 GMT
      expires:
      - '-1'
      pragma:
      - no-cache
      strict-transport-security:
      - max-age=31536000; includeSubDomains
      vary:
      - Accept-Encoding
      x-content-type-options:
      - nosniff
    status:
      code: 200
      message: OK
- request:
    body: null
    headers:
      Accept:
      - application/json
      Accept-Encoding:
      - gzip, deflate
      CommandName:
      - group deployment create
      Connection:
      - keep-alive
      ParameterSetName:
      - -g -n --template-file
      User-Agent:
      - python/3.7.4 (Windows-10-10.0.18362-SP0) msrest/0.6.9 msrest_azure/0.6.1 azure-mgmt-resource/3.1.0
        Azure-SDK-For-Python AZURECLI/2.0.71
    method: GET
    uri: https://management.azure.com/subscriptions/00000000-0000-0000-0000-000000000000/resourcegroups/cli_test_on_error_deployment_specificdeployment000001/providers/Microsoft.Resources/deployments/mock-deployment?api-version=2019-05-10
  response:
    body:
      string: '{"id":"/subscriptions/00000000-0000-0000-0000-000000000000/resourceGroups/cli_test_on_error_deployment_specificdeployment000001/providers/Microsoft.Resources/deployments/azure-cli-deployment000002","name":"azure-cli-deployment000002","type":"Microsoft.Resources/deployments","properties":{"templateHash":"2567930156074384302","mode":"Incremental","provisioningState":"Succeeded","timestamp":"2019-08-28T02:21:15.8479361Z","duration":"PT14.2191189S","correlationId":"f335651d-516f-4f98-aa45-eb8211571405","providers":[],"dependencies":[],"outputResources":[]}}'
    headers:
      cache-control:
      - no-cache
      content-length:
      - '589'
      content-type:
      - application/json; charset=utf-8
      date:
      - Wed, 28 Aug 2019 02:21:31 GMT
      expires:
      - '-1'
      pragma:
      - no-cache
      strict-transport-security:
      - max-age=31536000; includeSubDomains
      vary:
      - Accept-Encoding
      x-content-type-options:
      - nosniff
    status:
      code: 200
      message: OK
- request:
    body: '{"properties": {"template": {"$schema": "https://schema.management.azure.com/schemas/2015-01-01/deploymentParameters.json#",
      "contentVersion": "1.0.0.0", "resources": []}, "parameters": {}, "mode": "Incremental",
      "onErrorDeployment": {"type": "SpecificDeployment", "deploymentName": "azure-cli-deployment000002"}}}'
    headers:
      Accept:
      - application/json
      Accept-Encoding:
      - gzip, deflate
      CommandName:
      - group deployment create
      Connection:
      - keep-alive
      Content-Length:
      - '318'
      Content-Type:
      - application/json; charset=utf-8
      ParameterSetName:
      - -g -n --template-file --rollback-on-error
      User-Agent:
      - python/3.7.4 (Windows-10-10.0.18362-SP0) msrest/0.6.9 msrest_azure/0.6.1 azure-mgmt-resource/3.1.0
        Azure-SDK-For-Python AZURECLI/2.0.71
      accept-language:
      - en-US
    method: PUT
    uri: https://management.azure.com/subscriptions/00000000-0000-0000-0000-000000000000/resourcegroups/cli_test_on_error_deployment_specificdeployment000001/providers/Microsoft.Resources/deployments/mock-deployment?api-version=2019-05-10
  response:
    body:
      string: '{"id":"/subscriptions/00000000-0000-0000-0000-000000000000/resourceGroups/cli_test_on_error_deployment_specificdeployment000001/providers/Microsoft.Resources/deployments/azure-cli-deployment000003","name":"azure-cli-deployment000003","type":"Microsoft.Resources/deployments","properties":{"templateHash":"2567930156074384302","mode":"Incremental","provisioningState":"Accepted","timestamp":"2019-08-28T02:21:33.3548353Z","duration":"PT0.0481057S","correlationId":"503a343a-03f0-46e7-899a-9b8352558822","providers":[],"dependencies":[],"onErrorDeployment":{"type":"SpecificDeployment","deploymentName":"azure-cli-deployment000002"}}}'
    headers:
      azure-asyncoperation:
      - https://management.azure.com/subscriptions/00000000-0000-0000-0000-000000000000/resourcegroups/cli_test_on_error_deployment_specificdeployment000001/providers/Microsoft.Resources/deployments/azure-cli-deployment000003/operationStatuses/08586346479921708724?api-version=2019-05-10
      cache-control:
      - no-cache
      content-length:
      - '666'
      content-type:
      - application/json; charset=utf-8
      date:
      - Wed, 28 Aug 2019 02:21:33 GMT
      expires:
      - '-1'
      pragma:
      - no-cache
      strict-transport-security:
      - max-age=31536000; includeSubDomains
      x-content-type-options:
      - nosniff
      x-ms-ratelimit-remaining-subscription-writes:
      - '1199'
    status:
      code: 201
      message: Created
- request:
    body: null
    headers:
      Accept:
      - application/json
      Accept-Encoding:
      - gzip, deflate
      CommandName:
      - group deployment create
      Connection:
      - keep-alive
      ParameterSetName:
      - -g -n --template-file --rollback-on-error
      User-Agent:
      - python/3.7.4 (Windows-10-10.0.18362-SP0) msrest/0.6.9 msrest_azure/0.6.1 azure-mgmt-resource/3.1.0
        Azure-SDK-For-Python AZURECLI/2.0.71
    method: GET
    uri: https://management.azure.com/subscriptions/00000000-0000-0000-0000-000000000000/resourcegroups/cli_test_on_error_deployment_specificdeployment000001/providers/Microsoft.Resources/deployments/mock-deployment/operationStatuses/08586346479921708724?api-version=2019-05-10
  response:
    body:
      string: '{"status":"Succeeded"}'
    headers:
      cache-control:
      - no-cache
      content-length:
      - '22'
      content-type:
      - application/json; charset=utf-8
      date:
      - Wed, 28 Aug 2019 02:22:03 GMT
      expires:
      - '-1'
      pragma:
      - no-cache
      strict-transport-security:
      - max-age=31536000; includeSubDomains
      vary:
      - Accept-Encoding
      x-content-type-options:
      - nosniff
    status:
      code: 200
      message: OK
- request:
    body: null
    headers:
      Accept:
      - application/json
      Accept-Encoding:
      - gzip, deflate
      CommandName:
      - group deployment create
      Connection:
      - keep-alive
      ParameterSetName:
      - -g -n --template-file --rollback-on-error
      User-Agent:
      - python/3.7.4 (Windows-10-10.0.18362-SP0) msrest/0.6.9 msrest_azure/0.6.1 azure-mgmt-resource/3.1.0
        Azure-SDK-For-Python AZURECLI/2.0.71
    method: GET
    uri: https://management.azure.com/subscriptions/00000000-0000-0000-0000-000000000000/resourcegroups/cli_test_on_error_deployment_specificdeployment000001/providers/Microsoft.Resources/deployments/mock-deployment?api-version=2019-05-10
  response:
    body:
      string: '{"id":"/subscriptions/00000000-0000-0000-0000-000000000000/resourceGroups/cli_test_on_error_deployment_specificdeployment000001/providers/Microsoft.Resources/deployments/azure-cli-deployment000003","name":"azure-cli-deployment000003","type":"Microsoft.Resources/deployments","properties":{"templateHash":"2567930156074384302","mode":"Incremental","provisioningState":"Succeeded","timestamp":"2019-08-28T02:21:50.3671791Z","duration":"PT17.0604495S","correlationId":"503a343a-03f0-46e7-899a-9b8352558822","providers":[],"dependencies":[],"onErrorDeployment":{"type":"SpecificDeployment","deploymentName":"azure-cli-deployment000002"},"outputResources":[]}}'
    headers:
      cache-control:
      - no-cache
      content-length:
      - '689'
      content-type:
      - application/json; charset=utf-8
      date:
      - Wed, 28 Aug 2019 02:22:03 GMT
      expires:
      - '-1'
      pragma:
      - no-cache
      strict-transport-security:
      - max-age=31536000; includeSubDomains
      vary:
      - Accept-Encoding
      x-content-type-options:
      - nosniff
    status:
      code: 200
      message: OK
version: 1
