interactions:
- request:
    body: null
    headers:
      Accept:
      - application/json
      Accept-Encoding:
      - gzip, deflate
      CommandName:
      - ts create
      Connection:
      - keep-alive
      ParameterSetName:
      - -g -n -v -l -f
      User-Agent:
      - AZURECLI/2.74.0 azsdk-python-core/1.31.0 Python/3.12.1 (Linux-6.8.0-1027-azure-x86_64-with-glibc2.31)
    method: GET
    uri: https://management.azure.com/subscriptions/00000000-0000-0000-0000-000000000000/resourceGroups/cli_test_template_specs_tenant_deploy000001/providers/Microsoft.Resources/templateSpecs/cli-test-sub-lvl-ts-deploy000002/versions/1.0?api-version=2022-02-01
  response:
    body:
      string: '{"error":{"code":"ResourceNotFound","message":"The Resource ''Microsoft.Resources/templateSpecs/cli-test-sub-lvl-ts-deploy000002/versions/1.0''
        under resource group ''cli_test_template_specs_tenant_deploy000001'' was not
        found. For more details please go to https://aka.ms/ARMResourceNotFoundFix"}}'
    headers:
      cache-control:
      - no-cache
      content-length:
      - '294'
      content-type:
      - application/json; charset=utf-8
      date:
      - Mon, 23 Jun 2025 22:27:20 GMT
      expires:
      - '-1'
      pragma:
      - no-cache
      strict-transport-security:
      - max-age=31536000; includeSubDomains
      x-cache:
      - CONFIG_NOCACHE
      x-content-type-options:
      - nosniff
      x-ms-failure-cause:
      - gateway
      x-msedge-ref:
      - 'Ref A: C4F9C0DED1A949BB9D056E4A69BA6827 Ref B: BN1AA2051013053 Ref C: 2025-06-23T22:27:20Z'
    status:
      code: 404
      message: Not Found
- request:
    body: null
    headers:
      Accept:
      - application/json
      Accept-Encoding:
      - gzip, deflate
      CommandName:
      - ts create
      Connection:
      - keep-alive
      ParameterSetName:
      - -g -n -v -l -f
      User-Agent:
      - AZURECLI/2.74.0 azsdk-python-core/1.31.0 Python/3.12.1 (Linux-6.8.0-1027-azure-x86_64-with-glibc2.31)
    method: GET
    uri: https://management.azure.com/subscriptions/00000000-0000-0000-0000-000000000000/resourceGroups/cli_test_template_specs_tenant_deploy000001/providers/Microsoft.Resources/templateSpecs/cli-test-sub-lvl-ts-deploy000002?api-version=2022-02-01
  response:
    body:
      string: '{"error":{"code":"ResourceNotFound","message":"The Resource ''Microsoft.Resources/templateSpecs/cli-test-sub-lvl-ts-deploy000002''
        under resource group ''cli_test_template_specs_tenant_deploy000001'' was not
        found. For more details please go to https://aka.ms/ARMResourceNotFoundFix"}}'
    headers:
      cache-control:
      - no-cache
      content-length:
      - '281'
      content-type:
      - application/json; charset=utf-8
      date:
      - Mon, 23 Jun 2025 22:27:20 GMT
      expires:
      - '-1'
      pragma:
      - no-cache
      strict-transport-security:
      - max-age=31536000; includeSubDomains
      x-cache:
      - CONFIG_NOCACHE
      x-content-type-options:
      - nosniff
      x-ms-failure-cause:
      - gateway
      x-msedge-ref:
      - 'Ref A: F134BEB99B2D482AB8A382D585DFC5D7 Ref B: BN1AA2051015017 Ref C: 2025-06-23T22:27:21Z'
    status:
      code: 404
      message: Not Found
- request:
    body: '{"location": "eastus", "tags": {}}'
    headers:
      Accept:
      - application/json
      Accept-Encoding:
      - gzip, deflate
      CommandName:
      - ts create
      Connection:
      - keep-alive
      Content-Length:
      - '34'
      Content-Type:
      - application/json
      ParameterSetName:
      - -g -n -v -l -f
      User-Agent:
      - AZURECLI/2.74.0 azsdk-python-core/1.31.0 Python/3.12.1 (Linux-6.8.0-1027-azure-x86_64-with-glibc2.31)
    method: PUT
    uri: https://management.azure.com/subscriptions/00000000-0000-0000-0000-000000000000/resourceGroups/cli_test_template_specs_tenant_deploy000001/providers/Microsoft.Resources/templateSpecs/cli-test-sub-lvl-ts-deploy000002?api-version=2022-02-01
  response:
    body:
      string: "{\r\n  \"location\": \"eastus\",\r\n  \"tags\": {},\r\n  \"properties\":
        {},\r\n  \"systemData\": {\r\n    \"createdBy\": \"test@example.com\",\r\n
        \   \"createdByType\": \"User\",\r\n    \"createdAt\": \"2025-06-23T22:27:21.5820767Z\",\r\n
        \   \"lastModifiedBy\": \"test@example.com\",\r\n    \"lastModifiedByType\":
        \"User\",\r\n    \"lastModifiedAt\": \"2025-06-23T22:27:21.5820767Z\"\r\n
        \ },\r\n  \"id\": \"/subscriptions/00000000-0000-0000-0000-000000000000/resourceGroups/cli_test_template_specs_tenant_deploy000001/providers/Microsoft.Resources/templateSpecs/cli-test-sub-lvl-ts-deploy000002\",\r\n
        \ \"type\": \"Microsoft.Resources/templateSpecs\",\r\n  \"name\": \"cli-test-sub-lvl-ts-deploy000002\"\r\n}"
    headers:
      cache-control:
      - no-cache
      content-length:
      - '634'
      content-type:
      - application/json; charset=utf-8
      date:
      - Mon, 23 Jun 2025 22:27:21 GMT
      expires:
      - '-1'
      pragma:
      - no-cache
      strict-transport-security:
      - max-age=31536000; includeSubDomains
      x-cache:
      - CONFIG_NOCACHE
      x-content-type-options:
      - nosniff
      x-ms-operation-identifier:
      - tenantId=72f988bf-86f1-41af-91ab-2d7cd011db47,objectId=83cb6ceb-42ff-4c0f-9239-2afb8f90086a/eastus2/62e5f98f-8094-41ad-bf38-af28c50272dd
      x-ms-ratelimit-remaining-subscription-global-writes:
      - '11999'
      x-ms-ratelimit-remaining-subscription-writes:
      - '799'
      x-msedge-ref:
      - 'Ref A: A61E488F7594435BA937F1C540825B3A Ref B: BN1AA2051012019 Ref C: 2025-06-23T22:27:21Z'
    status:
      code: 201
      message: Created
- request:
    body: '{"location": "eastus", "tags": {}, "properties": {"linkedTemplates": [],
      "mainTemplate": {"$schema": "https://schema.management.azure.com/schemas/2015-01-01/deploymentTemplate.json#",
      "contentVersion": "1.0.0.0", "parameters": {"storageAccountName": {"type": "string",
      "defaultValue": "armbuilddemo1801"}, "nestedRGName": {"type": "string", "defaultValue":
      "cli_test_subscription_level_deployment"}}, "variables": {}, "resources": [{"type":
      "Microsoft.Authorization/policyDefinitions", "name": "policy2", "apiVersion":
      "2016-12-01", "properties": {"policyType": "Custom", "parameters": {}, "policyRule":
      {"if": {"field": "location", "equals": "northeurope"}, "then": {"effect": "deny"}}}},
      {"type": "Microsoft.Authorization/policyAssignments", "name": "location-lock",
      "apiVersion": "2016-12-01", "dependsOn": ["policy2"], "properties": {"scope":
      "[subscription().id]", "policyDefinitionId": "[resourceId(''Microsoft.Authorization/policyDefinitions'',
      ''policy2'')]"}}, {"type": "Microsoft.Resources/resourceGroups", "name": "[parameters(''nestedRGName'')]",
      "apiVersion": "2018-05-01", "location": "WestUS", "properties": {}}, {"type":
      "Microsoft.Resources/deployments", "name": "rg-nested6", "apiVersion": "2017-05-10",
      "resourceGroup": "[parameters(''nestedRGName'')]", "dependsOn": ["[parameters(''nestedRGName'')]"],
      "properties": {"template": {"$schema": "https://schema.management.azure.com/schemas/2015-01-01/deploymentTemplate.json#",
      "contentVersion": "1.0.0.0", "parameters": {}, "variables": {}, "resources":
      [{"type": "Microsoft.Storage/storageAccounts", "name": "[parameters(''storageAccountName'')]",
      "apiVersion": "2015-06-15", "location": "East US", "properties": {"accountType":
      "Standard_LRS", "supportsHttpsTrafficOnly": true}}]}, "mode": "Incremental"}}]}}}'
    headers:
      Accept:
      - application/json
      Accept-Encoding:
      - gzip, deflate
      CommandName:
      - ts create
      Connection:
      - keep-alive
      Content-Length:
      - '1766'
      Content-Type:
      - application/json
      ParameterSetName:
      - -g -n -v -l -f
      User-Agent:
      - AZURECLI/2.74.0 azsdk-python-core/1.31.0 Python/3.12.1 (Linux-6.8.0-1027-azure-x86_64-with-glibc2.31)
    method: PUT
    uri: https://management.azure.com/subscriptions/00000000-0000-0000-0000-000000000000/resourceGroups/cli_test_template_specs_tenant_deploy000001/providers/Microsoft.Resources/templateSpecs/cli-test-sub-lvl-ts-deploy000002/versions/1.0?api-version=2022-02-01
  response:
    body:
      string: "{\r\n  \"location\": \"eastus\",\r\n  \"tags\": {},\r\n  \"properties\":
        {\r\n    \"mainTemplate\": {\r\n      \"$schema\": \"https://schema.management.azure.com/schemas/2015-01-01/deploymentTemplate.json#\",\r\n
        \     \"contentVersion\": \"1.0.0.0\",\r\n      \"parameters\": {\r\n        \"storageAccountName\":
        {\r\n          \"type\": \"string\",\r\n          \"defaultValue\": \"armbuilddemo1801\"\r\n
        \       },\r\n        \"nestedRGName\": {\r\n          \"type\": \"string\",\r\n
        \         \"defaultValue\": \"cli_test_subscription_level_deployment\"\r\n
        \       }\r\n      },\r\n      \"variables\": {},\r\n      \"resources\":
        [\r\n        {\r\n          \"type\": \"Microsoft.Authorization/policyDefinitions\",\r\n
        \         \"name\": \"policy2\",\r\n          \"apiVersion\": \"2016-12-01\",\r\n
        \         \"properties\": {\r\n            \"policyType\": \"Custom\",\r\n
        \           \"parameters\": {},\r\n            \"policyRule\": {\r\n              \"if\":
        {\r\n                \"field\": \"location\",\r\n                \"equals\":
        \"northeurope\"\r\n              },\r\n              \"then\": {\r\n                \"effect\":
        \"deny\"\r\n              }\r\n            }\r\n          }\r\n        },\r\n
        \       {\r\n          \"type\": \"Microsoft.Authorization/policyAssignments\",\r\n
        \         \"name\": \"location-lock\",\r\n          \"apiVersion\": \"2016-12-01\",\r\n
        \         \"dependsOn\": [\r\n            \"policy2\"\r\n          ],\r\n
        \         \"properties\": {\r\n            \"scope\": \"[subscription().id]\",\r\n
        \           \"policyDefinitionId\": \"[resourceId('Microsoft.Authorization/policyDefinitions',
        'policy2')]\"\r\n          }\r\n        },\r\n        {\r\n          \"type\":
        \"Microsoft.Resources/resourceGroups\",\r\n          \"name\": \"[parameters('nestedRGName')]\",\r\n
        \         \"apiVersion\": \"2018-05-01\",\r\n          \"location\": \"WestUS\",\r\n
        \         \"properties\": {}\r\n        },\r\n        {\r\n          \"type\":
        \"Microsoft.Resources/deployments\",\r\n          \"name\": \"rg-nested6\",\r\n
        \         \"apiVersion\": \"2017-05-10\",\r\n          \"resourceGroup\":
        \"[parameters('nestedRGName')]\",\r\n          \"dependsOn\": [\r\n            \"[parameters('nestedRGName')]\"\r\n
        \         ],\r\n          \"properties\": {\r\n            \"template\": {\r\n
        \             \"$schema\": \"https://schema.management.azure.com/schemas/2015-01-01/deploymentTemplate.json#\",\r\n
        \             \"contentVersion\": \"1.0.0.0\",\r\n              \"parameters\":
        {},\r\n              \"variables\": {},\r\n              \"resources\": [\r\n
        \               {\r\n                  \"type\": \"Microsoft.Storage/storageAccounts\",\r\n
        \                 \"name\": \"[parameters('storageAccountName')]\",\r\n                  \"apiVersion\":
        \"2015-06-15\",\r\n                  \"location\": \"East US\",\r\n                  \"properties\":
        {\r\n                    \"accountType\": \"Standard_LRS\",\r\n                    \"supportsHttpsTrafficOnly\":
        true\r\n                  }\r\n                }\r\n              ]\r\n            },\r\n
        \           \"mode\": \"Incremental\"\r\n          }\r\n        }\r\n      ]\r\n
        \   }\r\n  },\r\n  \"systemData\": {\r\n    \"createdBy\": \"test@example.com\",\r\n
        \   \"createdByType\": \"User\",\r\n    \"createdAt\": \"2025-06-23T22:27:21.9697482Z\",\r\n
        \   \"lastModifiedBy\": \"test@example.com\",\r\n    \"lastModifiedByType\":
        \"User\",\r\n    \"lastModifiedAt\": \"2025-06-23T22:27:21.9697482Z\"\r\n
        \ },\r\n  \"id\": \"/subscriptions/00000000-0000-0000-0000-000000000000/resourceGroups/cli_test_template_specs_tenant_deploy000001/providers/Microsoft.Resources/templateSpecs/cli-test-sub-lvl-ts-deploy000002/versions/1.0\",\r\n
        \ \"type\": \"Microsoft.Resources/templateSpecs/versions\",\r\n  \"name\":
        \"1.0\"\r\n}"
    headers:
      cache-control:
      - no-cache
      content-length:
      - '3385'
      content-type:
      - application/json; charset=utf-8
      date:
      - Mon, 23 Jun 2025 22:27:21 GMT
      expires:
      - '-1'
      pragma:
      - no-cache
      strict-transport-security:
      - max-age=31536000; includeSubDomains
      x-cache:
      - CONFIG_NOCACHE
      x-content-type-options:
      - nosniff
      x-ms-operation-identifier:
      - tenantId=72f988bf-86f1-41af-91ab-2d7cd011db47,objectId=83cb6ceb-42ff-4c0f-9239-2afb8f90086a/eastus/945a32ee-f9ca-43ab-bc2e-108f3bddf583
      x-ms-ratelimit-remaining-subscription-global-writes:
      - '11999'
      x-ms-ratelimit-remaining-subscription-writes:
      - '799'
      x-msedge-ref:
      - 'Ref A: 0AA8E2083FD249FDB7A0191DA2B3C298 Ref B: BN1AA2051015027 Ref C: 2025-06-23T22:27:21Z'
    status:
      code: 201
      message: Created
- request:
    body: null
    headers:
      Accept:
      - application/json
      Accept-Encoding:
      - gzip, deflate
      CommandName:
      - deployment sub validate
      Connection:
      - keep-alive
      ParameterSetName:
      - --location --template-spec --parameters --parameters
      User-Agent:
      - AZURECLI/2.74.0 azsdk-python-core/1.31.0 Python/3.12.1 (Linux-6.8.0-1027-azure-x86_64-with-glibc2.31)
    method: GET
    uri: https://management.azure.com/subscriptions/00000000-0000-0000-0000-000000000000/providers/Microsoft.Resources?api-version=2024-11-01
  response:
    body:
      string: '{"id":"/subscriptions/00000000-0000-0000-0000-000000000000/providers/Microsoft.Resources","namespace":"Microsoft.Resources","authorizations":[{"applicationId":"f77c2a8f-8a0a-4776-8e0a-bcb2549610ca"},{"applicationId":"3b990c8b-9607-4c2a-8b04-1d41985facca"}],"resourceTypes":[{"resourceType":"changes","locations":[],"apiVersions":["2024-06-01-preview","2023-07-01-preview","2023-03-01-preview","2022-05-01","2022-03-01-preview"],"capabilities":"SupportsExtension"},{"resourceType":"snapshots","locations":[],"apiVersions":["2022-11-01-preview"],"capabilities":"SupportsExtension"},{"resourceType":"moboBrokers","locations":["Australia
        Central","Australia East","Australia Southeast","Brazil South","Canada Central","Canada
        East","Central India","Central US","East Asia","East US 2","East US","France
        Central","Germany West Central","Japan East","Japan West","Jio India West","Korea
        Central","Korea South","North Central US","North Europe","Norway East","South
        Africa North","South Central US","South India","Southeast Asia","Sweden Central","Switzerland
        North","UAE North","UK South","UK West","West Central US","West Europe","West
        India","West US 2","West US 3","West US","Central US EUAP","East US 2 EUAP"],"apiVersions":["2023-06-01-preview"],"capabilities":"SupportsTags,
        SupportsLocation"},{"resourceType":"locations/moboOperationStatuses","locations":["Australia
        Central","Australia East","Australia Southeast","Brazil South","Canada Central","Canada
        East","Central India","Central US","East Asia","East US 2","East US","France
        Central","Germany West Central","Japan East","Japan West","Jio India West","Korea
        Central","Korea South","North Central US","North Europe","Norway East","South
        Africa North","South Central US","South India","Southeast Asia","Sweden Central","Switzerland
        North","UAE North","UK South","UK West","West Central US","West Europe","West
        India","West US 2","West US 3","West US","Central US EUAP","East US 2 EUAP"],"apiVersions":["2023-06-01-preview"],"capabilities":"None"},{"resourceType":"tenants","locations":[],"apiVersions":["2020-01-01","2019-09-01","2019-05-01","2019-04-01","2019-03-01","2018-11-01","2018-09-01","2018-08-01","2018-07-01","2018-05-01","2018-02-01","2018-01-01","2017-08-01","2017-06-01","2017-05-10","2017-05-01","2017-03-01","2016-09-01","2016-07-01","2016-06-01","2016-02-01","2015-11-01","2015-01-01","2014-04-01-preview"],"apiProfiles":[{"profileVersion":"2018-06-01-profile","apiVersion":"2016-06-01"},{"profileVersion":"2019-03-01-hybrid","apiVersion":"2016-06-01"}],"capabilities":"None"},{"resourceType":"locations","locations":[],"apiVersions":["2019-09-01","2019-05-01","2019-04-01","2019-03-01","2018-11-01","2018-09-01","2018-08-01","2018-07-01","2018-05-01","2018-02-01","2018-01-01","2017-08-01","2017-06-01","2017-05-10","2017-05-01","2017-03-01","2016-09-01","2016-07-01","2016-06-01","2016-02-01","2015-11-01","2015-01-01","2014-04-01-preview"],"apiProfiles":[{"profileVersion":"2018-06-01-profile","apiVersion":"2016-06-01"},{"profileVersion":"2019-03-01-hybrid","apiVersion":"2018-05-01"}],"capabilities":"None"},{"resourceType":"operationresults","locations":[],"apiVersions":["2019-09-01","2019-05-01","2019-04-01","2019-03-01","2018-11-01","2018-09-01","2018-08-01","2018-07-01","2018-05-01","2018-02-01","2018-01-01","2017-08-01","2017-06-01","2017-05-10","2017-05-01","2017-03-01","2016-09-01","2016-07-01","2016-06-01","2016-02-01","2015-11-01","2015-01-01","2014-04-01-preview"],"apiProfiles":[{"profileVersion":"2018-06-01-profile","apiVersion":"2016-06-01"}],"capabilities":"None"},{"resourceType":"notifyResourceJobs","locations":[],"apiVersions":["2019-09-01","2019-05-01","2019-04-01","2019-03-01","2018-11-01","2018-09-01","2018-08-01","2018-07-01","2018-05-01","2018-02-01"],"capabilities":"None"},{"resourceType":"tags","locations":[],"apiVersions":["2023-07-01","2022-09-01","2019-10-01","2019-05-01","2019-04-01","2019-03-01","2018-11-01"],"capabilities":"SupportsExtension"},{"resourceType":"checkPolicyCompliance","locations":[],"apiVersions":["2019-05-01","2019-04-01","2019-03-01","2018-11-01","2018-09-01","2018-08-01","2018-07-01","2018-05-01","2018-02-01","2018-01-01","2017-08-01","2017-06-01","2017-05-10","2017-05-01","2017-03-01","2016-09-01","2016-07-01","2016-06-01","2016-02-01","2015-11-01","2015-01-01","2014-04-01-preview"],"capabilities":"None"},{"resourceType":"providers","locations":[],"apiVersions":["2019-05-01","2019-04-01","2019-03-01","2018-11-01","2018-09-01","2018-08-01","2018-07-01","2018-05-01","2018-02-01","2018-01-01","2017-08-01","2017-06-01","2017-05-10","2017-05-01","2017-03-01","2016-09-01","2016-07-01","2016-06-01","2016-02-01","2015-11-01","2015-01-01","2014-04-01-preview"],"apiProfiles":[{"profileVersion":"2018-06-01-profile","apiVersion":"2016-06-01"},{"profileVersion":"2019-03-01-hybrid","apiVersion":"2018-05-01"}],"capabilities":"None"},{"resourceType":"checkresourcename","locations":[],"apiVersions":["2019-05-01","2019-04-01","2019-03-01","2018-11-01","2018-09-01","2018-08-01","2018-07-01","2018-05-01","2018-02-01","2018-01-01","2017-08-01","2017-06-01","2017-05-10","2017-05-01","2017-03-01","2016-09-01","2016-07-01","2016-06-01","2016-02-01","2015-11-01","2015-01-01","2014-04-01-preview"],"apiProfiles":[{"profileVersion":"2018-06-01-profile","apiVersion":"2016-06-01"}],"capabilities":"None"},{"resourceType":"calculateTemplateHash","locations":[],"apiVersions":["2023-07-01","2022-09-01","2019-09-01","2019-05-01","2019-04-01","2019-03-01","2018-11-01","2018-09-01","2018-08-01","2018-07-01","2018-05-01","2018-02-01","2018-01-01","2017-08-01","2017-06-01","2017-05-10","2017-05-01","2017-03-01","2016-09-01","2016-07-01","2016-06-01","2016-02-01","2015-11-01","2015-01-01","2014-04-01-preview"],"apiProfiles":[{"profileVersion":"2018-06-01-profile","apiVersion":"2016-06-01"}],"capabilities":"None"},{"resourceType":"resources","locations":[],"apiVersions":["2019-09-01","2019-05-01","2019-04-01","2019-03-01","2018-11-01","2018-09-01","2018-08-01","2018-07-01","2018-05-01","2018-02-01","2018-01-01","2017-08-01","2017-06-01","2017-05-10","2017-05-01","2017-03-01","2016-09-01","2016-07-01","2016-06-01","2016-02-01","2015-11-01","2015-01-01","2014-04-01-preview"],"apiProfiles":[{"profileVersion":"2018-06-01-profile","apiVersion":"2016-06-01"},{"profileVersion":"2019-03-01-hybrid","apiVersion":"2018-05-01"}],"capabilities":"None"},{"resourceType":"subscriptions","locations":[],"apiVersions":["2019-10-01","2019-09-01","2019-05-01","2019-04-01","2019-03-01","2018-11-01","2018-09-01","2018-08-01","2018-07-01","2018-05-01","2018-02-01","2018-01-01","2017-08-01","2017-06-01","2017-05-10","2017-05-01","2017-03-01","2016-09-01","2016-07-01","2016-06-01","2016-02-01","2015-11-01","2015-01-01","2014-04-01-preview"],"apiProfiles":[{"profileVersion":"2018-06-01-profile","apiVersion":"2016-06-01"},{"profileVersion":"2019-03-01-hybrid","apiVersion":"2016-06-01"}],"capabilities":"SupportsTags"},{"resourceType":"subscriptions/resources","locations":[],"apiVersions":["2019-09-01","2019-05-01","2019-04-01","2019-03-01","2018-11-01","2018-09-01","2018-08-01","2018-07-01","2018-05-01","2018-02-01","2018-01-01","2017-08-01","2017-06-01","2017-05-10","2017-05-01","2017-03-01","2016-09-01","2016-07-01","2016-06-01","2016-02-01","2015-11-01","2015-01-01","2014-04-01-preview"],"apiProfiles":[{"profileVersion":"2018-06-01-profile","apiVersion":"2016-06-01"},{"profileVersion":"2019-03-01-hybrid","apiVersion":"2018-05-01"}],"capabilities":"None"},{"resourceType":"subscriptions/providers","locations":[],"apiVersions":["2019-05-01","2019-04-01","2019-03-01","2018-11-01","2018-09-01","2018-08-01","2018-07-01","2018-05-01","2018-02-01","2018-01-01","2017-08-01","2017-06-01","2017-05-10","2017-05-01","2017-03-01","2016-09-01","2016-07-01","2016-06-01","2016-02-01","2015-11-01","2015-01-01","2014-04-01-preview"],"apiProfiles":[{"profileVersion":"2018-06-01-profile","apiVersion":"2016-06-01"},{"profileVersion":"2019-03-01-hybrid","apiVersion":"2018-05-01"}],"capabilities":"None"},{"resourceType":"subscriptions/operationresults","locations":[],"apiVersions":["2019-05-01","2019-04-01","2019-03-01","2018-11-01","2018-09-01","2018-08-01","2018-07-01","2018-05-01","2018-02-01","2018-01-01","2017-08-01","2017-06-01","2017-05-10","2017-05-01","2017-03-01","2016-09-01","2016-07-01","2016-06-01","2016-02-01","2015-11-01","2015-01-01","2014-04-01-preview"],"apiProfiles":[{"profileVersion":"2018-06-01-profile","apiVersion":"2016-06-01"},{"profileVersion":"2019-03-01-hybrid","apiVersion":"2018-05-01"}],"capabilities":"None"},{"resourceType":"resourceGroups","locations":["Central
        US","East Asia","Southeast Asia","East US","East US 2","West US","West US
        2","North Central US","South Central US","West Central US","North Europe","West
        Europe","Japan East","Japan West","Brazil South","Australia Southeast","Australia
        East","West India","South India","Central India","Canada Central","Canada
        East","UK South","UK West","Korea Central","Korea South","France Central","South
        Africa North","UAE North","Australia Central","Switzerland North","Germany
        West Central","Norway East","Jio India West","West US 3","Qatar Central","Sweden
        Central","Israel Central","Poland Central","Italy North","Spain Central","Mexico
        Central","Chile Central","Malaysia West","New Zealand North","Indonesia Central","Taiwan
        North","Taiwan Northwest","Malaysia South","Austria East","Israel Northwest","Southeast
        US","East US 2 EUAP","Central US EUAP"],"apiVersions":["2023-07-01-preview","2023-07-01","2023-03-01-preview","2022-12-01","2022-11-01-preview","2022-09-01","2022-06-01","2022-05-01","2022-03-01-preview","2022-01-01","2021-04-01","2021-01-01","2020-10-01","2020-09-01","2020-08-01","2020-07-01","2020-06-01","2020-05-01","2020-01-01","2019-11-01","2019-10-01","2019-09-01","2019-08-01","2019-07-01","2019-06-01","2019-05-01","2019-04-01","2019-03-01","2018-11-01","2018-09-01","2018-08-01","2018-07-01","2018-05-01","2018-02-01","2018-01-01","2017-08-01","2017-06-01","2017-05-10","2017-05-01","2017-03-01","2016-09-01","2016-07-01","2016-06-01","2016-02-01","2015-11-01","2015-01-01","2014-04-01-preview"],"apiProfiles":[{"profileVersion":"2018-06-01-profile","apiVersion":"2016-06-01"},{"profileVersion":"2019-03-01-hybrid","apiVersion":"2018-05-01"}],"capabilities":"SupportsTags,
        SupportsLocation"},{"resourceType":"subscriptions/resourceGroups","locations":["Central
        US","East Asia","Southeast Asia","East US","East US 2","West US","West US
        2","North Central US","South Central US","West Central US","North Europe","West
        Europe","Japan East","Japan West","Brazil South","Australia Southeast","Australia
        East","West India","South India","Central India","Canada Central","Canada
        East","UK South","UK West","Korea Central","Korea South","France Central","South
        Africa North","UAE North","Australia Central","Switzerland North","Germany
        West Central","Norway East","Jio India West","West US 3","Qatar Central","Sweden
        Central","Israel Central","Poland Central","Italy North","Spain Central","Mexico
        Central","Chile Central","Malaysia West","New Zealand North","Indonesia Central","Taiwan
        North","Taiwan Northwest","Malaysia South","Austria East","Israel Northwest","Southeast
        US","East US 2 EUAP","Central US EUAP"],"apiVersions":["2019-05-01","2019-04-01","2019-03-01","2018-11-01","2018-09-01","2018-08-01","2018-07-01","2018-05-01","2018-02-01","2018-01-01","2017-08-01","2017-06-01","2017-05-10","2017-05-01","2017-03-01","2016-09-01","2016-07-01","2016-06-01","2016-02-01","2015-11-01","2015-01-01","2014-04-01-preview"],"apiProfiles":[{"profileVersion":"2018-06-01-profile","apiVersion":"2016-06-01"},{"profileVersion":"2019-03-01-hybrid","apiVersion":"2018-05-01"}],"capabilities":"SupportsTags,
        SupportsLocation"},{"resourceType":"subscriptions/resourcegroups/resources","locations":[],"apiVersions":["2019-05-01","2019-04-01","2019-03-01","2018-11-01","2018-09-01","2018-08-01","2018-07-01","2018-05-01","2018-02-01","2018-01-01","2017-08-01","2017-06-01","2017-05-10","2017-05-01","2017-03-01","2016-09-01","2016-07-01","2016-06-01","2016-02-01","2015-11-01","2015-01-01","2014-04-01-preview"],"apiProfiles":[{"profileVersion":"2018-06-01-profile","apiVersion":"2016-06-01"},{"profileVersion":"2019-03-01-hybrid","apiVersion":"2018-05-01"}],"capabilities":"None"},{"resourceType":"subscriptions/locations","locations":[],"apiVersions":["2019-05-01","2019-04-01","2019-03-01","2018-11-01","2018-09-01","2018-08-01","2018-07-01","2018-05-01","2018-02-01","2018-01-01","2017-08-01","2017-06-01","2017-05-10","2017-05-01","2017-03-01","2016-09-01","2016-07-01","2016-06-01","2016-02-01","2015-11-01","2015-01-01","2014-04-01-preview"],"apiProfiles":[{"profileVersion":"2018-06-01-profile","apiVersion":"2016-06-01"},{"profileVersion":"2019-03-01-hybrid","apiVersion":"2016-06-01"}],"capabilities":"None"},{"resourceType":"subscriptions/tagnames","locations":[],"apiVersions":["2023-07-01","2022-09-01","2019-05-01","2019-04-01","2019-03-01","2018-11-01","2018-09-01","2018-08-01","2018-07-01","2018-05-01","2018-02-01","2018-01-01","2017-08-01","2017-06-01","2017-05-10","2017-05-01","2017-03-01","2016-09-01","2016-07-01","2016-06-01","2016-02-01","2015-11-01","2015-01-01","2014-04-01-preview"],"apiProfiles":[{"profileVersion":"2018-06-01-profile","apiVersion":"2016-06-01"},{"profileVersion":"2019-03-01-hybrid","apiVersion":"2018-05-01"}],"capabilities":"None"},{"resourceType":"subscriptions/tagNames/tagValues","locations":[],"apiVersions":["2023-07-01","2022-09-01","2019-05-01","2019-04-01","2019-03-01","2018-11-01","2018-09-01","2018-08-01","2018-07-01","2018-05-01","2018-02-01","2018-01-01","2017-08-01","2017-06-01","2017-05-10","2017-05-01","2017-03-01","2016-09-01","2016-07-01","2016-06-01","2016-02-01","2015-11-01","2015-01-01","2014-04-01-preview"],"apiProfiles":[{"profileVersion":"2018-06-01-profile","apiVersion":"2016-06-01"},{"profileVersion":"2019-03-01-hybrid","apiVersion":"2018-05-01"}],"capabilities":"None"},{"resourceType":"deployments","locations":["West
        Central US","West Europe","West US 2","Southeast Asia","Australia East","Brazil
        South","Canada Central","Switzerland North","France Central","Germany West
        Central","Central India","Italy North","Japan East","Korea Central","UK South","Mexico
        Central","Norway East","Qatar Central","Sweden Central","Spain Central","UAE
        North","South Africa North","Poland Central","East Asia","Australia Southeast","Canada
        East","East US 2","South India","Japan West","Korea South","UK West","New
        Zealand North","North Europe","Central US EUAP","East US 2 EUAP","Malaysia
        South","Taiwan North","Taiwan Northwest"],"apiVersions":["2023-07-01","2022-09-01","2021-04-01","2021-01-01","2020-10-01","2020-06-01","2019-09-01","2019-08-01","2019-05-01","2019-04-01","2019-03-01","2018-11-01","2018-09-01","2018-08-01","2018-07-01","2018-05-01","2018-02-01","2018-01-01","2017-08-01","2017-06-01","2017-05-10","2017-05-01","2017-03-01","2016-09-01","2016-07-01","2016-06-01","2016-02-01","2015-11-01","2015-01-01","2014-04-01-preview"],"apiProfiles":[{"profileVersion":"2018-06-01-profile","apiVersion":"2016-06-01"},{"profileVersion":"2019-03-01-hybrid","apiVersion":"2018-05-01"}],"capabilities":"SupportsTags,
        SupportsExtension"},{"resourceType":"deployments/operations","locations":["West
        Central US","West Europe","West US 2","Southeast Asia","Australia East","Brazil
        South","Canada Central","Switzerland North","France Central","Germany West
        Central","Central India","Italy North","Japan East","Korea Central","UK South","Mexico
        Central","Norway East","Qatar Central","Sweden Central","Spain Central","UAE
        North","South Africa North","Poland Central","East Asia","Australia Southeast","Canada
        East","East US 2","South India","Japan West","Korea South","UK West","New
        Zealand North","North Europe","Central US EUAP","East US 2 EUAP","Malaysia
        South","Taiwan North","Taiwan Northwest"],"apiVersions":["2023-07-01","2022-09-01","2021-04-01","2021-01-01","2020-10-01","2020-06-01","2019-09-01","2019-05-01","2019-04-01","2019-03-01","2018-11-01","2018-09-01","2018-08-01","2018-07-01","2018-05-01","2018-02-01","2018-01-01","2017-08-01","2017-06-01","2017-05-10","2017-05-01","2017-03-01","2016-09-01","2016-07-01","2016-06-01","2016-02-01","2015-11-01","2015-01-01","2014-04-01-preview"],"apiProfiles":[{"profileVersion":"2018-06-01-profile","apiVersion":"2016-06-01"},{"profileVersion":"2019-03-01-hybrid","apiVersion":"2018-05-01"}],"capabilities":"None"},{"resourceType":"locations/deploymentStatuses","locations":["West
        Central US","West Europe","West US 2","Southeast Asia","Australia East","Brazil
        South","Canada Central","Switzerland North","France Central","Germany West
        Central","Central India","Italy North","Japan East","Korea Central","UK South","Mexico
        Central","Norway East","Qatar Central","Sweden Central","Spain Central","UAE
        North","South Africa North","Poland Central","East Asia","Australia Southeast","Canada
        East","East US 2","South India","Japan West","Korea South","UK West","New
        Zealand North","North Europe","Central US EUAP","East US 2 EUAP","Malaysia
        South","Taiwan North","Taiwan Northwest"],"apiVersions":["2023-07-01","2022-09-01","2021-04-01","2021-01-01","2020-10-01","2020-06-01","2019-09-01","2019-08-01","2019-05-01","2019-04-01","2019-03-01","2018-11-01","2018-09-01","2018-08-01","2018-07-01","2018-05-01","2018-02-01","2018-01-01","2017-08-01","2017-06-01","2017-05-10","2017-05-01","2017-03-01","2016-09-01","2016-07-01","2016-06-01","2016-02-01","2015-11-01","2015-01-01","2014-04-01-preview"],"capabilities":"None"},{"resourceType":"locations/deploymentOperationResults","locations":["West
        Central US","West Europe","West US 2","Southeast Asia","Australia East","Brazil
        South","Canada Central","Switzerland North","France Central","Germany West
        Central","Central India","Italy North","Japan East","Korea Central","UK South","Mexico
        Central","Norway East","Qatar Central","Sweden Central","Spain Central","UAE
        North","South Africa North","Poland Central","East Asia","Australia Southeast","Canada
        East","East US 2","South India","Japan West","Korea South","UK West","New
        Zealand North","North Europe","Central US EUAP","East US 2 EUAP","Malaysia
        South","Taiwan North","Taiwan Northwest"],"apiVersions":["2023-07-01","2022-09-01","2021-04-01","2021-01-01","2020-10-01","2020-06-01","2019-09-01","2019-08-01","2019-05-01","2019-04-01","2019-03-01","2018-11-01","2018-09-01","2018-08-01","2018-07-01","2018-05-01","2018-02-01","2018-01-01","2017-08-01","2017-06-01","2017-05-10","2017-05-01","2017-03-01","2016-09-01","2016-07-01","2016-06-01","2016-02-01","2015-11-01","2015-01-01","2014-04-01-preview"],"capabilities":"None"},{"resourceType":"locations/exportResourceTemplate","locations":["West
        Central US","West Europe","West US 2","Southeast Asia","Australia East","Brazil
        South","Canada Central","Switzerland North","France Central","Germany West
        Central","Central India","Italy North","Japan East","Korea Central","UK South","Mexico
        Central","Norway East","Qatar Central","Sweden Central","Spain Central","UAE
        North","South Africa North","Poland Central","East Asia","Australia Southeast","Canada
        East","East US 2","South India","Japan West","Korea South","UK West","New
        Zealand North","North Europe","Central US EUAP","East US 2 EUAP","Malaysia
        South","Taiwan North","Taiwan Northwest"],"apiVersions":["2023-07-01","2022-09-01","2021-04-01","2021-01-01","2020-10-01","2020-06-01","2019-09-01","2019-08-01","2019-05-01","2019-04-01","2019-03-01","2018-11-01","2018-09-01","2018-08-01","2018-07-01","2018-05-01","2018-02-01","2018-01-01","2017-08-01","2017-06-01","2017-05-10","2017-05-01","2017-03-01","2016-09-01","2016-07-01","2016-06-01","2016-02-01","2015-11-01","2015-01-01","2014-04-01-preview"],"capabilities":"None"},{"resourceType":"locations/notifyDeploymentJobs","locations":["West
        Central US","West Europe","West US 2","Southeast Asia","Australia East","Brazil
        South","Canada Central","Switzerland North","France Central","Germany West
        Central","Central India","Italy North","Japan East","Korea Central","UK South","Mexico
        Central","Norway East","Qatar Central","Sweden Central","Spain Central","UAE
        North","South Africa North","Poland Central","East Asia","Australia Southeast","Canada
        East","East US 2","South India","Japan West","Korea South","UK West","New
        Zealand North","North Europe","Central US EUAP","East US 2 EUAP","Malaysia
        South","Taiwan North","Taiwan Northwest"],"apiVersions":["2023-07-01","2022-09-01","2021-04-01","2021-01-01","2020-10-01","2020-06-01","2019-09-01","2019-08-01","2019-05-01","2019-04-01","2019-03-01","2018-11-01","2018-09-01","2018-08-01","2018-07-01","2018-05-01","2018-02-01","2018-01-01","2017-08-01","2017-06-01","2017-05-10","2017-05-01","2017-03-01","2016-09-01","2016-07-01","2016-06-01","2016-02-01","2015-11-01","2015-01-01","2014-04-01-preview"],"capabilities":"None"},{"resourceType":"validateResources","locations":[],"apiVersions":["2022-06-01"],"capabilities":"None"},{"resourceType":"links","locations":[],"apiVersions":["2019-05-01","2019-04-01","2019-03-01","2018-11-01","2018-09-01","2018-08-01","2018-07-01","2018-05-01","2018-02-01","2018-01-01","2017-08-01","2017-06-01","2017-05-10","2017-05-01","2017-03-01","2016-09-01","2016-07-01","2016-06-01","2016-02-01","2015-11-01","2015-01-01","2014-04-01-preview"],"apiProfiles":[{"profileVersion":"2018-06-01-profile","apiVersion":"2016-06-01"},{"profileVersion":"2019-03-01-hybrid","apiVersion":"2018-05-01"}],"capabilities":"SupportsExtension"},{"resourceType":"operations","locations":[],"apiVersions":["2015-01-01"],"apiProfiles":[{"profileVersion":"2018-06-01-profile","apiVersion":"2015-01-01"}],"capabilities":"None"},{"resourceType":"bulkDelete","locations":[],"apiVersions":["2019-05-01","2019-04-01","2019-03-01","2018-11-01","2018-09-01","2018-08-01","2018-07-01","2018-05-01","2018-02-01","2018-01-01","2017-08-01","2017-06-01","2017-05-10","2017-05-01","2017-03-01","2016-09-01","2016-07-01","2016-06-01","2016-02-01","2015-11-01","2015-01-01","2014-04-01-preview"],"capabilities":"None"},{"resourceType":"dataBoundaries","locations":[],"apiVersions":["2024-08-01","2024-02-01-preview"],"capabilities":"None"},{"resourceType":"deploymentScripts","locations":["East
        Asia","Southeast Asia","Australia East","Australia Southeast","Brazil South","Canada
        Central","Canada East","Switzerland North","Germany West Central","East US
        2","East US","Central US","North Central US","France Central","UK South","UK
        West","Indonesia Central","Israel Central","Central India","South India","Jio
        India West","Italy North","Japan East","Japan West","Korea Central","Korea
        South","Malaysia West","Mexico Central","North Europe","Norway East","New
        Zealand North","Poland Central","Qatar Central","Spain Central","Sweden Central","UAE
        North","West Central US","West Europe","West US 2","West US","South Central
        US","West US 3","South Africa North","Central US EUAP","East US 2 EUAP","Taiwan
        North","Taiwan Northwest"],"apiVersions":["2023-08-01","2020-10-01","2019-10-01-preview"],"capabilities":"SupportsTags,
        SupportsLocation"},{"resourceType":"deploymentScripts/logs","locations":["East
        Asia","Southeast Asia","Australia East","Australia Southeast","Brazil South","Canada
        Central","Canada East","Switzerland North","Germany West Central","East US
        2","East US","Central US","North Central US","France Central","UK South","UK
        West","Indonesia Central","Israel Central","Central India","South India","Jio
        India West","Italy North","Japan East","Japan West","Korea Central","Korea
        South","Malaysia West","Mexico Central","North Europe","Norway East","New
        Zealand North","Poland Central","Qatar Central","Spain Central","Sweden Central","UAE
        North","West Central US","West Europe","West US 2","West US","South Central
        US","West US 3","South Africa North","Central US EUAP","East US 2 EUAP","Taiwan
        North","Taiwan Northwest"],"apiVersions":["2023-08-01","2020-10-01","2019-10-01-preview"],"capabilities":"None"},{"resourceType":"locations/deploymentScriptOperationResults","locations":["East
        Asia","Southeast Asia","Australia East","Australia Southeast","Brazil South","Canada
        Central","Canada East","Switzerland North","Germany West Central","East US
        2","East US","Central US","North Central US","France Central","UK South","UK
        West","Indonesia Central","Israel Central","Central India","South India","Jio
        India West","Italy North","Japan East","Japan West","Korea Central","Korea
        South","Malaysia West","Mexico Central","North Europe","Norway East","New
        Zealand North","Poland Central","Qatar Central","Spain Central","Sweden Central","UAE
        North","West Central US","West Europe","West US 2","West US","South Central
        US","West US 3","South Africa North","Central US EUAP","East US 2 EUAP","Taiwan
        North","Taiwan Northwest"],"apiVersions":["2023-08-01","2020-10-01","2019-10-01-preview"],"capabilities":"None"},{"resourceType":"decompileBicep","locations":[],"apiVersions":["2023-11-01"],"capabilities":"None"},{"resourceType":"templateSpecs","locations":["East
        Asia","Southeast Asia","Australia East","Australia Central","Australia Central
        2","Australia Southeast","Brazil South","Canada Central","Canada East","Switzerland
        North","Germany West Central","East US 2","East US","Central US","North Central
        US","France Central","UK South","UK West","Indonesia Central","Israel Central","Central
        India","West India","Jio India West","South India","Italy North","Japan East","Japan
        West","Korea Central","Korea South","Malaysia West","Mexico Central","North
        Europe","Norway East","New Zealand North","Poland Central","Qatar Central","Spain
        Central","Sweden Central","UAE North","West Central US","West Europe","West
        US 2","West US","West US 3","South Central US","South Africa North","Central
        US EUAP","Southeast US","East US 2 EUAP","Malaysia South","Taiwan North","Taiwan
        Northwest"],"apiVersions":["2022-02-01","2021-05-01","2021-03-01-preview","2019-06-01-preview"],"capabilities":"CrossResourceGroupResourceMove,
        CrossSubscriptionResourceMove, SupportsTags, SupportsLocation"},{"resourceType":"templateSpecs/versions","locations":["East
        Asia","Southeast Asia","Australia East","Australia Central","Australia Central
        2","Australia Southeast","Brazil South","Canada Central","Canada East","Switzerland
        North","Germany West Central","East US 2","East US","Central US","North Central
        US","France Central","UK South","UK West","Indonesia Central","Israel Central","Central
        India","West India","Jio India West","South India","Italy North","Japan East","Japan
        West","Korea Central","Korea South","Malaysia West","Mexico Central","North
        Europe","Norway East","New Zealand North","Poland Central","Qatar Central","Spain
        Central","Sweden Central","UAE North","West Central US","West Europe","West
        US 2","West US","West US 3","South Central US","South Africa North","Central
        US EUAP","Southeast US","East US 2 EUAP","Malaysia South","Taiwan North","Taiwan
        Northwest"],"apiVersions":["2022-02-01","2021-05-01","2021-03-01-preview","2019-06-01-preview"],"capabilities":"CrossResourceGroupResourceMove,
        CrossSubscriptionResourceMove, SupportsTags, SupportsLocation"},{"resourceType":"builtInTemplateSpecs","locations":[],"apiVersions":["2022-02-01"],"capabilities":"None"},{"resourceType":"builtInTemplateSpecs/versions","locations":[],"apiVersions":["2022-02-01"],"capabilities":"None"},{"resourceType":"deploymentStacks","locations":["East
        Asia","Southeast Asia","Australia East","Australia Central","Australia Central
        2","Australia Southeast","Brazil South","Canada Central","Canada East","Switzerland
        North","Germany West Central","East US 2","East US","Central US","North Central
        US","France Central","UK South","UK West","Indonesia Central","Israel Central","Central
        India","West India","Jio India West","South India","Italy North","Japan East","Japan
        West","Korea Central","Korea South","Malaysia West","Mexico Central","North
        Europe","Norway East","New Zealand North","Poland Central","Qatar Central","Spain
        Central","Sweden Central","UAE North","West Central US","West Europe","West
        US 2","West US","West US 3","South Central US","South Africa North","Central
        US EUAP","Southeast US","East US 2 EUAP","Malaysia South","Taiwan North","Taiwan
        Northwest"],"apiVersions":["2024-03-01","2022-08-01-preview"],"capabilities":"SupportsExtension"},{"resourceType":"locations/deploymentStackOperationResults","locations":["East
        Asia","Southeast Asia","Australia East","Australia Central","Australia Central
        2","Australia Southeast","Brazil South","Canada Central","Canada East","Switzerland
        North","Germany West Central","East US 2","East US","Central US","North Central
        US","France Central","UK South","UK West","Indonesia Central","Israel Central","Central
        India","West India","Jio India West","South India","Italy North","Japan East","Japan
        West","Korea Central","Korea South","Malaysia West","Mexico Central","North
        Europe","Norway East","New Zealand North","Poland Central","Qatar Central","Spain
        Central","Sweden Central","UAE North","West Central US","West Europe","West
        US 2","West US","West US 3","South Central US","South Africa North","Central
        US EUAP","Southeast US","East US 2 EUAP","Malaysia South","Taiwan North","Taiwan
        Northwest"],"apiVersions":["2024-03-01","2022-08-01-preview"],"capabilities":"None"},{"resourceType":"locations/deploymentStackOperationStatus","locations":["East
        Asia","Southeast Asia","Australia East","Australia Central","Australia Central
        2","Australia Southeast","Brazil South","Canada Central","Canada East","Switzerland
        North","Germany West Central","East US 2","East US","Central US","North Central
        US","France Central","UK South","UK West","Indonesia Central","Israel Central","Central
        India","West India","Jio India West","South India","Italy North","Japan East","Japan
        West","Korea Central","Korea South","Malaysia West","Mexico Central","North
        Europe","Norway East","New Zealand North","Poland Central","Qatar Central","Spain
        Central","Sweden Central","UAE North","West Central US","West Europe","West
        US 2","West US","West US 3","South Central US","South Africa North","Central
        US EUAP","Southeast US","East US 2 EUAP","Malaysia South","Taiwan North","Taiwan
        Northwest"],"apiVersions":["2024-03-01","2022-08-01-preview"],"capabilities":"None"}],"registrationState":"Registered","registrationPolicy":"RegistrationFree"}'
    headers:
      cache-control:
      - no-cache
      content-length:
      - '30314'
      content-type:
      - application/json; charset=utf-8
      date:
      - Mon, 23 Jun 2025 22:27:23 GMT
      expires:
      - '-1'
      pragma:
      - no-cache
      strict-transport-security:
      - max-age=31536000; includeSubDomains
      x-cache:
      - CONFIG_NOCACHE
      x-content-type-options:
      - nosniff
      x-ms-ratelimit-remaining-subscription-global-reads:
      - '16499'
      x-msedge-ref:
      - 'Ref A: A4D453C835CE42E08A9D4EF22295A934 Ref B: BN1AA2051014009 Ref C: 2025-06-23T22:27:22Z'
    status:
      code: 200
      message: OK
- request:
    body: null
    headers:
      Accept:
      - application/json
      Accept-Encoding:
      - gzip, deflate
      CommandName:
      - deployment sub validate
      Connection:
      - keep-alive
      ParameterSetName:
      - --location --template-spec --parameters --parameters
      User-Agent:
      - AZURECLI/2.74.0 azsdk-python-core/1.31.0 Python/3.12.1 (Linux-6.8.0-1027-azure-x86_64-with-glibc2.31)
    method: GET
    uri: https://management.azure.com/subscriptions/00000000-0000-0000-0000-000000000000/resourceGroups/cli_test_template_specs_tenant_deploy000001/providers/Microsoft.Resources/templateSpecs/cli-test-sub-lvl-ts-deploy000002/versions/1.0?api-version=2022-02-01
  response:
    body:
      string: "{\r\n  \"location\": \"eastus\",\r\n  \"tags\": {},\r\n  \"properties\":
        {\r\n    \"mainTemplate\": {\r\n      \"$schema\": \"https://schema.management.azure.com/schemas/2015-01-01/deploymentTemplate.json#\",\r\n
        \     \"contentVersion\": \"1.0.0.0\",\r\n      \"parameters\": {\r\n        \"storageAccountName\":
        {\r\n          \"type\": \"string\",\r\n          \"defaultValue\": \"armbuilddemo1801\"\r\n
        \       },\r\n        \"nestedRGName\": {\r\n          \"type\": \"string\",\r\n
        \         \"defaultValue\": \"cli_test_subscription_level_deployment\"\r\n
        \       }\r\n      },\r\n      \"variables\": {},\r\n      \"resources\":
        [\r\n        {\r\n          \"type\": \"Microsoft.Authorization/policyDefinitions\",\r\n
        \         \"name\": \"policy2\",\r\n          \"apiVersion\": \"2016-12-01\",\r\n
        \         \"properties\": {\r\n            \"policyType\": \"Custom\",\r\n
        \           \"parameters\": {},\r\n            \"policyRule\": {\r\n              \"if\":
        {\r\n                \"field\": \"location\",\r\n                \"equals\":
        \"northeurope\"\r\n              },\r\n              \"then\": {\r\n                \"effect\":
        \"deny\"\r\n              }\r\n            }\r\n          }\r\n        },\r\n
        \       {\r\n          \"type\": \"Microsoft.Authorization/policyAssignments\",\r\n
        \         \"name\": \"location-lock\",\r\n          \"apiVersion\": \"2016-12-01\",\r\n
        \         \"dependsOn\": [\r\n            \"policy2\"\r\n          ],\r\n
        \         \"properties\": {\r\n            \"scope\": \"[subscription().id]\",\r\n
        \           \"policyDefinitionId\": \"[resourceId('Microsoft.Authorization/policyDefinitions',
        'policy2')]\"\r\n          }\r\n        },\r\n        {\r\n          \"type\":
        \"Microsoft.Resources/resourceGroups\",\r\n          \"name\": \"[parameters('nestedRGName')]\",\r\n
        \         \"apiVersion\": \"2018-05-01\",\r\n          \"location\": \"WestUS\",\r\n
        \         \"properties\": {}\r\n        },\r\n        {\r\n          \"type\":
        \"Microsoft.Resources/deployments\",\r\n          \"name\": \"rg-nested6\",\r\n
        \         \"apiVersion\": \"2017-05-10\",\r\n          \"resourceGroup\":
        \"[parameters('nestedRGName')]\",\r\n          \"dependsOn\": [\r\n            \"[parameters('nestedRGName')]\"\r\n
        \         ],\r\n          \"properties\": {\r\n            \"template\": {\r\n
        \             \"$schema\": \"https://schema.management.azure.com/schemas/2015-01-01/deploymentTemplate.json#\",\r\n
        \             \"contentVersion\": \"1.0.0.0\",\r\n              \"parameters\":
        {},\r\n              \"variables\": {},\r\n              \"resources\": [\r\n
        \               {\r\n                  \"type\": \"Microsoft.Storage/storageAccounts\",\r\n
        \                 \"name\": \"[parameters('storageAccountName')]\",\r\n                  \"apiVersion\":
        \"2015-06-15\",\r\n                  \"location\": \"East US\",\r\n                  \"properties\":
        {\r\n                    \"accountType\": \"Standard_LRS\",\r\n                    \"supportsHttpsTrafficOnly\":
        true\r\n                  }\r\n                }\r\n              ]\r\n            },\r\n
        \           \"mode\": \"Incremental\"\r\n          }\r\n        }\r\n      ]\r\n
        \   }\r\n  },\r\n  \"systemData\": {\r\n    \"createdBy\": \"test@example.com\",\r\n
        \   \"createdByType\": \"User\",\r\n    \"createdAt\": \"2025-06-23T22:27:21.9697482Z\",\r\n
        \   \"lastModifiedBy\": \"test@example.com\",\r\n    \"lastModifiedByType\":
        \"User\",\r\n    \"lastModifiedAt\": \"2025-06-23T22:27:21.9697482Z\"\r\n
        \ },\r\n  \"id\": \"/subscriptions/00000000-0000-0000-0000-000000000000/resourceGroups/cli_test_template_specs_tenant_deploy000001/providers/Microsoft.Resources/templateSpecs/cli-test-sub-lvl-ts-deploy000002/versions/1.0\",\r\n
        \ \"type\": \"Microsoft.Resources/templateSpecs/versions\",\r\n  \"name\":
        \"1.0\"\r\n}"
    headers:
      cache-control:
      - no-cache
      content-length:
      - '3385'
      content-type:
      - application/json; charset=utf-8
      date:
      - Mon, 23 Jun 2025 22:27:23 GMT
      expires:
      - '-1'
      pragma:
      - no-cache
      strict-transport-security:
      - max-age=31536000; includeSubDomains
      x-cache:
      - CONFIG_NOCACHE
      x-content-type-options:
      - nosniff
      x-ms-ratelimit-remaining-subscription-global-reads:
      - '16499'
      x-msedge-ref:
      - 'Ref A: A6658F29CC3B41FE8F0D73C47B38C1AD Ref B: BN1AA2051012037 Ref C: 2025-06-23T22:27:23Z'
    status:
      code: 200
      message: OK
- request:
    body: null
    headers:
      Connection:
      - close
      Host:
      - raw.githubusercontent.com
      User-Agent:
      - Python-urllib/3.12
    method: GET
    uri: https://raw.githubusercontent.com/Azure/azure-cli/dev/src/azure-cli/azure/cli/command_modules/resource/tests/latest/subscription_level_parameters.json
  response:
    body:
      string: "{\n  \"$schema\": \"https://schema.management.azure.com/schemas/2015-01-01/deploymentParameters.json#\",\n
        \ \"contentVersion\": \"1.0.0.0\",\n  \"parameters\": {\n     /** comment1\n
        \       comment2\n        comment3\n      **/\n      // comment\n      /**
        comment **/\n    \"nestedRGName\": {\n      /** comment1\n        comment2\n
        \       comment3\n      **/\n      // comment\n      /** comment **/\n      \"value\":
        \"cli_test_subscription_level_deployment\" /** comment **/\n      /** comment1\n
        \       comment2\n        comment3\n      **/\n      // comment\n      /**
        comment **/\n    }\n      /** comment1\n        comment2\n        comment3\n
        \     **/\n      // comment\n      /** comment **/\n  }\n}"
    headers:
      accept-ranges:
      - bytes
      access-control-allow-origin:
      - '*'
      cache-control:
      - max-age=300
      connection:
      - close
      content-length:
      - '661'
      content-security-policy:
      - default-src 'none'; style-src 'unsafe-inline'; sandbox
      content-type:
      - text/plain; charset=utf-8
      cross-origin-resource-policy:
      - cross-origin
      date:
      - Mon, 23 Jun 2025 22:27:23 GMT
      etag:
      - '"2cc7b94cb1a1129b25fb74b5079c39ebea46f9ed18b7ed5ab643967ad43be835"'
      expires:
      - Mon, 23 Jun 2025 22:18:44 GMT
      source-age:
      - '0'
      strict-transport-security:
      - max-age=31536000
      vary:
      - Authorization,Accept-Encoding
      via:
      - 1.1 varnish, 1.1 varnish
      x-cache:
      - MISS, HIT
      x-cache-hits:
      - 0, 0
      x-content-type-options:
      - nosniff
      x-fastly-request-id:
      - 4648a272a12adbbf48bba1cedcccbb7e63ad8a57
      x-frame-options:
      - deny
      x-github-request-id:
      - B910:38E27C:7A991:A2A8C:6859D197
      x-served-by:
      - cache-iad-kcgs7200166-IAD, cache-iad-kcgs7200109-IAD
      x-timer:
      - S1750717643.420463,VS0,VE80
      x-xss-protection:
      - 1; mode=block
    status:
      code: 200
      message: OK
- request:
    body: '{"location": "WestUS", "properties": {"templateLink": {"id": "/subscriptions/00000000-0000-0000-0000-000000000000/resourceGroups/cli_test_template_specs_tenant_deploy000001/providers/Microsoft.Resources/templateSpecs/cli-test-sub-lvl-ts-deploy000002/versions/1.0"},
      "parameters": {"nestedRGName": {"value": "cli_test_subscription_level_deployment"},
      "storageAccountName": {"value": "armbuilddemo000005"}}, "mode": "Incremental"}}'
    headers:
      Accept:
      - application/json
      Accept-Encoding:
      - gzip, deflate
      CommandName:
      - deployment sub validate
      Connection:
      - keep-alive
      Content-Length:
      - '429'
      Content-Type:
      - application/json
      ParameterSetName:
      - --location --template-spec --parameters --parameters
      User-Agent:
      - AZURECLI/2.74.0 azsdk-python-core/1.31.0 Python/3.12.1 (Linux-6.8.0-1027-azure-x86_64-with-glibc2.31)
    method: POST
    uri: https://management.azure.com/subscriptions/00000000-0000-0000-0000-000000000000/providers/Microsoft.Resources/deployments/mock-deployment/validate?api-version=2025-04-01
  response:
    body:
      string: '{"id":"/subscriptions/00000000-0000-0000-0000-000000000000/providers/Microsoft.Resources/deployments/1","name":"1","type":"Microsoft.Resources/deployments","location":"westus","properties":{"templateLink":{"id":"/subscriptions/00000000-0000-0000-0000-000000000000/resourceGroups/cli_test_template_specs_tenant_deploy000001/providers/Microsoft.Resources/templateSpecs/cli-test-sub-lvl-ts-deploy000002/versions/1.0","contentVersion":"1.0.0.0"},"templateHash":"1013067532690748919","parameters":{"storageAccountName":{"type":"String","value":"armbuilddemo000005"},"nestedRGName":{"type":"String","value":"cli_test_subscription_level_deployment"}},"mode":"Incremental","provisioningState":"Succeeded","timestamp":"2025-06-23T22:27:24.5152749Z","duration":"PT0S","correlationId":"135c035a-e6ed-4a5d-9f0f-ce23d4b66abf","providers":[{"namespace":"Microsoft.Authorization","resourceTypes":[{"resourceType":"policyDefinitions","locations":[null]},{"resourceType":"policyAssignments","locations":[null]}]},{"namespace":"Microsoft.Resources","resourceTypes":[{"resourceType":"resourceGroups","locations":["westus"]},{"resourceType":"deployments","locations":[null]}]}],"dependencies":[{"dependsOn":[{"id":"/subscriptions/00000000-0000-0000-0000-000000000000/providers/Microsoft.Authorization/policyDefinitions/policy2","resourceType":"Microsoft.Authorization/policyDefinitions","resourceName":"policy2"}],"id":"/subscriptions/00000000-0000-0000-0000-000000000000/providers/Microsoft.Authorization/policyAssignments/location-lock","resourceType":"Microsoft.Authorization/policyAssignments","resourceName":"location-lock"},{"dependsOn":[{"id":"/subscriptions/00000000-0000-0000-0000-000000000000/resourceGroups/cli_test_subscription_level_deployment","resourceType":"Microsoft.Resources/resourceGroups","resourceName":"cli_test_subscription_level_deployment"}],"id":"/subscriptions/00000000-0000-0000-0000-000000000000/resourceGroups/cli_test_subscription_level_deployment/providers/Microsoft.Resources/deployments/rg-nested6","resourceType":"Microsoft.Resources/deployments","resourceName":"rg-nested6"}],"validatedResources":[{"id":"/subscriptions/00000000-0000-0000-0000-000000000000/providers/Microsoft.Authorization/policyDefinitions/policy2"},{"id":"/subscriptions/00000000-0000-0000-0000-000000000000/providers/Microsoft.Authorization/policyAssignments/location-lock"},{"id":"/subscriptions/00000000-0000-0000-0000-000000000000/resourceGroups/cli_test_subscription_level_deployment"},{"id":"/subscriptions/00000000-0000-0000-0000-000000000000/resourceGroups/cli_test_subscription_level_deployment/providers/Microsoft.Resources/deployments/rg-nested6"},{"id":"/subscriptions/00000000-0000-0000-0000-000000000000/resourceGroups/cli_test_subscription_level_deployment/providers/Microsoft.Storage/storageAccounts/armbuilddemo000005"}]}}'
    headers:
      cache-control:
      - no-cache
      content-length:
      - '2826'
      content-type:
      - application/json; charset=utf-8
      date:
      - Mon, 23 Jun 2025 22:27:25 GMT
      expires:
      - '-1'
      pragma:
      - no-cache
      strict-transport-security:
      - max-age=31536000; includeSubDomains
      x-cache:
      - CONFIG_NOCACHE
      x-content-type-options:
      - nosniff
      x-ms-ratelimit-remaining-subscription-global-writes:
      - '11999'
      x-ms-ratelimit-remaining-subscription-writes:
      - '799'
      x-msedge-ref:
      - 'Ref A: 79CFDF28E7314E44943E720625465A59 Ref B: BN1AA2051014047 Ref C: 2025-06-23T22:27:23Z'
    status:
      code: 200
      message: OK
- request:
    body: null
    headers:
      Accept:
      - application/json
      Accept-Encoding:
      - gzip, deflate
      CommandName:
      - deployment sub create
      Connection:
      - keep-alive
      ParameterSetName:
      - -n --location --template-spec --parameters --parameters
      User-Agent:
      - AZURECLI/2.74.0 azsdk-python-core/1.31.0 Python/3.12.1 (Linux-6.8.0-1027-azure-x86_64-with-glibc2.31)
    method: GET
    uri: https://management.azure.com/subscriptions/00000000-0000-0000-0000-000000000000/providers/Microsoft.Resources?api-version=2024-11-01
  response:
    body:
      string: '{"id":"/subscriptions/00000000-0000-0000-0000-000000000000/providers/Microsoft.Resources","namespace":"Microsoft.Resources","authorizations":[{"applicationId":"f77c2a8f-8a0a-4776-8e0a-bcb2549610ca"},{"applicationId":"3b990c8b-9607-4c2a-8b04-1d41985facca"}],"resourceTypes":[{"resourceType":"changes","locations":[],"apiVersions":["2024-06-01-preview","2023-07-01-preview","2023-03-01-preview","2022-05-01","2022-03-01-preview"],"capabilities":"SupportsExtension"},{"resourceType":"snapshots","locations":[],"apiVersions":["2022-11-01-preview"],"capabilities":"SupportsExtension"},{"resourceType":"moboBrokers","locations":["Australia
        Central","Australia East","Australia Southeast","Brazil South","Canada Central","Canada
        East","Central India","Central US","East Asia","East US 2","East US","France
        Central","Germany West Central","Japan East","Japan West","Jio India West","Korea
        Central","Korea South","North Central US","North Europe","Norway East","South
        Africa North","South Central US","South India","Southeast Asia","Sweden Central","Switzerland
        North","UAE North","UK South","UK West","West Central US","West Europe","West
        India","West US 2","West US 3","West US","Central US EUAP","East US 2 EUAP"],"apiVersions":["2023-06-01-preview"],"capabilities":"SupportsTags,
        SupportsLocation"},{"resourceType":"locations/moboOperationStatuses","locations":["Australia
        Central","Australia East","Australia Southeast","Brazil South","Canada Central","Canada
        East","Central India","Central US","East Asia","East US 2","East US","France
        Central","Germany West Central","Japan East","Japan West","Jio India West","Korea
        Central","Korea South","North Central US","North Europe","Norway East","South
        Africa North","South Central US","South India","Southeast Asia","Sweden Central","Switzerland
        North","UAE North","UK South","UK West","West Central US","West Europe","West
        India","West US 2","West US 3","West US","Central US EUAP","East US 2 EUAP"],"apiVersions":["2023-06-01-preview"],"capabilities":"None"},{"resourceType":"tenants","locations":[],"apiVersions":["2020-01-01","2019-09-01","2019-05-01","2019-04-01","2019-03-01","2018-11-01","2018-09-01","2018-08-01","2018-07-01","2018-05-01","2018-02-01","2018-01-01","2017-08-01","2017-06-01","2017-05-10","2017-05-01","2017-03-01","2016-09-01","2016-07-01","2016-06-01","2016-02-01","2015-11-01","2015-01-01","2014-04-01-preview"],"apiProfiles":[{"profileVersion":"2018-06-01-profile","apiVersion":"2016-06-01"},{"profileVersion":"2019-03-01-hybrid","apiVersion":"2016-06-01"}],"capabilities":"None"},{"resourceType":"locations","locations":[],"apiVersions":["2019-09-01","2019-05-01","2019-04-01","2019-03-01","2018-11-01","2018-09-01","2018-08-01","2018-07-01","2018-05-01","2018-02-01","2018-01-01","2017-08-01","2017-06-01","2017-05-10","2017-05-01","2017-03-01","2016-09-01","2016-07-01","2016-06-01","2016-02-01","2015-11-01","2015-01-01","2014-04-01-preview"],"apiProfiles":[{"profileVersion":"2018-06-01-profile","apiVersion":"2016-06-01"},{"profileVersion":"2019-03-01-hybrid","apiVersion":"2018-05-01"}],"capabilities":"None"},{"resourceType":"operationresults","locations":[],"apiVersions":["2019-09-01","2019-05-01","2019-04-01","2019-03-01","2018-11-01","2018-09-01","2018-08-01","2018-07-01","2018-05-01","2018-02-01","2018-01-01","2017-08-01","2017-06-01","2017-05-10","2017-05-01","2017-03-01","2016-09-01","2016-07-01","2016-06-01","2016-02-01","2015-11-01","2015-01-01","2014-04-01-preview"],"apiProfiles":[{"profileVersion":"2018-06-01-profile","apiVersion":"2016-06-01"}],"capabilities":"None"},{"resourceType":"notifyResourceJobs","locations":[],"apiVersions":["2019-09-01","2019-05-01","2019-04-01","2019-03-01","2018-11-01","2018-09-01","2018-08-01","2018-07-01","2018-05-01","2018-02-01"],"capabilities":"None"},{"resourceType":"tags","locations":[],"apiVersions":["2023-07-01","2022-09-01","2019-10-01","2019-05-01","2019-04-01","2019-03-01","2018-11-01"],"capabilities":"SupportsExtension"},{"resourceType":"checkPolicyCompliance","locations":[],"apiVersions":["2019-05-01","2019-04-01","2019-03-01","2018-11-01","2018-09-01","2018-08-01","2018-07-01","2018-05-01","2018-02-01","2018-01-01","2017-08-01","2017-06-01","2017-05-10","2017-05-01","2017-03-01","2016-09-01","2016-07-01","2016-06-01","2016-02-01","2015-11-01","2015-01-01","2014-04-01-preview"],"capabilities":"None"},{"resourceType":"providers","locations":[],"apiVersions":["2019-05-01","2019-04-01","2019-03-01","2018-11-01","2018-09-01","2018-08-01","2018-07-01","2018-05-01","2018-02-01","2018-01-01","2017-08-01","2017-06-01","2017-05-10","2017-05-01","2017-03-01","2016-09-01","2016-07-01","2016-06-01","2016-02-01","2015-11-01","2015-01-01","2014-04-01-preview"],"apiProfiles":[{"profileVersion":"2018-06-01-profile","apiVersion":"2016-06-01"},{"profileVersion":"2019-03-01-hybrid","apiVersion":"2018-05-01"}],"capabilities":"None"},{"resourceType":"checkresourcename","locations":[],"apiVersions":["2019-05-01","2019-04-01","2019-03-01","2018-11-01","2018-09-01","2018-08-01","2018-07-01","2018-05-01","2018-02-01","2018-01-01","2017-08-01","2017-06-01","2017-05-10","2017-05-01","2017-03-01","2016-09-01","2016-07-01","2016-06-01","2016-02-01","2015-11-01","2015-01-01","2014-04-01-preview"],"apiProfiles":[{"profileVersion":"2018-06-01-profile","apiVersion":"2016-06-01"}],"capabilities":"None"},{"resourceType":"calculateTemplateHash","locations":[],"apiVersions":["2023-07-01","2022-09-01","2019-09-01","2019-05-01","2019-04-01","2019-03-01","2018-11-01","2018-09-01","2018-08-01","2018-07-01","2018-05-01","2018-02-01","2018-01-01","2017-08-01","2017-06-01","2017-05-10","2017-05-01","2017-03-01","2016-09-01","2016-07-01","2016-06-01","2016-02-01","2015-11-01","2015-01-01","2014-04-01-preview"],"apiProfiles":[{"profileVersion":"2018-06-01-profile","apiVersion":"2016-06-01"}],"capabilities":"None"},{"resourceType":"resources","locations":[],"apiVersions":["2019-09-01","2019-05-01","2019-04-01","2019-03-01","2018-11-01","2018-09-01","2018-08-01","2018-07-01","2018-05-01","2018-02-01","2018-01-01","2017-08-01","2017-06-01","2017-05-10","2017-05-01","2017-03-01","2016-09-01","2016-07-01","2016-06-01","2016-02-01","2015-11-01","2015-01-01","2014-04-01-preview"],"apiProfiles":[{"profileVersion":"2018-06-01-profile","apiVersion":"2016-06-01"},{"profileVersion":"2019-03-01-hybrid","apiVersion":"2018-05-01"}],"capabilities":"None"},{"resourceType":"subscriptions","locations":[],"apiVersions":["2019-10-01","2019-09-01","2019-05-01","2019-04-01","2019-03-01","2018-11-01","2018-09-01","2018-08-01","2018-07-01","2018-05-01","2018-02-01","2018-01-01","2017-08-01","2017-06-01","2017-05-10","2017-05-01","2017-03-01","2016-09-01","2016-07-01","2016-06-01","2016-02-01","2015-11-01","2015-01-01","2014-04-01-preview"],"apiProfiles":[{"profileVersion":"2018-06-01-profile","apiVersion":"2016-06-01"},{"profileVersion":"2019-03-01-hybrid","apiVersion":"2016-06-01"}],"capabilities":"SupportsTags"},{"resourceType":"subscriptions/resources","locations":[],"apiVersions":["2019-09-01","2019-05-01","2019-04-01","2019-03-01","2018-11-01","2018-09-01","2018-08-01","2018-07-01","2018-05-01","2018-02-01","2018-01-01","2017-08-01","2017-06-01","2017-05-10","2017-05-01","2017-03-01","2016-09-01","2016-07-01","2016-06-01","2016-02-01","2015-11-01","2015-01-01","2014-04-01-preview"],"apiProfiles":[{"profileVersion":"2018-06-01-profile","apiVersion":"2016-06-01"},{"profileVersion":"2019-03-01-hybrid","apiVersion":"2018-05-01"}],"capabilities":"None"},{"resourceType":"subscriptions/providers","locations":[],"apiVersions":["2019-05-01","2019-04-01","2019-03-01","2018-11-01","2018-09-01","2018-08-01","2018-07-01","2018-05-01","2018-02-01","2018-01-01","2017-08-01","2017-06-01","2017-05-10","2017-05-01","2017-03-01","2016-09-01","2016-07-01","2016-06-01","2016-02-01","2015-11-01","2015-01-01","2014-04-01-preview"],"apiProfiles":[{"profileVersion":"2018-06-01-profile","apiVersion":"2016-06-01"},{"profileVersion":"2019-03-01-hybrid","apiVersion":"2018-05-01"}],"capabilities":"None"},{"resourceType":"subscriptions/operationresults","locations":[],"apiVersions":["2019-05-01","2019-04-01","2019-03-01","2018-11-01","2018-09-01","2018-08-01","2018-07-01","2018-05-01","2018-02-01","2018-01-01","2017-08-01","2017-06-01","2017-05-10","2017-05-01","2017-03-01","2016-09-01","2016-07-01","2016-06-01","2016-02-01","2015-11-01","2015-01-01","2014-04-01-preview"],"apiProfiles":[{"profileVersion":"2018-06-01-profile","apiVersion":"2016-06-01"},{"profileVersion":"2019-03-01-hybrid","apiVersion":"2018-05-01"}],"capabilities":"None"},{"resourceType":"resourceGroups","locations":["Central
        US","East Asia","Southeast Asia","East US","East US 2","West US","West US
        2","North Central US","South Central US","West Central US","North Europe","West
        Europe","Japan East","Japan West","Brazil South","Australia Southeast","Australia
        East","West India","South India","Central India","Canada Central","Canada
        East","UK South","UK West","Korea Central","Korea South","France Central","South
        Africa North","UAE North","Australia Central","Switzerland North","Germany
        West Central","Norway East","Jio India West","West US 3","Qatar Central","Sweden
        Central","Israel Central","Poland Central","Italy North","Spain Central","Mexico
        Central","Chile Central","Malaysia West","New Zealand North","Indonesia Central","Taiwan
        North","Taiwan Northwest","Malaysia South","Austria East","Israel Northwest","Southeast
        US","East US 2 EUAP","Central US EUAP"],"apiVersions":["2023-07-01-preview","2023-07-01","2023-03-01-preview","2022-12-01","2022-11-01-preview","2022-09-01","2022-06-01","2022-05-01","2022-03-01-preview","2022-01-01","2021-04-01","2021-01-01","2020-10-01","2020-09-01","2020-08-01","2020-07-01","2020-06-01","2020-05-01","2020-01-01","2019-11-01","2019-10-01","2019-09-01","2019-08-01","2019-07-01","2019-06-01","2019-05-01","2019-04-01","2019-03-01","2018-11-01","2018-09-01","2018-08-01","2018-07-01","2018-05-01","2018-02-01","2018-01-01","2017-08-01","2017-06-01","2017-05-10","2017-05-01","2017-03-01","2016-09-01","2016-07-01","2016-06-01","2016-02-01","2015-11-01","2015-01-01","2014-04-01-preview"],"apiProfiles":[{"profileVersion":"2018-06-01-profile","apiVersion":"2016-06-01"},{"profileVersion":"2019-03-01-hybrid","apiVersion":"2018-05-01"}],"capabilities":"SupportsTags,
        SupportsLocation"},{"resourceType":"subscriptions/resourceGroups","locations":["Central
        US","East Asia","Southeast Asia","East US","East US 2","West US","West US
        2","North Central US","South Central US","West Central US","North Europe","West
        Europe","Japan East","Japan West","Brazil South","Australia Southeast","Australia
        East","West India","South India","Central India","Canada Central","Canada
        East","UK South","UK West","Korea Central","Korea South","France Central","South
        Africa North","UAE North","Australia Central","Switzerland North","Germany
        West Central","Norway East","Jio India West","West US 3","Qatar Central","Sweden
        Central","Israel Central","Poland Central","Italy North","Spain Central","Mexico
        Central","Chile Central","Malaysia West","New Zealand North","Indonesia Central","Taiwan
        North","Taiwan Northwest","Malaysia South","Austria East","Israel Northwest","Southeast
        US","East US 2 EUAP","Central US EUAP"],"apiVersions":["2019-05-01","2019-04-01","2019-03-01","2018-11-01","2018-09-01","2018-08-01","2018-07-01","2018-05-01","2018-02-01","2018-01-01","2017-08-01","2017-06-01","2017-05-10","2017-05-01","2017-03-01","2016-09-01","2016-07-01","2016-06-01","2016-02-01","2015-11-01","2015-01-01","2014-04-01-preview"],"apiProfiles":[{"profileVersion":"2018-06-01-profile","apiVersion":"2016-06-01"},{"profileVersion":"2019-03-01-hybrid","apiVersion":"2018-05-01"}],"capabilities":"SupportsTags,
        SupportsLocation"},{"resourceType":"subscriptions/resourcegroups/resources","locations":[],"apiVersions":["2019-05-01","2019-04-01","2019-03-01","2018-11-01","2018-09-01","2018-08-01","2018-07-01","2018-05-01","2018-02-01","2018-01-01","2017-08-01","2017-06-01","2017-05-10","2017-05-01","2017-03-01","2016-09-01","2016-07-01","2016-06-01","2016-02-01","2015-11-01","2015-01-01","2014-04-01-preview"],"apiProfiles":[{"profileVersion":"2018-06-01-profile","apiVersion":"2016-06-01"},{"profileVersion":"2019-03-01-hybrid","apiVersion":"2018-05-01"}],"capabilities":"None"},{"resourceType":"subscriptions/locations","locations":[],"apiVersions":["2019-05-01","2019-04-01","2019-03-01","2018-11-01","2018-09-01","2018-08-01","2018-07-01","2018-05-01","2018-02-01","2018-01-01","2017-08-01","2017-06-01","2017-05-10","2017-05-01","2017-03-01","2016-09-01","2016-07-01","2016-06-01","2016-02-01","2015-11-01","2015-01-01","2014-04-01-preview"],"apiProfiles":[{"profileVersion":"2018-06-01-profile","apiVersion":"2016-06-01"},{"profileVersion":"2019-03-01-hybrid","apiVersion":"2016-06-01"}],"capabilities":"None"},{"resourceType":"subscriptions/tagnames","locations":[],"apiVersions":["2023-07-01","2022-09-01","2019-05-01","2019-04-01","2019-03-01","2018-11-01","2018-09-01","2018-08-01","2018-07-01","2018-05-01","2018-02-01","2018-01-01","2017-08-01","2017-06-01","2017-05-10","2017-05-01","2017-03-01","2016-09-01","2016-07-01","2016-06-01","2016-02-01","2015-11-01","2015-01-01","2014-04-01-preview"],"apiProfiles":[{"profileVersion":"2018-06-01-profile","apiVersion":"2016-06-01"},{"profileVersion":"2019-03-01-hybrid","apiVersion":"2018-05-01"}],"capabilities":"None"},{"resourceType":"subscriptions/tagNames/tagValues","locations":[],"apiVersions":["2023-07-01","2022-09-01","2019-05-01","2019-04-01","2019-03-01","2018-11-01","2018-09-01","2018-08-01","2018-07-01","2018-05-01","2018-02-01","2018-01-01","2017-08-01","2017-06-01","2017-05-10","2017-05-01","2017-03-01","2016-09-01","2016-07-01","2016-06-01","2016-02-01","2015-11-01","2015-01-01","2014-04-01-preview"],"apiProfiles":[{"profileVersion":"2018-06-01-profile","apiVersion":"2016-06-01"},{"profileVersion":"2019-03-01-hybrid","apiVersion":"2018-05-01"}],"capabilities":"None"},{"resourceType":"deployments","locations":["West
        Central US","West Europe","West US 2","Southeast Asia","Australia East","Brazil
        South","Canada Central","Switzerland North","France Central","Germany West
        Central","Central India","Italy North","Japan East","Korea Central","UK South","Mexico
        Central","Norway East","Qatar Central","Sweden Central","Spain Central","UAE
        North","South Africa North","Poland Central","East Asia","Australia Southeast","Canada
        East","East US 2","South India","Japan West","Korea South","UK West","New
        Zealand North","North Europe","Central US EUAP","East US 2 EUAP","Malaysia
        South","Taiwan North","Taiwan Northwest"],"apiVersions":["2023-07-01","2022-09-01","2021-04-01","2021-01-01","2020-10-01","2020-06-01","2019-09-01","2019-08-01","2019-05-01","2019-04-01","2019-03-01","2018-11-01","2018-09-01","2018-08-01","2018-07-01","2018-05-01","2018-02-01","2018-01-01","2017-08-01","2017-06-01","2017-05-10","2017-05-01","2017-03-01","2016-09-01","2016-07-01","2016-06-01","2016-02-01","2015-11-01","2015-01-01","2014-04-01-preview"],"apiProfiles":[{"profileVersion":"2018-06-01-profile","apiVersion":"2016-06-01"},{"profileVersion":"2019-03-01-hybrid","apiVersion":"2018-05-01"}],"capabilities":"SupportsTags,
        SupportsExtension"},{"resourceType":"deployments/operations","locations":["West
        Central US","West Europe","West US 2","Southeast Asia","Australia East","Brazil
        South","Canada Central","Switzerland North","France Central","Germany West
        Central","Central India","Italy North","Japan East","Korea Central","UK South","Mexico
        Central","Norway East","Qatar Central","Sweden Central","Spain Central","UAE
        North","South Africa North","Poland Central","East Asia","Australia Southeast","Canada
        East","East US 2","South India","Japan West","Korea South","UK West","New
        Zealand North","North Europe","Central US EUAP","East US 2 EUAP","Malaysia
        South","Taiwan North","Taiwan Northwest"],"apiVersions":["2023-07-01","2022-09-01","2021-04-01","2021-01-01","2020-10-01","2020-06-01","2019-09-01","2019-05-01","2019-04-01","2019-03-01","2018-11-01","2018-09-01","2018-08-01","2018-07-01","2018-05-01","2018-02-01","2018-01-01","2017-08-01","2017-06-01","2017-05-10","2017-05-01","2017-03-01","2016-09-01","2016-07-01","2016-06-01","2016-02-01","2015-11-01","2015-01-01","2014-04-01-preview"],"apiProfiles":[{"profileVersion":"2018-06-01-profile","apiVersion":"2016-06-01"},{"profileVersion":"2019-03-01-hybrid","apiVersion":"2018-05-01"}],"capabilities":"None"},{"resourceType":"locations/deploymentStatuses","locations":["West
        Central US","West Europe","West US 2","Southeast Asia","Australia East","Brazil
        South","Canada Central","Switzerland North","France Central","Germany West
        Central","Central India","Italy North","Japan East","Korea Central","UK South","Mexico
        Central","Norway East","Qatar Central","Sweden Central","Spain Central","UAE
        North","South Africa North","Poland Central","East Asia","Australia Southeast","Canada
        East","East US 2","South India","Japan West","Korea South","UK West","New
        Zealand North","North Europe","Central US EUAP","East US 2 EUAP","Malaysia
        South","Taiwan North","Taiwan Northwest"],"apiVersions":["2023-07-01","2022-09-01","2021-04-01","2021-01-01","2020-10-01","2020-06-01","2019-09-01","2019-08-01","2019-05-01","2019-04-01","2019-03-01","2018-11-01","2018-09-01","2018-08-01","2018-07-01","2018-05-01","2018-02-01","2018-01-01","2017-08-01","2017-06-01","2017-05-10","2017-05-01","2017-03-01","2016-09-01","2016-07-01","2016-06-01","2016-02-01","2015-11-01","2015-01-01","2014-04-01-preview"],"capabilities":"None"},{"resourceType":"locations/deploymentOperationResults","locations":["West
        Central US","West Europe","West US 2","Southeast Asia","Australia East","Brazil
        South","Canada Central","Switzerland North","France Central","Germany West
        Central","Central India","Italy North","Japan East","Korea Central","UK South","Mexico
        Central","Norway East","Qatar Central","Sweden Central","Spain Central","UAE
        North","South Africa North","Poland Central","East Asia","Australia Southeast","Canada
        East","East US 2","South India","Japan West","Korea South","UK West","New
        Zealand North","North Europe","Central US EUAP","East US 2 EUAP","Malaysia
        South","Taiwan North","Taiwan Northwest"],"apiVersions":["2023-07-01","2022-09-01","2021-04-01","2021-01-01","2020-10-01","2020-06-01","2019-09-01","2019-08-01","2019-05-01","2019-04-01","2019-03-01","2018-11-01","2018-09-01","2018-08-01","2018-07-01","2018-05-01","2018-02-01","2018-01-01","2017-08-01","2017-06-01","2017-05-10","2017-05-01","2017-03-01","2016-09-01","2016-07-01","2016-06-01","2016-02-01","2015-11-01","2015-01-01","2014-04-01-preview"],"capabilities":"None"},{"resourceType":"locations/exportResourceTemplate","locations":["West
        Central US","West Europe","West US 2","Southeast Asia","Australia East","Brazil
        South","Canada Central","Switzerland North","France Central","Germany West
        Central","Central India","Italy North","Japan East","Korea Central","UK South","Mexico
        Central","Norway East","Qatar Central","Sweden Central","Spain Central","UAE
        North","South Africa North","Poland Central","East Asia","Australia Southeast","Canada
        East","East US 2","South India","Japan West","Korea South","UK West","New
        Zealand North","North Europe","Central US EUAP","East US 2 EUAP","Malaysia
        South","Taiwan North","Taiwan Northwest"],"apiVersions":["2023-07-01","2022-09-01","2021-04-01","2021-01-01","2020-10-01","2020-06-01","2019-09-01","2019-08-01","2019-05-01","2019-04-01","2019-03-01","2018-11-01","2018-09-01","2018-08-01","2018-07-01","2018-05-01","2018-02-01","2018-01-01","2017-08-01","2017-06-01","2017-05-10","2017-05-01","2017-03-01","2016-09-01","2016-07-01","2016-06-01","2016-02-01","2015-11-01","2015-01-01","2014-04-01-preview"],"capabilities":"None"},{"resourceType":"locations/notifyDeploymentJobs","locations":["West
        Central US","West Europe","West US 2","Southeast Asia","Australia East","Brazil
        South","Canada Central","Switzerland North","France Central","Germany West
        Central","Central India","Italy North","Japan East","Korea Central","UK South","Mexico
        Central","Norway East","Qatar Central","Sweden Central","Spain Central","UAE
        North","South Africa North","Poland Central","East Asia","Australia Southeast","Canada
        East","East US 2","South India","Japan West","Korea South","UK West","New
        Zealand North","North Europe","Central US EUAP","East US 2 EUAP","Malaysia
        South","Taiwan North","Taiwan Northwest"],"apiVersions":["2023-07-01","2022-09-01","2021-04-01","2021-01-01","2020-10-01","2020-06-01","2019-09-01","2019-08-01","2019-05-01","2019-04-01","2019-03-01","2018-11-01","2018-09-01","2018-08-01","2018-07-01","2018-05-01","2018-02-01","2018-01-01","2017-08-01","2017-06-01","2017-05-10","2017-05-01","2017-03-01","2016-09-01","2016-07-01","2016-06-01","2016-02-01","2015-11-01","2015-01-01","2014-04-01-preview"],"capabilities":"None"},{"resourceType":"validateResources","locations":[],"apiVersions":["2022-06-01"],"capabilities":"None"},{"resourceType":"links","locations":[],"apiVersions":["2019-05-01","2019-04-01","2019-03-01","2018-11-01","2018-09-01","2018-08-01","2018-07-01","2018-05-01","2018-02-01","2018-01-01","2017-08-01","2017-06-01","2017-05-10","2017-05-01","2017-03-01","2016-09-01","2016-07-01","2016-06-01","2016-02-01","2015-11-01","2015-01-01","2014-04-01-preview"],"apiProfiles":[{"profileVersion":"2018-06-01-profile","apiVersion":"2016-06-01"},{"profileVersion":"2019-03-01-hybrid","apiVersion":"2018-05-01"}],"capabilities":"SupportsExtension"},{"resourceType":"operations","locations":[],"apiVersions":["2015-01-01"],"apiProfiles":[{"profileVersion":"2018-06-01-profile","apiVersion":"2015-01-01"}],"capabilities":"None"},{"resourceType":"bulkDelete","locations":[],"apiVersions":["2019-05-01","2019-04-01","2019-03-01","2018-11-01","2018-09-01","2018-08-01","2018-07-01","2018-05-01","2018-02-01","2018-01-01","2017-08-01","2017-06-01","2017-05-10","2017-05-01","2017-03-01","2016-09-01","2016-07-01","2016-06-01","2016-02-01","2015-11-01","2015-01-01","2014-04-01-preview"],"capabilities":"None"},{"resourceType":"dataBoundaries","locations":[],"apiVersions":["2024-08-01","2024-02-01-preview"],"capabilities":"None"},{"resourceType":"deploymentScripts","locations":["East
        Asia","Southeast Asia","Australia East","Australia Southeast","Brazil South","Canada
        Central","Canada East","Switzerland North","Germany West Central","East US
        2","East US","Central US","North Central US","France Central","UK South","UK
        West","Indonesia Central","Israel Central","Central India","South India","Jio
        India West","Italy North","Japan East","Japan West","Korea Central","Korea
        South","Malaysia West","Mexico Central","North Europe","Norway East","New
        Zealand North","Poland Central","Qatar Central","Spain Central","Sweden Central","UAE
        North","West Central US","West Europe","West US 2","West US","South Central
        US","West US 3","South Africa North","Central US EUAP","East US 2 EUAP","Taiwan
        North","Taiwan Northwest"],"apiVersions":["2023-08-01","2020-10-01","2019-10-01-preview"],"capabilities":"SupportsTags,
        SupportsLocation"},{"resourceType":"deploymentScripts/logs","locations":["East
        Asia","Southeast Asia","Australia East","Australia Southeast","Brazil South","Canada
        Central","Canada East","Switzerland North","Germany West Central","East US
        2","East US","Central US","North Central US","France Central","UK South","UK
        West","Indonesia Central","Israel Central","Central India","South India","Jio
        India West","Italy North","Japan East","Japan West","Korea Central","Korea
        South","Malaysia West","Mexico Central","North Europe","Norway East","New
        Zealand North","Poland Central","Qatar Central","Spain Central","Sweden Central","UAE
        North","West Central US","West Europe","West US 2","West US","South Central
        US","West US 3","South Africa North","Central US EUAP","East US 2 EUAP","Taiwan
        North","Taiwan Northwest"],"apiVersions":["2023-08-01","2020-10-01","2019-10-01-preview"],"capabilities":"None"},{"resourceType":"locations/deploymentScriptOperationResults","locations":["East
        Asia","Southeast Asia","Australia East","Australia Southeast","Brazil South","Canada
        Central","Canada East","Switzerland North","Germany West Central","East US
        2","East US","Central US","North Central US","France Central","UK South","UK
        West","Indonesia Central","Israel Central","Central India","South India","Jio
        India West","Italy North","Japan East","Japan West","Korea Central","Korea
        South","Malaysia West","Mexico Central","North Europe","Norway East","New
        Zealand North","Poland Central","Qatar Central","Spain Central","Sweden Central","UAE
        North","West Central US","West Europe","West US 2","West US","South Central
        US","West US 3","South Africa North","Central US EUAP","East US 2 EUAP","Taiwan
        North","Taiwan Northwest"],"apiVersions":["2023-08-01","2020-10-01","2019-10-01-preview"],"capabilities":"None"},{"resourceType":"decompileBicep","locations":[],"apiVersions":["2023-11-01"],"capabilities":"None"},{"resourceType":"templateSpecs","locations":["East
        Asia","Southeast Asia","Australia East","Australia Central","Australia Central
        2","Australia Southeast","Brazil South","Canada Central","Canada East","Switzerland
        North","Germany West Central","East US 2","East US","Central US","North Central
        US","France Central","UK South","UK West","Indonesia Central","Israel Central","Central
        India","West India","Jio India West","South India","Italy North","Japan East","Japan
        West","Korea Central","Korea South","Malaysia West","Mexico Central","North
        Europe","Norway East","New Zealand North","Poland Central","Qatar Central","Spain
        Central","Sweden Central","UAE North","West Central US","West Europe","West
        US 2","West US","West US 3","South Central US","South Africa North","Central
        US EUAP","Southeast US","East US 2 EUAP","Malaysia South","Taiwan North","Taiwan
        Northwest"],"apiVersions":["2022-02-01","2021-05-01","2021-03-01-preview","2019-06-01-preview"],"capabilities":"CrossResourceGroupResourceMove,
        CrossSubscriptionResourceMove, SupportsTags, SupportsLocation"},{"resourceType":"templateSpecs/versions","locations":["East
        Asia","Southeast Asia","Australia East","Australia Central","Australia Central
        2","Australia Southeast","Brazil South","Canada Central","Canada East","Switzerland
        North","Germany West Central","East US 2","East US","Central US","North Central
        US","France Central","UK South","UK West","Indonesia Central","Israel Central","Central
        India","West India","Jio India West","South India","Italy North","Japan East","Japan
        West","Korea Central","Korea South","Malaysia West","Mexico Central","North
        Europe","Norway East","New Zealand North","Poland Central","Qatar Central","Spain
        Central","Sweden Central","UAE North","West Central US","West Europe","West
        US 2","West US","West US 3","South Central US","South Africa North","Central
        US EUAP","Southeast US","East US 2 EUAP","Malaysia South","Taiwan North","Taiwan
        Northwest"],"apiVersions":["2022-02-01","2021-05-01","2021-03-01-preview","2019-06-01-preview"],"capabilities":"CrossResourceGroupResourceMove,
        CrossSubscriptionResourceMove, SupportsTags, SupportsLocation"},{"resourceType":"builtInTemplateSpecs","locations":[],"apiVersions":["2022-02-01"],"capabilities":"None"},{"resourceType":"builtInTemplateSpecs/versions","locations":[],"apiVersions":["2022-02-01"],"capabilities":"None"},{"resourceType":"deploymentStacks","locations":["East
        Asia","Southeast Asia","Australia East","Australia Central","Australia Central
        2","Australia Southeast","Brazil South","Canada Central","Canada East","Switzerland
        North","Germany West Central","East US 2","East US","Central US","North Central
        US","France Central","UK South","UK West","Indonesia Central","Israel Central","Central
        India","West India","Jio India West","South India","Italy North","Japan East","Japan
        West","Korea Central","Korea South","Malaysia West","Mexico Central","North
        Europe","Norway East","New Zealand North","Poland Central","Qatar Central","Spain
        Central","Sweden Central","UAE North","West Central US","West Europe","West
        US 2","West US","West US 3","South Central US","South Africa North","Central
        US EUAP","Southeast US","East US 2 EUAP","Malaysia South","Taiwan North","Taiwan
        Northwest"],"apiVersions":["2024-03-01","2022-08-01-preview"],"capabilities":"SupportsExtension"},{"resourceType":"locations/deploymentStackOperationResults","locations":["East
        Asia","Southeast Asia","Australia East","Australia Central","Australia Central
        2","Australia Southeast","Brazil South","Canada Central","Canada East","Switzerland
        North","Germany West Central","East US 2","East US","Central US","North Central
        US","France Central","UK South","UK West","Indonesia Central","Israel Central","Central
        India","West India","Jio India West","South India","Italy North","Japan East","Japan
        West","Korea Central","Korea South","Malaysia West","Mexico Central","North
        Europe","Norway East","New Zealand North","Poland Central","Qatar Central","Spain
        Central","Sweden Central","UAE North","West Central US","West Europe","West
        US 2","West US","West US 3","South Central US","South Africa North","Central
        US EUAP","Southeast US","East US 2 EUAP","Malaysia South","Taiwan North","Taiwan
        Northwest"],"apiVersions":["2024-03-01","2022-08-01-preview"],"capabilities":"None"},{"resourceType":"locations/deploymentStackOperationStatus","locations":["East
        Asia","Southeast Asia","Australia East","Australia Central","Australia Central
        2","Australia Southeast","Brazil South","Canada Central","Canada East","Switzerland
        North","Germany West Central","East US 2","East US","Central US","North Central
        US","France Central","UK South","UK West","Indonesia Central","Israel Central","Central
        India","West India","Jio India West","South India","Italy North","Japan East","Japan
        West","Korea Central","Korea South","Malaysia West","Mexico Central","North
        Europe","Norway East","New Zealand North","Poland Central","Qatar Central","Spain
        Central","Sweden Central","UAE North","West Central US","West Europe","West
        US 2","West US","West US 3","South Central US","South Africa North","Central
        US EUAP","Southeast US","East US 2 EUAP","Malaysia South","Taiwan North","Taiwan
        Northwest"],"apiVersions":["2024-03-01","2022-08-01-preview"],"capabilities":"None"}],"registrationState":"Registered","registrationPolicy":"RegistrationFree"}'
    headers:
      cache-control:
      - no-cache
      content-length:
      - '30314'
      content-type:
      - application/json; charset=utf-8
      date:
      - Mon, 23 Jun 2025 22:27:26 GMT
      expires:
      - '-1'
      pragma:
      - no-cache
      strict-transport-security:
      - max-age=31536000; includeSubDomains
      x-cache:
      - CONFIG_NOCACHE
      x-content-type-options:
      - nosniff
      x-ms-ratelimit-remaining-subscription-global-reads:
      - '16499'
      x-msedge-ref:
      - 'Ref A: 2C521AB3336A498594BFE5A2690750C0 Ref B: BN1AA2051012051 Ref C: 2025-06-23T22:27:26Z'
    status:
      code: 200
      message: OK
- request:
    body: null
    headers:
      Accept:
      - application/json
      Accept-Encoding:
      - gzip, deflate
      CommandName:
      - deployment sub create
      Connection:
      - keep-alive
      ParameterSetName:
      - -n --location --template-spec --parameters --parameters
      User-Agent:
      - AZURECLI/2.74.0 azsdk-python-core/1.31.0 Python/3.12.1 (Linux-6.8.0-1027-azure-x86_64-with-glibc2.31)
    method: GET
    uri: https://management.azure.com/subscriptions/00000000-0000-0000-0000-000000000000/resourceGroups/cli_test_template_specs_tenant_deploy000001/providers/Microsoft.Resources/templateSpecs/cli-test-sub-lvl-ts-deploy000002/versions/1.0?api-version=2022-02-01
  response:
    body:
      string: "{\r\n  \"location\": \"eastus\",\r\n  \"tags\": {},\r\n  \"properties\":
        {\r\n    \"mainTemplate\": {\r\n      \"$schema\": \"https://schema.management.azure.com/schemas/2015-01-01/deploymentTemplate.json#\",\r\n
        \     \"contentVersion\": \"1.0.0.0\",\r\n      \"parameters\": {\r\n        \"storageAccountName\":
        {\r\n          \"type\": \"string\",\r\n          \"defaultValue\": \"armbuilddemo1801\"\r\n
        \       },\r\n        \"nestedRGName\": {\r\n          \"type\": \"string\",\r\n
        \         \"defaultValue\": \"cli_test_subscription_level_deployment\"\r\n
        \       }\r\n      },\r\n      \"variables\": {},\r\n      \"resources\":
        [\r\n        {\r\n          \"type\": \"Microsoft.Authorization/policyDefinitions\",\r\n
        \         \"name\": \"policy2\",\r\n          \"apiVersion\": \"2016-12-01\",\r\n
        \         \"properties\": {\r\n            \"policyType\": \"Custom\",\r\n
        \           \"parameters\": {},\r\n            \"policyRule\": {\r\n              \"if\":
        {\r\n                \"field\": \"location\",\r\n                \"equals\":
        \"northeurope\"\r\n              },\r\n              \"then\": {\r\n                \"effect\":
        \"deny\"\r\n              }\r\n            }\r\n          }\r\n        },\r\n
        \       {\r\n          \"type\": \"Microsoft.Authorization/policyAssignments\",\r\n
        \         \"name\": \"location-lock\",\r\n          \"apiVersion\": \"2016-12-01\",\r\n
        \         \"dependsOn\": [\r\n            \"policy2\"\r\n          ],\r\n
        \         \"properties\": {\r\n            \"scope\": \"[subscription().id]\",\r\n
        \           \"policyDefinitionId\": \"[resourceId('Microsoft.Authorization/policyDefinitions',
        'policy2')]\"\r\n          }\r\n        },\r\n        {\r\n          \"type\":
        \"Microsoft.Resources/resourceGroups\",\r\n          \"name\": \"[parameters('nestedRGName')]\",\r\n
        \         \"apiVersion\": \"2018-05-01\",\r\n          \"location\": \"WestUS\",\r\n
        \         \"properties\": {}\r\n        },\r\n        {\r\n          \"type\":
        \"Microsoft.Resources/deployments\",\r\n          \"name\": \"rg-nested6\",\r\n
        \         \"apiVersion\": \"2017-05-10\",\r\n          \"resourceGroup\":
        \"[parameters('nestedRGName')]\",\r\n          \"dependsOn\": [\r\n            \"[parameters('nestedRGName')]\"\r\n
        \         ],\r\n          \"properties\": {\r\n            \"template\": {\r\n
        \             \"$schema\": \"https://schema.management.azure.com/schemas/2015-01-01/deploymentTemplate.json#\",\r\n
        \             \"contentVersion\": \"1.0.0.0\",\r\n              \"parameters\":
        {},\r\n              \"variables\": {},\r\n              \"resources\": [\r\n
        \               {\r\n                  \"type\": \"Microsoft.Storage/storageAccounts\",\r\n
        \                 \"name\": \"[parameters('storageAccountName')]\",\r\n                  \"apiVersion\":
        \"2015-06-15\",\r\n                  \"location\": \"East US\",\r\n                  \"properties\":
        {\r\n                    \"accountType\": \"Standard_LRS\",\r\n                    \"supportsHttpsTrafficOnly\":
        true\r\n                  }\r\n                }\r\n              ]\r\n            },\r\n
        \           \"mode\": \"Incremental\"\r\n          }\r\n        }\r\n      ]\r\n
        \   }\r\n  },\r\n  \"systemData\": {\r\n    \"createdBy\": \"test@example.com\",\r\n
        \   \"createdByType\": \"User\",\r\n    \"createdAt\": \"2025-06-23T22:27:21.9697482Z\",\r\n
        \   \"lastModifiedBy\": \"test@example.com\",\r\n    \"lastModifiedByType\":
        \"User\",\r\n    \"lastModifiedAt\": \"2025-06-23T22:27:21.9697482Z\"\r\n
        \ },\r\n  \"id\": \"/subscriptions/00000000-0000-0000-0000-000000000000/resourceGroups/cli_test_template_specs_tenant_deploy000001/providers/Microsoft.Resources/templateSpecs/cli-test-sub-lvl-ts-deploy000002/versions/1.0\",\r\n
        \ \"type\": \"Microsoft.Resources/templateSpecs/versions\",\r\n  \"name\":
        \"1.0\"\r\n}"
    headers:
      cache-control:
      - no-cache
      content-length:
      - '3385'
      content-type:
      - application/json; charset=utf-8
      date:
      - Mon, 23 Jun 2025 22:27:26 GMT
      expires:
      - '-1'
      pragma:
      - no-cache
      strict-transport-security:
      - max-age=31536000; includeSubDomains
      x-cache:
      - CONFIG_NOCACHE
      x-content-type-options:
      - nosniff
      x-ms-ratelimit-remaining-subscription-global-reads:
      - '16499'
      x-msedge-ref:
      - 'Ref A: F206E36844E9404D9EFDC3319DC90D62 Ref B: BN1AA2051015035 Ref C: 2025-06-23T22:27:27Z'
    status:
      code: 200
      message: OK
- request:
    body: '{"location": "WestUS", "properties": {"templateLink": {"id": "/subscriptions/00000000-0000-0000-0000-000000000000/resourceGroups/cli_test_template_specs_tenant_deploy000001/providers/Microsoft.Resources/templateSpecs/cli-test-sub-lvl-ts-deploy000002/versions/1.0"},
      "parameters": {"nestedRGName": {"value": "cli_test_subscription_level_deployment"},
      "storageAccountName": {"value": "armbuilddemo000005"}}, "mode": "Incremental"}}'
    headers:
      Accept:
      - application/json
      Accept-Encoding:
      - gzip, deflate
      CommandName:
      - deployment sub create
      Connection:
      - keep-alive
      Content-Length:
      - '429'
      Content-Type:
      - application/json
      ParameterSetName:
      - -n --location --template-spec --parameters --parameters
      User-Agent:
      - AZURECLI/2.74.0 azsdk-python-core/1.31.0 Python/3.12.1 (Linux-6.8.0-1027-azure-x86_64-with-glibc2.31)
    method: POST
    uri: https://management.azure.com/subscriptions/00000000-0000-0000-0000-000000000000/providers/Microsoft.Resources/deployments/mock-deployment/validate?api-version=2025-04-01
  response:
    body:
      string: '{"id":"/subscriptions/00000000-0000-0000-0000-000000000000/providers/Microsoft.Resources/deployments/azure-cli-subscription_level_deployment000003","name":"azure-cli-subscription_level_deployment000003","type":"Microsoft.Resources/deployments","location":"westus","properties":{"templateLink":{"id":"/subscriptions/00000000-0000-0000-0000-000000000000/resourceGroups/cli_test_template_specs_tenant_deploy000001/providers/Microsoft.Resources/templateSpecs/cli-test-sub-lvl-ts-deploy000002/versions/1.0","contentVersion":"1.0.0.0"},"templateHash":"1013067532690748919","parameters":{"storageAccountName":{"type":"String","value":"armbuilddemo000005"},"nestedRGName":{"type":"String","value":"cli_test_subscription_level_deployment"}},"mode":"Incremental","provisioningState":"Succeeded","timestamp":"2025-06-23T22:27:27.856949Z","duration":"PT0S","correlationId":"ded39bea-10ac-452f-b283-6399d396c0c7","providers":[{"namespace":"Microsoft.Authorization","resourceTypes":[{"resourceType":"policyDefinitions","locations":[null]},{"resourceType":"policyAssignments","locations":[null]}]},{"namespace":"Microsoft.Resources","resourceTypes":[{"resourceType":"resourceGroups","locations":["westus"]},{"resourceType":"deployments","locations":[null]}]}],"dependencies":[{"dependsOn":[{"id":"/subscriptions/00000000-0000-0000-0000-000000000000/providers/Microsoft.Authorization/policyDefinitions/policy2","resourceType":"Microsoft.Authorization/policyDefinitions","resourceName":"policy2"}],"id":"/subscriptions/00000000-0000-0000-0000-000000000000/providers/Microsoft.Authorization/policyAssignments/location-lock","resourceType":"Microsoft.Authorization/policyAssignments","resourceName":"location-lock"},{"dependsOn":[{"id":"/subscriptions/00000000-0000-0000-0000-000000000000/resourceGroups/cli_test_subscription_level_deployment","resourceType":"Microsoft.Resources/resourceGroups","resourceName":"cli_test_subscription_level_deployment"}],"id":"/subscriptions/00000000-0000-0000-0000-000000000000/resourceGroups/cli_test_subscription_level_deployment/providers/Microsoft.Resources/deployments/rg-nested6","resourceType":"Microsoft.Resources/deployments","resourceName":"rg-nested6"}],"validatedResources":[{"id":"/subscriptions/00000000-0000-0000-0000-000000000000/providers/Microsoft.Authorization/policyDefinitions/policy2"},{"id":"/subscriptions/00000000-0000-0000-0000-000000000000/providers/Microsoft.Authorization/policyAssignments/location-lock"},{"id":"/subscriptions/00000000-0000-0000-0000-000000000000/resourceGroups/cli_test_subscription_level_deployment"},{"id":"/subscriptions/00000000-0000-0000-0000-000000000000/resourceGroups/cli_test_subscription_level_deployment/providers/Microsoft.Resources/deployments/rg-nested6"},{"id":"/subscriptions/00000000-0000-0000-0000-000000000000/resourceGroups/cli_test_subscription_level_deployment/providers/Microsoft.Storage/storageAccounts/armbuilddemo000005"}]}}'
    headers:
      cache-control:
      - no-cache
      content-length:
      - '2913'
      content-type:
      - application/json; charset=utf-8
      date:
      - Mon, 23 Jun 2025 22:27:28 GMT
      expires:
      - '-1'
      pragma:
      - no-cache
      strict-transport-security:
      - max-age=31536000; includeSubDomains
      x-cache:
      - CONFIG_NOCACHE
      x-content-type-options:
      - nosniff
      x-ms-ratelimit-remaining-subscription-global-writes:
      - '11999'
      x-ms-ratelimit-remaining-subscription-writes:
      - '799'
      x-msedge-ref:
      - 'Ref A: C597748AA72743A58297DBCEA8D20977 Ref B: BN1AA2051015031 Ref C: 2025-06-23T22:27:27Z'
    status:
      code: 200
      message: OK
- request:
    body: '{"location": "WestUS", "properties": {"templateLink": {"id": "/subscriptions/00000000-0000-0000-0000-000000000000/resourceGroups/cli_test_template_specs_tenant_deploy000001/providers/Microsoft.Resources/templateSpecs/cli-test-sub-lvl-ts-deploy000002/versions/1.0"},
      "parameters": {"nestedRGName": {"value": "cli_test_subscription_level_deployment"},
      "storageAccountName": {"value": "armbuilddemo000005"}}, "mode": "Incremental"}}'
    headers:
      Accept:
      - application/json
      Accept-Encoding:
      - gzip, deflate
      CommandName:
      - deployment sub create
      Connection:
      - keep-alive
      Content-Length:
      - '429'
      Content-Type:
      - application/json
      ParameterSetName:
      - -n --location --template-spec --parameters --parameters
      User-Agent:
      - AZURECLI/2.74.0 azsdk-python-core/1.31.0 Python/3.12.1 (Linux-6.8.0-1027-azure-x86_64-with-glibc2.31)
    method: PUT
    uri: https://management.azure.com/subscriptions/00000000-0000-0000-0000-000000000000/providers/Microsoft.Resources/deployments/mock-deployment?api-version=2025-04-01
  response:
    body:
      string: '{"id":"/subscriptions/00000000-0000-0000-0000-000000000000/providers/Microsoft.Resources/deployments/azure-cli-subscription_level_deployment000003","name":"azure-cli-subscription_level_deployment000003","type":"Microsoft.Resources/deployments","location":"westus","properties":{"templateLink":{"id":"/subscriptions/00000000-0000-0000-0000-000000000000/resourceGroups/cli_test_template_specs_tenant_deploy000001/providers/Microsoft.Resources/templateSpecs/cli-test-sub-lvl-ts-deploy000002/versions/1.0","contentVersion":"1.0.0.0"},"templateHash":"1013067532690748919","parameters":{"storageAccountName":{"type":"String","value":"armbuilddemo000005"},"nestedRGName":{"type":"String","value":"cli_test_subscription_level_deployment"}},"mode":"Incremental","provisioningState":"Accepted","timestamp":"2025-06-23T22:27:29.4079966Z","duration":"PT0.000832S","correlationId":"223c28d1-52c9-436b-9344-438b2a4eac66","providers":[{"namespace":"Microsoft.Authorization","resourceTypes":[{"resourceType":"policyDefinitions","locations":[null]},{"resourceType":"policyAssignments","locations":[null]}]},{"namespace":"Microsoft.Resources","resourceTypes":[{"resourceType":"resourceGroups","locations":["westus"]},{"resourceType":"deployments","locations":[null]}]}],"dependencies":[{"dependsOn":[{"id":"/subscriptions/00000000-0000-0000-0000-000000000000/providers/Microsoft.Authorization/policyDefinitions/policy2","resourceType":"Microsoft.Authorization/policyDefinitions","resourceName":"policy2"}],"id":"/subscriptions/00000000-0000-0000-0000-000000000000/providers/Microsoft.Authorization/policyAssignments/location-lock","resourceType":"Microsoft.Authorization/policyAssignments","resourceName":"location-lock"},{"dependsOn":[{"id":"/subscriptions/00000000-0000-0000-0000-000000000000/resourceGroups/cli_test_subscription_level_deployment","resourceType":"Microsoft.Resources/resourceGroups","resourceName":"cli_test_subscription_level_deployment"}],"id":"/subscriptions/00000000-0000-0000-0000-000000000000/resourceGroups/cli_test_subscription_level_deployment/providers/Microsoft.Resources/deployments/rg-nested6","resourceType":"Microsoft.Resources/deployments","resourceName":"rg-nested6"}]}}'
    headers:
      azure-asyncoperation:
      - https://management.azure.com/subscriptions/00000000-0000-0000-0000-000000000000/providers/Microsoft.Resources/deployments/azure-cli-subscription_level_deployment000003/operationStatuses/08584508892360687104?api-version=2025-04-01&t=638863144522048564&c=MIIHhzCCBm-gAwIBAgITHgbIFmDY79XLPJrDjgAABsgWYDANBgkqhkiG9w0BAQsFADBEMRMwEQYKCZImiZPyLGQBGRYDR0JMMRMwEQYKCZImiZPyLGQBGRYDQU1FMRgwFgYDVQQDEw9BTUUgSW5mcmEgQ0EgMDYwHhcNMjUwNDE3MDcxODAyWhcNMjUxMDE0MDcxODAyWjBAMT4wPAYDVQQDEzVhc3luY29wZXJhdGlvbnNpZ25pbmdjZXJ0aWZpY2F0ZS5tYW5hZ2VtZW50LmF6dXJlLmNvbTCCASIwDQYJKoZIhvcNAQEBBQADggEPADCCAQoCggEBAMmXL0h9ESvC4b92QYV7yPeOyC8nGJyORFUoUm7UdBjxDbKTdSt8SfTfQkW5HjszhiwurE_fjCMlYj9_ymGSwiuCaKmitW7pcXF-WPgkAU2dKPUrSPqJAyeDDvG5SbZOmYYKHttoh0ZCPxadX4ljJ_k6BiE0-a-tSIYI__abusYKDqLuE9uYszi2Ra_hhLOH8qi2TBg71Jc7Dasa4RRwHnwfYbhpKL0tyMrBwyvMUGO00Q_Lx0iRvtIyWhp0HLppX7M2gzHCkh37uEJaggrcqn2T1QHSLgt2AuneElzaS8_if-JVZWv8ZdwCW8Oa-9JXQCzDSFKFP-2yMm1KPtualuUCAwEAAaOCBHQwggRwMCcGCSsGAQQBgjcVCgQaMBgwCgYIKwYBBQUHAwEwCgYIKwYBBQUHAwIwPQYJKwYBBAGCNxUHBDAwLgYmKwYBBAGCNxUIhpDjDYTVtHiE8Ys-hZvdFs6dEoFghfmRS4WsmTQCAWQCAQcwggHLBggrBgEFBQcBAQSCAb0wggG5MGMGCCsGAQUFBzAChldodHRwOi8vY3JsLm1pY3Jvc29mdC5jb20vcGtpaW5mcmEvQ2VydHMvQkwyUEtJSU5UQ0EwMi5BTUUuR0JMX0FNRSUyMEluZnJhJTIwQ0ElMjAwNi5jcnQwUwYIKwYBBQUHMAKGR2h0dHA6Ly9jcmwxLmFtZS5nYmwvYWlhL0JMMlBLSUlOVENBMDIuQU1FLkdCTF9BTUUlMjBJbmZyYSUyMENBJTIwMDYuY3J0MFMGCCsGAQUFBzAChkdodHRwOi8vY3JsMi5hbWUuZ2JsL2FpYS9CTDJQS0lJTlRDQTAyLkFNRS5HQkxfQU1FJTIwSW5mcmElMjBDQSUyMDA2LmNydDBTBggrBgEFBQcwAoZHaHR0cDovL2NybDMuYW1lLmdibC9haWEvQkwyUEtJSU5UQ0EwMi5BTUUuR0JMX0FNRSUyMEluZnJhJTIwQ0ElMjAwNi5jcnQwUwYIKwYBBQUHMAKGR2h0dHA6Ly9jcmw0LmFtZS5nYmwvYWlhL0JMMlBLSUlOVENBMDIuQU1FLkdCTF9BTUUlMjBJbmZyYSUyMENBJTIwMDYuY3J0MB0GA1UdDgQWBBSJ3ygYgt4NuGG8mfdBelaS0ABH_DAOBgNVHQ8BAf8EBAMCBaAwggEmBgNVHR8EggEdMIIBGTCCARWgggERoIIBDYY_aHR0cDovL2NybC5taWNyb3NvZnQuY29tL3BraWluZnJhL0NSTC9BTUUlMjBJbmZyYSUyMENBJTIwMDYuY3JshjFodHRwOi8vY3JsMS5hbWUuZ2JsL2NybC9BTUUlMjBJbmZyYSUyMENBJTIwMDYuY3JshjFodHRwOi8vY3JsMi5hbWUuZ2JsL2NybC9BTUUlMjBJbmZyYSUyMENBJTIwMDYuY3JshjFodHRwOi8vY3JsMy5hbWUuZ2JsL2NybC9BTUUlMjBJbmZyYSUyMENBJTIwMDYuY3JshjFodHRwOi8vY3JsNC5hbWUuZ2JsL2NybC9BTUUlMjBJbmZyYSUyMENBJTIwMDYuY3JsMIGdBgNVHSAEgZUwgZIwDAYKKwYBBAGCN3sBATBmBgorBgEEAYI3ewICMFgwVgYIKwYBBQUHAgIwSh5IADMAMwBlADAAMQA5ADIAMQAtADQAZAA2ADQALQA0AGYAOABjAC0AYQAwADUANQAtADUAYgBkAGEAZgBmAGQANQBlADMAMwBkMAwGCisGAQQBgjd7AwIwDAYKKwYBBAGCN3sEAjAfBgNVHSMEGDAWgBTxRmjG8cPwKy19i2rhsvm-NfzRQTAdBgNVHSUEFjAUBggrBgEFBQcDAQYIKwYBBQUHAwIwDQYJKoZIhvcNAQELBQADggEBAI2X3AiLN4s7W-C4ho0tyyAJfaEptV5HLxJHbIHK4awoIyOC8pp8Ay2pGHpXZlTZAhmvEJBKPbB0dVv_cphT1EjWF5rgvvLTBfp9Roo8PqmTQxmvMefBGXnYPmtPgtKMi5nwH1Y4xayGTzvIjIz1ZwYW5_hkF8jKx3e9bGDWPlgyHm3bRRRSgD650gZ7x69myyaDo4tX8FNWbLk-7PYxKiDBeLyle73_kab63klBJc7ep-O2AIxEtxi2DhDGLlGADWVwyYhEhlcFAhxXcOjCETnpsvDfOiK7XD3hnEkdKsChwTT9Gp6wEmn6xu59Qm2DenO3AMiv6vEyP2-7F-bR5G4&s=GXhbLVNFLfg9P46nfC_gMv7b5PxCe7eUfUvr2SyzzxCMR8zbt-EwuRYHf9HNtAe1EW_O7KsJ8IBenxS-YbiqPkLkFhdM7KJScQuhu0Eu0FXc0EF94XTVrbd0KOOOFuG_fk0isyla2Asq74aCDybIuIBE7esbUQVtW4ISebOqWa3BYXyqeCDRPqBFk23WkW_nTMeiq-VTGA0XSKcK30vD50mAOz4lhsibL0uIQTvnjRM3PKuWWXoFTD7O7bfBI9lt-LC3MzVjjD1PFTTo_9NSFHcje8M4RHr3RssAIUEjQzwUvBVw3kcEuaPkUjjmP0wjLWtPqTp8BQ-EhKjrhyKXLg&h=F3_92WbrZx0udGMxvStCO8jwf_KobrG8YfCWUVgDNWE
      cache-control:
      - no-cache
      content-length:
      - '2188'
      content-type:
      - application/json; charset=utf-8
      date:
      - Mon, 23 Jun 2025 22:27:31 GMT
      expires:
      - '-1'
      pragma:
      - no-cache
      strict-transport-security:
      - max-age=31536000; includeSubDomains
      x-cache:
      - CONFIG_NOCACHE
      x-content-type-options:
      - nosniff
      x-ms-deployment-engine-version:
      - 1.387.0
      x-ms-ratelimit-remaining-subscription-global-writes:
      - '11999'
      x-ms-ratelimit-remaining-subscription-writes:
      - '799'
      x-msedge-ref:
      - 'Ref A: CEF718869B7A4B409D3A9031733808CB Ref B: BN1AA2051013049 Ref C: 2025-06-23T22:27:28Z'
    status:
      code: 201
      message: Created
- request:
    body: null
    headers:
      Accept:
      - '*/*'
      Accept-Encoding:
      - gzip, deflate
      CommandName:
      - deployment sub create
      Connection:
      - keep-alive
      ParameterSetName:
      - -n --location --template-spec --parameters --parameters
      User-Agent:
      - AZURECLI/2.74.0 azsdk-python-core/1.31.0 Python/3.12.1 (Linux-6.8.0-1027-azure-x86_64-with-glibc2.31)
    method: GET
    uri: https://management.azure.com/subscriptions/00000000-0000-0000-0000-000000000000/providers/Microsoft.Resources/deployments/mock-deployment/operationStatuses/08584508892360687104?api-version=2025-04-01&t=638863144522048564&c=MIIHhzCCBm-gAwIBAgITHgbIFmDY79XLPJrDjgAABsgWYDANBgkqhkiG9w0BAQsFADBEMRMwEQYKCZImiZPyLGQBGRYDR0JMMRMwEQYKCZImiZPyLGQBGRYDQU1FMRgwFgYDVQQDEw9BTUUgSW5mcmEgQ0EgMDYwHhcNMjUwNDE3MDcxODAyWhcNMjUxMDE0MDcxODAyWjBAMT4wPAYDVQQDEzVhc3luY29wZXJhdGlvbnNpZ25pbmdjZXJ0aWZpY2F0ZS5tYW5hZ2VtZW50LmF6dXJlLmNvbTCCASIwDQYJKoZIhvcNAQEBBQADggEPADCCAQoCggEBAMmXL0h9ESvC4b92QYV7yPeOyC8nGJyORFUoUm7UdBjxDbKTdSt8SfTfQkW5HjszhiwurE_fjCMlYj9_ymGSwiuCaKmitW7pcXF-WPgkAU2dKPUrSPqJAyeDDvG5SbZOmYYKHttoh0ZCPxadX4ljJ_k6BiE0-a-tSIYI__abusYKDqLuE9uYszi2Ra_hhLOH8qi2TBg71Jc7Dasa4RRwHnwfYbhpKL0tyMrBwyvMUGO00Q_Lx0iRvtIyWhp0HLppX7M2gzHCkh37uEJaggrcqn2T1QHSLgt2AuneElzaS8_if-JVZWv8ZdwCW8Oa-9JXQCzDSFKFP-2yMm1KPtualuUCAwEAAaOCBHQwggRwMCcGCSsGAQQBgjcVCgQaMBgwCgYIKwYBBQUHAwEwCgYIKwYBBQUHAwIwPQYJKwYBBAGCNxUHBDAwLgYmKwYBBAGCNxUIhpDjDYTVtHiE8Ys-hZvdFs6dEoFghfmRS4WsmTQCAWQCAQcwggHLBggrBgEFBQcBAQSCAb0wggG5MGMGCCsGAQUFBzAChldodHRwOi8vY3JsLm1pY3Jvc29mdC5jb20vcGtpaW5mcmEvQ2VydHMvQkwyUEtJSU5UQ0EwMi5BTUUuR0JMX0FNRSUyMEluZnJhJTIwQ0ElMjAwNi5jcnQwUwYIKwYBBQUHMAKGR2h0dHA6Ly9jcmwxLmFtZS5nYmwvYWlhL0JMMlBLSUlOVENBMDIuQU1FLkdCTF9BTUUlMjBJbmZyYSUyMENBJTIwMDYuY3J0MFMGCCsGAQUFBzAChkdodHRwOi8vY3JsMi5hbWUuZ2JsL2FpYS9CTDJQS0lJTlRDQTAyLkFNRS5HQkxfQU1FJTIwSW5mcmElMjBDQSUyMDA2LmNydDBTBggrBgEFBQcwAoZHaHR0cDovL2NybDMuYW1lLmdibC9haWEvQkwyUEtJSU5UQ0EwMi5BTUUuR0JMX0FNRSUyMEluZnJhJTIwQ0ElMjAwNi5jcnQwUwYIKwYBBQUHMAKGR2h0dHA6Ly9jcmw0LmFtZS5nYmwvYWlhL0JMMlBLSUlOVENBMDIuQU1FLkdCTF9BTUUlMjBJbmZyYSUyMENBJTIwMDYuY3J0MB0GA1UdDgQWBBSJ3ygYgt4NuGG8mfdBelaS0ABH_DAOBgNVHQ8BAf8EBAMCBaAwggEmBgNVHR8EggEdMIIBGTCCARWgggERoIIBDYY_aHR0cDovL2NybC5taWNyb3NvZnQuY29tL3BraWluZnJhL0NSTC9BTUUlMjBJbmZyYSUyMENBJTIwMDYuY3JshjFodHRwOi8vY3JsMS5hbWUuZ2JsL2NybC9BTUUlMjBJbmZyYSUyMENBJTIwMDYuY3JshjFodHRwOi8vY3JsMi5hbWUuZ2JsL2NybC9BTUUlMjBJbmZyYSUyMENBJTIwMDYuY3JshjFodHRwOi8vY3JsMy5hbWUuZ2JsL2NybC9BTUUlMjBJbmZyYSUyMENBJTIwMDYuY3JshjFodHRwOi8vY3JsNC5hbWUuZ2JsL2NybC9BTUUlMjBJbmZyYSUyMENBJTIwMDYuY3JsMIGdBgNVHSAEgZUwgZIwDAYKKwYBBAGCN3sBATBmBgorBgEEAYI3ewICMFgwVgYIKwYBBQUHAgIwSh5IADMAMwBlADAAMQA5ADIAMQAtADQAZAA2ADQALQA0AGYAOABjAC0AYQAwADUANQAtADUAYgBkAGEAZgBmAGQANQBlADMAMwBkMAwGCisGAQQBgjd7AwIwDAYKKwYBBAGCN3sEAjAfBgNVHSMEGDAWgBTxRmjG8cPwKy19i2rhsvm-NfzRQTAdBgNVHSUEFjAUBggrBgEFBQcDAQYIKwYBBQUHAwIwDQYJKoZIhvcNAQELBQADggEBAI2X3AiLN4s7W-C4ho0tyyAJfaEptV5HLxJHbIHK4awoIyOC8pp8Ay2pGHpXZlTZAhmvEJBKPbB0dVv_cphT1EjWF5rgvvLTBfp9Roo8PqmTQxmvMefBGXnYPmtPgtKMi5nwH1Y4xayGTzvIjIz1ZwYW5_hkF8jKx3e9bGDWPlgyHm3bRRRSgD650gZ7x69myyaDo4tX8FNWbLk-7PYxKiDBeLyle73_kab63klBJc7ep-O2AIxEtxi2DhDGLlGADWVwyYhEhlcFAhxXcOjCETnpsvDfOiK7XD3hnEkdKsChwTT9Gp6wEmn6xu59Qm2DenO3AMiv6vEyP2-7F-bR5G4&s=GXhbLVNFLfg9P46nfC_gMv7b5PxCe7eUfUvr2SyzzxCMR8zbt-EwuRYHf9HNtAe1EW_O7KsJ8IBenxS-YbiqPkLkFhdM7KJScQuhu0Eu0FXc0EF94XTVrbd0KOOOFuG_fk0isyla2Asq74aCDybIuIBE7esbUQVtW4ISebOqWa3BYXyqeCDRPqBFk23WkW_nTMeiq-VTGA0XSKcK30vD50mAOz4lhsibL0uIQTvnjRM3PKuWWXoFTD7O7bfBI9lt-LC3MzVjjD1PFTTo_9NSFHcje8M4RHr3RssAIUEjQzwUvBVw3kcEuaPkUjjmP0wjLWtPqTp8BQ-EhKjrhyKXLg&h=F3_92WbrZx0udGMxvStCO8jwf_KobrG8YfCWUVgDNWE
  response:
    body:
      string: '{"status":"Running"}'
    headers:
      cache-control:
      - no-cache
      content-length:
      - '20'
      content-type:
      - application/json; charset=utf-8
      date:
      - Mon, 23 Jun 2025 22:27:32 GMT
      expires:
      - '-1'
      pragma:
      - no-cache
      strict-transport-security:
      - max-age=31536000; includeSubDomains
      x-cache:
      - CONFIG_NOCACHE
      x-content-type-options:
      - nosniff
      x-ms-ratelimit-remaining-subscription-global-reads:
      - '16499'
      x-msedge-ref:
      - 'Ref A: 03E8C75AEF9840A0AD1639CFC55A3DF6 Ref B: BN1AA2051015019 Ref C: 2025-06-23T22:27:32Z'
    status:
      code: 200
      message: OK
- request:
    body: null
    headers:
      Accept:
      - '*/*'
      Accept-Encoding:
      - gzip, deflate
      CommandName:
      - deployment sub create
      Connection:
      - keep-alive
      ParameterSetName:
      - -n --location --template-spec --parameters --parameters
      User-Agent:
      - AZURECLI/2.74.0 azsdk-python-core/1.31.0 Python/3.12.1 (Linux-6.8.0-1027-azure-x86_64-with-glibc2.31)
    method: GET
    uri: https://management.azure.com/subscriptions/00000000-0000-0000-0000-000000000000/providers/Microsoft.Resources/deployments/mock-deployment/operationStatuses/08584508892360687104?api-version=2025-04-01&t=638863144522048564&c=MIIHhzCCBm-gAwIBAgITHgbIFmDY79XLPJrDjgAABsgWYDANBgkqhkiG9w0BAQsFADBEMRMwEQYKCZImiZPyLGQBGRYDR0JMMRMwEQYKCZImiZPyLGQBGRYDQU1FMRgwFgYDVQQDEw9BTUUgSW5mcmEgQ0EgMDYwHhcNMjUwNDE3MDcxODAyWhcNMjUxMDE0MDcxODAyWjBAMT4wPAYDVQQDEzVhc3luY29wZXJhdGlvbnNpZ25pbmdjZXJ0aWZpY2F0ZS5tYW5hZ2VtZW50LmF6dXJlLmNvbTCCASIwDQYJKoZIhvcNAQEBBQADggEPADCCAQoCggEBAMmXL0h9ESvC4b92QYV7yPeOyC8nGJyORFUoUm7UdBjxDbKTdSt8SfTfQkW5HjszhiwurE_fjCMlYj9_ymGSwiuCaKmitW7pcXF-WPgkAU2dKPUrSPqJAyeDDvG5SbZOmYYKHttoh0ZCPxadX4ljJ_k6BiE0-a-tSIYI__abusYKDqLuE9uYszi2Ra_hhLOH8qi2TBg71Jc7Dasa4RRwHnwfYbhpKL0tyMrBwyvMUGO00Q_Lx0iRvtIyWhp0HLppX7M2gzHCkh37uEJaggrcqn2T1QHSLgt2AuneElzaS8_if-JVZWv8ZdwCW8Oa-9JXQCzDSFKFP-2yMm1KPtualuUCAwEAAaOCBHQwggRwMCcGCSsGAQQBgjcVCgQaMBgwCgYIKwYBBQUHAwEwCgYIKwYBBQUHAwIwPQYJKwYBBAGCNxUHBDAwLgYmKwYBBAGCNxUIhpDjDYTVtHiE8Ys-hZvdFs6dEoFghfmRS4WsmTQCAWQCAQcwggHLBggrBgEFBQcBAQSCAb0wggG5MGMGCCsGAQUFBzAChldodHRwOi8vY3JsLm1pY3Jvc29mdC5jb20vcGtpaW5mcmEvQ2VydHMvQkwyUEtJSU5UQ0EwMi5BTUUuR0JMX0FNRSUyMEluZnJhJTIwQ0ElMjAwNi5jcnQwUwYIKwYBBQUHMAKGR2h0dHA6Ly9jcmwxLmFtZS5nYmwvYWlhL0JMMlBLSUlOVENBMDIuQU1FLkdCTF9BTUUlMjBJbmZyYSUyMENBJTIwMDYuY3J0MFMGCCsGAQUFBzAChkdodHRwOi8vY3JsMi5hbWUuZ2JsL2FpYS9CTDJQS0lJTlRDQTAyLkFNRS5HQkxfQU1FJTIwSW5mcmElMjBDQSUyMDA2LmNydDBTBggrBgEFBQcwAoZHaHR0cDovL2NybDMuYW1lLmdibC9haWEvQkwyUEtJSU5UQ0EwMi5BTUUuR0JMX0FNRSUyMEluZnJhJTIwQ0ElMjAwNi5jcnQwUwYIKwYBBQUHMAKGR2h0dHA6Ly9jcmw0LmFtZS5nYmwvYWlhL0JMMlBLSUlOVENBMDIuQU1FLkdCTF9BTUUlMjBJbmZyYSUyMENBJTIwMDYuY3J0MB0GA1UdDgQWBBSJ3ygYgt4NuGG8mfdBelaS0ABH_DAOBgNVHQ8BAf8EBAMCBaAwggEmBgNVHR8EggEdMIIBGTCCARWgggERoIIBDYY_aHR0cDovL2NybC5taWNyb3NvZnQuY29tL3BraWluZnJhL0NSTC9BTUUlMjBJbmZyYSUyMENBJTIwMDYuY3JshjFodHRwOi8vY3JsMS5hbWUuZ2JsL2NybC9BTUUlMjBJbmZyYSUyMENBJTIwMDYuY3JshjFodHRwOi8vY3JsMi5hbWUuZ2JsL2NybC9BTUUlMjBJbmZyYSUyMENBJTIwMDYuY3JshjFodHRwOi8vY3JsMy5hbWUuZ2JsL2NybC9BTUUlMjBJbmZyYSUyMENBJTIwMDYuY3JshjFodHRwOi8vY3JsNC5hbWUuZ2JsL2NybC9BTUUlMjBJbmZyYSUyMENBJTIwMDYuY3JsMIGdBgNVHSAEgZUwgZIwDAYKKwYBBAGCN3sBATBmBgorBgEEAYI3ewICMFgwVgYIKwYBBQUHAgIwSh5IADMAMwBlADAAMQA5ADIAMQAtADQAZAA2ADQALQA0AGYAOABjAC0AYQAwADUANQAtADUAYgBkAGEAZgBmAGQANQBlADMAMwBkMAwGCisGAQQBgjd7AwIwDAYKKwYBBAGCN3sEAjAfBgNVHSMEGDAWgBTxRmjG8cPwKy19i2rhsvm-NfzRQTAdBgNVHSUEFjAUBggrBgEFBQcDAQYIKwYBBQUHAwIwDQYJKoZIhvcNAQELBQADggEBAI2X3AiLN4s7W-C4ho0tyyAJfaEptV5HLxJHbIHK4awoIyOC8pp8Ay2pGHpXZlTZAhmvEJBKPbB0dVv_cphT1EjWF5rgvvLTBfp9Roo8PqmTQxmvMefBGXnYPmtPgtKMi5nwH1Y4xayGTzvIjIz1ZwYW5_hkF8jKx3e9bGDWPlgyHm3bRRRSgD650gZ7x69myyaDo4tX8FNWbLk-7PYxKiDBeLyle73_kab63klBJc7ep-O2AIxEtxi2DhDGLlGADWVwyYhEhlcFAhxXcOjCETnpsvDfOiK7XD3hnEkdKsChwTT9Gp6wEmn6xu59Qm2DenO3AMiv6vEyP2-7F-bR5G4&s=GXhbLVNFLfg9P46nfC_gMv7b5PxCe7eUfUvr2SyzzxCMR8zbt-EwuRYHf9HNtAe1EW_O7KsJ8IBenxS-YbiqPkLkFhdM7KJScQuhu0Eu0FXc0EF94XTVrbd0KOOOFuG_fk0isyla2Asq74aCDybIuIBE7esbUQVtW4ISebOqWa3BYXyqeCDRPqBFk23WkW_nTMeiq-VTGA0XSKcK30vD50mAOz4lhsibL0uIQTvnjRM3PKuWWXoFTD7O7bfBI9lt-LC3MzVjjD1PFTTo_9NSFHcje8M4RHr3RssAIUEjQzwUvBVw3kcEuaPkUjjmP0wjLWtPqTp8BQ-EhKjrhyKXLg&h=F3_92WbrZx0udGMxvStCO8jwf_KobrG8YfCWUVgDNWE
  response:
    body:
      string: '{"status":"Succeeded"}'
    headers:
      cache-control:
      - no-cache
      content-length:
      - '22'
      content-type:
      - application/json; charset=utf-8
      date:
      - Mon, 23 Jun 2025 22:28:02 GMT
      expires:
      - '-1'
      pragma:
      - no-cache
      strict-transport-security:
      - max-age=31536000; includeSubDomains
      x-cache:
      - CONFIG_NOCACHE
      x-content-type-options:
      - nosniff
      x-ms-ratelimit-remaining-subscription-global-reads:
      - '16499'
      x-msedge-ref:
      - 'Ref A: 4CC251EAAEEC4E3EA154C6D621E97048 Ref B: BN1AA2051012029 Ref C: 2025-06-23T22:28:02Z'
    status:
      code: 200
      message: OK
- request:
    body: null
    headers:
      Accept:
      - '*/*'
      Accept-Encoding:
      - gzip, deflate
      CommandName:
      - deployment sub create
      Connection:
      - keep-alive
      ParameterSetName:
      - -n --location --template-spec --parameters --parameters
      User-Agent:
      - AZURECLI/2.74.0 azsdk-python-core/1.31.0 Python/3.12.1 (Linux-6.8.0-1027-azure-x86_64-with-glibc2.31)
    method: GET
    uri: https://management.azure.com/subscriptions/00000000-0000-0000-0000-000000000000/providers/Microsoft.Resources/deployments/mock-deployment?api-version=2025-04-01
  response:
    body:
      string: '{"id":"/subscriptions/00000000-0000-0000-0000-000000000000/providers/Microsoft.Resources/deployments/azure-cli-subscription_level_deployment000003","name":"azure-cli-subscription_level_deployment000003","type":"Microsoft.Resources/deployments","location":"westus","properties":{"templateLink":{"id":"/subscriptions/00000000-0000-0000-0000-000000000000/resourceGroups/cli_test_template_specs_tenant_deploy000001/providers/Microsoft.Resources/templateSpecs/cli-test-sub-lvl-ts-deploy000002/versions/1.0","contentVersion":"1.0.0.0"},"templateHash":"1013067532690748919","parameters":{"storageAccountName":{"type":"String","value":"armbuilddemo000005"},"nestedRGName":{"type":"String","value":"cli_test_subscription_level_deployment"}},"mode":"Incremental","provisioningState":"Succeeded","timestamp":"2025-06-23T22:27:58.004134Z","duration":"PT28.5961374S","correlationId":"223c28d1-52c9-436b-9344-438b2a4eac66","providers":[{"namespace":"Microsoft.Authorization","resourceTypes":[{"resourceType":"policyDefinitions","locations":[null]},{"resourceType":"policyAssignments","locations":[null]}]},{"namespace":"Microsoft.Resources","resourceTypes":[{"resourceType":"resourceGroups","locations":["westus"]},{"resourceType":"deployments","locations":[null]}]}],"dependencies":[{"dependsOn":[{"id":"/subscriptions/00000000-0000-0000-0000-000000000000/providers/Microsoft.Authorization/policyDefinitions/policy2","resourceType":"Microsoft.Authorization/policyDefinitions","resourceName":"policy2"}],"id":"/subscriptions/00000000-0000-0000-0000-000000000000/providers/Microsoft.Authorization/policyAssignments/location-lock","resourceType":"Microsoft.Authorization/policyAssignments","resourceName":"location-lock"},{"dependsOn":[{"id":"/subscriptions/00000000-0000-0000-0000-000000000000/resourceGroups/cli_test_subscription_level_deployment","resourceType":"Microsoft.Resources/resourceGroups","resourceName":"cli_test_subscription_level_deployment"}],"id":"/subscriptions/00000000-0000-0000-0000-000000000000/resourceGroups/cli_test_subscription_level_deployment/providers/Microsoft.Resources/deployments/rg-nested6","resourceType":"Microsoft.Resources/deployments","resourceName":"rg-nested6"}],"outputResources":[{"id":"/subscriptions/00000000-0000-0000-0000-000000000000/providers/Microsoft.Authorization/policyAssignments/location-lock"},{"id":"/subscriptions/00000000-0000-0000-0000-000000000000/providers/Microsoft.Authorization/policyDefinitions/policy2"},{"id":"/subscriptions/00000000-0000-0000-0000-000000000000/resourceGroups/cli_test_subscription_level_deployment"},{"id":"/subscriptions/00000000-0000-0000-0000-000000000000/resourceGroups/cli_test_subscription_level_deployment/providers/Microsoft.Storage/storageAccounts/armbuilddemo000005"}]}}'
    headers:
      cache-control:
      - no-cache
      content-length:
      - '2751'
      content-type:
      - application/json; charset=utf-8
      date:
      - Mon, 23 Jun 2025 22:28:03 GMT
      expires:
      - '-1'
      pragma:
      - no-cache
      strict-transport-security:
      - max-age=31536000; includeSubDomains
      x-cache:
      - CONFIG_NOCACHE
      x-content-type-options:
      - nosniff
      x-ms-ratelimit-remaining-subscription-global-reads:
      - '16499'
      x-msedge-ref:
      - 'Ref A: 05806B0B82E3424EBE4C69726F4761B1 Ref B: BN1AA2051012033 Ref C: 2025-06-23T22:28:03Z'
    status:
      code: 200
      message: OK
- request:
    body: null
    headers:
      Accept:
      - application/json
      Accept-Encoding:
      - gzip, deflate
      CommandName:
      - deployment sub show
      Connection:
      - keep-alive
      ParameterSetName:
      - -n
      User-Agent:
      - AZURECLI/2.74.0 azsdk-python-core/1.31.0 Python/3.12.1 (Linux-6.8.0-1027-azure-x86_64-with-glibc2.31)
    method: GET
    uri: https://management.azure.com/subscriptions/00000000-0000-0000-0000-000000000000/providers/Microsoft.Resources/deployments/mock-deployment?api-version=2025-04-01
  response:
    body:
      string: '{"id":"/subscriptions/00000000-0000-0000-0000-000000000000/providers/Microsoft.Resources/deployments/azure-cli-subscription_level_deployment000003","name":"azure-cli-subscription_level_deployment000003","type":"Microsoft.Resources/deployments","location":"westus","properties":{"templateLink":{"id":"/subscriptions/00000000-0000-0000-0000-000000000000/resourceGroups/cli_test_template_specs_tenant_deploy000001/providers/Microsoft.Resources/templateSpecs/cli-test-sub-lvl-ts-deploy000002/versions/1.0","contentVersion":"1.0.0.0"},"templateHash":"1013067532690748919","parameters":{"storageAccountName":{"type":"String","value":"armbuilddemo000005"},"nestedRGName":{"type":"String","value":"cli_test_subscription_level_deployment"}},"mode":"Incremental","provisioningState":"Succeeded","timestamp":"2025-06-23T22:27:58.004134Z","duration":"PT28.5961374S","correlationId":"223c28d1-52c9-436b-9344-438b2a4eac66","providers":[{"namespace":"Microsoft.Authorization","resourceTypes":[{"resourceType":"policyDefinitions","locations":[null]},{"resourceType":"policyAssignments","locations":[null]}]},{"namespace":"Microsoft.Resources","resourceTypes":[{"resourceType":"resourceGroups","locations":["westus"]},{"resourceType":"deployments","locations":[null]}]}],"dependencies":[{"dependsOn":[{"id":"/subscriptions/00000000-0000-0000-0000-000000000000/providers/Microsoft.Authorization/policyDefinitions/policy2","resourceType":"Microsoft.Authorization/policyDefinitions","resourceName":"policy2"}],"id":"/subscriptions/00000000-0000-0000-0000-000000000000/providers/Microsoft.Authorization/policyAssignments/location-lock","resourceType":"Microsoft.Authorization/policyAssignments","resourceName":"location-lock"},{"dependsOn":[{"id":"/subscriptions/00000000-0000-0000-0000-000000000000/resourceGroups/cli_test_subscription_level_deployment","resourceType":"Microsoft.Resources/resourceGroups","resourceName":"cli_test_subscription_level_deployment"}],"id":"/subscriptions/00000000-0000-0000-0000-000000000000/resourceGroups/cli_test_subscription_level_deployment/providers/Microsoft.Resources/deployments/rg-nested6","resourceType":"Microsoft.Resources/deployments","resourceName":"rg-nested6"}],"outputResources":[{"id":"/subscriptions/00000000-0000-0000-0000-000000000000/providers/Microsoft.Authorization/policyAssignments/location-lock"},{"id":"/subscriptions/00000000-0000-0000-0000-000000000000/providers/Microsoft.Authorization/policyDefinitions/policy2"},{"id":"/subscriptions/00000000-0000-0000-0000-000000000000/resourceGroups/cli_test_subscription_level_deployment"},{"id":"/subscriptions/00000000-0000-0000-0000-000000000000/resourceGroups/cli_test_subscription_level_deployment/providers/Microsoft.Storage/storageAccounts/armbuilddemo000005"}]}}'
    headers:
      cache-control:
      - no-cache
      content-length:
      - '2751'
      content-type:
      - application/json; charset=utf-8
      date:
      - Mon, 23 Jun 2025 22:28:03 GMT
      expires:
      - '-1'
      pragma:
      - no-cache
      strict-transport-security:
      - max-age=31536000; includeSubDomains
      x-cache:
      - CONFIG_NOCACHE
      x-content-type-options:
      - nosniff
      x-ms-ratelimit-remaining-subscription-global-reads:
      - '16499'
      x-msedge-ref:
      - 'Ref A: 1FA0454CF1704FD2A24CAA76F8B04542 Ref B: BN1AA2051014027 Ref C: 2025-06-23T22:28:03Z'
    status:
      code: 200
      message: OK
- request:
    body: null
    headers:
      Accept:
      - application/json
      Accept-Encoding:
      - gzip, deflate
      CommandName:
      - deployment sub export
      Connection:
      - keep-alive
      Content-Length:
      - '0'
      ParameterSetName:
      - -n
      User-Agent:
      - AZURECLI/2.74.0 azsdk-python-core/1.31.0 Python/3.12.1 (Linux-6.8.0-1027-azure-x86_64-with-glibc2.31)
    method: POST
    uri: https://management.azure.com/subscriptions/00000000-0000-0000-0000-000000000000/providers/Microsoft.Resources/deployments/mock-deployment/exportTemplate?api-version=2025-04-01
  response:
    body:
      string: '{"template":{"$schema":"https://schema.management.azure.com/schemas/2015-01-01/deploymentTemplate.json#","contentVersion":"1.0.0.0","parameters":{"storageAccountName":{"defaultValue":"armbuilddemo1801","type":"String"},"nestedRGName":{"defaultValue":"cli_test_subscription_level_deployment","type":"String"}},"variables":{},"resources":[{"type":"Microsoft.Authorization/policyDefinitions","apiVersion":"2016-12-01","name":"policy2","properties":{"policyType":"Custom","parameters":{},"policyRule":{"if":{"field":"location","equals":"northeurope"},"then":{"effect":"deny"}}}},{"type":"Microsoft.Authorization/policyAssignments","apiVersion":"2016-12-01","name":"location-lock","dependsOn":["policy2"],"properties":{"scope":"[subscription().id]","policyDefinitionId":"[resourceId(''Microsoft.Authorization/policyDefinitions'',
        ''policy2'')]"}},{"type":"Microsoft.Resources/resourceGroups","apiVersion":"2018-05-01","name":"[parameters(''nestedRGName'')]","location":"WestUS","properties":{}},{"type":"Microsoft.Resources/deployments","apiVersion":"2017-05-10","name":"rg-nested6","dependsOn":["[parameters(''nestedRGName'')]"],"properties":{"template":{"$schema":"https://schema.management.azure.com/schemas/2015-01-01/deploymentTemplate.json#","contentVersion":"1.0.0.0","parameters":{},"variables":{},"resources":[{"type":"Microsoft.Storage/storageAccounts","name":"[parameters(''storageAccountName'')]","apiVersion":"2015-06-15","location":"East
        US","properties":{"accountType":"Standard_LRS","supportsHttpsTrafficOnly":true}}]},"mode":"Incremental"},"resourceGroup":"[parameters(''nestedRGName'')]"}]}}'
    headers:
      cache-control:
      - no-cache
      content-length:
      - '1592'
      content-type:
      - application/json; charset=utf-8
      date:
      - Mon, 23 Jun 2025 22:28:03 GMT
      expires:
      - '-1'
      pragma:
      - no-cache
      strict-transport-security:
      - max-age=31536000; includeSubDomains
      x-cache:
      - CONFIG_NOCACHE
      x-content-type-options:
      - nosniff
      x-ms-ratelimit-remaining-subscription-global-writes:
      - '11999'
      x-ms-ratelimit-remaining-subscription-writes:
      - '799'
      x-msedge-ref:
      - 'Ref A: C17BE727792A4E73B62D81209D7B132F Ref B: BN1AA2051012039 Ref C: 2025-06-23T22:28:04Z'
    status:
      code: 200
      message: OK
- request:
    body: null
    headers:
      Accept:
      - application/json
      Accept-Encoding:
      - gzip, deflate
      CommandName:
      - deployment operation sub list
      Connection:
      - keep-alive
      ParameterSetName:
      - -n
      User-Agent:
      - AZURECLI/2.74.0 azsdk-python-core/1.31.0 Python/3.12.1 (Linux-6.8.0-1027-azure-x86_64-with-glibc2.31)
    method: GET
    uri: https://management.azure.com/subscriptions/00000000-0000-0000-0000-000000000000/providers/Microsoft.Resources/deployments/mock-deployment/operations?api-version=2025-04-01
  response:
    body:
      string: '{"value":[{"id":"/subscriptions/00000000-0000-0000-0000-000000000000/providers/Microsoft.Resources/deployments/azure-cli-subscription_level_deployment000003/operations/5207C2DF38DCA0E9","operationId":"5207C2DF38DCA0E9","properties":{"provisioningOperation":"Create","provisioningState":"Succeeded","timestamp":"2025-06-23T22:27:32.331377Z","duration":"PT25.4695815S","trackingId":"f5f0aa27-723b-472b-b1e8-0aebedad81b5","statusCode":"OK","targetResource":{"id":"/subscriptions/00000000-0000-0000-0000-000000000000/resourceGroups/cli_test_subscription_level_deployment/providers/Microsoft.Resources/deployments/rg-nested6","resourceType":"Microsoft.Resources/deployments","resourceName":"rg-nested6"}}},{"id":"/subscriptions/00000000-0000-0000-0000-000000000000/providers/Microsoft.Resources/deployments/azure-cli-subscription_level_deployment000003/operations/B6547F77E2620055","operationId":"B6547F77E2620055","properties":{"provisioningOperation":"Create","provisioningState":"Succeeded","timestamp":"2025-06-23T22:27:32.331377Z","duration":"PT1.2080082S","trackingId":"adbc2e91-cd51-4926-9fd5-79da9a41344a","statusCode":"Created","targetResource":{"id":"/subscriptions/00000000-0000-0000-0000-000000000000/resourceGroups/cli_test_subscription_level_deployment","resourceType":"Microsoft.Resources/resourceGroups","resourceName":"cli_test_subscription_level_deployment"}}},{"id":"/subscriptions/00000000-0000-0000-0000-000000000000/providers/Microsoft.Resources/deployments/azure-cli-subscription_level_deployment000003/operations/6D66AAF21EC6EC5F","operationId":"6D66AAF21EC6EC5F","properties":{"provisioningOperation":"Create","provisioningState":"Succeeded","timestamp":"2025-06-23T22:27:32.331377Z","duration":"PT0.8486263S","trackingId":"1d3ce193-e2d4-4215-a80b-4078e1437e90","statusCode":"Created","targetResource":{"id":"/subscriptions/00000000-0000-0000-0000-000000000000/providers/Microsoft.Authorization/policyAssignments/location-lock","resourceType":"Microsoft.Authorization/policyAssignments","resourceName":"location-lock"}}},{"id":"/subscriptions/00000000-0000-0000-0000-000000000000/providers/Microsoft.Resources/deployments/azure-cli-subscription_level_deployment000003/operations/7F8EBFE3392EFA31","operationId":"7F8EBFE3392EFA31","properties":{"provisioningOperation":"Create","provisioningState":"Succeeded","timestamp":"2025-06-23T22:27:32.331377Z","duration":"PT0.4579972S","trackingId":"1daf6e65-bf16-432e-85b4-3a4dc8619fba","statusCode":"Created","targetResource":{"id":"/subscriptions/00000000-0000-0000-0000-000000000000/providers/Microsoft.Authorization/policyDefinitions/policy2","resourceType":"Microsoft.Authorization/policyDefinitions","resourceName":"policy2"}}},{"id":"/subscriptions/00000000-0000-0000-0000-000000000000/providers/Microsoft.Resources/deployments/azure-cli-subscription_level_deployment000003/operations/08584508892360687104","operationId":"08584508892360687104","properties":{"provisioningOperation":"EvaluateDeploymentOutput","provisioningState":"Succeeded","timestamp":"2025-06-23T22:27:57.8663299Z","duration":"PT0.1065559S","trackingId":"df5027a4-ffa5-4df1-b1e8-ee398b645b77","statusCode":"OK"}}]}'
    headers:
      cache-control:
      - no-cache
      content-length:
      - '3152'
      content-type:
      - application/json; charset=utf-8
      date:
      - Mon, 23 Jun 2025 22:28:04 GMT
      expires:
      - '-1'
      pragma:
      - no-cache
      strict-transport-security:
      - max-age=31536000; includeSubDomains
      x-cache:
      - CONFIG_NOCACHE
      x-content-type-options:
      - nosniff
      x-ms-ratelimit-remaining-subscription-global-reads:
      - '16499'
      x-msedge-ref:
      - 'Ref A: 562F32CAE68D4A6F9F57C862FADCA324 Ref B: BN1AA2051014045 Ref C: 2025-06-23T22:28:04Z'
    status:
      code: 200
      message: OK
- request:
    body: null
    headers:
      Accept:
      - application/json
      Accept-Encoding:
      - gzip, deflate
      CommandName:
      - deployment sub create
      Connection:
      - keep-alive
      ParameterSetName:
      - -n --location --template-spec --parameters --no-wait
      User-Agent:
      - AZURECLI/2.74.0 azsdk-python-core/1.31.0 Python/3.12.1 (Linux-6.8.0-1027-azure-x86_64-with-glibc2.31)
    method: GET
    uri: https://management.azure.com/subscriptions/00000000-0000-0000-0000-000000000000/providers/Microsoft.Resources?api-version=2024-11-01
  response:
    body:
      string: '{"id":"/subscriptions/00000000-0000-0000-0000-000000000000/providers/Microsoft.Resources","namespace":"Microsoft.Resources","authorizations":[{"applicationId":"f77c2a8f-8a0a-4776-8e0a-bcb2549610ca"},{"applicationId":"3b990c8b-9607-4c2a-8b04-1d41985facca"}],"resourceTypes":[{"resourceType":"changes","locations":[],"apiVersions":["2024-06-01-preview","2023-07-01-preview","2023-03-01-preview","2022-05-01","2022-03-01-preview"],"capabilities":"SupportsExtension"},{"resourceType":"snapshots","locations":[],"apiVersions":["2022-11-01-preview"],"capabilities":"SupportsExtension"},{"resourceType":"moboBrokers","locations":["Australia
        Central","Australia East","Australia Southeast","Brazil South","Canada Central","Canada
        East","Central India","Central US","East Asia","East US 2","East US","France
        Central","Germany West Central","Japan East","Japan West","Jio India West","Korea
        Central","Korea South","North Central US","North Europe","Norway East","South
        Africa North","South Central US","South India","Southeast Asia","Sweden Central","Switzerland
        North","UAE North","UK South","UK West","West Central US","West Europe","West
        India","West US 2","West US 3","West US","Central US EUAP","East US 2 EUAP"],"apiVersions":["2023-06-01-preview"],"capabilities":"SupportsTags,
        SupportsLocation"},{"resourceType":"locations/moboOperationStatuses","locations":["Australia
        Central","Australia East","Australia Southeast","Brazil South","Canada Central","Canada
        East","Central India","Central US","East Asia","East US 2","East US","France
        Central","Germany West Central","Japan East","Japan West","Jio India West","Korea
        Central","Korea South","North Central US","North Europe","Norway East","South
        Africa North","South Central US","South India","Southeast Asia","Sweden Central","Switzerland
        North","UAE North","UK South","UK West","West Central US","West Europe","West
        India","West US 2","West US 3","West US","Central US EUAP","East US 2 EUAP"],"apiVersions":["2023-06-01-preview"],"capabilities":"None"},{"resourceType":"tenants","locations":[],"apiVersions":["2020-01-01","2019-09-01","2019-05-01","2019-04-01","2019-03-01","2018-11-01","2018-09-01","2018-08-01","2018-07-01","2018-05-01","2018-02-01","2018-01-01","2017-08-01","2017-06-01","2017-05-10","2017-05-01","2017-03-01","2016-09-01","2016-07-01","2016-06-01","2016-02-01","2015-11-01","2015-01-01","2014-04-01-preview"],"apiProfiles":[{"profileVersion":"2018-06-01-profile","apiVersion":"2016-06-01"},{"profileVersion":"2019-03-01-hybrid","apiVersion":"2016-06-01"}],"capabilities":"None"},{"resourceType":"locations","locations":[],"apiVersions":["2019-09-01","2019-05-01","2019-04-01","2019-03-01","2018-11-01","2018-09-01","2018-08-01","2018-07-01","2018-05-01","2018-02-01","2018-01-01","2017-08-01","2017-06-01","2017-05-10","2017-05-01","2017-03-01","2016-09-01","2016-07-01","2016-06-01","2016-02-01","2015-11-01","2015-01-01","2014-04-01-preview"],"apiProfiles":[{"profileVersion":"2018-06-01-profile","apiVersion":"2016-06-01"},{"profileVersion":"2019-03-01-hybrid","apiVersion":"2018-05-01"}],"capabilities":"None"},{"resourceType":"operationresults","locations":[],"apiVersions":["2019-09-01","2019-05-01","2019-04-01","2019-03-01","2018-11-01","2018-09-01","2018-08-01","2018-07-01","2018-05-01","2018-02-01","2018-01-01","2017-08-01","2017-06-01","2017-05-10","2017-05-01","2017-03-01","2016-09-01","2016-07-01","2016-06-01","2016-02-01","2015-11-01","2015-01-01","2014-04-01-preview"],"apiProfiles":[{"profileVersion":"2018-06-01-profile","apiVersion":"2016-06-01"}],"capabilities":"None"},{"resourceType":"notifyResourceJobs","locations":[],"apiVersions":["2019-09-01","2019-05-01","2019-04-01","2019-03-01","2018-11-01","2018-09-01","2018-08-01","2018-07-01","2018-05-01","2018-02-01"],"capabilities":"None"},{"resourceType":"tags","locations":[],"apiVersions":["2023-07-01","2022-09-01","2019-10-01","2019-05-01","2019-04-01","2019-03-01","2018-11-01"],"capabilities":"SupportsExtension"},{"resourceType":"checkPolicyCompliance","locations":[],"apiVersions":["2019-05-01","2019-04-01","2019-03-01","2018-11-01","2018-09-01","2018-08-01","2018-07-01","2018-05-01","2018-02-01","2018-01-01","2017-08-01","2017-06-01","2017-05-10","2017-05-01","2017-03-01","2016-09-01","2016-07-01","2016-06-01","2016-02-01","2015-11-01","2015-01-01","2014-04-01-preview"],"capabilities":"None"},{"resourceType":"providers","locations":[],"apiVersions":["2019-05-01","2019-04-01","2019-03-01","2018-11-01","2018-09-01","2018-08-01","2018-07-01","2018-05-01","2018-02-01","2018-01-01","2017-08-01","2017-06-01","2017-05-10","2017-05-01","2017-03-01","2016-09-01","2016-07-01","2016-06-01","2016-02-01","2015-11-01","2015-01-01","2014-04-01-preview"],"apiProfiles":[{"profileVersion":"2018-06-01-profile","apiVersion":"2016-06-01"},{"profileVersion":"2019-03-01-hybrid","apiVersion":"2018-05-01"}],"capabilities":"None"},{"resourceType":"checkresourcename","locations":[],"apiVersions":["2019-05-01","2019-04-01","2019-03-01","2018-11-01","2018-09-01","2018-08-01","2018-07-01","2018-05-01","2018-02-01","2018-01-01","2017-08-01","2017-06-01","2017-05-10","2017-05-01","2017-03-01","2016-09-01","2016-07-01","2016-06-01","2016-02-01","2015-11-01","2015-01-01","2014-04-01-preview"],"apiProfiles":[{"profileVersion":"2018-06-01-profile","apiVersion":"2016-06-01"}],"capabilities":"None"},{"resourceType":"calculateTemplateHash","locations":[],"apiVersions":["2023-07-01","2022-09-01","2019-09-01","2019-05-01","2019-04-01","2019-03-01","2018-11-01","2018-09-01","2018-08-01","2018-07-01","2018-05-01","2018-02-01","2018-01-01","2017-08-01","2017-06-01","2017-05-10","2017-05-01","2017-03-01","2016-09-01","2016-07-01","2016-06-01","2016-02-01","2015-11-01","2015-01-01","2014-04-01-preview"],"apiProfiles":[{"profileVersion":"2018-06-01-profile","apiVersion":"2016-06-01"}],"capabilities":"None"},{"resourceType":"resources","locations":[],"apiVersions":["2019-09-01","2019-05-01","2019-04-01","2019-03-01","2018-11-01","2018-09-01","2018-08-01","2018-07-01","2018-05-01","2018-02-01","2018-01-01","2017-08-01","2017-06-01","2017-05-10","2017-05-01","2017-03-01","2016-09-01","2016-07-01","2016-06-01","2016-02-01","2015-11-01","2015-01-01","2014-04-01-preview"],"apiProfiles":[{"profileVersion":"2018-06-01-profile","apiVersion":"2016-06-01"},{"profileVersion":"2019-03-01-hybrid","apiVersion":"2018-05-01"}],"capabilities":"None"},{"resourceType":"subscriptions","locations":[],"apiVersions":["2019-10-01","2019-09-01","2019-05-01","2019-04-01","2019-03-01","2018-11-01","2018-09-01","2018-08-01","2018-07-01","2018-05-01","2018-02-01","2018-01-01","2017-08-01","2017-06-01","2017-05-10","2017-05-01","2017-03-01","2016-09-01","2016-07-01","2016-06-01","2016-02-01","2015-11-01","2015-01-01","2014-04-01-preview"],"apiProfiles":[{"profileVersion":"2018-06-01-profile","apiVersion":"2016-06-01"},{"profileVersion":"2019-03-01-hybrid","apiVersion":"2016-06-01"}],"capabilities":"SupportsTags"},{"resourceType":"subscriptions/resources","locations":[],"apiVersions":["2019-09-01","2019-05-01","2019-04-01","2019-03-01","2018-11-01","2018-09-01","2018-08-01","2018-07-01","2018-05-01","2018-02-01","2018-01-01","2017-08-01","2017-06-01","2017-05-10","2017-05-01","2017-03-01","2016-09-01","2016-07-01","2016-06-01","2016-02-01","2015-11-01","2015-01-01","2014-04-01-preview"],"apiProfiles":[{"profileVersion":"2018-06-01-profile","apiVersion":"2016-06-01"},{"profileVersion":"2019-03-01-hybrid","apiVersion":"2018-05-01"}],"capabilities":"None"},{"resourceType":"subscriptions/providers","locations":[],"apiVersions":["2019-05-01","2019-04-01","2019-03-01","2018-11-01","2018-09-01","2018-08-01","2018-07-01","2018-05-01","2018-02-01","2018-01-01","2017-08-01","2017-06-01","2017-05-10","2017-05-01","2017-03-01","2016-09-01","2016-07-01","2016-06-01","2016-02-01","2015-11-01","2015-01-01","2014-04-01-preview"],"apiProfiles":[{"profileVersion":"2018-06-01-profile","apiVersion":"2016-06-01"},{"profileVersion":"2019-03-01-hybrid","apiVersion":"2018-05-01"}],"capabilities":"None"},{"resourceType":"subscriptions/operationresults","locations":[],"apiVersions":["2019-05-01","2019-04-01","2019-03-01","2018-11-01","2018-09-01","2018-08-01","2018-07-01","2018-05-01","2018-02-01","2018-01-01","2017-08-01","2017-06-01","2017-05-10","2017-05-01","2017-03-01","2016-09-01","2016-07-01","2016-06-01","2016-02-01","2015-11-01","2015-01-01","2014-04-01-preview"],"apiProfiles":[{"profileVersion":"2018-06-01-profile","apiVersion":"2016-06-01"},{"profileVersion":"2019-03-01-hybrid","apiVersion":"2018-05-01"}],"capabilities":"None"},{"resourceType":"resourceGroups","locations":["Central
        US","East Asia","Southeast Asia","East US","East US 2","West US","West US
        2","North Central US","South Central US","West Central US","North Europe","West
        Europe","Japan East","Japan West","Brazil South","Australia Southeast","Australia
        East","West India","South India","Central India","Canada Central","Canada
        East","UK South","UK West","Korea Central","Korea South","France Central","South
        Africa North","UAE North","Australia Central","Switzerland North","Germany
        West Central","Norway East","Jio India West","West US 3","Qatar Central","Sweden
        Central","Israel Central","Poland Central","Italy North","Spain Central","Mexico
        Central","Chile Central","Malaysia West","New Zealand North","Indonesia Central","Taiwan
        North","Taiwan Northwest","Malaysia South","Austria East","Israel Northwest","Southeast
        US","East US 2 EUAP","Central US EUAP"],"apiVersions":["2023-07-01-preview","2023-07-01","2023-03-01-preview","2022-12-01","2022-11-01-preview","2022-09-01","2022-06-01","2022-05-01","2022-03-01-preview","2022-01-01","2021-04-01","2021-01-01","2020-10-01","2020-09-01","2020-08-01","2020-07-01","2020-06-01","2020-05-01","2020-01-01","2019-11-01","2019-10-01","2019-09-01","2019-08-01","2019-07-01","2019-06-01","2019-05-01","2019-04-01","2019-03-01","2018-11-01","2018-09-01","2018-08-01","2018-07-01","2018-05-01","2018-02-01","2018-01-01","2017-08-01","2017-06-01","2017-05-10","2017-05-01","2017-03-01","2016-09-01","2016-07-01","2016-06-01","2016-02-01","2015-11-01","2015-01-01","2014-04-01-preview"],"apiProfiles":[{"profileVersion":"2018-06-01-profile","apiVersion":"2016-06-01"},{"profileVersion":"2019-03-01-hybrid","apiVersion":"2018-05-01"}],"capabilities":"SupportsTags,
        SupportsLocation"},{"resourceType":"subscriptions/resourceGroups","locations":["Central
        US","East Asia","Southeast Asia","East US","East US 2","West US","West US
        2","North Central US","South Central US","West Central US","North Europe","West
        Europe","Japan East","Japan West","Brazil South","Australia Southeast","Australia
        East","West India","South India","Central India","Canada Central","Canada
        East","UK South","UK West","Korea Central","Korea South","France Central","South
        Africa North","UAE North","Australia Central","Switzerland North","Germany
        West Central","Norway East","Jio India West","West US 3","Qatar Central","Sweden
        Central","Israel Central","Poland Central","Italy North","Spain Central","Mexico
        Central","Chile Central","Malaysia West","New Zealand North","Indonesia Central","Taiwan
        North","Taiwan Northwest","Malaysia South","Austria East","Israel Northwest","Southeast
        US","East US 2 EUAP","Central US EUAP"],"apiVersions":["2019-05-01","2019-04-01","2019-03-01","2018-11-01","2018-09-01","2018-08-01","2018-07-01","2018-05-01","2018-02-01","2018-01-01","2017-08-01","2017-06-01","2017-05-10","2017-05-01","2017-03-01","2016-09-01","2016-07-01","2016-06-01","2016-02-01","2015-11-01","2015-01-01","2014-04-01-preview"],"apiProfiles":[{"profileVersion":"2018-06-01-profile","apiVersion":"2016-06-01"},{"profileVersion":"2019-03-01-hybrid","apiVersion":"2018-05-01"}],"capabilities":"SupportsTags,
        SupportsLocation"},{"resourceType":"subscriptions/resourcegroups/resources","locations":[],"apiVersions":["2019-05-01","2019-04-01","2019-03-01","2018-11-01","2018-09-01","2018-08-01","2018-07-01","2018-05-01","2018-02-01","2018-01-01","2017-08-01","2017-06-01","2017-05-10","2017-05-01","2017-03-01","2016-09-01","2016-07-01","2016-06-01","2016-02-01","2015-11-01","2015-01-01","2014-04-01-preview"],"apiProfiles":[{"profileVersion":"2018-06-01-profile","apiVersion":"2016-06-01"},{"profileVersion":"2019-03-01-hybrid","apiVersion":"2018-05-01"}],"capabilities":"None"},{"resourceType":"subscriptions/locations","locations":[],"apiVersions":["2019-05-01","2019-04-01","2019-03-01","2018-11-01","2018-09-01","2018-08-01","2018-07-01","2018-05-01","2018-02-01","2018-01-01","2017-08-01","2017-06-01","2017-05-10","2017-05-01","2017-03-01","2016-09-01","2016-07-01","2016-06-01","2016-02-01","2015-11-01","2015-01-01","2014-04-01-preview"],"apiProfiles":[{"profileVersion":"2018-06-01-profile","apiVersion":"2016-06-01"},{"profileVersion":"2019-03-01-hybrid","apiVersion":"2016-06-01"}],"capabilities":"None"},{"resourceType":"subscriptions/tagnames","locations":[],"apiVersions":["2023-07-01","2022-09-01","2019-05-01","2019-04-01","2019-03-01","2018-11-01","2018-09-01","2018-08-01","2018-07-01","2018-05-01","2018-02-01","2018-01-01","2017-08-01","2017-06-01","2017-05-10","2017-05-01","2017-03-01","2016-09-01","2016-07-01","2016-06-01","2016-02-01","2015-11-01","2015-01-01","2014-04-01-preview"],"apiProfiles":[{"profileVersion":"2018-06-01-profile","apiVersion":"2016-06-01"},{"profileVersion":"2019-03-01-hybrid","apiVersion":"2018-05-01"}],"capabilities":"None"},{"resourceType":"subscriptions/tagNames/tagValues","locations":[],"apiVersions":["2023-07-01","2022-09-01","2019-05-01","2019-04-01","2019-03-01","2018-11-01","2018-09-01","2018-08-01","2018-07-01","2018-05-01","2018-02-01","2018-01-01","2017-08-01","2017-06-01","2017-05-10","2017-05-01","2017-03-01","2016-09-01","2016-07-01","2016-06-01","2016-02-01","2015-11-01","2015-01-01","2014-04-01-preview"],"apiProfiles":[{"profileVersion":"2018-06-01-profile","apiVersion":"2016-06-01"},{"profileVersion":"2019-03-01-hybrid","apiVersion":"2018-05-01"}],"capabilities":"None"},{"resourceType":"deployments","locations":["West
        Central US","West Europe","West US 2","Southeast Asia","Australia East","Brazil
        South","Canada Central","Switzerland North","France Central","Germany West
        Central","Central India","Italy North","Japan East","Korea Central","UK South","Mexico
        Central","Norway East","Qatar Central","Sweden Central","Spain Central","UAE
        North","South Africa North","Poland Central","East Asia","Australia Southeast","Canada
        East","East US 2","South India","Japan West","Korea South","UK West","New
        Zealand North","North Europe","Central US EUAP","East US 2 EUAP","Malaysia
        South","Taiwan North","Taiwan Northwest"],"apiVersions":["2023-07-01","2022-09-01","2021-04-01","2021-01-01","2020-10-01","2020-06-01","2019-09-01","2019-08-01","2019-05-01","2019-04-01","2019-03-01","2018-11-01","2018-09-01","2018-08-01","2018-07-01","2018-05-01","2018-02-01","2018-01-01","2017-08-01","2017-06-01","2017-05-10","2017-05-01","2017-03-01","2016-09-01","2016-07-01","2016-06-01","2016-02-01","2015-11-01","2015-01-01","2014-04-01-preview"],"apiProfiles":[{"profileVersion":"2018-06-01-profile","apiVersion":"2016-06-01"},{"profileVersion":"2019-03-01-hybrid","apiVersion":"2018-05-01"}],"capabilities":"SupportsTags,
        SupportsExtension"},{"resourceType":"deployments/operations","locations":["West
        Central US","West Europe","West US 2","Southeast Asia","Australia East","Brazil
        South","Canada Central","Switzerland North","France Central","Germany West
        Central","Central India","Italy North","Japan East","Korea Central","UK South","Mexico
        Central","Norway East","Qatar Central","Sweden Central","Spain Central","UAE
        North","South Africa North","Poland Central","East Asia","Australia Southeast","Canada
        East","East US 2","South India","Japan West","Korea South","UK West","New
        Zealand North","North Europe","Central US EUAP","East US 2 EUAP","Malaysia
        South","Taiwan North","Taiwan Northwest"],"apiVersions":["2023-07-01","2022-09-01","2021-04-01","2021-01-01","2020-10-01","2020-06-01","2019-09-01","2019-05-01","2019-04-01","2019-03-01","2018-11-01","2018-09-01","2018-08-01","2018-07-01","2018-05-01","2018-02-01","2018-01-01","2017-08-01","2017-06-01","2017-05-10","2017-05-01","2017-03-01","2016-09-01","2016-07-01","2016-06-01","2016-02-01","2015-11-01","2015-01-01","2014-04-01-preview"],"apiProfiles":[{"profileVersion":"2018-06-01-profile","apiVersion":"2016-06-01"},{"profileVersion":"2019-03-01-hybrid","apiVersion":"2018-05-01"}],"capabilities":"None"},{"resourceType":"locations/deploymentStatuses","locations":["West
        Central US","West Europe","West US 2","Southeast Asia","Australia East","Brazil
        South","Canada Central","Switzerland North","France Central","Germany West
        Central","Central India","Italy North","Japan East","Korea Central","UK South","Mexico
        Central","Norway East","Qatar Central","Sweden Central","Spain Central","UAE
        North","South Africa North","Poland Central","East Asia","Australia Southeast","Canada
        East","East US 2","South India","Japan West","Korea South","UK West","New
        Zealand North","North Europe","Central US EUAP","East US 2 EUAP","Malaysia
        South","Taiwan North","Taiwan Northwest"],"apiVersions":["2023-07-01","2022-09-01","2021-04-01","2021-01-01","2020-10-01","2020-06-01","2019-09-01","2019-08-01","2019-05-01","2019-04-01","2019-03-01","2018-11-01","2018-09-01","2018-08-01","2018-07-01","2018-05-01","2018-02-01","2018-01-01","2017-08-01","2017-06-01","2017-05-10","2017-05-01","2017-03-01","2016-09-01","2016-07-01","2016-06-01","2016-02-01","2015-11-01","2015-01-01","2014-04-01-preview"],"capabilities":"None"},{"resourceType":"locations/deploymentOperationResults","locations":["West
        Central US","West Europe","West US 2","Southeast Asia","Australia East","Brazil
        South","Canada Central","Switzerland North","France Central","Germany West
        Central","Central India","Italy North","Japan East","Korea Central","UK South","Mexico
        Central","Norway East","Qatar Central","Sweden Central","Spain Central","UAE
        North","South Africa North","Poland Central","East Asia","Australia Southeast","Canada
        East","East US 2","South India","Japan West","Korea South","UK West","New
        Zealand North","North Europe","Central US EUAP","East US 2 EUAP","Malaysia
        South","Taiwan North","Taiwan Northwest"],"apiVersions":["2023-07-01","2022-09-01","2021-04-01","2021-01-01","2020-10-01","2020-06-01","2019-09-01","2019-08-01","2019-05-01","2019-04-01","2019-03-01","2018-11-01","2018-09-01","2018-08-01","2018-07-01","2018-05-01","2018-02-01","2018-01-01","2017-08-01","2017-06-01","2017-05-10","2017-05-01","2017-03-01","2016-09-01","2016-07-01","2016-06-01","2016-02-01","2015-11-01","2015-01-01","2014-04-01-preview"],"capabilities":"None"},{"resourceType":"locations/exportResourceTemplate","locations":["West
        Central US","West Europe","West US 2","Southeast Asia","Australia East","Brazil
        South","Canada Central","Switzerland North","France Central","Germany West
        Central","Central India","Italy North","Japan East","Korea Central","UK South","Mexico
        Central","Norway East","Qatar Central","Sweden Central","Spain Central","UAE
        North","South Africa North","Poland Central","East Asia","Australia Southeast","Canada
        East","East US 2","South India","Japan West","Korea South","UK West","New
        Zealand North","North Europe","Central US EUAP","East US 2 EUAP","Malaysia
        South","Taiwan North","Taiwan Northwest"],"apiVersions":["2023-07-01","2022-09-01","2021-04-01","2021-01-01","2020-10-01","2020-06-01","2019-09-01","2019-08-01","2019-05-01","2019-04-01","2019-03-01","2018-11-01","2018-09-01","2018-08-01","2018-07-01","2018-05-01","2018-02-01","2018-01-01","2017-08-01","2017-06-01","2017-05-10","2017-05-01","2017-03-01","2016-09-01","2016-07-01","2016-06-01","2016-02-01","2015-11-01","2015-01-01","2014-04-01-preview"],"capabilities":"None"},{"resourceType":"locations/notifyDeploymentJobs","locations":["West
        Central US","West Europe","West US 2","Southeast Asia","Australia East","Brazil
        South","Canada Central","Switzerland North","France Central","Germany West
        Central","Central India","Italy North","Japan East","Korea Central","UK South","Mexico
        Central","Norway East","Qatar Central","Sweden Central","Spain Central","UAE
        North","South Africa North","Poland Central","East Asia","Australia Southeast","Canada
        East","East US 2","South India","Japan West","Korea South","UK West","New
        Zealand North","North Europe","Central US EUAP","East US 2 EUAP","Malaysia
        South","Taiwan North","Taiwan Northwest"],"apiVersions":["2023-07-01","2022-09-01","2021-04-01","2021-01-01","2020-10-01","2020-06-01","2019-09-01","2019-08-01","2019-05-01","2019-04-01","2019-03-01","2018-11-01","2018-09-01","2018-08-01","2018-07-01","2018-05-01","2018-02-01","2018-01-01","2017-08-01","2017-06-01","2017-05-10","2017-05-01","2017-03-01","2016-09-01","2016-07-01","2016-06-01","2016-02-01","2015-11-01","2015-01-01","2014-04-01-preview"],"capabilities":"None"},{"resourceType":"validateResources","locations":[],"apiVersions":["2022-06-01"],"capabilities":"None"},{"resourceType":"links","locations":[],"apiVersions":["2019-05-01","2019-04-01","2019-03-01","2018-11-01","2018-09-01","2018-08-01","2018-07-01","2018-05-01","2018-02-01","2018-01-01","2017-08-01","2017-06-01","2017-05-10","2017-05-01","2017-03-01","2016-09-01","2016-07-01","2016-06-01","2016-02-01","2015-11-01","2015-01-01","2014-04-01-preview"],"apiProfiles":[{"profileVersion":"2018-06-01-profile","apiVersion":"2016-06-01"},{"profileVersion":"2019-03-01-hybrid","apiVersion":"2018-05-01"}],"capabilities":"SupportsExtension"},{"resourceType":"operations","locations":[],"apiVersions":["2015-01-01"],"apiProfiles":[{"profileVersion":"2018-06-01-profile","apiVersion":"2015-01-01"}],"capabilities":"None"},{"resourceType":"bulkDelete","locations":[],"apiVersions":["2019-05-01","2019-04-01","2019-03-01","2018-11-01","2018-09-01","2018-08-01","2018-07-01","2018-05-01","2018-02-01","2018-01-01","2017-08-01","2017-06-01","2017-05-10","2017-05-01","2017-03-01","2016-09-01","2016-07-01","2016-06-01","2016-02-01","2015-11-01","2015-01-01","2014-04-01-preview"],"capabilities":"None"},{"resourceType":"dataBoundaries","locations":[],"apiVersions":["2024-08-01","2024-02-01-preview"],"capabilities":"None"},{"resourceType":"deploymentScripts","locations":["East
        Asia","Southeast Asia","Australia East","Australia Southeast","Brazil South","Canada
        Central","Canada East","Switzerland North","Germany West Central","East US
        2","East US","Central US","North Central US","France Central","UK South","UK
        West","Indonesia Central","Israel Central","Central India","South India","Jio
        India West","Italy North","Japan East","Japan West","Korea Central","Korea
        South","Malaysia West","Mexico Central","North Europe","Norway East","New
        Zealand North","Poland Central","Qatar Central","Spain Central","Sweden Central","UAE
        North","West Central US","West Europe","West US 2","West US","South Central
        US","West US 3","South Africa North","Central US EUAP","East US 2 EUAP","Taiwan
        North","Taiwan Northwest"],"apiVersions":["2023-08-01","2020-10-01","2019-10-01-preview"],"capabilities":"SupportsTags,
        SupportsLocation"},{"resourceType":"deploymentScripts/logs","locations":["East
        Asia","Southeast Asia","Australia East","Australia Southeast","Brazil South","Canada
        Central","Canada East","Switzerland North","Germany West Central","East US
        2","East US","Central US","North Central US","France Central","UK South","UK
        West","Indonesia Central","Israel Central","Central India","South India","Jio
        India West","Italy North","Japan East","Japan West","Korea Central","Korea
        South","Malaysia West","Mexico Central","North Europe","Norway East","New
        Zealand North","Poland Central","Qatar Central","Spain Central","Sweden Central","UAE
        North","West Central US","West Europe","West US 2","West US","South Central
        US","West US 3","South Africa North","Central US EUAP","East US 2 EUAP","Taiwan
        North","Taiwan Northwest"],"apiVersions":["2023-08-01","2020-10-01","2019-10-01-preview"],"capabilities":"None"},{"resourceType":"locations/deploymentScriptOperationResults","locations":["East
        Asia","Southeast Asia","Australia East","Australia Southeast","Brazil South","Canada
        Central","Canada East","Switzerland North","Germany West Central","East US
        2","East US","Central US","North Central US","France Central","UK South","UK
        West","Indonesia Central","Israel Central","Central India","South India","Jio
        India West","Italy North","Japan East","Japan West","Korea Central","Korea
        South","Malaysia West","Mexico Central","North Europe","Norway East","New
        Zealand North","Poland Central","Qatar Central","Spain Central","Sweden Central","UAE
        North","West Central US","West Europe","West US 2","West US","South Central
        US","West US 3","South Africa North","Central US EUAP","East US 2 EUAP","Taiwan
        North","Taiwan Northwest"],"apiVersions":["2023-08-01","2020-10-01","2019-10-01-preview"],"capabilities":"None"},{"resourceType":"decompileBicep","locations":[],"apiVersions":["2023-11-01"],"capabilities":"None"},{"resourceType":"templateSpecs","locations":["East
        Asia","Southeast Asia","Australia East","Australia Central","Australia Central
        2","Australia Southeast","Brazil South","Canada Central","Canada East","Switzerland
        North","Germany West Central","East US 2","East US","Central US","North Central
        US","France Central","UK South","UK West","Indonesia Central","Israel Central","Central
        India","West India","Jio India West","South India","Italy North","Japan East","Japan
        West","Korea Central","Korea South","Malaysia West","Mexico Central","North
        Europe","Norway East","New Zealand North","Poland Central","Qatar Central","Spain
        Central","Sweden Central","UAE North","West Central US","West Europe","West
        US 2","West US","West US 3","South Central US","South Africa North","Central
        US EUAP","Southeast US","East US 2 EUAP","Malaysia South","Taiwan North","Taiwan
        Northwest"],"apiVersions":["2022-02-01","2021-05-01","2021-03-01-preview","2019-06-01-preview"],"capabilities":"CrossResourceGroupResourceMove,
        CrossSubscriptionResourceMove, SupportsTags, SupportsLocation"},{"resourceType":"templateSpecs/versions","locations":["East
        Asia","Southeast Asia","Australia East","Australia Central","Australia Central
        2","Australia Southeast","Brazil South","Canada Central","Canada East","Switzerland
        North","Germany West Central","East US 2","East US","Central US","North Central
        US","France Central","UK South","UK West","Indonesia Central","Israel Central","Central
        India","West India","Jio India West","South India","Italy North","Japan East","Japan
        West","Korea Central","Korea South","Malaysia West","Mexico Central","North
        Europe","Norway East","New Zealand North","Poland Central","Qatar Central","Spain
        Central","Sweden Central","UAE North","West Central US","West Europe","West
        US 2","West US","West US 3","South Central US","South Africa North","Central
        US EUAP","Southeast US","East US 2 EUAP","Malaysia South","Taiwan North","Taiwan
        Northwest"],"apiVersions":["2022-02-01","2021-05-01","2021-03-01-preview","2019-06-01-preview"],"capabilities":"CrossResourceGroupResourceMove,
        CrossSubscriptionResourceMove, SupportsTags, SupportsLocation"},{"resourceType":"builtInTemplateSpecs","locations":[],"apiVersions":["2022-02-01"],"capabilities":"None"},{"resourceType":"builtInTemplateSpecs/versions","locations":[],"apiVersions":["2022-02-01"],"capabilities":"None"},{"resourceType":"deploymentStacks","locations":["East
        Asia","Southeast Asia","Australia East","Australia Central","Australia Central
        2","Australia Southeast","Brazil South","Canada Central","Canada East","Switzerland
        North","Germany West Central","East US 2","East US","Central US","North Central
        US","France Central","UK South","UK West","Indonesia Central","Israel Central","Central
        India","West India","Jio India West","South India","Italy North","Japan East","Japan
        West","Korea Central","Korea South","Malaysia West","Mexico Central","North
        Europe","Norway East","New Zealand North","Poland Central","Qatar Central","Spain
        Central","Sweden Central","UAE North","West Central US","West Europe","West
        US 2","West US","West US 3","South Central US","South Africa North","Central
        US EUAP","Southeast US","East US 2 EUAP","Malaysia South","Taiwan North","Taiwan
        Northwest"],"apiVersions":["2024-03-01","2022-08-01-preview"],"capabilities":"SupportsExtension"},{"resourceType":"locations/deploymentStackOperationResults","locations":["East
        Asia","Southeast Asia","Australia East","Australia Central","Australia Central
        2","Australia Southeast","Brazil South","Canada Central","Canada East","Switzerland
        North","Germany West Central","East US 2","East US","Central US","North Central
        US","France Central","UK South","UK West","Indonesia Central","Israel Central","Central
        India","West India","Jio India West","South India","Italy North","Japan East","Japan
        West","Korea Central","Korea South","Malaysia West","Mexico Central","North
        Europe","Norway East","New Zealand North","Poland Central","Qatar Central","Spain
        Central","Sweden Central","UAE North","West Central US","West Europe","West
        US 2","West US","West US 3","South Central US","South Africa North","Central
        US EUAP","Southeast US","East US 2 EUAP","Malaysia South","Taiwan North","Taiwan
        Northwest"],"apiVersions":["2024-03-01","2022-08-01-preview"],"capabilities":"None"},{"resourceType":"locations/deploymentStackOperationStatus","locations":["East
        Asia","Southeast Asia","Australia East","Australia Central","Australia Central
        2","Australia Southeast","Brazil South","Canada Central","Canada East","Switzerland
        North","Germany West Central","East US 2","East US","Central US","North Central
        US","France Central","UK South","UK West","Indonesia Central","Israel Central","Central
        India","West India","Jio India West","South India","Italy North","Japan East","Japan
        West","Korea Central","Korea South","Malaysia West","Mexico Central","North
        Europe","Norway East","New Zealand North","Poland Central","Qatar Central","Spain
        Central","Sweden Central","UAE North","West Central US","West Europe","West
        US 2","West US","West US 3","South Central US","South Africa North","Central
        US EUAP","Southeast US","East US 2 EUAP","Malaysia South","Taiwan North","Taiwan
        Northwest"],"apiVersions":["2024-03-01","2022-08-01-preview"],"capabilities":"None"}],"registrationState":"Registered","registrationPolicy":"RegistrationFree"}'
    headers:
      cache-control:
      - no-cache
      content-length:
      - '30314'
      content-type:
      - application/json; charset=utf-8
      date:
      - Mon, 23 Jun 2025 22:28:06 GMT
      expires:
      - '-1'
      pragma:
      - no-cache
      strict-transport-security:
      - max-age=31536000; includeSubDomains
      x-cache:
      - CONFIG_NOCACHE
      x-content-type-options:
      - nosniff
      x-ms-ratelimit-remaining-subscription-global-reads:
      - '16499'
      x-msedge-ref:
      - 'Ref A: E143206CFA754951A97853D4F3EAC7DC Ref B: BN1AA2051015021 Ref C: 2025-06-23T22:28:04Z'
    status:
      code: 200
      message: OK
- request:
    body: null
    headers:
      Accept:
      - application/json
      Accept-Encoding:
      - gzip, deflate
      CommandName:
      - deployment sub create
      Connection:
      - keep-alive
      ParameterSetName:
      - -n --location --template-spec --parameters --no-wait
      User-Agent:
      - AZURECLI/2.74.0 azsdk-python-core/1.31.0 Python/3.12.1 (Linux-6.8.0-1027-azure-x86_64-with-glibc2.31)
    method: GET
    uri: https://management.azure.com/subscriptions/00000000-0000-0000-0000-000000000000/resourceGroups/cli_test_template_specs_tenant_deploy000001/providers/Microsoft.Resources/templateSpecs/cli-test-sub-lvl-ts-deploy000002/versions/1.0?api-version=2022-02-01
  response:
    body:
      string: "{\r\n  \"location\": \"eastus\",\r\n  \"tags\": {},\r\n  \"properties\":
        {\r\n    \"mainTemplate\": {\r\n      \"$schema\": \"https://schema.management.azure.com/schemas/2015-01-01/deploymentTemplate.json#\",\r\n
        \     \"contentVersion\": \"1.0.0.0\",\r\n      \"parameters\": {\r\n        \"storageAccountName\":
        {\r\n          \"type\": \"string\",\r\n          \"defaultValue\": \"armbuilddemo1801\"\r\n
        \       },\r\n        \"nestedRGName\": {\r\n          \"type\": \"string\",\r\n
        \         \"defaultValue\": \"cli_test_subscription_level_deployment\"\r\n
        \       }\r\n      },\r\n      \"variables\": {},\r\n      \"resources\":
        [\r\n        {\r\n          \"type\": \"Microsoft.Authorization/policyDefinitions\",\r\n
        \         \"name\": \"policy2\",\r\n          \"apiVersion\": \"2016-12-01\",\r\n
        \         \"properties\": {\r\n            \"policyType\": \"Custom\",\r\n
        \           \"parameters\": {},\r\n            \"policyRule\": {\r\n              \"if\":
        {\r\n                \"field\": \"location\",\r\n                \"equals\":
        \"northeurope\"\r\n              },\r\n              \"then\": {\r\n                \"effect\":
        \"deny\"\r\n              }\r\n            }\r\n          }\r\n        },\r\n
        \       {\r\n          \"type\": \"Microsoft.Authorization/policyAssignments\",\r\n
        \         \"name\": \"location-lock\",\r\n          \"apiVersion\": \"2016-12-01\",\r\n
        \         \"dependsOn\": [\r\n            \"policy2\"\r\n          ],\r\n
        \         \"properties\": {\r\n            \"scope\": \"[subscription().id]\",\r\n
        \           \"policyDefinitionId\": \"[resourceId('Microsoft.Authorization/policyDefinitions',
        'policy2')]\"\r\n          }\r\n        },\r\n        {\r\n          \"type\":
        \"Microsoft.Resources/resourceGroups\",\r\n          \"name\": \"[parameters('nestedRGName')]\",\r\n
        \         \"apiVersion\": \"2018-05-01\",\r\n          \"location\": \"WestUS\",\r\n
        \         \"properties\": {}\r\n        },\r\n        {\r\n          \"type\":
        \"Microsoft.Resources/deployments\",\r\n          \"name\": \"rg-nested6\",\r\n
        \         \"apiVersion\": \"2017-05-10\",\r\n          \"resourceGroup\":
        \"[parameters('nestedRGName')]\",\r\n          \"dependsOn\": [\r\n            \"[parameters('nestedRGName')]\"\r\n
        \         ],\r\n          \"properties\": {\r\n            \"template\": {\r\n
        \             \"$schema\": \"https://schema.management.azure.com/schemas/2015-01-01/deploymentTemplate.json#\",\r\n
        \             \"contentVersion\": \"1.0.0.0\",\r\n              \"parameters\":
        {},\r\n              \"variables\": {},\r\n              \"resources\": [\r\n
        \               {\r\n                  \"type\": \"Microsoft.Storage/storageAccounts\",\r\n
        \                 \"name\": \"[parameters('storageAccountName')]\",\r\n                  \"apiVersion\":
        \"2015-06-15\",\r\n                  \"location\": \"East US\",\r\n                  \"properties\":
        {\r\n                    \"accountType\": \"Standard_LRS\",\r\n                    \"supportsHttpsTrafficOnly\":
        true\r\n                  }\r\n                }\r\n              ]\r\n            },\r\n
        \           \"mode\": \"Incremental\"\r\n          }\r\n        }\r\n      ]\r\n
        \   }\r\n  },\r\n  \"systemData\": {\r\n    \"createdBy\": \"test@example.com\",\r\n
        \   \"createdByType\": \"User\",\r\n    \"createdAt\": \"2025-06-23T22:27:21.9697482Z\",\r\n
        \   \"lastModifiedBy\": \"test@example.com\",\r\n    \"lastModifiedByType\":
        \"User\",\r\n    \"lastModifiedAt\": \"2025-06-23T22:27:21.9697482Z\"\r\n
        \ },\r\n  \"id\": \"/subscriptions/00000000-0000-0000-0000-000000000000/resourceGroups/cli_test_template_specs_tenant_deploy000001/providers/Microsoft.Resources/templateSpecs/cli-test-sub-lvl-ts-deploy000002/versions/1.0\",\r\n
        \ \"type\": \"Microsoft.Resources/templateSpecs/versions\",\r\n  \"name\":
        \"1.0\"\r\n}"
    headers:
      cache-control:
      - no-cache
      content-length:
      - '3385'
      content-type:
      - application/json; charset=utf-8
      date:
      - Mon, 23 Jun 2025 22:28:06 GMT
      expires:
      - '-1'
      pragma:
      - no-cache
      strict-transport-security:
      - max-age=31536000; includeSubDomains
      x-cache:
      - CONFIG_NOCACHE
      x-content-type-options:
      - nosniff
      x-ms-ratelimit-remaining-subscription-global-reads:
      - '16499'
      x-msedge-ref:
      - 'Ref A: F28DAD6F85BD4E12899AB3AD51BE32E5 Ref B: BN1AA2051013051 Ref C: 2025-06-23T22:28:06Z'
    status:
      code: 200
      message: OK
- request:
    body: '{"location": "WestUS", "properties": {"templateLink": {"id": "/subscriptions/00000000-0000-0000-0000-000000000000/resourceGroups/cli_test_template_specs_tenant_deploy000001/providers/Microsoft.Resources/templateSpecs/cli-test-sub-lvl-ts-deploy000002/versions/1.0"},
      "parameters": {"nestedRGName": {"value": "cli_test_subscription_level_deployment"}},
      "mode": "Incremental"}}'
    headers:
      Accept:
      - application/json
      Accept-Encoding:
      - gzip, deflate
      CommandName:
      - deployment sub create
      Connection:
      - keep-alive
      Content-Length:
      - '374'
      Content-Type:
      - application/json
      ParameterSetName:
      - -n --location --template-spec --parameters --no-wait
      User-Agent:
      - AZURECLI/2.74.0 azsdk-python-core/1.31.0 Python/3.12.1 (Linux-6.8.0-1027-azure-x86_64-with-glibc2.31)
    method: POST
    uri: https://management.azure.com/subscriptions/00000000-0000-0000-0000-000000000000/providers/Microsoft.Resources/deployments/mock-deployment/validate?api-version=2025-04-01
  response:
    body:
      string: '{"id":"/subscriptions/00000000-0000-0000-0000-000000000000/providers/Microsoft.Resources/deployments/azure-cli-subscription_level_deployment000004","name":"azure-cli-subscription_level_deployment000004","type":"Microsoft.Resources/deployments","location":"westus","properties":{"templateLink":{"id":"/subscriptions/00000000-0000-0000-0000-000000000000/resourceGroups/cli_test_template_specs_tenant_deploy000001/providers/Microsoft.Resources/templateSpecs/cli-test-sub-lvl-ts-deploy000002/versions/1.0","contentVersion":"1.0.0.0"},"templateHash":"1013067532690748919","parameters":{"storageAccountName":{"type":"String","value":"armbuilddemo1801"},"nestedRGName":{"type":"String","value":"cli_test_subscription_level_deployment"}},"mode":"Incremental","provisioningState":"Succeeded","timestamp":"2025-06-23T22:28:06.9293107Z","duration":"PT0S","correlationId":"aba74b33-cd8d-4b69-b9fc-c3ea09e585fd","providers":[{"namespace":"Microsoft.Authorization","resourceTypes":[{"resourceType":"policyDefinitions","locations":[null]},{"resourceType":"policyAssignments","locations":[null]}]},{"namespace":"Microsoft.Resources","resourceTypes":[{"resourceType":"resourceGroups","locations":["westus"]},{"resourceType":"deployments","locations":[null]}]}],"dependencies":[{"dependsOn":[{"id":"/subscriptions/00000000-0000-0000-0000-000000000000/providers/Microsoft.Authorization/policyDefinitions/policy2","resourceType":"Microsoft.Authorization/policyDefinitions","resourceName":"policy2"}],"id":"/subscriptions/00000000-0000-0000-0000-000000000000/providers/Microsoft.Authorization/policyAssignments/location-lock","resourceType":"Microsoft.Authorization/policyAssignments","resourceName":"location-lock"},{"dependsOn":[{"id":"/subscriptions/00000000-0000-0000-0000-000000000000/resourceGroups/cli_test_subscription_level_deployment","resourceType":"Microsoft.Resources/resourceGroups","resourceName":"cli_test_subscription_level_deployment"}],"id":"/subscriptions/00000000-0000-0000-0000-000000000000/resourceGroups/cli_test_subscription_level_deployment/providers/Microsoft.Resources/deployments/rg-nested6","resourceType":"Microsoft.Resources/deployments","resourceName":"rg-nested6"}],"validatedResources":[{"id":"/subscriptions/00000000-0000-0000-0000-000000000000/providers/Microsoft.Authorization/policyDefinitions/policy2"},{"id":"/subscriptions/00000000-0000-0000-0000-000000000000/providers/Microsoft.Authorization/policyAssignments/location-lock"},{"id":"/subscriptions/00000000-0000-0000-0000-000000000000/resourceGroups/cli_test_subscription_level_deployment"},{"id":"/subscriptions/00000000-0000-0000-0000-000000000000/resourceGroups/cli_test_subscription_level_deployment/providers/Microsoft.Resources/deployments/rg-nested6"},{"id":"/subscriptions/00000000-0000-0000-0000-000000000000/resourceGroups/cli_test_subscription_level_deployment/providers/Microsoft.Storage/storageAccounts/armbuilddemo1801"}]}}'
    headers:
      cache-control:
      - no-cache
      content-length:
      - '2910'
      content-type:
      - application/json; charset=utf-8
      date:
      - Mon, 23 Jun 2025 22:28:07 GMT
      expires:
      - '-1'
      pragma:
      - no-cache
      strict-transport-security:
      - max-age=31536000; includeSubDomains
      x-cache:
      - CONFIG_NOCACHE
      x-content-type-options:
      - nosniff
      x-ms-ratelimit-remaining-subscription-global-writes:
      - '11999'
      x-ms-ratelimit-remaining-subscription-writes:
      - '799'
      x-msedge-ref:
      - 'Ref A: 9EE84BAD707643C3A72062E3CE083E57 Ref B: BN1AA2051014011 Ref C: 2025-06-23T22:28:06Z'
    status:
      code: 200
      message: OK
- request:
    body: '{"location": "WestUS", "properties": {"templateLink": {"id": "/subscriptions/00000000-0000-0000-0000-000000000000/resourceGroups/cli_test_template_specs_tenant_deploy000001/providers/Microsoft.Resources/templateSpecs/cli-test-sub-lvl-ts-deploy000002/versions/1.0"},
      "parameters": {"nestedRGName": {"value": "cli_test_subscription_level_deployment"}},
      "mode": "Incremental"}}'
    headers:
      Accept:
      - application/json
      Accept-Encoding:
      - gzip, deflate
      CommandName:
      - deployment sub create
      Connection:
      - keep-alive
      Content-Length:
      - '374'
      Content-Type:
      - application/json
      ParameterSetName:
      - -n --location --template-spec --parameters --no-wait
      User-Agent:
      - AZURECLI/2.74.0 azsdk-python-core/1.31.0 Python/3.12.1 (Linux-6.8.0-1027-azure-x86_64-with-glibc2.31)
    method: PUT
    uri: https://management.azure.com/subscriptions/00000000-0000-0000-0000-000000000000/providers/Microsoft.Resources/deployments/mock-deployment?api-version=2025-04-01
  response:
    body:
      string: '{"id":"/subscriptions/00000000-0000-0000-0000-000000000000/providers/Microsoft.Resources/deployments/azure-cli-subscription_level_deployment000004","name":"azure-cli-subscription_level_deployment000004","type":"Microsoft.Resources/deployments","location":"westus","properties":{"templateLink":{"id":"/subscriptions/00000000-0000-0000-0000-000000000000/resourceGroups/cli_test_template_specs_tenant_deploy000001/providers/Microsoft.Resources/templateSpecs/cli-test-sub-lvl-ts-deploy000002/versions/1.0","contentVersion":"1.0.0.0"},"templateHash":"1013067532690748919","parameters":{"storageAccountName":{"type":"String","value":"armbuilddemo1801"},"nestedRGName":{"type":"String","value":"cli_test_subscription_level_deployment"}},"mode":"Incremental","provisioningState":"Accepted","timestamp":"2025-06-23T22:28:09.4838884Z","duration":"PT0.0004385S","correlationId":"a547b4e4-b114-4aa0-9a4d-4eeb25d257a8","providers":[{"namespace":"Microsoft.Authorization","resourceTypes":[{"resourceType":"policyDefinitions","locations":[null]},{"resourceType":"policyAssignments","locations":[null]}]},{"namespace":"Microsoft.Resources","resourceTypes":[{"resourceType":"resourceGroups","locations":["westus"]},{"resourceType":"deployments","locations":[null]}]}],"dependencies":[{"dependsOn":[{"id":"/subscriptions/00000000-0000-0000-0000-000000000000/providers/Microsoft.Authorization/policyDefinitions/policy2","resourceType":"Microsoft.Authorization/policyDefinitions","resourceName":"policy2"}],"id":"/subscriptions/00000000-0000-0000-0000-000000000000/providers/Microsoft.Authorization/policyAssignments/location-lock","resourceType":"Microsoft.Authorization/policyAssignments","resourceName":"location-lock"},{"dependsOn":[{"id":"/subscriptions/00000000-0000-0000-0000-000000000000/resourceGroups/cli_test_subscription_level_deployment","resourceType":"Microsoft.Resources/resourceGroups","resourceName":"cli_test_subscription_level_deployment"}],"id":"/subscriptions/00000000-0000-0000-0000-000000000000/resourceGroups/cli_test_subscription_level_deployment/providers/Microsoft.Resources/deployments/rg-nested6","resourceType":"Microsoft.Resources/deployments","resourceName":"rg-nested6"}]}}'
    headers:
      azure-asyncoperation:
      - https://management.azure.com/subscriptions/00000000-0000-0000-0000-000000000000/providers/Microsoft.Resources/deployments/azure-cli-subscription_level_deployment000004/operationStatuses/08584508891959893515?api-version=2025-04-01&t=638863144922807546&c=MIIHhzCCBm-gAwIBAgITHgbIFmDY79XLPJrDjgAABsgWYDANBgkqhkiG9w0BAQsFADBEMRMwEQYKCZImiZPyLGQBGRYDR0JMMRMwEQYKCZImiZPyLGQBGRYDQU1FMRgwFgYDVQQDEw9BTUUgSW5mcmEgQ0EgMDYwHhcNMjUwNDE3MDcxODAyWhcNMjUxMDE0MDcxODAyWjBAMT4wPAYDVQQDEzVhc3luY29wZXJhdGlvbnNpZ25pbmdjZXJ0aWZpY2F0ZS5tYW5hZ2VtZW50LmF6dXJlLmNvbTCCASIwDQYJKoZIhvcNAQEBBQADggEPADCCAQoCggEBAMmXL0h9ESvC4b92QYV7yPeOyC8nGJyORFUoUm7UdBjxDbKTdSt8SfTfQkW5HjszhiwurE_fjCMlYj9_ymGSwiuCaKmitW7pcXF-WPgkAU2dKPUrSPqJAyeDDvG5SbZOmYYKHttoh0ZCPxadX4ljJ_k6BiE0-a-tSIYI__abusYKDqLuE9uYszi2Ra_hhLOH8qi2TBg71Jc7Dasa4RRwHnwfYbhpKL0tyMrBwyvMUGO00Q_Lx0iRvtIyWhp0HLppX7M2gzHCkh37uEJaggrcqn2T1QHSLgt2AuneElzaS8_if-JVZWv8ZdwCW8Oa-9JXQCzDSFKFP-2yMm1KPtualuUCAwEAAaOCBHQwggRwMCcGCSsGAQQBgjcVCgQaMBgwCgYIKwYBBQUHAwEwCgYIKwYBBQUHAwIwPQYJKwYBBAGCNxUHBDAwLgYmKwYBBAGCNxUIhpDjDYTVtHiE8Ys-hZvdFs6dEoFghfmRS4WsmTQCAWQCAQcwggHLBggrBgEFBQcBAQSCAb0wggG5MGMGCCsGAQUFBzAChldodHRwOi8vY3JsLm1pY3Jvc29mdC5jb20vcGtpaW5mcmEvQ2VydHMvQkwyUEtJSU5UQ0EwMi5BTUUuR0JMX0FNRSUyMEluZnJhJTIwQ0ElMjAwNi5jcnQwUwYIKwYBBQUHMAKGR2h0dHA6Ly9jcmwxLmFtZS5nYmwvYWlhL0JMMlBLSUlOVENBMDIuQU1FLkdCTF9BTUUlMjBJbmZyYSUyMENBJTIwMDYuY3J0MFMGCCsGAQUFBzAChkdodHRwOi8vY3JsMi5hbWUuZ2JsL2FpYS9CTDJQS0lJTlRDQTAyLkFNRS5HQkxfQU1FJTIwSW5mcmElMjBDQSUyMDA2LmNydDBTBggrBgEFBQcwAoZHaHR0cDovL2NybDMuYW1lLmdibC9haWEvQkwyUEtJSU5UQ0EwMi5BTUUuR0JMX0FNRSUyMEluZnJhJTIwQ0ElMjAwNi5jcnQwUwYIKwYBBQUHMAKGR2h0dHA6Ly9jcmw0LmFtZS5nYmwvYWlhL0JMMlBLSUlOVENBMDIuQU1FLkdCTF9BTUUlMjBJbmZyYSUyMENBJTIwMDYuY3J0MB0GA1UdDgQWBBSJ3ygYgt4NuGG8mfdBelaS0ABH_DAOBgNVHQ8BAf8EBAMCBaAwggEmBgNVHR8EggEdMIIBGTCCARWgggERoIIBDYY_aHR0cDovL2NybC5taWNyb3NvZnQuY29tL3BraWluZnJhL0NSTC9BTUUlMjBJbmZyYSUyMENBJTIwMDYuY3JshjFodHRwOi8vY3JsMS5hbWUuZ2JsL2NybC9BTUUlMjBJbmZyYSUyMENBJTIwMDYuY3JshjFodHRwOi8vY3JsMi5hbWUuZ2JsL2NybC9BTUUlMjBJbmZyYSUyMENBJTIwMDYuY3JshjFodHRwOi8vY3JsMy5hbWUuZ2JsL2NybC9BTUUlMjBJbmZyYSUyMENBJTIwMDYuY3JshjFodHRwOi8vY3JsNC5hbWUuZ2JsL2NybC9BTUUlMjBJbmZyYSUyMENBJTIwMDYuY3JsMIGdBgNVHSAEgZUwgZIwDAYKKwYBBAGCN3sBATBmBgorBgEEAYI3ewICMFgwVgYIKwYBBQUHAgIwSh5IADMAMwBlADAAMQA5ADIAMQAtADQAZAA2ADQALQA0AGYAOABjAC0AYQAwADUANQAtADUAYgBkAGEAZgBmAGQANQBlADMAMwBkMAwGCisGAQQBgjd7AwIwDAYKKwYBBAGCN3sEAjAfBgNVHSMEGDAWgBTxRmjG8cPwKy19i2rhsvm-NfzRQTAdBgNVHSUEFjAUBggrBgEFBQcDAQYIKwYBBQUHAwIwDQYJKoZIhvcNAQELBQADggEBAI2X3AiLN4s7W-C4ho0tyyAJfaEptV5HLxJHbIHK4awoIyOC8pp8Ay2pGHpXZlTZAhmvEJBKPbB0dVv_cphT1EjWF5rgvvLTBfp9Roo8PqmTQxmvMefBGXnYPmtPgtKMi5nwH1Y4xayGTzvIjIz1ZwYW5_hkF8jKx3e9bGDWPlgyHm3bRRRSgD650gZ7x69myyaDo4tX8FNWbLk-7PYxKiDBeLyle73_kab63klBJc7ep-O2AIxEtxi2DhDGLlGADWVwyYhEhlcFAhxXcOjCETnpsvDfOiK7XD3hnEkdKsChwTT9Gp6wEmn6xu59Qm2DenO3AMiv6vEyP2-7F-bR5G4&s=eZk3sh03hiAkWikaVOy-CYJi9ZEVyyuRfK5Vq7sDKM5pOh6dZtruZieceTu6IGXbfRxp99encrRZ00gAhZaXfBZUatpRpgvlbxeftcmTqGb3VtcneXqkvUzdKyhkkEG2wlnSSS6UJ-5MHGE5xF_CwByVKIn1uw9AZgzxJNQgWfqaQtShuJ1krnJNsVZvnvbAZEk4lRKtjCq9Jx2OK57ozKqhGCEZ1V_q6EUHPqqUHwCU7nL18msjBtcQtGRf-s_AESNPAzA6mxQzbiOEqgJ02Q9i95nbfEOyL34lG72HulwdUvBzJPufr7NJiLi-Tuq7SlfwIAE-cc9xM7NrHe3LGQ&h=4B0zNg2cIDH8XrruSWG3peNpIb3QbegYWwE4AShEvJI
      cache-control:
      - no-cache
      content-length:
      - '2187'
      content-type:
      - application/json; charset=utf-8
      date:
      - Mon, 23 Jun 2025 22:28:11 GMT
      expires:
      - '-1'
      pragma:
      - no-cache
      strict-transport-security:
      - max-age=31536000; includeSubDomains
      x-cache:
      - CONFIG_NOCACHE
      x-content-type-options:
      - nosniff
      x-ms-deployment-engine-version:
      - 1.387.0
      x-ms-ratelimit-remaining-subscription-global-writes:
      - '11999'
      x-ms-ratelimit-remaining-subscription-writes:
      - '799'
      x-msedge-ref:
      - 'Ref A: 544DA827EB414066BB9C01A4257A5A8F Ref B: BN1AA2051013021 Ref C: 2025-06-23T22:28:08Z'
    status:
      code: 201
      message: Created
- request:
    body: null
    headers:
      Accept:
      - application/json
      Accept-Encoding:
      - gzip, deflate
      CommandName:
      - deployment sub cancel
      Connection:
      - keep-alive
      Content-Length:
      - '0'
      ParameterSetName:
      - -n
      User-Agent:
      - AZURECLI/2.74.0 azsdk-python-core/1.31.0 Python/3.12.1 (Linux-6.8.0-1027-azure-x86_64-with-glibc2.31)
    method: POST
    uri: https://management.azure.com/subscriptions/00000000-0000-0000-0000-000000000000/providers/Microsoft.Resources/deployments/mock-deployment/cancel?api-version=2025-04-01
  response:
    body:
      string: ''
    headers:
      cache-control:
      - no-cache
      date:
      - Mon, 23 Jun 2025 22:28:13 GMT
      expires:
      - '-1'
      pragma:
      - no-cache
      strict-transport-security:
      - max-age=31536000; includeSubDomains
      x-cache:
      - CONFIG_NOCACHE
      x-content-type-options:
      - nosniff
      x-ms-ratelimit-remaining-subscription-global-writes:
      - '11999'
      x-ms-ratelimit-remaining-subscription-writes:
      - '799'
      x-msedge-ref:
      - 'Ref A: 01FEB1F298704BBEA9BA688303045164 Ref B: BN1AA2051012009 Ref C: 2025-06-23T22:28:12Z'
    status:
      code: 204
      message: No Content
- request:
    body: null
    headers:
      Accept:
      - application/json
      Accept-Encoding:
      - gzip, deflate
      CommandName:
      - deployment sub show
      Connection:
      - keep-alive
      ParameterSetName:
      - -n
      User-Agent:
      - AZURECLI/2.74.0 azsdk-python-core/1.31.0 Python/3.12.1 (Linux-6.8.0-1027-azure-x86_64-with-glibc2.31)
    method: GET
    uri: https://management.azure.com/subscriptions/00000000-0000-0000-0000-000000000000/providers/Microsoft.Resources/deployments/mock-deployment?api-version=2025-04-01
  response:
    body:
      string: '{"id":"/subscriptions/00000000-0000-0000-0000-000000000000/providers/Microsoft.Resources/deployments/azure-cli-subscription_level_deployment000004","name":"azure-cli-subscription_level_deployment000004","type":"Microsoft.Resources/deployments","location":"westus","properties":{"templateLink":{"id":"/subscriptions/00000000-0000-0000-0000-000000000000/resourceGroups/cli_test_template_specs_tenant_deploy000001/providers/Microsoft.Resources/templateSpecs/cli-test-sub-lvl-ts-deploy000002/versions/1.0","contentVersion":"1.0.0.0"},"templateHash":"1013067532690748919","parameters":{"storageAccountName":{"type":"String","value":"armbuilddemo1801"},"nestedRGName":{"type":"String","value":"cli_test_subscription_level_deployment"}},"mode":"Incremental","provisioningState":"Canceled","timestamp":"2025-06-23T22:28:14.1714871Z","duration":"PT4.6875987S","correlationId":"a547b4e4-b114-4aa0-9a4d-4eeb25d257a8","providers":[{"namespace":"Microsoft.Authorization","resourceTypes":[{"resourceType":"policyDefinitions","locations":[null]},{"resourceType":"policyAssignments","locations":[null]}]},{"namespace":"Microsoft.Resources","resourceTypes":[{"resourceType":"resourceGroups","locations":["westus"]},{"resourceType":"deployments","locations":[null]}]}],"dependencies":[{"dependsOn":[{"id":"/subscriptions/00000000-0000-0000-0000-000000000000/providers/Microsoft.Authorization/policyDefinitions/policy2","resourceType":"Microsoft.Authorization/policyDefinitions","resourceName":"policy2"}],"id":"/subscriptions/00000000-0000-0000-0000-000000000000/providers/Microsoft.Authorization/policyAssignments/location-lock","resourceType":"Microsoft.Authorization/policyAssignments","resourceName":"location-lock"},{"dependsOn":[{"id":"/subscriptions/00000000-0000-0000-0000-000000000000/resourceGroups/cli_test_subscription_level_deployment","resourceType":"Microsoft.Resources/resourceGroups","resourceName":"cli_test_subscription_level_deployment"}],"id":"/subscriptions/00000000-0000-0000-0000-000000000000/resourceGroups/cli_test_subscription_level_deployment/providers/Microsoft.Resources/deployments/rg-nested6","resourceType":"Microsoft.Resources/deployments","resourceName":"rg-nested6"}],"error":{"code":"DeploymentCanceled","target":"/subscriptions/00000000-0000-0000-0000-000000000000/providers/Microsoft.Resources/deployments/azure-cli-subscription_level_deployment000004","message":"This
        deployment was canceled because a cancelation request was received at ''6/23/2025
        10:28:12 PM'' using correlation id ''2621a917-928d-449f-aadb-d4b78519089a''."}}}'
    headers:
      cache-control:
      - no-cache
      content-length:
      - '2548'
      content-type:
      - application/json; charset=utf-8
      date:
      - Mon, 23 Jun 2025 22:28:14 GMT
      expires:
      - '-1'
      pragma:
      - no-cache
      strict-transport-security:
      - max-age=31536000; includeSubDomains
      x-cache:
      - CONFIG_NOCACHE
      x-content-type-options:
      - nosniff
      x-ms-ratelimit-remaining-subscription-global-reads:
      - '16499'
      x-msedge-ref:
      - 'Ref A: 5322ACDE59574BA5B14A7931AD3346D6 Ref B: BN1AA2051015045 Ref C: 2025-06-23T22:28:14Z'
    status:
      code: 200
      message: OK
- request:
    body: null
    headers:
      Accept:
      - application/json
      Accept-Encoding:
      - gzip, deflate
      CommandName:
      - ts delete
      Connection:
      - keep-alive
      Content-Length:
      - '0'
      ParameterSetName:
      - --template-spec --yes
      User-Agent:
      - AZURECLI/2.74.0 azsdk-python-core/1.31.0 Python/3.12.1 (Linux-6.8.0-1027-azure-x86_64-with-glibc2.31)
    method: DELETE
    uri: https://management.azure.com/subscriptions/00000000-0000-0000-0000-000000000000/resourceGroups/cli_test_template_specs_tenant_deploy000001/providers/Microsoft.Resources/templateSpecs/cli-test-sub-lvl-ts-deploy000002?api-version=2022-02-01
  response:
    body:
      string: ''
    headers:
      cache-control:
      - no-cache
      content-length:
      - '0'
      date:
      - Mon, 23 Jun 2025 22:28:14 GMT
      expires:
      - '-1'
      pragma:
      - no-cache
      strict-transport-security:
      - max-age=31536000; includeSubDomains
      x-cache:
      - CONFIG_NOCACHE
      x-content-type-options:
      - nosniff
      x-ms-operation-identifier:
      - tenantId=72f988bf-86f1-41af-91ab-2d7cd011db47,objectId=83cb6ceb-42ff-4c0f-9239-2afb8f90086a/eastus/6dc916e3-71f7-4cee-a7e2-48fdf0d476d7
      x-ms-ratelimit-remaining-subscription-deletes:
      - '799'
      x-ms-ratelimit-remaining-subscription-global-deletes:
      - '11999'
      x-msedge-ref:
      - 'Ref A: 7B5C98D427DB42BFB31C039918B199F6 Ref B: BN1AA2051013027 Ref C: 2025-06-23T22:28:14Z'
    status:
      code: 200
      message: OK
version: 1
