interactions:
- request:
    body: null
    headers:
      Accept:
      - application/json
      Accept-Encoding:
      - gzip, deflate
      CommandName:
      - network vnet create
      Connection:
      - keep-alive
      ParameterSetName:
      - -n -g
      User-Agent:
      - AZURECLI/2.26.0 azsdk-python-azure-mgmt-resource/18.0.0 Python/3.8.3 (Windows-10-10.0.18362-SP0)
    method: GET
    uri: https://management.azure.com/subscriptions/00000000-0000-0000-0000-000000000000/resourcegroups/cli_test_lock_with_resource_id000001?api-version=2021-04-01
  response:
    body:
      string: '{"id":"/subscriptions/00000000-0000-0000-0000-000000000000/resourceGroups/cli_test_lock_with_resource_id000001","name":"cli_test_lock_with_resource_id000001","type":"Microsoft.Resources/resourceGroups","location":"westus","tags":{"product":"azurecli","cause":"automation","date":"2021-07-07T09:27:00Z"},"properties":{"provisioningState":"Succeeded"}}'
    headers:
      cache-control:
      - no-cache
      content-length:
      - '428'
      content-type:
      - application/json; charset=utf-8
      date:
      - Wed, 07 Jul 2021 09:27:05 GMT
      expires:
      - '-1'
      pragma:
      - no-cache
      strict-transport-security:
      - max-age=31536000; includeSubDomains
      vary:
      - Accept-Encoding
      x-content-type-options:
      - nosniff
    status:
      code: 200
      message: OK
- request:
    body: '{"location": "westus", "tags": {}, "properties": {"addressSpace": {"addressPrefixes":
      ["10.0.0.0/16"]}, "dhcpOptions": {}}}'
    headers:
      Accept:
      - application/json
      Accept-Encoding:
      - gzip, deflate
      CommandName:
      - network vnet create
      Connection:
      - keep-alive
      Content-Length:
      - '123'
      Content-Type:
      - application/json
      ParameterSetName:
      - -n -g
      User-Agent:
      - AZURECLI/2.26.0 azsdk-python-azure-mgmt-network/19.0.0 Python/3.8.3 (Windows-10-10.0.18362-SP0)
    method: PUT
    uri: https://management.azure.com/subscriptions/00000000-0000-0000-0000-000000000000/resourceGroups/cli_test_lock_with_resource_id000001/providers/Microsoft.Network/virtualNetworks/cli-lock-vnet000002?api-version=2021-02-01
  response:
    body:
      string: "{\r\n  \"name\": \"cli-lock-vnet000002\",\r\n  \"id\": \"/subscriptions/00000000-0000-0000-0000-000000000000/resourceGroups/cli_test_lock_with_resource_id000001/providers/Microsoft.Network/virtualNetworks/cli-lock-vnet000002\",\r\n
        \ \"etag\": \"W/\\\"fe23d1f5-d637-4384-adaf-e235776d259e\\\"\",\r\n  \"type\":
        \"Microsoft.Network/virtualNetworks\",\r\n  \"location\": \"westus\",\r\n
        \ \"tags\": {},\r\n  \"properties\": {\r\n    \"provisioningState\": \"Updating\",\r\n
        \   \"resourceGuid\": \"b112b53b-1480-40e2-9d9a-b8da52e5e4da\",\r\n    \"addressSpace\":
        {\r\n      \"addressPrefixes\": [\r\n        \"10.0.0.0/16\"\r\n      ]\r\n
        \   },\r\n    \"dhcpOptions\": {\r\n      \"dnsServers\": []\r\n    },\r\n
        \   \"subnets\": [],\r\n    \"virtualNetworkPeerings\": [],\r\n    \"enableDdosProtection\":
        false\r\n  }\r\n}"
    headers:
      azure-asyncnotification:
      - Enabled
      azure-asyncoperation:
      - https://management.azure.com/subscriptions/00000000-0000-0000-0000-000000000000/providers/Microsoft.Network/locations/westus/operations/66236154-26ee-48ac-ac73-4c7bd70cdae7?api-version=2021-02-01
      cache-control:
      - no-cache
      content-length:
      - '782'
      content-type:
      - application/json; charset=utf-8
      date:
      - Wed, 07 Jul 2021 09:27:13 GMT
      expires:
      - '-1'
      pragma:
      - no-cache
      server:
      - Microsoft-HTTPAPI/2.0
      - Microsoft-HTTPAPI/2.0
      strict-transport-security:
      - max-age=31536000; includeSubDomains
      x-content-type-options:
      - nosniff
      x-ms-arm-service-request-id:
      - 7a4471cd-0e75-4464-aad8-bd38cedfedbf
      x-ms-ratelimit-remaining-subscription-writes:
      - '1198'
    status:
      code: 201
      message: Created
- request:
    body: null
    headers:
      Accept:
      - '*/*'
      Accept-Encoding:
      - gzip, deflate
      CommandName:
      - network vnet create
      Connection:
      - keep-alive
      ParameterSetName:
      - -n -g
      User-Agent:
      - AZURECLI/2.26.0 azsdk-python-azure-mgmt-network/19.0.0 Python/3.8.3 (Windows-10-10.0.18362-SP0)
    method: GET
    uri: https://management.azure.com/subscriptions/00000000-0000-0000-0000-000000000000/providers/Microsoft.Network/locations/westus/operations/66236154-26ee-48ac-ac73-4c7bd70cdae7?api-version=2021-02-01
  response:
    body:
      string: "{\r\n  \"status\": \"Succeeded\"\r\n}"
    headers:
      cache-control:
      - no-cache
      content-length:
      - '29'
      content-type:
      - application/json; charset=utf-8
      date:
      - Wed, 07 Jul 2021 09:27:16 GMT
      expires:
      - '-1'
      pragma:
      - no-cache
      server:
      - Microsoft-HTTPAPI/2.0
      - Microsoft-HTTPAPI/2.0
      strict-transport-security:
      - max-age=31536000; includeSubDomains
      transfer-encoding:
      - chunked
      vary:
      - Accept-Encoding
      x-content-type-options:
      - nosniff
      x-ms-arm-service-request-id:
      - 9ac878bd-72cd-42cb-afd7-b08b57217e64
    status:
      code: 200
      message: OK
- request:
    body: null
    headers:
      Accept:
      - '*/*'
      Accept-Encoding:
      - gzip, deflate
      CommandName:
      - network vnet create
      Connection:
      - keep-alive
      ParameterSetName:
      - -n -g
      User-Agent:
      - AZURECLI/2.26.0 azsdk-python-azure-mgmt-network/19.0.0 Python/3.8.3 (Windows-10-10.0.18362-SP0)
    method: GET
    uri: https://management.azure.com/subscriptions/00000000-0000-0000-0000-000000000000/resourceGroups/cli_test_lock_with_resource_id000001/providers/Microsoft.Network/virtualNetworks/cli-lock-vnet000002?api-version=2021-02-01
  response:
    body:
      string: "{\r\n  \"name\": \"cli-lock-vnet000002\",\r\n  \"id\": \"/subscriptions/00000000-0000-0000-0000-000000000000/resourceGroups/cli_test_lock_with_resource_id000001/providers/Microsoft.Network/virtualNetworks/cli-lock-vnet000002\",\r\n
        \ \"etag\": \"W/\\\"7ed34cbb-002d-40c2-af73-08e9319122f8\\\"\",\r\n  \"type\":
        \"Microsoft.Network/virtualNetworks\",\r\n  \"location\": \"westus\",\r\n
        \ \"tags\": {},\r\n  \"properties\": {\r\n    \"provisioningState\": \"Succeeded\",\r\n
        \   \"resourceGuid\": \"b112b53b-1480-40e2-9d9a-b8da52e5e4da\",\r\n    \"addressSpace\":
        {\r\n      \"addressPrefixes\": [\r\n        \"10.0.0.0/16\"\r\n      ]\r\n
        \   },\r\n    \"dhcpOptions\": {\r\n      \"dnsServers\": []\r\n    },\r\n
        \   \"subnets\": [],\r\n    \"virtualNetworkPeerings\": [],\r\n    \"enableDdosProtection\":
        false\r\n  }\r\n}"
    headers:
      cache-control:
      - no-cache
      content-length:
      - '783'
      content-type:
      - application/json; charset=utf-8
      date:
      - Wed, 07 Jul 2021 09:27:16 GMT
      etag:
      - W/"7ed34cbb-002d-40c2-af73-08e9319122f8"
      expires:
      - '-1'
      pragma:
      - no-cache
      server:
      - Microsoft-HTTPAPI/2.0
      - Microsoft-HTTPAPI/2.0
      strict-transport-security:
      - max-age=31536000; includeSubDomains
      transfer-encoding:
      - chunked
      vary:
      - Accept-Encoding
      x-content-type-options:
      - nosniff
      x-ms-arm-service-request-id:
      - cdb32bc7-b969-46a7-a0cf-b03142b95893
    status:
      code: 200
      message: OK
- request:
    body: null
    headers:
      Accept:
      - application/json
      Accept-Encoding:
      - gzip, deflate
      CommandName:
      - network vnet subnet create
      Connection:
      - keep-alive
      ParameterSetName:
      - -n --address-prefix --vnet-name -g
      User-Agent:
      - AZURECLI/2.26.0 azsdk-python-azure-mgmt-network/19.0.0 Python/3.8.3 (Windows-10-10.0.18362-SP0)
    method: GET
    uri: https://management.azure.com/subscriptions/00000000-0000-0000-0000-000000000000/resourceGroups/cli_test_lock_with_resource_id000001/providers/Microsoft.Network/virtualNetworks/cli-lock-vnet000002?api-version=2021-02-01
  response:
    body:
      string: "{\r\n  \"name\": \"cli-lock-vnet000002\",\r\n  \"id\": \"/subscriptions/00000000-0000-0000-0000-000000000000/resourceGroups/cli_test_lock_with_resource_id000001/providers/Microsoft.Network/virtualNetworks/cli-lock-vnet000002\",\r\n
        \ \"etag\": \"W/\\\"7ed34cbb-002d-40c2-af73-08e9319122f8\\\"\",\r\n  \"type\":
        \"Microsoft.Network/virtualNetworks\",\r\n  \"location\": \"westus\",\r\n
        \ \"tags\": {},\r\n  \"properties\": {\r\n    \"provisioningState\": \"Succeeded\",\r\n
        \   \"resourceGuid\": \"b112b53b-1480-40e2-9d9a-b8da52e5e4da\",\r\n    \"addressSpace\":
        {\r\n      \"addressPrefixes\": [\r\n        \"10.0.0.0/16\"\r\n      ]\r\n
        \   },\r\n    \"dhcpOptions\": {\r\n      \"dnsServers\": []\r\n    },\r\n
        \   \"subnets\": [],\r\n    \"virtualNetworkPeerings\": [],\r\n    \"enableDdosProtection\":
        false\r\n  }\r\n}"
    headers:
      cache-control:
      - no-cache
      content-length:
      - '783'
      content-type:
      - application/json; charset=utf-8
      date:
      - Wed, 07 Jul 2021 09:27:17 GMT
      etag:
      - W/"7ed34cbb-002d-40c2-af73-08e9319122f8"
      expires:
      - '-1'
      pragma:
      - no-cache
      server:
      - Microsoft-HTTPAPI/2.0
      - Microsoft-HTTPAPI/2.0
      strict-transport-security:
      - max-age=31536000; includeSubDomains
      transfer-encoding:
      - chunked
      vary:
      - Accept-Encoding
      x-content-type-options:
      - nosniff
      x-ms-arm-service-request-id:
      - ab09efe4-61d3-42d7-92a0-750b78ae5905
    status:
      code: 200
      message: OK
- request:
    body: '{"id": "/subscriptions/00000000-0000-0000-0000-000000000000/resourceGroups/cli_test_lock_with_resource_id000001/providers/Microsoft.Network/virtualNetworks/cli-lock-vnet000002",
      "location": "westus", "tags": {}, "properties": {"addressSpace": {"addressPrefixes":
      ["10.0.0.0/16"]}, "dhcpOptions": {"dnsServers": []}, "subnets": [{"name": "cli-lock-subnet000003",
      "properties": {"addressPrefix": "10.0.0.0/16", "privateEndpointNetworkPolicies":
      "Enabled", "privateLinkServiceNetworkPolicies": "Enabled"}}], "virtualNetworkPeerings":
      [], "enableDdosProtection": false}}'
    headers:
      Accept:
      - application/json
      Accept-Encoding:
      - gzip, deflate
      CommandName:
      - network vnet subnet create
      Connection:
      - keep-alive
      Content-Length:
      - '625'
      Content-Type:
      - application/json
      ParameterSetName:
      - -n --address-prefix --vnet-name -g
      User-Agent:
      - AZURECLI/2.26.0 azsdk-python-azure-mgmt-network/19.0.0 Python/3.8.3 (Windows-10-10.0.18362-SP0)
    method: PUT
    uri: https://management.azure.com/subscriptions/00000000-0000-0000-0000-000000000000/resourceGroups/cli_test_lock_with_resource_id000001/providers/Microsoft.Network/virtualNetworks/cli-lock-vnet000002?api-version=2021-02-01
  response:
    body:
      string: "{\r\n  \"name\": \"cli-lock-vnet000002\",\r\n  \"id\": \"/subscriptions/00000000-0000-0000-0000-000000000000/resourceGroups/cli_test_lock_with_resource_id000001/providers/Microsoft.Network/virtualNetworks/cli-lock-vnet000002\",\r\n
        \ \"etag\": \"W/\\\"f63f44bb-9dd5-4ecf-abac-4362ba84fc62\\\"\",\r\n  \"type\":
        \"Microsoft.Network/virtualNetworks\",\r\n  \"location\": \"westus\",\r\n
        \ \"tags\": {},\r\n  \"properties\": {\r\n    \"provisioningState\": \"Updating\",\r\n
        \   \"resourceGuid\": \"b112b53b-1480-40e2-9d9a-b8da52e5e4da\",\r\n    \"addressSpace\":
        {\r\n      \"addressPrefixes\": [\r\n        \"10.0.0.0/16\"\r\n      ]\r\n
        \   },\r\n    \"dhcpOptions\": {\r\n      \"dnsServers\": []\r\n    },\r\n
        \   \"subnets\": [\r\n      {\r\n        \"name\": \"cli-lock-subnet000003\",\r\n
        \       \"id\": \"/subscriptions/00000000-0000-0000-0000-000000000000/resourceGroups/cli_test_lock_with_resource_id000001/providers/Microsoft.Network/virtualNetworks/cli-lock-vnet000002/subnets/cli-lock-subnet000003\",\r\n
        \       \"etag\": \"W/\\\"f63f44bb-9dd5-4ecf-abac-4362ba84fc62\\\"\",\r\n
        \       \"properties\": {\r\n          \"provisioningState\": \"Updating\",\r\n
        \         \"addressPrefix\": \"10.0.0.0/16\",\r\n          \"delegations\":
        [],\r\n          \"privateEndpointNetworkPolicies\": \"Enabled\",\r\n          \"privateLinkServiceNetworkPolicies\":
        \"Enabled\"\r\n        },\r\n        \"type\": \"Microsoft.Network/virtualNetworks/subnets\"\r\n
        \     }\r\n    ],\r\n    \"virtualNetworkPeerings\": [],\r\n    \"enableDdosProtection\":
        false\r\n  }\r\n}"
    headers:
      azure-asyncoperation:
      - https://management.azure.com/subscriptions/00000000-0000-0000-0000-000000000000/providers/Microsoft.Network/locations/westus/operations/520b412a-0edf-4b1a-95be-563765dc318b?api-version=2021-02-01
      cache-control:
      - no-cache
      content-length:
      - '1524'
      content-type:
      - application/json; charset=utf-8
      date:
      - Wed, 07 Jul 2021 09:27:18 GMT
      expires:
      - '-1'
      pragma:
      - no-cache
      server:
      - Microsoft-HTTPAPI/2.0
      - Microsoft-HTTPAPI/2.0
      strict-transport-security:
      - max-age=31536000; includeSubDomains
      transfer-encoding:
      - chunked
      vary:
      - Accept-Encoding
      x-content-type-options:
      - nosniff
      x-ms-arm-service-request-id:
      - 1a9293d8-e208-405c-bf96-f49ee0525b0a
      x-ms-ratelimit-remaining-subscription-writes:
      - '1197'
    status:
      code: 200
      message: OK
- request:
    body: null
    headers:
      Accept:
      - '*/*'
      Accept-Encoding:
      - gzip, deflate
      CommandName:
      - network vnet subnet create
      Connection:
      - keep-alive
      ParameterSetName:
      - -n --address-prefix --vnet-name -g
      User-Agent:
      - AZURECLI/2.26.0 azsdk-python-azure-mgmt-network/19.0.0 Python/3.8.3 (Windows-10-10.0.18362-SP0)
    method: GET
    uri: https://management.azure.com/subscriptions/00000000-0000-0000-0000-000000000000/providers/Microsoft.Network/locations/westus/operations/520b412a-0edf-4b1a-95be-563765dc318b?api-version=2021-02-01
  response:
    body:
      string: "{\r\n  \"status\": \"Succeeded\"\r\n}"
    headers:
      cache-control:
      - no-cache
      content-length:
      - '29'
      content-type:
      - application/json; charset=utf-8
      date:
      - Wed, 07 Jul 2021 09:27:21 GMT
      expires:
      - '-1'
      pragma:
      - no-cache
      server:
      - Microsoft-HTTPAPI/2.0
      - Microsoft-HTTPAPI/2.0
      strict-transport-security:
      - max-age=31536000; includeSubDomains
      transfer-encoding:
      - chunked
      vary:
      - Accept-Encoding
      x-content-type-options:
      - nosniff
      x-ms-arm-service-request-id:
      - 8f6663c7-279b-4d9a-89b2-a372939fc551
    status:
      code: 200
      message: OK
- request:
    body: null
    headers:
      Accept:
      - '*/*'
      Accept-Encoding:
      - gzip, deflate
      CommandName:
      - network vnet subnet create
      Connection:
      - keep-alive
      ParameterSetName:
      - -n --address-prefix --vnet-name -g
      User-Agent:
      - AZURECLI/2.26.0 azsdk-python-azure-mgmt-network/19.0.0 Python/3.8.3 (Windows-10-10.0.18362-SP0)
    method: GET
    uri: https://management.azure.com/subscriptions/00000000-0000-0000-0000-000000000000/resourceGroups/cli_test_lock_with_resource_id000001/providers/Microsoft.Network/virtualNetworks/cli-lock-vnet000002?api-version=2021-02-01
  response:
    body:
      string: "{\r\n  \"name\": \"cli-lock-vnet000002\",\r\n  \"id\": \"/subscriptions/00000000-0000-0000-0000-000000000000/resourceGroups/cli_test_lock_with_resource_id000001/providers/Microsoft.Network/virtualNetworks/cli-lock-vnet000002\",\r\n
        \ \"etag\": \"W/\\\"499bd87e-fccb-4c8e-b990-c0469b090268\\\"\",\r\n  \"type\":
        \"Microsoft.Network/virtualNetworks\",\r\n  \"location\": \"westus\",\r\n
        \ \"tags\": {},\r\n  \"properties\": {\r\n    \"provisioningState\": \"Succeeded\",\r\n
        \   \"resourceGuid\": \"b112b53b-1480-40e2-9d9a-b8da52e5e4da\",\r\n    \"addressSpace\":
        {\r\n      \"addressPrefixes\": [\r\n        \"10.0.0.0/16\"\r\n      ]\r\n
        \   },\r\n    \"dhcpOptions\": {\r\n      \"dnsServers\": []\r\n    },\r\n
        \   \"subnets\": [\r\n      {\r\n        \"name\": \"cli-lock-subnet000003\",\r\n
        \       \"id\": \"/subscriptions/00000000-0000-0000-0000-000000000000/resourceGroups/cli_test_lock_with_resource_id000001/providers/Microsoft.Network/virtualNetworks/cli-lock-vnet000002/subnets/cli-lock-subnet000003\",\r\n
        \       \"etag\": \"W/\\\"499bd87e-fccb-4c8e-b990-c0469b090268\\\"\",\r\n
        \       \"properties\": {\r\n          \"provisioningState\": \"Succeeded\",\r\n
        \         \"addressPrefix\": \"10.0.0.0/16\",\r\n          \"delegations\":
        [],\r\n          \"privateEndpointNetworkPolicies\": \"Enabled\",\r\n          \"privateLinkServiceNetworkPolicies\":
        \"Enabled\"\r\n        },\r\n        \"type\": \"Microsoft.Network/virtualNetworks/subnets\"\r\n
        \     }\r\n    ],\r\n    \"virtualNetworkPeerings\": [],\r\n    \"enableDdosProtection\":
        false\r\n  }\r\n}"
    headers:
      cache-control:
      - no-cache
      content-length:
      - '1526'
      content-type:
      - application/json; charset=utf-8
      date:
      - Wed, 07 Jul 2021 09:27:22 GMT
      etag:
      - W/"499bd87e-fccb-4c8e-b990-c0469b090268"
      expires:
      - '-1'
      pragma:
      - no-cache
      server:
      - Microsoft-HTTPAPI/2.0
      - Microsoft-HTTPAPI/2.0
      strict-transport-security:
      - max-age=31536000; includeSubDomains
      transfer-encoding:
      - chunked
      vary:
      - Accept-Encoding
      x-content-type-options:
      - nosniff
      x-ms-arm-service-request-id:
      - e82e699a-a9bf-46fc-b9bc-03ea7ef6c018
    status:
      code: 200
      message: OK
- request:
    body: '{"properties": {"level": "CanNotDelete"}}'
    headers:
      Accept:
      - application/json
      Accept-Encoding:
      - gzip, deflate
      CommandName:
      - resource lock create
      Connection:
      - keep-alive
      Content-Length:
      - '41'
      Content-Type:
      - application/json
      ParameterSetName:
      - -n --resource --lock-type
      User-Agent:
      - AZURECLI/2.26.0 azsdk-python-azure-mgmt-resource/18.0.0 Python/3.8.3 (Windows-10-10.0.18362-SP0)
    method: PUT
    uri: https://management.azure.com/subscriptions/00000000-0000-0000-0000-000000000000/resourcegroups/cli_test_lock_with_resource_id000001/providers/Microsoft.Network/virtualNetworks/cli-lock-vnet000002/providers/Microsoft.Authorization/locks/cli-test-lock000004?api-version=2016-09-01
  response:
    body:
      string: '{"properties":{"level":"CanNotDelete"},"id":"/subscriptions/00000000-0000-0000-0000-000000000000/resourcegroups/cli_test_lock_with_resource_id000001/providers/Microsoft.Network/virtualNetworks/cli-lock-vnet000002/providers/Microsoft.Authorization/locks/cli-test-lock000004","type":"Microsoft.Authorization/locks","name":"cli-test-lock000004"}'
    headers:
      cache-control:
      - no-cache
      content-length:
      - '454'
      content-type:
      - application/json; charset=utf-8
      date:
      - Wed, 07 Jul 2021 09:27:23 GMT
      expires:
      - '-1'
      pragma:
      - no-cache
      strict-transport-security:
      - max-age=31536000; includeSubDomains
      x-content-type-options:
      - nosniff
      x-ms-ratelimit-remaining-subscription-writes:
      - '1199'
    status:
      code: 201
      message: Created
- request:
    body: '{"properties": {"level": "CanNotDelete"}}'
    headers:
      Accept:
      - application/json
      Accept-Encoding:
      - gzip, deflate
      CommandName:
      - lock create
      Connection:
      - keep-alive
      Content-Length:
      - '41'
      Content-Type:
      - application/json
      ParameterSetName:
      - -n --resource --lock-type
      User-Agent:
      - AZURECLI/2.26.0 azsdk-python-azure-mgmt-resource/18.0.0 Python/3.8.3 (Windows-10-10.0.18362-SP0)
    method: PUT
    uri: https://management.azure.com/subscriptions/00000000-0000-0000-0000-000000000000/resourcegroups/cli_test_lock_with_resource_id000001/providers/Microsoft.Network/virtualNetworks/cli-lock-vnet000002/subnets/cli-lock-subnet000003/providers/Microsoft.Authorization/locks/cli-test-lock000005?api-version=2016-09-01
  response:
    body:
      string: '{"properties":{"level":"CanNotDelete"},"id":"/subscriptions/00000000-0000-0000-0000-000000000000/resourcegroups/cli_test_lock_with_resource_id000001/providers/Microsoft.Network/virtualNetworks/cli-lock-vnet000002/subnets/cli-lock-subnet000003/providers/Microsoft.Authorization/locks/cli-test-lock000005","type":"Microsoft.Authorization/locks","name":"cli-test-lock000005"}'
    headers:
      cache-control:
      - no-cache
      content-length:
      - '433'
      content-type:
      - application/json; charset=utf-8
      date:
      - Wed, 07 Jul 2021 09:27:23 GMT
      expires:
      - '-1'
      pragma:
      - no-cache
      strict-transport-security:
      - max-age=31536000; includeSubDomains
      x-content-type-options:
      - nosniff
      x-ms-ratelimit-remaining-subscription-writes:
      - '1198'
    status:
      code: 201
      message: Created
- request:
    body: null
    headers:
      Accept:
      - application/json
      Accept-Encoding:
      - gzip, deflate
      CommandName:
      - resource lock show
      Connection:
      - keep-alive
      ParameterSetName:
      - --name --resource
      User-Agent:
      - AZURECLI/2.26.0 azsdk-python-azure-mgmt-resource/18.0.0 Python/3.8.3 (Windows-10-10.0.18362-SP0)
    method: GET
    uri: https://management.azure.com/subscriptions/00000000-0000-0000-0000-000000000000/providers/Microsoft.Authorization/locks?api-version=2016-09-01
  response:
    body:
      string: '{"value":[{"properties":{"level":"CanNotDelete"},"id":"/subscriptions/00000000-0000-0000-0000-000000000000/resourceGroups/fytest2/providers/Microsoft.Compute/snapshots/s1/providers/Microsoft.Authorization/locks/l4","type":"Microsoft.Authorization/locks","name":"l4"},{"properties":{"level":"CanNotDelete"},"id":"/subscriptions/00000000-0000-0000-0000-000000000000/resourceGroups/FYTEST2/providers/Microsoft.Compute/disks/vm1_disk1_acf86aae49414fe8b70f669510e33728/providers/Microsoft.Authorization/locks/l","type":"Microsoft.Authorization/locks","name":"l"},{"properties":{"level":"CanNotDelete"},"id":"/subscriptions/00000000-0000-0000-0000-000000000000/resourceGroups/fytest2/providers/Microsoft.Compute/virtualMachines/vm1/providers/Microsoft.Authorization/locks/l","type":"Microsoft.Authorization/locks","name":"l"},{"properties":{"level":"CanNotDelete"},"id":"/subscriptions/00000000-0000-0000-0000-000000000000/resourceGroups/fytest2/providers/Microsoft.Compute/galleries/g1/providers/Microsoft.Authorization/locks/l2","type":"Microsoft.Authorization/locks","name":"l2"},{"properties":{"level":"CanNotDelete"},"id":"/subscriptions/00000000-0000-0000-0000-000000000000/resourceGroups/fytest2/providers/Microsoft.Compute/galleries/g1/images/image1/providers/Microsoft.Authorization/locks/l3","type":"Microsoft.Authorization/locks","name":"l3"},{"properties":{"level":"CanNotDelete"},"id":"/subscriptions/00000000-0000-0000-0000-000000000000/resourceGroups/fytest2/providers/Microsoft.Compute/galleries/g1/images/image1/versions/1.0.0/providers/Microsoft.Authorization/locks/l","type":"Microsoft.Authorization/locks","name":"l"},{"properties":{"level":"CanNotDelete"},"id":"/subscriptions/00000000-0000-0000-0000-000000000000/resourceGroups/acctestRG-ibt-24/providers/Microsoft.Authorization/locks/DoNotDelete","type":"Microsoft.Authorization/locks","name":"DoNotDelete"},{"properties":{"level":"CanNotDelete"},"id":"/subscriptions/00000000-0000-0000-0000-000000000000/resourcegroups/bez-rg/providers/Microsoft.Authorization/locks/del","type":"Microsoft.Authorization/locks","name":"del"},{"properties":{"level":"CanNotDelete"},"id":"/subscriptions/00000000-0000-0000-0000-000000000000/resourceGroups/cloud-shell-storage-southeastasia/providers/Microsoft.Storage/storageAccounts/cs1100320008debd5bc/providers/Microsoft.Authorization/locks/dl","type":"Microsoft.Authorization/locks","name":"dl"},{"properties":{"level":"CanNotDelete","notes":"Auto-created
        by Azure Backup for storage accounts registered with a Recovery Services Vault.
        This lock is intended to guard against deletion of backups due to accidental
        deletion of the storage account."},"id":"/subscriptions/00000000-0000-0000-0000-000000000000/resourcegroups/clitest.rgxp7uwuibs5/providers/microsoft.storage/storageAccounts/clitestzrwidkqplnw3jmz4z/providers/Microsoft.Authorization/locks/AzureBackupProtectionLock","type":"Microsoft.Authorization/locks","name":"AzureBackupProtectionLock"},{"properties":{"level":"CanNotDelete","notes":"Auto-created
        by Azure Backup for storage accounts registered with a Recovery Services Vault.
        This lock is intended to guard against deletion of backups due to accidental
        deletion of the storage account."},"id":"/subscriptions/00000000-0000-0000-0000-000000000000/resourcegroups/clitest.rgbo2ure7pgp/providers/microsoft.storage/storageAccounts/clitestsnv7joygpazk23npj/providers/Microsoft.Authorization/locks/AzureBackupProtectionLock","type":"Microsoft.Authorization/locks","name":"AzureBackupProtectionLock"},{"properties":{"level":"CanNotDelete"},"id":"/subscriptions/00000000-0000-0000-0000-000000000000/resourceGroups/ljin-test/providers/Microsoft.KeyVault/vaults/kv-ljin-sni/providers/Microsoft.Authorization/locks/reserved","type":"Microsoft.Authorization/locks","name":"reserved"},{"properties":{"level":"CanNotDelete"},"id":"/subscriptions/00000000-0000-0000-0000-000000000000/resourceGroups/fybot/providers/Microsoft.Authorization/locks/l","type":"Microsoft.Authorization/locks","name":"l"},{"properties":{"level":"CanNotDelete","notes":"for
        Asir"},"id":"/subscriptions/00000000-0000-0000-0000-000000000000/resourceGroups/emerald-city-bookstore/providers/Microsoft.Authorization/locks/No-DELETE","type":"Microsoft.Authorization/locks","name":"No-DELETE"},{"properties":{"level":"CanNotDelete","notes":"Nanxuan
        uses this for troubleshooting a high pri issue"},"id":"/subscriptions/00000000-0000-0000-0000-000000000000/resourceGroups/acctestRG-201105133030970486/providers/Microsoft.Authorization/locks/DoNotDelete","type":"Microsoft.Authorization/locks","name":"DoNotDelete"},{"properties":{"level":"CanNotDelete","notes":"Auto-created
        by Azure Backup for storage accounts registered with a Recovery Services Vault.
        This lock is intended to guard against deletion of backups due to accidental
        deletion of the storage account."},"id":"/subscriptions/00000000-0000-0000-0000-000000000000/resourcegroups/clitest.rgh5duq2f6uh/providers/microsoft.storage/storageAccounts/clitest2vjedutxs37ymp4ni/providers/Microsoft.Authorization/locks/AzureBackupProtectionLock","type":"Microsoft.Authorization/locks","name":"AzureBackupProtectionLock"},{"properties":{"level":"ReadOnly"},"id":"/subscriptions/00000000-0000-0000-0000-000000000000/resourcegroups/cli_test_readonly_resource_locklucgtzf5vgc65f5gjnxtn3kf4axeyzdcowlatqmvexq3/providers/Microsoft.Network/virtualNetworks/cli.lock.rsrctghseyfj2qky7arbn/providers/Microsoft.Authorization/locks/cli-test-lockxjl4qh7c7dmei6gakhxdn4dx5etj6bbsgikpxf635qwkbtxezall4ysvef37t","type":"Microsoft.Authorization/locks","name":"cli-test-lockxjl4qh7c7dmei6gakhxdn4dx5etj6bbsgikpxf635qwkbtxezall4ysvef37t"},{"properties":{"level":"CanNotDelete","notes":"Auto-created
        by Azure Backup for storage accounts registered with a Recovery Services Vault.
        This lock is intended to guard against deletion of backups due to accidental
        deletion of the storage account."},"id":"/subscriptions/00000000-0000-0000-0000-000000000000/resourcegroups/clitest.rg46ia57tmnz/providers/microsoft.storage/storageAccounts/clitestdlxtp24ycnjl3jui2/providers/Microsoft.Authorization/locks/AzureBackupProtectionLock","type":"Microsoft.Authorization/locks","name":"AzureBackupProtectionLock"},{"properties":{"level":"CanNotDelete"},"id":"/subscriptions/00000000-0000-0000-0000-000000000000/resourceGroups/IT_acctestRG-ibt-24_acctest-IBT-0710-2_4ebedb5a-e3b1-4675-aa4c-3c160fe70907/providers/Microsoft.Authorization/locks/DoNotDelete","type":"Microsoft.Authorization/locks","name":"DoNotDelete"},{"properties":{"level":"CanNotDelete","notes":"Auto-created
        by Azure Backup for storage accounts registered with a Recovery Services Vault.
        This lock is intended to guard against deletion of backups due to accidental
        deletion of the storage account."},"id":"/subscriptions/00000000-0000-0000-0000-000000000000/resourcegroups/clitest.rgn6glpfa25c/providers/microsoft.storage/storageAccounts/clitestgt3fjzabc7taya5zo/providers/Microsoft.Authorization/locks/AzureBackupProtectionLock","type":"Microsoft.Authorization/locks","name":"AzureBackupProtectionLock"},{"properties":{"level":"CanNotDelete","notes":"Auto-created
        by Azure Backup for storage accounts registered with a Recovery Services Vault.
        This lock is intended to guard against deletion of backups due to accidental
        deletion of the storage account."},"id":"/subscriptions/00000000-0000-0000-0000-000000000000/resourcegroups/clitest.rgiudkrkxpl4/providers/microsoft.storage/storageAccounts/clitestbiegaggvgwivkqyyi/providers/Microsoft.Authorization/locks/AzureBackupProtectionLock","type":"Microsoft.Authorization/locks","name":"AzureBackupProtectionLock"},{"properties":{"level":"CanNotDelete","notes":"Auto-created
        by Azure Backup for storage accounts registered with a Recovery Services Vault.
        This lock is intended to guard against deletion of backups due to accidental
        deletion of the storage account."},"id":"/subscriptions/00000000-0000-0000-0000-000000000000/resourcegroups/clitest.rgl6l3rg6atb/providers/microsoft.storage/storageAccounts/clitest4sjmiwke5nz3f67pu/providers/Microsoft.Authorization/locks/AzureBackupProtectionLock","type":"Microsoft.Authorization/locks","name":"AzureBackupProtectionLock"},{"properties":{"level":"CanNotDelete","notes":"Auto-created
        by Azure Backup for storage accounts registered with a Recovery Services Vault.
        This lock is intended to guard against deletion of backups due to accidental
        deletion of the storage account."},"id":"/subscriptions/00000000-0000-0000-0000-000000000000/resourcegroups/clitest.rgptzwacrnwa/providers/microsoft.storage/storageAccounts/clitestivtrt5tp624n63ast/providers/Microsoft.Authorization/locks/AzureBackupProtectionLock","type":"Microsoft.Authorization/locks","name":"AzureBackupProtectionLock"},{"properties":{"level":"CanNotDelete","notes":"Auto-created
        by Azure Backup for storage accounts registered with a Recovery Services Vault.
        This lock is intended to guard against deletion of backups due to accidental
        deletion of the storage account."},"id":"/subscriptions/00000000-0000-0000-0000-000000000000/resourcegroups/clitest.rgbbt37xr2le/providers/microsoft.storage/storageAccounts/clitest74vl6rwuxl5fbuklw/providers/Microsoft.Authorization/locks/AzureBackupProtectionLock","type":"Microsoft.Authorization/locks","name":"AzureBackupProtectionLock"},{"properties":{"level":"CanNotDelete","notes":"Auto-created
        by Azure Backup for storage accounts registered with a Recovery Services Vault.
        This lock is intended to guard against deletion of backups due to accidental
        deletion of the storage account."},"id":"/subscriptions/00000000-0000-0000-0000-000000000000/resourcegroups/clitest.rgbbt37xr2le/providers/microsoft.storage/storageAccounts/clitest5frikrzhxwryrkfel/providers/Microsoft.Authorization/locks/AzureBackupProtectionLock","type":"Microsoft.Authorization/locks","name":"AzureBackupProtectionLock"},{"properties":{"level":"CanNotDelete","notes":"Auto-created
        by Azure Backup for storage accounts registered with a Recovery Services Vault.
        This lock is intended to guard against deletion of backups due to accidental
        deletion of the storage account."},"id":"/subscriptions/00000000-0000-0000-0000-000000000000/resourcegroups/clitest.rgu7jwflzo6g/providers/microsoft.storage/storageAccounts/clitestwqzjytdeun46rphfd/providers/Microsoft.Authorization/locks/AzureBackupProtectionLock","type":"Microsoft.Authorization/locks","name":"AzureBackupProtectionLock"},{"properties":{"level":"CanNotDelete","notes":"Auto-created
        by Azure Backup for storage accounts registered with a Recovery Services Vault.
        This lock is intended to guard against deletion of backups due to accidental
        deletion of the storage account."},"id":"/subscriptions/00000000-0000-0000-0000-000000000000/resourcegroups/clitest.rggrglkh7zr7/providers/microsoft.storage/storageAccounts/clitest2f63bh43aix4wcnlh/providers/Microsoft.Authorization/locks/AzureBackupProtectionLock","type":"Microsoft.Authorization/locks","name":"AzureBackupProtectionLock"},{"properties":{"level":"CanNotDelete"},"id":"/subscriptions/00000000-0000-0000-0000-000000000000/resourcegroups/msyyc-test/providers/Microsoft.Storage/storageAccounts/storagemsyyc/providers/Microsoft.Authorization/locks/no-delete","type":"Microsoft.Authorization/locks","name":"no-delete"},{"properties":{"level":"CanNotDelete"},"id":"/subscriptions/00000000-0000-0000-0000-000000000000/resourceGroups/fyvm/providers/Microsoft.Authorization/locks/l1","type":"Microsoft.Authorization/locks","name":"l1"},{"properties":{"level":"CanNotDelete","notes":"Auto-created
        by Azure Backup for storage accounts registered with a Recovery Services Vault.
        This lock is intended to guard against deletion of backups due to accidental
        deletion of the storage account."},"id":"/subscriptions/00000000-0000-0000-0000-000000000000/resourcegroups/clitest.rgovptfsocfg/providers/microsoft.storage/storageAccounts/clitestz72bbbbv2cio2pmom/providers/Microsoft.Authorization/locks/AzureBackupProtectionLock","type":"Microsoft.Authorization/locks","name":"AzureBackupProtectionLock"},{"properties":{"level":"CanNotDelete"},"id":"/subscriptions/00000000-0000-0000-0000-000000000000/resourceGroups/portal2cli/providers/Microsoft.Web/sites/portal2cli/providers/Microsoft.Authorization/locks/lock","type":"Microsoft.Authorization/locks","name":"lock"},{"properties":{"level":"CanNotDelete"},"id":"/subscriptions/00000000-0000-0000-0000-000000000000/resourceGroups/portal2cli/providers/Microsoft.Web/sites/webp2c/providers/Microsoft.Authorization/locks/lock","type":"Microsoft.Authorization/locks","name":"lock"},{"properties":{"level":"CanNotDelete"},"id":"/subscriptions/00000000-0000-0000-0000-000000000000/resourceGroups/portal2cli/providers/Microsoft.Storage/storageAccounts/portal2clistorage/providers/Microsoft.Authorization/locks/lock","type":"Microsoft.Authorization/locks","name":"lock"},{"properties":{"level":"CanNotDelete"},"id":"/subscriptions/00000000-0000-0000-0000-000000000000/resourceGroups/FYTEST3/providers/Microsoft.Compute/disks/vm1_OsDisk_1_3eb858856d5643d0a15aca7514d2eecd/providers/Microsoft.Authorization/locks/l","type":"Microsoft.Authorization/locks","name":"l"},{"properties":{"level":"CanNotDelete"},"id":"/subscriptions/00000000-0000-0000-0000-000000000000/resourceGroups/fytest3/providers/Microsoft.Compute/images/image/providers/Microsoft.Authorization/locks/l","type":"Microsoft.Authorization/locks","name":"l"},{"properties":{"level":"CanNotDelete"},"id":"/subscriptions/00000000-0000-0000-0000-000000000000/resourcegroups/feng-cli-rg/providers/Microsoft.Storage/storageAccounts/fengtestsa/providers/Microsoft.Authorization/locks/salock","type":"Microsoft.Authorization/locks","name":"salock"},{"properties":{"level":"CanNotDelete","notes":"Auto-created
        by Azure Backup for storage accounts registered with a Recovery Services Vault.
        This lock is intended to guard against deletion of backups due to accidental
        deletion of the storage account."},"id":"/subscriptions/00000000-0000-0000-0000-000000000000/resourcegroups/clitest.rg6i4hl6iakg/providers/microsoft.storage/storageAccounts/clitestu3p7a7ib4n4y7gt4m/providers/Microsoft.Authorization/locks/AzureBackupProtectionLock","type":"Microsoft.Authorization/locks","name":"AzureBackupProtectionLock"},{"properties":{"level":"CanNotDelete","notes":"Auto-created
        by Azure Backup for storage accounts registered with a Recovery Services Vault.
        This lock is intended to guard against deletion of backups due to accidental
        deletion of the storage account."},"id":"/subscriptions/00000000-0000-0000-0000-000000000000/resourcegroups/clitest.rgzjznhcqaoh/providers/microsoft.storage/storageAccounts/clitestwznnmnfot33xjztmk/providers/Microsoft.Authorization/locks/AzureBackupProtectionLock","type":"Microsoft.Authorization/locks","name":"AzureBackupProtectionLock"},{"properties":{"level":"CanNotDelete"},"id":"/subscriptions/00000000-0000-0000-0000-000000000000/resourceGroups/cli_test_gallery_image_version_vhddqxkb6y7azmjc53fhkyr66se7po4i2ve5es2y46av/providers/Microsoft.Storage/storageAccounts/clitestuxrcexs7kgo3dqsiz/providers/Microsoft.Authorization/locks/l","type":"Microsoft.Authorization/locks","name":"l"},{"properties":{"level":"CanNotDelete","notes":""},"id":"/subscriptions/00000000-0000-0000-0000-000000000000/resourceGroups/new-experiences/providers/Microsoft.Authorization/locks/NO-DELETE","type":"Microsoft.Authorization/locks","name":"NO-DELETE"},{"properties":{"level":"CanNotDelete"},"id":"/subscriptions/00000000-0000-0000-0000-000000000000/resourceGroups/zuh/providers/Microsoft.Authorization/locks/delete","type":"Microsoft.Authorization/locks","name":"delete"},{"properties":{"level":"CanNotDelete"},"id":"/subscriptions/00000000-0000-0000-0000-000000000000/resourceGroups/jiasli-cli-dev/providers/Microsoft.Authorization/locks/dl","type":"Microsoft.Authorization/locks","name":"dl"},{"properties":{"level":"CanNotDelete","notes":"Auto-created
        by Azure Backup for storage accounts registered with a Recovery Services Vault.
        This lock is intended to guard against deletion of backups due to accidental
        deletion of the storage account."},"id":"/subscriptions/00000000-0000-0000-0000-000000000000/resourcegroups/clitest.rgp6ikwpcsq7/providers/microsoft.storage/storageAccounts/clitestggvkyebv5o55dhakj/providers/Microsoft.Authorization/locks/AzureBackupProtectionLock","type":"Microsoft.Authorization/locks","name":"AzureBackupProtectionLock"},{"properties":{"level":"CanNotDelete","notes":"Auto-created
        by Azure Backup for storage accounts registered with a Recovery Services Vault.
        This lock is intended to guard against deletion of backups due to accidental
        deletion of the storage account."},"id":"/subscriptions/00000000-0000-0000-0000-000000000000/resourcegroups/clitest.rgrc4sjsrzt4/providers/microsoft.storage/storageAccounts/clitest63b5vtkhuf7auho6z/providers/Microsoft.Authorization/locks/AzureBackupProtectionLock","type":"Microsoft.Authorization/locks","name":"AzureBackupProtectionLock"},{"properties":{"level":"CanNotDelete"},"id":"/subscriptions/00000000-0000-0000-0000-000000000000/resourceGroups/azure-cli-edge/providers/Microsoft.Authorization/locks/dl","type":"Microsoft.Authorization/locks","name":"dl"},{"properties":{"level":"CanNotDelete"},"id":"/subscriptions/00000000-0000-0000-0000-000000000000/resourceGroups/azure-cli-edge/providers/Microsoft.Storage/storageAccounts/azurecliedge/providers/Microsoft.Authorization/locks/azurecliedge-dl","type":"Microsoft.Authorization/locks","name":"azurecliedge-dl"},{"properties":{"level":"CanNotDelete"},"id":"/subscriptions/00000000-0000-0000-0000-000000000000/resourceGroups/fytest/providers/Microsoft.Storage/storageAccounts/sharedvmextension/providers/Microsoft.Authorization/locks/l1","type":"Microsoft.Authorization/locks","name":"l1"},{"properties":{"level":"CanNotDelete"},"id":"/subscriptions/00000000-0000-0000-0000-000000000000/resourceGroups/fytest/providers/Microsoft.Compute/images/img1/providers/Microsoft.Authorization/locks/l1","type":"Microsoft.Authorization/locks","name":"l1"},{"properties":{"level":"CanNotDelete"},"id":"/subscriptions/00000000-0000-0000-0000-000000000000/resourceGroups/fytest/providers/Microsoft.Compute/galleries/gallery1/images/image1/providers/Microsoft.Authorization/locks/l1","type":"Microsoft.Authorization/locks","name":"l1"},{"properties":{"level":"CanNotDelete","notes":"In
        case of deleting by incident"},"id":"/subscriptions/00000000-0000-0000-0000-000000000000/resourcegroups/azuresdktest_reserved/providers/Microsoft.Authorization/locks/LockReservedResources","type":"Microsoft.Authorization/locks","name":"LockReservedResources"},{"properties":{"level":"CanNotDelete","notes":"Auto-created
        by Azure Backup for storage accounts registered with a Recovery Services Vault.
        This lock is intended to guard against deletion of backups due to accidental
        deletion of the storage account."},"id":"/subscriptions/00000000-0000-0000-0000-000000000000/resourcegroups/clitest.rgv3m577d7ho/providers/microsoft.storage/storageAccounts/clitestej2fvhoj3zogyp5e7/providers/Microsoft.Authorization/locks/AzureBackupProtectionLock","type":"Microsoft.Authorization/locks","name":"AzureBackupProtectionLock"},{"properties":{"level":"CanNotDelete"},"id":"/subscriptions/00000000-0000-0000-0000-000000000000/resourceGroups/xz3-test/providers/Microsoft.Authorization/locks/NO-DELETE","type":"Microsoft.Authorization/locks","name":"NO-DELETE"},{"properties":{"level":"CanNotDelete"},"id":"/subscriptions/00000000-0000-0000-0000-000000000000/resourceGroups/cli-beta/providers/Microsoft.Authorization/locks/donotdelete","type":"Microsoft.Authorization/locks","name":"donotdelete"},{"properties":{"level":"CanNotDelete"},"id":"/subscriptions/00000000-0000-0000-0000-000000000000/resourcegroups/cli_test_lock_with_resource_id000001/providers/Microsoft.Network/virtualNetworks/cli-lock-vnet000002/providers/Microsoft.Authorization/locks/cli-test-lock000004","type":"Microsoft.Authorization/locks","name":"cli-test-lock000004"},{"properties":{"level":"CanNotDelete"},"id":"/subscriptions/00000000-0000-0000-0000-000000000000/resourcegroups/cli_test_lock_with_resource_id000001/providers/Microsoft.Network/virtualNetworks/cli-lock-vnet000002/subnets/cli-lock-subnet000003/providers/Microsoft.Authorization/locks/cli-test-lock000005","type":"Microsoft.Authorization/locks","name":"cli-test-lock000005"},{"properties":{"level":"CanNotDelete"},"id":"/subscriptions/00000000-0000-0000-0000-000000000000/resourceGroups/kairu-persist/providers/Microsoft.Authorization/locks/antidelete","type":"Microsoft.Authorization/locks","name":"antidelete"},{"properties":{"level":"CanNotDelete"},"id":"/subscriptions/00000000-0000-0000-0000-000000000000/resourcegroups/azps-test-group/providers/Microsoft.Authorization/locks/do-not-delete","type":"Microsoft.Authorization/locks","name":"do-not-delete"},{"properties":{"level":"CanNotDelete","notes":"Auto-created
        by Azure Backup for storage accounts registered with a Recovery Services Vault.
        This lock is intended to guard against deletion of backups due to accidental
        deletion of the storage account."},"id":"/subscriptions/00000000-0000-0000-0000-000000000000/resourcegroups/clitest.rgltfej7yr4u/providers/microsoft.storage/storageAccounts/clitestwvsg2uskf4i7vjfto/providers/Microsoft.Authorization/locks/AzureBackupProtectionLock","type":"Microsoft.Authorization/locks","name":"AzureBackupProtectionLock"},{"properties":{"level":"CanNotDelete"},"id":"/subscriptions/00000000-0000-0000-0000-000000000000/resourceGroups/qianwens/providers/Microsoft.Storage/storageAccounts/qianwendev/providers/Microsoft.Authorization/locks/donotedelete","type":"Microsoft.Authorization/locks","name":"donotedelete"},{"properties":{"level":"CanNotDelete"},"id":"/subscriptions/00000000-0000-0000-0000-000000000000/resourceGroups/clitestresult/providers/Microsoft.Authorization/locks/l","type":"Microsoft.Authorization/locks","name":"l"},{"properties":{"level":"CanNotDelete"},"id":"/subscriptions/00000000-0000-0000-0000-000000000000/resourceGroups/clitestresult/providers/Microsoft.Storage/storageAccounts/clitestresultstac/providers/Microsoft.Authorization/locks/l1","type":"Microsoft.Authorization/locks","name":"l1"},{"properties":{"level":"CanNotDelete"},"id":"/subscriptions/00000000-0000-0000-0000-000000000000/resourceGroups/clitestresult/providers/Microsoft.DBforMySQL/servers/clisqldbserver/providers/Microsoft.Authorization/locks/l1","type":"Microsoft.Authorization/locks","name":"l1"},{"properties":{"level":"CanNotDelete","notes":"for
        customer issue repro  (snowflake)"},"id":"/subscriptions/00000000-0000-0000-0000-000000000000/resourcegroups/storage-v2rt-repro/providers/Microsoft.Authorization/locks/DontDelete","type":"Microsoft.Authorization/locks","name":"DontDelete"},{"properties":{"level":"CanNotDelete","notes":"Auto-created
        by Azure Backup for storage accounts registered with a Recovery Services Vault.
        This lock is intended to guard against deletion of backups due to accidental
        deletion of the storage account."},"id":"/subscriptions/00000000-0000-0000-0000-000000000000/resourcegroups/clitest.rgdc25pvki6m/providers/microsoft.storage/storageAccounts/clitestkxu4ahsqaxv42cyyf/providers/Microsoft.Authorization/locks/AzureBackupProtectionLock","type":"Microsoft.Authorization/locks","name":"AzureBackupProtectionLock"},{"properties":{"level":"CanNotDelete","notes":"Auto-created
        by Azure Backup for storage accounts registered with a Recovery Services Vault.
        This lock is intended to guard against deletion of backups due to accidental
        deletion of the storage account."},"id":"/subscriptions/00000000-0000-0000-0000-000000000000/resourcegroups/clitest.rgekim5ct43n/providers/microsoft.storage/storageAccounts/clitest6jusqp4qvczw52pql/providers/Microsoft.Authorization/locks/AzureBackupProtectionLock","type":"Microsoft.Authorization/locks","name":"AzureBackupProtectionLock"},{"properties":{"level":"CanNotDelete"},"id":"/subscriptions/00000000-0000-0000-0000-000000000000/resourceGroups/jl-vm-ssh/providers/Microsoft.Authorization/locks/dl","type":"Microsoft.Authorization/locks","name":"dl"},{"properties":{"level":"CanNotDelete"},"id":"/subscriptions/00000000-0000-0000-0000-000000000000/resourcegroups/cli_test_cannotdelete_resource_lockbfuaftaa7m4m77urywe56rs3yfr4sr3ybmrsclix/providers/Microsoft.Network/virtualNetworks/cli.lock.rsrchikdj2r5lezlez4w6/providers/Microsoft.Authorization/locks/cli-test-locklxyko2yruqpd6z2mdw7bw43sff3nuyz2n5ygpm5opgtajrdjgyb7c7fau6kgw","type":"Microsoft.Authorization/locks","name":"cli-test-locklxyko2yruqpd6z2mdw7bw43sff3nuyz2n5ygpm5opgtajrdjgyb7c7fau6kgw"},{"properties":{"level":"CanNotDelete"},"id":"/subscriptions/00000000-0000-0000-0000-000000000000/resourceGroups/t-yakou2/providers/Microsoft.Web/sites/WebAppPortal2CLI20200827092707/providers/Microsoft.Authorization/locks/dont_delete_me","type":"Microsoft.Authorization/locks","name":"dont_delete_me"},{"properties":{"level":"CanNotDelete","notes":"Auto-created
        by Azure Backup for storage accounts registered with a Recovery Services Vault.
        This lock is intended to guard against deletion of backups due to accidental
        deletion of the storage account."},"id":"/subscriptions/00000000-0000-0000-0000-000000000000/resourcegroups/clitest.rgghkyqf7pb5/providers/microsoft.storage/storageAccounts/clitestpuea6vlqwxw6ihiws/providers/Microsoft.Authorization/locks/AzureBackupProtectionLock","type":"Microsoft.Authorization/locks","name":"AzureBackupProtectionLock"},{"properties":{"level":"CanNotDelete"},"id":"/subscriptions/00000000-0000-0000-0000-000000000000/resourceGroups/cli_test_gallery_image_version_vhddmban3xow2tgyly5j6xaruoliqaj443p3brq46idi/providers/Microsoft.Storage/storageAccounts/clitest4ydp57ynxl5tcjktl/providers/Microsoft.Authorization/locks/l1","type":"Microsoft.Authorization/locks","name":"l1"},{"properties":{"level":"CanNotDelete"},"id":"/subscriptions/00000000-0000-0000-0000-000000000000/resourceGroups/t-yueshi/providers/Microsoft.Authorization/locks/lock","type":"Microsoft.Authorization/locks","name":"lock"}]}'
    headers:
      cache-control:
      - no-cache
      content-length:
      - '26161'
      content-type:
      - application/json; charset=utf-8
      date:
      - Wed, 07 Jul 2021 09:27:24 GMT
      expires:
      - '-1'
      pragma:
      - no-cache
      strict-transport-security:
      - max-age=31536000; includeSubDomains
      transfer-encoding:
      - chunked
      vary:
      - Accept-Encoding,Accept-Encoding
      x-content-type-options:
      - nosniff
    status:
      code: 200
      message: OK
- request:
    body: null
    headers:
      Accept:
      - application/json
      Accept-Encoding:
      - gzip, deflate
      CommandName:
      - resource lock show
      Connection:
      - keep-alive
      ParameterSetName:
      - --name --resource
      User-Agent:
      - AZURECLI/2.26.0 azsdk-python-azure-mgmt-resource/18.0.0 Python/3.8.3 (Windows-10-10.0.18362-SP0)
    method: GET
    uri: https://management.azure.com/subscriptions/00000000-0000-0000-0000-000000000000/resourcegroups/cli_test_lock_with_resource_id000001/providers/Microsoft.Network/virtualNetworks/cli-lock-vnet000002/providers/Microsoft.Authorization/locks/cli-test-lock000004?api-version=2016-09-01
  response:
    body:
      string: '{"properties":{"level":"CanNotDelete"},"id":"/subscriptions/00000000-0000-0000-0000-000000000000/resourcegroups/cli_test_lock_with_resource_id000001/providers/Microsoft.Network/virtualNetworks/cli-lock-vnet000002/providers/Microsoft.Authorization/locks/cli-test-lock000004","type":"Microsoft.Authorization/locks","name":"cli-test-lock000004"}'
    headers:
      cache-control:
      - no-cache
      content-length:
      - '454'
      content-type:
      - application/json; charset=utf-8
      date:
      - Wed, 07 Jul 2021 09:27:24 GMT
      expires:
      - '-1'
      pragma:
      - no-cache
      strict-transport-security:
      - max-age=31536000; includeSubDomains
      transfer-encoding:
      - chunked
      vary:
      - Accept-Encoding,Accept-Encoding
      x-content-type-options:
      - nosniff
    status:
      code: 200
      message: OK
- request:
    body: null
    headers:
      Accept:
      - application/json
      Accept-Encoding:
      - gzip, deflate
      CommandName:
      - lock show
      Connection:
      - keep-alive
      ParameterSetName:
      - --name --resource
      User-Agent:
      - AZURECLI/2.26.0 azsdk-python-azure-mgmt-resource/18.0.0 Python/3.8.3 (Windows-10-10.0.18362-SP0)
    method: GET
    uri: https://management.azure.com/subscriptions/00000000-0000-0000-0000-000000000000/providers/Microsoft.Authorization/locks?api-version=2016-09-01
  response:
    body:
      string: '{"value":[{"properties":{"level":"CanNotDelete"},"id":"/subscriptions/00000000-0000-0000-0000-000000000000/resourceGroups/fytest2/providers/Microsoft.Compute/snapshots/s1/providers/Microsoft.Authorization/locks/l4","type":"Microsoft.Authorization/locks","name":"l4"},{"properties":{"level":"CanNotDelete"},"id":"/subscriptions/00000000-0000-0000-0000-000000000000/resourceGroups/FYTEST2/providers/Microsoft.Compute/disks/vm1_disk1_acf86aae49414fe8b70f669510e33728/providers/Microsoft.Authorization/locks/l","type":"Microsoft.Authorization/locks","name":"l"},{"properties":{"level":"CanNotDelete"},"id":"/subscriptions/00000000-0000-0000-0000-000000000000/resourceGroups/fytest2/providers/Microsoft.Compute/virtualMachines/vm1/providers/Microsoft.Authorization/locks/l","type":"Microsoft.Authorization/locks","name":"l"},{"properties":{"level":"CanNotDelete"},"id":"/subscriptions/00000000-0000-0000-0000-000000000000/resourceGroups/fytest2/providers/Microsoft.Compute/galleries/g1/providers/Microsoft.Authorization/locks/l2","type":"Microsoft.Authorization/locks","name":"l2"},{"properties":{"level":"CanNotDelete"},"id":"/subscriptions/00000000-0000-0000-0000-000000000000/resourceGroups/fytest2/providers/Microsoft.Compute/galleries/g1/images/image1/providers/Microsoft.Authorization/locks/l3","type":"Microsoft.Authorization/locks","name":"l3"},{"properties":{"level":"CanNotDelete"},"id":"/subscriptions/00000000-0000-0000-0000-000000000000/resourceGroups/fytest2/providers/Microsoft.Compute/galleries/g1/images/image1/versions/1.0.0/providers/Microsoft.Authorization/locks/l","type":"Microsoft.Authorization/locks","name":"l"},{"properties":{"level":"CanNotDelete"},"id":"/subscriptions/00000000-0000-0000-0000-000000000000/resourceGroups/acctestRG-ibt-24/providers/Microsoft.Authorization/locks/DoNotDelete","type":"Microsoft.Authorization/locks","name":"DoNotDelete"},{"properties":{"level":"CanNotDelete"},"id":"/subscriptions/00000000-0000-0000-0000-000000000000/resourcegroups/bez-rg/providers/Microsoft.Authorization/locks/del","type":"Microsoft.Authorization/locks","name":"del"},{"properties":{"level":"CanNotDelete"},"id":"/subscriptions/00000000-0000-0000-0000-000000000000/resourceGroups/cloud-shell-storage-southeastasia/providers/Microsoft.Storage/storageAccounts/cs1100320008debd5bc/providers/Microsoft.Authorization/locks/dl","type":"Microsoft.Authorization/locks","name":"dl"},{"properties":{"level":"CanNotDelete","notes":"Auto-created
        by Azure Backup for storage accounts registered with a Recovery Services Vault.
        This lock is intended to guard against deletion of backups due to accidental
        deletion of the storage account."},"id":"/subscriptions/00000000-0000-0000-0000-000000000000/resourcegroups/clitest.rgxp7uwuibs5/providers/microsoft.storage/storageAccounts/clitestzrwidkqplnw3jmz4z/providers/Microsoft.Authorization/locks/AzureBackupProtectionLock","type":"Microsoft.Authorization/locks","name":"AzureBackupProtectionLock"},{"properties":{"level":"CanNotDelete","notes":"Auto-created
        by Azure Backup for storage accounts registered with a Recovery Services Vault.
        This lock is intended to guard against deletion of backups due to accidental
        deletion of the storage account."},"id":"/subscriptions/00000000-0000-0000-0000-000000000000/resourcegroups/clitest.rgbo2ure7pgp/providers/microsoft.storage/storageAccounts/clitestsnv7joygpazk23npj/providers/Microsoft.Authorization/locks/AzureBackupProtectionLock","type":"Microsoft.Authorization/locks","name":"AzureBackupProtectionLock"},{"properties":{"level":"CanNotDelete"},"id":"/subscriptions/00000000-0000-0000-0000-000000000000/resourceGroups/ljin-test/providers/Microsoft.KeyVault/vaults/kv-ljin-sni/providers/Microsoft.Authorization/locks/reserved","type":"Microsoft.Authorization/locks","name":"reserved"},{"properties":{"level":"CanNotDelete"},"id":"/subscriptions/00000000-0000-0000-0000-000000000000/resourceGroups/fybot/providers/Microsoft.Authorization/locks/l","type":"Microsoft.Authorization/locks","name":"l"},{"properties":{"level":"CanNotDelete","notes":"for
        Asir"},"id":"/subscriptions/00000000-0000-0000-0000-000000000000/resourceGroups/emerald-city-bookstore/providers/Microsoft.Authorization/locks/No-DELETE","type":"Microsoft.Authorization/locks","name":"No-DELETE"},{"properties":{"level":"CanNotDelete","notes":"Nanxuan
        uses this for troubleshooting a high pri issue"},"id":"/subscriptions/00000000-0000-0000-0000-000000000000/resourceGroups/acctestRG-201105133030970486/providers/Microsoft.Authorization/locks/DoNotDelete","type":"Microsoft.Authorization/locks","name":"DoNotDelete"},{"properties":{"level":"CanNotDelete","notes":"Auto-created
        by Azure Backup for storage accounts registered with a Recovery Services Vault.
        This lock is intended to guard against deletion of backups due to accidental
        deletion of the storage account."},"id":"/subscriptions/00000000-0000-0000-0000-000000000000/resourcegroups/clitest.rgh5duq2f6uh/providers/microsoft.storage/storageAccounts/clitest2vjedutxs37ymp4ni/providers/Microsoft.Authorization/locks/AzureBackupProtectionLock","type":"Microsoft.Authorization/locks","name":"AzureBackupProtectionLock"},{"properties":{"level":"ReadOnly"},"id":"/subscriptions/00000000-0000-0000-0000-000000000000/resourcegroups/cli_test_readonly_resource_locklucgtzf5vgc65f5gjnxtn3kf4axeyzdcowlatqmvexq3/providers/Microsoft.Network/virtualNetworks/cli.lock.rsrctghseyfj2qky7arbn/providers/Microsoft.Authorization/locks/cli-test-lockxjl4qh7c7dmei6gakhxdn4dx5etj6bbsgikpxf635qwkbtxezall4ysvef37t","type":"Microsoft.Authorization/locks","name":"cli-test-lockxjl4qh7c7dmei6gakhxdn4dx5etj6bbsgikpxf635qwkbtxezall4ysvef37t"},{"properties":{"level":"CanNotDelete","notes":"Auto-created
        by Azure Backup for storage accounts registered with a Recovery Services Vault.
        This lock is intended to guard against deletion of backups due to accidental
        deletion of the storage account."},"id":"/subscriptions/00000000-0000-0000-0000-000000000000/resourcegroups/clitest.rg46ia57tmnz/providers/microsoft.storage/storageAccounts/clitestdlxtp24ycnjl3jui2/providers/Microsoft.Authorization/locks/AzureBackupProtectionLock","type":"Microsoft.Authorization/locks","name":"AzureBackupProtectionLock"},{"properties":{"level":"CanNotDelete"},"id":"/subscriptions/00000000-0000-0000-0000-000000000000/resourceGroups/IT_acctestRG-ibt-24_acctest-IBT-0710-2_4ebedb5a-e3b1-4675-aa4c-3c160fe70907/providers/Microsoft.Authorization/locks/DoNotDelete","type":"Microsoft.Authorization/locks","name":"DoNotDelete"},{"properties":{"level":"CanNotDelete","notes":"Auto-created
        by Azure Backup for storage accounts registered with a Recovery Services Vault.
        This lock is intended to guard against deletion of backups due to accidental
        deletion of the storage account."},"id":"/subscriptions/00000000-0000-0000-0000-000000000000/resourcegroups/clitest.rgn6glpfa25c/providers/microsoft.storage/storageAccounts/clitestgt3fjzabc7taya5zo/providers/Microsoft.Authorization/locks/AzureBackupProtectionLock","type":"Microsoft.Authorization/locks","name":"AzureBackupProtectionLock"},{"properties":{"level":"CanNotDelete","notes":"Auto-created
        by Azure Backup for storage accounts registered with a Recovery Services Vault.
        This lock is intended to guard against deletion of backups due to accidental
        deletion of the storage account."},"id":"/subscriptions/00000000-0000-0000-0000-000000000000/resourcegroups/clitest.rgiudkrkxpl4/providers/microsoft.storage/storageAccounts/clitestbiegaggvgwivkqyyi/providers/Microsoft.Authorization/locks/AzureBackupProtectionLock","type":"Microsoft.Authorization/locks","name":"AzureBackupProtectionLock"},{"properties":{"level":"CanNotDelete","notes":"Auto-created
        by Azure Backup for storage accounts registered with a Recovery Services Vault.
        This lock is intended to guard against deletion of backups due to accidental
        deletion of the storage account."},"id":"/subscriptions/00000000-0000-0000-0000-000000000000/resourcegroups/clitest.rgl6l3rg6atb/providers/microsoft.storage/storageAccounts/clitest4sjmiwke5nz3f67pu/providers/Microsoft.Authorization/locks/AzureBackupProtectionLock","type":"Microsoft.Authorization/locks","name":"AzureBackupProtectionLock"},{"properties":{"level":"CanNotDelete","notes":"Auto-created
        by Azure Backup for storage accounts registered with a Recovery Services Vault.
        This lock is intended to guard against deletion of backups due to accidental
        deletion of the storage account."},"id":"/subscriptions/00000000-0000-0000-0000-000000000000/resourcegroups/clitest.rgptzwacrnwa/providers/microsoft.storage/storageAccounts/clitestivtrt5tp624n63ast/providers/Microsoft.Authorization/locks/AzureBackupProtectionLock","type":"Microsoft.Authorization/locks","name":"AzureBackupProtectionLock"},{"properties":{"level":"CanNotDelete","notes":"Auto-created
        by Azure Backup for storage accounts registered with a Recovery Services Vault.
        This lock is intended to guard against deletion of backups due to accidental
        deletion of the storage account."},"id":"/subscriptions/00000000-0000-0000-0000-000000000000/resourcegroups/clitest.rgbbt37xr2le/providers/microsoft.storage/storageAccounts/clitest74vl6rwuxl5fbuklw/providers/Microsoft.Authorization/locks/AzureBackupProtectionLock","type":"Microsoft.Authorization/locks","name":"AzureBackupProtectionLock"},{"properties":{"level":"CanNotDelete","notes":"Auto-created
        by Azure Backup for storage accounts registered with a Recovery Services Vault.
        This lock is intended to guard against deletion of backups due to accidental
        deletion of the storage account."},"id":"/subscriptions/00000000-0000-0000-0000-000000000000/resourcegroups/clitest.rgbbt37xr2le/providers/microsoft.storage/storageAccounts/clitest5frikrzhxwryrkfel/providers/Microsoft.Authorization/locks/AzureBackupProtectionLock","type":"Microsoft.Authorization/locks","name":"AzureBackupProtectionLock"},{"properties":{"level":"CanNotDelete","notes":"Auto-created
        by Azure Backup for storage accounts registered with a Recovery Services Vault.
        This lock is intended to guard against deletion of backups due to accidental
        deletion of the storage account."},"id":"/subscriptions/00000000-0000-0000-0000-000000000000/resourcegroups/clitest.rgu7jwflzo6g/providers/microsoft.storage/storageAccounts/clitestwqzjytdeun46rphfd/providers/Microsoft.Authorization/locks/AzureBackupProtectionLock","type":"Microsoft.Authorization/locks","name":"AzureBackupProtectionLock"},{"properties":{"level":"CanNotDelete","notes":"Auto-created
        by Azure Backup for storage accounts registered with a Recovery Services Vault.
        This lock is intended to guard against deletion of backups due to accidental
        deletion of the storage account."},"id":"/subscriptions/00000000-0000-0000-0000-000000000000/resourcegroups/clitest.rggrglkh7zr7/providers/microsoft.storage/storageAccounts/clitest2f63bh43aix4wcnlh/providers/Microsoft.Authorization/locks/AzureBackupProtectionLock","type":"Microsoft.Authorization/locks","name":"AzureBackupProtectionLock"},{"properties":{"level":"CanNotDelete"},"id":"/subscriptions/00000000-0000-0000-0000-000000000000/resourcegroups/msyyc-test/providers/Microsoft.Storage/storageAccounts/storagemsyyc/providers/Microsoft.Authorization/locks/no-delete","type":"Microsoft.Authorization/locks","name":"no-delete"},{"properties":{"level":"CanNotDelete"},"id":"/subscriptions/00000000-0000-0000-0000-000000000000/resourceGroups/fyvm/providers/Microsoft.Authorization/locks/l1","type":"Microsoft.Authorization/locks","name":"l1"},{"properties":{"level":"CanNotDelete","notes":"Auto-created
        by Azure Backup for storage accounts registered with a Recovery Services Vault.
        This lock is intended to guard against deletion of backups due to accidental
        deletion of the storage account."},"id":"/subscriptions/00000000-0000-0000-0000-000000000000/resourcegroups/clitest.rgovptfsocfg/providers/microsoft.storage/storageAccounts/clitestz72bbbbv2cio2pmom/providers/Microsoft.Authorization/locks/AzureBackupProtectionLock","type":"Microsoft.Authorization/locks","name":"AzureBackupProtectionLock"},{"properties":{"level":"CanNotDelete"},"id":"/subscriptions/00000000-0000-0000-0000-000000000000/resourceGroups/portal2cli/providers/Microsoft.Web/sites/portal2cli/providers/Microsoft.Authorization/locks/lock","type":"Microsoft.Authorization/locks","name":"lock"},{"properties":{"level":"CanNotDelete"},"id":"/subscriptions/00000000-0000-0000-0000-000000000000/resourceGroups/portal2cli/providers/Microsoft.Web/sites/webp2c/providers/Microsoft.Authorization/locks/lock","type":"Microsoft.Authorization/locks","name":"lock"},{"properties":{"level":"CanNotDelete"},"id":"/subscriptions/00000000-0000-0000-0000-000000000000/resourceGroups/portal2cli/providers/Microsoft.Storage/storageAccounts/portal2clistorage/providers/Microsoft.Authorization/locks/lock","type":"Microsoft.Authorization/locks","name":"lock"},{"properties":{"level":"CanNotDelete"},"id":"/subscriptions/00000000-0000-0000-0000-000000000000/resourceGroups/FYTEST3/providers/Microsoft.Compute/disks/vm1_OsDisk_1_3eb858856d5643d0a15aca7514d2eecd/providers/Microsoft.Authorization/locks/l","type":"Microsoft.Authorization/locks","name":"l"},{"properties":{"level":"CanNotDelete"},"id":"/subscriptions/00000000-0000-0000-0000-000000000000/resourceGroups/fytest3/providers/Microsoft.Compute/images/image/providers/Microsoft.Authorization/locks/l","type":"Microsoft.Authorization/locks","name":"l"},{"properties":{"level":"CanNotDelete"},"id":"/subscriptions/00000000-0000-0000-0000-000000000000/resourcegroups/feng-cli-rg/providers/Microsoft.Storage/storageAccounts/fengtestsa/providers/Microsoft.Authorization/locks/salock","type":"Microsoft.Authorization/locks","name":"salock"},{"properties":{"level":"CanNotDelete","notes":"Auto-created
        by Azure Backup for storage accounts registered with a Recovery Services Vault.
        This lock is intended to guard against deletion of backups due to accidental
        deletion of the storage account."},"id":"/subscriptions/00000000-0000-0000-0000-000000000000/resourcegroups/clitest.rg6i4hl6iakg/providers/microsoft.storage/storageAccounts/clitestu3p7a7ib4n4y7gt4m/providers/Microsoft.Authorization/locks/AzureBackupProtectionLock","type":"Microsoft.Authorization/locks","name":"AzureBackupProtectionLock"},{"properties":{"level":"CanNotDelete","notes":"Auto-created
        by Azure Backup for storage accounts registered with a Recovery Services Vault.
        This lock is intended to guard against deletion of backups due to accidental
        deletion of the storage account."},"id":"/subscriptions/00000000-0000-0000-0000-000000000000/resourcegroups/clitest.rgzjznhcqaoh/providers/microsoft.storage/storageAccounts/clitestwznnmnfot33xjztmk/providers/Microsoft.Authorization/locks/AzureBackupProtectionLock","type":"Microsoft.Authorization/locks","name":"AzureBackupProtectionLock"},{"properties":{"level":"CanNotDelete"},"id":"/subscriptions/00000000-0000-0000-0000-000000000000/resourceGroups/cli_test_gallery_image_version_vhddqxkb6y7azmjc53fhkyr66se7po4i2ve5es2y46av/providers/Microsoft.Storage/storageAccounts/clitestuxrcexs7kgo3dqsiz/providers/Microsoft.Authorization/locks/l","type":"Microsoft.Authorization/locks","name":"l"},{"properties":{"level":"CanNotDelete","notes":""},"id":"/subscriptions/00000000-0000-0000-0000-000000000000/resourceGroups/new-experiences/providers/Microsoft.Authorization/locks/NO-DELETE","type":"Microsoft.Authorization/locks","name":"NO-DELETE"},{"properties":{"level":"CanNotDelete"},"id":"/subscriptions/00000000-0000-0000-0000-000000000000/resourceGroups/zuh/providers/Microsoft.Authorization/locks/delete","type":"Microsoft.Authorization/locks","name":"delete"},{"properties":{"level":"CanNotDelete"},"id":"/subscriptions/00000000-0000-0000-0000-000000000000/resourceGroups/jiasli-cli-dev/providers/Microsoft.Authorization/locks/dl","type":"Microsoft.Authorization/locks","name":"dl"},{"properties":{"level":"CanNotDelete","notes":"Auto-created
        by Azure Backup for storage accounts registered with a Recovery Services Vault.
        This lock is intended to guard against deletion of backups due to accidental
        deletion of the storage account."},"id":"/subscriptions/00000000-0000-0000-0000-000000000000/resourcegroups/clitest.rgp6ikwpcsq7/providers/microsoft.storage/storageAccounts/clitestggvkyebv5o55dhakj/providers/Microsoft.Authorization/locks/AzureBackupProtectionLock","type":"Microsoft.Authorization/locks","name":"AzureBackupProtectionLock"},{"properties":{"level":"CanNotDelete","notes":"Auto-created
        by Azure Backup for storage accounts registered with a Recovery Services Vault.
        This lock is intended to guard against deletion of backups due to accidental
        deletion of the storage account."},"id":"/subscriptions/00000000-0000-0000-0000-000000000000/resourcegroups/clitest.rgrc4sjsrzt4/providers/microsoft.storage/storageAccounts/clitest63b5vtkhuf7auho6z/providers/Microsoft.Authorization/locks/AzureBackupProtectionLock","type":"Microsoft.Authorization/locks","name":"AzureBackupProtectionLock"},{"properties":{"level":"CanNotDelete"},"id":"/subscriptions/00000000-0000-0000-0000-000000000000/resourceGroups/azure-cli-edge/providers/Microsoft.Authorization/locks/dl","type":"Microsoft.Authorization/locks","name":"dl"},{"properties":{"level":"CanNotDelete"},"id":"/subscriptions/00000000-0000-0000-0000-000000000000/resourceGroups/azure-cli-edge/providers/Microsoft.Storage/storageAccounts/azurecliedge/providers/Microsoft.Authorization/locks/azurecliedge-dl","type":"Microsoft.Authorization/locks","name":"azurecliedge-dl"},{"properties":{"level":"CanNotDelete"},"id":"/subscriptions/00000000-0000-0000-0000-000000000000/resourceGroups/fytest/providers/Microsoft.Storage/storageAccounts/sharedvmextension/providers/Microsoft.Authorization/locks/l1","type":"Microsoft.Authorization/locks","name":"l1"},{"properties":{"level":"CanNotDelete"},"id":"/subscriptions/00000000-0000-0000-0000-000000000000/resourceGroups/fytest/providers/Microsoft.Compute/images/img1/providers/Microsoft.Authorization/locks/l1","type":"Microsoft.Authorization/locks","name":"l1"},{"properties":{"level":"CanNotDelete"},"id":"/subscriptions/00000000-0000-0000-0000-000000000000/resourceGroups/fytest/providers/Microsoft.Compute/galleries/gallery1/images/image1/providers/Microsoft.Authorization/locks/l1","type":"Microsoft.Authorization/locks","name":"l1"},{"properties":{"level":"CanNotDelete","notes":"In
        case of deleting by incident"},"id":"/subscriptions/00000000-0000-0000-0000-000000000000/resourcegroups/azuresdktest_reserved/providers/Microsoft.Authorization/locks/LockReservedResources","type":"Microsoft.Authorization/locks","name":"LockReservedResources"},{"properties":{"level":"CanNotDelete","notes":"Auto-created
        by Azure Backup for storage accounts registered with a Recovery Services Vault.
        This lock is intended to guard against deletion of backups due to accidental
        deletion of the storage account."},"id":"/subscriptions/00000000-0000-0000-0000-000000000000/resourcegroups/clitest.rgv3m577d7ho/providers/microsoft.storage/storageAccounts/clitestej2fvhoj3zogyp5e7/providers/Microsoft.Authorization/locks/AzureBackupProtectionLock","type":"Microsoft.Authorization/locks","name":"AzureBackupProtectionLock"},{"properties":{"level":"CanNotDelete"},"id":"/subscriptions/00000000-0000-0000-0000-000000000000/resourceGroups/xz3-test/providers/Microsoft.Authorization/locks/NO-DELETE","type":"Microsoft.Authorization/locks","name":"NO-DELETE"},{"properties":{"level":"CanNotDelete"},"id":"/subscriptions/00000000-0000-0000-0000-000000000000/resourceGroups/cli-beta/providers/Microsoft.Authorization/locks/donotdelete","type":"Microsoft.Authorization/locks","name":"donotdelete"},{"properties":{"level":"CanNotDelete"},"id":"/subscriptions/00000000-0000-0000-0000-000000000000/resourcegroups/cli_test_lock_with_resource_id000001/providers/Microsoft.Network/virtualNetworks/cli-lock-vnet000002/providers/Microsoft.Authorization/locks/cli-test-lock000004","type":"Microsoft.Authorization/locks","name":"cli-test-lock000004"},{"properties":{"level":"CanNotDelete"},"id":"/subscriptions/00000000-0000-0000-0000-000000000000/resourcegroups/cli_test_lock_with_resource_id000001/providers/Microsoft.Network/virtualNetworks/cli-lock-vnet000002/subnets/cli-lock-subnet000003/providers/Microsoft.Authorization/locks/cli-test-lock000005","type":"Microsoft.Authorization/locks","name":"cli-test-lock000005"},{"properties":{"level":"CanNotDelete"},"id":"/subscriptions/00000000-0000-0000-0000-000000000000/resourceGroups/kairu-persist/providers/Microsoft.Authorization/locks/antidelete","type":"Microsoft.Authorization/locks","name":"antidelete"},{"properties":{"level":"CanNotDelete"},"id":"/subscriptions/00000000-0000-0000-0000-000000000000/resourcegroups/azps-test-group/providers/Microsoft.Authorization/locks/do-not-delete","type":"Microsoft.Authorization/locks","name":"do-not-delete"},{"properties":{"level":"CanNotDelete","notes":"Auto-created
        by Azure Backup for storage accounts registered with a Recovery Services Vault.
        This lock is intended to guard against deletion of backups due to accidental
        deletion of the storage account."},"id":"/subscriptions/00000000-0000-0000-0000-000000000000/resourcegroups/clitest.rgltfej7yr4u/providers/microsoft.storage/storageAccounts/clitestwvsg2uskf4i7vjfto/providers/Microsoft.Authorization/locks/AzureBackupProtectionLock","type":"Microsoft.Authorization/locks","name":"AzureBackupProtectionLock"},{"properties":{"level":"CanNotDelete"},"id":"/subscriptions/00000000-0000-0000-0000-000000000000/resourceGroups/qianwens/providers/Microsoft.Storage/storageAccounts/qianwendev/providers/Microsoft.Authorization/locks/donotedelete","type":"Microsoft.Authorization/locks","name":"donotedelete"},{"properties":{"level":"CanNotDelete"},"id":"/subscriptions/00000000-0000-0000-0000-000000000000/resourceGroups/clitestresult/providers/Microsoft.Authorization/locks/l","type":"Microsoft.Authorization/locks","name":"l"},{"properties":{"level":"CanNotDelete"},"id":"/subscriptions/00000000-0000-0000-0000-000000000000/resourceGroups/clitestresult/providers/Microsoft.Storage/storageAccounts/clitestresultstac/providers/Microsoft.Authorization/locks/l1","type":"Microsoft.Authorization/locks","name":"l1"},{"properties":{"level":"CanNotDelete"},"id":"/subscriptions/00000000-0000-0000-0000-000000000000/resourceGroups/clitestresult/providers/Microsoft.DBforMySQL/servers/clisqldbserver/providers/Microsoft.Authorization/locks/l1","type":"Microsoft.Authorization/locks","name":"l1"},{"properties":{"level":"CanNotDelete","notes":"for
        customer issue repro  (snowflake)"},"id":"/subscriptions/00000000-0000-0000-0000-000000000000/resourcegroups/storage-v2rt-repro/providers/Microsoft.Authorization/locks/DontDelete","type":"Microsoft.Authorization/locks","name":"DontDelete"},{"properties":{"level":"CanNotDelete","notes":"Auto-created
        by Azure Backup for storage accounts registered with a Recovery Services Vault.
        This lock is intended to guard against deletion of backups due to accidental
        deletion of the storage account."},"id":"/subscriptions/00000000-0000-0000-0000-000000000000/resourcegroups/clitest.rgdc25pvki6m/providers/microsoft.storage/storageAccounts/clitestkxu4ahsqaxv42cyyf/providers/Microsoft.Authorization/locks/AzureBackupProtectionLock","type":"Microsoft.Authorization/locks","name":"AzureBackupProtectionLock"},{"properties":{"level":"CanNotDelete","notes":"Auto-created
        by Azure Backup for storage accounts registered with a Recovery Services Vault.
        This lock is intended to guard against deletion of backups due to accidental
        deletion of the storage account."},"id":"/subscriptions/00000000-0000-0000-0000-000000000000/resourcegroups/clitest.rgekim5ct43n/providers/microsoft.storage/storageAccounts/clitest6jusqp4qvczw52pql/providers/Microsoft.Authorization/locks/AzureBackupProtectionLock","type":"Microsoft.Authorization/locks","name":"AzureBackupProtectionLock"},{"properties":{"level":"CanNotDelete"},"id":"/subscriptions/00000000-0000-0000-0000-000000000000/resourceGroups/jl-vm-ssh/providers/Microsoft.Authorization/locks/dl","type":"Microsoft.Authorization/locks","name":"dl"},{"properties":{"level":"CanNotDelete"},"id":"/subscriptions/00000000-0000-0000-0000-000000000000/resourcegroups/cli_test_cannotdelete_resource_lockbfuaftaa7m4m77urywe56rs3yfr4sr3ybmrsclix/providers/Microsoft.Network/virtualNetworks/cli.lock.rsrchikdj2r5lezlez4w6/providers/Microsoft.Authorization/locks/cli-test-locklxyko2yruqpd6z2mdw7bw43sff3nuyz2n5ygpm5opgtajrdjgyb7c7fau6kgw","type":"Microsoft.Authorization/locks","name":"cli-test-locklxyko2yruqpd6z2mdw7bw43sff3nuyz2n5ygpm5opgtajrdjgyb7c7fau6kgw"},{"properties":{"level":"CanNotDelete"},"id":"/subscriptions/00000000-0000-0000-0000-000000000000/resourceGroups/t-yakou2/providers/Microsoft.Web/sites/WebAppPortal2CLI20200827092707/providers/Microsoft.Authorization/locks/dont_delete_me","type":"Microsoft.Authorization/locks","name":"dont_delete_me"},{"properties":{"level":"CanNotDelete","notes":"Auto-created
        by Azure Backup for storage accounts registered with a Recovery Services Vault.
        This lock is intended to guard against deletion of backups due to accidental
        deletion of the storage account."},"id":"/subscriptions/00000000-0000-0000-0000-000000000000/resourcegroups/clitest.rgghkyqf7pb5/providers/microsoft.storage/storageAccounts/clitestpuea6vlqwxw6ihiws/providers/Microsoft.Authorization/locks/AzureBackupProtectionLock","type":"Microsoft.Authorization/locks","name":"AzureBackupProtectionLock"},{"properties":{"level":"CanNotDelete"},"id":"/subscriptions/00000000-0000-0000-0000-000000000000/resourceGroups/cli_test_gallery_image_version_vhddmban3xow2tgyly5j6xaruoliqaj443p3brq46idi/providers/Microsoft.Storage/storageAccounts/clitest4ydp57ynxl5tcjktl/providers/Microsoft.Authorization/locks/l1","type":"Microsoft.Authorization/locks","name":"l1"},{"properties":{"level":"CanNotDelete"},"id":"/subscriptions/00000000-0000-0000-0000-000000000000/resourceGroups/t-yueshi/providers/Microsoft.Authorization/locks/lock","type":"Microsoft.Authorization/locks","name":"lock"}]}'
    headers:
      cache-control:
      - no-cache
      content-length:
      - '26161'
      content-type:
      - application/json; charset=utf-8
      date:
      - Wed, 07 Jul 2021 09:27:25 GMT
      expires:
      - '-1'
      pragma:
      - no-cache
      strict-transport-security:
      - max-age=31536000; includeSubDomains
      transfer-encoding:
      - chunked
      vary:
      - Accept-Encoding,Accept-Encoding
      x-content-type-options:
      - nosniff
    status:
      code: 200
      message: OK
- request:
    body: null
    headers:
      Accept:
      - application/json
      Accept-Encoding:
      - gzip, deflate
      CommandName:
      - lock show
      Connection:
      - keep-alive
      ParameterSetName:
      - --name --resource
      User-Agent:
      - AZURECLI/2.26.0 azsdk-python-azure-mgmt-resource/18.0.0 Python/3.8.3 (Windows-10-10.0.18362-SP0)
    method: GET
    uri: https://management.azure.com/subscriptions/00000000-0000-0000-0000-000000000000/resourcegroups/cli_test_lock_with_resource_id000001/providers/Microsoft.Network/virtualNetworks/cli-lock-vnet000002/subnets/cli-lock-subnet000003/providers/Microsoft.Authorization/locks/cli-test-lock000005?api-version=2016-09-01
  response:
    body:
      string: '{"properties":{"level":"CanNotDelete"},"id":"/subscriptions/00000000-0000-0000-0000-000000000000/resourcegroups/cli_test_lock_with_resource_id000001/providers/Microsoft.Network/virtualNetworks/cli-lock-vnet000002/subnets/cli-lock-subnet000003/providers/Microsoft.Authorization/locks/cli-test-lock000005","type":"Microsoft.Authorization/locks","name":"cli-test-lock000005"}'
    headers:
      cache-control:
      - no-cache
      content-length:
      - '433'
      content-type:
      - application/json; charset=utf-8
      date:
      - Wed, 07 Jul 2021 09:27:25 GMT
      expires:
      - '-1'
      pragma:
      - no-cache
      strict-transport-security:
      - max-age=31536000; includeSubDomains
      transfer-encoding:
      - chunked
      vary:
      - Accept-Encoding,Accept-Encoding
      x-content-type-options:
      - nosniff
    status:
      code: 200
      message: OK
- request:
    body: null
    headers:
      Accept:
      - application/json
      Accept-Encoding:
      - gzip, deflate
      CommandName:
      - resource lock delete
      Connection:
      - keep-alive
      ParameterSetName:
      - --name --resource
      User-Agent:
      - AZURECLI/2.26.0 azsdk-python-azure-mgmt-resource/18.0.0 Python/3.8.3 (Windows-10-10.0.18362-SP0)
    method: GET
    uri: https://management.azure.com/subscriptions/00000000-0000-0000-0000-000000000000/providers/Microsoft.Authorization/locks?api-version=2016-09-01
  response:
    body:
      string: '{"value":[{"properties":{"level":"CanNotDelete"},"id":"/subscriptions/00000000-0000-0000-0000-000000000000/resourceGroups/fytest2/providers/Microsoft.Compute/snapshots/s1/providers/Microsoft.Authorization/locks/l4","type":"Microsoft.Authorization/locks","name":"l4"},{"properties":{"level":"CanNotDelete"},"id":"/subscriptions/00000000-0000-0000-0000-000000000000/resourceGroups/FYTEST2/providers/Microsoft.Compute/disks/vm1_disk1_acf86aae49414fe8b70f669510e33728/providers/Microsoft.Authorization/locks/l","type":"Microsoft.Authorization/locks","name":"l"},{"properties":{"level":"CanNotDelete"},"id":"/subscriptions/00000000-0000-0000-0000-000000000000/resourceGroups/fytest2/providers/Microsoft.Compute/virtualMachines/vm1/providers/Microsoft.Authorization/locks/l","type":"Microsoft.Authorization/locks","name":"l"},{"properties":{"level":"CanNotDelete"},"id":"/subscriptions/00000000-0000-0000-0000-000000000000/resourceGroups/fytest2/providers/Microsoft.Compute/galleries/g1/providers/Microsoft.Authorization/locks/l2","type":"Microsoft.Authorization/locks","name":"l2"},{"properties":{"level":"CanNotDelete"},"id":"/subscriptions/00000000-0000-0000-0000-000000000000/resourceGroups/fytest2/providers/Microsoft.Compute/galleries/g1/images/image1/providers/Microsoft.Authorization/locks/l3","type":"Microsoft.Authorization/locks","name":"l3"},{"properties":{"level":"CanNotDelete"},"id":"/subscriptions/00000000-0000-0000-0000-000000000000/resourceGroups/fytest2/providers/Microsoft.Compute/galleries/g1/images/image1/versions/1.0.0/providers/Microsoft.Authorization/locks/l","type":"Microsoft.Authorization/locks","name":"l"},{"properties":{"level":"CanNotDelete"},"id":"/subscriptions/00000000-0000-0000-0000-000000000000/resourceGroups/acctestRG-ibt-24/providers/Microsoft.Authorization/locks/DoNotDelete","type":"Microsoft.Authorization/locks","name":"DoNotDelete"},{"properties":{"level":"CanNotDelete"},"id":"/subscriptions/00000000-0000-0000-0000-000000000000/resourcegroups/bez-rg/providers/Microsoft.Authorization/locks/del","type":"Microsoft.Authorization/locks","name":"del"},{"properties":{"level":"CanNotDelete"},"id":"/subscriptions/00000000-0000-0000-0000-000000000000/resourceGroups/cloud-shell-storage-southeastasia/providers/Microsoft.Storage/storageAccounts/cs1100320008debd5bc/providers/Microsoft.Authorization/locks/dl","type":"Microsoft.Authorization/locks","name":"dl"},{"properties":{"level":"CanNotDelete","notes":"Auto-created
        by Azure Backup for storage accounts registered with a Recovery Services Vault.
        This lock is intended to guard against deletion of backups due to accidental
        deletion of the storage account."},"id":"/subscriptions/00000000-0000-0000-0000-000000000000/resourcegroups/clitest.rgxp7uwuibs5/providers/microsoft.storage/storageAccounts/clitestzrwidkqplnw3jmz4z/providers/Microsoft.Authorization/locks/AzureBackupProtectionLock","type":"Microsoft.Authorization/locks","name":"AzureBackupProtectionLock"},{"properties":{"level":"CanNotDelete","notes":"Auto-created
        by Azure Backup for storage accounts registered with a Recovery Services Vault.
        This lock is intended to guard against deletion of backups due to accidental
        deletion of the storage account."},"id":"/subscriptions/00000000-0000-0000-0000-000000000000/resourcegroups/clitest.rgbo2ure7pgp/providers/microsoft.storage/storageAccounts/clitestsnv7joygpazk23npj/providers/Microsoft.Authorization/locks/AzureBackupProtectionLock","type":"Microsoft.Authorization/locks","name":"AzureBackupProtectionLock"},{"properties":{"level":"CanNotDelete"},"id":"/subscriptions/00000000-0000-0000-0000-000000000000/resourceGroups/ljin-test/providers/Microsoft.KeyVault/vaults/kv-ljin-sni/providers/Microsoft.Authorization/locks/reserved","type":"Microsoft.Authorization/locks","name":"reserved"},{"properties":{"level":"CanNotDelete"},"id":"/subscriptions/00000000-0000-0000-0000-000000000000/resourceGroups/fybot/providers/Microsoft.Authorization/locks/l","type":"Microsoft.Authorization/locks","name":"l"},{"properties":{"level":"CanNotDelete","notes":"for
        Asir"},"id":"/subscriptions/00000000-0000-0000-0000-000000000000/resourceGroups/emerald-city-bookstore/providers/Microsoft.Authorization/locks/No-DELETE","type":"Microsoft.Authorization/locks","name":"No-DELETE"},{"properties":{"level":"CanNotDelete","notes":"Nanxuan
        uses this for troubleshooting a high pri issue"},"id":"/subscriptions/00000000-0000-0000-0000-000000000000/resourceGroups/acctestRG-201105133030970486/providers/Microsoft.Authorization/locks/DoNotDelete","type":"Microsoft.Authorization/locks","name":"DoNotDelete"},{"properties":{"level":"CanNotDelete","notes":"Auto-created
        by Azure Backup for storage accounts registered with a Recovery Services Vault.
        This lock is intended to guard against deletion of backups due to accidental
        deletion of the storage account."},"id":"/subscriptions/00000000-0000-0000-0000-000000000000/resourcegroups/clitest.rgh5duq2f6uh/providers/microsoft.storage/storageAccounts/clitest2vjedutxs37ymp4ni/providers/Microsoft.Authorization/locks/AzureBackupProtectionLock","type":"Microsoft.Authorization/locks","name":"AzureBackupProtectionLock"},{"properties":{"level":"ReadOnly"},"id":"/subscriptions/00000000-0000-0000-0000-000000000000/resourcegroups/cli_test_readonly_resource_locklucgtzf5vgc65f5gjnxtn3kf4axeyzdcowlatqmvexq3/providers/Microsoft.Network/virtualNetworks/cli.lock.rsrctghseyfj2qky7arbn/providers/Microsoft.Authorization/locks/cli-test-lockxjl4qh7c7dmei6gakhxdn4dx5etj6bbsgikpxf635qwkbtxezall4ysvef37t","type":"Microsoft.Authorization/locks","name":"cli-test-lockxjl4qh7c7dmei6gakhxdn4dx5etj6bbsgikpxf635qwkbtxezall4ysvef37t"},{"properties":{"level":"CanNotDelete","notes":"Auto-created
        by Azure Backup for storage accounts registered with a Recovery Services Vault.
        This lock is intended to guard against deletion of backups due to accidental
        deletion of the storage account."},"id":"/subscriptions/00000000-0000-0000-0000-000000000000/resourcegroups/clitest.rg46ia57tmnz/providers/microsoft.storage/storageAccounts/clitestdlxtp24ycnjl3jui2/providers/Microsoft.Authorization/locks/AzureBackupProtectionLock","type":"Microsoft.Authorization/locks","name":"AzureBackupProtectionLock"},{"properties":{"level":"CanNotDelete"},"id":"/subscriptions/00000000-0000-0000-0000-000000000000/resourceGroups/IT_acctestRG-ibt-24_acctest-IBT-0710-2_4ebedb5a-e3b1-4675-aa4c-3c160fe70907/providers/Microsoft.Authorization/locks/DoNotDelete","type":"Microsoft.Authorization/locks","name":"DoNotDelete"},{"properties":{"level":"CanNotDelete","notes":"Auto-created
        by Azure Backup for storage accounts registered with a Recovery Services Vault.
        This lock is intended to guard against deletion of backups due to accidental
        deletion of the storage account."},"id":"/subscriptions/00000000-0000-0000-0000-000000000000/resourcegroups/clitest.rgn6glpfa25c/providers/microsoft.storage/storageAccounts/clitestgt3fjzabc7taya5zo/providers/Microsoft.Authorization/locks/AzureBackupProtectionLock","type":"Microsoft.Authorization/locks","name":"AzureBackupProtectionLock"},{"properties":{"level":"CanNotDelete","notes":"Auto-created
        by Azure Backup for storage accounts registered with a Recovery Services Vault.
        This lock is intended to guard against deletion of backups due to accidental
        deletion of the storage account."},"id":"/subscriptions/00000000-0000-0000-0000-000000000000/resourcegroups/clitest.rgiudkrkxpl4/providers/microsoft.storage/storageAccounts/clitestbiegaggvgwivkqyyi/providers/Microsoft.Authorization/locks/AzureBackupProtectionLock","type":"Microsoft.Authorization/locks","name":"AzureBackupProtectionLock"},{"properties":{"level":"CanNotDelete","notes":"Auto-created
        by Azure Backup for storage accounts registered with a Recovery Services Vault.
        This lock is intended to guard against deletion of backups due to accidental
        deletion of the storage account."},"id":"/subscriptions/00000000-0000-0000-0000-000000000000/resourcegroups/clitest.rgl6l3rg6atb/providers/microsoft.storage/storageAccounts/clitest4sjmiwke5nz3f67pu/providers/Microsoft.Authorization/locks/AzureBackupProtectionLock","type":"Microsoft.Authorization/locks","name":"AzureBackupProtectionLock"},{"properties":{"level":"CanNotDelete","notes":"Auto-created
        by Azure Backup for storage accounts registered with a Recovery Services Vault.
        This lock is intended to guard against deletion of backups due to accidental
        deletion of the storage account."},"id":"/subscriptions/00000000-0000-0000-0000-000000000000/resourcegroups/clitest.rgptzwacrnwa/providers/microsoft.storage/storageAccounts/clitestivtrt5tp624n63ast/providers/Microsoft.Authorization/locks/AzureBackupProtectionLock","type":"Microsoft.Authorization/locks","name":"AzureBackupProtectionLock"},{"properties":{"level":"CanNotDelete","notes":"Auto-created
        by Azure Backup for storage accounts registered with a Recovery Services Vault.
        This lock is intended to guard against deletion of backups due to accidental
        deletion of the storage account."},"id":"/subscriptions/00000000-0000-0000-0000-000000000000/resourcegroups/clitest.rgbbt37xr2le/providers/microsoft.storage/storageAccounts/clitest74vl6rwuxl5fbuklw/providers/Microsoft.Authorization/locks/AzureBackupProtectionLock","type":"Microsoft.Authorization/locks","name":"AzureBackupProtectionLock"},{"properties":{"level":"CanNotDelete","notes":"Auto-created
        by Azure Backup for storage accounts registered with a Recovery Services Vault.
        This lock is intended to guard against deletion of backups due to accidental
        deletion of the storage account."},"id":"/subscriptions/00000000-0000-0000-0000-000000000000/resourcegroups/clitest.rgbbt37xr2le/providers/microsoft.storage/storageAccounts/clitest5frikrzhxwryrkfel/providers/Microsoft.Authorization/locks/AzureBackupProtectionLock","type":"Microsoft.Authorization/locks","name":"AzureBackupProtectionLock"},{"properties":{"level":"CanNotDelete","notes":"Auto-created
        by Azure Backup for storage accounts registered with a Recovery Services Vault.
        This lock is intended to guard against deletion of backups due to accidental
        deletion of the storage account."},"id":"/subscriptions/00000000-0000-0000-0000-000000000000/resourcegroups/clitest.rgu7jwflzo6g/providers/microsoft.storage/storageAccounts/clitestwqzjytdeun46rphfd/providers/Microsoft.Authorization/locks/AzureBackupProtectionLock","type":"Microsoft.Authorization/locks","name":"AzureBackupProtectionLock"},{"properties":{"level":"CanNotDelete","notes":"Auto-created
        by Azure Backup for storage accounts registered with a Recovery Services Vault.
        This lock is intended to guard against deletion of backups due to accidental
        deletion of the storage account."},"id":"/subscriptions/00000000-0000-0000-0000-000000000000/resourcegroups/clitest.rggrglkh7zr7/providers/microsoft.storage/storageAccounts/clitest2f63bh43aix4wcnlh/providers/Microsoft.Authorization/locks/AzureBackupProtectionLock","type":"Microsoft.Authorization/locks","name":"AzureBackupProtectionLock"},{"properties":{"level":"CanNotDelete"},"id":"/subscriptions/00000000-0000-0000-0000-000000000000/resourcegroups/msyyc-test/providers/Microsoft.Storage/storageAccounts/storagemsyyc/providers/Microsoft.Authorization/locks/no-delete","type":"Microsoft.Authorization/locks","name":"no-delete"},{"properties":{"level":"CanNotDelete"},"id":"/subscriptions/00000000-0000-0000-0000-000000000000/resourceGroups/fyvm/providers/Microsoft.Authorization/locks/l1","type":"Microsoft.Authorization/locks","name":"l1"},{"properties":{"level":"CanNotDelete","notes":"Auto-created
        by Azure Backup for storage accounts registered with a Recovery Services Vault.
        This lock is intended to guard against deletion of backups due to accidental
        deletion of the storage account."},"id":"/subscriptions/00000000-0000-0000-0000-000000000000/resourcegroups/clitest.rgovptfsocfg/providers/microsoft.storage/storageAccounts/clitestz72bbbbv2cio2pmom/providers/Microsoft.Authorization/locks/AzureBackupProtectionLock","type":"Microsoft.Authorization/locks","name":"AzureBackupProtectionLock"},{"properties":{"level":"CanNotDelete"},"id":"/subscriptions/00000000-0000-0000-0000-000000000000/resourceGroups/portal2cli/providers/Microsoft.Web/sites/portal2cli/providers/Microsoft.Authorization/locks/lock","type":"Microsoft.Authorization/locks","name":"lock"},{"properties":{"level":"CanNotDelete"},"id":"/subscriptions/00000000-0000-0000-0000-000000000000/resourceGroups/portal2cli/providers/Microsoft.Web/sites/webp2c/providers/Microsoft.Authorization/locks/lock","type":"Microsoft.Authorization/locks","name":"lock"},{"properties":{"level":"CanNotDelete"},"id":"/subscriptions/00000000-0000-0000-0000-000000000000/resourceGroups/portal2cli/providers/Microsoft.Storage/storageAccounts/portal2clistorage/providers/Microsoft.Authorization/locks/lock","type":"Microsoft.Authorization/locks","name":"lock"},{"properties":{"level":"CanNotDelete"},"id":"/subscriptions/00000000-0000-0000-0000-000000000000/resourceGroups/FYTEST3/providers/Microsoft.Compute/disks/vm1_OsDisk_1_3eb858856d5643d0a15aca7514d2eecd/providers/Microsoft.Authorization/locks/l","type":"Microsoft.Authorization/locks","name":"l"},{"properties":{"level":"CanNotDelete"},"id":"/subscriptions/00000000-0000-0000-0000-000000000000/resourceGroups/fytest3/providers/Microsoft.Compute/images/image/providers/Microsoft.Authorization/locks/l","type":"Microsoft.Authorization/locks","name":"l"},{"properties":{"level":"CanNotDelete"},"id":"/subscriptions/00000000-0000-0000-0000-000000000000/resourcegroups/feng-cli-rg/providers/Microsoft.Storage/storageAccounts/fengtestsa/providers/Microsoft.Authorization/locks/salock","type":"Microsoft.Authorization/locks","name":"salock"},{"properties":{"level":"CanNotDelete","notes":"Auto-created
        by Azure Backup for storage accounts registered with a Recovery Services Vault.
        This lock is intended to guard against deletion of backups due to accidental
        deletion of the storage account."},"id":"/subscriptions/00000000-0000-0000-0000-000000000000/resourcegroups/clitest.rg6i4hl6iakg/providers/microsoft.storage/storageAccounts/clitestu3p7a7ib4n4y7gt4m/providers/Microsoft.Authorization/locks/AzureBackupProtectionLock","type":"Microsoft.Authorization/locks","name":"AzureBackupProtectionLock"},{"properties":{"level":"CanNotDelete","notes":"Auto-created
        by Azure Backup for storage accounts registered with a Recovery Services Vault.
        This lock is intended to guard against deletion of backups due to accidental
        deletion of the storage account."},"id":"/subscriptions/00000000-0000-0000-0000-000000000000/resourcegroups/clitest.rgzjznhcqaoh/providers/microsoft.storage/storageAccounts/clitestwznnmnfot33xjztmk/providers/Microsoft.Authorization/locks/AzureBackupProtectionLock","type":"Microsoft.Authorization/locks","name":"AzureBackupProtectionLock"},{"properties":{"level":"CanNotDelete"},"id":"/subscriptions/00000000-0000-0000-0000-000000000000/resourceGroups/cli_test_gallery_image_version_vhddqxkb6y7azmjc53fhkyr66se7po4i2ve5es2y46av/providers/Microsoft.Storage/storageAccounts/clitestuxrcexs7kgo3dqsiz/providers/Microsoft.Authorization/locks/l","type":"Microsoft.Authorization/locks","name":"l"},{"properties":{"level":"CanNotDelete","notes":""},"id":"/subscriptions/00000000-0000-0000-0000-000000000000/resourceGroups/new-experiences/providers/Microsoft.Authorization/locks/NO-DELETE","type":"Microsoft.Authorization/locks","name":"NO-DELETE"},{"properties":{"level":"CanNotDelete"},"id":"/subscriptions/00000000-0000-0000-0000-000000000000/resourceGroups/zuh/providers/Microsoft.Authorization/locks/delete","type":"Microsoft.Authorization/locks","name":"delete"},{"properties":{"level":"CanNotDelete"},"id":"/subscriptions/00000000-0000-0000-0000-000000000000/resourceGroups/jiasli-cli-dev/providers/Microsoft.Authorization/locks/dl","type":"Microsoft.Authorization/locks","name":"dl"},{"properties":{"level":"CanNotDelete","notes":"Auto-created
        by Azure Backup for storage accounts registered with a Recovery Services Vault.
        This lock is intended to guard against deletion of backups due to accidental
        deletion of the storage account."},"id":"/subscriptions/00000000-0000-0000-0000-000000000000/resourcegroups/clitest.rgp6ikwpcsq7/providers/microsoft.storage/storageAccounts/clitestggvkyebv5o55dhakj/providers/Microsoft.Authorization/locks/AzureBackupProtectionLock","type":"Microsoft.Authorization/locks","name":"AzureBackupProtectionLock"},{"properties":{"level":"CanNotDelete","notes":"Auto-created
        by Azure Backup for storage accounts registered with a Recovery Services Vault.
        This lock is intended to guard against deletion of backups due to accidental
        deletion of the storage account."},"id":"/subscriptions/00000000-0000-0000-0000-000000000000/resourcegroups/clitest.rgrc4sjsrzt4/providers/microsoft.storage/storageAccounts/clitest63b5vtkhuf7auho6z/providers/Microsoft.Authorization/locks/AzureBackupProtectionLock","type":"Microsoft.Authorization/locks","name":"AzureBackupProtectionLock"},{"properties":{"level":"CanNotDelete"},"id":"/subscriptions/00000000-0000-0000-0000-000000000000/resourceGroups/azure-cli-edge/providers/Microsoft.Authorization/locks/dl","type":"Microsoft.Authorization/locks","name":"dl"},{"properties":{"level":"CanNotDelete"},"id":"/subscriptions/00000000-0000-0000-0000-000000000000/resourceGroups/azure-cli-edge/providers/Microsoft.Storage/storageAccounts/azurecliedge/providers/Microsoft.Authorization/locks/azurecliedge-dl","type":"Microsoft.Authorization/locks","name":"azurecliedge-dl"},{"properties":{"level":"CanNotDelete"},"id":"/subscriptions/00000000-0000-0000-0000-000000000000/resourceGroups/fytest/providers/Microsoft.Storage/storageAccounts/sharedvmextension/providers/Microsoft.Authorization/locks/l1","type":"Microsoft.Authorization/locks","name":"l1"},{"properties":{"level":"CanNotDelete"},"id":"/subscriptions/00000000-0000-0000-0000-000000000000/resourceGroups/fytest/providers/Microsoft.Compute/images/img1/providers/Microsoft.Authorization/locks/l1","type":"Microsoft.Authorization/locks","name":"l1"},{"properties":{"level":"CanNotDelete"},"id":"/subscriptions/00000000-0000-0000-0000-000000000000/resourceGroups/fytest/providers/Microsoft.Compute/galleries/gallery1/images/image1/providers/Microsoft.Authorization/locks/l1","type":"Microsoft.Authorization/locks","name":"l1"},{"properties":{"level":"CanNotDelete","notes":"In
        case of deleting by incident"},"id":"/subscriptions/00000000-0000-0000-0000-000000000000/resourcegroups/azuresdktest_reserved/providers/Microsoft.Authorization/locks/LockReservedResources","type":"Microsoft.Authorization/locks","name":"LockReservedResources"},{"properties":{"level":"CanNotDelete","notes":"Auto-created
        by Azure Backup for storage accounts registered with a Recovery Services Vault.
        This lock is intended to guard against deletion of backups due to accidental
        deletion of the storage account."},"id":"/subscriptions/00000000-0000-0000-0000-000000000000/resourcegroups/clitest.rgv3m577d7ho/providers/microsoft.storage/storageAccounts/clitestej2fvhoj3zogyp5e7/providers/Microsoft.Authorization/locks/AzureBackupProtectionLock","type":"Microsoft.Authorization/locks","name":"AzureBackupProtectionLock"},{"properties":{"level":"CanNotDelete"},"id":"/subscriptions/00000000-0000-0000-0000-000000000000/resourceGroups/xz3-test/providers/Microsoft.Authorization/locks/NO-DELETE","type":"Microsoft.Authorization/locks","name":"NO-DELETE"},{"properties":{"level":"CanNotDelete"},"id":"/subscriptions/00000000-0000-0000-0000-000000000000/resourceGroups/cli-beta/providers/Microsoft.Authorization/locks/donotdelete","type":"Microsoft.Authorization/locks","name":"donotdelete"},{"properties":{"level":"CanNotDelete"},"id":"/subscriptions/00000000-0000-0000-0000-000000000000/resourcegroups/cli_test_lock_with_resource_id000001/providers/Microsoft.Network/virtualNetworks/cli-lock-vnet000002/providers/Microsoft.Authorization/locks/cli-test-lock000004","type":"Microsoft.Authorization/locks","name":"cli-test-lock000004"},{"properties":{"level":"CanNotDelete"},"id":"/subscriptions/00000000-0000-0000-0000-000000000000/resourcegroups/cli_test_lock_with_resource_id000001/providers/Microsoft.Network/virtualNetworks/cli-lock-vnet000002/subnets/cli-lock-subnet000003/providers/Microsoft.Authorization/locks/cli-test-lock000005","type":"Microsoft.Authorization/locks","name":"cli-test-lock000005"},{"properties":{"level":"CanNotDelete"},"id":"/subscriptions/00000000-0000-0000-0000-000000000000/resourceGroups/kairu-persist/providers/Microsoft.Authorization/locks/antidelete","type":"Microsoft.Authorization/locks","name":"antidelete"},{"properties":{"level":"CanNotDelete"},"id":"/subscriptions/00000000-0000-0000-0000-000000000000/resourcegroups/azps-test-group/providers/Microsoft.Authorization/locks/do-not-delete","type":"Microsoft.Authorization/locks","name":"do-not-delete"},{"properties":{"level":"CanNotDelete","notes":"Auto-created
        by Azure Backup for storage accounts registered with a Recovery Services Vault.
        This lock is intended to guard against deletion of backups due to accidental
        deletion of the storage account."},"id":"/subscriptions/00000000-0000-0000-0000-000000000000/resourcegroups/clitest.rgltfej7yr4u/providers/microsoft.storage/storageAccounts/clitestwvsg2uskf4i7vjfto/providers/Microsoft.Authorization/locks/AzureBackupProtectionLock","type":"Microsoft.Authorization/locks","name":"AzureBackupProtectionLock"},{"properties":{"level":"CanNotDelete"},"id":"/subscriptions/00000000-0000-0000-0000-000000000000/resourceGroups/qianwens/providers/Microsoft.Storage/storageAccounts/qianwendev/providers/Microsoft.Authorization/locks/donotedelete","type":"Microsoft.Authorization/locks","name":"donotedelete"},{"properties":{"level":"CanNotDelete"},"id":"/subscriptions/00000000-0000-0000-0000-000000000000/resourceGroups/clitestresult/providers/Microsoft.Authorization/locks/l","type":"Microsoft.Authorization/locks","name":"l"},{"properties":{"level":"CanNotDelete"},"id":"/subscriptions/00000000-0000-0000-0000-000000000000/resourceGroups/clitestresult/providers/Microsoft.Storage/storageAccounts/clitestresultstac/providers/Microsoft.Authorization/locks/l1","type":"Microsoft.Authorization/locks","name":"l1"},{"properties":{"level":"CanNotDelete"},"id":"/subscriptions/00000000-0000-0000-0000-000000000000/resourceGroups/clitestresult/providers/Microsoft.DBforMySQL/servers/clisqldbserver/providers/Microsoft.Authorization/locks/l1","type":"Microsoft.Authorization/locks","name":"l1"},{"properties":{"level":"CanNotDelete","notes":"for
        customer issue repro  (snowflake)"},"id":"/subscriptions/00000000-0000-0000-0000-000000000000/resourcegroups/storage-v2rt-repro/providers/Microsoft.Authorization/locks/DontDelete","type":"Microsoft.Authorization/locks","name":"DontDelete"},{"properties":{"level":"CanNotDelete","notes":"Auto-created
        by Azure Backup for storage accounts registered with a Recovery Services Vault.
        This lock is intended to guard against deletion of backups due to accidental
        deletion of the storage account."},"id":"/subscriptions/00000000-0000-0000-0000-000000000000/resourcegroups/clitest.rgdc25pvki6m/providers/microsoft.storage/storageAccounts/clitestkxu4ahsqaxv42cyyf/providers/Microsoft.Authorization/locks/AzureBackupProtectionLock","type":"Microsoft.Authorization/locks","name":"AzureBackupProtectionLock"},{"properties":{"level":"CanNotDelete","notes":"Auto-created
        by Azure Backup for storage accounts registered with a Recovery Services Vault.
        This lock is intended to guard against deletion of backups due to accidental
        deletion of the storage account."},"id":"/subscriptions/00000000-0000-0000-0000-000000000000/resourcegroups/clitest.rgekim5ct43n/providers/microsoft.storage/storageAccounts/clitest6jusqp4qvczw52pql/providers/Microsoft.Authorization/locks/AzureBackupProtectionLock","type":"Microsoft.Authorization/locks","name":"AzureBackupProtectionLock"},{"properties":{"level":"CanNotDelete"},"id":"/subscriptions/00000000-0000-0000-0000-000000000000/resourceGroups/jl-vm-ssh/providers/Microsoft.Authorization/locks/dl","type":"Microsoft.Authorization/locks","name":"dl"},{"properties":{"level":"CanNotDelete"},"id":"/subscriptions/00000000-0000-0000-0000-000000000000/resourcegroups/cli_test_cannotdelete_resource_lockbfuaftaa7m4m77urywe56rs3yfr4sr3ybmrsclix/providers/Microsoft.Network/virtualNetworks/cli.lock.rsrchikdj2r5lezlez4w6/providers/Microsoft.Authorization/locks/cli-test-locklxyko2yruqpd6z2mdw7bw43sff3nuyz2n5ygpm5opgtajrdjgyb7c7fau6kgw","type":"Microsoft.Authorization/locks","name":"cli-test-locklxyko2yruqpd6z2mdw7bw43sff3nuyz2n5ygpm5opgtajrdjgyb7c7fau6kgw"},{"properties":{"level":"CanNotDelete"},"id":"/subscriptions/00000000-0000-0000-0000-000000000000/resourceGroups/t-yakou2/providers/Microsoft.Web/sites/WebAppPortal2CLI20200827092707/providers/Microsoft.Authorization/locks/dont_delete_me","type":"Microsoft.Authorization/locks","name":"dont_delete_me"},{"properties":{"level":"CanNotDelete","notes":"Auto-created
        by Azure Backup for storage accounts registered with a Recovery Services Vault.
        This lock is intended to guard against deletion of backups due to accidental
        deletion of the storage account."},"id":"/subscriptions/00000000-0000-0000-0000-000000000000/resourcegroups/clitest.rgghkyqf7pb5/providers/microsoft.storage/storageAccounts/clitestpuea6vlqwxw6ihiws/providers/Microsoft.Authorization/locks/AzureBackupProtectionLock","type":"Microsoft.Authorization/locks","name":"AzureBackupProtectionLock"},{"properties":{"level":"CanNotDelete"},"id":"/subscriptions/00000000-0000-0000-0000-000000000000/resourceGroups/cli_test_gallery_image_version_vhddmban3xow2tgyly5j6xaruoliqaj443p3brq46idi/providers/Microsoft.Storage/storageAccounts/clitest4ydp57ynxl5tcjktl/providers/Microsoft.Authorization/locks/l1","type":"Microsoft.Authorization/locks","name":"l1"},{"properties":{"level":"CanNotDelete"},"id":"/subscriptions/00000000-0000-0000-0000-000000000000/resourceGroups/t-yueshi/providers/Microsoft.Authorization/locks/lock","type":"Microsoft.Authorization/locks","name":"lock"}]}'
    headers:
      cache-control:
      - no-cache
      content-length:
      - '26161'
      content-type:
      - application/json; charset=utf-8
      date:
      - Wed, 07 Jul 2021 09:27:25 GMT
      expires:
      - '-1'
      pragma:
      - no-cache
      strict-transport-security:
      - max-age=31536000; includeSubDomains
      transfer-encoding:
      - chunked
      vary:
      - Accept-Encoding,Accept-Encoding
      x-content-type-options:
      - nosniff
    status:
      code: 200
      message: OK
- request:
    body: null
    headers:
      Accept:
      - '*/*'
      Accept-Encoding:
      - gzip, deflate
      CommandName:
      - resource lock delete
      Connection:
      - keep-alive
      Content-Length:
      - '0'
      ParameterSetName:
      - --name --resource
      User-Agent:
      - AZURECLI/2.26.0 azsdk-python-azure-mgmt-resource/18.0.0 Python/3.8.3 (Windows-10-10.0.18362-SP0)
    method: DELETE
    uri: https://management.azure.com/subscriptions/00000000-0000-0000-0000-000000000000/resourcegroups/cli_test_lock_with_resource_id000001/providers/Microsoft.Network/virtualNetworks/cli-lock-vnet000002/providers/Microsoft.Authorization/locks/cli-test-lock000004?api-version=2016-09-01
  response:
    body:
      string: ''
    headers:
      cache-control:
      - no-cache
      content-length:
      - '0'
      date:
      - Wed, 07 Jul 2021 09:27:26 GMT
      expires:
      - '-1'
      pragma:
      - no-cache
      strict-transport-security:
      - max-age=31536000; includeSubDomains
      x-content-type-options:
      - nosniff
      x-ms-ratelimit-remaining-subscription-deletes:
      - '14999'
    status:
      code: 200
      message: OK
- request:
    body: null
    headers:
      Accept:
      - application/json
      Accept-Encoding:
      - gzip, deflate
      CommandName:
      - lock delete
      Connection:
      - keep-alive
      ParameterSetName:
      - --name --resource
      User-Agent:
      - AZURECLI/2.26.0 azsdk-python-azure-mgmt-resource/18.0.0 Python/3.8.3 (Windows-10-10.0.18362-SP0)
    method: GET
    uri: https://management.azure.com/subscriptions/00000000-0000-0000-0000-000000000000/providers/Microsoft.Authorization/locks?api-version=2016-09-01
  response:
    body:
      string: '{"value":[{"properties":{"level":"CanNotDelete"},"id":"/subscriptions/00000000-0000-0000-0000-000000000000/resourceGroups/fytest2/providers/Microsoft.Compute/snapshots/s1/providers/Microsoft.Authorization/locks/l4","type":"Microsoft.Authorization/locks","name":"l4"},{"properties":{"level":"CanNotDelete"},"id":"/subscriptions/00000000-0000-0000-0000-000000000000/resourceGroups/FYTEST2/providers/Microsoft.Compute/disks/vm1_disk1_acf86aae49414fe8b70f669510e33728/providers/Microsoft.Authorization/locks/l","type":"Microsoft.Authorization/locks","name":"l"},{"properties":{"level":"CanNotDelete"},"id":"/subscriptions/00000000-0000-0000-0000-000000000000/resourceGroups/fytest2/providers/Microsoft.Compute/virtualMachines/vm1/providers/Microsoft.Authorization/locks/l","type":"Microsoft.Authorization/locks","name":"l"},{"properties":{"level":"CanNotDelete"},"id":"/subscriptions/00000000-0000-0000-0000-000000000000/resourceGroups/fytest2/providers/Microsoft.Compute/galleries/g1/providers/Microsoft.Authorization/locks/l2","type":"Microsoft.Authorization/locks","name":"l2"},{"properties":{"level":"CanNotDelete"},"id":"/subscriptions/00000000-0000-0000-0000-000000000000/resourceGroups/fytest2/providers/Microsoft.Compute/galleries/g1/images/image1/providers/Microsoft.Authorization/locks/l3","type":"Microsoft.Authorization/locks","name":"l3"},{"properties":{"level":"CanNotDelete"},"id":"/subscriptions/00000000-0000-0000-0000-000000000000/resourceGroups/fytest2/providers/Microsoft.Compute/galleries/g1/images/image1/versions/1.0.0/providers/Microsoft.Authorization/locks/l","type":"Microsoft.Authorization/locks","name":"l"},{"properties":{"level":"CanNotDelete"},"id":"/subscriptions/00000000-0000-0000-0000-000000000000/resourceGroups/acctestRG-ibt-24/providers/Microsoft.Authorization/locks/DoNotDelete","type":"Microsoft.Authorization/locks","name":"DoNotDelete"},{"properties":{"level":"CanNotDelete"},"id":"/subscriptions/00000000-0000-0000-0000-000000000000/resourcegroups/bez-rg/providers/Microsoft.Authorization/locks/del","type":"Microsoft.Authorization/locks","name":"del"},{"properties":{"level":"CanNotDelete"},"id":"/subscriptions/00000000-0000-0000-0000-000000000000/resourceGroups/cloud-shell-storage-southeastasia/providers/Microsoft.Storage/storageAccounts/cs1100320008debd5bc/providers/Microsoft.Authorization/locks/dl","type":"Microsoft.Authorization/locks","name":"dl"},{"properties":{"level":"CanNotDelete","notes":"Auto-created
        by Azure Backup for storage accounts registered with a Recovery Services Vault.
        This lock is intended to guard against deletion of backups due to accidental
        deletion of the storage account."},"id":"/subscriptions/00000000-0000-0000-0000-000000000000/resourcegroups/clitest.rgxp7uwuibs5/providers/microsoft.storage/storageAccounts/clitestzrwidkqplnw3jmz4z/providers/Microsoft.Authorization/locks/AzureBackupProtectionLock","type":"Microsoft.Authorization/locks","name":"AzureBackupProtectionLock"},{"properties":{"level":"CanNotDelete","notes":"Auto-created
        by Azure Backup for storage accounts registered with a Recovery Services Vault.
        This lock is intended to guard against deletion of backups due to accidental
        deletion of the storage account."},"id":"/subscriptions/00000000-0000-0000-0000-000000000000/resourcegroups/clitest.rgbo2ure7pgp/providers/microsoft.storage/storageAccounts/clitestsnv7joygpazk23npj/providers/Microsoft.Authorization/locks/AzureBackupProtectionLock","type":"Microsoft.Authorization/locks","name":"AzureBackupProtectionLock"},{"properties":{"level":"CanNotDelete"},"id":"/subscriptions/00000000-0000-0000-0000-000000000000/resourceGroups/ljin-test/providers/Microsoft.KeyVault/vaults/kv-ljin-sni/providers/Microsoft.Authorization/locks/reserved","type":"Microsoft.Authorization/locks","name":"reserved"},{"properties":{"level":"CanNotDelete"},"id":"/subscriptions/00000000-0000-0000-0000-000000000000/resourceGroups/fybot/providers/Microsoft.Authorization/locks/l","type":"Microsoft.Authorization/locks","name":"l"},{"properties":{"level":"CanNotDelete","notes":"for
        Asir"},"id":"/subscriptions/00000000-0000-0000-0000-000000000000/resourceGroups/emerald-city-bookstore/providers/Microsoft.Authorization/locks/No-DELETE","type":"Microsoft.Authorization/locks","name":"No-DELETE"},{"properties":{"level":"CanNotDelete","notes":"Nanxuan
        uses this for troubleshooting a high pri issue"},"id":"/subscriptions/00000000-0000-0000-0000-000000000000/resourceGroups/acctestRG-201105133030970486/providers/Microsoft.Authorization/locks/DoNotDelete","type":"Microsoft.Authorization/locks","name":"DoNotDelete"},{"properties":{"level":"CanNotDelete","notes":"Auto-created
        by Azure Backup for storage accounts registered with a Recovery Services Vault.
        This lock is intended to guard against deletion of backups due to accidental
        deletion of the storage account."},"id":"/subscriptions/00000000-0000-0000-0000-000000000000/resourcegroups/clitest.rgh5duq2f6uh/providers/microsoft.storage/storageAccounts/clitest2vjedutxs37ymp4ni/providers/Microsoft.Authorization/locks/AzureBackupProtectionLock","type":"Microsoft.Authorization/locks","name":"AzureBackupProtectionLock"},{"properties":{"level":"ReadOnly"},"id":"/subscriptions/00000000-0000-0000-0000-000000000000/resourcegroups/cli_test_readonly_resource_locklucgtzf5vgc65f5gjnxtn3kf4axeyzdcowlatqmvexq3/providers/Microsoft.Network/virtualNetworks/cli.lock.rsrctghseyfj2qky7arbn/providers/Microsoft.Authorization/locks/cli-test-lockxjl4qh7c7dmei6gakhxdn4dx5etj6bbsgikpxf635qwkbtxezall4ysvef37t","type":"Microsoft.Authorization/locks","name":"cli-test-lockxjl4qh7c7dmei6gakhxdn4dx5etj6bbsgikpxf635qwkbtxezall4ysvef37t"},{"properties":{"level":"CanNotDelete","notes":"Auto-created
        by Azure Backup for storage accounts registered with a Recovery Services Vault.
        This lock is intended to guard against deletion of backups due to accidental
        deletion of the storage account."},"id":"/subscriptions/00000000-0000-0000-0000-000000000000/resourcegroups/clitest.rg46ia57tmnz/providers/microsoft.storage/storageAccounts/clitestdlxtp24ycnjl3jui2/providers/Microsoft.Authorization/locks/AzureBackupProtectionLock","type":"Microsoft.Authorization/locks","name":"AzureBackupProtectionLock"},{"properties":{"level":"CanNotDelete"},"id":"/subscriptions/00000000-0000-0000-0000-000000000000/resourceGroups/IT_acctestRG-ibt-24_acctest-IBT-0710-2_4ebedb5a-e3b1-4675-aa4c-3c160fe70907/providers/Microsoft.Authorization/locks/DoNotDelete","type":"Microsoft.Authorization/locks","name":"DoNotDelete"},{"properties":{"level":"CanNotDelete","notes":"Auto-created
        by Azure Backup for storage accounts registered with a Recovery Services Vault.
        This lock is intended to guard against deletion of backups due to accidental
        deletion of the storage account."},"id":"/subscriptions/00000000-0000-0000-0000-000000000000/resourcegroups/clitest.rgn6glpfa25c/providers/microsoft.storage/storageAccounts/clitestgt3fjzabc7taya5zo/providers/Microsoft.Authorization/locks/AzureBackupProtectionLock","type":"Microsoft.Authorization/locks","name":"AzureBackupProtectionLock"},{"properties":{"level":"CanNotDelete","notes":"Auto-created
        by Azure Backup for storage accounts registered with a Recovery Services Vault.
        This lock is intended to guard against deletion of backups due to accidental
        deletion of the storage account."},"id":"/subscriptions/00000000-0000-0000-0000-000000000000/resourcegroups/clitest.rgiudkrkxpl4/providers/microsoft.storage/storageAccounts/clitestbiegaggvgwivkqyyi/providers/Microsoft.Authorization/locks/AzureBackupProtectionLock","type":"Microsoft.Authorization/locks","name":"AzureBackupProtectionLock"},{"properties":{"level":"CanNotDelete","notes":"Auto-created
        by Azure Backup for storage accounts registered with a Recovery Services Vault.
        This lock is intended to guard against deletion of backups due to accidental
        deletion of the storage account."},"id":"/subscriptions/00000000-0000-0000-0000-000000000000/resourcegroups/clitest.rgl6l3rg6atb/providers/microsoft.storage/storageAccounts/clitest4sjmiwke5nz3f67pu/providers/Microsoft.Authorization/locks/AzureBackupProtectionLock","type":"Microsoft.Authorization/locks","name":"AzureBackupProtectionLock"},{"properties":{"level":"CanNotDelete","notes":"Auto-created
        by Azure Backup for storage accounts registered with a Recovery Services Vault.
        This lock is intended to guard against deletion of backups due to accidental
        deletion of the storage account."},"id":"/subscriptions/00000000-0000-0000-0000-000000000000/resourcegroups/clitest.rgptzwacrnwa/providers/microsoft.storage/storageAccounts/clitestivtrt5tp624n63ast/providers/Microsoft.Authorization/locks/AzureBackupProtectionLock","type":"Microsoft.Authorization/locks","name":"AzureBackupProtectionLock"},{"properties":{"level":"CanNotDelete","notes":"Auto-created
        by Azure Backup for storage accounts registered with a Recovery Services Vault.
        This lock is intended to guard against deletion of backups due to accidental
        deletion of the storage account."},"id":"/subscriptions/00000000-0000-0000-0000-000000000000/resourcegroups/clitest.rgbbt37xr2le/providers/microsoft.storage/storageAccounts/clitest74vl6rwuxl5fbuklw/providers/Microsoft.Authorization/locks/AzureBackupProtectionLock","type":"Microsoft.Authorization/locks","name":"AzureBackupProtectionLock"},{"properties":{"level":"CanNotDelete","notes":"Auto-created
        by Azure Backup for storage accounts registered with a Recovery Services Vault.
        This lock is intended to guard against deletion of backups due to accidental
        deletion of the storage account."},"id":"/subscriptions/00000000-0000-0000-0000-000000000000/resourcegroups/clitest.rgbbt37xr2le/providers/microsoft.storage/storageAccounts/clitest5frikrzhxwryrkfel/providers/Microsoft.Authorization/locks/AzureBackupProtectionLock","type":"Microsoft.Authorization/locks","name":"AzureBackupProtectionLock"},{"properties":{"level":"CanNotDelete","notes":"Auto-created
        by Azure Backup for storage accounts registered with a Recovery Services Vault.
        This lock is intended to guard against deletion of backups due to accidental
        deletion of the storage account."},"id":"/subscriptions/00000000-0000-0000-0000-000000000000/resourcegroups/clitest.rgu7jwflzo6g/providers/microsoft.storage/storageAccounts/clitestwqzjytdeun46rphfd/providers/Microsoft.Authorization/locks/AzureBackupProtectionLock","type":"Microsoft.Authorization/locks","name":"AzureBackupProtectionLock"},{"properties":{"level":"CanNotDelete","notes":"Auto-created
        by Azure Backup for storage accounts registered with a Recovery Services Vault.
        This lock is intended to guard against deletion of backups due to accidental
        deletion of the storage account."},"id":"/subscriptions/00000000-0000-0000-0000-000000000000/resourcegroups/clitest.rggrglkh7zr7/providers/microsoft.storage/storageAccounts/clitest2f63bh43aix4wcnlh/providers/Microsoft.Authorization/locks/AzureBackupProtectionLock","type":"Microsoft.Authorization/locks","name":"AzureBackupProtectionLock"},{"properties":{"level":"CanNotDelete"},"id":"/subscriptions/00000000-0000-0000-0000-000000000000/resourcegroups/msyyc-test/providers/Microsoft.Storage/storageAccounts/storagemsyyc/providers/Microsoft.Authorization/locks/no-delete","type":"Microsoft.Authorization/locks","name":"no-delete"},{"properties":{"level":"CanNotDelete"},"id":"/subscriptions/00000000-0000-0000-0000-000000000000/resourceGroups/fyvm/providers/Microsoft.Authorization/locks/l1","type":"Microsoft.Authorization/locks","name":"l1"},{"properties":{"level":"CanNotDelete","notes":"Auto-created
        by Azure Backup for storage accounts registered with a Recovery Services Vault.
        This lock is intended to guard against deletion of backups due to accidental
        deletion of the storage account."},"id":"/subscriptions/00000000-0000-0000-0000-000000000000/resourcegroups/clitest.rgovptfsocfg/providers/microsoft.storage/storageAccounts/clitestz72bbbbv2cio2pmom/providers/Microsoft.Authorization/locks/AzureBackupProtectionLock","type":"Microsoft.Authorization/locks","name":"AzureBackupProtectionLock"},{"properties":{"level":"CanNotDelete"},"id":"/subscriptions/00000000-0000-0000-0000-000000000000/resourceGroups/portal2cli/providers/Microsoft.Web/sites/portal2cli/providers/Microsoft.Authorization/locks/lock","type":"Microsoft.Authorization/locks","name":"lock"},{"properties":{"level":"CanNotDelete"},"id":"/subscriptions/00000000-0000-0000-0000-000000000000/resourceGroups/portal2cli/providers/Microsoft.Web/sites/webp2c/providers/Microsoft.Authorization/locks/lock","type":"Microsoft.Authorization/locks","name":"lock"},{"properties":{"level":"CanNotDelete"},"id":"/subscriptions/00000000-0000-0000-0000-000000000000/resourceGroups/portal2cli/providers/Microsoft.Storage/storageAccounts/portal2clistorage/providers/Microsoft.Authorization/locks/lock","type":"Microsoft.Authorization/locks","name":"lock"},{"properties":{"level":"CanNotDelete"},"id":"/subscriptions/00000000-0000-0000-0000-000000000000/resourceGroups/FYTEST3/providers/Microsoft.Compute/disks/vm1_OsDisk_1_3eb858856d5643d0a15aca7514d2eecd/providers/Microsoft.Authorization/locks/l","type":"Microsoft.Authorization/locks","name":"l"},{"properties":{"level":"CanNotDelete"},"id":"/subscriptions/00000000-0000-0000-0000-000000000000/resourceGroups/fytest3/providers/Microsoft.Compute/images/image/providers/Microsoft.Authorization/locks/l","type":"Microsoft.Authorization/locks","name":"l"},{"properties":{"level":"CanNotDelete"},"id":"/subscriptions/00000000-0000-0000-0000-000000000000/resourcegroups/feng-cli-rg/providers/Microsoft.Storage/storageAccounts/fengtestsa/providers/Microsoft.Authorization/locks/salock","type":"Microsoft.Authorization/locks","name":"salock"},{"properties":{"level":"CanNotDelete","notes":"Auto-created
        by Azure Backup for storage accounts registered with a Recovery Services Vault.
        This lock is intended to guard against deletion of backups due to accidental
        deletion of the storage account."},"id":"/subscriptions/00000000-0000-0000-0000-000000000000/resourcegroups/clitest.rg6i4hl6iakg/providers/microsoft.storage/storageAccounts/clitestu3p7a7ib4n4y7gt4m/providers/Microsoft.Authorization/locks/AzureBackupProtectionLock","type":"Microsoft.Authorization/locks","name":"AzureBackupProtectionLock"},{"properties":{"level":"CanNotDelete","notes":"Auto-created
        by Azure Backup for storage accounts registered with a Recovery Services Vault.
        This lock is intended to guard against deletion of backups due to accidental
        deletion of the storage account."},"id":"/subscriptions/00000000-0000-0000-0000-000000000000/resourcegroups/clitest.rgzjznhcqaoh/providers/microsoft.storage/storageAccounts/clitestwznnmnfot33xjztmk/providers/Microsoft.Authorization/locks/AzureBackupProtectionLock","type":"Microsoft.Authorization/locks","name":"AzureBackupProtectionLock"},{"properties":{"level":"CanNotDelete"},"id":"/subscriptions/00000000-0000-0000-0000-000000000000/resourceGroups/cli_test_gallery_image_version_vhddqxkb6y7azmjc53fhkyr66se7po4i2ve5es2y46av/providers/Microsoft.Storage/storageAccounts/clitestuxrcexs7kgo3dqsiz/providers/Microsoft.Authorization/locks/l","type":"Microsoft.Authorization/locks","name":"l"},{"properties":{"level":"CanNotDelete","notes":""},"id":"/subscriptions/00000000-0000-0000-0000-000000000000/resourceGroups/new-experiences/providers/Microsoft.Authorization/locks/NO-DELETE","type":"Microsoft.Authorization/locks","name":"NO-DELETE"},{"properties":{"level":"CanNotDelete"},"id":"/subscriptions/00000000-0000-0000-0000-000000000000/resourceGroups/zuh/providers/Microsoft.Authorization/locks/delete","type":"Microsoft.Authorization/locks","name":"delete"},{"properties":{"level":"CanNotDelete"},"id":"/subscriptions/00000000-0000-0000-0000-000000000000/resourceGroups/jiasli-cli-dev/providers/Microsoft.Authorization/locks/dl","type":"Microsoft.Authorization/locks","name":"dl"},{"properties":{"level":"CanNotDelete","notes":"Auto-created
        by Azure Backup for storage accounts registered with a Recovery Services Vault.
        This lock is intended to guard against deletion of backups due to accidental
        deletion of the storage account."},"id":"/subscriptions/00000000-0000-0000-0000-000000000000/resourcegroups/clitest.rgp6ikwpcsq7/providers/microsoft.storage/storageAccounts/clitestggvkyebv5o55dhakj/providers/Microsoft.Authorization/locks/AzureBackupProtectionLock","type":"Microsoft.Authorization/locks","name":"AzureBackupProtectionLock"},{"properties":{"level":"CanNotDelete","notes":"Auto-created
        by Azure Backup for storage accounts registered with a Recovery Services Vault.
        This lock is intended to guard against deletion of backups due to accidental
        deletion of the storage account."},"id":"/subscriptions/00000000-0000-0000-0000-000000000000/resourcegroups/clitest.rgrc4sjsrzt4/providers/microsoft.storage/storageAccounts/clitest63b5vtkhuf7auho6z/providers/Microsoft.Authorization/locks/AzureBackupProtectionLock","type":"Microsoft.Authorization/locks","name":"AzureBackupProtectionLock"},{"properties":{"level":"CanNotDelete"},"id":"/subscriptions/00000000-0000-0000-0000-000000000000/resourceGroups/azure-cli-edge/providers/Microsoft.Authorization/locks/dl","type":"Microsoft.Authorization/locks","name":"dl"},{"properties":{"level":"CanNotDelete"},"id":"/subscriptions/00000000-0000-0000-0000-000000000000/resourceGroups/azure-cli-edge/providers/Microsoft.Storage/storageAccounts/azurecliedge/providers/Microsoft.Authorization/locks/azurecliedge-dl","type":"Microsoft.Authorization/locks","name":"azurecliedge-dl"},{"properties":{"level":"CanNotDelete"},"id":"/subscriptions/00000000-0000-0000-0000-000000000000/resourceGroups/fytest/providers/Microsoft.Storage/storageAccounts/sharedvmextension/providers/Microsoft.Authorization/locks/l1","type":"Microsoft.Authorization/locks","name":"l1"},{"properties":{"level":"CanNotDelete"},"id":"/subscriptions/00000000-0000-0000-0000-000000000000/resourceGroups/fytest/providers/Microsoft.Compute/images/img1/providers/Microsoft.Authorization/locks/l1","type":"Microsoft.Authorization/locks","name":"l1"},{"properties":{"level":"CanNotDelete"},"id":"/subscriptions/00000000-0000-0000-0000-000000000000/resourceGroups/fytest/providers/Microsoft.Compute/galleries/gallery1/images/image1/providers/Microsoft.Authorization/locks/l1","type":"Microsoft.Authorization/locks","name":"l1"},{"properties":{"level":"CanNotDelete","notes":"In
        case of deleting by incident"},"id":"/subscriptions/00000000-0000-0000-0000-000000000000/resourcegroups/azuresdktest_reserved/providers/Microsoft.Authorization/locks/LockReservedResources","type":"Microsoft.Authorization/locks","name":"LockReservedResources"},{"properties":{"level":"CanNotDelete","notes":"Auto-created
        by Azure Backup for storage accounts registered with a Recovery Services Vault.
        This lock is intended to guard against deletion of backups due to accidental
        deletion of the storage account."},"id":"/subscriptions/00000000-0000-0000-0000-000000000000/resourcegroups/clitest.rgv3m577d7ho/providers/microsoft.storage/storageAccounts/clitestej2fvhoj3zogyp5e7/providers/Microsoft.Authorization/locks/AzureBackupProtectionLock","type":"Microsoft.Authorization/locks","name":"AzureBackupProtectionLock"},{"properties":{"level":"CanNotDelete"},"id":"/subscriptions/00000000-0000-0000-0000-000000000000/resourceGroups/xz3-test/providers/Microsoft.Authorization/locks/NO-DELETE","type":"Microsoft.Authorization/locks","name":"NO-DELETE"},{"properties":{"level":"CanNotDelete"},"id":"/subscriptions/00000000-0000-0000-0000-000000000000/resourceGroups/cli-beta/providers/Microsoft.Authorization/locks/donotdelete","type":"Microsoft.Authorization/locks","name":"donotdelete"},{"properties":{"level":"CanNotDelete"},"id":"/subscriptions/00000000-0000-0000-0000-000000000000/resourcegroups/cli_test_lock_with_resource_id000001/providers/Microsoft.Network/virtualNetworks/cli-lock-vnet000002/subnets/cli-lock-subnet000003/providers/Microsoft.Authorization/locks/cli-test-lock000005","type":"Microsoft.Authorization/locks","name":"cli-test-lock000005"},{"properties":{"level":"CanNotDelete"},"id":"/subscriptions/00000000-0000-0000-0000-000000000000/resourceGroups/kairu-persist/providers/Microsoft.Authorization/locks/antidelete","type":"Microsoft.Authorization/locks","name":"antidelete"},{"properties":{"level":"CanNotDelete"},"id":"/subscriptions/00000000-0000-0000-0000-000000000000/resourcegroups/azps-test-group/providers/Microsoft.Authorization/locks/do-not-delete","type":"Microsoft.Authorization/locks","name":"do-not-delete"},{"properties":{"level":"CanNotDelete","notes":"Auto-created
        by Azure Backup for storage accounts registered with a Recovery Services Vault.
        This lock is intended to guard against deletion of backups due to accidental
        deletion of the storage account."},"id":"/subscriptions/00000000-0000-0000-0000-000000000000/resourcegroups/clitest.rgltfej7yr4u/providers/microsoft.storage/storageAccounts/clitestwvsg2uskf4i7vjfto/providers/Microsoft.Authorization/locks/AzureBackupProtectionLock","type":"Microsoft.Authorization/locks","name":"AzureBackupProtectionLock"},{"properties":{"level":"CanNotDelete"},"id":"/subscriptions/00000000-0000-0000-0000-000000000000/resourceGroups/qianwens/providers/Microsoft.Storage/storageAccounts/qianwendev/providers/Microsoft.Authorization/locks/donotedelete","type":"Microsoft.Authorization/locks","name":"donotedelete"},{"properties":{"level":"CanNotDelete"},"id":"/subscriptions/00000000-0000-0000-0000-000000000000/resourceGroups/clitestresult/providers/Microsoft.Authorization/locks/l","type":"Microsoft.Authorization/locks","name":"l"},{"properties":{"level":"CanNotDelete"},"id":"/subscriptions/00000000-0000-0000-0000-000000000000/resourceGroups/clitestresult/providers/Microsoft.Storage/storageAccounts/clitestresultstac/providers/Microsoft.Authorization/locks/l1","type":"Microsoft.Authorization/locks","name":"l1"},{"properties":{"level":"CanNotDelete"},"id":"/subscriptions/00000000-0000-0000-0000-000000000000/resourceGroups/clitestresult/providers/Microsoft.DBforMySQL/servers/clisqldbserver/providers/Microsoft.Authorization/locks/l1","type":"Microsoft.Authorization/locks","name":"l1"},{"properties":{"level":"CanNotDelete","notes":"for
        customer issue repro  (snowflake)"},"id":"/subscriptions/00000000-0000-0000-0000-000000000000/resourcegroups/storage-v2rt-repro/providers/Microsoft.Authorization/locks/DontDelete","type":"Microsoft.Authorization/locks","name":"DontDelete"},{"properties":{"level":"CanNotDelete","notes":"Auto-created
        by Azure Backup for storage accounts registered with a Recovery Services Vault.
        This lock is intended to guard against deletion of backups due to accidental
        deletion of the storage account."},"id":"/subscriptions/00000000-0000-0000-0000-000000000000/resourcegroups/clitest.rgdc25pvki6m/providers/microsoft.storage/storageAccounts/clitestkxu4ahsqaxv42cyyf/providers/Microsoft.Authorization/locks/AzureBackupProtectionLock","type":"Microsoft.Authorization/locks","name":"AzureBackupProtectionLock"},{"properties":{"level":"CanNotDelete","notes":"Auto-created
        by Azure Backup for storage accounts registered with a Recovery Services Vault.
        This lock is intended to guard against deletion of backups due to accidental
        deletion of the storage account."},"id":"/subscriptions/00000000-0000-0000-0000-000000000000/resourcegroups/clitest.rgekim5ct43n/providers/microsoft.storage/storageAccounts/clitest6jusqp4qvczw52pql/providers/Microsoft.Authorization/locks/AzureBackupProtectionLock","type":"Microsoft.Authorization/locks","name":"AzureBackupProtectionLock"},{"properties":{"level":"CanNotDelete"},"id":"/subscriptions/00000000-0000-0000-0000-000000000000/resourceGroups/jl-vm-ssh/providers/Microsoft.Authorization/locks/dl","type":"Microsoft.Authorization/locks","name":"dl"},{"properties":{"level":"CanNotDelete"},"id":"/subscriptions/00000000-0000-0000-0000-000000000000/resourcegroups/cli_test_cannotdelete_resource_lockbfuaftaa7m4m77urywe56rs3yfr4sr3ybmrsclix/providers/Microsoft.Network/virtualNetworks/cli.lock.rsrchikdj2r5lezlez4w6/providers/Microsoft.Authorization/locks/cli-test-locklxyko2yruqpd6z2mdw7bw43sff3nuyz2n5ygpm5opgtajrdjgyb7c7fau6kgw","type":"Microsoft.Authorization/locks","name":"cli-test-locklxyko2yruqpd6z2mdw7bw43sff3nuyz2n5ygpm5opgtajrdjgyb7c7fau6kgw"},{"properties":{"level":"CanNotDelete"},"id":"/subscriptions/00000000-0000-0000-0000-000000000000/resourceGroups/t-yakou2/providers/Microsoft.Web/sites/WebAppPortal2CLI20200827092707/providers/Microsoft.Authorization/locks/dont_delete_me","type":"Microsoft.Authorization/locks","name":"dont_delete_me"},{"properties":{"level":"CanNotDelete","notes":"Auto-created
        by Azure Backup for storage accounts registered with a Recovery Services Vault.
        This lock is intended to guard against deletion of backups due to accidental
        deletion of the storage account."},"id":"/subscriptions/00000000-0000-0000-0000-000000000000/resourcegroups/clitest.rgghkyqf7pb5/providers/microsoft.storage/storageAccounts/clitestpuea6vlqwxw6ihiws/providers/Microsoft.Authorization/locks/AzureBackupProtectionLock","type":"Microsoft.Authorization/locks","name":"AzureBackupProtectionLock"},{"properties":{"level":"CanNotDelete"},"id":"/subscriptions/00000000-0000-0000-0000-000000000000/resourceGroups/cli_test_gallery_image_version_vhddmban3xow2tgyly5j6xaruoliqaj443p3brq46idi/providers/Microsoft.Storage/storageAccounts/clitest4ydp57ynxl5tcjktl/providers/Microsoft.Authorization/locks/l1","type":"Microsoft.Authorization/locks","name":"l1"},{"properties":{"level":"CanNotDelete"},"id":"/subscriptions/00000000-0000-0000-0000-000000000000/resourceGroups/t-yueshi/providers/Microsoft.Authorization/locks/lock","type":"Microsoft.Authorization/locks","name":"lock"}]}'
    headers:
      cache-control:
      - no-cache
      content-length:
      - '25706'
      content-type:
      - application/json; charset=utf-8
      date:
      - Wed, 07 Jul 2021 09:27:26 GMT
      expires:
      - '-1'
      pragma:
      - no-cache
      strict-transport-security:
      - max-age=31536000; includeSubDomains
      transfer-encoding:
      - chunked
      vary:
      - Accept-Encoding,Accept-Encoding
      x-content-type-options:
      - nosniff
    status:
      code: 200
      message: OK
- request:
    body: null
    headers:
      Accept:
      - '*/*'
      Accept-Encoding:
      - gzip, deflate
      CommandName:
      - lock delete
      Connection:
      - keep-alive
      Content-Length:
      - '0'
      ParameterSetName:
      - --name --resource
      User-Agent:
      - AZURECLI/2.26.0 azsdk-python-azure-mgmt-resource/18.0.0 Python/3.8.3 (Windows-10-10.0.18362-SP0)
    method: DELETE
    uri: https://management.azure.com/subscriptions/00000000-0000-0000-0000-000000000000/resourcegroups/cli_test_lock_with_resource_id000001/providers/Microsoft.Network/virtualNetworks/cli-lock-vnet000002/subnets/cli-lock-subnet000003/providers/Microsoft.Authorization/locks/cli-test-lock000005?api-version=2016-09-01
  response:
    body:
      string: ''
    headers:
      cache-control:
      - no-cache
      content-length:
      - '0'
      date:
      - Wed, 07 Jul 2021 09:27:26 GMT
      expires:
      - '-1'
      pragma:
      - no-cache
      strict-transport-security:
      - max-age=31536000; includeSubDomains
      x-content-type-options:
      - nosniff
      x-ms-ratelimit-remaining-subscription-deletes:
      - '14999'
    status:
      code: 200
      message: OK
version: 1
