interactions:
- request:
    body: null
    headers:
      Accept:
      - application/json
      Accept-Encoding:
      - gzip, deflate
      CommandName:
      - network nsg create
      Connection:
      - keep-alive
      ParameterSetName:
      - -n -g
      User-Agent:
      - AZURECLI/2.39.0 azsdk-python-azure-mgmt-resource/21.1.0b1 Python/3.10.6 (Linux-5.15.0-1017-azure-x86_64-with-glibc2.31)
        VSTS_0fb41ef4-5012-48a9-bf39-4ee3de03ee35_build_4949_0
    method: GET
    uri: https://management.azure.com/subscriptions/00000000-0000-0000-0000-000000000000/resourcegroups/cli_test_resource_move_source000002?api-version=2021-04-01
  response:
    body:
      string: '{"id":"/subscriptions/00000000-0000-0000-0000-000000000000/resourceGroups/cli_test_resource_move_source000002","name":"cli_test_resource_move_source000002","type":"Microsoft.Resources/resourceGroups","location":"westus","tags":{"product":"azurecli","cause":"automation","date":"2022-08-26T05:43:01Z"},"properties":{"provisioningState":"Succeeded"}}'
    headers:
      cache-control:
      - no-cache
      content-length:
      - '348'
      content-type:
      - application/json; charset=utf-8
      date:
      - Fri, 26 Aug 2022 05:43:02 GMT
      expires:
      - '-1'
      pragma:
      - no-cache
      strict-transport-security:
      - max-age=31536000; includeSubDomains
      vary:
      - Accept-Encoding
      x-content-type-options:
      - nosniff
    status:
      code: 200
      message: OK
- request:
    body: '{"location": "westus"}'
    headers:
      Accept:
      - application/json
      Accept-Encoding:
      - gzip, deflate
      CommandName:
      - network nsg create
      Connection:
      - keep-alive
      Content-Length:
      - '22'
      Content-Type:
      - application/json
      ParameterSetName:
      - -n -g
      User-Agent:
      - AZURECLI/2.39.0 azsdk-python-azure-mgmt-network/21.0.1 Python/3.10.6 (Linux-5.15.0-1017-azure-x86_64-with-glibc2.31)
        VSTS_0fb41ef4-5012-48a9-bf39-4ee3de03ee35_build_4949_0
    method: PUT
    uri: https://management.azure.com/subscriptions/00000000-0000-0000-0000-000000000000/resourceGroups/cli_test_resource_move_source000002/providers/Microsoft.Network/networkSecurityGroups/nsg-move000003?api-version=2022-01-01
  response:
    body:
      string: "{\r\n  \"name\": \"nsg-move000003\",\r\n  \"id\": \"/subscriptions/00000000-0000-0000-0000-000000000000/resourceGroups/cli_test_resource_move_source000002/providers/Microsoft.Network/networkSecurityGroups/nsg-move000003\",\r\n
        \ \"etag\": \"W/\\\"8331acfd-a158-4f29-b6de-524c221cd655\\\"\",\r\n  \"type\":
        \"Microsoft.Network/networkSecurityGroups\",\r\n  \"location\": \"westus\",\r\n
        \ \"properties\": {\r\n    \"provisioningState\": \"Updating\",\r\n    \"resourceGuid\":
        \"ec5c64b9-3f3b-400f-9346-1eac56756486\",\r\n    \"securityRules\": [],\r\n
        \   \"defaultSecurityRules\": [\r\n      {\r\n        \"name\": \"AllowVnetInBound\",\r\n
        \       \"id\": \"/subscriptions/00000000-0000-0000-0000-000000000000/resourceGroups/cli_test_resource_move_source000002/providers/Microsoft.Network/networkSecurityGroups/nsg-move000003/defaultSecurityRules/AllowVnetInBound\",\r\n
        \       \"etag\": \"W/\\\"8331acfd-a158-4f29-b6de-524c221cd655\\\"\",\r\n
        \       \"type\": \"Microsoft.Network/networkSecurityGroups/defaultSecurityRules\",\r\n
        \       \"properties\": {\r\n          \"provisioningState\": \"Updating\",\r\n
        \         \"description\": \"Allow inbound traffic from all VMs in VNET\",\r\n
        \         \"protocol\": \"*\",\r\n          \"sourcePortRange\": \"*\",\r\n
        \         \"destinationPortRange\": \"*\",\r\n          \"sourceAddressPrefix\":
        \"VirtualNetwork\",\r\n          \"destinationAddressPrefix\": \"VirtualNetwork\",\r\n
        \         \"access\": \"Allow\",\r\n          \"priority\": 65000,\r\n          \"direction\":
        \"Inbound\",\r\n          \"sourcePortRanges\": [],\r\n          \"destinationPortRanges\":
        [],\r\n          \"sourceAddressPrefixes\": [],\r\n          \"destinationAddressPrefixes\":
        []\r\n        }\r\n      },\r\n      {\r\n        \"name\": \"AllowAzureLoadBalancerInBound\",\r\n
        \       \"id\": \"/subscriptions/00000000-0000-0000-0000-000000000000/resourceGroups/cli_test_resource_move_source000002/providers/Microsoft.Network/networkSecurityGroups/nsg-move000003/defaultSecurityRules/AllowAzureLoadBalancerInBound\",\r\n
        \       \"etag\": \"W/\\\"8331acfd-a158-4f29-b6de-524c221cd655\\\"\",\r\n
        \       \"type\": \"Microsoft.Network/networkSecurityGroups/defaultSecurityRules\",\r\n
        \       \"properties\": {\r\n          \"provisioningState\": \"Updating\",\r\n
        \         \"description\": \"Allow inbound traffic from azure load balancer\",\r\n
        \         \"protocol\": \"*\",\r\n          \"sourcePortRange\": \"*\",\r\n
        \         \"destinationPortRange\": \"*\",\r\n          \"sourceAddressPrefix\":
        \"AzureLoadBalancer\",\r\n          \"destinationAddressPrefix\": \"*\",\r\n
        \         \"access\": \"Allow\",\r\n          \"priority\": 65001,\r\n          \"direction\":
        \"Inbound\",\r\n          \"sourcePortRanges\": [],\r\n          \"destinationPortRanges\":
        [],\r\n          \"sourceAddressPrefixes\": [],\r\n          \"destinationAddressPrefixes\":
        []\r\n        }\r\n      },\r\n      {\r\n        \"name\": \"DenyAllInBound\",\r\n
        \       \"id\": \"/subscriptions/00000000-0000-0000-0000-000000000000/resourceGroups/cli_test_resource_move_source000002/providers/Microsoft.Network/networkSecurityGroups/nsg-move000003/defaultSecurityRules/DenyAllInBound\",\r\n
        \       \"etag\": \"W/\\\"8331acfd-a158-4f29-b6de-524c221cd655\\\"\",\r\n
        \       \"type\": \"Microsoft.Network/networkSecurityGroups/defaultSecurityRules\",\r\n
        \       \"properties\": {\r\n          \"provisioningState\": \"Updating\",\r\n
        \         \"description\": \"Deny all inbound traffic\",\r\n          \"protocol\":
        \"*\",\r\n          \"sourcePortRange\": \"*\",\r\n          \"destinationPortRange\":
        \"*\",\r\n          \"sourceAddressPrefix\": \"*\",\r\n          \"destinationAddressPrefix\":
        \"*\",\r\n          \"access\": \"Deny\",\r\n          \"priority\": 65500,\r\n
        \         \"direction\": \"Inbound\",\r\n          \"sourcePortRanges\": [],\r\n
        \         \"destinationPortRanges\": [],\r\n          \"sourceAddressPrefixes\":
        [],\r\n          \"destinationAddressPrefixes\": []\r\n        }\r\n      },\r\n
        \     {\r\n        \"name\": \"AllowVnetOutBound\",\r\n        \"id\": \"/subscriptions/00000000-0000-0000-0000-000000000000/resourceGroups/cli_test_resource_move_source000002/providers/Microsoft.Network/networkSecurityGroups/nsg-move000003/defaultSecurityRules/AllowVnetOutBound\",\r\n
        \       \"etag\": \"W/\\\"8331acfd-a158-4f29-b6de-524c221cd655\\\"\",\r\n
        \       \"type\": \"Microsoft.Network/networkSecurityGroups/defaultSecurityRules\",\r\n
        \       \"properties\": {\r\n          \"provisioningState\": \"Updating\",\r\n
        \         \"description\": \"Allow outbound traffic from all VMs to all VMs
        in VNET\",\r\n          \"protocol\": \"*\",\r\n          \"sourcePortRange\":
        \"*\",\r\n          \"destinationPortRange\": \"*\",\r\n          \"sourceAddressPrefix\":
        \"VirtualNetwork\",\r\n          \"destinationAddressPrefix\": \"VirtualNetwork\",\r\n
        \         \"access\": \"Allow\",\r\n          \"priority\": 65000,\r\n          \"direction\":
        \"Outbound\",\r\n          \"sourcePortRanges\": [],\r\n          \"destinationPortRanges\":
        [],\r\n          \"sourceAddressPrefixes\": [],\r\n          \"destinationAddressPrefixes\":
        []\r\n        }\r\n      },\r\n      {\r\n        \"name\": \"AllowInternetOutBound\",\r\n
        \       \"id\": \"/subscriptions/00000000-0000-0000-0000-000000000000/resourceGroups/cli_test_resource_move_source000002/providers/Microsoft.Network/networkSecurityGroups/nsg-move000003/defaultSecurityRules/AllowInternetOutBound\",\r\n
        \       \"etag\": \"W/\\\"8331acfd-a158-4f29-b6de-524c221cd655\\\"\",\r\n
        \       \"type\": \"Microsoft.Network/networkSecurityGroups/defaultSecurityRules\",\r\n
        \       \"properties\": {\r\n          \"provisioningState\": \"Updating\",\r\n
        \         \"description\": \"Allow outbound traffic from all VMs to Internet\",\r\n
        \         \"protocol\": \"*\",\r\n          \"sourcePortRange\": \"*\",\r\n
        \         \"destinationPortRange\": \"*\",\r\n          \"sourceAddressPrefix\":
        \"*\",\r\n          \"destinationAddressPrefix\": \"Internet\",\r\n          \"access\":
        \"Allow\",\r\n          \"priority\": 65001,\r\n          \"direction\": \"Outbound\",\r\n
        \         \"sourcePortRanges\": [],\r\n          \"destinationPortRanges\":
        [],\r\n          \"sourceAddressPrefixes\": [],\r\n          \"destinationAddressPrefixes\":
        []\r\n        }\r\n      },\r\n      {\r\n        \"name\": \"DenyAllOutBound\",\r\n
        \       \"id\": \"/subscriptions/00000000-0000-0000-0000-000000000000/resourceGroups/cli_test_resource_move_source000002/providers/Microsoft.Network/networkSecurityGroups/nsg-move000003/defaultSecurityRules/DenyAllOutBound\",\r\n
        \       \"etag\": \"W/\\\"8331acfd-a158-4f29-b6de-524c221cd655\\\"\",\r\n
        \       \"type\": \"Microsoft.Network/networkSecurityGroups/defaultSecurityRules\",\r\n
        \       \"properties\": {\r\n          \"provisioningState\": \"Updating\",\r\n
        \         \"description\": \"Deny all outbound traffic\",\r\n          \"protocol\":
        \"*\",\r\n          \"sourcePortRange\": \"*\",\r\n          \"destinationPortRange\":
        \"*\",\r\n          \"sourceAddressPrefix\": \"*\",\r\n          \"destinationAddressPrefix\":
        \"*\",\r\n          \"access\": \"Deny\",\r\n          \"priority\": 65500,\r\n
        \         \"direction\": \"Outbound\",\r\n          \"sourcePortRanges\":
        [],\r\n          \"destinationPortRanges\": [],\r\n          \"sourceAddressPrefixes\":
        [],\r\n          \"destinationAddressPrefixes\": []\r\n        }\r\n      }\r\n
        \   ]\r\n  }\r\n}"
    headers:
      azure-asyncnotification:
      - Enabled
      azure-asyncoperation:
      - https://management.azure.com/subscriptions/00000000-0000-0000-0000-000000000000/providers/Microsoft.Network/locations/westus/operations/269d7879-8d1d-41a1-aeef-276c120e63a5?api-version=2022-01-01
      cache-control:
      - no-cache
      content-length:
      - '6725'
      content-type:
      - application/json; charset=utf-8
      date:
      - Fri, 26 Aug 2022 05:43:04 GMT
      expires:
      - '-1'
      pragma:
      - no-cache
      server:
      - Microsoft-HTTPAPI/2.0
      - Microsoft-HTTPAPI/2.0
      strict-transport-security:
      - max-age=31536000; includeSubDomains
      x-content-type-options:
      - nosniff
      x-ms-arm-service-request-id:
      - c5dbb90d-a7fd-438a-baf4-24a6d3fc5f01
      x-ms-ratelimit-remaining-subscription-writes:
      - '1198'
    status:
      code: 201
      message: Created
- request:
    body: null
    headers:
      Accept:
      - '*/*'
      Accept-Encoding:
      - gzip, deflate
      CommandName:
      - network nsg create
      Connection:
      - keep-alive
      ParameterSetName:
      - -n -g
      User-Agent:
      - AZURECLI/2.39.0 azsdk-python-azure-mgmt-network/21.0.1 Python/3.10.6 (Linux-5.15.0-1017-azure-x86_64-with-glibc2.31)
        VSTS_0fb41ef4-5012-48a9-bf39-4ee3de03ee35_build_4949_0
    method: GET
    uri: https://management.azure.com/subscriptions/00000000-0000-0000-0000-000000000000/providers/Microsoft.Network/locations/westus/operations/269d7879-8d1d-41a1-aeef-276c120e63a5?api-version=2022-01-01
  response:
    body:
      string: "{\r\n  \"status\": \"Succeeded\"\r\n}"
    headers:
      cache-control:
      - no-cache
      content-length:
      - '29'
      content-type:
      - application/json; charset=utf-8
      date:
      - Fri, 26 Aug 2022 05:43:07 GMT
      expires:
      - '-1'
      pragma:
      - no-cache
      server:
      - Microsoft-HTTPAPI/2.0
      - Microsoft-HTTPAPI/2.0
      strict-transport-security:
      - max-age=31536000; includeSubDomains
      transfer-encoding:
      - chunked
      vary:
      - Accept-Encoding
      x-content-type-options:
      - nosniff
      x-ms-arm-service-request-id:
      - c10d904b-b3e0-4f01-bcdc-d33974a55af4
    status:
      code: 200
      message: OK
- request:
    body: null
    headers:
      Accept:
      - '*/*'
      Accept-Encoding:
      - gzip, deflate
      CommandName:
      - network nsg create
      Connection:
      - keep-alive
      ParameterSetName:
      - -n -g
      User-Agent:
      - AZURECLI/2.39.0 azsdk-python-azure-mgmt-network/21.0.1 Python/3.10.6 (Linux-5.15.0-1017-azure-x86_64-with-glibc2.31)
        VSTS_0fb41ef4-5012-48a9-bf39-4ee3de03ee35_build_4949_0
    method: GET
    uri: https://management.azure.com/subscriptions/00000000-0000-0000-0000-000000000000/resourceGroups/cli_test_resource_move_source000002/providers/Microsoft.Network/networkSecurityGroups/nsg-move000003?api-version=2022-01-01
  response:
    body:
      string: "{\r\n  \"name\": \"nsg-move000003\",\r\n  \"id\": \"/subscriptions/00000000-0000-0000-0000-000000000000/resourceGroups/cli_test_resource_move_source000002/providers/Microsoft.Network/networkSecurityGroups/nsg-move000003\",\r\n
        \ \"etag\": \"W/\\\"d06b223f-9f70-49a1-946c-881253d61e47\\\"\",\r\n  \"type\":
        \"Microsoft.Network/networkSecurityGroups\",\r\n  \"location\": \"westus\",\r\n
        \ \"properties\": {\r\n    \"provisioningState\": \"Succeeded\",\r\n    \"resourceGuid\":
        \"ec5c64b9-3f3b-400f-9346-1eac56756486\",\r\n    \"securityRules\": [],\r\n
        \   \"defaultSecurityRules\": [\r\n      {\r\n        \"name\": \"AllowVnetInBound\",\r\n
        \       \"id\": \"/subscriptions/00000000-0000-0000-0000-000000000000/resourceGroups/cli_test_resource_move_source000002/providers/Microsoft.Network/networkSecurityGroups/nsg-move000003/defaultSecurityRules/AllowVnetInBound\",\r\n
        \       \"etag\": \"W/\\\"d06b223f-9f70-49a1-946c-881253d61e47\\\"\",\r\n
        \       \"type\": \"Microsoft.Network/networkSecurityGroups/defaultSecurityRules\",\r\n
        \       \"properties\": {\r\n          \"provisioningState\": \"Succeeded\",\r\n
        \         \"description\": \"Allow inbound traffic from all VMs in VNET\",\r\n
        \         \"protocol\": \"*\",\r\n          \"sourcePortRange\": \"*\",\r\n
        \         \"destinationPortRange\": \"*\",\r\n          \"sourceAddressPrefix\":
        \"VirtualNetwork\",\r\n          \"destinationAddressPrefix\": \"VirtualNetwork\",\r\n
        \         \"access\": \"Allow\",\r\n          \"priority\": 65000,\r\n          \"direction\":
        \"Inbound\",\r\n          \"sourcePortRanges\": [],\r\n          \"destinationPortRanges\":
        [],\r\n          \"sourceAddressPrefixes\": [],\r\n          \"destinationAddressPrefixes\":
        []\r\n        }\r\n      },\r\n      {\r\n        \"name\": \"AllowAzureLoadBalancerInBound\",\r\n
        \       \"id\": \"/subscriptions/00000000-0000-0000-0000-000000000000/resourceGroups/cli_test_resource_move_source000002/providers/Microsoft.Network/networkSecurityGroups/nsg-move000003/defaultSecurityRules/AllowAzureLoadBalancerInBound\",\r\n
        \       \"etag\": \"W/\\\"d06b223f-9f70-49a1-946c-881253d61e47\\\"\",\r\n
        \       \"type\": \"Microsoft.Network/networkSecurityGroups/defaultSecurityRules\",\r\n
        \       \"properties\": {\r\n          \"provisioningState\": \"Succeeded\",\r\n
        \         \"description\": \"Allow inbound traffic from azure load balancer\",\r\n
        \         \"protocol\": \"*\",\r\n          \"sourcePortRange\": \"*\",\r\n
        \         \"destinationPortRange\": \"*\",\r\n          \"sourceAddressPrefix\":
        \"AzureLoadBalancer\",\r\n          \"destinationAddressPrefix\": \"*\",\r\n
        \         \"access\": \"Allow\",\r\n          \"priority\": 65001,\r\n          \"direction\":
        \"Inbound\",\r\n          \"sourcePortRanges\": [],\r\n          \"destinationPortRanges\":
        [],\r\n          \"sourceAddressPrefixes\": [],\r\n          \"destinationAddressPrefixes\":
        []\r\n        }\r\n      },\r\n      {\r\n        \"name\": \"DenyAllInBound\",\r\n
        \       \"id\": \"/subscriptions/00000000-0000-0000-0000-000000000000/resourceGroups/cli_test_resource_move_source000002/providers/Microsoft.Network/networkSecurityGroups/nsg-move000003/defaultSecurityRules/DenyAllInBound\",\r\n
        \       \"etag\": \"W/\\\"d06b223f-9f70-49a1-946c-881253d61e47\\\"\",\r\n
        \       \"type\": \"Microsoft.Network/networkSecurityGroups/defaultSecurityRules\",\r\n
        \       \"properties\": {\r\n          \"provisioningState\": \"Succeeded\",\r\n
        \         \"description\": \"Deny all inbound traffic\",\r\n          \"protocol\":
        \"*\",\r\n          \"sourcePortRange\": \"*\",\r\n          \"destinationPortRange\":
        \"*\",\r\n          \"sourceAddressPrefix\": \"*\",\r\n          \"destinationAddressPrefix\":
        \"*\",\r\n          \"access\": \"Deny\",\r\n          \"priority\": 65500,\r\n
        \         \"direction\": \"Inbound\",\r\n          \"sourcePortRanges\": [],\r\n
        \         \"destinationPortRanges\": [],\r\n          \"sourceAddressPrefixes\":
        [],\r\n          \"destinationAddressPrefixes\": []\r\n        }\r\n      },\r\n
        \     {\r\n        \"name\": \"AllowVnetOutBound\",\r\n        \"id\": \"/subscriptions/00000000-0000-0000-0000-000000000000/resourceGroups/cli_test_resource_move_source000002/providers/Microsoft.Network/networkSecurityGroups/nsg-move000003/defaultSecurityRules/AllowVnetOutBound\",\r\n
        \       \"etag\": \"W/\\\"d06b223f-9f70-49a1-946c-881253d61e47\\\"\",\r\n
        \       \"type\": \"Microsoft.Network/networkSecurityGroups/defaultSecurityRules\",\r\n
        \       \"properties\": {\r\n          \"provisioningState\": \"Succeeded\",\r\n
        \         \"description\": \"Allow outbound traffic from all VMs to all VMs
        in VNET\",\r\n          \"protocol\": \"*\",\r\n          \"sourcePortRange\":
        \"*\",\r\n          \"destinationPortRange\": \"*\",\r\n          \"sourceAddressPrefix\":
        \"VirtualNetwork\",\r\n          \"destinationAddressPrefix\": \"VirtualNetwork\",\r\n
        \         \"access\": \"Allow\",\r\n          \"priority\": 65000,\r\n          \"direction\":
        \"Outbound\",\r\n          \"sourcePortRanges\": [],\r\n          \"destinationPortRanges\":
        [],\r\n          \"sourceAddressPrefixes\": [],\r\n          \"destinationAddressPrefixes\":
        []\r\n        }\r\n      },\r\n      {\r\n        \"name\": \"AllowInternetOutBound\",\r\n
        \       \"id\": \"/subscriptions/00000000-0000-0000-0000-000000000000/resourceGroups/cli_test_resource_move_source000002/providers/Microsoft.Network/networkSecurityGroups/nsg-move000003/defaultSecurityRules/AllowInternetOutBound\",\r\n
        \       \"etag\": \"W/\\\"d06b223f-9f70-49a1-946c-881253d61e47\\\"\",\r\n
        \       \"type\": \"Microsoft.Network/networkSecurityGroups/defaultSecurityRules\",\r\n
        \       \"properties\": {\r\n          \"provisioningState\": \"Succeeded\",\r\n
        \         \"description\": \"Allow outbound traffic from all VMs to Internet\",\r\n
        \         \"protocol\": \"*\",\r\n          \"sourcePortRange\": \"*\",\r\n
        \         \"destinationPortRange\": \"*\",\r\n          \"sourceAddressPrefix\":
        \"*\",\r\n          \"destinationAddressPrefix\": \"Internet\",\r\n          \"access\":
        \"Allow\",\r\n          \"priority\": 65001,\r\n          \"direction\": \"Outbound\",\r\n
        \         \"sourcePortRanges\": [],\r\n          \"destinationPortRanges\":
        [],\r\n          \"sourceAddressPrefixes\": [],\r\n          \"destinationAddressPrefixes\":
        []\r\n        }\r\n      },\r\n      {\r\n        \"name\": \"DenyAllOutBound\",\r\n
        \       \"id\": \"/subscriptions/00000000-0000-0000-0000-000000000000/resourceGroups/cli_test_resource_move_source000002/providers/Microsoft.Network/networkSecurityGroups/nsg-move000003/defaultSecurityRules/DenyAllOutBound\",\r\n
        \       \"etag\": \"W/\\\"d06b223f-9f70-49a1-946c-881253d61e47\\\"\",\r\n
        \       \"type\": \"Microsoft.Network/networkSecurityGroups/defaultSecurityRules\",\r\n
        \       \"properties\": {\r\n          \"provisioningState\": \"Succeeded\",\r\n
        \         \"description\": \"Deny all outbound traffic\",\r\n          \"protocol\":
        \"*\",\r\n          \"sourcePortRange\": \"*\",\r\n          \"destinationPortRange\":
        \"*\",\r\n          \"sourceAddressPrefix\": \"*\",\r\n          \"destinationAddressPrefix\":
        \"*\",\r\n          \"access\": \"Deny\",\r\n          \"priority\": 65500,\r\n
        \         \"direction\": \"Outbound\",\r\n          \"sourcePortRanges\":
        [],\r\n          \"destinationPortRanges\": [],\r\n          \"sourceAddressPrefixes\":
        [],\r\n          \"destinationAddressPrefixes\": []\r\n        }\r\n      }\r\n
        \   ]\r\n  }\r\n}"
    headers:
      cache-control:
      - no-cache
      content-length:
      - '6732'
      content-type:
      - application/json; charset=utf-8
      date:
      - Fri, 26 Aug 2022 05:43:07 GMT
      etag:
      - W/"d06b223f-9f70-49a1-946c-881253d61e47"
      expires:
      - '-1'
      pragma:
      - no-cache
      server:
      - Microsoft-HTTPAPI/2.0
      - Microsoft-HTTPAPI/2.0
      strict-transport-security:
      - max-age=31536000; includeSubDomains
      transfer-encoding:
      - chunked
      vary:
      - Accept-Encoding
      x-content-type-options:
      - nosniff
      x-ms-arm-service-request-id:
      - 61b5d62f-cede-48dc-a3a9-30d4e5bcbb04
    status:
      code: 200
      message: OK
- request:
    body: null
    headers:
      Accept:
      - application/json
      Accept-Encoding:
      - gzip, deflate
      CommandName:
      - network nsg create
      Connection:
      - keep-alive
      ParameterSetName:
      - -n -g
      User-Agent:
      - AZURECLI/2.39.0 azsdk-python-azure-mgmt-resource/21.1.0b1 Python/3.10.6 (Linux-5.15.0-1017-azure-x86_64-with-glibc2.31)
        VSTS_0fb41ef4-5012-48a9-bf39-4ee3de03ee35_build_4949_0
    method: GET
    uri: https://management.azure.com/subscriptions/00000000-0000-0000-0000-000000000000/resourcegroups/cli_test_resource_move_source000002?api-version=2021-04-01
  response:
    body:
      string: '{"id":"/subscriptions/00000000-0000-0000-0000-000000000000/resourceGroups/cli_test_resource_move_source000002","name":"cli_test_resource_move_source000002","type":"Microsoft.Resources/resourceGroups","location":"westus","tags":{"product":"azurecli","cause":"automation","date":"2022-08-26T05:43:01Z"},"properties":{"provisioningState":"Succeeded"}}'
    headers:
      cache-control:
      - no-cache
      content-length:
      - '348'
      content-type:
      - application/json; charset=utf-8
      date:
      - Fri, 26 Aug 2022 05:43:08 GMT
      expires:
      - '-1'
      pragma:
      - no-cache
      strict-transport-security:
      - max-age=31536000; includeSubDomains
      vary:
      - Accept-Encoding
      x-content-type-options:
      - nosniff
    status:
      code: 200
      message: OK
- request:
    body: '{"location": "westus"}'
    headers:
      Accept:
      - application/json
      Accept-Encoding:
      - gzip, deflate
      CommandName:
      - network nsg create
      Connection:
      - keep-alive
      Content-Length:
      - '22'
      Content-Type:
      - application/json
      ParameterSetName:
      - -n -g
      User-Agent:
      - AZURECLI/2.39.0 azsdk-python-azure-mgmt-network/21.0.1 Python/3.10.6 (Linux-5.15.0-1017-azure-x86_64-with-glibc2.31)
        VSTS_0fb41ef4-5012-48a9-bf39-4ee3de03ee35_build_4949_0
    method: PUT
    uri: https://management.azure.com/subscriptions/00000000-0000-0000-0000-000000000000/resourceGroups/cli_test_resource_move_source000002/providers/Microsoft.Network/networkSecurityGroups/nsg-move000004?api-version=2022-01-01
  response:
    body:
      string: "{\r\n  \"name\": \"nsg-move000004\",\r\n  \"id\": \"/subscriptions/00000000-0000-0000-0000-000000000000/resourceGroups/cli_test_resource_move_source000002/providers/Microsoft.Network/networkSecurityGroups/nsg-move000004\",\r\n
        \ \"etag\": \"W/\\\"3377fd45-daa6-4f32-b9b2-5d046d4810c0\\\"\",\r\n  \"type\":
        \"Microsoft.Network/networkSecurityGroups\",\r\n  \"location\": \"westus\",\r\n
        \ \"properties\": {\r\n    \"provisioningState\": \"Updating\",\r\n    \"resourceGuid\":
        \"4cc7e892-0ab4-46e9-a4b3-c0465c0942e3\",\r\n    \"securityRules\": [],\r\n
        \   \"defaultSecurityRules\": [\r\n      {\r\n        \"name\": \"AllowVnetInBound\",\r\n
        \       \"id\": \"/subscriptions/00000000-0000-0000-0000-000000000000/resourceGroups/cli_test_resource_move_source000002/providers/Microsoft.Network/networkSecurityGroups/nsg-move000004/defaultSecurityRules/AllowVnetInBound\",\r\n
        \       \"etag\": \"W/\\\"3377fd45-daa6-4f32-b9b2-5d046d4810c0\\\"\",\r\n
        \       \"type\": \"Microsoft.Network/networkSecurityGroups/defaultSecurityRules\",\r\n
        \       \"properties\": {\r\n          \"provisioningState\": \"Updating\",\r\n
        \         \"description\": \"Allow inbound traffic from all VMs in VNET\",\r\n
        \         \"protocol\": \"*\",\r\n          \"sourcePortRange\": \"*\",\r\n
        \         \"destinationPortRange\": \"*\",\r\n          \"sourceAddressPrefix\":
        \"VirtualNetwork\",\r\n          \"destinationAddressPrefix\": \"VirtualNetwork\",\r\n
        \         \"access\": \"Allow\",\r\n          \"priority\": 65000,\r\n          \"direction\":
        \"Inbound\",\r\n          \"sourcePortRanges\": [],\r\n          \"destinationPortRanges\":
        [],\r\n          \"sourceAddressPrefixes\": [],\r\n          \"destinationAddressPrefixes\":
        []\r\n        }\r\n      },\r\n      {\r\n        \"name\": \"AllowAzureLoadBalancerInBound\",\r\n
        \       \"id\": \"/subscriptions/00000000-0000-0000-0000-000000000000/resourceGroups/cli_test_resource_move_source000002/providers/Microsoft.Network/networkSecurityGroups/nsg-move000004/defaultSecurityRules/AllowAzureLoadBalancerInBound\",\r\n
        \       \"etag\": \"W/\\\"3377fd45-daa6-4f32-b9b2-5d046d4810c0\\\"\",\r\n
        \       \"type\": \"Microsoft.Network/networkSecurityGroups/defaultSecurityRules\",\r\n
        \       \"properties\": {\r\n          \"provisioningState\": \"Updating\",\r\n
        \         \"description\": \"Allow inbound traffic from azure load balancer\",\r\n
        \         \"protocol\": \"*\",\r\n          \"sourcePortRange\": \"*\",\r\n
        \         \"destinationPortRange\": \"*\",\r\n          \"sourceAddressPrefix\":
        \"AzureLoadBalancer\",\r\n          \"destinationAddressPrefix\": \"*\",\r\n
        \         \"access\": \"Allow\",\r\n          \"priority\": 65001,\r\n          \"direction\":
        \"Inbound\",\r\n          \"sourcePortRanges\": [],\r\n          \"destinationPortRanges\":
        [],\r\n          \"sourceAddressPrefixes\": [],\r\n          \"destinationAddressPrefixes\":
        []\r\n        }\r\n      },\r\n      {\r\n        \"name\": \"DenyAllInBound\",\r\n
        \       \"id\": \"/subscriptions/00000000-0000-0000-0000-000000000000/resourceGroups/cli_test_resource_move_source000002/providers/Microsoft.Network/networkSecurityGroups/nsg-move000004/defaultSecurityRules/DenyAllInBound\",\r\n
        \       \"etag\": \"W/\\\"3377fd45-daa6-4f32-b9b2-5d046d4810c0\\\"\",\r\n
        \       \"type\": \"Microsoft.Network/networkSecurityGroups/defaultSecurityRules\",\r\n
        \       \"properties\": {\r\n          \"provisioningState\": \"Updating\",\r\n
        \         \"description\": \"Deny all inbound traffic\",\r\n          \"protocol\":
        \"*\",\r\n          \"sourcePortRange\": \"*\",\r\n          \"destinationPortRange\":
        \"*\",\r\n          \"sourceAddressPrefix\": \"*\",\r\n          \"destinationAddressPrefix\":
        \"*\",\r\n          \"access\": \"Deny\",\r\n          \"priority\": 65500,\r\n
        \         \"direction\": \"Inbound\",\r\n          \"sourcePortRanges\": [],\r\n
        \         \"destinationPortRanges\": [],\r\n          \"sourceAddressPrefixes\":
        [],\r\n          \"destinationAddressPrefixes\": []\r\n        }\r\n      },\r\n
        \     {\r\n        \"name\": \"AllowVnetOutBound\",\r\n        \"id\": \"/subscriptions/00000000-0000-0000-0000-000000000000/resourceGroups/cli_test_resource_move_source000002/providers/Microsoft.Network/networkSecurityGroups/nsg-move000004/defaultSecurityRules/AllowVnetOutBound\",\r\n
        \       \"etag\": \"W/\\\"3377fd45-daa6-4f32-b9b2-5d046d4810c0\\\"\",\r\n
        \       \"type\": \"Microsoft.Network/networkSecurityGroups/defaultSecurityRules\",\r\n
        \       \"properties\": {\r\n          \"provisioningState\": \"Updating\",\r\n
        \         \"description\": \"Allow outbound traffic from all VMs to all VMs
        in VNET\",\r\n          \"protocol\": \"*\",\r\n          \"sourcePortRange\":
        \"*\",\r\n          \"destinationPortRange\": \"*\",\r\n          \"sourceAddressPrefix\":
        \"VirtualNetwork\",\r\n          \"destinationAddressPrefix\": \"VirtualNetwork\",\r\n
        \         \"access\": \"Allow\",\r\n          \"priority\": 65000,\r\n          \"direction\":
        \"Outbound\",\r\n          \"sourcePortRanges\": [],\r\n          \"destinationPortRanges\":
        [],\r\n          \"sourceAddressPrefixes\": [],\r\n          \"destinationAddressPrefixes\":
        []\r\n        }\r\n      },\r\n      {\r\n        \"name\": \"AllowInternetOutBound\",\r\n
        \       \"id\": \"/subscriptions/00000000-0000-0000-0000-000000000000/resourceGroups/cli_test_resource_move_source000002/providers/Microsoft.Network/networkSecurityGroups/nsg-move000004/defaultSecurityRules/AllowInternetOutBound\",\r\n
        \       \"etag\": \"W/\\\"3377fd45-daa6-4f32-b9b2-5d046d4810c0\\\"\",\r\n
        \       \"type\": \"Microsoft.Network/networkSecurityGroups/defaultSecurityRules\",\r\n
        \       \"properties\": {\r\n          \"provisioningState\": \"Updating\",\r\n
        \         \"description\": \"Allow outbound traffic from all VMs to Internet\",\r\n
        \         \"protocol\": \"*\",\r\n          \"sourcePortRange\": \"*\",\r\n
        \         \"destinationPortRange\": \"*\",\r\n          \"sourceAddressPrefix\":
        \"*\",\r\n          \"destinationAddressPrefix\": \"Internet\",\r\n          \"access\":
        \"Allow\",\r\n          \"priority\": 65001,\r\n          \"direction\": \"Outbound\",\r\n
        \         \"sourcePortRanges\": [],\r\n          \"destinationPortRanges\":
        [],\r\n          \"sourceAddressPrefixes\": [],\r\n          \"destinationAddressPrefixes\":
        []\r\n        }\r\n      },\r\n      {\r\n        \"name\": \"DenyAllOutBound\",\r\n
        \       \"id\": \"/subscriptions/00000000-0000-0000-0000-000000000000/resourceGroups/cli_test_resource_move_source000002/providers/Microsoft.Network/networkSecurityGroups/nsg-move000004/defaultSecurityRules/DenyAllOutBound\",\r\n
        \       \"etag\": \"W/\\\"3377fd45-daa6-4f32-b9b2-5d046d4810c0\\\"\",\r\n
        \       \"type\": \"Microsoft.Network/networkSecurityGroups/defaultSecurityRules\",\r\n
        \       \"properties\": {\r\n          \"provisioningState\": \"Updating\",\r\n
        \         \"description\": \"Deny all outbound traffic\",\r\n          \"protocol\":
        \"*\",\r\n          \"sourcePortRange\": \"*\",\r\n          \"destinationPortRange\":
        \"*\",\r\n          \"sourceAddressPrefix\": \"*\",\r\n          \"destinationAddressPrefix\":
        \"*\",\r\n          \"access\": \"Deny\",\r\n          \"priority\": 65500,\r\n
        \         \"direction\": \"Outbound\",\r\n          \"sourcePortRanges\":
        [],\r\n          \"destinationPortRanges\": [],\r\n          \"sourceAddressPrefixes\":
        [],\r\n          \"destinationAddressPrefixes\": []\r\n        }\r\n      }\r\n
        \   ]\r\n  }\r\n}"
    headers:
      azure-asyncnotification:
      - Enabled
      azure-asyncoperation:
      - https://management.azure.com/subscriptions/00000000-0000-0000-0000-000000000000/providers/Microsoft.Network/locations/westus/operations/40ef14b7-f986-44ff-9e57-0d542422d762?api-version=2022-01-01
      cache-control:
      - no-cache
      content-length:
      - '6725'
      content-type:
      - application/json; charset=utf-8
      date:
      - Fri, 26 Aug 2022 05:43:15 GMT
      expires:
      - '-1'
      pragma:
      - no-cache
      server:
      - Microsoft-HTTPAPI/2.0
      - Microsoft-HTTPAPI/2.0
      strict-transport-security:
      - max-age=31536000; includeSubDomains
      x-content-type-options:
      - nosniff
      x-ms-arm-service-request-id:
      - 4ccb1d8a-aac0-4c84-bb81-3c65867412a2
      x-ms-ratelimit-remaining-subscription-writes:
      - '1199'
    status:
      code: 201
      message: Created
- request:
    body: null
    headers:
      Accept:
      - '*/*'
      Accept-Encoding:
      - gzip, deflate
      CommandName:
      - network nsg create
      Connection:
      - keep-alive
      ParameterSetName:
      - -n -g
      User-Agent:
      - AZURECLI/2.39.0 azsdk-python-azure-mgmt-network/21.0.1 Python/3.10.6 (Linux-5.15.0-1017-azure-x86_64-with-glibc2.31)
        VSTS_0fb41ef4-5012-48a9-bf39-4ee3de03ee35_build_4949_0
    method: GET
    uri: https://management.azure.com/subscriptions/00000000-0000-0000-0000-000000000000/providers/Microsoft.Network/locations/westus/operations/40ef14b7-f986-44ff-9e57-0d542422d762?api-version=2022-01-01
  response:
    body:
      string: "{\r\n  \"status\": \"Succeeded\"\r\n}"
    headers:
      cache-control:
      - no-cache
      content-length:
      - '29'
      content-type:
      - application/json; charset=utf-8
      date:
      - Fri, 26 Aug 2022 05:43:18 GMT
      expires:
      - '-1'
      pragma:
      - no-cache
      server:
      - Microsoft-HTTPAPI/2.0
      - Microsoft-HTTPAPI/2.0
      strict-transport-security:
      - max-age=31536000; includeSubDomains
      transfer-encoding:
      - chunked
      vary:
      - Accept-Encoding
      x-content-type-options:
      - nosniff
      x-ms-arm-service-request-id:
      - df9499e5-06c1-4895-b7ed-439e369c6673
    status:
      code: 200
      message: OK
- request:
    body: null
    headers:
      Accept:
      - '*/*'
      Accept-Encoding:
      - gzip, deflate
      CommandName:
      - network nsg create
      Connection:
      - keep-alive
      ParameterSetName:
      - -n -g
      User-Agent:
      - AZURECLI/2.39.0 azsdk-python-azure-mgmt-network/21.0.1 Python/3.10.6 (Linux-5.15.0-1017-azure-x86_64-with-glibc2.31)
        VSTS_0fb41ef4-5012-48a9-bf39-4ee3de03ee35_build_4949_0
    method: GET
    uri: https://management.azure.com/subscriptions/00000000-0000-0000-0000-000000000000/resourceGroups/cli_test_resource_move_source000002/providers/Microsoft.Network/networkSecurityGroups/nsg-move000004?api-version=2022-01-01
  response:
    body:
      string: "{\r\n  \"name\": \"nsg-move000004\",\r\n  \"id\": \"/subscriptions/00000000-0000-0000-0000-000000000000/resourceGroups/cli_test_resource_move_source000002/providers/Microsoft.Network/networkSecurityGroups/nsg-move000004\",\r\n
        \ \"etag\": \"W/\\\"a772a2ea-fa27-44da-8bf9-1871c41a06aa\\\"\",\r\n  \"type\":
        \"Microsoft.Network/networkSecurityGroups\",\r\n  \"location\": \"westus\",\r\n
        \ \"properties\": {\r\n    \"provisioningState\": \"Succeeded\",\r\n    \"resourceGuid\":
        \"4cc7e892-0ab4-46e9-a4b3-c0465c0942e3\",\r\n    \"securityRules\": [],\r\n
        \   \"defaultSecurityRules\": [\r\n      {\r\n        \"name\": \"AllowVnetInBound\",\r\n
        \       \"id\": \"/subscriptions/00000000-0000-0000-0000-000000000000/resourceGroups/cli_test_resource_move_source000002/providers/Microsoft.Network/networkSecurityGroups/nsg-move000004/defaultSecurityRules/AllowVnetInBound\",\r\n
        \       \"etag\": \"W/\\\"a772a2ea-fa27-44da-8bf9-1871c41a06aa\\\"\",\r\n
        \       \"type\": \"Microsoft.Network/networkSecurityGroups/defaultSecurityRules\",\r\n
        \       \"properties\": {\r\n          \"provisioningState\": \"Succeeded\",\r\n
        \         \"description\": \"Allow inbound traffic from all VMs in VNET\",\r\n
        \         \"protocol\": \"*\",\r\n          \"sourcePortRange\": \"*\",\r\n
        \         \"destinationPortRange\": \"*\",\r\n          \"sourceAddressPrefix\":
        \"VirtualNetwork\",\r\n          \"destinationAddressPrefix\": \"VirtualNetwork\",\r\n
        \         \"access\": \"Allow\",\r\n          \"priority\": 65000,\r\n          \"direction\":
        \"Inbound\",\r\n          \"sourcePortRanges\": [],\r\n          \"destinationPortRanges\":
        [],\r\n          \"sourceAddressPrefixes\": [],\r\n          \"destinationAddressPrefixes\":
        []\r\n        }\r\n      },\r\n      {\r\n        \"name\": \"AllowAzureLoadBalancerInBound\",\r\n
        \       \"id\": \"/subscriptions/00000000-0000-0000-0000-000000000000/resourceGroups/cli_test_resource_move_source000002/providers/Microsoft.Network/networkSecurityGroups/nsg-move000004/defaultSecurityRules/AllowAzureLoadBalancerInBound\",\r\n
        \       \"etag\": \"W/\\\"a772a2ea-fa27-44da-8bf9-1871c41a06aa\\\"\",\r\n
        \       \"type\": \"Microsoft.Network/networkSecurityGroups/defaultSecurityRules\",\r\n
        \       \"properties\": {\r\n          \"provisioningState\": \"Succeeded\",\r\n
        \         \"description\": \"Allow inbound traffic from azure load balancer\",\r\n
        \         \"protocol\": \"*\",\r\n          \"sourcePortRange\": \"*\",\r\n
        \         \"destinationPortRange\": \"*\",\r\n          \"sourceAddressPrefix\":
        \"AzureLoadBalancer\",\r\n          \"destinationAddressPrefix\": \"*\",\r\n
        \         \"access\": \"Allow\",\r\n          \"priority\": 65001,\r\n          \"direction\":
        \"Inbound\",\r\n          \"sourcePortRanges\": [],\r\n          \"destinationPortRanges\":
        [],\r\n          \"sourceAddressPrefixes\": [],\r\n          \"destinationAddressPrefixes\":
        []\r\n        }\r\n      },\r\n      {\r\n        \"name\": \"DenyAllInBound\",\r\n
        \       \"id\": \"/subscriptions/00000000-0000-0000-0000-000000000000/resourceGroups/cli_test_resource_move_source000002/providers/Microsoft.Network/networkSecurityGroups/nsg-move000004/defaultSecurityRules/DenyAllInBound\",\r\n
        \       \"etag\": \"W/\\\"a772a2ea-fa27-44da-8bf9-1871c41a06aa\\\"\",\r\n
        \       \"type\": \"Microsoft.Network/networkSecurityGroups/defaultSecurityRules\",\r\n
        \       \"properties\": {\r\n          \"provisioningState\": \"Succeeded\",\r\n
        \         \"description\": \"Deny all inbound traffic\",\r\n          \"protocol\":
        \"*\",\r\n          \"sourcePortRange\": \"*\",\r\n          \"destinationPortRange\":
        \"*\",\r\n          \"sourceAddressPrefix\": \"*\",\r\n          \"destinationAddressPrefix\":
        \"*\",\r\n          \"access\": \"Deny\",\r\n          \"priority\": 65500,\r\n
        \         \"direction\": \"Inbound\",\r\n          \"sourcePortRanges\": [],\r\n
        \         \"destinationPortRanges\": [],\r\n          \"sourceAddressPrefixes\":
        [],\r\n          \"destinationAddressPrefixes\": []\r\n        }\r\n      },\r\n
        \     {\r\n        \"name\": \"AllowVnetOutBound\",\r\n        \"id\": \"/subscriptions/00000000-0000-0000-0000-000000000000/resourceGroups/cli_test_resource_move_source000002/providers/Microsoft.Network/networkSecurityGroups/nsg-move000004/defaultSecurityRules/AllowVnetOutBound\",\r\n
        \       \"etag\": \"W/\\\"a772a2ea-fa27-44da-8bf9-1871c41a06aa\\\"\",\r\n
        \       \"type\": \"Microsoft.Network/networkSecurityGroups/defaultSecurityRules\",\r\n
        \       \"properties\": {\r\n          \"provisioningState\": \"Succeeded\",\r\n
        \         \"description\": \"Allow outbound traffic from all VMs to all VMs
        in VNET\",\r\n          \"protocol\": \"*\",\r\n          \"sourcePortRange\":
        \"*\",\r\n          \"destinationPortRange\": \"*\",\r\n          \"sourceAddressPrefix\":
        \"VirtualNetwork\",\r\n          \"destinationAddressPrefix\": \"VirtualNetwork\",\r\n
        \         \"access\": \"Allow\",\r\n          \"priority\": 65000,\r\n          \"direction\":
        \"Outbound\",\r\n          \"sourcePortRanges\": [],\r\n          \"destinationPortRanges\":
        [],\r\n          \"sourceAddressPrefixes\": [],\r\n          \"destinationAddressPrefixes\":
        []\r\n        }\r\n      },\r\n      {\r\n        \"name\": \"AllowInternetOutBound\",\r\n
        \       \"id\": \"/subscriptions/00000000-0000-0000-0000-000000000000/resourceGroups/cli_test_resource_move_source000002/providers/Microsoft.Network/networkSecurityGroups/nsg-move000004/defaultSecurityRules/AllowInternetOutBound\",\r\n
        \       \"etag\": \"W/\\\"a772a2ea-fa27-44da-8bf9-1871c41a06aa\\\"\",\r\n
        \       \"type\": \"Microsoft.Network/networkSecurityGroups/defaultSecurityRules\",\r\n
        \       \"properties\": {\r\n          \"provisioningState\": \"Succeeded\",\r\n
        \         \"description\": \"Allow outbound traffic from all VMs to Internet\",\r\n
        \         \"protocol\": \"*\",\r\n          \"sourcePortRange\": \"*\",\r\n
        \         \"destinationPortRange\": \"*\",\r\n          \"sourceAddressPrefix\":
        \"*\",\r\n          \"destinationAddressPrefix\": \"Internet\",\r\n          \"access\":
        \"Allow\",\r\n          \"priority\": 65001,\r\n          \"direction\": \"Outbound\",\r\n
        \         \"sourcePortRanges\": [],\r\n          \"destinationPortRanges\":
        [],\r\n          \"sourceAddressPrefixes\": [],\r\n          \"destinationAddressPrefixes\":
        []\r\n        }\r\n      },\r\n      {\r\n        \"name\": \"DenyAllOutBound\",\r\n
        \       \"id\": \"/subscriptions/00000000-0000-0000-0000-000000000000/resourceGroups/cli_test_resource_move_source000002/providers/Microsoft.Network/networkSecurityGroups/nsg-move000004/defaultSecurityRules/DenyAllOutBound\",\r\n
        \       \"etag\": \"W/\\\"a772a2ea-fa27-44da-8bf9-1871c41a06aa\\\"\",\r\n
        \       \"type\": \"Microsoft.Network/networkSecurityGroups/defaultSecurityRules\",\r\n
        \       \"properties\": {\r\n          \"provisioningState\": \"Succeeded\",\r\n
        \         \"description\": \"Deny all outbound traffic\",\r\n          \"protocol\":
        \"*\",\r\n          \"sourcePortRange\": \"*\",\r\n          \"destinationPortRange\":
        \"*\",\r\n          \"sourceAddressPrefix\": \"*\",\r\n          \"destinationAddressPrefix\":
        \"*\",\r\n          \"access\": \"Deny\",\r\n          \"priority\": 65500,\r\n
        \         \"direction\": \"Outbound\",\r\n          \"sourcePortRanges\":
        [],\r\n          \"destinationPortRanges\": [],\r\n          \"sourceAddressPrefixes\":
        [],\r\n          \"destinationAddressPrefixes\": []\r\n        }\r\n      }\r\n
        \   ]\r\n  }\r\n}"
    headers:
      cache-control:
      - no-cache
      content-length:
      - '6732'
      content-type:
      - application/json; charset=utf-8
      date:
      - Fri, 26 Aug 2022 05:43:18 GMT
      etag:
      - W/"a772a2ea-fa27-44da-8bf9-1871c41a06aa"
      expires:
      - '-1'
      pragma:
      - no-cache
      server:
      - Microsoft-HTTPAPI/2.0
      - Microsoft-HTTPAPI/2.0
      strict-transport-security:
      - max-age=31536000; includeSubDomains
      transfer-encoding:
      - chunked
      vary:
      - Accept-Encoding
      x-content-type-options:
      - nosniff
      x-ms-arm-service-request-id:
      - 0df0647e-7c8b-40e9-9c36-45071f216572
    status:
      code: 200
      message: OK
- request:
    body: '{"resources": ["/subscriptions/00000000-0000-0000-0000-000000000000/resourceGroups/cli_test_resource_move_source000002/providers/Microsoft.Network/networkSecurityGroups/nsg-move000003",
      "/subscriptions/00000000-0000-0000-0000-000000000000/resourceGroups/cli_test_resource_move_source000002/providers/Microsoft.Network/networkSecurityGroups/nsg-move000004"],
      "targetResourceGroup": "/subscriptions/00000000-0000-0000-0000-000000000000/resourceGroups/cli_test_resource_move_dest000001"}'
    headers:
      Accept:
      - application/json
      Accept-Encoding:
      - gzip, deflate
      CommandName:
      - resource move
      Connection:
      - keep-alive
      Content-Length:
      - '484'
      Content-Type:
      - application/json
      ParameterSetName:
      - --ids --destination-group
      User-Agent:
      - AZURECLI/2.39.0 azsdk-python-azure-mgmt-resource/21.1.0b1 Python/3.10.6 (Linux-5.15.0-1017-azure-x86_64-with-glibc2.31)
        VSTS_0fb41ef4-5012-48a9-bf39-4ee3de03ee35_build_4949_0
    method: POST
    uri: https://management.azure.com/subscriptions/00000000-0000-0000-0000-000000000000/resourceGroups/cli_test_resource_move_source000002/moveResources?api-version=2021-04-01
  response:
    body:
      string: ''
    headers:
      cache-control:
      - no-cache
      content-length:
      - '0'
      date:
      - Fri, 26 Aug 2022 05:43:22 GMT
      expires:
      - '-1'
      location:
      - https://management.azure.com/subscriptions/00000000-0000-0000-0000-000000000000/operationresults/eyJqb2JJZCI6IlJFU09VUkNFQkFUQ0hNT1ZFSk9CLUNMSTo1RlRFU1Q6NUZSRVNPVVJDRTo1Rk1PVkU6NUZTT1VSQ0VGTFBDVUU3NkJXfEQ3OTJDMzY3OEYwMzE4MzUtV0VTVFVTLU1PVkUiLCJqb2JMb2NhdGlvbiI6Indlc3R1cyJ9?api-version=2021-04-01
      pragma:
      - no-cache
      strict-transport-security:
      - max-age=31536000; includeSubDomains
      x-content-type-options:
      - nosniff
      x-ms-ratelimit-remaining-subscription-writes:
      - '1199'
    status:
      code: 202
      message: Accepted
- request:
    body: null
    headers:
      Accept:
      - '*/*'
      Accept-Encoding:
      - gzip, deflate
      CommandName:
      - resource move
      Connection:
      - keep-alive
      ParameterSetName:
      - --ids --destination-group
      User-Agent:
      - AZURECLI/2.39.0 azsdk-python-azure-mgmt-resource/21.1.0b1 Python/3.10.6 (Linux-5.15.0-1017-azure-x86_64-with-glibc2.31)
        VSTS_0fb41ef4-5012-48a9-bf39-4ee3de03ee35_build_4949_0
    method: GET
    uri: https://management.azure.com/subscriptions/00000000-0000-0000-0000-000000000000/operationresults/eyJqb2JJZCI6IlJFU09VUkNFQkFUQ0hNT1ZFSk9CLUNMSTo1RlRFU1Q6NUZSRVNPVVJDRTo1Rk1PVkU6NUZTT1VSQ0VGTFBDVUU3NkJXfEQ3OTJDMzY3OEYwMzE4MzUtV0VTVFVTLU1PVkUiLCJqb2JMb2NhdGlvbiI6Indlc3R1cyJ9?api-version=2021-04-01
  response:
    body:
      string: ''
    headers:
      cache-control:
      - no-cache
      content-length:
      - '0'
      date:
      - Fri, 26 Aug 2022 05:43:37 GMT
      expires:
      - '-1'
      location:
      - https://management.azure.com/subscriptions/00000000-0000-0000-0000-000000000000/operationresults/eyJqb2JJZCI6IlJFU09VUkNFQkFUQ0hNT1ZFSk9CLUNMSTo1RlRFU1Q6NUZSRVNPVVJDRTo1Rk1PVkU6NUZTT1VSQ0VGTFBDVUU3NkJXfEQ3OTJDMzY3OEYwMzE4MzUtV0VTVFVTLU1PVkUiLCJqb2JMb2NhdGlvbiI6Indlc3R1cyJ9?api-version=2021-04-01
      pragma:
      - no-cache
      strict-transport-security:
      - max-age=31536000; includeSubDomains
      x-content-type-options:
      - nosniff
    status:
      code: 202
      message: Accepted
- request:
    body: null
    headers:
      Accept:
      - '*/*'
      Accept-Encoding:
      - gzip, deflate
      CommandName:
      - resource move
      Connection:
      - keep-alive
      ParameterSetName:
      - --ids --destination-group
      User-Agent:
      - AZURECLI/2.39.0 azsdk-python-azure-mgmt-resource/21.1.0b1 Python/3.10.6 (Linux-5.15.0-1017-azure-x86_64-with-glibc2.31)
        VSTS_0fb41ef4-5012-48a9-bf39-4ee3de03ee35_build_4949_0
    method: GET
    uri: https://management.azure.com/subscriptions/00000000-0000-0000-0000-000000000000/operationresults/eyJqb2JJZCI6IlJFU09VUkNFQkFUQ0hNT1ZFSk9CLUNMSTo1RlRFU1Q6NUZSRVNPVVJDRTo1Rk1PVkU6NUZTT1VSQ0VGTFBDVUU3NkJXfEQ3OTJDMzY3OEYwMzE4MzUtV0VTVFVTLU1PVkUiLCJqb2JMb2NhdGlvbiI6Indlc3R1cyJ9?api-version=2021-04-01
  response:
    body:
      string: ''
    headers:
      cache-control:
      - no-cache
      content-length:
      - '0'
      date:
      - Fri, 26 Aug 2022 05:43:53 GMT
      expires:
      - '-1'
      location:
      - https://management.azure.com/subscriptions/00000000-0000-0000-0000-000000000000/operationresults/eyJqb2JJZCI6IlJFU09VUkNFQkFUQ0hNT1ZFSk9CLUNMSTo1RlRFU1Q6NUZSRVNPVVJDRTo1Rk1PVkU6NUZTT1VSQ0VGTFBDVUU3NkJXfEQ3OTJDMzY3OEYwMzE4MzUtV0VTVFVTLU1PVkUiLCJqb2JMb2NhdGlvbiI6Indlc3R1cyJ9?api-version=2021-04-01
      pragma:
      - no-cache
      strict-transport-security:
      - max-age=31536000; includeSubDomains
      x-content-type-options:
      - nosniff
    status:
      code: 202
      message: Accepted
- request:
    body: null
    headers:
      Accept:
      - '*/*'
      Accept-Encoding:
      - gzip, deflate
      CommandName:
      - resource move
      Connection:
      - keep-alive
      ParameterSetName:
      - --ids --destination-group
      User-Agent:
      - AZURECLI/2.39.0 azsdk-python-azure-mgmt-resource/21.1.0b1 Python/3.10.6 (Linux-5.15.0-1017-azure-x86_64-with-glibc2.31)
        VSTS_0fb41ef4-5012-48a9-bf39-4ee3de03ee35_build_4949_0
    method: GET
    uri: https://management.azure.com/subscriptions/00000000-0000-0000-0000-000000000000/operationresults/eyJqb2JJZCI6IlJFU09VUkNFQkFUQ0hNT1ZFSk9CLUNMSTo1RlRFU1Q6NUZSRVNPVVJDRTo1Rk1PVkU6NUZTT1VSQ0VGTFBDVUU3NkJXfEQ3OTJDMzY3OEYwMzE4MzUtV0VTVFVTLU1PVkUiLCJqb2JMb2NhdGlvbiI6Indlc3R1cyJ9?api-version=2021-04-01
  response:
    body:
      string: ''
    headers:
      cache-control:
      - no-cache
      content-length:
      - '0'
      date:
      - Fri, 26 Aug 2022 05:44:08 GMT
      expires:
      - '-1'
      location:
      - https://management.azure.com/subscriptions/00000000-0000-0000-0000-000000000000/operationresults/eyJqb2JJZCI6IlJFU09VUkNFQkFUQ0hNT1ZFSk9CLUNMSTo1RlRFU1Q6NUZSRVNPVVJDRTo1Rk1PVkU6NUZTT1VSQ0VGTFBDVUU3NkJXfEQ3OTJDMzY3OEYwMzE4MzUtV0VTVFVTLU1PVkUiLCJqb2JMb2NhdGlvbiI6Indlc3R1cyJ9?api-version=2021-04-01
      pragma:
      - no-cache
      strict-transport-security:
      - max-age=31536000; includeSubDomains
      x-content-type-options:
      - nosniff
    status:
      code: 202
      message: Accepted
- request:
    body: null
    headers:
      Accept:
      - '*/*'
      Accept-Encoding:
      - gzip, deflate
      CommandName:
      - resource move
      Connection:
      - keep-alive
      ParameterSetName:
      - --ids --destination-group
      User-Agent:
      - AZURECLI/2.39.0 azsdk-python-azure-mgmt-resource/21.1.0b1 Python/3.10.6 (Linux-5.15.0-1017-azure-x86_64-with-glibc2.31)
        VSTS_0fb41ef4-5012-48a9-bf39-4ee3de03ee35_build_4949_0
    method: GET
    uri: https://management.azure.com/subscriptions/00000000-0000-0000-0000-000000000000/operationresults/eyJqb2JJZCI6IlJFU09VUkNFQkFUQ0hNT1ZFSk9CLUNMSTo1RlRFU1Q6NUZSRVNPVVJDRTo1Rk1PVkU6NUZTT1VSQ0VGTFBDVUU3NkJXfEQ3OTJDMzY3OEYwMzE4MzUtV0VTVFVTLU1PVkUiLCJqb2JMb2NhdGlvbiI6Indlc3R1cyJ9?api-version=2021-04-01
  response:
    body:
      string: ''
    headers:
      cache-control:
      - no-cache
      content-length:
      - '0'
      date:
      - Fri, 26 Aug 2022 05:44:22 GMT
      expires:
      - '-1'
      location:
      - https://management.azure.com/subscriptions/00000000-0000-0000-0000-000000000000/operationresults/eyJqb2JJZCI6IlJFU09VUkNFQkFUQ0hNT1ZFSk9CLUNMSTo1RlRFU1Q6NUZSRVNPVVJDRTo1Rk1PVkU6NUZTT1VSQ0VGTFBDVUU3NkJXfEQ3OTJDMzY3OEYwMzE4MzUtV0VTVFVTLU1PVkUiLCJqb2JMb2NhdGlvbiI6Indlc3R1cyJ9?api-version=2021-04-01
      pragma:
      - no-cache
      strict-transport-security:
      - max-age=31536000; includeSubDomains
      x-content-type-options:
      - nosniff
    status:
      code: 202
      message: Accepted
- request:
    body: null
    headers:
      Accept:
      - '*/*'
      Accept-Encoding:
      - gzip, deflate
      CommandName:
      - resource move
      Connection:
      - keep-alive
      ParameterSetName:
      - --ids --destination-group
      User-Agent:
      - AZURECLI/2.39.0 azsdk-python-azure-mgmt-resource/21.1.0b1 Python/3.10.6 (Linux-5.15.0-1017-azure-x86_64-with-glibc2.31)
        VSTS_0fb41ef4-5012-48a9-bf39-4ee3de03ee35_build_4949_0
    method: GET
    uri: https://management.azure.com/subscriptions/00000000-0000-0000-0000-000000000000/operationresults/eyJqb2JJZCI6IlJFU09VUkNFQkFUQ0hNT1ZFSk9CLUNMSTo1RlRFU1Q6NUZSRVNPVVJDRTo1Rk1PVkU6NUZTT1VSQ0VGTFBDVUU3NkJXfEQ3OTJDMzY3OEYwMzE4MzUtV0VTVFVTLU1PVkUiLCJqb2JMb2NhdGlvbiI6Indlc3R1cyJ9?api-version=2021-04-01
  response:
    body:
      string: ''
    headers:
      cache-control:
      - no-cache
      content-length:
      - '0'
      date:
      - Fri, 26 Aug 2022 05:44:38 GMT
      expires:
      - '-1'
      location:
      - https://management.azure.com/subscriptions/00000000-0000-0000-0000-000000000000/operationresults/eyJqb2JJZCI6IlJFU09VUkNFQkFUQ0hNT1ZFSk9CLUNMSTo1RlRFU1Q6NUZSRVNPVVJDRTo1Rk1PVkU6NUZTT1VSQ0VGTFBDVUU3NkJXfEQ3OTJDMzY3OEYwMzE4MzUtV0VTVFVTLU1PVkUiLCJqb2JMb2NhdGlvbiI6Indlc3R1cyJ9?api-version=2021-04-01
      pragma:
      - no-cache
      strict-transport-security:
      - max-age=31536000; includeSubDomains
      x-content-type-options:
      - nosniff
    status:
      code: 202
      message: Accepted
- request:
    body: null
    headers:
      Accept:
      - '*/*'
      Accept-Encoding:
      - gzip, deflate
      CommandName:
      - resource move
      Connection:
      - keep-alive
      ParameterSetName:
      - --ids --destination-group
      User-Agent:
      - AZURECLI/2.39.0 azsdk-python-azure-mgmt-resource/21.1.0b1 Python/3.10.6 (Linux-5.15.0-1017-azure-x86_64-with-glibc2.31)
        VSTS_0fb41ef4-5012-48a9-bf39-4ee3de03ee35_build_4949_0
    method: GET
    uri: https://management.azure.com/subscriptions/00000000-0000-0000-0000-000000000000/operationresults/eyJqb2JJZCI6IlJFU09VUkNFQkFUQ0hNT1ZFSk9CLUNMSTo1RlRFU1Q6NUZSRVNPVVJDRTo1Rk1PVkU6NUZTT1VSQ0VGTFBDVUU3NkJXfEQ3OTJDMzY3OEYwMzE4MzUtV0VTVFVTLU1PVkUiLCJqb2JMb2NhdGlvbiI6Indlc3R1cyJ9?api-version=2021-04-01
  response:
    body:
      string: ''
    headers:
      cache-control:
      - no-cache
      content-length:
      - '0'
      date:
      - Fri, 26 Aug 2022 05:44:53 GMT
      expires:
      - '-1'
      location:
      - https://management.azure.com/subscriptions/00000000-0000-0000-0000-000000000000/operationresults/eyJqb2JJZCI6IlJFU09VUkNFQkFUQ0hNT1ZFSk9CLUNMSTo1RlRFU1Q6NUZSRVNPVVJDRTo1Rk1PVkU6NUZTT1VSQ0VGTFBDVUU3NkJXfEQ3OTJDMzY3OEYwMzE4MzUtV0VTVFVTLU1PVkUiLCJqb2JMb2NhdGlvbiI6Indlc3R1cyJ9?api-version=2021-04-01
      pragma:
      - no-cache
      strict-transport-security:
      - max-age=31536000; includeSubDomains
      x-content-type-options:
      - nosniff
    status:
      code: 202
      message: Accepted
- request:
    body: null
    headers:
      Accept:
      - '*/*'
      Accept-Encoding:
      - gzip, deflate
      CommandName:
      - resource move
      Connection:
      - keep-alive
      ParameterSetName:
      - --ids --destination-group
      User-Agent:
      - AZURECLI/2.39.0 azsdk-python-azure-mgmt-resource/21.1.0b1 Python/3.10.6 (Linux-5.15.0-1017-azure-x86_64-with-glibc2.31)
        VSTS_0fb41ef4-5012-48a9-bf39-4ee3de03ee35_build_4949_0
    method: GET
    uri: https://management.azure.com/subscriptions/00000000-0000-0000-0000-000000000000/operationresults/eyJqb2JJZCI6IlJFU09VUkNFQkFUQ0hNT1ZFSk9CLUNMSTo1RlRFU1Q6NUZSRVNPVVJDRTo1Rk1PVkU6NUZTT1VSQ0VGTFBDVUU3NkJXfEQ3OTJDMzY3OEYwMzE4MzUtV0VTVFVTLU1PVkUiLCJqb2JMb2NhdGlvbiI6Indlc3R1cyJ9?api-version=2021-04-01
  response:
    body:
      string: ''
    headers:
      cache-control:
      - no-cache
      content-length:
      - '0'
      date:
      - Fri, 26 Aug 2022 05:45:09 GMT
      expires:
      - '-1'
      location:
      - https://management.azure.com/subscriptions/00000000-0000-0000-0000-000000000000/operationresults/eyJqb2JJZCI6IlJFU09VUkNFQkFUQ0hNT1ZFSk9CLUNMSTo1RlRFU1Q6NUZSRVNPVVJDRTo1Rk1PVkU6NUZTT1VSQ0VGTFBDVUU3NkJXfEQ3OTJDMzY3OEYwMzE4MzUtV0VTVFVTLU1PVkUiLCJqb2JMb2NhdGlvbiI6Indlc3R1cyJ9?api-version=2021-04-01
      pragma:
      - no-cache
      strict-transport-security:
      - max-age=31536000; includeSubDomains
      x-content-type-options:
      - nosniff
    status:
      code: 202
      message: Accepted
- request:
    body: null
    headers:
      Accept:
      - '*/*'
      Accept-Encoding:
      - gzip, deflate
      CommandName:
      - resource move
      Connection:
      - keep-alive
      ParameterSetName:
      - --ids --destination-group
      User-Agent:
      - AZURECLI/2.39.0 azsdk-python-azure-mgmt-resource/21.1.0b1 Python/3.10.6 (Linux-5.15.0-1017-azure-x86_64-with-glibc2.31)
        VSTS_0fb41ef4-5012-48a9-bf39-4ee3de03ee35_build_4949_0
    method: GET
    uri: https://management.azure.com/subscriptions/00000000-0000-0000-0000-000000000000/operationresults/eyJqb2JJZCI6IlJFU09VUkNFQkFUQ0hNT1ZFSk9CLUNMSTo1RlRFU1Q6NUZSRVNPVVJDRTo1Rk1PVkU6NUZTT1VSQ0VGTFBDVUU3NkJXfEQ3OTJDMzY3OEYwMzE4MzUtV0VTVFVTLU1PVkUiLCJqb2JMb2NhdGlvbiI6Indlc3R1cyJ9?api-version=2021-04-01
  response:
    body:
      string: ''
    headers:
      cache-control:
      - no-cache
      content-length:
      - '0'
      date:
      - Fri, 26 Aug 2022 05:45:23 GMT
      expires:
      - '-1'
      location:
      - https://management.azure.com/subscriptions/00000000-0000-0000-0000-000000000000/operationresults/eyJqb2JJZCI6IlJFU09VUkNFQkFUQ0hNT1ZFSk9CLUNMSTo1RlRFU1Q6NUZSRVNPVVJDRTo1Rk1PVkU6NUZTT1VSQ0VGTFBDVUU3NkJXfEQ3OTJDMzY3OEYwMzE4MzUtV0VTVFVTLU1PVkUiLCJqb2JMb2NhdGlvbiI6Indlc3R1cyJ9?api-version=2021-04-01
      pragma:
      - no-cache
      strict-transport-security:
      - max-age=31536000; includeSubDomains
      x-content-type-options:
      - nosniff
    status:
      code: 202
      message: Accepted
- request:
    body: null
    headers:
      Accept:
      - '*/*'
      Accept-Encoding:
      - gzip, deflate
      CommandName:
      - resource move
      Connection:
      - keep-alive
      ParameterSetName:
      - --ids --destination-group
      User-Agent:
      - AZURECLI/2.39.0 azsdk-python-azure-mgmt-resource/21.1.0b1 Python/3.10.6 (Linux-5.15.0-1017-azure-x86_64-with-glibc2.31)
        VSTS_0fb41ef4-5012-48a9-bf39-4ee3de03ee35_build_4949_0
    method: GET
    uri: https://management.azure.com/subscriptions/00000000-0000-0000-0000-000000000000/operationresults/eyJqb2JJZCI6IlJFU09VUkNFQkFUQ0hNT1ZFSk9CLUNMSTo1RlRFU1Q6NUZSRVNPVVJDRTo1Rk1PVkU6NUZTT1VSQ0VGTFBDVUU3NkJXfEQ3OTJDMzY3OEYwMzE4MzUtV0VTVFVTLU1PVkUiLCJqb2JMb2NhdGlvbiI6Indlc3R1cyJ9?api-version=2021-04-01
  response:
    body:
      string: ''
    headers:
      cache-control:
      - no-cache
      content-length:
      - '0'
      date:
      - Fri, 26 Aug 2022 05:45:38 GMT
      expires:
      - '-1'
      location:
      - https://management.azure.com/subscriptions/00000000-0000-0000-0000-000000000000/operationresults/eyJqb2JJZCI6IlJFU09VUkNFQkFUQ0hNT1ZFSk9CLUNMSTo1RlRFU1Q6NUZSRVNPVVJDRTo1Rk1PVkU6NUZTT1VSQ0VGTFBDVUU3NkJXfEQ3OTJDMzY3OEYwMzE4MzUtV0VTVFVTLU1PVkUiLCJqb2JMb2NhdGlvbiI6Indlc3R1cyJ9?api-version=2021-04-01
      pragma:
      - no-cache
      strict-transport-security:
      - max-age=31536000; includeSubDomains
      x-content-type-options:
      - nosniff
    status:
      code: 202
      message: Accepted
- request:
    body: null
    headers:
      Accept:
      - '*/*'
      Accept-Encoding:
      - gzip, deflate
      CommandName:
      - resource move
      Connection:
      - keep-alive
      ParameterSetName:
      - --ids --destination-group
      User-Agent:
      - AZURECLI/2.39.0 azsdk-python-azure-mgmt-resource/21.1.0b1 Python/3.10.6 (Linux-5.15.0-1017-azure-x86_64-with-glibc2.31)
        VSTS_0fb41ef4-5012-48a9-bf39-4ee3de03ee35_build_4949_0
    method: GET
    uri: https://management.azure.com/subscriptions/00000000-0000-0000-0000-000000000000/operationresults/eyJqb2JJZCI6IlJFU09VUkNFQkFUQ0hNT1ZFSk9CLUNMSTo1RlRFU1Q6NUZSRVNPVVJDRTo1Rk1PVkU6NUZTT1VSQ0VGTFBDVUU3NkJXfEQ3OTJDMzY3OEYwMzE4MzUtV0VTVFVTLU1PVkUiLCJqb2JMb2NhdGlvbiI6Indlc3R1cyJ9?api-version=2021-04-01
  response:
    body:
      string: ''
    headers:
      cache-control:
      - no-cache
      content-length:
      - '0'
      date:
      - Fri, 26 Aug 2022 05:45:54 GMT
      expires:
      - '-1'
      location:
      - https://management.azure.com/subscriptions/00000000-0000-0000-0000-000000000000/operationresults/eyJqb2JJZCI6IlJFU09VUkNFQkFUQ0hNT1ZFSk9CLUNMSTo1RlRFU1Q6NUZSRVNPVVJDRTo1Rk1PVkU6NUZTT1VSQ0VGTFBDVUU3NkJXfEQ3OTJDMzY3OEYwMzE4MzUtV0VTVFVTLU1PVkUiLCJqb2JMb2NhdGlvbiI6Indlc3R1cyJ9?api-version=2021-04-01
      pragma:
      - no-cache
      strict-transport-security:
      - max-age=31536000; includeSubDomains
      x-content-type-options:
      - nosniff
    status:
      code: 202
      message: Accepted
- request:
    body: null
    headers:
      Accept:
      - '*/*'
      Accept-Encoding:
      - gzip, deflate
      CommandName:
      - resource move
      Connection:
      - keep-alive
      ParameterSetName:
      - --ids --destination-group
      User-Agent:
      - AZURECLI/2.39.0 azsdk-python-azure-mgmt-resource/21.1.0b1 Python/3.10.6 (Linux-5.15.0-1017-azure-x86_64-with-glibc2.31)
        VSTS_0fb41ef4-5012-48a9-bf39-4ee3de03ee35_build_4949_0
    method: GET
    uri: https://management.azure.com/subscriptions/00000000-0000-0000-0000-000000000000/operationresults/eyJqb2JJZCI6IlJFU09VUkNFQkFUQ0hNT1ZFSk9CLUNMSTo1RlRFU1Q6NUZSRVNPVVJDRTo1Rk1PVkU6NUZTT1VSQ0VGTFBDVUU3NkJXfEQ3OTJDMzY3OEYwMzE4MzUtV0VTVFVTLU1PVkUiLCJqb2JMb2NhdGlvbiI6Indlc3R1cyJ9?api-version=2021-04-01
  response:
    body:
      string: ''
    headers:
      cache-control:
      - no-cache
      content-length:
      - '0'
      date:
      - Fri, 26 Aug 2022 05:46:09 GMT
      expires:
      - '-1'
      location:
      - https://management.azure.com/subscriptions/00000000-0000-0000-0000-000000000000/operationresults/eyJqb2JJZCI6IlJFU09VUkNFQkFUQ0hNT1ZFSk9CLUNMSTo1RlRFU1Q6NUZSRVNPVVJDRTo1Rk1PVkU6NUZTT1VSQ0VGTFBDVUU3NkJXfEQ3OTJDMzY3OEYwMzE4MzUtV0VTVFVTLU1PVkUiLCJqb2JMb2NhdGlvbiI6Indlc3R1cyJ9?api-version=2021-04-01
      pragma:
      - no-cache
      strict-transport-security:
      - max-age=31536000; includeSubDomains
      x-content-type-options:
      - nosniff
    status:
      code: 202
      message: Accepted
- request:
    body: null
    headers:
      Accept:
      - '*/*'
      Accept-Encoding:
      - gzip, deflate
      CommandName:
      - resource move
      Connection:
      - keep-alive
      ParameterSetName:
      - --ids --destination-group
      User-Agent:
      - AZURECLI/2.39.0 azsdk-python-azure-mgmt-resource/21.1.0b1 Python/3.10.6 (Linux-5.15.0-1017-azure-x86_64-with-glibc2.31)
        VSTS_0fb41ef4-5012-48a9-bf39-4ee3de03ee35_build_4949_0
    method: GET
    uri: https://management.azure.com/subscriptions/00000000-0000-0000-0000-000000000000/operationresults/eyJqb2JJZCI6IlJFU09VUkNFQkFUQ0hNT1ZFSk9CLUNMSTo1RlRFU1Q6NUZSRVNPVVJDRTo1Rk1PVkU6NUZTT1VSQ0VGTFBDVUU3NkJXfEQ3OTJDMzY3OEYwMzE4MzUtV0VTVFVTLU1PVkUiLCJqb2JMb2NhdGlvbiI6Indlc3R1cyJ9?api-version=2021-04-01
  response:
    body:
      string: ''
    headers:
      cache-control:
      - no-cache
      content-length:
      - '0'
      date:
      - Fri, 26 Aug 2022 05:46:24 GMT
      expires:
      - '-1'
      location:
      - https://management.azure.com/subscriptions/00000000-0000-0000-0000-000000000000/operationresults/eyJqb2JJZCI6IlJFU09VUkNFQkFUQ0hNT1ZFSk9CLUNMSTo1RlRFU1Q6NUZSRVNPVVJDRTo1Rk1PVkU6NUZTT1VSQ0VGTFBDVUU3NkJXfEQ3OTJDMzY3OEYwMzE4MzUtV0VTVFVTLU1PVkUiLCJqb2JMb2NhdGlvbiI6Indlc3R1cyJ9?api-version=2021-04-01
      pragma:
      - no-cache
      strict-transport-security:
      - max-age=31536000; includeSubDomains
      x-content-type-options:
      - nosniff
    status:
      code: 202
      message: Accepted
- request:
    body: null
    headers:
      Accept:
      - '*/*'
      Accept-Encoding:
      - gzip, deflate
      CommandName:
      - resource move
      Connection:
      - keep-alive
      ParameterSetName:
      - --ids --destination-group
      User-Agent:
      - AZURECLI/2.39.0 azsdk-python-azure-mgmt-resource/21.1.0b1 Python/3.10.6 (Linux-5.15.0-1017-azure-x86_64-with-glibc2.31)
        VSTS_0fb41ef4-5012-48a9-bf39-4ee3de03ee35_build_4949_0
    method: GET
    uri: https://management.azure.com/subscriptions/00000000-0000-0000-0000-000000000000/operationresults/eyJqb2JJZCI6IlJFU09VUkNFQkFUQ0hNT1ZFSk9CLUNMSTo1RlRFU1Q6NUZSRVNPVVJDRTo1Rk1PVkU6NUZTT1VSQ0VGTFBDVUU3NkJXfEQ3OTJDMzY3OEYwMzE4MzUtV0VTVFVTLU1PVkUiLCJqb2JMb2NhdGlvbiI6Indlc3R1cyJ9?api-version=2021-04-01
  response:
    body:
      string: ''
    headers:
      cache-control:
      - no-cache
      content-length:
      - '0'
      date:
      - Fri, 26 Aug 2022 05:46:39 GMT
      expires:
      - '-1'
      location:
      - https://management.azure.com/subscriptions/00000000-0000-0000-0000-000000000000/operationresults/eyJqb2JJZCI6IlJFU09VUkNFQkFUQ0hNT1ZFSk9CLUNMSTo1RlRFU1Q6NUZSRVNPVVJDRTo1Rk1PVkU6NUZTT1VSQ0VGTFBDVUU3NkJXfEQ3OTJDMzY3OEYwMzE4MzUtV0VTVFVTLU1PVkUiLCJqb2JMb2NhdGlvbiI6Indlc3R1cyJ9?api-version=2021-04-01
      pragma:
      - no-cache
      strict-transport-security:
      - max-age=31536000; includeSubDomains
      x-content-type-options:
      - nosniff
    status:
      code: 202
      message: Accepted
- request:
    body: null
    headers:
      Accept:
      - '*/*'
      Accept-Encoding:
      - gzip, deflate
      CommandName:
      - resource move
      Connection:
      - keep-alive
      ParameterSetName:
      - --ids --destination-group
      User-Agent:
      - AZURECLI/2.39.0 azsdk-python-azure-mgmt-resource/21.1.0b1 Python/3.10.6 (Linux-5.15.0-1017-azure-x86_64-with-glibc2.31)
        VSTS_0fb41ef4-5012-48a9-bf39-4ee3de03ee35_build_4949_0
    method: GET
    uri: https://management.azure.com/subscriptions/00000000-0000-0000-0000-000000000000/operationresults/eyJqb2JJZCI6IlJFU09VUkNFQkFUQ0hNT1ZFSk9CLUNMSTo1RlRFU1Q6NUZSRVNPVVJDRTo1Rk1PVkU6NUZTT1VSQ0VGTFBDVUU3NkJXfEQ3OTJDMzY3OEYwMzE4MzUtV0VTVFVTLU1PVkUiLCJqb2JMb2NhdGlvbiI6Indlc3R1cyJ9?api-version=2021-04-01
  response:
    body:
      string: ''
    headers:
      cache-control:
      - no-cache
      content-length:
      - '0'
      date:
      - Fri, 26 Aug 2022 05:46:54 GMT
      expires:
      - '-1'
      location:
      - https://management.azure.com/subscriptions/00000000-0000-0000-0000-000000000000/operationresults/eyJqb2JJZCI6IlJFU09VUkNFQkFUQ0hNT1ZFSk9CLUNMSTo1RlRFU1Q6NUZSRVNPVVJDRTo1Rk1PVkU6NUZTT1VSQ0VGTFBDVUU3NkJXfEQ3OTJDMzY3OEYwMzE4MzUtV0VTVFVTLU1PVkUiLCJqb2JMb2NhdGlvbiI6Indlc3R1cyJ9?api-version=2021-04-01
      pragma:
      - no-cache
      strict-transport-security:
      - max-age=31536000; includeSubDomains
      x-content-type-options:
      - nosniff
    status:
      code: 202
      message: Accepted
- request:
    body: null
    headers:
      Accept:
      - '*/*'
      Accept-Encoding:
      - gzip, deflate
      CommandName:
      - resource move
      Connection:
      - keep-alive
      ParameterSetName:
      - --ids --destination-group
      User-Agent:
      - AZURECLI/2.39.0 azsdk-python-azure-mgmt-resource/21.1.0b1 Python/3.10.6 (Linux-5.15.0-1017-azure-x86_64-with-glibc2.31)
        VSTS_0fb41ef4-5012-48a9-bf39-4ee3de03ee35_build_4949_0
    method: GET
    uri: https://management.azure.com/subscriptions/00000000-0000-0000-0000-000000000000/operationresults/eyJqb2JJZCI6IlJFU09VUkNFQkFUQ0hNT1ZFSk9CLUNMSTo1RlRFU1Q6NUZSRVNPVVJDRTo1Rk1PVkU6NUZTT1VSQ0VGTFBDVUU3NkJXfEQ3OTJDMzY3OEYwMzE4MzUtV0VTVFVTLU1PVkUiLCJqb2JMb2NhdGlvbiI6Indlc3R1cyJ9?api-version=2021-04-01
  response:
    body:
      string: ''
    headers:
      cache-control:
      - no-cache
      content-length:
      - '0'
      date:
      - Fri, 26 Aug 2022 05:47:10 GMT
      expires:
      - '-1'
      location:
      - https://management.azure.com/subscriptions/00000000-0000-0000-0000-000000000000/operationresults/eyJqb2JJZCI6IlJFU09VUkNFQkFUQ0hNT1ZFSk9CLUNMSTo1RlRFU1Q6NUZSRVNPVVJDRTo1Rk1PVkU6NUZTT1VSQ0VGTFBDVUU3NkJXfEQ3OTJDMzY3OEYwMzE4MzUtV0VTVFVTLU1PVkUiLCJqb2JMb2NhdGlvbiI6Indlc3R1cyJ9?api-version=2021-04-01
      pragma:
      - no-cache
      strict-transport-security:
      - max-age=31536000; includeSubDomains
      x-content-type-options:
      - nosniff
    status:
      code: 202
      message: Accepted
- request:
    body: null
    headers:
      Accept:
      - '*/*'
      Accept-Encoding:
      - gzip, deflate
      CommandName:
      - resource move
      Connection:
      - keep-alive
      ParameterSetName:
      - --ids --destination-group
      User-Agent:
      - AZURECLI/2.39.0 azsdk-python-azure-mgmt-resource/21.1.0b1 Python/3.10.6 (Linux-5.15.0-1017-azure-x86_64-with-glibc2.31)
        VSTS_0fb41ef4-5012-48a9-bf39-4ee3de03ee35_build_4949_0
    method: GET
    uri: https://management.azure.com/subscriptions/00000000-0000-0000-0000-000000000000/operationresults/eyJqb2JJZCI6IlJFU09VUkNFQkFUQ0hNT1ZFSk9CLUNMSTo1RlRFU1Q6NUZSRVNPVVJDRTo1Rk1PVkU6NUZTT1VSQ0VGTFBDVUU3NkJXfEQ3OTJDMzY3OEYwMzE4MzUtV0VTVFVTLU1PVkUiLCJqb2JMb2NhdGlvbiI6Indlc3R1cyJ9?api-version=2021-04-01
  response:
    body:
      string: ''
    headers:
      cache-control:
      - no-cache
      content-length:
      - '0'
      date:
      - Fri, 26 Aug 2022 05:47:25 GMT
      expires:
      - '-1'
      location:
      - https://management.azure.com/subscriptions/00000000-0000-0000-0000-000000000000/operationresults/eyJqb2JJZCI6IlJFU09VUkNFQkFUQ0hNT1ZFSk9CLUNMSTo1RlRFU1Q6NUZSRVNPVVJDRTo1Rk1PVkU6NUZTT1VSQ0VGTFBDVUU3NkJXfEQ3OTJDMzY3OEYwMzE4MzUtV0VTVFVTLU1PVkUiLCJqb2JMb2NhdGlvbiI6Indlc3R1cyJ9?api-version=2021-04-01
      pragma:
      - no-cache
      strict-transport-security:
      - max-age=31536000; includeSubDomains
      x-content-type-options:
      - nosniff
    status:
      code: 202
      message: Accepted
- request:
    body: null
    headers:
      Accept:
      - '*/*'
      Accept-Encoding:
      - gzip, deflate
      CommandName:
      - resource move
      Connection:
      - keep-alive
      ParameterSetName:
      - --ids --destination-group
      User-Agent:
      - AZURECLI/2.39.0 azsdk-python-azure-mgmt-resource/21.1.0b1 Python/3.10.6 (Linux-5.15.0-1017-azure-x86_64-with-glibc2.31)
        VSTS_0fb41ef4-5012-48a9-bf39-4ee3de03ee35_build_4949_0
    method: GET
    uri: https://management.azure.com/subscriptions/00000000-0000-0000-0000-000000000000/operationresults/eyJqb2JJZCI6IlJFU09VUkNFQkFUQ0hNT1ZFSk9CLUNMSTo1RlRFU1Q6NUZSRVNPVVJDRTo1Rk1PVkU6NUZTT1VSQ0VGTFBDVUU3NkJXfEQ3OTJDMzY3OEYwMzE4MzUtV0VTVFVTLU1PVkUiLCJqb2JMb2NhdGlvbiI6Indlc3R1cyJ9?api-version=2021-04-01
  response:
    body:
      string: ''
    headers:
      cache-control:
      - no-cache
      content-length:
      - '0'
      date:
      - Fri, 26 Aug 2022 05:47:40 GMT
      expires:
      - '-1'
      location:
      - https://management.azure.com/subscriptions/00000000-0000-0000-0000-000000000000/operationresults/eyJqb2JJZCI6IlJFU09VUkNFQkFUQ0hNT1ZFSk9CLUNMSTo1RlRFU1Q6NUZSRVNPVVJDRTo1Rk1PVkU6NUZTT1VSQ0VGTFBDVUU3NkJXfEQ3OTJDMzY3OEYwMzE4MzUtV0VTVFVTLU1PVkUiLCJqb2JMb2NhdGlvbiI6Indlc3R1cyJ9?api-version=2021-04-01
      pragma:
      - no-cache
      strict-transport-security:
      - max-age=31536000; includeSubDomains
      x-content-type-options:
      - nosniff
    status:
      code: 202
      message: Accepted
- request:
    body: null
    headers:
      Accept:
      - '*/*'
      Accept-Encoding:
      - gzip, deflate
      CommandName:
      - resource move
      Connection:
      - keep-alive
      ParameterSetName:
      - --ids --destination-group
      User-Agent:
      - AZURECLI/2.39.0 azsdk-python-azure-mgmt-resource/21.1.0b1 Python/3.10.6 (Linux-5.15.0-1017-azure-x86_64-with-glibc2.31)
        VSTS_0fb41ef4-5012-48a9-bf39-4ee3de03ee35_build_4949_0
    method: GET
    uri: https://management.azure.com/subscriptions/00000000-0000-0000-0000-000000000000/operationresults/eyJqb2JJZCI6IlJFU09VUkNFQkFUQ0hNT1ZFSk9CLUNMSTo1RlRFU1Q6NUZSRVNPVVJDRTo1Rk1PVkU6NUZTT1VSQ0VGTFBDVUU3NkJXfEQ3OTJDMzY3OEYwMzE4MzUtV0VTVFVTLU1PVkUiLCJqb2JMb2NhdGlvbiI6Indlc3R1cyJ9?api-version=2021-04-01
  response:
    body:
      string: ''
    headers:
      cache-control:
      - no-cache
      date:
      - Fri, 26 Aug 2022 05:47:55 GMT
      expires:
      - '-1'
      pragma:
      - no-cache
      strict-transport-security:
      - max-age=31536000; includeSubDomains
      x-content-type-options:
      - nosniff
    status:
      code: 204
      message: No Content
- request:
    body: null
    headers:
      Accept:
      - application/json
      Accept-Encoding:
      - gzip, deflate
      CommandName:
      - network nsg show
      Connection:
      - keep-alive
      ParameterSetName:
      - -g -n
      User-Agent:
      - AZURECLI/2.39.0 azsdk-python-azure-mgmt-network/21.0.1 Python/3.10.6 (Linux-5.15.0-1017-azure-x86_64-with-glibc2.31)
        VSTS_0fb41ef4-5012-48a9-bf39-4ee3de03ee35_build_4949_0
    method: GET
    uri: https://management.azure.com/subscriptions/00000000-0000-0000-0000-000000000000/resourceGroups/cli_test_resource_move_dest000001/providers/Microsoft.Network/networkSecurityGroups/nsg-move000003?api-version=2022-01-01
  response:
    body:
      string: "{\r\n  \"name\": \"nsg-move000003\",\r\n  \"id\": \"/subscriptions/00000000-0000-0000-0000-000000000000/resourceGroups/cli_test_resource_move_dest000001/providers/Microsoft.Network/networkSecurityGroups/nsg-move000003\",\r\n
        \ \"etag\": \"W/\\\"dd6f3b5c-2b8d-46de-a5b6-86713ce0b541\\\"\",\r\n  \"type\":
        \"Microsoft.Network/networkSecurityGroups\",\r\n  \"location\": \"westus\",\r\n
        \ \"properties\": {\r\n    \"provisioningState\": \"Succeeded\",\r\n    \"resourceGuid\":
        \"ec5c64b9-3f3b-400f-9346-1eac56756486\",\r\n    \"securityRules\": [],\r\n
        \   \"defaultSecurityRules\": [\r\n      {\r\n        \"name\": \"AllowVnetInBound\",\r\n
        \       \"id\": \"/subscriptions/00000000-0000-0000-0000-000000000000/resourceGroups/cli_test_resource_move_dest000001/providers/Microsoft.Network/networkSecurityGroups/nsg-move000003/defaultSecurityRules/AllowVnetInBound\",\r\n
        \       \"etag\": \"W/\\\"dd6f3b5c-2b8d-46de-a5b6-86713ce0b541\\\"\",\r\n
        \       \"type\": \"Microsoft.Network/networkSecurityGroups/defaultSecurityRules\",\r\n
        \       \"properties\": {\r\n          \"provisioningState\": \"Succeeded\",\r\n
        \         \"description\": \"Allow inbound traffic from all VMs in VNET\",\r\n
        \         \"protocol\": \"*\",\r\n          \"sourcePortRange\": \"*\",\r\n
        \         \"destinationPortRange\": \"*\",\r\n          \"sourceAddressPrefix\":
        \"VirtualNetwork\",\r\n          \"destinationAddressPrefix\": \"VirtualNetwork\",\r\n
        \         \"access\": \"Allow\",\r\n          \"priority\": 65000,\r\n          \"direction\":
        \"Inbound\",\r\n          \"sourcePortRanges\": [],\r\n          \"destinationPortRanges\":
        [],\r\n          \"sourceAddressPrefixes\": [],\r\n          \"destinationAddressPrefixes\":
        []\r\n        }\r\n      },\r\n      {\r\n        \"name\": \"AllowAzureLoadBalancerInBound\",\r\n
        \       \"id\": \"/subscriptions/00000000-0000-0000-0000-000000000000/resourceGroups/cli_test_resource_move_dest000001/providers/Microsoft.Network/networkSecurityGroups/nsg-move000003/defaultSecurityRules/AllowAzureLoadBalancerInBound\",\r\n
        \       \"etag\": \"W/\\\"dd6f3b5c-2b8d-46de-a5b6-86713ce0b541\\\"\",\r\n
        \       \"type\": \"Microsoft.Network/networkSecurityGroups/defaultSecurityRules\",\r\n
        \       \"properties\": {\r\n          \"provisioningState\": \"Succeeded\",\r\n
        \         \"description\": \"Allow inbound traffic from azure load balancer\",\r\n
        \         \"protocol\": \"*\",\r\n          \"sourcePortRange\": \"*\",\r\n
        \         \"destinationPortRange\": \"*\",\r\n          \"sourceAddressPrefix\":
        \"AzureLoadBalancer\",\r\n          \"destinationAddressPrefix\": \"*\",\r\n
        \         \"access\": \"Allow\",\r\n          \"priority\": 65001,\r\n          \"direction\":
        \"Inbound\",\r\n          \"sourcePortRanges\": [],\r\n          \"destinationPortRanges\":
        [],\r\n          \"sourceAddressPrefixes\": [],\r\n          \"destinationAddressPrefixes\":
        []\r\n        }\r\n      },\r\n      {\r\n        \"name\": \"DenyAllInBound\",\r\n
        \       \"id\": \"/subscriptions/00000000-0000-0000-0000-000000000000/resourceGroups/cli_test_resource_move_dest000001/providers/Microsoft.Network/networkSecurityGroups/nsg-move000003/defaultSecurityRules/DenyAllInBound\",\r\n
        \       \"etag\": \"W/\\\"dd6f3b5c-2b8d-46de-a5b6-86713ce0b541\\\"\",\r\n
        \       \"type\": \"Microsoft.Network/networkSecurityGroups/defaultSecurityRules\",\r\n
        \       \"properties\": {\r\n          \"provisioningState\": \"Succeeded\",\r\n
        \         \"description\": \"Deny all inbound traffic\",\r\n          \"protocol\":
        \"*\",\r\n          \"sourcePortRange\": \"*\",\r\n          \"destinationPortRange\":
        \"*\",\r\n          \"sourceAddressPrefix\": \"*\",\r\n          \"destinationAddressPrefix\":
        \"*\",\r\n          \"access\": \"Deny\",\r\n          \"priority\": 65500,\r\n
        \         \"direction\": \"Inbound\",\r\n          \"sourcePortRanges\": [],\r\n
        \         \"destinationPortRanges\": [],\r\n          \"sourceAddressPrefixes\":
        [],\r\n          \"destinationAddressPrefixes\": []\r\n        }\r\n      },\r\n
        \     {\r\n        \"name\": \"AllowVnetOutBound\",\r\n        \"id\": \"/subscriptions/00000000-0000-0000-0000-000000000000/resourceGroups/cli_test_resource_move_dest000001/providers/Microsoft.Network/networkSecurityGroups/nsg-move000003/defaultSecurityRules/AllowVnetOutBound\",\r\n
        \       \"etag\": \"W/\\\"dd6f3b5c-2b8d-46de-a5b6-86713ce0b541\\\"\",\r\n
        \       \"type\": \"Microsoft.Network/networkSecurityGroups/defaultSecurityRules\",\r\n
        \       \"properties\": {\r\n          \"provisioningState\": \"Succeeded\",\r\n
        \         \"description\": \"Allow outbound traffic from all VMs to all VMs
        in VNET\",\r\n          \"protocol\": \"*\",\r\n          \"sourcePortRange\":
        \"*\",\r\n          \"destinationPortRange\": \"*\",\r\n          \"sourceAddressPrefix\":
        \"VirtualNetwork\",\r\n          \"destinationAddressPrefix\": \"VirtualNetwork\",\r\n
        \         \"access\": \"Allow\",\r\n          \"priority\": 65000,\r\n          \"direction\":
        \"Outbound\",\r\n          \"sourcePortRanges\": [],\r\n          \"destinationPortRanges\":
        [],\r\n          \"sourceAddressPrefixes\": [],\r\n          \"destinationAddressPrefixes\":
        []\r\n        }\r\n      },\r\n      {\r\n        \"name\": \"AllowInternetOutBound\",\r\n
        \       \"id\": \"/subscriptions/00000000-0000-0000-0000-000000000000/resourceGroups/cli_test_resource_move_dest000001/providers/Microsoft.Network/networkSecurityGroups/nsg-move000003/defaultSecurityRules/AllowInternetOutBound\",\r\n
        \       \"etag\": \"W/\\\"dd6f3b5c-2b8d-46de-a5b6-86713ce0b541\\\"\",\r\n
        \       \"type\": \"Microsoft.Network/networkSecurityGroups/defaultSecurityRules\",\r\n
        \       \"properties\": {\r\n          \"provisioningState\": \"Succeeded\",\r\n
        \         \"description\": \"Allow outbound traffic from all VMs to Internet\",\r\n
        \         \"protocol\": \"*\",\r\n          \"sourcePortRange\": \"*\",\r\n
        \         \"destinationPortRange\": \"*\",\r\n          \"sourceAddressPrefix\":
        \"*\",\r\n          \"destinationAddressPrefix\": \"Internet\",\r\n          \"access\":
        \"Allow\",\r\n          \"priority\": 65001,\r\n          \"direction\": \"Outbound\",\r\n
        \         \"sourcePortRanges\": [],\r\n          \"destinationPortRanges\":
        [],\r\n          \"sourceAddressPrefixes\": [],\r\n          \"destinationAddressPrefixes\":
        []\r\n        }\r\n      },\r\n      {\r\n        \"name\": \"DenyAllOutBound\",\r\n
        \       \"id\": \"/subscriptions/00000000-0000-0000-0000-000000000000/resourceGroups/cli_test_resource_move_dest000001/providers/Microsoft.Network/networkSecurityGroups/nsg-move000003/defaultSecurityRules/DenyAllOutBound\",\r\n
        \       \"etag\": \"W/\\\"dd6f3b5c-2b8d-46de-a5b6-86713ce0b541\\\"\",\r\n
        \       \"type\": \"Microsoft.Network/networkSecurityGroups/defaultSecurityRules\",\r\n
        \       \"properties\": {\r\n          \"provisioningState\": \"Succeeded\",\r\n
        \         \"description\": \"Deny all outbound traffic\",\r\n          \"protocol\":
        \"*\",\r\n          \"sourcePortRange\": \"*\",\r\n          \"destinationPortRange\":
        \"*\",\r\n          \"sourceAddressPrefix\": \"*\",\r\n          \"destinationAddressPrefix\":
        \"*\",\r\n          \"access\": \"Deny\",\r\n          \"priority\": 65500,\r\n
        \         \"direction\": \"Outbound\",\r\n          \"sourcePortRanges\":
        [],\r\n          \"destinationPortRanges\": [],\r\n          \"sourceAddressPrefixes\":
        [],\r\n          \"destinationAddressPrefixes\": []\r\n        }\r\n      }\r\n
        \   ]\r\n  }\r\n}"
    headers:
      cache-control:
      - no-cache
      content-length:
      - '6718'
      content-type:
      - application/json; charset=utf-8
      date:
      - Fri, 26 Aug 2022 05:47:55 GMT
      etag:
      - W/"dd6f3b5c-2b8d-46de-a5b6-86713ce0b541"
      expires:
      - '-1'
      pragma:
      - no-cache
      server:
      - Microsoft-HTTPAPI/2.0
      - Microsoft-HTTPAPI/2.0
      strict-transport-security:
      - max-age=31536000; includeSubDomains
      transfer-encoding:
      - chunked
      vary:
      - Accept-Encoding
      x-content-type-options:
      - nosniff
      x-ms-arm-service-request-id:
      - ac9c9f2e-9466-4e58-9f3a-3eef8ebaac63
    status:
      code: 200
      message: OK
- request:
    body: null
    headers:
      Accept:
      - application/json
      Accept-Encoding:
      - gzip, deflate
      CommandName:
      - network nsg show
      Connection:
      - keep-alive
      ParameterSetName:
      - -g -n
      User-Agent:
      - AZURECLI/2.39.0 azsdk-python-azure-mgmt-network/21.0.1 Python/3.10.6 (Linux-5.15.0-1017-azure-x86_64-with-glibc2.31)
        VSTS_0fb41ef4-5012-48a9-bf39-4ee3de03ee35_build_4949_0
    method: GET
    uri: https://management.azure.com/subscriptions/00000000-0000-0000-0000-000000000000/resourceGroups/cli_test_resource_move_dest000001/providers/Microsoft.Network/networkSecurityGroups/nsg-move000004?api-version=2022-01-01
  response:
    body:
      string: "{\r\n  \"name\": \"nsg-move000004\",\r\n  \"id\": \"/subscriptions/00000000-0000-0000-0000-000000000000/resourceGroups/cli_test_resource_move_dest000001/providers/Microsoft.Network/networkSecurityGroups/nsg-move000004\",\r\n
        \ \"etag\": \"W/\\\"06f20c1e-cd13-4f77-a3a3-64267254940b\\\"\",\r\n  \"type\":
        \"Microsoft.Network/networkSecurityGroups\",\r\n  \"location\": \"westus\",\r\n
        \ \"properties\": {\r\n    \"provisioningState\": \"Succeeded\",\r\n    \"resourceGuid\":
        \"4cc7e892-0ab4-46e9-a4b3-c0465c0942e3\",\r\n    \"securityRules\": [],\r\n
        \   \"defaultSecurityRules\": [\r\n      {\r\n        \"name\": \"AllowVnetInBound\",\r\n
        \       \"id\": \"/subscriptions/00000000-0000-0000-0000-000000000000/resourceGroups/cli_test_resource_move_dest000001/providers/Microsoft.Network/networkSecurityGroups/nsg-move000004/defaultSecurityRules/AllowVnetInBound\",\r\n
        \       \"etag\": \"W/\\\"06f20c1e-cd13-4f77-a3a3-64267254940b\\\"\",\r\n
        \       \"type\": \"Microsoft.Network/networkSecurityGroups/defaultSecurityRules\",\r\n
        \       \"properties\": {\r\n          \"provisioningState\": \"Succeeded\",\r\n
        \         \"description\": \"Allow inbound traffic from all VMs in VNET\",\r\n
        \         \"protocol\": \"*\",\r\n          \"sourcePortRange\": \"*\",\r\n
        \         \"destinationPortRange\": \"*\",\r\n          \"sourceAddressPrefix\":
        \"VirtualNetwork\",\r\n          \"destinationAddressPrefix\": \"VirtualNetwork\",\r\n
        \         \"access\": \"Allow\",\r\n          \"priority\": 65000,\r\n          \"direction\":
        \"Inbound\",\r\n          \"sourcePortRanges\": [],\r\n          \"destinationPortRanges\":
        [],\r\n          \"sourceAddressPrefixes\": [],\r\n          \"destinationAddressPrefixes\":
        []\r\n        }\r\n      },\r\n      {\r\n        \"name\": \"AllowAzureLoadBalancerInBound\",\r\n
        \       \"id\": \"/subscriptions/00000000-0000-0000-0000-000000000000/resourceGroups/cli_test_resource_move_dest000001/providers/Microsoft.Network/networkSecurityGroups/nsg-move000004/defaultSecurityRules/AllowAzureLoadBalancerInBound\",\r\n
        \       \"etag\": \"W/\\\"06f20c1e-cd13-4f77-a3a3-64267254940b\\\"\",\r\n
        \       \"type\": \"Microsoft.Network/networkSecurityGroups/defaultSecurityRules\",\r\n
        \       \"properties\": {\r\n          \"provisioningState\": \"Succeeded\",\r\n
        \         \"description\": \"Allow inbound traffic from azure load balancer\",\r\n
        \         \"protocol\": \"*\",\r\n          \"sourcePortRange\": \"*\",\r\n
        \         \"destinationPortRange\": \"*\",\r\n          \"sourceAddressPrefix\":
        \"AzureLoadBalancer\",\r\n          \"destinationAddressPrefix\": \"*\",\r\n
        \         \"access\": \"Allow\",\r\n          \"priority\": 65001,\r\n          \"direction\":
        \"Inbound\",\r\n          \"sourcePortRanges\": [],\r\n          \"destinationPortRanges\":
        [],\r\n          \"sourceAddressPrefixes\": [],\r\n          \"destinationAddressPrefixes\":
        []\r\n        }\r\n      },\r\n      {\r\n        \"name\": \"DenyAllInBound\",\r\n
        \       \"id\": \"/subscriptions/00000000-0000-0000-0000-000000000000/resourceGroups/cli_test_resource_move_dest000001/providers/Microsoft.Network/networkSecurityGroups/nsg-move000004/defaultSecurityRules/DenyAllInBound\",\r\n
        \       \"etag\": \"W/\\\"06f20c1e-cd13-4f77-a3a3-64267254940b\\\"\",\r\n
        \       \"type\": \"Microsoft.Network/networkSecurityGroups/defaultSecurityRules\",\r\n
        \       \"properties\": {\r\n          \"provisioningState\": \"Succeeded\",\r\n
        \         \"description\": \"Deny all inbound traffic\",\r\n          \"protocol\":
        \"*\",\r\n          \"sourcePortRange\": \"*\",\r\n          \"destinationPortRange\":
        \"*\",\r\n          \"sourceAddressPrefix\": \"*\",\r\n          \"destinationAddressPrefix\":
        \"*\",\r\n          \"access\": \"Deny\",\r\n          \"priority\": 65500,\r\n
        \         \"direction\": \"Inbound\",\r\n          \"sourcePortRanges\": [],\r\n
        \         \"destinationPortRanges\": [],\r\n          \"sourceAddressPrefixes\":
        [],\r\n          \"destinationAddressPrefixes\": []\r\n        }\r\n      },\r\n
        \     {\r\n        \"name\": \"AllowVnetOutBound\",\r\n        \"id\": \"/subscriptions/00000000-0000-0000-0000-000000000000/resourceGroups/cli_test_resource_move_dest000001/providers/Microsoft.Network/networkSecurityGroups/nsg-move000004/defaultSecurityRules/AllowVnetOutBound\",\r\n
        \       \"etag\": \"W/\\\"06f20c1e-cd13-4f77-a3a3-64267254940b\\\"\",\r\n
        \       \"type\": \"Microsoft.Network/networkSecurityGroups/defaultSecurityRules\",\r\n
        \       \"properties\": {\r\n          \"provisioningState\": \"Succeeded\",\r\n
        \         \"description\": \"Allow outbound traffic from all VMs to all VMs
        in VNET\",\r\n          \"protocol\": \"*\",\r\n          \"sourcePortRange\":
        \"*\",\r\n          \"destinationPortRange\": \"*\",\r\n          \"sourceAddressPrefix\":
        \"VirtualNetwork\",\r\n          \"destinationAddressPrefix\": \"VirtualNetwork\",\r\n
        \         \"access\": \"Allow\",\r\n          \"priority\": 65000,\r\n          \"direction\":
        \"Outbound\",\r\n          \"sourcePortRanges\": [],\r\n          \"destinationPortRanges\":
        [],\r\n          \"sourceAddressPrefixes\": [],\r\n          \"destinationAddressPrefixes\":
        []\r\n        }\r\n      },\r\n      {\r\n        \"name\": \"AllowInternetOutBound\",\r\n
        \       \"id\": \"/subscriptions/00000000-0000-0000-0000-000000000000/resourceGroups/cli_test_resource_move_dest000001/providers/Microsoft.Network/networkSecurityGroups/nsg-move000004/defaultSecurityRules/AllowInternetOutBound\",\r\n
        \       \"etag\": \"W/\\\"06f20c1e-cd13-4f77-a3a3-64267254940b\\\"\",\r\n
        \       \"type\": \"Microsoft.Network/networkSecurityGroups/defaultSecurityRules\",\r\n
        \       \"properties\": {\r\n          \"provisioningState\": \"Succeeded\",\r\n
        \         \"description\": \"Allow outbound traffic from all VMs to Internet\",\r\n
        \         \"protocol\": \"*\",\r\n          \"sourcePortRange\": \"*\",\r\n
        \         \"destinationPortRange\": \"*\",\r\n          \"sourceAddressPrefix\":
        \"*\",\r\n          \"destinationAddressPrefix\": \"Internet\",\r\n          \"access\":
        \"Allow\",\r\n          \"priority\": 65001,\r\n          \"direction\": \"Outbound\",\r\n
        \         \"sourcePortRanges\": [],\r\n          \"destinationPortRanges\":
        [],\r\n          \"sourceAddressPrefixes\": [],\r\n          \"destinationAddressPrefixes\":
        []\r\n        }\r\n      },\r\n      {\r\n        \"name\": \"DenyAllOutBound\",\r\n
        \       \"id\": \"/subscriptions/00000000-0000-0000-0000-000000000000/resourceGroups/cli_test_resource_move_dest000001/providers/Microsoft.Network/networkSecurityGroups/nsg-move000004/defaultSecurityRules/DenyAllOutBound\",\r\n
        \       \"etag\": \"W/\\\"06f20c1e-cd13-4f77-a3a3-64267254940b\\\"\",\r\n
        \       \"type\": \"Microsoft.Network/networkSecurityGroups/defaultSecurityRules\",\r\n
        \       \"properties\": {\r\n          \"provisioningState\": \"Succeeded\",\r\n
        \         \"description\": \"Deny all outbound traffic\",\r\n          \"protocol\":
        \"*\",\r\n          \"sourcePortRange\": \"*\",\r\n          \"destinationPortRange\":
        \"*\",\r\n          \"sourceAddressPrefix\": \"*\",\r\n          \"destinationAddressPrefix\":
        \"*\",\r\n          \"access\": \"Deny\",\r\n          \"priority\": 65500,\r\n
        \         \"direction\": \"Outbound\",\r\n          \"sourcePortRanges\":
        [],\r\n          \"destinationPortRanges\": [],\r\n          \"sourceAddressPrefixes\":
        [],\r\n          \"destinationAddressPrefixes\": []\r\n        }\r\n      }\r\n
        \   ]\r\n  }\r\n}"
    headers:
      cache-control:
      - no-cache
      content-length:
      - '6718'
      content-type:
      - application/json; charset=utf-8
      date:
      - Fri, 26 Aug 2022 05:47:56 GMT
      etag:
      - W/"06f20c1e-cd13-4f77-a3a3-64267254940b"
      expires:
      - '-1'
      pragma:
      - no-cache
      server:
      - Microsoft-HTTPAPI/2.0
      - Microsoft-HTTPAPI/2.0
      strict-transport-security:
      - max-age=31536000; includeSubDomains
      transfer-encoding:
      - chunked
      vary:
      - Accept-Encoding
      x-content-type-options:
      - nosniff
      x-ms-arm-service-request-id:
      - 583632dc-104a-45c2-b25d-720604cf63a8
    status:
      code: 200
      message: OK
version: 1
