interactions:
- request:
    body: null
    headers:
      Accept:
      - application/json
      Accept-Encoding:
      - gzip, deflate
      CommandName:
      - account management-group create
      Connection:
      - keep-alive
      Content-Length:
      - '0'
      ParameterSetName:
      - --name
      User-Agent:
      - python/3.8.0 (Windows-10-10.0.19041-SP0) msrest/0.6.18 msrest_azure/0.6.3
        azure-mgmt-resource/10.2.0 Azure-SDK-For-Python AZURECLI/2.11.0
      accept-language:
      - en-US
    method: POST
    uri: https://management.azure.com/subscriptions/00000000-0000-0000-0000-000000000000/providers/Microsoft.Management/register?api-version=2020-06-01
  response:
    body:
      string: '{"id":"/subscriptions/00000000-0000-0000-0000-000000000000/providers/Microsoft.Management","namespace":"Microsoft.Management","authorization":{"applicationId":"f2c304cf-8e7e-4c3f-8164-16299ad9d272","roleDefinitionId":"c1cf3708-588a-4647-be7f-f400bbe214cf"},"resourceTypes":[{"resourceType":"resources","locations":[],"apiVersions":["2017-11-01-preview","2017-08-31-preview","2017-06-30-preview","2017-05-31-preview"],"capabilities":"None"},{"resourceType":"managementGroups","locations":[],"apiVersions":["2020-05-01","2020-02-01","2019-11-01","2018-03-01-preview","2018-03-01-beta","2018-01-01-preview","2017-11-01-preview","2017-08-31-preview","2017-06-30-preview","2017-05-31-preview"],"capabilities":"None"},{"resourceType":"getEntities","locations":[],"apiVersions":["2020-05-01","2020-02-01","2019-11-01","2018-03-01-preview","2018-03-01-beta","2018-01-01-preview"],"capabilities":"None"},{"resourceType":"managementGroups/settings","locations":[],"apiVersions":["2020-05-01","2020-02-01","2018-03-01-beta"],"capabilities":"None"},{"resourceType":"checkNameAvailability","locations":[],"apiVersions":["2020-05-01","2020-02-01","2019-11-01","2018-03-01-preview","2018-03-01-beta","2018-01-01-preview"],"capabilities":"None"},{"resourceType":"operationResults","locations":[],"apiVersions":["2020-05-01","2020-02-01","2019-11-01","2018-03-01-preview","2018-03-01-beta","2018-01-01-preview"],"capabilities":"None"},{"resourceType":"operationResults/asyncOperation","locations":[],"apiVersions":["2020-05-01","2020-02-01","2019-11-01","2018-03-01-beta"],"capabilities":"None"},{"resourceType":"operations","locations":[],"apiVersions":["2020-05-01","2020-02-01","2019-11-01","2018-03-01-preview","2018-03-01-beta","2018-01-01-preview","2017-11-01-preview","2017-08-31-preview","2017-06-30-preview","2017-05-31-preview"],"capabilities":"None"},{"resourceType":"tenantBackfillStatus","locations":[],"apiVersions":["2020-05-01","2020-02-01","2019-11-01","2018-03-01-preview","2018-03-01-beta"],"capabilities":"None"},{"resourceType":"startTenantBackfill","locations":[],"apiVersions":["2020-05-01","2020-02-01","2019-11-01","2018-03-01-preview","2018-03-01-beta"],"capabilities":"None"}],"registrationState":"Registered","registrationPolicy":"RegistrationRequired"}'
    headers:
      cache-control:
      - no-cache
      content-length:
      - '2264'
      content-type:
      - application/json; charset=utf-8
      date:
      - Fri, 28 Aug 2020 10:16:52 GMT
      expires:
      - '-1'
      pragma:
      - no-cache
      strict-transport-security:
      - max-age=31536000; includeSubDomains
      transfer-encoding:
      - chunked
      vary:
      - Accept-Encoding
      x-content-type-options:
      - nosniff
      x-ms-ratelimit-remaining-subscription-writes:
      - '1197'
    status:
      code: 200
      message: OK
- request:
    body: null
    headers:
      Accept:
      - application/json
      Accept-Encoding:
      - gzip, deflate
      CommandName:
      - account management-group create
      Connection:
      - keep-alive
      ParameterSetName:
      - --name
      User-Agent:
      - python/3.8.0 (Windows-10-10.0.19041-SP0) msrest/0.6.18 msrest_azure/0.6.3
        azure-mgmt-resource/10.2.0 Azure-SDK-For-Python AZURECLI/2.11.0
      accept-language:
      - en-US
    method: GET
    uri: https://management.azure.com/subscriptions/00000000-0000-0000-0000-000000000000/providers/Microsoft.Management?api-version=2020-06-01
  response:
    body:
      string: '{"id":"/subscriptions/00000000-0000-0000-0000-000000000000/providers/Microsoft.Management","namespace":"Microsoft.Management","authorization":{"applicationId":"f2c304cf-8e7e-4c3f-8164-16299ad9d272","roleDefinitionId":"c1cf3708-588a-4647-be7f-f400bbe214cf"},"resourceTypes":[{"resourceType":"resources","locations":[],"apiVersions":["2017-11-01-preview","2017-08-31-preview","2017-06-30-preview","2017-05-31-preview"],"capabilities":"None"},{"resourceType":"managementGroups","locations":[],"apiVersions":["2020-05-01","2020-02-01","2019-11-01","2018-03-01-preview","2018-03-01-beta","2018-01-01-preview","2017-11-01-preview","2017-08-31-preview","2017-06-30-preview","2017-05-31-preview"],"capabilities":"None"},{"resourceType":"getEntities","locations":[],"apiVersions":["2020-05-01","2020-02-01","2019-11-01","2018-03-01-preview","2018-03-01-beta","2018-01-01-preview"],"capabilities":"None"},{"resourceType":"managementGroups/settings","locations":[],"apiVersions":["2020-05-01","2020-02-01","2018-03-01-beta"],"capabilities":"None"},{"resourceType":"checkNameAvailability","locations":[],"apiVersions":["2020-05-01","2020-02-01","2019-11-01","2018-03-01-preview","2018-03-01-beta","2018-01-01-preview"],"capabilities":"None"},{"resourceType":"operationResults","locations":[],"apiVersions":["2020-05-01","2020-02-01","2019-11-01","2018-03-01-preview","2018-03-01-beta","2018-01-01-preview"],"capabilities":"None"},{"resourceType":"operationResults/asyncOperation","locations":[],"apiVersions":["2020-05-01","2020-02-01","2019-11-01","2018-03-01-beta"],"capabilities":"None"},{"resourceType":"operations","locations":[],"apiVersions":["2020-05-01","2020-02-01","2019-11-01","2018-03-01-preview","2018-03-01-beta","2018-01-01-preview","2017-11-01-preview","2017-08-31-preview","2017-06-30-preview","2017-05-31-preview"],"capabilities":"None"},{"resourceType":"tenantBackfillStatus","locations":[],"apiVersions":["2020-05-01","2020-02-01","2019-11-01","2018-03-01-preview","2018-03-01-beta"],"capabilities":"None"},{"resourceType":"startTenantBackfill","locations":[],"apiVersions":["2020-05-01","2020-02-01","2019-11-01","2018-03-01-preview","2018-03-01-beta"],"capabilities":"None"}],"registrationState":"Registered","registrationPolicy":"RegistrationRequired"}'
    headers:
      cache-control:
      - no-cache
      content-length:
      - '2264'
      content-type:
      - application/json; charset=utf-8
      date:
      - Fri, 28 Aug 2020 10:17:02 GMT
      expires:
      - '-1'
      pragma:
      - no-cache
      strict-transport-security:
      - max-age=31536000; includeSubDomains
      vary:
      - Accept-Encoding
      x-content-type-options:
      - nosniff
    status:
      code: 200
      message: OK
- request:
    body: '{"name": "azure-cli-management000002", "properties": {"details": {"parent":
      {}}}}'
    headers:
      Accept:
      - application/json
      Accept-Encoding:
      - gzip, deflate
      Cache-Control:
      - no-cache
      CommandName:
      - account management-group create
      Connection:
      - keep-alive
      Content-Length:
      - '85'
      Content-Type:
      - application/json; charset=utf-8
      ParameterSetName:
      - --name
      User-Agent:
      - python/3.8.0 (Windows-10-10.0.19041-SP0) msrest/0.6.18 msrest_azure/0.6.3
        azure-mgmt-managementgroups/0.2.0 Azure-SDK-For-Python AZURECLI/2.11.0
      accept-language:
      - en-US
    method: PUT
    uri: https://management.azure.com/providers/Microsoft.Management/managementGroups/azure-cli-management000002?api-version=2018-03-01-preview
  response:
    body:
      string: '{"id":"/providers/Microsoft.Management/managementGroups/azure-cli-management000002","type":"/providers/Microsoft.Management/managementGroups","name":"azure-cli-management000002","status":"NotStarted"}'
    headers:
      cache-control:
      - no-cache
      content-length:
      - '208'
      content-type:
      - application/json; charset=utf-8
      date:
      - Fri, 28 Aug 2020 10:17:05 GMT
      expires:
      - '-1'
      location:
      - https://management.azure.com/providers/Microsoft.Management/operationResults/create/managementGroups/azure-cli-management000002?api-version=2018-03-01-preview
      pragma:
      - no-cache
      request-id:
      - 85fb53c5-1a0c-4a84-a45f-cb2a5abc82d6
      strict-transport-security:
      - max-age=31536000; includeSubDomains
      x-ba-restapi:
      - 1.0.3.1582
      x-content-type-options:
      - nosniff
      x-ms-ratelimit-remaining-tenant-writes:
      - '1194'
    status:
      code: 202
      message: Accepted
- request:
    body: null
    headers:
      Accept:
      - application/json
      Accept-Encoding:
      - gzip, deflate
      CommandName:
      - account management-group create
      Connection:
      - keep-alive
      ParameterSetName:
      - --name
      User-Agent:
      - python/3.8.0 (Windows-10-10.0.19041-SP0) msrest/0.6.18 msrest_azure/0.6.3
        azure-mgmt-managementgroups/0.2.0 Azure-SDK-For-Python AZURECLI/2.11.0
    method: GET
    uri: https://management.azure.com/providers/Microsoft.Management/operationResults/create/managementGroups/azure-cli-management000002?api-version=2018-03-01-preview
  response:
    body:
      string: '{"id":"/providers/Microsoft.Management/managementGroups/azure-cli-management000002","type":"/providers/Microsoft.Management/managementGroups","name":"azure-cli-management000002","status":"Running"}'
    headers:
      cache-control:
      - no-cache
      content-length:
      - '205'
      content-type:
      - application/json; charset=utf-8
      date:
      - Fri, 28 Aug 2020 10:17:15 GMT
      expires:
      - '-1'
      location:
      - https://management.azure.com/providers/Microsoft.Management/operationResults/create/managementGroups/azure-cli-management000002?api-version=2018-03-01-preview
      pragma:
      - no-cache
      request-id:
      - ec8fa41d-5998-471a-92e7-a7e7fc1c3c6c
      strict-transport-security:
      - max-age=31536000; includeSubDomains
      x-ba-restapi:
      - 1.0.3.1582
      x-content-type-options:
      - nosniff
    status:
      code: 202
      message: Accepted
- request:
    body: null
    headers:
      Accept:
      - application/json
      Accept-Encoding:
      - gzip, deflate
      CommandName:
      - account management-group create
      Connection:
      - keep-alive
      ParameterSetName:
      - --name
      User-Agent:
      - python/3.8.0 (Windows-10-10.0.19041-SP0) msrest/0.6.18 msrest_azure/0.6.3
        azure-mgmt-managementgroups/0.2.0 Azure-SDK-For-Python AZURECLI/2.11.0
    method: GET
    uri: https://management.azure.com/providers/Microsoft.Management/operationResults/create/managementGroups/azure-cli-management000002?api-version=2018-03-01-preview
  response:
    body:
      string: '{"id":"/providers/Microsoft.Management/managementGroups/azure-cli-management000002","type":"/providers/Microsoft.Management/managementGroups","name":"azure-cli-management000002","status":"Running"}'
    headers:
      cache-control:
      - no-cache
      content-length:
      - '205'
      content-type:
      - application/json; charset=utf-8
      date:
      - Fri, 28 Aug 2020 10:17:26 GMT
      expires:
      - '-1'
      location:
      - https://management.azure.com/providers/Microsoft.Management/operationResults/create/managementGroups/azure-cli-management000002?api-version=2018-03-01-preview
      pragma:
      - no-cache
      request-id:
      - bcc497bf-044a-4006-a3a3-a87de0a27d69
      strict-transport-security:
      - max-age=31536000; includeSubDomains
      x-ba-restapi:
      - 1.0.3.1582
      x-content-type-options:
      - nosniff
    status:
      code: 202
      message: Accepted
- request:
    body: null
    headers:
      Accept:
      - application/json
      Accept-Encoding:
      - gzip, deflate
      CommandName:
      - account management-group create
      Connection:
      - keep-alive
      ParameterSetName:
      - --name
      User-Agent:
      - python/3.8.0 (Windows-10-10.0.19041-SP0) msrest/0.6.18 msrest_azure/0.6.3
        azure-mgmt-managementgroups/0.2.0 Azure-SDK-For-Python AZURECLI/2.11.0
    method: GET
    uri: https://management.azure.com/providers/Microsoft.Management/operationResults/create/managementGroups/azure-cli-management000002?api-version=2018-03-01-preview
  response:
    body:
      string: '{"id":"/providers/Microsoft.Management/managementGroups/azure-cli-management000002","type":"/providers/Microsoft.Management/managementGroups","name":"azure-cli-management000002","status":"Succeeded","properties":{"tenantId":"54826b22-38d6-4fb2-bad9-b7b93a3e9c5a","displayName":"azure-cli-management000002","details":{"version":1,"updatedTime":"2020-08-28T10:17:07.7871734Z","updatedBy":"9ac534f1-d577-4034-a32d-48de400dacbf","parent":{"id":"/providers/Microsoft.Management/managementGroups/54826b22-38d6-4fb2-bad9-b7b93a3e9c5a","name":"54826b22-38d6-4fb2-bad9-b7b93a3e9c5a","displayName":"54826b22-38d6-4fb2-bad9-b7b93a3e9c5a"}}}}'
    headers:
      cache-control:
      - no-cache
      content-length:
      - '642'
      content-type:
      - application/json; charset=utf-8
      date:
      - Fri, 28 Aug 2020 10:17:37 GMT
      expires:
      - '-1'
      pragma:
      - no-cache
      request-id:
      - 28701539-701b-4101-a98a-e37e08c5d159
      strict-transport-security:
      - max-age=31536000; includeSubDomains
      transfer-encoding:
      - chunked
      vary:
      - Accept-Encoding,Accept-Encoding
      x-ba-restapi:
      - 1.0.3.1582
      x-content-type-options:
      - nosniff
    status:
      code: 200
      message: OK
- request:
    body: "{\"location\": \"WestUS\", \"properties\": {\"parameters\": {\"nestedsubId\":
      {\"value\": \"0b1f6471-1bf0-4dda-aec3-cb9272f09590\"}, \"targetMG\": {\"value\":
      \"azure-cli-management000002\"}, \"nestedRG\": {\"value\": \"azure-cli-sub-resource-group000003\"},
      \"storageAccountName\": {\"value\": \"armbuilddemo000005\"}}, \"mode\": \"Incremental\",
      template:{\r\n  \"$schema\": \"https://schema.management.azure.com/schemas/2019-08-01/managementGroupDeploymentTemplate.json#\",\r\n
      \ \"contentVersion\": \"1.0.0.0\",\r\n  \"parameters\": {\r\n    \"targetMG\":
      {\r\n      \"type\": \"string\"\r\n    },\r\n    \"nestedsubId\": {\r\n      \"type\":
      \"string\"\r\n    },\r\n    \"nestedRG\": {\r\n      \"type\": \"string\"\r\n
      \   },\r\n    \"storageAccountName\": {\r\n      \"type\": \"string\"\r\n    }\r\n
      \ },\r\n  \"variables\": {\r\n    \"mgScope\": \"[concat('/providers/Microsoft.Management/managementGroups/',
      parameters('targetMG'))]\"\r\n  },\r\n  \"resources\": [\r\n    {\r\n      \"type\":
      \"Microsoft.Authorization/policyDefinitions\",\r\n      \"name\": \"policy2\",\r\n
      \     \"apiVersion\": \"2016-12-01\",\r\n      \"properties\": {\r\n        \"policyType\":
      \"Custom\",\r\n        \"parameters\": {\r\n\r\n        },\r\n        \"policyRule\":
      {\r\n          \"if\": {\r\n            \"field\": \"location\",\r\n            \"equals\":
      \"northeurope\"\r\n          },\r\n          \"then\": {\r\n            \"effect\":
      \"deny\"\r\n          }\r\n        }\r\n      }\r\n    },\r\n    {\r\n      \"type\":
      \"Microsoft.Authorization/policyAssignments\",\r\n      \"name\": \"location-lock\",\r\n
      \     \"apiVersion\": \"2016-12-01\",\r\n      \"dependsOn\": [\r\n        \"policy2\"\r\n
      \     ],\r\n      \"properties\": {\r\n        \"scope\": \"[variables('mgScope')]\",\r\n
      \       \"policyDefinitionId\": \"[concat(variables('mgScope'), '/providers/',
      'Microsoft.Authorization/policyDefinitions/', 'policy2')]\"\r\n      }\r\n    },\r\n
      \   {\r\n      \"type\": \"Microsoft.Resources/deployments\",\r\n      \"name\":
      \"sdktest-subnested\",\r\n      \"apiVersion\": \"2018-05-01\",\r\n      \"location\":
      \"West US\",\r\n      \"subscriptionId\": \"[parameters('nestedSubId')]\",\r\n
      \     \"properties\": {\r\n        \"template\": {\r\n          \"$schema\":
      \"https://schema.management.azure.com/schemas/2015-01-01/deploymentTemplate.json#\",\r\n
      \         \"contentVersion\": \"1.0.0.0\",\r\n          \"parameters\": {\r\n\r\n
      \         },\r\n          \"variables\": {\r\n\r\n          },\r\n          \"resources\":
      [\r\n            {\r\n              \"type\": \"Microsoft.Resources/resourceGroups\",\r\n
      \             \"name\": \"[parameters('nestedRG')]\",\r\n              \"apiVersion\":
      \"2018-05-01\",\r\n              \"location\": \"East US 2 EUAP\",\r\n              \"properties\":
      {\r\n\r\n              }\r\n            },\r\n            {\r\n              \"type\":
      \"Microsoft.Resources/deployments\",\r\n              \"name\": \"rg-nested\",\r\n
      \             \"apiVersion\": \"2017-05-10\",\r\n              \"resourceGroup\":
      \"[parameters('nestedRG')]\",\r\n              \"dependsOn\": [ \"[parameters('nestedRG')]\"
      ],\r\n              \"properties\": {\r\n                \"template\": {\r\n
      \                 \"$schema\": \"https://schema.management.azure.com/schemas/2015-01-01/deploymentTemplate.json#\",\r\n
      \                 \"contentVersion\": \"1.0.0.0\",\r\n                  \"parameters\":
      {\r\n\r\n                  },\r\n                  \"variables\": {\r\n\r\n
      \                 },\r\n                  \"resources\": [\r\n                    {\r\n
      \                     \"type\": \"Microsoft.Storage/storageAccounts\",\r\n                      \"name\":
      \"[parameters('storageAccountName')]\",\r\n                      \"apiVersion\":
      \"2015-06-15\",\r\n                      \"location\": \"East US\",\r\n                      \"properties\":
      {\r\n                        \"accountType\": \"Standard_LRS\",\r\n                        \"supportsHttpsTrafficOnly\":
      true\r\n                      }\r\n                    }\r\n                  ]\r\n
      \               },\r\n                \"mode\": \"Incremental\"\r\n              }\r\n
      \           }\r\n          ]\r\n        },\r\n        \"mode\": \"Incremental\"\r\n
      \     }\r\n    }\r\n  ] // comment\r\n}}}"
    headers:
      Accept:
      - application/json
      Accept-Encoding:
      - gzip, deflate
      CommandName:
      - deployment mg validate
      Connection:
      - keep-alive
      Content-Length:
      - '3840'
      Content-Type:
      - application/json; charset=utf-8
      ParameterSetName:
      - --management-group-id --location --template-file --parameters --parameters
        --parameters --parameters
      User-Agent:
      - python/3.8.0 (Windows-10-10.0.19041-SP0) msrest/0.6.18 msrest_azure/0.6.3
        azure-mgmt-resource/10.2.0 Azure-SDK-For-Python AZURECLI/2.11.0
      accept-language:
      - en-US
    method: POST
    uri: https://management.azure.com/providers/Microsoft.Management/managementGroups/azure-cli-management000002/providers/Microsoft.Resources/deployments/mock-deployment/validate?api-version=2020-06-01
  response:
    body:
      string: '{"id":"/providers/Microsoft.Management/managementGroups/azure-cli-management000002/providers/Microsoft.Resources/deployments/management_group_level_template","name":"management_group_level_template","type":"Microsoft.Resources/deployments","location":"westus","properties":{"templateHash":"6254393849767844371","parameters":{"targetMG":{"type":"String","value":"azure-cli-management000002"},"nestedsubId":{"type":"String","value":"0b1f6471-1bf0-4dda-aec3-cb9272f09590"},"nestedRG":{"type":"String","value":"azure-cli-sub-resource-group000003"},"storageAccountName":{"type":"String","value":"armbuilddemo000005"}},"mode":"Incremental","provisioningState":"Succeeded","timestamp":"2020-08-28T10:17:39.4236963Z","duration":"PT0S","correlationId":"8b4bf6c8-e3f1-43b6-8e18-2c54b71fc3a1","providers":[{"namespace":"Microsoft.Authorization","resourceTypes":[{"resourceType":"policyDefinitions","locations":[null]},{"resourceType":"policyAssignments","locations":[null]}]},{"namespace":"Microsoft.Resources","resourceTypes":[{"resourceType":"deployments","locations":["westus"]}]}],"dependencies":[{"dependsOn":[{"id":"/providers/Microsoft.Management/managementGroups/azure-cli-management000002/providers/Microsoft.Authorization/policyDefinitions/policy2","resourceType":"Microsoft.Authorization/policyDefinitions","resourceName":"policy2"}],"id":"/providers/Microsoft.Management/managementGroups/azure-cli-management000002/providers/Microsoft.Authorization/policyAssignments/location-lock","resourceType":"Microsoft.Authorization/policyAssignments","resourceName":"location-lock"}],"validatedResources":[{"id":"/providers/Microsoft.Management/managementGroups/azure-cli-management000002/providers/Microsoft.Authorization/policyDefinitions/policy2"},{"id":"/providers/Microsoft.Management/managementGroups/azure-cli-management000002/providers/Microsoft.Authorization/policyAssignments/location-lock"},{"id":"/subscriptions/00000000-0000-0000-0000-000000000000/providers/Microsoft.Resources/deployments/sdktest-subnested"},{"id":"/subscriptions/00000000-0000-0000-0000-000000000000/resourceGroups/azure-cli-sub-resource-group000003"},{"id":"/subscriptions/00000000-0000-0000-0000-000000000000/resourceGroups/azure-cli-sub-resource-group000003/providers/Microsoft.Resources/deployments/rg-nested"},{"id":"/subscriptions/00000000-0000-0000-0000-000000000000/resourceGroups/azure-cli-sub-resource-group000003/providers/Microsoft.Storage/storageAccounts/armbuilddemo000005"}]}}'
    headers:
      cache-control:
      - no-cache
      content-length:
      - '2596'
      content-type:
      - application/json; charset=utf-8
      date:
      - Fri, 28 Aug 2020 10:17:41 GMT
      expires:
      - '-1'
      pragma:
      - no-cache
      strict-transport-security:
      - max-age=31536000; includeSubDomains
      transfer-encoding:
      - chunked
      vary:
      - Accept-Encoding
      x-content-type-options:
      - nosniff
      x-ms-ratelimit-remaining-tenant-writes:
      - '1199'
    status:
      code: 200
      message: OK
- request:
    body: "{\"location\": \"WestUS\", \"properties\": {\"parameters\": {\"nestedsubId\":
      {\"value\": \"0b1f6471-1bf0-4dda-aec3-cb9272f09590\"}, \"targetMG\": {\"value\":
      \"azure-cli-management000002\"}, \"nestedRG\": {\"value\": \"azure-cli-sub-resource-group000003\"},
      \"storageAccountName\": {\"value\": \"armbuilddemo000005\"}}, \"mode\": \"Incremental\",
      template:{\r\n  \"$schema\": \"https://schema.management.azure.com/schemas/2019-08-01/managementGroupDeploymentTemplate.json#\",\r\n
      \ \"contentVersion\": \"1.0.0.0\",\r\n  \"parameters\": {\r\n    \"targetMG\":
      {\r\n      \"type\": \"string\"\r\n    },\r\n    \"nestedsubId\": {\r\n      \"type\":
      \"string\"\r\n    },\r\n    \"nestedRG\": {\r\n      \"type\": \"string\"\r\n
      \   },\r\n    \"storageAccountName\": {\r\n      \"type\": \"string\"\r\n    }\r\n
      \ },\r\n  \"variables\": {\r\n    \"mgScope\": \"[concat('/providers/Microsoft.Management/managementGroups/',
      parameters('targetMG'))]\"\r\n  },\r\n  \"resources\": [\r\n    {\r\n      \"type\":
      \"Microsoft.Authorization/policyDefinitions\",\r\n      \"name\": \"policy2\",\r\n
      \     \"apiVersion\": \"2016-12-01\",\r\n      \"properties\": {\r\n        \"policyType\":
      \"Custom\",\r\n        \"parameters\": {\r\n\r\n        },\r\n        \"policyRule\":
      {\r\n          \"if\": {\r\n            \"field\": \"location\",\r\n            \"equals\":
      \"northeurope\"\r\n          },\r\n          \"then\": {\r\n            \"effect\":
      \"deny\"\r\n          }\r\n        }\r\n      }\r\n    },\r\n    {\r\n      \"type\":
      \"Microsoft.Authorization/policyAssignments\",\r\n      \"name\": \"location-lock\",\r\n
      \     \"apiVersion\": \"2016-12-01\",\r\n      \"dependsOn\": [\r\n        \"policy2\"\r\n
      \     ],\r\n      \"properties\": {\r\n        \"scope\": \"[variables('mgScope')]\",\r\n
      \       \"policyDefinitionId\": \"[concat(variables('mgScope'), '/providers/',
      'Microsoft.Authorization/policyDefinitions/', 'policy2')]\"\r\n      }\r\n    },\r\n
      \   {\r\n      \"type\": \"Microsoft.Resources/deployments\",\r\n      \"name\":
      \"sdktest-subnested\",\r\n      \"apiVersion\": \"2018-05-01\",\r\n      \"location\":
      \"West US\",\r\n      \"subscriptionId\": \"[parameters('nestedSubId')]\",\r\n
      \     \"properties\": {\r\n        \"template\": {\r\n          \"$schema\":
      \"https://schema.management.azure.com/schemas/2015-01-01/deploymentTemplate.json#\",\r\n
      \         \"contentVersion\": \"1.0.0.0\",\r\n          \"parameters\": {\r\n\r\n
      \         },\r\n          \"variables\": {\r\n\r\n          },\r\n          \"resources\":
      [\r\n            {\r\n              \"type\": \"Microsoft.Resources/resourceGroups\",\r\n
      \             \"name\": \"[parameters('nestedRG')]\",\r\n              \"apiVersion\":
      \"2018-05-01\",\r\n              \"location\": \"East US 2 EUAP\",\r\n              \"properties\":
      {\r\n\r\n              }\r\n            },\r\n            {\r\n              \"type\":
      \"Microsoft.Resources/deployments\",\r\n              \"name\": \"rg-nested\",\r\n
      \             \"apiVersion\": \"2017-05-10\",\r\n              \"resourceGroup\":
      \"[parameters('nestedRG')]\",\r\n              \"dependsOn\": [ \"[parameters('nestedRG')]\"
      ],\r\n              \"properties\": {\r\n                \"template\": {\r\n
      \                 \"$schema\": \"https://schema.management.azure.com/schemas/2015-01-01/deploymentTemplate.json#\",\r\n
      \                 \"contentVersion\": \"1.0.0.0\",\r\n                  \"parameters\":
      {\r\n\r\n                  },\r\n                  \"variables\": {\r\n\r\n
      \                 },\r\n                  \"resources\": [\r\n                    {\r\n
      \                     \"type\": \"Microsoft.Storage/storageAccounts\",\r\n                      \"name\":
      \"[parameters('storageAccountName')]\",\r\n                      \"apiVersion\":
      \"2015-06-15\",\r\n                      \"location\": \"East US\",\r\n                      \"properties\":
      {\r\n                        \"accountType\": \"Standard_LRS\",\r\n                        \"supportsHttpsTrafficOnly\":
      true\r\n                      }\r\n                    }\r\n                  ]\r\n
      \               },\r\n                \"mode\": \"Incremental\"\r\n              }\r\n
      \           }\r\n          ]\r\n        },\r\n        \"mode\": \"Incremental\"\r\n
      \     }\r\n    }\r\n  ] // comment\r\n}}}"
    headers:
      Accept:
      - application/json
      Accept-Encoding:
      - gzip, deflate
      CommandName:
      - deployment mg create
      Connection:
      - keep-alive
      Content-Length:
      - '3840'
      Content-Type:
      - application/json; charset=utf-8
      ParameterSetName:
      - --management-group-id --location -n --template-file --parameters --parameters
        --parameters --parameters
      User-Agent:
      - python/3.8.0 (Windows-10-10.0.19041-SP0) msrest/0.6.18 msrest_azure/0.6.3
        azure-mgmt-resource/10.2.0 Azure-SDK-For-Python AZURECLI/2.11.0
      accept-language:
      - en-US
    method: POST
    uri: https://management.azure.com/providers/Microsoft.Management/managementGroups/azure-cli-management000002/providers/Microsoft.Resources/deployments/mock-deployment/validate?api-version=2020-06-01
  response:
    body:
      string: '{"id":"/providers/Microsoft.Management/managementGroups/azure-cli-management000002/providers/Microsoft.Resources/deployments/azure-cli-management-group-deployment000001","name":"azure-cli-management-group-deployment000001","type":"Microsoft.Resources/deployments","location":"westus","properties":{"templateHash":"6254393849767844371","parameters":{"targetMG":{"type":"String","value":"azure-cli-management000002"},"nestedsubId":{"type":"String","value":"0b1f6471-1bf0-4dda-aec3-cb9272f09590"},"nestedRG":{"type":"String","value":"azure-cli-sub-resource-group000003"},"storageAccountName":{"type":"String","value":"armbuilddemo000005"}},"mode":"Incremental","provisioningState":"Succeeded","timestamp":"2020-08-28T10:17:42.0791756Z","duration":"PT0S","correlationId":"66d8e932-c8fb-4a50-9bb1-c8612982d5a7","providers":[{"namespace":"Microsoft.Authorization","resourceTypes":[{"resourceType":"policyDefinitions","locations":[null]},{"resourceType":"policyAssignments","locations":[null]}]},{"namespace":"Microsoft.Resources","resourceTypes":[{"resourceType":"deployments","locations":["westus"]}]}],"dependencies":[{"dependsOn":[{"id":"/providers/Microsoft.Management/managementGroups/azure-cli-management000002/providers/Microsoft.Authorization/policyDefinitions/policy2","resourceType":"Microsoft.Authorization/policyDefinitions","resourceName":"policy2"}],"id":"/providers/Microsoft.Management/managementGroups/azure-cli-management000002/providers/Microsoft.Authorization/policyAssignments/location-lock","resourceType":"Microsoft.Authorization/policyAssignments","resourceName":"location-lock"}],"validatedResources":[{"id":"/providers/Microsoft.Management/managementGroups/azure-cli-management000002/providers/Microsoft.Authorization/policyDefinitions/policy2"},{"id":"/providers/Microsoft.Management/managementGroups/azure-cli-management000002/providers/Microsoft.Authorization/policyAssignments/location-lock"},{"id":"/subscriptions/00000000-0000-0000-0000-000000000000/providers/Microsoft.Resources/deployments/sdktest-subnested"},{"id":"/subscriptions/00000000-0000-0000-0000-000000000000/resourceGroups/azure-cli-sub-resource-group000003"},{"id":"/subscriptions/00000000-0000-0000-0000-000000000000/resourceGroups/azure-cli-sub-resource-group000003/providers/Microsoft.Resources/deployments/rg-nested"},{"id":"/subscriptions/00000000-0000-0000-0000-000000000000/resourceGroups/azure-cli-sub-resource-group000003/providers/Microsoft.Storage/storageAccounts/armbuilddemo000005"}]}}'
    headers:
      cache-control:
      - no-cache
      content-length:
      - '2654'
      content-type:
      - application/json; charset=utf-8
      date:
      - Fri, 28 Aug 2020 10:17:43 GMT
      expires:
      - '-1'
      pragma:
      - no-cache
      strict-transport-security:
      - max-age=31536000; includeSubDomains
      transfer-encoding:
      - chunked
      vary:
      - Accept-Encoding
      x-content-type-options:
      - nosniff
      x-ms-ratelimit-remaining-tenant-writes:
      - '1198'
    status:
      code: 200
      message: OK
- request:
    body: "{\"location\": \"WestUS\", \"properties\": {\"parameters\": {\"nestedsubId\":
      {\"value\": \"0b1f6471-1bf0-4dda-aec3-cb9272f09590\"}, \"targetMG\": {\"value\":
      \"azure-cli-management000002\"}, \"nestedRG\": {\"value\": \"azure-cli-sub-resource-group000003\"},
      \"storageAccountName\": {\"value\": \"armbuilddemo000005\"}}, \"mode\": \"Incremental\",
      template:{\r\n  \"$schema\": \"https://schema.management.azure.com/schemas/2019-08-01/managementGroupDeploymentTemplate.json#\",\r\n
      \ \"contentVersion\": \"1.0.0.0\",\r\n  \"parameters\": {\r\n    \"targetMG\":
      {\r\n      \"type\": \"string\"\r\n    },\r\n    \"nestedsubId\": {\r\n      \"type\":
      \"string\"\r\n    },\r\n    \"nestedRG\": {\r\n      \"type\": \"string\"\r\n
      \   },\r\n    \"storageAccountName\": {\r\n      \"type\": \"string\"\r\n    }\r\n
      \ },\r\n  \"variables\": {\r\n    \"mgScope\": \"[concat('/providers/Microsoft.Management/managementGroups/',
      parameters('targetMG'))]\"\r\n  },\r\n  \"resources\": [\r\n    {\r\n      \"type\":
      \"Microsoft.Authorization/policyDefinitions\",\r\n      \"name\": \"policy2\",\r\n
      \     \"apiVersion\": \"2016-12-01\",\r\n      \"properties\": {\r\n        \"policyType\":
      \"Custom\",\r\n        \"parameters\": {\r\n\r\n        },\r\n        \"policyRule\":
      {\r\n          \"if\": {\r\n            \"field\": \"location\",\r\n            \"equals\":
      \"northeurope\"\r\n          },\r\n          \"then\": {\r\n            \"effect\":
      \"deny\"\r\n          }\r\n        }\r\n      }\r\n    },\r\n    {\r\n      \"type\":
      \"Microsoft.Authorization/policyAssignments\",\r\n      \"name\": \"location-lock\",\r\n
      \     \"apiVersion\": \"2016-12-01\",\r\n      \"dependsOn\": [\r\n        \"policy2\"\r\n
      \     ],\r\n      \"properties\": {\r\n        \"scope\": \"[variables('mgScope')]\",\r\n
      \       \"policyDefinitionId\": \"[concat(variables('mgScope'), '/providers/',
      'Microsoft.Authorization/policyDefinitions/', 'policy2')]\"\r\n      }\r\n    },\r\n
      \   {\r\n      \"type\": \"Microsoft.Resources/deployments\",\r\n      \"name\":
      \"sdktest-subnested\",\r\n      \"apiVersion\": \"2018-05-01\",\r\n      \"location\":
      \"West US\",\r\n      \"subscriptionId\": \"[parameters('nestedSubId')]\",\r\n
      \     \"properties\": {\r\n        \"template\": {\r\n          \"$schema\":
      \"https://schema.management.azure.com/schemas/2015-01-01/deploymentTemplate.json#\",\r\n
      \         \"contentVersion\": \"1.0.0.0\",\r\n          \"parameters\": {\r\n\r\n
      \         },\r\n          \"variables\": {\r\n\r\n          },\r\n          \"resources\":
      [\r\n            {\r\n              \"type\": \"Microsoft.Resources/resourceGroups\",\r\n
      \             \"name\": \"[parameters('nestedRG')]\",\r\n              \"apiVersion\":
      \"2018-05-01\",\r\n              \"location\": \"East US 2 EUAP\",\r\n              \"properties\":
      {\r\n\r\n              }\r\n            },\r\n            {\r\n              \"type\":
      \"Microsoft.Resources/deployments\",\r\n              \"name\": \"rg-nested\",\r\n
      \             \"apiVersion\": \"2017-05-10\",\r\n              \"resourceGroup\":
      \"[parameters('nestedRG')]\",\r\n              \"dependsOn\": [ \"[parameters('nestedRG')]\"
      ],\r\n              \"properties\": {\r\n                \"template\": {\r\n
      \                 \"$schema\": \"https://schema.management.azure.com/schemas/2015-01-01/deploymentTemplate.json#\",\r\n
      \                 \"contentVersion\": \"1.0.0.0\",\r\n                  \"parameters\":
      {\r\n\r\n                  },\r\n                  \"variables\": {\r\n\r\n
      \                 },\r\n                  \"resources\": [\r\n                    {\r\n
      \                     \"type\": \"Microsoft.Storage/storageAccounts\",\r\n                      \"name\":
      \"[parameters('storageAccountName')]\",\r\n                      \"apiVersion\":
      \"2015-06-15\",\r\n                      \"location\": \"East US\",\r\n                      \"properties\":
      {\r\n                        \"accountType\": \"Standard_LRS\",\r\n                        \"supportsHttpsTrafficOnly\":
      true\r\n                      }\r\n                    }\r\n                  ]\r\n
      \               },\r\n                \"mode\": \"Incremental\"\r\n              }\r\n
      \           }\r\n          ]\r\n        },\r\n        \"mode\": \"Incremental\"\r\n
      \     }\r\n    }\r\n  ] // comment\r\n}}}"
    headers:
      Accept:
      - application/json
      Accept-Encoding:
      - gzip, deflate
      CommandName:
      - deployment mg create
      Connection:
      - keep-alive
      Content-Length:
      - '3840'
      Content-Type:
      - application/json; charset=utf-8
      ParameterSetName:
      - --management-group-id --location -n --template-file --parameters --parameters
        --parameters --parameters
      User-Agent:
      - python/3.8.0 (Windows-10-10.0.19041-SP0) msrest/0.6.18 msrest_azure/0.6.3
        azure-mgmt-resource/10.2.0 Azure-SDK-For-Python AZURECLI/2.11.0
      accept-language:
      - en-US
    method: PUT
    uri: https://management.azure.com/providers/Microsoft.Management/managementGroups/azure-cli-management000002/providers/Microsoft.Resources/deployments/mock-deployment?api-version=2020-06-01
  response:
    body:
      string: '{"id":"/providers/Microsoft.Management/managementGroups/azure-cli-management000002/providers/Microsoft.Resources/deployments/azure-cli-management-group-deployment000001","name":"azure-cli-management-group-deployment000001","type":"Microsoft.Resources/deployments","location":"westus","properties":{"templateHash":"6254393849767844371","parameters":{"targetMG":{"type":"String","value":"azure-cli-management000002"},"nestedsubId":{"type":"String","value":"0b1f6471-1bf0-4dda-aec3-cb9272f09590"},"nestedRG":{"type":"String","value":"azure-cli-sub-resource-group000003"},"storageAccountName":{"type":"String","value":"armbuilddemo000005"}},"mode":"Incremental","provisioningState":"Accepted","timestamp":"2020-08-28T10:17:46.6151623Z","duration":"PT3.2078424S","correlationId":"ce0288b5-fc5b-4d35-980c-718838396193","providers":[{"namespace":"Microsoft.Authorization","resourceTypes":[{"resourceType":"policyDefinitions","locations":[null]},{"resourceType":"policyAssignments","locations":[null]}]},{"namespace":"Microsoft.Resources","resourceTypes":[{"resourceType":"deployments","locations":["westus"]}]}],"dependencies":[{"dependsOn":[{"id":"/providers/Microsoft.Management/managementGroups/azure-cli-management000002/providers/Microsoft.Authorization/policyDefinitions/policy2","resourceType":"Microsoft.Authorization/policyDefinitions","resourceName":"policy2"}],"id":"/providers/Microsoft.Management/managementGroups/azure-cli-management000002/providers/Microsoft.Authorization/policyAssignments/location-lock","resourceType":"Microsoft.Authorization/policyAssignments","resourceName":"location-lock"}]}}'
    headers:
      azure-asyncoperation:
      - https://management.azure.com/providers/Microsoft.Management/managementGroups/azure-cli-management000002/providers/Microsoft.Resources/deployments/azure-cli-management-group-deployment000001/operationStatuses/08586029970220703000?api-version=2020-06-01
      cache-control:
      - no-cache
      content-length:
      - '1685'
      content-type:
      - application/json; charset=utf-8
      date:
      - Fri, 28 Aug 2020 10:17:47 GMT
      expires:
      - '-1'
      pragma:
      - no-cache
      strict-transport-security:
      - max-age=31536000; includeSubDomains
      x-content-type-options:
      - nosniff
      x-ms-ratelimit-remaining-tenant-writes:
      - '1197'
    status:
      code: 201
      message: Created
- request:
    body: null
    headers:
      Accept:
      - application/json
      Accept-Encoding:
      - gzip, deflate
      CommandName:
      - deployment mg create
      Connection:
      - keep-alive
      ParameterSetName:
      - --management-group-id --location -n --template-file --parameters --parameters
        --parameters --parameters
      User-Agent:
      - python/3.8.0 (Windows-10-10.0.19041-SP0) msrest/0.6.18 msrest_azure/0.6.3
        azure-mgmt-resource/10.2.0 Azure-SDK-For-Python AZURECLI/2.11.0
    method: GET
    uri: https://management.azure.com/providers/Microsoft.Management/managementGroups/azure-cli-management000002/providers/Microsoft.Resources/deployments/mock-deployment/operationStatuses/08586029970220703000?api-version=2020-06-01
  response:
    body:
      string: '{"status":"Running"}'
    headers:
      cache-control:
      - no-cache
      content-length:
      - '20'
      content-type:
      - application/json; charset=utf-8
      date:
      - Fri, 28 Aug 2020 10:18:17 GMT
      expires:
      - '-1'
      pragma:
      - no-cache
      strict-transport-security:
      - max-age=31536000; includeSubDomains
      vary:
      - Accept-Encoding
      x-content-type-options:
      - nosniff
    status:
      code: 200
      message: OK
- request:
    body: null
    headers:
      Accept:
      - application/json
      Accept-Encoding:
      - gzip, deflate
      CommandName:
      - deployment mg create
      Connection:
      - keep-alive
      ParameterSetName:
      - --management-group-id --location -n --template-file --parameters --parameters
        --parameters --parameters
      User-Agent:
      - python/3.8.0 (Windows-10-10.0.19041-SP0) msrest/0.6.18 msrest_azure/0.6.3
        azure-mgmt-resource/10.2.0 Azure-SDK-For-Python AZURECLI/2.11.0
    method: GET
    uri: https://management.azure.com/providers/Microsoft.Management/managementGroups/azure-cli-management000002/providers/Microsoft.Resources/deployments/mock-deployment/operationStatuses/08586029970220703000?api-version=2020-06-01
  response:
    body:
      string: '{"status":"Succeeded"}'
    headers:
      cache-control:
      - no-cache
      content-length:
      - '22'
      content-type:
      - application/json; charset=utf-8
      date:
      - Fri, 28 Aug 2020 10:18:48 GMT
      expires:
      - '-1'
      pragma:
      - no-cache
      strict-transport-security:
      - max-age=31536000; includeSubDomains
      vary:
      - Accept-Encoding
      x-content-type-options:
      - nosniff
    status:
      code: 200
      message: OK
- request:
    body: null
    headers:
      Accept:
      - application/json
      Accept-Encoding:
      - gzip, deflate
      CommandName:
      - deployment mg create
      Connection:
      - keep-alive
      ParameterSetName:
      - --management-group-id --location -n --template-file --parameters --parameters
        --parameters --parameters
      User-Agent:
      - python/3.8.0 (Windows-10-10.0.19041-SP0) msrest/0.6.18 msrest_azure/0.6.3
        azure-mgmt-resource/10.2.0 Azure-SDK-For-Python AZURECLI/2.11.0
    method: GET
    uri: https://management.azure.com/providers/Microsoft.Management/managementGroups/azure-cli-management000002/providers/Microsoft.Resources/deployments/mock-deployment?api-version=2020-06-01
  response:
    body:
      string: '{"id":"/providers/Microsoft.Management/managementGroups/azure-cli-management000002/providers/Microsoft.Resources/deployments/azure-cli-management-group-deployment000001","name":"azure-cli-management-group-deployment000001","type":"Microsoft.Resources/deployments","location":"westus","properties":{"templateHash":"6254393849767844371","parameters":{"targetMG":{"type":"String","value":"azure-cli-management000002"},"nestedsubId":{"type":"String","value":"0b1f6471-1bf0-4dda-aec3-cb9272f09590"},"nestedRG":{"type":"String","value":"azure-cli-sub-resource-group000003"},"storageAccountName":{"type":"String","value":"armbuilddemo000005"}},"mode":"Incremental","provisioningState":"Succeeded","timestamp":"2020-08-28T10:18:47.0005181Z","duration":"PT1M3.5931982S","correlationId":"ce0288b5-fc5b-4d35-980c-718838396193","providers":[{"namespace":"Microsoft.Authorization","resourceTypes":[{"resourceType":"policyDefinitions","locations":[null]},{"resourceType":"policyAssignments","locations":[null]}]},{"namespace":"Microsoft.Resources","resourceTypes":[{"resourceType":"deployments","locations":["westus"]}]}],"dependencies":[{"dependsOn":[{"id":"/providers/Microsoft.Management/managementGroups/azure-cli-management000002/providers/Microsoft.Authorization/policyDefinitions/policy2","resourceType":"Microsoft.Authorization/policyDefinitions","resourceName":"policy2"}],"id":"/providers/Microsoft.Management/managementGroups/azure-cli-management000002/providers/Microsoft.Authorization/policyAssignments/location-lock","resourceType":"Microsoft.Authorization/policyAssignments","resourceName":"location-lock"}],"outputResources":[{"id":"/providers/Microsoft.Management/managementGroups/azure-cli-management000002/providers/Microsoft.Authorization/policyAssignments/location-lock"},{"id":"/providers/Microsoft.Management/managementGroups/azure-cli-management000002/providers/Microsoft.Authorization/policyDefinitions/policy2"},{"id":"/subscriptions/00000000-0000-0000-0000-000000000000/resourceGroups/azure-cli-sub-resource-group000003"},{"id":"/subscriptions/00000000-0000-0000-0000-000000000000/resourceGroups/azure-cli-sub-resource-group000003/providers/Microsoft.Storage/storageAccounts/armbuilddemo000005"}]}}'
    headers:
      cache-control:
      - no-cache
      content-length:
      - '2351'
      content-type:
      - application/json; charset=utf-8
      date:
      - Fri, 28 Aug 2020 10:18:49 GMT
      expires:
      - '-1'
      pragma:
      - no-cache
      strict-transport-security:
      - max-age=31536000; includeSubDomains
      vary:
      - Accept-Encoding
      x-content-type-options:
      - nosniff
    status:
      code: 200
      message: OK
- request:
    body: null
    headers:
      Accept:
      - application/json
      Accept-Encoding:
      - gzip, deflate
      CommandName:
      - deployment mg list
      Connection:
      - keep-alive
      ParameterSetName:
      - --management-group-id
      User-Agent:
      - python/3.8.0 (Windows-10-10.0.19041-SP0) msrest/0.6.18 msrest_azure/0.6.3
        azure-mgmt-resource/10.2.0 Azure-SDK-For-Python AZURECLI/2.11.0
      accept-language:
      - en-US
    method: GET
    uri: https://management.azure.com/providers/Microsoft.Management/managementGroups/azure-cli-management000002/providers/Microsoft.Resources/deployments/?api-version=2020-06-01
  response:
    body:
      string: '{"value":[{"id":"/providers/Microsoft.Management/managementGroups/azure-cli-management000002/providers/Microsoft.Resources/deployments/azure-cli-management-group-deployment000001","name":"azure-cli-management-group-deployment000001","type":"Microsoft.Resources/deployments","location":"westus","properties":{"templateHash":"6254393849767844371","parameters":{"targetMG":{"type":"String","value":"azure-cli-management000002"},"nestedsubId":{"type":"String","value":"0b1f6471-1bf0-4dda-aec3-cb9272f09590"},"nestedRG":{"type":"String","value":"azure-cli-sub-resource-group000003"},"storageAccountName":{"type":"String","value":"armbuilddemo000005"}},"mode":"Incremental","provisioningState":"Succeeded","timestamp":"2020-08-28T10:18:47.0005181Z","duration":"PT1M3.5931982S","correlationId":"ce0288b5-fc5b-4d35-980c-718838396193","providers":[{"namespace":"Microsoft.Authorization","resourceTypes":[{"resourceType":"policyDefinitions","locations":[null]},{"resourceType":"policyAssignments","locations":[null]}]},{"namespace":"Microsoft.Resources","resourceTypes":[{"resourceType":"deployments","locations":["westus"]}]}],"dependencies":[{"dependsOn":[{"id":"/providers/Microsoft.Management/managementGroups/azure-cli-management000002/providers/Microsoft.Authorization/policyDefinitions/policy2","resourceType":"Microsoft.Authorization/policyDefinitions","resourceName":"policy2"}],"id":"/providers/Microsoft.Management/managementGroups/azure-cli-management000002/providers/Microsoft.Authorization/policyAssignments/location-lock","resourceType":"Microsoft.Authorization/policyAssignments","resourceName":"location-lock"}],"outputResources":[{"id":"/providers/Microsoft.Management/managementGroups/azure-cli-management000002/providers/Microsoft.Authorization/policyAssignments/location-lock"},{"id":"/providers/Microsoft.Management/managementGroups/azure-cli-management000002/providers/Microsoft.Authorization/policyDefinitions/policy2"},{"id":"/subscriptions/00000000-0000-0000-0000-000000000000/resourceGroups/azure-cli-sub-resource-group000003"},{"id":"/subscriptions/00000000-0000-0000-0000-000000000000/resourceGroups/azure-cli-sub-resource-group000003/providers/Microsoft.Storage/storageAccounts/armbuilddemo000005"}]}}]}'
    headers:
      cache-control:
      - no-cache
      content-length:
      - '2363'
      content-type:
      - application/json; charset=utf-8
      date:
      - Fri, 28 Aug 2020 10:18:50 GMT
      expires:
      - '-1'
      pragma:
      - no-cache
      strict-transport-security:
      - max-age=31536000; includeSubDomains
      vary:
      - Accept-Encoding
      x-content-type-options:
      - nosniff
    status:
      code: 200
      message: OK
- request:
    body: null
    headers:
      Accept:
      - application/json
      Accept-Encoding:
      - gzip, deflate
      CommandName:
      - deployment mg list
      Connection:
      - keep-alive
      ParameterSetName:
      - --management-group-id --filter
      User-Agent:
      - python/3.8.0 (Windows-10-10.0.19041-SP0) msrest/0.6.18 msrest_azure/0.6.3
        azure-mgmt-resource/10.2.0 Azure-SDK-For-Python AZURECLI/2.11.0
      accept-language:
      - en-US
    method: GET
    uri: https://management.azure.com/providers/Microsoft.Management/managementGroups/azure-cli-management000002/providers/Microsoft.Resources/deployments/?$filter=provisioningState%20eq%20%27Succeeded%27&api-version=2020-06-01
  response:
    body:
      string: '{"value":[{"id":"/providers/Microsoft.Management/managementGroups/azure-cli-management000002/providers/Microsoft.Resources/deployments/azure-cli-management-group-deployment000001","name":"azure-cli-management-group-deployment000001","type":"Microsoft.Resources/deployments","location":"westus","properties":{"templateHash":"6254393849767844371","parameters":{"targetMG":{"type":"String","value":"azure-cli-management000002"},"nestedsubId":{"type":"String","value":"0b1f6471-1bf0-4dda-aec3-cb9272f09590"},"nestedRG":{"type":"String","value":"azure-cli-sub-resource-group000003"},"storageAccountName":{"type":"String","value":"armbuilddemo000005"}},"mode":"Incremental","provisioningState":"Succeeded","timestamp":"2020-08-28T10:18:47.0005181Z","duration":"PT1M3.5931982S","correlationId":"ce0288b5-fc5b-4d35-980c-718838396193","providers":[{"namespace":"Microsoft.Authorization","resourceTypes":[{"resourceType":"policyDefinitions","locations":[null]},{"resourceType":"policyAssignments","locations":[null]}]},{"namespace":"Microsoft.Resources","resourceTypes":[{"resourceType":"deployments","locations":["westus"]}]}],"dependencies":[{"dependsOn":[{"id":"/providers/Microsoft.Management/managementGroups/azure-cli-management000002/providers/Microsoft.Authorization/policyDefinitions/policy2","resourceType":"Microsoft.Authorization/policyDefinitions","resourceName":"policy2"}],"id":"/providers/Microsoft.Management/managementGroups/azure-cli-management000002/providers/Microsoft.Authorization/policyAssignments/location-lock","resourceType":"Microsoft.Authorization/policyAssignments","resourceName":"location-lock"}],"outputResources":[{"id":"/providers/Microsoft.Management/managementGroups/azure-cli-management000002/providers/Microsoft.Authorization/policyAssignments/location-lock"},{"id":"/providers/Microsoft.Management/managementGroups/azure-cli-management000002/providers/Microsoft.Authorization/policyDefinitions/policy2"},{"id":"/subscriptions/00000000-0000-0000-0000-000000000000/resourceGroups/azure-cli-sub-resource-group000003"},{"id":"/subscriptions/00000000-0000-0000-0000-000000000000/resourceGroups/azure-cli-sub-resource-group000003/providers/Microsoft.Storage/storageAccounts/armbuilddemo000005"}]}}]}'
    headers:
      cache-control:
      - no-cache
      content-length:
      - '2363'
      content-type:
      - application/json; charset=utf-8
      date:
      - Fri, 28 Aug 2020 10:18:51 GMT
      expires:
      - '-1'
      pragma:
      - no-cache
      strict-transport-security:
      - max-age=31536000; includeSubDomains
      vary:
      - Accept-Encoding
      x-content-type-options:
      - nosniff
    status:
      code: 200
      message: OK
- request:
    body: null
    headers:
      Accept:
      - application/json
      Accept-Encoding:
      - gzip, deflate
      CommandName:
      - deployment mg show
      Connection:
      - keep-alive
      ParameterSetName:
      - --management-group-id -n
      User-Agent:
      - python/3.8.0 (Windows-10-10.0.19041-SP0) msrest/0.6.18 msrest_azure/0.6.3
        azure-mgmt-resource/10.2.0 Azure-SDK-For-Python AZURECLI/2.11.0
      accept-language:
      - en-US
    method: GET
    uri: https://management.azure.com/providers/Microsoft.Management/managementGroups/azure-cli-management000002/providers/Microsoft.Resources/deployments/mock-deployment?api-version=2020-06-01
  response:
    body:
      string: '{"id":"/providers/Microsoft.Management/managementGroups/azure-cli-management000002/providers/Microsoft.Resources/deployments/azure-cli-management-group-deployment000001","name":"azure-cli-management-group-deployment000001","type":"Microsoft.Resources/deployments","location":"westus","properties":{"templateHash":"6254393849767844371","parameters":{"targetMG":{"type":"String","value":"azure-cli-management000002"},"nestedsubId":{"type":"String","value":"0b1f6471-1bf0-4dda-aec3-cb9272f09590"},"nestedRG":{"type":"String","value":"azure-cli-sub-resource-group000003"},"storageAccountName":{"type":"String","value":"armbuilddemo000005"}},"mode":"Incremental","provisioningState":"Succeeded","timestamp":"2020-08-28T10:18:47.0005181Z","duration":"PT1M3.5931982S","correlationId":"ce0288b5-fc5b-4d35-980c-718838396193","providers":[{"namespace":"Microsoft.Authorization","resourceTypes":[{"resourceType":"policyDefinitions","locations":[null]},{"resourceType":"policyAssignments","locations":[null]}]},{"namespace":"Microsoft.Resources","resourceTypes":[{"resourceType":"deployments","locations":["westus"]}]}],"dependencies":[{"dependsOn":[{"id":"/providers/Microsoft.Management/managementGroups/azure-cli-management000002/providers/Microsoft.Authorization/policyDefinitions/policy2","resourceType":"Microsoft.Authorization/policyDefinitions","resourceName":"policy2"}],"id":"/providers/Microsoft.Management/managementGroups/azure-cli-management000002/providers/Microsoft.Authorization/policyAssignments/location-lock","resourceType":"Microsoft.Authorization/policyAssignments","resourceName":"location-lock"}],"outputResources":[{"id":"/providers/Microsoft.Management/managementGroups/azure-cli-management000002/providers/Microsoft.Authorization/policyAssignments/location-lock"},{"id":"/providers/Microsoft.Management/managementGroups/azure-cli-management000002/providers/Microsoft.Authorization/policyDefinitions/policy2"},{"id":"/subscriptions/00000000-0000-0000-0000-000000000000/resourceGroups/azure-cli-sub-resource-group000003"},{"id":"/subscriptions/00000000-0000-0000-0000-000000000000/resourceGroups/azure-cli-sub-resource-group000003/providers/Microsoft.Storage/storageAccounts/armbuilddemo000005"}]}}'
    headers:
      cache-control:
      - no-cache
      content-length:
      - '2351'
      content-type:
      - application/json; charset=utf-8
      date:
      - Fri, 28 Aug 2020 10:18:51 GMT
      expires:
      - '-1'
      pragma:
      - no-cache
      strict-transport-security:
      - max-age=31536000; includeSubDomains
      vary:
      - Accept-Encoding
      x-content-type-options:
      - nosniff
    status:
      code: 200
      message: OK
- request:
    body: null
    headers:
      Accept:
      - application/json
      Accept-Encoding:
      - gzip, deflate
      CommandName:
      - deployment mg export
      Connection:
      - keep-alive
      Content-Length:
      - '0'
      ParameterSetName:
      - --management-group-id -n
      User-Agent:
      - python/3.8.0 (Windows-10-10.0.19041-SP0) msrest/0.6.18 msrest_azure/0.6.3
        azure-mgmt-resource/10.2.0 Azure-SDK-For-Python AZURECLI/2.11.0
      accept-language:
      - en-US
    method: POST
    uri: https://management.azure.com/providers/Microsoft.Management/managementGroups/azure-cli-management000002/providers/Microsoft.Resources/deployments/mock-deployment/exportTemplate?api-version=2020-06-01
  response:
    body:
      string: '{"template":{"$schema":"https://schema.management.azure.com/schemas/2019-08-01/managementGroupDeploymentTemplate.json#","contentVersion":"1.0.0.0","parameters":{"targetMG":{"type":"String"},"nestedsubId":{"type":"String"},"nestedRG":{"type":"String"},"storageAccountName":{"type":"String"}},"variables":{"mgScope":"[concat(''/providers/Microsoft.Management/managementGroups/'',
        parameters(''targetMG''))]"},"resources":[{"type":"Microsoft.Authorization/policyDefinitions","apiVersion":"2016-12-01","name":"policy2","properties":{"policyType":"Custom","parameters":{},"policyRule":{"if":{"field":"location","equals":"northeurope"},"then":{"effect":"deny"}}}},{"type":"Microsoft.Authorization/policyAssignments","apiVersion":"2016-12-01","name":"location-lock","dependsOn":["policy2"],"properties":{"scope":"[variables(''mgScope'')]","policyDefinitionId":"[concat(variables(''mgScope''),
        ''/providers/'', ''Microsoft.Authorization/policyDefinitions/'', ''policy2'')]"}},{"type":"Microsoft.Resources/deployments","apiVersion":"2018-05-01","name":"sdktest-subnested","location":"West
        US","properties":{"template":{"$schema":"https://schema.management.azure.com/schemas/2015-01-01/deploymentTemplate.json#","contentVersion":"1.0.0.0","parameters":{},"variables":{},"resources":[{"type":"Microsoft.Resources/resourceGroups","name":"[parameters(''nestedRG'')]","apiVersion":"2018-05-01","location":"East
        US 2 EUAP","properties":{}},{"type":"Microsoft.Resources/deployments","name":"rg-nested","apiVersion":"2017-05-10","resourceGroup":"[parameters(''nestedRG'')]","dependsOn":["[parameters(''nestedRG'')]"],"properties":{"template":{"$schema":"https://schema.management.azure.com/schemas/2015-01-01/deploymentTemplate.json#","contentVersion":"1.0.0.0","parameters":{},"variables":{},"resources":[{"type":"Microsoft.Storage/storageAccounts","name":"[parameters(''storageAccountName'')]","apiVersion":"2015-06-15","location":"East
        US","properties":{"accountType":"Standard_LRS","supportsHttpsTrafficOnly":true}}]},"mode":"Incremental"}}]},"mode":"Incremental"},"subscriptionId":"[parameters(''nestedSubId'')]"}]}}'
    headers:
      cache-control:
      - no-cache
      content-length:
      - '2080'
      content-type:
      - application/json; charset=utf-8
      date:
      - Fri, 28 Aug 2020 10:18:52 GMT
      expires:
      - '-1'
      pragma:
      - no-cache
      strict-transport-security:
      - max-age=31536000; includeSubDomains
      transfer-encoding:
      - chunked
      vary:
      - Accept-Encoding
      x-content-type-options:
      - nosniff
      x-ms-ratelimit-remaining-tenant-writes:
      - '1199'
    status:
      code: 200
      message: OK
- request:
    body: null
    headers:
      Accept:
      - application/json
      Accept-Encoding:
      - gzip, deflate
      CommandName:
      - deployment operation mg list
      Connection:
      - keep-alive
      ParameterSetName:
      - --management-group-id -n
      User-Agent:
      - python/3.8.0 (Windows-10-10.0.19041-SP0) msrest/0.6.18 msrest_azure/0.6.3
        azure-mgmt-resource/10.2.0 Azure-SDK-For-Python AZURECLI/2.11.0
      accept-language:
      - en-US
    method: GET
    uri: https://management.azure.com/providers/Microsoft.Management/managementGroups/azure-cli-management000002/providers/Microsoft.Resources/deployments/mock-deployment/operations?api-version=2020-06-01
  response:
    body:
      string: '{"value":[{"id":"/providers/Microsoft.Management/managementGroups/azure-cli-management000002/providers/Microsoft.Resources/deployments/azure-cli-management-group-deployment000001/operations/AB0501E36D519C96","operationId":"AB0501E36D519C96","properties":{"provisioningOperation":"Create","provisioningState":"Succeeded","timestamp":"2020-08-28T10:18:46.8280689Z","duration":"PT58.3313963S","trackingId":"dba7281c-a413-4c91-bb6f-88050ebccd2b","serviceRequestId":"808017ce-edd7-4658-b124-1b272d6d34dc","statusCode":"OK","targetResource":{"id":"/subscriptions/00000000-0000-0000-0000-000000000000/providers/Microsoft.Resources/deployments/sdktest-subnested","resourceType":"Microsoft.Resources/deployments","resourceName":"sdktest-subnested"}}},{"id":"/providers/Microsoft.Management/managementGroups/azure-cli-management000002/providers/Microsoft.Resources/deployments/azure-cli-management-group-deployment000001/operations/2F2F97F95853E93F","operationId":"2F2F97F95853E93F","properties":{"provisioningOperation":"Create","provisioningState":"Succeeded","timestamp":"2020-08-28T10:17:49.8565409Z","duration":"PT0.4504167S","trackingId":"fe28cacc-cb22-44a4-8bae-d882a00bd518","serviceRequestId":"eastus:0f1ade6f-5352-4785-93ab-a9a5ef2f37f2","statusCode":"Created","targetResource":{"id":"/providers/Microsoft.Management/managementGroups/azure-cli-management000002/providers/Microsoft.Authorization/policyAssignments/location-lock","resourceType":"Microsoft.Authorization/policyAssignments","resourceName":"location-lock"}}},{"id":"/providers/Microsoft.Management/managementGroups/azure-cli-management000002/providers/Microsoft.Resources/deployments/azure-cli-management-group-deployment000001/operations/973625B5DDEB052F","operationId":"973625B5DDEB052F","properties":{"provisioningOperation":"Create","provisioningState":"Succeeded","timestamp":"2020-08-28T10:17:49.0254113Z","duration":"PT0.5287387S","trackingId":"3a7bd026-9341-41d4-8e4d-5870e5a43ba2","serviceRequestId":"eastus:702f6b80-f585-435b-8ae2-534d53963c6d","statusCode":"Created","targetResource":{"id":"/providers/Microsoft.Management/managementGroups/azure-cli-management000002/providers/Microsoft.Authorization/policyDefinitions/policy2","resourceType":"Microsoft.Authorization/policyDefinitions","resourceName":"policy2"}}},{"id":"/providers/Microsoft.Management/managementGroups/azure-cli-management000002/providers/Microsoft.Resources/deployments/azure-cli-management-group-deployment000001/operations/08586029970220703000","operationId":"08586029970220703000","properties":{"provisioningOperation":"EvaluateDeploymentOutput","provisioningState":"Succeeded","timestamp":"2020-08-28T10:18:46.98009Z","duration":"PT0.0992807S","trackingId":"bc98b18e-dc16-4c52-90bd-5d312a65a0a2","statusCode":"OK"}}]}'
    headers:
      cache-control:
      - no-cache
      content-length:
      - '2856'
      content-type:
      - application/json; charset=utf-8
      date:
      - Fri, 28 Aug 2020 10:18:54 GMT
      expires:
      - '-1'
      pragma:
      - no-cache
      strict-transport-security:
      - max-age=31536000; includeSubDomains
      vary:
      - Accept-Encoding
      x-content-type-options:
      - nosniff
    status:
      code: 200
      message: OK
- request:
    body: "{\"location\": \"WestUS\", \"properties\": {\"parameters\": {\"nestedsubId\":
      {\"value\": \"0b1f6471-1bf0-4dda-aec3-cb9272f09590\"}, \"targetMG\": {\"value\":
      \"azure-cli-management000002\"}, \"nestedRG\": {\"value\": \"azure-cli-sub-resource-group000003\"},
      \"storageAccountName\": {\"value\": \"armbuilddemo000005\"}}, \"mode\": \"Incremental\",
      template:{\r\n  \"$schema\": \"https://schema.management.azure.com/schemas/2019-08-01/managementGroupDeploymentTemplate.json#\",\r\n
      \ \"contentVersion\": \"1.0.0.0\",\r\n  \"parameters\": {\r\n    \"targetMG\":
      {\r\n      \"type\": \"string\"\r\n    },\r\n    \"nestedsubId\": {\r\n      \"type\":
      \"string\"\r\n    },\r\n    \"nestedRG\": {\r\n      \"type\": \"string\"\r\n
      \   },\r\n    \"storageAccountName\": {\r\n      \"type\": \"string\"\r\n    }\r\n
      \ },\r\n  \"variables\": {\r\n    \"mgScope\": \"[concat('/providers/Microsoft.Management/managementGroups/',
      parameters('targetMG'))]\"\r\n  },\r\n  \"resources\": [\r\n    {\r\n      \"type\":
      \"Microsoft.Authorization/policyDefinitions\",\r\n      \"name\": \"policy2\",\r\n
      \     \"apiVersion\": \"2016-12-01\",\r\n      \"properties\": {\r\n        \"policyType\":
      \"Custom\",\r\n        \"parameters\": {\r\n\r\n        },\r\n        \"policyRule\":
      {\r\n          \"if\": {\r\n            \"field\": \"location\",\r\n            \"equals\":
      \"northeurope\"\r\n          },\r\n          \"then\": {\r\n            \"effect\":
      \"deny\"\r\n          }\r\n        }\r\n      }\r\n    },\r\n    {\r\n      \"type\":
      \"Microsoft.Authorization/policyAssignments\",\r\n      \"name\": \"location-lock\",\r\n
      \     \"apiVersion\": \"2016-12-01\",\r\n      \"dependsOn\": [\r\n        \"policy2\"\r\n
      \     ],\r\n      \"properties\": {\r\n        \"scope\": \"[variables('mgScope')]\",\r\n
      \       \"policyDefinitionId\": \"[concat(variables('mgScope'), '/providers/',
      'Microsoft.Authorization/policyDefinitions/', 'policy2')]\"\r\n      }\r\n    },\r\n
      \   {\r\n      \"type\": \"Microsoft.Resources/deployments\",\r\n      \"name\":
      \"sdktest-subnested\",\r\n      \"apiVersion\": \"2018-05-01\",\r\n      \"location\":
      \"West US\",\r\n      \"subscriptionId\": \"[parameters('nestedSubId')]\",\r\n
      \     \"properties\": {\r\n        \"template\": {\r\n          \"$schema\":
      \"https://schema.management.azure.com/schemas/2015-01-01/deploymentTemplate.json#\",\r\n
      \         \"contentVersion\": \"1.0.0.0\",\r\n          \"parameters\": {\r\n\r\n
      \         },\r\n          \"variables\": {\r\n\r\n          },\r\n          \"resources\":
      [\r\n            {\r\n              \"type\": \"Microsoft.Resources/resourceGroups\",\r\n
      \             \"name\": \"[parameters('nestedRG')]\",\r\n              \"apiVersion\":
      \"2018-05-01\",\r\n              \"location\": \"East US 2 EUAP\",\r\n              \"properties\":
      {\r\n\r\n              }\r\n            },\r\n            {\r\n              \"type\":
      \"Microsoft.Resources/deployments\",\r\n              \"name\": \"rg-nested\",\r\n
      \             \"apiVersion\": \"2017-05-10\",\r\n              \"resourceGroup\":
      \"[parameters('nestedRG')]\",\r\n              \"dependsOn\": [ \"[parameters('nestedRG')]\"
      ],\r\n              \"properties\": {\r\n                \"template\": {\r\n
      \                 \"$schema\": \"https://schema.management.azure.com/schemas/2015-01-01/deploymentTemplate.json#\",\r\n
      \                 \"contentVersion\": \"1.0.0.0\",\r\n                  \"parameters\":
      {\r\n\r\n                  },\r\n                  \"variables\": {\r\n\r\n
      \                 },\r\n                  \"resources\": [\r\n                    {\r\n
      \                     \"type\": \"Microsoft.Storage/storageAccounts\",\r\n                      \"name\":
      \"[parameters('storageAccountName')]\",\r\n                      \"apiVersion\":
      \"2015-06-15\",\r\n                      \"location\": \"East US\",\r\n                      \"properties\":
      {\r\n                        \"accountType\": \"Standard_LRS\",\r\n                        \"supportsHttpsTrafficOnly\":
      true\r\n                      }\r\n                    }\r\n                  ]\r\n
      \               },\r\n                \"mode\": \"Incremental\"\r\n              }\r\n
      \           }\r\n          ]\r\n        },\r\n        \"mode\": \"Incremental\"\r\n
      \     }\r\n    }\r\n  ] // comment\r\n}}}"
    headers:
      Accept:
      - application/json
      Accept-Encoding:
      - gzip, deflate
      CommandName:
      - deployment mg create
      Connection:
      - keep-alive
      Content-Length:
      - '3840'
      Content-Type:
      - application/json; charset=utf-8
      ParameterSetName:
      - --management-group-id --location -n --template-file --parameters --parameters
        --parameters --parameters --no-wait
      User-Agent:
      - python/3.8.0 (Windows-10-10.0.19041-SP0) msrest/0.6.18 msrest_azure/0.6.3
        azure-mgmt-resource/10.2.0 Azure-SDK-For-Python AZURECLI/2.11.0
      accept-language:
      - en-US
    method: POST
    uri: https://management.azure.com/providers/Microsoft.Management/managementGroups/azure-cli-management000002/providers/Microsoft.Resources/deployments/mock-deployment/validate?api-version=2020-06-01
  response:
    body:
      string: '{"id":"/providers/Microsoft.Management/managementGroups/azure-cli-management000002/providers/Microsoft.Resources/deployments/azure-cli-resource-group-deployment000004","name":"azure-cli-resource-group-deployment000004","type":"Microsoft.Resources/deployments","location":"westus","properties":{"templateHash":"6254393849767844371","parameters":{"targetMG":{"type":"String","value":"azure-cli-management000002"},"nestedsubId":{"type":"String","value":"0b1f6471-1bf0-4dda-aec3-cb9272f09590"},"nestedRG":{"type":"String","value":"azure-cli-sub-resource-group000003"},"storageAccountName":{"type":"String","value":"armbuilddemo000005"}},"mode":"Incremental","provisioningState":"Succeeded","timestamp":"2020-08-28T10:18:55.2489285Z","duration":"PT0S","correlationId":"0e79e422-0aec-4c55-9546-764bf340230b","providers":[{"namespace":"Microsoft.Authorization","resourceTypes":[{"resourceType":"policyDefinitions","locations":[null]},{"resourceType":"policyAssignments","locations":[null]}]},{"namespace":"Microsoft.Resources","resourceTypes":[{"resourceType":"deployments","locations":["westus"]}]}],"dependencies":[{"dependsOn":[{"id":"/providers/Microsoft.Management/managementGroups/azure-cli-management000002/providers/Microsoft.Authorization/policyDefinitions/policy2","resourceType":"Microsoft.Authorization/policyDefinitions","resourceName":"policy2"}],"id":"/providers/Microsoft.Management/managementGroups/azure-cli-management000002/providers/Microsoft.Authorization/policyAssignments/location-lock","resourceType":"Microsoft.Authorization/policyAssignments","resourceName":"location-lock"}],"validatedResources":[{"id":"/providers/Microsoft.Management/managementGroups/azure-cli-management000002/providers/Microsoft.Authorization/policyDefinitions/policy2"},{"id":"/providers/Microsoft.Management/managementGroups/azure-cli-management000002/providers/Microsoft.Authorization/policyAssignments/location-lock"},{"id":"/subscriptions/00000000-0000-0000-0000-000000000000/providers/Microsoft.Resources/deployments/sdktest-subnested"},{"id":"/subscriptions/00000000-0000-0000-0000-000000000000/resourceGroups/azure-cli-sub-resource-group000003"},{"id":"/subscriptions/00000000-0000-0000-0000-000000000000/resourceGroups/azure-cli-sub-resource-group000003/providers/Microsoft.Resources/deployments/rg-nested"},{"id":"/subscriptions/00000000-0000-0000-0000-000000000000/resourceGroups/azure-cli-sub-resource-group000003/providers/Microsoft.Storage/storageAccounts/armbuilddemo000005"}]}}'
    headers:
      cache-control:
      - no-cache
      content-length:
      - '2654'
      content-type:
      - application/json; charset=utf-8
      date:
      - Fri, 28 Aug 2020 10:18:57 GMT
      expires:
      - '-1'
      pragma:
      - no-cache
      strict-transport-security:
      - max-age=31536000; includeSubDomains
      transfer-encoding:
      - chunked
      vary:
      - Accept-Encoding
      x-content-type-options:
      - nosniff
      x-ms-ratelimit-remaining-tenant-writes:
      - '1199'
    status:
      code: 200
      message: OK
- request:
    body: "{\"location\": \"WestUS\", \"properties\": {\"parameters\": {\"nestedsubId\":
      {\"value\": \"0b1f6471-1bf0-4dda-aec3-cb9272f09590\"}, \"targetMG\": {\"value\":
      \"azure-cli-management000002\"}, \"nestedRG\": {\"value\": \"azure-cli-sub-resource-group000003\"},
      \"storageAccountName\": {\"value\": \"armbuilddemo000005\"}}, \"mode\": \"Incremental\",
      template:{\r\n  \"$schema\": \"https://schema.management.azure.com/schemas/2019-08-01/managementGroupDeploymentTemplate.json#\",\r\n
      \ \"contentVersion\": \"1.0.0.0\",\r\n  \"parameters\": {\r\n    \"targetMG\":
      {\r\n      \"type\": \"string\"\r\n    },\r\n    \"nestedsubId\": {\r\n      \"type\":
      \"string\"\r\n    },\r\n    \"nestedRG\": {\r\n      \"type\": \"string\"\r\n
      \   },\r\n    \"storageAccountName\": {\r\n      \"type\": \"string\"\r\n    }\r\n
      \ },\r\n  \"variables\": {\r\n    \"mgScope\": \"[concat('/providers/Microsoft.Management/managementGroups/',
      parameters('targetMG'))]\"\r\n  },\r\n  \"resources\": [\r\n    {\r\n      \"type\":
      \"Microsoft.Authorization/policyDefinitions\",\r\n      \"name\": \"policy2\",\r\n
      \     \"apiVersion\": \"2016-12-01\",\r\n      \"properties\": {\r\n        \"policyType\":
      \"Custom\",\r\n        \"parameters\": {\r\n\r\n        },\r\n        \"policyRule\":
      {\r\n          \"if\": {\r\n            \"field\": \"location\",\r\n            \"equals\":
      \"northeurope\"\r\n          },\r\n          \"then\": {\r\n            \"effect\":
      \"deny\"\r\n          }\r\n        }\r\n      }\r\n    },\r\n    {\r\n      \"type\":
      \"Microsoft.Authorization/policyAssignments\",\r\n      \"name\": \"location-lock\",\r\n
      \     \"apiVersion\": \"2016-12-01\",\r\n      \"dependsOn\": [\r\n        \"policy2\"\r\n
      \     ],\r\n      \"properties\": {\r\n        \"scope\": \"[variables('mgScope')]\",\r\n
      \       \"policyDefinitionId\": \"[concat(variables('mgScope'), '/providers/',
      'Microsoft.Authorization/policyDefinitions/', 'policy2')]\"\r\n      }\r\n    },\r\n
      \   {\r\n      \"type\": \"Microsoft.Resources/deployments\",\r\n      \"name\":
      \"sdktest-subnested\",\r\n      \"apiVersion\": \"2018-05-01\",\r\n      \"location\":
      \"West US\",\r\n      \"subscriptionId\": \"[parameters('nestedSubId')]\",\r\n
      \     \"properties\": {\r\n        \"template\": {\r\n          \"$schema\":
      \"https://schema.management.azure.com/schemas/2015-01-01/deploymentTemplate.json#\",\r\n
      \         \"contentVersion\": \"1.0.0.0\",\r\n          \"parameters\": {\r\n\r\n
      \         },\r\n          \"variables\": {\r\n\r\n          },\r\n          \"resources\":
      [\r\n            {\r\n              \"type\": \"Microsoft.Resources/resourceGroups\",\r\n
      \             \"name\": \"[parameters('nestedRG')]\",\r\n              \"apiVersion\":
      \"2018-05-01\",\r\n              \"location\": \"East US 2 EUAP\",\r\n              \"properties\":
      {\r\n\r\n              }\r\n            },\r\n            {\r\n              \"type\":
      \"Microsoft.Resources/deployments\",\r\n              \"name\": \"rg-nested\",\r\n
      \             \"apiVersion\": \"2017-05-10\",\r\n              \"resourceGroup\":
      \"[parameters('nestedRG')]\",\r\n              \"dependsOn\": [ \"[parameters('nestedRG')]\"
      ],\r\n              \"properties\": {\r\n                \"template\": {\r\n
      \                 \"$schema\": \"https://schema.management.azure.com/schemas/2015-01-01/deploymentTemplate.json#\",\r\n
      \                 \"contentVersion\": \"1.0.0.0\",\r\n                  \"parameters\":
      {\r\n\r\n                  },\r\n                  \"variables\": {\r\n\r\n
      \                 },\r\n                  \"resources\": [\r\n                    {\r\n
      \                     \"type\": \"Microsoft.Storage/storageAccounts\",\r\n                      \"name\":
      \"[parameters('storageAccountName')]\",\r\n                      \"apiVersion\":
      \"2015-06-15\",\r\n                      \"location\": \"East US\",\r\n                      \"properties\":
      {\r\n                        \"accountType\": \"Standard_LRS\",\r\n                        \"supportsHttpsTrafficOnly\":
      true\r\n                      }\r\n                    }\r\n                  ]\r\n
      \               },\r\n                \"mode\": \"Incremental\"\r\n              }\r\n
      \           }\r\n          ]\r\n        },\r\n        \"mode\": \"Incremental\"\r\n
      \     }\r\n    }\r\n  ] // comment\r\n}}}"
    headers:
      Accept:
      - application/json
      Accept-Encoding:
      - gzip, deflate
      CommandName:
      - deployment mg create
      Connection:
      - keep-alive
      Content-Length:
      - '3840'
      Content-Type:
      - application/json; charset=utf-8
      ParameterSetName:
      - --management-group-id --location -n --template-file --parameters --parameters
        --parameters --parameters --no-wait
      User-Agent:
      - python/3.8.0 (Windows-10-10.0.19041-SP0) msrest/0.6.18 msrest_azure/0.6.3
        azure-mgmt-resource/10.2.0 Azure-SDK-For-Python AZURECLI/2.11.0
      accept-language:
      - en-US
    method: PUT
    uri: https://management.azure.com/providers/Microsoft.Management/managementGroups/azure-cli-management000002/providers/Microsoft.Resources/deployments/mock-deployment?api-version=2020-06-01
  response:
    body:
      string: '{"id":"/providers/Microsoft.Management/managementGroups/azure-cli-management000002/providers/Microsoft.Resources/deployments/azure-cli-resource-group-deployment000004","name":"azure-cli-resource-group-deployment000004","type":"Microsoft.Resources/deployments","location":"westus","properties":{"templateHash":"6254393849767844371","parameters":{"targetMG":{"type":"String","value":"azure-cli-management000002"},"nestedsubId":{"type":"String","value":"0b1f6471-1bf0-4dda-aec3-cb9272f09590"},"nestedRG":{"type":"String","value":"azure-cli-sub-resource-group000003"},"storageAccountName":{"type":"String","value":"armbuilddemo000005"}},"mode":"Incremental","provisioningState":"Accepted","timestamp":"2020-08-28T10:19:02.1058632Z","duration":"PT3.8585904S","correlationId":"f42e0f5a-0d67-48f8-b6cc-787494020462","providers":[{"namespace":"Microsoft.Authorization","resourceTypes":[{"resourceType":"policyDefinitions","locations":[null]},{"resourceType":"policyAssignments","locations":[null]}]},{"namespace":"Microsoft.Resources","resourceTypes":[{"resourceType":"deployments","locations":["westus"]}]}],"dependencies":[{"dependsOn":[{"id":"/providers/Microsoft.Management/managementGroups/azure-cli-management000002/providers/Microsoft.Authorization/policyDefinitions/policy2","resourceType":"Microsoft.Authorization/policyDefinitions","resourceName":"policy2"}],"id":"/providers/Microsoft.Management/managementGroups/azure-cli-management000002/providers/Microsoft.Authorization/policyAssignments/location-lock","resourceType":"Microsoft.Authorization/policyAssignments","resourceName":"location-lock"}]}}'
    headers:
      azure-asyncoperation:
      - https://management.azure.com/providers/Microsoft.Management/managementGroups/azure-cli-management000002/providers/Microsoft.Resources/deployments/azure-cli-resource-group-deployment000004/operationStatuses/08586029969472303560?api-version=2020-06-01
      cache-control:
      - no-cache
      content-length:
      - '1685'
      content-type:
      - application/json; charset=utf-8
      date:
      - Fri, 28 Aug 2020 10:19:02 GMT
      expires:
      - '-1'
      pragma:
      - no-cache
      strict-transport-security:
      - max-age=31536000; includeSubDomains
      x-content-type-options:
      - nosniff
      x-ms-ratelimit-remaining-tenant-writes:
      - '1197'
    status:
      code: 201
      message: Created
- request:
    body: null
    headers:
      Accept:
      - application/json
      Accept-Encoding:
      - gzip, deflate
      CommandName:
      - deployment mg cancel
      Connection:
      - keep-alive
      Content-Length:
      - '0'
      ParameterSetName:
      - -n --management-group-id
      User-Agent:
      - python/3.8.0 (Windows-10-10.0.19041-SP0) msrest/0.6.18 msrest_azure/0.6.3
        azure-mgmt-resource/10.2.0 Azure-SDK-For-Python AZURECLI/2.11.0
      accept-language:
      - en-US
    method: POST
    uri: https://management.azure.com/providers/Microsoft.Management/managementGroups/azure-cli-management000002/providers/Microsoft.Resources/deployments/mock-deployment/cancel?api-version=2020-06-01
  response:
    body:
      string: ''
    headers:
      cache-control:
      - no-cache
      date:
      - Fri, 28 Aug 2020 10:19:05 GMT
      expires:
      - '-1'
      pragma:
      - no-cache
      strict-transport-security:
      - max-age=31536000; includeSubDomains
      x-content-type-options:
      - nosniff
      x-ms-ratelimit-remaining-tenant-writes:
      - '1199'
    status:
      code: 204
      message: No Content
- request:
    body: null
    headers:
      Accept:
      - application/json
      Accept-Encoding:
      - gzip, deflate
      CommandName:
      - deployment mg show
      Connection:
      - keep-alive
      ParameterSetName:
      - -n --management-group-id
      User-Agent:
      - python/3.8.0 (Windows-10-10.0.19041-SP0) msrest/0.6.18 msrest_azure/0.6.3
        azure-mgmt-resource/10.2.0 Azure-SDK-For-Python AZURECLI/2.11.0
      accept-language:
      - en-US
    method: GET
    uri: https://management.azure.com/providers/Microsoft.Management/managementGroups/azure-cli-management000002/providers/Microsoft.Resources/deployments/mock-deployment?api-version=2020-06-01
  response:
    body:
      string: '{"id":"/providers/Microsoft.Management/managementGroups/azure-cli-management000002/providers/Microsoft.Resources/deployments/azure-cli-resource-group-deployment000004","name":"azure-cli-resource-group-deployment000004","type":"Microsoft.Resources/deployments","location":"westus","properties":{"templateHash":"6254393849767844371","parameters":{"targetMG":{"type":"String","value":"azure-cli-management000002"},"nestedsubId":{"type":"String","value":"0b1f6471-1bf0-4dda-aec3-cb9272f09590"},"nestedRG":{"type":"String","value":"azure-cli-sub-resource-group000003"},"storageAccountName":{"type":"String","value":"armbuilddemo000005"}},"mode":"Incremental","provisioningState":"Canceled","timestamp":"2020-08-28T10:19:05.9048815Z","duration":"PT7.6576087S","correlationId":"f42e0f5a-0d67-48f8-b6cc-787494020462","providers":[{"namespace":"Microsoft.Authorization","resourceTypes":[{"resourceType":"policyDefinitions","locations":[null]},{"resourceType":"policyAssignments","locations":[null]}]},{"namespace":"Microsoft.Resources","resourceTypes":[{"resourceType":"deployments","locations":["westus"]}]}],"dependencies":[{"dependsOn":[{"id":"/providers/Microsoft.Management/managementGroups/azure-cli-management000002/providers/Microsoft.Authorization/policyDefinitions/policy2","resourceType":"Microsoft.Authorization/policyDefinitions","resourceName":"policy2"}],"id":"/providers/Microsoft.Management/managementGroups/azure-cli-management000002/providers/Microsoft.Authorization/policyAssignments/location-lock","resourceType":"Microsoft.Authorization/policyAssignments","resourceName":"location-lock"}]}}'
    headers:
      cache-control:
      - no-cache
      content-length:
      - '1685'
      content-type:
      - application/json; charset=utf-8
      date:
      - Fri, 28 Aug 2020 10:19:05 GMT
      expires:
      - '-1'
      pragma:
      - no-cache
      strict-transport-security:
      - max-age=31536000; includeSubDomains
      vary:
      - Accept-Encoding
      x-content-type-options:
      - nosniff
    status:
      code: 200
      message: OK
- request:
    body: null
    headers:
      Accept:
      - application/json
      Accept-Encoding:
      - gzip, deflate
      CommandName:
      - account management-group delete
      Connection:
      - keep-alive
      Content-Length:
      - '0'
      ParameterSetName:
      - -n
      User-Agent:
      - python/3.8.0 (Windows-10-10.0.19041-SP0) msrest/0.6.18 msrest_azure/0.6.3
        azure-mgmt-resource/10.2.0 Azure-SDK-For-Python AZURECLI/2.11.0
      accept-language:
      - en-US
    method: POST
    uri: https://management.azure.com/subscriptions/00000000-0000-0000-0000-000000000000/providers/Microsoft.Management/register?api-version=2020-06-01
  response:
    body:
      string: '{"id":"/subscriptions/00000000-0000-0000-0000-000000000000/providers/Microsoft.Management","namespace":"Microsoft.Management","authorization":{"applicationId":"f2c304cf-8e7e-4c3f-8164-16299ad9d272","roleDefinitionId":"c1cf3708-588a-4647-be7f-f400bbe214cf"},"resourceTypes":[{"resourceType":"resources","locations":[],"apiVersions":["2017-11-01-preview","2017-08-31-preview","2017-06-30-preview","2017-05-31-preview"],"capabilities":"None"},{"resourceType":"managementGroups","locations":[],"apiVersions":["2020-05-01","2020-02-01","2019-11-01","2018-03-01-preview","2018-03-01-beta","2018-01-01-preview","2017-11-01-preview","2017-08-31-preview","2017-06-30-preview","2017-05-31-preview"],"capabilities":"None"},{"resourceType":"getEntities","locations":[],"apiVersions":["2020-05-01","2020-02-01","2019-11-01","2018-03-01-preview","2018-03-01-beta","2018-01-01-preview"],"capabilities":"None"},{"resourceType":"managementGroups/settings","locations":[],"apiVersions":["2020-05-01","2020-02-01","2018-03-01-beta"],"capabilities":"None"},{"resourceType":"checkNameAvailability","locations":[],"apiVersions":["2020-05-01","2020-02-01","2019-11-01","2018-03-01-preview","2018-03-01-beta","2018-01-01-preview"],"capabilities":"None"},{"resourceType":"operationResults","locations":[],"apiVersions":["2020-05-01","2020-02-01","2019-11-01","2018-03-01-preview","2018-03-01-beta","2018-01-01-preview"],"capabilities":"None"},{"resourceType":"operationResults/asyncOperation","locations":[],"apiVersions":["2020-05-01","2020-02-01","2019-11-01","2018-03-01-beta"],"capabilities":"None"},{"resourceType":"operations","locations":[],"apiVersions":["2020-05-01","2020-02-01","2019-11-01","2018-03-01-preview","2018-03-01-beta","2018-01-01-preview","2017-11-01-preview","2017-08-31-preview","2017-06-30-preview","2017-05-31-preview"],"capabilities":"None"},{"resourceType":"tenantBackfillStatus","locations":[],"apiVersions":["2020-05-01","2020-02-01","2019-11-01","2018-03-01-preview","2018-03-01-beta"],"capabilities":"None"},{"resourceType":"startTenantBackfill","locations":[],"apiVersions":["2020-05-01","2020-02-01","2019-11-01","2018-03-01-preview","2018-03-01-beta"],"capabilities":"None"}],"registrationState":"Registered","registrationPolicy":"RegistrationRequired"}'
    headers:
      cache-control:
      - no-cache
      content-length:
      - '2264'
      content-type:
      - application/json; charset=utf-8
      date:
      - Fri, 28 Aug 2020 10:19:12 GMT
      expires:
      - '-1'
      pragma:
      - no-cache
      strict-transport-security:
      - max-age=31536000; includeSubDomains
      transfer-encoding:
      - chunked
      vary:
      - Accept-Encoding
      x-content-type-options:
      - nosniff
      x-ms-ratelimit-remaining-subscription-writes:
      - '1197'
    status:
      code: 200
      message: OK
- request:
    body: null
    headers:
      Accept:
      - application/json
      Accept-Encoding:
      - gzip, deflate
      CommandName:
      - account management-group delete
      Connection:
      - keep-alive
      ParameterSetName:
      - -n
      User-Agent:
      - python/3.8.0 (Windows-10-10.0.19041-SP0) msrest/0.6.18 msrest_azure/0.6.3
        azure-mgmt-resource/10.2.0 Azure-SDK-For-Python AZURECLI/2.11.0
      accept-language:
      - en-US
    method: GET
    uri: https://management.azure.com/subscriptions/00000000-0000-0000-0000-000000000000/providers/Microsoft.Management?api-version=2020-06-01
  response:
    body:
      string: '{"id":"/subscriptions/00000000-0000-0000-0000-000000000000/providers/Microsoft.Management","namespace":"Microsoft.Management","authorization":{"applicationId":"f2c304cf-8e7e-4c3f-8164-16299ad9d272","roleDefinitionId":"c1cf3708-588a-4647-be7f-f400bbe214cf"},"resourceTypes":[{"resourceType":"resources","locations":[],"apiVersions":["2017-11-01-preview","2017-08-31-preview","2017-06-30-preview","2017-05-31-preview"],"capabilities":"None"},{"resourceType":"managementGroups","locations":[],"apiVersions":["2020-05-01","2020-02-01","2019-11-01","2018-03-01-preview","2018-03-01-beta","2018-01-01-preview","2017-11-01-preview","2017-08-31-preview","2017-06-30-preview","2017-05-31-preview"],"capabilities":"None"},{"resourceType":"getEntities","locations":[],"apiVersions":["2020-05-01","2020-02-01","2019-11-01","2018-03-01-preview","2018-03-01-beta","2018-01-01-preview"],"capabilities":"None"},{"resourceType":"managementGroups/settings","locations":[],"apiVersions":["2020-05-01","2020-02-01","2018-03-01-beta"],"capabilities":"None"},{"resourceType":"checkNameAvailability","locations":[],"apiVersions":["2020-05-01","2020-02-01","2019-11-01","2018-03-01-preview","2018-03-01-beta","2018-01-01-preview"],"capabilities":"None"},{"resourceType":"operationResults","locations":[],"apiVersions":["2020-05-01","2020-02-01","2019-11-01","2018-03-01-preview","2018-03-01-beta","2018-01-01-preview"],"capabilities":"None"},{"resourceType":"operationResults/asyncOperation","locations":[],"apiVersions":["2020-05-01","2020-02-01","2019-11-01","2018-03-01-beta"],"capabilities":"None"},{"resourceType":"operations","locations":[],"apiVersions":["2020-05-01","2020-02-01","2019-11-01","2018-03-01-preview","2018-03-01-beta","2018-01-01-preview","2017-11-01-preview","2017-08-31-preview","2017-06-30-preview","2017-05-31-preview"],"capabilities":"None"},{"resourceType":"tenantBackfillStatus","locations":[],"apiVersions":["2020-05-01","2020-02-01","2019-11-01","2018-03-01-preview","2018-03-01-beta"],"capabilities":"None"},{"resourceType":"startTenantBackfill","locations":[],"apiVersions":["2020-05-01","2020-02-01","2019-11-01","2018-03-01-preview","2018-03-01-beta"],"capabilities":"None"}],"registrationState":"Registered","registrationPolicy":"RegistrationRequired"}'
    headers:
      cache-control:
      - no-cache
      content-length:
      - '2264'
      content-type:
      - application/json; charset=utf-8
      date:
      - Fri, 28 Aug 2020 10:19:22 GMT
      expires:
      - '-1'
      pragma:
      - no-cache
      strict-transport-security:
      - max-age=31536000; includeSubDomains
      vary:
      - Accept-Encoding
      x-content-type-options:
      - nosniff
    status:
      code: 200
      message: OK
- request:
    body: null
    headers:
      Accept:
      - application/json
      Accept-Encoding:
      - gzip, deflate
      Cache-Control:
      - no-cache
      CommandName:
      - account management-group delete
      Connection:
      - keep-alive
      Content-Length:
      - '0'
      ParameterSetName:
      - -n
      User-Agent:
      - python/3.8.0 (Windows-10-10.0.19041-SP0) msrest/0.6.18 msrest_azure/0.6.3
        azure-mgmt-managementgroups/0.2.0 Azure-SDK-For-Python AZURECLI/2.11.0
      accept-language:
      - en-US
    method: DELETE
    uri: https://management.azure.com/providers/Microsoft.Management/managementGroups/azure-cli-management000002?api-version=2018-03-01-preview
  response:
    body:
      string: '{"id":"/providers/Microsoft.Management/managementGroups/azure-cli-management000002","type":"/providers/Microsoft.Management/managementGroups","name":"azure-cli-management000002","status":"NotStarted"}'
    headers:
      cache-control:
      - no-cache
      content-length:
      - '208'
      content-type:
      - application/json; charset=utf-8
      date:
      - Fri, 28 Aug 2020 10:19:25 GMT
      expires:
      - '-1'
      location:
      - https://management.azure.com/providers/Microsoft.Management/operationResults/delete/managementGroups/azure-cli-management000002?api-version=2018-03-01-preview
      pragma:
      - no-cache
      request-id:
      - 4e798822-358b-4bb9-8c77-7bfd5786609a
      strict-transport-security:
      - max-age=31536000; includeSubDomains
      x-ba-restapi:
      - 1.0.3.1582
      x-content-type-options:
      - nosniff
      x-ms-ratelimit-remaining-tenant-deletes:
      - '14999'
    status:
      code: 202
      message: Accepted
- request:
    body: null
    headers:
      Accept:
      - application/json
      Accept-Encoding:
      - gzip, deflate
      CommandName:
      - account management-group delete
      Connection:
      - keep-alive
      ParameterSetName:
      - -n
      User-Agent:
      - python/3.8.0 (Windows-10-10.0.19041-SP0) msrest/0.6.18 msrest_azure/0.6.3
        azure-mgmt-managementgroups/0.2.0 Azure-SDK-For-Python AZURECLI/2.11.0
    method: GET
    uri: https://management.azure.com/providers/Microsoft.Management/operationResults/delete/managementGroups/azure-cli-management000002?api-version=2018-03-01-preview
  response:
    body:
      string: '{"id":"/providers/Microsoft.Management/managementGroups/azure-cli-management000002","type":"/providers/Microsoft.Management/managementGroups","name":"azure-cli-management000002","status":"Running"}'
    headers:
      cache-control:
      - no-cache
      content-length:
      - '205'
      content-type:
      - application/json; charset=utf-8
      date:
      - Fri, 28 Aug 2020 10:19:35 GMT
      expires:
      - '-1'
      location:
      - https://management.azure.com/providers/Microsoft.Management/operationResults/delete/managementGroups/azure-cli-management000002?api-version=2018-03-01-preview
      pragma:
      - no-cache
      request-id:
      - 347a6789-9dfb-457f-8f41-94e8298c9ea2
      strict-transport-security:
      - max-age=31536000; includeSubDomains
      x-ba-restapi:
      - 1.0.3.1582
      x-content-type-options:
      - nosniff
    status:
      code: 202
      message: Accepted
- request:
    body: null
    headers:
      Accept:
      - application/json
      Accept-Encoding:
      - gzip, deflate
      CommandName:
      - account management-group delete
      Connection:
      - keep-alive
      ParameterSetName:
      - -n
      User-Agent:
      - python/3.8.0 (Windows-10-10.0.19041-SP0) msrest/0.6.18 msrest_azure/0.6.3
        azure-mgmt-managementgroups/0.2.0 Azure-SDK-For-Python AZURECLI/2.11.0
    method: GET
    uri: https://management.azure.com/providers/Microsoft.Management/operationResults/delete/managementGroups/azure-cli-management000002?api-version=2018-03-01-preview
  response:
    body:
      string: '{"id":"/providers/Microsoft.Management/managementGroups/azure-cli-management000002","type":"/providers/Microsoft.Management/managementGroups","name":"azure-cli-management000002","status":"Succeeded"}'
    headers:
      cache-control:
      - no-cache
      content-length:
      - '207'
      content-type:
      - application/json; charset=utf-8
      date:
      - Fri, 28 Aug 2020 10:19:46 GMT
      expires:
      - '-1'
      pragma:
      - no-cache
      request-id:
      - ae088568-52a3-4ba1-a88e-63f6946ab9cd
      strict-transport-security:
      - max-age=31536000; includeSubDomains
      transfer-encoding:
      - chunked
      vary:
      - Accept-Encoding,Accept-Encoding
      x-ba-restapi:
      - 1.0.3.1582
      x-content-type-options:
      - nosniff
    status:
      code: 200
      message: OK
version: 1
