interactions:
- request:
    body: null
    headers:
      Accept:
      - application/json
      Accept-Encoding:
      - gzip, deflate
      CommandName:
      - group delete
      Connection:
      - keep-alive
      Content-Length:
      - '0'
      ParameterSetName:
      - -n --yes
      User-Agent:
<<<<<<< HEAD
      - python/3.8.3 (Windows-10-10.0.19041-SP0) msrest/0.6.9 msrest_azure/0.6.3 azure-mgmt-resource/10.1.0
        Azure-SDK-For-Python AZURECLI/2.8.0
=======
      - python/3.8.0 (Windows-10-10.0.19041-SP0) msrest/0.6.9 msrest_azure/0.6.3 azure-mgmt-resource/10.1.0
        Azure-SDK-For-Python AZURECLI/2.9.0
>>>>>>> 959166f624c1154a4225188a267842db777c48fe
      accept-language:
      - en-US
    method: DELETE
    uri: https://management.azure.com/subscriptions/00000000-0000-0000-0000-000000000000/resourcegroups/cli_test_rg_scenario000001?api-version=2020-06-01
  response:
    body:
      string: ''
    headers:
      cache-control:
      - no-cache
      content-length:
      - '0'
      date:
<<<<<<< HEAD
      - Thu, 09 Jul 2020 16:19:05 GMT
      expires:
      - '-1'
      location:
      - https://management.azure.com/subscriptions/00000000-0000-0000-0000-000000000000/operationresults/eyJqb2JJZCI6IlJFU09VUkNFR1JPVVBERUxFVElPTkpPQi1DTEk6NUZURVNUOjVGUkc6NUZTQ0VOQVJJT0ZET1k0Wko1TjNGQldPUFVOM1pPWHw4NTk5RTk2RURDMjAwQjU2LVdFU1RVUyIsImpvYkxvY2F0aW9uIjoid2VzdHVzIn0?api-version=2020-06-01
=======
      - Tue, 14 Jul 2020 13:47:08 GMT
      expires:
      - '-1'
      location:
      - https://management.azure.com/subscriptions/00000000-0000-0000-0000-000000000000/operationresults/eyJqb2JJZCI6IlJFU09VUkNFR1JPVVBERUxFVElPTkpPQi1DTEk6NUZURVNUOjVGUkc6NUZTQ0VOQVJJTzdIM1NFS0pWVkZLT0JPTEFIUEdNRHwyOEQwOUFCMENBMjAyMUQ4LVdFU1RVUyIsImpvYkxvY2F0aW9uIjoid2VzdHVzIn0?api-version=2020-06-01
>>>>>>> 959166f624c1154a4225188a267842db777c48fe
      pragma:
      - no-cache
      strict-transport-security:
      - max-age=31536000; includeSubDomains
      x-content-type-options:
      - nosniff
      x-ms-ratelimit-remaining-subscription-deletes:
      - '14994'
    status:
      code: 202
      message: Accepted
- request:
    body: null
    headers:
      Accept:
      - application/json
      Accept-Encoding:
      - gzip, deflate
      CommandName:
      - group delete
      Connection:
      - keep-alive
      ParameterSetName:
      - -n --yes
      User-Agent:
<<<<<<< HEAD
      - python/3.8.3 (Windows-10-10.0.19041-SP0) msrest/0.6.9 msrest_azure/0.6.3 azure-mgmt-resource/10.1.0
        Azure-SDK-For-Python AZURECLI/2.8.0
    method: GET
    uri: https://management.azure.com/subscriptions/00000000-0000-0000-0000-000000000000/operationresults/eyJqb2JJZCI6IlJFU09VUkNFR1JPVVBERUxFVElPTkpPQi1DTEk6NUZURVNUOjVGUkc6NUZTQ0VOQVJJT0ZET1k0Wko1TjNGQldPUFVOM1pPWHw4NTk5RTk2RURDMjAwQjU2LVdFU1RVUyIsImpvYkxvY2F0aW9uIjoid2VzdHVzIn0?api-version=2020-06-01
=======
      - python/3.8.0 (Windows-10-10.0.19041-SP0) msrest/0.6.9 msrest_azure/0.6.3 azure-mgmt-resource/10.1.0
        Azure-SDK-For-Python AZURECLI/2.9.0
    method: GET
    uri: https://management.azure.com/subscriptions/00000000-0000-0000-0000-000000000000/operationresults/eyJqb2JJZCI6IlJFU09VUkNFR1JPVVBERUxFVElPTkpPQi1DTEk6NUZURVNUOjVGUkc6NUZTQ0VOQVJJTzdIM1NFS0pWVkZLT0JPTEFIUEdNRHwyOEQwOUFCMENBMjAyMUQ4LVdFU1RVUyIsImpvYkxvY2F0aW9uIjoid2VzdHVzIn0?api-version=2020-06-01
>>>>>>> 959166f624c1154a4225188a267842db777c48fe
  response:
    body:
      string: ''
    headers:
      cache-control:
      - no-cache
      content-length:
      - '0'
      date:
<<<<<<< HEAD
      - Thu, 09 Jul 2020 16:19:21 GMT
      expires:
      - '-1'
      location:
      - https://management.azure.com/subscriptions/00000000-0000-0000-0000-000000000000/operationresults/eyJqb2JJZCI6IlJFU09VUkNFR1JPVVBERUxFVElPTkpPQi1DTEk6NUZURVNUOjVGUkc6NUZTQ0VOQVJJT0ZET1k0Wko1TjNGQldPUFVOM1pPWHw4NTk5RTk2RURDMjAwQjU2LVdFU1RVUyIsImpvYkxvY2F0aW9uIjoid2VzdHVzIn0?api-version=2020-06-01
=======
      - Tue, 14 Jul 2020 13:47:23 GMT
      expires:
      - '-1'
      location:
      - https://management.azure.com/subscriptions/00000000-0000-0000-0000-000000000000/operationresults/eyJqb2JJZCI6IlJFU09VUkNFR1JPVVBERUxFVElPTkpPQi1DTEk6NUZURVNUOjVGUkc6NUZTQ0VOQVJJTzdIM1NFS0pWVkZLT0JPTEFIUEdNRHwyOEQwOUFCMENBMjAyMUQ4LVdFU1RVUyIsImpvYkxvY2F0aW9uIjoid2VzdHVzIn0?api-version=2020-06-01
>>>>>>> 959166f624c1154a4225188a267842db777c48fe
      pragma:
      - no-cache
      strict-transport-security:
      - max-age=31536000; includeSubDomains
      x-content-type-options:
      - nosniff
    status:
      code: 202
      message: Accepted
- request:
    body: null
    headers:
      Accept:
      - application/json
      Accept-Encoding:
      - gzip, deflate
      CommandName:
      - group delete
      Connection:
      - keep-alive
      ParameterSetName:
      - -n --yes
      User-Agent:
<<<<<<< HEAD
      - python/3.8.3 (Windows-10-10.0.19041-SP0) msrest/0.6.9 msrest_azure/0.6.3 azure-mgmt-resource/10.1.0
        Azure-SDK-For-Python AZURECLI/2.8.0
    method: GET
    uri: https://management.azure.com/subscriptions/00000000-0000-0000-0000-000000000000/operationresults/eyJqb2JJZCI6IlJFU09VUkNFR1JPVVBERUxFVElPTkpPQi1DTEk6NUZURVNUOjVGUkc6NUZTQ0VOQVJJT0ZET1k0Wko1TjNGQldPUFVOM1pPWHw4NTk5RTk2RURDMjAwQjU2LVdFU1RVUyIsImpvYkxvY2F0aW9uIjoid2VzdHVzIn0?api-version=2020-06-01
=======
      - python/3.8.0 (Windows-10-10.0.19041-SP0) msrest/0.6.9 msrest_azure/0.6.3 azure-mgmt-resource/10.1.0
        Azure-SDK-For-Python AZURECLI/2.9.0
    method: GET
    uri: https://management.azure.com/subscriptions/00000000-0000-0000-0000-000000000000/operationresults/eyJqb2JJZCI6IlJFU09VUkNFR1JPVVBERUxFVElPTkpPQi1DTEk6NUZURVNUOjVGUkc6NUZTQ0VOQVJJTzdIM1NFS0pWVkZLT0JPTEFIUEdNRHwyOEQwOUFCMENBMjAyMUQ4LVdFU1RVUyIsImpvYkxvY2F0aW9uIjoid2VzdHVzIn0?api-version=2020-06-01
>>>>>>> 959166f624c1154a4225188a267842db777c48fe
  response:
    body:
      string: ''
    headers:
      cache-control:
      - no-cache
      content-length:
      - '0'
      date:
<<<<<<< HEAD
      - Thu, 09 Jul 2020 16:19:36 GMT
      expires:
      - '-1'
      location:
      - https://management.azure.com/subscriptions/00000000-0000-0000-0000-000000000000/operationresults/eyJqb2JJZCI6IlJFU09VUkNFR1JPVVBERUxFVElPTkpPQi1DTEk6NUZURVNUOjVGUkc6NUZTQ0VOQVJJT0ZET1k0Wko1TjNGQldPUFVOM1pPWHw4NTk5RTk2RURDMjAwQjU2LVdFU1RVUyIsImpvYkxvY2F0aW9uIjoid2VzdHVzIn0?api-version=2020-06-01
=======
      - Tue, 14 Jul 2020 13:47:39 GMT
      expires:
      - '-1'
      location:
      - https://management.azure.com/subscriptions/00000000-0000-0000-0000-000000000000/operationresults/eyJqb2JJZCI6IlJFU09VUkNFR1JPVVBERUxFVElPTkpPQi1DTEk6NUZURVNUOjVGUkc6NUZTQ0VOQVJJTzdIM1NFS0pWVkZLT0JPTEFIUEdNRHwyOEQwOUFCMENBMjAyMUQ4LVdFU1RVUyIsImpvYkxvY2F0aW9uIjoid2VzdHVzIn0?api-version=2020-06-01
>>>>>>> 959166f624c1154a4225188a267842db777c48fe
      pragma:
      - no-cache
      strict-transport-security:
      - max-age=31536000; includeSubDomains
      x-content-type-options:
      - nosniff
    status:
      code: 202
      message: Accepted
- request:
    body: null
    headers:
      Accept:
      - application/json
      Accept-Encoding:
      - gzip, deflate
      CommandName:
      - group delete
      Connection:
      - keep-alive
      ParameterSetName:
      - -n --yes
      User-Agent:
<<<<<<< HEAD
      - python/3.8.3 (Windows-10-10.0.19041-SP0) msrest/0.6.9 msrest_azure/0.6.3 azure-mgmt-resource/10.1.0
        Azure-SDK-For-Python AZURECLI/2.8.0
    method: GET
    uri: https://management.azure.com/subscriptions/00000000-0000-0000-0000-000000000000/operationresults/eyJqb2JJZCI6IlJFU09VUkNFR1JPVVBERUxFVElPTkpPQi1DTEk6NUZURVNUOjVGUkc6NUZTQ0VOQVJJT0ZET1k0Wko1TjNGQldPUFVOM1pPWHw4NTk5RTk2RURDMjAwQjU2LVdFU1RVUyIsImpvYkxvY2F0aW9uIjoid2VzdHVzIn0?api-version=2020-06-01
=======
      - python/3.8.0 (Windows-10-10.0.19041-SP0) msrest/0.6.9 msrest_azure/0.6.3 azure-mgmt-resource/10.1.0
        Azure-SDK-For-Python AZURECLI/2.9.0
    method: GET
    uri: https://management.azure.com/subscriptions/00000000-0000-0000-0000-000000000000/operationresults/eyJqb2JJZCI6IlJFU09VUkNFR1JPVVBERUxFVElPTkpPQi1DTEk6NUZURVNUOjVGUkc6NUZTQ0VOQVJJTzdIM1NFS0pWVkZLT0JPTEFIUEdNRHwyOEQwOUFCMENBMjAyMUQ4LVdFU1RVUyIsImpvYkxvY2F0aW9uIjoid2VzdHVzIn0?api-version=2020-06-01
>>>>>>> 959166f624c1154a4225188a267842db777c48fe
  response:
    body:
      string: ''
    headers:
      cache-control:
      - no-cache
      content-length:
      - '0'
      date:
<<<<<<< HEAD
      - Thu, 09 Jul 2020 16:19:51 GMT
=======
      - Tue, 14 Jul 2020 13:47:54 GMT
      expires:
      - '-1'
      location:
      - https://management.azure.com/subscriptions/00000000-0000-0000-0000-000000000000/operationresults/eyJqb2JJZCI6IlJFU09VUkNFR1JPVVBERUxFVElPTkpPQi1DTEk6NUZURVNUOjVGUkc6NUZTQ0VOQVJJTzdIM1NFS0pWVkZLT0JPTEFIUEdNRHwyOEQwOUFCMENBMjAyMUQ4LVdFU1RVUyIsImpvYkxvY2F0aW9uIjoid2VzdHVzIn0?api-version=2020-06-01
      pragma:
      - no-cache
      strict-transport-security:
      - max-age=31536000; includeSubDomains
      x-content-type-options:
      - nosniff
    status:
      code: 202
      message: Accepted
- request:
    body: null
    headers:
      Accept:
      - application/json
      Accept-Encoding:
      - gzip, deflate
      CommandName:
      - group delete
      Connection:
      - keep-alive
      ParameterSetName:
      - -n --yes
      User-Agent:
      - python/3.8.0 (Windows-10-10.0.19041-SP0) msrest/0.6.9 msrest_azure/0.6.3 azure-mgmt-resource/10.1.0
        Azure-SDK-For-Python AZURECLI/2.9.0
    method: GET
    uri: https://management.azure.com/subscriptions/00000000-0000-0000-0000-000000000000/operationresults/eyJqb2JJZCI6IlJFU09VUkNFR1JPVVBERUxFVElPTkpPQi1DTEk6NUZURVNUOjVGUkc6NUZTQ0VOQVJJTzdIM1NFS0pWVkZLT0JPTEFIUEdNRHwyOEQwOUFCMENBMjAyMUQ4LVdFU1RVUyIsImpvYkxvY2F0aW9uIjoid2VzdHVzIn0?api-version=2020-06-01
  response:
    body:
      string: ''
    headers:
      cache-control:
      - no-cache
      content-length:
      - '0'
      date:
      - Tue, 14 Jul 2020 13:48:09 GMT
>>>>>>> 959166f624c1154a4225188a267842db777c48fe
      expires:
      - '-1'
      pragma:
      - no-cache
      strict-transport-security:
      - max-age=31536000; includeSubDomains
      x-content-type-options:
      - nosniff
    status:
      code: 200
      message: OK
- request:
    body: null
    headers:
      Accept:
      - application/json
      Accept-Encoding:
      - gzip, deflate
      CommandName:
      - group exists
      Connection:
      - keep-alive
      ParameterSetName:
      - -n
      User-Agent:
<<<<<<< HEAD
      - python/3.8.3 (Windows-10-10.0.19041-SP0) msrest/0.6.9 msrest_azure/0.6.3 azure-mgmt-resource/10.1.0
        Azure-SDK-For-Python AZURECLI/2.8.0
=======
      - python/3.8.0 (Windows-10-10.0.19041-SP0) msrest/0.6.9 msrest_azure/0.6.3 azure-mgmt-resource/10.1.0
        Azure-SDK-For-Python AZURECLI/2.9.0
>>>>>>> 959166f624c1154a4225188a267842db777c48fe
      accept-language:
      - en-US
    method: HEAD
    uri: https://management.azure.com/subscriptions/00000000-0000-0000-0000-000000000000/resourcegroups/cli_test_rg_scenario000001?api-version=2020-06-01
  response:
    body:
      string: ''
    headers:
      cache-control:
      - no-cache
      content-length:
      - '167'
      content-type:
      - application/json; charset=utf-8
      date:
<<<<<<< HEAD
      - Thu, 09 Jul 2020 16:19:52 GMT
=======
      - Tue, 14 Jul 2020 13:48:11 GMT
>>>>>>> 959166f624c1154a4225188a267842db777c48fe
      expires:
      - '-1'
      pragma:
      - no-cache
      strict-transport-security:
      - max-age=31536000; includeSubDomains
      x-content-type-options:
      - nosniff
      x-ms-failure-cause:
      - gateway
    status:
      code: 404
      message: Not Found
- request:
    body: '{"location": "westus", "managedBy": "test_admin", "tags": {"a": "b", "c":
      ""}}'
    headers:
      Accept:
      - application/json
      Accept-Encoding:
      - gzip, deflate
      CommandName:
      - group create
      Connection:
      - keep-alive
      Content-Length:
      - '78'
      Content-Type:
      - application/json; charset=utf-8
      ParameterSetName:
      - -n -l --tag --managed-by
      User-Agent:
<<<<<<< HEAD
      - python/3.8.3 (Windows-10-10.0.19041-SP0) msrest/0.6.9 msrest_azure/0.6.3 azure-mgmt-resource/10.1.0
        Azure-SDK-For-Python AZURECLI/2.8.0
=======
      - python/3.8.0 (Windows-10-10.0.19041-SP0) msrest/0.6.9 msrest_azure/0.6.3 azure-mgmt-resource/10.1.0
        Azure-SDK-For-Python AZURECLI/2.9.0
>>>>>>> 959166f624c1154a4225188a267842db777c48fe
      accept-language:
      - en-US
    method: PUT
    uri: https://management.azure.com/subscriptions/00000000-0000-0000-0000-000000000000/resourcegroups/cli_test_rg_scenario000001?api-version=2020-06-01
  response:
    body:
      string: '{"id":"/subscriptions/00000000-0000-0000-0000-000000000000/resourceGroups/cli_test_rg_scenario000001","name":"cli_test_rg_scenario000001","type":"Microsoft.Resources/resourceGroups","location":"westus","managedBy":"test_admin","tags":{"a":"b","c":""},"properties":{"provisioningState":"Succeeded"}}'
    headers:
      cache-control:
      - no-cache
      content-length:
      - '396'
      content-type:
      - application/json; charset=utf-8
      date:
<<<<<<< HEAD
      - Thu, 09 Jul 2020 16:19:53 GMT
=======
      - Tue, 14 Jul 2020 13:48:12 GMT
>>>>>>> 959166f624c1154a4225188a267842db777c48fe
      expires:
      - '-1'
      pragma:
      - no-cache
      strict-transport-security:
      - max-age=31536000; includeSubDomains
      x-content-type-options:
      - nosniff
      x-ms-ratelimit-remaining-subscription-writes:
      - '1177'
    status:
      code: 201
      message: Created
- request:
    body: null
    headers:
      Accept:
      - application/json
      Accept-Encoding:
      - gzip, deflate
      CommandName:
      - group exists
      Connection:
      - keep-alive
      ParameterSetName:
      - -n
      User-Agent:
<<<<<<< HEAD
      - python/3.8.3 (Windows-10-10.0.19041-SP0) msrest/0.6.9 msrest_azure/0.6.3 azure-mgmt-resource/10.1.0
        Azure-SDK-For-Python AZURECLI/2.8.0
=======
      - python/3.8.0 (Windows-10-10.0.19041-SP0) msrest/0.6.9 msrest_azure/0.6.3 azure-mgmt-resource/10.1.0
        Azure-SDK-For-Python AZURECLI/2.9.0
>>>>>>> 959166f624c1154a4225188a267842db777c48fe
      accept-language:
      - en-US
    method: HEAD
    uri: https://management.azure.com/subscriptions/00000000-0000-0000-0000-000000000000/resourcegroups/cli_test_rg_scenario000001?api-version=2020-06-01
  response:
    body:
      string: ''
    headers:
      cache-control:
      - no-cache
      content-length:
      - '0'
      date:
<<<<<<< HEAD
      - Thu, 09 Jul 2020 16:19:54 GMT
=======
      - Tue, 14 Jul 2020 13:48:12 GMT
>>>>>>> 959166f624c1154a4225188a267842db777c48fe
      expires:
      - '-1'
      pragma:
      - no-cache
      strict-transport-security:
      - max-age=31536000; includeSubDomains
      x-content-type-options:
      - nosniff
    status:
      code: 204
      message: No Content
- request:
    body: null
    headers:
      Accept:
      - application/json
      Accept-Encoding:
      - gzip, deflate
      CommandName:
      - group show
      Connection:
      - keep-alive
      ParameterSetName:
      - -n
      User-Agent:
<<<<<<< HEAD
      - python/3.8.3 (Windows-10-10.0.19041-SP0) msrest/0.6.9 msrest_azure/0.6.3 azure-mgmt-resource/10.1.0
        Azure-SDK-For-Python AZURECLI/2.8.0
=======
      - python/3.8.0 (Windows-10-10.0.19041-SP0) msrest/0.6.9 msrest_azure/0.6.3 azure-mgmt-resource/10.1.0
        Azure-SDK-For-Python AZURECLI/2.9.0
>>>>>>> 959166f624c1154a4225188a267842db777c48fe
      accept-language:
      - en-US
    method: GET
    uri: https://management.azure.com/subscriptions/00000000-0000-0000-0000-000000000000/resourcegroups/cli_test_rg_scenario000001?api-version=2020-06-01
  response:
    body:
      string: '{"id":"/subscriptions/00000000-0000-0000-0000-000000000000/resourceGroups/cli_test_rg_scenario000001","name":"cli_test_rg_scenario000001","type":"Microsoft.Resources/resourceGroups","location":"westus","managedBy":"test_admin","tags":{"a":"b","c":""},"properties":{"provisioningState":"Succeeded"}}'
    headers:
      cache-control:
      - no-cache
      content-length:
      - '396'
      content-type:
      - application/json; charset=utf-8
      date:
<<<<<<< HEAD
      - Thu, 09 Jul 2020 16:19:54 GMT
=======
      - Tue, 14 Jul 2020 13:48:13 GMT
>>>>>>> 959166f624c1154a4225188a267842db777c48fe
      expires:
      - '-1'
      pragma:
      - no-cache
      strict-transport-security:
      - max-age=31536000; includeSubDomains
      vary:
      - Accept-Encoding
      x-content-type-options:
      - nosniff
    status:
      code: 200
      message: OK
- request:
    body: null
    headers:
      Accept:
      - application/json
      Accept-Encoding:
      - gzip, deflate
      CommandName:
      - group list
      Connection:
      - keep-alive
      ParameterSetName:
      - --tag
      User-Agent:
<<<<<<< HEAD
      - python/3.8.3 (Windows-10-10.0.19041-SP0) msrest/0.6.9 msrest_azure/0.6.3 azure-mgmt-resource/10.1.0
        Azure-SDK-For-Python AZURECLI/2.8.0
=======
      - python/3.8.0 (Windows-10-10.0.19041-SP0) msrest/0.6.9 msrest_azure/0.6.3 azure-mgmt-resource/10.1.0
        Azure-SDK-For-Python AZURECLI/2.9.0
>>>>>>> 959166f624c1154a4225188a267842db777c48fe
      accept-language:
      - en-US
    method: GET
    uri: https://management.azure.com/subscriptions/00000000-0000-0000-0000-000000000000/resourcegroups?$filter=tagname%20eq%20%27a%27%20and%20tagvalue%20eq%20%27b%27&api-version=2020-06-01
  response:
    body:
      string: '{"value":[{"id":"/subscriptions/00000000-0000-0000-0000-000000000000/resourceGroups/cli_test_rg_scenario000001","name":"cli_test_rg_scenario000001","type":"Microsoft.Resources/resourceGroups","location":"westus","managedBy":"test_admin","tags":{"a":"b","c":""},"properties":{"provisioningState":"Succeeded"}}]}'
    headers:
      cache-control:
      - no-cache
      content-length:
      - '408'
      content-type:
      - application/json; charset=utf-8
      date:
<<<<<<< HEAD
      - Thu, 09 Jul 2020 16:19:54 GMT
=======
      - Tue, 14 Jul 2020 13:48:14 GMT
>>>>>>> 959166f624c1154a4225188a267842db777c48fe
      expires:
      - '-1'
      pragma:
      - no-cache
      strict-transport-security:
      - max-age=31536000; includeSubDomains
      vary:
      - Accept-Encoding
      x-content-type-options:
      - nosniff
    status:
      code: 200
      message: OK
- request:
    body: null
    headers:
      Accept:
      - application/json
      Accept-Encoding:
      - gzip, deflate
      CommandName:
      - group update
      Connection:
      - keep-alive
      ParameterSetName:
      - -g --tags
      User-Agent:
<<<<<<< HEAD
      - python/3.8.3 (Windows-10-10.0.19041-SP0) msrest/0.6.9 msrest_azure/0.6.3 azure-mgmt-resource/10.1.0
        Azure-SDK-For-Python AZURECLI/2.8.0
=======
      - python/3.8.0 (Windows-10-10.0.19041-SP0) msrest/0.6.9 msrest_azure/0.6.3 azure-mgmt-resource/10.1.0
        Azure-SDK-For-Python AZURECLI/2.9.0
>>>>>>> 959166f624c1154a4225188a267842db777c48fe
      accept-language:
      - en-US
    method: GET
    uri: https://management.azure.com/subscriptions/00000000-0000-0000-0000-000000000000/resourcegroups/cli_test_rg_scenario000001?api-version=2020-06-01
  response:
    body:
      string: '{"id":"/subscriptions/00000000-0000-0000-0000-000000000000/resourceGroups/cli_test_rg_scenario000001","name":"cli_test_rg_scenario000001","type":"Microsoft.Resources/resourceGroups","location":"westus","managedBy":"test_admin","tags":{"a":"b","c":""},"properties":{"provisioningState":"Succeeded"}}'
    headers:
      cache-control:
      - no-cache
      content-length:
      - '396'
      content-type:
      - application/json; charset=utf-8
      date:
<<<<<<< HEAD
      - Thu, 09 Jul 2020 16:19:54 GMT
=======
      - Tue, 14 Jul 2020 13:48:14 GMT
>>>>>>> 959166f624c1154a4225188a267842db777c48fe
      expires:
      - '-1'
      pragma:
      - no-cache
      strict-transport-security:
      - max-age=31536000; includeSubDomains
      vary:
      - Accept-Encoding
      x-content-type-options:
      - nosniff
    status:
      code: 200
      message: OK
- request:
    body: '{"properties": {}, "location": "westus", "managedBy": "test_admin", "tags":
      {}}'
    headers:
      Accept:
      - application/json
      Accept-Encoding:
      - gzip, deflate
      CommandName:
      - group update
      Connection:
      - keep-alive
      Content-Length:
      - '79'
      Content-Type:
      - application/json; charset=utf-8
      ParameterSetName:
      - -g --tags
      User-Agent:
<<<<<<< HEAD
      - python/3.8.3 (Windows-10-10.0.19041-SP0) msrest/0.6.9 msrest_azure/0.6.3 azure-mgmt-resource/10.1.0
        Azure-SDK-For-Python AZURECLI/2.8.0
=======
      - python/3.8.0 (Windows-10-10.0.19041-SP0) msrest/0.6.9 msrest_azure/0.6.3 azure-mgmt-resource/10.1.0
        Azure-SDK-For-Python AZURECLI/2.9.0
>>>>>>> 959166f624c1154a4225188a267842db777c48fe
      accept-language:
      - en-US
    method: PUT
    uri: https://management.azure.com/subscriptions/00000000-0000-0000-0000-000000000000/resourcegroups/cli_test_rg_scenario000001?api-version=2020-06-01
  response:
    body:
      string: '{"id":"/subscriptions/00000000-0000-0000-0000-000000000000/resourceGroups/cli_test_rg_scenario000001","name":"cli_test_rg_scenario000001","type":"Microsoft.Resources/resourceGroups","location":"westus","managedBy":"test_admin","tags":{},"properties":{"provisioningState":"Succeeded"}}'
    headers:
      cache-control:
      - no-cache
      content-length:
      - '382'
      content-type:
      - application/json; charset=utf-8
      date:
<<<<<<< HEAD
      - Thu, 09 Jul 2020 16:19:56 GMT
=======
      - Tue, 14 Jul 2020 13:48:16 GMT
>>>>>>> 959166f624c1154a4225188a267842db777c48fe
      expires:
      - '-1'
      pragma:
      - no-cache
      strict-transport-security:
      - max-age=31536000; includeSubDomains
      transfer-encoding:
      - chunked
      vary:
      - Accept-Encoding
      x-content-type-options:
      - nosniff
      x-ms-ratelimit-remaining-subscription-writes:
      - '1182'
    status:
      code: 200
      message: OK
- request:
    body: null
    headers:
      Accept:
      - application/json
      Accept-Encoding:
      - gzip, deflate
      CommandName:
      - group update
      Connection:
      - keep-alive
      ParameterSetName:
      - -g --set
      User-Agent:
<<<<<<< HEAD
      - python/3.8.3 (Windows-10-10.0.19041-SP0) msrest/0.6.9 msrest_azure/0.6.3 azure-mgmt-resource/10.1.0
        Azure-SDK-For-Python AZURECLI/2.8.0
=======
      - python/3.8.0 (Windows-10-10.0.19041-SP0) msrest/0.6.9 msrest_azure/0.6.3 azure-mgmt-resource/10.1.0
        Azure-SDK-For-Python AZURECLI/2.9.0
>>>>>>> 959166f624c1154a4225188a267842db777c48fe
      accept-language:
      - en-US
    method: GET
    uri: https://management.azure.com/subscriptions/00000000-0000-0000-0000-000000000000/resourcegroups/cli_test_rg_scenario000001?api-version=2020-06-01
  response:
    body:
      string: '{"id":"/subscriptions/00000000-0000-0000-0000-000000000000/resourceGroups/cli_test_rg_scenario000001","name":"cli_test_rg_scenario000001","type":"Microsoft.Resources/resourceGroups","location":"westus","managedBy":"test_admin","tags":{},"properties":{"provisioningState":"Succeeded"}}'
    headers:
      cache-control:
      - no-cache
      content-length:
      - '382'
      content-type:
      - application/json; charset=utf-8
      date:
<<<<<<< HEAD
      - Thu, 09 Jul 2020 16:19:56 GMT
=======
      - Tue, 14 Jul 2020 13:48:16 GMT
>>>>>>> 959166f624c1154a4225188a267842db777c48fe
      expires:
      - '-1'
      pragma:
      - no-cache
      strict-transport-security:
      - max-age=31536000; includeSubDomains
      vary:
      - Accept-Encoding
      x-content-type-options:
      - nosniff
    status:
      code: 200
      message: OK
- request:
    body: '{"properties": {}, "location": "westus", "managedBy": "test_admin", "tags":
      {"a": "{''k'': ''v''}"}}'
    headers:
      Accept:
      - application/json
      Accept-Encoding:
      - gzip, deflate
      CommandName:
      - group update
      Connection:
      - keep-alive
      Content-Length:
      - '96'
      Content-Type:
      - application/json; charset=utf-8
      ParameterSetName:
      - -g --set
      User-Agent:
<<<<<<< HEAD
      - python/3.8.3 (Windows-10-10.0.19041-SP0) msrest/0.6.9 msrest_azure/0.6.3 azure-mgmt-resource/10.1.0
        Azure-SDK-For-Python AZURECLI/2.8.0
=======
      - python/3.8.0 (Windows-10-10.0.19041-SP0) msrest/0.6.9 msrest_azure/0.6.3 azure-mgmt-resource/10.1.0
        Azure-SDK-For-Python AZURECLI/2.9.0
>>>>>>> 959166f624c1154a4225188a267842db777c48fe
      accept-language:
      - en-US
    method: PUT
    uri: https://management.azure.com/subscriptions/00000000-0000-0000-0000-000000000000/resourcegroups/cli_test_rg_scenario000001?api-version=2020-06-01
  response:
    body:
      string: '{"id":"/subscriptions/00000000-0000-0000-0000-000000000000/resourceGroups/cli_test_rg_scenario000001","name":"cli_test_rg_scenario000001","type":"Microsoft.Resources/resourceGroups","location":"westus","managedBy":"test_admin","tags":{"a":"{''k'':
        ''v''}"},"properties":{"provisioningState":"Succeeded"}}'
    headers:
      cache-control:
      - no-cache
      content-length:
      - '398'
      content-type:
      - application/json; charset=utf-8
      date:
<<<<<<< HEAD
      - Thu, 09 Jul 2020 16:19:56 GMT
=======
      - Tue, 14 Jul 2020 13:48:18 GMT
>>>>>>> 959166f624c1154a4225188a267842db777c48fe
      expires:
      - '-1'
      pragma:
      - no-cache
      strict-transport-security:
      - max-age=31536000; includeSubDomains
      transfer-encoding:
      - chunked
      vary:
      - Accept-Encoding
      x-content-type-options:
      - nosniff
      x-ms-ratelimit-remaining-subscription-writes:
      - '1181'
    status:
      code: 200
      message: OK
- request:
    body: null
    headers:
      Accept:
      - application/json
      Accept-Encoding:
      - gzip, deflate
      CommandName:
      - group update
      Connection:
      - keep-alive
      ParameterSetName:
      - -g --set --force-string
      User-Agent:
<<<<<<< HEAD
      - python/3.8.3 (Windows-10-10.0.19041-SP0) msrest/0.6.9 msrest_azure/0.6.3 azure-mgmt-resource/10.1.0
        Azure-SDK-For-Python AZURECLI/2.8.0
=======
      - python/3.8.0 (Windows-10-10.0.19041-SP0) msrest/0.6.9 msrest_azure/0.6.3 azure-mgmt-resource/10.1.0
        Azure-SDK-For-Python AZURECLI/2.9.0
>>>>>>> 959166f624c1154a4225188a267842db777c48fe
      accept-language:
      - en-US
    method: GET
    uri: https://management.azure.com/subscriptions/00000000-0000-0000-0000-000000000000/resourcegroups/cli_test_rg_scenario000001?api-version=2020-06-01
  response:
    body:
      string: '{"id":"/subscriptions/00000000-0000-0000-0000-000000000000/resourceGroups/cli_test_rg_scenario000001","name":"cli_test_rg_scenario000001","type":"Microsoft.Resources/resourceGroups","location":"westus","managedBy":"test_admin","tags":{"a":"{''k'':
        ''v''}"},"properties":{"provisioningState":"Succeeded"}}'
    headers:
      cache-control:
      - no-cache
      content-length:
      - '398'
      content-type:
      - application/json; charset=utf-8
      date:
<<<<<<< HEAD
      - Thu, 09 Jul 2020 16:19:57 GMT
=======
      - Tue, 14 Jul 2020 13:48:18 GMT
>>>>>>> 959166f624c1154a4225188a267842db777c48fe
      expires:
      - '-1'
      pragma:
      - no-cache
      strict-transport-security:
      - max-age=31536000; includeSubDomains
      vary:
      - Accept-Encoding
      x-content-type-options:
      - nosniff
    status:
      code: 200
      message: OK
- request:
    body: '{"properties": {}, "location": "westus", "managedBy": "test_admin", "tags":
      {"a": "{''k'': ''v''}", "b": "{\"k\":\"v\"}"}}'
    headers:
      Accept:
      - application/json
      Accept-Encoding:
      - gzip, deflate
      CommandName:
      - group update
      Connection:
      - keep-alive
      Content-Length:
      - '118'
      Content-Type:
      - application/json; charset=utf-8
      ParameterSetName:
      - -g --set --force-string
      User-Agent:
<<<<<<< HEAD
      - python/3.8.3 (Windows-10-10.0.19041-SP0) msrest/0.6.9 msrest_azure/0.6.3 azure-mgmt-resource/10.1.0
        Azure-SDK-For-Python AZURECLI/2.8.0
=======
      - python/3.8.0 (Windows-10-10.0.19041-SP0) msrest/0.6.9 msrest_azure/0.6.3 azure-mgmt-resource/10.1.0
        Azure-SDK-For-Python AZURECLI/2.9.0
>>>>>>> 959166f624c1154a4225188a267842db777c48fe
      accept-language:
      - en-US
    method: PUT
    uri: https://management.azure.com/subscriptions/00000000-0000-0000-0000-000000000000/resourcegroups/cli_test_rg_scenario000001?api-version=2020-06-01
  response:
    body:
      string: '{"id":"/subscriptions/00000000-0000-0000-0000-000000000000/resourceGroups/cli_test_rg_scenario000001","name":"cli_test_rg_scenario000001","type":"Microsoft.Resources/resourceGroups","location":"westus","managedBy":"test_admin","tags":{"a":"{''k'':
        ''v''}","b":"{\"k\":\"v\"}"},"properties":{"provisioningState":"Succeeded"}}'
    headers:
      cache-control:
      - no-cache
      content-length:
      - '418'
      content-type:
      - application/json; charset=utf-8
      date:
<<<<<<< HEAD
      - Thu, 09 Jul 2020 16:19:58 GMT
=======
      - Tue, 14 Jul 2020 13:48:20 GMT
>>>>>>> 959166f624c1154a4225188a267842db777c48fe
      expires:
      - '-1'
      pragma:
      - no-cache
      strict-transport-security:
      - max-age=31536000; includeSubDomains
      transfer-encoding:
      - chunked
      vary:
      - Accept-Encoding
      x-content-type-options:
      - nosniff
      x-ms-ratelimit-remaining-subscription-writes:
<<<<<<< HEAD
      - '1198'
=======
      - '1184'
>>>>>>> 959166f624c1154a4225188a267842db777c48fe
    status:
      code: 200
      message: OK
- request:
    body: '{"resources": ["*"]}'
    headers:
      Accept:
      - application/json
      Accept-Encoding:
      - gzip, deflate
      CommandName:
      - group export
      Connection:
      - keep-alive
      Content-Length:
      - '20'
      Content-Type:
      - application/json; charset=utf-8
      ParameterSetName:
      - --name --query
      User-Agent:
<<<<<<< HEAD
      - python/3.8.3 (Windows-10-10.0.19041-SP0) msrest/0.6.9 msrest_azure/0.6.3 azure-mgmt-resource/10.1.0
        Azure-SDK-For-Python AZURECLI/2.8.0
=======
      - python/3.8.0 (Windows-10-10.0.19041-SP0) msrest/0.6.9 msrest_azure/0.6.3 azure-mgmt-resource/10.1.0
        Azure-SDK-For-Python AZURECLI/2.9.0
>>>>>>> 959166f624c1154a4225188a267842db777c48fe
      accept-language:
      - en-US
    method: POST
    uri: https://management.azure.com/subscriptions/00000000-0000-0000-0000-000000000000/resourcegroups/cli_test_rg_scenario000001/exportTemplate?api-version=2020-06-01
  response:
    body:
      string: '{"template":{"$schema":"https://schema.management.azure.com/schemas/2015-01-01/deploymentTemplate.json#","contentVersion":"1.0.0.0","parameters":{},"variables":{},"resources":[]}}'
    headers:
      cache-control:
      - no-cache
      content-length:
      - '179'
      content-type:
      - application/json; charset=utf-8
      date:
<<<<<<< HEAD
      - Thu, 09 Jul 2020 16:19:58 GMT
=======
      - Tue, 14 Jul 2020 13:48:21 GMT
>>>>>>> 959166f624c1154a4225188a267842db777c48fe
      expires:
      - '-1'
      pragma:
      - no-cache
      strict-transport-security:
      - max-age=31536000; includeSubDomains
      vary:
      - Accept-Encoding
      x-content-type-options:
      - nosniff
    status:
      code: 200
      message: OK
version: 1
