interactions:
- request:
    body: null
    headers:
      Accept:
      - application/json
      Accept-Encoding:
      - gzip, deflate
      CommandName:
      - network vnet create
      Connection:
      - keep-alive
      ParameterSetName:
      - -g -n --subnet-name
      User-Agent:
      - AZURECLI/2.39.0 (PIP) azsdk-python-azure-mgmt-resource/21.1.0b1 Python/3.8.10
        (Windows-10-10.0.19044-SP0)
    method: GET
    uri: https://management.azure.com/subscriptions/00000000-0000-0000-0000-000000000000/resourcegroups/cli_test_deployment000001?api-version=2021-04-01
  response:
    body:
      string: '{"id":"/subscriptions/00000000-0000-0000-0000-000000000000/resourceGroups/cli_test_deployment000001","name":"cli_test_deployment000001","type":"Microsoft.Resources/resourceGroups","location":"westus","tags":{"product":"azurecli","cause":"automation","date":"2022-08-28T18:06:17Z"},"properties":{"provisioningState":"Succeeded"}}'
    headers:
      cache-control:
      - no-cache
      content-length:
      - '328'
      content-type:
      - application/json; charset=utf-8
      date:
      - Sun, 28 Aug 2022 18:06:20 GMT
      expires:
      - '-1'
      pragma:
      - no-cache
      strict-transport-security:
      - max-age=31536000; includeSubDomains
      vary:
      - Accept-Encoding
      x-content-type-options:
      - nosniff
    status:
      code: 200
      message: OK
- request:
    body: '{"location": "westus", "tags": {}, "properties": {"addressSpace": {"addressPrefixes":
      ["10.0.0.0/16"]}, "dhcpOptions": {}, "subnets": [{"name": "subnet1", "properties":
      {"addressPrefix": "10.0.0.0/24", "privateEndpointNetworkPolicies": "Disabled",
      "privateLinkServiceNetworkPolicies": "Enabled"}}]}}'
    headers:
      Accept:
      - application/json
      Accept-Encoding:
      - gzip, deflate
      CommandName:
      - network vnet create
      Connection:
      - keep-alive
      Content-Length:
      - '299'
      Content-Type:
      - application/json
      ParameterSetName:
      - -g -n --subnet-name
      User-Agent:
      - AZURECLI/2.39.0 (PIP) azsdk-python-azure-mgmt-network/21.0.1 Python/3.8.10
        (Windows-10-10.0.19044-SP0)
    method: PUT
    uri: https://management.azure.com/subscriptions/00000000-0000-0000-0000-000000000000/resourceGroups/cli_test_deployment000001/providers/Microsoft.Network/virtualNetworks/vnet1?api-version=2022-01-01
  response:
    body:
      string: "{\r\n  \"name\": \"vnet1\",\r\n  \"id\": \"/subscriptions/00000000-0000-0000-0000-000000000000/resourceGroups/cli_test_deployment000001/providers/Microsoft.Network/virtualNetworks/vnet1\",\r\n
        \ \"etag\": \"W/\\\"40067f8e-fbfe-426d-bbf2-d99fc0357dcb\\\"\",\r\n  \"type\":
        \"Microsoft.Network/virtualNetworks\",\r\n  \"location\": \"westus\",\r\n
        \ \"tags\": {},\r\n  \"properties\": {\r\n    \"provisioningState\": \"Updating\",\r\n
        \   \"resourceGuid\": \"cb1a11dd-3480-41c3-977d-c9177f76e041\",\r\n    \"addressSpace\":
        {\r\n      \"addressPrefixes\": [\r\n        \"10.0.0.0/16\"\r\n      ]\r\n
        \   },\r\n    \"dhcpOptions\": {\r\n      \"dnsServers\": []\r\n    },\r\n
        \   \"subnets\": [\r\n      {\r\n        \"name\": \"subnet1\",\r\n        \"id\":
        \"/subscriptions/00000000-0000-0000-0000-000000000000/resourceGroups/cli_test_deployment000001/providers/Microsoft.Network/virtualNetworks/vnet1/subnets/subnet1\",\r\n
        \       \"etag\": \"W/\\\"40067f8e-fbfe-426d-bbf2-d99fc0357dcb\\\"\",\r\n
        \       \"properties\": {\r\n          \"provisioningState\": \"Updating\",\r\n
        \         \"addressPrefix\": \"10.0.0.0/24\",\r\n          \"delegations\":
        [],\r\n          \"privateEndpointNetworkPolicies\": \"Disabled\",\r\n          \"privateLinkServiceNetworkPolicies\":
        \"Enabled\"\r\n        },\r\n        \"type\": \"Microsoft.Network/virtualNetworks/subnets\"\r\n
        \     }\r\n    ],\r\n    \"virtualNetworkPeerings\": [],\r\n    \"enableDdosProtection\":
        false\r\n  }\r\n}"
    headers:
      azure-asyncnotification:
      - Enabled
      azure-asyncoperation:
      - https://management.azure.com/subscriptions/00000000-0000-0000-0000-000000000000/providers/Microsoft.Network/locations/westus/operations/56fdfa20-9240-46c0-a234-522ccdbdd0cf?api-version=2022-01-01
      cache-control:
      - no-cache
      content-length:
      - '1304'
      content-type:
      - application/json; charset=utf-8
      date:
      - Sun, 28 Aug 2022 18:06:28 GMT
      expires:
      - '-1'
      pragma:
      - no-cache
      server:
      - Microsoft-HTTPAPI/2.0
      - Microsoft-HTTPAPI/2.0
      strict-transport-security:
      - max-age=31536000; includeSubDomains
      x-content-type-options:
      - nosniff
      x-ms-arm-service-request-id:
      - 88d2c465-c17b-4084-a44f-7a24cc23fc41
      x-ms-ratelimit-remaining-subscription-writes:
      - '1192'
    status:
      code: 201
      message: Created
- request:
    body: null
    headers:
      Accept:
      - '*/*'
      Accept-Encoding:
      - gzip, deflate
      CommandName:
      - network vnet create
      Connection:
      - keep-alive
      ParameterSetName:
      - -g -n --subnet-name
      User-Agent:
      - AZURECLI/2.39.0 (PIP) azsdk-python-azure-mgmt-network/21.0.1 Python/3.8.10
        (Windows-10-10.0.19044-SP0)
    method: GET
    uri: https://management.azure.com/subscriptions/00000000-0000-0000-0000-000000000000/providers/Microsoft.Network/locations/westus/operations/56fdfa20-9240-46c0-a234-522ccdbdd0cf?api-version=2022-01-01
  response:
    body:
      string: "{\r\n  \"status\": \"Succeeded\"\r\n}"
    headers:
      cache-control:
      - no-cache
      content-length:
      - '29'
      content-type:
      - application/json; charset=utf-8
      date:
      - Sun, 28 Aug 2022 18:06:31 GMT
      expires:
      - '-1'
      pragma:
      - no-cache
      server:
      - Microsoft-HTTPAPI/2.0
      - Microsoft-HTTPAPI/2.0
      strict-transport-security:
      - max-age=31536000; includeSubDomains
      transfer-encoding:
      - chunked
      vary:
      - Accept-Encoding
      x-content-type-options:
      - nosniff
      x-ms-arm-service-request-id:
      - f1b52df6-0701-42e0-9e47-54166303df59
    status:
      code: 200
      message: OK
- request:
    body: null
    headers:
      Accept:
      - '*/*'
      Accept-Encoding:
      - gzip, deflate
      CommandName:
      - network vnet create
      Connection:
      - keep-alive
      ParameterSetName:
      - -g -n --subnet-name
      User-Agent:
      - AZURECLI/2.39.0 (PIP) azsdk-python-azure-mgmt-network/21.0.1 Python/3.8.10
        (Windows-10-10.0.19044-SP0)
    method: GET
    uri: https://management.azure.com/subscriptions/00000000-0000-0000-0000-000000000000/resourceGroups/cli_test_deployment000001/providers/Microsoft.Network/virtualNetworks/vnet1?api-version=2022-01-01
  response:
    body:
      string: "{\r\n  \"name\": \"vnet1\",\r\n  \"id\": \"/subscriptions/00000000-0000-0000-0000-000000000000/resourceGroups/cli_test_deployment000001/providers/Microsoft.Network/virtualNetworks/vnet1\",\r\n
        \ \"etag\": \"W/\\\"45efbf55-0ae5-42cd-ac1c-a7e6adc1fe88\\\"\",\r\n  \"type\":
        \"Microsoft.Network/virtualNetworks\",\r\n  \"location\": \"westus\",\r\n
        \ \"tags\": {},\r\n  \"properties\": {\r\n    \"provisioningState\": \"Succeeded\",\r\n
        \   \"resourceGuid\": \"cb1a11dd-3480-41c3-977d-c9177f76e041\",\r\n    \"addressSpace\":
        {\r\n      \"addressPrefixes\": [\r\n        \"10.0.0.0/16\"\r\n      ]\r\n
        \   },\r\n    \"dhcpOptions\": {\r\n      \"dnsServers\": []\r\n    },\r\n
        \   \"subnets\": [\r\n      {\r\n        \"name\": \"subnet1\",\r\n        \"id\":
        \"/subscriptions/00000000-0000-0000-0000-000000000000/resourceGroups/cli_test_deployment000001/providers/Microsoft.Network/virtualNetworks/vnet1/subnets/subnet1\",\r\n
        \       \"etag\": \"W/\\\"45efbf55-0ae5-42cd-ac1c-a7e6adc1fe88\\\"\",\r\n
        \       \"properties\": {\r\n          \"provisioningState\": \"Succeeded\",\r\n
        \         \"addressPrefix\": \"10.0.0.0/24\",\r\n          \"delegations\":
        [],\r\n          \"privateEndpointNetworkPolicies\": \"Disabled\",\r\n          \"privateLinkServiceNetworkPolicies\":
        \"Enabled\"\r\n        },\r\n        \"type\": \"Microsoft.Network/virtualNetworks/subnets\"\r\n
        \     }\r\n    ],\r\n    \"virtualNetworkPeerings\": [],\r\n    \"enableDdosProtection\":
        false\r\n  }\r\n}"
    headers:
      cache-control:
      - no-cache
      content-length:
      - '1306'
      content-type:
      - application/json; charset=utf-8
      date:
      - Sun, 28 Aug 2022 18:06:32 GMT
      etag:
      - W/"45efbf55-0ae5-42cd-ac1c-a7e6adc1fe88"
      expires:
      - '-1'
      pragma:
      - no-cache
      server:
      - Microsoft-HTTPAPI/2.0
      - Microsoft-HTTPAPI/2.0
      strict-transport-security:
      - max-age=31536000; includeSubDomains
      transfer-encoding:
      - chunked
      vary:
      - Accept-Encoding
      x-content-type-options:
      - nosniff
      x-ms-arm-service-request-id:
      - 94b6b9c8-73e2-410a-aee4-c779c5270653
    status:
      code: 200
      message: OK
- request:
    body: "{\"properties\": {\"parameters\": {\"name\": {\"value\": \"test-lb\"},
      \"location\": {\"value\": \"westus\"}, \"privateIPAllocationMethod\": {\"value\":
      \"Dynamic\"}, \"tags\": {\"value\": {\"key\": \"super=value\"}}, \"subnetId\":
      {\"value\": \"/subscriptions/00000000-0000-0000-0000-000000000000/resourceGroups/cli_test_deployment000001/providers/Microsoft.Network/virtualNetworks/vnet1/subnets/subnet1\"},
      \"backendAddressPools\": {\"value\": [{\"name\": \"bepool1\"}, {\"name\": \"bepool2\"}]}},
      \"mode\": \"Incremental\", template:{\r\n  \"$schema\": \"http://schema.management.azure.com/schemas/2015-01-01/deploymentTemplate.json#\",\r\n
      \ \"contentVersion\": \"1.0.0.0\",\r\n  \"parameters\": {\r\n    \"name\": {\r\n
      \     \"type\": \"string\"\r\n    },\r\n    \"location\": {\r\n      \"type\":
      \"string\"\r\n    },\r\n    \"subnetId\": {\r\n      \"type\": \"string\"\r\n
      \   },\r\n    \"privateIPAllocationMethod\": {\r\n      \"type\": \"string\"\r\n
      \   },\r\n    \"backendAddressPools\": {\r\n      \"type\": \"array\"\r\n    },\r\n
      \   \"tags\": {\r\n      \"type\": \"object\"\r\n    }\r\n  },\r\n  \"resources\":
      [\r\n    {\r\n      \"apiVersion\": \"2016-03-30\",\r\n      \"dependsOn\":
      [ ],\r\n      \"location\": \"[parameters('location')]\",\r\n      \"name\":
      \"[parameters('name')]\",\r\n      \"properties\": {\r\n        \"frontendIPConfigurations\":
      [\r\n          {\r\n            \"name\": \"LoadBalancerFrontEnd\",\r\n            \"properties\":
      {\r\n              \"privateIPAllocationMethod\": \"[parameters('privateIPAllocationMethod')]\",\r\n
      \             \"subnet\": {\r\n                \"id\": \"[parameters('subnetId')]\"\r\n
      \             }\r\n            }\r\n          }\r\n        ],\r\n        \"backendAddressPools\":
      \"[parameters('backendAddressPools')]\"\r\n      },\r\n      \"tags\": \"[parameters('tags')]\",\r\n
      \     \"type\": \"Microsoft.Network/loadBalancers\"\r\n    }\r\n  ] // comment\r\n}}}"
    headers:
      Accept:
      - application/json
      Accept-Encoding:
      - gzip, deflate
      CommandName:
      - group deployment validate
      Connection:
      - keep-alive
      Content-Length:
      - '1701'
      Content-Type:
      - application/json
      ParameterSetName:
      - -g --template-file --parameters --parameters --parameters
      User-Agent:
      - AZURECLI/2.39.0 (PIP) azsdk-python-azure-mgmt-resource/21.1.0b1 Python/3.8.10
        (Windows-10-10.0.19044-SP0)
    method: POST
    uri: https://management.azure.com/subscriptions/00000000-0000-0000-0000-000000000000/resourcegroups/cli_test_deployment000001/providers/Microsoft.Resources/deployments/mock-deployment/validate?api-version=2021-04-01
  response:
    body:
      string: '{"id":"/subscriptions/00000000-0000-0000-0000-000000000000/resourceGroups/cli_test_deployment000001/providers/Microsoft.Resources/deployments/deployment_dry_run","name":"deployment_dry_run","type":"Microsoft.Resources/deployments","properties":{"templateHash":"11236209354464700424","parameters":{"name":{"type":"String","value":"test-lb"},"location":{"type":"String","value":"westus"},"subnetId":{"type":"String","value":"/subscriptions/00000000-0000-0000-0000-000000000000/resourceGroups/cli_test_deployment000001/providers/Microsoft.Network/virtualNetworks/vnet1/subnets/subnet1"},"privateIPAllocationMethod":{"type":"String","value":"Dynamic"},"backendAddressPools":{"type":"Array","value":[{"name":"bepool1"},{"name":"bepool2"}]},"tags":{"type":"Object","value":{"key":"super=value"}}},"mode":"Incremental","provisioningState":"Succeeded","timestamp":"0001-01-01T00:00:00Z","duration":"PT0S","correlationId":"169db362-c3c9-413c-bb97-be07f78ada99","providers":[{"namespace":"Microsoft.Network","resourceTypes":[{"resourceType":"loadBalancers","locations":["westus"]}]}],"dependencies":[],"validatedResources":[{"id":"/subscriptions/00000000-0000-0000-0000-000000000000/resourceGroups/cli_test_deployment000001/providers/Microsoft.Network/loadBalancers/test-lb"}]}}'
    headers:
      cache-control:
      - no-cache
      content-length:
      - '1268'
      content-type:
      - application/json; charset=utf-8
      date:
      - Sun, 28 Aug 2022 18:06:36 GMT
      expires:
      - '-1'
      pragma:
      - no-cache
      strict-transport-security:
      - max-age=31536000; includeSubDomains
      transfer-encoding:
      - chunked
      vary:
      - Accept-Encoding
      x-content-type-options:
      - nosniff
      x-ms-ratelimit-remaining-subscription-writes:
      - '1199'
    status:
      code: 200
      message: OK
- request:
    body: null
    headers:
      Connection:
      - close
      Host:
      - raw.githubusercontent.com
      User-Agent:
      - Python-urllib/3.8
    method: GET
    uri: https://raw.githubusercontent.com/Azure/azure-cli/dev/src/azure-cli/azure/cli/command_modules/resource/tests/latest/test-params.json
  response:
    body:
      string: "{\n  \"$schema\": \"https://schema.management.azure.com/schemas/2015-01-01/deploymentParameters.json#\",\n
        \ \"contentVersion\": \"1.0.0.0\",\n  \"parameters\": {\n    \"name\": {\n
        \     \"value\": \"test-lb\"\n    },\n    \"location\": {\n      \"value\":
        \"westus\"\n    },\n    \"privateIPAllocationMethod\": {\n      \"value\":
        \"Dynamic\"\n    },\n    \"tags\": {\n      \"value\": {\n        \"key\":
        \"super=value\"\n      }\n    }\n  }\n}"
    headers:
      accept-ranges:
      - bytes
      access-control-allow-origin:
      - '*'
      cache-control:
      - max-age=300
      connection:
      - close
      content-length:
      - '390'
      content-security-policy:
      - default-src 'none'; style-src 'unsafe-inline'; sandbox
      content-type:
      - text/plain; charset=utf-8
      date:
      - Sun, 28 Aug 2022 18:06:38 GMT
      etag:
      - '"1c23f331a1fb7e4cfba7c70e002f81f4096234811e9470479a537be84a009123"'
      expires:
      - Sun, 28 Aug 2022 18:11:38 GMT
      source-age:
      - '0'
      strict-transport-security:
      - max-age=31536000
      vary:
      - Authorization,Accept-Encoding,Origin
      via:
      - 1.1 varnish
      x-cache:
      - MISS
      x-cache-hits:
      - '0'
      x-content-type-options:
      - nosniff
      x-fastly-request-id:
      - 269df1c50ce5822cf7a3feb82498dd6cd0c6df79
      x-frame-options:
      - deny
      x-github-request-id:
      - 1B16:5A92:A31350:D8A996:630BAEAE
      x-served-by:
      - cache-qpg1259-QPG
      x-timer:
      - S1661709998.935492,VS0,VE380
      x-xss-protection:
      - 1; mode=block
    status:
      code: 200
      message: OK
- request:
    body: "{\"properties\": {\"parameters\": {\"name\": {\"value\": \"test-lb\"},
      \"location\": {\"value\": \"westus\"}, \"privateIPAllocationMethod\": {\"value\":
      \"Dynamic\"}, \"tags\": {\"value\": {\"key\": \"super=value\"}}, \"subnetId\":
      {\"value\": \"/subscriptions/00000000-0000-0000-0000-000000000000/resourceGroups/cli_test_deployment000001/providers/Microsoft.Network/virtualNetworks/vnet1/subnets/subnet1\"},
      \"backendAddressPools\": {\"value\": [{\"name\": \"bepool1\"}, {\"name\": \"bepool2\"}]}},
      \"mode\": \"Incremental\", template:{\r\n  \"$schema\": \"http://schema.management.azure.com/schemas/2015-01-01/deploymentTemplate.json#\",\r\n
      \ \"contentVersion\": \"1.0.0.0\",\r\n  \"parameters\": {\r\n    \"name\": {\r\n
      \     \"type\": \"string\"\r\n    },\r\n    \"location\": {\r\n      \"type\":
      \"string\"\r\n    },\r\n    \"subnetId\": {\r\n      \"type\": \"string\"\r\n
      \   },\r\n    \"privateIPAllocationMethod\": {\r\n      \"type\": \"string\"\r\n
      \   },\r\n    \"backendAddressPools\": {\r\n      \"type\": \"array\"\r\n    },\r\n
      \   \"tags\": {\r\n      \"type\": \"object\"\r\n    }\r\n  },\r\n  \"resources\":
      [\r\n    {\r\n      \"apiVersion\": \"2016-03-30\",\r\n      \"dependsOn\":
      [ ],\r\n      \"location\": \"[parameters('location')]\",\r\n      \"name\":
      \"[parameters('name')]\",\r\n      \"properties\": {\r\n        \"frontendIPConfigurations\":
      [\r\n          {\r\n            \"name\": \"LoadBalancerFrontEnd\",\r\n            \"properties\":
      {\r\n              \"privateIPAllocationMethod\": \"[parameters('privateIPAllocationMethod')]\",\r\n
      \             \"subnet\": {\r\n                \"id\": \"[parameters('subnetId')]\"\r\n
      \             }\r\n            }\r\n          }\r\n        ],\r\n        \"backendAddressPools\":
      \"[parameters('backendAddressPools')]\"\r\n      },\r\n      \"tags\": \"[parameters('tags')]\",\r\n
      \     \"type\": \"Microsoft.Network/loadBalancers\"\r\n    }\r\n  ] // comment\r\n}}}"
    headers:
      Accept:
      - application/json
      Accept-Encoding:
      - gzip, deflate
      CommandName:
      - group deployment validate
      Connection:
      - keep-alive
      Content-Length:
      - '1701'
      Content-Type:
      - application/json
      ParameterSetName:
      - -g --template-file --parameters --parameters --parameters
      User-Agent:
      - AZURECLI/2.39.0 (PIP) azsdk-python-azure-mgmt-resource/21.1.0b1 Python/3.8.10
        (Windows-10-10.0.19044-SP0)
    method: POST
    uri: https://management.azure.com/subscriptions/00000000-0000-0000-0000-000000000000/resourcegroups/cli_test_deployment000001/providers/Microsoft.Resources/deployments/mock-deployment/validate?api-version=2021-04-01
  response:
    body:
      string: '{"id":"/subscriptions/00000000-0000-0000-0000-000000000000/resourceGroups/cli_test_deployment000001/providers/Microsoft.Resources/deployments/deployment_dry_run","name":"deployment_dry_run","type":"Microsoft.Resources/deployments","properties":{"templateHash":"11236209354464700424","parameters":{"name":{"type":"String","value":"test-lb"},"location":{"type":"String","value":"westus"},"subnetId":{"type":"String","value":"/subscriptions/00000000-0000-0000-0000-000000000000/resourceGroups/cli_test_deployment000001/providers/Microsoft.Network/virtualNetworks/vnet1/subnets/subnet1"},"privateIPAllocationMethod":{"type":"String","value":"Dynamic"},"backendAddressPools":{"type":"Array","value":[{"name":"bepool1"},{"name":"bepool2"}]},"tags":{"type":"Object","value":{"key":"super=value"}}},"mode":"Incremental","provisioningState":"Succeeded","timestamp":"0001-01-01T00:00:00Z","duration":"PT0S","correlationId":"3c9b8559-7d27-498d-8983-3ea74dee2ae0","providers":[{"namespace":"Microsoft.Network","resourceTypes":[{"resourceType":"loadBalancers","locations":["westus"]}]}],"dependencies":[],"validatedResources":[{"id":"/subscriptions/00000000-0000-0000-0000-000000000000/resourceGroups/cli_test_deployment000001/providers/Microsoft.Network/loadBalancers/test-lb"}]}}'
    headers:
      cache-control:
      - no-cache
      content-length:
      - '1268'
      content-type:
      - application/json; charset=utf-8
      date:
      - Sun, 28 Aug 2022 18:06:40 GMT
      expires:
      - '-1'
      pragma:
      - no-cache
      strict-transport-security:
      - max-age=31536000; includeSubDomains
      transfer-encoding:
      - chunked
      vary:
      - Accept-Encoding
      x-content-type-options:
      - nosniff
      x-ms-ratelimit-remaining-subscription-writes:
      - '1199'
    status:
      code: 200
      message: OK
- request:
    body: "{\"properties\": {\"parameters\": {\"name\": {\"value\": \"test-lb\"},
      \"location\": {\"value\": \"westus\"}, \"privateIPAllocationMethod\": {\"value\":
      \"Dynamic\"}, \"tags\": {\"value\": {\"key\": \"super=value\"}}, \"subnetId\":
      {\"value\": \"/subscriptions/00000000-0000-0000-0000-000000000000/resourceGroups/cli_test_deployment000001/providers/Microsoft.Network/virtualNetworks/vnet1/subnets/subnet1\"},
      \"backendAddressPools\": {\"value\": [{\"name\": \"bepool1\"}, {\"name\": \"bepool2\"}]}},
      \"mode\": \"Incremental\", template:{\r\n  \"$schema\": \"http://schema.management.azure.com/schemas/2015-01-01/deploymentTemplate.json#\",\r\n
      \ \"contentVersion\": \"1.0.0.0\",\r\n  \"parameters\": {\r\n    \"name\": {\r\n
      \     \"type\": \"string\"\r\n    },\r\n    \"location\": {\r\n      \"type\":
      \"string\"\r\n    },\r\n    \"subnetId\": {\r\n      \"type\": \"string\"\r\n
      \   },\r\n    \"privateIPAllocationMethod\": {\r\n      \"type\": \"string\"\r\n
      \   },\r\n    \"backendAddressPools\": {\r\n      \"type\": \"array\"\r\n    },\r\n
      \   \"tags\": {\r\n      \"type\": \"object\"\r\n    }\r\n  },\r\n  \"resources\":
      [\r\n    {\r\n      \"apiVersion\": \"2016-03-30\",\r\n      \"dependsOn\":
      [ ],\r\n      \"location\": \"[parameters('location')]\",\r\n      \"name\":
      \"[parameters('name')]\",\r\n      \"properties\": {\r\n        \"frontendIPConfigurations\":
      [\r\n          {\r\n            \"name\": \"LoadBalancerFrontEnd\",\r\n            \"properties\":
      {\r\n              \"privateIPAllocationMethod\": \"[parameters('privateIPAllocationMethod')]\",\r\n
      \             \"subnet\": {\r\n                \"id\": \"[parameters('subnetId')]\"\r\n
      \             }\r\n            }\r\n          }\r\n        ],\r\n        \"backendAddressPools\":
      \"[parameters('backendAddressPools')]\"\r\n      },\r\n      \"tags\": \"[parameters('tags')]\",\r\n
      \     \"type\": \"Microsoft.Network/loadBalancers\"\r\n    }\r\n  ] // comment\r\n}}}"
    headers:
      Accept:
      - application/json
      Accept-Encoding:
      - gzip, deflate
      CommandName:
      - group deployment create
      Connection:
      - keep-alive
      Content-Length:
      - '1701'
      Content-Type:
      - application/json
      ParameterSetName:
      - -g -n --template-file --parameters --parameters --parameters
      User-Agent:
      - AZURECLI/2.39.0 (PIP) azsdk-python-azure-mgmt-resource/21.1.0b1 Python/3.8.10
        (Windows-10-10.0.19044-SP0)
    method: POST
    uri: https://management.azure.com/subscriptions/00000000-0000-0000-0000-000000000000/resourcegroups/cli_test_deployment000001/providers/Microsoft.Resources/deployments/mock-deployment/validate?api-version=2021-04-01
  response:
    body:
      string: '{"id":"/subscriptions/00000000-0000-0000-0000-000000000000/resourceGroups/cli_test_deployment000001/providers/Microsoft.Resources/deployments/azure-cli-deployment","name":"azure-cli-deployment","type":"Microsoft.Resources/deployments","properties":{"templateHash":"11236209354464700424","parameters":{"name":{"type":"String","value":"test-lb"},"location":{"type":"String","value":"westus"},"subnetId":{"type":"String","value":"/subscriptions/00000000-0000-0000-0000-000000000000/resourceGroups/cli_test_deployment000001/providers/Microsoft.Network/virtualNetworks/vnet1/subnets/subnet1"},"privateIPAllocationMethod":{"type":"String","value":"Dynamic"},"backendAddressPools":{"type":"Array","value":[{"name":"bepool1"},{"name":"bepool2"}]},"tags":{"type":"Object","value":{"key":"super=value"}}},"mode":"Incremental","provisioningState":"Succeeded","timestamp":"0001-01-01T00:00:00Z","duration":"PT0S","correlationId":"1256f017-0fe2-4148-bdd8-a48d95261e17","providers":[{"namespace":"Microsoft.Network","resourceTypes":[{"resourceType":"loadBalancers","locations":["westus"]}]}],"dependencies":[],"validatedResources":[{"id":"/subscriptions/00000000-0000-0000-0000-000000000000/resourceGroups/cli_test_deployment000001/providers/Microsoft.Network/loadBalancers/test-lb"}]}}'
    headers:
      cache-control:
      - no-cache
      content-length:
      - '1272'
      content-type:
      - application/json; charset=utf-8
      date:
      - Sun, 28 Aug 2022 18:06:46 GMT
      expires:
      - '-1'
      pragma:
      - no-cache
      strict-transport-security:
      - max-age=31536000; includeSubDomains
      transfer-encoding:
      - chunked
      vary:
      - Accept-Encoding
      x-content-type-options:
      - nosniff
      x-ms-ratelimit-remaining-subscription-writes:
      - '1199'
    status:
      code: 200
      message: OK
- request:
    body: "{\"properties\": {\"parameters\": {\"name\": {\"value\": \"test-lb\"},
      \"location\": {\"value\": \"westus\"}, \"privateIPAllocationMethod\": {\"value\":
      \"Dynamic\"}, \"tags\": {\"value\": {\"key\": \"super=value\"}}, \"subnetId\":
      {\"value\": \"/subscriptions/00000000-0000-0000-0000-000000000000/resourceGroups/cli_test_deployment000001/providers/Microsoft.Network/virtualNetworks/vnet1/subnets/subnet1\"},
      \"backendAddressPools\": {\"value\": [{\"name\": \"bepool1\"}, {\"name\": \"bepool2\"}]}},
      \"mode\": \"Incremental\", template:{\r\n  \"$schema\": \"http://schema.management.azure.com/schemas/2015-01-01/deploymentTemplate.json#\",\r\n
      \ \"contentVersion\": \"1.0.0.0\",\r\n  \"parameters\": {\r\n    \"name\": {\r\n
      \     \"type\": \"string\"\r\n    },\r\n    \"location\": {\r\n      \"type\":
      \"string\"\r\n    },\r\n    \"subnetId\": {\r\n      \"type\": \"string\"\r\n
      \   },\r\n    \"privateIPAllocationMethod\": {\r\n      \"type\": \"string\"\r\n
      \   },\r\n    \"backendAddressPools\": {\r\n      \"type\": \"array\"\r\n    },\r\n
      \   \"tags\": {\r\n      \"type\": \"object\"\r\n    }\r\n  },\r\n  \"resources\":
      [\r\n    {\r\n      \"apiVersion\": \"2016-03-30\",\r\n      \"dependsOn\":
      [ ],\r\n      \"location\": \"[parameters('location')]\",\r\n      \"name\":
      \"[parameters('name')]\",\r\n      \"properties\": {\r\n        \"frontendIPConfigurations\":
      [\r\n          {\r\n            \"name\": \"LoadBalancerFrontEnd\",\r\n            \"properties\":
      {\r\n              \"privateIPAllocationMethod\": \"[parameters('privateIPAllocationMethod')]\",\r\n
      \             \"subnet\": {\r\n                \"id\": \"[parameters('subnetId')]\"\r\n
      \             }\r\n            }\r\n          }\r\n        ],\r\n        \"backendAddressPools\":
      \"[parameters('backendAddressPools')]\"\r\n      },\r\n      \"tags\": \"[parameters('tags')]\",\r\n
      \     \"type\": \"Microsoft.Network/loadBalancers\"\r\n    }\r\n  ] // comment\r\n}}}"
    headers:
      Accept:
      - application/json
      Accept-Encoding:
      - gzip, deflate
      CommandName:
      - group deployment create
      Connection:
      - keep-alive
      Content-Length:
      - '1701'
      Content-Type:
      - application/json
      ParameterSetName:
      - -g -n --template-file --parameters --parameters --parameters
      User-Agent:
      - AZURECLI/2.39.0 (PIP) azsdk-python-azure-mgmt-resource/21.1.0b1 Python/3.8.10
        (Windows-10-10.0.19044-SP0)
    method: PUT
    uri: https://management.azure.com/subscriptions/00000000-0000-0000-0000-000000000000/resourcegroups/cli_test_deployment000001/providers/Microsoft.Resources/deployments/mock-deployment?api-version=2021-04-01
  response:
    body:
      string: '{"id":"/subscriptions/00000000-0000-0000-0000-000000000000/resourceGroups/cli_test_deployment000001/providers/Microsoft.Resources/deployments/azure-cli-deployment","name":"azure-cli-deployment","type":"Microsoft.Resources/deployments","properties":{"templateHash":"11236209354464700424","parameters":{"name":{"type":"String","value":"test-lb"},"location":{"type":"String","value":"westus"},"subnetId":{"type":"String","value":"/subscriptions/00000000-0000-0000-0000-000000000000/resourceGroups/cli_test_deployment000001/providers/Microsoft.Network/virtualNetworks/vnet1/subnets/subnet1"},"privateIPAllocationMethod":{"type":"String","value":"Dynamic"},"backendAddressPools":{"type":"Array","value":[{"name":"bepool1"},{"name":"bepool2"}]},"tags":{"type":"Object","value":{"key":"super=value"}}},"mode":"Incremental","provisioningState":"Accepted","timestamp":"2022-08-28T18:06:51.0859873Z","duration":"PT0.0006736S","correlationId":"594dcba7-4ebb-405b-8733-240ed4f19fea","providers":[{"namespace":"Microsoft.Network","resourceTypes":[{"resourceType":"loadBalancers","locations":["westus"]}]}],"dependencies":[]}}'
    headers:
      azure-asyncoperation:
      - https://management.azure.com/subscriptions/00000000-0000-0000-0000-000000000000/resourcegroups/cli_test_deployment000001/providers/Microsoft.Resources/deployments/azure-cli-deployment/operationStatuses/08585398968764851619?api-version=2021-04-01
      cache-control:
      - no-cache
      content-length:
      - '1112'
      content-type:
      - application/json; charset=utf-8
      date:
      - Sun, 28 Aug 2022 18:06:52 GMT
      expires:
      - '-1'
      pragma:
      - no-cache
      strict-transport-security:
      - max-age=31536000; includeSubDomains
      x-content-type-options:
      - nosniff
      x-ms-ratelimit-remaining-subscription-writes:
      - '1195'
    status:
      code: 201
      message: Created
- request:
    body: null
    headers:
      Accept:
      - '*/*'
      Accept-Encoding:
      - gzip, deflate
      CommandName:
      - group deployment create
      Connection:
      - keep-alive
      ParameterSetName:
      - -g -n --template-file --parameters --parameters --parameters
      User-Agent:
      - AZURECLI/2.39.0 (PIP) azsdk-python-azure-mgmt-resource/21.1.0b1 Python/3.8.10
        (Windows-10-10.0.19044-SP0)
    method: GET
    uri: https://management.azure.com/subscriptions/00000000-0000-0000-0000-000000000000/resourcegroups/cli_test_deployment000001/providers/Microsoft.Resources/deployments/mock-deployment/operationStatuses/08585398968764851619?api-version=2021-04-01
  response:
    body:
      string: '{"status":"Succeeded"}'
    headers:
      cache-control:
      - no-cache
      content-length:
      - '22'
      content-type:
      - application/json; charset=utf-8
      date:
      - Sun, 28 Aug 2022 18:07:22 GMT
      expires:
      - '-1'
      pragma:
      - no-cache
      strict-transport-security:
      - max-age=31536000; includeSubDomains
      vary:
      - Accept-Encoding
      x-content-type-options:
      - nosniff
    status:
      code: 200
      message: OK
- request:
    body: null
    headers:
      Accept:
      - '*/*'
      Accept-Encoding:
      - gzip, deflate
      CommandName:
      - group deployment create
      Connection:
      - keep-alive
      ParameterSetName:
      - -g -n --template-file --parameters --parameters --parameters
      User-Agent:
      - AZURECLI/2.39.0 (PIP) azsdk-python-azure-mgmt-resource/21.1.0b1 Python/3.8.10
        (Windows-10-10.0.19044-SP0)
    method: GET
    uri: https://management.azure.com/subscriptions/00000000-0000-0000-0000-000000000000/resourcegroups/cli_test_deployment000001/providers/Microsoft.Resources/deployments/mock-deployment?api-version=2021-04-01
  response:
    body:
      string: '{"id":"/subscriptions/00000000-0000-0000-0000-000000000000/resourceGroups/cli_test_deployment000001/providers/Microsoft.Resources/deployments/azure-cli-deployment","name":"azure-cli-deployment","type":"Microsoft.Resources/deployments","properties":{"templateHash":"11236209354464700424","parameters":{"name":{"type":"String","value":"test-lb"},"location":{"type":"String","value":"westus"},"subnetId":{"type":"String","value":"/subscriptions/00000000-0000-0000-0000-000000000000/resourceGroups/cli_test_deployment000001/providers/Microsoft.Network/virtualNetworks/vnet1/subnets/subnet1"},"privateIPAllocationMethod":{"type":"String","value":"Dynamic"},"backendAddressPools":{"type":"Array","value":[{"name":"bepool1"},{"name":"bepool2"}]},"tags":{"type":"Object","value":{"key":"super=value"}}},"mode":"Incremental","provisioningState":"Succeeded","timestamp":"2022-08-28T18:07:00.281323Z","duration":"PT9.1960093S","correlationId":"594dcba7-4ebb-405b-8733-240ed4f19fea","providers":[{"namespace":"Microsoft.Network","resourceTypes":[{"resourceType":"loadBalancers","locations":["westus"]}]}],"dependencies":[],"outputResources":[{"id":"/subscriptions/00000000-0000-0000-0000-000000000000/resourceGroups/cli_test_deployment000001/providers/Microsoft.Network/loadBalancers/test-lb"}]}}'
    headers:
      cache-control:
      - no-cache
      content-length:
      - '1284'
      content-type:
      - application/json; charset=utf-8
      date:
      - Sun, 28 Aug 2022 18:07:23 GMT
      expires:
      - '-1'
      pragma:
      - no-cache
      strict-transport-security:
      - max-age=31536000; includeSubDomains
      vary:
      - Accept-Encoding
      x-content-type-options:
      - nosniff
    status:
      code: 200
      message: OK
- request:
    body: null
    headers:
      Accept:
      - application/json
      Accept-Encoding:
      - gzip, deflate
      CommandName:
      - network lb show
      Connection:
      - keep-alive
      ParameterSetName:
      - -g -n
      User-Agent:
      - AZURECLI/2.39.0 (PIP) azsdk-python-azure-mgmt-network/21.0.1 Python/3.8.10
        (Windows-10-10.0.19044-SP0)
    method: GET
    uri: https://management.azure.com/subscriptions/00000000-0000-0000-0000-000000000000/resourceGroups/cli_test_deployment000001/providers/Microsoft.Network/loadBalancers/test-lb?api-version=2022-01-01
  response:
    body:
      string: "{\r\n  \"name\": \"test-lb\",\r\n  \"id\": \"/subscriptions/00000000-0000-0000-0000-000000000000/resourceGroups/cli_test_deployment000001/providers/Microsoft.Network/loadBalancers/test-lb\",\r\n
        \ \"etag\": \"W/\\\"4beca323-5088-499b-b008-d077ebb42624\\\"\",\r\n  \"type\":
        \"Microsoft.Network/loadBalancers\",\r\n  \"location\": \"westus\",\r\n  \"tags\":
        {\r\n    \"key\": \"super=value\"\r\n  },\r\n  \"properties\": {\r\n    \"provisioningState\":
        \"Succeeded\",\r\n    \"resourceGuid\": \"0194c0ff-6de7-41d0-a7f8-8cad8bdf6952\",\r\n
        \   \"frontendIPConfigurations\": [\r\n      {\r\n        \"name\": \"LoadBalancerFrontEnd\",\r\n
        \       \"id\": \"/subscriptions/00000000-0000-0000-0000-000000000000/resourceGroups/cli_test_deployment000001/providers/Microsoft.Network/loadBalancers/test-lb/frontendIPConfigurations/LoadBalancerFrontEnd\",\r\n
        \       \"etag\": \"W/\\\"4beca323-5088-499b-b008-d077ebb42624\\\"\",\r\n
        \       \"type\": \"Microsoft.Network/loadBalancers/frontendIPConfigurations\",\r\n
        \       \"properties\": {\r\n          \"provisioningState\": \"Succeeded\",\r\n
        \         \"privateIPAddress\": \"10.0.0.4\",\r\n          \"privateIPAllocationMethod\":
        \"Dynamic\",\r\n          \"subnet\": {\r\n            \"id\": \"/subscriptions/00000000-0000-0000-0000-000000000000/resourceGroups/cli_test_deployment000001/providers/Microsoft.Network/virtualNetworks/vnet1/subnets/subnet1\"\r\n
        \         },\r\n          \"privateIPAddressVersion\": \"IPv4\"\r\n        }\r\n
        \     }\r\n    ],\r\n    \"backendAddressPools\": [\r\n      {\r\n        \"name\":
        \"bepool1\",\r\n        \"id\": \"/subscriptions/00000000-0000-0000-0000-000000000000/resourceGroups/cli_test_deployment000001/providers/Microsoft.Network/loadBalancers/test-lb/backendAddressPools/bepool1\",\r\n
        \       \"etag\": \"W/\\\"4beca323-5088-499b-b008-d077ebb42624\\\"\",\r\n
        \       \"properties\": {\r\n          \"provisioningState\": \"Succeeded\"\r\n
        \       },\r\n        \"type\": \"Microsoft.Network/loadBalancers/backendAddressPools\"\r\n
        \     },\r\n      {\r\n        \"name\": \"bepool2\",\r\n        \"id\": \"/subscriptions/00000000-0000-0000-0000-000000000000/resourceGroups/cli_test_deployment000001/providers/Microsoft.Network/loadBalancers/test-lb/backendAddressPools/bepool2\",\r\n
        \       \"etag\": \"W/\\\"4beca323-5088-499b-b008-d077ebb42624\\\"\",\r\n
        \       \"properties\": {\r\n          \"provisioningState\": \"Succeeded\"\r\n
        \       },\r\n        \"type\": \"Microsoft.Network/loadBalancers/backendAddressPools\"\r\n
        \     }\r\n    ],\r\n    \"loadBalancingRules\": [],\r\n    \"probes\": [],\r\n
        \   \"inboundNatRules\": [],\r\n    \"inboundNatPools\": []\r\n  },\r\n  \"sku\":
        {\r\n    \"name\": \"Basic\",\r\n    \"tier\": \"Regional\"\r\n  }\r\n}"
    headers:
      cache-control:
      - no-cache
      content-length:
      - '2472'
      content-type:
      - application/json; charset=utf-8
      date:
      - Sun, 28 Aug 2022 18:07:24 GMT
      etag:
      - W/"4beca323-5088-499b-b008-d077ebb42624"
      expires:
      - '-1'
      pragma:
      - no-cache
      server:
      - Microsoft-HTTPAPI/2.0
      - Microsoft-HTTPAPI/2.0
      strict-transport-security:
      - max-age=31536000; includeSubDomains
      transfer-encoding:
      - chunked
      vary:
      - Accept-Encoding
      x-content-type-options:
      - nosniff
      x-ms-arm-service-request-id:
      - 6f75b871-8f90-4262-84ff-02a3f4be37c7
    status:
      code: 200
      message: OK
- request:
    body: null
    headers:
      Accept:
      - application/json
      Accept-Encoding:
      - gzip, deflate
      CommandName:
      - group deployment list
      Connection:
      - keep-alive
      ParameterSetName:
      - -g
      User-Agent:
      - AZURECLI/2.39.0 (PIP) azsdk-python-azure-mgmt-resource/21.1.0b1 Python/3.8.10
        (Windows-10-10.0.19044-SP0)
    method: GET
    uri: https://management.azure.com/subscriptions/00000000-0000-0000-0000-000000000000/resourcegroups/cli_test_deployment000001/providers/Microsoft.Resources/deployments/?api-version=2021-04-01
  response:
    body:
      string: '{"value":[{"id":"/subscriptions/00000000-0000-0000-0000-000000000000/resourceGroups/cli_test_deployment000001/providers/Microsoft.Resources/deployments/azure-cli-deployment","name":"azure-cli-deployment","type":"Microsoft.Resources/deployments","properties":{"templateHash":"11236209354464700424","parameters":{"name":{"type":"String","value":"test-lb"},"location":{"type":"String","value":"westus"},"subnetId":{"type":"String","value":"/subscriptions/00000000-0000-0000-0000-000000000000/resourceGroups/cli_test_deployment000001/providers/Microsoft.Network/virtualNetworks/vnet1/subnets/subnet1"},"privateIPAllocationMethod":{"type":"String","value":"Dynamic"},"backendAddressPools":{"type":"Array","value":[{"name":"bepool1"},{"name":"bepool2"}]},"tags":{"type":"Object","value":{"key":"super=value"}}},"mode":"Incremental","provisioningState":"Succeeded","timestamp":"2022-08-28T18:07:00.281323Z","duration":"PT9.1960093S","correlationId":"594dcba7-4ebb-405b-8733-240ed4f19fea","providers":[{"namespace":"Microsoft.Network","resourceTypes":[{"resourceType":"loadBalancers","locations":["westus"]}]}],"dependencies":[],"outputResources":[{"id":"/subscriptions/00000000-0000-0000-0000-000000000000/resourceGroups/cli_test_deployment000001/providers/Microsoft.Network/loadBalancers/test-lb"}]}}]}'
    headers:
      cache-control:
      - no-cache
      content-length:
      - '1296'
      content-type:
      - application/json; charset=utf-8
      date:
      - Sun, 28 Aug 2022 18:07:27 GMT
      expires:
      - '-1'
      pragma:
      - no-cache
      strict-transport-security:
      - max-age=31536000; includeSubDomains
      vary:
      - Accept-Encoding
      x-content-type-options:
      - nosniff
    status:
      code: 200
      message: OK
- request:
    body: null
    headers:
      Accept:
      - application/json
      Accept-Encoding:
      - gzip, deflate
      CommandName:
      - group deployment list
      Connection:
      - keep-alive
      ParameterSetName:
      - -g --filter
      User-Agent:
      - AZURECLI/2.39.0 (PIP) azsdk-python-azure-mgmt-resource/21.1.0b1 Python/3.8.10
        (Windows-10-10.0.19044-SP0)
    method: GET
    uri: https://management.azure.com/subscriptions/00000000-0000-0000-0000-000000000000/resourcegroups/cli_test_deployment000001/providers/Microsoft.Resources/deployments/?$filter=provisioningState%20eq%20%27Succeeded%27&api-version=2021-04-01
  response:
    body:
      string: '{"value":[{"id":"/subscriptions/00000000-0000-0000-0000-000000000000/resourceGroups/cli_test_deployment000001/providers/Microsoft.Resources/deployments/azure-cli-deployment","name":"azure-cli-deployment","type":"Microsoft.Resources/deployments","properties":{"templateHash":"11236209354464700424","parameters":{"name":{"type":"String","value":"test-lb"},"location":{"type":"String","value":"westus"},"subnetId":{"type":"String","value":"/subscriptions/00000000-0000-0000-0000-000000000000/resourceGroups/cli_test_deployment000001/providers/Microsoft.Network/virtualNetworks/vnet1/subnets/subnet1"},"privateIPAllocationMethod":{"type":"String","value":"Dynamic"},"backendAddressPools":{"type":"Array","value":[{"name":"bepool1"},{"name":"bepool2"}]},"tags":{"type":"Object","value":{"key":"super=value"}}},"mode":"Incremental","provisioningState":"Succeeded","timestamp":"2022-08-28T18:07:00.281323Z","duration":"PT9.1960093S","correlationId":"594dcba7-4ebb-405b-8733-240ed4f19fea","providers":[{"namespace":"Microsoft.Network","resourceTypes":[{"resourceType":"loadBalancers","locations":["westus"]}]}],"dependencies":[],"outputResources":[{"id":"/subscriptions/00000000-0000-0000-0000-000000000000/resourceGroups/cli_test_deployment000001/providers/Microsoft.Network/loadBalancers/test-lb"}]}}]}'
    headers:
      cache-control:
      - no-cache
      content-length:
      - '1296'
      content-type:
      - application/json; charset=utf-8
      date:
      - Sun, 28 Aug 2022 18:07:29 GMT
      expires:
      - '-1'
      pragma:
      - no-cache
      strict-transport-security:
      - max-age=31536000; includeSubDomains
      vary:
      - Accept-Encoding
      x-content-type-options:
      - nosniff
    status:
      code: 200
      message: OK
- request:
    body: null
    headers:
      Accept:
      - application/json
      Accept-Encoding:
      - gzip, deflate
      CommandName:
      - group deployment show
      Connection:
      - keep-alive
      ParameterSetName:
      - -g -n
      User-Agent:
      - AZURECLI/2.39.0 (PIP) azsdk-python-azure-mgmt-resource/21.1.0b1 Python/3.8.10
        (Windows-10-10.0.19044-SP0)
    method: GET
    uri: https://management.azure.com/subscriptions/00000000-0000-0000-0000-000000000000/resourcegroups/cli_test_deployment000001/providers/Microsoft.Resources/deployments/mock-deployment?api-version=2021-04-01
  response:
    body:
      string: '{"id":"/subscriptions/00000000-0000-0000-0000-000000000000/resourceGroups/cli_test_deployment000001/providers/Microsoft.Resources/deployments/azure-cli-deployment","name":"azure-cli-deployment","type":"Microsoft.Resources/deployments","properties":{"templateHash":"11236209354464700424","parameters":{"name":{"type":"String","value":"test-lb"},"location":{"type":"String","value":"westus"},"subnetId":{"type":"String","value":"/subscriptions/00000000-0000-0000-0000-000000000000/resourceGroups/cli_test_deployment000001/providers/Microsoft.Network/virtualNetworks/vnet1/subnets/subnet1"},"privateIPAllocationMethod":{"type":"String","value":"Dynamic"},"backendAddressPools":{"type":"Array","value":[{"name":"bepool1"},{"name":"bepool2"}]},"tags":{"type":"Object","value":{"key":"super=value"}}},"mode":"Incremental","provisioningState":"Succeeded","timestamp":"2022-08-28T18:07:00.281323Z","duration":"PT9.1960093S","correlationId":"594dcba7-4ebb-405b-8733-240ed4f19fea","providers":[{"namespace":"Microsoft.Network","resourceTypes":[{"resourceType":"loadBalancers","locations":["westus"]}]}],"dependencies":[],"outputResources":[{"id":"/subscriptions/00000000-0000-0000-0000-000000000000/resourceGroups/cli_test_deployment000001/providers/Microsoft.Network/loadBalancers/test-lb"}]}}'
    headers:
      cache-control:
      - no-cache
      content-length:
      - '1284'
      content-type:
      - application/json; charset=utf-8
      date:
      - Sun, 28 Aug 2022 18:07:30 GMT
      expires:
      - '-1'
      pragma:
      - no-cache
      strict-transport-security:
      - max-age=31536000; includeSubDomains
      vary:
      - Accept-Encoding
      x-content-type-options:
      - nosniff
    status:
      code: 200
      message: OK
- request:
    body: null
    headers:
      Accept:
      - application/json
      Accept-Encoding:
      - gzip, deflate
      CommandName:
      - group deployment operation list
      Connection:
      - keep-alive
      ParameterSetName:
      - -g -n
      User-Agent:
      - AZURECLI/2.39.0 (PIP) azsdk-python-azure-mgmt-resource/21.1.0b1 Python/3.8.10
        (Windows-10-10.0.19044-SP0)
    method: GET
    uri: https://management.azure.com/subscriptions/00000000-0000-0000-0000-000000000000/resourcegroups/cli_test_deployment000001/deployments/mock-deployment/operations?api-version=2021-04-01
  response:
    body:
      string: '{"value":[{"id":"/subscriptions/00000000-0000-0000-0000-000000000000/resourceGroups/cli_test_deployment000001/providers/Microsoft.Resources/deployments/azure-cli-deployment/operations/FC4B36814514FBF6","operationId":"FC4B36814514FBF6","properties":{"provisioningOperation":"Create","provisioningState":"Succeeded","timestamp":"2022-08-28T18:07:00.1930281Z","duration":"PT7.6677006S","trackingId":"224af250-f5f3-417b-ba12-dc55cf906f47","statusCode":"Created","targetResource":{"id":"/subscriptions/00000000-0000-0000-0000-000000000000/resourceGroups/cli_test_deployment000001/providers/Microsoft.Network/loadBalancers/test-lb","resourceType":"Microsoft.Network/loadBalancers","resourceName":"test-lb"}}},{"id":"/subscriptions/00000000-0000-0000-0000-000000000000/resourceGroups/cli_test_deployment000001/providers/Microsoft.Resources/deployments/azure-cli-deployment/operations/08585398968764851619","operationId":"08585398968764851619","properties":{"provisioningOperation":"EvaluateDeploymentOutput","provisioningState":"Succeeded","timestamp":"2022-08-28T18:07:00.2636734Z","duration":"PT7.7383459S","trackingId":"be7a4616-91c8-42bd-825d-7bbd0cac20a8","statusCode":"OK"}}]}'
    headers:
      cache-control:
      - no-cache
      content-length:
      - '1175'
      content-type:
      - application/json; charset=utf-8
      date:
      - Sun, 28 Aug 2022 18:07:33 GMT
      expires:
      - '-1'
      pragma:
      - no-cache
      strict-transport-security:
      - max-age=31536000; includeSubDomains
      vary:
      - Accept-Encoding
      x-content-type-options:
      - nosniff
    status:
      code: 200
      message: OK
- request:
    body: "{\"properties\": {\"parameters\": {\"name\": {\"value\": \"test-lb\"},
      \"location\": {\"value\": \"westus\"}, \"privateIPAllocationMethod\": {\"value\":
      \"Dynamic\"}, \"tags\": {\"value\": {\"key\": \"super=value\"}}, \"subnetId\":
      {\"value\": \"/subscriptions/00000000-0000-0000-0000-000000000000/resourceGroups/cli_test_deployment000001/providers/Microsoft.Network/virtualNetworks/vnet1/subnets/subnet1\"},
      \"backendAddressPools\": {\"value\": [{\"name\": \"bepool1\"}, {\"name\": \"bepool2\"}]}},
      \"mode\": \"Incremental\", template:{\r\n  \"$schema\": \"http://schema.management.azure.com/schemas/2015-01-01/deploymentTemplate.json#\",\r\n
      \ \"contentVersion\": \"1.0.0.0\",\r\n  \"parameters\": {\r\n    \"name\": {\r\n
      \     \"type\": \"string\"\r\n    },\r\n    \"location\": {\r\n      \"type\":
      \"string\"\r\n    },\r\n    \"subnetId\": {\r\n      \"type\": \"string\"\r\n
      \   },\r\n    \"privateIPAllocationMethod\": {\r\n      \"type\": \"string\"\r\n
      \   },\r\n    \"backendAddressPools\": {\r\n      \"type\": \"array\"\r\n    },\r\n
      \   \"tags\": {\r\n      \"type\": \"object\"\r\n    }\r\n  },\r\n  \"resources\":
      [\r\n    {\r\n      \"apiVersion\": \"2016-03-30\",\r\n      \"dependsOn\":
      [ ],\r\n      \"location\": \"[parameters('location')]\",\r\n      \"name\":
      \"[parameters('name')]\",\r\n      \"properties\": {\r\n        \"frontendIPConfigurations\":
      [\r\n          {\r\n            \"name\": \"LoadBalancerFrontEnd\",\r\n            \"properties\":
      {\r\n              \"privateIPAllocationMethod\": \"[parameters('privateIPAllocationMethod')]\",\r\n
      \             \"subnet\": {\r\n                \"id\": \"[parameters('subnetId')]\"\r\n
      \             }\r\n            }\r\n          }\r\n        ],\r\n        \"backendAddressPools\":
      \"[parameters('backendAddressPools')]\"\r\n      },\r\n      \"tags\": \"[parameters('tags')]\",\r\n
      \     \"type\": \"Microsoft.Network/loadBalancers\"\r\n    }\r\n  ] // comment\r\n}}}"
    headers:
      Accept:
      - application/json
      Accept-Encoding:
      - gzip, deflate
      CommandName:
      - group deployment create
      Connection:
      - keep-alive
      Content-Length:
      - '1701'
      Content-Type:
      - application/json
      ParameterSetName:
      - -g -n --template-file --parameters --parameters --parameters --no-wait
      User-Agent:
      - AZURECLI/2.39.0 (PIP) azsdk-python-azure-mgmt-resource/21.1.0b1 Python/3.8.10
        (Windows-10-10.0.19044-SP0)
    method: POST
    uri: https://management.azure.com/subscriptions/00000000-0000-0000-0000-000000000000/resourcegroups/cli_test_deployment000001/providers/Microsoft.Resources/deployments/mock-deployment/validate?api-version=2021-04-01
  response:
    body:
      string: '{"id":"/subscriptions/00000000-0000-0000-0000-000000000000/resourceGroups/cli_test_deployment000001/providers/Microsoft.Resources/deployments/azure-cli-resource-group-deployment2000002","name":"azure-cli-resource-group-deployment2000002","type":"Microsoft.Resources/deployments","properties":{"templateHash":"11236209354464700424","parameters":{"name":{"type":"String","value":"test-lb"},"location":{"type":"String","value":"westus"},"subnetId":{"type":"String","value":"/subscriptions/00000000-0000-0000-0000-000000000000/resourceGroups/cli_test_deployment000001/providers/Microsoft.Network/virtualNetworks/vnet1/subnets/subnet1"},"privateIPAllocationMethod":{"type":"String","value":"Dynamic"},"backendAddressPools":{"type":"Array","value":[{"name":"bepool1"},{"name":"bepool2"}]},"tags":{"type":"Object","value":{"key":"super=value"}}},"mode":"Incremental","provisioningState":"Succeeded","timestamp":"0001-01-01T00:00:00Z","duration":"PT0S","correlationId":"5a607e19-e0b1-4de9-a998-6164ff02ff64","providers":[{"namespace":"Microsoft.Network","resourceTypes":[{"resourceType":"loadBalancers","locations":["westus"]}]}],"dependencies":[],"validatedResources":[{"id":"/subscriptions/00000000-0000-0000-0000-000000000000/resourceGroups/cli_test_deployment000001/providers/Microsoft.Network/loadBalancers/test-lb"}]}}'
    headers:
      cache-control:
      - no-cache
      content-length:
      - '1316'
      content-type:
      - application/json; charset=utf-8
      date:
      - Sun, 28 Aug 2022 18:07:36 GMT
      expires:
      - '-1'
      pragma:
      - no-cache
      strict-transport-security:
      - max-age=31536000; includeSubDomains
      transfer-encoding:
      - chunked
      vary:
      - Accept-Encoding
      x-content-type-options:
      - nosniff
      x-ms-ratelimit-remaining-subscription-writes:
      - '1199'
    status:
      code: 200
      message: OK
- request:
    body: "{\"properties\": {\"parameters\": {\"name\": {\"value\": \"test-lb\"},
      \"location\": {\"value\": \"westus\"}, \"privateIPAllocationMethod\": {\"value\":
      \"Dynamic\"}, \"tags\": {\"value\": {\"key\": \"super=value\"}}, \"subnetId\":
      {\"value\": \"/subscriptions/00000000-0000-0000-0000-000000000000/resourceGroups/cli_test_deployment000001/providers/Microsoft.Network/virtualNetworks/vnet1/subnets/subnet1\"},
      \"backendAddressPools\": {\"value\": [{\"name\": \"bepool1\"}, {\"name\": \"bepool2\"}]}},
      \"mode\": \"Incremental\", template:{\r\n  \"$schema\": \"http://schema.management.azure.com/schemas/2015-01-01/deploymentTemplate.json#\",\r\n
      \ \"contentVersion\": \"1.0.0.0\",\r\n  \"parameters\": {\r\n    \"name\": {\r\n
      \     \"type\": \"string\"\r\n    },\r\n    \"location\": {\r\n      \"type\":
      \"string\"\r\n    },\r\n    \"subnetId\": {\r\n      \"type\": \"string\"\r\n
      \   },\r\n    \"privateIPAllocationMethod\": {\r\n      \"type\": \"string\"\r\n
      \   },\r\n    \"backendAddressPools\": {\r\n      \"type\": \"array\"\r\n    },\r\n
      \   \"tags\": {\r\n      \"type\": \"object\"\r\n    }\r\n  },\r\n  \"resources\":
      [\r\n    {\r\n      \"apiVersion\": \"2016-03-30\",\r\n      \"dependsOn\":
      [ ],\r\n      \"location\": \"[parameters('location')]\",\r\n      \"name\":
      \"[parameters('name')]\",\r\n      \"properties\": {\r\n        \"frontendIPConfigurations\":
      [\r\n          {\r\n            \"name\": \"LoadBalancerFrontEnd\",\r\n            \"properties\":
      {\r\n              \"privateIPAllocationMethod\": \"[parameters('privateIPAllocationMethod')]\",\r\n
      \             \"subnet\": {\r\n                \"id\": \"[parameters('subnetId')]\"\r\n
      \             }\r\n            }\r\n          }\r\n        ],\r\n        \"backendAddressPools\":
      \"[parameters('backendAddressPools')]\"\r\n      },\r\n      \"tags\": \"[parameters('tags')]\",\r\n
      \     \"type\": \"Microsoft.Network/loadBalancers\"\r\n    }\r\n  ] // comment\r\n}}}"
    headers:
      Accept:
      - application/json
      Accept-Encoding:
      - gzip, deflate
      CommandName:
      - group deployment create
      Connection:
      - keep-alive
      Content-Length:
      - '1701'
      Content-Type:
      - application/json
      ParameterSetName:
      - -g -n --template-file --parameters --parameters --parameters --no-wait
      User-Agent:
      - AZURECLI/2.39.0 (PIP) azsdk-python-azure-mgmt-resource/21.1.0b1 Python/3.8.10
        (Windows-10-10.0.19044-SP0)
    method: PUT
    uri: https://management.azure.com/subscriptions/00000000-0000-0000-0000-000000000000/resourcegroups/cli_test_deployment000001/providers/Microsoft.Resources/deployments/mock-deployment?api-version=2021-04-01
  response:
    body:
      string: '{"id":"/subscriptions/00000000-0000-0000-0000-000000000000/resourceGroups/cli_test_deployment000001/providers/Microsoft.Resources/deployments/azure-cli-resource-group-deployment2000002","name":"azure-cli-resource-group-deployment2000002","type":"Microsoft.Resources/deployments","properties":{"templateHash":"11236209354464700424","parameters":{"name":{"type":"String","value":"test-lb"},"location":{"type":"String","value":"westus"},"subnetId":{"type":"String","value":"/subscriptions/00000000-0000-0000-0000-000000000000/resourceGroups/cli_test_deployment000001/providers/Microsoft.Network/virtualNetworks/vnet1/subnets/subnet1"},"privateIPAllocationMethod":{"type":"String","value":"Dynamic"},"backendAddressPools":{"type":"Array","value":[{"name":"bepool1"},{"name":"bepool2"}]},"tags":{"type":"Object","value":{"key":"super=value"}}},"mode":"Incremental","provisioningState":"Accepted","timestamp":"2022-08-28T18:07:41.7127362Z","duration":"PT0.0008955S","correlationId":"89a29124-2020-458c-b340-e4ad1fb394d3","providers":[{"namespace":"Microsoft.Network","resourceTypes":[{"resourceType":"loadBalancers","locations":["westus"]}]}],"dependencies":[]}}'
    headers:
      azure-asyncoperation:
      - https://management.azure.com/subscriptions/00000000-0000-0000-0000-000000000000/resourcegroups/cli_test_deployment000001/providers/Microsoft.Resources/deployments/azure-cli-resource-group-deployment2000002/operationStatuses/08585398968260176351?api-version=2021-04-01
      cache-control:
      - no-cache
      content-length:
      - '1156'
      content-type:
      - application/json; charset=utf-8
      date:
      - Sun, 28 Aug 2022 18:07:42 GMT
      expires:
      - '-1'
      pragma:
      - no-cache
      strict-transport-security:
      - max-age=31536000; includeSubDomains
      x-content-type-options:
      - nosniff
      x-ms-ratelimit-remaining-subscription-writes:
      - '1197'
    status:
      code: 201
      message: Created
- request:
    body: null
    headers:
      Accept:
      - application/json
      Accept-Encoding:
      - gzip, deflate
      CommandName:
      - group deployment cancel
      Connection:
      - keep-alive
      Content-Length:
      - '0'
      ParameterSetName:
      - -n -g
      User-Agent:
      - AZURECLI/2.39.0 (PIP) azsdk-python-azure-mgmt-resource/21.1.0b1 Python/3.8.10
        (Windows-10-10.0.19044-SP0)
    method: POST
    uri: https://management.azure.com/subscriptions/00000000-0000-0000-0000-000000000000/resourcegroups/cli_test_deployment000001/providers/Microsoft.Resources/deployments/mock-deployment/cancel?api-version=2021-04-01
  response:
    body:
      string: '{"error":{"code":"DeploymentCannotBeCancelled","message":"The deployment
        ''azure-cli-resource-group-deployment2000002'' cannot be cancelled because
        it has provisioning state ''Succeeded'' or it has already expired (expiration
        time is ''9/4/2022 6:07:39 PM'')."}}'
    headers:
      cache-control:
      - no-cache
      content-length:
      - '256'
      content-type:
      - application/json; charset=utf-8
      date:
      - Sun, 28 Aug 2022 18:07:46 GMT
      expires:
      - '-1'
      pragma:
      - no-cache
      strict-transport-security:
      - max-age=31536000; includeSubDomains
      x-content-type-options:
      - nosniff
      x-ms-failure-cause:
      - gateway
      x-ms-ratelimit-remaining-subscription-writes:
      - '1199'
    status:
      code: 409
      message: Conflict
version: 1
