interactions:
- request:
    body: null
    headers:
      Accept:
      - application/json
      Accept-Encoding:
      - gzip, deflate
      CommandName:
      - stack group create
      Connection:
      - keep-alive
      ParameterSetName:
      - --name --resource-group --template-file --parameters
      User-Agent:
      - AZURECLI/2.40.0 (PIP) azsdk-python-azure-mgmt-resource/0.1.0 Python/3.9.13
        (Windows-10-10.0.19044-SP0)
    method: GET
    uri: https://api-dogfood.resources.windows-int.net/subscriptions/00000000-0000-0000-0000-000000000000/resourceGroups/cli_test_deployment_stacks000001/providers/Microsoft.Resources/deploymentStacks/cli-test-show-deployment-stack-resource-group000002?api-version=2022-08-01-preview
  response:
    body:
      string: "{\r\n  \"error\": {\r\n    \"code\": \"DeploymentStackResourceNotFound\",\r\n
        \   \"message\": \"The deployment stack '/subscriptions/00000000-0000-0000-0000-000000000000/resourceGroups/cli_test_deployment_stacks000001/providers/Microsoft.Resources/deploymentStacks/cli-test-show-deployment-stack-resource-group000002'
        could not be found.\"\r\n  }\r\n}"
    headers:
      cache-control:
      - no-cache
      content-length:
      - '331'
      content-type:
      - application/json; charset=utf-8
      date:
      - Fri, 16 Sep 2022 20:37:49 GMT
      expires:
      - '-1'
      pragma:
      - no-cache
      strict-transport-security:
      - max-age=31536000; includeSubDomains
      x-cache:
      - CONFIG_NOCACHE
      x-content-type-options:
      - nosniff
      x-msedge-ref:
      - 'Ref A: 956A4FB1A5884DB5A541806162D4DD35 Ref B: BL2AA2030110009 Ref C: 2022-09-16T20:37:49Z'
    status:
      code: 404
      message: Not Found
- request:
    body: '{"properties": {"template": {"$schema": "https://schema.management.azure.com/schemas/2019-04-01/deploymentTemplate.json#",
      "contentVersion": "1.0.0.0", "parameters": {"foo": {"type": "string", "defaultValue":
      "foo", "metadata": {"description": "description"}}, "bar": {"type": "string",
      "defaultValue": "bar", "metadata": {"description": "description"}}}, "functions":
      [], "variables": {}, "resources": [], "outputs": {"foo": {"type": "string",
      "value": "[parameters(''foo'')]"}, "bar": {"type": "string", "value": "[parameters(''bar'')]"}}},
      "parameters": {"foo": {"value": "abc"}, "bar": {"value": "xyz"}}, "actionOnUnmanage":
      {"resources": "delete", "resourceGroups": "detach"}}}'
    headers:
      Accept:
      - application/json
      Accept-Encoding:
      - gzip, deflate
      CommandName:
      - stack group create
      Connection:
      - keep-alive
      Content-Length:
      - '678'
      Content-Type:
      - application/json
      ParameterSetName:
      - --name --resource-group --template-file --parameters
      User-Agent:
      - AZURECLI/2.40.0 (PIP) azsdk-python-azure-mgmt-resource/0.1.0 Python/3.9.13
        (Windows-10-10.0.19044-SP0)
    method: PUT
    uri: https://api-dogfood.resources.windows-int.net/subscriptions/00000000-0000-0000-0000-000000000000/resourceGroups/cli_test_deployment_stacks000001/providers/Microsoft.Resources/deploymentStacks/cli-test-show-deployment-stack-resource-group000002?api-version=2022-08-01-preview
  response:
    body:
      string: "{\r\n  \"properties\": {\r\n    \"actionOnUnmanage\": {\r\n      \"resources\":
        \"delete\",\r\n      \"resourceGroups\": \"detach\",\r\n      \"managementGroups\":
        \"detach\"\r\n    },\r\n    \"parameters\": {\r\n      \"foo\": {\r\n        \"value\":
        \"abc\"\r\n      },\r\n      \"bar\": {\r\n        \"value\": \"xyz\"\r\n
        \     }\r\n    },\r\n    \"resources\": [],\r\n    \"provisioningState\":
        \"initializing\",\r\n    \"detachedResources\": [],\r\n    \"deletedResources\":
        [],\r\n    \"failedResources\": []\r\n  },\r\n  \"systemData\": {\r\n    \"createdBy\":
        \"harshpatel@microsoft.com\",\r\n    \"createdByType\": \"User\",\r\n    \"createdAt\":
        \"2022-09-16T20:37:51.0030162Z\",\r\n    \"lastModifiedBy\": \"harshpatel@microsoft.com\",\r\n
        \   \"lastModifiedByType\": \"User\",\r\n    \"lastModifiedAt\": \"2022-09-16T20:37:51.0030162Z\"\r\n
        \ },\r\n  \"id\": \"/subscriptions/00000000-0000-0000-0000-000000000000/resourceGroups/cli_test_deployment_stacks000001/providers/Microsoft.Resources/deploymentStacks/cli-test-show-deployment-stack-resource-group000002\",\r\n
        \ \"type\": \"Microsoft.Resources/deploymentStacks\",\r\n  \"name\": \"cli-test-show-deployment-stack-resource-group000002\"\r\n}"
    headers:
      azure-asyncoperation:
      - https://api-dogfood.resources.windows-int.net/subscriptions/00000000-0000-0000-0000-000000000000/providers/Microsoft.Resources/locations/westcentralus/deploymentStackOperationStatus/7998ca64-14b0-4299-a33f-974e218f6f5c?api-version=2022-08-01-preview
      cache-control:
      - no-cache
      content-length:
      - '1061'
      content-type:
      - application/json; charset=utf-8
      date:
      - Fri, 16 Sep 2022 20:37:50 GMT
      expires:
      - '-1'
      pragma:
      - no-cache
      strict-transport-security:
      - max-age=31536000; includeSubDomains
      x-cache:
      - CONFIG_NOCACHE
      x-content-type-options:
      - nosniff
      x-ms-ratelimit-remaining-subscription-writes:
      - '1199'
      x-msedge-ref:
      - 'Ref A: 6B4314FDBD224CC18177A223DABC13B6 Ref B: BL2AA2030110009 Ref C: 2022-09-16T20:37:50Z'
    status:
      code: 201
      message: Created
- request:
    body: null
    headers:
      Accept:
      - '*/*'
      Accept-Encoding:
      - gzip, deflate
      CommandName:
      - stack group create
      Connection:
      - keep-alive
      ParameterSetName:
      - --name --resource-group --template-file --parameters
      User-Agent:
      - AZURECLI/2.40.0 (PIP) azsdk-python-azure-mgmt-resource/0.1.0 Python/3.9.13
        (Windows-10-10.0.19044-SP0)
    method: GET
    uri: https://api-dogfood.resources.windows-int.net/subscriptions/00000000-0000-0000-0000-000000000000/providers/Microsoft.Resources/locations/westcentralus/deploymentStackOperationStatus/7998ca64-14b0-4299-a33f-974e218f6f5c?api-version=2022-08-01-preview
  response:
    body:
      string: "{\r\n  \"id\": \"/subscriptions/00000000-0000-0000-0000-000000000000/providers/Microsoft.Resources/locations/westcentralus/deploymentStackOperationStatus/7998ca64-14b0-4299-a33f-974e218f6f5c\",\r\n
        \ \"name\": \"7998ca64-14b0-4299-a33f-974e218f6f5c\",\r\n  \"status\": \"succeeded\"\r\n}"
    headers:
      cache-control:
      - no-cache
      content-length:
      - '266'
      content-type:
      - application/json; charset=utf-8
      date:
      - Fri, 16 Sep 2022 20:38:07 GMT
      expires:
      - '-1'
      pragma:
      - no-cache
      strict-transport-security:
      - max-age=31536000; includeSubDomains
      x-cache:
      - CONFIG_NOCACHE
      x-content-type-options:
      - nosniff
      x-msedge-ref:
      - 'Ref A: 325755C3F58C44E7B22FFEEE9314C5D3 Ref B: BL2AA2030110009 Ref C: 2022-09-16T20:38:08Z'
    status:
      code: 200
      message: OK
- request:
    body: null
    headers:
      Accept:
      - '*/*'
      Accept-Encoding:
      - gzip, deflate
      CommandName:
      - stack group create
      Connection:
      - keep-alive
      ParameterSetName:
      - --name --resource-group --template-file --parameters
      User-Agent:
      - AZURECLI/2.40.0 (PIP) azsdk-python-azure-mgmt-resource/0.1.0 Python/3.9.13
        (Windows-10-10.0.19044-SP0)
    method: GET
    uri: https://api-dogfood.resources.windows-int.net/subscriptions/00000000-0000-0000-0000-000000000000/resourceGroups/cli_test_deployment_stacks000001/providers/Microsoft.Resources/deploymentStacks/cli-test-show-deployment-stack-resource-group000002?api-version=2022-08-01-preview
  response:
    body:
      string: "{\r\n  \"properties\": {\r\n    \"snapshotId\": \"/subscriptions/00000000-0000-0000-0000-000000000000/resourceGroups/cli_test_deployment_stacks000001/providers/Microsoft.Resources/deploymentStacks/cli-test-show-deployment-stack-resource-group000002/snapshots/2022-09-16-20-37-51-d7479\",\r\n
        \   \"actionOnUnmanage\": {\r\n      \"resources\": \"delete\",\r\n      \"resourceGroups\":
        \"detach\",\r\n      \"managementGroups\": \"detach\"\r\n    },\r\n    \"deploymentId\":
        \"/subscriptions/00000000-0000-0000-0000-000000000000/resourceGroups/cli_test_deployment_stacks000001/providers/Microsoft.Resources/deployments/cli-test-show-deployment-stack-resourc-2022-09-16-20-37-51-d7479\",\r\n
        \   \"duration\": \"PT5.9827819S\",\r\n    \"outputs\": {\r\n      \"foo\":
        {\r\n        \"type\": \"String\",\r\n        \"value\": \"abc\"\r\n      },\r\n
        \     \"bar\": {\r\n        \"type\": \"String\",\r\n        \"value\": \"xyz\"\r\n
        \     }\r\n    },\r\n    \"parameters\": {\r\n      \"foo\": {\r\n        \"value\":
        \"abc\"\r\n      },\r\n      \"bar\": {\r\n        \"value\": \"xyz\"\r\n
        \     }\r\n    },\r\n    \"resources\": [],\r\n    \"provisioningState\":
        \"succeeded\",\r\n    \"detachedResources\": [],\r\n    \"deletedResources\":
        [],\r\n    \"failedResources\": []\r\n  },\r\n  \"systemData\": {\r\n    \"createdBy\":
        \"harshpatel@microsoft.com\",\r\n    \"createdByType\": \"User\",\r\n    \"createdAt\":
        \"2022-09-16T20:37:51.0030162Z\",\r\n    \"lastModifiedBy\": \"harshpatel@microsoft.com\",\r\n
        \   \"lastModifiedByType\": \"User\",\r\n    \"lastModifiedAt\": \"2022-09-16T20:37:51.0030162Z\"\r\n
        \ },\r\n  \"id\": \"/subscriptions/00000000-0000-0000-0000-000000000000/resourceGroups/cli_test_deployment_stacks000001/providers/Microsoft.Resources/deploymentStacks/cli-test-show-deployment-stack-resource-group000002\",\r\n
        \ \"type\": \"Microsoft.Resources/deploymentStacks\",\r\n  \"name\": \"cli-test-show-deployment-stack-resource-group000002\"\r\n}"
    headers:
      cache-control:
      - no-cache
      content-length:
      - '1758'
      content-type:
      - application/json; charset=utf-8
      date:
      - Fri, 16 Sep 2022 20:38:07 GMT
      expires:
      - '-1'
      pragma:
      - no-cache
      strict-transport-security:
      - max-age=31536000; includeSubDomains
      x-cache:
      - CONFIG_NOCACHE
      x-content-type-options:
      - nosniff
      x-msedge-ref:
      - 'Ref A: 808414AC494A409184CC5DD8E958036F Ref B: BL2AA2030110009 Ref C: 2022-09-16T20:38:08Z'
    status:
      code: 200
      message: OK
- request:
    body: null
    headers:
      Accept:
      - application/json
      Accept-Encoding:
      - gzip, deflate
      CommandName:
      - stack group export template
      Connection:
      - keep-alive
      Content-Length:
      - '0'
      ParameterSetName:
      - --name --resource-group
      User-Agent:
      - AZURECLI/2.40.0 (PIP) azsdk-python-azure-mgmt-resource/0.1.0 Python/3.9.13
        (Windows-10-10.0.19044-SP0)
    method: POST
    uri: https://api-dogfood.resources.windows-int.net/subscriptions/00000000-0000-0000-0000-000000000000/resourceGroups/cli_test_deployment_stacks000001/providers/Microsoft.Resources/deploymentStacks/cli-test-show-deployment-stack-resource-group000002/exportTemplate?api-version=2022-08-01-preview
  response:
    body:
      string: "{\r\n  \"template\": {\r\n    \"$schema\": \"https://schema.management.azure.com/schemas/2019-04-01/deploymentTemplate.json#\",\r\n
        \   \"contentVersion\": \"1.0.0.0\",\r\n    \"parameters\": {\r\n      \"foo\":
        {\r\n        \"type\": \"string\",\r\n        \"defaultValue\": \"foo\",\r\n
        \       \"metadata\": {\r\n          \"description\": \"description\"\r\n
        \       }\r\n      },\r\n      \"bar\": {\r\n        \"type\": \"string\",\r\n
        \       \"defaultValue\": \"bar\",\r\n        \"metadata\": {\r\n          \"description\":
        \"description\"\r\n        }\r\n      }\r\n    },\r\n    \"functions\": [],\r\n
        \   \"variables\": {},\r\n    \"resources\": [],\r\n    \"outputs\": {\r\n
        \     \"foo\": {\r\n        \"type\": \"string\",\r\n        \"value\": \"[parameters('foo')]\"\r\n
        \     },\r\n      \"bar\": {\r\n        \"type\": \"string\",\r\n        \"value\":
        \"[parameters('bar')]\"\r\n      }\r\n    }\r\n  }\r\n}"
    headers:
      cache-control:
      - no-cache
      content-length:
      - '781'
      content-type:
      - application/json; charset=utf-8
      date:
      - Fri, 16 Sep 2022 20:38:09 GMT
      expires:
      - '-1'
      pragma:
      - no-cache
      strict-transport-security:
      - max-age=31536000; includeSubDomains
      x-cache:
      - CONFIG_NOCACHE
      x-content-type-options:
      - nosniff
      x-ms-ratelimit-remaining-subscription-writes:
      - '1199'
      x-msedge-ref:
      - 'Ref A: B67688EC662044C68C9D7DC81FC1F612 Ref B: BL2AA2030105003 Ref C: 2022-09-16T20:38:09Z'
    status:
      code: 200
      message: OK
- request:
    body: null
    headers:
      Accept:
      - application/json
      Accept-Encoding:
      - gzip, deflate
      CommandName:
      - stack group export template
      Connection:
      - keep-alive
      Content-Length:
      - '0'
      ParameterSetName:
      - --id
      User-Agent:
      - AZURECLI/2.40.0 (PIP) azsdk-python-azure-mgmt-resource/0.1.0 Python/3.9.13
        (Windows-10-10.0.19044-SP0)
    method: POST
    uri: https://api-dogfood.resources.windows-int.net/subscriptions/00000000-0000-0000-0000-000000000000/resourceGroups/cli_test_deployment_stacks000001/providers/Microsoft.Resources/deploymentStacks/cli-test-show-deployment-stack-resource-group000002/exportTemplate?api-version=2022-08-01-preview
  response:
    body:
      string: "{\r\n  \"template\": {\r\n    \"$schema\": \"https://schema.management.azure.com/schemas/2019-04-01/deploymentTemplate.json#\",\r\n
        \   \"contentVersion\": \"1.0.0.0\",\r\n    \"parameters\": {\r\n      \"foo\":
        {\r\n        \"type\": \"string\",\r\n        \"defaultValue\": \"foo\",\r\n
        \       \"metadata\": {\r\n          \"description\": \"description\"\r\n
        \       }\r\n      },\r\n      \"bar\": {\r\n        \"type\": \"string\",\r\n
        \       \"defaultValue\": \"bar\",\r\n        \"metadata\": {\r\n          \"description\":
        \"description\"\r\n        }\r\n      }\r\n    },\r\n    \"functions\": [],\r\n
        \   \"variables\": {},\r\n    \"resources\": [],\r\n    \"outputs\": {\r\n
        \     \"foo\": {\r\n        \"type\": \"string\",\r\n        \"value\": \"[parameters('foo')]\"\r\n
        \     },\r\n      \"bar\": {\r\n        \"type\": \"string\",\r\n        \"value\":
        \"[parameters('bar')]\"\r\n      }\r\n    }\r\n  }\r\n}"
    headers:
      cache-control:
      - no-cache
      content-length:
      - '781'
      content-type:
      - application/json; charset=utf-8
      date:
      - Fri, 16 Sep 2022 20:38:09 GMT
      expires:
      - '-1'
      pragma:
      - no-cache
      strict-transport-security:
      - max-age=31536000; includeSubDomains
      x-cache:
      - CONFIG_NOCACHE
      x-content-type-options:
      - nosniff
      x-ms-ratelimit-remaining-subscription-writes:
      - '1196'
      x-msedge-ref:
      - 'Ref A: 369C9E793491451B82F33CB587C01998 Ref B: BL2AA2030109033 Ref C: 2022-09-16T20:38:09Z'
    status:
      code: 200
      message: OK
- request:
    body: null
    headers:
      Accept:
      - application/json
      Accept-Encoding:
      - gzip, deflate
      CommandName:
      - stack group show
      Connection:
      - keep-alive
      ParameterSetName:
      - --name --resource-group
      User-Agent:
      - AZURECLI/2.40.0 (PIP) azsdk-python-azure-mgmt-resource/0.1.0 Python/3.9.13
        (Windows-10-10.0.19044-SP0)
    method: GET
    uri: https://api-dogfood.resources.windows-int.net/subscriptions/00000000-0000-0000-0000-000000000000/resourceGroups/cli_test_deployment_stacks000001/providers/Microsoft.Resources/deploymentStacks/cli-test-show-deployment-stack-resource-group000002?api-version=2022-08-01-preview
  response:
    body:
      string: "{\r\n  \"properties\": {\r\n    \"snapshotId\": \"/subscriptions/00000000-0000-0000-0000-000000000000/resourceGroups/cli_test_deployment_stacks000001/providers/Microsoft.Resources/deploymentStacks/cli-test-show-deployment-stack-resource-group000002/snapshots/2022-09-16-20-37-51-d7479\",\r\n
        \   \"actionOnUnmanage\": {\r\n      \"resources\": \"delete\",\r\n      \"resourceGroups\":
        \"detach\",\r\n      \"managementGroups\": \"detach\"\r\n    },\r\n    \"deploymentId\":
        \"/subscriptions/00000000-0000-0000-0000-000000000000/resourceGroups/cli_test_deployment_stacks000001/providers/Microsoft.Resources/deployments/cli-test-show-deployment-stack-resourc-2022-09-16-20-37-51-d7479\",\r\n
        \   \"duration\": \"PT5.9827819S\",\r\n    \"outputs\": {\r\n      \"foo\":
        {\r\n        \"type\": \"String\",\r\n        \"value\": \"abc\"\r\n      },\r\n
        \     \"bar\": {\r\n        \"type\": \"String\",\r\n        \"value\": \"xyz\"\r\n
        \     }\r\n    },\r\n    \"parameters\": {\r\n      \"foo\": {\r\n        \"value\":
        \"abc\"\r\n      },\r\n      \"bar\": {\r\n        \"value\": \"xyz\"\r\n
        \     }\r\n    },\r\n    \"resources\": [],\r\n    \"provisioningState\":
        \"succeeded\",\r\n    \"detachedResources\": [],\r\n    \"deletedResources\":
        [],\r\n    \"failedResources\": []\r\n  },\r\n  \"systemData\": {\r\n    \"createdBy\":
        \"harshpatel@microsoft.com\",\r\n    \"createdByType\": \"User\",\r\n    \"createdAt\":
        \"2022-09-16T20:37:51.0030162Z\",\r\n    \"lastModifiedBy\": \"harshpatel@microsoft.com\",\r\n
        \   \"lastModifiedByType\": \"User\",\r\n    \"lastModifiedAt\": \"2022-09-16T20:37:51.0030162Z\"\r\n
        \ },\r\n  \"id\": \"/subscriptions/00000000-0000-0000-0000-000000000000/resourceGroups/cli_test_deployment_stacks000001/providers/Microsoft.Resources/deploymentStacks/cli-test-show-deployment-stack-resource-group000002\",\r\n
        \ \"type\": \"Microsoft.Resources/deploymentStacks\",\r\n  \"name\": \"cli-test-show-deployment-stack-resource-group000002\"\r\n}"
    headers:
      cache-control:
      - no-cache
      content-length:
      - '1758'
      content-type:
      - application/json; charset=utf-8
      date:
      - Fri, 16 Sep 2022 20:38:11 GMT
      expires:
      - '-1'
      pragma:
      - no-cache
      strict-transport-security:
      - max-age=31536000; includeSubDomains
      x-cache:
      - CONFIG_NOCACHE
      x-content-type-options:
      - nosniff
      x-msedge-ref:
      - 'Ref A: 3F960E4DFA4541E893F3ED66EC55006D Ref B: BL2AA2030108027 Ref C: 2022-09-16T20:38:10Z'
    status:
      code: 200
      message: OK
- request:
    body: null
    headers:
      Accept:
      - application/json
      Accept-Encoding:
      - gzip, deflate
      CommandName:
      - stack group delete
      Connection:
      - keep-alive
      ParameterSetName:
      - --name --resource-group --yes
      User-Agent:
      - AZURECLI/2.40.0 (PIP) azsdk-python-azure-mgmt-resource/0.1.0 Python/3.9.13
        (Windows-10-10.0.19044-SP0)
    method: GET
    uri: https://api-dogfood.resources.windows-int.net/subscriptions/00000000-0000-0000-0000-000000000000/resourceGroups/cli_test_deployment_stacks000001/providers/Microsoft.Resources/deploymentStacks/cli-test-show-deployment-stack-resource-group000002?api-version=2022-08-01-preview
  response:
    body:
      string: "{\r\n  \"properties\": {\r\n    \"snapshotId\": \"/subscriptions/00000000-0000-0000-0000-000000000000/resourceGroups/cli_test_deployment_stacks000001/providers/Microsoft.Resources/deploymentStacks/cli-test-show-deployment-stack-resource-group000002/snapshots/2022-09-16-20-37-51-d7479\",\r\n
        \   \"actionOnUnmanage\": {\r\n      \"resources\": \"delete\",\r\n      \"resourceGroups\":
        \"detach\",\r\n      \"managementGroups\": \"detach\"\r\n    },\r\n    \"deploymentId\":
        \"/subscriptions/00000000-0000-0000-0000-000000000000/resourceGroups/cli_test_deployment_stacks000001/providers/Microsoft.Resources/deployments/cli-test-show-deployment-stack-resourc-2022-09-16-20-37-51-d7479\",\r\n
        \   \"duration\": \"PT5.9827819S\",\r\n    \"outputs\": {\r\n      \"foo\":
        {\r\n        \"type\": \"String\",\r\n        \"value\": \"abc\"\r\n      },\r\n
        \     \"bar\": {\r\n        \"type\": \"String\",\r\n        \"value\": \"xyz\"\r\n
        \     }\r\n    },\r\n    \"parameters\": {\r\n      \"foo\": {\r\n        \"value\":
        \"abc\"\r\n      },\r\n      \"bar\": {\r\n        \"value\": \"xyz\"\r\n
        \     }\r\n    },\r\n    \"resources\": [],\r\n    \"provisioningState\":
        \"succeeded\",\r\n    \"detachedResources\": [],\r\n    \"deletedResources\":
        [],\r\n    \"failedResources\": []\r\n  },\r\n  \"systemData\": {\r\n    \"createdBy\":
        \"harshpatel@microsoft.com\",\r\n    \"createdByType\": \"User\",\r\n    \"createdAt\":
        \"2022-09-16T20:37:51.0030162Z\",\r\n    \"lastModifiedBy\": \"harshpatel@microsoft.com\",\r\n
        \   \"lastModifiedByType\": \"User\",\r\n    \"lastModifiedAt\": \"2022-09-16T20:37:51.0030162Z\"\r\n
        \ },\r\n  \"id\": \"/subscriptions/00000000-0000-0000-0000-000000000000/resourceGroups/cli_test_deployment_stacks000001/providers/Microsoft.Resources/deploymentStacks/cli-test-show-deployment-stack-resource-group000002\",\r\n
        \ \"type\": \"Microsoft.Resources/deploymentStacks\",\r\n  \"name\": \"cli-test-show-deployment-stack-resource-group000002\"\r\n}"
    headers:
      cache-control:
      - no-cache
      content-length:
      - '1758'
      content-type:
      - application/json; charset=utf-8
      date:
      - Fri, 16 Sep 2022 20:38:11 GMT
      expires:
      - '-1'
      pragma:
      - no-cache
      strict-transport-security:
      - max-age=31536000; includeSubDomains
      x-cache:
      - CONFIG_NOCACHE
      x-content-type-options:
      - nosniff
      x-msedge-ref:
      - 'Ref A: 1E8DE26E7BA0469493DFEBA1D092C4B9 Ref B: BL2AA2030109035 Ref C: 2022-09-16T20:38:11Z'
    status:
      code: 200
      message: OK
- request:
    body: null
    headers:
      Accept:
      - application/json
      Accept-Encoding:
      - gzip, deflate
      CommandName:
      - stack group delete
      Connection:
      - keep-alive
      Content-Length:
      - '0'
      ParameterSetName:
      - --name --resource-group --yes
      User-Agent:
      - AZURECLI/2.40.0 (PIP) azsdk-python-azure-mgmt-resource/0.1.0 Python/3.9.13
        (Windows-10-10.0.19044-SP0)
    method: DELETE
    uri: https://api-dogfood.resources.windows-int.net/subscriptions/00000000-0000-0000-0000-000000000000/resourceGroups/cli_test_deployment_stacks000001/providers/Microsoft.Resources/deploymentStacks/cli-test-show-deployment-stack-resource-group000002?unmanageAction.Resources=detach&unmanageAction.ResourceGroups=detach&api-version=2022-08-01-preview
  response:
    body:
      string: ''
    headers:
      cache-control:
      - no-cache
      content-length:
      - '0'
      date:
      - Fri, 16 Sep 2022 20:38:11 GMT
      expires:
      - '-1'
      pragma:
      - no-cache
      strict-transport-security:
      - max-age=31536000; includeSubDomains
      x-cache:
      - CONFIG_NOCACHE
      x-content-type-options:
      - nosniff
      x-ms-ratelimit-remaining-subscription-deletes:
      - '14999'
      x-msedge-ref:
      - 'Ref A: 361A85019F884376A2474C5EE82F9F2A Ref B: BL2AA2030109035 Ref C: 2022-09-16T20:38:11Z'
    status:
      code: 200
      message: OK
version: 1
