interactions:
- request:
    body: "{\"properties\": {\"parameters\": {}, \"mode\": \"Incremental\", template:{\r\n
      \ \"$schema\": \"https://schema.management.azure.com/schemas/2015-01-01/deploymentParameters.json#\",\r\n
      \ \"contentVersion\": \"1.0.0.0\",\r\n  \"resources\": [] // comment\r\n}}}"
    headers:
      Accept:
      - application/json
      Accept-Encoding:
      - gzip, deflate
      CommandName:
      - group deployment create
      Connection:
      - keep-alive
      Content-Length:
      - '233'
      Content-Type:
      - application/json
      ParameterSetName:
      - -g -n --template-file
      User-Agent:
      - AZURECLI/2.24.2 azsdk-python-azure-mgmt-resource/18.0.0 Python/3.8.10 (Windows-10-10.0.19043-SP0)
    method: POST
    uri: https://management.azure.com/subscriptions/00000000-0000-0000-0000-000000000000/resourcegroups/cli_test_on_error_deployment_lastsuccessful000001/providers/Microsoft.Resources/deployments/mock-deployment/validate?api-version=2021-01-01
  response:
    body:
      string: '{"id":"/subscriptions/00000000-0000-0000-0000-000000000000/resourceGroups/cli_test_on_error_deployment_lastsuccessful000001/providers/Microsoft.Resources/deployments/azure-cli-deployment000002","name":"azure-cli-deployment000002","type":"Microsoft.Resources/deployments","properties":{"templateHash":"3965660584125802942","mode":"Incremental","provisioningState":"Succeeded","timestamp":"2021-06-14T10:09:09.2796917Z","duration":"PT0S","correlationId":"8c2fed26-aa49-4d1f-99dc-7001487a4403","providers":[],"dependencies":[],"validatedResources":[]}}'
    headers:
      cache-control:
      - no-cache
      content-length:
      - '583'
      content-type:
      - application/json; charset=utf-8
      date:
      - Mon, 14 Jun 2021 10:09:08 GMT
      expires:
      - '-1'
      pragma:
      - no-cache
      strict-transport-security:
      - max-age=31536000; includeSubDomains
      transfer-encoding:
      - chunked
      vary:
      - Accept-Encoding
      x-content-type-options:
      - nosniff
      x-ms-ratelimit-remaining-subscription-writes:
      - '1198'
    status:
      code: 200
      message: OK
- request:
    body: "{\"properties\": {\"parameters\": {}, \"mode\": \"Incremental\", template:{\r\n
      \ \"$schema\": \"https://schema.management.azure.com/schemas/2015-01-01/deploymentParameters.json#\",\r\n
      \ \"contentVersion\": \"1.0.0.0\",\r\n  \"resources\": [] // comment\r\n}}}"
    headers:
      Accept:
      - application/json
      Accept-Encoding:
      - gzip, deflate
      CommandName:
      - group deployment create
      Connection:
      - keep-alive
      Content-Length:
      - '233'
      Content-Type:
      - application/json
      ParameterSetName:
      - -g -n --template-file
      User-Agent:
      - AZURECLI/2.24.2 azsdk-python-azure-mgmt-resource/18.0.0 Python/3.8.10 (Windows-10-10.0.19043-SP0)
    method: PUT
    uri: https://management.azure.com/subscriptions/00000000-0000-0000-0000-000000000000/resourcegroups/cli_test_on_error_deployment_lastsuccessful000001/providers/Microsoft.Resources/deployments/mock-deployment?api-version=2021-01-01
  response:
    body:
      string: '{"id":"/subscriptions/00000000-0000-0000-0000-000000000000/resourceGroups/cli_test_on_error_deployment_lastsuccessful000001/providers/Microsoft.Resources/deployments/azure-cli-deployment000002","name":"azure-cli-deployment000002","type":"Microsoft.Resources/deployments","properties":{"templateHash":"3965660584125802942","mode":"Incremental","provisioningState":"Accepted","timestamp":"2021-06-14T10:09:11.2343161Z","duration":"PT1.3185959S","correlationId":"057bbe8f-f5ce-4c26-b47b-fef69e203c6e","providers":[],"dependencies":[]}}'
    headers:
      azure-asyncoperation:
      - https://management.azure.com/subscriptions/00000000-0000-0000-0000-000000000000/resourcegroups/cli_test_on_error_deployment_lastsuccessful000001/providers/Microsoft.Resources/deployments/azure-cli-deployment000002/operationStatuses/08585779415355618688?api-version=2021-01-01
      cache-control:
      - no-cache
      content-length:
      - '566'
      content-type:
      - application/json; charset=utf-8
      date:
      - Mon, 14 Jun 2021 10:09:11 GMT
      expires:
      - '-1'
      pragma:
      - no-cache
      strict-transport-security:
      - max-age=31536000; includeSubDomains
      x-content-type-options:
      - nosniff
      x-ms-ratelimit-remaining-subscription-writes:
      - '1196'
    status:
      code: 201
      message: Created
- request:
    body: null
    headers:
      Accept:
      - '*/*'
      Accept-Encoding:
      - gzip, deflate
      CommandName:
      - group deployment create
      Connection:
      - keep-alive
      ParameterSetName:
      - -g -n --template-file
      User-Agent:
      - AZURECLI/2.24.2 azsdk-python-azure-mgmt-resource/18.0.0 Python/3.8.10 (Windows-10-10.0.19043-SP0)
    method: GET
    uri: https://management.azure.com/subscriptions/00000000-0000-0000-0000-000000000000/resourcegroups/cli_test_on_error_deployment_lastsuccessful000001/providers/Microsoft.Resources/deployments/mock-deployment/operationStatuses/08585779415355618688?api-version=2021-01-01
  response:
    body:
      string: '{"status":"Succeeded"}'
    headers:
      cache-control:
      - no-cache
      content-length:
      - '22'
      content-type:
      - application/json; charset=utf-8
      date:
      - Mon, 14 Jun 2021 10:09:42 GMT
      expires:
      - '-1'
      pragma:
      - no-cache
      strict-transport-security:
      - max-age=31536000; includeSubDomains
      vary:
      - Accept-Encoding
      x-content-type-options:
      - nosniff
    status:
      code: 200
      message: OK
- request:
    body: null
    headers:
      Accept:
      - '*/*'
      Accept-Encoding:
      - gzip, deflate
      CommandName:
      - group deployment create
      Connection:
      - keep-alive
      ParameterSetName:
      - -g -n --template-file
      User-Agent:
      - AZURECLI/2.24.2 azsdk-python-azure-mgmt-resource/18.0.0 Python/3.8.10 (Windows-10-10.0.19043-SP0)
    method: GET
    uri: https://management.azure.com/subscriptions/00000000-0000-0000-0000-000000000000/resourcegroups/cli_test_on_error_deployment_lastsuccessful000001/providers/Microsoft.Resources/deployments/mock-deployment?api-version=2021-01-01
  response:
    body:
      string: '{"id":"/subscriptions/00000000-0000-0000-0000-000000000000/resourceGroups/cli_test_on_error_deployment_lastsuccessful000001/providers/Microsoft.Resources/deployments/azure-cli-deployment000002","name":"azure-cli-deployment000002","type":"Microsoft.Resources/deployments","properties":{"templateHash":"3965660584125802942","mode":"Incremental","provisioningState":"Succeeded","timestamp":"2021-06-14T10:09:12.3377408Z","duration":"PT2.4220206S","correlationId":"057bbe8f-f5ce-4c26-b47b-fef69e203c6e","providers":[],"dependencies":[],"outputResources":[]}}'
    headers:
      cache-control:
      - no-cache
      content-length:
      - '588'
      content-type:
      - application/json; charset=utf-8
      date:
      - Mon, 14 Jun 2021 10:09:42 GMT
      expires:
      - '-1'
      pragma:
      - no-cache
      strict-transport-security:
      - max-age=31536000; includeSubDomains
      vary:
      - Accept-Encoding
      x-content-type-options:
      - nosniff
    status:
      code: 200
      message: OK
- request:
    body: "{\"properties\": {\"parameters\": {}, \"mode\": \"Incremental\", \"onErrorDeployment\":
      {\"type\": \"LastSuccessful\"}, template:{\r\n  \"$schema\": \"https://schema.management.azure.com/schemas/2015-01-01/deploymentParameters.json#\",\r\n
      \ \"contentVersion\": \"1.0.0.0\",\r\n  \"resources\": [] // comment\r\n}}}"
    headers:
      Accept:
      - application/json
      Accept-Encoding:
      - gzip, deflate
      CommandName:
      - group deployment create
      Connection:
      - keep-alive
      Content-Length:
      - '282'
      Content-Type:
      - application/json
      ParameterSetName:
      - -g -n --template-file --rollback-on-error
      User-Agent:
      - AZURECLI/2.24.2 azsdk-python-azure-mgmt-resource/18.0.0 Python/3.8.10 (Windows-10-10.0.19043-SP0)
    method: POST
    uri: https://management.azure.com/subscriptions/00000000-0000-0000-0000-000000000000/resourcegroups/cli_test_on_error_deployment_lastsuccessful000001/providers/Microsoft.Resources/deployments/mock-deployment/validate?api-version=2021-01-01
  response:
    body:
      string: '{"id":"/subscriptions/00000000-0000-0000-0000-000000000000/resourceGroups/cli_test_on_error_deployment_lastsuccessful000001/providers/Microsoft.Resources/deployments/azure-cli-deployment000003","name":"azure-cli-deployment000003","type":"Microsoft.Resources/deployments","properties":{"templateHash":"3965660584125802942","mode":"Incremental","provisioningState":"Succeeded","timestamp":"2021-06-14T10:09:44.5538261Z","duration":"PT0S","correlationId":"fcd863e6-0139-4f10-b474-1195fe18a92c","providers":[],"dependencies":[],"onErrorDeployment":{"type":"LastSuccessful","deploymentName":"azure-cli-deployment000002"},"validatedResources":[]}}'
    headers:
      cache-control:
      - no-cache
      content-length:
      - '679'
      content-type:
      - application/json; charset=utf-8
      date:
      - Mon, 14 Jun 2021 10:09:43 GMT
      expires:
      - '-1'
      pragma:
      - no-cache
      strict-transport-security:
      - max-age=31536000; includeSubDomains
      transfer-encoding:
      - chunked
      vary:
      - Accept-Encoding
      x-content-type-options:
      - nosniff
      x-ms-ratelimit-remaining-subscription-writes:
      - '1199'
    status:
      code: 200
      message: OK
- request:
    body: "{\"properties\": {\"parameters\": {}, \"mode\": \"Incremental\", \"onErrorDeployment\":
      {\"type\": \"LastSuccessful\"}, template:{\r\n  \"$schema\": \"https://schema.management.azure.com/schemas/2015-01-01/deploymentParameters.json#\",\r\n
      \ \"contentVersion\": \"1.0.0.0\",\r\n  \"resources\": [] // comment\r\n}}}"
    headers:
      Accept:
      - application/json
      Accept-Encoding:
      - gzip, deflate
      CommandName:
      - group deployment create
      Connection:
      - keep-alive
      Content-Length:
      - '282'
      Content-Type:
      - application/json
      ParameterSetName:
      - -g -n --template-file --rollback-on-error
      User-Agent:
      - AZURECLI/2.24.2 azsdk-python-azure-mgmt-resource/18.0.0 Python/3.8.10 (Windows-10-10.0.19043-SP0)
    method: PUT
    uri: https://management.azure.com/subscriptions/00000000-0000-0000-0000-000000000000/resourcegroups/cli_test_on_error_deployment_lastsuccessful000001/providers/Microsoft.Resources/deployments/mock-deployment?api-version=2021-01-01
  response:
    body:
      string: '{"id":"/subscriptions/00000000-0000-0000-0000-000000000000/resourceGroups/cli_test_on_error_deployment_lastsuccessful000001/providers/Microsoft.Resources/deployments/azure-cli-deployment000003","name":"azure-cli-deployment000003","type":"Microsoft.Resources/deployments","properties":{"templateHash":"3965660584125802942","mode":"Incremental","provisioningState":"Accepted","timestamp":"2021-06-14T10:09:46.85838Z","duration":"PT1.239758S","correlationId":"2bc32277-20e5-4109-b3be-43b1b15ee705","providers":[],"dependencies":[],"onErrorDeployment":{"type":"LastSuccessful","deploymentName":"azure-cli-deployment000002"}}}'
    headers:
      azure-asyncoperation:
      - https://management.azure.com/subscriptions/00000000-0000-0000-0000-000000000000/resourcegroups/cli_test_on_error_deployment_lastsuccessful000001/providers/Microsoft.Resources/deployments/azure-cli-deployment000003/operationStatuses/08585779414998589844?api-version=2021-01-01
      cache-control:
      - no-cache
      content-length:
      - '659'
      content-type:
      - application/json; charset=utf-8
      date:
      - Mon, 14 Jun 2021 10:09:47 GMT
      expires:
      - '-1'
      pragma:
      - no-cache
      strict-transport-security:
      - max-age=31536000; includeSubDomains
      x-content-type-options:
      - nosniff
      x-ms-ratelimit-remaining-subscription-writes:
      - '1195'
    status:
      code: 201
      message: Created
- request:
    body: null
    headers:
      Accept:
      - '*/*'
      Accept-Encoding:
      - gzip, deflate
      CommandName:
      - group deployment create
      Connection:
      - keep-alive
      ParameterSetName:
      - -g -n --template-file --rollback-on-error
      User-Agent:
      - AZURECLI/2.24.2 azsdk-python-azure-mgmt-resource/18.0.0 Python/3.8.10 (Windows-10-10.0.19043-SP0)
    method: GET
    uri: https://management.azure.com/subscriptions/00000000-0000-0000-0000-000000000000/resourcegroups/cli_test_on_error_deployment_lastsuccessful000001/providers/Microsoft.Resources/deployments/mock-deployment/operationStatuses/08585779414998589844?api-version=2021-01-01
  response:
    body:
      string: '{"status":"Succeeded"}'
    headers:
      cache-control:
      - no-cache
      content-length:
      - '22'
      content-type:
      - application/json; charset=utf-8
      date:
      - Mon, 14 Jun 2021 10:10:17 GMT
      expires:
      - '-1'
      pragma:
      - no-cache
      strict-transport-security:
      - max-age=31536000; includeSubDomains
      vary:
      - Accept-Encoding
      x-content-type-options:
      - nosniff
    status:
      code: 200
      message: OK
- request:
    body: null
    headers:
      Accept:
      - '*/*'
      Accept-Encoding:
      - gzip, deflate
      CommandName:
      - group deployment create
      Connection:
      - keep-alive
      ParameterSetName:
      - -g -n --template-file --rollback-on-error
      User-Agent:
      - AZURECLI/2.24.2 azsdk-python-azure-mgmt-resource/18.0.0 Python/3.8.10 (Windows-10-10.0.19043-SP0)
    method: GET
    uri: https://management.azure.com/subscriptions/00000000-0000-0000-0000-000000000000/resourcegroups/cli_test_on_error_deployment_lastsuccessful000001/providers/Microsoft.Resources/deployments/mock-deployment?api-version=2021-01-01
  response:
    body:
      string: '{"id":"/subscriptions/00000000-0000-0000-0000-000000000000/resourceGroups/cli_test_on_error_deployment_lastsuccessful000001/providers/Microsoft.Resources/deployments/azure-cli-deployment000003","name":"azure-cli-deployment000003","type":"Microsoft.Resources/deployments","properties":{"templateHash":"3965660584125802942","mode":"Incremental","provisioningState":"Succeeded","timestamp":"2021-06-14T10:09:48.0099521Z","duration":"PT2.3913301S","correlationId":"2bc32277-20e5-4109-b3be-43b1b15ee705","providers":[],"dependencies":[],"onErrorDeployment":{"type":"LastSuccessful","deploymentName":"azure-cli-deployment000002"},"outputResources":[]}}'
    headers:
      cache-control:
      - no-cache
      content-length:
      - '684'
      content-type:
      - application/json; charset=utf-8
      date:
      - Mon, 14 Jun 2021 10:10:18 GMT
      expires:
      - '-1'
      pragma:
      - no-cache
      strict-transport-security:
      - max-age=31536000; includeSubDomains
      vary:
      - Accept-Encoding
      x-content-type-options:
      - nosniff
    status:
      code: 200
      message: OK
version: 1
