interactions:
- request:
    body: null
    headers:
      Accept:
      - application/json
      Accept-Encoding:
      - gzip, deflate
      CommandName:
      - network vnet create
      Connection:
      - keep-alive
      ParameterSetName:
      - -n -g
      User-Agent:
      - python/3.8.6 (Windows-10-10.0.19041-SP0) msrest/0.6.18 msrest_azure/0.6.3
        azure-mgmt-resource/12.0.0 Azure-SDK-For-Python AZURECLI/2.16.0
      accept-language:
      - en-US
    method: GET
    uri: https://management.azure.com/subscriptions/00000000-0000-0000-0000-000000000000/resourcegroups/cli_test_lock_with_resource_id000001?api-version=2020-10-01
  response:
    body:
      string: '{"id":"/subscriptions/00000000-0000-0000-0000-000000000000/resourceGroups/cli_test_lock_with_resource_id000001","name":"cli_test_lock_with_resource_id000001","type":"Microsoft.Resources/resourceGroups","location":"westus","tags":{"product":"azurecli","cause":"automation","date":"2020-12-09T15:46:25Z"},"properties":{"provisioningState":"Succeeded"}}'
    headers:
      cache-control:
      - no-cache
      content-length:
      - '428'
      content-type:
      - application/json; charset=utf-8
      date:
      - Wed, 09 Dec 2020 15:46:29 GMT
      expires:
      - '-1'
      pragma:
      - no-cache
      strict-transport-security:
      - max-age=31536000; includeSubDomains
      vary:
      - Accept-Encoding
      x-content-type-options:
      - nosniff
    status:
      code: 200
      message: OK
- request:
    body: '{"location": "westus", "tags": {}, "properties": {"addressSpace": {"addressPrefixes":
      ["10.0.0.0/16"]}, "dhcpOptions": {}}}'
    headers:
      Accept:
      - application/json
      Accept-Encoding:
      - gzip, deflate
      CommandName:
      - network vnet create
      Connection:
      - keep-alive
      Content-Length:
      - '123'
      Content-Type:
      - application/json; charset=utf-8
      ParameterSetName:
      - -n -g
      User-Agent:
      - python/3.8.6 (Windows-10-10.0.19041-SP0) msrest/0.6.18 msrest_azure/0.6.3
        azure-mgmt-network/13.0.0 Azure-SDK-For-Python AZURECLI/2.16.0
      accept-language:
      - en-US
    method: PUT
    uri: https://management.azure.com/subscriptions/00000000-0000-0000-0000-000000000000/resourceGroups/cli_test_lock_with_resource_id000001/providers/Microsoft.Network/virtualNetworks/cli-lock-vnet000002?api-version=2020-07-01
  response:
    body:
      string: "{\r\n  \"name\": \"cli-lock-vnet000002\",\r\n  \"id\": \"/subscriptions/00000000-0000-0000-0000-000000000000/resourceGroups/cli_test_lock_with_resource_id000001/providers/Microsoft.Network/virtualNetworks/cli-lock-vnet000002\",\r\n
        \ \"etag\": \"W/\\\"cbe86124-01f8-4354-b90c-2e66dec8a391\\\"\",\r\n  \"type\":
        \"Microsoft.Network/virtualNetworks\",\r\n  \"location\": \"westus\",\r\n
        \ \"tags\": {},\r\n  \"properties\": {\r\n    \"provisioningState\": \"Updating\",\r\n
        \   \"resourceGuid\": \"b02dec1a-740b-4f0c-88eb-33953cd49b8b\",\r\n    \"addressSpace\":
        {\r\n      \"addressPrefixes\": [\r\n        \"10.0.0.0/16\"\r\n      ]\r\n
        \   },\r\n    \"dhcpOptions\": {\r\n      \"dnsServers\": []\r\n    },\r\n
        \   \"subnets\": [],\r\n    \"virtualNetworkPeerings\": [],\r\n    \"enableDdosProtection\":
        false,\r\n    \"enableVmProtection\": false\r\n  }\r\n}"
    headers:
      azure-asyncnotification:
      - Enabled
      azure-asyncoperation:
      - https://management.azure.com/subscriptions/00000000-0000-0000-0000-000000000000/providers/Microsoft.Network/locations/westus/operations/dc05bc16-c503-46a9-b083-19afbb0b0b0c?api-version=2020-07-01
      cache-control:
      - no-cache
      content-length:
      - '816'
      content-type:
      - application/json; charset=utf-8
      date:
      - Wed, 09 Dec 2020 15:46:32 GMT
      expires:
      - '-1'
      pragma:
      - no-cache
      server:
      - Microsoft-HTTPAPI/2.0
      - Microsoft-HTTPAPI/2.0
      strict-transport-security:
      - max-age=31536000; includeSubDomains
      x-content-type-options:
      - nosniff
      x-ms-arm-service-request-id:
      - 92c2c4d7-2e45-4b2d-ad94-9da0b3a8686e
      x-ms-ratelimit-remaining-subscription-writes:
      - '1198'
    status:
      code: 201
      message: Created
- request:
    body: null
    headers:
      Accept:
      - application/json
      Accept-Encoding:
      - gzip, deflate
      CommandName:
      - network vnet create
      Connection:
      - keep-alive
      ParameterSetName:
      - -n -g
      User-Agent:
      - python/3.8.6 (Windows-10-10.0.19041-SP0) msrest/0.6.18 msrest_azure/0.6.3
        azure-mgmt-network/13.0.0 Azure-SDK-For-Python AZURECLI/2.16.0
    method: GET
    uri: https://management.azure.com/subscriptions/00000000-0000-0000-0000-000000000000/providers/Microsoft.Network/locations/westus/operations/dc05bc16-c503-46a9-b083-19afbb0b0b0c?api-version=2020-07-01
  response:
    body:
      string: "{\r\n  \"status\": \"Succeeded\"\r\n}"
    headers:
      cache-control:
      - no-cache
      content-length:
      - '29'
      content-type:
      - application/json; charset=utf-8
      date:
      - Wed, 09 Dec 2020 15:46:35 GMT
      expires:
      - '-1'
      pragma:
      - no-cache
      server:
      - Microsoft-HTTPAPI/2.0
      - Microsoft-HTTPAPI/2.0
      strict-transport-security:
      - max-age=31536000; includeSubDomains
      transfer-encoding:
      - chunked
      vary:
      - Accept-Encoding
      x-content-type-options:
      - nosniff
      x-ms-arm-service-request-id:
      - 28ae5da4-4223-44e8-924d-b79280501e77
    status:
      code: 200
      message: OK
- request:
    body: null
    headers:
      Accept:
      - application/json
      Accept-Encoding:
      - gzip, deflate
      CommandName:
      - network vnet create
      Connection:
      - keep-alive
      ParameterSetName:
      - -n -g
      User-Agent:
      - python/3.8.6 (Windows-10-10.0.19041-SP0) msrest/0.6.18 msrest_azure/0.6.3
        azure-mgmt-network/13.0.0 Azure-SDK-For-Python AZURECLI/2.16.0
    method: GET
    uri: https://management.azure.com/subscriptions/00000000-0000-0000-0000-000000000000/resourceGroups/cli_test_lock_with_resource_id000001/providers/Microsoft.Network/virtualNetworks/cli-lock-vnet000002?api-version=2020-07-01
  response:
    body:
      string: "{\r\n  \"name\": \"cli-lock-vnet000002\",\r\n  \"id\": \"/subscriptions/00000000-0000-0000-0000-000000000000/resourceGroups/cli_test_lock_with_resource_id000001/providers/Microsoft.Network/virtualNetworks/cli-lock-vnet000002\",\r\n
        \ \"etag\": \"W/\\\"1aa43a79-92ec-494f-b2c7-60f521347c48\\\"\",\r\n  \"type\":
        \"Microsoft.Network/virtualNetworks\",\r\n  \"location\": \"westus\",\r\n
        \ \"tags\": {},\r\n  \"properties\": {\r\n    \"provisioningState\": \"Succeeded\",\r\n
        \   \"resourceGuid\": \"b02dec1a-740b-4f0c-88eb-33953cd49b8b\",\r\n    \"addressSpace\":
        {\r\n      \"addressPrefixes\": [\r\n        \"10.0.0.0/16\"\r\n      ]\r\n
        \   },\r\n    \"dhcpOptions\": {\r\n      \"dnsServers\": []\r\n    },\r\n
        \   \"subnets\": [],\r\n    \"virtualNetworkPeerings\": [],\r\n    \"enableDdosProtection\":
        false,\r\n    \"enableVmProtection\": false\r\n  }\r\n}"
    headers:
      cache-control:
      - no-cache
      content-length:
      - '817'
      content-type:
      - application/json; charset=utf-8
      date:
      - Wed, 09 Dec 2020 15:46:35 GMT
      etag:
      - W/"1aa43a79-92ec-494f-b2c7-60f521347c48"
      expires:
      - '-1'
      pragma:
      - no-cache
      server:
      - Microsoft-HTTPAPI/2.0
      - Microsoft-HTTPAPI/2.0
      strict-transport-security:
      - max-age=31536000; includeSubDomains
      transfer-encoding:
      - chunked
      vary:
      - Accept-Encoding
      x-content-type-options:
      - nosniff
      x-ms-arm-service-request-id:
      - 6c9e16b5-19f2-4961-99c3-0e9938d2e89f
    status:
      code: 200
      message: OK
- request:
    body: null
    headers:
      Accept:
      - application/json
      Accept-Encoding:
      - gzip, deflate
      CommandName:
      - network vnet subnet create
      Connection:
      - keep-alive
      ParameterSetName:
      - -n --address-prefix --vnet-name -g
      User-Agent:
      - python/3.8.6 (Windows-10-10.0.19041-SP0) msrest/0.6.18 msrest_azure/0.6.3
        azure-mgmt-network/13.0.0 Azure-SDK-For-Python AZURECLI/2.16.0
      accept-language:
      - en-US
    method: GET
    uri: https://management.azure.com/subscriptions/00000000-0000-0000-0000-000000000000/resourceGroups/cli_test_lock_with_resource_id000001/providers/Microsoft.Network/virtualNetworks/cli-lock-vnet000002?api-version=2020-07-01
  response:
    body:
      string: "{\r\n  \"name\": \"cli-lock-vnet000002\",\r\n  \"id\": \"/subscriptions/00000000-0000-0000-0000-000000000000/resourceGroups/cli_test_lock_with_resource_id000001/providers/Microsoft.Network/virtualNetworks/cli-lock-vnet000002\",\r\n
        \ \"etag\": \"W/\\\"1aa43a79-92ec-494f-b2c7-60f521347c48\\\"\",\r\n  \"type\":
        \"Microsoft.Network/virtualNetworks\",\r\n  \"location\": \"westus\",\r\n
        \ \"tags\": {},\r\n  \"properties\": {\r\n    \"provisioningState\": \"Succeeded\",\r\n
        \   \"resourceGuid\": \"b02dec1a-740b-4f0c-88eb-33953cd49b8b\",\r\n    \"addressSpace\":
        {\r\n      \"addressPrefixes\": [\r\n        \"10.0.0.0/16\"\r\n      ]\r\n
        \   },\r\n    \"dhcpOptions\": {\r\n      \"dnsServers\": []\r\n    },\r\n
        \   \"subnets\": [],\r\n    \"virtualNetworkPeerings\": [],\r\n    \"enableDdosProtection\":
        false,\r\n    \"enableVmProtection\": false\r\n  }\r\n}"
    headers:
      cache-control:
      - no-cache
      content-length:
      - '817'
      content-type:
      - application/json; charset=utf-8
      date:
      - Wed, 09 Dec 2020 15:46:36 GMT
      etag:
      - W/"1aa43a79-92ec-494f-b2c7-60f521347c48"
      expires:
      - '-1'
      pragma:
      - no-cache
      server:
      - Microsoft-HTTPAPI/2.0
      - Microsoft-HTTPAPI/2.0
      strict-transport-security:
      - max-age=31536000; includeSubDomains
      transfer-encoding:
      - chunked
      vary:
      - Accept-Encoding
      x-content-type-options:
      - nosniff
      x-ms-arm-service-request-id:
      - 9a1d37c9-15fb-4778-a259-d4ad2115dc22
    status:
      code: 200
      message: OK
- request:
    body: '{"id": "/subscriptions/00000000-0000-0000-0000-000000000000/resourceGroups/cli_test_lock_with_resource_id000001/providers/Microsoft.Network/virtualNetworks/cli-lock-vnet000002",
      "location": "westus", "tags": {}, "properties": {"addressSpace": {"addressPrefixes":
      ["10.0.0.0/16"]}, "dhcpOptions": {"dnsServers": []}, "subnets": [{"properties":
      {"addressPrefix": "10.0.0.0/16"}, "name": "cli-lock-subnet000003"}], "virtualNetworkPeerings":
      [], "enableDdosProtection": false, "enableVmProtection": false}}'
    headers:
      Accept:
      - application/json
      Accept-Encoding:
      - gzip, deflate
      CommandName:
      - network vnet subnet create
      Connection:
      - keep-alive
      Content-Length:
      - '561'
      Content-Type:
      - application/json; charset=utf-8
      ParameterSetName:
      - -n --address-prefix --vnet-name -g
      User-Agent:
      - python/3.8.6 (Windows-10-10.0.19041-SP0) msrest/0.6.18 msrest_azure/0.6.3
        azure-mgmt-network/13.0.0 Azure-SDK-For-Python AZURECLI/2.16.0
      accept-language:
      - en-US
    method: PUT
    uri: https://management.azure.com/subscriptions/00000000-0000-0000-0000-000000000000/resourceGroups/cli_test_lock_with_resource_id000001/providers/Microsoft.Network/virtualNetworks/cli-lock-vnet000002?api-version=2020-07-01
  response:
    body:
      string: "{\r\n  \"name\": \"cli-lock-vnet000002\",\r\n  \"id\": \"/subscriptions/00000000-0000-0000-0000-000000000000/resourceGroups/cli_test_lock_with_resource_id000001/providers/Microsoft.Network/virtualNetworks/cli-lock-vnet000002\",\r\n
        \ \"etag\": \"W/\\\"b6afac81-5c89-4fa9-ad35-6de1d04bb596\\\"\",\r\n  \"type\":
        \"Microsoft.Network/virtualNetworks\",\r\n  \"location\": \"westus\",\r\n
        \ \"tags\": {},\r\n  \"properties\": {\r\n    \"provisioningState\": \"Updating\",\r\n
        \   \"resourceGuid\": \"b02dec1a-740b-4f0c-88eb-33953cd49b8b\",\r\n    \"addressSpace\":
        {\r\n      \"addressPrefixes\": [\r\n        \"10.0.0.0/16\"\r\n      ]\r\n
        \   },\r\n    \"dhcpOptions\": {\r\n      \"dnsServers\": []\r\n    },\r\n
        \   \"subnets\": [\r\n      {\r\n        \"name\": \"cli-lock-subnet000003\",\r\n
        \       \"id\": \"/subscriptions/00000000-0000-0000-0000-000000000000/resourceGroups/cli_test_lock_with_resource_id000001/providers/Microsoft.Network/virtualNetworks/cli-lock-vnet000002/subnets/cli-lock-subnet000003\",\r\n
        \       \"etag\": \"W/\\\"b6afac81-5c89-4fa9-ad35-6de1d04bb596\\\"\",\r\n
        \       \"properties\": {\r\n          \"provisioningState\": \"Updating\",\r\n
        \         \"addressPrefix\": \"10.0.0.0/16\",\r\n          \"delegations\":
        [],\r\n          \"privateEndpointNetworkPolicies\": \"Enabled\",\r\n          \"privateLinkServiceNetworkPolicies\":
        \"Enabled\"\r\n        },\r\n        \"type\": \"Microsoft.Network/virtualNetworks/subnets\"\r\n
        \     }\r\n    ],\r\n    \"virtualNetworkPeerings\": [],\r\n    \"enableDdosProtection\":
        false,\r\n    \"enableVmProtection\": false\r\n  }\r\n}"
    headers:
      azure-asyncoperation:
      - https://management.azure.com/subscriptions/00000000-0000-0000-0000-000000000000/providers/Microsoft.Network/locations/westus/operations/13f826f4-63cc-44b7-afb1-1b725f944a8b?api-version=2020-07-01
      cache-control:
      - no-cache
      content-length:
      - '1558'
      content-type:
      - application/json; charset=utf-8
      date:
      - Wed, 09 Dec 2020 15:46:36 GMT
      expires:
      - '-1'
      pragma:
      - no-cache
      server:
      - Microsoft-HTTPAPI/2.0
      - Microsoft-HTTPAPI/2.0
      strict-transport-security:
      - max-age=31536000; includeSubDomains
      transfer-encoding:
      - chunked
      vary:
      - Accept-Encoding
      x-content-type-options:
      - nosniff
      x-ms-arm-service-request-id:
      - 5190b732-7020-47ce-9d70-0440855a32f0
      x-ms-ratelimit-remaining-subscription-writes:
      - '1198'
    status:
      code: 200
      message: OK
- request:
    body: null
    headers:
      Accept:
      - application/json
      Accept-Encoding:
      - gzip, deflate
      CommandName:
      - network vnet subnet create
      Connection:
      - keep-alive
      ParameterSetName:
      - -n --address-prefix --vnet-name -g
      User-Agent:
      - python/3.8.6 (Windows-10-10.0.19041-SP0) msrest/0.6.18 msrest_azure/0.6.3
        azure-mgmt-network/13.0.0 Azure-SDK-For-Python AZURECLI/2.16.0
    method: GET
    uri: https://management.azure.com/subscriptions/00000000-0000-0000-0000-000000000000/providers/Microsoft.Network/locations/westus/operations/13f826f4-63cc-44b7-afb1-1b725f944a8b?api-version=2020-07-01
  response:
    body:
      string: "{\r\n  \"status\": \"Succeeded\"\r\n}"
    headers:
      cache-control:
      - no-cache
      content-length:
      - '29'
      content-type:
      - application/json; charset=utf-8
      date:
      - Wed, 09 Dec 2020 15:46:40 GMT
      expires:
      - '-1'
      pragma:
      - no-cache
      server:
      - Microsoft-HTTPAPI/2.0
      - Microsoft-HTTPAPI/2.0
      strict-transport-security:
      - max-age=31536000; includeSubDomains
      transfer-encoding:
      - chunked
      vary:
      - Accept-Encoding
      x-content-type-options:
      - nosniff
      x-ms-arm-service-request-id:
      - 5b3be3d8-2683-452f-a2ff-f4e3316ab8f6
    status:
      code: 200
      message: OK
- request:
    body: null
    headers:
      Accept:
      - application/json
      Accept-Encoding:
      - gzip, deflate
      CommandName:
      - network vnet subnet create
      Connection:
      - keep-alive
      ParameterSetName:
      - -n --address-prefix --vnet-name -g
      User-Agent:
      - python/3.8.6 (Windows-10-10.0.19041-SP0) msrest/0.6.18 msrest_azure/0.6.3
        azure-mgmt-network/13.0.0 Azure-SDK-For-Python AZURECLI/2.16.0
    method: GET
    uri: https://management.azure.com/subscriptions/00000000-0000-0000-0000-000000000000/resourceGroups/cli_test_lock_with_resource_id000001/providers/Microsoft.Network/virtualNetworks/cli-lock-vnet000002?api-version=2020-07-01
  response:
    body:
      string: "{\r\n  \"name\": \"cli-lock-vnet000002\",\r\n  \"id\": \"/subscriptions/00000000-0000-0000-0000-000000000000/resourceGroups/cli_test_lock_with_resource_id000001/providers/Microsoft.Network/virtualNetworks/cli-lock-vnet000002\",\r\n
        \ \"etag\": \"W/\\\"4a2a4726-7c0d-4dc9-8b86-314253475284\\\"\",\r\n  \"type\":
        \"Microsoft.Network/virtualNetworks\",\r\n  \"location\": \"westus\",\r\n
        \ \"tags\": {},\r\n  \"properties\": {\r\n    \"provisioningState\": \"Succeeded\",\r\n
        \   \"resourceGuid\": \"b02dec1a-740b-4f0c-88eb-33953cd49b8b\",\r\n    \"addressSpace\":
        {\r\n      \"addressPrefixes\": [\r\n        \"10.0.0.0/16\"\r\n      ]\r\n
        \   },\r\n    \"dhcpOptions\": {\r\n      \"dnsServers\": []\r\n    },\r\n
        \   \"subnets\": [\r\n      {\r\n        \"name\": \"cli-lock-subnet000003\",\r\n
        \       \"id\": \"/subscriptions/00000000-0000-0000-0000-000000000000/resourceGroups/cli_test_lock_with_resource_id000001/providers/Microsoft.Network/virtualNetworks/cli-lock-vnet000002/subnets/cli-lock-subnet000003\",\r\n
        \       \"etag\": \"W/\\\"4a2a4726-7c0d-4dc9-8b86-314253475284\\\"\",\r\n
        \       \"properties\": {\r\n          \"provisioningState\": \"Succeeded\",\r\n
        \         \"addressPrefix\": \"10.0.0.0/16\",\r\n          \"delegations\":
        [],\r\n          \"privateEndpointNetworkPolicies\": \"Enabled\",\r\n          \"privateLinkServiceNetworkPolicies\":
        \"Enabled\"\r\n        },\r\n        \"type\": \"Microsoft.Network/virtualNetworks/subnets\"\r\n
        \     }\r\n    ],\r\n    \"virtualNetworkPeerings\": [],\r\n    \"enableDdosProtection\":
        false,\r\n    \"enableVmProtection\": false\r\n  }\r\n}"
    headers:
      cache-control:
      - no-cache
      content-length:
      - '1560'
      content-type:
      - application/json; charset=utf-8
      date:
      - Wed, 09 Dec 2020 15:46:40 GMT
      etag:
      - W/"4a2a4726-7c0d-4dc9-8b86-314253475284"
      expires:
      - '-1'
      pragma:
      - no-cache
      server:
      - Microsoft-HTTPAPI/2.0
      - Microsoft-HTTPAPI/2.0
      strict-transport-security:
      - max-age=31536000; includeSubDomains
      transfer-encoding:
      - chunked
      vary:
      - Accept-Encoding
      x-content-type-options:
      - nosniff
      x-ms-arm-service-request-id:
      - 78527a54-4df1-49ab-8a89-0dcf08b76cd1
    status:
      code: 200
      message: OK
- request:
    body: '{"properties": {"level": "CanNotDelete"}}'
    headers:
      Accept:
      - application/json
      Accept-Encoding:
      - gzip, deflate
      CommandName:
      - resource lock create
      Connection:
      - keep-alive
      Content-Length:
      - '41'
      Content-Type:
      - application/json; charset=utf-8
      ParameterSetName:
      - -n --resource --lock-type
      User-Agent:
      - python/3.8.6 (Windows-10-10.0.19041-SP0) msrest/0.6.18 msrest_azure/0.6.3
        azure-mgmt-resource/12.0.0 Azure-SDK-For-Python AZURECLI/2.16.0
      accept-language:
      - en-US
    method: PUT
    uri: https://management.azure.com/subscriptions/00000000-0000-0000-0000-000000000000/resourcegroups/cli_test_lock_with_resource_id000001/providers/Microsoft.Network/virtualNetworks/cli-lock-vnet000002/providers/Microsoft.Authorization/locks/cli-test-lock000004?api-version=2016-09-01
  response:
    body:
      string: '{"properties":{"level":"CanNotDelete"},"id":"/subscriptions/00000000-0000-0000-0000-000000000000/resourcegroups/cli_test_lock_with_resource_id000001/providers/Microsoft.Network/virtualNetworks/cli-lock-vnet000002/providers/Microsoft.Authorization/locks/cli-test-lock000004","type":"Microsoft.Authorization/locks","name":"cli-test-lock000004"}'
    headers:
      cache-control:
      - no-cache
      content-length:
      - '454'
      content-type:
      - application/json; charset=utf-8
      date:
      - Wed, 09 Dec 2020 15:46:40 GMT
      expires:
      - '-1'
      pragma:
      - no-cache
      strict-transport-security:
      - max-age=31536000; includeSubDomains
      x-content-type-options:
      - nosniff
      x-ms-ratelimit-remaining-subscription-writes:
      - '1199'
    status:
      code: 201
      message: Created
- request:
    body: '{"properties": {"level": "CanNotDelete"}}'
    headers:
      Accept:
      - application/json
      Accept-Encoding:
      - gzip, deflate
      CommandName:
      - lock create
      Connection:
      - keep-alive
      Content-Length:
      - '41'
      Content-Type:
      - application/json; charset=utf-8
      ParameterSetName:
      - -n --resource --lock-type
      User-Agent:
      - python/3.8.6 (Windows-10-10.0.19041-SP0) msrest/0.6.18 msrest_azure/0.6.3
        azure-mgmt-resource/12.0.0 Azure-SDK-For-Python AZURECLI/2.16.0
      accept-language:
      - en-US
    method: PUT
    uri: https://management.azure.com/subscriptions/00000000-0000-0000-0000-000000000000/resourcegroups/cli_test_lock_with_resource_id000001/providers/Microsoft.Network/virtualNetworks/cli-lock-vnet000002/subnets/cli-lock-subnet000003/providers/Microsoft.Authorization/locks/cli-test-lock000005?api-version=2016-09-01
  response:
    body:
      string: '{"properties":{"level":"CanNotDelete"},"id":"/subscriptions/00000000-0000-0000-0000-000000000000/resourcegroups/cli_test_lock_with_resource_id000001/providers/Microsoft.Network/virtualNetworks/cli-lock-vnet000002/subnets/cli-lock-subnet000003/providers/Microsoft.Authorization/locks/cli-test-lock000005","type":"Microsoft.Authorization/locks","name":"cli-test-lock000005"}'
    headers:
      cache-control:
      - no-cache
      content-length:
      - '433'
      content-type:
      - application/json; charset=utf-8
      date:
      - Wed, 09 Dec 2020 15:46:41 GMT
      expires:
      - '-1'
      pragma:
      - no-cache
      strict-transport-security:
      - max-age=31536000; includeSubDomains
      x-content-type-options:
      - nosniff
      x-ms-ratelimit-remaining-subscription-writes:
      - '1198'
    status:
      code: 201
      message: Created
- request:
    body: null
    headers:
      Accept:
      - application/json
      Accept-Encoding:
      - gzip, deflate
      CommandName:
      - resource lock show
      Connection:
      - keep-alive
      ParameterSetName:
      - --name --resource
      User-Agent:
      - python/3.8.6 (Windows-10-10.0.19041-SP0) msrest/0.6.18 msrest_azure/0.6.3
        azure-mgmt-resource/12.0.0 Azure-SDK-For-Python AZURECLI/2.16.0
      accept-language:
      - en-US
    method: GET
    uri: https://management.azure.com/subscriptions/00000000-0000-0000-0000-000000000000/providers/Microsoft.Authorization/locks?api-version=2016-09-01
  response:
    body:
      string: '{"value":[{"properties":{"level":"CanNotDelete"},"id":"/subscriptions/00000000-0000-0000-0000-000000000000/resourcegroups/cli_test_cannotdelete_resource_lock3en4tgxoualk4smbe5qf7skykvcq3c4onu6kp2ee/providers/Microsoft.Network/virtualNetworks/cli.lock.rsrcy5czyytrjgekfye2j/providers/Microsoft.Authorization/locks/cli-test-lockittdxecoshqaldrgtfg2dhte4p7hzizmvbcnh7qcqi3omn3msydndffdhzchj","type":"Microsoft.Authorization/locks","name":"cli-test-lockittdxecoshqaldrgtfg2dhte4p7hzizmvbcnh7qcqi3omn3msydndffdhzchj"},{"properties":{"level":"CanNotDelete","notes":"Auto-created
        by Azure Backup for storage accounts registered with a Recovery Services Vault.
        This lock is intended to guard against deletion of backups due to accidental
        deletion of the storage account."},"id":"/subscriptions/00000000-0000-0000-0000-000000000000/resourcegroups/gokul-testrg4/providers/microsoft.storage/storageAccounts/cd2zky4hqprtqazscripts/providers/Microsoft.Authorization/locks/AzureBackupProtectionLock","type":"Microsoft.Authorization/locks","name":"AzureBackupProtectionLock"},{"properties":{"level":"CanNotDelete"},"id":"/subscriptions/00000000-0000-0000-0000-000000000000/resourcegroups/cli_test_lock_with_resource_id000001/providers/Microsoft.Network/virtualNetworks/cli-lock-vnet000002/providers/Microsoft.Authorization/locks/cli-test-lock000004","type":"Microsoft.Authorization/locks","name":"cli-test-lock000004"},{"properties":{"level":"CanNotDelete"},"id":"/subscriptions/00000000-0000-0000-0000-000000000000/resourcegroups/cli_test_lock_with_resource_id000001/providers/Microsoft.Network/virtualNetworks/cli-lock-vnet000002/subnets/cli-lock-subnet000003/providers/Microsoft.Authorization/locks/cli-test-lock000005","type":"Microsoft.Authorization/locks","name":"cli-test-lock000005"},{"properties":{"level":"CanNotDelete","notes":"Deleting
        a domain will make it unavailable to purchase for 60 days. Please remove the
        lock before deleting this domain."},"id":"/subscriptions/00000000-0000-0000-0000-000000000000/resourcegroups/dania-what-if/providers/Microsoft.DomainRegistration/domains/alias140.net/providers/Microsoft.Authorization/locks/alias140.net","type":"Microsoft.Authorization/locks","name":"alias140.net"},{"properties":{"level":"CanNotDelete","notes":"This
        DNS zone was created when purchasing a domain and is likely still required
        by the domain. If you still want to delete this DNS zone please remove the
        lock and delete the zone."},"id":"/subscriptions/00000000-0000-0000-0000-000000000000/resourcegroups/dania-what-if/providers/Microsoft.Network/dnszones/alias140.net/providers/Microsoft.Authorization/locks/alias140.net","type":"Microsoft.Authorization/locks","name":"alias140.net"}]}'
    headers:
      cache-control:
      - no-cache
      content-length:
      - '2866'
      content-type:
      - application/json; charset=utf-8
      date:
      - Wed, 09 Dec 2020 15:46:42 GMT
      expires:
      - '-1'
      pragma:
      - no-cache
      strict-transport-security:
      - max-age=31536000; includeSubDomains
      transfer-encoding:
      - chunked
      vary:
      - Accept-Encoding,Accept-Encoding
      x-content-type-options:
      - nosniff
    status:
      code: 200
      message: OK
- request:
    body: null
    headers:
      Accept:
      - application/json
      Accept-Encoding:
      - gzip, deflate
      CommandName:
      - resource lock show
      Connection:
      - keep-alive
      ParameterSetName:
      - --name --resource
      User-Agent:
      - python/3.8.6 (Windows-10-10.0.19041-SP0) msrest/0.6.18 msrest_azure/0.6.3
        azure-mgmt-resource/12.0.0 Azure-SDK-For-Python AZURECLI/2.16.0
      accept-language:
      - en-US
    method: GET
    uri: https://management.azure.com/subscriptions/00000000-0000-0000-0000-000000000000/resourcegroups/cli_test_lock_with_resource_id000001/providers/Microsoft.Network/virtualNetworks/cli-lock-vnet000002/providers/Microsoft.Authorization/locks/cli-test-lock000004?api-version=2016-09-01
  response:
    body:
      string: '{"properties":{"level":"CanNotDelete"},"id":"/subscriptions/00000000-0000-0000-0000-000000000000/resourcegroups/cli_test_lock_with_resource_id000001/providers/Microsoft.Network/virtualNetworks/cli-lock-vnet000002/providers/Microsoft.Authorization/locks/cli-test-lock000004","type":"Microsoft.Authorization/locks","name":"cli-test-lock000004"}'
    headers:
      cache-control:
      - no-cache
      content-length:
      - '454'
      content-type:
      - application/json; charset=utf-8
      date:
      - Wed, 09 Dec 2020 15:46:42 GMT
      expires:
      - '-1'
      pragma:
      - no-cache
      strict-transport-security:
      - max-age=31536000; includeSubDomains
      transfer-encoding:
      - chunked
      vary:
      - Accept-Encoding,Accept-Encoding
      x-content-type-options:
      - nosniff
    status:
      code: 200
      message: OK
- request:
    body: null
    headers:
      Accept:
      - application/json
      Accept-Encoding:
      - gzip, deflate
      CommandName:
      - lock show
      Connection:
      - keep-alive
      ParameterSetName:
      - --name --resource
      User-Agent:
      - python/3.8.6 (Windows-10-10.0.19041-SP0) msrest/0.6.18 msrest_azure/0.6.3
        azure-mgmt-resource/12.0.0 Azure-SDK-For-Python AZURECLI/2.16.0
      accept-language:
      - en-US
    method: GET
    uri: https://management.azure.com/subscriptions/00000000-0000-0000-0000-000000000000/providers/Microsoft.Authorization/locks?api-version=2016-09-01
  response:
    body:
      string: '{"value":[{"properties":{"level":"CanNotDelete"},"id":"/subscriptions/00000000-0000-0000-0000-000000000000/resourcegroups/cli_test_cannotdelete_resource_lock3en4tgxoualk4smbe5qf7skykvcq3c4onu6kp2ee/providers/Microsoft.Network/virtualNetworks/cli.lock.rsrcy5czyytrjgekfye2j/providers/Microsoft.Authorization/locks/cli-test-lockittdxecoshqaldrgtfg2dhte4p7hzizmvbcnh7qcqi3omn3msydndffdhzchj","type":"Microsoft.Authorization/locks","name":"cli-test-lockittdxecoshqaldrgtfg2dhte4p7hzizmvbcnh7qcqi3omn3msydndffdhzchj"},{"properties":{"level":"CanNotDelete","notes":"Auto-created
        by Azure Backup for storage accounts registered with a Recovery Services Vault.
        This lock is intended to guard against deletion of backups due to accidental
        deletion of the storage account."},"id":"/subscriptions/00000000-0000-0000-0000-000000000000/resourcegroups/gokul-testrg4/providers/microsoft.storage/storageAccounts/cd2zky4hqprtqazscripts/providers/Microsoft.Authorization/locks/AzureBackupProtectionLock","type":"Microsoft.Authorization/locks","name":"AzureBackupProtectionLock"},{"properties":{"level":"CanNotDelete"},"id":"/subscriptions/00000000-0000-0000-0000-000000000000/resourcegroups/cli_test_lock_with_resource_id000001/providers/Microsoft.Network/virtualNetworks/cli-lock-vnet000002/providers/Microsoft.Authorization/locks/cli-test-lock000004","type":"Microsoft.Authorization/locks","name":"cli-test-lock000004"},{"properties":{"level":"CanNotDelete"},"id":"/subscriptions/00000000-0000-0000-0000-000000000000/resourcegroups/cli_test_lock_with_resource_id000001/providers/Microsoft.Network/virtualNetworks/cli-lock-vnet000002/subnets/cli-lock-subnet000003/providers/Microsoft.Authorization/locks/cli-test-lock000005","type":"Microsoft.Authorization/locks","name":"cli-test-lock000005"},{"properties":{"level":"CanNotDelete","notes":"Deleting
        a domain will make it unavailable to purchase for 60 days. Please remove the
        lock before deleting this domain."},"id":"/subscriptions/00000000-0000-0000-0000-000000000000/resourcegroups/dania-what-if/providers/Microsoft.DomainRegistration/domains/alias140.net/providers/Microsoft.Authorization/locks/alias140.net","type":"Microsoft.Authorization/locks","name":"alias140.net"},{"properties":{"level":"CanNotDelete","notes":"This
        DNS zone was created when purchasing a domain and is likely still required
        by the domain. If you still want to delete this DNS zone please remove the
        lock and delete the zone."},"id":"/subscriptions/00000000-0000-0000-0000-000000000000/resourcegroups/dania-what-if/providers/Microsoft.Network/dnszones/alias140.net/providers/Microsoft.Authorization/locks/alias140.net","type":"Microsoft.Authorization/locks","name":"alias140.net"}]}'
    headers:
      cache-control:
      - no-cache
      content-length:
      - '2866'
      content-type:
      - application/json; charset=utf-8
      date:
      - Wed, 09 Dec 2020 15:46:41 GMT
      expires:
      - '-1'
      pragma:
      - no-cache
      strict-transport-security:
      - max-age=31536000; includeSubDomains
      transfer-encoding:
      - chunked
      vary:
      - Accept-Encoding,Accept-Encoding
      x-content-type-options:
      - nosniff
    status:
      code: 200
      message: OK
- request:
    body: null
    headers:
      Accept:
      - application/json
      Accept-Encoding:
      - gzip, deflate
      CommandName:
      - lock show
      Connection:
      - keep-alive
      ParameterSetName:
      - --name --resource
      User-Agent:
      - python/3.8.6 (Windows-10-10.0.19041-SP0) msrest/0.6.18 msrest_azure/0.6.3
        azure-mgmt-resource/12.0.0 Azure-SDK-For-Python AZURECLI/2.16.0
      accept-language:
      - en-US
    method: GET
    uri: https://management.azure.com/subscriptions/00000000-0000-0000-0000-000000000000/resourcegroups/cli_test_lock_with_resource_id000001/providers/Microsoft.Network/virtualNetworks/cli-lock-vnet000002/subnets/cli-lock-subnet000003/providers/Microsoft.Authorization/locks/cli-test-lock000005?api-version=2016-09-01
  response:
    body:
      string: '{"properties":{"level":"CanNotDelete"},"id":"/subscriptions/00000000-0000-0000-0000-000000000000/resourcegroups/cli_test_lock_with_resource_id000001/providers/Microsoft.Network/virtualNetworks/cli-lock-vnet000002/subnets/cli-lock-subnet000003/providers/Microsoft.Authorization/locks/cli-test-lock000005","type":"Microsoft.Authorization/locks","name":"cli-test-lock000005"}'
    headers:
      cache-control:
      - no-cache
      content-length:
      - '433'
      content-type:
      - application/json; charset=utf-8
      date:
      - Wed, 09 Dec 2020 15:46:41 GMT
      expires:
      - '-1'
      pragma:
      - no-cache
      strict-transport-security:
      - max-age=31536000; includeSubDomains
      transfer-encoding:
      - chunked
      vary:
      - Accept-Encoding,Accept-Encoding
      x-content-type-options:
      - nosniff
    status:
      code: 200
      message: OK
- request:
    body: null
    headers:
      Accept:
      - application/json
      Accept-Encoding:
      - gzip, deflate
      CommandName:
      - resource lock delete
      Connection:
      - keep-alive
      ParameterSetName:
      - --name --resource
      User-Agent:
      - python/3.8.6 (Windows-10-10.0.19041-SP0) msrest/0.6.18 msrest_azure/0.6.3
        azure-mgmt-resource/12.0.0 Azure-SDK-For-Python AZURECLI/2.16.0
      accept-language:
      - en-US
    method: GET
    uri: https://management.azure.com/subscriptions/00000000-0000-0000-0000-000000000000/providers/Microsoft.Authorization/locks?api-version=2016-09-01
  response:
    body:
      string: '{"value":[{"properties":{"level":"CanNotDelete"},"id":"/subscriptions/00000000-0000-0000-0000-000000000000/resourcegroups/cli_test_cannotdelete_resource_lock3en4tgxoualk4smbe5qf7skykvcq3c4onu6kp2ee/providers/Microsoft.Network/virtualNetworks/cli.lock.rsrcy5czyytrjgekfye2j/providers/Microsoft.Authorization/locks/cli-test-lockittdxecoshqaldrgtfg2dhte4p7hzizmvbcnh7qcqi3omn3msydndffdhzchj","type":"Microsoft.Authorization/locks","name":"cli-test-lockittdxecoshqaldrgtfg2dhte4p7hzizmvbcnh7qcqi3omn3msydndffdhzchj"},{"properties":{"level":"CanNotDelete","notes":"Auto-created
        by Azure Backup for storage accounts registered with a Recovery Services Vault.
        This lock is intended to guard against deletion of backups due to accidental
        deletion of the storage account."},"id":"/subscriptions/00000000-0000-0000-0000-000000000000/resourcegroups/gokul-testrg4/providers/microsoft.storage/storageAccounts/cd2zky4hqprtqazscripts/providers/Microsoft.Authorization/locks/AzureBackupProtectionLock","type":"Microsoft.Authorization/locks","name":"AzureBackupProtectionLock"},{"properties":{"level":"CanNotDelete"},"id":"/subscriptions/00000000-0000-0000-0000-000000000000/resourcegroups/cli_test_lock_with_resource_id000001/providers/Microsoft.Network/virtualNetworks/cli-lock-vnet000002/providers/Microsoft.Authorization/locks/cli-test-lock000004","type":"Microsoft.Authorization/locks","name":"cli-test-lock000004"},{"properties":{"level":"CanNotDelete"},"id":"/subscriptions/00000000-0000-0000-0000-000000000000/resourcegroups/cli_test_lock_with_resource_id000001/providers/Microsoft.Network/virtualNetworks/cli-lock-vnet000002/subnets/cli-lock-subnet000003/providers/Microsoft.Authorization/locks/cli-test-lock000005","type":"Microsoft.Authorization/locks","name":"cli-test-lock000005"},{"properties":{"level":"CanNotDelete","notes":"Deleting
        a domain will make it unavailable to purchase for 60 days. Please remove the
        lock before deleting this domain."},"id":"/subscriptions/00000000-0000-0000-0000-000000000000/resourcegroups/dania-what-if/providers/Microsoft.DomainRegistration/domains/alias140.net/providers/Microsoft.Authorization/locks/alias140.net","type":"Microsoft.Authorization/locks","name":"alias140.net"},{"properties":{"level":"CanNotDelete","notes":"This
        DNS zone was created when purchasing a domain and is likely still required
        by the domain. If you still want to delete this DNS zone please remove the
        lock and delete the zone."},"id":"/subscriptions/00000000-0000-0000-0000-000000000000/resourcegroups/dania-what-if/providers/Microsoft.Network/dnszones/alias140.net/providers/Microsoft.Authorization/locks/alias140.net","type":"Microsoft.Authorization/locks","name":"alias140.net"}]}'
    headers:
      cache-control:
      - no-cache
      content-length:
      - '2866'
      content-type:
      - application/json; charset=utf-8
      date:
      - Wed, 09 Dec 2020 15:46:42 GMT
      expires:
      - '-1'
      pragma:
      - no-cache
      strict-transport-security:
      - max-age=31536000; includeSubDomains
      transfer-encoding:
      - chunked
      vary:
      - Accept-Encoding,Accept-Encoding
      x-content-type-options:
      - nosniff
    status:
      code: 200
      message: OK
- request:
    body: null
    headers:
      Accept:
      - application/json
      Accept-Encoding:
      - gzip, deflate
      CommandName:
      - resource lock delete
      Connection:
      - keep-alive
      Content-Length:
      - '0'
      ParameterSetName:
      - --name --resource
      User-Agent:
      - python/3.8.6 (Windows-10-10.0.19041-SP0) msrest/0.6.18 msrest_azure/0.6.3
        azure-mgmt-resource/12.0.0 Azure-SDK-For-Python AZURECLI/2.16.0
      accept-language:
      - en-US
    method: DELETE
    uri: https://management.azure.com/subscriptions/00000000-0000-0000-0000-000000000000/resourcegroups/cli_test_lock_with_resource_id000001/providers/Microsoft.Network/virtualNetworks/cli-lock-vnet000002/providers/Microsoft.Authorization/locks/cli-test-lock000004?api-version=2016-09-01
  response:
    body:
      string: ''
    headers:
      cache-control:
      - no-cache
      content-length:
      - '0'
      date:
      - Wed, 09 Dec 2020 15:46:42 GMT
      expires:
      - '-1'
      pragma:
      - no-cache
      strict-transport-security:
      - max-age=31536000; includeSubDomains
      x-content-type-options:
      - nosniff
      x-ms-ratelimit-remaining-subscription-deletes:
      - '14999'
    status:
      code: 200
      message: OK
- request:
    body: null
    headers:
      Accept:
      - application/json
      Accept-Encoding:
      - gzip, deflate
      CommandName:
      - lock delete
      Connection:
      - keep-alive
      ParameterSetName:
      - --name --resource
      User-Agent:
      - python/3.8.6 (Windows-10-10.0.19041-SP0) msrest/0.6.18 msrest_azure/0.6.3
        azure-mgmt-resource/12.0.0 Azure-SDK-For-Python AZURECLI/2.16.0
      accept-language:
      - en-US
    method: GET
    uri: https://management.azure.com/subscriptions/00000000-0000-0000-0000-000000000000/providers/Microsoft.Authorization/locks?api-version=2016-09-01
  response:
    body:
      string: '{"value":[{"properties":{"level":"ReadOnly","notes":"notesmja75ga6o54a2om"},"id":"/subscriptions/00000000-0000-0000-0000-000000000000/resourcegroups/cli_test_cannotdelete_resource_lock3en4tgxoualk4smbe5qf7skykvcq3c4onu6kp2ee/providers/Microsoft.Network/virtualNetworks/cli.lock.rsrcy5czyytrjgekfye2j/providers/Microsoft.Authorization/locks/cli-test-lockittdxecoshqaldrgtfg2dhte4p7hzizmvbcnh7qcqi3omn3msydndffdhzchj","type":"Microsoft.Authorization/locks","name":"cli-test-lockittdxecoshqaldrgtfg2dhte4p7hzizmvbcnh7qcqi3omn3msydndffdhzchj"},{"properties":{"level":"CanNotDelete","notes":"Auto-created
        by Azure Backup for storage accounts registered with a Recovery Services Vault.
        This lock is intended to guard against deletion of backups due to accidental
        deletion of the storage account."},"id":"/subscriptions/00000000-0000-0000-0000-000000000000/resourcegroups/gokul-testrg4/providers/microsoft.storage/storageAccounts/cd2zky4hqprtqazscripts/providers/Microsoft.Authorization/locks/AzureBackupProtectionLock","type":"Microsoft.Authorization/locks","name":"AzureBackupProtectionLock"},{"properties":{"level":"ReadOnly"},"id":"/subscriptions/00000000-0000-0000-0000-000000000000/resourceGroups/cli_test_readonly_resource_group_lock6aeflaj4irgckzd5cyfdihl6sppio6epkmfshu/providers/Microsoft.Authorization/locks/cli-test-lockunjtvk6eeteocavgdig22ezowonoxmwqqkg","type":"Microsoft.Authorization/locks","name":"cli-test-lockunjtvk6eeteocavgdig22ezowonoxmwqqkg"},{"properties":{"level":"CanNotDelete"},"id":"/subscriptions/00000000-0000-0000-0000-000000000000/resourcegroups/cli_test_lock_with_resource_id000001/providers/Microsoft.Network/virtualNetworks/cli-lock-vnet000002/subnets/cli-lock-subnet000003/providers/Microsoft.Authorization/locks/cli-test-lock000005","type":"Microsoft.Authorization/locks","name":"cli-test-lock000005"},{"properties":{"level":"CanNotDelete","notes":"Deleting
        a domain will make it unavailable to purchase for 60 days. Please remove the
        lock before deleting this domain."},"id":"/subscriptions/00000000-0000-0000-0000-000000000000/resourcegroups/dania-what-if/providers/Microsoft.DomainRegistration/domains/alias140.net/providers/Microsoft.Authorization/locks/alias140.net","type":"Microsoft.Authorization/locks","name":"alias140.net"},{"properties":{"level":"CanNotDelete","notes":"This
        DNS zone was created when purchasing a domain and is likely still required
        by the domain. If you still want to delete this DNS zone please remove the
        lock and delete the zone."},"id":"/subscriptions/00000000-0000-0000-0000-000000000000/resourcegroups/dania-what-if/providers/Microsoft.Network/dnszones/alias140.net/providers/Microsoft.Authorization/locks/alias140.net","type":"Microsoft.Authorization/locks","name":"alias140.net"}]}'
    headers:
      cache-control:
      - no-cache
      content-length:
      - '2810'
      content-type:
      - application/json; charset=utf-8
      date:
      - Wed, 09 Dec 2020 15:46:42 GMT
      expires:
      - '-1'
      pragma:
      - no-cache
      strict-transport-security:
      - max-age=31536000; includeSubDomains
      transfer-encoding:
      - chunked
      vary:
      - Accept-Encoding,Accept-Encoding
      x-content-type-options:
      - nosniff
    status:
      code: 200
      message: OK
- request:
    body: null
    headers:
      Accept:
      - application/json
      Accept-Encoding:
      - gzip, deflate
      CommandName:
      - lock delete
      Connection:
      - keep-alive
      Content-Length:
      - '0'
      ParameterSetName:
      - --name --resource
      User-Agent:
      - python/3.8.6 (Windows-10-10.0.19041-SP0) msrest/0.6.18 msrest_azure/0.6.3
        azure-mgmt-resource/12.0.0 Azure-SDK-For-Python AZURECLI/2.16.0
      accept-language:
      - en-US
    method: DELETE
    uri: https://management.azure.com/subscriptions/00000000-0000-0000-0000-000000000000/resourcegroups/cli_test_lock_with_resource_id000001/providers/Microsoft.Network/virtualNetworks/cli-lock-vnet000002/subnets/cli-lock-subnet000003/providers/Microsoft.Authorization/locks/cli-test-lock000005?api-version=2016-09-01
  response:
    body:
      string: ''
    headers:
      cache-control:
      - no-cache
      content-length:
      - '0'
      date:
      - Wed, 09 Dec 2020 15:46:42 GMT
      expires:
      - '-1'
      pragma:
      - no-cache
      strict-transport-security:
      - max-age=31536000; includeSubDomains
      x-content-type-options:
      - nosniff
      x-ms-ratelimit-remaining-subscription-deletes:
      - '14999'
    status:
      code: 200
      message: OK
version: 1
