interactions:
- request:
    body: null
    headers:
      Accept:
      - application/json
      Accept-Encoding:
      - gzip, deflate
      CommandName:
      - vm create
      Connection:
      - keep-alive
      ParameterSetName:
      - -n -g --image --authentication-type --admin-username --admin-password
      User-Agent:
      - AZURECLI/2.34.1 azsdk-python-azure-mgmt-resource/20.0.0 Python/3.10.0 (Windows-10-10.0.19043-SP0)
    method: GET
    uri: https://management.azure.com/subscriptions/00000000-0000-0000-0000-000000000000/resourcegroups/cli_test_vm_extension000001?api-version=2019-10-01
  response:
    body:
      string: '{"id":"/subscriptions/00000000-0000-0000-0000-000000000000/resourceGroups/cli_test_vm_extension000001","name":"cli_test_vm_extension000001","type":"Microsoft.Resources/resourceGroups","location":"westus","tags":{"product":"azurecli","cause":"automation","date":"2022-03-17T04:59:47Z"},"properties":{"provisioningState":"Succeeded"}}'
    headers:
      cache-control:
      - no-cache
      content-length:
      - '332'
      content-type:
      - application/json; charset=utf-8
      date:
      - Thu, 17 Mar 2022 04:59:49 GMT
      expires:
      - '-1'
      pragma:
      - no-cache
      strict-transport-security:
      - max-age=31536000; includeSubDomains
      vary:
      - Accept-Encoding
      x-content-type-options:
      - nosniff
    status:
      code: 200
      message: OK
- request:
    body: null
    headers:
      Accept:
      - '*/*'
      Accept-Encoding:
      - gzip, deflate
      Connection:
      - keep-alive
      User-Agent:
      - python-requests/2.26.0
    method: GET
    uri: https://raw.githubusercontent.com/Azure/azure-rest-api-specs/main/arm-compute/quickstart-templates/aliases.json
  response:
    body:
      string: "{\n  \"$schema\": \"http://schema.management.azure.com/schemas/2015-01-01/deploymentTemplate.json\",\n
        \ \"contentVersion\": \"1.0.0.0\",\n  \"parameters\": {},\n  \"variables\":
        {},\n  \"resources\": [],\n  \"outputs\": {\n    \"aliases\": {\n      \"type\":
        \"object\",\n      \"value\": {\n        \"Linux\": {\n          \"CentOS\":
        {\n            \"publisher\": \"OpenLogic\",\n            \"offer\": \"CentOS\",\n
        \           \"sku\": \"7.5\",\n            \"version\": \"latest\"\n          },\n
        \         \"Debian\": {\n            \"publisher\": \"Debian\",\n            \"offer\":
        \"debian-10\",\n            \"sku\": \"10\",\n            \"version\": \"latest\"\n
        \         },\n          \"Flatcar\": {\n            \"publisher\": \"kinvolk\",\n
        \           \"offer\": \"flatcar-container-linux-free\",\n            \"sku\":
        \"stable\",\n            \"version\": \"latest\"\n          },\n          \"openSUSE-Leap\":
        {\n            \"publisher\": \"SUSE\",\n            \"offer\": \"opensuse-leap-15-3\",\n
        \           \"sku\": \"gen2\",\n            \"version\": \"latest\"\n          },\n
        \         \"RHEL\": {\n            \"publisher\": \"RedHat\",\n            \"offer\":
        \"RHEL\",\n            \"sku\": \"7-LVM\",\n            \"version\": \"latest\"\n
        \         },\n          \"SLES\": {\n            \"publisher\": \"SUSE\",\n
        \           \"offer\": \"sles-15-sp3\",\n            \"sku\": \"gen2\",\n
        \           \"version\": \"latest\"\n          },\n          \"UbuntuLTS\":
        {\n            \"publisher\": \"Canonical\",\n            \"offer\": \"UbuntuServer\",\n
        \           \"sku\": \"18.04-LTS\",\n            \"version\": \"latest\"\n
        \         }\n        },\n        \"Windows\": {\n          \"Win2022Datacenter\":
        {\n            \"publisher\": \"MicrosoftWindowsServer\",\n            \"offer\":
        \"WindowsServer\",\n            \"sku\": \"2022-Datacenter\",\n            \"version\":
        \"latest\"\n          },\n          \"Win2019Datacenter\": {\n            \"publisher\":
        \"MicrosoftWindowsServer\",\n            \"offer\": \"WindowsServer\",\n            \"sku\":
        \"2019-Datacenter\",\n            \"version\": \"latest\"\n          },\n
        \         \"Win2016Datacenter\": {\n            \"publisher\": \"MicrosoftWindowsServer\",\n
        \           \"offer\": \"WindowsServer\",\n            \"sku\": \"2016-Datacenter\",\n
        \           \"version\": \"latest\"\n          },\n          \"Win2012R2Datacenter\":
        {\n            \"publisher\": \"MicrosoftWindowsServer\",\n            \"offer\":
        \"WindowsServer\",\n            \"sku\": \"2012-R2-Datacenter\",\n            \"version\":
        \"latest\"\n          },\n          \"Win2012Datacenter\": {\n            \"publisher\":
        \"MicrosoftWindowsServer\",\n            \"offer\": \"WindowsServer\",\n            \"sku\":
        \"2012-Datacenter\",\n            \"version\": \"latest\"\n          },\n
        \         \"Win2008R2SP1\": {\n            \"publisher\": \"MicrosoftWindowsServer\",\n
        \           \"offer\": \"WindowsServer\",\n            \"sku\": \"2008-R2-SP1\",\n
        \           \"version\": \"latest\"\n          }\n        }\n      }\n    }\n
        \ }\n}\n"
    headers:
      accept-ranges:
      - bytes
      access-control-allow-origin:
      - '*'
      cache-control:
      - max-age=300
      connection:
      - keep-alive
      content-length:
      - '2744'
      content-security-policy:
      - default-src 'none'; style-src 'unsafe-inline'; sandbox
      content-type:
      - text/plain; charset=utf-8
      date:
      - Thu, 17 Mar 2022 04:59:51 GMT
      etag:
      - W/"d5acead0b38a79d988c245a7a15ec01f999da9244c97bbdc1fa2ec70d9e433f5"
      expires:
      - Thu, 17 Mar 2022 05:04:51 GMT
      source-age:
      - '0'
      strict-transport-security:
      - max-age=31536000
      vary:
      - Authorization,Accept-Encoding,Origin
      via:
      - 1.1 varnish
      x-cache:
      - HIT
      x-cache-hits:
      - '1'
      x-content-type-options:
      - nosniff
      x-fastly-request-id:
      - cb42c708b13b083c0127e0bbafedda79e924a53c
      x-frame-options:
      - deny
      x-github-request-id:
      - 2570:063C:1995B2:2734C1:62329D55
      x-served-by:
      - cache-qpg1233-QPG
      x-timer:
      - S1647493191.067532,VS0,VE290
      x-xss-protection:
      - 1; mode=block
    status:
      code: 200
      message: OK
- request:
    body: null
    headers:
      Accept:
      - application/json
      Accept-Encoding:
      - gzip, deflate
      CommandName:
      - vm create
      Connection:
      - keep-alive
      ParameterSetName:
      - -n -g --image --authentication-type --admin-username --admin-password
      User-Agent:
      - AZURECLI/2.34.1 azsdk-python-azure-mgmt-compute/25.0.0 Python/3.10.0 (Windows-10-10.0.19043-SP0)
    method: GET
    uri: https://management.azure.com/subscriptions/00000000-0000-0000-0000-000000000000/providers/Microsoft.Compute/locations/westus/publishers/Canonical/artifacttypes/vmimage/offers/UbuntuServer/skus/18.04-LTS/versions?$top=1&$orderby=name%20desc&api-version=2020-06-01
  response:
    body:
      string: "[\r\n  {\r\n    \"name\": \"18.04.202203080\",\r\n    \"id\": \"/Subscriptions/00000000-0000-0000-0000-000000000000/Providers/Microsoft.Compute/Locations/westus/Publishers/Canonical/ArtifactTypes/VMImage/Offers/UbuntuServer/Skus/18.04-LTS/Versions/18.04.202203080\",\r\n
        \   \"location\": \"westus\"\r\n  }\r\n]"
    headers:
      cache-control:
      - no-cache
      content-length:
      - '286'
      content-type:
      - application/json; charset=utf-8
      date:
      - Thu, 17 Mar 2022 04:59:51 GMT
      expires:
      - '-1'
      pragma:
      - no-cache
      server:
      - Microsoft-HTTPAPI/2.0
      - Microsoft-HTTPAPI/2.0
      strict-transport-security:
      - max-age=31536000; includeSubDomains
      transfer-encoding:
      - chunked
      vary:
      - Accept-Encoding
      x-content-type-options:
      - nosniff
      x-ms-ratelimit-remaining-resource:
      - Microsoft.Compute/ListVMImagesVersionsFromLocation3Min;15996,Microsoft.Compute/ListVMImagesVersionsFromLocation30Min;43986
    status:
      code: 200
      message: OK
- request:
    body: null
    headers:
      Accept:
      - application/json
      Accept-Encoding:
      - gzip, deflate
      CommandName:
      - vm create
      Connection:
      - keep-alive
      ParameterSetName:
      - -n -g --image --authentication-type --admin-username --admin-password
      User-Agent:
      - AZURECLI/2.34.1 azsdk-python-azure-mgmt-compute/25.0.0 Python/3.10.0 (Windows-10-10.0.19043-SP0)
    method: GET
    uri: https://management.azure.com/subscriptions/00000000-0000-0000-0000-000000000000/providers/Microsoft.Compute/locations/westus/publishers/Canonical/artifacttypes/vmimage/offers/UbuntuServer/skus/18.04-LTS/versions/18.04.202203080?api-version=2020-06-01
  response:
    body:
      string: "{\r\n  \"properties\": {\r\n    \"hyperVGeneration\": \"V1\",\r\n    \"architecture\":
        \"x64\",\r\n    \"replicaType\": \"Unmanaged\",\r\n    \"disallowed\": {\r\n
        \     \"vmDiskType\": \"None\"\r\n    },\r\n    \"automaticOSUpgradeProperties\":
        {\r\n      \"automaticOSUpgradeSupported\": true\r\n    },\r\n    \"imageDeprecationStatus\":
        {\r\n      \"imageState\": \"Active\"\r\n    },\r\n    \"features\": [\r\n
        \     {\r\n        \"name\": \"IsAcceleratedNetworkSupported\",\r\n        \"value\":
        \"True\"\r\n      }\r\n    ],\r\n    \"osDiskImage\": {\r\n      \"operatingSystem\":
        \"Linux\",\r\n      \"sizeInGb\": 31,\r\n      \"sizeInBytes\": 32213303808\r\n
        \   },\r\n    \"dataDiskImages\": []\r\n  },\r\n  \"location\": \"westus\",\r\n
        \ \"name\": \"18.04.202203080\",\r\n  \"id\": \"/Subscriptions/00000000-0000-0000-0000-000000000000/Providers/Microsoft.Compute/Locations/westus/Publishers/Canonical/ArtifactTypes/VMImage/Offers/UbuntuServer/Skus/18.04-LTS/Versions/18.04.202203080\"\r\n}"
    headers:
      cache-control:
      - no-cache
      content-length:
      - '873'
      content-type:
      - application/json; charset=utf-8
      date:
      - Thu, 17 Mar 2022 04:59:52 GMT
      expires:
      - '-1'
      pragma:
      - no-cache
      server:
      - Microsoft-HTTPAPI/2.0
      - Microsoft-HTTPAPI/2.0
      strict-transport-security:
      - max-age=31536000; includeSubDomains
      transfer-encoding:
      - chunked
      vary:
      - Accept-Encoding
      x-content-type-options:
      - nosniff
      x-ms-ratelimit-remaining-resource:
      - Microsoft.Compute/GetVMImageFromLocation3Min;12996,Microsoft.Compute/GetVMImageFromLocation30Min;73991
    status:
      code: 200
      message: OK
- request:
    body: null
    headers:
      Accept:
      - application/json
      Accept-Encoding:
      - gzip, deflate
      CommandName:
      - vm create
      Connection:
      - keep-alive
      ParameterSetName:
      - -n -g --image --authentication-type --admin-username --admin-password
      User-Agent:
      - AZURECLI/2.34.1 azsdk-python-azure-mgmt-network/19.3.0 Python/3.10.0 (Windows-10-10.0.19043-SP0)
    method: GET
    uri: https://management.azure.com/subscriptions/00000000-0000-0000-0000-000000000000/resourceGroups/cli_test_vm_extension000001/providers/Microsoft.Network/virtualNetworks?api-version=2018-11-01
  response:
    body:
      string: '{"value":[]}'
    headers:
      cache-control:
      - no-cache
      content-length:
      - '12'
      content-type:
      - application/json; charset=utf-8
      date:
      - Thu, 17 Mar 2022 04:59:53 GMT
      expires:
      - '-1'
      pragma:
      - no-cache
      strict-transport-security:
      - max-age=31536000; includeSubDomains
      vary:
      - Accept-Encoding
      x-content-type-options:
      - nosniff
    status:
      code: 200
      message: OK
- request:
    body: '{"properties": {"template": {"$schema": "https://schema.management.azure.com/schemas/2015-01-01/deploymentTemplate.json#",
      "contentVersion": "1.0.0.0", "parameters": {"adminPassword": {"type": "securestring",
      "metadata": {"description": "Secure adminPassword"}}}, "variables": {}, "resources":
      [{"name": "myvmVNET", "type": "Microsoft.Network/virtualNetworks", "location":
      "westus", "apiVersion": "2015-06-15", "dependsOn": [], "tags": {}, "properties":
      {"addressSpace": {"addressPrefixes": ["10.0.0.0/16"]}, "subnets": [{"name":
      "myvmSubnet", "properties": {"addressPrefix": "10.0.0.0/24"}}]}}, {"type": "Microsoft.Network/networkSecurityGroups",
      "name": "myvmNSG", "apiVersion": "2015-06-15", "location": "westus", "tags":
      {}, "dependsOn": [], "properties": {"securityRules": [{"name": "default-allow-ssh",
      "properties": {"protocol": "Tcp", "sourcePortRange": "*", "destinationPortRange":
      "22", "sourceAddressPrefix": "*", "destinationAddressPrefix": "*", "access":
      "Allow", "priority": 1000, "direction": "Inbound"}}]}}, {"apiVersion": "2018-11-01",
      "type": "Microsoft.Network/publicIPAddresses", "name": "myvmPublicIP", "location":
      "westus", "tags": {}, "dependsOn": [], "properties": {"publicIPAllocationMethod":
      null}}, {"apiVersion": "2015-06-15", "type": "Microsoft.Network/networkInterfaces",
      "name": "myvmVMNic", "location": "westus", "tags": {}, "dependsOn": ["Microsoft.Network/virtualNetworks/myvmVNET",
      "Microsoft.Network/networkSecurityGroups/myvmNSG", "Microsoft.Network/publicIpAddresses/myvmPublicIP"],
      "properties": {"ipConfigurations": [{"name": "ipconfigmyvm", "properties": {"privateIPAllocationMethod":
      "Dynamic", "subnet": {"id": "/subscriptions/00000000-0000-0000-0000-000000000000/resourceGroups/cli_test_vm_extension000001/providers/Microsoft.Network/virtualNetworks/myvmVNET/subnets/myvmSubnet"},
      "publicIPAddress": {"id": "/subscriptions/00000000-0000-0000-0000-000000000000/resourceGroups/cli_test_vm_extension000001/providers/Microsoft.Network/publicIPAddresses/myvmPublicIP"}}}],
      "networkSecurityGroup": {"id": "/subscriptions/00000000-0000-0000-0000-000000000000/resourceGroups/cli_test_vm_extension000001/providers/Microsoft.Network/networkSecurityGroups/myvmNSG"}}},
      {"apiVersion": "2020-06-01", "type": "Microsoft.Compute/virtualMachines", "name":
      "myvm", "location": "westus", "tags": {}, "dependsOn": ["Microsoft.Network/networkInterfaces/myvmVMNic"],
      "properties": {"hardwareProfile": {"vmSize": "Standard_DS1_v2"}, "networkProfile":
      {"networkInterfaces": [{"id": "/subscriptions/00000000-0000-0000-0000-000000000000/resourceGroups/cli_test_vm_extension000001/providers/Microsoft.Network/networkInterfaces/myvmVMNic",
      "properties": {"deleteOption": null}}]}, "storageProfile": {"osDisk": {"createOption":
      "fromImage", "name": null, "caching": "ReadWrite", "managedDisk": {"storageAccountType":
      null}}, "imageReference": {"publisher": "Canonical", "offer": "UbuntuServer",
      "sku": "18.04-LTS", "version": "latest"}}, "osProfile": {"computerName": "myvm",
      "adminUsername": "user11", "adminPassword": "[parameters(''adminPassword'')]"}}}],
      "outputs": {}}, "parameters": {"adminPassword": {"value": "testPassword0"}},
      "mode": "incremental"}}'
    headers:
      Accept:
      - application/json
      Accept-Encoding:
      - gzip, deflate
      CommandName:
      - vm create
      Connection:
      - keep-alive
      Content-Length:
      - '3173'
      Content-Type:
      - application/json
      ParameterSetName:
      - -n -g --image --authentication-type --admin-username --admin-password
      User-Agent:
      - AZURECLI/2.34.1 azsdk-python-azure-mgmt-resource/20.0.0 Python/3.10.0 (Windows-10-10.0.19043-SP0)
    method: PUT
    uri: https://management.azure.com/subscriptions/00000000-0000-0000-0000-000000000000/resourcegroups/cli_test_vm_extension000001/providers/Microsoft.Resources/deployments/mock-deployment?api-version=2019-10-01
  response:
    body:
      string: '{"id":"/subscriptions/00000000-0000-0000-0000-000000000000/resourceGroups/cli_test_vm_extension000001/providers/Microsoft.Resources/deployments/vm_deploy_GC4lvI1dbLfvb2HVd4E07gVLyEQ46UB4","name":"vm_deploy_GC4lvI1dbLfvb2HVd4E07gVLyEQ46UB4","type":"Microsoft.Resources/deployments","properties":{"templateHash":"6922146410643820978","parameters":{"adminPassword":{"type":"SecureString"}},"mode":"Incremental","provisioningState":"Accepted","timestamp":"2022-03-17T04:59:57.6764401Z","duration":"PT0.0004818S","correlationId":"7eac63bf-2284-4375-8ca2-51ad541fdb42","providers":[{"namespace":"Microsoft.Network","resourceTypes":[{"resourceType":"virtualNetworks","locations":["westus"]},{"resourceType":"networkSecurityGroups","locations":["westus"]},{"resourceType":"publicIPAddresses","locations":["westus"]},{"resourceType":"networkInterfaces","locations":["westus"]}]},{"namespace":"Microsoft.Compute","resourceTypes":[{"resourceType":"virtualMachines","locations":["westus"]}]}],"dependencies":[{"dependsOn":[{"id":"/subscriptions/00000000-0000-0000-0000-000000000000/resourceGroups/cli_test_vm_extension000001/providers/Microsoft.Network/virtualNetworks/myvmVNET","resourceType":"Microsoft.Network/virtualNetworks","resourceName":"myvmVNET"},{"id":"/subscriptions/00000000-0000-0000-0000-000000000000/resourceGroups/cli_test_vm_extension000001/providers/Microsoft.Network/networkSecurityGroups/myvmNSG","resourceType":"Microsoft.Network/networkSecurityGroups","resourceName":"myvmNSG"},{"id":"/subscriptions/00000000-0000-0000-0000-000000000000/resourceGroups/cli_test_vm_extension000001/providers/Microsoft.Network/publicIPAddresses/myvmPublicIP","resourceType":"Microsoft.Network/publicIPAddresses","resourceName":"myvmPublicIP"}],"id":"/subscriptions/00000000-0000-0000-0000-000000000000/resourceGroups/cli_test_vm_extension000001/providers/Microsoft.Network/networkInterfaces/myvmVMNic","resourceType":"Microsoft.Network/networkInterfaces","resourceName":"myvmVMNic"},{"dependsOn":[{"id":"/subscriptions/00000000-0000-0000-0000-000000000000/resourceGroups/cli_test_vm_extension000001/providers/Microsoft.Network/networkInterfaces/myvmVMNic","resourceType":"Microsoft.Network/networkInterfaces","resourceName":"myvmVMNic"}],"id":"/subscriptions/00000000-0000-0000-0000-000000000000/resourceGroups/cli_test_vm_extension000001/providers/Microsoft.Compute/virtualMachines/myvm","resourceType":"Microsoft.Compute/virtualMachines","resourceName":"myvm"}]}}'
    headers:
      azure-asyncoperation:
      - https://management.azure.com/subscriptions/00000000-0000-0000-0000-000000000000/resourcegroups/cli_test_vm_extension000001/providers/Microsoft.Resources/deployments/vm_deploy_GC4lvI1dbLfvb2HVd4E07gVLyEQ46UB4/operationStatuses/08585541136900627045?api-version=2019-10-01
      cache-control:
      - no-cache
      content-length:
      - '2457'
      content-type:
      - application/json; charset=utf-8
      date:
      - Thu, 17 Mar 2022 04:59:59 GMT
      expires:
      - '-1'
      pragma:
      - no-cache
      strict-transport-security:
      - max-age=31536000; includeSubDomains
      x-content-type-options:
      - nosniff
      x-ms-ratelimit-remaining-subscription-writes:
      - '1198'
    status:
      code: 201
      message: Created
- request:
    body: null
    headers:
      Accept:
      - '*/*'
      Accept-Encoding:
      - gzip, deflate
      CommandName:
      - vm create
      Connection:
      - keep-alive
      ParameterSetName:
      - -n -g --image --authentication-type --admin-username --admin-password
      User-Agent:
      - AZURECLI/2.34.1 azsdk-python-azure-mgmt-resource/20.0.0 Python/3.10.0 (Windows-10-10.0.19043-SP0)
    method: GET
    uri: https://management.azure.com/subscriptions/00000000-0000-0000-0000-000000000000/resourcegroups/cli_test_vm_extension000001/providers/Microsoft.Resources/deployments/mock-deployment/operationStatuses/08585541136900627045?api-version=2019-10-01
  response:
    body:
      string: '{"status":"Running"}'
    headers:
      cache-control:
      - no-cache
      content-length:
      - '20'
      content-type:
      - application/json; charset=utf-8
      date:
      - Thu, 17 Mar 2022 05:00:29 GMT
      expires:
      - '-1'
      pragma:
      - no-cache
      strict-transport-security:
      - max-age=31536000; includeSubDomains
      vary:
      - Accept-Encoding
      x-content-type-options:
      - nosniff
    status:
      code: 200
      message: OK
- request:
    body: null
    headers:
      Accept:
      - '*/*'
      Accept-Encoding:
      - gzip, deflate
      CommandName:
      - vm create
      Connection:
      - keep-alive
      ParameterSetName:
      - -n -g --image --authentication-type --admin-username --admin-password
      User-Agent:
      - AZURECLI/2.34.1 azsdk-python-azure-mgmt-resource/20.0.0 Python/3.10.0 (Windows-10-10.0.19043-SP0)
    method: GET
    uri: https://management.azure.com/subscriptions/00000000-0000-0000-0000-000000000000/resourcegroups/cli_test_vm_extension000001/providers/Microsoft.Resources/deployments/mock-deployment/operationStatuses/08585541136900627045?api-version=2019-10-01
  response:
    body:
      string: '{"status":"Succeeded"}'
    headers:
      cache-control:
      - no-cache
      content-length:
      - '22'
      content-type:
      - application/json; charset=utf-8
      date:
      - Thu, 17 Mar 2022 05:01:00 GMT
      expires:
      - '-1'
      pragma:
      - no-cache
      strict-transport-security:
      - max-age=31536000; includeSubDomains
      vary:
      - Accept-Encoding
      x-content-type-options:
      - nosniff
    status:
      code: 200
      message: OK
- request:
    body: null
    headers:
      Accept:
      - '*/*'
      Accept-Encoding:
      - gzip, deflate
      CommandName:
      - vm create
      Connection:
      - keep-alive
      ParameterSetName:
      - -n -g --image --authentication-type --admin-username --admin-password
      User-Agent:
      - AZURECLI/2.34.1 azsdk-python-azure-mgmt-resource/20.0.0 Python/3.10.0 (Windows-10-10.0.19043-SP0)
    method: GET
    uri: https://management.azure.com/subscriptions/00000000-0000-0000-0000-000000000000/resourcegroups/cli_test_vm_extension000001/providers/Microsoft.Resources/deployments/mock-deployment?api-version=2019-10-01
  response:
    body:
      string: '{"id":"/subscriptions/00000000-0000-0000-0000-000000000000/resourceGroups/cli_test_vm_extension000001/providers/Microsoft.Resources/deployments/vm_deploy_GC4lvI1dbLfvb2HVd4E07gVLyEQ46UB4","name":"vm_deploy_GC4lvI1dbLfvb2HVd4E07gVLyEQ46UB4","type":"Microsoft.Resources/deployments","properties":{"templateHash":"6922146410643820978","parameters":{"adminPassword":{"type":"SecureString"}},"mode":"Incremental","provisioningState":"Succeeded","timestamp":"2022-03-17T05:00:36.9364038Z","duration":"PT39.2604455S","correlationId":"7eac63bf-2284-4375-8ca2-51ad541fdb42","providers":[{"namespace":"Microsoft.Network","resourceTypes":[{"resourceType":"virtualNetworks","locations":["westus"]},{"resourceType":"networkSecurityGroups","locations":["westus"]},{"resourceType":"publicIPAddresses","locations":["westus"]},{"resourceType":"networkInterfaces","locations":["westus"]}]},{"namespace":"Microsoft.Compute","resourceTypes":[{"resourceType":"virtualMachines","locations":["westus"]}]}],"dependencies":[{"dependsOn":[{"id":"/subscriptions/00000000-0000-0000-0000-000000000000/resourceGroups/cli_test_vm_extension000001/providers/Microsoft.Network/virtualNetworks/myvmVNET","resourceType":"Microsoft.Network/virtualNetworks","resourceName":"myvmVNET"},{"id":"/subscriptions/00000000-0000-0000-0000-000000000000/resourceGroups/cli_test_vm_extension000001/providers/Microsoft.Network/networkSecurityGroups/myvmNSG","resourceType":"Microsoft.Network/networkSecurityGroups","resourceName":"myvmNSG"},{"id":"/subscriptions/00000000-0000-0000-0000-000000000000/resourceGroups/cli_test_vm_extension000001/providers/Microsoft.Network/publicIPAddresses/myvmPublicIP","resourceType":"Microsoft.Network/publicIPAddresses","resourceName":"myvmPublicIP"}],"id":"/subscriptions/00000000-0000-0000-0000-000000000000/resourceGroups/cli_test_vm_extension000001/providers/Microsoft.Network/networkInterfaces/myvmVMNic","resourceType":"Microsoft.Network/networkInterfaces","resourceName":"myvmVMNic"},{"dependsOn":[{"id":"/subscriptions/00000000-0000-0000-0000-000000000000/resourceGroups/cli_test_vm_extension000001/providers/Microsoft.Network/networkInterfaces/myvmVMNic","resourceType":"Microsoft.Network/networkInterfaces","resourceName":"myvmVMNic"}],"id":"/subscriptions/00000000-0000-0000-0000-000000000000/resourceGroups/cli_test_vm_extension000001/providers/Microsoft.Compute/virtualMachines/myvm","resourceType":"Microsoft.Compute/virtualMachines","resourceName":"myvm"}],"outputs":{},"outputResources":[{"id":"/subscriptions/00000000-0000-0000-0000-000000000000/resourceGroups/cli_test_vm_extension000001/providers/Microsoft.Compute/virtualMachines/myvm"},{"id":"/subscriptions/00000000-0000-0000-0000-000000000000/resourceGroups/cli_test_vm_extension000001/providers/Microsoft.Network/networkInterfaces/myvmVMNic"},{"id":"/subscriptions/00000000-0000-0000-0000-000000000000/resourceGroups/cli_test_vm_extension000001/providers/Microsoft.Network/networkSecurityGroups/myvmNSG"},{"id":"/subscriptions/00000000-0000-0000-0000-000000000000/resourceGroups/cli_test_vm_extension000001/providers/Microsoft.Network/publicIPAddresses/myvmPublicIP"},{"id":"/subscriptions/00000000-0000-0000-0000-000000000000/resourceGroups/cli_test_vm_extension000001/providers/Microsoft.Network/virtualNetworks/myvmVNET"}]}}'
    headers:
      cache-control:
      - no-cache
      content-length:
      - '3287'
      content-type:
      - application/json; charset=utf-8
      date:
      - Thu, 17 Mar 2022 05:01:00 GMT
      expires:
      - '-1'
      pragma:
      - no-cache
      strict-transport-security:
      - max-age=31536000; includeSubDomains
      vary:
      - Accept-Encoding
      x-content-type-options:
      - nosniff
    status:
      code: 200
      message: OK
- request:
    body: null
    headers:
      Accept:
      - application/json
      Accept-Encoding:
      - gzip, deflate
      CommandName:
      - vm create
      Connection:
      - keep-alive
      ParameterSetName:
      - -n -g --image --authentication-type --admin-username --admin-password
      User-Agent:
      - AZURECLI/2.34.1 azsdk-python-azure-mgmt-compute/25.0.0 Python/3.10.0 (Windows-10-10.0.19043-SP0)
    method: GET
    uri: https://management.azure.com/subscriptions/00000000-0000-0000-0000-000000000000/resourceGroups/cli_test_vm_extension000001/providers/Microsoft.Compute/virtualMachines/myvm?$expand=instanceView&api-version=2020-06-01
  response:
    body:
      string: "{\r\n  \"name\": \"myvm\",\r\n  \"id\": \"/subscriptions/00000000-0000-0000-0000-000000000000/resourceGroups/cli_test_vm_extension000001/providers/Microsoft.Compute/virtualMachines/myvm\",\r\n
        \ \"type\": \"Microsoft.Compute/virtualMachines\",\r\n  \"location\": \"westus\",\r\n
        \ \"tags\": {},\r\n  \"properties\": {\r\n    \"vmId\": \"de0e8d57-bd60-4635-ba49-e887b6e19cb1\",\r\n
        \   \"hardwareProfile\": {\r\n      \"vmSize\": \"Standard_DS1_v2\"\r\n    },\r\n
        \   \"storageProfile\": {\r\n      \"imageReference\": {\r\n        \"publisher\":
        \"Canonical\",\r\n        \"offer\": \"UbuntuServer\",\r\n        \"sku\":
        \"18.04-LTS\",\r\n        \"version\": \"latest\",\r\n        \"exactVersion\":
        \"18.04.202203080\"\r\n      },\r\n      \"osDisk\": {\r\n        \"osType\":
        \"Linux\",\r\n        \"name\": \"myvm_disk1_040a3587625044fea55e66fd9e51e8ff\",\r\n
        \       \"createOption\": \"FromImage\",\r\n        \"caching\": \"ReadWrite\",\r\n
        \       \"managedDisk\": {\r\n          \"storageAccountType\": \"Premium_LRS\",\r\n
        \         \"id\": \"/subscriptions/00000000-0000-0000-0000-000000000000/resourceGroups/cli_test_vm_extension000001/providers/Microsoft.Compute/disks/myvm_disk1_040a3587625044fea55e66fd9e51e8ff\"\r\n
        \       },\r\n        \"diskSizeGB\": 30\r\n      },\r\n      \"dataDisks\":
        []\r\n    },\r\n    \"osProfile\": {\r\n      \"computerName\": \"myvm\",\r\n
        \     \"adminUsername\": \"user11\",\r\n      \"linuxConfiguration\": {\r\n
        \       \"disablePasswordAuthentication\": false,\r\n        \"provisionVMAgent\":
        true,\r\n        \"patchSettings\": {\r\n          \"patchMode\": \"ImageDefault\"\r\n
        \       }\r\n      },\r\n      \"secrets\": [],\r\n      \"allowExtensionOperations\":
        true,\r\n      \"requireGuestProvisionSignal\": true\r\n    },\r\n    \"networkProfile\":
        {\"networkInterfaces\":[{\"id\":\"/subscriptions/00000000-0000-0000-0000-000000000000/resourceGroups/cli_test_vm_extension000001/providers/Microsoft.Network/networkInterfaces/myvmVMNic\"}]},\r\n
        \   \"provisioningState\": \"Succeeded\",\r\n    \"instanceView\": {\r\n      \"computerName\":
        \"myvm\",\r\n      \"osName\": \"ubuntu\",\r\n      \"osVersion\": \"18.04\",\r\n
        \     \"vmAgent\": {\r\n        \"vmAgentVersion\": \"2.7.0.6\",\r\n        \"statuses\":
        [\r\n          {\r\n            \"code\": \"ProvisioningState/succeeded\",\r\n
        \           \"level\": \"Info\",\r\n            \"displayStatus\": \"Ready\",\r\n
        \           \"message\": \"Guest Agent is running\",\r\n            \"time\":
        \"2022-03-17T05:00:42+00:00\"\r\n          }\r\n        ],\r\n        \"extensionHandlers\":
        []\r\n      },\r\n      \"disks\": [\r\n        {\r\n          \"name\": \"myvm_disk1_040a3587625044fea55e66fd9e51e8ff\",\r\n
        \         \"statuses\": [\r\n            {\r\n              \"code\": \"ProvisioningState/succeeded\",\r\n
        \             \"level\": \"Info\",\r\n              \"displayStatus\": \"Provisioning
        succeeded\",\r\n              \"time\": \"2022-03-17T05:00:18.7055413+00:00\"\r\n
        \           }\r\n          ]\r\n        }\r\n      ],\r\n      \"hyperVGeneration\":
        \"V1\",\r\n      \"statuses\": [\r\n        {\r\n          \"code\": \"ProvisioningState/succeeded\",\r\n
        \         \"level\": \"Info\",\r\n          \"displayStatus\": \"Provisioning
        succeeded\",\r\n          \"time\": \"2022-03-17T05:00:32.3774315+00:00\"\r\n
        \       },\r\n        {\r\n          \"code\": \"PowerState/running\",\r\n
        \         \"level\": \"Info\",\r\n          \"displayStatus\": \"VM running\"\r\n
        \       }\r\n      ]\r\n    }\r\n  }\r\n}"
    headers:
      cache-control:
      - no-cache
      content-length:
      - '3113'
      content-type:
      - application/json; charset=utf-8
      date:
      - Thu, 17 Mar 2022 05:01:01 GMT
      expires:
      - '-1'
      pragma:
      - no-cache
      server:
      - Microsoft-HTTPAPI/2.0
      - Microsoft-HTTPAPI/2.0
      strict-transport-security:
      - max-age=31536000; includeSubDomains
      transfer-encoding:
      - chunked
      vary:
      - Accept-Encoding
      x-content-type-options:
      - nosniff
      x-ms-ratelimit-remaining-resource:
      - Microsoft.Compute/LowCostGet3Min;3911,Microsoft.Compute/LowCostGet30Min;31322
    status:
      code: 200
      message: OK
- request:
    body: null
    headers:
      Accept:
      - application/json
      Accept-Encoding:
      - gzip, deflate
      CommandName:
      - vm create
      Connection:
      - keep-alive
      ParameterSetName:
      - -n -g --image --authentication-type --admin-username --admin-password
      User-Agent:
      - AZURECLI/2.34.1 azsdk-python-azure-mgmt-network/19.3.0 Python/3.10.0 (Windows-10-10.0.19043-SP0)
    method: GET
    uri: https://management.azure.com/subscriptions/00000000-0000-0000-0000-000000000000/resourceGroups/cli_test_vm_extension000001/providers/Microsoft.Network/networkInterfaces/myvmVMNic?api-version=2018-11-01
  response:
    body:
      string: "{\r\n  \"name\": \"myvmVMNic\",\r\n  \"id\": \"/subscriptions/00000000-0000-0000-0000-000000000000/resourceGroups/cli_test_vm_extension000001/providers/Microsoft.Network/networkInterfaces/myvmVMNic\",\r\n
        \ \"etag\": \"W/\\\"58d26589-4802-4519-bfab-e3a723b0a596\\\"\",\r\n  \"location\":
        \"westus\",\r\n  \"tags\": {},\r\n  \"properties\": {\r\n    \"provisioningState\":
        \"Succeeded\",\r\n    \"resourceGuid\": \"77bb0131-2439-43c5-8c32-4deed1c66439\",\r\n
        \   \"ipConfigurations\": [\r\n      {\r\n        \"name\": \"ipconfigmyvm\",\r\n
        \       \"id\": \"/subscriptions/00000000-0000-0000-0000-000000000000/resourceGroups/cli_test_vm_extension000001/providers/Microsoft.Network/networkInterfaces/myvmVMNic/ipConfigurations/ipconfigmyvm\",\r\n
        \       \"etag\": \"W/\\\"58d26589-4802-4519-bfab-e3a723b0a596\\\"\",\r\n
        \       \"type\": \"Microsoft.Network/networkInterfaces/ipConfigurations\",\r\n
        \       \"properties\": {\r\n          \"provisioningState\": \"Succeeded\",\r\n
        \         \"privateIPAddress\": \"10.0.0.4\",\r\n          \"privateIPAllocationMethod\":
        \"Dynamic\",\r\n          \"publicIPAddress\": {\r\n            \"id\": \"/subscriptions/00000000-0000-0000-0000-000000000000/resourceGroups/cli_test_vm_extension000001/providers/Microsoft.Network/publicIPAddresses/myvmPublicIP\"\r\n
        \         },\r\n          \"subnet\": {\r\n            \"id\": \"/subscriptions/00000000-0000-0000-0000-000000000000/resourceGroups/cli_test_vm_extension000001/providers/Microsoft.Network/virtualNetworks/myvmVNET/subnets/myvmSubnet\"\r\n
        \         },\r\n          \"primary\": true,\r\n          \"privateIPAddressVersion\":
        \"IPv4\"\r\n        }\r\n      }\r\n    ],\r\n    \"dnsSettings\": {\r\n      \"dnsServers\":
        [],\r\n      \"appliedDnsServers\": [],\r\n      \"internalDomainNameSuffix\":
        \"ui5130pv5kyetbrc1uhcqf01xe.dx.internal.cloudapp.net\"\r\n    },\r\n    \"macAddress\":
        \"00-0D-3A-32-68-B3\",\r\n    \"enableAcceleratedNetworking\": false,\r\n
        \   \"enableIPForwarding\": false,\r\n    \"networkSecurityGroup\": {\r\n
        \     \"id\": \"/subscriptions/00000000-0000-0000-0000-000000000000/resourceGroups/cli_test_vm_extension000001/providers/Microsoft.Network/networkSecurityGroups/myvmNSG\"\r\n
        \   },\r\n    \"primary\": true,\r\n    \"virtualMachine\": {\r\n      \"id\":
        \"/subscriptions/00000000-0000-0000-0000-000000000000/resourceGroups/cli_test_vm_extension000001/providers/Microsoft.Compute/virtualMachines/myvm\"\r\n
        \   },\r\n    \"hostedWorkloads\": [],\r\n    \"tapConfigurations\": []\r\n
        \ },\r\n  \"type\": \"Microsoft.Network/networkInterfaces\"\r\n}"
    headers:
      cache-control:
      - no-cache
      content-length:
      - '2348'
      content-type:
      - application/json; charset=utf-8
      date:
      - Thu, 17 Mar 2022 05:01:02 GMT
      etag:
      - W/"58d26589-4802-4519-bfab-e3a723b0a596"
      expires:
      - '-1'
      pragma:
      - no-cache
      server:
      - Microsoft-HTTPAPI/2.0
      - Microsoft-HTTPAPI/2.0
      strict-transport-security:
      - max-age=31536000; includeSubDomains
      transfer-encoding:
      - chunked
      vary:
      - Accept-Encoding
      x-content-type-options:
      - nosniff
      x-ms-arm-service-request-id:
      - 90c3bb65-9755-434f-919e-143a2ad7af2d
    status:
      code: 200
      message: OK
- request:
    body: null
    headers:
      Accept:
      - application/json
      Accept-Encoding:
      - gzip, deflate
      CommandName:
      - vm create
      Connection:
      - keep-alive
      ParameterSetName:
      - -n -g --image --authentication-type --admin-username --admin-password
      User-Agent:
      - AZURECLI/2.34.1 azsdk-python-azure-mgmt-network/19.3.0 Python/3.10.0 (Windows-10-10.0.19043-SP0)
    method: GET
    uri: https://management.azure.com/subscriptions/00000000-0000-0000-0000-000000000000/resourceGroups/cli_test_vm_extension000001/providers/Microsoft.Network/publicIPAddresses/myvmPublicIP?api-version=2018-11-01
  response:
    body:
      string: "{\r\n  \"name\": \"myvmPublicIP\",\r\n  \"id\": \"/subscriptions/00000000-0000-0000-0000-000000000000/resourceGroups/cli_test_vm_extension000001/providers/Microsoft.Network/publicIPAddresses/myvmPublicIP\",\r\n
        \ \"etag\": \"W/\\\"3f51c401-8232-4c33-8018-ee93aaaab648\\\"\",\r\n  \"location\":
        \"westus\",\r\n  \"tags\": {},\r\n  \"properties\": {\r\n    \"provisioningState\":
        \"Succeeded\",\r\n    \"resourceGuid\": \"c71832c0-f1a7-4759-bbfa-8190f70815f0\",\r\n
        \   \"ipAddress\": \"13.88.96.196\",\r\n    \"publicIPAddressVersion\": \"IPv4\",\r\n
        \   \"publicIPAllocationMethod\": \"Dynamic\",\r\n    \"idleTimeoutInMinutes\":
        4,\r\n    \"ipTags\": [],\r\n    \"ipConfiguration\": {\r\n      \"id\": \"/subscriptions/00000000-0000-0000-0000-000000000000/resourceGroups/cli_test_vm_extension000001/providers/Microsoft.Network/networkInterfaces/myvmVMNic/ipConfigurations/ipconfigmyvm\"\r\n
        \   }\r\n  },\r\n  \"type\": \"Microsoft.Network/publicIPAddresses\",\r\n
        \ \"sku\": {\r\n    \"name\": \"Basic\"\r\n  }\r\n}"
    headers:
      cache-control:
      - no-cache
      content-length:
      - '904'
      content-type:
      - application/json; charset=utf-8
      date:
      - Thu, 17 Mar 2022 05:01:02 GMT
      etag:
      - W/"3f51c401-8232-4c33-8018-ee93aaaab648"
      expires:
      - '-1'
      pragma:
      - no-cache
      server:
      - Microsoft-HTTPAPI/2.0
      - Microsoft-HTTPAPI/2.0
      strict-transport-security:
      - max-age=31536000; includeSubDomains
      transfer-encoding:
      - chunked
      vary:
      - Accept-Encoding
      x-content-type-options:
      - nosniff
      x-ms-arm-service-request-id:
      - e1eb2456-257b-4af3-8547-83a9c5b98d87
    status:
      code: 200
      message: OK
- request:
    body: null
    headers:
      Accept:
      - application/json
      Accept-Encoding:
      - gzip, deflate
      CommandName:
      - vm extension list
      Connection:
      - keep-alive
      ParameterSetName:
      - --vm-name --resource-group
      User-Agent:
      - AZURECLI/2.34.1 azsdk-python-azure-mgmt-compute/25.0.0 Python/3.10.0 (Windows-10-10.0.19043-SP0)
    method: GET
    uri: https://management.azure.com/subscriptions/00000000-0000-0000-0000-000000000000/resourceGroups/cli_test_vm_extension000001/providers/Microsoft.Compute/virtualMachines/myvm?api-version=2020-06-01
  response:
    body:
      string: "{\r\n  \"name\": \"myvm\",\r\n  \"id\": \"/subscriptions/00000000-0000-0000-0000-000000000000/resourceGroups/cli_test_vm_extension000001/providers/Microsoft.Compute/virtualMachines/myvm\",\r\n
        \ \"type\": \"Microsoft.Compute/virtualMachines\",\r\n  \"location\": \"westus\",\r\n
        \ \"tags\": {},\r\n  \"properties\": {\r\n    \"vmId\": \"de0e8d57-bd60-4635-ba49-e887b6e19cb1\",\r\n
        \   \"hardwareProfile\": {\r\n      \"vmSize\": \"Standard_DS1_v2\"\r\n    },\r\n
        \   \"storageProfile\": {\r\n      \"imageReference\": {\r\n        \"publisher\":
        \"Canonical\",\r\n        \"offer\": \"UbuntuServer\",\r\n        \"sku\":
        \"18.04-LTS\",\r\n        \"version\": \"latest\",\r\n        \"exactVersion\":
        \"18.04.202203080\"\r\n      },\r\n      \"osDisk\": {\r\n        \"osType\":
        \"Linux\",\r\n        \"name\": \"myvm_disk1_040a3587625044fea55e66fd9e51e8ff\",\r\n
        \       \"createOption\": \"FromImage\",\r\n        \"caching\": \"ReadWrite\",\r\n
        \       \"managedDisk\": {\r\n          \"storageAccountType\": \"Premium_LRS\",\r\n
        \         \"id\": \"/subscriptions/00000000-0000-0000-0000-000000000000/resourceGroups/cli_test_vm_extension000001/providers/Microsoft.Compute/disks/myvm_disk1_040a3587625044fea55e66fd9e51e8ff\"\r\n
        \       },\r\n        \"diskSizeGB\": 30\r\n      },\r\n      \"dataDisks\":
        []\r\n    },\r\n    \"osProfile\": {\r\n      \"computerName\": \"myvm\",\r\n
        \     \"adminUsername\": \"user11\",\r\n      \"linuxConfiguration\": {\r\n
        \       \"disablePasswordAuthentication\": false,\r\n        \"provisionVMAgent\":
        true,\r\n        \"patchSettings\": {\r\n          \"patchMode\": \"ImageDefault\"\r\n
        \       }\r\n      },\r\n      \"secrets\": [],\r\n      \"allowExtensionOperations\":
        true,\r\n      \"requireGuestProvisionSignal\": true\r\n    },\r\n    \"networkProfile\":
        {\"networkInterfaces\":[{\"id\":\"/subscriptions/00000000-0000-0000-0000-000000000000/resourceGroups/cli_test_vm_extension000001/providers/Microsoft.Network/networkInterfaces/myvmVMNic\"}]},\r\n
        \   \"provisioningState\": \"Succeeded\"\r\n  }\r\n}"
    headers:
      cache-control:
      - no-cache
      content-length:
      - '1821'
      content-type:
      - application/json; charset=utf-8
      date:
      - Thu, 17 Mar 2022 05:01:02 GMT
      expires:
      - '-1'
      pragma:
      - no-cache
      server:
      - Microsoft-HTTPAPI/2.0
      - Microsoft-HTTPAPI/2.0
      strict-transport-security:
      - max-age=31536000; includeSubDomains
      transfer-encoding:
      - chunked
      vary:
      - Accept-Encoding
      x-content-type-options:
      - nosniff
      x-ms-ratelimit-remaining-resource:
      - Microsoft.Compute/LowCostGet3Min;3910,Microsoft.Compute/LowCostGet30Min;31321
    status:
      code: 200
      message: OK
- request:
    body: null
    headers:
      Accept:
      - application/json
      Accept-Encoding:
      - gzip, deflate
      CommandName:
      - vm extension set
      Connection:
      - keep-alive
      ParameterSetName:
      - -n --publisher --version --vm-name --resource-group --protected-settings --force-update
      User-Agent:
      - AZURECLI/2.34.1 azsdk-python-azure-mgmt-compute/25.0.0 Python/3.10.0 (Windows-10-10.0.19043-SP0)
    method: GET
    uri: https://management.azure.com/subscriptions/00000000-0000-0000-0000-000000000000/resourceGroups/cli_test_vm_extension000001/providers/Microsoft.Compute/virtualMachines/myvm?$expand=instanceView&api-version=2020-06-01
  response:
    body:
      string: "{\r\n  \"name\": \"myvm\",\r\n  \"id\": \"/subscriptions/00000000-0000-0000-0000-000000000000/resourceGroups/cli_test_vm_extension000001/providers/Microsoft.Compute/virtualMachines/myvm\",\r\n
        \ \"type\": \"Microsoft.Compute/virtualMachines\",\r\n  \"location\": \"westus\",\r\n
        \ \"tags\": {},\r\n  \"properties\": {\r\n    \"vmId\": \"de0e8d57-bd60-4635-ba49-e887b6e19cb1\",\r\n
        \   \"hardwareProfile\": {\r\n      \"vmSize\": \"Standard_DS1_v2\"\r\n    },\r\n
        \   \"storageProfile\": {\r\n      \"imageReference\": {\r\n        \"publisher\":
        \"Canonical\",\r\n        \"offer\": \"UbuntuServer\",\r\n        \"sku\":
        \"18.04-LTS\",\r\n        \"version\": \"latest\",\r\n        \"exactVersion\":
        \"18.04.202203080\"\r\n      },\r\n      \"osDisk\": {\r\n        \"osType\":
        \"Linux\",\r\n        \"name\": \"myvm_disk1_040a3587625044fea55e66fd9e51e8ff\",\r\n
        \       \"createOption\": \"FromImage\",\r\n        \"caching\": \"ReadWrite\",\r\n
        \       \"managedDisk\": {\r\n          \"storageAccountType\": \"Premium_LRS\",\r\n
        \         \"id\": \"/subscriptions/00000000-0000-0000-0000-000000000000/resourceGroups/cli_test_vm_extension000001/providers/Microsoft.Compute/disks/myvm_disk1_040a3587625044fea55e66fd9e51e8ff\"\r\n
        \       },\r\n        \"diskSizeGB\": 30\r\n      },\r\n      \"dataDisks\":
        []\r\n    },\r\n    \"osProfile\": {\r\n      \"computerName\": \"myvm\",\r\n
        \     \"adminUsername\": \"user11\",\r\n      \"linuxConfiguration\": {\r\n
        \       \"disablePasswordAuthentication\": false,\r\n        \"provisionVMAgent\":
        true,\r\n        \"patchSettings\": {\r\n          \"patchMode\": \"ImageDefault\"\r\n
        \       }\r\n      },\r\n      \"secrets\": [],\r\n      \"allowExtensionOperations\":
        true,\r\n      \"requireGuestProvisionSignal\": true\r\n    },\r\n    \"networkProfile\":
        {\"networkInterfaces\":[{\"id\":\"/subscriptions/00000000-0000-0000-0000-000000000000/resourceGroups/cli_test_vm_extension000001/providers/Microsoft.Network/networkInterfaces/myvmVMNic\"}]},\r\n
        \   \"provisioningState\": \"Succeeded\",\r\n    \"instanceView\": {\r\n      \"computerName\":
        \"myvm\",\r\n      \"osName\": \"ubuntu\",\r\n      \"osVersion\": \"18.04\",\r\n
        \     \"vmAgent\": {\r\n        \"vmAgentVersion\": \"2.7.0.6\",\r\n        \"statuses\":
        [\r\n          {\r\n            \"code\": \"ProvisioningState/succeeded\",\r\n
        \           \"level\": \"Info\",\r\n            \"displayStatus\": \"Ready\",\r\n
        \           \"message\": \"Guest Agent is running\",\r\n            \"time\":
        \"2022-03-17T05:00:42+00:00\"\r\n          }\r\n        ],\r\n        \"extensionHandlers\":
        []\r\n      },\r\n      \"disks\": [\r\n        {\r\n          \"name\": \"myvm_disk1_040a3587625044fea55e66fd9e51e8ff\",\r\n
        \         \"statuses\": [\r\n            {\r\n              \"code\": \"ProvisioningState/succeeded\",\r\n
        \             \"level\": \"Info\",\r\n              \"displayStatus\": \"Provisioning
        succeeded\",\r\n              \"time\": \"2022-03-17T05:00:18.7055413+00:00\"\r\n
        \           }\r\n          ]\r\n        }\r\n      ],\r\n      \"hyperVGeneration\":
        \"V1\",\r\n      \"statuses\": [\r\n        {\r\n          \"code\": \"ProvisioningState/succeeded\",\r\n
        \         \"level\": \"Info\",\r\n          \"displayStatus\": \"Provisioning
        succeeded\",\r\n          \"time\": \"2022-03-17T05:00:32.3774315+00:00\"\r\n
        \       },\r\n        {\r\n          \"code\": \"PowerState/running\",\r\n
        \         \"level\": \"Info\",\r\n          \"displayStatus\": \"VM running\"\r\n
        \       }\r\n      ]\r\n    }\r\n  }\r\n}"
    headers:
      cache-control:
      - no-cache
      content-length:
      - '3113'
      content-type:
      - application/json; charset=utf-8
      date:
      - Thu, 17 Mar 2022 05:01:04 GMT
      expires:
      - '-1'
      pragma:
      - no-cache
      server:
      - Microsoft-HTTPAPI/2.0
      - Microsoft-HTTPAPI/2.0
      strict-transport-security:
      - max-age=31536000; includeSubDomains
      transfer-encoding:
      - chunked
      vary:
      - Accept-Encoding
      x-content-type-options:
      - nosniff
      x-ms-ratelimit-remaining-resource:
      - Microsoft.Compute/LowCostGet3Min;3909,Microsoft.Compute/LowCostGet30Min;31320
    status:
      code: 200
      message: OK
- request:
    body: '{"location": "westus", "properties": {"forceUpdateTag": "7fca0cf8-5dfd-475a-98ad-340380e69a93",
      "publisher": "Microsoft.OSTCExtensions", "type": "VMAccessForLinux", "typeHandlerVersion":
      "1.2", "autoUpgradeMinorVersion": true, "protectedSettings": {"username": "foouser1",
      "ssh_key": "ssh-rsa AAAAB3NzaC1yc2EAAAADAQABAAABAQC8InHIPLAu6lMc0d+5voyXqigZfT5r6fAM1+FQAi+mkPDdk2hNq1BG0Bwfc88Gm7BImw8TS+x2bnZmhCbVnHd6BPCDY7a+cHCSqrQMW89Cv6Vl4ueGOeAWHpJTV9CTLVz4IY1x4HBdkLI2lKIHri9+z7NIdvFk7iOkMVGyez5H1xDbF2szURxgc4I2/o5wycSwX+G8DrtsBvWLmFv9YAPx+VkEHQDjR0WWezOjuo1rDn6MQfiKfqAjPuInwNOg5AIxXAOResrin2PUlArNtdDH1zlvI4RZi36+tJO7mtm3dJiKs4Sj7G6b1CjIU6aaj27MmKy3arIFChYav9yYM3IT"}}}'
    headers:
      Accept:
      - application/json
      Accept-Encoding:
      - gzip, deflate
      CommandName:
      - vm extension set
      Connection:
      - keep-alive
      Content-Length:
      - '669'
      Content-Type:
      - application/json
      ParameterSetName:
      - -n --publisher --version --vm-name --resource-group --protected-settings --force-update
      User-Agent:
      - AZURECLI/2.34.1 azsdk-python-azure-mgmt-compute/25.0.0 Python/3.10.0 (Windows-10-10.0.19043-SP0)
    method: PUT
    uri: https://management.azure.com/subscriptions/00000000-0000-0000-0000-000000000000/resourceGroups/cli_test_vm_extension000001/providers/Microsoft.Compute/virtualMachines/myvm/extensions/VMAccessForLinux?api-version=2020-06-01
  response:
    body:
      string: "{\r\n  \"name\": \"VMAccessForLinux\",\r\n  \"id\": \"/subscriptions/00000000-0000-0000-0000-000000000000/resourceGroups/cli_test_vm_extension000001/providers/Microsoft.Compute/virtualMachines/myvm/extensions/VMAccessForLinux\",\r\n
        \ \"type\": \"Microsoft.Compute/virtualMachines/extensions\",\r\n  \"location\":
        \"westus\",\r\n  \"properties\": {\r\n    \"autoUpgradeMinorVersion\": true,\r\n
        \   \"forceUpdateTag\": \"7fca0cf8-5dfd-475a-98ad-340380e69a93\",\r\n    \"provisioningState\":
        \"Creating\",\r\n    \"publisher\": \"Microsoft.OSTCExtensions\",\r\n    \"type\":
        \"VMAccessForLinux\",\r\n    \"typeHandlerVersion\": \"1.2\"\r\n  }\r\n}"
    headers:
      azure-asyncnotification:
      - Enabled
      azure-asyncoperation:
      - https://management.azure.com/subscriptions/00000000-0000-0000-0000-000000000000/providers/Microsoft.Compute/locations/westus/operations/858350c5-980a-4859-a665-1856a89ec2eb?p=571046f6-b640-41c1-86f7-f9f044b5adf9&api-version=2020-06-01
      cache-control:
      - no-cache
      content-length:
      - '578'
      content-type:
      - application/json; charset=utf-8
      date:
      - Thu, 17 Mar 2022 05:01:11 GMT
      expires:
      - '-1'
      pragma:
      - no-cache
      server:
      - Microsoft-HTTPAPI/2.0
      - Microsoft-HTTPAPI/2.0
      strict-transport-security:
      - max-age=31536000; includeSubDomains
      x-content-type-options:
      - nosniff
      x-ms-ratelimit-remaining-resource:
      - Microsoft.Compute/UpdateVM3Min;239,Microsoft.Compute/UpdateVM30Min;1187
      x-ms-ratelimit-remaining-subscription-writes:
      - '1199'
    status:
      code: 201
      message: Created
- request:
    body: null
    headers:
      Accept:
      - '*/*'
      Accept-Encoding:
      - gzip, deflate
      CommandName:
      - vm extension set
      Connection:
      - keep-alive
      ParameterSetName:
      - -n --publisher --version --vm-name --resource-group --protected-settings --force-update
      User-Agent:
      - AZURECLI/2.34.1 azsdk-python-azure-mgmt-compute/25.0.0 Python/3.10.0 (Windows-10-10.0.19043-SP0)
    method: GET
    uri: https://management.azure.com/subscriptions/00000000-0000-0000-0000-000000000000/providers/Microsoft.Compute/locations/westus/operations/858350c5-980a-4859-a665-1856a89ec2eb?p=571046f6-b640-41c1-86f7-f9f044b5adf9&api-version=2020-06-01
  response:
    body:
      string: "{\r\n  \"startTime\": \"2022-03-17T05:01:10.2368507+00:00\",\r\n  \"endTime\":
        \"2022-03-17T05:01:24.8774997+00:00\",\r\n  \"status\": \"Succeeded\",\r\n
        \ \"name\": \"858350c5-980a-4859-a665-1856a89ec2eb\"\r\n}"
    headers:
      cache-control:
      - no-cache
      content-length:
      - '184'
      content-type:
      - application/json; charset=utf-8
      date:
      - Thu, 17 Mar 2022 05:01:41 GMT
      expires:
      - '-1'
      pragma:
      - no-cache
      server:
      - Microsoft-HTTPAPI/2.0
      - Microsoft-HTTPAPI/2.0
      strict-transport-security:
      - max-age=31536000; includeSubDomains
      transfer-encoding:
      - chunked
      vary:
      - Accept-Encoding
      x-content-type-options:
      - nosniff
      x-ms-ratelimit-remaining-resource:
      - Microsoft.Compute/GetOperation3Min;14977,Microsoft.Compute/GetOperation30Min;29844
    status:
      code: 200
      message: OK
- request:
    body: null
    headers:
      Accept:
      - '*/*'
      Accept-Encoding:
      - gzip, deflate
      CommandName:
      - vm extension set
      Connection:
      - keep-alive
      ParameterSetName:
      - -n --publisher --version --vm-name --resource-group --protected-settings --force-update
      User-Agent:
      - AZURECLI/2.34.1 azsdk-python-azure-mgmt-compute/25.0.0 Python/3.10.0 (Windows-10-10.0.19043-SP0)
    method: GET
    uri: https://management.azure.com/subscriptions/00000000-0000-0000-0000-000000000000/resourceGroups/cli_test_vm_extension000001/providers/Microsoft.Compute/virtualMachines/myvm/extensions/VMAccessForLinux?api-version=2020-06-01
  response:
    body:
      string: "{\r\n  \"name\": \"VMAccessForLinux\",\r\n  \"id\": \"/subscriptions/00000000-0000-0000-0000-000000000000/resourceGroups/cli_test_vm_extension000001/providers/Microsoft.Compute/virtualMachines/myvm/extensions/VMAccessForLinux\",\r\n
        \ \"type\": \"Microsoft.Compute/virtualMachines/extensions\",\r\n  \"location\":
        \"westus\",\r\n  \"properties\": {\r\n    \"autoUpgradeMinorVersion\": true,\r\n
        \   \"forceUpdateTag\": \"7fca0cf8-5dfd-475a-98ad-340380e69a93\",\r\n    \"provisioningState\":
        \"Succeeded\",\r\n    \"publisher\": \"Microsoft.OSTCExtensions\",\r\n    \"type\":
        \"VMAccessForLinux\",\r\n    \"typeHandlerVersion\": \"1.2\"\r\n  }\r\n}"
    headers:
      cache-control:
      - no-cache
      content-length:
      - '579'
      content-type:
      - application/json; charset=utf-8
      date:
      - Thu, 17 Mar 2022 05:01:41 GMT
      expires:
      - '-1'
      pragma:
      - no-cache
      server:
      - Microsoft-HTTPAPI/2.0
      - Microsoft-HTTPAPI/2.0
      strict-transport-security:
      - max-age=31536000; includeSubDomains
      transfer-encoding:
      - chunked
      vary:
      - Accept-Encoding
      x-content-type-options:
      - nosniff
      x-ms-ratelimit-remaining-resource:
      - Microsoft.Compute/LowCostGet3Min;3903,Microsoft.Compute/LowCostGet30Min;31297
    status:
      code: 200
      message: OK
- request:
    body: null
    headers:
      Accept:
      - application/json
      Accept-Encoding:
      - gzip, deflate
      CommandName:
      - vm get-instance-view
      Connection:
      - keep-alive
      ParameterSetName:
      - -n -g
      User-Agent:
      - AZURECLI/2.34.1 azsdk-python-azure-mgmt-compute/25.0.0 Python/3.10.0 (Windows-10-10.0.19043-SP0)
    method: GET
    uri: https://management.azure.com/subscriptions/00000000-0000-0000-0000-000000000000/resourceGroups/cli_test_vm_extension000001/providers/Microsoft.Compute/virtualMachines/myvm?$expand=instanceView&api-version=2020-06-01
  response:
    body:
      string: "{\r\n  \"name\": \"myvm\",\r\n  \"id\": \"/subscriptions/00000000-0000-0000-0000-000000000000/resourceGroups/cli_test_vm_extension000001/providers/Microsoft.Compute/virtualMachines/myvm\",\r\n
        \ \"type\": \"Microsoft.Compute/virtualMachines\",\r\n  \"location\": \"westus\",\r\n
        \ \"tags\": {},\r\n  \"properties\": {\r\n    \"vmId\": \"de0e8d57-bd60-4635-ba49-e887b6e19cb1\",\r\n
        \   \"hardwareProfile\": {\r\n      \"vmSize\": \"Standard_DS1_v2\"\r\n    },\r\n
        \   \"storageProfile\": {\r\n      \"imageReference\": {\r\n        \"publisher\":
        \"Canonical\",\r\n        \"offer\": \"UbuntuServer\",\r\n        \"sku\":
        \"18.04-LTS\",\r\n        \"version\": \"latest\",\r\n        \"exactVersion\":
        \"18.04.202203080\"\r\n      },\r\n      \"osDisk\": {\r\n        \"osType\":
        \"Linux\",\r\n        \"name\": \"myvm_disk1_040a3587625044fea55e66fd9e51e8ff\",\r\n
        \       \"createOption\": \"FromImage\",\r\n        \"caching\": \"ReadWrite\",\r\n
        \       \"managedDisk\": {\r\n          \"storageAccountType\": \"Premium_LRS\",\r\n
        \         \"id\": \"/subscriptions/00000000-0000-0000-0000-000000000000/resourceGroups/cli_test_vm_extension000001/providers/Microsoft.Compute/disks/myvm_disk1_040a3587625044fea55e66fd9e51e8ff\"\r\n
        \       },\r\n        \"diskSizeGB\": 30\r\n      },\r\n      \"dataDisks\":
        []\r\n    },\r\n    \"osProfile\": {\r\n      \"computerName\": \"myvm\",\r\n
        \     \"adminUsername\": \"user11\",\r\n      \"linuxConfiguration\": {\r\n
        \       \"disablePasswordAuthentication\": false,\r\n        \"provisionVMAgent\":
        true,\r\n        \"patchSettings\": {\r\n          \"patchMode\": \"ImageDefault\"\r\n
        \       }\r\n      },\r\n      \"secrets\": [],\r\n      \"allowExtensionOperations\":
        true,\r\n      \"requireGuestProvisionSignal\": true\r\n    },\r\n    \"networkProfile\":
        {\"networkInterfaces\":[{\"id\":\"/subscriptions/00000000-0000-0000-0000-000000000000/resourceGroups/cli_test_vm_extension000001/providers/Microsoft.Network/networkInterfaces/myvmVMNic\"}]},\r\n
        \   \"provisioningState\": \"Succeeded\",\r\n    \"instanceView\": {\r\n      \"computerName\":
        \"myvm\",\r\n      \"osName\": \"ubuntu\",\r\n      \"osVersion\": \"18.04\",\r\n
        \     \"vmAgent\": {\r\n        \"vmAgentVersion\": \"2.7.0.6\",\r\n        \"statuses\":
        [\r\n          {\r\n            \"code\": \"ProvisioningState/succeeded\",\r\n
        \           \"level\": \"Info\",\r\n            \"displayStatus\": \"Ready\",\r\n
        \           \"message\": \"Guest Agent is running\",\r\n            \"time\":
        \"2022-03-17T05:01:22+00:00\"\r\n          }\r\n        ],\r\n        \"extensionHandlers\":
        [\r\n          {\r\n            \"type\": \"Microsoft.OSTCExtensions.VMAccessForLinux\",\r\n
        \           \"typeHandlerVersion\": \"1.5.11\",\r\n            \"status\":
        {\r\n              \"code\": \"ProvisioningState/succeeded\",\r\n              \"level\":
        \"Info\",\r\n              \"displayStatus\": \"Ready\",\r\n              \"message\":
        \"Plugin enabled\"\r\n            }\r\n          }\r\n        ]\r\n      },\r\n
        \     \"disks\": [\r\n        {\r\n          \"name\": \"myvm_disk1_040a3587625044fea55e66fd9e51e8ff\",\r\n
        \         \"statuses\": [\r\n            {\r\n              \"code\": \"ProvisioningState/succeeded\",\r\n
        \             \"level\": \"Info\",\r\n              \"displayStatus\": \"Provisioning
        succeeded\",\r\n              \"time\": \"2022-03-17T05:00:18.7055413+00:00\"\r\n
        \           }\r\n          ]\r\n        }\r\n      ],\r\n      \"extensions\":
        [\r\n        {\r\n          \"name\": \"VMAccessForLinux\",\r\n          \"type\":
        \"Microsoft.OSTCExtensions.VMAccessForLinux\",\r\n          \"typeHandlerVersion\":
        \"1.5.11\",\r\n          \"statuses\": [\r\n            {\r\n              \"code\":
        \"ProvisioningState/succeeded\",\r\n              \"level\": \"Info\",\r\n
        \             \"displayStatus\": \"Provisioning succeeded\",\r\n              \"message\":
        \"Enable succeeded.\"\r\n            }\r\n          ]\r\n        }\r\n      ],\r\n
        \     \"hyperVGeneration\": \"V1\",\r\n      \"statuses\": [\r\n        {\r\n
        \         \"code\": \"ProvisioningState/succeeded\",\r\n          \"level\":
        \"Info\",\r\n          \"displayStatus\": \"Provisioning succeeded\",\r\n
        \         \"time\": \"2022-03-17T05:01:24.8618843+00:00\"\r\n        },\r\n
        \       {\r\n          \"code\": \"PowerState/running\",\r\n          \"level\":
        \"Info\",\r\n          \"displayStatus\": \"VM running\"\r\n        }\r\n
        \     ]\r\n    }\r\n  },\r\n  \"resources\": [\r\n    {\r\n      \"name\":
        \"VMAccessForLinux\",\r\n      \"id\": \"/subscriptions/00000000-0000-0000-0000-000000000000/resourceGroups/cli_test_vm_extension000001/providers/Microsoft.Compute/virtualMachines/myvm/extensions/VMAccessForLinux\",\r\n
        \     \"type\": \"Microsoft.Compute/virtualMachines/extensions\",\r\n      \"location\":
        \"westus\",\r\n      \"properties\": {\r\n        \"autoUpgradeMinorVersion\":
        true,\r\n        \"forceUpdateTag\": \"7fca0cf8-5dfd-475a-98ad-340380e69a93\",\r\n
        \       \"provisioningState\": \"Succeeded\",\r\n        \"publisher\": \"Microsoft.OSTCExtensions\",\r\n
        \       \"type\": \"VMAccessForLinux\",\r\n        \"typeHandlerVersion\":
        \"1.2\"\r\n      }\r\n    }\r\n  ]\r\n}"
    headers:
      cache-control:
      - no-cache
      content-length:
      - '4590'
      content-type:
      - application/json; charset=utf-8
      date:
      - Thu, 17 Mar 2022 05:01:42 GMT
      expires:
      - '-1'
      pragma:
      - no-cache
      server:
      - Microsoft-HTTPAPI/2.0
      - Microsoft-HTTPAPI/2.0
      strict-transport-security:
      - max-age=31536000; includeSubDomains
      transfer-encoding:
      - chunked
      vary:
      - Accept-Encoding
      x-content-type-options:
      - nosniff
      x-ms-ratelimit-remaining-resource:
      - Microsoft.Compute/LowCostGet3Min;3901,Microsoft.Compute/LowCostGet30Min;31295
    status:
      code: 200
      message: OK
- request:
    body: null
    headers:
      Accept:
      - application/json
      Accept-Encoding:
      - gzip, deflate
      CommandName:
      - vm extension show
      Connection:
      - keep-alive
      ParameterSetName:
      - --resource-group --vm-name --name
      User-Agent:
      - AZURECLI/2.34.1 azsdk-python-azure-mgmt-compute/25.0.0 Python/3.10.0 (Windows-10-10.0.19043-SP0)
    method: GET
    uri: https://management.azure.com/subscriptions/00000000-0000-0000-0000-000000000000/resourceGroups/cli_test_vm_extension000001/providers/Microsoft.Compute/virtualMachines/myvm/extensions/VMAccessForLinux?api-version=2020-06-01
  response:
    body:
      string: "{\r\n  \"name\": \"VMAccessForLinux\",\r\n  \"id\": \"/subscriptions/00000000-0000-0000-0000-000000000000/resourceGroups/cli_test_vm_extension000001/providers/Microsoft.Compute/virtualMachines/myvm/extensions/VMAccessForLinux\",\r\n
        \ \"type\": \"Microsoft.Compute/virtualMachines/extensions\",\r\n  \"location\":
        \"westus\",\r\n  \"properties\": {\r\n    \"autoUpgradeMinorVersion\": true,\r\n
        \   \"forceUpdateTag\": \"7fca0cf8-5dfd-475a-98ad-340380e69a93\",\r\n    \"provisioningState\":
        \"Succeeded\",\r\n    \"publisher\": \"Microsoft.OSTCExtensions\",\r\n    \"type\":
        \"VMAccessForLinux\",\r\n    \"typeHandlerVersion\": \"1.2\"\r\n  }\r\n}"
    headers:
      cache-control:
      - no-cache
      content-length:
      - '579'
      content-type:
      - application/json; charset=utf-8
      date:
      - Thu, 17 Mar 2022 05:01:42 GMT
      expires:
      - '-1'
      pragma:
      - no-cache
      server:
      - Microsoft-HTTPAPI/2.0
      - Microsoft-HTTPAPI/2.0
      strict-transport-security:
      - max-age=31536000; includeSubDomains
      transfer-encoding:
      - chunked
      vary:
      - Accept-Encoding
      x-content-type-options:
      - nosniff
      x-ms-ratelimit-remaining-resource:
      - Microsoft.Compute/LowCostGet3Min;3900,Microsoft.Compute/LowCostGet30Min;31294
    status:
      code: 200
      message: OK
- request:
    body: null
    headers:
      Accept:
      - '*/*'
      Accept-Encoding:
      - gzip, deflate
      CommandName:
      - vm extension delete
      Connection:
      - keep-alive
      Content-Length:
      - '0'
      ParameterSetName:
      - --resource-group --vm-name --name
      User-Agent:
      - AZURECLI/2.34.1 azsdk-python-azure-mgmt-compute/25.0.0 Python/3.10.0 (Windows-10-10.0.19043-SP0)
    method: DELETE
    uri: https://management.azure.com/subscriptions/00000000-0000-0000-0000-000000000000/resourceGroups/cli_test_vm_extension000001/providers/Microsoft.Compute/virtualMachines/myvm/extensions/VMAccessForLinux?api-version=2020-06-01
  response:
    body:
      string: ''
    headers:
      azure-asyncnotification:
      - Enabled
      azure-asyncoperation:
      - https://management.azure.com/subscriptions/00000000-0000-0000-0000-000000000000/providers/Microsoft.Compute/locations/westus/operations/c71213b0-ac6d-496b-b72c-3fdc450f38cf?p=571046f6-b640-41c1-86f7-f9f044b5adf9&api-version=2020-06-01
      cache-control:
      - no-cache
      content-length:
      - '0'
      date:
      - Thu, 17 Mar 2022 05:01:43 GMT
      expires:
      - '-1'
      location:
      - https://management.azure.com/subscriptions/00000000-0000-0000-0000-000000000000/providers/Microsoft.Compute/locations/westus/operations/c71213b0-ac6d-496b-b72c-3fdc450f38cf?p=571046f6-b640-41c1-86f7-f9f044b5adf9&monitor=true&api-version=2020-06-01
      pragma:
      - no-cache
      server:
      - Microsoft-HTTPAPI/2.0
      - Microsoft-HTTPAPI/2.0
      strict-transport-security:
      - max-age=31536000; includeSubDomains
      x-content-type-options:
      - nosniff
      x-ms-ratelimit-remaining-resource:
      - Microsoft.Compute/UpdateVM3Min;238,Microsoft.Compute/UpdateVM30Min;1186
      x-ms-ratelimit-remaining-subscription-deletes:
      - '14996'
    status:
      code: 202
      message: Accepted
- request:
    body: null
    headers:
      Accept:
      - '*/*'
      Accept-Encoding:
      - gzip, deflate
      CommandName:
      - vm extension delete
      Connection:
      - keep-alive
      ParameterSetName:
      - --resource-group --vm-name --name
      User-Agent:
      - AZURECLI/2.34.1 azsdk-python-azure-mgmt-compute/25.0.0 Python/3.10.0 (Windows-10-10.0.19043-SP0)
    method: GET
    uri: https://management.azure.com/subscriptions/00000000-0000-0000-0000-000000000000/providers/Microsoft.Compute/locations/westus/operations/c71213b0-ac6d-496b-b72c-3fdc450f38cf?p=571046f6-b640-41c1-86f7-f9f044b5adf9&api-version=2020-06-01
  response:
    body:
      string: "{\r\n  \"startTime\": \"2022-03-17T05:01:44.5493774+00:00\",\r\n  \"endTime\":
        \"2022-03-17T05:01:59.4556643+00:00\",\r\n  \"status\": \"Succeeded\",\r\n
        \ \"name\": \"c71213b0-ac6d-496b-b72c-3fdc450f38cf\"\r\n}"
    headers:
      cache-control:
      - no-cache
      content-length:
      - '184'
      content-type:
      - application/json; charset=utf-8
      date:
      - Thu, 17 Mar 2022 05:02:14 GMT
      expires:
      - '-1'
      pragma:
      - no-cache
      server:
      - Microsoft-HTTPAPI/2.0
      - Microsoft-HTTPAPI/2.0
      strict-transport-security:
      - max-age=31536000; includeSubDomains
      transfer-encoding:
      - chunked
      vary:
      - Accept-Encoding
      x-content-type-options:
      - nosniff
      x-ms-ratelimit-remaining-resource:
      - Microsoft.Compute/GetOperation3Min;14975,Microsoft.Compute/GetOperation30Min;29836
    status:
      code: 200
      message: OK
version: 1
