interactions:
- request:
    body: null
    headers:
      Accept:
      - application/json
      Accept-Encoding:
      - gzip, deflate
      CommandName:
      - vm create
      Connection:
      - keep-alive
      ParameterSetName:
      - -g -n --image --use-unmanaged-disk --admin-username --admin-password --authentication-type
      User-Agent:
      - AZURECLI/2.34.1 azsdk-python-azure-mgmt-resource/20.0.0 Python/3.10.0 (Windows-10-10.0.19043-SP0)
    method: GET
    uri: https://management.azure.com/subscriptions/00000000-0000-0000-0000-000000000000/resourcegroups/cli_test_vm_custom_image_conflict000001?api-version=2019-10-01
  response:
    body:
      string: '{"id":"/subscriptions/00000000-0000-0000-0000-000000000000/resourceGroups/cli_test_vm_custom_image_conflict000001","name":"cli_test_vm_custom_image_conflict000001","type":"Microsoft.Resources/resourceGroups","location":"westus","tags":{"product":"azurecli","cause":"automation","date":"2022-03-17T04:51:29Z"},"properties":{"provisioningState":"Succeeded"}}'
    headers:
      cache-control:
      - no-cache
      content-length:
      - '356'
      content-type:
      - application/json; charset=utf-8
      date:
      - Thu, 17 Mar 2022 04:51:32 GMT
      expires:
      - '-1'
      pragma:
      - no-cache
      strict-transport-security:
      - max-age=31536000; includeSubDomains
      vary:
      - Accept-Encoding
      x-content-type-options:
      - nosniff
    status:
      code: 200
      message: OK
- request:
    body: null
    headers:
      Accept:
      - '*/*'
      Accept-Encoding:
      - gzip, deflate
      Connection:
      - keep-alive
      User-Agent:
      - python-requests/2.26.0
    method: GET
    uri: https://raw.githubusercontent.com/Azure/azure-rest-api-specs/main/arm-compute/quickstart-templates/aliases.json
  response:
    body:
      string: "{\n  \"$schema\": \"http://schema.management.azure.com/schemas/2015-01-01/deploymentTemplate.json\",\n
        \ \"contentVersion\": \"1.0.0.0\",\n  \"parameters\": {},\n  \"variables\":
        {},\n  \"resources\": [],\n  \"outputs\": {\n    \"aliases\": {\n      \"type\":
        \"object\",\n      \"value\": {\n        \"Linux\": {\n          \"CentOS\":
        {\n            \"publisher\": \"OpenLogic\",\n            \"offer\": \"CentOS\",\n
        \           \"sku\": \"7.5\",\n            \"version\": \"latest\"\n          },\n
        \         \"Debian\": {\n            \"publisher\": \"Debian\",\n            \"offer\":
        \"debian-10\",\n            \"sku\": \"10\",\n            \"version\": \"latest\"\n
        \         },\n          \"Flatcar\": {\n            \"publisher\": \"kinvolk\",\n
        \           \"offer\": \"flatcar-container-linux-free\",\n            \"sku\":
        \"stable\",\n            \"version\": \"latest\"\n          },\n          \"openSUSE-Leap\":
        {\n            \"publisher\": \"SUSE\",\n            \"offer\": \"opensuse-leap-15-3\",\n
        \           \"sku\": \"gen2\",\n            \"version\": \"latest\"\n          },\n
        \         \"RHEL\": {\n            \"publisher\": \"RedHat\",\n            \"offer\":
        \"RHEL\",\n            \"sku\": \"7-LVM\",\n            \"version\": \"latest\"\n
        \         },\n          \"SLES\": {\n            \"publisher\": \"SUSE\",\n
        \           \"offer\": \"sles-15-sp3\",\n            \"sku\": \"gen2\",\n
        \           \"version\": \"latest\"\n          },\n          \"UbuntuLTS\":
        {\n            \"publisher\": \"Canonical\",\n            \"offer\": \"UbuntuServer\",\n
        \           \"sku\": \"18.04-LTS\",\n            \"version\": \"latest\"\n
        \         }\n        },\n        \"Windows\": {\n          \"Win2022Datacenter\":
        {\n            \"publisher\": \"MicrosoftWindowsServer\",\n            \"offer\":
        \"WindowsServer\",\n            \"sku\": \"2022-Datacenter\",\n            \"version\":
        \"latest\"\n          },\n          \"Win2019Datacenter\": {\n            \"publisher\":
        \"MicrosoftWindowsServer\",\n            \"offer\": \"WindowsServer\",\n            \"sku\":
        \"2019-Datacenter\",\n            \"version\": \"latest\"\n          },\n
        \         \"Win2016Datacenter\": {\n            \"publisher\": \"MicrosoftWindowsServer\",\n
        \           \"offer\": \"WindowsServer\",\n            \"sku\": \"2016-Datacenter\",\n
        \           \"version\": \"latest\"\n          },\n          \"Win2012R2Datacenter\":
        {\n            \"publisher\": \"MicrosoftWindowsServer\",\n            \"offer\":
        \"WindowsServer\",\n            \"sku\": \"2012-R2-Datacenter\",\n            \"version\":
        \"latest\"\n          },\n          \"Win2012Datacenter\": {\n            \"publisher\":
        \"MicrosoftWindowsServer\",\n            \"offer\": \"WindowsServer\",\n            \"sku\":
        \"2012-Datacenter\",\n            \"version\": \"latest\"\n          },\n
        \         \"Win2008R2SP1\": {\n            \"publisher\": \"MicrosoftWindowsServer\",\n
        \           \"offer\": \"WindowsServer\",\n            \"sku\": \"2008-R2-SP1\",\n
        \           \"version\": \"latest\"\n          }\n        }\n      }\n    }\n
        \ }\n}\n"
    headers:
      accept-ranges:
      - bytes
      access-control-allow-origin:
      - '*'
      cache-control:
      - max-age=300
      connection:
      - keep-alive
      content-length:
      - '2744'
      content-security-policy:
      - default-src 'none'; style-src 'unsafe-inline'; sandbox
      content-type:
      - text/plain; charset=utf-8
      date:
      - Thu, 17 Mar 2022 04:51:32 GMT
      etag:
      - W/"d5acead0b38a79d988c245a7a15ec01f999da9244c97bbdc1fa2ec70d9e433f5"
      expires:
      - Thu, 17 Mar 2022 04:56:32 GMT
      source-age:
      - '229'
      strict-transport-security:
      - max-age=31536000
      vary:
      - Authorization,Accept-Encoding,Origin
      via:
      - 1.1 varnish
      x-cache:
      - HIT
      x-cache-hits:
      - '1'
      x-content-type-options:
      - nosniff
      x-fastly-request-id:
      - 760052ae1370fe6e1755c3253427b89139e6dbed
      x-frame-options:
      - deny
      x-github-request-id:
      - 2570:063C:1995B2:2734C1:62329D55
      x-served-by:
      - cache-qpg1223-QPG
      x-timer:
      - S1647492693.703027,VS0,VE1
      x-xss-protection:
      - 1; mode=block
    status:
      code: 200
      message: OK
- request:
    body: null
    headers:
      Accept:
      - application/json
      Accept-Encoding:
      - gzip, deflate
      CommandName:
      - vm create
      Connection:
      - keep-alive
      ParameterSetName:
      - -g -n --image --use-unmanaged-disk --admin-username --admin-password --authentication-type
      User-Agent:
      - AZURECLI/2.34.1 azsdk-python-azure-mgmt-compute/25.0.0 Python/3.10.0 (Windows-10-10.0.19043-SP0)
    method: GET
    uri: https://management.azure.com/subscriptions/00000000-0000-0000-0000-000000000000/providers/Microsoft.Compute/locations/westus/publishers/Debian/artifacttypes/vmimage/offers/debian-10/skus/10/versions?$top=1&$orderby=name%20desc&api-version=2020-06-01
  response:
    body:
      string: "[\r\n  {\r\n    \"location\": \"westus\",\r\n    \"name\": \"0.20220310.944\",\r\n
        \   \"id\": \"/Subscriptions/00000000-0000-0000-0000-000000000000/Providers/Microsoft.Compute/Locations/westus/Publishers/Debian/ArtifactTypes/VMImage/Offers/debian-10/Skus/10/Versions/0.20220310.944\"\r\n
        \ }\r\n]"
    headers:
      cache-control:
      - no-cache
      content-length:
      - '271'
      content-type:
      - application/json; charset=utf-8
      date:
      - Thu, 17 Mar 2022 04:51:33 GMT
      expires:
      - '-1'
      pragma:
      - no-cache
      server:
      - Microsoft-HTTPAPI/2.0
      - Microsoft-HTTPAPI/2.0
      strict-transport-security:
      - max-age=31536000; includeSubDomains
      transfer-encoding:
      - chunked
      vary:
      - Accept-Encoding
      x-content-type-options:
      - nosniff
      x-ms-ratelimit-remaining-resource:
      - Microsoft.Compute/ListVMImagesVersionsFromLocation3Min;15997,Microsoft.Compute/ListVMImagesVersionsFromLocation30Min;43997
    status:
      code: 200
      message: OK
- request:
    body: null
    headers:
      Accept:
      - application/json
      Accept-Encoding:
      - gzip, deflate
      CommandName:
      - vm create
      Connection:
      - keep-alive
      ParameterSetName:
      - -g -n --image --use-unmanaged-disk --admin-username --admin-password --authentication-type
      User-Agent:
      - AZURECLI/2.34.1 azsdk-python-azure-mgmt-compute/25.0.0 Python/3.10.0 (Windows-10-10.0.19043-SP0)
    method: GET
    uri: https://management.azure.com/subscriptions/00000000-0000-0000-0000-000000000000/providers/Microsoft.Compute/locations/westus/publishers/Debian/artifacttypes/vmimage/offers/debian-10/skus/10/versions/0.20220310.944?api-version=2020-06-01
  response:
    body:
      string: "{\r\n  \"properties\": {\r\n    \"hyperVGeneration\": \"V1\",\r\n    \"architecture\":
        \"x64\",\r\n    \"replicaType\": \"Unmanaged\",\r\n    \"disallowed\": {\r\n
        \     \"vmDiskType\": \"None\"\r\n    },\r\n    \"automaticOSUpgradeProperties\":
        {\r\n      \"automaticOSUpgradeSupported\": false\r\n    },\r\n    \"imageDeprecationStatus\":
        {\r\n      \"imageState\": \"Active\"\r\n    },\r\n    \"features\": [\r\n
        \     {\r\n        \"name\": \"IsAcceleratedNetworkSupported\",\r\n        \"value\":
        \"True\"\r\n      }\r\n    ],\r\n    \"osDiskImage\": {\r\n      \"operatingSystem\":
        \"Linux\",\r\n      \"sizeInGb\": 30,\r\n      \"sizeInBytes\": 32212255232\r\n
        \   },\r\n    \"dataDiskImages\": []\r\n  },\r\n  \"location\": \"westus\",\r\n
        \ \"name\": \"0.20220310.944\",\r\n  \"id\": \"/Subscriptions/00000000-0000-0000-0000-000000000000/Providers/Microsoft.Compute/Locations/westus/Publishers/Debian/ArtifactTypes/VMImage/Offers/debian-10/Skus/10/Versions/0.20220310.944\"\r\n}"
    headers:
      cache-control:
      - no-cache
      content-length:
      - '859'
      content-type:
      - application/json; charset=utf-8
      date:
      - Thu, 17 Mar 2022 04:51:34 GMT
      expires:
      - '-1'
      pragma:
      - no-cache
      server:
      - Microsoft-HTTPAPI/2.0
      - Microsoft-HTTPAPI/2.0
      strict-transport-security:
      - max-age=31536000; includeSubDomains
      transfer-encoding:
      - chunked
      vary:
      - Accept-Encoding
      x-content-type-options:
      - nosniff
      x-ms-ratelimit-remaining-resource:
      - Microsoft.Compute/GetVMImageFromLocation3Min;12998,Microsoft.Compute/GetVMImageFromLocation30Min;73998
    status:
      code: 200
      message: OK
- request:
    body: null
    headers:
      Accept:
      - application/json
      Accept-Encoding:
      - gzip, deflate
      CommandName:
      - vm create
      Connection:
      - keep-alive
      ParameterSetName:
      - -g -n --image --use-unmanaged-disk --admin-username --admin-password --authentication-type
      User-Agent:
      - AZURECLI/2.34.1 azsdk-python-azure-mgmt-storage/19.1.0 Python/3.10.0 (Windows-10-10.0.19043-SP0)
    method: GET
    uri: https://management.azure.com/subscriptions/00000000-0000-0000-0000-000000000000/resourceGroups/cli_test_vm_custom_image_conflict000001/providers/Microsoft.Storage/storageAccounts?api-version=2019-06-01
  response:
    body:
      string: '{"value":[]}'
    headers:
      cache-control:
      - no-cache
      content-length:
      - '12'
      content-type:
      - application/json; charset=utf-8
      date:
      - Thu, 17 Mar 2022 04:51:35 GMT
      expires:
      - '-1'
      pragma:
      - no-cache
      strict-transport-security:
      - max-age=31536000; includeSubDomains
      vary:
      - Accept-Encoding
      x-content-type-options:
      - nosniff
    status:
      code: 200
      message: OK
- request:
    body: null
    headers:
      Accept:
      - application/json
      Accept-Encoding:
      - gzip, deflate
      CommandName:
      - vm create
      Connection:
      - keep-alive
      ParameterSetName:
      - -g -n --image --use-unmanaged-disk --admin-username --admin-password --authentication-type
      User-Agent:
      - AZURECLI/2.34.1 azsdk-python-azure-mgmt-network/19.3.0 Python/3.10.0 (Windows-10-10.0.19043-SP0)
    method: GET
    uri: https://management.azure.com/subscriptions/00000000-0000-0000-0000-000000000000/resourceGroups/cli_test_vm_custom_image_conflict000001/providers/Microsoft.Network/virtualNetworks?api-version=2018-11-01
  response:
    body:
      string: '{"value":[]}'
    headers:
      cache-control:
      - no-cache
      content-length:
      - '12'
      content-type:
      - application/json; charset=utf-8
      date:
      - Thu, 17 Mar 2022 04:51:35 GMT
      expires:
      - '-1'
      pragma:
      - no-cache
      strict-transport-security:
      - max-age=31536000; includeSubDomains
      vary:
      - Accept-Encoding
      x-content-type-options:
      - nosniff
    status:
      code: 200
      message: OK
- request:
    body: '{"properties": {"template": {"$schema": "https://schema.management.azure.com/schemas/2015-01-01/deploymentTemplate.json#",
      "contentVersion": "1.0.0.0", "parameters": {"adminPassword": {"type": "securestring",
      "metadata": {"description": "Secure adminPassword"}}}, "variables": {}, "resources":
      [{"type": "Microsoft.Storage/storageAccounts", "name": "vhdstorageb80663abf4f6bb",
      "apiVersion": "2015-06-15", "location": "westus", "tags": {}, "dependsOn": [],
      "properties": {"accountType": "Premium_LRS"}}, {"name": "test-vmVNET", "type":
      "Microsoft.Network/virtualNetworks", "location": "westus", "apiVersion": "2015-06-15",
      "dependsOn": [], "tags": {}, "properties": {"addressSpace": {"addressPrefixes":
      ["10.0.0.0/16"]}, "subnets": [{"name": "test-vmSubnet", "properties": {"addressPrefix":
      "10.0.0.0/24"}}]}}, {"type": "Microsoft.Network/networkSecurityGroups", "name":
      "test-vmNSG", "apiVersion": "2015-06-15", "location": "westus", "tags": {},
      "dependsOn": [], "properties": {"securityRules": [{"name": "default-allow-ssh",
      "properties": {"protocol": "Tcp", "sourcePortRange": "*", "destinationPortRange":
      "22", "sourceAddressPrefix": "*", "destinationAddressPrefix": "*", "access":
      "Allow", "priority": 1000, "direction": "Inbound"}}]}}, {"apiVersion": "2018-11-01",
      "type": "Microsoft.Network/publicIPAddresses", "name": "test-vmPublicIP", "location":
      "westus", "tags": {}, "dependsOn": [], "properties": {"publicIPAllocationMethod":
      null}}, {"apiVersion": "2015-06-15", "type": "Microsoft.Network/networkInterfaces",
      "name": "test-vmVMNic", "location": "westus", "tags": {}, "dependsOn": ["Microsoft.Network/virtualNetworks/test-vmVNET",
      "Microsoft.Network/networkSecurityGroups/test-vmNSG", "Microsoft.Network/publicIpAddresses/test-vmPublicIP"],
      "properties": {"ipConfigurations": [{"name": "ipconfigtest-vm", "properties":
      {"privateIPAllocationMethod": "Dynamic", "subnet": {"id": "/subscriptions/00000000-0000-0000-0000-000000000000/resourceGroups/cli_test_vm_custom_image_conflict000001/providers/Microsoft.Network/virtualNetworks/test-vmVNET/subnets/test-vmSubnet"},
      "publicIPAddress": {"id": "/subscriptions/00000000-0000-0000-0000-000000000000/resourceGroups/cli_test_vm_custom_image_conflict000001/providers/Microsoft.Network/publicIPAddresses/test-vmPublicIP"}}}],
      "networkSecurityGroup": {"id": "/subscriptions/00000000-0000-0000-0000-000000000000/resourceGroups/cli_test_vm_custom_image_conflict000001/providers/Microsoft.Network/networkSecurityGroups/test-vmNSG"}}},
      {"apiVersion": "2020-06-01", "type": "Microsoft.Compute/virtualMachines", "name":
      "test-vm", "location": "westus", "tags": {}, "dependsOn": ["Microsoft.Storage/storageAccounts/vhdstorageb80663abf4f6bb",
      "Microsoft.Network/networkInterfaces/test-vmVMNic"], "properties": {"hardwareProfile":
      {"vmSize": "Standard_DS1_v2"}, "networkProfile": {"networkInterfaces": [{"id":
      "/subscriptions/00000000-0000-0000-0000-000000000000/resourceGroups/cli_test_vm_custom_image_conflict000001/providers/Microsoft.Network/networkInterfaces/test-vmVMNic",
      "properties": {"deleteOption": null}}]}, "storageProfile": {"osDisk": {"createOption":
      "fromImage", "name": "osdisk_b80663abf4", "caching": "ReadWrite", "vhd": {"uri":
      "https://vhdstorageb80663abf4f6bb.blob.core.windows.net/vhds/osdisk_b80663abf4.vhd"}},
      "imageReference": {"publisher": "Debian", "offer": "debian-10", "sku": "10",
      "version": "latest"}}, "osProfile": {"computerName": "test-vm", "adminUsername":
      "ubuntu", "adminPassword": "[parameters(''adminPassword'')]"}}}], "outputs":
      {}}, "parameters": {"adminPassword": {"value": "testPassword0"}}, "mode": "incremental"}}'
    headers:
      Accept:
      - application/json
      Accept-Encoding:
      - gzip, deflate
      CommandName:
      - vm create
      Connection:
      - keep-alive
      Content-Length:
      - '3600'
      Content-Type:
      - application/json
      ParameterSetName:
      - -g -n --image --use-unmanaged-disk --admin-username --admin-password --authentication-type
      User-Agent:
      - AZURECLI/2.34.1 azsdk-python-azure-mgmt-resource/20.0.0 Python/3.10.0 (Windows-10-10.0.19043-SP0)
    method: PUT
    uri: https://management.azure.com/subscriptions/00000000-0000-0000-0000-000000000000/resourcegroups/cli_test_vm_custom_image_conflict000001/providers/Microsoft.Resources/deployments/mock-deployment?api-version=2019-10-01
  response:
    body:
      string: '{"id":"/subscriptions/00000000-0000-0000-0000-000000000000/resourceGroups/cli_test_vm_custom_image_conflict000001/providers/Microsoft.Resources/deployments/vm_deploy_OQA5EBZcDyElF7WQV8VuJilfsboHNzVa","name":"vm_deploy_OQA5EBZcDyElF7WQV8VuJilfsboHNzVa","type":"Microsoft.Resources/deployments","properties":{"templateHash":"14428736854707947890","parameters":{"adminPassword":{"type":"SecureString"}},"mode":"Incremental","provisioningState":"Accepted","timestamp":"2022-03-17T04:51:41.6425426Z","duration":"PT0.0006719S","correlationId":"180f6fc8-39bb-4323-9e64-8b7dc776ff2b","providers":[{"namespace":"Microsoft.Storage","resourceTypes":[{"resourceType":"storageAccounts","locations":["westus"]}]},{"namespace":"Microsoft.Network","resourceTypes":[{"resourceType":"virtualNetworks","locations":["westus"]},{"resourceType":"networkSecurityGroups","locations":["westus"]},{"resourceType":"publicIPAddresses","locations":["westus"]},{"resourceType":"networkInterfaces","locations":["westus"]}]},{"namespace":"Microsoft.Compute","resourceTypes":[{"resourceType":"virtualMachines","locations":["westus"]}]}],"dependencies":[{"dependsOn":[{"id":"/subscriptions/00000000-0000-0000-0000-000000000000/resourceGroups/cli_test_vm_custom_image_conflict000001/providers/Microsoft.Network/virtualNetworks/test-vmVNET","resourceType":"Microsoft.Network/virtualNetworks","resourceName":"test-vmVNET"},{"id":"/subscriptions/00000000-0000-0000-0000-000000000000/resourceGroups/cli_test_vm_custom_image_conflict000001/providers/Microsoft.Network/networkSecurityGroups/test-vmNSG","resourceType":"Microsoft.Network/networkSecurityGroups","resourceName":"test-vmNSG"},{"id":"/subscriptions/00000000-0000-0000-0000-000000000000/resourceGroups/cli_test_vm_custom_image_conflict000001/providers/Microsoft.Network/publicIPAddresses/test-vmPublicIP","resourceType":"Microsoft.Network/publicIPAddresses","resourceName":"test-vmPublicIP"}],"id":"/subscriptions/00000000-0000-0000-0000-000000000000/resourceGroups/cli_test_vm_custom_image_conflict000001/providers/Microsoft.Network/networkInterfaces/test-vmVMNic","resourceType":"Microsoft.Network/networkInterfaces","resourceName":"test-vmVMNic"},{"dependsOn":[{"id":"/subscriptions/00000000-0000-0000-0000-000000000000/resourceGroups/cli_test_vm_custom_image_conflict000001/providers/Microsoft.Storage/storageAccounts/vhdstorageb80663abf4f6bb","resourceType":"Microsoft.Storage/storageAccounts","resourceName":"vhdstorageb80663abf4f6bb"},{"id":"/subscriptions/00000000-0000-0000-0000-000000000000/resourceGroups/cli_test_vm_custom_image_conflict000001/providers/Microsoft.Network/networkInterfaces/test-vmVMNic","resourceType":"Microsoft.Network/networkInterfaces","resourceName":"test-vmVMNic"}],"id":"/subscriptions/00000000-0000-0000-0000-000000000000/resourceGroups/cli_test_vm_custom_image_conflict000001/providers/Microsoft.Compute/virtualMachines/test-vm","resourceType":"Microsoft.Compute/virtualMachines","resourceName":"test-vm"}]}}'
    headers:
      azure-asyncoperation:
      - https://management.azure.com/subscriptions/00000000-0000-0000-0000-000000000000/resourcegroups/cli_test_vm_custom_image_conflict000001/providers/Microsoft.Resources/deployments/vm_deploy_OQA5EBZcDyElF7WQV8VuJilfsboHNzVa/operationStatuses/08585541141860594272?api-version=2019-10-01
      cache-control:
      - no-cache
      content-length:
      - '2966'
      content-type:
      - application/json; charset=utf-8
      date:
      - Thu, 17 Mar 2022 04:51:42 GMT
      expires:
      - '-1'
      pragma:
      - no-cache
      strict-transport-security:
      - max-age=31536000; includeSubDomains
      x-content-type-options:
      - nosniff
      x-ms-ratelimit-remaining-subscription-writes:
      - '1199'
    status:
      code: 201
      message: Created
- request:
    body: null
    headers:
      Accept:
      - '*/*'
      Accept-Encoding:
      - gzip, deflate
      CommandName:
      - vm create
      Connection:
      - keep-alive
      ParameterSetName:
      - -g -n --image --use-unmanaged-disk --admin-username --admin-password --authentication-type
      User-Agent:
      - AZURECLI/2.34.1 azsdk-python-azure-mgmt-resource/20.0.0 Python/3.10.0 (Windows-10-10.0.19043-SP0)
    method: GET
    uri: https://management.azure.com/subscriptions/00000000-0000-0000-0000-000000000000/resourcegroups/cli_test_vm_custom_image_conflict000001/providers/Microsoft.Resources/deployments/mock-deployment/operationStatuses/08585541141860594272?api-version=2019-10-01
  response:
    body:
      string: '{"status":"Running"}'
    headers:
      cache-control:
      - no-cache
      content-length:
      - '20'
      content-type:
      - application/json; charset=utf-8
      date:
      - Thu, 17 Mar 2022 04:52:12 GMT
      expires:
      - '-1'
      pragma:
      - no-cache
      strict-transport-security:
      - max-age=31536000; includeSubDomains
      vary:
      - Accept-Encoding
      x-content-type-options:
      - nosniff
    status:
      code: 200
      message: OK
- request:
    body: null
    headers:
      Accept:
      - '*/*'
      Accept-Encoding:
      - gzip, deflate
      CommandName:
      - vm create
      Connection:
      - keep-alive
      ParameterSetName:
      - -g -n --image --use-unmanaged-disk --admin-username --admin-password --authentication-type
      User-Agent:
      - AZURECLI/2.34.1 azsdk-python-azure-mgmt-resource/20.0.0 Python/3.10.0 (Windows-10-10.0.19043-SP0)
    method: GET
    uri: https://management.azure.com/subscriptions/00000000-0000-0000-0000-000000000000/resourcegroups/cli_test_vm_custom_image_conflict000001/providers/Microsoft.Resources/deployments/mock-deployment/operationStatuses/08585541141860594272?api-version=2019-10-01
  response:
    body:
      string: '{"status":"Running"}'
    headers:
      cache-control:
      - no-cache
      content-length:
      - '20'
      content-type:
      - application/json; charset=utf-8
      date:
      - Thu, 17 Mar 2022 04:52:43 GMT
      expires:
      - '-1'
      pragma:
      - no-cache
      strict-transport-security:
      - max-age=31536000; includeSubDomains
      vary:
      - Accept-Encoding
      x-content-type-options:
      - nosniff
    status:
      code: 200
      message: OK
- request:
    body: null
    headers:
      Accept:
      - '*/*'
      Accept-Encoding:
      - gzip, deflate
      CommandName:
      - vm create
      Connection:
      - keep-alive
      ParameterSetName:
      - -g -n --image --use-unmanaged-disk --admin-username --admin-password --authentication-type
      User-Agent:
      - AZURECLI/2.34.1 azsdk-python-azure-mgmt-resource/20.0.0 Python/3.10.0 (Windows-10-10.0.19043-SP0)
    method: GET
    uri: https://management.azure.com/subscriptions/00000000-0000-0000-0000-000000000000/resourcegroups/cli_test_vm_custom_image_conflict000001/providers/Microsoft.Resources/deployments/mock-deployment/operationStatuses/08585541141860594272?api-version=2019-10-01
  response:
    body:
      string: '{"status":"Succeeded"}'
    headers:
      cache-control:
      - no-cache
      content-length:
      - '22'
      content-type:
      - application/json; charset=utf-8
      date:
      - Thu, 17 Mar 2022 04:53:14 GMT
      expires:
      - '-1'
      pragma:
      - no-cache
      strict-transport-security:
      - max-age=31536000; includeSubDomains
      vary:
      - Accept-Encoding
      x-content-type-options:
      - nosniff
    status:
      code: 200
      message: OK
- request:
    body: null
    headers:
      Accept:
      - '*/*'
      Accept-Encoding:
      - gzip, deflate
      CommandName:
      - vm create
      Connection:
      - keep-alive
      ParameterSetName:
      - -g -n --image --use-unmanaged-disk --admin-username --admin-password --authentication-type
      User-Agent:
      - AZURECLI/2.34.1 azsdk-python-azure-mgmt-resource/20.0.0 Python/3.10.0 (Windows-10-10.0.19043-SP0)
    method: GET
    uri: https://management.azure.com/subscriptions/00000000-0000-0000-0000-000000000000/resourcegroups/cli_test_vm_custom_image_conflict000001/providers/Microsoft.Resources/deployments/mock-deployment?api-version=2019-10-01
  response:
    body:
      string: '{"id":"/subscriptions/00000000-0000-0000-0000-000000000000/resourceGroups/cli_test_vm_custom_image_conflict000001/providers/Microsoft.Resources/deployments/vm_deploy_OQA5EBZcDyElF7WQV8VuJilfsboHNzVa","name":"vm_deploy_OQA5EBZcDyElF7WQV8VuJilfsboHNzVa","type":"Microsoft.Resources/deployments","properties":{"templateHash":"14428736854707947890","parameters":{"adminPassword":{"type":"SecureString"}},"mode":"Incremental","provisioningState":"Succeeded","timestamp":"2022-03-17T04:52:43.7936644Z","duration":"PT1M2.1517937S","correlationId":"180f6fc8-39bb-4323-9e64-8b7dc776ff2b","providers":[{"namespace":"Microsoft.Storage","resourceTypes":[{"resourceType":"storageAccounts","locations":["westus"]}]},{"namespace":"Microsoft.Network","resourceTypes":[{"resourceType":"virtualNetworks","locations":["westus"]},{"resourceType":"networkSecurityGroups","locations":["westus"]},{"resourceType":"publicIPAddresses","locations":["westus"]},{"resourceType":"networkInterfaces","locations":["westus"]}]},{"namespace":"Microsoft.Compute","resourceTypes":[{"resourceType":"virtualMachines","locations":["westus"]}]}],"dependencies":[{"dependsOn":[{"id":"/subscriptions/00000000-0000-0000-0000-000000000000/resourceGroups/cli_test_vm_custom_image_conflict000001/providers/Microsoft.Network/virtualNetworks/test-vmVNET","resourceType":"Microsoft.Network/virtualNetworks","resourceName":"test-vmVNET"},{"id":"/subscriptions/00000000-0000-0000-0000-000000000000/resourceGroups/cli_test_vm_custom_image_conflict000001/providers/Microsoft.Network/networkSecurityGroups/test-vmNSG","resourceType":"Microsoft.Network/networkSecurityGroups","resourceName":"test-vmNSG"},{"id":"/subscriptions/00000000-0000-0000-0000-000000000000/resourceGroups/cli_test_vm_custom_image_conflict000001/providers/Microsoft.Network/publicIPAddresses/test-vmPublicIP","resourceType":"Microsoft.Network/publicIPAddresses","resourceName":"test-vmPublicIP"}],"id":"/subscriptions/00000000-0000-0000-0000-000000000000/resourceGroups/cli_test_vm_custom_image_conflict000001/providers/Microsoft.Network/networkInterfaces/test-vmVMNic","resourceType":"Microsoft.Network/networkInterfaces","resourceName":"test-vmVMNic"},{"dependsOn":[{"id":"/subscriptions/00000000-0000-0000-0000-000000000000/resourceGroups/cli_test_vm_custom_image_conflict000001/providers/Microsoft.Storage/storageAccounts/vhdstorageb80663abf4f6bb","resourceType":"Microsoft.Storage/storageAccounts","resourceName":"vhdstorageb80663abf4f6bb"},{"id":"/subscriptions/00000000-0000-0000-0000-000000000000/resourceGroups/cli_test_vm_custom_image_conflict000001/providers/Microsoft.Network/networkInterfaces/test-vmVMNic","resourceType":"Microsoft.Network/networkInterfaces","resourceName":"test-vmVMNic"}],"id":"/subscriptions/00000000-0000-0000-0000-000000000000/resourceGroups/cli_test_vm_custom_image_conflict000001/providers/Microsoft.Compute/virtualMachines/test-vm","resourceType":"Microsoft.Compute/virtualMachines","resourceName":"test-vm"}],"outputs":{},"outputResources":[{"id":"/subscriptions/00000000-0000-0000-0000-000000000000/resourceGroups/cli_test_vm_custom_image_conflict000001/providers/Microsoft.Compute/virtualMachines/test-vm"},{"id":"/subscriptions/00000000-0000-0000-0000-000000000000/resourceGroups/cli_test_vm_custom_image_conflict000001/providers/Microsoft.Network/networkInterfaces/test-vmVMNic"},{"id":"/subscriptions/00000000-0000-0000-0000-000000000000/resourceGroups/cli_test_vm_custom_image_conflict000001/providers/Microsoft.Network/networkSecurityGroups/test-vmNSG"},{"id":"/subscriptions/00000000-0000-0000-0000-000000000000/resourceGroups/cli_test_vm_custom_image_conflict000001/providers/Microsoft.Network/publicIPAddresses/test-vmPublicIP"},{"id":"/subscriptions/00000000-0000-0000-0000-000000000000/resourceGroups/cli_test_vm_custom_image_conflict000001/providers/Microsoft.Network/virtualNetworks/test-vmVNET"},{"id":"/subscriptions/00000000-0000-0000-0000-000000000000/resourceGroups/cli_test_vm_custom_image_conflict000001/providers/Microsoft.Storage/storageAccounts/vhdstorageb80663abf4f6bb"}]}}'
    headers:
      cache-control:
      - no-cache
      content-length:
      - '4057'
      content-type:
      - application/json; charset=utf-8
      date:
      - Thu, 17 Mar 2022 04:53:14 GMT
      expires:
      - '-1'
      pragma:
      - no-cache
      strict-transport-security:
      - max-age=31536000; includeSubDomains
      vary:
      - Accept-Encoding
      x-content-type-options:
      - nosniff
    status:
      code: 200
      message: OK
- request:
    body: null
    headers:
      Accept:
      - application/json
      Accept-Encoding:
      - gzip, deflate
      CommandName:
      - vm create
      Connection:
      - keep-alive
      ParameterSetName:
      - -g -n --image --use-unmanaged-disk --admin-username --admin-password --authentication-type
      User-Agent:
      - AZURECLI/2.34.1 azsdk-python-azure-mgmt-compute/25.0.0 Python/3.10.0 (Windows-10-10.0.19043-SP0)
    method: GET
    uri: https://management.azure.com/subscriptions/00000000-0000-0000-0000-000000000000/resourceGroups/cli_test_vm_custom_image_conflict000001/providers/Microsoft.Compute/virtualMachines/test-vm?$expand=instanceView&api-version=2020-06-01
  response:
    body:
      string: "{\r\n  \"name\": \"test-vm\",\r\n  \"id\": \"/subscriptions/00000000-0000-0000-0000-000000000000/resourceGroups/cli_test_vm_custom_image_conflict000001/providers/Microsoft.Compute/virtualMachines/test-vm\",\r\n
        \ \"type\": \"Microsoft.Compute/virtualMachines\",\r\n  \"location\": \"westus\",\r\n
        \ \"tags\": {},\r\n  \"properties\": {\r\n    \"vmId\": \"ada14f04-9afa-448a-8a09-3fbc00e05530\",\r\n
        \   \"hardwareProfile\": {\r\n      \"vmSize\": \"Standard_DS1_v2\"\r\n    },\r\n
        \   \"storageProfile\": {\r\n      \"imageReference\": {\r\n        \"publisher\":
        \"Debian\",\r\n        \"offer\": \"debian-10\",\r\n        \"sku\": \"10\",\r\n
        \       \"version\": \"latest\",\r\n        \"exactVersion\": \"0.20220310.944\"\r\n
        \     },\r\n      \"osDisk\": {\r\n        \"osType\": \"Linux\",\r\n        \"name\":
        \"osdisk_b80663abf4\",\r\n        \"createOption\": \"FromImage\",\r\n        \"vhd\":
        {\r\n          \"uri\": \"https://vhdstorageb80663abf4f6bb.blob.core.windows.net/vhds/osdisk_b80663abf4.vhd\"\r\n
        \       },\r\n        \"caching\": \"ReadWrite\",\r\n        \"diskSizeGB\":
        30\r\n      },\r\n      \"dataDisks\": []\r\n    },\r\n    \"osProfile\":
        {\r\n      \"computerName\": \"test-vm\",\r\n      \"adminUsername\": \"ubuntu\",\r\n
        \     \"linuxConfiguration\": {\r\n        \"disablePasswordAuthentication\":
        false,\r\n        \"provisionVMAgent\": true,\r\n        \"patchSettings\":
        {\r\n          \"patchMode\": \"ImageDefault\"\r\n        }\r\n      },\r\n
        \     \"secrets\": [],\r\n      \"allowExtensionOperations\": true,\r\n      \"requireGuestProvisionSignal\":
        true\r\n    },\r\n    \"networkProfile\": {\"networkInterfaces\":[{\"id\":\"/subscriptions/00000000-0000-0000-0000-000000000000/resourceGroups/cli_test_vm_custom_image_conflict000001/providers/Microsoft.Network/networkInterfaces/test-vmVMNic\"}]},\r\n
        \   \"provisioningState\": \"Succeeded\",\r\n    \"instanceView\": {\r\n      \"computerName\":
        \"test-vm\",\r\n      \"osName\": \"debian\",\r\n      \"osVersion\": \"10.11\",\r\n
        \     \"vmAgent\": {\r\n        \"vmAgentVersion\": \"2.2.45\",\r\n        \"statuses\":
        [\r\n          {\r\n            \"code\": \"ProvisioningState/succeeded\",\r\n
        \           \"level\": \"Info\",\r\n            \"displayStatus\": \"Ready\",\r\n
        \           \"message\": \"Guest Agent is running\",\r\n            \"time\":
        \"2022-03-17T04:52:47+00:00\"\r\n          }\r\n        ],\r\n        \"extensionHandlers\":
        []\r\n      },\r\n      \"disks\": [\r\n        {\r\n          \"name\": \"osdisk_b80663abf4\",\r\n
        \         \"statuses\": [\r\n            {\r\n              \"code\": \"ProvisioningState/succeeded\",\r\n
        \             \"level\": \"Info\",\r\n              \"displayStatus\": \"Provisioning
        succeeded\",\r\n              \"time\": \"2022-03-17T04:52:15.5955763+00:00\"\r\n
        \           }\r\n          ]\r\n        }\r\n      ],\r\n      \"hyperVGeneration\":
        \"V1\",\r\n      \"statuses\": [\r\n        {\r\n          \"code\": \"ProvisioningState/succeeded\",\r\n
        \         \"level\": \"Info\",\r\n          \"displayStatus\": \"Provisioning
        succeeded\",\r\n          \"time\": \"2022-03-17T04:52:41.4549755+00:00\"\r\n
        \       },\r\n        {\r\n          \"code\": \"PowerState/running\",\r\n
        \         \"level\": \"Info\",\r\n          \"displayStatus\": \"VM running\"\r\n
        \       }\r\n      ]\r\n    }\r\n  }\r\n}"
    headers:
      cache-control:
      - no-cache
      content-length:
      - '2939'
      content-type:
      - application/json; charset=utf-8
      date:
      - Thu, 17 Mar 2022 04:53:14 GMT
      expires:
      - '-1'
      pragma:
      - no-cache
      server:
      - Microsoft-HTTPAPI/2.0
      - Microsoft-HTTPAPI/2.0
      strict-transport-security:
      - max-age=31536000; includeSubDomains
      transfer-encoding:
      - chunked
      vary:
      - Accept-Encoding
      x-content-type-options:
      - nosniff
      x-ms-ratelimit-remaining-resource:
      - Microsoft.Compute/LowCostGet3Min;3924,Microsoft.Compute/LowCostGet30Min;31358
    status:
      code: 200
      message: OK
- request:
    body: null
    headers:
      Accept:
      - application/json
      Accept-Encoding:
      - gzip, deflate
      CommandName:
      - vm create
      Connection:
      - keep-alive
      ParameterSetName:
      - -g -n --image --use-unmanaged-disk --admin-username --admin-password --authentication-type
      User-Agent:
      - AZURECLI/2.34.1 azsdk-python-azure-mgmt-network/19.3.0 Python/3.10.0 (Windows-10-10.0.19043-SP0)
    method: GET
    uri: https://management.azure.com/subscriptions/00000000-0000-0000-0000-000000000000/resourceGroups/cli_test_vm_custom_image_conflict000001/providers/Microsoft.Network/networkInterfaces/test-vmVMNic?api-version=2018-11-01
  response:
    body:
      string: "{\r\n  \"name\": \"test-vmVMNic\",\r\n  \"id\": \"/subscriptions/00000000-0000-0000-0000-000000000000/resourceGroups/cli_test_vm_custom_image_conflict000001/providers/Microsoft.Network/networkInterfaces/test-vmVMNic\",\r\n
        \ \"etag\": \"W/\\\"a5be9fce-fd59-4cd8-943d-d337f2915917\\\"\",\r\n  \"location\":
        \"westus\",\r\n  \"tags\": {},\r\n  \"properties\": {\r\n    \"provisioningState\":
        \"Succeeded\",\r\n    \"resourceGuid\": \"18b4587d-7465-4184-b409-f586799f985e\",\r\n
        \   \"ipConfigurations\": [\r\n      {\r\n        \"name\": \"ipconfigtest-vm\",\r\n
        \       \"id\": \"/subscriptions/00000000-0000-0000-0000-000000000000/resourceGroups/cli_test_vm_custom_image_conflict000001/providers/Microsoft.Network/networkInterfaces/test-vmVMNic/ipConfigurations/ipconfigtest-vm\",\r\n
        \       \"etag\": \"W/\\\"a5be9fce-fd59-4cd8-943d-d337f2915917\\\"\",\r\n
        \       \"type\": \"Microsoft.Network/networkInterfaces/ipConfigurations\",\r\n
        \       \"properties\": {\r\n          \"provisioningState\": \"Succeeded\",\r\n
        \         \"privateIPAddress\": \"10.0.0.4\",\r\n          \"privateIPAllocationMethod\":
        \"Dynamic\",\r\n          \"publicIPAddress\": {\r\n            \"id\": \"/subscriptions/00000000-0000-0000-0000-000000000000/resourceGroups/cli_test_vm_custom_image_conflict000001/providers/Microsoft.Network/publicIPAddresses/test-vmPublicIP\"\r\n
        \         },\r\n          \"subnet\": {\r\n            \"id\": \"/subscriptions/00000000-0000-0000-0000-000000000000/resourceGroups/cli_test_vm_custom_image_conflict000001/providers/Microsoft.Network/virtualNetworks/test-vmVNET/subnets/test-vmSubnet\"\r\n
        \         },\r\n          \"primary\": true,\r\n          \"privateIPAddressVersion\":
        \"IPv4\"\r\n        }\r\n      }\r\n    ],\r\n    \"dnsSettings\": {\r\n      \"dnsServers\":
        [],\r\n      \"appliedDnsServers\": [],\r\n      \"internalDomainNameSuffix\":
        \"qehbnwiugwiudcy0x0zd0oo3me.dx.internal.cloudapp.net\"\r\n    },\r\n    \"macAddress\":
        \"00-22-48-0A-A0-6C\",\r\n    \"enableAcceleratedNetworking\": false,\r\n
        \   \"enableIPForwarding\": false,\r\n    \"networkSecurityGroup\": {\r\n
        \     \"id\": \"/subscriptions/00000000-0000-0000-0000-000000000000/resourceGroups/cli_test_vm_custom_image_conflict000001/providers/Microsoft.Network/networkSecurityGroups/test-vmNSG\"\r\n
        \   },\r\n    \"primary\": true,\r\n    \"virtualMachine\": {\r\n      \"id\":
        \"/subscriptions/00000000-0000-0000-0000-000000000000/resourceGroups/cli_test_vm_custom_image_conflict000001/providers/Microsoft.Compute/virtualMachines/test-vm\"\r\n
        \   },\r\n    \"hostedWorkloads\": [],\r\n    \"tapConfigurations\": []\r\n
        \ },\r\n  \"type\": \"Microsoft.Network/networkInterfaces\"\r\n}"
    headers:
      cache-control:
      - no-cache
      content-length:
      - '2450'
      content-type:
      - application/json; charset=utf-8
      date:
      - Thu, 17 Mar 2022 04:53:16 GMT
      etag:
      - W/"a5be9fce-fd59-4cd8-943d-d337f2915917"
      expires:
      - '-1'
      pragma:
      - no-cache
      server:
      - Microsoft-HTTPAPI/2.0
      - Microsoft-HTTPAPI/2.0
      strict-transport-security:
      - max-age=31536000; includeSubDomains
      transfer-encoding:
      - chunked
      vary:
      - Accept-Encoding
      x-content-type-options:
      - nosniff
      x-ms-arm-service-request-id:
      - 757596ed-c4bb-45a0-b381-40657e6228a0
    status:
      code: 200
      message: OK
- request:
    body: null
    headers:
      Accept:
      - application/json
      Accept-Encoding:
      - gzip, deflate
      CommandName:
      - vm create
      Connection:
      - keep-alive
      ParameterSetName:
      - -g -n --image --use-unmanaged-disk --admin-username --admin-password --authentication-type
      User-Agent:
      - AZURECLI/2.34.1 azsdk-python-azure-mgmt-network/19.3.0 Python/3.10.0 (Windows-10-10.0.19043-SP0)
    method: GET
    uri: https://management.azure.com/subscriptions/00000000-0000-0000-0000-000000000000/resourceGroups/cli_test_vm_custom_image_conflict000001/providers/Microsoft.Network/publicIPAddresses/test-vmPublicIP?api-version=2018-11-01
  response:
    body:
      string: "{\r\n  \"name\": \"test-vmPublicIP\",\r\n  \"id\": \"/subscriptions/00000000-0000-0000-0000-000000000000/resourceGroups/cli_test_vm_custom_image_conflict000001/providers/Microsoft.Network/publicIPAddresses/test-vmPublicIP\",\r\n
        \ \"etag\": \"W/\\\"b411d734-e66f-4449-8989-d758d8a171df\\\"\",\r\n  \"location\":
        \"westus\",\r\n  \"tags\": {},\r\n  \"properties\": {\r\n    \"provisioningState\":
        \"Succeeded\",\r\n    \"resourceGuid\": \"de496f29-caac-46f9-9f0f-12a7377a7520\",\r\n
        \   \"ipAddress\": \"104.42.212.137\",\r\n    \"publicIPAddressVersion\":
        \"IPv4\",\r\n    \"publicIPAllocationMethod\": \"Dynamic\",\r\n    \"idleTimeoutInMinutes\":
        4,\r\n    \"ipTags\": [],\r\n    \"ipConfiguration\": {\r\n      \"id\": \"/subscriptions/00000000-0000-0000-0000-000000000000/resourceGroups/cli_test_vm_custom_image_conflict000001/providers/Microsoft.Network/networkInterfaces/test-vmVMNic/ipConfigurations/ipconfigtest-vm\"\r\n
        \   }\r\n  },\r\n  \"type\": \"Microsoft.Network/publicIPAddresses\",\r\n
        \ \"sku\": {\r\n    \"name\": \"Basic\"\r\n  }\r\n}"
    headers:
      cache-control:
      - no-cache
      content-length:
      - '942'
      content-type:
      - application/json; charset=utf-8
      date:
      - Thu, 17 Mar 2022 04:53:17 GMT
      etag:
      - W/"b411d734-e66f-4449-8989-d758d8a171df"
      expires:
      - '-1'
      pragma:
      - no-cache
      server:
      - Microsoft-HTTPAPI/2.0
      - Microsoft-HTTPAPI/2.0
      strict-transport-security:
      - max-age=31536000; includeSubDomains
      transfer-encoding:
      - chunked
      vary:
      - Accept-Encoding
      x-content-type-options:
      - nosniff
      x-ms-arm-service-request-id:
      - 7f91570a-d306-4ed2-ba29-8226fd45b651
    status:
      code: 200
      message: OK
- request:
    body: null
    headers:
      Accept:
      - application/json
      Accept-Encoding:
      - gzip, deflate
      CommandName:
      - vm show
      Connection:
      - keep-alive
      ParameterSetName:
      - -g -n
      User-Agent:
      - AZURECLI/2.34.1 azsdk-python-azure-mgmt-compute/25.0.0 Python/3.10.0 (Windows-10-10.0.19043-SP0)
    method: GET
    uri: https://management.azure.com/subscriptions/00000000-0000-0000-0000-000000000000/resourceGroups/cli_test_vm_custom_image_conflict000001/providers/Microsoft.Compute/virtualMachines/test-vm?api-version=2020-06-01
  response:
    body:
      string: "{\r\n  \"name\": \"test-vm\",\r\n  \"id\": \"/subscriptions/00000000-0000-0000-0000-000000000000/resourceGroups/cli_test_vm_custom_image_conflict000001/providers/Microsoft.Compute/virtualMachines/test-vm\",\r\n
        \ \"type\": \"Microsoft.Compute/virtualMachines\",\r\n  \"location\": \"westus\",\r\n
        \ \"tags\": {},\r\n  \"properties\": {\r\n    \"vmId\": \"ada14f04-9afa-448a-8a09-3fbc00e05530\",\r\n
        \   \"hardwareProfile\": {\r\n      \"vmSize\": \"Standard_DS1_v2\"\r\n    },\r\n
        \   \"storageProfile\": {\r\n      \"imageReference\": {\r\n        \"publisher\":
        \"Debian\",\r\n        \"offer\": \"debian-10\",\r\n        \"sku\": \"10\",\r\n
        \       \"version\": \"latest\",\r\n        \"exactVersion\": \"0.20220310.944\"\r\n
        \     },\r\n      \"osDisk\": {\r\n        \"osType\": \"Linux\",\r\n        \"name\":
        \"osdisk_b80663abf4\",\r\n        \"createOption\": \"FromImage\",\r\n        \"vhd\":
        {\r\n          \"uri\": \"https://vhdstorageb80663abf4f6bb.blob.core.windows.net/vhds/osdisk_b80663abf4.vhd\"\r\n
        \       },\r\n        \"caching\": \"ReadWrite\",\r\n        \"diskSizeGB\":
        30\r\n      },\r\n      \"dataDisks\": []\r\n    },\r\n    \"osProfile\":
        {\r\n      \"computerName\": \"test-vm\",\r\n      \"adminUsername\": \"ubuntu\",\r\n
        \     \"linuxConfiguration\": {\r\n        \"disablePasswordAuthentication\":
        false,\r\n        \"provisionVMAgent\": true,\r\n        \"patchSettings\":
        {\r\n          \"patchMode\": \"ImageDefault\"\r\n        }\r\n      },\r\n
        \     \"secrets\": [],\r\n      \"allowExtensionOperations\": true,\r\n      \"requireGuestProvisionSignal\":
        true\r\n    },\r\n    \"networkProfile\": {\"networkInterfaces\":[{\"id\":\"/subscriptions/00000000-0000-0000-0000-000000000000/resourceGroups/cli_test_vm_custom_image_conflict000001/providers/Microsoft.Network/networkInterfaces/test-vmVMNic\"}]},\r\n
        \   \"provisioningState\": \"Succeeded\"\r\n  }\r\n}"
    headers:
      cache-control:
      - no-cache
      content-length:
      - '1671'
      content-type:
      - application/json; charset=utf-8
      date:
      - Thu, 17 Mar 2022 04:53:16 GMT
      expires:
      - '-1'
      pragma:
      - no-cache
      server:
      - Microsoft-HTTPAPI/2.0
      - Microsoft-HTTPAPI/2.0
      strict-transport-security:
      - max-age=31536000; includeSubDomains
      transfer-encoding:
      - chunked
      vary:
      - Accept-Encoding
      x-content-type-options:
      - nosniff
      x-ms-ratelimit-remaining-resource:
      - Microsoft.Compute/LowCostGet3Min;3923,Microsoft.Compute/LowCostGet30Min;31357
    status:
      code: 200
      message: OK
- request:
    body: null
    headers:
      Accept:
      - '*/*'
      Accept-Encoding:
      - gzip, deflate
      CommandName:
      - vm stop
      Connection:
      - keep-alive
      Content-Length:
      - '0'
      ParameterSetName:
      - -g -n
      User-Agent:
      - AZURECLI/2.34.1 azsdk-python-azure-mgmt-compute/25.0.0 Python/3.10.0 (Windows-10-10.0.19043-SP0)
    method: POST
    uri: https://management.azure.com/subscriptions/00000000-0000-0000-0000-000000000000/resourceGroups/cli_test_vm_custom_image_conflict000001/providers/Microsoft.Compute/virtualMachines/test-vm/powerOff?skipShutdown=false&api-version=2020-06-01
  response:
    body:
      string: ''
    headers:
      azure-asyncoperation:
      - https://management.azure.com/subscriptions/00000000-0000-0000-0000-000000000000/providers/Microsoft.Compute/locations/westus/operations/153993f0-6dfd-405c-a162-fd26d0625ab1?p=571046f6-b640-41c1-86f7-f9f044b5adf9&api-version=2020-06-01
      cache-control:
      - no-cache
      content-length:
      - '0'
      date:
      - Thu, 17 Mar 2022 04:53:17 GMT
      expires:
      - '-1'
      location:
      - https://management.azure.com/subscriptions/00000000-0000-0000-0000-000000000000/providers/Microsoft.Compute/locations/westus/operations/153993f0-6dfd-405c-a162-fd26d0625ab1?p=571046f6-b640-41c1-86f7-f9f044b5adf9&monitor=true&api-version=2020-06-01
      pragma:
      - no-cache
      server:
      - Microsoft-HTTPAPI/2.0
      - Microsoft-HTTPAPI/2.0
      strict-transport-security:
      - max-age=31536000; includeSubDomains
      x-content-type-options:
      - nosniff
      x-ms-ratelimit-remaining-resource:
      - Microsoft.Compute/UpdateVM3Min;237,Microsoft.Compute/UpdateVM30Min;1193
      x-ms-ratelimit-remaining-subscription-writes:
      - '1197'
    status:
      code: 202
      message: Accepted
- request:
    body: null
    headers:
      Accept:
      - '*/*'
      Accept-Encoding:
      - gzip, deflate
      CommandName:
      - vm stop
      Connection:
      - keep-alive
      ParameterSetName:
      - -g -n
      User-Agent:
      - AZURECLI/2.34.1 azsdk-python-azure-mgmt-compute/25.0.0 Python/3.10.0 (Windows-10-10.0.19043-SP0)
    method: GET
    uri: https://management.azure.com/subscriptions/00000000-0000-0000-0000-000000000000/providers/Microsoft.Compute/locations/westus/operations/153993f0-6dfd-405c-a162-fd26d0625ab1?p=571046f6-b640-41c1-86f7-f9f044b5adf9&api-version=2020-06-01
  response:
    body:
      string: "{\r\n  \"startTime\": \"2022-03-17T04:53:18.3144082+00:00\",\r\n  \"endTime\":
        \"2022-03-17T04:53:27.0487959+00:00\",\r\n  \"status\": \"Succeeded\",\r\n
        \ \"name\": \"153993f0-6dfd-405c-a162-fd26d0625ab1\"\r\n}"
    headers:
      cache-control:
      - no-cache
      content-length:
      - '184'
      content-type:
      - application/json; charset=utf-8
      date:
      - Thu, 17 Mar 2022 04:53:47 GMT
      expires:
      - '-1'
      pragma:
      - no-cache
      server:
      - Microsoft-HTTPAPI/2.0
      - Microsoft-HTTPAPI/2.0
      strict-transport-security:
      - max-age=31536000; includeSubDomains
      transfer-encoding:
      - chunked
      vary:
      - Accept-Encoding
      x-content-type-options:
      - nosniff
      x-ms-ratelimit-remaining-resource:
      - Microsoft.Compute/GetOperation3Min;14964,Microsoft.Compute/GetOperation30Min;29931
    status:
      code: 200
      message: OK
- request:
    body: null
    headers:
      Accept:
      - '*/*'
      Accept-Encoding:
      - gzip, deflate
      CommandName:
      - vm stop
      Connection:
      - keep-alive
      ParameterSetName:
      - -g -n
      User-Agent:
      - AZURECLI/2.34.1 azsdk-python-azure-mgmt-compute/25.0.0 Python/3.10.0 (Windows-10-10.0.19043-SP0)
    method: GET
    uri: https://management.azure.com/subscriptions/00000000-0000-0000-0000-000000000000/providers/Microsoft.Compute/locations/westus/operations/153993f0-6dfd-405c-a162-fd26d0625ab1?p=571046f6-b640-41c1-86f7-f9f044b5adf9&monitor=true&api-version=2020-06-01
  response:
    body:
      string: ''
    headers:
      cache-control:
      - no-cache
      content-length:
      - '0'
      date:
      - Thu, 17 Mar 2022 04:53:48 GMT
      expires:
      - '-1'
      pragma:
      - no-cache
      server:
      - Microsoft-HTTPAPI/2.0
      - Microsoft-HTTPAPI/2.0
      strict-transport-security:
      - max-age=31536000; includeSubDomains
      x-content-type-options:
      - nosniff
      x-ms-ratelimit-remaining-resource:
      - Microsoft.Compute/GetOperation3Min;14963,Microsoft.Compute/GetOperation30Min;29930
    status:
      code: 200
      message: OK
- request:
    body: null
    headers:
      Accept:
      - application/json
      Accept-Encoding:
      - gzip, deflate
      CommandName:
      - disk create
      Connection:
      - keep-alive
      ParameterSetName:
      - -g -n --source --os-type
      User-Agent:
      - AZURECLI/2.34.1 azsdk-python-azure-mgmt-resource/20.0.0 Python/3.10.0 (Windows-10-10.0.19043-SP0)
    method: GET
    uri: https://management.azure.com/subscriptions/00000000-0000-0000-0000-000000000000/resourcegroups/cli_test_vm_custom_image_conflict000001?api-version=2019-10-01
  response:
    body:
      string: '{"id":"/subscriptions/00000000-0000-0000-0000-000000000000/resourceGroups/cli_test_vm_custom_image_conflict000001","name":"cli_test_vm_custom_image_conflict000001","type":"Microsoft.Resources/resourceGroups","location":"westus","tags":{"product":"azurecli","cause":"automation","date":"2022-03-17T04:51:29Z"},"properties":{"provisioningState":"Succeeded"}}'
    headers:
      cache-control:
      - no-cache
      content-length:
      - '356'
      content-type:
      - application/json; charset=utf-8
      date:
      - Thu, 17 Mar 2022 04:53:49 GMT
      expires:
      - '-1'
      pragma:
      - no-cache
      strict-transport-security:
      - max-age=31536000; includeSubDomains
      vary:
      - Accept-Encoding
      x-content-type-options:
      - nosniff
    status:
      code: 200
      message: OK
- request:
    body: '{"location": "westus", "tags": {}, "sku": {"name": "Premium_LRS"}, "properties":
      {"osType": "Linux", "hyperVGeneration": "V1", "creationData": {"createOption":
      "Import", "storageAccountId": "/subscriptions/00000000-0000-0000-0000-000000000000/resourceGroups/cli_test_vm_custom_image_conflict000001/providers/Microsoft.Storage/storageAccounts/vhdstorageb80663abf4f6bb",
      "sourceUri": "https://vhdstorageb80663abf4f6bb.blob.core.windows.net/vhds/osdisk_b80663abf4.vhd"}}}'
    headers:
      Accept:
      - application/json
      Accept-Encoding:
      - gzip, deflate
      CommandName:
      - disk create
      Connection:
      - keep-alive
      Content-Length:
      - '468'
      Content-Type:
      - application/json
      ParameterSetName:
      - -g -n --source --os-type
      User-Agent:
      - AZURECLI/2.34.1 azsdk-python-azure-mgmt-compute/25.0.0 Python/3.10.0 (Windows-10-10.0.19043-SP0)
    method: PUT
    uri: https://management.azure.com/subscriptions/00000000-0000-0000-0000-000000000000/resourceGroups/cli_test_vm_custom_image_conflict000001/providers/Microsoft.Compute/disks/test-vm?api-version=2019-07-01
  response:
    body:
      string: "{\r\n  \"name\": \"test-vm\",\r\n  \"location\": \"westus\",\r\n  \"tags\":
        {},\r\n  \"sku\": {\r\n    \"name\": \"Premium_LRS\"\r\n  },\r\n  \"properties\":
        {\r\n    \"osType\": \"Linux\",\r\n    \"hyperVGeneration\": \"V1\",\r\n    \"creationData\":
        {\r\n      \"createOption\": \"Import\",\r\n      \"storageAccountId\": \"/subscriptions/00000000-0000-0000-0000-000000000000/resourceGroups/cli_test_vm_custom_image_conflict000001/providers/Microsoft.Storage/storageAccounts/vhdstorageb80663abf4f6bb\",\r\n
        \     \"sourceUri\": \"https://vhdstorageb80663abf4f6bb.blob.core.windows.net/vhds/osdisk_b80663abf4.vhd\"\r\n
        \   },\r\n    \"provisioningState\": \"Updating\",\r\n    \"diskSizeBytes\":
        32212254720,\r\n    \"isArmResource\": true\r\n  }\r\n}"
    headers:
      azure-asyncoperation:
      - https://management.azure.com/subscriptions/00000000-0000-0000-0000-000000000000/providers/Microsoft.Compute/locations/westus/DiskOperations/edfc0d9e-8826-41c6-9c44-9989650eac6f?p=42128af7-4c72-4222-9761-fb0d8e6cebdc&api-version=2019-07-01
      cache-control:
      - no-cache
      content-length:
      - '664'
      content-type:
      - application/json; charset=utf-8
      date:
      - Thu, 17 Mar 2022 04:53:53 GMT
      expires:
      - '-1'
      location:
      - https://management.azure.com/subscriptions/00000000-0000-0000-0000-000000000000/providers/Microsoft.Compute/locations/westus/DiskOperations/edfc0d9e-8826-41c6-9c44-9989650eac6f?p=42128af7-4c72-4222-9761-fb0d8e6cebdc&monitor=true&api-version=2019-07-01
      pragma:
      - no-cache
      server:
      - Microsoft-HTTPAPI/2.0
      - Microsoft-HTTPAPI/2.0
      strict-transport-security:
      - max-age=31536000; includeSubDomains
      x-content-type-options:
      - nosniff
      x-ms-ratelimit-remaining-resource:
      - Microsoft.Compute/CreateUpdateDisks3Min;998,Microsoft.Compute/CreateUpdateDisks30Min;7998
      x-ms-ratelimit-remaining-subscription-writes:
      - '1196'
    status:
      code: 202
      message: Accepted
- request:
    body: null
    headers:
      Accept:
      - '*/*'
      Accept-Encoding:
      - gzip, deflate
      CommandName:
      - disk create
      Connection:
      - keep-alive
      ParameterSetName:
      - -g -n --source --os-type
      User-Agent:
      - AZURECLI/2.34.1 azsdk-python-azure-mgmt-compute/25.0.0 Python/3.10.0 (Windows-10-10.0.19043-SP0)
    method: GET
    uri: https://management.azure.com/subscriptions/00000000-0000-0000-0000-000000000000/providers/Microsoft.Compute/locations/westus/DiskOperations/edfc0d9e-8826-41c6-9c44-9989650eac6f?p=42128af7-4c72-4222-9761-fb0d8e6cebdc&api-version=2019-07-01
  response:
    body:
      string: "{\r\n  \"startTime\": \"2022-03-17T04:53:53.4746175+00:00\",\r\n  \"endTime\":
        \"2022-03-17T04:53:54.5059295+00:00\",\r\n  \"status\": \"Succeeded\",\r\n
        \ \"properties\": {\r\n    \"output\": {\r\n  \"name\": \"test-vm\",\r\n  \"id\":
        \"/subscriptions/00000000-0000-0000-0000-000000000000/resourceGroups/cli_test_vm_custom_image_conflict000001/providers/Microsoft.Compute/disks/test-vm\",\r\n
        \ \"type\": \"Microsoft.Compute/disks\",\r\n  \"location\": \"westus\",\r\n
        \ \"tags\": {},\r\n  \"sku\": {\r\n    \"name\": \"Premium_LRS\",\r\n    \"tier\":
        \"Premium\"\r\n  },\r\n  \"properties\": {\r\n    \"osType\": \"Linux\",\r\n
        \   \"hyperVGeneration\": \"V1\",\r\n    \"creationData\": {\r\n      \"createOption\":
        \"Import\",\r\n      \"storageAccountId\": \"/subscriptions/00000000-0000-0000-0000-000000000000/resourceGroups/cli_test_vm_custom_image_conflict000001/providers/Microsoft.Storage/storageAccounts/vhdstorageb80663abf4f6bb\",\r\n
        \     \"sourceUri\": \"https://vhdstorageb80663abf4f6bb.blob.core.windows.net/vhds/osdisk_b80663abf4.vhd\"\r\n
        \   },\r\n    \"diskSizeGB\": 30,\r\n    \"diskIOPSReadWrite\": 120,\r\n    \"diskMBpsReadWrite\":
        25,\r\n    \"encryption\": {\r\n      \"type\": \"EncryptionAtRestWithPlatformKey\"\r\n
        \   },\r\n    \"timeCreated\": \"2022-03-17T04:53:53.5839999+00:00\",\r\n
        \   \"provisioningState\": \"Succeeded\",\r\n    \"diskState\": \"Unattached\",\r\n
        \   \"diskSizeBytes\": 32212254720,\r\n    \"uniqueId\": \"c3f49596-a991-400d-ab46-ee9e5003e5bf\"\r\n
        \ }\r\n}\r\n  },\r\n  \"name\": \"edfc0d9e-8826-41c6-9c44-9989650eac6f\"\r\n}"
    headers:
      cache-control:
      - no-cache
      content-length:
      - '1393'
      content-type:
      - application/json; charset=utf-8
      date:
      - Thu, 17 Mar 2022 04:53:55 GMT
      expires:
      - '-1'
      pragma:
      - no-cache
      server:
      - Microsoft-HTTPAPI/2.0
      - Microsoft-HTTPAPI/2.0
      strict-transport-security:
      - max-age=31536000; includeSubDomains
      transfer-encoding:
      - chunked
      vary:
      - Accept-Encoding
      x-content-type-options:
      - nosniff
      x-ms-ratelimit-remaining-resource:
      - Microsoft.Compute/GetOperation3Min;49988,Microsoft.Compute/GetOperation30Min;399980
    status:
      code: 200
      message: OK
- request:
    body: null
    headers:
      Accept:
      - '*/*'
      Accept-Encoding:
      - gzip, deflate
      CommandName:
      - disk create
      Connection:
      - keep-alive
      ParameterSetName:
      - -g -n --source --os-type
      User-Agent:
      - AZURECLI/2.34.1 azsdk-python-azure-mgmt-compute/25.0.0 Python/3.10.0 (Windows-10-10.0.19043-SP0)
    method: GET
    uri: https://management.azure.com/subscriptions/00000000-0000-0000-0000-000000000000/resourceGroups/cli_test_vm_custom_image_conflict000001/providers/Microsoft.Compute/disks/test-vm?api-version=2019-07-01
  response:
    body:
      string: "{\r\n  \"name\": \"test-vm\",\r\n  \"id\": \"/subscriptions/00000000-0000-0000-0000-000000000000/resourceGroups/cli_test_vm_custom_image_conflict000001/providers/Microsoft.Compute/disks/test-vm\",\r\n
        \ \"type\": \"Microsoft.Compute/disks\",\r\n  \"location\": \"westus\",\r\n
        \ \"tags\": {},\r\n  \"sku\": {\r\n    \"name\": \"Premium_LRS\",\r\n    \"tier\":
        \"Premium\"\r\n  },\r\n  \"properties\": {\r\n    \"osType\": \"Linux\",\r\n
        \   \"hyperVGeneration\": \"V1\",\r\n    \"creationData\": {\r\n      \"createOption\":
        \"Import\",\r\n      \"storageAccountId\": \"/subscriptions/00000000-0000-0000-0000-000000000000/resourceGroups/cli_test_vm_custom_image_conflict000001/providers/Microsoft.Storage/storageAccounts/vhdstorageb80663abf4f6bb\",\r\n
        \     \"sourceUri\": \"https://vhdstorageb80663abf4f6bb.blob.core.windows.net/vhds/osdisk_b80663abf4.vhd\"\r\n
        \   },\r\n    \"diskSizeGB\": 30,\r\n    \"diskIOPSReadWrite\": 120,\r\n    \"diskMBpsReadWrite\":
        25,\r\n    \"encryption\": {\r\n      \"type\": \"EncryptionAtRestWithPlatformKey\"\r\n
        \   },\r\n    \"timeCreated\": \"2022-03-17T04:53:53.5839999+00:00\",\r\n
        \   \"provisioningState\": \"Succeeded\",\r\n    \"diskState\": \"Unattached\",\r\n
        \   \"diskSizeBytes\": 32212254720,\r\n    \"uniqueId\": \"c3f49596-a991-400d-ab46-ee9e5003e5bf\"\r\n
        \ }\r\n}"
    headers:
      cache-control:
      - no-cache
      content-length:
      - '1168'
      content-type:
      - application/json; charset=utf-8
      date:
      - Thu, 17 Mar 2022 04:53:55 GMT
      expires:
      - '-1'
      pragma:
      - no-cache
      server:
      - Microsoft-HTTPAPI/2.0
      - Microsoft-HTTPAPI/2.0
      strict-transport-security:
      - max-age=31536000; includeSubDomains
      transfer-encoding:
      - chunked
      vary:
      - Accept-Encoding
      x-content-type-options:
      - nosniff
      x-ms-ratelimit-remaining-resource:
      - Microsoft.Compute/LowCostGet3Min;4926,Microsoft.Compute/LowCostGet30Min;39352
    status:
      code: 200
      message: OK
- request:
    body: null
    headers:
      Accept:
      - '*/*'
      Accept-Encoding:
      - gzip, deflate
      CommandName:
      - vm deallocate
      Connection:
      - keep-alive
      Content-Length:
      - '0'
      ParameterSetName:
      - -g -n
      User-Agent:
      - AZURECLI/2.34.1 azsdk-python-azure-mgmt-compute/25.0.0 Python/3.10.0 (Windows-10-10.0.19043-SP0)
    method: POST
    uri: https://management.azure.com/subscriptions/00000000-0000-0000-0000-000000000000/resourceGroups/cli_test_vm_custom_image_conflict000001/providers/Microsoft.Compute/virtualMachines/test-vm/deallocate?api-version=2020-06-01
  response:
    body:
      string: ''
    headers:
      azure-asyncoperation:
      - https://management.azure.com/subscriptions/00000000-0000-0000-0000-000000000000/providers/Microsoft.Compute/locations/westus/operations/7ee9cd51-6dfd-4573-8c9f-9588d9fec1d4?p=571046f6-b640-41c1-86f7-f9f044b5adf9&api-version=2020-06-01
      cache-control:
      - no-cache
      content-length:
      - '0'
      date:
      - Thu, 17 Mar 2022 04:53:57 GMT
      expires:
      - '-1'
      location:
      - https://management.azure.com/subscriptions/00000000-0000-0000-0000-000000000000/providers/Microsoft.Compute/locations/westus/operations/7ee9cd51-6dfd-4573-8c9f-9588d9fec1d4?p=571046f6-b640-41c1-86f7-f9f044b5adf9&monitor=true&api-version=2020-06-01
      pragma:
      - no-cache
      server:
      - Microsoft-HTTPAPI/2.0
      - Microsoft-HTTPAPI/2.0
      strict-transport-security:
      - max-age=31536000; includeSubDomains
      x-content-type-options:
      - nosniff
      x-ms-ratelimit-remaining-resource:
      - Microsoft.Compute/DeleteVM3Min;235,Microsoft.Compute/DeleteVM30Min;1195
      x-ms-ratelimit-remaining-subscription-writes:
      - '1199'
    status:
      code: 202
      message: Accepted
- request:
    body: null
    headers:
      Accept:
      - '*/*'
      Accept-Encoding:
      - gzip, deflate
      CommandName:
      - vm deallocate
      Connection:
      - keep-alive
      ParameterSetName:
      - -g -n
      User-Agent:
      - AZURECLI/2.34.1 azsdk-python-azure-mgmt-compute/25.0.0 Python/3.10.0 (Windows-10-10.0.19043-SP0)
    method: GET
    uri: https://management.azure.com/subscriptions/00000000-0000-0000-0000-000000000000/providers/Microsoft.Compute/locations/westus/operations/7ee9cd51-6dfd-4573-8c9f-9588d9fec1d4?p=571046f6-b640-41c1-86f7-f9f044b5adf9&api-version=2020-06-01
  response:
    body:
      string: "{\r\n  \"startTime\": \"2022-03-17T04:53:57.4082241+00:00\",\r\n  \"status\":
        \"InProgress\",\r\n  \"name\": \"7ee9cd51-6dfd-4573-8c9f-9588d9fec1d4\"\r\n}"
    headers:
      cache-control:
      - no-cache
      content-length:
      - '134'
      content-type:
      - application/json; charset=utf-8
      date:
      - Thu, 17 Mar 2022 04:54:07 GMT
      expires:
      - '-1'
      pragma:
      - no-cache
      server:
      - Microsoft-HTTPAPI/2.0
      - Microsoft-HTTPAPI/2.0
      strict-transport-security:
      - max-age=31536000; includeSubDomains
      transfer-encoding:
      - chunked
      vary:
      - Accept-Encoding
      x-content-type-options:
      - nosniff
      x-ms-ratelimit-remaining-resource:
      - Microsoft.Compute/GetOperation3Min;14964,Microsoft.Compute/GetOperation30Min;29927
    status:
      code: 200
      message: OK
- request:
    body: null
    headers:
      Accept:
      - '*/*'
      Accept-Encoding:
      - gzip, deflate
      CommandName:
      - vm deallocate
      Connection:
      - keep-alive
      ParameterSetName:
      - -g -n
      User-Agent:
      - AZURECLI/2.34.1 azsdk-python-azure-mgmt-compute/25.0.0 Python/3.10.0 (Windows-10-10.0.19043-SP0)
    method: GET
    uri: https://management.azure.com/subscriptions/00000000-0000-0000-0000-000000000000/providers/Microsoft.Compute/locations/westus/operations/7ee9cd51-6dfd-4573-8c9f-9588d9fec1d4?p=571046f6-b640-41c1-86f7-f9f044b5adf9&api-version=2020-06-01
  response:
    body:
      string: "{\r\n  \"startTime\": \"2022-03-17T04:53:57.4082241+00:00\",\r\n  \"endTime\":
        \"2022-03-17T04:54:22.0957462+00:00\",\r\n  \"status\": \"Succeeded\",\r\n
        \ \"name\": \"7ee9cd51-6dfd-4573-8c9f-9588d9fec1d4\"\r\n}"
    headers:
      cache-control:
      - no-cache
      content-length:
      - '184'
      content-type:
      - application/json; charset=utf-8
      date:
      - Thu, 17 Mar 2022 04:54:44 GMT
      expires:
      - '-1'
      pragma:
      - no-cache
      server:
      - Microsoft-HTTPAPI/2.0
      - Microsoft-HTTPAPI/2.0
      strict-transport-security:
      - max-age=31536000; includeSubDomains
      transfer-encoding:
      - chunked
      vary:
      - Accept-Encoding
      x-content-type-options:
      - nosniff
      x-ms-ratelimit-remaining-resource:
      - Microsoft.Compute/GetOperation3Min;14955,Microsoft.Compute/GetOperation30Min;29914
    status:
      code: 200
      message: OK
- request:
    body: null
    headers:
      Accept:
      - '*/*'
      Accept-Encoding:
      - gzip, deflate
      CommandName:
      - vm deallocate
      Connection:
      - keep-alive
      ParameterSetName:
      - -g -n
      User-Agent:
      - AZURECLI/2.34.1 azsdk-python-azure-mgmt-compute/25.0.0 Python/3.10.0 (Windows-10-10.0.19043-SP0)
    method: GET
    uri: https://management.azure.com/subscriptions/00000000-0000-0000-0000-000000000000/providers/Microsoft.Compute/locations/westus/operations/7ee9cd51-6dfd-4573-8c9f-9588d9fec1d4?p=571046f6-b640-41c1-86f7-f9f044b5adf9&monitor=true&api-version=2020-06-01
  response:
    body:
      string: ''
    headers:
      cache-control:
      - no-cache
      content-length:
      - '0'
      date:
      - Thu, 17 Mar 2022 04:54:44 GMT
      expires:
      - '-1'
      pragma:
      - no-cache
      server:
      - Microsoft-HTTPAPI/2.0
      - Microsoft-HTTPAPI/2.0
      strict-transport-security:
      - max-age=31536000; includeSubDomains
      x-content-type-options:
      - nosniff
      x-ms-ratelimit-remaining-resource:
      - Microsoft.Compute/GetOperation3Min;14954,Microsoft.Compute/GetOperation30Min;29913
    status:
      code: 200
      message: OK
- request:
    body: null
    headers:
      Accept:
      - '*/*'
      Accept-Encoding:
      - gzip, deflate
      CommandName:
      - vm generalize
      Connection:
      - keep-alive
      Content-Length:
      - '0'
      ParameterSetName:
      - -g -n
      User-Agent:
      - AZURECLI/2.34.1 azsdk-python-azure-mgmt-compute/25.0.0 Python/3.10.0 (Windows-10-10.0.19043-SP0)
    method: POST
    uri: https://management.azure.com/subscriptions/00000000-0000-0000-0000-000000000000/resourceGroups/cli_test_vm_custom_image_conflict000001/providers/Microsoft.Compute/virtualMachines/test-vm/generalize?api-version=2020-06-01
  response:
    body:
      string: ''
    headers:
      cache-control:
      - no-cache
      content-length:
      - '0'
      date:
      - Thu, 17 Mar 2022 04:54:45 GMT
      expires:
      - '-1'
      pragma:
      - no-cache
      server:
      - Microsoft-HTTPAPI/2.0
      - Microsoft-HTTPAPI/2.0
      strict-transport-security:
      - max-age=31536000; includeSubDomains
      x-content-type-options:
      - nosniff
      x-ms-ratelimit-remaining-resource:
      - Microsoft.Compute/UpdateVM3Min;236,Microsoft.Compute/UpdateVM30Min;1191
      x-ms-ratelimit-remaining-subscription-writes:
      - '1199'
    status:
      code: 200
      message: OK
- request:
    body: null
    headers:
      Accept:
      - application/json
      Accept-Encoding:
      - gzip, deflate
      CommandName:
      - image create
      Connection:
      - keep-alive
      ParameterSetName:
      - -g -n --source
      User-Agent:
      - AZURECLI/2.34.1 azsdk-python-azure-mgmt-compute/25.0.0 Python/3.10.0 (Windows-10-10.0.19043-SP0)
    method: GET
    uri: https://management.azure.com/subscriptions/00000000-0000-0000-0000-000000000000/resourceGroups/cli_test_vm_custom_image_conflict000001/providers/Microsoft.Compute/virtualMachines/test-vm?$expand=instanceView&api-version=2020-06-01
  response:
    body:
      string: "{\r\n  \"name\": \"test-vm\",\r\n  \"id\": \"/subscriptions/00000000-0000-0000-0000-000000000000/resourceGroups/cli_test_vm_custom_image_conflict000001/providers/Microsoft.Compute/virtualMachines/test-vm\",\r\n
        \ \"type\": \"Microsoft.Compute/virtualMachines\",\r\n  \"location\": \"westus\",\r\n
        \ \"tags\": {},\r\n  \"properties\": {\r\n    \"vmId\": \"ada14f04-9afa-448a-8a09-3fbc00e05530\",\r\n
        \   \"hardwareProfile\": {\r\n      \"vmSize\": \"Standard_DS1_v2\"\r\n    },\r\n
        \   \"storageProfile\": {\r\n      \"imageReference\": {\r\n        \"publisher\":
        \"Debian\",\r\n        \"offer\": \"debian-10\",\r\n        \"sku\": \"10\",\r\n
        \       \"version\": \"latest\",\r\n        \"exactVersion\": \"0.20220310.944\"\r\n
        \     },\r\n      \"osDisk\": {\r\n        \"osType\": \"Linux\",\r\n        \"name\":
        \"osdisk_b80663abf4\",\r\n        \"createOption\": \"FromImage\",\r\n        \"vhd\":
        {\r\n          \"uri\": \"https://vhdstorageb80663abf4f6bb.blob.core.windows.net/vhds/osdisk_b80663abf4.vhd\"\r\n
        \       },\r\n        \"caching\": \"ReadWrite\",\r\n        \"diskSizeGB\":
        30\r\n      },\r\n      \"dataDisks\": []\r\n    },\r\n    \"osProfile\":
        {\r\n      \"computerName\": \"test-vm\",\r\n      \"adminUsername\": \"ubuntu\",\r\n
        \     \"linuxConfiguration\": {\r\n        \"disablePasswordAuthentication\":
        false,\r\n        \"provisionVMAgent\": true,\r\n        \"patchSettings\":
        {\r\n          \"patchMode\": \"ImageDefault\"\r\n        }\r\n      },\r\n
        \     \"secrets\": [],\r\n      \"allowExtensionOperations\": true,\r\n      \"requireGuestProvisionSignal\":
        true\r\n    },\r\n    \"networkProfile\": {\"networkInterfaces\":[{\"id\":\"/subscriptions/00000000-0000-0000-0000-000000000000/resourceGroups/cli_test_vm_custom_image_conflict000001/providers/Microsoft.Network/networkInterfaces/test-vmVMNic\"}]},\r\n
        \   \"provisioningState\": \"Succeeded\",\r\n    \"instanceView\": {\r\n      \"disks\":
        [\r\n        {\r\n          \"name\": \"osdisk_b80663abf4\",\r\n          \"statuses\":
        [\r\n            {\r\n              \"code\": \"ProvisioningState/succeeded\",\r\n
        \             \"level\": \"Info\",\r\n              \"displayStatus\": \"Provisioning
        succeeded\",\r\n              \"time\": \"2022-03-17T04:54:21.79888+00:00\"\r\n
        \           }\r\n          ]\r\n        }\r\n      ],\r\n      \"hyperVGeneration\":
        \"V1\",\r\n      \"statuses\": [\r\n        {\r\n          \"code\": \"OSState/generalized\",\r\n
        \         \"level\": \"Info\",\r\n          \"displayStatus\": \"VM generalized\"\r\n
        \       },\r\n        {\r\n          \"code\": \"ProvisioningState/succeeded\",\r\n
        \         \"level\": \"Info\",\r\n          \"displayStatus\": \"Provisioning
        succeeded\",\r\n          \"time\": \"2022-03-17T04:54:21.79888+00:00\"\r\n
        \       },\r\n        {\r\n          \"code\": \"PowerState/deallocated\",\r\n
        \         \"level\": \"Info\",\r\n          \"displayStatus\": \"VM deallocated\"\r\n
        \       }\r\n      ]\r\n    }\r\n  }\r\n}"
    headers:
      cache-control:
      - no-cache
      content-length:
      - '2610'
      content-type:
      - application/json; charset=utf-8
      date:
      - Thu, 17 Mar 2022 04:54:45 GMT
      expires:
      - '-1'
      pragma:
      - no-cache
      server:
      - Microsoft-HTTPAPI/2.0
      - Microsoft-HTTPAPI/2.0
      strict-transport-security:
      - max-age=31536000; includeSubDomains
      transfer-encoding:
      - chunked
      vary:
      - Accept-Encoding
      x-content-type-options:
      - nosniff
      x-ms-ratelimit-remaining-resource:
      - Microsoft.Compute/LowCostGet3Min;3915,Microsoft.Compute/LowCostGet30Min;31313
    status:
      code: 200
      message: OK
- request:
    body: null
    headers:
      Accept:
      - application/json
      Accept-Encoding:
      - gzip, deflate
      CommandName:
      - image create
      Connection:
      - keep-alive
      ParameterSetName:
      - -g -n --source
      User-Agent:
      - AZURECLI/2.34.1 azsdk-python-azure-mgmt-resource/20.0.0 Python/3.10.0 (Windows-10-10.0.19043-SP0)
    method: GET
    uri: https://management.azure.com/subscriptions/00000000-0000-0000-0000-000000000000/resourcegroups/cli_test_vm_custom_image_conflict000001?api-version=2019-10-01
  response:
    body:
      string: '{"id":"/subscriptions/00000000-0000-0000-0000-000000000000/resourceGroups/cli_test_vm_custom_image_conflict000001","name":"cli_test_vm_custom_image_conflict000001","type":"Microsoft.Resources/resourceGroups","location":"westus","tags":{"product":"azurecli","cause":"automation","date":"2022-03-17T04:51:29Z"},"properties":{"provisioningState":"Succeeded"}}'
    headers:
      cache-control:
      - no-cache
      content-length:
      - '356'
      content-type:
      - application/json; charset=utf-8
      date:
      - Thu, 17 Mar 2022 04:54:46 GMT
      expires:
      - '-1'
      pragma:
      - no-cache
      strict-transport-security:
      - max-age=31536000; includeSubDomains
      vary:
      - Accept-Encoding
      x-content-type-options:
      - nosniff
    status:
      code: 200
      message: OK
- request:
    body: '{"location": "westus", "tags": {}, "properties": {"sourceVirtualMachine":
      {"id": "/subscriptions/00000000-0000-0000-0000-000000000000/resourceGroups/cli_test_vm_custom_image_conflict000001/providers/Microsoft.Compute/virtualMachines/test-vm"},
      "hyperVGeneration": "V1"}}'
    headers:
      Accept:
      - application/json
      Accept-Encoding:
      - gzip, deflate
      CommandName:
      - image create
      Connection:
      - keep-alive
      Content-Length:
      - '270'
      Content-Type:
      - application/json
      ParameterSetName:
      - -g -n --source
      User-Agent:
      - AZURECLI/2.34.1 azsdk-python-azure-mgmt-compute/25.0.0 Python/3.10.0 (Windows-10-10.0.19043-SP0)
    method: PUT
    uri: https://management.azure.com/subscriptions/00000000-0000-0000-0000-000000000000/resourceGroups/cli_test_vm_custom_image_conflict000001/providers/Microsoft.Compute/images/img-from-vm?api-version=2020-06-01
  response:
    body:
      string: "{\r\n  \"name\": \"img-from-vm\",\r\n  \"id\": \"/subscriptions/00000000-0000-0000-0000-000000000000/resourceGroups/cli_test_vm_custom_image_conflict000001/providers/Microsoft.Compute/images/img-from-vm\",\r\n
        \ \"type\": \"Microsoft.Compute/images\",\r\n  \"location\": \"westus\",\r\n
        \ \"tags\": {},\r\n  \"properties\": {\r\n    \"sourceVirtualMachine\": {\r\n
        \     \"id\": \"/subscriptions/00000000-0000-0000-0000-000000000000/resourceGroups/cli_test_vm_custom_image_conflict000001/providers/Microsoft.Compute/virtualMachines/test-vm\"\r\n
        \   },\r\n    \"storageProfile\": {\r\n      \"osDisk\": {\r\n        \"osType\":
        \"Linux\",\r\n        \"osState\": \"Generalized\",\r\n        \"diskSizeGB\":
        30,\r\n        \"blobUri\": \"https://vhdstorageb80663abf4f6bb.blob.core.windows.net/vhds/osdisk_b80663abf4.vhd\",\r\n
        \       \"caching\": \"ReadWrite\",\r\n        \"storageAccountType\": \"Standard_LRS\"\r\n
        \     },\r\n      \"dataDisks\": []\r\n    },\r\n    \"provisioningState\":
        \"Creating\",\r\n    \"hyperVGeneration\": \"V1\"\r\n  }\r\n}"
    headers:
      azure-asyncnotification:
      - Enabled
      azure-asyncoperation:
      - https://management.azure.com/subscriptions/00000000-0000-0000-0000-000000000000/providers/Microsoft.Compute/locations/westus/operations/588ef868-c513-4d3b-8be5-ad15ca53d392?p=571046f6-b640-41c1-86f7-f9f044b5adf9&api-version=2020-06-01
      cache-control:
      - no-cache
      content-length:
      - '939'
      content-type:
      - application/json; charset=utf-8
      date:
      - Thu, 17 Mar 2022 04:54:56 GMT
      expires:
      - '-1'
      pragma:
      - no-cache
      server:
      - Microsoft-HTTPAPI/2.0
      - Microsoft-HTTPAPI/2.0
      strict-transport-security:
      - max-age=31536000; includeSubDomains
      x-content-type-options:
      - nosniff
      x-ms-ratelimit-remaining-resource:
      - Microsoft.Compute/CreateImages3Min;38,Microsoft.Compute/CreateImages30Min;197
      x-ms-ratelimit-remaining-subscription-writes:
      - '1197'
    status:
      code: 201
      message: Created
- request:
    body: null
    headers:
      Accept:
      - '*/*'
      Accept-Encoding:
      - gzip, deflate
      CommandName:
      - image create
      Connection:
      - keep-alive
      ParameterSetName:
      - -g -n --source
      User-Agent:
      - AZURECLI/2.34.1 azsdk-python-azure-mgmt-compute/25.0.0 Python/3.10.0 (Windows-10-10.0.19043-SP0)
    method: GET
    uri: https://management.azure.com/subscriptions/00000000-0000-0000-0000-000000000000/providers/Microsoft.Compute/locations/westus/operations/588ef868-c513-4d3b-8be5-ad15ca53d392?p=571046f6-b640-41c1-86f7-f9f044b5adf9&api-version=2020-06-01
  response:
    body:
      string: "{\r\n  \"startTime\": \"2022-03-17T04:54:51.3614228+00:00\",\r\n  \"endTime\":
        \"2022-03-17T04:55:01.502058+00:00\",\r\n  \"status\": \"Succeeded\",\r\n
        \ \"name\": \"588ef868-c513-4d3b-8be5-ad15ca53d392\"\r\n}"
    headers:
      cache-control:
      - no-cache
      content-length:
      - '183'
      content-type:
      - application/json; charset=utf-8
      date:
      - Thu, 17 Mar 2022 04:55:26 GMT
      expires:
      - '-1'
      pragma:
      - no-cache
      server:
      - Microsoft-HTTPAPI/2.0
      - Microsoft-HTTPAPI/2.0
      strict-transport-security:
      - max-age=31536000; includeSubDomains
      transfer-encoding:
      - chunked
      vary:
      - Accept-Encoding
      x-content-type-options:
      - nosniff
      x-ms-ratelimit-remaining-resource:
      - Microsoft.Compute/GetOperation3Min;14961,Microsoft.Compute/GetOperation30Min;29917
    status:
      code: 200
      message: OK
- request:
    body: null
    headers:
      Accept:
      - '*/*'
      Accept-Encoding:
      - gzip, deflate
      CommandName:
      - image create
      Connection:
      - keep-alive
      ParameterSetName:
      - -g -n --source
      User-Agent:
      - AZURECLI/2.34.1 azsdk-python-azure-mgmt-compute/25.0.0 Python/3.10.0 (Windows-10-10.0.19043-SP0)
    method: GET
    uri: https://management.azure.com/subscriptions/00000000-0000-0000-0000-000000000000/resourceGroups/cli_test_vm_custom_image_conflict000001/providers/Microsoft.Compute/images/img-from-vm?api-version=2020-06-01
  response:
    body:
      string: "{\r\n  \"name\": \"img-from-vm\",\r\n  \"id\": \"/subscriptions/00000000-0000-0000-0000-000000000000/resourceGroups/cli_test_vm_custom_image_conflict000001/providers/Microsoft.Compute/images/img-from-vm\",\r\n
        \ \"type\": \"Microsoft.Compute/images\",\r\n  \"location\": \"westus\",\r\n
        \ \"tags\": {},\r\n  \"properties\": {\r\n    \"sourceVirtualMachine\": {\r\n
        \     \"id\": \"/subscriptions/00000000-0000-0000-0000-000000000000/resourceGroups/cli_test_vm_custom_image_conflict000001/providers/Microsoft.Compute/virtualMachines/test-vm\"\r\n
        \   },\r\n    \"storageProfile\": {\r\n      \"osDisk\": {\r\n        \"osType\":
        \"Linux\",\r\n        \"osState\": \"Generalized\",\r\n        \"diskSizeGB\":
        30,\r\n        \"blobUri\": \"https://vhdstorageb80663abf4f6bb.blob.core.windows.net/vhds/osdisk_b80663abf4.vhd\",\r\n
        \       \"caching\": \"ReadWrite\",\r\n        \"storageAccountType\": \"Standard_LRS\"\r\n
        \     },\r\n      \"dataDisks\": []\r\n    },\r\n    \"provisioningState\":
        \"Succeeded\",\r\n    \"hyperVGeneration\": \"V1\"\r\n  }\r\n}"
    headers:
      cache-control:
      - no-cache
      content-length:
      - '940'
      content-type:
      - application/json; charset=utf-8
      date:
      - Thu, 17 Mar 2022 04:55:27 GMT
      expires:
      - '-1'
      pragma:
      - no-cache
      server:
      - Microsoft-HTTPAPI/2.0
      - Microsoft-HTTPAPI/2.0
      strict-transport-security:
      - max-age=31536000; includeSubDomains
      transfer-encoding:
      - chunked
      vary:
      - Accept-Encoding
      x-content-type-options:
      - nosniff
      x-ms-ratelimit-remaining-resource:
      - Microsoft.Compute/GetImages3Min;349,Microsoft.Compute/GetImages30Min;1750
    status:
      code: 200
      message: OK
- request:
    body: null
    headers:
      Accept:
      - application/json
      Accept-Encoding:
      - gzip, deflate
      CommandName:
      - image create
      Connection:
      - keep-alive
      ParameterSetName:
      - -g -n --source
      User-Agent:
      - AZURECLI/2.34.1 azsdk-python-azure-mgmt-compute/25.0.0 Python/3.10.0 (Windows-10-10.0.19043-SP0)
    method: GET
    uri: https://management.azure.com/subscriptions/00000000-0000-0000-0000-000000000000/resourceGroups/cli_test_vm_custom_image_conflict000001/providers/Microsoft.Compute/virtualMachines/test-vm?$expand=instanceView&api-version=2020-06-01
  response:
    body:
      string: "{\r\n  \"name\": \"test-vm\",\r\n  \"id\": \"/subscriptions/00000000-0000-0000-0000-000000000000/resourceGroups/cli_test_vm_custom_image_conflict000001/providers/Microsoft.Compute/virtualMachines/test-vm\",\r\n
        \ \"type\": \"Microsoft.Compute/virtualMachines\",\r\n  \"location\": \"westus\",\r\n
        \ \"tags\": {},\r\n  \"properties\": {\r\n    \"vmId\": \"ada14f04-9afa-448a-8a09-3fbc00e05530\",\r\n
        \   \"hardwareProfile\": {\r\n      \"vmSize\": \"Standard_DS1_v2\"\r\n    },\r\n
        \   \"storageProfile\": {\r\n      \"imageReference\": {\r\n        \"publisher\":
        \"Debian\",\r\n        \"offer\": \"debian-10\",\r\n        \"sku\": \"10\",\r\n
        \       \"version\": \"latest\",\r\n        \"exactVersion\": \"0.20220310.944\"\r\n
        \     },\r\n      \"osDisk\": {\r\n        \"osType\": \"Linux\",\r\n        \"name\":
        \"osdisk_b80663abf4\",\r\n        \"createOption\": \"FromImage\",\r\n        \"vhd\":
        {\r\n          \"uri\": \"https://vhdstorageb80663abf4f6bb.blob.core.windows.net/vhds/osdisk_b80663abf4.vhd\"\r\n
        \       },\r\n        \"caching\": \"ReadWrite\",\r\n        \"diskSizeGB\":
        30\r\n      },\r\n      \"dataDisks\": []\r\n    },\r\n    \"osProfile\":
        {\r\n      \"computerName\": \"test-vm\",\r\n      \"adminUsername\": \"ubuntu\",\r\n
        \     \"linuxConfiguration\": {\r\n        \"disablePasswordAuthentication\":
        false,\r\n        \"provisionVMAgent\": true,\r\n        \"patchSettings\":
        {\r\n          \"patchMode\": \"ImageDefault\"\r\n        }\r\n      },\r\n
        \     \"secrets\": [],\r\n      \"allowExtensionOperations\": true,\r\n      \"requireGuestProvisionSignal\":
        true\r\n    },\r\n    \"networkProfile\": {\"networkInterfaces\":[{\"id\":\"/subscriptions/00000000-0000-0000-0000-000000000000/resourceGroups/cli_test_vm_custom_image_conflict000001/providers/Microsoft.Network/networkInterfaces/test-vmVMNic\"}]},\r\n
        \   \"provisioningState\": \"Succeeded\",\r\n    \"instanceView\": {\r\n      \"disks\":
        [\r\n        {\r\n          \"name\": \"osdisk_b80663abf4\",\r\n          \"statuses\":
        [\r\n            {\r\n              \"code\": \"ProvisioningState/succeeded\",\r\n
        \             \"level\": \"Info\",\r\n              \"displayStatus\": \"Provisioning
        succeeded\",\r\n              \"time\": \"2022-03-17T04:54:21.79888+00:00\"\r\n
        \           }\r\n          ]\r\n        }\r\n      ],\r\n      \"hyperVGeneration\":
        \"V1\",\r\n      \"statuses\": [\r\n        {\r\n          \"code\": \"OSState/generalized\",\r\n
        \         \"level\": \"Info\",\r\n          \"displayStatus\": \"VM generalized\"\r\n
        \       },\r\n        {\r\n          \"code\": \"ProvisioningState/succeeded\",\r\n
        \         \"level\": \"Info\",\r\n          \"displayStatus\": \"Provisioning
        succeeded\",\r\n          \"time\": \"2022-03-17T04:54:21.79888+00:00\"\r\n
        \       },\r\n        {\r\n          \"code\": \"PowerState/deallocated\",\r\n
        \         \"level\": \"Info\",\r\n          \"displayStatus\": \"VM deallocated\"\r\n
        \       }\r\n      ]\r\n    }\r\n  }\r\n}"
    headers:
      cache-control:
      - no-cache
      content-length:
      - '2610'
      content-type:
      - application/json; charset=utf-8
      date:
      - Thu, 17 Mar 2022 04:55:28 GMT
      expires:
      - '-1'
      pragma:
      - no-cache
      server:
      - Microsoft-HTTPAPI/2.0
      - Microsoft-HTTPAPI/2.0
      strict-transport-security:
      - max-age=31536000; includeSubDomains
      transfer-encoding:
      - chunked
      vary:
      - Accept-Encoding
      x-content-type-options:
      - nosniff
      x-ms-ratelimit-remaining-resource:
      - Microsoft.Compute/LowCostGet3Min;3907,Microsoft.Compute/LowCostGet30Min;31398
    status:
      code: 200
      message: OK
- request:
    body: null
    headers:
      Accept:
      - application/json
      Accept-Encoding:
      - gzip, deflate
      CommandName:
      - image create
      Connection:
      - keep-alive
      ParameterSetName:
      - -g -n --source
      User-Agent:
      - AZURECLI/2.34.1 azsdk-python-azure-mgmt-resource/20.0.0 Python/3.10.0 (Windows-10-10.0.19043-SP0)
    method: GET
    uri: https://management.azure.com/subscriptions/00000000-0000-0000-0000-000000000000/resourcegroups/cli_test_vm_custom_image_conflict000001?api-version=2019-10-01
  response:
    body:
      string: '{"id":"/subscriptions/00000000-0000-0000-0000-000000000000/resourceGroups/cli_test_vm_custom_image_conflict000001","name":"cli_test_vm_custom_image_conflict000001","type":"Microsoft.Resources/resourceGroups","location":"westus","tags":{"product":"azurecli","cause":"automation","date":"2022-03-17T04:51:29Z"},"properties":{"provisioningState":"Succeeded"}}'
    headers:
      cache-control:
      - no-cache
      content-length:
      - '356'
      content-type:
      - application/json; charset=utf-8
      date:
      - Thu, 17 Mar 2022 04:55:28 GMT
      expires:
      - '-1'
      pragma:
      - no-cache
      strict-transport-security:
      - max-age=31536000; includeSubDomains
      vary:
      - Accept-Encoding
      x-content-type-options:
      - nosniff
    status:
      code: 200
      message: OK
- request:
    body: '{"location": "westus", "tags": {}, "properties": {"sourceVirtualMachine":
      {"id": "/subscriptions/00000000-0000-0000-0000-000000000000/resourceGroups/cli_test_vm_custom_image_conflict000001/providers/Microsoft.Compute/virtualMachines/test-vm"},
      "hyperVGeneration": "V1"}}'
    headers:
      Accept:
      - application/json
      Accept-Encoding:
      - gzip, deflate
      CommandName:
      - image create
      Connection:
      - keep-alive
      Content-Length:
      - '270'
      Content-Type:
      - application/json
      ParameterSetName:
      - -g -n --source
      User-Agent:
      - AZURECLI/2.34.1 azsdk-python-azure-mgmt-compute/25.0.0 Python/3.10.0 (Windows-10-10.0.19043-SP0)
    method: PUT
    uri: https://management.azure.com/subscriptions/00000000-0000-0000-0000-000000000000/resourceGroups/cli_test_vm_custom_image_conflict000001/providers/Microsoft.Compute/images/img-from-vm-id?api-version=2020-06-01
  response:
    body:
      string: "{\r\n  \"name\": \"img-from-vm-id\",\r\n  \"id\": \"/subscriptions/00000000-0000-0000-0000-000000000000/resourceGroups/cli_test_vm_custom_image_conflict000001/providers/Microsoft.Compute/images/img-from-vm-id\",\r\n
        \ \"type\": \"Microsoft.Compute/images\",\r\n  \"location\": \"westus\",\r\n
        \ \"tags\": {},\r\n  \"properties\": {\r\n    \"sourceVirtualMachine\": {\r\n
        \     \"id\": \"/subscriptions/00000000-0000-0000-0000-000000000000/resourceGroups/cli_test_vm_custom_image_conflict000001/providers/Microsoft.Compute/virtualMachines/test-vm\"\r\n
        \   },\r\n    \"storageProfile\": {\r\n      \"osDisk\": {\r\n        \"osType\":
        \"Linux\",\r\n        \"osState\": \"Generalized\",\r\n        \"diskSizeGB\":
        30,\r\n        \"blobUri\": \"https://vhdstorageb80663abf4f6bb.blob.core.windows.net/vhds/osdisk_b80663abf4.vhd\",\r\n
        \       \"caching\": \"ReadWrite\",\r\n        \"storageAccountType\": \"Standard_LRS\"\r\n
        \     },\r\n      \"dataDisks\": []\r\n    },\r\n    \"provisioningState\":
        \"Creating\",\r\n    \"hyperVGeneration\": \"V1\"\r\n  }\r\n}"
    headers:
      azure-asyncnotification:
      - Enabled
      azure-asyncoperation:
      - https://management.azure.com/subscriptions/00000000-0000-0000-0000-000000000000/providers/Microsoft.Compute/locations/westus/operations/b8f16c9a-9a4b-4ad1-ae9b-9e766e0c3e1a?p=571046f6-b640-41c1-86f7-f9f044b5adf9&api-version=2020-06-01
      cache-control:
      - no-cache
      content-length:
      - '945'
      content-type:
      - application/json; charset=utf-8
      date:
      - Thu, 17 Mar 2022 04:55:38 GMT
      expires:
      - '-1'
      pragma:
      - no-cache
      server:
      - Microsoft-HTTPAPI/2.0
      - Microsoft-HTTPAPI/2.0
      strict-transport-security:
      - max-age=31536000; includeSubDomains
      x-content-type-options:
      - nosniff
      x-ms-ratelimit-remaining-resource:
      - Microsoft.Compute/CreateImages3Min;38,Microsoft.Compute/CreateImages30Min;196
      x-ms-ratelimit-remaining-subscription-writes:
      - '1199'
    status:
      code: 201
      message: Created
- request:
    body: null
    headers:
      Accept:
      - '*/*'
      Accept-Encoding:
      - gzip, deflate
      CommandName:
      - image create
      Connection:
      - keep-alive
      ParameterSetName:
      - -g -n --source
      User-Agent:
      - AZURECLI/2.34.1 azsdk-python-azure-mgmt-compute/25.0.0 Python/3.10.0 (Windows-10-10.0.19043-SP0)
    method: GET
    uri: https://management.azure.com/subscriptions/00000000-0000-0000-0000-000000000000/providers/Microsoft.Compute/locations/westus/operations/b8f16c9a-9a4b-4ad1-ae9b-9e766e0c3e1a?p=571046f6-b640-41c1-86f7-f9f044b5adf9&api-version=2020-06-01
  response:
    body:
      string: "{\r\n  \"startTime\": \"2022-03-17T04:55:33.4552016+00:00\",\r\n  \"endTime\":
        \"2022-03-17T04:55:43.5489654+00:00\",\r\n  \"status\": \"Succeeded\",\r\n
        \ \"name\": \"b8f16c9a-9a4b-4ad1-ae9b-9e766e0c3e1a\"\r\n}"
    headers:
      cache-control:
      - no-cache
      content-length:
      - '184'
      content-type:
      - application/json; charset=utf-8
      date:
      - Thu, 17 Mar 2022 04:56:09 GMT
      expires:
      - '-1'
      pragma:
      - no-cache
      server:
      - Microsoft-HTTPAPI/2.0
      - Microsoft-HTTPAPI/2.0
      strict-transport-security:
      - max-age=31536000; includeSubDomains
      transfer-encoding:
      - chunked
      vary:
      - Accept-Encoding
      x-content-type-options:
      - nosniff
      x-ms-ratelimit-remaining-resource:
      - Microsoft.Compute/GetOperation3Min;14966,Microsoft.Compute/GetOperation30Min;29909
    status:
      code: 200
      message: OK
- request:
    body: null
    headers:
      Accept:
      - '*/*'
      Accept-Encoding:
      - gzip, deflate
      CommandName:
      - image create
      Connection:
      - keep-alive
      ParameterSetName:
      - -g -n --source
      User-Agent:
      - AZURECLI/2.34.1 azsdk-python-azure-mgmt-compute/25.0.0 Python/3.10.0 (Windows-10-10.0.19043-SP0)
    method: GET
    uri: https://management.azure.com/subscriptions/00000000-0000-0000-0000-000000000000/resourceGroups/cli_test_vm_custom_image_conflict000001/providers/Microsoft.Compute/images/img-from-vm-id?api-version=2020-06-01
  response:
    body:
      string: "{\r\n  \"name\": \"img-from-vm-id\",\r\n  \"id\": \"/subscriptions/00000000-0000-0000-0000-000000000000/resourceGroups/cli_test_vm_custom_image_conflict000001/providers/Microsoft.Compute/images/img-from-vm-id\",\r\n
        \ \"type\": \"Microsoft.Compute/images\",\r\n  \"location\": \"westus\",\r\n
        \ \"tags\": {},\r\n  \"properties\": {\r\n    \"sourceVirtualMachine\": {\r\n
        \     \"id\": \"/subscriptions/00000000-0000-0000-0000-000000000000/resourceGroups/cli_test_vm_custom_image_conflict000001/providers/Microsoft.Compute/virtualMachines/test-vm\"\r\n
        \   },\r\n    \"storageProfile\": {\r\n      \"osDisk\": {\r\n        \"osType\":
        \"Linux\",\r\n        \"osState\": \"Generalized\",\r\n        \"diskSizeGB\":
        30,\r\n        \"blobUri\": \"https://vhdstorageb80663abf4f6bb.blob.core.windows.net/vhds/osdisk_b80663abf4.vhd\",\r\n
        \       \"caching\": \"ReadWrite\",\r\n        \"storageAccountType\": \"Standard_LRS\"\r\n
        \     },\r\n      \"dataDisks\": []\r\n    },\r\n    \"provisioningState\":
        \"Succeeded\",\r\n    \"hyperVGeneration\": \"V1\"\r\n  }\r\n}"
    headers:
      cache-control:
      - no-cache
      content-length:
      - '946'
      content-type:
      - application/json; charset=utf-8
      date:
      - Thu, 17 Mar 2022 04:56:10 GMT
      expires:
      - '-1'
      pragma:
      - no-cache
      server:
      - Microsoft-HTTPAPI/2.0
      - Microsoft-HTTPAPI/2.0
      strict-transport-security:
      - max-age=31536000; includeSubDomains
      transfer-encoding:
      - chunked
      vary:
      - Accept-Encoding
      x-content-type-options:
      - nosniff
      x-ms-ratelimit-remaining-resource:
      - Microsoft.Compute/GetImages3Min;350,Microsoft.Compute/GetImages30Min;1745
    status:
      code: 200
      message: OK
- request:
    body: null
    headers:
      Accept:
      - application/json
      Accept-Encoding:
      - gzip, deflate
      CommandName:
      - image create
      Connection:
      - keep-alive
      ParameterSetName:
      - -g -n --source --os-type
      User-Agent:
      - AZURECLI/2.34.1 azsdk-python-azure-mgmt-resource/20.0.0 Python/3.10.0 (Windows-10-10.0.19043-SP0)
    method: GET
    uri: https://management.azure.com/subscriptions/00000000-0000-0000-0000-000000000000/resourcegroups/cli_test_vm_custom_image_conflict000001?api-version=2019-10-01
  response:
    body:
      string: '{"id":"/subscriptions/00000000-0000-0000-0000-000000000000/resourceGroups/cli_test_vm_custom_image_conflict000001","name":"cli_test_vm_custom_image_conflict000001","type":"Microsoft.Resources/resourceGroups","location":"westus","tags":{"product":"azurecli","cause":"automation","date":"2022-03-17T04:51:29Z"},"properties":{"provisioningState":"Succeeded"}}'
    headers:
      cache-control:
      - no-cache
      content-length:
      - '356'
      content-type:
      - application/json; charset=utf-8
      date:
      - Thu, 17 Mar 2022 04:56:10 GMT
      expires:
      - '-1'
      pragma:
      - no-cache
      strict-transport-security:
      - max-age=31536000; includeSubDomains
      vary:
      - Accept-Encoding
      x-content-type-options:
      - nosniff
    status:
      code: 200
      message: OK
- request:
    body: '{"location": "westus", "tags": {}, "properties": {"storageProfile": {"osDisk":
      {"managedDisk": {"id": "/subscriptions/00000000-0000-0000-0000-000000000000/resourceGroups/cli_test_vm_custom_image_conflict000001/providers/Microsoft.Compute/disks/test-vm"},
      "osType": "Linux", "osState": "Generalized"}, "dataDisks": []}, "hyperVGeneration":
      "V1"}}'
    headers:
      Accept:
      - application/json
      Accept-Encoding:
      - gzip, deflate
      CommandName:
      - image create
      Connection:
      - keep-alive
      Content-Length:
      - '345'
      Content-Type:
      - application/json
      ParameterSetName:
      - -g -n --source --os-type
      User-Agent:
      - AZURECLI/2.34.1 azsdk-python-azure-mgmt-compute/25.0.0 Python/3.10.0 (Windows-10-10.0.19043-SP0)
    method: PUT
    uri: https://management.azure.com/subscriptions/00000000-0000-0000-0000-000000000000/resourceGroups/cli_test_vm_custom_image_conflict000001/providers/Microsoft.Compute/images/img-from-disk-id?api-version=2020-06-01
  response:
    body:
      string: "{\r\n  \"name\": \"img-from-disk-id\",\r\n  \"id\": \"/subscriptions/00000000-0000-0000-0000-000000000000/resourceGroups/cli_test_vm_custom_image_conflict000001/providers/Microsoft.Compute/images/img-from-disk-id\",\r\n
        \ \"type\": \"Microsoft.Compute/images\",\r\n  \"location\": \"westus\",\r\n
        \ \"tags\": {},\r\n  \"properties\": {\r\n    \"storageProfile\": {\r\n      \"osDisk\":
        {\r\n        \"osType\": \"Linux\",\r\n        \"osState\": \"Generalized\",\r\n
        \       \"managedDisk\": {\r\n          \"id\": \"/subscriptions/00000000-0000-0000-0000-000000000000/resourceGroups/cli_test_vm_custom_image_conflict000001/providers/Microsoft.Compute/disks/test-vm\"\r\n
        \       },\r\n        \"caching\": \"None\",\r\n        \"storageAccountType\":
        \"Standard_LRS\"\r\n      },\r\n      \"dataDisks\": []\r\n    },\r\n    \"provisioningState\":
        \"Creating\",\r\n    \"hyperVGeneration\": \"V1\"\r\n  }\r\n}"
    headers:
      azure-asyncnotification:
      - Enabled
      azure-asyncoperation:
      - https://management.azure.com/subscriptions/00000000-0000-0000-0000-000000000000/providers/Microsoft.Compute/locations/westus/operations/e3bddfa7-c2de-4bca-94d9-ee2f872661c3?p=571046f6-b640-41c1-86f7-f9f044b5adf9&api-version=2020-06-01
      cache-control:
      - no-cache
      content-length:
      - '805'
      content-type:
      - application/json; charset=utf-8
      date:
      - Thu, 17 Mar 2022 04:56:15 GMT
      expires:
      - '-1'
      pragma:
      - no-cache
      server:
      - Microsoft-HTTPAPI/2.0
      - Microsoft-HTTPAPI/2.0
      strict-transport-security:
      - max-age=31536000; includeSubDomains
      x-content-type-options:
      - nosniff
      x-ms-ratelimit-remaining-resource:
      - Microsoft.Compute/CreateImages3Min;37,Microsoft.Compute/CreateImages30Min;195
      x-ms-ratelimit-remaining-subscription-writes:
      - '1197'
    status:
      code: 201
      message: Created
- request:
    body: null
    headers:
      Accept:
      - '*/*'
      Accept-Encoding:
      - gzip, deflate
      CommandName:
      - image create
      Connection:
      - keep-alive
      ParameterSetName:
      - -g -n --source --os-type
      User-Agent:
      - AZURECLI/2.34.1 azsdk-python-azure-mgmt-compute/25.0.0 Python/3.10.0 (Windows-10-10.0.19043-SP0)
    method: GET
    uri: https://management.azure.com/subscriptions/00000000-0000-0000-0000-000000000000/providers/Microsoft.Compute/locations/westus/operations/e3bddfa7-c2de-4bca-94d9-ee2f872661c3?p=571046f6-b640-41c1-86f7-f9f044b5adf9&api-version=2020-06-01
  response:
    body:
      string: "{\r\n  \"startTime\": \"2022-03-17T04:56:14.1740184+00:00\",\r\n  \"endTime\":
        \"2022-03-17T04:56:19.2677342+00:00\",\r\n  \"status\": \"Succeeded\",\r\n
        \ \"name\": \"e3bddfa7-c2de-4bca-94d9-ee2f872661c3\"\r\n}"
    headers:
      cache-control:
      - no-cache
      content-length:
      - '184'
      content-type:
      - application/json; charset=utf-8
      date:
      - Thu, 17 Mar 2022 04:56:46 GMT
      expires:
      - '-1'
      pragma:
      - no-cache
      server:
      - Microsoft-HTTPAPI/2.0
      - Microsoft-HTTPAPI/2.0
      strict-transport-security:
      - max-age=31536000; includeSubDomains
      transfer-encoding:
      - chunked
      vary:
      - Accept-Encoding
      x-content-type-options:
      - nosniff
      x-ms-ratelimit-remaining-resource:
      - Microsoft.Compute/GetOperation3Min;14960,Microsoft.Compute/GetOperation30Min;29897
    status:
      code: 200
      message: OK
- request:
    body: null
    headers:
      Accept:
      - '*/*'
      Accept-Encoding:
      - gzip, deflate
      CommandName:
      - image create
      Connection:
      - keep-alive
      ParameterSetName:
      - -g -n --source --os-type
      User-Agent:
      - AZURECLI/2.34.1 azsdk-python-azure-mgmt-compute/25.0.0 Python/3.10.0 (Windows-10-10.0.19043-SP0)
    method: GET
    uri: https://management.azure.com/subscriptions/00000000-0000-0000-0000-000000000000/resourceGroups/cli_test_vm_custom_image_conflict000001/providers/Microsoft.Compute/images/img-from-disk-id?api-version=2020-06-01
  response:
    body:
      string: "{\r\n  \"name\": \"img-from-disk-id\",\r\n  \"id\": \"/subscriptions/00000000-0000-0000-0000-000000000000/resourceGroups/cli_test_vm_custom_image_conflict000001/providers/Microsoft.Compute/images/img-from-disk-id\",\r\n
        \ \"type\": \"Microsoft.Compute/images\",\r\n  \"location\": \"westus\",\r\n
        \ \"tags\": {},\r\n  \"properties\": {\r\n    \"storageProfile\": {\r\n      \"osDisk\":
        {\r\n        \"osType\": \"Linux\",\r\n        \"osState\": \"Generalized\",\r\n
        \       \"diskSizeGB\": 30,\r\n        \"managedDisk\": {\r\n          \"id\":
        \"/subscriptions/00000000-0000-0000-0000-000000000000/resourceGroups/cli_test_vm_custom_image_conflict000001/providers/Microsoft.Compute/disks/test-vm\"\r\n
        \       },\r\n        \"caching\": \"None\",\r\n        \"storageAccountType\":
        \"Standard_LRS\"\r\n      },\r\n      \"dataDisks\": []\r\n    },\r\n    \"provisioningState\":
        \"Succeeded\",\r\n    \"hyperVGeneration\": \"V1\"\r\n  }\r\n}"
    headers:
      cache-control:
      - no-cache
      content-length:
      - '833'
      content-type:
      - application/json; charset=utf-8
      date:
      - Thu, 17 Mar 2022 04:56:46 GMT
      expires:
      - '-1'
      pragma:
      - no-cache
      server:
      - Microsoft-HTTPAPI/2.0
      - Microsoft-HTTPAPI/2.0
      strict-transport-security:
      - max-age=31536000; includeSubDomains
      transfer-encoding:
      - chunked
      vary:
      - Accept-Encoding
      x-content-type-options:
      - nosniff
      x-ms-ratelimit-remaining-resource:
      - Microsoft.Compute/GetImages3Min;347,Microsoft.Compute/GetImages30Min;1741
    status:
      code: 200
      message: OK
version: 1
