interactions:
- request:
    body: null
    headers:
      Accept:
      - '*/*'
      Accept-Encoding:
      - gzip, deflate
      Connection:
      - keep-alive
      User-Agent:
      - python-requests/2.22.0
    method: GET
    uri: https://raw.githubusercontent.com/Azure/azure-rest-api-specs/master/arm-compute/quickstart-templates/aliases.json
  response:
    body:
      string: "{\n  \"$schema\": \"http://schema.management.azure.com/schemas/2015-01-01/deploymentTemplate.json\",\n
        \ \"contentVersion\": \"1.0.0.0\",\n  \"parameters\": {},\n  \"variables\":
        {},\n  \"resources\": [],\n  \"outputs\": {\n    \"aliases\": {\n      \"type\":
        \"object\",\n      \"value\": {\n        \"Linux\": {\n          \"CentOS\":
        {\n            \"publisher\": \"OpenLogic\",\n            \"offer\": \"CentOS\",\n
        \           \"sku\": \"7.5\",\n            \"version\": \"latest\"\n          },\n
        \         \"CoreOS\": {\n            \"publisher\": \"CoreOS\",\n            \"offer\":
        \"CoreOS\",\n            \"sku\": \"Stable\",\n            \"version\": \"latest\"\n
        \         },\n          \"Debian\": {\n            \"publisher\": \"Debian\",\n
        \           \"offer\": \"debian-10\",\n            \"sku\": \"10\",\n            \"version\":
        \"latest\"\n          },\n          \"openSUSE-Leap\": {\n            \"publisher\":
        \"SUSE\",\n            \"offer\": \"openSUSE-Leap\",\n            \"sku\":
        \"42.3\",\n            \"version\": \"latest\"\n          },\n          \"RHEL\":
        {\n            \"publisher\": \"RedHat\",\n            \"offer\": \"RHEL\",\n
        \           \"sku\": \"7-LVM\",\n            \"version\": \"latest\"\n          },\n
        \         \"SLES\": {\n            \"publisher\": \"SUSE\",\n            \"offer\":
        \"SLES\",\n            \"sku\": \"15\",\n            \"version\": \"latest\"\n
        \         },\n          \"UbuntuLTS\": {\n            \"publisher\": \"Canonical\",\n
        \           \"offer\": \"UbuntuServer\",\n            \"sku\": \"18.04-LTS\",\n
        \           \"version\": \"latest\"\n          }\n        },\n        \"Windows\":
        {\n          \"Win2019Datacenter\": {\n            \"publisher\": \"MicrosoftWindowsServer\",\n
        \           \"offer\": \"WindowsServer\",\n            \"sku\": \"2019-Datacenter\",\n
        \           \"version\": \"latest\"\n          },\n          \"Win2016Datacenter\":
        {\n            \"publisher\": \"MicrosoftWindowsServer\",\n            \"offer\":
        \"WindowsServer\",\n            \"sku\": \"2016-Datacenter\",\n            \"version\":
        \"latest\"\n          },\n          \"Win2012R2Datacenter\": {\n            \"publisher\":
        \"MicrosoftWindowsServer\",\n            \"offer\": \"WindowsServer\",\n            \"sku\":
        \"2012-R2-Datacenter\",\n            \"version\": \"latest\"\n          },\n
        \         \"Win2012Datacenter\": {\n            \"publisher\": \"MicrosoftWindowsServer\",\n
        \           \"offer\": \"WindowsServer\",\n            \"sku\": \"2012-Datacenter\",\n
        \           \"version\": \"latest\"\n          },\n          \"Win2008R2SP1\":
        {\n            \"publisher\": \"MicrosoftWindowsServer\",\n            \"offer\":
        \"WindowsServer\",\n            \"sku\": \"2008-R2-SP1\",\n            \"version\":
        \"latest\"\n          }\n        }\n      }\n    }\n  }\n}\n"
    headers:
      accept-ranges:
      - bytes
      access-control-allow-origin:
      - '*'
      cache-control:
      - max-age=300
      connection:
      - keep-alive
      content-length:
      - '2501'
      content-security-policy:
      - default-src 'none'; style-src 'unsafe-inline'; sandbox
      content-type:
      - text/plain; charset=utf-8
      date:
      - Tue, 08 Dec 2020 07:04:09 GMT
      etag:
      - W/"540044b4084c3c314537f1baa1770f248628b2bc9ba0328f1004c33862e049da"
      expires:
      - Tue, 08 Dec 2020 07:09:09 GMT
      source-age:
      - '249'
      strict-transport-security:
      - max-age=31536000
      vary:
      - Authorization,Accept-Encoding
      via:
      - 1.1 varnish (Varnish/6.0), 1.1 varnish
      x-cache:
      - HIT, HIT
      x-cache-hits:
      - 1, 1
      x-content-type-options:
      - nosniff
      x-fastly-request-id:
      - 0bd26b5cfa2b4f684ce6c33f54985e9886ca25e5
      x-frame-options:
      - deny
      x-github-request-id:
      - 538C:0FA9:25DC82:2C9E9D:5FCF2086
      x-served-by:
      - cache-sin18028-SIN
      x-timer:
      - S1607411050.720978,VS0,VE0
      x-xss-protection:
      - 1; mode=block
    status:
      code: 200
      message: OK
- request:
    body: null
    headers:
      Accept:
      - application/json
      Accept-Encoding:
      - gzip, deflate
      CommandName:
      - vm create
      Connection:
      - keep-alive
      ParameterSetName:
      - -g --location -n --admin-username --image --admin-password --authentication-type
      User-Agent:
      - python/3.7.4 (Windows-10-10.0.19041-SP0) msrest/0.6.18 msrest_azure/0.6.3
        azure-mgmt-network/13.0.0 Azure-SDK-For-Python AZURECLI/2.16.0
      accept-language:
      - en-US
    method: GET
    uri: https://management.azure.com/subscriptions/00000000-0000-0000-0000-000000000000/resourceGroups/cli_test_generalize_vm000001/providers/Microsoft.Network/virtualNetworks?api-version=2018-11-01
  response:
    body:
      string: '{"value":[]}'
    headers:
      cache-control:
      - no-cache
      content-length:
      - '12'
      content-type:
      - application/json; charset=utf-8
      date:
      - Tue, 08 Dec 2020 07:04:09 GMT
      expires:
      - '-1'
      pragma:
      - no-cache
      strict-transport-security:
      - max-age=31536000; includeSubDomains
      vary:
      - Accept-Encoding
      x-content-type-options:
      - nosniff
    status:
      code: 200
      message: OK
- request:
    body: '{"properties": {"template": {"$schema": "https://schema.management.azure.com/schemas/2015-01-01/deploymentTemplate.json#",
      "contentVersion": "1.0.0.0", "parameters": {"adminPassword": {"type": "securestring",
      "metadata": {"description": "Secure adminPassword"}}}, "variables": {}, "resources":
      [{"name": "vm-generalizeVNET", "type": "Microsoft.Network/virtualNetworks",
      "location": "francecentral", "apiVersion": "2015-06-15", "dependsOn": [], "tags":
      {}, "properties": {"addressSpace": {"addressPrefixes": ["10.0.0.0/16"]}, "subnets":
      [{"name": "vm-generalizeSubnet", "properties": {"addressPrefix": "10.0.0.0/24"}}]}},
      {"type": "Microsoft.Network/networkSecurityGroups", "name": "vm-generalizeNSG",
      "apiVersion": "2015-06-15", "location": "francecentral", "tags": {}, "dependsOn":
      [], "properties": {"securityRules": [{"name": "default-allow-ssh", "properties":
      {"protocol": "Tcp", "sourcePortRange": "*", "destinationPortRange": "22", "sourceAddressPrefix":
      "*", "destinationAddressPrefix": "*", "access": "Allow", "priority": 1000, "direction":
      "Inbound"}}]}}, {"apiVersion": "2018-11-01", "type": "Microsoft.Network/publicIPAddresses",
      "name": "vm-generalizePublicIP", "location": "francecentral", "tags": {}, "dependsOn":
      [], "properties": {"publicIPAllocationMethod": null}}, {"apiVersion": "2015-06-15",
      "type": "Microsoft.Network/networkInterfaces", "name": "vm-generalizeVMNic",
      "location": "francecentral", "tags": {}, "dependsOn": ["Microsoft.Network/virtualNetworks/vm-generalizeVNET",
      "Microsoft.Network/networkSecurityGroups/vm-generalizeNSG", "Microsoft.Network/publicIpAddresses/vm-generalizePublicIP"],
      "properties": {"ipConfigurations": [{"name": "ipconfigvm-generalize", "properties":
      {"privateIPAllocationMethod": "Dynamic", "subnet": {"id": "/subscriptions/00000000-0000-0000-0000-000000000000/resourceGroups/cli_test_generalize_vm000001/providers/Microsoft.Network/virtualNetworks/vm-generalizeVNET/subnets/vm-generalizeSubnet"},
      "publicIPAddress": {"id": "/subscriptions/00000000-0000-0000-0000-000000000000/resourceGroups/cli_test_generalize_vm000001/providers/Microsoft.Network/publicIPAddresses/vm-generalizePublicIP"}}}],
      "networkSecurityGroup": {"id": "/subscriptions/00000000-0000-0000-0000-000000000000/resourceGroups/cli_test_generalize_vm000001/providers/Microsoft.Network/networkSecurityGroups/vm-generalizeNSG"}}},
      {"apiVersion": "2020-06-01", "type": "Microsoft.Compute/virtualMachines", "name":
      "vm-generalize", "location": "francecentral", "tags": {}, "dependsOn": ["Microsoft.Network/networkInterfaces/vm-generalizeVMNic"],
      "properties": {"hardwareProfile": {"vmSize": "Standard_DS1_v2"}, "networkProfile":
      {"networkInterfaces": [{"id": "/subscriptions/00000000-0000-0000-0000-000000000000/resourceGroups/cli_test_generalize_vm000001/providers/Microsoft.Network/networkInterfaces/vm-generalizeVMNic"}]},
      "storageProfile": {"osDisk": {"createOption": "fromImage", "name": null, "caching":
      "ReadWrite", "managedDisk": {"storageAccountType": null}}, "imageReference":
      {"publisher": "OpenLogic", "offer": "CentOS", "sku": "7.5", "version": "latest"}},
      "osProfile": {"computerName": "vm-generalize", "adminUsername": "ubuntu", "adminPassword":
      "[parameters(''adminPassword'')]"}}}], "outputs": {}}, "parameters": {"adminPassword":
      {"value": "testPassword0"}}, "mode": "Incremental"}}'
    headers:
      Accept:
      - application/json
      Accept-Encoding:
      - gzip, deflate
      CommandName:
      - vm create
      Connection:
      - keep-alive
      Content-Length:
      - '3503'
      Content-Type:
      - application/json; charset=utf-8
      ParameterSetName:
      - -g --location -n --admin-username --image --admin-password --authentication-type
      User-Agent:
      - python/3.7.4 (Windows-10-10.0.19041-SP0) msrest/0.6.18 msrest_azure/0.6.3
        azure-mgmt-resource/10.3.0 Azure-SDK-For-Python AZURECLI/2.16.0
      accept-language:
      - en-US
    method: PUT
    uri: https://management.azure.com/subscriptions/00000000-0000-0000-0000-000000000000/resourcegroups/cli_test_generalize_vm000001/providers/Microsoft.Resources/deployments/mock-deployment?api-version=2019-10-01
  response:
    body:
      string: '{"id":"/subscriptions/00000000-0000-0000-0000-000000000000/resourceGroups/cli_test_generalize_vm000001/providers/Microsoft.Resources/deployments/vm_deploy_DFSgDpZASs3lhnUz2TkYc5toaeOrJ7Nw","name":"vm_deploy_DFSgDpZASs3lhnUz2TkYc5toaeOrJ7Nw","type":"Microsoft.Resources/deployments","properties":{"templateHash":"13105544046266786144","parameters":{"adminPassword":{"type":"SecureString"}},"mode":"Incremental","provisioningState":"Accepted","timestamp":"2020-12-08T07:04:14.3602579Z","duration":"PT2.8203864S","correlationId":"fbc0f1c1-4389-4a79-ac6b-9c50a2729d6c","providers":[{"namespace":"Microsoft.Network","resourceTypes":[{"resourceType":"virtualNetworks","locations":["francecentral"]},{"resourceType":"networkSecurityGroups","locations":["francecentral"]},{"resourceType":"publicIPAddresses","locations":["francecentral"]},{"resourceType":"networkInterfaces","locations":["francecentral"]}]},{"namespace":"Microsoft.Compute","resourceTypes":[{"resourceType":"virtualMachines","locations":["francecentral"]}]}],"dependencies":[{"dependsOn":[{"id":"/subscriptions/00000000-0000-0000-0000-000000000000/resourceGroups/cli_test_generalize_vm000001/providers/Microsoft.Network/virtualNetworks/vm-generalizeVNET","resourceType":"Microsoft.Network/virtualNetworks","resourceName":"vm-generalizeVNET"},{"id":"/subscriptions/00000000-0000-0000-0000-000000000000/resourceGroups/cli_test_generalize_vm000001/providers/Microsoft.Network/networkSecurityGroups/vm-generalizeNSG","resourceType":"Microsoft.Network/networkSecurityGroups","resourceName":"vm-generalizeNSG"},{"id":"/subscriptions/00000000-0000-0000-0000-000000000000/resourceGroups/cli_test_generalize_vm000001/providers/Microsoft.Network/publicIPAddresses/vm-generalizePublicIP","resourceType":"Microsoft.Network/publicIPAddresses","resourceName":"vm-generalizePublicIP"}],"id":"/subscriptions/00000000-0000-0000-0000-000000000000/resourceGroups/cli_test_generalize_vm000001/providers/Microsoft.Network/networkInterfaces/vm-generalizeVMNic","resourceType":"Microsoft.Network/networkInterfaces","resourceName":"vm-generalizeVMNic"},{"dependsOn":[{"id":"/subscriptions/00000000-0000-0000-0000-000000000000/resourceGroups/cli_test_generalize_vm000001/providers/Microsoft.Network/networkInterfaces/vm-generalizeVMNic","resourceType":"Microsoft.Network/networkInterfaces","resourceName":"vm-generalizeVMNic"}],"id":"/subscriptions/00000000-0000-0000-0000-000000000000/resourceGroups/cli_test_generalize_vm000001/providers/Microsoft.Compute/virtualMachines/vm-generalize","resourceType":"Microsoft.Compute/virtualMachines","resourceName":"vm-generalize"}]}}'
    headers:
      azure-asyncoperation:
      - https://management.azure.com/subscriptions/00000000-0000-0000-0000-000000000000/resourcegroups/cli_test_generalize_vm000001/providers/Microsoft.Resources/deployments/vm_deploy_DFSgDpZASs3lhnUz2TkYc5toaeOrJ7Nw/operationStatuses/08585941958339377628?api-version=2019-10-01
      cache-control:
      - no-cache
      content-length:
      - '2937'
      content-type:
      - application/json; charset=utf-8
      date:
      - Tue, 08 Dec 2020 07:04:15 GMT
      expires:
      - '-1'
      pragma:
      - no-cache
      strict-transport-security:
      - max-age=31536000; includeSubDomains
      x-content-type-options:
      - nosniff
      x-ms-ratelimit-remaining-subscription-writes:
      - '1198'
    status:
      code: 201
      message: Created
- request:
    body: null
    headers:
      Accept:
      - application/json
      Accept-Encoding:
      - gzip, deflate
      CommandName:
      - vm create
      Connection:
      - keep-alive
      ParameterSetName:
      - -g --location -n --admin-username --image --admin-password --authentication-type
      User-Agent:
      - python/3.7.4 (Windows-10-10.0.19041-SP0) msrest/0.6.18 msrest_azure/0.6.3
        azure-mgmt-resource/10.3.0 Azure-SDK-For-Python AZURECLI/2.16.0
    method: GET
    uri: https://management.azure.com/subscriptions/00000000-0000-0000-0000-000000000000/resourcegroups/cli_test_generalize_vm000001/providers/Microsoft.Resources/deployments/mock-deployment/operationStatuses/08585941958339377628?api-version=2019-10-01
  response:
    body:
      string: '{"status":"Running"}'
    headers:
      cache-control:
      - no-cache
      content-length:
      - '20'
      content-type:
      - application/json; charset=utf-8
      date:
      - Tue, 08 Dec 2020 07:04:46 GMT
      expires:
      - '-1'
      pragma:
      - no-cache
      strict-transport-security:
      - max-age=31536000; includeSubDomains
      vary:
      - Accept-Encoding
      x-content-type-options:
      - nosniff
    status:
      code: 200
      message: OK
- request:
    body: null
    headers:
      Accept:
      - application/json
      Accept-Encoding:
      - gzip, deflate
      CommandName:
      - vm create
      Connection:
      - keep-alive
      ParameterSetName:
      - -g --location -n --admin-username --image --admin-password --authentication-type
      User-Agent:
      - python/3.7.4 (Windows-10-10.0.19041-SP0) msrest/0.6.18 msrest_azure/0.6.3
        azure-mgmt-resource/10.3.0 Azure-SDK-For-Python AZURECLI/2.16.0
    method: GET
    uri: https://management.azure.com/subscriptions/00000000-0000-0000-0000-000000000000/resourcegroups/cli_test_generalize_vm000001/providers/Microsoft.Resources/deployments/mock-deployment/operationStatuses/08585941958339377628?api-version=2019-10-01
  response:
    body:
      string: '{"status":"Running"}'
    headers:
      cache-control:
      - no-cache
      content-length:
      - '20'
      content-type:
      - application/json; charset=utf-8
      date:
      - Tue, 08 Dec 2020 07:05:16 GMT
      expires:
      - '-1'
      pragma:
      - no-cache
      strict-transport-security:
      - max-age=31536000; includeSubDomains
      vary:
      - Accept-Encoding
      x-content-type-options:
      - nosniff
    status:
      code: 200
      message: OK
- request:
    body: null
    headers:
      Accept:
      - application/json
      Accept-Encoding:
      - gzip, deflate
      CommandName:
      - vm create
      Connection:
      - keep-alive
      ParameterSetName:
      - -g --location -n --admin-username --image --admin-password --authentication-type
      User-Agent:
      - python/3.7.4 (Windows-10-10.0.19041-SP0) msrest/0.6.18 msrest_azure/0.6.3
        azure-mgmt-resource/10.3.0 Azure-SDK-For-Python AZURECLI/2.16.0
    method: GET
    uri: https://management.azure.com/subscriptions/00000000-0000-0000-0000-000000000000/resourcegroups/cli_test_generalize_vm000001/providers/Microsoft.Resources/deployments/mock-deployment/operationStatuses/08585941958339377628?api-version=2019-10-01
  response:
    body:
      string: '{"status":"Running"}'
    headers:
      cache-control:
      - no-cache
      content-length:
      - '20'
      content-type:
      - application/json; charset=utf-8
      date:
      - Tue, 08 Dec 2020 07:05:47 GMT
      expires:
      - '-1'
      pragma:
      - no-cache
      strict-transport-security:
      - max-age=31536000; includeSubDomains
      vary:
      - Accept-Encoding
      x-content-type-options:
      - nosniff
    status:
      code: 200
      message: OK
- request:
    body: null
    headers:
      Accept:
      - application/json
      Accept-Encoding:
      - gzip, deflate
      CommandName:
      - vm create
      Connection:
      - keep-alive
      ParameterSetName:
      - -g --location -n --admin-username --image --admin-password --authentication-type
      User-Agent:
      - python/3.7.4 (Windows-10-10.0.19041-SP0) msrest/0.6.18 msrest_azure/0.6.3
        azure-mgmt-resource/10.3.0 Azure-SDK-For-Python AZURECLI/2.16.0
    method: GET
    uri: https://management.azure.com/subscriptions/00000000-0000-0000-0000-000000000000/resourcegroups/cli_test_generalize_vm000001/providers/Microsoft.Resources/deployments/mock-deployment/operationStatuses/08585941958339377628?api-version=2019-10-01
  response:
    body:
      string: '{"status":"Running"}'
    headers:
      cache-control:
      - no-cache
      content-length:
      - '20'
      content-type:
      - application/json; charset=utf-8
      date:
      - Tue, 08 Dec 2020 07:06:17 GMT
      expires:
      - '-1'
      pragma:
      - no-cache
      strict-transport-security:
      - max-age=31536000; includeSubDomains
      vary:
      - Accept-Encoding
      x-content-type-options:
      - nosniff
    status:
      code: 200
      message: OK
- request:
    body: null
    headers:
      Accept:
      - application/json
      Accept-Encoding:
      - gzip, deflate
      CommandName:
      - vm create
      Connection:
      - keep-alive
      ParameterSetName:
      - -g --location -n --admin-username --image --admin-password --authentication-type
      User-Agent:
      - python/3.7.4 (Windows-10-10.0.19041-SP0) msrest/0.6.18 msrest_azure/0.6.3
        azure-mgmt-resource/10.3.0 Azure-SDK-For-Python AZURECLI/2.16.0
    method: GET
    uri: https://management.azure.com/subscriptions/00000000-0000-0000-0000-000000000000/resourcegroups/cli_test_generalize_vm000001/providers/Microsoft.Resources/deployments/mock-deployment/operationStatuses/08585941958339377628?api-version=2019-10-01
  response:
    body:
      string: '{"status":"Succeeded"}'
    headers:
      cache-control:
      - no-cache
      content-length:
      - '22'
      content-type:
      - application/json; charset=utf-8
      date:
      - Tue, 08 Dec 2020 07:06:47 GMT
      expires:
      - '-1'
      pragma:
      - no-cache
      strict-transport-security:
      - max-age=31536000; includeSubDomains
      vary:
      - Accept-Encoding
      x-content-type-options:
      - nosniff
    status:
      code: 200
      message: OK
- request:
    body: null
    headers:
      Accept:
      - application/json
      Accept-Encoding:
      - gzip, deflate
      CommandName:
      - vm create
      Connection:
      - keep-alive
      ParameterSetName:
      - -g --location -n --admin-username --image --admin-password --authentication-type
      User-Agent:
      - python/3.7.4 (Windows-10-10.0.19041-SP0) msrest/0.6.18 msrest_azure/0.6.3
        azure-mgmt-resource/10.3.0 Azure-SDK-For-Python AZURECLI/2.16.0
    method: GET
    uri: https://management.azure.com/subscriptions/00000000-0000-0000-0000-000000000000/resourcegroups/cli_test_generalize_vm000001/providers/Microsoft.Resources/deployments/mock-deployment?api-version=2019-10-01
  response:
    body:
      string: '{"id":"/subscriptions/00000000-0000-0000-0000-000000000000/resourceGroups/cli_test_generalize_vm000001/providers/Microsoft.Resources/deployments/vm_deploy_DFSgDpZASs3lhnUz2TkYc5toaeOrJ7Nw","name":"vm_deploy_DFSgDpZASs3lhnUz2TkYc5toaeOrJ7Nw","type":"Microsoft.Resources/deployments","properties":{"templateHash":"13105544046266786144","parameters":{"adminPassword":{"type":"SecureString"}},"mode":"Incremental","provisioningState":"Succeeded","timestamp":"2020-12-08T07:06:47.3221279Z","duration":"PT2M35.7822564S","correlationId":"fbc0f1c1-4389-4a79-ac6b-9c50a2729d6c","providers":[{"namespace":"Microsoft.Network","resourceTypes":[{"resourceType":"virtualNetworks","locations":["francecentral"]},{"resourceType":"networkSecurityGroups","locations":["francecentral"]},{"resourceType":"publicIPAddresses","locations":["francecentral"]},{"resourceType":"networkInterfaces","locations":["francecentral"]}]},{"namespace":"Microsoft.Compute","resourceTypes":[{"resourceType":"virtualMachines","locations":["francecentral"]}]}],"dependencies":[{"dependsOn":[{"id":"/subscriptions/00000000-0000-0000-0000-000000000000/resourceGroups/cli_test_generalize_vm000001/providers/Microsoft.Network/virtualNetworks/vm-generalizeVNET","resourceType":"Microsoft.Network/virtualNetworks","resourceName":"vm-generalizeVNET"},{"id":"/subscriptions/00000000-0000-0000-0000-000000000000/resourceGroups/cli_test_generalize_vm000001/providers/Microsoft.Network/networkSecurityGroups/vm-generalizeNSG","resourceType":"Microsoft.Network/networkSecurityGroups","resourceName":"vm-generalizeNSG"},{"id":"/subscriptions/00000000-0000-0000-0000-000000000000/resourceGroups/cli_test_generalize_vm000001/providers/Microsoft.Network/publicIPAddresses/vm-generalizePublicIP","resourceType":"Microsoft.Network/publicIPAddresses","resourceName":"vm-generalizePublicIP"}],"id":"/subscriptions/00000000-0000-0000-0000-000000000000/resourceGroups/cli_test_generalize_vm000001/providers/Microsoft.Network/networkInterfaces/vm-generalizeVMNic","resourceType":"Microsoft.Network/networkInterfaces","resourceName":"vm-generalizeVMNic"},{"dependsOn":[{"id":"/subscriptions/00000000-0000-0000-0000-000000000000/resourceGroups/cli_test_generalize_vm000001/providers/Microsoft.Network/networkInterfaces/vm-generalizeVMNic","resourceType":"Microsoft.Network/networkInterfaces","resourceName":"vm-generalizeVMNic"}],"id":"/subscriptions/00000000-0000-0000-0000-000000000000/resourceGroups/cli_test_generalize_vm000001/providers/Microsoft.Compute/virtualMachines/vm-generalize","resourceType":"Microsoft.Compute/virtualMachines","resourceName":"vm-generalize"}],"outputs":{},"outputResources":[{"id":"/subscriptions/00000000-0000-0000-0000-000000000000/resourceGroups/cli_test_generalize_vm000001/providers/Microsoft.Compute/virtualMachines/vm-generalize"},{"id":"/subscriptions/00000000-0000-0000-0000-000000000000/resourceGroups/cli_test_generalize_vm000001/providers/Microsoft.Network/networkInterfaces/vm-generalizeVMNic"},{"id":"/subscriptions/00000000-0000-0000-0000-000000000000/resourceGroups/cli_test_generalize_vm000001/providers/Microsoft.Network/networkSecurityGroups/vm-generalizeNSG"},{"id":"/subscriptions/00000000-0000-0000-0000-000000000000/resourceGroups/cli_test_generalize_vm000001/providers/Microsoft.Network/publicIPAddresses/vm-generalizePublicIP"},{"id":"/subscriptions/00000000-0000-0000-0000-000000000000/resourceGroups/cli_test_generalize_vm000001/providers/Microsoft.Network/virtualNetworks/vm-generalizeVNET"}]}}'
    headers:
      cache-control:
      - no-cache
      content-length:
      - '4054'
      content-type:
      - application/json; charset=utf-8
      date:
      - Tue, 08 Dec 2020 07:06:48 GMT
      expires:
      - '-1'
      pragma:
      - no-cache
      strict-transport-security:
      - max-age=31536000; includeSubDomains
      vary:
      - Accept-Encoding
      x-content-type-options:
      - nosniff
    status:
      code: 200
      message: OK
- request:
    body: null
    headers:
      Accept:
      - application/json
      Accept-Encoding:
      - gzip, deflate
      CommandName:
      - vm create
      Connection:
      - keep-alive
      ParameterSetName:
      - -g --location -n --admin-username --image --admin-password --authentication-type
      User-Agent:
      - AZURECLI/2.16.0 azsdk-python-azure-mgmt-compute/18.0.0 Python/3.7.4 (Windows-10-10.0.19041-SP0)
    method: GET
    uri: https://management.azure.com/subscriptions/00000000-0000-0000-0000-000000000000/resourceGroups/cli_test_generalize_vm000001/providers/Microsoft.Compute/virtualMachines/vm-generalize?$expand=instanceView&api-version=2020-06-01
  response:
    body:
      string: "{\r\n  \"name\": \"vm-generalize\",\r\n  \"id\": \"/subscriptions/00000000-0000-0000-0000-000000000000/resourceGroups/cli_test_generalize_vm000001/providers/Microsoft.Compute/virtualMachines/vm-generalize\",\r\n
        \ \"type\": \"Microsoft.Compute/virtualMachines\",\r\n  \"location\": \"francecentral\",\r\n
        \ \"tags\": {},\r\n  \"properties\": {\r\n    \"vmId\": \"d170d639-6124-4fd9-a560-2abaf0054c52\",\r\n
        \   \"hardwareProfile\": {\r\n      \"vmSize\": \"Standard_DS1_v2\"\r\n    },\r\n
        \   \"storageProfile\": {\r\n      \"imageReference\": {\r\n        \"publisher\":
        \"OpenLogic\",\r\n        \"offer\": \"CentOS\",\r\n        \"sku\": \"7.5\",\r\n
        \       \"version\": \"latest\",\r\n        \"exactVersion\": \"7.5.201808150\"\r\n
        \     },\r\n      \"osDisk\": {\r\n        \"osType\": \"Linux\",\r\n        \"name\":
        \"vm-generalize_OsDisk_1_0aff779d9a344e7e9bb6b868fb8853be\",\r\n        \"createOption\":
        \"FromImage\",\r\n        \"caching\": \"ReadWrite\",\r\n        \"managedDisk\":
        {\r\n          \"storageAccountType\": \"Premium_LRS\",\r\n          \"id\":
        \"/subscriptions/00000000-0000-0000-0000-000000000000/resourceGroups/cli_test_generalize_vm000001/providers/Microsoft.Compute/disks/vm-generalize_OsDisk_1_0aff779d9a344e7e9bb6b868fb8853be\"\r\n
        \       },\r\n        \"diskSizeGB\": 30\r\n      },\r\n      \"dataDisks\":
        []\r\n    },\r\n    \"osProfile\": {\r\n      \"computerName\": \"vm-generalize\",\r\n
        \     \"adminUsername\": \"ubuntu\",\r\n      \"linuxConfiguration\": {\r\n
        \       \"disablePasswordAuthentication\": false,\r\n        \"provisionVMAgent\":
        true,\r\n        \"patchSettings\": {\r\n          \"patchMode\": \"ImageDefault\"\r\n
        \       }\r\n      },\r\n      \"secrets\": [],\r\n      \"allowExtensionOperations\":
        true,\r\n      \"requireGuestProvisionSignal\": true\r\n    },\r\n    \"networkProfile\":
        {\"networkInterfaces\":[{\"id\":\"/subscriptions/00000000-0000-0000-0000-000000000000/resourceGroups/cli_test_generalize_vm000001/providers/Microsoft.Network/networkInterfaces/vm-generalizeVMNic\"}]},\r\n
        \   \"provisioningState\": \"Succeeded\",\r\n    \"instanceView\": {\r\n      \"computerName\":
        \"vm-generalize\",\r\n      \"osName\": \"centos\",\r\n      \"osVersion\":
        \"7.5.1804\",\r\n      \"vmAgent\": {\r\n        \"vmAgentVersion\": \"2.2.52\",\r\n
        \       \"statuses\": [\r\n          {\r\n            \"code\": \"ProvisioningState/succeeded\",\r\n
        \           \"level\": \"Info\",\r\n            \"displayStatus\": \"Ready\",\r\n
        \           \"message\": \"Guest Agent is running\",\r\n            \"time\":
        \"2020-12-08T07:06:43+00:00\"\r\n          }\r\n        ],\r\n        \"extensionHandlers\":
        []\r\n      },\r\n      \"disks\": [\r\n        {\r\n          \"name\": \"vm-generalize_OsDisk_1_0aff779d9a344e7e9bb6b868fb8853be\",\r\n
        \         \"statuses\": [\r\n            {\r\n              \"code\": \"ProvisioningState/succeeded\",\r\n
        \             \"level\": \"Info\",\r\n              \"displayStatus\": \"Provisioning
        succeeded\",\r\n              \"time\": \"2020-12-08T07:05:28.2998648+00:00\"\r\n
        \           }\r\n          ]\r\n        }\r\n      ],\r\n      \"hyperVGeneration\":
        \"V1\",\r\n      \"statuses\": [\r\n        {\r\n          \"code\": \"ProvisioningState/succeeded\",\r\n
        \         \"level\": \"Info\",\r\n          \"displayStatus\": \"Provisioning
        succeeded\",\r\n          \"time\": \"2020-12-08T07:06:40.9256493+00:00\"\r\n
        \       },\r\n        {\r\n          \"code\": \"PowerState/running\",\r\n
        \         \"level\": \"Info\",\r\n          \"displayStatus\": \"VM running\"\r\n
        \       }\r\n      ]\r\n    }\r\n  }\r\n}"
    headers:
      cache-control:
      - no-cache
      content-length:
      - '3333'
      content-type:
      - application/json; charset=utf-8
      date:
      - Tue, 08 Dec 2020 07:06:48 GMT
      expires:
      - '-1'
      pragma:
      - no-cache
      server:
      - Microsoft-HTTPAPI/2.0
      - Microsoft-HTTPAPI/2.0
      strict-transport-security:
      - max-age=31536000; includeSubDomains
      transfer-encoding:
      - chunked
      vary:
      - Accept-Encoding
      x-content-type-options:
      - nosniff
      x-ms-ratelimit-remaining-resource:
      - Microsoft.Compute/LowCostGet3Min;3997,Microsoft.Compute/LowCostGet30Min;31997
    status:
      code: 200
      message: OK
- request:
    body: null
    headers:
      Accept:
      - application/json
      Accept-Encoding:
      - gzip, deflate
      CommandName:
      - vm create
      Connection:
      - keep-alive
      ParameterSetName:
      - -g --location -n --admin-username --image --admin-password --authentication-type
      User-Agent:
      - python/3.7.4 (Windows-10-10.0.19041-SP0) msrest/0.6.18 msrest_azure/0.6.3
        azure-mgmt-network/13.0.0 Azure-SDK-For-Python AZURECLI/2.16.0
      accept-language:
      - en-US
    method: GET
    uri: https://management.azure.com/subscriptions/00000000-0000-0000-0000-000000000000/resourceGroups/cli_test_generalize_vm000001/providers/Microsoft.Network/networkInterfaces/vm-generalizeVMNic?api-version=2018-11-01
  response:
    body:
      string: "{\r\n  \"name\": \"vm-generalizeVMNic\",\r\n  \"id\": \"/subscriptions/00000000-0000-0000-0000-000000000000/resourceGroups/cli_test_generalize_vm000001/providers/Microsoft.Network/networkInterfaces/vm-generalizeVMNic\",\r\n
        \ \"etag\": \"W/\\\"e9f22673-1372-4bd7-8477-863d27c378ce\\\"\",\r\n  \"location\":
        \"francecentral\",\r\n  \"tags\": {},\r\n  \"properties\": {\r\n    \"provisioningState\":
        \"Succeeded\",\r\n    \"resourceGuid\": \"c09afbb1-bc85-463e-93b6-a03bcff53727\",\r\n
        \   \"ipConfigurations\": [\r\n      {\r\n        \"name\": \"ipconfigvm-generalize\",\r\n
        \       \"id\": \"/subscriptions/00000000-0000-0000-0000-000000000000/resourceGroups/cli_test_generalize_vm000001/providers/Microsoft.Network/networkInterfaces/vm-generalizeVMNic/ipConfigurations/ipconfigvm-generalize\",\r\n
        \       \"etag\": \"W/\\\"e9f22673-1372-4bd7-8477-863d27c378ce\\\"\",\r\n
        \       \"type\": \"Microsoft.Network/networkInterfaces/ipConfigurations\",\r\n
        \       \"properties\": {\r\n          \"provisioningState\": \"Succeeded\",\r\n
        \         \"privateIPAddress\": \"10.0.0.4\",\r\n          \"privateIPAllocationMethod\":
        \"Dynamic\",\r\n          \"publicIPAddress\": {\r\n            \"id\": \"/subscriptions/00000000-0000-0000-0000-000000000000/resourceGroups/cli_test_generalize_vm000001/providers/Microsoft.Network/publicIPAddresses/vm-generalizePublicIP\"\r\n
        \         },\r\n          \"subnet\": {\r\n            \"id\": \"/subscriptions/00000000-0000-0000-0000-000000000000/resourceGroups/cli_test_generalize_vm000001/providers/Microsoft.Network/virtualNetworks/vm-generalizeVNET/subnets/vm-generalizeSubnet\"\r\n
        \         },\r\n          \"primary\": true,\r\n          \"privateIPAddressVersion\":
        \"IPv4\"\r\n        }\r\n      }\r\n    ],\r\n    \"dnsSettings\": {\r\n      \"dnsServers\":
        [],\r\n      \"appliedDnsServers\": [],\r\n      \"internalDomainNameSuffix\":
        \"blypaacd3kzenbpbxd0uj4rrud.parx.internal.cloudapp.net\"\r\n    },\r\n    \"macAddress\":
        \"00-0D-3A-78-B0-E0\",\r\n    \"enableAcceleratedNetworking\": false,\r\n
        \   \"enableIPForwarding\": false,\r\n    \"networkSecurityGroup\": {\r\n
        \     \"id\": \"/subscriptions/00000000-0000-0000-0000-000000000000/resourceGroups/cli_test_generalize_vm000001/providers/Microsoft.Network/networkSecurityGroups/vm-generalizeNSG\"\r\n
        \   },\r\n    \"primary\": true,\r\n    \"virtualMachine\": {\r\n      \"id\":
        \"/subscriptions/00000000-0000-0000-0000-000000000000/resourceGroups/cli_test_generalize_vm000001/providers/Microsoft.Compute/virtualMachines/vm-generalize\"\r\n
        \   },\r\n    \"hostedWorkloads\": [],\r\n    \"tapConfigurations\": []\r\n
        \ },\r\n  \"type\": \"Microsoft.Network/networkInterfaces\"\r\n}"
    headers:
      cache-control:
      - no-cache
      content-length:
      - '2735'
      content-type:
      - application/json; charset=utf-8
      date:
      - Tue, 08 Dec 2020 07:06:49 GMT
      etag:
      - W/"e9f22673-1372-4bd7-8477-863d27c378ce"
      expires:
      - '-1'
      pragma:
      - no-cache
      server:
      - Microsoft-HTTPAPI/2.0
      - Microsoft-HTTPAPI/2.0
      strict-transport-security:
      - max-age=31536000; includeSubDomains
      transfer-encoding:
      - chunked
      vary:
      - Accept-Encoding
      x-content-type-options:
      - nosniff
      x-ms-arm-service-request-id:
      - 01524f23-1075-485a-922b-474aa1d931fe
    status:
      code: 200
      message: OK
- request:
    body: null
    headers:
      Accept:
      - application/json
      Accept-Encoding:
      - gzip, deflate
      CommandName:
      - vm create
      Connection:
      - keep-alive
      ParameterSetName:
      - -g --location -n --admin-username --image --admin-password --authentication-type
      User-Agent:
      - python/3.7.4 (Windows-10-10.0.19041-SP0) msrest/0.6.18 msrest_azure/0.6.3
        azure-mgmt-network/13.0.0 Azure-SDK-For-Python AZURECLI/2.16.0
      accept-language:
      - en-US
    method: GET
    uri: https://management.azure.com/subscriptions/00000000-0000-0000-0000-000000000000/resourceGroups/cli_test_generalize_vm000001/providers/Microsoft.Network/publicIPAddresses/vm-generalizePublicIP?api-version=2018-11-01
  response:
    body:
      string: "{\r\n  \"name\": \"vm-generalizePublicIP\",\r\n  \"id\": \"/subscriptions/00000000-0000-0000-0000-000000000000/resourceGroups/cli_test_generalize_vm000001/providers/Microsoft.Network/publicIPAddresses/vm-generalizePublicIP\",\r\n
        \ \"etag\": \"W/\\\"151112d0-5745-4903-8dfd-c5c2e6ac21ae\\\"\",\r\n  \"location\":
        \"francecentral\",\r\n  \"tags\": {},\r\n  \"properties\": {\r\n    \"provisioningState\":
        \"Succeeded\",\r\n    \"resourceGuid\": \"ab2d776f-2283-432d-8d9b-7da9b61084e8\",\r\n
        \   \"ipAddress\": \"20.43.58.253\",\r\n    \"publicIPAddressVersion\": \"IPv4\",\r\n
        \   \"publicIPAllocationMethod\": \"Dynamic\",\r\n    \"idleTimeoutInMinutes\":
        4,\r\n    \"ipTags\": [],\r\n    \"ipConfiguration\": {\r\n      \"id\": \"/subscriptions/00000000-0000-0000-0000-000000000000/resourceGroups/cli_test_generalize_vm000001/providers/Microsoft.Network/networkInterfaces/vm-generalizeVMNic/ipConfigurations/ipconfigvm-generalize\"\r\n
        \   }\r\n  },\r\n  \"type\": \"Microsoft.Network/publicIPAddresses\",\r\n
        \ \"sku\": {\r\n    \"name\": \"Basic\"\r\n  }\r\n}"
    headers:
      cache-control:
      - no-cache
      content-length:
      - '1043'
      content-type:
      - application/json; charset=utf-8
      date:
      - Tue, 08 Dec 2020 07:06:49 GMT
      etag:
      - W/"151112d0-5745-4903-8dfd-c5c2e6ac21ae"
      expires:
      - '-1'
      pragma:
      - no-cache
      server:
      - Microsoft-HTTPAPI/2.0
      - Microsoft-HTTPAPI/2.0
      strict-transport-security:
      - max-age=31536000; includeSubDomains
      transfer-encoding:
      - chunked
      vary:
      - Accept-Encoding
      x-content-type-options:
      - nosniff
      x-ms-arm-service-request-id:
      - 31cb9ba7-1125-4470-925c-a4461691756a
    status:
      code: 200
      message: OK
- request:
    body: null
    headers:
      Accept:
      - '*/*'
      Accept-Encoding:
      - gzip, deflate
      CommandName:
      - vm deallocate
      Connection:
      - keep-alive
      Content-Length:
      - '0'
      ParameterSetName:
      - -g -n
      User-Agent:
      - AZURECLI/2.16.0 azsdk-python-azure-mgmt-compute/18.0.0 Python/3.7.4 (Windows-10-10.0.19041-SP0)
    method: POST
    uri: https://management.azure.com/subscriptions/00000000-0000-0000-0000-000000000000/resourceGroups/cli_test_generalize_vm000001/providers/Microsoft.Compute/virtualMachines/vm-generalize/deallocate?api-version=2020-06-01
  response:
    body:
      string: ''
    headers:
      azure-asyncoperation:
      - https://management.azure.com/subscriptions/00000000-0000-0000-0000-000000000000/providers/Microsoft.Compute/locations/FranceCentral/operations/ceaeabd8-d058-43a5-9a6e-1fcfddf99044?api-version=2020-06-01
      cache-control:
      - no-cache
      content-length:
      - '0'
      date:
      - Tue, 08 Dec 2020 07:06:50 GMT
      expires:
      - '-1'
      location:
      - https://management.azure.com/subscriptions/00000000-0000-0000-0000-000000000000/providers/Microsoft.Compute/locations/FranceCentral/operations/ceaeabd8-d058-43a5-9a6e-1fcfddf99044?monitor=true&api-version=2020-06-01
      pragma:
      - no-cache
      server:
      - Microsoft-HTTPAPI/2.0
      - Microsoft-HTTPAPI/2.0
      strict-transport-security:
      - max-age=31536000; includeSubDomains
      x-content-type-options:
      - nosniff
      x-ms-ratelimit-remaining-resource:
      - Microsoft.Compute/DeleteVM3Min;239,Microsoft.Compute/DeleteVM30Min;1199
      x-ms-ratelimit-remaining-subscription-writes:
      - '1199'
    status:
      code: 202
      message: Accepted
- request:
    body: null
    headers:
      Accept:
      - '*/*'
      Accept-Encoding:
      - gzip, deflate
      CommandName:
      - vm deallocate
      Connection:
      - keep-alive
      ParameterSetName:
      - -g -n
      User-Agent:
      - AZURECLI/2.16.0 azsdk-python-azure-mgmt-compute/18.0.0 Python/3.7.4 (Windows-10-10.0.19041-SP0)
    method: GET
    uri: https://management.azure.com/subscriptions/00000000-0000-0000-0000-000000000000/providers/Microsoft.Compute/locations/FranceCentral/operations/ceaeabd8-d058-43a5-9a6e-1fcfddf99044?api-version=2020-06-01
  response:
    body:
      string: "{\r\n  \"startTime\": \"2020-12-08T07:06:50.9569899+00:00\",\r\n  \"status\":
        \"InProgress\",\r\n  \"name\": \"ceaeabd8-d058-43a5-9a6e-1fcfddf99044\"\r\n}"
    headers:
      cache-control:
      - no-cache
      content-length:
      - '134'
      content-type:
      - application/json; charset=utf-8
      date:
      - Tue, 08 Dec 2020 07:07:01 GMT
      expires:
      - '-1'
      pragma:
      - no-cache
      server:
      - Microsoft-HTTPAPI/2.0
      - Microsoft-HTTPAPI/2.0
      strict-transport-security:
      - max-age=31536000; includeSubDomains
      transfer-encoding:
      - chunked
      vary:
      - Accept-Encoding
      x-content-type-options:
      - nosniff
      x-ms-ratelimit-remaining-resource:
      - Microsoft.Compute/GetOperation3Min;14997,Microsoft.Compute/GetOperation30Min;29997
    status:
      code: 200
      message: OK
- request:
    body: null
    headers:
      Accept:
      - '*/*'
      Accept-Encoding:
      - gzip, deflate
      CommandName:
      - vm deallocate
      Connection:
      - keep-alive
      ParameterSetName:
      - -g -n
      User-Agent:
      - AZURECLI/2.16.0 azsdk-python-azure-mgmt-compute/18.0.0 Python/3.7.4 (Windows-10-10.0.19041-SP0)
    method: GET
    uri: https://management.azure.com/subscriptions/00000000-0000-0000-0000-000000000000/providers/Microsoft.Compute/locations/FranceCentral/operations/ceaeabd8-d058-43a5-9a6e-1fcfddf99044?api-version=2020-06-01
  response:
    body:
      string: "{\r\n  \"startTime\": \"2020-12-08T07:06:50.9569899+00:00\",\r\n  \"status\":
        \"InProgress\",\r\n  \"name\": \"ceaeabd8-d058-43a5-9a6e-1fcfddf99044\"\r\n}"
    headers:
      cache-control:
      - no-cache
      content-length:
      - '134'
      content-type:
      - application/json; charset=utf-8
      date:
      - Tue, 08 Dec 2020 07:07:37 GMT
      expires:
      - '-1'
      pragma:
      - no-cache
      server:
      - Microsoft-HTTPAPI/2.0
      - Microsoft-HTTPAPI/2.0
      strict-transport-security:
      - max-age=31536000; includeSubDomains
      transfer-encoding:
      - chunked
      vary:
      - Accept-Encoding
      x-content-type-options:
      - nosniff
      x-ms-ratelimit-remaining-resource:
      - Microsoft.Compute/GetOperation3Min;14993,Microsoft.Compute/GetOperation30Min;29993
    status:
      code: 200
      message: OK
- request:
    body: null
    headers:
      Accept:
      - '*/*'
      Accept-Encoding:
      - gzip, deflate
      CommandName:
      - vm deallocate
      Connection:
      - keep-alive
      ParameterSetName:
      - -g -n
      User-Agent:
      - AZURECLI/2.16.0 azsdk-python-azure-mgmt-compute/18.0.0 Python/3.7.4 (Windows-10-10.0.19041-SP0)
    method: GET
    uri: https://management.azure.com/subscriptions/00000000-0000-0000-0000-000000000000/providers/Microsoft.Compute/locations/FranceCentral/operations/ceaeabd8-d058-43a5-9a6e-1fcfddf99044?api-version=2020-06-01
  response:
    body:
      string: "{\r\n  \"startTime\": \"2020-12-08T07:06:50.9569899+00:00\",\r\n  \"endTime\":
        \"2020-12-08T07:07:37.6606567+00:00\",\r\n  \"status\": \"Succeeded\",\r\n
        \ \"name\": \"ceaeabd8-d058-43a5-9a6e-1fcfddf99044\"\r\n}"
    headers:
      cache-control:
      - no-cache
      content-length:
      - '184'
      content-type:
      - application/json; charset=utf-8
      date:
      - Tue, 08 Dec 2020 07:08:07 GMT
      expires:
      - '-1'
      pragma:
      - no-cache
      server:
      - Microsoft-HTTPAPI/2.0
      - Microsoft-HTTPAPI/2.0
      strict-transport-security:
      - max-age=31536000; includeSubDomains
      transfer-encoding:
      - chunked
      vary:
      - Accept-Encoding
      x-content-type-options:
      - nosniff
      x-ms-ratelimit-remaining-resource:
      - Microsoft.Compute/GetOperation3Min;14991,Microsoft.Compute/GetOperation30Min;29991
    status:
      code: 200
      message: OK
- request:
    body: null
    headers:
      Accept:
      - '*/*'
      Accept-Encoding:
      - gzip, deflate
      CommandName:
      - vm deallocate
      Connection:
      - keep-alive
      ParameterSetName:
      - -g -n
      User-Agent:
      - AZURECLI/2.16.0 azsdk-python-azure-mgmt-compute/18.0.0 Python/3.7.4 (Windows-10-10.0.19041-SP0)
    method: GET
    uri: https://management.azure.com/subscriptions/00000000-0000-0000-0000-000000000000/providers/Microsoft.Compute/locations/FranceCentral/operations/ceaeabd8-d058-43a5-9a6e-1fcfddf99044?monitor=true&api-version=2020-06-01
  response:
    body:
      string: ''
    headers:
      cache-control:
      - no-cache
      content-length:
      - '0'
      date:
      - Tue, 08 Dec 2020 07:08:07 GMT
      expires:
      - '-1'
      pragma:
      - no-cache
      server:
      - Microsoft-HTTPAPI/2.0
      - Microsoft-HTTPAPI/2.0
      strict-transport-security:
      - max-age=31536000; includeSubDomains
      x-content-type-options:
      - nosniff
      x-ms-ratelimit-remaining-resource:
      - Microsoft.Compute/GetOperation3Min;14990,Microsoft.Compute/GetOperation30Min;29990
    status:
      code: 200
      message: OK
- request:
    body: null
    headers:
      Accept:
      - '*/*'
      Accept-Encoding:
      - gzip, deflate
      CommandName:
      - vm generalize
      Connection:
      - keep-alive
      Content-Length:
      - '0'
      ParameterSetName:
      - -g -n
      User-Agent:
      - AZURECLI/2.16.0 azsdk-python-azure-mgmt-compute/18.0.0 Python/3.7.4 (Windows-10-10.0.19041-SP0)
    method: POST
    uri: https://management.azure.com/subscriptions/00000000-0000-0000-0000-000000000000/resourceGroups/cli_test_generalize_vm000001/providers/Microsoft.Compute/virtualMachines/vm-generalize/generalize?api-version=2020-06-01
  response:
    body:
      string: ''
    headers:
      cache-control:
      - no-cache
      content-length:
      - '0'
      date:
      - Tue, 08 Dec 2020 07:08:08 GMT
      expires:
      - '-1'
      pragma:
      - no-cache
      server:
      - Microsoft-HTTPAPI/2.0
      - Microsoft-HTTPAPI/2.0
      strict-transport-security:
      - max-age=31536000; includeSubDomains
      x-content-type-options:
      - nosniff
      x-ms-ratelimit-remaining-resource:
      - Microsoft.Compute/UpdateVM3Min;239,Microsoft.Compute/UpdateVM30Min;1199
      x-ms-ratelimit-remaining-subscription-writes:
      - '1197'
    status:
      code: 200
      message: OK
- request:
    body: null
    headers:
      Accept:
      - application/json
      Accept-Encoding:
      - gzip, deflate
      CommandName:
      - vm show
      Connection:
      - keep-alive
      ParameterSetName:
      - -g -n
      User-Agent:
      - AZURECLI/2.16.0 azsdk-python-azure-mgmt-compute/18.0.0 Python/3.7.4 (Windows-10-10.0.19041-SP0)
    method: GET
    uri: https://management.azure.com/subscriptions/00000000-0000-0000-0000-000000000000/resourceGroups/cli_test_generalize_vm000001/providers/Microsoft.Compute/virtualMachines/vm-generalize?api-version=2020-06-01
  response:
    body:
      string: "{\r\n  \"name\": \"vm-generalize\",\r\n  \"id\": \"/subscriptions/00000000-0000-0000-0000-000000000000/resourceGroups/cli_test_generalize_vm000001/providers/Microsoft.Compute/virtualMachines/vm-generalize\",\r\n
        \ \"type\": \"Microsoft.Compute/virtualMachines\",\r\n  \"location\": \"francecentral\",\r\n
        \ \"tags\": {},\r\n  \"properties\": {\r\n    \"vmId\": \"d170d639-6124-4fd9-a560-2abaf0054c52\",\r\n
        \   \"hardwareProfile\": {\r\n      \"vmSize\": \"Standard_DS1_v2\"\r\n    },\r\n
        \   \"storageProfile\": {\r\n      \"imageReference\": {\r\n        \"publisher\":
        \"OpenLogic\",\r\n        \"offer\": \"CentOS\",\r\n        \"sku\": \"7.5\",\r\n
        \       \"version\": \"latest\",\r\n        \"exactVersion\": \"7.5.201808150\"\r\n
        \     },\r\n      \"osDisk\": {\r\n        \"osType\": \"Linux\",\r\n        \"name\":
        \"vm-generalize_OsDisk_1_0aff779d9a344e7e9bb6b868fb8853be\",\r\n        \"createOption\":
        \"FromImage\",\r\n        \"caching\": \"ReadWrite\",\r\n        \"managedDisk\":
        {\r\n          \"id\": \"/subscriptions/00000000-0000-0000-0000-000000000000/resourceGroups/cli_test_generalize_vm000001/providers/Microsoft.Compute/disks/vm-generalize_OsDisk_1_0aff779d9a344e7e9bb6b868fb8853be\"\r\n
        \       }\r\n      },\r\n      \"dataDisks\": []\r\n    },\r\n    \"osProfile\":
        {\r\n      \"computerName\": \"vm-generalize\",\r\n      \"adminUsername\":
        \"ubuntu\",\r\n      \"linuxConfiguration\": {\r\n        \"disablePasswordAuthentication\":
        false,\r\n        \"provisionVMAgent\": true,\r\n        \"patchSettings\":
        {\r\n          \"patchMode\": \"ImageDefault\"\r\n        }\r\n      },\r\n
        \     \"secrets\": [],\r\n      \"allowExtensionOperations\": true,\r\n      \"requireGuestProvisionSignal\":
        true\r\n    },\r\n    \"networkProfile\": {\"networkInterfaces\":[{\"id\":\"/subscriptions/00000000-0000-0000-0000-000000000000/resourceGroups/cli_test_generalize_vm000001/providers/Microsoft.Network/networkInterfaces/vm-generalizeVMNic\"}]},\r\n
        \   \"provisioningState\": \"Succeeded\"\r\n  }\r\n}"
    headers:
      cache-control:
      - no-cache
      content-length:
      - '1943'
      content-type:
      - application/json; charset=utf-8
      date:
      - Tue, 08 Dec 2020 07:08:09 GMT
      expires:
      - '-1'
      pragma:
      - no-cache
      server:
      - Microsoft-HTTPAPI/2.0
      - Microsoft-HTTPAPI/2.0
      strict-transport-security:
      - max-age=31536000; includeSubDomains
      transfer-encoding:
      - chunked
      vary:
      - Accept-Encoding
      x-content-type-options:
      - nosniff
      x-ms-ratelimit-remaining-resource:
      - Microsoft.Compute/LowCostGet3Min;3995,Microsoft.Compute/LowCostGet30Min;31995
    status:
      code: 200
      message: OK
- request:
    body: null
    headers:
      Accept:
      - application/json
      Accept-Encoding:
      - gzip, deflate
      CommandName:
      - image create
      Connection:
      - keep-alive
      ParameterSetName:
      - -g -n --source --zone-resilient -l
      User-Agent:
      - AZURECLI/2.16.0 azsdk-python-azure-mgmt-compute/18.0.0 Python/3.7.4 (Windows-10-10.0.19041-SP0)
    method: GET
    uri: https://management.azure.com/subscriptions/00000000-0000-0000-0000-000000000000/resourceGroups/cli_test_generalize_vm000001/providers/Microsoft.Compute/virtualMachines/vm-generalize?$expand=instanceView&api-version=2020-06-01
  response:
    body:
      string: "{\r\n  \"name\": \"vm-generalize\",\r\n  \"id\": \"/subscriptions/00000000-0000-0000-0000-000000000000/resourceGroups/cli_test_generalize_vm000001/providers/Microsoft.Compute/virtualMachines/vm-generalize\",\r\n
        \ \"type\": \"Microsoft.Compute/virtualMachines\",\r\n  \"location\": \"francecentral\",\r\n
        \ \"tags\": {},\r\n  \"properties\": {\r\n    \"vmId\": \"d170d639-6124-4fd9-a560-2abaf0054c52\",\r\n
        \   \"hardwareProfile\": {\r\n      \"vmSize\": \"Standard_DS1_v2\"\r\n    },\r\n
        \   \"storageProfile\": {\r\n      \"imageReference\": {\r\n        \"publisher\":
        \"OpenLogic\",\r\n        \"offer\": \"CentOS\",\r\n        \"sku\": \"7.5\",\r\n
        \       \"version\": \"latest\",\r\n        \"exactVersion\": \"7.5.201808150\"\r\n
        \     },\r\n      \"osDisk\": {\r\n        \"osType\": \"Linux\",\r\n        \"name\":
        \"vm-generalize_OsDisk_1_0aff779d9a344e7e9bb6b868fb8853be\",\r\n        \"createOption\":
        \"FromImage\",\r\n        \"caching\": \"ReadWrite\",\r\n        \"managedDisk\":
        {\r\n          \"id\": \"/subscriptions/00000000-0000-0000-0000-000000000000/resourceGroups/cli_test_generalize_vm000001/providers/Microsoft.Compute/disks/vm-generalize_OsDisk_1_0aff779d9a344e7e9bb6b868fb8853be\"\r\n
        \       }\r\n      },\r\n      \"dataDisks\": []\r\n    },\r\n    \"osProfile\":
        {\r\n      \"computerName\": \"vm-generalize\",\r\n      \"adminUsername\":
        \"ubuntu\",\r\n      \"linuxConfiguration\": {\r\n        \"disablePasswordAuthentication\":
        false,\r\n        \"provisionVMAgent\": true,\r\n        \"patchSettings\":
        {\r\n          \"patchMode\": \"ImageDefault\"\r\n        }\r\n      },\r\n
        \     \"secrets\": [],\r\n      \"allowExtensionOperations\": true,\r\n      \"requireGuestProvisionSignal\":
        true\r\n    },\r\n    \"networkProfile\": {\"networkInterfaces\":[{\"id\":\"/subscriptions/00000000-0000-0000-0000-000000000000/resourceGroups/cli_test_generalize_vm000001/providers/Microsoft.Network/networkInterfaces/vm-generalizeVMNic\"}]},\r\n
        \   \"provisioningState\": \"Succeeded\",\r\n    \"instanceView\": {\r\n      \"disks\":
        [\r\n        {\r\n          \"name\": \"vm-generalize_OsDisk_1_0aff779d9a344e7e9bb6b868fb8853be\",\r\n
        \         \"statuses\": [\r\n            {\r\n              \"code\": \"ProvisioningState/succeeded\",\r\n
        \             \"level\": \"Info\",\r\n              \"displayStatus\": \"Provisioning
        succeeded\",\r\n              \"time\": \"2020-12-08T07:07:35.4888037+00:00\"\r\n
        \           }\r\n          ]\r\n        }\r\n      ],\r\n      \"hyperVGeneration\":
        \"V1\",\r\n      \"statuses\": [\r\n        {\r\n          \"code\": \"OSState/generalized\",\r\n
        \         \"level\": \"Info\",\r\n          \"displayStatus\": \"VM generalized\"\r\n
        \       },\r\n        {\r\n          \"code\": \"ProvisioningState/succeeded\",\r\n
        \         \"level\": \"Info\",\r\n          \"displayStatus\": \"Provisioning
        succeeded\",\r\n          \"time\": \"2020-12-08T07:07:35.5043843+00:00\"\r\n
        \       },\r\n        {\r\n          \"code\": \"PowerState/deallocated\",\r\n
        \         \"level\": \"Info\",\r\n          \"displayStatus\": \"VM deallocated\"\r\n
        \       }\r\n      ]\r\n    }\r\n  }\r\n}"
    headers:
      cache-control:
      - no-cache
      content-length:
      - '2924'
      content-type:
      - application/json; charset=utf-8
      date:
      - Tue, 08 Dec 2020 07:08:10 GMT
      expires:
      - '-1'
      pragma:
      - no-cache
      server:
      - Microsoft-HTTPAPI/2.0
      - Microsoft-HTTPAPI/2.0
      strict-transport-security:
      - max-age=31536000; includeSubDomains
      transfer-encoding:
      - chunked
      vary:
      - Accept-Encoding
      x-content-type-options:
      - nosniff
      x-ms-ratelimit-remaining-resource:
      - Microsoft.Compute/LowCostGet3Min;3994,Microsoft.Compute/LowCostGet30Min;31994
    status:
      code: 200
      message: OK
- request:
    body: '{"location": "francecentral", "tags": {}, "properties": {"sourceVirtualMachine":
      {"id": "/subscriptions/00000000-0000-0000-0000-000000000000/resourceGroups/cli_test_generalize_vm000001/providers/Microsoft.Compute/virtualMachines/vm-generalize"},
      "storageProfile": {"zoneResilient": true}, "hyperVGeneration": "V1"}}'
    headers:
      Accept:
      - application/json
      Accept-Encoding:
      - gzip, deflate
      CommandName:
      - image create
      Connection:
      - keep-alive
      Content-Length:
      - '362'
      Content-Type:
      - application/json
      ParameterSetName:
      - -g -n --source --zone-resilient -l
      User-Agent:
      - AZURECLI/2.16.0 azsdk-python-azure-mgmt-compute/18.0.0 Python/3.7.4 (Windows-10-10.0.19041-SP0)
    method: PUT
    uri: https://management.azure.com/subscriptions/00000000-0000-0000-0000-000000000000/resourceGroups/cli_test_generalize_vm000001/providers/Microsoft.Compute/images/myImage2?api-version=2020-06-01
  response:
    body:
      string: "{\r\n  \"name\": \"myImage2\",\r\n  \"id\": \"/subscriptions/00000000-0000-0000-0000-000000000000/resourceGroups/cli_test_generalize_vm000001/providers/Microsoft.Compute/images/myImage2\",\r\n
        \ \"type\": \"Microsoft.Compute/images\",\r\n  \"location\": \"francecentral\",\r\n
        \ \"tags\": {},\r\n  \"properties\": {\r\n    \"sourceVirtualMachine\": {\r\n
        \     \"id\": \"/subscriptions/00000000-0000-0000-0000-000000000000/resourceGroups/cli_test_generalize_vm000001/providers/Microsoft.Compute/virtualMachines/vm-generalize\"\r\n
        \   },\r\n    \"storageProfile\": {\r\n      \"osDisk\": {\r\n        \"osType\":
        \"Linux\",\r\n        \"osState\": \"Generalized\",\r\n        \"managedDisk\":
        {\r\n          \"id\": \"/subscriptions/00000000-0000-0000-0000-000000000000/resourceGroups/cli_test_generalize_vm000001/providers/Microsoft.Compute/disks/vm-generalize_OsDisk_1_0aff779d9a344e7e9bb6b868fb8853be\"\r\n
        \       },\r\n        \"caching\": \"ReadWrite\",\r\n        \"storageAccountType\":
        \"Premium_LRS\"\r\n      },\r\n      \"dataDisks\": [],\r\n      \"zoneResilient\":
        true\r\n    },\r\n    \"provisioningState\": \"Creating\",\r\n    \"hyperVGeneration\":
        \"V1\"\r\n  }\r\n}"
    headers:
      azure-asyncnotification:
      - Enabled
      azure-asyncoperation:
      - https://management.azure.com/subscriptions/00000000-0000-0000-0000-000000000000/providers/Microsoft.Compute/locations/FranceCentral/operations/463dbd6b-696c-497c-a720-816c3d0ca1f7?api-version=2020-06-01
      cache-control:
      - no-cache
      content-length:
      - '1205'
      content-type:
      - application/json; charset=utf-8
      date:
      - Tue, 08 Dec 2020 07:08:17 GMT
      expires:
      - '-1'
      pragma:
      - no-cache
      server:
      - Microsoft-HTTPAPI/2.0
      - Microsoft-HTTPAPI/2.0
      strict-transport-security:
      - max-age=31536000; includeSubDomains
      x-content-type-options:
      - nosniff
      x-ms-ratelimit-remaining-resource:
      - Microsoft.Compute/CreateImages3Min;39,Microsoft.Compute/CreateImages30Min;199
      x-ms-ratelimit-remaining-subscription-writes:
      - '1199'
    status:
      code: 201
      message: Created
- request:
    body: null
    headers:
      Accept:
      - '*/*'
      Accept-Encoding:
      - gzip, deflate
      CommandName:
      - image create
      Connection:
      - keep-alive
      ParameterSetName:
      - -g -n --source --zone-resilient -l
      User-Agent:
      - AZURECLI/2.16.0 azsdk-python-azure-mgmt-compute/18.0.0 Python/3.7.4 (Windows-10-10.0.19041-SP0)
    method: GET
    uri: https://management.azure.com/subscriptions/00000000-0000-0000-0000-000000000000/providers/Microsoft.Compute/locations/FranceCentral/operations/463dbd6b-696c-497c-a720-816c3d0ca1f7?api-version=2020-06-01
  response:
    body:
      string: "{\r\n  \"startTime\": \"2020-12-08T07:08:15.9423012+00:00\",\r\n  \"endTime\":
        \"2020-12-08T07:08:21.0986225+00:00\",\r\n  \"status\": \"Succeeded\",\r\n
        \ \"name\": \"463dbd6b-696c-497c-a720-816c3d0ca1f7\"\r\n}"
    headers:
      cache-control:
      - no-cache
      content-length:
      - '184'
      content-type:
      - application/json; charset=utf-8
      date:
      - Tue, 08 Dec 2020 07:08:47 GMT
      expires:
      - '-1'
      pragma:
      - no-cache
      server:
      - Microsoft-HTTPAPI/2.0
      - Microsoft-HTTPAPI/2.0
      strict-transport-security:
      - max-age=31536000; includeSubDomains
      transfer-encoding:
      - chunked
      vary:
      - Accept-Encoding
      x-content-type-options:
      - nosniff
      x-ms-ratelimit-remaining-resource:
      - Microsoft.Compute/GetOperation3Min;14988,Microsoft.Compute/GetOperation30Min;29988
    status:
      code: 200
      message: OK
- request:
    body: null
    headers:
      Accept:
      - '*/*'
      Accept-Encoding:
      - gzip, deflate
      CommandName:
      - image create
      Connection:
      - keep-alive
      ParameterSetName:
      - -g -n --source --zone-resilient -l
      User-Agent:
      - AZURECLI/2.16.0 azsdk-python-azure-mgmt-compute/18.0.0 Python/3.7.4 (Windows-10-10.0.19041-SP0)
    method: GET
    uri: https://management.azure.com/subscriptions/00000000-0000-0000-0000-000000000000/resourceGroups/cli_test_generalize_vm000001/providers/Microsoft.Compute/images/myImage2?api-version=2020-06-01
  response:
    body:
      string: "{\r\n  \"name\": \"myImage2\",\r\n  \"id\": \"/subscriptions/00000000-0000-0000-0000-000000000000/resourceGroups/cli_test_generalize_vm000001/providers/Microsoft.Compute/images/myImage2\",\r\n
        \ \"type\": \"Microsoft.Compute/images\",\r\n  \"location\": \"francecentral\",\r\n
        \ \"tags\": {},\r\n  \"properties\": {\r\n    \"sourceVirtualMachine\": {\r\n
        \     \"id\": \"/subscriptions/00000000-0000-0000-0000-000000000000/resourceGroups/cli_test_generalize_vm000001/providers/Microsoft.Compute/virtualMachines/vm-generalize\"\r\n
        \   },\r\n    \"storageProfile\": {\r\n      \"osDisk\": {\r\n        \"osType\":
        \"Linux\",\r\n        \"osState\": \"Generalized\",\r\n        \"diskSizeGB\":
        30,\r\n        \"managedDisk\": {\r\n          \"id\": \"/subscriptions/00000000-0000-0000-0000-000000000000/resourceGroups/cli_test_generalize_vm000001/providers/Microsoft.Compute/disks/vm-generalize_OsDisk_1_0aff779d9a344e7e9bb6b868fb8853be\"\r\n
        \       },\r\n        \"caching\": \"ReadWrite\",\r\n        \"storageAccountType\":
        \"Premium_LRS\"\r\n      },\r\n      \"dataDisks\": [],\r\n      \"zoneResilient\":
        true\r\n    },\r\n    \"provisioningState\": \"Succeeded\",\r\n    \"hyperVGeneration\":
        \"V1\"\r\n  }\r\n}"
    headers:
      cache-control:
      - no-cache
      content-length:
      - '1233'
      content-type:
      - application/json; charset=utf-8
      date:
      - Tue, 08 Dec 2020 07:08:47 GMT
      expires:
      - '-1'
      pragma:
      - no-cache
      server:
      - Microsoft-HTTPAPI/2.0
      - Microsoft-HTTPAPI/2.0
      strict-transport-security:
      - max-age=31536000; includeSubDomains
      transfer-encoding:
      - chunked
      vary:
      - Accept-Encoding
      x-content-type-options:
      - nosniff
      x-ms-ratelimit-remaining-resource:
      - Microsoft.Compute/GetImages3Min;358,Microsoft.Compute/GetImages30Min;1798
    status:
      code: 200
      message: OK
version: 1
