interactions:
- request:
    body: null
    headers:
      Accept:
      - application/json
      Accept-Encoding:
      - gzip, deflate
      CommandName:
      - vm create
      Connection:
      - keep-alive
      ParameterSetName:
      - --resource-group --name --admin-username --admin-password --authentication-type
        --location --image --priority --nsg-rule
      User-Agent:
      - AZURECLI/2.51.0 azsdk-python-azure-mgmt-compute/30.0.0 Python/3.9.13 (Windows-10-10.0.22621-SP0)
    method: GET
    uri: https://management.azure.com/subscriptions/00000000-0000-0000-0000-000000000000/providers/Microsoft.Compute/locations/eastus/publishers/OpenLogic/artifacttypes/vmimage/offers/CentOS/skus/7.5/versions?$top=1&$orderby=name%20desc&api-version=2020-06-01
  response:
    body:
      string: "[\r\n  {\r\n    \"location\": \"eastus\",\r\n    \"name\": \"7.5.201808150\",\r\n
        \   \"id\": \"/Subscriptions/00000000-0000-0000-0000-000000000000/Providers/Microsoft.Compute/Locations/eastus/Publishers/OpenLogic/ArtifactTypes/VMImage/Offers/CentOS/Skus/7.5/Versions/7.5.201808150\"\r\n
        \ }\r\n]"
    headers:
      cache-control:
      - no-cache
      content-length:
      - '270'
      content-type:
      - application/json; charset=utf-8
      date:
      - Thu, 03 Aug 2023 05:25:15 GMT
      expires:
      - '-1'
      pragma:
      - no-cache
      server:
      - Microsoft-HTTPAPI/2.0
      - Microsoft-HTTPAPI/2.0
      strict-transport-security:
      - max-age=31536000; includeSubDomains
      transfer-encoding:
      - chunked
      vary:
      - Accept-Encoding
      x-content-type-options:
      - nosniff
      x-ms-ratelimit-remaining-resource:
      - Microsoft.Compute/ListVMImagesVersionsFromLocation3Min;15999,Microsoft.Compute/ListVMImagesVersionsFromLocation30Min;43999
    status:
      code: 200
      message: OK
- request:
    body: null
    headers:
      Accept:
      - application/json
      Accept-Encoding:
      - gzip, deflate
      CommandName:
      - vm create
      Connection:
      - keep-alive
      ParameterSetName:
      - --resource-group --name --admin-username --admin-password --authentication-type
        --location --image --priority --nsg-rule
      User-Agent:
      - AZURECLI/2.51.0 azsdk-python-azure-mgmt-compute/30.0.0 Python/3.9.13 (Windows-10-10.0.22621-SP0)
    method: GET
    uri: https://management.azure.com/subscriptions/00000000-0000-0000-0000-000000000000/providers/Microsoft.Compute/locations/eastus/publishers/OpenLogic/artifacttypes/vmimage/offers/CentOS/skus/7.5/versions/7.5.201808150?api-version=2020-06-01
  response:
    body:
      string: "{\r\n  \"properties\": {\r\n    \"hyperVGeneration\": \"V1\",\r\n    \"architecture\":
        \"x64\",\r\n    \"replicaType\": \"Unmanaged\",\r\n    \"disallowed\": {\r\n
        \     \"vmDiskType\": \"None\"\r\n    },\r\n    \"automaticOSUpgradeProperties\":
        {\r\n      \"automaticOSUpgradeSupported\": true\r\n    },\r\n    \"imageDeprecationStatus\":
        {\r\n      \"imageState\": \"Active\"\r\n    },\r\n    \"osDiskImage\": {\r\n
        \     \"operatingSystem\": \"Linux\",\r\n      \"sizeInGb\": 30,\r\n      \"sizeInBytes\":
        32212255232\r\n    },\r\n    \"dataDiskImages\": []\r\n  },\r\n  \"location\":
        \"eastus\",\r\n  \"name\": \"7.5.201808150\",\r\n  \"id\": \"/Subscriptions/00000000-0000-0000-0000-000000000000/Providers/Microsoft.Compute/Locations/eastus/Publishers/OpenLogic/ArtifactTypes/VMImage/Offers/CentOS/Skus/7.5/Versions/7.5.201808150\"\r\n}"
    headers:
      cache-control:
      - no-cache
      content-length:
      - '737'
      content-type:
      - application/json; charset=utf-8
      date:
      - Thu, 03 Aug 2023 05:25:16 GMT
      expires:
      - '-1'
      pragma:
      - no-cache
      server:
      - Microsoft-HTTPAPI/2.0
      - Microsoft-HTTPAPI/2.0
      strict-transport-security:
      - max-age=31536000; includeSubDomains
      transfer-encoding:
      - chunked
      vary:
      - Accept-Encoding
      x-content-type-options:
      - nosniff
      x-ms-ratelimit-remaining-resource:
      - Microsoft.Compute/GetVMImageFromLocation3Min;12999,Microsoft.Compute/GetVMImageFromLocation30Min;73999
    status:
      code: 200
      message: OK
- request:
    body: null
    headers:
      Accept:
      - application/json
      Accept-Encoding:
      - gzip, deflate
      CommandName:
      - vm create
      Connection:
      - keep-alive
      ParameterSetName:
      - --resource-group --name --admin-username --admin-password --authentication-type
        --location --image --priority --nsg-rule
      User-Agent:
      - AZURECLI/2.51.0 (AAZ) azsdk-python-core/1.28.0 Python/3.9.13 (Windows-10-10.0.22621-SP0)
    method: GET
    uri: https://management.azure.com/subscriptions/00000000-0000-0000-0000-000000000000/resourceGroups/cli_test_vm_simulate_eviction000001/providers/Microsoft.Network/virtualNetworks?api-version=2018-11-01
  response:
    body:
      string: '{"value":[]}'
    headers:
      cache-control:
      - no-cache
      content-length:
      - '12'
      content-type:
      - application/json; charset=utf-8
      date:
      - Thu, 03 Aug 2023 05:25:17 GMT
      expires:
      - '-1'
      pragma:
      - no-cache
      strict-transport-security:
      - max-age=31536000; includeSubDomains
      vary:
      - Accept-Encoding
      x-content-type-options:
      - nosniff
    status:
      code: 200
      message: OK
- request:
    body: '{"properties": {"template": {"$schema": "https://schema.management.azure.com/schemas/2015-01-01/deploymentTemplate.json#",
      "contentVersion": "1.0.0.0", "parameters": {"adminPassword": {"type": "securestring",
      "metadata": {"description": "Secure adminPassword"}}}, "variables": {}, "resources":
      [{"name": "vm-simualte-eviction1VNET", "type": "Microsoft.Network/virtualNetworks",
      "location": "eastus", "apiVersion": "2015-06-15", "dependsOn": [], "tags": {},
      "properties": {"addressSpace": {"addressPrefixes": ["10.0.0.0/16"]}, "subnets":
      [{"name": "vm-simualte-eviction1Subnet", "properties": {"addressPrefix": "10.0.0.0/24"}}]}},
      {"type": "Microsoft.Network/networkSecurityGroups", "name": "vm-simualte-eviction1NSG",
      "apiVersion": "2015-06-15", "location": "eastus", "tags": {}, "dependsOn": []},
      {"apiVersion": "2018-11-01", "type": "Microsoft.Network/publicIPAddresses",
      "name": "vm-simualte-eviction1PublicIP", "location": "eastus", "tags": {}, "dependsOn":
      [], "properties": {"publicIPAllocationMethod": null}}, {"apiVersion": "2015-06-15",
      "type": "Microsoft.Network/networkInterfaces", "name": "vm-simualte-eviction1VMNic",
      "location": "eastus", "tags": {}, "dependsOn": ["Microsoft.Network/virtualNetworks/vm-simualte-eviction1VNET",
      "Microsoft.Network/networkSecurityGroups/vm-simualte-eviction1NSG", "Microsoft.Network/publicIpAddresses/vm-simualte-eviction1PublicIP"],
      "properties": {"ipConfigurations": [{"name": "ipconfigvm-simualte-eviction1",
      "properties": {"privateIPAllocationMethod": "Dynamic", "subnet": {"id": "/subscriptions/00000000-0000-0000-0000-000000000000/resourceGroups/cli_test_vm_simulate_eviction000001/providers/Microsoft.Network/virtualNetworks/vm-simualte-eviction1VNET/subnets/vm-simualte-eviction1Subnet"},
      "publicIPAddress": {"id": "/subscriptions/00000000-0000-0000-0000-000000000000/resourceGroups/cli_test_vm_simulate_eviction000001/providers/Microsoft.Network/publicIPAddresses/vm-simualte-eviction1PublicIP"}}}],
      "networkSecurityGroup": {"id": "/subscriptions/00000000-0000-0000-0000-000000000000/resourceGroups/cli_test_vm_simulate_eviction000001/providers/Microsoft.Network/networkSecurityGroups/vm-simualte-eviction1NSG"}}},
      {"apiVersion": "2020-06-01", "type": "Microsoft.Compute/virtualMachines", "name":
      "vm-simualte-eviction1", "location": "eastus", "tags": {}, "dependsOn": ["Microsoft.Network/networkInterfaces/vm-simualte-eviction1VMNic"],
      "properties": {"hardwareProfile": {"vmSize": "Standard_DS1_v2"}, "networkProfile":
      {"networkInterfaces": [{"id": "/subscriptions/00000000-0000-0000-0000-000000000000/resourceGroups/cli_test_vm_simulate_eviction000001/providers/Microsoft.Network/networkInterfaces/vm-simualte-eviction1VMNic",
      "properties": {"deleteOption": null}}]}, "storageProfile": {"osDisk": {"createOption":
      "fromImage", "name": null, "caching": "ReadWrite", "managedDisk": {"storageAccountType":
      null}}, "imageReference": {"publisher": "OpenLogic", "offer": "CentOS", "sku":
      "7.5", "version": "latest"}}, "osProfile": {"computerName": "vm-simualte-eviction1",
      "adminUsername": "azureuser", "adminPassword": "[parameters(''adminPassword'')]"},
      "priority": "Regular"}}], "outputs": {}}, "parameters": {"adminPassword": {"value":
      "testPassword0"}}, "mode": "incremental"}}'
    headers:
      Accept:
      - application/json
      Accept-Encoding:
      - gzip, deflate
      CommandName:
      - vm create
      Connection:
      - keep-alive
      Content-Length:
      - '3231'
      Content-Type:
      - application/json
      ParameterSetName:
      - --resource-group --name --admin-username --admin-password --authentication-type
        --location --image --priority --nsg-rule
      User-Agent:
      - AZURECLI/2.51.0 azsdk-python-azure-mgmt-resource/23.1.0b2 Python/3.9.13 (Windows-10-10.0.22621-SP0)
    method: PUT
    uri: https://management.azure.com/subscriptions/00000000-0000-0000-0000-000000000000/resourcegroups/cli_test_vm_simulate_eviction000001/providers/Microsoft.Resources/deployments/mock-deployment?api-version=2019-10-01
  response:
    body:
      string: '{"id":"/subscriptions/00000000-0000-0000-0000-000000000000/resourceGroups/cli_test_vm_simulate_eviction000001/providers/Microsoft.Resources/deployments/vm_deploy_HRHgsr81VuoPd5o2Xp48YDRnrkyCDbk8","name":"vm_deploy_HRHgsr81VuoPd5o2Xp48YDRnrkyCDbk8","type":"Microsoft.Resources/deployments","properties":{"templateHash":"6336671746591189210","parameters":{"adminPassword":{"type":"SecureString"}},"mode":"Incremental","provisioningState":"Accepted","timestamp":"2023-08-03T05:25:26.1361968Z","duration":"PT0.0002151S","correlationId":"ba3a28af-346d-44ab-b297-cfa615e54a52","providers":[{"namespace":"Microsoft.Network","resourceTypes":[{"resourceType":"virtualNetworks","locations":["eastus"]},{"resourceType":"networkSecurityGroups","locations":["eastus"]},{"resourceType":"publicIPAddresses","locations":["eastus"]},{"resourceType":"networkInterfaces","locations":["eastus"]}]},{"namespace":"Microsoft.Compute","resourceTypes":[{"resourceType":"virtualMachines","locations":["eastus"]}]}],"dependencies":[{"dependsOn":[{"id":"/subscriptions/00000000-0000-0000-0000-000000000000/resourceGroups/cli_test_vm_simulate_eviction000001/providers/Microsoft.Network/virtualNetworks/vm-simualte-eviction1VNET","resourceType":"Microsoft.Network/virtualNetworks","resourceName":"vm-simualte-eviction1VNET"},{"id":"/subscriptions/00000000-0000-0000-0000-000000000000/resourceGroups/cli_test_vm_simulate_eviction000001/providers/Microsoft.Network/networkSecurityGroups/vm-simualte-eviction1NSG","resourceType":"Microsoft.Network/networkSecurityGroups","resourceName":"vm-simualte-eviction1NSG"},{"id":"/subscriptions/00000000-0000-0000-0000-000000000000/resourceGroups/cli_test_vm_simulate_eviction000001/providers/Microsoft.Network/publicIPAddresses/vm-simualte-eviction1PublicIP","resourceType":"Microsoft.Network/publicIPAddresses","resourceName":"vm-simualte-eviction1PublicIP"}],"id":"/subscriptions/00000000-0000-0000-0000-000000000000/resourceGroups/cli_test_vm_simulate_eviction000001/providers/Microsoft.Network/networkInterfaces/vm-simualte-eviction1VMNic","resourceType":"Microsoft.Network/networkInterfaces","resourceName":"vm-simualte-eviction1VMNic"},{"dependsOn":[{"id":"/subscriptions/00000000-0000-0000-0000-000000000000/resourceGroups/cli_test_vm_simulate_eviction000001/providers/Microsoft.Network/networkInterfaces/vm-simualte-eviction1VMNic","resourceType":"Microsoft.Network/networkInterfaces","resourceName":"vm-simualte-eviction1VMNic"}],"id":"/subscriptions/00000000-0000-0000-0000-000000000000/resourceGroups/cli_test_vm_simulate_eviction000001/providers/Microsoft.Compute/virtualMachines/vm-simualte-eviction1","resourceType":"Microsoft.Compute/virtualMachines","resourceName":"vm-simualte-eviction1"}]}}'
    headers:
      azure-asyncoperation:
      - https://management.azure.com/subscriptions/00000000-0000-0000-0000-000000000000/resourcegroups/cli_test_vm_simulate_eviction000001/providers/Microsoft.Resources/deployments/vm_deploy_HRHgsr81VuoPd5o2Xp48YDRnrkyCDbk8/operationStatuses/08585105665621331841?api-version=2019-10-01
      cache-control:
      - no-cache
      content-length:
      - '2717'
      content-type:
      - application/json; charset=utf-8
      date:
      - Thu, 03 Aug 2023 05:25:27 GMT
      expires:
      - '-1'
      pragma:
      - no-cache
      strict-transport-security:
      - max-age=31536000; includeSubDomains
      x-content-type-options:
      - nosniff
      x-ms-ratelimit-remaining-subscription-writes:
      - '1199'
    status:
      code: 201
      message: Created
- request:
    body: null
    headers:
      Accept:
      - '*/*'
      Accept-Encoding:
      - gzip, deflate
      CommandName:
      - vm create
      Connection:
      - keep-alive
      ParameterSetName:
      - --resource-group --name --admin-username --admin-password --authentication-type
        --location --image --priority --nsg-rule
      User-Agent:
      - AZURECLI/2.51.0 azsdk-python-azure-mgmt-resource/23.1.0b2 Python/3.9.13 (Windows-10-10.0.22621-SP0)
    method: GET
    uri: https://management.azure.com/subscriptions/00000000-0000-0000-0000-000000000000/resourcegroups/cli_test_vm_simulate_eviction000001/providers/Microsoft.Resources/deployments/mock-deployment/operationStatuses/08585105665621331841?api-version=2019-10-01
  response:
    body:
      string: '{"status":"Running"}'
    headers:
      cache-control:
      - no-cache
      content-length:
      - '20'
      content-type:
      - application/json; charset=utf-8
      date:
      - Thu, 03 Aug 2023 05:25:28 GMT
      expires:
      - '-1'
      pragma:
      - no-cache
      strict-transport-security:
      - max-age=31536000; includeSubDomains
      vary:
      - Accept-Encoding
      x-content-type-options:
      - nosniff
    status:
      code: 200
      message: OK
- request:
    body: null
    headers:
      Accept:
      - '*/*'
      Accept-Encoding:
      - gzip, deflate
      CommandName:
      - vm create
      Connection:
      - keep-alive
      ParameterSetName:
      - --resource-group --name --admin-username --admin-password --authentication-type
        --location --image --priority --nsg-rule
      User-Agent:
      - AZURECLI/2.51.0 azsdk-python-azure-mgmt-resource/23.1.0b2 Python/3.9.13 (Windows-10-10.0.22621-SP0)
    method: GET
    uri: https://management.azure.com/subscriptions/00000000-0000-0000-0000-000000000000/resourcegroups/cli_test_vm_simulate_eviction000001/providers/Microsoft.Resources/deployments/mock-deployment/operationStatuses/08585105665621331841?api-version=2019-10-01
  response:
    body:
      string: '{"status":"Running"}'
    headers:
      cache-control:
      - no-cache
      content-length:
      - '20'
      content-type:
      - application/json; charset=utf-8
      date:
      - Thu, 03 Aug 2023 05:25:59 GMT
      expires:
      - '-1'
      pragma:
      - no-cache
      strict-transport-security:
      - max-age=31536000; includeSubDomains
      vary:
      - Accept-Encoding
      x-content-type-options:
      - nosniff
    status:
      code: 200
      message: OK
- request:
    body: null
    headers:
      Accept:
      - '*/*'
      Accept-Encoding:
      - gzip, deflate
      CommandName:
      - vm create
      Connection:
      - keep-alive
      ParameterSetName:
      - --resource-group --name --admin-username --admin-password --authentication-type
        --location --image --priority --nsg-rule
      User-Agent:
      - AZURECLI/2.51.0 azsdk-python-azure-mgmt-resource/23.1.0b2 Python/3.9.13 (Windows-10-10.0.22621-SP0)
    method: GET
    uri: https://management.azure.com/subscriptions/00000000-0000-0000-0000-000000000000/resourcegroups/cli_test_vm_simulate_eviction000001/providers/Microsoft.Resources/deployments/mock-deployment/operationStatuses/08585105665621331841?api-version=2019-10-01
  response:
    body:
      string: '{"status":"Running"}'
    headers:
      cache-control:
      - no-cache
      content-length:
      - '20'
      content-type:
      - application/json; charset=utf-8
      date:
      - Thu, 03 Aug 2023 05:26:31 GMT
      expires:
      - '-1'
      pragma:
      - no-cache
      strict-transport-security:
      - max-age=31536000; includeSubDomains
      vary:
      - Accept-Encoding
      x-content-type-options:
      - nosniff
    status:
      code: 200
      message: OK
- request:
    body: null
    headers:
      Accept:
      - '*/*'
      Accept-Encoding:
      - gzip, deflate
      CommandName:
      - vm create
      Connection:
      - keep-alive
      ParameterSetName:
      - --resource-group --name --admin-username --admin-password --authentication-type
        --location --image --priority --nsg-rule
      User-Agent:
      - AZURECLI/2.51.0 azsdk-python-azure-mgmt-resource/23.1.0b2 Python/3.9.13 (Windows-10-10.0.22621-SP0)
    method: GET
    uri: https://management.azure.com/subscriptions/00000000-0000-0000-0000-000000000000/resourcegroups/cli_test_vm_simulate_eviction000001/providers/Microsoft.Resources/deployments/mock-deployment/operationStatuses/08585105665621331841?api-version=2019-10-01
  response:
    body:
      string: '{"status":"Succeeded"}'
    headers:
      cache-control:
      - no-cache
      content-length:
      - '22'
      content-type:
      - application/json; charset=utf-8
      date:
      - Thu, 03 Aug 2023 05:27:01 GMT
      expires:
      - '-1'
      pragma:
      - no-cache
      strict-transport-security:
      - max-age=31536000; includeSubDomains
      vary:
      - Accept-Encoding
      x-content-type-options:
      - nosniff
    status:
      code: 200
      message: OK
- request:
    body: null
    headers:
      Accept:
      - '*/*'
      Accept-Encoding:
      - gzip, deflate
      CommandName:
      - vm create
      Connection:
      - keep-alive
      ParameterSetName:
      - --resource-group --name --admin-username --admin-password --authentication-type
        --location --image --priority --nsg-rule
      User-Agent:
      - AZURECLI/2.51.0 azsdk-python-azure-mgmt-resource/23.1.0b2 Python/3.9.13 (Windows-10-10.0.22621-SP0)
    method: GET
    uri: https://management.azure.com/subscriptions/00000000-0000-0000-0000-000000000000/resourcegroups/cli_test_vm_simulate_eviction000001/providers/Microsoft.Resources/deployments/mock-deployment?api-version=2019-10-01
  response:
    body:
      string: '{"id":"/subscriptions/00000000-0000-0000-0000-000000000000/resourceGroups/cli_test_vm_simulate_eviction000001/providers/Microsoft.Resources/deployments/vm_deploy_HRHgsr81VuoPd5o2Xp48YDRnrkyCDbk8","name":"vm_deploy_HRHgsr81VuoPd5o2Xp48YDRnrkyCDbk8","type":"Microsoft.Resources/deployments","properties":{"templateHash":"6336671746591189210","parameters":{"adminPassword":{"type":"SecureString"}},"mode":"Incremental","provisioningState":"Succeeded","timestamp":"2023-08-03T05:26:56.2650921Z","duration":"PT1M30.1291104S","correlationId":"ba3a28af-346d-44ab-b297-cfa615e54a52","providers":[{"namespace":"Microsoft.Network","resourceTypes":[{"resourceType":"virtualNetworks","locations":["eastus"]},{"resourceType":"networkSecurityGroups","locations":["eastus"]},{"resourceType":"publicIPAddresses","locations":["eastus"]},{"resourceType":"networkInterfaces","locations":["eastus"]}]},{"namespace":"Microsoft.Compute","resourceTypes":[{"resourceType":"virtualMachines","locations":["eastus"]}]}],"dependencies":[{"dependsOn":[{"id":"/subscriptions/00000000-0000-0000-0000-000000000000/resourceGroups/cli_test_vm_simulate_eviction000001/providers/Microsoft.Network/virtualNetworks/vm-simualte-eviction1VNET","resourceType":"Microsoft.Network/virtualNetworks","resourceName":"vm-simualte-eviction1VNET"},{"id":"/subscriptions/00000000-0000-0000-0000-000000000000/resourceGroups/cli_test_vm_simulate_eviction000001/providers/Microsoft.Network/networkSecurityGroups/vm-simualte-eviction1NSG","resourceType":"Microsoft.Network/networkSecurityGroups","resourceName":"vm-simualte-eviction1NSG"},{"id":"/subscriptions/00000000-0000-0000-0000-000000000000/resourceGroups/cli_test_vm_simulate_eviction000001/providers/Microsoft.Network/publicIPAddresses/vm-simualte-eviction1PublicIP","resourceType":"Microsoft.Network/publicIPAddresses","resourceName":"vm-simualte-eviction1PublicIP"}],"id":"/subscriptions/00000000-0000-0000-0000-000000000000/resourceGroups/cli_test_vm_simulate_eviction000001/providers/Microsoft.Network/networkInterfaces/vm-simualte-eviction1VMNic","resourceType":"Microsoft.Network/networkInterfaces","resourceName":"vm-simualte-eviction1VMNic"},{"dependsOn":[{"id":"/subscriptions/00000000-0000-0000-0000-000000000000/resourceGroups/cli_test_vm_simulate_eviction000001/providers/Microsoft.Network/networkInterfaces/vm-simualte-eviction1VMNic","resourceType":"Microsoft.Network/networkInterfaces","resourceName":"vm-simualte-eviction1VMNic"}],"id":"/subscriptions/00000000-0000-0000-0000-000000000000/resourceGroups/cli_test_vm_simulate_eviction000001/providers/Microsoft.Compute/virtualMachines/vm-simualte-eviction1","resourceType":"Microsoft.Compute/virtualMachines","resourceName":"vm-simualte-eviction1"}],"outputs":{},"outputResources":[{"id":"/subscriptions/00000000-0000-0000-0000-000000000000/resourceGroups/cli_test_vm_simulate_eviction000001/providers/Microsoft.Compute/virtualMachines/vm-simualte-eviction1"},{"id":"/subscriptions/00000000-0000-0000-0000-000000000000/resourceGroups/cli_test_vm_simulate_eviction000001/providers/Microsoft.Network/networkInterfaces/vm-simualte-eviction1VMNic"},{"id":"/subscriptions/00000000-0000-0000-0000-000000000000/resourceGroups/cli_test_vm_simulate_eviction000001/providers/Microsoft.Network/networkSecurityGroups/vm-simualte-eviction1NSG"},{"id":"/subscriptions/00000000-0000-0000-0000-000000000000/resourceGroups/cli_test_vm_simulate_eviction000001/providers/Microsoft.Network/publicIPAddresses/vm-simualte-eviction1PublicIP"},{"id":"/subscriptions/00000000-0000-0000-0000-000000000000/resourceGroups/cli_test_vm_simulate_eviction000001/providers/Microsoft.Network/virtualNetworks/vm-simualte-eviction1VNET"}]}}'
    headers:
      cache-control:
      - no-cache
      content-length:
      - '3674'
      content-type:
      - application/json; charset=utf-8
      date:
      - Thu, 03 Aug 2023 05:27:02 GMT
      expires:
      - '-1'
      pragma:
      - no-cache
      strict-transport-security:
      - max-age=31536000; includeSubDomains
      vary:
      - Accept-Encoding
      x-content-type-options:
      - nosniff
    status:
      code: 200
      message: OK
- request:
    body: null
    headers:
      Accept:
      - application/json
      Accept-Encoding:
      - gzip, deflate
      CommandName:
      - vm create
      Connection:
      - keep-alive
      ParameterSetName:
      - --resource-group --name --admin-username --admin-password --authentication-type
        --location --image --priority --nsg-rule
      User-Agent:
      - AZURECLI/2.51.0 azsdk-python-azure-mgmt-compute/30.0.0 Python/3.9.13 (Windows-10-10.0.22621-SP0)
    method: GET
    uri: https://management.azure.com/subscriptions/00000000-0000-0000-0000-000000000000/resourceGroups/cli_test_vm_simulate_eviction000001/providers/Microsoft.Compute/virtualMachines/vm-simualte-eviction1?$expand=instanceView&api-version=2020-06-01
  response:
    body:
      string: "{\r\n  \"name\": \"vm-simualte-eviction1\",\r\n  \"id\": \"/subscriptions/00000000-0000-0000-0000-000000000000/resourceGroups/cli_test_vm_simulate_eviction000001/providers/Microsoft.Compute/virtualMachines/vm-simualte-eviction1\",\r\n
        \ \"type\": \"Microsoft.Compute/virtualMachines\",\r\n  \"location\": \"eastus\",\r\n
        \ \"tags\": {},\r\n  \"properties\": {\r\n    \"vmId\": \"d6df3a2d-a87b-4b72-93b6-8a2447580ebb\",\r\n
        \   \"hardwareProfile\": {\r\n      \"vmSize\": \"Standard_DS1_v2\"\r\n    },\r\n
        \   \"storageProfile\": {\r\n      \"imageReference\": {\r\n        \"publisher\":
        \"OpenLogic\",\r\n        \"offer\": \"CentOS\",\r\n        \"sku\": \"7.5\",\r\n
        \       \"version\": \"latest\",\r\n        \"exactVersion\": \"7.5.201808150\"\r\n
        \     },\r\n      \"osDisk\": {\r\n        \"osType\": \"Linux\",\r\n        \"name\":
        \"vm-simualte-eviction1_OsDisk_1_3e8e9df74584426487ef1c0a7f198be5\",\r\n        \"createOption\":
        \"FromImage\",\r\n        \"caching\": \"ReadWrite\",\r\n        \"managedDisk\":
        {\r\n          \"storageAccountType\": \"Premium_LRS\",\r\n          \"id\":
        \"/subscriptions/00000000-0000-0000-0000-000000000000/resourceGroups/cli_test_vm_simulate_eviction000001/providers/Microsoft.Compute/disks/vm-simualte-eviction1_OsDisk_1_3e8e9df74584426487ef1c0a7f198be5\"\r\n
        \       },\r\n        \"diskSizeGB\": 30\r\n      },\r\n      \"dataDisks\":
        []\r\n    },\r\n    \"osProfile\": {\r\n      \"computerName\": \"vm-simualte-eviction1\",\r\n
        \     \"adminUsername\": \"azureuser\",\r\n      \"linuxConfiguration\": {\r\n
        \       \"disablePasswordAuthentication\": false,\r\n        \"provisionVMAgent\":
        true,\r\n        \"patchSettings\": {\r\n          \"patchMode\": \"ImageDefault\"\r\n
        \       }\r\n      },\r\n      \"secrets\": [],\r\n      \"allowExtensionOperations\":
        true,\r\n      \"requireGuestProvisionSignal\": true\r\n    },\r\n    \"networkProfile\":
        {\"networkInterfaces\":[{\"id\":\"/subscriptions/00000000-0000-0000-0000-000000000000/resourceGroups/cli_test_vm_simulate_eviction000001/providers/Microsoft.Network/networkInterfaces/vm-simualte-eviction1VMNic\"}]},\r\n
        \   \"provisioningState\": \"Succeeded\",\r\n    \"priority\": \"Regular\",\r\n
        \   \"instanceView\": {\r\n      \"computerName\": \"vm-simualte-eviction1\",\r\n
        \     \"osName\": \"centos\",\r\n      \"osVersion\": \"7.5.1804\",\r\n      \"vmAgent\":
        {\r\n        \"vmAgentVersion\": \"2.9.1.1\",\r\n        \"statuses\": [\r\n
        \         {\r\n            \"code\": \"ProvisioningState/succeeded\",\r\n
        \           \"level\": \"Info\",\r\n            \"displayStatus\": \"Ready\",\r\n
        \           \"message\": \"Guest Agent is running\",\r\n            \"time\":
        \"2023-08-03T05:26:54+00:00\"\r\n          }\r\n        ],\r\n        \"extensionHandlers\":
        []\r\n      },\r\n      \"disks\": [\r\n        {\r\n          \"name\": \"vm-simualte-eviction1_OsDisk_1_3e8e9df74584426487ef1c0a7f198be5\",\r\n
        \         \"statuses\": [\r\n            {\r\n              \"code\": \"ProvisioningState/succeeded\",\r\n
        \             \"level\": \"Info\",\r\n              \"displayStatus\": \"Provisioning
        succeeded\",\r\n              \"time\": \"2023-08-03T05:25:51.6346389+00:00\"\r\n
        \           }\r\n          ]\r\n        }\r\n      ],\r\n      \"hyperVGeneration\":
        \"V1\",\r\n      \"statuses\": [\r\n        {\r\n          \"code\": \"ProvisioningState/succeeded\",\r\n
        \         \"level\": \"Info\",\r\n          \"displayStatus\": \"Provisioning
        succeeded\",\r\n          \"time\": \"2023-08-03T05:26:52.0091439+00:00\"\r\n
        \       },\r\n        {\r\n          \"code\": \"PowerState/running\",\r\n
        \         \"level\": \"Info\",\r\n          \"displayStatus\": \"VM running\"\r\n
        \       }\r\n      ]\r\n    }\r\n  }\r\n}"
    headers:
      cache-control:
      - no-cache
      content-length:
      - '3302'
      content-type:
      - application/json; charset=utf-8
      date:
      - Thu, 03 Aug 2023 05:27:05 GMT
      expires:
      - '-1'
      pragma:
      - no-cache
      server:
      - Microsoft-HTTPAPI/2.0
      - Microsoft-HTTPAPI/2.0
      strict-transport-security:
      - max-age=31536000; includeSubDomains
      transfer-encoding:
      - chunked
      vary:
      - Accept-Encoding
      x-content-type-options:
      - nosniff
      x-ms-ratelimit-remaining-resource:
      - Microsoft.Compute/LowCostGet3Min;3997,Microsoft.Compute/LowCostGet30Min;31997
    status:
      code: 200
      message: OK
- request:
    body: null
    headers:
      Accept:
      - application/json
      Accept-Encoding:
      - gzip, deflate
      CommandName:
      - vm create
      Connection:
      - keep-alive
      ParameterSetName:
      - --resource-group --name --admin-username --admin-password --authentication-type
        --location --image --priority --nsg-rule
      User-Agent:
      - AZURECLI/2.51.0 (AAZ) azsdk-python-core/1.28.0 Python/3.9.13 (Windows-10-10.0.22621-SP0)
    method: GET
    uri: https://management.azure.com/subscriptions/00000000-0000-0000-0000-000000000000/resourceGroups/cli_test_vm_simulate_eviction000001/providers/Microsoft.Network/networkInterfaces/vm-simualte-eviction1VMNic?api-version=2018-11-01
  response:
    body:
      string: "{\r\n  \"name\": \"vm-simualte-eviction1VMNic\",\r\n  \"id\": \"/subscriptions/00000000-0000-0000-0000-000000000000/resourceGroups/cli_test_vm_simulate_eviction000001/providers/Microsoft.Network/networkInterfaces/vm-simualte-eviction1VMNic\",\r\n
        \ \"etag\": \"W/\\\"04c3c570-295e-499e-a493-e042b479e0c9\\\"\",\r\n  \"tags\":
        {},\r\n  \"properties\": {\r\n    \"provisioningState\": \"Succeeded\",\r\n
        \   \"resourceGuid\": \"803fd57b-6684-40b7-965e-e704ffffb320\",\r\n    \"ipConfigurations\":
        [\r\n      {\r\n        \"name\": \"ipconfigvm-simualte-eviction1\",\r\n        \"id\":
        \"/subscriptions/00000000-0000-0000-0000-000000000000/resourceGroups/cli_test_vm_simulate_eviction000001/providers/Microsoft.Network/networkInterfaces/vm-simualte-eviction1VMNic/ipConfigurations/ipconfigvm-simualte-eviction1\",\r\n
        \       \"etag\": \"W/\\\"04c3c570-295e-499e-a493-e042b479e0c9\\\"\",\r\n
        \       \"type\": \"Microsoft.Network/networkInterfaces/ipConfigurations\",\r\n
        \       \"properties\": {\r\n          \"provisioningState\": \"Succeeded\",\r\n
        \         \"privateIPAddress\": \"10.0.0.4\",\r\n          \"privateIPAllocationMethod\":
        \"Dynamic\",\r\n          \"publicIPAddress\": {\r\n            \"id\": \"/subscriptions/00000000-0000-0000-0000-000000000000/resourceGroups/cli_test_vm_simulate_eviction000001/providers/Microsoft.Network/publicIPAddresses/vm-simualte-eviction1PublicIP\"\r\n
        \         },\r\n          \"subnet\": {\r\n            \"id\": \"/subscriptions/00000000-0000-0000-0000-000000000000/resourceGroups/cli_test_vm_simulate_eviction000001/providers/Microsoft.Network/virtualNetworks/vm-simualte-eviction1VNET/subnets/vm-simualte-eviction1Subnet\"\r\n
        \         },\r\n          \"primary\": true,\r\n          \"privateIPAddressVersion\":
        \"IPv4\"\r\n        }\r\n      }\r\n    ],\r\n    \"dnsSettings\": {\r\n      \"dnsServers\":
        [],\r\n      \"appliedDnsServers\": [],\r\n      \"internalDomainNameSuffix\":
        \"3icdgluidksuhafdbtakd01ova.bx.internal.cloudapp.net\"\r\n    },\r\n    \"macAddress\":
        \"00-0D-3A-9B-20-8D\",\r\n    \"enableAcceleratedNetworking\": false,\r\n
        \   \"enableIPForwarding\": false,\r\n    \"networkSecurityGroup\": {\r\n
        \     \"id\": \"/subscriptions/00000000-0000-0000-0000-000000000000/resourceGroups/cli_test_vm_simulate_eviction000001/providers/Microsoft.Network/networkSecurityGroups/vm-simualte-eviction1NSG\"\r\n
        \   },\r\n    \"primary\": true,\r\n    \"virtualMachine\": {\r\n      \"id\":
        \"/subscriptions/00000000-0000-0000-0000-000000000000/resourceGroups/cli_test_vm_simulate_eviction000001/providers/Microsoft.Compute/virtualMachines/vm-simualte-eviction1\"\r\n
        \   },\r\n    \"hostedWorkloads\": [],\r\n    \"tapConfigurations\": []\r\n
        \ },\r\n  \"type\": \"Microsoft.Network/networkInterfaces\",\r\n  \"location\":
        \"eastus\"\r\n}"
    headers:
      cache-control:
      - no-cache
      content-length:
      - '2566'
      content-type:
      - application/json; charset=utf-8
      date:
      - Thu, 03 Aug 2023 05:27:07 GMT
      etag:
      - W/"04c3c570-295e-499e-a493-e042b479e0c9"
      expires:
      - '-1'
      pragma:
      - no-cache
      server:
      - Microsoft-HTTPAPI/2.0
      - Microsoft-HTTPAPI/2.0
      strict-transport-security:
      - max-age=31536000; includeSubDomains
      transfer-encoding:
      - chunked
      vary:
      - Accept-Encoding
      x-content-type-options:
      - nosniff
      x-ms-arm-service-request-id:
      - 686613c5-b56d-403f-8b52-abf8d3d24479
    status:
      code: 200
      message: ''
- request:
    body: null
    headers:
      Accept:
      - application/json
      Accept-Encoding:
      - gzip, deflate
      CommandName:
      - vm create
      Connection:
      - keep-alive
      ParameterSetName:
      - --resource-group --name --admin-username --admin-password --authentication-type
        --location --image --priority --nsg-rule
      User-Agent:
      - AZURECLI/2.51.0 (AAZ) azsdk-python-core/1.28.0 Python/3.9.13 (Windows-10-10.0.22621-SP0)
    method: GET
    uri: https://management.azure.com/subscriptions/00000000-0000-0000-0000-000000000000/resourceGroups/cli_test_vm_simulate_eviction000001/providers/Microsoft.Network/publicIPAddresses/vm-simualte-eviction1PublicIP?api-version=2018-11-01
  response:
    body:
      string: "{\r\n  \"name\": \"vm-simualte-eviction1PublicIP\",\r\n  \"id\": \"/subscriptions/00000000-0000-0000-0000-000000000000/resourceGroups/cli_test_vm_simulate_eviction000001/providers/Microsoft.Network/publicIPAddresses/vm-simualte-eviction1PublicIP\",\r\n
        \ \"etag\": \"W/\\\"1ef9c5c7-ce69-4d89-a19e-6db3f3437e03\\\"\",\r\n  \"location\":
        \"eastus\",\r\n  \"tags\": {},\r\n  \"properties\": {\r\n    \"provisioningState\":
        \"Succeeded\",\r\n    \"resourceGuid\": \"398e36ce-b4e3-41d0-baf0-b57e3be66ad4\",\r\n
        \   \"ipAddress\": \"104.45.136.77\",\r\n    \"publicIPAddressVersion\": \"IPv4\",\r\n
        \   \"publicIPAllocationMethod\": \"Dynamic\",\r\n    \"idleTimeoutInMinutes\":
        4,\r\n    \"ipTags\": [],\r\n    \"ipConfiguration\": {\r\n      \"id\": \"/subscriptions/00000000-0000-0000-0000-000000000000/resourceGroups/cli_test_vm_simulate_eviction000001/providers/Microsoft.Network/networkInterfaces/vm-simualte-eviction1VMNic/ipConfigurations/ipconfigvm-simualte-eviction1\"\r\n
        \   }\r\n  },\r\n  \"type\": \"Microsoft.Network/publicIPAddresses\",\r\n
        \ \"sku\": {\r\n    \"name\": \"Basic\"\r\n  }\r\n}"
    headers:
      cache-control:
      - no-cache
      content-length:
      - '989'
      content-type:
      - application/json; charset=utf-8
      date:
      - Thu, 03 Aug 2023 05:27:10 GMT
      etag:
      - W/"1ef9c5c7-ce69-4d89-a19e-6db3f3437e03"
      expires:
      - '-1'
      pragma:
      - no-cache
      server:
      - Microsoft-HTTPAPI/2.0
      - Microsoft-HTTPAPI/2.0
      strict-transport-security:
      - max-age=31536000; includeSubDomains
      transfer-encoding:
      - chunked
      vary:
      - Accept-Encoding
      x-content-type-options:
      - nosniff
      x-ms-arm-service-request-id:
      - 011b1767-5b87-4a25-b005-a2103cfa6cb4
    status:
      code: 200
      message: OK
- request:
    body: null
    headers:
      Accept:
      - '*/*'
      Accept-Encoding:
      - gzip, deflate
      CommandName:
      - vm simulate-eviction
      Connection:
      - keep-alive
      Content-Length:
      - '0'
      ParameterSetName:
      - --resource-group --name
      User-Agent:
      - AZURECLI/2.51.0 (AAZ) azsdk-python-core/1.28.0 Python/3.9.13 (Windows-10-10.0.22621-SP0)
    method: POST
    uri: https://management.azure.com/subscriptions/00000000-0000-0000-0000-000000000000/resourceGroups/cli_test_vm_simulate_eviction000001/providers/Microsoft.Compute/virtualMachines/vm-simualte-eviction1/simulateEviction?api-version=2020-06-01
  response:
    body:
      string: "{\r\n  \"error\": {\r\n    \"code\": \"OperationNotAllowed\",\r\n    \"message\":
        \"Operation 'simulateEviction' is allowed only for Spot Virtual Machines\"\r\n
        \ }\r\n}"
    headers:
      cache-control:
      - no-cache
      content-length:
      - '148'
      content-type:
      - application/json; charset=utf-8
      date:
      - Thu, 03 Aug 2023 05:27:12 GMT
      expires:
      - '-1'
      pragma:
      - no-cache
      server:
      - Microsoft-HTTPAPI/2.0
      - Microsoft-HTTPAPI/2.0
      strict-transport-security:
      - max-age=31536000; includeSubDomains
      x-content-type-options:
      - nosniff
      x-ms-ratelimit-remaining-resource:
      - Microsoft.Compute/DeleteVM3Min;239,Microsoft.Compute/DeleteVM30Min;1199
      x-ms-ratelimit-remaining-subscription-writes:
      - '1199'
    status:
      code: 409
      message: Conflict
- request:
    body: null
    headers:
      Accept:
      - application/json
      Accept-Encoding:
      - gzip, deflate
      CommandName:
      - vm create
      Connection:
      - keep-alive
      ParameterSetName:
      - --resource-group --name --admin-username --admin-password --authentication-type
        --location --image --priority --eviction-policy --nsg-rule
      User-Agent:
      - AZURECLI/2.51.0 azsdk-python-azure-mgmt-compute/30.0.0 Python/3.9.13 (Windows-10-10.0.22621-SP0)
    method: GET
    uri: https://management.azure.com/subscriptions/00000000-0000-0000-0000-000000000000/providers/Microsoft.Compute/locations/eastus/publishers/OpenLogic/artifacttypes/vmimage/offers/CentOS/skus/7.5/versions?$top=1&$orderby=name%20desc&api-version=2020-06-01
  response:
    body:
      string: "[\r\n  {\r\n    \"location\": \"eastus\",\r\n    \"name\": \"7.5.201808150\",\r\n
        \   \"id\": \"/Subscriptions/00000000-0000-0000-0000-000000000000/Providers/Microsoft.Compute/Locations/eastus/Publishers/OpenLogic/ArtifactTypes/VMImage/Offers/CentOS/Skus/7.5/Versions/7.5.201808150\"\r\n
        \ }\r\n]"
    headers:
      cache-control:
      - no-cache
      content-length:
      - '270'
      content-type:
      - application/json; charset=utf-8
      date:
      - Thu, 03 Aug 2023 05:27:12 GMT
      expires:
      - '-1'
      pragma:
      - no-cache
      server:
      - Microsoft-HTTPAPI/2.0
      - Microsoft-HTTPAPI/2.0
      strict-transport-security:
      - max-age=31536000; includeSubDomains
      transfer-encoding:
      - chunked
      vary:
      - Accept-Encoding
      x-content-type-options:
      - nosniff
      x-ms-ratelimit-remaining-resource:
      - Microsoft.Compute/ListVMImagesVersionsFromLocation3Min;15996,Microsoft.Compute/ListVMImagesVersionsFromLocation30Min;43996
    status:
      code: 200
      message: OK
- request:
    body: null
    headers:
      Accept:
      - application/json
      Accept-Encoding:
      - gzip, deflate
      CommandName:
      - vm create
      Connection:
      - keep-alive
      ParameterSetName:
      - --resource-group --name --admin-username --admin-password --authentication-type
        --location --image --priority --eviction-policy --nsg-rule
      User-Agent:
      - AZURECLI/2.51.0 azsdk-python-azure-mgmt-compute/30.0.0 Python/3.9.13 (Windows-10-10.0.22621-SP0)
    method: GET
    uri: https://management.azure.com/subscriptions/00000000-0000-0000-0000-000000000000/providers/Microsoft.Compute/locations/eastus/publishers/OpenLogic/artifacttypes/vmimage/offers/CentOS/skus/7.5/versions/7.5.201808150?api-version=2020-06-01
  response:
    body:
      string: "{\r\n  \"properties\": {\r\n    \"hyperVGeneration\": \"V1\",\r\n    \"architecture\":
        \"x64\",\r\n    \"replicaType\": \"Unmanaged\",\r\n    \"disallowed\": {\r\n
        \     \"vmDiskType\": \"None\"\r\n    },\r\n    \"automaticOSUpgradeProperties\":
        {\r\n      \"automaticOSUpgradeSupported\": true\r\n    },\r\n    \"imageDeprecationStatus\":
        {\r\n      \"imageState\": \"Active\"\r\n    },\r\n    \"osDiskImage\": {\r\n
        \     \"operatingSystem\": \"Linux\",\r\n      \"sizeInGb\": 30,\r\n      \"sizeInBytes\":
        32212255232\r\n    },\r\n    \"dataDiskImages\": []\r\n  },\r\n  \"location\":
        \"eastus\",\r\n  \"name\": \"7.5.201808150\",\r\n  \"id\": \"/Subscriptions/00000000-0000-0000-0000-000000000000/Providers/Microsoft.Compute/Locations/eastus/Publishers/OpenLogic/ArtifactTypes/VMImage/Offers/CentOS/Skus/7.5/Versions/7.5.201808150\"\r\n}"
    headers:
      cache-control:
      - no-cache
      content-length:
      - '737'
      content-type:
      - application/json; charset=utf-8
      date:
      - Thu, 03 Aug 2023 05:27:15 GMT
      expires:
      - '-1'
      pragma:
      - no-cache
      server:
      - Microsoft-HTTPAPI/2.0
      - Microsoft-HTTPAPI/2.0
      strict-transport-security:
      - max-age=31536000; includeSubDomains
      transfer-encoding:
      - chunked
      vary:
      - Accept-Encoding
      x-content-type-options:
      - nosniff
      x-ms-ratelimit-remaining-resource:
      - Microsoft.Compute/GetVMImageFromLocation3Min;12997,Microsoft.Compute/GetVMImageFromLocation30Min;73997
    status:
      code: 200
      message: OK
- request:
    body: null
    headers:
      Accept:
      - application/json
      Accept-Encoding:
      - gzip, deflate
      CommandName:
      - vm create
      Connection:
      - keep-alive
      ParameterSetName:
      - --resource-group --name --admin-username --admin-password --authentication-type
        --location --image --priority --eviction-policy --nsg-rule
      User-Agent:
      - AZURECLI/2.51.0 (AAZ) azsdk-python-core/1.28.0 Python/3.9.13 (Windows-10-10.0.22621-SP0)
    method: GET
    uri: https://management.azure.com/subscriptions/00000000-0000-0000-0000-000000000000/resourceGroups/cli_test_vm_simulate_eviction000001/providers/Microsoft.Network/virtualNetworks?api-version=2018-11-01
  response:
    body:
      string: "{\r\n  \"value\": [\r\n    {\r\n      \"name\": \"vm-simualte-eviction1VNET\",\r\n
        \     \"id\": \"/subscriptions/00000000-0000-0000-0000-000000000000/resourceGroups/cli_test_vm_simulate_eviction000001/providers/Microsoft.Network/virtualNetworks/vm-simualte-eviction1VNET\",\r\n
        \     \"etag\": \"W/\\\"68b129de-145b-414a-9455-a53b181958a2\\\"\",\r\n      \"type\":
        \"Microsoft.Network/virtualNetworks\",\r\n      \"location\": \"eastus\",\r\n
        \     \"tags\": {},\r\n      \"properties\": {\r\n        \"provisioningState\":
        \"Succeeded\",\r\n        \"resourceGuid\": \"2e3304ea-1a88-43a5-80a3-0cc0a1eb6ea8\",\r\n
        \       \"addressSpace\": {\r\n          \"addressPrefixes\": [\r\n            \"10.0.0.0/16\"\r\n
        \         ]\r\n        },\r\n        \"subnets\": [\r\n          {\r\n            \"name\":
        \"vm-simualte-eviction1Subnet\",\r\n            \"id\": \"/subscriptions/00000000-0000-0000-0000-000000000000/resourceGroups/cli_test_vm_simulate_eviction000001/providers/Microsoft.Network/virtualNetworks/vm-simualte-eviction1VNET/subnets/vm-simualte-eviction1Subnet\",\r\n
        \           \"etag\": \"W/\\\"68b129de-145b-414a-9455-a53b181958a2\\\"\",\r\n
        \           \"properties\": {\r\n              \"provisioningState\": \"Succeeded\",\r\n
        \             \"addressPrefix\": \"10.0.0.0/24\",\r\n              \"ipConfigurations\":
        [\r\n                {\r\n                  \"id\": \"/subscriptions/00000000-0000-0000-0000-000000000000/resourceGroups/cli_test_vm_simulate_eviction000001/providers/Microsoft.Network/networkInterfaces/vm-simualte-eviction1VMNic/ipConfigurations/ipconfigvm-simualte-eviction1\"\r\n
        \               }\r\n              ],\r\n              \"delegations\": []\r\n
        \           },\r\n            \"type\": \"Microsoft.Network/virtualNetworks/subnets\"\r\n
        \         }\r\n        ],\r\n        \"virtualNetworkPeerings\": [],\r\n        \"enableDdosProtection\":
        false\r\n      }\r\n    }\r\n  ]\r\n}"
    headers:
      cache-control:
      - no-cache
      content-length:
      - '1752'
      content-type:
      - application/json; charset=utf-8
      date:
      - Thu, 03 Aug 2023 05:27:16 GMT
      expires:
      - '-1'
      pragma:
      - no-cache
      server:
      - Microsoft-HTTPAPI/2.0
      - Microsoft-HTTPAPI/2.0
      strict-transport-security:
      - max-age=31536000; includeSubDomains
      transfer-encoding:
      - chunked
      vary:
      - Accept-Encoding
      x-content-type-options:
      - nosniff
      x-ms-arm-service-request-id:
      - 363b854c-0a09-4cc4-9447-053924c2b2cb
    status:
      code: 200
      message: OK
- request:
    body: '{"properties": {"template": {"$schema": "https://schema.management.azure.com/schemas/2015-01-01/deploymentTemplate.json#",
      "contentVersion": "1.0.0.0", "parameters": {"adminPassword": {"type": "securestring",
      "metadata": {"description": "Secure adminPassword"}}}, "variables": {}, "resources":
      [{"type": "Microsoft.Network/networkSecurityGroups", "name": "vm-simulate-eviction2NSG",
      "apiVersion": "2015-06-15", "location": "eastus", "tags": {}, "dependsOn": []},
      {"apiVersion": "2018-11-01", "type": "Microsoft.Network/publicIPAddresses",
      "name": "vm-simulate-eviction2PublicIP", "location": "eastus", "tags": {}, "dependsOn":
      [], "properties": {"publicIPAllocationMethod": null}}, {"apiVersion": "2015-06-15",
      "type": "Microsoft.Network/networkInterfaces", "name": "vm-simulate-eviction2VMNic",
      "location": "eastus", "tags": {}, "dependsOn": ["Microsoft.Network/networkSecurityGroups/vm-simulate-eviction2NSG",
      "Microsoft.Network/publicIpAddresses/vm-simulate-eviction2PublicIP"], "properties":
      {"ipConfigurations": [{"name": "ipconfigvm-simulate-eviction2", "properties":
      {"privateIPAllocationMethod": "Dynamic", "subnet": {"id": "/subscriptions/00000000-0000-0000-0000-000000000000/resourceGroups/cli_test_vm_simulate_eviction000001/providers/Microsoft.Network/virtualNetworks/vm-simualte-eviction1VNET/subnets/vm-simualte-eviction1Subnet"},
      "publicIPAddress": {"id": "/subscriptions/00000000-0000-0000-0000-000000000000/resourceGroups/cli_test_vm_simulate_eviction000001/providers/Microsoft.Network/publicIPAddresses/vm-simulate-eviction2PublicIP"}}}],
      "networkSecurityGroup": {"id": "/subscriptions/00000000-0000-0000-0000-000000000000/resourceGroups/cli_test_vm_simulate_eviction000001/providers/Microsoft.Network/networkSecurityGroups/vm-simulate-eviction2NSG"}}},
      {"apiVersion": "2020-06-01", "type": "Microsoft.Compute/virtualMachines", "name":
      "vm-simulate-eviction2", "location": "eastus", "tags": {}, "dependsOn": ["Microsoft.Network/networkInterfaces/vm-simulate-eviction2VMNic"],
      "properties": {"hardwareProfile": {"vmSize": "Standard_DS1_v2"}, "networkProfile":
      {"networkInterfaces": [{"id": "/subscriptions/00000000-0000-0000-0000-000000000000/resourceGroups/cli_test_vm_simulate_eviction000001/providers/Microsoft.Network/networkInterfaces/vm-simulate-eviction2VMNic",
      "properties": {"deleteOption": null}}]}, "storageProfile": {"osDisk": {"createOption":
      "fromImage", "name": null, "caching": "ReadWrite", "managedDisk": {"storageAccountType":
      null}}, "imageReference": {"publisher": "OpenLogic", "offer": "CentOS", "sku":
      "7.5", "version": "latest"}}, "osProfile": {"computerName": "vm-simulate-eviction2",
      "adminUsername": "azureuser", "adminPassword": "[parameters(''adminPassword'')]"},
      "priority": "Spot", "evictionPolicy": "Deallocate"}}], "outputs": {}}, "parameters":
      {"adminPassword": {"value": "testPassword0"}}, "mode": "incremental"}}'
    headers:
      Accept:
      - application/json
      Accept-Encoding:
      - gzip, deflate
      CommandName:
      - vm create
      Connection:
      - keep-alive
      Content-Length:
      - '2862'
      Content-Type:
      - application/json
      ParameterSetName:
      - --resource-group --name --admin-username --admin-password --authentication-type
        --location --image --priority --eviction-policy --nsg-rule
      User-Agent:
      - AZURECLI/2.51.0 azsdk-python-azure-mgmt-resource/23.1.0b2 Python/3.9.13 (Windows-10-10.0.22621-SP0)
    method: PUT
    uri: https://management.azure.com/subscriptions/00000000-0000-0000-0000-000000000000/resourcegroups/cli_test_vm_simulate_eviction000001/providers/Microsoft.Resources/deployments/mock-deployment?api-version=2019-10-01
  response:
    body:
      string: '{"id":"/subscriptions/00000000-0000-0000-0000-000000000000/resourceGroups/cli_test_vm_simulate_eviction000001/providers/Microsoft.Resources/deployments/vm_deploy_nUolzZ0hCXMAJu3TpoNFi127NFrnOykP","name":"vm_deploy_nUolzZ0hCXMAJu3TpoNFi127NFrnOykP","type":"Microsoft.Resources/deployments","properties":{"templateHash":"489692281159676174","parameters":{"adminPassword":{"type":"SecureString"}},"mode":"Incremental","provisioningState":"Accepted","timestamp":"2023-08-03T05:27:24.1401428Z","duration":"PT0.0001269S","correlationId":"54a86570-c0ae-47b1-a69b-cdb46e8f2e67","providers":[{"namespace":"Microsoft.Network","resourceTypes":[{"resourceType":"networkSecurityGroups","locations":["eastus"]},{"resourceType":"publicIPAddresses","locations":["eastus"]},{"resourceType":"networkInterfaces","locations":["eastus"]}]},{"namespace":"Microsoft.Compute","resourceTypes":[{"resourceType":"virtualMachines","locations":["eastus"]}]}],"dependencies":[{"dependsOn":[{"id":"/subscriptions/00000000-0000-0000-0000-000000000000/resourceGroups/cli_test_vm_simulate_eviction000001/providers/Microsoft.Network/networkSecurityGroups/vm-simulate-eviction2NSG","resourceType":"Microsoft.Network/networkSecurityGroups","resourceName":"vm-simulate-eviction2NSG"},{"id":"/subscriptions/00000000-0000-0000-0000-000000000000/resourceGroups/cli_test_vm_simulate_eviction000001/providers/Microsoft.Network/publicIPAddresses/vm-simulate-eviction2PublicIP","resourceType":"Microsoft.Network/publicIPAddresses","resourceName":"vm-simulate-eviction2PublicIP"}],"id":"/subscriptions/00000000-0000-0000-0000-000000000000/resourceGroups/cli_test_vm_simulate_eviction000001/providers/Microsoft.Network/networkInterfaces/vm-simulate-eviction2VMNic","resourceType":"Microsoft.Network/networkInterfaces","resourceName":"vm-simulate-eviction2VMNic"},{"dependsOn":[{"id":"/subscriptions/00000000-0000-0000-0000-000000000000/resourceGroups/cli_test_vm_simulate_eviction000001/providers/Microsoft.Network/networkInterfaces/vm-simulate-eviction2VMNic","resourceType":"Microsoft.Network/networkInterfaces","resourceName":"vm-simulate-eviction2VMNic"}],"id":"/subscriptions/00000000-0000-0000-0000-000000000000/resourceGroups/cli_test_vm_simulate_eviction000001/providers/Microsoft.Compute/virtualMachines/vm-simulate-eviction2","resourceType":"Microsoft.Compute/virtualMachines","resourceName":"vm-simulate-eviction2"}]}}'
    headers:
      azure-asyncoperation:
      - https://management.azure.com/subscriptions/00000000-0000-0000-0000-000000000000/resourcegroups/cli_test_vm_simulate_eviction000001/providers/Microsoft.Resources/deployments/vm_deploy_nUolzZ0hCXMAJu3TpoNFi127NFrnOykP/operationStatuses/08585105664443155337?api-version=2019-10-01
      cache-control:
      - no-cache
      content-length:
      - '2382'
      content-type:
      - application/json; charset=utf-8
      date:
      - Thu, 03 Aug 2023 05:27:24 GMT
      expires:
      - '-1'
      pragma:
      - no-cache
      strict-transport-security:
      - max-age=31536000; includeSubDomains
      x-content-type-options:
      - nosniff
      x-ms-ratelimit-remaining-subscription-writes:
      - '1199'
    status:
      code: 201
      message: Created
- request:
    body: null
    headers:
      Accept:
      - '*/*'
      Accept-Encoding:
      - gzip, deflate
      CommandName:
      - vm create
      Connection:
      - keep-alive
      ParameterSetName:
      - --resource-group --name --admin-username --admin-password --authentication-type
        --location --image --priority --eviction-policy --nsg-rule
      User-Agent:
      - AZURECLI/2.51.0 azsdk-python-azure-mgmt-resource/23.1.0b2 Python/3.9.13 (Windows-10-10.0.22621-SP0)
    method: GET
    uri: https://management.azure.com/subscriptions/00000000-0000-0000-0000-000000000000/resourcegroups/cli_test_vm_simulate_eviction000001/providers/Microsoft.Resources/deployments/mock-deployment/operationStatuses/08585105664443155337?api-version=2019-10-01
  response:
    body:
      string: '{"status":"Running"}'
    headers:
      cache-control:
      - no-cache
      content-length:
      - '20'
      content-type:
      - application/json; charset=utf-8
      date:
      - Thu, 03 Aug 2023 05:27:25 GMT
      expires:
      - '-1'
      pragma:
      - no-cache
      strict-transport-security:
      - max-age=31536000; includeSubDomains
      vary:
      - Accept-Encoding
      x-content-type-options:
      - nosniff
    status:
      code: 200
      message: OK
- request:
    body: null
    headers:
      Accept:
      - '*/*'
      Accept-Encoding:
      - gzip, deflate
      CommandName:
      - vm create
      Connection:
      - keep-alive
      ParameterSetName:
      - --resource-group --name --admin-username --admin-password --authentication-type
        --location --image --priority --eviction-policy --nsg-rule
      User-Agent:
      - AZURECLI/2.51.0 azsdk-python-azure-mgmt-resource/23.1.0b2 Python/3.9.13 (Windows-10-10.0.22621-SP0)
    method: GET
    uri: https://management.azure.com/subscriptions/00000000-0000-0000-0000-000000000000/resourcegroups/cli_test_vm_simulate_eviction000001/providers/Microsoft.Resources/deployments/mock-deployment/operationStatuses/08585105664443155337?api-version=2019-10-01
  response:
    body:
      string: '{"status":"Running"}'
    headers:
      cache-control:
      - no-cache
      content-length:
      - '20'
      content-type:
      - application/json; charset=utf-8
      date:
      - Thu, 03 Aug 2023 05:27:56 GMT
      expires:
      - '-1'
      pragma:
      - no-cache
      strict-transport-security:
      - max-age=31536000; includeSubDomains
      vary:
      - Accept-Encoding
      x-content-type-options:
      - nosniff
    status:
      code: 200
      message: OK
- request:
    body: null
    headers:
      Accept:
      - '*/*'
      Accept-Encoding:
      - gzip, deflate
      CommandName:
      - vm create
      Connection:
      - keep-alive
      ParameterSetName:
      - --resource-group --name --admin-username --admin-password --authentication-type
        --location --image --priority --eviction-policy --nsg-rule
      User-Agent:
      - AZURECLI/2.51.0 azsdk-python-azure-mgmt-resource/23.1.0b2 Python/3.9.13 (Windows-10-10.0.22621-SP0)
    method: GET
    uri: https://management.azure.com/subscriptions/00000000-0000-0000-0000-000000000000/resourcegroups/cli_test_vm_simulate_eviction000001/providers/Microsoft.Resources/deployments/mock-deployment/operationStatuses/08585105664443155337?api-version=2019-10-01
  response:
    body:
      string: '{"status":"Running"}'
    headers:
      cache-control:
      - no-cache
      content-length:
      - '20'
      content-type:
      - application/json; charset=utf-8
      date:
      - Thu, 03 Aug 2023 05:28:28 GMT
      expires:
      - '-1'
      pragma:
      - no-cache
      strict-transport-security:
      - max-age=31536000; includeSubDomains
      vary:
      - Accept-Encoding
      x-content-type-options:
      - nosniff
    status:
      code: 200
      message: OK
- request:
    body: null
    headers:
      Accept:
      - '*/*'
      Accept-Encoding:
      - gzip, deflate
      CommandName:
      - vm create
      Connection:
      - keep-alive
      ParameterSetName:
      - --resource-group --name --admin-username --admin-password --authentication-type
        --location --image --priority --eviction-policy --nsg-rule
      User-Agent:
      - AZURECLI/2.51.0 azsdk-python-azure-mgmt-resource/23.1.0b2 Python/3.9.13 (Windows-10-10.0.22621-SP0)
    method: GET
    uri: https://management.azure.com/subscriptions/00000000-0000-0000-0000-000000000000/resourcegroups/cli_test_vm_simulate_eviction000001/providers/Microsoft.Resources/deployments/mock-deployment/operationStatuses/08585105664443155337?api-version=2019-10-01
  response:
    body:
      string: '{"status":"Succeeded"}'
    headers:
      cache-control:
      - no-cache
      content-length:
      - '22'
      content-type:
      - application/json; charset=utf-8
      date:
      - Thu, 03 Aug 2023 05:28:59 GMT
      expires:
      - '-1'
      pragma:
      - no-cache
      strict-transport-security:
      - max-age=31536000; includeSubDomains
      vary:
      - Accept-Encoding
      x-content-type-options:
      - nosniff
    status:
      code: 200
      message: OK
- request:
    body: null
    headers:
      Accept:
      - '*/*'
      Accept-Encoding:
      - gzip, deflate
      CommandName:
      - vm create
      Connection:
      - keep-alive
      ParameterSetName:
      - --resource-group --name --admin-username --admin-password --authentication-type
        --location --image --priority --eviction-policy --nsg-rule
      User-Agent:
      - AZURECLI/2.51.0 azsdk-python-azure-mgmt-resource/23.1.0b2 Python/3.9.13 (Windows-10-10.0.22621-SP0)
    method: GET
    uri: https://management.azure.com/subscriptions/00000000-0000-0000-0000-000000000000/resourcegroups/cli_test_vm_simulate_eviction000001/providers/Microsoft.Resources/deployments/mock-deployment?api-version=2019-10-01
  response:
    body:
      string: '{"id":"/subscriptions/00000000-0000-0000-0000-000000000000/resourceGroups/cli_test_vm_simulate_eviction000001/providers/Microsoft.Resources/deployments/vm_deploy_nUolzZ0hCXMAJu3TpoNFi127NFrnOykP","name":"vm_deploy_nUolzZ0hCXMAJu3TpoNFi127NFrnOykP","type":"Microsoft.Resources/deployments","properties":{"templateHash":"489692281159676174","parameters":{"adminPassword":{"type":"SecureString"}},"mode":"Incremental","provisioningState":"Succeeded","timestamp":"2023-08-03T05:28:48.7990449Z","duration":"PT1M24.659029S","correlationId":"54a86570-c0ae-47b1-a69b-cdb46e8f2e67","providers":[{"namespace":"Microsoft.Network","resourceTypes":[{"resourceType":"networkSecurityGroups","locations":["eastus"]},{"resourceType":"publicIPAddresses","locations":["eastus"]},{"resourceType":"networkInterfaces","locations":["eastus"]}]},{"namespace":"Microsoft.Compute","resourceTypes":[{"resourceType":"virtualMachines","locations":["eastus"]}]}],"dependencies":[{"dependsOn":[{"id":"/subscriptions/00000000-0000-0000-0000-000000000000/resourceGroups/cli_test_vm_simulate_eviction000001/providers/Microsoft.Network/networkSecurityGroups/vm-simulate-eviction2NSG","resourceType":"Microsoft.Network/networkSecurityGroups","resourceName":"vm-simulate-eviction2NSG"},{"id":"/subscriptions/00000000-0000-0000-0000-000000000000/resourceGroups/cli_test_vm_simulate_eviction000001/providers/Microsoft.Network/publicIPAddresses/vm-simulate-eviction2PublicIP","resourceType":"Microsoft.Network/publicIPAddresses","resourceName":"vm-simulate-eviction2PublicIP"}],"id":"/subscriptions/00000000-0000-0000-0000-000000000000/resourceGroups/cli_test_vm_simulate_eviction000001/providers/Microsoft.Network/networkInterfaces/vm-simulate-eviction2VMNic","resourceType":"Microsoft.Network/networkInterfaces","resourceName":"vm-simulate-eviction2VMNic"},{"dependsOn":[{"id":"/subscriptions/00000000-0000-0000-0000-000000000000/resourceGroups/cli_test_vm_simulate_eviction000001/providers/Microsoft.Network/networkInterfaces/vm-simulate-eviction2VMNic","resourceType":"Microsoft.Network/networkInterfaces","resourceName":"vm-simulate-eviction2VMNic"}],"id":"/subscriptions/00000000-0000-0000-0000-000000000000/resourceGroups/cli_test_vm_simulate_eviction000001/providers/Microsoft.Compute/virtualMachines/vm-simulate-eviction2","resourceType":"Microsoft.Compute/virtualMachines","resourceName":"vm-simulate-eviction2"}],"outputs":{},"outputResources":[{"id":"/subscriptions/00000000-0000-0000-0000-000000000000/resourceGroups/cli_test_vm_simulate_eviction000001/providers/Microsoft.Compute/virtualMachines/vm-simulate-eviction2"},{"id":"/subscriptions/00000000-0000-0000-0000-000000000000/resourceGroups/cli_test_vm_simulate_eviction000001/providers/Microsoft.Network/networkInterfaces/vm-simulate-eviction2VMNic"},{"id":"/subscriptions/00000000-0000-0000-0000-000000000000/resourceGroups/cli_test_vm_simulate_eviction000001/providers/Microsoft.Network/networkSecurityGroups/vm-simulate-eviction2NSG"},{"id":"/subscriptions/00000000-0000-0000-0000-000000000000/resourceGroups/cli_test_vm_simulate_eviction000001/providers/Microsoft.Network/publicIPAddresses/vm-simulate-eviction2PublicIP"}]}}'
    headers:
      cache-control:
      - no-cache
      content-length:
      - '3156'
      content-type:
      - application/json; charset=utf-8
      date:
      - Thu, 03 Aug 2023 05:29:01 GMT
      expires:
      - '-1'
      pragma:
      - no-cache
      strict-transport-security:
      - max-age=31536000; includeSubDomains
      vary:
      - Accept-Encoding
      x-content-type-options:
      - nosniff
    status:
      code: 200
      message: OK
- request:
    body: null
    headers:
      Accept:
      - application/json
      Accept-Encoding:
      - gzip, deflate
      CommandName:
      - vm create
      Connection:
      - keep-alive
      ParameterSetName:
      - --resource-group --name --admin-username --admin-password --authentication-type
        --location --image --priority --eviction-policy --nsg-rule
      User-Agent:
      - AZURECLI/2.51.0 azsdk-python-azure-mgmt-compute/30.0.0 Python/3.9.13 (Windows-10-10.0.22621-SP0)
    method: GET
    uri: https://management.azure.com/subscriptions/00000000-0000-0000-0000-000000000000/resourceGroups/cli_test_vm_simulate_eviction000001/providers/Microsoft.Compute/virtualMachines/vm-simulate-eviction2?$expand=instanceView&api-version=2020-06-01
  response:
    body:
      string: "{\r\n  \"name\": \"vm-simulate-eviction2\",\r\n  \"id\": \"/subscriptions/00000000-0000-0000-0000-000000000000/resourceGroups/cli_test_vm_simulate_eviction000001/providers/Microsoft.Compute/virtualMachines/vm-simulate-eviction2\",\r\n
        \ \"type\": \"Microsoft.Compute/virtualMachines\",\r\n  \"location\": \"eastus\",\r\n
        \ \"tags\": {},\r\n  \"properties\": {\r\n    \"vmId\": \"51b8a082-e5fc-443c-9c3b-dadded0dacd6\",\r\n
        \   \"hardwareProfile\": {\r\n      \"vmSize\": \"Standard_DS1_v2\"\r\n    },\r\n
        \   \"storageProfile\": {\r\n      \"imageReference\": {\r\n        \"publisher\":
        \"OpenLogic\",\r\n        \"offer\": \"CentOS\",\r\n        \"sku\": \"7.5\",\r\n
        \       \"version\": \"latest\",\r\n        \"exactVersion\": \"7.5.201808150\"\r\n
        \     },\r\n      \"osDisk\": {\r\n        \"osType\": \"Linux\",\r\n        \"name\":
        \"vm-simulate-eviction2_OsDisk_1_f88a5a5c06fe4337922fc6c8b89384e5\",\r\n        \"createOption\":
        \"FromImage\",\r\n        \"caching\": \"ReadWrite\",\r\n        \"managedDisk\":
        {\r\n          \"storageAccountType\": \"Premium_LRS\",\r\n          \"id\":
        \"/subscriptions/00000000-0000-0000-0000-000000000000/resourceGroups/cli_test_vm_simulate_eviction000001/providers/Microsoft.Compute/disks/vm-simulate-eviction2_OsDisk_1_f88a5a5c06fe4337922fc6c8b89384e5\"\r\n
        \       },\r\n        \"diskSizeGB\": 30\r\n      },\r\n      \"dataDisks\":
        []\r\n    },\r\n    \"osProfile\": {\r\n      \"computerName\": \"vm-simulate-eviction2\",\r\n
        \     \"adminUsername\": \"azureuser\",\r\n      \"linuxConfiguration\": {\r\n
        \       \"disablePasswordAuthentication\": false,\r\n        \"provisionVMAgent\":
        true,\r\n        \"patchSettings\": {\r\n          \"patchMode\": \"ImageDefault\"\r\n
        \       }\r\n      },\r\n      \"secrets\": [],\r\n      \"allowExtensionOperations\":
        true,\r\n      \"requireGuestProvisionSignal\": true\r\n    },\r\n    \"networkProfile\":
        {\"networkInterfaces\":[{\"id\":\"/subscriptions/00000000-0000-0000-0000-000000000000/resourceGroups/cli_test_vm_simulate_eviction000001/providers/Microsoft.Network/networkInterfaces/vm-simulate-eviction2VMNic\"}]},\r\n
        \   \"provisioningState\": \"Succeeded\",\r\n    \"priority\": \"Spot\",\r\n
        \   \"evictionPolicy\": \"Deallocate\",\r\n    \"billingProfile\": {\r\n      \"maxPrice\":
        -1.0\r\n    },\r\n    \"instanceView\": {\r\n      \"computerName\": \"vm-simulate-eviction2\",\r\n
        \     \"osName\": \"centos\",\r\n      \"osVersion\": \"7.5.1804\",\r\n      \"vmAgent\":
        {\r\n        \"vmAgentVersion\": \"2.9.1.1\",\r\n        \"statuses\": [\r\n
        \         {\r\n            \"code\": \"ProvisioningState/succeeded\",\r\n
        \           \"level\": \"Info\",\r\n            \"displayStatus\": \"Ready\",\r\n
        \           \"message\": \"Guest Agent is running\",\r\n            \"time\":
        \"2023-08-03T05:28:46+00:00\"\r\n          }\r\n        ],\r\n        \"extensionHandlers\":
        []\r\n      },\r\n      \"disks\": [\r\n        {\r\n          \"name\": \"vm-simulate-eviction2_OsDisk_1_f88a5a5c06fe4337922fc6c8b89384e5\",\r\n
        \         \"statuses\": [\r\n            {\r\n              \"code\": \"ProvisioningState/succeeded\",\r\n
        \             \"level\": \"Info\",\r\n              \"displayStatus\": \"Provisioning
        succeeded\",\r\n              \"time\": \"2023-08-03T05:27:46.6337106+00:00\"\r\n
        \           }\r\n          ]\r\n        }\r\n      ],\r\n      \"hyperVGeneration\":
        \"V1\",\r\n      \"statuses\": [\r\n        {\r\n          \"code\": \"ProvisioningState/succeeded\",\r\n
        \         \"level\": \"Info\",\r\n          \"displayStatus\": \"Provisioning
        succeeded\",\r\n          \"time\": \"2023-08-03T05:28:43.0238733+00:00\"\r\n
        \       },\r\n        {\r\n          \"code\": \"PowerState/running\",\r\n
        \         \"level\": \"Info\",\r\n          \"displayStatus\": \"VM running\"\r\n
        \       }\r\n      ]\r\n    }\r\n  }\r\n}"
    headers:
      cache-control:
      - no-cache
      content-length:
      - '3393'
      content-type:
      - application/json; charset=utf-8
      date:
      - Thu, 03 Aug 2023 05:29:03 GMT
      expires:
      - '-1'
      pragma:
      - no-cache
      server:
      - Microsoft-HTTPAPI/2.0
      - Microsoft-HTTPAPI/2.0
      strict-transport-security:
      - max-age=31536000; includeSubDomains
      transfer-encoding:
      - chunked
      vary:
      - Accept-Encoding
      x-content-type-options:
      - nosniff
      x-ms-ratelimit-remaining-resource:
      - Microsoft.Compute/LowCostGet3Min;3992,Microsoft.Compute/LowCostGet30Min;31993
    status:
      code: 200
      message: OK
- request:
    body: null
    headers:
      Accept:
      - application/json
      Accept-Encoding:
      - gzip, deflate
      CommandName:
      - vm create
      Connection:
      - keep-alive
      ParameterSetName:
      - --resource-group --name --admin-username --admin-password --authentication-type
        --location --image --priority --eviction-policy --nsg-rule
      User-Agent:
      - AZURECLI/2.51.0 (AAZ) azsdk-python-core/1.28.0 Python/3.9.13 (Windows-10-10.0.22621-SP0)
    method: GET
    uri: https://management.azure.com/subscriptions/00000000-0000-0000-0000-000000000000/resourceGroups/cli_test_vm_simulate_eviction000001/providers/Microsoft.Network/networkInterfaces/vm-simulate-eviction2VMNic?api-version=2018-11-01
  response:
    body:
      string: "{\r\n  \"name\": \"vm-simulate-eviction2VMNic\",\r\n  \"id\": \"/subscriptions/00000000-0000-0000-0000-000000000000/resourceGroups/cli_test_vm_simulate_eviction000001/providers/Microsoft.Network/networkInterfaces/vm-simulate-eviction2VMNic\",\r\n
        \ \"etag\": \"W/\\\"025ac254-c743-4d0d-9303-3c22d7155e3c\\\"\",\r\n  \"tags\":
        {},\r\n  \"properties\": {\r\n    \"provisioningState\": \"Succeeded\",\r\n
        \   \"resourceGuid\": \"41af52c8-1856-45e6-b1de-9c0065b3671d\",\r\n    \"ipConfigurations\":
        [\r\n      {\r\n        \"name\": \"ipconfigvm-simulate-eviction2\",\r\n        \"id\":
        \"/subscriptions/00000000-0000-0000-0000-000000000000/resourceGroups/cli_test_vm_simulate_eviction000001/providers/Microsoft.Network/networkInterfaces/vm-simulate-eviction2VMNic/ipConfigurations/ipconfigvm-simulate-eviction2\",\r\n
        \       \"etag\": \"W/\\\"025ac254-c743-4d0d-9303-3c22d7155e3c\\\"\",\r\n
        \       \"type\": \"Microsoft.Network/networkInterfaces/ipConfigurations\",\r\n
        \       \"properties\": {\r\n          \"provisioningState\": \"Succeeded\",\r\n
        \         \"privateIPAddress\": \"10.0.0.5\",\r\n          \"privateIPAllocationMethod\":
        \"Dynamic\",\r\n          \"publicIPAddress\": {\r\n            \"id\": \"/subscriptions/00000000-0000-0000-0000-000000000000/resourceGroups/cli_test_vm_simulate_eviction000001/providers/Microsoft.Network/publicIPAddresses/vm-simulate-eviction2PublicIP\"\r\n
        \         },\r\n          \"subnet\": {\r\n            \"id\": \"/subscriptions/00000000-0000-0000-0000-000000000000/resourceGroups/cli_test_vm_simulate_eviction000001/providers/Microsoft.Network/virtualNetworks/vm-simualte-eviction1VNET/subnets/vm-simualte-eviction1Subnet\"\r\n
        \         },\r\n          \"primary\": true,\r\n          \"privateIPAddressVersion\":
        \"IPv4\"\r\n        }\r\n      }\r\n    ],\r\n    \"dnsSettings\": {\r\n      \"dnsServers\":
        [],\r\n      \"appliedDnsServers\": [],\r\n      \"internalDomainNameSuffix\":
        \"3icdgluidksuhafdbtakd01ova.bx.internal.cloudapp.net\"\r\n    },\r\n    \"macAddress\":
        \"00-22-48-33-B5-7C\",\r\n    \"enableAcceleratedNetworking\": false,\r\n
        \   \"enableIPForwarding\": false,\r\n    \"networkSecurityGroup\": {\r\n
        \     \"id\": \"/subscriptions/00000000-0000-0000-0000-000000000000/resourceGroups/cli_test_vm_simulate_eviction000001/providers/Microsoft.Network/networkSecurityGroups/vm-simulate-eviction2NSG\"\r\n
        \   },\r\n    \"primary\": true,\r\n    \"virtualMachine\": {\r\n      \"id\":
        \"/subscriptions/00000000-0000-0000-0000-000000000000/resourceGroups/cli_test_vm_simulate_eviction000001/providers/Microsoft.Compute/virtualMachines/vm-simulate-eviction2\"\r\n
        \   },\r\n    \"hostedWorkloads\": [],\r\n    \"tapConfigurations\": []\r\n
        \ },\r\n  \"type\": \"Microsoft.Network/networkInterfaces\",\r\n  \"location\":
        \"eastus\"\r\n}"
    headers:
      cache-control:
      - no-cache
      content-length:
      - '2566'
      content-type:
      - application/json; charset=utf-8
      date:
      - Thu, 03 Aug 2023 05:29:04 GMT
      etag:
      - W/"025ac254-c743-4d0d-9303-3c22d7155e3c"
      expires:
      - '-1'
      pragma:
      - no-cache
      server:
      - Microsoft-HTTPAPI/2.0
      - Microsoft-HTTPAPI/2.0
      strict-transport-security:
      - max-age=31536000; includeSubDomains
      transfer-encoding:
      - chunked
      vary:
      - Accept-Encoding
      x-content-type-options:
      - nosniff
      x-ms-arm-service-request-id:
      - c0800078-639c-43ac-855e-d9e960130117
    status:
      code: 200
      message: ''
- request:
    body: null
    headers:
      Accept:
      - application/json
      Accept-Encoding:
      - gzip, deflate
      CommandName:
      - vm create
      Connection:
      - keep-alive
      ParameterSetName:
      - --resource-group --name --admin-username --admin-password --authentication-type
        --location --image --priority --eviction-policy --nsg-rule
      User-Agent:
      - AZURECLI/2.51.0 (AAZ) azsdk-python-core/1.28.0 Python/3.9.13 (Windows-10-10.0.22621-SP0)
    method: GET
    uri: https://management.azure.com/subscriptions/00000000-0000-0000-0000-000000000000/resourceGroups/cli_test_vm_simulate_eviction000001/providers/Microsoft.Network/publicIPAddresses/vm-simulate-eviction2PublicIP?api-version=2018-11-01
  response:
    body:
      string: "{\r\n  \"name\": \"vm-simulate-eviction2PublicIP\",\r\n  \"id\": \"/subscriptions/00000000-0000-0000-0000-000000000000/resourceGroups/cli_test_vm_simulate_eviction000001/providers/Microsoft.Network/publicIPAddresses/vm-simulate-eviction2PublicIP\",\r\n
        \ \"etag\": \"W/\\\"7bf30066-5ecf-4cb6-8b9d-147927aed621\\\"\",\r\n  \"location\":
        \"eastus\",\r\n  \"tags\": {},\r\n  \"properties\": {\r\n    \"provisioningState\":
        \"Succeeded\",\r\n    \"resourceGuid\": \"3679f67b-d79d-4828-99bd-bdbfd579c774\",\r\n
        \   \"ipAddress\": \"172.171.211.221\",\r\n    \"publicIPAddressVersion\":
        \"IPv4\",\r\n    \"publicIPAllocationMethod\": \"Dynamic\",\r\n    \"idleTimeoutInMinutes\":
        4,\r\n    \"ipTags\": [],\r\n    \"ipConfiguration\": {\r\n      \"id\": \"/subscriptions/00000000-0000-0000-0000-000000000000/resourceGroups/cli_test_vm_simulate_eviction000001/providers/Microsoft.Network/networkInterfaces/vm-simulate-eviction2VMNic/ipConfigurations/ipconfigvm-simulate-eviction2\"\r\n
        \   }\r\n  },\r\n  \"type\": \"Microsoft.Network/publicIPAddresses\",\r\n
        \ \"sku\": {\r\n    \"name\": \"Basic\"\r\n  }\r\n}"
    headers:
      cache-control:
      - no-cache
      content-length:
      - '991'
      content-type:
      - application/json; charset=utf-8
      date:
      - Thu, 03 Aug 2023 05:29:06 GMT
      etag:
      - W/"7bf30066-5ecf-4cb6-8b9d-147927aed621"
      expires:
      - '-1'
      pragma:
      - no-cache
      server:
      - Microsoft-HTTPAPI/2.0
      - Microsoft-HTTPAPI/2.0
      strict-transport-security:
      - max-age=31536000; includeSubDomains
      transfer-encoding:
      - chunked
      vary:
      - Accept-Encoding
      x-content-type-options:
      - nosniff
      x-ms-arm-service-request-id:
      - 81ffae00-06c1-46a9-beff-2a18cb4c2ec1
    status:
      code: 200
      message: ''
- request:
    body: null
    headers:
      Accept:
      - '*/*'
      Accept-Encoding:
      - gzip, deflate
      CommandName:
      - vm simulate-eviction
      Connection:
      - keep-alive
      Content-Length:
      - '0'
      ParameterSetName:
      - --resource-group --name
      User-Agent:
      - AZURECLI/2.51.0 (AAZ) azsdk-python-core/1.28.0 Python/3.9.13 (Windows-10-10.0.22621-SP0)
    method: POST
    uri: https://management.azure.com/subscriptions/00000000-0000-0000-0000-000000000000/resourceGroups/cli_test_vm_simulate_eviction000001/providers/Microsoft.Compute/virtualMachines/vm-simulate-eviction2/simulateEviction?api-version=2020-06-01
  response:
    body:
      string: ''
    headers:
      cache-control:
      - no-cache
      date:
      - Thu, 03 Aug 2023 05:29:08 GMT
      expires:
      - '-1'
      pragma:
      - no-cache
      server:
      - Microsoft-HTTPAPI/2.0
      - Microsoft-HTTPAPI/2.0
      strict-transport-security:
      - max-age=31536000; includeSubDomains
      x-content-type-options:
      - nosniff
      x-ms-ratelimit-remaining-resource:
      - Microsoft.Compute/DeleteVM3Min;238,Microsoft.Compute/DeleteVM30Min;1198
      x-ms-ratelimit-remaining-subscription-writes:
      - '1199'
    status:
      code: 204
      message: No Content
- request:
    body: null
    headers:
      Accept:
      - application/json
      Accept-Encoding:
      - gzip, deflate
      CommandName:
      - vm get-instance-view
      Connection:
      - keep-alive
      ParameterSetName:
      - --resource-group --name
      User-Agent:
      - AZURECLI/2.51.0 azsdk-python-azure-mgmt-compute/30.0.0 Python/3.9.13 (Windows-10-10.0.22621-SP0)
    method: GET
    uri: https://management.azure.com/subscriptions/00000000-0000-0000-0000-000000000000/resourceGroups/cli_test_vm_simulate_eviction000001/providers/Microsoft.Compute/virtualMachines/vm-simulate-eviction2?$expand=instanceView&api-version=2020-06-01
  response:
    body:
      string: "{\r\n  \"name\": \"vm-simulate-eviction2\",\r\n  \"id\": \"/subscriptions/00000000-0000-0000-0000-000000000000/resourceGroups/cli_test_vm_simulate_eviction000001/providers/Microsoft.Compute/virtualMachines/vm-simulate-eviction2\",\r\n
        \ \"type\": \"Microsoft.Compute/virtualMachines\",\r\n  \"location\": \"eastus\",\r\n
        \ \"tags\": {},\r\n  \"properties\": {\r\n    \"vmId\": \"51b8a082-e5fc-443c-9c3b-dadded0dacd6\",\r\n
        \   \"hardwareProfile\": {\r\n      \"vmSize\": \"Standard_DS1_v2\"\r\n    },\r\n
        \   \"storageProfile\": {\r\n      \"imageReference\": {\r\n        \"publisher\":
        \"OpenLogic\",\r\n        \"offer\": \"CentOS\",\r\n        \"sku\": \"7.5\",\r\n
        \       \"version\": \"latest\",\r\n        \"exactVersion\": \"7.5.201808150\"\r\n
        \     },\r\n      \"osDisk\": {\r\n        \"osType\": \"Linux\",\r\n        \"name\":
        \"vm-simulate-eviction2_OsDisk_1_f88a5a5c06fe4337922fc6c8b89384e5\",\r\n        \"createOption\":
        \"FromImage\",\r\n        \"caching\": \"ReadWrite\",\r\n        \"managedDisk\":
        {\r\n          \"id\": \"/subscriptions/00000000-0000-0000-0000-000000000000/resourceGroups/cli_test_vm_simulate_eviction000001/providers/Microsoft.Compute/disks/vm-simulate-eviction2_OsDisk_1_f88a5a5c06fe4337922fc6c8b89384e5\"\r\n
        \       }\r\n      },\r\n      \"dataDisks\": []\r\n    },\r\n    \"osProfile\":
        {\r\n      \"computerName\": \"vm-simulate-eviction2\",\r\n      \"adminUsername\":
        \"azureuser\",\r\n      \"linuxConfiguration\": {\r\n        \"disablePasswordAuthentication\":
        false,\r\n        \"provisionVMAgent\": true,\r\n        \"patchSettings\":
        {\r\n          \"patchMode\": \"ImageDefault\"\r\n        }\r\n      },\r\n
        \     \"secrets\": [],\r\n      \"allowExtensionOperations\": true,\r\n      \"requireGuestProvisionSignal\":
        true\r\n    },\r\n    \"networkProfile\": {\"networkInterfaces\":[{\"id\":\"/subscriptions/00000000-0000-0000-0000-000000000000/resourceGroups/cli_test_vm_simulate_eviction000001/providers/Microsoft.Network/networkInterfaces/vm-simulate-eviction2VMNic\"}]},\r\n
        \   \"provisioningState\": \"Succeeded\",\r\n    \"priority\": \"Spot\",\r\n
        \   \"evictionPolicy\": \"Deallocate\",\r\n    \"billingProfile\": {\r\n      \"maxPrice\":
        -1.0\r\n    },\r\n    \"instanceView\": {\r\n      \"disks\": [\r\n        {\r\n
        \         \"name\": \"vm-simulate-eviction2_OsDisk_1_f88a5a5c06fe4337922fc6c8b89384e5\",\r\n
        \         \"statuses\": [\r\n            {\r\n              \"code\": \"ProvisioningState/succeeded\",\r\n
        \             \"level\": \"Info\",\r\n              \"displayStatus\": \"Provisioning
        succeeded\",\r\n              \"time\": \"2023-08-03T05:30:02.9763558+00:00\"\r\n
        \           }\r\n          ]\r\n        }\r\n      ],\r\n      \"hyperVGeneration\":
        \"V1\",\r\n      \"statuses\": [\r\n        {\r\n          \"code\": \"ProvisioningState/succeeded\",\r\n
        \         \"level\": \"Info\",\r\n          \"displayStatus\": \"Provisioning
        succeeded\",\r\n          \"time\": \"2023-08-03T05:30:02.9763558+00:00\"\r\n
        \       },\r\n        {\r\n          \"code\": \"PowerState/deallocated\",\r\n
        \         \"level\": \"Info\",\r\n          \"displayStatus\": \"VM deallocated\"\r\n
        \       }\r\n      ]\r\n    }\r\n  }\r\n}"
    headers:
      cache-control:
      - no-cache
      content-length:
      - '2837'
      content-type:
      - application/json; charset=utf-8
      date:
      - Thu, 03 Aug 2023 05:32:10 GMT
      expires:
      - '-1'
      pragma:
      - no-cache
      server:
      - Microsoft-HTTPAPI/2.0
      - Microsoft-HTTPAPI/2.0
      strict-transport-security:
      - max-age=31536000; includeSubDomains
      transfer-encoding:
      - chunked
      vary:
      - Accept-Encoding
      x-content-type-options:
      - nosniff
      x-ms-ratelimit-remaining-resource:
      - Microsoft.Compute/LowCostGet3Min;3997,Microsoft.Compute/LowCostGet30Min;31991
    status:
      code: 200
      message: OK
- request:
    body: null
    headers:
      Accept:
      - application/json
      Accept-Encoding:
      - gzip, deflate
      CommandName:
      - vm create
      Connection:
      - keep-alive
      ParameterSetName:
      - --resource-group --name --admin-username --admin-password --authentication-type
        --location --image --priority --eviction-policy --nsg-rule
      User-Agent:
      - AZURECLI/2.51.0 azsdk-python-azure-mgmt-compute/30.0.0 Python/3.9.13 (Windows-10-10.0.22621-SP0)
    method: GET
    uri: https://management.azure.com/subscriptions/00000000-0000-0000-0000-000000000000/providers/Microsoft.Compute/locations/eastus/publishers/OpenLogic/artifacttypes/vmimage/offers/CentOS/skus/7.5/versions?$top=1&$orderby=name%20desc&api-version=2020-06-01
  response:
    body:
      string: "[\r\n  {\r\n    \"location\": \"eastus\",\r\n    \"name\": \"7.5.201808150\",\r\n
        \   \"id\": \"/Subscriptions/00000000-0000-0000-0000-000000000000/Providers/Microsoft.Compute/Locations/eastus/Publishers/OpenLogic/ArtifactTypes/VMImage/Offers/CentOS/Skus/7.5/Versions/7.5.201808150\"\r\n
        \ }\r\n]"
    headers:
      cache-control:
      - no-cache
      content-length:
      - '270'
      content-type:
      - application/json; charset=utf-8
      date:
      - Thu, 03 Aug 2023 05:32:12 GMT
      expires:
      - '-1'
      pragma:
      - no-cache
      server:
      - Microsoft-HTTPAPI/2.0
      - Microsoft-HTTPAPI/2.0
      strict-transport-security:
      - max-age=31536000; includeSubDomains
      transfer-encoding:
      - chunked
      vary:
      - Accept-Encoding
      x-content-type-options:
      - nosniff
      x-ms-ratelimit-remaining-resource:
      - Microsoft.Compute/ListVMImagesVersionsFromLocation3Min;15999,Microsoft.Compute/ListVMImagesVersionsFromLocation30Min;43994
    status:
      code: 200
      message: OK
- request:
    body: null
    headers:
      Accept:
      - application/json
      Accept-Encoding:
      - gzip, deflate
      CommandName:
      - vm create
      Connection:
      - keep-alive
      ParameterSetName:
      - --resource-group --name --admin-username --admin-password --authentication-type
        --location --image --priority --eviction-policy --nsg-rule
      User-Agent:
      - AZURECLI/2.51.0 azsdk-python-azure-mgmt-compute/30.0.0 Python/3.9.13 (Windows-10-10.0.22621-SP0)
    method: GET
    uri: https://management.azure.com/subscriptions/00000000-0000-0000-0000-000000000000/providers/Microsoft.Compute/locations/eastus/publishers/OpenLogic/artifacttypes/vmimage/offers/CentOS/skus/7.5/versions/7.5.201808150?api-version=2020-06-01
  response:
    body:
      string: "{\r\n  \"properties\": {\r\n    \"hyperVGeneration\": \"V1\",\r\n    \"architecture\":
        \"x64\",\r\n    \"replicaType\": \"Unmanaged\",\r\n    \"disallowed\": {\r\n
        \     \"vmDiskType\": \"None\"\r\n    },\r\n    \"automaticOSUpgradeProperties\":
        {\r\n      \"automaticOSUpgradeSupported\": true\r\n    },\r\n    \"imageDeprecationStatus\":
        {\r\n      \"imageState\": \"Active\"\r\n    },\r\n    \"osDiskImage\": {\r\n
        \     \"operatingSystem\": \"Linux\",\r\n      \"sizeInGb\": 30,\r\n      \"sizeInBytes\":
        32212255232\r\n    },\r\n    \"dataDiskImages\": []\r\n  },\r\n  \"location\":
        \"eastus\",\r\n  \"name\": \"7.5.201808150\",\r\n  \"id\": \"/Subscriptions/00000000-0000-0000-0000-000000000000/Providers/Microsoft.Compute/Locations/eastus/Publishers/OpenLogic/ArtifactTypes/VMImage/Offers/CentOS/Skus/7.5/Versions/7.5.201808150\"\r\n}"
    headers:
      cache-control:
      - no-cache
      content-length:
      - '737'
      content-type:
      - application/json; charset=utf-8
      date:
      - Thu, 03 Aug 2023 05:32:13 GMT
      expires:
      - '-1'
      pragma:
      - no-cache
      server:
      - Microsoft-HTTPAPI/2.0
      - Microsoft-HTTPAPI/2.0
      strict-transport-security:
      - max-age=31536000; includeSubDomains
      transfer-encoding:
      - chunked
      vary:
      - Accept-Encoding
      x-content-type-options:
      - nosniff
      x-ms-ratelimit-remaining-resource:
      - Microsoft.Compute/GetVMImageFromLocation3Min;12999,Microsoft.Compute/GetVMImageFromLocation30Min;73996
    status:
      code: 200
      message: OK
- request:
    body: null
    headers:
      Accept:
      - application/json
      Accept-Encoding:
      - gzip, deflate
      CommandName:
      - vm create
      Connection:
      - keep-alive
      ParameterSetName:
      - --resource-group --name --admin-username --admin-password --authentication-type
        --location --image --priority --eviction-policy --nsg-rule
      User-Agent:
      - AZURECLI/2.51.0 (AAZ) azsdk-python-core/1.28.0 Python/3.9.13 (Windows-10-10.0.22621-SP0)
    method: GET
    uri: https://management.azure.com/subscriptions/00000000-0000-0000-0000-000000000000/resourceGroups/cli_test_vm_simulate_eviction000001/providers/Microsoft.Network/virtualNetworks?api-version=2018-11-01
  response:
    body:
      string: "{\r\n  \"value\": [\r\n    {\r\n      \"name\": \"vm-simualte-eviction1VNET\",\r\n
        \     \"id\": \"/subscriptions/00000000-0000-0000-0000-000000000000/resourceGroups/cli_test_vm_simulate_eviction000001/providers/Microsoft.Network/virtualNetworks/vm-simualte-eviction1VNET\",\r\n
        \     \"etag\": \"W/\\\"554bbe2c-b2d3-44c9-9929-3d047241fa34\\\"\",\r\n      \"type\":
        \"Microsoft.Network/virtualNetworks\",\r\n      \"location\": \"eastus\",\r\n
        \     \"tags\": {},\r\n      \"properties\": {\r\n        \"provisioningState\":
        \"Succeeded\",\r\n        \"resourceGuid\": \"2e3304ea-1a88-43a5-80a3-0cc0a1eb6ea8\",\r\n
        \       \"addressSpace\": {\r\n          \"addressPrefixes\": [\r\n            \"10.0.0.0/16\"\r\n
        \         ]\r\n        },\r\n        \"subnets\": [\r\n          {\r\n            \"name\":
        \"vm-simualte-eviction1Subnet\",\r\n            \"id\": \"/subscriptions/00000000-0000-0000-0000-000000000000/resourceGroups/cli_test_vm_simulate_eviction000001/providers/Microsoft.Network/virtualNetworks/vm-simualte-eviction1VNET/subnets/vm-simualte-eviction1Subnet\",\r\n
        \           \"etag\": \"W/\\\"554bbe2c-b2d3-44c9-9929-3d047241fa34\\\"\",\r\n
        \           \"properties\": {\r\n              \"provisioningState\": \"Succeeded\",\r\n
        \             \"addressPrefix\": \"10.0.0.0/24\",\r\n              \"ipConfigurations\":
        [\r\n                {\r\n                  \"id\": \"/subscriptions/00000000-0000-0000-0000-000000000000/resourceGroups/cli_test_vm_simulate_eviction000001/providers/Microsoft.Network/networkInterfaces/vm-simualte-eviction1VMNic/ipConfigurations/ipconfigvm-simualte-eviction1\"\r\n
        \               },\r\n                {\r\n                  \"id\": \"/subscriptions/00000000-0000-0000-0000-000000000000/resourceGroups/cli_test_vm_simulate_eviction000001/providers/Microsoft.Network/networkInterfaces/vm-simulate-eviction2VMNic/ipConfigurations/ipconfigvm-simulate-eviction2\"\r\n
        \               }\r\n              ],\r\n              \"delegations\": []\r\n
        \           },\r\n            \"type\": \"Microsoft.Network/virtualNetworks/subnets\"\r\n
        \         }\r\n        ],\r\n        \"virtualNetworkPeerings\": [],\r\n        \"enableDdosProtection\":
        false\r\n      }\r\n    }\r\n  ]\r\n}"
    headers:
      cache-control:
      - no-cache
      content-length:
      - '2041'
      content-type:
      - application/json; charset=utf-8
      date:
      - Thu, 03 Aug 2023 05:32:14 GMT
      expires:
      - '-1'
      pragma:
      - no-cache
      server:
      - Microsoft-HTTPAPI/2.0
      - Microsoft-HTTPAPI/2.0
      strict-transport-security:
      - max-age=31536000; includeSubDomains
      transfer-encoding:
      - chunked
      vary:
      - Accept-Encoding
      x-content-type-options:
      - nosniff
      x-ms-arm-service-request-id:
      - 2ae66c8c-6f33-4478-bec2-f2d25cdffa92
    status:
      code: 200
      message: ''
- request:
    body: '{"properties": {"template": {"$schema": "https://schema.management.azure.com/schemas/2015-01-01/deploymentTemplate.json#",
      "contentVersion": "1.0.0.0", "parameters": {"adminPassword": {"type": "securestring",
      "metadata": {"description": "Secure adminPassword"}}}, "variables": {}, "resources":
      [{"type": "Microsoft.Network/networkSecurityGroups", "name": "vm-simulate-eviction3NSG",
      "apiVersion": "2015-06-15", "location": "eastus", "tags": {}, "dependsOn": []},
      {"apiVersion": "2018-11-01", "type": "Microsoft.Network/publicIPAddresses",
      "name": "vm-simulate-eviction3PublicIP", "location": "eastus", "tags": {}, "dependsOn":
      [], "properties": {"publicIPAllocationMethod": null}}, {"apiVersion": "2015-06-15",
      "type": "Microsoft.Network/networkInterfaces", "name": "vm-simulate-eviction3VMNic",
      "location": "eastus", "tags": {}, "dependsOn": ["Microsoft.Network/networkSecurityGroups/vm-simulate-eviction3NSG",
      "Microsoft.Network/publicIpAddresses/vm-simulate-eviction3PublicIP"], "properties":
      {"ipConfigurations": [{"name": "ipconfigvm-simulate-eviction3", "properties":
      {"privateIPAllocationMethod": "Dynamic", "subnet": {"id": "/subscriptions/00000000-0000-0000-0000-000000000000/resourceGroups/cli_test_vm_simulate_eviction000001/providers/Microsoft.Network/virtualNetworks/vm-simualte-eviction1VNET/subnets/vm-simualte-eviction1Subnet"},
      "publicIPAddress": {"id": "/subscriptions/00000000-0000-0000-0000-000000000000/resourceGroups/cli_test_vm_simulate_eviction000001/providers/Microsoft.Network/publicIPAddresses/vm-simulate-eviction3PublicIP"}}}],
      "networkSecurityGroup": {"id": "/subscriptions/00000000-0000-0000-0000-000000000000/resourceGroups/cli_test_vm_simulate_eviction000001/providers/Microsoft.Network/networkSecurityGroups/vm-simulate-eviction3NSG"}}},
      {"apiVersion": "2020-06-01", "type": "Microsoft.Compute/virtualMachines", "name":
      "vm-simulate-eviction3", "location": "eastus", "tags": {}, "dependsOn": ["Microsoft.Network/networkInterfaces/vm-simulate-eviction3VMNic"],
      "properties": {"hardwareProfile": {"vmSize": "Standard_DS1_v2"}, "networkProfile":
      {"networkInterfaces": [{"id": "/subscriptions/00000000-0000-0000-0000-000000000000/resourceGroups/cli_test_vm_simulate_eviction000001/providers/Microsoft.Network/networkInterfaces/vm-simulate-eviction3VMNic",
      "properties": {"deleteOption": null}}]}, "storageProfile": {"osDisk": {"createOption":
      "fromImage", "name": null, "caching": "ReadWrite", "managedDisk": {"storageAccountType":
      null}}, "imageReference": {"publisher": "OpenLogic", "offer": "CentOS", "sku":
      "7.5", "version": "latest"}}, "osProfile": {"computerName": "vm-simulate-eviction3",
      "adminUsername": "azureuser", "adminPassword": "[parameters(''adminPassword'')]"},
      "priority": "Spot", "evictionPolicy": "Delete"}}], "outputs": {}}, "parameters":
      {"adminPassword": {"value": "testPassword0"}}, "mode": "incremental"}}'
    headers:
      Accept:
      - application/json
      Accept-Encoding:
      - gzip, deflate
      CommandName:
      - vm create
      Connection:
      - keep-alive
      Content-Length:
      - '2858'
      Content-Type:
      - application/json
      ParameterSetName:
      - --resource-group --name --admin-username --admin-password --authentication-type
        --location --image --priority --eviction-policy --nsg-rule
      User-Agent:
      - AZURECLI/2.51.0 azsdk-python-azure-mgmt-resource/23.1.0b2 Python/3.9.13 (Windows-10-10.0.22621-SP0)
    method: PUT
    uri: https://management.azure.com/subscriptions/00000000-0000-0000-0000-000000000000/resourcegroups/cli_test_vm_simulate_eviction000001/providers/Microsoft.Resources/deployments/mock-deployment?api-version=2019-10-01
  response:
    body:
      string: '{"id":"/subscriptions/00000000-0000-0000-0000-000000000000/resourceGroups/cli_test_vm_simulate_eviction000001/providers/Microsoft.Resources/deployments/vm_deploy_YX7r3ghpROjptWavZaPLsOtJHjM2ULw4","name":"vm_deploy_YX7r3ghpROjptWavZaPLsOtJHjM2ULw4","type":"Microsoft.Resources/deployments","properties":{"templateHash":"18077056988733549075","parameters":{"adminPassword":{"type":"SecureString"}},"mode":"Incremental","provisioningState":"Accepted","timestamp":"2023-08-03T05:32:21.6525514Z","duration":"PT0.0003456S","correlationId":"a247b802-d2ad-4660-9d74-b0c72f71601b","providers":[{"namespace":"Microsoft.Network","resourceTypes":[{"resourceType":"networkSecurityGroups","locations":["eastus"]},{"resourceType":"publicIPAddresses","locations":["eastus"]},{"resourceType":"networkInterfaces","locations":["eastus"]}]},{"namespace":"Microsoft.Compute","resourceTypes":[{"resourceType":"virtualMachines","locations":["eastus"]}]}],"dependencies":[{"dependsOn":[{"id":"/subscriptions/00000000-0000-0000-0000-000000000000/resourceGroups/cli_test_vm_simulate_eviction000001/providers/Microsoft.Network/networkSecurityGroups/vm-simulate-eviction3NSG","resourceType":"Microsoft.Network/networkSecurityGroups","resourceName":"vm-simulate-eviction3NSG"},{"id":"/subscriptions/00000000-0000-0000-0000-000000000000/resourceGroups/cli_test_vm_simulate_eviction000001/providers/Microsoft.Network/publicIPAddresses/vm-simulate-eviction3PublicIP","resourceType":"Microsoft.Network/publicIPAddresses","resourceName":"vm-simulate-eviction3PublicIP"}],"id":"/subscriptions/00000000-0000-0000-0000-000000000000/resourceGroups/cli_test_vm_simulate_eviction000001/providers/Microsoft.Network/networkInterfaces/vm-simulate-eviction3VMNic","resourceType":"Microsoft.Network/networkInterfaces","resourceName":"vm-simulate-eviction3VMNic"},{"dependsOn":[{"id":"/subscriptions/00000000-0000-0000-0000-000000000000/resourceGroups/cli_test_vm_simulate_eviction000001/providers/Microsoft.Network/networkInterfaces/vm-simulate-eviction3VMNic","resourceType":"Microsoft.Network/networkInterfaces","resourceName":"vm-simulate-eviction3VMNic"}],"id":"/subscriptions/00000000-0000-0000-0000-000000000000/resourceGroups/cli_test_vm_simulate_eviction000001/providers/Microsoft.Compute/virtualMachines/vm-simulate-eviction3","resourceType":"Microsoft.Compute/virtualMachines","resourceName":"vm-simulate-eviction3"}]}}'
    headers:
      azure-asyncoperation:
      - https://management.azure.com/subscriptions/00000000-0000-0000-0000-000000000000/resourcegroups/cli_test_vm_simulate_eviction000001/providers/Microsoft.Resources/deployments/vm_deploy_YX7r3ghpROjptWavZaPLsOtJHjM2ULw4/operationStatuses/08585105661470796743?api-version=2019-10-01
      cache-control:
      - no-cache
      content-length:
      - '2384'
      content-type:
      - application/json; charset=utf-8
      date:
      - Thu, 03 Aug 2023 05:32:22 GMT
      expires:
      - '-1'
      pragma:
      - no-cache
      strict-transport-security:
      - max-age=31536000; includeSubDomains
      x-content-type-options:
      - nosniff
      x-ms-ratelimit-remaining-subscription-writes:
      - '1199'
    status:
      code: 201
      message: Created
- request:
    body: null
    headers:
      Accept:
      - '*/*'
      Accept-Encoding:
      - gzip, deflate
      CommandName:
      - vm create
      Connection:
      - keep-alive
      ParameterSetName:
      - --resource-group --name --admin-username --admin-password --authentication-type
        --location --image --priority --eviction-policy --nsg-rule
      User-Agent:
      - AZURECLI/2.51.0 azsdk-python-azure-mgmt-resource/23.1.0b2 Python/3.9.13 (Windows-10-10.0.22621-SP0)
    method: GET
    uri: https://management.azure.com/subscriptions/00000000-0000-0000-0000-000000000000/resourcegroups/cli_test_vm_simulate_eviction000001/providers/Microsoft.Resources/deployments/mock-deployment/operationStatuses/08585105661470796743?api-version=2019-10-01
  response:
    body:
      string: '{"status":"Running"}'
    headers:
      cache-control:
      - no-cache
      content-length:
      - '20'
      content-type:
      - application/json; charset=utf-8
      date:
      - Thu, 03 Aug 2023 05:32:24 GMT
      expires:
      - '-1'
      pragma:
      - no-cache
      strict-transport-security:
      - max-age=31536000; includeSubDomains
      vary:
      - Accept-Encoding
      x-content-type-options:
      - nosniff
    status:
      code: 200
      message: OK
- request:
    body: null
    headers:
      Accept:
      - '*/*'
      Accept-Encoding:
      - gzip, deflate
      CommandName:
      - vm create
      Connection:
      - keep-alive
      ParameterSetName:
      - --resource-group --name --admin-username --admin-password --authentication-type
        --location --image --priority --eviction-policy --nsg-rule
      User-Agent:
      - AZURECLI/2.51.0 azsdk-python-azure-mgmt-resource/23.1.0b2 Python/3.9.13 (Windows-10-10.0.22621-SP0)
    method: GET
    uri: https://management.azure.com/subscriptions/00000000-0000-0000-0000-000000000000/resourcegroups/cli_test_vm_simulate_eviction000001/providers/Microsoft.Resources/deployments/mock-deployment/operationStatuses/08585105661470796743?api-version=2019-10-01
  response:
    body:
      string: '{"status":"Running"}'
    headers:
      cache-control:
      - no-cache
      content-length:
      - '20'
      content-type:
      - application/json; charset=utf-8
      date:
      - Thu, 03 Aug 2023 05:32:54 GMT
      expires:
      - '-1'
      pragma:
      - no-cache
      strict-transport-security:
      - max-age=31536000; includeSubDomains
      vary:
      - Accept-Encoding
      x-content-type-options:
      - nosniff
    status:
      code: 200
      message: OK
- request:
    body: null
    headers:
      Accept:
      - '*/*'
      Accept-Encoding:
      - gzip, deflate
      CommandName:
      - vm create
      Connection:
      - keep-alive
      ParameterSetName:
      - --resource-group --name --admin-username --admin-password --authentication-type
        --location --image --priority --eviction-policy --nsg-rule
      User-Agent:
      - AZURECLI/2.51.0 azsdk-python-azure-mgmt-resource/23.1.0b2 Python/3.9.13 (Windows-10-10.0.22621-SP0)
    method: GET
    uri: https://management.azure.com/subscriptions/00000000-0000-0000-0000-000000000000/resourcegroups/cli_test_vm_simulate_eviction000001/providers/Microsoft.Resources/deployments/mock-deployment/operationStatuses/08585105661470796743?api-version=2019-10-01
  response:
    body:
      string: '{"status":"Running"}'
    headers:
      cache-control:
      - no-cache
      content-length:
      - '20'
      content-type:
      - application/json; charset=utf-8
      date:
      - Thu, 03 Aug 2023 05:33:26 GMT
      expires:
      - '-1'
      pragma:
      - no-cache
      strict-transport-security:
      - max-age=31536000; includeSubDomains
      vary:
      - Accept-Encoding
      x-content-type-options:
      - nosniff
    status:
      code: 200
      message: OK
- request:
    body: null
    headers:
      Accept:
      - '*/*'
      Accept-Encoding:
      - gzip, deflate
      CommandName:
      - vm create
      Connection:
      - keep-alive
      ParameterSetName:
      - --resource-group --name --admin-username --admin-password --authentication-type
        --location --image --priority --eviction-policy --nsg-rule
      User-Agent:
      - AZURECLI/2.51.0 azsdk-python-azure-mgmt-resource/23.1.0b2 Python/3.9.13 (Windows-10-10.0.22621-SP0)
    method: GET
    uri: https://management.azure.com/subscriptions/00000000-0000-0000-0000-000000000000/resourcegroups/cli_test_vm_simulate_eviction000001/providers/Microsoft.Resources/deployments/mock-deployment/operationStatuses/08585105661470796743?api-version=2019-10-01
  response:
    body:
      string: '{"status":"Running"}'
    headers:
      cache-control:
      - no-cache
      content-length:
      - '20'
      content-type:
      - application/json; charset=utf-8
      date:
      - Thu, 03 Aug 2023 05:33:57 GMT
      expires:
      - '-1'
      pragma:
      - no-cache
      strict-transport-security:
      - max-age=31536000; includeSubDomains
      vary:
      - Accept-Encoding
      x-content-type-options:
      - nosniff
    status:
      code: 200
      message: OK
- request:
    body: null
    headers:
      Accept:
      - '*/*'
      Accept-Encoding:
      - gzip, deflate
      CommandName:
      - vm create
      Connection:
      - keep-alive
      ParameterSetName:
      - --resource-group --name --admin-username --admin-password --authentication-type
        --location --image --priority --eviction-policy --nsg-rule
      User-Agent:
      - AZURECLI/2.51.0 azsdk-python-azure-mgmt-resource/23.1.0b2 Python/3.9.13 (Windows-10-10.0.22621-SP0)
    method: GET
    uri: https://management.azure.com/subscriptions/00000000-0000-0000-0000-000000000000/resourcegroups/cli_test_vm_simulate_eviction000001/providers/Microsoft.Resources/deployments/mock-deployment/operationStatuses/08585105661470796743?api-version=2019-10-01
  response:
    body:
      string: '{"status":"Succeeded"}'
    headers:
      cache-control:
      - no-cache
      content-length:
      - '22'
      content-type:
      - application/json; charset=utf-8
      date:
      - Thu, 03 Aug 2023 05:34:28 GMT
      expires:
      - '-1'
      pragma:
      - no-cache
      strict-transport-security:
      - max-age=31536000; includeSubDomains
      vary:
      - Accept-Encoding
      x-content-type-options:
      - nosniff
    status:
      code: 200
      message: OK
- request:
    body: null
    headers:
      Accept:
      - '*/*'
      Accept-Encoding:
      - gzip, deflate
      CommandName:
      - vm create
      Connection:
      - keep-alive
      ParameterSetName:
      - --resource-group --name --admin-username --admin-password --authentication-type
        --location --image --priority --eviction-policy --nsg-rule
      User-Agent:
      - AZURECLI/2.51.0 azsdk-python-azure-mgmt-resource/23.1.0b2 Python/3.9.13 (Windows-10-10.0.22621-SP0)
    method: GET
    uri: https://management.azure.com/subscriptions/00000000-0000-0000-0000-000000000000/resourcegroups/cli_test_vm_simulate_eviction000001/providers/Microsoft.Resources/deployments/mock-deployment?api-version=2019-10-01
  response:
    body:
      string: '{"id":"/subscriptions/00000000-0000-0000-0000-000000000000/resourceGroups/cli_test_vm_simulate_eviction000001/providers/Microsoft.Resources/deployments/vm_deploy_YX7r3ghpROjptWavZaPLsOtJHjM2ULw4","name":"vm_deploy_YX7r3ghpROjptWavZaPLsOtJHjM2ULw4","type":"Microsoft.Resources/deployments","properties":{"templateHash":"18077056988733549075","parameters":{"adminPassword":{"type":"SecureString"}},"mode":"Incremental","provisioningState":"Succeeded","timestamp":"2023-08-03T05:34:05.5536719Z","duration":"PT1M43.9014661S","correlationId":"a247b802-d2ad-4660-9d74-b0c72f71601b","providers":[{"namespace":"Microsoft.Network","resourceTypes":[{"resourceType":"networkSecurityGroups","locations":["eastus"]},{"resourceType":"publicIPAddresses","locations":["eastus"]},{"resourceType":"networkInterfaces","locations":["eastus"]}]},{"namespace":"Microsoft.Compute","resourceTypes":[{"resourceType":"virtualMachines","locations":["eastus"]}]}],"dependencies":[{"dependsOn":[{"id":"/subscriptions/00000000-0000-0000-0000-000000000000/resourceGroups/cli_test_vm_simulate_eviction000001/providers/Microsoft.Network/networkSecurityGroups/vm-simulate-eviction3NSG","resourceType":"Microsoft.Network/networkSecurityGroups","resourceName":"vm-simulate-eviction3NSG"},{"id":"/subscriptions/00000000-0000-0000-0000-000000000000/resourceGroups/cli_test_vm_simulate_eviction000001/providers/Microsoft.Network/publicIPAddresses/vm-simulate-eviction3PublicIP","resourceType":"Microsoft.Network/publicIPAddresses","resourceName":"vm-simulate-eviction3PublicIP"}],"id":"/subscriptions/00000000-0000-0000-0000-000000000000/resourceGroups/cli_test_vm_simulate_eviction000001/providers/Microsoft.Network/networkInterfaces/vm-simulate-eviction3VMNic","resourceType":"Microsoft.Network/networkInterfaces","resourceName":"vm-simulate-eviction3VMNic"},{"dependsOn":[{"id":"/subscriptions/00000000-0000-0000-0000-000000000000/resourceGroups/cli_test_vm_simulate_eviction000001/providers/Microsoft.Network/networkInterfaces/vm-simulate-eviction3VMNic","resourceType":"Microsoft.Network/networkInterfaces","resourceName":"vm-simulate-eviction3VMNic"}],"id":"/subscriptions/00000000-0000-0000-0000-000000000000/resourceGroups/cli_test_vm_simulate_eviction000001/providers/Microsoft.Compute/virtualMachines/vm-simulate-eviction3","resourceType":"Microsoft.Compute/virtualMachines","resourceName":"vm-simulate-eviction3"}],"outputs":{},"outputResources":[{"id":"/subscriptions/00000000-0000-0000-0000-000000000000/resourceGroups/cli_test_vm_simulate_eviction000001/providers/Microsoft.Compute/virtualMachines/vm-simulate-eviction3"},{"id":"/subscriptions/00000000-0000-0000-0000-000000000000/resourceGroups/cli_test_vm_simulate_eviction000001/providers/Microsoft.Network/networkInterfaces/vm-simulate-eviction3VMNic"},{"id":"/subscriptions/00000000-0000-0000-0000-000000000000/resourceGroups/cli_test_vm_simulate_eviction000001/providers/Microsoft.Network/networkSecurityGroups/vm-simulate-eviction3NSG"},{"id":"/subscriptions/00000000-0000-0000-0000-000000000000/resourceGroups/cli_test_vm_simulate_eviction000001/providers/Microsoft.Network/publicIPAddresses/vm-simulate-eviction3PublicIP"}]}}'
    headers:
      cache-control:
      - no-cache
      content-length:
      - '3159'
      content-type:
      - application/json; charset=utf-8
      date:
      - Thu, 03 Aug 2023 05:34:29 GMT
      expires:
      - '-1'
      pragma:
      - no-cache
      strict-transport-security:
      - max-age=31536000; includeSubDomains
      vary:
      - Accept-Encoding
      x-content-type-options:
      - nosniff
    status:
      code: 200
      message: OK
- request:
    body: null
    headers:
      Accept:
      - application/json
      Accept-Encoding:
      - gzip, deflate
      CommandName:
      - vm create
      Connection:
      - keep-alive
      ParameterSetName:
      - --resource-group --name --admin-username --admin-password --authentication-type
        --location --image --priority --eviction-policy --nsg-rule
      User-Agent:
      - AZURECLI/2.51.0 azsdk-python-azure-mgmt-compute/30.0.0 Python/3.9.13 (Windows-10-10.0.22621-SP0)
    method: GET
    uri: https://management.azure.com/subscriptions/00000000-0000-0000-0000-000000000000/resourceGroups/cli_test_vm_simulate_eviction000001/providers/Microsoft.Compute/virtualMachines/vm-simulate-eviction3?$expand=instanceView&api-version=2020-06-01
  response:
    body:
      string: "{\r\n  \"name\": \"vm-simulate-eviction3\",\r\n  \"id\": \"/subscriptions/00000000-0000-0000-0000-000000000000/resourceGroups/cli_test_vm_simulate_eviction000001/providers/Microsoft.Compute/virtualMachines/vm-simulate-eviction3\",\r\n
        \ \"type\": \"Microsoft.Compute/virtualMachines\",\r\n  \"location\": \"eastus\",\r\n
        \ \"tags\": {},\r\n  \"properties\": {\r\n    \"vmId\": \"7b1f8cb4-7cc1-421d-9053-fb899195ca8e\",\r\n
        \   \"hardwareProfile\": {\r\n      \"vmSize\": \"Standard_DS1_v2\"\r\n    },\r\n
        \   \"storageProfile\": {\r\n      \"imageReference\": {\r\n        \"publisher\":
        \"OpenLogic\",\r\n        \"offer\": \"CentOS\",\r\n        \"sku\": \"7.5\",\r\n
        \       \"version\": \"latest\",\r\n        \"exactVersion\": \"7.5.201808150\"\r\n
        \     },\r\n      \"osDisk\": {\r\n        \"osType\": \"Linux\",\r\n        \"name\":
        \"vm-simulate-eviction3_OsDisk_1_418e93d716cf4c5782a887b04f7f99da\",\r\n        \"createOption\":
        \"FromImage\",\r\n        \"caching\": \"ReadWrite\",\r\n        \"managedDisk\":
        {\r\n          \"storageAccountType\": \"Premium_LRS\",\r\n          \"id\":
        \"/subscriptions/00000000-0000-0000-0000-000000000000/resourceGroups/cli_test_vm_simulate_eviction000001/providers/Microsoft.Compute/disks/vm-simulate-eviction3_OsDisk_1_418e93d716cf4c5782a887b04f7f99da\"\r\n
        \       },\r\n        \"diskSizeGB\": 30\r\n      },\r\n      \"dataDisks\":
        []\r\n    },\r\n    \"osProfile\": {\r\n      \"computerName\": \"vm-simulate-eviction3\",\r\n
        \     \"adminUsername\": \"azureuser\",\r\n      \"linuxConfiguration\": {\r\n
        \       \"disablePasswordAuthentication\": false,\r\n        \"provisionVMAgent\":
        true,\r\n        \"patchSettings\": {\r\n          \"patchMode\": \"ImageDefault\"\r\n
        \       }\r\n      },\r\n      \"secrets\": [],\r\n      \"allowExtensionOperations\":
        true,\r\n      \"requireGuestProvisionSignal\": true\r\n    },\r\n    \"networkProfile\":
        {\"networkInterfaces\":[{\"id\":\"/subscriptions/00000000-0000-0000-0000-000000000000/resourceGroups/cli_test_vm_simulate_eviction000001/providers/Microsoft.Network/networkInterfaces/vm-simulate-eviction3VMNic\"}]},\r\n
        \   \"provisioningState\": \"Succeeded\",\r\n    \"priority\": \"Spot\",\r\n
        \   \"evictionPolicy\": \"Delete\",\r\n    \"billingProfile\": {\r\n      \"maxPrice\":
        -1.0\r\n    },\r\n    \"instanceView\": {\r\n      \"computerName\": \"vm-simulate-eviction3\",\r\n
        \     \"osName\": \"centos\",\r\n      \"osVersion\": \"7.5.1804\",\r\n      \"vmAgent\":
        {\r\n        \"vmAgentVersion\": \"2.9.1.1\",\r\n        \"statuses\": [\r\n
        \         {\r\n            \"code\": \"ProvisioningState/succeeded\",\r\n
        \           \"level\": \"Info\",\r\n            \"displayStatus\": \"Ready\",\r\n
        \           \"message\": \"Guest Agent is running\",\r\n            \"time\":
        \"2023-08-03T05:34:04+00:00\"\r\n          }\r\n        ],\r\n        \"extensionHandlers\":
        []\r\n      },\r\n      \"disks\": [\r\n        {\r\n          \"name\": \"vm-simulate-eviction3_OsDisk_1_418e93d716cf4c5782a887b04f7f99da\",\r\n
        \         \"statuses\": [\r\n            {\r\n              \"code\": \"ProvisioningState/succeeded\",\r\n
        \             \"level\": \"Info\",\r\n              \"displayStatus\": \"Provisioning
        succeeded\",\r\n              \"time\": \"2023-08-03T05:33:06.6155175+00:00\"\r\n
        \           }\r\n          ]\r\n        }\r\n      ],\r\n      \"hyperVGeneration\":
        \"V1\",\r\n      \"statuses\": [\r\n        {\r\n          \"code\": \"ProvisioningState/succeeded\",\r\n
        \         \"level\": \"Info\",\r\n          \"displayStatus\": \"Provisioning
        succeeded\",\r\n          \"time\": \"2023-08-03T05:34:01.3963334+00:00\"\r\n
        \       },\r\n        {\r\n          \"code\": \"PowerState/running\",\r\n
        \         \"level\": \"Info\",\r\n          \"displayStatus\": \"VM running\"\r\n
        \       }\r\n      ]\r\n    }\r\n  }\r\n}"
    headers:
      cache-control:
      - no-cache
      content-length:
      - '3389'
      content-type:
      - application/json; charset=utf-8
      date:
      - Thu, 03 Aug 2023 05:34:30 GMT
      expires:
      - '-1'
      pragma:
      - no-cache
      server:
      - Microsoft-HTTPAPI/2.0
      - Microsoft-HTTPAPI/2.0
      strict-transport-security:
      - max-age=31536000; includeSubDomains
      transfer-encoding:
      - chunked
      vary:
      - Accept-Encoding
      x-content-type-options:
      - nosniff
      x-ms-ratelimit-remaining-resource:
      - Microsoft.Compute/LowCostGet3Min;3995,Microsoft.Compute/LowCostGet30Min;31988
    status:
      code: 200
      message: OK
- request:
    body: null
    headers:
      Accept:
      - application/json
      Accept-Encoding:
      - gzip, deflate
      CommandName:
      - vm create
      Connection:
      - keep-alive
      ParameterSetName:
      - --resource-group --name --admin-username --admin-password --authentication-type
        --location --image --priority --eviction-policy --nsg-rule
      User-Agent:
      - AZURECLI/2.51.0 (AAZ) azsdk-python-core/1.28.0 Python/3.9.13 (Windows-10-10.0.22621-SP0)
    method: GET
    uri: https://management.azure.com/subscriptions/00000000-0000-0000-0000-000000000000/resourceGroups/cli_test_vm_simulate_eviction000001/providers/Microsoft.Network/networkInterfaces/vm-simulate-eviction3VMNic?api-version=2018-11-01
  response:
    body:
      string: "{\r\n  \"name\": \"vm-simulate-eviction3VMNic\",\r\n  \"id\": \"/subscriptions/00000000-0000-0000-0000-000000000000/resourceGroups/cli_test_vm_simulate_eviction000001/providers/Microsoft.Network/networkInterfaces/vm-simulate-eviction3VMNic\",\r\n
        \ \"etag\": \"W/\\\"9639065d-968d-45c2-b332-c0bdab8ca653\\\"\",\r\n  \"tags\":
        {},\r\n  \"properties\": {\r\n    \"provisioningState\": \"Succeeded\",\r\n
        \   \"resourceGuid\": \"d432c48b-c3cc-4c0e-8698-b8bc4787178b\",\r\n    \"ipConfigurations\":
        [\r\n      {\r\n        \"name\": \"ipconfigvm-simulate-eviction3\",\r\n        \"id\":
        \"/subscriptions/00000000-0000-0000-0000-000000000000/resourceGroups/cli_test_vm_simulate_eviction000001/providers/Microsoft.Network/networkInterfaces/vm-simulate-eviction3VMNic/ipConfigurations/ipconfigvm-simulate-eviction3\",\r\n
        \       \"etag\": \"W/\\\"9639065d-968d-45c2-b332-c0bdab8ca653\\\"\",\r\n
        \       \"type\": \"Microsoft.Network/networkInterfaces/ipConfigurations\",\r\n
        \       \"properties\": {\r\n          \"provisioningState\": \"Succeeded\",\r\n
        \         \"privateIPAddress\": \"10.0.0.6\",\r\n          \"privateIPAllocationMethod\":
        \"Dynamic\",\r\n          \"publicIPAddress\": {\r\n            \"id\": \"/subscriptions/00000000-0000-0000-0000-000000000000/resourceGroups/cli_test_vm_simulate_eviction000001/providers/Microsoft.Network/publicIPAddresses/vm-simulate-eviction3PublicIP\"\r\n
        \         },\r\n          \"subnet\": {\r\n            \"id\": \"/subscriptions/00000000-0000-0000-0000-000000000000/resourceGroups/cli_test_vm_simulate_eviction000001/providers/Microsoft.Network/virtualNetworks/vm-simualte-eviction1VNET/subnets/vm-simualte-eviction1Subnet\"\r\n
        \         },\r\n          \"primary\": true,\r\n          \"privateIPAddressVersion\":
        \"IPv4\"\r\n        }\r\n      }\r\n    ],\r\n    \"dnsSettings\": {\r\n      \"dnsServers\":
        [],\r\n      \"appliedDnsServers\": [],\r\n      \"internalDomainNameSuffix\":
        \"3icdgluidksuhafdbtakd01ova.bx.internal.cloudapp.net\"\r\n    },\r\n    \"macAddress\":
        \"00-0D-3A-9D-87-D0\",\r\n    \"enableAcceleratedNetworking\": false,\r\n
        \   \"enableIPForwarding\": false,\r\n    \"networkSecurityGroup\": {\r\n
        \     \"id\": \"/subscriptions/00000000-0000-0000-0000-000000000000/resourceGroups/cli_test_vm_simulate_eviction000001/providers/Microsoft.Network/networkSecurityGroups/vm-simulate-eviction3NSG\"\r\n
        \   },\r\n    \"primary\": true,\r\n    \"virtualMachine\": {\r\n      \"id\":
        \"/subscriptions/00000000-0000-0000-0000-000000000000/resourceGroups/cli_test_vm_simulate_eviction000001/providers/Microsoft.Compute/virtualMachines/vm-simulate-eviction3\"\r\n
        \   },\r\n    \"hostedWorkloads\": [],\r\n    \"tapConfigurations\": []\r\n
        \ },\r\n  \"type\": \"Microsoft.Network/networkInterfaces\",\r\n  \"location\":
        \"eastus\"\r\n}"
    headers:
      cache-control:
      - no-cache
      content-length:
      - '2566'
      content-type:
      - application/json; charset=utf-8
      date:
      - Thu, 03 Aug 2023 05:34:32 GMT
      etag:
      - W/"9639065d-968d-45c2-b332-c0bdab8ca653"
      expires:
      - '-1'
      pragma:
      - no-cache
      server:
      - Microsoft-HTTPAPI/2.0
      - Microsoft-HTTPAPI/2.0
      strict-transport-security:
      - max-age=31536000; includeSubDomains
      transfer-encoding:
      - chunked
      vary:
      - Accept-Encoding
      x-content-type-options:
      - nosniff
      x-ms-arm-service-request-id:
      - 8db72bd5-3627-40c3-b942-74e649f0ea5e
    status:
      code: 200
      message: ''
- request:
    body: null
    headers:
      Accept:
      - application/json
      Accept-Encoding:
      - gzip, deflate
      CommandName:
      - vm create
      Connection:
      - keep-alive
      ParameterSetName:
      - --resource-group --name --admin-username --admin-password --authentication-type
        --location --image --priority --eviction-policy --nsg-rule
      User-Agent:
      - AZURECLI/2.51.0 (AAZ) azsdk-python-core/1.28.0 Python/3.9.13 (Windows-10-10.0.22621-SP0)
    method: GET
    uri: https://management.azure.com/subscriptions/00000000-0000-0000-0000-000000000000/resourceGroups/cli_test_vm_simulate_eviction000001/providers/Microsoft.Network/publicIPAddresses/vm-simulate-eviction3PublicIP?api-version=2018-11-01
  response:
    body:
      string: "{\r\n  \"name\": \"vm-simulate-eviction3PublicIP\",\r\n  \"id\": \"/subscriptions/00000000-0000-0000-0000-000000000000/resourceGroups/cli_test_vm_simulate_eviction000001/providers/Microsoft.Network/publicIPAddresses/vm-simulate-eviction3PublicIP\",\r\n
        \ \"etag\": \"W/\\\"d17aee8a-d487-4383-ade8-27fbfa0d7669\\\"\",\r\n  \"location\":
        \"eastus\",\r\n  \"tags\": {},\r\n  \"properties\": {\r\n    \"provisioningState\":
        \"Succeeded\",\r\n    \"resourceGuid\": \"413666c3-8a75-47e2-a214-d23e1cc9014b\",\r\n
        \   \"ipAddress\": \"172.190.192.79\",\r\n    \"publicIPAddressVersion\":
        \"IPv4\",\r\n    \"publicIPAllocationMethod\": \"Dynamic\",\r\n    \"idleTimeoutInMinutes\":
        4,\r\n    \"ipTags\": [],\r\n    \"ipConfiguration\": {\r\n      \"id\": \"/subscriptions/00000000-0000-0000-0000-000000000000/resourceGroups/cli_test_vm_simulate_eviction000001/providers/Microsoft.Network/networkInterfaces/vm-simulate-eviction3VMNic/ipConfigurations/ipconfigvm-simulate-eviction3\"\r\n
        \   }\r\n  },\r\n  \"type\": \"Microsoft.Network/publicIPAddresses\",\r\n
        \ \"sku\": {\r\n    \"name\": \"Basic\"\r\n  }\r\n}"
    headers:
      cache-control:
      - no-cache
      content-length:
      - '990'
      content-type:
      - application/json; charset=utf-8
      date:
      - Thu, 03 Aug 2023 05:34:35 GMT
      etag:
      - W/"d17aee8a-d487-4383-ade8-27fbfa0d7669"
      expires:
      - '-1'
      pragma:
      - no-cache
      server:
      - Microsoft-HTTPAPI/2.0
      - Microsoft-HTTPAPI/2.0
      strict-transport-security:
      - max-age=31536000; includeSubDomains
      transfer-encoding:
      - chunked
      vary:
      - Accept-Encoding
      x-content-type-options:
      - nosniff
      x-ms-arm-service-request-id:
      - 0e80dee0-2f37-4613-a786-3e47462d3dc4
    status:
      code: 200
      message: ''
- request:
    body: null
    headers:
      Accept:
      - '*/*'
      Accept-Encoding:
      - gzip, deflate
      CommandName:
      - vm simulate-eviction
      Connection:
      - keep-alive
      Content-Length:
      - '0'
      ParameterSetName:
      - --resource-group --name
      User-Agent:
      - AZURECLI/2.51.0 (AAZ) azsdk-python-core/1.28.0 Python/3.9.13 (Windows-10-10.0.22621-SP0)
    method: POST
    uri: https://management.azure.com/subscriptions/00000000-0000-0000-0000-000000000000/resourceGroups/cli_test_vm_simulate_eviction000001/providers/Microsoft.Compute/virtualMachines/vm-simulate-eviction3/simulateEviction?api-version=2020-06-01
  response:
    body:
      string: ''
    headers:
      cache-control:
      - no-cache
      date:
      - Thu, 03 Aug 2023 05:34:36 GMT
      expires:
      - '-1'
      pragma:
      - no-cache
      server:
      - Microsoft-HTTPAPI/2.0
      - Microsoft-HTTPAPI/2.0
      strict-transport-security:
      - max-age=31536000; includeSubDomains
      x-content-type-options:
      - nosniff
      x-ms-ratelimit-remaining-resource:
      - Microsoft.Compute/DeleteVM3Min;239,Microsoft.Compute/DeleteVM30Min;1197
      x-ms-ratelimit-remaining-subscription-writes:
      - '1199'
    status:
      code: 204
      message: No Content
- request:
    body: null
    headers:
      Accept:
      - application/json
      Accept-Encoding:
      - gzip, deflate
      CommandName:
      - vm list
      Connection:
      - keep-alive
      ParameterSetName:
      - --resource-group
      User-Agent:
      - AZURECLI/2.51.0 azsdk-python-azure-mgmt-compute/30.0.0 Python/3.9.13 (Windows-10-10.0.22621-SP0)
    method: GET
    uri: https://management.azure.com/subscriptions/00000000-0000-0000-0000-000000000000/resourceGroups/cli_test_vm_simulate_eviction000001/providers/Microsoft.Compute/virtualMachines?api-version=2020-06-01
  response:
    body:
      string: "{\r\n  \"value\": [\r\n    {\r\n      \"name\": \"vm-simualte-eviction1\",\r\n
        \     \"id\": \"/subscriptions/00000000-0000-0000-0000-000000000000/resourceGroups/cli_test_vm_simulate_eviction000001/providers/Microsoft.Compute/virtualMachines/vm-simualte-eviction1\",\r\n
        \     \"type\": \"Microsoft.Compute/virtualMachines\",\r\n      \"location\":
        \"eastus\",\r\n      \"tags\": {},\r\n      \"properties\": {\r\n        \"vmId\":
        \"d6df3a2d-a87b-4b72-93b6-8a2447580ebb\",\r\n        \"hardwareProfile\":
        {\r\n          \"vmSize\": \"Standard_DS1_v2\"\r\n        },\r\n        \"storageProfile\":
        {\r\n          \"imageReference\": {\r\n            \"publisher\": \"OpenLogic\",\r\n
        \           \"offer\": \"CentOS\",\r\n            \"sku\": \"7.5\",\r\n            \"version\":
        \"latest\",\r\n            \"exactVersion\": \"7.5.201808150\"\r\n          },\r\n
        \         \"osDisk\": {\r\n            \"osType\": \"Linux\",\r\n            \"name\":
        \"vm-simualte-eviction1_OsDisk_1_3e8e9df74584426487ef1c0a7f198be5\",\r\n            \"createOption\":
        \"FromImage\",\r\n            \"caching\": \"ReadWrite\",\r\n            \"managedDisk\":
        {\r\n              \"storageAccountType\": \"Premium_LRS\",\r\n              \"id\":
        \"/subscriptions/00000000-0000-0000-0000-000000000000/resourceGroups/cli_test_vm_simulate_eviction000001/providers/Microsoft.Compute/disks/vm-simualte-eviction1_OsDisk_1_3e8e9df74584426487ef1c0a7f198be5\"\r\n
        \           },\r\n            \"diskSizeGB\": 30\r\n          },\r\n          \"dataDisks\":
        []\r\n        },\r\n        \"osProfile\": {\r\n          \"computerName\":
        \"vm-simualte-eviction1\",\r\n          \"adminUsername\": \"azureuser\",\r\n
        \         \"linuxConfiguration\": {\r\n            \"disablePasswordAuthentication\":
        false,\r\n            \"provisionVMAgent\": true,\r\n            \"patchSettings\":
        {\r\n              \"patchMode\": \"ImageDefault\"\r\n            }\r\n          },\r\n
        \         \"secrets\": [],\r\n          \"allowExtensionOperations\": true,\r\n
        \         \"requireGuestProvisionSignal\": true\r\n        },\r\n        \"networkProfile\":
        {\"networkInterfaces\":[{\"id\":\"/subscriptions/00000000-0000-0000-0000-000000000000/resourceGroups/cli_test_vm_simulate_eviction000001/providers/Microsoft.Network/networkInterfaces/vm-simualte-eviction1VMNic\"}]},\r\n
        \       \"provisioningState\": \"Succeeded\",\r\n        \"priority\": \"Regular\"\r\n
        \     }\r\n    },\r\n    {\r\n      \"name\": \"vm-simulate-eviction2\",\r\n
        \     \"id\": \"/subscriptions/00000000-0000-0000-0000-000000000000/resourceGroups/cli_test_vm_simulate_eviction000001/providers/Microsoft.Compute/virtualMachines/vm-simulate-eviction2\",\r\n
        \     \"type\": \"Microsoft.Compute/virtualMachines\",\r\n      \"location\":
        \"eastus\",\r\n      \"tags\": {},\r\n      \"properties\": {\r\n        \"vmId\":
        \"51b8a082-e5fc-443c-9c3b-dadded0dacd6\",\r\n        \"hardwareProfile\":
        {\r\n          \"vmSize\": \"Standard_DS1_v2\"\r\n        },\r\n        \"storageProfile\":
        {\r\n          \"imageReference\": {\r\n            \"publisher\": \"OpenLogic\",\r\n
        \           \"offer\": \"CentOS\",\r\n            \"sku\": \"7.5\",\r\n            \"version\":
        \"latest\",\r\n            \"exactVersion\": \"7.5.201808150\"\r\n          },\r\n
        \         \"osDisk\": {\r\n            \"osType\": \"Linux\",\r\n            \"name\":
        \"vm-simulate-eviction2_OsDisk_1_f88a5a5c06fe4337922fc6c8b89384e5\",\r\n            \"createOption\":
        \"FromImage\",\r\n            \"caching\": \"ReadWrite\",\r\n            \"managedDisk\":
        {\r\n              \"id\": \"/subscriptions/00000000-0000-0000-0000-000000000000/resourceGroups/cli_test_vm_simulate_eviction000001/providers/Microsoft.Compute/disks/vm-simulate-eviction2_OsDisk_1_f88a5a5c06fe4337922fc6c8b89384e5\"\r\n
        \           }\r\n          },\r\n          \"dataDisks\": []\r\n        },\r\n
        \       \"osProfile\": {\r\n          \"computerName\": \"vm-simulate-eviction2\",\r\n
        \         \"adminUsername\": \"azureuser\",\r\n          \"linuxConfiguration\":
        {\r\n            \"disablePasswordAuthentication\": false,\r\n            \"provisionVMAgent\":
        true,\r\n            \"patchSettings\": {\r\n              \"patchMode\":
        \"ImageDefault\"\r\n            }\r\n          },\r\n          \"secrets\":
        [],\r\n          \"allowExtensionOperations\": true,\r\n          \"requireGuestProvisionSignal\":
        true\r\n        },\r\n        \"networkProfile\": {\"networkInterfaces\":[{\"id\":\"/subscriptions/00000000-0000-0000-0000-000000000000/resourceGroups/cli_test_vm_simulate_eviction000001/providers/Microsoft.Network/networkInterfaces/vm-simulate-eviction2VMNic\"}]},\r\n
        \       \"provisioningState\": \"Succeeded\",\r\n        \"priority\": \"Spot\",\r\n
        \       \"evictionPolicy\": \"Deallocate\",\r\n        \"billingProfile\":
        {\r\n          \"maxPrice\": -1.0\r\n        }\r\n      }\r\n    }\r\n  ]\r\n}"
    headers:
      cache-control:
      - no-cache
      content-length:
      - '4400'
      content-type:
      - application/json; charset=utf-8
      date:
      - Thu, 03 Aug 2023 05:37:38 GMT
      expires:
      - '-1'
      pragma:
      - no-cache
      server:
      - Microsoft-HTTPAPI/2.0
      - Microsoft-HTTPAPI/2.0
      strict-transport-security:
      - max-age=31536000; includeSubDomains
      transfer-encoding:
      - chunked
      vary:
      - Accept-Encoding
      x-content-type-options:
      - nosniff
      x-ms-ratelimit-remaining-resource:
      - Microsoft.Compute/HighCostGet3Min;139,Microsoft.Compute/HighCostGet30Min;699
    status:
      code: 200
      message: OK
- request:
    body: null
    headers:
      Accept:
      - application/json
      Accept-Encoding:
      - gzip, deflate
      CommandName:
      - vm show
      Connection:
      - keep-alive
      ParameterSetName:
      - --resource-group --name
      User-Agent:
      - AZURECLI/2.51.0 azsdk-python-azure-mgmt-compute/30.0.0 Python/3.9.13 (Windows-10-10.0.22621-SP0)
    method: GET
    uri: https://management.azure.com/subscriptions/00000000-0000-0000-0000-000000000000/resourceGroups/cli_test_vm_simulate_eviction000001/providers/Microsoft.Compute/virtualMachines/vm-simulate-eviction3?api-version=2020-06-01
  response:
    body:
      string: "{\r\n  \"error\": {\r\n    \"code\": \"NotFound\",\r\n    \"message\":
        \"The entity was not found in this Azure location.\"\r\n  }\r\n}"
    headers:
      cache-control:
      - no-cache
      content-length:
      - '115'
      content-type:
      - application/json; charset=utf-8
      date:
      - Thu, 03 Aug 2023 05:37:40 GMT
      expires:
      - '-1'
      pragma:
      - no-cache
      server:
      - Microsoft-HTTPAPI/2.0
      - Microsoft-HTTPAPI/2.0
      strict-transport-security:
      - max-age=31536000; includeSubDomains
      x-content-type-options:
      - nosniff
      x-ms-ratelimit-remaining-resource:
      - Microsoft.Compute/LowCostGet3Min;3997,Microsoft.Compute/LowCostGet30Min;31986
    status:
      code: 404
      message: Not Found
version: 1
