interactions:
- request:
    body: '{"tags": {"date": "2018-07-20T23:15:08Z", "product": "azurecli", "cause":
      "automation"}, "location": "westus"}'
    headers:
      Accept: [application/json]
      Accept-Encoding: ['gzip, deflate']
      CommandName: [group create]
      Connection: [keep-alive]
      Content-Length: ['110']
      Content-Type: [application/json; charset=utf-8]
      User-Agent: [python/3.5.2 (Windows-10-10.0.17134-SP0) requests/2.19.1 msrest/0.5.4
          msrest_azure/0.4.34 resourcemanagementclient/2.0.0rc2 Azure-SDK-For-Python
          AZURECLI/2.0.43]
      accept-language: [en-US]
    method: PUT
    uri: https://management.azure.com/subscriptions/00000000-0000-0000-0000-000000000000/resourcegroups/cli_test_vm_diagnostics000001?api-version=2018-02-01
  response:
    body: {string: '{"id":"/subscriptions/00000000-0000-0000-0000-000000000000/resourceGroups/cli_test_vm_diagnostics000001","name":"cli_test_vm_diagnostics000001","location":"westus","tags":{"date":"2018-07-20T23:15:08Z","product":"azurecli","cause":"automation"},"properties":{"provisioningState":"Succeeded"}}'}
    headers:
      cache-control: [no-cache]
      content-length: ['384']
      content-type: [application/json; charset=utf-8]
      date: ['Fri, 20 Jul 2018 23:15:08 GMT']
      expires: ['-1']
      pragma: [no-cache]
      strict-transport-security: [max-age=31536000; includeSubDomains]
      x-content-type-options: [nosniff]
      x-ms-ratelimit-remaining-subscription-writes: ['1199']
    status: {code: 201, message: Created}
- request:
    body: '{"sku": {"name": "Standard_LRS"}, "kind": "Storage", "location": "westus"}'
    headers:
      Accept: [application/json]
      Accept-Encoding: ['gzip, deflate']
      CommandName: [storage account create]
      Connection: [keep-alive]
      Content-Length: ['74']
      Content-Type: [application/json; charset=utf-8]
      User-Agent: [python/3.5.2 (Windows-10-10.0.17134-SP0) requests/2.19.1 msrest/0.5.4
          msrest_azure/0.4.34 azure-mgmt-storage/1.5.0 Azure-SDK-For-Python AZURECLI/2.0.43]
      accept-language: [en-US]
    method: PUT
    uri: https://management.azure.com/subscriptions/00000000-0000-0000-0000-000000000000/resourceGroups/cli_test_vm_diagnostics000001/providers/Microsoft.Storage/storageAccounts/clitestbootdiag000002?api-version=2016-01-01
  response:
    body: {string: ''}
    headers:
      cache-control: [no-cache]
      content-length: ['0']
      content-type: [text/plain; charset=utf-8]
      date: ['Fri, 20 Jul 2018 23:15:10 GMT']
      expires: ['-1']
      location: ['https://management.azure.com/subscriptions/00000000-0000-0000-0000-000000000000/providers/Microsoft.Storage/locations/westus/asyncoperations/185d6a93-c9fe-4802-bc10-19c1b9bc3d66?monitor=true&api-version=2016-01-01']
      pragma: [no-cache]
      server: ['Microsoft-Azure-Storage-Resource-Provider/1.0,Microsoft-HTTPAPI/2.0
          Microsoft-HTTPAPI/2.0']
      strict-transport-security: [max-age=31536000; includeSubDomains]
      x-content-type-options: [nosniff]
      x-ms-ratelimit-remaining-subscription-writes: ['1199']
    status: {code: 202, message: Accepted}
- request:
    body: null
    headers:
      Accept: [application/json]
      Accept-Encoding: ['gzip, deflate']
      CommandName: [storage account create]
      Connection: [keep-alive]
      Content-Type: [application/json; charset=utf-8]
      User-Agent: [python/3.5.2 (Windows-10-10.0.17134-SP0) requests/2.19.1 msrest/0.5.4
          msrest_azure/0.4.34 azure-mgmt-storage/1.5.0 Azure-SDK-For-Python AZURECLI/2.0.43]
      accept-language: [en-US]
    method: GET
    uri: https://management.azure.com/subscriptions/00000000-0000-0000-0000-000000000000/providers/Microsoft.Storage/locations/westus/asyncoperations/185d6a93-c9fe-4802-bc10-19c1b9bc3d66?monitor=true&api-version=2016-01-01
  response:
    body: {string: '{"sku":{"name":"Standard_LRS","tier":"Standard"},"kind":"Storage","id":"/subscriptions/00000000-0000-0000-0000-000000000000/resourceGroups/cli_test_vm_diagnostics000001/providers/Microsoft.Storage/storageAccounts/clitestbootdiag000002","name":"clitestbootdiag000002","type":"Microsoft.Storage/storageAccounts","location":"westus","tags":{},"properties":{"encryption":{"services":{"blob":{"enabled":true,"lastEnabledTime":"2018-07-20T23:15:10.7610757Z"}},"keySource":"Microsoft.Storage"},"provisioningState":"Succeeded","creationTime":"2018-07-20T23:15:10.6201828Z","primaryEndpoints":{"blob":"https://clitestbootdiag000002.blob.core.windows.net/","queue":"https://clitestbootdiag000002.queue.core.windows.net/","table":"https://clitestbootdiag000002.table.core.windows.net/","file":"https://clitestbootdiag000002.file.core.windows.net/"},"primaryLocation":"westus","statusOfPrimary":"available"}}'}
    headers:
      cache-control: [no-cache]
      content-length: ['960']
      content-type: [application/json]
      date: ['Fri, 20 Jul 2018 23:15:28 GMT']
      expires: ['-1']
      pragma: [no-cache]
      server: ['Microsoft-Azure-Storage-Resource-Provider/1.0,Microsoft-HTTPAPI/2.0
          Microsoft-HTTPAPI/2.0']
      strict-transport-security: [max-age=31536000; includeSubDomains]
      transfer-encoding: [chunked]
      vary: [Accept-Encoding]
      x-content-type-options: [nosniff]
    status: {code: 200, message: OK}
- request:
    body: null
    headers:
      Accept: [application/json]
      Accept-Encoding: ['gzip, deflate']
      CommandName: [storage account keys list]
      Connection: [keep-alive]
      Content-Length: ['0']
      Content-Type: [application/json; charset=utf-8]
      User-Agent: [python/3.5.2 (Windows-10-10.0.17134-SP0) requests/2.19.1 msrest/0.5.4
          msrest_azure/0.4.34 azure-mgmt-storage/1.5.0 Azure-SDK-For-Python AZURECLI/2.0.43]
      accept-language: [en-US]
    method: POST
    uri: https://management.azure.com/subscriptions/00000000-0000-0000-0000-000000000000/resourceGroups/cli_test_vm_diagnostics000001/providers/Microsoft.Storage/storageAccounts/clitestbootdiag000002/listKeys?api-version=2016-01-01
  response:
    body: {string: '{"keys":[{"keyName":"key1","value":"oqdfJJd3Zu3hyKEFaq+5Nsiu23sBxtGTaLwDu6N7plZsFaKo4I/aA/qb9cjIT4To6atUnI95iQDASv4KjYq11g==","permissions":"FULL"},{"keyName":"key2","value":"s7m+U7Mc9F9oA7GxOf90M8UWz5u0cE/wdBSlAx6velgoK4GGOOBFVxsPsvMf5DcYpTvBPyCFwCNZbc7iT4x+XA==","permissions":"FULL"}]}'}
    headers:
      cache-control: [no-cache]
      content-length: ['288']
      content-type: [application/json]
      date: ['Fri, 20 Jul 2018 23:15:29 GMT']
      expires: ['-1']
      pragma: [no-cache]
      server: ['Microsoft-Azure-Storage-Resource-Provider/1.0,Microsoft-HTTPAPI/2.0
          Microsoft-HTTPAPI/2.0']
      strict-transport-security: [max-age=31536000; includeSubDomains]
      transfer-encoding: [chunked]
      vary: [Accept-Encoding]
      x-content-type-options: [nosniff]
      x-ms-ratelimit-remaining-subscription-writes: ['1199']
    status: {code: 200, message: OK}
- request:
    body: '{"sku": {"name": "Standard_LRS"}, "kind": "Storage", "location": "westus"}'
    headers:
      Accept: [application/json]
      Accept-Encoding: ['gzip, deflate']
      CommandName: [storage account create]
      Connection: [keep-alive]
      Content-Length: ['74']
      Content-Type: [application/json; charset=utf-8]
      User-Agent: [python/3.5.2 (Windows-10-10.0.17134-SP0) requests/2.19.1 msrest/0.5.4
          msrest_azure/0.4.34 azure-mgmt-storage/1.5.0 Azure-SDK-For-Python AZURECLI/2.0.43]
      accept-language: [en-US]
    method: PUT
    uri: https://management.azure.com/subscriptions/00000000-0000-0000-0000-000000000000/resourceGroups/cli_test_vm_diagnostics000001/providers/Microsoft.Storage/storageAccounts/clitestbootdiag000002?api-version=2016-01-01
  response:
    body: {string: '{"sku":{"name":"Standard_LRS","tier":"Standard"},"kind":"Storage","id":"/subscriptions/00000000-0000-0000-0000-000000000000/resourceGroups/cli_test_vm_diagnostics000001/providers/Microsoft.Storage/storageAccounts/clitestbootdiag000002","name":"clitestbootdiag000002","type":"Microsoft.Storage/storageAccounts","location":"westus","tags":{},"properties":{"encryption":{"services":{"blob":{"enabled":true,"lastEnabledTime":"2018-07-20T23:15:10.7610757Z"}},"keySource":"Microsoft.Storage"},"provisioningState":"Succeeded","creationTime":"2018-07-20T23:15:10.6201828Z","primaryEndpoints":{"blob":"https://clitestbootdiag000002.blob.core.windows.net/","queue":"https://clitestbootdiag000002.queue.core.windows.net/","table":"https://clitestbootdiag000002.table.core.windows.net/","file":"https://clitestbootdiag000002.file.core.windows.net/"},"primaryLocation":"westus","statusOfPrimary":"available"}}'}
    headers:
      cache-control: [no-cache]
      content-length: ['960']
      content-type: [application/json]
      date: ['Fri, 20 Jul 2018 23:15:31 GMT']
      expires: ['-1']
      pragma: [no-cache]
      server: ['Microsoft-Azure-Storage-Resource-Provider/1.0,Microsoft-HTTPAPI/2.0
          Microsoft-HTTPAPI/2.0']
      strict-transport-security: [max-age=31536000; includeSubDomains]
      transfer-encoding: [chunked]
      vary: [Accept-Encoding]
      x-content-type-options: [nosniff]
      x-ms-ratelimit-remaining-subscription-writes: ['1199']
    status: {code: 200, message: OK}
- request:
    body: null
    headers:
      Accept: [application/json]
      Accept-Encoding: ['gzip, deflate']
      CommandName: [vm create]
      Connection: [keep-alive]
      Content-Type: [application/json; charset=utf-8]
      User-Agent: [python/3.5.2 (Windows-10-10.0.17134-SP0) requests/2.19.1 msrest/0.5.4
          msrest_azure/0.4.34 resourcemanagementclient/2.0.0rc2 Azure-SDK-For-Python
          AZURECLI/2.0.43]
      accept-language: [en-US]
    method: GET
    uri: https://management.azure.com/subscriptions/00000000-0000-0000-0000-000000000000/resourcegroups/cli_test_vm_diagnostics000001?api-version=2018-02-01
  response:
    body: {string: '{"id":"/subscriptions/00000000-0000-0000-0000-000000000000/resourceGroups/cli_test_vm_diagnostics000001","name":"cli_test_vm_diagnostics000001","location":"westus","tags":{"date":"2018-07-20T23:15:08Z","product":"azurecli","cause":"automation"},"properties":{"provisioningState":"Succeeded"}}'}
    headers:
      cache-control: [no-cache]
      content-length: ['384']
      content-type: [application/json; charset=utf-8]
      date: ['Fri, 20 Jul 2018 23:15:32 GMT']
      expires: ['-1']
      pragma: [no-cache]
      strict-transport-security: [max-age=31536000; includeSubDomains]
      vary: [Accept-Encoding]
      x-content-type-options: [nosniff]
    status: {code: 200, message: OK}
- request:
    body: null
    headers:
      Accept: ['*/*']
      Accept-Encoding: ['gzip, deflate']
      Connection: [keep-alive]
      User-Agent: [python-requests/2.19.1]
    method: GET
    uri: https://raw.githubusercontent.com/Azure/azure-rest-api-specs/master/arm-compute/quickstart-templates/aliases.json
  response:
    body: {string: "{\n  \"$schema\":\"http://schema.management.azure.com/schemas/2015-01-01/deploymentTemplate.json\"\
        ,\n  \"contentVersion\":\"1.0.0.0\",\n  \"parameters\":{},\n  \"variables\"\
        :{},\n  \"resources\":[],\n\n  \"outputs\":{\n    \"aliases\":{\n      \"\
        type\":\"object\",\n      \"value\":{\n\n        \"Linux\":{\n          \"\
        CentOS\":{\n            \"publisher\":\"OpenLogic\",\n            \"offer\"\
        :\"CentOS\",\n            \"sku\":\"7.3\",\n            \"version\":\"latest\"\
        \n          },\n          \"CoreOS\":{\n            \"publisher\":\"CoreOS\"\
        ,\n            \"offer\":\"CoreOS\",\n            \"sku\":\"Stable\",\n  \
        \          \"version\":\"latest\"\n          },\n          \"Debian\":{\n\
        \            \"publisher\":\"credativ\",\n            \"offer\":\"Debian\"\
        ,\n            \"sku\":\"8\",\n            \"version\":\"latest\"\n      \
        \    },\n          \"openSUSE-Leap\": {\n            \"publisher\":\"SUSE\"\
        ,\n            \"offer\":\"openSUSE-Leap\",\n            \"sku\":\"42.3\"\
        ,\n            \"version\": \"latest\"\n          },\n          \"RHEL\":{\n\
        \            \"publisher\":\"RedHat\",\n            \"offer\":\"RHEL\",\n\
        \            \"sku\":\"7.3\",\n            \"version\":\"latest\"\n      \
        \    },\n          \"SLES\":{\n            \"publisher\":\"SUSE\",\n     \
        \       \"offer\":\"SLES\",\n            \"sku\":\"12-SP2\",\n           \
        \ \"version\":\"latest\"\n          },\n          \"UbuntuLTS\":{\n      \
        \      \"publisher\":\"Canonical\",\n            \"offer\":\"UbuntuServer\"\
        ,\n            \"sku\":\"16.04-LTS\",\n            \"version\":\"latest\"\n\
        \          }\n        },\n\n        \"Windows\":{\n          \"Win2016Datacenter\"\
        :{\n            \"publisher\":\"MicrosoftWindowsServer\",\n            \"\
        offer\":\"WindowsServer\",\n            \"sku\":\"2016-Datacenter\",\n   \
        \         \"version\":\"latest\"\n          },\n          \"Win2012R2Datacenter\"\
        :{\n            \"publisher\":\"MicrosoftWindowsServer\",\n            \"\
        offer\":\"WindowsServer\",\n            \"sku\":\"2012-R2-Datacenter\",\n\
        \            \"version\":\"latest\"\n          },\n          \"Win2012Datacenter\"\
        :{\n            \"publisher\":\"MicrosoftWindowsServer\",\n            \"\
        offer\":\"WindowsServer\",\n            \"sku\":\"2012-Datacenter\",\n   \
        \         \"version\":\"latest\"\n          },\n          \"Win2008R2SP1\"\
        :{\n            \"publisher\":\"MicrosoftWindowsServer\",\n            \"\
        offer\":\"WindowsServer\",\n            \"sku\":\"2008-R2-SP1\",\n       \
        \     \"version\":\"latest\"\n          }\n        }\n      }\n    }\n  }\n\
        }\n"}
    headers:
      accept-ranges: [bytes]
      access-control-allow-origin: ['*']
      cache-control: [max-age=300]
      connection: [keep-alive]
      content-length: ['2235']
      content-security-policy: [default-src 'none'; style-src 'unsafe-inline'; sandbox]
      content-type: [text/plain; charset=utf-8]
      date: ['Fri, 20 Jul 2018 23:15:32 GMT']
      etag: ['"60d07919b4224266adafb81340896eea100dc887"']
      expires: ['Fri, 20 Jul 2018 23:20:32 GMT']
      source-age: ['169']
      strict-transport-security: [max-age=31536000]
      vary: ['Authorization,Accept-Encoding']
      via: [1.1 varnish]
      x-cache: [HIT]
      x-cache-hits: ['1']
      x-content-type-options: [nosniff]
      x-fastly-request-id: [151da72fcd0f9524198310b098f5e112ef3d784d]
      x-frame-options: [deny]
      x-geo-block-list: ['']
      x-github-request-id: ['CDF0:4634:1D2D1B:1F00AD:5B526C5F']
      x-served-by: [cache-dfw18631-DFW]
      x-timer: ['S1532128533.755362,VS0,VE0']
      x-xss-protection: [1; mode=block]
    status: {code: 200, message: OK}
- request:
    body: null
    headers:
      Accept: [application/json]
      Accept-Encoding: ['gzip, deflate']
      CommandName: [vm create]
      Connection: [keep-alive]
      Content-Type: [application/json; charset=utf-8]
      User-Agent: [python/3.5.2 (Windows-10-10.0.17134-SP0) requests/2.19.1 msrest/0.5.4
          msrest_azure/0.4.34 azure-mgmt-storage/1.5.0 Azure-SDK-For-Python AZURECLI/2.0.43]
      accept-language: [en-US]
    method: GET
    uri: https://management.azure.com/subscriptions/00000000-0000-0000-0000-000000000000/resourceGroups/cli_test_vm_diagnostics000001/providers/Microsoft.Storage/storageAccounts?api-version=2016-01-01
  response:
    body: {string: '{"value":[{"sku":{"name":"Standard_LRS","tier":"Standard"},"kind":"Storage","id":"/subscriptions/00000000-0000-0000-0000-000000000000/resourceGroups/cli_test_vm_diagnostics000001/providers/Microsoft.Storage/storageAccounts/clitestbootdiag000002","name":"clitestbootdiag000002","type":"Microsoft.Storage/storageAccounts","location":"westus","tags":{},"properties":{"encryption":{"services":{"blob":{"enabled":true,"lastEnabledTime":"2018-07-20T23:15:10.7610757Z"}},"keySource":"Microsoft.Storage"},"provisioningState":"Succeeded","creationTime":"2018-07-20T23:15:10.6201828Z","primaryEndpoints":{"blob":"https://clitestbootdiag000002.blob.core.windows.net/","queue":"https://clitestbootdiag000002.queue.core.windows.net/","table":"https://clitestbootdiag000002.table.core.windows.net/","file":"https://clitestbootdiag000002.file.core.windows.net/"},"primaryLocation":"westus","statusOfPrimary":"available"}}]}'}
    headers:
      cache-control: [no-cache]
      content-length: ['972']
      content-type: [application/json]
      date: ['Fri, 20 Jul 2018 23:15:32 GMT']
      expires: ['-1']
      pragma: [no-cache]
      server: ['Microsoft-Azure-Storage-Resource-Provider/1.0,Microsoft-HTTPAPI/2.0
          Microsoft-HTTPAPI/2.0']
      strict-transport-security: [max-age=31536000; includeSubDomains]
      transfer-encoding: [chunked]
      vary: [Accept-Encoding]
      x-content-type-options: [nosniff]
    status: {code: 200, message: OK}
- request:
    body: null
    headers:
      Accept: [application/json]
      Accept-Encoding: ['gzip, deflate']
      CommandName: [vm create]
      Connection: [keep-alive]
      Content-Type: [application/json; charset=utf-8]
      User-Agent: [python/3.5.2 (Windows-10-10.0.17134-SP0) requests/2.19.1 msrest/0.5.4
          msrest_azure/0.4.34 networkmanagementclient/2.0.0rc3 Azure-SDK-For-Python
          AZURECLI/2.0.43]
      accept-language: [en-US]
    method: GET
    uri: https://management.azure.com/subscriptions/00000000-0000-0000-0000-000000000000/resourceGroups/cli_test_vm_diagnostics000001/providers/Microsoft.Network/virtualNetworks?api-version=2017-10-01
  response:
    body: {string: '{"value":[]}'}
    headers:
      cache-control: [no-cache]
      content-length: ['12']
      content-type: [application/json; charset=utf-8]
      date: ['Fri, 20 Jul 2018 23:15:32 GMT']
      expires: ['-1']
      pragma: [no-cache]
      strict-transport-security: [max-age=31536000; includeSubDomains]
      vary: [Accept-Encoding]
      x-content-type-options: [nosniff]
    status: {code: 200, message: OK}
- request:
    body: 'b''{"properties": {"parameters": {"adminPassword": {"value": "testPassword0"}},
      "mode": "Incremental", "template": {"$schema": "https://schema.management.azure.com/schemas/2015-01-01/deploymentTemplate.json#",
      "variables": {}, "outputs": {}, "resources": [{"properties": {"accountType":
      "Premium_LRS"}, "dependsOn": [], "type": "Microsoft.Storage/storageAccounts",
      "name": "vhdstorage158e1bac3b7cb9", "apiVersion": "2015-06-15", "tags": {},
      "location": "westus"}, {"properties": {"addressSpace": {"addressPrefixes": ["10.0.0.0/16"]},
      "subnets": [{"properties": {"addressPrefix": "10.0.0.0/24"}, "name": "myvmSubnet"}]},
      "type": "Microsoft.Network/virtualNetworks", "dependsOn": [], "name": "myvmVNET",
      "location": "westus", "tags": {}, "apiVersion": "2015-06-15"}, {"properties":
      {"securityRules": [{"properties": {"direction": "Inbound", "priority": 1000,
      "protocol": "Tcp", "destinationAddressPrefix": "*", "sourceAddressPrefix": "*",
      "sourcePortRange": "*", "destinationPortRange": "22", "access": "Allow"}, "name":
      "default-allow-ssh"}]}, "dependsOn": [], "type": "Microsoft.Network/networkSecurityGroups",
      "name": "myvmNSG", "apiVersion": "2015-06-15", "tags": {}, "location": "westus"},
      {"properties": {"publicIPAllocationMethod": null}, "dependsOn": [], "type":
      "Microsoft.Network/publicIPAddresses", "name": "myvmPublicIP", "apiVersion":
      "2017-10-01", "tags": {}, "location": "westus"}, {"properties": {"networkSecurityGroup":
      {"id": "/subscriptions/00000000-0000-0000-0000-000000000000/resourceGroups/cli_test_vm_diagnostics000001/providers/Microsoft.Network/networkSecurityGroups/myvmNSG"},
      "ipConfigurations": [{"properties": {"publicIPAddress": {"id": "/subscriptions/00000000-0000-0000-0000-000000000000/resourceGroups/cli_test_vm_diagnostics000001/providers/Microsoft.Network/publicIPAddresses/myvmPublicIP"},
      "privateIPAllocationMethod": "Dynamic", "subnet": {"id": "/subscriptions/00000000-0000-0000-0000-000000000000/resourceGroups/cli_test_vm_diagnostics000001/providers/Microsoft.Network/virtualNetworks/myvmVNET/subnets/myvmSubnet"}},
      "name": "ipconfigmyvm"}]}, "dependsOn": ["Microsoft.Network/virtualNetworks/myvmVNET",
      "Microsoft.Network/networkSecurityGroups/myvmNSG", "Microsoft.Network/publicIpAddresses/myvmPublicIP"],
      "type": "Microsoft.Network/networkInterfaces", "name": "myvmVMNic", "apiVersion":
      "2015-06-15", "tags": {}, "location": "westus"}, {"properties": {"osProfile":
      {"adminUsername": "user11", "adminPassword": "[parameters(\''adminPassword\'')]",
      "computerName": "myvm"}, "networkProfile": {"networkInterfaces": [{"id": "/subscriptions/00000000-0000-0000-0000-000000000000/resourceGroups/cli_test_vm_diagnostics000001/providers/Microsoft.Network/networkInterfaces/myvmVMNic"}]},
      "storageProfile": {"osDisk": {"caching": "ReadWrite", "name": "osdisk_158e1bac3b",
      "createOption": "fromImage", "vhd": {"uri": "https://vhdstorage158e1bac3b7cb9.blob.core.windows.net/vhds/osdisk_158e1bac3b.vhd"}},
      "imageReference": {"offer": "UbuntuServer", "publisher": "Canonical", "version":
      "latest", "sku": "16.04-LTS"}}, "hardwareProfile": {"vmSize": "Standard_DS1_v2"}},
      "dependsOn": ["Microsoft.Storage/storageAccounts/vhdstorage158e1bac3b7cb9",
      "Microsoft.Network/networkInterfaces/myvmVMNic"], "type": "Microsoft.Compute/virtualMachines",
      "name": "myvm", "apiVersion": "2017-03-30", "tags": {}, "location": "westus"}],
      "contentVersion": "1.0.0.0", "parameters": {"adminPassword": {"metadata": {"description":
      "Secure adminPassword"}, "type": "securestring"}}}}}'''
    headers:
      Accept: [application/json]
      Accept-Encoding: ['gzip, deflate']
      CommandName: [vm create]
      Connection: [keep-alive]
      Content-Length: ['3668']
      Content-Type: [application/json; charset=utf-8]
      User-Agent: [python/3.5.2 (Windows-10-10.0.17134-SP0) requests/2.19.1 msrest/0.5.4
          msrest_azure/0.4.34 resourcemanagementclient/2.0.0rc2 Azure-SDK-For-Python
          AZURECLI/2.0.43]
      accept-language: [en-US]
    method: PUT
    uri: https://management.azure.com/subscriptions/00000000-0000-0000-0000-000000000000/resourcegroups/cli_test_vm_diagnostics000001/providers/Microsoft.Resources/deployments/mock-deployment?api-version=2018-02-01
  response:
    body: {string: '{"id":"/subscriptions/00000000-0000-0000-0000-000000000000/resourceGroups/cli_test_vm_diagnostics000001/providers/Microsoft.Resources/deployments/vm_deploy_3z1WvPkvD1PVx9WFL9ItBncHT72lGNMF","name":"vm_deploy_3z1WvPkvD1PVx9WFL9ItBncHT72lGNMF","properties":{"templateHash":"13287353809742296306","parameters":{"adminPassword":{"type":"SecureString"}},"mode":"Incremental","provisioningState":"Accepted","timestamp":"2018-07-20T23:15:35.7457371Z","duration":"PT0.9231322S","correlationId":"46452b3f-0d11-4dd6-be14-1ef87a38f816","providers":[{"namespace":"Microsoft.Storage","resourceTypes":[{"resourceType":"storageAccounts","locations":["westus"]}]},{"namespace":"Microsoft.Network","resourceTypes":[{"resourceType":"virtualNetworks","locations":["westus"]},{"resourceType":"networkSecurityGroups","locations":["westus"]},{"resourceType":"publicIPAddresses","locations":["westus"]},{"resourceType":"networkInterfaces","locations":["westus"]}]},{"namespace":"Microsoft.Compute","resourceTypes":[{"resourceType":"virtualMachines","locations":["westus"]}]}],"dependencies":[{"dependsOn":[{"id":"/subscriptions/00000000-0000-0000-0000-000000000000/resourceGroups/cli_test_vm_diagnostics000001/providers/Microsoft.Network/virtualNetworks/myvmVNET","resourceType":"Microsoft.Network/virtualNetworks","resourceName":"myvmVNET"},{"id":"/subscriptions/00000000-0000-0000-0000-000000000000/resourceGroups/cli_test_vm_diagnostics000001/providers/Microsoft.Network/networkSecurityGroups/myvmNSG","resourceType":"Microsoft.Network/networkSecurityGroups","resourceName":"myvmNSG"},{"id":"/subscriptions/00000000-0000-0000-0000-000000000000/resourceGroups/cli_test_vm_diagnostics000001/providers/Microsoft.Network/publicIPAddresses/myvmPublicIP","resourceType":"Microsoft.Network/publicIPAddresses","resourceName":"myvmPublicIP"}],"id":"/subscriptions/00000000-0000-0000-0000-000000000000/resourceGroups/cli_test_vm_diagnostics000001/providers/Microsoft.Network/networkInterfaces/myvmVMNic","resourceType":"Microsoft.Network/networkInterfaces","resourceName":"myvmVMNic"},{"dependsOn":[{"id":"/subscriptions/00000000-0000-0000-0000-000000000000/resourceGroups/cli_test_vm_diagnostics000001/providers/Microsoft.Storage/storageAccounts/vhdstorage158e1bac3b7cb9","resourceType":"Microsoft.Storage/storageAccounts","resourceName":"vhdstorage158e1bac3b7cb9"},{"id":"/subscriptions/00000000-0000-0000-0000-000000000000/resourceGroups/cli_test_vm_diagnostics000001/providers/Microsoft.Network/networkInterfaces/myvmVMNic","resourceType":"Microsoft.Network/networkInterfaces","resourceName":"myvmVMNic"}],"id":"/subscriptions/00000000-0000-0000-0000-000000000000/resourceGroups/cli_test_vm_diagnostics000001/providers/Microsoft.Compute/virtualMachines/myvm","resourceType":"Microsoft.Compute/virtualMachines","resourceName":"myvm"}]}}'}
    headers:
      azure-asyncoperation: ['https://management.azure.com/subscriptions/00000000-0000-0000-0000-000000000000/resourcegroups/cli_test_vm_diagnostics000001/providers/Microsoft.Resources/deployments/vm_deploy_3z1WvPkvD1PVx9WFL9ItBncHT72lGNMF/operationStatuses/08586694783506550425?api-version=2018-02-01']
      cache-control: [no-cache]
      content-length: ['3177']
      content-type: [application/json; charset=utf-8]
      date: ['Fri, 20 Jul 2018 23:15:35 GMT']
      expires: ['-1']
      pragma: [no-cache]
      strict-transport-security: [max-age=31536000; includeSubDomains]
      x-content-type-options: [nosniff]
      x-ms-ratelimit-remaining-subscription-writes: ['1199']
    status: {code: 201, message: Created}
- request:
    body: null
    headers:
      Accept: [application/json]
      Accept-Encoding: ['gzip, deflate']
      CommandName: [vm create]
      Connection: [keep-alive]
      User-Agent: [python/3.5.2 (Windows-10-10.0.17134-SP0) requests/2.19.1 msrest/0.5.4
          msrest_azure/0.4.34 resourcemanagementclient/2.0.0rc2 Azure-SDK-For-Python
          AZURECLI/2.0.43]
    method: GET
    uri: https://management.azure.com/subscriptions/00000000-0000-0000-0000-000000000000/resourcegroups/cli_test_vm_diagnostics000001/providers/Microsoft.Resources/deployments/mock-deployment/operationStatuses/08586694783506550425?api-version=2018-02-01
  response:
    body: {string: '{"status":"Running"}'}
    headers:
      cache-control: [no-cache]
      content-length: ['20']
      content-type: [application/json; charset=utf-8]
      date: ['Fri, 20 Jul 2018 23:16:05 GMT']
      expires: ['-1']
      pragma: [no-cache]
      strict-transport-security: [max-age=31536000; includeSubDomains]
      vary: [Accept-Encoding]
      x-content-type-options: [nosniff]
    status: {code: 200, message: OK}
- request:
    body: null
    headers:
      Accept: [application/json]
      Accept-Encoding: ['gzip, deflate']
      CommandName: [vm create]
      Connection: [keep-alive]
      User-Agent: [python/3.5.2 (Windows-10-10.0.17134-SP0) requests/2.19.1 msrest/0.5.4
          msrest_azure/0.4.34 resourcemanagementclient/2.0.0rc2 Azure-SDK-For-Python
          AZURECLI/2.0.43]
    method: GET
    uri: https://management.azure.com/subscriptions/00000000-0000-0000-0000-000000000000/resourcegroups/cli_test_vm_diagnostics000001/providers/Microsoft.Resources/deployments/mock-deployment/operationStatuses/08586694783506550425?api-version=2018-02-01
  response:
    body: {string: '{"status":"Running"}'}
    headers:
      cache-control: [no-cache]
      content-length: ['20']
      content-type: [application/json; charset=utf-8]
      date: ['Fri, 20 Jul 2018 23:16:36 GMT']
      expires: ['-1']
      pragma: [no-cache]
      strict-transport-security: [max-age=31536000; includeSubDomains]
      vary: [Accept-Encoding]
      x-content-type-options: [nosniff]
    status: {code: 200, message: OK}
- request:
    body: null
    headers:
      Accept: [application/json]
      Accept-Encoding: ['gzip, deflate']
      CommandName: [vm create]
      Connection: [keep-alive]
      User-Agent: [python/3.5.2 (Windows-10-10.0.17134-SP0) requests/2.19.1 msrest/0.5.4
          msrest_azure/0.4.34 resourcemanagementclient/2.0.0rc2 Azure-SDK-For-Python
          AZURECLI/2.0.43]
    method: GET
    uri: https://management.azure.com/subscriptions/00000000-0000-0000-0000-000000000000/resourcegroups/cli_test_vm_diagnostics000001/providers/Microsoft.Resources/deployments/mock-deployment/operationStatuses/08586694783506550425?api-version=2018-02-01
  response:
    body: {string: '{"status":"Running"}'}
    headers:
      cache-control: [no-cache]
      content-length: ['20']
      content-type: [application/json; charset=utf-8]
      date: ['Fri, 20 Jul 2018 23:17:06 GMT']
      expires: ['-1']
      pragma: [no-cache]
      strict-transport-security: [max-age=31536000; includeSubDomains]
      vary: [Accept-Encoding]
      x-content-type-options: [nosniff]
    status: {code: 200, message: OK}
- request:
    body: null
    headers:
      Accept: [application/json]
      Accept-Encoding: ['gzip, deflate']
      CommandName: [vm create]
      Connection: [keep-alive]
      User-Agent: [python/3.5.2 (Windows-10-10.0.17134-SP0) requests/2.19.1 msrest/0.5.4
          msrest_azure/0.4.34 resourcemanagementclient/2.0.0rc2 Azure-SDK-For-Python
          AZURECLI/2.0.43]
    method: GET
    uri: https://management.azure.com/subscriptions/00000000-0000-0000-0000-000000000000/resourcegroups/cli_test_vm_diagnostics000001/providers/Microsoft.Resources/deployments/mock-deployment/operationStatuses/08586694783506550425?api-version=2018-02-01
  response:
    body: {string: '{"status":"Succeeded"}'}
    headers:
      cache-control: [no-cache]
      content-length: ['22']
      content-type: [application/json; charset=utf-8]
      date: ['Fri, 20 Jul 2018 23:17:37 GMT']
      expires: ['-1']
      pragma: [no-cache]
      strict-transport-security: [max-age=31536000; includeSubDomains]
      vary: [Accept-Encoding]
      x-content-type-options: [nosniff]
    status: {code: 200, message: OK}
- request:
    body: null
    headers:
      Accept: [application/json]
      Accept-Encoding: ['gzip, deflate']
      CommandName: [vm create]
      Connection: [keep-alive]
      User-Agent: [python/3.5.2 (Windows-10-10.0.17134-SP0) requests/2.19.1 msrest/0.5.4
          msrest_azure/0.4.34 resourcemanagementclient/2.0.0rc2 Azure-SDK-For-Python
          AZURECLI/2.0.43]
    method: GET
    uri: https://management.azure.com/subscriptions/00000000-0000-0000-0000-000000000000/resourcegroups/cli_test_vm_diagnostics000001/providers/Microsoft.Resources/deployments/mock-deployment?api-version=2018-02-01
  response:
    body: {string: '{"id":"/subscriptions/00000000-0000-0000-0000-000000000000/resourceGroups/cli_test_vm_diagnostics000001/providers/Microsoft.Resources/deployments/vm_deploy_3z1WvPkvD1PVx9WFL9ItBncHT72lGNMF","name":"vm_deploy_3z1WvPkvD1PVx9WFL9ItBncHT72lGNMF","properties":{"templateHash":"13287353809742296306","parameters":{"adminPassword":{"type":"SecureString"}},"mode":"Incremental","provisioningState":"Succeeded","timestamp":"2018-07-20T23:17:28.0572352Z","duration":"PT1M53.2346303S","correlationId":"46452b3f-0d11-4dd6-be14-1ef87a38f816","providers":[{"namespace":"Microsoft.Storage","resourceTypes":[{"resourceType":"storageAccounts","locations":["westus"]}]},{"namespace":"Microsoft.Network","resourceTypes":[{"resourceType":"virtualNetworks","locations":["westus"]},{"resourceType":"networkSecurityGroups","locations":["westus"]},{"resourceType":"publicIPAddresses","locations":["westus"]},{"resourceType":"networkInterfaces","locations":["westus"]}]},{"namespace":"Microsoft.Compute","resourceTypes":[{"resourceType":"virtualMachines","locations":["westus"]}]}],"dependencies":[{"dependsOn":[{"id":"/subscriptions/00000000-0000-0000-0000-000000000000/resourceGroups/cli_test_vm_diagnostics000001/providers/Microsoft.Network/virtualNetworks/myvmVNET","resourceType":"Microsoft.Network/virtualNetworks","resourceName":"myvmVNET"},{"id":"/subscriptions/00000000-0000-0000-0000-000000000000/resourceGroups/cli_test_vm_diagnostics000001/providers/Microsoft.Network/networkSecurityGroups/myvmNSG","resourceType":"Microsoft.Network/networkSecurityGroups","resourceName":"myvmNSG"},{"id":"/subscriptions/00000000-0000-0000-0000-000000000000/resourceGroups/cli_test_vm_diagnostics000001/providers/Microsoft.Network/publicIPAddresses/myvmPublicIP","resourceType":"Microsoft.Network/publicIPAddresses","resourceName":"myvmPublicIP"}],"id":"/subscriptions/00000000-0000-0000-0000-000000000000/resourceGroups/cli_test_vm_diagnostics000001/providers/Microsoft.Network/networkInterfaces/myvmVMNic","resourceType":"Microsoft.Network/networkInterfaces","resourceName":"myvmVMNic"},{"dependsOn":[{"id":"/subscriptions/00000000-0000-0000-0000-000000000000/resourceGroups/cli_test_vm_diagnostics000001/providers/Microsoft.Storage/storageAccounts/vhdstorage158e1bac3b7cb9","resourceType":"Microsoft.Storage/storageAccounts","resourceName":"vhdstorage158e1bac3b7cb9"},{"id":"/subscriptions/00000000-0000-0000-0000-000000000000/resourceGroups/cli_test_vm_diagnostics000001/providers/Microsoft.Network/networkInterfaces/myvmVMNic","resourceType":"Microsoft.Network/networkInterfaces","resourceName":"myvmVMNic"}],"id":"/subscriptions/00000000-0000-0000-0000-000000000000/resourceGroups/cli_test_vm_diagnostics000001/providers/Microsoft.Compute/virtualMachines/myvm","resourceType":"Microsoft.Compute/virtualMachines","resourceName":"myvm"}],"outputs":{},"outputResources":[{"id":"/subscriptions/00000000-0000-0000-0000-000000000000/resourceGroups/cli_test_vm_diagnostics000001/providers/Microsoft.Compute/virtualMachines/myvm"},{"id":"/subscriptions/00000000-0000-0000-0000-000000000000/resourceGroups/cli_test_vm_diagnostics000001/providers/Microsoft.Network/networkInterfaces/myvmVMNic"},{"id":"/subscriptions/00000000-0000-0000-0000-000000000000/resourceGroups/cli_test_vm_diagnostics000001/providers/Microsoft.Network/networkSecurityGroups/myvmNSG"},{"id":"/subscriptions/00000000-0000-0000-0000-000000000000/resourceGroups/cli_test_vm_diagnostics000001/providers/Microsoft.Network/publicIPAddresses/myvmPublicIP"},{"id":"/subscriptions/00000000-0000-0000-0000-000000000000/resourceGroups/cli_test_vm_diagnostics000001/providers/Microsoft.Network/virtualNetworks/myvmVNET"},{"id":"/subscriptions/00000000-0000-0000-0000-000000000000/resourceGroups/cli_test_vm_diagnostics000001/providers/Microsoft.Storage/storageAccounts/vhdstorage158e1bac3b7cb9"}]}}'}
    headers:
      cache-control: [no-cache]
      content-length: ['4470']
      content-type: [application/json; charset=utf-8]
      date: ['Fri, 20 Jul 2018 23:17:38 GMT']
      expires: ['-1']
      pragma: [no-cache]
      strict-transport-security: [max-age=31536000; includeSubDomains]
      vary: [Accept-Encoding]
      x-content-type-options: [nosniff]
    status: {code: 200, message: OK}
- request:
    body: null
    headers:
      Accept: [application/json]
      Accept-Encoding: ['gzip, deflate']
      CommandName: [vm create]
      Connection: [keep-alive]
      Content-Type: [application/json; charset=utf-8]
      User-Agent: [python/3.5.2 (Windows-10-10.0.17134-SP0) requests/2.19.1 msrest/0.5.4
          msrest_azure/0.4.34 computemanagementclient/4.0.0rc2 Azure-SDK-For-Python
          AZURECLI/2.0.43]
      accept-language: [en-US]
    method: GET
    uri: https://management.azure.com/subscriptions/00000000-0000-0000-0000-000000000000/resourceGroups/cli_test_vm_diagnostics000001/providers/Microsoft.Compute/virtualMachines/myvm?$expand=instanceView&api-version=2017-03-30
  response:
    body: {string: "{\r\n  \"properties\": {\r\n    \"vmId\": \"225eacf8-e981-4aa9-96c0-c453c2612fd2\"\
        ,\r\n    \"hardwareProfile\": {\r\n      \"vmSize\": \"Standard_DS1_v2\"\r\
        \n    },\r\n    \"storageProfile\": {\r\n      \"imageReference\": {\r\n \
        \       \"publisher\": \"Canonical\",\r\n        \"offer\": \"UbuntuServer\"\
        ,\r\n        \"sku\": \"16.04-LTS\",\r\n        \"version\": \"latest\"\r\n\
        \      },\r\n      \"osDisk\": {\r\n        \"osType\": \"Linux\",\r\n   \
        \     \"name\": \"osdisk_158e1bac3b\",\r\n        \"createOption\": \"FromImage\"\
        ,\r\n        \"vhd\": {\r\n          \"uri\": \"https://vhdstorage158e1bac3b7cb9.blob.core.windows.net/vhds/osdisk_158e1bac3b.vhd\"\
        \r\n        },\r\n        \"caching\": \"ReadWrite\",\r\n        \"diskSizeGB\"\
        : 30\r\n      },\r\n      \"dataDisks\": []\r\n    },\r\n    \"osProfile\"\
        : {\r\n      \"computerName\": \"myvm\",\r\n      \"adminUsername\": \"user11\"\
        ,\r\n      \"linuxConfiguration\": {\r\n        \"disablePasswordAuthentication\"\
        : false\r\n      },\r\n      \"secrets\": []\r\n    },\r\n    \"networkProfile\"\
        : {\"networkInterfaces\":[{\"id\":\"/subscriptions/00000000-0000-0000-0000-000000000000/resourceGroups/cli_test_vm_diagnostics000001/providers/Microsoft.Network/networkInterfaces/myvmVMNic\"\
        }]},\r\n    \"provisioningState\": \"Succeeded\",\r\n    \"instanceView\"\
        : {\r\n      \"vmAgent\": {\r\n        \"vmAgentVersion\": \"2.2.26\",\r\n\
        \        \"statuses\": [\r\n          {\r\n            \"code\": \"ProvisioningState/succeeded\"\
        ,\r\n            \"level\": \"Info\",\r\n            \"displayStatus\": \"\
        Ready\",\r\n            \"message\": \"Guest Agent is running\",\r\n     \
        \       \"time\": \"2018-07-20T23:17:37+00:00\"\r\n          }\r\n       \
        \ ],\r\n        \"extensionHandlers\": []\r\n      },\r\n      \"disks\":\
        \ [\r\n        {\r\n          \"name\": \"osdisk_158e1bac3b\",\r\n       \
        \   \"statuses\": [\r\n            {\r\n              \"code\": \"ProvisioningState/succeeded\"\
        ,\r\n              \"level\": \"Info\",\r\n              \"displayStatus\"\
        : \"Provisioning succeeded\",\r\n              \"time\": \"2018-07-20T23:16:06.9852774+00:00\"\
        \r\n            }\r\n          ]\r\n        }\r\n      ],\r\n      \"statuses\"\
        : [\r\n        {\r\n          \"code\": \"ProvisioningState/succeeded\",\r\
        \n          \"level\": \"Info\",\r\n          \"displayStatus\": \"Provisioning\
        \ succeeded\",\r\n          \"time\": \"2018-07-20T23:17:24.3795537+00:00\"\
        \r\n        },\r\n        {\r\n          \"code\": \"PowerState/running\"\
        ,\r\n          \"level\": \"Info\",\r\n          \"displayStatus\": \"VM running\"\
        \r\n        }\r\n      ]\r\n    }\r\n  },\r\n  \"type\": \"Microsoft.Compute/virtualMachines\"\
        ,\r\n  \"location\": \"westus\",\r\n  \"tags\": {},\r\n  \"id\": \"/subscriptions/00000000-0000-0000-0000-000000000000/resourceGroups/cli_test_vm_diagnostics000001/providers/Microsoft.Compute/virtualMachines/myvm\"\
        ,\r\n  \"name\": \"myvm\"\r\n}"}
    headers:
      cache-control: [no-cache]
      content-length: ['2647']
      content-type: [application/json; charset=utf-8]
      date: ['Fri, 20 Jul 2018 23:17:39 GMT']
      expires: ['-1']
      pragma: [no-cache]
      server: [Microsoft-HTTPAPI/2.0, Microsoft-HTTPAPI/2.0]
      strict-transport-security: [max-age=31536000; includeSubDomains]
      transfer-encoding: [chunked]
      vary: [Accept-Encoding]
      x-content-type-options: [nosniff]
      x-ms-ratelimit-remaining-resource: ['Microsoft.Compute/LowCostGet3Min;4196,Microsoft.Compute/LowCostGet30Min;33546']
    status: {code: 200, message: OK}
- request:
    body: null
    headers:
      Accept: [application/json]
      Accept-Encoding: ['gzip, deflate']
      CommandName: [vm create]
      Connection: [keep-alive]
      Content-Type: [application/json; charset=utf-8]
      User-Agent: [python/3.5.2 (Windows-10-10.0.17134-SP0) requests/2.19.1 msrest/0.5.4
          msrest_azure/0.4.34 networkmanagementclient/2.0.0rc3 Azure-SDK-For-Python
          AZURECLI/2.0.43]
      accept-language: [en-US]
    method: GET
    uri: https://management.azure.com/subscriptions/00000000-0000-0000-0000-000000000000/resourceGroups/cli_test_vm_diagnostics000001/providers/Microsoft.Network/networkInterfaces/myvmVMNic?api-version=2017-10-01
  response:
    body: {string: "{\r\n  \"name\": \"myvmVMNic\",\r\n  \"id\": \"/subscriptions/00000000-0000-0000-0000-000000000000/resourceGroups/cli_test_vm_diagnostics000001/providers/Microsoft.Network/networkInterfaces/myvmVMNic\"\
        ,\r\n  \"etag\": \"W/\\\"edf525f2-593e-4337-8385-14946fa418da\\\"\",\r\n \
        \ \"location\": \"westus\",\r\n  \"tags\": {},\r\n  \"properties\": {\r\n\
        \    \"provisioningState\": \"Succeeded\",\r\n    \"resourceGuid\": \"47e04f4d-471b-470d-a3da-45da88e2402e\"\
        ,\r\n    \"ipConfigurations\": [\r\n      {\r\n        \"name\": \"ipconfigmyvm\"\
        ,\r\n        \"id\": \"/subscriptions/00000000-0000-0000-0000-000000000000/resourceGroups/cli_test_vm_diagnostics000001/providers/Microsoft.Network/networkInterfaces/myvmVMNic/ipConfigurations/ipconfigmyvm\"\
        ,\r\n        \"etag\": \"W/\\\"edf525f2-593e-4337-8385-14946fa418da\\\"\"\
        ,\r\n        \"properties\": {\r\n          \"provisioningState\": \"Succeeded\"\
        ,\r\n          \"privateIPAddress\": \"10.0.0.4\",\r\n          \"privateIPAllocationMethod\"\
        : \"Dynamic\",\r\n          \"publicIPAddress\": {\r\n            \"id\":\
        \ \"/subscriptions/00000000-0000-0000-0000-000000000000/resourceGroups/cli_test_vm_diagnostics000001/providers/Microsoft.Network/publicIPAddresses/myvmPublicIP\"\
        \r\n          },\r\n          \"subnet\": {\r\n            \"id\": \"/subscriptions/00000000-0000-0000-0000-000000000000/resourceGroups/cli_test_vm_diagnostics000001/providers/Microsoft.Network/virtualNetworks/myvmVNET/subnets/myvmSubnet\"\
        \r\n          },\r\n          \"primary\": true,\r\n          \"privateIPAddressVersion\"\
        : \"IPv4\",\r\n          \"isInUseWithService\": false\r\n        }\r\n  \
        \    }\r\n    ],\r\n    \"dnsSettings\": {\r\n      \"dnsServers\": [],\r\n\
        \      \"appliedDnsServers\": [],\r\n      \"internalDomainNameSuffix\": \"\
        bb3d5erqfj5epdwam1t0x0u4nf.dx.internal.cloudapp.net\"\r\n    },\r\n    \"\
        macAddress\": \"00-0D-3A-37-F6-CD\",\r\n    \"enableAcceleratedNetworking\"\
        : false,\r\n    \"enableIPForwarding\": false,\r\n    \"networkSecurityGroup\"\
        : {\r\n      \"id\": \"/subscriptions/00000000-0000-0000-0000-000000000000/resourceGroups/cli_test_vm_diagnostics000001/providers/Microsoft.Network/networkSecurityGroups/myvmNSG\"\
        \r\n    },\r\n    \"primary\": true,\r\n    \"virtualMachine\": {\r\n    \
        \  \"id\": \"/subscriptions/00000000-0000-0000-0000-000000000000/resourceGroups/cli_test_vm_diagnostics000001/providers/Microsoft.Compute/virtualMachines/myvm\"\
        \r\n    }\r\n  },\r\n  \"type\": \"Microsoft.Network/networkInterfaces\"\r\
        \n}"}
    headers:
      cache-control: [no-cache]
      content-length: ['2545']
      content-type: [application/json; charset=utf-8]
      date: ['Fri, 20 Jul 2018 23:17:39 GMT']
      etag: [W/"edf525f2-593e-4337-8385-14946fa418da"]
      expires: ['-1']
      pragma: [no-cache]
      server: [Microsoft-HTTPAPI/2.0, Microsoft-HTTPAPI/2.0]
      strict-transport-security: [max-age=31536000; includeSubDomains]
      transfer-encoding: [chunked]
      vary: [Accept-Encoding]
      x-content-type-options: [nosniff]
    status: {code: 200, message: OK}
- request:
    body: null
    headers:
      Accept: [application/json]
      Accept-Encoding: ['gzip, deflate']
      CommandName: [vm create]
      Connection: [keep-alive]
      Content-Type: [application/json; charset=utf-8]
      User-Agent: [python/3.5.2 (Windows-10-10.0.17134-SP0) requests/2.19.1 msrest/0.5.4
          msrest_azure/0.4.34 networkmanagementclient/2.0.0rc3 Azure-SDK-For-Python
          AZURECLI/2.0.43]
      accept-language: [en-US]
    method: GET
    uri: https://management.azure.com/subscriptions/00000000-0000-0000-0000-000000000000/resourceGroups/cli_test_vm_diagnostics000001/providers/Microsoft.Network/publicIPAddresses/myvmPublicIP?api-version=2017-10-01
  response:
    body: {string: "{\r\n  \"name\": \"myvmPublicIP\",\r\n  \"id\": \"/subscriptions/00000000-0000-0000-0000-000000000000/resourceGroups/cli_test_vm_diagnostics000001/providers/Microsoft.Network/publicIPAddresses/myvmPublicIP\"\
        ,\r\n  \"etag\": \"W/\\\"8a0e8ef3-8325-4d01-84b7-f2e3bb2df1eb\\\"\",\r\n \
        \ \"location\": \"westus\",\r\n  \"tags\": {},\r\n  \"properties\": {\r\n\
        \    \"provisioningState\": \"Succeeded\",\r\n    \"resourceGuid\": \"24df1542-7c52-4d01-a7d4-41f91cc8fd06\"\
        ,\r\n    \"ipAddress\": \"40.112.129.162\",\r\n    \"publicIPAddressVersion\"\
        : \"IPv4\",\r\n    \"publicIPAllocationMethod\": \"Dynamic\",\r\n    \"idleTimeoutInMinutes\"\
        : 4,\r\n    \"ipTags\": [],\r\n    \"ipConfiguration\": {\r\n      \"id\"\
        : \"/subscriptions/00000000-0000-0000-0000-000000000000/resourceGroups/cli_test_vm_diagnostics000001/providers/Microsoft.Network/networkInterfaces/myvmVMNic/ipConfigurations/ipconfigmyvm\"\
        \r\n    }\r\n  },\r\n  \"type\": \"Microsoft.Network/publicIPAddresses\",\r\
        \n  \"sku\": {\r\n    \"name\": \"Basic\",\r\n    \"tier\": \"Regional\"\r\
        \n  }\r\n}"}
    headers:
      cache-control: [no-cache]
      content-length: ['1027']
      content-type: [application/json; charset=utf-8]
      date: ['Fri, 20 Jul 2018 23:17:40 GMT']
      etag: [W/"8a0e8ef3-8325-4d01-84b7-f2e3bb2df1eb"]
      expires: ['-1']
      pragma: [no-cache]
      server: [Microsoft-HTTPAPI/2.0, Microsoft-HTTPAPI/2.0]
      strict-transport-security: [max-age=31536000; includeSubDomains]
      transfer-encoding: [chunked]
      vary: [Accept-Encoding]
      x-content-type-options: [nosniff]
    status: {code: 200, message: OK}
- request:
    body: null
    headers:
      Accept: [application/json]
      Accept-Encoding: ['gzip, deflate']
      CommandName: [vm boot-diagnostics enable]
      Connection: [keep-alive]
      Content-Type: [application/json; charset=utf-8]
      User-Agent: [python/3.5.2 (Windows-10-10.0.17134-SP0) requests/2.19.1 msrest/0.5.4
          msrest_azure/0.4.34 computemanagementclient/4.0.0rc2 Azure-SDK-For-Python
          AZURECLI/2.0.43]
      accept-language: [en-US]
    method: GET
    uri: https://management.azure.com/subscriptions/00000000-0000-0000-0000-000000000000/resourceGroups/cli_test_vm_diagnostics000001/providers/Microsoft.Compute/virtualMachines/myvm?api-version=2017-03-30
  response:
    body: {string: "{\r\n  \"properties\": {\r\n    \"vmId\": \"225eacf8-e981-4aa9-96c0-c453c2612fd2\"\
        ,\r\n    \"hardwareProfile\": {\r\n      \"vmSize\": \"Standard_DS1_v2\"\r\
        \n    },\r\n    \"storageProfile\": {\r\n      \"imageReference\": {\r\n \
        \       \"publisher\": \"Canonical\",\r\n        \"offer\": \"UbuntuServer\"\
        ,\r\n        \"sku\": \"16.04-LTS\",\r\n        \"version\": \"latest\"\r\n\
        \      },\r\n      \"osDisk\": {\r\n        \"osType\": \"Linux\",\r\n   \
        \     \"name\": \"osdisk_158e1bac3b\",\r\n        \"createOption\": \"FromImage\"\
        ,\r\n        \"vhd\": {\r\n          \"uri\": \"https://vhdstorage158e1bac3b7cb9.blob.core.windows.net/vhds/osdisk_158e1bac3b.vhd\"\
        \r\n        },\r\n        \"caching\": \"ReadWrite\",\r\n        \"diskSizeGB\"\
        : 30\r\n      },\r\n      \"dataDisks\": []\r\n    },\r\n    \"osProfile\"\
        : {\r\n      \"computerName\": \"myvm\",\r\n      \"adminUsername\": \"user11\"\
        ,\r\n      \"linuxConfiguration\": {\r\n        \"disablePasswordAuthentication\"\
        : false\r\n      },\r\n      \"secrets\": []\r\n    },\r\n    \"networkProfile\"\
        : {\"networkInterfaces\":[{\"id\":\"/subscriptions/00000000-0000-0000-0000-000000000000/resourceGroups/cli_test_vm_diagnostics000001/providers/Microsoft.Network/networkInterfaces/myvmVMNic\"\
        }]},\r\n    \"provisioningState\": \"Succeeded\"\r\n  },\r\n  \"type\": \"\
        Microsoft.Compute/virtualMachines\",\r\n  \"location\": \"westus\",\r\n  \"\
        tags\": {},\r\n  \"id\": \"/subscriptions/00000000-0000-0000-0000-000000000000/resourceGroups/cli_test_vm_diagnostics000001/providers/Microsoft.Compute/virtualMachines/myvm\"\
        ,\r\n  \"name\": \"myvm\"\r\n}"}
    headers:
      cache-control: [no-cache]
      content-length: ['1502']
      content-type: [application/json; charset=utf-8]
      date: ['Fri, 20 Jul 2018 23:17:51 GMT']
      expires: ['-1']
      pragma: [no-cache]
      server: [Microsoft-HTTPAPI/2.0, Microsoft-HTTPAPI/2.0]
      strict-transport-security: [max-age=31536000; includeSubDomains]
      transfer-encoding: [chunked]
      vary: [Accept-Encoding]
      x-content-type-options: [nosniff]
      x-ms-ratelimit-remaining-resource: ['Microsoft.Compute/LowCostGet3Min;4194,Microsoft.Compute/LowCostGet30Min;33544']
    status: {code: 200, message: OK}
- request:
    body: null
    headers:
      Accept: [application/json]
      Accept-Encoding: ['gzip, deflate']
      CommandName: [vm boot-diagnostics enable]
      Connection: [keep-alive]
      Content-Type: [application/json; charset=utf-8]
      User-Agent: [python/3.5.2 (Windows-10-10.0.17134-SP0) requests/2.19.1 msrest/0.5.4
          msrest_azure/0.4.34 azure-mgmt-storage/1.5.0 Azure-SDK-For-Python AZURECLI/2.0.43]
      accept-language: [en-US]
    method: GET
    uri: https://management.azure.com/subscriptions/00000000-0000-0000-0000-000000000000/providers/Microsoft.Storage/storageAccounts?api-version=2016-01-01
  response:
    body: {string: '{"value":[{"sku":{"name":"Standard_LRS","tier":"Standard"},"kind":"Storage","id":"/subscriptions/00000000-0000-0000-0000-000000000000/resourceGroups/cli_test_vm_diagnostics000001/providers/Microsoft.Storage/storageAccounts/clitestbootdiag000002","name":"clitestbootdiag000002","type":"Microsoft.Storage/storageAccounts","location":"westus","tags":{},"properties":{"encryption":{"services":{"blob":{"enabled":true,"lastEnabledTime":"2018-07-20T23:15:10.7610757Z"}},"keySource":"Microsoft.Storage"},"provisioningState":"Succeeded","creationTime":"2018-07-20T23:15:10.6201828Z","primaryEndpoints":{"blob":"https://clitestbootdiag000002.blob.core.windows.net/","queue":"https://clitestbootdiag000002.queue.core.windows.net/","table":"https://clitestbootdiag000002.table.core.windows.net/","file":"https://clitestbootdiag000002.file.core.windows.net/"},"primaryLocation":"westus","statusOfPrimary":"available"}},{"sku":{"name":"Standard_LRS","tier":"Standard"},"kind":"Storage","id":"/subscriptions/00000000-0000-0000-0000-000000000000/resourceGroups/testrg/providers/Microsoft.Storage/storageAccounts/testsavxsd","name":"testsavxsd","type":"Microsoft.Storage/storageAccounts","location":"westus","tags":{},"properties":{"encryption":{"services":{"blob":{"enabled":true,"lastEnabledTime":"2018-05-31T18:54:30.1003932Z"}},"keySource":"Microsoft.Storage"},"provisioningState":"Succeeded","creationTime":"2018-05-31T18:54:30.0378728Z","primaryEndpoints":{"blob":"https://testsavxsd.blob.core.windows.net/","queue":"https://testsavxsd.queue.core.windows.net/","table":"https://testsavxsd.table.core.windows.net/","file":"https://testsavxsd.file.core.windows.net/"},"primaryLocation":"westus","statusOfPrimary":"available"}},{"sku":{"name":"Standard_LRS","tier":"Standard"},"kind":"Storage","id":"/subscriptions/00000000-0000-0000-0000-000000000000/resourceGroups/cloud-shell-storage-westus/providers/Microsoft.Storage/storageAccounts/cs47dec1fd62e45x4798x9be","name":"cs47dec1fd62e45x4798x9be","type":"Microsoft.Storage/storageAccounts","location":"westus","tags":{"ms-resource-usage":"azure-cloud-shell"},"properties":{"encryption":{"services":{"blob":{"enabled":true,"lastEnabledTime":"2017-12-29T19:02:51.1725039Z"}},"keySource":"Microsoft.Storage"},"provisioningState":"Succeeded","creationTime":"2017-08-29T20:11:01.3867221Z","primaryEndpoints":{"blob":"https://cs47dec1fd62e45x4798x9be.blob.core.windows.net/","queue":"https://cs47dec1fd62e45x4798x9be.queue.core.windows.net/","table":"https://cs47dec1fd62e45x4798x9be.table.core.windows.net/","file":"https://cs47dec1fd62e45x4798x9be.file.core.windows.net/"},"primaryLocation":"westus","statusOfPrimary":"available"}},{"sku":{"name":"Standard_LRS","tier":"Standard"},"kind":"Storage","id":"/subscriptions/00000000-0000-0000-0000-000000000000/resourceGroups/cli_test_vm_create_existing_idsftxetnhyjqdwxrgtyvcubnxp7fn5qjgwmdmhdhszoeb7/providers/Microsoft.Storage/storageAccounts/clitestb5uv55wbafe7dmudc","name":"clitestb5uv55wbafe7dmudc","type":"Microsoft.Storage/storageAccounts","location":"westus","tags":{},"properties":{"encryption":{"services":{"blob":{"enabled":true,"lastEnabledTime":"2018-07-20T23:11:15.4226840Z"}},"keySource":"Microsoft.Storage"},"provisioningState":"Succeeded","creationTime":"2018-07-20T23:11:15.2788964Z","primaryEndpoints":{"blob":"https://clitestb5uv55wbafe7dmudc.blob.core.windows.net/","queue":"https://clitestb5uv55wbafe7dmudc.queue.core.windows.net/","table":"https://clitestb5uv55wbafe7dmudc.table.core.windows.net/","file":"https://clitestb5uv55wbafe7dmudc.file.core.windows.net/"},"primaryLocation":"westus","statusOfPrimary":"available"}},{"sku":{"name":"Premium_LRS","tier":"Premium"},"kind":"Storage","id":"/subscriptions/00000000-0000-0000-0000-000000000000/resourceGroups/cli_test_vm_diagnostics000001/providers/Microsoft.Storage/storageAccounts/vhdstorage158e1bac3b7cb9","name":"vhdstorage158e1bac3b7cb9","type":"Microsoft.Storage/storageAccounts","location":"westus","tags":{},"properties":{"encryption":{"services":{"blob":{"enabled":true,"lastEnabledTime":"2018-07-20T23:15:42.6942009Z"}},"keySource":"Microsoft.Storage"},"provisioningState":"Succeeded","creationTime":"2018-07-20T23:15:42.5693837Z","primaryEndpoints":{"blob":"https://vhdstorage158e1bac3b7cb9.blob.core.windows.net/"},"primaryLocation":"westus","statusOfPrimary":"available"}},{"sku":{"name":"Standard_LRS","tier":"Standard"},"kind":"Storage","id":"/subscriptions/00000000-0000-0000-0000-000000000000/resourceGroups/testrg/providers/Microsoft.Storage/storageAccounts/testbottmh5","name":"testbottmh5","type":"Microsoft.Storage/storageAccounts","location":"centralus","tags":{},"properties":{"encryption":{"services":{"blob":{"enabled":true,"lastEnabledTime":"2018-06-28T18:28:17.2394775Z"}},"keySource":"Microsoft.Storage"},"provisioningState":"Succeeded","creationTime":"2018-06-28T18:28:17.1457341Z","primaryEndpoints":{"blob":"https://testbottmh5.blob.core.windows.net/","queue":"https://testbottmh5.queue.core.windows.net/","table":"https://testbottmh5.table.core.windows.net/","file":"https://testbottmh5.file.core.windows.net/"},"primaryLocation":"centralus","statusOfPrimary":"available"}},{"sku":{"name":"Standard_LRS","tier":"Standard"},"kind":"Storage","id":"/subscriptions/00000000-0000-0000-0000-000000000000/resourceGroups/testrg/providers/Microsoft.Storage/storageAccounts/viananthtckic","name":"viananthtckic","type":"Microsoft.Storage/storageAccounts","location":"centralus","tags":{},"properties":{"encryption":{"services":{"blob":{"enabled":true,"lastEnabledTime":"2018-06-29T08:18:55.1547053Z"}},"keySource":"Microsoft.Storage"},"provisioningState":"Succeeded","creationTime":"2018-06-29T08:18:54.8578271Z","primaryEndpoints":{"blob":"https://viananthtckic.blob.core.windows.net/","queue":"https://viananthtckic.queue.core.windows.net/","table":"https://viananthtckic.table.core.windows.net/","file":"https://viananthtckic.file.core.windows.net/"},"primaryLocation":"centralus","statusOfPrimary":"available"}},{"sku":{"name":"Standard_LRS","tier":"Standard"},"kind":"Storage","id":"/subscriptions/00000000-0000-0000-0000-000000000000/resourceGroups/testrg/providers/Microsoft.Storage/storageAccounts/mybotnamscjx","name":"mybotnamscjx","type":"Microsoft.Storage/storageAccounts","location":"centralus","tags":{},"properties":{"encryption":{"services":{"blob":{"enabled":true,"lastEnabledTime":"2018-06-29T08:16:02.5081030Z"}},"keySource":"Microsoft.Storage"},"provisioningState":"Succeeded","creationTime":"2018-06-29T08:16:02.3672357Z","primaryEndpoints":{"blob":"https://mybotnamscjx.blob.core.windows.net/","queue":"https://mybotnamscjx.queue.core.windows.net/","table":"https://mybotnamscjx.table.core.windows.net/","file":"https://mybotnamscjx.file.core.windows.net/"},"primaryLocation":"centralus","statusOfPrimary":"available"}},{"sku":{"name":"Premium_LRS","tier":"Premium"},"kind":"Storage","id":"/subscriptions/00000000-0000-0000-0000-000000000000/resourceGroups/linuxvmrg/providers/Microsoft.Storage/storageAccounts/linuxvmrgdisks290","name":"linuxvmrgdisks290","type":"Microsoft.Storage/storageAccounts","location":"westus2","tags":{},"properties":{"encryption":{"services":{"blob":{"enabled":true,"lastEnabledTime":"2017-11-15T10:12:05.2279141Z"}},"keySource":"Microsoft.Storage"},"provisioningState":"Succeeded","creationTime":"2016-11-30T19:07:23.0820578Z","primaryEndpoints":{"blob":"https://linuxvmrgdisks290.blob.core.windows.net/"},"primaryLocation":"westus2","statusOfPrimary":"available"}},{"sku":{"name":"Standard_LRS","tier":"Standard"},"kind":"Storage","id":"/subscriptions/00000000-0000-0000-0000-000000000000/resourceGroups/linuxvmrg/providers/Microsoft.Storage/storageAccounts/linuxvmrgdiag148","name":"linuxvmrgdiag148","type":"Microsoft.Storage/storageAccounts","location":"westus2","tags":{},"properties":{"encryption":{"services":{"blob":{"enabled":true,"lastEnabledTime":"2017-11-15T10:12:05.0716475Z"}},"keySource":"Microsoft.Storage"},"provisioningState":"Succeeded","creationTime":"2016-11-30T19:07:23.1150607Z","primaryEndpoints":{"blob":"https://linuxvmrgdiag148.blob.core.windows.net/","queue":"https://linuxvmrgdiag148.queue.core.windows.net/","table":"https://linuxvmrgdiag148.table.core.windows.net/","file":"https://linuxvmrgdiag148.file.core.windows.net/"},"primaryLocation":"westus2","statusOfPrimary":"available"}}]}'}
    headers:
      cache-control: [no-cache]
      content-length: ['8454']
      content-type: [application/json; charset=utf-8]
      date: ['Fri, 20 Jul 2018 23:17:51 GMT']
      expires: ['-1']
      pragma: [no-cache]
      strict-transport-security: [max-age=31536000; includeSubDomains]
      vary: [Accept-Encoding]
      x-content-type-options: [nosniff]
      x-ms-original-request-ids: [8bda6280-c797-4d7d-9fb3-ba22bed7cba1, b435743f-0fbe-4074-8fdc-ce32812ebd9c,
        e38a5d3f-4548-48d6-9fb7-afe68abd42c2]
    status: {code: 200, message: OK}
- request:
    body: 'b''b\''{"properties": {"osProfile": {"secrets": [], "adminUsername": "user11",
      "computerName": "myvm", "linuxConfiguration": {"disablePasswordAuthentication":
      false}}, "diagnosticsProfile": {"bootDiagnostics": {"enabled": true, "storageUri":
      "https://clitestbootdiag000002.blob.core.windows.net/"}}, "networkProfile":
      {"networkInterfaces": [{"id": "/subscriptions/00000000-0000-0000-0000-000000000000/resourceGroups/cli_test_vm_diagnostics000001/providers/Microsoft.Network/networkInterfaces/myvmVMNic"}]},
      "storageProfile": {"dataDisks": [], "osDisk": {"createOption": "FromImage",
      "vhd": {"uri": "https://vhdstorage158e1bac3b7cb9.blob.core.windows.net/vhds/osdisk_158e1bac3b.vhd"},
      "caching": "ReadWrite", "name": "osdisk_158e1bac3b", "osType": "Linux", "diskSizeGB":
      30}, "imageReference": {"offer": "UbuntuServer", "publisher": "Canonical", "version":
      "latest", "sku": "16.04-LTS"}}, "hardwareProfile": {"vmSize": "Standard_DS1_v2"}},
      "tags": {}, "location": "westus"}\'''''
    headers:
      Accept: [application/json]
      Accept-Encoding: ['gzip, deflate']
      CommandName: [vm boot-diagnostics enable]
      Connection: [keep-alive]
      Content-Length: ['1014']
      Content-Type: [application/json; charset=utf-8]
      User-Agent: [python/3.5.2 (Windows-10-10.0.17134-SP0) requests/2.19.1 msrest/0.5.4
          msrest_azure/0.4.34 computemanagementclient/4.0.0rc2 Azure-SDK-For-Python
          AZURECLI/2.0.43]
      accept-language: [en-US]
    method: PUT
    uri: https://management.azure.com/subscriptions/00000000-0000-0000-0000-000000000000/resourceGroups/cli_test_vm_diagnostics000001/providers/Microsoft.Compute/virtualMachines/myvm?api-version=2017-03-30
  response:
    body: {string: "{\r\n  \"properties\": {\r\n    \"vmId\": \"225eacf8-e981-4aa9-96c0-c453c2612fd2\"\
        ,\r\n    \"hardwareProfile\": {\r\n      \"vmSize\": \"Standard_DS1_v2\"\r\
        \n    },\r\n    \"storageProfile\": {\r\n      \"imageReference\": {\r\n \
        \       \"publisher\": \"Canonical\",\r\n        \"offer\": \"UbuntuServer\"\
        ,\r\n        \"sku\": \"16.04-LTS\",\r\n        \"version\": \"latest\"\r\n\
        \      },\r\n      \"osDisk\": {\r\n        \"osType\": \"Linux\",\r\n   \
        \     \"name\": \"osdisk_158e1bac3b\",\r\n        \"createOption\": \"FromImage\"\
        ,\r\n        \"vhd\": {\r\n          \"uri\": \"https://vhdstorage158e1bac3b7cb9.blob.core.windows.net/vhds/osdisk_158e1bac3b.vhd\"\
        \r\n        },\r\n        \"caching\": \"ReadWrite\",\r\n        \"diskSizeGB\"\
        : 30\r\n      },\r\n      \"dataDisks\": []\r\n    },\r\n    \"osProfile\"\
        : {\r\n      \"computerName\": \"myvm\",\r\n      \"adminUsername\": \"user11\"\
        ,\r\n      \"linuxConfiguration\": {\r\n        \"disablePasswordAuthentication\"\
        : false\r\n      },\r\n      \"secrets\": []\r\n    },\r\n    \"networkProfile\"\
        : {\"networkInterfaces\":[{\"id\":\"/subscriptions/00000000-0000-0000-0000-000000000000/resourceGroups/cli_test_vm_diagnostics000001/providers/Microsoft.Network/networkInterfaces/myvmVMNic\"\
        }]},\r\n    \"diagnosticsProfile\": {\r\n      \"bootDiagnostics\": {\r\n\
        \        \"enabled\": true,\r\n        \"storageUri\": \"https://clitestbootdiag000002.blob.core.windows.net/\"\
        \r\n      }\r\n    },\r\n    \"provisioningState\": \"Updating\"\r\n  },\r\
        \n  \"type\": \"Microsoft.Compute/virtualMachines\",\r\n  \"location\": \"\
        westus\",\r\n  \"tags\": {},\r\n  \"id\": \"/subscriptions/00000000-0000-0000-0000-000000000000/resourceGroups/cli_test_vm_diagnostics000001/providers/Microsoft.Compute/virtualMachines/myvm\"\
        ,\r\n  \"name\": \"myvm\"\r\n}"}
    headers:
      azure-asyncoperation: ['https://management.azure.com/subscriptions/00000000-0000-0000-0000-000000000000/providers/Microsoft.Compute/locations/westus/operations/6e147b76-0962-43f2-8680-c4c37fa4b0c0?api-version=2017-03-30']
      cache-control: [no-cache]
      content-length: ['1682']
      content-type: [application/json; charset=utf-8]
      date: ['Fri, 20 Jul 2018 23:17:52 GMT']
      expires: ['-1']
      pragma: [no-cache]
      server: [Microsoft-HTTPAPI/2.0, Microsoft-HTTPAPI/2.0]
      strict-transport-security: [max-age=31536000; includeSubDomains]
      transfer-encoding: [chunked]
      vary: [Accept-Encoding]
      x-content-type-options: [nosniff]
      x-ms-ratelimit-remaining-resource: ['Microsoft.Compute/PutVM3Min;238,Microsoft.Compute/PutVM30Min;1191']
      x-ms-ratelimit-remaining-subscription-writes: ['1199']
    status: {code: 200, message: OK}
- request:
    body: null
    headers:
      Accept: [application/json]
      Accept-Encoding: ['gzip, deflate']
      CommandName: [vm boot-diagnostics enable]
      Connection: [keep-alive]
      User-Agent: [python/3.5.2 (Windows-10-10.0.17134-SP0) requests/2.19.1 msrest/0.5.4
          msrest_azure/0.4.34 computemanagementclient/4.0.0rc2 Azure-SDK-For-Python
          AZURECLI/2.0.43]
    method: GET
    uri: https://management.azure.com/subscriptions/00000000-0000-0000-0000-000000000000/providers/Microsoft.Compute/locations/westus/operations/6e147b76-0962-43f2-8680-c4c37fa4b0c0?api-version=2017-03-30
  response:
    body: {string: "{\r\n  \"startTime\": \"2018-07-20T23:17:52.5368346+00:00\",\r\
        \n  \"endTime\": \"2018-07-20T23:18:11.4620941+00:00\",\r\n  \"status\": \"\
        Succeeded\",\r\n  \"name\": \"6e147b76-0962-43f2-8680-c4c37fa4b0c0\"\r\n}"}
    headers:
      cache-control: [no-cache]
      content-length: ['184']
      content-type: [application/json; charset=utf-8]
      date: ['Fri, 20 Jul 2018 23:18:22 GMT']
      expires: ['-1']
      pragma: [no-cache]
      server: [Microsoft-HTTPAPI/2.0, Microsoft-HTTPAPI/2.0]
      strict-transport-security: [max-age=31536000; includeSubDomains]
      transfer-encoding: [chunked]
      vary: [Accept-Encoding]
      x-content-type-options: [nosniff]
      x-ms-ratelimit-remaining-resource: ['Microsoft.Compute/GetOperation3Min;14985,Microsoft.Compute/GetOperation30Min;29867']
    status: {code: 200, message: OK}
- request:
    body: null
    headers:
      Accept: [application/json]
      Accept-Encoding: ['gzip, deflate']
      CommandName: [vm boot-diagnostics enable]
      Connection: [keep-alive]
      User-Agent: [python/3.5.2 (Windows-10-10.0.17134-SP0) requests/2.19.1 msrest/0.5.4
          msrest_azure/0.4.34 computemanagementclient/4.0.0rc2 Azure-SDK-For-Python
          AZURECLI/2.0.43]
    method: GET
    uri: https://management.azure.com/subscriptions/00000000-0000-0000-0000-000000000000/resourceGroups/cli_test_vm_diagnostics000001/providers/Microsoft.Compute/virtualMachines/myvm?api-version=2017-03-30
  response:
    body: {string: "{\r\n  \"properties\": {\r\n    \"vmId\": \"225eacf8-e981-4aa9-96c0-c453c2612fd2\"\
        ,\r\n    \"hardwareProfile\": {\r\n      \"vmSize\": \"Standard_DS1_v2\"\r\
        \n    },\r\n    \"storageProfile\": {\r\n      \"imageReference\": {\r\n \
        \       \"publisher\": \"Canonical\",\r\n        \"offer\": \"UbuntuServer\"\
        ,\r\n        \"sku\": \"16.04-LTS\",\r\n        \"version\": \"latest\"\r\n\
        \      },\r\n      \"osDisk\": {\r\n        \"osType\": \"Linux\",\r\n   \
        \     \"name\": \"osdisk_158e1bac3b\",\r\n        \"createOption\": \"FromImage\"\
        ,\r\n        \"vhd\": {\r\n          \"uri\": \"https://vhdstorage158e1bac3b7cb9.blob.core.windows.net/vhds/osdisk_158e1bac3b.vhd\"\
        \r\n        },\r\n        \"caching\": \"ReadWrite\",\r\n        \"diskSizeGB\"\
        : 30\r\n      },\r\n      \"dataDisks\": []\r\n    },\r\n    \"osProfile\"\
        : {\r\n      \"computerName\": \"myvm\",\r\n      \"adminUsername\": \"user11\"\
        ,\r\n      \"linuxConfiguration\": {\r\n        \"disablePasswordAuthentication\"\
        : false\r\n      },\r\n      \"secrets\": []\r\n    },\r\n    \"networkProfile\"\
        : {\"networkInterfaces\":[{\"id\":\"/subscriptions/00000000-0000-0000-0000-000000000000/resourceGroups/cli_test_vm_diagnostics000001/providers/Microsoft.Network/networkInterfaces/myvmVMNic\"\
        }]},\r\n    \"diagnosticsProfile\": {\r\n      \"bootDiagnostics\": {\r\n\
        \        \"enabled\": true,\r\n        \"storageUri\": \"https://clitestbootdiag000002.blob.core.windows.net/\"\
        \r\n      }\r\n    },\r\n    \"provisioningState\": \"Succeeded\"\r\n  },\r\
        \n  \"type\": \"Microsoft.Compute/virtualMachines\",\r\n  \"location\": \"\
        westus\",\r\n  \"tags\": {},\r\n  \"id\": \"/subscriptions/00000000-0000-0000-0000-000000000000/resourceGroups/cli_test_vm_diagnostics000001/providers/Microsoft.Compute/virtualMachines/myvm\"\
        ,\r\n  \"name\": \"myvm\"\r\n}"}
    headers:
      cache-control: [no-cache]
      content-length: ['1683']
      content-type: [application/json; charset=utf-8]
      date: ['Fri, 20 Jul 2018 23:18:22 GMT']
      expires: ['-1']
      pragma: [no-cache]
      server: [Microsoft-HTTPAPI/2.0, Microsoft-HTTPAPI/2.0]
      strict-transport-security: [max-age=31536000; includeSubDomains]
      transfer-encoding: [chunked]
      vary: [Accept-Encoding]
      x-content-type-options: [nosniff]
      x-ms-ratelimit-remaining-resource: ['Microsoft.Compute/LowCostGet3Min;4192,Microsoft.Compute/LowCostGet30Min;33542']
    status: {code: 200, message: OK}
- request:
    body: null
    headers:
      Accept: [application/json]
      Accept-Encoding: ['gzip, deflate']
      CommandName: [vm show]
      Connection: [keep-alive]
      Content-Type: [application/json; charset=utf-8]
      User-Agent: [python/3.5.2 (Windows-10-10.0.17134-SP0) requests/2.19.1 msrest/0.5.4
          msrest_azure/0.4.34 computemanagementclient/4.0.0rc2 Azure-SDK-For-Python
          AZURECLI/2.0.43]
      accept-language: [en-US]
    method: GET
    uri: https://management.azure.com/subscriptions/00000000-0000-0000-0000-000000000000/resourceGroups/cli_test_vm_diagnostics000001/providers/Microsoft.Compute/virtualMachines/myvm?api-version=2017-03-30
  response:
    body: {string: "{\r\n  \"properties\": {\r\n    \"vmId\": \"225eacf8-e981-4aa9-96c0-c453c2612fd2\"\
        ,\r\n    \"hardwareProfile\": {\r\n      \"vmSize\": \"Standard_DS1_v2\"\r\
        \n    },\r\n    \"storageProfile\": {\r\n      \"imageReference\": {\r\n \
        \       \"publisher\": \"Canonical\",\r\n        \"offer\": \"UbuntuServer\"\
        ,\r\n        \"sku\": \"16.04-LTS\",\r\n        \"version\": \"latest\"\r\n\
        \      },\r\n      \"osDisk\": {\r\n        \"osType\": \"Linux\",\r\n   \
        \     \"name\": \"osdisk_158e1bac3b\",\r\n        \"createOption\": \"FromImage\"\
        ,\r\n        \"vhd\": {\r\n          \"uri\": \"https://vhdstorage158e1bac3b7cb9.blob.core.windows.net/vhds/osdisk_158e1bac3b.vhd\"\
        \r\n        },\r\n        \"caching\": \"ReadWrite\",\r\n        \"diskSizeGB\"\
        : 30\r\n      },\r\n      \"dataDisks\": []\r\n    },\r\n    \"osProfile\"\
        : {\r\n      \"computerName\": \"myvm\",\r\n      \"adminUsername\": \"user11\"\
        ,\r\n      \"linuxConfiguration\": {\r\n        \"disablePasswordAuthentication\"\
        : false\r\n      },\r\n      \"secrets\": []\r\n    },\r\n    \"networkProfile\"\
        : {\"networkInterfaces\":[{\"id\":\"/subscriptions/00000000-0000-0000-0000-000000000000/resourceGroups/cli_test_vm_diagnostics000001/providers/Microsoft.Network/networkInterfaces/myvmVMNic\"\
        }]},\r\n    \"diagnosticsProfile\": {\r\n      \"bootDiagnostics\": {\r\n\
        \        \"enabled\": true,\r\n        \"storageUri\": \"https://clitestbootdiag000002.blob.core.windows.net/\"\
        \r\n      }\r\n    },\r\n    \"provisioningState\": \"Succeeded\"\r\n  },\r\
        \n  \"type\": \"Microsoft.Compute/virtualMachines\",\r\n  \"location\": \"\
        westus\",\r\n  \"tags\": {},\r\n  \"id\": \"/subscriptions/00000000-0000-0000-0000-000000000000/resourceGroups/cli_test_vm_diagnostics000001/providers/Microsoft.Compute/virtualMachines/myvm\"\
        ,\r\n  \"name\": \"myvm\"\r\n}"}
    headers:
      cache-control: [no-cache]
      content-length: ['1683']
      content-type: [application/json; charset=utf-8]
      date: ['Fri, 20 Jul 2018 23:18:34 GMT']
      expires: ['-1']
      pragma: [no-cache]
      server: [Microsoft-HTTPAPI/2.0, Microsoft-HTTPAPI/2.0]
      strict-transport-security: [max-age=31536000; includeSubDomains]
      transfer-encoding: [chunked]
      vary: [Accept-Encoding]
      x-content-type-options: [nosniff]
      x-ms-ratelimit-remaining-resource: ['Microsoft.Compute/LowCostGet3Min;4190,Microsoft.Compute/LowCostGet30Min;33540']
    status: {code: 200, message: OK}
- request:
    body: null
    headers:
      Accept: [application/json]
      Accept-Encoding: ['gzip, deflate']
      CommandName: [vm boot-diagnostics disable]
      Connection: [keep-alive]
      Content-Type: [application/json; charset=utf-8]
      User-Agent: [python/3.5.2 (Windows-10-10.0.17134-SP0) requests/2.19.1 msrest/0.5.4
          msrest_azure/0.4.34 computemanagementclient/4.0.0rc2 Azure-SDK-For-Python
          AZURECLI/2.0.43]
      accept-language: [en-US]
    method: GET
    uri: https://management.azure.com/subscriptions/00000000-0000-0000-0000-000000000000/resourceGroups/cli_test_vm_diagnostics000001/providers/Microsoft.Compute/virtualMachines/myvm?api-version=2017-03-30
  response:
    body: {string: "{\r\n  \"properties\": {\r\n    \"vmId\": \"225eacf8-e981-4aa9-96c0-c453c2612fd2\"\
        ,\r\n    \"hardwareProfile\": {\r\n      \"vmSize\": \"Standard_DS1_v2\"\r\
        \n    },\r\n    \"storageProfile\": {\r\n      \"imageReference\": {\r\n \
        \       \"publisher\": \"Canonical\",\r\n        \"offer\": \"UbuntuServer\"\
        ,\r\n        \"sku\": \"16.04-LTS\",\r\n        \"version\": \"latest\"\r\n\
        \      },\r\n      \"osDisk\": {\r\n        \"osType\": \"Linux\",\r\n   \
        \     \"name\": \"osdisk_158e1bac3b\",\r\n        \"createOption\": \"FromImage\"\
        ,\r\n        \"vhd\": {\r\n          \"uri\": \"https://vhdstorage158e1bac3b7cb9.blob.core.windows.net/vhds/osdisk_158e1bac3b.vhd\"\
        \r\n        },\r\n        \"caching\": \"ReadWrite\",\r\n        \"diskSizeGB\"\
        : 30\r\n      },\r\n      \"dataDisks\": []\r\n    },\r\n    \"osProfile\"\
        : {\r\n      \"computerName\": \"myvm\",\r\n      \"adminUsername\": \"user11\"\
        ,\r\n      \"linuxConfiguration\": {\r\n        \"disablePasswordAuthentication\"\
        : false\r\n      },\r\n      \"secrets\": []\r\n    },\r\n    \"networkProfile\"\
        : {\"networkInterfaces\":[{\"id\":\"/subscriptions/00000000-0000-0000-0000-000000000000/resourceGroups/cli_test_vm_diagnostics000001/providers/Microsoft.Network/networkInterfaces/myvmVMNic\"\
        }]},\r\n    \"diagnosticsProfile\": {\r\n      \"bootDiagnostics\": {\r\n\
        \        \"enabled\": true,\r\n        \"storageUri\": \"https://clitestbootdiag000002.blob.core.windows.net/\"\
        \r\n      }\r\n    },\r\n    \"provisioningState\": \"Succeeded\"\r\n  },\r\
        \n  \"type\": \"Microsoft.Compute/virtualMachines\",\r\n  \"location\": \"\
        westus\",\r\n  \"tags\": {},\r\n  \"id\": \"/subscriptions/00000000-0000-0000-0000-000000000000/resourceGroups/cli_test_vm_diagnostics000001/providers/Microsoft.Compute/virtualMachines/myvm\"\
        ,\r\n  \"name\": \"myvm\"\r\n}"}
    headers:
      cache-control: [no-cache]
      content-length: ['1683']
      content-type: [application/json; charset=utf-8]
      date: ['Fri, 20 Jul 2018 23:18:46 GMT']
      expires: ['-1']
      pragma: [no-cache]
      server: [Microsoft-HTTPAPI/2.0, Microsoft-HTTPAPI/2.0]
      strict-transport-security: [max-age=31536000; includeSubDomains]
      transfer-encoding: [chunked]
      vary: [Accept-Encoding]
      x-content-type-options: [nosniff]
      x-ms-ratelimit-remaining-resource: ['Microsoft.Compute/LowCostGet3Min;4190,Microsoft.Compute/LowCostGet30Min;33539']
    status: {code: 200, message: OK}
- request:
    body: 'b''{"properties": {"osProfile": {"secrets": [], "adminUsername": "user11",
      "computerName": "myvm", "linuxConfiguration": {"disablePasswordAuthentication":
      false}}, "diagnosticsProfile": {"bootDiagnostics": {"enabled": false}}, "networkProfile":
      {"networkInterfaces": [{"id": "/subscriptions/00000000-0000-0000-0000-000000000000/resourceGroups/cli_test_vm_diagnostics000001/providers/Microsoft.Network/networkInterfaces/myvmVMNic"}]},
      "storageProfile": {"dataDisks": [], "osDisk": {"createOption": "FromImage",
      "vhd": {"uri": "https://vhdstorage158e1bac3b7cb9.blob.core.windows.net/vhds/osdisk_158e1bac3b.vhd"},
      "caching": "ReadWrite", "name": "osdisk_158e1bac3b", "osType": "Linux", "diskSizeGB":
      30}, "imageReference": {"offer": "UbuntuServer", "publisher": "Canonical", "version":
      "latest", "sku": "16.04-LTS"}}, "hardwareProfile": {"vmSize": "Standard_DS1_v2"}},
      "tags": {}, "location": "westus"}'''
    headers:
      Accept: [application/json]
      Accept-Encoding: ['gzip, deflate']
      CommandName: [vm boot-diagnostics disable]
      Connection: [keep-alive]
      Content-Length: ['942']
      Content-Type: [application/json; charset=utf-8]
      User-Agent: [python/3.5.2 (Windows-10-10.0.17134-SP0) requests/2.19.1 msrest/0.5.4
          msrest_azure/0.4.34 computemanagementclient/4.0.0rc2 Azure-SDK-For-Python
          AZURECLI/2.0.43]
      accept-language: [en-US]
    method: PUT
    uri: https://management.azure.com/subscriptions/00000000-0000-0000-0000-000000000000/resourceGroups/cli_test_vm_diagnostics000001/providers/Microsoft.Compute/virtualMachines/myvm?api-version=2017-03-30
  response:
    body: {string: "{\r\n  \"properties\": {\r\n    \"vmId\": \"225eacf8-e981-4aa9-96c0-c453c2612fd2\"\
        ,\r\n    \"hardwareProfile\": {\r\n      \"vmSize\": \"Standard_DS1_v2\"\r\
        \n    },\r\n    \"storageProfile\": {\r\n      \"imageReference\": {\r\n \
        \       \"publisher\": \"Canonical\",\r\n        \"offer\": \"UbuntuServer\"\
        ,\r\n        \"sku\": \"16.04-LTS\",\r\n        \"version\": \"latest\"\r\n\
        \      },\r\n      \"osDisk\": {\r\n        \"osType\": \"Linux\",\r\n   \
        \     \"name\": \"osdisk_158e1bac3b\",\r\n        \"createOption\": \"FromImage\"\
        ,\r\n        \"vhd\": {\r\n          \"uri\": \"https://vhdstorage158e1bac3b7cb9.blob.core.windows.net/vhds/osdisk_158e1bac3b.vhd\"\
        \r\n        },\r\n        \"caching\": \"ReadWrite\",\r\n        \"diskSizeGB\"\
        : 30\r\n      },\r\n      \"dataDisks\": []\r\n    },\r\n    \"osProfile\"\
        : {\r\n      \"computerName\": \"myvm\",\r\n      \"adminUsername\": \"user11\"\
        ,\r\n      \"linuxConfiguration\": {\r\n        \"disablePasswordAuthentication\"\
        : false\r\n      },\r\n      \"secrets\": []\r\n    },\r\n    \"networkProfile\"\
        : {\"networkInterfaces\":[{\"id\":\"/subscriptions/00000000-0000-0000-0000-000000000000/resourceGroups/cli_test_vm_diagnostics000001/providers/Microsoft.Network/networkInterfaces/myvmVMNic\"\
        }]},\r\n    \"diagnosticsProfile\": {\r\n      \"bootDiagnostics\": {\r\n\
        \        \"enabled\": false,\r\n        \"storageUri\": \"https://clitestbootdiag000002.blob.core.windows.net/\"\
        \r\n      }\r\n    },\r\n    \"provisioningState\": \"Updating\"\r\n  },\r\
        \n  \"type\": \"Microsoft.Compute/virtualMachines\",\r\n  \"location\": \"\
        westus\",\r\n  \"tags\": {},\r\n  \"id\": \"/subscriptions/00000000-0000-0000-0000-000000000000/resourceGroups/cli_test_vm_diagnostics000001/providers/Microsoft.Compute/virtualMachines/myvm\"\
        ,\r\n  \"name\": \"myvm\"\r\n}"}
    headers:
      azure-asyncoperation: ['https://management.azure.com/subscriptions/00000000-0000-0000-0000-000000000000/providers/Microsoft.Compute/locations/westus/operations/44ec9cff-a4a2-45f8-bc7e-9b56f39bd3d4?api-version=2017-03-30']
      cache-control: [no-cache]
      content-length: ['1683']
      content-type: [application/json; charset=utf-8]
      date: ['Fri, 20 Jul 2018 23:18:48 GMT']
      expires: ['-1']
      pragma: [no-cache]
      server: [Microsoft-HTTPAPI/2.0, Microsoft-HTTPAPI/2.0]
      strict-transport-security: [max-age=31536000; includeSubDomains]
      transfer-encoding: [chunked]
      vary: [Accept-Encoding]
      x-content-type-options: [nosniff]
      x-ms-ratelimit-remaining-resource: ['Microsoft.Compute/PutVM3Min;237,Microsoft.Compute/PutVM30Min;1190']
      x-ms-ratelimit-remaining-subscription-writes: ['1199']
    status: {code: 200, message: OK}
- request:
    body: null
    headers:
      Accept: [application/json]
      Accept-Encoding: ['gzip, deflate']
      CommandName: [vm boot-diagnostics disable]
      Connection: [keep-alive]
      User-Agent: [python/3.5.2 (Windows-10-10.0.17134-SP0) requests/2.19.1 msrest/0.5.4
          msrest_azure/0.4.34 computemanagementclient/4.0.0rc2 Azure-SDK-For-Python
          AZURECLI/2.0.43]
    method: GET
    uri: https://management.azure.com/subscriptions/00000000-0000-0000-0000-000000000000/providers/Microsoft.Compute/locations/westus/operations/44ec9cff-a4a2-45f8-bc7e-9b56f39bd3d4?api-version=2017-03-30
  response:
    body: {string: "{\r\n  \"startTime\": \"2018-07-20T23:18:48.0274095+00:00\",\r\
        \n  \"endTime\": \"2018-07-20T23:19:06.6676488+00:00\",\r\n  \"status\": \"\
        Succeeded\",\r\n  \"name\": \"44ec9cff-a4a2-45f8-bc7e-9b56f39bd3d4\"\r\n}"}
    headers:
      cache-control: [no-cache]
      content-length: ['184']
      content-type: [application/json; charset=utf-8]
      date: ['Fri, 20 Jul 2018 23:19:18 GMT']
      expires: ['-1']
      pragma: [no-cache]
      server: [Microsoft-HTTPAPI/2.0, Microsoft-HTTPAPI/2.0]
      strict-transport-security: [max-age=31536000; includeSubDomains]
      transfer-encoding: [chunked]
      vary: [Accept-Encoding]
      x-content-type-options: [nosniff]
      x-ms-ratelimit-remaining-resource: ['Microsoft.Compute/GetOperation3Min;14986,Microsoft.Compute/GetOperation30Min;29864']
    status: {code: 200, message: OK}
- request:
    body: null
    headers:
      Accept: [application/json]
      Accept-Encoding: ['gzip, deflate']
      CommandName: [vm boot-diagnostics disable]
      Connection: [keep-alive]
      User-Agent: [python/3.5.2 (Windows-10-10.0.17134-SP0) requests/2.19.1 msrest/0.5.4
          msrest_azure/0.4.34 computemanagementclient/4.0.0rc2 Azure-SDK-For-Python
          AZURECLI/2.0.43]
    method: GET
    uri: https://management.azure.com/subscriptions/00000000-0000-0000-0000-000000000000/resourceGroups/cli_test_vm_diagnostics000001/providers/Microsoft.Compute/virtualMachines/myvm?api-version=2017-03-30
  response:
    body: {string: "{\r\n  \"properties\": {\r\n    \"vmId\": \"225eacf8-e981-4aa9-96c0-c453c2612fd2\"\
        ,\r\n    \"hardwareProfile\": {\r\n      \"vmSize\": \"Standard_DS1_v2\"\r\
        \n    },\r\n    \"storageProfile\": {\r\n      \"imageReference\": {\r\n \
        \       \"publisher\": \"Canonical\",\r\n        \"offer\": \"UbuntuServer\"\
        ,\r\n        \"sku\": \"16.04-LTS\",\r\n        \"version\": \"latest\"\r\n\
        \      },\r\n      \"osDisk\": {\r\n        \"osType\": \"Linux\",\r\n   \
        \     \"name\": \"osdisk_158e1bac3b\",\r\n        \"createOption\": \"FromImage\"\
        ,\r\n        \"vhd\": {\r\n          \"uri\": \"https://vhdstorage158e1bac3b7cb9.blob.core.windows.net/vhds/osdisk_158e1bac3b.vhd\"\
        \r\n        },\r\n        \"caching\": \"ReadWrite\",\r\n        \"diskSizeGB\"\
        : 30\r\n      },\r\n      \"dataDisks\": []\r\n    },\r\n    \"osProfile\"\
        : {\r\n      \"computerName\": \"myvm\",\r\n      \"adminUsername\": \"user11\"\
        ,\r\n      \"linuxConfiguration\": {\r\n        \"disablePasswordAuthentication\"\
        : false\r\n      },\r\n      \"secrets\": []\r\n    },\r\n    \"networkProfile\"\
        : {\"networkInterfaces\":[{\"id\":\"/subscriptions/00000000-0000-0000-0000-000000000000/resourceGroups/cli_test_vm_diagnostics000001/providers/Microsoft.Network/networkInterfaces/myvmVMNic\"\
        }]},\r\n    \"diagnosticsProfile\": {\r\n      \"bootDiagnostics\": {\r\n\
        \        \"enabled\": false,\r\n        \"storageUri\": \"https://clitestbootdiag000002.blob.core.windows.net/\"\
        \r\n      }\r\n    },\r\n    \"provisioningState\": \"Succeeded\"\r\n  },\r\
        \n  \"type\": \"Microsoft.Compute/virtualMachines\",\r\n  \"location\": \"\
        westus\",\r\n  \"tags\": {},\r\n  \"id\": \"/subscriptions/00000000-0000-0000-0000-000000000000/resourceGroups/cli_test_vm_diagnostics000001/providers/Microsoft.Compute/virtualMachines/myvm\"\
        ,\r\n  \"name\": \"myvm\"\r\n}"}
    headers:
      cache-control: [no-cache]
      content-length: ['1684']
      content-type: [application/json; charset=utf-8]
      date: ['Fri, 20 Jul 2018 23:19:18 GMT']
      expires: ['-1']
      pragma: [no-cache]
      server: [Microsoft-HTTPAPI/2.0, Microsoft-HTTPAPI/2.0]
      strict-transport-security: [max-age=31536000; includeSubDomains]
      transfer-encoding: [chunked]
      vary: [Accept-Encoding]
      x-content-type-options: [nosniff]
      x-ms-ratelimit-remaining-resource: ['Microsoft.Compute/LowCostGet3Min;4186,Microsoft.Compute/LowCostGet30Min;33535']
    status: {code: 200, message: OK}
- request:
    body: null
    headers:
      Accept: [application/json]
      Accept-Encoding: ['gzip, deflate']
      CommandName: [vm show]
      Connection: [keep-alive]
      Content-Type: [application/json; charset=utf-8]
      User-Agent: [python/3.5.2 (Windows-10-10.0.17134-SP0) requests/2.19.1 msrest/0.5.4
          msrest_azure/0.4.34 computemanagementclient/4.0.0rc2 Azure-SDK-For-Python
          AZURECLI/2.0.43]
      accept-language: [en-US]
    method: GET
    uri: https://management.azure.com/subscriptions/00000000-0000-0000-0000-000000000000/resourceGroups/cli_test_vm_diagnostics000001/providers/Microsoft.Compute/virtualMachines/myvm?api-version=2017-03-30
  response:
    body: {string: "{\r\n  \"properties\": {\r\n    \"vmId\": \"225eacf8-e981-4aa9-96c0-c453c2612fd2\"\
        ,\r\n    \"hardwareProfile\": {\r\n      \"vmSize\": \"Standard_DS1_v2\"\r\
        \n    },\r\n    \"storageProfile\": {\r\n      \"imageReference\": {\r\n \
        \       \"publisher\": \"Canonical\",\r\n        \"offer\": \"UbuntuServer\"\
        ,\r\n        \"sku\": \"16.04-LTS\",\r\n        \"version\": \"latest\"\r\n\
        \      },\r\n      \"osDisk\": {\r\n        \"osType\": \"Linux\",\r\n   \
        \     \"name\": \"osdisk_158e1bac3b\",\r\n        \"createOption\": \"FromImage\"\
        ,\r\n        \"vhd\": {\r\n          \"uri\": \"https://vhdstorage158e1bac3b7cb9.blob.core.windows.net/vhds/osdisk_158e1bac3b.vhd\"\
        \r\n        },\r\n        \"caching\": \"ReadWrite\",\r\n        \"diskSizeGB\"\
        : 30\r\n      },\r\n      \"dataDisks\": []\r\n    },\r\n    \"osProfile\"\
        : {\r\n      \"computerName\": \"myvm\",\r\n      \"adminUsername\": \"user11\"\
        ,\r\n      \"linuxConfiguration\": {\r\n        \"disablePasswordAuthentication\"\
        : false\r\n      },\r\n      \"secrets\": []\r\n    },\r\n    \"networkProfile\"\
        : {\"networkInterfaces\":[{\"id\":\"/subscriptions/00000000-0000-0000-0000-000000000000/resourceGroups/cli_test_vm_diagnostics000001/providers/Microsoft.Network/networkInterfaces/myvmVMNic\"\
        }]},\r\n    \"diagnosticsProfile\": {\r\n      \"bootDiagnostics\": {\r\n\
        \        \"enabled\": false,\r\n        \"storageUri\": \"https://clitestbootdiag000002.blob.core.windows.net/\"\
        \r\n      }\r\n    },\r\n    \"provisioningState\": \"Succeeded\"\r\n  },\r\
        \n  \"type\": \"Microsoft.Compute/virtualMachines\",\r\n  \"location\": \"\
        westus\",\r\n  \"tags\": {},\r\n  \"id\": \"/subscriptions/00000000-0000-0000-0000-000000000000/resourceGroups/cli_test_vm_diagnostics000001/providers/Microsoft.Compute/virtualMachines/myvm\"\
        ,\r\n  \"name\": \"myvm\"\r\n}"}
    headers:
      cache-control: [no-cache]
      content-length: ['1684']
      content-type: [application/json; charset=utf-8]
      date: ['Fri, 20 Jul 2018 23:19:30 GMT']
      expires: ['-1']
      pragma: [no-cache]
      server: [Microsoft-HTTPAPI/2.0, Microsoft-HTTPAPI/2.0]
      strict-transport-security: [max-age=31536000; includeSubDomains]
      transfer-encoding: [chunked]
      vary: [Accept-Encoding]
      x-content-type-options: [nosniff]
      x-ms-ratelimit-remaining-resource: ['Microsoft.Compute/LowCostGet3Min;4184,Microsoft.Compute/LowCostGet30Min;33533']
    status: {code: 200, message: OK}
- request:
    body: null
    headers:
      Accept: [application/json]
      Accept-Encoding: ['gzip, deflate']
      CommandName: [vm create]
      Connection: [keep-alive]
      Content-Type: [application/json; charset=utf-8]
      User-Agent: [python/3.5.2 (Windows-10-10.0.17134-SP0) requests/2.19.1 msrest/0.5.4
          msrest_azure/0.4.34 resourcemanagementclient/2.0.0rc2 Azure-SDK-For-Python
          AZURECLI/2.0.43]
      accept-language: [en-US]
    method: GET
    uri: https://management.azure.com/subscriptions/00000000-0000-0000-0000-000000000000/resourcegroups/cli_test_vm_diagnostics000001?api-version=2018-02-01
  response:
    body: {string: '{"id":"/subscriptions/00000000-0000-0000-0000-000000000000/resourceGroups/cli_test_vm_diagnostics000001","name":"cli_test_vm_diagnostics000001","location":"westus","tags":{"date":"2018-07-20T23:15:08Z","product":"azurecli","cause":"automation"},"properties":{"provisioningState":"Succeeded"}}'}
    headers:
      cache-control: [no-cache]
      content-length: ['384']
      content-type: [application/json; charset=utf-8]
      date: ['Fri, 20 Jul 2018 23:19:30 GMT']
      expires: ['-1']
      pragma: [no-cache]
      strict-transport-security: [max-age=31536000; includeSubDomains]
      vary: [Accept-Encoding]
      x-content-type-options: [nosniff]
    status: {code: 200, message: OK}
- request:
    body: null
    headers:
      Accept: ['*/*']
      Accept-Encoding: ['gzip, deflate']
      Connection: [keep-alive]
      User-Agent: [python-requests/2.19.1]
    method: GET
    uri: https://raw.githubusercontent.com/Azure/azure-rest-api-specs/master/arm-compute/quickstart-templates/aliases.json
  response:
    body: {string: "{\n  \"$schema\":\"http://schema.management.azure.com/schemas/2015-01-01/deploymentTemplate.json\"\
        ,\n  \"contentVersion\":\"1.0.0.0\",\n  \"parameters\":{},\n  \"variables\"\
        :{},\n  \"resources\":[],\n\n  \"outputs\":{\n    \"aliases\":{\n      \"\
        type\":\"object\",\n      \"value\":{\n\n        \"Linux\":{\n          \"\
        CentOS\":{\n            \"publisher\":\"OpenLogic\",\n            \"offer\"\
        :\"CentOS\",\n            \"sku\":\"7.3\",\n            \"version\":\"latest\"\
        \n          },\n          \"CoreOS\":{\n            \"publisher\":\"CoreOS\"\
        ,\n            \"offer\":\"CoreOS\",\n            \"sku\":\"Stable\",\n  \
        \          \"version\":\"latest\"\n          },\n          \"Debian\":{\n\
        \            \"publisher\":\"credativ\",\n            \"offer\":\"Debian\"\
        ,\n            \"sku\":\"8\",\n            \"version\":\"latest\"\n      \
        \    },\n          \"openSUSE-Leap\": {\n            \"publisher\":\"SUSE\"\
        ,\n            \"offer\":\"openSUSE-Leap\",\n            \"sku\":\"42.3\"\
        ,\n            \"version\": \"latest\"\n          },\n          \"RHEL\":{\n\
        \            \"publisher\":\"RedHat\",\n            \"offer\":\"RHEL\",\n\
        \            \"sku\":\"7.3\",\n            \"version\":\"latest\"\n      \
        \    },\n          \"SLES\":{\n            \"publisher\":\"SUSE\",\n     \
        \       \"offer\":\"SLES\",\n            \"sku\":\"12-SP2\",\n           \
        \ \"version\":\"latest\"\n          },\n          \"UbuntuLTS\":{\n      \
        \      \"publisher\":\"Canonical\",\n            \"offer\":\"UbuntuServer\"\
        ,\n            \"sku\":\"16.04-LTS\",\n            \"version\":\"latest\"\n\
        \          }\n        },\n\n        \"Windows\":{\n          \"Win2016Datacenter\"\
        :{\n            \"publisher\":\"MicrosoftWindowsServer\",\n            \"\
        offer\":\"WindowsServer\",\n            \"sku\":\"2016-Datacenter\",\n   \
        \         \"version\":\"latest\"\n          },\n          \"Win2012R2Datacenter\"\
        :{\n            \"publisher\":\"MicrosoftWindowsServer\",\n            \"\
        offer\":\"WindowsServer\",\n            \"sku\":\"2012-R2-Datacenter\",\n\
        \            \"version\":\"latest\"\n          },\n          \"Win2012Datacenter\"\
        :{\n            \"publisher\":\"MicrosoftWindowsServer\",\n            \"\
        offer\":\"WindowsServer\",\n            \"sku\":\"2012-Datacenter\",\n   \
        \         \"version\":\"latest\"\n          },\n          \"Win2008R2SP1\"\
        :{\n            \"publisher\":\"MicrosoftWindowsServer\",\n            \"\
        offer\":\"WindowsServer\",\n            \"sku\":\"2008-R2-SP1\",\n       \
        \     \"version\":\"latest\"\n          }\n        }\n      }\n    }\n  }\n\
        }\n"}
    headers:
      accept-ranges: [bytes]
      access-control-allow-origin: ['*']
      cache-control: [max-age=300]
      connection: [keep-alive]
      content-length: ['2235']
      content-security-policy: [default-src 'none'; style-src 'unsafe-inline'; sandbox]
      content-type: [text/plain; charset=utf-8]
      date: ['Fri, 20 Jul 2018 23:19:31 GMT']
      etag: ['"60d07919b4224266adafb81340896eea100dc887"']
      expires: ['Fri, 20 Jul 2018 23:24:31 GMT']
      source-age: ['0']
      strict-transport-security: [max-age=31536000]
      vary: ['Authorization,Accept-Encoding']
      via: [1.1 varnish]
      x-cache: [MISS]
      x-cache-hits: ['0']
      x-content-type-options: [nosniff]
      x-fastly-request-id: [16c10bef153802fa4413e24395a1f78742466714]
      x-frame-options: [deny]
      x-geo-block-list: ['']
      x-github-request-id: ['63D4:4635:39FBE7:3D5E88:5B526E03']
      x-served-by: [cache-dfw18635-DFW]
      x-timer: ['S1532128772.727382,VS0,VE66']
      x-xss-protection: [1; mode=block]
    status: {code: 200, message: OK}
- request:
    body: null
    headers:
      Accept: [application/json]
      Accept-Encoding: ['gzip, deflate']
      CommandName: [vm create]
      Connection: [keep-alive]
      Content-Type: [application/json; charset=utf-8]
      User-Agent: [python/3.5.2 (Windows-10-10.0.17134-SP0) requests/2.19.1 msrest/0.5.4
          msrest_azure/0.4.34 networkmanagementclient/2.0.0rc3 Azure-SDK-For-Python
          AZURECLI/2.0.43]
      accept-language: [en-US]
    method: GET
    uri: https://management.azure.com/subscriptions/00000000-0000-0000-0000-000000000000/resourceGroups/cli_test_vm_diagnostics000001/providers/Microsoft.Network/virtualNetworks?api-version=2017-10-01
  response:
    body: {string: "{\r\n  \"value\": [\r\n    {\r\n      \"name\": \"myvmVNET\",\r\
        \n      \"id\": \"/subscriptions/00000000-0000-0000-0000-000000000000/resourceGroups/cli_test_vm_diagnostics000001/providers/Microsoft.Network/virtualNetworks/myvmVNET\"\
        ,\r\n      \"etag\": \"W/\\\"94f578e4-bf73-4b08-b14c-db401d33c4e5\\\"\",\r\
        \n      \"type\": \"Microsoft.Network/virtualNetworks\",\r\n      \"location\"\
        : \"westus\",\r\n      \"tags\": {},\r\n      \"properties\": {\r\n      \
        \  \"provisioningState\": \"Succeeded\",\r\n        \"resourceGuid\": \"923f7a08-2a30-477e-8ec0-66e7abea9e6d\"\
        ,\r\n        \"addressSpace\": {\r\n          \"addressPrefixes\": [\r\n \
        \           \"10.0.0.0/16\"\r\n          ]\r\n        },\r\n        \"subnets\"\
        : [\r\n          {\r\n            \"name\": \"myvmSubnet\",\r\n          \
        \  \"id\": \"/subscriptions/00000000-0000-0000-0000-000000000000/resourceGroups/cli_test_vm_diagnostics000001/providers/Microsoft.Network/virtualNetworks/myvmVNET/subnets/myvmSubnet\"\
        ,\r\n            \"etag\": \"W/\\\"94f578e4-bf73-4b08-b14c-db401d33c4e5\\\"\
        \",\r\n            \"properties\": {\r\n              \"provisioningState\"\
        : \"Succeeded\",\r\n              \"addressPrefix\": \"10.0.0.0/24\",\r\n\
        \              \"ipConfigurations\": [\r\n                {\r\n          \
        \        \"id\": \"/subscriptions/00000000-0000-0000-0000-000000000000/resourceGroups/cli_test_vm_diagnostics000001/providers/Microsoft.Network/networkInterfaces/myvmVMNic/ipConfigurations/ipconfigmyvm\"\
        \r\n                }\r\n              ]\r\n            }\r\n          }\r\
        \n        ],\r\n        \"virtualNetworkPeerings\": [],\r\n        \"enableDdosProtection\"\
        : false,\r\n        \"enableVmProtection\": false\r\n      }\r\n    }\r\n\
        \  ]\r\n}"}
    headers:
      cache-control: [no-cache]
      content-length: ['1691']
      content-type: [application/json; charset=utf-8]
      date: ['Fri, 20 Jul 2018 23:19:31 GMT']
      expires: ['-1']
      pragma: [no-cache]
      server: [Microsoft-HTTPAPI/2.0, Microsoft-HTTPAPI/2.0]
      strict-transport-security: [max-age=31536000; includeSubDomains]
      transfer-encoding: [chunked]
      vary: [Accept-Encoding]
      x-content-type-options: [nosniff]
    status: {code: 200, message: OK}
- request:
    body: null
    headers:
      Accept: [application/json]
      Accept-Encoding: ['gzip, deflate']
      CommandName: [vm create]
      Connection: [keep-alive]
      Content-Type: [application/json; charset=utf-8]
      User-Agent: [python/3.5.2 (Windows-10-10.0.17134-SP0) requests/2.19.1 msrest/0.5.4
          msrest_azure/0.4.34 azure-mgmt-storage/1.5.0 Azure-SDK-For-Python AZURECLI/2.0.43]
      accept-language: [en-US]
    method: GET
    uri: https://management.azure.com/subscriptions/00000000-0000-0000-0000-000000000000/providers/Microsoft.Storage/storageAccounts?api-version=2016-01-01
  response:
    body: {string: '{"value":[{"sku":{"name":"Standard_LRS","tier":"Standard"},"kind":"Storage","id":"/subscriptions/00000000-0000-0000-0000-000000000000/resourceGroups/cli_test_vm_diagnostics000001/providers/Microsoft.Storage/storageAccounts/clitestbootdiag000002","name":"clitestbootdiag000002","type":"Microsoft.Storage/storageAccounts","location":"westus","tags":{},"properties":{"encryption":{"services":{"blob":{"enabled":true,"lastEnabledTime":"2018-07-20T23:15:10.7610757Z"}},"keySource":"Microsoft.Storage"},"provisioningState":"Succeeded","creationTime":"2018-07-20T23:15:10.6201828Z","primaryEndpoints":{"blob":"https://clitestbootdiag000002.blob.core.windows.net/","queue":"https://clitestbootdiag000002.queue.core.windows.net/","table":"https://clitestbootdiag000002.table.core.windows.net/","file":"https://clitestbootdiag000002.file.core.windows.net/"},"primaryLocation":"westus","statusOfPrimary":"available"}},{"sku":{"name":"Standard_LRS","tier":"Standard"},"kind":"Storage","id":"/subscriptions/00000000-0000-0000-0000-000000000000/resourceGroups/testrg/providers/Microsoft.Storage/storageAccounts/testsavxsd","name":"testsavxsd","type":"Microsoft.Storage/storageAccounts","location":"westus","tags":{},"properties":{"encryption":{"services":{"blob":{"enabled":true,"lastEnabledTime":"2018-05-31T18:54:30.1003932Z"}},"keySource":"Microsoft.Storage"},"provisioningState":"Succeeded","creationTime":"2018-05-31T18:54:30.0378728Z","primaryEndpoints":{"blob":"https://testsavxsd.blob.core.windows.net/","queue":"https://testsavxsd.queue.core.windows.net/","table":"https://testsavxsd.table.core.windows.net/","file":"https://testsavxsd.file.core.windows.net/"},"primaryLocation":"westus","statusOfPrimary":"available"}},{"sku":{"name":"Standard_LRS","tier":"Standard"},"kind":"Storage","id":"/subscriptions/00000000-0000-0000-0000-000000000000/resourceGroups/cloud-shell-storage-westus/providers/Microsoft.Storage/storageAccounts/cs47dec1fd62e45x4798x9be","name":"cs47dec1fd62e45x4798x9be","type":"Microsoft.Storage/storageAccounts","location":"westus","tags":{"ms-resource-usage":"azure-cloud-shell"},"properties":{"encryption":{"services":{"blob":{"enabled":true,"lastEnabledTime":"2017-12-29T19:02:51.1725039Z"}},"keySource":"Microsoft.Storage"},"provisioningState":"Succeeded","creationTime":"2017-08-29T20:11:01.3867221Z","primaryEndpoints":{"blob":"https://cs47dec1fd62e45x4798x9be.blob.core.windows.net/","queue":"https://cs47dec1fd62e45x4798x9be.queue.core.windows.net/","table":"https://cs47dec1fd62e45x4798x9be.table.core.windows.net/","file":"https://cs47dec1fd62e45x4798x9be.file.core.windows.net/"},"primaryLocation":"westus","statusOfPrimary":"available"}},{"sku":{"name":"Premium_LRS","tier":"Premium"},"kind":"Storage","id":"/subscriptions/00000000-0000-0000-0000-000000000000/resourceGroups/cli_test_vm_diagnostics000001/providers/Microsoft.Storage/storageAccounts/vhdstorage158e1bac3b7cb9","name":"vhdstorage158e1bac3b7cb9","type":"Microsoft.Storage/storageAccounts","location":"westus","tags":{},"properties":{"encryption":{"services":{"blob":{"enabled":true,"lastEnabledTime":"2018-07-20T23:15:42.6942009Z"}},"keySource":"Microsoft.Storage"},"provisioningState":"Succeeded","creationTime":"2018-07-20T23:15:42.5693837Z","primaryEndpoints":{"blob":"https://vhdstorage158e1bac3b7cb9.blob.core.windows.net/"},"primaryLocation":"westus","statusOfPrimary":"available"}},{"sku":{"name":"Standard_LRS","tier":"Standard"},"kind":"Storage","id":"/subscriptions/00000000-0000-0000-0000-000000000000/resourceGroups/testrg/providers/Microsoft.Storage/storageAccounts/testbottmh5","name":"testbottmh5","type":"Microsoft.Storage/storageAccounts","location":"centralus","tags":{},"properties":{"encryption":{"services":{"blob":{"enabled":true,"lastEnabledTime":"2018-06-28T18:28:17.2394775Z"}},"keySource":"Microsoft.Storage"},"provisioningState":"Succeeded","creationTime":"2018-06-28T18:28:17.1457341Z","primaryEndpoints":{"blob":"https://testbottmh5.blob.core.windows.net/","queue":"https://testbottmh5.queue.core.windows.net/","table":"https://testbottmh5.table.core.windows.net/","file":"https://testbottmh5.file.core.windows.net/"},"primaryLocation":"centralus","statusOfPrimary":"available"}},{"sku":{"name":"Standard_LRS","tier":"Standard"},"kind":"Storage","id":"/subscriptions/00000000-0000-0000-0000-000000000000/resourceGroups/testrg/providers/Microsoft.Storage/storageAccounts/viananthtckic","name":"viananthtckic","type":"Microsoft.Storage/storageAccounts","location":"centralus","tags":{},"properties":{"encryption":{"services":{"blob":{"enabled":true,"lastEnabledTime":"2018-06-29T08:18:55.1547053Z"}},"keySource":"Microsoft.Storage"},"provisioningState":"Succeeded","creationTime":"2018-06-29T08:18:54.8578271Z","primaryEndpoints":{"blob":"https://viananthtckic.blob.core.windows.net/","queue":"https://viananthtckic.queue.core.windows.net/","table":"https://viananthtckic.table.core.windows.net/","file":"https://viananthtckic.file.core.windows.net/"},"primaryLocation":"centralus","statusOfPrimary":"available"}},{"sku":{"name":"Standard_LRS","tier":"Standard"},"kind":"Storage","id":"/subscriptions/00000000-0000-0000-0000-000000000000/resourceGroups/testrg/providers/Microsoft.Storage/storageAccounts/mybotnamscjx","name":"mybotnamscjx","type":"Microsoft.Storage/storageAccounts","location":"centralus","tags":{},"properties":{"encryption":{"services":{"blob":{"enabled":true,"lastEnabledTime":"2018-06-29T08:16:02.5081030Z"}},"keySource":"Microsoft.Storage"},"provisioningState":"Succeeded","creationTime":"2018-06-29T08:16:02.3672357Z","primaryEndpoints":{"blob":"https://mybotnamscjx.blob.core.windows.net/","queue":"https://mybotnamscjx.queue.core.windows.net/","table":"https://mybotnamscjx.table.core.windows.net/","file":"https://mybotnamscjx.file.core.windows.net/"},"primaryLocation":"centralus","statusOfPrimary":"available"}},{"sku":{"name":"Premium_LRS","tier":"Premium"},"kind":"Storage","id":"/subscriptions/00000000-0000-0000-0000-000000000000/resourceGroups/linuxvmrg/providers/Microsoft.Storage/storageAccounts/linuxvmrgdisks290","name":"linuxvmrgdisks290","type":"Microsoft.Storage/storageAccounts","location":"westus2","tags":{},"properties":{"encryption":{"services":{"blob":{"enabled":true,"lastEnabledTime":"2017-11-15T10:12:05.2279141Z"}},"keySource":"Microsoft.Storage"},"provisioningState":"Succeeded","creationTime":"2016-11-30T19:07:23.0820578Z","primaryEndpoints":{"blob":"https://linuxvmrgdisks290.blob.core.windows.net/"},"primaryLocation":"westus2","statusOfPrimary":"available"}},{"sku":{"name":"Standard_LRS","tier":"Standard"},"kind":"Storage","id":"/subscriptions/00000000-0000-0000-0000-000000000000/resourceGroups/linuxvmrg/providers/Microsoft.Storage/storageAccounts/linuxvmrgdiag148","name":"linuxvmrgdiag148","type":"Microsoft.Storage/storageAccounts","location":"westus2","tags":{},"properties":{"encryption":{"services":{"blob":{"enabled":true,"lastEnabledTime":"2017-11-15T10:12:05.0716475Z"}},"keySource":"Microsoft.Storage"},"provisioningState":"Succeeded","creationTime":"2016-11-30T19:07:23.1150607Z","primaryEndpoints":{"blob":"https://linuxvmrgdiag148.blob.core.windows.net/","queue":"https://linuxvmrgdiag148.queue.core.windows.net/","table":"https://linuxvmrgdiag148.table.core.windows.net/","file":"https://linuxvmrgdiag148.file.core.windows.net/"},"primaryLocation":"westus2","statusOfPrimary":"available"}}]}'}
    headers:
      cache-control: [no-cache]
      content-length: ['7493']
      content-type: [application/json; charset=utf-8]
      date: ['Fri, 20 Jul 2018 23:19:32 GMT']
      expires: ['-1']
      pragma: [no-cache]
      strict-transport-security: [max-age=31536000; includeSubDomains]
      vary: [Accept-Encoding]
      x-content-type-options: [nosniff]
      x-ms-original-request-ids: [70460b46-fdab-4f88-b717-283b032aa40e, 232e75a7-b3d5-4154-82c7-7e465e1881b7,
        9c671b2a-683a-4f08-9170-e822de029fa5]
    status: {code: 200, message: OK}
- request:
    body: 'b''b\''{"properties": {"parameters": {"adminPassword": {"value": "testPassword0"}},
      "mode": "Incremental", "template": {"$schema": "https://schema.management.azure.com/schemas/2015-01-01/deploymentTemplate.json#",
      "variables": {}, "outputs": {}, "resources": [{"properties": {"securityRules":
      [{"properties": {"direction": "Inbound", "priority": 1000, "protocol": "Tcp",
      "destinationAddressPrefix": "*", "sourceAddressPrefix": "*", "sourcePortRange":
      "*", "destinationPortRange": "22", "access": "Allow"}, "name": "default-allow-ssh"}]},
      "dependsOn": [], "type": "Microsoft.Network/networkSecurityGroups", "name":
      "myvm2NSG", "apiVersion": "2015-06-15", "tags": {}, "location": "westus"}, {"properties":
      {"publicIPAllocationMethod": null}, "dependsOn": [], "type": "Microsoft.Network/publicIPAddresses",
      "name": "myvm2PublicIP", "apiVersion": "2017-10-01", "tags": {}, "location":
      "westus"}, {"properties": {"networkSecurityGroup": {"id": "/subscriptions/00000000-0000-0000-0000-000000000000/resourceGroups/cli_test_vm_diagnostics000001/providers/Microsoft.Network/networkSecurityGroups/myvm2NSG"},
      "ipConfigurations": [{"properties": {"publicIPAddress": {"id": "/subscriptions/00000000-0000-0000-0000-000000000000/resourceGroups/cli_test_vm_diagnostics000001/providers/Microsoft.Network/publicIPAddresses/myvm2PublicIP"},
      "privateIPAllocationMethod": "Dynamic", "subnet": {"id": "/subscriptions/00000000-0000-0000-0000-000000000000/resourceGroups/cli_test_vm_diagnostics000001/providers/Microsoft.Network/virtualNetworks/myvmVNET/subnets/myvmSubnet"}},
      "name": "ipconfigmyvm2"}]}, "dependsOn": ["Microsoft.Network/networkSecurityGroups/myvm2NSG",
      "Microsoft.Network/publicIpAddresses/myvm2PublicIP"], "type": "Microsoft.Network/networkInterfaces",
      "name": "myvm2VMNic", "apiVersion": "2015-06-15", "tags": {}, "location": "westus"},
      {"properties": {"osProfile": {"adminUsername": "user11", "adminPassword": "[parameters(\\\''adminPassword\\\'')]",
      "computerName": "myvm2"}, "diagnosticsProfile": {"bootDiagnostics": {"enabled":
      true, "storageUri": "https://clitestbootdiag000002.blob.core.windows.net/"}},
      "networkProfile": {"networkInterfaces": [{"id": "/subscriptions/00000000-0000-0000-0000-000000000000/resourceGroups/cli_test_vm_diagnostics000001/providers/Microsoft.Network/networkInterfaces/myvm2VMNic"}]},
      "storageProfile": {"osDisk": {"caching": "ReadWrite", "name": null, "createOption":
      "fromImage", "managedDisk": {"storageAccountType": null}}, "imageReference":
      {"offer": "Debian", "publisher": "credativ", "version": "latest", "sku": "8"}},
      "hardwareProfile": {"vmSize": "Standard_DS1_v2"}}, "dependsOn": ["Microsoft.Network/networkInterfaces/myvm2VMNic"],
      "type": "Microsoft.Compute/virtualMachines", "name": "myvm2", "apiVersion":
      "2017-03-30", "tags": {}, "location": "westus"}], "contentVersion": "1.0.0.0",
      "parameters": {"adminPassword": {"metadata": {"description": "Secure adminPassword"},
      "type": "securestring"}}}}}\'''''
    headers:
      Accept: [application/json]
      Accept-Encoding: ['gzip, deflate']
      CommandName: [vm create]
      Connection: [keep-alive]
      Content-Length: ['3112']
      Content-Type: [application/json; charset=utf-8]
      User-Agent: [python/3.5.2 (Windows-10-10.0.17134-SP0) requests/2.19.1 msrest/0.5.4
          msrest_azure/0.4.34 resourcemanagementclient/2.0.0rc2 Azure-SDK-For-Python
          AZURECLI/2.0.43]
      accept-language: [en-US]
    method: PUT
    uri: https://management.azure.com/subscriptions/00000000-0000-0000-0000-000000000000/resourcegroups/cli_test_vm_diagnostics000001/providers/Microsoft.Resources/deployments/mock-deployment?api-version=2018-02-01
  response:
    body: {string: '{"id":"/subscriptions/00000000-0000-0000-0000-000000000000/resourceGroups/cli_test_vm_diagnostics000001/providers/Microsoft.Resources/deployments/vm_deploy_zg2zyJtJqndp6Z1DL4D94QiFmw3NTNAL","name":"vm_deploy_zg2zyJtJqndp6Z1DL4D94QiFmw3NTNAL","properties":{"templateHash":"16370127444159377338","parameters":{"adminPassword":{"type":"SecureString"}},"mode":"Incremental","provisioningState":"Accepted","timestamp":"2018-07-20T23:19:34.9226043Z","duration":"PT1.0608844S","correlationId":"3f8fd557-8e0b-4d0a-972f-42dd7121800f","providers":[{"namespace":"Microsoft.Network","resourceTypes":[{"resourceType":"networkSecurityGroups","locations":["westus"]},{"resourceType":"publicIPAddresses","locations":["westus"]},{"resourceType":"networkInterfaces","locations":["westus"]}]},{"namespace":"Microsoft.Compute","resourceTypes":[{"resourceType":"virtualMachines","locations":["westus"]}]}],"dependencies":[{"dependsOn":[{"id":"/subscriptions/00000000-0000-0000-0000-000000000000/resourceGroups/cli_test_vm_diagnostics000001/providers/Microsoft.Network/networkSecurityGroups/myvm2NSG","resourceType":"Microsoft.Network/networkSecurityGroups","resourceName":"myvm2NSG"},{"id":"/subscriptions/00000000-0000-0000-0000-000000000000/resourceGroups/cli_test_vm_diagnostics000001/providers/Microsoft.Network/publicIPAddresses/myvm2PublicIP","resourceType":"Microsoft.Network/publicIPAddresses","resourceName":"myvm2PublicIP"}],"id":"/subscriptions/00000000-0000-0000-0000-000000000000/resourceGroups/cli_test_vm_diagnostics000001/providers/Microsoft.Network/networkInterfaces/myvm2VMNic","resourceType":"Microsoft.Network/networkInterfaces","resourceName":"myvm2VMNic"},{"dependsOn":[{"id":"/subscriptions/00000000-0000-0000-0000-000000000000/resourceGroups/cli_test_vm_diagnostics000001/providers/Microsoft.Network/networkInterfaces/myvm2VMNic","resourceType":"Microsoft.Network/networkInterfaces","resourceName":"myvm2VMNic"}],"id":"/subscriptions/00000000-0000-0000-0000-000000000000/resourceGroups/cli_test_vm_diagnostics000001/providers/Microsoft.Compute/virtualMachines/myvm2","resourceType":"Microsoft.Compute/virtualMachines","resourceName":"myvm2"}]}}'}
    headers:
      azure-asyncoperation: ['https://management.azure.com/subscriptions/00000000-0000-0000-0000-000000000000/resourcegroups/cli_test_vm_diagnostics000001/providers/Microsoft.Resources/deployments/vm_deploy_zg2zyJtJqndp6Z1DL4D94QiFmw3NTNAL/operationStatuses/08586694781116159085?api-version=2018-02-01']
      cache-control: [no-cache]
      content-length: ['2423']
      content-type: [application/json; charset=utf-8]
      date: ['Fri, 20 Jul 2018 23:19:35 GMT']
      expires: ['-1']
      pragma: [no-cache]
      strict-transport-security: [max-age=31536000; includeSubDomains]
      x-content-type-options: [nosniff]
      x-ms-ratelimit-remaining-subscription-writes: ['1198']
    status: {code: 201, message: Created}
- request:
    body: null
    headers:
      Accept: [application/json]
      Accept-Encoding: ['gzip, deflate']
      CommandName: [vm create]
      Connection: [keep-alive]
      User-Agent: [python/3.5.2 (Windows-10-10.0.17134-SP0) requests/2.19.1 msrest/0.5.4
          msrest_azure/0.4.34 resourcemanagementclient/2.0.0rc2 Azure-SDK-For-Python
          AZURECLI/2.0.43]
    method: GET
    uri: https://management.azure.com/subscriptions/00000000-0000-0000-0000-000000000000/resourcegroups/cli_test_vm_diagnostics000001/providers/Microsoft.Resources/deployments/mock-deployment/operationStatuses/08586694781116159085?api-version=2018-02-01
  response:
    body: {string: '{"status":"Running"}'}
    headers:
      cache-control: [no-cache]
      content-length: ['20']
      content-type: [application/json; charset=utf-8]
      date: ['Fri, 20 Jul 2018 23:20:05 GMT']
      expires: ['-1']
      pragma: [no-cache]
      strict-transport-security: [max-age=31536000; includeSubDomains]
      vary: [Accept-Encoding]
      x-content-type-options: [nosniff]
    status: {code: 200, message: OK}
- request:
    body: null
    headers:
      Accept: [application/json]
      Accept-Encoding: ['gzip, deflate']
      CommandName: [vm create]
      Connection: [keep-alive]
      User-Agent: [python/3.5.2 (Windows-10-10.0.17134-SP0) requests/2.19.1 msrest/0.5.4
          msrest_azure/0.4.34 resourcemanagementclient/2.0.0rc2 Azure-SDK-For-Python
          AZURECLI/2.0.43]
    method: GET
    uri: https://management.azure.com/subscriptions/00000000-0000-0000-0000-000000000000/resourcegroups/cli_test_vm_diagnostics000001/providers/Microsoft.Resources/deployments/mock-deployment/operationStatuses/08586694781116159085?api-version=2018-02-01
  response:
    body: {string: '{"status":"Running"}'}
    headers:
      cache-control: [no-cache]
      content-length: ['20']
      content-type: [application/json; charset=utf-8]
      date: ['Fri, 20 Jul 2018 23:20:36 GMT']
      expires: ['-1']
      pragma: [no-cache]
      strict-transport-security: [max-age=31536000; includeSubDomains]
      vary: [Accept-Encoding]
      x-content-type-options: [nosniff]
    status: {code: 200, message: OK}
- request:
    body: null
    headers:
      Accept: [application/json]
      Accept-Encoding: ['gzip, deflate']
      CommandName: [vm create]
      Connection: [keep-alive]
      User-Agent: [python/3.5.2 (Windows-10-10.0.17134-SP0) requests/2.19.1 msrest/0.5.4
          msrest_azure/0.4.34 resourcemanagementclient/2.0.0rc2 Azure-SDK-For-Python
          AZURECLI/2.0.43]
    method: GET
    uri: https://management.azure.com/subscriptions/00000000-0000-0000-0000-000000000000/resourcegroups/cli_test_vm_diagnostics000001/providers/Microsoft.Resources/deployments/mock-deployment/operationStatuses/08586694781116159085?api-version=2018-02-01
  response:
    body: {string: '{"status":"Running"}'}
    headers:
      cache-control: [no-cache]
      content-length: ['20']
      content-type: [application/json; charset=utf-8]
      date: ['Fri, 20 Jul 2018 23:21:06 GMT']
      expires: ['-1']
      pragma: [no-cache]
      strict-transport-security: [max-age=31536000; includeSubDomains]
      vary: [Accept-Encoding]
      x-content-type-options: [nosniff]
    status: {code: 200, message: OK}
- request:
    body: null
    headers:
      Accept: [application/json]
      Accept-Encoding: ['gzip, deflate']
      CommandName: [vm create]
      Connection: [keep-alive]
      User-Agent: [python/3.5.2 (Windows-10-10.0.17134-SP0) requests/2.19.1 msrest/0.5.4
          msrest_azure/0.4.34 resourcemanagementclient/2.0.0rc2 Azure-SDK-For-Python
          AZURECLI/2.0.43]
    method: GET
    uri: https://management.azure.com/subscriptions/00000000-0000-0000-0000-000000000000/resourcegroups/cli_test_vm_diagnostics000001/providers/Microsoft.Resources/deployments/mock-deployment/operationStatuses/08586694781116159085?api-version=2018-02-01
  response:
    body: {string: '{"status":"Running"}'}
    headers:
      cache-control: [no-cache]
      content-length: ['20']
      content-type: [application/json; charset=utf-8]
      date: ['Fri, 20 Jul 2018 23:21:37 GMT']
      expires: ['-1']
      pragma: [no-cache]
      strict-transport-security: [max-age=31536000; includeSubDomains]
      vary: [Accept-Encoding]
      x-content-type-options: [nosniff]
    status: {code: 200, message: OK}
- request:
    body: null
    headers:
      Accept: [application/json]
      Accept-Encoding: ['gzip, deflate']
      CommandName: [vm create]
      Connection: [keep-alive]
      User-Agent: [python/3.5.2 (Windows-10-10.0.17134-SP0) requests/2.19.1 msrest/0.5.4
          msrest_azure/0.4.34 resourcemanagementclient/2.0.0rc2 Azure-SDK-For-Python
          AZURECLI/2.0.43]
    method: GET
    uri: https://management.azure.com/subscriptions/00000000-0000-0000-0000-000000000000/resourcegroups/cli_test_vm_diagnostics000001/providers/Microsoft.Resources/deployments/mock-deployment/operationStatuses/08586694781116159085?api-version=2018-02-01
  response:
    body: {string: '{"status":"Running"}'}
    headers:
      cache-control: [no-cache]
      content-length: ['20']
      content-type: [application/json; charset=utf-8]
      date: ['Fri, 20 Jul 2018 23:22:07 GMT']
      expires: ['-1']
      pragma: [no-cache]
      strict-transport-security: [max-age=31536000; includeSubDomains]
      vary: [Accept-Encoding]
      x-content-type-options: [nosniff]
    status: {code: 200, message: OK}
- request:
    body: null
    headers:
      Accept: [application/json]
      Accept-Encoding: ['gzip, deflate']
      CommandName: [vm create]
      Connection: [keep-alive]
      User-Agent: [python/3.5.2 (Windows-10-10.0.17134-SP0) requests/2.19.1 msrest/0.5.4
          msrest_azure/0.4.34 resourcemanagementclient/2.0.0rc2 Azure-SDK-For-Python
          AZURECLI/2.0.43]
    method: GET
    uri: https://management.azure.com/subscriptions/00000000-0000-0000-0000-000000000000/resourcegroups/cli_test_vm_diagnostics000001/providers/Microsoft.Resources/deployments/mock-deployment/operationStatuses/08586694781116159085?api-version=2018-02-01
  response:
    body: {string: '{"status":"Succeeded"}'}
    headers:
      cache-control: [no-cache]
      content-length: ['22']
      content-type: [application/json; charset=utf-8]
      date: ['Fri, 20 Jul 2018 23:22:38 GMT']
      expires: ['-1']
      pragma: [no-cache]
      strict-transport-security: [max-age=31536000; includeSubDomains]
      vary: [Accept-Encoding]
      x-content-type-options: [nosniff]
    status: {code: 200, message: OK}
- request:
    body: null
    headers:
      Accept: [application/json]
      Accept-Encoding: ['gzip, deflate']
      CommandName: [vm create]
      Connection: [keep-alive]
      User-Agent: [python/3.5.2 (Windows-10-10.0.17134-SP0) requests/2.19.1 msrest/0.5.4
          msrest_azure/0.4.34 resourcemanagementclient/2.0.0rc2 Azure-SDK-For-Python
          AZURECLI/2.0.43]
    method: GET
    uri: https://management.azure.com/subscriptions/00000000-0000-0000-0000-000000000000/resourcegroups/cli_test_vm_diagnostics000001/providers/Microsoft.Resources/deployments/mock-deployment?api-version=2018-02-01
  response:
    body: {string: '{"id":"/subscriptions/00000000-0000-0000-0000-000000000000/resourceGroups/cli_test_vm_diagnostics000001/providers/Microsoft.Resources/deployments/vm_deploy_zg2zyJtJqndp6Z1DL4D94QiFmw3NTNAL","name":"vm_deploy_zg2zyJtJqndp6Z1DL4D94QiFmw3NTNAL","properties":{"templateHash":"16370127444159377338","parameters":{"adminPassword":{"type":"SecureString"}},"mode":"Incremental","provisioningState":"Succeeded","timestamp":"2018-07-20T23:22:08.2545354Z","duration":"PT2M34.3928155S","correlationId":"3f8fd557-8e0b-4d0a-972f-42dd7121800f","providers":[{"namespace":"Microsoft.Network","resourceTypes":[{"resourceType":"networkSecurityGroups","locations":["westus"]},{"resourceType":"publicIPAddresses","locations":["westus"]},{"resourceType":"networkInterfaces","locations":["westus"]}]},{"namespace":"Microsoft.Compute","resourceTypes":[{"resourceType":"virtualMachines","locations":["westus"]}]}],"dependencies":[{"dependsOn":[{"id":"/subscriptions/00000000-0000-0000-0000-000000000000/resourceGroups/cli_test_vm_diagnostics000001/providers/Microsoft.Network/networkSecurityGroups/myvm2NSG","resourceType":"Microsoft.Network/networkSecurityGroups","resourceName":"myvm2NSG"},{"id":"/subscriptions/00000000-0000-0000-0000-000000000000/resourceGroups/cli_test_vm_diagnostics000001/providers/Microsoft.Network/publicIPAddresses/myvm2PublicIP","resourceType":"Microsoft.Network/publicIPAddresses","resourceName":"myvm2PublicIP"}],"id":"/subscriptions/00000000-0000-0000-0000-000000000000/resourceGroups/cli_test_vm_diagnostics000001/providers/Microsoft.Network/networkInterfaces/myvm2VMNic","resourceType":"Microsoft.Network/networkInterfaces","resourceName":"myvm2VMNic"},{"dependsOn":[{"id":"/subscriptions/00000000-0000-0000-0000-000000000000/resourceGroups/cli_test_vm_diagnostics000001/providers/Microsoft.Network/networkInterfaces/myvm2VMNic","resourceType":"Microsoft.Network/networkInterfaces","resourceName":"myvm2VMNic"}],"id":"/subscriptions/00000000-0000-0000-0000-000000000000/resourceGroups/cli_test_vm_diagnostics000001/providers/Microsoft.Compute/virtualMachines/myvm2","resourceType":"Microsoft.Compute/virtualMachines","resourceName":"myvm2"}],"outputs":{},"outputResources":[{"id":"/subscriptions/00000000-0000-0000-0000-000000000000/resourceGroups/cli_test_vm_diagnostics000001/providers/Microsoft.Compute/virtualMachines/myvm2"},{"id":"/subscriptions/00000000-0000-0000-0000-000000000000/resourceGroups/cli_test_vm_diagnostics000001/providers/Microsoft.Network/networkInterfaces/myvm2VMNic"},{"id":"/subscriptions/00000000-0000-0000-0000-000000000000/resourceGroups/cli_test_vm_diagnostics000001/providers/Microsoft.Network/networkSecurityGroups/myvm2NSG"},{"id":"/subscriptions/00000000-0000-0000-0000-000000000000/resourceGroups/cli_test_vm_diagnostics000001/providers/Microsoft.Network/publicIPAddresses/myvm2PublicIP"}]}}'}
    headers:
      cache-control: [no-cache]
      content-length: ['3294']
      content-type: [application/json; charset=utf-8]
      date: ['Fri, 20 Jul 2018 23:22:38 GMT']
      expires: ['-1']
      pragma: [no-cache]
      strict-transport-security: [max-age=31536000; includeSubDomains]
      vary: [Accept-Encoding]
      x-content-type-options: [nosniff]
    status: {code: 200, message: OK}
- request:
    body: null
    headers:
      Accept: [application/json]
      Accept-Encoding: ['gzip, deflate']
      CommandName: [vm create]
      Connection: [keep-alive]
      Content-Type: [application/json; charset=utf-8]
      User-Agent: [python/3.5.2 (Windows-10-10.0.17134-SP0) requests/2.19.1 msrest/0.5.4
          msrest_azure/0.4.34 computemanagementclient/4.0.0rc2 Azure-SDK-For-Python
          AZURECLI/2.0.43]
      accept-language: [en-US]
    method: GET
    uri: https://management.azure.com/subscriptions/00000000-0000-0000-0000-000000000000/resourceGroups/cli_test_vm_diagnostics000001/providers/Microsoft.Compute/virtualMachines/myvm2?$expand=instanceView&api-version=2017-03-30
  response:
    body: {string: "{\r\n  \"properties\": {\r\n    \"vmId\": \"69a707e4-0ddf-477e-872a-4613d92cb164\"\
        ,\r\n    \"hardwareProfile\": {\r\n      \"vmSize\": \"Standard_DS1_v2\"\r\
        \n    },\r\n    \"storageProfile\": {\r\n      \"imageReference\": {\r\n \
        \       \"publisher\": \"credativ\",\r\n        \"offer\": \"Debian\",\r\n\
        \        \"sku\": \"8\",\r\n        \"version\": \"latest\"\r\n      },\r\n\
        \      \"osDisk\": {\r\n        \"osType\": \"Linux\",\r\n        \"name\"\
        : \"myvm2_OsDisk_1_9a654fc91d5d496c930efbb5b5f6594e\",\r\n        \"createOption\"\
        : \"FromImage\",\r\n        \"caching\": \"ReadWrite\",\r\n        \"managedDisk\"\
        : {\r\n          \"storageAccountType\": \"Premium_LRS\",\r\n          \"\
        id\": \"/subscriptions/00000000-0000-0000-0000-000000000000/resourceGroups/cli_test_vm_diagnostics000001/providers/Microsoft.Compute/disks/myvm2_OsDisk_1_9a654fc91d5d496c930efbb5b5f6594e\"\
        \r\n        },\r\n        \"diskSizeGB\": 30\r\n      },\r\n      \"dataDisks\"\
        : []\r\n    },\r\n    \"osProfile\": {\r\n      \"computerName\": \"myvm2\"\
        ,\r\n      \"adminUsername\": \"user11\",\r\n      \"linuxConfiguration\"\
        : {\r\n        \"disablePasswordAuthentication\": false\r\n      },\r\n  \
        \    \"secrets\": []\r\n    },\r\n    \"networkProfile\": {\"networkInterfaces\"\
        :[{\"id\":\"/subscriptions/00000000-0000-0000-0000-000000000000/resourceGroups/cli_test_vm_diagnostics000001/providers/Microsoft.Network/networkInterfaces/myvm2VMNic\"\
        }]},\r\n    \"diagnosticsProfile\": {\r\n      \"bootDiagnostics\": {\r\n\
        \        \"enabled\": true,\r\n        \"storageUri\": \"https://clitestbootdiag000002.blob.core.windows.net/\"\
        \r\n      }\r\n    },\r\n    \"provisioningState\": \"Succeeded\",\r\n   \
        \ \"instanceView\": {\r\n      \"vmAgent\": {\r\n        \"vmAgentVersion\"\
        : \"2.2.26\",\r\n        \"statuses\": [\r\n          {\r\n            \"\
        code\": \"ProvisioningState/succeeded\",\r\n            \"level\": \"Info\"\
        ,\r\n            \"displayStatus\": \"Ready\",\r\n            \"message\"\
        : \"Guest Agent is running\",\r\n            \"time\": \"2018-07-20T23:22:36+00:00\"\
        \r\n          }\r\n        ],\r\n        \"extensionHandlers\": []\r\n   \
        \   },\r\n      \"disks\": [\r\n        {\r\n          \"name\": \"myvm2_OsDisk_1_9a654fc91d5d496c930efbb5b5f6594e\"\
        ,\r\n          \"statuses\": [\r\n            {\r\n              \"code\"\
        : \"ProvisioningState/succeeded\",\r\n              \"level\": \"Info\",\r\
        \n              \"displayStatus\": \"Provisioning succeeded\",\r\n       \
        \       \"time\": \"2018-07-20T23:20:21.3896162+00:00\"\r\n            }\r\
        \n          ]\r\n        }\r\n      ],\r\n      \"bootDiagnostics\": {\r\n\
        \        \"consoleScreenshotBlobUri\": \"https://clitestbootdiag000002.blob.core.windows.net/bootdiagnostics-myvm2-69a707e4-0ddf-477e-872a-4613d92cb164/myvm2.69a707e4-0ddf-477e-872a-4613d92cb164.screenshot.bmp\"\
        ,\r\n        \"serialConsoleLogBlobUri\": \"https://clitestbootdiag000002.blob.core.windows.net/bootdiagnostics-myvm2-69a707e4-0ddf-477e-872a-4613d92cb164/myvm2.69a707e4-0ddf-477e-872a-4613d92cb164.serialconsole.log\"\
        \r\n      },\r\n      \"statuses\": [\r\n        {\r\n          \"code\":\
        \ \"ProvisioningState/succeeded\",\r\n          \"level\": \"Info\",\r\n \
        \         \"displayStatus\": \"Provisioning succeeded\",\r\n          \"time\"\
        : \"2018-07-20T23:21:50.983956+00:00\"\r\n        },\r\n        {\r\n    \
        \      \"code\": \"PowerState/running\",\r\n          \"level\": \"Info\"\
        ,\r\n          \"displayStatus\": \"VM running\"\r\n        }\r\n      ]\r\
        \n    }\r\n  },\r\n  \"type\": \"Microsoft.Compute/virtualMachines\",\r\n\
        \  \"location\": \"westus\",\r\n  \"tags\": {},\r\n  \"id\": \"/subscriptions/00000000-0000-0000-0000-000000000000/resourceGroups/cli_test_vm_diagnostics000001/providers/Microsoft.Compute/virtualMachines/myvm2\"\
        ,\r\n  \"name\": \"myvm2\"\r\n}"}
    headers:
      cache-control: [no-cache]
      content-length: ['3537']
      content-type: [application/json; charset=utf-8]
      date: ['Fri, 20 Jul 2018 23:22:38 GMT']
      expires: ['-1']
      pragma: [no-cache]
      server: [Microsoft-HTTPAPI/2.0, Microsoft-HTTPAPI/2.0]
      strict-transport-security: [max-age=31536000; includeSubDomains]
      transfer-encoding: [chunked]
      vary: [Accept-Encoding]
      x-content-type-options: [nosniff]
      x-ms-ratelimit-remaining-resource: ['Microsoft.Compute/LowCostGet3Min;4191,Microsoft.Compute/LowCostGet30Min;33520']
    status: {code: 200, message: OK}
- request:
    body: null
    headers:
      Accept: [application/json]
      Accept-Encoding: ['gzip, deflate']
      CommandName: [vm create]
      Connection: [keep-alive]
      Content-Type: [application/json; charset=utf-8]
      User-Agent: [python/3.5.2 (Windows-10-10.0.17134-SP0) requests/2.19.1 msrest/0.5.4
          msrest_azure/0.4.34 networkmanagementclient/2.0.0rc3 Azure-SDK-For-Python
          AZURECLI/2.0.43]
      accept-language: [en-US]
    method: GET
    uri: https://management.azure.com/subscriptions/00000000-0000-0000-0000-000000000000/resourceGroups/cli_test_vm_diagnostics000001/providers/Microsoft.Network/networkInterfaces/myvm2VMNic?api-version=2017-10-01
  response:
    body: {string: "{\r\n  \"name\": \"myvm2VMNic\",\r\n  \"id\": \"/subscriptions/00000000-0000-0000-0000-000000000000/resourceGroups/cli_test_vm_diagnostics000001/providers/Microsoft.Network/networkInterfaces/myvm2VMNic\"\
        ,\r\n  \"etag\": \"W/\\\"9563a9ea-515e-4e7b-aac9-b83e0e7f67a8\\\"\",\r\n \
        \ \"location\": \"westus\",\r\n  \"tags\": {},\r\n  \"properties\": {\r\n\
        \    \"provisioningState\": \"Succeeded\",\r\n    \"resourceGuid\": \"ddedf4fa-88e8-4772-88de-250fa6f84454\"\
        ,\r\n    \"ipConfigurations\": [\r\n      {\r\n        \"name\": \"ipconfigmyvm2\"\
        ,\r\n        \"id\": \"/subscriptions/00000000-0000-0000-0000-000000000000/resourceGroups/cli_test_vm_diagnostics000001/providers/Microsoft.Network/networkInterfaces/myvm2VMNic/ipConfigurations/ipconfigmyvm2\"\
        ,\r\n        \"etag\": \"W/\\\"9563a9ea-515e-4e7b-aac9-b83e0e7f67a8\\\"\"\
        ,\r\n        \"properties\": {\r\n          \"provisioningState\": \"Succeeded\"\
        ,\r\n          \"privateIPAddress\": \"10.0.0.5\",\r\n          \"privateIPAllocationMethod\"\
        : \"Dynamic\",\r\n          \"publicIPAddress\": {\r\n            \"id\":\
        \ \"/subscriptions/00000000-0000-0000-0000-000000000000/resourceGroups/cli_test_vm_diagnostics000001/providers/Microsoft.Network/publicIPAddresses/myvm2PublicIP\"\
        \r\n          },\r\n          \"subnet\": {\r\n            \"id\": \"/subscriptions/00000000-0000-0000-0000-000000000000/resourceGroups/cli_test_vm_diagnostics000001/providers/Microsoft.Network/virtualNetworks/myvmVNET/subnets/myvmSubnet\"\
        \r\n          },\r\n          \"primary\": true,\r\n          \"privateIPAddressVersion\"\
        : \"IPv4\",\r\n          \"isInUseWithService\": false\r\n        }\r\n  \
        \    }\r\n    ],\r\n    \"dnsSettings\": {\r\n      \"dnsServers\": [],\r\n\
        \      \"appliedDnsServers\": [],\r\n      \"internalDomainNameSuffix\": \"\
        bb3d5erqfj5epdwam1t0x0u4nf.dx.internal.cloudapp.net\"\r\n    },\r\n    \"\
        macAddress\": \"00-0D-3A-36-8C-A0\",\r\n    \"enableAcceleratedNetworking\"\
        : false,\r\n    \"enableIPForwarding\": false,\r\n    \"networkSecurityGroup\"\
        : {\r\n      \"id\": \"/subscriptions/00000000-0000-0000-0000-000000000000/resourceGroups/cli_test_vm_diagnostics000001/providers/Microsoft.Network/networkSecurityGroups/myvm2NSG\"\
        \r\n    },\r\n    \"primary\": true,\r\n    \"virtualMachine\": {\r\n    \
        \  \"id\": \"/subscriptions/00000000-0000-0000-0000-000000000000/resourceGroups/cli_test_vm_diagnostics000001/providers/Microsoft.Compute/virtualMachines/myvm2\"\
        \r\n    }\r\n  },\r\n  \"type\": \"Microsoft.Network/networkInterfaces\"\r\
        \n}"}
    headers:
      cache-control: [no-cache]
      content-length: ['2553']
      content-type: [application/json; charset=utf-8]
      date: ['Fri, 20 Jul 2018 23:22:39 GMT']
      etag: [W/"9563a9ea-515e-4e7b-aac9-b83e0e7f67a8"]
      expires: ['-1']
      pragma: [no-cache]
      server: [Microsoft-HTTPAPI/2.0, Microsoft-HTTPAPI/2.0]
      strict-transport-security: [max-age=31536000; includeSubDomains]
      transfer-encoding: [chunked]
      vary: [Accept-Encoding]
      x-content-type-options: [nosniff]
    status: {code: 200, message: OK}
- request:
    body: null
    headers:
      Accept: [application/json]
      Accept-Encoding: ['gzip, deflate']
      CommandName: [vm create]
      Connection: [keep-alive]
      Content-Type: [application/json; charset=utf-8]
      User-Agent: [python/3.5.2 (Windows-10-10.0.17134-SP0) requests/2.19.1 msrest/0.5.4
          msrest_azure/0.4.34 networkmanagementclient/2.0.0rc3 Azure-SDK-For-Python
          AZURECLI/2.0.43]
      accept-language: [en-US]
    method: GET
    uri: https://management.azure.com/subscriptions/00000000-0000-0000-0000-000000000000/resourceGroups/cli_test_vm_diagnostics000001/providers/Microsoft.Network/publicIPAddresses/myvm2PublicIP?api-version=2017-10-01
  response:
    body: {string: "{\r\n  \"name\": \"myvm2PublicIP\",\r\n  \"id\": \"/subscriptions/00000000-0000-0000-0000-000000000000/resourceGroups/cli_test_vm_diagnostics000001/providers/Microsoft.Network/publicIPAddresses/myvm2PublicIP\"\
        ,\r\n  \"etag\": \"W/\\\"bb0673a1-1528-4729-9fb4-33aec9892466\\\"\",\r\n \
        \ \"location\": \"westus\",\r\n  \"tags\": {},\r\n  \"properties\": {\r\n\
        \    \"provisioningState\": \"Succeeded\",\r\n    \"resourceGuid\": \"c53cdf44-e011-4720-898b-75b04fd7fdd8\"\
        ,\r\n    \"ipAddress\": \"104.210.49.137\",\r\n    \"publicIPAddressVersion\"\
        : \"IPv4\",\r\n    \"publicIPAllocationMethod\": \"Dynamic\",\r\n    \"idleTimeoutInMinutes\"\
        : 4,\r\n    \"ipTags\": [],\r\n    \"ipConfiguration\": {\r\n      \"id\"\
        : \"/subscriptions/00000000-0000-0000-0000-000000000000/resourceGroups/cli_test_vm_diagnostics000001/providers/Microsoft.Network/networkInterfaces/myvm2VMNic/ipConfigurations/ipconfigmyvm2\"\
        \r\n    }\r\n  },\r\n  \"type\": \"Microsoft.Network/publicIPAddresses\",\r\
        \n  \"sku\": {\r\n    \"name\": \"Basic\",\r\n    \"tier\": \"Regional\"\r\
        \n  }\r\n}"}
    headers:
      cache-control: [no-cache]
      content-length: ['1031']
      content-type: [application/json; charset=utf-8]
      date: ['Fri, 20 Jul 2018 23:22:39 GMT']
      etag: [W/"bb0673a1-1528-4729-9fb4-33aec9892466"]
      expires: ['-1']
      pragma: [no-cache]
      server: [Microsoft-HTTPAPI/2.0, Microsoft-HTTPAPI/2.0]
      strict-transport-security: [max-age=31536000; includeSubDomains]
      transfer-encoding: [chunked]
      vary: [Accept-Encoding]
      x-content-type-options: [nosniff]
    status: {code: 200, message: OK}
- request:
    body: null
    headers:
      Accept: [application/json]
      Accept-Encoding: ['gzip, deflate']
      CommandName: [vm show]
      Connection: [keep-alive]
      Content-Type: [application/json; charset=utf-8]
      User-Agent: [python/3.5.2 (Windows-10-10.0.17134-SP0) requests/2.19.1 msrest/0.5.4
          msrest_azure/0.4.34 computemanagementclient/4.0.0rc2 Azure-SDK-For-Python
          AZURECLI/2.0.43]
      accept-language: [en-US]
    method: GET
    uri: https://management.azure.com/subscriptions/00000000-0000-0000-0000-000000000000/resourceGroups/cli_test_vm_diagnostics000001/providers/Microsoft.Compute/virtualMachines/myvm2?api-version=2017-03-30
  response:
    body: {string: "{\r\n  \"properties\": {\r\n    \"vmId\": \"69a707e4-0ddf-477e-872a-4613d92cb164\"\
        ,\r\n    \"hardwareProfile\": {\r\n      \"vmSize\": \"Standard_DS1_v2\"\r\
        \n    },\r\n    \"storageProfile\": {\r\n      \"imageReference\": {\r\n \
        \       \"publisher\": \"credativ\",\r\n        \"offer\": \"Debian\",\r\n\
        \        \"sku\": \"8\",\r\n        \"version\": \"latest\"\r\n      },\r\n\
        \      \"osDisk\": {\r\n        \"osType\": \"Linux\",\r\n        \"name\"\
        : \"myvm2_OsDisk_1_9a654fc91d5d496c930efbb5b5f6594e\",\r\n        \"createOption\"\
        : \"FromImage\",\r\n        \"caching\": \"ReadWrite\",\r\n        \"managedDisk\"\
        : {\r\n          \"storageAccountType\": \"Premium_LRS\",\r\n          \"\
        id\": \"/subscriptions/00000000-0000-0000-0000-000000000000/resourceGroups/cli_test_vm_diagnostics000001/providers/Microsoft.Compute/disks/myvm2_OsDisk_1_9a654fc91d5d496c930efbb5b5f6594e\"\
        \r\n        },\r\n        \"diskSizeGB\": 30\r\n      },\r\n      \"dataDisks\"\
        : []\r\n    },\r\n    \"osProfile\": {\r\n      \"computerName\": \"myvm2\"\
        ,\r\n      \"adminUsername\": \"user11\",\r\n      \"linuxConfiguration\"\
        : {\r\n        \"disablePasswordAuthentication\": false\r\n      },\r\n  \
        \    \"secrets\": []\r\n    },\r\n    \"networkProfile\": {\"networkInterfaces\"\
        :[{\"id\":\"/subscriptions/00000000-0000-0000-0000-000000000000/resourceGroups/cli_test_vm_diagnostics000001/providers/Microsoft.Network/networkInterfaces/myvm2VMNic\"\
        }]},\r\n    \"diagnosticsProfile\": {\r\n      \"bootDiagnostics\": {\r\n\
        \        \"enabled\": true,\r\n        \"storageUri\": \"https://clitestbootdiag000002.blob.core.windows.net/\"\
        \r\n      }\r\n    },\r\n    \"provisioningState\": \"Succeeded\"\r\n  },\r\
        \n  \"type\": \"Microsoft.Compute/virtualMachines\",\r\n  \"location\": \"\
        westus\",\r\n  \"tags\": {},\r\n  \"id\": \"/subscriptions/00000000-0000-0000-0000-000000000000/resourceGroups/cli_test_vm_diagnostics000001/providers/Microsoft.Compute/virtualMachines/myvm2\"\
        ,\r\n  \"name\": \"myvm2\"\r\n}"}
    headers:
      cache-control: [no-cache]
      content-length: ['1900']
      content-type: [application/json; charset=utf-8]
      date: ['Fri, 20 Jul 2018 23:22:50 GMT']
      expires: ['-1']
      pragma: [no-cache]
      server: [Microsoft-HTTPAPI/2.0, Microsoft-HTTPAPI/2.0]
      strict-transport-security: [max-age=31536000; includeSubDomains]
      transfer-encoding: [chunked]
      vary: [Accept-Encoding]
      x-content-type-options: [nosniff]
      x-ms-ratelimit-remaining-resource: ['Microsoft.Compute/LowCostGet3Min;4190,Microsoft.Compute/LowCostGet30Min;33519']
    status: {code: 200, message: OK}
- request:
    body: null
    headers:
      Accept: [application/json]
      Accept-Encoding: ['gzip, deflate']
      CommandName: [group delete]
      Connection: [keep-alive]
      Content-Length: ['0']
      Content-Type: [application/json; charset=utf-8]
      User-Agent: [python/3.5.2 (Windows-10-10.0.17134-SP0) requests/2.19.1 msrest/0.5.4
          msrest_azure/0.4.34 resourcemanagementclient/2.0.0rc2 Azure-SDK-For-Python
          AZURECLI/2.0.43]
      accept-language: [en-US]
    method: DELETE
    uri: https://management.azure.com/subscriptions/00000000-0000-0000-0000-000000000000/resourcegroups/cli_test_vm_diagnostics000001?api-version=2018-02-01
  response:
    body: {string: ''}
    headers:
      cache-control: [no-cache]
      content-length: ['0']
      date: ['Fri, 20 Jul 2018 23:22:52 GMT']
      expires: ['-1']
      location: ['https://management.azure.com/subscriptions/00000000-0000-0000-0000-000000000000/operationresults/eyJqb2JJZCI6IlJFU09VUkNFR1JPVVBERUxFVElPTkpPQi1DTEk6NUZURVNUOjVGVk06NUZESUFHTk9TVElDU1ZZNFpCSVRMTDVTUFhWSU1MUHxGMTlDQzlCNEEwMjhEMzQ0LVdFU1RVUyIsImpvYkxvY2F0aW9uIjoid2VzdHVzIn0?api-version=2018-02-01']
      pragma: [no-cache]
      strict-transport-security: [max-age=31536000; includeSubDomains]
      x-content-type-options: [nosniff]
      x-ms-ratelimit-remaining-subscription-deletes: ['14999']
    status: {code: 202, message: Accepted}
version: 1
