interactions:
- request:
    body: '{"tags": {"date": "2018-07-21T00:58:57Z", "product": "azurecli", "cause":
      "automation"}, "location": "westus"}'
    headers:
      Accept: [application/json]
      Accept-Encoding: ['gzip, deflate']
      CommandName: [group create]
      Connection: [keep-alive]
      Content-Length: ['110']
      Content-Type: [application/json; charset=utf-8]
      User-Agent: [python/3.5.2 (Windows-10-10.0.17134-SP0) requests/2.19.1 msrest/0.5.4
          msrest_azure/0.4.34 resourcemanagementclient/2.0.0rc2 Azure-SDK-For-Python
          AZURECLI/2.0.43]
      accept-language: [en-US]
    method: PUT
    uri: https://management.azure.com/subscriptions/00000000-0000-0000-0000-000000000000/resourcegroups/clitest.rg000001?api-version=2018-02-01
  response:
    body: {string: '{"id":"/subscriptions/00000000-0000-0000-0000-000000000000/resourceGroups/clitest.rg000001","name":"clitest.rg000001","location":"westus","tags":{"date":"2018-07-21T00:58:57Z","product":"azurecli","cause":"automation"},"properties":{"provisioningState":"Succeeded"}}'}
    headers:
      cache-control: [no-cache]
      content-length: ['384']
      content-type: [application/json; charset=utf-8]
      date: ['Sat, 21 Jul 2018 00:58:57 GMT']
      expires: ['-1']
      pragma: [no-cache]
      strict-transport-security: [max-age=31536000; includeSubDomains]
      x-content-type-options: [nosniff]
      x-ms-ratelimit-remaining-subscription-writes: ['1198']
    status: {code: 201, message: Created}
- request:
    body: null
    headers:
      Accept: [application/json]
      Accept-Encoding: ['gzip, deflate']
      CommandName: [vm image show]
      Connection: [keep-alive]
      Content-Type: [application/json; charset=utf-8]
      User-Agent: [python/3.5.2 (Windows-10-10.0.17134-SP0) requests/2.19.1 msrest/0.5.4
          msrest_azure/0.4.34 subscriptionclient/2.0.0rc2 Azure-SDK-For-Python AZURECLI/2.0.43]
      accept-language: [en-US]
    method: GET
    uri: https://management.azure.com/subscriptions/00000000-0000-0000-0000-000000000000/locations?api-version=2016-06-01
  response:
    body: {string: '{"value":[{"id":"/subscriptions/00000000-0000-0000-0000-000000000000/locations/eastasia","name":"eastasia","displayName":"East
        Asia","longitude":"114.188","latitude":"22.267"},{"id":"/subscriptions/00000000-0000-0000-0000-000000000000/locations/southeastasia","name":"southeastasia","displayName":"Southeast
        Asia","longitude":"103.833","latitude":"1.283"},{"id":"/subscriptions/00000000-0000-0000-0000-000000000000/locations/centralus","name":"centralus","displayName":"Central
        US","longitude":"-93.6208","latitude":"41.5908"},{"id":"/subscriptions/00000000-0000-0000-0000-000000000000/locations/eastus","name":"eastus","displayName":"East
        US","longitude":"-79.8164","latitude":"37.3719"},{"id":"/subscriptions/00000000-0000-0000-0000-000000000000/locations/eastus2","name":"eastus2","displayName":"East
        US 2","longitude":"-78.3889","latitude":"36.6681"},{"id":"/subscriptions/00000000-0000-0000-0000-000000000000/locations/westus","name":"westus","displayName":"West
        US","longitude":"-122.417","latitude":"37.783"},{"id":"/subscriptions/00000000-0000-0000-0000-000000000000/locations/northcentralus","name":"northcentralus","displayName":"North
        Central US","longitude":"-87.6278","latitude":"41.8819"},{"id":"/subscriptions/00000000-0000-0000-0000-000000000000/locations/southcentralus","name":"southcentralus","displayName":"South
        Central US","longitude":"-98.5","latitude":"29.4167"},{"id":"/subscriptions/00000000-0000-0000-0000-000000000000/locations/northeurope","name":"northeurope","displayName":"North
        Europe","longitude":"-6.2597","latitude":"53.3478"},{"id":"/subscriptions/00000000-0000-0000-0000-000000000000/locations/westeurope","name":"westeurope","displayName":"West
        Europe","longitude":"4.9","latitude":"52.3667"},{"id":"/subscriptions/00000000-0000-0000-0000-000000000000/locations/japanwest","name":"japanwest","displayName":"Japan
        West","longitude":"135.5022","latitude":"34.6939"},{"id":"/subscriptions/00000000-0000-0000-0000-000000000000/locations/japaneast","name":"japaneast","displayName":"Japan
        East","longitude":"139.77","latitude":"35.68"},{"id":"/subscriptions/00000000-0000-0000-0000-000000000000/locations/brazilsouth","name":"brazilsouth","displayName":"Brazil
        South","longitude":"-46.633","latitude":"-23.55"},{"id":"/subscriptions/00000000-0000-0000-0000-000000000000/locations/australiaeast","name":"australiaeast","displayName":"Australia
        East","longitude":"151.2094","latitude":"-33.86"},{"id":"/subscriptions/00000000-0000-0000-0000-000000000000/locations/australiasoutheast","name":"australiasoutheast","displayName":"Australia
        Southeast","longitude":"144.9631","latitude":"-37.8136"},{"id":"/subscriptions/00000000-0000-0000-0000-000000000000/locations/southindia","name":"southindia","displayName":"South
        India","longitude":"80.1636","latitude":"12.9822"},{"id":"/subscriptions/00000000-0000-0000-0000-000000000000/locations/centralindia","name":"centralindia","displayName":"Central
        India","longitude":"73.9197","latitude":"18.5822"},{"id":"/subscriptions/00000000-0000-0000-0000-000000000000/locations/westindia","name":"westindia","displayName":"West
        India","longitude":"72.868","latitude":"19.088"},{"id":"/subscriptions/00000000-0000-0000-0000-000000000000/locations/canadacentral","name":"canadacentral","displayName":"Canada
        Central","longitude":"-79.383","latitude":"43.653"},{"id":"/subscriptions/00000000-0000-0000-0000-000000000000/locations/canadaeast","name":"canadaeast","displayName":"Canada
        East","longitude":"-71.217","latitude":"46.817"},{"id":"/subscriptions/00000000-0000-0000-0000-000000000000/locations/uksouth","name":"uksouth","displayName":"UK
        South","longitude":"-0.799","latitude":"50.941"},{"id":"/subscriptions/00000000-0000-0000-0000-000000000000/locations/ukwest","name":"ukwest","displayName":"UK
        West","longitude":"-3.084","latitude":"53.427"},{"id":"/subscriptions/00000000-0000-0000-0000-000000000000/locations/westcentralus","name":"westcentralus","displayName":"West
        Central US","longitude":"-110.234","latitude":"40.890"},{"id":"/subscriptions/00000000-0000-0000-0000-000000000000/locations/westus2","name":"westus2","displayName":"West
        US 2","longitude":"-119.852","latitude":"47.233"},{"id":"/subscriptions/00000000-0000-0000-0000-000000000000/locations/koreacentral","name":"koreacentral","displayName":"Korea
        Central","longitude":"126.9780","latitude":"37.5665"},{"id":"/subscriptions/00000000-0000-0000-0000-000000000000/locations/koreasouth","name":"koreasouth","displayName":"Korea
        South","longitude":"129.0756","latitude":"35.1796"},{"id":"/subscriptions/00000000-0000-0000-0000-000000000000/locations/francecentral","name":"francecentral","displayName":"France
        Central","longitude":"2.3730","latitude":"46.3772"},{"id":"/subscriptions/00000000-0000-0000-0000-000000000000/locations/francesouth","name":"francesouth","displayName":"France
        South","longitude":"2.1972","latitude":"43.8345"},{"id":"/subscriptions/00000000-0000-0000-0000-000000000000/locations/australiacentral","name":"australiacentral","displayName":"Australia
        Central","longitude":"149.1244","latitude":"-35.3075"},{"id":"/subscriptions/00000000-0000-0000-0000-000000000000/locations/australiacentral2","name":"australiacentral2","displayName":"Australia
        Central 2","longitude":"149.1244","latitude":"-35.3075"}]}'}
    headers:
      cache-control: [no-cache]
      content-length: ['5269']
      content-type: [application/json; charset=utf-8]
      date: ['Sat, 21 Jul 2018 00:58:58 GMT']
      expires: ['-1']
      pragma: [no-cache]
      strict-transport-security: [max-age=31536000; includeSubDomains]
      vary: [Accept-Encoding]
      x-content-type-options: [nosniff]
    status: {code: 200, message: OK}
- request:
    body: null
    headers:
      Accept: [application/json]
      Accept-Encoding: ['gzip, deflate']
      CommandName: [vm image show]
      Connection: [keep-alive]
      Content-Type: [application/json; charset=utf-8]
      User-Agent: [python/3.5.2 (Windows-10-10.0.17134-SP0) requests/2.19.1 msrest/0.5.4
          msrest_azure/0.4.34 computemanagementclient/4.0.0rc2 Azure-SDK-For-Python
          AZURECLI/2.0.43]
      accept-language: [en-US]
    method: GET
    uri: https://management.azure.com/subscriptions/00000000-0000-0000-0000-000000000000/providers/Microsoft.Compute/locations/westus/publishers/microsoft-ads/artifacttypes/vmimage/offers/linux-data-science-vm-ubuntu/skus/linuxdsvmubuntu/versions?$top=1&$orderby=name%20desc&api-version=2017-03-30
  response:
    body: {string: "[\r\n  {\r\n    \"location\": \"westus\",\r\n    \"name\": \"\
        18.05.00\",\r\n    \"id\": \"/Subscriptions/00000000-0000-0000-0000-000000000000/Providers/Microsoft.Compute/Locations/westus/Publishers/microsoft-ads/ArtifactTypes/VMImage/Offers/linux-data-science-vm-ubuntu/Skus/linuxdsvmubuntu/Versions/18.05.00\"\
        \r\n  }\r\n]"}
    headers:
      cache-control: [no-cache]
      content-length: ['298']
      content-type: [application/json; charset=utf-8]
      date: ['Sat, 21 Jul 2018 00:58:58 GMT']
      expires: ['-1']
      pragma: [no-cache]
      server: [Microsoft-HTTPAPI/2.0, Microsoft-HTTPAPI/2.0]
      strict-transport-security: [max-age=31536000; includeSubDomains]
      transfer-encoding: [chunked]
      vary: [Accept-Encoding]
      x-content-type-options: [nosniff]
    status: {code: 200, message: OK}
- request:
    body: null
    headers:
      Accept: [application/json]
      Accept-Encoding: ['gzip, deflate']
      CommandName: [vm image show]
      Connection: [keep-alive]
      Content-Type: [application/json; charset=utf-8]
      User-Agent: [python/3.5.2 (Windows-10-10.0.17134-SP0) requests/2.19.1 msrest/0.5.4
          msrest_azure/0.4.34 computemanagementclient/4.0.0rc2 Azure-SDK-For-Python
          AZURECLI/2.0.43]
      accept-language: [en-US]
    method: GET
    uri: https://management.azure.com/subscriptions/00000000-0000-0000-0000-000000000000/providers/Microsoft.Compute/locations/westus/publishers/microsoft-ads/artifacttypes/vmimage/offers/linux-data-science-vm-ubuntu/skus/linuxdsvmubuntu/versions/18.05.00?api-version=2017-03-30
  response:
    body: {string: "{\r\n  \"properties\": {\r\n    \"plan\": {\r\n      \"publisher\"\
        : \"microsoft-ads\",\r\n      \"name\": \"linuxdsvmubuntu\",\r\n      \"product\"\
        : \"linux-data-science-vm-ubuntu\"\r\n    },\r\n    \"osDiskImage\": {\r\n\
        \      \"operatingSystem\": \"Linux\"\r\n    },\r\n    \"dataDiskImages\"\
        : [\r\n      {\r\n        \"lun\": 0\r\n      }\r\n    ]\r\n  },\r\n  \"location\"\
        : \"westus\",\r\n  \"name\": \"18.05.00\",\r\n  \"id\": \"/Subscriptions/00000000-0000-0000-0000-000000000000/Providers/Microsoft.Compute/Locations/westus/Publishers/microsoft-ads/ArtifactTypes/VMImage/Offers/linux-data-science-vm-ubuntu/Skus/linuxdsvmubuntu/Versions/18.05.00\"\
        \r\n}"}
    headers:
      cache-control: [no-cache]
      content-length: ['582']
      content-type: [application/json; charset=utf-8]
      date: ['Sat, 21 Jul 2018 00:58:59 GMT']
      expires: ['-1']
      pragma: [no-cache]
      server: [Microsoft-HTTPAPI/2.0, Microsoft-HTTPAPI/2.0]
      strict-transport-security: [max-age=31536000; includeSubDomains]
      transfer-encoding: [chunked]
      vary: [Accept-Encoding]
      x-content-type-options: [nosniff]
    status: {code: 200, message: OK}
- request:
    body: null
    headers:
      Accept: [application/json]
      Accept-Encoding: ['gzip, deflate']
      CommandName: [vm image accept-terms]
      Connection: [keep-alive]
      Content-Type: [application/json; charset=utf-8]
      User-Agent: [python/3.5.2 (Windows-10-10.0.17134-SP0) requests/2.19.1 msrest/0.5.4
          msrest_azure/0.4.34 subscriptionclient/2.0.0rc2 Azure-SDK-For-Python AZURECLI/2.0.43]
      accept-language: [en-US]
    method: GET
    uri: https://management.azure.com/subscriptions/00000000-0000-0000-0000-000000000000/locations?api-version=2016-06-01
  response:
    body: {string: '{"value":[{"id":"/subscriptions/00000000-0000-0000-0000-000000000000/locations/eastasia","name":"eastasia","displayName":"East
        Asia","longitude":"114.188","latitude":"22.267"},{"id":"/subscriptions/00000000-0000-0000-0000-000000000000/locations/southeastasia","name":"southeastasia","displayName":"Southeast
        Asia","longitude":"103.833","latitude":"1.283"},{"id":"/subscriptions/00000000-0000-0000-0000-000000000000/locations/centralus","name":"centralus","displayName":"Central
        US","longitude":"-93.6208","latitude":"41.5908"},{"id":"/subscriptions/00000000-0000-0000-0000-000000000000/locations/eastus","name":"eastus","displayName":"East
        US","longitude":"-79.8164","latitude":"37.3719"},{"id":"/subscriptions/00000000-0000-0000-0000-000000000000/locations/eastus2","name":"eastus2","displayName":"East
        US 2","longitude":"-78.3889","latitude":"36.6681"},{"id":"/subscriptions/00000000-0000-0000-0000-000000000000/locations/westus","name":"westus","displayName":"West
        US","longitude":"-122.417","latitude":"37.783"},{"id":"/subscriptions/00000000-0000-0000-0000-000000000000/locations/northcentralus","name":"northcentralus","displayName":"North
        Central US","longitude":"-87.6278","latitude":"41.8819"},{"id":"/subscriptions/00000000-0000-0000-0000-000000000000/locations/southcentralus","name":"southcentralus","displayName":"South
        Central US","longitude":"-98.5","latitude":"29.4167"},{"id":"/subscriptions/00000000-0000-0000-0000-000000000000/locations/northeurope","name":"northeurope","displayName":"North
        Europe","longitude":"-6.2597","latitude":"53.3478"},{"id":"/subscriptions/00000000-0000-0000-0000-000000000000/locations/westeurope","name":"westeurope","displayName":"West
        Europe","longitude":"4.9","latitude":"52.3667"},{"id":"/subscriptions/00000000-0000-0000-0000-000000000000/locations/japanwest","name":"japanwest","displayName":"Japan
        West","longitude":"135.5022","latitude":"34.6939"},{"id":"/subscriptions/00000000-0000-0000-0000-000000000000/locations/japaneast","name":"japaneast","displayName":"Japan
        East","longitude":"139.77","latitude":"35.68"},{"id":"/subscriptions/00000000-0000-0000-0000-000000000000/locations/brazilsouth","name":"brazilsouth","displayName":"Brazil
        South","longitude":"-46.633","latitude":"-23.55"},{"id":"/subscriptions/00000000-0000-0000-0000-000000000000/locations/australiaeast","name":"australiaeast","displayName":"Australia
        East","longitude":"151.2094","latitude":"-33.86"},{"id":"/subscriptions/00000000-0000-0000-0000-000000000000/locations/australiasoutheast","name":"australiasoutheast","displayName":"Australia
        Southeast","longitude":"144.9631","latitude":"-37.8136"},{"id":"/subscriptions/00000000-0000-0000-0000-000000000000/locations/southindia","name":"southindia","displayName":"South
        India","longitude":"80.1636","latitude":"12.9822"},{"id":"/subscriptions/00000000-0000-0000-0000-000000000000/locations/centralindia","name":"centralindia","displayName":"Central
        India","longitude":"73.9197","latitude":"18.5822"},{"id":"/subscriptions/00000000-0000-0000-0000-000000000000/locations/westindia","name":"westindia","displayName":"West
        India","longitude":"72.868","latitude":"19.088"},{"id":"/subscriptions/00000000-0000-0000-0000-000000000000/locations/canadacentral","name":"canadacentral","displayName":"Canada
        Central","longitude":"-79.383","latitude":"43.653"},{"id":"/subscriptions/00000000-0000-0000-0000-000000000000/locations/canadaeast","name":"canadaeast","displayName":"Canada
        East","longitude":"-71.217","latitude":"46.817"},{"id":"/subscriptions/00000000-0000-0000-0000-000000000000/locations/uksouth","name":"uksouth","displayName":"UK
        South","longitude":"-0.799","latitude":"50.941"},{"id":"/subscriptions/00000000-0000-0000-0000-000000000000/locations/ukwest","name":"ukwest","displayName":"UK
        West","longitude":"-3.084","latitude":"53.427"},{"id":"/subscriptions/00000000-0000-0000-0000-000000000000/locations/westcentralus","name":"westcentralus","displayName":"West
        Central US","longitude":"-110.234","latitude":"40.890"},{"id":"/subscriptions/00000000-0000-0000-0000-000000000000/locations/westus2","name":"westus2","displayName":"West
        US 2","longitude":"-119.852","latitude":"47.233"},{"id":"/subscriptions/00000000-0000-0000-0000-000000000000/locations/koreacentral","name":"koreacentral","displayName":"Korea
        Central","longitude":"126.9780","latitude":"37.5665"},{"id":"/subscriptions/00000000-0000-0000-0000-000000000000/locations/koreasouth","name":"koreasouth","displayName":"Korea
        South","longitude":"129.0756","latitude":"35.1796"},{"id":"/subscriptions/00000000-0000-0000-0000-000000000000/locations/francecentral","name":"francecentral","displayName":"France
        Central","longitude":"2.3730","latitude":"46.3772"},{"id":"/subscriptions/00000000-0000-0000-0000-000000000000/locations/francesouth","name":"francesouth","displayName":"France
        South","longitude":"2.1972","latitude":"43.8345"},{"id":"/subscriptions/00000000-0000-0000-0000-000000000000/locations/australiacentral","name":"australiacentral","displayName":"Australia
        Central","longitude":"149.1244","latitude":"-35.3075"},{"id":"/subscriptions/00000000-0000-0000-0000-000000000000/locations/australiacentral2","name":"australiacentral2","displayName":"Australia
        Central 2","longitude":"149.1244","latitude":"-35.3075"}]}'}
    headers:
      cache-control: [no-cache]
      content-length: ['5269']
      content-type: [application/json; charset=utf-8]
      date: ['Sat, 21 Jul 2018 00:59:00 GMT']
      expires: ['-1']
      pragma: [no-cache]
      strict-transport-security: [max-age=31536000; includeSubDomains]
      vary: [Accept-Encoding]
      x-content-type-options: [nosniff]
    status: {code: 200, message: OK}
- request:
    body: null
    headers:
      Accept: [application/json]
      Accept-Encoding: ['gzip, deflate']
      CommandName: [vm image accept-terms]
      Connection: [keep-alive]
      Content-Type: [application/json; charset=utf-8]
      User-Agent: [python/3.5.2 (Windows-10-10.0.17134-SP0) requests/2.19.1 msrest/0.5.4
          msrest_azure/0.4.34 computemanagementclient/4.0.0rc2 Azure-SDK-For-Python
          AZURECLI/2.0.43]
      accept-language: [en-US]
    method: GET
    uri: https://management.azure.com/subscriptions/00000000-0000-0000-0000-000000000000/providers/Microsoft.Compute/locations/westus/publishers/microsoft-ads/artifacttypes/vmimage/offers/linux-data-science-vm-ubuntu/skus/linuxdsvmubuntu/versions?$top=1&$orderby=name%20desc&api-version=2017-03-30
  response:
    body: {string: "[\r\n  {\r\n    \"location\": \"westus\",\r\n    \"name\": \"\
        18.05.00\",\r\n    \"id\": \"/Subscriptions/00000000-0000-0000-0000-000000000000/Providers/Microsoft.Compute/Locations/westus/Publishers/microsoft-ads/ArtifactTypes/VMImage/Offers/linux-data-science-vm-ubuntu/Skus/linuxdsvmubuntu/Versions/18.05.00\"\
        \r\n  }\r\n]"}
    headers:
      cache-control: [no-cache]
      content-length: ['298']
      content-type: [application/json; charset=utf-8]
      date: ['Sat, 21 Jul 2018 00:59:01 GMT']
      expires: ['-1']
      pragma: [no-cache]
      server: [Microsoft-HTTPAPI/2.0, Microsoft-HTTPAPI/2.0]
      strict-transport-security: [max-age=31536000; includeSubDomains]
      transfer-encoding: [chunked]
      vary: [Accept-Encoding]
      x-content-type-options: [nosniff]
    status: {code: 200, message: OK}
- request:
    body: null
    headers:
      Accept: [application/json]
      Accept-Encoding: ['gzip, deflate']
      CommandName: [vm image accept-terms]
      Connection: [keep-alive]
      Content-Type: [application/json; charset=utf-8]
      User-Agent: [python/3.5.2 (Windows-10-10.0.17134-SP0) requests/2.19.1 msrest/0.5.4
          msrest_azure/0.4.34 computemanagementclient/4.0.0rc2 Azure-SDK-For-Python
          AZURECLI/2.0.43]
      accept-language: [en-US]
    method: GET
    uri: https://management.azure.com/subscriptions/00000000-0000-0000-0000-000000000000/providers/Microsoft.Compute/locations/westus/publishers/microsoft-ads/artifacttypes/vmimage/offers/linux-data-science-vm-ubuntu/skus/linuxdsvmubuntu/versions/18.05.00?api-version=2017-03-30
  response:
    body: {string: "{\r\n  \"properties\": {\r\n    \"plan\": {\r\n      \"publisher\"\
        : \"microsoft-ads\",\r\n      \"name\": \"linuxdsvmubuntu\",\r\n      \"product\"\
        : \"linux-data-science-vm-ubuntu\"\r\n    },\r\n    \"osDiskImage\": {\r\n\
        \      \"operatingSystem\": \"Linux\"\r\n    },\r\n    \"dataDiskImages\"\
        : [\r\n      {\r\n        \"lun\": 0\r\n      }\r\n    ]\r\n  },\r\n  \"location\"\
        : \"westus\",\r\n  \"name\": \"18.05.00\",\r\n  \"id\": \"/Subscriptions/00000000-0000-0000-0000-000000000000/Providers/Microsoft.Compute/Locations/westus/Publishers/microsoft-ads/ArtifactTypes/VMImage/Offers/linux-data-science-vm-ubuntu/Skus/linuxdsvmubuntu/Versions/18.05.00\"\
        \r\n}"}
    headers:
      cache-control: [no-cache]
      content-length: ['582']
      content-type: [application/json; charset=utf-8]
      date: ['Sat, 21 Jul 2018 00:59:01 GMT']
      expires: ['-1']
      pragma: [no-cache]
      server: [Microsoft-HTTPAPI/2.0, Microsoft-HTTPAPI/2.0]
      strict-transport-security: [max-age=31536000; includeSubDomains]
      transfer-encoding: [chunked]
      vary: [Accept-Encoding]
      x-content-type-options: [nosniff]
    status: {code: 200, message: OK}
- request:
    body: null
    headers:
      Accept: [application/json]
      Accept-Encoding: ['gzip, deflate']
      CommandName: [vm image accept-terms]
      Connection: [keep-alive]
      Content-Type: [application/json; charset=utf-8]
      User-Agent: [python/3.5.2 (Windows-10-10.0.17134-SP0) requests/2.19.1 msrest/0.5.4
          msrest_azure/0.4.34 azure-mgmt-marketplaceordering/0.1.0 Azure-SDK-For-Python
          AZURECLI/2.0.43]
      accept-language: [en-US]
    method: GET
    uri: https://management.azure.com/subscriptions/00000000-0000-0000-0000-000000000000/providers/Microsoft.MarketplaceOrdering/offerTypes/virtualmachine/publishers/microsoft-ads/offers/linux-data-science-vm-ubuntu/plans/linuxdsvmubuntu/agreements/current?api-version=2015-06-01
  response:
    body: {string: '{"id":"/subscriptions/00000000-0000-0000-0000-000000000000/providers/Microsoft.MarketplaceOrdering/offerTypes/VirtualMachine/publishers/microsoft-ads/offers/linux-data-science-vm-ubuntu/plans/linuxdsvmubuntu/agreements/current","name":"linuxdsvmubuntu","type":"Microsoft.MarketplaceOrdering/offertypes","properties":{"publisher":"microsoft-ads","product":"linux-data-science-vm-ubuntu","plan":"linuxdsvmubuntu","licenseTextLink":"https://storelegalterms.blob.core.windows.net/legalterms/3E5ED_legalterms_MICROSOFT%253a2DADS%253a24LINUX%253a2DDATA%253a2DSCIENCE%253a2DVM%253a2DUBUNTU%253a24LINUXDSVMUBUNTU%253a24T6KYYUE6UICDGSKJBSZ7NUG36TS7TLQNEXKVU5ZKR2Y2KZNYCHB3KPFZZIJSWAYBL3WOEYWIQZASGI2LEGBOM2MSVTDOBSREMDZG2DI.txt","privacyPolicyLink":"http://www.microsoft.com/privacystatement/OnlineServices/Default.aspx","retrieveDatetime":"2018-07-21T00:59:02.7890024Z","signature":"SGDRQY5DDQBQNO2RKAYOSVZASQOM76QWBKUL2V6LMYKYHCINQUUQIGP2HOTIGAT22G3WZ73FHLBL4JGDHHZY4QDIEP35GJWAKXWY3BA","accepted":false}}'}
    headers:
      cache-control: [no-cache]
      content-length: ['1004']
      content-type: [application/json; charset=utf-8]
      dataserviceversion: ['5.2.1.463 (AzureUX-Store:master.ea0e00f5.180627-1615)']
      date: ['Sat, 21 Jul 2018 00:59:02 GMT']
      expires: ['-1']
      pragma: [no-cache]
      server: [Microsoft-IIS/8.5]
      strict-transport-security: [max-age=31536000; includeSubDomains]
      transfer-encoding: [chunked]
      vary: ['Accept-Encoding,Accept-Encoding']
      x-content-type-options: [nosniff]
    status: {code: 200, message: OK}
- request:
    body: '{"properties": {"privacyPolicyLink": "http://www.microsoft.com/privacystatement/OnlineServices/Default.aspx",
      "product": "linux-data-science-vm-ubuntu", "publisher": "microsoft-ads", "accepted":
      true, "retrieveDatetime": "2018-07-21T00:59:02.7890024Z", "licenseTextLink":
      "https://storelegalterms.blob.core.windows.net/legalterms/3E5ED_legalterms_MICROSOFT%253a2DADS%253a24LINUX%253a2DDATA%253a2DSCIENCE%253a2DVM%253a2DUBUNTU%253a24LINUXDSVMUBUNTU%253a24T6KYYUE6UICDGSKJBSZ7NUG36TS7TLQNEXKVU5ZKR2Y2KZNYCHB3KPFZZIJSWAYBL3WOEYWIQZASGI2LEGBOM2MSVTDOBSREMDZG2DI.txt",
      "plan": "linuxdsvmubuntu", "signature": "SGDRQY5DDQBQNO2RKAYOSVZASQOM76QWBKUL2V6LMYKYHCINQUUQIGP2HOTIGAT22G3WZ73FHLBL4JGDHHZY4QDIEP35GJWAKXWY3BA"}}'
    headers:
      Accept: [application/json]
      Accept-Encoding: ['gzip, deflate']
      CommandName: [vm image accept-terms]
      Connection: [keep-alive]
      Content-Length: ['717']
      Content-Type: [application/json; charset=utf-8]
      User-Agent: [python/3.5.2 (Windows-10-10.0.17134-SP0) requests/2.19.1 msrest/0.5.4
          msrest_azure/0.4.34 azure-mgmt-marketplaceordering/0.1.0 Azure-SDK-For-Python
          AZURECLI/2.0.43]
      accept-language: [en-US]
    method: PUT
    uri: https://management.azure.com/subscriptions/00000000-0000-0000-0000-000000000000/providers/Microsoft.MarketplaceOrdering/offerTypes/virtualmachine/publishers/microsoft-ads/offers/linux-data-science-vm-ubuntu/plans/linuxdsvmubuntu/agreements/current?api-version=2015-06-01
  response:
    body: {string: '{"id":"/subscriptions/00000000-0000-0000-0000-000000000000/providers/Microsoft.MarketplaceOrdering/offerTypes/Microsoft.MarketplaceOrdering/offertypes/publishers/microsoft-ads/offers/linux-data-science-vm-ubuntu/plans/linuxdsvmubuntu/agreements/current","name":"linuxdsvmubuntu","type":"Microsoft.MarketplaceOrdering/offertypes","properties":{"publisher":"microsoft-ads","product":"linux-data-science-vm-ubuntu","plan":"linuxdsvmubuntu","licenseTextLink":"https://storelegalterms.blob.core.windows.net/legalterms/3E5ED_legalterms_MICROSOFT%253a2DADS%253a24LINUX%253a2DDATA%253a2DSCIENCE%253a2DVM%253a2DUBUNTU%253a24LINUXDSVMUBUNTU%253a24T6KYYUE6UICDGSKJBSZ7NUG36TS7TLQNEXKVU5ZKR2Y2KZNYCHB3KPFZZIJSWAYBL3WOEYWIQZASGI2LEGBOM2MSVTDOBSREMDZG2DI.txt","privacyPolicyLink":"http://www.microsoft.com/privacystatement/OnlineServices/Default.aspx","retrieveDatetime":"2018-07-21T00:59:02.7890024Z","signature":"SGDRQY5DDQBQNO2RKAYOSVZASQOM76QWBKUL2V6LMYKYHCINQUUQIGP2HOTIGAT22G3WZ73FHLBL4JGDHHZY4QDIEP35GJWAKXWY3BA","accepted":true}}'}
    headers:
      cache-control: [no-cache]
      content-length: ['1029']
      content-type: [application/json; charset=utf-8]
      dataserviceversion: ['5.2.1.463 (AzureUX-Store:master.ea0e00f5.180627-1615)']
      date: ['Sat, 21 Jul 2018 00:59:03 GMT']
      expires: ['-1']
      pragma: [no-cache]
      server: [Microsoft-IIS/8.5]
      strict-transport-security: [max-age=31536000; includeSubDomains]
      transfer-encoding: [chunked]
      vary: ['Accept-Encoding,Accept-Encoding']
      x-content-type-options: [nosniff]
      x-ms-ratelimit-remaining-subscription-writes: ['1199']
    status: {code: 200, message: OK}
- request:
    body: null
    headers:
      Accept: [application/json]
      Accept-Encoding: ['gzip, deflate']
      CommandName: [vm create]
      Connection: [keep-alive]
      Content-Type: [application/json; charset=utf-8]
      User-Agent: [python/3.5.2 (Windows-10-10.0.17134-SP0) requests/2.19.1 msrest/0.5.4
          msrest_azure/0.4.34 resourcemanagementclient/2.0.0rc2 Azure-SDK-For-Python
          AZURECLI/2.0.43]
      accept-language: [en-US]
    method: GET
    uri: https://management.azure.com/subscriptions/00000000-0000-0000-0000-000000000000/resourcegroups/clitest.rg000001?api-version=2018-02-01
  response:
    body: {string: '{"id":"/subscriptions/00000000-0000-0000-0000-000000000000/resourceGroups/clitest.rg000001","name":"clitest.rg000001","location":"westus","tags":{"date":"2018-07-21T00:58:57Z","product":"azurecli","cause":"automation"},"properties":{"provisioningState":"Succeeded"}}'}
    headers:
      cache-control: [no-cache]
      content-length: ['384']
      content-type: [application/json; charset=utf-8]
      date: ['Sat, 21 Jul 2018 00:59:03 GMT']
      expires: ['-1']
      pragma: [no-cache]
      strict-transport-security: [max-age=31536000; includeSubDomains]
      vary: [Accept-Encoding]
      x-content-type-options: [nosniff]
    status: {code: 200, message: OK}
- request:
    body: null
    headers:
      Accept: [application/json]
      Accept-Encoding: ['gzip, deflate']
      CommandName: [vm create]
      Connection: [keep-alive]
      Content-Type: [application/json; charset=utf-8]
      User-Agent: [python/3.5.2 (Windows-10-10.0.17134-SP0) requests/2.19.1 msrest/0.5.4
          msrest_azure/0.4.34 computemanagementclient/4.0.0rc2 Azure-SDK-For-Python
          AZURECLI/2.0.43]
      accept-language: [en-US]
    method: GET
    uri: https://management.azure.com/subscriptions/00000000-0000-0000-0000-000000000000/providers/Microsoft.Compute/locations/westus/publishers/microsoft-ads/artifacttypes/vmimage/offers/linux-data-science-vm-ubuntu/skus/linuxdsvmubuntu/versions?$top=1&$orderby=name%20desc&api-version=2017-03-30
  response:
    body: {string: "[\r\n  {\r\n    \"location\": \"westus\",\r\n    \"name\": \"\
        18.05.00\",\r\n    \"id\": \"/Subscriptions/00000000-0000-0000-0000-000000000000/Providers/Microsoft.Compute/Locations/westus/Publishers/microsoft-ads/ArtifactTypes/VMImage/Offers/linux-data-science-vm-ubuntu/Skus/linuxdsvmubuntu/Versions/18.05.00\"\
        \r\n  }\r\n]"}
    headers:
      cache-control: [no-cache]
      content-length: ['298']
      content-type: [application/json; charset=utf-8]
      date: ['Sat, 21 Jul 2018 00:59:04 GMT']
      expires: ['-1']
      pragma: [no-cache]
      server: [Microsoft-HTTPAPI/2.0, Microsoft-HTTPAPI/2.0]
      strict-transport-security: [max-age=31536000; includeSubDomains]
      transfer-encoding: [chunked]
      vary: [Accept-Encoding]
      x-content-type-options: [nosniff]
    status: {code: 200, message: OK}
- request:
    body: null
    headers:
      Accept: [application/json]
      Accept-Encoding: ['gzip, deflate']
      CommandName: [vm create]
      Connection: [keep-alive]
      Content-Type: [application/json; charset=utf-8]
      User-Agent: [python/3.5.2 (Windows-10-10.0.17134-SP0) requests/2.19.1 msrest/0.5.4
          msrest_azure/0.4.34 computemanagementclient/4.0.0rc2 Azure-SDK-For-Python
          AZURECLI/2.0.43]
      accept-language: [en-US]
    method: GET
    uri: https://management.azure.com/subscriptions/00000000-0000-0000-0000-000000000000/providers/Microsoft.Compute/locations/westus/publishers/microsoft-ads/artifacttypes/vmimage/offers/linux-data-science-vm-ubuntu/skus/linuxdsvmubuntu/versions/18.05.00?api-version=2017-03-30
  response:
    body: {string: "{\r\n  \"properties\": {\r\n    \"plan\": {\r\n      \"publisher\"\
        : \"microsoft-ads\",\r\n      \"name\": \"linuxdsvmubuntu\",\r\n      \"product\"\
        : \"linux-data-science-vm-ubuntu\"\r\n    },\r\n    \"osDiskImage\": {\r\n\
        \      \"operatingSystem\": \"Linux\"\r\n    },\r\n    \"dataDiskImages\"\
        : [\r\n      {\r\n        \"lun\": 0\r\n      }\r\n    ]\r\n  },\r\n  \"location\"\
        : \"westus\",\r\n  \"name\": \"18.05.00\",\r\n  \"id\": \"/Subscriptions/00000000-0000-0000-0000-000000000000/Providers/Microsoft.Compute/Locations/westus/Publishers/microsoft-ads/ArtifactTypes/VMImage/Offers/linux-data-science-vm-ubuntu/Skus/linuxdsvmubuntu/Versions/18.05.00\"\
        \r\n}"}
    headers:
      cache-control: [no-cache]
      content-length: ['582']
      content-type: [application/json; charset=utf-8]
      date: ['Sat, 21 Jul 2018 00:59:05 GMT']
      expires: ['-1']
      pragma: [no-cache]
      server: [Microsoft-HTTPAPI/2.0, Microsoft-HTTPAPI/2.0]
      strict-transport-security: [max-age=31536000; includeSubDomains]
      transfer-encoding: [chunked]
      vary: [Accept-Encoding]
      x-content-type-options: [nosniff]
    status: {code: 200, message: OK}
- request:
    body: null
    headers:
      Accept: [application/json]
      Accept-Encoding: ['gzip, deflate']
      CommandName: [vm create]
      Connection: [keep-alive]
      Content-Type: [application/json; charset=utf-8]
      User-Agent: [python/3.5.2 (Windows-10-10.0.17134-SP0) requests/2.19.1 msrest/0.5.4
          msrest_azure/0.4.34 networkmanagementclient/2.0.0rc3 Azure-SDK-For-Python
          AZURECLI/2.0.43]
      accept-language: [en-US]
    method: GET
    uri: https://management.azure.com/subscriptions/00000000-0000-0000-0000-000000000000/resourceGroups/clitest.rg000001/providers/Microsoft.Network/virtualNetworks?api-version=2017-10-01
  response:
    body: {string: '{"value":[]}'}
    headers:
      cache-control: [no-cache]
      content-length: ['12']
      content-type: [application/json; charset=utf-8]
      date: ['Sat, 21 Jul 2018 00:59:06 GMT']
      expires: ['-1']
      pragma: [no-cache]
      strict-transport-security: [max-age=31536000; includeSubDomains]
      vary: [Accept-Encoding]
      x-content-type-options: [nosniff]
    status: {code: 200, message: OK}
- request:
    body: 'b''{"properties": {"parameters": {"adminPassword": {"value": "testPassword0"}},
      "mode": "Incremental", "template": {"$schema": "https://schema.management.azure.com/schemas/2015-01-01/deploymentTemplate.json#",
      "variables": {}, "outputs": {}, "resources": [{"properties": {"addressSpace":
      {"addressPrefixes": ["10.0.0.0/16"]}, "subnets": [{"properties": {"addressPrefix":
      "10.0.0.0/24"}, "name": "vm1Subnet"}]}, "type": "Microsoft.Network/virtualNetworks",
      "dependsOn": [], "name": "vm1VNET", "location": "westus", "tags": {}, "apiVersion":
      "2015-06-15"}, {"properties": {"securityRules": [{"properties": {"direction":
      "Inbound", "priority": 1000, "protocol": "Tcp", "destinationAddressPrefix":
      "*", "sourceAddressPrefix": "*", "sourcePortRange": "*", "destinationPortRange":
      "22", "access": "Allow"}, "name": "default-allow-ssh"}]}, "dependsOn": [], "type":
      "Microsoft.Network/networkSecurityGroups", "name": "vm1NSG", "apiVersion": "2015-06-15",
      "tags": {}, "location": "westus"}, {"properties": {"publicIPAllocationMethod":
      null}, "dependsOn": [], "type": "Microsoft.Network/publicIPAddresses", "name":
      "vm1PublicIP", "apiVersion": "2017-10-01", "tags": {}, "location": "westus"},
      {"properties": {"networkSecurityGroup": {"id": "/subscriptions/00000000-0000-0000-0000-000000000000/resourceGroups/clitest.rg000001/providers/Microsoft.Network/networkSecurityGroups/vm1NSG"},
      "ipConfigurations": [{"properties": {"publicIPAddress": {"id": "/subscriptions/00000000-0000-0000-0000-000000000000/resourceGroups/clitest.rg000001/providers/Microsoft.Network/publicIPAddresses/vm1PublicIP"},
      "privateIPAllocationMethod": "Dynamic", "subnet": {"id": "/subscriptions/00000000-0000-0000-0000-000000000000/resourceGroups/clitest.rg000001/providers/Microsoft.Network/virtualNetworks/vm1VNET/subnets/vm1Subnet"}},
      "name": "ipconfigvm1"}]}, "dependsOn": ["Microsoft.Network/virtualNetworks/vm1VNET",
      "Microsoft.Network/networkSecurityGroups/vm1NSG", "Microsoft.Network/publicIpAddresses/vm1PublicIP"],
      "type": "Microsoft.Network/networkInterfaces", "name": "vm1VMNic", "apiVersion":
      "2015-06-15", "tags": {}, "location": "westus"}, {"properties": {"osProfile":
      {"adminUsername": "sdk-test-admin", "adminPassword": "[parameters(\''adminPassword\'')]",
      "computerName": "vm1"}, "networkProfile": {"networkInterfaces": [{"id": "/subscriptions/00000000-0000-0000-0000-000000000000/resourceGroups/clitest.rg000001/providers/Microsoft.Network/networkInterfaces/vm1VMNic"}]},
      "storageProfile": {"osDisk": {"caching": "ReadWrite", "name": null, "createOption":
      "fromImage", "managedDisk": {"storageAccountType": null}}, "imageReference":
      {"offer": "linux-data-science-vm-ubuntu", "publisher": "microsoft-ads", "version":
      "latest", "sku": "linuxdsvmubuntu"}}, "hardwareProfile": {"vmSize": "Standard_DS1_v2"}},
      "dependsOn": ["Microsoft.Network/networkInterfaces/vm1VMNic"], "type": "Microsoft.Compute/virtualMachines",
      "name": "vm1", "apiVersion": "2017-03-30", "tags": {}, "plan": {"name": "linuxdsvmubuntu",
      "product": "linux-data-science-vm-ubuntu", "publisher": "microsoft-ads", "promotionCode":
      null}, "location": "westus"}], "contentVersion": "1.0.0.0", "parameters": {"adminPassword":
      {"metadata": {"description": "Secure adminPassword"}, "type": "securestring"}}}}}'''
    headers:
      Accept: [application/json]
      Accept-Encoding: ['gzip, deflate']
      CommandName: [vm create]
      Connection: [keep-alive]
      Content-Length: ['3477']
      Content-Type: [application/json; charset=utf-8]
      User-Agent: [python/3.5.2 (Windows-10-10.0.17134-SP0) requests/2.19.1 msrest/0.5.4
          msrest_azure/0.4.34 resourcemanagementclient/2.0.0rc2 Azure-SDK-For-Python
          AZURECLI/2.0.43]
      accept-language: [en-US]
    method: PUT
    uri: https://management.azure.com/subscriptions/00000000-0000-0000-0000-000000000000/resourcegroups/clitest.rg000001/providers/Microsoft.Resources/deployments/mock-deployment?api-version=2018-02-01
  response:
    body: {string: '{"id":"/subscriptions/00000000-0000-0000-0000-000000000000/resourceGroups/clitest.rg000001/providers/Microsoft.Resources/deployments/vm_deploy_zimI98m0XkgnsUgSvWHM02qvdFJOyu5Z","name":"vm_deploy_zimI98m0XkgnsUgSvWHM02qvdFJOyu5Z","properties":{"templateHash":"7544662911410012374","parameters":{"adminPassword":{"type":"SecureString"}},"mode":"Incremental","provisioningState":"Accepted","timestamp":"2018-07-21T00:59:13.1225063Z","duration":"PT5.5596043S","correlationId":"0e019e40-cca5-4016-8fc6-4a8221f5a9eb","providers":[{"namespace":"Microsoft.Network","resourceTypes":[{"resourceType":"virtualNetworks","locations":["westus"]},{"resourceType":"networkSecurityGroups","locations":["westus"]},{"resourceType":"publicIPAddresses","locations":["westus"]},{"resourceType":"networkInterfaces","locations":["westus"]}]},{"namespace":"Microsoft.Compute","resourceTypes":[{"resourceType":"virtualMachines","locations":["westus"]}]}],"dependencies":[{"dependsOn":[{"id":"/subscriptions/00000000-0000-0000-0000-000000000000/resourceGroups/clitest.rg000001/providers/Microsoft.Network/virtualNetworks/vm1VNET","resourceType":"Microsoft.Network/virtualNetworks","resourceName":"vm1VNET"},{"id":"/subscriptions/00000000-0000-0000-0000-000000000000/resourceGroups/clitest.rg000001/providers/Microsoft.Network/networkSecurityGroups/vm1NSG","resourceType":"Microsoft.Network/networkSecurityGroups","resourceName":"vm1NSG"},{"id":"/subscriptions/00000000-0000-0000-0000-000000000000/resourceGroups/clitest.rg000001/providers/Microsoft.Network/publicIPAddresses/vm1PublicIP","resourceType":"Microsoft.Network/publicIPAddresses","resourceName":"vm1PublicIP"}],"id":"/subscriptions/00000000-0000-0000-0000-000000000000/resourceGroups/clitest.rg000001/providers/Microsoft.Network/networkInterfaces/vm1VMNic","resourceType":"Microsoft.Network/networkInterfaces","resourceName":"vm1VMNic"},{"dependsOn":[{"id":"/subscriptions/00000000-0000-0000-0000-000000000000/resourceGroups/clitest.rg000001/providers/Microsoft.Network/networkInterfaces/vm1VMNic","resourceType":"Microsoft.Network/networkInterfaces","resourceName":"vm1VMNic"}],"id":"/subscriptions/00000000-0000-0000-0000-000000000000/resourceGroups/clitest.rg000001/providers/Microsoft.Compute/virtualMachines/vm1","resourceType":"Microsoft.Compute/virtualMachines","resourceName":"vm1"}]}}'}
    headers:
      azure-asyncoperation: ['https://management.azure.com/subscriptions/00000000-0000-0000-0000-000000000000/resourcegroups/clitest.rg000001/providers/Microsoft.Resources/deployments/vm_deploy_zimI98m0XkgnsUgSvWHM02qvdFJOyu5Z/operationStatuses/08586694721379147316?api-version=2018-02-01']
      cache-control: [no-cache]
      content-length: ['2740']
      content-type: [application/json; charset=utf-8]
      date: ['Sat, 21 Jul 2018 00:59:13 GMT']
      expires: ['-1']
      pragma: [no-cache]
      strict-transport-security: [max-age=31536000; includeSubDomains]
      x-content-type-options: [nosniff]
      x-ms-ratelimit-remaining-subscription-writes: ['1198']
    status: {code: 201, message: Created}
- request:
    body: null
    headers:
      Accept: [application/json]
      Accept-Encoding: ['gzip, deflate']
      CommandName: [vm create]
      Connection: [keep-alive]
      User-Agent: [python/3.5.2 (Windows-10-10.0.17134-SP0) requests/2.19.1 msrest/0.5.4
          msrest_azure/0.4.34 resourcemanagementclient/2.0.0rc2 Azure-SDK-For-Python
          AZURECLI/2.0.43]
    method: GET
    uri: https://management.azure.com/subscriptions/00000000-0000-0000-0000-000000000000/resourcegroups/clitest.rg000001/providers/Microsoft.Resources/deployments/mock-deployment/operationStatuses/08586694721379147316?api-version=2018-02-01
  response:
    body: {string: '{"status":"Running"}'}
    headers:
      cache-control: [no-cache]
      content-length: ['20']
      content-type: [application/json; charset=utf-8]
      date: ['Sat, 21 Jul 2018 00:59:43 GMT']
      expires: ['-1']
      pragma: [no-cache]
      strict-transport-security: [max-age=31536000; includeSubDomains]
      vary: [Accept-Encoding]
      x-content-type-options: [nosniff]
    status: {code: 200, message: OK}
- request:
    body: null
    headers:
      Accept: [application/json]
      Accept-Encoding: ['gzip, deflate']
      CommandName: [vm create]
      Connection: [keep-alive]
      User-Agent: [python/3.5.2 (Windows-10-10.0.17134-SP0) requests/2.19.1 msrest/0.5.4
          msrest_azure/0.4.34 resourcemanagementclient/2.0.0rc2 Azure-SDK-For-Python
          AZURECLI/2.0.43]
    method: GET
    uri: https://management.azure.com/subscriptions/00000000-0000-0000-0000-000000000000/resourcegroups/clitest.rg000001/providers/Microsoft.Resources/deployments/mock-deployment/operationStatuses/08586694721379147316?api-version=2018-02-01
  response:
    body: {string: '{"status":"Running"}'}
    headers:
      cache-control: [no-cache]
      content-length: ['20']
      content-type: [application/json; charset=utf-8]
      date: ['Sat, 21 Jul 2018 01:00:15 GMT']
      expires: ['-1']
      pragma: [no-cache]
      strict-transport-security: [max-age=31536000; includeSubDomains]
      vary: [Accept-Encoding]
      x-content-type-options: [nosniff]
    status: {code: 200, message: OK}
- request:
    body: null
    headers:
      Accept: [application/json]
      Accept-Encoding: ['gzip, deflate']
      CommandName: [vm create]
      Connection: [keep-alive]
      User-Agent: [python/3.5.2 (Windows-10-10.0.17134-SP0) requests/2.19.1 msrest/0.5.4
          msrest_azure/0.4.34 resourcemanagementclient/2.0.0rc2 Azure-SDK-For-Python
          AZURECLI/2.0.43]
    method: GET
    uri: https://management.azure.com/subscriptions/00000000-0000-0000-0000-000000000000/resourcegroups/clitest.rg000001/providers/Microsoft.Resources/deployments/mock-deployment/operationStatuses/08586694721379147316?api-version=2018-02-01
  response:
    body: {string: '{"status":"Running"}'}
    headers:
      cache-control: [no-cache]
      content-length: ['20']
      content-type: [application/json; charset=utf-8]
      date: ['Sat, 21 Jul 2018 01:00:46 GMT']
      expires: ['-1']
      pragma: [no-cache]
      strict-transport-security: [max-age=31536000; includeSubDomains]
      vary: [Accept-Encoding]
      x-content-type-options: [nosniff]
    status: {code: 200, message: OK}
- request:
    body: null
    headers:
      Accept: [application/json]
      Accept-Encoding: ['gzip, deflate']
      CommandName: [vm create]
      Connection: [keep-alive]
      User-Agent: [python/3.5.2 (Windows-10-10.0.17134-SP0) requests/2.19.1 msrest/0.5.4
          msrest_azure/0.4.34 resourcemanagementclient/2.0.0rc2 Azure-SDK-For-Python
          AZURECLI/2.0.43]
    method: GET
    uri: https://management.azure.com/subscriptions/00000000-0000-0000-0000-000000000000/resourcegroups/clitest.rg000001/providers/Microsoft.Resources/deployments/mock-deployment/operationStatuses/08586694721379147316?api-version=2018-02-01
  response:
    body: {string: '{"status":"Running"}'}
    headers:
      cache-control: [no-cache]
      content-length: ['20']
      content-type: [application/json; charset=utf-8]
      date: ['Sat, 21 Jul 2018 01:01:17 GMT']
      expires: ['-1']
      pragma: [no-cache]
      strict-transport-security: [max-age=31536000; includeSubDomains]
      vary: [Accept-Encoding]
      x-content-type-options: [nosniff]
    status: {code: 200, message: OK}
- request:
    body: null
    headers:
      Accept: [application/json]
      Accept-Encoding: ['gzip, deflate']
      CommandName: [vm create]
      Connection: [keep-alive]
      User-Agent: [python/3.5.2 (Windows-10-10.0.17134-SP0) requests/2.19.1 msrest/0.5.4
          msrest_azure/0.4.34 resourcemanagementclient/2.0.0rc2 Azure-SDK-For-Python
          AZURECLI/2.0.43]
    method: GET
    uri: https://management.azure.com/subscriptions/00000000-0000-0000-0000-000000000000/resourcegroups/clitest.rg000001/providers/Microsoft.Resources/deployments/mock-deployment/operationStatuses/08586694721379147316?api-version=2018-02-01
  response:
    body: {string: '{"status":"Succeeded"}'}
    headers:
      cache-control: [no-cache]
      content-length: ['22']
      content-type: [application/json; charset=utf-8]
      date: ['Sat, 21 Jul 2018 01:01:47 GMT']
      expires: ['-1']
      pragma: [no-cache]
      strict-transport-security: [max-age=31536000; includeSubDomains]
      vary: [Accept-Encoding]
      x-content-type-options: [nosniff]
    status: {code: 200, message: OK}
- request:
    body: null
    headers:
      Accept: [application/json]
      Accept-Encoding: ['gzip, deflate']
      CommandName: [vm create]
      Connection: [keep-alive]
      User-Agent: [python/3.5.2 (Windows-10-10.0.17134-SP0) requests/2.19.1 msrest/0.5.4
          msrest_azure/0.4.34 resourcemanagementclient/2.0.0rc2 Azure-SDK-For-Python
          AZURECLI/2.0.43]
    method: GET
    uri: https://management.azure.com/subscriptions/00000000-0000-0000-0000-000000000000/resourcegroups/clitest.rg000001/providers/Microsoft.Resources/deployments/mock-deployment?api-version=2018-02-01
  response:
    body: {string: '{"id":"/subscriptions/00000000-0000-0000-0000-000000000000/resourceGroups/clitest.rg000001/providers/Microsoft.Resources/deployments/vm_deploy_zimI98m0XkgnsUgSvWHM02qvdFJOyu5Z","name":"vm_deploy_zimI98m0XkgnsUgSvWHM02qvdFJOyu5Z","properties":{"templateHash":"7544662911410012374","parameters":{"adminPassword":{"type":"SecureString"}},"mode":"Incremental","provisioningState":"Succeeded","timestamp":"2018-07-21T01:01:39.9767384Z","duration":"PT2M32.4138364S","correlationId":"0e019e40-cca5-4016-8fc6-4a8221f5a9eb","providers":[{"namespace":"Microsoft.Network","resourceTypes":[{"resourceType":"virtualNetworks","locations":["westus"]},{"resourceType":"networkSecurityGroups","locations":["westus"]},{"resourceType":"publicIPAddresses","locations":["westus"]},{"resourceType":"networkInterfaces","locations":["westus"]}]},{"namespace":"Microsoft.Compute","resourceTypes":[{"resourceType":"virtualMachines","locations":["westus"]}]}],"dependencies":[{"dependsOn":[{"id":"/subscriptions/00000000-0000-0000-0000-000000000000/resourceGroups/clitest.rg000001/providers/Microsoft.Network/virtualNetworks/vm1VNET","resourceType":"Microsoft.Network/virtualNetworks","resourceName":"vm1VNET"},{"id":"/subscriptions/00000000-0000-0000-0000-000000000000/resourceGroups/clitest.rg000001/providers/Microsoft.Network/networkSecurityGroups/vm1NSG","resourceType":"Microsoft.Network/networkSecurityGroups","resourceName":"vm1NSG"},{"id":"/subscriptions/00000000-0000-0000-0000-000000000000/resourceGroups/clitest.rg000001/providers/Microsoft.Network/publicIPAddresses/vm1PublicIP","resourceType":"Microsoft.Network/publicIPAddresses","resourceName":"vm1PublicIP"}],"id":"/subscriptions/00000000-0000-0000-0000-000000000000/resourceGroups/clitest.rg000001/providers/Microsoft.Network/networkInterfaces/vm1VMNic","resourceType":"Microsoft.Network/networkInterfaces","resourceName":"vm1VMNic"},{"dependsOn":[{"id":"/subscriptions/00000000-0000-0000-0000-000000000000/resourceGroups/clitest.rg000001/providers/Microsoft.Network/networkInterfaces/vm1VMNic","resourceType":"Microsoft.Network/networkInterfaces","resourceName":"vm1VMNic"}],"id":"/subscriptions/00000000-0000-0000-0000-000000000000/resourceGroups/clitest.rg000001/providers/Microsoft.Compute/virtualMachines/vm1","resourceType":"Microsoft.Compute/virtualMachines","resourceName":"vm1"}],"outputs":{},"outputResources":[{"id":"/subscriptions/00000000-0000-0000-0000-000000000000/resourceGroups/clitest.rg000001/providers/Microsoft.Compute/virtualMachines/vm1"},{"id":"/subscriptions/00000000-0000-0000-0000-000000000000/resourceGroups/clitest.rg000001/providers/Microsoft.Network/networkInterfaces/vm1VMNic"},{"id":"/subscriptions/00000000-0000-0000-0000-000000000000/resourceGroups/clitest.rg000001/providers/Microsoft.Network/networkSecurityGroups/vm1NSG"},{"id":"/subscriptions/00000000-0000-0000-0000-000000000000/resourceGroups/clitest.rg000001/providers/Microsoft.Network/publicIPAddresses/vm1PublicIP"},{"id":"/subscriptions/00000000-0000-0000-0000-000000000000/resourceGroups/clitest.rg000001/providers/Microsoft.Network/virtualNetworks/vm1VNET"}]}}'}
    headers:
      cache-control: [no-cache]
      content-length: ['3807']
      content-type: [application/json; charset=utf-8]
      date: ['Sat, 21 Jul 2018 01:01:49 GMT']
      expires: ['-1']
      pragma: [no-cache]
      strict-transport-security: [max-age=31536000; includeSubDomains]
      vary: [Accept-Encoding]
      x-content-type-options: [nosniff]
    status: {code: 200, message: OK}
- request:
    body: null
    headers:
      Accept: [application/json]
      Accept-Encoding: ['gzip, deflate']
      CommandName: [vm create]
      Connection: [keep-alive]
      Content-Type: [application/json; charset=utf-8]
      User-Agent: [python/3.5.2 (Windows-10-10.0.17134-SP0) requests/2.19.1 msrest/0.5.4
          msrest_azure/0.4.34 computemanagementclient/4.0.0rc2 Azure-SDK-For-Python
          AZURECLI/2.0.43]
      accept-language: [en-US]
    method: GET
    uri: https://management.azure.com/subscriptions/00000000-0000-0000-0000-000000000000/resourceGroups/clitest.rg000001/providers/Microsoft.Compute/virtualMachines/vm1?$expand=instanceView&api-version=2017-03-30
  response:
    body: {string: "{\r\n  \"properties\": {\r\n    \"vmId\": \"6dcf9950-661d-4745-95d0-80503c48510e\"\
        ,\r\n    \"hardwareProfile\": {\r\n      \"vmSize\": \"Standard_DS1_v2\"\r\
        \n    },\r\n    \"storageProfile\": {\r\n      \"imageReference\": {\r\n \
        \       \"publisher\": \"microsoft-ads\",\r\n        \"offer\": \"linux-data-science-vm-ubuntu\"\
        ,\r\n        \"sku\": \"linuxdsvmubuntu\",\r\n        \"version\": \"latest\"\
        \r\n      },\r\n      \"osDisk\": {\r\n        \"osType\": \"Linux\",\r\n\
        \        \"name\": \"vm1_OsDisk_1_25e951b8e0d141a1b130e056d157fb14\",\r\n\
        \        \"createOption\": \"FromImage\",\r\n        \"caching\": \"ReadWrite\"\
        ,\r\n        \"managedDisk\": {\r\n          \"storageAccountType\": \"Premium_LRS\"\
        ,\r\n          \"id\": \"/subscriptions/00000000-0000-0000-0000-000000000000/resourceGroups/clitest.rg000001/providers/Microsoft.Compute/disks/vm1_OsDisk_1_25e951b8e0d141a1b130e056d157fb14\"\
        \r\n        },\r\n        \"diskSizeGB\": 50\r\n      },\r\n      \"dataDisks\"\
        : [\r\n        {\r\n          \"lun\": 0,\r\n          \"name\": \"vm1_lun_0_2_d8e9432107b143568f6aca1948f210af\"\
        ,\r\n          \"createOption\": \"FromImage\",\r\n          \"caching\":\
        \ \"None\",\r\n          \"managedDisk\": {\r\n            \"storageAccountType\"\
        : \"Premium_LRS\",\r\n            \"id\": \"/subscriptions/00000000-0000-0000-0000-000000000000/resourceGroups/clitest.rg000001/providers/Microsoft.Compute/disks/vm1_lun_0_2_d8e9432107b143568f6aca1948f210af\"\
        \r\n          },\r\n          \"diskSizeGB\": 100\r\n        }\r\n      ]\r\
        \n    },\r\n    \"osProfile\": {\r\n      \"computerName\": \"vm1\",\r\n \
        \     \"adminUsername\": \"sdk-test-admin\",\r\n      \"linuxConfiguration\"\
        : {\r\n        \"disablePasswordAuthentication\": false\r\n      },\r\n  \
        \    \"secrets\": []\r\n    },\r\n    \"networkProfile\": {\"networkInterfaces\"\
        :[{\"id\":\"/subscriptions/00000000-0000-0000-0000-000000000000/resourceGroups/clitest.rg000001/providers/Microsoft.Network/networkInterfaces/vm1VMNic\"\
        }]},\r\n    \"provisioningState\": \"Succeeded\",\r\n    \"instanceView\"\
        : {\r\n      \"vmAgent\": {\r\n        \"vmAgentVersion\": \"2.2.26\",\r\n\
        \        \"statuses\": [\r\n          {\r\n            \"code\": \"ProvisioningState/succeeded\"\
        ,\r\n            \"level\": \"Info\",\r\n            \"displayStatus\": \"\
        Ready\",\r\n            \"message\": \"Guest Agent is running\",\r\n     \
        \       \"time\": \"2018-07-21T01:01:47+00:00\"\r\n          }\r\n       \
        \ ],\r\n        \"extensionHandlers\": []\r\n      },\r\n      \"disks\":\
        \ [\r\n        {\r\n          \"name\": \"vm1_OsDisk_1_25e951b8e0d141a1b130e056d157fb14\"\
        ,\r\n          \"statuses\": [\r\n            {\r\n              \"code\"\
        : \"ProvisioningState/succeeded\",\r\n              \"level\": \"Info\",\r\
        \n              \"displayStatus\": \"Provisioning succeeded\",\r\n       \
        \       \"time\": \"2018-07-21T01:00:03.2590136+00:00\"\r\n            }\r\
        \n          ]\r\n        },\r\n        {\r\n          \"name\": \"vm1_lun_0_2_d8e9432107b143568f6aca1948f210af\"\
        ,\r\n          \"statuses\": [\r\n            {\r\n              \"code\"\
        : \"ProvisioningState/succeeded\",\r\n              \"level\": \"Info\",\r\
        \n              \"displayStatus\": \"Provisioning succeeded\",\r\n       \
        \       \"time\": \"2018-07-21T01:00:03.2590136+00:00\"\r\n            }\r\
        \n          ]\r\n        }\r\n      ],\r\n      \"statuses\": [\r\n      \
        \  {\r\n          \"code\": \"ProvisioningState/succeeded\",\r\n         \
        \ \"level\": \"Info\",\r\n          \"displayStatus\": \"Provisioning succeeded\"\
        ,\r\n          \"time\": \"2018-07-21T01:01:21.5208211+00:00\"\r\n       \
        \ },\r\n        {\r\n          \"code\": \"PowerState/running\",\r\n     \
        \     \"level\": \"Info\",\r\n          \"displayStatus\": \"VM running\"\r\
        \n        }\r\n      ]\r\n    }\r\n  },\r\n  \"type\": \"Microsoft.Compute/virtualMachines\"\
        ,\r\n  \"location\": \"westus\",\r\n  \"tags\": {},\r\n  \"plan\": {\r\n \
        \   \"name\": \"linuxdsvmubuntu\",\r\n    \"publisher\": \"microsoft-ads\"\
        ,\r\n    \"product\": \"linux-data-science-vm-ubuntu\"\r\n  },\r\n  \"id\"\
        : \"/subscriptions/00000000-0000-0000-0000-000000000000/resourceGroups/clitest.rg000001/providers/Microsoft.Compute/virtualMachines/vm1\"\
        ,\r\n  \"name\": \"vm1\"\r\n}"}
    headers:
      cache-control: [no-cache]
      content-length: ['3975']
      content-type: [application/json; charset=utf-8]
      date: ['Sat, 21 Jul 2018 01:01:49 GMT']
      expires: ['-1']
      pragma: [no-cache]
      server: [Microsoft-HTTPAPI/2.0, Microsoft-HTTPAPI/2.0]
      strict-transport-security: [max-age=31536000; includeSubDomains]
      transfer-encoding: [chunked]
      vary: [Accept-Encoding]
      x-content-type-options: [nosniff]
      x-ms-ratelimit-remaining-resource: ['Microsoft.Compute/LowCostGet3Min;4192,Microsoft.Compute/LowCostGet30Min;33510']
    status: {code: 200, message: OK}
- request:
    body: null
    headers:
      Accept: [application/json]
      Accept-Encoding: ['gzip, deflate']
      CommandName: [vm create]
      Connection: [keep-alive]
      Content-Type: [application/json; charset=utf-8]
      User-Agent: [python/3.5.2 (Windows-10-10.0.17134-SP0) requests/2.19.1 msrest/0.5.4
          msrest_azure/0.4.34 networkmanagementclient/2.0.0rc3 Azure-SDK-For-Python
          AZURECLI/2.0.43]
      accept-language: [en-US]
    method: GET
    uri: https://management.azure.com/subscriptions/00000000-0000-0000-0000-000000000000/resourceGroups/clitest.rg000001/providers/Microsoft.Network/networkInterfaces/vm1VMNic?api-version=2017-10-01
  response:
    body: {string: "{\r\n  \"name\": \"vm1VMNic\",\r\n  \"id\": \"/subscriptions/00000000-0000-0000-0000-000000000000/resourceGroups/clitest.rg000001/providers/Microsoft.Network/networkInterfaces/vm1VMNic\"\
        ,\r\n  \"etag\": \"W/\\\"cab7ebe2-1628-4360-bd61-336a264f8bc5\\\"\",\r\n \
        \ \"location\": \"westus\",\r\n  \"tags\": {},\r\n  \"properties\": {\r\n\
        \    \"provisioningState\": \"Succeeded\",\r\n    \"resourceGuid\": \"19ee4190-267e-4b12-9ab1-12430db61839\"\
        ,\r\n    \"ipConfigurations\": [\r\n      {\r\n        \"name\": \"ipconfigvm1\"\
        ,\r\n        \"id\": \"/subscriptions/00000000-0000-0000-0000-000000000000/resourceGroups/clitest.rg000001/providers/Microsoft.Network/networkInterfaces/vm1VMNic/ipConfigurations/ipconfigvm1\"\
        ,\r\n        \"etag\": \"W/\\\"cab7ebe2-1628-4360-bd61-336a264f8bc5\\\"\"\
        ,\r\n        \"properties\": {\r\n          \"provisioningState\": \"Succeeded\"\
        ,\r\n          \"privateIPAddress\": \"10.0.0.4\",\r\n          \"privateIPAllocationMethod\"\
        : \"Dynamic\",\r\n          \"publicIPAddress\": {\r\n            \"id\":\
        \ \"/subscriptions/00000000-0000-0000-0000-000000000000/resourceGroups/clitest.rg000001/providers/Microsoft.Network/publicIPAddresses/vm1PublicIP\"\
        \r\n          },\r\n          \"subnet\": {\r\n            \"id\": \"/subscriptions/00000000-0000-0000-0000-000000000000/resourceGroups/clitest.rg000001/providers/Microsoft.Network/virtualNetworks/vm1VNET/subnets/vm1Subnet\"\
        \r\n          },\r\n          \"primary\": true,\r\n          \"privateIPAddressVersion\"\
        : \"IPv4\",\r\n          \"isInUseWithService\": false\r\n        }\r\n  \
        \    }\r\n    ],\r\n    \"dnsSettings\": {\r\n      \"dnsServers\": [],\r\n\
        \      \"appliedDnsServers\": [],\r\n      \"internalDomainNameSuffix\": \"\
        wduujqfwz2qunaxgj1xk0y4qle.dx.internal.cloudapp.net\"\r\n    },\r\n    \"\
        macAddress\": \"00-0D-3A-37-C6-A0\",\r\n    \"enableAcceleratedNetworking\"\
        : false,\r\n    \"enableIPForwarding\": false,\r\n    \"networkSecurityGroup\"\
        : {\r\n      \"id\": \"/subscriptions/00000000-0000-0000-0000-000000000000/resourceGroups/clitest.rg000001/providers/Microsoft.Network/networkSecurityGroups/vm1NSG\"\
        \r\n    },\r\n    \"primary\": true,\r\n    \"virtualMachine\": {\r\n    \
        \  \"id\": \"/subscriptions/00000000-0000-0000-0000-000000000000/resourceGroups/clitest.rg000001/providers/Microsoft.Compute/virtualMachines/vm1\"\
        \r\n    }\r\n  },\r\n  \"type\": \"Microsoft.Network/networkInterfaces\"\r\
        \n}"}
    headers:
      cache-control: [no-cache]
      content-length: ['2535']
      content-type: [application/json; charset=utf-8]
      date: ['Sat, 21 Jul 2018 01:01:50 GMT']
      etag: [W/"cab7ebe2-1628-4360-bd61-336a264f8bc5"]
      expires: ['-1']
      pragma: [no-cache]
      server: [Microsoft-HTTPAPI/2.0, Microsoft-HTTPAPI/2.0]
      strict-transport-security: [max-age=31536000; includeSubDomains]
      transfer-encoding: [chunked]
      vary: [Accept-Encoding]
      x-content-type-options: [nosniff]
    status: {code: 200, message: OK}
- request:
    body: null
    headers:
      Accept: [application/json]
      Accept-Encoding: ['gzip, deflate']
      CommandName: [vm create]
      Connection: [keep-alive]
      Content-Type: [application/json; charset=utf-8]
      User-Agent: [python/3.5.2 (Windows-10-10.0.17134-SP0) requests/2.19.1 msrest/0.5.4
          msrest_azure/0.4.34 networkmanagementclient/2.0.0rc3 Azure-SDK-For-Python
          AZURECLI/2.0.43]
      accept-language: [en-US]
    method: GET
    uri: https://management.azure.com/subscriptions/00000000-0000-0000-0000-000000000000/resourceGroups/clitest.rg000001/providers/Microsoft.Network/publicIPAddresses/vm1PublicIP?api-version=2017-10-01
  response:
    body: {string: "{\r\n  \"name\": \"vm1PublicIP\",\r\n  \"id\": \"/subscriptions/00000000-0000-0000-0000-000000000000/resourceGroups/clitest.rg000001/providers/Microsoft.Network/publicIPAddresses/vm1PublicIP\"\
        ,\r\n  \"etag\": \"W/\\\"d165e196-448c-4392-925d-90cc37d0e66e\\\"\",\r\n \
        \ \"location\": \"westus\",\r\n  \"tags\": {},\r\n  \"properties\": {\r\n\
        \    \"provisioningState\": \"Succeeded\",\r\n    \"resourceGuid\": \"cb31a1ef-b7a5-4ea0-bc40-0fac10881aa6\"\
        ,\r\n    \"ipAddress\": \"104.42.213.117\",\r\n    \"publicIPAddressVersion\"\
        : \"IPv4\",\r\n    \"publicIPAllocationMethod\": \"Dynamic\",\r\n    \"idleTimeoutInMinutes\"\
        : 4,\r\n    \"ipTags\": [],\r\n    \"ipConfiguration\": {\r\n      \"id\"\
        : \"/subscriptions/00000000-0000-0000-0000-000000000000/resourceGroups/clitest.rg000001/providers/Microsoft.Network/networkInterfaces/vm1VMNic/ipConfigurations/ipconfigvm1\"\
        \r\n    }\r\n  },\r\n  \"type\": \"Microsoft.Network/publicIPAddresses\",\r\
        \n  \"sku\": {\r\n    \"name\": \"Basic\",\r\n    \"tier\": \"Regional\"\r\
        \n  }\r\n}"}
    headers:
      cache-control: [no-cache]
      content-length: ['1023']
      content-type: [application/json; charset=utf-8]
      date: ['Sat, 21 Jul 2018 01:01:51 GMT']
      etag: [W/"d165e196-448c-4392-925d-90cc37d0e66e"]
      expires: ['-1']
      pragma: [no-cache]
      server: [Microsoft-HTTPAPI/2.0, Microsoft-HTTPAPI/2.0]
      strict-transport-security: [max-age=31536000; includeSubDomains]
      transfer-encoding: [chunked]
      vary: [Accept-Encoding]
      x-content-type-options: [nosniff]
    status: {code: 200, message: OK}
- request:
    body: '{"parameters": [], "commandId": "RunShellScript", "script": ["echo ''sudo
      waagent -deprovision+user --force'' | at -M now + 1 minutes"]}'
    headers:
      Accept: [application/json]
      Accept-Encoding: ['gzip, deflate']
      CommandName: [vm run-command invoke]
      Connection: [keep-alive]
      Content-Length: ['134']
      Content-Type: [application/json; charset=utf-8]
      User-Agent: [python/3.5.2 (Windows-10-10.0.17134-SP0) requests/2.19.1 msrest/0.5.4
          msrest_azure/0.4.34 computemanagementclient/4.0.0rc2 Azure-SDK-For-Python
          AZURECLI/2.0.43]
      accept-language: [en-US]
    method: POST
    uri: https://management.azure.com/subscriptions/00000000-0000-0000-0000-000000000000/resourceGroups/clitest.rg000001/providers/Microsoft.Compute/virtualMachines/vm1/runCommand?api-version=2017-03-30
  response:
    body: {string: ''}
    headers:
      azure-asyncoperation: ['https://management.azure.com/subscriptions/00000000-0000-0000-0000-000000000000/providers/Microsoft.Compute/locations/westus/operations/3bc7de33-2743-4a2a-9585-c9216e819189?api-version=2017-03-30']
      cache-control: [no-cache]
      content-length: ['0']
      date: ['Sat, 21 Jul 2018 01:01:51 GMT']
      expires: ['-1']
      location: ['https://management.azure.com/subscriptions/00000000-0000-0000-0000-000000000000/providers/Microsoft.Compute/locations/westus/operations/3bc7de33-2743-4a2a-9585-c9216e819189?monitor=true&api-version=2017-03-30']
      pragma: [no-cache]
      server: [Microsoft-HTTPAPI/2.0, Microsoft-HTTPAPI/2.0]
      strict-transport-security: [max-age=31536000; includeSubDomains]
      x-content-type-options: [nosniff]
      x-ms-ratelimit-remaining-resource: ['Microsoft.Compute/UpdateVM3Min;239,Microsoft.Compute/UpdateVM30Min;1198']
      x-ms-ratelimit-remaining-subscription-writes: ['1199']
    status: {code: 202, message: Accepted}
- request:
    body: null
    headers:
      Accept: [application/json]
      Accept-Encoding: ['gzip, deflate']
      CommandName: [vm run-command invoke]
      Connection: [keep-alive]
      User-Agent: [python/3.5.2 (Windows-10-10.0.17134-SP0) requests/2.19.1 msrest/0.5.4
          msrest_azure/0.4.34 computemanagementclient/4.0.0rc2 Azure-SDK-For-Python
          AZURECLI/2.0.43]
    method: GET
    uri: https://management.azure.com/subscriptions/00000000-0000-0000-0000-000000000000/providers/Microsoft.Compute/locations/westus/operations/3bc7de33-2743-4a2a-9585-c9216e819189?api-version=2017-03-30
  response:
    body: {string: "{\r\n  \"startTime\": \"2018-07-21T01:01:52.5558527+00:00\",\r\
        \n  \"endTime\": \"2018-07-21T01:02:12.0910712+00:00\",\r\n  \"status\": \"\
        Succeeded\",\r\n  \"properties\": {\r\n    \"output\": [\r\n  {\r\n    \"\
        code\": \"ProvisioningState/succeeded\",\r\n    \"level\": \"Info\",\r\n \
        \   \"displayStatus\": \"Provisioning succeeded\",\r\n    \"message\": \"\
        Enable succeeded: \\n[stdout]\\n\\n[stderr]\\nwarning: commands will be executed\
        \ using /bin/sh\\njob 1 at Sat Jul 21 01:03:00 2018\\n\"\r\n  }\r\n]\r\n \
        \ },\r\n  \"name\": \"3bc7de33-2743-4a2a-9585-c9216e819189\"\r\n}"}
    headers:
      cache-control: [no-cache]
      content-length: ['499']
      content-type: [application/json; charset=utf-8]
      date: ['Sat, 21 Jul 2018 01:02:22 GMT']
      expires: ['-1']
      pragma: [no-cache]
      server: [Microsoft-HTTPAPI/2.0, Microsoft-HTTPAPI/2.0]
      strict-transport-security: [max-age=31536000; includeSubDomains]
      transfer-encoding: [chunked]
      vary: [Accept-Encoding]
      x-content-type-options: [nosniff]
      x-ms-ratelimit-remaining-resource: ['Microsoft.Compute/GetOperation3Min;14987,Microsoft.Compute/GetOperation30Min;29860']
    status: {code: 200, message: OK}
- request:
    body: null
    headers:
      Accept: [application/json]
      Accept-Encoding: ['gzip, deflate']
      CommandName: [vm deallocate]
      Connection: [keep-alive]
      Content-Length: ['0']
      Content-Type: [application/json; charset=utf-8]
      User-Agent: [python/3.5.2 (Windows-10-10.0.17134-SP0) requests/2.19.1 msrest/0.5.4
          msrest_azure/0.4.34 computemanagementclient/4.0.0rc2 Azure-SDK-For-Python
          AZURECLI/2.0.43]
      accept-language: [en-US]
    method: POST
    uri: https://management.azure.com/subscriptions/00000000-0000-0000-0000-000000000000/resourceGroups/clitest.rg000001/providers/Microsoft.Compute/virtualMachines/vm1/deallocate?api-version=2017-03-30
  response:
    body: {string: ''}
    headers:
      azure-asyncoperation: ['https://management.azure.com/subscriptions/00000000-0000-0000-0000-000000000000/providers/Microsoft.Compute/locations/westus/operations/6c22e15d-aa6d-49b2-b64d-fc99e30e47f1?api-version=2017-03-30']
      cache-control: [no-cache]
      content-length: ['0']
      date: ['Sat, 21 Jul 2018 01:03:33 GMT']
      expires: ['-1']
      location: ['https://management.azure.com/subscriptions/00000000-0000-0000-0000-000000000000/providers/Microsoft.Compute/locations/westus/operations/6c22e15d-aa6d-49b2-b64d-fc99e30e47f1?monitor=true&api-version=2017-03-30']
      pragma: [no-cache]
      server: [Microsoft-HTTPAPI/2.0, Microsoft-HTTPAPI/2.0]
      strict-transport-security: [max-age=31536000; includeSubDomains]
      x-content-type-options: [nosniff]
      x-ms-ratelimit-remaining-resource: ['Microsoft.Compute/DeleteVM3Min;239,Microsoft.Compute/DeleteVM30Min;1190']
      x-ms-ratelimit-remaining-subscription-writes: ['1199']
    status: {code: 202, message: Accepted}
- request:
    body: null
    headers:
      Accept: [application/json]
      Accept-Encoding: ['gzip, deflate']
      CommandName: [vm deallocate]
      Connection: [keep-alive]
      User-Agent: [python/3.5.2 (Windows-10-10.0.17134-SP0) requests/2.19.1 msrest/0.5.4
          msrest_azure/0.4.34 computemanagementclient/4.0.0rc2 Azure-SDK-For-Python
          AZURECLI/2.0.43]
    method: GET
    uri: https://management.azure.com/subscriptions/00000000-0000-0000-0000-000000000000/providers/Microsoft.Compute/locations/westus/operations/6c22e15d-aa6d-49b2-b64d-fc99e30e47f1?api-version=2017-03-30
  response:
    body: {string: "{\r\n  \"startTime\": \"2018-07-21T01:03:34.1944535+00:00\",\r\
        \n  \"status\": \"InProgress\",\r\n  \"name\": \"6c22e15d-aa6d-49b2-b64d-fc99e30e47f1\"\
        \r\n}"}
    headers:
      cache-control: [no-cache]
      content-length: ['134']
      content-type: [application/json; charset=utf-8]
      date: ['Sat, 21 Jul 2018 01:03:44 GMT']
      expires: ['-1']
      pragma: [no-cache]
      server: [Microsoft-HTTPAPI/2.0, Microsoft-HTTPAPI/2.0]
      strict-transport-security: [max-age=31536000; includeSubDomains]
      transfer-encoding: [chunked]
      vary: [Accept-Encoding]
      x-content-type-options: [nosniff]
      x-ms-ratelimit-remaining-resource: ['Microsoft.Compute/GetOperation3Min;14991,Microsoft.Compute/GetOperation30Min;29858']
    status: {code: 200, message: OK}
- request:
    body: null
    headers:
      Accept: [application/json]
      Accept-Encoding: ['gzip, deflate']
      CommandName: [vm deallocate]
      Connection: [keep-alive]
      User-Agent: [python/3.5.2 (Windows-10-10.0.17134-SP0) requests/2.19.1 msrest/0.5.4
          msrest_azure/0.4.34 computemanagementclient/4.0.0rc2 Azure-SDK-For-Python
          AZURECLI/2.0.43]
    method: GET
    uri: https://management.azure.com/subscriptions/00000000-0000-0000-0000-000000000000/providers/Microsoft.Compute/locations/westus/operations/6c22e15d-aa6d-49b2-b64d-fc99e30e47f1?api-version=2017-03-30
  response:
    body: {string: "{\r\n  \"startTime\": \"2018-07-21T01:03:34.1944535+00:00\",\r\
        \n  \"status\": \"InProgress\",\r\n  \"name\": \"6c22e15d-aa6d-49b2-b64d-fc99e30e47f1\"\
        \r\n}"}
    headers:
      cache-control: [no-cache]
      content-length: ['134']
      content-type: [application/json; charset=utf-8]
      date: ['Sat, 21 Jul 2018 01:04:21 GMT']
      expires: ['-1']
      pragma: [no-cache]
      server: [Microsoft-HTTPAPI/2.0, Microsoft-HTTPAPI/2.0]
      strict-transport-security: [max-age=31536000; includeSubDomains]
      transfer-encoding: [chunked]
      vary: [Accept-Encoding]
      x-content-type-options: [nosniff]
      x-ms-ratelimit-remaining-resource: ['Microsoft.Compute/GetOperation3Min;14992,Microsoft.Compute/GetOperation30Min;29855']
    status: {code: 200, message: OK}
- request:
    body: null
    headers:
      Accept: [application/json]
      Accept-Encoding: ['gzip, deflate']
      CommandName: [vm deallocate]
      Connection: [keep-alive]
      User-Agent: [python/3.5.2 (Windows-10-10.0.17134-SP0) requests/2.19.1 msrest/0.5.4
          msrest_azure/0.4.34 computemanagementclient/4.0.0rc2 Azure-SDK-For-Python
          AZURECLI/2.0.43]
    method: GET
    uri: https://management.azure.com/subscriptions/00000000-0000-0000-0000-000000000000/providers/Microsoft.Compute/locations/westus/operations/6c22e15d-aa6d-49b2-b64d-fc99e30e47f1?api-version=2017-03-30
  response:
    body: {string: "{\r\n  \"startTime\": \"2018-07-21T01:03:34.1944535+00:00\",\r\
        \n  \"status\": \"InProgress\",\r\n  \"name\": \"6c22e15d-aa6d-49b2-b64d-fc99e30e47f1\"\
        \r\n}"}
    headers:
      cache-control: [no-cache]
      content-length: ['134']
      content-type: [application/json; charset=utf-8]
      date: ['Sat, 21 Jul 2018 01:04:51 GMT']
      expires: ['-1']
      pragma: [no-cache]
      server: [Microsoft-HTTPAPI/2.0, Microsoft-HTTPAPI/2.0]
      strict-transport-security: [max-age=31536000; includeSubDomains]
      transfer-encoding: [chunked]
      vary: [Accept-Encoding]
      x-content-type-options: [nosniff]
      x-ms-ratelimit-remaining-resource: ['Microsoft.Compute/GetOperation3Min;14990,Microsoft.Compute/GetOperation30Min;29852']
    status: {code: 200, message: OK}
- request:
    body: null
    headers:
      Accept: [application/json]
      Accept-Encoding: ['gzip, deflate']
      CommandName: [vm deallocate]
      Connection: [keep-alive]
      User-Agent: [python/3.5.2 (Windows-10-10.0.17134-SP0) requests/2.19.1 msrest/0.5.4
          msrest_azure/0.4.34 computemanagementclient/4.0.0rc2 Azure-SDK-For-Python
          AZURECLI/2.0.43]
    method: GET
    uri: https://management.azure.com/subscriptions/00000000-0000-0000-0000-000000000000/providers/Microsoft.Compute/locations/westus/operations/6c22e15d-aa6d-49b2-b64d-fc99e30e47f1?api-version=2017-03-30
  response:
    body: {string: "{\r\n  \"startTime\": \"2018-07-21T01:03:34.1944535+00:00\",\r\
        \n  \"endTime\": \"2018-07-21T01:04:56.5921047+00:00\",\r\n  \"status\": \"\
        Succeeded\",\r\n  \"name\": \"6c22e15d-aa6d-49b2-b64d-fc99e30e47f1\"\r\n}"}
    headers:
      cache-control: [no-cache]
      content-length: ['184']
      content-type: [application/json; charset=utf-8]
      date: ['Sat, 21 Jul 2018 01:05:21 GMT']
      expires: ['-1']
      pragma: [no-cache]
      server: [Microsoft-HTTPAPI/2.0, Microsoft-HTTPAPI/2.0]
      strict-transport-security: [max-age=31536000; includeSubDomains]
      transfer-encoding: [chunked]
      vary: [Accept-Encoding]
      x-content-type-options: [nosniff]
      x-ms-ratelimit-remaining-resource: ['Microsoft.Compute/GetOperation3Min;14991,Microsoft.Compute/GetOperation30Min;29895']
    status: {code: 200, message: OK}
- request:
    body: null
    headers:
      Accept: [application/json]
      Accept-Encoding: ['gzip, deflate']
      CommandName: [vm generalize]
      Connection: [keep-alive]
      Content-Length: ['0']
      Content-Type: [application/json; charset=utf-8]
      User-Agent: [python/3.5.2 (Windows-10-10.0.17134-SP0) requests/2.19.1 msrest/0.5.4
          msrest_azure/0.4.34 computemanagementclient/4.0.0rc2 Azure-SDK-For-Python
          AZURECLI/2.0.43]
      accept-language: [en-US]
    method: POST
    uri: https://management.azure.com/subscriptions/00000000-0000-0000-0000-000000000000/resourceGroups/clitest.rg000001/providers/Microsoft.Compute/virtualMachines/vm1/generalize?api-version=2017-03-30
  response:
    body: {string: ''}
    headers:
      cache-control: [no-cache]
      content-length: ['0']
      date: ['Sat, 21 Jul 2018 01:05:22 GMT']
      expires: ['-1']
      pragma: [no-cache]
      server: [Microsoft-HTTPAPI/2.0, Microsoft-HTTPAPI/2.0]
      strict-transport-security: [max-age=31536000; includeSubDomains]
      x-content-type-options: [nosniff]
      x-ms-ratelimit-remaining-resource: ['Microsoft.Compute/UpdateVM3Min;239,Microsoft.Compute/UpdateVM30Min;1197']
      x-ms-ratelimit-remaining-subscription-writes: ['1198']
    status: {code: 200, message: OK}
- request:
    body: null
    headers:
      Accept: [application/json]
      Accept-Encoding: ['gzip, deflate']
      CommandName: [image create]
      Connection: [keep-alive]
      Content-Type: [application/json; charset=utf-8]
      User-Agent: [python/3.5.2 (Windows-10-10.0.17134-SP0) requests/2.19.1 msrest/0.5.4
          msrest_azure/0.4.34 computemanagementclient/4.0.0rc2 Azure-SDK-For-Python
          AZURECLI/2.0.43]
      accept-language: [en-US]
    method: GET
    uri: https://management.azure.com/subscriptions/00000000-0000-0000-0000-000000000000/resourceGroups/clitest.rg000001/providers/Microsoft.Compute/virtualMachines/vm1?api-version=2017-03-30
  response:
    body: {string: "{\r\n  \"properties\": {\r\n    \"vmId\": \"6dcf9950-661d-4745-95d0-80503c48510e\"\
        ,\r\n    \"hardwareProfile\": {\r\n      \"vmSize\": \"Standard_DS1_v2\"\r\
        \n    },\r\n    \"storageProfile\": {\r\n      \"imageReference\": {\r\n \
        \       \"publisher\": \"microsoft-ads\",\r\n        \"offer\": \"linux-data-science-vm-ubuntu\"\
        ,\r\n        \"sku\": \"linuxdsvmubuntu\",\r\n        \"version\": \"latest\"\
        \r\n      },\r\n      \"osDisk\": {\r\n        \"osType\": \"Linux\",\r\n\
        \        \"name\": \"vm1_OsDisk_1_25e951b8e0d141a1b130e056d157fb14\",\r\n\
        \        \"createOption\": \"FromImage\",\r\n        \"caching\": \"ReadWrite\"\
        ,\r\n        \"managedDisk\": {\r\n          \"id\": \"/subscriptions/00000000-0000-0000-0000-000000000000/resourceGroups/clitest.rg000001/providers/Microsoft.Compute/disks/vm1_OsDisk_1_25e951b8e0d141a1b130e056d157fb14\"\
        \r\n        }\r\n      },\r\n      \"dataDisks\": [\r\n        {\r\n     \
        \     \"lun\": 0,\r\n          \"name\": \"vm1_lun_0_2_d8e9432107b143568f6aca1948f210af\"\
        ,\r\n          \"createOption\": \"FromImage\",\r\n          \"caching\":\
        \ \"None\",\r\n          \"managedDisk\": {\r\n            \"id\": \"/subscriptions/00000000-0000-0000-0000-000000000000/resourceGroups/clitest.rg000001/providers/Microsoft.Compute/disks/vm1_lun_0_2_d8e9432107b143568f6aca1948f210af\"\
        \r\n          }\r\n        }\r\n      ]\r\n    },\r\n    \"osProfile\": {\r\
        \n      \"computerName\": \"vm1\",\r\n      \"adminUsername\": \"sdk-test-admin\"\
        ,\r\n      \"linuxConfiguration\": {\r\n        \"disablePasswordAuthentication\"\
        : false\r\n      },\r\n      \"secrets\": []\r\n    },\r\n    \"networkProfile\"\
        : {\"networkInterfaces\":[{\"id\":\"/subscriptions/00000000-0000-0000-0000-000000000000/resourceGroups/clitest.rg000001/providers/Microsoft.Network/networkInterfaces/vm1VMNic\"\
        }]},\r\n    \"provisioningState\": \"Succeeded\"\r\n  },\r\n  \"type\": \"\
        Microsoft.Compute/virtualMachines\",\r\n  \"location\": \"westus\",\r\n  \"\
        tags\": {},\r\n  \"plan\": {\r\n    \"name\": \"linuxdsvmubuntu\",\r\n   \
        \ \"publisher\": \"microsoft-ads\",\r\n    \"product\": \"linux-data-science-vm-ubuntu\"\
        \r\n  },\r\n  \"id\": \"/subscriptions/00000000-0000-0000-0000-000000000000/resourceGroups/clitest.rg000001/providers/Microsoft.Compute/virtualMachines/vm1\"\
        ,\r\n  \"name\": \"vm1\"\r\n}"}
    headers:
      cache-control: [no-cache]
      content-length: ['2286']
      content-type: [application/json; charset=utf-8]
      date: ['Sat, 21 Jul 2018 01:05:23 GMT']
      expires: ['-1']
      pragma: [no-cache]
      server: [Microsoft-HTTPAPI/2.0, Microsoft-HTTPAPI/2.0]
      strict-transport-security: [max-age=31536000; includeSubDomains]
      transfer-encoding: [chunked]
      vary: [Accept-Encoding]
      x-content-type-options: [nosniff]
      x-ms-ratelimit-remaining-resource: ['Microsoft.Compute/LowCostGet3Min;4198,Microsoft.Compute/LowCostGet30Min;33511']
    status: {code: 200, message: OK}
- request:
    body: null
    headers:
      Accept: [application/json]
      Accept-Encoding: ['gzip, deflate']
      CommandName: [image create]
      Connection: [keep-alive]
      Content-Type: [application/json; charset=utf-8]
      User-Agent: [python/3.5.2 (Windows-10-10.0.17134-SP0) requests/2.19.1 msrest/0.5.4
          msrest_azure/0.4.34 resourcemanagementclient/2.0.0rc2 Azure-SDK-For-Python
          AZURECLI/2.0.43]
      accept-language: [en-US]
    method: GET
    uri: https://management.azure.com/subscriptions/00000000-0000-0000-0000-000000000000/resourcegroups/clitest.rg000001?api-version=2018-02-01
  response:
    body: {string: '{"id":"/subscriptions/00000000-0000-0000-0000-000000000000/resourceGroups/clitest.rg000001","name":"clitest.rg000001","location":"westus","tags":{"date":"2018-07-21T00:58:57Z","product":"azurecli","cause":"automation"},"properties":{"provisioningState":"Succeeded"}}'}
    headers:
      cache-control: [no-cache]
      content-length: ['384']
      content-type: [application/json; charset=utf-8]
      date: ['Sat, 21 Jul 2018 01:05:23 GMT']
      expires: ['-1']
      pragma: [no-cache]
      strict-transport-security: [max-age=31536000; includeSubDomains]
      vary: [Accept-Encoding]
      x-content-type-options: [nosniff]
    status: {code: 200, message: OK}
- request:
    body: 'b''{"properties": {"sourceVirtualMachine": {"id": "/subscriptions/00000000-0000-0000-0000-000000000000/resourceGroups/clitest.rg000001/providers/Microsoft.Compute/virtualMachines/vm1"}},
      "tags": {}, "location": "westus"}'''
    headers:
      Accept: [application/json]
      Accept-Encoding: ['gzip, deflate']
      CommandName: [image create]
      Connection: [keep-alive]
      Content-Length: ['276']
      Content-Type: [application/json; charset=utf-8]
      User-Agent: [python/3.5.2 (Windows-10-10.0.17134-SP0) requests/2.19.1 msrest/0.5.4
          msrest_azure/0.4.34 computemanagementclient/4.0.0rc2 Azure-SDK-For-Python
          AZURECLI/2.0.43]
      accept-language: [en-US]
    method: PUT
    uri: https://management.azure.com/subscriptions/00000000-0000-0000-0000-000000000000/resourceGroups/clitest.rg000001/providers/Microsoft.Compute/images/image1?api-version=2017-03-30
  response:
    body: {string: "{\r\n  \"properties\": {\r\n    \"sourceVirtualMachine\": {\r\n\
        \      \"id\": \"/subscriptions/00000000-0000-0000-0000-000000000000/resourceGroups/clitest.rg000001/providers/Microsoft.Compute/virtualMachines/vm1\"\
        \r\n    },\r\n    \"storageProfile\": {\r\n      \"osDisk\": {\r\n       \
        \ \"osType\": \"Linux\",\r\n        \"osState\": \"Generalized\",\r\n    \
        \    \"managedDisk\": {\r\n          \"id\": \"/subscriptions/00000000-0000-0000-0000-000000000000/resourceGroups/clitest.rg000001/providers/Microsoft.Compute/disks/vm1_OsDisk_1_25e951b8e0d141a1b130e056d157fb14\"\
        \r\n        },\r\n        \"caching\": \"ReadWrite\",\r\n        \"storageAccountType\"\
        : \"Standard_LRS\"\r\n      },\r\n      \"dataDisks\": [\r\n        {\r\n\
        \          \"lun\": 0,\r\n          \"managedDisk\": {\r\n            \"id\"\
        : \"/subscriptions/00000000-0000-0000-0000-000000000000/resourceGroups/clitest.rg000001/providers/Microsoft.Compute/disks/vm1_lun_0_2_d8e9432107b143568f6aca1948f210af\"\
        \r\n          },\r\n          \"caching\": \"None\",\r\n          \"storageAccountType\"\
        : \"Standard_LRS\"\r\n        }\r\n      ]\r\n    },\r\n    \"provisioningState\"\
        : \"Creating\"\r\n  },\r\n  \"type\": \"Microsoft.Compute/images\",\r\n  \"\
        location\": \"westus\",\r\n  \"tags\": {},\r\n  \"id\": \"/subscriptions/00000000-0000-0000-0000-000000000000/resourceGroups/clitest.rg000001/providers/Microsoft.Compute/images/image1\"\
        ,\r\n  \"name\": \"image1\"\r\n}"}
    headers:
      azure-asyncoperation: ['https://management.azure.com/subscriptions/00000000-0000-0000-0000-000000000000/providers/Microsoft.Compute/locations/westus/operations/b93ff884-8d0d-4635-a488-457bb98a488c?api-version=2017-03-30']
      cache-control: [no-cache]
      content-length: ['1528']
      content-type: [application/json; charset=utf-8]
      date: ['Sat, 21 Jul 2018 01:05:24 GMT']
      expires: ['-1']
      pragma: [no-cache]
      server: [Microsoft-HTTPAPI/2.0, Microsoft-HTTPAPI/2.0]
      strict-transport-security: [max-age=31536000; includeSubDomains]
      x-content-type-options: [nosniff]
      x-ms-ratelimit-remaining-resource: ['Microsoft.Compute/CreateImages3Min;39,Microsoft.Compute/CreateImages30Min;199']
      x-ms-ratelimit-remaining-subscription-writes: ['1199']
    status: {code: 201, message: Created}
- request:
    body: null
    headers:
      Accept: [application/json]
      Accept-Encoding: ['gzip, deflate']
      CommandName: [image create]
      Connection: [keep-alive]
      User-Agent: [python/3.5.2 (Windows-10-10.0.17134-SP0) requests/2.19.1 msrest/0.5.4
          msrest_azure/0.4.34 computemanagementclient/4.0.0rc2 Azure-SDK-For-Python
          AZURECLI/2.0.43]
    method: GET
    uri: https://management.azure.com/subscriptions/00000000-0000-0000-0000-000000000000/providers/Microsoft.Compute/locations/westus/operations/b93ff884-8d0d-4635-a488-457bb98a488c?api-version=2017-03-30
  response:
    body: {string: "{\r\n  \"startTime\": \"2018-07-21T01:05:25.1895802+00:00\",\r\
        \n  \"endTime\": \"2018-07-21T01:05:40.4510204+00:00\",\r\n  \"status\": \"\
        Succeeded\",\r\n  \"name\": \"b93ff884-8d0d-4635-a488-457bb98a488c\"\r\n}"}
    headers:
      cache-control: [no-cache]
      content-length: ['184']
      content-type: [application/json; charset=utf-8]
      date: ['Sat, 21 Jul 2018 01:05:55 GMT']
      expires: ['-1']
      pragma: [no-cache]
      server: [Microsoft-HTTPAPI/2.0, Microsoft-HTTPAPI/2.0]
      strict-transport-security: [max-age=31536000; includeSubDomains]
      transfer-encoding: [chunked]
      vary: [Accept-Encoding]
      x-content-type-options: [nosniff]
      x-ms-ratelimit-remaining-resource: ['Microsoft.Compute/GetOperation3Min;14989,Microsoft.Compute/GetOperation30Min;29893']
    status: {code: 200, message: OK}
- request:
    body: null
    headers:
      Accept: [application/json]
      Accept-Encoding: ['gzip, deflate']
      CommandName: [image create]
      Connection: [keep-alive]
      User-Agent: [python/3.5.2 (Windows-10-10.0.17134-SP0) requests/2.19.1 msrest/0.5.4
          msrest_azure/0.4.34 computemanagementclient/4.0.0rc2 Azure-SDK-For-Python
          AZURECLI/2.0.43]
    method: GET
    uri: https://management.azure.com/subscriptions/00000000-0000-0000-0000-000000000000/resourceGroups/clitest.rg000001/providers/Microsoft.Compute/images/image1?api-version=2017-03-30
  response:
    body: {string: "{\r\n  \"properties\": {\r\n    \"sourceVirtualMachine\": {\r\n\
        \      \"id\": \"/subscriptions/00000000-0000-0000-0000-000000000000/resourceGroups/clitest.rg000001/providers/Microsoft.Compute/virtualMachines/vm1\"\
        \r\n    },\r\n    \"storageProfile\": {\r\n      \"osDisk\": {\r\n       \
        \ \"osType\": \"Linux\",\r\n        \"osState\": \"Generalized\",\r\n    \
        \    \"diskSizeGB\": 50,\r\n        \"managedDisk\": {\r\n          \"id\"\
        : \"/subscriptions/00000000-0000-0000-0000-000000000000/resourceGroups/clitest.rg000001/providers/Microsoft.Compute/disks/vm1_OsDisk_1_25e951b8e0d141a1b130e056d157fb14\"\
        \r\n        },\r\n        \"caching\": \"ReadWrite\",\r\n        \"storageAccountType\"\
        : \"Standard_LRS\"\r\n      },\r\n      \"dataDisks\": [\r\n        {\r\n\
        \          \"lun\": 0,\r\n          \"diskSizeGB\": 100,\r\n          \"managedDisk\"\
        : {\r\n            \"id\": \"/subscriptions/00000000-0000-0000-0000-000000000000/resourceGroups/clitest.rg000001/providers/Microsoft.Compute/disks/vm1_lun_0_2_d8e9432107b143568f6aca1948f210af\"\
        \r\n          },\r\n          \"caching\": \"None\",\r\n          \"storageAccountType\"\
        : \"Standard_LRS\"\r\n        }\r\n      ]\r\n    },\r\n    \"provisioningState\"\
        : \"Succeeded\"\r\n  },\r\n  \"type\": \"Microsoft.Compute/images\",\r\n \
        \ \"location\": \"westus\",\r\n  \"tags\": {},\r\n  \"id\": \"/subscriptions/00000000-0000-0000-0000-000000000000/resourceGroups/clitest.rg000001/providers/Microsoft.Compute/images/image1\"\
        ,\r\n  \"name\": \"image1\"\r\n}"}
    headers:
      cache-control: [no-cache]
      content-length: ['1586']
      content-type: [application/json; charset=utf-8]
      date: ['Sat, 21 Jul 2018 01:05:55 GMT']
      expires: ['-1']
      pragma: [no-cache]
      server: [Microsoft-HTTPAPI/2.0, Microsoft-HTTPAPI/2.0]
      strict-transport-security: [max-age=31536000; includeSubDomains]
      transfer-encoding: [chunked]
      vary: [Accept-Encoding]
      x-content-type-options: [nosniff]
      x-ms-ratelimit-remaining-resource: ['Microsoft.Compute/GetImages3Min;357,Microsoft.Compute/GetImages30Min;1796']
    status: {code: 200, message: OK}
- request:
    body: null
    headers:
      Accept: [application/json]
      Accept-Encoding: ['gzip, deflate']
      CommandName: [vm create]
      Connection: [keep-alive]
      Content-Type: [application/json; charset=utf-8]
      User-Agent: [python/3.5.2 (Windows-10-10.0.17134-SP0) requests/2.19.1 msrest/0.5.4
          msrest_azure/0.4.34 resourcemanagementclient/2.0.0rc2 Azure-SDK-For-Python
          AZURECLI/2.0.43]
      accept-language: [en-US]
    method: GET
    uri: https://management.azure.com/subscriptions/00000000-0000-0000-0000-000000000000/resourcegroups/clitest.rg000001?api-version=2018-02-01
  response:
    body: {string: '{"id":"/subscriptions/00000000-0000-0000-0000-000000000000/resourceGroups/clitest.rg000001","name":"clitest.rg000001","location":"westus","tags":{"date":"2018-07-21T00:58:57Z","product":"azurecli","cause":"automation"},"properties":{"provisioningState":"Succeeded"}}'}
    headers:
      cache-control: [no-cache]
      content-length: ['384']
      content-type: [application/json; charset=utf-8]
      date: ['Sat, 21 Jul 2018 01:05:57 GMT']
      expires: ['-1']
      pragma: [no-cache]
      strict-transport-security: [max-age=31536000; includeSubDomains]
      vary: [Accept-Encoding]
      x-content-type-options: [nosniff]
    status: {code: 200, message: OK}
- request:
    body: null
    headers:
      Accept: ['*/*']
      Accept-Encoding: ['gzip, deflate']
      Connection: [keep-alive]
      User-Agent: [python-requests/2.19.1]
    method: GET
    uri: https://raw.githubusercontent.com/Azure/azure-rest-api-specs/master/arm-compute/quickstart-templates/aliases.json
  response:
    body: {string: "{\n  \"$schema\":\"http://schema.management.azure.com/schemas/2015-01-01/deploymentTemplate.json\"\
        ,\n  \"contentVersion\":\"1.0.0.0\",\n  \"parameters\":{},\n  \"variables\"\
        :{},\n  \"resources\":[],\n\n  \"outputs\":{\n    \"aliases\":{\n      \"\
        type\":\"object\",\n      \"value\":{\n\n        \"Linux\":{\n          \"\
        CentOS\":{\n            \"publisher\":\"OpenLogic\",\n            \"offer\"\
        :\"CentOS\",\n            \"sku\":\"7.3\",\n            \"version\":\"latest\"\
        \n          },\n          \"CoreOS\":{\n            \"publisher\":\"CoreOS\"\
        ,\n            \"offer\":\"CoreOS\",\n            \"sku\":\"Stable\",\n  \
        \          \"version\":\"latest\"\n          },\n          \"Debian\":{\n\
        \            \"publisher\":\"credativ\",\n            \"offer\":\"Debian\"\
        ,\n            \"sku\":\"8\",\n            \"version\":\"latest\"\n      \
        \    },\n          \"openSUSE-Leap\": {\n            \"publisher\":\"SUSE\"\
        ,\n            \"offer\":\"openSUSE-Leap\",\n            \"sku\":\"42.3\"\
        ,\n            \"version\": \"latest\"\n          },\n          \"RHEL\":{\n\
        \            \"publisher\":\"RedHat\",\n            \"offer\":\"RHEL\",\n\
        \            \"sku\":\"7.3\",\n            \"version\":\"latest\"\n      \
        \    },\n          \"SLES\":{\n            \"publisher\":\"SUSE\",\n     \
        \       \"offer\":\"SLES\",\n            \"sku\":\"12-SP2\",\n           \
        \ \"version\":\"latest\"\n          },\n          \"UbuntuLTS\":{\n      \
        \      \"publisher\":\"Canonical\",\n            \"offer\":\"UbuntuServer\"\
        ,\n            \"sku\":\"16.04-LTS\",\n            \"version\":\"latest\"\n\
        \          }\n        },\n\n        \"Windows\":{\n          \"Win2016Datacenter\"\
        :{\n            \"publisher\":\"MicrosoftWindowsServer\",\n            \"\
        offer\":\"WindowsServer\",\n            \"sku\":\"2016-Datacenter\",\n   \
        \         \"version\":\"latest\"\n          },\n          \"Win2012R2Datacenter\"\
        :{\n            \"publisher\":\"MicrosoftWindowsServer\",\n            \"\
        offer\":\"WindowsServer\",\n            \"sku\":\"2012-R2-Datacenter\",\n\
        \            \"version\":\"latest\"\n          },\n          \"Win2012Datacenter\"\
        :{\n            \"publisher\":\"MicrosoftWindowsServer\",\n            \"\
        offer\":\"WindowsServer\",\n            \"sku\":\"2012-Datacenter\",\n   \
        \         \"version\":\"latest\"\n          },\n          \"Win2008R2SP1\"\
        :{\n            \"publisher\":\"MicrosoftWindowsServer\",\n            \"\
        offer\":\"WindowsServer\",\n            \"sku\":\"2008-R2-SP1\",\n       \
        \     \"version\":\"latest\"\n          }\n        }\n      }\n    }\n  }\n\
        }\n"}
    headers:
      accept-ranges: [bytes]
      access-control-allow-origin: ['*']
      cache-control: [max-age=300]
      connection: [keep-alive]
      content-length: ['2235']
      content-security-policy: [default-src 'none'; style-src 'unsafe-inline'; sandbox]
      content-type: [text/plain; charset=utf-8]
      date: ['Sat, 21 Jul 2018 01:05:57 GMT']
      etag: ['"60d07919b4224266adafb81340896eea100dc887"']
      expires: ['Sat, 21 Jul 2018 01:10:57 GMT']
      source-age: ['0']
      strict-transport-security: [max-age=31536000]
      vary: ['Authorization,Accept-Encoding']
      via: [1.1 varnish]
      x-cache: [MISS]
      x-cache-hits: ['0']
      x-content-type-options: [nosniff]
      x-fastly-request-id: [e5b8e846f15ba5a5fde32c1be535fd294d393a1f]
      x-frame-options: [deny]
      x-geo-block-list: ['']
      x-github-request-id: ['F3B8:4C90:FC2E3:1123EC:5B5286F4']
      x-served-by: [cache-dfw18631-DFW]
      x-timer: ['S1532135157.499884,VS0,VE71']
      x-xss-protection: [1; mode=block]
    status: {code: 200, message: OK}
- request:
    body: null
    headers:
      Accept: [application/json]
      Accept-Encoding: ['gzip, deflate']
      CommandName: [vm create]
      Connection: [keep-alive]
      Content-Type: [application/json; charset=utf-8]
      User-Agent: [python/3.5.2 (Windows-10-10.0.17134-SP0) requests/2.19.1 msrest/0.5.4
          msrest_azure/0.4.34 computemanagementclient/4.0.0rc2 Azure-SDK-For-Python
          AZURECLI/2.0.43]
      accept-language: [en-US]
    method: GET
    uri: https://management.azure.com/subscriptions/00000000-0000-0000-0000-000000000000/resourceGroups/clitest.rg000001/providers/Microsoft.Compute/images/image1?api-version=2017-03-30
  response:
    body: {string: "{\r\n  \"properties\": {\r\n    \"sourceVirtualMachine\": {\r\n\
        \      \"id\": \"/subscriptions/00000000-0000-0000-0000-000000000000/resourceGroups/clitest.rg000001/providers/Microsoft.Compute/virtualMachines/vm1\"\
        \r\n    },\r\n    \"storageProfile\": {\r\n      \"osDisk\": {\r\n       \
        \ \"osType\": \"Linux\",\r\n        \"osState\": \"Generalized\",\r\n    \
        \    \"diskSizeGB\": 50,\r\n        \"managedDisk\": {\r\n          \"id\"\
        : \"/subscriptions/00000000-0000-0000-0000-000000000000/resourceGroups/clitest.rg000001/providers/Microsoft.Compute/disks/vm1_OsDisk_1_25e951b8e0d141a1b130e056d157fb14\"\
        \r\n        },\r\n        \"caching\": \"ReadWrite\",\r\n        \"storageAccountType\"\
        : \"Standard_LRS\"\r\n      },\r\n      \"dataDisks\": [\r\n        {\r\n\
        \          \"lun\": 0,\r\n          \"diskSizeGB\": 100,\r\n          \"managedDisk\"\
        : {\r\n            \"id\": \"/subscriptions/00000000-0000-0000-0000-000000000000/resourceGroups/clitest.rg000001/providers/Microsoft.Compute/disks/vm1_lun_0_2_d8e9432107b143568f6aca1948f210af\"\
        \r\n          },\r\n          \"caching\": \"None\",\r\n          \"storageAccountType\"\
        : \"Standard_LRS\"\r\n        }\r\n      ]\r\n    },\r\n    \"provisioningState\"\
        : \"Succeeded\"\r\n  },\r\n  \"type\": \"Microsoft.Compute/images\",\r\n \
        \ \"location\": \"westus\",\r\n  \"tags\": {},\r\n  \"id\": \"/subscriptions/00000000-0000-0000-0000-000000000000/resourceGroups/clitest.rg000001/providers/Microsoft.Compute/images/image1\"\
        ,\r\n  \"name\": \"image1\"\r\n}"}
    headers:
      cache-control: [no-cache]
      content-length: ['1586']
      content-type: [application/json; charset=utf-8]
      date: ['Sat, 21 Jul 2018 01:05:57 GMT']
      expires: ['-1']
      pragma: [no-cache]
      server: [Microsoft-HTTPAPI/2.0, Microsoft-HTTPAPI/2.0]
      strict-transport-security: [max-age=31536000; includeSubDomains]
      transfer-encoding: [chunked]
      vary: [Accept-Encoding]
      x-content-type-options: [nosniff]
      x-ms-ratelimit-remaining-resource: ['Microsoft.Compute/GetImages3Min;356,Microsoft.Compute/GetImages30Min;1795']
    status: {code: 200, message: OK}
- request:
    body: null
    headers:
      Accept: [application/json]
      Accept-Encoding: ['gzip, deflate']
      CommandName: [vm create]
      Connection: [keep-alive]
      Content-Type: [application/json; charset=utf-8]
      User-Agent: [python/3.5.2 (Windows-10-10.0.17134-SP0) requests/2.19.1 msrest/0.5.4
          msrest_azure/0.4.34 computemanagementclient/4.0.0rc2 Azure-SDK-For-Python
          AZURECLI/2.0.43]
      accept-language: [en-US]
    method: GET
    uri: https://management.azure.com/subscriptions/00000000-0000-0000-0000-000000000000/resourceGroups/clitest.rg000001/providers/Microsoft.Compute/images/image1?api-version=2017-03-30
  response:
    body: {string: "{\r\n  \"properties\": {\r\n    \"sourceVirtualMachine\": {\r\n\
        \      \"id\": \"/subscriptions/00000000-0000-0000-0000-000000000000/resourceGroups/clitest.rg000001/providers/Microsoft.Compute/virtualMachines/vm1\"\
        \r\n    },\r\n    \"storageProfile\": {\r\n      \"osDisk\": {\r\n       \
        \ \"osType\": \"Linux\",\r\n        \"osState\": \"Generalized\",\r\n    \
        \    \"diskSizeGB\": 50,\r\n        \"managedDisk\": {\r\n          \"id\"\
        : \"/subscriptions/00000000-0000-0000-0000-000000000000/resourceGroups/clitest.rg000001/providers/Microsoft.Compute/disks/vm1_OsDisk_1_25e951b8e0d141a1b130e056d157fb14\"\
        \r\n        },\r\n        \"caching\": \"ReadWrite\",\r\n        \"storageAccountType\"\
        : \"Standard_LRS\"\r\n      },\r\n      \"dataDisks\": [\r\n        {\r\n\
        \          \"lun\": 0,\r\n          \"diskSizeGB\": 100,\r\n          \"managedDisk\"\
        : {\r\n            \"id\": \"/subscriptions/00000000-0000-0000-0000-000000000000/resourceGroups/clitest.rg000001/providers/Microsoft.Compute/disks/vm1_lun_0_2_d8e9432107b143568f6aca1948f210af\"\
        \r\n          },\r\n          \"caching\": \"None\",\r\n          \"storageAccountType\"\
        : \"Standard_LRS\"\r\n        }\r\n      ]\r\n    },\r\n    \"provisioningState\"\
        : \"Succeeded\"\r\n  },\r\n  \"type\": \"Microsoft.Compute/images\",\r\n \
        \ \"location\": \"westus\",\r\n  \"tags\": {},\r\n  \"id\": \"/subscriptions/00000000-0000-0000-0000-000000000000/resourceGroups/clitest.rg000001/providers/Microsoft.Compute/images/image1\"\
        ,\r\n  \"name\": \"image1\"\r\n}"}
    headers:
      cache-control: [no-cache]
      content-length: ['1586']
      content-type: [application/json; charset=utf-8]
      date: ['Sat, 21 Jul 2018 01:05:57 GMT']
      expires: ['-1']
      pragma: [no-cache]
      server: [Microsoft-HTTPAPI/2.0, Microsoft-HTTPAPI/2.0]
      strict-transport-security: [max-age=31536000; includeSubDomains]
      transfer-encoding: [chunked]
      vary: [Accept-Encoding]
      x-content-type-options: [nosniff]
      x-ms-ratelimit-remaining-resource: ['Microsoft.Compute/GetImages3Min;355,Microsoft.Compute/GetImages30Min;1794']
    status: {code: 200, message: OK}
- request:
    body: null
    headers:
      Accept: [application/json]
      Accept-Encoding: ['gzip, deflate']
      CommandName: [vm create]
      Connection: [keep-alive]
      Content-Type: [application/json; charset=utf-8]
      User-Agent: [python/3.5.2 (Windows-10-10.0.17134-SP0) requests/2.19.1 msrest/0.5.4
          msrest_azure/0.4.34 networkmanagementclient/2.0.0rc3 Azure-SDK-For-Python
          AZURECLI/2.0.43]
      accept-language: [en-US]
    method: GET
    uri: https://management.azure.com/subscriptions/00000000-0000-0000-0000-000000000000/resourceGroups/clitest.rg000001/providers/Microsoft.Network/virtualNetworks?api-version=2017-10-01
  response:
    body: {string: "{\r\n  \"value\": [\r\n    {\r\n      \"name\": \"vm1VNET\",\r\
        \n      \"id\": \"/subscriptions/00000000-0000-0000-0000-000000000000/resourceGroups/clitest.rg000001/providers/Microsoft.Network/virtualNetworks/vm1VNET\"\
        ,\r\n      \"etag\": \"W/\\\"6361b5f6-7f28-4c43-9f33-5e779b726512\\\"\",\r\
        \n      \"type\": \"Microsoft.Network/virtualNetworks\",\r\n      \"location\"\
        : \"westus\",\r\n      \"tags\": {},\r\n      \"properties\": {\r\n      \
        \  \"provisioningState\": \"Succeeded\",\r\n        \"resourceGuid\": \"c044e9b0-cfb6-4621-82e6-4eeead63d05c\"\
        ,\r\n        \"addressSpace\": {\r\n          \"addressPrefixes\": [\r\n \
        \           \"10.0.0.0/16\"\r\n          ]\r\n        },\r\n        \"subnets\"\
        : [\r\n          {\r\n            \"name\": \"vm1Subnet\",\r\n           \
        \ \"id\": \"/subscriptions/00000000-0000-0000-0000-000000000000/resourceGroups/clitest.rg000001/providers/Microsoft.Network/virtualNetworks/vm1VNET/subnets/vm1Subnet\"\
        ,\r\n            \"etag\": \"W/\\\"6361b5f6-7f28-4c43-9f33-5e779b726512\\\"\
        \",\r\n            \"properties\": {\r\n              \"provisioningState\"\
        : \"Succeeded\",\r\n              \"addressPrefix\": \"10.0.0.0/24\",\r\n\
        \              \"ipConfigurations\": [\r\n                {\r\n          \
        \        \"id\": \"/subscriptions/00000000-0000-0000-0000-000000000000/resourceGroups/clitest.rg000001/providers/Microsoft.Network/networkInterfaces/vm1VMNic/ipConfigurations/ipconfigvm1\"\
        \r\n                }\r\n              ]\r\n            }\r\n          }\r\
        \n        ],\r\n        \"virtualNetworkPeerings\": [],\r\n        \"enableDdosProtection\"\
        : false,\r\n        \"enableVmProtection\": false\r\n      }\r\n    }\r\n\
        \  ]\r\n}"}
    headers:
      cache-control: [no-cache]
      content-length: ['1684']
      content-type: [application/json; charset=utf-8]
      date: ['Sat, 21 Jul 2018 01:05:58 GMT']
      expires: ['-1']
      pragma: [no-cache]
      server: [Microsoft-HTTPAPI/2.0, Microsoft-HTTPAPI/2.0]
      strict-transport-security: [max-age=31536000; includeSubDomains]
      transfer-encoding: [chunked]
      vary: [Accept-Encoding]
      x-content-type-options: [nosniff]
    status: {code: 200, message: OK}
- request:
    body: 'b''{"properties": {"parameters": {"adminPassword": {"value": "testPassword0"}},
      "mode": "Incremental", "template": {"$schema": "https://schema.management.azure.com/schemas/2015-01-01/deploymentTemplate.json#",
      "variables": {}, "outputs": {}, "resources": [{"properties": {"securityRules":
      [{"properties": {"direction": "Inbound", "priority": 1000, "protocol": "Tcp",
      "destinationAddressPrefix": "*", "sourceAddressPrefix": "*", "sourcePortRange":
      "*", "destinationPortRange": "22", "access": "Allow"}, "name": "default-allow-ssh"}]},
      "dependsOn": [], "type": "Microsoft.Network/networkSecurityGroups", "name":
      "vm2NSG", "apiVersion": "2015-06-15", "tags": {}, "location": "westus"}, {"properties":
      {"publicIPAllocationMethod": null}, "dependsOn": [], "type": "Microsoft.Network/publicIPAddresses",
      "name": "vm2PublicIP", "apiVersion": "2017-10-01", "tags": {}, "location": "westus"},
      {"properties": {"networkSecurityGroup": {"id": "/subscriptions/00000000-0000-0000-0000-000000000000/resourceGroups/clitest.rg000001/providers/Microsoft.Network/networkSecurityGroups/vm2NSG"},
      "ipConfigurations": [{"properties": {"publicIPAddress": {"id": "/subscriptions/00000000-0000-0000-0000-000000000000/resourceGroups/clitest.rg000001/providers/Microsoft.Network/publicIPAddresses/vm2PublicIP"},
      "privateIPAllocationMethod": "Dynamic", "subnet": {"id": "/subscriptions/00000000-0000-0000-0000-000000000000/resourceGroups/clitest.rg000001/providers/Microsoft.Network/virtualNetworks/vm1VNET/subnets/vm1Subnet"}},
      "name": "ipconfigvm2"}]}, "dependsOn": ["Microsoft.Network/networkSecurityGroups/vm2NSG",
      "Microsoft.Network/publicIpAddresses/vm2PublicIP"], "type": "Microsoft.Network/networkInterfaces",
      "name": "vm2VMNic", "apiVersion": "2015-06-15", "tags": {}, "location": "westus"},
      {"properties": {"osProfile": {"adminUsername": "sdk-test-admin", "adminPassword":
      "[parameters(\''adminPassword\'')]", "computerName": "vm2"}, "networkProfile":
      {"networkInterfaces": [{"id": "/subscriptions/00000000-0000-0000-0000-000000000000/resourceGroups/clitest.rg000001/providers/Microsoft.Network/networkInterfaces/vm2VMNic"}]},
      "storageProfile": {"dataDisks": [{"lun": 0, "createOption": "fromImage", "managedDisk":
      {"storageAccountType": null}}], "osDisk": {"caching": "ReadWrite", "name": null,
      "createOption": "fromImage", "managedDisk": {"storageAccountType": null}}, "imageReference":
      {"id": "/subscriptions/00000000-0000-0000-0000-000000000000/resourceGroups/clitest.rg000001/providers/Microsoft.Compute/images/image1"}},
      "hardwareProfile": {"vmSize": "Standard_DS1_v2"}}, "dependsOn": ["Microsoft.Network/networkInterfaces/vm2VMNic"],
      "type": "Microsoft.Compute/virtualMachines", "name": "vm2", "apiVersion": "2017-03-30",
      "tags": {}, "plan": {"name": "linuxdsvmubuntu", "product": "linux-data-science-vm-ubuntu",
      "publisher": "microsoft-ads", "promotionCode": null}, "location": "westus"}],
      "contentVersion": "1.0.0.0", "parameters": {"adminPassword": {"metadata": {"description":
      "Secure adminPassword"}, "type": "securestring"}}}}}'''
    headers:
      Accept: [application/json]
      Accept-Encoding: ['gzip, deflate']
      CommandName: [vm create]
      Connection: [keep-alive]
      Content-Length: ['3310']
      Content-Type: [application/json; charset=utf-8]
      User-Agent: [python/3.5.2 (Windows-10-10.0.17134-SP0) requests/2.19.1 msrest/0.5.4
          msrest_azure/0.4.34 resourcemanagementclient/2.0.0rc2 Azure-SDK-For-Python
          AZURECLI/2.0.43]
      accept-language: [en-US]
    method: PUT
    uri: https://management.azure.com/subscriptions/00000000-0000-0000-0000-000000000000/resourcegroups/clitest.rg000001/providers/Microsoft.Resources/deployments/mock-deployment?api-version=2018-02-01
  response:
    body: {string: '{"id":"/subscriptions/00000000-0000-0000-0000-000000000000/resourceGroups/clitest.rg000001/providers/Microsoft.Resources/deployments/vm_deploy_G2anBLMdT6iG5fQCpxD9TdGARc2HKKIV","name":"vm_deploy_G2anBLMdT6iG5fQCpxD9TdGARc2HKKIV","properties":{"templateHash":"2981203929036674353","parameters":{"adminPassword":{"type":"SecureString"}},"mode":"Incremental","provisioningState":"Accepted","timestamp":"2018-07-21T01:06:01.5101659Z","duration":"PT1.8173995S","correlationId":"fb8f883f-8edc-42fc-8caf-6ff1a923144b","providers":[{"namespace":"Microsoft.Network","resourceTypes":[{"resourceType":"networkSecurityGroups","locations":["westus"]},{"resourceType":"publicIPAddresses","locations":["westus"]},{"resourceType":"networkInterfaces","locations":["westus"]}]},{"namespace":"Microsoft.Compute","resourceTypes":[{"resourceType":"virtualMachines","locations":["westus"]}]}],"dependencies":[{"dependsOn":[{"id":"/subscriptions/00000000-0000-0000-0000-000000000000/resourceGroups/clitest.rg000001/providers/Microsoft.Network/networkSecurityGroups/vm2NSG","resourceType":"Microsoft.Network/networkSecurityGroups","resourceName":"vm2NSG"},{"id":"/subscriptions/00000000-0000-0000-0000-000000000000/resourceGroups/clitest.rg000001/providers/Microsoft.Network/publicIPAddresses/vm2PublicIP","resourceType":"Microsoft.Network/publicIPAddresses","resourceName":"vm2PublicIP"}],"id":"/subscriptions/00000000-0000-0000-0000-000000000000/resourceGroups/clitest.rg000001/providers/Microsoft.Network/networkInterfaces/vm2VMNic","resourceType":"Microsoft.Network/networkInterfaces","resourceName":"vm2VMNic"},{"dependsOn":[{"id":"/subscriptions/00000000-0000-0000-0000-000000000000/resourceGroups/clitest.rg000001/providers/Microsoft.Network/networkInterfaces/vm2VMNic","resourceType":"Microsoft.Network/networkInterfaces","resourceName":"vm2VMNic"}],"id":"/subscriptions/00000000-0000-0000-0000-000000000000/resourceGroups/clitest.rg000001/providers/Microsoft.Compute/virtualMachines/vm2","resourceType":"Microsoft.Compute/virtualMachines","resourceName":"vm2"}]}}'}
    headers:
      azure-asyncoperation: ['https://management.azure.com/subscriptions/00000000-0000-0000-0000-000000000000/resourcegroups/clitest.rg000001/providers/Microsoft.Resources/deployments/vm_deploy_G2anBLMdT6iG5fQCpxD9TdGARc2HKKIV/operationStatuses/08586694717257848674?api-version=2018-02-01']
      cache-control: [no-cache]
      content-length: ['2402']
      content-type: [application/json; charset=utf-8]
      date: ['Sat, 21 Jul 2018 01:06:00 GMT']
      expires: ['-1']
      pragma: [no-cache]
      strict-transport-security: [max-age=31536000; includeSubDomains]
      x-content-type-options: [nosniff]
      x-ms-ratelimit-remaining-subscription-writes: ['1199']
    status: {code: 201, message: Created}
- request:
    body: null
    headers:
      Accept: [application/json]
      Accept-Encoding: ['gzip, deflate']
      CommandName: [vm create]
      Connection: [keep-alive]
      User-Agent: [python/3.5.2 (Windows-10-10.0.17134-SP0) requests/2.19.1 msrest/0.5.4
          msrest_azure/0.4.34 resourcemanagementclient/2.0.0rc2 Azure-SDK-For-Python
          AZURECLI/2.0.43]
    method: GET
    uri: https://management.azure.com/subscriptions/00000000-0000-0000-0000-000000000000/resourcegroups/clitest.rg000001/providers/Microsoft.Resources/deployments/mock-deployment/operationStatuses/08586694717257848674?api-version=2018-02-01
  response:
    body: {string: '{"status":"Running"}'}
    headers:
      cache-control: [no-cache]
      content-length: ['20']
      content-type: [application/json; charset=utf-8]
      date: ['Sat, 21 Jul 2018 01:06:31 GMT']
      expires: ['-1']
      pragma: [no-cache]
      strict-transport-security: [max-age=31536000; includeSubDomains]
      vary: [Accept-Encoding]
      x-content-type-options: [nosniff]
    status: {code: 200, message: OK}
- request:
    body: null
    headers:
      Accept: [application/json]
      Accept-Encoding: ['gzip, deflate']
      CommandName: [vm create]
      Connection: [keep-alive]
      User-Agent: [python/3.5.2 (Windows-10-10.0.17134-SP0) requests/2.19.1 msrest/0.5.4
          msrest_azure/0.4.34 resourcemanagementclient/2.0.0rc2 Azure-SDK-For-Python
          AZURECLI/2.0.43]
    method: GET
    uri: https://management.azure.com/subscriptions/00000000-0000-0000-0000-000000000000/resourcegroups/clitest.rg000001/providers/Microsoft.Resources/deployments/mock-deployment/operationStatuses/08586694717257848674?api-version=2018-02-01
  response:
    body: {string: '{"status":"Running"}'}
    headers:
      cache-control: [no-cache]
      content-length: ['20']
      content-type: [application/json; charset=utf-8]
      date: ['Sat, 21 Jul 2018 01:07:02 GMT']
      expires: ['-1']
      pragma: [no-cache]
      strict-transport-security: [max-age=31536000; includeSubDomains]
      vary: [Accept-Encoding]
      x-content-type-options: [nosniff]
    status: {code: 200, message: OK}
- request:
    body: null
    headers:
      Accept: [application/json]
      Accept-Encoding: ['gzip, deflate']
      CommandName: [vm create]
      Connection: [keep-alive]
      User-Agent: [python/3.5.2 (Windows-10-10.0.17134-SP0) requests/2.19.1 msrest/0.5.4
          msrest_azure/0.4.34 resourcemanagementclient/2.0.0rc2 Azure-SDK-For-Python
          AZURECLI/2.0.43]
    method: GET
    uri: https://management.azure.com/subscriptions/00000000-0000-0000-0000-000000000000/resourcegroups/clitest.rg000001/providers/Microsoft.Resources/deployments/mock-deployment/operationStatuses/08586694717257848674?api-version=2018-02-01
  response:
    body: {string: '{"status":"Running"}'}
    headers:
      cache-control: [no-cache]
      content-length: ['20']
      content-type: [application/json; charset=utf-8]
      date: ['Sat, 21 Jul 2018 01:07:32 GMT']
      expires: ['-1']
      pragma: [no-cache]
      strict-transport-security: [max-age=31536000; includeSubDomains]
      vary: [Accept-Encoding]
      x-content-type-options: [nosniff]
    status: {code: 200, message: OK}
- request:
    body: null
    headers:
      Accept: [application/json]
      Accept-Encoding: ['gzip, deflate']
      CommandName: [vm create]
      Connection: [keep-alive]
      User-Agent: [python/3.5.2 (Windows-10-10.0.17134-SP0) requests/2.19.1 msrest/0.5.4
          msrest_azure/0.4.34 resourcemanagementclient/2.0.0rc2 Azure-SDK-For-Python
          AZURECLI/2.0.43]
    method: GET
    uri: https://management.azure.com/subscriptions/00000000-0000-0000-0000-000000000000/resourcegroups/clitest.rg000001/providers/Microsoft.Resources/deployments/mock-deployment/operationStatuses/08586694717257848674?api-version=2018-02-01
  response:
    body: {string: '{"status":"Running"}'}
    headers:
      cache-control: [no-cache]
      content-length: ['20']
      content-type: [application/json; charset=utf-8]
      date: ['Sat, 21 Jul 2018 01:08:03 GMT']
      expires: ['-1']
      pragma: [no-cache]
      strict-transport-security: [max-age=31536000; includeSubDomains]
      vary: [Accept-Encoding]
      x-content-type-options: [nosniff]
    status: {code: 200, message: OK}
- request:
    body: null
    headers:
      Accept: [application/json]
      Accept-Encoding: ['gzip, deflate']
      CommandName: [vm create]
      Connection: [keep-alive]
      User-Agent: [python/3.5.2 (Windows-10-10.0.17134-SP0) requests/2.19.1 msrest/0.5.4
          msrest_azure/0.4.34 resourcemanagementclient/2.0.0rc2 Azure-SDK-For-Python
          AZURECLI/2.0.43]
    method: GET
    uri: https://management.azure.com/subscriptions/00000000-0000-0000-0000-000000000000/resourcegroups/clitest.rg000001/providers/Microsoft.Resources/deployments/mock-deployment/operationStatuses/08586694717257848674?api-version=2018-02-01
  response:
    body: {string: '{"status":"Succeeded"}'}
    headers:
      cache-control: [no-cache]
      content-length: ['22']
      content-type: [application/json; charset=utf-8]
      date: ['Sat, 21 Jul 2018 01:08:33 GMT']
      expires: ['-1']
      pragma: [no-cache]
      strict-transport-security: [max-age=31536000; includeSubDomains]
      vary: [Accept-Encoding]
      x-content-type-options: [nosniff]
    status: {code: 200, message: OK}
- request:
    body: null
    headers:
      Accept: [application/json]
      Accept-Encoding: ['gzip, deflate']
      CommandName: [vm create]
      Connection: [keep-alive]
      User-Agent: [python/3.5.2 (Windows-10-10.0.17134-SP0) requests/2.19.1 msrest/0.5.4
          msrest_azure/0.4.34 resourcemanagementclient/2.0.0rc2 Azure-SDK-For-Python
          AZURECLI/2.0.43]
    method: GET
    uri: https://management.azure.com/subscriptions/00000000-0000-0000-0000-000000000000/resourcegroups/clitest.rg000001/providers/Microsoft.Resources/deployments/mock-deployment?api-version=2018-02-01
  response:
    body: {string: '{"id":"/subscriptions/00000000-0000-0000-0000-000000000000/resourceGroups/clitest.rg000001/providers/Microsoft.Resources/deployments/vm_deploy_G2anBLMdT6iG5fQCpxD9TdGARc2HKKIV","name":"vm_deploy_G2anBLMdT6iG5fQCpxD9TdGARc2HKKIV","properties":{"templateHash":"2981203929036674353","parameters":{"adminPassword":{"type":"SecureString"}},"mode":"Incremental","provisioningState":"Succeeded","timestamp":"2018-07-21T01:08:06.7645866Z","duration":"PT2M7.0718202S","correlationId":"fb8f883f-8edc-42fc-8caf-6ff1a923144b","providers":[{"namespace":"Microsoft.Network","resourceTypes":[{"resourceType":"networkSecurityGroups","locations":["westus"]},{"resourceType":"publicIPAddresses","locations":["westus"]},{"resourceType":"networkInterfaces","locations":["westus"]}]},{"namespace":"Microsoft.Compute","resourceTypes":[{"resourceType":"virtualMachines","locations":["westus"]}]}],"dependencies":[{"dependsOn":[{"id":"/subscriptions/00000000-0000-0000-0000-000000000000/resourceGroups/clitest.rg000001/providers/Microsoft.Network/networkSecurityGroups/vm2NSG","resourceType":"Microsoft.Network/networkSecurityGroups","resourceName":"vm2NSG"},{"id":"/subscriptions/00000000-0000-0000-0000-000000000000/resourceGroups/clitest.rg000001/providers/Microsoft.Network/publicIPAddresses/vm2PublicIP","resourceType":"Microsoft.Network/publicIPAddresses","resourceName":"vm2PublicIP"}],"id":"/subscriptions/00000000-0000-0000-0000-000000000000/resourceGroups/clitest.rg000001/providers/Microsoft.Network/networkInterfaces/vm2VMNic","resourceType":"Microsoft.Network/networkInterfaces","resourceName":"vm2VMNic"},{"dependsOn":[{"id":"/subscriptions/00000000-0000-0000-0000-000000000000/resourceGroups/clitest.rg000001/providers/Microsoft.Network/networkInterfaces/vm2VMNic","resourceType":"Microsoft.Network/networkInterfaces","resourceName":"vm2VMNic"}],"id":"/subscriptions/00000000-0000-0000-0000-000000000000/resourceGroups/clitest.rg000001/providers/Microsoft.Compute/virtualMachines/vm2","resourceType":"Microsoft.Compute/virtualMachines","resourceName":"vm2"}],"outputs":{},"outputResources":[{"id":"/subscriptions/00000000-0000-0000-0000-000000000000/resourceGroups/clitest.rg000001/providers/Microsoft.Compute/virtualMachines/vm2"},{"id":"/subscriptions/00000000-0000-0000-0000-000000000000/resourceGroups/clitest.rg000001/providers/Microsoft.Network/networkInterfaces/vm2VMNic"},{"id":"/subscriptions/00000000-0000-0000-0000-000000000000/resourceGroups/clitest.rg000001/providers/Microsoft.Network/networkSecurityGroups/vm2NSG"},{"id":"/subscriptions/00000000-0000-0000-0000-000000000000/resourceGroups/clitest.rg000001/providers/Microsoft.Network/publicIPAddresses/vm2PublicIP"}]}}'}
    headers:
      cache-control: [no-cache]
      content-length: ['3264']
      content-type: [application/json; charset=utf-8]
      date: ['Sat, 21 Jul 2018 01:08:34 GMT']
      expires: ['-1']
      pragma: [no-cache]
      strict-transport-security: [max-age=31536000; includeSubDomains]
      vary: [Accept-Encoding]
      x-content-type-options: [nosniff]
    status: {code: 200, message: OK}
- request:
    body: null
    headers:
      Accept: [application/json]
      Accept-Encoding: ['gzip, deflate']
      CommandName: [vm create]
      Connection: [keep-alive]
      Content-Type: [application/json; charset=utf-8]
      User-Agent: [python/3.5.2 (Windows-10-10.0.17134-SP0) requests/2.19.1 msrest/0.5.4
          msrest_azure/0.4.34 computemanagementclient/4.0.0rc2 Azure-SDK-For-Python
          AZURECLI/2.0.43]
      accept-language: [en-US]
    method: GET
    uri: https://management.azure.com/subscriptions/00000000-0000-0000-0000-000000000000/resourceGroups/clitest.rg000001/providers/Microsoft.Compute/virtualMachines/vm2?$expand=instanceView&api-version=2017-03-30
  response:
    body: {string: "{\r\n  \"properties\": {\r\n    \"vmId\": \"1f4feba8-74ed-4151-b971-2b7587511e99\"\
        ,\r\n    \"hardwareProfile\": {\r\n      \"vmSize\": \"Standard_DS1_v2\"\r\
        \n    },\r\n    \"storageProfile\": {\r\n      \"imageReference\": {\r\n \
        \       \"id\": \"/subscriptions/00000000-0000-0000-0000-000000000000/resourceGroups/clitest.rg000001/providers/Microsoft.Compute/images/image1\"\
        \r\n      },\r\n      \"osDisk\": {\r\n        \"osType\": \"Linux\",\r\n\
        \        \"name\": \"vm2_disk1_2ff5bdb086704ca380d9cdf5847c0ec0\",\r\n   \
        \     \"createOption\": \"FromImage\",\r\n        \"caching\": \"ReadWrite\"\
        ,\r\n        \"managedDisk\": {\r\n          \"storageAccountType\": \"Standard_LRS\"\
        ,\r\n          \"id\": \"/subscriptions/00000000-0000-0000-0000-000000000000/resourceGroups/clitest.rg000001/providers/Microsoft.Compute/disks/vm2_disk1_2ff5bdb086704ca380d9cdf5847c0ec0\"\
        \r\n        },\r\n        \"diskSizeGB\": 50\r\n      },\r\n      \"dataDisks\"\
        : [\r\n        {\r\n          \"lun\": 0,\r\n          \"name\": \"vm2_disk2_16fe90735de14c509cd710833547ec19\"\
        ,\r\n          \"createOption\": \"FromImage\",\r\n          \"caching\":\
        \ \"None\",\r\n          \"managedDisk\": {\r\n            \"storageAccountType\"\
        : \"Standard_LRS\",\r\n            \"id\": \"/subscriptions/00000000-0000-0000-0000-000000000000/resourceGroups/clitest.rg000001/providers/Microsoft.Compute/disks/vm2_disk2_16fe90735de14c509cd710833547ec19\"\
        \r\n          },\r\n          \"diskSizeGB\": 100\r\n        }\r\n      ]\r\
        \n    },\r\n    \"osProfile\": {\r\n      \"computerName\": \"vm2\",\r\n \
        \     \"adminUsername\": \"sdk-test-admin\",\r\n      \"linuxConfiguration\"\
        : {\r\n        \"disablePasswordAuthentication\": false\r\n      },\r\n  \
        \    \"secrets\": []\r\n    },\r\n    \"networkProfile\": {\"networkInterfaces\"\
        :[{\"id\":\"/subscriptions/00000000-0000-0000-0000-000000000000/resourceGroups/clitest.rg000001/providers/Microsoft.Network/networkInterfaces/vm2VMNic\"\
        }]},\r\n    \"provisioningState\": \"Succeeded\",\r\n    \"instanceView\"\
        : {\r\n      \"vmAgent\": {\r\n        \"vmAgentVersion\": \"2.2.26\",\r\n\
        \        \"statuses\": [\r\n          {\r\n            \"code\": \"ProvisioningState/succeeded\"\
        ,\r\n            \"level\": \"Info\",\r\n            \"displayStatus\": \"\
        Ready\",\r\n            \"message\": \"Guest Agent is running\",\r\n     \
        \       \"time\": \"2018-07-21T01:08:35+00:00\"\r\n          }\r\n       \
        \ ],\r\n        \"extensionHandlers\": []\r\n      },\r\n      \"disks\":\
        \ [\r\n        {\r\n          \"name\": \"vm2_disk1_2ff5bdb086704ca380d9cdf5847c0ec0\"\
        ,\r\n          \"statuses\": [\r\n            {\r\n              \"code\"\
        : \"ProvisioningState/succeeded\",\r\n              \"level\": \"Info\",\r\
        \n              \"displayStatus\": \"Provisioning succeeded\",\r\n       \
        \       \"time\": \"2018-07-21T01:06:28.2474885+00:00\"\r\n            }\r\
        \n          ]\r\n        },\r\n        {\r\n          \"name\": \"vm2_disk2_16fe90735de14c509cd710833547ec19\"\
        ,\r\n          \"statuses\": [\r\n            {\r\n              \"code\"\
        : \"ProvisioningState/succeeded\",\r\n              \"level\": \"Info\",\r\
        \n              \"displayStatus\": \"Provisioning succeeded\",\r\n       \
        \       \"time\": \"2018-07-21T01:06:28.2474885+00:00\"\r\n            }\r\
        \n          ]\r\n        }\r\n      ],\r\n      \"statuses\": [\r\n      \
        \  {\r\n          \"code\": \"ProvisioningState/succeeded\",\r\n         \
        \ \"level\": \"Info\",\r\n          \"displayStatus\": \"Provisioning succeeded\"\
        ,\r\n          \"time\": \"2018-07-21T01:07:57.8236477+00:00\"\r\n       \
        \ },\r\n        {\r\n          \"code\": \"PowerState/running\",\r\n     \
        \     \"level\": \"Info\",\r\n          \"displayStatus\": \"VM running\"\r\
        \n        }\r\n      ]\r\n    }\r\n  },\r\n  \"type\": \"Microsoft.Compute/virtualMachines\"\
        ,\r\n  \"location\": \"westus\",\r\n  \"tags\": {},\r\n  \"plan\": {\r\n \
        \   \"name\": \"linuxdsvmubuntu\",\r\n    \"publisher\": \"microsoft-ads\"\
        ,\r\n    \"product\": \"linux-data-science-vm-ubuntu\"\r\n  },\r\n  \"id\"\
        : \"/subscriptions/00000000-0000-0000-0000-000000000000/resourceGroups/clitest.rg000001/providers/Microsoft.Compute/virtualMachines/vm2\"\
        ,\r\n  \"name\": \"vm2\"\r\n}"}
    headers:
      cache-control: [no-cache]
      content-length: ['4011']
      content-type: [application/json; charset=utf-8]
      date: ['Sat, 21 Jul 2018 01:08:36 GMT']
      expires: ['-1']
      pragma: [no-cache]
      server: [Microsoft-HTTPAPI/2.0, Microsoft-HTTPAPI/2.0]
      strict-transport-security: [max-age=31536000; includeSubDomains]
      transfer-encoding: [chunked]
      vary: [Accept-Encoding]
      x-content-type-options: [nosniff]
      x-ms-ratelimit-remaining-resource: ['Microsoft.Compute/LowCostGet3Min;4191,Microsoft.Compute/LowCostGet30Min;33502']
    status: {code: 200, message: OK}
- request:
    body: null
    headers:
      Accept: [application/json]
      Accept-Encoding: ['gzip, deflate']
      CommandName: [vm create]
      Connection: [keep-alive]
      Content-Type: [application/json; charset=utf-8]
      User-Agent: [python/3.5.2 (Windows-10-10.0.17134-SP0) requests/2.19.1 msrest/0.5.4
          msrest_azure/0.4.34 networkmanagementclient/2.0.0rc3 Azure-SDK-For-Python
          AZURECLI/2.0.43]
      accept-language: [en-US]
    method: GET
    uri: https://management.azure.com/subscriptions/00000000-0000-0000-0000-000000000000/resourceGroups/clitest.rg000001/providers/Microsoft.Network/networkInterfaces/vm2VMNic?api-version=2017-10-01
  response:
    body: {string: "{\r\n  \"name\": \"vm2VMNic\",\r\n  \"id\": \"/subscriptions/00000000-0000-0000-0000-000000000000/resourceGroups/clitest.rg000001/providers/Microsoft.Network/networkInterfaces/vm2VMNic\"\
        ,\r\n  \"etag\": \"W/\\\"58f9a3e7-6d49-4e13-8970-02a49ed160c5\\\"\",\r\n \
        \ \"location\": \"westus\",\r\n  \"tags\": {},\r\n  \"properties\": {\r\n\
        \    \"provisioningState\": \"Succeeded\",\r\n    \"resourceGuid\": \"d3aca623-78fd-4ed4-a732-d8b39170b92d\"\
        ,\r\n    \"ipConfigurations\": [\r\n      {\r\n        \"name\": \"ipconfigvm2\"\
        ,\r\n        \"id\": \"/subscriptions/00000000-0000-0000-0000-000000000000/resourceGroups/clitest.rg000001/providers/Microsoft.Network/networkInterfaces/vm2VMNic/ipConfigurations/ipconfigvm2\"\
        ,\r\n        \"etag\": \"W/\\\"58f9a3e7-6d49-4e13-8970-02a49ed160c5\\\"\"\
        ,\r\n        \"properties\": {\r\n          \"provisioningState\": \"Succeeded\"\
        ,\r\n          \"privateIPAddress\": \"10.0.0.5\",\r\n          \"privateIPAllocationMethod\"\
        : \"Dynamic\",\r\n          \"publicIPAddress\": {\r\n            \"id\":\
        \ \"/subscriptions/00000000-0000-0000-0000-000000000000/resourceGroups/clitest.rg000001/providers/Microsoft.Network/publicIPAddresses/vm2PublicIP\"\
        \r\n          },\r\n          \"subnet\": {\r\n            \"id\": \"/subscriptions/00000000-0000-0000-0000-000000000000/resourceGroups/clitest.rg000001/providers/Microsoft.Network/virtualNetworks/vm1VNET/subnets/vm1Subnet\"\
        \r\n          },\r\n          \"primary\": true,\r\n          \"privateIPAddressVersion\"\
        : \"IPv4\",\r\n          \"isInUseWithService\": false\r\n        }\r\n  \
        \    }\r\n    ],\r\n    \"dnsSettings\": {\r\n      \"dnsServers\": [],\r\n\
        \      \"appliedDnsServers\": [],\r\n      \"internalDomainNameSuffix\": \"\
        wduujqfwz2qunaxgj1xk0y4qle.dx.internal.cloudapp.net\"\r\n    },\r\n    \"\
        macAddress\": \"00-0D-3A-37-D3-AE\",\r\n    \"enableAcceleratedNetworking\"\
        : false,\r\n    \"enableIPForwarding\": false,\r\n    \"networkSecurityGroup\"\
        : {\r\n      \"id\": \"/subscriptions/00000000-0000-0000-0000-000000000000/resourceGroups/clitest.rg000001/providers/Microsoft.Network/networkSecurityGroups/vm2NSG\"\
        \r\n    },\r\n    \"primary\": true,\r\n    \"virtualMachine\": {\r\n    \
        \  \"id\": \"/subscriptions/00000000-0000-0000-0000-000000000000/resourceGroups/clitest.rg000001/providers/Microsoft.Compute/virtualMachines/vm2\"\
        \r\n    }\r\n  },\r\n  \"type\": \"Microsoft.Network/networkInterfaces\"\r\
        \n}"}
    headers:
      cache-control: [no-cache]
      content-length: ['2535']
      content-type: [application/json; charset=utf-8]
      date: ['Sat, 21 Jul 2018 01:08:36 GMT']
      etag: [W/"58f9a3e7-6d49-4e13-8970-02a49ed160c5"]
      expires: ['-1']
      pragma: [no-cache]
      server: [Microsoft-HTTPAPI/2.0, Microsoft-HTTPAPI/2.0]
      strict-transport-security: [max-age=31536000; includeSubDomains]
      transfer-encoding: [chunked]
      vary: [Accept-Encoding]
      x-content-type-options: [nosniff]
    status: {code: 200, message: OK}
- request:
    body: null
    headers:
      Accept: [application/json]
      Accept-Encoding: ['gzip, deflate']
      CommandName: [vm create]
      Connection: [keep-alive]
      Content-Type: [application/json; charset=utf-8]
      User-Agent: [python/3.5.2 (Windows-10-10.0.17134-SP0) requests/2.19.1 msrest/0.5.4
          msrest_azure/0.4.34 networkmanagementclient/2.0.0rc3 Azure-SDK-For-Python
          AZURECLI/2.0.43]
      accept-language: [en-US]
    method: GET
    uri: https://management.azure.com/subscriptions/00000000-0000-0000-0000-000000000000/resourceGroups/clitest.rg000001/providers/Microsoft.Network/publicIPAddresses/vm2PublicIP?api-version=2017-10-01
  response:
    body: {string: "{\r\n  \"name\": \"vm2PublicIP\",\r\n  \"id\": \"/subscriptions/00000000-0000-0000-0000-000000000000/resourceGroups/clitest.rg000001/providers/Microsoft.Network/publicIPAddresses/vm2PublicIP\"\
        ,\r\n  \"etag\": \"W/\\\"39e0085f-f52e-4b4b-986f-b8977b976b44\\\"\",\r\n \
        \ \"location\": \"westus\",\r\n  \"tags\": {},\r\n  \"properties\": {\r\n\
        \    \"provisioningState\": \"Succeeded\",\r\n    \"resourceGuid\": \"069fb411-4a53-4b31-85b6-8b8e10e5abfb\"\
        ,\r\n    \"ipAddress\": \"104.42.46.194\",\r\n    \"publicIPAddressVersion\"\
        : \"IPv4\",\r\n    \"publicIPAllocationMethod\": \"Dynamic\",\r\n    \"idleTimeoutInMinutes\"\
        : 4,\r\n    \"ipTags\": [],\r\n    \"ipConfiguration\": {\r\n      \"id\"\
        : \"/subscriptions/00000000-0000-0000-0000-000000000000/resourceGroups/clitest.rg000001/providers/Microsoft.Network/networkInterfaces/vm2VMNic/ipConfigurations/ipconfigvm2\"\
        \r\n    }\r\n  },\r\n  \"type\": \"Microsoft.Network/publicIPAddresses\",\r\
        \n  \"sku\": {\r\n    \"name\": \"Basic\",\r\n    \"tier\": \"Regional\"\r\
        \n  }\r\n}"}
    headers:
      cache-control: [no-cache]
      content-length: ['1022']
      content-type: [application/json; charset=utf-8]
      date: ['Sat, 21 Jul 2018 01:08:36 GMT']
      etag: [W/"39e0085f-f52e-4b4b-986f-b8977b976b44"]
      expires: ['-1']
      pragma: [no-cache]
      server: [Microsoft-HTTPAPI/2.0, Microsoft-HTTPAPI/2.0]
      strict-transport-security: [max-age=31536000; includeSubDomains]
      transfer-encoding: [chunked]
      vary: [Accept-Encoding]
      x-content-type-options: [nosniff]
    status: {code: 200, message: OK}
- request:
    body: null
    headers:
      Accept: [application/json]
      Accept-Encoding: ['gzip, deflate']
      CommandName: [vm show]
      Connection: [keep-alive]
      Content-Type: [application/json; charset=utf-8]
      User-Agent: [python/3.5.2 (Windows-10-10.0.17134-SP0) requests/2.19.1 msrest/0.5.4
          msrest_azure/0.4.34 computemanagementclient/4.0.0rc2 Azure-SDK-For-Python
          AZURECLI/2.0.43]
      accept-language: [en-US]
    method: GET
    uri: https://management.azure.com/subscriptions/00000000-0000-0000-0000-000000000000/resourceGroups/clitest.rg000001/providers/Microsoft.Compute/virtualMachines/vm2?api-version=2017-03-30
  response:
    body: {string: "{\r\n  \"properties\": {\r\n    \"vmId\": \"1f4feba8-74ed-4151-b971-2b7587511e99\"\
        ,\r\n    \"hardwareProfile\": {\r\n      \"vmSize\": \"Standard_DS1_v2\"\r\
        \n    },\r\n    \"storageProfile\": {\r\n      \"imageReference\": {\r\n \
        \       \"id\": \"/subscriptions/00000000-0000-0000-0000-000000000000/resourceGroups/clitest.rg000001/providers/Microsoft.Compute/images/image1\"\
        \r\n      },\r\n      \"osDisk\": {\r\n        \"osType\": \"Linux\",\r\n\
        \        \"name\": \"vm2_disk1_2ff5bdb086704ca380d9cdf5847c0ec0\",\r\n   \
        \     \"createOption\": \"FromImage\",\r\n        \"caching\": \"ReadWrite\"\
        ,\r\n        \"managedDisk\": {\r\n          \"storageAccountType\": \"Standard_LRS\"\
        ,\r\n          \"id\": \"/subscriptions/00000000-0000-0000-0000-000000000000/resourceGroups/clitest.rg000001/providers/Microsoft.Compute/disks/vm2_disk1_2ff5bdb086704ca380d9cdf5847c0ec0\"\
        \r\n        },\r\n        \"diskSizeGB\": 50\r\n      },\r\n      \"dataDisks\"\
        : [\r\n        {\r\n          \"lun\": 0,\r\n          \"name\": \"vm2_disk2_16fe90735de14c509cd710833547ec19\"\
        ,\r\n          \"createOption\": \"FromImage\",\r\n          \"caching\":\
        \ \"None\",\r\n          \"managedDisk\": {\r\n            \"storageAccountType\"\
        : \"Standard_LRS\",\r\n            \"id\": \"/subscriptions/00000000-0000-0000-0000-000000000000/resourceGroups/clitest.rg000001/providers/Microsoft.Compute/disks/vm2_disk2_16fe90735de14c509cd710833547ec19\"\
        \r\n          },\r\n          \"diskSizeGB\": 100\r\n        }\r\n      ]\r\
        \n    },\r\n    \"osProfile\": {\r\n      \"computerName\": \"vm2\",\r\n \
        \     \"adminUsername\": \"sdk-test-admin\",\r\n      \"linuxConfiguration\"\
        : {\r\n        \"disablePasswordAuthentication\": false\r\n      },\r\n  \
        \    \"secrets\": []\r\n    },\r\n    \"networkProfile\": {\"networkInterfaces\"\
        :[{\"id\":\"/subscriptions/00000000-0000-0000-0000-000000000000/resourceGroups/clitest.rg000001/providers/Microsoft.Network/networkInterfaces/vm2VMNic\"\
        }]},\r\n    \"provisioningState\": \"Succeeded\"\r\n  },\r\n  \"type\": \"\
        Microsoft.Compute/virtualMachines\",\r\n  \"location\": \"westus\",\r\n  \"\
        tags\": {},\r\n  \"plan\": {\r\n    \"name\": \"linuxdsvmubuntu\",\r\n   \
        \ \"publisher\": \"microsoft-ads\",\r\n    \"product\": \"linux-data-science-vm-ubuntu\"\
        \r\n  },\r\n  \"id\": \"/subscriptions/00000000-0000-0000-0000-000000000000/resourceGroups/clitest.rg000001/providers/Microsoft.Compute/virtualMachines/vm2\"\
        ,\r\n  \"name\": \"vm2\"\r\n}"}
    headers:
      cache-control: [no-cache]
      content-length: ['2482']
      content-type: [application/json; charset=utf-8]
      date: ['Sat, 21 Jul 2018 01:08:47 GMT']
      expires: ['-1']
      pragma: [no-cache]
      server: [Microsoft-HTTPAPI/2.0, Microsoft-HTTPAPI/2.0]
      strict-transport-security: [max-age=31536000; includeSubDomains]
      transfer-encoding: [chunked]
      vary: [Accept-Encoding]
      x-content-type-options: [nosniff]
      x-ms-ratelimit-remaining-resource: ['Microsoft.Compute/LowCostGet3Min;4190,Microsoft.Compute/LowCostGet30Min;33501']
    status: {code: 200, message: OK}
- request:
    body: null
    headers:
      Accept: [application/json]
      Accept-Encoding: ['gzip, deflate']
      CommandName: [group delete]
      Connection: [keep-alive]
      Content-Length: ['0']
      Content-Type: [application/json; charset=utf-8]
      User-Agent: [python/3.5.2 (Windows-10-10.0.17134-SP0) requests/2.19.1 msrest/0.5.4
          msrest_azure/0.4.34 resourcemanagementclient/2.0.0rc2 Azure-SDK-For-Python
          AZURECLI/2.0.43]
      accept-language: [en-US]
    method: DELETE
    uri: https://management.azure.com/subscriptions/00000000-0000-0000-0000-000000000000/resourcegroups/clitest.rg000001?api-version=2018-02-01
  response:
    body: {string: ''}
    headers:
      cache-control: [no-cache]
      content-length: ['0']
      date: ['Sat, 21 Jul 2018 01:08:49 GMT']
      expires: ['-1']
      location: ['https://management.azure.com/subscriptions/00000000-0000-0000-0000-000000000000/operationresults/eyJqb2JJZCI6IlJFU09VUkNFR1JPVVBERUxFVElPTkpPQi1DTElURVNUOjJFUkdUR1NaWFI3RENPTUk1TFVISVNETFQ0VEs1RVZHNlNHU0JNVHxBQzdCQ0FDQzVFNTY3NTUzLVdFU1RVUyIsImpvYkxvY2F0aW9uIjoid2VzdHVzIn0?api-version=2018-02-01']
      pragma: [no-cache]
      strict-transport-security: [max-age=31536000; includeSubDomains]
      x-content-type-options: [nosniff]
      x-ms-ratelimit-remaining-subscription-deletes: ['14999']
    status: {code: 202, message: Accepted}
version: 1
