interactions:
- request:
    body: '{"tags": {"date": "2018-07-21T04:55:50Z", "product": "azurecli", "cause":
      "automation"}, "location": "westus"}'
    headers:
      Accept: [application/json]
      Accept-Encoding: ['gzip, deflate']
      CommandName: [group create]
      Connection: [keep-alive]
      Content-Length: ['110']
      Content-Type: [application/json; charset=utf-8]
      User-Agent: [python/3.5.2 (Windows-10-10.0.17134-SP0) requests/2.19.1 msrest/0.5.4
          msrest_azure/0.4.34 resourcemanagementclient/2.0.0rc2 Azure-SDK-For-Python
          AZURECLI/2.0.43]
      accept-language: [en-US]
    method: PUT
    uri: https://management.azure.com/subscriptions/00000000-0000-0000-0000-000000000000/resourcegroups/cli_test_vmss_vms000001?api-version=2018-02-01
  response:
    body: {string: '{"id":"/subscriptions/00000000-0000-0000-0000-000000000000/resourceGroups/cli_test_vmss_vms000001","name":"cli_test_vmss_vms000001","location":"westus","tags":{"date":"2018-07-21T04:55:50Z","product":"azurecli","cause":"automation"},"properties":{"provisioningState":"Succeeded"}}'}
    headers:
      cache-control: [no-cache]
      content-length: ['384']
      content-type: [application/json; charset=utf-8]
      date: ['Sat, 21 Jul 2018 04:55:51 GMT']
      expires: ['-1']
      pragma: [no-cache]
      strict-transport-security: [max-age=31536000; includeSubDomains]
      x-content-type-options: [nosniff]
      x-ms-ratelimit-remaining-subscription-writes: ['1199']
    status: {code: 201, message: Created}
- request:
    body: null
    headers:
      Accept: [application/json]
      Accept-Encoding: ['gzip, deflate']
      CommandName: [vmss create]
      Connection: [keep-alive]
      Content-Type: [application/json; charset=utf-8]
      User-Agent: [python/3.5.2 (Windows-10-10.0.17134-SP0) requests/2.19.1 msrest/0.5.4
          msrest_azure/0.4.34 resourcemanagementclient/2.0.0rc2 Azure-SDK-For-Python
          AZURECLI/2.0.43]
      accept-language: [en-US]
    method: GET
    uri: https://management.azure.com/subscriptions/00000000-0000-0000-0000-000000000000/resourcegroups/cli_test_vmss_vms000001?api-version=2018-02-01
  response:
    body: {string: '{"id":"/subscriptions/00000000-0000-0000-0000-000000000000/resourceGroups/cli_test_vmss_vms000001","name":"cli_test_vmss_vms000001","location":"westus","tags":{"date":"2018-07-21T04:55:50Z","product":"azurecli","cause":"automation"},"properties":{"provisioningState":"Succeeded"}}'}
    headers:
      cache-control: [no-cache]
      content-length: ['384']
      content-type: [application/json; charset=utf-8]
      date: ['Sat, 21 Jul 2018 04:55:51 GMT']
      expires: ['-1']
      pragma: [no-cache]
      strict-transport-security: [max-age=31536000; includeSubDomains]
      vary: [Accept-Encoding]
      x-content-type-options: [nosniff]
    status: {code: 200, message: OK}
- request:
    body: null
    headers:
      Accept: ['*/*']
      Accept-Encoding: ['gzip, deflate']
      Connection: [keep-alive]
      User-Agent: [python-requests/2.19.1]
    method: GET
    uri: https://raw.githubusercontent.com/Azure/azure-rest-api-specs/master/arm-compute/quickstart-templates/aliases.json
  response:
    body: {string: "{\n  \"$schema\":\"http://schema.management.azure.com/schemas/2015-01-01/deploymentTemplate.json\"\
        ,\n  \"contentVersion\":\"1.0.0.0\",\n  \"parameters\":{},\n  \"variables\"\
        :{},\n  \"resources\":[],\n\n  \"outputs\":{\n    \"aliases\":{\n      \"\
        type\":\"object\",\n      \"value\":{\n\n        \"Linux\":{\n          \"\
        CentOS\":{\n            \"publisher\":\"OpenLogic\",\n            \"offer\"\
        :\"CentOS\",\n            \"sku\":\"7.3\",\n            \"version\":\"latest\"\
        \n          },\n          \"CoreOS\":{\n            \"publisher\":\"CoreOS\"\
        ,\n            \"offer\":\"CoreOS\",\n            \"sku\":\"Stable\",\n  \
        \          \"version\":\"latest\"\n          },\n          \"Debian\":{\n\
        \            \"publisher\":\"credativ\",\n            \"offer\":\"Debian\"\
        ,\n            \"sku\":\"8\",\n            \"version\":\"latest\"\n      \
        \    },\n          \"openSUSE-Leap\": {\n            \"publisher\":\"SUSE\"\
        ,\n            \"offer\":\"openSUSE-Leap\",\n            \"sku\":\"42.3\"\
        ,\n            \"version\": \"latest\"\n          },\n          \"RHEL\":{\n\
        \            \"publisher\":\"RedHat\",\n            \"offer\":\"RHEL\",\n\
        \            \"sku\":\"7.3\",\n            \"version\":\"latest\"\n      \
        \    },\n          \"SLES\":{\n            \"publisher\":\"SUSE\",\n     \
        \       \"offer\":\"SLES\",\n            \"sku\":\"12-SP2\",\n           \
        \ \"version\":\"latest\"\n          },\n          \"UbuntuLTS\":{\n      \
        \      \"publisher\":\"Canonical\",\n            \"offer\":\"UbuntuServer\"\
        ,\n            \"sku\":\"16.04-LTS\",\n            \"version\":\"latest\"\n\
        \          }\n        },\n\n        \"Windows\":{\n          \"Win2016Datacenter\"\
        :{\n            \"publisher\":\"MicrosoftWindowsServer\",\n            \"\
        offer\":\"WindowsServer\",\n            \"sku\":\"2016-Datacenter\",\n   \
        \         \"version\":\"latest\"\n          },\n          \"Win2012R2Datacenter\"\
        :{\n            \"publisher\":\"MicrosoftWindowsServer\",\n            \"\
        offer\":\"WindowsServer\",\n            \"sku\":\"2012-R2-Datacenter\",\n\
        \            \"version\":\"latest\"\n          },\n          \"Win2012Datacenter\"\
        :{\n            \"publisher\":\"MicrosoftWindowsServer\",\n            \"\
        offer\":\"WindowsServer\",\n            \"sku\":\"2012-Datacenter\",\n   \
        \         \"version\":\"latest\"\n          },\n          \"Win2008R2SP1\"\
        :{\n            \"publisher\":\"MicrosoftWindowsServer\",\n            \"\
        offer\":\"WindowsServer\",\n            \"sku\":\"2008-R2-SP1\",\n       \
        \     \"version\":\"latest\"\n          }\n        }\n      }\n    }\n  }\n\
        }\n"}
    headers:
      accept-ranges: [bytes]
      access-control-allow-origin: ['*']
      cache-control: [max-age=300]
      connection: [keep-alive]
      content-length: ['2235']
      content-security-policy: [default-src 'none'; style-src 'unsafe-inline'; sandbox]
      content-type: [text/plain; charset=utf-8]
      date: ['Sat, 21 Jul 2018 04:55:53 GMT']
      etag: ['"60d07919b4224266adafb81340896eea100dc887"']
      expires: ['Sat, 21 Jul 2018 05:00:53 GMT']
      source-age: ['0']
      strict-transport-security: [max-age=31536000]
      vary: ['Authorization,Accept-Encoding']
      via: [1.1 varnish]
      x-cache: [MISS]
      x-cache-hits: ['0']
      x-content-type-options: [nosniff]
      x-fastly-request-id: [e18150e5d6a6a6512fd6edc15c34d9989859168f]
      x-frame-options: [deny]
      x-geo-block-list: ['']
      x-github-request-id: ['FDE8:4635:486DA5:4CEADA:5B52BCD8']
      x-served-by: [cache-dfw18643-DFW]
      x-timer: ['S1532148953.982732,VS0,VE62']
      x-xss-protection: [1; mode=block]
    status: {code: 200, message: OK}
- request:
    body: null
    headers:
      Accept: [application/json]
      Accept-Encoding: ['gzip, deflate']
      CommandName: [vmss create]
      Connection: [keep-alive]
      Content-Type: [application/json; charset=utf-8]
      User-Agent: [python/3.5.2 (Windows-10-10.0.17134-SP0) requests/2.19.1 msrest/0.5.4
          msrest_azure/0.4.34 networkmanagementclient/2.0.0rc3 Azure-SDK-For-Python
          AZURECLI/2.0.43]
      accept-language: [en-US]
    method: GET
    uri: https://management.azure.com/subscriptions/00000000-0000-0000-0000-000000000000/resourceGroups/cli_test_vmss_vms000001/providers/Microsoft.Network/virtualNetworks?api-version=2017-10-01
  response:
    body: {string: '{"value":[]}'}
    headers:
      cache-control: [no-cache]
      content-length: ['12']
      content-type: [application/json; charset=utf-8]
      date: ['Sat, 21 Jul 2018 04:55:52 GMT']
      expires: ['-1']
      pragma: [no-cache]
      strict-transport-security: [max-age=31536000; includeSubDomains]
      vary: [Accept-Encoding]
      x-content-type-options: [nosniff]
    status: {code: 200, message: OK}
- request:
    body: 'b''{"properties": {"parameters": {"adminPassword": {"value": "TestTest12#$"}},
      "mode": "Incremental", "template": {"$schema": "https://schema.management.azure.com/schemas/2015-01-01/deploymentTemplate.json#",
      "variables": {}, "outputs": {"VMSS": {"value": "[reference(resourceId(\''Microsoft.Compute/virtualMachineScaleSets\'',
      \''vmss1\''),providers(\''Microsoft.Compute\'', \''virtualMachineScaleSets\'').apiVersions[0])]",
      "type": "object"}}, "resources": [{"properties": {"addressSpace": {"addressPrefixes":
      ["10.0.0.0/16"]}, "subnets": [{"properties": {"addressPrefix": "10.0.0.0/24"},
      "name": "vmss1Subnet"}]}, "type": "Microsoft.Network/virtualNetworks", "dependsOn":
      [], "name": "vmss1VNET", "location": "westus", "tags": {}, "apiVersion": "2015-06-15"},
      {"properties": {"publicIPAllocationMethod": "Dynamic"}, "dependsOn": [], "type":
      "Microsoft.Network/publicIPAddresses", "name": "vmss1LBPublicIP", "apiVersion":
      "2017-10-01", "tags": {}, "location": "westus"}, {"properties": {"inboundNatPools":
      [{"properties": {"frontendIPConfiguration": {"id": "[concat(resourceId(\''Microsoft.Network/loadBalancers\'',
      \''vmss1LB\''), \''/frontendIPConfigurations/\'', \''loadBalancerFrontEnd\'')]"},
      "protocol": "tcp", "frontendPortRangeStart": "50000", "backendPort": 22, "frontendPortRangeEnd":
      "50119"}, "name": "vmss1LBNatPool"}], "frontendIPConfigurations": [{"properties":
      {"publicIPAddress": {"id": "/subscriptions/00000000-0000-0000-0000-000000000000/resourceGroups/cli_test_vmss_vms000001/providers/Microsoft.Network/publicIPAddresses/vmss1LBPublicIP"}},
      "name": "loadBalancerFrontEnd"}], "backendAddressPools": [{"name": "vmss1LBBEPool"}]},
      "dependsOn": ["Microsoft.Network/virtualNetworks/vmss1VNET", "Microsoft.Network/publicIpAddresses/vmss1LBPublicIP"],
      "type": "Microsoft.Network/loadBalancers", "name": "vmss1LB", "location": "westus",
      "tags": {}, "apiVersion": "2017-10-01"}, {"properties": {"upgradePolicy": {"mode":
      "manual"}, "overprovision": true, "virtualMachineProfile": {"osProfile": {"computerNamePrefix":
      "vmss1d670", "adminUsername": "admin123", "adminPassword": "[parameters(\''adminPassword\'')]"},
      "networkProfile": {"networkInterfaceConfigurations": [{"properties": {"ipConfigurations":
      [{"properties": {"loadBalancerBackendAddressPools": [{"id": "/subscriptions/00000000-0000-0000-0000-000000000000/resourceGroups/cli_test_vmss_vms000001/providers/Microsoft.Network/loadBalancers/vmss1LB/backendAddressPools/vmss1LBBEPool"}],
      "subnet": {"id": "/subscriptions/00000000-0000-0000-0000-000000000000/resourceGroups/cli_test_vmss_vms000001/providers/Microsoft.Network/virtualNetworks/vmss1VNET/subnets/vmss1Subnet"},
      "loadBalancerInboundNatPools": [{"id": "/subscriptions/00000000-0000-0000-0000-000000000000/resourceGroups/cli_test_vmss_vms000001/providers/Microsoft.Network/loadBalancers/vmss1LB/inboundNatPools/vmss1LBNatPool"}]},
      "name": "vmss1d670IPConfig"}], "primary": "true"}, "name": "vmss1d670Nic"}]},
      "storageProfile": {"osDisk": {"caching": "ReadWrite", "createOption": "FromImage",
      "managedDisk": {"storageAccountType": null}}, "imageReference": {"offer": "UbuntuServer",
      "publisher": "Canonical", "version": "latest", "sku": "16.04-LTS"}}}, "singlePlacementGroup":
      null}, "sku": {"name": "Standard_DS1_v2", "capacity": 2}, "type": "Microsoft.Compute/virtualMachineScaleSets",
      "name": "vmss1", "apiVersion": "2017-03-30", "tags": {}, "dependsOn": ["Microsoft.Network/virtualNetworks/vmss1VNET",
      "Microsoft.Network/loadBalancers/vmss1LB"], "location": "westus"}], "contentVersion":
      "1.0.0.0", "parameters": {"adminPassword": {"metadata": {"description": "Secure
      adminPassword"}, "type": "securestring"}}}}}'''
    headers:
      Accept: [application/json]
      Accept-Encoding: ['gzip, deflate']
      CommandName: [vmss create]
      Connection: [keep-alive]
      Content-Length: ['3814']
      Content-Type: [application/json; charset=utf-8]
      User-Agent: [python/3.5.2 (Windows-10-10.0.17134-SP0) requests/2.19.1 msrest/0.5.4
          msrest_azure/0.4.34 resourcemanagementclient/2.0.0rc2 Azure-SDK-For-Python
          AZURECLI/2.0.43]
      accept-language: [en-US]
    method: PUT
    uri: https://management.azure.com/subscriptions/00000000-0000-0000-0000-000000000000/resourcegroups/cli_test_vmss_vms000001/providers/Microsoft.Resources/deployments/mock-deployment?api-version=2018-02-01
  response:
    body: {string: '{"id":"/subscriptions/00000000-0000-0000-0000-000000000000/resourceGroups/cli_test_vmss_vms000001/providers/Microsoft.Resources/deployments/vmss_deploy_RW5FAEPcrq1kKS5isPKEUkBdPAeq7vIP","name":"vmss_deploy_RW5FAEPcrq1kKS5isPKEUkBdPAeq7vIP","properties":{"templateHash":"13160370567231747222","parameters":{"adminPassword":{"type":"SecureString"}},"mode":"Incremental","provisioningState":"Accepted","timestamp":"2018-07-21T04:55:56.3456067Z","duration":"PT1.1150335S","correlationId":"c9f3876b-7eae-42b0-876b-07087f6e0394","providers":[{"namespace":"Microsoft.Network","resourceTypes":[{"resourceType":"virtualNetworks","locations":["westus"]},{"resourceType":"publicIPAddresses","locations":["westus"]},{"resourceType":"loadBalancers","locations":["westus"]}]},{"namespace":"Microsoft.Compute","resourceTypes":[{"resourceType":"virtualMachineScaleSets","locations":["westus"]}]}],"dependencies":[{"dependsOn":[{"id":"/subscriptions/00000000-0000-0000-0000-000000000000/resourceGroups/cli_test_vmss_vms000001/providers/Microsoft.Network/virtualNetworks/vmss1VNET","resourceType":"Microsoft.Network/virtualNetworks","resourceName":"vmss1VNET"},{"id":"/subscriptions/00000000-0000-0000-0000-000000000000/resourceGroups/cli_test_vmss_vms000001/providers/Microsoft.Network/publicIPAddresses/vmss1LBPublicIP","resourceType":"Microsoft.Network/publicIPAddresses","resourceName":"vmss1LBPublicIP"}],"id":"/subscriptions/00000000-0000-0000-0000-000000000000/resourceGroups/cli_test_vmss_vms000001/providers/Microsoft.Network/loadBalancers/vmss1LB","resourceType":"Microsoft.Network/loadBalancers","resourceName":"vmss1LB"},{"dependsOn":[{"id":"/subscriptions/00000000-0000-0000-0000-000000000000/resourceGroups/cli_test_vmss_vms000001/providers/Microsoft.Network/virtualNetworks/vmss1VNET","resourceType":"Microsoft.Network/virtualNetworks","resourceName":"vmss1VNET"},{"id":"/subscriptions/00000000-0000-0000-0000-000000000000/resourceGroups/cli_test_vmss_vms000001/providers/Microsoft.Network/loadBalancers/vmss1LB","resourceType":"Microsoft.Network/loadBalancers","resourceName":"vmss1LB"}],"id":"/subscriptions/00000000-0000-0000-0000-000000000000/resourceGroups/cli_test_vmss_vms000001/providers/Microsoft.Compute/virtualMachineScaleSets/vmss1","resourceType":"Microsoft.Compute/virtualMachineScaleSets","resourceName":"vmss1"}]}}'}
    headers:
      azure-asyncoperation: ['https://management.azure.com/subscriptions/00000000-0000-0000-0000-000000000000/resourcegroups/cli_test_vmss_vms000001/providers/Microsoft.Resources/deployments/vmss_deploy_RW5FAEPcrq1kKS5isPKEUkBdPAeq7vIP/operationStatuses/08586694579302470630?api-version=2018-02-01']
      cache-control: [no-cache]
      content-length: ['2691']
      content-type: [application/json; charset=utf-8]
      date: ['Sat, 21 Jul 2018 04:55:56 GMT']
      expires: ['-1']
      pragma: [no-cache]
      strict-transport-security: [max-age=31536000; includeSubDomains]
      x-content-type-options: [nosniff]
      x-ms-ratelimit-remaining-subscription-writes: ['1199']
    status: {code: 201, message: Created}
- request:
    body: null
    headers:
      Accept: [application/json]
      Accept-Encoding: ['gzip, deflate']
      CommandName: [vmss create]
      Connection: [keep-alive]
      User-Agent: [python/3.5.2 (Windows-10-10.0.17134-SP0) requests/2.19.1 msrest/0.5.4
          msrest_azure/0.4.34 resourcemanagementclient/2.0.0rc2 Azure-SDK-For-Python
          AZURECLI/2.0.43]
    method: GET
    uri: https://management.azure.com/subscriptions/00000000-0000-0000-0000-000000000000/resourcegroups/cli_test_vmss_vms000001/providers/Microsoft.Resources/deployments/mock-deployment/operationStatuses/08586694579302470630?api-version=2018-02-01
  response:
    body: {string: '{"status":"Running"}'}
    headers:
      cache-control: [no-cache]
      content-length: ['20']
      content-type: [application/json; charset=utf-8]
      date: ['Sat, 21 Jul 2018 04:56:26 GMT']
      expires: ['-1']
      pragma: [no-cache]
      strict-transport-security: [max-age=31536000; includeSubDomains]
      vary: [Accept-Encoding]
      x-content-type-options: [nosniff]
    status: {code: 200, message: OK}
- request:
    body: null
    headers:
      Accept: [application/json]
      Accept-Encoding: ['gzip, deflate']
      CommandName: [vmss create]
      Connection: [keep-alive]
      User-Agent: [python/3.5.2 (Windows-10-10.0.17134-SP0) requests/2.19.1 msrest/0.5.4
          msrest_azure/0.4.34 resourcemanagementclient/2.0.0rc2 Azure-SDK-For-Python
          AZURECLI/2.0.43]
    method: GET
    uri: https://management.azure.com/subscriptions/00000000-0000-0000-0000-000000000000/resourcegroups/cli_test_vmss_vms000001/providers/Microsoft.Resources/deployments/mock-deployment/operationStatuses/08586694579302470630?api-version=2018-02-01
  response:
    body: {string: '{"status":"Running"}'}
    headers:
      cache-control: [no-cache]
      content-length: ['20']
      content-type: [application/json; charset=utf-8]
      date: ['Sat, 21 Jul 2018 04:56:57 GMT']
      expires: ['-1']
      pragma: [no-cache]
      strict-transport-security: [max-age=31536000; includeSubDomains]
      vary: [Accept-Encoding]
      x-content-type-options: [nosniff]
    status: {code: 200, message: OK}
- request:
    body: null
    headers:
      Accept: [application/json]
      Accept-Encoding: ['gzip, deflate']
      CommandName: [vmss create]
      Connection: [keep-alive]
      User-Agent: [python/3.5.2 (Windows-10-10.0.17134-SP0) requests/2.19.1 msrest/0.5.4
          msrest_azure/0.4.34 resourcemanagementclient/2.0.0rc2 Azure-SDK-For-Python
          AZURECLI/2.0.43]
    method: GET
    uri: https://management.azure.com/subscriptions/00000000-0000-0000-0000-000000000000/resourcegroups/cli_test_vmss_vms000001/providers/Microsoft.Resources/deployments/mock-deployment/operationStatuses/08586694579302470630?api-version=2018-02-01
  response:
    body: {string: '{"status":"Running"}'}
    headers:
      cache-control: [no-cache]
      content-length: ['20']
      content-type: [application/json; charset=utf-8]
      date: ['Sat, 21 Jul 2018 04:57:28 GMT']
      expires: ['-1']
      pragma: [no-cache]
      strict-transport-security: [max-age=31536000; includeSubDomains]
      vary: [Accept-Encoding]
      x-content-type-options: [nosniff]
    status: {code: 200, message: OK}
- request:
    body: null
    headers:
      Accept: [application/json]
      Accept-Encoding: ['gzip, deflate']
      CommandName: [vmss create]
      Connection: [keep-alive]
      User-Agent: [python/3.5.2 (Windows-10-10.0.17134-SP0) requests/2.19.1 msrest/0.5.4
          msrest_azure/0.4.34 resourcemanagementclient/2.0.0rc2 Azure-SDK-For-Python
          AZURECLI/2.0.43]
    method: GET
    uri: https://management.azure.com/subscriptions/00000000-0000-0000-0000-000000000000/resourcegroups/cli_test_vmss_vms000001/providers/Microsoft.Resources/deployments/mock-deployment/operationStatuses/08586694579302470630?api-version=2018-02-01
  response:
    body: {string: '{"status":"Running"}'}
    headers:
      cache-control: [no-cache]
      content-length: ['20']
      content-type: [application/json; charset=utf-8]
      date: ['Sat, 21 Jul 2018 04:57:58 GMT']
      expires: ['-1']
      pragma: [no-cache]
      strict-transport-security: [max-age=31536000; includeSubDomains]
      vary: [Accept-Encoding]
      x-content-type-options: [nosniff]
    status: {code: 200, message: OK}
- request:
    body: null
    headers:
      Accept: [application/json]
      Accept-Encoding: ['gzip, deflate']
      CommandName: [vmss create]
      Connection: [keep-alive]
      User-Agent: [python/3.5.2 (Windows-10-10.0.17134-SP0) requests/2.19.1 msrest/0.5.4
          msrest_azure/0.4.34 resourcemanagementclient/2.0.0rc2 Azure-SDK-For-Python
          AZURECLI/2.0.43]
    method: GET
    uri: https://management.azure.com/subscriptions/00000000-0000-0000-0000-000000000000/resourcegroups/cli_test_vmss_vms000001/providers/Microsoft.Resources/deployments/mock-deployment/operationStatuses/08586694579302470630?api-version=2018-02-01
  response:
    body: {string: '{"status":"Running"}'}
    headers:
      cache-control: [no-cache]
      content-length: ['20']
      content-type: [application/json; charset=utf-8]
      date: ['Sat, 21 Jul 2018 04:58:29 GMT']
      expires: ['-1']
      pragma: [no-cache]
      strict-transport-security: [max-age=31536000; includeSubDomains]
      vary: [Accept-Encoding]
      x-content-type-options: [nosniff]
    status: {code: 200, message: OK}
- request:
    body: null
    headers:
      Accept: [application/json]
      Accept-Encoding: ['gzip, deflate']
      CommandName: [vmss create]
      Connection: [keep-alive]
      User-Agent: [python/3.5.2 (Windows-10-10.0.17134-SP0) requests/2.19.1 msrest/0.5.4
          msrest_azure/0.4.34 resourcemanagementclient/2.0.0rc2 Azure-SDK-For-Python
          AZURECLI/2.0.43]
    method: GET
    uri: https://management.azure.com/subscriptions/00000000-0000-0000-0000-000000000000/resourcegroups/cli_test_vmss_vms000001/providers/Microsoft.Resources/deployments/mock-deployment/operationStatuses/08586694579302470630?api-version=2018-02-01
  response:
    body: {string: '{"status":"Succeeded"}'}
    headers:
      cache-control: [no-cache]
      content-length: ['22']
      content-type: [application/json; charset=utf-8]
      date: ['Sat, 21 Jul 2018 04:58:59 GMT']
      expires: ['-1']
      pragma: [no-cache]
      strict-transport-security: [max-age=31536000; includeSubDomains]
      vary: [Accept-Encoding]
      x-content-type-options: [nosniff]
    status: {code: 200, message: OK}
- request:
    body: null
    headers:
      Accept: [application/json]
      Accept-Encoding: ['gzip, deflate']
      CommandName: [vmss create]
      Connection: [keep-alive]
      User-Agent: [python/3.5.2 (Windows-10-10.0.17134-SP0) requests/2.19.1 msrest/0.5.4
          msrest_azure/0.4.34 resourcemanagementclient/2.0.0rc2 Azure-SDK-For-Python
          AZURECLI/2.0.43]
    method: GET
    uri: https://management.azure.com/subscriptions/00000000-0000-0000-0000-000000000000/resourcegroups/cli_test_vmss_vms000001/providers/Microsoft.Resources/deployments/mock-deployment?api-version=2018-02-01
  response:
    body: {string: '{"id":"/subscriptions/00000000-0000-0000-0000-000000000000/resourceGroups/cli_test_vmss_vms000001/providers/Microsoft.Resources/deployments/vmss_deploy_RW5FAEPcrq1kKS5isPKEUkBdPAeq7vIP","name":"vmss_deploy_RW5FAEPcrq1kKS5isPKEUkBdPAeq7vIP","properties":{"templateHash":"13160370567231747222","parameters":{"adminPassword":{"type":"SecureString"}},"mode":"Incremental","provisioningState":"Succeeded","timestamp":"2018-07-21T04:58:35.8070374Z","duration":"PT2M40.5764642S","correlationId":"c9f3876b-7eae-42b0-876b-07087f6e0394","providers":[{"namespace":"Microsoft.Network","resourceTypes":[{"resourceType":"virtualNetworks","locations":["westus"]},{"resourceType":"publicIPAddresses","locations":["westus"]},{"resourceType":"loadBalancers","locations":["westus"]}]},{"namespace":"Microsoft.Compute","resourceTypes":[{"resourceType":"virtualMachineScaleSets","locations":["westus"]}]}],"dependencies":[{"dependsOn":[{"id":"/subscriptions/00000000-0000-0000-0000-000000000000/resourceGroups/cli_test_vmss_vms000001/providers/Microsoft.Network/virtualNetworks/vmss1VNET","resourceType":"Microsoft.Network/virtualNetworks","resourceName":"vmss1VNET"},{"id":"/subscriptions/00000000-0000-0000-0000-000000000000/resourceGroups/cli_test_vmss_vms000001/providers/Microsoft.Network/publicIPAddresses/vmss1LBPublicIP","resourceType":"Microsoft.Network/publicIPAddresses","resourceName":"vmss1LBPublicIP"}],"id":"/subscriptions/00000000-0000-0000-0000-000000000000/resourceGroups/cli_test_vmss_vms000001/providers/Microsoft.Network/loadBalancers/vmss1LB","resourceType":"Microsoft.Network/loadBalancers","resourceName":"vmss1LB"},{"dependsOn":[{"id":"/subscriptions/00000000-0000-0000-0000-000000000000/resourceGroups/cli_test_vmss_vms000001/providers/Microsoft.Network/virtualNetworks/vmss1VNET","resourceType":"Microsoft.Network/virtualNetworks","resourceName":"vmss1VNET"},{"id":"/subscriptions/00000000-0000-0000-0000-000000000000/resourceGroups/cli_test_vmss_vms000001/providers/Microsoft.Network/loadBalancers/vmss1LB","resourceType":"Microsoft.Network/loadBalancers","resourceName":"vmss1LB"}],"id":"/subscriptions/00000000-0000-0000-0000-000000000000/resourceGroups/cli_test_vmss_vms000001/providers/Microsoft.Compute/virtualMachineScaleSets/vmss1","resourceType":"Microsoft.Compute/virtualMachineScaleSets","resourceName":"vmss1"}],"outputs":{"vmss":{"type":"Object","value":{"singlePlacementGroup":true,"upgradePolicy":{"mode":"Manual","automaticOSUpgrade":false},"virtualMachineProfile":{"osProfile":{"computerNamePrefix":"vmss1d670","adminUsername":"admin123","linuxConfiguration":{"disablePasswordAuthentication":false},"secrets":[]},"storageProfile":{"osDisk":{"createOption":"FromImage","caching":"ReadWrite","managedDisk":{"storageAccountType":"Premium_LRS"}},"imageReference":{"publisher":"Canonical","offer":"UbuntuServer","sku":"16.04-LTS","version":"latest"}},"networkProfile":{"networkInterfaceConfigurations":[{"name":"vmss1d670Nic","properties":{"primary":true,"enableAcceleratedNetworking":false,"dnsSettings":{"dnsServers":[]},"ipConfigurations":[{"name":"vmss1d670IPConfig","properties":{"subnet":{"id":"/subscriptions/00000000-0000-0000-0000-000000000000/resourceGroups/cli_test_vmss_vms000001/providers/Microsoft.Network/virtualNetworks/vmss1VNET/subnets/vmss1Subnet"},"privateIPAddressVersion":"IPv4","loadBalancerBackendAddressPools":[{"id":"/subscriptions/00000000-0000-0000-0000-000000000000/resourceGroups/cli_test_vmss_vms000001/providers/Microsoft.Network/loadBalancers/vmss1LB/backendAddressPools/vmss1LBBEPool"}],"loadBalancerInboundNatPools":[{"id":"/subscriptions/00000000-0000-0000-0000-000000000000/resourceGroups/cli_test_vmss_vms000001/providers/Microsoft.Network/loadBalancers/vmss1LB/inboundNatPools/vmss1LBNatPool"}]}}]}}]}},"provisioningState":"Succeeded","overprovision":true,"uniqueId":"5e32f692-bf9b-4c86-959f-60d6d45948a7"}}},"outputResources":[{"id":"/subscriptions/00000000-0000-0000-0000-000000000000/resourceGroups/cli_test_vmss_vms000001/providers/Microsoft.Compute/virtualMachineScaleSets/vmss1"},{"id":"/subscriptions/00000000-0000-0000-0000-000000000000/resourceGroups/cli_test_vmss_vms000001/providers/Microsoft.Network/loadBalancers/vmss1LB"},{"id":"/subscriptions/00000000-0000-0000-0000-000000000000/resourceGroups/cli_test_vmss_vms000001/providers/Microsoft.Network/publicIPAddresses/vmss1LBPublicIP"},{"id":"/subscriptions/00000000-0000-0000-0000-000000000000/resourceGroups/cli_test_vmss_vms000001/providers/Microsoft.Network/virtualNetworks/vmss1VNET"}]}}'}
    headers:
      cache-control: [no-cache]
      content-length: ['5239']
      content-type: [application/json; charset=utf-8]
      date: ['Sat, 21 Jul 2018 04:59:00 GMT']
      expires: ['-1']
      pragma: [no-cache]
      strict-transport-security: [max-age=31536000; includeSubDomains]
      vary: [Accept-Encoding]
      x-content-type-options: [nosniff]
    status: {code: 200, message: OK}
- request:
    body: null
    headers:
      Accept: [application/json]
      Accept-Encoding: ['gzip, deflate']
      CommandName: [vmss list-instances]
      Connection: [keep-alive]
      Content-Type: [application/json; charset=utf-8]
      User-Agent: [python/3.5.2 (Windows-10-10.0.17134-SP0) requests/2.19.1 msrest/0.5.4
          msrest_azure/0.4.34 computemanagementclient/4.0.0rc2 Azure-SDK-For-Python
          AZURECLI/2.0.43]
      accept-language: [en-US]
    method: GET
    uri: https://management.azure.com/subscriptions/00000000-0000-0000-0000-000000000000/resourceGroups/cli_test_vmss_vms000001/providers/Microsoft.Compute/virtualMachineScaleSets/vmss1/virtualMachines?api-version=2017-03-30
  response:
    body: {string: "{\r\n  \"value\": [\r\n    {\r\n      \"instanceId\": \"0\",\r\
        \n      \"sku\": {\r\n        \"name\": \"Standard_DS1_v2\",\r\n        \"\
        tier\": \"Standard\"\r\n      },\r\n      \"properties\": {\r\n        \"\
        latestModelApplied\": true,\r\n        \"vmId\": \"0c1a4961-3be7-4a5e-8a74-9ea260ae4c3d\"\
        ,\r\n        \"hardwareProfile\": {},\r\n        \"storageProfile\": {\r\n\
        \          \"imageReference\": {\r\n            \"publisher\": \"Canonical\"\
        ,\r\n            \"offer\": \"UbuntuServer\",\r\n            \"sku\": \"16.04-LTS\"\
        ,\r\n            \"version\": \"16.04.201807030\"\r\n          },\r\n    \
        \      \"osDisk\": {\r\n            \"osType\": \"Linux\",\r\n           \
        \ \"name\": \"vmss1_vmss1_0_OsDisk_1_c81d98ff5ec043e0a44d7f8a95b2f7e2\",\r\
        \n            \"createOption\": \"FromImage\",\r\n            \"caching\"\
        : \"ReadWrite\",\r\n            \"managedDisk\": {\r\n              \"storageAccountType\"\
        : \"Premium_LRS\",\r\n              \"id\": \"/subscriptions/00000000-0000-0000-0000-000000000000/resourceGroups/cli_test_vmss_vms000001/providers/Microsoft.Compute/disks/vmss1_vmss1_0_OsDisk_1_c81d98ff5ec043e0a44d7f8a95b2f7e2\"\
        \r\n            },\r\n            \"diskSizeGB\": 30\r\n          },\r\n \
        \         \"dataDisks\": []\r\n        },\r\n        \"osProfile\": {\r\n\
        \          \"computerName\": \"vmss1d670000000\",\r\n          \"adminUsername\"\
        : \"admin123\",\r\n          \"linuxConfiguration\": {\r\n            \"disablePasswordAuthentication\"\
        : false\r\n          },\r\n          \"secrets\": []\r\n        },\r\n   \
        \     \"networkProfile\": {\"networkInterfaces\":[{\"id\":\"/subscriptions/00000000-0000-0000-0000-000000000000/resourceGroups/cli_test_vmss_vms000001/providers/Microsoft.Compute/virtualMachineScaleSets/vmss1/virtualMachines/0/networkInterfaces/vmss1d670Nic\"\
        }]},\r\n        \"provisioningState\": \"Updating\"\r\n      },\r\n      \"\
        type\": \"Microsoft.Compute/virtualMachineScaleSets/virtualMachines\",\r\n\
        \      \"location\": \"westus\",\r\n      \"tags\": {},\r\n      \"id\": \"\
        /subscriptions/00000000-0000-0000-0000-000000000000/resourceGroups/CLI_TEST_VMSS_VMS3D5K2PCSY7KQBROKOBS5SYYPVX5LIMN3IEWUISKUW5X6WYPVV7DBRIED2E/providers/Microsoft.Compute/virtualMachineScaleSets/vmss1/virtualMachines/0\"\
        ,\r\n      \"name\": \"vmss1_0\"\r\n    },\r\n    {\r\n      \"instanceId\"\
        : \"1\",\r\n      \"sku\": {\r\n        \"name\": \"Standard_DS1_v2\",\r\n\
        \        \"tier\": \"Standard\"\r\n      },\r\n      \"properties\": {\r\n\
        \        \"latestModelApplied\": true,\r\n        \"vmId\": \"ba36c53f-de57-4f07-8d23-d9728d5584f0\"\
        ,\r\n        \"hardwareProfile\": {},\r\n        \"storageProfile\": {\r\n\
        \          \"imageReference\": {\r\n            \"publisher\": \"Canonical\"\
        ,\r\n            \"offer\": \"UbuntuServer\",\r\n            \"sku\": \"16.04-LTS\"\
        ,\r\n            \"version\": \"16.04.201807030\"\r\n          },\r\n    \
        \      \"osDisk\": {\r\n            \"osType\": \"Linux\",\r\n           \
        \ \"name\": \"vmss1_vmss1_1_OsDisk_1_052cb802face46c9a230a4243ada2872\",\r\
        \n            \"createOption\": \"FromImage\",\r\n            \"caching\"\
        : \"ReadWrite\",\r\n            \"managedDisk\": {\r\n              \"storageAccountType\"\
        : \"Premium_LRS\",\r\n              \"id\": \"/subscriptions/00000000-0000-0000-0000-000000000000/resourceGroups/cli_test_vmss_vms000001/providers/Microsoft.Compute/disks/vmss1_vmss1_1_OsDisk_1_052cb802face46c9a230a4243ada2872\"\
        \r\n            },\r\n            \"diskSizeGB\": 30\r\n          },\r\n \
        \         \"dataDisks\": []\r\n        },\r\n        \"osProfile\": {\r\n\
        \          \"computerName\": \"vmss1d670000001\",\r\n          \"adminUsername\"\
        : \"admin123\",\r\n          \"linuxConfiguration\": {\r\n            \"disablePasswordAuthentication\"\
        : false\r\n          },\r\n          \"secrets\": []\r\n        },\r\n   \
        \     \"networkProfile\": {\"networkInterfaces\":[{\"id\":\"/subscriptions/00000000-0000-0000-0000-000000000000/resourceGroups/cli_test_vmss_vms000001/providers/Microsoft.Compute/virtualMachineScaleSets/vmss1/virtualMachines/1/networkInterfaces/vmss1d670Nic\"\
        }]},\r\n        \"provisioningState\": \"Updating\"\r\n      },\r\n      \"\
        type\": \"Microsoft.Compute/virtualMachineScaleSets/virtualMachines\",\r\n\
        \      \"location\": \"westus\",\r\n      \"tags\": {},\r\n      \"id\": \"\
        /subscriptions/00000000-0000-0000-0000-000000000000/resourceGroups/CLI_TEST_VMSS_VMS3D5K2PCSY7KQBROKOBS5SYYPVX5LIMN3IEWUISKUW5X6WYPVV7DBRIED2E/providers/Microsoft.Compute/virtualMachineScaleSets/vmss1/virtualMachines/1\"\
        ,\r\n      \"name\": \"vmss1_1\"\r\n    }\r\n  ]\r\n}"}
    headers:
      cache-control: [no-cache]
      content-length: ['4324']
      content-type: [application/json; charset=utf-8]
      date: ['Sat, 21 Jul 2018 04:59:02 GMT']
      expires: ['-1']
      pragma: [no-cache]
      server: [Microsoft-HTTPAPI/2.0, Microsoft-HTTPAPI/2.0]
      strict-transport-security: [max-age=31536000; includeSubDomains]
      transfer-encoding: [chunked]
      vary: [Accept-Encoding]
      x-content-type-options: [nosniff]
      x-ms-ratelimit-remaining-resource: ['Microsoft.Compute/HighCostGetVMScaleSet3Min;177,Microsoft.Compute/HighCostGetVMScaleSet30Min;895,Microsoft.Compute/VMScaleSetVMViews3Min;4988']
      x-ms-request-charge: ['4']
    status: {code: 200, message: OK}
- request:
    body: null
    headers:
      Accept: [application/json]
      Accept-Encoding: ['gzip, deflate']
      CommandName: [vmss show]
      Connection: [keep-alive]
      Content-Type: [application/json; charset=utf-8]
      User-Agent: [python/3.5.2 (Windows-10-10.0.17134-SP0) requests/2.19.1 msrest/0.5.4
          msrest_azure/0.4.34 computemanagementclient/4.0.0rc2 Azure-SDK-For-Python
          AZURECLI/2.0.43]
      accept-language: [en-US]
    method: GET
    uri: https://management.azure.com/subscriptions/00000000-0000-0000-0000-000000000000/resourceGroups/cli_test_vmss_vms000001/providers/Microsoft.Compute/virtualMachineScaleSets/vmss1/virtualmachines/0?api-version=2017-03-30
  response:
    body: {string: "{\r\n  \"instanceId\": \"0\",\r\n  \"sku\": {\r\n    \"name\"\
        : \"Standard_DS1_v2\",\r\n    \"tier\": \"Standard\"\r\n  },\r\n  \"properties\"\
        : {\r\n    \"latestModelApplied\": true,\r\n    \"vmId\": \"0c1a4961-3be7-4a5e-8a74-9ea260ae4c3d\"\
        ,\r\n    \"hardwareProfile\": {},\r\n    \"storageProfile\": {\r\n      \"\
        imageReference\": {\r\n        \"publisher\": \"Canonical\",\r\n        \"\
        offer\": \"UbuntuServer\",\r\n        \"sku\": \"16.04-LTS\",\r\n        \"\
        version\": \"16.04.201807030\"\r\n      },\r\n      \"osDisk\": {\r\n    \
        \    \"osType\": \"Linux\",\r\n        \"name\": \"vmss1_vmss1_0_OsDisk_1_c81d98ff5ec043e0a44d7f8a95b2f7e2\"\
        ,\r\n        \"createOption\": \"FromImage\",\r\n        \"caching\": \"ReadWrite\"\
        ,\r\n        \"managedDisk\": {\r\n          \"storageAccountType\": \"Premium_LRS\"\
        ,\r\n          \"id\": \"/subscriptions/00000000-0000-0000-0000-000000000000/resourceGroups/cli_test_vmss_vms000001/providers/Microsoft.Compute/disks/vmss1_vmss1_0_OsDisk_1_c81d98ff5ec043e0a44d7f8a95b2f7e2\"\
        \r\n        },\r\n        \"diskSizeGB\": 30\r\n      },\r\n      \"dataDisks\"\
        : []\r\n    },\r\n    \"osProfile\": {\r\n      \"computerName\": \"vmss1d670000000\"\
        ,\r\n      \"adminUsername\": \"admin123\",\r\n      \"linuxConfiguration\"\
        : {\r\n        \"disablePasswordAuthentication\": false\r\n      },\r\n  \
        \    \"secrets\": []\r\n    },\r\n    \"networkProfile\": {\"networkInterfaces\"\
        :[{\"id\":\"/subscriptions/00000000-0000-0000-0000-000000000000/resourceGroups/cli_test_vmss_vms000001/providers/Microsoft.Compute/virtualMachineScaleSets/vmss1/virtualMachines/0/networkInterfaces/vmss1d670Nic\"\
        }]},\r\n    \"provisioningState\": \"Updating\"\r\n  },\r\n  \"type\": \"\
        Microsoft.Compute/virtualMachineScaleSets/virtualMachines\",\r\n  \"location\"\
        : \"westus\",\r\n  \"tags\": {},\r\n  \"id\": \"/subscriptions/00000000-0000-0000-0000-000000000000/resourceGroups/cli_test_vmss_vms000001/providers/Microsoft.Compute/virtualMachineScaleSets/vmss1/virtualMachines/0\"\
        ,\r\n  \"name\": \"vmss1_0\"\r\n}"}
    headers:
      cache-control: [no-cache]
      content-length: ['1960']
      content-type: [application/json; charset=utf-8]
      date: ['Sat, 21 Jul 2018 04:59:02 GMT']
      expires: ['-1']
      pragma: [no-cache]
      server: [Microsoft-HTTPAPI/2.0, Microsoft-HTTPAPI/2.0]
      strict-transport-security: [max-age=31536000; includeSubDomains]
      transfer-encoding: [chunked]
      vary: [Accept-Encoding]
      x-content-type-options: [nosniff]
      x-ms-ratelimit-remaining-resource: ['Microsoft.Compute/GetVMScaleSetVM3Min;499,Microsoft.Compute/GetVMScaleSetVM30Min;2499,Microsoft.Compute/VMScaleSetVMViews3Min;4987']
      x-ms-request-charge: ['1']
    status: {code: 200, message: OK}
- request:
    body: null
    headers:
      Accept: [application/json]
      Accept-Encoding: ['gzip, deflate']
      CommandName: [vmss list-instance-connection-info]
      Connection: [keep-alive]
      Content-Type: [application/json; charset=utf-8]
      User-Agent: [python/3.5.2 (Windows-10-10.0.17134-SP0) requests/2.19.1 msrest/0.5.4
          msrest_azure/0.4.34 computemanagementclient/4.0.0rc2 Azure-SDK-For-Python
          AZURECLI/2.0.43]
      accept-language: [en-US]
    method: GET
    uri: https://management.azure.com/subscriptions/00000000-0000-0000-0000-000000000000/resourceGroups/cli_test_vmss_vms000001/providers/Microsoft.Compute/virtualMachineScaleSets/vmss1?api-version=2017-03-30
  response:
    body: {string: "{\r\n  \"sku\": {\r\n    \"name\": \"Standard_DS1_v2\",\r\n  \
        \  \"tier\": \"Standard\",\r\n    \"capacity\": 2\r\n  },\r\n  \"properties\"\
        : {\r\n    \"singlePlacementGroup\": true,\r\n    \"upgradePolicy\": {\r\n\
        \      \"mode\": \"Manual\",\r\n      \"automaticOSUpgrade\": false\r\n  \
        \  },\r\n    \"virtualMachineProfile\": {\r\n      \"osProfile\": {\r\n  \
        \      \"computerNamePrefix\": \"vmss1d670\",\r\n        \"adminUsername\"\
        : \"admin123\",\r\n        \"linuxConfiguration\": {\r\n          \"disablePasswordAuthentication\"\
        : false\r\n        },\r\n        \"secrets\": []\r\n      },\r\n      \"storageProfile\"\
        : {\r\n        \"osDisk\": {\r\n          \"createOption\": \"FromImage\"\
        ,\r\n          \"caching\": \"ReadWrite\",\r\n          \"managedDisk\": {\r\
        \n            \"storageAccountType\": \"Premium_LRS\"\r\n          }\r\n \
        \       },\r\n        \"imageReference\": {\r\n          \"publisher\": \"\
        Canonical\",\r\n          \"offer\": \"UbuntuServer\",\r\n          \"sku\"\
        : \"16.04-LTS\",\r\n          \"version\": \"latest\"\r\n        }\r\n   \
        \   },\r\n      \"networkProfile\": {\"networkInterfaceConfigurations\":[{\"\
        name\":\"vmss1d670Nic\",\"properties\":{\"primary\":true,\"enableAcceleratedNetworking\"\
        :false,\"dnsSettings\":{\"dnsServers\":[]},\"ipConfigurations\":[{\"name\"\
        :\"vmss1d670IPConfig\",\"properties\":{\"subnet\":{\"id\":\"/subscriptions/00000000-0000-0000-0000-000000000000/resourceGroups/cli_test_vmss_vms000001/providers/Microsoft.Network/virtualNetworks/vmss1VNET/subnets/vmss1Subnet\"\
        },\"privateIPAddressVersion\":\"IPv4\",\"loadBalancerBackendAddressPools\"\
        :[{\"id\":\"/subscriptions/00000000-0000-0000-0000-000000000000/resourceGroups/cli_test_vmss_vms000001/providers/Microsoft.Network/loadBalancers/vmss1LB/backendAddressPools/vmss1LBBEPool\"\
        }],\"loadBalancerInboundNatPools\":[{\"id\":\"/subscriptions/00000000-0000-0000-0000-000000000000/resourceGroups/cli_test_vmss_vms000001/providers/Microsoft.Network/loadBalancers/vmss1LB/inboundNatPools/vmss1LBNatPool\"\
        }]}}]}}]}\r\n    },\r\n    \"provisioningState\": \"Succeeded\",\r\n    \"\
        overprovision\": true,\r\n    \"uniqueId\": \"5e32f692-bf9b-4c86-959f-60d6d45948a7\"\
        \r\n  },\r\n  \"type\": \"Microsoft.Compute/virtualMachineScaleSets\",\r\n\
        \  \"location\": \"westus\",\r\n  \"tags\": {},\r\n  \"id\": \"/subscriptions/00000000-0000-0000-0000-000000000000/resourceGroups/cli_test_vmss_vms000001/providers/Microsoft.Compute/virtualMachineScaleSets/vmss1\"\
        ,\r\n  \"name\": \"vmss1\"\r\n}"}
    headers:
      cache-control: [no-cache]
      content-length: ['2437']
      content-type: [application/json; charset=utf-8]
      date: ['Sat, 21 Jul 2018 04:59:03 GMT']
      expires: ['-1']
      pragma: [no-cache]
      server: [Microsoft-HTTPAPI/2.0, Microsoft-HTTPAPI/2.0]
      strict-transport-security: [max-age=31536000; includeSubDomains]
      transfer-encoding: [chunked]
      vary: [Accept-Encoding]
      x-content-type-options: [nosniff]
      x-ms-ratelimit-remaining-resource: ['Microsoft.Compute/GetVMScaleSet3Min;191,Microsoft.Compute/GetVMScaleSet30Min;1462']
    status: {code: 200, message: OK}
- request:
    body: null
    headers:
      Accept: [application/json]
      Accept-Encoding: ['gzip, deflate']
      CommandName: [vmss list-instance-connection-info]
      Connection: [keep-alive]
      Content-Type: [application/json; charset=utf-8]
      User-Agent: [python/3.5.2 (Windows-10-10.0.17134-SP0) requests/2.19.1 msrest/0.5.4
          msrest_azure/0.4.34 networkmanagementclient/2.0.0rc3 Azure-SDK-For-Python
          AZURECLI/2.0.43]
      accept-language: [en-US]
    method: GET
    uri: https://management.azure.com/subscriptions/00000000-0000-0000-0000-000000000000/resourceGroups/cli_test_vmss_vms000001/providers/Microsoft.Network/loadBalancers/vmss1LB?api-version=2017-10-01
  response:
    body: {string: "{\r\n  \"name\": \"vmss1LB\",\r\n  \"id\": \"/subscriptions/00000000-0000-0000-0000-000000000000/resourceGroups/cli_test_vmss_vms000001/providers/Microsoft.Network/loadBalancers/vmss1LB\"\
        ,\r\n  \"etag\": \"W/\\\"a13a5e48-0a2a-48b5-a90b-e0c8b12cb50e\\\"\",\r\n \
        \ \"type\": \"Microsoft.Network/loadBalancers\",\r\n  \"location\": \"westus\"\
        ,\r\n  \"tags\": {},\r\n  \"properties\": {\r\n    \"provisioningState\":\
        \ \"Succeeded\",\r\n    \"resourceGuid\": \"d8867cf5-eea6-474c-b551-21390d44a190\"\
        ,\r\n    \"frontendIPConfigurations\": [\r\n      {\r\n        \"name\": \"\
        loadBalancerFrontEnd\",\r\n        \"id\": \"/subscriptions/00000000-0000-0000-0000-000000000000/resourceGroups/cli_test_vmss_vms000001/providers/Microsoft.Network/loadBalancers/vmss1LB/frontendIPConfigurations/loadBalancerFrontEnd\"\
        ,\r\n        \"etag\": \"W/\\\"a13a5e48-0a2a-48b5-a90b-e0c8b12cb50e\\\"\"\
        ,\r\n        \"properties\": {\r\n          \"provisioningState\": \"Succeeded\"\
        ,\r\n          \"privateIPAllocationMethod\": \"Dynamic\",\r\n          \"\
        publicIPAddress\": {\r\n            \"id\": \"/subscriptions/00000000-0000-0000-0000-000000000000/resourceGroups/cli_test_vmss_vms000001/providers/Microsoft.Network/publicIPAddresses/vmss1LBPublicIP\"\
        \r\n          },\r\n          \"inboundNatRules\": [\r\n            {\r\n\
        \              \"id\": \"/subscriptions/00000000-0000-0000-0000-000000000000/resourceGroups/cli_test_vmss_vms000001/providers/Microsoft.Network/loadBalancers/vmss1LB/inboundNatRules/vmss1LBNatPool.0\"\
        \r\n            },\r\n            {\r\n              \"id\": \"/subscriptions/00000000-0000-0000-0000-000000000000/resourceGroups/cli_test_vmss_vms000001/providers/Microsoft.Network/loadBalancers/vmss1LB/inboundNatRules/vmss1LBNatPool.1\"\
        \r\n            },\r\n            {\r\n              \"id\": \"/subscriptions/00000000-0000-0000-0000-000000000000/resourceGroups/cli_test_vmss_vms000001/providers/Microsoft.Network/loadBalancers/vmss1LB/inboundNatRules/vmss1LBNatPool.2\"\
        \r\n            },\r\n            {\r\n              \"id\": \"/subscriptions/00000000-0000-0000-0000-000000000000/resourceGroups/cli_test_vmss_vms000001/providers/Microsoft.Network/loadBalancers/vmss1LB/inboundNatRules/vmss1LBNatPool.3\"\
        \r\n            }\r\n          ],\r\n          \"inboundNatPools\": [\r\n\
        \            {\r\n              \"id\": \"/subscriptions/00000000-0000-0000-0000-000000000000/resourceGroups/cli_test_vmss_vms000001/providers/Microsoft.Network/loadBalancers/vmss1LB/inboundNatPools/vmss1LBNatPool\"\
        \r\n            }\r\n          ]\r\n        }\r\n      }\r\n    ],\r\n   \
        \ \"backendAddressPools\": [\r\n      {\r\n        \"name\": \"vmss1LBBEPool\"\
        ,\r\n        \"id\": \"/subscriptions/00000000-0000-0000-0000-000000000000/resourceGroups/cli_test_vmss_vms000001/providers/Microsoft.Network/loadBalancers/vmss1LB/backendAddressPools/vmss1LBBEPool\"\
        ,\r\n        \"etag\": \"W/\\\"a13a5e48-0a2a-48b5-a90b-e0c8b12cb50e\\\"\"\
        ,\r\n        \"properties\": {\r\n          \"provisioningState\": \"Succeeded\"\
        ,\r\n          \"backendIPConfigurations\": [\r\n            {\r\n       \
        \       \"id\": \"/subscriptions/00000000-0000-0000-0000-000000000000/resourceGroups/cli_test_vmss_vms000001/providers/Microsoft.Compute/virtualMachineScaleSets/vmss1/virtualMachines/0/networkInterfaces/vmss1d670Nic/ipConfigurations/vmss1d670IPConfig\"\
        \r\n            },\r\n            {\r\n              \"id\": \"/subscriptions/00000000-0000-0000-0000-000000000000/resourceGroups/cli_test_vmss_vms000001/providers/Microsoft.Compute/virtualMachineScaleSets/vmss1/virtualMachines/1/networkInterfaces/vmss1d670Nic/ipConfigurations/vmss1d670IPConfig\"\
        \r\n            },\r\n            {\r\n              \"id\": \"/subscriptions/00000000-0000-0000-0000-000000000000/resourceGroups/cli_test_vmss_vms000001/providers/Microsoft.Compute/virtualMachineScaleSets/vmss1/virtualMachines/2/networkInterfaces/vmss1d670Nic/ipConfigurations/vmss1d670IPConfig\"\
        \r\n            },\r\n            {\r\n              \"id\": \"/subscriptions/00000000-0000-0000-0000-000000000000/resourceGroups/cli_test_vmss_vms000001/providers/Microsoft.Compute/virtualMachineScaleSets/vmss1/virtualMachines/3/networkInterfaces/vmss1d670Nic/ipConfigurations/vmss1d670IPConfig\"\
        \r\n            }\r\n          ]\r\n        }\r\n      }\r\n    ],\r\n   \
        \ \"loadBalancingRules\": [],\r\n    \"probes\": [],\r\n    \"inboundNatRules\"\
        : [\r\n      {\r\n        \"name\": \"vmss1LBNatPool.0\",\r\n        \"id\"\
        : \"/subscriptions/00000000-0000-0000-0000-000000000000/resourceGroups/cli_test_vmss_vms000001/providers/Microsoft.Network/loadBalancers/vmss1LB/inboundNatRules/vmss1LBNatPool.0\"\
        ,\r\n        \"etag\": \"W/\\\"a13a5e48-0a2a-48b5-a90b-e0c8b12cb50e\\\"\"\
        ,\r\n        \"properties\": {\r\n          \"provisioningState\": \"Succeeded\"\
        ,\r\n          \"frontendIPConfiguration\": {\r\n            \"id\": \"/subscriptions/00000000-0000-0000-0000-000000000000/resourceGroups/cli_test_vmss_vms000001/providers/Microsoft.Network/loadBalancers/vmss1LB/frontendIPConfigurations/loadBalancerFrontEnd\"\
        \r\n          },\r\n          \"frontendPort\": 50000,\r\n          \"backendPort\"\
        : 22,\r\n          \"enableFloatingIP\": false,\r\n          \"idleTimeoutInMinutes\"\
        : 4,\r\n          \"protocol\": \"Tcp\",\r\n          \"backendIPConfiguration\"\
        : {\r\n            \"id\": \"/subscriptions/00000000-0000-0000-0000-000000000000/resourceGroups/cli_test_vmss_vms000001/providers/Microsoft.Compute/virtualMachineScaleSets/vmss1/virtualMachines/0/networkInterfaces/vmss1d670Nic/ipConfigurations/vmss1d670IPConfig\"\
        \r\n          }\r\n        }\r\n      },\r\n      {\r\n        \"name\": \"\
        vmss1LBNatPool.1\",\r\n        \"id\": \"/subscriptions/00000000-0000-0000-0000-000000000000/resourceGroups/cli_test_vmss_vms000001/providers/Microsoft.Network/loadBalancers/vmss1LB/inboundNatRules/vmss1LBNatPool.1\"\
        ,\r\n        \"etag\": \"W/\\\"a13a5e48-0a2a-48b5-a90b-e0c8b12cb50e\\\"\"\
        ,\r\n        \"properties\": {\r\n          \"provisioningState\": \"Succeeded\"\
        ,\r\n          \"frontendIPConfiguration\": {\r\n            \"id\": \"/subscriptions/00000000-0000-0000-0000-000000000000/resourceGroups/cli_test_vmss_vms000001/providers/Microsoft.Network/loadBalancers/vmss1LB/frontendIPConfigurations/loadBalancerFrontEnd\"\
        \r\n          },\r\n          \"frontendPort\": 50001,\r\n          \"backendPort\"\
        : 22,\r\n          \"enableFloatingIP\": false,\r\n          \"idleTimeoutInMinutes\"\
        : 4,\r\n          \"protocol\": \"Tcp\",\r\n          \"backendIPConfiguration\"\
        : {\r\n            \"id\": \"/subscriptions/00000000-0000-0000-0000-000000000000/resourceGroups/cli_test_vmss_vms000001/providers/Microsoft.Compute/virtualMachineScaleSets/vmss1/virtualMachines/1/networkInterfaces/vmss1d670Nic/ipConfigurations/vmss1d670IPConfig\"\
        \r\n          }\r\n        }\r\n      },\r\n      {\r\n        \"name\": \"\
        vmss1LBNatPool.2\",\r\n        \"id\": \"/subscriptions/00000000-0000-0000-0000-000000000000/resourceGroups/cli_test_vmss_vms000001/providers/Microsoft.Network/loadBalancers/vmss1LB/inboundNatRules/vmss1LBNatPool.2\"\
        ,\r\n        \"etag\": \"W/\\\"a13a5e48-0a2a-48b5-a90b-e0c8b12cb50e\\\"\"\
        ,\r\n        \"properties\": {\r\n          \"provisioningState\": \"Succeeded\"\
        ,\r\n          \"frontendIPConfiguration\": {\r\n            \"id\": \"/subscriptions/00000000-0000-0000-0000-000000000000/resourceGroups/cli_test_vmss_vms000001/providers/Microsoft.Network/loadBalancers/vmss1LB/frontendIPConfigurations/loadBalancerFrontEnd\"\
        \r\n          },\r\n          \"frontendPort\": 50002,\r\n          \"backendPort\"\
        : 22,\r\n          \"enableFloatingIP\": false,\r\n          \"idleTimeoutInMinutes\"\
        : 4,\r\n          \"protocol\": \"Tcp\",\r\n          \"backendIPConfiguration\"\
        : {\r\n            \"id\": \"/subscriptions/00000000-0000-0000-0000-000000000000/resourceGroups/cli_test_vmss_vms000001/providers/Microsoft.Compute/virtualMachineScaleSets/vmss1/virtualMachines/2/networkInterfaces/vmss1d670Nic/ipConfigurations/vmss1d670IPConfig\"\
        \r\n          }\r\n        }\r\n      },\r\n      {\r\n        \"name\": \"\
        vmss1LBNatPool.3\",\r\n        \"id\": \"/subscriptions/00000000-0000-0000-0000-000000000000/resourceGroups/cli_test_vmss_vms000001/providers/Microsoft.Network/loadBalancers/vmss1LB/inboundNatRules/vmss1LBNatPool.3\"\
        ,\r\n        \"etag\": \"W/\\\"a13a5e48-0a2a-48b5-a90b-e0c8b12cb50e\\\"\"\
        ,\r\n        \"properties\": {\r\n          \"provisioningState\": \"Succeeded\"\
        ,\r\n          \"frontendIPConfiguration\": {\r\n            \"id\": \"/subscriptions/00000000-0000-0000-0000-000000000000/resourceGroups/cli_test_vmss_vms000001/providers/Microsoft.Network/loadBalancers/vmss1LB/frontendIPConfigurations/loadBalancerFrontEnd\"\
        \r\n          },\r\n          \"frontendPort\": 50003,\r\n          \"backendPort\"\
        : 22,\r\n          \"enableFloatingIP\": false,\r\n          \"idleTimeoutInMinutes\"\
        : 4,\r\n          \"protocol\": \"Tcp\",\r\n          \"backendIPConfiguration\"\
        : {\r\n            \"id\": \"/subscriptions/00000000-0000-0000-0000-000000000000/resourceGroups/cli_test_vmss_vms000001/providers/Microsoft.Compute/virtualMachineScaleSets/vmss1/virtualMachines/3/networkInterfaces/vmss1d670Nic/ipConfigurations/vmss1d670IPConfig\"\
        \r\n          }\r\n        }\r\n      }\r\n    ],\r\n    \"inboundNatPools\"\
        : [\r\n      {\r\n        \"name\": \"vmss1LBNatPool\",\r\n        \"id\"\
        : \"/subscriptions/00000000-0000-0000-0000-000000000000/resourceGroups/cli_test_vmss_vms000001/providers/Microsoft.Network/loadBalancers/vmss1LB/inboundNatPools/vmss1LBNatPool\"\
        ,\r\n        \"etag\": \"W/\\\"a13a5e48-0a2a-48b5-a90b-e0c8b12cb50e\\\"\"\
        ,\r\n        \"properties\": {\r\n          \"provisioningState\": \"Succeeded\"\
        ,\r\n          \"frontendPortRangeStart\": 50000,\r\n          \"frontendPortRangeEnd\"\
        : 50119,\r\n          \"backendPort\": 22,\r\n          \"protocol\": \"Tcp\"\
        ,\r\n          \"frontendIPConfiguration\": {\r\n            \"id\": \"/subscriptions/00000000-0000-0000-0000-000000000000/resourceGroups/cli_test_vmss_vms000001/providers/Microsoft.Network/loadBalancers/vmss1LB/frontendIPConfigurations/loadBalancerFrontEnd\"\
        \r\n          }\r\n        }\r\n      }\r\n    ]\r\n  },\r\n  \"sku\": {\r\
        \n    \"name\": \"Basic\",\r\n    \"tier\": \"Regional\"\r\n  }\r\n}"}
    headers:
      cache-control: [no-cache]
      content-length: ['10920']
      content-type: [application/json; charset=utf-8]
      date: ['Sat, 21 Jul 2018 04:59:04 GMT']
      etag: [W/"a13a5e48-0a2a-48b5-a90b-e0c8b12cb50e"]
      expires: ['-1']
      pragma: [no-cache]
      server: [Microsoft-HTTPAPI/2.0, Microsoft-HTTPAPI/2.0]
      strict-transport-security: [max-age=31536000; includeSubDomains]
      transfer-encoding: [chunked]
      vary: [Accept-Encoding]
      x-content-type-options: [nosniff]
    status: {code: 200, message: OK}
- request:
    body: null
    headers:
      Accept: [application/json]
      Accept-Encoding: ['gzip, deflate']
      CommandName: [vmss list-instance-connection-info]
      Connection: [keep-alive]
      Content-Type: [application/json; charset=utf-8]
      User-Agent: [python/3.5.2 (Windows-10-10.0.17134-SP0) requests/2.19.1 msrest/0.5.4
          msrest_azure/0.4.34 networkmanagementclient/2.0.0rc3 Azure-SDK-For-Python
          AZURECLI/2.0.43]
      accept-language: [en-US]
    method: GET
    uri: https://management.azure.com/subscriptions/00000000-0000-0000-0000-000000000000/resourceGroups/cli_test_vmss_vms000001/providers/Microsoft.Network/publicIPAddresses/vmss1LBPublicIP?api-version=2017-10-01
  response:
    body: {string: "{\r\n  \"name\": \"vmss1LBPublicIP\",\r\n  \"id\": \"/subscriptions/00000000-0000-0000-0000-000000000000/resourceGroups/cli_test_vmss_vms000001/providers/Microsoft.Network/publicIPAddresses/vmss1LBPublicIP\"\
        ,\r\n  \"etag\": \"W/\\\"8b083295-7c0a-4dcc-be7f-cc4255821d92\\\"\",\r\n \
        \ \"location\": \"westus\",\r\n  \"tags\": {},\r\n  \"properties\": {\r\n\
        \    \"provisioningState\": \"Succeeded\",\r\n    \"resourceGuid\": \"5176e725-2922-495a-bfdf-3f3f2e47e7b2\"\
        ,\r\n    \"ipAddress\": \"104.42.255.181\",\r\n    \"publicIPAddressVersion\"\
        : \"IPv4\",\r\n    \"publicIPAllocationMethod\": \"Dynamic\",\r\n    \"idleTimeoutInMinutes\"\
        : 4,\r\n    \"ipTags\": [],\r\n    \"ipConfiguration\": {\r\n      \"id\"\
        : \"/subscriptions/00000000-0000-0000-0000-000000000000/resourceGroups/cli_test_vmss_vms000001/providers/Microsoft.Network/loadBalancers/vmss1LB/frontendIPConfigurations/loadBalancerFrontEnd\"\
        \r\n    }\r\n  },\r\n  \"type\": \"Microsoft.Network/publicIPAddresses\",\r\
        \n  \"sku\": {\r\n    \"name\": \"Basic\",\r\n    \"tier\": \"Regional\"\r\
        \n  }\r\n}"}
    headers:
      cache-control: [no-cache]
      content-length: ['1043']
      content-type: [application/json; charset=utf-8]
      date: ['Sat, 21 Jul 2018 04:59:04 GMT']
      etag: [W/"8b083295-7c0a-4dcc-be7f-cc4255821d92"]
      expires: ['-1']
      pragma: [no-cache]
      server: [Microsoft-HTTPAPI/2.0, Microsoft-HTTPAPI/2.0]
      strict-transport-security: [max-age=31536000; includeSubDomains]
      transfer-encoding: [chunked]
      vary: [Accept-Encoding]
      x-content-type-options: [nosniff]
    status: {code: 200, message: OK}
- request:
    body: null
    headers:
      Accept: [application/json]
      Accept-Encoding: ['gzip, deflate']
      CommandName: [vmss restart]
      Connection: [keep-alive]
      Content-Length: ['0']
      Content-Type: [application/json; charset=utf-8]
      User-Agent: [python/3.5.2 (Windows-10-10.0.17134-SP0) requests/2.19.1 msrest/0.5.4
          msrest_azure/0.4.34 computemanagementclient/4.0.0rc2 Azure-SDK-For-Python
          AZURECLI/2.0.43]
      accept-language: [en-US]
    method: POST
    uri: https://management.azure.com/subscriptions/00000000-0000-0000-0000-000000000000/resourceGroups/cli_test_vmss_vms000001/providers/Microsoft.Compute/virtualMachineScaleSets/vmss1/virtualmachines/%2A/restart?api-version=2017-03-30
  response:
    body: {string: ''}
    headers:
      azure-asyncoperation: ['https://management.azure.com/subscriptions/00000000-0000-0000-0000-000000000000/providers/Microsoft.Compute/locations/westus/operations/da3b3919-cc2e-42c9-bb38-c605b3563294?api-version=2017-03-30']
      cache-control: [no-cache]
      content-length: ['0']
      date: ['Sat, 21 Jul 2018 04:59:04 GMT']
      expires: ['-1']
      location: ['https://management.azure.com/subscriptions/00000000-0000-0000-0000-000000000000/providers/Microsoft.Compute/locations/westus/operations/da3b3919-cc2e-42c9-bb38-c605b3563294?monitor=true&api-version=2017-03-30']
      pragma: [no-cache]
      server: [Microsoft-HTTPAPI/2.0, Microsoft-HTTPAPI/2.0]
      strict-transport-security: [max-age=31536000; includeSubDomains]
      x-content-type-options: [nosniff]
      x-ms-ratelimit-remaining-resource: ['Microsoft.Compute/VMScaleSetActions3Min;239,Microsoft.Compute/VMScaleSetActions30Min;1199,Microsoft.Compute/VMScaleSetVMActions3Min;199,Microsoft.Compute/VMScaleSetVMActions30Min;999,Microsoft.Compute/VMScaleSetBatchedVMRequests5Min;1194,Microsoft.Compute/VmssQueuedVMOperations;4798']
      x-ms-ratelimit-remaining-subscription-writes: ['1199']
      x-ms-request-charge: ['2']
    status: {code: 202, message: Accepted}
- request:
    body: null
    headers:
      Accept: [application/json]
      Accept-Encoding: ['gzip, deflate']
      CommandName: [vmss restart]
      Connection: [keep-alive]
      User-Agent: [python/3.5.2 (Windows-10-10.0.17134-SP0) requests/2.19.1 msrest/0.5.4
          msrest_azure/0.4.34 computemanagementclient/4.0.0rc2 Azure-SDK-For-Python
          AZURECLI/2.0.43]
    method: GET
    uri: https://management.azure.com/subscriptions/00000000-0000-0000-0000-000000000000/providers/Microsoft.Compute/locations/westus/operations/da3b3919-cc2e-42c9-bb38-c605b3563294?api-version=2017-03-30
  response:
    body: {string: "{\r\n  \"startTime\": \"2018-07-21T04:59:05.3106229+00:00\",\r\
        \n  \"status\": \"InProgress\",\r\n  \"name\": \"da3b3919-cc2e-42c9-bb38-c605b3563294\"\
        \r\n}"}
    headers:
      cache-control: [no-cache]
      content-length: ['134']
      content-type: [application/json; charset=utf-8]
      date: ['Sat, 21 Jul 2018 04:59:35 GMT']
      expires: ['-1']
      pragma: [no-cache]
      server: [Microsoft-HTTPAPI/2.0, Microsoft-HTTPAPI/2.0]
      strict-transport-security: [max-age=31536000; includeSubDomains]
      transfer-encoding: [chunked]
      vary: [Accept-Encoding]
      x-content-type-options: [nosniff]
      x-ms-ratelimit-remaining-resource: ['Microsoft.Compute/GetOperation3Min;14986,Microsoft.Compute/GetOperation30Min;29911']
    status: {code: 200, message: OK}
- request:
    body: null
    headers:
      Accept: [application/json]
      Accept-Encoding: ['gzip, deflate']
      CommandName: [vmss restart]
      Connection: [keep-alive]
      User-Agent: [python/3.5.2 (Windows-10-10.0.17134-SP0) requests/2.19.1 msrest/0.5.4
          msrest_azure/0.4.34 computemanagementclient/4.0.0rc2 Azure-SDK-For-Python
          AZURECLI/2.0.43]
    method: GET
    uri: https://management.azure.com/subscriptions/00000000-0000-0000-0000-000000000000/providers/Microsoft.Compute/locations/westus/operations/da3b3919-cc2e-42c9-bb38-c605b3563294?api-version=2017-03-30
  response:
    body: {string: "{\r\n  \"startTime\": \"2018-07-21T04:59:05.3106229+00:00\",\r\
        \n  \"status\": \"InProgress\",\r\n  \"name\": \"da3b3919-cc2e-42c9-bb38-c605b3563294\"\
        \r\n}"}
    headers:
      cache-control: [no-cache]
      content-length: ['134']
      content-type: [application/json; charset=utf-8]
      date: ['Sat, 21 Jul 2018 05:00:05 GMT']
      expires: ['-1']
      pragma: [no-cache]
      server: [Microsoft-HTTPAPI/2.0, Microsoft-HTTPAPI/2.0]
      strict-transport-security: [max-age=31536000; includeSubDomains]
      transfer-encoding: [chunked]
      vary: [Accept-Encoding]
      x-content-type-options: [nosniff]
      x-ms-ratelimit-remaining-resource: ['Microsoft.Compute/GetOperation3Min;14986,Microsoft.Compute/GetOperation30Min;29919']
    status: {code: 200, message: OK}
- request:
    body: null
    headers:
      Accept: [application/json]
      Accept-Encoding: ['gzip, deflate']
      CommandName: [vmss restart]
      Connection: [keep-alive]
      User-Agent: [python/3.5.2 (Windows-10-10.0.17134-SP0) requests/2.19.1 msrest/0.5.4
          msrest_azure/0.4.34 computemanagementclient/4.0.0rc2 Azure-SDK-For-Python
          AZURECLI/2.0.43]
    method: GET
    uri: https://management.azure.com/subscriptions/00000000-0000-0000-0000-000000000000/providers/Microsoft.Compute/locations/westus/operations/da3b3919-cc2e-42c9-bb38-c605b3563294?api-version=2017-03-30
  response:
    body: {string: "{\r\n  \"startTime\": \"2018-07-21T04:59:05.3106229+00:00\",\r\
        \n  \"endTime\": \"2018-07-21T05:00:12.1728805+00:00\",\r\n  \"status\": \"\
        Succeeded\",\r\n  \"name\": \"da3b3919-cc2e-42c9-bb38-c605b3563294\"\r\n}"}
    headers:
      cache-control: [no-cache]
      content-length: ['184']
      content-type: [application/json; charset=utf-8]
      date: ['Sat, 21 Jul 2018 05:00:36 GMT']
      expires: ['-1']
      pragma: [no-cache]
      server: [Microsoft-HTTPAPI/2.0, Microsoft-HTTPAPI/2.0]
      strict-transport-security: [max-age=31536000; includeSubDomains]
      transfer-encoding: [chunked]
      vary: [Accept-Encoding]
      x-content-type-options: [nosniff]
      x-ms-ratelimit-remaining-resource: ['Microsoft.Compute/GetOperation3Min;14987,Microsoft.Compute/GetOperation30Min;29917']
    status: {code: 200, message: OK}
- request:
    body: null
    headers:
      Accept: [application/json]
      Accept-Encoding: ['gzip, deflate']
      CommandName: [vmss get-instance-view]
      Connection: [keep-alive]
      Content-Type: [application/json; charset=utf-8]
      User-Agent: [python/3.5.2 (Windows-10-10.0.17134-SP0) requests/2.19.1 msrest/0.5.4
          msrest_azure/0.4.34 computemanagementclient/4.0.0rc2 Azure-SDK-For-Python
          AZURECLI/2.0.43]
      accept-language: [en-US]
    method: GET
    uri: https://management.azure.com/subscriptions/00000000-0000-0000-0000-000000000000/resourceGroups/cli_test_vmss_vms000001/providers/Microsoft.Compute/virtualMachineScaleSets/vmss1/virtualmachines/0/instanceView?api-version=2017-03-30
  response:
    body: {string: "{\r\n  \"placementGroupId\": \"0e169313-f3ef-4b0c-ad46-92e4fd535e7a\"\
        ,\r\n  \"platformUpdateDomain\": 0,\r\n  \"platformFaultDomain\": 0,\r\n \
        \ \"vmAgent\": {\r\n    \"vmAgentVersion\": \"2.2.26\",\r\n    \"statuses\"\
        : [\r\n      {\r\n        \"code\": \"ProvisioningState/succeeded\",\r\n \
        \       \"level\": \"Info\",\r\n        \"displayStatus\": \"Ready\",\r\n\
        \        \"message\": \"Guest Agent is running\",\r\n        \"time\": \"\
        2018-07-21T05:00:37+00:00\"\r\n      }\r\n    ],\r\n    \"extensionHandlers\"\
        : []\r\n  },\r\n  \"disks\": [\r\n    {\r\n      \"name\": \"vmss1_vmss1_0_OsDisk_1_c81d98ff5ec043e0a44d7f8a95b2f7e2\"\
        ,\r\n      \"statuses\": [\r\n        {\r\n          \"code\": \"ProvisioningState/succeeded\"\
        ,\r\n          \"level\": \"Info\",\r\n          \"displayStatus\": \"Provisioning\
        \ succeeded\",\r\n          \"time\": \"2018-07-21T04:58:15.1160319+00:00\"\
        \r\n        }\r\n      ]\r\n    }\r\n  ],\r\n  \"statuses\": [\r\n    {\r\n\
        \      \"code\": \"ProvisioningState/succeeded\",\r\n      \"level\": \"Info\"\
        ,\r\n      \"displayStatus\": \"Provisioning succeeded\",\r\n      \"time\"\
        : \"2018-07-21T04:59:35.1857024+00:00\"\r\n    },\r\n    {\r\n      \"code\"\
        : \"PowerState/running\",\r\n      \"level\": \"Info\",\r\n      \"displayStatus\"\
        : \"VM running\"\r\n    }\r\n  ]\r\n}"}
    headers:
      cache-control: [no-cache]
      content-length: ['1122']
      content-type: [application/json; charset=utf-8]
      date: ['Sat, 21 Jul 2018 05:00:37 GMT']
      expires: ['-1']
      pragma: [no-cache]
      server: [Microsoft-HTTPAPI/2.0, Microsoft-HTTPAPI/2.0]
      strict-transport-security: [max-age=31536000; includeSubDomains]
      transfer-encoding: [chunked]
      vary: [Accept-Encoding]
      x-content-type-options: [nosniff]
      x-ms-ratelimit-remaining-resource: ['Microsoft.Compute/GetVMScaleSetVM3Min;498,Microsoft.Compute/GetVMScaleSetVM30Min;2498,Microsoft.Compute/VMScaleSetVMViews3Min;4986']
      x-ms-request-charge: ['1']
    status: {code: 200, message: OK}
- request:
    body: null
    headers:
      Accept: [application/json]
      Accept-Encoding: ['gzip, deflate']
      CommandName: [vmss get-instance-view]
      Connection: [keep-alive]
      Content-Type: [application/json; charset=utf-8]
      User-Agent: [python/3.5.2 (Windows-10-10.0.17134-SP0) requests/2.19.1 msrest/0.5.4
          msrest_azure/0.4.34 computemanagementclient/4.0.0rc2 Azure-SDK-For-Python
          AZURECLI/2.0.43]
      accept-language: [en-US]
    method: GET
    uri: https://management.azure.com/subscriptions/00000000-0000-0000-0000-000000000000/resourceGroups/cli_test_vmss_vms000001/providers/Microsoft.Compute/virtualMachineScaleSets/vmss1/virtualmachines/1/instanceView?api-version=2017-03-30
  response:
    body: {string: "{\r\n  \"placementGroupId\": \"0e169313-f3ef-4b0c-ad46-92e4fd535e7a\"\
        ,\r\n  \"platformUpdateDomain\": 1,\r\n  \"platformFaultDomain\": 1,\r\n \
        \ \"vmAgent\": {\r\n    \"vmAgentVersion\": \"2.2.26\",\r\n    \"statuses\"\
        : [\r\n      {\r\n        \"code\": \"ProvisioningState/succeeded\",\r\n \
        \       \"level\": \"Info\",\r\n        \"displayStatus\": \"Ready\",\r\n\
        \        \"message\": \"Guest Agent is running\",\r\n        \"time\": \"\
        2018-07-21T05:00:38+00:00\"\r\n      }\r\n    ],\r\n    \"extensionHandlers\"\
        : []\r\n  },\r\n  \"disks\": [\r\n    {\r\n      \"name\": \"vmss1_vmss1_1_OsDisk_1_052cb802face46c9a230a4243ada2872\"\
        ,\r\n      \"statuses\": [\r\n        {\r\n          \"code\": \"ProvisioningState/succeeded\"\
        ,\r\n          \"level\": \"Info\",\r\n          \"displayStatus\": \"Provisioning\
        \ succeeded\",\r\n          \"time\": \"2018-07-21T04:58:15.1160319+00:00\"\
        \r\n        }\r\n      ]\r\n    }\r\n  ],\r\n  \"statuses\": [\r\n    {\r\n\
        \      \"code\": \"ProvisioningState/succeeded\",\r\n      \"level\": \"Info\"\
        ,\r\n      \"displayStatus\": \"Provisioning succeeded\",\r\n      \"time\"\
        : \"2018-07-21T04:59:34.1857252+00:00\"\r\n    },\r\n    {\r\n      \"code\"\
        : \"PowerState/running\",\r\n      \"level\": \"Info\",\r\n      \"displayStatus\"\
        : \"VM running\"\r\n    }\r\n  ]\r\n}"}
    headers:
      cache-control: [no-cache]
      content-length: ['1122']
      content-type: [application/json; charset=utf-8]
      date: ['Sat, 21 Jul 2018 05:00:38 GMT']
      expires: ['-1']
      pragma: [no-cache]
      server: [Microsoft-HTTPAPI/2.0, Microsoft-HTTPAPI/2.0]
      strict-transport-security: [max-age=31536000; includeSubDomains]
      transfer-encoding: [chunked]
      vary: [Accept-Encoding]
      x-content-type-options: [nosniff]
      x-ms-ratelimit-remaining-resource: ['Microsoft.Compute/GetVMScaleSetVM3Min;497,Microsoft.Compute/GetVMScaleSetVM30Min;2497,Microsoft.Compute/VMScaleSetVMViews3Min;4985']
      x-ms-request-charge: ['1']
    status: {code: 200, message: OK}
- request:
    body: null
    headers:
      Accept: [application/json]
      Accept-Encoding: ['gzip, deflate']
      CommandName: [vmss stop]
      Connection: [keep-alive]
      Content-Length: ['0']
      Content-Type: [application/json; charset=utf-8]
      User-Agent: [python/3.5.2 (Windows-10-10.0.17134-SP0) requests/2.19.1 msrest/0.5.4
          msrest_azure/0.4.34 computemanagementclient/4.0.0rc2 Azure-SDK-For-Python
          AZURECLI/2.0.43]
      accept-language: [en-US]
    method: POST
    uri: https://management.azure.com/subscriptions/00000000-0000-0000-0000-000000000000/resourceGroups/cli_test_vmss_vms000001/providers/Microsoft.Compute/virtualMachineScaleSets/vmss1/virtualmachines/%2A/poweroff?api-version=2017-03-30
  response:
    body: {string: ''}
    headers:
      azure-asyncoperation: ['https://management.azure.com/subscriptions/00000000-0000-0000-0000-000000000000/providers/Microsoft.Compute/locations/westus/operations/17e11fd0-4627-43eb-a21b-eaa840acd284?api-version=2017-03-30']
      cache-control: [no-cache]
      content-length: ['0']
      date: ['Sat, 21 Jul 2018 05:00:38 GMT']
      expires: ['-1']
      location: ['https://management.azure.com/subscriptions/00000000-0000-0000-0000-000000000000/providers/Microsoft.Compute/locations/westus/operations/17e11fd0-4627-43eb-a21b-eaa840acd284?monitor=true&api-version=2017-03-30']
      pragma: [no-cache]
      server: [Microsoft-HTTPAPI/2.0, Microsoft-HTTPAPI/2.0]
      strict-transport-security: [max-age=31536000; includeSubDomains]
      x-content-type-options: [nosniff]
      x-ms-ratelimit-remaining-resource: ['Microsoft.Compute/DeleteVMScaleSetVM3Min;239,Microsoft.Compute/DeleteVMScaleSetVM30Min;1199,Microsoft.Compute/VMScaleSetBatchedVMRequests5Min;1192,Microsoft.Compute/VmssQueuedVMOperations;4798']
      x-ms-ratelimit-remaining-subscription-writes: ['1199']
      x-ms-request-charge: ['2']
    status: {code: 202, message: Accepted}
- request:
    body: null
    headers:
      Accept: [application/json]
      Accept-Encoding: ['gzip, deflate']
      CommandName: [vmss stop]
      Connection: [keep-alive]
      User-Agent: [python/3.5.2 (Windows-10-10.0.17134-SP0) requests/2.19.1 msrest/0.5.4
          msrest_azure/0.4.34 computemanagementclient/4.0.0rc2 Azure-SDK-For-Python
          AZURECLI/2.0.43]
    method: GET
    uri: https://management.azure.com/subscriptions/00000000-0000-0000-0000-000000000000/providers/Microsoft.Compute/locations/westus/operations/17e11fd0-4627-43eb-a21b-eaa840acd284?api-version=2017-03-30
  response:
    body: {string: "{\r\n  \"startTime\": \"2018-07-21T05:00:39.344442+00:00\",\r\n\
        \  \"endTime\": \"2018-07-21T05:00:52.892274+00:00\",\r\n  \"status\": \"\
        Succeeded\",\r\n  \"name\": \"17e11fd0-4627-43eb-a21b-eaa840acd284\"\r\n}"}
    headers:
      cache-control: [no-cache]
      content-length: ['182']
      content-type: [application/json; charset=utf-8]
      date: ['Sat, 21 Jul 2018 05:01:09 GMT']
      expires: ['-1']
      pragma: [no-cache]
      server: [Microsoft-HTTPAPI/2.0, Microsoft-HTTPAPI/2.0]
      strict-transport-security: [max-age=31536000; includeSubDomains]
      transfer-encoding: [chunked]
      vary: [Accept-Encoding]
      x-content-type-options: [nosniff]
      x-ms-ratelimit-remaining-resource: ['Microsoft.Compute/GetOperation3Min;14989,Microsoft.Compute/GetOperation30Min;29915']
    status: {code: 200, message: OK}
- request:
    body: null
    headers:
      Accept: [application/json]
      Accept-Encoding: ['gzip, deflate']
      CommandName: [vmss get-instance-view]
      Connection: [keep-alive]
      Content-Type: [application/json; charset=utf-8]
      User-Agent: [python/3.5.2 (Windows-10-10.0.17134-SP0) requests/2.19.1 msrest/0.5.4
          msrest_azure/0.4.34 computemanagementclient/4.0.0rc2 Azure-SDK-For-Python
          AZURECLI/2.0.43]
      accept-language: [en-US]
    method: GET
    uri: https://management.azure.com/subscriptions/00000000-0000-0000-0000-000000000000/resourceGroups/cli_test_vmss_vms000001/providers/Microsoft.Compute/virtualMachineScaleSets/vmss1/virtualmachines/0/instanceView?api-version=2017-03-30
  response:
    body: {string: "{\r\n  \"placementGroupId\": \"0e169313-f3ef-4b0c-ad46-92e4fd535e7a\"\
        ,\r\n  \"platformUpdateDomain\": 0,\r\n  \"platformFaultDomain\": 0,\r\n \
        \ \"vmAgent\": {\r\n    \"vmAgentVersion\": \"2.2.26\",\r\n    \"statuses\"\
        : [\r\n      {\r\n        \"code\": \"ProvisioningState/succeeded\",\r\n \
        \       \"level\": \"Info\",\r\n        \"displayStatus\": \"Ready\",\r\n\
        \        \"message\": \"Guest Agent is running\",\r\n        \"time\": \"\
        2018-07-21T05:00:40+00:00\"\r\n      }\r\n    ],\r\n    \"extensionHandlers\"\
        : []\r\n  },\r\n  \"disks\": [\r\n    {\r\n      \"name\": \"vmss1_vmss1_0_OsDisk_1_c81d98ff5ec043e0a44d7f8a95b2f7e2\"\
        ,\r\n      \"statuses\": [\r\n        {\r\n          \"code\": \"ProvisioningState/succeeded\"\
        ,\r\n          \"level\": \"Info\",\r\n          \"displayStatus\": \"Provisioning\
        \ succeeded\",\r\n          \"time\": \"2018-07-21T04:58:15.1160319+00:00\"\
        \r\n        }\r\n      ]\r\n    }\r\n  ],\r\n  \"statuses\": [\r\n    {\r\n\
        \      \"code\": \"ProvisioningState/succeeded\",\r\n      \"level\": \"Info\"\
        ,\r\n      \"displayStatus\": \"Provisioning succeeded\",\r\n      \"time\"\
        : \"2018-07-21T05:00:52.8610288+00:00\"\r\n    },\r\n    {\r\n      \"code\"\
        : \"PowerState/stopped\",\r\n      \"level\": \"Info\",\r\n      \"displayStatus\"\
        : \"VM stopped\"\r\n    }\r\n  ]\r\n}"}
    headers:
      cache-control: [no-cache]
      content-length: ['1122']
      content-type: [application/json; charset=utf-8]
      date: ['Sat, 21 Jul 2018 05:01:10 GMT']
      expires: ['-1']
      pragma: [no-cache]
      server: [Microsoft-HTTPAPI/2.0, Microsoft-HTTPAPI/2.0]
      strict-transport-security: [max-age=31536000; includeSubDomains]
      transfer-encoding: [chunked]
      vary: [Accept-Encoding]
      x-content-type-options: [nosniff]
      x-ms-ratelimit-remaining-resource: ['Microsoft.Compute/GetVMScaleSetVM3Min;496,Microsoft.Compute/GetVMScaleSetVM30Min;2496,Microsoft.Compute/VMScaleSetVMViews3Min;4992']
      x-ms-request-charge: ['1']
    status: {code: 200, message: OK}
- request:
    body: null
    headers:
      Accept: [application/json]
      Accept-Encoding: ['gzip, deflate']
      CommandName: [vmss get-instance-view]
      Connection: [keep-alive]
      Content-Type: [application/json; charset=utf-8]
      User-Agent: [python/3.5.2 (Windows-10-10.0.17134-SP0) requests/2.19.1 msrest/0.5.4
          msrest_azure/0.4.34 computemanagementclient/4.0.0rc2 Azure-SDK-For-Python
          AZURECLI/2.0.43]
      accept-language: [en-US]
    method: GET
    uri: https://management.azure.com/subscriptions/00000000-0000-0000-0000-000000000000/resourceGroups/cli_test_vmss_vms000001/providers/Microsoft.Compute/virtualMachineScaleSets/vmss1/virtualmachines/1/instanceView?api-version=2017-03-30
  response:
    body: {string: "{\r\n  \"placementGroupId\": \"0e169313-f3ef-4b0c-ad46-92e4fd535e7a\"\
        ,\r\n  \"platformUpdateDomain\": 1,\r\n  \"platformFaultDomain\": 1,\r\n \
        \ \"vmAgent\": {\r\n    \"vmAgentVersion\": \"2.2.26\",\r\n    \"statuses\"\
        : [\r\n      {\r\n        \"code\": \"ProvisioningState/succeeded\",\r\n \
        \       \"level\": \"Info\",\r\n        \"displayStatus\": \"Ready\",\r\n\
        \        \"message\": \"Guest Agent is running\",\r\n        \"time\": \"\
        2018-07-21T05:00:41+00:00\"\r\n      }\r\n    ],\r\n    \"extensionHandlers\"\
        : []\r\n  },\r\n  \"disks\": [\r\n    {\r\n      \"name\": \"vmss1_vmss1_1_OsDisk_1_052cb802face46c9a230a4243ada2872\"\
        ,\r\n      \"statuses\": [\r\n        {\r\n          \"code\": \"ProvisioningState/succeeded\"\
        ,\r\n          \"level\": \"Info\",\r\n          \"displayStatus\": \"Provisioning\
        \ succeeded\",\r\n          \"time\": \"2018-07-21T04:58:15.1160319+00:00\"\
        \r\n        }\r\n      ]\r\n    }\r\n  ],\r\n  \"statuses\": [\r\n    {\r\n\
        \      \"code\": \"ProvisioningState/succeeded\",\r\n      \"level\": \"Info\"\
        ,\r\n      \"displayStatus\": \"Provisioning succeeded\",\r\n      \"time\"\
        : \"2018-07-21T05:00:50.7673059+00:00\"\r\n    },\r\n    {\r\n      \"code\"\
        : \"PowerState/stopped\",\r\n      \"level\": \"Info\",\r\n      \"displayStatus\"\
        : \"VM stopped\"\r\n    }\r\n  ]\r\n}"}
    headers:
      cache-control: [no-cache]
      content-length: ['1122']
      content-type: [application/json; charset=utf-8]
      date: ['Sat, 21 Jul 2018 05:01:11 GMT']
      expires: ['-1']
      pragma: [no-cache]
      server: [Microsoft-HTTPAPI/2.0, Microsoft-HTTPAPI/2.0]
      strict-transport-security: [max-age=31536000; includeSubDomains]
      transfer-encoding: [chunked]
      vary: [Accept-Encoding]
      x-content-type-options: [nosniff]
      x-ms-ratelimit-remaining-resource: ['Microsoft.Compute/GetVMScaleSetVM3Min;495,Microsoft.Compute/GetVMScaleSetVM30Min;2495,Microsoft.Compute/VMScaleSetVMViews3Min;4991']
      x-ms-request-charge: ['1']
    status: {code: 200, message: OK}
- request:
    body: null
    headers:
      Accept: [application/json]
      Accept-Encoding: ['gzip, deflate']
      CommandName: [vmss start]
      Connection: [keep-alive]
      Content-Length: ['0']
      Content-Type: [application/json; charset=utf-8]
      User-Agent: [python/3.5.2 (Windows-10-10.0.17134-SP0) requests/2.19.1 msrest/0.5.4
          msrest_azure/0.4.34 computemanagementclient/4.0.0rc2 Azure-SDK-For-Python
          AZURECLI/2.0.43]
      accept-language: [en-US]
    method: POST
    uri: https://management.azure.com/subscriptions/00000000-0000-0000-0000-000000000000/resourceGroups/cli_test_vmss_vms000001/providers/Microsoft.Compute/virtualMachineScaleSets/vmss1/virtualmachines/%2A/start?api-version=2017-03-30
  response:
    body: {string: ''}
    headers:
      azure-asyncoperation: ['https://management.azure.com/subscriptions/00000000-0000-0000-0000-000000000000/providers/Microsoft.Compute/locations/westus/operations/144749b1-d26e-4598-88ef-0745f1572f1a?api-version=2017-03-30']
      cache-control: [no-cache]
      content-length: ['0']
      date: ['Sat, 21 Jul 2018 05:01:12 GMT']
      expires: ['-1']
      location: ['https://management.azure.com/subscriptions/00000000-0000-0000-0000-000000000000/providers/Microsoft.Compute/locations/westus/operations/144749b1-d26e-4598-88ef-0745f1572f1a?monitor=true&api-version=2017-03-30']
      pragma: [no-cache]
      server: [Microsoft-HTTPAPI/2.0, Microsoft-HTTPAPI/2.0]
      strict-transport-security: [max-age=31536000; includeSubDomains]
      x-content-type-options: [nosniff]
      x-ms-ratelimit-remaining-resource: ['Microsoft.Compute/VMScaleSetActions3Min;238,Microsoft.Compute/VMScaleSetActions30Min;1198,Microsoft.Compute/VMScaleSetVMActions3Min;198,Microsoft.Compute/VMScaleSetVMActions30Min;998,Microsoft.Compute/VMScaleSetBatchedVMRequests5Min;1194,Microsoft.Compute/VmssQueuedVMOperations;4798']
      x-ms-ratelimit-remaining-subscription-writes: ['1199']
      x-ms-request-charge: ['2']
    status: {code: 202, message: Accepted}
- request:
    body: null
    headers:
      Accept: [application/json]
      Accept-Encoding: ['gzip, deflate']
      CommandName: [vmss start]
      Connection: [keep-alive]
      User-Agent: [python/3.5.2 (Windows-10-10.0.17134-SP0) requests/2.19.1 msrest/0.5.4
          msrest_azure/0.4.34 computemanagementclient/4.0.0rc2 Azure-SDK-For-Python
          AZURECLI/2.0.43]
    method: GET
    uri: https://management.azure.com/subscriptions/00000000-0000-0000-0000-000000000000/providers/Microsoft.Compute/locations/westus/operations/144749b1-d26e-4598-88ef-0745f1572f1a?api-version=2017-03-30
  response:
    body: {string: "{\r\n  \"startTime\": \"2018-07-21T05:01:12.4241616+00:00\",\r\
        \n  \"endTime\": \"2018-07-21T05:01:25.362041+00:00\",\r\n  \"status\": \"\
        Succeeded\",\r\n  \"name\": \"144749b1-d26e-4598-88ef-0745f1572f1a\"\r\n}"}
    headers:
      cache-control: [no-cache]
      content-length: ['183']
      content-type: [application/json; charset=utf-8]
      date: ['Sat, 21 Jul 2018 05:01:42 GMT']
      expires: ['-1']
      pragma: [no-cache]
      server: [Microsoft-HTTPAPI/2.0, Microsoft-HTTPAPI/2.0]
      strict-transport-security: [max-age=31536000; includeSubDomains]
      transfer-encoding: [chunked]
      vary: [Accept-Encoding]
      x-content-type-options: [nosniff]
      x-ms-ratelimit-remaining-resource: ['Microsoft.Compute/GetOperation3Min;14988,Microsoft.Compute/GetOperation30Min;29913']
    status: {code: 200, message: OK}
- request:
    body: null
    headers:
      Accept: [application/json]
      Accept-Encoding: ['gzip, deflate']
      CommandName: [vmss get-instance-view]
      Connection: [keep-alive]
      Content-Type: [application/json; charset=utf-8]
      User-Agent: [python/3.5.2 (Windows-10-10.0.17134-SP0) requests/2.19.1 msrest/0.5.4
          msrest_azure/0.4.34 computemanagementclient/4.0.0rc2 Azure-SDK-For-Python
          AZURECLI/2.0.43]
      accept-language: [en-US]
    method: GET
    uri: https://management.azure.com/subscriptions/00000000-0000-0000-0000-000000000000/resourceGroups/cli_test_vmss_vms000001/providers/Microsoft.Compute/virtualMachineScaleSets/vmss1/virtualmachines/0/instanceView?api-version=2017-03-30
  response:
    body: {string: "{\r\n  \"placementGroupId\": \"0e169313-f3ef-4b0c-ad46-92e4fd535e7a\"\
        ,\r\n  \"platformUpdateDomain\": 0,\r\n  \"platformFaultDomain\": 0,\r\n \
        \ \"vmAgent\": {\r\n    \"vmAgentVersion\": \"2.2.26\",\r\n    \"statuses\"\
        : [\r\n      {\r\n        \"code\": \"ProvisioningState/succeeded\",\r\n \
        \       \"level\": \"Info\",\r\n        \"displayStatus\": \"Ready\",\r\n\
        \        \"message\": \"Guest Agent is running\",\r\n        \"time\": \"\
        2018-07-21T05:00:40+00:00\"\r\n      }\r\n    ],\r\n    \"extensionHandlers\"\
        : []\r\n  },\r\n  \"disks\": [\r\n    {\r\n      \"name\": \"vmss1_vmss1_0_OsDisk_1_c81d98ff5ec043e0a44d7f8a95b2f7e2\"\
        ,\r\n      \"statuses\": [\r\n        {\r\n          \"code\": \"ProvisioningState/succeeded\"\
        ,\r\n          \"level\": \"Info\",\r\n          \"displayStatus\": \"Provisioning\
        \ succeeded\",\r\n          \"time\": \"2018-07-21T04:58:15.1160319+00:00\"\
        \r\n        }\r\n      ]\r\n    }\r\n  ],\r\n  \"statuses\": [\r\n    {\r\n\
        \      \"code\": \"ProvisioningState/succeeded\",\r\n      \"level\": \"Info\"\
        ,\r\n      \"displayStatus\": \"Provisioning succeeded\",\r\n      \"time\"\
        : \"2018-07-21T05:01:21.2996174+00:00\"\r\n    },\r\n    {\r\n      \"code\"\
        : \"PowerState/running\",\r\n      \"level\": \"Info\",\r\n      \"displayStatus\"\
        : \"VM running\"\r\n    }\r\n  ]\r\n}"}
    headers:
      cache-control: [no-cache]
      content-length: ['1122']
      content-type: [application/json; charset=utf-8]
      date: ['Sat, 21 Jul 2018 05:01:43 GMT']
      expires: ['-1']
      pragma: [no-cache]
      server: [Microsoft-HTTPAPI/2.0, Microsoft-HTTPAPI/2.0]
      strict-transport-security: [max-age=31536000; includeSubDomains]
      transfer-encoding: [chunked]
      vary: [Accept-Encoding]
      x-content-type-options: [nosniff]
      x-ms-ratelimit-remaining-resource: ['Microsoft.Compute/GetVMScaleSetVM3Min;494,Microsoft.Compute/GetVMScaleSetVM30Min;2494,Microsoft.Compute/VMScaleSetVMViews3Min;4990']
      x-ms-request-charge: ['1']
    status: {code: 200, message: OK}
- request:
    body: null
    headers:
      Accept: [application/json]
      Accept-Encoding: ['gzip, deflate']
      CommandName: [vmss get-instance-view]
      Connection: [keep-alive]
      Content-Type: [application/json; charset=utf-8]
      User-Agent: [python/3.5.2 (Windows-10-10.0.17134-SP0) requests/2.19.1 msrest/0.5.4
          msrest_azure/0.4.34 computemanagementclient/4.0.0rc2 Azure-SDK-For-Python
          AZURECLI/2.0.43]
      accept-language: [en-US]
    method: GET
    uri: https://management.azure.com/subscriptions/00000000-0000-0000-0000-000000000000/resourceGroups/cli_test_vmss_vms000001/providers/Microsoft.Compute/virtualMachineScaleSets/vmss1/virtualmachines/1/instanceView?api-version=2017-03-30
  response:
    body: {string: "{\r\n  \"placementGroupId\": \"0e169313-f3ef-4b0c-ad46-92e4fd535e7a\"\
        ,\r\n  \"platformUpdateDomain\": 1,\r\n  \"platformFaultDomain\": 1,\r\n \
        \ \"vmAgent\": {\r\n    \"vmAgentVersion\": \"2.2.26\",\r\n    \"statuses\"\
        : [\r\n      {\r\n        \"code\": \"ProvisioningState/succeeded\",\r\n \
        \       \"level\": \"Info\",\r\n        \"displayStatus\": \"Ready\",\r\n\
        \        \"message\": \"Guest Agent is running\",\r\n        \"time\": \"\
        2018-07-21T05:00:41+00:00\"\r\n      }\r\n    ],\r\n    \"extensionHandlers\"\
        : []\r\n  },\r\n  \"disks\": [\r\n    {\r\n      \"name\": \"vmss1_vmss1_1_OsDisk_1_052cb802face46c9a230a4243ada2872\"\
        ,\r\n      \"statuses\": [\r\n        {\r\n          \"code\": \"ProvisioningState/succeeded\"\
        ,\r\n          \"level\": \"Info\",\r\n          \"displayStatus\": \"Provisioning\
        \ succeeded\",\r\n          \"time\": \"2018-07-21T04:58:15.1160319+00:00\"\
        \r\n        }\r\n      ]\r\n    }\r\n  ],\r\n  \"statuses\": [\r\n    {\r\n\
        \      \"code\": \"ProvisioningState/succeeded\",\r\n      \"level\": \"Info\"\
        ,\r\n      \"displayStatus\": \"Provisioning succeeded\",\r\n      \"time\"\
        : \"2018-07-21T05:01:25.3308086+00:00\"\r\n    },\r\n    {\r\n      \"code\"\
        : \"PowerState/running\",\r\n      \"level\": \"Info\",\r\n      \"displayStatus\"\
        : \"VM running\"\r\n    }\r\n  ]\r\n}"}
    headers:
      cache-control: [no-cache]
      content-length: ['1122']
      content-type: [application/json; charset=utf-8]
      date: ['Sat, 21 Jul 2018 05:01:44 GMT']
      expires: ['-1']
      pragma: [no-cache]
      server: [Microsoft-HTTPAPI/2.0, Microsoft-HTTPAPI/2.0]
      strict-transport-security: [max-age=31536000; includeSubDomains]
      transfer-encoding: [chunked]
      vary: [Accept-Encoding]
      x-content-type-options: [nosniff]
      x-ms-ratelimit-remaining-resource: ['Microsoft.Compute/GetVMScaleSetVM3Min;493,Microsoft.Compute/GetVMScaleSetVM30Min;2493,Microsoft.Compute/VMScaleSetVMViews3Min;4989']
      x-ms-request-charge: ['1']
    status: {code: 200, message: OK}
- request:
    body: null
    headers:
      Accept: [application/json]
      Accept-Encoding: ['gzip, deflate']
      CommandName: [vmss deallocate]
      Connection: [keep-alive]
      Content-Length: ['0']
      Content-Type: [application/json; charset=utf-8]
      User-Agent: [python/3.5.2 (Windows-10-10.0.17134-SP0) requests/2.19.1 msrest/0.5.4
          msrest_azure/0.4.34 computemanagementclient/4.0.0rc2 Azure-SDK-For-Python
          AZURECLI/2.0.43]
      accept-language: [en-US]
    method: POST
    uri: https://management.azure.com/subscriptions/00000000-0000-0000-0000-000000000000/resourceGroups/cli_test_vmss_vms000001/providers/Microsoft.Compute/virtualMachineScaleSets/vmss1/virtualmachines/%2A/deallocate?api-version=2017-03-30
  response:
    body: {string: ''}
    headers:
      azure-asyncoperation: ['https://management.azure.com/subscriptions/00000000-0000-0000-0000-000000000000/providers/Microsoft.Compute/locations/westus/operations/e61c82ef-7a99-4718-8b7a-05804f387167?api-version=2017-03-30']
      cache-control: [no-cache]
      content-length: ['0']
      date: ['Sat, 21 Jul 2018 05:01:45 GMT']
      expires: ['-1']
      location: ['https://management.azure.com/subscriptions/00000000-0000-0000-0000-000000000000/providers/Microsoft.Compute/locations/westus/operations/e61c82ef-7a99-4718-8b7a-05804f387167?monitor=true&api-version=2017-03-30']
      pragma: [no-cache]
      server: [Microsoft-HTTPAPI/2.0, Microsoft-HTTPAPI/2.0]
      strict-transport-security: [max-age=31536000; includeSubDomains]
      x-content-type-options: [nosniff]
      x-ms-ratelimit-remaining-resource: ['Microsoft.Compute/DeleteVMScaleSetVM3Min;238,Microsoft.Compute/DeleteVMScaleSetVM30Min;1198,Microsoft.Compute/VMScaleSetBatchedVMRequests5Min;1192,Microsoft.Compute/VmssQueuedVMOperations;4798']
      x-ms-ratelimit-remaining-subscription-writes: ['1199']
      x-ms-request-charge: ['2']
    status: {code: 202, message: Accepted}
- request:
    body: null
    headers:
      Accept: [application/json]
      Accept-Encoding: ['gzip, deflate']
      CommandName: [vmss deallocate]
      Connection: [keep-alive]
      User-Agent: [python/3.5.2 (Windows-10-10.0.17134-SP0) requests/2.19.1 msrest/0.5.4
          msrest_azure/0.4.34 computemanagementclient/4.0.0rc2 Azure-SDK-For-Python
          AZURECLI/2.0.43]
    method: GET
    uri: https://management.azure.com/subscriptions/00000000-0000-0000-0000-000000000000/providers/Microsoft.Compute/locations/westus/operations/e61c82ef-7a99-4718-8b7a-05804f387167?api-version=2017-03-30
  response:
    body: {string: "{\r\n  \"startTime\": \"2018-07-21T05:01:45.2052814+00:00\",\r\
        \n  \"status\": \"InProgress\",\r\n  \"name\": \"e61c82ef-7a99-4718-8b7a-05804f387167\"\
        \r\n}"}
    headers:
      cache-control: [no-cache]
      content-length: ['134']
      content-type: [application/json; charset=utf-8]
      date: ['Sat, 21 Jul 2018 05:02:15 GMT']
      expires: ['-1']
      pragma: [no-cache]
      server: [Microsoft-HTTPAPI/2.0, Microsoft-HTTPAPI/2.0]
      strict-transport-security: [max-age=31536000; includeSubDomains]
      transfer-encoding: [chunked]
      vary: [Accept-Encoding]
      x-content-type-options: [nosniff]
      x-ms-ratelimit-remaining-resource: ['Microsoft.Compute/GetOperation3Min;14988,Microsoft.Compute/GetOperation30Min;29911']
    status: {code: 200, message: OK}
- request:
    body: null
    headers:
      Accept: [application/json]
      Accept-Encoding: ['gzip, deflate']
      CommandName: [vmss deallocate]
      Connection: [keep-alive]
      User-Agent: [python/3.5.2 (Windows-10-10.0.17134-SP0) requests/2.19.1 msrest/0.5.4
          msrest_azure/0.4.34 computemanagementclient/4.0.0rc2 Azure-SDK-For-Python
          AZURECLI/2.0.43]
    method: GET
    uri: https://management.azure.com/subscriptions/00000000-0000-0000-0000-000000000000/providers/Microsoft.Compute/locations/westus/operations/e61c82ef-7a99-4718-8b7a-05804f387167?api-version=2017-03-30
  response:
    body: {string: "{\r\n  \"startTime\": \"2018-07-21T05:01:45.2052814+00:00\",\r\
        \n  \"status\": \"InProgress\",\r\n  \"name\": \"e61c82ef-7a99-4718-8b7a-05804f387167\"\
        \r\n}"}
    headers:
      cache-control: [no-cache]
      content-length: ['134']
      content-type: [application/json; charset=utf-8]
      date: ['Sat, 21 Jul 2018 05:02:46 GMT']
      expires: ['-1']
      pragma: [no-cache]
      server: [Microsoft-HTTPAPI/2.0, Microsoft-HTTPAPI/2.0]
      strict-transport-security: [max-age=31536000; includeSubDomains]
      transfer-encoding: [chunked]
      vary: [Accept-Encoding]
      x-content-type-options: [nosniff]
      x-ms-ratelimit-remaining-resource: ['Microsoft.Compute/GetOperation3Min;14988,Microsoft.Compute/GetOperation30Min;29908']
    status: {code: 200, message: OK}
- request:
    body: null
    headers:
      Accept: [application/json]
      Accept-Encoding: ['gzip, deflate']
      CommandName: [vmss deallocate]
      Connection: [keep-alive]
      User-Agent: [python/3.5.2 (Windows-10-10.0.17134-SP0) requests/2.19.1 msrest/0.5.4
          msrest_azure/0.4.34 computemanagementclient/4.0.0rc2 Azure-SDK-For-Python
          AZURECLI/2.0.43]
    method: GET
    uri: https://management.azure.com/subscriptions/00000000-0000-0000-0000-000000000000/providers/Microsoft.Compute/locations/westus/operations/e61c82ef-7a99-4718-8b7a-05804f387167?api-version=2017-03-30
  response:
    body: {string: "{\r\n  \"startTime\": \"2018-07-21T05:01:45.2052814+00:00\",\r\
        \n  \"status\": \"InProgress\",\r\n  \"name\": \"e61c82ef-7a99-4718-8b7a-05804f387167\"\
        \r\n}"}
    headers:
      cache-control: [no-cache]
      content-length: ['134']
      content-type: [application/json; charset=utf-8]
      date: ['Sat, 21 Jul 2018 05:03:17 GMT']
      expires: ['-1']
      pragma: [no-cache]
      server: [Microsoft-HTTPAPI/2.0, Microsoft-HTTPAPI/2.0]
      strict-transport-security: [max-age=31536000; includeSubDomains]
      transfer-encoding: [chunked]
      vary: [Accept-Encoding]
      x-content-type-options: [nosniff]
      x-ms-ratelimit-remaining-resource: ['Microsoft.Compute/GetOperation3Min;14987,Microsoft.Compute/GetOperation30Min;29905']
    status: {code: 200, message: OK}
- request:
    body: null
    headers:
      Accept: [application/json]
      Accept-Encoding: ['gzip, deflate']
      CommandName: [vmss deallocate]
      Connection: [keep-alive]
      User-Agent: [python/3.5.2 (Windows-10-10.0.17134-SP0) requests/2.19.1 msrest/0.5.4
          msrest_azure/0.4.34 computemanagementclient/4.0.0rc2 Azure-SDK-For-Python
          AZURECLI/2.0.43]
    method: GET
    uri: https://management.azure.com/subscriptions/00000000-0000-0000-0000-000000000000/providers/Microsoft.Compute/locations/westus/operations/e61c82ef-7a99-4718-8b7a-05804f387167?api-version=2017-03-30
  response:
    body: {string: "{\r\n  \"startTime\": \"2018-07-21T05:01:45.2052814+00:00\",\r\
        \n  \"endTime\": \"2018-07-21T05:03:28.6481067+00:00\",\r\n  \"status\": \"\
        Succeeded\",\r\n  \"name\": \"e61c82ef-7a99-4718-8b7a-05804f387167\"\r\n}"}
    headers:
      cache-control: [no-cache]
      content-length: ['184']
      content-type: [application/json; charset=utf-8]
      date: ['Sat, 21 Jul 2018 05:03:48 GMT']
      expires: ['-1']
      pragma: [no-cache]
      server: [Microsoft-HTTPAPI/2.0, Microsoft-HTTPAPI/2.0]
      strict-transport-security: [max-age=31536000; includeSubDomains]
      transfer-encoding: [chunked]
      vary: [Accept-Encoding]
      x-content-type-options: [nosniff]
      x-ms-ratelimit-remaining-resource: ['Microsoft.Compute/GetOperation3Min;14986,Microsoft.Compute/GetOperation30Min;29902']
    status: {code: 200, message: OK}
- request:
    body: null
    headers:
      Accept: [application/json]
      Accept-Encoding: ['gzip, deflate']
      CommandName: [vmss get-instance-view]
      Connection: [keep-alive]
      Content-Type: [application/json; charset=utf-8]
      User-Agent: [python/3.5.2 (Windows-10-10.0.17134-SP0) requests/2.19.1 msrest/0.5.4
          msrest_azure/0.4.34 computemanagementclient/4.0.0rc2 Azure-SDK-For-Python
          AZURECLI/2.0.43]
      accept-language: [en-US]
    method: GET
    uri: https://management.azure.com/subscriptions/00000000-0000-0000-0000-000000000000/resourceGroups/cli_test_vmss_vms000001/providers/Microsoft.Compute/virtualMachineScaleSets/vmss1/virtualmachines/0/instanceView?api-version=2017-03-30
  response:
    body: {string: "{\r\n  \"placementGroupId\": \"0e169313-f3ef-4b0c-ad46-92e4fd535e7a\"\
        ,\r\n  \"platformUpdateDomain\": 0,\r\n  \"platformFaultDomain\": 0,\r\n \
        \ \"disks\": [\r\n    {\r\n      \"name\": \"vmss1_vmss1_0_OsDisk_1_c81d98ff5ec043e0a44d7f8a95b2f7e2\"\
        ,\r\n      \"statuses\": [\r\n        {\r\n          \"code\": \"ProvisioningState/succeeded\"\
        ,\r\n          \"level\": \"Info\",\r\n          \"displayStatus\": \"Provisioning\
        \ succeeded\",\r\n          \"time\": \"2018-07-21T05:03:28.6168583+00:00\"\
        \r\n        }\r\n      ]\r\n    }\r\n  ],\r\n  \"statuses\": [\r\n    {\r\n\
        \      \"code\": \"ProvisioningState/succeeded\",\r\n      \"level\": \"Info\"\
        ,\r\n      \"displayStatus\": \"Provisioning succeeded\",\r\n      \"time\"\
        : \"2018-07-21T05:03:28.6324801+00:00\"\r\n    },\r\n    {\r\n      \"code\"\
        : \"PowerState/deallocated\",\r\n      \"level\": \"Info\",\r\n      \"displayStatus\"\
        : \"VM deallocated\"\r\n    }\r\n  ]\r\n}"}
    headers:
      cache-control: [no-cache]
      content-length: ['801']
      content-type: [application/json; charset=utf-8]
      date: ['Sat, 21 Jul 2018 05:03:49 GMT']
      expires: ['-1']
      pragma: [no-cache]
      server: [Microsoft-HTTPAPI/2.0, Microsoft-HTTPAPI/2.0]
      strict-transport-security: [max-age=31536000; includeSubDomains]
      transfer-encoding: [chunked]
      vary: [Accept-Encoding]
      x-content-type-options: [nosniff]
      x-ms-ratelimit-remaining-resource: ['Microsoft.Compute/GetVMScaleSetVM3Min;495,Microsoft.Compute/GetVMScaleSetVM30Min;2492,Microsoft.Compute/VMScaleSetVMViews3Min;4995']
      x-ms-request-charge: ['1']
    status: {code: 200, message: OK}
- request:
    body: null
    headers:
      Accept: [application/json]
      Accept-Encoding: ['gzip, deflate']
      CommandName: [vmss get-instance-view]
      Connection: [keep-alive]
      Content-Type: [application/json; charset=utf-8]
      User-Agent: [python/3.5.2 (Windows-10-10.0.17134-SP0) requests/2.19.1 msrest/0.5.4
          msrest_azure/0.4.34 computemanagementclient/4.0.0rc2 Azure-SDK-For-Python
          AZURECLI/2.0.43]
      accept-language: [en-US]
    method: GET
    uri: https://management.azure.com/subscriptions/00000000-0000-0000-0000-000000000000/resourceGroups/cli_test_vmss_vms000001/providers/Microsoft.Compute/virtualMachineScaleSets/vmss1/virtualmachines/1/instanceView?api-version=2017-03-30
  response:
    body: {string: "{\r\n  \"placementGroupId\": \"0e169313-f3ef-4b0c-ad46-92e4fd535e7a\"\
        ,\r\n  \"platformUpdateDomain\": 1,\r\n  \"platformFaultDomain\": 1,\r\n \
        \ \"disks\": [\r\n    {\r\n      \"name\": \"vmss1_vmss1_1_OsDisk_1_052cb802face46c9a230a4243ada2872\"\
        ,\r\n      \"statuses\": [\r\n        {\r\n          \"code\": \"ProvisioningState/succeeded\"\
        ,\r\n          \"level\": \"Info\",\r\n          \"displayStatus\": \"Provisioning\
        \ succeeded\",\r\n          \"time\": \"2018-07-21T05:03:28.4137372+00:00\"\
        \r\n        }\r\n      ]\r\n    }\r\n  ],\r\n  \"statuses\": [\r\n    {\r\n\
        \      \"code\": \"ProvisioningState/succeeded\",\r\n      \"level\": \"Info\"\
        ,\r\n      \"displayStatus\": \"Provisioning succeeded\",\r\n      \"time\"\
        : \"2018-07-21T05:03:28.4293596+00:00\"\r\n    },\r\n    {\r\n      \"code\"\
        : \"PowerState/deallocated\",\r\n      \"level\": \"Info\",\r\n      \"displayStatus\"\
        : \"VM deallocated\"\r\n    }\r\n  ]\r\n}"}
    headers:
      cache-control: [no-cache]
      content-length: ['801']
      content-type: [application/json; charset=utf-8]
      date: ['Sat, 21 Jul 2018 05:03:50 GMT']
      expires: ['-1']
      pragma: [no-cache]
      server: [Microsoft-HTTPAPI/2.0, Microsoft-HTTPAPI/2.0]
      strict-transport-security: [max-age=31536000; includeSubDomains]
      transfer-encoding: [chunked]
      vary: [Accept-Encoding]
      x-content-type-options: [nosniff]
      x-ms-ratelimit-remaining-resource: ['Microsoft.Compute/GetVMScaleSetVM3Min;494,Microsoft.Compute/GetVMScaleSetVM30Min;2491,Microsoft.Compute/VMScaleSetVMViews3Min;4994']
      x-ms-request-charge: ['1']
    status: {code: 200, message: OK}
- request:
    body: null
    headers:
      Accept: [application/json]
      Accept-Encoding: ['gzip, deflate']
      CommandName: [vmss delete-instances]
      Connection: [keep-alive]
      Content-Length: ['0']
      Content-Type: [application/json; charset=utf-8]
      User-Agent: [python/3.5.2 (Windows-10-10.0.17134-SP0) requests/2.19.1 msrest/0.5.4
          msrest_azure/0.4.34 computemanagementclient/4.0.0rc2 Azure-SDK-For-Python
          AZURECLI/2.0.43]
      accept-language: [en-US]
    method: DELETE
    uri: https://management.azure.com/subscriptions/00000000-0000-0000-0000-000000000000/resourceGroups/cli_test_vmss_vms000001/providers/Microsoft.Compute/virtualMachineScaleSets/vmss1/virtualmachines/%2A?api-version=2017-03-30
  response:
    body: {string: ''}
    headers:
      azure-asyncoperation: ['https://management.azure.com/subscriptions/00000000-0000-0000-0000-000000000000/providers/Microsoft.Compute/locations/westus/operations/b5fe2978-3676-42c7-9836-8287b2d882a6?api-version=2017-03-30']
      cache-control: [no-cache]
      content-length: ['0']
      date: ['Sat, 21 Jul 2018 05:03:51 GMT']
      expires: ['-1']
      location: ['https://management.azure.com/subscriptions/00000000-0000-0000-0000-000000000000/providers/Microsoft.Compute/locations/westus/operations/b5fe2978-3676-42c7-9836-8287b2d882a6?monitor=true&api-version=2017-03-30']
      pragma: [no-cache]
      server: [Microsoft-HTTPAPI/2.0, Microsoft-HTTPAPI/2.0]
      strict-transport-security: [max-age=31536000; includeSubDomains]
      x-content-type-options: [nosniff]
      x-ms-ratelimit-remaining-resource: ['Microsoft.Compute/DeleteVMScaleSetVM3Min;238,Microsoft.Compute/DeleteVMScaleSetVM30Min;1197,Microsoft.Compute/VMScaleSetBatchedVMRequests5Min;1190,Microsoft.Compute/VmssQueuedVMOperations;4798']
      x-ms-ratelimit-remaining-subscription-deletes: ['14999']
      x-ms-request-charge: ['2']
    status: {code: 202, message: Accepted}
- request:
    body: null
    headers:
      Accept: [application/json]
      Accept-Encoding: ['gzip, deflate']
      CommandName: [vmss delete-instances]
      Connection: [keep-alive]
      User-Agent: [python/3.5.2 (Windows-10-10.0.17134-SP0) requests/2.19.1 msrest/0.5.4
          msrest_azure/0.4.34 computemanagementclient/4.0.0rc2 Azure-SDK-For-Python
          AZURECLI/2.0.43]
    method: GET
    uri: https://management.azure.com/subscriptions/00000000-0000-0000-0000-000000000000/providers/Microsoft.Compute/locations/westus/operations/b5fe2978-3676-42c7-9836-8287b2d882a6?api-version=2017-03-30
  response:
    body: {string: "{\r\n  \"startTime\": \"2018-07-21T05:03:52.2881313+00:00\",\r\
        \n  \"endTime\": \"2018-07-21T05:04:03.524431+00:00\",\r\n  \"status\": \"\
        Succeeded\",\r\n  \"name\": \"b5fe2978-3676-42c7-9836-8287b2d882a6\"\r\n}"}
    headers:
      cache-control: [no-cache]
      content-length: ['183']
      content-type: [application/json; charset=utf-8]
      date: ['Sat, 21 Jul 2018 05:04:22 GMT']
      expires: ['-1']
      pragma: [no-cache]
      server: [Microsoft-HTTPAPI/2.0, Microsoft-HTTPAPI/2.0]
      strict-transport-security: [max-age=31536000; includeSubDomains]
      transfer-encoding: [chunked]
      vary: [Accept-Encoding]
      x-content-type-options: [nosniff]
      x-ms-ratelimit-remaining-resource: ['Microsoft.Compute/GetOperation3Min;14986,Microsoft.Compute/GetOperation30Min;29900']
    status: {code: 200, message: OK}
- request:
    body: null
    headers:
      Accept: [application/json]
      Accept-Encoding: ['gzip, deflate']
      CommandName: [vmss list-instances]
      Connection: [keep-alive]
      Content-Type: [application/json; charset=utf-8]
      User-Agent: [python/3.5.2 (Windows-10-10.0.17134-SP0) requests/2.19.1 msrest/0.5.4
          msrest_azure/0.4.34 computemanagementclient/4.0.0rc2 Azure-SDK-For-Python
          AZURECLI/2.0.43]
      accept-language: [en-US]
    method: GET
    uri: https://management.azure.com/subscriptions/00000000-0000-0000-0000-000000000000/resourceGroups/cli_test_vmss_vms000001/providers/Microsoft.Compute/virtualMachineScaleSets/vmss1/virtualMachines?api-version=2017-03-30
  response:
    body: {string: "{\r\n  \"value\": []\r\n}"}
    headers:
      cache-control: [no-cache]
      content-length: ['19']
      content-type: [application/json; charset=utf-8]
      date: ['Sat, 21 Jul 2018 05:04:23 GMT']
      expires: ['-1']
      pragma: [no-cache]
      server: [Microsoft-HTTPAPI/2.0, Microsoft-HTTPAPI/2.0]
      strict-transport-security: [max-age=31536000; includeSubDomains]
      transfer-encoding: [chunked]
      vary: [Accept-Encoding]
      x-content-type-options: [nosniff]
      x-ms-ratelimit-remaining-resource: ['Microsoft.Compute/HighCostGetVMScaleSet3Min;179,Microsoft.Compute/HighCostGetVMScaleSet30Min;894']
    status: {code: 200, message: OK}
- request:
    body: null
    headers:
      Accept: [application/json]
      Accept-Encoding: ['gzip, deflate']
      CommandName: [group delete]
      Connection: [keep-alive]
      Content-Length: ['0']
      Content-Type: [application/json; charset=utf-8]
      User-Agent: [python/3.5.2 (Windows-10-10.0.17134-SP0) requests/2.19.1 msrest/0.5.4
          msrest_azure/0.4.34 resourcemanagementclient/2.0.0rc2 Azure-SDK-For-Python
          AZURECLI/2.0.43]
      accept-language: [en-US]
    method: DELETE
    uri: https://management.azure.com/subscriptions/00000000-0000-0000-0000-000000000000/resourcegroups/cli_test_vmss_vms000001?api-version=2018-02-01
  response:
    body: {string: ''}
    headers:
      cache-control: [no-cache]
      content-length: ['0']
      date: ['Sat, 21 Jul 2018 05:04:25 GMT']
      expires: ['-1']
      location: ['https://management.azure.com/subscriptions/00000000-0000-0000-0000-000000000000/operationresults/eyJqb2JJZCI6IlJFU09VUkNFR1JPVVBERUxFVElPTkpPQi1DTEk6NUZURVNUOjVGVk1TUzo1RlZNUzNENUsyUENTWTdLUUJST0tPQlM1U1lZUHw2OTRDNDJBOTc2MTBGMTUzLVdFU1RVUyIsImpvYkxvY2F0aW9uIjoid2VzdHVzIn0?api-version=2018-02-01']
      pragma: [no-cache]
      strict-transport-security: [max-age=31536000; includeSubDomains]
      x-content-type-options: [nosniff]
      x-ms-ratelimit-remaining-subscription-deletes: ['14999']
    status: {code: 202, message: Accepted}
version: 1
