interactions:
- request:
    body: '{"tags": {"date": "2018-07-21T01:39:35Z", "product": "azurecli", "cause":
      "automation"}, "location": "westus"}'
    headers:
      Accept: [application/json]
      Accept-Encoding: ['gzip, deflate']
      CommandName: [group create]
      Connection: [keep-alive]
      Content-Length: ['110']
      Content-Type: [application/json; charset=utf-8]
      User-Agent: [python/3.5.2 (Windows-10-10.0.17134-SP0) requests/2.19.1 msrest/0.5.4
          msrest_azure/0.4.34 resourcemanagementclient/2.0.0rc2 Azure-SDK-For-Python
          AZURECLI/2.0.43]
      accept-language: [en-US]
    method: PUT
    uri: https://management.azure.com/subscriptions/00000000-0000-0000-0000-000000000000/resourcegroups/cli_test_vm_create_none_options000001?api-version=2018-02-01
  response:
    body: {string: '{"id":"/subscriptions/00000000-0000-0000-0000-000000000000/resourceGroups/cli_test_vm_create_none_options000001","name":"cli_test_vm_create_none_options000001","location":"westus","tags":{"date":"2018-07-21T01:39:35Z","product":"azurecli","cause":"automation"},"properties":{"provisioningState":"Succeeded"}}'}
    headers:
      cache-control: [no-cache]
      content-length: ['384']
      content-type: [application/json; charset=utf-8]
      date: ['Sat, 21 Jul 2018 01:39:35 GMT']
      expires: ['-1']
      pragma: [no-cache]
      strict-transport-security: [max-age=31536000; includeSubDomains]
      x-content-type-options: [nosniff]
      x-ms-ratelimit-remaining-subscription-writes: ['1199']
    status: {code: 201, message: Created}
- request:
    body: null
    headers:
      Accept: ['*/*']
      Accept-Encoding: ['gzip, deflate']
      Connection: [keep-alive]
      User-Agent: [python-requests/2.19.1]
    method: GET
    uri: https://raw.githubusercontent.com/Azure/azure-rest-api-specs/main/arm-compute/quickstart-templates/aliases.json
  response:
    body: {string: "{\n  \"$schema\":\"http://schema.management.azure.com/schemas/2015-01-01/deploymentTemplate.json\"\
        ,\n  \"contentVersion\":\"1.0.0.0\",\n  \"parameters\":{},\n  \"variables\"\
        :{},\n  \"resources\":[],\n\n  \"outputs\":{\n    \"aliases\":{\n      \"\
        type\":\"object\",\n      \"value\":{\n\n        \"Linux\":{\n          \"\
        CentOS\":{\n            \"publisher\":\"OpenLogic\",\n            \"offer\"\
        :\"CentOS\",\n            \"sku\":\"7.3\",\n            \"version\":\"latest\"\
        \n          },\n          \"CoreOS\":{\n            \"publisher\":\"CoreOS\"\
        ,\n            \"offer\":\"CoreOS\",\n            \"sku\":\"Stable\",\n  \
        \          \"version\":\"latest\"\n          },\n          \"Debian\":{\n\
        \            \"publisher\":\"credativ\",\n            \"offer\":\"Debian\"\
        ,\n            \"sku\":\"8\",\n            \"version\":\"latest\"\n      \
        \    },\n          \"openSUSE-Leap\": {\n            \"publisher\":\"SUSE\"\
        ,\n            \"offer\":\"openSUSE-Leap\",\n            \"sku\":\"42.3\"\
        ,\n            \"version\": \"latest\"\n          },\n          \"RHEL\":{\n\
        \            \"publisher\":\"RedHat\",\n            \"offer\":\"RHEL\",\n\
        \            \"sku\":\"7.3\",\n            \"version\":\"latest\"\n      \
        \    },\n          \"SLES\":{\n            \"publisher\":\"SUSE\",\n     \
        \       \"offer\":\"SLES\",\n            \"sku\":\"12-SP2\",\n           \
        \ \"version\":\"latest\"\n          },\n          \"UbuntuLTS\":{\n      \
        \      \"publisher\":\"Canonical\",\n            \"offer\":\"UbuntuServer\"\
        ,\n            \"sku\":\"16.04-LTS\",\n            \"version\":\"latest\"\n\
        \          }\n        },\n\n        \"Windows\":{\n          \"Win2016Datacenter\"\
        :{\n            \"publisher\":\"MicrosoftWindowsServer\",\n            \"\
        offer\":\"WindowsServer\",\n            \"sku\":\"2016-Datacenter\",\n   \
        \         \"version\":\"latest\"\n          },\n          \"Win2012R2Datacenter\"\
        :{\n            \"publisher\":\"MicrosoftWindowsServer\",\n            \"\
        offer\":\"WindowsServer\",\n            \"sku\":\"2012-R2-Datacenter\",\n\
        \            \"version\":\"latest\"\n          },\n          \"Win2012Datacenter\"\
        :{\n            \"publisher\":\"MicrosoftWindowsServer\",\n            \"\
        offer\":\"WindowsServer\",\n            \"sku\":\"2012-Datacenter\",\n   \
        \         \"version\":\"latest\"\n          },\n          \"Win2008R2SP1\"\
        :{\n            \"publisher\":\"MicrosoftWindowsServer\",\n            \"\
        offer\":\"WindowsServer\",\n            \"sku\":\"2008-R2-SP1\",\n       \
        \     \"version\":\"latest\"\n          }\n        }\n      }\n    }\n  }\n\
        }\n"}
    headers:
      accept-ranges: [bytes]
      access-control-allow-origin: ['*']
      cache-control: [max-age=300]
      connection: [keep-alive]
      content-length: ['2235']
      content-security-policy: [default-src 'none'; style-src 'unsafe-inline'; sandbox]
      content-type: [text/plain; charset=utf-8]
      date: ['Sat, 21 Jul 2018 01:39:36 GMT']
      etag: ['"60d07919b4224266adafb81340896eea100dc887"']
      expires: ['Sat, 21 Jul 2018 01:44:36 GMT']
      source-age: ['0']
      strict-transport-security: [max-age=31536000]
      vary: ['Authorization,Accept-Encoding']
      via: [1.1 varnish]
      x-cache: [MISS]
      x-cache-hits: ['0']
      x-content-type-options: [nosniff]
      x-fastly-request-id: [b82a4e56317ceafbf04752f2fe85f891931ff938]
      x-frame-options: [deny]
      x-geo-block-list: ['']
      x-github-request-id: ['93DC:4635:400275:43D893:5B528ED7']
      x-served-by: [cache-dfw18622-DFW]
      x-timer: ['S1532137176.452836,VS0,VE82']
      x-xss-protection: [1; mode=block]
    status: {code: 200, message: OK}
- request:
    body: null
    headers:
      Accept: [application/json]
      Accept-Encoding: ['gzip, deflate']
      CommandName: [vm create]
      Connection: [keep-alive]
      Content-Type: [application/json; charset=utf-8]
      User-Agent: [python/3.5.2 (Windows-10-10.0.17134-SP0) requests/2.19.1 msrest/0.5.4
          msrest_azure/0.4.34 networkmanagementclient/2.0.0rc3 Azure-SDK-For-Python
          AZURECLI/2.0.43]
      accept-language: [en-US]
    method: GET
    uri: https://management.azure.com/subscriptions/00000000-0000-0000-0000-000000000000/resourceGroups/cli_test_vm_create_none_options000001/providers/Microsoft.Network/virtualNetworks?api-version=2017-10-01
  response:
    body: {string: '{"value":[]}'}
    headers:
      cache-control: [no-cache]
      content-length: ['12']
      content-type: [application/json; charset=utf-8]
      date: ['Sat, 21 Jul 2018 01:39:37 GMT']
      expires: ['-1']
      pragma: [no-cache]
      strict-transport-security: [max-age=31536000; includeSubDomains]
      vary: [Accept-Encoding]
      x-content-type-options: [nosniff]
    status: {code: 200, message: OK}
- request:
    body: 'b''{"properties": {"parameters": {}, "mode": "Incremental", "template":
      {"$schema": "https://schema.management.azure.com/schemas/2015-01-01/deploymentTemplate.json#",
      "variables": {}, "outputs": {}, "resources": [{"properties": {"addressSpace":
      {"addressPrefixes": ["10.0.0.0/16"]}, "subnets": [{"properties": {"addressPrefix":
      "10.0.0.0/24"}, "name": "nooptvmSubnet"}]}, "type": "Microsoft.Network/virtualNetworks",
      "dependsOn": [], "name": "nooptvmVNET", "location": "eastus", "tags": {}, "apiVersion":
      "2015-06-15"}, {"properties": {"ipConfigurations": [{"properties": {"privateIPAllocationMethod":
      "Dynamic", "subnet": {"id": "/subscriptions/00000000-0000-0000-0000-000000000000/resourceGroups/cli_test_vm_create_none_options000001/providers/Microsoft.Network/virtualNetworks/nooptvmVNET/subnets/nooptvmSubnet"}},
      "name": "ipconfignooptvm"}]}, "dependsOn": ["Microsoft.Network/virtualNetworks/nooptvmVNET"],
      "type": "Microsoft.Network/networkInterfaces", "name": "nooptvmVMNic", "apiVersion":
      "2015-06-15", "tags": {}, "location": "eastus"}, {"properties": {"osProfile":
      {"adminUsername": "user11", "computerName": "nooptvm", "linuxConfiguration":
      {"disablePasswordAuthentication": true, "ssh": {"publicKeys": [{"keyData": "ssh-rsa
      AAAAB3NzaC1yc2EAAAADAQABAAACAQCbIg1guRHbI0lV11wWDt1r2cUdcNd27CJsg+SfgC7miZeubtwUhbsPdhMQsfDyhOWHq1+ZL0M+nJZV63d/1dhmhtgyOqejUwrPlzKhydsbrsdUor+JmNJDdW01v7BXHyuymT8G4s09jCasNOwiufbP/qp72ruu0bIA1nySsvlf9pCQAuFkAnVnf/rFhUlOkhtRpwcq8SUNY2zRHR/EKb/4NWY1JzR4sa3q2fWIJdrrX0DvLoa5g9bIEd4Df79ba7v+yiUBOS0zT2ll+z4g9izHK3EO5d8hL4jYxcjKs+wcslSYRWrascfscLgMlMGh0CdKeNTDjHpGPncaf3Z+FwwwjWeuiNBxv7bJo13/8B/098KlVDl4GZqsoBCEjPyJfV6hO0y/LkRGkk7oHWKgeWAfKtfLItRp00eZ4fcJNK9kCaSMmEugoZWcI7NGbZXzqFWqbpRI7NcDP9+WIQ+i9U5vqWsqd/zng4kbuAJ6UuKqIzB0upYrLShfQE3SAck8oaLhJqqq56VfDuASNpJKidV+zq27HfSBmbXnkR/5AK337dc3MXKJypoK/QPMLKUAP5XLPbs+NddJQV7EZXd29DLgp+fRIg3edpKdO7ZErWhv7d+3Kws+e1Y+ypmR2WIVSwVyBEUfgv2C8Ts9gnTF4pNcEY/S2aBicz5Ew2+jdyGNQQ==
      test@example.com\\n", "path": "/home/user11/.ssh/authorized_keys"}]}}}, "networkProfile":
      {"networkInterfaces": [{"id": "/subscriptions/00000000-0000-0000-0000-000000000000/resourceGroups/cli_test_vm_create_none_options000001/providers/Microsoft.Network/networkInterfaces/nooptvmVMNic"}]},
      "storageProfile": {"osDisk": {"caching": "ReadWrite", "name": null, "createOption":
      "fromImage", "managedDisk": {"storageAccountType": null}}, "imageReference":
      {"offer": "Debian", "publisher": "credativ", "version": "latest", "sku": "8"}},
      "hardwareProfile": {"vmSize": "Standard_DS1_v2"}}, "dependsOn": ["Microsoft.Network/networkInterfaces/nooptvmVMNic"],
      "type": "Microsoft.Compute/virtualMachines", "name": "nooptvm", "apiVersion":
      "2017-03-30", "tags": {}, "location": "eastus"}], "contentVersion": "1.0.0.0",
      "parameters": {}}}}'''
    headers:
      Accept: [application/json]
      Accept-Encoding: ['gzip, deflate']
      CommandName: [vm create]
      Connection: [keep-alive]
      Content-Length: ['2850']
      Content-Type: [application/json; charset=utf-8]
      User-Agent: [python/3.5.2 (Windows-10-10.0.17134-SP0) requests/2.19.1 msrest/0.5.4
          msrest_azure/0.4.34 resourcemanagementclient/2.0.0rc2 Azure-SDK-For-Python
          AZURECLI/2.0.43]
      accept-language: [en-US]
    method: PUT
    uri: https://management.azure.com/subscriptions/00000000-0000-0000-0000-000000000000/resourcegroups/cli_test_vm_create_none_options000001/providers/Microsoft.Resources/deployments/mock-deployment?api-version=2018-02-01
  response:
    body: {string: '{"id":"/subscriptions/00000000-0000-0000-0000-000000000000/resourceGroups/cli_test_vm_create_none_options000001/providers/Microsoft.Resources/deployments/vm_deploy_qJlYUlHrgziU0o8EZ88aSZhQD4Y6z3TL","name":"vm_deploy_qJlYUlHrgziU0o8EZ88aSZhQD4Y6z3TL","properties":{"templateHash":"14029173662914437884","parameters":{},"mode":"Incremental","provisioningState":"Accepted","timestamp":"2018-07-21T01:39:39.6429943Z","duration":"PT1.1353515S","correlationId":"bdf8db6f-0f88-4d8c-9569-ba81a1d9ac38","providers":[{"namespace":"Microsoft.Network","resourceTypes":[{"resourceType":"virtualNetworks","locations":["eastus"]},{"resourceType":"networkInterfaces","locations":["eastus"]}]},{"namespace":"Microsoft.Compute","resourceTypes":[{"resourceType":"virtualMachines","locations":["eastus"]}]}],"dependencies":[{"dependsOn":[{"id":"/subscriptions/00000000-0000-0000-0000-000000000000/resourceGroups/cli_test_vm_create_none_options000001/providers/Microsoft.Network/virtualNetworks/nooptvmVNET","resourceType":"Microsoft.Network/virtualNetworks","resourceName":"nooptvmVNET"}],"id":"/subscriptions/00000000-0000-0000-0000-000000000000/resourceGroups/cli_test_vm_create_none_options000001/providers/Microsoft.Network/networkInterfaces/nooptvmVMNic","resourceType":"Microsoft.Network/networkInterfaces","resourceName":"nooptvmVMNic"},{"dependsOn":[{"id":"/subscriptions/00000000-0000-0000-0000-000000000000/resourceGroups/cli_test_vm_create_none_options000001/providers/Microsoft.Network/networkInterfaces/nooptvmVMNic","resourceType":"Microsoft.Network/networkInterfaces","resourceName":"nooptvmVMNic"}],"id":"/subscriptions/00000000-0000-0000-0000-000000000000/resourceGroups/cli_test_vm_create_none_options000001/providers/Microsoft.Compute/virtualMachines/nooptvm","resourceType":"Microsoft.Compute/virtualMachines","resourceName":"nooptvm"}]}}'}
    headers:
      azure-asyncoperation: ['https://management.azure.com/subscriptions/00000000-0000-0000-0000-000000000000/resourcegroups/cli_test_vm_create_none_options000001/providers/Microsoft.Resources/deployments/vm_deploy_qJlYUlHrgziU0o8EZ88aSZhQD4Y6z3TL/operationStatuses/08586694697069699767?api-version=2018-02-01']
      cache-control: [no-cache]
      content-length: ['2028']
      content-type: [application/json; charset=utf-8]
      date: ['Sat, 21 Jul 2018 01:39:39 GMT']
      expires: ['-1']
      pragma: [no-cache]
      strict-transport-security: [max-age=31536000; includeSubDomains]
      x-content-type-options: [nosniff]
      x-ms-ratelimit-remaining-subscription-writes: ['1199']
    status: {code: 201, message: Created}
- request:
    body: null
    headers:
      Accept: [application/json]
      Accept-Encoding: ['gzip, deflate']
      CommandName: [vm create]
      Connection: [keep-alive]
      User-Agent: [python/3.5.2 (Windows-10-10.0.17134-SP0) requests/2.19.1 msrest/0.5.4
          msrest_azure/0.4.34 resourcemanagementclient/2.0.0rc2 Azure-SDK-For-Python
          AZURECLI/2.0.43]
    method: GET
    uri: https://management.azure.com/subscriptions/00000000-0000-0000-0000-000000000000/resourcegroups/cli_test_vm_create_none_options000001/providers/Microsoft.Resources/deployments/mock-deployment/operationStatuses/08586694697069699767?api-version=2018-02-01
  response:
    body: {string: '{"status":"Running"}'}
    headers:
      cache-control: [no-cache]
      content-length: ['20']
      content-type: [application/json; charset=utf-8]
      date: ['Sat, 21 Jul 2018 01:40:09 GMT']
      expires: ['-1']
      pragma: [no-cache]
      strict-transport-security: [max-age=31536000; includeSubDomains]
      vary: [Accept-Encoding]
      x-content-type-options: [nosniff]
    status: {code: 200, message: OK}
- request:
    body: null
    headers:
      Accept: [application/json]
      Accept-Encoding: ['gzip, deflate']
      CommandName: [vm create]
      Connection: [keep-alive]
      User-Agent: [python/3.5.2 (Windows-10-10.0.17134-SP0) requests/2.19.1 msrest/0.5.4
          msrest_azure/0.4.34 resourcemanagementclient/2.0.0rc2 Azure-SDK-For-Python
          AZURECLI/2.0.43]
    method: GET
    uri: https://management.azure.com/subscriptions/00000000-0000-0000-0000-000000000000/resourcegroups/cli_test_vm_create_none_options000001/providers/Microsoft.Resources/deployments/mock-deployment/operationStatuses/08586694697069699767?api-version=2018-02-01
  response:
    body: {string: '{"status":"Running"}'}
    headers:
      cache-control: [no-cache]
      content-length: ['20']
      content-type: [application/json; charset=utf-8]
      date: ['Sat, 21 Jul 2018 01:40:40 GMT']
      expires: ['-1']
      pragma: [no-cache]
      strict-transport-security: [max-age=31536000; includeSubDomains]
      vary: [Accept-Encoding]
      x-content-type-options: [nosniff]
    status: {code: 200, message: OK}
- request:
    body: null
    headers:
      Accept: [application/json]
      Accept-Encoding: ['gzip, deflate']
      CommandName: [vm create]
      Connection: [keep-alive]
      User-Agent: [python/3.5.2 (Windows-10-10.0.17134-SP0) requests/2.19.1 msrest/0.5.4
          msrest_azure/0.4.34 resourcemanagementclient/2.0.0rc2 Azure-SDK-For-Python
          AZURECLI/2.0.43]
    method: GET
    uri: https://management.azure.com/subscriptions/00000000-0000-0000-0000-000000000000/resourcegroups/cli_test_vm_create_none_options000001/providers/Microsoft.Resources/deployments/mock-deployment/operationStatuses/08586694697069699767?api-version=2018-02-01
  response:
    body: {string: '{"status":"Running"}'}
    headers:
      cache-control: [no-cache]
      content-length: ['20']
      content-type: [application/json; charset=utf-8]
      date: ['Sat, 21 Jul 2018 01:41:10 GMT']
      expires: ['-1']
      pragma: [no-cache]
      strict-transport-security: [max-age=31536000; includeSubDomains]
      vary: [Accept-Encoding]
      x-content-type-options: [nosniff]
    status: {code: 200, message: OK}
- request:
    body: null
    headers:
      Accept: [application/json]
      Accept-Encoding: ['gzip, deflate']
      CommandName: [vm create]
      Connection: [keep-alive]
      User-Agent: [python/3.5.2 (Windows-10-10.0.17134-SP0) requests/2.19.1 msrest/0.5.4
          msrest_azure/0.4.34 resourcemanagementclient/2.0.0rc2 Azure-SDK-For-Python
          AZURECLI/2.0.43]
    method: GET
    uri: https://management.azure.com/subscriptions/00000000-0000-0000-0000-000000000000/resourcegroups/cli_test_vm_create_none_options000001/providers/Microsoft.Resources/deployments/mock-deployment/operationStatuses/08586694697069699767?api-version=2018-02-01
  response:
    body: {string: '{"status":"Running"}'}
    headers:
      cache-control: [no-cache]
      content-length: ['20']
      content-type: [application/json; charset=utf-8]
      date: ['Sat, 21 Jul 2018 01:41:41 GMT']
      expires: ['-1']
      pragma: [no-cache]
      strict-transport-security: [max-age=31536000; includeSubDomains]
      vary: [Accept-Encoding]
      x-content-type-options: [nosniff]
    status: {code: 200, message: OK}
- request:
    body: null
    headers:
      Accept: [application/json]
      Accept-Encoding: ['gzip, deflate']
      CommandName: [vm create]
      Connection: [keep-alive]
      User-Agent: [python/3.5.2 (Windows-10-10.0.17134-SP0) requests/2.19.1 msrest/0.5.4
          msrest_azure/0.4.34 resourcemanagementclient/2.0.0rc2 Azure-SDK-For-Python
          AZURECLI/2.0.43]
    method: GET
    uri: https://management.azure.com/subscriptions/00000000-0000-0000-0000-000000000000/resourcegroups/cli_test_vm_create_none_options000001/providers/Microsoft.Resources/deployments/mock-deployment/operationStatuses/08586694697069699767?api-version=2018-02-01
  response:
    body: {string: '{"status":"Succeeded"}'}
    headers:
      cache-control: [no-cache]
      content-length: ['22']
      content-type: [application/json; charset=utf-8]
      date: ['Sat, 21 Jul 2018 01:42:11 GMT']
      expires: ['-1']
      pragma: [no-cache]
      strict-transport-security: [max-age=31536000; includeSubDomains]
      vary: [Accept-Encoding]
      x-content-type-options: [nosniff]
    status: {code: 200, message: OK}
- request:
    body: null
    headers:
      Accept: [application/json]
      Accept-Encoding: ['gzip, deflate']
      CommandName: [vm create]
      Connection: [keep-alive]
      User-Agent: [python/3.5.2 (Windows-10-10.0.17134-SP0) requests/2.19.1 msrest/0.5.4
          msrest_azure/0.4.34 resourcemanagementclient/2.0.0rc2 Azure-SDK-For-Python
          AZURECLI/2.0.43]
    method: GET
    uri: https://management.azure.com/subscriptions/00000000-0000-0000-0000-000000000000/resourcegroups/cli_test_vm_create_none_options000001/providers/Microsoft.Resources/deployments/mock-deployment?api-version=2018-02-01
  response:
    body: {string: '{"id":"/subscriptions/00000000-0000-0000-0000-000000000000/resourceGroups/cli_test_vm_create_none_options000001/providers/Microsoft.Resources/deployments/vm_deploy_qJlYUlHrgziU0o8EZ88aSZhQD4Y6z3TL","name":"vm_deploy_qJlYUlHrgziU0o8EZ88aSZhQD4Y6z3TL","properties":{"templateHash":"14029173662914437884","parameters":{},"mode":"Incremental","provisioningState":"Succeeded","timestamp":"2018-07-21T01:42:06.18873Z","duration":"PT2M27.6810872S","correlationId":"bdf8db6f-0f88-4d8c-9569-ba81a1d9ac38","providers":[{"namespace":"Microsoft.Network","resourceTypes":[{"resourceType":"virtualNetworks","locations":["eastus"]},{"resourceType":"networkInterfaces","locations":["eastus"]}]},{"namespace":"Microsoft.Compute","resourceTypes":[{"resourceType":"virtualMachines","locations":["eastus"]}]}],"dependencies":[{"dependsOn":[{"id":"/subscriptions/00000000-0000-0000-0000-000000000000/resourceGroups/cli_test_vm_create_none_options000001/providers/Microsoft.Network/virtualNetworks/nooptvmVNET","resourceType":"Microsoft.Network/virtualNetworks","resourceName":"nooptvmVNET"}],"id":"/subscriptions/00000000-0000-0000-0000-000000000000/resourceGroups/cli_test_vm_create_none_options000001/providers/Microsoft.Network/networkInterfaces/nooptvmVMNic","resourceType":"Microsoft.Network/networkInterfaces","resourceName":"nooptvmVMNic"},{"dependsOn":[{"id":"/subscriptions/00000000-0000-0000-0000-000000000000/resourceGroups/cli_test_vm_create_none_options000001/providers/Microsoft.Network/networkInterfaces/nooptvmVMNic","resourceType":"Microsoft.Network/networkInterfaces","resourceName":"nooptvmVMNic"}],"id":"/subscriptions/00000000-0000-0000-0000-000000000000/resourceGroups/cli_test_vm_create_none_options000001/providers/Microsoft.Compute/virtualMachines/nooptvm","resourceType":"Microsoft.Compute/virtualMachines","resourceName":"nooptvm"}],"outputs":{},"outputResources":[{"id":"/subscriptions/00000000-0000-0000-0000-000000000000/resourceGroups/cli_test_vm_create_none_options000001/providers/Microsoft.Compute/virtualMachines/nooptvm"},{"id":"/subscriptions/00000000-0000-0000-0000-000000000000/resourceGroups/cli_test_vm_create_none_options000001/providers/Microsoft.Network/networkInterfaces/nooptvmVMNic"},{"id":"/subscriptions/00000000-0000-0000-0000-000000000000/resourceGroups/cli_test_vm_create_none_options000001/providers/Microsoft.Network/virtualNetworks/nooptvmVNET"}]}}'}
    headers:
      cache-control: [no-cache]
      content-length: ['2686']
      content-type: [application/json; charset=utf-8]
      date: ['Sat, 21 Jul 2018 01:42:12 GMT']
      expires: ['-1']
      pragma: [no-cache]
      strict-transport-security: [max-age=31536000; includeSubDomains]
      vary: [Accept-Encoding]
      x-content-type-options: [nosniff]
    status: {code: 200, message: OK}
- request:
    body: null
    headers:
      Accept: [application/json]
      Accept-Encoding: ['gzip, deflate']
      CommandName: [vm create]
      Connection: [keep-alive]
      Content-Type: [application/json; charset=utf-8]
      User-Agent: [python/3.5.2 (Windows-10-10.0.17134-SP0) requests/2.19.1 msrest/0.5.4
          msrest_azure/0.4.34 computemanagementclient/4.0.0rc2 Azure-SDK-For-Python
          AZURECLI/2.0.43]
      accept-language: [en-US]
    method: GET
    uri: https://management.azure.com/subscriptions/00000000-0000-0000-0000-000000000000/resourceGroups/cli_test_vm_create_none_options000001/providers/Microsoft.Compute/virtualMachines/nooptvm?$expand=instanceView&api-version=2017-03-30
  response:
    body: {string: "{\r\n  \"properties\": {\r\n    \"vmId\": \"14efaf46-0e5b-4eb0-b48a-d0f4e2e86924\"\
        ,\r\n    \"hardwareProfile\": {\r\n      \"vmSize\": \"Standard_DS1_v2\"\r\
        \n    },\r\n    \"storageProfile\": {\r\n      \"imageReference\": {\r\n \
        \       \"publisher\": \"credativ\",\r\n        \"offer\": \"Debian\",\r\n\
        \        \"sku\": \"8\",\r\n        \"version\": \"latest\"\r\n      },\r\n\
        \      \"osDisk\": {\r\n        \"osType\": \"Linux\",\r\n        \"name\"\
        : \"nooptvm_OsDisk_1_c333f7cf9a4547d998d48186a5b91310\",\r\n        \"createOption\"\
        : \"FromImage\",\r\n        \"caching\": \"ReadWrite\",\r\n        \"managedDisk\"\
        : {\r\n          \"storageAccountType\": \"Premium_LRS\",\r\n          \"\
        id\": \"/subscriptions/00000000-0000-0000-0000-000000000000/resourceGroups/cli_test_vm_create_none_options000001/providers/Microsoft.Compute/disks/nooptvm_OsDisk_1_c333f7cf9a4547d998d48186a5b91310\"\
        \r\n        },\r\n        \"diskSizeGB\": 30\r\n      },\r\n      \"dataDisks\"\
        : []\r\n    },\r\n    \"osProfile\": {\r\n      \"computerName\": \"nooptvm\"\
        ,\r\n      \"adminUsername\": \"user11\",\r\n      \"linuxConfiguration\"\
        : {\r\n        \"disablePasswordAuthentication\": true,\r\n        \"ssh\"\
        : {\r\n          \"publicKeys\": [\r\n            {\r\n              \"path\"\
        : \"/home/user11/.ssh/authorized_keys\",\r\n              \"keyData\": \"\
        ssh-rsa AAAAB3NzaC1yc2EAAAADAQABAAACAQCbIg1guRHbI0lV11wWDt1r2cUdcNd27CJsg+SfgC7miZeubtwUhbsPdhMQsfDyhOWHq1+ZL0M+nJZV63d/1dhmhtgyOqejUwrPlzKhydsbrsdUor+JmNJDdW01v7BXHyuymT8G4s09jCasNOwiufbP/qp72ruu0bIA1nySsvlf9pCQAuFkAnVnf/rFhUlOkhtRpwcq8SUNY2zRHR/EKb/4NWY1JzR4sa3q2fWIJdrrX0DvLoa5g9bIEd4Df79ba7v+yiUBOS0zT2ll+z4g9izHK3EO5d8hL4jYxcjKs+wcslSYRWrascfscLgMlMGh0CdKeNTDjHpGPncaf3Z+FwwwjWeuiNBxv7bJo13/8B/098KlVDl4GZqsoBCEjPyJfV6hO0y/LkRGkk7oHWKgeWAfKtfLItRp00eZ4fcJNK9kCaSMmEugoZWcI7NGbZXzqFWqbpRI7NcDP9+WIQ+i9U5vqWsqd/zng4kbuAJ6UuKqIzB0upYrLShfQE3SAck8oaLhJqqq56VfDuASNpJKidV+zq27HfSBmbXnkR/5AK337dc3MXKJypoK/QPMLKUAP5XLPbs+NddJQV7EZXd29DLgp+fRIg3edpKdO7ZErWhv7d+3Kws+e1Y+ypmR2WIVSwVyBEUfgv2C8Ts9gnTF4pNcEY/S2aBicz5Ew2+jdyGNQQ==\
        \ test@example.com\\n\"\r\n            }\r\n          ]\r\n        }\r\n \
        \     },\r\n      \"secrets\": []\r\n    },\r\n    \"networkProfile\": {\"\
        networkInterfaces\":[{\"id\":\"/subscriptions/00000000-0000-0000-0000-000000000000/resourceGroups/cli_test_vm_create_none_options000001/providers/Microsoft.Network/networkInterfaces/nooptvmVMNic\"\
        }]},\r\n    \"provisioningState\": \"Succeeded\",\r\n    \"instanceView\"\
        : {\r\n      \"vmAgent\": {\r\n        \"vmAgentVersion\": \"2.2.26\",\r\n\
        \        \"statuses\": [\r\n          {\r\n            \"code\": \"ProvisioningState/succeeded\"\
        ,\r\n            \"level\": \"Info\",\r\n            \"displayStatus\": \"\
        Ready\",\r\n            \"message\": \"Guest Agent is running\",\r\n     \
        \       \"time\": \"2018-07-21T01:42:11+00:00\"\r\n          }\r\n       \
        \ ],\r\n        \"extensionHandlers\": []\r\n      },\r\n      \"disks\":\
        \ [\r\n        {\r\n          \"name\": \"nooptvm_OsDisk_1_c333f7cf9a4547d998d48186a5b91310\"\
        ,\r\n          \"statuses\": [\r\n            {\r\n              \"code\"\
        : \"ProvisioningState/succeeded\",\r\n              \"level\": \"Info\",\r\
        \n              \"displayStatus\": \"Provisioning succeeded\",\r\n       \
        \       \"time\": \"2018-07-21T01:40:26.0592929+00:00\"\r\n            }\r\
        \n          ]\r\n        }\r\n      ],\r\n      \"statuses\": [\r\n      \
        \  {\r\n          \"code\": \"ProvisioningState/succeeded\",\r\n         \
        \ \"level\": \"Info\",\r\n          \"displayStatus\": \"Provisioning succeeded\"\
        ,\r\n          \"time\": \"2018-07-21T01:41:49.7997834+00:00\"\r\n       \
        \ },\r\n        {\r\n          \"code\": \"PowerState/running\",\r\n     \
        \     \"level\": \"Info\",\r\n          \"displayStatus\": \"VM running\"\r\
        \n        }\r\n      ]\r\n    }\r\n  },\r\n  \"type\": \"Microsoft.Compute/virtualMachines\"\
        ,\r\n  \"location\": \"eastus\",\r\n  \"tags\": {},\r\n  \"id\": \"/subscriptions/00000000-0000-0000-0000-000000000000/resourceGroups/cli_test_vm_create_none_options000001/providers/Microsoft.Compute/virtualMachines/nooptvm\"\
        ,\r\n  \"name\": \"nooptvm\"\r\n}"}
    headers:
      cache-control: [no-cache]
      content-length: ['3839']
      content-type: [application/json; charset=utf-8]
      date: ['Sat, 21 Jul 2018 01:42:12 GMT']
      expires: ['-1']
      pragma: [no-cache]
      server: [Microsoft-HTTPAPI/2.0, Microsoft-HTTPAPI/2.0]
      strict-transport-security: [max-age=31536000; includeSubDomains]
      transfer-encoding: [chunked]
      vary: [Accept-Encoding]
      x-content-type-options: [nosniff]
      x-ms-ratelimit-remaining-resource: ['Microsoft.Compute/LowCostGet3Min;4195,Microsoft.Compute/LowCostGet30Min;33595']
    status: {code: 200, message: OK}
- request:
    body: null
    headers:
      Accept: [application/json]
      Accept-Encoding: ['gzip, deflate']
      CommandName: [vm create]
      Connection: [keep-alive]
      Content-Type: [application/json; charset=utf-8]
      User-Agent: [python/3.5.2 (Windows-10-10.0.17134-SP0) requests/2.19.1 msrest/0.5.4
          msrest_azure/0.4.34 networkmanagementclient/2.0.0rc3 Azure-SDK-For-Python
          AZURECLI/2.0.43]
      accept-language: [en-US]
    method: GET
    uri: https://management.azure.com/subscriptions/00000000-0000-0000-0000-000000000000/resourceGroups/cli_test_vm_create_none_options000001/providers/Microsoft.Network/networkInterfaces/nooptvmVMNic?api-version=2017-10-01
  response:
    body: {string: "{\r\n  \"name\": \"nooptvmVMNic\",\r\n  \"id\": \"/subscriptions/00000000-0000-0000-0000-000000000000/resourceGroups/cli_test_vm_create_none_options000001/providers/Microsoft.Network/networkInterfaces/nooptvmVMNic\"\
        ,\r\n  \"etag\": \"W/\\\"a53cc30f-110e-4df3-9a64-a9a4586c9e27\\\"\",\r\n \
        \ \"location\": \"eastus\",\r\n  \"tags\": {},\r\n  \"properties\": {\r\n\
        \    \"provisioningState\": \"Succeeded\",\r\n    \"resourceGuid\": \"f61752bd-1197-40f6-9203-a1b7adeab78e\"\
        ,\r\n    \"ipConfigurations\": [\r\n      {\r\n        \"name\": \"ipconfignooptvm\"\
        ,\r\n        \"id\": \"/subscriptions/00000000-0000-0000-0000-000000000000/resourceGroups/cli_test_vm_create_none_options000001/providers/Microsoft.Network/networkInterfaces/nooptvmVMNic/ipConfigurations/ipconfignooptvm\"\
        ,\r\n        \"etag\": \"W/\\\"a53cc30f-110e-4df3-9a64-a9a4586c9e27\\\"\"\
        ,\r\n        \"properties\": {\r\n          \"provisioningState\": \"Succeeded\"\
        ,\r\n          \"privateIPAddress\": \"10.0.0.4\",\r\n          \"privateIPAllocationMethod\"\
        : \"Dynamic\",\r\n          \"subnet\": {\r\n            \"id\": \"/subscriptions/00000000-0000-0000-0000-000000000000/resourceGroups/cli_test_vm_create_none_options000001/providers/Microsoft.Network/virtualNetworks/nooptvmVNET/subnets/nooptvmSubnet\"\
        \r\n          },\r\n          \"primary\": true,\r\n          \"privateIPAddressVersion\"\
        : \"IPv4\",\r\n          \"isInUseWithService\": false\r\n        }\r\n  \
        \    }\r\n    ],\r\n    \"dnsSettings\": {\r\n      \"dnsServers\": [],\r\n\
        \      \"appliedDnsServers\": [],\r\n      \"internalDomainNameSuffix\": \"\
        k00glrs1igyurpyj1shwos4jyb.bx.internal.cloudapp.net\"\r\n    },\r\n    \"\
        macAddress\": \"00-0D-3A-17-87-C0\",\r\n    \"enableAcceleratedNetworking\"\
        : false,\r\n    \"enableIPForwarding\": false,\r\n    \"primary\": true,\r\
        \n    \"virtualMachine\": {\r\n      \"id\": \"/subscriptions/00000000-0000-0000-0000-000000000000/resourceGroups/cli_test_vm_create_none_options000001/providers/Microsoft.Compute/virtualMachines/nooptvm\"\
        \r\n    }\r\n  },\r\n  \"type\": \"Microsoft.Network/networkInterfaces\"\r\
        \n}"}
    headers:
      cache-control: [no-cache]
      content-length: ['2045']
      content-type: [application/json; charset=utf-8]
      date: ['Sat, 21 Jul 2018 01:42:13 GMT']
      etag: [W/"a53cc30f-110e-4df3-9a64-a9a4586c9e27"]
      expires: ['-1']
      pragma: [no-cache]
      server: [Microsoft-HTTPAPI/2.0, Microsoft-HTTPAPI/2.0]
      strict-transport-security: [max-age=31536000; includeSubDomains]
      transfer-encoding: [chunked]
      vary: [Accept-Encoding]
      x-content-type-options: [nosniff]
    status: {code: 200, message: OK}
- request:
    body: null
    headers:
      Accept: [application/json]
      Accept-Encoding: ['gzip, deflate']
      CommandName: [vm show]
      Connection: [keep-alive]
      Content-Type: [application/json; charset=utf-8]
      User-Agent: [python/3.5.2 (Windows-10-10.0.17134-SP0) requests/2.19.1 msrest/0.5.4
          msrest_azure/0.4.34 computemanagementclient/4.0.0rc2 Azure-SDK-For-Python
          AZURECLI/2.0.43]
      accept-language: [en-US]
    method: GET
    uri: https://management.azure.com/subscriptions/00000000-0000-0000-0000-000000000000/resourceGroups/cli_test_vm_create_none_options000001/providers/Microsoft.Compute/virtualMachines/nooptvm?api-version=2017-03-30
  response:
    body: {string: "{\r\n  \"properties\": {\r\n    \"vmId\": \"14efaf46-0e5b-4eb0-b48a-d0f4e2e86924\"\
        ,\r\n    \"hardwareProfile\": {\r\n      \"vmSize\": \"Standard_DS1_v2\"\r\
        \n    },\r\n    \"storageProfile\": {\r\n      \"imageReference\": {\r\n \
        \       \"publisher\": \"credativ\",\r\n        \"offer\": \"Debian\",\r\n\
        \        \"sku\": \"8\",\r\n        \"version\": \"latest\"\r\n      },\r\n\
        \      \"osDisk\": {\r\n        \"osType\": \"Linux\",\r\n        \"name\"\
        : \"nooptvm_OsDisk_1_c333f7cf9a4547d998d48186a5b91310\",\r\n        \"createOption\"\
        : \"FromImage\",\r\n        \"caching\": \"ReadWrite\",\r\n        \"managedDisk\"\
        : {\r\n          \"storageAccountType\": \"Premium_LRS\",\r\n          \"\
        id\": \"/subscriptions/00000000-0000-0000-0000-000000000000/resourceGroups/cli_test_vm_create_none_options000001/providers/Microsoft.Compute/disks/nooptvm_OsDisk_1_c333f7cf9a4547d998d48186a5b91310\"\
        \r\n        },\r\n        \"diskSizeGB\": 30\r\n      },\r\n      \"dataDisks\"\
        : []\r\n    },\r\n    \"osProfile\": {\r\n      \"computerName\": \"nooptvm\"\
        ,\r\n      \"adminUsername\": \"user11\",\r\n      \"linuxConfiguration\"\
        : {\r\n        \"disablePasswordAuthentication\": true,\r\n        \"ssh\"\
        : {\r\n          \"publicKeys\": [\r\n            {\r\n              \"path\"\
        : \"/home/user11/.ssh/authorized_keys\",\r\n              \"keyData\": \"\
        ssh-rsa AAAAB3NzaC1yc2EAAAADAQABAAACAQCbIg1guRHbI0lV11wWDt1r2cUdcNd27CJsg+SfgC7miZeubtwUhbsPdhMQsfDyhOWHq1+ZL0M+nJZV63d/1dhmhtgyOqejUwrPlzKhydsbrsdUor+JmNJDdW01v7BXHyuymT8G4s09jCasNOwiufbP/qp72ruu0bIA1nySsvlf9pCQAuFkAnVnf/rFhUlOkhtRpwcq8SUNY2zRHR/EKb/4NWY1JzR4sa3q2fWIJdrrX0DvLoa5g9bIEd4Df79ba7v+yiUBOS0zT2ll+z4g9izHK3EO5d8hL4jYxcjKs+wcslSYRWrascfscLgMlMGh0CdKeNTDjHpGPncaf3Z+FwwwjWeuiNBxv7bJo13/8B/098KlVDl4GZqsoBCEjPyJfV6hO0y/LkRGkk7oHWKgeWAfKtfLItRp00eZ4fcJNK9kCaSMmEugoZWcI7NGbZXzqFWqbpRI7NcDP9+WIQ+i9U5vqWsqd/zng4kbuAJ6UuKqIzB0upYrLShfQE3SAck8oaLhJqqq56VfDuASNpJKidV+zq27HfSBmbXnkR/5AK337dc3MXKJypoK/QPMLKUAP5XLPbs+NddJQV7EZXd29DLgp+fRIg3edpKdO7ZErWhv7d+3Kws+e1Y+ypmR2WIVSwVyBEUfgv2C8Ts9gnTF4pNcEY/S2aBicz5Ew2+jdyGNQQ==\
        \ test@example.com\\n\"\r\n            }\r\n          ]\r\n        }\r\n \
        \     },\r\n      \"secrets\": []\r\n    },\r\n    \"networkProfile\": {\"\
        networkInterfaces\":[{\"id\":\"/subscriptions/00000000-0000-0000-0000-000000000000/resourceGroups/cli_test_vm_create_none_options000001/providers/Microsoft.Network/networkInterfaces/nooptvmVMNic\"\
        }]},\r\n    \"provisioningState\": \"Succeeded\"\r\n  },\r\n  \"type\": \"\
        Microsoft.Compute/virtualMachines\",\r\n  \"location\": \"eastus\",\r\n  \"\
        tags\": {},\r\n  \"id\": \"/subscriptions/00000000-0000-0000-0000-000000000000/resourceGroups/cli_test_vm_create_none_options000001/providers/Microsoft.Compute/virtualMachines/nooptvm\"\
        ,\r\n  \"name\": \"nooptvm\"\r\n}"}
    headers:
      cache-control: [no-cache]
      content-length: ['2662']
      content-type: [application/json; charset=utf-8]
      date: ['Sat, 21 Jul 2018 01:42:25 GMT']
      expires: ['-1']
      pragma: [no-cache]
      server: [Microsoft-HTTPAPI/2.0, Microsoft-HTTPAPI/2.0]
      strict-transport-security: [max-age=31536000; includeSubDomains]
      transfer-encoding: [chunked]
      vary: [Accept-Encoding]
      x-content-type-options: [nosniff]
      x-ms-ratelimit-remaining-resource: ['Microsoft.Compute/LowCostGet3Min;4194,Microsoft.Compute/LowCostGet30Min;33594']
    status: {code: 200, message: OK}
- request:
    body: null
    headers:
      Accept: [application/json]
      Accept-Encoding: ['gzip, deflate']
      CommandName: [network public-ip show]
      Connection: [keep-alive]
      Content-Type: [application/json; charset=utf-8]
      User-Agent: [python/3.5.2 (Windows-10-10.0.17134-SP0) requests/2.19.1 msrest/0.5.4
          msrest_azure/0.4.34 networkmanagementclient/2.0.0rc3 Azure-SDK-For-Python
          AZURECLI/2.0.43]
      accept-language: [en-US]
    method: GET
    uri: https://management.azure.com/subscriptions/00000000-0000-0000-0000-000000000000/resourceGroups/cli_test_vm_create_none_options000001/providers/Microsoft.Network/publicIPAddresses/nooptvmPublicIP?api-version=2017-10-01
  response:
    body: {string: '{"error":{"code":"ResourceNotFound","message":"The Resource ''Microsoft.Network/publicIPAddresses/nooptvmPublicIP''
        under resource group ''cli_test_vm_create_none_options000001'' was not found."}}'}
    headers:
      cache-control: [no-cache]
      content-length: ['230']
      content-type: [application/json; charset=utf-8]
      date: ['Sat, 21 Jul 2018 01:42:25 GMT']
      expires: ['-1']
      pragma: [no-cache]
      strict-transport-security: [max-age=31536000; includeSubDomains]
      x-content-type-options: [nosniff]
      x-ms-failure-cause: [gateway]
    status: {code: 404, message: Not Found}
- request:
    body: null
    headers:
      Accept: [application/json]
      Accept-Encoding: ['gzip, deflate']
      CommandName: [group delete]
      Connection: [keep-alive]
      Content-Length: ['0']
      Content-Type: [application/json; charset=utf-8]
      User-Agent: [python/3.5.2 (Windows-10-10.0.17134-SP0) requests/2.19.1 msrest/0.5.4
          msrest_azure/0.4.34 resourcemanagementclient/2.0.0rc2 Azure-SDK-For-Python
          AZURECLI/2.0.43]
      accept-language: [en-US]
    method: DELETE
    uri: https://management.azure.com/subscriptions/00000000-0000-0000-0000-000000000000/resourcegroups/cli_test_vm_create_none_options000001?api-version=2018-02-01
  response:
    body: {string: ''}
    headers:
      cache-control: [no-cache]
      content-length: ['0']
      date: ['Sat, 21 Jul 2018 01:42:27 GMT']
      expires: ['-1']
      location: ['https://management.azure.com/subscriptions/00000000-0000-0000-0000-000000000000/operationresults/eyJqb2JJZCI6IlJFU09VUkNFR1JPVVBERUxFVElPTkpPQi1DTEk6NUZURVNUOjVGVk06NUZDUkVBVEU6NUZOT05FOjVGT1BUSU9OU0dSQ1JEWnwzRDVGNUJDRjhGMDk0MDM3LVdFU1RVUyIsImpvYkxvY2F0aW9uIjoid2VzdHVzIn0?api-version=2018-02-01']
      pragma: [no-cache]
      strict-transport-security: [max-age=31536000; includeSubDomains]
      x-content-type-options: [nosniff]
      x-ms-ratelimit-remaining-subscription-deletes: ['14999']
    status: {code: 202, message: Accepted}
version: 1
