interactions:
- request:
    body: null
    headers:
      Accept:
      - application/json
      Accept-Encoding:
      - gzip, deflate
      CommandName:
      - vm create
      Connection:
      - keep-alive
      ParameterSetName:
      - -g -n --image --generate-ssh-keys --admin-username
      User-Agent:
      - AZURECLI/2.50.0 azsdk-python-azure-mgmt-resource/23.1.0b2 Python/3.8.10 (Windows-10-10.0.22621-SP0)
    method: GET
    uri: https://management.azure.com/subscriptions/00000000-0000-0000-0000-000000000000/resourcegroups/cli_test_vm_secrets000001?api-version=2022-09-01
  response:
    body:
      string: '{"id":"/subscriptions/00000000-0000-0000-0000-000000000000/resourceGroups/cli_test_vm_secrets000001","name":"cli_test_vm_secrets000001","type":"Microsoft.Resources/resourceGroups","location":"westus","tags":{"product":"azurecli","cause":"automation","test":"test_vm_secret_e2e_test","date":"2023-07-25T05:57:12Z","module":"vm"},"properties":{"provisioningState":"Succeeded"}}'
    headers:
      cache-control:
      - no-cache
      content-length:
      - '375'
      content-type:
      - application/json; charset=utf-8
      date:
      - Tue, 25 Jul 2023 05:57:53 GMT
      expires:
      - '-1'
      pragma:
      - no-cache
      strict-transport-security:
      - max-age=31536000; includeSubDomains
      vary:
      - Accept-Encoding
      x-content-type-options:
      - nosniff
    status:
      code: 200
      message: OK
- request:
    body: null
    headers:
      Accept:
      - '*/*'
      Accept-Encoding:
      - gzip, deflate
      Connection:
      - keep-alive
      User-Agent:
      - python-requests/2.31.0
    method: GET
    uri: https://raw.githubusercontent.com/Azure/azure-rest-api-specs/main/arm-compute/quickstart-templates/aliases.json
  response:
    body:
      string: "{\n  \"$schema\": \"http://schema.management.azure.com/schemas/2015-01-01/deploymentTemplate.json\",\n
        \ \"contentVersion\": \"1.0.0.0\",\n  \"parameters\": {},\n  \"variables\":
        {},\n  \"resources\": [],\n  \"outputs\": {\n    \"aliases\": {\n      \"type\":
        \"object\",\n      \"value\": {\n        \"Linux\": {\n          \"CentOS\":
        {\n            \"publisher\": \"OpenLogic\",\n            \"offer\": \"CentOS\",\n
        \           \"sku\": \"7.5\",\n            \"version\": \"latest\",\n            \"architecture\":
        \"x64\"\n          },\n          \"CentOS85Gen2\": {\n            \"publisher\":
        \ \"OpenLogic\",\n            \"offer\":  \"CentOS\",\n            \"sku\":
        \ \"8_5-gen2\",\n            \"version\":  \"latest\",\n            \"architecture\":
        \"x64\"\n          },\n          \"Debian\": {\n            \"publisher\":
        \"Debian\",\n            \"offer\": \"debian-10\",\n            \"sku\": \"10\",\n
        \           \"version\": \"latest\",\n            \"architecture\": \"x64\"\n
        \         },\n          \"Debian11\":  {\n            \"publisher\":  \"Debian\",\n
        \           \"offer\":  \"debian-11\",\n            \"sku\":  \"11-backports-gen2\",\n
        \           \"version\":  \"latest\",\n            \"architecture\": \"x64\"\n
        \         },\n          \"Flatcar\": {\n            \"publisher\": \"kinvolk\",\n
        \           \"offer\": \"flatcar-container-linux-free\",\n            \"sku\":
        \"stable\",\n            \"version\": \"latest\",\n            \"architecture\":
        \"x64\"\n          },\n          \"FlatcarLinuxFreeGen2\":  {\n            \"publisher\":
        \ \"kinvolk\",\n            \"offer\":  \"flatcar-container-linux-free\",\n
        \           \"sku\":  \"stable-gen2\",\n            \"version\":  \"latest\",\n
        \           \"architecture\": \"x64\"\n          },\n          \"openSUSE-Leap\":
        {\n            \"publisher\": \"SUSE\",\n            \"offer\": \"opensuse-leap-15-3\",\n
        \           \"sku\": \"gen2\",\n            \"version\": \"latest\",\n            \"architecture\":
        \"x64\"\n          },\n          \"OpenSuseLeap154Gen2\":  {\n            \"publisher\":
        \ \"SUSE\",\n            \"offer\":  \"openSUSE-leap-15-4\",\n            \"sku\":
        \ \"gen2\",\n            \"version\":  \"latest\",\n            \"architecture\":
        \"x64\"\n          },\n          \"RHEL\": {\n            \"publisher\": \"RedHat\",\n
        \           \"offer\": \"RHEL\",\n            \"sku\": \"7-LVM\",\n            \"version\":
        \"latest\",\n            \"architecture\": \"x64\"\n          },\n          \"RHELRaw8LVMGen2\":
        \ {\n            \"publisher\":  \"RedHat\",\n            \"offer\":  \"RHEL\",\n
        \           \"sku\":  \"8-lvm-gen2\",\n            \"version\":  \"latest\",\n
        \           \"architecture\": \"x64\"\n          },\n          \"SLES\": {\n
        \           \"publisher\": \"SUSE\",\n            \"offer\": \"sles-15-sp3\",\n
        \           \"sku\": \"gen2\",\n            \"version\": \"latest\",\n            \"architecture\":
        \"x64\"\n          },\n          \"SuseSles15SP3\": {\n            \"publisher\":
        \"SUSE\",\n            \"offer\": \"sles-15-sp3\",\n            \"sku\": \"gen2\",\n
        \           \"version\": \"latest\",\n            \"architecture\": \"x64\"\n
        \         },\n          \"UbuntuLTS\": {\n            \"publisher\": \"Canonical\",\n
        \           \"offer\": \"UbuntuServer\",\n            \"sku\": \"18.04-LTS\",\n
        \           \"version\": \"latest\",\n            \"architecture\": \"x64\"\n
        \         },\n          \"Ubuntu2204\":  {\n            \"publisher\":  \"Canonical\",\n
        \           \"offer\":  \"0001-com-ubuntu-server-jammy\",\n            \"sku\":
        \ \"22_04-lts-gen2\",\n            \"version\":  \"latest\",\n            \"architecture\":
        \"x64\"\n          }\n        },\n        \"Windows\": {\n          \"Win2022Datacenter\":
        {\n            \"publisher\": \"MicrosoftWindowsServer\",\n            \"offer\":
        \"WindowsServer\",\n            \"sku\": \"2022-Datacenter\",\n            \"version\":
        \"latest\",\n            \"architecture\": \"x64\"\n          },\n          \"Win2022AzureEditionCore\":
        {\n            \"publisher\": \"MicrosoftWindowsServer\",\n            \"offer\":
        \"WindowsServer\",\n            \"sku\": \"2022-datacenter-azure-edition-core\",\n
        \           \"version\": \"latest\",\n            \"architecture\": \"x64\"\n
        \         },\n          \"Win2019Datacenter\": {\n            \"publisher\":
        \"MicrosoftWindowsServer\",\n            \"offer\": \"WindowsServer\",\n            \"sku\":
        \"2019-Datacenter\",\n            \"version\": \"latest\",\n            \"architecture\":
        \"x64\"\n          },\n          \"Win2016Datacenter\": {\n            \"publisher\":
        \"MicrosoftWindowsServer\",\n            \"offer\": \"WindowsServer\",\n            \"sku\":
        \"2016-Datacenter\",\n            \"version\": \"latest\",\n            \"architecture\":
        \"x64\"\n          },\n          \"Win2012R2Datacenter\": {\n            \"publisher\":
        \"MicrosoftWindowsServer\",\n            \"offer\": \"WindowsServer\",\n            \"sku\":
        \"2012-R2-Datacenter\",\n            \"version\": \"latest\",\n            \"architecture\":
        \"x64\"\n          },\n          \"Win2012Datacenter\": {\n            \"publisher\":
        \"MicrosoftWindowsServer\",\n            \"offer\": \"WindowsServer\",\n            \"sku\":
        \"2012-Datacenter\",\n            \"version\": \"latest\",\n            \"architecture\":
        \"x64\"\n          },\n          \"Win2008R2SP1\": {\n            \"publisher\":
        \"MicrosoftWindowsServer\",\n            \"offer\": \"WindowsServer\",\n            \"sku\":
        \"2008-R2-SP1\",\n            \"version\": \"latest\",\n            \"architecture\":
        \"x64\"\n          }\n        }\n      }\n    }\n  }\n}\n"
    headers:
      accept-ranges:
      - bytes
      access-control-allow-origin:
      - '*'
      cache-control:
      - max-age=300
      connection:
      - keep-alive
      content-length:
      - '5018'
      content-security-policy:
      - default-src 'none'; style-src 'unsafe-inline'; sandbox
      content-type:
      - text/plain; charset=utf-8
      cross-origin-resource-policy:
      - cross-origin
      date:
      - Tue, 25 Jul 2023 05:57:55 GMT
      etag:
      - W/"0a553f088c358b909a2940b5a97fcb731c1d443cb7a332ca4933eb2b7df38468"
      expires:
      - Tue, 25 Jul 2023 06:02:55 GMT
      source-age:
      - '100'
      strict-transport-security:
      - max-age=31536000
      vary:
      - Authorization,Accept-Encoding,Origin
      via:
      - 1.1 varnish
      x-cache:
      - HIT
      x-cache-hits:
      - '1'
      x-content-type-options:
      - nosniff
      x-fastly-request-id:
      - b9b4a08f98e837c8673c4a2230b6fc0549871325
      x-frame-options:
      - deny
      x-github-request-id:
      - D4D6:240A:32A7C:40BDE:64BEF321
      x-served-by:
      - cache-qpg1237-QPG
      x-timer:
      - S1690264675.010815,VS0,VE1
      x-xss-protection:
      - 1; mode=block
    status:
      code: 200
      message: OK
- request:
    body: null
    headers:
      Accept:
      - application/json
      Accept-Encoding:
      - gzip, deflate
      CommandName:
      - vm create
      Connection:
      - keep-alive
      ParameterSetName:
      - -g -n --image --generate-ssh-keys --admin-username
      User-Agent:
      - AZURECLI/2.50.0 azsdk-python-azure-mgmt-compute/30.0.0 Python/3.8.10 (Windows-10-10.0.22621-SP0)
    method: GET
    uri: https://management.azure.com/subscriptions/00000000-0000-0000-0000-000000000000/providers/Microsoft.Compute/locations/westus/publishers/RedHat/artifacttypes/vmimage/offers/RHEL/skus/7-LVM/versions?$top=1&$orderby=name%20desc&api-version=2022-11-01
  response:
    body:
      string: "[\r\n  {\r\n    \"location\": \"westus\",\r\n    \"name\": \"7.9.2023032012\",\r\n
        \   \"id\": \"/Subscriptions/00000000-0000-0000-0000-000000000000/Providers/Microsoft.Compute/Locations/westus/Publishers/RedHat/ArtifactTypes/VMImage/Offers/RHEL/Skus/7-LVM/Versions/7.9.2023032012\"\r\n
        \ }\r\n]"
    headers:
      cache-control:
      - no-cache
      content-length:
      - '269'
      content-type:
      - application/json; charset=utf-8
      date:
      - Tue, 25 Jul 2023 05:57:55 GMT
      expires:
      - '-1'
      pragma:
      - no-cache
      server:
      - Microsoft-HTTPAPI/2.0
      - Microsoft-HTTPAPI/2.0
      strict-transport-security:
      - max-age=31536000; includeSubDomains
      transfer-encoding:
      - chunked
      vary:
      - Accept-Encoding
      x-content-type-options:
      - nosniff
      x-ms-ratelimit-remaining-resource:
      - Microsoft.Compute/ListVMImagesVersionsFromLocation3Min;15996,Microsoft.Compute/ListVMImagesVersionsFromLocation30Min;43996
    status:
      code: 200
      message: OK
- request:
    body: null
    headers:
      Accept:
      - application/json
      Accept-Encoding:
      - gzip, deflate
      CommandName:
      - vm create
      Connection:
      - keep-alive
      ParameterSetName:
      - -g -n --image --generate-ssh-keys --admin-username
      User-Agent:
      - AZURECLI/2.50.0 azsdk-python-azure-mgmt-compute/30.0.0 Python/3.8.10 (Windows-10-10.0.22621-SP0)
    method: GET
    uri: https://management.azure.com/subscriptions/00000000-0000-0000-0000-000000000000/providers/Microsoft.Compute/locations/westus/publishers/RedHat/artifacttypes/vmimage/offers/RHEL/skus/7-LVM/versions/7.9.2023032012?api-version=2022-11-01
  response:
    body:
      string: "{\r\n  \"properties\": {\r\n    \"hyperVGeneration\": \"V1\",\r\n    \"architecture\":
        \"x64\",\r\n    \"replicaType\": \"Unmanaged\",\r\n    \"disallowed\": {\r\n
        \     \"vmDiskType\": \"None\"\r\n    },\r\n    \"automaticOSUpgradeProperties\":
        {\r\n      \"automaticOSUpgradeSupported\": false\r\n    },\r\n    \"imageDeprecationStatus\":
        {\r\n      \"imageState\": \"Active\"\r\n    },\r\n    \"features\": [\r\n
        \     {\r\n        \"name\": \"IsAcceleratedNetworkSupported\",\r\n        \"value\":
        \"True\"\r\n      },\r\n      {\r\n        \"name\": \"IsHibernateSupported\",\r\n
        \       \"value\": \"False\"\r\n      }\r\n    ],\r\n    \"osDiskImage\":
        {\r\n      \"operatingSystem\": \"Linux\",\r\n      \"sizeInGb\": 64,\r\n
        \     \"sizeInBytes\": 68719477248\r\n    },\r\n    \"dataDiskImages\": []\r\n
        \ },\r\n  \"location\": \"westus\",\r\n  \"name\": \"7.9.2023032012\",\r\n
        \ \"id\": \"/Subscriptions/00000000-0000-0000-0000-000000000000/Providers/Microsoft.Compute/Locations/westus/Publishers/RedHat/ArtifactTypes/VMImage/Offers/RHEL/Skus/7-LVM/Versions/7.9.2023032012\"\r\n}"
    headers:
      cache-control:
      - no-cache
      content-length:
      - '943'
      content-type:
      - application/json; charset=utf-8
      date:
      - Tue, 25 Jul 2023 05:57:56 GMT
      expires:
      - '-1'
      pragma:
      - no-cache
      server:
      - Microsoft-HTTPAPI/2.0
      - Microsoft-HTTPAPI/2.0
      strict-transport-security:
      - max-age=31536000; includeSubDomains
      transfer-encoding:
      - chunked
      vary:
      - Accept-Encoding
      x-content-type-options:
      - nosniff
      x-ms-ratelimit-remaining-resource:
      - Microsoft.Compute/GetVMImageFromLocation3Min;12996,Microsoft.Compute/GetVMImageFromLocation30Min;73996
    status:
      code: 200
      message: OK
- request:
    body: null
    headers:
      Accept:
      - application/json
      Accept-Encoding:
      - gzip, deflate
      CommandName:
      - vm create
      Connection:
      - keep-alive
      ParameterSetName:
      - -g -n --image --generate-ssh-keys --admin-username
      User-Agent:
      - AZURECLI/2.50.0 (AAZ) azsdk-python-core/1.26.0 Python/3.8.10 (Windows-10-10.0.22621-SP0)
    method: GET
    uri: https://management.azure.com/subscriptions/00000000-0000-0000-0000-000000000000/resourceGroups/cli_test_vm_secrets000001/providers/Microsoft.Network/virtualNetworks?api-version=2022-01-01
  response:
    body:
      string: '{"value":[]}'
    headers:
      cache-control:
      - no-cache
      content-length:
      - '12'
      content-type:
      - application/json; charset=utf-8
      date:
      - Tue, 25 Jul 2023 05:57:57 GMT
      expires:
      - '-1'
      pragma:
      - no-cache
      strict-transport-security:
      - max-age=31536000; includeSubDomains
      vary:
      - Accept-Encoding
      x-content-type-options:
      - nosniff
    status:
      code: 200
      message: OK
- request:
    body: null
    headers:
      Accept:
      - '*/*'
      Accept-Encoding:
      - gzip, deflate
      Connection:
      - keep-alive
      User-Agent:
      - python-requests/2.31.0
    method: GET
    uri: https://raw.githubusercontent.com/Azure/azure-rest-api-specs/main/arm-compute/quickstart-templates/aliases.json
  response:
    body:
      string: "{\n  \"$schema\": \"http://schema.management.azure.com/schemas/2015-01-01/deploymentTemplate.json\",\n
        \ \"contentVersion\": \"1.0.0.0\",\n  \"parameters\": {},\n  \"variables\":
        {},\n  \"resources\": [],\n  \"outputs\": {\n    \"aliases\": {\n      \"type\":
        \"object\",\n      \"value\": {\n        \"Linux\": {\n          \"CentOS\":
        {\n            \"publisher\": \"OpenLogic\",\n            \"offer\": \"CentOS\",\n
        \           \"sku\": \"7.5\",\n            \"version\": \"latest\",\n            \"architecture\":
        \"x64\"\n          },\n          \"CentOS85Gen2\": {\n            \"publisher\":
        \ \"OpenLogic\",\n            \"offer\":  \"CentOS\",\n            \"sku\":
        \ \"8_5-gen2\",\n            \"version\":  \"latest\",\n            \"architecture\":
        \"x64\"\n          },\n          \"Debian\": {\n            \"publisher\":
        \"Debian\",\n            \"offer\": \"debian-10\",\n            \"sku\": \"10\",\n
        \           \"version\": \"latest\",\n            \"architecture\": \"x64\"\n
        \         },\n          \"Debian11\":  {\n            \"publisher\":  \"Debian\",\n
        \           \"offer\":  \"debian-11\",\n            \"sku\":  \"11-backports-gen2\",\n
        \           \"version\":  \"latest\",\n            \"architecture\": \"x64\"\n
        \         },\n          \"Flatcar\": {\n            \"publisher\": \"kinvolk\",\n
        \           \"offer\": \"flatcar-container-linux-free\",\n            \"sku\":
        \"stable\",\n            \"version\": \"latest\",\n            \"architecture\":
        \"x64\"\n          },\n          \"FlatcarLinuxFreeGen2\":  {\n            \"publisher\":
        \ \"kinvolk\",\n            \"offer\":  \"flatcar-container-linux-free\",\n
        \           \"sku\":  \"stable-gen2\",\n            \"version\":  \"latest\",\n
        \           \"architecture\": \"x64\"\n          },\n          \"openSUSE-Leap\":
        {\n            \"publisher\": \"SUSE\",\n            \"offer\": \"opensuse-leap-15-3\",\n
        \           \"sku\": \"gen2\",\n            \"version\": \"latest\",\n            \"architecture\":
        \"x64\"\n          },\n          \"OpenSuseLeap154Gen2\":  {\n            \"publisher\":
        \ \"SUSE\",\n            \"offer\":  \"openSUSE-leap-15-4\",\n            \"sku\":
        \ \"gen2\",\n            \"version\":  \"latest\",\n            \"architecture\":
        \"x64\"\n          },\n          \"RHEL\": {\n            \"publisher\": \"RedHat\",\n
        \           \"offer\": \"RHEL\",\n            \"sku\": \"7-LVM\",\n            \"version\":
        \"latest\",\n            \"architecture\": \"x64\"\n          },\n          \"RHELRaw8LVMGen2\":
        \ {\n            \"publisher\":  \"RedHat\",\n            \"offer\":  \"RHEL\",\n
        \           \"sku\":  \"8-lvm-gen2\",\n            \"version\":  \"latest\",\n
        \           \"architecture\": \"x64\"\n          },\n          \"SLES\": {\n
        \           \"publisher\": \"SUSE\",\n            \"offer\": \"sles-15-sp3\",\n
        \           \"sku\": \"gen2\",\n            \"version\": \"latest\",\n            \"architecture\":
        \"x64\"\n          },\n          \"SuseSles15SP3\": {\n            \"publisher\":
        \"SUSE\",\n            \"offer\": \"sles-15-sp3\",\n            \"sku\": \"gen2\",\n
        \           \"version\": \"latest\",\n            \"architecture\": \"x64\"\n
        \         },\n          \"UbuntuLTS\": {\n            \"publisher\": \"Canonical\",\n
        \           \"offer\": \"UbuntuServer\",\n            \"sku\": \"18.04-LTS\",\n
        \           \"version\": \"latest\",\n            \"architecture\": \"x64\"\n
        \         },\n          \"Ubuntu2204\":  {\n            \"publisher\":  \"Canonical\",\n
        \           \"offer\":  \"0001-com-ubuntu-server-jammy\",\n            \"sku\":
        \ \"22_04-lts-gen2\",\n            \"version\":  \"latest\",\n            \"architecture\":
        \"x64\"\n          }\n        },\n        \"Windows\": {\n          \"Win2022Datacenter\":
        {\n            \"publisher\": \"MicrosoftWindowsServer\",\n            \"offer\":
        \"WindowsServer\",\n            \"sku\": \"2022-Datacenter\",\n            \"version\":
        \"latest\",\n            \"architecture\": \"x64\"\n          },\n          \"Win2022AzureEditionCore\":
        {\n            \"publisher\": \"MicrosoftWindowsServer\",\n            \"offer\":
        \"WindowsServer\",\n            \"sku\": \"2022-datacenter-azure-edition-core\",\n
        \           \"version\": \"latest\",\n            \"architecture\": \"x64\"\n
        \         },\n          \"Win2019Datacenter\": {\n            \"publisher\":
        \"MicrosoftWindowsServer\",\n            \"offer\": \"WindowsServer\",\n            \"sku\":
        \"2019-Datacenter\",\n            \"version\": \"latest\",\n            \"architecture\":
        \"x64\"\n          },\n          \"Win2016Datacenter\": {\n            \"publisher\":
        \"MicrosoftWindowsServer\",\n            \"offer\": \"WindowsServer\",\n            \"sku\":
        \"2016-Datacenter\",\n            \"version\": \"latest\",\n            \"architecture\":
        \"x64\"\n          },\n          \"Win2012R2Datacenter\": {\n            \"publisher\":
        \"MicrosoftWindowsServer\",\n            \"offer\": \"WindowsServer\",\n            \"sku\":
        \"2012-R2-Datacenter\",\n            \"version\": \"latest\",\n            \"architecture\":
        \"x64\"\n          },\n          \"Win2012Datacenter\": {\n            \"publisher\":
        \"MicrosoftWindowsServer\",\n            \"offer\": \"WindowsServer\",\n            \"sku\":
        \"2012-Datacenter\",\n            \"version\": \"latest\",\n            \"architecture\":
        \"x64\"\n          },\n          \"Win2008R2SP1\": {\n            \"publisher\":
        \"MicrosoftWindowsServer\",\n            \"offer\": \"WindowsServer\",\n            \"sku\":
        \"2008-R2-SP1\",\n            \"version\": \"latest\",\n            \"architecture\":
        \"x64\"\n          }\n        }\n      }\n    }\n  }\n}\n"
    headers:
      accept-ranges:
      - bytes
      access-control-allow-origin:
      - '*'
      cache-control:
      - max-age=300
      connection:
      - keep-alive
      content-length:
      - '5018'
      content-security-policy:
      - default-src 'none'; style-src 'unsafe-inline'; sandbox
      content-type:
      - text/plain; charset=utf-8
      cross-origin-resource-policy:
      - cross-origin
      date:
      - Tue, 25 Jul 2023 05:57:58 GMT
      etag:
      - W/"0a553f088c358b909a2940b5a97fcb731c1d443cb7a332ca4933eb2b7df38468"
      expires:
      - Tue, 25 Jul 2023 06:02:58 GMT
      source-age:
      - '103'
      strict-transport-security:
      - max-age=31536000
      vary:
      - Authorization,Accept-Encoding,Origin
      via:
      - 1.1 varnish
      x-cache:
      - HIT
      x-cache-hits:
      - '1'
      x-content-type-options:
      - nosniff
      x-fastly-request-id:
      - c0eae6f301ac67fede74ee5d8b72cd42c642df22
      x-frame-options:
      - deny
      x-github-request-id:
      - D4D6:240A:32A7C:40BDE:64BEF321
      x-served-by:
      - cache-qpg1232-QPG
      x-timer:
      - S1690264678.354513,VS0,VE2
      x-xss-protection:
      - 1; mode=block
    status:
      code: 200
      message: OK
- request:
    body: null
    headers:
      Accept:
      - application/json
      Accept-Encoding:
      - gzip, deflate
      CommandName:
      - vm create
      Connection:
      - keep-alive
      ParameterSetName:
      - -g -n --image --generate-ssh-keys --admin-username
      User-Agent:
      - AZURECLI/2.50.0 azsdk-python-azure-mgmt-compute/30.0.0 Python/3.8.10 (Windows-10-10.0.22621-SP0)
    method: GET
    uri: https://management.azure.com/subscriptions/00000000-0000-0000-0000-000000000000/providers/Microsoft.Compute/locations/westus/publishers/RedHat/artifacttypes/vmimage/offers/RHEL/skus/7-LVM/versions?$top=1&$orderby=name%20desc&api-version=2022-11-01
  response:
    body:
      string: "[\r\n  {\r\n    \"location\": \"westus\",\r\n    \"name\": \"7.9.2023032012\",\r\n
        \   \"id\": \"/Subscriptions/00000000-0000-0000-0000-000000000000/Providers/Microsoft.Compute/Locations/westus/Publishers/RedHat/ArtifactTypes/VMImage/Offers/RHEL/Skus/7-LVM/Versions/7.9.2023032012\"\r\n
        \ }\r\n]"
    headers:
      cache-control:
      - no-cache
      content-length:
      - '269'
      content-type:
      - application/json; charset=utf-8
      date:
      - Tue, 25 Jul 2023 05:57:59 GMT
      expires:
      - '-1'
      pragma:
      - no-cache
      server:
      - Microsoft-HTTPAPI/2.0
      - Microsoft-HTTPAPI/2.0
      strict-transport-security:
      - max-age=31536000; includeSubDomains
      transfer-encoding:
      - chunked
      vary:
      - Accept-Encoding
      x-content-type-options:
      - nosniff
      x-ms-ratelimit-remaining-resource:
      - Microsoft.Compute/ListVMImagesVersionsFromLocation3Min;15994,Microsoft.Compute/ListVMImagesVersionsFromLocation30Min;43994
    status:
      code: 200
      message: OK
- request:
    body: null
    headers:
      Accept:
      - application/json
      Accept-Encoding:
      - gzip, deflate
      CommandName:
      - vm create
      Connection:
      - keep-alive
      ParameterSetName:
      - -g -n --image --generate-ssh-keys --admin-username
      User-Agent:
      - AZURECLI/2.50.0 azsdk-python-azure-mgmt-compute/30.0.0 Python/3.8.10 (Windows-10-10.0.22621-SP0)
    method: GET
    uri: https://management.azure.com/subscriptions/00000000-0000-0000-0000-000000000000/providers/Microsoft.Compute/locations/westus/publishers/RedHat/artifacttypes/vmimage/offers/RHEL/skus/7-LVM/versions/7.9.2023032012?api-version=2022-11-01
  response:
    body:
      string: "{\r\n  \"properties\": {\r\n    \"hyperVGeneration\": \"V1\",\r\n    \"architecture\":
        \"x64\",\r\n    \"replicaType\": \"Unmanaged\",\r\n    \"disallowed\": {\r\n
        \     \"vmDiskType\": \"None\"\r\n    },\r\n    \"automaticOSUpgradeProperties\":
        {\r\n      \"automaticOSUpgradeSupported\": false\r\n    },\r\n    \"imageDeprecationStatus\":
        {\r\n      \"imageState\": \"Active\"\r\n    },\r\n    \"features\": [\r\n
        \     {\r\n        \"name\": \"IsAcceleratedNetworkSupported\",\r\n        \"value\":
        \"True\"\r\n      },\r\n      {\r\n        \"name\": \"IsHibernateSupported\",\r\n
        \       \"value\": \"False\"\r\n      }\r\n    ],\r\n    \"osDiskImage\":
        {\r\n      \"operatingSystem\": \"Linux\",\r\n      \"sizeInGb\": 64,\r\n
        \     \"sizeInBytes\": 68719477248\r\n    },\r\n    \"dataDiskImages\": []\r\n
        \ },\r\n  \"location\": \"westus\",\r\n  \"name\": \"7.9.2023032012\",\r\n
        \ \"id\": \"/Subscriptions/00000000-0000-0000-0000-000000000000/Providers/Microsoft.Compute/Locations/westus/Publishers/RedHat/ArtifactTypes/VMImage/Offers/RHEL/Skus/7-LVM/Versions/7.9.2023032012\"\r\n}"
    headers:
      cache-control:
      - no-cache
      content-length:
      - '943'
      content-type:
      - application/json; charset=utf-8
      date:
      - Tue, 25 Jul 2023 05:58:00 GMT
      expires:
      - '-1'
      pragma:
      - no-cache
      server:
      - Microsoft-HTTPAPI/2.0
      - Microsoft-HTTPAPI/2.0
      strict-transport-security:
      - max-age=31536000; includeSubDomains
      transfer-encoding:
      - chunked
      vary:
      - Accept-Encoding
      x-content-type-options:
      - nosniff
      x-ms-ratelimit-remaining-resource:
      - Microsoft.Compute/GetVMImageFromLocation3Min;12995,Microsoft.Compute/GetVMImageFromLocation30Min;73995
    status:
      code: 200
      message: OK
- request:
    body: null
    headers:
      Accept:
      - application/json
      Accept-Encoding:
      - gzip, deflate
      CommandName:
      - vm create
      Connection:
      - keep-alive
      ParameterSetName:
      - -g -n --image --generate-ssh-keys --admin-username
      User-Agent:
      - AZURECLI/2.50.0 azsdk-python-azure-mgmt-compute/30.0.0 Python/3.8.10 (Windows-10-10.0.22621-SP0)
    method: GET
    uri: https://management.azure.com/subscriptions/00000000-0000-0000-0000-000000000000/providers/Microsoft.Compute/locations/westus/publishers/RedHat/artifacttypes/vmimage/offers/RHEL/skus/7-LVM/versions?$top=1&$orderby=name%20desc&api-version=2022-11-01
  response:
    body:
      string: "[\r\n  {\r\n    \"location\": \"westus\",\r\n    \"name\": \"7.9.2023032012\",\r\n
        \   \"id\": \"/Subscriptions/00000000-0000-0000-0000-000000000000/Providers/Microsoft.Compute/Locations/westus/Publishers/RedHat/ArtifactTypes/VMImage/Offers/RHEL/Skus/7-LVM/Versions/7.9.2023032012\"\r\n
        \ }\r\n]"
    headers:
      cache-control:
      - no-cache
      content-length:
      - '269'
      content-type:
      - application/json; charset=utf-8
      date:
      - Tue, 25 Jul 2023 05:58:01 GMT
      expires:
      - '-1'
      pragma:
      - no-cache
      server:
      - Microsoft-HTTPAPI/2.0
      - Microsoft-HTTPAPI/2.0
      strict-transport-security:
      - max-age=31536000; includeSubDomains
      transfer-encoding:
      - chunked
      vary:
      - Accept-Encoding
      x-content-type-options:
      - nosniff
      x-ms-ratelimit-remaining-resource:
      - Microsoft.Compute/ListVMImagesVersionsFromLocation3Min;15993,Microsoft.Compute/ListVMImagesVersionsFromLocation30Min;43993
    status:
      code: 200
      message: OK
- request:
    body: null
    headers:
      Accept:
      - application/json
      Accept-Encoding:
      - gzip, deflate
      CommandName:
      - vm create
      Connection:
      - keep-alive
      ParameterSetName:
      - -g -n --image --generate-ssh-keys --admin-username
      User-Agent:
      - AZURECLI/2.50.0 azsdk-python-azure-mgmt-compute/30.0.0 Python/3.8.10 (Windows-10-10.0.22621-SP0)
    method: GET
    uri: https://management.azure.com/subscriptions/00000000-0000-0000-0000-000000000000/providers/Microsoft.Compute/locations/westus/publishers/RedHat/artifacttypes/vmimage/offers/RHEL/skus/7-LVM/versions/7.9.2023032012?api-version=2022-11-01
  response:
    body:
      string: "{\r\n  \"properties\": {\r\n    \"hyperVGeneration\": \"V1\",\r\n    \"architecture\":
        \"x64\",\r\n    \"replicaType\": \"Unmanaged\",\r\n    \"disallowed\": {\r\n
        \     \"vmDiskType\": \"None\"\r\n    },\r\n    \"automaticOSUpgradeProperties\":
        {\r\n      \"automaticOSUpgradeSupported\": false\r\n    },\r\n    \"imageDeprecationStatus\":
        {\r\n      \"imageState\": \"Active\"\r\n    },\r\n    \"features\": [\r\n
        \     {\r\n        \"name\": \"IsAcceleratedNetworkSupported\",\r\n        \"value\":
        \"True\"\r\n      },\r\n      {\r\n        \"name\": \"IsHibernateSupported\",\r\n
        \       \"value\": \"False\"\r\n      }\r\n    ],\r\n    \"osDiskImage\":
        {\r\n      \"operatingSystem\": \"Linux\",\r\n      \"sizeInGb\": 64,\r\n
        \     \"sizeInBytes\": 68719477248\r\n    },\r\n    \"dataDiskImages\": []\r\n
        \ },\r\n  \"location\": \"westus\",\r\n  \"name\": \"7.9.2023032012\",\r\n
        \ \"id\": \"/Subscriptions/00000000-0000-0000-0000-000000000000/Providers/Microsoft.Compute/Locations/westus/Publishers/RedHat/ArtifactTypes/VMImage/Offers/RHEL/Skus/7-LVM/Versions/7.9.2023032012\"\r\n}"
    headers:
      cache-control:
      - no-cache
      content-length:
      - '943'
      content-type:
      - application/json; charset=utf-8
      date:
      - Tue, 25 Jul 2023 05:58:01 GMT
      expires:
      - '-1'
      pragma:
      - no-cache
      server:
      - Microsoft-HTTPAPI/2.0
      - Microsoft-HTTPAPI/2.0
      strict-transport-security:
      - max-age=31536000; includeSubDomains
      transfer-encoding:
      - chunked
      vary:
      - Accept-Encoding
      x-content-type-options:
      - nosniff
      x-ms-ratelimit-remaining-resource:
      - Microsoft.Compute/GetVMImageFromLocation3Min;12994,Microsoft.Compute/GetVMImageFromLocation30Min;73994
    status:
      code: 200
      message: OK
- request:
    body: '{"properties": {"template": {"$schema": "https://schema.management.azure.com/schemas/2015-01-01/deploymentTemplate.json#",
      "contentVersion": "1.0.0.0", "parameters": {}, "variables": {}, "resources":
      [{"name": "vm1VNET", "type": "Microsoft.Network/virtualNetworks", "location":
      "westus", "apiVersion": "2015-06-15", "dependsOn": [], "tags": {}, "properties":
      {"addressSpace": {"addressPrefixes": ["10.0.0.0/16"]}, "subnets": [{"name":
      "vm1Subnet", "properties": {"addressPrefix": "10.0.0.0/24"}}]}}, {"type": "Microsoft.Network/networkSecurityGroups",
      "name": "vm1NSG", "apiVersion": "2015-06-15", "location": "westus", "tags":
      {}, "dependsOn": [], "properties": {"securityRules": [{"name": "default-allow-ssh",
      "properties": {"protocol": "Tcp", "sourcePortRange": "*", "destinationPortRange":
      "22", "sourceAddressPrefix": "*", "destinationAddressPrefix": "*", "access":
      "Allow", "priority": 1000, "direction": "Inbound"}}]}}, {"apiVersion": "2022-01-01",
      "type": "Microsoft.Network/publicIPAddresses", "name": "vm1PublicIP", "location":
      "westus", "tags": {}, "dependsOn": [], "properties": {"publicIPAllocationMethod":
      null}}, {"apiVersion": "2015-06-15", "type": "Microsoft.Network/networkInterfaces",
      "name": "vm1VMNic", "location": "westus", "tags": {}, "dependsOn": ["Microsoft.Network/virtualNetworks/vm1VNET",
      "Microsoft.Network/networkSecurityGroups/vm1NSG", "Microsoft.Network/publicIpAddresses/vm1PublicIP"],
      "properties": {"ipConfigurations": [{"name": "ipconfigvm1", "properties": {"privateIPAllocationMethod":
      "Dynamic", "subnet": {"id": "/subscriptions/00000000-0000-0000-0000-000000000000/resourceGroups/cli_test_vm_secrets000001/providers/Microsoft.Network/virtualNetworks/vm1VNET/subnets/vm1Subnet"},
      "publicIPAddress": {"id": "/subscriptions/00000000-0000-0000-0000-000000000000/resourceGroups/cli_test_vm_secrets000001/providers/Microsoft.Network/publicIPAddresses/vm1PublicIP"}}}],
      "networkSecurityGroup": {"id": "/subscriptions/00000000-0000-0000-0000-000000000000/resourceGroups/cli_test_vm_secrets000001/providers/Microsoft.Network/networkSecurityGroups/vm1NSG"}}},
      {"apiVersion": "2022-11-01", "type": "Microsoft.Compute/virtualMachines", "name":
      "vm1", "location": "westus", "tags": {}, "dependsOn": ["Microsoft.Network/networkInterfaces/vm1VMNic"],
      "properties": {"hardwareProfile": {"vmSize": "Standard_DS1_v2"}, "networkProfile":
      {"networkInterfaces": [{"id": "/subscriptions/00000000-0000-0000-0000-000000000000/resourceGroups/cli_test_vm_secrets000001/providers/Microsoft.Network/networkInterfaces/vm1VMNic",
      "properties": {"deleteOption": null}}]}, "storageProfile": {"osDisk": {"createOption":
      "fromImage", "name": null, "caching": "ReadWrite", "managedDisk": {"storageAccountType":
      null}}, "imageReference": {"publisher": "RedHat", "offer": "RHEL", "sku": "7-LVM",
      "version": "latest"}}, "osProfile": {"computerName": "vm1", "adminUsername":
      "rheladmin", "linuxConfiguration": {"disablePasswordAuthentication": true, "ssh":
      {"publicKeys": [{"keyData": "ssh-rsa AAAAB3NzaC1yc2EAAAADAQABAAABAQDR9g866MdwX5/JBMcdMlbMI7pUEFWgxDq8BQfFA3iAt1eVihdea8PYBDHQQYQinwjsjg2alHw3+j9wCj2WOTlEGeC266cAVuzWtNs532IFMKAuj60MDhGboGQTPiEVNjVvWuzjVsRlrmb5tXs8jPKOSQmbbgxXC7k0HeUmLhfzgLzGcpWN+DVuwkxUMnPKxalfbp7El5tA+ycDOFcMEU9GAOR9taqvB4X3GGQjsnRMpNwvYV8OwsRhiQBNlDewtAIInXS4sF+BSenwMdy/QBQWO9hjxUAh1ehHQcDAKTcsjP0p6pjNUHfMZy2rCjHbL6GUvoCN6MIuwXonwGMu6xPz",
      "path": "/home/rheladmin/.ssh/authorized_keys"}]}}}}}], "outputs": {}}, "parameters":
      {}, "mode": "incremental"}}'
    headers:
      Accept:
      - application/json
      Accept-Encoding:
      - gzip, deflate
      CommandName:
      - vm create
      Connection:
      - keep-alive
      Content-Length:
      - '3482'
      Content-Type:
      - application/json
      ParameterSetName:
      - -g -n --image --generate-ssh-keys --admin-username
      User-Agent:
      - AZURECLI/2.50.0 azsdk-python-azure-mgmt-resource/23.1.0b2 Python/3.8.10 (Windows-10-10.0.22621-SP0)
    method: PUT
    uri: https://management.azure.com/subscriptions/00000000-0000-0000-0000-000000000000/resourcegroups/cli_test_vm_secrets000001/providers/Microsoft.Resources/deployments/mock-deployment?api-version=2022-09-01
  response:
    body:
      string: '{"id":"/subscriptions/00000000-0000-0000-0000-000000000000/resourceGroups/cli_test_vm_secrets000001/providers/Microsoft.Resources/deployments/vm_deploy_5UVypD0mE4lsv8RjAtEI1DFzH9hHbYeL","name":"vm_deploy_5UVypD0mE4lsv8RjAtEI1DFzH9hHbYeL","type":"Microsoft.Resources/deployments","properties":{"templateHash":"3111264494023465181","parameters":{},"mode":"Incremental","provisioningState":"Accepted","timestamp":"2023-07-25T05:58:09.9575735Z","duration":"PT0.0005069S","correlationId":"1418a0b5-fd09-4804-b1ae-eb60bb96845e","providers":[{"namespace":"Microsoft.Network","resourceTypes":[{"resourceType":"virtualNetworks","locations":["westus"]},{"resourceType":"networkSecurityGroups","locations":["westus"]},{"resourceType":"publicIPAddresses","locations":["westus"]},{"resourceType":"networkInterfaces","locations":["westus"]}]},{"namespace":"Microsoft.Compute","resourceTypes":[{"resourceType":"virtualMachines","locations":["westus"]}]}],"dependencies":[{"dependsOn":[{"id":"/subscriptions/00000000-0000-0000-0000-000000000000/resourceGroups/cli_test_vm_secrets000001/providers/Microsoft.Network/virtualNetworks/vm1VNET","resourceType":"Microsoft.Network/virtualNetworks","resourceName":"vm1VNET"},{"id":"/subscriptions/00000000-0000-0000-0000-000000000000/resourceGroups/cli_test_vm_secrets000001/providers/Microsoft.Network/networkSecurityGroups/vm1NSG","resourceType":"Microsoft.Network/networkSecurityGroups","resourceName":"vm1NSG"},{"id":"/subscriptions/00000000-0000-0000-0000-000000000000/resourceGroups/cli_test_vm_secrets000001/providers/Microsoft.Network/publicIPAddresses/vm1PublicIP","resourceType":"Microsoft.Network/publicIPAddresses","resourceName":"vm1PublicIP"}],"id":"/subscriptions/00000000-0000-0000-0000-000000000000/resourceGroups/cli_test_vm_secrets000001/providers/Microsoft.Network/networkInterfaces/vm1VMNic","resourceType":"Microsoft.Network/networkInterfaces","resourceName":"vm1VMNic"},{"dependsOn":[{"id":"/subscriptions/00000000-0000-0000-0000-000000000000/resourceGroups/cli_test_vm_secrets000001/providers/Microsoft.Network/networkInterfaces/vm1VMNic","resourceType":"Microsoft.Network/networkInterfaces","resourceName":"vm1VMNic"}],"id":"/subscriptions/00000000-0000-0000-0000-000000000000/resourceGroups/cli_test_vm_secrets000001/providers/Microsoft.Compute/virtualMachines/vm1","resourceType":"Microsoft.Compute/virtualMachines","resourceName":"vm1"}]}}'
    headers:
      azure-asyncoperation:
      - https://management.azure.com/subscriptions/00000000-0000-0000-0000-000000000000/resourcegroups/cli_test_vm_secrets000001/providers/Microsoft.Resources/deployments/vm_deploy_5UVypD0mE4lsv8RjAtEI1DFzH9hHbYeL/operationStatuses/08585113421995987197?api-version=2022-09-01
      cache-control:
      - no-cache
      content-length:
      - '2392'
      content-type:
      - application/json; charset=utf-8
      date:
      - Tue, 25 Jul 2023 05:58:10 GMT
      expires:
      - '-1'
      pragma:
      - no-cache
      strict-transport-security:
      - max-age=31536000; includeSubDomains
      x-content-type-options:
      - nosniff
      x-ms-ratelimit-remaining-subscription-writes:
      - '1199'
    status:
      code: 201
      message: Created
- request:
    body: null
    headers:
      Accept:
      - '*/*'
      Accept-Encoding:
      - gzip, deflate
      CommandName:
      - vm create
      Connection:
      - keep-alive
      ParameterSetName:
      - -g -n --image --generate-ssh-keys --admin-username
      User-Agent:
      - AZURECLI/2.50.0 azsdk-python-azure-mgmt-resource/23.1.0b2 Python/3.8.10 (Windows-10-10.0.22621-SP0)
    method: GET
    uri: https://management.azure.com/subscriptions/00000000-0000-0000-0000-000000000000/resourcegroups/cli_test_vm_secrets000001/providers/Microsoft.Resources/deployments/mock-deployment/operationStatuses/08585113421995987197?api-version=2022-09-01
  response:
    body:
      string: '{"status":"Accepted"}'
    headers:
      cache-control:
      - no-cache
      content-length:
      - '21'
      content-type:
      - application/json; charset=utf-8
      date:
      - Tue, 25 Jul 2023 05:58:11 GMT
      expires:
      - '-1'
      pragma:
      - no-cache
      strict-transport-security:
      - max-age=31536000; includeSubDomains
      vary:
      - Accept-Encoding
      x-content-type-options:
      - nosniff
    status:
      code: 200
      message: OK
- request:
    body: null
    headers:
      Accept:
      - '*/*'
      Accept-Encoding:
      - gzip, deflate
      CommandName:
      - vm create
      Connection:
      - keep-alive
      ParameterSetName:
      - -g -n --image --generate-ssh-keys --admin-username
      User-Agent:
      - AZURECLI/2.50.0 azsdk-python-azure-mgmt-resource/23.1.0b2 Python/3.8.10 (Windows-10-10.0.22621-SP0)
    method: GET
    uri: https://management.azure.com/subscriptions/00000000-0000-0000-0000-000000000000/resourcegroups/cli_test_vm_secrets000001/providers/Microsoft.Resources/deployments/mock-deployment/operationStatuses/08585113421995987197?api-version=2022-09-01
  response:
    body:
      string: '{"status":"Running"}'
    headers:
      cache-control:
      - no-cache
      content-length:
      - '20'
      content-type:
      - application/json; charset=utf-8
      date:
      - Tue, 25 Jul 2023 05:58:42 GMT
      expires:
      - '-1'
      pragma:
      - no-cache
      strict-transport-security:
      - max-age=31536000; includeSubDomains
      vary:
      - Accept-Encoding
      x-content-type-options:
      - nosniff
    status:
      code: 200
      message: OK
- request:
    body: null
    headers:
      Accept:
      - '*/*'
      Accept-Encoding:
      - gzip, deflate
      CommandName:
      - vm create
      Connection:
      - keep-alive
      ParameterSetName:
      - -g -n --image --generate-ssh-keys --admin-username
      User-Agent:
      - AZURECLI/2.50.0 azsdk-python-azure-mgmt-resource/23.1.0b2 Python/3.8.10 (Windows-10-10.0.22621-SP0)
    method: GET
    uri: https://management.azure.com/subscriptions/00000000-0000-0000-0000-000000000000/resourcegroups/cli_test_vm_secrets000001/providers/Microsoft.Resources/deployments/mock-deployment/operationStatuses/08585113421995987197?api-version=2022-09-01
  response:
    body:
      string: '{"status":"Running"}'
    headers:
      cache-control:
      - no-cache
      content-length:
      - '20'
      content-type:
      - application/json; charset=utf-8
      date:
      - Tue, 25 Jul 2023 05:59:11 GMT
      expires:
      - '-1'
      pragma:
      - no-cache
      strict-transport-security:
      - max-age=31536000; includeSubDomains
      vary:
      - Accept-Encoding
      x-content-type-options:
      - nosniff
    status:
      code: 200
      message: OK
- request:
    body: null
    headers:
      Accept:
      - '*/*'
      Accept-Encoding:
      - gzip, deflate
      CommandName:
      - vm create
      Connection:
      - keep-alive
      ParameterSetName:
      - -g -n --image --generate-ssh-keys --admin-username
      User-Agent:
      - AZURECLI/2.50.0 azsdk-python-azure-mgmt-resource/23.1.0b2 Python/3.8.10 (Windows-10-10.0.22621-SP0)
    method: GET
    uri: https://management.azure.com/subscriptions/00000000-0000-0000-0000-000000000000/resourcegroups/cli_test_vm_secrets000001/providers/Microsoft.Resources/deployments/mock-deployment/operationStatuses/08585113421995987197?api-version=2022-09-01
  response:
    body:
      string: '{"status":"Succeeded"}'
    headers:
      cache-control:
      - no-cache
      content-length:
      - '22'
      content-type:
      - application/json; charset=utf-8
      date:
      - Tue, 25 Jul 2023 05:59:43 GMT
      expires:
      - '-1'
      pragma:
      - no-cache
      strict-transport-security:
      - max-age=31536000; includeSubDomains
      vary:
      - Accept-Encoding
      x-content-type-options:
      - nosniff
    status:
      code: 200
      message: OK
- request:
    body: null
    headers:
      Accept:
      - '*/*'
      Accept-Encoding:
      - gzip, deflate
      CommandName:
      - vm create
      Connection:
      - keep-alive
      ParameterSetName:
      - -g -n --image --generate-ssh-keys --admin-username
      User-Agent:
      - AZURECLI/2.50.0 azsdk-python-azure-mgmt-resource/23.1.0b2 Python/3.8.10 (Windows-10-10.0.22621-SP0)
    method: GET
    uri: https://management.azure.com/subscriptions/00000000-0000-0000-0000-000000000000/resourcegroups/cli_test_vm_secrets000001/providers/Microsoft.Resources/deployments/mock-deployment?api-version=2022-09-01
  response:
    body:
      string: '{"id":"/subscriptions/00000000-0000-0000-0000-000000000000/resourceGroups/cli_test_vm_secrets000001/providers/Microsoft.Resources/deployments/vm_deploy_5UVypD0mE4lsv8RjAtEI1DFzH9hHbYeL","name":"vm_deploy_5UVypD0mE4lsv8RjAtEI1DFzH9hHbYeL","type":"Microsoft.Resources/deployments","properties":{"templateHash":"3111264494023465181","parameters":{},"mode":"Incremental","provisioningState":"Succeeded","timestamp":"2023-07-25T05:59:16.7923052Z","duration":"PT1M6.8352386S","correlationId":"1418a0b5-fd09-4804-b1ae-eb60bb96845e","providers":[{"namespace":"Microsoft.Network","resourceTypes":[{"resourceType":"virtualNetworks","locations":["westus"]},{"resourceType":"networkSecurityGroups","locations":["westus"]},{"resourceType":"publicIPAddresses","locations":["westus"]},{"resourceType":"networkInterfaces","locations":["westus"]}]},{"namespace":"Microsoft.Compute","resourceTypes":[{"resourceType":"virtualMachines","locations":["westus"]}]}],"dependencies":[{"dependsOn":[{"id":"/subscriptions/00000000-0000-0000-0000-000000000000/resourceGroups/cli_test_vm_secrets000001/providers/Microsoft.Network/virtualNetworks/vm1VNET","resourceType":"Microsoft.Network/virtualNetworks","resourceName":"vm1VNET"},{"id":"/subscriptions/00000000-0000-0000-0000-000000000000/resourceGroups/cli_test_vm_secrets000001/providers/Microsoft.Network/networkSecurityGroups/vm1NSG","resourceType":"Microsoft.Network/networkSecurityGroups","resourceName":"vm1NSG"},{"id":"/subscriptions/00000000-0000-0000-0000-000000000000/resourceGroups/cli_test_vm_secrets000001/providers/Microsoft.Network/publicIPAddresses/vm1PublicIP","resourceType":"Microsoft.Network/publicIPAddresses","resourceName":"vm1PublicIP"}],"id":"/subscriptions/00000000-0000-0000-0000-000000000000/resourceGroups/cli_test_vm_secrets000001/providers/Microsoft.Network/networkInterfaces/vm1VMNic","resourceType":"Microsoft.Network/networkInterfaces","resourceName":"vm1VMNic"},{"dependsOn":[{"id":"/subscriptions/00000000-0000-0000-0000-000000000000/resourceGroups/cli_test_vm_secrets000001/providers/Microsoft.Network/networkInterfaces/vm1VMNic","resourceType":"Microsoft.Network/networkInterfaces","resourceName":"vm1VMNic"}],"id":"/subscriptions/00000000-0000-0000-0000-000000000000/resourceGroups/cli_test_vm_secrets000001/providers/Microsoft.Compute/virtualMachines/vm1","resourceType":"Microsoft.Compute/virtualMachines","resourceName":"vm1"}],"outputs":{},"outputResources":[{"id":"/subscriptions/00000000-0000-0000-0000-000000000000/resourceGroups/cli_test_vm_secrets000001/providers/Microsoft.Compute/virtualMachines/vm1"},{"id":"/subscriptions/00000000-0000-0000-0000-000000000000/resourceGroups/cli_test_vm_secrets000001/providers/Microsoft.Network/networkInterfaces/vm1VMNic"},{"id":"/subscriptions/00000000-0000-0000-0000-000000000000/resourceGroups/cli_test_vm_secrets000001/providers/Microsoft.Network/networkSecurityGroups/vm1NSG"},{"id":"/subscriptions/00000000-0000-0000-0000-000000000000/resourceGroups/cli_test_vm_secrets000001/providers/Microsoft.Network/publicIPAddresses/vm1PublicIP"},{"id":"/subscriptions/00000000-0000-0000-0000-000000000000/resourceGroups/cli_test_vm_secrets000001/providers/Microsoft.Network/virtualNetworks/vm1VNET"}]}}'
    headers:
      cache-control:
      - no-cache
      content-length:
      - '3208'
      content-type:
      - application/json; charset=utf-8
      date:
      - Tue, 25 Jul 2023 05:59:43 GMT
      expires:
      - '-1'
      pragma:
      - no-cache
      strict-transport-security:
      - max-age=31536000; includeSubDomains
      vary:
      - Accept-Encoding
      x-content-type-options:
      - nosniff
    status:
      code: 200
      message: OK
- request:
    body: null
    headers:
      Accept:
      - application/json
      Accept-Encoding:
      - gzip, deflate
      CommandName:
      - vm create
      Connection:
      - keep-alive
      ParameterSetName:
      - -g -n --image --generate-ssh-keys --admin-username
      User-Agent:
      - AZURECLI/2.50.0 azsdk-python-azure-mgmt-compute/30.0.0 Python/3.8.10 (Windows-10-10.0.22621-SP0)
    method: GET
    uri: https://management.azure.com/subscriptions/00000000-0000-0000-0000-000000000000/resourceGroups/cli_test_vm_secrets000001/providers/Microsoft.Compute/virtualMachines/vm1?$expand=instanceView&api-version=2022-11-01
  response:
    body:
      string: "{\r\n  \"name\": \"vm1\",\r\n  \"id\": \"/subscriptions/00000000-0000-0000-0000-000000000000/resourceGroups/cli_test_vm_secrets000001/providers/Microsoft.Compute/virtualMachines/vm1\",\r\n
        \ \"type\": \"Microsoft.Compute/virtualMachines\",\r\n  \"location\": \"westus\",\r\n
        \ \"tags\": {},\r\n  \"properties\": {\r\n    \"vmId\": \"3c09dec5-61f2-49f3-bf29-167bd1de5709\",\r\n
        \   \"hardwareProfile\": {\r\n      \"vmSize\": \"Standard_DS1_v2\"\r\n    },\r\n
        \   \"storageProfile\": {\r\n      \"imageReference\": {\r\n        \"publisher\":
        \"RedHat\",\r\n        \"offer\": \"RHEL\",\r\n        \"sku\": \"7-LVM\",\r\n
        \       \"version\": \"latest\",\r\n        \"exactVersion\": \"7.9.2023032012\"\r\n
        \     },\r\n      \"osDisk\": {\r\n        \"osType\": \"Linux\",\r\n        \"name\":
        \"vm1_OsDisk_1_e97d16f7e04143ee9af5f431195a54ce\",\r\n        \"createOption\":
        \"FromImage\",\r\n        \"caching\": \"ReadWrite\",\r\n        \"managedDisk\":
        {\r\n          \"storageAccountType\": \"Premium_LRS\",\r\n          \"id\":
        \"/subscriptions/00000000-0000-0000-0000-000000000000/resourceGroups/cli_test_vm_secrets000001/providers/Microsoft.Compute/disks/vm1_OsDisk_1_e97d16f7e04143ee9af5f431195a54ce\"\r\n
        \       },\r\n        \"deleteOption\": \"Detach\",\r\n        \"diskSizeGB\":
        64\r\n      },\r\n      \"dataDisks\": []\r\n    },\r\n    \"osProfile\":
        {\r\n      \"computerName\": \"vm1\",\r\n      \"adminUsername\": \"rheladmin\",\r\n
        \     \"linuxConfiguration\": {\r\n        \"disablePasswordAuthentication\":
        true,\r\n        \"ssh\": {\r\n          \"publicKeys\": [\r\n            {\r\n
        \             \"path\": \"/home/rheladmin/.ssh/authorized_keys\",\r\n              \"keyData\":
        \"ssh-rsa AAAAB3NzaC1yc2EAAAADAQABAAABAQDR9g866MdwX5/JBMcdMlbMI7pUEFWgxDq8BQfFA3iAt1eVihdea8PYBDHQQYQinwjsjg2alHw3+j9wCj2WOTlEGeC266cAVuzWtNs532IFMKAuj60MDhGboGQTPiEVNjVvWuzjVsRlrmb5tXs8jPKOSQmbbgxXC7k0HeUmLhfzgLzGcpWN+DVuwkxUMnPKxalfbp7El5tA+ycDOFcMEU9GAOR9taqvB4X3GGQjsnRMpNwvYV8OwsRhiQBNlDewtAIInXS4sF+BSenwMdy/QBQWO9hjxUAh1ehHQcDAKTcsjP0p6pjNUHfMZy2rCjHbL6GUvoCN6MIuwXonwGMu6xPz\"\r\n
        \           }\r\n          ]\r\n        },\r\n        \"provisionVMAgent\":
        true,\r\n        \"patchSettings\": {\r\n          \"patchMode\": \"ImageDefault\",\r\n
        \         \"assessmentMode\": \"ImageDefault\"\r\n        },\r\n        \"enableVMAgentPlatformUpdates\":
        false\r\n      },\r\n      \"secrets\": [],\r\n      \"allowExtensionOperations\":
        true,\r\n      \"requireGuestProvisionSignal\": true\r\n    },\r\n    \"networkProfile\":
        {\"networkInterfaces\":[{\"id\":\"/subscriptions/00000000-0000-0000-0000-000000000000/resourceGroups/cli_test_vm_secrets000001/providers/Microsoft.Network/networkInterfaces/vm1VMNic\"}]},\r\n
        \   \"provisioningState\": \"Succeeded\",\r\n    \"instanceView\": {\r\n      \"computerName\":
        \"vm1\",\r\n      \"osName\": \"redhat\",\r\n      \"osVersion\": \"7.9\",\r\n
        \     \"vmAgent\": {\r\n        \"vmAgentVersion\": \"2.9.1.1\",\r\n        \"statuses\":
        [\r\n          {\r\n            \"code\": \"ProvisioningState/succeeded\",\r\n
        \           \"level\": \"Info\",\r\n            \"displayStatus\": \"Ready\",\r\n
        \           \"message\": \"Guest Agent is running\",\r\n            \"time\":
        \"2023-07-25T05:59:27+00:00\"\r\n          }\r\n        ],\r\n        \"extensionHandlers\":
        []\r\n      },\r\n      \"disks\": [\r\n        {\r\n          \"name\": \"vm1_OsDisk_1_e97d16f7e04143ee9af5f431195a54ce\",\r\n
        \         \"statuses\": [\r\n            {\r\n              \"code\": \"ProvisioningState/succeeded\",\r\n
        \             \"level\": \"Info\",\r\n              \"displayStatus\": \"Provisioning
        succeeded\",\r\n              \"time\": \"2023-07-25T05:58:35.0656835+00:00\"\r\n
        \           }\r\n          ]\r\n        }\r\n      ],\r\n      \"hyperVGeneration\":
        \"V1\",\r\n      \"statuses\": [\r\n        {\r\n          \"code\": \"ProvisioningState/succeeded\",\r\n
        \         \"level\": \"Info\",\r\n          \"displayStatus\": \"Provisioning
        succeeded\",\r\n          \"time\": \"2023-07-25T05:59:14.8476608+00:00\"\r\n
        \       },\r\n        {\r\n          \"code\": \"PowerState/running\",\r\n
        \         \"level\": \"Info\",\r\n          \"displayStatus\": \"VM running\"\r\n
        \       }\r\n      ]\r\n    },\r\n    \"timeCreated\": \"2023-07-25T05:58:32.2843917+00:00\"\r\n
        \ }\r\n}"
    headers:
      cache-control:
      - no-cache
      content-length:
      - '3849'
      content-type:
      - application/json; charset=utf-8
      date:
      - Tue, 25 Jul 2023 05:59:45 GMT
      expires:
      - '-1'
      pragma:
      - no-cache
      server:
      - Microsoft-HTTPAPI/2.0
      - Microsoft-HTTPAPI/2.0
      strict-transport-security:
      - max-age=31536000; includeSubDomains
      transfer-encoding:
      - chunked
      vary:
      - Accept-Encoding
      x-content-type-options:
      - nosniff
      x-ms-ratelimit-remaining-resource:
      - Microsoft.Compute/LowCostGet3Min;3993,Microsoft.Compute/LowCostGet30Min;31957
    status:
      code: 200
      message: OK
- request:
    body: null
    headers:
      Accept:
      - application/json
      Accept-Encoding:
      - gzip, deflate
      CommandName:
      - vm create
      Connection:
      - keep-alive
      ParameterSetName:
      - -g -n --image --generate-ssh-keys --admin-username
      User-Agent:
      - AZURECLI/2.50.0 (AAZ) azsdk-python-core/1.26.0 Python/3.8.10 (Windows-10-10.0.22621-SP0)
    method: GET
    uri: https://management.azure.com/subscriptions/00000000-0000-0000-0000-000000000000/resourceGroups/cli_test_vm_secrets000001/providers/Microsoft.Network/networkInterfaces/vm1VMNic?api-version=2022-01-01
  response:
    body:
      string: "{\r\n  \"name\": \"vm1VMNic\",\r\n  \"id\": \"/subscriptions/00000000-0000-0000-0000-000000000000/resourceGroups/cli_test_vm_secrets000001/providers/Microsoft.Network/networkInterfaces/vm1VMNic\",\r\n
        \ \"etag\": \"W/\\\"baa26a76-0a9b-4e73-955e-fbcba18a378f\\\"\",\r\n  \"tags\":
        {},\r\n  \"properties\": {\r\n    \"provisioningState\": \"Succeeded\",\r\n
        \   \"resourceGuid\": \"2eef4bdc-adf2-46c5-af67-c998e89eb38c\",\r\n    \"ipConfigurations\":
        [\r\n      {\r\n        \"name\": \"ipconfigvm1\",\r\n        \"id\": \"/subscriptions/00000000-0000-0000-0000-000000000000/resourceGroups/cli_test_vm_secrets000001/providers/Microsoft.Network/networkInterfaces/vm1VMNic/ipConfigurations/ipconfigvm1\",\r\n
        \       \"etag\": \"W/\\\"baa26a76-0a9b-4e73-955e-fbcba18a378f\\\"\",\r\n
        \       \"type\": \"Microsoft.Network/networkInterfaces/ipConfigurations\",\r\n
        \       \"properties\": {\r\n          \"provisioningState\": \"Succeeded\",\r\n
        \         \"privateIPAddress\": \"10.0.0.4\",\r\n          \"privateIPAllocationMethod\":
        \"Dynamic\",\r\n          \"publicIPAddress\": {\r\n            \"id\": \"/subscriptions/00000000-0000-0000-0000-000000000000/resourceGroups/cli_test_vm_secrets000001/providers/Microsoft.Network/publicIPAddresses/vm1PublicIP\"\r\n
        \         },\r\n          \"subnet\": {\r\n            \"id\": \"/subscriptions/00000000-0000-0000-0000-000000000000/resourceGroups/cli_test_vm_secrets000001/providers/Microsoft.Network/virtualNetworks/vm1VNET/subnets/vm1Subnet\"\r\n
        \         },\r\n          \"primary\": true,\r\n          \"privateIPAddressVersion\":
        \"IPv4\"\r\n        }\r\n      }\r\n    ],\r\n    \"dnsSettings\": {\r\n      \"dnsServers\":
        [],\r\n      \"appliedDnsServers\": [],\r\n      \"internalDomainNameSuffix\":
        \"paozmmv3ycjurbkolby2xrhnwe.dx.internal.cloudapp.net\"\r\n    },\r\n    \"macAddress\":
        \"60-45-BD-0A-57-F4\",\r\n    \"vnetEncryptionSupported\": false,\r\n    \"enableIPForwarding\":
        false,\r\n    \"networkSecurityGroup\": {\r\n      \"id\": \"/subscriptions/00000000-0000-0000-0000-000000000000/resourceGroups/cli_test_vm_secrets000001/providers/Microsoft.Network/networkSecurityGroups/vm1NSG\"\r\n
        \   },\r\n    \"primary\": true,\r\n    \"virtualMachine\": {\r\n      \"id\":
        \"/subscriptions/00000000-0000-0000-0000-000000000000/resourceGroups/cli_test_vm_secrets000001/providers/Microsoft.Compute/virtualMachines/vm1\"\r\n
        \   },\r\n    \"hostedWorkloads\": [],\r\n    \"tapConfigurations\": [],\r\n
        \   \"nicType\": \"Standard\",\r\n    \"allowPort25Out\": true\r\n  },\r\n
        \ \"type\": \"Microsoft.Network/networkInterfaces\",\r\n  \"location\": \"westus\",\r\n
        \ \"kind\": \"Regular\"\r\n}"
    headers:
      cache-control:
      - no-cache
      content-length:
      - '2401'
      content-type:
      - application/json; charset=utf-8
      date:
      - Tue, 25 Jul 2023 05:59:46 GMT
      etag:
      - W/"baa26a76-0a9b-4e73-955e-fbcba18a378f"
      expires:
      - '-1'
      pragma:
      - no-cache
      server:
      - Microsoft-HTTPAPI/2.0
      - Microsoft-HTTPAPI/2.0
      strict-transport-security:
      - max-age=31536000; includeSubDomains
      transfer-encoding:
      - chunked
      vary:
      - Accept-Encoding
      x-content-type-options:
      - nosniff
      x-ms-arm-service-request-id:
      - fc7b141e-4818-4412-a76f-f454671b9e4d
    status:
      code: 200
      message: OK
- request:
    body: null
    headers:
      Accept:
      - application/json
      Accept-Encoding:
      - gzip, deflate
      CommandName:
      - vm create
      Connection:
      - keep-alive
      ParameterSetName:
      - -g -n --image --generate-ssh-keys --admin-username
      User-Agent:
      - AZURECLI/2.50.0 (AAZ) azsdk-python-core/1.26.0 Python/3.8.10 (Windows-10-10.0.22621-SP0)
    method: GET
    uri: https://management.azure.com/subscriptions/00000000-0000-0000-0000-000000000000/resourceGroups/cli_test_vm_secrets000001/providers/Microsoft.Network/publicIPAddresses/vm1PublicIP?api-version=2022-01-01
  response:
    body:
      string: "{\r\n  \"name\": \"vm1PublicIP\",\r\n  \"id\": \"/subscriptions/00000000-0000-0000-0000-000000000000/resourceGroups/cli_test_vm_secrets000001/providers/Microsoft.Network/publicIPAddresses/vm1PublicIP\",\r\n
        \ \"etag\": \"W/\\\"c5bbf858-73ba-4f62-b134-df6d402f374b\\\"\",\r\n  \"location\":
        \"westus\",\r\n  \"tags\": {},\r\n  \"properties\": {\r\n    \"provisioningState\":
        \"Succeeded\",\r\n    \"resourceGuid\": \"1ced8a03-b71f-4dce-9166-ab06f7e47245\",\r\n
        \   \"ipAddress\": \"20.245.188.33\",\r\n    \"publicIPAddressVersion\": \"IPv4\",\r\n
        \   \"publicIPAllocationMethod\": \"Dynamic\",\r\n    \"idleTimeoutInMinutes\":
        4,\r\n    \"ipTags\": [],\r\n    \"ipConfiguration\": {\r\n      \"id\": \"/subscriptions/00000000-0000-0000-0000-000000000000/resourceGroups/cli_test_vm_secrets000001/providers/Microsoft.Network/networkInterfaces/vm1VMNic/ipConfigurations/ipconfigvm1\"\r\n
        \   }\r\n  },\r\n  \"type\": \"Microsoft.Network/publicIPAddresses\",\r\n
        \ \"sku\": {\r\n    \"name\": \"Basic\",\r\n    \"tier\": \"Regional\"\r\n
        \ }\r\n}"
    headers:
      cache-control:
      - no-cache
      content-length:
      - '922'
      content-type:
      - application/json; charset=utf-8
      date:
      - Tue, 25 Jul 2023 05:59:47 GMT
      etag:
      - W/"c5bbf858-73ba-4f62-b134-df6d402f374b"
      expires:
      - '-1'
      pragma:
      - no-cache
      server:
      - Microsoft-HTTPAPI/2.0
      - Microsoft-HTTPAPI/2.0
      strict-transport-security:
      - max-age=31536000; includeSubDomains
      transfer-encoding:
      - chunked
      vary:
      - Accept-Encoding
      x-content-type-options:
      - nosniff
      x-ms-arm-service-request-id:
      - b1bf1c4d-fc68-4eb9-93be-9bce3382f55b
    status:
      code: 200
      message: OK
- request:
    body: null
    headers:
      Accept:
      - application/json
      Accept-Encoding:
      - gzip, deflate
      Connection:
      - keep-alive
      Content-Length:
      - '0'
      Content-Type:
      - application/json
      User-Agent:
      - azsdk-python-keyvault-certificates/4.7.0 Python/3.8.10 (Windows-10-10.0.22621-SP0)
    method: POST
    uri: https://vmsecretkv000002.vault.azure.net/certificates/vm-secrt-cert/create?api-version=7.4
  response:
    body:
      string: '{"error":{"code":"Unauthorized","message":"AKV10000: Request is missing
        a Bearer or PoP token."}}'
    headers:
      cache-control:
      - no-cache
      content-length:
      - '97'
      content-type:
      - application/json; charset=utf-8
      date:
      - Tue, 25 Jul 2023 06:00:49 GMT
      expires:
      - '-1'
      pragma:
      - no-cache
      strict-transport-security:
      - max-age=31536000;includeSubDomains
      www-authenticate:
      - Bearer authorization="https://login.microsoftonline.com/54826b22-38d6-4fb2-bad9-b7b93a3e9c5a",
        resource="https://vault.azure.net"
      x-content-type-options:
      - nosniff
      x-ms-keyvault-network-info:
      - conn_type=Ipv4;addr=167.220.255.84;act_addr_fam=InterNetwork;
      x-ms-keyvault-region:
      - westus
      x-ms-keyvault-service-version:
      - 1.9.908.1
    status:
      code: 401
      message: Unauthorized
- request:
    body: '{"policy": {"key_props": {"exportable": true, "kty": "RSA", "key_size":
      2048, "reuse_key": false}, "secret_props": {"contentType": "application/x-pkcs12"},
      "x509_props": {"subject": "C=US, ST=WA, L=Redmon, O=Test Noodle, OU=TestNugget,
      CN=www.mytestdomain.com", "sans": {}, "key_usage": ["digitalSignature", "nonRepudiation",
      "keyEncipherment", "keyAgreement", "keyCertSign"], "validity_months": 60}, "lifetime_actions":
      [{"trigger": {"lifetime_percentage": 90}, "action": {"action_type": "AutoRenew"}}],
      "issuer": {"name": "Self"}, "attributes": {"enabled": true}}, "attributes":
      {"enabled": true}}'
    headers:
      Accept:
      - application/json
      Accept-Encoding:
      - gzip, deflate
      Connection:
      - keep-alive
      Content-Length:
      - '599'
      Content-Type:
      - application/json
      User-Agent:
      - azsdk-python-keyvault-certificates/4.7.0 Python/3.8.10 (Windows-10-10.0.22621-SP0)
    method: POST
    uri: https://vmsecretkv000002.vault.azure.net/certificates/vm-secrt-cert/create?api-version=7.4
  response:
    body:
      string: '{"id":"https://vmsecretkv000002.vault.azure.net/certificates/vm-secrt-cert/pending","issuer":{"name":"Self"},"csr":"MIIDBTCCAe0CAQAwdTEdMBsGA1UEAxMUd3d3Lm15dGVzdGRvbWFpbi5jb20xEzARBgNVBAsTClRlc3ROdWdnZXQxFDASBgNVBAoTC1Rlc3QgTm9vZGxlMQ8wDQYDVQQHEwZSZWRtb24xCzAJBgNVBAgTAldBMQswCQYDVQQGEwJVUzCCASIwDQYJKoZIhvcNAQEBBQADggEPADCCAQoCggEBAL6RXXH0ZsfkhFDiyalEj6BphN4mspDiDiVRy/oJQNwGQgAp5yuMEihPAi9c8beMhacwfb5u4yFKkHuBwVu94Gek+qchioB6l8vis2BqqmS/GK5rpgMhynoEwNjoaSSyCkhlRWMW+dWEaNZ3zzGtBfBMPyUxSQvsL407QLoCuRKB9WSbh8htB2ORfKy5Lf4D26sroLQBX/S2JUP2Eccyj6L+dWira8Gka6zUbFkOGY0il8Ds/j73+9LMqhzeRMQu84GfG8OF0g4B3nouSIDsGtHmGZEWxUHg5H9pI72bqMM8/IJZenAmDJgWDsM8dTxvdjZ97NS14K7qbrWHMQ3AunUCAwEAAaBLMEkGCSqGSIb3DQEJDjE8MDowDgYDVR0PAQH/BAQDAgLsMB0GA1UdJQQWMBQGCCsGAQUFBwMBBggrBgEFBQcDAjAJBgNVHRMEAjAAMA0GCSqGSIb3DQEBCwUAA4IBAQAVSsMymFTLlyZLnDLzwIAYzoNCH3riQBQqkkgTpmlMYU/pSZjDzEY/4b0aWq3K/e3AsaQhNMOmbBgSJsOHLQ+E/ZYQ0h4DDuVf4XkscP7ZLDtOnpgu6HuhzWvlhv/sHGdBh5705mPP2CMq8wgLxjQNCCr1rkO6qAIhpAqu1sIu80Z+bRYPTcZlO4hZO8YM6hOJ6R9nnqGw4EpzamdF7Uk6S11pJBgIz3Lc0NRaPJYo+frD+6+WRVaHxILdU/O7d+dxnbLfLnHOzKnRXyiodhGk/AsbI3TChc/WnlM3qmf1C4zcOWurX2+blhcnvVqCfcTjdurfGkWrren+96lAmv+b","cancellation_requested":false,"status":"inProgress","status_details":"Pending
        certificate created. Certificate request is in progress. This may take some
        time based on the issuer provider. Please check again later.","request_id":"b2050b70495d42219063cdf64e73f253"}'
    headers:
      cache-control:
      - no-cache
      content-length:
      - '1419'
      content-type:
      - application/json; charset=utf-8
      date:
      - Tue, 25 Jul 2023 06:00:49 GMT
      expires:
      - '-1'
      location:
      - https://vmsecretkv000002.vault.azure.net/certificates/vm-secrt-cert/pending?api-version=7.4&request_id=b2050b70495d42219063cdf64e73f253
      pragma:
      - no-cache
      strict-transport-security:
      - max-age=31536000;includeSubDomains
      x-content-type-options:
      - nosniff
      x-ms-keyvault-network-info:
      - conn_type=Ipv4;addr=167.220.255.84;act_addr_fam=InterNetwork;
      x-ms-keyvault-region:
      - westus
      x-ms-keyvault-service-version:
      - 1.9.908.1
    status:
      code: 202
      message: Accepted
- request:
    body: null
    headers:
      Accept:
      - application/json
      Accept-Encoding:
      - gzip, deflate
      Connection:
      - keep-alive
      User-Agent:
      - azsdk-python-keyvault-certificates/4.7.0 Python/3.8.10 (Windows-10-10.0.22621-SP0)
    method: GET
    uri: https://vmsecretkv000002.vault.azure.net/certificates/vm-secrt-cert/pending?api-version=7.4
  response:
    body:
      string: '{"id":"https://vmsecretkv000002.vault.azure.net/certificates/vm-secrt-cert/pending","issuer":{"name":"Self"},"csr":"MIIDBTCCAe0CAQAwdTEdMBsGA1UEAxMUd3d3Lm15dGVzdGRvbWFpbi5jb20xEzARBgNVBAsTClRlc3ROdWdnZXQxFDASBgNVBAoTC1Rlc3QgTm9vZGxlMQ8wDQYDVQQHEwZSZWRtb24xCzAJBgNVBAgTAldBMQswCQYDVQQGEwJVUzCCASIwDQYJKoZIhvcNAQEBBQADggEPADCCAQoCggEBAL6RXXH0ZsfkhFDiyalEj6BphN4mspDiDiVRy/oJQNwGQgAp5yuMEihPAi9c8beMhacwfb5u4yFKkHuBwVu94Gek+qchioB6l8vis2BqqmS/GK5rpgMhynoEwNjoaSSyCkhlRWMW+dWEaNZ3zzGtBfBMPyUxSQvsL407QLoCuRKB9WSbh8htB2ORfKy5Lf4D26sroLQBX/S2JUP2Eccyj6L+dWira8Gka6zUbFkOGY0il8Ds/j73+9LMqhzeRMQu84GfG8OF0g4B3nouSIDsGtHmGZEWxUHg5H9pI72bqMM8/IJZenAmDJgWDsM8dTxvdjZ97NS14K7qbrWHMQ3AunUCAwEAAaBLMEkGCSqGSIb3DQEJDjE8MDowDgYDVR0PAQH/BAQDAgLsMB0GA1UdJQQWMBQGCCsGAQUFBwMBBggrBgEFBQcDAjAJBgNVHRMEAjAAMA0GCSqGSIb3DQEBCwUAA4IBAQAVSsMymFTLlyZLnDLzwIAYzoNCH3riQBQqkkgTpmlMYU/pSZjDzEY/4b0aWq3K/e3AsaQhNMOmbBgSJsOHLQ+E/ZYQ0h4DDuVf4XkscP7ZLDtOnpgu6HuhzWvlhv/sHGdBh5705mPP2CMq8wgLxjQNCCr1rkO6qAIhpAqu1sIu80Z+bRYPTcZlO4hZO8YM6hOJ6R9nnqGw4EpzamdF7Uk6S11pJBgIz3Lc0NRaPJYo+frD+6+WRVaHxILdU/O7d+dxnbLfLnHOzKnRXyiodhGk/AsbI3TChc/WnlM3qmf1C4zcOWurX2+blhcnvVqCfcTjdurfGkWrren+96lAmv+b","cancellation_requested":false,"status":"inProgress","status_details":"Pending
        certificate created. Certificate request is in progress. This may take some
        time based on the issuer provider. Please check again later.","request_id":"b2050b70495d42219063cdf64e73f253"}'
    headers:
      cache-control:
      - no-cache
      content-length:
      - '1419'
      content-type:
      - application/json; charset=utf-8
      date:
      - Tue, 25 Jul 2023 06:00:50 GMT
      expires:
      - '-1'
      pragma:
      - no-cache
      strict-transport-security:
      - max-age=31536000;includeSubDomains
      x-content-type-options:
      - nosniff
      x-ms-keyvault-network-info:
      - conn_type=Ipv4;addr=167.220.255.84;act_addr_fam=InterNetwork;
      x-ms-keyvault-region:
      - westus
      x-ms-keyvault-service-version:
      - 1.9.908.1
    status:
      code: 200
      message: OK
- request:
    body: null
    headers:
      Accept:
      - application/json
      Accept-Encoding:
      - gzip, deflate
      Connection:
      - keep-alive
      User-Agent:
      - azsdk-python-keyvault-certificates/4.7.0 Python/3.8.10 (Windows-10-10.0.22621-SP0)
    method: GET
    uri: https://vmsecretkv000002.vault.azure.net/certificates/vm-secrt-cert/pending?api-version=7.4
  response:
    body:
      string: '{"id":"https://vmsecretkv000002.vault.azure.net/certificates/vm-secrt-cert/pending","issuer":{"name":"Self"},"csr":"MIIDBTCCAe0CAQAwdTEdMBsGA1UEAxMUd3d3Lm15dGVzdGRvbWFpbi5jb20xEzARBgNVBAsTClRlc3ROdWdnZXQxFDASBgNVBAoTC1Rlc3QgTm9vZGxlMQ8wDQYDVQQHEwZSZWRtb24xCzAJBgNVBAgTAldBMQswCQYDVQQGEwJVUzCCASIwDQYJKoZIhvcNAQEBBQADggEPADCCAQoCggEBAL6RXXH0ZsfkhFDiyalEj6BphN4mspDiDiVRy/oJQNwGQgAp5yuMEihPAi9c8beMhacwfb5u4yFKkHuBwVu94Gek+qchioB6l8vis2BqqmS/GK5rpgMhynoEwNjoaSSyCkhlRWMW+dWEaNZ3zzGtBfBMPyUxSQvsL407QLoCuRKB9WSbh8htB2ORfKy5Lf4D26sroLQBX/S2JUP2Eccyj6L+dWira8Gka6zUbFkOGY0il8Ds/j73+9LMqhzeRMQu84GfG8OF0g4B3nouSIDsGtHmGZEWxUHg5H9pI72bqMM8/IJZenAmDJgWDsM8dTxvdjZ97NS14K7qbrWHMQ3AunUCAwEAAaBLMEkGCSqGSIb3DQEJDjE8MDowDgYDVR0PAQH/BAQDAgLsMB0GA1UdJQQWMBQGCCsGAQUFBwMBBggrBgEFBQcDAjAJBgNVHRMEAjAAMA0GCSqGSIb3DQEBCwUAA4IBAQAVSsMymFTLlyZLnDLzwIAYzoNCH3riQBQqkkgTpmlMYU/pSZjDzEY/4b0aWq3K/e3AsaQhNMOmbBgSJsOHLQ+E/ZYQ0h4DDuVf4XkscP7ZLDtOnpgu6HuhzWvlhv/sHGdBh5705mPP2CMq8wgLxjQNCCr1rkO6qAIhpAqu1sIu80Z+bRYPTcZlO4hZO8YM6hOJ6R9nnqGw4EpzamdF7Uk6S11pJBgIz3Lc0NRaPJYo+frD+6+WRVaHxILdU/O7d+dxnbLfLnHOzKnRXyiodhGk/AsbI3TChc/WnlM3qmf1C4zcOWurX2+blhcnvVqCfcTjdurfGkWrren+96lAmv+b","cancellation_requested":false,"status":"completed","target":"https://vmsecretkv000002.vault.azure.net/certificates/vm-secrt-cert","request_id":"b2050b70495d42219063cdf64e73f253"}'
    headers:
      cache-control:
      - no-cache
      content-length:
      - '1333'
      content-type:
      - application/json; charset=utf-8
      date:
      - Tue, 25 Jul 2023 06:01:01 GMT
      expires:
      - '-1'
      pragma:
      - no-cache
      strict-transport-security:
      - max-age=31536000;includeSubDomains
      x-content-type-options:
      - nosniff
      x-ms-keyvault-network-info:
      - conn_type=Ipv4;addr=167.220.255.84;act_addr_fam=InterNetwork;
      x-ms-keyvault-region:
      - westus
      x-ms-keyvault-service-version:
      - 1.9.908.1
    status:
      code: 200
      message: OK
- request:
    body: null
    headers:
      Accept:
      - application/json
      Accept-Encoding:
      - gzip, deflate
      CommandName:
      - vm secret add
      Connection:
      - keep-alive
      ParameterSetName:
      - -g -n --keyvault --certificate
      User-Agent:
      - AZURECLI/2.50.0 azsdk-python-azure-mgmt-compute/30.0.0 Python/3.8.10 (Windows-10-10.0.22621-SP0)
    method: GET
    uri: https://management.azure.com/subscriptions/00000000-0000-0000-0000-000000000000/resourceGroups/cli_test_vm_secrets000001/providers/Microsoft.Compute/virtualMachines/vm1?api-version=2022-11-01
  response:
    body:
      string: "{\r\n  \"name\": \"vm1\",\r\n  \"id\": \"/subscriptions/00000000-0000-0000-0000-000000000000/resourceGroups/cli_test_vm_secrets000001/providers/Microsoft.Compute/virtualMachines/vm1\",\r\n
        \ \"type\": \"Microsoft.Compute/virtualMachines\",\r\n  \"location\": \"westus\",\r\n
        \ \"tags\": {},\r\n  \"properties\": {\r\n    \"vmId\": \"3c09dec5-61f2-49f3-bf29-167bd1de5709\",\r\n
        \   \"hardwareProfile\": {\r\n      \"vmSize\": \"Standard_DS1_v2\"\r\n    },\r\n
        \   \"storageProfile\": {\r\n      \"imageReference\": {\r\n        \"publisher\":
        \"RedHat\",\r\n        \"offer\": \"RHEL\",\r\n        \"sku\": \"7-LVM\",\r\n
        \       \"version\": \"latest\",\r\n        \"exactVersion\": \"7.9.2023032012\"\r\n
        \     },\r\n      \"osDisk\": {\r\n        \"osType\": \"Linux\",\r\n        \"name\":
        \"vm1_OsDisk_1_e97d16f7e04143ee9af5f431195a54ce\",\r\n        \"createOption\":
        \"FromImage\",\r\n        \"caching\": \"ReadWrite\",\r\n        \"managedDisk\":
        {\r\n          \"storageAccountType\": \"Premium_LRS\",\r\n          \"id\":
        \"/subscriptions/00000000-0000-0000-0000-000000000000/resourceGroups/cli_test_vm_secrets000001/providers/Microsoft.Compute/disks/vm1_OsDisk_1_e97d16f7e04143ee9af5f431195a54ce\"\r\n
        \       },\r\n        \"deleteOption\": \"Detach\",\r\n        \"diskSizeGB\":
        64\r\n      },\r\n      \"dataDisks\": []\r\n    },\r\n    \"osProfile\":
        {\r\n      \"computerName\": \"vm1\",\r\n      \"adminUsername\": \"rheladmin\",\r\n
        \     \"linuxConfiguration\": {\r\n        \"disablePasswordAuthentication\":
        true,\r\n        \"ssh\": {\r\n          \"publicKeys\": [\r\n            {\r\n
        \             \"path\": \"/home/rheladmin/.ssh/authorized_keys\",\r\n              \"keyData\":
        \"ssh-rsa AAAAB3NzaC1yc2EAAAADAQABAAABAQDR9g866MdwX5/JBMcdMlbMI7pUEFWgxDq8BQfFA3iAt1eVihdea8PYBDHQQYQinwjsjg2alHw3+j9wCj2WOTlEGeC266cAVuzWtNs532IFMKAuj60MDhGboGQTPiEVNjVvWuzjVsRlrmb5tXs8jPKOSQmbbgxXC7k0HeUmLhfzgLzGcpWN+DVuwkxUMnPKxalfbp7El5tA+ycDOFcMEU9GAOR9taqvB4X3GGQjsnRMpNwvYV8OwsRhiQBNlDewtAIInXS4sF+BSenwMdy/QBQWO9hjxUAh1ehHQcDAKTcsjP0p6pjNUHfMZy2rCjHbL6GUvoCN6MIuwXonwGMu6xPz\"\r\n
        \           }\r\n          ]\r\n        },\r\n        \"provisionVMAgent\":
        true,\r\n        \"patchSettings\": {\r\n          \"patchMode\": \"ImageDefault\",\r\n
        \         \"assessmentMode\": \"ImageDefault\"\r\n        },\r\n        \"enableVMAgentPlatformUpdates\":
        false\r\n      },\r\n      \"secrets\": [],\r\n      \"allowExtensionOperations\":
        true,\r\n      \"requireGuestProvisionSignal\": true\r\n    },\r\n    \"networkProfile\":
        {\"networkInterfaces\":[{\"id\":\"/subscriptions/00000000-0000-0000-0000-000000000000/resourceGroups/cli_test_vm_secrets000001/providers/Microsoft.Network/networkInterfaces/vm1VMNic\"}]},\r\n
        \   \"provisioningState\": \"Succeeded\",\r\n    \"timeCreated\": \"2023-07-25T05:58:32.2843917+00:00\"\r\n
        \ }\r\n}"
    headers:
      cache-control:
      - no-cache
      content-length:
      - '2558'
      content-type:
      - application/json; charset=utf-8
      date:
      - Tue, 25 Jul 2023 06:01:02 GMT
      expires:
      - '-1'
      pragma:
      - no-cache
      server:
      - Microsoft-HTTPAPI/2.0
      - Microsoft-HTTPAPI/2.0
      strict-transport-security:
      - max-age=31536000; includeSubDomains
      transfer-encoding:
      - chunked
      vary:
      - Accept-Encoding
      x-content-type-options:
      - nosniff
      x-ms-ratelimit-remaining-resource:
      - Microsoft.Compute/LowCostGet3Min;3988,Microsoft.Compute/LowCostGet30Min;31953
    status:
      code: 200
      message: OK
- request:
    body: null
    headers:
      Accept:
      - application/json
      Accept-Encoding:
      - gzip, deflate
      Connection:
      - keep-alive
      User-Agent:
      - azsdk-python-keyvault-certificates/4.7.0 Python/3.8.10 (Windows-10-10.0.22621-SP0)
    method: GET
    uri: https://vmsecretkv000002.vault.azure.net/certificates/vm-secrt-cert/?api-version=7.4
  response:
    body:
      string: '{"id":"https://vmsecretkv000002.vault.azure.net/certificates/vm-secrt-cert/da5cc3c271b34c4bb024e187795a654b","kid":"https://vmsecretkv000002.vault.azure.net/keys/vm-secrt-cert/da5cc3c271b34c4bb024e187795a654b","sid":"https://vmsecretkv000002.vault.azure.net/secrets/vm-secrt-cert/da5cc3c271b34c4bb024e187795a654b","x5t":"uI2U44AJL_t0hF7zV-N8nyPPzKw","cer":"MIID8DCCAtigAwIBAgIQErCkQa6ySqmQ7AX73lnE6jANBgkqhkiG9w0BAQsFADB1MR0wGwYDVQQDExR3d3cubXl0ZXN0ZG9tYWluLmNvbTETMBEGA1UECxMKVGVzdE51Z2dldDEUMBIGA1UEChMLVGVzdCBOb29kbGUxDzANBgNVBAcTBlJlZG1vbjELMAkGA1UECBMCV0ExCzAJBgNVBAYTAlVTMB4XDTIzMDcyNTA1NTA1MFoXDTI4MDcyNTA2MDA1MFowdTEdMBsGA1UEAxMUd3d3Lm15dGVzdGRvbWFpbi5jb20xEzARBgNVBAsTClRlc3ROdWdnZXQxFDASBgNVBAoTC1Rlc3QgTm9vZGxlMQ8wDQYDVQQHEwZSZWRtb24xCzAJBgNVBAgTAldBMQswCQYDVQQGEwJVUzCCASIwDQYJKoZIhvcNAQEBBQADggEPADCCAQoCggEBAL6RXXH0ZsfkhFDiyalEj6BphN4mspDiDiVRy/oJQNwGQgAp5yuMEihPAi9c8beMhacwfb5u4yFKkHuBwVu94Gek+qchioB6l8vis2BqqmS/GK5rpgMhynoEwNjoaSSyCkhlRWMW+dWEaNZ3zzGtBfBMPyUxSQvsL407QLoCuRKB9WSbh8htB2ORfKy5Lf4D26sroLQBX/S2JUP2Eccyj6L+dWira8Gka6zUbFkOGY0il8Ds/j73+9LMqhzeRMQu84GfG8OF0g4B3nouSIDsGtHmGZEWxUHg5H9pI72bqMM8/IJZenAmDJgWDsM8dTxvdjZ97NS14K7qbrWHMQ3AunUCAwEAAaN8MHowDgYDVR0PAQH/BAQDAgLsMAkGA1UdEwQCMAAwHQYDVR0lBBYwFAYIKwYBBQUHAwEGCCsGAQUFBwMCMB8GA1UdIwQYMBaAFAf6+DVvMiJbc5+i0CmeEwbDaADrMB0GA1UdDgQWBBQH+vg1bzIiW3OfotApnhMGw2gA6zANBgkqhkiG9w0BAQsFAAOCAQEAJ0gzZg+leAWJo66Qz+x+NV+fkcwo3SL7REwgAlX2BEWnac3ZrMgC8DqWuNuR8d3YCB4i74+p+HEimmwvO++xU+xWkZUZhT3xlQlIg25aNYsE0Qey6Q4ZUASn9XnzoP1QkLzV9iUnjrFTOhWC3Wbq+TTKKuUVx4CoZheTRr4TiaYd9dYfbGwXwd322xGAnlfybZMTi8/e5XycYT+MviMCXtBBRNPn+vaPqttlsWBzsB5yhIdBrVTIPm0BTvbExUAXofcj2yKQIevVDU1ibIpwYyZaSUW/XXdyYoc7P/1OY8hz7Oxu8oADnN0zsNWIOY9cdXfnPuHZSQfq66dLNGY7sA==","attributes":{"enabled":true,"nbf":1690264250,"exp":1848117650,"created":1690264851,"updated":1690264851,"recoveryLevel":"CustomizedRecoverable+Purgeable","recoverableDays":7},"policy":{"id":"https://vmsecretkv000002.vault.azure.net/certificates/vm-secrt-cert/policy","key_props":{"exportable":true,"kty":"RSA","key_size":2048,"reuse_key":false},"secret_props":{"contentType":"application/x-pkcs12"},"x509_props":{"subject":"C=US,
        ST=WA, L=Redmon, O=Test Noodle, OU=TestNugget, CN=www.mytestdomain.com","sans":{},"ekus":["1.3.6.1.5.5.7.3.1","1.3.6.1.5.5.7.3.2"],"key_usage":["digitalSignature","keyAgreement","keyCertSign","keyEncipherment","nonRepudiation"],"validity_months":60,"basic_constraints":{"ca":false}},"lifetime_actions":[{"trigger":{"lifetime_percentage":90},"action":{"action_type":"AutoRenew"}}],"issuer":{"name":"Self"},"attributes":{"enabled":true,"created":1690264849,"updated":1690264849}},"pending":{"id":"https://vmsecretkv000002.vault.azure.net/certificates/vm-secrt-cert/pending"}}'
    headers:
      cache-control:
      - no-cache
      content-length:
      - '2715'
      content-type:
      - application/json; charset=utf-8
      date:
      - Tue, 25 Jul 2023 06:01:03 GMT
      expires:
      - '-1'
      pragma:
      - no-cache
      strict-transport-security:
      - max-age=31536000;includeSubDomains
      x-content-type-options:
      - nosniff
      x-ms-keyvault-network-info:
      - conn_type=Ipv4;addr=167.220.255.84;act_addr_fam=InterNetwork;
      x-ms-keyvault-region:
      - westus
      x-ms-keyvault-service-version:
      - 1.9.908.1
    status:
      code: 200
      message: OK
- request:
    body: '{"location": "westus", "tags": {}, "properties": {"hardwareProfile": {"vmSize":
      "Standard_DS1_v2"}, "storageProfile": {"osDisk": {"osType": "Linux", "name":
      "vm1_OsDisk_1_e97d16f7e04143ee9af5f431195a54ce", "caching": "ReadWrite", "createOption":
      "FromImage", "diskSizeGB": 64, "managedDisk": {"id": "/subscriptions/00000000-0000-0000-0000-000000000000/resourceGroups/cli_test_vm_secrets000001/providers/Microsoft.Compute/disks/vm1_OsDisk_1_e97d16f7e04143ee9af5f431195a54ce",
      "storageAccountType": "Premium_LRS"}, "deleteOption": "Detach"}, "dataDisks":
      []}, "osProfile": {"computerName": "vm1", "adminUsername": "rheladmin", "linuxConfiguration":
      {"disablePasswordAuthentication": true, "ssh": {"publicKeys": [{"path": "/home/rheladmin/.ssh/authorized_keys",
      "keyData": "ssh-rsa AAAAB3NzaC1yc2EAAAADAQABAAABAQDR9g866MdwX5/JBMcdMlbMI7pUEFWgxDq8BQfFA3iAt1eVihdea8PYBDHQQYQinwjsjg2alHw3+j9wCj2WOTlEGeC266cAVuzWtNs532IFMKAuj60MDhGboGQTPiEVNjVvWuzjVsRlrmb5tXs8jPKOSQmbbgxXC7k0HeUmLhfzgLzGcpWN+DVuwkxUMnPKxalfbp7El5tA+ycDOFcMEU9GAOR9taqvB4X3GGQjsnRMpNwvYV8OwsRhiQBNlDewtAIInXS4sF+BSenwMdy/QBQWO9hjxUAh1ehHQcDAKTcsjP0p6pjNUHfMZy2rCjHbL6GUvoCN6MIuwXonwGMu6xPz"}]},
      "provisionVMAgent": true, "patchSettings": {"patchMode": "ImageDefault", "assessmentMode":
      "ImageDefault"}, "enableVMAgentPlatformUpdates": false}, "secrets": [{"sourceVault":
      {"id": "/subscriptions/00000000-0000-0000-0000-000000000000/resourceGroups/cli_test_vm_secrets000001/providers/Microsoft.KeyVault/vaults/vmsecretkv000002"},
      "vaultCertificates": [{"certificateUrl": "https://vmsecretkv000002.vault.azure.net/secrets/vm-secrt-cert/da5cc3c271b34c4bb024e187795a654b"}]}],
      "allowExtensionOperations": true, "requireGuestProvisionSignal": true}, "networkProfile":
      {"networkInterfaces": [{"id": "/subscriptions/00000000-0000-0000-0000-000000000000/resourceGroups/cli_test_vm_secrets000001/providers/Microsoft.Network/networkInterfaces/vm1VMNic"}]}}}'
    headers:
      Accept:
      - application/json
      Accept-Encoding:
      - gzip, deflate
      CommandName:
      - vm secret add
      Connection:
      - keep-alive
      Content-Length:
      - '1908'
      Content-Type:
      - application/json
      ParameterSetName:
      - -g -n --keyvault --certificate
      User-Agent:
      - AZURECLI/2.50.0 azsdk-python-azure-mgmt-compute/30.0.0 Python/3.8.10 (Windows-10-10.0.22621-SP0)
    method: PUT
    uri: https://management.azure.com/subscriptions/00000000-0000-0000-0000-000000000000/resourceGroups/cli_test_vm_secrets000001/providers/Microsoft.Compute/virtualMachines/vm1?api-version=2022-11-01
  response:
    body:
      string: "{\r\n  \"name\": \"vm1\",\r\n  \"id\": \"/subscriptions/00000000-0000-0000-0000-000000000000/resourceGroups/cli_test_vm_secrets000001/providers/Microsoft.Compute/virtualMachines/vm1\",\r\n
        \ \"type\": \"Microsoft.Compute/virtualMachines\",\r\n  \"location\": \"westus\",\r\n
        \ \"tags\": {},\r\n  \"properties\": {\r\n    \"vmId\": \"3c09dec5-61f2-49f3-bf29-167bd1de5709\",\r\n
        \   \"hardwareProfile\": {\r\n      \"vmSize\": \"Standard_DS1_v2\"\r\n    },\r\n
        \   \"storageProfile\": {\r\n      \"imageReference\": {\r\n        \"publisher\":
        \"RedHat\",\r\n        \"offer\": \"RHEL\",\r\n        \"sku\": \"7-LVM\",\r\n
        \       \"version\": \"latest\",\r\n        \"exactVersion\": \"7.9.2023032012\"\r\n
        \     },\r\n      \"osDisk\": {\r\n        \"osType\": \"Linux\",\r\n        \"name\":
        \"vm1_OsDisk_1_e97d16f7e04143ee9af5f431195a54ce\",\r\n        \"createOption\":
        \"FromImage\",\r\n        \"caching\": \"ReadWrite\",\r\n        \"managedDisk\":
        {\r\n          \"storageAccountType\": \"Premium_LRS\",\r\n          \"id\":
        \"/subscriptions/00000000-0000-0000-0000-000000000000/resourceGroups/cli_test_vm_secrets000001/providers/Microsoft.Compute/disks/vm1_OsDisk_1_e97d16f7e04143ee9af5f431195a54ce\"\r\n
        \       },\r\n        \"deleteOption\": \"Detach\",\r\n        \"diskSizeGB\":
        64\r\n      },\r\n      \"dataDisks\": []\r\n    },\r\n    \"osProfile\":
        {\r\n      \"computerName\": \"vm1\",\r\n      \"adminUsername\": \"rheladmin\",\r\n
        \     \"linuxConfiguration\": {\r\n        \"disablePasswordAuthentication\":
        true,\r\n        \"ssh\": {\r\n          \"publicKeys\": [\r\n            {\r\n
        \             \"path\": \"/home/rheladmin/.ssh/authorized_keys\",\r\n              \"keyData\":
        \"ssh-rsa AAAAB3NzaC1yc2EAAAADAQABAAABAQDR9g866MdwX5/JBMcdMlbMI7pUEFWgxDq8BQfFA3iAt1eVihdea8PYBDHQQYQinwjsjg2alHw3+j9wCj2WOTlEGeC266cAVuzWtNs532IFMKAuj60MDhGboGQTPiEVNjVvWuzjVsRlrmb5tXs8jPKOSQmbbgxXC7k0HeUmLhfzgLzGcpWN+DVuwkxUMnPKxalfbp7El5tA+ycDOFcMEU9GAOR9taqvB4X3GGQjsnRMpNwvYV8OwsRhiQBNlDewtAIInXS4sF+BSenwMdy/QBQWO9hjxUAh1ehHQcDAKTcsjP0p6pjNUHfMZy2rCjHbL6GUvoCN6MIuwXonwGMu6xPz\"\r\n
        \           }\r\n          ]\r\n        },\r\n        \"provisionVMAgent\":
        true,\r\n        \"patchSettings\": {\r\n          \"patchMode\": \"ImageDefault\",\r\n
        \         \"assessmentMode\": \"ImageDefault\"\r\n        },\r\n        \"enableVMAgentPlatformUpdates\":
        false\r\n      },\r\n      \"secrets\": [\r\n        {\r\n          \"sourceVault\":
        {\r\n            \"id\": \"/subscriptions/00000000-0000-0000-0000-000000000000/resourceGroups/cli_test_vm_secrets000001/providers/Microsoft.KeyVault/vaults/vmsecretkv000002\"\r\n
        \         },\r\n          \"vaultCertificates\": [\r\n            {\r\n              \"certificateUrl\":
        \"https://vmsecretkv000002.vault.azure.net/secrets/vm-secrt-cert/da5cc3c271b34c4bb024e187795a654b\"\r\n
        \           }\r\n          ]\r\n        }\r\n      ],\r\n      \"allowExtensionOperations\":
        true,\r\n      \"requireGuestProvisionSignal\": true\r\n    },\r\n    \"networkProfile\":
        {\"networkInterfaces\":[{\"id\":\"/subscriptions/00000000-0000-0000-0000-000000000000/resourceGroups/cli_test_vm_secrets000001/providers/Microsoft.Network/networkInterfaces/vm1VMNic\"}]},\r\n
        \   \"provisioningState\": \"Updating\",\r\n    \"timeCreated\": \"2023-07-25T05:58:32.2843917+00:00\"\r\n
        \ }\r\n}"
    headers:
      azure-asyncnotification:
      - Enabled
      azure-asyncoperation:
      - https://management.azure.com/subscriptions/00000000-0000-0000-0000-000000000000/providers/Microsoft.Compute/locations/westus/operations/0231c151-25eb-4ba1-83cc-8c11f9ad94d1?p=571046f6-b640-41c1-86f7-f9f044b5adf9&api-version=2022-11-01
      cache-control:
      - no-cache
      content-length:
      - '3004'
      content-type:
      - application/json; charset=utf-8
      date:
      - Tue, 25 Jul 2023 06:01:07 GMT
      expires:
      - '-1'
      pragma:
      - no-cache
      server:
      - Microsoft-HTTPAPI/2.0
      - Microsoft-HTTPAPI/2.0
      strict-transport-security:
      - max-age=31536000; includeSubDomains
      transfer-encoding:
      - chunked
      vary:
      - Accept-Encoding
      x-content-type-options:
      - nosniff
      x-ms-ratelimit-remaining-resource:
      - Microsoft.Compute/PutVM3Min;237,Microsoft.Compute/PutVM30Min;1194
      x-ms-ratelimit-remaining-subscription-writes:
      - '1199'
    status:
      code: 200
      message: OK
- request:
    body: null
    headers:
      Accept:
      - '*/*'
      Accept-Encoding:
      - gzip, deflate
      CommandName:
      - vm secret add
      Connection:
      - keep-alive
      ParameterSetName:
      - -g -n --keyvault --certificate
      User-Agent:
      - AZURECLI/2.50.0 azsdk-python-azure-mgmt-compute/30.0.0 Python/3.8.10 (Windows-10-10.0.22621-SP0)
    method: GET
    uri: https://management.azure.com/subscriptions/00000000-0000-0000-0000-000000000000/providers/Microsoft.Compute/locations/westus/operations/0231c151-25eb-4ba1-83cc-8c11f9ad94d1?p=571046f6-b640-41c1-86f7-f9f044b5adf9&api-version=2022-11-01
  response:
    body:
      string: "{\r\n  \"startTime\": \"2023-07-25T06:01:05.7244054+00:00\",\r\n  \"status\":
        \"InProgress\",\r\n  \"name\": \"0231c151-25eb-4ba1-83cc-8c11f9ad94d1\"\r\n}"
    headers:
      cache-control:
      - no-cache
      content-length:
      - '134'
      content-type:
      - application/json; charset=utf-8
      date:
      - Tue, 25 Jul 2023 06:01:08 GMT
      expires:
      - '-1'
      pragma:
      - no-cache
      server:
      - Microsoft-HTTPAPI/2.0
      - Microsoft-HTTPAPI/2.0
      strict-transport-security:
      - max-age=31536000; includeSubDomains
      transfer-encoding:
      - chunked
      vary:
      - Accept-Encoding
      x-content-type-options:
      - nosniff
      x-ms-ratelimit-remaining-resource:
      - Microsoft.Compute/GetOperation3Min;14994,Microsoft.Compute/GetOperation30Min;29953
    status:
      code: 200
      message: OK
- request:
    body: null
    headers:
      Accept:
      - '*/*'
      Accept-Encoding:
      - gzip, deflate
      CommandName:
      - vm secret add
      Connection:
      - keep-alive
      ParameterSetName:
      - -g -n --keyvault --certificate
      User-Agent:
      - AZURECLI/2.50.0 azsdk-python-azure-mgmt-compute/30.0.0 Python/3.8.10 (Windows-10-10.0.22621-SP0)
    method: GET
    uri: https://management.azure.com/subscriptions/00000000-0000-0000-0000-000000000000/providers/Microsoft.Compute/locations/westus/operations/0231c151-25eb-4ba1-83cc-8c11f9ad94d1?p=571046f6-b640-41c1-86f7-f9f044b5adf9&api-version=2022-11-01
  response:
    body:
      string: "{\r\n  \"startTime\": \"2023-07-25T06:01:05.7244054+00:00\",\r\n  \"endTime\":
        \"2023-07-25T06:01:16.5526631+00:00\",\r\n  \"status\": \"Succeeded\",\r\n
        \ \"name\": \"0231c151-25eb-4ba1-83cc-8c11f9ad94d1\"\r\n}"
    headers:
      cache-control:
      - no-cache
      content-length:
      - '184'
      content-type:
      - application/json; charset=utf-8
      date:
      - Tue, 25 Jul 2023 06:01:39 GMT
      expires:
      - '-1'
      pragma:
      - no-cache
      server:
      - Microsoft-HTTPAPI/2.0
      - Microsoft-HTTPAPI/2.0
      strict-transport-security:
      - max-age=31536000; includeSubDomains
      transfer-encoding:
      - chunked
      vary:
      - Accept-Encoding
      x-content-type-options:
      - nosniff
      x-ms-ratelimit-remaining-resource:
      - Microsoft.Compute/GetOperation3Min;14991,Microsoft.Compute/GetOperation30Min;29950
    status:
      code: 200
      message: OK
- request:
    body: null
    headers:
      Accept:
      - '*/*'
      Accept-Encoding:
      - gzip, deflate
      CommandName:
      - vm secret add
      Connection:
      - keep-alive
      ParameterSetName:
      - -g -n --keyvault --certificate
      User-Agent:
      - AZURECLI/2.50.0 azsdk-python-azure-mgmt-compute/30.0.0 Python/3.8.10 (Windows-10-10.0.22621-SP0)
    method: GET
    uri: https://management.azure.com/subscriptions/00000000-0000-0000-0000-000000000000/resourceGroups/cli_test_vm_secrets000001/providers/Microsoft.Compute/virtualMachines/vm1?api-version=2022-11-01
  response:
    body:
      string: "{\r\n  \"name\": \"vm1\",\r\n  \"id\": \"/subscriptions/00000000-0000-0000-0000-000000000000/resourceGroups/cli_test_vm_secrets000001/providers/Microsoft.Compute/virtualMachines/vm1\",\r\n
        \ \"type\": \"Microsoft.Compute/virtualMachines\",\r\n  \"location\": \"westus\",\r\n
        \ \"tags\": {},\r\n  \"properties\": {\r\n    \"vmId\": \"3c09dec5-61f2-49f3-bf29-167bd1de5709\",\r\n
        \   \"hardwareProfile\": {\r\n      \"vmSize\": \"Standard_DS1_v2\"\r\n    },\r\n
        \   \"storageProfile\": {\r\n      \"imageReference\": {\r\n        \"publisher\":
        \"RedHat\",\r\n        \"offer\": \"RHEL\",\r\n        \"sku\": \"7-LVM\",\r\n
        \       \"version\": \"latest\",\r\n        \"exactVersion\": \"7.9.2023032012\"\r\n
        \     },\r\n      \"osDisk\": {\r\n        \"osType\": \"Linux\",\r\n        \"name\":
        \"vm1_OsDisk_1_e97d16f7e04143ee9af5f431195a54ce\",\r\n        \"createOption\":
        \"FromImage\",\r\n        \"caching\": \"ReadWrite\",\r\n        \"managedDisk\":
        {\r\n          \"storageAccountType\": \"Premium_LRS\",\r\n          \"id\":
        \"/subscriptions/00000000-0000-0000-0000-000000000000/resourceGroups/cli_test_vm_secrets000001/providers/Microsoft.Compute/disks/vm1_OsDisk_1_e97d16f7e04143ee9af5f431195a54ce\"\r\n
        \       },\r\n        \"deleteOption\": \"Detach\",\r\n        \"diskSizeGB\":
        64\r\n      },\r\n      \"dataDisks\": []\r\n    },\r\n    \"osProfile\":
        {\r\n      \"computerName\": \"vm1\",\r\n      \"adminUsername\": \"rheladmin\",\r\n
        \     \"linuxConfiguration\": {\r\n        \"disablePasswordAuthentication\":
        true,\r\n        \"ssh\": {\r\n          \"publicKeys\": [\r\n            {\r\n
        \             \"path\": \"/home/rheladmin/.ssh/authorized_keys\",\r\n              \"keyData\":
        \"ssh-rsa AAAAB3NzaC1yc2EAAAADAQABAAABAQDR9g866MdwX5/JBMcdMlbMI7pUEFWgxDq8BQfFA3iAt1eVihdea8PYBDHQQYQinwjsjg2alHw3+j9wCj2WOTlEGeC266cAVuzWtNs532IFMKAuj60MDhGboGQTPiEVNjVvWuzjVsRlrmb5tXs8jPKOSQmbbgxXC7k0HeUmLhfzgLzGcpWN+DVuwkxUMnPKxalfbp7El5tA+ycDOFcMEU9GAOR9taqvB4X3GGQjsnRMpNwvYV8OwsRhiQBNlDewtAIInXS4sF+BSenwMdy/QBQWO9hjxUAh1ehHQcDAKTcsjP0p6pjNUHfMZy2rCjHbL6GUvoCN6MIuwXonwGMu6xPz\"\r\n
        \           }\r\n          ]\r\n        },\r\n        \"provisionVMAgent\":
        true,\r\n        \"patchSettings\": {\r\n          \"patchMode\": \"ImageDefault\",\r\n
        \         \"assessmentMode\": \"ImageDefault\"\r\n        },\r\n        \"enableVMAgentPlatformUpdates\":
        false\r\n      },\r\n      \"secrets\": [\r\n        {\r\n          \"sourceVault\":
        {\r\n            \"id\": \"/subscriptions/00000000-0000-0000-0000-000000000000/resourceGroups/cli_test_vm_secrets000001/providers/Microsoft.KeyVault/vaults/vmsecretkv000002\"\r\n
        \         },\r\n          \"vaultCertificates\": [\r\n            {\r\n              \"certificateUrl\":
        \"https://vmsecretkv000002.vault.azure.net/secrets/vm-secrt-cert/da5cc3c271b34c4bb024e187795a654b\"\r\n
        \           }\r\n          ]\r\n        }\r\n      ],\r\n      \"allowExtensionOperations\":
        true,\r\n      \"requireGuestProvisionSignal\": true\r\n    },\r\n    \"networkProfile\":
        {\"networkInterfaces\":[{\"id\":\"/subscriptions/00000000-0000-0000-0000-000000000000/resourceGroups/cli_test_vm_secrets000001/providers/Microsoft.Network/networkInterfaces/vm1VMNic\"}]},\r\n
        \   \"provisioningState\": \"Succeeded\",\r\n    \"timeCreated\": \"2023-07-25T05:58:32.2843917+00:00\"\r\n
        \ }\r\n}"
    headers:
      cache-control:
      - no-cache
      content-length:
      - '3005'
      content-type:
      - application/json; charset=utf-8
      date:
      - Tue, 25 Jul 2023 06:01:39 GMT
      expires:
      - '-1'
      pragma:
      - no-cache
      server:
      - Microsoft-HTTPAPI/2.0
      - Microsoft-HTTPAPI/2.0
      strict-transport-security:
      - max-age=31536000; includeSubDomains
      transfer-encoding:
      - chunked
      vary:
      - Accept-Encoding
      x-content-type-options:
      - nosniff
      x-ms-ratelimit-remaining-resource:
      - Microsoft.Compute/LowCostGet3Min;3982,Microsoft.Compute/LowCostGet30Min;31947
    status:
      code: 200
      message: OK
- request:
    body: null
    headers:
      Accept:
      - application/json
      Accept-Encoding:
      - gzip, deflate
      CommandName:
      - vm secret list
      Connection:
      - keep-alive
      ParameterSetName:
      - -g -n
      User-Agent:
      - AZURECLI/2.50.0 azsdk-python-azure-mgmt-compute/30.0.0 Python/3.8.10 (Windows-10-10.0.22621-SP0)
    method: GET
    uri: https://management.azure.com/subscriptions/00000000-0000-0000-0000-000000000000/resourceGroups/cli_test_vm_secrets000001/providers/Microsoft.Compute/virtualMachines/vm1?api-version=2022-11-01
  response:
    body:
      string: "{\r\n  \"name\": \"vm1\",\r\n  \"id\": \"/subscriptions/00000000-0000-0000-0000-000000000000/resourceGroups/cli_test_vm_secrets000001/providers/Microsoft.Compute/virtualMachines/vm1\",\r\n
        \ \"type\": \"Microsoft.Compute/virtualMachines\",\r\n  \"location\": \"westus\",\r\n
        \ \"tags\": {},\r\n  \"properties\": {\r\n    \"vmId\": \"3c09dec5-61f2-49f3-bf29-167bd1de5709\",\r\n
        \   \"hardwareProfile\": {\r\n      \"vmSize\": \"Standard_DS1_v2\"\r\n    },\r\n
        \   \"storageProfile\": {\r\n      \"imageReference\": {\r\n        \"publisher\":
        \"RedHat\",\r\n        \"offer\": \"RHEL\",\r\n        \"sku\": \"7-LVM\",\r\n
        \       \"version\": \"latest\",\r\n        \"exactVersion\": \"7.9.2023032012\"\r\n
        \     },\r\n      \"osDisk\": {\r\n        \"osType\": \"Linux\",\r\n        \"name\":
        \"vm1_OsDisk_1_e97d16f7e04143ee9af5f431195a54ce\",\r\n        \"createOption\":
        \"FromImage\",\r\n        \"caching\": \"ReadWrite\",\r\n        \"managedDisk\":
        {\r\n          \"storageAccountType\": \"Premium_LRS\",\r\n          \"id\":
        \"/subscriptions/00000000-0000-0000-0000-000000000000/resourceGroups/cli_test_vm_secrets000001/providers/Microsoft.Compute/disks/vm1_OsDisk_1_e97d16f7e04143ee9af5f431195a54ce\"\r\n
        \       },\r\n        \"deleteOption\": \"Detach\",\r\n        \"diskSizeGB\":
        64\r\n      },\r\n      \"dataDisks\": []\r\n    },\r\n    \"osProfile\":
        {\r\n      \"computerName\": \"vm1\",\r\n      \"adminUsername\": \"rheladmin\",\r\n
        \     \"linuxConfiguration\": {\r\n        \"disablePasswordAuthentication\":
        true,\r\n        \"ssh\": {\r\n          \"publicKeys\": [\r\n            {\r\n
        \             \"path\": \"/home/rheladmin/.ssh/authorized_keys\",\r\n              \"keyData\":
        \"ssh-rsa AAAAB3NzaC1yc2EAAAADAQABAAABAQDR9g866MdwX5/JBMcdMlbMI7pUEFWgxDq8BQfFA3iAt1eVihdea8PYBDHQQYQinwjsjg2alHw3+j9wCj2WOTlEGeC266cAVuzWtNs532IFMKAuj60MDhGboGQTPiEVNjVvWuzjVsRlrmb5tXs8jPKOSQmbbgxXC7k0HeUmLhfzgLzGcpWN+DVuwkxUMnPKxalfbp7El5tA+ycDOFcMEU9GAOR9taqvB4X3GGQjsnRMpNwvYV8OwsRhiQBNlDewtAIInXS4sF+BSenwMdy/QBQWO9hjxUAh1ehHQcDAKTcsjP0p6pjNUHfMZy2rCjHbL6GUvoCN6MIuwXonwGMu6xPz\"\r\n
        \           }\r\n          ]\r\n        },\r\n        \"provisionVMAgent\":
        true,\r\n        \"patchSettings\": {\r\n          \"patchMode\": \"ImageDefault\",\r\n
        \         \"assessmentMode\": \"ImageDefault\"\r\n        },\r\n        \"enableVMAgentPlatformUpdates\":
        false\r\n      },\r\n      \"secrets\": [\r\n        {\r\n          \"sourceVault\":
        {\r\n            \"id\": \"/subscriptions/00000000-0000-0000-0000-000000000000/resourceGroups/cli_test_vm_secrets000001/providers/Microsoft.KeyVault/vaults/vmsecretkv000002\"\r\n
        \         },\r\n          \"vaultCertificates\": [\r\n            {\r\n              \"certificateUrl\":
        \"https://vmsecretkv000002.vault.azure.net/secrets/vm-secrt-cert/da5cc3c271b34c4bb024e187795a654b\"\r\n
        \           }\r\n          ]\r\n        }\r\n      ],\r\n      \"allowExtensionOperations\":
        true,\r\n      \"requireGuestProvisionSignal\": true\r\n    },\r\n    \"networkProfile\":
        {\"networkInterfaces\":[{\"id\":\"/subscriptions/00000000-0000-0000-0000-000000000000/resourceGroups/cli_test_vm_secrets000001/providers/Microsoft.Network/networkInterfaces/vm1VMNic\"}]},\r\n
        \   \"provisioningState\": \"Succeeded\",\r\n    \"timeCreated\": \"2023-07-25T05:58:32.2843917+00:00\"\r\n
        \ }\r\n}"
    headers:
      cache-control:
      - no-cache
      content-length:
      - '3005'
      content-type:
      - application/json; charset=utf-8
      date:
      - Tue, 25 Jul 2023 06:01:41 GMT
      expires:
      - '-1'
      pragma:
      - no-cache
      server:
      - Microsoft-HTTPAPI/2.0
      - Microsoft-HTTPAPI/2.0
      strict-transport-security:
      - max-age=31536000; includeSubDomains
      transfer-encoding:
      - chunked
      vary:
      - Accept-Encoding
      x-content-type-options:
      - nosniff
      x-ms-ratelimit-remaining-resource:
      - Microsoft.Compute/LowCostGet3Min;3981,Microsoft.Compute/LowCostGet30Min;31946
    status:
      code: 200
      message: OK
- request:
    body: null
    headers:
      Accept:
      - application/json
      Accept-Encoding:
      - gzip, deflate
      CommandName:
      - vm secret remove
      Connection:
      - keep-alive
      ParameterSetName:
      - -g -n --keyvault --certificate
      User-Agent:
      - AZURECLI/2.50.0 azsdk-python-azure-mgmt-compute/30.0.0 Python/3.8.10 (Windows-10-10.0.22621-SP0)
    method: GET
    uri: https://management.azure.com/subscriptions/00000000-0000-0000-0000-000000000000/resourceGroups/cli_test_vm_secrets000001/providers/Microsoft.Compute/virtualMachines/vm1?api-version=2022-11-01
  response:
    body:
      string: "{\r\n  \"name\": \"vm1\",\r\n  \"id\": \"/subscriptions/00000000-0000-0000-0000-000000000000/resourceGroups/cli_test_vm_secrets000001/providers/Microsoft.Compute/virtualMachines/vm1\",\r\n
        \ \"type\": \"Microsoft.Compute/virtualMachines\",\r\n  \"location\": \"westus\",\r\n
        \ \"tags\": {},\r\n  \"properties\": {\r\n    \"vmId\": \"3c09dec5-61f2-49f3-bf29-167bd1de5709\",\r\n
        \   \"hardwareProfile\": {\r\n      \"vmSize\": \"Standard_DS1_v2\"\r\n    },\r\n
        \   \"storageProfile\": {\r\n      \"imageReference\": {\r\n        \"publisher\":
        \"RedHat\",\r\n        \"offer\": \"RHEL\",\r\n        \"sku\": \"7-LVM\",\r\n
        \       \"version\": \"latest\",\r\n        \"exactVersion\": \"7.9.2023032012\"\r\n
        \     },\r\n      \"osDisk\": {\r\n        \"osType\": \"Linux\",\r\n        \"name\":
        \"vm1_OsDisk_1_e97d16f7e04143ee9af5f431195a54ce\",\r\n        \"createOption\":
        \"FromImage\",\r\n        \"caching\": \"ReadWrite\",\r\n        \"managedDisk\":
        {\r\n          \"storageAccountType\": \"Premium_LRS\",\r\n          \"id\":
        \"/subscriptions/00000000-0000-0000-0000-000000000000/resourceGroups/cli_test_vm_secrets000001/providers/Microsoft.Compute/disks/vm1_OsDisk_1_e97d16f7e04143ee9af5f431195a54ce\"\r\n
        \       },\r\n        \"deleteOption\": \"Detach\",\r\n        \"diskSizeGB\":
        64\r\n      },\r\n      \"dataDisks\": []\r\n    },\r\n    \"osProfile\":
        {\r\n      \"computerName\": \"vm1\",\r\n      \"adminUsername\": \"rheladmin\",\r\n
        \     \"linuxConfiguration\": {\r\n        \"disablePasswordAuthentication\":
        true,\r\n        \"ssh\": {\r\n          \"publicKeys\": [\r\n            {\r\n
        \             \"path\": \"/home/rheladmin/.ssh/authorized_keys\",\r\n              \"keyData\":
        \"ssh-rsa AAAAB3NzaC1yc2EAAAADAQABAAABAQDR9g866MdwX5/JBMcdMlbMI7pUEFWgxDq8BQfFA3iAt1eVihdea8PYBDHQQYQinwjsjg2alHw3+j9wCj2WOTlEGeC266cAVuzWtNs532IFMKAuj60MDhGboGQTPiEVNjVvWuzjVsRlrmb5tXs8jPKOSQmbbgxXC7k0HeUmLhfzgLzGcpWN+DVuwkxUMnPKxalfbp7El5tA+ycDOFcMEU9GAOR9taqvB4X3GGQjsnRMpNwvYV8OwsRhiQBNlDewtAIInXS4sF+BSenwMdy/QBQWO9hjxUAh1ehHQcDAKTcsjP0p6pjNUHfMZy2rCjHbL6GUvoCN6MIuwXonwGMu6xPz\"\r\n
        \           }\r\n          ]\r\n        },\r\n        \"provisionVMAgent\":
        true,\r\n        \"patchSettings\": {\r\n          \"patchMode\": \"ImageDefault\",\r\n
        \         \"assessmentMode\": \"ImageDefault\"\r\n        },\r\n        \"enableVMAgentPlatformUpdates\":
        false\r\n      },\r\n      \"secrets\": [\r\n        {\r\n          \"sourceVault\":
        {\r\n            \"id\": \"/subscriptions/00000000-0000-0000-0000-000000000000/resourceGroups/cli_test_vm_secrets000001/providers/Microsoft.KeyVault/vaults/vmsecretkv000002\"\r\n
        \         },\r\n          \"vaultCertificates\": [\r\n            {\r\n              \"certificateUrl\":
        \"https://vmsecretkv000002.vault.azure.net/secrets/vm-secrt-cert/da5cc3c271b34c4bb024e187795a654b\"\r\n
        \           }\r\n          ]\r\n        }\r\n      ],\r\n      \"allowExtensionOperations\":
        true,\r\n      \"requireGuestProvisionSignal\": true\r\n    },\r\n    \"networkProfile\":
        {\"networkInterfaces\":[{\"id\":\"/subscriptions/00000000-0000-0000-0000-000000000000/resourceGroups/cli_test_vm_secrets000001/providers/Microsoft.Network/networkInterfaces/vm1VMNic\"}]},\r\n
        \   \"provisioningState\": \"Succeeded\",\r\n    \"timeCreated\": \"2023-07-25T05:58:32.2843917+00:00\"\r\n
        \ }\r\n}"
    headers:
      cache-control:
      - no-cache
      content-length:
      - '3005'
      content-type:
      - application/json; charset=utf-8
      date:
      - Tue, 25 Jul 2023 06:01:43 GMT
      expires:
      - '-1'
      pragma:
      - no-cache
      server:
      - Microsoft-HTTPAPI/2.0
      - Microsoft-HTTPAPI/2.0
      strict-transport-security:
      - max-age=31536000; includeSubDomains
      transfer-encoding:
      - chunked
      vary:
      - Accept-Encoding
      x-content-type-options:
      - nosniff
      x-ms-ratelimit-remaining-resource:
      - Microsoft.Compute/LowCostGet3Min;3980,Microsoft.Compute/LowCostGet30Min;31945
    status:
      code: 200
      message: OK
- request:
    body: '{"location": "westus", "tags": {}, "properties": {"hardwareProfile": {"vmSize":
      "Standard_DS1_v2"}, "storageProfile": {"osDisk": {"osType": "Linux", "name":
      "vm1_OsDisk_1_e97d16f7e04143ee9af5f431195a54ce", "caching": "ReadWrite", "createOption":
      "FromImage", "diskSizeGB": 64, "managedDisk": {"id": "/subscriptions/00000000-0000-0000-0000-000000000000/resourceGroups/cli_test_vm_secrets000001/providers/Microsoft.Compute/disks/vm1_OsDisk_1_e97d16f7e04143ee9af5f431195a54ce",
      "storageAccountType": "Premium_LRS"}, "deleteOption": "Detach"}, "dataDisks":
      []}, "osProfile": {"computerName": "vm1", "adminUsername": "rheladmin", "linuxConfiguration":
      {"disablePasswordAuthentication": true, "ssh": {"publicKeys": [{"path": "/home/rheladmin/.ssh/authorized_keys",
      "keyData": "ssh-rsa AAAAB3NzaC1yc2EAAAADAQABAAABAQDR9g866MdwX5/JBMcdMlbMI7pUEFWgxDq8BQfFA3iAt1eVihdea8PYBDHQQYQinwjsjg2alHw3+j9wCj2WOTlEGeC266cAVuzWtNs532IFMKAuj60MDhGboGQTPiEVNjVvWuzjVsRlrmb5tXs8jPKOSQmbbgxXC7k0HeUmLhfzgLzGcpWN+DVuwkxUMnPKxalfbp7El5tA+ycDOFcMEU9GAOR9taqvB4X3GGQjsnRMpNwvYV8OwsRhiQBNlDewtAIInXS4sF+BSenwMdy/QBQWO9hjxUAh1ehHQcDAKTcsjP0p6pjNUHfMZy2rCjHbL6GUvoCN6MIuwXonwGMu6xPz"}]},
      "provisionVMAgent": true, "patchSettings": {"patchMode": "ImageDefault", "assessmentMode":
      "ImageDefault"}, "enableVMAgentPlatformUpdates": false}, "secrets": [], "allowExtensionOperations":
      true, "requireGuestProvisionSignal": true}, "networkProfile": {"networkInterfaces":
      [{"id": "/subscriptions/00000000-0000-0000-0000-000000000000/resourceGroups/cli_test_vm_secrets000001/providers/Microsoft.Network/networkInterfaces/vm1VMNic"}]}}}'
    headers:
      Accept:
      - application/json
      Accept-Encoding:
      - gzip, deflate
      CommandName:
      - vm secret remove
      Connection:
      - keep-alive
      Content-Length:
      - '1594'
      Content-Type:
      - application/json
      ParameterSetName:
      - -g -n --keyvault --certificate
      User-Agent:
      - AZURECLI/2.50.0 azsdk-python-azure-mgmt-compute/30.0.0 Python/3.8.10 (Windows-10-10.0.22621-SP0)
    method: PUT
    uri: https://management.azure.com/subscriptions/00000000-0000-0000-0000-000000000000/resourceGroups/cli_test_vm_secrets000001/providers/Microsoft.Compute/virtualMachines/vm1?api-version=2022-11-01
  response:
    body:
      string: "{\r\n  \"name\": \"vm1\",\r\n  \"id\": \"/subscriptions/00000000-0000-0000-0000-000000000000/resourceGroups/cli_test_vm_secrets000001/providers/Microsoft.Compute/virtualMachines/vm1\",\r\n
        \ \"type\": \"Microsoft.Compute/virtualMachines\",\r\n  \"location\": \"westus\",\r\n
        \ \"tags\": {},\r\n  \"properties\": {\r\n    \"vmId\": \"3c09dec5-61f2-49f3-bf29-167bd1de5709\",\r\n
        \   \"hardwareProfile\": {\r\n      \"vmSize\": \"Standard_DS1_v2\"\r\n    },\r\n
        \   \"storageProfile\": {\r\n      \"imageReference\": {\r\n        \"publisher\":
        \"RedHat\",\r\n        \"offer\": \"RHEL\",\r\n        \"sku\": \"7-LVM\",\r\n
        \       \"version\": \"latest\",\r\n        \"exactVersion\": \"7.9.2023032012\"\r\n
        \     },\r\n      \"osDisk\": {\r\n        \"osType\": \"Linux\",\r\n        \"name\":
        \"vm1_OsDisk_1_e97d16f7e04143ee9af5f431195a54ce\",\r\n        \"createOption\":
        \"FromImage\",\r\n        \"caching\": \"ReadWrite\",\r\n        \"managedDisk\":
        {\r\n          \"storageAccountType\": \"Premium_LRS\",\r\n          \"id\":
        \"/subscriptions/00000000-0000-0000-0000-000000000000/resourceGroups/cli_test_vm_secrets000001/providers/Microsoft.Compute/disks/vm1_OsDisk_1_e97d16f7e04143ee9af5f431195a54ce\"\r\n
        \       },\r\n        \"deleteOption\": \"Detach\",\r\n        \"diskSizeGB\":
        64\r\n      },\r\n      \"dataDisks\": []\r\n    },\r\n    \"osProfile\":
        {\r\n      \"computerName\": \"vm1\",\r\n      \"adminUsername\": \"rheladmin\",\r\n
        \     \"linuxConfiguration\": {\r\n        \"disablePasswordAuthentication\":
        true,\r\n        \"ssh\": {\r\n          \"publicKeys\": [\r\n            {\r\n
        \             \"path\": \"/home/rheladmin/.ssh/authorized_keys\",\r\n              \"keyData\":
        \"ssh-rsa AAAAB3NzaC1yc2EAAAADAQABAAABAQDR9g866MdwX5/JBMcdMlbMI7pUEFWgxDq8BQfFA3iAt1eVihdea8PYBDHQQYQinwjsjg2alHw3+j9wCj2WOTlEGeC266cAVuzWtNs532IFMKAuj60MDhGboGQTPiEVNjVvWuzjVsRlrmb5tXs8jPKOSQmbbgxXC7k0HeUmLhfzgLzGcpWN+DVuwkxUMnPKxalfbp7El5tA+ycDOFcMEU9GAOR9taqvB4X3GGQjsnRMpNwvYV8OwsRhiQBNlDewtAIInXS4sF+BSenwMdy/QBQWO9hjxUAh1ehHQcDAKTcsjP0p6pjNUHfMZy2rCjHbL6GUvoCN6MIuwXonwGMu6xPz\"\r\n
        \           }\r\n          ]\r\n        },\r\n        \"provisionVMAgent\":
        true,\r\n        \"patchSettings\": {\r\n          \"patchMode\": \"ImageDefault\",\r\n
        \         \"assessmentMode\": \"ImageDefault\"\r\n        },\r\n        \"enableVMAgentPlatformUpdates\":
        false\r\n      },\r\n      \"secrets\": [],\r\n      \"allowExtensionOperations\":
        true,\r\n      \"requireGuestProvisionSignal\": true\r\n    },\r\n    \"networkProfile\":
        {\"networkInterfaces\":[{\"id\":\"/subscriptions/00000000-0000-0000-0000-000000000000/resourceGroups/cli_test_vm_secrets000001/providers/Microsoft.Network/networkInterfaces/vm1VMNic\"}]},\r\n
        \   \"provisioningState\": \"Updating\",\r\n    \"timeCreated\": \"2023-07-25T05:58:32.2843917+00:00\"\r\n
        \ }\r\n}"
    headers:
      azure-asyncnotification:
      - Enabled
      azure-asyncoperation:
      - https://management.azure.com/subscriptions/00000000-0000-0000-0000-000000000000/providers/Microsoft.Compute/locations/westus/operations/4b14811e-16c8-4d94-a8dd-6d2294865dfd?p=571046f6-b640-41c1-86f7-f9f044b5adf9&api-version=2022-11-01
      cache-control:
      - no-cache
      content-length:
      - '2557'
      content-type:
      - application/json; charset=utf-8
      date:
      - Tue, 25 Jul 2023 06:01:46 GMT
      expires:
      - '-1'
      pragma:
      - no-cache
      server:
      - Microsoft-HTTPAPI/2.0
      - Microsoft-HTTPAPI/2.0
      strict-transport-security:
      - max-age=31536000; includeSubDomains
      transfer-encoding:
      - chunked
      vary:
      - Accept-Encoding
      x-content-type-options:
      - nosniff
      x-ms-ratelimit-remaining-resource:
      - Microsoft.Compute/PutVM3Min;236,Microsoft.Compute/PutVM30Min;1192
      x-ms-ratelimit-remaining-subscription-writes:
      - '1198'
    status:
      code: 200
      message: OK
- request:
    body: null
    headers:
      Accept:
      - '*/*'
      Accept-Encoding:
      - gzip, deflate
      CommandName:
      - vm secret remove
      Connection:
      - keep-alive
      ParameterSetName:
      - -g -n --keyvault --certificate
      User-Agent:
      - AZURECLI/2.50.0 azsdk-python-azure-mgmt-compute/30.0.0 Python/3.8.10 (Windows-10-10.0.22621-SP0)
    method: GET
    uri: https://management.azure.com/subscriptions/00000000-0000-0000-0000-000000000000/providers/Microsoft.Compute/locations/westus/operations/4b14811e-16c8-4d94-a8dd-6d2294865dfd?p=571046f6-b640-41c1-86f7-f9f044b5adf9&api-version=2022-11-01
  response:
    body:
      string: "{\r\n  \"startTime\": \"2023-07-25T06:01:44.8031298+00:00\",\r\n  \"status\":
        \"InProgress\",\r\n  \"name\": \"4b14811e-16c8-4d94-a8dd-6d2294865dfd\"\r\n}"
    headers:
      cache-control:
      - no-cache
      content-length:
      - '134'
      content-type:
      - application/json; charset=utf-8
      date:
      - Tue, 25 Jul 2023 06:01:47 GMT
      expires:
      - '-1'
      pragma:
      - no-cache
      server:
      - Microsoft-HTTPAPI/2.0
      - Microsoft-HTTPAPI/2.0
      strict-transport-security:
      - max-age=31536000; includeSubDomains
      transfer-encoding:
      - chunked
      vary:
      - Accept-Encoding
      x-content-type-options:
      - nosniff
      x-ms-ratelimit-remaining-resource:
      - Microsoft.Compute/GetOperation3Min;14990,Microsoft.Compute/GetOperation30Min;29949
    status:
      code: 200
      message: OK
- request:
    body: null
    headers:
      Accept:
      - '*/*'
      Accept-Encoding:
      - gzip, deflate
      CommandName:
      - vm secret remove
      Connection:
      - keep-alive
      ParameterSetName:
      - -g -n --keyvault --certificate
      User-Agent:
      - AZURECLI/2.50.0 azsdk-python-azure-mgmt-compute/30.0.0 Python/3.8.10 (Windows-10-10.0.22621-SP0)
    method: GET
    uri: https://management.azure.com/subscriptions/00000000-0000-0000-0000-000000000000/providers/Microsoft.Compute/locations/westus/operations/4b14811e-16c8-4d94-a8dd-6d2294865dfd?p=571046f6-b640-41c1-86f7-f9f044b5adf9&api-version=2022-11-01
  response:
    body:
      string: "{\r\n  \"startTime\": \"2023-07-25T06:01:44.8031298+00:00\",\r\n  \"endTime\":
        \"2023-07-25T06:01:48.256384+00:00\",\r\n  \"status\": \"Succeeded\",\r\n
        \ \"name\": \"4b14811e-16c8-4d94-a8dd-6d2294865dfd\"\r\n}"
    headers:
      cache-control:
      - no-cache
      content-length:
      - '183'
      content-type:
      - application/json; charset=utf-8
      date:
      - Tue, 25 Jul 2023 06:02:18 GMT
      expires:
      - '-1'
      pragma:
      - no-cache
      server:
      - Microsoft-HTTPAPI/2.0
      - Microsoft-HTTPAPI/2.0
      strict-transport-security:
      - max-age=31536000; includeSubDomains
      transfer-encoding:
      - chunked
      vary:
      - Accept-Encoding
      x-content-type-options:
      - nosniff
      x-ms-ratelimit-remaining-resource:
      - Microsoft.Compute/GetOperation3Min;14990,Microsoft.Compute/GetOperation30Min;29947
    status:
      code: 200
      message: OK
- request:
    body: null
    headers:
      Accept:
      - '*/*'
      Accept-Encoding:
      - gzip, deflate
      CommandName:
      - vm secret remove
      Connection:
      - keep-alive
      ParameterSetName:
      - -g -n --keyvault --certificate
      User-Agent:
      - AZURECLI/2.50.0 azsdk-python-azure-mgmt-compute/30.0.0 Python/3.8.10 (Windows-10-10.0.22621-SP0)
    method: GET
    uri: https://management.azure.com/subscriptions/00000000-0000-0000-0000-000000000000/resourceGroups/cli_test_vm_secrets000001/providers/Microsoft.Compute/virtualMachines/vm1?api-version=2022-11-01
  response:
    body:
      string: "{\r\n  \"name\": \"vm1\",\r\n  \"id\": \"/subscriptions/00000000-0000-0000-0000-000000000000/resourceGroups/cli_test_vm_secrets000001/providers/Microsoft.Compute/virtualMachines/vm1\",\r\n
        \ \"type\": \"Microsoft.Compute/virtualMachines\",\r\n  \"location\": \"westus\",\r\n
        \ \"tags\": {},\r\n  \"properties\": {\r\n    \"vmId\": \"3c09dec5-61f2-49f3-bf29-167bd1de5709\",\r\n
        \   \"hardwareProfile\": {\r\n      \"vmSize\": \"Standard_DS1_v2\"\r\n    },\r\n
        \   \"storageProfile\": {\r\n      \"imageReference\": {\r\n        \"publisher\":
        \"RedHat\",\r\n        \"offer\": \"RHEL\",\r\n        \"sku\": \"7-LVM\",\r\n
        \       \"version\": \"latest\",\r\n        \"exactVersion\": \"7.9.2023032012\"\r\n
        \     },\r\n      \"osDisk\": {\r\n        \"osType\": \"Linux\",\r\n        \"name\":
        \"vm1_OsDisk_1_e97d16f7e04143ee9af5f431195a54ce\",\r\n        \"createOption\":
        \"FromImage\",\r\n        \"caching\": \"ReadWrite\",\r\n        \"managedDisk\":
        {\r\n          \"storageAccountType\": \"Premium_LRS\",\r\n          \"id\":
        \"/subscriptions/00000000-0000-0000-0000-000000000000/resourceGroups/cli_test_vm_secrets000001/providers/Microsoft.Compute/disks/vm1_OsDisk_1_e97d16f7e04143ee9af5f431195a54ce\"\r\n
        \       },\r\n        \"deleteOption\": \"Detach\",\r\n        \"diskSizeGB\":
        64\r\n      },\r\n      \"dataDisks\": []\r\n    },\r\n    \"osProfile\":
        {\r\n      \"computerName\": \"vm1\",\r\n      \"adminUsername\": \"rheladmin\",\r\n
        \     \"linuxConfiguration\": {\r\n        \"disablePasswordAuthentication\":
        true,\r\n        \"ssh\": {\r\n          \"publicKeys\": [\r\n            {\r\n
        \             \"path\": \"/home/rheladmin/.ssh/authorized_keys\",\r\n              \"keyData\":
        \"ssh-rsa AAAAB3NzaC1yc2EAAAADAQABAAABAQDR9g866MdwX5/JBMcdMlbMI7pUEFWgxDq8BQfFA3iAt1eVihdea8PYBDHQQYQinwjsjg2alHw3+j9wCj2WOTlEGeC266cAVuzWtNs532IFMKAuj60MDhGboGQTPiEVNjVvWuzjVsRlrmb5tXs8jPKOSQmbbgxXC7k0HeUmLhfzgLzGcpWN+DVuwkxUMnPKxalfbp7El5tA+ycDOFcMEU9GAOR9taqvB4X3GGQjsnRMpNwvYV8OwsRhiQBNlDewtAIInXS4sF+BSenwMdy/QBQWO9hjxUAh1ehHQcDAKTcsjP0p6pjNUHfMZy2rCjHbL6GUvoCN6MIuwXonwGMu6xPz\"\r\n
        \           }\r\n          ]\r\n        },\r\n        \"provisionVMAgent\":
        true,\r\n        \"patchSettings\": {\r\n          \"patchMode\": \"ImageDefault\",\r\n
        \         \"assessmentMode\": \"ImageDefault\"\r\n        },\r\n        \"enableVMAgentPlatformUpdates\":
        false\r\n      },\r\n      \"secrets\": [],\r\n      \"allowExtensionOperations\":
        true,\r\n      \"requireGuestProvisionSignal\": true\r\n    },\r\n    \"networkProfile\":
        {\"networkInterfaces\":[{\"id\":\"/subscriptions/00000000-0000-0000-0000-000000000000/resourceGroups/cli_test_vm_secrets000001/providers/Microsoft.Network/networkInterfaces/vm1VMNic\"}]},\r\n
        \   \"provisioningState\": \"Succeeded\",\r\n    \"timeCreated\": \"2023-07-25T05:58:32.2843917+00:00\"\r\n
        \ }\r\n}"
    headers:
      cache-control:
      - no-cache
      content-length:
      - '2558'
      content-type:
      - application/json; charset=utf-8
      date:
      - Tue, 25 Jul 2023 06:02:19 GMT
      expires:
      - '-1'
      pragma:
      - no-cache
      server:
      - Microsoft-HTTPAPI/2.0
      - Microsoft-HTTPAPI/2.0
      strict-transport-security:
      - max-age=31536000; includeSubDomains
      transfer-encoding:
      - chunked
      vary:
      - Accept-Encoding
      x-content-type-options:
      - nosniff
      x-ms-ratelimit-remaining-resource:
      - Microsoft.Compute/LowCostGet3Min;3979,Microsoft.Compute/LowCostGet30Min;31940
    status:
      code: 200
      message: OK
- request:
    body: null
    headers:
      Accept:
      - application/json
      Accept-Encoding:
      - gzip, deflate
      CommandName:
      - vm secret list
      Connection:
      - keep-alive
      ParameterSetName:
      - -g -n
      User-Agent:
      - AZURECLI/2.50.0 azsdk-python-azure-mgmt-compute/30.0.0 Python/3.8.10 (Windows-10-10.0.22621-SP0)
    method: GET
    uri: https://management.azure.com/subscriptions/00000000-0000-0000-0000-000000000000/resourceGroups/cli_test_vm_secrets000001/providers/Microsoft.Compute/virtualMachines/vm1?api-version=2022-11-01
  response:
    body:
      string: "{\r\n  \"name\": \"vm1\",\r\n  \"id\": \"/subscriptions/00000000-0000-0000-0000-000000000000/resourceGroups/cli_test_vm_secrets000001/providers/Microsoft.Compute/virtualMachines/vm1\",\r\n
        \ \"type\": \"Microsoft.Compute/virtualMachines\",\r\n  \"location\": \"westus\",\r\n
        \ \"tags\": {},\r\n  \"properties\": {\r\n    \"vmId\": \"3c09dec5-61f2-49f3-bf29-167bd1de5709\",\r\n
        \   \"hardwareProfile\": {\r\n      \"vmSize\": \"Standard_DS1_v2\"\r\n    },\r\n
        \   \"storageProfile\": {\r\n      \"imageReference\": {\r\n        \"publisher\":
        \"RedHat\",\r\n        \"offer\": \"RHEL\",\r\n        \"sku\": \"7-LVM\",\r\n
        \       \"version\": \"latest\",\r\n        \"exactVersion\": \"7.9.2023032012\"\r\n
        \     },\r\n      \"osDisk\": {\r\n        \"osType\": \"Linux\",\r\n        \"name\":
        \"vm1_OsDisk_1_e97d16f7e04143ee9af5f431195a54ce\",\r\n        \"createOption\":
        \"FromImage\",\r\n        \"caching\": \"ReadWrite\",\r\n        \"managedDisk\":
        {\r\n          \"storageAccountType\": \"Premium_LRS\",\r\n          \"id\":
        \"/subscriptions/00000000-0000-0000-0000-000000000000/resourceGroups/cli_test_vm_secrets000001/providers/Microsoft.Compute/disks/vm1_OsDisk_1_e97d16f7e04143ee9af5f431195a54ce\"\r\n
        \       },\r\n        \"deleteOption\": \"Detach\",\r\n        \"diskSizeGB\":
        64\r\n      },\r\n      \"dataDisks\": []\r\n    },\r\n    \"osProfile\":
        {\r\n      \"computerName\": \"vm1\",\r\n      \"adminUsername\": \"rheladmin\",\r\n
        \     \"linuxConfiguration\": {\r\n        \"disablePasswordAuthentication\":
        true,\r\n        \"ssh\": {\r\n          \"publicKeys\": [\r\n            {\r\n
        \             \"path\": \"/home/rheladmin/.ssh/authorized_keys\",\r\n              \"keyData\":
        \"ssh-rsa AAAAB3NzaC1yc2EAAAADAQABAAABAQDR9g866MdwX5/JBMcdMlbMI7pUEFWgxDq8BQfFA3iAt1eVihdea8PYBDHQQYQinwjsjg2alHw3+j9wCj2WOTlEGeC266cAVuzWtNs532IFMKAuj60MDhGboGQTPiEVNjVvWuzjVsRlrmb5tXs8jPKOSQmbbgxXC7k0HeUmLhfzgLzGcpWN+DVuwkxUMnPKxalfbp7El5tA+ycDOFcMEU9GAOR9taqvB4X3GGQjsnRMpNwvYV8OwsRhiQBNlDewtAIInXS4sF+BSenwMdy/QBQWO9hjxUAh1ehHQcDAKTcsjP0p6pjNUHfMZy2rCjHbL6GUvoCN6MIuwXonwGMu6xPz\"\r\n
        \           }\r\n          ]\r\n        },\r\n        \"provisionVMAgent\":
        true,\r\n        \"patchSettings\": {\r\n          \"patchMode\": \"ImageDefault\",\r\n
        \         \"assessmentMode\": \"ImageDefault\"\r\n        },\r\n        \"enableVMAgentPlatformUpdates\":
        false\r\n      },\r\n      \"secrets\": [],\r\n      \"allowExtensionOperations\":
        true,\r\n      \"requireGuestProvisionSignal\": true\r\n    },\r\n    \"networkProfile\":
        {\"networkInterfaces\":[{\"id\":\"/subscriptions/00000000-0000-0000-0000-000000000000/resourceGroups/cli_test_vm_secrets000001/providers/Microsoft.Network/networkInterfaces/vm1VMNic\"}]},\r\n
        \   \"provisioningState\": \"Succeeded\",\r\n    \"timeCreated\": \"2023-07-25T05:58:32.2843917+00:00\"\r\n
        \ }\r\n}"
    headers:
      cache-control:
      - no-cache
      content-length:
      - '2558'
      content-type:
      - application/json; charset=utf-8
      date:
      - Tue, 25 Jul 2023 06:02:21 GMT
      expires:
      - '-1'
      pragma:
      - no-cache
      server:
      - Microsoft-HTTPAPI/2.0
      - Microsoft-HTTPAPI/2.0
      strict-transport-security:
      - max-age=31536000; includeSubDomains
      transfer-encoding:
      - chunked
      vary:
      - Accept-Encoding
      x-content-type-options:
      - nosniff
      x-ms-ratelimit-remaining-resource:
      - Microsoft.Compute/LowCostGet3Min;3978,Microsoft.Compute/LowCostGet30Min;31939
    status:
      code: 200
      message: OK
version: 1
