interactions:
- request:
    body: null
    headers:
      Accept: [application/json]
      Accept-Encoding: ['gzip, deflate']
      Connection: [keep-alive]
      Content-Type: [application/json; charset=utf-8]
      User-Agent: [python/2.7.11 (Windows-10-10.0.14393) requests/2.9.1 msrest/0.4.4
          msrest_azure/0.4.3 resourcemanagementclient/0.30.2 Azure-SDK-For-Python
          AZURECLI/TEST/0.1.0b9]
      accept-language: [en-US]
      x-ms-client-request-id: [7ab90361-b1d3-11e6-b086-a0b3ccf7272a]
    method: GET
    uri: https://management.azure.com/subscriptions/00000000-0000-0000-0000-000000000000/tagNames?api-version=2016-09-01
  response:
    body: {string: !!python/unicode '{"value":[{"id":"/subscriptions/00000000-0000-0000-0000-000000000000/tagNames/tag-vnet","tagName":"tag-vnet","count":{"type":"Total","value":1},"values":[{"id":"/subscriptions/00000000-0000-0000-0000-000000000000/tagNames/tag-vnet/tagValues/","tagValue":"","count":{"type":"Total","value":1}}]},{"id":"/subscriptions/00000000-0000-0000-0000-000000000000/tagNames/testtagUpdated","tagName":"testtagUpdated","count":{"type":"Total","value":1},"values":[{"id":"/subscriptions/00000000-0000-0000-0000-000000000000/tagNames/testtagUpdated/tagValues/testvalueUpdated","tagValue":"testvalueUpdated","count":{"type":"Total","value":1}}]},{"id":"/subscriptions/00000000-0000-0000-0000-000000000000/tagNames/testtag","tagName":"testtag","count":{"type":"Total","value":2},"values":[{"id":"/subscriptions/00000000-0000-0000-0000-000000000000/tagNames/testtag/tagValues/testvalue","tagValue":"testvalue","count":{"type":"Total","value":1}},{"id":"/subscriptions/00000000-0000-0000-0000-000000000000/tagNames/testtag/tagValues/testval","tagValue":"testval","count":{"type":"Total","value":1}}]},{"id":"/subscriptions/00000000-0000-0000-0000-000000000000/tagNames/key","tagName":"key","count":{"type":"Total","value":3},"values":[{"id":"/subscriptions/00000000-0000-0000-0000-000000000000/tagNames/key/tagValues/value","tagValue":"value","count":{"type":"Total","value":3}}]},{"id":"/subscriptions/00000000-0000-0000-0000-000000000000/tagNames/foo","tagName":"foo","count":{"type":"Total","value":1},"values":[{"id":"/subscriptions/00000000-0000-0000-0000-000000000000/tagNames/foo/tagValues/bar","tagValue":"bar","count":{"type":"Total","value":1}}]},{"id":"/subscriptions/00000000-0000-0000-0000-000000000000/tagNames/lang","tagName":"lang","count":{"type":"Total","value":1},"values":[{"id":"/subscriptions/00000000-0000-0000-0000-000000000000/tagNames/lang/tagValues/java","tagValue":"java","count":{"type":"Total","value":1}}]},{"id":"/subscriptions/00000000-0000-0000-0000-000000000000/tagNames/a","tagName":"a","count":{"type":"Total","value":1},"values":[{"id":"/subscriptions/00000000-0000-0000-0000-000000000000/tagNames/a/tagValues/b","tagValue":"b","count":{"type":"Total","value":1}},{"id":"/subscriptions/00000000-0000-0000-0000-000000000000/tagNames/a/tagValues/a-value1","tagValue":"a-value1","count":{"type":"Total","value":0}},{"id":"/subscriptions/00000000-0000-0000-0000-000000000000/tagNames/a/tagValues/a-value2","tagValue":"a-value2","count":{"type":"Total","value":0}}]},{"id":"/subscriptions/00000000-0000-0000-0000-000000000000/tagNames/b","tagName":"b","count":{"type":"Total","value":1},"values":[{"id":"/subscriptions/00000000-0000-0000-0000-000000000000/tagNames/b/tagValues/c","tagValue":"c","count":{"type":"Total","value":1}}]},{"id":"/subscriptions/00000000-0000-0000-0000-000000000000/tagNames/d","tagName":"d","count":{"type":"Total","value":1},"values":[{"id":"/subscriptions/00000000-0000-0000-0000-000000000000/tagNames/d/tagValues/woot","tagValue":"woot","count":{"type":"Total","value":1}}]},{"id":"/subscriptions/00000000-0000-0000-0000-000000000000/tagNames/yugangw","tagName":"yugangw","count":{"type":"Total","value":1},"values":[{"id":"/subscriptions/00000000-0000-0000-0000-000000000000/tagNames/yugangw/tagValues/1234567","tagValue":"1234567","count":{"type":"Total","value":1}}]},{"id":"/subscriptions/00000000-0000-0000-0000-000000000000/tagNames/yugangw12","tagName":"yugangw12","count":{"type":"Total","value":1},"values":[{"id":"/subscriptions/00000000-0000-0000-0000-000000000000/tagNames/yugangw12/tagValues/124","tagValue":"124","count":{"type":"Total","value":1}}]},{"id":"/subscriptions/00000000-0000-0000-0000-000000000000/tagNames/xplatResourceGroupTag2714","tagName":"xplatResourceGroupTag2714","count":{"type":"Total","value":0},"values":[{"id":"/subscriptions/00000000-0000-0000-0000-000000000000/tagNames/xplatResourceGroupTag2714/tagValues/fooValue","tagValue":"fooValue","count":{"type":"Total","value":0}}]},{"id":"/subscriptions/00000000-0000-0000-0000-000000000000/tagNames/xplatResourceGroupTag6197","tagName":"xplatResourceGroupTag6197","count":{"type":"Total","value":0},"values":[{"id":"/subscriptions/00000000-0000-0000-0000-000000000000/tagNames/xplatResourceGroupTag6197/tagValues/fooValue","tagValue":"fooValue","count":{"type":"Total","value":0}}]},{"id":"/subscriptions/00000000-0000-0000-0000-000000000000/tagNames/xplatResourceGroupTag9929","tagName":"xplatResourceGroupTag9929","count":{"type":"Total","value":0},"values":[{"id":"/subscriptions/00000000-0000-0000-0000-000000000000/tagNames/xplatResourceGroupTag9929/tagValues/fooValue","tagValue":"fooValue","count":{"type":"Total","value":0}}]},{"id":"/subscriptions/00000000-0000-0000-0000-000000000000/tagNames/xplatResourceTag5235","tagName":"xplatResourceTag5235","count":{"type":"Total","value":0},"values":[{"id":"/subscriptions/00000000-0000-0000-0000-000000000000/tagNames/xplatResourceTag5235/tagValues/fooValue","tagValue":"fooValue","count":{"type":"Total","value":0}}]},{"id":"/subscriptions/00000000-0000-0000-0000-000000000000/tagNames/xplatResourceTag5313","tagName":"xplatResourceTag5313","count":{"type":"Total","value":0},"values":[{"id":"/subscriptions/00000000-0000-0000-0000-000000000000/tagNames/xplatResourceTag5313/tagValues/fooValue","tagValue":"fooValue","count":{"type":"Total","value":0}}]},{"id":"/subscriptions/00000000-0000-0000-0000-000000000000/tagNames/xplatResourceTag8954","tagName":"xplatResourceTag8954","count":{"type":"Total","value":0},"values":[{"id":"/subscriptions/00000000-0000-0000-0000-000000000000/tagNames/xplatResourceTag8954/tagValues/fooValue","tagValue":"fooValue","count":{"type":"Total","value":0}}]},{"id":"/subscriptions/00000000-0000-0000-0000-000000000000/tagNames/xplatResourceTag9032","tagName":"xplatResourceTag9032","count":{"type":"Total","value":1},"values":[{"id":"/subscriptions/00000000-0000-0000-0000-000000000000/tagNames/xplatResourceTag9032/tagValues/ygtag-value","tagValue":"ygtag-value","count":{"type":"Total","value":0}},{"id":"/subscriptions/00000000-0000-0000-0000-000000000000/tagNames/xplatResourceTag9032/tagValues/ygvalue111","tagValue":"ygvalue111","count":{"type":"Total","value":1}}]},{"id":"/subscriptions/00000000-0000-0000-0000-000000000000/tagNames/owner","tagName":"owner","count":{"type":"Total","value":6},"values":[{"id":"/subscriptions/00000000-0000-0000-0000-000000000000/tagNames/owner/tagValues/Travis","tagValue":"Travis","count":{"type":"Total","value":6}}]},{"id":"/subscriptions/00000000-0000-0000-0000-000000000000/tagNames/sampletag","tagName":"sampletag","count":{"type":"Total","value":10},"values":[{"id":"/subscriptions/00000000-0000-0000-0000-000000000000/tagNames/sampletag/tagValues/sampleValue","tagValue":"sampleValue","count":{"type":"Total","value":10}}]},{"id":"/subscriptions/00000000-0000-0000-0000-000000000000/tagNames/{foo:doo}","tagName":"{foo:doo}","count":{"type":"Total","value":1},"values":[{"id":"/subscriptions/00000000-0000-0000-0000-000000000000/tagNames/{foo:doo}/tagValues/","tagValue":"","count":{"type":"Total","value":1}}]},{"id":"/subscriptions/00000000-0000-0000-0000-000000000000/tagNames/arm-cli-vm-disk-attachnew-detach-tests","tagName":"arm-cli-vm-disk-attachnew-detach-tests","count":{"type":"Total","value":1},"values":[{"id":"/subscriptions/00000000-0000-0000-0000-000000000000/tagNames/arm-cli-vm-disk-attachnew-detach-tests/tagValues/2016-04-29T12:01:11.054Z","tagValue":"2016-04-29T12:01:11.054Z","count":{"type":"Total","value":1}}]},{"id":"/subscriptions/00000000-0000-0000-0000-000000000000/tagNames/arm-cli-vm-sizes-tests","tagName":"arm-cli-vm-sizes-tests","count":{"type":"Total","value":3},"values":[{"id":"/subscriptions/00000000-0000-0000-0000-000000000000/tagNames/arm-cli-vm-sizes-tests/tagValues/2016-06-21T14:34:47.146Z","tagValue":"2016-06-21T14:34:47.146Z","count":{"type":"Total","value":1}},{"id":"/subscriptions/00000000-0000-0000-0000-000000000000/tagNames/arm-cli-vm-sizes-tests/tagValues/2016-02-02T13:11:46.487Z","tagValue":"2016-02-02T13:11:46.487Z","count":{"type":"Total","value":1}},{"id":"/subscriptions/00000000-0000-0000-0000-000000000000/tagNames/arm-cli-vm-sizes-tests/tagValues/2016-08-03T17:39:40.159Z","tagValue":"2016-08-03T17:39:40.159Z","count":{"type":"Total","value":1}}]},{"id":"/subscriptions/00000000-0000-0000-0000-000000000000/tagNames/arm-cli-vm-create-tests","tagName":"arm-cli-vm-create-tests","count":{"type":"Total","value":1},"values":[{"id":"/subscriptions/00000000-0000-0000-0000-000000000000/tagNames/arm-cli-vm-create-tests/tagValues/2016-07-04T10:13:10.330Z","tagValue":"2016-07-04T10:13:10.330Z","count":{"type":"Total","value":1}}]},{"id":"/subscriptions/00000000-0000-0000-0000-000000000000/tagNames/arm-cli-vm-create-generate-sshkeys-tests","tagName":"arm-cli-vm-create-generate-sshkeys-tests","count":{"type":"Total","value":1},"values":[{"id":"/subscriptions/00000000-0000-0000-0000-000000000000/tagNames/arm-cli-vm-create-generate-sshkeys-tests/tagValues/2016-07-01T20:00:00.408Z","tagValue":"2016-07-01T20:00:00.408Z","count":{"type":"Total","value":1}}]},{"id":"/subscriptions/00000000-0000-0000-0000-000000000000/tagNames/arm-cli-vm-docker-tests","tagName":"arm-cli-vm-docker-tests","count":{"type":"Total","value":2},"values":[{"id":"/subscriptions/00000000-0000-0000-0000-000000000000/tagNames/arm-cli-vm-docker-tests/tagValues/2016-02-18T16:05:48.920Z","tagValue":"2016-02-18T16:05:48.920Z","count":{"type":"Total","value":1}},{"id":"/subscriptions/00000000-0000-0000-0000-000000000000/tagNames/arm-cli-vm-docker-tests/tagValues/2016-02-29T12:20:36.945Z","tagValue":"2016-02-29T12:20:36.945Z","count":{"type":"Total","value":1}}]},{"id":"/subscriptions/00000000-0000-0000-0000-000000000000/tagNames/arm-cli-vmss-create-tests","tagName":"arm-cli-vmss-create-tests","count":{"type":"Total","value":1},"values":[{"id":"/subscriptions/00000000-0000-0000-0000-000000000000/tagNames/arm-cli-vmss-create-tests/tagValues/2016-09-02T07:41:24.467Z","tagValue":"2016-09-02T07:41:24.467Z","count":{"type":"Total","value":1}}]},{"id":"/subscriptions/00000000-0000-0000-0000-000000000000/tagNames/xplatResourceGroupTag7429","tagName":"xplatResourceGroupTag7429","count":{"type":"Total","value":0},"values":[]},{"id":"/subscriptions/00000000-0000-0000-0000-000000000000/tagNames/xplatResourceGroupTag7670","tagName":"xplatResourceGroupTag7670","count":{"type":"Total","value":0},"values":[]},{"id":"/subscriptions/00000000-0000-0000-0000-000000000000/tagNames/xplatResourceGroupTag9838","tagName":"xplatResourceGroupTag9838","count":{"type":"Total","value":0},"values":[]},{"id":"/subscriptions/00000000-0000-0000-0000-000000000000/tagNames/xplatResourceTag1210","tagName":"xplatResourceTag1210","count":{"type":"Total","value":0},"values":[]},{"id":"/subscriptions/00000000-0000-0000-0000-000000000000/tagNames/xplatResourceTag7831","tagName":"xplatResourceTag7831","count":{"type":"Total","value":0},"values":[]},{"id":"/subscriptions/00000000-0000-0000-0000-000000000000/tagNames/xplatResourceTag8311","tagName":"xplatResourceTag8311","count":{"type":"Total","value":0},"values":[]},{"id":"/subscriptions/00000000-0000-0000-0000-000000000000/tagNames/xplatResourceTag875","tagName":"xplatResourceTag875","count":{"type":"Total","value":0},"values":[]},{"id":"/subscriptions/00000000-0000-0000-0000-000000000000/tagNames/xplatResourceTag9329","tagName":"xplatResourceTag9329","count":{"type":"Total","value":0},"values":[]}]}'}
    headers:
      cache-control: [no-cache]
      content-length: ['11446']
      content-type: [application/json; charset=utf-8]
      date: ['Wed, 23 Nov 2016 23:20:53 GMT']
      expires: ['-1']
      pragma: [no-cache]
      strict-transport-security: [max-age=31536000; includeSubDomains]
      vary: [Accept-Encoding]
    status: {code: 200, message: OK}
- request:
    body: null
    headers:
      Accept: [application/json]
      Accept-Encoding: ['gzip, deflate']
      Connection: [keep-alive]
      Content-Length: ['0']
      Content-Type: [application/json; charset=utf-8]
      User-Agent: [python/2.7.11 (Windows-10-10.0.14393) requests/2.9.1 msrest/0.4.4
          msrest_azure/0.4.3 resourcemanagementclient/0.30.2 Azure-SDK-For-Python
          AZURECLI/TEST/0.1.0b9]
      accept-language: [en-US]
      x-ms-client-request-id: [7b06600f-b1d3-11e6-9857-a0b3ccf7272a]
    method: PUT
    uri: https://management.azure.com/subscriptions/00000000-0000-0000-0000-000000000000/tagNames/travistesttag?api-version=2016-09-01
  response:
    body: {string: !!python/unicode '{"id":"/subscriptions/00000000-0000-0000-0000-000000000000/tagNames/travistesttag","tagName":"travistesttag","count":{"type":"Total","value":0},"values":[]}'}
    headers:
      cache-control: [no-cache]
      content-length: ['156']
      content-type: [application/json; charset=utf-8]
      date: ['Wed, 23 Nov 2016 23:20:54 GMT']
      expires: ['-1']
      pragma: [no-cache]
      strict-transport-security: [max-age=31536000; includeSubDomains]
      x-ms-ratelimit-remaining-subscription-writes: ['1196']
    status: {code: 201, message: Created}
- request:
    body: null
    headers:
      Accept: [application/json]
      Accept-Encoding: ['gzip, deflate']
      Connection: [keep-alive]
      Content-Length: ['0']
      Content-Type: [application/json; charset=utf-8]
      User-Agent: [python/2.7.11 (Windows-10-10.0.14393) requests/2.9.1 msrest/0.4.4
          msrest_azure/0.4.3 resourcemanagementclient/0.30.2 Azure-SDK-For-Python
          AZURECLI/TEST/0.1.0b9]
      accept-language: [en-US]
      x-ms-client-request-id: [7bb11f00-b1d3-11e6-b2cf-a0b3ccf7272a]
    method: PUT
    uri: https://management.azure.com/subscriptions/00000000-0000-0000-0000-000000000000/tagNames/travistesttag/tagValues/test?api-version=2016-09-01
  response:
    body: {string: !!python/unicode '{"id":"/subscriptions/00000000-0000-0000-0000-000000000000/tagNames/travistesttag/tagValues/test","tagValue":"test","count":{"type":"Total","value":0}}'}
    headers:
      cache-control: [no-cache]
      content-length: ['151']
      content-type: [application/json; charset=utf-8]
      date: ['Wed, 23 Nov 2016 23:20:56 GMT']
      expires: ['-1']
      pragma: [no-cache]
      strict-transport-security: [max-age=31536000; includeSubDomains]
      x-ms-ratelimit-remaining-subscription-writes: ['1194']
    status: {code: 201, message: Created}
- request:
    body: null
    headers:
      Accept: [application/json]
      Accept-Encoding: ['gzip, deflate']
      Connection: [keep-alive]
      Content-Length: ['0']
      Content-Type: [application/json; charset=utf-8]
      User-Agent: [python/2.7.11 (Windows-10-10.0.14393) requests/2.9.1 msrest/0.4.4
          msrest_azure/0.4.3 resourcemanagementclient/0.30.2 Azure-SDK-For-Python
          AZURECLI/TEST/0.1.0b9]
      accept-language: [en-US]
      x-ms-client-request-id: [7c6b9561-b1d3-11e6-8b0b-a0b3ccf7272a]
    method: PUT
    uri: https://management.azure.com/subscriptions/00000000-0000-0000-0000-000000000000/tagNames/travistesttag/tagValues/test2?api-version=2016-09-01
  response:
    body: {string: !!python/unicode '{"id":"/subscriptions/00000000-0000-0000-0000-000000000000/tagNames/travistesttag/tagValues/test2","tagValue":"test2","count":{"type":"Total","value":0}}'}
    headers:
      cache-control: [no-cache]
      content-length: ['153']
      content-type: [application/json; charset=utf-8]
      date: ['Wed, 23 Nov 2016 23:20:57 GMT']
      expires: ['-1']
      pragma: [no-cache]
      strict-transport-security: [max-age=31536000; includeSubDomains]
      x-ms-ratelimit-remaining-subscription-writes: ['1192']
    status: {code: 201, message: Created}
- request:
    body: null
    headers:
      Accept: [application/json]
      Accept-Encoding: ['gzip, deflate']
      Connection: [keep-alive]
      Content-Type: [application/json; charset=utf-8]
      User-Agent: [python/2.7.11 (Windows-10-10.0.14393) requests/2.9.1 msrest/0.4.4
          msrest_azure/0.4.3 resourcemanagementclient/0.30.2 Azure-SDK-For-Python
          AZURECLI/TEST/0.1.0b9]
      accept-language: [en-US]
      x-ms-client-request-id: [7da4d8b0-b1d3-11e6-a1fe-a0b3ccf7272a]
    method: GET
    uri: https://management.azure.com/subscriptions/00000000-0000-0000-0000-000000000000/tagNames?api-version=2016-09-01
  response:
    body: {string: !!python/unicode '{"value":[{"id":"/subscriptions/00000000-0000-0000-0000-000000000000/tagNames/tag-vnet","tagName":"tag-vnet","count":{"type":"Total","value":1},"values":[{"id":"/subscriptions/00000000-0000-0000-0000-000000000000/tagNames/tag-vnet/tagValues/","tagValue":"","count":{"type":"Total","value":1}}]},{"id":"/subscriptions/00000000-0000-0000-0000-000000000000/tagNames/testtagUpdated","tagName":"testtagUpdated","count":{"type":"Total","value":1},"values":[{"id":"/subscriptions/00000000-0000-0000-0000-000000000000/tagNames/testtagUpdated/tagValues/testvalueUpdated","tagValue":"testvalueUpdated","count":{"type":"Total","value":1}}]},{"id":"/subscriptions/00000000-0000-0000-0000-000000000000/tagNames/testtag","tagName":"testtag","count":{"type":"Total","value":2},"values":[{"id":"/subscriptions/00000000-0000-0000-0000-000000000000/tagNames/testtag/tagValues/testvalue","tagValue":"testvalue","count":{"type":"Total","value":1}},{"id":"/subscriptions/00000000-0000-0000-0000-000000000000/tagNames/testtag/tagValues/testval","tagValue":"testval","count":{"type":"Total","value":1}}]},{"id":"/subscriptions/00000000-0000-0000-0000-000000000000/tagNames/key","tagName":"key","count":{"type":"Total","value":3},"values":[{"id":"/subscriptions/00000000-0000-0000-0000-000000000000/tagNames/key/tagValues/value","tagValue":"value","count":{"type":"Total","value":3}}]},{"id":"/subscriptions/00000000-0000-0000-0000-000000000000/tagNames/foo","tagName":"foo","count":{"type":"Total","value":1},"values":[{"id":"/subscriptions/00000000-0000-0000-0000-000000000000/tagNames/foo/tagValues/bar","tagValue":"bar","count":{"type":"Total","value":1}}]},{"id":"/subscriptions/00000000-0000-0000-0000-000000000000/tagNames/lang","tagName":"lang","count":{"type":"Total","value":1},"values":[{"id":"/subscriptions/00000000-0000-0000-0000-000000000000/tagNames/lang/tagValues/java","tagValue":"java","count":{"type":"Total","value":1}}]},{"id":"/subscriptions/00000000-0000-0000-0000-000000000000/tagNames/a","tagName":"a","count":{"type":"Total","value":1},"values":[{"id":"/subscriptions/00000000-0000-0000-0000-000000000000/tagNames/a/tagValues/b","tagValue":"b","count":{"type":"Total","value":1}},{"id":"/subscriptions/00000000-0000-0000-0000-000000000000/tagNames/a/tagValues/a-value1","tagValue":"a-value1","count":{"type":"Total","value":0}},{"id":"/subscriptions/00000000-0000-0000-0000-000000000000/tagNames/a/tagValues/a-value2","tagValue":"a-value2","count":{"type":"Total","value":0}}]},{"id":"/subscriptions/00000000-0000-0000-0000-000000000000/tagNames/b","tagName":"b","count":{"type":"Total","value":1},"values":[{"id":"/subscriptions/00000000-0000-0000-0000-000000000000/tagNames/b/tagValues/c","tagValue":"c","count":{"type":"Total","value":1}}]},{"id":"/subscriptions/00000000-0000-0000-0000-000000000000/tagNames/d","tagName":"d","count":{"type":"Total","value":1},"values":[{"id":"/subscriptions/00000000-0000-0000-0000-000000000000/tagNames/d/tagValues/woot","tagValue":"woot","count":{"type":"Total","value":1}}]},{"id":"/subscriptions/00000000-0000-0000-0000-000000000000/tagNames/yugangw","tagName":"yugangw","count":{"type":"Total","value":1},"values":[{"id":"/subscriptions/00000000-0000-0000-0000-000000000000/tagNames/yugangw/tagValues/1234567","tagValue":"1234567","count":{"type":"Total","value":1}}]},{"id":"/subscriptions/00000000-0000-0000-0000-000000000000/tagNames/yugangw12","tagName":"yugangw12","count":{"type":"Total","value":1},"values":[{"id":"/subscriptions/00000000-0000-0000-0000-000000000000/tagNames/yugangw12/tagValues/124","tagValue":"124","count":{"type":"Total","value":1}}]},{"id":"/subscriptions/00000000-0000-0000-0000-000000000000/tagNames/travistesttag","tagName":"travistesttag","count":{"type":"Total","value":0},"values":[{"id":"/subscriptions/00000000-0000-0000-0000-000000000000/tagNames/travistesttag/tagValues/test","tagValue":"test","count":{"type":"Total","value":0}},{"id":"/subscriptions/00000000-0000-0000-0000-000000000000/tagNames/travistesttag/tagValues/test2","tagValue":"test2","count":{"type":"Total","value":0}}]},{"id":"/subscriptions/00000000-0000-0000-0000-000000000000/tagNames/xplatResourceGroupTag2714","tagName":"xplatResourceGroupTag2714","count":{"type":"Total","value":0},"values":[{"id":"/subscriptions/00000000-0000-0000-0000-000000000000/tagNames/xplatResourceGroupTag2714/tagValues/fooValue","tagValue":"fooValue","count":{"type":"Total","value":0}}]},{"id":"/subscriptions/00000000-0000-0000-0000-000000000000/tagNames/xplatResourceGroupTag6197","tagName":"xplatResourceGroupTag6197","count":{"type":"Total","value":0},"values":[{"id":"/subscriptions/00000000-0000-0000-0000-000000000000/tagNames/xplatResourceGroupTag6197/tagValues/fooValue","tagValue":"fooValue","count":{"type":"Total","value":0}}]},{"id":"/subscriptions/00000000-0000-0000-0000-000000000000/tagNames/xplatResourceGroupTag9929","tagName":"xplatResourceGroupTag9929","count":{"type":"Total","value":0},"values":[{"id":"/subscriptions/00000000-0000-0000-0000-000000000000/tagNames/xplatResourceGroupTag9929/tagValues/fooValue","tagValue":"fooValue","count":{"type":"Total","value":0}}]},{"id":"/subscriptions/00000000-0000-0000-0000-000000000000/tagNames/xplatResourceTag5235","tagName":"xplatResourceTag5235","count":{"type":"Total","value":0},"values":[{"id":"/subscriptions/00000000-0000-0000-0000-000000000000/tagNames/xplatResourceTag5235/tagValues/fooValue","tagValue":"fooValue","count":{"type":"Total","value":0}}]},{"id":"/subscriptions/00000000-0000-0000-0000-000000000000/tagNames/xplatResourceTag5313","tagName":"xplatResourceTag5313","count":{"type":"Total","value":0},"values":[{"id":"/subscriptions/00000000-0000-0000-0000-000000000000/tagNames/xplatResourceTag5313/tagValues/fooValue","tagValue":"fooValue","count":{"type":"Total","value":0}}]},{"id":"/subscriptions/00000000-0000-0000-0000-000000000000/tagNames/xplatResourceTag8954","tagName":"xplatResourceTag8954","count":{"type":"Total","value":0},"values":[{"id":"/subscriptions/00000000-0000-0000-0000-000000000000/tagNames/xplatResourceTag8954/tagValues/fooValue","tagValue":"fooValue","count":{"type":"Total","value":0}}]},{"id":"/subscriptions/00000000-0000-0000-0000-000000000000/tagNames/xplatResourceTag9032","tagName":"xplatResourceTag9032","count":{"type":"Total","value":1},"values":[{"id":"/subscriptions/00000000-0000-0000-0000-000000000000/tagNames/xplatResourceTag9032/tagValues/ygtag-value","tagValue":"ygtag-value","count":{"type":"Total","value":0}},{"id":"/subscriptions/00000000-0000-0000-0000-000000000000/tagNames/xplatResourceTag9032/tagValues/ygvalue111","tagValue":"ygvalue111","count":{"type":"Total","value":1}}]},{"id":"/subscriptions/00000000-0000-0000-0000-000000000000/tagNames/owner","tagName":"owner","count":{"type":"Total","value":6},"values":[{"id":"/subscriptions/00000000-0000-0000-0000-000000000000/tagNames/owner/tagValues/Travis","tagValue":"Travis","count":{"type":"Total","value":6}}]},{"id":"/subscriptions/00000000-0000-0000-0000-000000000000/tagNames/sampletag","tagName":"sampletag","count":{"type":"Total","value":10},"values":[{"id":"/subscriptions/00000000-0000-0000-0000-000000000000/tagNames/sampletag/tagValues/sampleValue","tagValue":"sampleValue","count":{"type":"Total","value":10}}]},{"id":"/subscriptions/00000000-0000-0000-0000-000000000000/tagNames/{foo:doo}","tagName":"{foo:doo}","count":{"type":"Total","value":1},"values":[{"id":"/subscriptions/00000000-0000-0000-0000-000000000000/tagNames/{foo:doo}/tagValues/","tagValue":"","count":{"type":"Total","value":1}}]},{"id":"/subscriptions/00000000-0000-0000-0000-000000000000/tagNames/arm-cli-vm-disk-attachnew-detach-tests","tagName":"arm-cli-vm-disk-attachnew-detach-tests","count":{"type":"Total","value":1},"values":[{"id":"/subscriptions/00000000-0000-0000-0000-000000000000/tagNames/arm-cli-vm-disk-attachnew-detach-tests/tagValues/2016-04-29T12:01:11.054Z","tagValue":"2016-04-29T12:01:11.054Z","count":{"type":"Total","value":1}}]},{"id":"/subscriptions/00000000-0000-0000-0000-000000000000/tagNames/arm-cli-vm-sizes-tests","tagName":"arm-cli-vm-sizes-tests","count":{"type":"Total","value":3},"values":[{"id":"/subscriptions/00000000-0000-0000-0000-000000000000/tagNames/arm-cli-vm-sizes-tests/tagValues/2016-06-21T14:34:47.146Z","tagValue":"2016-06-21T14:34:47.146Z","count":{"type":"Total","value":1}},{"id":"/subscriptions/00000000-0000-0000-0000-000000000000/tagNames/arm-cli-vm-sizes-tests/tagValues/2016-02-02T13:11:46.487Z","tagValue":"2016-02-02T13:11:46.487Z","count":{"type":"Total","value":1}},{"id":"/subscriptions/00000000-0000-0000-0000-000000000000/tagNames/arm-cli-vm-sizes-tests/tagValues/2016-08-03T17:39:40.159Z","tagValue":"2016-08-03T17:39:40.159Z","count":{"type":"Total","value":1}}]},{"id":"/subscriptions/00000000-0000-0000-0000-000000000000/tagNames/arm-cli-vm-create-tests","tagName":"arm-cli-vm-create-tests","count":{"type":"Total","value":1},"values":[{"id":"/subscriptions/00000000-0000-0000-0000-000000000000/tagNames/arm-cli-vm-create-tests/tagValues/2016-07-04T10:13:10.330Z","tagValue":"2016-07-04T10:13:10.330Z","count":{"type":"Total","value":1}}]},{"id":"/subscriptions/00000000-0000-0000-0000-000000000000/tagNames/arm-cli-vm-create-generate-sshkeys-tests","tagName":"arm-cli-vm-create-generate-sshkeys-tests","count":{"type":"Total","value":1},"values":[{"id":"/subscriptions/00000000-0000-0000-0000-000000000000/tagNames/arm-cli-vm-create-generate-sshkeys-tests/tagValues/2016-07-01T20:00:00.408Z","tagValue":"2016-07-01T20:00:00.408Z","count":{"type":"Total","value":1}}]},{"id":"/subscriptions/00000000-0000-0000-0000-000000000000/tagNames/arm-cli-vm-docker-tests","tagName":"arm-cli-vm-docker-tests","count":{"type":"Total","value":2},"values":[{"id":"/subscriptions/00000000-0000-0000-0000-000000000000/tagNames/arm-cli-vm-docker-tests/tagValues/2016-02-18T16:05:48.920Z","tagValue":"2016-02-18T16:05:48.920Z","count":{"type":"Total","value":1}},{"id":"/subscriptions/00000000-0000-0000-0000-000000000000/tagNames/arm-cli-vm-docker-tests/tagValues/2016-02-29T12:20:36.945Z","tagValue":"2016-02-29T12:20:36.945Z","count":{"type":"Total","value":1}}]},{"id":"/subscriptions/00000000-0000-0000-0000-000000000000/tagNames/arm-cli-vmss-create-tests","tagName":"arm-cli-vmss-create-tests","count":{"type":"Total","value":1},"values":[{"id":"/subscriptions/00000000-0000-0000-0000-000000000000/tagNames/arm-cli-vmss-create-tests/tagValues/2016-09-02T07:41:24.467Z","tagValue":"2016-09-02T07:41:24.467Z","count":{"type":"Total","value":1}}]},{"id":"/subscriptions/00000000-0000-0000-0000-000000000000/tagNames/xplatResourceGroupTag7429","tagName":"xplatResourceGroupTag7429","count":{"type":"Total","value":0},"values":[]},{"id":"/subscriptions/00000000-0000-0000-0000-000000000000/tagNames/xplatResourceGroupTag7670","tagName":"xplatResourceGroupTag7670","count":{"type":"Total","value":0},"values":[]},{"id":"/subscriptions/00000000-0000-0000-0000-000000000000/tagNames/xplatResourceGroupTag9838","tagName":"xplatResourceGroupTag9838","count":{"type":"Total","value":0},"values":[]},{"id":"/subscriptions/00000000-0000-0000-0000-000000000000/tagNames/xplatResourceTag1210","tagName":"xplatResourceTag1210","count":{"type":"Total","value":0},"values":[]},{"id":"/subscriptions/00000000-0000-0000-0000-000000000000/tagNames/xplatResourceTag7831","tagName":"xplatResourceTag7831","count":{"type":"Total","value":0},"values":[]},{"id":"/subscriptions/00000000-0000-0000-0000-000000000000/tagNames/xplatResourceTag8311","tagName":"xplatResourceTag8311","count":{"type":"Total","value":0},"values":[]},{"id":"/subscriptions/00000000-0000-0000-0000-000000000000/tagNames/xplatResourceTag875","tagName":"xplatResourceTag875","count":{"type":"Total","value":0},"values":[]},{"id":"/subscriptions/00000000-0000-0000-0000-000000000000/tagNames/xplatResourceTag9329","tagName":"xplatResourceTag9329","count":{"type":"Total","value":0},"values":[]}]}'}
    headers:
      cache-control: [no-cache]
      content-length: ['11908']
      content-type: [application/json; charset=utf-8]
      date: ['Wed, 23 Nov 2016 23:20:58 GMT']
      expires: ['-1']
      pragma: [no-cache]
      strict-transport-security: [max-age=31536000; includeSubDomains]
      vary: [Accept-Encoding]
    status: {code: 200, message: OK}
- request:
    body: null
    headers:
      Accept: [application/json]
      Accept-Encoding: ['gzip, deflate']
      Connection: [keep-alive]
      Content-Length: ['0']
      Content-Type: [application/json; charset=utf-8]
      User-Agent: [python/2.7.11 (Windows-10-10.0.14393) requests/2.9.1 msrest/0.4.4
          msrest_azure/0.4.3 resourcemanagementclient/0.30.2 Azure-SDK-For-Python
          AZURECLI/TEST/0.1.0b9]
      accept-language: [en-US]
      x-ms-client-request-id: [7dfbab40-b1d3-11e6-93f3-a0b3ccf7272a]
    method: DELETE
    uri: https://management.azure.com/subscriptions/00000000-0000-0000-0000-000000000000/tagNames/travistesttag/tagValues/test?api-version=2016-09-01
  response:
    body: {string: !!python/unicode ''}
    headers:
      cache-control: [no-cache]
      content-length: ['0']
      date: ['Wed, 23 Nov 2016 23:20:59 GMT']
      expires: ['-1']
      pragma: [no-cache]
      strict-transport-security: [max-age=31536000; includeSubDomains]
      x-ms-ratelimit-remaining-subscription-writes: ['1195']
    status: {code: 200, message: OK}
- request:
    body: null
    headers:
      Accept: [application/json]
      Accept-Encoding: ['gzip, deflate']
      Connection: [keep-alive]
      Content-Type: [application/json; charset=utf-8]
      User-Agent: [python/2.7.11 (Windows-10-10.0.14393) requests/2.9.1 msrest/0.4.4
          msrest_azure/0.4.3 resourcemanagementclient/0.30.2 Azure-SDK-For-Python
          AZURECLI/TEST/0.1.0b9]
      accept-language: [en-US]
      x-ms-client-request-id: [7ebfbe8f-b1d3-11e6-a6a8-a0b3ccf7272a]
    method: GET
    uri: https://management.azure.com/subscriptions/00000000-0000-0000-0000-000000000000/tagNames?api-version=2016-09-01
  response:
    body: {string: !!python/unicode '{"value":[{"id":"/subscriptions/00000000-0000-0000-0000-000000000000/tagNames/tag-vnet","tagName":"tag-vnet","count":{"type":"Total","value":1},"values":[{"id":"/subscriptions/00000000-0000-0000-0000-000000000000/tagNames/tag-vnet/tagValues/","tagValue":"","count":{"type":"Total","value":1}}]},{"id":"/subscriptions/00000000-0000-0000-0000-000000000000/tagNames/testtagUpdated","tagName":"testtagUpdated","count":{"type":"Total","value":1},"values":[{"id":"/subscriptions/00000000-0000-0000-0000-000000000000/tagNames/testtagUpdated/tagValues/testvalueUpdated","tagValue":"testvalueUpdated","count":{"type":"Total","value":1}}]},{"id":"/subscriptions/00000000-0000-0000-0000-000000000000/tagNames/testtag","tagName":"testtag","count":{"type":"Total","value":2},"values":[{"id":"/subscriptions/00000000-0000-0000-0000-000000000000/tagNames/testtag/tagValues/testvalue","tagValue":"testvalue","count":{"type":"Total","value":1}},{"id":"/subscriptions/00000000-0000-0000-0000-000000000000/tagNames/testtag/tagValues/testval","tagValue":"testval","count":{"type":"Total","value":1}}]},{"id":"/subscriptions/00000000-0000-0000-0000-000000000000/tagNames/key","tagName":"key","count":{"type":"Total","value":3},"values":[{"id":"/subscriptions/00000000-0000-0000-0000-000000000000/tagNames/key/tagValues/value","tagValue":"value","count":{"type":"Total","value":3}}]},{"id":"/subscriptions/00000000-0000-0000-0000-000000000000/tagNames/foo","tagName":"foo","count":{"type":"Total","value":1},"values":[{"id":"/subscriptions/00000000-0000-0000-0000-000000000000/tagNames/foo/tagValues/bar","tagValue":"bar","count":{"type":"Total","value":1}}]},{"id":"/subscriptions/00000000-0000-0000-0000-000000000000/tagNames/lang","tagName":"lang","count":{"type":"Total","value":1},"values":[{"id":"/subscriptions/00000000-0000-0000-0000-000000000000/tagNames/lang/tagValues/java","tagValue":"java","count":{"type":"Total","value":1}}]},{"id":"/subscriptions/00000000-0000-0000-0000-000000000000/tagNames/a","tagName":"a","count":{"type":"Total","value":1},"values":[{"id":"/subscriptions/00000000-0000-0000-0000-000000000000/tagNames/a/tagValues/b","tagValue":"b","count":{"type":"Total","value":1}},{"id":"/subscriptions/00000000-0000-0000-0000-000000000000/tagNames/a/tagValues/a-value1","tagValue":"a-value1","count":{"type":"Total","value":0}},{"id":"/subscriptions/00000000-0000-0000-0000-000000000000/tagNames/a/tagValues/a-value2","tagValue":"a-value2","count":{"type":"Total","value":0}}]},{"id":"/subscriptions/00000000-0000-0000-0000-000000000000/tagNames/b","tagName":"b","count":{"type":"Total","value":1},"values":[{"id":"/subscriptions/00000000-0000-0000-0000-000000000000/tagNames/b/tagValues/c","tagValue":"c","count":{"type":"Total","value":1}}]},{"id":"/subscriptions/00000000-0000-0000-0000-000000000000/tagNames/d","tagName":"d","count":{"type":"Total","value":1},"values":[{"id":"/subscriptions/00000000-0000-0000-0000-000000000000/tagNames/d/tagValues/woot","tagValue":"woot","count":{"type":"Total","value":1}}]},{"id":"/subscriptions/00000000-0000-0000-0000-000000000000/tagNames/yugangw","tagName":"yugangw","count":{"type":"Total","value":1},"values":[{"id":"/subscriptions/00000000-0000-0000-0000-000000000000/tagNames/yugangw/tagValues/1234567","tagValue":"1234567","count":{"type":"Total","value":1}}]},{"id":"/subscriptions/00000000-0000-0000-0000-000000000000/tagNames/yugangw12","tagName":"yugangw12","count":{"type":"Total","value":1},"values":[{"id":"/subscriptions/00000000-0000-0000-0000-000000000000/tagNames/yugangw12/tagValues/124","tagValue":"124","count":{"type":"Total","value":1}}]},{"id":"/subscriptions/00000000-0000-0000-0000-000000000000/tagNames/travistesttag","tagName":"travistesttag","count":{"type":"Total","value":0},"values":[{"id":"/subscriptions/00000000-0000-0000-0000-000000000000/tagNames/travistesttag/tagValues/test2","tagValue":"test2","count":{"type":"Total","value":0}}]},{"id":"/subscriptions/00000000-0000-0000-0000-000000000000/tagNames/xplatResourceGroupTag2714","tagName":"xplatResourceGroupTag2714","count":{"type":"Total","value":0},"values":[{"id":"/subscriptions/00000000-0000-0000-0000-000000000000/tagNames/xplatResourceGroupTag2714/tagValues/fooValue","tagValue":"fooValue","count":{"type":"Total","value":0}}]},{"id":"/subscriptions/00000000-0000-0000-0000-000000000000/tagNames/xplatResourceGroupTag6197","tagName":"xplatResourceGroupTag6197","count":{"type":"Total","value":0},"values":[{"id":"/subscriptions/00000000-0000-0000-0000-000000000000/tagNames/xplatResourceGroupTag6197/tagValues/fooValue","tagValue":"fooValue","count":{"type":"Total","value":0}}]},{"id":"/subscriptions/00000000-0000-0000-0000-000000000000/tagNames/xplatResourceGroupTag9929","tagName":"xplatResourceGroupTag9929","count":{"type":"Total","value":0},"values":[{"id":"/subscriptions/00000000-0000-0000-0000-000000000000/tagNames/xplatResourceGroupTag9929/tagValues/fooValue","tagValue":"fooValue","count":{"type":"Total","value":0}}]},{"id":"/subscriptions/00000000-0000-0000-0000-000000000000/tagNames/xplatResourceTag5235","tagName":"xplatResourceTag5235","count":{"type":"Total","value":0},"values":[{"id":"/subscriptions/00000000-0000-0000-0000-000000000000/tagNames/xplatResourceTag5235/tagValues/fooValue","tagValue":"fooValue","count":{"type":"Total","value":0}}]},{"id":"/subscriptions/00000000-0000-0000-0000-000000000000/tagNames/xplatResourceTag5313","tagName":"xplatResourceTag5313","count":{"type":"Total","value":0},"values":[{"id":"/subscriptions/00000000-0000-0000-0000-000000000000/tagNames/xplatResourceTag5313/tagValues/fooValue","tagValue":"fooValue","count":{"type":"Total","value":0}}]},{"id":"/subscriptions/00000000-0000-0000-0000-000000000000/tagNames/xplatResourceTag8954","tagName":"xplatResourceTag8954","count":{"type":"Total","value":0},"values":[{"id":"/subscriptions/00000000-0000-0000-0000-000000000000/tagNames/xplatResourceTag8954/tagValues/fooValue","tagValue":"fooValue","count":{"type":"Total","value":0}}]},{"id":"/subscriptions/00000000-0000-0000-0000-000000000000/tagNames/xplatResourceTag9032","tagName":"xplatResourceTag9032","count":{"type":"Total","value":1},"values":[{"id":"/subscriptions/00000000-0000-0000-0000-000000000000/tagNames/xplatResourceTag9032/tagValues/ygtag-value","tagValue":"ygtag-value","count":{"type":"Total","value":0}},{"id":"/subscriptions/00000000-0000-0000-0000-000000000000/tagNames/xplatResourceTag9032/tagValues/ygvalue111","tagValue":"ygvalue111","count":{"type":"Total","value":1}}]},{"id":"/subscriptions/00000000-0000-0000-0000-000000000000/tagNames/owner","tagName":"owner","count":{"type":"Total","value":6},"values":[{"id":"/subscriptions/00000000-0000-0000-0000-000000000000/tagNames/owner/tagValues/Travis","tagValue":"Travis","count":{"type":"Total","value":6}}]},{"id":"/subscriptions/00000000-0000-0000-0000-000000000000/tagNames/sampletag","tagName":"sampletag","count":{"type":"Total","value":10},"values":[{"id":"/subscriptions/00000000-0000-0000-0000-000000000000/tagNames/sampletag/tagValues/sampleValue","tagValue":"sampleValue","count":{"type":"Total","value":10}}]},{"id":"/subscriptions/00000000-0000-0000-0000-000000000000/tagNames/{foo:doo}","tagName":"{foo:doo}","count":{"type":"Total","value":1},"values":[{"id":"/subscriptions/00000000-0000-0000-0000-000000000000/tagNames/{foo:doo}/tagValues/","tagValue":"","count":{"type":"Total","value":1}}]},{"id":"/subscriptions/00000000-0000-0000-0000-000000000000/tagNames/arm-cli-vm-disk-attachnew-detach-tests","tagName":"arm-cli-vm-disk-attachnew-detach-tests","count":{"type":"Total","value":1},"values":[{"id":"/subscriptions/00000000-0000-0000-0000-000000000000/tagNames/arm-cli-vm-disk-attachnew-detach-tests/tagValues/2016-04-29T12:01:11.054Z","tagValue":"2016-04-29T12:01:11.054Z","count":{"type":"Total","value":1}}]},{"id":"/subscriptions/00000000-0000-0000-0000-000000000000/tagNames/arm-cli-vm-sizes-tests","tagName":"arm-cli-vm-sizes-tests","count":{"type":"Total","value":3},"values":[{"id":"/subscriptions/00000000-0000-0000-0000-000000000000/tagNames/arm-cli-vm-sizes-tests/tagValues/2016-06-21T14:34:47.146Z","tagValue":"2016-06-21T14:34:47.146Z","count":{"type":"Total","value":1}},{"id":"/subscriptions/00000000-0000-0000-0000-000000000000/tagNames/arm-cli-vm-sizes-tests/tagValues/2016-02-02T13:11:46.487Z","tagValue":"2016-02-02T13:11:46.487Z","count":{"type":"Total","value":1}},{"id":"/subscriptions/00000000-0000-0000-0000-000000000000/tagNames/arm-cli-vm-sizes-tests/tagValues/2016-08-03T17:39:40.159Z","tagValue":"2016-08-03T17:39:40.159Z","count":{"type":"Total","value":1}}]},{"id":"/subscriptions/00000000-0000-0000-0000-000000000000/tagNames/arm-cli-vm-create-tests","tagName":"arm-cli-vm-create-tests","count":{"type":"Total","value":1},"values":[{"id":"/subscriptions/00000000-0000-0000-0000-000000000000/tagNames/arm-cli-vm-create-tests/tagValues/2016-07-04T10:13:10.330Z","tagValue":"2016-07-04T10:13:10.330Z","count":{"type":"Total","value":1}}]},{"id":"/subscriptions/00000000-0000-0000-0000-000000000000/tagNames/arm-cli-vm-create-generate-sshkeys-tests","tagName":"arm-cli-vm-create-generate-sshkeys-tests","count":{"type":"Total","value":1},"values":[{"id":"/subscriptions/00000000-0000-0000-0000-000000000000/tagNames/arm-cli-vm-create-generate-sshkeys-tests/tagValues/2016-07-01T20:00:00.408Z","tagValue":"2016-07-01T20:00:00.408Z","count":{"type":"Total","value":1}}]},{"id":"/subscriptions/00000000-0000-0000-0000-000000000000/tagNames/arm-cli-vm-docker-tests","tagName":"arm-cli-vm-docker-tests","count":{"type":"Total","value":2},"values":[{"id":"/subscriptions/00000000-0000-0000-0000-000000000000/tagNames/arm-cli-vm-docker-tests/tagValues/2016-02-18T16:05:48.920Z","tagValue":"2016-02-18T16:05:48.920Z","count":{"type":"Total","value":1}},{"id":"/subscriptions/00000000-0000-0000-0000-000000000000/tagNames/arm-cli-vm-docker-tests/tagValues/2016-02-29T12:20:36.945Z","tagValue":"2016-02-29T12:20:36.945Z","count":{"type":"Total","value":1}}]},{"id":"/subscriptions/00000000-0000-0000-0000-000000000000/tagNames/arm-cli-vmss-create-tests","tagName":"arm-cli-vmss-create-tests","count":{"type":"Total","value":1},"values":[{"id":"/subscriptions/00000000-0000-0000-0000-000000000000/tagNames/arm-cli-vmss-create-tests/tagValues/2016-09-02T07:41:24.467Z","tagValue":"2016-09-02T07:41:24.467Z","count":{"type":"Total","value":1}}]},{"id":"/subscriptions/00000000-0000-0000-0000-000000000000/tagNames/xplatResourceGroupTag7429","tagName":"xplatResourceGroupTag7429","count":{"type":"Total","value":0},"values":[]},{"id":"/subscriptions/00000000-0000-0000-0000-000000000000/tagNames/xplatResourceGroupTag7670","tagName":"xplatResourceGroupTag7670","count":{"type":"Total","value":0},"values":[]},{"id":"/subscriptions/00000000-0000-0000-0000-000000000000/tagNames/xplatResourceGroupTag9838","tagName":"xplatResourceGroupTag9838","count":{"type":"Total","value":0},"values":[]},{"id":"/subscriptions/00000000-0000-0000-0000-000000000000/tagNames/xplatResourceTag1210","tagName":"xplatResourceTag1210","count":{"type":"Total","value":0},"values":[]},{"id":"/subscriptions/00000000-0000-0000-0000-000000000000/tagNames/xplatResourceTag7831","tagName":"xplatResourceTag7831","count":{"type":"Total","value":0},"values":[]},{"id":"/subscriptions/00000000-0000-0000-0000-000000000000/tagNames/xplatResourceTag8311","tagName":"xplatResourceTag8311","count":{"type":"Total","value":0},"values":[]},{"id":"/subscriptions/00000000-0000-0000-0000-000000000000/tagNames/xplatResourceTag875","tagName":"xplatResourceTag875","count":{"type":"Total","value":0},"values":[]},{"id":"/subscriptions/00000000-0000-0000-0000-000000000000/tagNames/xplatResourceTag9329","tagName":"xplatResourceTag9329","count":{"type":"Total","value":0},"values":[]}]}'}
    headers:
      cache-control: [no-cache]
      content-length: ['11756']
      content-type: [application/json; charset=utf-8]
      date: ['Wed, 23 Nov 2016 23:20:59 GMT']
      expires: ['-1']
      pragma: [no-cache]
      strict-transport-security: [max-age=31536000; includeSubDomains]
      vary: [Accept-Encoding]
    status: {code: 200, message: OK}
- request:
    body: null
    headers:
      Accept: [application/json]
      Accept-Encoding: ['gzip, deflate']
      Connection: [keep-alive]
      Content-Length: ['0']
      Content-Type: [application/json; charset=utf-8]
      User-Agent: [python/2.7.11 (Windows-10-10.0.14393) requests/2.9.1 msrest/0.4.4
          msrest_azure/0.4.3 resourcemanagementclient/0.30.2 Azure-SDK-For-Python
          AZURECLI/TEST/0.1.0b9]
      accept-language: [en-US]
      x-ms-client-request-id: [7f0ccd21-b1d3-11e6-a986-a0b3ccf7272a]
    method: DELETE
    uri: https://management.azure.com/subscriptions/00000000-0000-0000-0000-000000000000/tagNames/travistesttag/tagValues/test2?api-version=2016-09-01
  response:
    body: {string: !!python/unicode ''}
    headers:
      cache-control: [no-cache]
      content-length: ['0']
      date: ['Wed, 23 Nov 2016 23:21:01 GMT']
      expires: ['-1']
      pragma: [no-cache]
      strict-transport-security: [max-age=31536000; includeSubDomains]
      x-ms-ratelimit-remaining-subscription-writes: ['1192']
    status: {code: 200, message: OK}
- request:
    body: null
    headers:
      Accept: [application/json]
      Accept-Encoding: ['gzip, deflate']
      Connection: [keep-alive]
      Content-Type: [application/json; charset=utf-8]
      User-Agent: [python/2.7.11 (Windows-10-10.0.14393) requests/2.9.1 msrest/0.4.4
          msrest_azure/0.4.3 resourcemanagementclient/0.30.2 Azure-SDK-For-Python
          AZURECLI/TEST/0.1.0b9]
      accept-language: [en-US]
      x-ms-client-request-id: [7fbe1bc0-b1d3-11e6-8ad2-a0b3ccf7272a]
    method: GET
    uri: https://management.azure.com/subscriptions/00000000-0000-0000-0000-000000000000/tagNames?api-version=2016-09-01
  response:
    body: {string: !!python/unicode '{"value":[{"id":"/subscriptions/00000000-0000-0000-0000-000000000000/tagNames/tag-vnet","tagName":"tag-vnet","count":{"type":"Total","value":1},"values":[{"id":"/subscriptions/00000000-0000-0000-0000-000000000000/tagNames/tag-vnet/tagValues/","tagValue":"","count":{"type":"Total","value":1}}]},{"id":"/subscriptions/00000000-0000-0000-0000-000000000000/tagNames/testtagUpdated","tagName":"testtagUpdated","count":{"type":"Total","value":1},"values":[{"id":"/subscriptions/00000000-0000-0000-0000-000000000000/tagNames/testtagUpdated/tagValues/testvalueUpdated","tagValue":"testvalueUpdated","count":{"type":"Total","value":1}}]},{"id":"/subscriptions/00000000-0000-0000-0000-000000000000/tagNames/testtag","tagName":"testtag","count":{"type":"Total","value":2},"values":[{"id":"/subscriptions/00000000-0000-0000-0000-000000000000/tagNames/testtag/tagValues/testvalue","tagValue":"testvalue","count":{"type":"Total","value":1}},{"id":"/subscriptions/00000000-0000-0000-0000-000000000000/tagNames/testtag/tagValues/testval","tagValue":"testval","count":{"type":"Total","value":1}}]},{"id":"/subscriptions/00000000-0000-0000-0000-000000000000/tagNames/key","tagName":"key","count":{"type":"Total","value":3},"values":[{"id":"/subscriptions/00000000-0000-0000-0000-000000000000/tagNames/key/tagValues/value","tagValue":"value","count":{"type":"Total","value":3}}]},{"id":"/subscriptions/00000000-0000-0000-0000-000000000000/tagNames/foo","tagName":"foo","count":{"type":"Total","value":1},"values":[{"id":"/subscriptions/00000000-0000-0000-0000-000000000000/tagNames/foo/tagValues/bar","tagValue":"bar","count":{"type":"Total","value":1}}]},{"id":"/subscriptions/00000000-0000-0000-0000-000000000000/tagNames/lang","tagName":"lang","count":{"type":"Total","value":1},"values":[{"id":"/subscriptions/00000000-0000-0000-0000-000000000000/tagNames/lang/tagValues/java","tagValue":"java","count":{"type":"Total","value":1}}]},{"id":"/subscriptions/00000000-0000-0000-0000-000000000000/tagNames/a","tagName":"a","count":{"type":"Total","value":1},"values":[{"id":"/subscriptions/00000000-0000-0000-0000-000000000000/tagNames/a/tagValues/b","tagValue":"b","count":{"type":"Total","value":1}},{"id":"/subscriptions/00000000-0000-0000-0000-000000000000/tagNames/a/tagValues/a-value1","tagValue":"a-value1","count":{"type":"Total","value":0}},{"id":"/subscriptions/00000000-0000-0000-0000-000000000000/tagNames/a/tagValues/a-value2","tagValue":"a-value2","count":{"type":"Total","value":0}}]},{"id":"/subscriptions/00000000-0000-0000-0000-000000000000/tagNames/b","tagName":"b","count":{"type":"Total","value":1},"values":[{"id":"/subscriptions/00000000-0000-0000-0000-000000000000/tagNames/b/tagValues/c","tagValue":"c","count":{"type":"Total","value":1}}]},{"id":"/subscriptions/00000000-0000-0000-0000-000000000000/tagNames/d","tagName":"d","count":{"type":"Total","value":1},"values":[{"id":"/subscriptions/00000000-0000-0000-0000-000000000000/tagNames/d/tagValues/woot","tagValue":"woot","count":{"type":"Total","value":1}}]},{"id":"/subscriptions/00000000-0000-0000-0000-000000000000/tagNames/yugangw","tagName":"yugangw","count":{"type":"Total","value":1},"values":[{"id":"/subscriptions/00000000-0000-0000-0000-000000000000/tagNames/yugangw/tagValues/1234567","tagValue":"1234567","count":{"type":"Total","value":1}}]},{"id":"/subscriptions/00000000-0000-0000-0000-000000000000/tagNames/yugangw12","tagName":"yugangw12","count":{"type":"Total","value":1},"values":[{"id":"/subscriptions/00000000-0000-0000-0000-000000000000/tagNames/yugangw12/tagValues/124","tagValue":"124","count":{"type":"Total","value":1}}]},{"id":"/subscriptions/00000000-0000-0000-0000-000000000000/tagNames/xplatResourceGroupTag2714","tagName":"xplatResourceGroupTag2714","count":{"type":"Total","value":0},"values":[{"id":"/subscriptions/00000000-0000-0000-0000-000000000000/tagNames/xplatResourceGroupTag2714/tagValues/fooValue","tagValue":"fooValue","count":{"type":"Total","value":0}}]},{"id":"/subscriptions/00000000-0000-0000-0000-000000000000/tagNames/xplatResourceGroupTag6197","tagName":"xplatResourceGroupTag6197","count":{"type":"Total","value":0},"values":[{"id":"/subscriptions/00000000-0000-0000-0000-000000000000/tagNames/xplatResourceGroupTag6197/tagValues/fooValue","tagValue":"fooValue","count":{"type":"Total","value":0}}]},{"id":"/subscriptions/00000000-0000-0000-0000-000000000000/tagNames/xplatResourceGroupTag9929","tagName":"xplatResourceGroupTag9929","count":{"type":"Total","value":0},"values":[{"id":"/subscriptions/00000000-0000-0000-0000-000000000000/tagNames/xplatResourceGroupTag9929/tagValues/fooValue","tagValue":"fooValue","count":{"type":"Total","value":0}}]},{"id":"/subscriptions/00000000-0000-0000-0000-000000000000/tagNames/xplatResourceTag5235","tagName":"xplatResourceTag5235","count":{"type":"Total","value":0},"values":[{"id":"/subscriptions/00000000-0000-0000-0000-000000000000/tagNames/xplatResourceTag5235/tagValues/fooValue","tagValue":"fooValue","count":{"type":"Total","value":0}}]},{"id":"/subscriptions/00000000-0000-0000-0000-000000000000/tagNames/xplatResourceTag5313","tagName":"xplatResourceTag5313","count":{"type":"Total","value":0},"values":[{"id":"/subscriptions/00000000-0000-0000-0000-000000000000/tagNames/xplatResourceTag5313/tagValues/fooValue","tagValue":"fooValue","count":{"type":"Total","value":0}}]},{"id":"/subscriptions/00000000-0000-0000-0000-000000000000/tagNames/xplatResourceTag8954","tagName":"xplatResourceTag8954","count":{"type":"Total","value":0},"values":[{"id":"/subscriptions/00000000-0000-0000-0000-000000000000/tagNames/xplatResourceTag8954/tagValues/fooValue","tagValue":"fooValue","count":{"type":"Total","value":0}}]},{"id":"/subscriptions/00000000-0000-0000-0000-000000000000/tagNames/xplatResourceTag9032","tagName":"xplatResourceTag9032","count":{"type":"Total","value":1},"values":[{"id":"/subscriptions/00000000-0000-0000-0000-000000000000/tagNames/xplatResourceTag9032/tagValues/ygtag-value","tagValue":"ygtag-value","count":{"type":"Total","value":0}},{"id":"/subscriptions/00000000-0000-0000-0000-000000000000/tagNames/xplatResourceTag9032/tagValues/ygvalue111","tagValue":"ygvalue111","count":{"type":"Total","value":1}}]},{"id":"/subscriptions/00000000-0000-0000-0000-000000000000/tagNames/owner","tagName":"owner","count":{"type":"Total","value":6},"values":[{"id":"/subscriptions/00000000-0000-0000-0000-000000000000/tagNames/owner/tagValues/Travis","tagValue":"Travis","count":{"type":"Total","value":6}}]},{"id":"/subscriptions/00000000-0000-0000-0000-000000000000/tagNames/sampletag","tagName":"sampletag","count":{"type":"Total","value":10},"values":[{"id":"/subscriptions/00000000-0000-0000-0000-000000000000/tagNames/sampletag/tagValues/sampleValue","tagValue":"sampleValue","count":{"type":"Total","value":10}}]},{"id":"/subscriptions/00000000-0000-0000-0000-000000000000/tagNames/{foo:doo}","tagName":"{foo:doo}","count":{"type":"Total","value":1},"values":[{"id":"/subscriptions/00000000-0000-0000-0000-000000000000/tagNames/{foo:doo}/tagValues/","tagValue":"","count":{"type":"Total","value":1}}]},{"id":"/subscriptions/00000000-0000-0000-0000-000000000000/tagNames/arm-cli-vm-disk-attachnew-detach-tests","tagName":"arm-cli-vm-disk-attachnew-detach-tests","count":{"type":"Total","value":1},"values":[{"id":"/subscriptions/00000000-0000-0000-0000-000000000000/tagNames/arm-cli-vm-disk-attachnew-detach-tests/tagValues/2016-04-29T12:01:11.054Z","tagValue":"2016-04-29T12:01:11.054Z","count":{"type":"Total","value":1}}]},{"id":"/subscriptions/00000000-0000-0000-0000-000000000000/tagNames/arm-cli-vm-sizes-tests","tagName":"arm-cli-vm-sizes-tests","count":{"type":"Total","value":3},"values":[{"id":"/subscriptions/00000000-0000-0000-0000-000000000000/tagNames/arm-cli-vm-sizes-tests/tagValues/2016-06-21T14:34:47.146Z","tagValue":"2016-06-21T14:34:47.146Z","count":{"type":"Total","value":1}},{"id":"/subscriptions/00000000-0000-0000-0000-000000000000/tagNames/arm-cli-vm-sizes-tests/tagValues/2016-02-02T13:11:46.487Z","tagValue":"2016-02-02T13:11:46.487Z","count":{"type":"Total","value":1}},{"id":"/subscriptions/00000000-0000-0000-0000-000000000000/tagNames/arm-cli-vm-sizes-tests/tagValues/2016-08-03T17:39:40.159Z","tagValue":"2016-08-03T17:39:40.159Z","count":{"type":"Total","value":1}}]},{"id":"/subscriptions/00000000-0000-0000-0000-000000000000/tagNames/arm-cli-vm-create-tests","tagName":"arm-cli-vm-create-tests","count":{"type":"Total","value":1},"values":[{"id":"/subscriptions/00000000-0000-0000-0000-000000000000/tagNames/arm-cli-vm-create-tests/tagValues/2016-07-04T10:13:10.330Z","tagValue":"2016-07-04T10:13:10.330Z","count":{"type":"Total","value":1}}]},{"id":"/subscriptions/00000000-0000-0000-0000-000000000000/tagNames/arm-cli-vm-create-generate-sshkeys-tests","tagName":"arm-cli-vm-create-generate-sshkeys-tests","count":{"type":"Total","value":1},"values":[{"id":"/subscriptions/00000000-0000-0000-0000-000000000000/tagNames/arm-cli-vm-create-generate-sshkeys-tests/tagValues/2016-07-01T20:00:00.408Z","tagValue":"2016-07-01T20:00:00.408Z","count":{"type":"Total","value":1}}]},{"id":"/subscriptions/00000000-0000-0000-0000-000000000000/tagNames/arm-cli-vm-docker-tests","tagName":"arm-cli-vm-docker-tests","count":{"type":"Total","value":2},"values":[{"id":"/subscriptions/00000000-0000-0000-0000-000000000000/tagNames/arm-cli-vm-docker-tests/tagValues/2016-02-18T16:05:48.920Z","tagValue":"2016-02-18T16:05:48.920Z","count":{"type":"Total","value":1}},{"id":"/subscriptions/00000000-0000-0000-0000-000000000000/tagNames/arm-cli-vm-docker-tests/tagValues/2016-02-29T12:20:36.945Z","tagValue":"2016-02-29T12:20:36.945Z","count":{"type":"Total","value":1}}]},{"id":"/subscriptions/00000000-0000-0000-0000-000000000000/tagNames/arm-cli-vmss-create-tests","tagName":"arm-cli-vmss-create-tests","count":{"type":"Total","value":1},"values":[{"id":"/subscriptions/00000000-0000-0000-0000-000000000000/tagNames/arm-cli-vmss-create-tests/tagValues/2016-09-02T07:41:24.467Z","tagValue":"2016-09-02T07:41:24.467Z","count":{"type":"Total","value":1}}]},{"id":"/subscriptions/00000000-0000-0000-0000-000000000000/tagNames/travistesttag","tagName":"travistesttag","count":{"type":"Total","value":0},"values":[]},{"id":"/subscriptions/00000000-0000-0000-0000-000000000000/tagNames/xplatResourceGroupTag7429","tagName":"xplatResourceGroupTag7429","count":{"type":"Total","value":0},"values":[]},{"id":"/subscriptions/00000000-0000-0000-0000-000000000000/tagNames/xplatResourceGroupTag7670","tagName":"xplatResourceGroupTag7670","count":{"type":"Total","value":0},"values":[]},{"id":"/subscriptions/00000000-0000-0000-0000-000000000000/tagNames/xplatResourceGroupTag9838","tagName":"xplatResourceGroupTag9838","count":{"type":"Total","value":0},"values":[]},{"id":"/subscriptions/00000000-0000-0000-0000-000000000000/tagNames/xplatResourceTag1210","tagName":"xplatResourceTag1210","count":{"type":"Total","value":0},"values":[]},{"id":"/subscriptions/00000000-0000-0000-0000-000000000000/tagNames/xplatResourceTag7831","tagName":"xplatResourceTag7831","count":{"type":"Total","value":0},"values":[]},{"id":"/subscriptions/00000000-0000-0000-0000-000000000000/tagNames/xplatResourceTag8311","tagName":"xplatResourceTag8311","count":{"type":"Total","value":0},"values":[]},{"id":"/subscriptions/00000000-0000-0000-0000-000000000000/tagNames/xplatResourceTag875","tagName":"xplatResourceTag875","count":{"type":"Total","value":0},"values":[]},{"id":"/subscriptions/00000000-0000-0000-0000-000000000000/tagNames/xplatResourceTag9329","tagName":"xplatResourceTag9329","count":{"type":"Total","value":0},"values":[]}]}'}
    headers:
      cache-control: [no-cache]
      content-length: ['11603']
      content-type: [application/json; charset=utf-8]
      date: ['Wed, 23 Nov 2016 23:21:01 GMT']
      expires: ['-1']
      pragma: [no-cache]
      strict-transport-security: [max-age=31536000; includeSubDomains]
      vary: [Accept-Encoding]
    status: {code: 200, message: OK}
- request:
    body: null
    headers:
      Accept: [application/json]
      Accept-Encoding: ['gzip, deflate']
      Connection: [keep-alive]
      Content-Length: ['0']
      Content-Type: [application/json; charset=utf-8]
      User-Agent: [python/2.7.11 (Windows-10-10.0.14393) requests/2.9.1 msrest/0.4.4
          msrest_azure/0.4.3 resourcemanagementclient/0.30.2 Azure-SDK-For-Python
          AZURECLI/TEST/0.1.0b9]
      accept-language: [en-US]
      x-ms-client-request-id: [8008b94f-b1d3-11e6-b5dd-a0b3ccf7272a]
    method: DELETE
    uri: https://management.azure.com/subscriptions/00000000-0000-0000-0000-000000000000/tagNames/travistesttag?api-version=2016-09-01
  response:
    body: {string: !!python/unicode ''}
    headers:
      cache-control: [no-cache]
      content-length: ['0']
      date: ['Wed, 23 Nov 2016 23:21:02 GMT']
      expires: ['-1']
      pragma: [no-cache]
      strict-transport-security: [max-age=31536000; includeSubDomains]
      x-ms-ratelimit-remaining-subscription-writes: ['1191']
    status: {code: 200, message: OK}
- request:
    body: null
    headers:
      Accept: [application/json]
      Accept-Encoding: ['gzip, deflate']
      Connection: [keep-alive]
      Content-Type: [application/json; charset=utf-8]
      User-Agent: [python/2.7.11 (Windows-10-10.0.14393) requests/2.9.1 msrest/0.4.4
          msrest_azure/0.4.3 resourcemanagementclient/0.30.2 Azure-SDK-For-Python
          AZURECLI/TEST/0.1.0b9]
      accept-language: [en-US]
      x-ms-client-request-id: [80b0920f-b1d3-11e6-b7b7-a0b3ccf7272a]
    method: GET
    uri: https://management.azure.com/subscriptions/00000000-0000-0000-0000-000000000000/tagNames?api-version=2016-09-01
  response:
    body: {string: !!python/unicode '{"value":[{"id":"/subscriptions/00000000-0000-0000-0000-000000000000/tagNames/tag-vnet","tagName":"tag-vnet","count":{"type":"Total","value":1},"values":[{"id":"/subscriptions/00000000-0000-0000-0000-000000000000/tagNames/tag-vnet/tagValues/","tagValue":"","count":{"type":"Total","value":1}}]},{"id":"/subscriptions/00000000-0000-0000-0000-000000000000/tagNames/testtagUpdated","tagName":"testtagUpdated","count":{"type":"Total","value":1},"values":[{"id":"/subscriptions/00000000-0000-0000-0000-000000000000/tagNames/testtagUpdated/tagValues/testvalueUpdated","tagValue":"testvalueUpdated","count":{"type":"Total","value":1}}]},{"id":"/subscriptions/00000000-0000-0000-0000-000000000000/tagNames/testtag","tagName":"testtag","count":{"type":"Total","value":2},"values":[{"id":"/subscriptions/00000000-0000-0000-0000-000000000000/tagNames/testtag/tagValues/testvalue","tagValue":"testvalue","count":{"type":"Total","value":1}},{"id":"/subscriptions/00000000-0000-0000-0000-000000000000/tagNames/testtag/tagValues/testval","tagValue":"testval","count":{"type":"Total","value":1}}]},{"id":"/subscriptions/00000000-0000-0000-0000-000000000000/tagNames/key","tagName":"key","count":{"type":"Total","value":3},"values":[{"id":"/subscriptions/00000000-0000-0000-0000-000000000000/tagNames/key/tagValues/value","tagValue":"value","count":{"type":"Total","value":3}}]},{"id":"/subscriptions/00000000-0000-0000-0000-000000000000/tagNames/foo","tagName":"foo","count":{"type":"Total","value":1},"values":[{"id":"/subscriptions/00000000-0000-0000-0000-000000000000/tagNames/foo/tagValues/bar","tagValue":"bar","count":{"type":"Total","value":1}}]},{"id":"/subscriptions/00000000-0000-0000-0000-000000000000/tagNames/lang","tagName":"lang","count":{"type":"Total","value":1},"values":[{"id":"/subscriptions/00000000-0000-0000-0000-000000000000/tagNames/lang/tagValues/java","tagValue":"java","count":{"type":"Total","value":1}}]},{"id":"/subscriptions/00000000-0000-0000-0000-000000000000/tagNames/a","tagName":"a","count":{"type":"Total","value":1},"values":[{"id":"/subscriptions/00000000-0000-0000-0000-000000000000/tagNames/a/tagValues/b","tagValue":"b","count":{"type":"Total","value":1}},{"id":"/subscriptions/00000000-0000-0000-0000-000000000000/tagNames/a/tagValues/a-value1","tagValue":"a-value1","count":{"type":"Total","value":0}},{"id":"/subscriptions/00000000-0000-0000-0000-000000000000/tagNames/a/tagValues/a-value2","tagValue":"a-value2","count":{"type":"Total","value":0}}]},{"id":"/subscriptions/00000000-0000-0000-0000-000000000000/tagNames/b","tagName":"b","count":{"type":"Total","value":1},"values":[{"id":"/subscriptions/00000000-0000-0000-0000-000000000000/tagNames/b/tagValues/c","tagValue":"c","count":{"type":"Total","value":1}}]},{"id":"/subscriptions/00000000-0000-0000-0000-000000000000/tagNames/d","tagName":"d","count":{"type":"Total","value":1},"values":[{"id":"/subscriptions/00000000-0000-0000-0000-000000000000/tagNames/d/tagValues/woot","tagValue":"woot","count":{"type":"Total","value":1}}]},{"id":"/subscriptions/00000000-0000-0000-0000-000000000000/tagNames/yugangw","tagName":"yugangw","count":{"type":"Total","value":1},"values":[{"id":"/subscriptions/00000000-0000-0000-0000-000000000000/tagNames/yugangw/tagValues/1234567","tagValue":"1234567","count":{"type":"Total","value":1}}]},{"id":"/subscriptions/00000000-0000-0000-0000-000000000000/tagNames/yugangw12","tagName":"yugangw12","count":{"type":"Total","value":1},"values":[{"id":"/subscriptions/00000000-0000-0000-0000-000000000000/tagNames/yugangw12/tagValues/124","tagValue":"124","count":{"type":"Total","value":1}}]},{"id":"/subscriptions/00000000-0000-0000-0000-000000000000/tagNames/xplatResourceGroupTag2714","tagName":"xplatResourceGroupTag2714","count":{"type":"Total","value":0},"values":[{"id":"/subscriptions/00000000-0000-0000-0000-000000000000/tagNames/xplatResourceGroupTag2714/tagValues/fooValue","tagValue":"fooValue","count":{"type":"Total","value":0}}]},{"id":"/subscriptions/00000000-0000-0000-0000-000000000000/tagNames/xplatResourceGroupTag6197","tagName":"xplatResourceGroupTag6197","count":{"type":"Total","value":0},"values":[{"id":"/subscriptions/00000000-0000-0000-0000-000000000000/tagNames/xplatResourceGroupTag6197/tagValues/fooValue","tagValue":"fooValue","count":{"type":"Total","value":0}}]},{"id":"/subscriptions/00000000-0000-0000-0000-000000000000/tagNames/xplatResourceGroupTag9929","tagName":"xplatResourceGroupTag9929","count":{"type":"Total","value":0},"values":[{"id":"/subscriptions/00000000-0000-0000-0000-000000000000/tagNames/xplatResourceGroupTag9929/tagValues/fooValue","tagValue":"fooValue","count":{"type":"Total","value":0}}]},{"id":"/subscriptions/00000000-0000-0000-0000-000000000000/tagNames/xplatResourceTag5235","tagName":"xplatResourceTag5235","count":{"type":"Total","value":0},"values":[{"id":"/subscriptions/00000000-0000-0000-0000-000000000000/tagNames/xplatResourceTag5235/tagValues/fooValue","tagValue":"fooValue","count":{"type":"Total","value":0}}]},{"id":"/subscriptions/00000000-0000-0000-0000-000000000000/tagNames/xplatResourceTag5313","tagName":"xplatResourceTag5313","count":{"type":"Total","value":0},"values":[{"id":"/subscriptions/00000000-0000-0000-0000-000000000000/tagNames/xplatResourceTag5313/tagValues/fooValue","tagValue":"fooValue","count":{"type":"Total","value":0}}]},{"id":"/subscriptions/00000000-0000-0000-0000-000000000000/tagNames/xplatResourceTag8954","tagName":"xplatResourceTag8954","count":{"type":"Total","value":0},"values":[{"id":"/subscriptions/00000000-0000-0000-0000-000000000000/tagNames/xplatResourceTag8954/tagValues/fooValue","tagValue":"fooValue","count":{"type":"Total","value":0}}]},{"id":"/subscriptions/00000000-0000-0000-0000-000000000000/tagNames/xplatResourceTag9032","tagName":"xplatResourceTag9032","count":{"type":"Total","value":1},"values":[{"id":"/subscriptions/00000000-0000-0000-0000-000000000000/tagNames/xplatResourceTag9032/tagValues/ygtag-value","tagValue":"ygtag-value","count":{"type":"Total","value":0}},{"id":"/subscriptions/00000000-0000-0000-0000-000000000000/tagNames/xplatResourceTag9032/tagValues/ygvalue111","tagValue":"ygvalue111","count":{"type":"Total","value":1}}]},{"id":"/subscriptions/00000000-0000-0000-0000-000000000000/tagNames/owner","tagName":"owner","count":{"type":"Total","value":6},"values":[{"id":"/subscriptions/00000000-0000-0000-0000-000000000000/tagNames/owner/tagValues/Travis","tagValue":"Travis","count":{"type":"Total","value":6}}]},{"id":"/subscriptions/00000000-0000-0000-0000-000000000000/tagNames/sampletag","tagName":"sampletag","count":{"type":"Total","value":10},"values":[{"id":"/subscriptions/00000000-0000-0000-0000-000000000000/tagNames/sampletag/tagValues/sampleValue","tagValue":"sampleValue","count":{"type":"Total","value":10}}]},{"id":"/subscriptions/00000000-0000-0000-0000-000000000000/tagNames/{foo:doo}","tagName":"{foo:doo}","count":{"type":"Total","value":1},"values":[{"id":"/subscriptions/00000000-0000-0000-0000-000000000000/tagNames/{foo:doo}/tagValues/","tagValue":"","count":{"type":"Total","value":1}}]},{"id":"/subscriptions/00000000-0000-0000-0000-000000000000/tagNames/arm-cli-vm-disk-attachnew-detach-tests","tagName":"arm-cli-vm-disk-attachnew-detach-tests","count":{"type":"Total","value":1},"values":[{"id":"/subscriptions/00000000-0000-0000-0000-000000000000/tagNames/arm-cli-vm-disk-attachnew-detach-tests/tagValues/2016-04-29T12:01:11.054Z","tagValue":"2016-04-29T12:01:11.054Z","count":{"type":"Total","value":1}}]},{"id":"/subscriptions/00000000-0000-0000-0000-000000000000/tagNames/arm-cli-vm-sizes-tests","tagName":"arm-cli-vm-sizes-tests","count":{"type":"Total","value":3},"values":[{"id":"/subscriptions/00000000-0000-0000-0000-000000000000/tagNames/arm-cli-vm-sizes-tests/tagValues/2016-06-21T14:34:47.146Z","tagValue":"2016-06-21T14:34:47.146Z","count":{"type":"Total","value":1}},{"id":"/subscriptions/00000000-0000-0000-0000-000000000000/tagNames/arm-cli-vm-sizes-tests/tagValues/2016-02-02T13:11:46.487Z","tagValue":"2016-02-02T13:11:46.487Z","count":{"type":"Total","value":1}},{"id":"/subscriptions/00000000-0000-0000-0000-000000000000/tagNames/arm-cli-vm-sizes-tests/tagValues/2016-08-03T17:39:40.159Z","tagValue":"2016-08-03T17:39:40.159Z","count":{"type":"Total","value":1}}]},{"id":"/subscriptions/00000000-0000-0000-0000-000000000000/tagNames/arm-cli-vm-create-tests","tagName":"arm-cli-vm-create-tests","count":{"type":"Total","value":1},"values":[{"id":"/subscriptions/00000000-0000-0000-0000-000000000000/tagNames/arm-cli-vm-create-tests/tagValues/2016-07-04T10:13:10.330Z","tagValue":"2016-07-04T10:13:10.330Z","count":{"type":"Total","value":1}}]},{"id":"/subscriptions/00000000-0000-0000-0000-000000000000/tagNames/arm-cli-vm-create-generate-sshkeys-tests","tagName":"arm-cli-vm-create-generate-sshkeys-tests","count":{"type":"Total","value":1},"values":[{"id":"/subscriptions/00000000-0000-0000-0000-000000000000/tagNames/arm-cli-vm-create-generate-sshkeys-tests/tagValues/2016-07-01T20:00:00.408Z","tagValue":"2016-07-01T20:00:00.408Z","count":{"type":"Total","value":1}}]},{"id":"/subscriptions/00000000-0000-0000-0000-000000000000/tagNames/arm-cli-vm-docker-tests","tagName":"arm-cli-vm-docker-tests","count":{"type":"Total","value":2},"values":[{"id":"/subscriptions/00000000-0000-0000-0000-000000000000/tagNames/arm-cli-vm-docker-tests/tagValues/2016-02-18T16:05:48.920Z","tagValue":"2016-02-18T16:05:48.920Z","count":{"type":"Total","value":1}},{"id":"/subscriptions/00000000-0000-0000-0000-000000000000/tagNames/arm-cli-vm-docker-tests/tagValues/2016-02-29T12:20:36.945Z","tagValue":"2016-02-29T12:20:36.945Z","count":{"type":"Total","value":1}}]},{"id":"/subscriptions/00000000-0000-0000-0000-000000000000/tagNames/arm-cli-vmss-create-tests","tagName":"arm-cli-vmss-create-tests","count":{"type":"Total","value":1},"values":[{"id":"/subscriptions/00000000-0000-0000-0000-000000000000/tagNames/arm-cli-vmss-create-tests/tagValues/2016-09-02T07:41:24.467Z","tagValue":"2016-09-02T07:41:24.467Z","count":{"type":"Total","value":1}}]},{"id":"/subscriptions/00000000-0000-0000-0000-000000000000/tagNames/xplatResourceGroupTag7429","tagName":"xplatResourceGroupTag7429","count":{"type":"Total","value":0},"values":[]},{"id":"/subscriptions/00000000-0000-0000-0000-000000000000/tagNames/xplatResourceGroupTag7670","tagName":"xplatResourceGroupTag7670","count":{"type":"Total","value":0},"values":[]},{"id":"/subscriptions/00000000-0000-0000-0000-000000000000/tagNames/xplatResourceGroupTag9838","tagName":"xplatResourceGroupTag9838","count":{"type":"Total","value":0},"values":[]},{"id":"/subscriptions/00000000-0000-0000-0000-000000000000/tagNames/xplatResourceTag1210","tagName":"xplatResourceTag1210","count":{"type":"Total","value":0},"values":[]},{"id":"/subscriptions/00000000-0000-0000-0000-000000000000/tagNames/xplatResourceTag7831","tagName":"xplatResourceTag7831","count":{"type":"Total","value":0},"values":[]},{"id":"/subscriptions/00000000-0000-0000-0000-000000000000/tagNames/xplatResourceTag8311","tagName":"xplatResourceTag8311","count":{"type":"Total","value":0},"values":[]},{"id":"/subscriptions/00000000-0000-0000-0000-000000000000/tagNames/xplatResourceTag875","tagName":"xplatResourceTag875","count":{"type":"Total","value":0},"values":[]},{"id":"/subscriptions/00000000-0000-0000-0000-000000000000/tagNames/xplatResourceTag9329","tagName":"xplatResourceTag9329","count":{"type":"Total","value":0},"values":[]}]}'}
    headers:
      cache-control: [no-cache]
      content-length: ['11446']
      content-type: [application/json; charset=utf-8]
      date: ['Wed, 23 Nov 2016 23:21:03 GMT']
      expires: ['-1']
      pragma: [no-cache]
      strict-transport-security: [max-age=31536000; includeSubDomains]
      vary: [Accept-Encoding]
    status: {code: 200, message: OK}
version: 1
