interactions:
- request:
    body: !!python/unicode '{"location": "westus", "tags": {"date": "2018-08-21T01:07:58Z",
      "product": "azurecli", "cause": "automation"}}'
    headers:
      Accept: [application/json]
      Accept-Encoding: ['gzip, deflate']
      CommandName: [group create]
      Connection: [keep-alive]
      Content-Length: ['110']
      Content-Type: [application/json; charset=utf-8]
      User-Agent: [python/2.7.14 (Windows-10-10.0.17134) requests/2.19.1 msrest/0.5.4
          msrest_azure/0.4.34 resourcemanagementclient/2.0.0 Azure-SDK-For-Python
          AZURECLI/2.0.45]
      accept-language: [en-US]
    method: PUT
    uri: https://management.azure.com/subscriptions/00000000-0000-0000-0000-000000000000/resourcegroups/cli_test_lb_probes000001?api-version=2018-02-01
  response:
    body: {string: !!python/unicode '{"id":"/subscriptions/00000000-0000-0000-0000-000000000000/resourceGroups/cli_test_lb_probes000001","name":"cli_test_lb_probes000001","location":"westus","tags":{"date":"2018-08-21T01:07:58Z","product":"azurecli","cause":"automation"},"properties":{"provisioningState":"Succeeded"}}'}
    headers:
      cache-control: [no-cache]
      content-length: ['384']
      content-type: [application/json; charset=utf-8]
      date: ['Tue, 21 Aug 2018 01:08:02 GMT']
      expires: ['-1']
      pragma: [no-cache]
      strict-transport-security: [max-age=31536000; includeSubDomains]
      x-content-type-options: [nosniff]
      x-ms-ratelimit-remaining-subscription-writes: ['1199']
    status: {code: 201, message: Created}
- request:
    body: null
    headers:
      Accept: [application/json]
      Accept-Encoding: ['gzip, deflate']
      CommandName: [network lb create]
      Connection: [keep-alive]
      Content-Type: [application/json; charset=utf-8]
      User-Agent: [python/2.7.14 (Windows-10-10.0.17134) requests/2.19.1 msrest/0.5.4
          msrest_azure/0.4.34 resourcemanagementclient/2.0.0 Azure-SDK-For-Python
          AZURECLI/2.0.45]
      accept-language: [en-US]
    method: GET
    uri: https://management.azure.com/subscriptions/00000000-0000-0000-0000-000000000000/resourcegroups/cli_test_lb_probes000001?api-version=2018-02-01
  response:
    body: {string: !!python/unicode '{"id":"/subscriptions/00000000-0000-0000-0000-000000000000/resourceGroups/cli_test_lb_probes000001","name":"cli_test_lb_probes000001","location":"westus","tags":{"date":"2018-08-21T01:07:58Z","product":"azurecli","cause":"automation"},"properties":{"provisioningState":"Succeeded"}}'}
    headers:
      cache-control: [no-cache]
      content-length: ['384']
      content-type: [application/json; charset=utf-8]
      date: ['Tue, 21 Aug 2018 01:08:03 GMT']
      expires: ['-1']
      pragma: [no-cache]
      strict-transport-security: [max-age=31536000; includeSubDomains]
      vary: [Accept-Encoding]
      x-content-type-options: [nosniff]
    status: {code: 200, message: OK}
- request:
    body: null
    headers:
      Accept: [application/json]
      Accept-Encoding: ['gzip, deflate']
      CommandName: [network lb create]
      Connection: [keep-alive]
      Content-Type: [application/json; charset=utf-8]
      User-Agent: [python/2.7.14 (Windows-10-10.0.17134) requests/2.19.1 msrest/0.5.4
          msrest_azure/0.4.34 resourcemanagementclient/2.0.0 Azure-SDK-For-Python
          AZURECLI/2.0.45]
      accept-language: [en-US]
    method: GET
    uri: https://management.azure.com/subscriptions/00000000-0000-0000-0000-000000000000/resources?api-version=2018-02-01&$filter=resourceGroup%20eq%20%27cli_test_lb_probes000001%27%20and%20name%20eq%20%27None%27%20and%20resourceType%20eq%20%27Microsoft.Network%2FpublicIPAddresses%27
  response:
    body: {string: !!python/unicode '{"value":[]}'}
    headers:
      cache-control: [no-cache]
      content-length: ['12']
      content-type: [application/json; charset=utf-8]
      date: ['Tue, 21 Aug 2018 01:08:03 GMT']
      expires: ['-1']
      pragma: [no-cache]
      strict-transport-security: [max-age=31536000; includeSubDomains]
      vary: [Accept-Encoding]
      x-content-type-options: [nosniff]
    status: {code: 200, message: OK}
- request:
    body: !!python/unicode '{"properties": {"mode": "Incremental", "parameters": {},
      "template": {"parameters": {}, "outputs": {"loadBalancer": {"type": "object",
      "value": "[reference(''lb1'')]"}}, "variables": {}, "contentVersion": "1.0.0.0",
      "$schema": "https://schema.management.azure.com/schemas/2015-01-01/deploymentTemplate.json#",
      "resources": [{"sku": {"name": "Basic"}, "name": "PublicIPlb1", "tags": {},
      "apiVersion": "2017-10-01", "location": "westus", "dependsOn": [], "type": "Microsoft.Network/publicIPAddresses",
      "properties": {"publicIPAllocationMethod": "Dynamic"}}, {"sku": {"name": "Basic"},
      "name": "lb1", "tags": {}, "apiVersion": "2017-10-01", "location": "westus",
      "dependsOn": ["Microsoft.Network/publicIpAddresses/PublicIPlb1"], "type": "Microsoft.Network/loadBalancers",
      "properties": {"frontendIPConfigurations": [{"name": "LoadBalancerFrontEnd",
      "properties": {"publicIPAddress": {"id": "/subscriptions/00000000-0000-0000-0000-000000000000/resourceGroups/cli_test_lb_probes000001/providers/Microsoft.Network/publicIPAddresses/PublicIPlb1"}}}],
      "backendAddressPools": [{"name": "lb1bepool"}]}}]}}}'
    headers:
      Accept: [application/json]
      Accept-Encoding: ['gzip, deflate']
      CommandName: [network lb create]
      Connection: [keep-alive]
      Content-Length: ['1145']
      Content-Type: [application/json; charset=utf-8]
      User-Agent: [python/2.7.14 (Windows-10-10.0.17134) requests/2.19.1 msrest/0.5.4
          msrest_azure/0.4.34 resourcemanagementclient/2.0.0 Azure-SDK-For-Python
          AZURECLI/2.0.45]
      accept-language: [en-US]
    method: PUT
    uri: https://management.azure.com/subscriptions/00000000-0000-0000-0000-000000000000/resourcegroups/cli_test_lb_probes000001/providers/Microsoft.Resources/deployments/mock-deployment?api-version=2018-02-01
  response:
    body: {string: !!python/unicode '{"id":"/subscriptions/00000000-0000-0000-0000-000000000000/resourceGroups/cli_test_lb_probes000001/providers/Microsoft.Resources/deployments/lb_deploy_Q59rAwCSQj7WilYim2b881XJAD4gp5Su","name":"lb_deploy_Q59rAwCSQj7WilYim2b881XJAD4gp5Su","properties":{"templateHash":"6420187894105466211","parameters":{},"mode":"Incremental","provisioningState":"Accepted","timestamp":"2018-08-21T01:08:07.3338729Z","duration":"PT0.9945844S","correlationId":"2c9df1ca-a3d5-46ea-9b63-ffc06662c192","providers":[{"namespace":"Microsoft.Network","resourceTypes":[{"resourceType":"publicIPAddresses","locations":["westus"]},{"resourceType":"loadBalancers","locations":["westus"]}]}],"dependencies":[{"dependsOn":[{"id":"/subscriptions/00000000-0000-0000-0000-000000000000/resourceGroups/cli_test_lb_probes000001/providers/Microsoft.Network/publicIPAddresses/PublicIPlb1","resourceType":"Microsoft.Network/publicIPAddresses","resourceName":"PublicIPlb1"}],"id":"/subscriptions/00000000-0000-0000-0000-000000000000/resourceGroups/cli_test_lb_probes000001/providers/Microsoft.Network/loadBalancers/lb1","resourceType":"Microsoft.Network/loadBalancers","resourceName":"lb1"}]}}'}
    headers:
      azure-asyncoperation: ['https://management.azure.com/subscriptions/00000000-0000-0000-0000-000000000000/resourcegroups/cli_test_lb_probes000001/providers/Microsoft.Resources/deployments/lb_deploy_Q59rAwCSQj7WilYim2b881XJAD4gp5Su/operationStatuses/08586667931991383270?api-version=2018-02-01']
      cache-control: [no-cache]
      content-length: ['1305']
      content-type: [application/json; charset=utf-8]
      date: ['Tue, 21 Aug 2018 01:08:06 GMT']
      expires: ['-1']
      pragma: [no-cache]
      strict-transport-security: [max-age=31536000; includeSubDomains]
      x-content-type-options: [nosniff]
      x-ms-ratelimit-remaining-subscription-writes: ['1199']
    status: {code: 201, message: Created}
- request:
    body: null
    headers:
      Accept: [application/json]
      Accept-Encoding: ['gzip, deflate']
      CommandName: [network lb create]
      Connection: [keep-alive]
      User-Agent: [python/2.7.14 (Windows-10-10.0.17134) requests/2.19.1 msrest/0.5.4
          msrest_azure/0.4.34 resourcemanagementclient/2.0.0 Azure-SDK-For-Python
          AZURECLI/2.0.45]
    method: GET
    uri: https://management.azure.com/subscriptions/00000000-0000-0000-0000-000000000000/resourcegroups/cli_test_lb_probes000001/providers/Microsoft.Resources/deployments/mock-deployment/operationStatuses/08586667931991383270?api-version=2018-02-01
  response:
    body: {string: !!python/unicode '{"status":"Succeeded"}'}
    headers:
      cache-control: [no-cache]
      content-length: ['22']
      content-type: [application/json; charset=utf-8]
      date: ['Tue, 21 Aug 2018 01:08:37 GMT']
      expires: ['-1']
      pragma: [no-cache]
      strict-transport-security: [max-age=31536000; includeSubDomains]
      vary: [Accept-Encoding]
      x-content-type-options: [nosniff]
    status: {code: 200, message: OK}
- request:
    body: null
    headers:
      Accept: [application/json]
      Accept-Encoding: ['gzip, deflate']
      CommandName: [network lb create]
      Connection: [keep-alive]
      User-Agent: [python/2.7.14 (Windows-10-10.0.17134) requests/2.19.1 msrest/0.5.4
          msrest_azure/0.4.34 resourcemanagementclient/2.0.0 Azure-SDK-For-Python
          AZURECLI/2.0.45]
    method: GET
    uri: https://management.azure.com/subscriptions/00000000-0000-0000-0000-000000000000/resourcegroups/cli_test_lb_probes000001/providers/Microsoft.Resources/deployments/mock-deployment?api-version=2018-02-01
  response:
    body: {string: !!python/unicode '{"id":"/subscriptions/00000000-0000-0000-0000-000000000000/resourceGroups/cli_test_lb_probes000001/providers/Microsoft.Resources/deployments/lb_deploy_Q59rAwCSQj7WilYim2b881XJAD4gp5Su","name":"lb_deploy_Q59rAwCSQj7WilYim2b881XJAD4gp5Su","properties":{"templateHash":"6420187894105466211","parameters":{},"mode":"Incremental","provisioningState":"Succeeded","timestamp":"2018-08-21T01:08:27.9442463Z","duration":"PT21.6049578S","correlationId":"2c9df1ca-a3d5-46ea-9b63-ffc06662c192","providers":[{"namespace":"Microsoft.Network","resourceTypes":[{"resourceType":"publicIPAddresses","locations":["westus"]},{"resourceType":"loadBalancers","locations":["westus"]}]}],"dependencies":[{"dependsOn":[{"id":"/subscriptions/00000000-0000-0000-0000-000000000000/resourceGroups/cli_test_lb_probes000001/providers/Microsoft.Network/publicIPAddresses/PublicIPlb1","resourceType":"Microsoft.Network/publicIPAddresses","resourceName":"PublicIPlb1"}],"id":"/subscriptions/00000000-0000-0000-0000-000000000000/resourceGroups/cli_test_lb_probes000001/providers/Microsoft.Network/loadBalancers/lb1","resourceType":"Microsoft.Network/loadBalancers","resourceName":"lb1"}],"outputs":{"loadBalancer":{"type":"Object","value":{"provisioningState":"Succeeded","resourceGuid":"bb57fba4-d4a6-41dd-bd05-098808febf25","frontendIPConfigurations":[{"name":"LoadBalancerFrontEnd","id":"/subscriptions/00000000-0000-0000-0000-000000000000/resourceGroups/cli_test_lb_probes000001/providers/Microsoft.Network/loadBalancers/lb1/frontendIPConfigurations/LoadBalancerFrontEnd","etag":"W/\"16b2377a-b925-450b-a994-faf5227d4043\"","type":"Microsoft.Network/loadBalancers/frontendIPConfigurations","properties":{"provisioningState":"Succeeded","privateIPAllocationMethod":"Dynamic","publicIPAddress":{"id":"/subscriptions/00000000-0000-0000-0000-000000000000/resourceGroups/cli_test_lb_probes000001/providers/Microsoft.Network/publicIPAddresses/PublicIPlb1"}}}],"backendAddressPools":[{"name":"lb1bepool","id":"/subscriptions/00000000-0000-0000-0000-000000000000/resourceGroups/cli_test_lb_probes000001/providers/Microsoft.Network/loadBalancers/lb1/backendAddressPools/lb1bepool","etag":"W/\"16b2377a-b925-450b-a994-faf5227d4043\"","properties":{"provisioningState":"Succeeded"},"type":"Microsoft.Network/loadBalancers/backendAddressPools"}],"loadBalancingRules":[],"probes":[],"inboundNatRules":[],"inboundNatPools":[]}}},"outputResources":[{"id":"/subscriptions/00000000-0000-0000-0000-000000000000/resourceGroups/cli_test_lb_probes000001/providers/Microsoft.Network/loadBalancers/lb1"},{"id":"/subscriptions/00000000-0000-0000-0000-000000000000/resourceGroups/cli_test_lb_probes000001/providers/Microsoft.Network/publicIPAddresses/PublicIPlb1"}]}}'}
    headers:
      cache-control: [no-cache]
      content-length: ['3119']
      content-type: [application/json; charset=utf-8]
      date: ['Tue, 21 Aug 2018 01:08:38 GMT']
      expires: ['-1']
      pragma: [no-cache]
      strict-transport-security: [max-age=31536000; includeSubDomains]
      vary: [Accept-Encoding]
      x-content-type-options: [nosniff]
    status: {code: 200, message: OK}
- request:
    body: null
    headers:
      Accept: [application/json]
      Accept-Encoding: ['gzip, deflate']
      CommandName: [network lb probe create]
      Connection: [keep-alive]
      Content-Type: [application/json; charset=utf-8]
      User-Agent: [python/2.7.14 (Windows-10-10.0.17134) requests/2.19.1 msrest/0.5.4
          msrest_azure/0.4.34 networkmanagementclient/2.0.0rc3 Azure-SDK-For-Python
          AZURECLI/2.0.45]
      accept-language: [en-US]
    method: GET
    uri: https://management.azure.com/subscriptions/00000000-0000-0000-0000-000000000000/resourceGroups/cli_test_lb_probes000001/providers/Microsoft.Network/loadBalancers/lb1?api-version=2017-10-01
  response:
    body: {string: !!python/unicode "{\r\n  \"name\": \"lb1\",\r\n  \"id\": \"/subscriptions/00000000-0000-0000-0000-000000000000/resourceGroups/cli_test_lb_probes000001/providers/Microsoft.Network/loadBalancers/lb1\",\r\n
        \ \"etag\": \"W/\\\"16b2377a-b925-450b-a994-faf5227d4043\\\"\",\r\n  \"type\":
        \"Microsoft.Network/loadBalancers\",\r\n  \"location\": \"westus\",\r\n  \"tags\":
        {},\r\n  \"properties\": {\r\n    \"provisioningState\": \"Succeeded\",\r\n
        \   \"resourceGuid\": \"bb57fba4-d4a6-41dd-bd05-098808febf25\",\r\n    \"frontendIPConfigurations\":
        [\r\n      {\r\n        \"name\": \"LoadBalancerFrontEnd\",\r\n        \"id\":
        \"/subscriptions/00000000-0000-0000-0000-000000000000/resourceGroups/cli_test_lb_probes000001/providers/Microsoft.Network/loadBalancers/lb1/frontendIPConfigurations/LoadBalancerFrontEnd\",\r\n
        \       \"etag\": \"W/\\\"16b2377a-b925-450b-a994-faf5227d4043\\\"\",\r\n
        \       \"type\": \"Microsoft.Network/loadBalancers/frontendIPConfigurations\",\r\n
        \       \"properties\": {\r\n          \"provisioningState\": \"Succeeded\",\r\n
        \         \"privateIPAllocationMethod\": \"Dynamic\",\r\n          \"publicIPAddress\":
        {\r\n            \"id\": \"/subscriptions/00000000-0000-0000-0000-000000000000/resourceGroups/cli_test_lb_probes000001/providers/Microsoft.Network/publicIPAddresses/PublicIPlb1\"\r\n
        \         }\r\n        }\r\n      }\r\n    ],\r\n    \"backendAddressPools\":
        [\r\n      {\r\n        \"name\": \"lb1bepool\",\r\n        \"id\": \"/subscriptions/00000000-0000-0000-0000-000000000000/resourceGroups/cli_test_lb_probes000001/providers/Microsoft.Network/loadBalancers/lb1/backendAddressPools/lb1bepool\",\r\n
        \       \"etag\": \"W/\\\"16b2377a-b925-450b-a994-faf5227d4043\\\"\",\r\n
        \       \"properties\": {\r\n          \"provisioningState\": \"Succeeded\"\r\n
        \       },\r\n        \"type\": \"Microsoft.Network/loadBalancers/backendAddressPools\"\r\n
        \     }\r\n    ],\r\n    \"loadBalancingRules\": [],\r\n    \"probes\": [],\r\n
        \   \"inboundNatRules\": [],\r\n    \"inboundNatPools\": []\r\n  },\r\n  \"sku\":
        {\r\n    \"name\": \"Basic\",\r\n    \"tier\": \"Regional\"\r\n  }\r\n}"}
    headers:
      cache-control: [no-cache]
      content-length: ['2091']
      content-type: [application/json; charset=utf-8]
      date: ['Tue, 21 Aug 2018 01:08:38 GMT']
      etag: [W/"16b2377a-b925-450b-a994-faf5227d4043"]
      expires: ['-1']
      pragma: [no-cache]
      server: [Microsoft-HTTPAPI/2.0, Microsoft-HTTPAPI/2.0]
      strict-transport-security: [max-age=31536000; includeSubDomains]
      transfer-encoding: [chunked]
      vary: [Accept-Encoding]
      x-content-type-options: [nosniff]
    status: {code: 200, message: OK}
- request:
    body: !!python/unicode '{"sku": {"name": "Basic"}, "etag": "W/\"16b2377a-b925-450b-a994-faf5227d4043\"",
      "location": "westus", "tags": {}, "properties": {"inboundNatRules": [], "frontendIPConfigurations":
      [{"etag": "W/\"16b2377a-b925-450b-a994-faf5227d4043\"", "properties": {"privateIPAllocationMethod":
      "Dynamic", "provisioningState": "Succeeded", "publicIPAddress": {"id": "/subscriptions/00000000-0000-0000-0000-000000000000/resourceGroups/cli_test_lb_probes000001/providers/Microsoft.Network/publicIPAddresses/PublicIPlb1"}},
      "name": "LoadBalancerFrontEnd", "id": "/subscriptions/00000000-0000-0000-0000-000000000000/resourceGroups/cli_test_lb_probes000001/providers/Microsoft.Network/loadBalancers/lb1/frontendIPConfigurations/LoadBalancerFrontEnd"}],
      "loadBalancingRules": [], "backendAddressPools": [{"id": "/subscriptions/00000000-0000-0000-0000-000000000000/resourceGroups/cli_test_lb_probes000001/providers/Microsoft.Network/loadBalancers/lb1/backendAddressPools/lb1bepool",
      "etag": "W/\"16b2377a-b925-450b-a994-faf5227d4043\"", "name": "lb1bepool", "properties":
      {"provisioningState": "Succeeded"}}], "inboundNatPools": [], "probes": [{"name":
      "probe1", "properties": {"protocol": "Http", "requestPath": "/test1", "port":
      1}}], "resourceGuid": "bb57fba4-d4a6-41dd-bd05-098808febf25", "provisioningState":
      "Succeeded"}, "id": "/subscriptions/00000000-0000-0000-0000-000000000000/resourceGroups/cli_test_lb_probes000001/providers/Microsoft.Network/loadBalancers/lb1"}'
    headers:
      Accept: [application/json]
      Accept-Encoding: ['gzip, deflate']
      CommandName: [network lb probe create]
      Connection: [keep-alive]
      Content-Length: ['1657']
      Content-Type: [application/json; charset=utf-8]
      User-Agent: [python/2.7.14 (Windows-10-10.0.17134) requests/2.19.1 msrest/0.5.4
          msrest_azure/0.4.34 networkmanagementclient/2.0.0rc3 Azure-SDK-For-Python
          AZURECLI/2.0.45]
      accept-language: [en-US]
    method: PUT
    uri: https://management.azure.com/subscriptions/00000000-0000-0000-0000-000000000000/resourceGroups/cli_test_lb_probes000001/providers/Microsoft.Network/loadBalancers/lb1?api-version=2017-10-01
  response:
    body: {string: !!python/unicode "{\r\n  \"name\": \"lb1\",\r\n  \"id\": \"/subscriptions/00000000-0000-0000-0000-000000000000/resourceGroups/cli_test_lb_probes000001/providers/Microsoft.Network/loadBalancers/lb1\",\r\n
        \ \"etag\": \"W/\\\"4fdb87d8-0022-4aa5-b964-a098a9b134c6\\\"\",\r\n  \"type\":
        \"Microsoft.Network/loadBalancers\",\r\n  \"location\": \"westus\",\r\n  \"tags\":
        {},\r\n  \"properties\": {\r\n    \"provisioningState\": \"Succeeded\",\r\n
        \   \"resourceGuid\": \"bb57fba4-d4a6-41dd-bd05-098808febf25\",\r\n    \"frontendIPConfigurations\":
        [\r\n      {\r\n        \"name\": \"LoadBalancerFrontEnd\",\r\n        \"id\":
        \"/subscriptions/00000000-0000-0000-0000-000000000000/resourceGroups/cli_test_lb_probes000001/providers/Microsoft.Network/loadBalancers/lb1/frontendIPConfigurations/LoadBalancerFrontEnd\",\r\n
        \       \"etag\": \"W/\\\"4fdb87d8-0022-4aa5-b964-a098a9b134c6\\\"\",\r\n
        \       \"type\": \"Microsoft.Network/loadBalancers/frontendIPConfigurations\",\r\n
        \       \"properties\": {\r\n          \"provisioningState\": \"Succeeded\",\r\n
        \         \"privateIPAllocationMethod\": \"Dynamic\",\r\n          \"publicIPAddress\":
        {\r\n            \"id\": \"/subscriptions/00000000-0000-0000-0000-000000000000/resourceGroups/cli_test_lb_probes000001/providers/Microsoft.Network/publicIPAddresses/PublicIPlb1\"\r\n
        \         }\r\n        }\r\n      }\r\n    ],\r\n    \"backendAddressPools\":
        [\r\n      {\r\n        \"name\": \"lb1bepool\",\r\n        \"id\": \"/subscriptions/00000000-0000-0000-0000-000000000000/resourceGroups/cli_test_lb_probes000001/providers/Microsoft.Network/loadBalancers/lb1/backendAddressPools/lb1bepool\",\r\n
        \       \"etag\": \"W/\\\"4fdb87d8-0022-4aa5-b964-a098a9b134c6\\\"\",\r\n
        \       \"properties\": {\r\n          \"provisioningState\": \"Succeeded\"\r\n
        \       },\r\n        \"type\": \"Microsoft.Network/loadBalancers/backendAddressPools\"\r\n
        \     }\r\n    ],\r\n    \"loadBalancingRules\": [],\r\n    \"probes\": [\r\n
        \     {\r\n        \"name\": \"probe1\",\r\n        \"id\": \"/subscriptions/00000000-0000-0000-0000-000000000000/resourceGroups/cli_test_lb_probes000001/providers/Microsoft.Network/loadBalancers/lb1/probes/probe1\",\r\n
        \       \"etag\": \"W/\\\"4fdb87d8-0022-4aa5-b964-a098a9b134c6\\\"\",\r\n
        \       \"properties\": {\r\n          \"provisioningState\": \"Succeeded\",\r\n
        \         \"protocol\": \"Http\",\r\n          \"port\": 1,\r\n          \"requestPath\":
        \"/test1\",\r\n          \"intervalInSeconds\": 15,\r\n          \"numberOfProbes\":
        2\r\n        },\r\n        \"type\": \"Microsoft.Network/loadBalancers/probes\"\r\n
        \     }\r\n    ],\r\n    \"inboundNatRules\": [],\r\n    \"inboundNatPools\":
        []\r\n  },\r\n  \"sku\": {\r\n    \"name\": \"Basic\",\r\n    \"tier\": \"Regional\"\r\n
        \ }\r\n}"}
    headers:
      azure-asyncoperation: ['https://management.azure.com/subscriptions/00000000-0000-0000-0000-000000000000/providers/Microsoft.Network/locations/westus/operations/9bd99284-ac1a-4efc-b11c-484ba1ce9d07?api-version=2017-10-01']
      cache-control: [no-cache]
      content-length: ['2722']
      content-type: [application/json; charset=utf-8]
      date: ['Tue, 21 Aug 2018 01:08:39 GMT']
      expires: ['-1']
      pragma: [no-cache]
      server: [Microsoft-HTTPAPI/2.0, Microsoft-HTTPAPI/2.0]
      strict-transport-security: [max-age=31536000; includeSubDomains]
      transfer-encoding: [chunked]
      vary: [Accept-Encoding]
      x-content-type-options: [nosniff]
      x-ms-ratelimit-remaining-subscription-writes: ['1199']
    status: {code: 200, message: OK}
- request:
    body: null
    headers:
      Accept: [application/json]
      Accept-Encoding: ['gzip, deflate']
      CommandName: [network lb probe create]
      Connection: [keep-alive]
      User-Agent: [python/2.7.14 (Windows-10-10.0.17134) requests/2.19.1 msrest/0.5.4
          msrest_azure/0.4.34 networkmanagementclient/2.0.0rc3 Azure-SDK-For-Python
          AZURECLI/2.0.45]
    method: GET
    uri: https://management.azure.com/subscriptions/00000000-0000-0000-0000-000000000000/providers/Microsoft.Network/locations/westus/operations/9bd99284-ac1a-4efc-b11c-484ba1ce9d07?api-version=2017-10-01
  response:
    body: {string: !!python/unicode "{\r\n  \"status\": \"Succeeded\"\r\n}"}
    headers:
      cache-control: [no-cache]
      content-length: ['29']
      content-type: [application/json; charset=utf-8]
      date: ['Tue, 21 Aug 2018 01:09:10 GMT']
      expires: ['-1']
      pragma: [no-cache]
      server: [Microsoft-HTTPAPI/2.0, Microsoft-HTTPAPI/2.0]
      strict-transport-security: [max-age=31536000; includeSubDomains]
      transfer-encoding: [chunked]
      vary: [Accept-Encoding]
      x-content-type-options: [nosniff]
    status: {code: 200, message: OK}
- request:
    body: null
    headers:
      Accept: [application/json]
      Accept-Encoding: ['gzip, deflate']
      CommandName: [network lb probe create]
      Connection: [keep-alive]
      User-Agent: [python/2.7.14 (Windows-10-10.0.17134) requests/2.19.1 msrest/0.5.4
          msrest_azure/0.4.34 networkmanagementclient/2.0.0rc3 Azure-SDK-For-Python
          AZURECLI/2.0.45]
    method: GET
    uri: https://management.azure.com/subscriptions/00000000-0000-0000-0000-000000000000/resourceGroups/cli_test_lb_probes000001/providers/Microsoft.Network/loadBalancers/lb1?api-version=2017-10-01
  response:
    body: {string: !!python/unicode "{\r\n  \"name\": \"lb1\",\r\n  \"id\": \"/subscriptions/00000000-0000-0000-0000-000000000000/resourceGroups/cli_test_lb_probes000001/providers/Microsoft.Network/loadBalancers/lb1\",\r\n
        \ \"etag\": \"W/\\\"4fdb87d8-0022-4aa5-b964-a098a9b134c6\\\"\",\r\n  \"type\":
        \"Microsoft.Network/loadBalancers\",\r\n  \"location\": \"westus\",\r\n  \"tags\":
        {},\r\n  \"properties\": {\r\n    \"provisioningState\": \"Succeeded\",\r\n
        \   \"resourceGuid\": \"bb57fba4-d4a6-41dd-bd05-098808febf25\",\r\n    \"frontendIPConfigurations\":
        [\r\n      {\r\n        \"name\": \"LoadBalancerFrontEnd\",\r\n        \"id\":
        \"/subscriptions/00000000-0000-0000-0000-000000000000/resourceGroups/cli_test_lb_probes000001/providers/Microsoft.Network/loadBalancers/lb1/frontendIPConfigurations/LoadBalancerFrontEnd\",\r\n
        \       \"etag\": \"W/\\\"4fdb87d8-0022-4aa5-b964-a098a9b134c6\\\"\",\r\n
        \       \"type\": \"Microsoft.Network/loadBalancers/frontendIPConfigurations\",\r\n
        \       \"properties\": {\r\n          \"provisioningState\": \"Succeeded\",\r\n
        \         \"privateIPAllocationMethod\": \"Dynamic\",\r\n          \"publicIPAddress\":
        {\r\n            \"id\": \"/subscriptions/00000000-0000-0000-0000-000000000000/resourceGroups/cli_test_lb_probes000001/providers/Microsoft.Network/publicIPAddresses/PublicIPlb1\"\r\n
        \         }\r\n        }\r\n      }\r\n    ],\r\n    \"backendAddressPools\":
        [\r\n      {\r\n        \"name\": \"lb1bepool\",\r\n        \"id\": \"/subscriptions/00000000-0000-0000-0000-000000000000/resourceGroups/cli_test_lb_probes000001/providers/Microsoft.Network/loadBalancers/lb1/backendAddressPools/lb1bepool\",\r\n
        \       \"etag\": \"W/\\\"4fdb87d8-0022-4aa5-b964-a098a9b134c6\\\"\",\r\n
        \       \"properties\": {\r\n          \"provisioningState\": \"Succeeded\"\r\n
        \       },\r\n        \"type\": \"Microsoft.Network/loadBalancers/backendAddressPools\"\r\n
        \     }\r\n    ],\r\n    \"loadBalancingRules\": [],\r\n    \"probes\": [\r\n
        \     {\r\n        \"name\": \"probe1\",\r\n        \"id\": \"/subscriptions/00000000-0000-0000-0000-000000000000/resourceGroups/cli_test_lb_probes000001/providers/Microsoft.Network/loadBalancers/lb1/probes/probe1\",\r\n
        \       \"etag\": \"W/\\\"4fdb87d8-0022-4aa5-b964-a098a9b134c6\\\"\",\r\n
        \       \"properties\": {\r\n          \"provisioningState\": \"Succeeded\",\r\n
        \         \"protocol\": \"Http\",\r\n          \"port\": 1,\r\n          \"requestPath\":
        \"/test1\",\r\n          \"intervalInSeconds\": 15,\r\n          \"numberOfProbes\":
        2\r\n        },\r\n        \"type\": \"Microsoft.Network/loadBalancers/probes\"\r\n
        \     }\r\n    ],\r\n    \"inboundNatRules\": [],\r\n    \"inboundNatPools\":
        []\r\n  },\r\n  \"sku\": {\r\n    \"name\": \"Basic\",\r\n    \"tier\": \"Regional\"\r\n
        \ }\r\n}"}
    headers:
      cache-control: [no-cache]
      content-length: ['2722']
      content-type: [application/json; charset=utf-8]
      date: ['Tue, 21 Aug 2018 01:09:10 GMT']
      etag: [W/"4fdb87d8-0022-4aa5-b964-a098a9b134c6"]
      expires: ['-1']
      pragma: [no-cache]
      server: [Microsoft-HTTPAPI/2.0, Microsoft-HTTPAPI/2.0]
      strict-transport-security: [max-age=31536000; includeSubDomains]
      transfer-encoding: [chunked]
      vary: [Accept-Encoding]
      x-content-type-options: [nosniff]
    status: {code: 200, message: OK}
- request:
    body: null
    headers:
      Accept: [application/json]
      Accept-Encoding: ['gzip, deflate']
      CommandName: [network lb probe create]
      Connection: [keep-alive]
      Content-Type: [application/json; charset=utf-8]
      User-Agent: [python/2.7.14 (Windows-10-10.0.17134) requests/2.19.1 msrest/0.5.4
          msrest_azure/0.4.34 networkmanagementclient/2.0.0rc3 Azure-SDK-For-Python
          AZURECLI/2.0.45]
      accept-language: [en-US]
    method: GET
    uri: https://management.azure.com/subscriptions/00000000-0000-0000-0000-000000000000/resourceGroups/cli_test_lb_probes000001/providers/Microsoft.Network/loadBalancers/lb1?api-version=2017-10-01
  response:
    body: {string: !!python/unicode "{\r\n  \"name\": \"lb1\",\r\n  \"id\": \"/subscriptions/00000000-0000-0000-0000-000000000000/resourceGroups/cli_test_lb_probes000001/providers/Microsoft.Network/loadBalancers/lb1\",\r\n
        \ \"etag\": \"W/\\\"4fdb87d8-0022-4aa5-b964-a098a9b134c6\\\"\",\r\n  \"type\":
        \"Microsoft.Network/loadBalancers\",\r\n  \"location\": \"westus\",\r\n  \"tags\":
        {},\r\n  \"properties\": {\r\n    \"provisioningState\": \"Succeeded\",\r\n
        \   \"resourceGuid\": \"bb57fba4-d4a6-41dd-bd05-098808febf25\",\r\n    \"frontendIPConfigurations\":
        [\r\n      {\r\n        \"name\": \"LoadBalancerFrontEnd\",\r\n        \"id\":
        \"/subscriptions/00000000-0000-0000-0000-000000000000/resourceGroups/cli_test_lb_probes000001/providers/Microsoft.Network/loadBalancers/lb1/frontendIPConfigurations/LoadBalancerFrontEnd\",\r\n
        \       \"etag\": \"W/\\\"4fdb87d8-0022-4aa5-b964-a098a9b134c6\\\"\",\r\n
        \       \"type\": \"Microsoft.Network/loadBalancers/frontendIPConfigurations\",\r\n
        \       \"properties\": {\r\n          \"provisioningState\": \"Succeeded\",\r\n
        \         \"privateIPAllocationMethod\": \"Dynamic\",\r\n          \"publicIPAddress\":
        {\r\n            \"id\": \"/subscriptions/00000000-0000-0000-0000-000000000000/resourceGroups/cli_test_lb_probes000001/providers/Microsoft.Network/publicIPAddresses/PublicIPlb1\"\r\n
        \         }\r\n        }\r\n      }\r\n    ],\r\n    \"backendAddressPools\":
        [\r\n      {\r\n        \"name\": \"lb1bepool\",\r\n        \"id\": \"/subscriptions/00000000-0000-0000-0000-000000000000/resourceGroups/cli_test_lb_probes000001/providers/Microsoft.Network/loadBalancers/lb1/backendAddressPools/lb1bepool\",\r\n
        \       \"etag\": \"W/\\\"4fdb87d8-0022-4aa5-b964-a098a9b134c6\\\"\",\r\n
        \       \"properties\": {\r\n          \"provisioningState\": \"Succeeded\"\r\n
        \       },\r\n        \"type\": \"Microsoft.Network/loadBalancers/backendAddressPools\"\r\n
        \     }\r\n    ],\r\n    \"loadBalancingRules\": [],\r\n    \"probes\": [\r\n
        \     {\r\n        \"name\": \"probe1\",\r\n        \"id\": \"/subscriptions/00000000-0000-0000-0000-000000000000/resourceGroups/cli_test_lb_probes000001/providers/Microsoft.Network/loadBalancers/lb1/probes/probe1\",\r\n
        \       \"etag\": \"W/\\\"4fdb87d8-0022-4aa5-b964-a098a9b134c6\\\"\",\r\n
        \       \"properties\": {\r\n          \"provisioningState\": \"Succeeded\",\r\n
        \         \"protocol\": \"Http\",\r\n          \"port\": 1,\r\n          \"requestPath\":
        \"/test1\",\r\n          \"intervalInSeconds\": 15,\r\n          \"numberOfProbes\":
        2\r\n        },\r\n        \"type\": \"Microsoft.Network/loadBalancers/probes\"\r\n
        \     }\r\n    ],\r\n    \"inboundNatRules\": [],\r\n    \"inboundNatPools\":
        []\r\n  },\r\n  \"sku\": {\r\n    \"name\": \"Basic\",\r\n    \"tier\": \"Regional\"\r\n
        \ }\r\n}"}
    headers:
      cache-control: [no-cache]
      content-length: ['2722']
      content-type: [application/json; charset=utf-8]
      date: ['Tue, 21 Aug 2018 01:09:11 GMT']
      etag: [W/"4fdb87d8-0022-4aa5-b964-a098a9b134c6"]
      expires: ['-1']
      pragma: [no-cache]
      server: [Microsoft-HTTPAPI/2.0, Microsoft-HTTPAPI/2.0]
      strict-transport-security: [max-age=31536000; includeSubDomains]
      transfer-encoding: [chunked]
      vary: [Accept-Encoding]
      x-content-type-options: [nosniff]
    status: {code: 200, message: OK}
- request:
    body: !!python/unicode '{"sku": {"name": "Basic"}, "etag": "W/\"4fdb87d8-0022-4aa5-b964-a098a9b134c6\"",
      "location": "westus", "tags": {}, "properties": {"inboundNatRules": [], "frontendIPConfigurations":
      [{"etag": "W/\"4fdb87d8-0022-4aa5-b964-a098a9b134c6\"", "properties": {"privateIPAllocationMethod":
      "Dynamic", "provisioningState": "Succeeded", "publicIPAddress": {"id": "/subscriptions/00000000-0000-0000-0000-000000000000/resourceGroups/cli_test_lb_probes000001/providers/Microsoft.Network/publicIPAddresses/PublicIPlb1"}},
      "name": "LoadBalancerFrontEnd", "id": "/subscriptions/00000000-0000-0000-0000-000000000000/resourceGroups/cli_test_lb_probes000001/providers/Microsoft.Network/loadBalancers/lb1/frontendIPConfigurations/LoadBalancerFrontEnd"}],
      "loadBalancingRules": [], "backendAddressPools": [{"id": "/subscriptions/00000000-0000-0000-0000-000000000000/resourceGroups/cli_test_lb_probes000001/providers/Microsoft.Network/loadBalancers/lb1/backendAddressPools/lb1bepool",
      "etag": "W/\"4fdb87d8-0022-4aa5-b964-a098a9b134c6\"", "name": "lb1bepool", "properties":
      {"provisioningState": "Succeeded"}}], "inboundNatPools": [], "probes": [{"id":
      "/subscriptions/00000000-0000-0000-0000-000000000000/resourceGroups/cli_test_lb_probes000001/providers/Microsoft.Network/loadBalancers/lb1/probes/probe1",
      "etag": "W/\"4fdb87d8-0022-4aa5-b964-a098a9b134c6\"", "properties": {"protocol":
      "Http", "requestPath": "/test1", "intervalInSeconds": 15, "numberOfProbes":
      2, "port": 1, "provisioningState": "Succeeded"}, "name": "probe1"}, {"name":
      "probe2", "properties": {"protocol": "Http", "requestPath": "/test2", "port":
      2}}], "resourceGuid": "bb57fba4-d4a6-41dd-bd05-098808febf25", "provisioningState":
      "Succeeded"}, "id": "/subscriptions/00000000-0000-0000-0000-000000000000/resourceGroups/cli_test_lb_probes000001/providers/Microsoft.Network/loadBalancers/lb1"}'
    headers:
      Accept: [application/json]
      Accept-Encoding: ['gzip, deflate']
      CommandName: [network lb probe create]
      Connection: [keep-alive]
      Content-Length: ['2095']
      Content-Type: [application/json; charset=utf-8]
      User-Agent: [python/2.7.14 (Windows-10-10.0.17134) requests/2.19.1 msrest/0.5.4
          msrest_azure/0.4.34 networkmanagementclient/2.0.0rc3 Azure-SDK-For-Python
          AZURECLI/2.0.45]
      accept-language: [en-US]
    method: PUT
    uri: https://management.azure.com/subscriptions/00000000-0000-0000-0000-000000000000/resourceGroups/cli_test_lb_probes000001/providers/Microsoft.Network/loadBalancers/lb1?api-version=2017-10-01
  response:
    body: {string: !!python/unicode "{\r\n  \"name\": \"lb1\",\r\n  \"id\": \"/subscriptions/00000000-0000-0000-0000-000000000000/resourceGroups/cli_test_lb_probes000001/providers/Microsoft.Network/loadBalancers/lb1\",\r\n
        \ \"etag\": \"W/\\\"536f5063-e6d7-4dba-b7c4-9e0ed58e8fe0\\\"\",\r\n  \"type\":
        \"Microsoft.Network/loadBalancers\",\r\n  \"location\": \"westus\",\r\n  \"tags\":
        {},\r\n  \"properties\": {\r\n    \"provisioningState\": \"Succeeded\",\r\n
        \   \"resourceGuid\": \"bb57fba4-d4a6-41dd-bd05-098808febf25\",\r\n    \"frontendIPConfigurations\":
        [\r\n      {\r\n        \"name\": \"LoadBalancerFrontEnd\",\r\n        \"id\":
        \"/subscriptions/00000000-0000-0000-0000-000000000000/resourceGroups/cli_test_lb_probes000001/providers/Microsoft.Network/loadBalancers/lb1/frontendIPConfigurations/LoadBalancerFrontEnd\",\r\n
        \       \"etag\": \"W/\\\"536f5063-e6d7-4dba-b7c4-9e0ed58e8fe0\\\"\",\r\n
        \       \"type\": \"Microsoft.Network/loadBalancers/frontendIPConfigurations\",\r\n
        \       \"properties\": {\r\n          \"provisioningState\": \"Succeeded\",\r\n
        \         \"privateIPAllocationMethod\": \"Dynamic\",\r\n          \"publicIPAddress\":
        {\r\n            \"id\": \"/subscriptions/00000000-0000-0000-0000-000000000000/resourceGroups/cli_test_lb_probes000001/providers/Microsoft.Network/publicIPAddresses/PublicIPlb1\"\r\n
        \         }\r\n        }\r\n      }\r\n    ],\r\n    \"backendAddressPools\":
        [\r\n      {\r\n        \"name\": \"lb1bepool\",\r\n        \"id\": \"/subscriptions/00000000-0000-0000-0000-000000000000/resourceGroups/cli_test_lb_probes000001/providers/Microsoft.Network/loadBalancers/lb1/backendAddressPools/lb1bepool\",\r\n
        \       \"etag\": \"W/\\\"536f5063-e6d7-4dba-b7c4-9e0ed58e8fe0\\\"\",\r\n
        \       \"properties\": {\r\n          \"provisioningState\": \"Succeeded\"\r\n
        \       },\r\n        \"type\": \"Microsoft.Network/loadBalancers/backendAddressPools\"\r\n
        \     }\r\n    ],\r\n    \"loadBalancingRules\": [],\r\n    \"probes\": [\r\n
        \     {\r\n        \"name\": \"probe1\",\r\n        \"id\": \"/subscriptions/00000000-0000-0000-0000-000000000000/resourceGroups/cli_test_lb_probes000001/providers/Microsoft.Network/loadBalancers/lb1/probes/probe1\",\r\n
        \       \"etag\": \"W/\\\"536f5063-e6d7-4dba-b7c4-9e0ed58e8fe0\\\"\",\r\n
        \       \"properties\": {\r\n          \"provisioningState\": \"Succeeded\",\r\n
        \         \"protocol\": \"Http\",\r\n          \"port\": 1,\r\n          \"requestPath\":
        \"/test1\",\r\n          \"intervalInSeconds\": 15,\r\n          \"numberOfProbes\":
        2\r\n        },\r\n        \"type\": \"Microsoft.Network/loadBalancers/probes\"\r\n
        \     },\r\n      {\r\n        \"name\": \"probe2\",\r\n        \"id\": \"/subscriptions/00000000-0000-0000-0000-000000000000/resourceGroups/cli_test_lb_probes000001/providers/Microsoft.Network/loadBalancers/lb1/probes/probe2\",\r\n
        \       \"etag\": \"W/\\\"536f5063-e6d7-4dba-b7c4-9e0ed58e8fe0\\\"\",\r\n
        \       \"properties\": {\r\n          \"provisioningState\": \"Succeeded\",\r\n
        \         \"protocol\": \"Http\",\r\n          \"port\": 2,\r\n          \"requestPath\":
        \"/test2\",\r\n          \"intervalInSeconds\": 15,\r\n          \"numberOfProbes\":
        2\r\n        },\r\n        \"type\": \"Microsoft.Network/loadBalancers/probes\"\r\n
        \     }\r\n    ],\r\n    \"inboundNatRules\": [],\r\n    \"inboundNatPools\":
        []\r\n  },\r\n  \"sku\": {\r\n    \"name\": \"Basic\",\r\n    \"tier\": \"Regional\"\r\n
        \ }\r\n}"}
    headers:
      azure-asyncoperation: ['https://management.azure.com/subscriptions/00000000-0000-0000-0000-000000000000/providers/Microsoft.Network/locations/westus/operations/7b0f143a-b1a6-42b8-b269-d94e16d909e2?api-version=2017-10-01']
      cache-control: [no-cache]
      content-length: ['3348']
      content-type: [application/json; charset=utf-8]
      date: ['Tue, 21 Aug 2018 01:09:12 GMT']
      expires: ['-1']
      pragma: [no-cache]
      server: [Microsoft-HTTPAPI/2.0, Microsoft-HTTPAPI/2.0]
      strict-transport-security: [max-age=31536000; includeSubDomains]
      transfer-encoding: [chunked]
      vary: [Accept-Encoding]
      x-content-type-options: [nosniff]
      x-ms-ratelimit-remaining-subscription-writes: ['1198']
    status: {code: 200, message: OK}
- request:
    body: null
    headers:
      Accept: [application/json]
      Accept-Encoding: ['gzip, deflate']
      CommandName: [network lb probe create]
      Connection: [keep-alive]
      User-Agent: [python/2.7.14 (Windows-10-10.0.17134) requests/2.19.1 msrest/0.5.4
          msrest_azure/0.4.34 networkmanagementclient/2.0.0rc3 Azure-SDK-For-Python
          AZURECLI/2.0.45]
    method: GET
    uri: https://management.azure.com/subscriptions/00000000-0000-0000-0000-000000000000/providers/Microsoft.Network/locations/westus/operations/7b0f143a-b1a6-42b8-b269-d94e16d909e2?api-version=2017-10-01
  response:
    body: {string: !!python/unicode "{\r\n  \"status\": \"Succeeded\"\r\n}"}
    headers:
      cache-control: [no-cache]
      content-length: ['29']
      content-type: [application/json; charset=utf-8]
      date: ['Tue, 21 Aug 2018 01:09:43 GMT']
      expires: ['-1']
      pragma: [no-cache]
      server: [Microsoft-HTTPAPI/2.0, Microsoft-HTTPAPI/2.0]
      strict-transport-security: [max-age=31536000; includeSubDomains]
      transfer-encoding: [chunked]
      vary: [Accept-Encoding]
      x-content-type-options: [nosniff]
    status: {code: 200, message: OK}
- request:
    body: null
    headers:
      Accept: [application/json]
      Accept-Encoding: ['gzip, deflate']
      CommandName: [network lb probe create]
      Connection: [keep-alive]
      User-Agent: [python/2.7.14 (Windows-10-10.0.17134) requests/2.19.1 msrest/0.5.4
          msrest_azure/0.4.34 networkmanagementclient/2.0.0rc3 Azure-SDK-For-Python
          AZURECLI/2.0.45]
    method: GET
    uri: https://management.azure.com/subscriptions/00000000-0000-0000-0000-000000000000/resourceGroups/cli_test_lb_probes000001/providers/Microsoft.Network/loadBalancers/lb1?api-version=2017-10-01
  response:
    body: {string: !!python/unicode "{\r\n  \"name\": \"lb1\",\r\n  \"id\": \"/subscriptions/00000000-0000-0000-0000-000000000000/resourceGroups/cli_test_lb_probes000001/providers/Microsoft.Network/loadBalancers/lb1\",\r\n
        \ \"etag\": \"W/\\\"536f5063-e6d7-4dba-b7c4-9e0ed58e8fe0\\\"\",\r\n  \"type\":
        \"Microsoft.Network/loadBalancers\",\r\n  \"location\": \"westus\",\r\n  \"tags\":
        {},\r\n  \"properties\": {\r\n    \"provisioningState\": \"Succeeded\",\r\n
        \   \"resourceGuid\": \"bb57fba4-d4a6-41dd-bd05-098808febf25\",\r\n    \"frontendIPConfigurations\":
        [\r\n      {\r\n        \"name\": \"LoadBalancerFrontEnd\",\r\n        \"id\":
        \"/subscriptions/00000000-0000-0000-0000-000000000000/resourceGroups/cli_test_lb_probes000001/providers/Microsoft.Network/loadBalancers/lb1/frontendIPConfigurations/LoadBalancerFrontEnd\",\r\n
        \       \"etag\": \"W/\\\"536f5063-e6d7-4dba-b7c4-9e0ed58e8fe0\\\"\",\r\n
        \       \"type\": \"Microsoft.Network/loadBalancers/frontendIPConfigurations\",\r\n
        \       \"properties\": {\r\n          \"provisioningState\": \"Succeeded\",\r\n
        \         \"privateIPAllocationMethod\": \"Dynamic\",\r\n          \"publicIPAddress\":
        {\r\n            \"id\": \"/subscriptions/00000000-0000-0000-0000-000000000000/resourceGroups/cli_test_lb_probes000001/providers/Microsoft.Network/publicIPAddresses/PublicIPlb1\"\r\n
        \         }\r\n        }\r\n      }\r\n    ],\r\n    \"backendAddressPools\":
        [\r\n      {\r\n        \"name\": \"lb1bepool\",\r\n        \"id\": \"/subscriptions/00000000-0000-0000-0000-000000000000/resourceGroups/cli_test_lb_probes000001/providers/Microsoft.Network/loadBalancers/lb1/backendAddressPools/lb1bepool\",\r\n
        \       \"etag\": \"W/\\\"536f5063-e6d7-4dba-b7c4-9e0ed58e8fe0\\\"\",\r\n
        \       \"properties\": {\r\n          \"provisioningState\": \"Succeeded\"\r\n
        \       },\r\n        \"type\": \"Microsoft.Network/loadBalancers/backendAddressPools\"\r\n
        \     }\r\n    ],\r\n    \"loadBalancingRules\": [],\r\n    \"probes\": [\r\n
        \     {\r\n        \"name\": \"probe1\",\r\n        \"id\": \"/subscriptions/00000000-0000-0000-0000-000000000000/resourceGroups/cli_test_lb_probes000001/providers/Microsoft.Network/loadBalancers/lb1/probes/probe1\",\r\n
        \       \"etag\": \"W/\\\"536f5063-e6d7-4dba-b7c4-9e0ed58e8fe0\\\"\",\r\n
        \       \"properties\": {\r\n          \"provisioningState\": \"Succeeded\",\r\n
        \         \"protocol\": \"Http\",\r\n          \"port\": 1,\r\n          \"requestPath\":
        \"/test1\",\r\n          \"intervalInSeconds\": 15,\r\n          \"numberOfProbes\":
        2\r\n        },\r\n        \"type\": \"Microsoft.Network/loadBalancers/probes\"\r\n
        \     },\r\n      {\r\n        \"name\": \"probe2\",\r\n        \"id\": \"/subscriptions/00000000-0000-0000-0000-000000000000/resourceGroups/cli_test_lb_probes000001/providers/Microsoft.Network/loadBalancers/lb1/probes/probe2\",\r\n
        \       \"etag\": \"W/\\\"536f5063-e6d7-4dba-b7c4-9e0ed58e8fe0\\\"\",\r\n
        \       \"properties\": {\r\n          \"provisioningState\": \"Succeeded\",\r\n
        \         \"protocol\": \"Http\",\r\n          \"port\": 2,\r\n          \"requestPath\":
        \"/test2\",\r\n          \"intervalInSeconds\": 15,\r\n          \"numberOfProbes\":
        2\r\n        },\r\n        \"type\": \"Microsoft.Network/loadBalancers/probes\"\r\n
        \     }\r\n    ],\r\n    \"inboundNatRules\": [],\r\n    \"inboundNatPools\":
        []\r\n  },\r\n  \"sku\": {\r\n    \"name\": \"Basic\",\r\n    \"tier\": \"Regional\"\r\n
        \ }\r\n}"}
    headers:
      cache-control: [no-cache]
      content-length: ['3348']
      content-type: [application/json; charset=utf-8]
      date: ['Tue, 21 Aug 2018 01:09:44 GMT']
      etag: [W/"536f5063-e6d7-4dba-b7c4-9e0ed58e8fe0"]
      expires: ['-1']
      pragma: [no-cache]
      server: [Microsoft-HTTPAPI/2.0, Microsoft-HTTPAPI/2.0]
      strict-transport-security: [max-age=31536000; includeSubDomains]
      transfer-encoding: [chunked]
      vary: [Accept-Encoding]
      x-content-type-options: [nosniff]
    status: {code: 200, message: OK}
- request:
    body: null
    headers:
      Accept: [application/json]
      Accept-Encoding: ['gzip, deflate']
      CommandName: [network lb probe create]
      Connection: [keep-alive]
      Content-Type: [application/json; charset=utf-8]
      User-Agent: [python/2.7.14 (Windows-10-10.0.17134) requests/2.19.1 msrest/0.5.4
          msrest_azure/0.4.34 networkmanagementclient/2.0.0rc3 Azure-SDK-For-Python
          AZURECLI/2.0.45]
      accept-language: [en-US]
    method: GET
    uri: https://management.azure.com/subscriptions/00000000-0000-0000-0000-000000000000/resourceGroups/cli_test_lb_probes000001/providers/Microsoft.Network/loadBalancers/lb1?api-version=2017-10-01
  response:
    body: {string: !!python/unicode "{\r\n  \"name\": \"lb1\",\r\n  \"id\": \"/subscriptions/00000000-0000-0000-0000-000000000000/resourceGroups/cli_test_lb_probes000001/providers/Microsoft.Network/loadBalancers/lb1\",\r\n
        \ \"etag\": \"W/\\\"536f5063-e6d7-4dba-b7c4-9e0ed58e8fe0\\\"\",\r\n  \"type\":
        \"Microsoft.Network/loadBalancers\",\r\n  \"location\": \"westus\",\r\n  \"tags\":
        {},\r\n  \"properties\": {\r\n    \"provisioningState\": \"Succeeded\",\r\n
        \   \"resourceGuid\": \"bb57fba4-d4a6-41dd-bd05-098808febf25\",\r\n    \"frontendIPConfigurations\":
        [\r\n      {\r\n        \"name\": \"LoadBalancerFrontEnd\",\r\n        \"id\":
        \"/subscriptions/00000000-0000-0000-0000-000000000000/resourceGroups/cli_test_lb_probes000001/providers/Microsoft.Network/loadBalancers/lb1/frontendIPConfigurations/LoadBalancerFrontEnd\",\r\n
        \       \"etag\": \"W/\\\"536f5063-e6d7-4dba-b7c4-9e0ed58e8fe0\\\"\",\r\n
        \       \"type\": \"Microsoft.Network/loadBalancers/frontendIPConfigurations\",\r\n
        \       \"properties\": {\r\n          \"provisioningState\": \"Succeeded\",\r\n
        \         \"privateIPAllocationMethod\": \"Dynamic\",\r\n          \"publicIPAddress\":
        {\r\n            \"id\": \"/subscriptions/00000000-0000-0000-0000-000000000000/resourceGroups/cli_test_lb_probes000001/providers/Microsoft.Network/publicIPAddresses/PublicIPlb1\"\r\n
        \         }\r\n        }\r\n      }\r\n    ],\r\n    \"backendAddressPools\":
        [\r\n      {\r\n        \"name\": \"lb1bepool\",\r\n        \"id\": \"/subscriptions/00000000-0000-0000-0000-000000000000/resourceGroups/cli_test_lb_probes000001/providers/Microsoft.Network/loadBalancers/lb1/backendAddressPools/lb1bepool\",\r\n
        \       \"etag\": \"W/\\\"536f5063-e6d7-4dba-b7c4-9e0ed58e8fe0\\\"\",\r\n
        \       \"properties\": {\r\n          \"provisioningState\": \"Succeeded\"\r\n
        \       },\r\n        \"type\": \"Microsoft.Network/loadBalancers/backendAddressPools\"\r\n
        \     }\r\n    ],\r\n    \"loadBalancingRules\": [],\r\n    \"probes\": [\r\n
        \     {\r\n        \"name\": \"probe1\",\r\n        \"id\": \"/subscriptions/00000000-0000-0000-0000-000000000000/resourceGroups/cli_test_lb_probes000001/providers/Microsoft.Network/loadBalancers/lb1/probes/probe1\",\r\n
        \       \"etag\": \"W/\\\"536f5063-e6d7-4dba-b7c4-9e0ed58e8fe0\\\"\",\r\n
        \       \"properties\": {\r\n          \"provisioningState\": \"Succeeded\",\r\n
        \         \"protocol\": \"Http\",\r\n          \"port\": 1,\r\n          \"requestPath\":
        \"/test1\",\r\n          \"intervalInSeconds\": 15,\r\n          \"numberOfProbes\":
        2\r\n        },\r\n        \"type\": \"Microsoft.Network/loadBalancers/probes\"\r\n
        \     },\r\n      {\r\n        \"name\": \"probe2\",\r\n        \"id\": \"/subscriptions/00000000-0000-0000-0000-000000000000/resourceGroups/cli_test_lb_probes000001/providers/Microsoft.Network/loadBalancers/lb1/probes/probe2\",\r\n
        \       \"etag\": \"W/\\\"536f5063-e6d7-4dba-b7c4-9e0ed58e8fe0\\\"\",\r\n
        \       \"properties\": {\r\n          \"provisioningState\": \"Succeeded\",\r\n
        \         \"protocol\": \"Http\",\r\n          \"port\": 2,\r\n          \"requestPath\":
        \"/test2\",\r\n          \"intervalInSeconds\": 15,\r\n          \"numberOfProbes\":
        2\r\n        },\r\n        \"type\": \"Microsoft.Network/loadBalancers/probes\"\r\n
        \     }\r\n    ],\r\n    \"inboundNatRules\": [],\r\n    \"inboundNatPools\":
        []\r\n  },\r\n  \"sku\": {\r\n    \"name\": \"Basic\",\r\n    \"tier\": \"Regional\"\r\n
        \ }\r\n}"}
    headers:
      cache-control: [no-cache]
      content-length: ['3348']
      content-type: [application/json; charset=utf-8]
      date: ['Tue, 21 Aug 2018 01:09:45 GMT']
      etag: [W/"536f5063-e6d7-4dba-b7c4-9e0ed58e8fe0"]
      expires: ['-1']
      pragma: [no-cache]
      server: [Microsoft-HTTPAPI/2.0, Microsoft-HTTPAPI/2.0]
      strict-transport-security: [max-age=31536000; includeSubDomains]
      transfer-encoding: [chunked]
      vary: [Accept-Encoding]
      x-content-type-options: [nosniff]
    status: {code: 200, message: OK}
- request:
    body: !!python/unicode '{"sku": {"name": "Basic"}, "etag": "W/\"536f5063-e6d7-4dba-b7c4-9e0ed58e8fe0\"",
      "location": "westus", "tags": {}, "properties": {"inboundNatRules": [], "frontendIPConfigurations":
      [{"etag": "W/\"536f5063-e6d7-4dba-b7c4-9e0ed58e8fe0\"", "properties": {"privateIPAllocationMethod":
      "Dynamic", "provisioningState": "Succeeded", "publicIPAddress": {"id": "/subscriptions/00000000-0000-0000-0000-000000000000/resourceGroups/cli_test_lb_probes000001/providers/Microsoft.Network/publicIPAddresses/PublicIPlb1"}},
      "name": "LoadBalancerFrontEnd", "id": "/subscriptions/00000000-0000-0000-0000-000000000000/resourceGroups/cli_test_lb_probes000001/providers/Microsoft.Network/loadBalancers/lb1/frontendIPConfigurations/LoadBalancerFrontEnd"}],
      "loadBalancingRules": [], "backendAddressPools": [{"id": "/subscriptions/00000000-0000-0000-0000-000000000000/resourceGroups/cli_test_lb_probes000001/providers/Microsoft.Network/loadBalancers/lb1/backendAddressPools/lb1bepool",
      "etag": "W/\"536f5063-e6d7-4dba-b7c4-9e0ed58e8fe0\"", "name": "lb1bepool", "properties":
      {"provisioningState": "Succeeded"}}], "inboundNatPools": [], "probes": [{"id":
      "/subscriptions/00000000-0000-0000-0000-000000000000/resourceGroups/cli_test_lb_probes000001/providers/Microsoft.Network/loadBalancers/lb1/probes/probe1",
      "etag": "W/\"536f5063-e6d7-4dba-b7c4-9e0ed58e8fe0\"", "properties": {"protocol":
      "Http", "requestPath": "/test1", "intervalInSeconds": 15, "numberOfProbes":
      2, "port": 1, "provisioningState": "Succeeded"}, "name": "probe1"}, {"id": "/subscriptions/00000000-0000-0000-0000-000000000000/resourceGroups/cli_test_lb_probes000001/providers/Microsoft.Network/loadBalancers/lb1/probes/probe2",
      "etag": "W/\"536f5063-e6d7-4dba-b7c4-9e0ed58e8fe0\"", "properties": {"protocol":
      "Http", "requestPath": "/test2", "intervalInSeconds": 15, "numberOfProbes":
      2, "port": 2, "provisioningState": "Succeeded"}, "name": "probe2"}, {"name":
      "probe3", "properties": {"protocol": "Http", "requestPath": "/test3", "port":
      3}}], "resourceGuid": "bb57fba4-d4a6-41dd-bd05-098808febf25", "provisioningState":
      "Succeeded"}, "id": "/subscriptions/00000000-0000-0000-0000-000000000000/resourceGroups/cli_test_lb_probes000001/providers/Microsoft.Network/loadBalancers/lb1"}'
    headers:
      Accept: [application/json]
      Accept-Encoding: ['gzip, deflate']
      CommandName: [network lb probe create]
      Connection: [keep-alive]
      Content-Length: ['2533']
      Content-Type: [application/json; charset=utf-8]
      User-Agent: [python/2.7.14 (Windows-10-10.0.17134) requests/2.19.1 msrest/0.5.4
          msrest_azure/0.4.34 networkmanagementclient/2.0.0rc3 Azure-SDK-For-Python
          AZURECLI/2.0.45]
      accept-language: [en-US]
    method: PUT
    uri: https://management.azure.com/subscriptions/00000000-0000-0000-0000-000000000000/resourceGroups/cli_test_lb_probes000001/providers/Microsoft.Network/loadBalancers/lb1?api-version=2017-10-01
  response:
    body: {string: !!python/unicode "{\r\n  \"name\": \"lb1\",\r\n  \"id\": \"/subscriptions/00000000-0000-0000-0000-000000000000/resourceGroups/cli_test_lb_probes000001/providers/Microsoft.Network/loadBalancers/lb1\",\r\n
        \ \"etag\": \"W/\\\"2d9a3fea-a0df-4f33-9b1d-5f615c2ca5b5\\\"\",\r\n  \"type\":
        \"Microsoft.Network/loadBalancers\",\r\n  \"location\": \"westus\",\r\n  \"tags\":
        {},\r\n  \"properties\": {\r\n    \"provisioningState\": \"Succeeded\",\r\n
        \   \"resourceGuid\": \"bb57fba4-d4a6-41dd-bd05-098808febf25\",\r\n    \"frontendIPConfigurations\":
        [\r\n      {\r\n        \"name\": \"LoadBalancerFrontEnd\",\r\n        \"id\":
        \"/subscriptions/00000000-0000-0000-0000-000000000000/resourceGroups/cli_test_lb_probes000001/providers/Microsoft.Network/loadBalancers/lb1/frontendIPConfigurations/LoadBalancerFrontEnd\",\r\n
        \       \"etag\": \"W/\\\"2d9a3fea-a0df-4f33-9b1d-5f615c2ca5b5\\\"\",\r\n
        \       \"type\": \"Microsoft.Network/loadBalancers/frontendIPConfigurations\",\r\n
        \       \"properties\": {\r\n          \"provisioningState\": \"Succeeded\",\r\n
        \         \"privateIPAllocationMethod\": \"Dynamic\",\r\n          \"publicIPAddress\":
        {\r\n            \"id\": \"/subscriptions/00000000-0000-0000-0000-000000000000/resourceGroups/cli_test_lb_probes000001/providers/Microsoft.Network/publicIPAddresses/PublicIPlb1\"\r\n
        \         }\r\n        }\r\n      }\r\n    ],\r\n    \"backendAddressPools\":
        [\r\n      {\r\n        \"name\": \"lb1bepool\",\r\n        \"id\": \"/subscriptions/00000000-0000-0000-0000-000000000000/resourceGroups/cli_test_lb_probes000001/providers/Microsoft.Network/loadBalancers/lb1/backendAddressPools/lb1bepool\",\r\n
        \       \"etag\": \"W/\\\"2d9a3fea-a0df-4f33-9b1d-5f615c2ca5b5\\\"\",\r\n
        \       \"properties\": {\r\n          \"provisioningState\": \"Succeeded\"\r\n
        \       },\r\n        \"type\": \"Microsoft.Network/loadBalancers/backendAddressPools\"\r\n
        \     }\r\n    ],\r\n    \"loadBalancingRules\": [],\r\n    \"probes\": [\r\n
        \     {\r\n        \"name\": \"probe1\",\r\n        \"id\": \"/subscriptions/00000000-0000-0000-0000-000000000000/resourceGroups/cli_test_lb_probes000001/providers/Microsoft.Network/loadBalancers/lb1/probes/probe1\",\r\n
        \       \"etag\": \"W/\\\"2d9a3fea-a0df-4f33-9b1d-5f615c2ca5b5\\\"\",\r\n
        \       \"properties\": {\r\n          \"provisioningState\": \"Succeeded\",\r\n
        \         \"protocol\": \"Http\",\r\n          \"port\": 1,\r\n          \"requestPath\":
        \"/test1\",\r\n          \"intervalInSeconds\": 15,\r\n          \"numberOfProbes\":
        2\r\n        },\r\n        \"type\": \"Microsoft.Network/loadBalancers/probes\"\r\n
        \     },\r\n      {\r\n        \"name\": \"probe2\",\r\n        \"id\": \"/subscriptions/00000000-0000-0000-0000-000000000000/resourceGroups/cli_test_lb_probes000001/providers/Microsoft.Network/loadBalancers/lb1/probes/probe2\",\r\n
        \       \"etag\": \"W/\\\"2d9a3fea-a0df-4f33-9b1d-5f615c2ca5b5\\\"\",\r\n
        \       \"properties\": {\r\n          \"provisioningState\": \"Succeeded\",\r\n
        \         \"protocol\": \"Http\",\r\n          \"port\": 2,\r\n          \"requestPath\":
        \"/test2\",\r\n          \"intervalInSeconds\": 15,\r\n          \"numberOfProbes\":
        2\r\n        },\r\n        \"type\": \"Microsoft.Network/loadBalancers/probes\"\r\n
        \     },\r\n      {\r\n        \"name\": \"probe3\",\r\n        \"id\": \"/subscriptions/00000000-0000-0000-0000-000000000000/resourceGroups/cli_test_lb_probes000001/providers/Microsoft.Network/loadBalancers/lb1/probes/probe3\",\r\n
        \       \"etag\": \"W/\\\"2d9a3fea-a0df-4f33-9b1d-5f615c2ca5b5\\\"\",\r\n
        \       \"properties\": {\r\n          \"provisioningState\": \"Succeeded\",\r\n
        \         \"protocol\": \"Http\",\r\n          \"port\": 3,\r\n          \"requestPath\":
        \"/test3\",\r\n          \"intervalInSeconds\": 15,\r\n          \"numberOfProbes\":
        2\r\n        },\r\n        \"type\": \"Microsoft.Network/loadBalancers/probes\"\r\n
        \     }\r\n    ],\r\n    \"inboundNatRules\": [],\r\n    \"inboundNatPools\":
        []\r\n  },\r\n  \"sku\": {\r\n    \"name\": \"Basic\",\r\n    \"tier\": \"Regional\"\r\n
        \ }\r\n}"}
    headers:
      azure-asyncoperation: ['https://management.azure.com/subscriptions/00000000-0000-0000-0000-000000000000/providers/Microsoft.Network/locations/westus/operations/90b86b8a-8d81-4806-95b1-aefaad5e9ff0?api-version=2017-10-01']
      cache-control: [no-cache]
      content-length: ['3974']
      content-type: [application/json; charset=utf-8]
      date: ['Tue, 21 Aug 2018 01:09:46 GMT']
      expires: ['-1']
      pragma: [no-cache]
      server: [Microsoft-HTTPAPI/2.0, Microsoft-HTTPAPI/2.0]
      strict-transport-security: [max-age=31536000; includeSubDomains]
      transfer-encoding: [chunked]
      vary: [Accept-Encoding]
      x-content-type-options: [nosniff]
      x-ms-ratelimit-remaining-subscription-writes: ['1199']
    status: {code: 200, message: OK}
- request:
    body: null
    headers:
      Accept: [application/json]
      Accept-Encoding: ['gzip, deflate']
      CommandName: [network lb probe create]
      Connection: [keep-alive]
      User-Agent: [python/2.7.14 (Windows-10-10.0.17134) requests/2.19.1 msrest/0.5.4
          msrest_azure/0.4.34 networkmanagementclient/2.0.0rc3 Azure-SDK-For-Python
          AZURECLI/2.0.45]
    method: GET
    uri: https://management.azure.com/subscriptions/00000000-0000-0000-0000-000000000000/providers/Microsoft.Network/locations/westus/operations/90b86b8a-8d81-4806-95b1-aefaad5e9ff0?api-version=2017-10-01
  response:
    body: {string: !!python/unicode "{\r\n  \"status\": \"Succeeded\"\r\n}"}
    headers:
      cache-control: [no-cache]
      content-length: ['29']
      content-type: [application/json; charset=utf-8]
      date: ['Tue, 21 Aug 2018 01:10:16 GMT']
      expires: ['-1']
      pragma: [no-cache]
      server: [Microsoft-HTTPAPI/2.0, Microsoft-HTTPAPI/2.0]
      strict-transport-security: [max-age=31536000; includeSubDomains]
      transfer-encoding: [chunked]
      vary: [Accept-Encoding]
      x-content-type-options: [nosniff]
    status: {code: 200, message: OK}
- request:
    body: null
    headers:
      Accept: [application/json]
      Accept-Encoding: ['gzip, deflate']
      CommandName: [network lb probe create]
      Connection: [keep-alive]
      User-Agent: [python/2.7.14 (Windows-10-10.0.17134) requests/2.19.1 msrest/0.5.4
          msrest_azure/0.4.34 networkmanagementclient/2.0.0rc3 Azure-SDK-For-Python
          AZURECLI/2.0.45]
    method: GET
    uri: https://management.azure.com/subscriptions/00000000-0000-0000-0000-000000000000/resourceGroups/cli_test_lb_probes000001/providers/Microsoft.Network/loadBalancers/lb1?api-version=2017-10-01
  response:
    body: {string: !!python/unicode "{\r\n  \"name\": \"lb1\",\r\n  \"id\": \"/subscriptions/00000000-0000-0000-0000-000000000000/resourceGroups/cli_test_lb_probes000001/providers/Microsoft.Network/loadBalancers/lb1\",\r\n
        \ \"etag\": \"W/\\\"2d9a3fea-a0df-4f33-9b1d-5f615c2ca5b5\\\"\",\r\n  \"type\":
        \"Microsoft.Network/loadBalancers\",\r\n  \"location\": \"westus\",\r\n  \"tags\":
        {},\r\n  \"properties\": {\r\n    \"provisioningState\": \"Succeeded\",\r\n
        \   \"resourceGuid\": \"bb57fba4-d4a6-41dd-bd05-098808febf25\",\r\n    \"frontendIPConfigurations\":
        [\r\n      {\r\n        \"name\": \"LoadBalancerFrontEnd\",\r\n        \"id\":
        \"/subscriptions/00000000-0000-0000-0000-000000000000/resourceGroups/cli_test_lb_probes000001/providers/Microsoft.Network/loadBalancers/lb1/frontendIPConfigurations/LoadBalancerFrontEnd\",\r\n
        \       \"etag\": \"W/\\\"2d9a3fea-a0df-4f33-9b1d-5f615c2ca5b5\\\"\",\r\n
        \       \"type\": \"Microsoft.Network/loadBalancers/frontendIPConfigurations\",\r\n
        \       \"properties\": {\r\n          \"provisioningState\": \"Succeeded\",\r\n
        \         \"privateIPAllocationMethod\": \"Dynamic\",\r\n          \"publicIPAddress\":
        {\r\n            \"id\": \"/subscriptions/00000000-0000-0000-0000-000000000000/resourceGroups/cli_test_lb_probes000001/providers/Microsoft.Network/publicIPAddresses/PublicIPlb1\"\r\n
        \         }\r\n        }\r\n      }\r\n    ],\r\n    \"backendAddressPools\":
        [\r\n      {\r\n        \"name\": \"lb1bepool\",\r\n        \"id\": \"/subscriptions/00000000-0000-0000-0000-000000000000/resourceGroups/cli_test_lb_probes000001/providers/Microsoft.Network/loadBalancers/lb1/backendAddressPools/lb1bepool\",\r\n
        \       \"etag\": \"W/\\\"2d9a3fea-a0df-4f33-9b1d-5f615c2ca5b5\\\"\",\r\n
        \       \"properties\": {\r\n          \"provisioningState\": \"Succeeded\"\r\n
        \       },\r\n        \"type\": \"Microsoft.Network/loadBalancers/backendAddressPools\"\r\n
        \     }\r\n    ],\r\n    \"loadBalancingRules\": [],\r\n    \"probes\": [\r\n
        \     {\r\n        \"name\": \"probe1\",\r\n        \"id\": \"/subscriptions/00000000-0000-0000-0000-000000000000/resourceGroups/cli_test_lb_probes000001/providers/Microsoft.Network/loadBalancers/lb1/probes/probe1\",\r\n
        \       \"etag\": \"W/\\\"2d9a3fea-a0df-4f33-9b1d-5f615c2ca5b5\\\"\",\r\n
        \       \"properties\": {\r\n          \"provisioningState\": \"Succeeded\",\r\n
        \         \"protocol\": \"Http\",\r\n          \"port\": 1,\r\n          \"requestPath\":
        \"/test1\",\r\n          \"intervalInSeconds\": 15,\r\n          \"numberOfProbes\":
        2\r\n        },\r\n        \"type\": \"Microsoft.Network/loadBalancers/probes\"\r\n
        \     },\r\n      {\r\n        \"name\": \"probe2\",\r\n        \"id\": \"/subscriptions/00000000-0000-0000-0000-000000000000/resourceGroups/cli_test_lb_probes000001/providers/Microsoft.Network/loadBalancers/lb1/probes/probe2\",\r\n
        \       \"etag\": \"W/\\\"2d9a3fea-a0df-4f33-9b1d-5f615c2ca5b5\\\"\",\r\n
        \       \"properties\": {\r\n          \"provisioningState\": \"Succeeded\",\r\n
        \         \"protocol\": \"Http\",\r\n          \"port\": 2,\r\n          \"requestPath\":
        \"/test2\",\r\n          \"intervalInSeconds\": 15,\r\n          \"numberOfProbes\":
        2\r\n        },\r\n        \"type\": \"Microsoft.Network/loadBalancers/probes\"\r\n
        \     },\r\n      {\r\n        \"name\": \"probe3\",\r\n        \"id\": \"/subscriptions/00000000-0000-0000-0000-000000000000/resourceGroups/cli_test_lb_probes000001/providers/Microsoft.Network/loadBalancers/lb1/probes/probe3\",\r\n
        \       \"etag\": \"W/\\\"2d9a3fea-a0df-4f33-9b1d-5f615c2ca5b5\\\"\",\r\n
        \       \"properties\": {\r\n          \"provisioningState\": \"Succeeded\",\r\n
        \         \"protocol\": \"Http\",\r\n          \"port\": 3,\r\n          \"requestPath\":
        \"/test3\",\r\n          \"intervalInSeconds\": 15,\r\n          \"numberOfProbes\":
        2\r\n        },\r\n        \"type\": \"Microsoft.Network/loadBalancers/probes\"\r\n
        \     }\r\n    ],\r\n    \"inboundNatRules\": [],\r\n    \"inboundNatPools\":
        []\r\n  },\r\n  \"sku\": {\r\n    \"name\": \"Basic\",\r\n    \"tier\": \"Regional\"\r\n
        \ }\r\n}"}
    headers:
      cache-control: [no-cache]
      content-length: ['3974']
      content-type: [application/json; charset=utf-8]
      date: ['Tue, 21 Aug 2018 01:10:17 GMT']
      etag: [W/"2d9a3fea-a0df-4f33-9b1d-5f615c2ca5b5"]
      expires: ['-1']
      pragma: [no-cache]
      server: [Microsoft-HTTPAPI/2.0, Microsoft-HTTPAPI/2.0]
      strict-transport-security: [max-age=31536000; includeSubDomains]
      transfer-encoding: [chunked]
      vary: [Accept-Encoding]
      x-content-type-options: [nosniff]
    status: {code: 200, message: OK}
- request:
    body: null
    headers:
      Accept: [application/json]
      Accept-Encoding: ['gzip, deflate']
      CommandName: [network lb probe list]
      Connection: [keep-alive]
      Content-Type: [application/json; charset=utf-8]
      User-Agent: [python/2.7.14 (Windows-10-10.0.17134) requests/2.19.1 msrest/0.5.4
          msrest_azure/0.4.34 networkmanagementclient/2.0.0rc3 Azure-SDK-For-Python
          AZURECLI/2.0.45]
      accept-language: [en-US]
    method: GET
    uri: https://management.azure.com/subscriptions/00000000-0000-0000-0000-000000000000/resourceGroups/cli_test_lb_probes000001/providers/Microsoft.Network/loadBalancers/lb1?api-version=2017-10-01
  response:
    body: {string: !!python/unicode "{\r\n  \"name\": \"lb1\",\r\n  \"id\": \"/subscriptions/00000000-0000-0000-0000-000000000000/resourceGroups/cli_test_lb_probes000001/providers/Microsoft.Network/loadBalancers/lb1\",\r\n
        \ \"etag\": \"W/\\\"2d9a3fea-a0df-4f33-9b1d-5f615c2ca5b5\\\"\",\r\n  \"type\":
        \"Microsoft.Network/loadBalancers\",\r\n  \"location\": \"westus\",\r\n  \"tags\":
        {},\r\n  \"properties\": {\r\n    \"provisioningState\": \"Succeeded\",\r\n
        \   \"resourceGuid\": \"bb57fba4-d4a6-41dd-bd05-098808febf25\",\r\n    \"frontendIPConfigurations\":
        [\r\n      {\r\n        \"name\": \"LoadBalancerFrontEnd\",\r\n        \"id\":
        \"/subscriptions/00000000-0000-0000-0000-000000000000/resourceGroups/cli_test_lb_probes000001/providers/Microsoft.Network/loadBalancers/lb1/frontendIPConfigurations/LoadBalancerFrontEnd\",\r\n
        \       \"etag\": \"W/\\\"2d9a3fea-a0df-4f33-9b1d-5f615c2ca5b5\\\"\",\r\n
        \       \"type\": \"Microsoft.Network/loadBalancers/frontendIPConfigurations\",\r\n
        \       \"properties\": {\r\n          \"provisioningState\": \"Succeeded\",\r\n
        \         \"privateIPAllocationMethod\": \"Dynamic\",\r\n          \"publicIPAddress\":
        {\r\n            \"id\": \"/subscriptions/00000000-0000-0000-0000-000000000000/resourceGroups/cli_test_lb_probes000001/providers/Microsoft.Network/publicIPAddresses/PublicIPlb1\"\r\n
        \         }\r\n        }\r\n      }\r\n    ],\r\n    \"backendAddressPools\":
        [\r\n      {\r\n        \"name\": \"lb1bepool\",\r\n        \"id\": \"/subscriptions/00000000-0000-0000-0000-000000000000/resourceGroups/cli_test_lb_probes000001/providers/Microsoft.Network/loadBalancers/lb1/backendAddressPools/lb1bepool\",\r\n
        \       \"etag\": \"W/\\\"2d9a3fea-a0df-4f33-9b1d-5f615c2ca5b5\\\"\",\r\n
        \       \"properties\": {\r\n          \"provisioningState\": \"Succeeded\"\r\n
        \       },\r\n        \"type\": \"Microsoft.Network/loadBalancers/backendAddressPools\"\r\n
        \     }\r\n    ],\r\n    \"loadBalancingRules\": [],\r\n    \"probes\": [\r\n
        \     {\r\n        \"name\": \"probe1\",\r\n        \"id\": \"/subscriptions/00000000-0000-0000-0000-000000000000/resourceGroups/cli_test_lb_probes000001/providers/Microsoft.Network/loadBalancers/lb1/probes/probe1\",\r\n
        \       \"etag\": \"W/\\\"2d9a3fea-a0df-4f33-9b1d-5f615c2ca5b5\\\"\",\r\n
        \       \"properties\": {\r\n          \"provisioningState\": \"Succeeded\",\r\n
        \         \"protocol\": \"Http\",\r\n          \"port\": 1,\r\n          \"requestPath\":
        \"/test1\",\r\n          \"intervalInSeconds\": 15,\r\n          \"numberOfProbes\":
        2\r\n        },\r\n        \"type\": \"Microsoft.Network/loadBalancers/probes\"\r\n
        \     },\r\n      {\r\n        \"name\": \"probe2\",\r\n        \"id\": \"/subscriptions/00000000-0000-0000-0000-000000000000/resourceGroups/cli_test_lb_probes000001/providers/Microsoft.Network/loadBalancers/lb1/probes/probe2\",\r\n
        \       \"etag\": \"W/\\\"2d9a3fea-a0df-4f33-9b1d-5f615c2ca5b5\\\"\",\r\n
        \       \"properties\": {\r\n          \"provisioningState\": \"Succeeded\",\r\n
        \         \"protocol\": \"Http\",\r\n          \"port\": 2,\r\n          \"requestPath\":
        \"/test2\",\r\n          \"intervalInSeconds\": 15,\r\n          \"numberOfProbes\":
        2\r\n        },\r\n        \"type\": \"Microsoft.Network/loadBalancers/probes\"\r\n
        \     },\r\n      {\r\n        \"name\": \"probe3\",\r\n        \"id\": \"/subscriptions/00000000-0000-0000-0000-000000000000/resourceGroups/cli_test_lb_probes000001/providers/Microsoft.Network/loadBalancers/lb1/probes/probe3\",\r\n
        \       \"etag\": \"W/\\\"2d9a3fea-a0df-4f33-9b1d-5f615c2ca5b5\\\"\",\r\n
        \       \"properties\": {\r\n          \"provisioningState\": \"Succeeded\",\r\n
        \         \"protocol\": \"Http\",\r\n          \"port\": 3,\r\n          \"requestPath\":
        \"/test3\",\r\n          \"intervalInSeconds\": 15,\r\n          \"numberOfProbes\":
        2\r\n        },\r\n        \"type\": \"Microsoft.Network/loadBalancers/probes\"\r\n
        \     }\r\n    ],\r\n    \"inboundNatRules\": [],\r\n    \"inboundNatPools\":
        []\r\n  },\r\n  \"sku\": {\r\n    \"name\": \"Basic\",\r\n    \"tier\": \"Regional\"\r\n
        \ }\r\n}"}
    headers:
      cache-control: [no-cache]
      content-length: ['3974']
      content-type: [application/json; charset=utf-8]
      date: ['Tue, 21 Aug 2018 01:10:17 GMT']
      etag: [W/"2d9a3fea-a0df-4f33-9b1d-5f615c2ca5b5"]
      expires: ['-1']
      pragma: [no-cache]
      server: [Microsoft-HTTPAPI/2.0, Microsoft-HTTPAPI/2.0]
      strict-transport-security: [max-age=31536000; includeSubDomains]
      transfer-encoding: [chunked]
      vary: [Accept-Encoding]
      x-content-type-options: [nosniff]
    status: {code: 200, message: OK}
- request:
    body: null
    headers:
      Accept: [application/json]
      Accept-Encoding: ['gzip, deflate']
      CommandName: [network lb probe update]
      Connection: [keep-alive]
      Content-Type: [application/json; charset=utf-8]
      User-Agent: [python/2.7.14 (Windows-10-10.0.17134) requests/2.19.1 msrest/0.5.4
          msrest_azure/0.4.34 networkmanagementclient/2.0.0rc3 Azure-SDK-For-Python
          AZURECLI/2.0.45]
      accept-language: [en-US]
    method: GET
    uri: https://management.azure.com/subscriptions/00000000-0000-0000-0000-000000000000/resourceGroups/cli_test_lb_probes000001/providers/Microsoft.Network/loadBalancers/lb1?api-version=2017-10-01
  response:
    body: {string: !!python/unicode "{\r\n  \"name\": \"lb1\",\r\n  \"id\": \"/subscriptions/00000000-0000-0000-0000-000000000000/resourceGroups/cli_test_lb_probes000001/providers/Microsoft.Network/loadBalancers/lb1\",\r\n
        \ \"etag\": \"W/\\\"2d9a3fea-a0df-4f33-9b1d-5f615c2ca5b5\\\"\",\r\n  \"type\":
        \"Microsoft.Network/loadBalancers\",\r\n  \"location\": \"westus\",\r\n  \"tags\":
        {},\r\n  \"properties\": {\r\n    \"provisioningState\": \"Succeeded\",\r\n
        \   \"resourceGuid\": \"bb57fba4-d4a6-41dd-bd05-098808febf25\",\r\n    \"frontendIPConfigurations\":
        [\r\n      {\r\n        \"name\": \"LoadBalancerFrontEnd\",\r\n        \"id\":
        \"/subscriptions/00000000-0000-0000-0000-000000000000/resourceGroups/cli_test_lb_probes000001/providers/Microsoft.Network/loadBalancers/lb1/frontendIPConfigurations/LoadBalancerFrontEnd\",\r\n
        \       \"etag\": \"W/\\\"2d9a3fea-a0df-4f33-9b1d-5f615c2ca5b5\\\"\",\r\n
        \       \"type\": \"Microsoft.Network/loadBalancers/frontendIPConfigurations\",\r\n
        \       \"properties\": {\r\n          \"provisioningState\": \"Succeeded\",\r\n
        \         \"privateIPAllocationMethod\": \"Dynamic\",\r\n          \"publicIPAddress\":
        {\r\n            \"id\": \"/subscriptions/00000000-0000-0000-0000-000000000000/resourceGroups/cli_test_lb_probes000001/providers/Microsoft.Network/publicIPAddresses/PublicIPlb1\"\r\n
        \         }\r\n        }\r\n      }\r\n    ],\r\n    \"backendAddressPools\":
        [\r\n      {\r\n        \"name\": \"lb1bepool\",\r\n        \"id\": \"/subscriptions/00000000-0000-0000-0000-000000000000/resourceGroups/cli_test_lb_probes000001/providers/Microsoft.Network/loadBalancers/lb1/backendAddressPools/lb1bepool\",\r\n
        \       \"etag\": \"W/\\\"2d9a3fea-a0df-4f33-9b1d-5f615c2ca5b5\\\"\",\r\n
        \       \"properties\": {\r\n          \"provisioningState\": \"Succeeded\"\r\n
        \       },\r\n        \"type\": \"Microsoft.Network/loadBalancers/backendAddressPools\"\r\n
        \     }\r\n    ],\r\n    \"loadBalancingRules\": [],\r\n    \"probes\": [\r\n
        \     {\r\n        \"name\": \"probe1\",\r\n        \"id\": \"/subscriptions/00000000-0000-0000-0000-000000000000/resourceGroups/cli_test_lb_probes000001/providers/Microsoft.Network/loadBalancers/lb1/probes/probe1\",\r\n
        \       \"etag\": \"W/\\\"2d9a3fea-a0df-4f33-9b1d-5f615c2ca5b5\\\"\",\r\n
        \       \"properties\": {\r\n          \"provisioningState\": \"Succeeded\",\r\n
        \         \"protocol\": \"Http\",\r\n          \"port\": 1,\r\n          \"requestPath\":
        \"/test1\",\r\n          \"intervalInSeconds\": 15,\r\n          \"numberOfProbes\":
        2\r\n        },\r\n        \"type\": \"Microsoft.Network/loadBalancers/probes\"\r\n
        \     },\r\n      {\r\n        \"name\": \"probe2\",\r\n        \"id\": \"/subscriptions/00000000-0000-0000-0000-000000000000/resourceGroups/cli_test_lb_probes000001/providers/Microsoft.Network/loadBalancers/lb1/probes/probe2\",\r\n
        \       \"etag\": \"W/\\\"2d9a3fea-a0df-4f33-9b1d-5f615c2ca5b5\\\"\",\r\n
        \       \"properties\": {\r\n          \"provisioningState\": \"Succeeded\",\r\n
        \         \"protocol\": \"Http\",\r\n          \"port\": 2,\r\n          \"requestPath\":
        \"/test2\",\r\n          \"intervalInSeconds\": 15,\r\n          \"numberOfProbes\":
        2\r\n        },\r\n        \"type\": \"Microsoft.Network/loadBalancers/probes\"\r\n
        \     },\r\n      {\r\n        \"name\": \"probe3\",\r\n        \"id\": \"/subscriptions/00000000-0000-0000-0000-000000000000/resourceGroups/cli_test_lb_probes000001/providers/Microsoft.Network/loadBalancers/lb1/probes/probe3\",\r\n
        \       \"etag\": \"W/\\\"2d9a3fea-a0df-4f33-9b1d-5f615c2ca5b5\\\"\",\r\n
        \       \"properties\": {\r\n          \"provisioningState\": \"Succeeded\",\r\n
        \         \"protocol\": \"Http\",\r\n          \"port\": 3,\r\n          \"requestPath\":
        \"/test3\",\r\n          \"intervalInSeconds\": 15,\r\n          \"numberOfProbes\":
        2\r\n        },\r\n        \"type\": \"Microsoft.Network/loadBalancers/probes\"\r\n
        \     }\r\n    ],\r\n    \"inboundNatRules\": [],\r\n    \"inboundNatPools\":
        []\r\n  },\r\n  \"sku\": {\r\n    \"name\": \"Basic\",\r\n    \"tier\": \"Regional\"\r\n
        \ }\r\n}"}
    headers:
      cache-control: [no-cache]
      content-length: ['3974']
      content-type: [application/json; charset=utf-8]
      date: ['Tue, 21 Aug 2018 01:10:17 GMT']
      etag: [W/"2d9a3fea-a0df-4f33-9b1d-5f615c2ca5b5"]
      expires: ['-1']
      pragma: [no-cache]
      server: [Microsoft-HTTPAPI/2.0, Microsoft-HTTPAPI/2.0]
      strict-transport-security: [max-age=31536000; includeSubDomains]
      transfer-encoding: [chunked]
      vary: [Accept-Encoding]
      x-content-type-options: [nosniff]
    status: {code: 200, message: OK}
- request:
    body: !!python/unicode '{"sku": {"name": "Basic"}, "etag": "W/\"2d9a3fea-a0df-4f33-9b1d-5f615c2ca5b5\"",
      "location": "westus", "tags": {}, "properties": {"inboundNatRules": [], "frontendIPConfigurations":
      [{"etag": "W/\"2d9a3fea-a0df-4f33-9b1d-5f615c2ca5b5\"", "properties": {"privateIPAllocationMethod":
      "Dynamic", "provisioningState": "Succeeded", "publicIPAddress": {"id": "/subscriptions/00000000-0000-0000-0000-000000000000/resourceGroups/cli_test_lb_probes000001/providers/Microsoft.Network/publicIPAddresses/PublicIPlb1"}},
      "name": "LoadBalancerFrontEnd", "id": "/subscriptions/00000000-0000-0000-0000-000000000000/resourceGroups/cli_test_lb_probes000001/providers/Microsoft.Network/loadBalancers/lb1/frontendIPConfigurations/LoadBalancerFrontEnd"}],
      "loadBalancingRules": [], "backendAddressPools": [{"id": "/subscriptions/00000000-0000-0000-0000-000000000000/resourceGroups/cli_test_lb_probes000001/providers/Microsoft.Network/loadBalancers/lb1/backendAddressPools/lb1bepool",
      "etag": "W/\"2d9a3fea-a0df-4f33-9b1d-5f615c2ca5b5\"", "name": "lb1bepool", "properties":
      {"provisioningState": "Succeeded"}}], "inboundNatPools": [], "probes": [{"id":
      "/subscriptions/00000000-0000-0000-0000-000000000000/resourceGroups/cli_test_lb_probes000001/providers/Microsoft.Network/loadBalancers/lb1/probes/probe1",
      "etag": "W/\"2d9a3fea-a0df-4f33-9b1d-5f615c2ca5b5\"", "properties": {"protocol":
      "Http", "requestPath": "/test1", "intervalInSeconds": 20, "numberOfProbes":
      5, "port": 1, "provisioningState": "Succeeded"}, "name": "probe1"}, {"id": "/subscriptions/00000000-0000-0000-0000-000000000000/resourceGroups/cli_test_lb_probes000001/providers/Microsoft.Network/loadBalancers/lb1/probes/probe2",
      "etag": "W/\"2d9a3fea-a0df-4f33-9b1d-5f615c2ca5b5\"", "properties": {"protocol":
      "Http", "requestPath": "/test2", "intervalInSeconds": 15, "numberOfProbes":
      2, "port": 2, "provisioningState": "Succeeded"}, "name": "probe2"}, {"id": "/subscriptions/00000000-0000-0000-0000-000000000000/resourceGroups/cli_test_lb_probes000001/providers/Microsoft.Network/loadBalancers/lb1/probes/probe3",
      "etag": "W/\"2d9a3fea-a0df-4f33-9b1d-5f615c2ca5b5\"", "properties": {"protocol":
      "Http", "requestPath": "/test3", "intervalInSeconds": 15, "numberOfProbes":
      2, "port": 3, "provisioningState": "Succeeded"}, "name": "probe3"}], "resourceGuid":
      "bb57fba4-d4a6-41dd-bd05-098808febf25", "provisioningState": "Succeeded"}, "id":
      "/subscriptions/00000000-0000-0000-0000-000000000000/resourceGroups/cli_test_lb_probes000001/providers/Microsoft.Network/loadBalancers/lb1"}'
    headers:
      Accept: [application/json]
      Accept-Encoding: ['gzip, deflate']
      CommandName: [network lb probe update]
      Connection: [keep-alive]
      Content-Length: ['2879']
      Content-Type: [application/json; charset=utf-8]
      User-Agent: [python/2.7.14 (Windows-10-10.0.17134) requests/2.19.1 msrest/0.5.4
          msrest_azure/0.4.34 networkmanagementclient/2.0.0rc3 Azure-SDK-For-Python
          AZURECLI/2.0.45]
      accept-language: [en-US]
    method: PUT
    uri: https://management.azure.com/subscriptions/00000000-0000-0000-0000-000000000000/resourceGroups/cli_test_lb_probes000001/providers/Microsoft.Network/loadBalancers/lb1?api-version=2017-10-01
  response:
    body: {string: !!python/unicode "{\r\n  \"name\": \"lb1\",\r\n  \"id\": \"/subscriptions/00000000-0000-0000-0000-000000000000/resourceGroups/cli_test_lb_probes000001/providers/Microsoft.Network/loadBalancers/lb1\",\r\n
        \ \"etag\": \"W/\\\"350f2eb5-34fb-48b6-8ef2-a38065c98175\\\"\",\r\n  \"type\":
        \"Microsoft.Network/loadBalancers\",\r\n  \"location\": \"westus\",\r\n  \"tags\":
        {},\r\n  \"properties\": {\r\n    \"provisioningState\": \"Succeeded\",\r\n
        \   \"resourceGuid\": \"bb57fba4-d4a6-41dd-bd05-098808febf25\",\r\n    \"frontendIPConfigurations\":
        [\r\n      {\r\n        \"name\": \"LoadBalancerFrontEnd\",\r\n        \"id\":
        \"/subscriptions/00000000-0000-0000-0000-000000000000/resourceGroups/cli_test_lb_probes000001/providers/Microsoft.Network/loadBalancers/lb1/frontendIPConfigurations/LoadBalancerFrontEnd\",\r\n
        \       \"etag\": \"W/\\\"350f2eb5-34fb-48b6-8ef2-a38065c98175\\\"\",\r\n
        \       \"type\": \"Microsoft.Network/loadBalancers/frontendIPConfigurations\",\r\n
        \       \"properties\": {\r\n          \"provisioningState\": \"Succeeded\",\r\n
        \         \"privateIPAllocationMethod\": \"Dynamic\",\r\n          \"publicIPAddress\":
        {\r\n            \"id\": \"/subscriptions/00000000-0000-0000-0000-000000000000/resourceGroups/cli_test_lb_probes000001/providers/Microsoft.Network/publicIPAddresses/PublicIPlb1\"\r\n
        \         }\r\n        }\r\n      }\r\n    ],\r\n    \"backendAddressPools\":
        [\r\n      {\r\n        \"name\": \"lb1bepool\",\r\n        \"id\": \"/subscriptions/00000000-0000-0000-0000-000000000000/resourceGroups/cli_test_lb_probes000001/providers/Microsoft.Network/loadBalancers/lb1/backendAddressPools/lb1bepool\",\r\n
        \       \"etag\": \"W/\\\"350f2eb5-34fb-48b6-8ef2-a38065c98175\\\"\",\r\n
        \       \"properties\": {\r\n          \"provisioningState\": \"Succeeded\"\r\n
        \       },\r\n        \"type\": \"Microsoft.Network/loadBalancers/backendAddressPools\"\r\n
        \     }\r\n    ],\r\n    \"loadBalancingRules\": [],\r\n    \"probes\": [\r\n
        \     {\r\n        \"name\": \"probe1\",\r\n        \"id\": \"/subscriptions/00000000-0000-0000-0000-000000000000/resourceGroups/cli_test_lb_probes000001/providers/Microsoft.Network/loadBalancers/lb1/probes/probe1\",\r\n
        \       \"etag\": \"W/\\\"350f2eb5-34fb-48b6-8ef2-a38065c98175\\\"\",\r\n
        \       \"properties\": {\r\n          \"provisioningState\": \"Succeeded\",\r\n
        \         \"protocol\": \"Http\",\r\n          \"port\": 1,\r\n          \"requestPath\":
        \"/test1\",\r\n          \"intervalInSeconds\": 20,\r\n          \"numberOfProbes\":
        5\r\n        },\r\n        \"type\": \"Microsoft.Network/loadBalancers/probes\"\r\n
        \     },\r\n      {\r\n        \"name\": \"probe2\",\r\n        \"id\": \"/subscriptions/00000000-0000-0000-0000-000000000000/resourceGroups/cli_test_lb_probes000001/providers/Microsoft.Network/loadBalancers/lb1/probes/probe2\",\r\n
        \       \"etag\": \"W/\\\"350f2eb5-34fb-48b6-8ef2-a38065c98175\\\"\",\r\n
        \       \"properties\": {\r\n          \"provisioningState\": \"Succeeded\",\r\n
        \         \"protocol\": \"Http\",\r\n          \"port\": 2,\r\n          \"requestPath\":
        \"/test2\",\r\n          \"intervalInSeconds\": 15,\r\n          \"numberOfProbes\":
        2\r\n        },\r\n        \"type\": \"Microsoft.Network/loadBalancers/probes\"\r\n
        \     },\r\n      {\r\n        \"name\": \"probe3\",\r\n        \"id\": \"/subscriptions/00000000-0000-0000-0000-000000000000/resourceGroups/cli_test_lb_probes000001/providers/Microsoft.Network/loadBalancers/lb1/probes/probe3\",\r\n
        \       \"etag\": \"W/\\\"350f2eb5-34fb-48b6-8ef2-a38065c98175\\\"\",\r\n
        \       \"properties\": {\r\n          \"provisioningState\": \"Succeeded\",\r\n
        \         \"protocol\": \"Http\",\r\n          \"port\": 3,\r\n          \"requestPath\":
        \"/test3\",\r\n          \"intervalInSeconds\": 15,\r\n          \"numberOfProbes\":
        2\r\n        },\r\n        \"type\": \"Microsoft.Network/loadBalancers/probes\"\r\n
        \     }\r\n    ],\r\n    \"inboundNatRules\": [],\r\n    \"inboundNatPools\":
        []\r\n  },\r\n  \"sku\": {\r\n    \"name\": \"Basic\",\r\n    \"tier\": \"Regional\"\r\n
        \ }\r\n}"}
    headers:
      azure-asyncoperation: ['https://management.azure.com/subscriptions/00000000-0000-0000-0000-000000000000/providers/Microsoft.Network/locations/westus/operations/587798aa-d845-4bd8-b37a-3370df4bc6e9?api-version=2017-10-01']
      cache-control: [no-cache]
      content-length: ['3974']
      content-type: [application/json; charset=utf-8]
      date: ['Tue, 21 Aug 2018 01:10:18 GMT']
      expires: ['-1']
      pragma: [no-cache]
      server: [Microsoft-HTTPAPI/2.0, Microsoft-HTTPAPI/2.0]
      strict-transport-security: [max-age=31536000; includeSubDomains]
      transfer-encoding: [chunked]
      vary: [Accept-Encoding]
      x-content-type-options: [nosniff]
      x-ms-ratelimit-remaining-subscription-writes: ['1199']
    status: {code: 200, message: OK}
- request:
    body: null
    headers:
      Accept: [application/json]
      Accept-Encoding: ['gzip, deflate']
      CommandName: [network lb probe update]
      Connection: [keep-alive]
      User-Agent: [python/2.7.14 (Windows-10-10.0.17134) requests/2.19.1 msrest/0.5.4
          msrest_azure/0.4.34 networkmanagementclient/2.0.0rc3 Azure-SDK-For-Python
          AZURECLI/2.0.45]
    method: GET
    uri: https://management.azure.com/subscriptions/00000000-0000-0000-0000-000000000000/providers/Microsoft.Network/locations/westus/operations/587798aa-d845-4bd8-b37a-3370df4bc6e9?api-version=2017-10-01
  response:
    body: {string: !!python/unicode "{\r\n  \"status\": \"Succeeded\"\r\n}"}
    headers:
      cache-control: [no-cache]
      content-length: ['29']
      content-type: [application/json; charset=utf-8]
      date: ['Tue, 21 Aug 2018 01:10:49 GMT']
      expires: ['-1']
      pragma: [no-cache]
      server: [Microsoft-HTTPAPI/2.0, Microsoft-HTTPAPI/2.0]
      strict-transport-security: [max-age=31536000; includeSubDomains]
      transfer-encoding: [chunked]
      vary: [Accept-Encoding]
      x-content-type-options: [nosniff]
    status: {code: 200, message: OK}
- request:
    body: null
    headers:
      Accept: [application/json]
      Accept-Encoding: ['gzip, deflate']
      CommandName: [network lb probe update]
      Connection: [keep-alive]
      User-Agent: [python/2.7.14 (Windows-10-10.0.17134) requests/2.19.1 msrest/0.5.4
          msrest_azure/0.4.34 networkmanagementclient/2.0.0rc3 Azure-SDK-For-Python
          AZURECLI/2.0.45]
    method: GET
    uri: https://management.azure.com/subscriptions/00000000-0000-0000-0000-000000000000/resourceGroups/cli_test_lb_probes000001/providers/Microsoft.Network/loadBalancers/lb1?api-version=2017-10-01
  response:
    body: {string: !!python/unicode "{\r\n  \"name\": \"lb1\",\r\n  \"id\": \"/subscriptions/00000000-0000-0000-0000-000000000000/resourceGroups/cli_test_lb_probes000001/providers/Microsoft.Network/loadBalancers/lb1\",\r\n
        \ \"etag\": \"W/\\\"350f2eb5-34fb-48b6-8ef2-a38065c98175\\\"\",\r\n  \"type\":
        \"Microsoft.Network/loadBalancers\",\r\n  \"location\": \"westus\",\r\n  \"tags\":
        {},\r\n  \"properties\": {\r\n    \"provisioningState\": \"Succeeded\",\r\n
        \   \"resourceGuid\": \"bb57fba4-d4a6-41dd-bd05-098808febf25\",\r\n    \"frontendIPConfigurations\":
        [\r\n      {\r\n        \"name\": \"LoadBalancerFrontEnd\",\r\n        \"id\":
        \"/subscriptions/00000000-0000-0000-0000-000000000000/resourceGroups/cli_test_lb_probes000001/providers/Microsoft.Network/loadBalancers/lb1/frontendIPConfigurations/LoadBalancerFrontEnd\",\r\n
        \       \"etag\": \"W/\\\"350f2eb5-34fb-48b6-8ef2-a38065c98175\\\"\",\r\n
        \       \"type\": \"Microsoft.Network/loadBalancers/frontendIPConfigurations\",\r\n
        \       \"properties\": {\r\n          \"provisioningState\": \"Succeeded\",\r\n
        \         \"privateIPAllocationMethod\": \"Dynamic\",\r\n          \"publicIPAddress\":
        {\r\n            \"id\": \"/subscriptions/00000000-0000-0000-0000-000000000000/resourceGroups/cli_test_lb_probes000001/providers/Microsoft.Network/publicIPAddresses/PublicIPlb1\"\r\n
        \         }\r\n        }\r\n      }\r\n    ],\r\n    \"backendAddressPools\":
        [\r\n      {\r\n        \"name\": \"lb1bepool\",\r\n        \"id\": \"/subscriptions/00000000-0000-0000-0000-000000000000/resourceGroups/cli_test_lb_probes000001/providers/Microsoft.Network/loadBalancers/lb1/backendAddressPools/lb1bepool\",\r\n
        \       \"etag\": \"W/\\\"350f2eb5-34fb-48b6-8ef2-a38065c98175\\\"\",\r\n
        \       \"properties\": {\r\n          \"provisioningState\": \"Succeeded\"\r\n
        \       },\r\n        \"type\": \"Microsoft.Network/loadBalancers/backendAddressPools\"\r\n
        \     }\r\n    ],\r\n    \"loadBalancingRules\": [],\r\n    \"probes\": [\r\n
        \     {\r\n        \"name\": \"probe1\",\r\n        \"id\": \"/subscriptions/00000000-0000-0000-0000-000000000000/resourceGroups/cli_test_lb_probes000001/providers/Microsoft.Network/loadBalancers/lb1/probes/probe1\",\r\n
        \       \"etag\": \"W/\\\"350f2eb5-34fb-48b6-8ef2-a38065c98175\\\"\",\r\n
        \       \"properties\": {\r\n          \"provisioningState\": \"Succeeded\",\r\n
        \         \"protocol\": \"Http\",\r\n          \"port\": 1,\r\n          \"requestPath\":
        \"/test1\",\r\n          \"intervalInSeconds\": 20,\r\n          \"numberOfProbes\":
        5\r\n        },\r\n        \"type\": \"Microsoft.Network/loadBalancers/probes\"\r\n
        \     },\r\n      {\r\n        \"name\": \"probe2\",\r\n        \"id\": \"/subscriptions/00000000-0000-0000-0000-000000000000/resourceGroups/cli_test_lb_probes000001/providers/Microsoft.Network/loadBalancers/lb1/probes/probe2\",\r\n
        \       \"etag\": \"W/\\\"350f2eb5-34fb-48b6-8ef2-a38065c98175\\\"\",\r\n
        \       \"properties\": {\r\n          \"provisioningState\": \"Succeeded\",\r\n
        \         \"protocol\": \"Http\",\r\n          \"port\": 2,\r\n          \"requestPath\":
        \"/test2\",\r\n          \"intervalInSeconds\": 15,\r\n          \"numberOfProbes\":
        2\r\n        },\r\n        \"type\": \"Microsoft.Network/loadBalancers/probes\"\r\n
        \     },\r\n      {\r\n        \"name\": \"probe3\",\r\n        \"id\": \"/subscriptions/00000000-0000-0000-0000-000000000000/resourceGroups/cli_test_lb_probes000001/providers/Microsoft.Network/loadBalancers/lb1/probes/probe3\",\r\n
        \       \"etag\": \"W/\\\"350f2eb5-34fb-48b6-8ef2-a38065c98175\\\"\",\r\n
        \       \"properties\": {\r\n          \"provisioningState\": \"Succeeded\",\r\n
        \         \"protocol\": \"Http\",\r\n          \"port\": 3,\r\n          \"requestPath\":
        \"/test3\",\r\n          \"intervalInSeconds\": 15,\r\n          \"numberOfProbes\":
        2\r\n        },\r\n        \"type\": \"Microsoft.Network/loadBalancers/probes\"\r\n
        \     }\r\n    ],\r\n    \"inboundNatRules\": [],\r\n    \"inboundNatPools\":
        []\r\n  },\r\n  \"sku\": {\r\n    \"name\": \"Basic\",\r\n    \"tier\": \"Regional\"\r\n
        \ }\r\n}"}
    headers:
      cache-control: [no-cache]
      content-length: ['3974']
      content-type: [application/json; charset=utf-8]
      date: ['Tue, 21 Aug 2018 01:10:49 GMT']
      etag: [W/"350f2eb5-34fb-48b6-8ef2-a38065c98175"]
      expires: ['-1']
      pragma: [no-cache]
      server: [Microsoft-HTTPAPI/2.0, Microsoft-HTTPAPI/2.0]
      strict-transport-security: [max-age=31536000; includeSubDomains]
      transfer-encoding: [chunked]
      vary: [Accept-Encoding]
      x-content-type-options: [nosniff]
    status: {code: 200, message: OK}
- request:
    body: null
    headers:
      Accept: [application/json]
      Accept-Encoding: ['gzip, deflate']
      CommandName: [network lb probe update]
      Connection: [keep-alive]
      Content-Type: [application/json; charset=utf-8]
      User-Agent: [python/2.7.14 (Windows-10-10.0.17134) requests/2.19.1 msrest/0.5.4
          msrest_azure/0.4.34 networkmanagementclient/2.0.0rc3 Azure-SDK-For-Python
          AZURECLI/2.0.45]
      accept-language: [en-US]
    method: GET
    uri: https://management.azure.com/subscriptions/00000000-0000-0000-0000-000000000000/resourceGroups/cli_test_lb_probes000001/providers/Microsoft.Network/loadBalancers/lb1?api-version=2017-10-01
  response:
    body: {string: !!python/unicode "{\r\n  \"name\": \"lb1\",\r\n  \"id\": \"/subscriptions/00000000-0000-0000-0000-000000000000/resourceGroups/cli_test_lb_probes000001/providers/Microsoft.Network/loadBalancers/lb1\",\r\n
        \ \"etag\": \"W/\\\"350f2eb5-34fb-48b6-8ef2-a38065c98175\\\"\",\r\n  \"type\":
        \"Microsoft.Network/loadBalancers\",\r\n  \"location\": \"westus\",\r\n  \"tags\":
        {},\r\n  \"properties\": {\r\n    \"provisioningState\": \"Succeeded\",\r\n
        \   \"resourceGuid\": \"bb57fba4-d4a6-41dd-bd05-098808febf25\",\r\n    \"frontendIPConfigurations\":
        [\r\n      {\r\n        \"name\": \"LoadBalancerFrontEnd\",\r\n        \"id\":
        \"/subscriptions/00000000-0000-0000-0000-000000000000/resourceGroups/cli_test_lb_probes000001/providers/Microsoft.Network/loadBalancers/lb1/frontendIPConfigurations/LoadBalancerFrontEnd\",\r\n
        \       \"etag\": \"W/\\\"350f2eb5-34fb-48b6-8ef2-a38065c98175\\\"\",\r\n
        \       \"type\": \"Microsoft.Network/loadBalancers/frontendIPConfigurations\",\r\n
        \       \"properties\": {\r\n          \"provisioningState\": \"Succeeded\",\r\n
        \         \"privateIPAllocationMethod\": \"Dynamic\",\r\n          \"publicIPAddress\":
        {\r\n            \"id\": \"/subscriptions/00000000-0000-0000-0000-000000000000/resourceGroups/cli_test_lb_probes000001/providers/Microsoft.Network/publicIPAddresses/PublicIPlb1\"\r\n
        \         }\r\n        }\r\n      }\r\n    ],\r\n    \"backendAddressPools\":
        [\r\n      {\r\n        \"name\": \"lb1bepool\",\r\n        \"id\": \"/subscriptions/00000000-0000-0000-0000-000000000000/resourceGroups/cli_test_lb_probes000001/providers/Microsoft.Network/loadBalancers/lb1/backendAddressPools/lb1bepool\",\r\n
        \       \"etag\": \"W/\\\"350f2eb5-34fb-48b6-8ef2-a38065c98175\\\"\",\r\n
        \       \"properties\": {\r\n          \"provisioningState\": \"Succeeded\"\r\n
        \       },\r\n        \"type\": \"Microsoft.Network/loadBalancers/backendAddressPools\"\r\n
        \     }\r\n    ],\r\n    \"loadBalancingRules\": [],\r\n    \"probes\": [\r\n
        \     {\r\n        \"name\": \"probe1\",\r\n        \"id\": \"/subscriptions/00000000-0000-0000-0000-000000000000/resourceGroups/cli_test_lb_probes000001/providers/Microsoft.Network/loadBalancers/lb1/probes/probe1\",\r\n
        \       \"etag\": \"W/\\\"350f2eb5-34fb-48b6-8ef2-a38065c98175\\\"\",\r\n
        \       \"properties\": {\r\n          \"provisioningState\": \"Succeeded\",\r\n
        \         \"protocol\": \"Http\",\r\n          \"port\": 1,\r\n          \"requestPath\":
        \"/test1\",\r\n          \"intervalInSeconds\": 20,\r\n          \"numberOfProbes\":
        5\r\n        },\r\n        \"type\": \"Microsoft.Network/loadBalancers/probes\"\r\n
        \     },\r\n      {\r\n        \"name\": \"probe2\",\r\n        \"id\": \"/subscriptions/00000000-0000-0000-0000-000000000000/resourceGroups/cli_test_lb_probes000001/providers/Microsoft.Network/loadBalancers/lb1/probes/probe2\",\r\n
        \       \"etag\": \"W/\\\"350f2eb5-34fb-48b6-8ef2-a38065c98175\\\"\",\r\n
        \       \"properties\": {\r\n          \"provisioningState\": \"Succeeded\",\r\n
        \         \"protocol\": \"Http\",\r\n          \"port\": 2,\r\n          \"requestPath\":
        \"/test2\",\r\n          \"intervalInSeconds\": 15,\r\n          \"numberOfProbes\":
        2\r\n        },\r\n        \"type\": \"Microsoft.Network/loadBalancers/probes\"\r\n
        \     },\r\n      {\r\n        \"name\": \"probe3\",\r\n        \"id\": \"/subscriptions/00000000-0000-0000-0000-000000000000/resourceGroups/cli_test_lb_probes000001/providers/Microsoft.Network/loadBalancers/lb1/probes/probe3\",\r\n
        \       \"etag\": \"W/\\\"350f2eb5-34fb-48b6-8ef2-a38065c98175\\\"\",\r\n
        \       \"properties\": {\r\n          \"provisioningState\": \"Succeeded\",\r\n
        \         \"protocol\": \"Http\",\r\n          \"port\": 3,\r\n          \"requestPath\":
        \"/test3\",\r\n          \"intervalInSeconds\": 15,\r\n          \"numberOfProbes\":
        2\r\n        },\r\n        \"type\": \"Microsoft.Network/loadBalancers/probes\"\r\n
        \     }\r\n    ],\r\n    \"inboundNatRules\": [],\r\n    \"inboundNatPools\":
        []\r\n  },\r\n  \"sku\": {\r\n    \"name\": \"Basic\",\r\n    \"tier\": \"Regional\"\r\n
        \ }\r\n}"}
    headers:
      cache-control: [no-cache]
      content-length: ['3974']
      content-type: [application/json; charset=utf-8]
      date: ['Tue, 21 Aug 2018 01:10:50 GMT']
      etag: [W/"350f2eb5-34fb-48b6-8ef2-a38065c98175"]
      expires: ['-1']
      pragma: [no-cache]
      server: [Microsoft-HTTPAPI/2.0, Microsoft-HTTPAPI/2.0]
      strict-transport-security: [max-age=31536000; includeSubDomains]
      transfer-encoding: [chunked]
      vary: [Accept-Encoding]
      x-content-type-options: [nosniff]
    status: {code: 200, message: OK}
- request:
    body: !!python/unicode '{"sku": {"name": "Basic"}, "etag": "W/\"350f2eb5-34fb-48b6-8ef2-a38065c98175\"",
      "location": "westus", "tags": {}, "properties": {"inboundNatRules": [], "frontendIPConfigurations":
      [{"etag": "W/\"350f2eb5-34fb-48b6-8ef2-a38065c98175\"", "properties": {"privateIPAllocationMethod":
      "Dynamic", "provisioningState": "Succeeded", "publicIPAddress": {"id": "/subscriptions/00000000-0000-0000-0000-000000000000/resourceGroups/cli_test_lb_probes000001/providers/Microsoft.Network/publicIPAddresses/PublicIPlb1"}},
      "name": "LoadBalancerFrontEnd", "id": "/subscriptions/00000000-0000-0000-0000-000000000000/resourceGroups/cli_test_lb_probes000001/providers/Microsoft.Network/loadBalancers/lb1/frontendIPConfigurations/LoadBalancerFrontEnd"}],
      "loadBalancingRules": [], "backendAddressPools": [{"id": "/subscriptions/00000000-0000-0000-0000-000000000000/resourceGroups/cli_test_lb_probes000001/providers/Microsoft.Network/loadBalancers/lb1/backendAddressPools/lb1bepool",
      "etag": "W/\"350f2eb5-34fb-48b6-8ef2-a38065c98175\"", "name": "lb1bepool", "properties":
      {"provisioningState": "Succeeded"}}], "inboundNatPools": [], "probes": [{"id":
      "/subscriptions/00000000-0000-0000-0000-000000000000/resourceGroups/cli_test_lb_probes000001/providers/Microsoft.Network/loadBalancers/lb1/probes/probe1",
      "etag": "W/\"350f2eb5-34fb-48b6-8ef2-a38065c98175\"", "properties": {"protocol":
      "Http", "requestPath": "/test1", "intervalInSeconds": 20, "numberOfProbes":
      5, "port": 1, "provisioningState": "Succeeded"}, "name": "probe1"}, {"id": "/subscriptions/00000000-0000-0000-0000-000000000000/resourceGroups/cli_test_lb_probes000001/providers/Microsoft.Network/loadBalancers/lb1/probes/probe2",
      "etag": "W/\"350f2eb5-34fb-48b6-8ef2-a38065c98175\"", "properties": {"protocol":
      "Tcp", "numberOfProbes": 2, "intervalInSeconds": 15, "port": 2, "provisioningState":
      "Succeeded"}, "name": "probe2"}, {"id": "/subscriptions/00000000-0000-0000-0000-000000000000/resourceGroups/cli_test_lb_probes000001/providers/Microsoft.Network/loadBalancers/lb1/probes/probe3",
      "etag": "W/\"350f2eb5-34fb-48b6-8ef2-a38065c98175\"", "properties": {"protocol":
      "Http", "requestPath": "/test3", "intervalInSeconds": 15, "numberOfProbes":
      2, "port": 3, "provisioningState": "Succeeded"}, "name": "probe3"}], "resourceGuid":
      "bb57fba4-d4a6-41dd-bd05-098808febf25", "provisioningState": "Succeeded"}, "id":
      "/subscriptions/00000000-0000-0000-0000-000000000000/resourceGroups/cli_test_lb_probes000001/providers/Microsoft.Network/loadBalancers/lb1"}'
    headers:
      Accept: [application/json]
      Accept-Encoding: ['gzip, deflate']
      CommandName: [network lb probe update]
      Connection: [keep-alive]
      Content-Length: ['2853']
      Content-Type: [application/json; charset=utf-8]
      User-Agent: [python/2.7.14 (Windows-10-10.0.17134) requests/2.19.1 msrest/0.5.4
          msrest_azure/0.4.34 networkmanagementclient/2.0.0rc3 Azure-SDK-For-Python
          AZURECLI/2.0.45]
      accept-language: [en-US]
    method: PUT
    uri: https://management.azure.com/subscriptions/00000000-0000-0000-0000-000000000000/resourceGroups/cli_test_lb_probes000001/providers/Microsoft.Network/loadBalancers/lb1?api-version=2017-10-01
  response:
    body: {string: !!python/unicode "{\r\n  \"name\": \"lb1\",\r\n  \"id\": \"/subscriptions/00000000-0000-0000-0000-000000000000/resourceGroups/cli_test_lb_probes000001/providers/Microsoft.Network/loadBalancers/lb1\",\r\n
        \ \"etag\": \"W/\\\"bc34026d-0148-463d-9bc3-48fac259f512\\\"\",\r\n  \"type\":
        \"Microsoft.Network/loadBalancers\",\r\n  \"location\": \"westus\",\r\n  \"tags\":
        {},\r\n  \"properties\": {\r\n    \"provisioningState\": \"Succeeded\",\r\n
        \   \"resourceGuid\": \"bb57fba4-d4a6-41dd-bd05-098808febf25\",\r\n    \"frontendIPConfigurations\":
        [\r\n      {\r\n        \"name\": \"LoadBalancerFrontEnd\",\r\n        \"id\":
        \"/subscriptions/00000000-0000-0000-0000-000000000000/resourceGroups/cli_test_lb_probes000001/providers/Microsoft.Network/loadBalancers/lb1/frontendIPConfigurations/LoadBalancerFrontEnd\",\r\n
        \       \"etag\": \"W/\\\"bc34026d-0148-463d-9bc3-48fac259f512\\\"\",\r\n
        \       \"type\": \"Microsoft.Network/loadBalancers/frontendIPConfigurations\",\r\n
        \       \"properties\": {\r\n          \"provisioningState\": \"Succeeded\",\r\n
        \         \"privateIPAllocationMethod\": \"Dynamic\",\r\n          \"publicIPAddress\":
        {\r\n            \"id\": \"/subscriptions/00000000-0000-0000-0000-000000000000/resourceGroups/cli_test_lb_probes000001/providers/Microsoft.Network/publicIPAddresses/PublicIPlb1\"\r\n
        \         }\r\n        }\r\n      }\r\n    ],\r\n    \"backendAddressPools\":
        [\r\n      {\r\n        \"name\": \"lb1bepool\",\r\n        \"id\": \"/subscriptions/00000000-0000-0000-0000-000000000000/resourceGroups/cli_test_lb_probes000001/providers/Microsoft.Network/loadBalancers/lb1/backendAddressPools/lb1bepool\",\r\n
        \       \"etag\": \"W/\\\"bc34026d-0148-463d-9bc3-48fac259f512\\\"\",\r\n
        \       \"properties\": {\r\n          \"provisioningState\": \"Succeeded\"\r\n
        \       },\r\n        \"type\": \"Microsoft.Network/loadBalancers/backendAddressPools\"\r\n
        \     }\r\n    ],\r\n    \"loadBalancingRules\": [],\r\n    \"probes\": [\r\n
        \     {\r\n        \"name\": \"probe1\",\r\n        \"id\": \"/subscriptions/00000000-0000-0000-0000-000000000000/resourceGroups/cli_test_lb_probes000001/providers/Microsoft.Network/loadBalancers/lb1/probes/probe1\",\r\n
        \       \"etag\": \"W/\\\"bc34026d-0148-463d-9bc3-48fac259f512\\\"\",\r\n
        \       \"properties\": {\r\n          \"provisioningState\": \"Succeeded\",\r\n
        \         \"protocol\": \"Http\",\r\n          \"port\": 1,\r\n          \"requestPath\":
        \"/test1\",\r\n          \"intervalInSeconds\": 20,\r\n          \"numberOfProbes\":
        5\r\n        },\r\n        \"type\": \"Microsoft.Network/loadBalancers/probes\"\r\n
        \     },\r\n      {\r\n        \"name\": \"probe2\",\r\n        \"id\": \"/subscriptions/00000000-0000-0000-0000-000000000000/resourceGroups/cli_test_lb_probes000001/providers/Microsoft.Network/loadBalancers/lb1/probes/probe2\",\r\n
        \       \"etag\": \"W/\\\"bc34026d-0148-463d-9bc3-48fac259f512\\\"\",\r\n
        \       \"properties\": {\r\n          \"provisioningState\": \"Succeeded\",\r\n
        \         \"protocol\": \"Tcp\",\r\n          \"port\": 2,\r\n          \"intervalInSeconds\":
        15,\r\n          \"numberOfProbes\": 2\r\n        },\r\n        \"type\":
        \"Microsoft.Network/loadBalancers/probes\"\r\n      },\r\n      {\r\n        \"name\":
        \"probe3\",\r\n        \"id\": \"/subscriptions/00000000-0000-0000-0000-000000000000/resourceGroups/cli_test_lb_probes000001/providers/Microsoft.Network/loadBalancers/lb1/probes/probe3\",\r\n
        \       \"etag\": \"W/\\\"bc34026d-0148-463d-9bc3-48fac259f512\\\"\",\r\n
        \       \"properties\": {\r\n          \"provisioningState\": \"Succeeded\",\r\n
        \         \"protocol\": \"Http\",\r\n          \"port\": 3,\r\n          \"requestPath\":
        \"/test3\",\r\n          \"intervalInSeconds\": 15,\r\n          \"numberOfProbes\":
        2\r\n        },\r\n        \"type\": \"Microsoft.Network/loadBalancers/probes\"\r\n
        \     }\r\n    ],\r\n    \"inboundNatRules\": [],\r\n    \"inboundNatPools\":
        []\r\n  },\r\n  \"sku\": {\r\n    \"name\": \"Basic\",\r\n    \"tier\": \"Regional\"\r\n
        \ }\r\n}"}
    headers:
      azure-asyncoperation: ['https://management.azure.com/subscriptions/00000000-0000-0000-0000-000000000000/providers/Microsoft.Network/locations/westus/operations/911e2781-7bc2-4d02-9948-d673f92042ab?api-version=2017-10-01']
      cache-control: [no-cache]
      content-length: ['3937']
      content-type: [application/json; charset=utf-8]
      date: ['Tue, 21 Aug 2018 01:10:51 GMT']
      expires: ['-1']
      pragma: [no-cache]
      server: [Microsoft-HTTPAPI/2.0, Microsoft-HTTPAPI/2.0]
      strict-transport-security: [max-age=31536000; includeSubDomains]
      transfer-encoding: [chunked]
      vary: [Accept-Encoding]
      x-content-type-options: [nosniff]
      x-ms-ratelimit-remaining-subscription-writes: ['1197']
    status: {code: 200, message: OK}
- request:
    body: null
    headers:
      Accept: [application/json]
      Accept-Encoding: ['gzip, deflate']
      CommandName: [network lb probe update]
      Connection: [keep-alive]
      User-Agent: [python/2.7.14 (Windows-10-10.0.17134) requests/2.19.1 msrest/0.5.4
          msrest_azure/0.4.34 networkmanagementclient/2.0.0rc3 Azure-SDK-For-Python
          AZURECLI/2.0.45]
    method: GET
    uri: https://management.azure.com/subscriptions/00000000-0000-0000-0000-000000000000/providers/Microsoft.Network/locations/westus/operations/911e2781-7bc2-4d02-9948-d673f92042ab?api-version=2017-10-01
  response:
    body: {string: !!python/unicode "{\r\n  \"status\": \"Succeeded\"\r\n}"}
    headers:
      cache-control: [no-cache]
      content-length: ['29']
      content-type: [application/json; charset=utf-8]
      date: ['Tue, 21 Aug 2018 01:11:21 GMT']
      expires: ['-1']
      pragma: [no-cache]
      server: [Microsoft-HTTPAPI/2.0, Microsoft-HTTPAPI/2.0]
      strict-transport-security: [max-age=31536000; includeSubDomains]
      transfer-encoding: [chunked]
      vary: [Accept-Encoding]
      x-content-type-options: [nosniff]
    status: {code: 200, message: OK}
- request:
    body: null
    headers:
      Accept: [application/json]
      Accept-Encoding: ['gzip, deflate']
      CommandName: [network lb probe update]
      Connection: [keep-alive]
      User-Agent: [python/2.7.14 (Windows-10-10.0.17134) requests/2.19.1 msrest/0.5.4
          msrest_azure/0.4.34 networkmanagementclient/2.0.0rc3 Azure-SDK-For-Python
          AZURECLI/2.0.45]
    method: GET
    uri: https://management.azure.com/subscriptions/00000000-0000-0000-0000-000000000000/resourceGroups/cli_test_lb_probes000001/providers/Microsoft.Network/loadBalancers/lb1?api-version=2017-10-01
  response:
    body: {string: !!python/unicode "{\r\n  \"name\": \"lb1\",\r\n  \"id\": \"/subscriptions/00000000-0000-0000-0000-000000000000/resourceGroups/cli_test_lb_probes000001/providers/Microsoft.Network/loadBalancers/lb1\",\r\n
        \ \"etag\": \"W/\\\"bc34026d-0148-463d-9bc3-48fac259f512\\\"\",\r\n  \"type\":
        \"Microsoft.Network/loadBalancers\",\r\n  \"location\": \"westus\",\r\n  \"tags\":
        {},\r\n  \"properties\": {\r\n    \"provisioningState\": \"Succeeded\",\r\n
        \   \"resourceGuid\": \"bb57fba4-d4a6-41dd-bd05-098808febf25\",\r\n    \"frontendIPConfigurations\":
        [\r\n      {\r\n        \"name\": \"LoadBalancerFrontEnd\",\r\n        \"id\":
        \"/subscriptions/00000000-0000-0000-0000-000000000000/resourceGroups/cli_test_lb_probes000001/providers/Microsoft.Network/loadBalancers/lb1/frontendIPConfigurations/LoadBalancerFrontEnd\",\r\n
        \       \"etag\": \"W/\\\"bc34026d-0148-463d-9bc3-48fac259f512\\\"\",\r\n
        \       \"type\": \"Microsoft.Network/loadBalancers/frontendIPConfigurations\",\r\n
        \       \"properties\": {\r\n          \"provisioningState\": \"Succeeded\",\r\n
        \         \"privateIPAllocationMethod\": \"Dynamic\",\r\n          \"publicIPAddress\":
        {\r\n            \"id\": \"/subscriptions/00000000-0000-0000-0000-000000000000/resourceGroups/cli_test_lb_probes000001/providers/Microsoft.Network/publicIPAddresses/PublicIPlb1\"\r\n
        \         }\r\n        }\r\n      }\r\n    ],\r\n    \"backendAddressPools\":
        [\r\n      {\r\n        \"name\": \"lb1bepool\",\r\n        \"id\": \"/subscriptions/00000000-0000-0000-0000-000000000000/resourceGroups/cli_test_lb_probes000001/providers/Microsoft.Network/loadBalancers/lb1/backendAddressPools/lb1bepool\",\r\n
        \       \"etag\": \"W/\\\"bc34026d-0148-463d-9bc3-48fac259f512\\\"\",\r\n
        \       \"properties\": {\r\n          \"provisioningState\": \"Succeeded\"\r\n
        \       },\r\n        \"type\": \"Microsoft.Network/loadBalancers/backendAddressPools\"\r\n
        \     }\r\n    ],\r\n    \"loadBalancingRules\": [],\r\n    \"probes\": [\r\n
        \     {\r\n        \"name\": \"probe1\",\r\n        \"id\": \"/subscriptions/00000000-0000-0000-0000-000000000000/resourceGroups/cli_test_lb_probes000001/providers/Microsoft.Network/loadBalancers/lb1/probes/probe1\",\r\n
        \       \"etag\": \"W/\\\"bc34026d-0148-463d-9bc3-48fac259f512\\\"\",\r\n
        \       \"properties\": {\r\n          \"provisioningState\": \"Succeeded\",\r\n
        \         \"protocol\": \"Http\",\r\n          \"port\": 1,\r\n          \"requestPath\":
        \"/test1\",\r\n          \"intervalInSeconds\": 20,\r\n          \"numberOfProbes\":
        5\r\n        },\r\n        \"type\": \"Microsoft.Network/loadBalancers/probes\"\r\n
        \     },\r\n      {\r\n        \"name\": \"probe2\",\r\n        \"id\": \"/subscriptions/00000000-0000-0000-0000-000000000000/resourceGroups/cli_test_lb_probes000001/providers/Microsoft.Network/loadBalancers/lb1/probes/probe2\",\r\n
        \       \"etag\": \"W/\\\"bc34026d-0148-463d-9bc3-48fac259f512\\\"\",\r\n
        \       \"properties\": {\r\n          \"provisioningState\": \"Succeeded\",\r\n
        \         \"protocol\": \"Tcp\",\r\n          \"port\": 2,\r\n          \"intervalInSeconds\":
        15,\r\n          \"numberOfProbes\": 2\r\n        },\r\n        \"type\":
        \"Microsoft.Network/loadBalancers/probes\"\r\n      },\r\n      {\r\n        \"name\":
        \"probe3\",\r\n        \"id\": \"/subscriptions/00000000-0000-0000-0000-000000000000/resourceGroups/cli_test_lb_probes000001/providers/Microsoft.Network/loadBalancers/lb1/probes/probe3\",\r\n
        \       \"etag\": \"W/\\\"bc34026d-0148-463d-9bc3-48fac259f512\\\"\",\r\n
        \       \"properties\": {\r\n          \"provisioningState\": \"Succeeded\",\r\n
        \         \"protocol\": \"Http\",\r\n          \"port\": 3,\r\n          \"requestPath\":
        \"/test3\",\r\n          \"intervalInSeconds\": 15,\r\n          \"numberOfProbes\":
        2\r\n        },\r\n        \"type\": \"Microsoft.Network/loadBalancers/probes\"\r\n
        \     }\r\n    ],\r\n    \"inboundNatRules\": [],\r\n    \"inboundNatPools\":
        []\r\n  },\r\n  \"sku\": {\r\n    \"name\": \"Basic\",\r\n    \"tier\": \"Regional\"\r\n
        \ }\r\n}"}
    headers:
      cache-control: [no-cache]
      content-length: ['3937']
      content-type: [application/json; charset=utf-8]
      date: ['Tue, 21 Aug 2018 01:11:22 GMT']
      etag: [W/"bc34026d-0148-463d-9bc3-48fac259f512"]
      expires: ['-1']
      pragma: [no-cache]
      server: [Microsoft-HTTPAPI/2.0, Microsoft-HTTPAPI/2.0]
      strict-transport-security: [max-age=31536000; includeSubDomains]
      transfer-encoding: [chunked]
      vary: [Accept-Encoding]
      x-content-type-options: [nosniff]
    status: {code: 200, message: OK}
- request:
    body: null
    headers:
      Accept: [application/json]
      Accept-Encoding: ['gzip, deflate']
      CommandName: [network lb probe show]
      Connection: [keep-alive]
      Content-Type: [application/json; charset=utf-8]
      User-Agent: [python/2.7.14 (Windows-10-10.0.17134) requests/2.19.1 msrest/0.5.4
          msrest_azure/0.4.34 networkmanagementclient/2.0.0rc3 Azure-SDK-For-Python
          AZURECLI/2.0.45]
      accept-language: [en-US]
    method: GET
    uri: https://management.azure.com/subscriptions/00000000-0000-0000-0000-000000000000/resourceGroups/cli_test_lb_probes000001/providers/Microsoft.Network/loadBalancers/lb1?api-version=2017-10-01
  response:
    body: {string: !!python/unicode "{\r\n  \"name\": \"lb1\",\r\n  \"id\": \"/subscriptions/00000000-0000-0000-0000-000000000000/resourceGroups/cli_test_lb_probes000001/providers/Microsoft.Network/loadBalancers/lb1\",\r\n
        \ \"etag\": \"W/\\\"bc34026d-0148-463d-9bc3-48fac259f512\\\"\",\r\n  \"type\":
        \"Microsoft.Network/loadBalancers\",\r\n  \"location\": \"westus\",\r\n  \"tags\":
        {},\r\n  \"properties\": {\r\n    \"provisioningState\": \"Succeeded\",\r\n
        \   \"resourceGuid\": \"bb57fba4-d4a6-41dd-bd05-098808febf25\",\r\n    \"frontendIPConfigurations\":
        [\r\n      {\r\n        \"name\": \"LoadBalancerFrontEnd\",\r\n        \"id\":
        \"/subscriptions/00000000-0000-0000-0000-000000000000/resourceGroups/cli_test_lb_probes000001/providers/Microsoft.Network/loadBalancers/lb1/frontendIPConfigurations/LoadBalancerFrontEnd\",\r\n
        \       \"etag\": \"W/\\\"bc34026d-0148-463d-9bc3-48fac259f512\\\"\",\r\n
        \       \"type\": \"Microsoft.Network/loadBalancers/frontendIPConfigurations\",\r\n
        \       \"properties\": {\r\n          \"provisioningState\": \"Succeeded\",\r\n
        \         \"privateIPAllocationMethod\": \"Dynamic\",\r\n          \"publicIPAddress\":
        {\r\n            \"id\": \"/subscriptions/00000000-0000-0000-0000-000000000000/resourceGroups/cli_test_lb_probes000001/providers/Microsoft.Network/publicIPAddresses/PublicIPlb1\"\r\n
        \         }\r\n        }\r\n      }\r\n    ],\r\n    \"backendAddressPools\":
        [\r\n      {\r\n        \"name\": \"lb1bepool\",\r\n        \"id\": \"/subscriptions/00000000-0000-0000-0000-000000000000/resourceGroups/cli_test_lb_probes000001/providers/Microsoft.Network/loadBalancers/lb1/backendAddressPools/lb1bepool\",\r\n
        \       \"etag\": \"W/\\\"bc34026d-0148-463d-9bc3-48fac259f512\\\"\",\r\n
        \       \"properties\": {\r\n          \"provisioningState\": \"Succeeded\"\r\n
        \       },\r\n        \"type\": \"Microsoft.Network/loadBalancers/backendAddressPools\"\r\n
        \     }\r\n    ],\r\n    \"loadBalancingRules\": [],\r\n    \"probes\": [\r\n
        \     {\r\n        \"name\": \"probe1\",\r\n        \"id\": \"/subscriptions/00000000-0000-0000-0000-000000000000/resourceGroups/cli_test_lb_probes000001/providers/Microsoft.Network/loadBalancers/lb1/probes/probe1\",\r\n
        \       \"etag\": \"W/\\\"bc34026d-0148-463d-9bc3-48fac259f512\\\"\",\r\n
        \       \"properties\": {\r\n          \"provisioningState\": \"Succeeded\",\r\n
        \         \"protocol\": \"Http\",\r\n          \"port\": 1,\r\n          \"requestPath\":
        \"/test1\",\r\n          \"intervalInSeconds\": 20,\r\n          \"numberOfProbes\":
        5\r\n        },\r\n        \"type\": \"Microsoft.Network/loadBalancers/probes\"\r\n
        \     },\r\n      {\r\n        \"name\": \"probe2\",\r\n        \"id\": \"/subscriptions/00000000-0000-0000-0000-000000000000/resourceGroups/cli_test_lb_probes000001/providers/Microsoft.Network/loadBalancers/lb1/probes/probe2\",\r\n
        \       \"etag\": \"W/\\\"bc34026d-0148-463d-9bc3-48fac259f512\\\"\",\r\n
        \       \"properties\": {\r\n          \"provisioningState\": \"Succeeded\",\r\n
        \         \"protocol\": \"Tcp\",\r\n          \"port\": 2,\r\n          \"intervalInSeconds\":
        15,\r\n          \"numberOfProbes\": 2\r\n        },\r\n        \"type\":
        \"Microsoft.Network/loadBalancers/probes\"\r\n      },\r\n      {\r\n        \"name\":
        \"probe3\",\r\n        \"id\": \"/subscriptions/00000000-0000-0000-0000-000000000000/resourceGroups/cli_test_lb_probes000001/providers/Microsoft.Network/loadBalancers/lb1/probes/probe3\",\r\n
        \       \"etag\": \"W/\\\"bc34026d-0148-463d-9bc3-48fac259f512\\\"\",\r\n
        \       \"properties\": {\r\n          \"provisioningState\": \"Succeeded\",\r\n
        \         \"protocol\": \"Http\",\r\n          \"port\": 3,\r\n          \"requestPath\":
        \"/test3\",\r\n          \"intervalInSeconds\": 15,\r\n          \"numberOfProbes\":
        2\r\n        },\r\n        \"type\": \"Microsoft.Network/loadBalancers/probes\"\r\n
        \     }\r\n    ],\r\n    \"inboundNatRules\": [],\r\n    \"inboundNatPools\":
        []\r\n  },\r\n  \"sku\": {\r\n    \"name\": \"Basic\",\r\n    \"tier\": \"Regional\"\r\n
        \ }\r\n}"}
    headers:
      cache-control: [no-cache]
      content-length: ['3937']
      content-type: [application/json; charset=utf-8]
      date: ['Tue, 21 Aug 2018 01:11:23 GMT']
      etag: [W/"bc34026d-0148-463d-9bc3-48fac259f512"]
      expires: ['-1']
      pragma: [no-cache]
      server: [Microsoft-HTTPAPI/2.0, Microsoft-HTTPAPI/2.0]
      strict-transport-security: [max-age=31536000; includeSubDomains]
      transfer-encoding: [chunked]
      vary: [Accept-Encoding]
      x-content-type-options: [nosniff]
    status: {code: 200, message: OK}
- request:
    body: null
    headers:
      Accept: [application/json]
      Accept-Encoding: ['gzip, deflate']
      CommandName: [network lb probe update]
      Connection: [keep-alive]
      Content-Type: [application/json; charset=utf-8]
      User-Agent: [python/2.7.14 (Windows-10-10.0.17134) requests/2.19.1 msrest/0.5.4
          msrest_azure/0.4.34 networkmanagementclient/2.0.0rc3 Azure-SDK-For-Python
          AZURECLI/2.0.45]
      accept-language: [en-US]
    method: GET
    uri: https://management.azure.com/subscriptions/00000000-0000-0000-0000-000000000000/resourceGroups/cli_test_lb_probes000001/providers/Microsoft.Network/loadBalancers/lb1?api-version=2017-10-01
  response:
    body: {string: !!python/unicode "{\r\n  \"name\": \"lb1\",\r\n  \"id\": \"/subscriptions/00000000-0000-0000-0000-000000000000/resourceGroups/cli_test_lb_probes000001/providers/Microsoft.Network/loadBalancers/lb1\",\r\n
        \ \"etag\": \"W/\\\"bc34026d-0148-463d-9bc3-48fac259f512\\\"\",\r\n  \"type\":
        \"Microsoft.Network/loadBalancers\",\r\n  \"location\": \"westus\",\r\n  \"tags\":
        {},\r\n  \"properties\": {\r\n    \"provisioningState\": \"Succeeded\",\r\n
        \   \"resourceGuid\": \"bb57fba4-d4a6-41dd-bd05-098808febf25\",\r\n    \"frontendIPConfigurations\":
        [\r\n      {\r\n        \"name\": \"LoadBalancerFrontEnd\",\r\n        \"id\":
        \"/subscriptions/00000000-0000-0000-0000-000000000000/resourceGroups/cli_test_lb_probes000001/providers/Microsoft.Network/loadBalancers/lb1/frontendIPConfigurations/LoadBalancerFrontEnd\",\r\n
        \       \"etag\": \"W/\\\"bc34026d-0148-463d-9bc3-48fac259f512\\\"\",\r\n
        \       \"type\": \"Microsoft.Network/loadBalancers/frontendIPConfigurations\",\r\n
        \       \"properties\": {\r\n          \"provisioningState\": \"Succeeded\",\r\n
        \         \"privateIPAllocationMethod\": \"Dynamic\",\r\n          \"publicIPAddress\":
        {\r\n            \"id\": \"/subscriptions/00000000-0000-0000-0000-000000000000/resourceGroups/cli_test_lb_probes000001/providers/Microsoft.Network/publicIPAddresses/PublicIPlb1\"\r\n
        \         }\r\n        }\r\n      }\r\n    ],\r\n    \"backendAddressPools\":
        [\r\n      {\r\n        \"name\": \"lb1bepool\",\r\n        \"id\": \"/subscriptions/00000000-0000-0000-0000-000000000000/resourceGroups/cli_test_lb_probes000001/providers/Microsoft.Network/loadBalancers/lb1/backendAddressPools/lb1bepool\",\r\n
        \       \"etag\": \"W/\\\"bc34026d-0148-463d-9bc3-48fac259f512\\\"\",\r\n
        \       \"properties\": {\r\n          \"provisioningState\": \"Succeeded\"\r\n
        \       },\r\n        \"type\": \"Microsoft.Network/loadBalancers/backendAddressPools\"\r\n
        \     }\r\n    ],\r\n    \"loadBalancingRules\": [],\r\n    \"probes\": [\r\n
        \     {\r\n        \"name\": \"probe1\",\r\n        \"id\": \"/subscriptions/00000000-0000-0000-0000-000000000000/resourceGroups/cli_test_lb_probes000001/providers/Microsoft.Network/loadBalancers/lb1/probes/probe1\",\r\n
        \       \"etag\": \"W/\\\"bc34026d-0148-463d-9bc3-48fac259f512\\\"\",\r\n
        \       \"properties\": {\r\n          \"provisioningState\": \"Succeeded\",\r\n
        \         \"protocol\": \"Http\",\r\n          \"port\": 1,\r\n          \"requestPath\":
        \"/test1\",\r\n          \"intervalInSeconds\": 20,\r\n          \"numberOfProbes\":
        5\r\n        },\r\n        \"type\": \"Microsoft.Network/loadBalancers/probes\"\r\n
        \     },\r\n      {\r\n        \"name\": \"probe2\",\r\n        \"id\": \"/subscriptions/00000000-0000-0000-0000-000000000000/resourceGroups/cli_test_lb_probes000001/providers/Microsoft.Network/loadBalancers/lb1/probes/probe2\",\r\n
        \       \"etag\": \"W/\\\"bc34026d-0148-463d-9bc3-48fac259f512\\\"\",\r\n
        \       \"properties\": {\r\n          \"provisioningState\": \"Succeeded\",\r\n
        \         \"protocol\": \"Tcp\",\r\n          \"port\": 2,\r\n          \"intervalInSeconds\":
        15,\r\n          \"numberOfProbes\": 2\r\n        },\r\n        \"type\":
        \"Microsoft.Network/loadBalancers/probes\"\r\n      },\r\n      {\r\n        \"name\":
        \"probe3\",\r\n        \"id\": \"/subscriptions/00000000-0000-0000-0000-000000000000/resourceGroups/cli_test_lb_probes000001/providers/Microsoft.Network/loadBalancers/lb1/probes/probe3\",\r\n
        \       \"etag\": \"W/\\\"bc34026d-0148-463d-9bc3-48fac259f512\\\"\",\r\n
        \       \"properties\": {\r\n          \"provisioningState\": \"Succeeded\",\r\n
        \         \"protocol\": \"Http\",\r\n          \"port\": 3,\r\n          \"requestPath\":
        \"/test3\",\r\n          \"intervalInSeconds\": 15,\r\n          \"numberOfProbes\":
        2\r\n        },\r\n        \"type\": \"Microsoft.Network/loadBalancers/probes\"\r\n
        \     }\r\n    ],\r\n    \"inboundNatRules\": [],\r\n    \"inboundNatPools\":
        []\r\n  },\r\n  \"sku\": {\r\n    \"name\": \"Basic\",\r\n    \"tier\": \"Regional\"\r\n
        \ }\r\n}"}
    headers:
      cache-control: [no-cache]
      content-length: ['3937']
      content-type: [application/json; charset=utf-8]
      date: ['Tue, 21 Aug 2018 01:11:24 GMT']
      etag: [W/"bc34026d-0148-463d-9bc3-48fac259f512"]
      expires: ['-1']
      pragma: [no-cache]
      server: [Microsoft-HTTPAPI/2.0, Microsoft-HTTPAPI/2.0]
      strict-transport-security: [max-age=31536000; includeSubDomains]
      transfer-encoding: [chunked]
      vary: [Accept-Encoding]
      x-content-type-options: [nosniff]
    status: {code: 200, message: OK}
- request:
    body: !!python/unicode '{"sku": {"name": "Basic"}, "etag": "W/\"bc34026d-0148-463d-9bc3-48fac259f512\"",
      "location": "westus", "tags": {}, "properties": {"inboundNatRules": [], "frontendIPConfigurations":
      [{"etag": "W/\"bc34026d-0148-463d-9bc3-48fac259f512\"", "properties": {"privateIPAllocationMethod":
      "Dynamic", "provisioningState": "Succeeded", "publicIPAddress": {"id": "/subscriptions/00000000-0000-0000-0000-000000000000/resourceGroups/cli_test_lb_probes000001/providers/Microsoft.Network/publicIPAddresses/PublicIPlb1"}},
      "name": "LoadBalancerFrontEnd", "id": "/subscriptions/00000000-0000-0000-0000-000000000000/resourceGroups/cli_test_lb_probes000001/providers/Microsoft.Network/loadBalancers/lb1/frontendIPConfigurations/LoadBalancerFrontEnd"}],
      "loadBalancingRules": [], "backendAddressPools": [{"id": "/subscriptions/00000000-0000-0000-0000-000000000000/resourceGroups/cli_test_lb_probes000001/providers/Microsoft.Network/loadBalancers/lb1/backendAddressPools/lb1bepool",
      "etag": "W/\"bc34026d-0148-463d-9bc3-48fac259f512\"", "name": "lb1bepool", "properties":
      {"provisioningState": "Succeeded"}}], "inboundNatPools": [], "probes": [{"id":
      "/subscriptions/00000000-0000-0000-0000-000000000000/resourceGroups/cli_test_lb_probes000001/providers/Microsoft.Network/loadBalancers/lb1/probes/probe1",
      "etag": "W/\"bc34026d-0148-463d-9bc3-48fac259f512\"", "properties": {"protocol":
      "Http", "requestPath": "/test1", "intervalInSeconds": 15, "numberOfProbes":
      3, "port": 1, "provisioningState": "Succeeded"}, "name": "probe1"}, {"id": "/subscriptions/00000000-0000-0000-0000-000000000000/resourceGroups/cli_test_lb_probes000001/providers/Microsoft.Network/loadBalancers/lb1/probes/probe2",
      "etag": "W/\"bc34026d-0148-463d-9bc3-48fac259f512\"", "properties": {"protocol":
      "Tcp", "numberOfProbes": 2, "intervalInSeconds": 15, "port": 2, "provisioningState":
      "Succeeded"}, "name": "probe2"}, {"id": "/subscriptions/00000000-0000-0000-0000-000000000000/resourceGroups/cli_test_lb_probes000001/providers/Microsoft.Network/loadBalancers/lb1/probes/probe3",
      "etag": "W/\"bc34026d-0148-463d-9bc3-48fac259f512\"", "properties": {"protocol":
      "Http", "requestPath": "/test3", "intervalInSeconds": 15, "numberOfProbes":
      2, "port": 3, "provisioningState": "Succeeded"}, "name": "probe3"}], "resourceGuid":
      "bb57fba4-d4a6-41dd-bd05-098808febf25", "provisioningState": "Succeeded"}, "id":
      "/subscriptions/00000000-0000-0000-0000-000000000000/resourceGroups/cli_test_lb_probes000001/providers/Microsoft.Network/loadBalancers/lb1"}'
    headers:
      Accept: [application/json]
      Accept-Encoding: ['gzip, deflate']
      CommandName: [network lb probe update]
      Connection: [keep-alive]
      Content-Length: ['2853']
      Content-Type: [application/json; charset=utf-8]
      User-Agent: [python/2.7.14 (Windows-10-10.0.17134) requests/2.19.1 msrest/0.5.4
          msrest_azure/0.4.34 networkmanagementclient/2.0.0rc3 Azure-SDK-For-Python
          AZURECLI/2.0.45]
      accept-language: [en-US]
    method: PUT
    uri: https://management.azure.com/subscriptions/00000000-0000-0000-0000-000000000000/resourceGroups/cli_test_lb_probes000001/providers/Microsoft.Network/loadBalancers/lb1?api-version=2017-10-01
  response:
    body: {string: !!python/unicode "{\r\n  \"name\": \"lb1\",\r\n  \"id\": \"/subscriptions/00000000-0000-0000-0000-000000000000/resourceGroups/cli_test_lb_probes000001/providers/Microsoft.Network/loadBalancers/lb1\",\r\n
        \ \"etag\": \"W/\\\"93151ab3-e598-4576-979c-fdb8827f7002\\\"\",\r\n  \"type\":
        \"Microsoft.Network/loadBalancers\",\r\n  \"location\": \"westus\",\r\n  \"tags\":
        {},\r\n  \"properties\": {\r\n    \"provisioningState\": \"Succeeded\",\r\n
        \   \"resourceGuid\": \"bb57fba4-d4a6-41dd-bd05-098808febf25\",\r\n    \"frontendIPConfigurations\":
        [\r\n      {\r\n        \"name\": \"LoadBalancerFrontEnd\",\r\n        \"id\":
        \"/subscriptions/00000000-0000-0000-0000-000000000000/resourceGroups/cli_test_lb_probes000001/providers/Microsoft.Network/loadBalancers/lb1/frontendIPConfigurations/LoadBalancerFrontEnd\",\r\n
        \       \"etag\": \"W/\\\"93151ab3-e598-4576-979c-fdb8827f7002\\\"\",\r\n
        \       \"type\": \"Microsoft.Network/loadBalancers/frontendIPConfigurations\",\r\n
        \       \"properties\": {\r\n          \"provisioningState\": \"Succeeded\",\r\n
        \         \"privateIPAllocationMethod\": \"Dynamic\",\r\n          \"publicIPAddress\":
        {\r\n            \"id\": \"/subscriptions/00000000-0000-0000-0000-000000000000/resourceGroups/cli_test_lb_probes000001/providers/Microsoft.Network/publicIPAddresses/PublicIPlb1\"\r\n
        \         }\r\n        }\r\n      }\r\n    ],\r\n    \"backendAddressPools\":
        [\r\n      {\r\n        \"name\": \"lb1bepool\",\r\n        \"id\": \"/subscriptions/00000000-0000-0000-0000-000000000000/resourceGroups/cli_test_lb_probes000001/providers/Microsoft.Network/loadBalancers/lb1/backendAddressPools/lb1bepool\",\r\n
        \       \"etag\": \"W/\\\"93151ab3-e598-4576-979c-fdb8827f7002\\\"\",\r\n
        \       \"properties\": {\r\n          \"provisioningState\": \"Succeeded\"\r\n
        \       },\r\n        \"type\": \"Microsoft.Network/loadBalancers/backendAddressPools\"\r\n
        \     }\r\n    ],\r\n    \"loadBalancingRules\": [],\r\n    \"probes\": [\r\n
        \     {\r\n        \"name\": \"probe1\",\r\n        \"id\": \"/subscriptions/00000000-0000-0000-0000-000000000000/resourceGroups/cli_test_lb_probes000001/providers/Microsoft.Network/loadBalancers/lb1/probes/probe1\",\r\n
        \       \"etag\": \"W/\\\"93151ab3-e598-4576-979c-fdb8827f7002\\\"\",\r\n
        \       \"properties\": {\r\n          \"provisioningState\": \"Succeeded\",\r\n
        \         \"protocol\": \"Http\",\r\n          \"port\": 1,\r\n          \"requestPath\":
        \"/test1\",\r\n          \"intervalInSeconds\": 15,\r\n          \"numberOfProbes\":
        3\r\n        },\r\n        \"type\": \"Microsoft.Network/loadBalancers/probes\"\r\n
        \     },\r\n      {\r\n        \"name\": \"probe2\",\r\n        \"id\": \"/subscriptions/00000000-0000-0000-0000-000000000000/resourceGroups/cli_test_lb_probes000001/providers/Microsoft.Network/loadBalancers/lb1/probes/probe2\",\r\n
        \       \"etag\": \"W/\\\"93151ab3-e598-4576-979c-fdb8827f7002\\\"\",\r\n
        \       \"properties\": {\r\n          \"provisioningState\": \"Succeeded\",\r\n
        \         \"protocol\": \"Tcp\",\r\n          \"port\": 2,\r\n          \"intervalInSeconds\":
        15,\r\n          \"numberOfProbes\": 2\r\n        },\r\n        \"type\":
        \"Microsoft.Network/loadBalancers/probes\"\r\n      },\r\n      {\r\n        \"name\":
        \"probe3\",\r\n        \"id\": \"/subscriptions/00000000-0000-0000-0000-000000000000/resourceGroups/cli_test_lb_probes000001/providers/Microsoft.Network/loadBalancers/lb1/probes/probe3\",\r\n
        \       \"etag\": \"W/\\\"93151ab3-e598-4576-979c-fdb8827f7002\\\"\",\r\n
        \       \"properties\": {\r\n          \"provisioningState\": \"Succeeded\",\r\n
        \         \"protocol\": \"Http\",\r\n          \"port\": 3,\r\n          \"requestPath\":
        \"/test3\",\r\n          \"intervalInSeconds\": 15,\r\n          \"numberOfProbes\":
        2\r\n        },\r\n        \"type\": \"Microsoft.Network/loadBalancers/probes\"\r\n
        \     }\r\n    ],\r\n    \"inboundNatRules\": [],\r\n    \"inboundNatPools\":
        []\r\n  },\r\n  \"sku\": {\r\n    \"name\": \"Basic\",\r\n    \"tier\": \"Regional\"\r\n
        \ }\r\n}"}
    headers:
      azure-asyncoperation: ['https://management.azure.com/subscriptions/00000000-0000-0000-0000-000000000000/providers/Microsoft.Network/locations/westus/operations/c4df9f1e-bb3a-48bd-a931-84903d822545?api-version=2017-10-01']
      cache-control: [no-cache]
      content-length: ['3937']
      content-type: [application/json; charset=utf-8]
      date: ['Tue, 21 Aug 2018 01:11:24 GMT']
      expires: ['-1']
      pragma: [no-cache]
      server: [Microsoft-HTTPAPI/2.0, Microsoft-HTTPAPI/2.0]
      strict-transport-security: [max-age=31536000; includeSubDomains]
      transfer-encoding: [chunked]
      vary: [Accept-Encoding]
      x-content-type-options: [nosniff]
      x-ms-ratelimit-remaining-subscription-writes: ['1198']
    status: {code: 200, message: OK}
- request:
    body: null
    headers:
      Accept: [application/json]
      Accept-Encoding: ['gzip, deflate']
      CommandName: [network lb probe update]
      Connection: [keep-alive]
      User-Agent: [python/2.7.14 (Windows-10-10.0.17134) requests/2.19.1 msrest/0.5.4
          msrest_azure/0.4.34 networkmanagementclient/2.0.0rc3 Azure-SDK-For-Python
          AZURECLI/2.0.45]
    method: GET
    uri: https://management.azure.com/subscriptions/00000000-0000-0000-0000-000000000000/providers/Microsoft.Network/locations/westus/operations/c4df9f1e-bb3a-48bd-a931-84903d822545?api-version=2017-10-01
  response:
    body: {string: !!python/unicode "{\r\n  \"status\": \"Succeeded\"\r\n}"}
    headers:
      cache-control: [no-cache]
      content-length: ['29']
      content-type: [application/json; charset=utf-8]
      date: ['Tue, 21 Aug 2018 01:11:54 GMT']
      expires: ['-1']
      pragma: [no-cache]
      server: [Microsoft-HTTPAPI/2.0, Microsoft-HTTPAPI/2.0]
      strict-transport-security: [max-age=31536000; includeSubDomains]
      transfer-encoding: [chunked]
      vary: [Accept-Encoding]
      x-content-type-options: [nosniff]
    status: {code: 200, message: OK}
- request:
    body: null
    headers:
      Accept: [application/json]
      Accept-Encoding: ['gzip, deflate']
      CommandName: [network lb probe update]
      Connection: [keep-alive]
      User-Agent: [python/2.7.14 (Windows-10-10.0.17134) requests/2.19.1 msrest/0.5.4
          msrest_azure/0.4.34 networkmanagementclient/2.0.0rc3 Azure-SDK-For-Python
          AZURECLI/2.0.45]
    method: GET
    uri: https://management.azure.com/subscriptions/00000000-0000-0000-0000-000000000000/resourceGroups/cli_test_lb_probes000001/providers/Microsoft.Network/loadBalancers/lb1?api-version=2017-10-01
  response:
    body: {string: !!python/unicode "{\r\n  \"name\": \"lb1\",\r\n  \"id\": \"/subscriptions/00000000-0000-0000-0000-000000000000/resourceGroups/cli_test_lb_probes000001/providers/Microsoft.Network/loadBalancers/lb1\",\r\n
        \ \"etag\": \"W/\\\"93151ab3-e598-4576-979c-fdb8827f7002\\\"\",\r\n  \"type\":
        \"Microsoft.Network/loadBalancers\",\r\n  \"location\": \"westus\",\r\n  \"tags\":
        {},\r\n  \"properties\": {\r\n    \"provisioningState\": \"Succeeded\",\r\n
        \   \"resourceGuid\": \"bb57fba4-d4a6-41dd-bd05-098808febf25\",\r\n    \"frontendIPConfigurations\":
        [\r\n      {\r\n        \"name\": \"LoadBalancerFrontEnd\",\r\n        \"id\":
        \"/subscriptions/00000000-0000-0000-0000-000000000000/resourceGroups/cli_test_lb_probes000001/providers/Microsoft.Network/loadBalancers/lb1/frontendIPConfigurations/LoadBalancerFrontEnd\",\r\n
        \       \"etag\": \"W/\\\"93151ab3-e598-4576-979c-fdb8827f7002\\\"\",\r\n
        \       \"type\": \"Microsoft.Network/loadBalancers/frontendIPConfigurations\",\r\n
        \       \"properties\": {\r\n          \"provisioningState\": \"Succeeded\",\r\n
        \         \"privateIPAllocationMethod\": \"Dynamic\",\r\n          \"publicIPAddress\":
        {\r\n            \"id\": \"/subscriptions/00000000-0000-0000-0000-000000000000/resourceGroups/cli_test_lb_probes000001/providers/Microsoft.Network/publicIPAddresses/PublicIPlb1\"\r\n
        \         }\r\n        }\r\n      }\r\n    ],\r\n    \"backendAddressPools\":
        [\r\n      {\r\n        \"name\": \"lb1bepool\",\r\n        \"id\": \"/subscriptions/00000000-0000-0000-0000-000000000000/resourceGroups/cli_test_lb_probes000001/providers/Microsoft.Network/loadBalancers/lb1/backendAddressPools/lb1bepool\",\r\n
        \       \"etag\": \"W/\\\"93151ab3-e598-4576-979c-fdb8827f7002\\\"\",\r\n
        \       \"properties\": {\r\n          \"provisioningState\": \"Succeeded\"\r\n
        \       },\r\n        \"type\": \"Microsoft.Network/loadBalancers/backendAddressPools\"\r\n
        \     }\r\n    ],\r\n    \"loadBalancingRules\": [],\r\n    \"probes\": [\r\n
        \     {\r\n        \"name\": \"probe1\",\r\n        \"id\": \"/subscriptions/00000000-0000-0000-0000-000000000000/resourceGroups/cli_test_lb_probes000001/providers/Microsoft.Network/loadBalancers/lb1/probes/probe1\",\r\n
        \       \"etag\": \"W/\\\"93151ab3-e598-4576-979c-fdb8827f7002\\\"\",\r\n
        \       \"properties\": {\r\n          \"provisioningState\": \"Succeeded\",\r\n
        \         \"protocol\": \"Http\",\r\n          \"port\": 1,\r\n          \"requestPath\":
        \"/test1\",\r\n          \"intervalInSeconds\": 15,\r\n          \"numberOfProbes\":
        3\r\n        },\r\n        \"type\": \"Microsoft.Network/loadBalancers/probes\"\r\n
        \     },\r\n      {\r\n        \"name\": \"probe2\",\r\n        \"id\": \"/subscriptions/00000000-0000-0000-0000-000000000000/resourceGroups/cli_test_lb_probes000001/providers/Microsoft.Network/loadBalancers/lb1/probes/probe2\",\r\n
        \       \"etag\": \"W/\\\"93151ab3-e598-4576-979c-fdb8827f7002\\\"\",\r\n
        \       \"properties\": {\r\n          \"provisioningState\": \"Succeeded\",\r\n
        \         \"protocol\": \"Tcp\",\r\n          \"port\": 2,\r\n          \"intervalInSeconds\":
        15,\r\n          \"numberOfProbes\": 2\r\n        },\r\n        \"type\":
        \"Microsoft.Network/loadBalancers/probes\"\r\n      },\r\n      {\r\n        \"name\":
        \"probe3\",\r\n        \"id\": \"/subscriptions/00000000-0000-0000-0000-000000000000/resourceGroups/cli_test_lb_probes000001/providers/Microsoft.Network/loadBalancers/lb1/probes/probe3\",\r\n
        \       \"etag\": \"W/\\\"93151ab3-e598-4576-979c-fdb8827f7002\\\"\",\r\n
        \       \"properties\": {\r\n          \"provisioningState\": \"Succeeded\",\r\n
        \         \"protocol\": \"Http\",\r\n          \"port\": 3,\r\n          \"requestPath\":
        \"/test3\",\r\n          \"intervalInSeconds\": 15,\r\n          \"numberOfProbes\":
        2\r\n        },\r\n        \"type\": \"Microsoft.Network/loadBalancers/probes\"\r\n
        \     }\r\n    ],\r\n    \"inboundNatRules\": [],\r\n    \"inboundNatPools\":
        []\r\n  },\r\n  \"sku\": {\r\n    \"name\": \"Basic\",\r\n    \"tier\": \"Regional\"\r\n
        \ }\r\n}"}
    headers:
      cache-control: [no-cache]
      content-length: ['3937']
      content-type: [application/json; charset=utf-8]
      date: ['Tue, 21 Aug 2018 01:11:54 GMT']
      etag: [W/"93151ab3-e598-4576-979c-fdb8827f7002"]
      expires: ['-1']
      pragma: [no-cache]
      server: [Microsoft-HTTPAPI/2.0, Microsoft-HTTPAPI/2.0]
      strict-transport-security: [max-age=31536000; includeSubDomains]
      transfer-encoding: [chunked]
      vary: [Accept-Encoding]
      x-content-type-options: [nosniff]
    status: {code: 200, message: OK}
- request:
    body: null
    headers:
      Accept: [application/json]
      Accept-Encoding: ['gzip, deflate']
      CommandName: [network lb probe show]
      Connection: [keep-alive]
      Content-Type: [application/json; charset=utf-8]
      User-Agent: [python/2.7.14 (Windows-10-10.0.17134) requests/2.19.1 msrest/0.5.4
          msrest_azure/0.4.34 networkmanagementclient/2.0.0rc3 Azure-SDK-For-Python
          AZURECLI/2.0.45]
      accept-language: [en-US]
    method: GET
    uri: https://management.azure.com/subscriptions/00000000-0000-0000-0000-000000000000/resourceGroups/cli_test_lb_probes000001/providers/Microsoft.Network/loadBalancers/lb1?api-version=2017-10-01
  response:
    body: {string: !!python/unicode "{\r\n  \"name\": \"lb1\",\r\n  \"id\": \"/subscriptions/00000000-0000-0000-0000-000000000000/resourceGroups/cli_test_lb_probes000001/providers/Microsoft.Network/loadBalancers/lb1\",\r\n
        \ \"etag\": \"W/\\\"93151ab3-e598-4576-979c-fdb8827f7002\\\"\",\r\n  \"type\":
        \"Microsoft.Network/loadBalancers\",\r\n  \"location\": \"westus\",\r\n  \"tags\":
        {},\r\n  \"properties\": {\r\n    \"provisioningState\": \"Succeeded\",\r\n
        \   \"resourceGuid\": \"bb57fba4-d4a6-41dd-bd05-098808febf25\",\r\n    \"frontendIPConfigurations\":
        [\r\n      {\r\n        \"name\": \"LoadBalancerFrontEnd\",\r\n        \"id\":
        \"/subscriptions/00000000-0000-0000-0000-000000000000/resourceGroups/cli_test_lb_probes000001/providers/Microsoft.Network/loadBalancers/lb1/frontendIPConfigurations/LoadBalancerFrontEnd\",\r\n
        \       \"etag\": \"W/\\\"93151ab3-e598-4576-979c-fdb8827f7002\\\"\",\r\n
        \       \"type\": \"Microsoft.Network/loadBalancers/frontendIPConfigurations\",\r\n
        \       \"properties\": {\r\n          \"provisioningState\": \"Succeeded\",\r\n
        \         \"privateIPAllocationMethod\": \"Dynamic\",\r\n          \"publicIPAddress\":
        {\r\n            \"id\": \"/subscriptions/00000000-0000-0000-0000-000000000000/resourceGroups/cli_test_lb_probes000001/providers/Microsoft.Network/publicIPAddresses/PublicIPlb1\"\r\n
        \         }\r\n        }\r\n      }\r\n    ],\r\n    \"backendAddressPools\":
        [\r\n      {\r\n        \"name\": \"lb1bepool\",\r\n        \"id\": \"/subscriptions/00000000-0000-0000-0000-000000000000/resourceGroups/cli_test_lb_probes000001/providers/Microsoft.Network/loadBalancers/lb1/backendAddressPools/lb1bepool\",\r\n
        \       \"etag\": \"W/\\\"93151ab3-e598-4576-979c-fdb8827f7002\\\"\",\r\n
        \       \"properties\": {\r\n          \"provisioningState\": \"Succeeded\"\r\n
        \       },\r\n        \"type\": \"Microsoft.Network/loadBalancers/backendAddressPools\"\r\n
        \     }\r\n    ],\r\n    \"loadBalancingRules\": [],\r\n    \"probes\": [\r\n
        \     {\r\n        \"name\": \"probe1\",\r\n        \"id\": \"/subscriptions/00000000-0000-0000-0000-000000000000/resourceGroups/cli_test_lb_probes000001/providers/Microsoft.Network/loadBalancers/lb1/probes/probe1\",\r\n
        \       \"etag\": \"W/\\\"93151ab3-e598-4576-979c-fdb8827f7002\\\"\",\r\n
        \       \"properties\": {\r\n          \"provisioningState\": \"Succeeded\",\r\n
        \         \"protocol\": \"Http\",\r\n          \"port\": 1,\r\n          \"requestPath\":
        \"/test1\",\r\n          \"intervalInSeconds\": 15,\r\n          \"numberOfProbes\":
        3\r\n        },\r\n        \"type\": \"Microsoft.Network/loadBalancers/probes\"\r\n
        \     },\r\n      {\r\n        \"name\": \"probe2\",\r\n        \"id\": \"/subscriptions/00000000-0000-0000-0000-000000000000/resourceGroups/cli_test_lb_probes000001/providers/Microsoft.Network/loadBalancers/lb1/probes/probe2\",\r\n
        \       \"etag\": \"W/\\\"93151ab3-e598-4576-979c-fdb8827f7002\\\"\",\r\n
        \       \"properties\": {\r\n          \"provisioningState\": \"Succeeded\",\r\n
        \         \"protocol\": \"Tcp\",\r\n          \"port\": 2,\r\n          \"intervalInSeconds\":
        15,\r\n          \"numberOfProbes\": 2\r\n        },\r\n        \"type\":
        \"Microsoft.Network/loadBalancers/probes\"\r\n      },\r\n      {\r\n        \"name\":
        \"probe3\",\r\n        \"id\": \"/subscriptions/00000000-0000-0000-0000-000000000000/resourceGroups/cli_test_lb_probes000001/providers/Microsoft.Network/loadBalancers/lb1/probes/probe3\",\r\n
        \       \"etag\": \"W/\\\"93151ab3-e598-4576-979c-fdb8827f7002\\\"\",\r\n
        \       \"properties\": {\r\n          \"provisioningState\": \"Succeeded\",\r\n
        \         \"protocol\": \"Http\",\r\n          \"port\": 3,\r\n          \"requestPath\":
        \"/test3\",\r\n          \"intervalInSeconds\": 15,\r\n          \"numberOfProbes\":
        2\r\n        },\r\n        \"type\": \"Microsoft.Network/loadBalancers/probes\"\r\n
        \     }\r\n    ],\r\n    \"inboundNatRules\": [],\r\n    \"inboundNatPools\":
        []\r\n  },\r\n  \"sku\": {\r\n    \"name\": \"Basic\",\r\n    \"tier\": \"Regional\"\r\n
        \ }\r\n}"}
    headers:
      cache-control: [no-cache]
      content-length: ['3937']
      content-type: [application/json; charset=utf-8]
      date: ['Tue, 21 Aug 2018 01:11:56 GMT']
      etag: [W/"93151ab3-e598-4576-979c-fdb8827f7002"]
      expires: ['-1']
      pragma: [no-cache]
      server: [Microsoft-HTTPAPI/2.0, Microsoft-HTTPAPI/2.0]
      strict-transport-security: [max-age=31536000; includeSubDomains]
      transfer-encoding: [chunked]
      vary: [Accept-Encoding]
      x-content-type-options: [nosniff]
    status: {code: 200, message: OK}
- request:
    body: null
    headers:
      Accept: [application/json]
      Accept-Encoding: ['gzip, deflate']
      CommandName: [network lb probe delete]
      Connection: [keep-alive]
      Content-Type: [application/json; charset=utf-8]
      User-Agent: [python/2.7.14 (Windows-10-10.0.17134) requests/2.19.1 msrest/0.5.4
          msrest_azure/0.4.34 networkmanagementclient/2.0.0rc3 Azure-SDK-For-Python
          AZURECLI/2.0.45]
      accept-language: [en-US]
    method: GET
    uri: https://management.azure.com/subscriptions/00000000-0000-0000-0000-000000000000/resourceGroups/cli_test_lb_probes000001/providers/Microsoft.Network/loadBalancers/lb1?api-version=2017-10-01
  response:
    body: {string: !!python/unicode "{\r\n  \"name\": \"lb1\",\r\n  \"id\": \"/subscriptions/00000000-0000-0000-0000-000000000000/resourceGroups/cli_test_lb_probes000001/providers/Microsoft.Network/loadBalancers/lb1\",\r\n
        \ \"etag\": \"W/\\\"93151ab3-e598-4576-979c-fdb8827f7002\\\"\",\r\n  \"type\":
        \"Microsoft.Network/loadBalancers\",\r\n  \"location\": \"westus\",\r\n  \"tags\":
        {},\r\n  \"properties\": {\r\n    \"provisioningState\": \"Succeeded\",\r\n
        \   \"resourceGuid\": \"bb57fba4-d4a6-41dd-bd05-098808febf25\",\r\n    \"frontendIPConfigurations\":
        [\r\n      {\r\n        \"name\": \"LoadBalancerFrontEnd\",\r\n        \"id\":
        \"/subscriptions/00000000-0000-0000-0000-000000000000/resourceGroups/cli_test_lb_probes000001/providers/Microsoft.Network/loadBalancers/lb1/frontendIPConfigurations/LoadBalancerFrontEnd\",\r\n
        \       \"etag\": \"W/\\\"93151ab3-e598-4576-979c-fdb8827f7002\\\"\",\r\n
        \       \"type\": \"Microsoft.Network/loadBalancers/frontendIPConfigurations\",\r\n
        \       \"properties\": {\r\n          \"provisioningState\": \"Succeeded\",\r\n
        \         \"privateIPAllocationMethod\": \"Dynamic\",\r\n          \"publicIPAddress\":
        {\r\n            \"id\": \"/subscriptions/00000000-0000-0000-0000-000000000000/resourceGroups/cli_test_lb_probes000001/providers/Microsoft.Network/publicIPAddresses/PublicIPlb1\"\r\n
        \         }\r\n        }\r\n      }\r\n    ],\r\n    \"backendAddressPools\":
        [\r\n      {\r\n        \"name\": \"lb1bepool\",\r\n        \"id\": \"/subscriptions/00000000-0000-0000-0000-000000000000/resourceGroups/cli_test_lb_probes000001/providers/Microsoft.Network/loadBalancers/lb1/backendAddressPools/lb1bepool\",\r\n
        \       \"etag\": \"W/\\\"93151ab3-e598-4576-979c-fdb8827f7002\\\"\",\r\n
        \       \"properties\": {\r\n          \"provisioningState\": \"Succeeded\"\r\n
        \       },\r\n        \"type\": \"Microsoft.Network/loadBalancers/backendAddressPools\"\r\n
        \     }\r\n    ],\r\n    \"loadBalancingRules\": [],\r\n    \"probes\": [\r\n
        \     {\r\n        \"name\": \"probe1\",\r\n        \"id\": \"/subscriptions/00000000-0000-0000-0000-000000000000/resourceGroups/cli_test_lb_probes000001/providers/Microsoft.Network/loadBalancers/lb1/probes/probe1\",\r\n
        \       \"etag\": \"W/\\\"93151ab3-e598-4576-979c-fdb8827f7002\\\"\",\r\n
        \       \"properties\": {\r\n          \"provisioningState\": \"Succeeded\",\r\n
        \         \"protocol\": \"Http\",\r\n          \"port\": 1,\r\n          \"requestPath\":
        \"/test1\",\r\n          \"intervalInSeconds\": 15,\r\n          \"numberOfProbes\":
        3\r\n        },\r\n        \"type\": \"Microsoft.Network/loadBalancers/probes\"\r\n
        \     },\r\n      {\r\n        \"name\": \"probe2\",\r\n        \"id\": \"/subscriptions/00000000-0000-0000-0000-000000000000/resourceGroups/cli_test_lb_probes000001/providers/Microsoft.Network/loadBalancers/lb1/probes/probe2\",\r\n
        \       \"etag\": \"W/\\\"93151ab3-e598-4576-979c-fdb8827f7002\\\"\",\r\n
        \       \"properties\": {\r\n          \"provisioningState\": \"Succeeded\",\r\n
        \         \"protocol\": \"Tcp\",\r\n          \"port\": 2,\r\n          \"intervalInSeconds\":
        15,\r\n          \"numberOfProbes\": 2\r\n        },\r\n        \"type\":
        \"Microsoft.Network/loadBalancers/probes\"\r\n      },\r\n      {\r\n        \"name\":
        \"probe3\",\r\n        \"id\": \"/subscriptions/00000000-0000-0000-0000-000000000000/resourceGroups/cli_test_lb_probes000001/providers/Microsoft.Network/loadBalancers/lb1/probes/probe3\",\r\n
        \       \"etag\": \"W/\\\"93151ab3-e598-4576-979c-fdb8827f7002\\\"\",\r\n
        \       \"properties\": {\r\n          \"provisioningState\": \"Succeeded\",\r\n
        \         \"protocol\": \"Http\",\r\n          \"port\": 3,\r\n          \"requestPath\":
        \"/test3\",\r\n          \"intervalInSeconds\": 15,\r\n          \"numberOfProbes\":
        2\r\n        },\r\n        \"type\": \"Microsoft.Network/loadBalancers/probes\"\r\n
        \     }\r\n    ],\r\n    \"inboundNatRules\": [],\r\n    \"inboundNatPools\":
        []\r\n  },\r\n  \"sku\": {\r\n    \"name\": \"Basic\",\r\n    \"tier\": \"Regional\"\r\n
        \ }\r\n}"}
    headers:
      cache-control: [no-cache]
      content-length: ['3937']
      content-type: [application/json; charset=utf-8]
      date: ['Tue, 21 Aug 2018 01:11:56 GMT']
      etag: [W/"93151ab3-e598-4576-979c-fdb8827f7002"]
      expires: ['-1']
      pragma: [no-cache]
      server: [Microsoft-HTTPAPI/2.0, Microsoft-HTTPAPI/2.0]
      strict-transport-security: [max-age=31536000; includeSubDomains]
      transfer-encoding: [chunked]
      vary: [Accept-Encoding]
      x-content-type-options: [nosniff]
    status: {code: 200, message: OK}
- request:
    body: !!python/unicode '{"sku": {"name": "Basic"}, "etag": "W/\"93151ab3-e598-4576-979c-fdb8827f7002\"",
      "location": "westus", "tags": {}, "properties": {"inboundNatRules": [], "frontendIPConfigurations":
      [{"etag": "W/\"93151ab3-e598-4576-979c-fdb8827f7002\"", "properties": {"privateIPAllocationMethod":
      "Dynamic", "provisioningState": "Succeeded", "publicIPAddress": {"id": "/subscriptions/00000000-0000-0000-0000-000000000000/resourceGroups/cli_test_lb_probes000001/providers/Microsoft.Network/publicIPAddresses/PublicIPlb1"}},
      "name": "LoadBalancerFrontEnd", "id": "/subscriptions/00000000-0000-0000-0000-000000000000/resourceGroups/cli_test_lb_probes000001/providers/Microsoft.Network/loadBalancers/lb1/frontendIPConfigurations/LoadBalancerFrontEnd"}],
      "loadBalancingRules": [], "backendAddressPools": [{"id": "/subscriptions/00000000-0000-0000-0000-000000000000/resourceGroups/cli_test_lb_probes000001/providers/Microsoft.Network/loadBalancers/lb1/backendAddressPools/lb1bepool",
      "etag": "W/\"93151ab3-e598-4576-979c-fdb8827f7002\"", "name": "lb1bepool", "properties":
      {"provisioningState": "Succeeded"}}], "inboundNatPools": [], "probes": [{"id":
      "/subscriptions/00000000-0000-0000-0000-000000000000/resourceGroups/cli_test_lb_probes000001/providers/Microsoft.Network/loadBalancers/lb1/probes/probe1",
      "etag": "W/\"93151ab3-e598-4576-979c-fdb8827f7002\"", "properties": {"protocol":
      "Http", "requestPath": "/test1", "intervalInSeconds": 15, "numberOfProbes":
      3, "port": 1, "provisioningState": "Succeeded"}, "name": "probe1"}, {"id": "/subscriptions/00000000-0000-0000-0000-000000000000/resourceGroups/cli_test_lb_probes000001/providers/Microsoft.Network/loadBalancers/lb1/probes/probe2",
      "etag": "W/\"93151ab3-e598-4576-979c-fdb8827f7002\"", "properties": {"protocol":
      "Tcp", "numberOfProbes": 2, "intervalInSeconds": 15, "port": 2, "provisioningState":
      "Succeeded"}, "name": "probe2"}], "resourceGuid": "bb57fba4-d4a6-41dd-bd05-098808febf25",
      "provisioningState": "Succeeded"}, "id": "/subscriptions/00000000-0000-0000-0000-000000000000/resourceGroups/cli_test_lb_probes000001/providers/Microsoft.Network/loadBalancers/lb1"}'
    headers:
      Accept: [application/json]
      Accept-Encoding: ['gzip, deflate']
      CommandName: [network lb probe delete]
      Connection: [keep-alive]
      Content-Length: ['2415']
      Content-Type: [application/json; charset=utf-8]
      User-Agent: [python/2.7.14 (Windows-10-10.0.17134) requests/2.19.1 msrest/0.5.4
          msrest_azure/0.4.34 networkmanagementclient/2.0.0rc3 Azure-SDK-For-Python
          AZURECLI/2.0.45]
      accept-language: [en-US]
    method: PUT
    uri: https://management.azure.com/subscriptions/00000000-0000-0000-0000-000000000000/resourceGroups/cli_test_lb_probes000001/providers/Microsoft.Network/loadBalancers/lb1?api-version=2017-10-01
  response:
    body: {string: !!python/unicode "{\r\n  \"name\": \"lb1\",\r\n  \"id\": \"/subscriptions/00000000-0000-0000-0000-000000000000/resourceGroups/cli_test_lb_probes000001/providers/Microsoft.Network/loadBalancers/lb1\",\r\n
        \ \"etag\": \"W/\\\"ea6e9e3f-ec39-4e07-acf6-81a49794481e\\\"\",\r\n  \"type\":
        \"Microsoft.Network/loadBalancers\",\r\n  \"location\": \"westus\",\r\n  \"tags\":
        {},\r\n  \"properties\": {\r\n    \"provisioningState\": \"Succeeded\",\r\n
        \   \"resourceGuid\": \"bb57fba4-d4a6-41dd-bd05-098808febf25\",\r\n    \"frontendIPConfigurations\":
        [\r\n      {\r\n        \"name\": \"LoadBalancerFrontEnd\",\r\n        \"id\":
        \"/subscriptions/00000000-0000-0000-0000-000000000000/resourceGroups/cli_test_lb_probes000001/providers/Microsoft.Network/loadBalancers/lb1/frontendIPConfigurations/LoadBalancerFrontEnd\",\r\n
        \       \"etag\": \"W/\\\"ea6e9e3f-ec39-4e07-acf6-81a49794481e\\\"\",\r\n
        \       \"type\": \"Microsoft.Network/loadBalancers/frontendIPConfigurations\",\r\n
        \       \"properties\": {\r\n          \"provisioningState\": \"Succeeded\",\r\n
        \         \"privateIPAllocationMethod\": \"Dynamic\",\r\n          \"publicIPAddress\":
        {\r\n            \"id\": \"/subscriptions/00000000-0000-0000-0000-000000000000/resourceGroups/cli_test_lb_probes000001/providers/Microsoft.Network/publicIPAddresses/PublicIPlb1\"\r\n
        \         }\r\n        }\r\n      }\r\n    ],\r\n    \"backendAddressPools\":
        [\r\n      {\r\n        \"name\": \"lb1bepool\",\r\n        \"id\": \"/subscriptions/00000000-0000-0000-0000-000000000000/resourceGroups/cli_test_lb_probes000001/providers/Microsoft.Network/loadBalancers/lb1/backendAddressPools/lb1bepool\",\r\n
        \       \"etag\": \"W/\\\"ea6e9e3f-ec39-4e07-acf6-81a49794481e\\\"\",\r\n
        \       \"properties\": {\r\n          \"provisioningState\": \"Succeeded\"\r\n
        \       },\r\n        \"type\": \"Microsoft.Network/loadBalancers/backendAddressPools\"\r\n
        \     }\r\n    ],\r\n    \"loadBalancingRules\": [],\r\n    \"probes\": [\r\n
        \     {\r\n        \"name\": \"probe1\",\r\n        \"id\": \"/subscriptions/00000000-0000-0000-0000-000000000000/resourceGroups/cli_test_lb_probes000001/providers/Microsoft.Network/loadBalancers/lb1/probes/probe1\",\r\n
        \       \"etag\": \"W/\\\"ea6e9e3f-ec39-4e07-acf6-81a49794481e\\\"\",\r\n
        \       \"properties\": {\r\n          \"provisioningState\": \"Succeeded\",\r\n
        \         \"protocol\": \"Http\",\r\n          \"port\": 1,\r\n          \"requestPath\":
        \"/test1\",\r\n          \"intervalInSeconds\": 15,\r\n          \"numberOfProbes\":
        3\r\n        },\r\n        \"type\": \"Microsoft.Network/loadBalancers/probes\"\r\n
        \     },\r\n      {\r\n        \"name\": \"probe2\",\r\n        \"id\": \"/subscriptions/00000000-0000-0000-0000-000000000000/resourceGroups/cli_test_lb_probes000001/providers/Microsoft.Network/loadBalancers/lb1/probes/probe2\",\r\n
        \       \"etag\": \"W/\\\"ea6e9e3f-ec39-4e07-acf6-81a49794481e\\\"\",\r\n
        \       \"properties\": {\r\n          \"provisioningState\": \"Succeeded\",\r\n
        \         \"protocol\": \"Tcp\",\r\n          \"port\": 2,\r\n          \"intervalInSeconds\":
        15,\r\n          \"numberOfProbes\": 2\r\n        },\r\n        \"type\":
        \"Microsoft.Network/loadBalancers/probes\"\r\n      }\r\n    ],\r\n    \"inboundNatRules\":
        [],\r\n    \"inboundNatPools\": []\r\n  },\r\n  \"sku\": {\r\n    \"name\":
        \"Basic\",\r\n    \"tier\": \"Regional\"\r\n  }\r\n}"}
    headers:
      azure-asyncoperation: ['https://management.azure.com/subscriptions/00000000-0000-0000-0000-000000000000/providers/Microsoft.Network/locations/westus/operations/65897ea0-4469-4ce6-bafb-b175e046fb27?api-version=2017-10-01']
      cache-control: [no-cache]
      content-length: ['3311']
      content-type: [application/json; charset=utf-8]
      date: ['Tue, 21 Aug 2018 01:11:56 GMT']
      expires: ['-1']
      pragma: [no-cache]
      server: [Microsoft-HTTPAPI/2.0, Microsoft-HTTPAPI/2.0]
      strict-transport-security: [max-age=31536000; includeSubDomains]
      transfer-encoding: [chunked]
      vary: [Accept-Encoding]
      x-content-type-options: [nosniff]
      x-ms-ratelimit-remaining-subscription-writes: ['1199']
    status: {code: 200, message: OK}
- request:
    body: null
    headers:
      Accept: [application/json]
      Accept-Encoding: ['gzip, deflate']
      CommandName: [network lb probe delete]
      Connection: [keep-alive]
      User-Agent: [python/2.7.14 (Windows-10-10.0.17134) requests/2.19.1 msrest/0.5.4
          msrest_azure/0.4.34 networkmanagementclient/2.0.0rc3 Azure-SDK-For-Python
          AZURECLI/2.0.45]
    method: GET
    uri: https://management.azure.com/subscriptions/00000000-0000-0000-0000-000000000000/providers/Microsoft.Network/locations/westus/operations/65897ea0-4469-4ce6-bafb-b175e046fb27?api-version=2017-10-01
  response:
    body: {string: !!python/unicode "{\r\n  \"status\": \"Succeeded\"\r\n}"}
    headers:
      cache-control: [no-cache]
      content-length: ['29']
      content-type: [application/json; charset=utf-8]
      date: ['Tue, 21 Aug 2018 01:12:27 GMT']
      expires: ['-1']
      pragma: [no-cache]
      server: [Microsoft-HTTPAPI/2.0, Microsoft-HTTPAPI/2.0]
      strict-transport-security: [max-age=31536000; includeSubDomains]
      transfer-encoding: [chunked]
      vary: [Accept-Encoding]
      x-content-type-options: [nosniff]
    status: {code: 200, message: OK}
- request:
    body: null
    headers:
      Accept: [application/json]
      Accept-Encoding: ['gzip, deflate']
      CommandName: [network lb probe delete]
      Connection: [keep-alive]
      User-Agent: [python/2.7.14 (Windows-10-10.0.17134) requests/2.19.1 msrest/0.5.4
          msrest_azure/0.4.34 networkmanagementclient/2.0.0rc3 Azure-SDK-For-Python
          AZURECLI/2.0.45]
    method: GET
    uri: https://management.azure.com/subscriptions/00000000-0000-0000-0000-000000000000/resourceGroups/cli_test_lb_probes000001/providers/Microsoft.Network/loadBalancers/lb1?api-version=2017-10-01
  response:
    body: {string: !!python/unicode "{\r\n  \"name\": \"lb1\",\r\n  \"id\": \"/subscriptions/00000000-0000-0000-0000-000000000000/resourceGroups/cli_test_lb_probes000001/providers/Microsoft.Network/loadBalancers/lb1\",\r\n
        \ \"etag\": \"W/\\\"ea6e9e3f-ec39-4e07-acf6-81a49794481e\\\"\",\r\n  \"type\":
        \"Microsoft.Network/loadBalancers\",\r\n  \"location\": \"westus\",\r\n  \"tags\":
        {},\r\n  \"properties\": {\r\n    \"provisioningState\": \"Succeeded\",\r\n
        \   \"resourceGuid\": \"bb57fba4-d4a6-41dd-bd05-098808febf25\",\r\n    \"frontendIPConfigurations\":
        [\r\n      {\r\n        \"name\": \"LoadBalancerFrontEnd\",\r\n        \"id\":
        \"/subscriptions/00000000-0000-0000-0000-000000000000/resourceGroups/cli_test_lb_probes000001/providers/Microsoft.Network/loadBalancers/lb1/frontendIPConfigurations/LoadBalancerFrontEnd\",\r\n
        \       \"etag\": \"W/\\\"ea6e9e3f-ec39-4e07-acf6-81a49794481e\\\"\",\r\n
        \       \"type\": \"Microsoft.Network/loadBalancers/frontendIPConfigurations\",\r\n
        \       \"properties\": {\r\n          \"provisioningState\": \"Succeeded\",\r\n
        \         \"privateIPAllocationMethod\": \"Dynamic\",\r\n          \"publicIPAddress\":
        {\r\n            \"id\": \"/subscriptions/00000000-0000-0000-0000-000000000000/resourceGroups/cli_test_lb_probes000001/providers/Microsoft.Network/publicIPAddresses/PublicIPlb1\"\r\n
        \         }\r\n        }\r\n      }\r\n    ],\r\n    \"backendAddressPools\":
        [\r\n      {\r\n        \"name\": \"lb1bepool\",\r\n        \"id\": \"/subscriptions/00000000-0000-0000-0000-000000000000/resourceGroups/cli_test_lb_probes000001/providers/Microsoft.Network/loadBalancers/lb1/backendAddressPools/lb1bepool\",\r\n
        \       \"etag\": \"W/\\\"ea6e9e3f-ec39-4e07-acf6-81a49794481e\\\"\",\r\n
        \       \"properties\": {\r\n          \"provisioningState\": \"Succeeded\"\r\n
        \       },\r\n        \"type\": \"Microsoft.Network/loadBalancers/backendAddressPools\"\r\n
        \     }\r\n    ],\r\n    \"loadBalancingRules\": [],\r\n    \"probes\": [\r\n
        \     {\r\n        \"name\": \"probe1\",\r\n        \"id\": \"/subscriptions/00000000-0000-0000-0000-000000000000/resourceGroups/cli_test_lb_probes000001/providers/Microsoft.Network/loadBalancers/lb1/probes/probe1\",\r\n
        \       \"etag\": \"W/\\\"ea6e9e3f-ec39-4e07-acf6-81a49794481e\\\"\",\r\n
        \       \"properties\": {\r\n          \"provisioningState\": \"Succeeded\",\r\n
        \         \"protocol\": \"Http\",\r\n          \"port\": 1,\r\n          \"requestPath\":
        \"/test1\",\r\n          \"intervalInSeconds\": 15,\r\n          \"numberOfProbes\":
        3\r\n        },\r\n        \"type\": \"Microsoft.Network/loadBalancers/probes\"\r\n
        \     },\r\n      {\r\n        \"name\": \"probe2\",\r\n        \"id\": \"/subscriptions/00000000-0000-0000-0000-000000000000/resourceGroups/cli_test_lb_probes000001/providers/Microsoft.Network/loadBalancers/lb1/probes/probe2\",\r\n
        \       \"etag\": \"W/\\\"ea6e9e3f-ec39-4e07-acf6-81a49794481e\\\"\",\r\n
        \       \"properties\": {\r\n          \"provisioningState\": \"Succeeded\",\r\n
        \         \"protocol\": \"Tcp\",\r\n          \"port\": 2,\r\n          \"intervalInSeconds\":
        15,\r\n          \"numberOfProbes\": 2\r\n        },\r\n        \"type\":
        \"Microsoft.Network/loadBalancers/probes\"\r\n      }\r\n    ],\r\n    \"inboundNatRules\":
        [],\r\n    \"inboundNatPools\": []\r\n  },\r\n  \"sku\": {\r\n    \"name\":
        \"Basic\",\r\n    \"tier\": \"Regional\"\r\n  }\r\n}"}
    headers:
      cache-control: [no-cache]
      content-length: ['3311']
      content-type: [application/json; charset=utf-8]
      date: ['Tue, 21 Aug 2018 01:12:27 GMT']
      etag: [W/"ea6e9e3f-ec39-4e07-acf6-81a49794481e"]
      expires: ['-1']
      pragma: [no-cache]
      server: [Microsoft-HTTPAPI/2.0, Microsoft-HTTPAPI/2.0]
      strict-transport-security: [max-age=31536000; includeSubDomains]
      transfer-encoding: [chunked]
      vary: [Accept-Encoding]
      x-content-type-options: [nosniff]
    status: {code: 200, message: OK}
- request:
    body: null
    headers:
      Accept: [application/json]
      Accept-Encoding: ['gzip, deflate']
      CommandName: [network lb probe list]
      Connection: [keep-alive]
      Content-Type: [application/json; charset=utf-8]
      User-Agent: [python/2.7.14 (Windows-10-10.0.17134) requests/2.19.1 msrest/0.5.4
          msrest_azure/0.4.34 networkmanagementclient/2.0.0rc3 Azure-SDK-For-Python
          AZURECLI/2.0.45]
      accept-language: [en-US]
    method: GET
    uri: https://management.azure.com/subscriptions/00000000-0000-0000-0000-000000000000/resourceGroups/cli_test_lb_probes000001/providers/Microsoft.Network/loadBalancers/lb1?api-version=2017-10-01
  response:
    body: {string: !!python/unicode "{\r\n  \"name\": \"lb1\",\r\n  \"id\": \"/subscriptions/00000000-0000-0000-0000-000000000000/resourceGroups/cli_test_lb_probes000001/providers/Microsoft.Network/loadBalancers/lb1\",\r\n
        \ \"etag\": \"W/\\\"ea6e9e3f-ec39-4e07-acf6-81a49794481e\\\"\",\r\n  \"type\":
        \"Microsoft.Network/loadBalancers\",\r\n  \"location\": \"westus\",\r\n  \"tags\":
        {},\r\n  \"properties\": {\r\n    \"provisioningState\": \"Succeeded\",\r\n
        \   \"resourceGuid\": \"bb57fba4-d4a6-41dd-bd05-098808febf25\",\r\n    \"frontendIPConfigurations\":
        [\r\n      {\r\n        \"name\": \"LoadBalancerFrontEnd\",\r\n        \"id\":
        \"/subscriptions/00000000-0000-0000-0000-000000000000/resourceGroups/cli_test_lb_probes000001/providers/Microsoft.Network/loadBalancers/lb1/frontendIPConfigurations/LoadBalancerFrontEnd\",\r\n
        \       \"etag\": \"W/\\\"ea6e9e3f-ec39-4e07-acf6-81a49794481e\\\"\",\r\n
        \       \"type\": \"Microsoft.Network/loadBalancers/frontendIPConfigurations\",\r\n
        \       \"properties\": {\r\n          \"provisioningState\": \"Succeeded\",\r\n
        \         \"privateIPAllocationMethod\": \"Dynamic\",\r\n          \"publicIPAddress\":
        {\r\n            \"id\": \"/subscriptions/00000000-0000-0000-0000-000000000000/resourceGroups/cli_test_lb_probes000001/providers/Microsoft.Network/publicIPAddresses/PublicIPlb1\"\r\n
        \         }\r\n        }\r\n      }\r\n    ],\r\n    \"backendAddressPools\":
        [\r\n      {\r\n        \"name\": \"lb1bepool\",\r\n        \"id\": \"/subscriptions/00000000-0000-0000-0000-000000000000/resourceGroups/cli_test_lb_probes000001/providers/Microsoft.Network/loadBalancers/lb1/backendAddressPools/lb1bepool\",\r\n
        \       \"etag\": \"W/\\\"ea6e9e3f-ec39-4e07-acf6-81a49794481e\\\"\",\r\n
        \       \"properties\": {\r\n          \"provisioningState\": \"Succeeded\"\r\n
        \       },\r\n        \"type\": \"Microsoft.Network/loadBalancers/backendAddressPools\"\r\n
        \     }\r\n    ],\r\n    \"loadBalancingRules\": [],\r\n    \"probes\": [\r\n
        \     {\r\n        \"name\": \"probe1\",\r\n        \"id\": \"/subscriptions/00000000-0000-0000-0000-000000000000/resourceGroups/cli_test_lb_probes000001/providers/Microsoft.Network/loadBalancers/lb1/probes/probe1\",\r\n
        \       \"etag\": \"W/\\\"ea6e9e3f-ec39-4e07-acf6-81a49794481e\\\"\",\r\n
        \       \"properties\": {\r\n          \"provisioningState\": \"Succeeded\",\r\n
        \         \"protocol\": \"Http\",\r\n          \"port\": 1,\r\n          \"requestPath\":
        \"/test1\",\r\n          \"intervalInSeconds\": 15,\r\n          \"numberOfProbes\":
        3\r\n        },\r\n        \"type\": \"Microsoft.Network/loadBalancers/probes\"\r\n
        \     },\r\n      {\r\n        \"name\": \"probe2\",\r\n        \"id\": \"/subscriptions/00000000-0000-0000-0000-000000000000/resourceGroups/cli_test_lb_probes000001/providers/Microsoft.Network/loadBalancers/lb1/probes/probe2\",\r\n
        \       \"etag\": \"W/\\\"ea6e9e3f-ec39-4e07-acf6-81a49794481e\\\"\",\r\n
        \       \"properties\": {\r\n          \"provisioningState\": \"Succeeded\",\r\n
        \         \"protocol\": \"Tcp\",\r\n          \"port\": 2,\r\n          \"intervalInSeconds\":
        15,\r\n          \"numberOfProbes\": 2\r\n        },\r\n        \"type\":
        \"Microsoft.Network/loadBalancers/probes\"\r\n      }\r\n    ],\r\n    \"inboundNatRules\":
        [],\r\n    \"inboundNatPools\": []\r\n  },\r\n  \"sku\": {\r\n    \"name\":
        \"Basic\",\r\n    \"tier\": \"Regional\"\r\n  }\r\n}"}
    headers:
      cache-control: [no-cache]
      content-length: ['3311']
      content-type: [application/json; charset=utf-8]
      date: ['Tue, 21 Aug 2018 01:12:28 GMT']
      etag: [W/"ea6e9e3f-ec39-4e07-acf6-81a49794481e"]
      expires: ['-1']
      pragma: [no-cache]
      server: [Microsoft-HTTPAPI/2.0, Microsoft-HTTPAPI/2.0]
      strict-transport-security: [max-age=31536000; includeSubDomains]
      transfer-encoding: [chunked]
      vary: [Accept-Encoding]
      x-content-type-options: [nosniff]
    status: {code: 200, message: OK}
- request:
    body: null
    headers:
      Accept: [application/json]
      Accept-Encoding: ['gzip, deflate']
      CommandName: [group delete]
      Connection: [keep-alive]
      Content-Length: ['0']
      Content-Type: [application/json; charset=utf-8]
      User-Agent: [python/2.7.14 (Windows-10-10.0.17134) requests/2.19.1 msrest/0.5.4
          msrest_azure/0.4.34 resourcemanagementclient/2.0.0 Azure-SDK-For-Python
          AZURECLI/2.0.45]
      accept-language: [en-US]
    method: DELETE
    uri: https://management.azure.com/subscriptions/00000000-0000-0000-0000-000000000000/resourcegroups/cli_test_lb_probes000001?api-version=2018-02-01
  response:
    body: {string: !!python/unicode ''}
    headers:
      cache-control: [no-cache]
      content-length: ['0']
      date: ['Tue, 21 Aug 2018 01:12:30 GMT']
      expires: ['-1']
      location: ['https://management.azure.com/subscriptions/00000000-0000-0000-0000-000000000000/operationresults/eyJqb2JJZCI6IlJFU09VUkNFR1JPVVBERUxFVElPTkpPQi1DTEk6NUZURVNUOjVGTEI6NUZQUk9CRVM1TTZPWkxKVDdTWUhQTUpUQkNMWko0U3wzQUZCMkU0QUVGOTk0NDQ2LVdFU1RVUyIsImpvYkxvY2F0aW9uIjoid2VzdHVzIn0?api-version=2018-02-01']
      pragma: [no-cache]
      strict-transport-security: [max-age=31536000; includeSubDomains]
      x-content-type-options: [nosniff]
      x-ms-ratelimit-remaining-subscription-deletes: ['14999']
    status: {code: 202, message: Accepted}
version: 1
