interactions:
- request:
    body: null
    headers:
      Accept:
      - application/json
      Accept-Encoding:
      - gzip, deflate
      CommandName:
      - storage account keys list
      Connection:
      - keep-alive
      Content-Length:
      - '0'
      ParameterSetName:
      - -n -g --query -o
      User-Agent:
      - python/3.8.5 (Windows-10-10.0.19041-SP0) msrest/0.6.18 msrest_azure/0.6.3
        azure-mgmt-storage/11.1.0 Azure-SDK-For-Python AZURECLI/2.11.1
      accept-language:
      - en-US
    method: POST
    uri: https://management.azure.com/subscriptions/00000000-0000-0000-0000-000000000000/resourceGroups/clitest.rg000001/providers/Microsoft.Storage/storageAccounts/clitest000002/listKeys?api-version=2019-06-01
  response:
    body:
      string: '{"keys":[{"keyName":"key1","value":"veryFakedStorageAccountKey==","permissions":"FULL"},{"keyName":"key2","value":"veryFakedStorageAccountKey==","permissions":"FULL"}]}'
    headers:
      cache-control:
      - no-cache
      content-length:
      - '288'
      content-type:
      - application/json
      date:
      - Tue, 29 Sep 2020 05:53:59 GMT
      expires:
      - '-1'
      pragma:
      - no-cache
      server:
      - Microsoft-Azure-Storage-Resource-Provider/1.0,Microsoft-HTTPAPI/2.0 Microsoft-HTTPAPI/2.0
      strict-transport-security:
      - max-age=31536000; includeSubDomains
      transfer-encoding:
      - chunked
      vary:
      - Accept-Encoding
      x-content-type-options:
      - nosniff
      x-ms-ratelimit-remaining-subscription-resource-requests:
      - '11999'
    status:
      code: 200
      message: OK
- request:
    body: null
    headers:
      Connection:
      - keep-alive
      Content-Length:
      - '0'
      User-Agent:
      - Azure-Storage/2.0.0-2.0.1 (Python CPython 3.8.5; Windows 10) AZURECLI/2.11.1
      x-ms-date:
      - Tue, 29 Sep 2020 05:53:59 GMT
      x-ms-version:
      - '2018-11-09'
    method: PUT
    uri: https://clitest000002.file.core.windows.net/share000003?restype=share
  response:
    body:
      string: ''
    headers:
      content-length:
      - '0'
      date:
      - Tue, 29 Sep 2020 05:53:59 GMT
      etag:
      - '"0x8D8643C10164C54"'
      last-modified:
      - Tue, 29 Sep 2020 05:54:00 GMT
      server:
      - Windows-Azure-File/1.0 Microsoft-HTTPAPI/2.0
      x-ms-version:
      - '2018-11-09'
    status:
      code: 201
      message: Created
- request:
    body: null
    headers:
      Connection:
      - keep-alive
      User-Agent:
      - Azure-Storage/2.0.0-2.0.1 (Python CPython 3.8.5; Windows 10) AZURECLI/2.11.1
      x-ms-date:
      - Tue, 29 Sep 2020 05:53:59 GMT
      x-ms-version:
      - '2018-11-09'
    method: GET
    uri: https://clitest000002.file.core.windows.net/share000003?restype=share&comp=acl
  response:
    body:
      string: "\uFEFF<?xml version=\"1.0\" encoding=\"utf-8\"?><SignedIdentifiers
        />"
    headers:
      content-type:
      - application/xml
      date:
      - Tue, 29 Sep 2020 05:54:00 GMT
      etag:
      - '"0x8D8643C10164C54"'
      last-modified:
      - Tue, 29 Sep 2020 05:54:00 GMT
      server:
      - Windows-Azure-File/1.0 Microsoft-HTTPAPI/2.0
      transfer-encoding:
      - chunked
      x-ms-version:
      - '2018-11-09'
    status:
      code: 200
      message: OK
- request:
    body: null
    headers:
      Connection:
      - keep-alive
      User-Agent:
      - Azure-Storage/2.0.0-2.0.1 (Python CPython 3.8.5; Windows 10) AZURECLI/2.11.1
      x-ms-date:
      - Tue, 29 Sep 2020 05:54:00 GMT
      x-ms-version:
      - '2018-11-09'
    method: GET
    uri: https://clitest000002.file.core.windows.net/share000003?restype=share&comp=acl
  response:
    body:
      string: "\uFEFF<?xml version=\"1.0\" encoding=\"utf-8\"?><SignedIdentifiers
        />"
    headers:
      content-type:
      - application/xml
      date:
      - Tue, 29 Sep 2020 05:54:01 GMT
      etag:
      - '"0x8D8643C10164C54"'
      last-modified:
      - Tue, 29 Sep 2020 05:54:00 GMT
      server:
      - Windows-Azure-File/1.0 Microsoft-HTTPAPI/2.0
      transfer-encoding:
      - chunked
      x-ms-version:
      - '2018-11-09'
    status:
      code: 200
      message: OK
- request:
    body: '<?xml version=''1.0'' encoding=''utf-8''?>

      <SignedIdentifiers><SignedIdentifier><Id>test1</Id><AccessPolicy><Permission>l</Permission></AccessPolicy></SignedIdentifier></SignedIdentifiers>'
    headers:
      Connection:
      - keep-alive
      Content-Length:
      - '184'
      User-Agent:
      - Azure-Storage/2.0.0-2.0.1 (Python CPython 3.8.5; Windows 10) AZURECLI/2.11.1
      x-ms-date:
      - Tue, 29 Sep 2020 05:54:00 GMT
      x-ms-version:
      - '2018-11-09'
    method: PUT
    uri: https://clitest000002.file.core.windows.net/share000003?restype=share&comp=acl
  response:
    body:
      string: ''
    headers:
      content-length:
      - '0'
      date:
      - Tue, 29 Sep 2020 05:54:01 GMT
      etag:
      - '"0x8D8643C1093F425"'
      last-modified:
      - Tue, 29 Sep 2020 05:54:01 GMT
      server:
      - Windows-Azure-File/1.0 Microsoft-HTTPAPI/2.0
      x-ms-version:
      - '2018-11-09'
    status:
      code: 200
      message: OK
- request:
    body: null
    headers:
      Connection:
      - keep-alive
      User-Agent:
      - Azure-Storage/2.0.0-2.0.1 (Python CPython 3.8.5; Windows 10) AZURECLI/2.11.1
      x-ms-date:
      - Tue, 29 Sep 2020 05:54:00 GMT
      x-ms-version:
      - '2018-11-09'
    method: GET
    uri: https://clitest000002.file.core.windows.net/share000003?restype=share&comp=acl
  response:
    body:
      string: "\uFEFF<?xml version=\"1.0\" encoding=\"utf-8\"?><SignedIdentifiers><SignedIdentifier><Id>test1</Id><AccessPolicy><Permission>l</Permission></AccessPolicy></SignedIdentifier></SignedIdentifiers>"
    headers:
      content-type:
      - application/xml
      date:
      - Tue, 29 Sep 2020 05:54:00 GMT
      etag:
      - '"0x8D8643C1093F425"'
      last-modified:
      - Tue, 29 Sep 2020 05:54:01 GMT
      server:
      - Windows-Azure-File/1.0 Microsoft-HTTPAPI/2.0
      transfer-encoding:
      - chunked
      x-ms-version:
      - '2018-11-09'
    status:
      code: 200
      message: OK
- request:
    body: '<?xml version=''1.0'' encoding=''utf-8''?>

      <SignedIdentifiers><SignedIdentifier><Id>test1</Id><AccessPolicy><Permission>l</Permission></AccessPolicy></SignedIdentifier><SignedIdentifier><Id>test2</Id><AccessPolicy><Start>2016-01-01T00:00Z</Start></AccessPolicy></SignedIdentifier></SignedIdentifiers>'
    headers:
      Connection:
      - keep-alive
      Content-Length:
      - '296'
      User-Agent:
      - Azure-Storage/2.0.0-2.0.1 (Python CPython 3.8.5; Windows 10) AZURECLI/2.11.1
      x-ms-date:
      - Tue, 29 Sep 2020 05:54:01 GMT
      x-ms-version:
      - '2018-11-09'
    method: PUT
    uri: https://clitest000002.file.core.windows.net/share000003?restype=share&comp=acl
  response:
    body:
      string: ''
    headers:
      content-length:
      - '0'
      date:
      - Tue, 29 Sep 2020 05:54:00 GMT
      etag:
      - '"0x8D8643C10D68754"'
      last-modified:
      - Tue, 29 Sep 2020 05:54:01 GMT
      server:
      - Windows-Azure-File/1.0 Microsoft-HTTPAPI/2.0
      x-ms-version:
      - '2018-11-09'
    status:
      code: 200
      message: OK
- request:
    body: null
    headers:
      Connection:
      - keep-alive
      User-Agent:
      - Azure-Storage/2.0.0-2.0.1 (Python CPython 3.8.5; Windows 10) AZURECLI/2.11.1
      x-ms-date:
      - Tue, 29 Sep 2020 05:54:01 GMT
      x-ms-version:
      - '2018-11-09'
    method: GET
    uri: https://clitest000002.file.core.windows.net/share000003?restype=share&comp=acl
  response:
    body:
      string: "\uFEFF<?xml version=\"1.0\" encoding=\"utf-8\"?><SignedIdentifiers><SignedIdentifier><Id>test1</Id><AccessPolicy><Permission>l</Permission></AccessPolicy></SignedIdentifier><SignedIdentifier><Id>test2</Id><AccessPolicy><Start>2016-01-01T00:00:00.0000000Z</Start></AccessPolicy></SignedIdentifier></SignedIdentifiers>"
    headers:
      content-type:
      - application/xml
      date:
      - Tue, 29 Sep 2020 05:54:01 GMT
      etag:
      - '"0x8D8643C10D68754"'
      last-modified:
      - Tue, 29 Sep 2020 05:54:01 GMT
      server:
      - Windows-Azure-File/1.0 Microsoft-HTTPAPI/2.0
      transfer-encoding:
      - chunked
      x-ms-version:
      - '2018-11-09'
    status:
      code: 200
      message: OK
- request:
    body: '<?xml version=''1.0'' encoding=''utf-8''?>

      <SignedIdentifiers><SignedIdentifier><Id>test1</Id><AccessPolicy><Permission>l</Permission></AccessPolicy></SignedIdentifier><SignedIdentifier><Id>test2</Id><AccessPolicy><Start>2016-01-01T00:00:00Z</Start></AccessPolicy></SignedIdentifier><SignedIdentifier><Id>test3</Id><AccessPolicy><Expiry>2018-01-01T00:00Z</Expiry></AccessPolicy></SignedIdentifier></SignedIdentifiers>'
    headers:
      Connection:
      - keep-alive
      Content-Length:
      - '413'
      User-Agent:
      - Azure-Storage/2.0.0-2.0.1 (Python CPython 3.8.5; Windows 10) AZURECLI/2.11.1
      x-ms-date:
      - Tue, 29 Sep 2020 05:54:01 GMT
      x-ms-version:
      - '2018-11-09'
    method: PUT
    uri: https://clitest000002.file.core.windows.net/share000003?restype=share&comp=acl
  response:
    body:
      string: ''
    headers:
      content-length:
      - '0'
      date:
      - Tue, 29 Sep 2020 05:54:01 GMT
      etag:
      - '"0x8D8643C111D8816"'
      last-modified:
      - Tue, 29 Sep 2020 05:54:02 GMT
      server:
      - Windows-Azure-File/1.0 Microsoft-HTTPAPI/2.0
      x-ms-version:
      - '2018-11-09'
    status:
      code: 200
      message: OK
- request:
    body: null
    headers:
      Connection:
      - keep-alive
      User-Agent:
      - Azure-Storage/2.0.0-2.0.1 (Python CPython 3.8.5; Windows 10) AZURECLI/2.11.1
      x-ms-date:
      - Tue, 29 Sep 2020 05:54:01 GMT
      x-ms-version:
      - '2018-11-09'
    method: GET
    uri: https://clitest000002.file.core.windows.net/share000003?restype=share&comp=acl
  response:
    body:
      string: "\uFEFF<?xml version=\"1.0\" encoding=\"utf-8\"?><SignedIdentifiers><SignedIdentifier><Id>test1</Id><AccessPolicy><Permission>l</Permission></AccessPolicy></SignedIdentifier><SignedIdentifier><Id>test2</Id><AccessPolicy><Start>2016-01-01T00:00:00.0000000Z</Start></AccessPolicy></SignedIdentifier><SignedIdentifier><Id>test3</Id><AccessPolicy><Expiry>2018-01-01T00:00:00.0000000Z</Expiry></AccessPolicy></SignedIdentifier></SignedIdentifiers>"
    headers:
      content-type:
      - application/xml
      date:
      - Tue, 29 Sep 2020 05:54:02 GMT
      etag:
      - '"0x8D8643C111D8816"'
      last-modified:
      - Tue, 29 Sep 2020 05:54:02 GMT
      server:
      - Windows-Azure-File/1.0 Microsoft-HTTPAPI/2.0
      transfer-encoding:
      - chunked
      x-ms-version:
      - '2018-11-09'
    status:
      code: 200
      message: OK
- request:
    body: '<?xml version=''1.0'' encoding=''utf-8''?>

      <SignedIdentifiers><SignedIdentifier><Id>test1</Id><AccessPolicy><Permission>l</Permission></AccessPolicy></SignedIdentifier><SignedIdentifier><Id>test2</Id><AccessPolicy><Start>2016-01-01T00:00:00Z</Start></AccessPolicy></SignedIdentifier><SignedIdentifier><Id>test3</Id><AccessPolicy><Expiry>2018-01-01T00:00:00Z</Expiry></AccessPolicy></SignedIdentifier><SignedIdentifier><Id>test4</Id><AccessPolicy><Start>2016-01-01T00:00Z</Start><Expiry>2016-05-01T00:00Z</Expiry><Permission>rwdl</Permission></AccessPolicy></SignedIdentifier></SignedIdentifiers>'
    headers:
      Connection:
      - keep-alive
      Content-Length:
      - '591'
      User-Agent:
      - Azure-Storage/2.0.0-2.0.1 (Python CPython 3.8.5; Windows 10) AZURECLI/2.11.1
      x-ms-date:
      - Tue, 29 Sep 2020 05:54:02 GMT
      x-ms-version:
      - '2018-11-09'
    method: PUT
    uri: https://clitest000002.file.core.windows.net/share000003?restype=share&comp=acl
  response:
    body:
      string: ''
    headers:
      content-length:
      - '0'
      date:
      - Tue, 29 Sep 2020 05:54:02 GMT
      etag:
      - '"0x8D8643C11A5E35A"'
      last-modified:
      - Tue, 29 Sep 2020 05:54:02 GMT
      server:
      - Windows-Azure-File/1.0 Microsoft-HTTPAPI/2.0
      x-ms-version:
      - '2018-11-09'
    status:
      code: 200
      message: OK
- request:
    body: null
    headers:
      Connection:
      - keep-alive
      User-Agent:
      - Azure-Storage/2.0.0-2.0.1 (Python CPython 3.8.5; Windows 10) AZURECLI/2.11.1
      x-ms-date:
      - Tue, 29 Sep 2020 05:54:02 GMT
      x-ms-version:
      - '2018-11-09'
    method: GET
    uri: https://clitest000002.file.core.windows.net/share000003?restype=share&comp=acl
  response:
    body:
      string: "\uFEFF<?xml version=\"1.0\" encoding=\"utf-8\"?><SignedIdentifiers><SignedIdentifier><Id>test1</Id><AccessPolicy><Permission>l</Permission></AccessPolicy></SignedIdentifier><SignedIdentifier><Id>test2</Id><AccessPolicy><Start>2016-01-01T00:00:00.0000000Z</Start></AccessPolicy></SignedIdentifier><SignedIdentifier><Id>test3</Id><AccessPolicy><Expiry>2018-01-01T00:00:00.0000000Z</Expiry></AccessPolicy></SignedIdentifier><SignedIdentifier><Id>test4</Id><AccessPolicy><Start>2016-01-01T00:00:00.0000000Z</Start><Expiry>2016-05-01T00:00:00.0000000Z</Expiry><Permission>rwdl</Permission></AccessPolicy></SignedIdentifier></SignedIdentifiers>"
    headers:
      content-type:
      - application/xml
      date:
      - Tue, 29 Sep 2020 05:54:03 GMT
      etag:
      - '"0x8D8643C11A5E35A"'
      last-modified:
      - Tue, 29 Sep 2020 05:54:02 GMT
      server:
      - Windows-Azure-File/1.0 Microsoft-HTTPAPI/2.0
      transfer-encoding:
      - chunked
      x-ms-version:
      - '2018-11-09'
    status:
      code: 200
      message: OK
- request:
    body: null
    headers:
      Connection:
      - keep-alive
      User-Agent:
      - Azure-Storage/2.0.0-2.0.1 (Python CPython 3.8.5; Windows 10) AZURECLI/2.11.1
      x-ms-date:
      - Tue, 29 Sep 2020 05:54:03 GMT
      x-ms-version:
      - '2018-11-09'
    method: GET
    uri: https://clitest000002.file.core.windows.net/share000003?restype=share&comp=acl
  response:
    body:
      string: "\uFEFF<?xml version=\"1.0\" encoding=\"utf-8\"?><SignedIdentifiers><SignedIdentifier><Id>test1</Id><AccessPolicy><Permission>l</Permission></AccessPolicy></SignedIdentifier><SignedIdentifier><Id>test2</Id><AccessPolicy><Start>2016-01-01T00:00:00.0000000Z</Start></AccessPolicy></SignedIdentifier><SignedIdentifier><Id>test3</Id><AccessPolicy><Expiry>2018-01-01T00:00:00.0000000Z</Expiry></AccessPolicy></SignedIdentifier><SignedIdentifier><Id>test4</Id><AccessPolicy><Start>2016-01-01T00:00:00.0000000Z</Start><Expiry>2016-05-01T00:00:00.0000000Z</Expiry><Permission>rwdl</Permission></AccessPolicy></SignedIdentifier></SignedIdentifiers>"
    headers:
      content-type:
      - application/xml
      date:
      - Tue, 29 Sep 2020 05:54:03 GMT
      etag:
      - '"0x8D8643C11A5E35A"'
      last-modified:
      - Tue, 29 Sep 2020 05:54:02 GMT
      server:
      - Windows-Azure-File/1.0 Microsoft-HTTPAPI/2.0
      transfer-encoding:
      - chunked
      x-ms-version:
      - '2018-11-09'
    status:
      code: 200
      message: OK
- request:
    body: null
    headers:
      Connection:
      - keep-alive
      User-Agent:
      - Azure-Storage/2.0.0-2.0.1 (Python CPython 3.8.5; Windows 10) AZURECLI/2.11.1
      x-ms-date:
      - Tue, 29 Sep 2020 05:54:03 GMT
      x-ms-version:
      - '2018-11-09'
    method: GET
    uri: https://clitest000002.file.core.windows.net/share000003?restype=share&comp=acl
  response:
    body:
      string: "\uFEFF<?xml version=\"1.0\" encoding=\"utf-8\"?><SignedIdentifiers><SignedIdentifier><Id>test1</Id><AccessPolicy><Permission>l</Permission></AccessPolicy></SignedIdentifier><SignedIdentifier><Id>test2</Id><AccessPolicy><Start>2016-01-01T00:00:00.0000000Z</Start></AccessPolicy></SignedIdentifier><SignedIdentifier><Id>test3</Id><AccessPolicy><Expiry>2018-01-01T00:00:00.0000000Z</Expiry></AccessPolicy></SignedIdentifier><SignedIdentifier><Id>test4</Id><AccessPolicy><Start>2016-01-01T00:00:00.0000000Z</Start><Expiry>2016-05-01T00:00:00.0000000Z</Expiry><Permission>rwdl</Permission></AccessPolicy></SignedIdentifier></SignedIdentifiers>"
    headers:
      content-type:
      - application/xml
      date:
      - Tue, 29 Sep 2020 05:54:03 GMT
      etag:
      - '"0x8D8643C11A5E35A"'
      last-modified:
      - Tue, 29 Sep 2020 05:54:02 GMT
      server:
      - Windows-Azure-File/1.0 Microsoft-HTTPAPI/2.0
      transfer-encoding:
      - chunked
      x-ms-version:
      - '2018-11-09'
    status:
      code: 200
      message: OK
- request:
    body: null
    headers:
      Connection:
      - keep-alive
      User-Agent:
      - Azure-Storage/2.0.0-2.0.1 (Python CPython 3.8.5; Windows 10) AZURECLI/2.11.1
      x-ms-date:
      - Tue, 29 Sep 2020 05:54:03 GMT
      x-ms-version:
      - '2018-11-09'
    method: GET
    uri: https://clitest000002.file.core.windows.net/share000003?restype=share&comp=acl
  response:
    body:
      string: "\uFEFF<?xml version=\"1.0\" encoding=\"utf-8\"?><SignedIdentifiers><SignedIdentifier><Id>test1</Id><AccessPolicy><Permission>l</Permission></AccessPolicy></SignedIdentifier><SignedIdentifier><Id>test2</Id><AccessPolicy><Start>2016-01-01T00:00:00.0000000Z</Start></AccessPolicy></SignedIdentifier><SignedIdentifier><Id>test3</Id><AccessPolicy><Expiry>2018-01-01T00:00:00.0000000Z</Expiry></AccessPolicy></SignedIdentifier><SignedIdentifier><Id>test4</Id><AccessPolicy><Start>2016-01-01T00:00:00.0000000Z</Start><Expiry>2016-05-01T00:00:00.0000000Z</Expiry><Permission>rwdl</Permission></AccessPolicy></SignedIdentifier></SignedIdentifiers>"
    headers:
      content-type:
      - application/xml
      date:
      - Tue, 29 Sep 2020 05:54:03 GMT
      etag:
      - '"0x8D8643C11A5E35A"'
      last-modified:
      - Tue, 29 Sep 2020 05:54:02 GMT
      server:
      - Windows-Azure-File/1.0 Microsoft-HTTPAPI/2.0
      transfer-encoding:
      - chunked
      x-ms-version:
      - '2018-11-09'
    status:
      code: 200
      message: OK
- request:
    body: null
    headers:
      Connection:
      - keep-alive
      User-Agent:
      - Azure-Storage/2.0.0-2.0.1 (Python CPython 3.8.5; Windows 10) AZURECLI/2.11.1
      x-ms-date:
      - Tue, 29 Sep 2020 05:54:04 GMT
      x-ms-version:
      - '2018-11-09'
    method: GET
    uri: https://clitest000002.file.core.windows.net/share000003?restype=share&comp=acl
  response:
    body:
      string: "\uFEFF<?xml version=\"1.0\" encoding=\"utf-8\"?><SignedIdentifiers><SignedIdentifier><Id>test1</Id><AccessPolicy><Permission>l</Permission></AccessPolicy></SignedIdentifier><SignedIdentifier><Id>test2</Id><AccessPolicy><Start>2016-01-01T00:00:00.0000000Z</Start></AccessPolicy></SignedIdentifier><SignedIdentifier><Id>test3</Id><AccessPolicy><Expiry>2018-01-01T00:00:00.0000000Z</Expiry></AccessPolicy></SignedIdentifier><SignedIdentifier><Id>test4</Id><AccessPolicy><Start>2016-01-01T00:00:00.0000000Z</Start><Expiry>2016-05-01T00:00:00.0000000Z</Expiry><Permission>rwdl</Permission></AccessPolicy></SignedIdentifier></SignedIdentifiers>"
    headers:
      content-type:
      - application/xml
      date:
      - Tue, 29 Sep 2020 05:54:05 GMT
      etag:
      - '"0x8D8643C11A5E35A"'
      last-modified:
      - Tue, 29 Sep 2020 05:54:02 GMT
      server:
      - Windows-Azure-File/1.0 Microsoft-HTTPAPI/2.0
      transfer-encoding:
      - chunked
      x-ms-version:
      - '2018-11-09'
    status:
      code: 200
      message: OK
- request:
    body: null
    headers:
      Connection:
      - keep-alive
      User-Agent:
      - Azure-Storage/2.0.0-2.0.1 (Python CPython 3.8.5; Windows 10) AZURECLI/2.11.1
      x-ms-date:
      - Tue, 29 Sep 2020 05:54:04 GMT
      x-ms-version:
      - '2018-11-09'
    method: GET
    uri: https://clitest000002.file.core.windows.net/share000003?restype=share&comp=acl
  response:
    body:
      string: "\uFEFF<?xml version=\"1.0\" encoding=\"utf-8\"?><SignedIdentifiers><SignedIdentifier><Id>test1</Id><AccessPolicy><Permission>l</Permission></AccessPolicy></SignedIdentifier><SignedIdentifier><Id>test2</Id><AccessPolicy><Start>2016-01-01T00:00:00.0000000Z</Start></AccessPolicy></SignedIdentifier><SignedIdentifier><Id>test3</Id><AccessPolicy><Expiry>2018-01-01T00:00:00.0000000Z</Expiry></AccessPolicy></SignedIdentifier><SignedIdentifier><Id>test4</Id><AccessPolicy><Start>2016-01-01T00:00:00.0000000Z</Start><Expiry>2016-05-01T00:00:00.0000000Z</Expiry><Permission>rwdl</Permission></AccessPolicy></SignedIdentifier></SignedIdentifiers>"
    headers:
      content-type:
      - application/xml
      date:
      - Tue, 29 Sep 2020 05:54:05 GMT
      etag:
      - '"0x8D8643C11A5E35A"'
      last-modified:
      - Tue, 29 Sep 2020 05:54:02 GMT
      server:
      - Windows-Azure-File/1.0 Microsoft-HTTPAPI/2.0
      transfer-encoding:
      - chunked
      x-ms-version:
      - '2018-11-09'
    status:
      code: 200
      message: OK
- request:
    body: '<?xml version=''1.0'' encoding=''utf-8''?>

      <SignedIdentifiers><SignedIdentifier><Id>test1</Id><AccessPolicy><Permission>r</Permission></AccessPolicy></SignedIdentifier><SignedIdentifier><Id>test2</Id><AccessPolicy><Start>2016-01-01T00:00:00Z</Start></AccessPolicy></SignedIdentifier><SignedIdentifier><Id>test3</Id><AccessPolicy><Expiry>2018-01-01T00:00:00Z</Expiry></AccessPolicy></SignedIdentifier><SignedIdentifier><Id>test4</Id><AccessPolicy><Start>2016-01-01T00:00:00Z</Start><Expiry>2016-05-01T00:00:00Z</Expiry><Permission>rwdl</Permission></AccessPolicy></SignedIdentifier></SignedIdentifiers>'
    headers:
      Connection:
      - keep-alive
      Content-Length:
      - '597'
      User-Agent:
      - Azure-Storage/2.0.0-2.0.1 (Python CPython 3.8.5; Windows 10) AZURECLI/2.11.1
      x-ms-date:
      - Tue, 29 Sep 2020 05:54:04 GMT
      x-ms-version:
      - '2018-11-09'
    method: PUT
    uri: https://clitest000002.file.core.windows.net/share000003?restype=share&comp=acl
  response:
    body:
      string: ''
    headers:
      content-length:
      - '0'
      date:
      - Tue, 29 Sep 2020 05:54:05 GMT
      etag:
      - '"0x8D8643C1331376F"'
      last-modified:
      - Tue, 29 Sep 2020 05:54:05 GMT
      server:
      - Windows-Azure-File/1.0 Microsoft-HTTPAPI/2.0
      x-ms-version:
      - '2018-11-09'
    status:
      code: 200
      message: OK
- request:
    body: null
    headers:
      Connection:
      - keep-alive
      User-Agent:
      - Azure-Storage/2.0.0-2.0.1 (Python CPython 3.8.5; Windows 10) AZURECLI/2.11.1
      x-ms-date:
      - Tue, 29 Sep 2020 05:54:05 GMT
      x-ms-version:
      - '2018-11-09'
    method: GET
    uri: https://clitest000002.file.core.windows.net/share000003?restype=share&comp=acl
  response:
    body:
      string: "\uFEFF<?xml version=\"1.0\" encoding=\"utf-8\"?><SignedIdentifiers><SignedIdentifier><Id>test1</Id><AccessPolicy><Permission>r</Permission></AccessPolicy></SignedIdentifier><SignedIdentifier><Id>test2</Id><AccessPolicy><Start>2016-01-01T00:00:00.0000000Z</Start></AccessPolicy></SignedIdentifier><SignedIdentifier><Id>test3</Id><AccessPolicy><Expiry>2018-01-01T00:00:00.0000000Z</Expiry></AccessPolicy></SignedIdentifier><SignedIdentifier><Id>test4</Id><AccessPolicy><Start>2016-01-01T00:00:00.0000000Z</Start><Expiry>2016-05-01T00:00:00.0000000Z</Expiry><Permission>rwdl</Permission></AccessPolicy></SignedIdentifier></SignedIdentifiers>"
    headers:
      content-type:
      - application/xml
      date:
      - Tue, 29 Sep 2020 05:54:05 GMT
      etag:
      - '"0x8D8643C1331376F"'
      last-modified:
      - Tue, 29 Sep 2020 05:54:05 GMT
      server:
      - Windows-Azure-File/1.0 Microsoft-HTTPAPI/2.0
      transfer-encoding:
      - chunked
      x-ms-version:
      - '2018-11-09'
    status:
      code: 200
      message: OK
- request:
    body: null
    headers:
      Connection:
      - keep-alive
      User-Agent:
      - Azure-Storage/2.0.0-2.0.1 (Python CPython 3.8.5; Windows 10) AZURECLI/2.11.1
      x-ms-date:
      - Tue, 29 Sep 2020 05:54:05 GMT
      x-ms-version:
      - '2018-11-09'
    method: GET
    uri: https://clitest000002.file.core.windows.net/share000003?restype=share&comp=acl
  response:
    body:
      string: "\uFEFF<?xml version=\"1.0\" encoding=\"utf-8\"?><SignedIdentifiers><SignedIdentifier><Id>test1</Id><AccessPolicy><Permission>r</Permission></AccessPolicy></SignedIdentifier><SignedIdentifier><Id>test2</Id><AccessPolicy><Start>2016-01-01T00:00:00.0000000Z</Start></AccessPolicy></SignedIdentifier><SignedIdentifier><Id>test3</Id><AccessPolicy><Expiry>2018-01-01T00:00:00.0000000Z</Expiry></AccessPolicy></SignedIdentifier><SignedIdentifier><Id>test4</Id><AccessPolicy><Start>2016-01-01T00:00:00.0000000Z</Start><Expiry>2016-05-01T00:00:00.0000000Z</Expiry><Permission>rwdl</Permission></AccessPolicy></SignedIdentifier></SignedIdentifiers>"
    headers:
      content-type:
      - application/xml
      date:
      - Tue, 29 Sep 2020 05:54:05 GMT
      etag:
      - '"0x8D8643C1331376F"'
      last-modified:
      - Tue, 29 Sep 2020 05:54:05 GMT
      server:
      - Windows-Azure-File/1.0 Microsoft-HTTPAPI/2.0
      transfer-encoding:
      - chunked
      x-ms-version:
      - '2018-11-09'
    status:
      code: 200
      message: OK
- request:
    body: '<?xml version=''1.0'' encoding=''utf-8''?>

      <SignedIdentifiers><SignedIdentifier><Id>test2</Id><AccessPolicy><Start>2016-01-01T00:00:00Z</Start></AccessPolicy></SignedIdentifier><SignedIdentifier><Id>test3</Id><AccessPolicy><Expiry>2018-01-01T00:00:00Z</Expiry></AccessPolicy></SignedIdentifier><SignedIdentifier><Id>test4</Id><AccessPolicy><Start>2016-01-01T00:00:00Z</Start><Expiry>2016-05-01T00:00:00Z</Expiry><Permission>rwdl</Permission></AccessPolicy></SignedIdentifier></SignedIdentifiers>'
    headers:
      Connection:
      - keep-alive
      Content-Length:
      - '491'
      User-Agent:
      - Azure-Storage/2.0.0-2.0.1 (Python CPython 3.8.5; Windows 10) AZURECLI/2.11.1
      x-ms-date:
      - Tue, 29 Sep 2020 05:54:05 GMT
      x-ms-version:
      - '2018-11-09'
    method: PUT
    uri: https://clitest000002.file.core.windows.net/share000003?restype=share&comp=acl
  response:
    body:
      string: ''
    headers:
      content-length:
      - '0'
      date:
      - Tue, 29 Sep 2020 05:54:05 GMT
      etag:
      - '"0x8D8643C13B1C93C"'
      last-modified:
      - Tue, 29 Sep 2020 05:54:06 GMT
      server:
      - Windows-Azure-File/1.0 Microsoft-HTTPAPI/2.0
      x-ms-version:
      - '2018-11-09'
    status:
      code: 200
      message: OK
- request:
    body: null
    headers:
      Connection:
      - keep-alive
      User-Agent:
      - Azure-Storage/2.0.0-2.0.1 (Python CPython 3.8.5; Windows 10) AZURECLI/2.11.1
      x-ms-date:
      - Tue, 29 Sep 2020 05:54:06 GMT
      x-ms-version:
      - '2018-11-09'
    method: GET
    uri: https://clitest000002.file.core.windows.net/share000003?restype=share&comp=acl
  response:
    body:
      string: "\uFEFF<?xml version=\"1.0\" encoding=\"utf-8\"?><SignedIdentifiers><SignedIdentifier><Id>test2</Id><AccessPolicy><Start>2016-01-01T00:00:00.0000000Z</Start></AccessPolicy></SignedIdentifier><SignedIdentifier><Id>test3</Id><AccessPolicy><Expiry>2018-01-01T00:00:00.0000000Z</Expiry></AccessPolicy></SignedIdentifier><SignedIdentifier><Id>test4</Id><AccessPolicy><Start>2016-01-01T00:00:00.0000000Z</Start><Expiry>2016-05-01T00:00:00.0000000Z</Expiry><Permission>rwdl</Permission></AccessPolicy></SignedIdentifier></SignedIdentifiers>"
    headers:
      content-type:
      - application/xml
      date:
      - Tue, 29 Sep 2020 05:54:06 GMT
      etag:
      - '"0x8D8643C13B1C93C"'
      last-modified:
      - Tue, 29 Sep 2020 05:54:06 GMT
      server:
      - Windows-Azure-File/1.0 Microsoft-HTTPAPI/2.0
      transfer-encoding:
      - chunked
      x-ms-version:
      - '2018-11-09'
    status:
      code: 200
      message: OK
version: 1
