interactions:
- request:
    body: '{"location": "eastus", "sku": {"name": "Edge", "tier": "Standard"}}'
    headers:
      Accept:
      - application/json
      Accept-Encoding:
      - gzip, deflate
      CommandName:
      - databoxedge device create
      Connection:
      - keep-alive
      Content-Length:
      - '67'
      Content-Type:
      - application/json; charset=utf-8
      ParameterSetName:
      - --location --sku --name --resource-group
      User-Agent:
      - python/3.7.9 (Windows-10-10.0.19041-SP0) msrest/0.6.18 msrest_azure/0.6.3
        azure-mgmt-databoxedge/0.2.0 Azure-SDK-For-Python AZURECLI/2.16.0
      accept-language:
      - en-US
    method: PUT
    uri: https://management.azure.com/subscriptions/00000000-0000-0000-0000-000000000000/resourceGroups/clitest000001/providers/Microsoft.DataBoxEdge/dataBoxEdgeDevices/testedgedevice?api-version=2019-08-01
  response:
    body:
      string: "{\r\n  \"location\": \"eastus\",\r\n  \"tags\": {},\r\n  \"sku\": {\r\n
        \   \"name\": \"Edge\",\r\n    \"tier\": \"Standard\"\r\n  },\r\n  \"etag\":
        \"W/\\\"datetime'2020-12-08T08%3A49%3A48.0627442Z'\\\"_W/\\\"datetime'2020-12-08T08%3A49%3A48.0697495Z'\\\"\",\r\n
        \ \"identity\": {\r\n    \"type\": \"None\"\r\n  },\r\n  \"properties\": {\r\n
        \   \"dataBoxEdgeDeviceStatus\": \"ReadyToSetup\",\r\n    \"deviceType\":
        \"DataBoxEdgeDevice\",\r\n    \"deviceLocalCapacity\": 0,\r\n    \"nodeCount\":
        0,\r\n    \"resourceMoveDetails\": {\r\n      \"operationInProgress\": \"None\"\r\n
        \   }\r\n  },\r\n  \"id\": \"/subscriptions/00000000-0000-0000-0000-000000000000/resourceGroups/clitest000001/providers/Microsoft.DataBoxEdge/dataBoxEdgeDevices/testedgedevice\",\r\n
        \ \"name\": \"testedgedevice\",\r\n  \"type\": \"Microsoft.DataBoxEdge/dataBoxEdgeDevices\"\r\n}"
    headers:
      cache-control:
      - no-cache
      content-length:
      - '805'
      content-type:
      - application/json; charset=utf-8
      date:
      - Tue, 08 Dec 2020 08:49:49 GMT
      expires:
      - '-1'
      pragma:
      - no-cache
      strict-transport-security:
      - max-age=31536000; includeSubDomains
      transfer-encoding:
      - chunked
      vary:
      - Accept-Encoding
      x-content-type-options:
      - nosniff
      x-ms-ratelimit-remaining-subscription-writes:
      - '1198'
    status:
      code: 200
      message: OK
- request:
    body: null
    headers:
      Accept:
      - application/json
      Accept-Encoding:
      - gzip, deflate
      CommandName:
      - databoxedge device show
      Connection:
      - keep-alive
      ParameterSetName:
      - --name --resource-group
      User-Agent:
      - python/3.7.9 (Windows-10-10.0.19041-SP0) msrest/0.6.18 msrest_azure/0.6.3
        azure-mgmt-databoxedge/0.2.0 Azure-SDK-For-Python AZURECLI/2.16.0
      accept-language:
      - en-US
    method: GET
    uri: https://management.azure.com/subscriptions/00000000-0000-0000-0000-000000000000/resourceGroups/clitest000001/providers/Microsoft.DataBoxEdge/dataBoxEdgeDevices/testedgedevice?api-version=2019-08-01
  response:
    body:
      string: "{\r\n  \"location\": \"eastus\",\r\n  \"tags\": {},\r\n  \"sku\": {\r\n
        \   \"name\": \"Edge\",\r\n    \"tier\": \"Standard\"\r\n  },\r\n  \"etag\":
        \"W/\\\"datetime'2020-12-08T08%3A49%3A48.0627442Z'\\\"_W/\\\"datetime'2020-12-08T08%3A49%3A48.0697495Z'\\\"\",\r\n
        \ \"properties\": {\r\n    \"dataBoxEdgeDeviceStatus\": \"ReadyToSetup\",\r\n
        \   \"deviceType\": \"DataBoxEdgeDevice\",\r\n    \"deviceLocalCapacity\":
        0,\r\n    \"nodeCount\": 0\r\n  },\r\n  \"id\": \"/subscriptions/00000000-0000-0000-0000-000000000000/resourceGroups/clitest000001/providers/Microsoft.DataBoxEdge/dataBoxEdgeDevices/testedgedevice\",\r\n
        \ \"name\": \"testedgedevice\",\r\n  \"type\": \"Microsoft.DataBoxEdge/dataBoxEdgeDevices\"\r\n}"
    headers:
      cache-control:
      - no-cache
      content-length:
      - '687'
      content-type:
      - application/json; charset=utf-8
      date:
      - Tue, 08 Dec 2020 08:49:50 GMT
      expires:
      - '-1'
      pragma:
      - no-cache
      strict-transport-security:
      - max-age=31536000; includeSubDomains
      transfer-encoding:
      - chunked
      vary:
      - Accept-Encoding
      x-content-type-options:
      - nosniff
    status:
      code: 200
      message: OK
- request:
    body: null
    headers:
      Accept:
      - application/json
      Accept-Encoding:
      - gzip, deflate
      CommandName:
      - databoxedge device list
      Connection:
      - keep-alive
      ParameterSetName:
      - --resource-group
      User-Agent:
      - python/3.7.9 (Windows-10-10.0.19041-SP0) msrest/0.6.18 msrest_azure/0.6.3
        azure-mgmt-databoxedge/0.2.0 Azure-SDK-For-Python AZURECLI/2.16.0
      accept-language:
      - en-US
    method: GET
    uri: https://management.azure.com/subscriptions/00000000-0000-0000-0000-000000000000/resourceGroups/clitest000001/providers/Microsoft.DataBoxEdge/dataBoxEdgeDevices?api-version=2019-08-01
  response:
    body:
      string: "{\r\n  \"value\": [\r\n    {\r\n      \"location\": \"eastus\",\r\n
        \     \"tags\": {},\r\n      \"sku\": {\r\n        \"name\": \"Edge\",\r\n
        \       \"tier\": \"Standard\"\r\n      },\r\n      \"etag\": \"W/\\\"datetime'2020-12-08T08%3A49%3A48.0627442Z'\\\"_W/\\\"datetime'2020-12-08T08%3A49%3A48.0697495Z'\\\"\",\r\n
        \     \"properties\": {\r\n        \"dataBoxEdgeDeviceStatus\": \"ReadyToSetup\",\r\n
        \       \"deviceType\": \"DataBoxEdgeDevice\",\r\n        \"deviceLocalCapacity\":
        0,\r\n        \"nodeCount\": 0\r\n      },\r\n      \"id\": \"/subscriptions/00000000-0000-0000-0000-000000000000/resourceGroups/clitest000001/providers/Microsoft.DataBoxEdge/dataBoxEdgeDevices/testedgedevice\",\r\n
        \     \"name\": \"testedgedevice\",\r\n      \"type\": \"Microsoft.DataBoxEdge/dataBoxEdgeDevices\"\r\n
        \   }\r\n  ]\r\n}"
    headers:
      cache-control:
      - no-cache
      content-length:
      - '784'
      content-type:
      - application/json; charset=utf-8
      date:
      - Tue, 08 Dec 2020 08:49:52 GMT
      expires:
      - '-1'
      pragma:
      - no-cache
      strict-transport-security:
      - max-age=31536000; includeSubDomains
      transfer-encoding:
      - chunked
      vary:
      - Accept-Encoding
      x-content-type-options:
      - nosniff
    status:
      code: 200
      message: OK
- request:
    body: null
    headers:
      Accept:
      - application/json
      Accept-Encoding:
      - gzip, deflate
      CommandName:
      - databoxedge device list
      Connection:
      - keep-alive
      ParameterSetName:
      - -g
      User-Agent:
      - python/3.7.9 (Windows-10-10.0.19041-SP0) msrest/0.6.18 msrest_azure/0.6.3
        azure-mgmt-databoxedge/0.2.0 Azure-SDK-For-Python AZURECLI/2.16.0
      accept-language:
      - en-US
    method: GET
    uri: https://management.azure.com/subscriptions/00000000-0000-0000-0000-000000000000/providers/Microsoft.DataBoxEdge/dataBoxEdgeDevices?api-version=2019-08-01
  response:
    body:
      string: "{\r\n  \"value\": [\r\n    {\r\n      \"location\": \"eastus\",\r\n
        \     \"tags\": {},\r\n      \"sku\": {\r\n        \"name\": \"Edge\",\r\n
        \       \"tier\": \"Standard\"\r\n      },\r\n      \"etag\": \"W/\\\"datetime'2020-12-08T08%3A49%3A48.0627442Z'\\\"_W/\\\"datetime'2020-12-08T08%3A49%3A48.0697495Z'\\\"\",\r\n
        \     \"properties\": {\r\n        \"dataBoxEdgeDeviceStatus\": \"ReadyToSetup\",\r\n
        \       \"deviceType\": \"DataBoxEdgeDevice\",\r\n        \"deviceLocalCapacity\":
        0,\r\n        \"nodeCount\": 0\r\n      },\r\n      \"id\": \"/subscriptions/00000000-0000-0000-0000-000000000000/resourceGroups/clitest000001/providers/Microsoft.DataBoxEdge/dataBoxEdgeDevices/testedgedevice\",\r\n
        \     \"name\": \"testedgedevice\",\r\n      \"type\": \"Microsoft.DataBoxEdge/dataBoxEdgeDevices\"\r\n
        \   },\r\n    {\r\n      \"location\": \"eastus\",\r\n      \"tags\": {},\r\n
        \     \"sku\": {\r\n        \"name\": \"Edge\",\r\n        \"tier\": \"Standard\"\r\n
        \     },\r\n      \"etag\": \"W/\\\"datetime'2020-12-08T08%3A49%3A48.2747073Z'\\\"_W/\\\"datetime'2020-12-08T08%3A49%3A48.2817118Z'\\\"\",\r\n
        \     \"properties\": {\r\n        \"dataBoxEdgeDeviceStatus\": \"ReadyToSetup\",\r\n
        \       \"deviceType\": \"DataBoxEdgeDevice\",\r\n        \"deviceLocalCapacity\":
        0,\r\n        \"nodeCount\": 0\r\n      },\r\n      \"id\": \"/subscriptions/00000000-0000-0000-0000-000000000000/resourceGroups/clitesthjrbg5bss6skhe7l3d67hgvebvmmsbm34q7oxnv4fjkj2anc3kvotitm7njjzxjfek5r/providers/Microsoft.DataBoxEdge/dataBoxEdgeDevices/testedgedevice\",\r\n
        \     \"name\": \"testedgedevice\",\r\n      \"type\": \"Microsoft.DataBoxEdge/dataBoxEdgeDevices\"\r\n
        \   },\r\n    {\r\n      \"location\": \"eastus\",\r\n      \"tags\": {},\r\n
        \     \"sku\": {\r\n        \"name\": \"Gateway\",\r\n        \"tier\": \"Standard\"\r\n
        \     },\r\n      \"etag\": \"W/\\\"datetime'2020-12-07T09%3A57%3A46.069116Z'\\\"_W/\\\"datetime'2020-12-07T09%3A57%3A46.0751198Z'\\\"\",\r\n
        \     \"identity\": {\r\n        \"type\": \"SystemAssigned\",\r\n        \"principalId\":
        \"c9fd4631-c426-427e-bfda-13038fdcc74f\",\r\n        \"tenantId\": \"54826b22-38d6-4fb2-bad9-b7b93a3e9c5a\"\r\n
        \     },\r\n      \"properties\": {\r\n        \"dataBoxEdgeDeviceStatus\":
        \"ReadyToSetup\",\r\n        \"deviceType\": \"DataBoxEdgeDevice\",\r\n        \"deviceLocalCapacity\":
        0,\r\n        \"nodeCount\": 1\r\n      },\r\n      \"id\": \"/subscriptions/00000000-0000-0000-0000-000000000000/resourceGroups/yishitest/providers/Microsoft.DataBoxEdge/dataBoxEdgeDevices/testdevice\",\r\n
        \     \"name\": \"testdevice\",\r\n      \"type\": \"Microsoft.DataBoxEdge/dataBoxEdgeDevices\"\r\n
        \   },\r\n    {\r\n      \"location\": \"eastus\",\r\n      \"tags\": {},\r\n
        \     \"sku\": {\r\n        \"name\": \"Edge\",\r\n        \"tier\": \"Standard\"\r\n
        \     },\r\n      \"etag\": \"W/\\\"datetime'2020-11-26T07%3A55%3A22.0431885Z'\\\"_W/\\\"datetime'2020-11-26T07%3A55%3A22.0511943Z'\\\"\",\r\n
        \     \"properties\": {\r\n        \"dataBoxEdgeDeviceStatus\": \"ReadyToSetup\",\r\n
        \       \"deviceType\": \"DataBoxEdgeDevice\",\r\n        \"deviceLocalCapacity\":
        0,\r\n        \"nodeCount\": 0\r\n      },\r\n      \"id\": \"/subscriptions/00000000-0000-0000-0000-000000000000/resourceGroups/yishitest/providers/Microsoft.DataBoxEdge/dataBoxEdgeDevices/testedgedevice\",\r\n
        \     \"name\": \"testedgedevice\",\r\n      \"type\": \"Microsoft.DataBoxEdge/dataBoxEdgeDevices\"\r\n
        \   }\r\n  ]\r\n}"
    headers:
      cache-control:
      - no-cache
      content-length:
      - '3122'
      content-type:
      - application/json; charset=utf-8
      date:
      - Tue, 08 Dec 2020 08:49:54 GMT
      expires:
      - '-1'
      pragma:
      - no-cache
      strict-transport-security:
      - max-age=31536000; includeSubDomains
      transfer-encoding:
      - chunked
      vary:
      - Accept-Encoding
      x-content-type-options:
      - nosniff
    status:
      code: 200
      message: OK
- request:
    body: '{"tags": {"Key1": "value1", "Key2": "value2"}}'
    headers:
      Accept:
      - application/json
      Accept-Encoding:
      - gzip, deflate
      CommandName:
      - databoxedge device update
      Connection:
      - keep-alive
      Content-Length:
      - '46'
      Content-Type:
      - application/json; charset=utf-8
      ParameterSetName:
      - --name --tags --resource-group
      User-Agent:
      - python/3.7.9 (Windows-10-10.0.19041-SP0) msrest/0.6.18 msrest_azure/0.6.3
        azure-mgmt-databoxedge/0.2.0 Azure-SDK-For-Python AZURECLI/2.16.0
      accept-language:
      - en-US
    method: PATCH
    uri: https://management.azure.com/subscriptions/00000000-0000-0000-0000-000000000000/resourceGroups/clitest000001/providers/Microsoft.DataBoxEdge/dataBoxEdgeDevices/testedgedevice?api-version=2019-08-01
  response:
    body:
      string: "{\r\n  \"location\": \"eastus\",\r\n  \"tags\": {\r\n    \"Key1\":
        \"value1\",\r\n    \"Key2\": \"value2\"\r\n  },\r\n  \"sku\": {\r\n    \"name\":
        \"Edge\",\r\n    \"tier\": \"Standard\"\r\n  },\r\n  \"etag\": \"W/\\\"datetime'2020-12-08T08%3A49%3A56.5183185Z'\\\"_W/\\\"datetime'2020-12-08T08%3A49%3A56.5253239Z'\\\"\",\r\n
        \ \"properties\": {\r\n    \"dataBoxEdgeDeviceStatus\": \"ReadyToSetup\",\r\n
        \   \"deviceType\": \"DataBoxEdgeDevice\",\r\n    \"deviceLocalCapacity\":
        0,\r\n    \"nodeCount\": 0,\r\n    \"resourceMoveDetails\": {\r\n      \"operationInProgress\":
        \"None\"\r\n    }\r\n  },\r\n  \"id\": \"/subscriptions/00000000-0000-0000-0000-000000000000/resourceGroups/clitest000001/providers/Microsoft.DataBoxEdge/dataBoxEdgeDevices/testedgedevice\",\r\n
        \ \"name\": \"testedgedevice\",\r\n  \"type\": \"Microsoft.DataBoxEdge/dataBoxEdgeDevices\"\r\n}"
    headers:
      cache-control:
      - no-cache
      content-length:
      - '811'
      content-type:
      - application/json; charset=utf-8
      date:
      - Tue, 08 Dec 2020 08:49:59 GMT
      expires:
      - '-1'
      pragma:
      - no-cache
      strict-transport-security:
      - max-age=31536000; includeSubDomains
      transfer-encoding:
      - chunked
      vary:
      - Accept-Encoding
      x-content-type-options:
      - nosniff
      x-ms-ratelimit-remaining-subscription-writes:
      - '1198'
    status:
      code: 200
      message: OK
- request:
    body: null
    headers:
      Accept:
      - application/json
      Accept-Encoding:
      - gzip, deflate
      CommandName:
      - databoxedge device show
      Connection:
      - keep-alive
      ParameterSetName:
      - --name --resource-group
      User-Agent:
      - python/3.7.9 (Windows-10-10.0.19041-SP0) msrest/0.6.18 msrest_azure/0.6.3
        azure-mgmt-databoxedge/0.2.0 Azure-SDK-For-Python AZURECLI/2.16.0
      accept-language:
      - en-US
    method: GET
    uri: https://management.azure.com/subscriptions/00000000-0000-0000-0000-000000000000/resourceGroups/clitest000001/providers/Microsoft.DataBoxEdge/dataBoxEdgeDevices/testedgedevice?api-version=2019-08-01
  response:
    body:
      string: "{\r\n  \"location\": \"eastus\",\r\n  \"tags\": {\r\n    \"Key1\":
        \"value1\",\r\n    \"Key2\": \"value2\"\r\n  },\r\n  \"sku\": {\r\n    \"name\":
        \"Edge\",\r\n    \"tier\": \"Standard\"\r\n  },\r\n  \"etag\": \"W/\\\"datetime'2020-12-08T08%3A49%3A56.5183185Z'\\\"_W/\\\"datetime'2020-12-08T08%3A49%3A56.5253239Z'\\\"\",\r\n
        \ \"properties\": {\r\n    \"dataBoxEdgeDeviceStatus\": \"ReadyToSetup\",\r\n
        \   \"deviceType\": \"DataBoxEdgeDevice\",\r\n    \"deviceLocalCapacity\":
        0,\r\n    \"nodeCount\": 0\r\n  },\r\n  \"id\": \"/subscriptions/00000000-0000-0000-0000-000000000000/resourceGroups/clitest000001/providers/Microsoft.DataBoxEdge/dataBoxEdgeDevices/testedgedevice\",\r\n
        \ \"name\": \"testedgedevice\",\r\n  \"type\": \"Microsoft.DataBoxEdge/dataBoxEdgeDevices\"\r\n}"
    headers:
      cache-control:
      - no-cache
      content-length:
      - '736'
      content-type:
      - application/json; charset=utf-8
      date:
      - Tue, 08 Dec 2020 08:50:01 GMT
      expires:
      - '-1'
      pragma:
      - no-cache
      strict-transport-security:
      - max-age=31536000; includeSubDomains
      transfer-encoding:
      - chunked
      vary:
      - Accept-Encoding
      x-content-type-options:
      - nosniff
    status:
      code: 200
      message: OK
- request:
    body: null
    headers:
      Accept:
      - application/json
      Accept-Encoding:
      - gzip, deflate
      CommandName:
      - databoxedge device delete
      Connection:
      - keep-alive
      Content-Length:
      - '0'
      ParameterSetName:
      - -y --name --resource-group
      User-Agent:
      - python/3.7.9 (Windows-10-10.0.19041-SP0) msrest/0.6.18 msrest_azure/0.6.3
        azure-mgmt-databoxedge/0.2.0 Azure-SDK-For-Python AZURECLI/2.16.0
      accept-language:
      - en-US
    method: DELETE
    uri: https://management.azure.com/subscriptions/00000000-0000-0000-0000-000000000000/resourceGroups/clitest000001/providers/Microsoft.DataBoxEdge/dataBoxEdgeDevices/testedgedevice?api-version=2019-08-01
  response:
    body:
      string: ''
    headers:
      cache-control:
      - no-cache
      date:
      - Tue, 08 Dec 2020 08:50:08 GMT
      expires:
      - '-1'
      pragma:
      - no-cache
      strict-transport-security:
      - max-age=31536000; includeSubDomains
      x-content-type-options:
      - nosniff
      x-ms-ratelimit-remaining-subscription-deletes:
      - '14999'
    status:
      code: 204
      message: No Content
- request:
    body: null
    headers:
      Accept:
      - application/json
      Accept-Encoding:
      - gzip, deflate
      CommandName:
      - databoxedge device list
      Connection:
      - keep-alive
      ParameterSetName:
      - --resource-group
      User-Agent:
      - python/3.7.9 (Windows-10-10.0.19041-SP0) msrest/0.6.18 msrest_azure/0.6.3
        azure-mgmt-databoxedge/0.2.0 Azure-SDK-For-Python AZURECLI/2.16.0
      accept-language:
      - en-US
    method: GET
    uri: https://management.azure.com/subscriptions/00000000-0000-0000-0000-000000000000/resourceGroups/clitest000001/providers/Microsoft.DataBoxEdge/dataBoxEdgeDevices?api-version=2019-08-01
  response:
    body:
      string: '{"value":[]}'
    headers:
      cache-control:
      - no-cache
      content-length:
      - '12'
      content-type:
      - application/json; charset=utf-8
      date:
      - Tue, 08 Dec 2020 08:50:08 GMT
      expires:
      - '-1'
      pragma:
      - no-cache
      strict-transport-security:
      - max-age=31536000; includeSubDomains
      vary:
      - Accept-Encoding
      x-content-type-options:
      - nosniff
    status:
      code: 200
      message: OK
version: 1
