interactions:
- request:
    body: null
    headers:
      Accept: [application/json]
      Accept-Encoding: ['gzip, deflate']
      CommandName: [ad sp create-for-rbac]
      Connection: [keep-alive]
      Content-Type: [application/json; charset=utf-8]
      User-Agent: [python/3.5.0 (Windows-10.0.14393) requests/2.9.1 msrest/0.4.4 msrest_azure/0.4.3
          graphrbacmanagementclient/0.30.0rc6 Azure-SDK-For-Python AZURECLI/0.1.0b10]
      accept-language: [en-US]
      x-ms-client-request-id: [866fd340-bcbd-11e6-8ea0-64510658e3b3]
    method: GET
    uri: https://graph.windows.net/00000000-0000-0000-0000-000000000000/servicePrincipals?$filter=servicePrincipalNames%2Fany%28x%3Ax%20eq%20%27http%3A%2F%2Fcli_create_rbac_sp%27%29&api-version=1.6
  response:
    body: {string: '{"odata.metadata":"https://graph.windows.net/54826b22-38d6-4fb2-bad9-b7b93a3e9c5a/$metadata#directoryObjects/Microsoft.DirectoryServices.ServicePrincipal","value":[]}'}
    headers:
      Access-Control-Allow-Origin: ['*']
      Cache-Control: [no-cache]
      Content-Length: ['166']
      Content-Type: [application/json;odata=minimalmetadata;streaming=true;charset=utf-8]
      DataServiceVersion: [3.0;]
      Date: ['Wed, 07 Dec 2016 20:41:29 GMT']
      Duration: ['1635978']
      Expires: ['-1']
      Pragma: [no-cache]
      Server: [Microsoft-IIS/8.5]
      Strict-Transport-Security: [max-age=31536000; includeSubDomains]
      X-AspNet-Version: [4.0.30319]
      X-Content-Type-Options: [nosniff]
      X-Powered-By: [ASP.NET, ASP.NET]
      ocp-aad-diagnostics-server-name: [kizqbWR/KeylpM8cFecPprS5E/uaQ4yALSy/Hz4fcwc=]
      ocp-aad-session-key: [AldQApAK4gbGGtuwpuXP3fAVfuKLQCRaGuuU73Ofzg4Y4Nta06vi2tyjXyJwLBEX3ux9pzPAQohkZZq1OA7UY1-rBOZbW9iFzRJ8-QAvv7fRx_vRfZYuhdRMmB5hBIOFwo3--TfSwgFzpvrrjqHkFQ.iQ6Y833I-iW9ebkeY156WK0s0HrzQHKuBC6aE_gzH5s]
      request-id: [bdfc2bbd-8bad-4c7b-88fe-838756090c30]
      x-ms-dirapi-data-contract-version: ['1.6']
    status: {code: 200, message: OK}
- request:
    body: '{"displayName": "azure-cli-2016-12-07-20-41-30", "passwordCredentials":
      [{"value": "verySecret", "endDate": "2017-12-07T20:41:30.878446Z", "keyId":
      "e93f88d3-2e68-442e-89c0-59a958c6cd0b", "startDate": "2016-12-07T20:41:30.878446Z"}],
      "availableToOtherTenants": false, "homepage": "http://azure-cli-2016-12-07-20-41-30",
      "identifierUris": ["http://cli_create_rbac_sp"]}'
    headers:
      Accept: [application/json]
      Accept-Encoding: ['gzip, deflate']
      CommandName: [ad sp create-for-rbac]
      Connection: [keep-alive]
      Content-Length: ['368']
      Content-Type: [application/json; charset=utf-8]
      User-Agent: [python/3.5.0 (Windows-10.0.14393) requests/2.9.1 msrest/0.4.4 msrest_azure/0.4.3
          graphrbacmanagementclient/0.30.0rc6 Azure-SDK-For-Python AZURECLI/0.1.0b10]
      accept-language: [en-US]
      x-ms-client-request-id: [866fd340-bcbd-11e6-8ea0-64510658e3b3]
    method: POST
    uri: https://graph.windows.net/00000000-0000-0000-0000-000000000000/applications?api-version=1.6
  response:
    body: {string: '{"odata.metadata":"https://graph.windows.net/54826b22-38d6-4fb2-bad9-b7b93a3e9c5a/$metadata#directoryObjects/@Element","odata.type":"Microsoft.DirectoryServices.Application","objectType":"Application","objectId":"ff046f95-c341-4ec2-bf18-82cc9d26e493","deletionTimestamp":null,"addIns":[],"appId":"e7596e42-db1b-4a4e-8ab5-ad6fac2c1bcb","appRoles":[],"availableToOtherTenants":false,"displayName":"azure-cli-2016-12-07-20-41-30","errorUrl":null,"groupMembershipClaims":null,"homepage":"http://azure-cli-2016-12-07-20-41-30","identifierUris":["http://cli_create_rbac_sp"],"keyCredentials":[],"knownClientApplications":[],"mainLogo@odata.mediaEditLink":"directoryObjects/ff046f95-c341-4ec2-bf18-82cc9d26e493/Microsoft.DirectoryServices.Application/mainLogo","logoutUrl":null,"oauth2AllowImplicitFlow":false,"oauth2AllowUrlPathMatching":false,"oauth2Permissions":[{"adminConsentDescription":"Allow
        the application to access azure-cli-2016-12-07-20-41-30 on behalf of the signed-in
        user.","adminConsentDisplayName":"Access azure-cli-2016-12-07-20-41-30","id":"002d03af-854f-4b81-9072-d72a40d5d447","isEnabled":true,"type":"User","userConsentDescription":"Allow
        the application to access azure-cli-2016-12-07-20-41-30 on your behalf.","userConsentDisplayName":"Access
        azure-cli-2016-12-07-20-41-30","value":"user_impersonation"}],"oauth2RequirePostResponse":false,"passwordCredentials":[{"customKeyIdentifier":null,"endDate":"2017-12-07T20:41:30.878446Z","keyId":"e93f88d3-2e68-442e-89c0-59a958c6cd0b","startDate":"2016-12-07T20:41:30.878446Z","value":null}],"publicClient":null,"recordConsentConditions":null,"replyUrls":[],"requiredResourceAccess":[],"samlMetadataUrl":null}'}
    headers:
      Access-Control-Allow-Origin: ['*']
      Cache-Control: [no-cache]
      Content-Length: ['1669']
      Content-Type: [application/json;odata=minimalmetadata;streaming=true;charset=utf-8]
      DataServiceVersion: [3.0;]
      Date: ['Wed, 07 Dec 2016 20:41:30 GMT']
      Duration: ['5217004']
      Expires: ['-1']
      Location: ['https://graph.windows.net/54826b22-38d6-4fb2-bad9-b7b93a3e9c5a/directoryObjects/ff046f95-c341-4ec2-bf18-82cc9d26e493/Microsoft.DirectoryServices.Application']
      Pragma: [no-cache]
      Server: [Microsoft-IIS/8.5]
      Strict-Transport-Security: [max-age=31536000; includeSubDomains]
      X-AspNet-Version: [4.0.30319]
      X-Powered-By: [ASP.NET, ASP.NET]
      ocp-aad-diagnostics-server-name: [1yeML/CM88dmV36mTVrMp283LPSjy0w/x0TG1KteKio=]
      ocp-aad-session-key: [fJ7FMf7I6dD7U-ee27EE3va4ZjtqMERAVG1NQsAiJGZVRRoVdK5JUjA7ccAIwWxRaPklXLrE3wMvD1ksAuGhHQbDIpuaQD6KDElWFQq6MKRrSie_F57u5fTMpsK1JKXMGXils3mwvL_6V1zNoDgq6g.X79pNiLRT-0lJKL1n_hA2wGYu3SWHuVvOreyYdZJxEM]
      request-id: [9026a28b-493f-425d-b353-61e96f49f268]
      x-ms-dirapi-data-contract-version: ['1.6']
    status: {code: 201, message: Created}
- request:
    body: '{"appId": "e7596e42-db1b-4a4e-8ab5-ad6fac2c1bcb", "accountEnabled": true}'
    headers:
      Accept: [application/json]
      Accept-Encoding: ['gzip, deflate']
      CommandName: [ad sp create-for-rbac]
      Connection: [keep-alive]
      Content-Length: ['73']
      Content-Type: [application/json; charset=utf-8]
      User-Agent: [python/3.5.0 (Windows-10.0.14393) requests/2.9.1 msrest/0.4.4 msrest_azure/0.4.3
          graphrbacmanagementclient/0.30.0rc6 Azure-SDK-For-Python AZURECLI/0.1.0b10]
      accept-language: [en-US]
      x-ms-client-request-id: [866fd340-bcbd-11e6-8ea0-64510658e3b3]
    method: POST
    uri: https://graph.windows.net/00000000-0000-0000-0000-000000000000/servicePrincipals?api-version=1.6
  response:
    body: {string: '{"odata.metadata":"https://graph.windows.net/54826b22-38d6-4fb2-bad9-b7b93a3e9c5a/$metadata#directoryObjects/@Element","odata.type":"Microsoft.DirectoryServices.ServicePrincipal","objectType":"ServicePrincipal","objectId":"5440acd7-e9c6-4119-a4b8-e3f957adcf2e","deletionTimestamp":null,"accountEnabled":true,"addIns":[],"alternativeNames":[],"appDisplayName":"azure-cli-2016-12-07-20-41-30","appId":"e7596e42-db1b-4a4e-8ab5-ad6fac2c1bcb","appOwnerTenantId":"54826b22-38d6-4fb2-bad9-b7b93a3e9c5a","appRoleAssignmentRequired":false,"appRoles":[],"displayName":"azure-cli-2016-12-07-20-41-30","errorUrl":null,"homepage":"http://azure-cli-2016-12-07-20-41-30","keyCredentials":[],"logoutUrl":null,"oauth2Permissions":[{"adminConsentDescription":"Allow
        the application to access azure-cli-2016-12-07-20-41-30 on behalf of the signed-in
        user.","adminConsentDisplayName":"Access azure-cli-2016-12-07-20-41-30","id":"002d03af-854f-4b81-9072-d72a40d5d447","isEnabled":true,"type":"User","userConsentDescription":"Allow
        the application to access azure-cli-2016-12-07-20-41-30 on your behalf.","userConsentDisplayName":"Access
        azure-cli-2016-12-07-20-41-30","value":"user_impersonation"}],"passwordCredentials":[],"preferredTokenSigningKeyThumbprint":null,"publisherName":"AzureSDKTeam","replyUrls":[],"samlMetadataUrl":null,"servicePrincipalNames":["e7596e42-db1b-4a4e-8ab5-ad6fac2c1bcb","http://cli_create_rbac_sp"],"servicePrincipalType":"Application","tags":[]}'}
    headers:
      Access-Control-Allow-Origin: ['*']
      Cache-Control: [no-cache]
      Content-Length: ['1454']
      Content-Type: [application/json;odata=minimalmetadata;streaming=true;charset=utf-8]
      DataServiceVersion: [3.0;]
      Date: ['Wed, 07 Dec 2016 20:41:33 GMT']
      Duration: ['3884463']
      Expires: ['-1']
      Location: ['https://graph.windows.net/54826b22-38d6-4fb2-bad9-b7b93a3e9c5a/directoryObjects/5440acd7-e9c6-4119-a4b8-e3f957adcf2e/Microsoft.DirectoryServices.ServicePrincipal']
      Pragma: [no-cache]
      Server: [Microsoft-IIS/8.5]
      Strict-Transport-Security: [max-age=31536000; includeSubDomains]
      X-AspNet-Version: [4.0.30319]
      X-Powered-By: [ASP.NET, ASP.NET]
      ocp-aad-diagnostics-server-name: [lyW4+NGrYGveYCvHoTqqxn2sbznKoxnTkModdhBact8=]
      ocp-aad-session-key: [pXIy4LxhDVJKdKUzzZNx1J7Wm1WLwJTIGphvPLfSKoQLn7G5JC9cbugJpJdXJtlXR6Uf0HxJ7loULsTojut44nbC5GnLduMeSU1auvxr6L279MJpcRk6DW7OIh3w_fWX6peYP5lLOnrtvYioUmCWNw.0o8wkd451halojl9EU2cBGe04UJ4jjk8f-Xajq8iykg]
      request-id: [31f280e1-e1e2-4ad1-945b-6cb5329e819d]
      x-ms-dirapi-data-contract-version: ['1.6']
    status: {code: 201, message: Created}
- request:
    body: null
    headers:
      Accept: [application/json]
      Accept-Encoding: ['gzip, deflate']
      Connection: [keep-alive]
      Content-Type: [application/json; charset=utf-8]
      User-Agent: [python/3.5.0 (Windows-10.0.14393) requests/2.9.1 msrest/0.4.4 msrest_azure/0.4.3
          authorizationmanagementclient/0.30.0rc6 Azure-SDK-For-Python AZURECLI/TEST/0.1.0b10]
      accept-language: [en-US]
      x-ms-client-request-id: [89644db4-bcbd-11e6-9301-64510658e3b3]
    method: GET
    uri: https://management.azure.com/subscriptions/00000000-0000-0000-0000-000000000000/providers/Microsoft.Authorization/roleDefinitions?$filter=roleName%20eq%20%27Contributor%27&api-version=2015-07-01
  response:
    body: {string: '{"value":[{"properties":{"roleName":"Contributor","type":"BuiltInRole","description":"Lets
        you manage everything except access to resources.","assignableScopes":["/"],"permissions":[{"actions":["*"],"notActions":["Microsoft.Authorization/*/Delete","Microsoft.Authorization/*/Write"]}],"createdOn":"0001-01-01T08:00:00.0000000Z","updatedOn":"2016-05-31T23:13:58.6741320Z","createdBy":null,"updatedBy":null},"id":"/subscriptions/00000000-0000-0000-0000-000000000000/providers/Microsoft.Authorization/roleDefinitions/b24988ac-6180-42a0-ab88-20f7382dd24c","type":"Microsoft.Authorization/roleDefinitions","name":"b24988ac-6180-42a0-ab88-20f7382dd24c"}],"nextLink":null}'}
    headers:
      Cache-Control: [no-cache]
      Content-Type: [application/json; charset=utf-8]
      Date: ['Wed, 07 Dec 2016 20:41:31 GMT']
      Expires: ['-1']
      Pragma: [no-cache]
      Server: [Microsoft-IIS/8.5]
      Set-Cookie: [x-ms-gateway-slice=productionb; path=/]
      Strict-Transport-Security: [max-age=31536000; includeSubDomains]
      Transfer-Encoding: [chunked]
      Vary: [Accept-Encoding]
      X-Content-Type-Options: [nosniff]
      X-Powered-By: [ASP.NET]
      content-length: ['665']
    status: {code: 200, message: OK}
- request:
    body: '{"properties": {"roleDefinitionId": "/subscriptions/0b1f6471-1bf0-4dda-aec3-cb9272f09590/providers/Microsoft.Authorization/roleDefinitions/b24988ac-6180-42a0-ab88-20f7382dd24c",
      "principalId": "5440acd7-e9c6-4119-a4b8-e3f957adcf2e"}}'
    headers:
      Accept: [application/json]
      Accept-Encoding: ['gzip, deflate']
      Connection: [keep-alive]
      Content-Length: ['233']
      Content-Type: [application/json; charset=utf-8]
      User-Agent: [python/3.5.0 (Windows-10.0.14393) requests/2.9.1 msrest/0.4.4 msrest_azure/0.4.3
          authorizationmanagementclient/0.30.0rc6 Azure-SDK-For-Python AZURECLI/TEST/0.1.0b10]
      accept-language: [en-US]
      x-ms-client-request-id: [89adb6e4-bcbd-11e6-adf4-64510658e3b3]
    method: PUT
    uri: https://management.azure.com/subscriptions/00000000-0000-0000-0000-000000000000/providers/Microsoft.Authorization/roleAssignments/57377ec4-db54-416c-9693-c88ae0f13e20?api-version=2015-07-01
  response:
    body: {string: '{"error":{"code":"PrincipalNotFound","message":"Principal 5440acd7e9c64119a4b8e3f957adcf2e
        does not exist in the directory 54826b22-38d6-4fb2-bad9-b7b93a3e9c5a."}}'}
    headers:
      Cache-Control: [no-cache]
      Content-Length: ['163']
      Content-Type: [application/json; charset=utf-8]
      Date: ['Wed, 07 Dec 2016 20:41:33 GMT']
      Expires: ['-1']
      Pragma: [no-cache]
      Server: [Microsoft-IIS/8.5]
      Set-Cookie: [x-ms-gateway-slice=productionb; path=/]
      Strict-Transport-Security: [max-age=31536000; includeSubDomains]
      X-Content-Type-Options: [nosniff]
      X-Powered-By: [ASP.NET]
      x-ms-ratelimit-remaining-subscription-writes: ['1198']
    status: {code: 400, message: Bad Request}
- request:
    body: null
    headers:
      Accept: [application/json]
      Accept-Encoding: ['gzip, deflate']
      Connection: [keep-alive]
      Content-Type: [application/json; charset=utf-8]
      User-Agent: [python/3.5.0 (Windows-10.0.14393) requests/2.9.1 msrest/0.4.4 msrest_azure/0.4.3
          authorizationmanagementclient/0.30.0rc6 Azure-SDK-For-Python AZURECLI/TEST/0.1.0b10]
      accept-language: [en-US]
      x-ms-client-request-id: [8d2055cc-bcbd-11e6-8004-64510658e3b3]
    method: GET
    uri: https://management.azure.com/subscriptions/00000000-0000-0000-0000-000000000000/providers/Microsoft.Authorization/roleDefinitions?$filter=roleName%20eq%20%27Contributor%27&api-version=2015-07-01
  response:
    body: {string: '{"value":[{"properties":{"roleName":"Contributor","type":"BuiltInRole","description":"Lets
        you manage everything except access to resources.","assignableScopes":["/"],"permissions":[{"actions":["*"],"notActions":["Microsoft.Authorization/*/Delete","Microsoft.Authorization/*/Write"]}],"createdOn":"0001-01-01T08:00:00.0000000Z","updatedOn":"2016-05-31T23:13:58.6741320Z","createdBy":null,"updatedBy":null},"id":"/subscriptions/00000000-0000-0000-0000-000000000000/providers/Microsoft.Authorization/roleDefinitions/b24988ac-6180-42a0-ab88-20f7382dd24c","type":"Microsoft.Authorization/roleDefinitions","name":"b24988ac-6180-42a0-ab88-20f7382dd24c"}],"nextLink":null}'}
    headers:
      Cache-Control: [no-cache]
      Content-Type: [application/json; charset=utf-8]
      Date: ['Wed, 07 Dec 2016 20:41:38 GMT']
      Expires: ['-1']
      Pragma: [no-cache]
      Server: [Microsoft-IIS/8.5]
      Set-Cookie: [x-ms-gateway-slice=productionb; path=/]
      Strict-Transport-Security: [max-age=31536000; includeSubDomains]
      Transfer-Encoding: [chunked]
      Vary: [Accept-Encoding]
      X-Content-Type-Options: [nosniff]
      X-Powered-By: [ASP.NET]
      content-length: ['665']
    status: {code: 200, message: OK}
- request:
    body: '{"properties": {"roleDefinitionId": "/subscriptions/0b1f6471-1bf0-4dda-aec3-cb9272f09590/providers/Microsoft.Authorization/roleDefinitions/b24988ac-6180-42a0-ab88-20f7382dd24c",
      "principalId": "5440acd7-e9c6-4119-a4b8-e3f957adcf2e"}}'
    headers:
      Accept: [application/json]
      Accept-Encoding: ['gzip, deflate']
      Connection: [keep-alive]
      Content-Length: ['233']
      Content-Type: [application/json; charset=utf-8]
      User-Agent: [python/3.5.0 (Windows-10.0.14393) requests/2.9.1 msrest/0.4.4 msrest_azure/0.4.3
          authorizationmanagementclient/0.30.0rc6 Azure-SDK-For-Python AZURECLI/TEST/0.1.0b10]
      accept-language: [en-US]
      x-ms-client-request-id: [8d6a2090-bcbd-11e6-bdbf-64510658e3b3]
    method: PUT
    uri: https://management.azure.com/subscriptions/00000000-0000-0000-0000-000000000000/providers/Microsoft.Authorization/roleAssignments/21f65a86-d2a0-4336-89ed-48066abfde39?api-version=2015-07-01
  response:
    body: {string: '{"properties":{"roleDefinitionId":"/subscriptions/00000000-0000-0000-0000-000000000000/providers/Microsoft.Authorization/roleDefinitions/b24988ac-6180-42a0-ab88-20f7382dd24c","principalId":"5440acd7-e9c6-4119-a4b8-e3f957adcf2e","scope":"/subscriptions/00000000-0000-0000-0000-000000000000/subscriptions/0b1f6471-1bf0-4dda-aec3-cb9272f09590/providers/Microsoft.Authorization/roleAssignments/21f65a86-d2a0-4336-89ed-48066abfde39","type":"Microsoft.Authorization/roleAssignments","name":"21f65a86-d2a0-4336-89ed-48066abfde39"}'}
    headers:
      Cache-Control: [no-cache]
      Content-Length: ['686']
      Content-Type: [application/json; charset=utf-8]
      Date: ['Wed, 07 Dec 2016 20:41:39 GMT']
      Expires: ['-1']
      Pragma: [no-cache]
      Server: [Microsoft-IIS/8.5]
      Set-Cookie: [x-ms-gateway-slice=productionb; path=/]
      Strict-Transport-Security: [max-age=31536000; includeSubDomains]
      X-Content-Type-Options: [nosniff]
      X-Powered-By: [ASP.NET]
      x-ms-ratelimit-remaining-subscription-writes: ['1197']
    status: {code: 201, message: Created}
- request:
    body: null
    headers:
      Accept: [application/json]
      Accept-Encoding: ['gzip, deflate']
      CommandName: [ad sp create-for-rbac]
      Connection: [keep-alive]
      Content-Type: [application/json; charset=utf-8]
      User-Agent: [python/3.5.0 (Windows-10.0.14393) requests/2.9.1 msrest/0.4.4 msrest_azure/0.4.3
          graphrbacmanagementclient/0.30.0rc6 Azure-SDK-For-Python AZURECLI/0.1.0b10]
      accept-language: [en-US]
      x-ms-client-request-id: [866fd340-bcbd-11e6-8ea0-64510658e3b3]
    method: GET
    uri: https://graph.windows.net/00000000-0000-0000-0000-000000000000/servicePrincipals?$filter=servicePrincipalNames%2Fany%28x%3Ax%20eq%20%27http%3A%2F%2Fcli_create_rbac_sp%27%29&api-version=1.6
  response:
    body: {string: '{"odata.metadata":"https://graph.windows.net/54826b22-38d6-4fb2-bad9-b7b93a3e9c5a/$metadata#directoryObjects/Microsoft.DirectoryServices.ServicePrincipal","value":[{"odata.type":"Microsoft.DirectoryServices.ServicePrincipal","objectType":"ServicePrincipal","objectId":"5440acd7-e9c6-4119-a4b8-e3f957adcf2e","deletionTimestamp":null,"accountEnabled":true,"addIns":[],"alternativeNames":[],"appDisplayName":"azure-cli-2016-12-07-20-41-30","appId":"e7596e42-db1b-4a4e-8ab5-ad6fac2c1bcb","appOwnerTenantId":"54826b22-38d6-4fb2-bad9-b7b93a3e9c5a","appRoleAssignmentRequired":false,"appRoles":[],"displayName":"azure-cli-2016-12-07-20-41-30","errorUrl":null,"homepage":"http://azure-cli-2016-12-07-20-41-30","keyCredentials":[],"logoutUrl":null,"oauth2Permissions":[{"adminConsentDescription":"Allow
        the application to access azure-cli-2016-12-07-20-41-30 on behalf of the signed-in
        user.","adminConsentDisplayName":"Access azure-cli-2016-12-07-20-41-30","id":"002d03af-854f-4b81-9072-d72a40d5d447","isEnabled":true,"type":"User","userConsentDescription":"Allow
        the application to access azure-cli-2016-12-07-20-41-30 on your behalf.","userConsentDisplayName":"Access
        azure-cli-2016-12-07-20-41-30","value":"user_impersonation"}],"passwordCredentials":[],"preferredTokenSigningKeyThumbprint":null,"publisherName":"AzureSDKTeam","replyUrls":[],"samlMetadataUrl":null,"servicePrincipalNames":["http://cli_create_rbac_sp","e7596e42-db1b-4a4e-8ab5-ad6fac2c1bcb"],"servicePrincipalType":"Application","tags":[]}]}'}
    headers:
      Access-Control-Allow-Origin: ['*']
      Cache-Control: [no-cache]
      Content-Length: ['1502']
      Content-Type: [application/json;odata=minimalmetadata;streaming=true;charset=utf-8]
      DataServiceVersion: [3.0;]
      Date: ['Wed, 07 Dec 2016 20:41:40 GMT']
      Duration: ['1336586']
      Expires: ['-1']
      Pragma: [no-cache]
      Server: [Microsoft-IIS/8.5]
      Strict-Transport-Security: [max-age=31536000; includeSubDomains]
      X-AspNet-Version: [4.0.30319]
      X-Content-Type-Options: [nosniff]
      X-Powered-By: [ASP.NET, ASP.NET]
      ocp-aad-diagnostics-server-name: [+MzH+2dNYIt6p0PwxNqlMcq3itHIDSnhoyEZsBf+jpA=]
      ocp-aad-session-key: [_pUpNqzGrvrC2d0E_CVgXyAl0M7dtgNZoUZwa0lR9FwrjqwzGQcNi5eLTkk_IWlYq3UggInfII6XNEohILz65LaQ2axbPIaD1XxRNEAoInrEm8VZleqaH2ustgy8iiXjmhVr7jg4xBkZHPqbGJabRw.oao37W4_N16tjjvhLT2gVnEmfCK8RtxwQ43HsP3qFgo]
      request-id: [0062802c-6c74-4382-b518-6727083fdad3]
      x-ms-dirapi-data-contract-version: ['1.6']
    status: {code: 200, message: OK}
- request:
    body: null
    headers:
      Accept: [application/json]
      Accept-Encoding: ['gzip, deflate']
      Connection: [keep-alive]
      Content-Type: [application/json; charset=utf-8]
      User-Agent: [python/3.5.0 (Windows-10.0.14393) requests/2.9.1 msrest/0.4.4 msrest_azure/0.4.3
          authorizationmanagementclient/0.30.0rc6 Azure-SDK-For-Python AZURECLI/TEST/0.1.0b10]
      accept-language: [en-US]
      x-ms-client-request-id: [8e7a5cf4-bcbd-11e6-a01d-64510658e3b3]
    method: GET
    uri: https://management.azure.com/subscriptions/00000000-0000-0000-0000-000000000000/resourceGroups/cli_create_rbac_sp/providers/Microsoft.Authorization/roleDefinitions?$filter=roleName%20eq%20%27Contributor%27&api-version=2015-07-01
  response:
    body: {string: '{"value":[{"properties":{"roleName":"Contributor","type":"BuiltInRole","description":"Lets
        you manage everything except access to resources.","assignableScopes":["/"],"permissions":[{"actions":["*"],"notActions":["Microsoft.Authorization/*/Delete","Microsoft.Authorization/*/Write"]}],"createdOn":"0001-01-01T08:00:00.0000000Z","updatedOn":"2016-05-31T23:13:58.6741320Z","createdBy":null,"updatedBy":null},"id":"/subscriptions/00000000-0000-0000-0000-000000000000/providers/Microsoft.Authorization/roleDefinitions/b24988ac-6180-42a0-ab88-20f7382dd24c","type":"Microsoft.Authorization/roleDefinitions","name":"b24988ac-6180-42a0-ab88-20f7382dd24c"}],"nextLink":null}'}
    headers:
      Cache-Control: [no-cache]
      Content-Type: [application/json; charset=utf-8]
      Date: ['Wed, 07 Dec 2016 20:41:40 GMT']
      Expires: ['-1']
      Pragma: [no-cache]
      Server: [Microsoft-IIS/8.5]
      Set-Cookie: [x-ms-gateway-slice=productionb; path=/]
      Strict-Transport-Security: [max-age=31536000; includeSubDomains]
      Transfer-Encoding: [chunked]
      Vary: [Accept-Encoding]
      X-Content-Type-Options: [nosniff]
      X-Powered-By: [ASP.NET]
      content-length: ['665']
    status: {code: 200, message: OK}
- request:
    body: '{"properties": {"roleDefinitionId": "/subscriptions/0b1f6471-1bf0-4dda-aec3-cb9272f09590/providers/Microsoft.Authorization/roleDefinitions/b24988ac-6180-42a0-ab88-20f7382dd24c",
      "principalId": "5440acd7-e9c6-4119-a4b8-e3f957adcf2e"}}'
    headers:
      Accept: [application/json]
      Accept-Encoding: ['gzip, deflate']
      Connection: [keep-alive]
      Content-Length: ['233']
      Content-Type: [application/json; charset=utf-8]
      User-Agent: [python/3.5.0 (Windows-10.0.14393) requests/2.9.1 msrest/0.4.4 msrest_azure/0.4.3
          authorizationmanagementclient/0.30.0rc6 Azure-SDK-For-Python AZURECLI/TEST/0.1.0b10]
      accept-language: [en-US]
      x-ms-client-request-id: [8ea99de4-bcbd-11e6-ba20-64510658e3b3]
    method: PUT
    uri: https://management.azure.com/subscriptions/00000000-0000-0000-0000-000000000000/resourceGroups/cli_create_rbac_sp/providers/Microsoft.Authorization/roleAssignments/fed95984-bcbf-4e39-8f1e-f6d6d1808132?api-version=2015-07-01
  response:
    body: {string: '{"properties":{"roleDefinitionId":"/subscriptions/00000000-0000-0000-0000-000000000000/providers/Microsoft.Authorization/roleDefinitions/b24988ac-6180-42a0-ab88-20f7382dd24c","principalId":"5440acd7-e9c6-4119-a4b8-e3f957adcf2e","scope":"/subscriptions/00000000-0000-0000-0000-000000000000/resourceGroups/cli_create_rbac_sp","createdOn":"2016-12-07T20:41:41.7748229Z","updatedOn":"2016-12-07T20:41:41.7748229Z","createdBy":null,"updatedBy":"e7e158d3-7cdc-47cd-8825-5859d7ab2b55"},"id":"/subscriptions/00000000-0000-0000-0000-000000000000/resourceGroups/cli_create_rbac_sp/providers/Microsoft.Authorization/roleAssignments/fed95984-bcbf-4e39-8f1e-f6d6d1808132","type":"Microsoft.Authorization/roleAssignments","name":"fed95984-bcbf-4e39-8f1e-f6d6d1808132"}'}
    headers:
      Cache-Control: [no-cache]
      Content-Length: ['754']
      Content-Type: [application/json; charset=utf-8]
      Date: ['Wed, 07 Dec 2016 20:41:41 GMT']
      Expires: ['-1']
      Pragma: [no-cache]
      Server: [Microsoft-IIS/8.5]
      Set-Cookie: [x-ms-gateway-slice=productionb; path=/]
      Strict-Transport-Security: [max-age=31536000; includeSubDomains]
      X-Content-Type-Options: [nosniff]
      X-Powered-By: [ASP.NET]
      x-ms-ratelimit-remaining-subscription-writes: ['1197']
    status: {code: 201, message: Created}
- request:
    body: null
    headers:
      Accept: [application/json]
      Accept-Encoding: ['gzip, deflate']
      CommandName: [role assignment list]
      Connection: [keep-alive]
      Content-Type: [application/json; charset=utf-8]
      User-Agent: [python/3.5.0 (Windows-10.0.14393) requests/2.9.1 msrest/0.4.4 msrest_azure/0.4.3
          graphrbacmanagementclient/0.30.0rc6 Azure-SDK-For-Python AZURECLI/0.1.0b10]
      accept-language: [en-US]
      x-ms-client-request-id: [866fd340-bcbd-11e6-8ea0-64510658e3b3]
    method: GET
    uri: https://graph.windows.net/00000000-0000-0000-0000-000000000000/servicePrincipals?$filter=servicePrincipalNames%2Fany%28c%3Ac%20eq%20%27http%3A%2F%2Fcli_create_rbac_sp%27%29&api-version=1.6
  response:
    body: {string: '{"odata.metadata":"https://graph.windows.net/54826b22-38d6-4fb2-bad9-b7b93a3e9c5a/$metadata#directoryObjects/Microsoft.DirectoryServices.ServicePrincipal","value":[{"odata.type":"Microsoft.DirectoryServices.ServicePrincipal","objectType":"ServicePrincipal","objectId":"5440acd7-e9c6-4119-a4b8-e3f957adcf2e","deletionTimestamp":null,"accountEnabled":true,"addIns":[],"alternativeNames":[],"appDisplayName":"azure-cli-2016-12-07-20-41-30","appId":"e7596e42-db1b-4a4e-8ab5-ad6fac2c1bcb","appOwnerTenantId":"54826b22-38d6-4fb2-bad9-b7b93a3e9c5a","appRoleAssignmentRequired":false,"appRoles":[],"displayName":"azure-cli-2016-12-07-20-41-30","errorUrl":null,"homepage":"http://azure-cli-2016-12-07-20-41-30","keyCredentials":[],"logoutUrl":null,"oauth2Permissions":[{"adminConsentDescription":"Allow
        the application to access azure-cli-2016-12-07-20-41-30 on behalf of the signed-in
        user.","adminConsentDisplayName":"Access azure-cli-2016-12-07-20-41-30","id":"002d03af-854f-4b81-9072-d72a40d5d447","isEnabled":true,"type":"User","userConsentDescription":"Allow
        the application to access azure-cli-2016-12-07-20-41-30 on your behalf.","userConsentDisplayName":"Access
        azure-cli-2016-12-07-20-41-30","value":"user_impersonation"}],"passwordCredentials":[],"preferredTokenSigningKeyThumbprint":null,"publisherName":"AzureSDKTeam","replyUrls":[],"samlMetadataUrl":null,"servicePrincipalNames":["http://cli_create_rbac_sp","e7596e42-db1b-4a4e-8ab5-ad6fac2c1bcb"],"servicePrincipalType":"Application","tags":[]}]}'}
    headers:
      Access-Control-Allow-Origin: ['*']
      Cache-Control: [no-cache]
      Content-Length: ['1502']
      Content-Type: [application/json;odata=minimalmetadata;streaming=true;charset=utf-8]
      DataServiceVersion: [3.0;]
      Date: ['Wed, 07 Dec 2016 20:41:41 GMT']
      Duration: ['1334309']
      Expires: ['-1']
      Pragma: [no-cache]
      Server: [Microsoft-IIS/8.5]
      Strict-Transport-Security: [max-age=31536000; includeSubDomains]
      X-AspNet-Version: [4.0.30319]
      X-Content-Type-Options: [nosniff]
      X-Powered-By: [ASP.NET, ASP.NET]
      ocp-aad-diagnostics-server-name: [gVe9/FM4oqqnojytneR8sUurfqQA9QW5mYrgVR1bKQo=]
      ocp-aad-session-key: [j2K6MnEbKz2fy9H91BhL2sAwCMWWMNcxbvxSVlzVNjH5R6ETNPfTzG7nU7ZsnEkMO_9-0yHspFBO0NVHX32CcZ4ibGRIRJ3UniPXqppfUP7NsuhKfmFIbLjwv6IO8Gzmb2IWfPnIXIC80fmnEzuEtA.zWmpHrR7BXQD9h_DMRvo4NiVntRSyJ6QGItfoA-Ka7o]
      request-id: [bec509bd-6ddc-4365-855a-a9a65561eda1]
      x-ms-dirapi-data-contract-version: ['1.6']
    status: {code: 200, message: OK}
- request:
    body: null
    headers:
      Accept: [application/json]
      Accept-Encoding: ['gzip, deflate']
      Connection: [keep-alive]
      Content-Type: [application/json; charset=utf-8]
      User-Agent: [python/3.5.0 (Windows-10.0.14393) requests/2.9.1 msrest/0.4.4 msrest_azure/0.4.3
          authorizationmanagementclient/0.30.0rc6 Azure-SDK-For-Python AZURECLI/TEST/0.1.0b10]
      accept-language: [en-US]
      x-ms-client-request-id: [8fe7af78-bcbd-11e6-9266-64510658e3b3]
    method: GET
    uri: https://management.azure.com/subscriptions/00000000-0000-0000-0000-000000000000/providers/Microsoft.Authorization/roleAssignments?$filter=principalId%20eq%20%275440acd7-e9c6-4119-a4b8-e3f957adcf2e%27&api-version=2015-07-01
  response:
    body: {string: '{"value":[{"properties":{"roleDefinitionId":"/subscriptions/00000000-0000-0000-0000-000000000000/providers/Microsoft.Authorization/roleDefinitions/b24988ac-6180-42a0-ab88-20f7382dd24c","principalId":"5440acd7-e9c6-4119-a4b8-e3f957adcf2e","scope":"/subscriptions/00000000-0000-0000-0000-000000000000/subscriptions/0b1f6471-1bf0-4dda-aec3-cb9272f09590/providers/Microsoft.Authorization/roleAssignments/21f65a86-d2a0-4336-89ed-48066abfde39","type":"Microsoft.Authorization/roleAssignments","name":"21f65a86-d2a0-4336-89ed-48066abfde39"},{"properties":{"roleDefinitionId":"/subscriptions/00000000-0000-0000-0000-000000000000/providers/Microsoft.Authorization/roleDefinitions/b24988ac-6180-42a0-ab88-20f7382dd24c","principalId":"5440acd7-e9c6-4119-a4b8-e3f957adcf2e","scope":"/subscriptions/00000000-0000-0000-0000-000000000000/resourceGroups/cli_create_rbac_sp","createdOn":"2016-12-07T20:41:42.3705810Z","updatedOn":"2016-12-07T20:41:42.3705810Z","createdBy":"e7e158d3-7cdc-47cd-8825-5859d7ab2b55","updatedBy":"e7e158d3-7cdc-47cd-8825-5859d7ab2b55"},"id":"/subscriptions/00000000-0000-0000-0000-000000000000/resourceGroups/cli_create_rbac_sp/providers/Microsoft.Authorization/roleAssignments/fed95984-bcbf-4e39-8f1e-f6d6d1808132","type":"Microsoft.Authorization/roleAssignments","name":"fed95984-bcbf-4e39-8f1e-f6d6d1808132"}],"nextLink":null}'}
    headers:
      Cache-Control: [no-cache]
      Content-Type: [application/json; charset=utf-8]
      Date: ['Wed, 07 Dec 2016 20:41:42 GMT']
      Expires: ['-1']
      Pragma: [no-cache]
      Server: [Microsoft-IIS/8.5]
      Set-Cookie: [x-ms-gateway-slice=productionb; path=/]
      Strict-Transport-Security: [max-age=31536000; includeSubDomains]
      Transfer-Encoding: [chunked]
      Vary: [Accept-Encoding]
      X-Content-Type-Options: [nosniff]
      X-Powered-By: [ASP.NET]
      content-length: ['1537']
    status: {code: 200, message: OK}
- request:
    body: null
    headers:
      Accept: [application/json]
      Accept-Encoding: ['gzip, deflate']
      Connection: [keep-alive]
      Content-Type: [application/json; charset=utf-8]
      User-Agent: [python/3.5.0 (Windows-10.0.14393) requests/2.9.1 msrest/0.4.4 msrest_azure/0.4.3
          authorizationmanagementclient/0.30.0rc6 Azure-SDK-For-Python AZURECLI/TEST/0.1.0b10]
      accept-language: [en-US]
      x-ms-client-request-id: [9025a3c0-bcbd-11e6-95fb-64510658e3b3]
    method: GET
    uri: https://management.azure.com/subscriptions/00000000-0000-0000-0000-000000000000/providers/Microsoft.Authorization/roleDefinitions?api-version=2015-07-01
  response:
    body: {string: "{\"value\":[{\"properties\":{\"roleName\":\"CluRoleDefinition\"\
        ,\"type\":\"CustomRole\",\"description\":\"Super awesome Clu Role Definition\"\
        ,\"assignableScopes\":[\"/subscriptions/00000000-0000-0000-0000-000000000000/*/read\"\
        ,\"Microsoft.Support/*\"],\"notActions\":[]}],\"createdOn\":\"2016-01-24T04:32:28.3368306Z\"\
        ,\"updatedOn\":\"2016-01-24T04:32:28.3368306Z\",\"createdBy\":\"5963f50c-7c43-405c-af7e-53294de76abd\"\
        ,\"updatedBy\":\"5963f50c-7c43-405c-af7e-53294de76abd\"},\"id\":\"/subscriptions/00000000-0000-0000-0000-000000000000/providers/Microsoft.Authorization/roleDefinitions/5370bbf4-6b73-4417-969b-8f2e6e1a558f\"\
        ,\"type\":\"Microsoft.Authorization/roleDefinitions\",\"name\":\"5370bbf4-6b73-4417-969b-8f2e6e1a558f\"\
        },{\"properties\":{\"roleName\":\"Contoso On-call\",\"type\":\"CustomRole\"\
        ,\"description\":null,\"assignableScopes\":[\"/subscriptions/00000000-0000-0000-0000-000000000000/*/read\"\
        ,\"Microsoft.Compute/*/read\",\"Microsoft.Compute/virtualMachines/restart/action\"\
        ,\"Microsoft.Compute/virtualMachines/start/action\",\"Microsoft.Insights/alertRules/*\"\
        ,\"Microsoft.Network/*/read\",\"Microsoft.Resources/subscriptions/00000000-0000-0000-0000-000000000000/read\"\
        ,\"Microsoft.Resources/subscriptions/00000000-0000-0000-0000-000000000000/resources/read\"\
        ,\"Microsoft.Storage/*/read\",\"Microsoft.Support/*\"],\"notActions\":null}],\"\
        createdOn\":\"2016-08-04T16:46:01.6106554Z\",\"updatedOn\":\"2016-08-04T16:46:01.6106554Z\"\
        ,\"createdBy\":\"e7e158d3-7cdc-47cd-8825-5859d7ab2b55\",\"updatedBy\":\"e7e158d3-7cdc-47cd-8825-5859d7ab2b55\"\
        },\"id\":\"/subscriptions/00000000-0000-0000-0000-000000000000/providers/Microsoft.Authorization/roleDefinitions/353790dd-e776-4b53-a723-d809f8fa2337\"\
        ,\"type\":\"Microsoft.Authorization/roleDefinitions\",\"name\":\"353790dd-e776-4b53-a723-d809f8fa2337\"\
        },{\"properties\":{\"roleName\":\"My Demo Role\",\"type\":\"CustomRole\",\"\
        description\":\"Can monitor compute, network and storage, and restart virtual\
        \ machines\",\"assignableScopes\":[\"/subscriptions/00000000-0000-0000-0000-000000000000/*/read\"\
        ,\"Microsoft.Compute/*/read\",\"Microsoft.Compute/virtualMachines/restart/action\"\
        ,\"Microsoft.Compute/virtualMachines/start/action\",\"Microsoft.Insights/alertRules/*\"\
        ,\"Microsoft.Network/*/read\",\"Microsoft.Resources/subscriptions/00000000-0000-0000-0000-000000000000/read\"\
        ,\"Microsoft.Resources/subscriptions/00000000-0000-0000-0000-000000000000/resources/read\"\
        ,\"Microsoft.Storage/*/read\",\"Microsoft.Support/*\"],\"notActions\":null}],\"\
        createdOn\":\"2016-10-07T21:12:48.7544984Z\",\"updatedOn\":\"2016-10-07T21:12:48.7544984Z\"\
        ,\"createdBy\":\"5963f50c-7c43-405c-af7e-53294de76abd\",\"updatedBy\":\"5963f50c-7c43-405c-af7e-53294de76abd\"\
        },\"id\":\"/subscriptions/00000000-0000-0000-0000-000000000000/providers/Microsoft.Authorization/roleDefinitions/e90a40de-fb39-4e25-b6c6-d61fe106a9d1\"\
        ,\"type\":\"Microsoft.Authorization/roleDefinitions\",\"name\":\"e90a40de-fb39-4e25-b6c6-d61fe106a9d1\"\
        },{\"properties\":{\"roleName\":\"API Management Service Contributor\",\"\
        type\":\"BuiltInRole\",\"description\":\"API Management Service Contributor\"\
        ,\"assignableScopes\":[\"/\"],\"permissions\":[{\"actions\":[\"Microsoft.ApiManagement/service/*\"\
        ,\"Microsoft.Authorization/*/read\",\"Microsoft.Insights/alertRules/*\",\"\
        Microsoft.ResourceHealth/availabilityStatuses/read\",\"Microsoft.Resources/deployments/*\"\
        ,\"Microsoft.Resources/subscriptions/00000000-0000-0000-0000-000000000000/read\"\
        ,\"Microsoft.Support/*\"],\"notActions\":[]}],\"createdOn\":\"0001-01-01T08:00:00.0000000Z\"\
        ,\"updatedOn\":\"2016-11-19T00:02:57.6497116Z\",\"createdBy\":null,\"updatedBy\"\
        :null},\"id\":\"/subscriptions/00000000-0000-0000-0000-000000000000/providers/Microsoft.Authorization/roleDefinitions/312a565d-c81f-4fd8-895a-4e21e48d571c\"\
        ,\"type\":\"Microsoft.Authorization/roleDefinitions\",\"name\":\"312a565d-c81f-4fd8-895a-4e21e48d571c\"\
        },{\"properties\":{\"roleName\":\"API Management Service Operator Role\",\"\
        type\":\"BuiltInRole\",\"description\":\"Can manage service but not the APIs\"\
        ,\"assignableScopes\":[\"/\"],\"permissions\":[{\"actions\":[\"Microsoft.ApiManagement/service/*/read\"\
        ,\"Microsoft.ApiManagement/service/backup/action\",\"Microsoft.ApiManagement/service/delete\"\
        ,\"Microsoft.ApiManagement/service/managedeployments/action\",\"Microsoft.ApiManagement/service/read\"\
        ,\"Microsoft.ApiManagement/service/restore/action\",\"Microsoft.ApiManagement/service/updatecertificate/action\"\
        ,\"Microsoft.ApiManagement/service/updatehostname/action\",\"Microsoft.ApiManagement/service/write\"\
        ,\"Microsoft.Authorization/*/read\",\"Microsoft.Insights/alertRules/*\",\"\
        Microsoft.ResourceHealth/availabilityStatuses/read\",\"Microsoft.Resources/deployments/*\"\
        ,\"Microsoft.Resources/subscriptions/00000000-0000-0000-0000-000000000000/read\"\
        ,\"Microsoft.Support/*\"],\"notActions\":[\"Microsoft.ApiManagement/service/users/keys/read\"\
        ]}],\"createdOn\":\"2016-11-09T00:03:42.1194019Z\",\"updatedOn\":\"2016-11-18T23:56:25.4682649Z\"\
        ,\"createdBy\":null,\"updatedBy\":null},\"id\":\"/subscriptions/00000000-0000-0000-0000-000000000000/providers/Microsoft.Authorization/roleDefinitions/e022efe7-f5ba-4159-bbe4-b44f577e9b61\"\
        ,\"type\":\"Microsoft.Authorization/roleDefinitions\",\"name\":\"e022efe7-f5ba-4159-bbe4-b44f577e9b61\"\
        },{\"properties\":{\"roleName\":\"API Management Service Reader Role\",\"\
        type\":\"BuiltInRole\",\"description\":\"API Management Service Reader Role\"\
        ,\"assignableScopes\":[\"/\"],\"permissions\":[{\"actions\":[\"Microsoft.ApiManagement/service/*/read\"\
        ,\"Microsoft.ApiManagement/service/read\",\"Microsoft.Authorization/*/read\"\
        ,\"Microsoft.Insights/alertRules/*\",\"Microsoft.ResourceHealth/availabilityStatuses/read\"\
        ,\"Microsoft.Resources/deployments/*\",\"Microsoft.Resources/subscriptions/00000000-0000-0000-0000-000000000000/read\"\
        ,\"Microsoft.Support/*\"],\"notActions\":[\"Microsoft.ApiManagement/service/users/keys/read\"\
        ]}],\"createdOn\":\"2016-11-09T00:26:45.1540473Z\",\"updatedOn\":\"2016-11-18T23:59:28.8342821Z\"\
        ,\"createdBy\":null,\"updatedBy\":null},\"id\":\"/subscriptions/00000000-0000-0000-0000-000000000000/providers/Microsoft.Authorization/roleDefinitions/71522526-b88f-4d52-b57f-d31fc3546d0d\"\
        ,\"type\":\"Microsoft.Authorization/roleDefinitions\",\"name\":\"71522526-b88f-4d52-b57f-d31fc3546d0d\"\
        },{\"properties\":{\"roleName\":\"Application Insights Component Contributor\"\
        ,\"type\":\"BuiltInRole\",\"description\":\"Can manage Application Insights\
        \ components\",\"assignableScopes\":[\"/\"],\"permissions\":[{\"actions\"\
        :[\"Microsoft.Authorization/*/read\",\"Microsoft.Insights/alertRules/*\",\"\
        Microsoft.Insights/components/*\",\"Microsoft.Insights/webtests/*\",\"Microsoft.ResourceHealth/availabilityStatuses/read\"\
        ,\"Microsoft.Resources/deployments/*\",\"Microsoft.Resources/subscriptions/00000000-0000-0000-0000-000000000000/read\"\
        ,\"Microsoft.Support/*\"],\"notActions\":[]}],\"createdOn\":\"0001-01-01T08:00:00.0000000Z\"\
        ,\"updatedOn\":\"2016-11-29T20:30:34.2313394Z\",\"createdBy\":null,\"updatedBy\"\
        :null},\"id\":\"/subscriptions/00000000-0000-0000-0000-000000000000/providers/Microsoft.Authorization/roleDefinitions/ae349356-3a1b-4a5e-921d-050484c6347e\"\
        ,\"type\":\"Microsoft.Authorization/roleDefinitions\",\"name\":\"ae349356-3a1b-4a5e-921d-050484c6347e\"\
        },{\"properties\":{\"roleName\":\"Automation Operator\",\"type\":\"BuiltInRole\"\
        ,\"description\":\"Automation Operators are able to start, stop, suspend,\
        \ and resume jobs\",\"assignableScopes\":[\"/\"],\"permissions\":[{\"actions\"\
        :[\"Microsoft.Authorization/*/read\",\"Microsoft.Automation/automationAccounts/jobs/read\"\
        ,\"Microsoft.Automation/automationAccounts/jobs/resume/action\",\"Microsoft.Automation/automationAccounts/jobs/stop/action\"\
        ,\"Microsoft.Automation/automationAccounts/jobs/streams/read\",\"Microsoft.Automation/automationAccounts/jobs/suspend/action\"\
        ,\"Microsoft.Automation/automationAccounts/jobs/write\",\"Microsoft.Automation/automationAccounts/jobSchedules/read\"\
        ,\"Microsoft.Automation/automationAccounts/jobSchedules/write\",\"Microsoft.Automation/automationAccounts/read\"\
        ,\"Microsoft.Automation/automationAccounts/runbooks/read\",\"Microsoft.Automation/automationAccounts/schedules/read\"\
        ,\"Microsoft.Automation/automationAccounts/schedules/write\",\"Microsoft.Insights/alertRules/*\"\
        ,\"Microsoft.ResourceHealth/availabilityStatuses/read\",\"Microsoft.Resources/deployments/*\"\
        ,\"Microsoft.Resources/subscriptions/00000000-0000-0000-0000-000000000000/read\"\
        ,\"Microsoft.Support/*\"],\"notActions\":[]}],\"createdOn\":\"2015-08-18T01:05:03.3916130Z\"\
        ,\"updatedOn\":\"2016-05-31T23:13:38.5728496Z\",\"createdBy\":null,\"updatedBy\"\
        :null},\"id\":\"/subscriptions/00000000-0000-0000-0000-000000000000/providers/Microsoft.Authorization/roleDefinitions/d3881f73-407a-4167-8283-e981cbba0404\"\
        ,\"type\":\"Microsoft.Authorization/roleDefinitions\",\"name\":\"d3881f73-407a-4167-8283-e981cbba0404\"\
        },{\"properties\":{\"roleName\":\"BizTalk Contributor\",\"type\":\"BuiltInRole\"\
        ,\"description\":\"Lets you manage BizTalk services, but not access to them.\"\
        ,\"assignableScopes\":[\"/\"],\"permissions\":[{\"actions\":[\"Microsoft.Authorization/*/read\"\
        ,\"Microsoft.BizTalkServices/BizTalk/*\",\"Microsoft.Insights/alertRules/*\"\
        ,\"Microsoft.ResourceHealth/availabilityStatuses/read\",\"Microsoft.Resources/deployments/*\"\
        ,\"Microsoft.Resources/subscriptions/00000000-0000-0000-0000-000000000000/read\"\
        ,\"Microsoft.Support/*\"],\"notActions\":[]}],\"createdOn\":\"0001-01-01T08:00:00.0000000Z\"\
        ,\"updatedOn\":\"2016-05-31T23:13:55.8430061Z\",\"createdBy\":null,\"updatedBy\"\
        :null},\"id\":\"/subscriptions/00000000-0000-0000-0000-000000000000/providers/Microsoft.Authorization/roleDefinitions/5e3c6656-6cfa-4708-81fe-0de47ac73342\"\
        ,\"type\":\"Microsoft.Authorization/roleDefinitions\",\"name\":\"5e3c6656-6cfa-4708-81fe-0de47ac73342\"\
        },{\"properties\":{\"roleName\":\"CDN Endpoint Contributor\",\"type\":\"BuiltInRole\"\
        ,\"description\":\"Can manage CDN endpoints, but can\u2019t grant access to\
        \ other users.\",\"assignableScopes\":[\"/\"],\"permissions\":[{\"actions\"\
        :[\"Microsoft.Authorization/*/read\",\"Microsoft.Cdn/edgenodes/read\",\"Microsoft.Cdn/operationresults/*\"\
        ,\"Microsoft.Cdn/profiles/endpoints/*\",\"Microsoft.Insights/alertRules/*\"\
        ,\"Microsoft.Resources/deployments/*\",\"Microsoft.Resources/subscriptions/00000000-0000-0000-0000-000000000000/read\"\
        ,\"Microsoft.Support/*\"],\"notActions\":[]}],\"createdOn\":\"2016-01-23T02:48:46.4996252Z\"\
        ,\"updatedOn\":\"2016-05-31T23:13:52.6231539Z\",\"createdBy\":null,\"updatedBy\"\
        :null},\"id\":\"/subscriptions/00000000-0000-0000-0000-000000000000/providers/Microsoft.Authorization/roleDefinitions/426e0c7f-0c7e-4658-b36f-ff54d6c29b45\"\
        ,\"type\":\"Microsoft.Authorization/roleDefinitions\",\"name\":\"426e0c7f-0c7e-4658-b36f-ff54d6c29b45\"\
        },{\"properties\":{\"roleName\":\"CDN Endpoint Reader\",\"type\":\"BuiltInRole\"\
        ,\"description\":\"Can view CDN endpoints, but can\u2019t make changes.\"\
        ,\"assignableScopes\":[\"/\"],\"permissions\":[{\"actions\":[\"Microsoft.Authorization/*/read\"\
        ,\"Microsoft.Cdn/edgenodes/read\",\"Microsoft.Cdn/operationresults/*\",\"\
        Microsoft.Cdn/profiles/endpoints/*/read\",\"Microsoft.Insights/alertRules/*\"\
        ,\"Microsoft.Resources/deployments/*\",\"Microsoft.Resources/subscriptions/00000000-0000-0000-0000-000000000000/read\"\
        ,\"Microsoft.Support/*\"],\"notActions\":[]}],\"createdOn\":\"2016-01-23T02:48:46.4996252Z\"\
        ,\"updatedOn\":\"2016-05-31T23:13:53.1585846Z\",\"createdBy\":null,\"updatedBy\"\
        :null},\"id\":\"/subscriptions/00000000-0000-0000-0000-000000000000/providers/Microsoft.Authorization/roleDefinitions/871e35f6-b5c1-49cc-a043-bde969a0f2cd\"\
        ,\"type\":\"Microsoft.Authorization/roleDefinitions\",\"name\":\"871e35f6-b5c1-49cc-a043-bde969a0f2cd\"\
        },{\"properties\":{\"roleName\":\"CDN Profile Contributor\",\"type\":\"BuiltInRole\"\
        ,\"description\":\"Can manage CDN profiles and their endpoints, but can\u2019\
        t grant access to other users.\",\"assignableScopes\":[\"/\"],\"permissions\"\
        :[{\"actions\":[\"Microsoft.Authorization/*/read\",\"Microsoft.Cdn/edgenodes/read\"\
        ,\"Microsoft.Cdn/operationresults/*\",\"Microsoft.Cdn/profiles/*\",\"Microsoft.Insights/alertRules/*\"\
        ,\"Microsoft.Resources/deployments/*\",\"Microsoft.Resources/subscriptions/00000000-0000-0000-0000-000000000000/read\"\
        ,\"Microsoft.Support/*\"],\"notActions\":[]}],\"createdOn\":\"2016-01-23T02:48:46.4996252Z\"\
        ,\"updatedOn\":\"2016-05-31T23:13:53.7051278Z\",\"createdBy\":null,\"updatedBy\"\
        :null},\"id\":\"/subscriptions/00000000-0000-0000-0000-000000000000/providers/Microsoft.Authorization/roleDefinitions/ec156ff8-a8d1-4d15-830c-5b80698ca432\"\
        ,\"type\":\"Microsoft.Authorization/roleDefinitions\",\"name\":\"ec156ff8-a8d1-4d15-830c-5b80698ca432\"\
        },{\"properties\":{\"roleName\":\"CDN Profile Reader\",\"type\":\"BuiltInRole\"\
        ,\"description\":\"Can view CDN profiles and their endpoints, but can\u2019\
        t make changes.\",\"assignableScopes\":[\"/\"],\"permissions\":[{\"actions\"\
        :[\"Microsoft.Authorization/*/read\",\"Microsoft.Cdn/edgenodes/read\",\"Microsoft.Cdn/operationresults/*\"\
        ,\"Microsoft.Cdn/profiles/*/read\",\"Microsoft.Insights/alertRules/*\",\"\
        Microsoft.Resources/deployments/*\",\"Microsoft.Resources/subscriptions/00000000-0000-0000-0000-000000000000/read\"\
        ,\"Microsoft.Support/*\"],\"notActions\":[]}],\"createdOn\":\"2016-01-23T02:48:46.4996252Z\"\
        ,\"updatedOn\":\"2016-05-31T23:13:54.2283001Z\",\"createdBy\":null,\"updatedBy\"\
        :null},\"id\":\"/subscriptions/00000000-0000-0000-0000-000000000000/providers/Microsoft.Authorization/roleDefinitions/8f96442b-4075-438f-813d-ad51ab4019af\"\
        ,\"type\":\"Microsoft.Authorization/roleDefinitions\",\"name\":\"8f96442b-4075-438f-813d-ad51ab4019af\"\
        },{\"properties\":{\"roleName\":\"Classic Network Contributor\",\"type\":\"\
        BuiltInRole\",\"description\":\"Lets you manage classic networks, but not\
        \ access to them.\",\"assignableScopes\":[\"/\"],\"permissions\":[{\"actions\"\
        :[\"Microsoft.Authorization/*/read\",\"Microsoft.ClassicNetwork/*\",\"Microsoft.Insights/alertRules/*\"\
        ,\"Microsoft.ResourceHealth/availabilityStatuses/read\",\"Microsoft.Resources/deployments/*\"\
        ,\"Microsoft.Resources/subscriptions/00000000-0000-0000-0000-000000000000/read\"\
        ,\"Microsoft.Support/*\"],\"notActions\":[]}],\"createdOn\":\"0001-01-01T08:00:00.0000000Z\"\
        ,\"updatedOn\":\"2016-05-31T23:13:56.3934954Z\",\"createdBy\":null,\"updatedBy\"\
        :null},\"id\":\"/subscriptions/00000000-0000-0000-0000-000000000000/providers/Microsoft.Authorization/roleDefinitions/b34d265f-36f7-4a0d-a4d4-e158ca92e90f\"\
        ,\"type\":\"Microsoft.Authorization/roleDefinitions\",\"name\":\"b34d265f-36f7-4a0d-a4d4-e158ca92e90f\"\
        },{\"properties\":{\"roleName\":\"Classic Storage Account Contributor\",\"\
        type\":\"BuiltInRole\",\"description\":\"Lets you manage classic storage accounts,\
        \ but not access to them.\",\"assignableScopes\":[\"/\"],\"permissions\":[{\"\
        actions\":[\"Microsoft.Authorization/*/read\",\"Microsoft.ClassicStorage/storageAccounts/*\"\
        ,\"Microsoft.Insights/alertRules/*\",\"Microsoft.ResourceHealth/availabilityStatuses/read\"\
        ,\"Microsoft.Resources/deployments/*\",\"Microsoft.Resources/subscriptions/00000000-0000-0000-0000-000000000000/read\"\
        ,\"Microsoft.Support/*\"],\"notActions\":[]}],\"createdOn\":\"0001-01-01T08:00:00.0000000Z\"\
        ,\"updatedOn\":\"2016-05-31T23:13:56.9379206Z\",\"createdBy\":null,\"updatedBy\"\
        :null},\"id\":\"/subscriptions/00000000-0000-0000-0000-000000000000/providers/Microsoft.Authorization/roleDefinitions/86e8f5dc-a6e9-4c67-9d15-de283e8eac25\"\
        ,\"type\":\"Microsoft.Authorization/roleDefinitions\",\"name\":\"86e8f5dc-a6e9-4c67-9d15-de283e8eac25\"\
        },{\"properties\":{\"roleName\":\"Classic Virtual Machine Contributor\",\"\
        type\":\"BuiltInRole\",\"description\":\"Lets you manage classic virtual machines,\
        \ but not access to them, and not the virtual network or storage account they\u2019\
        re connected to.\",\"assignableScopes\":[\"/\"],\"permissions\":[{\"actions\"\
        :[\"Microsoft.Authorization/*/read\",\"Microsoft.ClassicCompute/domainNames/*\"\
        ,\"Microsoft.ClassicCompute/virtualMachines/*\",\"Microsoft.ClassicNetwork/networkSecurityGroups/join/action\"\
        ,\"Microsoft.ClassicNetwork/reservedIps/link/action\",\"Microsoft.ClassicNetwork/reservedIps/read\"\
        ,\"Microsoft.ClassicNetwork/virtualNetworks/join/action\",\"Microsoft.ClassicNetwork/virtualNetworks/read\"\
        ,\"Microsoft.ClassicStorage/storageAccounts/disks/read\",\"Microsoft.ClassicStorage/storageAccounts/images/read\"\
        ,\"Microsoft.ClassicStorage/storageAccounts/listKeys/action\",\"Microsoft.ClassicStorage/storageAccounts/read\"\
        ,\"Microsoft.Insights/alertRules/*\",\"Microsoft.ResourceHealth/availabilityStatuses/read\"\
        ,\"Microsoft.Resources/deployments/*\",\"Microsoft.Resources/subscriptions/00000000-0000-0000-0000-000000000000/read\"\
        ,\"Microsoft.Support/*\"],\"notActions\":[]}],\"createdOn\":\"0001-01-01T08:00:00.0000000Z\"\
        ,\"updatedOn\":\"2016-05-31T23:13:57.4788684Z\",\"createdBy\":null,\"updatedBy\"\
        :null},\"id\":\"/subscriptions/00000000-0000-0000-0000-000000000000/providers/Microsoft.Authorization/roleDefinitions/d73bb868-a0df-4d4d-bd69-98a00b01fccb\"\
        ,\"type\":\"Microsoft.Authorization/roleDefinitions\",\"name\":\"d73bb868-a0df-4d4d-bd69-98a00b01fccb\"\
        },{\"properties\":{\"roleName\":\"ClearDB MySQL DB Contributor\",\"type\"\
        :\"BuiltInRole\",\"description\":\"Lets you manage ClearDB MySQL databases,\
        \ but not access to them.\",\"assignableScopes\":[\"/\"],\"permissions\":[{\"\
        actions\":[\"Microsoft.Authorization/*/read\",\"Microsoft.Insights/alertRules/*\"\
        ,\"Microsoft.ResourceHealth/availabilityStatuses/read\",\"Microsoft.Resources/deployments/*\"\
        ,\"Microsoft.Resources/subscriptions/00000000-0000-0000-0000-000000000000/read\"\
        ,\"Microsoft.Support/*\",\"successbricks.cleardb/databases/*\"],\"notActions\"\
        :[]}],\"createdOn\":\"0001-01-01T08:00:00.0000000Z\",\"updatedOn\":\"2016-05-31T23:13:58.1393839Z\"\
        ,\"createdBy\":null,\"updatedBy\":null},\"id\":\"/subscriptions/00000000-0000-0000-0000-000000000000/providers/Microsoft.Authorization/roleDefinitions/9106cda0-8a86-4e81-b686-29a22c54effe\"\
        ,\"type\":\"Microsoft.Authorization/roleDefinitions\",\"name\":\"9106cda0-8a86-4e81-b686-29a22c54effe\"\
        },{\"properties\":{\"roleName\":\"Contributor\",\"type\":\"BuiltInRole\",\"\
        description\":\"Lets you manage everything except access to resources.\",\"\
        assignableScopes\":[\"/\"],\"permissions\":[{\"actions\":[\"*\"],\"notActions\"\
        :[\"Microsoft.Authorization/*/Delete\",\"Microsoft.Authorization/*/Write\"\
        ]}],\"createdOn\":\"0001-01-01T08:00:00.0000000Z\",\"updatedOn\":\"2016-05-31T23:13:58.6741320Z\"\
        ,\"createdBy\":null,\"updatedBy\":null},\"id\":\"/subscriptions/00000000-0000-0000-0000-000000000000/providers/Microsoft.Authorization/roleDefinitions/b24988ac-6180-42a0-ab88-20f7382dd24c\"\
        ,\"type\":\"Microsoft.Authorization/roleDefinitions\",\"name\":\"b24988ac-6180-42a0-ab88-20f7382dd24c\"\
        },{\"properties\":{\"roleName\":\"Data Factory Contributor\",\"type\":\"BuiltInRole\"\
        ,\"description\":\"Create and manage data factories, as well as child resources\
        \ within them.\",\"assignableScopes\":[\"/\"],\"permissions\":[{\"actions\"\
        :[\"Microsoft.Authorization/*/read\",\"Microsoft.DataFactory/dataFactories/*\"\
        ,\"Microsoft.Insights/alertRules/*\",\"Microsoft.ResourceHealth/availabilityStatuses/read\"\
        ,\"Microsoft.Resources/deployments/*\",\"Microsoft.Resources/subscriptions/00000000-0000-0000-0000-000000000000/read\"\
        ,\"Microsoft.Support/*\"],\"notActions\":[]}],\"createdOn\":\"0001-01-01T08:00:00.0000000Z\"\
        ,\"updatedOn\":\"2016-09-12T19:16:42.3441035Z\",\"createdBy\":null,\"updatedBy\"\
        :null},\"id\":\"/subscriptions/00000000-0000-0000-0000-000000000000/providers/Microsoft.Authorization/roleDefinitions/673868aa-7521-48a0-acc6-0f60742d39f5\"\
        ,\"type\":\"Microsoft.Authorization/roleDefinitions\",\"name\":\"673868aa-7521-48a0-acc6-0f60742d39f5\"\
        },{\"properties\":{\"roleName\":\"Data Lake Analytics Developer\",\"type\"\
        :\"BuiltInRole\",\"description\":\"Lets you submit, monitor, and manage your\
        \ own jobs but not create or delete Data Lake Analytics accounts.\",\"assignableScopes\"\
        :[\"/\"],\"permissions\":[{\"actions\":[\"Microsoft.Authorization/*/read\"\
        ,\"Microsoft.BigAnalytics/accounts/*\",\"Microsoft.DataLakeAnalytics/accounts/*\"\
        ,\"Microsoft.Insights/alertRules/*\",\"Microsoft.ResourceHealth/availabilityStatuses/read\"\
        ,\"Microsoft.Resources/deployments/*\",\"Microsoft.Resources/subscriptions/00000000-0000-0000-0000-000000000000/read\"\
        ,\"Microsoft.Support/*\"],\"notActions\":[\"Microsoft.BigAnalytics/accounts/Delete\"\
        ,\"Microsoft.BigAnalytics/accounts/TakeOwnership/action\",\"Microsoft.BigAnalytics/accounts/Write\"\
        ,\"Microsoft.DataLakeAnalytics/accounts/Delete\",\"Microsoft.DataLakeAnalytics/accounts/TakeOwnership/action\"\
        ,\"Microsoft.DataLakeAnalytics/accounts/Write\"]}],\"createdOn\":\"2015-10-20T00:33:29.3115234Z\"\
        ,\"updatedOn\":\"2016-05-31T23:13:40.9047058Z\",\"createdBy\":null,\"updatedBy\"\
        :null},\"id\":\"/subscriptions/00000000-0000-0000-0000-000000000000/providers/Microsoft.Authorization/roleDefinitions/47b7735b-770e-4598-a7da-8b91488b4c88\"\
        ,\"type\":\"Microsoft.Authorization/roleDefinitions\",\"name\":\"47b7735b-770e-4598-a7da-8b91488b4c88\"\
        },{\"properties\":{\"roleName\":\"DevTest Labs User\",\"type\":\"BuiltInRole\"\
        ,\"description\":\"Lets you connect, start, restart, and shutdown your virtual\
        \ machines in your Azure DevTest Labs.\",\"assignableScopes\":[\"/\"],\"permissions\"\
        :[{\"actions\":[\"Microsoft.Authorization/*/read\",\"Microsoft.Compute/availabilitySets/read\"\
        ,\"Microsoft.Compute/virtualMachines/*/read\",\"Microsoft.Compute/virtualMachines/deallocate/action\"\
        ,\"Microsoft.Compute/virtualMachines/read\",\"Microsoft.Compute/virtualMachines/restart/action\"\
        ,\"Microsoft.Compute/virtualMachines/start/action\",\"Microsoft.DevTestLab/*/read\"\
        ,\"Microsoft.DevTestLab/labs/createEnvironment/action\",\"Microsoft.DevTestLab/labs/formulas/delete\"\
        ,\"Microsoft.DevTestLab/labs/formulas/read\",\"Microsoft.DevTestLab/labs/formulas/write\"\
        ,\"Microsoft.DevTestLab/labs/policySets/evaluatePolicies/action\",\"Microsoft.DevTestLab/labs/virtualMachines/claim/action\"\
        ,\"Microsoft.Network/loadBalancers/backendAddressPools/join/action\",\"Microsoft.Network/loadBalancers/inboundNatRules/join/action\"\
        ,\"Microsoft.Network/networkInterfaces/*/read\",\"Microsoft.Network/networkInterfaces/join/action\"\
        ,\"Microsoft.Network/networkInterfaces/read\",\"Microsoft.Network/networkInterfaces/write\"\
        ,\"Microsoft.Network/publicIPAddresses/*/read\",\"Microsoft.Network/publicIPAddresses/join/action\"\
        ,\"Microsoft.Network/publicIPAddresses/read\",\"Microsoft.Network/virtualNetworks/subnets/join/action\"\
        ,\"Microsoft.Resources/deployments/operations/read\",\"Microsoft.Resources/deployments/read\"\
        ,\"Microsoft.Resources/subscriptions/00000000-0000-0000-0000-000000000000/read\"\
        ,\"Microsoft.Storage/storageAccounts/listKeys/action\"],\"notActions\":[\"\
        Microsoft.Compute/virtualMachines/vmSizes/read\"]}],\"createdOn\":\"2015-06-08T21:52:45.0657582Z\"\
        ,\"updatedOn\":\"2016-11-10T02:51:04.6149820Z\",\"createdBy\":null,\"updatedBy\"\
        :null},\"id\":\"/subscriptions/00000000-0000-0000-0000-000000000000/providers/Microsoft.Authorization/roleDefinitions/76283e04-6283-4c54-8f91-bcf1374a3c64\"\
        ,\"type\":\"Microsoft.Authorization/roleDefinitions\",\"name\":\"76283e04-6283-4c54-8f91-bcf1374a3c64\"\
        },{\"properties\":{\"roleName\":\"DNS Zone Contributor\",\"type\":\"BuiltInRole\"\
        ,\"description\":\"Lets you manage DNS zones and record sets in Azure DNS,\
        \ but does not let you control who has access to them.\",\"assignableScopes\"\
        :[\"/\"],\"permissions\":[{\"actions\":[\"Microsoft.Authorization/*/read\"\
        ,\"Microsoft.Insights/alertRules/*\",\"Microsoft.Network/dnsZones/*\",\"Microsoft.ResourceHealth/availabilityStatuses/read\"\
        ,\"Microsoft.Resources/deployments/*\",\"Microsoft.Resources/subscriptions/00000000-0000-0000-0000-000000000000/read\"\
        ,\"Microsoft.Support/*\"],\"notActions\":[]}],\"createdOn\":\"2015-10-15T23:33:25.9730842Z\"\
        ,\"updatedOn\":\"2016-05-31T23:13:40.3710365Z\",\"createdBy\":null,\"updatedBy\"\
        :null},\"id\":\"/subscriptions/00000000-0000-0000-0000-000000000000/providers/Microsoft.Authorization/roleDefinitions/befefa01-2a29-4197-83a8-272ff33ce314\"\
        ,\"type\":\"Microsoft.Authorization/roleDefinitions\",\"name\":\"befefa01-2a29-4197-83a8-272ff33ce314\"\
        },{\"properties\":{\"roleName\":\"DocumentDB Account Contributor\",\"type\"\
        :\"BuiltInRole\",\"description\":\"Lets you manage DocumentDB accounts, but\
        \ not access to them.\",\"assignableScopes\":[\"/\"],\"permissions\":[{\"\
        actions\":[\"Microsoft.Authorization/*/read\",\"Microsoft.DocumentDb/databaseAccounts/*\"\
        ,\"Microsoft.Insights/alertRules/*\",\"Microsoft.ResourceHealth/availabilityStatuses/read\"\
        ,\"Microsoft.Resources/deployments/*\",\"Microsoft.Resources/subscriptions/00000000-0000-0000-0000-000000000000/read\"\
        ,\"Microsoft.Support/*\"],\"notActions\":[]}],\"createdOn\":\"0001-01-01T08:00:00.0000000Z\"\
        ,\"updatedOn\":\"2016-05-31T23:14:07.2132374Z\",\"createdBy\":null,\"updatedBy\"\
        :null},\"id\":\"/subscriptions/00000000-0000-0000-0000-000000000000/providers/Microsoft.Authorization/roleDefinitions/5bd9cd88-fe45-4216-938b-f97437e15450\"\
        ,\"type\":\"Microsoft.Authorization/roleDefinitions\",\"name\":\"5bd9cd88-fe45-4216-938b-f97437e15450\"\
        },{\"properties\":{\"roleName\":\"Intelligent Systems Account Contributor\"\
        ,\"type\":\"BuiltInRole\",\"description\":\"Lets you manage Intelligent Systems\
        \ accounts, but not access to them.\",\"assignableScopes\":[\"/\"],\"permissions\"\
        :[{\"actions\":[\"Microsoft.Authorization/*/read\",\"Microsoft.Insights/alertRules/*\"\
        ,\"Microsoft.IntelligentSystems/accounts/*\",\"Microsoft.ResourceHealth/availabilityStatuses/read\"\
        ,\"Microsoft.Resources/deployments/*\",\"Microsoft.Resources/subscriptions/00000000-0000-0000-0000-000000000000/read\"\
        ,\"Microsoft.Support/*\"],\"notActions\":[]}],\"createdOn\":\"0001-01-01T08:00:00.0000000Z\"\
        ,\"updatedOn\":\"2016-05-31T23:13:59.7946586Z\",\"createdBy\":null,\"updatedBy\"\
        :null},\"id\":\"/subscriptions/00000000-0000-0000-0000-000000000000/providers/Microsoft.Authorization/roleDefinitions/03a6d094-3444-4b3d-88af-7477090a9e5e\"\
        ,\"type\":\"Microsoft.Authorization/roleDefinitions\",\"name\":\"03a6d094-3444-4b3d-88af-7477090a9e5e\"\
        },{\"properties\":{\"roleName\":\"Key Vault Contributor\",\"type\":\"BuiltInRole\"\
        ,\"description\":\"Lets you manage key vaults, but not access to them.\",\"\
        assignableScopes\":[\"/\"],\"permissions\":[{\"actions\":[\"Microsoft.Authorization/*/read\"\
        ,\"Microsoft.Insights/alertRules/*\",\"Microsoft.KeyVault/vaults/*\",\"Microsoft.Resources/deployments/*\"\
        ,\"Microsoft.Resources/subscriptions/00000000-0000-0000-0000-000000000000/read\"\
        ,\"Microsoft.Support/*\"],\"notActions\":[]}],\"createdOn\":\"0001-01-01T08:00:00.0000000Z\"\
        ,\"updatedOn\":\"2016-05-31T23:13:52.0943525Z\",\"createdBy\":null,\"updatedBy\"\
        :null},\"id\":\"/subscriptions/00000000-0000-0000-0000-000000000000/providers/Microsoft.Authorization/roleDefinitions/f25e0fa2-a7c8-4377-a976-54943a77a395\"\
        ,\"type\":\"Microsoft.Authorization/roleDefinitions\",\"name\":\"f25e0fa2-a7c8-4377-a976-54943a77a395\"\
        },{\"properties\":{\"roleName\":\"Logic App Contributor\",\"type\":\"BuiltInRole\"\
        ,\"description\":\"Lets you manage logic app, but not access to them.\",\"\
        assignableScopes\":[\"/\"],\"permissions\":[{\"actions\":[\"Microsoft.Authorization/*/read\"\
        ,\"Microsoft.ClassicStorage/storageAccounts/listKeys/action\",\"Microsoft.ClassicStorage/storageAccounts/read\"\
        ,\"Microsoft.Insights/alertRules/*\",\"Microsoft.Insights/diagnosticSettings/*\"\
        ,\"Microsoft.Insights/logdefinitions/*\",\"Microsoft.Insights/metricDefinitions/*\"\
        ,\"Microsoft.Logic/*\",\"Microsoft.Resources/deployments/*\",\"Microsoft.Resources/subscriptions/00000000-0000-0000-0000-000000000000/read\"\
        ,\"Microsoft.Resources/subscriptions/00000000-0000-0000-0000-000000000000/read\"\
        ,\"Microsoft.Storage/storageAccounts/listkeys/action\",\"Microsoft.Storage/storageAccounts/read\"\
        ,\"Microsoft.Support/*\",\"Microsoft.Web/connectionGateways/*\",\"Microsoft.Web/connections/*\"\
        ,\"Microsoft.Web/serverFarms/join/action\",\"Microsoft.Web/serverFarms/read\"\
        ,\"Microsoft.Web/sites/functions/listSecrets/action\"],\"notActions\":[]}],\"\
        createdOn\":\"2016-04-28T21:33:30.4656007Z\",\"updatedOn\":\"2016-11-09T20:20:11.3665904Z\"\
        ,\"createdBy\":null,\"updatedBy\":null},\"id\":\"/subscriptions/00000000-0000-0000-0000-000000000000/providers/Microsoft.Authorization/roleDefinitions/87a39d53-fc1b-424a-814c-f7e04687dc9e\"\
        ,\"type\":\"Microsoft.Authorization/roleDefinitions\",\"name\":\"87a39d53-fc1b-424a-814c-f7e04687dc9e\"\
        },{\"properties\":{\"roleName\":\"Logic App Operator\",\"type\":\"BuiltInRole\"\
        ,\"description\":\"Lets you read, enable and disable logic app.\",\"assignableScopes\"\
        :[\"/\"],\"permissions\":[{\"actions\":[\"Microsoft.Authorization/*/read\"\
        ,\"Microsoft.Insights/alertRules/*/read\",\"Microsoft.Insights/diagnosticSettings/*/read\"\
        ,\"Microsoft.Insights/metricDefinitions/*/read\",\"Microsoft.Logic/*/read\"\
        ,\"Microsoft.Logic/workflows/disable/action\",\"Microsoft.Logic/workflows/enable/action\"\
        ,\"Microsoft.Logic/workflows/validate/action\",\"Microsoft.Resources/deployments/operations/read\"\
        ,\"Microsoft.Resources/subscriptions/00000000-0000-0000-0000-000000000000/read\"\
        ,\"Microsoft.Resources/subscriptions/00000000-0000-0000-0000-000000000000/read\"\
        ,\"Microsoft.Support/*\",\"Microsoft.Web/connectionGateways/*/read\",\"Microsoft.Web/connections/*/read\"\
        ,\"Microsoft.Web/serverFarms/read\"],\"notActions\":[]}],\"createdOn\":\"\
        2016-04-28T21:33:30.4656007Z\",\"updatedOn\":\"2016-11-09T20:26:07.8911630Z\"\
        ,\"createdBy\":null,\"updatedBy\":null},\"id\":\"/subscriptions/00000000-0000-0000-0000-000000000000/providers/Microsoft.Authorization/roleDefinitions/515c2055-d9d4-4321-b1b9-bd0c9a0f79fe\"\
        ,\"type\":\"Microsoft.Authorization/roleDefinitions\",\"name\":\"515c2055-d9d4-4321-b1b9-bd0c9a0f79fe\"\
        },{\"properties\":{\"roleName\":\"Monitoring Contributor Service Role\",\"\
        type\":\"BuiltInRole\",\"description\":\"Can read all monitoring data and\
        \ update monitoring settings.\",\"assignableScopes\":[\"/\"],\"permissions\"\
        :[{\"actions\":[\"*/read\",\"Microsoft.Insights/AlertRules/*\",\"Microsoft.Insights/components/*\"\
        ,\"Microsoft.Insights/DiagnosticSettings/*\",\"Microsoft.Insights/eventtypes/*\"\
        ,\"Microsoft.Insights/LogDefinitions/*\",\"Microsoft.Insights/MetricDefinitions/*\"\
        ,\"Microsoft.Insights/Metrics/*\",\"Microsoft.Insights/Register/Action\",\"\
        Microsoft.Insights/webtests/*\",\"Microsoft.OperationalInsights/workspaces/intelligencepacks/*\"\
        ,\"Microsoft.OperationalInsights/workspaces/savedSearches/*\",\"Microsoft.OperationalInsights/workspaces/search/action\"\
        ,\"Microsoft.OperationalInsights/workspaces/sharedKeys/action\",\"Microsoft.OperationalInsights/workspaces/storageinsightconfigs/*\"\
        ,\"Microsoft.Support/*\"],\"notActions\":[]}],\"createdOn\":\"2016-09-21T19:21:08.4345976Z\"\
        ,\"updatedOn\":\"2016-09-28T20:39:49.9288963Z\",\"createdBy\":null,\"updatedBy\"\
        :null},\"id\":\"/subscriptions/00000000-0000-0000-0000-000000000000/providers/Microsoft.Authorization/roleDefinitions/749f88d5-cbae-40b8-bcfc-e573ddc772fa\"\
        ,\"type\":\"Microsoft.Authorization/roleDefinitions\",\"name\":\"749f88d5-cbae-40b8-bcfc-e573ddc772fa\"\
        },{\"properties\":{\"roleName\":\"Monitoring Reader Service Role\",\"type\"\
        :\"BuiltInRole\",\"description\":\"Can read all monitoring data.\",\"assignableScopes\"\
        :[\"/\"],\"permissions\":[{\"actions\":[\"*/read\",\"Microsoft.OperationalInsights/workspaces/search/action\"\
        ,\"Microsoft.Support/*\"],\"notActions\":[]}],\"createdOn\":\"2016-09-21T19:19:52.4939376Z\"\
        ,\"updatedOn\":\"2016-09-28T20:43:54.2434341Z\",\"createdBy\":null,\"updatedBy\"\
        :null},\"id\":\"/subscriptions/00000000-0000-0000-0000-000000000000/providers/Microsoft.Authorization/roleDefinitions/43d0d8ad-25c7-4714-9337-8ba259a9fe05\"\
        ,\"type\":\"Microsoft.Authorization/roleDefinitions\",\"name\":\"43d0d8ad-25c7-4714-9337-8ba259a9fe05\"\
        },{\"properties\":{\"roleName\":\"Network Contributor\",\"type\":\"BuiltInRole\"\
        ,\"description\":\"Lets you manage networks, but not access to them.\",\"\
        assignableScopes\":[\"/\"],\"permissions\":[{\"actions\":[\"Microsoft.Authorization/*/read\"\
        ,\"Microsoft.Insights/alertRules/*\",\"Microsoft.Network/*\",\"Microsoft.ResourceHealth/availabilityStatuses/read\"\
        ,\"Microsoft.Resources/deployments/*\",\"Microsoft.Resources/subscriptions/00000000-0000-0000-0000-000000000000/read\"\
        ,\"Microsoft.Support/*\"],\"notActions\":[]}],\"createdOn\":\"2015-06-02T00:18:27.3542698Z\"\
        ,\"updatedOn\":\"2016-05-31T23:14:00.3326359Z\",\"createdBy\":null,\"updatedBy\"\
        :null},\"id\":\"/subscriptions/00000000-0000-0000-0000-000000000000/providers/Microsoft.Authorization/roleDefinitions/4d97b98b-1d4f-4787-a291-c67834d212e7\"\
        ,\"type\":\"Microsoft.Authorization/roleDefinitions\",\"name\":\"4d97b98b-1d4f-4787-a291-c67834d212e7\"\
        },{\"properties\":{\"roleName\":\"New Relic APM Account Contributor\",\"type\"\
        :\"BuiltInRole\",\"description\":\"Lets you manage New Relic Application Performance\
        \ Management accounts and applications, but not access to them.\",\"assignableScopes\"\
        :[\"/\"],\"permissions\":[{\"actions\":[\"Microsoft.Authorization/*/read\"\
        ,\"Microsoft.Insights/alertRules/*\",\"Microsoft.ResourceHealth/availabilityStatuses/read\"\
        ,\"Microsoft.Resources/deployments/*\",\"Microsoft.Resources/subscriptions/00000000-0000-0000-0000-000000000000/read\"\
        ,\"Microsoft.Support/*\",\"NewRelic.APM/accounts/*\"],\"notActions\":[]}],\"\
        createdOn\":\"0001-01-01T08:00:00.0000000Z\",\"updatedOn\":\"2016-05-31T23:14:07.7538043Z\"\
        ,\"createdBy\":null,\"updatedBy\":null},\"id\":\"/subscriptions/00000000-0000-0000-0000-000000000000/providers/Microsoft.Authorization/roleDefinitions/5d28c62d-5b37-4476-8438-e587778df237\"\
        ,\"type\":\"Microsoft.Authorization/roleDefinitions\",\"name\":\"5d28c62d-5b37-4476-8438-e587778df237\"\
        },{\"properties\":{\"roleName\":\"Owner\",\"type\":\"BuiltInRole\",\"description\"\
        :\"Lets you manage everything, including access to resources.\",\"assignableScopes\"\
        :[\"/\"],\"permissions\":[{\"actions\":[\"*\"],\"notActions\":[]}],\"createdOn\"\
        :\"0001-01-01T08:00:00.0000000Z\",\"updatedOn\":\"2016-05-31T23:14:00.9179619Z\"\
        ,\"createdBy\":null,\"updatedBy\":null},\"id\":\"/subscriptions/00000000-0000-0000-0000-000000000000/providers/Microsoft.Authorization/roleDefinitions/8e3af657-a8ff-443c-a75c-2fe8c4bcb635\"\
        ,\"type\":\"Microsoft.Authorization/roleDefinitions\",\"name\":\"8e3af657-a8ff-443c-a75c-2fe8c4bcb635\"\
        },{\"properties\":{\"roleName\":\"Reader\",\"type\":\"BuiltInRole\",\"description\"\
        :\"Lets you view everything, but not make any changes.\",\"assignableScopes\"\
        :[\"/\"],\"permissions\":[{\"actions\":[\"*/read\"],\"notActions\":[]}],\"\
        createdOn\":\"0001-01-01T08:00:00.0000000Z\",\"updatedOn\":\"2016-08-19T00:03:56.0652623Z\"\
        ,\"createdBy\":null,\"updatedBy\":null},\"id\":\"/subscriptions/00000000-0000-0000-0000-000000000000/providers/Microsoft.Authorization/roleDefinitions/acdd72a7-3385-48ef-bd42-f606fba81ae7\"\
        ,\"type\":\"Microsoft.Authorization/roleDefinitions\",\"name\":\"acdd72a7-3385-48ef-bd42-f606fba81ae7\"\
        },{\"properties\":{\"roleName\":\"Redis Cache Contributor\",\"type\":\"BuiltInRole\"\
        ,\"description\":\"Lets you manage Redis caches, but not access to them.\"\
        ,\"assignableScopes\":[\"/\"],\"permissions\":[{\"actions\":[\"Microsoft.Authorization/*/read\"\
        ,\"Microsoft.Cache/redis/*\",\"Microsoft.Insights/alertRules/*\",\"Microsoft.ResourceHealth/availabilityStatuses/read\"\
        ,\"Microsoft.Resources/deployments/*\",\"Microsoft.Resources/subscriptions/00000000-0000-0000-0000-000000000000/read\"\
        ,\"Microsoft.Support/*\"],\"notActions\":[]}],\"createdOn\":\"0001-01-01T08:00:00.0000000Z\"\
        ,\"updatedOn\":\"2016-05-31T23:14:01.9877071Z\",\"createdBy\":null,\"updatedBy\"\
        :null},\"id\":\"/subscriptions/00000000-0000-0000-0000-000000000000/providers/Microsoft.Authorization/roleDefinitions/e0f68234-74aa-48ed-b826-c38b57376e17\"\
        ,\"type\":\"Microsoft.Authorization/roleDefinitions\",\"name\":\"e0f68234-74aa-48ed-b826-c38b57376e17\"\
        },{\"properties\":{\"roleName\":\"Scheduler Job Collections Contributor\"\
        ,\"type\":\"BuiltInRole\",\"description\":\"Lets you manage Scheduler job\
        \ collections, but not access to them.\",\"assignableScopes\":[\"/\"],\"permissions\"\
        :[{\"actions\":[\"Microsoft.Authorization/*/read\",\"Microsoft.Insights/alertRules/*\"\
        ,\"Microsoft.ResourceHealth/availabilityStatuses/read\",\"Microsoft.Resources/deployments/*\"\
        ,\"Microsoft.Resources/subscriptions/00000000-0000-0000-0000-000000000000/read\"\
        ,\"Microsoft.Scheduler/jobcollections/*\",\"Microsoft.Support/*\"],\"notActions\"\
        :[]}],\"createdOn\":\"0001-01-01T08:00:00.0000000Z\",\"updatedOn\":\"2016-05-31T23:14:02.5343995Z\"\
        ,\"createdBy\":null,\"updatedBy\":null},\"id\":\"/subscriptions/00000000-0000-0000-0000-000000000000/providers/Microsoft.Authorization/roleDefinitions/188a0f2f-5c9e-469b-ae67-2aa5ce574b94\"\
        ,\"type\":\"Microsoft.Authorization/roleDefinitions\",\"name\":\"188a0f2f-5c9e-469b-ae67-2aa5ce574b94\"\
        },{\"properties\":{\"roleName\":\"Search Service Contributor\",\"type\":\"\
        BuiltInRole\",\"description\":\"Lets you manage Search services, but not access\
        \ to them.\",\"assignableScopes\":[\"/\"],\"permissions\":[{\"actions\":[\"\
        Microsoft.Authorization/*/read\",\"Microsoft.Insights/alertRules/*\",\"Microsoft.ResourceHealth/availabilityStatuses/read\"\
        ,\"Microsoft.Resources/deployments/*\",\"Microsoft.Resources/subscriptions/00000000-0000-0000-0000-000000000000/read\"\
        ,\"Microsoft.Search/searchServices/*\",\"Microsoft.Support/*\"],\"notActions\"\
        :[]}],\"createdOn\":\"0001-01-01T08:00:00.0000000Z\",\"updatedOn\":\"2016-05-31T23:14:03.0463472Z\"\
        ,\"createdBy\":null,\"updatedBy\":null},\"id\":\"/subscriptions/00000000-0000-0000-0000-000000000000/providers/Microsoft.Authorization/roleDefinitions/7ca78c08-252a-4471-8644-bb5ff32d4ba0\"\
        ,\"type\":\"Microsoft.Authorization/roleDefinitions\",\"name\":\"7ca78c08-252a-4471-8644-bb5ff32d4ba0\"\
        },{\"properties\":{\"roleName\":\"Security Manager\",\"type\":\"BuiltInRole\"\
        ,\"description\":\"Lets you manage security components, security policies\
        \ and virtual machines\",\"assignableScopes\":[\"/\"],\"permissions\":[{\"\
        actions\":[\"Microsoft.Authorization/*/read\",\"Microsoft.ClassicCompute/*/read\"\
        ,\"Microsoft.ClassicCompute/virtualMachines/*/write\",\"Microsoft.ClassicNetwork/*/read\"\
        ,\"Microsoft.Insights/alertRules/*\",\"Microsoft.ResourceHealth/availabilityStatuses/read\"\
        ,\"Microsoft.Resources/deployments/*\",\"Microsoft.Resources/subscriptions/00000000-0000-0000-0000-000000000000/read\"\
        ,\"Microsoft.Security/*\",\"Microsoft.Support/*\"],\"notActions\":[]}],\"\
        createdOn\":\"2015-06-22T17:45:15.8986455Z\",\"updatedOn\":\"2016-05-31T23:14:03.5656122Z\"\
        ,\"createdBy\":null,\"updatedBy\":null},\"id\":\"/subscriptions/00000000-0000-0000-0000-000000000000/providers/Microsoft.Authorization/roleDefinitions/e3d13bf0-dd5a-482e-ba6b-9b8433878d10\"\
        ,\"type\":\"Microsoft.Authorization/roleDefinitions\",\"name\":\"e3d13bf0-dd5a-482e-ba6b-9b8433878d10\"\
        },{\"properties\":{\"roleName\":\"SQL DB Contributor\",\"type\":\"BuiltInRole\"\
        ,\"description\":\"Lets you manage SQL databases, but not access to them.\
        \ Also, you can't manage their security-related policies or their parent SQL\
        \ servers.\",\"assignableScopes\":[\"/\"],\"permissions\":[{\"actions\":[\"\
        Microsoft.Authorization/*/read\",\"Microsoft.Insights/alertRules/*\",\"Microsoft.ResourceHealth/availabilityStatuses/read\"\
        ,\"Microsoft.Resources/deployments/*\",\"Microsoft.Resources/subscriptions/00000000-0000-0000-0000-000000000000/read\"\
        ,\"Microsoft.Sql/servers/databases/*\",\"Microsoft.Sql/servers/read\",\"Microsoft.Support/*\"\
        ],\"notActions\":[\"Microsoft.Sql/servers/databases/auditingPolicies/*\",\"\
        Microsoft.Sql/servers/databases/auditingSettings/*\",\"Microsoft.Sql/servers/databases/auditRecords/read\"\
        ,\"Microsoft.Sql/servers/databases/connectionPolicies/*\",\"Microsoft.Sql/servers/databases/dataMaskingPolicies/*\"\
        ,\"Microsoft.Sql/servers/databases/securityAlertPolicies/*\",\"Microsoft.Sql/servers/databases/securityMetrics/*\"\
        ]}],\"createdOn\":\"0001-01-01T08:00:00.0000000Z\",\"updatedOn\":\"2016-08-03T17:15:54.7912113Z\"\
        ,\"createdBy\":null,\"updatedBy\":null},\"id\":\"/subscriptions/00000000-0000-0000-0000-000000000000/providers/Microsoft.Authorization/roleDefinitions/9b7fa17d-e63e-47b0-bb0a-15c516ac86ec\"\
        ,\"type\":\"Microsoft.Authorization/roleDefinitions\",\"name\":\"9b7fa17d-e63e-47b0-bb0a-15c516ac86ec\"\
        },{\"properties\":{\"roleName\":\"SQL Security Manager\",\"type\":\"BuiltInRole\"\
        ,\"description\":\"Lets you manage the security-related policies of SQL servers\
        \ and databases, but not access to them.\",\"assignableScopes\":[\"/\"],\"\
        permissions\":[{\"actions\":[\"Microsoft.Authorization/*/read\",\"Microsoft.Insights/alertRules/*\"\
        ,\"Microsoft.ResourceHealth/availabilityStatuses/read\",\"Microsoft.Resources/deployments/*\"\
        ,\"Microsoft.Resources/subscriptions/00000000-0000-0000-0000-000000000000/read\"\
        ,\"Microsoft.Sql/servers/auditingPolicies/*\",\"Microsoft.Sql/servers/auditingSettings/*\"\
        ,\"Microsoft.Sql/servers/databases/auditingPolicies/*\",\"Microsoft.Sql/servers/databases/auditingSettings/*\"\
        ,\"Microsoft.Sql/servers/databases/auditRecords/read\",\"Microsoft.Sql/servers/databases/connectionPolicies/*\"\
        ,\"Microsoft.Sql/servers/databases/dataMaskingPolicies/*\",\"Microsoft.Sql/servers/databases/read\"\
        ,\"Microsoft.Sql/servers/databases/schemas/read\",\"Microsoft.Sql/servers/databases/schemas/tables/columns/read\"\
        ,\"Microsoft.Sql/servers/databases/schemas/tables/read\",\"Microsoft.Sql/servers/databases/securityAlertPolicies/*\"\
        ,\"Microsoft.Sql/servers/databases/securityMetrics/*\",\"Microsoft.Sql/servers/read\"\
        ,\"Microsoft.Sql/servers/securityAlertPolicies/*\",\"Microsoft.Support/*\"\
        ],\"notActions\":[]}],\"createdOn\":\"0001-01-01T08:00:00.0000000Z\",\"updatedOn\"\
        :\"2016-08-03T17:23:09.1917854Z\",\"createdBy\":null,\"updatedBy\":null},\"\
        id\":\"/subscriptions/00000000-0000-0000-0000-000000000000/providers/Microsoft.Authorization/roleDefinitions/056cd41c-7e88-42e1-933e-88ba6a50c9c3\"\
        ,\"type\":\"Microsoft.Authorization/roleDefinitions\",\"name\":\"056cd41c-7e88-42e1-933e-88ba6a50c9c3\"\
        },{\"properties\":{\"roleName\":\"SQL Server Contributor\",\"type\":\"BuiltInRole\"\
        ,\"description\":\"Lets you manage SQL servers and databases, but not access\
        \ to them, and not their security -related policies.\",\"assignableScopes\"\
        :[\"/\"],\"permissions\":[{\"actions\":[\"Microsoft.Authorization/*/read\"\
        ,\"Microsoft.Insights/alertRules/*\",\"Microsoft.ResourceHealth/availabilityStatuses/read\"\
        ,\"Microsoft.Resources/deployments/*\",\"Microsoft.Resources/subscriptions/00000000-0000-0000-0000-000000000000/read\"\
        ,\"Microsoft.Sql/servers/*\",\"Microsoft.Support/*\"],\"notActions\":[\"Microsoft.Sql/servers/auditingPolicies/*\"\
        ,\"Microsoft.Sql/servers/auditingSettings/*\",\"Microsoft.Sql/servers/databases/auditingPolicies/*\"\
        ,\"Microsoft.Sql/servers/databases/auditingSettings/*\",\"Microsoft.Sql/servers/databases/auditRecords/read\"\
        ,\"Microsoft.Sql/servers/databases/connectionPolicies/*\",\"Microsoft.Sql/servers/databases/dataMaskingPolicies/*\"\
        ,\"Microsoft.Sql/servers/databases/securityAlertPolicies/*\",\"Microsoft.Sql/servers/databases/securityMetrics/*\"\
        ,\"Microsoft.Sql/servers/securityAlertPolicies/*\"]}],\"createdOn\":\"0001-01-01T08:00:00.0000000Z\"\
        ,\"updatedOn\":\"2016-08-03T17:19:54.8666727Z\",\"createdBy\":null,\"updatedBy\"\
        :null},\"id\":\"/subscriptions/00000000-0000-0000-0000-000000000000/providers/Microsoft.Authorization/roleDefinitions/6d8ee4ec-f05a-4a1d-8b00-a9b17e38b437\"\
        ,\"type\":\"Microsoft.Authorization/roleDefinitions\",\"name\":\"6d8ee4ec-f05a-4a1d-8b00-a9b17e38b437\"\
        },{\"properties\":{\"roleName\":\"Storage Account Contributor\",\"type\":\"\
        BuiltInRole\",\"description\":\"Lets you manage storage accounts, but not\
        \ access to them.\",\"assignableScopes\":[\"/\"],\"permissions\":[{\"actions\"\
        :[\"Microsoft.Authorization/*/read\",\"Microsoft.Insights/alertRules/*\",\"\
        Microsoft.Insights/diagnosticSettings/*\",\"Microsoft.ResourceHealth/availabilityStatuses/read\"\
        ,\"Microsoft.Resources/deployments/*\",\"Microsoft.Resources/subscriptions/00000000-0000-0000-0000-000000000000/read\"\
        ,\"Microsoft.Storage/storageAccounts/*\",\"Microsoft.Support/*\"],\"notActions\"\
        :[]}],\"createdOn\":\"2015-06-02T00:18:27.3542698Z\",\"updatedOn\":\"2016-05-31T23:14:04.1004817Z\"\
        ,\"createdBy\":null,\"updatedBy\":null},\"id\":\"/subscriptions/00000000-0000-0000-0000-000000000000/providers/Microsoft.Authorization/roleDefinitions/17d1049b-9a84-46fb-8f53-869881c3d3ab\"\
        ,\"type\":\"Microsoft.Authorization/roleDefinitions\",\"name\":\"17d1049b-9a84-46fb-8f53-869881c3d3ab\"\
        },{\"properties\":{\"roleName\":\"Traffic Manager Contributor\",\"type\":\"\
        BuiltInRole\",\"description\":\"Lets you manage Traffic Manager profiles,\
        \ but does not let you control who has access to them.\",\"assignableScopes\"\
        :[\"/\"],\"permissions\":[{\"actions\":[\"Microsoft.Authorization/*/read\"\
        ,\"Microsoft.Insights/alertRules/*\",\"Microsoft.Network/trafficManagerProfiles/*\"\
        ,\"Microsoft.ResourceHealth/availabilityStatuses/read\",\"Microsoft.Resources/deployments/*\"\
        ,\"Microsoft.Resources/subscriptions/00000000-0000-0000-0000-000000000000/read\"\
        ,\"Microsoft.Support/*\"],\"notActions\":[]}],\"createdOn\":\"2015-10-15T23:33:25.9730842Z\"\
        ,\"updatedOn\":\"2016-05-31T23:13:44.1458854Z\",\"createdBy\":null,\"updatedBy\"\
        :null},\"id\":\"/subscriptions/00000000-0000-0000-0000-000000000000/providers/Microsoft.Authorization/roleDefinitions/a4b10055-b0c7-44c2-b00f-c7b5b3550cf7\"\
        ,\"type\":\"Microsoft.Authorization/roleDefinitions\",\"name\":\"a4b10055-b0c7-44c2-b00f-c7b5b3550cf7\"\
        },{\"properties\":{\"roleName\":\"User Access Administrator\",\"type\":\"\
        BuiltInRole\",\"description\":\"Lets you manage user access to Azure resources.\"\
        ,\"assignableScopes\":[\"/\"],\"permissions\":[{\"actions\":[\"*/read\",\"\
        Microsoft.Authorization/*\",\"Microsoft.Support/*\"],\"notActions\":[]}],\"\
        createdOn\":\"0001-01-01T08:00:00.0000000Z\",\"updatedOn\":\"2016-05-31T23:14:04.6964687Z\"\
        ,\"createdBy\":null,\"updatedBy\":null},\"id\":\"/subscriptions/00000000-0000-0000-0000-000000000000/providers/Microsoft.Authorization/roleDefinitions/18d7d88d-d35e-4fb5-a5c3-7773c20a72d9\"\
        ,\"type\":\"Microsoft.Authorization/roleDefinitions\",\"name\":\"18d7d88d-d35e-4fb5-a5c3-7773c20a72d9\"\
        },{\"properties\":{\"roleName\":\"Virtual Machine Contributor\",\"type\":\"\
        BuiltInRole\",\"description\":\"Lets you manage virtual machines, but not\
        \ access to them, and not the virtual network or storage account they\uFFFD\
        re connected to.\",\"assignableScopes\":[\"/\"],\"permissions\":[{\"actions\"\
        :[\"Microsoft.Authorization/*/read\",\"Microsoft.Compute/availabilitySets/*\"\
        ,\"Microsoft.Compute/locations/*\",\"Microsoft.Compute/virtualMachines/*\"\
        ,\"Microsoft.Compute/virtualMachineScaleSets/*\",\"Microsoft.Insights/alertRules/*\"\
        ,\"Microsoft.Network/applicationGateways/backendAddressPools/join/action\"\
        ,\"Microsoft.Network/loadBalancers/backendAddressPools/join/action\",\"Microsoft.Network/loadBalancers/inboundNatPools/join/action\"\
        ,\"Microsoft.Network/loadBalancers/inboundNatRules/join/action\",\"Microsoft.Network/loadBalancers/read\"\
        ,\"Microsoft.Network/locations/*\",\"Microsoft.Network/networkInterfaces/*\"\
        ,\"Microsoft.Network/networkSecurityGroups/join/action\",\"Microsoft.Network/networkSecurityGroups/read\"\
        ,\"Microsoft.Network/publicIPAddresses/join/action\",\"Microsoft.Network/publicIPAddresses/read\"\
        ,\"Microsoft.Network/virtualNetworks/read\",\"Microsoft.Network/virtualNetworks/subnets/join/action\"\
        ,\"Microsoft.RecoveryServices/locations/*\",\"Microsoft.RecoveryServices/Vaults/backupFabrics/protectionContainers/protectedItems/*/read\"\
        ,\"Microsoft.RecoveryServices/Vaults/backupFabrics/protectionContainers/protectedItems/read\"\
        ,\"Microsoft.RecoveryServices/Vaults/backupFabrics/protectionContainers/protectedItems/write\"\
        ,\"Microsoft.RecoveryServices/Vaults/backupPolicies/read\",\"Microsoft.RecoveryServices/Vaults/backupPolicies/write\"\
        ,\"Microsoft.RecoveryServices/Vaults/read\",\"Microsoft.RecoveryServices/Vaults/usages/read\"\
        ,\"Microsoft.RecoveryServices/Vaults/write\",\"Microsoft.ResourceHealth/availabilityStatuses/read\"\
        ,\"Microsoft.Resources/deployments/*\",\"Microsoft.Resources/subscriptions/00000000-0000-0000-0000-000000000000/read\"\
        ,\"Microsoft.Storage/storageAccounts/listKeys/action\",\"Microsoft.Storage/storageAccounts/read\"\
        ,\"Microsoft.Support/*\"],\"notActions\":[]}],\"createdOn\":\"2015-06-02T00:18:27.3542698Z\"\
        ,\"updatedOn\":\"2016-11-15T23:23:01.5203888Z\",\"createdBy\":null,\"updatedBy\"\
        :null},\"id\":\"/subscriptions/00000000-0000-0000-0000-000000000000/providers/Microsoft.Authorization/roleDefinitions/9980e02c-c2be-4d73-94e8-173b1dc7cf3c\"\
        ,\"type\":\"Microsoft.Authorization/roleDefinitions\",\"name\":\"9980e02c-c2be-4d73-94e8-173b1dc7cf3c\"\
        },{\"properties\":{\"roleName\":\"Web Plan Contributor\",\"type\":\"BuiltInRole\"\
        ,\"description\":\"Lets you manage the web plans for websites, but not access\
        \ to them.\",\"assignableScopes\":[\"/\"],\"permissions\":[{\"actions\":[\"\
        Microsoft.Authorization/*/read\",\"Microsoft.Insights/alertRules/*\",\"Microsoft.ResourceHealth/availabilityStatuses/read\"\
        ,\"Microsoft.Resources/deployments/*\",\"Microsoft.Resources/subscriptions/00000000-0000-0000-0000-000000000000/read\"\
        ,\"Microsoft.Support/*\",\"Microsoft.Web/serverFarms/*\"],\"notActions\":[]}],\"\
        createdOn\":\"0001-01-01T08:00:00.0000000Z\",\"updatedOn\":\"2016-05-31T23:14:05.9401651Z\"\
        ,\"createdBy\":null,\"updatedBy\":null},\"id\":\"/subscriptions/00000000-0000-0000-0000-000000000000/providers/Microsoft.Authorization/roleDefinitions/2cc479cb-7b4d-49a8-b449-8c00fd0f0a4b\"\
        ,\"type\":\"Microsoft.Authorization/roleDefinitions\",\"name\":\"2cc479cb-7b4d-49a8-b449-8c00fd0f0a4b\"\
        },{\"properties\":{\"roleName\":\"Website Contributor\",\"type\":\"BuiltInRole\"\
        ,\"description\":\"Lets you manage websites (not web plans), but not access\
        \ to them.\",\"assignableScopes\":[\"/\"],\"permissions\":[{\"actions\":[\"\
        Microsoft.Authorization/*/read\",\"Microsoft.Insights/alertRules/*\",\"Microsoft.Insights/components/*\"\
        ,\"Microsoft.ResourceHealth/availabilityStatuses/read\",\"Microsoft.Resources/deployments/*\"\
        ,\"Microsoft.Resources/subscriptions/00000000-0000-0000-0000-000000000000/read\"\
        ,\"Microsoft.Support/*\",\"Microsoft.Web/certificates/*\",\"Microsoft.Web/listSitesAssignedToHostName/read\"\
        ,\"Microsoft.Web/serverFarms/join/action\",\"Microsoft.Web/serverFarms/read\"\
        ,\"Microsoft.Web/sites/*\"],\"notActions\":[]}],\"createdOn\":\"0001-01-01T08:00:00.0000000Z\"\
        ,\"updatedOn\":\"2016-05-31T23:14:06.5272742Z\",\"createdBy\":null,\"updatedBy\"\
        :null},\"id\":\"/subscriptions/00000000-0000-0000-0000-000000000000/providers/Microsoft.Authorization/roleDefinitions/de139f84-1756-47ae-9be6-808fbbe84772\"\
        ,\"type\":\"Microsoft.Authorization/roleDefinitions\",\"name\":\"de139f84-1756-47ae-9be6-808fbbe84772\"\
        }],\"nextLink\":null}"}
    headers:
      Cache-Control: [no-cache]
      Content-Type: [application/json; charset=utf-8]
      Date: ['Wed, 07 Dec 2016 20:41:43 GMT']
      Expires: ['-1']
      Pragma: [no-cache]
      Server: [Microsoft-IIS/8.5]
      Set-Cookie: [x-ms-gateway-slice=productionb; path=/]
      Strict-Transport-Security: [max-age=31536000; includeSubDomains]
      Transfer-Encoding: [chunked]
      Vary: [Accept-Encoding]
      X-Content-Type-Options: [nosniff]
      X-Powered-By: [ASP.NET]
      content-length: ['46733']
    status: {code: 200, message: OK}
- request:
    body: '{"objectIds": ["5440acd7-e9c6-4119-a4b8-e3f957adcf2e"], "includeDirectoryObjectReferences":
      true}'
    headers:
      Accept: [application/json]
      Accept-Encoding: ['gzip, deflate']
      CommandName: [role assignment list]
      Connection: [keep-alive]
      Content-Length: ['97']
      Content-Type: [application/json; charset=utf-8]
      User-Agent: [python/3.5.0 (Windows-10.0.14393) requests/2.9.1 msrest/0.4.4 msrest_azure/0.4.3
          graphrbacmanagementclient/0.30.0rc6 Azure-SDK-For-Python AZURECLI/0.1.0b10]
      accept-language: [en-US]
      x-ms-client-request-id: [866fd340-bcbd-11e6-8ea0-64510658e3b3]
    method: POST
    uri: https://graph.windows.net/00000000-0000-0000-0000-000000000000/getObjectsByObjectIds?api-version=1.6-internal
  response:
    body: {string: '{"odata.metadata":"https://graph.windows.net/54826b22-38d6-4fb2-bad9-b7b93a3e9c5a/$metadata#directoryObjects","value":[{"odata.type":"Microsoft.DirectoryServices.ServicePrincipal","objectType":"ServicePrincipal","objectId":"5440acd7-e9c6-4119-a4b8-e3f957adcf2e","deletionTimestamp":null,"accountEnabled":true,"appBranding":null,"appCategory":null,"appData":null,"appDisplayName":"azure-cli-2016-12-07-20-41-30","appId":"e7596e42-db1b-4a4e-8ab5-ad6fac2c1bcb","appMetadata":null,"appOwnerTenantId":"54826b22-38d6-4fb2-bad9-b7b93a3e9c5a","appRoleAssignmentRequired":false,"appRoles":[],"authenticationPolicy":null,"displayName":"azure-cli-2016-12-07-20-41-30","errorUrl":null,"homepage":"http://azure-cli-2016-12-07-20-41-30","keyCredentials":[],"logoutUrl":null,"microsoftFirstParty":null,"oauth2Permissions":[{"adminConsentDescription":"Allow
        the application to access azure-cli-2016-12-07-20-41-30 on behalf of the signed-in
        user.","adminConsentDisplayName":"Access azure-cli-2016-12-07-20-41-30","id":"002d03af-854f-4b81-9072-d72a40d5d447","isEnabled":true,"lang":null,"origin":"Application","type":"User","userConsentDescription":"Allow
        the application to access azure-cli-2016-12-07-20-41-30 on your behalf.","userConsentDisplayName":"Access
        azure-cli-2016-12-07-20-41-30","value":"user_impersonation"}],"passwordCredentials":[],"preferredTokenSigningKeyThumbprint":null,"publisherName":"AzureSDKTeam","replyUrls":[],"samlMetadataUrl":null,"servicePrincipalNames":["http://cli_create_rbac_sp","e7596e42-db1b-4a4e-8ab5-ad6fac2c1bcb"],"tags":[],"useCustomTokenSigningKey":null}]}'}
    headers:
      Access-Control-Allow-Origin: ['*']
      Cache-Control: [no-cache]
      Content-Length: ['1580']
      Content-Type: [application/json;odata=minimalmetadata;streaming=true;charset=utf-8]
      DataServiceVersion: [3.0;]
      Date: ['Wed, 07 Dec 2016 20:41:43 GMT']
      Duration: ['2313441']
      Expires: ['-1']
      Pragma: [no-cache]
      Server: [Microsoft-IIS/8.5]
      Strict-Transport-Security: [max-age=31536000; includeSubDomains]
      X-AspNet-Version: [4.0.30319]
      X-Content-Type-Options: [nosniff]
      X-Powered-By: [ASP.NET, ASP.NET]
      ocp-aad-diagnostics-server-name: [vQw7cHgPiB6jev2emnFqImQSObLZzk9AXRvfXyidT18=]
      ocp-aad-session-key: [nKGFXglPIds4ttULRPZ7Uvq7UH5BfCU9lccJg6z_huVkEz4DCa-7vFVYb3sGJ1denY8aTrkCqqb0vnylcZzYCR4bbpuH3EY4LqAc7i2y69Ty4ee_Pngsp7rJ3VhvZcQubbIQFoooVQdfCsXSmXfPFw.BK8K5L_8FhotLl6tmvb8kM_VQxYoUHH_Z5TlcpkyEC8]
      request-id: [e8df0c6b-361e-49a5-b196-3ce3f1962da7]
      x-ms-dirapi-data-contract-version: [1.6-internal]
    status: {code: 200, message: OK}
- request:
    body: null
    headers:
      Accept: [application/json]
      Accept-Encoding: ['gzip, deflate']
      CommandName: [role assignment list]
      Connection: [keep-alive]
      Content-Type: [application/json; charset=utf-8]
      User-Agent: [python/3.5.0 (Windows-10.0.14393) requests/2.9.1 msrest/0.4.4 msrest_azure/0.4.3
          graphrbacmanagementclient/0.30.0rc6 Azure-SDK-For-Python AZURECLI/0.1.0b10]
      accept-language: [en-US]
      x-ms-client-request-id: [866fd340-bcbd-11e6-8ea0-64510658e3b3]
    method: GET
    uri: https://graph.windows.net/00000000-0000-0000-0000-000000000000/servicePrincipals?$filter=servicePrincipalNames%2Fany%28c%3Ac%20eq%20%27http%3A%2F%2Fcli_create_rbac_sp%27%29&api-version=1.6
  response:
    body: {string: '{"odata.metadata":"https://graph.windows.net/54826b22-38d6-4fb2-bad9-b7b93a3e9c5a/$metadata#directoryObjects","value":[{"odata.type":"Microsoft.DirectoryServices.ServicePrincipal","objectType":"ServicePrincipal","objectId":"5440acd7-e9c6-4119-a4b8-e3f957adcf2e","deletionTimestamp":null,"accountEnabled":true,"addIns":[],"alternativeNames":[],"appDisplayName":"azure-cli-2016-12-07-20-41-30","appId":"e7596e42-db1b-4a4e-8ab5-ad6fac2c1bcb","appOwnerTenantId":"54826b22-38d6-4fb2-bad9-b7b93a3e9c5a","appRoleAssignmentRequired":false,"appRoles":[],"displayName":"azure-cli-2016-12-07-20-41-30","errorUrl":null,"homepage":"http://azure-cli-2016-12-07-20-41-30","keyCredentials":[],"logoutUrl":null,"oauth2Permissions":[{"adminConsentDescription":"Allow
        the application to access azure-cli-2016-12-07-20-41-30 on behalf of the signed-in
        user.","adminConsentDisplayName":"Access azure-cli-2016-12-07-20-41-30","id":"002d03af-854f-4b81-9072-d72a40d5d447","isEnabled":true,"type":"User","userConsentDescription":"Allow
        the application to access azure-cli-2016-12-07-20-41-30 on your behalf.","userConsentDisplayName":"Access
        azure-cli-2016-12-07-20-41-30","value":"user_impersonation"}],"passwordCredentials":[],"preferredTokenSigningKeyThumbprint":null,"publisherName":"AzureSDKTeam","replyUrls":[],"samlMetadataUrl":null,"servicePrincipalNames":["http://cli_create_rbac_sp","e7596e42-db1b-4a4e-8ab5-ad6fac2c1bcb"],"servicePrincipalType":"Application","tags":[]}]}'}
    headers:
      Access-Control-Allow-Origin: ['*']
      Cache-Control: [no-cache]
      Content-Length: ['1457']
      Content-Type: [application/json;odata=minimalmetadata;streaming=true;charset=utf-8]
      DataServiceVersion: [3.0;]
      Date: ['Wed, 07 Dec 2016 20:41:42 GMT']
      Duration: ['1238670']
      Expires: ['-1']
      Pragma: [no-cache]
      Server: [Microsoft-IIS/8.5]
      Strict-Transport-Security: [max-age=31536000; includeSubDomains]
      X-AspNet-Version: [4.0.30319]
      X-Powered-By: [ASP.NET, ASP.NET]
      ocp-aad-diagnostics-server-name: [hruhICbW44m6jzbLovw5Qk2GWpHr55qlq6TGVFGtCFA=]
      ocp-aad-session-key: [-rxzZiHVUPH8vP1uQyGQ2HkZHBbd8D_12VGdaHbBuOo3jGQDXXCECpuHi7m61vJa9laOI5hktxorr357SxrFLZImqMpUB0-i2EHpbBkzRwgSwH2_lmdKCQzzv3YxTx7TwEmK-sPM8fc-SwMW4DoGhw.QAcJi0z9lp-2MqYHwNkVPJLR9qeJKK7lCJbNbIpSY9s]
      request-id: [6eae3965-81bf-43f7-9e94-50050710ef06]
      x-ms-dirapi-data-contract-version: ['1.6']
    status: {code: 200, message: OK}
- request:
    body: null
    headers:
      Accept: [application/json]
      Accept-Encoding: ['gzip, deflate']
      Connection: [keep-alive]
      Content-Type: [application/json; charset=utf-8]
      User-Agent: [python/3.5.0 (Windows-10.0.14393) requests/2.9.1 msrest/0.4.4 msrest_azure/0.4.3
          authorizationmanagementclient/0.30.0rc6 Azure-SDK-For-Python AZURECLI/TEST/0.1.0b10]
      accept-language: [en-US]
      x-ms-client-request-id: [911b3dd8-bcbd-11e6-a44d-64510658e3b3]
    method: GET
    uri: https://management.azure.com/subscriptions/00000000-0000-0000-0000-000000000000/providers/Microsoft.Authorization/roleAssignments?$filter=principalId%20eq%20%275440acd7-e9c6-4119-a4b8-e3f957adcf2e%27&api-version=2015-07-01
  response:
    body: {string: '{"value":[{"properties":{"roleDefinitionId":"/subscriptions/00000000-0000-0000-0000-000000000000/providers/Microsoft.Authorization/roleDefinitions/b24988ac-6180-42a0-ab88-20f7382dd24c","principalId":"5440acd7-e9c6-4119-a4b8-e3f957adcf2e","scope":"/subscriptions/00000000-0000-0000-0000-000000000000/subscriptions/0b1f6471-1bf0-4dda-aec3-cb9272f09590/providers/Microsoft.Authorization/roleAssignments/21f65a86-d2a0-4336-89ed-48066abfde39","type":"Microsoft.Authorization/roleAssignments","name":"21f65a86-d2a0-4336-89ed-48066abfde39"},{"properties":{"roleDefinitionId":"/subscriptions/00000000-0000-0000-0000-000000000000/providers/Microsoft.Authorization/roleDefinitions/b24988ac-6180-42a0-ab88-20f7382dd24c","principalId":"5440acd7-e9c6-4119-a4b8-e3f957adcf2e","scope":"/subscriptions/00000000-0000-0000-0000-000000000000/resourceGroups/cli_create_rbac_sp","createdOn":"2016-12-07T20:41:42.3705810Z","updatedOn":"2016-12-07T20:41:42.3705810Z","createdBy":"e7e158d3-7cdc-47cd-8825-5859d7ab2b55","updatedBy":"e7e158d3-7cdc-47cd-8825-5859d7ab2b55"},"id":"/subscriptions/00000000-0000-0000-0000-000000000000/resourceGroups/cli_create_rbac_sp/providers/Microsoft.Authorization/roleAssignments/fed95984-bcbf-4e39-8f1e-f6d6d1808132","type":"Microsoft.Authorization/roleAssignments","name":"fed95984-bcbf-4e39-8f1e-f6d6d1808132"}],"nextLink":null}'}
    headers:
      Cache-Control: [no-cache]
      Content-Type: [application/json; charset=utf-8]
      Date: ['Wed, 07 Dec 2016 20:41:45 GMT']
      Expires: ['-1']
      Pragma: [no-cache]
      Server: [Microsoft-IIS/8.5]
      Set-Cookie: [x-ms-gateway-slice=productionb; path=/]
      Strict-Transport-Security: [max-age=31536000; includeSubDomains]
      Transfer-Encoding: [chunked]
      Vary: [Accept-Encoding]
      X-Content-Type-Options: [nosniff]
      X-Powered-By: [ASP.NET]
      content-length: ['1537']
    status: {code: 200, message: OK}
- request:
    body: null
    headers:
      Accept: [application/json]
      Accept-Encoding: ['gzip, deflate']
      Connection: [keep-alive]
      Content-Type: [application/json; charset=utf-8]
      User-Agent: [python/3.5.0 (Windows-10.0.14393) requests/2.9.1 msrest/0.4.4 msrest_azure/0.4.3
          authorizationmanagementclient/0.30.0rc6 Azure-SDK-For-Python AZURECLI/TEST/0.1.0b10]
      accept-language: [en-US]
      x-ms-client-request-id: [9179d778-bcbd-11e6-bcee-64510658e3b3]
    method: GET
    uri: https://management.azure.com/subscriptions/00000000-0000-0000-0000-000000000000/resourceGroups/cli_create_rbac_sp/providers/Microsoft.Authorization/roleDefinitions?api-version=2015-07-01
  response:
    body: {string: "{\"value\":[{\"properties\":{\"roleName\":\"CluRoleDefinition\"\
        ,\"type\":\"CustomRole\",\"description\":\"Super awesome Clu Role Definition\"\
        ,\"assignableScopes\":[\"/subscriptions/00000000-0000-0000-0000-000000000000/*/read\"\
        ,\"Microsoft.Support/*\"],\"notActions\":[]}],\"createdOn\":\"2016-01-24T04:32:28.3368306Z\"\
        ,\"updatedOn\":\"2016-01-24T04:32:28.3368306Z\",\"createdBy\":\"5963f50c-7c43-405c-af7e-53294de76abd\"\
        ,\"updatedBy\":\"5963f50c-7c43-405c-af7e-53294de76abd\"},\"id\":\"/subscriptions/00000000-0000-0000-0000-000000000000/providers/Microsoft.Authorization/roleDefinitions/5370bbf4-6b73-4417-969b-8f2e6e1a558f\"\
        ,\"type\":\"Microsoft.Authorization/roleDefinitions\",\"name\":\"5370bbf4-6b73-4417-969b-8f2e6e1a558f\"\
        },{\"properties\":{\"roleName\":\"Contoso On-call\",\"type\":\"CustomRole\"\
        ,\"description\":null,\"assignableScopes\":[\"/subscriptions/00000000-0000-0000-0000-000000000000/*/read\"\
        ,\"Microsoft.Compute/*/read\",\"Microsoft.Compute/virtualMachines/restart/action\"\
        ,\"Microsoft.Compute/virtualMachines/start/action\",\"Microsoft.Insights/alertRules/*\"\
        ,\"Microsoft.Network/*/read\",\"Microsoft.Resources/subscriptions/00000000-0000-0000-0000-000000000000/read\"\
        ,\"Microsoft.Resources/subscriptions/00000000-0000-0000-0000-000000000000/resources/read\"\
        ,\"Microsoft.Storage/*/read\",\"Microsoft.Support/*\"],\"notActions\":null}],\"\
        createdOn\":\"2016-08-04T16:46:01.6106554Z\",\"updatedOn\":\"2016-08-04T16:46:01.6106554Z\"\
        ,\"createdBy\":\"e7e158d3-7cdc-47cd-8825-5859d7ab2b55\",\"updatedBy\":\"e7e158d3-7cdc-47cd-8825-5859d7ab2b55\"\
        },\"id\":\"/subscriptions/00000000-0000-0000-0000-000000000000/providers/Microsoft.Authorization/roleDefinitions/353790dd-e776-4b53-a723-d809f8fa2337\"\
        ,\"type\":\"Microsoft.Authorization/roleDefinitions\",\"name\":\"353790dd-e776-4b53-a723-d809f8fa2337\"\
        },{\"properties\":{\"roleName\":\"My Demo Role\",\"type\":\"CustomRole\",\"\
        description\":\"Can monitor compute, network and storage, and restart virtual\
        \ machines\",\"assignableScopes\":[\"/subscriptions/00000000-0000-0000-0000-000000000000/*/read\"\
        ,\"Microsoft.Compute/*/read\",\"Microsoft.Compute/virtualMachines/restart/action\"\
        ,\"Microsoft.Compute/virtualMachines/start/action\",\"Microsoft.Insights/alertRules/*\"\
        ,\"Microsoft.Network/*/read\",\"Microsoft.Resources/subscriptions/00000000-0000-0000-0000-000000000000/read\"\
        ,\"Microsoft.Resources/subscriptions/00000000-0000-0000-0000-000000000000/resources/read\"\
        ,\"Microsoft.Storage/*/read\",\"Microsoft.Support/*\"],\"notActions\":null}],\"\
        createdOn\":\"2016-10-07T21:12:48.7544984Z\",\"updatedOn\":\"2016-10-07T21:12:48.7544984Z\"\
        ,\"createdBy\":\"5963f50c-7c43-405c-af7e-53294de76abd\",\"updatedBy\":\"5963f50c-7c43-405c-af7e-53294de76abd\"\
        },\"id\":\"/subscriptions/00000000-0000-0000-0000-000000000000/providers/Microsoft.Authorization/roleDefinitions/e90a40de-fb39-4e25-b6c6-d61fe106a9d1\"\
        ,\"type\":\"Microsoft.Authorization/roleDefinitions\",\"name\":\"e90a40de-fb39-4e25-b6c6-d61fe106a9d1\"\
        },{\"properties\":{\"roleName\":\"API Management Service Contributor\",\"\
        type\":\"BuiltInRole\",\"description\":\"API Management Service Contributor\"\
        ,\"assignableScopes\":[\"/\"],\"permissions\":[{\"actions\":[\"Microsoft.ApiManagement/service/*\"\
        ,\"Microsoft.Authorization/*/read\",\"Microsoft.Insights/alertRules/*\",\"\
        Microsoft.ResourceHealth/availabilityStatuses/read\",\"Microsoft.Resources/deployments/*\"\
        ,\"Microsoft.Resources/subscriptions/00000000-0000-0000-0000-000000000000/read\"\
        ,\"Microsoft.Support/*\"],\"notActions\":[]}],\"createdOn\":\"0001-01-01T08:00:00.0000000Z\"\
        ,\"updatedOn\":\"2016-11-19T00:02:57.6497116Z\",\"createdBy\":null,\"updatedBy\"\
        :null},\"id\":\"/subscriptions/00000000-0000-0000-0000-000000000000/providers/Microsoft.Authorization/roleDefinitions/312a565d-c81f-4fd8-895a-4e21e48d571c\"\
        ,\"type\":\"Microsoft.Authorization/roleDefinitions\",\"name\":\"312a565d-c81f-4fd8-895a-4e21e48d571c\"\
        },{\"properties\":{\"roleName\":\"API Management Service Operator Role\",\"\
        type\":\"BuiltInRole\",\"description\":\"Can manage service but not the APIs\"\
        ,\"assignableScopes\":[\"/\"],\"permissions\":[{\"actions\":[\"Microsoft.ApiManagement/service/*/read\"\
        ,\"Microsoft.ApiManagement/service/backup/action\",\"Microsoft.ApiManagement/service/delete\"\
        ,\"Microsoft.ApiManagement/service/managedeployments/action\",\"Microsoft.ApiManagement/service/read\"\
        ,\"Microsoft.ApiManagement/service/restore/action\",\"Microsoft.ApiManagement/service/updatecertificate/action\"\
        ,\"Microsoft.ApiManagement/service/updatehostname/action\",\"Microsoft.ApiManagement/service/write\"\
        ,\"Microsoft.Authorization/*/read\",\"Microsoft.Insights/alertRules/*\",\"\
        Microsoft.ResourceHealth/availabilityStatuses/read\",\"Microsoft.Resources/deployments/*\"\
        ,\"Microsoft.Resources/subscriptions/00000000-0000-0000-0000-000000000000/read\"\
        ,\"Microsoft.Support/*\"],\"notActions\":[\"Microsoft.ApiManagement/service/users/keys/read\"\
        ]}],\"createdOn\":\"2016-11-09T00:03:42.1194019Z\",\"updatedOn\":\"2016-11-18T23:56:25.4682649Z\"\
        ,\"createdBy\":null,\"updatedBy\":null},\"id\":\"/subscriptions/00000000-0000-0000-0000-000000000000/providers/Microsoft.Authorization/roleDefinitions/e022efe7-f5ba-4159-bbe4-b44f577e9b61\"\
        ,\"type\":\"Microsoft.Authorization/roleDefinitions\",\"name\":\"e022efe7-f5ba-4159-bbe4-b44f577e9b61\"\
        },{\"properties\":{\"roleName\":\"API Management Service Reader Role\",\"\
        type\":\"BuiltInRole\",\"description\":\"API Management Service Reader Role\"\
        ,\"assignableScopes\":[\"/\"],\"permissions\":[{\"actions\":[\"Microsoft.ApiManagement/service/*/read\"\
        ,\"Microsoft.ApiManagement/service/read\",\"Microsoft.Authorization/*/read\"\
        ,\"Microsoft.Insights/alertRules/*\",\"Microsoft.ResourceHealth/availabilityStatuses/read\"\
        ,\"Microsoft.Resources/deployments/*\",\"Microsoft.Resources/subscriptions/00000000-0000-0000-0000-000000000000/read\"\
        ,\"Microsoft.Support/*\"],\"notActions\":[\"Microsoft.ApiManagement/service/users/keys/read\"\
        ]}],\"createdOn\":\"2016-11-09T00:26:45.1540473Z\",\"updatedOn\":\"2016-11-18T23:59:28.8342821Z\"\
        ,\"createdBy\":null,\"updatedBy\":null},\"id\":\"/subscriptions/00000000-0000-0000-0000-000000000000/providers/Microsoft.Authorization/roleDefinitions/71522526-b88f-4d52-b57f-d31fc3546d0d\"\
        ,\"type\":\"Microsoft.Authorization/roleDefinitions\",\"name\":\"71522526-b88f-4d52-b57f-d31fc3546d0d\"\
        },{\"properties\":{\"roleName\":\"Application Insights Component Contributor\"\
        ,\"type\":\"BuiltInRole\",\"description\":\"Can manage Application Insights\
        \ components\",\"assignableScopes\":[\"/\"],\"permissions\":[{\"actions\"\
        :[\"Microsoft.Authorization/*/read\",\"Microsoft.Insights/alertRules/*\",\"\
        Microsoft.Insights/components/*\",\"Microsoft.Insights/webtests/*\",\"Microsoft.ResourceHealth/availabilityStatuses/read\"\
        ,\"Microsoft.Resources/deployments/*\",\"Microsoft.Resources/subscriptions/00000000-0000-0000-0000-000000000000/read\"\
        ,\"Microsoft.Support/*\"],\"notActions\":[]}],\"createdOn\":\"0001-01-01T08:00:00.0000000Z\"\
        ,\"updatedOn\":\"2016-11-29T20:30:34.2313394Z\",\"createdBy\":null,\"updatedBy\"\
        :null},\"id\":\"/subscriptions/00000000-0000-0000-0000-000000000000/providers/Microsoft.Authorization/roleDefinitions/ae349356-3a1b-4a5e-921d-050484c6347e\"\
        ,\"type\":\"Microsoft.Authorization/roleDefinitions\",\"name\":\"ae349356-3a1b-4a5e-921d-050484c6347e\"\
        },{\"properties\":{\"roleName\":\"Automation Operator\",\"type\":\"BuiltInRole\"\
        ,\"description\":\"Automation Operators are able to start, stop, suspend,\
        \ and resume jobs\",\"assignableScopes\":[\"/\"],\"permissions\":[{\"actions\"\
        :[\"Microsoft.Authorization/*/read\",\"Microsoft.Automation/automationAccounts/jobs/read\"\
        ,\"Microsoft.Automation/automationAccounts/jobs/resume/action\",\"Microsoft.Automation/automationAccounts/jobs/stop/action\"\
        ,\"Microsoft.Automation/automationAccounts/jobs/streams/read\",\"Microsoft.Automation/automationAccounts/jobs/suspend/action\"\
        ,\"Microsoft.Automation/automationAccounts/jobs/write\",\"Microsoft.Automation/automationAccounts/jobSchedules/read\"\
        ,\"Microsoft.Automation/automationAccounts/jobSchedules/write\",\"Microsoft.Automation/automationAccounts/read\"\
        ,\"Microsoft.Automation/automationAccounts/runbooks/read\",\"Microsoft.Automation/automationAccounts/schedules/read\"\
        ,\"Microsoft.Automation/automationAccounts/schedules/write\",\"Microsoft.Insights/alertRules/*\"\
        ,\"Microsoft.ResourceHealth/availabilityStatuses/read\",\"Microsoft.Resources/deployments/*\"\
        ,\"Microsoft.Resources/subscriptions/00000000-0000-0000-0000-000000000000/read\"\
        ,\"Microsoft.Support/*\"],\"notActions\":[]}],\"createdOn\":\"2015-08-18T01:05:03.3916130Z\"\
        ,\"updatedOn\":\"2016-05-31T23:13:38.5728496Z\",\"createdBy\":null,\"updatedBy\"\
        :null},\"id\":\"/subscriptions/00000000-0000-0000-0000-000000000000/providers/Microsoft.Authorization/roleDefinitions/d3881f73-407a-4167-8283-e981cbba0404\"\
        ,\"type\":\"Microsoft.Authorization/roleDefinitions\",\"name\":\"d3881f73-407a-4167-8283-e981cbba0404\"\
        },{\"properties\":{\"roleName\":\"BizTalk Contributor\",\"type\":\"BuiltInRole\"\
        ,\"description\":\"Lets you manage BizTalk services, but not access to them.\"\
        ,\"assignableScopes\":[\"/\"],\"permissions\":[{\"actions\":[\"Microsoft.Authorization/*/read\"\
        ,\"Microsoft.BizTalkServices/BizTalk/*\",\"Microsoft.Insights/alertRules/*\"\
        ,\"Microsoft.ResourceHealth/availabilityStatuses/read\",\"Microsoft.Resources/deployments/*\"\
        ,\"Microsoft.Resources/subscriptions/00000000-0000-0000-0000-000000000000/read\"\
        ,\"Microsoft.Support/*\"],\"notActions\":[]}],\"createdOn\":\"0001-01-01T08:00:00.0000000Z\"\
        ,\"updatedOn\":\"2016-05-31T23:13:55.8430061Z\",\"createdBy\":null,\"updatedBy\"\
        :null},\"id\":\"/subscriptions/00000000-0000-0000-0000-000000000000/providers/Microsoft.Authorization/roleDefinitions/5e3c6656-6cfa-4708-81fe-0de47ac73342\"\
        ,\"type\":\"Microsoft.Authorization/roleDefinitions\",\"name\":\"5e3c6656-6cfa-4708-81fe-0de47ac73342\"\
        },{\"properties\":{\"roleName\":\"CDN Endpoint Contributor\",\"type\":\"BuiltInRole\"\
        ,\"description\":\"Can manage CDN endpoints, but can\u2019t grant access to\
        \ other users.\",\"assignableScopes\":[\"/\"],\"permissions\":[{\"actions\"\
        :[\"Microsoft.Authorization/*/read\",\"Microsoft.Cdn/edgenodes/read\",\"Microsoft.Cdn/operationresults/*\"\
        ,\"Microsoft.Cdn/profiles/endpoints/*\",\"Microsoft.Insights/alertRules/*\"\
        ,\"Microsoft.Resources/deployments/*\",\"Microsoft.Resources/subscriptions/00000000-0000-0000-0000-000000000000/read\"\
        ,\"Microsoft.Support/*\"],\"notActions\":[]}],\"createdOn\":\"2016-01-23T02:48:46.4996252Z\"\
        ,\"updatedOn\":\"2016-05-31T23:13:52.6231539Z\",\"createdBy\":null,\"updatedBy\"\
        :null},\"id\":\"/subscriptions/00000000-0000-0000-0000-000000000000/providers/Microsoft.Authorization/roleDefinitions/426e0c7f-0c7e-4658-b36f-ff54d6c29b45\"\
        ,\"type\":\"Microsoft.Authorization/roleDefinitions\",\"name\":\"426e0c7f-0c7e-4658-b36f-ff54d6c29b45\"\
        },{\"properties\":{\"roleName\":\"CDN Endpoint Reader\",\"type\":\"BuiltInRole\"\
        ,\"description\":\"Can view CDN endpoints, but can\u2019t make changes.\"\
        ,\"assignableScopes\":[\"/\"],\"permissions\":[{\"actions\":[\"Microsoft.Authorization/*/read\"\
        ,\"Microsoft.Cdn/edgenodes/read\",\"Microsoft.Cdn/operationresults/*\",\"\
        Microsoft.Cdn/profiles/endpoints/*/read\",\"Microsoft.Insights/alertRules/*\"\
        ,\"Microsoft.Resources/deployments/*\",\"Microsoft.Resources/subscriptions/00000000-0000-0000-0000-000000000000/read\"\
        ,\"Microsoft.Support/*\"],\"notActions\":[]}],\"createdOn\":\"2016-01-23T02:48:46.4996252Z\"\
        ,\"updatedOn\":\"2016-05-31T23:13:53.1585846Z\",\"createdBy\":null,\"updatedBy\"\
        :null},\"id\":\"/subscriptions/00000000-0000-0000-0000-000000000000/providers/Microsoft.Authorization/roleDefinitions/871e35f6-b5c1-49cc-a043-bde969a0f2cd\"\
        ,\"type\":\"Microsoft.Authorization/roleDefinitions\",\"name\":\"871e35f6-b5c1-49cc-a043-bde969a0f2cd\"\
        },{\"properties\":{\"roleName\":\"CDN Profile Contributor\",\"type\":\"BuiltInRole\"\
        ,\"description\":\"Can manage CDN profiles and their endpoints, but can\u2019\
        t grant access to other users.\",\"assignableScopes\":[\"/\"],\"permissions\"\
        :[{\"actions\":[\"Microsoft.Authorization/*/read\",\"Microsoft.Cdn/edgenodes/read\"\
        ,\"Microsoft.Cdn/operationresults/*\",\"Microsoft.Cdn/profiles/*\",\"Microsoft.Insights/alertRules/*\"\
        ,\"Microsoft.Resources/deployments/*\",\"Microsoft.Resources/subscriptions/00000000-0000-0000-0000-000000000000/read\"\
        ,\"Microsoft.Support/*\"],\"notActions\":[]}],\"createdOn\":\"2016-01-23T02:48:46.4996252Z\"\
        ,\"updatedOn\":\"2016-05-31T23:13:53.7051278Z\",\"createdBy\":null,\"updatedBy\"\
        :null},\"id\":\"/subscriptions/00000000-0000-0000-0000-000000000000/providers/Microsoft.Authorization/roleDefinitions/ec156ff8-a8d1-4d15-830c-5b80698ca432\"\
        ,\"type\":\"Microsoft.Authorization/roleDefinitions\",\"name\":\"ec156ff8-a8d1-4d15-830c-5b80698ca432\"\
        },{\"properties\":{\"roleName\":\"CDN Profile Reader\",\"type\":\"BuiltInRole\"\
        ,\"description\":\"Can view CDN profiles and their endpoints, but can\u2019\
        t make changes.\",\"assignableScopes\":[\"/\"],\"permissions\":[{\"actions\"\
        :[\"Microsoft.Authorization/*/read\",\"Microsoft.Cdn/edgenodes/read\",\"Microsoft.Cdn/operationresults/*\"\
        ,\"Microsoft.Cdn/profiles/*/read\",\"Microsoft.Insights/alertRules/*\",\"\
        Microsoft.Resources/deployments/*\",\"Microsoft.Resources/subscriptions/00000000-0000-0000-0000-000000000000/read\"\
        ,\"Microsoft.Support/*\"],\"notActions\":[]}],\"createdOn\":\"2016-01-23T02:48:46.4996252Z\"\
        ,\"updatedOn\":\"2016-05-31T23:13:54.2283001Z\",\"createdBy\":null,\"updatedBy\"\
        :null},\"id\":\"/subscriptions/00000000-0000-0000-0000-000000000000/providers/Microsoft.Authorization/roleDefinitions/8f96442b-4075-438f-813d-ad51ab4019af\"\
        ,\"type\":\"Microsoft.Authorization/roleDefinitions\",\"name\":\"8f96442b-4075-438f-813d-ad51ab4019af\"\
        },{\"properties\":{\"roleName\":\"Classic Network Contributor\",\"type\":\"\
        BuiltInRole\",\"description\":\"Lets you manage classic networks, but not\
        \ access to them.\",\"assignableScopes\":[\"/\"],\"permissions\":[{\"actions\"\
        :[\"Microsoft.Authorization/*/read\",\"Microsoft.ClassicNetwork/*\",\"Microsoft.Insights/alertRules/*\"\
        ,\"Microsoft.ResourceHealth/availabilityStatuses/read\",\"Microsoft.Resources/deployments/*\"\
        ,\"Microsoft.Resources/subscriptions/00000000-0000-0000-0000-000000000000/read\"\
        ,\"Microsoft.Support/*\"],\"notActions\":[]}],\"createdOn\":\"0001-01-01T08:00:00.0000000Z\"\
        ,\"updatedOn\":\"2016-05-31T23:13:56.3934954Z\",\"createdBy\":null,\"updatedBy\"\
        :null},\"id\":\"/subscriptions/00000000-0000-0000-0000-000000000000/providers/Microsoft.Authorization/roleDefinitions/b34d265f-36f7-4a0d-a4d4-e158ca92e90f\"\
        ,\"type\":\"Microsoft.Authorization/roleDefinitions\",\"name\":\"b34d265f-36f7-4a0d-a4d4-e158ca92e90f\"\
        },{\"properties\":{\"roleName\":\"Classic Storage Account Contributor\",\"\
        type\":\"BuiltInRole\",\"description\":\"Lets you manage classic storage accounts,\
        \ but not access to them.\",\"assignableScopes\":[\"/\"],\"permissions\":[{\"\
        actions\":[\"Microsoft.Authorization/*/read\",\"Microsoft.ClassicStorage/storageAccounts/*\"\
        ,\"Microsoft.Insights/alertRules/*\",\"Microsoft.ResourceHealth/availabilityStatuses/read\"\
        ,\"Microsoft.Resources/deployments/*\",\"Microsoft.Resources/subscriptions/00000000-0000-0000-0000-000000000000/read\"\
        ,\"Microsoft.Support/*\"],\"notActions\":[]}],\"createdOn\":\"0001-01-01T08:00:00.0000000Z\"\
        ,\"updatedOn\":\"2016-05-31T23:13:56.9379206Z\",\"createdBy\":null,\"updatedBy\"\
        :null},\"id\":\"/subscriptions/00000000-0000-0000-0000-000000000000/providers/Microsoft.Authorization/roleDefinitions/86e8f5dc-a6e9-4c67-9d15-de283e8eac25\"\
        ,\"type\":\"Microsoft.Authorization/roleDefinitions\",\"name\":\"86e8f5dc-a6e9-4c67-9d15-de283e8eac25\"\
        },{\"properties\":{\"roleName\":\"Classic Virtual Machine Contributor\",\"\
        type\":\"BuiltInRole\",\"description\":\"Lets you manage classic virtual machines,\
        \ but not access to them, and not the virtual network or storage account they\u2019\
        re connected to.\",\"assignableScopes\":[\"/\"],\"permissions\":[{\"actions\"\
        :[\"Microsoft.Authorization/*/read\",\"Microsoft.ClassicCompute/domainNames/*\"\
        ,\"Microsoft.ClassicCompute/virtualMachines/*\",\"Microsoft.ClassicNetwork/networkSecurityGroups/join/action\"\
        ,\"Microsoft.ClassicNetwork/reservedIps/link/action\",\"Microsoft.ClassicNetwork/reservedIps/read\"\
        ,\"Microsoft.ClassicNetwork/virtualNetworks/join/action\",\"Microsoft.ClassicNetwork/virtualNetworks/read\"\
        ,\"Microsoft.ClassicStorage/storageAccounts/disks/read\",\"Microsoft.ClassicStorage/storageAccounts/images/read\"\
        ,\"Microsoft.ClassicStorage/storageAccounts/listKeys/action\",\"Microsoft.ClassicStorage/storageAccounts/read\"\
        ,\"Microsoft.Insights/alertRules/*\",\"Microsoft.ResourceHealth/availabilityStatuses/read\"\
        ,\"Microsoft.Resources/deployments/*\",\"Microsoft.Resources/subscriptions/00000000-0000-0000-0000-000000000000/read\"\
        ,\"Microsoft.Support/*\"],\"notActions\":[]}],\"createdOn\":\"0001-01-01T08:00:00.0000000Z\"\
        ,\"updatedOn\":\"2016-05-31T23:13:57.4788684Z\",\"createdBy\":null,\"updatedBy\"\
        :null},\"id\":\"/subscriptions/00000000-0000-0000-0000-000000000000/providers/Microsoft.Authorization/roleDefinitions/d73bb868-a0df-4d4d-bd69-98a00b01fccb\"\
        ,\"type\":\"Microsoft.Authorization/roleDefinitions\",\"name\":\"d73bb868-a0df-4d4d-bd69-98a00b01fccb\"\
        },{\"properties\":{\"roleName\":\"ClearDB MySQL DB Contributor\",\"type\"\
        :\"BuiltInRole\",\"description\":\"Lets you manage ClearDB MySQL databases,\
        \ but not access to them.\",\"assignableScopes\":[\"/\"],\"permissions\":[{\"\
        actions\":[\"Microsoft.Authorization/*/read\",\"Microsoft.Insights/alertRules/*\"\
        ,\"Microsoft.ResourceHealth/availabilityStatuses/read\",\"Microsoft.Resources/deployments/*\"\
        ,\"Microsoft.Resources/subscriptions/00000000-0000-0000-0000-000000000000/read\"\
        ,\"Microsoft.Support/*\",\"successbricks.cleardb/databases/*\"],\"notActions\"\
        :[]}],\"createdOn\":\"0001-01-01T08:00:00.0000000Z\",\"updatedOn\":\"2016-05-31T23:13:58.1393839Z\"\
        ,\"createdBy\":null,\"updatedBy\":null},\"id\":\"/subscriptions/00000000-0000-0000-0000-000000000000/providers/Microsoft.Authorization/roleDefinitions/9106cda0-8a86-4e81-b686-29a22c54effe\"\
        ,\"type\":\"Microsoft.Authorization/roleDefinitions\",\"name\":\"9106cda0-8a86-4e81-b686-29a22c54effe\"\
        },{\"properties\":{\"roleName\":\"Contributor\",\"type\":\"BuiltInRole\",\"\
        description\":\"Lets you manage everything except access to resources.\",\"\
        assignableScopes\":[\"/\"],\"permissions\":[{\"actions\":[\"*\"],\"notActions\"\
        :[\"Microsoft.Authorization/*/Delete\",\"Microsoft.Authorization/*/Write\"\
        ]}],\"createdOn\":\"0001-01-01T08:00:00.0000000Z\",\"updatedOn\":\"2016-05-31T23:13:58.6741320Z\"\
        ,\"createdBy\":null,\"updatedBy\":null},\"id\":\"/subscriptions/00000000-0000-0000-0000-000000000000/providers/Microsoft.Authorization/roleDefinitions/b24988ac-6180-42a0-ab88-20f7382dd24c\"\
        ,\"type\":\"Microsoft.Authorization/roleDefinitions\",\"name\":\"b24988ac-6180-42a0-ab88-20f7382dd24c\"\
        },{\"properties\":{\"roleName\":\"Data Factory Contributor\",\"type\":\"BuiltInRole\"\
        ,\"description\":\"Create and manage data factories, as well as child resources\
        \ within them.\",\"assignableScopes\":[\"/\"],\"permissions\":[{\"actions\"\
        :[\"Microsoft.Authorization/*/read\",\"Microsoft.DataFactory/dataFactories/*\"\
        ,\"Microsoft.Insights/alertRules/*\",\"Microsoft.ResourceHealth/availabilityStatuses/read\"\
        ,\"Microsoft.Resources/deployments/*\",\"Microsoft.Resources/subscriptions/00000000-0000-0000-0000-000000000000/read\"\
        ,\"Microsoft.Support/*\"],\"notActions\":[]}],\"createdOn\":\"0001-01-01T08:00:00.0000000Z\"\
        ,\"updatedOn\":\"2016-09-12T19:16:42.3441035Z\",\"createdBy\":null,\"updatedBy\"\
        :null},\"id\":\"/subscriptions/00000000-0000-0000-0000-000000000000/providers/Microsoft.Authorization/roleDefinitions/673868aa-7521-48a0-acc6-0f60742d39f5\"\
        ,\"type\":\"Microsoft.Authorization/roleDefinitions\",\"name\":\"673868aa-7521-48a0-acc6-0f60742d39f5\"\
        },{\"properties\":{\"roleName\":\"Data Lake Analytics Developer\",\"type\"\
        :\"BuiltInRole\",\"description\":\"Lets you submit, monitor, and manage your\
        \ own jobs but not create or delete Data Lake Analytics accounts.\",\"assignableScopes\"\
        :[\"/\"],\"permissions\":[{\"actions\":[\"Microsoft.Authorization/*/read\"\
        ,\"Microsoft.BigAnalytics/accounts/*\",\"Microsoft.DataLakeAnalytics/accounts/*\"\
        ,\"Microsoft.Insights/alertRules/*\",\"Microsoft.ResourceHealth/availabilityStatuses/read\"\
        ,\"Microsoft.Resources/deployments/*\",\"Microsoft.Resources/subscriptions/00000000-0000-0000-0000-000000000000/read\"\
        ,\"Microsoft.Support/*\"],\"notActions\":[\"Microsoft.BigAnalytics/accounts/Delete\"\
        ,\"Microsoft.BigAnalytics/accounts/TakeOwnership/action\",\"Microsoft.BigAnalytics/accounts/Write\"\
        ,\"Microsoft.DataLakeAnalytics/accounts/Delete\",\"Microsoft.DataLakeAnalytics/accounts/TakeOwnership/action\"\
        ,\"Microsoft.DataLakeAnalytics/accounts/Write\"]}],\"createdOn\":\"2015-10-20T00:33:29.3115234Z\"\
        ,\"updatedOn\":\"2016-05-31T23:13:40.9047058Z\",\"createdBy\":null,\"updatedBy\"\
        :null},\"id\":\"/subscriptions/00000000-0000-0000-0000-000000000000/providers/Microsoft.Authorization/roleDefinitions/47b7735b-770e-4598-a7da-8b91488b4c88\"\
        ,\"type\":\"Microsoft.Authorization/roleDefinitions\",\"name\":\"47b7735b-770e-4598-a7da-8b91488b4c88\"\
        },{\"properties\":{\"roleName\":\"DevTest Labs User\",\"type\":\"BuiltInRole\"\
        ,\"description\":\"Lets you connect, start, restart, and shutdown your virtual\
        \ machines in your Azure DevTest Labs.\",\"assignableScopes\":[\"/\"],\"permissions\"\
        :[{\"actions\":[\"Microsoft.Authorization/*/read\",\"Microsoft.Compute/availabilitySets/read\"\
        ,\"Microsoft.Compute/virtualMachines/*/read\",\"Microsoft.Compute/virtualMachines/deallocate/action\"\
        ,\"Microsoft.Compute/virtualMachines/read\",\"Microsoft.Compute/virtualMachines/restart/action\"\
        ,\"Microsoft.Compute/virtualMachines/start/action\",\"Microsoft.DevTestLab/*/read\"\
        ,\"Microsoft.DevTestLab/labs/createEnvironment/action\",\"Microsoft.DevTestLab/labs/formulas/delete\"\
        ,\"Microsoft.DevTestLab/labs/formulas/read\",\"Microsoft.DevTestLab/labs/formulas/write\"\
        ,\"Microsoft.DevTestLab/labs/policySets/evaluatePolicies/action\",\"Microsoft.DevTestLab/labs/virtualMachines/claim/action\"\
        ,\"Microsoft.Network/loadBalancers/backendAddressPools/join/action\",\"Microsoft.Network/loadBalancers/inboundNatRules/join/action\"\
        ,\"Microsoft.Network/networkInterfaces/*/read\",\"Microsoft.Network/networkInterfaces/join/action\"\
        ,\"Microsoft.Network/networkInterfaces/read\",\"Microsoft.Network/networkInterfaces/write\"\
        ,\"Microsoft.Network/publicIPAddresses/*/read\",\"Microsoft.Network/publicIPAddresses/join/action\"\
        ,\"Microsoft.Network/publicIPAddresses/read\",\"Microsoft.Network/virtualNetworks/subnets/join/action\"\
        ,\"Microsoft.Resources/deployments/operations/read\",\"Microsoft.Resources/deployments/read\"\
        ,\"Microsoft.Resources/subscriptions/00000000-0000-0000-0000-000000000000/read\"\
        ,\"Microsoft.Storage/storageAccounts/listKeys/action\"],\"notActions\":[\"\
        Microsoft.Compute/virtualMachines/vmSizes/read\"]}],\"createdOn\":\"2015-06-08T21:52:45.0657582Z\"\
        ,\"updatedOn\":\"2016-11-10T02:51:04.6149820Z\",\"createdBy\":null,\"updatedBy\"\
        :null},\"id\":\"/subscriptions/00000000-0000-0000-0000-000000000000/providers/Microsoft.Authorization/roleDefinitions/76283e04-6283-4c54-8f91-bcf1374a3c64\"\
        ,\"type\":\"Microsoft.Authorization/roleDefinitions\",\"name\":\"76283e04-6283-4c54-8f91-bcf1374a3c64\"\
        },{\"properties\":{\"roleName\":\"DNS Zone Contributor\",\"type\":\"BuiltInRole\"\
        ,\"description\":\"Lets you manage DNS zones and record sets in Azure DNS,\
        \ but does not let you control who has access to them.\",\"assignableScopes\"\
        :[\"/\"],\"permissions\":[{\"actions\":[\"Microsoft.Authorization/*/read\"\
        ,\"Microsoft.Insights/alertRules/*\",\"Microsoft.Network/dnsZones/*\",\"Microsoft.ResourceHealth/availabilityStatuses/read\"\
        ,\"Microsoft.Resources/deployments/*\",\"Microsoft.Resources/subscriptions/00000000-0000-0000-0000-000000000000/read\"\
        ,\"Microsoft.Support/*\"],\"notActions\":[]}],\"createdOn\":\"2015-10-15T23:33:25.9730842Z\"\
        ,\"updatedOn\":\"2016-05-31T23:13:40.3710365Z\",\"createdBy\":null,\"updatedBy\"\
        :null},\"id\":\"/subscriptions/00000000-0000-0000-0000-000000000000/providers/Microsoft.Authorization/roleDefinitions/befefa01-2a29-4197-83a8-272ff33ce314\"\
        ,\"type\":\"Microsoft.Authorization/roleDefinitions\",\"name\":\"befefa01-2a29-4197-83a8-272ff33ce314\"\
        },{\"properties\":{\"roleName\":\"DocumentDB Account Contributor\",\"type\"\
        :\"BuiltInRole\",\"description\":\"Lets you manage DocumentDB accounts, but\
        \ not access to them.\",\"assignableScopes\":[\"/\"],\"permissions\":[{\"\
        actions\":[\"Microsoft.Authorization/*/read\",\"Microsoft.DocumentDb/databaseAccounts/*\"\
        ,\"Microsoft.Insights/alertRules/*\",\"Microsoft.ResourceHealth/availabilityStatuses/read\"\
        ,\"Microsoft.Resources/deployments/*\",\"Microsoft.Resources/subscriptions/00000000-0000-0000-0000-000000000000/read\"\
        ,\"Microsoft.Support/*\"],\"notActions\":[]}],\"createdOn\":\"0001-01-01T08:00:00.0000000Z\"\
        ,\"updatedOn\":\"2016-05-31T23:14:07.2132374Z\",\"createdBy\":null,\"updatedBy\"\
        :null},\"id\":\"/subscriptions/00000000-0000-0000-0000-000000000000/providers/Microsoft.Authorization/roleDefinitions/5bd9cd88-fe45-4216-938b-f97437e15450\"\
        ,\"type\":\"Microsoft.Authorization/roleDefinitions\",\"name\":\"5bd9cd88-fe45-4216-938b-f97437e15450\"\
        },{\"properties\":{\"roleName\":\"Intelligent Systems Account Contributor\"\
        ,\"type\":\"BuiltInRole\",\"description\":\"Lets you manage Intelligent Systems\
        \ accounts, but not access to them.\",\"assignableScopes\":[\"/\"],\"permissions\"\
        :[{\"actions\":[\"Microsoft.Authorization/*/read\",\"Microsoft.Insights/alertRules/*\"\
        ,\"Microsoft.IntelligentSystems/accounts/*\",\"Microsoft.ResourceHealth/availabilityStatuses/read\"\
        ,\"Microsoft.Resources/deployments/*\",\"Microsoft.Resources/subscriptions/00000000-0000-0000-0000-000000000000/read\"\
        ,\"Microsoft.Support/*\"],\"notActions\":[]}],\"createdOn\":\"0001-01-01T08:00:00.0000000Z\"\
        ,\"updatedOn\":\"2016-05-31T23:13:59.7946586Z\",\"createdBy\":null,\"updatedBy\"\
        :null},\"id\":\"/subscriptions/00000000-0000-0000-0000-000000000000/providers/Microsoft.Authorization/roleDefinitions/03a6d094-3444-4b3d-88af-7477090a9e5e\"\
        ,\"type\":\"Microsoft.Authorization/roleDefinitions\",\"name\":\"03a6d094-3444-4b3d-88af-7477090a9e5e\"\
        },{\"properties\":{\"roleName\":\"Key Vault Contributor\",\"type\":\"BuiltInRole\"\
        ,\"description\":\"Lets you manage key vaults, but not access to them.\",\"\
        assignableScopes\":[\"/\"],\"permissions\":[{\"actions\":[\"Microsoft.Authorization/*/read\"\
        ,\"Microsoft.Insights/alertRules/*\",\"Microsoft.KeyVault/vaults/*\",\"Microsoft.Resources/deployments/*\"\
        ,\"Microsoft.Resources/subscriptions/00000000-0000-0000-0000-000000000000/read\"\
        ,\"Microsoft.Support/*\"],\"notActions\":[]}],\"createdOn\":\"0001-01-01T08:00:00.0000000Z\"\
        ,\"updatedOn\":\"2016-05-31T23:13:52.0943525Z\",\"createdBy\":null,\"updatedBy\"\
        :null},\"id\":\"/subscriptions/00000000-0000-0000-0000-000000000000/providers/Microsoft.Authorization/roleDefinitions/f25e0fa2-a7c8-4377-a976-54943a77a395\"\
        ,\"type\":\"Microsoft.Authorization/roleDefinitions\",\"name\":\"f25e0fa2-a7c8-4377-a976-54943a77a395\"\
        },{\"properties\":{\"roleName\":\"Logic App Contributor\",\"type\":\"BuiltInRole\"\
        ,\"description\":\"Lets you manage logic app, but not access to them.\",\"\
        assignableScopes\":[\"/\"],\"permissions\":[{\"actions\":[\"Microsoft.Authorization/*/read\"\
        ,\"Microsoft.ClassicStorage/storageAccounts/listKeys/action\",\"Microsoft.ClassicStorage/storageAccounts/read\"\
        ,\"Microsoft.Insights/alertRules/*\",\"Microsoft.Insights/diagnosticSettings/*\"\
        ,\"Microsoft.Insights/logdefinitions/*\",\"Microsoft.Insights/metricDefinitions/*\"\
        ,\"Microsoft.Logic/*\",\"Microsoft.Resources/deployments/*\",\"Microsoft.Resources/subscriptions/00000000-0000-0000-0000-000000000000/read\"\
        ,\"Microsoft.Resources/subscriptions/00000000-0000-0000-0000-000000000000/read\"\
        ,\"Microsoft.Storage/storageAccounts/listkeys/action\",\"Microsoft.Storage/storageAccounts/read\"\
        ,\"Microsoft.Support/*\",\"Microsoft.Web/connectionGateways/*\",\"Microsoft.Web/connections/*\"\
        ,\"Microsoft.Web/serverFarms/join/action\",\"Microsoft.Web/serverFarms/read\"\
        ,\"Microsoft.Web/sites/functions/listSecrets/action\"],\"notActions\":[]}],\"\
        createdOn\":\"2016-04-28T21:33:30.4656007Z\",\"updatedOn\":\"2016-11-09T20:20:11.3665904Z\"\
        ,\"createdBy\":null,\"updatedBy\":null},\"id\":\"/subscriptions/00000000-0000-0000-0000-000000000000/providers/Microsoft.Authorization/roleDefinitions/87a39d53-fc1b-424a-814c-f7e04687dc9e\"\
        ,\"type\":\"Microsoft.Authorization/roleDefinitions\",\"name\":\"87a39d53-fc1b-424a-814c-f7e04687dc9e\"\
        },{\"properties\":{\"roleName\":\"Logic App Operator\",\"type\":\"BuiltInRole\"\
        ,\"description\":\"Lets you read, enable and disable logic app.\",\"assignableScopes\"\
        :[\"/\"],\"permissions\":[{\"actions\":[\"Microsoft.Authorization/*/read\"\
        ,\"Microsoft.Insights/alertRules/*/read\",\"Microsoft.Insights/diagnosticSettings/*/read\"\
        ,\"Microsoft.Insights/metricDefinitions/*/read\",\"Microsoft.Logic/*/read\"\
        ,\"Microsoft.Logic/workflows/disable/action\",\"Microsoft.Logic/workflows/enable/action\"\
        ,\"Microsoft.Logic/workflows/validate/action\",\"Microsoft.Resources/deployments/operations/read\"\
        ,\"Microsoft.Resources/subscriptions/00000000-0000-0000-0000-000000000000/read\"\
        ,\"Microsoft.Resources/subscriptions/00000000-0000-0000-0000-000000000000/read\"\
        ,\"Microsoft.Support/*\",\"Microsoft.Web/connectionGateways/*/read\",\"Microsoft.Web/connections/*/read\"\
        ,\"Microsoft.Web/serverFarms/read\"],\"notActions\":[]}],\"createdOn\":\"\
        2016-04-28T21:33:30.4656007Z\",\"updatedOn\":\"2016-11-09T20:26:07.8911630Z\"\
        ,\"createdBy\":null,\"updatedBy\":null},\"id\":\"/subscriptions/00000000-0000-0000-0000-000000000000/providers/Microsoft.Authorization/roleDefinitions/515c2055-d9d4-4321-b1b9-bd0c9a0f79fe\"\
        ,\"type\":\"Microsoft.Authorization/roleDefinitions\",\"name\":\"515c2055-d9d4-4321-b1b9-bd0c9a0f79fe\"\
        },{\"properties\":{\"roleName\":\"Monitoring Contributor Service Role\",\"\
        type\":\"BuiltInRole\",\"description\":\"Can read all monitoring data and\
        \ update monitoring settings.\",\"assignableScopes\":[\"/\"],\"permissions\"\
        :[{\"actions\":[\"*/read\",\"Microsoft.Insights/AlertRules/*\",\"Microsoft.Insights/components/*\"\
        ,\"Microsoft.Insights/DiagnosticSettings/*\",\"Microsoft.Insights/eventtypes/*\"\
        ,\"Microsoft.Insights/LogDefinitions/*\",\"Microsoft.Insights/MetricDefinitions/*\"\
        ,\"Microsoft.Insights/Metrics/*\",\"Microsoft.Insights/Register/Action\",\"\
        Microsoft.Insights/webtests/*\",\"Microsoft.OperationalInsights/workspaces/intelligencepacks/*\"\
        ,\"Microsoft.OperationalInsights/workspaces/savedSearches/*\",\"Microsoft.OperationalInsights/workspaces/search/action\"\
        ,\"Microsoft.OperationalInsights/workspaces/sharedKeys/action\",\"Microsoft.OperationalInsights/workspaces/storageinsightconfigs/*\"\
        ,\"Microsoft.Support/*\"],\"notActions\":[]}],\"createdOn\":\"2016-09-21T19:21:08.4345976Z\"\
        ,\"updatedOn\":\"2016-09-28T20:39:49.9288963Z\",\"createdBy\":null,\"updatedBy\"\
        :null},\"id\":\"/subscriptions/00000000-0000-0000-0000-000000000000/providers/Microsoft.Authorization/roleDefinitions/749f88d5-cbae-40b8-bcfc-e573ddc772fa\"\
        ,\"type\":\"Microsoft.Authorization/roleDefinitions\",\"name\":\"749f88d5-cbae-40b8-bcfc-e573ddc772fa\"\
        },{\"properties\":{\"roleName\":\"Monitoring Reader Service Role\",\"type\"\
        :\"BuiltInRole\",\"description\":\"Can read all monitoring data.\",\"assignableScopes\"\
        :[\"/\"],\"permissions\":[{\"actions\":[\"*/read\",\"Microsoft.OperationalInsights/workspaces/search/action\"\
        ,\"Microsoft.Support/*\"],\"notActions\":[]}],\"createdOn\":\"2016-09-21T19:19:52.4939376Z\"\
        ,\"updatedOn\":\"2016-09-28T20:43:54.2434341Z\",\"createdBy\":null,\"updatedBy\"\
        :null},\"id\":\"/subscriptions/00000000-0000-0000-0000-000000000000/providers/Microsoft.Authorization/roleDefinitions/43d0d8ad-25c7-4714-9337-8ba259a9fe05\"\
        ,\"type\":\"Microsoft.Authorization/roleDefinitions\",\"name\":\"43d0d8ad-25c7-4714-9337-8ba259a9fe05\"\
        },{\"properties\":{\"roleName\":\"Network Contributor\",\"type\":\"BuiltInRole\"\
        ,\"description\":\"Lets you manage networks, but not access to them.\",\"\
        assignableScopes\":[\"/\"],\"permissions\":[{\"actions\":[\"Microsoft.Authorization/*/read\"\
        ,\"Microsoft.Insights/alertRules/*\",\"Microsoft.Network/*\",\"Microsoft.ResourceHealth/availabilityStatuses/read\"\
        ,\"Microsoft.Resources/deployments/*\",\"Microsoft.Resources/subscriptions/00000000-0000-0000-0000-000000000000/read\"\
        ,\"Microsoft.Support/*\"],\"notActions\":[]}],\"createdOn\":\"2015-06-02T00:18:27.3542698Z\"\
        ,\"updatedOn\":\"2016-05-31T23:14:00.3326359Z\",\"createdBy\":null,\"updatedBy\"\
        :null},\"id\":\"/subscriptions/00000000-0000-0000-0000-000000000000/providers/Microsoft.Authorization/roleDefinitions/4d97b98b-1d4f-4787-a291-c67834d212e7\"\
        ,\"type\":\"Microsoft.Authorization/roleDefinitions\",\"name\":\"4d97b98b-1d4f-4787-a291-c67834d212e7\"\
        },{\"properties\":{\"roleName\":\"New Relic APM Account Contributor\",\"type\"\
        :\"BuiltInRole\",\"description\":\"Lets you manage New Relic Application Performance\
        \ Management accounts and applications, but not access to them.\",\"assignableScopes\"\
        :[\"/\"],\"permissions\":[{\"actions\":[\"Microsoft.Authorization/*/read\"\
        ,\"Microsoft.Insights/alertRules/*\",\"Microsoft.ResourceHealth/availabilityStatuses/read\"\
        ,\"Microsoft.Resources/deployments/*\",\"Microsoft.Resources/subscriptions/00000000-0000-0000-0000-000000000000/read\"\
        ,\"Microsoft.Support/*\",\"NewRelic.APM/accounts/*\"],\"notActions\":[]}],\"\
        createdOn\":\"0001-01-01T08:00:00.0000000Z\",\"updatedOn\":\"2016-05-31T23:14:07.7538043Z\"\
        ,\"createdBy\":null,\"updatedBy\":null},\"id\":\"/subscriptions/00000000-0000-0000-0000-000000000000/providers/Microsoft.Authorization/roleDefinitions/5d28c62d-5b37-4476-8438-e587778df237\"\
        ,\"type\":\"Microsoft.Authorization/roleDefinitions\",\"name\":\"5d28c62d-5b37-4476-8438-e587778df237\"\
        },{\"properties\":{\"roleName\":\"Owner\",\"type\":\"BuiltInRole\",\"description\"\
        :\"Lets you manage everything, including access to resources.\",\"assignableScopes\"\
        :[\"/\"],\"permissions\":[{\"actions\":[\"*\"],\"notActions\":[]}],\"createdOn\"\
        :\"0001-01-01T08:00:00.0000000Z\",\"updatedOn\":\"2016-05-31T23:14:00.9179619Z\"\
        ,\"createdBy\":null,\"updatedBy\":null},\"id\":\"/subscriptions/00000000-0000-0000-0000-000000000000/providers/Microsoft.Authorization/roleDefinitions/8e3af657-a8ff-443c-a75c-2fe8c4bcb635\"\
        ,\"type\":\"Microsoft.Authorization/roleDefinitions\",\"name\":\"8e3af657-a8ff-443c-a75c-2fe8c4bcb635\"\
        },{\"properties\":{\"roleName\":\"Reader\",\"type\":\"BuiltInRole\",\"description\"\
        :\"Lets you view everything, but not make any changes.\",\"assignableScopes\"\
        :[\"/\"],\"permissions\":[{\"actions\":[\"*/read\"],\"notActions\":[]}],\"\
        createdOn\":\"0001-01-01T08:00:00.0000000Z\",\"updatedOn\":\"2016-08-19T00:03:56.0652623Z\"\
        ,\"createdBy\":null,\"updatedBy\":null},\"id\":\"/subscriptions/00000000-0000-0000-0000-000000000000/providers/Microsoft.Authorization/roleDefinitions/acdd72a7-3385-48ef-bd42-f606fba81ae7\"\
        ,\"type\":\"Microsoft.Authorization/roleDefinitions\",\"name\":\"acdd72a7-3385-48ef-bd42-f606fba81ae7\"\
        },{\"properties\":{\"roleName\":\"Redis Cache Contributor\",\"type\":\"BuiltInRole\"\
        ,\"description\":\"Lets you manage Redis caches, but not access to them.\"\
        ,\"assignableScopes\":[\"/\"],\"permissions\":[{\"actions\":[\"Microsoft.Authorization/*/read\"\
        ,\"Microsoft.Cache/redis/*\",\"Microsoft.Insights/alertRules/*\",\"Microsoft.ResourceHealth/availabilityStatuses/read\"\
        ,\"Microsoft.Resources/deployments/*\",\"Microsoft.Resources/subscriptions/00000000-0000-0000-0000-000000000000/read\"\
        ,\"Microsoft.Support/*\"],\"notActions\":[]}],\"createdOn\":\"0001-01-01T08:00:00.0000000Z\"\
        ,\"updatedOn\":\"2016-05-31T23:14:01.9877071Z\",\"createdBy\":null,\"updatedBy\"\
        :null},\"id\":\"/subscriptions/00000000-0000-0000-0000-000000000000/providers/Microsoft.Authorization/roleDefinitions/e0f68234-74aa-48ed-b826-c38b57376e17\"\
        ,\"type\":\"Microsoft.Authorization/roleDefinitions\",\"name\":\"e0f68234-74aa-48ed-b826-c38b57376e17\"\
        },{\"properties\":{\"roleName\":\"Scheduler Job Collections Contributor\"\
        ,\"type\":\"BuiltInRole\",\"description\":\"Lets you manage Scheduler job\
        \ collections, but not access to them.\",\"assignableScopes\":[\"/\"],\"permissions\"\
        :[{\"actions\":[\"Microsoft.Authorization/*/read\",\"Microsoft.Insights/alertRules/*\"\
        ,\"Microsoft.ResourceHealth/availabilityStatuses/read\",\"Microsoft.Resources/deployments/*\"\
        ,\"Microsoft.Resources/subscriptions/00000000-0000-0000-0000-000000000000/read\"\
        ,\"Microsoft.Scheduler/jobcollections/*\",\"Microsoft.Support/*\"],\"notActions\"\
        :[]}],\"createdOn\":\"0001-01-01T08:00:00.0000000Z\",\"updatedOn\":\"2016-05-31T23:14:02.5343995Z\"\
        ,\"createdBy\":null,\"updatedBy\":null},\"id\":\"/subscriptions/00000000-0000-0000-0000-000000000000/providers/Microsoft.Authorization/roleDefinitions/188a0f2f-5c9e-469b-ae67-2aa5ce574b94\"\
        ,\"type\":\"Microsoft.Authorization/roleDefinitions\",\"name\":\"188a0f2f-5c9e-469b-ae67-2aa5ce574b94\"\
        },{\"properties\":{\"roleName\":\"Search Service Contributor\",\"type\":\"\
        BuiltInRole\",\"description\":\"Lets you manage Search services, but not access\
        \ to them.\",\"assignableScopes\":[\"/\"],\"permissions\":[{\"actions\":[\"\
        Microsoft.Authorization/*/read\",\"Microsoft.Insights/alertRules/*\",\"Microsoft.ResourceHealth/availabilityStatuses/read\"\
        ,\"Microsoft.Resources/deployments/*\",\"Microsoft.Resources/subscriptions/00000000-0000-0000-0000-000000000000/read\"\
        ,\"Microsoft.Search/searchServices/*\",\"Microsoft.Support/*\"],\"notActions\"\
        :[]}],\"createdOn\":\"0001-01-01T08:00:00.0000000Z\",\"updatedOn\":\"2016-05-31T23:14:03.0463472Z\"\
        ,\"createdBy\":null,\"updatedBy\":null},\"id\":\"/subscriptions/00000000-0000-0000-0000-000000000000/providers/Microsoft.Authorization/roleDefinitions/7ca78c08-252a-4471-8644-bb5ff32d4ba0\"\
        ,\"type\":\"Microsoft.Authorization/roleDefinitions\",\"name\":\"7ca78c08-252a-4471-8644-bb5ff32d4ba0\"\
        },{\"properties\":{\"roleName\":\"Security Manager\",\"type\":\"BuiltInRole\"\
        ,\"description\":\"Lets you manage security components, security policies\
        \ and virtual machines\",\"assignableScopes\":[\"/\"],\"permissions\":[{\"\
        actions\":[\"Microsoft.Authorization/*/read\",\"Microsoft.ClassicCompute/*/read\"\
        ,\"Microsoft.ClassicCompute/virtualMachines/*/write\",\"Microsoft.ClassicNetwork/*/read\"\
        ,\"Microsoft.Insights/alertRules/*\",\"Microsoft.ResourceHealth/availabilityStatuses/read\"\
        ,\"Microsoft.Resources/deployments/*\",\"Microsoft.Resources/subscriptions/00000000-0000-0000-0000-000000000000/read\"\
        ,\"Microsoft.Security/*\",\"Microsoft.Support/*\"],\"notActions\":[]}],\"\
        createdOn\":\"2015-06-22T17:45:15.8986455Z\",\"updatedOn\":\"2016-05-31T23:14:03.5656122Z\"\
        ,\"createdBy\":null,\"updatedBy\":null},\"id\":\"/subscriptions/00000000-0000-0000-0000-000000000000/providers/Microsoft.Authorization/roleDefinitions/e3d13bf0-dd5a-482e-ba6b-9b8433878d10\"\
        ,\"type\":\"Microsoft.Authorization/roleDefinitions\",\"name\":\"e3d13bf0-dd5a-482e-ba6b-9b8433878d10\"\
        },{\"properties\":{\"roleName\":\"SQL DB Contributor\",\"type\":\"BuiltInRole\"\
        ,\"description\":\"Lets you manage SQL databases, but not access to them.\
        \ Also, you can't manage their security-related policies or their parent SQL\
        \ servers.\",\"assignableScopes\":[\"/\"],\"permissions\":[{\"actions\":[\"\
        Microsoft.Authorization/*/read\",\"Microsoft.Insights/alertRules/*\",\"Microsoft.ResourceHealth/availabilityStatuses/read\"\
        ,\"Microsoft.Resources/deployments/*\",\"Microsoft.Resources/subscriptions/00000000-0000-0000-0000-000000000000/read\"\
        ,\"Microsoft.Sql/servers/databases/*\",\"Microsoft.Sql/servers/read\",\"Microsoft.Support/*\"\
        ],\"notActions\":[\"Microsoft.Sql/servers/databases/auditingPolicies/*\",\"\
        Microsoft.Sql/servers/databases/auditingSettings/*\",\"Microsoft.Sql/servers/databases/auditRecords/read\"\
        ,\"Microsoft.Sql/servers/databases/connectionPolicies/*\",\"Microsoft.Sql/servers/databases/dataMaskingPolicies/*\"\
        ,\"Microsoft.Sql/servers/databases/securityAlertPolicies/*\",\"Microsoft.Sql/servers/databases/securityMetrics/*\"\
        ]}],\"createdOn\":\"0001-01-01T08:00:00.0000000Z\",\"updatedOn\":\"2016-08-03T17:15:54.7912113Z\"\
        ,\"createdBy\":null,\"updatedBy\":null},\"id\":\"/subscriptions/00000000-0000-0000-0000-000000000000/providers/Microsoft.Authorization/roleDefinitions/9b7fa17d-e63e-47b0-bb0a-15c516ac86ec\"\
        ,\"type\":\"Microsoft.Authorization/roleDefinitions\",\"name\":\"9b7fa17d-e63e-47b0-bb0a-15c516ac86ec\"\
        },{\"properties\":{\"roleName\":\"SQL Security Manager\",\"type\":\"BuiltInRole\"\
        ,\"description\":\"Lets you manage the security-related policies of SQL servers\
        \ and databases, but not access to them.\",\"assignableScopes\":[\"/\"],\"\
        permissions\":[{\"actions\":[\"Microsoft.Authorization/*/read\",\"Microsoft.Insights/alertRules/*\"\
        ,\"Microsoft.ResourceHealth/availabilityStatuses/read\",\"Microsoft.Resources/deployments/*\"\
        ,\"Microsoft.Resources/subscriptions/00000000-0000-0000-0000-000000000000/read\"\
        ,\"Microsoft.Sql/servers/auditingPolicies/*\",\"Microsoft.Sql/servers/auditingSettings/*\"\
        ,\"Microsoft.Sql/servers/databases/auditingPolicies/*\",\"Microsoft.Sql/servers/databases/auditingSettings/*\"\
        ,\"Microsoft.Sql/servers/databases/auditRecords/read\",\"Microsoft.Sql/servers/databases/connectionPolicies/*\"\
        ,\"Microsoft.Sql/servers/databases/dataMaskingPolicies/*\",\"Microsoft.Sql/servers/databases/read\"\
        ,\"Microsoft.Sql/servers/databases/schemas/read\",\"Microsoft.Sql/servers/databases/schemas/tables/columns/read\"\
        ,\"Microsoft.Sql/servers/databases/schemas/tables/read\",\"Microsoft.Sql/servers/databases/securityAlertPolicies/*\"\
        ,\"Microsoft.Sql/servers/databases/securityMetrics/*\",\"Microsoft.Sql/servers/read\"\
        ,\"Microsoft.Sql/servers/securityAlertPolicies/*\",\"Microsoft.Support/*\"\
        ],\"notActions\":[]}],\"createdOn\":\"0001-01-01T08:00:00.0000000Z\",\"updatedOn\"\
        :\"2016-08-03T17:23:09.1917854Z\",\"createdBy\":null,\"updatedBy\":null},\"\
        id\":\"/subscriptions/00000000-0000-0000-0000-000000000000/providers/Microsoft.Authorization/roleDefinitions/056cd41c-7e88-42e1-933e-88ba6a50c9c3\"\
        ,\"type\":\"Microsoft.Authorization/roleDefinitions\",\"name\":\"056cd41c-7e88-42e1-933e-88ba6a50c9c3\"\
        },{\"properties\":{\"roleName\":\"SQL Server Contributor\",\"type\":\"BuiltInRole\"\
        ,\"description\":\"Lets you manage SQL servers and databases, but not access\
        \ to them, and not their security -related policies.\",\"assignableScopes\"\
        :[\"/\"],\"permissions\":[{\"actions\":[\"Microsoft.Authorization/*/read\"\
        ,\"Microsoft.Insights/alertRules/*\",\"Microsoft.ResourceHealth/availabilityStatuses/read\"\
        ,\"Microsoft.Resources/deployments/*\",\"Microsoft.Resources/subscriptions/00000000-0000-0000-0000-000000000000/read\"\
        ,\"Microsoft.Sql/servers/*\",\"Microsoft.Support/*\"],\"notActions\":[\"Microsoft.Sql/servers/auditingPolicies/*\"\
        ,\"Microsoft.Sql/servers/auditingSettings/*\",\"Microsoft.Sql/servers/databases/auditingPolicies/*\"\
        ,\"Microsoft.Sql/servers/databases/auditingSettings/*\",\"Microsoft.Sql/servers/databases/auditRecords/read\"\
        ,\"Microsoft.Sql/servers/databases/connectionPolicies/*\",\"Microsoft.Sql/servers/databases/dataMaskingPolicies/*\"\
        ,\"Microsoft.Sql/servers/databases/securityAlertPolicies/*\",\"Microsoft.Sql/servers/databases/securityMetrics/*\"\
        ,\"Microsoft.Sql/servers/securityAlertPolicies/*\"]}],\"createdOn\":\"0001-01-01T08:00:00.0000000Z\"\
        ,\"updatedOn\":\"2016-08-03T17:19:54.8666727Z\",\"createdBy\":null,\"updatedBy\"\
        :null},\"id\":\"/subscriptions/00000000-0000-0000-0000-000000000000/providers/Microsoft.Authorization/roleDefinitions/6d8ee4ec-f05a-4a1d-8b00-a9b17e38b437\"\
        ,\"type\":\"Microsoft.Authorization/roleDefinitions\",\"name\":\"6d8ee4ec-f05a-4a1d-8b00-a9b17e38b437\"\
        },{\"properties\":{\"roleName\":\"Storage Account Contributor\",\"type\":\"\
        BuiltInRole\",\"description\":\"Lets you manage storage accounts, but not\
        \ access to them.\",\"assignableScopes\":[\"/\"],\"permissions\":[{\"actions\"\
        :[\"Microsoft.Authorization/*/read\",\"Microsoft.Insights/alertRules/*\",\"\
        Microsoft.Insights/diagnosticSettings/*\",\"Microsoft.ResourceHealth/availabilityStatuses/read\"\
        ,\"Microsoft.Resources/deployments/*\",\"Microsoft.Resources/subscriptions/00000000-0000-0000-0000-000000000000/read\"\
        ,\"Microsoft.Storage/storageAccounts/*\",\"Microsoft.Support/*\"],\"notActions\"\
        :[]}],\"createdOn\":\"2015-06-02T00:18:27.3542698Z\",\"updatedOn\":\"2016-05-31T23:14:04.1004817Z\"\
        ,\"createdBy\":null,\"updatedBy\":null},\"id\":\"/subscriptions/00000000-0000-0000-0000-000000000000/providers/Microsoft.Authorization/roleDefinitions/17d1049b-9a84-46fb-8f53-869881c3d3ab\"\
        ,\"type\":\"Microsoft.Authorization/roleDefinitions\",\"name\":\"17d1049b-9a84-46fb-8f53-869881c3d3ab\"\
        },{\"properties\":{\"roleName\":\"Traffic Manager Contributor\",\"type\":\"\
        BuiltInRole\",\"description\":\"Lets you manage Traffic Manager profiles,\
        \ but does not let you control who has access to them.\",\"assignableScopes\"\
        :[\"/\"],\"permissions\":[{\"actions\":[\"Microsoft.Authorization/*/read\"\
        ,\"Microsoft.Insights/alertRules/*\",\"Microsoft.Network/trafficManagerProfiles/*\"\
        ,\"Microsoft.ResourceHealth/availabilityStatuses/read\",\"Microsoft.Resources/deployments/*\"\
        ,\"Microsoft.Resources/subscriptions/00000000-0000-0000-0000-000000000000/read\"\
        ,\"Microsoft.Support/*\"],\"notActions\":[]}],\"createdOn\":\"2015-10-15T23:33:25.9730842Z\"\
        ,\"updatedOn\":\"2016-05-31T23:13:44.1458854Z\",\"createdBy\":null,\"updatedBy\"\
        :null},\"id\":\"/subscriptions/00000000-0000-0000-0000-000000000000/providers/Microsoft.Authorization/roleDefinitions/a4b10055-b0c7-44c2-b00f-c7b5b3550cf7\"\
        ,\"type\":\"Microsoft.Authorization/roleDefinitions\",\"name\":\"a4b10055-b0c7-44c2-b00f-c7b5b3550cf7\"\
        },{\"properties\":{\"roleName\":\"User Access Administrator\",\"type\":\"\
        BuiltInRole\",\"description\":\"Lets you manage user access to Azure resources.\"\
        ,\"assignableScopes\":[\"/\"],\"permissions\":[{\"actions\":[\"*/read\",\"\
        Microsoft.Authorization/*\",\"Microsoft.Support/*\"],\"notActions\":[]}],\"\
        createdOn\":\"0001-01-01T08:00:00.0000000Z\",\"updatedOn\":\"2016-05-31T23:14:04.6964687Z\"\
        ,\"createdBy\":null,\"updatedBy\":null},\"id\":\"/subscriptions/00000000-0000-0000-0000-000000000000/providers/Microsoft.Authorization/roleDefinitions/18d7d88d-d35e-4fb5-a5c3-7773c20a72d9\"\
        ,\"type\":\"Microsoft.Authorization/roleDefinitions\",\"name\":\"18d7d88d-d35e-4fb5-a5c3-7773c20a72d9\"\
        },{\"properties\":{\"roleName\":\"Virtual Machine Contributor\",\"type\":\"\
        BuiltInRole\",\"description\":\"Lets you manage virtual machines, but not\
        \ access to them, and not the virtual network or storage account they\uFFFD\
        re connected to.\",\"assignableScopes\":[\"/\"],\"permissions\":[{\"actions\"\
        :[\"Microsoft.Authorization/*/read\",\"Microsoft.Compute/availabilitySets/*\"\
        ,\"Microsoft.Compute/locations/*\",\"Microsoft.Compute/virtualMachines/*\"\
        ,\"Microsoft.Compute/virtualMachineScaleSets/*\",\"Microsoft.Insights/alertRules/*\"\
        ,\"Microsoft.Network/applicationGateways/backendAddressPools/join/action\"\
        ,\"Microsoft.Network/loadBalancers/backendAddressPools/join/action\",\"Microsoft.Network/loadBalancers/inboundNatPools/join/action\"\
        ,\"Microsoft.Network/loadBalancers/inboundNatRules/join/action\",\"Microsoft.Network/loadBalancers/read\"\
        ,\"Microsoft.Network/locations/*\",\"Microsoft.Network/networkInterfaces/*\"\
        ,\"Microsoft.Network/networkSecurityGroups/join/action\",\"Microsoft.Network/networkSecurityGroups/read\"\
        ,\"Microsoft.Network/publicIPAddresses/join/action\",\"Microsoft.Network/publicIPAddresses/read\"\
        ,\"Microsoft.Network/virtualNetworks/read\",\"Microsoft.Network/virtualNetworks/subnets/join/action\"\
        ,\"Microsoft.RecoveryServices/locations/*\",\"Microsoft.RecoveryServices/Vaults/backupFabrics/protectionContainers/protectedItems/*/read\"\
        ,\"Microsoft.RecoveryServices/Vaults/backupFabrics/protectionContainers/protectedItems/read\"\
        ,\"Microsoft.RecoveryServices/Vaults/backupFabrics/protectionContainers/protectedItems/write\"\
        ,\"Microsoft.RecoveryServices/Vaults/backupPolicies/read\",\"Microsoft.RecoveryServices/Vaults/backupPolicies/write\"\
        ,\"Microsoft.RecoveryServices/Vaults/read\",\"Microsoft.RecoveryServices/Vaults/usages/read\"\
        ,\"Microsoft.RecoveryServices/Vaults/write\",\"Microsoft.ResourceHealth/availabilityStatuses/read\"\
        ,\"Microsoft.Resources/deployments/*\",\"Microsoft.Resources/subscriptions/00000000-0000-0000-0000-000000000000/read\"\
        ,\"Microsoft.Storage/storageAccounts/listKeys/action\",\"Microsoft.Storage/storageAccounts/read\"\
        ,\"Microsoft.Support/*\"],\"notActions\":[]}],\"createdOn\":\"2015-06-02T00:18:27.3542698Z\"\
        ,\"updatedOn\":\"2016-11-15T23:23:01.5203888Z\",\"createdBy\":null,\"updatedBy\"\
        :null},\"id\":\"/subscriptions/00000000-0000-0000-0000-000000000000/providers/Microsoft.Authorization/roleDefinitions/9980e02c-c2be-4d73-94e8-173b1dc7cf3c\"\
        ,\"type\":\"Microsoft.Authorization/roleDefinitions\",\"name\":\"9980e02c-c2be-4d73-94e8-173b1dc7cf3c\"\
        },{\"properties\":{\"roleName\":\"Web Plan Contributor\",\"type\":\"BuiltInRole\"\
        ,\"description\":\"Lets you manage the web plans for websites, but not access\
        \ to them.\",\"assignableScopes\":[\"/\"],\"permissions\":[{\"actions\":[\"\
        Microsoft.Authorization/*/read\",\"Microsoft.Insights/alertRules/*\",\"Microsoft.ResourceHealth/availabilityStatuses/read\"\
        ,\"Microsoft.Resources/deployments/*\",\"Microsoft.Resources/subscriptions/00000000-0000-0000-0000-000000000000/read\"\
        ,\"Microsoft.Support/*\",\"Microsoft.Web/serverFarms/*\"],\"notActions\":[]}],\"\
        createdOn\":\"0001-01-01T08:00:00.0000000Z\",\"updatedOn\":\"2016-05-31T23:14:05.9401651Z\"\
        ,\"createdBy\":null,\"updatedBy\":null},\"id\":\"/subscriptions/00000000-0000-0000-0000-000000000000/providers/Microsoft.Authorization/roleDefinitions/2cc479cb-7b4d-49a8-b449-8c00fd0f0a4b\"\
        ,\"type\":\"Microsoft.Authorization/roleDefinitions\",\"name\":\"2cc479cb-7b4d-49a8-b449-8c00fd0f0a4b\"\
        },{\"properties\":{\"roleName\":\"Website Contributor\",\"type\":\"BuiltInRole\"\
        ,\"description\":\"Lets you manage websites (not web plans), but not access\
        \ to them.\",\"assignableScopes\":[\"/\"],\"permissions\":[{\"actions\":[\"\
        Microsoft.Authorization/*/read\",\"Microsoft.Insights/alertRules/*\",\"Microsoft.Insights/components/*\"\
        ,\"Microsoft.ResourceHealth/availabilityStatuses/read\",\"Microsoft.Resources/deployments/*\"\
        ,\"Microsoft.Resources/subscriptions/00000000-0000-0000-0000-000000000000/read\"\
        ,\"Microsoft.Support/*\",\"Microsoft.Web/certificates/*\",\"Microsoft.Web/listSitesAssignedToHostName/read\"\
        ,\"Microsoft.Web/serverFarms/join/action\",\"Microsoft.Web/serverFarms/read\"\
        ,\"Microsoft.Web/sites/*\"],\"notActions\":[]}],\"createdOn\":\"0001-01-01T08:00:00.0000000Z\"\
        ,\"updatedOn\":\"2016-05-31T23:14:06.5272742Z\",\"createdBy\":null,\"updatedBy\"\
        :null},\"id\":\"/subscriptions/00000000-0000-0000-0000-000000000000/providers/Microsoft.Authorization/roleDefinitions/de139f84-1756-47ae-9be6-808fbbe84772\"\
        ,\"type\":\"Microsoft.Authorization/roleDefinitions\",\"name\":\"de139f84-1756-47ae-9be6-808fbbe84772\"\
        }],\"nextLink\":null}"}
    headers:
      Cache-Control: [no-cache]
      Content-Type: [application/json; charset=utf-8]
      Date: ['Wed, 07 Dec 2016 20:41:45 GMT']
      Expires: ['-1']
      Pragma: [no-cache]
      Server: [Microsoft-IIS/8.5]
      Set-Cookie: [x-ms-gateway-slice=productionb; path=/]
      Strict-Transport-Security: [max-age=31536000; includeSubDomains]
      Transfer-Encoding: [chunked]
      Vary: [Accept-Encoding]
      X-Content-Type-Options: [nosniff]
      X-Powered-By: [ASP.NET]
      content-length: ['46733']
    status: {code: 200, message: OK}
- request:
    body: '{"objectIds": ["5440acd7-e9c6-4119-a4b8-e3f957adcf2e"], "includeDirectoryObjectReferences":
      true}'
    headers:
      Accept: [application/json]
      Accept-Encoding: ['gzip, deflate']
      CommandName: [role assignment list]
      Connection: [keep-alive]
      Content-Length: ['97']
      Content-Type: [application/json; charset=utf-8]
      User-Agent: [python/3.5.0 (Windows-10.0.14393) requests/2.9.1 msrest/0.4.4 msrest_azure/0.4.3
          graphrbacmanagementclient/0.30.0rc6 Azure-SDK-For-Python AZURECLI/0.1.0b10]
      accept-language: [en-US]
      x-ms-client-request-id: [866fd340-bcbd-11e6-8ea0-64510658e3b3]
    method: POST
    uri: https://graph.windows.net/00000000-0000-0000-0000-000000000000/getObjectsByObjectIds?api-version=1.6-internal
  response:
    body: {string: '{"odata.metadata":"https://graph.windows.net/54826b22-38d6-4fb2-bad9-b7b93a3e9c5a/$metadata#directoryObjects","value":[{"odata.type":"Microsoft.DirectoryServices.ServicePrincipal","objectType":"ServicePrincipal","objectId":"5440acd7-e9c6-4119-a4b8-e3f957adcf2e","deletionTimestamp":null,"accountEnabled":true,"appBranding":null,"appCategory":null,"appData":null,"appDisplayName":"azure-cli-2016-12-07-20-41-30","appId":"e7596e42-db1b-4a4e-8ab5-ad6fac2c1bcb","appMetadata":null,"appOwnerTenantId":"54826b22-38d6-4fb2-bad9-b7b93a3e9c5a","appRoleAssignmentRequired":false,"appRoles":[],"authenticationPolicy":null,"displayName":"azure-cli-2016-12-07-20-41-30","errorUrl":null,"homepage":"http://azure-cli-2016-12-07-20-41-30","keyCredentials":[],"logoutUrl":null,"microsoftFirstParty":null,"oauth2Permissions":[{"adminConsentDescription":"Allow
        the application to access azure-cli-2016-12-07-20-41-30 on behalf of the signed-in
        user.","adminConsentDisplayName":"Access azure-cli-2016-12-07-20-41-30","id":"002d03af-854f-4b81-9072-d72a40d5d447","isEnabled":true,"lang":null,"origin":"Application","type":"User","userConsentDescription":"Allow
        the application to access azure-cli-2016-12-07-20-41-30 on your behalf.","userConsentDisplayName":"Access
        azure-cli-2016-12-07-20-41-30","value":"user_impersonation"}],"passwordCredentials":[],"preferredTokenSigningKeyThumbprint":null,"publisherName":"AzureSDKTeam","replyUrls":[],"samlMetadataUrl":null,"servicePrincipalNames":["http://cli_create_rbac_sp","e7596e42-db1b-4a4e-8ab5-ad6fac2c1bcb"],"tags":[],"useCustomTokenSigningKey":null}]}'}
    headers:
      Access-Control-Allow-Origin: ['*']
      Cache-Control: [no-cache]
      Content-Length: ['1580']
      Content-Type: [application/json;odata=minimalmetadata;streaming=true;charset=utf-8]
      DataServiceVersion: [3.0;]
      Date: ['Wed, 07 Dec 2016 20:41:45 GMT']
      Duration: ['1984310']
      Expires: ['-1']
      Pragma: [no-cache]
      Server: [Microsoft-IIS/8.5]
      Strict-Transport-Security: [max-age=31536000; includeSubDomains]
      X-AspNet-Version: [4.0.30319]
      X-Content-Type-Options: [nosniff]
      X-Powered-By: [ASP.NET, ASP.NET]
      ocp-aad-diagnostics-server-name: [kizqbWR/KeylpM8cFecPprS5E/uaQ4yALSy/Hz4fcwc=]
      ocp-aad-session-key: [x97pXsbrKUknznd_N1fm7ENDx7ED8Nd-6NcVDZaLWIU53Qt2j4C2V8VjtpWJH_qlKhV9nxijswq6887rjxevGLf59s2JeGIarjq2Q4z8hv0RmKV45PtQFgGT1e8hYHs0hvfFplsnEwwOA2-6glehHQ.n3SmuoApnJ1f9DiK4nF7xjlcXZtheM81a1JmQezjK64]
      request-id: [31528239-fc65-46ba-b6e0-631dd5447f41]
      x-ms-dirapi-data-contract-version: [1.6-internal]
    status: {code: 200, message: OK}
- request:
    body: null
    headers:
      Accept: [application/json]
      Accept-Encoding: ['gzip, deflate']
      CommandName: [role assignment delete]
      Connection: [keep-alive]
      Content-Type: [application/json; charset=utf-8]
      User-Agent: [python/3.5.0 (Windows-10.0.14393) requests/2.9.1 msrest/0.4.4 msrest_azure/0.4.3
          graphrbacmanagementclient/0.30.0rc6 Azure-SDK-For-Python AZURECLI/0.1.0b10]
      accept-language: [en-US]
      x-ms-client-request-id: [866fd340-bcbd-11e6-8ea0-64510658e3b3]
    method: GET
    uri: https://graph.windows.net/00000000-0000-0000-0000-000000000000/servicePrincipals?$filter=servicePrincipalNames%2Fany%28c%3Ac%20eq%20%27http%3A%2F%2Fcli_create_rbac_sp%27%29&api-version=1.6
  response:
    body: {string: '{"odata.metadata":"https://graph.windows.net/54826b22-38d6-4fb2-bad9-b7b93a3e9c5a/$metadata#directoryObjects/Microsoft.DirectoryServices.ServicePrincipal","value":[{"odata.type":"Microsoft.DirectoryServices.ServicePrincipal","objectType":"ServicePrincipal","objectId":"5440acd7-e9c6-4119-a4b8-e3f957adcf2e","deletionTimestamp":null,"accountEnabled":true,"addIns":[],"alternativeNames":[],"appDisplayName":"azure-cli-2016-12-07-20-41-30","appId":"e7596e42-db1b-4a4e-8ab5-ad6fac2c1bcb","appOwnerTenantId":"54826b22-38d6-4fb2-bad9-b7b93a3e9c5a","appRoleAssignmentRequired":false,"appRoles":[],"displayName":"azure-cli-2016-12-07-20-41-30","errorUrl":null,"homepage":"http://azure-cli-2016-12-07-20-41-30","keyCredentials":[],"logoutUrl":null,"oauth2Permissions":[{"adminConsentDescription":"Allow
        the application to access azure-cli-2016-12-07-20-41-30 on behalf of the signed-in
        user.","adminConsentDisplayName":"Access azure-cli-2016-12-07-20-41-30","id":"002d03af-854f-4b81-9072-d72a40d5d447","isEnabled":true,"type":"User","userConsentDescription":"Allow
        the application to access azure-cli-2016-12-07-20-41-30 on your behalf.","userConsentDisplayName":"Access
        azure-cli-2016-12-07-20-41-30","value":"user_impersonation"}],"passwordCredentials":[],"preferredTokenSigningKeyThumbprint":null,"publisherName":"AzureSDKTeam","replyUrls":[],"samlMetadataUrl":null,"servicePrincipalNames":["http://cli_create_rbac_sp","e7596e42-db1b-4a4e-8ab5-ad6fac2c1bcb"],"servicePrincipalType":"Application","tags":[]}]}'}
    headers:
      Access-Control-Allow-Origin: ['*']
      Cache-Control: [no-cache]
      Content-Length: ['1502']
      Content-Type: [application/json;odata=minimalmetadata;streaming=true;charset=utf-8]
      DataServiceVersion: [3.0;]
      Date: ['Wed, 07 Dec 2016 20:41:46 GMT']
      Duration: ['1406658']
      Expires: ['-1']
      Pragma: [no-cache]
      Server: [Microsoft-IIS/8.5]
      Strict-Transport-Security: [max-age=31536000; includeSubDomains]
      X-AspNet-Version: [4.0.30319]
      X-Content-Type-Options: [nosniff]
      X-Powered-By: [ASP.NET, ASP.NET]
      ocp-aad-diagnostics-server-name: [cacoZvdto6Z3Whgt2xq+Z1yMQXMysjJ+dwSlYIYTsB8=]
      ocp-aad-session-key: [PAoJ861EEr5sqtraUxlhSjfW4z2Gh1XrMqfjqHV5C_cEcDf1BWDK6HycgcOyFp1YEpm5uT48D8J_87iQZrDy9XO8r2f7mrgU9pDWDrvu0fI-BXLSsfT2Zrmx5D_pshtZht74do2V0B7H4ZeEy31M0Q.Ak3n89vyrukQemwaGaw2Fren1AgtBGCGZtP9AlJ3Ykg]
      request-id: [e89ff322-fa6a-417b-bd27-bee4b654541c]
      x-ms-dirapi-data-contract-version: ['1.6']
    status: {code: 200, message: OK}
- request:
    body: null
    headers:
      Accept: [application/json]
      Accept-Encoding: ['gzip, deflate']
      Connection: [keep-alive]
      Content-Type: [application/json; charset=utf-8]
      User-Agent: [python/3.5.0 (Windows-10.0.14393) requests/2.9.1 msrest/0.4.4 msrest_azure/0.4.3
          authorizationmanagementclient/0.30.0rc6 Azure-SDK-For-Python AZURECLI/TEST/0.1.0b10]
      accept-language: [en-US]
      x-ms-client-request-id: [92857052-bcbd-11e6-90ab-64510658e3b3]
    method: GET
    uri: https://management.azure.com/subscriptions/00000000-0000-0000-0000-000000000000/providers/Microsoft.Authorization/roleAssignments?$filter=principalId%20eq%20%275440acd7-e9c6-4119-a4b8-e3f957adcf2e%27&api-version=2015-07-01
  response:
    body: {string: '{"value":[{"properties":{"roleDefinitionId":"/subscriptions/00000000-0000-0000-0000-000000000000/providers/Microsoft.Authorization/roleDefinitions/b24988ac-6180-42a0-ab88-20f7382dd24c","principalId":"5440acd7-e9c6-4119-a4b8-e3f957adcf2e","scope":"/subscriptions/00000000-0000-0000-0000-000000000000/subscriptions/0b1f6471-1bf0-4dda-aec3-cb9272f09590/providers/Microsoft.Authorization/roleAssignments/21f65a86-d2a0-4336-89ed-48066abfde39","type":"Microsoft.Authorization/roleAssignments","name":"21f65a86-d2a0-4336-89ed-48066abfde39"},{"properties":{"roleDefinitionId":"/subscriptions/00000000-0000-0000-0000-000000000000/providers/Microsoft.Authorization/roleDefinitions/b24988ac-6180-42a0-ab88-20f7382dd24c","principalId":"5440acd7-e9c6-4119-a4b8-e3f957adcf2e","scope":"/subscriptions/00000000-0000-0000-0000-000000000000/resourceGroups/cli_create_rbac_sp","createdOn":"2016-12-07T20:41:42.3705810Z","updatedOn":"2016-12-07T20:41:42.3705810Z","createdBy":"e7e158d3-7cdc-47cd-8825-5859d7ab2b55","updatedBy":"e7e158d3-7cdc-47cd-8825-5859d7ab2b55"},"id":"/subscriptions/00000000-0000-0000-0000-000000000000/resourceGroups/cli_create_rbac_sp/providers/Microsoft.Authorization/roleAssignments/fed95984-bcbf-4e39-8f1e-f6d6d1808132","type":"Microsoft.Authorization/roleAssignments","name":"fed95984-bcbf-4e39-8f1e-f6d6d1808132"}],"nextLink":null}'}
    headers:
      Cache-Control: [no-cache]
      Content-Type: [application/json; charset=utf-8]
      Date: ['Wed, 07 Dec 2016 20:41:46 GMT']
      Expires: ['-1']
      Pragma: [no-cache]
      Server: [Microsoft-IIS/8.5]
      Set-Cookie: [x-ms-gateway-slice=productionb; path=/]
      Strict-Transport-Security: [max-age=31536000; includeSubDomains]
      Transfer-Encoding: [chunked]
      Vary: [Accept-Encoding]
      X-Content-Type-Options: [nosniff]
      X-Powered-By: [ASP.NET]
      content-length: ['1537']
    status: {code: 200, message: OK}
- request:
    body: null
    headers:
      Accept: [application/json]
      Accept-Encoding: ['gzip, deflate']
      Connection: [keep-alive]
      Content-Length: ['0']
      Content-Type: [application/json; charset=utf-8]
      User-Agent: [python/3.5.0 (Windows-10.0.14393) requests/2.9.1 msrest/0.4.4 msrest_azure/0.4.3
          authorizationmanagementclient/0.30.0rc6 Azure-SDK-For-Python AZURECLI/TEST/0.1.0b10]
      accept-language: [en-US]
      x-ms-client-request-id: [92a29af0-bcbd-11e6-a932-64510658e3b3]
    method: DELETE
    uri: https://management.azure.com/subscriptions/00000000-0000-0000-0000-000000000000/resourceGroups/cli_create_rbac_sp/providers/Microsoft.Authorization/roleAssignments/fed95984-bcbf-4e39-8f1e-f6d6d1808132?api-version=2015-07-01
  response:
    body: {string: '{"properties":{"roleDefinitionId":"/subscriptions/00000000-0000-0000-0000-000000000000/providers/Microsoft.Authorization/roleDefinitions/b24988ac-6180-42a0-ab88-20f7382dd24c","principalId":"5440acd7-e9c6-4119-a4b8-e3f957adcf2e","scope":"/subscriptions/00000000-0000-0000-0000-000000000000/resourceGroups/cli_create_rbac_sp","createdOn":"2016-12-07T20:41:42.3705810Z","updatedOn":"2016-12-07T20:41:42.3705810Z","createdBy":"e7e158d3-7cdc-47cd-8825-5859d7ab2b55","updatedBy":"e7e158d3-7cdc-47cd-8825-5859d7ab2b55"},"id":"/subscriptions/00000000-0000-0000-0000-000000000000/resourceGroups/cli_create_rbac_sp/providers/Microsoft.Authorization/roleAssignments/fed95984-bcbf-4e39-8f1e-f6d6d1808132","type":"Microsoft.Authorization/roleAssignments","name":"fed95984-bcbf-4e39-8f1e-f6d6d1808132"}'}
    headers:
      Cache-Control: [no-cache]
      Content-Type: [application/json; charset=utf-8]
      Date: ['Wed, 07 Dec 2016 20:41:48 GMT']
      Expires: ['-1']
      Pragma: [no-cache]
      Server: [Microsoft-IIS/8.5]
      Set-Cookie: [x-ms-gateway-slice=productionb; path=/]
      Strict-Transport-Security: [max-age=31536000; includeSubDomains]
      Transfer-Encoding: [chunked]
      Vary: [Accept-Encoding]
      X-Content-Type-Options: [nosniff]
      X-Powered-By: [ASP.NET]
      content-length: ['788']
      x-ms-ratelimit-remaining-subscription-writes: ['1198']
    status: {code: 200, message: OK}
- request:
    body: null
    headers:
      Accept: [application/json]
      Accept-Encoding: ['gzip, deflate']
      CommandName: [role assignment delete]
      Connection: [keep-alive]
      Content-Type: [application/json; charset=utf-8]
      User-Agent: [python/3.5.0 (Windows-10.0.14393) requests/2.9.1 msrest/0.4.4 msrest_azure/0.4.3
          graphrbacmanagementclient/0.30.0rc6 Azure-SDK-For-Python AZURECLI/0.1.0b10]
      accept-language: [en-US]
      x-ms-client-request-id: [866fd340-bcbd-11e6-8ea0-64510658e3b3]
    method: GET
    uri: https://graph.windows.net/00000000-0000-0000-0000-000000000000/servicePrincipals?$filter=servicePrincipalNames%2Fany%28c%3Ac%20eq%20%27http%3A%2F%2Fcli_create_rbac_sp%27%29&api-version=1.6
  response:
    body: {string: '{"odata.metadata":"https://graph.windows.net/54826b22-38d6-4fb2-bad9-b7b93a3e9c5a/$metadata#directoryObjects/Microsoft.DirectoryServices.ServicePrincipal","value":[{"odata.type":"Microsoft.DirectoryServices.ServicePrincipal","objectType":"ServicePrincipal","objectId":"5440acd7-e9c6-4119-a4b8-e3f957adcf2e","deletionTimestamp":null,"accountEnabled":true,"addIns":[],"alternativeNames":[],"appDisplayName":"azure-cli-2016-12-07-20-41-30","appId":"e7596e42-db1b-4a4e-8ab5-ad6fac2c1bcb","appOwnerTenantId":"54826b22-38d6-4fb2-bad9-b7b93a3e9c5a","appRoleAssignmentRequired":false,"appRoles":[],"displayName":"azure-cli-2016-12-07-20-41-30","errorUrl":null,"homepage":"http://azure-cli-2016-12-07-20-41-30","keyCredentials":[],"logoutUrl":null,"oauth2Permissions":[{"adminConsentDescription":"Allow
        the application to access azure-cli-2016-12-07-20-41-30 on behalf of the signed-in
        user.","adminConsentDisplayName":"Access azure-cli-2016-12-07-20-41-30","id":"002d03af-854f-4b81-9072-d72a40d5d447","isEnabled":true,"type":"User","userConsentDescription":"Allow
        the application to access azure-cli-2016-12-07-20-41-30 on your behalf.","userConsentDisplayName":"Access
        azure-cli-2016-12-07-20-41-30","value":"user_impersonation"}],"passwordCredentials":[],"preferredTokenSigningKeyThumbprint":null,"publisherName":"AzureSDKTeam","replyUrls":[],"samlMetadataUrl":null,"servicePrincipalNames":["http://cli_create_rbac_sp","e7596e42-db1b-4a4e-8ab5-ad6fac2c1bcb"],"servicePrincipalType":"Application","tags":[]}]}'}
    headers:
      Access-Control-Allow-Origin: ['*']
      Cache-Control: [no-cache]
      Content-Length: ['1502']
      Content-Type: [application/json;odata=minimalmetadata;streaming=true;charset=utf-8]
      DataServiceVersion: [3.0;]
      Date: ['Wed, 07 Dec 2016 20:41:47 GMT']
      Duration: ['1359621']
      Expires: ['-1']
      Pragma: [no-cache]
      Server: [Microsoft-IIS/8.5]
      Strict-Transport-Security: [max-age=31536000; includeSubDomains]
      X-AspNet-Version: [4.0.30319]
      X-Content-Type-Options: [nosniff]
      X-Powered-By: [ASP.NET, ASP.NET]
      ocp-aad-diagnostics-server-name: [+MzH+2dNYIt6p0PwxNqlMcq3itHIDSnhoyEZsBf+jpA=]
      ocp-aad-session-key: [nJG9N0VvqmAvVDQwnnYSYFTNVHESSHNpDl1AktuThDiXISU9jrY3NXZS_ls48heFrHCWF8vKF9UDdGsWMyF2WU3WkLTW5rMkfxEdQB_M_pfvOZj9VdmLaB1pIfv8he10R0VZlMOpJ93b9YTAzvjFjA.9scSDe-cM2-jCr_olc8NgpfVZoAB7b3xm9-ekApQZ7Q]
      request-id: [dec933ac-91d0-432b-b732-bf5e3d9cb06d]
      x-ms-dirapi-data-contract-version: ['1.6']
    status: {code: 200, message: OK}
- request:
    body: null
    headers:
      Accept: [application/json]
      Accept-Encoding: ['gzip, deflate']
      Connection: [keep-alive]
      Content-Type: [application/json; charset=utf-8]
      User-Agent: [python/3.5.0 (Windows-10.0.14393) requests/2.9.1 msrest/0.4.4 msrest_azure/0.4.3
          authorizationmanagementclient/0.30.0rc6 Azure-SDK-For-Python AZURECLI/TEST/0.1.0b10]
      accept-language: [en-US]
      x-ms-client-request-id: [936cf2e8-bcbd-11e6-8c6d-64510658e3b3]
    method: GET
    uri: https://management.azure.com/subscriptions/00000000-0000-0000-0000-000000000000/providers/Microsoft.Authorization/roleAssignments?$filter=principalId%20eq%20%275440acd7-e9c6-4119-a4b8-e3f957adcf2e%27&api-version=2015-07-01
  response:
    body: {string: '{"value":[{"properties":{"roleDefinitionId":"/subscriptions/00000000-0000-0000-0000-000000000000/providers/Microsoft.Authorization/roleDefinitions/b24988ac-6180-42a0-ab88-20f7382dd24c","principalId":"5440acd7-e9c6-4119-a4b8-e3f957adcf2e","scope":"/subscriptions/00000000-0000-0000-0000-000000000000/subscriptions/0b1f6471-1bf0-4dda-aec3-cb9272f09590/providers/Microsoft.Authorization/roleAssignments/21f65a86-d2a0-4336-89ed-48066abfde39","type":"Microsoft.Authorization/roleAssignments","name":"21f65a86-d2a0-4336-89ed-48066abfde39"}],"nextLink":null}'}
    headers:
      Cache-Control: [no-cache]
      Content-Type: [application/json; charset=utf-8]
      Date: ['Wed, 07 Dec 2016 20:41:48 GMT']
      Expires: ['-1']
      Pragma: [no-cache]
      Server: [Microsoft-IIS/8.5]
      Set-Cookie: [x-ms-gateway-slice=productionb; path=/]
      Strict-Transport-Security: [max-age=31536000; includeSubDomains]
      Transfer-Encoding: [chunked]
      Vary: [Accept-Encoding]
      X-Content-Type-Options: [nosniff]
      X-Powered-By: [ASP.NET]
      content-length: ['748']
    status: {code: 200, message: OK}
- request:
    body: null
    headers:
      Accept: [application/json]
      Accept-Encoding: ['gzip, deflate']
      Connection: [keep-alive]
      Content-Length: ['0']
      Content-Type: [application/json; charset=utf-8]
      User-Agent: [python/3.5.0 (Windows-10.0.14393) requests/2.9.1 msrest/0.4.4 msrest_azure/0.4.3
          authorizationmanagementclient/0.30.0rc6 Azure-SDK-For-Python AZURECLI/TEST/0.1.0b10]
      accept-language: [en-US]
      x-ms-client-request-id: [93879d58-bcbd-11e6-86ad-64510658e3b3]
    method: DELETE
    uri: https://management.azure.com/subscriptions/00000000-0000-0000-0000-000000000000/providers/Microsoft.Authorization/roleAssignments/21f65a86-d2a0-4336-89ed-48066abfde39?api-version=2015-07-01
  response:
    body: {string: '{"properties":{"roleDefinitionId":"/subscriptions/00000000-0000-0000-0000-000000000000/providers/Microsoft.Authorization/roleDefinitions/b24988ac-6180-42a0-ab88-20f7382dd24c","principalId":"5440acd7-e9c6-4119-a4b8-e3f957adcf2e","scope":"/subscriptions/00000000-0000-0000-0000-000000000000/subscriptions/0b1f6471-1bf0-4dda-aec3-cb9272f09590/providers/Microsoft.Authorization/roleAssignments/21f65a86-d2a0-4336-89ed-48066abfde39","type":"Microsoft.Authorization/roleAssignments","name":"21f65a86-d2a0-4336-89ed-48066abfde39"}'}
    headers:
      Cache-Control: [no-cache]
      Content-Type: [application/json; charset=utf-8]
      Date: ['Wed, 07 Dec 2016 20:41:49 GMT']
      Expires: ['-1']
      Pragma: [no-cache]
      Server: [Microsoft-IIS/8.5]
      Set-Cookie: [x-ms-gateway-slice=productionb; path=/]
      Strict-Transport-Security: [max-age=31536000; includeSubDomains]
      Transfer-Encoding: [chunked]
      Vary: [Accept-Encoding]
      X-Content-Type-Options: [nosniff]
      X-Powered-By: [ASP.NET]
      content-length: ['720']
      x-ms-ratelimit-remaining-subscription-writes: ['1199']
    status: {code: 200, message: OK}
- request:
    body: null
    headers:
      Accept: [application/json]
      Accept-Encoding: ['gzip, deflate']
      CommandName: [ad app delete]
      Connection: [keep-alive]
      Content-Type: [application/json; charset=utf-8]
      User-Agent: [python/3.5.0 (Windows-10.0.14393) requests/2.9.1 msrest/0.4.4 msrest_azure/0.4.3
          graphrbacmanagementclient/0.30.0rc6 Azure-SDK-For-Python AZURECLI/0.1.0b10]
      accept-language: [en-US]
      x-ms-client-request-id: [866fd340-bcbd-11e6-8ea0-64510658e3b3]
    method: GET
    uri: https://graph.windows.net/00000000-0000-0000-0000-000000000000/applications?$filter=identifierUris%2Fany%28s%3As%20eq%20%27http%3A%2F%2Fcli_create_rbac_sp%27%29&api-version=1.6
  response:
    body: {string: '{"odata.metadata":"https://graph.windows.net/54826b22-38d6-4fb2-bad9-b7b93a3e9c5a/$metadata#directoryObjects/Microsoft.DirectoryServices.Application","value":[{"odata.type":"Microsoft.DirectoryServices.Application","objectType":"Application","objectId":"ff046f95-c341-4ec2-bf18-82cc9d26e493","deletionTimestamp":null,"addIns":[],"appId":"e7596e42-db1b-4a4e-8ab5-ad6fac2c1bcb","appRoles":[],"availableToOtherTenants":false,"displayName":"azure-cli-2016-12-07-20-41-30","errorUrl":null,"groupMembershipClaims":null,"homepage":"http://azure-cli-2016-12-07-20-41-30","identifierUris":["http://cli_create_rbac_sp"],"keyCredentials":[],"knownClientApplications":[],"logoutUrl":null,"oauth2AllowImplicitFlow":false,"oauth2AllowUrlPathMatching":false,"oauth2Permissions":[{"adminConsentDescription":"Allow
        the application to access azure-cli-2016-12-07-20-41-30 on behalf of the signed-in
        user.","adminConsentDisplayName":"Access azure-cli-2016-12-07-20-41-30","id":"002d03af-854f-4b81-9072-d72a40d5d447","isEnabled":true,"type":"User","userConsentDescription":"Allow
        the application to access azure-cli-2016-12-07-20-41-30 on your behalf.","userConsentDisplayName":"Access
        azure-cli-2016-12-07-20-41-30","value":"user_impersonation"}],"oauth2RequirePostResponse":false,"passwordCredentials":[{"customKeyIdentifier":null,"endDate":"2017-12-07T20:41:30.878446Z","keyId":"e93f88d3-2e68-442e-89c0-59a958c6cd0b","startDate":"2016-12-07T20:41:30.878446Z","value":null}],"publicClient":null,"recordConsentConditions":null,"replyUrls":[],"requiredResourceAccess":[],"samlMetadataUrl":null}]}'}
    headers:
      Access-Control-Allow-Origin: ['*']
      Cache-Control: [no-cache]
      Content-Length: ['1576']
      Content-Type: [application/json;odata=minimalmetadata;streaming=true;charset=utf-8]
      DataServiceVersion: [3.0;]
      Date: ['Wed, 07 Dec 2016 20:41:51 GMT']
      Duration: ['1328090']
      Expires: ['-1']
      Pragma: [no-cache]
      Server: [Microsoft-IIS/8.5]
      Strict-Transport-Security: [max-age=31536000; includeSubDomains]
      X-AspNet-Version: [4.0.30319]
      X-Content-Type-Options: [nosniff]
      X-Powered-By: [ASP.NET, ASP.NET]
      ocp-aad-diagnostics-server-name: [Yb9aW/Jhj6Lw6czWkbHD70v8NVcJXO7JiIBvivZihyU=]
      ocp-aad-session-key: [alD7QqEBVvuyk73O68gc89Cjakjfaqr8TVd15ay5cbEBvlBuPrDV64EouTtefsDMdNKHswadf6Hwxm9f1PkHHzml1fje0DWaFUHwfG7scBLfnfBiPvxdJN7PuiPHRmBodZwaQF7jQjXywKT2riOR4w.26PCK7ZPENOWRcQ39jeUgSL6015JjMHfAV8oGoqDSDA]
      request-id: [647625ea-ba1b-40c4-9a33-a33b8c85d9ba]
      x-ms-dirapi-data-contract-version: ['1.6']
    status: {code: 200, message: OK}
- request:
    body: null
    headers:
      Accept: [application/json]
      Accept-Encoding: ['gzip, deflate']
      CommandName: [ad app delete]
      Connection: [keep-alive]
      Content-Length: ['0']
      Content-Type: [application/json; charset=utf-8]
      User-Agent: [python/3.5.0 (Windows-10.0.14393) requests/2.9.1 msrest/0.4.4 msrest_azure/0.4.3
          graphrbacmanagementclient/0.30.0rc6 Azure-SDK-For-Python AZURECLI/0.1.0b10]
      accept-language: [en-US]
      x-ms-client-request-id: [866fd340-bcbd-11e6-8ea0-64510658e3b3]
    method: DELETE
    uri: https://graph.windows.net/00000000-0000-0000-0000-000000000000/applications/ff046f95-c341-4ec2-bf18-82cc9d26e493?api-version=1.6
  response:
    body: {string: ''}
    headers:
      Access-Control-Allow-Origin: ['*']
      Cache-Control: [no-cache]
      DataServiceVersion: [1.0;]
      Date: ['Wed, 07 Dec 2016 20:41:52 GMT']
      Duration: ['3971354']
      Expires: ['-1']
      Pragma: [no-cache]
      Server: [Microsoft-IIS/8.5]
      Strict-Transport-Security: [max-age=31536000; includeSubDomains]
      X-AspNet-Version: [4.0.30319]
      X-Content-Type-Options: [nosniff]
      X-Powered-By: [ASP.NET, ASP.NET]
      ocp-aad-diagnostics-server-name: [2+eIYSD8Z5neC7dxwfkKHHZxTQx6o1ZQq4AE0IT92X8=]
      ocp-aad-session-key: [WmpWq_NsZJCP1sNwzoG8V91SxmZ3UWzk5zw6t_6Iu7P3VAC6v6axDg1TLBs0GqFeIiZXkxMUdLy1mCAQPukA2HknQoG5t1AOc0GLMtVTLWkwQRNX24H1LHlddZAN2fY7N45el6B-vpvv-_fefew5Tw.kDFYVxNhWkgj5d3NfPAjWWE0cFH0QQY0AZhUd5aDm7Y]
      request-id: [793bc559-82d2-499e-a9a1-9a6c2f267633]
      x-ms-dirapi-data-contract-version: ['1.6']
    status: {code: 204, message: No Content}
version: 1
