interactions:
- request:
    body: '{"location": "westus", "tags": {"product": "azurecli", "cause": "automation",
      "date": "2018-08-15T18:14:13Z"}}'
    headers:
      Accept: [application/json]
      Accept-Encoding: ['gzip, deflate']
      CommandName: [group create]
      Connection: [keep-alive]
      Content-Length: ['110']
      Content-Type: [application/json; charset=utf-8]
      User-Agent: [python/3.6.4 (Windows-10-10.0.14393-SP0) requests/2.19.1 msrest/0.5.3
          msrest_azure/0.4.34 resourcemanagementclient/2.0.0rc2 Azure-SDK-For-Python
          AZURECLI/2.0.44]
      accept-language: [en-US]
    method: PUT
    uri: https://management.azure.com/subscriptions/00000000-0000-0000-0000-000000000000/resourcegroups/cli_test_adls_access000001?api-version=2018-05-01
  response:
    body: {string: '{"id":"/subscriptions/00000000-0000-0000-0000-000000000000/resourceGroups/cli_test_adls_access000001","name":"cli_test_adls_access000001","location":"westus","tags":{"product":"azurecli","cause":"automation","date":"2018-08-15T18:14:13Z"},"properties":{"provisioningState":"Succeeded"}}'}
    headers:
      cache-control: [no-cache]
      content-length: ['384']
      content-type: [application/json; charset=utf-8]
      date: ['Wed, 15 Aug 2018 18:14:13 GMT']
      expires: ['-1']
      pragma: [no-cache]
      strict-transport-security: [max-age=31536000; includeSubDomains]
      x-content-type-options: [nosniff]
      x-ms-ratelimit-remaining-subscription-writes: ['1198']
    status: {code: 201, message: Created}
- request:
    body: '{"location": "eastus2", "properties": {"encryptionState": "Disabled"}}'
    headers:
      Accept: [application/json]
      Accept-Encoding: ['gzip, deflate']
      CommandName: [dls account create]
      Connection: [keep-alive]
      Content-Length: ['70']
      Content-Type: [application/json; charset=utf-8]
      User-Agent: [python/3.6.4 (Windows-10-10.0.14393-SP0) requests/2.19.1 msrest/0.5.3
          msrest_azure/0.4.34 azure-mgmt-datalake-store/0.5.0 Azure-SDK-For-Python
          AZURECLI/2.0.44]
      accept-language: [en-US]
    method: PUT
    uri: https://management.azure.com/subscriptions/00000000-0000-0000-0000-000000000000/resourceGroups/cli_test_adls_access000001/providers/Microsoft.DataLakeStore/accounts/cliadls000002?api-version=2016-11-01
  response:
    body: {string: '{"properties":{"encryptionState":"Disabled","provisioningState":"Creating","state":null,"endpoint":null,"accountId":"d22b8354-3d71-4ac1-8308-8123f3abe525"},"location":"eastus2","id":"/subscriptions/00000000-0000-0000-0000-000000000000/resourceGroups/cli_test_adls_access000001/providers/Microsoft.DataLakeStore/accounts/cliadls000002","name":"cliadls000002","type":"Microsoft.DataLakeStore/accounts"}'}
    headers:
      azure-asyncoperation: ['https://management.azure.com/subscriptions/00000000-0000-0000-0000-000000000000/providers/Microsoft.DataLakeStore/locations/eastus2/operationResults/d22b8354-3d71-4ac1-8308-8123f3abe5250?api-version=2016-11-01&expanded=true']
      cache-control: [no-cache]
      content-length: ['471']
      content-type: [application/json]
      date: ['Wed, 15 Aug 2018 18:14:15 GMT']
      expires: ['-1']
      location: ['https://management.azure.com/subscriptions/00000000-0000-0000-0000-000000000000/resourcegroups/cli_test_adls_access000001/providers/Microsoft.DataLakeStore/accounts/cliadls000002/operationresults/0?api-version=2016-11-01']
      pragma: [no-cache]
      server: [Microsoft-IIS/8.5]
      strict-transport-security: [max-age=31536000; includeSubDomains]
      x-aspnet-version: [4.0.30319]
      x-content-type-options: [nosniff]
      x-ms-ratelimit-remaining-subscription-writes: ['1199']
      x-powered-by: [ASP.NET]
    status: {code: 201, message: Created}
- request:
    body: null
    headers:
      Accept: [application/json]
      Accept-Encoding: ['gzip, deflate']
      CommandName: [dls account create]
      Connection: [keep-alive]
      User-Agent: [python/3.6.4 (Windows-10-10.0.14393-SP0) requests/2.19.1 msrest/0.5.3
          msrest_azure/0.4.34 azure-mgmt-datalake-store/0.5.0 Azure-SDK-For-Python
          AZURECLI/2.0.44]
    method: GET
    uri: https://management.azure.com/subscriptions/00000000-0000-0000-0000-000000000000/providers/Microsoft.DataLakeStore/locations/eastus2/operationResults/d22b8354-3d71-4ac1-8308-8123f3abe5250?api-version=2016-11-01&expanded=true
  response:
    body: {string: '{"status":"InProgress"}'}
    headers:
      cache-control: [no-cache]
      content-length: ['23']
      content-type: [application/json]
      date: ['Wed, 15 Aug 2018 18:14:26 GMT']
      expires: ['-1']
      pragma: [no-cache]
      server: [Microsoft-IIS/8.5]
      strict-transport-security: [max-age=31536000; includeSubDomains]
      transfer-encoding: [chunked]
      vary: [Accept-Encoding]
      x-aspnet-version: [4.0.30319]
      x-content-type-options: [nosniff]
      x-powered-by: [ASP.NET]
    status: {code: 200, message: OK}
- request:
    body: null
    headers:
      Accept: [application/json]
      Accept-Encoding: ['gzip, deflate']
      CommandName: [dls account create]
      Connection: [keep-alive]
      User-Agent: [python/3.6.4 (Windows-10-10.0.14393-SP0) requests/2.19.1 msrest/0.5.3
          msrest_azure/0.4.34 azure-mgmt-datalake-store/0.5.0 Azure-SDK-For-Python
          AZURECLI/2.0.44]
    method: GET
    uri: https://management.azure.com/subscriptions/00000000-0000-0000-0000-000000000000/providers/Microsoft.DataLakeStore/locations/eastus2/operationResults/d22b8354-3d71-4ac1-8308-8123f3abe5250?api-version=2016-11-01&expanded=true
  response:
    body: {string: '{"status":"Succeeded"}'}
    headers:
      cache-control: [no-cache]
      content-length: ['22']
      content-type: [application/json]
      date: ['Wed, 15 Aug 2018 18:14:56 GMT']
      expires: ['-1']
      pragma: [no-cache]
      server: [Microsoft-IIS/8.5]
      strict-transport-security: [max-age=31536000; includeSubDomains]
      transfer-encoding: [chunked]
      vary: [Accept-Encoding]
      x-aspnet-version: [4.0.30319]
      x-content-type-options: [nosniff]
      x-powered-by: [ASP.NET]
    status: {code: 200, message: OK}
- request:
    body: null
    headers:
      Accept: [application/json]
      Accept-Encoding: ['gzip, deflate']
      CommandName: [dls account create]
      Connection: [keep-alive]
      User-Agent: [python/3.6.4 (Windows-10-10.0.14393-SP0) requests/2.19.1 msrest/0.5.3
          msrest_azure/0.4.34 azure-mgmt-datalake-store/0.5.0 Azure-SDK-For-Python
          AZURECLI/2.0.44]
    method: GET
    uri: https://management.azure.com/subscriptions/00000000-0000-0000-0000-000000000000/resourceGroups/cli_test_adls_access000001/providers/Microsoft.DataLakeStore/accounts/cliadls000002?api-version=2016-11-01
  response:
    body: {string: '{"properties":{"firewallState":"Disabled","firewallAllowAzureIps":"Disabled","firewallAllowDataLakeAnalytics":"Disabled","firewallRules":[],"virtualNetworkRules":[],"trustedIdProviderState":"Disabled","trustedIdProviders":[],"encryptionState":"Disabled","encryptionConfig":{},"currentTier":"Consumption","newTier":"Consumption","dataLakePerformanceTierState":"Disabled","provisioningState":"Succeeded","state":"Active","endpoint":"cliadls000002.azuredatalakestore.net","accountId":"d22b8354-3d71-4ac1-8308-8123f3abe525","creationTime":"2018-08-15T18:14:16.6858672Z","lastModifiedTime":"2018-08-15T18:14:16.6858672Z"},"location":"eastus2","id":"/subscriptions/00000000-0000-0000-0000-000000000000/resourceGroups/cli_test_adls_access000001/providers/Microsoft.DataLakeStore/accounts/cliadls000002","name":"cliadls000002","type":"Microsoft.DataLakeStore/accounts"}'}
    headers:
      cache-control: [no-cache]
      content-length: ['943']
      content-type: [application/json]
      date: ['Wed, 15 Aug 2018 18:14:58 GMT']
      expires: ['-1']
      pragma: [no-cache]
      server: [Microsoft-IIS/8.5]
      strict-transport-security: [max-age=31536000; includeSubDomains]
      transfer-encoding: [chunked]
      vary: [Accept-Encoding]
      x-aspnet-version: [4.0.30319]
      x-content-type-options: [nosniff]
      x-powered-by: [ASP.NET]
    status: {code: 200, message: OK}
- request:
    body: null
    headers:
      Accept: [application/json]
      Accept-Encoding: ['gzip, deflate']
      CommandName: [dls account show]
      Connection: [keep-alive]
      Content-Type: [application/json; charset=utf-8]
      User-Agent: [python/3.6.4 (Windows-10-10.0.14393-SP0) requests/2.19.1 msrest/0.5.3
          msrest_azure/0.4.34 azure-mgmt-datalake-store/0.5.0 Azure-SDK-For-Python
          AZURECLI/2.0.44]
      accept-language: [en-US]
    method: GET
    uri: https://management.azure.com/subscriptions/00000000-0000-0000-0000-000000000000/resourceGroups/cli_test_adls_access000001/providers/Microsoft.DataLakeStore/accounts/cliadls000002?api-version=2016-11-01
  response:
    body: {string: '{"properties":{"firewallState":"Disabled","firewallAllowAzureIps":"Disabled","firewallAllowDataLakeAnalytics":"Disabled","firewallRules":[],"virtualNetworkRules":[],"trustedIdProviderState":"Disabled","trustedIdProviders":[],"encryptionState":"Disabled","encryptionConfig":{},"currentTier":"Consumption","newTier":"Consumption","dataLakePerformanceTierState":"Disabled","provisioningState":"Succeeded","state":"Active","endpoint":"cliadls000002.azuredatalakestore.net","accountId":"d22b8354-3d71-4ac1-8308-8123f3abe525","creationTime":"2018-08-15T18:14:16.6858672Z","lastModifiedTime":"2018-08-15T18:14:16.6858672Z"},"location":"eastus2","id":"/subscriptions/00000000-0000-0000-0000-000000000000/resourceGroups/cli_test_adls_access000001/providers/Microsoft.DataLakeStore/accounts/cliadls000002","name":"cliadls000002","type":"Microsoft.DataLakeStore/accounts"}'}
    headers:
      cache-control: [no-cache]
      content-length: ['943']
      content-type: [application/json]
      date: ['Wed, 15 Aug 2018 18:14:58 GMT']
      expires: ['-1']
      pragma: [no-cache]
      server: [Microsoft-IIS/8.5]
      strict-transport-security: [max-age=31536000; includeSubDomains]
      transfer-encoding: [chunked]
      vary: [Accept-Encoding]
      x-aspnet-version: [4.0.30319]
      x-content-type-options: [nosniff]
      x-powered-by: [ASP.NET]
    status: {code: 200, message: OK}
- request:
    body: null
    headers:
      Accept: ['*/*']
      Accept-Encoding: ['gzip, deflate']
      Connection: [keep-alive]
      User-Agent: [python/3.6.4 (Windows-10-10.0.14393-SP0) azure.datalake.store.lib/0.0.22
          Azure-Data-Lake-Store-SDK-For-Python]
    method: GET
    uri: https://cliadls000002.azuredatalakestore.net/webhdfs/v1/adltestfolder01?OP=GETFILESTATUS&api-version=2016-11-01
  response:
    body: {string: '{"RemoteException":{"exception":"FileNotFoundException","message":"File/Folder
        does not exist: /adltestfolder01 [a6b077e0-9b0f-4a1d-b8d3-279637a9d7b0][2018-08-15T11:15:04.6117131-07:00]","javaClassName":"java.io.FileNotFoundException"}}'}
    headers:
      cache-control: ['no-cache, no-cache, no-store, max-age=0']
      content-length: ['236']
      content-type: [application/json; charset=utf-8]
      date: ['Wed, 15 Aug 2018 18:15:03 GMT']
      expires: ['-1']
      pragma: [no-cache]
      status: ['0x8309000A']
      strict-transport-security: [max-age=15724800; includeSubDomains]
      x-content-type-options: [nosniff]
      x-ms-webhdfs-version: [17.04.24.00]
    status: {code: 404, message: Not Found}
- request:
    body: null
    headers:
      Accept: ['*/*']
      Accept-Encoding: ['gzip, deflate']
      Connection: [keep-alive]
      Content-Length: ['0']
      User-Agent: [python/3.6.4 (Windows-10-10.0.14393-SP0) azure.datalake.store.lib/0.0.22
          Azure-Data-Lake-Store-SDK-For-Python]
    method: PUT
    uri: https://cliadls000002.azuredatalakestore.net/webhdfs/v1/adltestfolder01?OP=MKDIRS&api-version=2016-11-01
  response:
    body: {string: '{"boolean":true}'}
    headers:
      cache-control: ['no-cache, no-cache, no-store, max-age=0']
      content-length: ['16']
      content-type: [application/json; charset=utf-8]
      date: ['Wed, 15 Aug 2018 18:15:04 GMT']
      expires: ['-1']
      pragma: [no-cache]
      status: ['0x0']
      strict-transport-security: [max-age=15724800; includeSubDomains]
      x-content-type-options: [nosniff]
      x-ms-webhdfs-version: [17.04.24.00]
    status: {code: 200, message: OK}
- request:
    body: null
    headers:
      Accept: ['*/*']
      Accept-Encoding: ['gzip, deflate']
      Connection: [keep-alive]
      User-Agent: [python/3.6.4 (Windows-10-10.0.14393-SP0) azure.datalake.store.lib/0.0.22
          Azure-Data-Lake-Store-SDK-For-Python]
    method: GET
    uri: https://cliadls000002.azuredatalakestore.net/webhdfs/v1/adltestfolder01?OP=GETFILESTATUS&api-version=2016-11-01
  response:
    body: {string: '{"FileStatus":{"length":0,"pathSuffix":"","type":"DIRECTORY","blockSize":0,"accessTime":1534356904746,"modificationTime":1534356904746,"replication":0,"permission":"770","owner":"ca846d27-5f6c-4e60-a68b-937ead3cb3ed","group":"ca846d27-5f6c-4e60-a68b-937ead3cb3ed","aclBit":false}}'}
    headers:
      cache-control: ['no-cache, no-cache, no-store, max-age=0']
      content-length: ['280']
      content-type: [application/json; charset=utf-8]
      date: ['Wed, 15 Aug 2018 18:15:05 GMT']
      expires: ['-1']
      pragma: [no-cache]
      status: ['0x0']
      strict-transport-security: [max-age=15724800; includeSubDomains]
      x-content-type-options: [nosniff]
      x-ms-webhdfs-version: [17.04.24.00]
    status: {code: 200, message: OK}
- request:
    body: null
    headers:
      Accept: ['*/*']
      Accept-Encoding: ['gzip, deflate']
      Connection: [keep-alive]
      Content-Length: ['0']
      User-Agent: [python/3.6.4 (Windows-10-10.0.14393-SP0) azure.datalake.store.lib/0.0.22
          Azure-Data-Lake-Store-SDK-For-Python]
    method: PUT
    uri: https://cliadls000002.azuredatalakestore.net/webhdfs/v1/adltestfolder01?OP=SETOWNER&api-version=2016-11-01&owner=6361e05d-c381-4275-a932-5535806bb323&group=80a3ed5f-959e-4696-ba3c-d3c8b2db6766
  response:
    body: {string: ''}
    headers:
      cache-control: ['no-cache, no-cache, no-store, max-age=0']
      content-length: ['0']
      date: ['Wed, 15 Aug 2018 18:15:06 GMT']
      expires: ['-1']
      pragma: [no-cache]
      status: ['0x0']
      strict-transport-security: [max-age=15724800; includeSubDomains]
      x-content-type-options: [nosniff]
      x-ms-webhdfs-version: [17.04.24.00]
    status: {code: 200, message: OK}
- request:
    body: null
    headers:
      Accept: ['*/*']
      Accept-Encoding: ['gzip, deflate']
      Connection: [keep-alive]
      User-Agent: [python/3.6.4 (Windows-10-10.0.14393-SP0) azure.datalake.store.lib/0.0.22
          Azure-Data-Lake-Store-SDK-For-Python]
    method: GET
    uri: https://cliadls000002.azuredatalakestore.net/webhdfs/v1/adltestfolder01?OP=GETFILESTATUS&api-version=2016-11-01
  response:
    body: {string: '{"FileStatus":{"length":0,"pathSuffix":"","type":"DIRECTORY","blockSize":0,"accessTime":1534356904746,"modificationTime":1534356904746,"replication":0,"permission":"770","owner":"6361e05d-c381-4275-a932-5535806bb323","group":"80a3ed5f-959e-4696-ba3c-d3c8b2db6766","aclBit":false}}'}
    headers:
      cache-control: ['no-cache, no-cache, no-store, max-age=0']
      content-length: ['280']
      content-type: [application/json; charset=utf-8]
      date: ['Wed, 15 Aug 2018 18:15:06 GMT']
      expires: ['-1']
      pragma: [no-cache]
      status: ['0x0']
      strict-transport-security: [max-age=15724800; includeSubDomains]
      x-content-type-options: [nosniff]
      x-ms-webhdfs-version: [17.04.24.00]
    status: {code: 200, message: OK}
- request:
    body: null
    headers:
      Accept: ['*/*']
      Accept-Encoding: ['gzip, deflate']
      Connection: [keep-alive]
      Content-Length: ['0']
      User-Agent: [python/3.6.4 (Windows-10-10.0.14393-SP0) azure.datalake.store.lib/0.0.22
          Azure-Data-Lake-Store-SDK-For-Python]
    method: PUT
    uri: https://cliadls000002.azuredatalakestore.net/webhdfs/v1/adltestfolder01?OP=SETPERMISSION&api-version=2016-11-01&permission=777
  response:
    body: {string: ''}
    headers:
      cache-control: ['no-cache, no-cache, no-store, max-age=0']
      content-length: ['0']
      date: ['Wed, 15 Aug 2018 18:15:07 GMT']
      expires: ['-1']
      pragma: [no-cache]
      status: ['0x0']
      strict-transport-security: [max-age=15724800; includeSubDomains]
      x-content-type-options: [nosniff]
      x-ms-webhdfs-version: [17.04.24.00]
    status: {code: 200, message: OK}
- request:
    body: null
    headers:
      Accept: ['*/*']
      Accept-Encoding: ['gzip, deflate']
      Connection: [keep-alive]
      User-Agent: [python/3.6.4 (Windows-10-10.0.14393-SP0) azure.datalake.store.lib/0.0.22
          Azure-Data-Lake-Store-SDK-For-Python]
    method: GET
    uri: https://cliadls000002.azuredatalakestore.net/webhdfs/v1/adltestfolder01?OP=GETFILESTATUS&api-version=2016-11-01
  response:
    body: {string: '{"FileStatus":{"length":0,"pathSuffix":"","type":"DIRECTORY","blockSize":0,"accessTime":1534356904746,"modificationTime":1534356904746,"replication":0,"permission":"777","owner":"6361e05d-c381-4275-a932-5535806bb323","group":"80a3ed5f-959e-4696-ba3c-d3c8b2db6766","aclBit":false}}'}
    headers:
      cache-control: ['no-cache, no-cache, no-store, max-age=0']
      content-length: ['280']
      content-type: [application/json; charset=utf-8]
      date: ['Wed, 15 Aug 2018 18:15:07 GMT']
      expires: ['-1']
      pragma: [no-cache]
      status: ['0x0']
      strict-transport-security: [max-age=15724800; includeSubDomains]
      x-content-type-options: [nosniff]
      x-ms-webhdfs-version: [17.04.24.00]
    status: {code: 200, message: OK}
- request:
    body: null
    headers:
      Accept: ['*/*']
      Accept-Encoding: ['gzip, deflate']
      Connection: [keep-alive]
      User-Agent: [python/3.6.4 (Windows-10-10.0.14393-SP0) azure.datalake.store.lib/0.0.22
          Azure-Data-Lake-Store-SDK-For-Python]
    method: GET
    uri: https://cliadls000002.azuredatalakestore.net/webhdfs/v1/adltestfolder01?OP=MSGETACLSTATUS&api-version=2016-11-01
  response:
    body: {string: '{"AclStatus":{"entries":["user::rwx","group::rwx","other::rwx"],"owner":"6361e05d-c381-4275-a932-5535806bb323","group":"80a3ed5f-959e-4696-ba3c-d3c8b2db6766","permission":"777","stickyBit":false}}'}
    headers:
      cache-control: ['no-cache, no-cache, no-store, max-age=0']
      content-length: ['196']
      content-type: [application/json; charset=utf-8]
      date: ['Wed, 15 Aug 2018 18:15:09 GMT']
      expires: ['-1']
      pragma: [no-cache]
      status: ['0x0']
      strict-transport-security: [max-age=15724800; includeSubDomains]
      x-content-type-options: [nosniff]
      x-ms-webhdfs-version: [17.04.24.00]
    status: {code: 200, message: OK}
- request:
    body: null
    headers:
      Accept: ['*/*']
      Accept-Encoding: ['gzip, deflate']
      Connection: [keep-alive]
      Content-Length: ['0']
      User-Agent: [python/3.6.4 (Windows-10-10.0.14393-SP0) azure.datalake.store.lib/0.0.22
          Azure-Data-Lake-Store-SDK-For-Python]
    method: PUT
    uri: https://cliadls000002.azuredatalakestore.net/webhdfs/v1/adltestfolder01?OP=SETACL&api-version=2016-11-01&aclSpec=user%3A%3Arwx%2Cgroup%3A%3Arwx%2Cother%3A%3Arwx%2Cuser%3A470c0ccf-c91a-4597-98cd-48507d2f1486%3Arwx
  response:
    body: {string: ''}
    headers:
      cache-control: ['no-cache, no-cache, no-store, max-age=0']
      content-length: ['0']
      contentlength: ['0']
      date: ['Wed, 15 Aug 2018 18:15:09 GMT']
      expires: ['-1']
      pragma: [no-cache]
      status: ['0x0']
      strict-transport-security: [max-age=15724800; includeSubDomains]
      x-content-type-options: [nosniff]
      x-ms-webhdfs-version: [17.04.24.00]
    status: {code: 200, message: OK}
- request:
    body: null
    headers:
      Accept: ['*/*']
      Accept-Encoding: ['gzip, deflate']
      Connection: [keep-alive]
      User-Agent: [python/3.6.4 (Windows-10-10.0.14393-SP0) azure.datalake.store.lib/0.0.22
          Azure-Data-Lake-Store-SDK-For-Python]
    method: GET
    uri: https://cliadls000002.azuredatalakestore.net/webhdfs/v1/adltestfolder01?OP=MSGETACLSTATUS&api-version=2016-11-01
  response:
    body: {string: '{"AclStatus":{"entries":["user::rwx","user:470c0ccf-c91a-4597-98cd-48507d2f1486:rwx","group::rwx","mask::rwx","other::rwx"],"owner":"6361e05d-c381-4275-a932-5535806bb323","group":"80a3ed5f-959e-4696-ba3c-d3c8b2db6766","permission":"777","stickyBit":false}}'}
    headers:
      cache-control: ['no-cache, no-cache, no-store, max-age=0']
      content-length: ['256']
      content-type: [application/json; charset=utf-8]
      date: ['Wed, 15 Aug 2018 18:15:10 GMT']
      expires: ['-1']
      pragma: [no-cache]
      status: ['0x0']
      strict-transport-security: [max-age=15724800; includeSubDomains]
      x-content-type-options: [nosniff]
      x-ms-webhdfs-version: [17.04.24.00]
    status: {code: 200, message: OK}
- request:
    body: null
    headers:
      Accept: ['*/*']
      Accept-Encoding: ['gzip, deflate']
      Connection: [keep-alive]
      Content-Length: ['0']
      User-Agent: [python/3.6.4 (Windows-10-10.0.14393-SP0) azure.datalake.store.lib/0.0.22
          Azure-Data-Lake-Store-SDK-For-Python]
    method: PUT
    uri: https://cliadls000002.azuredatalakestore.net/webhdfs/v1/adltestfolder01?OP=MODIFYACLENTRIES&api-version=2016-11-01&aclSpec=user%3A470c0ccf-c91a-4597-98cd-48507d2f1486%3A-w-
  response:
    body: {string: ''}
    headers:
      cache-control: ['no-cache, no-cache, no-store, max-age=0']
      content-length: ['0']
      contentlength: ['0']
      date: ['Wed, 15 Aug 2018 18:15:11 GMT']
      expires: ['-1']
      pragma: [no-cache]
      status: ['0x0']
      strict-transport-security: [max-age=15724800; includeSubDomains]
      x-content-type-options: [nosniff]
      x-ms-webhdfs-version: [17.04.24.00]
    status: {code: 200, message: OK}
- request:
    body: null
    headers:
      Accept: ['*/*']
      Accept-Encoding: ['gzip, deflate']
      Connection: [keep-alive]
      User-Agent: [python/3.6.4 (Windows-10-10.0.14393-SP0) azure.datalake.store.lib/0.0.22
          Azure-Data-Lake-Store-SDK-For-Python]
    method: GET
    uri: https://cliadls000002.azuredatalakestore.net/webhdfs/v1/adltestfolder01?OP=MSGETACLSTATUS&api-version=2016-11-01
  response:
    body: {string: '{"AclStatus":{"entries":["user::rwx","user:470c0ccf-c91a-4597-98cd-48507d2f1486:-w-","group::rwx","mask::rwx","other::rwx"],"owner":"6361e05d-c381-4275-a932-5535806bb323","group":"80a3ed5f-959e-4696-ba3c-d3c8b2db6766","permission":"777","stickyBit":false}}'}
    headers:
      cache-control: ['no-cache, no-cache, no-store, max-age=0']
      content-length: ['256']
      content-type: [application/json; charset=utf-8]
      date: ['Wed, 15 Aug 2018 18:15:11 GMT']
      expires: ['-1']
      pragma: [no-cache]
      status: ['0x0']
      strict-transport-security: [max-age=15724800; includeSubDomains]
      x-content-type-options: [nosniff]
      x-ms-webhdfs-version: [17.04.24.00]
    status: {code: 200, message: OK}
- request:
    body: null
    headers:
      Accept: ['*/*']
      Accept-Encoding: ['gzip, deflate']
      Connection: [keep-alive]
      Content-Length: ['0']
      User-Agent: [python/3.6.4 (Windows-10-10.0.14393-SP0) azure.datalake.store.lib/0.0.22
          Azure-Data-Lake-Store-SDK-For-Python]
    method: PUT
    uri: https://cliadls000002.azuredatalakestore.net/webhdfs/v1/adltestfolder01?OP=REMOVEACLENTRIES&api-version=2016-11-01&aclSpec=user%3A470c0ccf-c91a-4597-98cd-48507d2f1486
  response:
    body: {string: ''}
    headers:
      cache-control: ['no-cache, no-cache, no-store, max-age=0']
      content-length: ['0']
      contentlength: ['0']
      date: ['Wed, 15 Aug 2018 18:15:12 GMT']
      expires: ['-1']
      pragma: [no-cache]
      status: ['0x0']
      strict-transport-security: [max-age=15724800; includeSubDomains]
      x-content-type-options: [nosniff]
      x-ms-webhdfs-version: [17.04.24.00]
    status: {code: 200, message: OK}
- request:
    body: null
    headers:
      Accept: ['*/*']
      Accept-Encoding: ['gzip, deflate']
      Connection: [keep-alive]
      User-Agent: [python/3.6.4 (Windows-10-10.0.14393-SP0) azure.datalake.store.lib/0.0.22
          Azure-Data-Lake-Store-SDK-For-Python]
    method: GET
    uri: https://cliadls000002.azuredatalakestore.net/webhdfs/v1/adltestfolder01?OP=MSGETACLSTATUS&api-version=2016-11-01
  response:
    body: {string: '{"AclStatus":{"entries":["user::rwx","group::rwx","mask::rwx","other::rwx"],"owner":"6361e05d-c381-4275-a932-5535806bb323","group":"80a3ed5f-959e-4696-ba3c-d3c8b2db6766","permission":"777","stickyBit":false}}'}
    headers:
      cache-control: ['no-cache, no-cache, no-store, max-age=0']
      content-length: ['208']
      content-type: [application/json; charset=utf-8]
      date: ['Wed, 15 Aug 2018 18:15:12 GMT']
      expires: ['-1']
      pragma: [no-cache]
      status: ['0x0']
      strict-transport-security: [max-age=15724800; includeSubDomains]
      x-content-type-options: [nosniff]
      x-ms-webhdfs-version: [17.04.24.00]
    status: {code: 200, message: OK}
- request:
    body: null
    headers:
      Accept: ['*/*']
      Accept-Encoding: ['gzip, deflate']
      Connection: [keep-alive]
      Content-Length: ['0']
      User-Agent: [python/3.6.4 (Windows-10-10.0.14393-SP0) azure.datalake.store.lib/0.0.22
          Azure-Data-Lake-Store-SDK-For-Python]
    method: PUT
    uri: https://cliadls000002.azuredatalakestore.net/webhdfs/v1/adltestfolder01?OP=REMOVEDEFAULTACL&api-version=2016-11-01
  response:
    body: {string: ''}
    headers:
      cache-control: ['no-cache, no-cache, no-store, max-age=0']
      content-length: ['0']
      contentlength: ['0']
      date: ['Wed, 15 Aug 2018 18:15:14 GMT']
      expires: ['-1']
      pragma: [no-cache]
      status: ['0x0']
      strict-transport-security: [max-age=15724800; includeSubDomains]
      x-content-type-options: [nosniff]
      x-ms-webhdfs-version: [17.04.24.00]
    status: {code: 200, message: OK}
- request:
    body: null
    headers:
      Accept: ['*/*']
      Accept-Encoding: ['gzip, deflate']
      Connection: [keep-alive]
      User-Agent: [python/3.6.4 (Windows-10-10.0.14393-SP0) azure.datalake.store.lib/0.0.22
          Azure-Data-Lake-Store-SDK-For-Python]
    method: GET
    uri: https://cliadls000002.azuredatalakestore.net/webhdfs/v1/adltestfolder01?OP=MSGETACLSTATUS&api-version=2016-11-01
  response:
    body: {string: '{"AclStatus":{"entries":["user::rwx","group::rwx","mask::rwx","other::rwx"],"owner":"6361e05d-c381-4275-a932-5535806bb323","group":"80a3ed5f-959e-4696-ba3c-d3c8b2db6766","permission":"777","stickyBit":false}}'}
    headers:
      cache-control: ['no-cache, no-cache, no-store, max-age=0']
      content-length: ['208']
      content-type: [application/json; charset=utf-8]
      date: ['Wed, 15 Aug 2018 18:15:15 GMT']
      expires: ['-1']
      pragma: [no-cache]
      status: ['0x0']
      strict-transport-security: [max-age=15724800; includeSubDomains]
      x-content-type-options: [nosniff]
      x-ms-webhdfs-version: [17.04.24.00]
    status: {code: 200, message: OK}
- request:
    body: null
    headers:
      Accept: ['*/*']
      Accept-Encoding: ['gzip, deflate']
      Connection: [keep-alive]
      Content-Length: ['0']
      User-Agent: [python/3.6.4 (Windows-10-10.0.14393-SP0) azure.datalake.store.lib/0.0.22
          Azure-Data-Lake-Store-SDK-For-Python]
    method: PUT
    uri: https://cliadls000002.azuredatalakestore.net/webhdfs/v1/adltestfolder01?OP=REMOVEACL&api-version=2016-11-01
  response:
    body: {string: ''}
    headers:
      cache-control: ['no-cache, no-cache, no-store, max-age=0']
      content-length: ['0']
      contentlength: ['0']
      date: ['Wed, 15 Aug 2018 18:15:15 GMT']
      expires: ['-1']
      pragma: [no-cache]
      status: ['0x0']
      strict-transport-security: [max-age=15724800; includeSubDomains]
      x-content-type-options: [nosniff]
      x-ms-webhdfs-version: [17.04.24.00]
    status: {code: 200, message: OK}
- request:
    body: null
    headers:
      Accept: ['*/*']
      Accept-Encoding: ['gzip, deflate']
      Connection: [keep-alive]
      User-Agent: [python/3.6.4 (Windows-10-10.0.14393-SP0) azure.datalake.store.lib/0.0.22
          Azure-Data-Lake-Store-SDK-For-Python]
    method: GET
    uri: https://cliadls000002.azuredatalakestore.net/webhdfs/v1/adltestfolder01?OP=MSGETACLSTATUS&api-version=2016-11-01
  response:
    body: {string: '{"AclStatus":{"entries":["user::rwx","group::rwx","other::rwx"],"owner":"6361e05d-c381-4275-a932-5535806bb323","group":"80a3ed5f-959e-4696-ba3c-d3c8b2db6766","permission":"777","stickyBit":false}}'}
    headers:
      cache-control: ['no-cache, no-cache, no-store, max-age=0']
      content-length: ['196']
      content-type: [application/json; charset=utf-8]
      date: ['Wed, 15 Aug 2018 18:15:16 GMT']
      expires: ['-1']
      pragma: [no-cache]
      status: ['0x0']
      strict-transport-security: [max-age=15724800; includeSubDomains]
      x-content-type-options: [nosniff]
      x-ms-webhdfs-version: [17.04.24.00]
    status: {code: 200, message: OK}
- request:
    body: null
    headers:
      Accept: [application/json]
      Accept-Encoding: ['gzip, deflate']
      CommandName: [group delete]
      Connection: [keep-alive]
      Content-Length: ['0']
      Content-Type: [application/json; charset=utf-8]
      User-Agent: [python/3.6.4 (Windows-10-10.0.14393-SP0) requests/2.19.1 msrest/0.5.3
          msrest_azure/0.4.34 resourcemanagementclient/2.0.0rc2 Azure-SDK-For-Python
          AZURECLI/2.0.44]
      accept-language: [en-US]
    method: DELETE
    uri: https://management.azure.com/subscriptions/00000000-0000-0000-0000-000000000000/resourcegroups/cli_test_adls_access000001?api-version=2018-05-01
  response:
    body: {string: ''}
    headers:
      cache-control: [no-cache]
      content-length: ['0']
      date: ['Wed, 15 Aug 2018 18:15:18 GMT']
      expires: ['-1']
      location: ['https://management.azure.com/subscriptions/00000000-0000-0000-0000-000000000000/operationresults/eyJqb2JJZCI6IlJFU09VUkNFR1JPVVBERUxFVElPTkpPQi1DTEk6NUZURVNUOjVGQURMUzo1RkFDQ0VTU0Q3SkpOTlBTR1RHRjdNWkhWR1dBSnxFOTM1QThCMzBDRjAwMUZCLVdFU1RVUyIsImpvYkxvY2F0aW9uIjoid2VzdHVzIn0?api-version=2018-05-01']
      pragma: [no-cache]
      strict-transport-security: [max-age=31536000; includeSubDomains]
      x-content-type-options: [nosniff]
      x-ms-ratelimit-remaining-subscription-deletes: ['14999']
    status: {code: 202, message: Accepted}
version: 1
