interactions:
- request:
    body: '{"location": "eastasia", "properties": {"monitoringSettings": {"azureMonitorAlertSettings":
      {"alertsForAllJobFailures": "Enabled"}, "classicAlertSettings": {"alertsForCriticalOperations":
      "Enabled"}}}, "sku": {"name": "Standard"}}'
    headers:
      Accept:
      - application/json
      Accept-Encoding:
      - gzip, deflate
      CommandName:
      - backup vault create
      Connection:
      - keep-alive
      Content-Length:
      - '230'
      Content-Type:
      - application/json
      ParameterSetName:
      - -n -g --location
      User-Agent:
      - AZURECLI/2.38.0 azsdk-python-mgmt-recoveryservices/2.1.0 Python/3.8.5 (Windows-10-10.0.22000-SP0)
    method: PUT
    uri: https://management.azure.com/subscriptions/00000000-0000-0000-0000-000000000000/resourceGroups/clitest.rg000001/providers/Microsoft.RecoveryServices/vaults/clitest-vault000002?api-version=2022-04-01
  response:
    body:
      string: '{"location":"eastasia","name":"clitest-vault000002","etag":"W/\"datetime''2022-08-19T07%3A54%3A30.6930757Z''\"","properties":{"provisioningState":"Provisioning","privateEndpointStateForBackup":"None","privateEndpointStateForSiteRecovery":"None","networkSettings":{"publicNetworkAccess":"Enabled"},"monitoringSettings":{"azureMonitorAlertSettings":{"alertsForAllJobFailures":"Enabled"},"classicAlertSettings":{"alertsForCriticalOperations":"Enabled"}}},"id":"/subscriptions/00000000-0000-0000-0000-000000000000/resourceGroups/clitest.rg000001/providers/Microsoft.RecoveryServices/vaults/clitest-vault000002","type":"Microsoft.RecoveryServices/vaults","sku":{"name":"Standard"}}'
    headers:
      azure-asyncoperation:
      - https://management.azure.com/subscriptions/00000000-0000-0000-0000-000000000000/resourceGroups/clitest.rg000001/providers/Microsoft.RecoveryServices/vaults/clitest-vault000002/operationStatus/MjA0Nzs3NDhjY2NkYy0wMGQ5LTQxNTktOGRkZC05ODFkNzBkZmNiMGE=?api-version=2022-04-01
      cache-control:
      - no-cache
      content-length:
      - '674'
      content-type:
      - application/json; charset=utf-8
      date:
      - Fri, 19 Aug 2022 07:54:33 GMT
      expires:
      - '-1'
      pragma:
      - no-cache
      server:
      - Kestrel
      strict-transport-security:
      - max-age=31536000; includeSubDomains
      x-content-type-options:
      - nosniff
      x-ms-ratelimit-remaining-subscription-resource-requests:
      - '298'
    status:
      code: 201
      message: Created
- request:
    body: null
    headers:
      Accept:
      - '*/*'
      Accept-Encoding:
      - gzip, deflate
      CommandName:
      - backup vault create
      Connection:
      - keep-alive
      ParameterSetName:
      - -n -g --location
      User-Agent:
      - AZURECLI/2.38.0 azsdk-python-mgmt-recoveryservices/2.1.0 Python/3.8.5 (Windows-10-10.0.22000-SP0)
    method: GET
    uri: https://management.azure.com/subscriptions/00000000-0000-0000-0000-000000000000/resourceGroups/clitest.rg000001/providers/Microsoft.RecoveryServices/vaults/clitest-vault000002/operationStatus/MjA0Nzs3NDhjY2NkYy0wMGQ5LTQxNTktOGRkZC05ODFkNzBkZmNiMGE=?api-version=2022-04-01
  response:
    body:
      string: "{\r\n  \"id\": \"/subscriptions/00000000-0000-0000-0000-000000000000/resourceGroups/clitest.rg000001/providers/Microsoft.RecoveryServices/vaults/clitest-vault000002/operationStatus/MjA0Nzs3NDhjY2NkYy0wMGQ5LTQxNTktOGRkZC05ODFkNzBkZmNiMGE=\",\r\n
        \ \"name\": \"MjA0Nzs3NDhjY2NkYy0wMGQ5LTQxNTktOGRkZC05ODFkNzBkZmNiMGE=\",\r\n
        \ \"status\": \"Succeeded\",\r\n  \"percentComplete\": 0.0\r\n}"
    headers:
      cache-control:
      - no-cache
      content-length:
      - '360'
      content-type:
      - application/json; charset=utf-8
      date:
      - Fri, 19 Aug 2022 07:55:34 GMT
      expires:
      - '-1'
      pragma:
      - no-cache
      server:
      - Kestrel
      strict-transport-security:
      - max-age=31536000; includeSubDomains
      transfer-encoding:
      - chunked
      vary:
      - Accept-Encoding
      x-content-type-options:
      - nosniff
    status:
      code: 200
      message: OK
- request:
    body: null
    headers:
      Accept:
      - '*/*'
      Accept-Encoding:
      - gzip, deflate
      CommandName:
      - backup vault create
      Connection:
      - keep-alive
      ParameterSetName:
      - -n -g --location
      User-Agent:
      - AZURECLI/2.38.0 azsdk-python-mgmt-recoveryservices/2.1.0 Python/3.8.5 (Windows-10-10.0.22000-SP0)
    method: GET
    uri: https://management.azure.com/subscriptions/00000000-0000-0000-0000-000000000000/resourceGroups/clitest.rg000001/providers/Microsoft.RecoveryServices/vaults/clitest-vault000002?api-version=2022-04-01
  response:
    body:
      string: '{"location":"eastasia","name":"clitest-vault000002","etag":"W/\"datetime''2022-08-19T07%3A55%3A33.2032881Z''\"","properties":{"provisioningState":"Succeeded","privateEndpointStateForBackup":"None","privateEndpointStateForSiteRecovery":"None","networkSettings":{"publicNetworkAccess":"Enabled"},"monitoringSettings":{"azureMonitorAlertSettings":{"alertsForAllJobFailures":"Enabled"},"classicAlertSettings":{"alertsForCriticalOperations":"Enabled"}}},"id":"/subscriptions/00000000-0000-0000-0000-000000000000/resourceGroups/clitest.rg000001/providers/Microsoft.RecoveryServices/vaults/clitest-vault000002","type":"Microsoft.RecoveryServices/vaults","sku":{"name":"Standard"}}'
    headers:
      cache-control:
      - no-cache
      content-length:
      - '671'
      content-type:
      - application/json; charset=utf-8
      date:
      - Fri, 19 Aug 2022 07:55:34 GMT
      expires:
      - '-1'
      pragma:
      - no-cache
      server:
      - Kestrel
      strict-transport-security:
      - max-age=31536000; includeSubDomains
      transfer-encoding:
      - chunked
      vary:
      - Accept-Encoding
      x-content-type-options:
      - nosniff
    status:
      code: 200
      message: OK
- request:
    body: null
    headers:
      Accept:
      - application/json
      Accept-Encoding:
      - gzip, deflate
      CommandName:
      - storage account show-connection-string
      Connection:
      - keep-alive
      Content-Length:
      - '0'
      ParameterSetName:
      - -n -g
      User-Agent:
      - AZURECLI/2.38.0 azsdk-python-azure-mgmt-storage/20.0.0 Python/3.8.5 (Windows-10-10.0.22000-SP0)
    method: POST
    uri: https://management.azure.com/subscriptions/00000000-0000-0000-0000-000000000000/resourceGroups/clitest.rg000001/providers/Microsoft.Storage/storageAccounts/clitest000003/listKeys?api-version=2021-09-01&$expand=kerb
  response:
    body:
      string: '{"keys":[{"creationTime":"2022-08-19T07:55:38.0296453Z","keyName":"key1","value":"veryFakedStorageAccountKey==","permissions":"FULL"},{"creationTime":"2022-08-19T07:55:38.0296453Z","keyName":"key2","value":"veryFakedStorageAccountKey==","permissions":"FULL"}]}'
    headers:
      cache-control:
      - no-cache
      content-length:
      - '260'
      content-type:
      - application/json
      date:
      - Fri, 19 Aug 2022 07:56:04 GMT
      expires:
      - '-1'
      pragma:
      - no-cache
      server:
      - Microsoft-Azure-Storage-Resource-Provider/1.0,Microsoft-HTTPAPI/2.0 Microsoft-HTTPAPI/2.0
      strict-transport-security:
      - max-age=31536000; includeSubDomains
      transfer-encoding:
      - chunked
      vary:
      - Accept-Encoding
      x-content-type-options:
      - nosniff
      x-ms-ratelimit-remaining-subscription-resource-requests:
      - '11996'
    status:
      code: 200
      message: OK
- request:
    body: null
    headers:
      Accept:
      - application/json
      Accept-Encoding:
      - gzip, deflate
      CommandName:
      - storage account show-connection-string
      Connection:
      - keep-alive
      ParameterSetName:
      - -n -g
      User-Agent:
      - AZURECLI/2.38.0 azsdk-python-azure-mgmt-storage/20.0.0 Python/3.8.5 (Windows-10-10.0.22000-SP0)
    method: GET
    uri: https://management.azure.com/subscriptions/00000000-0000-0000-0000-000000000000/resourceGroups/clitest.rg000001/providers/Microsoft.Storage/storageAccounts/clitest000003?api-version=2021-09-01
  response:
    body:
      string: '{"sku":{"name":"Standard_LRS","tier":"Standard"},"kind":"Storage","id":"/subscriptions/00000000-0000-0000-0000-000000000000/resourceGroups/clitest.rg000001/providers/Microsoft.Storage/storageAccounts/clitest000003","name":"clitest000003","type":"Microsoft.Storage/storageAccounts","location":"eastasia","tags":{},"properties":{"keyCreationTime":{"key1":"2022-08-19T07:55:38.0296453Z","key2":"2022-08-19T07:55:38.0296453Z"},"privateEndpointConnections":[],"minimumTlsVersion":"TLS1_0","allowBlobPublicAccess":true,"networkAcls":{"bypass":"AzureServices","virtualNetworkRules":[],"ipRules":[],"defaultAction":"Allow"},"supportsHttpsTrafficOnly":true,"encryption":{"services":{"file":{"keyType":"Account","enabled":true,"lastEnabledTime":"2022-08-19T07:55:38.0296453Z"},"blob":{"keyType":"Account","enabled":true,"lastEnabledTime":"2022-08-19T07:55:38.0296453Z"}},"keySource":"Microsoft.Storage"},"provisioningState":"Succeeded","creationTime":"2022-08-19T07:55:37.9515731Z","primaryEndpoints":{"blob":"https://clitest000003.blob.core.windows.net/","queue":"https://clitest000003.queue.core.windows.net/","table":"https://clitest000003.table.core.windows.net/","file":"https://clitest000003.file.core.windows.net/"},"primaryLocation":"eastasia","statusOfPrimary":"available"}}'
    headers:
      cache-control:
      - no-cache
      content-length:
      - '1273'
      content-type:
      - application/json
      date:
      - Fri, 19 Aug 2022 07:56:04 GMT
      expires:
      - '-1'
      pragma:
      - no-cache
      server:
      - Microsoft-Azure-Storage-Resource-Provider/1.0,Microsoft-HTTPAPI/2.0 Microsoft-HTTPAPI/2.0
      strict-transport-security:
      - max-age=31536000; includeSubDomains
      transfer-encoding:
      - chunked
      vary:
      - Accept-Encoding
      x-content-type-options:
      - nosniff
    status:
      code: 200
      message: OK
- request:
    body: null
    headers:
      Accept:
      - application/xml
      Accept-Encoding:
      - gzip, deflate
      CommandName:
      - storage share create
      Connection:
      - keep-alive
      Content-Length:
      - '0'
      ParameterSetName:
      - --name --quota --connection-string
      User-Agent:
      - AZURECLI/2.38.0 azsdk-python-storage-file-share/12.8.0 Python/3.8.5 (Windows-10-10.0.22000-SP0)
      x-ms-date:
      - Fri, 19 Aug 2022 07:56:04 GMT
      x-ms-share-quota:
      - '1'
      x-ms-version:
      - '2021-06-08'
    method: PUT
    uri: https://clitest000003.file.core.windows.net/clitest-item000004?restype=share
  response:
    body:
      string: ''
    headers:
      content-length:
      - '0'
      date:
      - Fri, 19 Aug 2022 07:56:04 GMT
      etag:
      - '"0x8DA81B844AE32B9"'
      last-modified:
      - Fri, 19 Aug 2022 07:56:05 GMT
      server:
      - Windows-Azure-File/1.0 Microsoft-HTTPAPI/2.0
      x-ms-version:
      - '2021-06-08'
    status:
      code: 201
      message: Created
- request:
    body: null
    headers:
      Accept:
      - application/json
      Accept-Encoding:
      - gzip, deflate
      CommandName:
      - backup policy show
      Connection:
      - keep-alive
      ParameterSetName:
      - -g -v -n
      User-Agent:
      - AZURECLI/2.38.0 azsdk-python-mgmt-recoveryservicesbackup/5.0.0 Python/3.8.5
        (Windows-10-10.0.22000-SP0)
    method: GET
    uri: https://management.azure.com/subscriptions/00000000-0000-0000-0000-000000000000/resourceGroups/clitest.rg000001/providers/Microsoft.RecoveryServices/vaults/clitest-vault000002/backupPolicies/DefaultPolicy?api-version=2022-02-01
  response:
    body:
      string: '{"id":"/subscriptions/00000000-0000-0000-0000-000000000000/resourceGroups/clitest.rg000001/providers/Microsoft.RecoveryServices/vaults/clitest-vault000002/backupPolicies/DefaultPolicy","name":"DefaultPolicy","type":"Microsoft.RecoveryServices/vaults/backupPolicies","properties":{"backupManagementType":"AzureIaasVM","instantRPDetails":{},"schedulePolicy":{"schedulePolicyType":"SimpleSchedulePolicy","scheduleRunFrequency":"Daily","scheduleRunTimes":["2022-08-19T17:30:00Z"],"scheduleWeeklyFrequency":0},"retentionPolicy":{"retentionPolicyType":"LongTermRetentionPolicy","dailySchedule":{"retentionTimes":["2022-08-19T17:30:00Z"],"retentionDuration":{"count":30,"durationType":"Days"}}},"instantRpRetentionRangeInDays":2,"timeZone":"UTC","protectedItemsCount":0}}'
    headers:
      cache-control:
      - no-cache
      content-length:
      - '764'
      content-type:
      - application/json; charset=utf-8
      date:
      - Fri, 19 Aug 2022 07:56:06 GMT
      expires:
      - '-1'
      pragma:
      - no-cache
      server:
      - Kestrel
      strict-transport-security:
      - max-age=31536000; includeSubDomains
      transfer-encoding:
      - chunked
      vary:
      - Accept-Encoding
      x-content-type-options:
      - nosniff
      x-ms-ratelimit-remaining-subscription-resource-requests:
      - '299'
    status:
      code: 200
      message: OK
- request:
    body: '{"properties": {"protectedItemsCount": 0, "backupManagementType": "AzureStorage",
      "workLoadType": "AzureFileShare", "schedulePolicy": {"schedulePolicyType": "SimpleSchedulePolicy",
      "scheduleRunFrequency": "Daily", "scheduleRunTimes": ["2022-08-19T17:30:00.000Z"],
      "scheduleWeeklyFrequency": 0}, "retentionPolicy": {"retentionPolicyType": "LongTermRetentionPolicy",
      "dailySchedule": {"retentionTimes": ["2022-08-19T17:30:00.000Z"], "retentionDuration":
      {"count": 30, "durationType": "Days"}}}, "timeZone": "UTC"}}'
    headers:
      Accept:
      - application/json
      Accept-Encoding:
      - gzip, deflate
      CommandName:
      - backup policy create
      Connection:
      - keep-alive
      Content-Length:
      - '512'
      Content-Type:
      - application/json
      ParameterSetName:
      - -g -v --policy -n --backup-management-type
      User-Agent:
      - AZURECLI/2.38.0 azsdk-python-mgmt-recoveryservicesbackup/5.0.0 Python/3.8.5
        (Windows-10-10.0.22000-SP0)
    method: PUT
    uri: https://management.azure.com/subscriptions/00000000-0000-0000-0000-000000000000/resourceGroups/clitest.rg000001/providers/Microsoft.RecoveryServices/vaults/clitest-vault000002/backupPolicies/clitest-item000005?api-version=2022-02-01
  response:
    body:
      string: '{"id":"/subscriptions/00000000-0000-0000-0000-000000000000/resourceGroups/clitest.rg000001/providers/Microsoft.RecoveryServices/vaults/clitest-vault000002/backupPolicies/clitest-item000005","name":"clitest-item000005","type":"Microsoft.RecoveryServices/vaults/backupPolicies","properties":{"backupManagementType":"AzureStorage","schedulePolicy":{"schedulePolicyType":"SimpleSchedulePolicy","scheduleRunFrequency":"Daily","scheduleRunTimes":["2022-08-19T17:30:00Z"],"scheduleWeeklyFrequency":0},"retentionPolicy":{"retentionPolicyType":"LongTermRetentionPolicy","dailySchedule":{"retentionTimes":["2022-08-19T17:30:00Z"],"retentionDuration":{"count":30,"durationType":"Days"}}},"timeZone":"UTC","protectedItemsCount":0}}'
    headers:
      cache-control:
      - no-cache
      content-length:
      - '719'
      content-type:
      - application/json; charset=utf-8
      date:
      - Fri, 19 Aug 2022 07:56:07 GMT
      expires:
      - '-1'
      pragma:
      - no-cache
      server:
      - Kestrel
      strict-transport-security:
      - max-age=31536000; includeSubDomains
      transfer-encoding:
      - chunked
      vary:
      - Accept-Encoding
      x-content-type-options:
      - nosniff
      x-ms-ratelimit-remaining-subscription-writes:
      - '1198'
    status:
      code: 200
      message: OK
- request:
    body: null
    headers:
      Accept:
      - application/json
      Accept-Encoding:
      - gzip, deflate
      CommandName:
      - backup protection enable-for-azurefileshare
      Connection:
      - keep-alive
      ParameterSetName:
      - -g -v --storage-account --azure-file-share -p
      User-Agent:
      - AZURECLI/2.38.0 azsdk-python-mgmt-recoveryservicesbackup/5.0.0 Python/3.8.5
        (Windows-10-10.0.22000-SP0)
    method: GET
    uri: https://management.azure.com/subscriptions/00000000-0000-0000-0000-000000000000/resourceGroups/clitest.rg000001/providers/Microsoft.RecoveryServices/vaults/clitest-vault000002/backupProtectionContainers?api-version=2022-02-01&%24filter=backupManagementType+eq+%27AzureStorage%27+and+status+eq+%27Registered%27
  response:
    body:
      string: '{"value":[]}'
    headers:
      cache-control:
      - no-cache
      content-length:
      - '12'
      content-type:
      - application/json; charset=utf-8
      date:
      - Fri, 19 Aug 2022 07:56:08 GMT
      expires:
      - '-1'
      pragma:
      - no-cache
      server:
      - Kestrel
      strict-transport-security:
      - max-age=31536000; includeSubDomains
      transfer-encoding:
      - chunked
      vary:
      - Accept-Encoding
      x-content-type-options:
      - nosniff
      x-ms-ratelimit-remaining-subscription-resource-requests:
      - '299'
    status:
      code: 200
      message: OK
- request:
    body: null
    headers:
      Accept:
      - application/json
      Accept-Encoding:
      - gzip, deflate
      CommandName:
      - backup protection enable-for-azurefileshare
      Connection:
      - keep-alive
      ParameterSetName:
      - -g -v --storage-account --azure-file-share -p
      User-Agent:
      - AZURECLI/2.38.0 azsdk-python-mgmt-recoveryservicesbackup/5.0.0 Python/3.8.5
        (Windows-10-10.0.22000-SP0)
    method: GET
    uri: https://management.azure.com/subscriptions/00000000-0000-0000-0000-000000000000/resourceGroups/clitest.rg000001/providers/Microsoft.RecoveryServices/vaults/clitest-vault000002/backupFabrics/Azure/protectableContainers?api-version=2022-02-01&%24filter=backupManagementType+eq+%27AzureStorage%27
  response:
    body:
      string: '{"value":[{"id":"/subscriptions/00000000-0000-0000-0000-000000000000/resourceGroups/clitest.rg000001/providers/Microsoft.RecoveryServices/vaults/clitest-vault000002/backupFabrics/Azure/protectableContainers/StorageContainer;Storage;afs-pstest-rg;afspstesttargetsa","name":"StorageContainer;Storage;afs-pstest-rg;afspstesttargetsa","type":"Microsoft.RecoveryServices/vaults/backupFabrics/protectableContainers","properties":{"friendlyName":"afspstesttargetsa","backupManagementType":"AzureStorage","protectableContainerType":"StorageContainer","healthStatus":"Healthy","containerId":"/subscriptions/00000000-0000-0000-0000-000000000000/resourceGroups/afs-pstest-rg/providers/Microsoft.Storage/storageAccounts/afspstesttargetsa"}},{"id":"/subscriptions/00000000-0000-0000-0000-000000000000/resourceGroups/clitest.rg000001/providers/Microsoft.RecoveryServices/vaults/clitest-vault000002/backupFabrics/Azure/protectableContainers/StorageContainer;Storage;afstests;donotuseafsportalbvt","name":"StorageContainer;Storage;afstests;donotuseafsportalbvt","type":"Microsoft.RecoveryServices/vaults/backupFabrics/protectableContainers","properties":{"friendlyName":"donotuseafsportalbvt","backupManagementType":"AzureStorage","protectableContainerType":"StorageContainer","healthStatus":"Healthy","containerId":"/subscriptions/00000000-0000-0000-0000-000000000000/resourceGroups/afstests/providers/Microsoft.Storage/storageAccounts/donotuseafsportalbvt"}},{"id":"/subscriptions/00000000-0000-0000-0000-000000000000/resourceGroups/clitest.rg000001/providers/Microsoft.RecoveryServices/vaults/clitest-vault000002/backupFabrics/Azure/protectableContainers/StorageContainer;Storage;cmk.system;cmkautomationstore1","name":"StorageContainer;Storage;cmk.system;cmkautomationstore1","type":"Microsoft.RecoveryServices/vaults/backupFabrics/protectableContainers","properties":{"friendlyName":"cmkautomationstore1","backupManagementType":"AzureStorage","protectableContainerType":"StorageContainer","healthStatus":"Healthy","containerId":"/subscriptions/00000000-0000-0000-0000-000000000000/resourceGroups/cmk.system/providers/Microsoft.Storage/storageAccounts/cmkautomationstore1"}},{"id":"/subscriptions/00000000-0000-0000-0000-000000000000/resourceGroups/clitest.rg000001/providers/Microsoft.RecoveryServices/vaults/clitest-vault000002/backupFabrics/Azure/protectableContainers/StorageContainer;Storage;donot-use-bvt-ea-can2-oss;dontuseossrestoreasfilea","name":"StorageContainer;Storage;donot-use-bvt-ea-can2-oss;dontuseossrestoreasfilea","type":"Microsoft.RecoveryServices/vaults/backupFabrics/protectableContainers","properties":{"friendlyName":"dontuseossrestoreasfilea","backupManagementType":"AzureStorage","protectableContainerType":"StorageContainer","healthStatus":"Healthy","containerId":"/subscriptions/00000000-0000-0000-0000-000000000000/resourceGroups/donot-use-bvt-ea-can2-oss/providers/Microsoft.Storage/storageAccounts/dontuseossrestoreasfilea"}},{"id":"/subscriptions/00000000-0000-0000-0000-000000000000/resourceGroups/clitest.rg000001/providers/Microsoft.RecoveryServices/vaults/clitest-vault000002/backupFabrics/Azure/protectableContainers/StorageContainer;Storage;DonotUse-OSS-BVT-EA-RG;dontuseossea2restr2file","name":"StorageContainer;Storage;DonotUse-OSS-BVT-EA-RG;dontuseossea2restr2file","type":"Microsoft.RecoveryServices/vaults/backupFabrics/protectableContainers","properties":{"friendlyName":"dontuseossea2restr2file","backupManagementType":"AzureStorage","protectableContainerType":"StorageContainer","healthStatus":"Healthy","containerId":"/subscriptions/00000000-0000-0000-0000-000000000000/resourceGroups/DonotUse-OSS-BVT-EA-RG/providers/Microsoft.Storage/storageAccounts/dontuseossea2restr2file"}},{"id":"/subscriptions/00000000-0000-0000-0000-000000000000/resourceGroups/clitest.rg000001/providers/Microsoft.RecoveryServices/vaults/clitest-vault000002/backupFabrics/Azure/protectableContainers/StorageContainer;Storage;hiagaCZR-rg;cliczrlrssa","name":"StorageContainer;Storage;hiagaCZR-rg;cliczrlrssa","type":"Microsoft.RecoveryServices/vaults/backupFabrics/protectableContainers","properties":{"friendlyName":"cliczrlrssa","backupManagementType":"AzureStorage","protectableContainerType":"StorageContainer","healthStatus":"Healthy","containerId":"/subscriptions/00000000-0000-0000-0000-000000000000/resourceGroups/hiagaCZR-rg/providers/Microsoft.Storage/storageAccounts/cliczrlrssa"}},{"id":"/subscriptions/00000000-0000-0000-0000-000000000000/resourceGroups/clitest.rg000001/providers/Microsoft.RecoveryServices/vaults/clitest-vault000002/backupFabrics/Azure/protectableContainers/StorageContainer;Storage;iaasvm.existing;iaasextstoreea1","name":"StorageContainer;Storage;iaasvm.existing;iaasextstoreea1","type":"Microsoft.RecoveryServices/vaults/backupFabrics/protectableContainers","properties":{"friendlyName":"iaasextstoreea1","backupManagementType":"AzureStorage","protectableContainerType":"StorageContainer","healthStatus":"Healthy","containerId":"/subscriptions/00000000-0000-0000-0000-000000000000/resourceGroups/iaasvm.existing/providers/Microsoft.Storage/storageAccounts/iaasextstoreea1"}},{"id":"/subscriptions/00000000-0000-0000-0000-000000000000/resourceGroups/clitest.rg000001/providers/Microsoft.RecoveryServices/vaults/clitest-vault000002/backupFabrics/Azure/protectableContainers/StorageContainer;Storage;iaasvm.new;iaasnewstoreea","name":"StorageContainer;Storage;iaasvm.new;iaasnewstoreea","type":"Microsoft.RecoveryServices/vaults/backupFabrics/protectableContainers","properties":{"friendlyName":"iaasnewstoreea","backupManagementType":"AzureStorage","protectableContainerType":"StorageContainer","healthStatus":"Healthy","containerId":"/subscriptions/00000000-0000-0000-0000-000000000000/resourceGroups/iaasvm.new/providers/Microsoft.Storage/storageAccounts/iaasnewstoreea"}},{"id":"/subscriptions/00000000-0000-0000-0000-000000000000/resourceGroups/clitest.rg000001/providers/Microsoft.RecoveryServices/vaults/clitest-vault000002/backupFabrics/Azure/protectableContainers/StorageContainer;Storage;PORTAL.DPP.BVT.EA.BLOB.RESTORE.EXISTING;blobsoprestoreall","name":"StorageContainer;Storage;PORTAL.DPP.BVT.EA.BLOB.RESTORE.EXISTING;blobsoprestoreall","type":"Microsoft.RecoveryServices/vaults/backupFabrics/protectableContainers","properties":{"friendlyName":"blobsoprestoreall","backupManagementType":"AzureStorage","protectableContainerType":"StorageContainer","healthStatus":"Healthy","containerId":"/subscriptions/00000000-0000-0000-0000-000000000000/resourceGroups/PORTAL.DPP.BVT.EA.BLOB.RESTORE.EXISTING/providers/Microsoft.Storage/storageAccounts/blobsoprestoreall"}},{"id":"/subscriptions/00000000-0000-0000-0000-000000000000/resourceGroups/clitest.rg000001/providers/Microsoft.RecoveryServices/vaults/clitest-vault000002/backupFabrics/Azure/protectableContainers/StorageContainer;Storage;PORTAL.DPP.BVT.EA.BLOB.RESTORE.EXISTING;blobsoprestorecontainers","name":"StorageContainer;Storage;PORTAL.DPP.BVT.EA.BLOB.RESTORE.EXISTING;blobsoprestorecontainers","type":"Microsoft.RecoveryServices/vaults/backupFabrics/protectableContainers","properties":{"friendlyName":"blobsoprestorecontainers","backupManagementType":"AzureStorage","protectableContainerType":"StorageContainer","healthStatus":"Healthy","containerId":"/subscriptions/00000000-0000-0000-0000-000000000000/resourceGroups/PORTAL.DPP.BVT.EA.BLOB.RESTORE.EXISTING/providers/Microsoft.Storage/storageAccounts/blobsoprestorecontainers"}},{"id":"/subscriptions/00000000-0000-0000-0000-000000000000/resourceGroups/clitest.rg000001/providers/Microsoft.RecoveryServices/vaults/clitest-vault000002/backupFabrics/Azure/protectableContainers/StorageContainer;Storage;PORTAL.DPP.BVT.EA.BLOB.RESTORE.EXISTING;blobsrestoreopall","name":"StorageContainer;Storage;PORTAL.DPP.BVT.EA.BLOB.RESTORE.EXISTING;blobsrestoreopall","type":"Microsoft.RecoveryServices/vaults/backupFabrics/protectableContainers","properties":{"friendlyName":"blobsrestoreopall","backupManagementType":"AzureStorage","protectableContainerType":"StorageContainer","healthStatus":"Healthy","containerId":"/subscriptions/00000000-0000-0000-0000-000000000000/resourceGroups/PORTAL.DPP.BVT.EA.BLOB.RESTORE.EXISTING/providers/Microsoft.Storage/storageAccounts/blobsrestoreopall"}},{"id":"/subscriptions/00000000-0000-0000-0000-000000000000/resourceGroups/clitest.rg000001/providers/Microsoft.RecoveryServices/vaults/clitest-vault000002/backupFabrics/Azure/protectableContainers/StorageContainer;Storage;PORTAL.DPP.BVT.EA.BLOB.RESTORE.EXISTING;blobsrestoreopcontainer","name":"StorageContainer;Storage;PORTAL.DPP.BVT.EA.BLOB.RESTORE.EXISTING;blobsrestoreopcontainer","type":"Microsoft.RecoveryServices/vaults/backupFabrics/protectableContainers","properties":{"friendlyName":"blobsrestoreopcontainer","backupManagementType":"AzureStorage","protectableContainerType":"StorageContainer","healthStatus":"Healthy","containerId":"/subscriptions/00000000-0000-0000-0000-000000000000/resourceGroups/PORTAL.DPP.BVT.EA.BLOB.RESTORE.EXISTING/providers/Microsoft.Storage/storageAccounts/blobsrestoreopcontainer"}},{"id":"/subscriptions/00000000-0000-0000-0000-000000000000/resourceGroups/clitest.rg000001/providers/Microsoft.RecoveryServices/vaults/clitest-vault000002/backupFabrics/Azure/protectableContainers/StorageContainer;Storage;PORTAL.DPP.BVT.EA.BLOB.RESTORE.EXISTING;blobsrestoreopcontainers","name":"StorageContainer;Storage;PORTAL.DPP.BVT.EA.BLOB.RESTORE.EXISTING;blobsrestoreopcontainers","type":"Microsoft.RecoveryServices/vaults/backupFabrics/protectableContainers","properties":{"friendlyName":"blobsrestoreopcontainers","backupManagementType":"AzureStorage","protectableContainerType":"StorageContainer","healthStatus":"Healthy","containerId":"/subscriptions/00000000-0000-0000-0000-000000000000/resourceGroups/PORTAL.DPP.BVT.EA.BLOB.RESTORE.EXISTING/providers/Microsoft.Storage/storageAccounts/blobsrestoreopcontainers"}},{"id":"/subscriptions/00000000-0000-0000-0000-000000000000/resourceGroups/clitest.rg000001/providers/Microsoft.RecoveryServices/vaults/clitest-vault000002/backupFabrics/Azure/protectableContainers/StorageContainer;Storage;PORTAL.DPP.BVT.EA.BLOB.RESTORE.EXISTING;blobsrestoreopprefix","name":"StorageContainer;Storage;PORTAL.DPP.BVT.EA.BLOB.RESTORE.EXISTING;blobsrestoreopprefix","type":"Microsoft.RecoveryServices/vaults/backupFabrics/protectableContainers","properties":{"friendlyName":"blobsrestoreopprefix","backupManagementType":"AzureStorage","protectableContainerType":"StorageContainer","healthStatus":"Healthy","containerId":"/subscriptions/00000000-0000-0000-0000-000000000000/resourceGroups/PORTAL.DPP.BVT.EA.BLOB.RESTORE.EXISTING/providers/Microsoft.Storage/storageAccounts/blobsrestoreopprefix"}},{"id":"/subscriptions/00000000-0000-0000-0000-000000000000/resourceGroups/clitest.rg000001/providers/Microsoft.RecoveryServices/vaults/clitest-vault000002/backupFabrics/Azure/protectableContainers/StorageContainer;Storage;PORTAL.DPP.BVT.EA.BLOB.RESTORE.EXISTING;blobssaforrestoreall","name":"StorageContainer;Storage;PORTAL.DPP.BVT.EA.BLOB.RESTORE.EXISTING;blobssaforrestoreall","type":"Microsoft.RecoveryServices/vaults/backupFabrics/protectableContainers","properties":{"friendlyName":"blobssaforrestoreall","backupManagementType":"AzureStorage","protectableContainerType":"StorageContainer","healthStatus":"Healthy","containerId":"/subscriptions/00000000-0000-0000-0000-000000000000/resourceGroups/PORTAL.DPP.BVT.EA.BLOB.RESTORE.EXISTING/providers/Microsoft.Storage/storageAccounts/blobssaforrestoreall"}}]}'
    headers:
      cache-control:
      - no-cache
      content-length:
      - '11504'
      content-type:
      - application/json; charset=utf-8
      date:
      - Fri, 19 Aug 2022 07:56:09 GMT
      expires:
      - '-1'
      pragma:
      - no-cache
      server:
      - Kestrel
      strict-transport-security:
      - max-age=31536000; includeSubDomains
      transfer-encoding:
      - chunked
      vary:
      - Accept-Encoding
      x-content-type-options:
      - nosniff
      x-ms-ratelimit-remaining-subscription-resource-requests:
      - '299'
    status:
      code: 200
      message: OK
- request:
    body: null
    headers:
      Accept:
      - application/json
      Accept-Encoding:
      - gzip, deflate
      CommandName:
      - backup protection enable-for-azurefileshare
      Connection:
      - keep-alive
      Content-Length:
      - '0'
      ParameterSetName:
      - -g -v --storage-account --azure-file-share -p
      User-Agent:
      - AZURECLI/2.38.0 azsdk-python-mgmt-recoveryservicesbackup/5.0.0 Python/3.8.5
        (Windows-10-10.0.22000-SP0)
    method: POST
    uri: https://management.azure.com/subscriptions/00000000-0000-0000-0000-000000000000/resourceGroups/clitest.rg000001/providers/Microsoft.RecoveryServices/vaults/clitest-vault000002/backupFabrics/Azure/refreshContainers?api-version=2022-02-01&%24filter=backupManagementType+eq+%27AzureStorage%27
  response:
    body:
      string: ''
    headers:
      azure-asyncoperation:
      - https://management.azure.com/subscriptions/00000000-0000-0000-0000-000000000000/resourceGroups/clitest.rg000001/providers/Microsoft.RecoveryServices/vaults/clitest-vault000002/backupFabrics/Azure/operationsStatus/a7e722fc-eb2a-4a0e-931c-7eee45204e63?api-version=2019-05-13-preview
      cache-control:
      - no-cache
      content-length:
      - '0'
      date:
      - Fri, 19 Aug 2022 07:56:10 GMT
      expires:
      - '-1'
      location:
      - https://management.azure.com/subscriptions/00000000-0000-0000-0000-000000000000/resourceGroups/clitest.rg000001/providers/Microsoft.RecoveryServices/vaults/clitest-vault000002/backupFabrics/Azure/operationResults/a7e722fc-eb2a-4a0e-931c-7eee45204e63?api-version=2022-02-01
      pragma:
      - no-cache
      server:
      - Kestrel
      strict-transport-security:
      - max-age=31536000; includeSubDomains
      x-content-type-options:
      - nosniff
      x-ms-ratelimit-remaining-subscription-writes:
      - '1199'
    status:
      code: 202
      message: Accepted
- request:
    body: null
    headers:
      Accept:
      - application/json
      Accept-Encoding:
      - gzip, deflate
      CommandName:
      - backup protection enable-for-azurefileshare
      Connection:
      - keep-alive
      ParameterSetName:
      - -g -v --storage-account --azure-file-share -p
      User-Agent:
      - AZURECLI/2.38.0 azsdk-python-mgmt-recoveryservicesbackup/5.0.0 Python/3.8.5
        (Windows-10-10.0.22000-SP0)
    method: GET
    uri: https://management.azure.com/subscriptions/00000000-0000-0000-0000-000000000000/resourceGroups/clitest.rg000001/providers/Microsoft.RecoveryServices/vaults/clitest-vault000002/backupFabrics/Azure/operationResults/a7e722fc-eb2a-4a0e-931c-7eee45204e63?api-version=2022-02-01
  response:
    body:
      string: ''
    headers:
      cache-control:
      - no-cache
      content-length:
      - '0'
      date:
      - Fri, 19 Aug 2022 07:56:10 GMT
      expires:
      - '-1'
      location:
      - https://management.azure.com/subscriptions/00000000-0000-0000-0000-000000000000/resourceGroups/clitest.rg000001/providers/Microsoft.RecoveryServices/vaults/clitest-vault000002/backupFabrics/Azure/operationResults/a7e722fc-eb2a-4a0e-931c-7eee45204e63?api-version=2022-02-01
      pragma:
      - no-cache
      server:
      - Kestrel
      strict-transport-security:
      - max-age=31536000; includeSubDomains
      x-content-type-options:
      - nosniff
      x-ms-ratelimit-remaining-subscription-resource-requests:
      - '298'
    status:
      code: 202
      message: Accepted
- request:
    body: null
    headers:
      Accept:
      - application/json
      Accept-Encoding:
      - gzip, deflate
      CommandName:
      - backup protection enable-for-azurefileshare
      Connection:
      - keep-alive
      ParameterSetName:
      - -g -v --storage-account --azure-file-share -p
      User-Agent:
      - AZURECLI/2.38.0 azsdk-python-mgmt-recoveryservicesbackup/5.0.0 Python/3.8.5
        (Windows-10-10.0.22000-SP0)
    method: GET
    uri: https://management.azure.com/subscriptions/00000000-0000-0000-0000-000000000000/resourceGroups/clitest.rg000001/providers/Microsoft.RecoveryServices/vaults/clitest-vault000002/backupFabrics/Azure/operationResults/a7e722fc-eb2a-4a0e-931c-7eee45204e63?api-version=2022-02-01
  response:
    body:
      string: ''
    headers:
      cache-control:
      - no-cache
      content-length:
      - '0'
      date:
      - Fri, 19 Aug 2022 07:56:15 GMT
      expires:
      - '-1'
      location:
      - https://management.azure.com/subscriptions/00000000-0000-0000-0000-000000000000/resourceGroups/clitest.rg000001/providers/Microsoft.RecoveryServices/vaults/clitest-vault000002/backupFabrics/Azure/operationResults/a7e722fc-eb2a-4a0e-931c-7eee45204e63?api-version=2022-02-01
      pragma:
      - no-cache
      server:
      - Kestrel
      strict-transport-security:
      - max-age=31536000; includeSubDomains
      x-content-type-options:
      - nosniff
      x-ms-ratelimit-remaining-subscription-resource-requests:
      - '295'
    status:
      code: 202
      message: Accepted
- request:
    body: null
    headers:
      Accept:
      - application/json
      Accept-Encoding:
      - gzip, deflate
      CommandName:
      - backup protection enable-for-azurefileshare
      Connection:
      - keep-alive
      ParameterSetName:
      - -g -v --storage-account --azure-file-share -p
      User-Agent:
      - AZURECLI/2.38.0 azsdk-python-mgmt-recoveryservicesbackup/5.0.0 Python/3.8.5
        (Windows-10-10.0.22000-SP0)
    method: GET
    uri: https://management.azure.com/subscriptions/00000000-0000-0000-0000-000000000000/resourceGroups/clitest.rg000001/providers/Microsoft.RecoveryServices/vaults/clitest-vault000002/backupFabrics/Azure/operationResults/a7e722fc-eb2a-4a0e-931c-7eee45204e63?api-version=2022-02-01
  response:
    body:
      string: ''
    headers:
      cache-control:
      - no-cache
      date:
      - Fri, 19 Aug 2022 07:56:21 GMT
      expires:
      - '-1'
      pragma:
      - no-cache
      server:
      - Kestrel
      strict-transport-security:
      - max-age=31536000; includeSubDomains
      x-content-type-options:
      - nosniff
      x-ms-ratelimit-remaining-subscription-resource-requests:
      - '292'
    status:
      code: 204
      message: No Content
- request:
    body: null
    headers:
      Accept:
      - application/json
      Accept-Encoding:
      - gzip, deflate
      CommandName:
      - backup protection enable-for-azurefileshare
      Connection:
      - keep-alive
      ParameterSetName:
      - -g -v --storage-account --azure-file-share -p
      User-Agent:
      - AZURECLI/2.38.0 azsdk-python-mgmt-recoveryservicesbackup/5.0.0 Python/3.8.5
        (Windows-10-10.0.22000-SP0)
    method: GET
    uri: https://management.azure.com/subscriptions/00000000-0000-0000-0000-000000000000/resourceGroups/clitest.rg000001/providers/Microsoft.RecoveryServices/vaults/clitest-vault000002/backupFabrics/Azure/protectableContainers?api-version=2022-02-01&%24filter=backupManagementType+eq+%27AzureStorage%27
  response:
    body:
      string: '{"value":[{"id":"/subscriptions/00000000-0000-0000-0000-000000000000/resourceGroups/clitest.rg000001/providers/Microsoft.RecoveryServices/vaults/clitest-vault000002/backupFabrics/Azure/protectableContainers/StorageContainer;Storage;afs-pstest-rg;afspstesttargetsa","name":"StorageContainer;Storage;afs-pstest-rg;afspstesttargetsa","type":"Microsoft.RecoveryServices/vaults/backupFabrics/protectableContainers","properties":{"friendlyName":"afspstesttargetsa","backupManagementType":"AzureStorage","protectableContainerType":"StorageContainer","healthStatus":"Healthy","containerId":"/subscriptions/00000000-0000-0000-0000-000000000000/resourceGroups/afs-pstest-rg/providers/Microsoft.Storage/storageAccounts/afspstesttargetsa"}},{"id":"/subscriptions/00000000-0000-0000-0000-000000000000/resourceGroups/clitest.rg000001/providers/Microsoft.RecoveryServices/vaults/clitest-vault000002/backupFabrics/Azure/protectableContainers/StorageContainer;Storage;afstests;donotuseafsportalbvt","name":"StorageContainer;Storage;afstests;donotuseafsportalbvt","type":"Microsoft.RecoveryServices/vaults/backupFabrics/protectableContainers","properties":{"friendlyName":"donotuseafsportalbvt","backupManagementType":"AzureStorage","protectableContainerType":"StorageContainer","healthStatus":"Healthy","containerId":"/subscriptions/00000000-0000-0000-0000-000000000000/resourceGroups/afstests/providers/Microsoft.Storage/storageAccounts/donotuseafsportalbvt"}},{"id":"/subscriptions/00000000-0000-0000-0000-000000000000/resourceGroups/clitest.rg000001/providers/Microsoft.RecoveryServices/vaults/clitest-vault000002/backupFabrics/Azure/protectableContainers/StorageContainer;Storage;clitest.rgpn5pscvyo5;clitestsovjtbxlvg4cnmr5z","name":"StorageContainer;Storage;clitest.rgpn5pscvyo5;clitestsovjtbxlvg4cnmr5z","type":"Microsoft.RecoveryServices/vaults/backupFabrics/protectableContainers","properties":{"friendlyName":"clitestsovjtbxlvg4cnmr5z","backupManagementType":"AzureStorage","protectableContainerType":"StorageContainer","healthStatus":"Healthy","containerId":"/subscriptions/00000000-0000-0000-0000-000000000000/resourceGroups/clitest.rgpn5pscvyo5/providers/Microsoft.Storage/storageAccounts/clitestsovjtbxlvg4cnmr5z"}},{"id":"/subscriptions/00000000-0000-0000-0000-000000000000/resourceGroups/clitest.rg000001/providers/Microsoft.RecoveryServices/vaults/clitest-vault000002/backupFabrics/Azure/protectableContainers/StorageContainer;Storage;clitest.rgsw5jbkf7au;clitestow2ub6voma6kscbth","name":"StorageContainer;Storage;clitest.rgsw5jbkf7au;clitestow2ub6voma6kscbth","type":"Microsoft.RecoveryServices/vaults/backupFabrics/protectableContainers","properties":{"friendlyName":"clitestow2ub6voma6kscbth","backupManagementType":"AzureStorage","protectableContainerType":"StorageContainer","healthStatus":"Healthy","containerId":"/subscriptions/00000000-0000-0000-0000-000000000000/resourceGroups/clitest.rgsw5jbkf7au/providers/Microsoft.Storage/storageAccounts/clitestow2ub6voma6kscbth"}},{"id":"/subscriptions/00000000-0000-0000-0000-000000000000/resourceGroups/clitest.rg000001/providers/Microsoft.RecoveryServices/vaults/clitest-vault000002/backupFabrics/Azure/protectableContainers/StorageContainer;Storage;clitest.rg000001;clitest000003","name":"StorageContainer;Storage;clitest.rg000001;clitest000003","type":"Microsoft.RecoveryServices/vaults/backupFabrics/protectableContainers","properties":{"friendlyName":"clitest000003","backupManagementType":"AzureStorage","protectableContainerType":"StorageContainer","healthStatus":"Healthy","containerId":"/subscriptions/00000000-0000-0000-0000-000000000000/resourceGroups/clitest.rg000001/providers/Microsoft.Storage/storageAccounts/clitest000003"}},{"id":"/subscriptions/00000000-0000-0000-0000-000000000000/resourceGroups/clitest.rg000001/providers/Microsoft.RecoveryServices/vaults/clitest-vault000002/backupFabrics/Azure/protectableContainers/StorageContainer;Storage;cmk.system;cmkautomationstore1","name":"StorageContainer;Storage;cmk.system;cmkautomationstore1","type":"Microsoft.RecoveryServices/vaults/backupFabrics/protectableContainers","properties":{"friendlyName":"cmkautomationstore1","backupManagementType":"AzureStorage","protectableContainerType":"StorageContainer","healthStatus":"Healthy","containerId":"/subscriptions/00000000-0000-0000-0000-000000000000/resourceGroups/cmk.system/providers/Microsoft.Storage/storageAccounts/cmkautomationstore1"}},{"id":"/subscriptions/00000000-0000-0000-0000-000000000000/resourceGroups/clitest.rg000001/providers/Microsoft.RecoveryServices/vaults/clitest-vault000002/backupFabrics/Azure/protectableContainers/StorageContainer;Storage;donot-use-bvt-ea-can2-oss;dontuseossrestoreasfilea","name":"StorageContainer;Storage;donot-use-bvt-ea-can2-oss;dontuseossrestoreasfilea","type":"Microsoft.RecoveryServices/vaults/backupFabrics/protectableContainers","properties":{"friendlyName":"dontuseossrestoreasfilea","backupManagementType":"AzureStorage","protectableContainerType":"StorageContainer","healthStatus":"Healthy","containerId":"/subscriptions/00000000-0000-0000-0000-000000000000/resourceGroups/donot-use-bvt-ea-can2-oss/providers/Microsoft.Storage/storageAccounts/dontuseossrestoreasfilea"}},{"id":"/subscriptions/00000000-0000-0000-0000-000000000000/resourceGroups/clitest.rg000001/providers/Microsoft.RecoveryServices/vaults/clitest-vault000002/backupFabrics/Azure/protectableContainers/StorageContainer;Storage;DonotUse-OSS-BVT-EA-RG;dontuseossea2restr2file","name":"StorageContainer;Storage;DonotUse-OSS-BVT-EA-RG;dontuseossea2restr2file","type":"Microsoft.RecoveryServices/vaults/backupFabrics/protectableContainers","properties":{"friendlyName":"dontuseossea2restr2file","backupManagementType":"AzureStorage","protectableContainerType":"StorageContainer","healthStatus":"Healthy","containerId":"/subscriptions/00000000-0000-0000-0000-000000000000/resourceGroups/DonotUse-OSS-BVT-EA-RG/providers/Microsoft.Storage/storageAccounts/dontuseossea2restr2file"}},{"id":"/subscriptions/00000000-0000-0000-0000-000000000000/resourceGroups/clitest.rg000001/providers/Microsoft.RecoveryServices/vaults/clitest-vault000002/backupFabrics/Azure/protectableContainers/StorageContainer;Storage;hiagaCZR-rg;cliczrlrssa","name":"StorageContainer;Storage;hiagaCZR-rg;cliczrlrssa","type":"Microsoft.RecoveryServices/vaults/backupFabrics/protectableContainers","properties":{"friendlyName":"cliczrlrssa","backupManagementType":"AzureStorage","protectableContainerType":"StorageContainer","healthStatus":"Healthy","containerId":"/subscriptions/00000000-0000-0000-0000-000000000000/resourceGroups/hiagaCZR-rg/providers/Microsoft.Storage/storageAccounts/cliczrlrssa"}},{"id":"/subscriptions/00000000-0000-0000-0000-000000000000/resourceGroups/clitest.rg000001/providers/Microsoft.RecoveryServices/vaults/clitest-vault000002/backupFabrics/Azure/protectableContainers/StorageContainer;Storage;iaasvm.existing;iaasextstoreea1","name":"StorageContainer;Storage;iaasvm.existing;iaasextstoreea1","type":"Microsoft.RecoveryServices/vaults/backupFabrics/protectableContainers","properties":{"friendlyName":"iaasextstoreea1","backupManagementType":"AzureStorage","protectableContainerType":"StorageContainer","healthStatus":"Healthy","containerId":"/subscriptions/00000000-0000-0000-0000-000000000000/resourceGroups/iaasvm.existing/providers/Microsoft.Storage/storageAccounts/iaasextstoreea1"}},{"id":"/subscriptions/00000000-0000-0000-0000-000000000000/resourceGroups/clitest.rg000001/providers/Microsoft.RecoveryServices/vaults/clitest-vault000002/backupFabrics/Azure/protectableContainers/StorageContainer;Storage;iaasvm.new;iaasnewstoreea","name":"StorageContainer;Storage;iaasvm.new;iaasnewstoreea","type":"Microsoft.RecoveryServices/vaults/backupFabrics/protectableContainers","properties":{"friendlyName":"iaasnewstoreea","backupManagementType":"AzureStorage","protectableContainerType":"StorageContainer","healthStatus":"Healthy","containerId":"/subscriptions/00000000-0000-0000-0000-000000000000/resourceGroups/iaasvm.new/providers/Microsoft.Storage/storageAccounts/iaasnewstoreea"}},{"id":"/subscriptions/00000000-0000-0000-0000-000000000000/resourceGroups/clitest.rg000001/providers/Microsoft.RecoveryServices/vaults/clitest-vault000002/backupFabrics/Azure/protectableContainers/StorageContainer;Storage;PORTAL.DPP.BVT.EA.BLOB.RESTORE.EXISTING;blobsoprestoreall","name":"StorageContainer;Storage;PORTAL.DPP.BVT.EA.BLOB.RESTORE.EXISTING;blobsoprestoreall","type":"Microsoft.RecoveryServices/vaults/backupFabrics/protectableContainers","properties":{"friendlyName":"blobsoprestoreall","backupManagementType":"AzureStorage","protectableContainerType":"StorageContainer","healthStatus":"Healthy","containerId":"/subscriptions/00000000-0000-0000-0000-000000000000/resourceGroups/PORTAL.DPP.BVT.EA.BLOB.RESTORE.EXISTING/providers/Microsoft.Storage/storageAccounts/blobsoprestoreall"}},{"id":"/subscriptions/00000000-0000-0000-0000-000000000000/resourceGroups/clitest.rg000001/providers/Microsoft.RecoveryServices/vaults/clitest-vault000002/backupFabrics/Azure/protectableContainers/StorageContainer;Storage;PORTAL.DPP.BVT.EA.BLOB.RESTORE.EXISTING;blobsoprestorecontainers","name":"StorageContainer;Storage;PORTAL.DPP.BVT.EA.BLOB.RESTORE.EXISTING;blobsoprestorecontainers","type":"Microsoft.RecoveryServices/vaults/backupFabrics/protectableContainers","properties":{"friendlyName":"blobsoprestorecontainers","backupManagementType":"AzureStorage","protectableContainerType":"StorageContainer","healthStatus":"Healthy","containerId":"/subscriptions/00000000-0000-0000-0000-000000000000/resourceGroups/PORTAL.DPP.BVT.EA.BLOB.RESTORE.EXISTING/providers/Microsoft.Storage/storageAccounts/blobsoprestorecontainers"}},{"id":"/subscriptions/00000000-0000-0000-0000-000000000000/resourceGroups/clitest.rg000001/providers/Microsoft.RecoveryServices/vaults/clitest-vault000002/backupFabrics/Azure/protectableContainers/StorageContainer;Storage;PORTAL.DPP.BVT.EA.BLOB.RESTORE.EXISTING;blobsrestoreopall","name":"StorageContainer;Storage;PORTAL.DPP.BVT.EA.BLOB.RESTORE.EXISTING;blobsrestoreopall","type":"Microsoft.RecoveryServices/vaults/backupFabrics/protectableContainers","properties":{"friendlyName":"blobsrestoreopall","backupManagementType":"AzureStorage","protectableContainerType":"StorageContainer","healthStatus":"Healthy","containerId":"/subscriptions/00000000-0000-0000-0000-000000000000/resourceGroups/PORTAL.DPP.BVT.EA.BLOB.RESTORE.EXISTING/providers/Microsoft.Storage/storageAccounts/blobsrestoreopall"}},{"id":"/subscriptions/00000000-0000-0000-0000-000000000000/resourceGroups/clitest.rg000001/providers/Microsoft.RecoveryServices/vaults/clitest-vault000002/backupFabrics/Azure/protectableContainers/StorageContainer;Storage;PORTAL.DPP.BVT.EA.BLOB.RESTORE.EXISTING;blobsrestoreopcontainer","name":"StorageContainer;Storage;PORTAL.DPP.BVT.EA.BLOB.RESTORE.EXISTING;blobsrestoreopcontainer","type":"Microsoft.RecoveryServices/vaults/backupFabrics/protectableContainers","properties":{"friendlyName":"blobsrestoreopcontainer","backupManagementType":"AzureStorage","protectableContainerType":"StorageContainer","healthStatus":"Healthy","containerId":"/subscriptions/00000000-0000-0000-0000-000000000000/resourceGroups/PORTAL.DPP.BVT.EA.BLOB.RESTORE.EXISTING/providers/Microsoft.Storage/storageAccounts/blobsrestoreopcontainer"}},{"id":"/subscriptions/00000000-0000-0000-0000-000000000000/resourceGroups/clitest.rg000001/providers/Microsoft.RecoveryServices/vaults/clitest-vault000002/backupFabrics/Azure/protectableContainers/StorageContainer;Storage;PORTAL.DPP.BVT.EA.BLOB.RESTORE.EXISTING;blobsrestoreopcontainers","name":"StorageContainer;Storage;PORTAL.DPP.BVT.EA.BLOB.RESTORE.EXISTING;blobsrestoreopcontainers","type":"Microsoft.RecoveryServices/vaults/backupFabrics/protectableContainers","properties":{"friendlyName":"blobsrestoreopcontainers","backupManagementType":"AzureStorage","protectableContainerType":"StorageContainer","healthStatus":"Healthy","containerId":"/subscriptions/00000000-0000-0000-0000-000000000000/resourceGroups/PORTAL.DPP.BVT.EA.BLOB.RESTORE.EXISTING/providers/Microsoft.Storage/storageAccounts/blobsrestoreopcontainers"}},{"id":"/subscriptions/00000000-0000-0000-0000-000000000000/resourceGroups/clitest.rg000001/providers/Microsoft.RecoveryServices/vaults/clitest-vault000002/backupFabrics/Azure/protectableContainers/StorageContainer;Storage;PORTAL.DPP.BVT.EA.BLOB.RESTORE.EXISTING;blobsrestoreopprefix","name":"StorageContainer;Storage;PORTAL.DPP.BVT.EA.BLOB.RESTORE.EXISTING;blobsrestoreopprefix","type":"Microsoft.RecoveryServices/vaults/backupFabrics/protectableContainers","properties":{"friendlyName":"blobsrestoreopprefix","backupManagementType":"AzureStorage","protectableContainerType":"StorageContainer","healthStatus":"Healthy","containerId":"/subscriptions/00000000-0000-0000-0000-000000000000/resourceGroups/PORTAL.DPP.BVT.EA.BLOB.RESTORE.EXISTING/providers/Microsoft.Storage/storageAccounts/blobsrestoreopprefix"}},{"id":"/subscriptions/00000000-0000-0000-0000-000000000000/resourceGroups/clitest.rg000001/providers/Microsoft.RecoveryServices/vaults/clitest-vault000002/backupFabrics/Azure/protectableContainers/StorageContainer;Storage;PORTAL.DPP.BVT.EA.BLOB.RESTORE.EXISTING;blobssaforrestoreall","name":"StorageContainer;Storage;PORTAL.DPP.BVT.EA.BLOB.RESTORE.EXISTING;blobssaforrestoreall","type":"Microsoft.RecoveryServices/vaults/backupFabrics/protectableContainers","properties":{"friendlyName":"blobssaforrestoreall","backupManagementType":"AzureStorage","protectableContainerType":"StorageContainer","healthStatus":"Healthy","containerId":"/subscriptions/00000000-0000-0000-0000-000000000000/resourceGroups/PORTAL.DPP.BVT.EA.BLOB.RESTORE.EXISTING/providers/Microsoft.Storage/storageAccounts/blobssaforrestoreall"}}]}'
    headers:
      cache-control:
      - no-cache
      content-length:
      - '13752'
      content-type:
      - application/json; charset=utf-8
      date:
      - Fri, 19 Aug 2022 07:56:21 GMT
      expires:
      - '-1'
      pragma:
      - no-cache
      server:
      - Kestrel
      strict-transport-security:
      - max-age=31536000; includeSubDomains
      transfer-encoding:
      - chunked
      vary:
      - Accept-Encoding
      x-content-type-options:
      - nosniff
      x-ms-ratelimit-remaining-subscription-resource-requests:
      - '299'
    status:
      code: 200
      message: OK
- request:
    body: '{"properties": {"backupManagementType": "AzureStorage", "containerType":
      "StorageContainer", "sourceResourceId": "/subscriptions/00000000-0000-0000-0000-000000000000/resourceGroups/clitest.rg000001/providers/Microsoft.Storage/storageAccounts/clitest000003"}}'
    headers:
      Accept:
      - application/json
      Accept-Encoding:
      - gzip, deflate
      CommandName:
      - backup protection enable-for-azurefileshare
      Connection:
      - keep-alive
      Content-Length:
      - '258'
      Content-Type:
      - application/json
      ParameterSetName:
      - -g -v --storage-account --azure-file-share -p
      User-Agent:
      - AZURECLI/2.38.0 azsdk-python-mgmt-recoveryservicesbackup/5.0.0 Python/3.8.5
        (Windows-10-10.0.22000-SP0)
    method: PUT
    uri: https://management.azure.com/subscriptions/00000000-0000-0000-0000-000000000000/resourceGroups/clitest.rg000001/providers/Microsoft.RecoveryServices/vaults/clitest-vault000002/backupFabrics/Azure/protectionContainers/StorageContainer%3BStorage%3Bclitest.rg000001%3Bclitest000003?api-version=2022-02-01
  response:
    body:
      string: '{}'
    headers:
      azure-asyncoperation:
      - https://management.azure.com/subscriptions/00000000-0000-0000-0000-000000000000/resourceGroups/clitest.rg000001/providers/Microsoft.RecoveryServices/vaults/clitest-vault000002/backupFabrics/Azure/protectionContainers/StorageContainer;Storage;clitest.rg000001;clitest000003/operationsStatus/781c42c6-d988-428c-9e36-13905b3b7856?api-version=2019-05-13-preview
      cache-control:
      - no-cache
      content-length:
      - '2'
      content-type:
      - application/json; charset=utf-8
      date:
      - Fri, 19 Aug 2022 07:56:24 GMT
      expires:
      - '-1'
      location:
      - https://management.azure.com/subscriptions/00000000-0000-0000-0000-000000000000/resourceGroups/clitest.rg000001/providers/Microsoft.RecoveryServices/vaults/clitest-vault000002/backupFabrics/Azure/protectionContainers/StorageContainer;Storage;clitest.rg000001;clitest000003/operationResults/781c42c6-d988-428c-9e36-13905b3b7856?api-version=2022-02-01
      pragma:
      - no-cache
      server:
      - Kestrel
      strict-transport-security:
      - max-age=31536000; includeSubDomains
      x-content-type-options:
      - nosniff
      x-ms-ratelimit-remaining-subscription-writes:
      - '1199'
    status:
      code: 202
      message: Accepted
- request:
    body: null
    headers:
      Accept:
      - application/json
      Accept-Encoding:
      - gzip, deflate
      CommandName:
      - backup protection enable-for-azurefileshare
      Connection:
      - keep-alive
      ParameterSetName:
      - -g -v --storage-account --azure-file-share -p
      User-Agent:
      - AZURECLI/2.38.0 azsdk-python-mgmt-recoveryservicesbackup/5.0.0 Python/3.8.5
        (Windows-10-10.0.22000-SP0)
    method: GET
    uri: https://management.azure.com/subscriptions/00000000-0000-0000-0000-000000000000/resourceGroups/clitest.rg000001/providers/Microsoft.RecoveryServices/vaults/clitest-vault000002/backupFabrics/Azure/protectionContainers/StorageContainer%3BStorage%3Bclitest.rg000001%3Bclitest000003/operationResults/781c42c6-d988-428c-9e36-13905b3b7856?api-version=2022-02-01
  response:
    body:
      string: '{}'
    headers:
      azure-asyncoperation:
      - https://management.azure.com/subscriptions/00000000-0000-0000-0000-000000000000/resourceGroups/clitest.rg000001/providers/Microsoft.RecoveryServices/vaults/clitest-vault000002/backupFabrics/Azure/protectionContainers/StorageContainer;Storage;clitest.rg000001;clitest000003/operationsStatus/781c42c6-d988-428c-9e36-13905b3b7856?api-version=2019-05-13-preview
      cache-control:
      - no-cache
      content-length:
      - '2'
      content-type:
      - application/json; charset=utf-8
      date:
      - Fri, 19 Aug 2022 07:56:26 GMT
      expires:
      - '-1'
      location:
      - https://management.azure.com/subscriptions/00000000-0000-0000-0000-000000000000/resourceGroups/clitest.rg000001/providers/Microsoft.RecoveryServices/vaults/clitest-vault000002/backupFabrics/Azure/protectionContainers/StorageContainer;Storage;clitest.rg000001;clitest000003/operationResults/781c42c6-d988-428c-9e36-13905b3b7856?api-version=2022-02-01
      pragma:
      - no-cache
      server:
      - Kestrel
      strict-transport-security:
      - max-age=31536000; includeSubDomains
      x-content-type-options:
      - nosniff
      x-ms-ratelimit-remaining-subscription-resource-requests:
      - '299'
    status:
      code: 202
      message: Accepted
- request:
    body: null
    headers:
      Accept:
      - application/json
      Accept-Encoding:
      - gzip, deflate
      CommandName:
      - backup protection enable-for-azurefileshare
      Connection:
      - keep-alive
      ParameterSetName:
      - -g -v --storage-account --azure-file-share -p
      User-Agent:
      - AZURECLI/2.38.0 azsdk-python-mgmt-recoveryservicesbackup/5.0.0 Python/3.8.5
        (Windows-10-10.0.22000-SP0)
    method: GET
    uri: https://management.azure.com/subscriptions/00000000-0000-0000-0000-000000000000/resourceGroups/clitest.rg000001/providers/Microsoft.RecoveryServices/vaults/clitest-vault000002/backupFabrics/Azure/protectionContainers/StorageContainer%3BStorage%3Bclitest.rg000001%3Bclitest000003/operationResults/781c42c6-d988-428c-9e36-13905b3b7856?api-version=2022-02-01
  response:
    body:
      string: '{}'
    headers:
      azure-asyncoperation:
      - https://management.azure.com/subscriptions/00000000-0000-0000-0000-000000000000/resourceGroups/clitest.rg000001/providers/Microsoft.RecoveryServices/vaults/clitest-vault000002/backupFabrics/Azure/protectionContainers/StorageContainer;Storage;clitest.rg000001;clitest000003/operationsStatus/781c42c6-d988-428c-9e36-13905b3b7856?api-version=2019-05-13-preview
      cache-control:
      - no-cache
      content-length:
      - '2'
      content-type:
      - application/json; charset=utf-8
      date:
      - Fri, 19 Aug 2022 07:56:32 GMT
      expires:
      - '-1'
      location:
      - https://management.azure.com/subscriptions/00000000-0000-0000-0000-000000000000/resourceGroups/clitest.rg000001/providers/Microsoft.RecoveryServices/vaults/clitest-vault000002/backupFabrics/Azure/protectionContainers/StorageContainer;Storage;clitest.rg000001;clitest000003/operationResults/781c42c6-d988-428c-9e36-13905b3b7856?api-version=2022-02-01
      pragma:
      - no-cache
      server:
      - Kestrel
      strict-transport-security:
      - max-age=31536000; includeSubDomains
      x-content-type-options:
      - nosniff
      x-ms-ratelimit-remaining-subscription-resource-requests:
      - '298'
    status:
      code: 202
      message: Accepted
- request:
    body: null
    headers:
      Accept:
      - application/json
      Accept-Encoding:
      - gzip, deflate
      CommandName:
      - backup protection enable-for-azurefileshare
      Connection:
      - keep-alive
      ParameterSetName:
      - -g -v --storage-account --azure-file-share -p
      User-Agent:
      - AZURECLI/2.38.0 azsdk-python-mgmt-recoveryservicesbackup/5.0.0 Python/3.8.5
        (Windows-10-10.0.22000-SP0)
    method: GET
    uri: https://management.azure.com/subscriptions/00000000-0000-0000-0000-000000000000/resourceGroups/clitest.rg000001/providers/Microsoft.RecoveryServices/vaults/clitest-vault000002/backupFabrics/Azure/protectionContainers/StorageContainer%3BStorage%3Bclitest.rg000001%3Bclitest000003/operationResults/781c42c6-d988-428c-9e36-13905b3b7856?api-version=2022-02-01
  response:
    body:
      string: '{"id":"/subscriptions/00000000-0000-0000-0000-000000000000/resourceGroups/clitest.rg000001/providers/Microsoft.RecoveryServices/vaults/clitest-vault000002/backupFabrics/Azure/protectionContainers/StorageContainer;Storage;clitest.rg000001;clitest000003","name":"StorageContainer;Storage;clitest.rg000001;clitest000003","properties":{"sourceResourceId":"/subscriptions/00000000-0000-0000-0000-000000000000/resourceGroups/clitest.rg000001/providers/Microsoft.Storage/storageAccounts/clitest000003","protectedItemCount":0,"acquireStorageAccountLock":"Acquire","friendlyName":"clitest000003","backupManagementType":"AzureStorage","registrationStatus":"Registered","healthStatus":"Healthy","containerType":"StorageContainer","protectableObjectType":"StorageContainer"}}'
    headers:
      cache-control:
      - no-cache
      content-length:
      - '763'
      content-type:
      - application/json; charset=utf-8
      date:
      - Fri, 19 Aug 2022 07:56:37 GMT
      expires:
      - '-1'
      pragma:
      - no-cache
      server:
      - Kestrel
      strict-transport-security:
      - max-age=31536000; includeSubDomains
      transfer-encoding:
      - chunked
      vary:
      - Accept-Encoding
      x-content-type-options:
      - nosniff
      x-ms-ratelimit-remaining-subscription-resource-requests:
      - '297'
    status:
      code: 200
      message: OK
- request:
    body: null
    headers:
      Accept:
      - application/json
      Accept-Encoding:
      - gzip, deflate
      CommandName:
      - backup protection enable-for-azurefileshare
      Connection:
      - keep-alive
      ParameterSetName:
      - -g -v --storage-account --azure-file-share -p
      User-Agent:
      - AZURECLI/2.38.0 azsdk-python-mgmt-recoveryservicesbackup/5.0.0 Python/3.8.5
        (Windows-10-10.0.22000-SP0)
    method: GET
    uri: https://management.azure.com/subscriptions/00000000-0000-0000-0000-000000000000/resourceGroups/clitest.rg000001/providers/Microsoft.RecoveryServices/vaults/clitest-vault000002/backupProtectableItems?api-version=2022-02-01&%24filter=backupManagementType+eq+%27AzureStorage%27+and+workloadType+eq+%27AzureFileShare%27
  response:
    body:
      string: '{"value":[]}'
    headers:
      cache-control:
      - no-cache
      content-length:
      - '12'
      content-type:
      - application/json; charset=utf-8
      date:
      - Fri, 19 Aug 2022 07:56:37 GMT
      expires:
      - '-1'
      pragma:
      - no-cache
      server:
      - Kestrel
      strict-transport-security:
      - max-age=31536000; includeSubDomains
      transfer-encoding:
      - chunked
      vary:
      - Accept-Encoding
      x-content-type-options:
      - nosniff
      x-ms-ratelimit-remaining-subscription-resource-requests:
      - '299'
    status:
      code: 200
      message: OK
- request:
    body: null
    headers:
      Accept:
      - application/json
      Accept-Encoding:
      - gzip, deflate
      CommandName:
      - backup protection enable-for-azurefileshare
      Connection:
      - keep-alive
      Content-Length:
      - '0'
      ParameterSetName:
      - -g -v --storage-account --azure-file-share -p
      User-Agent:
      - AZURECLI/2.38.0 azsdk-python-mgmt-recoveryservicesbackup/5.0.0 Python/3.8.5
        (Windows-10-10.0.22000-SP0)
    method: POST
    uri: https://management.azure.com/subscriptions/00000000-0000-0000-0000-000000000000/resourceGroups/clitest.rg000001/providers/Microsoft.RecoveryServices/vaults/clitest-vault000002/backupFabrics/Azure/protectionContainers/StorageContainer%3BStorage%3Bclitest.rg000001%3Bclitest000003/inquire?api-version=2022-02-01&%24filter=workloadType+eq+%27AzureFileShare%27
  response:
    body:
      string: ''
    headers:
      azure-asyncoperation:
      - https://management.azure.com/subscriptions/00000000-0000-0000-0000-000000000000/resourceGroups/clitest.rg000001/providers/Microsoft.RecoveryServices/vaults/clitest-vault000002/backupFabrics/Azure/protectionContainers/StorageContainer;Storage;clitest.rg000001;clitest000003/operationsStatus/c8f6983f-e2dc-48e0-b25b-d37b83461d40?api-version=2019-05-13-preview
      cache-control:
      - no-cache
      content-length:
      - '0'
      date:
      - Fri, 19 Aug 2022 07:56:38 GMT
      expires:
      - '-1'
      location:
      - https://management.azure.com/subscriptions/00000000-0000-0000-0000-000000000000/resourceGroups/clitest.rg000001/providers/Microsoft.RecoveryServices/vaults/clitest-vault000002/backupFabrics/Azure/protectionContainers/StorageContainer;Storage;clitest.rg000001;clitest000003/operationResults/c8f6983f-e2dc-48e0-b25b-d37b83461d40?api-version=2022-02-01
      pragma:
      - no-cache
      server:
      - Kestrel
      strict-transport-security:
      - max-age=31536000; includeSubDomains
      x-content-type-options:
      - nosniff
      x-ms-ratelimit-remaining-subscription-writes:
      - '1198'
    status:
      code: 202
      message: Accepted
- request:
    body: null
    headers:
      Accept:
      - application/json
      Accept-Encoding:
      - gzip, deflate
      CommandName:
      - backup protection enable-for-azurefileshare
      Connection:
      - keep-alive
      ParameterSetName:
      - -g -v --storage-account --azure-file-share -p
      User-Agent:
      - AZURECLI/2.38.0 azsdk-python-mgmt-recoveryservicesbackup/5.0.0 Python/3.8.5
        (Windows-10-10.0.22000-SP0)
    method: GET
    uri: https://management.azure.com/subscriptions/00000000-0000-0000-0000-000000000000/resourceGroups/clitest.rg000001/providers/Microsoft.RecoveryServices/vaults/clitest-vault000002/backupFabrics/Azure/protectionContainers/StorageContainer%3BStorage%3Bclitest.rg000001%3Bclitest000003/operationResults/c8f6983f-e2dc-48e0-b25b-d37b83461d40?api-version=2022-02-01
  response:
    body:
      string: '{}'
    headers:
      azure-asyncoperation:
      - https://management.azure.com/subscriptions/00000000-0000-0000-0000-000000000000/resourceGroups/clitest.rg000001/providers/Microsoft.RecoveryServices/vaults/clitest-vault000002/backupFabrics/Azure/protectionContainers/StorageContainer;Storage;clitest.rg000001;clitest000003/operationsStatus/c8f6983f-e2dc-48e0-b25b-d37b83461d40?api-version=2019-05-13-preview
      cache-control:
      - no-cache
      content-length:
      - '2'
      content-type:
      - application/json; charset=utf-8
      date:
      - Fri, 19 Aug 2022 07:56:38 GMT
      expires:
      - '-1'
      location:
      - https://management.azure.com/subscriptions/00000000-0000-0000-0000-000000000000/resourceGroups/clitest.rg000001/providers/Microsoft.RecoveryServices/vaults/clitest-vault000002/backupFabrics/Azure/protectionContainers/StorageContainer;Storage;clitest.rg000001;clitest000003/operationResults/c8f6983f-e2dc-48e0-b25b-d37b83461d40?api-version=2022-02-01
      pragma:
      - no-cache
      server:
      - Kestrel
      strict-transport-security:
      - max-age=31536000; includeSubDomains
      x-content-type-options:
      - nosniff
      x-ms-ratelimit-remaining-subscription-resource-requests:
      - '299'
    status:
      code: 202
      message: Accepted
- request:
    body: null
    headers:
      Accept:
      - application/json
      Accept-Encoding:
      - gzip, deflate
      CommandName:
      - backup protection enable-for-azurefileshare
      Connection:
      - keep-alive
      ParameterSetName:
      - -g -v --storage-account --azure-file-share -p
      User-Agent:
      - AZURECLI/2.38.0 azsdk-python-mgmt-recoveryservicesbackup/5.0.0 Python/3.8.5
        (Windows-10-10.0.22000-SP0)
    method: GET
    uri: https://management.azure.com/subscriptions/00000000-0000-0000-0000-000000000000/resourceGroups/clitest.rg000001/providers/Microsoft.RecoveryServices/vaults/clitest-vault000002/backupFabrics/Azure/protectionContainers/StorageContainer%3BStorage%3Bclitest.rg000001%3Bclitest000003/operationResults/c8f6983f-e2dc-48e0-b25b-d37b83461d40?api-version=2022-02-01
  response:
    body:
      string: ''
    headers:
      cache-control:
      - no-cache
      date:
      - Fri, 19 Aug 2022 07:56:44 GMT
      expires:
      - '-1'
      pragma:
      - no-cache
      server:
      - Kestrel
      strict-transport-security:
      - max-age=31536000; includeSubDomains
      x-content-type-options:
      - nosniff
      x-ms-ratelimit-remaining-subscription-resource-requests:
      - '298'
    status:
      code: 204
      message: No Content
- request:
    body: null
    headers:
      Accept:
      - application/json
      Accept-Encoding:
      - gzip, deflate
      CommandName:
      - backup protection enable-for-azurefileshare
      Connection:
      - keep-alive
      ParameterSetName:
      - -g -v --storage-account --azure-file-share -p
      User-Agent:
      - AZURECLI/2.38.0 azsdk-python-mgmt-recoveryservicesbackup/5.0.0 Python/3.8.5
        (Windows-10-10.0.22000-SP0)
    method: GET
    uri: https://management.azure.com/subscriptions/00000000-0000-0000-0000-000000000000/resourceGroups/clitest.rg000001/providers/Microsoft.RecoveryServices/vaults/clitest-vault000002/backupProtectableItems?api-version=2022-02-01&%24filter=backupManagementType+eq+%27AzureStorage%27+and+workloadType+eq+%27AzureFileShare%27
  response:
    body:
      string: '{"value":[{"id":"/subscriptions/00000000-0000-0000-0000-000000000000/resourceGroups/clitest.rg000001/providers/Microsoft.RecoveryServices/vaults/clitest-vault000002/backupFabrics/Azure/protectionContainers/storagecontainer;storage;clitest.rg000001;clitest000003/protectableItems/azurefileshare;4e5a2aefad042a2283f38bbcc86be0f3a5c15d1f43770ff7e5ed19ad932856b6","name":"azurefileshare;4e5a2aefad042a2283f38bbcc86be0f3a5c15d1f43770ff7e5ed19ad932856b6","type":"Microsoft.RecoveryServices/vaults/backupFabrics/protectionContainers/protectableItems","properties":{"parentContainerFabricId":"/subscriptions/00000000-0000-0000-0000-000000000000/resourceGroups/clitest.rg000001/providers/Microsoft.Storage/storageAccounts/clitest000003","parentContainerFriendlyName":"clitest000003","azureFileShareType":"XSMB","backupManagementType":"AzureStorage","workloadType":"AzureFileShare","protectableItemType":"AzureFileShare","friendlyName":"clitest-item000004","protectionState":"NotProtected"}}]}'
    headers:
      cache-control:
      - no-cache
      content-length:
      - '983'
      content-type:
      - application/json; charset=utf-8
      date:
      - Fri, 19 Aug 2022 07:56:45 GMT
      expires:
      - '-1'
      pragma:
      - no-cache
      server:
      - Kestrel
      strict-transport-security:
      - max-age=31536000; includeSubDomains
      transfer-encoding:
      - chunked
      vary:
      - Accept-Encoding
      x-content-type-options:
      - nosniff
      x-ms-ratelimit-remaining-subscription-resource-requests:
      - '298'
    status:
      code: 200
      message: OK
- request:
    body: null
    headers:
      Accept:
      - application/json
      Accept-Encoding:
      - gzip, deflate
      CommandName:
      - backup protection enable-for-azurefileshare
      Connection:
      - keep-alive
      ParameterSetName:
      - -g -v --storage-account --azure-file-share -p
      User-Agent:
      - AZURECLI/2.38.0 azsdk-python-mgmt-recoveryservicesbackup/5.0.0 Python/3.8.5
        (Windows-10-10.0.22000-SP0)
    method: GET
    uri: https://management.azure.com/subscriptions/00000000-0000-0000-0000-000000000000/resourceGroups/clitest.rg000001/providers/Microsoft.RecoveryServices/vaults/clitest-vault000002/backupPolicies/clitest-item000005?api-version=2022-02-01
  response:
    body:
      string: '{"id":"/subscriptions/00000000-0000-0000-0000-000000000000/resourceGroups/clitest.rg000001/providers/Microsoft.RecoveryServices/vaults/clitest-vault000002/backupPolicies/clitest-item000005","name":"clitest-item000005","type":"Microsoft.RecoveryServices/vaults/backupPolicies","properties":{"backupManagementType":"AzureStorage","schedulePolicy":{"schedulePolicyType":"SimpleSchedulePolicy","scheduleRunFrequency":"Daily","scheduleRunTimes":["2022-08-19T17:30:00Z"],"scheduleWeeklyFrequency":0},"retentionPolicy":{"retentionPolicyType":"LongTermRetentionPolicy","dailySchedule":{"retentionTimes":["2022-08-19T17:30:00Z"],"retentionDuration":{"count":30,"durationType":"Days"}}},"timeZone":"UTC","protectedItemsCount":0}}'
    headers:
      cache-control:
      - no-cache
      content-length:
      - '719'
      content-type:
      - application/json; charset=utf-8
      date:
      - Fri, 19 Aug 2022 07:56:46 GMT
      expires:
      - '-1'
      pragma:
      - no-cache
      server:
      - Kestrel
      strict-transport-security:
      - max-age=31536000; includeSubDomains
      transfer-encoding:
      - chunked
      vary:
      - Accept-Encoding
      x-content-type-options:
      - nosniff
      x-ms-ratelimit-remaining-subscription-resource-requests:
      - '296'
    status:
      code: 200
      message: OK
- request:
    body: '{"properties": {"protectedItemType": "AzureFileShareProtectedItem", "sourceResourceId":
      "/subscriptions/00000000-0000-0000-0000-000000000000/resourceGroups/clitest.rg000001/providers/Microsoft.Storage/storageAccounts/clitest000003",
      "policyId": "/subscriptions/00000000-0000-0000-0000-000000000000/resourceGroups/clitest.rg000001/providers/Microsoft.RecoveryServices/vaults/clitest-vault000002/backupPolicies/clitest-item000005"}}'
    headers:
      Accept:
      - application/json
      Accept-Encoding:
      - gzip, deflate
      CommandName:
      - backup protection enable-for-azurefileshare
      Connection:
      - keep-alive
      Content-Length:
      - '430'
      Content-Type:
      - application/json
      ParameterSetName:
      - -g -v --storage-account --azure-file-share -p
      User-Agent:
      - AZURECLI/2.38.0 azsdk-python-mgmt-recoveryservicesbackup/5.0.0 Python/3.8.5
        (Windows-10-10.0.22000-SP0)
    method: PUT
    uri: https://management.azure.com/subscriptions/00000000-0000-0000-0000-000000000000/resourceGroups/clitest.rg000001/providers/Microsoft.RecoveryServices/vaults/clitest-vault000002/backupFabrics/Azure/protectionContainers/storagecontainer%3Bstorage%3Bclitest.rg000001%3Bclitest000003/protectedItems/azurefileshare%3B4e5a2aefad042a2283f38bbcc86be0f3a5c15d1f43770ff7e5ed19ad932856b6?api-version=2022-02-01
  response:
    body:
      string: ''
    headers:
      azure-asyncoperation:
      - https://management.azure.com/subscriptions/00000000-0000-0000-0000-000000000000/resourceGroups/clitest.rg000001/providers/Microsoft.RecoveryServices/vaults/clitest-vault000002/backupFabrics/Azure/protectionContainers/storagecontainer;storage;clitest.rg000001;clitest000003/protectedItems/azurefileshare;4e5a2aefad042a2283f38bbcc86be0f3a5c15d1f43770ff7e5ed19ad932856b6/operationsStatus/72f1da1e-ace5-4249-bff8-91399856ee1f?api-version=2022-02-01
      cache-control:
      - no-cache
      content-length:
      - '0'
      date:
      - Fri, 19 Aug 2022 07:56:46 GMT
      expires:
      - '-1'
      location:
      - https://management.azure.com/subscriptions/00000000-0000-0000-0000-000000000000/resourceGroups/clitest.rg000001/providers/Microsoft.RecoveryServices/vaults/clitest-vault000002/backupFabrics/Azure/protectionContainers/storagecontainer;storage;clitest.rg000001;clitest000003/protectedItems/azurefileshare;4e5a2aefad042a2283f38bbcc86be0f3a5c15d1f43770ff7e5ed19ad932856b6/operationResults/72f1da1e-ace5-4249-bff8-91399856ee1f?api-version=2022-02-01
      pragma:
      - no-cache
      server:
      - Kestrel
      strict-transport-security:
      - max-age=31536000; includeSubDomains
      x-content-type-options:
      - nosniff
      x-ms-ratelimit-remaining-subscription-writes:
      - '1197'
    status:
      code: 202
      message: Accepted
- request:
    body: null
    headers:
      Accept:
      - application/json
      Accept-Encoding:
      - gzip, deflate
      CommandName:
      - backup protection enable-for-azurefileshare
      Connection:
      - keep-alive
      ParameterSetName:
      - -g -v --storage-account --azure-file-share -p
      User-Agent:
      - AZURECLI/2.38.0 azsdk-python-mgmt-recoveryservicesbackup/5.0.0 Python/3.8.5
        (Windows-10-10.0.22000-SP0)
    method: GET
    uri: https://management.azure.com/subscriptions/00000000-0000-0000-0000-000000000000/resourceGroups/clitest.rg000001/providers/Microsoft.RecoveryServices/vaults/clitest-vault000002/backupOperations/72f1da1e-ace5-4249-bff8-91399856ee1f?api-version=2022-02-01
  response:
    body:
      string: '{"id":"72f1da1e-ace5-4249-bff8-91399856ee1f","name":"72f1da1e-ace5-4249-bff8-91399856ee1f","status":"InProgress","startTime":"2022-08-19T07:56:47.5681962Z","endTime":"0001-01-01T00:00:00"}'
    headers:
      cache-control:
      - no-cache
      content-length:
      - '188'
      content-type:
      - application/json; charset=utf-8
      date:
      - Fri, 19 Aug 2022 07:56:48 GMT
      expires:
      - '-1'
      pragma:
      - no-cache
      server:
      - Kestrel
      strict-transport-security:
      - max-age=31536000; includeSubDomains
      transfer-encoding:
      - chunked
      vary:
      - Accept-Encoding
      x-content-type-options:
      - nosniff
      x-ms-ratelimit-remaining-subscription-resource-requests:
      - '297'
    status:
      code: 200
      message: OK
- request:
    body: null
    headers:
      Accept:
      - application/json
      Accept-Encoding:
      - gzip, deflate
      CommandName:
      - backup protection enable-for-azurefileshare
      Connection:
      - keep-alive
      ParameterSetName:
      - -g -v --storage-account --azure-file-share -p
      User-Agent:
      - AZURECLI/2.38.0 azsdk-python-mgmt-recoveryservicesbackup/5.0.0 Python/3.8.5
        (Windows-10-10.0.22000-SP0)
    method: GET
    uri: https://management.azure.com/subscriptions/00000000-0000-0000-0000-000000000000/resourceGroups/clitest.rg000001/providers/Microsoft.RecoveryServices/vaults/clitest-vault000002/backupOperations/72f1da1e-ace5-4249-bff8-91399856ee1f?api-version=2022-02-01
  response:
    body:
      string: '{"id":"72f1da1e-ace5-4249-bff8-91399856ee1f","name":"72f1da1e-ace5-4249-bff8-91399856ee1f","status":"InProgress","startTime":"2022-08-19T07:56:47.5681962Z","endTime":"0001-01-01T00:00:00"}'
    headers:
      cache-control:
      - no-cache
      content-length:
      - '188'
      content-type:
      - application/json; charset=utf-8
      date:
      - Fri, 19 Aug 2022 07:56:53 GMT
      expires:
      - '-1'
      pragma:
      - no-cache
      server:
      - Kestrel
      strict-transport-security:
      - max-age=31536000; includeSubDomains
      transfer-encoding:
      - chunked
      vary:
      - Accept-Encoding
      x-content-type-options:
      - nosniff
      x-ms-ratelimit-remaining-subscription-resource-requests:
      - '294'
    status:
      code: 200
      message: OK
- request:
    body: null
    headers:
      Accept:
      - application/json
      Accept-Encoding:
      - gzip, deflate
      CommandName:
      - backup protection enable-for-azurefileshare
      Connection:
      - keep-alive
      ParameterSetName:
      - -g -v --storage-account --azure-file-share -p
      User-Agent:
      - AZURECLI/2.38.0 azsdk-python-mgmt-recoveryservicesbackup/5.0.0 Python/3.8.5
        (Windows-10-10.0.22000-SP0)
    method: GET
    uri: https://management.azure.com/subscriptions/00000000-0000-0000-0000-000000000000/resourceGroups/clitest.rg000001/providers/Microsoft.RecoveryServices/vaults/clitest-vault000002/backupOperations/72f1da1e-ace5-4249-bff8-91399856ee1f?api-version=2022-02-01
  response:
    body:
      string: '{"id":"72f1da1e-ace5-4249-bff8-91399856ee1f","name":"72f1da1e-ace5-4249-bff8-91399856ee1f","status":"InProgress","startTime":"2022-08-19T07:56:47.5681962Z","endTime":"0001-01-01T00:00:00"}'
    headers:
      cache-control:
      - no-cache
      content-length:
      - '188'
      content-type:
      - application/json; charset=utf-8
      date:
      - Fri, 19 Aug 2022 07:56:58 GMT
      expires:
      - '-1'
      pragma:
      - no-cache
      server:
      - Kestrel
      strict-transport-security:
      - max-age=31536000; includeSubDomains
      transfer-encoding:
      - chunked
      vary:
      - Accept-Encoding
      x-content-type-options:
      - nosniff
      x-ms-ratelimit-remaining-subscription-resource-requests:
      - '291'
    status:
      code: 200
      message: OK
- request:
    body: null
    headers:
      Accept:
      - application/json
      Accept-Encoding:
      - gzip, deflate
      CommandName:
      - backup protection enable-for-azurefileshare
      Connection:
      - keep-alive
      ParameterSetName:
      - -g -v --storage-account --azure-file-share -p
      User-Agent:
      - AZURECLI/2.38.0 azsdk-python-mgmt-recoveryservicesbackup/5.0.0 Python/3.8.5
        (Windows-10-10.0.22000-SP0)
    method: GET
    uri: https://management.azure.com/subscriptions/00000000-0000-0000-0000-000000000000/resourceGroups/clitest.rg000001/providers/Microsoft.RecoveryServices/vaults/clitest-vault000002/backupOperations/72f1da1e-ace5-4249-bff8-91399856ee1f?api-version=2022-02-01
  response:
    body:
      string: '{"id":"72f1da1e-ace5-4249-bff8-91399856ee1f","name":"72f1da1e-ace5-4249-bff8-91399856ee1f","status":"InProgress","startTime":"2022-08-19T07:56:47.5681962Z","endTime":"0001-01-01T00:00:00"}'
    headers:
      cache-control:
      - no-cache
      content-length:
      - '188'
      content-type:
      - application/json; charset=utf-8
      date:
      - Fri, 19 Aug 2022 07:57:03 GMT
      expires:
      - '-1'
      pragma:
      - no-cache
      server:
      - Kestrel
      strict-transport-security:
      - max-age=31536000; includeSubDomains
      transfer-encoding:
      - chunked
      vary:
      - Accept-Encoding
      x-content-type-options:
      - nosniff
      x-ms-ratelimit-remaining-subscription-resource-requests:
      - '288'
    status:
      code: 200
      message: OK
- request:
    body: null
    headers:
      Accept:
      - application/json
      Accept-Encoding:
      - gzip, deflate
      CommandName:
      - backup protection enable-for-azurefileshare
      Connection:
      - keep-alive
      ParameterSetName:
      - -g -v --storage-account --azure-file-share -p
      User-Agent:
      - AZURECLI/2.38.0 azsdk-python-mgmt-recoveryservicesbackup/5.0.0 Python/3.8.5
        (Windows-10-10.0.22000-SP0)
    method: GET
    uri: https://management.azure.com/subscriptions/00000000-0000-0000-0000-000000000000/resourceGroups/clitest.rg000001/providers/Microsoft.RecoveryServices/vaults/clitest-vault000002/backupOperations/72f1da1e-ace5-4249-bff8-91399856ee1f?api-version=2022-02-01
  response:
    body:
      string: '{"id":"72f1da1e-ace5-4249-bff8-91399856ee1f","name":"72f1da1e-ace5-4249-bff8-91399856ee1f","status":"InProgress","startTime":"2022-08-19T07:56:47.5681962Z","endTime":"0001-01-01T00:00:00"}'
    headers:
      cache-control:
      - no-cache
      content-length:
      - '188'
      content-type:
      - application/json; charset=utf-8
      date:
      - Fri, 19 Aug 2022 07:57:08 GMT
      expires:
      - '-1'
      pragma:
      - no-cache
      server:
      - Kestrel
      strict-transport-security:
      - max-age=31536000; includeSubDomains
      transfer-encoding:
      - chunked
      vary:
      - Accept-Encoding
      x-content-type-options:
      - nosniff
      x-ms-ratelimit-remaining-subscription-resource-requests:
      - '285'
    status:
      code: 200
      message: OK
- request:
    body: null
    headers:
      Accept:
      - application/json
      Accept-Encoding:
      - gzip, deflate
      CommandName:
      - backup protection enable-for-azurefileshare
      Connection:
      - keep-alive
      ParameterSetName:
      - -g -v --storage-account --azure-file-share -p
      User-Agent:
      - AZURECLI/2.38.0 azsdk-python-mgmt-recoveryservicesbackup/5.0.0 Python/3.8.5
        (Windows-10-10.0.22000-SP0)
    method: GET
    uri: https://management.azure.com/subscriptions/00000000-0000-0000-0000-000000000000/resourceGroups/clitest.rg000001/providers/Microsoft.RecoveryServices/vaults/clitest-vault000002/backupOperations/72f1da1e-ace5-4249-bff8-91399856ee1f?api-version=2022-02-01
  response:
    body:
      string: '{"id":"72f1da1e-ace5-4249-bff8-91399856ee1f","name":"72f1da1e-ace5-4249-bff8-91399856ee1f","status":"InProgress","startTime":"2022-08-19T07:56:47.5681962Z","endTime":"0001-01-01T00:00:00"}'
    headers:
      cache-control:
      - no-cache
      content-length:
      - '188'
      content-type:
      - application/json; charset=utf-8
      date:
      - Fri, 19 Aug 2022 07:57:14 GMT
      expires:
      - '-1'
      pragma:
      - no-cache
      server:
      - Kestrel
      strict-transport-security:
      - max-age=31536000; includeSubDomains
      transfer-encoding:
      - chunked
      vary:
      - Accept-Encoding
      x-content-type-options:
      - nosniff
      x-ms-ratelimit-remaining-subscription-resource-requests:
      - '282'
    status:
      code: 200
      message: OK
- request:
    body: null
    headers:
      Accept:
      - application/json
      Accept-Encoding:
      - gzip, deflate
      CommandName:
      - backup protection enable-for-azurefileshare
      Connection:
      - keep-alive
      ParameterSetName:
      - -g -v --storage-account --azure-file-share -p
      User-Agent:
      - AZURECLI/2.38.0 azsdk-python-mgmt-recoveryservicesbackup/5.0.0 Python/3.8.5
        (Windows-10-10.0.22000-SP0)
    method: GET
    uri: https://management.azure.com/subscriptions/00000000-0000-0000-0000-000000000000/resourceGroups/clitest.rg000001/providers/Microsoft.RecoveryServices/vaults/clitest-vault000002/backupOperations/72f1da1e-ace5-4249-bff8-91399856ee1f?api-version=2022-02-01
  response:
    body:
      string: '{"id":"72f1da1e-ace5-4249-bff8-91399856ee1f","name":"72f1da1e-ace5-4249-bff8-91399856ee1f","status":"InProgress","startTime":"2022-08-19T07:56:47.5681962Z","endTime":"0001-01-01T00:00:00"}'
    headers:
      cache-control:
      - no-cache
      content-length:
      - '188'
      content-type:
      - application/json; charset=utf-8
      date:
      - Fri, 19 Aug 2022 07:57:19 GMT
      expires:
      - '-1'
      pragma:
      - no-cache
      server:
      - Kestrel
      strict-transport-security:
      - max-age=31536000; includeSubDomains
      transfer-encoding:
      - chunked
      vary:
      - Accept-Encoding
      x-content-type-options:
      - nosniff
      x-ms-ratelimit-remaining-subscription-resource-requests:
      - '279'
    status:
      code: 200
      message: OK
- request:
    body: null
    headers:
      Accept:
      - application/json
      Accept-Encoding:
      - gzip, deflate
      CommandName:
      - backup protection enable-for-azurefileshare
      Connection:
      - keep-alive
      ParameterSetName:
      - -g -v --storage-account --azure-file-share -p
      User-Agent:
      - AZURECLI/2.38.0 azsdk-python-mgmt-recoveryservicesbackup/5.0.0 Python/3.8.5
        (Windows-10-10.0.22000-SP0)
    method: GET
    uri: https://management.azure.com/subscriptions/00000000-0000-0000-0000-000000000000/resourceGroups/clitest.rg000001/providers/Microsoft.RecoveryServices/vaults/clitest-vault000002/backupOperations/72f1da1e-ace5-4249-bff8-91399856ee1f?api-version=2022-02-01
  response:
    body:
      string: '{"id":"72f1da1e-ace5-4249-bff8-91399856ee1f","name":"72f1da1e-ace5-4249-bff8-91399856ee1f","status":"InProgress","startTime":"2022-08-19T07:56:47.5681962Z","endTime":"0001-01-01T00:00:00"}'
    headers:
      cache-control:
      - no-cache
      content-length:
      - '188'
      content-type:
      - application/json; charset=utf-8
      date:
      - Fri, 19 Aug 2022 07:57:24 GMT
      expires:
      - '-1'
      pragma:
      - no-cache
      server:
      - Kestrel
      strict-transport-security:
      - max-age=31536000; includeSubDomains
      transfer-encoding:
      - chunked
      vary:
      - Accept-Encoding
      x-content-type-options:
      - nosniff
      x-ms-ratelimit-remaining-subscription-resource-requests:
      - '276'
    status:
      code: 200
      message: OK
- request:
    body: null
    headers:
      Accept:
      - application/json
      Accept-Encoding:
      - gzip, deflate
      CommandName:
      - backup protection enable-for-azurefileshare
      Connection:
      - keep-alive
      ParameterSetName:
      - -g -v --storage-account --azure-file-share -p
      User-Agent:
      - AZURECLI/2.38.0 azsdk-python-mgmt-recoveryservicesbackup/5.0.0 Python/3.8.5
        (Windows-10-10.0.22000-SP0)
    method: GET
    uri: https://management.azure.com/subscriptions/00000000-0000-0000-0000-000000000000/resourceGroups/clitest.rg000001/providers/Microsoft.RecoveryServices/vaults/clitest-vault000002/backupOperations/72f1da1e-ace5-4249-bff8-91399856ee1f?api-version=2022-02-01
  response:
    body:
      string: '{"id":"72f1da1e-ace5-4249-bff8-91399856ee1f","name":"72f1da1e-ace5-4249-bff8-91399856ee1f","status":"Succeeded","startTime":"2022-08-19T07:56:47.5681962Z","endTime":"2022-08-19T07:56:47.5681962Z","properties":{"objectType":"OperationStatusJobExtendedInfo","jobId":"5da64932-a41b-46c0-b007-02581bef47f0"}}'
    headers:
      cache-control:
      - no-cache
      content-length:
      - '304'
      content-type:
      - application/json; charset=utf-8
      date:
      - Fri, 19 Aug 2022 07:57:31 GMT
      expires:
      - '-1'
      pragma:
      - no-cache
      server:
      - Kestrel
      strict-transport-security:
      - max-age=31536000; includeSubDomains
      transfer-encoding:
      - chunked
      vary:
      - Accept-Encoding
      x-content-type-options:
      - nosniff
      x-ms-ratelimit-remaining-subscription-resource-requests:
      - '273'
    status:
      code: 200
      message: OK
- request:
    body: null
    headers:
      Accept:
      - application/json
      Accept-Encoding:
      - gzip, deflate
      CommandName:
      - backup protection enable-for-azurefileshare
      Connection:
      - keep-alive
      ParameterSetName:
      - -g -v --storage-account --azure-file-share -p
      User-Agent:
      - AZURECLI/2.38.0 azsdk-python-mgmt-recoveryservicesbackup/5.0.0 Python/3.8.5
        (Windows-10-10.0.22000-SP0)
    method: GET
    uri: https://management.azure.com/subscriptions/00000000-0000-0000-0000-000000000000/resourceGroups/clitest.rg000001/providers/Microsoft.RecoveryServices/vaults/clitest-vault000002/backupJobs/5da64932-a41b-46c0-b007-02581bef47f0?api-version=2022-02-01
  response:
    body:
      string: '{"id":"/subscriptions/00000000-0000-0000-0000-000000000000/resourceGroups/clitest.rg000001/providers/Microsoft.RecoveryServices/vaults/clitest-vault000002/backupJobs/5da64932-a41b-46c0-b007-02581bef47f0","name":"5da64932-a41b-46c0-b007-02581bef47f0","type":"Microsoft.RecoveryServices/vaults/backupJobs","properties":{"jobType":"AzureStorageJob","duration":"PT42.129371S","storageAccountName":"clitest000003","storageAccountVersion":"Storage","extendedInfo":{"tasksList":[],"propertyBag":{"File
        Share Name":"clitest-item000004","Storage Account Name":"clitest000003","Policy
        Name":"clitest-item000005"}},"isUserTriggered":false,"entityFriendlyName":"clitest-item000004","backupManagementType":"AzureStorage","operation":"ConfigureBackup","status":"Completed","startTime":"2022-08-19T07:56:47.5681962Z","endTime":"2022-08-19T07:57:29.6975672Z","activityId":"61edfd0b-1f94-11ed-86b4-c8f750f92764"}}'
    headers:
      cache-control:
      - no-cache
      content-length:
      - '896'
      content-type:
      - application/json; charset=utf-8
      date:
      - Fri, 19 Aug 2022 07:57:31 GMT
      expires:
      - '-1'
      pragma:
      - no-cache
      server:
      - Kestrel
      strict-transport-security:
      - max-age=31536000; includeSubDomains
      transfer-encoding:
      - chunked
      vary:
      - Accept-Encoding
      x-content-type-options:
      - nosniff
      x-ms-ratelimit-remaining-subscription-resource-requests:
      - '149'
    status:
      code: 200
      message: OK
- request:
    body: null
    headers:
      Accept:
      - application/json
      Accept-Encoding:
      - gzip, deflate
      CommandName:
      - backup protection backup-now
      Connection:
      - keep-alive
      ParameterSetName:
      - -g -v -c -i --retain-until --backup-management-type --query
      User-Agent:
      - AZURECLI/2.38.0 azsdk-python-mgmt-recoveryservicesbackup/5.0.0 Python/3.8.5
        (Windows-10-10.0.22000-SP0)
    method: GET
    uri: https://management.azure.com/subscriptions/00000000-0000-0000-0000-000000000000/resourceGroups/clitest.rg000001/providers/Microsoft.RecoveryServices/vaults/clitest-vault000002/backupProtectedItems?api-version=2022-02-01&%24filter=backupManagementType+eq+%27AzureStorage%27
  response:
    body:
      string: '{"value":[{"id":"/subscriptions/00000000-0000-0000-0000-000000000000/resourceGroups/clitest.rg000001/providers/Microsoft.RecoveryServices/vaults/clitest-vault000002/backupFabrics/Azure/protectionContainers/StorageContainer;storage;clitest.rg000001;clitest000003/protectedItems/AzureFileShare;4e5a2aefad042a2283f38bbcc86be0f3a5c15d1f43770ff7e5ed19ad932856b6","name":"AzureFileShare;4e5a2aefad042a2283f38bbcc86be0f3a5c15d1f43770ff7e5ed19ad932856b6","type":"Microsoft.RecoveryServices/vaults/backupFabrics/protectionContainers/protectedItems","properties":{"kpisHealths":{},"friendlyName":"clitest-item000004","protectionStatus":"Healthy","protectionState":"IRPending","lastBackupStatus":"IRPending","protectedItemType":"AzureFileShareProtectedItem","backupManagementType":"AzureStorage","workloadType":"AzureFileShare","containerName":"StorageContainer;storage;clitest.rg000001;clitest000003","sourceResourceId":"/subscriptions/00000000-0000-0000-0000-000000000000/resourceGroups/clitest.rg000001/providers/Microsoft.storage/storageAccounts/clitest000003","policyId":"/subscriptions/00000000-0000-0000-0000-000000000000/resourceGroups/clitest.rg000001/providers/Microsoft.RecoveryServices/vaults/clitest-vault000002/backupPolicies/clitest-item000005","isArchiveEnabled":false}}]}'
    headers:
      cache-control:
      - no-cache
      content-length:
      - '1277'
      content-type:
      - application/json; charset=utf-8
      date:
      - Fri, 19 Aug 2022 07:57:32 GMT
      expires:
      - '-1'
      pragma:
      - no-cache
      server:
      - Kestrel
      strict-transport-security:
      - max-age=31536000; includeSubDomains
      transfer-encoding:
      - chunked
      vary:
      - Accept-Encoding
      x-content-type-options:
      - nosniff
      x-ms-ratelimit-remaining-subscription-resource-requests:
      - '299'
    status:
      code: 200
      message: OK
- request:
    body: '{"properties": {"objectType": "AzureFileShareBackupRequest", "recoveryPointExpiryTimeInUTC":
      "2022-09-18T00:00:00.000Z"}}'
    headers:
      Accept:
      - application/json
      Accept-Encoding:
      - gzip, deflate
      CommandName:
      - backup protection backup-now
      Connection:
      - keep-alive
      Content-Length:
      - '121'
      Content-Type:
      - application/json
      ParameterSetName:
      - -g -v -c -i --retain-until --backup-management-type --query
      User-Agent:
      - AZURECLI/2.38.0 azsdk-python-mgmt-recoveryservicesbackup/5.0.0 Python/3.8.5
        (Windows-10-10.0.22000-SP0)
    method: POST
    uri: https://management.azure.com/subscriptions/00000000-0000-0000-0000-000000000000/resourceGroups/clitest.rg000001/providers/Microsoft.RecoveryServices/vaults/clitest-vault000002/backupFabrics/Azure/protectionContainers/StorageContainer%3Bstorage%3Bclitest.rg000001%3Bclitest000003/protectedItems/AzureFileShare%3B4e5a2aefad042a2283f38bbcc86be0f3a5c15d1f43770ff7e5ed19ad932856b6/backup?api-version=2022-02-01
  response:
    body:
      string: ''
    headers:
      azure-asyncoperation:
      - https://management.azure.com/subscriptions/00000000-0000-0000-0000-000000000000/resourceGroups/clitest.rg000001/providers/Microsoft.RecoveryServices/vaults/clitest-vault000002/backupFabrics/Azure/protectionContainers/StorageContainer;storage;clitest.rg000001;clitest000003/protectedItems/AzureFileShare;4e5a2aefad042a2283f38bbcc86be0f3a5c15d1f43770ff7e5ed19ad932856b6/operationsStatus/1785e02d-d6bf-446a-a4d2-5daee9c2f20c?api-version=2022-02-01
      cache-control:
      - no-cache
      content-length:
      - '0'
      date:
      - Fri, 19 Aug 2022 07:57:32 GMT
      expires:
      - '-1'
      location:
      - https://management.azure.com/subscriptions/00000000-0000-0000-0000-000000000000/resourceGroups/clitest.rg000001/providers/Microsoft.RecoveryServices/vaults/clitest-vault000002/backupFabrics/Azure/protectionContainers/StorageContainer;storage;clitest.rg000001;clitest000003/protectedItems/AzureFileShare;4e5a2aefad042a2283f38bbcc86be0f3a5c15d1f43770ff7e5ed19ad932856b6/operationResults/1785e02d-d6bf-446a-a4d2-5daee9c2f20c?api-version=2022-02-01
      pragma:
      - no-cache
      server:
      - Kestrel
      strict-transport-security:
      - max-age=31536000; includeSubDomains
      x-content-type-options:
      - nosniff
      x-ms-ratelimit-remaining-subscription-writes:
      - '1196'
    status:
      code: 202
      message: Accepted
- request:
    body: null
    headers:
      Accept:
      - application/json
      Accept-Encoding:
      - gzip, deflate
      CommandName:
      - backup protection backup-now
      Connection:
      - keep-alive
      ParameterSetName:
      - -g -v -c -i --retain-until --backup-management-type --query
      User-Agent:
      - AZURECLI/2.38.0 azsdk-python-mgmt-recoveryservicesbackup/5.0.0 Python/3.8.5
        (Windows-10-10.0.22000-SP0)
    method: GET
    uri: https://management.azure.com/subscriptions/00000000-0000-0000-0000-000000000000/resourceGroups/clitest.rg000001/providers/Microsoft.RecoveryServices/vaults/clitest-vault000002/backupOperations/1785e02d-d6bf-446a-a4d2-5daee9c2f20c?api-version=2022-02-01
  response:
    body:
      string: '{"id":"1785e02d-d6bf-446a-a4d2-5daee9c2f20c","name":"1785e02d-d6bf-446a-a4d2-5daee9c2f20c","status":"Succeeded","startTime":"2022-08-19T07:57:32.9919824Z","endTime":"2022-08-19T07:57:32.9919824Z","properties":{"objectType":"OperationStatusJobExtendedInfo","jobId":"293d7655-79e1-46ce-9ede-6a9241b74708"}}'
    headers:
      cache-control:
      - no-cache
      content-length:
      - '304'
      content-type:
      - application/json; charset=utf-8
      date:
      - Fri, 19 Aug 2022 07:57:33 GMT
      expires:
      - '-1'
      pragma:
      - no-cache
      server:
      - Kestrel
      strict-transport-security:
      - max-age=31536000; includeSubDomains
      transfer-encoding:
      - chunked
      vary:
      - Accept-Encoding
      x-content-type-options:
      - nosniff
      x-ms-ratelimit-remaining-subscription-resource-requests:
      - '272'
    status:
      code: 200
      message: OK
- request:
    body: null
    headers:
      Accept:
      - application/json
      Accept-Encoding:
      - gzip, deflate
      CommandName:
      - backup protection backup-now
      Connection:
      - keep-alive
      ParameterSetName:
      - -g -v -c -i --retain-until --backup-management-type --query
      User-Agent:
      - AZURECLI/2.38.0 azsdk-python-mgmt-recoveryservicesbackup/5.0.0 Python/3.8.5
        (Windows-10-10.0.22000-SP0)
    method: GET
    uri: https://management.azure.com/subscriptions/00000000-0000-0000-0000-000000000000/resourceGroups/clitest.rg000001/providers/Microsoft.RecoveryServices/vaults/clitest-vault000002/backupJobs/293d7655-79e1-46ce-9ede-6a9241b74708?api-version=2022-02-01
  response:
    body:
      string: '{"id":"/subscriptions/00000000-0000-0000-0000-000000000000/resourceGroups/clitest.rg000001/providers/Microsoft.RecoveryServices/vaults/clitest-vault000002/backupJobs/293d7655-79e1-46ce-9ede-6a9241b74708","name":"293d7655-79e1-46ce-9ede-6a9241b74708","type":"Microsoft.RecoveryServices/vaults/backupJobs","properties":{"jobType":"AzureStorageJob","actionsInfo":[1],"duration":"PT1.1510095S","storageAccountName":"clitest000003","storageAccountVersion":"Storage","extendedInfo":{"tasksList":[],"propertyBag":{"File
        Share Name":"clitest-item000004"}},"isUserTriggered":false,"entityFriendlyName":"clitest-item000004","backupManagementType":"AzureStorage","operation":"Backup","status":"InProgress","startTime":"2022-08-19T07:57:32.9919824Z","activityId":"93eb0d69-1f94-11ed-a0cb-c8f750f92764"}}'
    headers:
      cache-control:
      - no-cache
      content-length:
      - '791'
      content-type:
      - application/json; charset=utf-8
      date:
      - Fri, 19 Aug 2022 07:57:34 GMT
      expires:
      - '-1'
      pragma:
      - no-cache
      server:
      - Kestrel
      strict-transport-security:
      - max-age=31536000; includeSubDomains
      transfer-encoding:
      - chunked
      vary:
      - Accept-Encoding
      x-content-type-options:
      - nosniff
      x-ms-ratelimit-remaining-subscription-resource-requests:
      - '147'
    status:
      code: 200
      message: OK
- request:
    body: null
    headers:
      Accept:
      - application/json
      Accept-Encoding:
      - gzip, deflate
      CommandName:
      - backup job wait
      Connection:
      - keep-alive
      ParameterSetName:
      - -g -v -n
      User-Agent:
      - AZURECLI/2.38.0 azsdk-python-mgmt-recoveryservicesbackup/5.0.0 Python/3.8.5
        (Windows-10-10.0.22000-SP0)
    method: GET
    uri: https://management.azure.com/subscriptions/00000000-0000-0000-0000-000000000000/resourceGroups/clitest.rg000001/providers/Microsoft.RecoveryServices/vaults/clitest-vault000002/backupJobs/293d7655-79e1-46ce-9ede-6a9241b74708?api-version=2022-02-01
  response:
    body:
      string: '{"id":"/subscriptions/00000000-0000-0000-0000-000000000000/resourceGroups/clitest.rg000001/providers/Microsoft.RecoveryServices/vaults/clitest-vault000002/backupJobs/293d7655-79e1-46ce-9ede-6a9241b74708","name":"293d7655-79e1-46ce-9ede-6a9241b74708","type":"Microsoft.RecoveryServices/vaults/backupJobs","properties":{"jobType":"AzureStorageJob","duration":"PT1.7160552S","storageAccountName":"clitest000003","storageAccountVersion":"MicrosoftStorage","extendedInfo":{"tasksList":[{"taskId":"Take
        Snapshot","status":"InProgress"}],"propertyBag":{"Data Transferred (in MB)":"0","File
        Share Name":"clitest-item000004","Whether job is adhoc or scheduled.":"True"}},"isUserTriggered":false,"entityFriendlyName":"clitest-item000004","backupManagementType":"AzureStorage","operation":"Backup","status":"InProgress","startTime":"2022-08-19T07:57:32.9919824Z","activityId":"93eb0d69-1f94-11ed-a0cb-c8f750f92764"}}'
    headers:
      cache-control:
      - no-cache
      content-length:
      - '905'
      content-type:
      - application/json; charset=utf-8
      date:
      - Fri, 19 Aug 2022 07:57:34 GMT
      expires:
      - '-1'
      pragma:
      - no-cache
      server:
      - Kestrel
      strict-transport-security:
      - max-age=31536000; includeSubDomains
      transfer-encoding:
      - chunked
      vary:
      - Accept-Encoding
      x-content-type-options:
      - nosniff
      x-ms-ratelimit-remaining-subscription-resource-requests:
      - '148'
    status:
      code: 200
      message: OK
- request:
    body: null
    headers:
      Accept:
      - application/json
      Accept-Encoding:
      - gzip, deflate
      CommandName:
      - backup job wait
      Connection:
      - keep-alive
      ParameterSetName:
      - -g -v -n
      User-Agent:
      - AZURECLI/2.38.0 azsdk-python-mgmt-recoveryservicesbackup/5.0.0 Python/3.8.5
        (Windows-10-10.0.22000-SP0)
    method: GET
    uri: https://management.azure.com/subscriptions/00000000-0000-0000-0000-000000000000/resourceGroups/clitest.rg000001/providers/Microsoft.RecoveryServices/vaults/clitest-vault000002/backupJobs/293d7655-79e1-46ce-9ede-6a9241b74708?api-version=2022-02-01
  response:
    body:
      string: '{"id":"/subscriptions/00000000-0000-0000-0000-000000000000/resourceGroups/clitest.rg000001/providers/Microsoft.RecoveryServices/vaults/clitest-vault000002/backupJobs/293d7655-79e1-46ce-9ede-6a9241b74708","name":"293d7655-79e1-46ce-9ede-6a9241b74708","type":"Microsoft.RecoveryServices/vaults/backupJobs","properties":{"jobType":"AzureStorageJob","duration":"PT2.1024088S","storageAccountName":"clitest000003","storageAccountVersion":"MicrosoftStorage","extendedInfo":{"tasksList":[{"taskId":"Take
        Snapshot","status":"InProgress"}],"propertyBag":{"Data Transferred (in MB)":"0","File
        Share Name":"clitest-item000004","Whether job is adhoc or scheduled.":"True"}},"isUserTriggered":false,"entityFriendlyName":"clitest-item000004","backupManagementType":"AzureStorage","operation":"Backup","status":"InProgress","startTime":"2022-08-19T07:57:32.9919824Z","activityId":"93eb0d69-1f94-11ed-a0cb-c8f750f92764"}}'
    headers:
      cache-control:
      - no-cache
      content-length:
      - '905'
      content-type:
      - application/json; charset=utf-8
      date:
      - Fri, 19 Aug 2022 07:57:35 GMT
      expires:
      - '-1'
      pragma:
      - no-cache
      server:
      - Kestrel
      strict-transport-security:
      - max-age=31536000; includeSubDomains
      transfer-encoding:
      - chunked
      vary:
      - Accept-Encoding
      x-content-type-options:
      - nosniff
      x-ms-ratelimit-remaining-subscription-resource-requests:
      - '147'
    status:
      code: 200
      message: OK
- request:
    body: null
    headers:
      Accept:
      - application/json
      Accept-Encoding:
      - gzip, deflate
      CommandName:
      - backup job wait
      Connection:
      - keep-alive
      ParameterSetName:
      - -g -v -n
      User-Agent:
      - AZURECLI/2.38.0 azsdk-python-mgmt-recoveryservicesbackup/5.0.0 Python/3.8.5
        (Windows-10-10.0.22000-SP0)
    method: GET
    uri: https://management.azure.com/subscriptions/00000000-0000-0000-0000-000000000000/resourceGroups/clitest.rg000001/providers/Microsoft.RecoveryServices/vaults/clitest-vault000002/backupJobs/293d7655-79e1-46ce-9ede-6a9241b74708?api-version=2022-02-01
  response:
    body:
      string: '{"id":"/subscriptions/00000000-0000-0000-0000-000000000000/resourceGroups/clitest.rg000001/providers/Microsoft.RecoveryServices/vaults/clitest-vault000002/backupJobs/293d7655-79e1-46ce-9ede-6a9241b74708","name":"293d7655-79e1-46ce-9ede-6a9241b74708","type":"Microsoft.RecoveryServices/vaults/backupJobs","properties":{"jobType":"AzureStorageJob","duration":"PT3.7658926S","storageAccountName":"clitest000003","storageAccountVersion":"MicrosoftStorage","extendedInfo":{"tasksList":[{"taskId":"Take
        Snapshot","status":"Completed"}],"propertyBag":{"Data Transferred (in MB)":"0","File
        Share Name":"clitest-item000004","Whether job is adhoc or scheduled.":"True"}},"isUserTriggered":false,"entityFriendlyName":"clitest-item000004","backupManagementType":"AzureStorage","operation":"Backup","status":"Completed","startTime":"2022-08-19T07:57:32.9919824Z","endTime":"2022-08-19T07:57:36.757875Z","activityId":"93eb0d69-1f94-11ed-a0cb-c8f750f92764"}}'
    headers:
      cache-control:
      - no-cache
      content-length:
      - '943'
      content-type:
      - application/json; charset=utf-8
      date:
      - Fri, 19 Aug 2022 07:58:05 GMT
      expires:
      - '-1'
      pragma:
      - no-cache
      server:
      - Kestrel
      strict-transport-security:
      - max-age=31536000; includeSubDomains
      transfer-encoding:
      - chunked
      vary:
      - Accept-Encoding
      x-content-type-options:
      - nosniff
      x-ms-ratelimit-remaining-subscription-resource-requests:
      - '146'
    status:
      code: 200
      message: OK
- request:
    body: null
    headers:
      Accept:
      - application/json
      Accept-Encoding:
      - gzip, deflate
      CommandName:
      - backup recoverypoint list
      Connection:
      - keep-alive
      ParameterSetName:
      - -g -v -c -i --backup-management-type --query
      User-Agent:
      - AZURECLI/2.38.0 azsdk-python-mgmt-recoveryservicesbackup/5.0.0 Python/3.8.5
        (Windows-10-10.0.22000-SP0)
    method: GET
    uri: https://management.azure.com/subscriptions/00000000-0000-0000-0000-000000000000/resourceGroups/clitest.rg000001/providers/Microsoft.RecoveryServices/vaults/clitest-vault000002/backupProtectedItems?api-version=2022-02-01&%24filter=backupManagementType+eq+%27AzureStorage%27
  response:
    body:
      string: '{"value":[{"id":"/subscriptions/00000000-0000-0000-0000-000000000000/resourceGroups/clitest.rg000001/providers/Microsoft.RecoveryServices/vaults/clitest-vault000002/backupFabrics/Azure/protectionContainers/StorageContainer;storage;clitest.rg000001;clitest000003/protectedItems/AzureFileShare;4e5a2aefad042a2283f38bbcc86be0f3a5c15d1f43770ff7e5ed19ad932856b6","name":"AzureFileShare;4e5a2aefad042a2283f38bbcc86be0f3a5c15d1f43770ff7e5ed19ad932856b6","type":"Microsoft.RecoveryServices/vaults/backupFabrics/protectionContainers/protectedItems","properties":{"kpisHealths":{"BackupOperationStatusKPI":{"resourceHealthStatus":"Healthy","resourceHealthDetails":[{"code":0,"title":"Success","message":"","recommendations":[]}]}},"friendlyName":"clitest-item000004","protectionStatus":"Healthy","protectionState":"Protected","lastBackupStatus":"Completed","lastBackupTime":"2022-08-19T07:57:32.9919824Z","protectedItemType":"AzureFileShareProtectedItem","backupManagementType":"AzureStorage","workloadType":"AzureFileShare","containerName":"StorageContainer;storage;clitest.rg000001;clitest000003","sourceResourceId":"/subscriptions/00000000-0000-0000-0000-000000000000/resourceGroups/clitest.rg000001/providers/Microsoft.storage/storageAccounts/clitest000003","policyId":"/subscriptions/00000000-0000-0000-0000-000000000000/resourceGroups/clitest.rg000001/providers/Microsoft.RecoveryServices/vaults/clitest-vault000002/backupPolicies/clitest-item000005","isArchiveEnabled":false}}]}'
    headers:
      cache-control:
      - no-cache
      content-length:
      - '1475'
      content-type:
      - application/json; charset=utf-8
      date:
      - Fri, 19 Aug 2022 07:58:36 GMT
      expires:
      - '-1'
      pragma:
      - no-cache
      server:
      - Kestrel
      strict-transport-security:
      - max-age=31536000; includeSubDomains
      transfer-encoding:
      - chunked
      vary:
      - Accept-Encoding
      x-content-type-options:
      - nosniff
      x-ms-ratelimit-remaining-subscription-resource-requests:
      - '299'
    status:
      code: 200
      message: OK
- request:
    body: null
    headers:
      Accept:
      - application/json
      Accept-Encoding:
      - gzip, deflate
      CommandName:
      - backup recoverypoint list
      Connection:
      - keep-alive
      ParameterSetName:
      - -g -v -c -i --backup-management-type --query
      User-Agent:
      - AZURECLI/2.38.0 azsdk-python-mgmt-recoveryservicesbackup/5.0.0 Python/3.8.5
        (Windows-10-10.0.22000-SP0)
    method: GET
    uri: https://management.azure.com/subscriptions/00000000-0000-0000-0000-000000000000/resourceGroups/clitest.rg000001/providers/Microsoft.RecoveryServices/vaults/clitest-vault000002/backupFabrics/Azure/protectionContainers/StorageContainer%3Bstorage%3Bclitest.rg000001%3Bclitest000003/protectedItems/AzureFileShare%3B4e5a2aefad042a2283f38bbcc86be0f3a5c15d1f43770ff7e5ed19ad932856b6/recoveryPoints?api-version=2022-02-01
  response:
    body:
      string: '{"value":[{"id":"/subscriptions/00000000-0000-0000-0000-000000000000/resourceGroups/clitest.rg000001/providers/Microsoft.RecoveryServices/vaults/clitest-vault000002/backupFabrics/Azure/protectionContainers/StorageContainer;storage;clitest.rg000001;clitest000003/protectedItems/AzureFileShare;4e5a2aefad042a2283f38bbcc86be0f3a5c15d1f43770ff7e5ed19ad932856b6/recoveryPoints/2265457309672377684","name":"2265457309672377684","type":"Microsoft.RecoveryServices/vaults/backupFabrics/protectionContainers/protectedItems/recoveryPoints","properties":{"objectType":"AzureFileShareRecoveryPoint","recoveryPointType":"FileSystemConsistent","recoveryPointTime":"2022-08-19T07:57:34Z","fileShareSnapshotUri":"https://clitest000003.file.core.windows.net/clitest-item000004?sharesnapshot=2022-08-19T07:57:34.0000000Z","recoveryPointSizeInGB":0}}]}'
    headers:
      cache-control:
      - no-cache
      content-length:
      - '833'
      content-type:
      - application/json; charset=utf-8
      date:
      - Fri, 19 Aug 2022 07:58:36 GMT
      expires:
      - '-1'
      pragma:
      - no-cache
      server:
      - Kestrel
      strict-transport-security:
      - max-age=31536000; includeSubDomains
      transfer-encoding:
      - chunked
      vary:
      - Accept-Encoding
      x-content-type-options:
      - nosniff
      x-ms-ratelimit-remaining-subscription-resource-requests:
      - '299'
    status:
      code: 200
      message: OK
- request:
    body: null
    headers:
      Accept:
      - application/json
      Accept-Encoding:
      - gzip, deflate
      CommandName:
      - backup restore restore-azurefileshare
      Connection:
      - keep-alive
      ParameterSetName:
      - -g -v -c -i -r --resolve-conflict --restore-mode --query
      User-Agent:
      - AZURECLI/2.38.0 azsdk-python-mgmt-recoveryservicesbackup/5.0.0 Python/3.8.5
        (Windows-10-10.0.22000-SP0)
    method: GET
    uri: https://management.azure.com/subscriptions/00000000-0000-0000-0000-000000000000/resourceGroups/clitest.rg000001/providers/Microsoft.RecoveryServices/vaults/clitest-vault000002/backupProtectedItems?api-version=2022-02-01&%24filter=backupManagementType+eq+%27AzureStorage%27+and+itemType+eq+%27AzureFileShare%27
  response:
    body:
      string: '{"value":[{"id":"/subscriptions/00000000-0000-0000-0000-000000000000/resourceGroups/clitest.rg000001/providers/Microsoft.RecoveryServices/vaults/clitest-vault000002/backupFabrics/Azure/protectionContainers/StorageContainer;storage;clitest.rg000001;clitest000003/protectedItems/AzureFileShare;4e5a2aefad042a2283f38bbcc86be0f3a5c15d1f43770ff7e5ed19ad932856b6","name":"AzureFileShare;4e5a2aefad042a2283f38bbcc86be0f3a5c15d1f43770ff7e5ed19ad932856b6","type":"Microsoft.RecoveryServices/vaults/backupFabrics/protectionContainers/protectedItems","properties":{"kpisHealths":{"BackupOperationStatusKPI":{"resourceHealthStatus":"Healthy","resourceHealthDetails":[{"code":0,"title":"Success","message":"","recommendations":[]}]}},"friendlyName":"clitest-item000004","protectionStatus":"Healthy","protectionState":"Protected","lastBackupStatus":"Completed","lastBackupTime":"2022-08-19T07:57:32.9919824Z","protectedItemType":"AzureFileShareProtectedItem","backupManagementType":"AzureStorage","workloadType":"AzureFileShare","containerName":"StorageContainer;storage;clitest.rg000001;clitest000003","sourceResourceId":"/subscriptions/00000000-0000-0000-0000-000000000000/resourceGroups/clitest.rg000001/providers/Microsoft.storage/storageAccounts/clitest000003","policyId":"/subscriptions/00000000-0000-0000-0000-000000000000/resourceGroups/clitest.rg000001/providers/Microsoft.RecoveryServices/vaults/clitest-vault000002/backupPolicies/clitest-item000005","isArchiveEnabled":false}}]}'
    headers:
      cache-control:
      - no-cache
      content-length:
      - '1475'
      content-type:
      - application/json; charset=utf-8
      date:
      - Fri, 19 Aug 2022 07:58:37 GMT
      expires:
      - '-1'
      pragma:
      - no-cache
      server:
      - Kestrel
      strict-transport-security:
      - max-age=31536000; includeSubDomains
      transfer-encoding:
      - chunked
      vary:
      - Accept-Encoding
      x-content-type-options:
      - nosniff
      x-ms-ratelimit-remaining-subscription-resource-requests:
      - '297'
    status:
      code: 200
      message: OK
- request:
    body: null
    headers:
      Accept:
      - application/json
      Accept-Encoding:
      - gzip, deflate
      CommandName:
      - backup restore restore-azurefileshare
      Connection:
      - keep-alive
      ParameterSetName:
      - -g -v -c -i -r --resolve-conflict --restore-mode --query
      User-Agent:
      - AZURECLI/2.38.0 azsdk-python-azure-mgmt-resource/21.1.0b1 Python/3.8.5 (Windows-10-10.0.22000-SP0)
    method: GET
    uri: https://management.azure.com/subscriptions/00000000-0000-0000-0000-000000000000/resourcegroups/clitest.rg000001/providers/Microsoft.ClassicStorage/storageAccounts/clitest000003?api-version=2015-12-01
  response:
    body:
      string: '{"error":{"code":"ResourceNotFound","message":"The Resource ''Microsoft.ClassicStorage/storageAccounts/clitest000003''
        under resource group ''clitest.rg000001'' was not found. For more details
        please go to https://aka.ms/ARMResourceNotFoundFix"}}'
    headers:
      cache-control:
      - no-cache
      content-length:
      - '242'
      content-type:
      - application/json; charset=utf-8
      date:
      - Fri, 19 Aug 2022 07:58:38 GMT
      expires:
      - '-1'
      pragma:
      - no-cache
      strict-transport-security:
      - max-age=31536000; includeSubDomains
      x-content-type-options:
      - nosniff
      x-ms-failure-cause:
      - gateway
    status:
      code: 404
      message: Not Found
- request:
    body: null
    headers:
      Accept:
      - application/json
      Accept-Encoding:
      - gzip, deflate
      CommandName:
      - backup restore restore-azurefileshare
      Connection:
      - keep-alive
      ParameterSetName:
      - -g -v -c -i -r --resolve-conflict --restore-mode --query
      User-Agent:
      - AZURECLI/2.38.0 azsdk-python-azure-mgmt-resource/21.1.0b1 Python/3.8.5 (Windows-10-10.0.22000-SP0)
    method: GET
    uri: https://management.azure.com/subscriptions/00000000-0000-0000-0000-000000000000/resourcegroups/clitest.rg000001/providers/Microsoft.Storage/storageAccounts/clitest000003?api-version=2016-01-01
  response:
    body:
      string: '{"sku":{"name":"Standard_LRS","tier":"Standard"},"kind":"Storage","id":"/subscriptions/00000000-0000-0000-0000-000000000000/resourceGroups/clitest.rg000001/providers/Microsoft.Storage/storageAccounts/clitest000003","name":"clitest000003","type":"Microsoft.Storage/storageAccounts","location":"eastasia","tags":{},"properties":{"encryption":{"services":{"blob":{"enabled":true,"lastEnabledTime":"2022-08-19T07:55:38.0296453Z"}},"keySource":"Microsoft.Storage"},"provisioningState":"Succeeded","creationTime":"2022-08-19T07:55:37.9515731Z","primaryEndpoints":{"blob":"https://clitest000003.blob.core.windows.net/","queue":"https://clitest000003.queue.core.windows.net/","table":"https://clitest000003.table.core.windows.net/","file":"https://clitest000003.file.core.windows.net/"},"primaryLocation":"eastasia","statusOfPrimary":"available"}}'
    headers:
      cache-control:
      - no-cache
      content-length:
      - '839'
      content-type:
      - application/json
      date:
      - Fri, 19 Aug 2022 07:58:38 GMT
      expires:
      - '-1'
      pragma:
      - no-cache
      server:
      - Microsoft-Azure-Storage-Resource-Provider/1.0,Microsoft-HTTPAPI/2.0 Microsoft-HTTPAPI/2.0
      strict-transport-security:
      - max-age=31536000; includeSubDomains
      transfer-encoding:
      - chunked
      vary:
      - Accept-Encoding
      x-content-type-options:
      - nosniff
    status:
      code: 200
      message: OK
- request:
    body: '{"properties": {"objectType": "AzureFileShareRestoreRequest", "recoveryType":
      "OriginalLocation", "sourceResourceId": "/subscriptions/00000000-0000-0000-0000-000000000000/resourceGroups/clitest.rg000001/providers/Microsoft.Storage/storageAccounts/clitest000003",
      "copyOptions": "Overwrite", "restoreRequestType": "FullShareRestore"}}'
    headers:
      Accept:
      - application/json
      Accept-Encoding:
      - gzip, deflate
      CommandName:
      - backup restore restore-azurefileshare
      Connection:
      - keep-alive
      Content-Length:
      - '333'
      Content-Type:
      - application/json
      ParameterSetName:
      - -g -v -c -i -r --resolve-conflict --restore-mode --query
      User-Agent:
      - AZURECLI/2.38.0 azsdk-python-mgmt-recoveryservicesbackup/5.0.0 Python/3.8.5
        (Windows-10-10.0.22000-SP0)
    method: POST
    uri: https://management.azure.com/subscriptions/00000000-0000-0000-0000-000000000000/resourceGroups/clitest.rg000001/providers/Microsoft.RecoveryServices/vaults/clitest-vault000002/backupFabrics/Azure/protectionContainers/StorageContainer%3Bstorage%3Bclitest.rg000001%3Bclitest000003/protectedItems/AzureFileShare%3B4e5a2aefad042a2283f38bbcc86be0f3a5c15d1f43770ff7e5ed19ad932856b6/recoveryPoints/2265457309672377684/restore?api-version=2022-02-01
  response:
    body:
      string: ''
    headers:
      azure-asyncoperation:
      - https://management.azure.com/subscriptions/00000000-0000-0000-0000-000000000000/resourceGroups/clitest.rg000001/providers/Microsoft.RecoveryServices/vaults/clitest-vault000002/backupFabrics/Azure/protectionContainers/StorageContainer;storage;clitest.rg000001;clitest000003/protectedItems/AzureFileShare;4e5a2aefad042a2283f38bbcc86be0f3a5c15d1f43770ff7e5ed19ad932856b6/operationsStatus/560acab6-df8a-4bf4-b25a-e0fd6d8c8fe2?api-version=2022-02-01
      cache-control:
      - no-cache
      content-length:
      - '0'
      date:
      - Fri, 19 Aug 2022 07:58:41 GMT
      expires:
      - '-1'
      location:
      - https://management.azure.com/subscriptions/00000000-0000-0000-0000-000000000000/resourceGroups/clitest.rg000001/providers/Microsoft.RecoveryServices/vaults/clitest-vault000002/backupFabrics/Azure/protectionContainers/StorageContainer;storage;clitest.rg000001;clitest000003/protectedItems/AzureFileShare;4e5a2aefad042a2283f38bbcc86be0f3a5c15d1f43770ff7e5ed19ad932856b6/operationResults/560acab6-df8a-4bf4-b25a-e0fd6d8c8fe2?api-version=2022-02-01
      pragma:
      - no-cache
      server:
      - Kestrel
      strict-transport-security:
      - max-age=31536000; includeSubDomains
      x-content-type-options:
      - nosniff
      x-ms-ratelimit-remaining-subscription-writes:
      - '1199'
    status:
      code: 202
      message: Accepted
- request:
    body: null
    headers:
      Accept:
      - application/json
      Accept-Encoding:
      - gzip, deflate
      CommandName:
      - backup restore restore-azurefileshare
      Connection:
      - keep-alive
      ParameterSetName:
      - -g -v -c -i -r --resolve-conflict --restore-mode --query
      User-Agent:
      - AZURECLI/2.38.0 azsdk-python-mgmt-recoveryservicesbackup/5.0.0 Python/3.8.5
        (Windows-10-10.0.22000-SP0)
    method: GET
    uri: https://management.azure.com/subscriptions/00000000-0000-0000-0000-000000000000/resourceGroups/clitest.rg000001/providers/Microsoft.RecoveryServices/vaults/clitest-vault000002/backupOperations/560acab6-df8a-4bf4-b25a-e0fd6d8c8fe2?api-version=2022-02-01
  response:
    body:
      string: '{"id":"560acab6-df8a-4bf4-b25a-e0fd6d8c8fe2","name":"560acab6-df8a-4bf4-b25a-e0fd6d8c8fe2","status":"Succeeded","startTime":"2022-08-19T07:58:40.8418201Z","endTime":"2022-08-19T07:58:40.8418201Z","properties":{"objectType":"OperationStatusJobExtendedInfo","jobId":"560acab6-df8a-4bf4-b25a-e0fd6d8c8fe2"}}'
    headers:
      cache-control:
      - no-cache
      content-length:
      - '304'
      content-type:
      - application/json; charset=utf-8
      date:
      - Fri, 19 Aug 2022 07:58:42 GMT
      expires:
      - '-1'
      pragma:
      - no-cache
      server:
      - Kestrel
      strict-transport-security:
      - max-age=31536000; includeSubDomains
      transfer-encoding:
      - chunked
      vary:
      - Accept-Encoding
      x-content-type-options:
      - nosniff
      x-ms-ratelimit-remaining-subscription-resource-requests:
      - '299'
    status:
      code: 200
      message: OK
- request:
    body: null
    headers:
      Accept:
      - application/json
      Accept-Encoding:
      - gzip, deflate
      CommandName:
      - backup restore restore-azurefileshare
      Connection:
      - keep-alive
      ParameterSetName:
      - -g -v -c -i -r --resolve-conflict --restore-mode --query
      User-Agent:
      - AZURECLI/2.38.0 azsdk-python-mgmt-recoveryservicesbackup/5.0.0 Python/3.8.5
        (Windows-10-10.0.22000-SP0)
    method: GET
    uri: https://management.azure.com/subscriptions/00000000-0000-0000-0000-000000000000/resourceGroups/clitest.rg000001/providers/Microsoft.RecoveryServices/vaults/clitest-vault000002/backupJobs/560acab6-df8a-4bf4-b25a-e0fd6d8c8fe2?api-version=2022-02-01
  response:
    body:
      string: '{"id":"/subscriptions/00000000-0000-0000-0000-000000000000/resourceGroups/clitest.rg000001/providers/Microsoft.RecoveryServices/vaults/clitest-vault000002/backupJobs/560acab6-df8a-4bf4-b25a-e0fd6d8c8fe2","name":"560acab6-df8a-4bf4-b25a-e0fd6d8c8fe2","type":"Microsoft.RecoveryServices/vaults/backupJobs","properties":{"jobType":"AzureStorageJob","actionsInfo":[1],"duration":"PT2.6424987S","storageAccountName":"clitest000003","storageAccountVersion":"ClassicCompute","extendedInfo":{"tasksList":[],"propertyBag":{"Source
        File Share Name":"clitest-item000004","Source Storage Account Name":"clitest000003","Job
        Type":"Recovering to the original file share","RestoreDestination":"clitest000003/clitest-item000004/","Data
        Transferred (in MB)":"0","Number Of Restored Files":"0","Number Of Skipped
        Files":"0","Number Of Failed Files":"0"}},"isUserTriggered":false,"entityFriendlyName":"clitest-item000004","backupManagementType":"AzureStorage","operation":"Restore","status":"InProgress","startTime":"2022-08-19T07:58:40.8418201Z","activityId":"bb5fca68-1f94-11ed-8050-c8f750f92764"}}'
    headers:
      cache-control:
      - no-cache
      content-length:
      - '1081'
      content-type:
      - application/json; charset=utf-8
      date:
      - Fri, 19 Aug 2022 07:58:42 GMT
      expires:
      - '-1'
      pragma:
      - no-cache
      server:
      - Kestrel
      strict-transport-security:
      - max-age=31536000; includeSubDomains
      transfer-encoding:
      - chunked
      vary:
      - Accept-Encoding
      x-content-type-options:
      - nosniff
      x-ms-ratelimit-remaining-subscription-resource-requests:
      - '149'
    status:
      code: 200
      message: OK
- request:
    body: null
    headers:
      Accept:
      - application/json
      Accept-Encoding:
      - gzip, deflate
      CommandName:
      - backup job wait
      Connection:
      - keep-alive
      ParameterSetName:
      - -g -v -n
      User-Agent:
      - AZURECLI/2.38.0 azsdk-python-mgmt-recoveryservicesbackup/5.0.0 Python/3.8.5
        (Windows-10-10.0.22000-SP0)
    method: GET
    uri: https://management.azure.com/subscriptions/00000000-0000-0000-0000-000000000000/resourceGroups/clitest.rg000001/providers/Microsoft.RecoveryServices/vaults/clitest-vault000002/backupJobs/560acab6-df8a-4bf4-b25a-e0fd6d8c8fe2?api-version=2022-02-01
  response:
    body:
      string: '{"id":"/subscriptions/00000000-0000-0000-0000-000000000000/resourceGroups/clitest.rg000001/providers/Microsoft.RecoveryServices/vaults/clitest-vault000002/backupJobs/560acab6-df8a-4bf4-b25a-e0fd6d8c8fe2","name":"560acab6-df8a-4bf4-b25a-e0fd6d8c8fe2","type":"Microsoft.RecoveryServices/vaults/backupJobs","properties":{"jobType":"AzureStorageJob","actionsInfo":[1],"duration":"PT3.8289729S","storageAccountName":"clitest000003","storageAccountVersion":"ClassicCompute","extendedInfo":{"tasksList":[],"propertyBag":{"Source
        File Share Name":"clitest-item000004","Source Storage Account Name":"clitest000003","Job
        Type":"Recovering to the original file share","RestoreDestination":"clitest000003/clitest-item000004/","Data
        Transferred (in MB)":"0","Number Of Restored Files":"0","Number Of Skipped
        Files":"0","Number Of Failed Files":"0"}},"isUserTriggered":false,"entityFriendlyName":"clitest-item000004","backupManagementType":"AzureStorage","operation":"Restore","status":"InProgress","startTime":"2022-08-19T07:58:40.8418201Z","activityId":"bb5fca68-1f94-11ed-8050-c8f750f92764"}}'
    headers:
      cache-control:
      - no-cache
      content-length:
      - '1081'
      content-type:
      - application/json; charset=utf-8
      date:
      - Fri, 19 Aug 2022 07:58:44 GMT
      expires:
      - '-1'
      pragma:
      - no-cache
      server:
      - Kestrel
      strict-transport-security:
      - max-age=31536000; includeSubDomains
      transfer-encoding:
      - chunked
      vary:
      - Accept-Encoding
      x-content-type-options:
      - nosniff
      x-ms-ratelimit-remaining-subscription-resource-requests:
      - '149'
    status:
      code: 200
      message: OK
- request:
    body: null
    headers:
      Accept:
      - application/json
      Accept-Encoding:
      - gzip, deflate
      CommandName:
      - backup job wait
      Connection:
      - keep-alive
      ParameterSetName:
      - -g -v -n
      User-Agent:
      - AZURECLI/2.38.0 azsdk-python-mgmt-recoveryservicesbackup/5.0.0 Python/3.8.5
        (Windows-10-10.0.22000-SP0)
    method: GET
    uri: https://management.azure.com/subscriptions/00000000-0000-0000-0000-000000000000/resourceGroups/clitest.rg000001/providers/Microsoft.RecoveryServices/vaults/clitest-vault000002/backupJobs/560acab6-df8a-4bf4-b25a-e0fd6d8c8fe2?api-version=2022-02-01
  response:
    body:
      string: '{"id":"/subscriptions/00000000-0000-0000-0000-000000000000/resourceGroups/clitest.rg000001/providers/Microsoft.RecoveryServices/vaults/clitest-vault000002/backupJobs/560acab6-df8a-4bf4-b25a-e0fd6d8c8fe2","name":"560acab6-df8a-4bf4-b25a-e0fd6d8c8fe2","type":"Microsoft.RecoveryServices/vaults/backupJobs","properties":{"jobType":"AzureStorageJob","actionsInfo":[1],"duration":"PT4.1749119S","storageAccountName":"clitest000003","storageAccountVersion":"ClassicCompute","extendedInfo":{"tasksList":[],"propertyBag":{"Source
        File Share Name":"clitest-item000004","Source Storage Account Name":"clitest000003","Job
        Type":"Recovering to the original file share","RestoreDestination":"clitest000003/clitest-item000004/","Data
        Transferred (in MB)":"0","Number Of Restored Files":"0","Number Of Skipped
        Files":"0","Number Of Failed Files":"0"}},"isUserTriggered":false,"entityFriendlyName":"clitest-item000004","backupManagementType":"AzureStorage","operation":"Restore","status":"InProgress","startTime":"2022-08-19T07:58:40.8418201Z","activityId":"bb5fca68-1f94-11ed-8050-c8f750f92764"}}'
    headers:
      cache-control:
      - no-cache
      content-length:
      - '1081'
      content-type:
      - application/json; charset=utf-8
      date:
      - Fri, 19 Aug 2022 07:58:44 GMT
      expires:
      - '-1'
      pragma:
      - no-cache
      server:
      - Kestrel
      strict-transport-security:
      - max-age=31536000; includeSubDomains
      transfer-encoding:
      - chunked
      vary:
      - Accept-Encoding
      x-content-type-options:
      - nosniff
      x-ms-ratelimit-remaining-subscription-resource-requests:
      - '148'
    status:
      code: 200
      message: OK
- request:
    body: null
    headers:
      Accept:
      - application/json
      Accept-Encoding:
      - gzip, deflate
      CommandName:
      - backup job wait
      Connection:
      - keep-alive
      ParameterSetName:
      - -g -v -n
      User-Agent:
      - AZURECLI/2.38.0 azsdk-python-mgmt-recoveryservicesbackup/5.0.0 Python/3.8.5
        (Windows-10-10.0.22000-SP0)
    method: GET
    uri: https://management.azure.com/subscriptions/00000000-0000-0000-0000-000000000000/resourceGroups/clitest.rg000001/providers/Microsoft.RecoveryServices/vaults/clitest-vault000002/backupJobs/560acab6-df8a-4bf4-b25a-e0fd6d8c8fe2?api-version=2022-02-01
  response:
    body:
      string: '{"id":"/subscriptions/00000000-0000-0000-0000-000000000000/resourceGroups/clitest.rg000001/providers/Microsoft.RecoveryServices/vaults/clitest-vault000002/backupJobs/560acab6-df8a-4bf4-b25a-e0fd6d8c8fe2","name":"560acab6-df8a-4bf4-b25a-e0fd6d8c8fe2","type":"Microsoft.RecoveryServices/vaults/backupJobs","properties":{"jobType":"AzureStorageJob","actionsInfo":[1],"duration":"PT31.8554622S","storageAccountName":"clitest000003","storageAccountVersion":"ClassicCompute","extendedInfo":{"tasksList":[],"propertyBag":{"Source
        File Share Name":"clitest-item000004","Source Storage Account Name":"clitest000003","RestoreRecoveryPointTime":"8/19/2022
        7:57:35 AM","Job Type":"Recovering to the original file share","RestoreDestination":"clitest000003/clitest-item000004/","Data
        Transferred (in MB)":"0","Number Of Restored Files":"0","Number Of Skipped
        Files":"0","Number Of Failed Files":"0"}},"isUserTriggered":false,"entityFriendlyName":"clitest-item000004","backupManagementType":"AzureStorage","operation":"Restore","status":"Completed","startTime":"2022-08-19T07:58:40.8418201Z","endTime":"2022-08-19T07:59:12.6972823Z","activityId":"bb5fca68-1f94-11ed-8050-c8f750f92764"}}'
    headers:
      cache-control:
      - no-cache
      content-length:
      - '1172'
      content-type:
      - application/json; charset=utf-8
      date:
      - Fri, 19 Aug 2022 07:59:14 GMT
      expires:
      - '-1'
      pragma:
      - no-cache
      server:
      - Kestrel
      strict-transport-security:
      - max-age=31536000; includeSubDomains
      transfer-encoding:
      - chunked
      vary:
      - Accept-Encoding
      x-content-type-options:
      - nosniff
      x-ms-ratelimit-remaining-subscription-resource-requests:
      - '147'
    status:
      code: 200
      message: OK
- request:
    body: null
    headers:
      Accept:
      - application/json
      Accept-Encoding:
      - gzip, deflate
      CommandName:
      - backup protection disable
      Connection:
      - keep-alive
      ParameterSetName:
      - -g -v -c -i --backup-management-type --delete-backup-data --yes
      User-Agent:
      - AZURECLI/2.38.0 azsdk-python-mgmt-recoveryservicesbackup/5.0.0 Python/3.8.5
        (Windows-10-10.0.22000-SP0)
    method: GET
    uri: https://management.azure.com/subscriptions/00000000-0000-0000-0000-000000000000/resourceGroups/clitest.rg000001/providers/Microsoft.RecoveryServices/vaults/clitest-vault000002/backupProtectedItems?api-version=2022-02-01&%24filter=backupManagementType+eq+%27AzureStorage%27
  response:
    body:
      string: '{"value":[{"id":"/subscriptions/00000000-0000-0000-0000-000000000000/resourceGroups/clitest.rg000001/providers/Microsoft.RecoveryServices/vaults/clitest-vault000002/backupFabrics/Azure/protectionContainers/StorageContainer;storage;clitest.rg000001;clitest000003/protectedItems/AzureFileShare;4e5a2aefad042a2283f38bbcc86be0f3a5c15d1f43770ff7e5ed19ad932856b6","name":"AzureFileShare;4e5a2aefad042a2283f38bbcc86be0f3a5c15d1f43770ff7e5ed19ad932856b6","type":"Microsoft.RecoveryServices/vaults/backupFabrics/protectionContainers/protectedItems","properties":{"kpisHealths":{"BackupOperationStatusKPI":{"resourceHealthStatus":"Healthy","resourceHealthDetails":[{"code":0,"title":"Success","message":"","recommendations":[]}]},"RestoreOperationStatusKPI":{"resourceHealthStatus":"Healthy","resourceHealthDetails":[{"code":0,"title":"Success","message":"","recommendations":[]}]}},"friendlyName":"clitest-item000004","protectionStatus":"Healthy","protectionState":"Protected","lastBackupStatus":"Completed","lastBackupTime":"2022-08-19T07:57:32.9919824Z","protectedItemType":"AzureFileShareProtectedItem","backupManagementType":"AzureStorage","workloadType":"AzureFileShare","containerName":"StorageContainer;storage;clitest.rg000001;clitest000003","sourceResourceId":"/subscriptions/00000000-0000-0000-0000-000000000000/resourceGroups/clitest.rg000001/providers/Microsoft.storage/storageAccounts/clitest000003","policyId":"/subscriptions/00000000-0000-0000-0000-000000000000/resourceGroups/clitest.rg000001/providers/Microsoft.RecoveryServices/vaults/clitest-vault000002/backupPolicies/clitest-item000005","isArchiveEnabled":false}}]}'
    headers:
      cache-control:
      - no-cache
      content-length:
      - '1627'
      content-type:
      - application/json; charset=utf-8
      date:
      - Fri, 19 Aug 2022 07:59:45 GMT
      expires:
      - '-1'
      pragma:
      - no-cache
      server:
      - Kestrel
      strict-transport-security:
      - max-age=31536000; includeSubDomains
      transfer-encoding:
      - chunked
      vary:
      - Accept-Encoding
      x-content-type-options:
      - nosniff
      x-ms-ratelimit-remaining-subscription-resource-requests:
      - '297'
    status:
      code: 200
      message: OK
- request:
    body: null
    headers:
      Accept:
      - application/json
      Accept-Encoding:
      - gzip, deflate
      CommandName:
      - backup protection disable
      Connection:
      - keep-alive
      ParameterSetName:
      - -g -v -c -i --backup-management-type --delete-backup-data --yes
      User-Agent:
      - AZURECLI/2.38.0 azsdk-python-mgmt-recoveryservicesbackup/5.0.0 Python/3.8.5
        (Windows-10-10.0.22000-SP0)
    method: GET
    uri: https://management.azure.com/subscriptions/00000000-0000-0000-0000-000000000000/resourceGroups/clitest.rg000001/providers/Microsoft.RecoveryServices/vaults/clitest-vault000002/backupResourceGuardProxies?api-version=2022-02-01
  response:
    body:
      string: '{"value":[]}'
    headers:
      cache-control:
      - no-cache
      content-length:
      - '12'
      content-type:
      - application/json; charset=utf-8
      date:
      - Fri, 19 Aug 2022 07:59:45 GMT
      expires:
      - '-1'
      pragma:
      - no-cache
      server:
      - Kestrel
      strict-transport-security:
      - max-age=31536000; includeSubDomains
      transfer-encoding:
      - chunked
      vary:
      - Accept-Encoding
      x-content-type-options:
      - nosniff
    status:
      code: 200
      message: OK
- request:
    body: null
    headers:
      Accept:
      - application/json
      Accept-Encoding:
      - gzip, deflate
      CommandName:
      - backup protection disable
      Connection:
      - keep-alive
      Content-Length:
      - '0'
      ParameterSetName:
      - -g -v -c -i --backup-management-type --delete-backup-data --yes
      User-Agent:
      - AZURECLI/2.38.0 azsdk-python-mgmt-recoveryservicesbackup/5.0.0 Python/3.8.5
        (Windows-10-10.0.22000-SP0)
    method: DELETE
    uri: https://management.azure.com/subscriptions/00000000-0000-0000-0000-000000000000/resourceGroups/clitest.rg000001/providers/Microsoft.RecoveryServices/vaults/clitest-vault000002/backupFabrics/Azure/protectionContainers/StorageContainer%3Bstorage%3Bclitest.rg000001%3Bclitest000003/protectedItems/AzureFileShare%3B4e5a2aefad042a2283f38bbcc86be0f3a5c15d1f43770ff7e5ed19ad932856b6?api-version=2022-02-01
  response:
    body:
      string: ''
    headers:
      azure-asyncoperation:
      - https://management.azure.com/subscriptions/00000000-0000-0000-0000-000000000000/resourceGroups/clitest.rg000001/providers/Microsoft.RecoveryServices/vaults/clitest-vault000002/backupOperations/be7d0c9e-aa36-403a-bd41-2465a9c49cb4?api-version=2022-02-01
      cache-control:
      - no-cache
      content-length:
      - '0'
      date:
      - Fri, 19 Aug 2022 07:59:47 GMT
      expires:
      - '-1'
      location:
      - https://management.azure.com/subscriptions/00000000-0000-0000-0000-000000000000/resourceGroups/clitest.rg000001/providers/Microsoft.RecoveryServices/vaults/clitest-vault000002/backupOperationResults/be7d0c9e-aa36-403a-bd41-2465a9c49cb4?api-version=2022-02-01
      pragma:
      - no-cache
      server:
      - Kestrel
      strict-transport-security:
      - max-age=31536000; includeSubDomains
      x-content-type-options:
      - nosniff
      x-ms-ratelimit-remaining-subscription-deletes:
      - '14999'
    status:
      code: 202
      message: Accepted
- request:
    body: null
    headers:
      Accept:
      - application/json
      Accept-Encoding:
      - gzip, deflate
      CommandName:
      - backup protection disable
      Connection:
      - keep-alive
      ParameterSetName:
      - -g -v -c -i --backup-management-type --delete-backup-data --yes
      User-Agent:
      - AZURECLI/2.38.0 azsdk-python-mgmt-recoveryservicesbackup/5.0.0 Python/3.8.5
        (Windows-10-10.0.22000-SP0)
    method: GET
    uri: https://management.azure.com/subscriptions/00000000-0000-0000-0000-000000000000/resourceGroups/clitest.rg000001/providers/Microsoft.RecoveryServices/vaults/clitest-vault000002/backupOperations/be7d0c9e-aa36-403a-bd41-2465a9c49cb4?api-version=2022-02-01
  response:
    body:
      string: '{"id":"be7d0c9e-aa36-403a-bd41-2465a9c49cb4","name":"be7d0c9e-aa36-403a-bd41-2465a9c49cb4","status":"InProgress","startTime":"2022-08-19T07:59:47.6423952Z","endTime":"0001-01-01T00:00:00"}'
    headers:
      cache-control:
      - no-cache
      content-length:
      - '188'
      content-type:
      - application/json; charset=utf-8
      date:
      - Fri, 19 Aug 2022 07:59:48 GMT
      expires:
      - '-1'
      pragma:
      - no-cache
      server:
      - Kestrel
      strict-transport-security:
      - max-age=31536000; includeSubDomains
      transfer-encoding:
      - chunked
      vary:
      - Accept-Encoding
      x-content-type-options:
      - nosniff
      x-ms-ratelimit-remaining-subscription-resource-requests:
      - '297'
    status:
      code: 200
      message: OK
- request:
    body: null
    headers:
      Accept:
      - application/json
      Accept-Encoding:
      - gzip, deflate
      CommandName:
      - backup protection disable
      Connection:
      - keep-alive
      ParameterSetName:
      - -g -v -c -i --backup-management-type --delete-backup-data --yes
      User-Agent:
      - AZURECLI/2.38.0 azsdk-python-mgmt-recoveryservicesbackup/5.0.0 Python/3.8.5
        (Windows-10-10.0.22000-SP0)
    method: GET
    uri: https://management.azure.com/subscriptions/00000000-0000-0000-0000-000000000000/resourceGroups/clitest.rg000001/providers/Microsoft.RecoveryServices/vaults/clitest-vault000002/backupOperations/be7d0c9e-aa36-403a-bd41-2465a9c49cb4?api-version=2022-02-01
  response:
    body:
      string: '{"id":"be7d0c9e-aa36-403a-bd41-2465a9c49cb4","name":"be7d0c9e-aa36-403a-bd41-2465a9c49cb4","status":"InProgress","startTime":"2022-08-19T07:59:47.6423952Z","endTime":"0001-01-01T00:00:00"}'
    headers:
      cache-control:
      - no-cache
      content-length:
      - '188'
      content-type:
      - application/json; charset=utf-8
      date:
      - Fri, 19 Aug 2022 07:59:53 GMT
      expires:
      - '-1'
      pragma:
      - no-cache
      server:
      - Kestrel
      strict-transport-security:
      - max-age=31536000; includeSubDomains
      transfer-encoding:
      - chunked
      vary:
      - Accept-Encoding
      x-content-type-options:
      - nosniff
      x-ms-ratelimit-remaining-subscription-resource-requests:
      - '295'
    status:
      code: 200
      message: OK
- request:
    body: null
    headers:
      Accept:
      - application/json
      Accept-Encoding:
      - gzip, deflate
      CommandName:
      - backup protection disable
      Connection:
      - keep-alive
      ParameterSetName:
      - -g -v -c -i --backup-management-type --delete-backup-data --yes
      User-Agent:
      - AZURECLI/2.38.0 azsdk-python-mgmt-recoveryservicesbackup/5.0.0 Python/3.8.5
        (Windows-10-10.0.22000-SP0)
    method: GET
    uri: https://management.azure.com/subscriptions/00000000-0000-0000-0000-000000000000/resourceGroups/clitest.rg000001/providers/Microsoft.RecoveryServices/vaults/clitest-vault000002/backupOperations/be7d0c9e-aa36-403a-bd41-2465a9c49cb4?api-version=2022-02-01
  response:
    body:
      string: '{"id":"be7d0c9e-aa36-403a-bd41-2465a9c49cb4","name":"be7d0c9e-aa36-403a-bd41-2465a9c49cb4","status":"InProgress","startTime":"2022-08-19T07:59:47.6423952Z","endTime":"0001-01-01T00:00:00"}'
    headers:
      cache-control:
      - no-cache
      content-length:
      - '188'
      content-type:
      - application/json; charset=utf-8
      date:
      - Fri, 19 Aug 2022 07:59:58 GMT
      expires:
      - '-1'
      pragma:
      - no-cache
      server:
      - Kestrel
      strict-transport-security:
      - max-age=31536000; includeSubDomains
      transfer-encoding:
      - chunked
      vary:
      - Accept-Encoding
      x-content-type-options:
      - nosniff
      x-ms-ratelimit-remaining-subscription-resource-requests:
      - '293'
    status:
      code: 200
      message: OK
- request:
    body: null
    headers:
      Accept:
      - application/json
      Accept-Encoding:
      - gzip, deflate
      CommandName:
      - backup protection disable
      Connection:
      - keep-alive
      ParameterSetName:
      - -g -v -c -i --backup-management-type --delete-backup-data --yes
      User-Agent:
      - AZURECLI/2.38.0 azsdk-python-mgmt-recoveryservicesbackup/5.0.0 Python/3.8.5
        (Windows-10-10.0.22000-SP0)
    method: GET
    uri: https://management.azure.com/subscriptions/00000000-0000-0000-0000-000000000000/resourceGroups/clitest.rg000001/providers/Microsoft.RecoveryServices/vaults/clitest-vault000002/backupOperations/be7d0c9e-aa36-403a-bd41-2465a9c49cb4?api-version=2022-02-01
  response:
    body:
      string: '{"id":"be7d0c9e-aa36-403a-bd41-2465a9c49cb4","name":"be7d0c9e-aa36-403a-bd41-2465a9c49cb4","status":"InProgress","startTime":"2022-08-19T07:59:47.6423952Z","endTime":"0001-01-01T00:00:00"}'
    headers:
      cache-control:
      - no-cache
      content-length:
      - '188'
      content-type:
      - application/json; charset=utf-8
      date:
      - Fri, 19 Aug 2022 08:00:04 GMT
      expires:
      - '-1'
      pragma:
      - no-cache
      server:
      - Kestrel
      strict-transport-security:
      - max-age=31536000; includeSubDomains
      transfer-encoding:
      - chunked
      vary:
      - Accept-Encoding
      x-content-type-options:
      - nosniff
      x-ms-ratelimit-remaining-subscription-resource-requests:
      - '291'
    status:
      code: 200
      message: OK
- request:
    body: null
    headers:
      Accept:
      - application/json
      Accept-Encoding:
      - gzip, deflate
      CommandName:
      - backup protection disable
      Connection:
      - keep-alive
      ParameterSetName:
      - -g -v -c -i --backup-management-type --delete-backup-data --yes
      User-Agent:
      - AZURECLI/2.38.0 azsdk-python-mgmt-recoveryservicesbackup/5.0.0 Python/3.8.5
        (Windows-10-10.0.22000-SP0)
    method: GET
    uri: https://management.azure.com/subscriptions/00000000-0000-0000-0000-000000000000/resourceGroups/clitest.rg000001/providers/Microsoft.RecoveryServices/vaults/clitest-vault000002/backupOperations/be7d0c9e-aa36-403a-bd41-2465a9c49cb4?api-version=2022-02-01
  response:
    body:
      string: '{"id":"be7d0c9e-aa36-403a-bd41-2465a9c49cb4","name":"be7d0c9e-aa36-403a-bd41-2465a9c49cb4","status":"InProgress","startTime":"2022-08-19T07:59:47.6423952Z","endTime":"0001-01-01T00:00:00"}'
    headers:
      cache-control:
      - no-cache
      content-length:
      - '188'
      content-type:
      - application/json; charset=utf-8
      date:
      - Fri, 19 Aug 2022 08:00:09 GMT
      expires:
      - '-1'
      pragma:
      - no-cache
      server:
      - Kestrel
      strict-transport-security:
      - max-age=31536000; includeSubDomains
      transfer-encoding:
      - chunked
      vary:
      - Accept-Encoding
      x-content-type-options:
      - nosniff
      x-ms-ratelimit-remaining-subscription-resource-requests:
      - '289'
    status:
      code: 200
      message: OK
- request:
    body: null
    headers:
      Accept:
      - application/json
      Accept-Encoding:
      - gzip, deflate
      CommandName:
      - backup protection disable
      Connection:
      - keep-alive
      ParameterSetName:
      - -g -v -c -i --backup-management-type --delete-backup-data --yes
      User-Agent:
      - AZURECLI/2.38.0 azsdk-python-mgmt-recoveryservicesbackup/5.0.0 Python/3.8.5
        (Windows-10-10.0.22000-SP0)
    method: GET
    uri: https://management.azure.com/subscriptions/00000000-0000-0000-0000-000000000000/resourceGroups/clitest.rg000001/providers/Microsoft.RecoveryServices/vaults/clitest-vault000002/backupOperations/be7d0c9e-aa36-403a-bd41-2465a9c49cb4?api-version=2022-02-01
  response:
    body:
      string: '{"id":"be7d0c9e-aa36-403a-bd41-2465a9c49cb4","name":"be7d0c9e-aa36-403a-bd41-2465a9c49cb4","status":"Succeeded","startTime":"2022-08-19T07:59:47.6423952Z","endTime":"2022-08-19T07:59:47.6423952Z","properties":{"objectType":"OperationStatusJobExtendedInfo","jobId":"02a09685-431b-4398-be63-c5ff93518a78"}}'
    headers:
      cache-control:
      - no-cache
      content-length:
      - '304'
      content-type:
      - application/json; charset=utf-8
      date:
      - Fri, 19 Aug 2022 08:00:14 GMT
      expires:
      - '-1'
      pragma:
      - no-cache
      server:
      - Kestrel
      strict-transport-security:
      - max-age=31536000; includeSubDomains
      transfer-encoding:
      - chunked
      vary:
      - Accept-Encoding
      x-content-type-options:
      - nosniff
      x-ms-ratelimit-remaining-subscription-resource-requests:
      - '287'
    status:
      code: 200
      message: OK
- request:
    body: null
    headers:
      Accept:
      - application/json
      Accept-Encoding:
      - gzip, deflate
      CommandName:
      - backup protection disable
      Connection:
      - keep-alive
      ParameterSetName:
      - -g -v -c -i --backup-management-type --delete-backup-data --yes
      User-Agent:
      - AZURECLI/2.38.0 azsdk-python-mgmt-recoveryservicesbackup/5.0.0 Python/3.8.5
        (Windows-10-10.0.22000-SP0)
    method: GET
    uri: https://management.azure.com/subscriptions/00000000-0000-0000-0000-000000000000/resourceGroups/clitest.rg000001/providers/Microsoft.RecoveryServices/vaults/clitest-vault000002/backupJobs/02a09685-431b-4398-be63-c5ff93518a78?api-version=2022-02-01
  response:
    body:
      string: '{"id":"/subscriptions/00000000-0000-0000-0000-000000000000/resourceGroups/clitest.rg000001/providers/Microsoft.RecoveryServices/vaults/clitest-vault000002/backupJobs/02a09685-431b-4398-be63-c5ff93518a78","name":"02a09685-431b-4398-be63-c5ff93518a78","type":"Microsoft.RecoveryServices/vaults/backupJobs","properties":{"jobType":"AzureStorageJob","duration":"PT25.1853081S","storageAccountName":"clitest000003","storageAccountVersion":"Storage","extendedInfo":{"tasksList":[],"propertyBag":{"File
        Share Name":"clitest-item000004","Storage Account Name":"clitest000003"}},"isUserTriggered":false,"entityFriendlyName":"clitest-item000004","backupManagementType":"AzureStorage","operation":"DeleteBackupData","status":"Completed","startTime":"2022-08-19T07:59:47.6423952Z","endTime":"2022-08-19T08:00:12.8277033Z","activityId":"e3b9c054-1f94-11ed-9f97-c8f750f92764"}}'
    headers:
      cache-control:
      - no-cache
      content-length:
      - '863'
      content-type:
      - application/json; charset=utf-8
      date:
      - Fri, 19 Aug 2022 08:00:15 GMT
      expires:
      - '-1'
      pragma:
      - no-cache
      server:
      - Kestrel
      strict-transport-security:
      - max-age=31536000; includeSubDomains
      transfer-encoding:
      - chunked
      vary:
      - Accept-Encoding
      x-content-type-options:
      - nosniff
      x-ms-ratelimit-remaining-subscription-resource-requests:
      - '138'
    status:
      code: 200
      message: OK
- request:
    body: null
    headers:
      Accept:
      - application/json
      Accept-Encoding:
      - gzip, deflate
      CommandName:
      - backup container unregister
      Connection:
      - keep-alive
      ParameterSetName:
      - -g -v -c --yes --backup-management-type
      User-Agent:
      - AZURECLI/2.38.0 azsdk-python-mgmt-recoveryservicesbackup/5.0.0 Python/3.8.5
        (Windows-10-10.0.22000-SP0)
    method: GET
    uri: https://management.azure.com/subscriptions/00000000-0000-0000-0000-000000000000/resourceGroups/clitest.rg000001/providers/Microsoft.RecoveryServices/vaults/clitest-vault000002/backupProtectionContainers?api-version=2022-02-01&%24filter=backupManagementType+eq+%27AzureStorage%27+and+friendlyName+eq+%27clitest000003%27+and+status+eq+%27Registered%27
  response:
    body:
      string: '{"value":[{"id":"/subscriptions/00000000-0000-0000-0000-000000000000/resourceGroups/clitest.rg000001/providers/Microsoft.RecoveryServices/vaults/clitest-vault000002/backupFabrics/Azure/protectionContainers/StorageContainer;Storage;clitest.rg000001;clitest000003","name":"StorageContainer;Storage;clitest.rg000001;clitest000003","type":"Microsoft.RecoveryServices/vaults/backupFabrics/protectionContainers","properties":{"sourceResourceId":"/subscriptions/00000000-0000-0000-0000-000000000000/resourceGroups/clitest.rg000001/providers/Microsoft.Storage/storageAccounts/clitest000003","protectedItemCount":0,"acquireStorageAccountLock":"Acquire","friendlyName":"clitest000003","backupManagementType":"AzureStorage","registrationStatus":"Registered","healthStatus":"Healthy","containerType":"StorageContainer","protectableObjectType":"StorageContainer"}}]}'
    headers:
      cache-control:
      - no-cache
      content-length:
      - '853'
      content-type:
      - application/json; charset=utf-8
      date:
      - Fri, 19 Aug 2022 08:00:15 GMT
      expires:
      - '-1'
      pragma:
      - no-cache
      server:
      - Kestrel
      strict-transport-security:
      - max-age=31536000; includeSubDomains
      transfer-encoding:
      - chunked
      vary:
      - Accept-Encoding
      x-content-type-options:
      - nosniff
      x-ms-ratelimit-remaining-subscription-resource-requests:
      - '298'
    status:
      code: 200
      message: OK
- request:
    body: null
    headers:
      Accept:
      - application/json
      Accept-Encoding:
      - gzip, deflate
      CommandName:
      - backup container unregister
      Connection:
      - keep-alive
      Content-Length:
      - '0'
      ParameterSetName:
      - -g -v -c --yes --backup-management-type
      User-Agent:
      - AZURECLI/2.38.0 azsdk-python-mgmt-recoveryservicesbackup/5.0.0 Python/3.8.5
        (Windows-10-10.0.22000-SP0)
    method: DELETE
    uri: https://management.azure.com/subscriptions/00000000-0000-0000-0000-000000000000/resourceGroups/clitest.rg000001/providers/Microsoft.RecoveryServices/vaults/clitest-vault000002/backupFabrics/Azure/protectionContainers/StorageContainer%3BStorage%3Bclitest.rg000001%3Bclitest000003?api-version=2022-02-01
  response:
    body:
      string: ''
    headers:
      azure-asyncoperation:
      - https://management.azure.com/subscriptions/00000000-0000-0000-0000-000000000000/resourceGroups/clitest.rg000001/providers/Microsoft.RecoveryServices/vaults/clitest-vault000002/backupFabrics/Azure/operationsStatus/e5d189a9-6f37-4df3-ba25-e0f9f21edc26?api-version=2019-05-13-preview
      cache-control:
      - no-cache
      content-length:
      - '0'
      date:
      - Fri, 19 Aug 2022 08:00:17 GMT
      expires:
      - '-1'
      location:
      - https://management.azure.com/subscriptions/00000000-0000-0000-0000-000000000000/resourceGroups/clitest.rg000001/providers/Microsoft.RecoveryServices/vaults/clitest-vault000002/backupOperationResults/e5d189a9-6f37-4df3-ba25-e0f9f21edc26?fabricName=Azure?api-version=2022-02-01
      pragma:
      - no-cache
      server:
      - Kestrel
      strict-transport-security:
      - max-age=31536000; includeSubDomains
      x-content-type-options:
      - nosniff
      x-ms-ratelimit-remaining-subscription-deletes:
      - '14997'
    status:
      code: 202
      message: Accepted
- request:
    body: null
    headers:
      Accept:
      - application/json
      Accept-Encoding:
      - gzip, deflate
      CommandName:
      - backup container unregister
      Connection:
      - keep-alive
      ParameterSetName:
      - -g -v -c --yes --backup-management-type
      User-Agent:
      - AZURECLI/2.38.0 azsdk-python-mgmt-recoveryservicesbackup/5.0.0 Python/3.8.5
        (Windows-10-10.0.22000-SP0)
    method: GET
    uri: https://management.azure.com/subscriptions/00000000-0000-0000-0000-000000000000/resourceGroups/clitest.rg000001/providers/Microsoft.RecoveryServices/vaults/clitest-vault000002/backupFabrics/Azure/protectionContainers/StorageContainer%3BStorage%3Bclitest.rg000001%3Bclitest000003/operationResults/e5d189a9-6f37-4df3-ba25-e0f9f21edc26?api-version=2022-02-01
  response:
    body:
      string: '{}'
    headers:
      azure-asyncoperation:
      - https://management.azure.com/subscriptions/00000000-0000-0000-0000-000000000000/resourceGroups/clitest.rg000001/providers/Microsoft.RecoveryServices/vaults/clitest-vault000002/backupFabrics/Azure/protectionContainers/StorageContainer;Storage;clitest.rg000001;clitest000003/operationsStatus/e5d189a9-6f37-4df3-ba25-e0f9f21edc26?api-version=2019-05-13-preview
      cache-control:
      - no-cache
      content-length:
      - '2'
      content-type:
      - application/json; charset=utf-8
      date:
      - Fri, 19 Aug 2022 08:00:17 GMT
      expires:
      - '-1'
      location:
      - https://management.azure.com/subscriptions/00000000-0000-0000-0000-000000000000/resourceGroups/clitest.rg000001/providers/Microsoft.RecoveryServices/vaults/clitest-vault000002/backupFabrics/Azure/protectionContainers/StorageContainer;Storage;clitest.rg000001;clitest000003/operationResults/e5d189a9-6f37-4df3-ba25-e0f9f21edc26?api-version=2022-02-01
      pragma:
      - no-cache
      server:
      - Kestrel
      strict-transport-security:
      - max-age=31536000; includeSubDomains
      x-content-type-options:
      - nosniff
      x-ms-ratelimit-remaining-subscription-resource-requests:
      - '295'
    status:
      code: 202
      message: Accepted
- request:
    body: null
    headers:
      Accept:
      - application/json
      Accept-Encoding:
      - gzip, deflate
      CommandName:
      - backup container unregister
      Connection:
      - keep-alive
      ParameterSetName:
      - -g -v -c --yes --backup-management-type
      User-Agent:
      - AZURECLI/2.38.0 azsdk-python-mgmt-recoveryservicesbackup/5.0.0 Python/3.8.5
        (Windows-10-10.0.22000-SP0)
    method: GET
    uri: https://management.azure.com/subscriptions/00000000-0000-0000-0000-000000000000/resourceGroups/clitest.rg000001/providers/Microsoft.RecoveryServices/vaults/clitest-vault000002/backupFabrics/Azure/protectionContainers/StorageContainer%3BStorage%3Bclitest.rg000001%3Bclitest000003/operationResults/e5d189a9-6f37-4df3-ba25-e0f9f21edc26?api-version=2022-02-01
  response:
    body:
      string: '{}'
    headers:
      azure-asyncoperation:
      - https://management.azure.com/subscriptions/00000000-0000-0000-0000-000000000000/resourceGroups/clitest.rg000001/providers/Microsoft.RecoveryServices/vaults/clitest-vault000002/backupFabrics/Azure/protectionContainers/StorageContainer;Storage;clitest.rg000001;clitest000003/operationsStatus/e5d189a9-6f37-4df3-ba25-e0f9f21edc26?api-version=2019-05-13-preview
      cache-control:
      - no-cache
      content-length:
      - '2'
      content-type:
      - application/json; charset=utf-8
      date:
      - Fri, 19 Aug 2022 08:00:22 GMT
      expires:
      - '-1'
      location:
      - https://management.azure.com/subscriptions/00000000-0000-0000-0000-000000000000/resourceGroups/clitest.rg000001/providers/Microsoft.RecoveryServices/vaults/clitest-vault000002/backupFabrics/Azure/protectionContainers/StorageContainer;Storage;clitest.rg000001;clitest000003/operationResults/e5d189a9-6f37-4df3-ba25-e0f9f21edc26?api-version=2022-02-01
      pragma:
      - no-cache
      server:
      - Kestrel
      strict-transport-security:
      - max-age=31536000; includeSubDomains
      x-content-type-options:
      - nosniff
      x-ms-ratelimit-remaining-subscription-resource-requests:
      - '294'
    status:
      code: 202
      message: Accepted
- request:
    body: null
    headers:
      Accept:
      - application/json
      Accept-Encoding:
      - gzip, deflate
      CommandName:
      - backup container unregister
      Connection:
      - keep-alive
      ParameterSetName:
      - -g -v -c --yes --backup-management-type
      User-Agent:
      - AZURECLI/2.38.0 azsdk-python-mgmt-recoveryservicesbackup/5.0.0 Python/3.8.5
        (Windows-10-10.0.22000-SP0)
    method: GET
    uri: https://management.azure.com/subscriptions/00000000-0000-0000-0000-000000000000/resourceGroups/clitest.rg000001/providers/Microsoft.RecoveryServices/vaults/clitest-vault000002/backupFabrics/Azure/protectionContainers/StorageContainer%3BStorage%3Bclitest.rg000001%3Bclitest000003/operationResults/e5d189a9-6f37-4df3-ba25-e0f9f21edc26?api-version=2022-02-01
  response:
    body:
      string: '{}'
    headers:
      azure-asyncoperation:
      - https://management.azure.com/subscriptions/00000000-0000-0000-0000-000000000000/resourceGroups/clitest.rg000001/providers/Microsoft.RecoveryServices/vaults/clitest-vault000002/backupFabrics/Azure/protectionContainers/StorageContainer;Storage;clitest.rg000001;clitest000003/operationsStatus/e5d189a9-6f37-4df3-ba25-e0f9f21edc26?api-version=2019-05-13-preview
      cache-control:
      - no-cache
      content-length:
      - '2'
      content-type:
      - application/json; charset=utf-8
      date:
      - Fri, 19 Aug 2022 08:00:28 GMT
      expires:
      - '-1'
      location:
      - https://management.azure.com/subscriptions/00000000-0000-0000-0000-000000000000/resourceGroups/clitest.rg000001/providers/Microsoft.RecoveryServices/vaults/clitest-vault000002/backupFabrics/Azure/protectionContainers/StorageContainer;Storage;clitest.rg000001;clitest000003/operationResults/e5d189a9-6f37-4df3-ba25-e0f9f21edc26?api-version=2022-02-01
      pragma:
      - no-cache
      server:
      - Kestrel
      strict-transport-security:
      - max-age=31536000; includeSubDomains
      x-content-type-options:
      - nosniff
      x-ms-ratelimit-remaining-subscription-resource-requests:
      - '293'
    status:
      code: 202
      message: Accepted
- request:
    body: null
    headers:
      Accept:
      - application/json
      Accept-Encoding:
      - gzip, deflate
      CommandName:
      - backup container unregister
      Connection:
      - keep-alive
      ParameterSetName:
      - -g -v -c --yes --backup-management-type
      User-Agent:
      - AZURECLI/2.38.0 azsdk-python-mgmt-recoveryservicesbackup/5.0.0 Python/3.8.5
        (Windows-10-10.0.22000-SP0)
    method: GET
    uri: https://management.azure.com/subscriptions/00000000-0000-0000-0000-000000000000/resourceGroups/clitest.rg000001/providers/Microsoft.RecoveryServices/vaults/clitest-vault000002/backupFabrics/Azure/protectionContainers/StorageContainer%3BStorage%3Bclitest.rg000001%3Bclitest000003/operationResults/e5d189a9-6f37-4df3-ba25-e0f9f21edc26?api-version=2022-02-01
  response:
    body:
      string: '{}'
    headers:
      azure-asyncoperation:
      - https://management.azure.com/subscriptions/00000000-0000-0000-0000-000000000000/resourceGroups/clitest.rg000001/providers/Microsoft.RecoveryServices/vaults/clitest-vault000002/backupFabrics/Azure/protectionContainers/StorageContainer;Storage;clitest.rg000001;clitest000003/operationsStatus/e5d189a9-6f37-4df3-ba25-e0f9f21edc26?api-version=2019-05-13-preview
      cache-control:
      - no-cache
      content-length:
      - '2'
      content-type:
      - application/json; charset=utf-8
      date:
      - Fri, 19 Aug 2022 08:00:33 GMT
      expires:
      - '-1'
      location:
      - https://management.azure.com/subscriptions/00000000-0000-0000-0000-000000000000/resourceGroups/clitest.rg000001/providers/Microsoft.RecoveryServices/vaults/clitest-vault000002/backupFabrics/Azure/protectionContainers/StorageContainer;Storage;clitest.rg000001;clitest000003/operationResults/e5d189a9-6f37-4df3-ba25-e0f9f21edc26?api-version=2022-02-01
      pragma:
      - no-cache
      server:
      - Kestrel
      strict-transport-security:
      - max-age=31536000; includeSubDomains
      x-content-type-options:
      - nosniff
      x-ms-ratelimit-remaining-subscription-resource-requests:
      - '292'
    status:
      code: 202
      message: Accepted
- request:
    body: null
    headers:
      Accept:
      - application/json
      Accept-Encoding:
      - gzip, deflate
      CommandName:
      - backup container unregister
      Connection:
      - keep-alive
      ParameterSetName:
      - -g -v -c --yes --backup-management-type
      User-Agent:
      - AZURECLI/2.38.0 azsdk-python-mgmt-recoveryservicesbackup/5.0.0 Python/3.8.5
        (Windows-10-10.0.22000-SP0)
    method: GET
    uri: https://management.azure.com/subscriptions/00000000-0000-0000-0000-000000000000/resourceGroups/clitest.rg000001/providers/Microsoft.RecoveryServices/vaults/clitest-vault000002/backupFabrics/Azure/protectionContainers/StorageContainer%3BStorage%3Bclitest.rg000001%3Bclitest000003/operationResults/e5d189a9-6f37-4df3-ba25-e0f9f21edc26?api-version=2022-02-01
  response:
    body:
      string: ''
    headers:
      cache-control:
      - no-cache
      date:
      - Fri, 19 Aug 2022 08:00:38 GMT
      expires:
      - '-1'
      pragma:
      - no-cache
      server:
      - Kestrel
      strict-transport-security:
      - max-age=31536000; includeSubDomains
      x-content-type-options:
      - nosniff
      x-ms-ratelimit-remaining-subscription-resource-requests:
      - '291'
    status:
      code: 204
      message: No Content
- request:
    body: null
    headers:
      Accept:
      - application/json
      Accept-Encoding:
      - gzip, deflate
      CommandName:
      - backup container list
      Connection:
      - keep-alive
      ParameterSetName:
      - --backup-management-type -v -g --query
      User-Agent:
      - AZURECLI/2.38.0 azsdk-python-mgmt-recoveryservicesbackup/5.0.0 Python/3.8.5
        (Windows-10-10.0.22000-SP0)
    method: GET
    uri: https://management.azure.com/subscriptions/00000000-0000-0000-0000-000000000000/resourceGroups/clitest.rg000001/providers/Microsoft.RecoveryServices/vaults/clitest-vault000002/backupProtectionContainers?api-version=2022-02-01&%24filter=backupManagementType+eq+%27AzureIaasVM%27+and+status+eq+%27Registered%27
  response:
    body:
      string: '{"value":[]}'
    headers:
      cache-control:
      - no-cache
      content-length:
      - '12'
      content-type:
      - application/json; charset=utf-8
      date:
      - Fri, 19 Aug 2022 08:02:19 GMT
      expires:
      - '-1'
      pragma:
      - no-cache
      server:
      - Kestrel
      strict-transport-security:
      - max-age=31536000; includeSubDomains
      transfer-encoding:
      - chunked
      vary:
      - Accept-Encoding
      x-content-type-options:
      - nosniff
      x-ms-ratelimit-remaining-subscription-resource-requests:
      - '295'
    status:
      code: 200
      message: OK
- request:
    body: null
    headers:
      Accept:
      - application/json
      Accept-Encoding:
      - gzip, deflate
      CommandName:
      - backup vault delete
      Connection:
      - keep-alive
      Content-Length:
      - '0'
      ParameterSetName:
      - -n -g --yes
      User-Agent:
      - AZURECLI/2.38.0 azsdk-python-mgmt-recoveryservices/2.1.0 Python/3.8.5 (Windows-10-10.0.22000-SP0)
    method: DELETE
    uri: https://management.azure.com/subscriptions/00000000-0000-0000-0000-000000000000/resourceGroups/clitest.rg000001/providers/Microsoft.RecoveryServices/vaults/clitest-vault000002?api-version=2022-04-01
  response:
    body:
      string: ''
    headers:
      cache-control:
      - no-cache
      content-length:
      - '0'
      date:
      - Fri, 19 Aug 2022 08:02:25 GMT
      expires:
      - '-1'
      pragma:
      - no-cache
      server:
      - Kestrel
      strict-transport-security:
      - max-age=31536000; includeSubDomains
      x-content-type-options:
      - nosniff
      x-ms-ratelimit-remaining-subscription-resource-requests:
      - '48'
    status:
      code: 200
      message: OK
version: 1
