interactions:
- request:
    body: null
    headers:
      Accept:
      - application/json
      Accept-Encoding:
      - gzip, deflate
      CommandName:
      - backup container register
      Connection:
      - keep-alive
      ParameterSetName:
      - -v -g --backup-management-type --workload-type --resource-id
      User-Agent:
      - AZURECLI/2.44.1 (PIP) azsdk-python-mgmt-recoveryservicesbackup/5.1.0 Python/3.10.7
        (Windows-10-10.0.22621-SP0)
    method: GET
    uri: https://management.azure.com/subscriptions/00000000-0000-0000-0000-000000000000/resourceGroups/saphana-clitest-rg/providers/Microsoft.RecoveryServices/vaults/saphana-clitestvault-donotuse/backupFabrics/Azure/protectableContainers?api-version=2023-01-01&%24filter=backupManagementType+eq+%27AzureWorkload%27
  response:
    body:
      string: '{"value":[{"id":"/subscriptions/00000000-0000-0000-0000-000000000000/resourceGroups/saphana-clitest-rg/providers/Microsoft.RecoveryServices/vaults/saphana-clitestvault-donotuse/backupFabrics/Azure/protectableContainers/VMAppContainer;Compute;akneema;akneema-tvm","name":"VMAppContainer;Compute;akneema;akneema-tvm","type":"Microsoft.RecoveryServices/vaults/backupFabrics/protectableContainers","properties":{"friendlyName":"akneema-tvm","backupManagementType":"AzureWorkload","protectableContainerType":"VMAppContainer","healthStatus":"Healthy","containerId":"/subscriptions/00000000-0000-0000-0000-000000000000/resourceGroups/akneema/providers/Microsoft.Compute/virtualMachines/akneema-tvm"}},{"id":"/subscriptions/00000000-0000-0000-0000-000000000000/resourceGroups/saphana-clitest-rg/providers/Microsoft.RecoveryServices/vaults/saphana-clitestvault-donotuse/backupFabrics/Azure/protectableContainers/VMAppContainer;Compute;clitest-rg-donotuse;clitest-sql-donotuse","name":"VMAppContainer;Compute;clitest-rg-donotuse;clitest-sql-donotuse","type":"Microsoft.RecoveryServices/vaults/backupFabrics/protectableContainers","properties":{"friendlyName":"clitest-sql-donotuse","backupManagementType":"AzureWorkload","protectableContainerType":"VMAppContainer","healthStatus":"Healthy","containerId":"/subscriptions/00000000-0000-0000-0000-000000000000/resourceGroups/clitest-rg-donotuse/providers/Microsoft.Compute/virtualMachines/clitest-sql-donotuse"}},{"id":"/subscriptions/00000000-0000-0000-0000-000000000000/resourceGroups/saphana-clitest-rg/providers/Microsoft.RecoveryServices/vaults/saphana-clitestvault-donotuse/backupFabrics/Azure/protectableContainers/VMAppContainer;Compute;hiagarg;hiaga-adhoc-vm","name":"VMAppContainer;Compute;hiagarg;hiaga-adhoc-vm","type":"Microsoft.RecoveryServices/vaults/backupFabrics/protectableContainers","properties":{"friendlyName":"hiaga-adhoc-vm","backupManagementType":"AzureWorkload","protectableContainerType":"VMAppContainer","healthStatus":"Healthy","containerId":"/subscriptions/00000000-0000-0000-0000-000000000000/resourceGroups/hiagarg/providers/Microsoft.Compute/virtualMachines/hiaga-adhoc-vm"}},{"id":"/subscriptions/00000000-0000-0000-0000-000000000000/resourceGroups/saphana-clitest-rg/providers/Microsoft.RecoveryServices/vaults/saphana-clitestvault-donotuse/backupFabrics/Azure/protectableContainers/VMAppContainer;Compute;hiagarg;hiagaNewVm1","name":"VMAppContainer;Compute;hiagarg;hiagaNewVm1","type":"Microsoft.RecoveryServices/vaults/backupFabrics/protectableContainers","properties":{"friendlyName":"hiagaNewVm1","backupManagementType":"AzureWorkload","protectableContainerType":"VMAppContainer","healthStatus":"Healthy","containerId":"/subscriptions/00000000-0000-0000-0000-000000000000/resourceGroups/hiagarg/providers/Microsoft.Compute/virtualMachines/hiagaNewVm1"}},{"id":"/subscriptions/00000000-0000-0000-0000-000000000000/resourceGroups/saphana-clitest-rg/providers/Microsoft.RecoveryServices/vaults/saphana-clitestvault-donotuse/backupFabrics/Azure/protectableContainers/VMAppContainer;Compute;hiagarg;hiaganewVM2","name":"VMAppContainer;Compute;hiagarg;hiaganewVM2","type":"Microsoft.RecoveryServices/vaults/backupFabrics/protectableContainers","properties":{"friendlyName":"hiaganewVM2","backupManagementType":"AzureWorkload","protectableContainerType":"VMAppContainer","healthStatus":"Healthy","containerId":"/subscriptions/00000000-0000-0000-0000-000000000000/resourceGroups/hiagarg/providers/Microsoft.Compute/virtualMachines/hiaganewVM2"}},{"id":"/subscriptions/00000000-0000-0000-0000-000000000000/resourceGroups/saphana-clitest-rg/providers/Microsoft.RecoveryServices/vaults/saphana-clitestvault-donotuse/backupFabrics/Azure/protectableContainers/VMAppContainer;Compute;hiagarg;hiaganewVM3","name":"VMAppContainer;Compute;hiagarg;hiaganewVM3","type":"Microsoft.RecoveryServices/vaults/backupFabrics/protectableContainers","properties":{"friendlyName":"hiaganewVM3","backupManagementType":"AzureWorkload","protectableContainerType":"VMAppContainer","healthStatus":"Healthy","containerId":"/subscriptions/00000000-0000-0000-0000-000000000000/resourceGroups/hiagarg/providers/Microsoft.Compute/virtualMachines/hiaganewVM3"}},{"id":"/subscriptions/00000000-0000-0000-0000-000000000000/resourceGroups/saphana-clitest-rg/providers/Microsoft.RecoveryServices/vaults/saphana-clitestvault-donotuse/backupFabrics/Azure/protectableContainers/VMAppContainer;Compute;hiagarg;hiagavm","name":"VMAppContainer;Compute;hiagarg;hiagavm","type":"Microsoft.RecoveryServices/vaults/backupFabrics/protectableContainers","properties":{"friendlyName":"hiagavm","backupManagementType":"AzureWorkload","protectableContainerType":"VMAppContainer","healthStatus":"Healthy","containerId":"/subscriptions/00000000-0000-0000-0000-000000000000/resourceGroups/hiagarg/providers/Microsoft.Compute/virtualMachines/hiagavm"}},{"id":"/subscriptions/00000000-0000-0000-0000-000000000000/resourceGroups/saphana-clitest-rg/providers/Microsoft.RecoveryServices/vaults/saphana-clitestvault-donotuse/backupFabrics/Azure/protectableContainers/VMAppContainer;Compute;iaasvm-clitest-rg;clitestvm","name":"VMAppContainer;Compute;iaasvm-clitest-rg;clitestvm","type":"Microsoft.RecoveryServices/vaults/backupFabrics/protectableContainers","properties":{"friendlyName":"clitestvm","backupManagementType":"AzureWorkload","protectableContainerType":"VMAppContainer","healthStatus":"Healthy","containerId":"/subscriptions/00000000-0000-0000-0000-000000000000/resourceGroups/iaasvm-clitest-rg/providers/Microsoft.Compute/virtualMachines/clitestvm"}},{"id":"/subscriptions/00000000-0000-0000-0000-000000000000/resourceGroups/saphana-clitest-rg/providers/Microsoft.RecoveryServices/vaults/saphana-clitestvault-donotuse/backupFabrics/Azure/protectableContainers/VMAppContainer;Compute;iaasvm-clitest-rg;iaasvm-clitest-vm2","name":"VMAppContainer;Compute;iaasvm-clitest-rg;iaasvm-clitest-vm2","type":"Microsoft.RecoveryServices/vaults/backupFabrics/protectableContainers","properties":{"friendlyName":"iaasvm-clitest-vm2","backupManagementType":"AzureWorkload","protectableContainerType":"VMAppContainer","healthStatus":"Healthy","containerId":"/subscriptions/00000000-0000-0000-0000-000000000000/resourceGroups/iaasvm-clitest-rg/providers/Microsoft.Compute/virtualMachines/iaasvm-clitest-vm2"}},{"id":"/subscriptions/00000000-0000-0000-0000-000000000000/resourceGroups/saphana-clitest-rg/providers/Microsoft.RecoveryServices/vaults/saphana-clitestvault-donotuse/backupFabrics/Azure/protectableContainers/VMAppContainer;Compute;iaasvm-pstest-rg;iaasvm-pstest-vm","name":"VMAppContainer;Compute;iaasvm-pstest-rg;iaasvm-pstest-vm","type":"Microsoft.RecoveryServices/vaults/backupFabrics/protectableContainers","properties":{"friendlyName":"iaasvm-pstest-vm","backupManagementType":"AzureWorkload","protectableContainerType":"VMAppContainer","healthStatus":"Healthy","containerId":"/subscriptions/00000000-0000-0000-0000-000000000000/resourceGroups/iaasvm-pstest-rg/providers/Microsoft.Compute/virtualMachines/iaasvm-pstest-vm"}},{"id":"/subscriptions/00000000-0000-0000-0000-000000000000/resourceGroups/saphana-clitest-rg/providers/Microsoft.RecoveryServices/vaults/saphana-clitestvault-donotuse/backupFabrics/Azure/protectableContainers/VMAppContainer;Compute;iaasvm.existing.crr;iaasextchg-win-v2","name":"VMAppContainer;Compute;iaasvm.existing.crr;iaasextchg-win-v2","type":"Microsoft.RecoveryServices/vaults/backupFabrics/protectableContainers","properties":{"friendlyName":"iaasextchg-win-v2","backupManagementType":"AzureWorkload","protectableContainerType":"VMAppContainer","healthStatus":"Healthy","containerId":"/subscriptions/00000000-0000-0000-0000-000000000000/resourceGroups/iaasvm.existing.crr/providers/Microsoft.Compute/virtualMachines/iaasextchg-win-v2"}},{"id":"/subscriptions/00000000-0000-0000-0000-000000000000/resourceGroups/saphana-clitest-rg/providers/Microsoft.RecoveryServices/vaults/saphana-clitestvault-donotuse/backupFabrics/Azure/protectableContainers/VMAppContainer;Compute;saphana-clitest-rg;saphana-clitestvm-donotuse","name":"VMAppContainer;Compute;saphana-clitest-rg;saphana-clitestvm-donotuse","type":"Microsoft.RecoveryServices/vaults/backupFabrics/protectableContainers","properties":{"friendlyName":"saphana-clitestvm-donotuse","backupManagementType":"AzureWorkload","protectableContainerType":"VMAppContainer","healthStatus":"Healthy","containerId":"/subscriptions/00000000-0000-0000-0000-000000000000/resourceGroups/saphana-clitest-rg/providers/Microsoft.Compute/virtualMachines/saphana-clitestvm-donotuse"}},{"id":"/subscriptions/00000000-0000-0000-0000-000000000000/resourceGroups/saphana-clitest-rg/providers/Microsoft.RecoveryServices/vaults/saphana-clitestvault-donotuse/backupFabrics/Azure/protectableContainers/VMAppContainer;Compute;saphana-clitest-rg;saphana-clitestvm-donotuse2","name":"VMAppContainer;Compute;saphana-clitest-rg;saphana-clitestvm-donotuse2","type":"Microsoft.RecoveryServices/vaults/backupFabrics/protectableContainers","properties":{"friendlyName":"saphana-clitestvm-donotuse2","backupManagementType":"AzureWorkload","protectableContainerType":"VMAppContainer","healthStatus":"Healthy","containerId":"/subscriptions/00000000-0000-0000-0000-000000000000/resourceGroups/saphana-clitest-rg/providers/Microsoft.Compute/virtualMachines/saphana-clitestvm-donotuse2"}},{"id":"/subscriptions/00000000-0000-0000-0000-000000000000/resourceGroups/saphana-clitest-rg/providers/Microsoft.RecoveryServices/vaults/saphana-clitestvault-donotuse/backupFabrics/Azure/protectableContainers/VMAppContainer;Compute;sarath-rg;sarath-encrypted-ccyvm-5","name":"VMAppContainer;Compute;sarath-rg;sarath-encrypted-ccyvm-5","type":"Microsoft.RecoveryServices/vaults/backupFabrics/protectableContainers","properties":{"friendlyName":"sarath-encrypted-ccyvm-5","backupManagementType":"AzureWorkload","protectableContainerType":"VMAppContainer","healthStatus":"Healthy","containerId":"/subscriptions/00000000-0000-0000-0000-000000000000/resourceGroups/sarath-rg/providers/Microsoft.Compute/virtualMachines/sarath-encrypted-ccyvm-5"}},{"id":"/subscriptions/00000000-0000-0000-0000-000000000000/resourceGroups/saphana-clitest-rg/providers/Microsoft.RecoveryServices/vaults/saphana-clitestvault-donotuse/backupFabrics/Azure/protectableContainers/VMAppContainer;Compute;sarath-rg;sarath-encrypted-ccyvm-6","name":"VMAppContainer;Compute;sarath-rg;sarath-encrypted-ccyvm-6","type":"Microsoft.RecoveryServices/vaults/backupFabrics/protectableContainers","properties":{"friendlyName":"sarath-encrypted-ccyvm-6","backupManagementType":"AzureWorkload","protectableContainerType":"VMAppContainer","healthStatus":"Healthy","containerId":"/subscriptions/00000000-0000-0000-0000-000000000000/resourceGroups/sarath-rg/providers/Microsoft.Compute/virtualMachines/sarath-encrypted-ccyvm-6"}},{"id":"/subscriptions/00000000-0000-0000-0000-000000000000/resourceGroups/saphana-clitest-rg/providers/Microsoft.RecoveryServices/vaults/saphana-clitestvault-donotuse/backupFabrics/Azure/protectableContainers/VMAppContainer;Compute;sql-clicloudtest-rg;sql-clicloudtest-vm","name":"VMAppContainer;Compute;sql-clicloudtest-rg;sql-clicloudtest-vm","type":"Microsoft.RecoveryServices/vaults/backupFabrics/protectableContainers","properties":{"friendlyName":"sql-clicloudtest-vm","backupManagementType":"AzureWorkload","protectableContainerType":"VMAppContainer","healthStatus":"Healthy","containerId":"/subscriptions/00000000-0000-0000-0000-000000000000/resourceGroups/sql-clicloudtest-rg/providers/Microsoft.Compute/virtualMachines/sql-clicloudtest-vm"}},{"id":"/subscriptions/00000000-0000-0000-0000-000000000000/resourceGroups/saphana-clitest-rg/providers/Microsoft.RecoveryServices/vaults/saphana-clitestvault-donotuse/backupFabrics/Azure/protectableContainers/VMAppContainer;Compute;sql-clicloudtest-rg;sql-clicloudtest-vm2","name":"VMAppContainer;Compute;sql-clicloudtest-rg;sql-clicloudtest-vm2","type":"Microsoft.RecoveryServices/vaults/backupFabrics/protectableContainers","properties":{"friendlyName":"sql-clicloudtest-vm2","backupManagementType":"AzureWorkload","protectableContainerType":"VMAppContainer","healthStatus":"Healthy","containerId":"/subscriptions/00000000-0000-0000-0000-000000000000/resourceGroups/sql-clicloudtest-rg/providers/Microsoft.Compute/virtualMachines/sql-clicloudtest-vm2"}}]}'
    headers:
      cache-control:
      - no-cache
      content-length:
      - '12340'
      content-type:
      - application/json
      date:
      - Thu, 25 Aug 2022 06:13:06 GMT
      expires:
      - '-1'
      pragma:
      - no-cache
      server:
      - Microsoft-IIS/10.0
      strict-transport-security:
      - max-age=31536000; includeSubDomains
      transfer-encoding:
      - chunked
      vary:
      - Accept-Encoding
      x-content-type-options:
      - nosniff
      x-ms-ratelimit-remaining-subscription-resource-requests:
      - '292'
      x-powered-by:
      - ASP.NET
    status:
      code: 200
      message: OK
- request:
    body: '{"properties": {"backupManagementType": "AzureWorkload", "containerType":
      "VMAppContainer", "sourceResourceId": "/subscriptions/00000000-0000-0000-0000-000000000000/resourceGroups/saphana-clitest-rg/providers/Microsoft.Compute/virtualMachines/saphana-clitestvm-donotuse2",
      "workloadType": "SAPHanaDatabase"}}'
    headers:
      Accept:
      - application/json
      Accept-Encoding:
      - gzip, deflate
      CommandName:
      - backup container register
      Connection:
      - keep-alive
      Content-Length:
      - '308'
      Content-Type:
      - application/json
      ParameterSetName:
      - -v -g --backup-management-type --workload-type --resource-id
      User-Agent:
      - AZURECLI/2.44.1 (PIP) azsdk-python-mgmt-recoveryservicesbackup/5.1.0 Python/3.10.7
        (Windows-10-10.0.22621-SP0)
    method: PUT
    uri: https://management.azure.com/subscriptions/00000000-0000-0000-0000-000000000000/resourceGroups/saphana-clitest-rg/providers/Microsoft.RecoveryServices/vaults/saphana-clitestvault-donotuse/backupFabrics/Azure/protectionContainers/VMAppContainer%3BCompute%3Bsaphana-clitest-rg%3Bsaphana-clitestvm-donotuse2?api-version=2023-01-01
  response:
    body:
      string: '{}'
    headers:
      azure-asyncoperation:
      - https://management.azure.com/subscriptions/00000000-0000-0000-0000-000000000000/resourceGroups/saphana-clitest-rg/providers/Microsoft.RecoveryServices/vaults/saphana-clitestvault-donotuse/backupFabrics/Azure/protectionContainers/VMAppContainer;Compute;saphana-clitest-rg;saphana-clitestvm-donotuse2/operationsStatus/1075c349-5d95-4a19-b336-2f1a646fbdc5?api-version=2019-05-13-preview
      cache-control:
      - no-cache
      content-length:
      - '2'
      content-type:
      - application/json
      date:
      - Thu, 25 Aug 2022 06:13:08 GMT
      expires:
      - '-1'
      location:
      - https://management.azure.com/subscriptions/00000000-0000-0000-0000-000000000000/resourceGroups/saphana-clitest-rg/providers/Microsoft.RecoveryServices/vaults/saphana-clitestvault-donotuse/backupFabrics/Azure/protectionContainers/VMAppContainer;Compute;saphana-clitest-rg;saphana-clitestvm-donotuse2/operationResults/1075c349-5d95-4a19-b336-2f1a646fbdc5?api-version=2023-01-01
      pragma:
      - no-cache
      server:
      - Microsoft-IIS/10.0
      strict-transport-security:
      - max-age=31536000; includeSubDomains
      x-content-type-options:
      - nosniff
      x-ms-ratelimit-remaining-subscription-writes:
      - '1198'
      x-powered-by:
      - ASP.NET
    status:
      code: 202
      message: Accepted
- request:
    body: null
    headers:
      Accept:
      - application/json
      Accept-Encoding:
      - gzip, deflate
      CommandName:
      - backup container register
      Connection:
      - keep-alive
      ParameterSetName:
      - -v -g --backup-management-type --workload-type --resource-id
      User-Agent:
      - AZURECLI/2.44.1 (PIP) azsdk-python-mgmt-recoveryservicesbackup/5.1.0 Python/3.10.7
        (Windows-10-10.0.22621-SP0)
    method: GET
    uri: https://management.azure.com/subscriptions/00000000-0000-0000-0000-000000000000/resourceGroups/saphana-clitest-rg/providers/Microsoft.RecoveryServices/vaults/saphana-clitestvault-donotuse/backupFabrics/Azure/protectionContainers/VMAppContainer%3BCompute%3Bsaphana-clitest-rg%3Bsaphana-clitestvm-donotuse2/operationResults/1075c349-5d95-4a19-b336-2f1a646fbdc5?api-version=2023-01-01
  response:
    body:
      string: '{}'
    headers:
      azure-asyncoperation:
      - https://management.azure.com/subscriptions/00000000-0000-0000-0000-000000000000/resourceGroups/saphana-clitest-rg/providers/Microsoft.RecoveryServices/vaults/saphana-clitestvault-donotuse/backupFabrics/Azure/protectionContainers/VMAppContainer;Compute;saphana-clitest-rg;saphana-clitestvm-donotuse2/operationsStatus/1075c349-5d95-4a19-b336-2f1a646fbdc5?api-version=2019-05-13-preview
      cache-control:
      - no-cache
      content-length:
      - '2'
      content-type:
      - application/json
      date:
      - Thu, 25 Aug 2022 06:13:09 GMT
      expires:
      - '-1'
      location:
      - https://management.azure.com/subscriptions/00000000-0000-0000-0000-000000000000/resourceGroups/saphana-clitest-rg/providers/Microsoft.RecoveryServices/vaults/saphana-clitestvault-donotuse/backupFabrics/Azure/protectionContainers/VMAppContainer;Compute;saphana-clitest-rg;saphana-clitestvm-donotuse2/operationResults/1075c349-5d95-4a19-b336-2f1a646fbdc5?api-version=2023-01-01
      pragma:
      - no-cache
      server:
      - Microsoft-IIS/10.0
      strict-transport-security:
      - max-age=31536000; includeSubDomains
      x-content-type-options:
      - nosniff
      x-ms-ratelimit-remaining-subscription-resource-requests:
      - '239'
      x-powered-by:
      - ASP.NET
    status:
      code: 202
      message: Accepted
- request:
    body: null
    headers:
      Accept:
      - application/json
      Accept-Encoding:
      - gzip, deflate
      CommandName:
      - backup container register
      Connection:
      - keep-alive
      ParameterSetName:
      - -v -g --backup-management-type --workload-type --resource-id
      User-Agent:
      - AZURECLI/2.44.1 (PIP) azsdk-python-mgmt-recoveryservicesbackup/5.1.0 Python/3.10.7
        (Windows-10-10.0.22621-SP0)
    method: GET
    uri: https://management.azure.com/subscriptions/00000000-0000-0000-0000-000000000000/resourceGroups/saphana-clitest-rg/providers/Microsoft.RecoveryServices/vaults/saphana-clitestvault-donotuse/backupFabrics/Azure/protectionContainers/VMAppContainer%3BCompute%3Bsaphana-clitest-rg%3Bsaphana-clitestvm-donotuse2/operationResults/1075c349-5d95-4a19-b336-2f1a646fbdc5?api-version=2023-01-01
  response:
    body:
      string: '{}'
    headers:
      azure-asyncoperation:
      - https://management.azure.com/subscriptions/00000000-0000-0000-0000-000000000000/resourceGroups/saphana-clitest-rg/providers/Microsoft.RecoveryServices/vaults/saphana-clitestvault-donotuse/backupFabrics/Azure/protectionContainers/VMAppContainer;Compute;saphana-clitest-rg;saphana-clitestvm-donotuse2/operationsStatus/1075c349-5d95-4a19-b336-2f1a646fbdc5?api-version=2019-05-13-preview
      cache-control:
      - no-cache
      content-length:
      - '2'
      content-type:
      - application/json
      date:
      - Thu, 25 Aug 2022 06:13:15 GMT
      expires:
      - '-1'
      location:
      - https://management.azure.com/subscriptions/00000000-0000-0000-0000-000000000000/resourceGroups/saphana-clitest-rg/providers/Microsoft.RecoveryServices/vaults/saphana-clitestvault-donotuse/backupFabrics/Azure/protectionContainers/VMAppContainer;Compute;saphana-clitest-rg;saphana-clitestvm-donotuse2/operationResults/1075c349-5d95-4a19-b336-2f1a646fbdc5?api-version=2023-01-01
      pragma:
      - no-cache
      server:
      - Microsoft-IIS/10.0
      strict-transport-security:
      - max-age=31536000; includeSubDomains
      x-content-type-options:
      - nosniff
      x-ms-ratelimit-remaining-subscription-resource-requests:
      - '238'
      x-powered-by:
      - ASP.NET
    status:
      code: 202
      message: Accepted
- request:
    body: null
    headers:
      Accept:
      - application/json
      Accept-Encoding:
      - gzip, deflate
      CommandName:
      - backup container register
      Connection:
      - keep-alive
      ParameterSetName:
      - -v -g --backup-management-type --workload-type --resource-id
      User-Agent:
      - AZURECLI/2.44.1 (PIP) azsdk-python-mgmt-recoveryservicesbackup/5.1.0 Python/3.10.7
        (Windows-10-10.0.22621-SP0)
    method: GET
    uri: https://management.azure.com/subscriptions/00000000-0000-0000-0000-000000000000/resourceGroups/saphana-clitest-rg/providers/Microsoft.RecoveryServices/vaults/saphana-clitestvault-donotuse/backupFabrics/Azure/protectionContainers/VMAppContainer%3BCompute%3Bsaphana-clitest-rg%3Bsaphana-clitestvm-donotuse2/operationResults/1075c349-5d95-4a19-b336-2f1a646fbdc5?api-version=2023-01-01
  response:
    body:
      string: '{}'
    headers:
      azure-asyncoperation:
      - https://management.azure.com/subscriptions/00000000-0000-0000-0000-000000000000/resourceGroups/saphana-clitest-rg/providers/Microsoft.RecoveryServices/vaults/saphana-clitestvault-donotuse/backupFabrics/Azure/protectionContainers/VMAppContainer;Compute;saphana-clitest-rg;saphana-clitestvm-donotuse2/operationsStatus/1075c349-5d95-4a19-b336-2f1a646fbdc5?api-version=2019-05-13-preview
      cache-control:
      - no-cache
      content-length:
      - '2'
      content-type:
      - application/json
      date:
      - Thu, 25 Aug 2022 06:13:20 GMT
      expires:
      - '-1'
      location:
      - https://management.azure.com/subscriptions/00000000-0000-0000-0000-000000000000/resourceGroups/saphana-clitest-rg/providers/Microsoft.RecoveryServices/vaults/saphana-clitestvault-donotuse/backupFabrics/Azure/protectionContainers/VMAppContainer;Compute;saphana-clitest-rg;saphana-clitestvm-donotuse2/operationResults/1075c349-5d95-4a19-b336-2f1a646fbdc5?api-version=2023-01-01
      pragma:
      - no-cache
      server:
      - Microsoft-IIS/10.0
      strict-transport-security:
      - max-age=31536000; includeSubDomains
      x-content-type-options:
      - nosniff
      x-ms-ratelimit-remaining-subscription-resource-requests:
      - '237'
      x-powered-by:
      - ASP.NET
    status:
      code: 202
      message: Accepted
- request:
    body: null
    headers:
      Accept:
      - application/json
      Accept-Encoding:
      - gzip, deflate
      CommandName:
      - backup container register
      Connection:
      - keep-alive
      ParameterSetName:
      - -v -g --backup-management-type --workload-type --resource-id
      User-Agent:
      - AZURECLI/2.44.1 (PIP) azsdk-python-mgmt-recoveryservicesbackup/5.1.0 Python/3.10.7
        (Windows-10-10.0.22621-SP0)
    method: GET
    uri: https://management.azure.com/subscriptions/00000000-0000-0000-0000-000000000000/resourceGroups/saphana-clitest-rg/providers/Microsoft.RecoveryServices/vaults/saphana-clitestvault-donotuse/backupFabrics/Azure/protectionContainers/VMAppContainer%3BCompute%3Bsaphana-clitest-rg%3Bsaphana-clitestvm-donotuse2/operationResults/1075c349-5d95-4a19-b336-2f1a646fbdc5?api-version=2023-01-01
  response:
    body:
      string: '{}'
    headers:
      azure-asyncoperation:
      - https://management.azure.com/subscriptions/00000000-0000-0000-0000-000000000000/resourceGroups/saphana-clitest-rg/providers/Microsoft.RecoveryServices/vaults/saphana-clitestvault-donotuse/backupFabrics/Azure/protectionContainers/VMAppContainer;Compute;saphana-clitest-rg;saphana-clitestvm-donotuse2/operationsStatus/1075c349-5d95-4a19-b336-2f1a646fbdc5?api-version=2019-05-13-preview
      cache-control:
      - no-cache
      content-length:
      - '2'
      content-type:
      - application/json
      date:
      - Thu, 25 Aug 2022 06:13:26 GMT
      expires:
      - '-1'
      location:
      - https://management.azure.com/subscriptions/00000000-0000-0000-0000-000000000000/resourceGroups/saphana-clitest-rg/providers/Microsoft.RecoveryServices/vaults/saphana-clitestvault-donotuse/backupFabrics/Azure/protectionContainers/VMAppContainer;Compute;saphana-clitest-rg;saphana-clitestvm-donotuse2/operationResults/1075c349-5d95-4a19-b336-2f1a646fbdc5?api-version=2023-01-01
      pragma:
      - no-cache
      server:
      - Microsoft-IIS/10.0
      strict-transport-security:
      - max-age=31536000; includeSubDomains
      x-content-type-options:
      - nosniff
      x-ms-ratelimit-remaining-subscription-resource-requests:
      - '236'
      x-powered-by:
      - ASP.NET
    status:
      code: 202
      message: Accepted
- request:
    body: null
    headers:
      Accept:
      - application/json
      Accept-Encoding:
      - gzip, deflate
      CommandName:
      - backup container register
      Connection:
      - keep-alive
      ParameterSetName:
      - -v -g --backup-management-type --workload-type --resource-id
      User-Agent:
      - AZURECLI/2.44.1 (PIP) azsdk-python-mgmt-recoveryservicesbackup/5.1.0 Python/3.10.7
        (Windows-10-10.0.22621-SP0)
    method: GET
    uri: https://management.azure.com/subscriptions/00000000-0000-0000-0000-000000000000/resourceGroups/saphana-clitest-rg/providers/Microsoft.RecoveryServices/vaults/saphana-clitestvault-donotuse/backupFabrics/Azure/protectionContainers/VMAppContainer%3BCompute%3Bsaphana-clitest-rg%3Bsaphana-clitestvm-donotuse2/operationResults/1075c349-5d95-4a19-b336-2f1a646fbdc5?api-version=2023-01-01
  response:
    body:
      string: '{}'
    headers:
      azure-asyncoperation:
      - https://management.azure.com/subscriptions/00000000-0000-0000-0000-000000000000/resourceGroups/saphana-clitest-rg/providers/Microsoft.RecoveryServices/vaults/saphana-clitestvault-donotuse/backupFabrics/Azure/protectionContainers/VMAppContainer;Compute;saphana-clitest-rg;saphana-clitestvm-donotuse2/operationsStatus/1075c349-5d95-4a19-b336-2f1a646fbdc5?api-version=2019-05-13-preview
      cache-control:
      - no-cache
      content-length:
      - '2'
      content-type:
      - application/json
      date:
      - Thu, 25 Aug 2022 06:13:32 GMT
      expires:
      - '-1'
      location:
      - https://management.azure.com/subscriptions/00000000-0000-0000-0000-000000000000/resourceGroups/saphana-clitest-rg/providers/Microsoft.RecoveryServices/vaults/saphana-clitestvault-donotuse/backupFabrics/Azure/protectionContainers/VMAppContainer;Compute;saphana-clitest-rg;saphana-clitestvm-donotuse2/operationResults/1075c349-5d95-4a19-b336-2f1a646fbdc5?api-version=2023-01-01
      pragma:
      - no-cache
      server:
      - Microsoft-IIS/10.0
      strict-transport-security:
      - max-age=31536000; includeSubDomains
      x-content-type-options:
      - nosniff
      x-ms-ratelimit-remaining-subscription-resource-requests:
      - '235'
      x-powered-by:
      - ASP.NET
    status:
      code: 202
      message: Accepted
- request:
    body: null
    headers:
      Accept:
      - application/json
      Accept-Encoding:
      - gzip, deflate
      CommandName:
      - backup container register
      Connection:
      - keep-alive
      ParameterSetName:
      - -v -g --backup-management-type --workload-type --resource-id
      User-Agent:
      - AZURECLI/2.44.1 (PIP) azsdk-python-mgmt-recoveryservicesbackup/5.1.0 Python/3.10.7
        (Windows-10-10.0.22621-SP0)
    method: GET
    uri: https://management.azure.com/subscriptions/00000000-0000-0000-0000-000000000000/resourceGroups/saphana-clitest-rg/providers/Microsoft.RecoveryServices/vaults/saphana-clitestvault-donotuse/backupFabrics/Azure/protectionContainers/VMAppContainer%3BCompute%3Bsaphana-clitest-rg%3Bsaphana-clitestvm-donotuse2/operationResults/1075c349-5d95-4a19-b336-2f1a646fbdc5?api-version=2023-01-01
  response:
    body:
      string: '{}'
    headers:
      azure-asyncoperation:
      - https://management.azure.com/subscriptions/00000000-0000-0000-0000-000000000000/resourceGroups/saphana-clitest-rg/providers/Microsoft.RecoveryServices/vaults/saphana-clitestvault-donotuse/backupFabrics/Azure/protectionContainers/VMAppContainer;Compute;saphana-clitest-rg;saphana-clitestvm-donotuse2/operationsStatus/1075c349-5d95-4a19-b336-2f1a646fbdc5?api-version=2019-05-13-preview
      cache-control:
      - no-cache
      content-length:
      - '2'
      content-type:
      - application/json
      date:
      - Thu, 25 Aug 2022 06:13:38 GMT
      expires:
      - '-1'
      location:
      - https://management.azure.com/subscriptions/00000000-0000-0000-0000-000000000000/resourceGroups/saphana-clitest-rg/providers/Microsoft.RecoveryServices/vaults/saphana-clitestvault-donotuse/backupFabrics/Azure/protectionContainers/VMAppContainer;Compute;saphana-clitest-rg;saphana-clitestvm-donotuse2/operationResults/1075c349-5d95-4a19-b336-2f1a646fbdc5?api-version=2023-01-01
      pragma:
      - no-cache
      server:
      - Microsoft-IIS/10.0
      strict-transport-security:
      - max-age=31536000; includeSubDomains
      x-content-type-options:
      - nosniff
      x-ms-ratelimit-remaining-subscription-resource-requests:
      - '234'
      x-powered-by:
      - ASP.NET
    status:
      code: 202
      message: Accepted
- request:
    body: null
    headers:
      Accept:
      - application/json
      Accept-Encoding:
      - gzip, deflate
      CommandName:
      - backup container register
      Connection:
      - keep-alive
      ParameterSetName:
      - -v -g --backup-management-type --workload-type --resource-id
      User-Agent:
      - AZURECLI/2.44.1 (PIP) azsdk-python-mgmt-recoveryservicesbackup/5.1.0 Python/3.10.7
        (Windows-10-10.0.22621-SP0)
    method: GET
    uri: https://management.azure.com/subscriptions/00000000-0000-0000-0000-000000000000/resourceGroups/saphana-clitest-rg/providers/Microsoft.RecoveryServices/vaults/saphana-clitestvault-donotuse/backupFabrics/Azure/protectionContainers/VMAppContainer%3BCompute%3Bsaphana-clitest-rg%3Bsaphana-clitestvm-donotuse2/operationResults/1075c349-5d95-4a19-b336-2f1a646fbdc5?api-version=2023-01-01
  response:
    body:
      string: '{}'
    headers:
      azure-asyncoperation:
      - https://management.azure.com/subscriptions/00000000-0000-0000-0000-000000000000/resourceGroups/saphana-clitest-rg/providers/Microsoft.RecoveryServices/vaults/saphana-clitestvault-donotuse/backupFabrics/Azure/protectionContainers/VMAppContainer;Compute;saphana-clitest-rg;saphana-clitestvm-donotuse2/operationsStatus/1075c349-5d95-4a19-b336-2f1a646fbdc5?api-version=2019-05-13-preview
      cache-control:
      - no-cache
      content-length:
      - '2'
      content-type:
      - application/json
      date:
      - Thu, 25 Aug 2022 06:13:44 GMT
      expires:
      - '-1'
      location:
      - https://management.azure.com/subscriptions/00000000-0000-0000-0000-000000000000/resourceGroups/saphana-clitest-rg/providers/Microsoft.RecoveryServices/vaults/saphana-clitestvault-donotuse/backupFabrics/Azure/protectionContainers/VMAppContainer;Compute;saphana-clitest-rg;saphana-clitestvm-donotuse2/operationResults/1075c349-5d95-4a19-b336-2f1a646fbdc5?api-version=2023-01-01
      pragma:
      - no-cache
      server:
      - Microsoft-IIS/10.0
      strict-transport-security:
      - max-age=31536000; includeSubDomains
      x-content-type-options:
      - nosniff
      x-ms-ratelimit-remaining-subscription-resource-requests:
      - '233'
      x-powered-by:
      - ASP.NET
    status:
      code: 202
      message: Accepted
- request:
    body: null
    headers:
      Accept:
      - application/json
      Accept-Encoding:
      - gzip, deflate
      CommandName:
      - backup container register
      Connection:
      - keep-alive
      ParameterSetName:
      - -v -g --backup-management-type --workload-type --resource-id
      User-Agent:
      - AZURECLI/2.44.1 (PIP) azsdk-python-mgmt-recoveryservicesbackup/5.1.0 Python/3.10.7
        (Windows-10-10.0.22621-SP0)
    method: GET
    uri: https://management.azure.com/subscriptions/00000000-0000-0000-0000-000000000000/resourceGroups/saphana-clitest-rg/providers/Microsoft.RecoveryServices/vaults/saphana-clitestvault-donotuse/backupFabrics/Azure/protectionContainers/VMAppContainer%3BCompute%3Bsaphana-clitest-rg%3Bsaphana-clitestvm-donotuse2/operationResults/1075c349-5d95-4a19-b336-2f1a646fbdc5?api-version=2023-01-01
  response:
    body:
      string: '{}'
    headers:
      azure-asyncoperation:
      - https://management.azure.com/subscriptions/00000000-0000-0000-0000-000000000000/resourceGroups/saphana-clitest-rg/providers/Microsoft.RecoveryServices/vaults/saphana-clitestvault-donotuse/backupFabrics/Azure/protectionContainers/VMAppContainer;Compute;saphana-clitest-rg;saphana-clitestvm-donotuse2/operationsStatus/1075c349-5d95-4a19-b336-2f1a646fbdc5?api-version=2019-05-13-preview
      cache-control:
      - no-cache
      content-length:
      - '2'
      content-type:
      - application/json
      date:
      - Thu, 25 Aug 2022 06:13:50 GMT
      expires:
      - '-1'
      location:
      - https://management.azure.com/subscriptions/00000000-0000-0000-0000-000000000000/resourceGroups/saphana-clitest-rg/providers/Microsoft.RecoveryServices/vaults/saphana-clitestvault-donotuse/backupFabrics/Azure/protectionContainers/VMAppContainer;Compute;saphana-clitest-rg;saphana-clitestvm-donotuse2/operationResults/1075c349-5d95-4a19-b336-2f1a646fbdc5?api-version=2023-01-01
      pragma:
      - no-cache
      server:
      - Microsoft-IIS/10.0
      strict-transport-security:
      - max-age=31536000; includeSubDomains
      x-content-type-options:
      - nosniff
      x-ms-ratelimit-remaining-subscription-resource-requests:
      - '232'
      x-powered-by:
      - ASP.NET
    status:
      code: 202
      message: Accepted
- request:
    body: null
    headers:
      Accept:
      - application/json
      Accept-Encoding:
      - gzip, deflate
      CommandName:
      - backup container register
      Connection:
      - keep-alive
      ParameterSetName:
      - -v -g --backup-management-type --workload-type --resource-id
      User-Agent:
      - AZURECLI/2.44.1 (PIP) azsdk-python-mgmt-recoveryservicesbackup/5.1.0 Python/3.10.7
        (Windows-10-10.0.22621-SP0)
    method: GET
    uri: https://management.azure.com/subscriptions/00000000-0000-0000-0000-000000000000/resourceGroups/saphana-clitest-rg/providers/Microsoft.RecoveryServices/vaults/saphana-clitestvault-donotuse/backupFabrics/Azure/protectionContainers/VMAppContainer%3BCompute%3Bsaphana-clitest-rg%3Bsaphana-clitestvm-donotuse2/operationResults/1075c349-5d95-4a19-b336-2f1a646fbdc5?api-version=2023-01-01
  response:
    body:
      string: '{}'
    headers:
      azure-asyncoperation:
      - https://management.azure.com/subscriptions/00000000-0000-0000-0000-000000000000/resourceGroups/saphana-clitest-rg/providers/Microsoft.RecoveryServices/vaults/saphana-clitestvault-donotuse/backupFabrics/Azure/protectionContainers/VMAppContainer;Compute;saphana-clitest-rg;saphana-clitestvm-donotuse2/operationsStatus/1075c349-5d95-4a19-b336-2f1a646fbdc5?api-version=2019-05-13-preview
      cache-control:
      - no-cache
      content-length:
      - '2'
      content-type:
      - application/json
      date:
      - Thu, 25 Aug 2022 06:13:57 GMT
      expires:
      - '-1'
      location:
      - https://management.azure.com/subscriptions/00000000-0000-0000-0000-000000000000/resourceGroups/saphana-clitest-rg/providers/Microsoft.RecoveryServices/vaults/saphana-clitestvault-donotuse/backupFabrics/Azure/protectionContainers/VMAppContainer;Compute;saphana-clitest-rg;saphana-clitestvm-donotuse2/operationResults/1075c349-5d95-4a19-b336-2f1a646fbdc5?api-version=2023-01-01
      pragma:
      - no-cache
      server:
      - Microsoft-IIS/10.0
      strict-transport-security:
      - max-age=31536000; includeSubDomains
      x-content-type-options:
      - nosniff
      x-ms-ratelimit-remaining-subscription-resource-requests:
      - '231'
      x-powered-by:
      - ASP.NET
    status:
      code: 202
      message: Accepted
- request:
    body: null
    headers:
      Accept:
      - application/json
      Accept-Encoding:
      - gzip, deflate
      CommandName:
      - backup container register
      Connection:
      - keep-alive
      ParameterSetName:
      - -v -g --backup-management-type --workload-type --resource-id
      User-Agent:
      - AZURECLI/2.44.1 (PIP) azsdk-python-mgmt-recoveryservicesbackup/5.1.0 Python/3.10.7
        (Windows-10-10.0.22621-SP0)
    method: GET
    uri: https://management.azure.com/subscriptions/00000000-0000-0000-0000-000000000000/resourceGroups/saphana-clitest-rg/providers/Microsoft.RecoveryServices/vaults/saphana-clitestvault-donotuse/backupFabrics/Azure/protectionContainers/VMAppContainer%3BCompute%3Bsaphana-clitest-rg%3Bsaphana-clitestvm-donotuse2/operationResults/1075c349-5d95-4a19-b336-2f1a646fbdc5?api-version=2023-01-01
  response:
    body:
      string: '{}'
    headers:
      azure-asyncoperation:
      - https://management.azure.com/subscriptions/00000000-0000-0000-0000-000000000000/resourceGroups/saphana-clitest-rg/providers/Microsoft.RecoveryServices/vaults/saphana-clitestvault-donotuse/backupFabrics/Azure/protectionContainers/VMAppContainer;Compute;saphana-clitest-rg;saphana-clitestvm-donotuse2/operationsStatus/1075c349-5d95-4a19-b336-2f1a646fbdc5?api-version=2019-05-13-preview
      cache-control:
      - no-cache
      content-length:
      - '2'
      content-type:
      - application/json
      date:
      - Thu, 25 Aug 2022 06:14:03 GMT
      expires:
      - '-1'
      location:
      - https://management.azure.com/subscriptions/00000000-0000-0000-0000-000000000000/resourceGroups/saphana-clitest-rg/providers/Microsoft.RecoveryServices/vaults/saphana-clitestvault-donotuse/backupFabrics/Azure/protectionContainers/VMAppContainer;Compute;saphana-clitest-rg;saphana-clitestvm-donotuse2/operationResults/1075c349-5d95-4a19-b336-2f1a646fbdc5?api-version=2023-01-01
      pragma:
      - no-cache
      server:
      - Microsoft-IIS/10.0
      strict-transport-security:
      - max-age=31536000; includeSubDomains
      x-content-type-options:
      - nosniff
      x-ms-ratelimit-remaining-subscription-resource-requests:
      - '230'
      x-powered-by:
      - ASP.NET
    status:
      code: 202
      message: Accepted
- request:
    body: null
    headers:
      Accept:
      - application/json
      Accept-Encoding:
      - gzip, deflate
      CommandName:
      - backup container register
      Connection:
      - keep-alive
      ParameterSetName:
      - -v -g --backup-management-type --workload-type --resource-id
      User-Agent:
      - AZURECLI/2.44.1 (PIP) azsdk-python-mgmt-recoveryservicesbackup/5.1.0 Python/3.10.7
        (Windows-10-10.0.22621-SP0)
    method: GET
    uri: https://management.azure.com/subscriptions/00000000-0000-0000-0000-000000000000/resourceGroups/saphana-clitest-rg/providers/Microsoft.RecoveryServices/vaults/saphana-clitestvault-donotuse/backupFabrics/Azure/protectionContainers/VMAppContainer%3BCompute%3Bsaphana-clitest-rg%3Bsaphana-clitestvm-donotuse2/operationResults/1075c349-5d95-4a19-b336-2f1a646fbdc5?api-version=2023-01-01
  response:
    body:
      string: '{}'
    headers:
      azure-asyncoperation:
      - https://management.azure.com/subscriptions/00000000-0000-0000-0000-000000000000/resourceGroups/saphana-clitest-rg/providers/Microsoft.RecoveryServices/vaults/saphana-clitestvault-donotuse/backupFabrics/Azure/protectionContainers/VMAppContainer;Compute;saphana-clitest-rg;saphana-clitestvm-donotuse2/operationsStatus/1075c349-5d95-4a19-b336-2f1a646fbdc5?api-version=2019-05-13-preview
      cache-control:
      - no-cache
      content-length:
      - '2'
      content-type:
      - application/json
      date:
      - Thu, 25 Aug 2022 06:14:09 GMT
      expires:
      - '-1'
      location:
      - https://management.azure.com/subscriptions/00000000-0000-0000-0000-000000000000/resourceGroups/saphana-clitest-rg/providers/Microsoft.RecoveryServices/vaults/saphana-clitestvault-donotuse/backupFabrics/Azure/protectionContainers/VMAppContainer;Compute;saphana-clitest-rg;saphana-clitestvm-donotuse2/operationResults/1075c349-5d95-4a19-b336-2f1a646fbdc5?api-version=2023-01-01
      pragma:
      - no-cache
      server:
      - Microsoft-IIS/10.0
      strict-transport-security:
      - max-age=31536000; includeSubDomains
      x-content-type-options:
      - nosniff
      x-ms-ratelimit-remaining-subscription-resource-requests:
      - '229'
      x-powered-by:
      - ASP.NET
    status:
      code: 202
      message: Accepted
- request:
    body: null
    headers:
      Accept:
      - application/json
      Accept-Encoding:
      - gzip, deflate
      CommandName:
      - backup container register
      Connection:
      - keep-alive
      ParameterSetName:
      - -v -g --backup-management-type --workload-type --resource-id
      User-Agent:
      - AZURECLI/2.44.1 (PIP) azsdk-python-mgmt-recoveryservicesbackup/5.1.0 Python/3.10.7
        (Windows-10-10.0.22621-SP0)
    method: GET
    uri: https://management.azure.com/subscriptions/00000000-0000-0000-0000-000000000000/resourceGroups/saphana-clitest-rg/providers/Microsoft.RecoveryServices/vaults/saphana-clitestvault-donotuse/backupFabrics/Azure/protectionContainers/VMAppContainer%3BCompute%3Bsaphana-clitest-rg%3Bsaphana-clitestvm-donotuse2/operationResults/1075c349-5d95-4a19-b336-2f1a646fbdc5?api-version=2023-01-01
  response:
    body:
      string: '{}'
    headers:
      azure-asyncoperation:
      - https://management.azure.com/subscriptions/00000000-0000-0000-0000-000000000000/resourceGroups/saphana-clitest-rg/providers/Microsoft.RecoveryServices/vaults/saphana-clitestvault-donotuse/backupFabrics/Azure/protectionContainers/VMAppContainer;Compute;saphana-clitest-rg;saphana-clitestvm-donotuse2/operationsStatus/1075c349-5d95-4a19-b336-2f1a646fbdc5?api-version=2019-05-13-preview
      cache-control:
      - no-cache
      content-length:
      - '2'
      content-type:
      - application/json
      date:
      - Thu, 25 Aug 2022 06:14:15 GMT
      expires:
      - '-1'
      location:
      - https://management.azure.com/subscriptions/00000000-0000-0000-0000-000000000000/resourceGroups/saphana-clitest-rg/providers/Microsoft.RecoveryServices/vaults/saphana-clitestvault-donotuse/backupFabrics/Azure/protectionContainers/VMAppContainer;Compute;saphana-clitest-rg;saphana-clitestvm-donotuse2/operationResults/1075c349-5d95-4a19-b336-2f1a646fbdc5?api-version=2023-01-01
      pragma:
      - no-cache
      server:
      - Microsoft-IIS/10.0
      strict-transport-security:
      - max-age=31536000; includeSubDomains
      x-content-type-options:
      - nosniff
      x-ms-ratelimit-remaining-subscription-resource-requests:
      - '228'
      x-powered-by:
      - ASP.NET
    status:
      code: 202
      message: Accepted
- request:
    body: null
    headers:
      Accept:
      - application/json
      Accept-Encoding:
      - gzip, deflate
      CommandName:
      - backup container register
      Connection:
      - keep-alive
      ParameterSetName:
      - -v -g --backup-management-type --workload-type --resource-id
      User-Agent:
      - AZURECLI/2.44.1 (PIP) azsdk-python-mgmt-recoveryservicesbackup/5.1.0 Python/3.10.7
        (Windows-10-10.0.22621-SP0)
    method: GET
    uri: https://management.azure.com/subscriptions/00000000-0000-0000-0000-000000000000/resourceGroups/saphana-clitest-rg/providers/Microsoft.RecoveryServices/vaults/saphana-clitestvault-donotuse/backupFabrics/Azure/protectionContainers/VMAppContainer%3BCompute%3Bsaphana-clitest-rg%3Bsaphana-clitestvm-donotuse2/operationResults/1075c349-5d95-4a19-b336-2f1a646fbdc5?api-version=2023-01-01
  response:
    body:
      string: '{}'
    headers:
      azure-asyncoperation:
      - https://management.azure.com/subscriptions/00000000-0000-0000-0000-000000000000/resourceGroups/saphana-clitest-rg/providers/Microsoft.RecoveryServices/vaults/saphana-clitestvault-donotuse/backupFabrics/Azure/protectionContainers/VMAppContainer;Compute;saphana-clitest-rg;saphana-clitestvm-donotuse2/operationsStatus/1075c349-5d95-4a19-b336-2f1a646fbdc5?api-version=2019-05-13-preview
      cache-control:
      - no-cache
      content-length:
      - '2'
      content-type:
      - application/json
      date:
      - Thu, 25 Aug 2022 06:14:20 GMT
      expires:
      - '-1'
      location:
      - https://management.azure.com/subscriptions/00000000-0000-0000-0000-000000000000/resourceGroups/saphana-clitest-rg/providers/Microsoft.RecoveryServices/vaults/saphana-clitestvault-donotuse/backupFabrics/Azure/protectionContainers/VMAppContainer;Compute;saphana-clitest-rg;saphana-clitestvm-donotuse2/operationResults/1075c349-5d95-4a19-b336-2f1a646fbdc5?api-version=2023-01-01
      pragma:
      - no-cache
      server:
      - Microsoft-IIS/10.0
      strict-transport-security:
      - max-age=31536000; includeSubDomains
      x-content-type-options:
      - nosniff
      x-ms-ratelimit-remaining-subscription-resource-requests:
      - '227'
      x-powered-by:
      - ASP.NET
    status:
      code: 202
      message: Accepted
- request:
    body: null
    headers:
      Accept:
      - application/json
      Accept-Encoding:
      - gzip, deflate
      CommandName:
      - backup container register
      Connection:
      - keep-alive
      ParameterSetName:
      - -v -g --backup-management-type --workload-type --resource-id
      User-Agent:
      - AZURECLI/2.44.1 (PIP) azsdk-python-mgmt-recoveryservicesbackup/5.1.0 Python/3.10.7
        (Windows-10-10.0.22621-SP0)
    method: GET
    uri: https://management.azure.com/subscriptions/00000000-0000-0000-0000-000000000000/resourceGroups/saphana-clitest-rg/providers/Microsoft.RecoveryServices/vaults/saphana-clitestvault-donotuse/backupFabrics/Azure/protectionContainers/VMAppContainer%3BCompute%3Bsaphana-clitest-rg%3Bsaphana-clitestvm-donotuse2/operationResults/1075c349-5d95-4a19-b336-2f1a646fbdc5?api-version=2023-01-01
  response:
    body:
      string: '{}'
    headers:
      azure-asyncoperation:
      - https://management.azure.com/subscriptions/00000000-0000-0000-0000-000000000000/resourceGroups/saphana-clitest-rg/providers/Microsoft.RecoveryServices/vaults/saphana-clitestvault-donotuse/backupFabrics/Azure/protectionContainers/VMAppContainer;Compute;saphana-clitest-rg;saphana-clitestvm-donotuse2/operationsStatus/1075c349-5d95-4a19-b336-2f1a646fbdc5?api-version=2019-05-13-preview
      cache-control:
      - no-cache
      content-length:
      - '2'
      content-type:
      - application/json
      date:
      - Thu, 25 Aug 2022 06:14:26 GMT
      expires:
      - '-1'
      location:
      - https://management.azure.com/subscriptions/00000000-0000-0000-0000-000000000000/resourceGroups/saphana-clitest-rg/providers/Microsoft.RecoveryServices/vaults/saphana-clitestvault-donotuse/backupFabrics/Azure/protectionContainers/VMAppContainer;Compute;saphana-clitest-rg;saphana-clitestvm-donotuse2/operationResults/1075c349-5d95-4a19-b336-2f1a646fbdc5?api-version=2023-01-01
      pragma:
      - no-cache
      server:
      - Microsoft-IIS/10.0
      strict-transport-security:
      - max-age=31536000; includeSubDomains
      x-content-type-options:
      - nosniff
      x-ms-ratelimit-remaining-subscription-resource-requests:
      - '226'
      x-powered-by:
      - ASP.NET
    status:
      code: 202
      message: Accepted
- request:
    body: null
    headers:
      Accept:
      - application/json
      Accept-Encoding:
      - gzip, deflate
      CommandName:
      - backup container register
      Connection:
      - keep-alive
      ParameterSetName:
      - -v -g --backup-management-type --workload-type --resource-id
      User-Agent:
      - AZURECLI/2.44.1 (PIP) azsdk-python-mgmt-recoveryservicesbackup/5.1.0 Python/3.10.7
        (Windows-10-10.0.22621-SP0)
    method: GET
    uri: https://management.azure.com/subscriptions/00000000-0000-0000-0000-000000000000/resourceGroups/saphana-clitest-rg/providers/Microsoft.RecoveryServices/vaults/saphana-clitestvault-donotuse/backupFabrics/Azure/protectionContainers/VMAppContainer%3BCompute%3Bsaphana-clitest-rg%3Bsaphana-clitestvm-donotuse2/operationResults/1075c349-5d95-4a19-b336-2f1a646fbdc5?api-version=2023-01-01
  response:
    body:
      string: '{}'
    headers:
      azure-asyncoperation:
      - https://management.azure.com/subscriptions/00000000-0000-0000-0000-000000000000/resourceGroups/saphana-clitest-rg/providers/Microsoft.RecoveryServices/vaults/saphana-clitestvault-donotuse/backupFabrics/Azure/protectionContainers/VMAppContainer;Compute;saphana-clitest-rg;saphana-clitestvm-donotuse2/operationsStatus/1075c349-5d95-4a19-b336-2f1a646fbdc5?api-version=2019-05-13-preview
      cache-control:
      - no-cache
      content-length:
      - '2'
      content-type:
      - application/json
      date:
      - Thu, 25 Aug 2022 06:14:32 GMT
      expires:
      - '-1'
      location:
      - https://management.azure.com/subscriptions/00000000-0000-0000-0000-000000000000/resourceGroups/saphana-clitest-rg/providers/Microsoft.RecoveryServices/vaults/saphana-clitestvault-donotuse/backupFabrics/Azure/protectionContainers/VMAppContainer;Compute;saphana-clitest-rg;saphana-clitestvm-donotuse2/operationResults/1075c349-5d95-4a19-b336-2f1a646fbdc5?api-version=2023-01-01
      pragma:
      - no-cache
      server:
      - Microsoft-IIS/10.0
      strict-transport-security:
      - max-age=31536000; includeSubDomains
      x-content-type-options:
      - nosniff
      x-ms-ratelimit-remaining-subscription-resource-requests:
      - '225'
      x-powered-by:
      - ASP.NET
    status:
      code: 202
      message: Accepted
- request:
    body: null
    headers:
      Accept:
      - application/json
      Accept-Encoding:
      - gzip, deflate
      CommandName:
      - backup container register
      Connection:
      - keep-alive
      ParameterSetName:
      - -v -g --backup-management-type --workload-type --resource-id
      User-Agent:
      - AZURECLI/2.44.1 (PIP) azsdk-python-mgmt-recoveryservicesbackup/5.1.0 Python/3.10.7
        (Windows-10-10.0.22621-SP0)
    method: GET
    uri: https://management.azure.com/subscriptions/00000000-0000-0000-0000-000000000000/resourceGroups/saphana-clitest-rg/providers/Microsoft.RecoveryServices/vaults/saphana-clitestvault-donotuse/backupFabrics/Azure/protectionContainers/VMAppContainer%3BCompute%3Bsaphana-clitest-rg%3Bsaphana-clitestvm-donotuse2/operationResults/1075c349-5d95-4a19-b336-2f1a646fbdc5?api-version=2023-01-01
  response:
    body:
      string: '{}'
    headers:
      azure-asyncoperation:
      - https://management.azure.com/subscriptions/00000000-0000-0000-0000-000000000000/resourceGroups/saphana-clitest-rg/providers/Microsoft.RecoveryServices/vaults/saphana-clitestvault-donotuse/backupFabrics/Azure/protectionContainers/VMAppContainer;Compute;saphana-clitest-rg;saphana-clitestvm-donotuse2/operationsStatus/1075c349-5d95-4a19-b336-2f1a646fbdc5?api-version=2019-05-13-preview
      cache-control:
      - no-cache
      content-length:
      - '2'
      content-type:
      - application/json
      date:
      - Thu, 25 Aug 2022 06:14:38 GMT
      expires:
      - '-1'
      location:
      - https://management.azure.com/subscriptions/00000000-0000-0000-0000-000000000000/resourceGroups/saphana-clitest-rg/providers/Microsoft.RecoveryServices/vaults/saphana-clitestvault-donotuse/backupFabrics/Azure/protectionContainers/VMAppContainer;Compute;saphana-clitest-rg;saphana-clitestvm-donotuse2/operationResults/1075c349-5d95-4a19-b336-2f1a646fbdc5?api-version=2023-01-01
      pragma:
      - no-cache
      server:
      - Microsoft-IIS/10.0
      strict-transport-security:
      - max-age=31536000; includeSubDomains
      x-content-type-options:
      - nosniff
      x-ms-ratelimit-remaining-subscription-resource-requests:
      - '224'
      x-powered-by:
      - ASP.NET
    status:
      code: 202
      message: Accepted
- request:
    body: null
    headers:
      Accept:
      - application/json
      Accept-Encoding:
      - gzip, deflate
      CommandName:
      - backup container register
      Connection:
      - keep-alive
      ParameterSetName:
      - -v -g --backup-management-type --workload-type --resource-id
      User-Agent:
      - AZURECLI/2.44.1 (PIP) azsdk-python-mgmt-recoveryservicesbackup/5.1.0 Python/3.10.7
        (Windows-10-10.0.22621-SP0)
    method: GET
    uri: https://management.azure.com/subscriptions/00000000-0000-0000-0000-000000000000/resourceGroups/saphana-clitest-rg/providers/Microsoft.RecoveryServices/vaults/saphana-clitestvault-donotuse/backupFabrics/Azure/protectionContainers/VMAppContainer%3BCompute%3Bsaphana-clitest-rg%3Bsaphana-clitestvm-donotuse2/operationResults/1075c349-5d95-4a19-b336-2f1a646fbdc5?api-version=2023-01-01
  response:
    body:
      string: '{}'
    headers:
      azure-asyncoperation:
      - https://management.azure.com/subscriptions/00000000-0000-0000-0000-000000000000/resourceGroups/saphana-clitest-rg/providers/Microsoft.RecoveryServices/vaults/saphana-clitestvault-donotuse/backupFabrics/Azure/protectionContainers/VMAppContainer;Compute;saphana-clitest-rg;saphana-clitestvm-donotuse2/operationsStatus/1075c349-5d95-4a19-b336-2f1a646fbdc5?api-version=2019-05-13-preview
      cache-control:
      - no-cache
      content-length:
      - '2'
      content-type:
      - application/json
      date:
      - Thu, 25 Aug 2022 06:14:44 GMT
      expires:
      - '-1'
      location:
      - https://management.azure.com/subscriptions/00000000-0000-0000-0000-000000000000/resourceGroups/saphana-clitest-rg/providers/Microsoft.RecoveryServices/vaults/saphana-clitestvault-donotuse/backupFabrics/Azure/protectionContainers/VMAppContainer;Compute;saphana-clitest-rg;saphana-clitestvm-donotuse2/operationResults/1075c349-5d95-4a19-b336-2f1a646fbdc5?api-version=2023-01-01
      pragma:
      - no-cache
      server:
      - Microsoft-IIS/10.0
      strict-transport-security:
      - max-age=31536000; includeSubDomains
      x-content-type-options:
      - nosniff
      x-ms-ratelimit-remaining-subscription-resource-requests:
      - '223'
      x-powered-by:
      - ASP.NET
    status:
      code: 202
      message: Accepted
- request:
    body: null
    headers:
      Accept:
      - application/json
      Accept-Encoding:
      - gzip, deflate
      CommandName:
      - backup container register
      Connection:
      - keep-alive
      ParameterSetName:
      - -v -g --backup-management-type --workload-type --resource-id
      User-Agent:
      - AZURECLI/2.44.1 (PIP) azsdk-python-mgmt-recoveryservicesbackup/5.1.0 Python/3.10.7
        (Windows-10-10.0.22621-SP0)
    method: GET
    uri: https://management.azure.com/subscriptions/00000000-0000-0000-0000-000000000000/resourceGroups/saphana-clitest-rg/providers/Microsoft.RecoveryServices/vaults/saphana-clitestvault-donotuse/backupFabrics/Azure/protectionContainers/VMAppContainer%3BCompute%3Bsaphana-clitest-rg%3Bsaphana-clitestvm-donotuse2/operationResults/1075c349-5d95-4a19-b336-2f1a646fbdc5?api-version=2023-01-01
  response:
    body:
      string: '{}'
    headers:
      azure-asyncoperation:
      - https://management.azure.com/subscriptions/00000000-0000-0000-0000-000000000000/resourceGroups/saphana-clitest-rg/providers/Microsoft.RecoveryServices/vaults/saphana-clitestvault-donotuse/backupFabrics/Azure/protectionContainers/VMAppContainer;Compute;saphana-clitest-rg;saphana-clitestvm-donotuse2/operationsStatus/1075c349-5d95-4a19-b336-2f1a646fbdc5?api-version=2019-05-13-preview
      cache-control:
      - no-cache
      content-length:
      - '2'
      content-type:
      - application/json
      date:
      - Thu, 25 Aug 2022 06:14:50 GMT
      expires:
      - '-1'
      location:
      - https://management.azure.com/subscriptions/00000000-0000-0000-0000-000000000000/resourceGroups/saphana-clitest-rg/providers/Microsoft.RecoveryServices/vaults/saphana-clitestvault-donotuse/backupFabrics/Azure/protectionContainers/VMAppContainer;Compute;saphana-clitest-rg;saphana-clitestvm-donotuse2/operationResults/1075c349-5d95-4a19-b336-2f1a646fbdc5?api-version=2023-01-01
      pragma:
      - no-cache
      server:
      - Microsoft-IIS/10.0
      strict-transport-security:
      - max-age=31536000; includeSubDomains
      x-content-type-options:
      - nosniff
      x-ms-ratelimit-remaining-subscription-resource-requests:
      - '222'
      x-powered-by:
      - ASP.NET
    status:
      code: 202
      message: Accepted
- request:
    body: null
    headers:
      Accept:
      - application/json
      Accept-Encoding:
      - gzip, deflate
      CommandName:
      - backup container register
      Connection:
      - keep-alive
      ParameterSetName:
      - -v -g --backup-management-type --workload-type --resource-id
      User-Agent:
      - AZURECLI/2.44.1 (PIP) azsdk-python-mgmt-recoveryservicesbackup/5.1.0 Python/3.10.7
        (Windows-10-10.0.22621-SP0)
    method: GET
    uri: https://management.azure.com/subscriptions/00000000-0000-0000-0000-000000000000/resourceGroups/saphana-clitest-rg/providers/Microsoft.RecoveryServices/vaults/saphana-clitestvault-donotuse/backupFabrics/Azure/protectionContainers/VMAppContainer%3BCompute%3Bsaphana-clitest-rg%3Bsaphana-clitestvm-donotuse2/operationResults/1075c349-5d95-4a19-b336-2f1a646fbdc5?api-version=2023-01-01
  response:
    body:
      string: '{}'
    headers:
      azure-asyncoperation:
      - https://management.azure.com/subscriptions/00000000-0000-0000-0000-000000000000/resourceGroups/saphana-clitest-rg/providers/Microsoft.RecoveryServices/vaults/saphana-clitestvault-donotuse/backupFabrics/Azure/protectionContainers/VMAppContainer;Compute;saphana-clitest-rg;saphana-clitestvm-donotuse2/operationsStatus/1075c349-5d95-4a19-b336-2f1a646fbdc5?api-version=2019-05-13-preview
      cache-control:
      - no-cache
      content-length:
      - '2'
      content-type:
      - application/json
      date:
      - Thu, 25 Aug 2022 06:14:56 GMT
      expires:
      - '-1'
      location:
      - https://management.azure.com/subscriptions/00000000-0000-0000-0000-000000000000/resourceGroups/saphana-clitest-rg/providers/Microsoft.RecoveryServices/vaults/saphana-clitestvault-donotuse/backupFabrics/Azure/protectionContainers/VMAppContainer;Compute;saphana-clitest-rg;saphana-clitestvm-donotuse2/operationResults/1075c349-5d95-4a19-b336-2f1a646fbdc5?api-version=2023-01-01
      pragma:
      - no-cache
      server:
      - Microsoft-IIS/10.0
      strict-transport-security:
      - max-age=31536000; includeSubDomains
      x-content-type-options:
      - nosniff
      x-ms-ratelimit-remaining-subscription-resource-requests:
      - '221'
      x-powered-by:
      - ASP.NET
    status:
      code: 202
      message: Accepted
- request:
    body: null
    headers:
      Accept:
      - application/json
      Accept-Encoding:
      - gzip, deflate
      CommandName:
      - backup container register
      Connection:
      - keep-alive
      ParameterSetName:
      - -v -g --backup-management-type --workload-type --resource-id
      User-Agent:
      - AZURECLI/2.44.1 (PIP) azsdk-python-mgmt-recoveryservicesbackup/5.1.0 Python/3.10.7
        (Windows-10-10.0.22621-SP0)
    method: GET
    uri: https://management.azure.com/subscriptions/00000000-0000-0000-0000-000000000000/resourceGroups/saphana-clitest-rg/providers/Microsoft.RecoveryServices/vaults/saphana-clitestvault-donotuse/backupFabrics/Azure/protectionContainers/VMAppContainer%3BCompute%3Bsaphana-clitest-rg%3Bsaphana-clitestvm-donotuse2/operationResults/1075c349-5d95-4a19-b336-2f1a646fbdc5?api-version=2023-01-01
  response:
    body:
      string: '{}'
    headers:
      azure-asyncoperation:
      - https://management.azure.com/subscriptions/00000000-0000-0000-0000-000000000000/resourceGroups/saphana-clitest-rg/providers/Microsoft.RecoveryServices/vaults/saphana-clitestvault-donotuse/backupFabrics/Azure/protectionContainers/VMAppContainer;Compute;saphana-clitest-rg;saphana-clitestvm-donotuse2/operationsStatus/1075c349-5d95-4a19-b336-2f1a646fbdc5?api-version=2019-05-13-preview
      cache-control:
      - no-cache
      content-length:
      - '2'
      content-type:
      - application/json
      date:
      - Thu, 25 Aug 2022 06:15:02 GMT
      expires:
      - '-1'
      location:
      - https://management.azure.com/subscriptions/00000000-0000-0000-0000-000000000000/resourceGroups/saphana-clitest-rg/providers/Microsoft.RecoveryServices/vaults/saphana-clitestvault-donotuse/backupFabrics/Azure/protectionContainers/VMAppContainer;Compute;saphana-clitest-rg;saphana-clitestvm-donotuse2/operationResults/1075c349-5d95-4a19-b336-2f1a646fbdc5?api-version=2023-01-01
      pragma:
      - no-cache
      server:
      - Microsoft-IIS/10.0
      strict-transport-security:
      - max-age=31536000; includeSubDomains
      x-content-type-options:
      - nosniff
      x-ms-ratelimit-remaining-subscription-resource-requests:
      - '220'
      x-powered-by:
      - ASP.NET
    status:
      code: 202
      message: Accepted
- request:
    body: null
    headers:
      Accept:
      - application/json
      Accept-Encoding:
      - gzip, deflate
      CommandName:
      - backup container register
      Connection:
      - keep-alive
      ParameterSetName:
      - -v -g --backup-management-type --workload-type --resource-id
      User-Agent:
      - AZURECLI/2.44.1 (PIP) azsdk-python-mgmt-recoveryservicesbackup/5.1.0 Python/3.10.7
        (Windows-10-10.0.22621-SP0)
    method: GET
    uri: https://management.azure.com/subscriptions/00000000-0000-0000-0000-000000000000/resourceGroups/saphana-clitest-rg/providers/Microsoft.RecoveryServices/vaults/saphana-clitestvault-donotuse/backupFabrics/Azure/protectionContainers/VMAppContainer%3BCompute%3Bsaphana-clitest-rg%3Bsaphana-clitestvm-donotuse2/operationResults/1075c349-5d95-4a19-b336-2f1a646fbdc5?api-version=2023-01-01
  response:
    body:
      string: '{}'
    headers:
      azure-asyncoperation:
      - https://management.azure.com/subscriptions/00000000-0000-0000-0000-000000000000/resourceGroups/saphana-clitest-rg/providers/Microsoft.RecoveryServices/vaults/saphana-clitestvault-donotuse/backupFabrics/Azure/protectionContainers/VMAppContainer;Compute;saphana-clitest-rg;saphana-clitestvm-donotuse2/operationsStatus/1075c349-5d95-4a19-b336-2f1a646fbdc5?api-version=2019-05-13-preview
      cache-control:
      - no-cache
      content-length:
      - '2'
      content-type:
      - application/json
      date:
      - Thu, 25 Aug 2022 06:15:08 GMT
      expires:
      - '-1'
      location:
      - https://management.azure.com/subscriptions/00000000-0000-0000-0000-000000000000/resourceGroups/saphana-clitest-rg/providers/Microsoft.RecoveryServices/vaults/saphana-clitestvault-donotuse/backupFabrics/Azure/protectionContainers/VMAppContainer;Compute;saphana-clitest-rg;saphana-clitestvm-donotuse2/operationResults/1075c349-5d95-4a19-b336-2f1a646fbdc5?api-version=2023-01-01
      pragma:
      - no-cache
      server:
      - Microsoft-IIS/10.0
      strict-transport-security:
      - max-age=31536000; includeSubDomains
      x-content-type-options:
      - nosniff
      x-ms-ratelimit-remaining-subscription-resource-requests:
      - '219'
      x-powered-by:
      - ASP.NET
    status:
      code: 202
      message: Accepted
- request:
    body: null
    headers:
      Accept:
      - application/json
      Accept-Encoding:
      - gzip, deflate
      CommandName:
      - backup container register
      Connection:
      - keep-alive
      ParameterSetName:
      - -v -g --backup-management-type --workload-type --resource-id
      User-Agent:
      - AZURECLI/2.44.1 (PIP) azsdk-python-mgmt-recoveryservicesbackup/5.1.0 Python/3.10.7
        (Windows-10-10.0.22621-SP0)
    method: GET
    uri: https://management.azure.com/subscriptions/00000000-0000-0000-0000-000000000000/resourceGroups/saphana-clitest-rg/providers/Microsoft.RecoveryServices/vaults/saphana-clitestvault-donotuse/backupFabrics/Azure/protectionContainers/VMAppContainer%3BCompute%3Bsaphana-clitest-rg%3Bsaphana-clitestvm-donotuse2/operationResults/1075c349-5d95-4a19-b336-2f1a646fbdc5?api-version=2023-01-01
  response:
    body:
      string: '{}'
    headers:
      azure-asyncoperation:
      - https://management.azure.com/subscriptions/00000000-0000-0000-0000-000000000000/resourceGroups/saphana-clitest-rg/providers/Microsoft.RecoveryServices/vaults/saphana-clitestvault-donotuse/backupFabrics/Azure/protectionContainers/VMAppContainer;Compute;saphana-clitest-rg;saphana-clitestvm-donotuse2/operationsStatus/1075c349-5d95-4a19-b336-2f1a646fbdc5?api-version=2019-05-13-preview
      cache-control:
      - no-cache
      content-length:
      - '2'
      content-type:
      - application/json
      date:
      - Thu, 25 Aug 2022 06:15:13 GMT
      expires:
      - '-1'
      location:
      - https://management.azure.com/subscriptions/00000000-0000-0000-0000-000000000000/resourceGroups/saphana-clitest-rg/providers/Microsoft.RecoveryServices/vaults/saphana-clitestvault-donotuse/backupFabrics/Azure/protectionContainers/VMAppContainer;Compute;saphana-clitest-rg;saphana-clitestvm-donotuse2/operationResults/1075c349-5d95-4a19-b336-2f1a646fbdc5?api-version=2023-01-01
      pragma:
      - no-cache
      server:
      - Microsoft-IIS/10.0
      strict-transport-security:
      - max-age=31536000; includeSubDomains
      x-content-type-options:
      - nosniff
      x-ms-ratelimit-remaining-subscription-resource-requests:
      - '218'
      x-powered-by:
      - ASP.NET
    status:
      code: 202
      message: Accepted
- request:
    body: null
    headers:
      Accept:
      - application/json
      Accept-Encoding:
      - gzip, deflate
      CommandName:
      - backup container register
      Connection:
      - keep-alive
      ParameterSetName:
      - -v -g --backup-management-type --workload-type --resource-id
      User-Agent:
      - AZURECLI/2.44.1 (PIP) azsdk-python-mgmt-recoveryservicesbackup/5.1.0 Python/3.10.7
        (Windows-10-10.0.22621-SP0)
    method: GET
    uri: https://management.azure.com/subscriptions/00000000-0000-0000-0000-000000000000/resourceGroups/saphana-clitest-rg/providers/Microsoft.RecoveryServices/vaults/saphana-clitestvault-donotuse/backupFabrics/Azure/protectionContainers/VMAppContainer%3BCompute%3Bsaphana-clitest-rg%3Bsaphana-clitestvm-donotuse2/operationResults/1075c349-5d95-4a19-b336-2f1a646fbdc5?api-version=2023-01-01
  response:
    body:
      string: '{}'
    headers:
      azure-asyncoperation:
      - https://management.azure.com/subscriptions/00000000-0000-0000-0000-000000000000/resourceGroups/saphana-clitest-rg/providers/Microsoft.RecoveryServices/vaults/saphana-clitestvault-donotuse/backupFabrics/Azure/protectionContainers/VMAppContainer;Compute;saphana-clitest-rg;saphana-clitestvm-donotuse2/operationsStatus/1075c349-5d95-4a19-b336-2f1a646fbdc5?api-version=2019-05-13-preview
      cache-control:
      - no-cache
      content-length:
      - '2'
      content-type:
      - application/json
      date:
      - Thu, 25 Aug 2022 06:15:19 GMT
      expires:
      - '-1'
      location:
      - https://management.azure.com/subscriptions/00000000-0000-0000-0000-000000000000/resourceGroups/saphana-clitest-rg/providers/Microsoft.RecoveryServices/vaults/saphana-clitestvault-donotuse/backupFabrics/Azure/protectionContainers/VMAppContainer;Compute;saphana-clitest-rg;saphana-clitestvm-donotuse2/operationResults/1075c349-5d95-4a19-b336-2f1a646fbdc5?api-version=2023-01-01
      pragma:
      - no-cache
      server:
      - Microsoft-IIS/10.0
      strict-transport-security:
      - max-age=31536000; includeSubDomains
      x-content-type-options:
      - nosniff
      x-ms-ratelimit-remaining-subscription-resource-requests:
      - '217'
      x-powered-by:
      - ASP.NET
    status:
      code: 202
      message: Accepted
- request:
    body: null
    headers:
      Accept:
      - application/json
      Accept-Encoding:
      - gzip, deflate
      CommandName:
      - backup container register
      Connection:
      - keep-alive
      ParameterSetName:
      - -v -g --backup-management-type --workload-type --resource-id
      User-Agent:
      - AZURECLI/2.44.1 (PIP) azsdk-python-mgmt-recoveryservicesbackup/5.1.0 Python/3.10.7
        (Windows-10-10.0.22621-SP0)
    method: GET
    uri: https://management.azure.com/subscriptions/00000000-0000-0000-0000-000000000000/resourceGroups/saphana-clitest-rg/providers/Microsoft.RecoveryServices/vaults/saphana-clitestvault-donotuse/backupFabrics/Azure/protectionContainers/VMAppContainer%3BCompute%3Bsaphana-clitest-rg%3Bsaphana-clitestvm-donotuse2/operationResults/1075c349-5d95-4a19-b336-2f1a646fbdc5?api-version=2023-01-01
  response:
    body:
      string: '{"id":"/subscriptions/00000000-0000-0000-0000-000000000000/resourceGroups/saphana-clitest-rg/providers/Microsoft.RecoveryServices/vaults/saphana-clitestvault-donotuse/backupFabrics/Azure/protectionContainers/VMAppContainer;Compute;saphana-clitest-rg;saphana-clitestvm-donotuse2","name":"VMAppContainer;Compute;saphana-clitest-rg;saphana-clitestvm-donotuse2","properties":{"sourceResourceId":"/subscriptions/00000000-0000-0000-0000-000000000000/resourceGroups/saphana-clitest-rg/providers/Microsoft.Compute/virtualMachines/saphana-clitestvm-donotuse2","lastUpdatedTime":"2022-08-25T06:13:14.8079973Z","extendedInfo":{"hostServerName":"saphana-clitestvm-donotuse2","inquiryInfo":{"status":"Success","errorDetail":{"code":"Success","message":"","recommendations":[""]},"inquiryDetails":[{"type":"SAPHana","itemCount":2,"inquiryValidation":{"status":"Success","errorDetail":{"code":"Success","message":"","recommendations":[""]},"additionalDetail":"","protectableItemCount":{"SAPHanaSystem":1,"SAPHanaDatabase":2}}}]}},"friendlyName":"saphana-clitestvm-donotuse2","backupManagementType":"AzureWorkload","registrationStatus":"Registered","healthStatus":"Healthy","containerType":"VMAppContainer","protectableObjectType":"VMAppContainer"}}'
    headers:
      cache-control:
      - no-cache
      content-length:
      - '1233'
      content-type:
      - application/json
      date:
      - Thu, 25 Aug 2022 06:15:25 GMT
      expires:
      - '-1'
      pragma:
      - no-cache
      server:
      - Microsoft-IIS/10.0
      strict-transport-security:
      - max-age=31536000; includeSubDomains
      transfer-encoding:
      - chunked
      vary:
      - Accept-Encoding
      x-content-type-options:
      - nosniff
      x-ms-ratelimit-remaining-subscription-resource-requests:
      - '216'
      x-powered-by:
      - ASP.NET
    status:
      code: 200
      message: OK
- request:
    body: null
    headers:
      Accept:
      - application/json
      Accept-Encoding:
      - gzip, deflate
      CommandName:
      - backup container list
      Connection:
      - keep-alive
      ParameterSetName:
      - -v -g --backup-management-type
      User-Agent:
      - AZURECLI/2.44.1 (PIP) azsdk-python-mgmt-recoveryservicesbackup/5.1.0 Python/3.10.7
        (Windows-10-10.0.22621-SP0)
    method: GET
    uri: https://management.azure.com/subscriptions/00000000-0000-0000-0000-000000000000/resourceGroups/saphana-clitest-rg/providers/Microsoft.RecoveryServices/vaults/saphana-clitestvault-donotuse/backupProtectionContainers?api-version=2023-01-01&%24filter=backupManagementType+eq+%27AzureWorkload%27+and+status+eq+%27Registered%27
  response:
    body:
      string: '{"value":[{"id":"/subscriptions/00000000-0000-0000-0000-000000000000/resourceGroups/saphana-clitest-rg/providers/Microsoft.RecoveryServices/vaults/saphana-clitestvault-donotuse/backupFabrics/Azure/protectionContainers/VMAppContainer;Compute;saphana-clitest-rg;saphana-clitestvm-donotuse2","name":"VMAppContainer;Compute;saphana-clitest-rg;saphana-clitestvm-donotuse2","type":"Microsoft.RecoveryServices/vaults/backupFabrics/protectionContainers","properties":{"sourceResourceId":"/subscriptions/00000000-0000-0000-0000-000000000000/resourceGroups/saphana-clitest-rg/providers/Microsoft.Compute/virtualMachines/saphana-clitestvm-donotuse2","lastUpdatedTime":"2022-08-25T06:13:14.8079973Z","extendedInfo":{"hostServerName":"saphana-clitestvm-donotuse2","inquiryInfo":{"status":"Success","errorDetail":{"code":"Success","message":"","recommendations":[""]},"inquiryDetails":[{"type":"SAPHana","itemCount":2,"inquiryValidation":{"status":"Success","errorDetail":{"code":"Success","message":"","recommendations":[""]},"additionalDetail":"","protectableItemCount":{"SAPHanaSystem":1,"SAPHanaDatabase":2}}}]}},"friendlyName":"saphana-clitestvm-donotuse2","backupManagementType":"AzureWorkload","registrationStatus":"Registered","healthStatus":"Healthy","containerType":"VMAppContainer","protectableObjectType":"VMAppContainer"}}]}'
    headers:
      cache-control:
      - no-cache
      content-length:
      - '1323'
      content-type:
      - application/json
      date:
      - Thu, 25 Aug 2022 06:15:29 GMT
      expires:
      - '-1'
      pragma:
      - no-cache
      server:
      - Microsoft-IIS/10.0
      strict-transport-security:
      - max-age=31536000; includeSubDomains
      transfer-encoding:
      - chunked
      vary:
      - Accept-Encoding
      x-content-type-options:
      - nosniff
      x-ms-ratelimit-remaining-subscription-resource-requests:
      - '298'
      x-powered-by:
      - ASP.NET
    status:
      code: 200
      message: OK
- request:
    body: null
    headers:
      Accept:
      - application/json
      Accept-Encoding:
      - gzip, deflate
      CommandName:
      - backup protection enable-for-azurewl
      Connection:
      - keep-alive
      ParameterSetName:
      - -v -g -p --protectable-item-type --protectable-item-name --server-name --workload-type
      User-Agent:
      - AZURECLI/2.44.1 (PIP) azsdk-python-mgmt-recoveryservicesbackup/5.1.0 Python/3.10.7
        (Windows-10-10.0.22621-SP0)
    method: GET
    uri: https://management.azure.com/subscriptions/00000000-0000-0000-0000-000000000000/resourceGroups/saphana-clitest-rg/providers/Microsoft.RecoveryServices/vaults/saphana-clitestvault-donotuse/backupProtectableItems?api-version=2023-01-01&%24filter=backupManagementType+eq+%27AzureWorkload%27+and+workloadType+eq+%27SAPHanaDatabase%27
  response:
    body:
      string: '{"value":[{"id":"/subscriptions/00000000-0000-0000-0000-000000000000/resourceGroups/saphana-clitest-rg/providers/Microsoft.RecoveryServices/vaults/saphana-clitestvault-donotuse/backupFabrics/Azure/protectionContainers/vmappcontainer;compute;saphana-clitest-rg;saphana-clitestvm-donotuse2/protectableItems/saphanasystem;hxe","name":"saphanasystem;hxe","type":"Microsoft.RecoveryServices/vaults/backupFabrics/protectionContainers/protectableItems","properties":{"parentName":"HXE","serverName":"saphana-clitestvm-donotuse2","isAutoProtectable":false,"isAutoProtected":false,"subinquireditemcount":2,"subprotectableitemcount":0,"prebackupvalidation":{"status":"Success","code":"Success"},"IsProtectable":false,"backupManagementType":"AzureWorkload","workloadType":"SAPHana","protectableItemType":"SAPHanaSystem","friendlyName":"HXE","protectionState":"NotProtected"}},{"id":"/subscriptions/00000000-0000-0000-0000-000000000000/resourceGroups/saphana-clitest-rg/providers/Microsoft.RecoveryServices/vaults/saphana-clitestvault-donotuse/backupFabrics/Azure/protectionContainers/vmappcontainer;compute;saphana-clitest-rg;saphana-clitestvm-donotuse2/protectableItems/saphanadatabase;hxe;hxe","name":"saphanadatabase;hxe;hxe","type":"Microsoft.RecoveryServices/vaults/backupFabrics/protectionContainers/protectableItems","properties":{"parentName":"HXE","serverName":"saphana-clitestvm-donotuse2","isAutoProtectable":false,"isAutoProtected":false,"subinquireditemcount":0,"subprotectableitemcount":0,"IsProtectable":true,"backupManagementType":"AzureWorkload","workloadType":"SAPHana","protectableItemType":"SAPHanaDatabase","friendlyName":"HXE","protectionState":"NotProtected"}},{"id":"/subscriptions/00000000-0000-0000-0000-000000000000/resourceGroups/saphana-clitest-rg/providers/Microsoft.RecoveryServices/vaults/saphana-clitestvault-donotuse/backupFabrics/Azure/protectionContainers/vmappcontainer;compute;saphana-clitest-rg;saphana-clitestvm-donotuse2/protectableItems/saphanadatabase;hxe;systemdb","name":"saphanadatabase;hxe;systemdb","type":"Microsoft.RecoveryServices/vaults/backupFabrics/protectionContainers/protectableItems","properties":{"parentName":"HXE","serverName":"saphana-clitestvm-donotuse2","isAutoProtectable":false,"isAutoProtected":false,"subinquireditemcount":0,"subprotectableitemcount":0,"IsProtectable":true,"backupManagementType":"AzureWorkload","workloadType":"SAPHana","protectableItemType":"SAPHanaDatabase","friendlyName":"SYSTEMDB","protectionState":"NotProtected"}},{"id":"/subscriptions/00000000-0000-0000-0000-000000000000/resourceGroups/saphana-clitest-rg/providers/Microsoft.RecoveryServices/vaults/saphana-clitestvault-donotuse/backupFabrics/Azure/protectionContainers/vmappcontainer;compute;saphana-clitest-rg;saphana-clitestvm-donotuse2/protectableItems/saphanadbinstance;hxe;hxe(dbinstance)","name":"saphanadbinstance;hxe;hxe(dbinstance)","type":"Microsoft.RecoveryServices/vaults/backupFabrics/protectionContainers/protectableItems","properties":{"parentName":"saphana-clitestvm-donotuse2","serverName":"saphana-clitestvm-donotuse2","isAutoProtectable":false,"isAutoProtected":false,"subinquireditemcount":2,"subprotectableitemcount":0,"prebackupvalidation":{"status":"Success","code":"Success"},"IsProtectable":true,"backupManagementType":"AzureWorkload","workloadType":"SAPHana","protectableItemType":"SAPHanaDBInstance","friendlyName":"HXE","protectionState":"NotProtected"}}]}'
    headers:
      cache-control:
      - no-cache
      content-length:
      - '3419'
      content-type:
      - application/json
      date:
      - Thu, 25 Aug 2022 06:15:34 GMT
      expires:
      - '-1'
      pragma:
      - no-cache
      server:
      - Microsoft-IIS/10.0
      strict-transport-security:
      - max-age=31536000; includeSubDomains
      transfer-encoding:
      - chunked
      vary:
      - Accept-Encoding
      x-content-type-options:
      - nosniff
      x-ms-ratelimit-remaining-subscription-resource-requests:
      - '299'
      x-powered-by:
      - ASP.NET
    status:
      code: 200
      message: OK
- request:
    body: null
    headers:
      Accept:
      - application/json
      Accept-Encoding:
      - gzip, deflate
      CommandName:
      - backup protection enable-for-azurewl
      Connection:
      - keep-alive
      ParameterSetName:
      - -v -g -p --protectable-item-type --protectable-item-name --server-name --workload-type
      User-Agent:
      - AZURECLI/2.44.1 (PIP) azsdk-python-mgmt-recoveryservicesbackup/5.1.0 Python/3.10.7
        (Windows-10-10.0.22621-SP0)
    method: GET
    uri: https://management.azure.com/subscriptions/00000000-0000-0000-0000-000000000000/resourceGroups/saphana-clitest-rg/providers/Microsoft.RecoveryServices/vaults/saphana-clitestvault-donotuse/backupPolicies/saphana-clitestpolicy-donotuse?api-version=2023-01-01
  response:
    body:
      string: '{"id":"/subscriptions/00000000-0000-0000-0000-000000000000/resourceGroups/saphana-clitest-rg/providers/Microsoft.RecoveryServices/vaults/saphana-clitestvault-donotuse/backupPolicies/saphana-clitestpolicy-donotuse","name":"saphana-clitestpolicy-donotuse","type":"Microsoft.RecoveryServices/vaults/backupPolicies","properties":{"backupManagementType":"AzureWorkload","workLoadType":"SAPHanaDatabase","settings":{"timeZone":"UTC","issqlcompression":false,"isCompression":false},"subProtectionPolicy":[{"policyType":"Full","schedulePolicy":{"schedulePolicyType":"SimpleSchedulePolicy","scheduleRunFrequency":"Daily","scheduleRunTimes":["2020-09-30T19:30:00Z"],"scheduleWeeklyFrequency":0},"retentionPolicy":{"retentionPolicyType":"LongTermRetentionPolicy","dailySchedule":{"retentionTimes":["2020-09-30T19:30:00Z"],"retentionDuration":{"count":180,"durationType":"Days"}},"weeklySchedule":{"daysOfTheWeek":["Sunday"],"retentionTimes":["2020-09-30T19:30:00Z"],"retentionDuration":{"count":104,"durationType":"Weeks"}},"monthlySchedule":{"retentionScheduleFormatType":"Weekly","retentionScheduleWeekly":{"daysOfTheWeek":["Sunday"],"weeksOfTheMonth":["First"]},"retentionTimes":["2020-09-30T19:30:00Z"],"retentionDuration":{"count":60,"durationType":"Months"}},"yearlySchedule":{"retentionScheduleFormatType":"Weekly","monthsOfYear":["January"],"retentionScheduleWeekly":{"daysOfTheWeek":["Sunday"],"weeksOfTheMonth":["First"]},"retentionTimes":["2020-09-30T19:30:00Z"],"retentionDuration":{"count":10,"durationType":"Years"}}}},{"policyType":"Log","schedulePolicy":{"schedulePolicyType":"LogSchedulePolicy","scheduleFrequencyInMins":120},"retentionPolicy":{"retentionPolicyType":"SimpleRetentionPolicy","retentionDuration":{"count":15,"durationType":"Days"}}}],"protectedItemsCount":0}}'
    headers:
      cache-control:
      - no-cache
      content-length:
      - '1780'
      content-type:
      - application/json
      date:
      - Thu, 25 Aug 2022 06:15:36 GMT
      expires:
      - '-1'
      pragma:
      - no-cache
      server:
      - Microsoft-IIS/10.0
      strict-transport-security:
      - max-age=31536000; includeSubDomains
      transfer-encoding:
      - chunked
      vary:
      - Accept-Encoding
      x-content-type-options:
      - nosniff
      x-ms-ratelimit-remaining-subscription-resource-requests:
      - '295'
      x-powered-by:
      - ASP.NET
    status:
      code: 200
      message: OK
- request:
    body: '{"properties": {"protectedItemType": "AzureVmWorkloadSAPHanaDatabase",
      "policyId": "/subscriptions/00000000-0000-0000-0000-000000000000/resourceGroups/saphana-clitest-rg/providers/Microsoft.RecoveryServices/vaults/saphana-clitestvault-donotuse/backupPolicies/saphana-clitestpolicy-donotuse"}}'
    headers:
      Accept:
      - application/json
      Accept-Encoding:
      - gzip, deflate
      CommandName:
      - backup protection enable-for-azurewl
      Connection:
      - keep-alive
      Content-Length:
      - '292'
      Content-Type:
      - application/json
      ParameterSetName:
      - -v -g -p --protectable-item-type --protectable-item-name --server-name --workload-type
      User-Agent:
      - AZURECLI/2.44.1 (PIP) azsdk-python-mgmt-recoveryservicesbackup/5.1.0 Python/3.10.7
        (Windows-10-10.0.22621-SP0)
    method: PUT
    uri: https://management.azure.com/subscriptions/00000000-0000-0000-0000-000000000000/resourceGroups/saphana-clitest-rg/providers/Microsoft.RecoveryServices/vaults/saphana-clitestvault-donotuse/backupFabrics/Azure/protectionContainers/vmappcontainer%3Bcompute%3Bsaphana-clitest-rg%3Bsaphana-clitestvm-donotuse2/protectedItems/saphanadatabase%3Bhxe%3Bsystemdb?api-version=2023-01-01
  response:
    body:
      string: ''
    headers:
      azure-asyncoperation:
      - https://management.azure.com/subscriptions/00000000-0000-0000-0000-000000000000/resourceGroups/saphana-clitest-rg/providers/Microsoft.RecoveryServices/vaults/saphana-clitestvault-donotuse/backupFabrics/Azure/protectionContainers/vmappcontainer;compute;saphana-clitest-rg;saphana-clitestvm-donotuse2/protectedItems/saphanadatabase;hxe;systemdb/operationsStatus/722cad63-87cf-438a-910a-c7277fa737a3?api-version=2023-01-01
      cache-control:
      - no-cache
      content-length:
      - '0'
      date:
      - Thu, 25 Aug 2022 06:15:42 GMT
      expires:
      - '-1'
      location:
      - https://management.azure.com/subscriptions/00000000-0000-0000-0000-000000000000/resourceGroups/saphana-clitest-rg/providers/Microsoft.RecoveryServices/vaults/saphana-clitestvault-donotuse/backupFabrics/Azure/protectionContainers/vmappcontainer;compute;saphana-clitest-rg;saphana-clitestvm-donotuse2/protectedItems/saphanadatabase;hxe;systemdb/operationResults/722cad63-87cf-438a-910a-c7277fa737a3?api-version=2023-01-01
      pragma:
      - no-cache
      strict-transport-security:
      - max-age=31536000; includeSubDomains
      x-content-type-options:
      - nosniff
      x-ms-ratelimit-remaining-subscription-writes:
      - '1195'
      x-powered-by:
      - ASP.NET
    status:
      code: 202
      message: Accepted
- request:
    body: null
    headers:
      Accept:
      - application/json
      Accept-Encoding:
      - gzip, deflate
      CommandName:
      - backup protection enable-for-azurewl
      Connection:
      - keep-alive
      ParameterSetName:
      - -v -g -p --protectable-item-type --protectable-item-name --server-name --workload-type
      User-Agent:
      - AZURECLI/2.44.1 (PIP) azsdk-python-mgmt-recoveryservicesbackup/5.1.0 Python/3.10.7
        (Windows-10-10.0.22621-SP0)
    method: GET
    uri: https://management.azure.com/subscriptions/00000000-0000-0000-0000-000000000000/resourceGroups/saphana-clitest-rg/providers/Microsoft.RecoveryServices/vaults/saphana-clitestvault-donotuse/backupOperations/722cad63-87cf-438a-910a-c7277fa737a3?api-version=2023-01-01
  response:
    body:
      string: '{"id":"722cad63-87cf-438a-910a-c7277fa737a3","name":"722cad63-87cf-438a-910a-c7277fa737a3","status":"InProgress","startTime":"2022-08-25T06:15:42.3867134Z","endTime":"0001-01-01T00:00:00"}'
    headers:
      cache-control:
      - no-cache
      content-length:
      - '188'
      content-type:
      - application/json
      date:
      - Thu, 25 Aug 2022 06:15:43 GMT
      expires:
      - '-1'
      pragma:
      - no-cache
      server:
      - Microsoft-IIS/10.0
      strict-transport-security:
      - max-age=31536000; includeSubDomains
      transfer-encoding:
      - chunked
      vary:
      - Accept-Encoding
      x-content-type-options:
      - nosniff
      x-ms-ratelimit-remaining-subscription-resource-requests:
      - '270'
      x-powered-by:
      - ASP.NET
    status:
      code: 200
      message: OK
- request:
    body: null
    headers:
      Accept:
      - application/json
      Accept-Encoding:
      - gzip, deflate
      CommandName:
      - backup protection enable-for-azurewl
      Connection:
      - keep-alive
      ParameterSetName:
      - -v -g -p --protectable-item-type --protectable-item-name --server-name --workload-type
      User-Agent:
      - AZURECLI/2.44.1 (PIP) azsdk-python-mgmt-recoveryservicesbackup/5.1.0 Python/3.10.7
        (Windows-10-10.0.22621-SP0)
    method: GET
    uri: https://management.azure.com/subscriptions/00000000-0000-0000-0000-000000000000/resourceGroups/saphana-clitest-rg/providers/Microsoft.RecoveryServices/vaults/saphana-clitestvault-donotuse/backupOperations/722cad63-87cf-438a-910a-c7277fa737a3?api-version=2023-01-01
  response:
    body:
      string: '{"id":"722cad63-87cf-438a-910a-c7277fa737a3","name":"722cad63-87cf-438a-910a-c7277fa737a3","status":"InProgress","startTime":"2022-08-25T06:15:42.3867134Z","endTime":"0001-01-01T00:00:00"}'
    headers:
      cache-control:
      - no-cache
      content-length:
      - '188'
      content-type:
      - application/json
      date:
      - Thu, 25 Aug 2022 06:15:49 GMT
      expires:
      - '-1'
      pragma:
      - no-cache
      server:
      - Microsoft-IIS/10.0
      strict-transport-security:
      - max-age=31536000; includeSubDomains
      transfer-encoding:
      - chunked
      vary:
      - Accept-Encoding
      x-content-type-options:
      - nosniff
      x-ms-ratelimit-remaining-subscription-resource-requests:
      - '269'
      x-powered-by:
      - ASP.NET
    status:
      code: 200
      message: OK
- request:
    body: null
    headers:
      Accept:
      - application/json
      Accept-Encoding:
      - gzip, deflate
      CommandName:
      - backup protection enable-for-azurewl
      Connection:
      - keep-alive
      ParameterSetName:
      - -v -g -p --protectable-item-type --protectable-item-name --server-name --workload-type
      User-Agent:
      - AZURECLI/2.44.1 (PIP) azsdk-python-mgmt-recoveryservicesbackup/5.1.0 Python/3.10.7
        (Windows-10-10.0.22621-SP0)
    method: GET
    uri: https://management.azure.com/subscriptions/00000000-0000-0000-0000-000000000000/resourceGroups/saphana-clitest-rg/providers/Microsoft.RecoveryServices/vaults/saphana-clitestvault-donotuse/backupOperations/722cad63-87cf-438a-910a-c7277fa737a3?api-version=2023-01-01
  response:
    body:
      string: '{"id":"722cad63-87cf-438a-910a-c7277fa737a3","name":"722cad63-87cf-438a-910a-c7277fa737a3","status":"InProgress","startTime":"2022-08-25T06:15:42.3867134Z","endTime":"0001-01-01T00:00:00"}'
    headers:
      cache-control:
      - no-cache
      content-length:
      - '188'
      content-type:
      - application/json
      date:
      - Thu, 25 Aug 2022 06:15:55 GMT
      expires:
      - '-1'
      pragma:
      - no-cache
      server:
      - Microsoft-IIS/10.0
      strict-transport-security:
      - max-age=31536000; includeSubDomains
      transfer-encoding:
      - chunked
      vary:
      - Accept-Encoding
      x-content-type-options:
      - nosniff
      x-ms-ratelimit-remaining-subscription-resource-requests:
      - '268'
      x-powered-by:
      - ASP.NET
    status:
      code: 200
      message: OK
- request:
    body: null
    headers:
      Accept:
      - application/json
      Accept-Encoding:
      - gzip, deflate
      CommandName:
      - backup protection enable-for-azurewl
      Connection:
      - keep-alive
      ParameterSetName:
      - -v -g -p --protectable-item-type --protectable-item-name --server-name --workload-type
      User-Agent:
      - AZURECLI/2.44.1 (PIP) azsdk-python-mgmt-recoveryservicesbackup/5.1.0 Python/3.10.7
        (Windows-10-10.0.22621-SP0)
    method: GET
    uri: https://management.azure.com/subscriptions/00000000-0000-0000-0000-000000000000/resourceGroups/saphana-clitest-rg/providers/Microsoft.RecoveryServices/vaults/saphana-clitestvault-donotuse/backupOperations/722cad63-87cf-438a-910a-c7277fa737a3?api-version=2023-01-01
  response:
    body:
      string: '{"id":"722cad63-87cf-438a-910a-c7277fa737a3","name":"722cad63-87cf-438a-910a-c7277fa737a3","status":"InProgress","startTime":"2022-08-25T06:15:42.3867134Z","endTime":"0001-01-01T00:00:00"}'
    headers:
      cache-control:
      - no-cache
      content-length:
      - '188'
      content-type:
      - application/json
      date:
      - Thu, 25 Aug 2022 06:16:01 GMT
      expires:
      - '-1'
      pragma:
      - no-cache
      server:
      - Microsoft-IIS/10.0
      strict-transport-security:
      - max-age=31536000; includeSubDomains
      transfer-encoding:
      - chunked
      vary:
      - Accept-Encoding
      x-content-type-options:
      - nosniff
      x-ms-ratelimit-remaining-subscription-resource-requests:
      - '267'
      x-powered-by:
      - ASP.NET
    status:
      code: 200
      message: OK
- request:
    body: null
    headers:
      Accept:
      - application/json
      Accept-Encoding:
      - gzip, deflate
      CommandName:
      - backup protection enable-for-azurewl
      Connection:
      - keep-alive
      ParameterSetName:
      - -v -g -p --protectable-item-type --protectable-item-name --server-name --workload-type
      User-Agent:
      - AZURECLI/2.44.1 (PIP) azsdk-python-mgmt-recoveryservicesbackup/5.1.0 Python/3.10.7
        (Windows-10-10.0.22621-SP0)
    method: GET
    uri: https://management.azure.com/subscriptions/00000000-0000-0000-0000-000000000000/resourceGroups/saphana-clitest-rg/providers/Microsoft.RecoveryServices/vaults/saphana-clitestvault-donotuse/backupOperations/722cad63-87cf-438a-910a-c7277fa737a3?api-version=2023-01-01
  response:
    body:
      string: '{"id":"722cad63-87cf-438a-910a-c7277fa737a3","name":"722cad63-87cf-438a-910a-c7277fa737a3","status":"InProgress","startTime":"2022-08-25T06:15:42.3867134Z","endTime":"0001-01-01T00:00:00"}'
    headers:
      cache-control:
      - no-cache
      content-length:
      - '188'
      content-type:
      - application/json
      date:
      - Thu, 25 Aug 2022 06:16:07 GMT
      expires:
      - '-1'
      pragma:
      - no-cache
      server:
      - Microsoft-IIS/10.0
      strict-transport-security:
      - max-age=31536000; includeSubDomains
      transfer-encoding:
      - chunked
      vary:
      - Accept-Encoding
      x-content-type-options:
      - nosniff
      x-ms-ratelimit-remaining-subscription-resource-requests:
      - '266'
      x-powered-by:
      - ASP.NET
    status:
      code: 200
      message: OK
- request:
    body: null
    headers:
      Accept:
      - application/json
      Accept-Encoding:
      - gzip, deflate
      CommandName:
      - backup protection enable-for-azurewl
      Connection:
      - keep-alive
      ParameterSetName:
      - -v -g -p --protectable-item-type --protectable-item-name --server-name --workload-type
      User-Agent:
      - AZURECLI/2.44.1 (PIP) azsdk-python-mgmt-recoveryservicesbackup/5.1.0 Python/3.10.7
        (Windows-10-10.0.22621-SP0)
    method: GET
    uri: https://management.azure.com/subscriptions/00000000-0000-0000-0000-000000000000/resourceGroups/saphana-clitest-rg/providers/Microsoft.RecoveryServices/vaults/saphana-clitestvault-donotuse/backupOperations/722cad63-87cf-438a-910a-c7277fa737a3?api-version=2023-01-01
  response:
    body:
      string: '{"id":"722cad63-87cf-438a-910a-c7277fa737a3","name":"722cad63-87cf-438a-910a-c7277fa737a3","status":"InProgress","startTime":"2022-08-25T06:15:42.3867134Z","endTime":"0001-01-01T00:00:00"}'
    headers:
      cache-control:
      - no-cache
      content-length:
      - '188'
      content-type:
      - application/json
      date:
      - Thu, 25 Aug 2022 06:16:12 GMT
      expires:
      - '-1'
      pragma:
      - no-cache
      server:
      - Microsoft-IIS/10.0
      strict-transport-security:
      - max-age=31536000; includeSubDomains
      transfer-encoding:
      - chunked
      vary:
      - Accept-Encoding
      x-content-type-options:
      - nosniff
      x-ms-ratelimit-remaining-subscription-resource-requests:
      - '265'
      x-powered-by:
      - ASP.NET
    status:
      code: 200
      message: OK
- request:
    body: null
    headers:
      Accept:
      - application/json
      Accept-Encoding:
      - gzip, deflate
      CommandName:
      - backup protection enable-for-azurewl
      Connection:
      - keep-alive
      ParameterSetName:
      - -v -g -p --protectable-item-type --protectable-item-name --server-name --workload-type
      User-Agent:
      - AZURECLI/2.44.1 (PIP) azsdk-python-mgmt-recoveryservicesbackup/5.1.0 Python/3.10.7
        (Windows-10-10.0.22621-SP0)
    method: GET
    uri: https://management.azure.com/subscriptions/00000000-0000-0000-0000-000000000000/resourceGroups/saphana-clitest-rg/providers/Microsoft.RecoveryServices/vaults/saphana-clitestvault-donotuse/backupOperations/722cad63-87cf-438a-910a-c7277fa737a3?api-version=2023-01-01
  response:
    body:
      string: '{"id":"722cad63-87cf-438a-910a-c7277fa737a3","name":"722cad63-87cf-438a-910a-c7277fa737a3","status":"InProgress","startTime":"2022-08-25T06:15:42.3867134Z","endTime":"0001-01-01T00:00:00"}'
    headers:
      cache-control:
      - no-cache
      content-length:
      - '188'
      content-type:
      - application/json
      date:
      - Thu, 25 Aug 2022 06:16:18 GMT
      expires:
      - '-1'
      pragma:
      - no-cache
      server:
      - Microsoft-IIS/10.0
      strict-transport-security:
      - max-age=31536000; includeSubDomains
      transfer-encoding:
      - chunked
      vary:
      - Accept-Encoding
      x-content-type-options:
      - nosniff
      x-ms-ratelimit-remaining-subscription-resource-requests:
      - '264'
      x-powered-by:
      - ASP.NET
    status:
      code: 200
      message: OK
- request:
    body: null
    headers:
      Accept:
      - application/json
      Accept-Encoding:
      - gzip, deflate
      CommandName:
      - backup protection enable-for-azurewl
      Connection:
      - keep-alive
      ParameterSetName:
      - -v -g -p --protectable-item-type --protectable-item-name --server-name --workload-type
      User-Agent:
      - AZURECLI/2.44.1 (PIP) azsdk-python-mgmt-recoveryservicesbackup/5.1.0 Python/3.10.7
        (Windows-10-10.0.22621-SP0)
    method: GET
    uri: https://management.azure.com/subscriptions/00000000-0000-0000-0000-000000000000/resourceGroups/saphana-clitest-rg/providers/Microsoft.RecoveryServices/vaults/saphana-clitestvault-donotuse/backupOperations/722cad63-87cf-438a-910a-c7277fa737a3?api-version=2023-01-01
  response:
    body:
      string: '{"id":"722cad63-87cf-438a-910a-c7277fa737a3","name":"722cad63-87cf-438a-910a-c7277fa737a3","status":"InProgress","startTime":"2022-08-25T06:15:42.3867134Z","endTime":"0001-01-01T00:00:00"}'
    headers:
      cache-control:
      - no-cache
      content-length:
      - '188'
      content-type:
      - application/json
      date:
      - Thu, 25 Aug 2022 06:16:25 GMT
      expires:
      - '-1'
      pragma:
      - no-cache
      server:
      - Microsoft-IIS/10.0
      strict-transport-security:
      - max-age=31536000; includeSubDomains
      transfer-encoding:
      - chunked
      vary:
      - Accept-Encoding
      x-content-type-options:
      - nosniff
      x-ms-ratelimit-remaining-subscription-resource-requests:
      - '263'
      x-powered-by:
      - ASP.NET
    status:
      code: 200
      message: OK
- request:
    body: null
    headers:
      Accept:
      - application/json
      Accept-Encoding:
      - gzip, deflate
      CommandName:
      - backup protection enable-for-azurewl
      Connection:
      - keep-alive
      ParameterSetName:
      - -v -g -p --protectable-item-type --protectable-item-name --server-name --workload-type
      User-Agent:
      - AZURECLI/2.44.1 (PIP) azsdk-python-mgmt-recoveryservicesbackup/5.1.0 Python/3.10.7
        (Windows-10-10.0.22621-SP0)
    method: GET
    uri: https://management.azure.com/subscriptions/00000000-0000-0000-0000-000000000000/resourceGroups/saphana-clitest-rg/providers/Microsoft.RecoveryServices/vaults/saphana-clitestvault-donotuse/backupOperations/722cad63-87cf-438a-910a-c7277fa737a3?api-version=2023-01-01
  response:
    body:
      string: '{"id":"722cad63-87cf-438a-910a-c7277fa737a3","name":"722cad63-87cf-438a-910a-c7277fa737a3","status":"InProgress","startTime":"2022-08-25T06:15:42.3867134Z","endTime":"0001-01-01T00:00:00"}'
    headers:
      cache-control:
      - no-cache
      content-length:
      - '188'
      content-type:
      - application/json
      date:
      - Thu, 25 Aug 2022 06:16:32 GMT
      expires:
      - '-1'
      pragma:
      - no-cache
      server:
      - Microsoft-IIS/10.0
      strict-transport-security:
      - max-age=31536000; includeSubDomains
      transfer-encoding:
      - chunked
      vary:
      - Accept-Encoding
      x-content-type-options:
      - nosniff
      x-ms-ratelimit-remaining-subscription-resource-requests:
      - '262'
      x-powered-by:
      - ASP.NET
    status:
      code: 200
      message: OK
- request:
    body: null
    headers:
      Accept:
      - application/json
      Accept-Encoding:
      - gzip, deflate
      CommandName:
      - backup protection enable-for-azurewl
      Connection:
      - keep-alive
      ParameterSetName:
      - -v -g -p --protectable-item-type --protectable-item-name --server-name --workload-type
      User-Agent:
      - AZURECLI/2.44.1 (PIP) azsdk-python-mgmt-recoveryservicesbackup/5.1.0 Python/3.10.7
        (Windows-10-10.0.22621-SP0)
    method: GET
    uri: https://management.azure.com/subscriptions/00000000-0000-0000-0000-000000000000/resourceGroups/saphana-clitest-rg/providers/Microsoft.RecoveryServices/vaults/saphana-clitestvault-donotuse/backupOperations/722cad63-87cf-438a-910a-c7277fa737a3?api-version=2023-01-01
  response:
    body:
      string: '{"id":"722cad63-87cf-438a-910a-c7277fa737a3","name":"722cad63-87cf-438a-910a-c7277fa737a3","status":"InProgress","startTime":"2022-08-25T06:15:42.3867134Z","endTime":"0001-01-01T00:00:00"}'
    headers:
      cache-control:
      - no-cache
      content-length:
      - '188'
      content-type:
      - application/json
      date:
      - Thu, 25 Aug 2022 06:16:38 GMT
      expires:
      - '-1'
      pragma:
      - no-cache
      server:
      - Microsoft-IIS/10.0
      strict-transport-security:
      - max-age=31536000; includeSubDomains
      transfer-encoding:
      - chunked
      vary:
      - Accept-Encoding
      x-content-type-options:
      - nosniff
      x-ms-ratelimit-remaining-subscription-resource-requests:
      - '261'
      x-powered-by:
      - ASP.NET
    status:
      code: 200
      message: OK
- request:
    body: null
    headers:
      Accept:
      - application/json
      Accept-Encoding:
      - gzip, deflate
      CommandName:
      - backup protection enable-for-azurewl
      Connection:
      - keep-alive
      ParameterSetName:
      - -v -g -p --protectable-item-type --protectable-item-name --server-name --workload-type
      User-Agent:
      - AZURECLI/2.44.1 (PIP) azsdk-python-mgmt-recoveryservicesbackup/5.1.0 Python/3.10.7
        (Windows-10-10.0.22621-SP0)
    method: GET
    uri: https://management.azure.com/subscriptions/00000000-0000-0000-0000-000000000000/resourceGroups/saphana-clitest-rg/providers/Microsoft.RecoveryServices/vaults/saphana-clitestvault-donotuse/backupOperations/722cad63-87cf-438a-910a-c7277fa737a3?api-version=2023-01-01
  response:
    body:
      string: '{"id":"722cad63-87cf-438a-910a-c7277fa737a3","name":"722cad63-87cf-438a-910a-c7277fa737a3","status":"InProgress","startTime":"2022-08-25T06:15:42.3867134Z","endTime":"0001-01-01T00:00:00"}'
    headers:
      cache-control:
      - no-cache
      content-length:
      - '188'
      content-type:
      - application/json
      date:
      - Thu, 25 Aug 2022 06:16:44 GMT
      expires:
      - '-1'
      pragma:
      - no-cache
      server:
      - Microsoft-IIS/10.0
      strict-transport-security:
      - max-age=31536000; includeSubDomains
      transfer-encoding:
      - chunked
      vary:
      - Accept-Encoding
      x-content-type-options:
      - nosniff
      x-ms-ratelimit-remaining-subscription-resource-requests:
      - '260'
      x-powered-by:
      - ASP.NET
    status:
      code: 200
      message: OK
- request:
    body: null
    headers:
      Accept:
      - application/json
      Accept-Encoding:
      - gzip, deflate
      CommandName:
      - backup protection enable-for-azurewl
      Connection:
      - keep-alive
      ParameterSetName:
      - -v -g -p --protectable-item-type --protectable-item-name --server-name --workload-type
      User-Agent:
      - AZURECLI/2.44.1 (PIP) azsdk-python-mgmt-recoveryservicesbackup/5.1.0 Python/3.10.7
        (Windows-10-10.0.22621-SP0)
    method: GET
    uri: https://management.azure.com/subscriptions/00000000-0000-0000-0000-000000000000/resourceGroups/saphana-clitest-rg/providers/Microsoft.RecoveryServices/vaults/saphana-clitestvault-donotuse/backupOperations/722cad63-87cf-438a-910a-c7277fa737a3?api-version=2023-01-01
  response:
    body:
      string: '{"id":"722cad63-87cf-438a-910a-c7277fa737a3","name":"722cad63-87cf-438a-910a-c7277fa737a3","status":"InProgress","startTime":"2022-08-25T06:15:42.3867134Z","endTime":"0001-01-01T00:00:00"}'
    headers:
      cache-control:
      - no-cache
      content-length:
      - '188'
      content-type:
      - application/json
      date:
      - Thu, 25 Aug 2022 06:16:49 GMT
      expires:
      - '-1'
      pragma:
      - no-cache
      server:
      - Microsoft-IIS/10.0
      strict-transport-security:
      - max-age=31536000; includeSubDomains
      transfer-encoding:
      - chunked
      vary:
      - Accept-Encoding
      x-content-type-options:
      - nosniff
      x-ms-ratelimit-remaining-subscription-resource-requests:
      - '259'
      x-powered-by:
      - ASP.NET
    status:
      code: 200
      message: OK
- request:
    body: null
    headers:
      Accept:
      - application/json
      Accept-Encoding:
      - gzip, deflate
      CommandName:
      - backup protection enable-for-azurewl
      Connection:
      - keep-alive
      ParameterSetName:
      - -v -g -p --protectable-item-type --protectable-item-name --server-name --workload-type
      User-Agent:
      - AZURECLI/2.44.1 (PIP) azsdk-python-mgmt-recoveryservicesbackup/5.1.0 Python/3.10.7
        (Windows-10-10.0.22621-SP0)
    method: GET
    uri: https://management.azure.com/subscriptions/00000000-0000-0000-0000-000000000000/resourceGroups/saphana-clitest-rg/providers/Microsoft.RecoveryServices/vaults/saphana-clitestvault-donotuse/backupOperations/722cad63-87cf-438a-910a-c7277fa737a3?api-version=2023-01-01
  response:
    body:
      string: '{"id":"722cad63-87cf-438a-910a-c7277fa737a3","name":"722cad63-87cf-438a-910a-c7277fa737a3","status":"InProgress","startTime":"2022-08-25T06:15:42.3867134Z","endTime":"0001-01-01T00:00:00"}'
    headers:
      cache-control:
      - no-cache
      content-length:
      - '188'
      content-type:
      - application/json
      date:
      - Thu, 25 Aug 2022 06:16:55 GMT
      expires:
      - '-1'
      pragma:
      - no-cache
      server:
      - Microsoft-IIS/10.0
      strict-transport-security:
      - max-age=31536000; includeSubDomains
      transfer-encoding:
      - chunked
      vary:
      - Accept-Encoding
      x-content-type-options:
      - nosniff
      x-ms-ratelimit-remaining-subscription-resource-requests:
      - '258'
      x-powered-by:
      - ASP.NET
    status:
      code: 200
      message: OK
- request:
    body: null
    headers:
      Accept:
      - application/json
      Accept-Encoding:
      - gzip, deflate
      CommandName:
      - backup protection enable-for-azurewl
      Connection:
      - keep-alive
      ParameterSetName:
      - -v -g -p --protectable-item-type --protectable-item-name --server-name --workload-type
      User-Agent:
      - AZURECLI/2.44.1 (PIP) azsdk-python-mgmt-recoveryservicesbackup/5.1.0 Python/3.10.7
        (Windows-10-10.0.22621-SP0)
    method: GET
    uri: https://management.azure.com/subscriptions/00000000-0000-0000-0000-000000000000/resourceGroups/saphana-clitest-rg/providers/Microsoft.RecoveryServices/vaults/saphana-clitestvault-donotuse/backupOperations/722cad63-87cf-438a-910a-c7277fa737a3?api-version=2023-01-01
  response:
    body:
      string: '{"id":"722cad63-87cf-438a-910a-c7277fa737a3","name":"722cad63-87cf-438a-910a-c7277fa737a3","status":"Succeeded","startTime":"2022-08-25T06:15:42.3867134Z","endTime":"2022-08-25T06:15:42.3867134Z","properties":{"objectType":"OperationStatusJobExtendedInfo","jobId":"f776ca06-cb19-43ed-aac9-bd3b0065e951"}}'
    headers:
      cache-control:
      - no-cache
      content-length:
      - '304'
      content-type:
      - application/json
      date:
      - Thu, 25 Aug 2022 06:17:02 GMT
      expires:
      - '-1'
      pragma:
      - no-cache
      server:
      - Microsoft-IIS/10.0
      strict-transport-security:
      - max-age=31536000; includeSubDomains
      transfer-encoding:
      - chunked
      vary:
      - Accept-Encoding
      x-content-type-options:
      - nosniff
      x-ms-ratelimit-remaining-subscription-resource-requests:
      - '257'
      x-powered-by:
      - ASP.NET
    status:
      code: 200
      message: OK
- request:
    body: null
    headers:
      Accept:
      - application/json
      Accept-Encoding:
      - gzip, deflate
      CommandName:
      - backup protection enable-for-azurewl
      Connection:
      - keep-alive
      ParameterSetName:
      - -v -g -p --protectable-item-type --protectable-item-name --server-name --workload-type
      User-Agent:
      - AZURECLI/2.44.1 (PIP) azsdk-python-mgmt-recoveryservicesbackup/5.1.0 Python/3.10.7
        (Windows-10-10.0.22621-SP0)
    method: GET
    uri: https://management.azure.com/subscriptions/00000000-0000-0000-0000-000000000000/resourceGroups/saphana-clitest-rg/providers/Microsoft.RecoveryServices/vaults/saphana-clitestvault-donotuse/backupJobs/f776ca06-cb19-43ed-aac9-bd3b0065e951?api-version=2023-01-01
  response:
    body:
      string: '{"id":"/subscriptions/00000000-0000-0000-0000-000000000000/resourceGroups/saphana-clitest-rg/providers/Microsoft.RecoveryServices/vaults/saphana-clitestvault-donotuse/backupJobs/f776ca06-cb19-43ed-aac9-bd3b0065e951","name":"f776ca06-cb19-43ed-aac9-bd3b0065e951","type":"Microsoft.RecoveryServices/vaults/backupJobs","properties":{"jobType":"AzureWorkloadJob","workloadType":"SAPHanaDatabase","duration":"PT1M15.647555S","extendedInfo":{"tasksList":[],"propertyBag":{"Policy
        Name":"saphana-clitestpolicy-donotuse"}},"isUserTriggered":true,"entityFriendlyName":"systemdb","backupManagementType":"AzureWorkload","operation":"ConfigureBackup","status":"Completed","startTime":"2022-08-25T06:15:42.3867134Z","endTime":"2022-08-25T06:16:58.0342684Z","activityId":"519e8ec5-243d-11ed-bfc3-c8f750f92764"}}'
    headers:
      cache-control:
      - no-cache
      content-length:
      - '797'
      content-type:
      - application/json
      date:
      - Thu, 25 Aug 2022 06:17:04 GMT
      expires:
      - '-1'
      pragma:
      - no-cache
      server:
      - Microsoft-IIS/10.0
      - Microsoft-IIS/10.0
      strict-transport-security:
      - max-age=31536000; includeSubDomains
      transfer-encoding:
      - chunked
      vary:
      - Accept-Encoding
      x-content-type-options:
      - nosniff
      x-ms-ratelimit-remaining-subscription-resource-requests:
      - '147'
      x-powered-by:
      - ASP.NET
    status:
      code: 200
      message: OK
- request:
    body: null
    headers:
      Accept:
      - application/json
      Accept-Encoding:
      - gzip, deflate
      CommandName:
      - backup container show
      Connection:
      - keep-alive
      ParameterSetName:
      - -n -v -g --backup-management-type --query
      User-Agent:
      - AZURECLI/2.44.1 (PIP) azsdk-python-mgmt-recoveryservicesbackup/5.1.0 Python/3.10.7
        (Windows-10-10.0.22621-SP0)
    method: GET
    uri: https://management.azure.com/subscriptions/00000000-0000-0000-0000-000000000000/resourceGroups/saphana-clitest-rg/providers/Microsoft.RecoveryServices/vaults/saphana-clitestvault-donotuse/backupProtectionContainers?api-version=2023-01-01&%24filter=backupManagementType+eq+%27AzureWorkload%27+and+status+eq+%27Registered%27
  response:
    body:
      string: '{"value":[{"id":"/subscriptions/00000000-0000-0000-0000-000000000000/resourceGroups/saphana-clitest-rg/providers/Microsoft.RecoveryServices/vaults/saphana-clitestvault-donotuse/backupFabrics/Azure/protectionContainers/VMAppContainer;Compute;saphana-clitest-rg;saphana-clitestvm-donotuse2","name":"VMAppContainer;Compute;saphana-clitest-rg;saphana-clitestvm-donotuse2","type":"Microsoft.RecoveryServices/vaults/backupFabrics/protectionContainers","properties":{"sourceResourceId":"/subscriptions/00000000-0000-0000-0000-000000000000/resourceGroups/saphana-clitest-rg/providers/Microsoft.Compute/virtualMachines/saphana-clitestvm-donotuse2","lastUpdatedTime":"2022-08-25T06:13:14.8079973Z","extendedInfo":{"hostServerName":"saphana-clitestvm-donotuse2","inquiryInfo":{"status":"Success","errorDetail":{"code":"Success","message":"","recommendations":[""]},"inquiryDetails":[{"type":"SAPHana","itemCount":2,"inquiryValidation":{"status":"Success","errorDetail":{"code":"Success","message":"","recommendations":[""]},"additionalDetail":"","protectableItemCount":{"SAPHanaSystem":1,"SAPHanaDatabase":2}}}]}},"friendlyName":"saphana-clitestvm-donotuse2","backupManagementType":"AzureWorkload","registrationStatus":"Registered","healthStatus":"Healthy","containerType":"VMAppContainer","protectableObjectType":"VMAppContainer"}}]}'
    headers:
      cache-control:
      - no-cache
      content-length:
      - '1323'
      content-type:
      - application/json
      date:
      - Thu, 25 Aug 2022 06:17:05 GMT
      expires:
      - '-1'
      pragma:
      - no-cache
      server:
      - Microsoft-IIS/10.0
      strict-transport-security:
      - max-age=31536000; includeSubDomains
      transfer-encoding:
      - chunked
      vary:
      - Accept-Encoding
      x-content-type-options:
      - nosniff
      x-ms-ratelimit-remaining-subscription-resource-requests:
      - '293'
      x-powered-by:
      - ASP.NET
    status:
      code: 200
      message: OK
- request:
    body: null
    headers:
      Accept:
      - application/json
      Accept-Encoding:
      - gzip, deflate
      CommandName:
      - backup recoverypoint list
      Connection:
      - keep-alive
      ParameterSetName:
      - -g -v -c -i --workload-type --query
      User-Agent:
      - AZURECLI/2.44.1 (PIP) azsdk-python-mgmt-recoveryservicesbackup/5.1.0 Python/3.10.7
        (Windows-10-10.0.22621-SP0)
    method: GET
    uri: https://management.azure.com/subscriptions/00000000-0000-0000-0000-000000000000/resourceGroups/saphana-clitest-rg/providers/Microsoft.RecoveryServices/vaults/saphana-clitestvault-donotuse/backupFabrics/Azure/protectionContainers/VMAppContainer%3BCompute%3Bsaphana-clitest-rg%3Bsaphana-clitestvm-donotuse2/protectedItems/saphanadatabase%3Bhxe%3Bsystemdb?api-version=2023-01-01
  response:
    body:
      string: '{"id":"/subscriptions/00000000-0000-0000-0000-000000000000/resourceGroups/saphana-clitest-rg/providers/Microsoft.RecoveryServices/vaults/saphana-clitestvault-donotuse/backupFabrics/Azure/protectionContainers/VMAppContainer;compute;saphana-clitest-rg;saphana-clitestvm-donotuse2/protectedItems/SAPHanaDatabase;hxe;systemdb","name":"SAPHanaDatabase;hxe;systemdb","type":"Microsoft.RecoveryServices/vaults/backupFabrics/protectionContainers/protectedItems","properties":{"kpisHealths":{},"friendlyName":"systemdb","serverName":"saphana-clitestvm-donotuse2","parentName":"HXE","parentType":"AzureVmWorkloadSAPHanaSystem","protectionStatus":"Healthy","protectionState":"IRPending","lastBackupStatus":"IRPending","lastBackupErrorDetail":{"code":"Success","message":""},"protectedItemDataSourceId":"733726287","protectedItemHealthStatus":"IRPending","extendedInfo":{"recoveryPointCount":0,"policyState":"Consistent"},"protectedItemType":"AzureVmWorkloadSAPHanaDatabase","backupManagementType":"AzureWorkload","workloadType":"SAPHanaDatabase","containerName":"VMAppContainer;compute;saphana-clitest-rg;saphana-clitestvm-donotuse2","sourceResourceId":"/subscriptions/00000000-0000-0000-0000-000000000000/resourceGroups/saphana-clitest-rg/providers/Microsoft.Compute/virtualMachines/saphana-clitestvm-donotuse2","policyId":"/subscriptions/00000000-0000-0000-0000-000000000000/resourceGroups/saphana-clitest-rg/providers/Microsoft.RecoveryServices/vaults/saphana-clitestvault-donotuse/backupPolicies/saphana-clitestpolicy-donotuse","isArchiveEnabled":false}}'
    headers:
      cache-control:
      - no-cache
      content-length:
      - '1547'
      content-type:
      - application/json
      date:
      - Thu, 25 Aug 2022 06:17:06 GMT
      expires:
      - '-1'
      pragma:
      - no-cache
      server:
      - Microsoft-IIS/10.0
      strict-transport-security:
      - max-age=31536000; includeSubDomains
      transfer-encoding:
      - chunked
      vary:
      - Accept-Encoding
      x-content-type-options:
      - nosniff
      x-ms-ratelimit-remaining-subscription-resource-requests:
      - '295'
      x-powered-by:
      - ASP.NET
    status:
      code: 200
      message: OK
- request:
    body: null
    headers:
      Accept:
      - application/json
      Accept-Encoding:
      - gzip, deflate
      CommandName:
      - backup recoverypoint list
      Connection:
      - keep-alive
      ParameterSetName:
      - -g -v -c -i --workload-type --query
      User-Agent:
      - AZURECLI/2.44.1 (PIP) azsdk-python-mgmt-recoveryservicesbackup/5.1.0 Python/3.10.7
        (Windows-10-10.0.22621-SP0)
    method: GET
    uri: https://management.azure.com/subscriptions/00000000-0000-0000-0000-000000000000/resourceGroups/saphana-clitest-rg/providers/Microsoft.RecoveryServices/vaults/saphana-clitestvault-donotuse/backupFabrics/Azure/protectionContainers/VMAppContainer%3Bcompute%3Bsaphana-clitest-rg%3Bsaphana-clitestvm-donotuse2/protectedItems/SAPHanaDatabase%3Bhxe%3Bsystemdb/recoveryPoints?api-version=2023-01-01
  response:
    body:
      string: '{"value":[{"id":"/subscriptions/00000000-0000-0000-0000-000000000000/resourceGroups/saphana-clitest-rg/providers/Microsoft.RecoveryServices/vaults/saphana-clitestvault-donotuse/backupFabrics/Azure/protectionContainers/VMAppContainer;compute;saphana-clitest-rg;saphana-clitestvm-donotuse2/protectedItems/SAPHanaDatabase;hxe;systemdb/recoveryPoints/DefaultRangeRecoveryPoint","name":"DefaultRangeRecoveryPoint","type":"Microsoft.RecoveryServices/vaults/backupFabrics/protectionContainers/protectedItems/recoveryPoints","properties":{"objectType":"AzureWorkloadSAPHanaPointInTimeRecoveryPoint","timeRanges":[],"type":"Log"}}]}'
    headers:
      cache-control:
      - no-cache
      content-length:
      - '623'
      content-type:
      - application/json
      date:
      - Thu, 25 Aug 2022 06:17:08 GMT
      expires:
      - '-1'
      pragma:
      - no-cache
      server:
      - Microsoft-IIS/10.0
      strict-transport-security:
      - max-age=31536000; includeSubDomains
      transfer-encoding:
      - chunked
      vary:
      - Accept-Encoding
      x-content-type-options:
      - nosniff
      x-ms-ratelimit-remaining-subscription-resource-requests:
      - '299'
      x-powered-by:
      - ASP.NET
    status:
      code: 200
      message: OK
- request:
    body: null
    headers:
      Accept:
      - application/json
      Accept-Encoding:
      - gzip, deflate
      CommandName:
      - backup recoverypoint show-log-chain
      Connection:
      - keep-alive
      ParameterSetName:
      - -g -v -c -i --workload-type
      User-Agent:
      - AZURECLI/2.44.1 (PIP) azsdk-python-mgmt-recoveryservicesbackup/5.1.0 Python/3.10.7
        (Windows-10-10.0.22621-SP0)
    method: GET
    uri: https://management.azure.com/subscriptions/00000000-0000-0000-0000-000000000000/resourceGroups/saphana-clitest-rg/providers/Microsoft.RecoveryServices/vaults/saphana-clitestvault-donotuse/backupFabrics/Azure/protectionContainers/VMAppContainer%3BCompute%3Bsaphana-clitest-rg%3Bsaphana-clitestvm-donotuse2/protectedItems/saphanadatabase%3Bhxe%3Bsystemdb?api-version=2023-01-01
  response:
    body:
      string: '{"id":"/subscriptions/00000000-0000-0000-0000-000000000000/resourceGroups/saphana-clitest-rg/providers/Microsoft.RecoveryServices/vaults/saphana-clitestvault-donotuse/backupFabrics/Azure/protectionContainers/VMAppContainer;compute;saphana-clitest-rg;saphana-clitestvm-donotuse2/protectedItems/SAPHanaDatabase;hxe;systemdb","name":"SAPHanaDatabase;hxe;systemdb","type":"Microsoft.RecoveryServices/vaults/backupFabrics/protectionContainers/protectedItems","properties":{"kpisHealths":{},"friendlyName":"systemdb","serverName":"saphana-clitestvm-donotuse2","parentName":"HXE","parentType":"AzureVmWorkloadSAPHanaSystem","protectionStatus":"Healthy","protectionState":"IRPending","lastBackupStatus":"IRPending","lastBackupErrorDetail":{"code":"Success","message":""},"protectedItemDataSourceId":"733726287","protectedItemHealthStatus":"IRPending","extendedInfo":{"recoveryPointCount":0,"policyState":"Consistent"},"protectedItemType":"AzureVmWorkloadSAPHanaDatabase","backupManagementType":"AzureWorkload","workloadType":"SAPHanaDatabase","containerName":"VMAppContainer;compute;saphana-clitest-rg;saphana-clitestvm-donotuse2","sourceResourceId":"/subscriptions/00000000-0000-0000-0000-000000000000/resourceGroups/saphana-clitest-rg/providers/Microsoft.Compute/virtualMachines/saphana-clitestvm-donotuse2","policyId":"/subscriptions/00000000-0000-0000-0000-000000000000/resourceGroups/saphana-clitest-rg/providers/Microsoft.RecoveryServices/vaults/saphana-clitestvault-donotuse/backupPolicies/saphana-clitestpolicy-donotuse","isArchiveEnabled":false}}'
    headers:
      cache-control:
      - no-cache
      content-length:
      - '1547'
      content-type:
      - application/json
      date:
      - Thu, 25 Aug 2022 06:17:09 GMT
      expires:
      - '-1'
      pragma:
      - no-cache
      server:
      - Microsoft-IIS/10.0
      strict-transport-security:
      - max-age=31536000; includeSubDomains
      transfer-encoding:
      - chunked
      vary:
      - Accept-Encoding
      x-content-type-options:
      - nosniff
      x-ms-ratelimit-remaining-subscription-resource-requests:
      - '294'
      x-powered-by:
      - ASP.NET
    status:
      code: 200
      message: OK
- request:
    body: null
    headers:
      Accept:
      - application/json
      Accept-Encoding:
      - gzip, deflate
      CommandName:
      - backup recoverypoint show-log-chain
      Connection:
      - keep-alive
      ParameterSetName:
      - -g -v -c -i --workload-type
      User-Agent:
      - AZURECLI/2.44.1 (PIP) azsdk-python-mgmt-recoveryservicesbackup/5.1.0 Python/3.10.7
        (Windows-10-10.0.22621-SP0)
    method: GET
    uri: https://management.azure.com/subscriptions/00000000-0000-0000-0000-000000000000/resourceGroups/saphana-clitest-rg/providers/Microsoft.RecoveryServices/vaults/saphana-clitestvault-donotuse/backupFabrics/Azure/protectionContainers/VMAppContainer%3Bcompute%3Bsaphana-clitest-rg%3Bsaphana-clitestvm-donotuse2/protectedItems/SAPHanaDatabase%3Bhxe%3Bsystemdb/recoveryPoints?api-version=2023-01-01&%24filter=restorePointQueryType+eq+%27Log%27
  response:
    body:
      string: '{"value":[{"id":"/subscriptions/00000000-0000-0000-0000-000000000000/resourceGroups/saphana-clitest-rg/providers/Microsoft.RecoveryServices/vaults/saphana-clitestvault-donotuse/backupFabrics/Azure/protectionContainers/VMAppContainer;compute;saphana-clitest-rg;saphana-clitestvm-donotuse2/protectedItems/SAPHanaDatabase;hxe;systemdb/recoveryPoints/DefaultRangeRecoveryPoint","name":"DefaultRangeRecoveryPoint","type":"Microsoft.RecoveryServices/vaults/backupFabrics/protectionContainers/protectedItems/recoveryPoints","properties":{"objectType":"AzureWorkloadSAPHanaPointInTimeRecoveryPoint","timeRanges":[],"type":"Log"}}]}'
    headers:
      cache-control:
      - no-cache
      content-length:
      - '623'
      content-type:
      - application/json
      date:
      - Thu, 25 Aug 2022 06:17:10 GMT
      expires:
      - '-1'
      pragma:
      - no-cache
      server:
      - Microsoft-IIS/10.0
      strict-transport-security:
      - max-age=31536000; includeSubDomains
      transfer-encoding:
      - chunked
      vary:
      - Accept-Encoding
      x-content-type-options:
      - nosniff
      x-ms-ratelimit-remaining-subscription-resource-requests:
      - '298'
      x-powered-by:
      - ASP.NET
    status:
      code: 200
      message: OK
- request:
    body: null
    headers:
      Accept:
      - application/json
      Accept-Encoding:
      - gzip, deflate
      CommandName:
      - backup recoverypoint show-log-chain
      Connection:
      - keep-alive
      ParameterSetName:
      - -g -v -c -i --workload-type
      User-Agent:
      - AZURECLI/2.44.1 (PIP) azsdk-python-mgmt-recoveryservicesbackup/5.1.0 Python/3.10.7
        (Windows-10-10.0.22621-SP0)
    method: GET
    uri: https://management.azure.com/subscriptions/00000000-0000-0000-0000-000000000000/resourceGroups/saphana-clitest-rg/providers/Microsoft.RecoveryServices/vaults/saphana-clitestvault-donotuse/backupFabrics/Azure/protectionContainers/VMAppContainer%3BCompute%3Bsaphana-clitest-rg%3Bsaphana-clitestvm-donotuse2/protectedItems/saphanadatabase%3Bhxe%3Bsystemdb?api-version=2023-01-01
  response:
    body:
      string: '{"id":"/subscriptions/00000000-0000-0000-0000-000000000000/resourceGroups/saphana-clitest-rg/providers/Microsoft.RecoveryServices/vaults/saphana-clitestvault-donotuse/backupFabrics/Azure/protectionContainers/VMAppContainer;compute;saphana-clitest-rg;saphana-clitestvm-donotuse2/protectedItems/SAPHanaDatabase;hxe;systemdb","name":"SAPHanaDatabase;hxe;systemdb","type":"Microsoft.RecoveryServices/vaults/backupFabrics/protectionContainers/protectedItems","properties":{"kpisHealths":{},"friendlyName":"systemdb","serverName":"saphana-clitestvm-donotuse2","parentName":"HXE","parentType":"AzureVmWorkloadSAPHanaSystem","protectionStatus":"Healthy","protectionState":"IRPending","lastBackupStatus":"IRPending","lastBackupErrorDetail":{"code":"Success","message":""},"protectedItemDataSourceId":"733726287","protectedItemHealthStatus":"IRPending","extendedInfo":{"recoveryPointCount":0,"policyState":"Consistent"},"protectedItemType":"AzureVmWorkloadSAPHanaDatabase","backupManagementType":"AzureWorkload","workloadType":"SAPHanaDatabase","containerName":"VMAppContainer;compute;saphana-clitest-rg;saphana-clitestvm-donotuse2","sourceResourceId":"/subscriptions/00000000-0000-0000-0000-000000000000/resourceGroups/saphana-clitest-rg/providers/Microsoft.Compute/virtualMachines/saphana-clitestvm-donotuse2","policyId":"/subscriptions/00000000-0000-0000-0000-000000000000/resourceGroups/saphana-clitest-rg/providers/Microsoft.RecoveryServices/vaults/saphana-clitestvault-donotuse/backupPolicies/saphana-clitestpolicy-donotuse","isArchiveEnabled":false}}'
    headers:
      cache-control:
      - no-cache
      content-length:
      - '1547'
      content-type:
      - application/json
      date:
      - Thu, 25 Aug 2022 06:17:12 GMT
      expires:
      - '-1'
      pragma:
      - no-cache
      server:
      - Microsoft-IIS/10.0
      strict-transport-security:
      - max-age=31536000; includeSubDomains
      transfer-encoding:
      - chunked
      vary:
      - Accept-Encoding
      x-content-type-options:
      - nosniff
      x-ms-ratelimit-remaining-subscription-resource-requests:
      - '292'
      x-powered-by:
      - ASP.NET
    status:
      code: 200
      message: OK
- request:
    body: null
    headers:
      Accept:
      - application/json
      Accept-Encoding:
      - gzip, deflate
      CommandName:
      - backup recoverypoint show-log-chain
      Connection:
      - keep-alive
      ParameterSetName:
      - -g -v -c -i --workload-type
      User-Agent:
      - AZURECLI/2.44.1 (PIP) azsdk-python-mgmt-recoveryservicesbackup/5.1.0 Python/3.10.7
        (Windows-10-10.0.22621-SP0)
    method: GET
    uri: https://management.azure.com/subscriptions/00000000-0000-0000-0000-000000000000/resourceGroups/saphana-clitest-rg/providers/Microsoft.RecoveryServices/vaults/saphana-clitestvault-donotuse/backupFabrics/Azure/protectionContainers/VMAppContainer%3Bcompute%3Bsaphana-clitest-rg%3Bsaphana-clitestvm-donotuse2/protectedItems/SAPHanaDatabase%3Bhxe%3Bsystemdb/recoveryPoints?api-version=2023-01-01&%24filter=restorePointQueryType+eq+%27Log%27
  response:
    body:
      string: '{"value":[{"id":"/subscriptions/00000000-0000-0000-0000-000000000000/resourceGroups/saphana-clitest-rg/providers/Microsoft.RecoveryServices/vaults/saphana-clitestvault-donotuse/backupFabrics/Azure/protectionContainers/VMAppContainer;compute;saphana-clitest-rg;saphana-clitestvm-donotuse2/protectedItems/SAPHanaDatabase;hxe;systemdb/recoveryPoints/DefaultRangeRecoveryPoint","name":"DefaultRangeRecoveryPoint","type":"Microsoft.RecoveryServices/vaults/backupFabrics/protectionContainers/protectedItems/recoveryPoints","properties":{"objectType":"AzureWorkloadSAPHanaPointInTimeRecoveryPoint","timeRanges":[],"type":"Log"}}]}'
    headers:
      cache-control:
      - no-cache
      content-length:
      - '623'
      content-type:
      - application/json
      date:
      - Thu, 25 Aug 2022 06:17:13 GMT
      expires:
      - '-1'
      pragma:
      - no-cache
      server:
      - Microsoft-IIS/10.0
      strict-transport-security:
      - max-age=31536000; includeSubDomains
      transfer-encoding:
      - chunked
      vary:
      - Accept-Encoding
      x-content-type-options:
      - nosniff
      x-ms-ratelimit-remaining-subscription-resource-requests:
      - '299'
      x-powered-by:
      - ASP.NET
    status:
      code: 200
      message: OK
- request:
    body: null
    headers:
      Accept:
      - application/json
      Accept-Encoding:
      - gzip, deflate
      CommandName:
      - backup protection disable
      Connection:
      - keep-alive
      ParameterSetName:
      - -v -g -c --backup-management-type --workload-type -i -y --delete-backup-data
      User-Agent:
      - AZURECLI/2.44.1 (PIP) azsdk-python-mgmt-recoveryservicesbackup/5.1.0 Python/3.10.7
        (Windows-10-10.0.22621-SP0)
    method: GET
    uri: https://management.azure.com/subscriptions/00000000-0000-0000-0000-000000000000/resourceGroups/saphana-clitest-rg/providers/Microsoft.RecoveryServices/vaults/saphana-clitestvault-donotuse/backupFabrics/Azure/protectionContainers/VMAppContainer%3BCompute%3Bsaphana-clitest-rg%3Bsaphana-clitestvm-donotuse2/protectedItems/saphanadatabase%3Bhxe%3Bsystemdb?api-version=2023-01-01
  response:
    body:
      string: '{"id":"/subscriptions/00000000-0000-0000-0000-000000000000/resourceGroups/saphana-clitest-rg/providers/Microsoft.RecoveryServices/vaults/saphana-clitestvault-donotuse/backupFabrics/Azure/protectionContainers/VMAppContainer;compute;saphana-clitest-rg;saphana-clitestvm-donotuse2/protectedItems/SAPHanaDatabase;hxe;systemdb","name":"SAPHanaDatabase;hxe;systemdb","type":"Microsoft.RecoveryServices/vaults/backupFabrics/protectionContainers/protectedItems","properties":{"kpisHealths":{},"friendlyName":"systemdb","serverName":"saphana-clitestvm-donotuse2","parentName":"HXE","parentType":"AzureVmWorkloadSAPHanaSystem","protectionStatus":"Healthy","protectionState":"IRPending","lastBackupStatus":"IRPending","lastBackupErrorDetail":{"code":"Success","message":""},"protectedItemDataSourceId":"733726287","protectedItemHealthStatus":"IRPending","extendedInfo":{"recoveryPointCount":0,"policyState":"Consistent"},"protectedItemType":"AzureVmWorkloadSAPHanaDatabase","backupManagementType":"AzureWorkload","workloadType":"SAPHanaDatabase","containerName":"VMAppContainer;compute;saphana-clitest-rg;saphana-clitestvm-donotuse2","sourceResourceId":"/subscriptions/00000000-0000-0000-0000-000000000000/resourceGroups/saphana-clitest-rg/providers/Microsoft.Compute/virtualMachines/saphana-clitestvm-donotuse2","policyId":"/subscriptions/00000000-0000-0000-0000-000000000000/resourceGroups/saphana-clitest-rg/providers/Microsoft.RecoveryServices/vaults/saphana-clitestvault-donotuse/backupPolicies/saphana-clitestpolicy-donotuse","isArchiveEnabled":false}}'
    headers:
      cache-control:
      - no-cache
      content-length:
      - '1547'
      content-type:
      - application/json
      date:
      - Thu, 25 Aug 2022 06:17:15 GMT
      expires:
      - '-1'
      pragma:
      - no-cache
      server:
      - Microsoft-IIS/10.0
      strict-transport-security:
      - max-age=31536000; includeSubDomains
      transfer-encoding:
      - chunked
      vary:
      - Accept-Encoding
      x-content-type-options:
      - nosniff
      x-ms-ratelimit-remaining-subscription-resource-requests:
      - '291'
      x-powered-by:
      - ASP.NET
    status:
      code: 200
      message: OK
- request:
    body: null
    headers:
      Accept:
      - application/json
      Accept-Encoding:
      - gzip, deflate
      CommandName:
      - backup protection disable
      Connection:
      - keep-alive
      ParameterSetName:
      - -v -g -c --backup-management-type --workload-type -i -y --delete-backup-data
      User-Agent:
      - AZURECLI/2.44.1 (PIP) azsdk-python-mgmt-recoveryservicesbackup/5.1.0 Python/3.10.7
        (Windows-10-10.0.22621-SP0)
    method: GET
    uri: https://management.azure.com/subscriptions/00000000-0000-0000-0000-000000000000/resourceGroups/saphana-clitest-rg/providers/Microsoft.RecoveryServices/vaults/saphana-clitestvault-donotuse/backupResourceGuardProxies?api-version=2023-01-01
  response:
    body:
      string: '{"value":[]}'
    headers:
      cache-control:
      - no-cache
      content-length:
      - '12'
      content-type:
      - application/json
      date:
      - Thu, 25 Aug 2022 06:17:17 GMT
      expires:
      - '-1'
      pragma:
      - no-cache
      server:
      - Microsoft-IIS/10.0
      strict-transport-security:
      - max-age=31536000; includeSubDomains
      transfer-encoding:
      - chunked
      vary:
      - Accept-Encoding
      x-content-type-options:
      - nosniff
      x-powered-by:
      - ASP.NET
    status:
      code: 200
      message: OK
- request:
    body: null
    headers:
      Accept:
      - application/json
      Accept-Encoding:
      - gzip, deflate
      CommandName:
      - backup protection disable
      Connection:
      - keep-alive
      Content-Length:
      - '0'
      ParameterSetName:
      - -v -g -c --backup-management-type --workload-type -i -y --delete-backup-data
      User-Agent:
      - AZURECLI/2.44.1 (PIP) azsdk-python-mgmt-recoveryservicesbackup/5.1.0 Python/3.10.7
        (Windows-10-10.0.22621-SP0)
    method: DELETE
    uri: https://management.azure.com/subscriptions/00000000-0000-0000-0000-000000000000/resourceGroups/saphana-clitest-rg/providers/Microsoft.RecoveryServices/vaults/saphana-clitestvault-donotuse/backupFabrics/Azure/protectionContainers/VMAppContainer%3Bcompute%3Bsaphana-clitest-rg%3Bsaphana-clitestvm-donotuse2/protectedItems/SAPHanaDatabase%3Bhxe%3Bsystemdb?api-version=2023-01-01
  response:
    body:
      string: ''
    headers:
      azure-asyncoperation:
      - https://management.azure.com/subscriptions/00000000-0000-0000-0000-000000000000/resourceGroups/saphana-clitest-rg/providers/Microsoft.RecoveryServices/vaults/saphana-clitestvault-donotuse/backupOperations/d2187cde-1e47-4fe3-88ab-b283e27b6d3f?api-version=2023-01-01
      cache-control:
      - no-cache
      content-length:
      - '0'
      date:
      - Thu, 25 Aug 2022 06:17:18 GMT
      expires:
      - '-1'
      location:
      - https://management.azure.com/subscriptions/00000000-0000-0000-0000-000000000000/resourceGroups/saphana-clitest-rg/providers/Microsoft.RecoveryServices/vaults/saphana-clitestvault-donotuse/backupOperationResults/d2187cde-1e47-4fe3-88ab-b283e27b6d3f?api-version=2023-01-01
      pragma:
      - no-cache
      strict-transport-security:
      - max-age=31536000; includeSubDomains
      x-content-type-options:
      - nosniff
      x-ms-ratelimit-remaining-subscription-deletes:
      - '14997'
      x-powered-by:
      - ASP.NET
    status:
      code: 202
      message: Accepted
- request:
    body: null
    headers:
      Accept:
      - application/json
      Accept-Encoding:
      - gzip, deflate
      CommandName:
      - backup protection disable
      Connection:
      - keep-alive
      ParameterSetName:
      - -v -g -c --backup-management-type --workload-type -i -y --delete-backup-data
      User-Agent:
      - AZURECLI/2.44.1 (PIP) azsdk-python-mgmt-recoveryservicesbackup/5.1.0 Python/3.10.7
        (Windows-10-10.0.22621-SP0)
    method: GET
    uri: https://management.azure.com/subscriptions/00000000-0000-0000-0000-000000000000/resourceGroups/saphana-clitest-rg/providers/Microsoft.RecoveryServices/vaults/saphana-clitestvault-donotuse/backupOperations/d2187cde-1e47-4fe3-88ab-b283e27b6d3f?api-version=2023-01-01
  response:
    body:
      string: '{"id":"d2187cde-1e47-4fe3-88ab-b283e27b6d3f","name":"d2187cde-1e47-4fe3-88ab-b283e27b6d3f","status":"InProgress","startTime":"2022-08-25T06:17:19.110502Z","endTime":"0001-01-01T00:00:00"}'
    headers:
      cache-control:
      - no-cache
      content-length:
      - '187'
      content-type:
      - application/json
      date:
      - Thu, 25 Aug 2022 06:17:20 GMT
      expires:
      - '-1'
      pragma:
      - no-cache
      server:
      - Microsoft-IIS/10.0
      strict-transport-security:
      - max-age=31536000; includeSubDomains
      transfer-encoding:
      - chunked
      vary:
      - Accept-Encoding
      x-content-type-options:
      - nosniff
      x-ms-ratelimit-remaining-subscription-resource-requests:
      - '256'
      x-powered-by:
      - ASP.NET
    status:
      code: 200
      message: OK
- request:
    body: null
    headers:
      Accept:
      - application/json
      Accept-Encoding:
      - gzip, deflate
      CommandName:
      - backup protection disable
      Connection:
      - keep-alive
      ParameterSetName:
      - -v -g -c --backup-management-type --workload-type -i -y --delete-backup-data
      User-Agent:
      - AZURECLI/2.44.1 (PIP) azsdk-python-mgmt-recoveryservicesbackup/5.1.0 Python/3.10.7
        (Windows-10-10.0.22621-SP0)
    method: GET
    uri: https://management.azure.com/subscriptions/00000000-0000-0000-0000-000000000000/resourceGroups/saphana-clitest-rg/providers/Microsoft.RecoveryServices/vaults/saphana-clitestvault-donotuse/backupOperations/d2187cde-1e47-4fe3-88ab-b283e27b6d3f?api-version=2023-01-01
  response:
    body:
      string: '{"id":"d2187cde-1e47-4fe3-88ab-b283e27b6d3f","name":"d2187cde-1e47-4fe3-88ab-b283e27b6d3f","status":"InProgress","startTime":"2022-08-25T06:17:19.110502Z","endTime":"0001-01-01T00:00:00"}'
    headers:
      cache-control:
      - no-cache
      content-length:
      - '187'
      content-type:
      - application/json
      date:
      - Thu, 25 Aug 2022 06:17:25 GMT
      expires:
      - '-1'
      pragma:
      - no-cache
      server:
      - Microsoft-IIS/10.0
      strict-transport-security:
      - max-age=31536000; includeSubDomains
      transfer-encoding:
      - chunked
      vary:
      - Accept-Encoding
      x-content-type-options:
      - nosniff
      x-ms-ratelimit-remaining-subscription-resource-requests:
      - '255'
      x-powered-by:
      - ASP.NET
    status:
      code: 200
      message: OK
- request:
    body: null
    headers:
      Accept:
      - application/json
      Accept-Encoding:
      - gzip, deflate
      CommandName:
      - backup protection disable
      Connection:
      - keep-alive
      ParameterSetName:
      - -v -g -c --backup-management-type --workload-type -i -y --delete-backup-data
      User-Agent:
      - AZURECLI/2.44.1 (PIP) azsdk-python-mgmt-recoveryservicesbackup/5.1.0 Python/3.10.7
        (Windows-10-10.0.22621-SP0)
    method: GET
    uri: https://management.azure.com/subscriptions/00000000-0000-0000-0000-000000000000/resourceGroups/saphana-clitest-rg/providers/Microsoft.RecoveryServices/vaults/saphana-clitestvault-donotuse/backupOperations/d2187cde-1e47-4fe3-88ab-b283e27b6d3f?api-version=2023-01-01
  response:
    body:
      string: '{"id":"d2187cde-1e47-4fe3-88ab-b283e27b6d3f","name":"d2187cde-1e47-4fe3-88ab-b283e27b6d3f","status":"InProgress","startTime":"2022-08-25T06:17:19.110502Z","endTime":"0001-01-01T00:00:00"}'
    headers:
      cache-control:
      - no-cache
      content-length:
      - '187'
      content-type:
      - application/json
      date:
      - Thu, 25 Aug 2022 06:17:31 GMT
      expires:
      - '-1'
      pragma:
      - no-cache
      server:
      - Microsoft-IIS/10.0
      strict-transport-security:
      - max-age=31536000; includeSubDomains
      transfer-encoding:
      - chunked
      vary:
      - Accept-Encoding
      x-content-type-options:
      - nosniff
      x-ms-ratelimit-remaining-subscription-resource-requests:
      - '254'
      x-powered-by:
      - ASP.NET
    status:
      code: 200
      message: OK
- request:
    body: null
    headers:
      Accept:
      - application/json
      Accept-Encoding:
      - gzip, deflate
      CommandName:
      - backup protection disable
      Connection:
      - keep-alive
      ParameterSetName:
      - -v -g -c --backup-management-type --workload-type -i -y --delete-backup-data
      User-Agent:
      - AZURECLI/2.44.1 (PIP) azsdk-python-mgmt-recoveryservicesbackup/5.1.0 Python/3.10.7
        (Windows-10-10.0.22621-SP0)
    method: GET
    uri: https://management.azure.com/subscriptions/00000000-0000-0000-0000-000000000000/resourceGroups/saphana-clitest-rg/providers/Microsoft.RecoveryServices/vaults/saphana-clitestvault-donotuse/backupOperations/d2187cde-1e47-4fe3-88ab-b283e27b6d3f?api-version=2023-01-01
  response:
    body:
      string: '{"id":"d2187cde-1e47-4fe3-88ab-b283e27b6d3f","name":"d2187cde-1e47-4fe3-88ab-b283e27b6d3f","status":"InProgress","startTime":"2022-08-25T06:17:19.110502Z","endTime":"0001-01-01T00:00:00"}'
    headers:
      cache-control:
      - no-cache
      content-length:
      - '187'
      content-type:
      - application/json
      date:
      - Thu, 25 Aug 2022 06:17:38 GMT
      expires:
      - '-1'
      pragma:
      - no-cache
      server:
      - Microsoft-IIS/10.0
      strict-transport-security:
      - max-age=31536000; includeSubDomains
      transfer-encoding:
      - chunked
      vary:
      - Accept-Encoding
      x-content-type-options:
      - nosniff
      x-ms-ratelimit-remaining-subscription-resource-requests:
      - '253'
      x-powered-by:
      - ASP.NET
    status:
      code: 200
      message: OK
- request:
    body: null
    headers:
      Accept:
      - application/json
      Accept-Encoding:
      - gzip, deflate
      CommandName:
      - backup protection disable
      Connection:
      - keep-alive
      ParameterSetName:
      - -v -g -c --backup-management-type --workload-type -i -y --delete-backup-data
      User-Agent:
      - AZURECLI/2.44.1 (PIP) azsdk-python-mgmt-recoveryservicesbackup/5.1.0 Python/3.10.7
        (Windows-10-10.0.22621-SP0)
    method: GET
    uri: https://management.azure.com/subscriptions/00000000-0000-0000-0000-000000000000/resourceGroups/saphana-clitest-rg/providers/Microsoft.RecoveryServices/vaults/saphana-clitestvault-donotuse/backupOperations/d2187cde-1e47-4fe3-88ab-b283e27b6d3f?api-version=2023-01-01
  response:
    body:
      string: '{"id":"d2187cde-1e47-4fe3-88ab-b283e27b6d3f","name":"d2187cde-1e47-4fe3-88ab-b283e27b6d3f","status":"InProgress","startTime":"2022-08-25T06:17:19.110502Z","endTime":"0001-01-01T00:00:00"}'
    headers:
      cache-control:
      - no-cache
      content-length:
      - '187'
      content-type:
      - application/json
      date:
      - Thu, 25 Aug 2022 06:17:44 GMT
      expires:
      - '-1'
      pragma:
      - no-cache
      server:
      - Microsoft-IIS/10.0
      strict-transport-security:
      - max-age=31536000; includeSubDomains
      transfer-encoding:
      - chunked
      vary:
      - Accept-Encoding
      x-content-type-options:
      - nosniff
      x-ms-ratelimit-remaining-subscription-resource-requests:
      - '252'
      x-powered-by:
      - ASP.NET
    status:
      code: 200
      message: OK
- request:
    body: null
    headers:
      Accept:
      - application/json
      Accept-Encoding:
      - gzip, deflate
      CommandName:
      - backup protection disable
      Connection:
      - keep-alive
      ParameterSetName:
      - -v -g -c --backup-management-type --workload-type -i -y --delete-backup-data
      User-Agent:
      - AZURECLI/2.44.1 (PIP) azsdk-python-mgmt-recoveryservicesbackup/5.1.0 Python/3.10.7
        (Windows-10-10.0.22621-SP0)
    method: GET
    uri: https://management.azure.com/subscriptions/00000000-0000-0000-0000-000000000000/resourceGroups/saphana-clitest-rg/providers/Microsoft.RecoveryServices/vaults/saphana-clitestvault-donotuse/backupOperations/d2187cde-1e47-4fe3-88ab-b283e27b6d3f?api-version=2023-01-01
  response:
    body:
      string: '{"id":"d2187cde-1e47-4fe3-88ab-b283e27b6d3f","name":"d2187cde-1e47-4fe3-88ab-b283e27b6d3f","status":"InProgress","startTime":"2022-08-25T06:17:19.110502Z","endTime":"0001-01-01T00:00:00"}'
    headers:
      cache-control:
      - no-cache
      content-length:
      - '187'
      content-type:
      - application/json
      date:
      - Thu, 25 Aug 2022 06:17:50 GMT
      expires:
      - '-1'
      pragma:
      - no-cache
      server:
      - Microsoft-IIS/10.0
      strict-transport-security:
      - max-age=31536000; includeSubDomains
      transfer-encoding:
      - chunked
      vary:
      - Accept-Encoding
      x-content-type-options:
      - nosniff
      x-ms-ratelimit-remaining-subscription-resource-requests:
      - '251'
      x-powered-by:
      - ASP.NET
    status:
      code: 200
      message: OK
- request:
    body: null
    headers:
      Accept:
      - application/json
      Accept-Encoding:
      - gzip, deflate
      CommandName:
      - backup protection disable
      Connection:
      - keep-alive
      ParameterSetName:
      - -v -g -c --backup-management-type --workload-type -i -y --delete-backup-data
      User-Agent:
      - AZURECLI/2.44.1 (PIP) azsdk-python-mgmt-recoveryservicesbackup/5.1.0 Python/3.10.7
        (Windows-10-10.0.22621-SP0)
    method: GET
    uri: https://management.azure.com/subscriptions/00000000-0000-0000-0000-000000000000/resourceGroups/saphana-clitest-rg/providers/Microsoft.RecoveryServices/vaults/saphana-clitestvault-donotuse/backupOperations/d2187cde-1e47-4fe3-88ab-b283e27b6d3f?api-version=2023-01-01
  response:
    body:
      string: '{"id":"d2187cde-1e47-4fe3-88ab-b283e27b6d3f","name":"d2187cde-1e47-4fe3-88ab-b283e27b6d3f","status":"Succeeded","startTime":"2022-08-25T06:17:19.110502Z","endTime":"2022-08-25T06:17:19.110502Z","properties":{"objectType":"OperationStatusJobExtendedInfo","jobId":"5f380824-6d3d-482b-b36a-0985d8bd4f9c"}}'
    headers:
      cache-control:
      - no-cache
      content-length:
      - '302'
      content-type:
      - application/json
      date:
      - Thu, 25 Aug 2022 06:17:56 GMT
      expires:
      - '-1'
      pragma:
      - no-cache
      server:
      - Microsoft-IIS/10.0
      strict-transport-security:
      - max-age=31536000; includeSubDomains
      transfer-encoding:
      - chunked
      vary:
      - Accept-Encoding
      x-content-type-options:
      - nosniff
      x-ms-ratelimit-remaining-subscription-resource-requests:
      - '250'
      x-powered-by:
      - ASP.NET
    status:
      code: 200
      message: OK
- request:
    body: null
    headers:
      Accept:
      - application/json
      Accept-Encoding:
      - gzip, deflate
      CommandName:
      - backup protection disable
      Connection:
      - keep-alive
      ParameterSetName:
      - -v -g -c --backup-management-type --workload-type -i -y --delete-backup-data
      User-Agent:
      - AZURECLI/2.44.1 (PIP) azsdk-python-mgmt-recoveryservicesbackup/5.1.0 Python/3.10.7
        (Windows-10-10.0.22621-SP0)
    method: GET
    uri: https://management.azure.com/subscriptions/00000000-0000-0000-0000-000000000000/resourceGroups/saphana-clitest-rg/providers/Microsoft.RecoveryServices/vaults/saphana-clitestvault-donotuse/backupJobs/5f380824-6d3d-482b-b36a-0985d8bd4f9c?api-version=2023-01-01
  response:
    body:
      string: '{"id":"/subscriptions/00000000-0000-0000-0000-000000000000/resourceGroups/saphana-clitest-rg/providers/Microsoft.RecoveryServices/vaults/saphana-clitestvault-donotuse/backupJobs/5f380824-6d3d-482b-b36a-0985d8bd4f9c","name":"5f380824-6d3d-482b-b36a-0985d8bd4f9c","type":"Microsoft.RecoveryServices/vaults/backupJobs","properties":{"jobType":"AzureWorkloadJob","workloadType":"SAPHanaDatabase","duration":"PT33.9161799S","extendedInfo":{"tasksList":[],"propertyBag":{}},"isUserTriggered":true,"entityFriendlyName":"systemdb","backupManagementType":"AzureWorkload","operation":"DeleteBackupData","status":"Completed","startTime":"2022-08-25T06:17:19.110502Z","endTime":"2022-08-25T06:17:53.0266819Z","activityId":"8fb537c0-243d-11ed-b08f-c8f750f92764"}}'
    headers:
      cache-control:
      - no-cache
      content-length:
      - '750'
      content-type:
      - application/json
      date:
      - Thu, 25 Aug 2022 06:17:57 GMT
      expires:
      - '-1'
      pragma:
      - no-cache
      server:
      - Microsoft-IIS/10.0
      - Microsoft-IIS/10.0
      strict-transport-security:
      - max-age=31536000; includeSubDomains
      transfer-encoding:
      - chunked
      vary:
      - Accept-Encoding
      x-content-type-options:
      - nosniff
      x-ms-ratelimit-remaining-subscription-resource-requests:
      - '139'
      x-powered-by:
      - ASP.NET
    status:
      code: 200
      message: OK
- request:
    body: null
    headers:
      Accept:
      - application/json
      Accept-Encoding:
      - gzip, deflate
      CommandName:
      - backup container unregister
      Connection:
      - keep-alive
      ParameterSetName:
      - -v -g -c -y
      User-Agent:
      - AZURECLI/2.44.1 (PIP) azsdk-python-mgmt-recoveryservicesbackup/5.1.0 Python/3.10.7
        (Windows-10-10.0.22621-SP0)
    method: GET
    uri: https://management.azure.com/subscriptions/00000000-0000-0000-0000-000000000000/resourceGroups/saphana-clitest-rg/providers/Microsoft.RecoveryServices/vaults/saphana-clitestvault-donotuse/backupProtectionContainers?api-version=2023-01-01&%24filter=backupManagementType+eq+%27AzureWorkload%27+and+status+eq+%27Registered%27
  response:
    body:
      string: '{"value":[{"id":"/subscriptions/00000000-0000-0000-0000-000000000000/resourceGroups/saphana-clitest-rg/providers/Microsoft.RecoveryServices/vaults/saphana-clitestvault-donotuse/backupFabrics/Azure/protectionContainers/VMAppContainer;Compute;saphana-clitest-rg;saphana-clitestvm-donotuse2","name":"VMAppContainer;Compute;saphana-clitest-rg;saphana-clitestvm-donotuse2","type":"Microsoft.RecoveryServices/vaults/backupFabrics/protectionContainers","properties":{"sourceResourceId":"/subscriptions/00000000-0000-0000-0000-000000000000/resourceGroups/saphana-clitest-rg/providers/Microsoft.Compute/virtualMachines/saphana-clitestvm-donotuse2","lastUpdatedTime":"2022-08-25T06:13:14.8079973Z","extendedInfo":{"hostServerName":"saphana-clitestvm-donotuse2","inquiryInfo":{"status":"Success","errorDetail":{"code":"Success","message":"","recommendations":[""]},"inquiryDetails":[{"type":"SAPHana","itemCount":2,"inquiryValidation":{"status":"Success","errorDetail":{"code":"Success","message":"","recommendations":[""]},"additionalDetail":"","protectableItemCount":{"SAPHanaSystem":1,"SAPHanaDatabase":2}}}]}},"friendlyName":"saphana-clitestvm-donotuse2","backupManagementType":"AzureWorkload","registrationStatus":"Registered","healthStatus":"Healthy","containerType":"VMAppContainer","protectableObjectType":"VMAppContainer"}}]}'
    headers:
      cache-control:
      - no-cache
      content-length:
      - '1323'
      content-type:
      - application/json
      date:
      - Thu, 25 Aug 2022 06:17:58 GMT
      expires:
      - '-1'
      pragma:
      - no-cache
      server:
      - Microsoft-IIS/10.0
      strict-transport-security:
      - max-age=31536000; includeSubDomains
      transfer-encoding:
      - chunked
      vary:
      - Accept-Encoding
      x-content-type-options:
      - nosniff
      x-ms-ratelimit-remaining-subscription-resource-requests:
      - '295'
      x-powered-by:
      - ASP.NET
    status:
      code: 200
      message: OK
- request:
    body: null
    headers:
      Accept:
      - application/json
      Accept-Encoding:
      - gzip, deflate
      CommandName:
      - backup container unregister
      Connection:
      - keep-alive
      Content-Length:
      - '0'
      ParameterSetName:
      - -v -g -c -y
      User-Agent:
      - AZURECLI/2.44.1 (PIP) azsdk-python-mgmt-recoveryservicesbackup/5.1.0 Python/3.10.7
        (Windows-10-10.0.22621-SP0)
    method: DELETE
    uri: https://management.azure.com/subscriptions/00000000-0000-0000-0000-000000000000/resourceGroups/saphana-clitest-rg/providers/Microsoft.RecoveryServices/vaults/saphana-clitestvault-donotuse/backupFabrics/Azure/protectionContainers/VMAppContainer%3BCompute%3Bsaphana-clitest-rg%3Bsaphana-clitestvm-donotuse2?api-version=2023-01-01
  response:
    body:
      string: ''
    headers:
      azure-asyncoperation:
      - https://management.azure.com/subscriptions/00000000-0000-0000-0000-000000000000/resourceGroups/saphana-clitest-rg/providers/Microsoft.RecoveryServices/vaults/saphana-clitestvault-donotuse/backupFabrics/Azure/operationsStatus/917edd46-e3e8-4a05-bd16-c73fe9c1de0f?api-version=2019-05-13-preview
      cache-control:
      - no-cache
      content-length:
      - '0'
      date:
      - Thu, 25 Aug 2022 06:18:00 GMT
      expires:
      - '-1'
      location:
      - https://management.azure.com/subscriptions/00000000-0000-0000-0000-000000000000/resourceGroups/saphana-clitest-rg/providers/Microsoft.RecoveryServices/vaults/saphana-clitestvault-donotuse/backupOperationResults/917edd46-e3e8-4a05-bd16-c73fe9c1de0f?fabricName=Azure?api-version=2023-01-01
      pragma:
      - no-cache
      strict-transport-security:
      - max-age=31536000; includeSubDomains
      x-content-type-options:
      - nosniff
      x-ms-ratelimit-remaining-subscription-deletes:
      - '14999'
      x-powered-by:
      - ASP.NET
    status:
      code: 202
      message: Accepted
- request:
    body: null
    headers:
      Accept:
      - application/json
      Accept-Encoding:
      - gzip, deflate
      CommandName:
      - backup container unregister
      Connection:
      - keep-alive
      ParameterSetName:
      - -v -g -c -y
      User-Agent:
      - AZURECLI/2.44.1 (PIP) azsdk-python-mgmt-recoveryservicesbackup/5.1.0 Python/3.10.7
        (Windows-10-10.0.22621-SP0)
    method: GET
    uri: https://management.azure.com/subscriptions/00000000-0000-0000-0000-000000000000/resourceGroups/saphana-clitest-rg/providers/Microsoft.RecoveryServices/vaults/saphana-clitestvault-donotuse/backupFabrics/Azure/protectionContainers/VMAppContainer%3BCompute%3Bsaphana-clitest-rg%3Bsaphana-clitestvm-donotuse2/operationResults/917edd46-e3e8-4a05-bd16-c73fe9c1de0f?api-version=2023-01-01
  response:
    body:
      string: '{}'
    headers:
      azure-asyncoperation:
      - https://management.azure.com/subscriptions/00000000-0000-0000-0000-000000000000/resourceGroups/saphana-clitest-rg/providers/Microsoft.RecoveryServices/vaults/saphana-clitestvault-donotuse/backupFabrics/Azure/protectionContainers/VMAppContainer;Compute;saphana-clitest-rg;saphana-clitestvm-donotuse2/operationsStatus/917edd46-e3e8-4a05-bd16-c73fe9c1de0f?api-version=2019-05-13-preview
      cache-control:
      - no-cache
      content-length:
      - '2'
      content-type:
      - application/json
      date:
      - Thu, 25 Aug 2022 06:18:01 GMT
      expires:
      - '-1'
      location:
      - https://management.azure.com/subscriptions/00000000-0000-0000-0000-000000000000/resourceGroups/saphana-clitest-rg/providers/Microsoft.RecoveryServices/vaults/saphana-clitestvault-donotuse/backupFabrics/Azure/protectionContainers/VMAppContainer;Compute;saphana-clitest-rg;saphana-clitestvm-donotuse2/operationResults/917edd46-e3e8-4a05-bd16-c73fe9c1de0f?api-version=2023-01-01
      pragma:
      - no-cache
      server:
      - Microsoft-IIS/10.0
      strict-transport-security:
      - max-age=31536000; includeSubDomains
      x-content-type-options:
      - nosniff
      x-ms-ratelimit-remaining-subscription-resource-requests:
      - '215'
      x-powered-by:
      - ASP.NET
    status:
      code: 202
      message: Accepted
- request:
    body: null
    headers:
      Accept:
      - application/json
      Accept-Encoding:
      - gzip, deflate
      CommandName:
      - backup container unregister
      Connection:
      - keep-alive
      ParameterSetName:
      - -v -g -c -y
      User-Agent:
      - AZURECLI/2.44.1 (PIP) azsdk-python-mgmt-recoveryservicesbackup/5.1.0 Python/3.10.7
        (Windows-10-10.0.22621-SP0)
    method: GET
    uri: https://management.azure.com/subscriptions/00000000-0000-0000-0000-000000000000/resourceGroups/saphana-clitest-rg/providers/Microsoft.RecoveryServices/vaults/saphana-clitestvault-donotuse/backupFabrics/Azure/protectionContainers/VMAppContainer%3BCompute%3Bsaphana-clitest-rg%3Bsaphana-clitestvm-donotuse2/operationResults/917edd46-e3e8-4a05-bd16-c73fe9c1de0f?api-version=2023-01-01
  response:
    body:
      string: '{}'
    headers:
      azure-asyncoperation:
      - https://management.azure.com/subscriptions/00000000-0000-0000-0000-000000000000/resourceGroups/saphana-clitest-rg/providers/Microsoft.RecoveryServices/vaults/saphana-clitestvault-donotuse/backupFabrics/Azure/protectionContainers/VMAppContainer;Compute;saphana-clitest-rg;saphana-clitestvm-donotuse2/operationsStatus/917edd46-e3e8-4a05-bd16-c73fe9c1de0f?api-version=2019-05-13-preview
      cache-control:
      - no-cache
      content-length:
      - '2'
      content-type:
      - application/json
      date:
      - Thu, 25 Aug 2022 06:18:07 GMT
      expires:
      - '-1'
      location:
      - https://management.azure.com/subscriptions/00000000-0000-0000-0000-000000000000/resourceGroups/saphana-clitest-rg/providers/Microsoft.RecoveryServices/vaults/saphana-clitestvault-donotuse/backupFabrics/Azure/protectionContainers/VMAppContainer;Compute;saphana-clitest-rg;saphana-clitestvm-donotuse2/operationResults/917edd46-e3e8-4a05-bd16-c73fe9c1de0f?api-version=2023-01-01
      pragma:
      - no-cache
      server:
      - Microsoft-IIS/10.0
      strict-transport-security:
      - max-age=31536000; includeSubDomains
      x-content-type-options:
      - nosniff
      x-ms-ratelimit-remaining-subscription-resource-requests:
      - '214'
      x-powered-by:
      - ASP.NET
    status:
      code: 202
      message: Accepted
- request:
    body: null
    headers:
      Accept:
      - application/json
      Accept-Encoding:
      - gzip, deflate
      CommandName:
      - backup container unregister
      Connection:
      - keep-alive
      ParameterSetName:
      - -v -g -c -y
      User-Agent:
      - AZURECLI/2.44.1 (PIP) azsdk-python-mgmt-recoveryservicesbackup/5.1.0 Python/3.10.7
        (Windows-10-10.0.22621-SP0)
    method: GET
    uri: https://management.azure.com/subscriptions/00000000-0000-0000-0000-000000000000/resourceGroups/saphana-clitest-rg/providers/Microsoft.RecoveryServices/vaults/saphana-clitestvault-donotuse/backupFabrics/Azure/protectionContainers/VMAppContainer%3BCompute%3Bsaphana-clitest-rg%3Bsaphana-clitestvm-donotuse2/operationResults/917edd46-e3e8-4a05-bd16-c73fe9c1de0f?api-version=2023-01-01
  response:
    body:
      string: '{}'
    headers:
      azure-asyncoperation:
      - https://management.azure.com/subscriptions/00000000-0000-0000-0000-000000000000/resourceGroups/saphana-clitest-rg/providers/Microsoft.RecoveryServices/vaults/saphana-clitestvault-donotuse/backupFabrics/Azure/protectionContainers/VMAppContainer;Compute;saphana-clitest-rg;saphana-clitestvm-donotuse2/operationsStatus/917edd46-e3e8-4a05-bd16-c73fe9c1de0f?api-version=2019-05-13-preview
      cache-control:
      - no-cache
      content-length:
      - '2'
      content-type:
      - application/json
      date:
      - Thu, 25 Aug 2022 06:18:13 GMT
      expires:
      - '-1'
      location:
      - https://management.azure.com/subscriptions/00000000-0000-0000-0000-000000000000/resourceGroups/saphana-clitest-rg/providers/Microsoft.RecoveryServices/vaults/saphana-clitestvault-donotuse/backupFabrics/Azure/protectionContainers/VMAppContainer;Compute;saphana-clitest-rg;saphana-clitestvm-donotuse2/operationResults/917edd46-e3e8-4a05-bd16-c73fe9c1de0f?api-version=2023-01-01
      pragma:
      - no-cache
      server:
      - Microsoft-IIS/10.0
      strict-transport-security:
      - max-age=31536000; includeSubDomains
      x-content-type-options:
      - nosniff
      x-ms-ratelimit-remaining-subscription-resource-requests:
      - '213'
      x-powered-by:
      - ASP.NET
    status:
      code: 202
      message: Accepted
- request:
    body: null
    headers:
      Accept:
      - application/json
      Accept-Encoding:
      - gzip, deflate
      CommandName:
      - backup container unregister
      Connection:
      - keep-alive
      ParameterSetName:
      - -v -g -c -y
      User-Agent:
      - AZURECLI/2.44.1 (PIP) azsdk-python-mgmt-recoveryservicesbackup/5.1.0 Python/3.10.7
        (Windows-10-10.0.22621-SP0)
    method: GET
    uri: https://management.azure.com/subscriptions/00000000-0000-0000-0000-000000000000/resourceGroups/saphana-clitest-rg/providers/Microsoft.RecoveryServices/vaults/saphana-clitestvault-donotuse/backupFabrics/Azure/protectionContainers/VMAppContainer%3BCompute%3Bsaphana-clitest-rg%3Bsaphana-clitestvm-donotuse2/operationResults/917edd46-e3e8-4a05-bd16-c73fe9c1de0f?api-version=2023-01-01
  response:
    body:
      string: '{}'
    headers:
      azure-asyncoperation:
      - https://management.azure.com/subscriptions/00000000-0000-0000-0000-000000000000/resourceGroups/saphana-clitest-rg/providers/Microsoft.RecoveryServices/vaults/saphana-clitestvault-donotuse/backupFabrics/Azure/protectionContainers/VMAppContainer;Compute;saphana-clitest-rg;saphana-clitestvm-donotuse2/operationsStatus/917edd46-e3e8-4a05-bd16-c73fe9c1de0f?api-version=2019-05-13-preview
      cache-control:
      - no-cache
      content-length:
      - '2'
      content-type:
      - application/json
      date:
      - Thu, 25 Aug 2022 06:18:18 GMT
      expires:
      - '-1'
      location:
      - https://management.azure.com/subscriptions/00000000-0000-0000-0000-000000000000/resourceGroups/saphana-clitest-rg/providers/Microsoft.RecoveryServices/vaults/saphana-clitestvault-donotuse/backupFabrics/Azure/protectionContainers/VMAppContainer;Compute;saphana-clitest-rg;saphana-clitestvm-donotuse2/operationResults/917edd46-e3e8-4a05-bd16-c73fe9c1de0f?api-version=2023-01-01
      pragma:
      - no-cache
      server:
      - Microsoft-IIS/10.0
      strict-transport-security:
      - max-age=31536000; includeSubDomains
      x-content-type-options:
      - nosniff
      x-ms-ratelimit-remaining-subscription-resource-requests:
      - '212'
      x-powered-by:
      - ASP.NET
    status:
      code: 202
      message: Accepted
- request:
    body: null
    headers:
      Accept:
      - application/json
      Accept-Encoding:
      - gzip, deflate
      CommandName:
      - backup container unregister
      Connection:
      - keep-alive
      ParameterSetName:
      - -v -g -c -y
      User-Agent:
      - AZURECLI/2.44.1 (PIP) azsdk-python-mgmt-recoveryservicesbackup/5.1.0 Python/3.10.7
        (Windows-10-10.0.22621-SP0)
    method: GET
    uri: https://management.azure.com/subscriptions/00000000-0000-0000-0000-000000000000/resourceGroups/saphana-clitest-rg/providers/Microsoft.RecoveryServices/vaults/saphana-clitestvault-donotuse/backupFabrics/Azure/protectionContainers/VMAppContainer%3BCompute%3Bsaphana-clitest-rg%3Bsaphana-clitestvm-donotuse2/operationResults/917edd46-e3e8-4a05-bd16-c73fe9c1de0f?api-version=2023-01-01
  response:
    body:
      string: '{}'
    headers:
      azure-asyncoperation:
      - https://management.azure.com/subscriptions/00000000-0000-0000-0000-000000000000/resourceGroups/saphana-clitest-rg/providers/Microsoft.RecoveryServices/vaults/saphana-clitestvault-donotuse/backupFabrics/Azure/protectionContainers/VMAppContainer;Compute;saphana-clitest-rg;saphana-clitestvm-donotuse2/operationsStatus/917edd46-e3e8-4a05-bd16-c73fe9c1de0f?api-version=2019-05-13-preview
      cache-control:
      - no-cache
      content-length:
      - '2'
      content-type:
      - application/json
      date:
      - Thu, 25 Aug 2022 06:18:24 GMT
      expires:
      - '-1'
      location:
      - https://management.azure.com/subscriptions/00000000-0000-0000-0000-000000000000/resourceGroups/saphana-clitest-rg/providers/Microsoft.RecoveryServices/vaults/saphana-clitestvault-donotuse/backupFabrics/Azure/protectionContainers/VMAppContainer;Compute;saphana-clitest-rg;saphana-clitestvm-donotuse2/operationResults/917edd46-e3e8-4a05-bd16-c73fe9c1de0f?api-version=2023-01-01
      pragma:
      - no-cache
      server:
      - Microsoft-IIS/10.0
      strict-transport-security:
      - max-age=31536000; includeSubDomains
      x-content-type-options:
      - nosniff
      x-ms-ratelimit-remaining-subscription-resource-requests:
      - '211'
      x-powered-by:
      - ASP.NET
    status:
      code: 202
      message: Accepted
- request:
    body: null
    headers:
      Accept:
      - application/json
      Accept-Encoding:
      - gzip, deflate
      CommandName:
      - backup container unregister
      Connection:
      - keep-alive
      ParameterSetName:
      - -v -g -c -y
      User-Agent:
      - AZURECLI/2.44.1 (PIP) azsdk-python-mgmt-recoveryservicesbackup/5.1.0 Python/3.10.7
        (Windows-10-10.0.22621-SP0)
    method: GET
    uri: https://management.azure.com/subscriptions/00000000-0000-0000-0000-000000000000/resourceGroups/saphana-clitest-rg/providers/Microsoft.RecoveryServices/vaults/saphana-clitestvault-donotuse/backupFabrics/Azure/protectionContainers/VMAppContainer%3BCompute%3Bsaphana-clitest-rg%3Bsaphana-clitestvm-donotuse2/operationResults/917edd46-e3e8-4a05-bd16-c73fe9c1de0f?api-version=2023-01-01
  response:
    body:
      string: '{}'
    headers:
      azure-asyncoperation:
      - https://management.azure.com/subscriptions/00000000-0000-0000-0000-000000000000/resourceGroups/saphana-clitest-rg/providers/Microsoft.RecoveryServices/vaults/saphana-clitestvault-donotuse/backupFabrics/Azure/protectionContainers/VMAppContainer;Compute;saphana-clitest-rg;saphana-clitestvm-donotuse2/operationsStatus/917edd46-e3e8-4a05-bd16-c73fe9c1de0f?api-version=2019-05-13-preview
      cache-control:
      - no-cache
      content-length:
      - '2'
      content-type:
      - application/json
      date:
      - Thu, 25 Aug 2022 06:18:30 GMT
      expires:
      - '-1'
      location:
      - https://management.azure.com/subscriptions/00000000-0000-0000-0000-000000000000/resourceGroups/saphana-clitest-rg/providers/Microsoft.RecoveryServices/vaults/saphana-clitestvault-donotuse/backupFabrics/Azure/protectionContainers/VMAppContainer;Compute;saphana-clitest-rg;saphana-clitestvm-donotuse2/operationResults/917edd46-e3e8-4a05-bd16-c73fe9c1de0f?api-version=2023-01-01
      pragma:
      - no-cache
      server:
      - Microsoft-IIS/10.0
      strict-transport-security:
      - max-age=31536000; includeSubDomains
      x-content-type-options:
      - nosniff
      x-ms-ratelimit-remaining-subscription-resource-requests:
      - '210'
      x-powered-by:
      - ASP.NET
    status:
      code: 202
      message: Accepted
- request:
    body: null
    headers:
      Accept:
      - application/json
      Accept-Encoding:
      - gzip, deflate
      CommandName:
      - backup container unregister
      Connection:
      - keep-alive
      ParameterSetName:
      - -v -g -c -y
      User-Agent:
      - AZURECLI/2.44.1 (PIP) azsdk-python-mgmt-recoveryservicesbackup/5.1.0 Python/3.10.7
        (Windows-10-10.0.22621-SP0)
    method: GET
    uri: https://management.azure.com/subscriptions/00000000-0000-0000-0000-000000000000/resourceGroups/saphana-clitest-rg/providers/Microsoft.RecoveryServices/vaults/saphana-clitestvault-donotuse/backupFabrics/Azure/protectionContainers/VMAppContainer%3BCompute%3Bsaphana-clitest-rg%3Bsaphana-clitestvm-donotuse2/operationResults/917edd46-e3e8-4a05-bd16-c73fe9c1de0f?api-version=2023-01-01
  response:
    body:
      string: '{}'
    headers:
      azure-asyncoperation:
      - https://management.azure.com/subscriptions/00000000-0000-0000-0000-000000000000/resourceGroups/saphana-clitest-rg/providers/Microsoft.RecoveryServices/vaults/saphana-clitestvault-donotuse/backupFabrics/Azure/protectionContainers/VMAppContainer;Compute;saphana-clitest-rg;saphana-clitestvm-donotuse2/operationsStatus/917edd46-e3e8-4a05-bd16-c73fe9c1de0f?api-version=2019-05-13-preview
      cache-control:
      - no-cache
      content-length:
      - '2'
      content-type:
      - application/json
      date:
      - Thu, 25 Aug 2022 06:18:36 GMT
      expires:
      - '-1'
      location:
      - https://management.azure.com/subscriptions/00000000-0000-0000-0000-000000000000/resourceGroups/saphana-clitest-rg/providers/Microsoft.RecoveryServices/vaults/saphana-clitestvault-donotuse/backupFabrics/Azure/protectionContainers/VMAppContainer;Compute;saphana-clitest-rg;saphana-clitestvm-donotuse2/operationResults/917edd46-e3e8-4a05-bd16-c73fe9c1de0f?api-version=2023-01-01
      pragma:
      - no-cache
      server:
      - Microsoft-IIS/10.0
      strict-transport-security:
      - max-age=31536000; includeSubDomains
      x-content-type-options:
      - nosniff
      x-ms-ratelimit-remaining-subscription-resource-requests:
      - '209'
      x-powered-by:
      - ASP.NET
    status:
      code: 202
      message: Accepted
- request:
    body: null
    headers:
      Accept:
      - application/json
      Accept-Encoding:
      - gzip, deflate
      CommandName:
      - backup container unregister
      Connection:
      - keep-alive
      ParameterSetName:
      - -v -g -c -y
      User-Agent:
      - AZURECLI/2.44.1 (PIP) azsdk-python-mgmt-recoveryservicesbackup/5.1.0 Python/3.10.7
        (Windows-10-10.0.22621-SP0)
    method: GET
    uri: https://management.azure.com/subscriptions/00000000-0000-0000-0000-000000000000/resourceGroups/saphana-clitest-rg/providers/Microsoft.RecoveryServices/vaults/saphana-clitestvault-donotuse/backupFabrics/Azure/protectionContainers/VMAppContainer%3BCompute%3Bsaphana-clitest-rg%3Bsaphana-clitestvm-donotuse2/operationResults/917edd46-e3e8-4a05-bd16-c73fe9c1de0f?api-version=2023-01-01
  response:
    body:
      string: '{}'
    headers:
      azure-asyncoperation:
      - https://management.azure.com/subscriptions/00000000-0000-0000-0000-000000000000/resourceGroups/saphana-clitest-rg/providers/Microsoft.RecoveryServices/vaults/saphana-clitestvault-donotuse/backupFabrics/Azure/protectionContainers/VMAppContainer;Compute;saphana-clitest-rg;saphana-clitestvm-donotuse2/operationsStatus/917edd46-e3e8-4a05-bd16-c73fe9c1de0f?api-version=2019-05-13-preview
      cache-control:
      - no-cache
      content-length:
      - '2'
      content-type:
      - application/json
      date:
      - Thu, 25 Aug 2022 06:18:42 GMT
      expires:
      - '-1'
      location:
      - https://management.azure.com/subscriptions/00000000-0000-0000-0000-000000000000/resourceGroups/saphana-clitest-rg/providers/Microsoft.RecoveryServices/vaults/saphana-clitestvault-donotuse/backupFabrics/Azure/protectionContainers/VMAppContainer;Compute;saphana-clitest-rg;saphana-clitestvm-donotuse2/operationResults/917edd46-e3e8-4a05-bd16-c73fe9c1de0f?api-version=2023-01-01
      pragma:
      - no-cache
      server:
      - Microsoft-IIS/10.0
      strict-transport-security:
      - max-age=31536000; includeSubDomains
      x-content-type-options:
      - nosniff
      x-ms-ratelimit-remaining-subscription-resource-requests:
      - '208'
      x-powered-by:
      - ASP.NET
    status:
      code: 202
      message: Accepted
- request:
    body: null
    headers:
      Accept:
      - application/json
      Accept-Encoding:
      - gzip, deflate
      CommandName:
      - backup container unregister
      Connection:
      - keep-alive
      ParameterSetName:
      - -v -g -c -y
      User-Agent:
      - AZURECLI/2.44.1 (PIP) azsdk-python-mgmt-recoveryservicesbackup/5.1.0 Python/3.10.7
        (Windows-10-10.0.22621-SP0)
    method: GET
    uri: https://management.azure.com/subscriptions/00000000-0000-0000-0000-000000000000/resourceGroups/saphana-clitest-rg/providers/Microsoft.RecoveryServices/vaults/saphana-clitestvault-donotuse/backupFabrics/Azure/protectionContainers/VMAppContainer%3BCompute%3Bsaphana-clitest-rg%3Bsaphana-clitestvm-donotuse2/operationResults/917edd46-e3e8-4a05-bd16-c73fe9c1de0f?api-version=2023-01-01
  response:
    body:
      string: '{}'
    headers:
      azure-asyncoperation:
      - https://management.azure.com/subscriptions/00000000-0000-0000-0000-000000000000/resourceGroups/saphana-clitest-rg/providers/Microsoft.RecoveryServices/vaults/saphana-clitestvault-donotuse/backupFabrics/Azure/protectionContainers/VMAppContainer;Compute;saphana-clitest-rg;saphana-clitestvm-donotuse2/operationsStatus/917edd46-e3e8-4a05-bd16-c73fe9c1de0f?api-version=2019-05-13-preview
      cache-control:
      - no-cache
      content-length:
      - '2'
      content-type:
      - application/json
      date:
      - Thu, 25 Aug 2022 06:18:49 GMT
      expires:
      - '-1'
      location:
      - https://management.azure.com/subscriptions/00000000-0000-0000-0000-000000000000/resourceGroups/saphana-clitest-rg/providers/Microsoft.RecoveryServices/vaults/saphana-clitestvault-donotuse/backupFabrics/Azure/protectionContainers/VMAppContainer;Compute;saphana-clitest-rg;saphana-clitestvm-donotuse2/operationResults/917edd46-e3e8-4a05-bd16-c73fe9c1de0f?api-version=2023-01-01
      pragma:
      - no-cache
      server:
      - Microsoft-IIS/10.0
      strict-transport-security:
      - max-age=31536000; includeSubDomains
      x-content-type-options:
      - nosniff
      x-ms-ratelimit-remaining-subscription-resource-requests:
      - '207'
      x-powered-by:
      - ASP.NET
    status:
      code: 202
      message: Accepted
- request:
    body: null
    headers:
      Accept:
      - application/json
      Accept-Encoding:
      - gzip, deflate
      CommandName:
      - backup container unregister
      Connection:
      - keep-alive
      ParameterSetName:
      - -v -g -c -y
      User-Agent:
      - AZURECLI/2.44.1 (PIP) azsdk-python-mgmt-recoveryservicesbackup/5.1.0 Python/3.10.7
        (Windows-10-10.0.22621-SP0)
    method: GET
    uri: https://management.azure.com/subscriptions/00000000-0000-0000-0000-000000000000/resourceGroups/saphana-clitest-rg/providers/Microsoft.RecoveryServices/vaults/saphana-clitestvault-donotuse/backupFabrics/Azure/protectionContainers/VMAppContainer%3BCompute%3Bsaphana-clitest-rg%3Bsaphana-clitestvm-donotuse2/operationResults/917edd46-e3e8-4a05-bd16-c73fe9c1de0f?api-version=2023-01-01
  response:
    body:
      string: '{}'
    headers:
      azure-asyncoperation:
      - https://management.azure.com/subscriptions/00000000-0000-0000-0000-000000000000/resourceGroups/saphana-clitest-rg/providers/Microsoft.RecoveryServices/vaults/saphana-clitestvault-donotuse/backupFabrics/Azure/protectionContainers/VMAppContainer;Compute;saphana-clitest-rg;saphana-clitestvm-donotuse2/operationsStatus/917edd46-e3e8-4a05-bd16-c73fe9c1de0f?api-version=2019-05-13-preview
      cache-control:
      - no-cache
      content-length:
      - '2'
      content-type:
      - application/json
      date:
      - Thu, 25 Aug 2022 06:18:54 GMT
      expires:
      - '-1'
      location:
      - https://management.azure.com/subscriptions/00000000-0000-0000-0000-000000000000/resourceGroups/saphana-clitest-rg/providers/Microsoft.RecoveryServices/vaults/saphana-clitestvault-donotuse/backupFabrics/Azure/protectionContainers/VMAppContainer;Compute;saphana-clitest-rg;saphana-clitestvm-donotuse2/operationResults/917edd46-e3e8-4a05-bd16-c73fe9c1de0f?api-version=2023-01-01
      pragma:
      - no-cache
      server:
      - Microsoft-IIS/10.0
      strict-transport-security:
      - max-age=31536000; includeSubDomains
      x-content-type-options:
      - nosniff
      x-ms-ratelimit-remaining-subscription-resource-requests:
      - '206'
      x-powered-by:
      - ASP.NET
    status:
      code: 202
      message: Accepted
- request:
    body: null
    headers:
      Accept:
      - application/json
      Accept-Encoding:
      - gzip, deflate
      CommandName:
      - backup container unregister
      Connection:
      - keep-alive
      ParameterSetName:
      - -v -g -c -y
      User-Agent:
      - AZURECLI/2.44.1 (PIP) azsdk-python-mgmt-recoveryservicesbackup/5.1.0 Python/3.10.7
        (Windows-10-10.0.22621-SP0)
    method: GET
    uri: https://management.azure.com/subscriptions/00000000-0000-0000-0000-000000000000/resourceGroups/saphana-clitest-rg/providers/Microsoft.RecoveryServices/vaults/saphana-clitestvault-donotuse/backupFabrics/Azure/protectionContainers/VMAppContainer%3BCompute%3Bsaphana-clitest-rg%3Bsaphana-clitestvm-donotuse2/operationResults/917edd46-e3e8-4a05-bd16-c73fe9c1de0f?api-version=2023-01-01
  response:
    body:
      string: ''
    headers:
      cache-control:
      - no-cache
      date:
      - Thu, 25 Aug 2022 06:19:00 GMT
      pragma:
      - no-cache
      strict-transport-security:
      - max-age=31536000; includeSubDomains
      x-content-type-options:
      - nosniff
      x-ms-ratelimit-remaining-subscription-resource-requests:
      - '205'
      x-powered-by:
      - ASP.NET
    status:
      code: 204
      message: No Content
- request:
    body: null
    headers:
      Accept:
      - application/json
      Accept-Encoding:
      - gzip, deflate
      CommandName:
      - backup container list
      Connection:
      - keep-alive
      ParameterSetName:
      - -v -g --backup-management-type
      User-Agent:
      - AZURECLI/2.44.1 (PIP) azsdk-python-mgmt-recoveryservicesbackup/5.1.0 Python/3.10.7
        (Windows-10-10.0.22621-SP0)
    method: GET
    uri: https://management.azure.com/subscriptions/00000000-0000-0000-0000-000000000000/resourceGroups/saphana-clitest-rg/providers/Microsoft.RecoveryServices/vaults/saphana-clitestvault-donotuse/backupProtectionContainers?api-version=2023-01-01&%24filter=backupManagementType+eq+%27AzureWorkload%27+and+status+eq+%27Registered%27
  response:
    body:
      string: '{"value":[]}'
    headers:
      cache-control:
      - no-cache
      content-length:
      - '12'
      content-type:
      - application/json
      date:
      - Thu, 25 Aug 2022 06:19:04 GMT
      expires:
      - '-1'
      pragma:
      - no-cache
      server:
      - Microsoft-IIS/10.0
      strict-transport-security:
      - max-age=31536000; includeSubDomains
      transfer-encoding:
      - chunked
      vary:
      - Accept-Encoding
      x-content-type-options:
      - nosniff
      x-ms-ratelimit-remaining-subscription-resource-requests:
      - '299'
      x-powered-by:
      - ASP.NET
    status:
      code: 200
      message: OK
version: 1
