interactions:
- request:
    body: null
    headers:
      Accept:
      - application/json
      Accept-Encoding:
      - gzip, deflate
      CommandName:
      - backup vault create
      Connection:
      - keep-alive
      ParameterSetName:
      - -n -g --location
      User-Agent:
      - AZURECLI/2.52.0 azsdk-python-mgmt-recoveryservices/1.0.0b1 Python/3.10.7 (Windows-10-10.0.22621-SP0)
    method: GET
    uri: https://management.azure.com/subscriptions/00000000-0000-0000-0000-000000000000/resourceGroups/clitest.rg000001/providers/Microsoft.RecoveryServices/vaults/clitest-vault000002?api-version=2023-04-01
  response:
    body:
      string: '{"error":{"code":"ResourceNotFound","message":"The Resource ''Microsoft.RecoveryServices/vaults/clitest-vault000002''
        under resource group ''clitest.rg000001'' was not found. For more details
        please go to https://aka.ms/ARMResourceNotFoundFix"}}'
    headers:
      cache-control:
      - no-cache
      content-length:
      - '241'
      content-type:
      - application/json; charset=utf-8
      date:
      - Wed, 17 May 2023 12:07:55 GMT
      expires:
      - '-1'
      pragma:
      - no-cache
      strict-transport-security:
      - max-age=31536000; includeSubDomains
      x-content-type-options:
      - nosniff
      x-ms-failure-cause:
      - gateway
    status:
      code: 404
      message: Not Found
- request:
    body: '{"location": "eastus2euap", "properties": {"publicNetworkAccess": "Enabled",
      "monitoringSettings": {"azureMonitorAlertSettings": {"alertsForAllJobFailures":
      "Enabled"}, "classicAlertSettings": {"alertsForCriticalOperations": "Enabled"}}},
      "sku": {"name": "Standard"}}'
    headers:
      Accept:
      - application/json
      Accept-Encoding:
      - gzip, deflate
      CommandName:
      - backup vault create
      Connection:
      - keep-alive
      Content-Length:
      - '267'
      Content-Type:
      - application/json
      ParameterSetName:
      - -n -g --location
      User-Agent:
      - AZURECLI/2.52.0 azsdk-python-mgmt-recoveryservices/1.0.0b1 Python/3.10.7 (Windows-10-10.0.22621-SP0)
    method: PUT
    uri: https://management.azure.com/subscriptions/00000000-0000-0000-0000-000000000000/resourceGroups/clitest.rg000001/providers/Microsoft.RecoveryServices/vaults/clitest-vault000002?api-version=2023-04-01
  response:
    body:
      string: '{"location":"eastus2euap","name":"clitest-vault000002","etag":"W/\"datetime''2023-05-17T12%3A07%3A58.4559365Z''\"","properties":{"provisioningState":"Provisioning","privateEndpointStateForBackup":"None","privateEndpointStateForSiteRecovery":"None","monitoringSettings":{"azureMonitorAlertSettings":{"alertsForAllJobFailures":"Enabled"},"classicAlertSettings":{"alertsForCriticalOperations":"Enabled"}},"publicNetworkAccess":"Enabled","restoreSettings":{"crossSubscriptionRestoreSettings":{"crossSubscriptionRestoreState":"Enabled"}}},"id":"/subscriptions/00000000-0000-0000-0000-000000000000/resourceGroups/clitest.rg000001/providers/Microsoft.RecoveryServices/vaults/clitest-vault000002","type":"Microsoft.RecoveryServices/vaults","sku":{"name":"Standard"}}'
    headers:
      azure-asyncoperation:
      - https://management.azure.com/subscriptions/00000000-0000-0000-0000-000000000000/resourceGroups/clitest.rg000001/providers/Microsoft.RecoveryServices/vaults/clitest-vault000002/operationStatus/MjA0NzsyMTYwZWI2Ny01MTIzLTQ4M2EtODZiZC0wZDVkN2Y1NTFlYWE=?api-version=2023-04-01
      cache-control:
      - no-cache
      content-length:
      - '756'
      content-type:
      - application/json; charset=utf-8
      date:
      - Wed, 17 May 2023 12:07:57 GMT
      expires:
      - '-1'
      pragma:
      - no-cache
      server:
      - Kestrel
      strict-transport-security:
      - max-age=31536000; includeSubDomains
      x-content-type-options:
      - nosniff
      x-ms-ratelimit-remaining-subscription-resource-requests:
      - '299'
    status:
      code: 201
      message: Created
- request:
    body: null
    headers:
      Accept:
      - '*/*'
      Accept-Encoding:
      - gzip, deflate
      CommandName:
      - backup vault create
      Connection:
      - keep-alive
      ParameterSetName:
      - -n -g --location
      User-Agent:
      - AZURECLI/2.52.0 azsdk-python-mgmt-recoveryservices/1.0.0b1 Python/3.10.7 (Windows-10-10.0.22621-SP0)
    method: GET
    uri: https://management.azure.com/subscriptions/00000000-0000-0000-0000-000000000000/resourceGroups/clitest.rg000001/providers/Microsoft.RecoveryServices/vaults/clitest-vault000002/operationStatus/MjA0NzsyMTYwZWI2Ny01MTIzLTQ4M2EtODZiZC0wZDVkN2Y1NTFlYWE=?api-version=2023-04-01
  response:
    body:
      string: "{\r\n  \"id\": \"/subscriptions/00000000-0000-0000-0000-000000000000/resourceGroups/clitest.rg000001/providers/Microsoft.RecoveryServices/vaults/clitest-vault000002/operationStatus/MjA0NzsyMTYwZWI2Ny01MTIzLTQ4M2EtODZiZC0wZDVkN2Y1NTFlYWE=\",\r\n
        \ \"name\": \"MjA0NzsyMTYwZWI2Ny01MTIzLTQ4M2EtODZiZC0wZDVkN2Y1NTFlYWE=\",\r\n
        \ \"status\": \"Succeeded\"\r\n}"
    headers:
      cache-control:
      - no-cache
      content-length:
      - '333'
      content-type:
      - application/json; charset=utf-8
      date:
      - Wed, 17 May 2023 12:07:59 GMT
      expires:
      - '-1'
      pragma:
      - no-cache
      server:
      - Kestrel
      strict-transport-security:
      - max-age=31536000; includeSubDomains
      transfer-encoding:
      - chunked
      vary:
      - Accept-Encoding
      x-content-type-options:
      - nosniff
    status:
      code: 200
      message: OK
- request:
    body: null
    headers:
      Accept:
      - '*/*'
      Accept-Encoding:
      - gzip, deflate
      CommandName:
      - backup vault create
      Connection:
      - keep-alive
      ParameterSetName:
      - -n -g --location
      User-Agent:
      - AZURECLI/2.52.0 azsdk-python-mgmt-recoveryservices/1.0.0b1 Python/3.10.7 (Windows-10-10.0.22621-SP0)
    method: GET
    uri: https://management.azure.com/subscriptions/00000000-0000-0000-0000-000000000000/resourceGroups/clitest.rg000001/providers/Microsoft.RecoveryServices/vaults/clitest-vault000002?api-version=2023-04-01
  response:
    body:
      string: '{"location":"eastus2euap","name":"clitest-vault000002","etag":"W/\"datetime''2023-05-17T12%3A07%3A58.8734538Z''\"","properties":{"provisioningState":"Succeeded","privateEndpointStateForBackup":"None","privateEndpointStateForSiteRecovery":"None","backupStorageVersion":"Unassigned","monitoringSettings":{"azureMonitorAlertSettings":{"alertsForAllJobFailures":"Enabled"},"classicAlertSettings":{"alertsForCriticalOperations":"Enabled"}},"securitySettings":{"immutabilitySettings":null,"softDeleteSettings":{"softDeleteRetentionPeriodInDays":14,"softDeleteState":"Enabled"},"multiUserAuthorization":"Disabled"},"publicNetworkAccess":"Enabled","restoreSettings":{"crossSubscriptionRestoreSettings":{"crossSubscriptionRestoreState":"Enabled"}}},"id":"/subscriptions/00000000-0000-0000-0000-000000000000/resourceGroups/clitest.rg000001/providers/Microsoft.RecoveryServices/vaults/clitest-vault000002","type":"Microsoft.RecoveryServices/vaults","sku":{"name":"Standard"}}'
    headers:
      cache-control:
      - no-cache
      content-length:
      - '962'
      content-type:
      - application/json; charset=utf-8
      date:
      - Wed, 17 May 2023 12:07:59 GMT
      expires:
      - '-1'
      pragma:
      - no-cache
      server:
      - Kestrel
      strict-transport-security:
      - max-age=31536000; includeSubDomains
      transfer-encoding:
      - chunked
      vary:
      - Accept-Encoding
      x-content-type-options:
      - nosniff
    status:
      code: 200
      message: OK
- request:
    body: null
    headers:
      Accept:
      - application/json
      Accept-Encoding:
      - gzip, deflate
      CommandName:
      - identity create
      Connection:
      - keep-alive
      ParameterSetName:
      - -n -g --query
      User-Agent:
      - AZURECLI/2.52.0 (PIP) azsdk-python-azure-mgmt-resource/23.1.0b2 Python/3.10.7
        (Windows-10-10.0.22621-SP0)
    method: GET
    uri: https://management.azure.com/subscriptions/00000000-0000-0000-0000-000000000000/resourcegroups/clitest.rg000001?api-version=2022-09-01
  response:
    body:
      string: '{"id":"/subscriptions/00000000-0000-0000-0000-000000000000/resourceGroups/clitest.rg000001","name":"clitest.rg000001","type":"Microsoft.Resources/resourceGroups","location":"eastus2euap","tags":{"product":"azurecli","cause":"automation","test":"test_backup_identity","date":"2023-05-17T12:07:51Z","module":"backup"},"properties":{"provisioningState":"Succeeded"}}'
    headers:
      cache-control:
      - no-cache
      content-length:
      - '363'
      content-type:
      - application/json; charset=utf-8
      date:
      - Wed, 17 May 2023 12:07:59 GMT
      expires:
      - '-1'
      pragma:
      - no-cache
      strict-transport-security:
      - max-age=31536000; includeSubDomains
      vary:
      - Accept-Encoding
      x-content-type-options:
      - nosniff
    status:
      code: 200
      message: OK
- request:
    body: '{"location": "eastus2euap"}'
    headers:
      Accept:
      - application/json
      Accept-Encoding:
      - gzip, deflate
      CommandName:
      - identity create
      Connection:
      - keep-alive
      Content-Length:
      - '27'
      Content-Type:
      - application/json
      ParameterSetName:
      - -n -g --query
      User-Agent:
      - AZURECLI/2.48.1 azsdk-python-azure-mgmt-msi/7.0.0 Python/3.8.5 (Windows-10-10.0.22000-SP0)
    method: PUT
    uri: https://management.azure.com/subscriptions/00000000-0000-0000-0000-000000000000/resourceGroups/clitest.rg000001/providers/Microsoft.ManagedIdentity/userAssignedIdentities/clitest-identity000003?api-version=2023-01-31
  response:
    body:
      string: '{"location":"eastus2euap","tags":{},"id":"/subscriptions/00000000-0000-0000-0000-000000000000/resourcegroups/clitest.rg000001/providers/Microsoft.ManagedIdentity/userAssignedIdentities/clitest-identity000003","name":"clitest-identity000003","type":"Microsoft.ManagedIdentity/userAssignedIdentities","properties":{"tenantId":"72f988bf-86f1-41af-91ab-2d7cd011db47","principalId":"72cf45ea-ca53-4933-b676-321afd916652","clientId":"21293640-230b-443b-b951-a8a9e89309e9"}}'
    headers:
      cache-control:
      - no-cache
      content-length:
      - '467'
      content-type:
      - application/json; charset=utf-8
      date:
      - Wed, 17 May 2023 12:08:02 GMT
      expires:
      - '-1'
      location:
      - /subscriptions/00000000-0000-0000-0000-000000000000/resourcegroups/clitest.rg000001/providers/Microsoft.ManagedIdentity/userAssignedIdentities/clitest-identity000003
      pragma:
      - no-cache
      strict-transport-security:
      - max-age=31536000; includeSubDomains
      x-content-type-options:
      - nosniff
      x-ms-ratelimit-remaining-subscription-writes:
      - '1199'
    status:
      code: 201
      message: Created
- request:
    body: null
    headers:
      Accept:
      - application/json
      Accept-Encoding:
      - gzip, deflate
      CommandName:
      - identity create
      Connection:
      - keep-alive
      ParameterSetName:
      - -n -g --query
      User-Agent:
      - AZURECLI/2.52.0 (PIP) azsdk-python-azure-mgmt-resource/23.1.0b2 Python/3.10.7
        (Windows-10-10.0.22621-SP0)
    method: GET
    uri: https://management.azure.com/subscriptions/00000000-0000-0000-0000-000000000000/resourcegroups/clitest.rg000001?api-version=2022-09-01
  response:
    body:
      string: '{"id":"/subscriptions/00000000-0000-0000-0000-000000000000/resourceGroups/clitest.rg000001","name":"clitest.rg000001","type":"Microsoft.Resources/resourceGroups","location":"eastus2euap","tags":{"product":"azurecli","cause":"automation","test":"test_backup_identity","date":"2023-05-17T12:07:51Z","module":"backup"},"properties":{"provisioningState":"Succeeded"}}'
    headers:
      cache-control:
      - no-cache
      content-length:
      - '363'
      content-type:
      - application/json; charset=utf-8
      date:
      - Wed, 17 May 2023 12:08:03 GMT
      expires:
      - '-1'
      pragma:
      - no-cache
      strict-transport-security:
      - max-age=31536000; includeSubDomains
      vary:
      - Accept-Encoding
      x-content-type-options:
      - nosniff
    status:
      code: 200
      message: OK
- request:
    body: '{"location": "eastus2euap"}'
    headers:
      Accept:
      - application/json
      Accept-Encoding:
      - gzip, deflate
      CommandName:
      - identity create
      Connection:
      - keep-alive
      Content-Length:
      - '27'
      Content-Type:
      - application/json
      ParameterSetName:
      - -n -g --query
      User-Agent:
      - AZURECLI/2.48.1 azsdk-python-azure-mgmt-msi/7.0.0 Python/3.8.5 (Windows-10-10.0.22000-SP0)
    method: PUT
    uri: https://management.azure.com/subscriptions/00000000-0000-0000-0000-000000000000/resourceGroups/clitest.rg000001/providers/Microsoft.ManagedIdentity/userAssignedIdentities/clitest-identity000004?api-version=2023-01-31
  response:
    body:
      string: '{"location":"eastus2euap","tags":{},"id":"/subscriptions/00000000-0000-0000-0000-000000000000/resourcegroups/clitest.rg000001/providers/Microsoft.ManagedIdentity/userAssignedIdentities/clitest-identity000004","name":"clitest-identity000004","type":"Microsoft.ManagedIdentity/userAssignedIdentities","properties":{"tenantId":"72f988bf-86f1-41af-91ab-2d7cd011db47","principalId":"7ebf55f9-2a02-4157-b0ae-8e09507e816c","clientId":"4d68765d-3a29-4eaf-a9e2-4af4cbd2a6c0"}}'
    headers:
      cache-control:
      - no-cache
      content-length:
      - '467'
      content-type:
      - application/json; charset=utf-8
      date:
      - Wed, 17 May 2023 12:08:10 GMT
      expires:
      - '-1'
      location:
      - /subscriptions/00000000-0000-0000-0000-000000000000/resourcegroups/clitest.rg000001/providers/Microsoft.ManagedIdentity/userAssignedIdentities/clitest-identity000004
      pragma:
      - no-cache
      strict-transport-security:
      - max-age=31536000; includeSubDomains
      x-content-type-options:
      - nosniff
      x-ms-ratelimit-remaining-subscription-writes:
      - '1197'
    status:
      code: 201
      message: Created
- request:
    body: null
    headers:
      Accept:
      - application/json
      Accept-Encoding:
      - gzip, deflate
      CommandName:
      - identity create
      Connection:
      - keep-alive
      ParameterSetName:
      - -n -g --query
      User-Agent:
      - AZURECLI/2.52.0 (PIP) azsdk-python-azure-mgmt-resource/23.1.0b2 Python/3.10.7
        (Windows-10-10.0.22621-SP0)
    method: GET
    uri: https://management.azure.com/subscriptions/00000000-0000-0000-0000-000000000000/resourcegroups/clitest.rg000001?api-version=2022-09-01
  response:
    body:
      string: '{"id":"/subscriptions/00000000-0000-0000-0000-000000000000/resourceGroups/clitest.rg000001","name":"clitest.rg000001","type":"Microsoft.Resources/resourceGroups","location":"eastus2euap","tags":{"product":"azurecli","cause":"automation","test":"test_backup_identity","date":"2023-05-17T12:07:51Z","module":"backup"},"properties":{"provisioningState":"Succeeded"}}'
    headers:
      cache-control:
      - no-cache
      content-length:
      - '363'
      content-type:
      - application/json; charset=utf-8
      date:
      - Wed, 17 May 2023 12:08:11 GMT
      expires:
      - '-1'
      pragma:
      - no-cache
      strict-transport-security:
      - max-age=31536000; includeSubDomains
      vary:
      - Accept-Encoding
      x-content-type-options:
      - nosniff
    status:
      code: 200
      message: OK
- request:
    body: '{"location": "eastus2euap"}'
    headers:
      Accept:
      - application/json
      Accept-Encoding:
      - gzip, deflate
      CommandName:
      - identity create
      Connection:
      - keep-alive
      Content-Length:
      - '27'
      Content-Type:
      - application/json
      ParameterSetName:
      - -n -g --query
      User-Agent:
      - AZURECLI/2.48.1 azsdk-python-azure-mgmt-msi/7.0.0 Python/3.8.5 (Windows-10-10.0.22000-SP0)
    method: PUT
    uri: https://management.azure.com/subscriptions/00000000-0000-0000-0000-000000000000/resourceGroups/clitest.rg000001/providers/Microsoft.ManagedIdentity/userAssignedIdentities/clitest-identity000005?api-version=2023-01-31
  response:
    body:
      string: '{"location":"eastus2euap","tags":{},"id":"/subscriptions/00000000-0000-0000-0000-000000000000/resourcegroups/clitest.rg000001/providers/Microsoft.ManagedIdentity/userAssignedIdentities/clitest-identity000005","name":"clitest-identity000005","type":"Microsoft.ManagedIdentity/userAssignedIdentities","properties":{"tenantId":"72f988bf-86f1-41af-91ab-2d7cd011db47","principalId":"0b35c08e-c92e-4bc4-bd34-7782618cd0df","clientId":"1a11092a-21b7-496f-9570-d09504e826e2"}}'
    headers:
      cache-control:
      - no-cache
      content-length:
      - '467'
      content-type:
      - application/json; charset=utf-8
      date:
      - Wed, 17 May 2023 12:08:14 GMT
      expires:
      - '-1'
      location:
      - /subscriptions/00000000-0000-0000-0000-000000000000/resourcegroups/clitest.rg000001/providers/Microsoft.ManagedIdentity/userAssignedIdentities/clitest-identity000005
      pragma:
      - no-cache
      strict-transport-security:
      - max-age=31536000; includeSubDomains
      x-content-type-options:
      - nosniff
      x-ms-ratelimit-remaining-subscription-writes:
      - '1199'
    status:
      code: 201
      message: Created
- request:
    body: null
    headers:
      Accept:
      - application/json
      Accept-Encoding:
      - gzip, deflate
      CommandName:
      - backup vault identity assign
      Connection:
      - keep-alive
      ParameterSetName:
      - --user-assigned -g -n
      User-Agent:
      - AZURECLI/2.52.0 azsdk-python-mgmt-recoveryservices/1.0.0b1 Python/3.10.7 (Windows-10-10.0.22621-SP0)
    method: GET
    uri: https://management.azure.com/subscriptions/00000000-0000-0000-0000-000000000000/resourceGroups/clitest.rg000001/providers/Microsoft.RecoveryServices/vaults/clitest-vault000002?api-version=2023-04-01
  response:
    body:
      string: '{"location":"eastus2euap","name":"clitest-vault000002","etag":"W/\"datetime''2023-05-17T12%3A07%3A58.8734538Z''\"","properties":{"provisioningState":"Succeeded","privateEndpointStateForBackup":"None","privateEndpointStateForSiteRecovery":"None","backupStorageVersion":"Unassigned","monitoringSettings":{"azureMonitorAlertSettings":{"alertsForAllJobFailures":"Enabled"},"classicAlertSettings":{"alertsForCriticalOperations":"Enabled"}},"securitySettings":{"immutabilitySettings":null,"softDeleteSettings":{"softDeleteRetentionPeriodInDays":14,"softDeleteState":"Enabled"},"multiUserAuthorization":"Disabled"},"publicNetworkAccess":"Enabled","restoreSettings":{"crossSubscriptionRestoreSettings":{"crossSubscriptionRestoreState":"Enabled"}}},"id":"/subscriptions/00000000-0000-0000-0000-000000000000/resourceGroups/clitest.rg000001/providers/Microsoft.RecoveryServices/vaults/clitest-vault000002","type":"Microsoft.RecoveryServices/vaults","sku":{"name":"Standard"}}'
    headers:
      cache-control:
      - no-cache
      content-length:
      - '962'
      content-type:
      - application/json; charset=utf-8
      date:
      - Wed, 17 May 2023 12:08:15 GMT
      expires:
      - '-1'
      pragma:
      - no-cache
      server:
      - Kestrel
      strict-transport-security:
      - max-age=31536000; includeSubDomains
      transfer-encoding:
      - chunked
      vary:
      - Accept-Encoding
      x-content-type-options:
      - nosniff
    status:
      code: 200
      message: OK
- request:
    body: '{"identity": {"type": "userassigned", "userAssignedIdentities": {"/subscriptions/00000000-0000-0000-0000-000000000000/resourcegroups/clitest.rg000001/providers/Microsoft.ManagedIdentity/userAssignedIdentities/clitest-identity000003":
      {}, "/subscriptions/00000000-0000-0000-0000-000000000000/resourcegroups/clitest.rg000001/providers/Microsoft.ManagedIdentity/userAssignedIdentities/clitest-identity000004":
      {}}}}'
    headers:
      Accept:
      - application/json
      Accept-Encoding:
      - gzip, deflate
      CommandName:
      - backup vault identity assign
      Connection:
      - keep-alive
      Content-Length:
      - '412'
      Content-Type:
      - application/json
      ParameterSetName:
      - --user-assigned -g -n
      User-Agent:
      - AZURECLI/2.52.0 azsdk-python-mgmt-recoveryservices/1.0.0b1 Python/3.10.7 (Windows-10-10.0.22621-SP0)
    method: PATCH
    uri: https://management.azure.com/subscriptions/00000000-0000-0000-0000-000000000000/resourceGroups/clitest.rg000001/providers/Microsoft.RecoveryServices/vaults/clitest-vault000002?api-version=2023-04-01
  response:
    body:
      string: ''
    headers:
      azure-asyncoperation:
      - https://management.azure.com/subscriptions/00000000-0000-0000-0000-000000000000/resourceGroups/clitest.rg000001/providers/Microsoft.RecoveryServices/vaults/clitest-vault000002/operationStatus/NDA5NTswZTFmMWFlZC1lZjEzLTRmYjUtYjU3Yi0yZjM3ODlhZWE3ZGM=?api-version=2023-04-01
      cache-control:
      - no-cache
      content-length:
      - '0'
      date:
      - Wed, 17 May 2023 12:08:17 GMT
      expires:
      - '-1'
      location:
      - https://management.azure.com/subscriptions/00000000-0000-0000-0000-000000000000/resourceGroups/clitest.rg000001/providers/Microsoft.RecoveryServices/vaults/clitest-vault000002/operationResults/NDA5NTswZTFmMWFlZC1lZjEzLTRmYjUtYjU3Yi0yZjM3ODlhZWE3ZGM=?api-version=2023-04-01
      pragma:
      - no-cache
      server:
      - Kestrel
      strict-transport-security:
      - max-age=31536000; includeSubDomains
      x-content-type-options:
      - nosniff
      x-ms-ratelimit-remaining-subscription-resource-requests:
      - '298'
    status:
      code: 202
      message: Accepted
- request:
    body: null
    headers:
      Accept:
      - '*/*'
      Accept-Encoding:
      - gzip, deflate
      CommandName:
      - backup vault identity assign
      Connection:
      - keep-alive
      ParameterSetName:
      - --user-assigned -g -n
      User-Agent:
      - AZURECLI/2.52.0 azsdk-python-mgmt-recoveryservices/1.0.0b1 Python/3.10.7 (Windows-10-10.0.22621-SP0)
    method: GET
    uri: https://management.azure.com/subscriptions/00000000-0000-0000-0000-000000000000/resourceGroups/clitest.rg000001/providers/Microsoft.RecoveryServices/vaults/clitest-vault000002/operationStatus/NDA5NTswZTFmMWFlZC1lZjEzLTRmYjUtYjU3Yi0yZjM3ODlhZWE3ZGM=?api-version=2023-04-01
  response:
    body:
      string: "{\r\n  \"id\": \"/subscriptions/00000000-0000-0000-0000-000000000000/resourceGroups/clitest.rg000001/providers/Microsoft.RecoveryServices/vaults/clitest-vault000002/operationStatus/NDA5NTswZTFmMWFlZC1lZjEzLTRmYjUtYjU3Yi0yZjM3ODlhZWE3ZGM=\",\r\n
        \ \"name\": \"NDA5NTswZTFmMWFlZC1lZjEzLTRmYjUtYjU3Yi0yZjM3ODlhZWE3ZGM=\",\r\n
        \ \"status\": \"InProgress\"\r\n}"
    headers:
      azure-asyncoperation:
      - https://management.azure.com/subscriptions/00000000-0000-0000-0000-000000000000/resourceGroups/clitest.rg000001/providers/Microsoft.RecoveryServices/vaults/clitest-vault000002/operationStatus/NDA5NTswZTFmMWFlZC1lZjEzLTRmYjUtYjU3Yi0yZjM3ODlhZWE3ZGM=?api-version=2023-04-01
      cache-control:
      - no-cache
      content-length:
      - '334'
      content-type:
      - application/json; charset=utf-8
      date:
      - Wed, 17 May 2023 12:08:17 GMT
      expires:
      - '-1'
      location:
      - https://management.azure.com/subscriptions/00000000-0000-0000-0000-000000000000/resourceGroups/clitest.rg000001/providers/Microsoft.RecoveryServices/vaults/clitest-vault000002/operationResults/NDA5NTswZTFmMWFlZC1lZjEzLTRmYjUtYjU3Yi0yZjM3ODlhZWE3ZGM=?api-version=2023-04-01
      pragma:
      - no-cache
      server:
      - Kestrel
      strict-transport-security:
      - max-age=31536000; includeSubDomains
      transfer-encoding:
      - chunked
      vary:
      - Accept-Encoding
      x-content-type-options:
      - nosniff
    status:
      code: 200
      message: OK
- request:
    body: null
    headers:
      Accept:
      - '*/*'
      Accept-Encoding:
      - gzip, deflate
      CommandName:
      - backup vault identity assign
      Connection:
      - keep-alive
      ParameterSetName:
      - --user-assigned -g -n
      User-Agent:
      - AZURECLI/2.52.0 azsdk-python-mgmt-recoveryservices/1.0.0b1 Python/3.10.7 (Windows-10-10.0.22621-SP0)
    method: GET
    uri: https://management.azure.com/subscriptions/00000000-0000-0000-0000-000000000000/resourceGroups/clitest.rg000001/providers/Microsoft.RecoveryServices/vaults/clitest-vault000002/operationStatus/NDA5NTswZTFmMWFlZC1lZjEzLTRmYjUtYjU3Yi0yZjM3ODlhZWE3ZGM=?api-version=2023-04-01
  response:
    body:
      string: "{\r\n  \"id\": \"/subscriptions/00000000-0000-0000-0000-000000000000/resourceGroups/clitest.rg000001/providers/Microsoft.RecoveryServices/vaults/clitest-vault000002/operationStatus/NDA5NTswZTFmMWFlZC1lZjEzLTRmYjUtYjU3Yi0yZjM3ODlhZWE3ZGM=\",\r\n
        \ \"name\": \"NDA5NTswZTFmMWFlZC1lZjEzLTRmYjUtYjU3Yi0yZjM3ODlhZWE3ZGM=\",\r\n
        \ \"status\": \"Succeeded\"\r\n}"
    headers:
      cache-control:
      - no-cache
      content-length:
      - '333'
      content-type:
      - application/json; charset=utf-8
      date:
      - Wed, 17 May 2023 12:09:18 GMT
      expires:
      - '-1'
      pragma:
      - no-cache
      server:
      - Kestrel
      strict-transport-security:
      - max-age=31536000; includeSubDomains
      transfer-encoding:
      - chunked
      vary:
      - Accept-Encoding
      x-content-type-options:
      - nosniff
    status:
      code: 200
      message: OK
- request:
    body: null
    headers:
      Accept:
      - '*/*'
      Accept-Encoding:
      - gzip, deflate
      CommandName:
      - backup vault identity assign
      Connection:
      - keep-alive
      ParameterSetName:
      - --user-assigned -g -n
      User-Agent:
      - AZURECLI/2.52.0 azsdk-python-mgmt-recoveryservices/1.0.0b1 Python/3.10.7 (Windows-10-10.0.22621-SP0)
    method: GET
    uri: https://management.azure.com/subscriptions/00000000-0000-0000-0000-000000000000/resourceGroups/clitest.rg000001/providers/Microsoft.RecoveryServices/vaults/clitest-vault000002?api-version=2023-04-01
  response:
    body:
      string: '{"location":"eastus2euap","name":"clitest-vault000002","etag":"W/\"datetime''2023-05-17T12%3A09%3A17.9811785Z''\"","identity":{"tenantId":"72f988bf-86f1-41af-91ab-2d7cd011db47","type":"UserAssigned","userAssignedIdentities":{"/subscriptions/00000000-0000-0000-0000-000000000000/resourcegroups/clitest.rg000001/providers/Microsoft.ManagedIdentity/userAssignedIdentities/clitest-identity000003":{"clientId":"21293640-230b-443b-b951-a8a9e89309e9","principalId":"72cf45ea-ca53-4933-b676-321afd916652"},"/subscriptions/00000000-0000-0000-0000-000000000000/resourcegroups/clitest.rg000001/providers/Microsoft.ManagedIdentity/userAssignedIdentities/clitest-identity000004":{"clientId":"4d68765d-3a29-4eaf-a9e2-4af4cbd2a6c0","principalId":"7ebf55f9-2a02-4157-b0ae-8e09507e816c"}}},"properties":{"provisioningState":"Succeeded","privateEndpointStateForBackup":"None","privateEndpointStateForSiteRecovery":"None","backupStorageVersion":"Unassigned","monitoringSettings":{"azureMonitorAlertSettings":{"alertsForAllJobFailures":"Enabled"},"classicAlertSettings":{"alertsForCriticalOperations":"Enabled"}},"securitySettings":{"immutabilitySettings":null,"softDeleteSettings":{"softDeleteRetentionPeriodInDays":14,"softDeleteState":"Enabled"},"multiUserAuthorization":"Disabled"},"publicNetworkAccess":"Enabled","restoreSettings":{"crossSubscriptionRestoreSettings":{"crossSubscriptionRestoreState":"Enabled"}}},"id":"/subscriptions/00000000-0000-0000-0000-000000000000/resourceGroups/clitest.rg000001/providers/Microsoft.RecoveryServices/vaults/clitest-vault000002","type":"Microsoft.RecoveryServices/vaults","sku":{"name":"Standard"}}'
    headers:
      cache-control:
      - no-cache
      content-length:
      - '1620'
      content-type:
      - application/json; charset=utf-8
      date:
      - Wed, 17 May 2023 12:09:19 GMT
      expires:
      - '-1'
      pragma:
      - no-cache
      server:
      - Kestrel
      strict-transport-security:
      - max-age=31536000; includeSubDomains
      transfer-encoding:
      - chunked
      vary:
      - Accept-Encoding
      x-content-type-options:
      - nosniff
    status:
      code: 200
      message: OK
- request:
    body: null
    headers:
      Accept:
      - application/json
      Accept-Encoding:
      - gzip, deflate
      CommandName:
      - backup vault identity assign
      Connection:
      - keep-alive
      ParameterSetName:
      - --system-assigned -g -n
      User-Agent:
      - AZURECLI/2.52.0 azsdk-python-mgmt-recoveryservices/1.0.0b1 Python/3.10.7 (Windows-10-10.0.22621-SP0)
    method: GET
    uri: https://management.azure.com/subscriptions/00000000-0000-0000-0000-000000000000/resourceGroups/clitest.rg000001/providers/Microsoft.RecoveryServices/vaults/clitest-vault000002?api-version=2023-04-01
  response:
    body:
      string: '{"location":"eastus2euap","name":"clitest-vault000002","etag":"W/\"datetime''2023-05-17T12%3A09%3A17.9811785Z''\"","identity":{"tenantId":"72f988bf-86f1-41af-91ab-2d7cd011db47","type":"UserAssigned","userAssignedIdentities":{"/subscriptions/00000000-0000-0000-0000-000000000000/resourcegroups/clitest.rg000001/providers/Microsoft.ManagedIdentity/userAssignedIdentities/clitest-identity000003":{"clientId":"21293640-230b-443b-b951-a8a9e89309e9","principalId":"72cf45ea-ca53-4933-b676-321afd916652"},"/subscriptions/00000000-0000-0000-0000-000000000000/resourcegroups/clitest.rg000001/providers/Microsoft.ManagedIdentity/userAssignedIdentities/clitest-identity000004":{"clientId":"4d68765d-3a29-4eaf-a9e2-4af4cbd2a6c0","principalId":"7ebf55f9-2a02-4157-b0ae-8e09507e816c"}}},"properties":{"provisioningState":"Succeeded","privateEndpointStateForBackup":"None","privateEndpointStateForSiteRecovery":"None","backupStorageVersion":"Unassigned","monitoringSettings":{"azureMonitorAlertSettings":{"alertsForAllJobFailures":"Enabled"},"classicAlertSettings":{"alertsForCriticalOperations":"Enabled"}},"securitySettings":{"immutabilitySettings":null,"softDeleteSettings":{"softDeleteRetentionPeriodInDays":14,"softDeleteState":"Enabled"},"multiUserAuthorization":"Disabled"},"publicNetworkAccess":"Enabled","restoreSettings":{"crossSubscriptionRestoreSettings":{"crossSubscriptionRestoreState":"Enabled"}}},"id":"/subscriptions/00000000-0000-0000-0000-000000000000/resourceGroups/clitest.rg000001/providers/Microsoft.RecoveryServices/vaults/clitest-vault000002","type":"Microsoft.RecoveryServices/vaults","sku":{"name":"Standard"}}'
    headers:
      cache-control:
      - no-cache
      content-length:
      - '1620'
      content-type:
      - application/json; charset=utf-8
      date:
      - Wed, 17 May 2023 12:09:20 GMT
      expires:
      - '-1'
      pragma:
      - no-cache
      server:
      - Kestrel
      strict-transport-security:
      - max-age=31536000; includeSubDomains
      transfer-encoding:
      - chunked
      vary:
      - Accept-Encoding
      x-content-type-options:
      - nosniff
    status:
      code: 200
      message: OK
- request:
    body: '{"identity": {"type": "systemassigned,userassigned"}}'
    headers:
      Accept:
      - application/json
      Accept-Encoding:
      - gzip, deflate
      CommandName:
      - backup vault identity assign
      Connection:
      - keep-alive
      Content-Length:
      - '53'
      Content-Type:
      - application/json
      ParameterSetName:
      - --system-assigned -g -n
      User-Agent:
      - AZURECLI/2.52.0 azsdk-python-mgmt-recoveryservices/1.0.0b1 Python/3.10.7 (Windows-10-10.0.22621-SP0)
    method: PATCH
    uri: https://management.azure.com/subscriptions/00000000-0000-0000-0000-000000000000/resourceGroups/clitest.rg000001/providers/Microsoft.RecoveryServices/vaults/clitest-vault000002?api-version=2023-04-01
  response:
    body:
      string: ''
    headers:
      azure-asyncoperation:
      - https://management.azure.com/subscriptions/00000000-0000-0000-0000-000000000000/resourceGroups/clitest.rg000001/providers/Microsoft.RecoveryServices/vaults/clitest-vault000002/operationStatus/NDA5NTs0NWZiMjAxNS1jMDY5LTQ0M2QtODAyOC1hNWZlNTc1YTI3MzI=?api-version=2023-04-01
      cache-control:
      - no-cache
      content-length:
      - '0'
      date:
      - Wed, 17 May 2023 12:09:23 GMT
      expires:
      - '-1'
      location:
      - https://management.azure.com/subscriptions/00000000-0000-0000-0000-000000000000/resourceGroups/clitest.rg000001/providers/Microsoft.RecoveryServices/vaults/clitest-vault000002/operationResults/NDA5NTs0NWZiMjAxNS1jMDY5LTQ0M2QtODAyOC1hNWZlNTc1YTI3MzI=?api-version=2023-04-01
      pragma:
      - no-cache
      server:
      - Kestrel
      strict-transport-security:
      - max-age=31536000; includeSubDomains
      x-content-type-options:
      - nosniff
      x-ms-ratelimit-remaining-subscription-resource-requests:
      - '298'
    status:
      code: 202
      message: Accepted
- request:
    body: null
    headers:
      Accept:
      - '*/*'
      Accept-Encoding:
      - gzip, deflate
      CommandName:
      - backup vault identity assign
      Connection:
      - keep-alive
      ParameterSetName:
      - --system-assigned -g -n
      User-Agent:
      - AZURECLI/2.52.0 azsdk-python-mgmt-recoveryservices/1.0.0b1 Python/3.10.7 (Windows-10-10.0.22621-SP0)
    method: GET
    uri: https://management.azure.com/subscriptions/00000000-0000-0000-0000-000000000000/resourceGroups/clitest.rg000001/providers/Microsoft.RecoveryServices/vaults/clitest-vault000002/operationStatus/NDA5NTs0NWZiMjAxNS1jMDY5LTQ0M2QtODAyOC1hNWZlNTc1YTI3MzI=?api-version=2023-04-01
  response:
    body:
      string: "{\r\n  \"id\": \"/subscriptions/00000000-0000-0000-0000-000000000000/resourceGroups/clitest.rg000001/providers/Microsoft.RecoveryServices/vaults/clitest-vault000002/operationStatus/NDA5NTs0NWZiMjAxNS1jMDY5LTQ0M2QtODAyOC1hNWZlNTc1YTI3MzI=\",\r\n
        \ \"name\": \"NDA5NTs0NWZiMjAxNS1jMDY5LTQ0M2QtODAyOC1hNWZlNTc1YTI3MzI=\",\r\n
        \ \"status\": \"InProgress\"\r\n}"
    headers:
      azure-asyncoperation:
      - https://management.azure.com/subscriptions/00000000-0000-0000-0000-000000000000/resourceGroups/clitest.rg000001/providers/Microsoft.RecoveryServices/vaults/clitest-vault000002/operationStatus/NDA5NTs0NWZiMjAxNS1jMDY5LTQ0M2QtODAyOC1hNWZlNTc1YTI3MzI=?api-version=2023-04-01
      cache-control:
      - no-cache
      content-length:
      - '334'
      content-type:
      - application/json; charset=utf-8
      date:
      - Wed, 17 May 2023 12:09:23 GMT
      expires:
      - '-1'
      location:
      - https://management.azure.com/subscriptions/00000000-0000-0000-0000-000000000000/resourceGroups/clitest.rg000001/providers/Microsoft.RecoveryServices/vaults/clitest-vault000002/operationResults/NDA5NTs0NWZiMjAxNS1jMDY5LTQ0M2QtODAyOC1hNWZlNTc1YTI3MzI=?api-version=2023-04-01
      pragma:
      - no-cache
      server:
      - Kestrel
      strict-transport-security:
      - max-age=31536000; includeSubDomains
      transfer-encoding:
      - chunked
      vary:
      - Accept-Encoding
      x-content-type-options:
      - nosniff
    status:
      code: 200
      message: OK
- request:
    body: null
    headers:
      Accept:
      - '*/*'
      Accept-Encoding:
      - gzip, deflate
      CommandName:
      - backup vault identity assign
      Connection:
      - keep-alive
      ParameterSetName:
      - --system-assigned -g -n
      User-Agent:
      - AZURECLI/2.52.0 azsdk-python-mgmt-recoveryservices/1.0.0b1 Python/3.10.7 (Windows-10-10.0.22621-SP0)
    method: GET
    uri: https://management.azure.com/subscriptions/00000000-0000-0000-0000-000000000000/resourceGroups/clitest.rg000001/providers/Microsoft.RecoveryServices/vaults/clitest-vault000002/operationStatus/NDA5NTs0NWZiMjAxNS1jMDY5LTQ0M2QtODAyOC1hNWZlNTc1YTI3MzI=?api-version=2023-04-01
  response:
    body:
      string: "{\r\n  \"id\": \"/subscriptions/00000000-0000-0000-0000-000000000000/resourceGroups/clitest.rg000001/providers/Microsoft.RecoveryServices/vaults/clitest-vault000002/operationStatus/NDA5NTs0NWZiMjAxNS1jMDY5LTQ0M2QtODAyOC1hNWZlNTc1YTI3MzI=\",\r\n
        \ \"name\": \"NDA5NTs0NWZiMjAxNS1jMDY5LTQ0M2QtODAyOC1hNWZlNTc1YTI3MzI=\",\r\n
        \ \"status\": \"InProgress\"\r\n}"
    headers:
      azure-asyncoperation:
      - https://management.azure.com/subscriptions/00000000-0000-0000-0000-000000000000/resourceGroups/clitest.rg000001/providers/Microsoft.RecoveryServices/vaults/clitest-vault000002/operationStatus/NDA5NTs0NWZiMjAxNS1jMDY5LTQ0M2QtODAyOC1hNWZlNTc1YTI3MzI=?api-version=2023-04-01
      cache-control:
      - no-cache
      content-length:
      - '334'
      content-type:
      - application/json; charset=utf-8
      date:
      - Wed, 17 May 2023 12:10:24 GMT
      expires:
      - '-1'
      location:
      - https://management.azure.com/subscriptions/00000000-0000-0000-0000-000000000000/resourceGroups/clitest.rg000001/providers/Microsoft.RecoveryServices/vaults/clitest-vault000002/operationResults/NDA5NTs0NWZiMjAxNS1jMDY5LTQ0M2QtODAyOC1hNWZlNTc1YTI3MzI=?api-version=2023-04-01
      pragma:
      - no-cache
      server:
      - Kestrel
      strict-transport-security:
      - max-age=31536000; includeSubDomains
      transfer-encoding:
      - chunked
      vary:
      - Accept-Encoding
      x-content-type-options:
      - nosniff
    status:
      code: 200
      message: OK
- request:
    body: null
    headers:
      Accept:
      - '*/*'
      Accept-Encoding:
      - gzip, deflate
      CommandName:
      - backup vault identity assign
      Connection:
      - keep-alive
      ParameterSetName:
      - --system-assigned -g -n
      User-Agent:
      - AZURECLI/2.52.0 azsdk-python-mgmt-recoveryservices/1.0.0b1 Python/3.10.7 (Windows-10-10.0.22621-SP0)
    method: GET
    uri: https://management.azure.com/subscriptions/00000000-0000-0000-0000-000000000000/resourceGroups/clitest.rg000001/providers/Microsoft.RecoveryServices/vaults/clitest-vault000002/operationStatus/NDA5NTs0NWZiMjAxNS1jMDY5LTQ0M2QtODAyOC1hNWZlNTc1YTI3MzI=?api-version=2023-04-01
  response:
    body:
      string: "{\r\n  \"id\": \"/subscriptions/00000000-0000-0000-0000-000000000000/resourceGroups/clitest.rg000001/providers/Microsoft.RecoveryServices/vaults/clitest-vault000002/operationStatus/NDA5NTs0NWZiMjAxNS1jMDY5LTQ0M2QtODAyOC1hNWZlNTc1YTI3MzI=\",\r\n
        \ \"name\": \"NDA5NTs0NWZiMjAxNS1jMDY5LTQ0M2QtODAyOC1hNWZlNTc1YTI3MzI=\",\r\n
        \ \"status\": \"Succeeded\"\r\n}"
    headers:
      cache-control:
      - no-cache
      content-length:
      - '333'
      content-type:
      - application/json; charset=utf-8
      date:
      - Wed, 17 May 2023 12:11:24 GMT
      expires:
      - '-1'
      pragma:
      - no-cache
      server:
      - Kestrel
      strict-transport-security:
      - max-age=31536000; includeSubDomains
      transfer-encoding:
      - chunked
      vary:
      - Accept-Encoding
      x-content-type-options:
      - nosniff
    status:
      code: 200
      message: OK
- request:
    body: null
    headers:
      Accept:
      - '*/*'
      Accept-Encoding:
      - gzip, deflate
      CommandName:
      - backup vault identity assign
      Connection:
      - keep-alive
      ParameterSetName:
      - --system-assigned -g -n
      User-Agent:
      - AZURECLI/2.52.0 azsdk-python-mgmt-recoveryservices/1.0.0b1 Python/3.10.7 (Windows-10-10.0.22621-SP0)
    method: GET
    uri: https://management.azure.com/subscriptions/00000000-0000-0000-0000-000000000000/resourceGroups/clitest.rg000001/providers/Microsoft.RecoveryServices/vaults/clitest-vault000002?api-version=2023-04-01
  response:
    body:
      string: '{"location":"eastus2euap","name":"clitest-vault000002","etag":"W/\"datetime''2023-05-17T12%3A10%3A24.697429Z''\"","identity":{"tenantId":"72f988bf-86f1-41af-91ab-2d7cd011db47","principalId":"23ae29cd-5574-46d6-8442-566b0a31e769","type":"SystemAssigned,
        UserAssigned","userAssignedIdentities":{"/subscriptions/00000000-0000-0000-0000-000000000000/resourcegroups/clitest.rg000001/providers/Microsoft.ManagedIdentity/userAssignedIdentities/clitest-identity000003":{"clientId":"21293640-230b-443b-b951-a8a9e89309e9","principalId":"72cf45ea-ca53-4933-b676-321afd916652"},"/subscriptions/00000000-0000-0000-0000-000000000000/resourcegroups/clitest.rg000001/providers/Microsoft.ManagedIdentity/userAssignedIdentities/clitest-identity000004":{"clientId":"4d68765d-3a29-4eaf-a9e2-4af4cbd2a6c0","principalId":"7ebf55f9-2a02-4157-b0ae-8e09507e816c"}}},"properties":{"provisioningState":"Succeeded","privateEndpointStateForBackup":"None","privateEndpointStateForSiteRecovery":"None","backupStorageVersion":"Unassigned","monitoringSettings":{"azureMonitorAlertSettings":{"alertsForAllJobFailures":"Enabled"},"classicAlertSettings":{"alertsForCriticalOperations":"Enabled"}},"securitySettings":{"immutabilitySettings":null,"softDeleteSettings":{"softDeleteRetentionPeriodInDays":14,"softDeleteState":"Enabled"},"multiUserAuthorization":"Disabled"},"publicNetworkAccess":"Enabled","restoreSettings":{"crossSubscriptionRestoreSettings":{"crossSubscriptionRestoreState":"Enabled"}}},"id":"/subscriptions/00000000-0000-0000-0000-000000000000/resourceGroups/clitest.rg000001/providers/Microsoft.RecoveryServices/vaults/clitest-vault000002","type":"Microsoft.RecoveryServices/vaults","sku":{"name":"Standard"}}'
    headers:
      cache-control:
      - no-cache
      content-length:
      - '1688'
      content-type:
      - application/json; charset=utf-8
      date:
      - Wed, 17 May 2023 12:11:25 GMT
      expires:
      - '-1'
      pragma:
      - no-cache
      server:
      - Kestrel
      strict-transport-security:
      - max-age=31536000; includeSubDomains
      transfer-encoding:
      - chunked
      vary:
      - Accept-Encoding
      x-content-type-options:
      - nosniff
    status:
      code: 200
      message: OK
- request:
    body: null
    headers:
      Accept:
      - application/json
      Accept-Encoding:
      - gzip, deflate
      CommandName:
      - backup vault identity assign
      Connection:
      - keep-alive
      ParameterSetName:
      - --user-assigned -g -n
      User-Agent:
      - AZURECLI/2.52.0 azsdk-python-mgmt-recoveryservices/1.0.0b1 Python/3.10.7 (Windows-10-10.0.22621-SP0)
    method: GET
    uri: https://management.azure.com/subscriptions/00000000-0000-0000-0000-000000000000/resourceGroups/clitest.rg000001/providers/Microsoft.RecoveryServices/vaults/clitest-vault000002?api-version=2023-04-01
  response:
    body:
      string: '{"location":"eastus2euap","name":"clitest-vault000002","etag":"W/\"datetime''2023-05-17T12%3A10%3A24.697429Z''\"","identity":{"tenantId":"72f988bf-86f1-41af-91ab-2d7cd011db47","principalId":"23ae29cd-5574-46d6-8442-566b0a31e769","type":"SystemAssigned,
        UserAssigned","userAssignedIdentities":{"/subscriptions/00000000-0000-0000-0000-000000000000/resourcegroups/clitest.rg000001/providers/Microsoft.ManagedIdentity/userAssignedIdentities/clitest-identity000003":{"clientId":"21293640-230b-443b-b951-a8a9e89309e9","principalId":"72cf45ea-ca53-4933-b676-321afd916652"},"/subscriptions/00000000-0000-0000-0000-000000000000/resourcegroups/clitest.rg000001/providers/Microsoft.ManagedIdentity/userAssignedIdentities/clitest-identity000004":{"clientId":"4d68765d-3a29-4eaf-a9e2-4af4cbd2a6c0","principalId":"7ebf55f9-2a02-4157-b0ae-8e09507e816c"}}},"properties":{"provisioningState":"Succeeded","privateEndpointStateForBackup":"None","privateEndpointStateForSiteRecovery":"None","backupStorageVersion":"Unassigned","monitoringSettings":{"azureMonitorAlertSettings":{"alertsForAllJobFailures":"Enabled"},"classicAlertSettings":{"alertsForCriticalOperations":"Enabled"}},"securitySettings":{"immutabilitySettings":null,"softDeleteSettings":{"softDeleteRetentionPeriodInDays":14,"softDeleteState":"Enabled"},"multiUserAuthorization":"Disabled"},"publicNetworkAccess":"Enabled","restoreSettings":{"crossSubscriptionRestoreSettings":{"crossSubscriptionRestoreState":"Enabled"}}},"id":"/subscriptions/00000000-0000-0000-0000-000000000000/resourceGroups/clitest.rg000001/providers/Microsoft.RecoveryServices/vaults/clitest-vault000002","type":"Microsoft.RecoveryServices/vaults","sku":{"name":"Standard"}}'
    headers:
      cache-control:
      - no-cache
      content-length:
      - '1688'
      content-type:
      - application/json; charset=utf-8
      date:
      - Wed, 17 May 2023 12:11:27 GMT
      expires:
      - '-1'
      pragma:
      - no-cache
      server:
      - Kestrel
      strict-transport-security:
      - max-age=31536000; includeSubDomains
      transfer-encoding:
      - chunked
      vary:
      - Accept-Encoding
      x-content-type-options:
      - nosniff
    status:
      code: 200
      message: OK
- request:
    body: '{"identity": {"type": "systemassigned,userassigned", "userAssignedIdentities":
      {"/subscriptions/00000000-0000-0000-0000-000000000000/resourcegroups/clitest.rg000001/providers/Microsoft.ManagedIdentity/userAssignedIdentities/clitest-identity000005":
      {}}}}'
    headers:
      Accept:
      - application/json
      Accept-Encoding:
      - gzip, deflate
      CommandName:
      - backup vault identity assign
      Connection:
      - keep-alive
      Content-Length:
      - '254'
      Content-Type:
      - application/json
      ParameterSetName:
      - --user-assigned -g -n
      User-Agent:
      - AZURECLI/2.52.0 azsdk-python-mgmt-recoveryservices/1.0.0b1 Python/3.10.7 (Windows-10-10.0.22621-SP0)
    method: PATCH
    uri: https://management.azure.com/subscriptions/00000000-0000-0000-0000-000000000000/resourceGroups/clitest.rg000001/providers/Microsoft.RecoveryServices/vaults/clitest-vault000002?api-version=2023-04-01
  response:
    body:
      string: ''
    headers:
      azure-asyncoperation:
      - https://management.azure.com/subscriptions/00000000-0000-0000-0000-000000000000/resourceGroups/clitest.rg000001/providers/Microsoft.RecoveryServices/vaults/clitest-vault000002/operationStatus/NDA5NTs2ZjBlYWI1Ni03YzNiLTRlMWEtYjgxMy1lYmU0YjNkNDk1ODE=?api-version=2023-04-01
      cache-control:
      - no-cache
      content-length:
      - '0'
      date:
      - Wed, 17 May 2023 12:11:29 GMT
      expires:
      - '-1'
      location:
      - https://management.azure.com/subscriptions/00000000-0000-0000-0000-000000000000/resourceGroups/clitest.rg000001/providers/Microsoft.RecoveryServices/vaults/clitest-vault000002/operationResults/NDA5NTs2ZjBlYWI1Ni03YzNiLTRlMWEtYjgxMy1lYmU0YjNkNDk1ODE=?api-version=2023-04-01
      pragma:
      - no-cache
      server:
      - Kestrel
      strict-transport-security:
      - max-age=31536000; includeSubDomains
      x-content-type-options:
      - nosniff
      x-ms-ratelimit-remaining-subscription-resource-requests:
      - '298'
    status:
      code: 202
      message: Accepted
- request:
    body: null
    headers:
      Accept:
      - '*/*'
      Accept-Encoding:
      - gzip, deflate
      CommandName:
      - backup vault identity assign
      Connection:
      - keep-alive
      ParameterSetName:
      - --user-assigned -g -n
      User-Agent:
      - AZURECLI/2.52.0 azsdk-python-mgmt-recoveryservices/1.0.0b1 Python/3.10.7 (Windows-10-10.0.22621-SP0)
    method: GET
    uri: https://management.azure.com/subscriptions/00000000-0000-0000-0000-000000000000/resourceGroups/clitest.rg000001/providers/Microsoft.RecoveryServices/vaults/clitest-vault000002/operationStatus/NDA5NTs2ZjBlYWI1Ni03YzNiLTRlMWEtYjgxMy1lYmU0YjNkNDk1ODE=?api-version=2023-04-01
  response:
    body:
      string: "{\r\n  \"id\": \"/subscriptions/00000000-0000-0000-0000-000000000000/resourceGroups/clitest.rg000001/providers/Microsoft.RecoveryServices/vaults/clitest-vault000002/operationStatus/NDA5NTs2ZjBlYWI1Ni03YzNiLTRlMWEtYjgxMy1lYmU0YjNkNDk1ODE=\",\r\n
        \ \"name\": \"NDA5NTs2ZjBlYWI1Ni03YzNiLTRlMWEtYjgxMy1lYmU0YjNkNDk1ODE=\",\r\n
        \ \"status\": \"InProgress\"\r\n}"
    headers:
      azure-asyncoperation:
      - https://management.azure.com/subscriptions/00000000-0000-0000-0000-000000000000/resourceGroups/clitest.rg000001/providers/Microsoft.RecoveryServices/vaults/clitest-vault000002/operationStatus/NDA5NTs2ZjBlYWI1Ni03YzNiLTRlMWEtYjgxMy1lYmU0YjNkNDk1ODE=?api-version=2023-04-01
      cache-control:
      - no-cache
      content-length:
      - '334'
      content-type:
      - application/json; charset=utf-8
      date:
      - Wed, 17 May 2023 12:11:30 GMT
      expires:
      - '-1'
      location:
      - https://management.azure.com/subscriptions/00000000-0000-0000-0000-000000000000/resourceGroups/clitest.rg000001/providers/Microsoft.RecoveryServices/vaults/clitest-vault000002/operationResults/NDA5NTs2ZjBlYWI1Ni03YzNiLTRlMWEtYjgxMy1lYmU0YjNkNDk1ODE=?api-version=2023-04-01
      pragma:
      - no-cache
      server:
      - Kestrel
      strict-transport-security:
      - max-age=31536000; includeSubDomains
      transfer-encoding:
      - chunked
      vary:
      - Accept-Encoding
      x-content-type-options:
      - nosniff
    status:
      code: 200
      message: OK
- request:
    body: null
    headers:
      Accept:
      - '*/*'
      Accept-Encoding:
      - gzip, deflate
      CommandName:
      - backup vault identity assign
      Connection:
      - keep-alive
      ParameterSetName:
      - --user-assigned -g -n
      User-Agent:
      - AZURECLI/2.52.0 azsdk-python-mgmt-recoveryservices/1.0.0b1 Python/3.10.7 (Windows-10-10.0.22621-SP0)
    method: GET
    uri: https://management.azure.com/subscriptions/00000000-0000-0000-0000-000000000000/resourceGroups/clitest.rg000001/providers/Microsoft.RecoveryServices/vaults/clitest-vault000002/operationStatus/NDA5NTs2ZjBlYWI1Ni03YzNiLTRlMWEtYjgxMy1lYmU0YjNkNDk1ODE=?api-version=2023-04-01
  response:
    body:
      string: "{\r\n  \"id\": \"/subscriptions/00000000-0000-0000-0000-000000000000/resourceGroups/clitest.rg000001/providers/Microsoft.RecoveryServices/vaults/clitest-vault000002/operationStatus/NDA5NTs2ZjBlYWI1Ni03YzNiLTRlMWEtYjgxMy1lYmU0YjNkNDk1ODE=\",\r\n
        \ \"name\": \"NDA5NTs2ZjBlYWI1Ni03YzNiLTRlMWEtYjgxMy1lYmU0YjNkNDk1ODE=\",\r\n
        \ \"status\": \"Succeeded\"\r\n}"
    headers:
      cache-control:
      - no-cache
      content-length:
      - '333'
      content-type:
      - application/json; charset=utf-8
      date:
      - Wed, 17 May 2023 12:12:30 GMT
      expires:
      - '-1'
      pragma:
      - no-cache
      server:
      - Kestrel
      strict-transport-security:
      - max-age=31536000; includeSubDomains
      transfer-encoding:
      - chunked
      vary:
      - Accept-Encoding
      x-content-type-options:
      - nosniff
    status:
      code: 200
      message: OK
- request:
    body: null
    headers:
      Accept:
      - '*/*'
      Accept-Encoding:
      - gzip, deflate
      CommandName:
      - backup vault identity assign
      Connection:
      - keep-alive
      ParameterSetName:
      - --user-assigned -g -n
      User-Agent:
      - AZURECLI/2.52.0 azsdk-python-mgmt-recoveryservices/1.0.0b1 Python/3.10.7 (Windows-10-10.0.22621-SP0)
    method: GET
    uri: https://management.azure.com/subscriptions/00000000-0000-0000-0000-000000000000/resourceGroups/clitest.rg000001/providers/Microsoft.RecoveryServices/vaults/clitest-vault000002?api-version=2023-04-01
  response:
    body:
      string: '{"location":"eastus2euap","name":"clitest-vault000002","etag":"W/\"datetime''2023-05-17T12%3A12%3A31.0300949Z''\"","identity":{"tenantId":"72f988bf-86f1-41af-91ab-2d7cd011db47","principalId":"23ae29cd-5574-46d6-8442-566b0a31e769","type":"SystemAssigned,
        UserAssigned","userAssignedIdentities":{"/subscriptions/00000000-0000-0000-0000-000000000000/resourcegroups/clitest.rg000001/providers/Microsoft.ManagedIdentity/userAssignedIdentities/clitest-identity000003":{"clientId":"21293640-230b-443b-b951-a8a9e89309e9","principalId":"72cf45ea-ca53-4933-b676-321afd916652"},"/subscriptions/00000000-0000-0000-0000-000000000000/resourcegroups/clitest.rg000001/providers/Microsoft.ManagedIdentity/userAssignedIdentities/clitest-identity000004":{"clientId":"4d68765d-3a29-4eaf-a9e2-4af4cbd2a6c0","principalId":"7ebf55f9-2a02-4157-b0ae-8e09507e816c"},"/subscriptions/00000000-0000-0000-0000-000000000000/resourcegroups/clitest.rg000001/providers/Microsoft.ManagedIdentity/userAssignedIdentities/clitest-identity000005":{"clientId":"1a11092a-21b7-496f-9570-d09504e826e2","principalId":"0b35c08e-c92e-4bc4-bd34-7782618cd0df"}}},"properties":{"provisioningState":"Succeeded","privateEndpointStateForBackup":"None","privateEndpointStateForSiteRecovery":"None","backupStorageVersion":"Unassigned","monitoringSettings":{"azureMonitorAlertSettings":{"alertsForAllJobFailures":"Enabled"},"classicAlertSettings":{"alertsForCriticalOperations":"Enabled"}},"securitySettings":{"immutabilitySettings":null,"softDeleteSettings":{"softDeleteRetentionPeriodInDays":14,"softDeleteState":"Enabled"},"multiUserAuthorization":"Disabled"},"publicNetworkAccess":"Enabled","restoreSettings":{"crossSubscriptionRestoreSettings":{"crossSubscriptionRestoreState":"Enabled"}}},"id":"/subscriptions/00000000-0000-0000-0000-000000000000/resourceGroups/clitest.rg000001/providers/Microsoft.RecoveryServices/vaults/clitest-vault000002","type":"Microsoft.RecoveryServices/vaults","sku":{"name":"Standard"}}'
    headers:
      cache-control:
      - no-cache
      content-length:
      - '1962'
      content-type:
      - application/json; charset=utf-8
      date:
      - Wed, 17 May 2023 12:12:31 GMT
      expires:
      - '-1'
      pragma:
      - no-cache
      server:
      - Kestrel
      strict-transport-security:
      - max-age=31536000; includeSubDomains
      transfer-encoding:
      - chunked
      vary:
      - Accept-Encoding
      x-content-type-options:
      - nosniff
    status:
      code: 200
      message: OK
- request:
    body: null
    headers:
      Accept:
      - application/json
      Accept-Encoding:
      - gzip, deflate
      CommandName:
      - backup vault identity remove
      Connection:
      - keep-alive
      ParameterSetName:
      - --system-assigned --user-assigned -g -n
      User-Agent:
      - AZURECLI/2.52.0 azsdk-python-mgmt-recoveryservices/1.0.0b1 Python/3.10.7 (Windows-10-10.0.22621-SP0)
    method: GET
    uri: https://management.azure.com/subscriptions/00000000-0000-0000-0000-000000000000/resourceGroups/clitest.rg000001/providers/Microsoft.RecoveryServices/vaults/clitest-vault000002?api-version=2023-04-01
  response:
    body:
      string: '{"location":"eastus2euap","name":"clitest-vault000002","etag":"W/\"datetime''2023-05-17T12%3A12%3A31.0300949Z''\"","identity":{"tenantId":"72f988bf-86f1-41af-91ab-2d7cd011db47","principalId":"23ae29cd-5574-46d6-8442-566b0a31e769","type":"SystemAssigned,
        UserAssigned","userAssignedIdentities":{"/subscriptions/00000000-0000-0000-0000-000000000000/resourcegroups/clitest.rg000001/providers/Microsoft.ManagedIdentity/userAssignedIdentities/clitest-identity000003":{"clientId":"21293640-230b-443b-b951-a8a9e89309e9","principalId":"72cf45ea-ca53-4933-b676-321afd916652"},"/subscriptions/00000000-0000-0000-0000-000000000000/resourcegroups/clitest.rg000001/providers/Microsoft.ManagedIdentity/userAssignedIdentities/clitest-identity000004":{"clientId":"4d68765d-3a29-4eaf-a9e2-4af4cbd2a6c0","principalId":"7ebf55f9-2a02-4157-b0ae-8e09507e816c"},"/subscriptions/00000000-0000-0000-0000-000000000000/resourcegroups/clitest.rg000001/providers/Microsoft.ManagedIdentity/userAssignedIdentities/clitest-identity000005":{"clientId":"1a11092a-21b7-496f-9570-d09504e826e2","principalId":"0b35c08e-c92e-4bc4-bd34-7782618cd0df"}}},"properties":{"provisioningState":"Succeeded","privateEndpointStateForBackup":"None","privateEndpointStateForSiteRecovery":"None","backupStorageVersion":"Unassigned","monitoringSettings":{"azureMonitorAlertSettings":{"alertsForAllJobFailures":"Enabled"},"classicAlertSettings":{"alertsForCriticalOperations":"Enabled"}},"securitySettings":{"immutabilitySettings":null,"softDeleteSettings":{"softDeleteRetentionPeriodInDays":14,"softDeleteState":"Enabled"},"multiUserAuthorization":"Disabled"},"publicNetworkAccess":"Enabled","restoreSettings":{"crossSubscriptionRestoreSettings":{"crossSubscriptionRestoreState":"Enabled"}}},"id":"/subscriptions/00000000-0000-0000-0000-000000000000/resourceGroups/clitest.rg000001/providers/Microsoft.RecoveryServices/vaults/clitest-vault000002","type":"Microsoft.RecoveryServices/vaults","sku":{"name":"Standard"}}'
    headers:
      cache-control:
      - no-cache
      content-length:
      - '1962'
      content-type:
      - application/json; charset=utf-8
      date:
      - Wed, 17 May 2023 12:12:32 GMT
      expires:
      - '-1'
      pragma:
      - no-cache
      server:
      - Kestrel
      strict-transport-security:
      - max-age=31536000; includeSubDomains
      transfer-encoding:
      - chunked
      vary:
      - Accept-Encoding
      x-content-type-options:
      - nosniff
    status:
      code: 200
      message: OK
- request:
    body: '{"identity": {"type": "userassigned", "userAssignedIdentities": {"/subscriptions/00000000-0000-0000-0000-000000000000/resourcegroups/clitest.rg000001/providers/Microsoft.ManagedIdentity/userAssignedIdentities/clitest-identity000003":
      null}}}'
    headers:
      Accept:
      - application/json
      Accept-Encoding:
      - gzip, deflate
      CommandName:
      - backup vault identity remove
      Connection:
      - keep-alive
      Content-Length:
      - '241'
      Content-Type:
      - application/json
      ParameterSetName:
      - --system-assigned --user-assigned -g -n
      User-Agent:
      - AZURECLI/2.52.0 azsdk-python-mgmt-recoveryservices/1.0.0b1 Python/3.10.7 (Windows-10-10.0.22621-SP0)
    method: PATCH
    uri: https://management.azure.com/subscriptions/00000000-0000-0000-0000-000000000000/resourceGroups/clitest.rg000001/providers/Microsoft.RecoveryServices/vaults/clitest-vault000002?api-version=2023-04-01
  response:
    body:
      string: ''
    headers:
      azure-asyncoperation:
      - https://management.azure.com/subscriptions/00000000-0000-0000-0000-000000000000/resourceGroups/clitest.rg000001/providers/Microsoft.RecoveryServices/vaults/clitest-vault000002/operationStatus/NDA5NTs5YTYwY2IxNy01NWI2LTQ5MGMtYWM2ZC03NzMxNWQ3ODgwMDA=?api-version=2023-04-01
      cache-control:
      - no-cache
      content-length:
      - '0'
      date:
      - Wed, 17 May 2023 12:12:34 GMT
      expires:
      - '-1'
      location:
      - https://management.azure.com/subscriptions/00000000-0000-0000-0000-000000000000/resourceGroups/clitest.rg000001/providers/Microsoft.RecoveryServices/vaults/clitest-vault000002/operationResults/NDA5NTs5YTYwY2IxNy01NWI2LTQ5MGMtYWM2ZC03NzMxNWQ3ODgwMDA=?api-version=2023-04-01
      pragma:
      - no-cache
      server:
      - Kestrel
      strict-transport-security:
      - max-age=31536000; includeSubDomains
      x-content-type-options:
      - nosniff
      x-ms-ratelimit-remaining-subscription-resource-requests:
      - '297'
    status:
      code: 202
      message: Accepted
- request:
    body: null
    headers:
      Accept:
      - '*/*'
      Accept-Encoding:
      - gzip, deflate
      CommandName:
      - backup vault identity remove
      Connection:
      - keep-alive
      ParameterSetName:
      - --system-assigned --user-assigned -g -n
      User-Agent:
      - AZURECLI/2.52.0 azsdk-python-mgmt-recoveryservices/1.0.0b1 Python/3.10.7 (Windows-10-10.0.22621-SP0)
    method: GET
    uri: https://management.azure.com/subscriptions/00000000-0000-0000-0000-000000000000/resourceGroups/clitest.rg000001/providers/Microsoft.RecoveryServices/vaults/clitest-vault000002/operationStatus/NDA5NTs5YTYwY2IxNy01NWI2LTQ5MGMtYWM2ZC03NzMxNWQ3ODgwMDA=?api-version=2023-04-01
  response:
    body:
      string: "{\r\n  \"id\": \"/subscriptions/00000000-0000-0000-0000-000000000000/resourceGroups/clitest.rg000001/providers/Microsoft.RecoveryServices/vaults/clitest-vault000002/operationStatus/NDA5NTs5YTYwY2IxNy01NWI2LTQ5MGMtYWM2ZC03NzMxNWQ3ODgwMDA=\",\r\n
        \ \"name\": \"NDA5NTs5YTYwY2IxNy01NWI2LTQ5MGMtYWM2ZC03NzMxNWQ3ODgwMDA=\",\r\n
        \ \"status\": \"InProgress\"\r\n}"
    headers:
      azure-asyncoperation:
      - https://management.azure.com/subscriptions/00000000-0000-0000-0000-000000000000/resourceGroups/clitest.rg000001/providers/Microsoft.RecoveryServices/vaults/clitest-vault000002/operationStatus/NDA5NTs5YTYwY2IxNy01NWI2LTQ5MGMtYWM2ZC03NzMxNWQ3ODgwMDA=?api-version=2023-04-01
      cache-control:
      - no-cache
      content-length:
      - '334'
      content-type:
      - application/json; charset=utf-8
      date:
      - Wed, 17 May 2023 12:12:35 GMT
      expires:
      - '-1'
      location:
      - https://management.azure.com/subscriptions/00000000-0000-0000-0000-000000000000/resourceGroups/clitest.rg000001/providers/Microsoft.RecoveryServices/vaults/clitest-vault000002/operationResults/NDA5NTs5YTYwY2IxNy01NWI2LTQ5MGMtYWM2ZC03NzMxNWQ3ODgwMDA=?api-version=2023-04-01
      pragma:
      - no-cache
      server:
      - Kestrel
      strict-transport-security:
      - max-age=31536000; includeSubDomains
      transfer-encoding:
      - chunked
      vary:
      - Accept-Encoding
      x-content-type-options:
      - nosniff
    status:
      code: 200
      message: OK
- request:
    body: null
    headers:
      Accept:
      - '*/*'
      Accept-Encoding:
      - gzip, deflate
      CommandName:
      - backup vault identity remove
      Connection:
      - keep-alive
      ParameterSetName:
      - --system-assigned --user-assigned -g -n
      User-Agent:
      - AZURECLI/2.52.0 azsdk-python-mgmt-recoveryservices/1.0.0b1 Python/3.10.7 (Windows-10-10.0.22621-SP0)
    method: GET
    uri: https://management.azure.com/subscriptions/00000000-0000-0000-0000-000000000000/resourceGroups/clitest.rg000001/providers/Microsoft.RecoveryServices/vaults/clitest-vault000002/operationStatus/NDA5NTs5YTYwY2IxNy01NWI2LTQ5MGMtYWM2ZC03NzMxNWQ3ODgwMDA=?api-version=2023-04-01
  response:
    body:
      string: "{\r\n  \"id\": \"/subscriptions/00000000-0000-0000-0000-000000000000/resourceGroups/clitest.rg000001/providers/Microsoft.RecoveryServices/vaults/clitest-vault000002/operationStatus/NDA5NTs5YTYwY2IxNy01NWI2LTQ5MGMtYWM2ZC03NzMxNWQ3ODgwMDA=\",\r\n
        \ \"name\": \"NDA5NTs5YTYwY2IxNy01NWI2LTQ5MGMtYWM2ZC03NzMxNWQ3ODgwMDA=\",\r\n
        \ \"status\": \"Succeeded\"\r\n}"
    headers:
      cache-control:
      - no-cache
      content-length:
      - '333'
      content-type:
      - application/json; charset=utf-8
      date:
      - Wed, 17 May 2023 12:13:35 GMT
      expires:
      - '-1'
      pragma:
      - no-cache
      server:
      - Kestrel
      strict-transport-security:
      - max-age=31536000; includeSubDomains
      transfer-encoding:
      - chunked
      vary:
      - Accept-Encoding
      x-content-type-options:
      - nosniff
    status:
      code: 200
      message: OK
- request:
    body: null
    headers:
      Accept:
      - '*/*'
      Accept-Encoding:
      - gzip, deflate
      CommandName:
      - backup vault identity remove
      Connection:
      - keep-alive
      ParameterSetName:
      - --system-assigned --user-assigned -g -n
      User-Agent:
      - AZURECLI/2.52.0 azsdk-python-mgmt-recoveryservices/1.0.0b1 Python/3.10.7 (Windows-10-10.0.22621-SP0)
    method: GET
    uri: https://management.azure.com/subscriptions/00000000-0000-0000-0000-000000000000/resourceGroups/clitest.rg000001/providers/Microsoft.RecoveryServices/vaults/clitest-vault000002?api-version=2023-04-01
  response:
    body:
      string: '{"location":"eastus2euap","name":"clitest-vault000002","etag":"W/\"datetime''2023-05-17T12%3A13%3A35.9921357Z''\"","identity":{"tenantId":"72f988bf-86f1-41af-91ab-2d7cd011db47","type":"UserAssigned","userAssignedIdentities":{"/subscriptions/00000000-0000-0000-0000-000000000000/resourcegroups/clitest.rg000001/providers/Microsoft.ManagedIdentity/userAssignedIdentities/clitest-identity000004":{"clientId":"4d68765d-3a29-4eaf-a9e2-4af4cbd2a6c0","principalId":"7ebf55f9-2a02-4157-b0ae-8e09507e816c"},"/subscriptions/00000000-0000-0000-0000-000000000000/resourcegroups/clitest.rg000001/providers/Microsoft.ManagedIdentity/userAssignedIdentities/clitest-identity000005":{"clientId":"1a11092a-21b7-496f-9570-d09504e826e2","principalId":"0b35c08e-c92e-4bc4-bd34-7782618cd0df"}}},"properties":{"provisioningState":"Succeeded","privateEndpointStateForBackup":"None","privateEndpointStateForSiteRecovery":"None","backupStorageVersion":"Unassigned","monitoringSettings":{"azureMonitorAlertSettings":{"alertsForAllJobFailures":"Enabled"},"classicAlertSettings":{"alertsForCriticalOperations":"Enabled"}},"securitySettings":{"immutabilitySettings":null,"softDeleteSettings":{"softDeleteRetentionPeriodInDays":14,"softDeleteState":"Enabled"},"multiUserAuthorization":"Disabled"},"publicNetworkAccess":"Enabled","restoreSettings":{"crossSubscriptionRestoreSettings":{"crossSubscriptionRestoreState":"Enabled"}}},"id":"/subscriptions/00000000-0000-0000-0000-000000000000/resourceGroups/clitest.rg000001/providers/Microsoft.RecoveryServices/vaults/clitest-vault000002","type":"Microsoft.RecoveryServices/vaults","sku":{"name":"Standard"}}'
    headers:
      cache-control:
      - no-cache
      content-length:
      - '1620'
      content-type:
      - application/json; charset=utf-8
      date:
      - Wed, 17 May 2023 12:13:36 GMT
      expires:
      - '-1'
      pragma:
      - no-cache
      server:
      - Kestrel
      strict-transport-security:
      - max-age=31536000; includeSubDomains
      transfer-encoding:
      - chunked
      vary:
      - Accept-Encoding
      x-content-type-options:
      - nosniff
    status:
      code: 200
      message: OK
- request:
    body: null
    headers:
      Accept:
      - application/json
      Accept-Encoding:
      - gzip, deflate
      CommandName:
      - backup vault identity assign
      Connection:
      - keep-alive
      ParameterSetName:
      - --system-assigned --user-assigned -g -n
      User-Agent:
      - AZURECLI/2.52.0 azsdk-python-mgmt-recoveryservices/1.0.0b1 Python/3.10.7 (Windows-10-10.0.22621-SP0)
    method: GET
    uri: https://management.azure.com/subscriptions/00000000-0000-0000-0000-000000000000/resourceGroups/clitest.rg000001/providers/Microsoft.RecoveryServices/vaults/clitest-vault000002?api-version=2023-04-01
  response:
    body:
      string: '{"location":"eastus2euap","name":"clitest-vault000002","etag":"W/\"datetime''2023-05-17T12%3A13%3A35.9921357Z''\"","identity":{"tenantId":"72f988bf-86f1-41af-91ab-2d7cd011db47","type":"UserAssigned","userAssignedIdentities":{"/subscriptions/00000000-0000-0000-0000-000000000000/resourcegroups/clitest.rg000001/providers/Microsoft.ManagedIdentity/userAssignedIdentities/clitest-identity000004":{"clientId":"4d68765d-3a29-4eaf-a9e2-4af4cbd2a6c0","principalId":"7ebf55f9-2a02-4157-b0ae-8e09507e816c"},"/subscriptions/00000000-0000-0000-0000-000000000000/resourcegroups/clitest.rg000001/providers/Microsoft.ManagedIdentity/userAssignedIdentities/clitest-identity000005":{"clientId":"1a11092a-21b7-496f-9570-d09504e826e2","principalId":"0b35c08e-c92e-4bc4-bd34-7782618cd0df"}}},"properties":{"provisioningState":"Succeeded","privateEndpointStateForBackup":"None","privateEndpointStateForSiteRecovery":"None","backupStorageVersion":"Unassigned","monitoringSettings":{"azureMonitorAlertSettings":{"alertsForAllJobFailures":"Enabled"},"classicAlertSettings":{"alertsForCriticalOperations":"Enabled"}},"securitySettings":{"immutabilitySettings":null,"softDeleteSettings":{"softDeleteRetentionPeriodInDays":14,"softDeleteState":"Enabled"},"multiUserAuthorization":"Disabled"},"publicNetworkAccess":"Enabled","restoreSettings":{"crossSubscriptionRestoreSettings":{"crossSubscriptionRestoreState":"Enabled"}}},"id":"/subscriptions/00000000-0000-0000-0000-000000000000/resourceGroups/clitest.rg000001/providers/Microsoft.RecoveryServices/vaults/clitest-vault000002","type":"Microsoft.RecoveryServices/vaults","sku":{"name":"Standard"}}'
    headers:
      cache-control:
      - no-cache
      content-length:
      - '1620'
      content-type:
      - application/json; charset=utf-8
      date:
      - Wed, 17 May 2023 12:13:37 GMT
      expires:
      - '-1'
      pragma:
      - no-cache
      server:
      - Kestrel
      strict-transport-security:
      - max-age=31536000; includeSubDomains
      transfer-encoding:
      - chunked
      vary:
      - Accept-Encoding
      x-content-type-options:
      - nosniff
    status:
      code: 200
      message: OK
- request:
    body: '{"identity": {"type": "systemassigned,userassigned", "userAssignedIdentities":
      {"/subscriptions/00000000-0000-0000-0000-000000000000/resourcegroups/clitest.rg000001/providers/Microsoft.ManagedIdentity/userAssignedIdentities/clitest-identity000003":
      {}}}}'
    headers:
      Accept:
      - application/json
      Accept-Encoding:
      - gzip, deflate
      CommandName:
      - backup vault identity assign
      Connection:
      - keep-alive
      Content-Length:
      - '254'
      Content-Type:
      - application/json
      ParameterSetName:
      - --system-assigned --user-assigned -g -n
      User-Agent:
      - AZURECLI/2.52.0 azsdk-python-mgmt-recoveryservices/1.0.0b1 Python/3.10.7 (Windows-10-10.0.22621-SP0)
    method: PATCH
    uri: https://management.azure.com/subscriptions/00000000-0000-0000-0000-000000000000/resourceGroups/clitest.rg000001/providers/Microsoft.RecoveryServices/vaults/clitest-vault000002?api-version=2023-04-01
  response:
    body:
      string: ''
    headers:
      azure-asyncoperation:
      - https://management.azure.com/subscriptions/00000000-0000-0000-0000-000000000000/resourceGroups/clitest.rg000001/providers/Microsoft.RecoveryServices/vaults/clitest-vault000002/operationStatus/NDA5NTs2YTA4MDJhZS0wZjU0LTQ4ODItOTE4Yy0wY2JiNTVhNzk4MWE=?api-version=2023-04-01
      cache-control:
      - no-cache
      content-length:
      - '0'
      date:
      - Wed, 17 May 2023 12:13:41 GMT
      expires:
      - '-1'
      location:
      - https://management.azure.com/subscriptions/00000000-0000-0000-0000-000000000000/resourceGroups/clitest.rg000001/providers/Microsoft.RecoveryServices/vaults/clitest-vault000002/operationResults/NDA5NTs2YTA4MDJhZS0wZjU0LTQ4ODItOTE4Yy0wY2JiNTVhNzk4MWE=?api-version=2023-04-01
      pragma:
      - no-cache
      server:
      - Kestrel
      strict-transport-security:
      - max-age=31536000; includeSubDomains
      x-content-type-options:
      - nosniff
      x-ms-ratelimit-remaining-subscription-resource-requests:
      - '299'
    status:
      code: 202
      message: Accepted
- request:
    body: null
    headers:
      Accept:
      - '*/*'
      Accept-Encoding:
      - gzip, deflate
      CommandName:
      - backup vault identity assign
      Connection:
      - keep-alive
      ParameterSetName:
      - --system-assigned --user-assigned -g -n
      User-Agent:
      - AZURECLI/2.52.0 azsdk-python-mgmt-recoveryservices/1.0.0b1 Python/3.10.7 (Windows-10-10.0.22621-SP0)
    method: GET
    uri: https://management.azure.com/subscriptions/00000000-0000-0000-0000-000000000000/resourceGroups/clitest.rg000001/providers/Microsoft.RecoveryServices/vaults/clitest-vault000002/operationStatus/NDA5NTs2YTA4MDJhZS0wZjU0LTQ4ODItOTE4Yy0wY2JiNTVhNzk4MWE=?api-version=2023-04-01
  response:
    body:
      string: "{\r\n  \"id\": \"/subscriptions/00000000-0000-0000-0000-000000000000/resourceGroups/clitest.rg000001/providers/Microsoft.RecoveryServices/vaults/clitest-vault000002/operationStatus/NDA5NTs2YTA4MDJhZS0wZjU0LTQ4ODItOTE4Yy0wY2JiNTVhNzk4MWE=\",\r\n
        \ \"name\": \"NDA5NTs2YTA4MDJhZS0wZjU0LTQ4ODItOTE4Yy0wY2JiNTVhNzk4MWE=\",\r\n
        \ \"status\": \"InProgress\"\r\n}"
    headers:
      azure-asyncoperation:
      - https://management.azure.com/subscriptions/00000000-0000-0000-0000-000000000000/resourceGroups/clitest.rg000001/providers/Microsoft.RecoveryServices/vaults/clitest-vault000002/operationStatus/NDA5NTs2YTA4MDJhZS0wZjU0LTQ4ODItOTE4Yy0wY2JiNTVhNzk4MWE=?api-version=2023-04-01
      cache-control:
      - no-cache
      content-length:
      - '334'
      content-type:
      - application/json; charset=utf-8
      date:
      - Wed, 17 May 2023 12:13:41 GMT
      expires:
      - '-1'
      location:
      - https://management.azure.com/subscriptions/00000000-0000-0000-0000-000000000000/resourceGroups/clitest.rg000001/providers/Microsoft.RecoveryServices/vaults/clitest-vault000002/operationResults/NDA5NTs2YTA4MDJhZS0wZjU0LTQ4ODItOTE4Yy0wY2JiNTVhNzk4MWE=?api-version=2023-04-01
      pragma:
      - no-cache
      server:
      - Kestrel
      strict-transport-security:
      - max-age=31536000; includeSubDomains
      transfer-encoding:
      - chunked
      vary:
      - Accept-Encoding
      x-content-type-options:
      - nosniff
    status:
      code: 200
      message: OK
- request:
    body: null
    headers:
      Accept:
      - '*/*'
      Accept-Encoding:
      - gzip, deflate
      CommandName:
      - backup vault identity assign
      Connection:
      - keep-alive
      ParameterSetName:
      - --system-assigned --user-assigned -g -n
      User-Agent:
      - AZURECLI/2.52.0 azsdk-python-mgmt-recoveryservices/1.0.0b1 Python/3.10.7 (Windows-10-10.0.22621-SP0)
    method: GET
    uri: https://management.azure.com/subscriptions/00000000-0000-0000-0000-000000000000/resourceGroups/clitest.rg000001/providers/Microsoft.RecoveryServices/vaults/clitest-vault000002/operationStatus/NDA5NTs2YTA4MDJhZS0wZjU0LTQ4ODItOTE4Yy0wY2JiNTVhNzk4MWE=?api-version=2023-04-01
  response:
    body:
      string: "{\r\n  \"id\": \"/subscriptions/00000000-0000-0000-0000-000000000000/resourceGroups/clitest.rg000001/providers/Microsoft.RecoveryServices/vaults/clitest-vault000002/operationStatus/NDA5NTs2YTA4MDJhZS0wZjU0LTQ4ODItOTE4Yy0wY2JiNTVhNzk4MWE=\",\r\n
        \ \"name\": \"NDA5NTs2YTA4MDJhZS0wZjU0LTQ4ODItOTE4Yy0wY2JiNTVhNzk4MWE=\",\r\n
        \ \"status\": \"Succeeded\"\r\n}"
    headers:
      cache-control:
      - no-cache
      content-length:
      - '333'
      content-type:
      - application/json; charset=utf-8
      date:
      - Wed, 17 May 2023 12:14:41 GMT
      expires:
      - '-1'
      pragma:
      - no-cache
      server:
      - Kestrel
      strict-transport-security:
      - max-age=31536000; includeSubDomains
      transfer-encoding:
      - chunked
      vary:
      - Accept-Encoding
      x-content-type-options:
      - nosniff
    status:
      code: 200
      message: OK
- request:
    body: null
    headers:
      Accept:
      - '*/*'
      Accept-Encoding:
      - gzip, deflate
      CommandName:
      - backup vault identity assign
      Connection:
      - keep-alive
      ParameterSetName:
      - --system-assigned --user-assigned -g -n
      User-Agent:
      - AZURECLI/2.52.0 azsdk-python-mgmt-recoveryservices/1.0.0b1 Python/3.10.7 (Windows-10-10.0.22621-SP0)
    method: GET
    uri: https://management.azure.com/subscriptions/00000000-0000-0000-0000-000000000000/resourceGroups/clitest.rg000001/providers/Microsoft.RecoveryServices/vaults/clitest-vault000002?api-version=2023-04-01
  response:
    body:
      string: '{"location":"eastus2euap","name":"clitest-vault000002","etag":"W/\"datetime''2023-05-17T12%3A14%3A42.182628Z''\"","identity":{"tenantId":"72f988bf-86f1-41af-91ab-2d7cd011db47","principalId":"707cc273-8c78-4989-b538-ba9e53c33df4","type":"SystemAssigned,
        UserAssigned","userAssignedIdentities":{"/subscriptions/00000000-0000-0000-0000-000000000000/resourcegroups/clitest.rg000001/providers/Microsoft.ManagedIdentity/userAssignedIdentities/clitest-identity000004":{"clientId":"4d68765d-3a29-4eaf-a9e2-4af4cbd2a6c0","principalId":"7ebf55f9-2a02-4157-b0ae-8e09507e816c"},"/subscriptions/00000000-0000-0000-0000-000000000000/resourcegroups/clitest.rg000001/providers/Microsoft.ManagedIdentity/userAssignedIdentities/clitest-identity000005":{"clientId":"1a11092a-21b7-496f-9570-d09504e826e2","principalId":"0b35c08e-c92e-4bc4-bd34-7782618cd0df"},"/subscriptions/00000000-0000-0000-0000-000000000000/resourcegroups/clitest.rg000001/providers/Microsoft.ManagedIdentity/userAssignedIdentities/clitest-identity000003":{"clientId":"21293640-230b-443b-b951-a8a9e89309e9","principalId":"72cf45ea-ca53-4933-b676-321afd916652"}}},"properties":{"provisioningState":"Succeeded","privateEndpointStateForBackup":"None","privateEndpointStateForSiteRecovery":"None","backupStorageVersion":"Unassigned","monitoringSettings":{"azureMonitorAlertSettings":{"alertsForAllJobFailures":"Enabled"},"classicAlertSettings":{"alertsForCriticalOperations":"Enabled"}},"securitySettings":{"immutabilitySettings":null,"softDeleteSettings":{"softDeleteRetentionPeriodInDays":14,"softDeleteState":"Enabled"},"multiUserAuthorization":"Disabled"},"publicNetworkAccess":"Enabled","restoreSettings":{"crossSubscriptionRestoreSettings":{"crossSubscriptionRestoreState":"Enabled"}}},"id":"/subscriptions/00000000-0000-0000-0000-000000000000/resourceGroups/clitest.rg000001/providers/Microsoft.RecoveryServices/vaults/clitest-vault000002","type":"Microsoft.RecoveryServices/vaults","sku":{"name":"Standard"}}'
    headers:
      cache-control:
      - no-cache
      content-length:
      - '1961'
      content-type:
      - application/json; charset=utf-8
      date:
      - Wed, 17 May 2023 12:14:42 GMT
      expires:
      - '-1'
      pragma:
      - no-cache
      server:
      - Kestrel
      strict-transport-security:
      - max-age=31536000; includeSubDomains
      transfer-encoding:
      - chunked
      vary:
      - Accept-Encoding
      x-content-type-options:
      - nosniff
    status:
      code: 200
      message: OK
- request:
    body: null
    headers:
      Accept:
      - application/json
      Accept-Encoding:
      - gzip, deflate
      CommandName:
      - backup vault identity remove
      Connection:
      - keep-alive
      ParameterSetName:
      - --system-assigned --user-assigned -g -n
      User-Agent:
      - AZURECLI/2.52.0 azsdk-python-mgmt-recoveryservices/1.0.0b1 Python/3.10.7 (Windows-10-10.0.22621-SP0)
    method: GET
    uri: https://management.azure.com/subscriptions/00000000-0000-0000-0000-000000000000/resourceGroups/clitest.rg000001/providers/Microsoft.RecoveryServices/vaults/clitest-vault000002?api-version=2023-04-01
  response:
    body:
      string: '{"location":"eastus2euap","name":"clitest-vault000002","etag":"W/\"datetime''2023-05-17T12%3A14%3A42.182628Z''\"","identity":{"tenantId":"72f988bf-86f1-41af-91ab-2d7cd011db47","principalId":"707cc273-8c78-4989-b538-ba9e53c33df4","type":"SystemAssigned,
        UserAssigned","userAssignedIdentities":{"/subscriptions/00000000-0000-0000-0000-000000000000/resourcegroups/clitest.rg000001/providers/Microsoft.ManagedIdentity/userAssignedIdentities/clitest-identity000004":{"clientId":"4d68765d-3a29-4eaf-a9e2-4af4cbd2a6c0","principalId":"7ebf55f9-2a02-4157-b0ae-8e09507e816c"},"/subscriptions/00000000-0000-0000-0000-000000000000/resourcegroups/clitest.rg000001/providers/Microsoft.ManagedIdentity/userAssignedIdentities/clitest-identity000005":{"clientId":"1a11092a-21b7-496f-9570-d09504e826e2","principalId":"0b35c08e-c92e-4bc4-bd34-7782618cd0df"},"/subscriptions/00000000-0000-0000-0000-000000000000/resourcegroups/clitest.rg000001/providers/Microsoft.ManagedIdentity/userAssignedIdentities/clitest-identity000003":{"clientId":"21293640-230b-443b-b951-a8a9e89309e9","principalId":"72cf45ea-ca53-4933-b676-321afd916652"}}},"properties":{"provisioningState":"Succeeded","privateEndpointStateForBackup":"None","privateEndpointStateForSiteRecovery":"None","backupStorageVersion":"Unassigned","monitoringSettings":{"azureMonitorAlertSettings":{"alertsForAllJobFailures":"Enabled"},"classicAlertSettings":{"alertsForCriticalOperations":"Enabled"}},"securitySettings":{"immutabilitySettings":null,"softDeleteSettings":{"softDeleteRetentionPeriodInDays":14,"softDeleteState":"Enabled"},"multiUserAuthorization":"Disabled"},"publicNetworkAccess":"Enabled","restoreSettings":{"crossSubscriptionRestoreSettings":{"crossSubscriptionRestoreState":"Enabled"}}},"id":"/subscriptions/00000000-0000-0000-0000-000000000000/resourceGroups/clitest.rg000001/providers/Microsoft.RecoveryServices/vaults/clitest-vault000002","type":"Microsoft.RecoveryServices/vaults","sku":{"name":"Standard"}}'
    headers:
      cache-control:
      - no-cache
      content-length:
      - '1961'
      content-type:
      - application/json; charset=utf-8
      date:
      - Wed, 17 May 2023 12:14:44 GMT
      expires:
      - '-1'
      pragma:
      - no-cache
      server:
      - Kestrel
      strict-transport-security:
      - max-age=31536000; includeSubDomains
      transfer-encoding:
      - chunked
      vary:
      - Accept-Encoding
      x-content-type-options:
      - nosniff
    status:
      code: 200
      message: OK
- request:
    body: '{"identity": {"type": "none"}}'
    headers:
      Accept:
      - application/json
      Accept-Encoding:
      - gzip, deflate
      CommandName:
      - backup vault identity remove
      Connection:
      - keep-alive
      Content-Length:
      - '30'
      Content-Type:
      - application/json
      ParameterSetName:
      - --system-assigned --user-assigned -g -n
      User-Agent:
      - AZURECLI/2.52.0 azsdk-python-mgmt-recoveryservices/1.0.0b1 Python/3.10.7 (Windows-10-10.0.22621-SP0)
    method: PATCH
    uri: https://management.azure.com/subscriptions/00000000-0000-0000-0000-000000000000/resourceGroups/clitest.rg000001/providers/Microsoft.RecoveryServices/vaults/clitest-vault000002?api-version=2023-04-01
  response:
    body:
      string: '{"location":"eastus2euap","name":"clitest-vault000002","etag":"W/\"datetime''2023-05-17T12%3A14%3A46.5416846Z''\"","identity":{"type":"None"},"properties":{"provisioningState":"Succeeded","privateEndpointStateForBackup":"None","privateEndpointStateForSiteRecovery":"None","backupStorageVersion":"Unassigned","monitoringSettings":{"azureMonitorAlertSettings":{"alertsForAllJobFailures":"Enabled"},"classicAlertSettings":{"alertsForCriticalOperations":"Enabled"}},"securitySettings":{"immutabilitySettings":null,"softDeleteSettings":{"softDeleteRetentionPeriodInDays":14,"softDeleteState":"Enabled"},"multiUserAuthorization":"Disabled"},"publicNetworkAccess":"Enabled","restoreSettings":{"crossSubscriptionRestoreSettings":{"crossSubscriptionRestoreState":"Enabled"}}},"id":"/subscriptions/00000000-0000-0000-0000-000000000000/resourceGroups/clitest.rg000001/providers/Microsoft.RecoveryServices/vaults/clitest-vault000002","type":"Microsoft.RecoveryServices/vaults","sku":{"name":"Standard"}}'
    headers:
      cache-control:
      - no-cache
      content-length:
      - '989'
      content-type:
      - application/json; charset=utf-8
      date:
      - Wed, 17 May 2023 12:14:46 GMT
      expires:
      - '-1'
      pragma:
      - no-cache
      server:
      - Kestrel
      strict-transport-security:
      - max-age=31536000; includeSubDomains
      transfer-encoding:
      - chunked
      vary:
      - Accept-Encoding
      x-content-type-options:
      - nosniff
      x-ms-ratelimit-remaining-subscription-resource-requests:
      - '298'
    status:
      code: 200
      message: OK
- request:
    body: null
    headers:
      Accept:
      - application/json
      Accept-Encoding:
      - gzip, deflate
      CommandName:
      - backup vault identity assign
      Connection:
      - keep-alive
      ParameterSetName:
      - --system-assigned -g -n
      User-Agent:
      - AZURECLI/2.52.0 azsdk-python-mgmt-recoveryservices/1.0.0b1 Python/3.10.7 (Windows-10-10.0.22621-SP0)
    method: GET
    uri: https://management.azure.com/subscriptions/00000000-0000-0000-0000-000000000000/resourceGroups/clitest.rg000001/providers/Microsoft.RecoveryServices/vaults/clitest-vault000002?api-version=2023-04-01
  response:
    body:
      string: '{"location":"eastus2euap","name":"clitest-vault000002","etag":"W/\"datetime''2023-05-17T12%3A14%3A46.5416846Z''\"","identity":{"type":"None"},"properties":{"provisioningState":"Succeeded","privateEndpointStateForBackup":"None","privateEndpointStateForSiteRecovery":"None","backupStorageVersion":"Unassigned","monitoringSettings":{"azureMonitorAlertSettings":{"alertsForAllJobFailures":"Enabled"},"classicAlertSettings":{"alertsForCriticalOperations":"Enabled"}},"securitySettings":{"immutabilitySettings":null,"softDeleteSettings":{"softDeleteRetentionPeriodInDays":14,"softDeleteState":"Enabled"},"multiUserAuthorization":"Disabled"},"publicNetworkAccess":"Enabled","restoreSettings":{"crossSubscriptionRestoreSettings":{"crossSubscriptionRestoreState":"Enabled"}}},"id":"/subscriptions/00000000-0000-0000-0000-000000000000/resourceGroups/clitest.rg000001/providers/Microsoft.RecoveryServices/vaults/clitest-vault000002","type":"Microsoft.RecoveryServices/vaults","sku":{"name":"Standard"}}'
    headers:
      cache-control:
      - no-cache
      content-length:
      - '989'
      content-type:
      - application/json; charset=utf-8
      date:
      - Wed, 17 May 2023 12:14:47 GMT
      expires:
      - '-1'
      pragma:
      - no-cache
      server:
      - Kestrel
      strict-transport-security:
      - max-age=31536000; includeSubDomains
      transfer-encoding:
      - chunked
      vary:
      - Accept-Encoding
      x-content-type-options:
      - nosniff
    status:
      code: 200
      message: OK
- request:
    body: '{"identity": {"type": "systemassigned"}}'
    headers:
      Accept:
      - application/json
      Accept-Encoding:
      - gzip, deflate
      CommandName:
      - backup vault identity assign
      Connection:
      - keep-alive
      Content-Length:
      - '40'
      Content-Type:
      - application/json
      ParameterSetName:
      - --system-assigned -g -n
      User-Agent:
      - AZURECLI/2.52.0 azsdk-python-mgmt-recoveryservices/1.0.0b1 Python/3.10.7 (Windows-10-10.0.22621-SP0)
    method: PATCH
    uri: https://management.azure.com/subscriptions/00000000-0000-0000-0000-000000000000/resourceGroups/clitest.rg000001/providers/Microsoft.RecoveryServices/vaults/clitest-vault000002?api-version=2023-04-01
  response:
    body:
      string: '{"location":"eastus2euap","name":"clitest-vault000002","etag":"W/\"datetime''2023-05-17T12%3A14%3A50.5329067Z''\"","identity":{"tenantId":"72f988bf-86f1-41af-91ab-2d7cd011db47","principalId":"e51ff91f-8093-446a-87fb-cdeb450e2a63","type":"SystemAssigned"},"properties":{"provisioningState":"Succeeded","privateEndpointStateForBackup":"None","privateEndpointStateForSiteRecovery":"None","backupStorageVersion":"Unassigned","monitoringSettings":{"azureMonitorAlertSettings":{"alertsForAllJobFailures":"Enabled"},"classicAlertSettings":{"alertsForCriticalOperations":"Enabled"}},"securitySettings":{"immutabilitySettings":null,"softDeleteSettings":{"softDeleteRetentionPeriodInDays":14,"softDeleteState":"Enabled"},"multiUserAuthorization":"Disabled"},"publicNetworkAccess":"Enabled","restoreSettings":{"crossSubscriptionRestoreSettings":{"crossSubscriptionRestoreState":"Enabled"}}},"id":"/subscriptions/00000000-0000-0000-0000-000000000000/resourceGroups/clitest.rg000001/providers/Microsoft.RecoveryServices/vaults/clitest-vault000002","type":"Microsoft.RecoveryServices/vaults","sku":{"name":"Standard"}}'
    headers:
      cache-control:
      - no-cache
      content-length:
      - '1102'
      content-type:
      - application/json; charset=utf-8
      date:
      - Wed, 17 May 2023 12:14:50 GMT
      expires:
      - '-1'
      pragma:
      - no-cache
      server:
      - Kestrel
      strict-transport-security:
      - max-age=31536000; includeSubDomains
      transfer-encoding:
      - chunked
      vary:
      - Accept-Encoding
      x-content-type-options:
      - nosniff
      x-ms-ratelimit-remaining-subscription-resource-requests:
      - '299'
    status:
      code: 200
      message: OK
- request:
    body: null
    headers:
      Accept:
      - application/json
      Accept-Encoding:
      - gzip, deflate
      CommandName:
      - backup vault identity assign
      Connection:
      - keep-alive
      ParameterSetName:
      - --user-assigned -g -n
      User-Agent:
      - AZURECLI/2.52.0 azsdk-python-mgmt-recoveryservices/1.0.0b1 Python/3.10.7 (Windows-10-10.0.22621-SP0)
    method: GET
    uri: https://management.azure.com/subscriptions/00000000-0000-0000-0000-000000000000/resourceGroups/clitest.rg000001/providers/Microsoft.RecoveryServices/vaults/clitest-vault000002?api-version=2023-04-01
  response:
    body:
      string: '{"location":"eastus2euap","name":"clitest-vault000002","etag":"W/\"datetime''2023-05-17T12%3A14%3A50.5329067Z''\"","identity":{"tenantId":"72f988bf-86f1-41af-91ab-2d7cd011db47","principalId":"e51ff91f-8093-446a-87fb-cdeb450e2a63","type":"SystemAssigned"},"properties":{"provisioningState":"Succeeded","privateEndpointStateForBackup":"None","privateEndpointStateForSiteRecovery":"None","backupStorageVersion":"Unassigned","monitoringSettings":{"azureMonitorAlertSettings":{"alertsForAllJobFailures":"Enabled"},"classicAlertSettings":{"alertsForCriticalOperations":"Enabled"}},"securitySettings":{"immutabilitySettings":null,"softDeleteSettings":{"softDeleteRetentionPeriodInDays":14,"softDeleteState":"Enabled"},"multiUserAuthorization":"Disabled"},"publicNetworkAccess":"Enabled","restoreSettings":{"crossSubscriptionRestoreSettings":{"crossSubscriptionRestoreState":"Enabled"}}},"id":"/subscriptions/00000000-0000-0000-0000-000000000000/resourceGroups/clitest.rg000001/providers/Microsoft.RecoveryServices/vaults/clitest-vault000002","type":"Microsoft.RecoveryServices/vaults","sku":{"name":"Standard"}}'
    headers:
      cache-control:
      - no-cache
      content-length:
      - '1102'
      content-type:
      - application/json; charset=utf-8
      date:
      - Wed, 17 May 2023 12:14:51 GMT
      expires:
      - '-1'
      pragma:
      - no-cache
      server:
      - Kestrel
      strict-transport-security:
      - max-age=31536000; includeSubDomains
      transfer-encoding:
      - chunked
      vary:
      - Accept-Encoding
      x-content-type-options:
      - nosniff
    status:
      code: 200
      message: OK
- request:
    body: '{"identity": {"type": "systemassigned,userassigned", "userAssignedIdentities":
      {"/subscriptions/00000000-0000-0000-0000-000000000000/resourcegroups/clitest.rg000001/providers/Microsoft.ManagedIdentity/userAssignedIdentities/clitest-identity000003":
      {}, "/subscriptions/00000000-0000-0000-0000-000000000000/resourcegroups/clitest.rg000001/providers/Microsoft.ManagedIdentity/userAssignedIdentities/clitest-identity000004":
      {}}}}'
    headers:
      Accept:
      - application/json
      Accept-Encoding:
      - gzip, deflate
      CommandName:
      - backup vault identity assign
      Connection:
      - keep-alive
      Content-Length:
      - '427'
      Content-Type:
      - application/json
      ParameterSetName:
      - --user-assigned -g -n
      User-Agent:
      - AZURECLI/2.52.0 azsdk-python-mgmt-recoveryservices/1.0.0b1 Python/3.10.7 (Windows-10-10.0.22621-SP0)
    method: PATCH
    uri: https://management.azure.com/subscriptions/00000000-0000-0000-0000-000000000000/resourceGroups/clitest.rg000001/providers/Microsoft.RecoveryServices/vaults/clitest-vault000002?api-version=2023-04-01
  response:
    body:
      string: ''
    headers:
      azure-asyncoperation:
      - https://management.azure.com/subscriptions/00000000-0000-0000-0000-000000000000/resourceGroups/clitest.rg000001/providers/Microsoft.RecoveryServices/vaults/clitest-vault000002/operationStatus/NDA5NTs2MWEzMGRlMi0zMTJmLTRlNTgtOTY5MS05NjIxYmUzYzU1N2M=?api-version=2023-04-01
      cache-control:
      - no-cache
      content-length:
      - '0'
      date:
      - Wed, 17 May 2023 12:14:53 GMT
      expires:
      - '-1'
      location:
      - https://management.azure.com/subscriptions/00000000-0000-0000-0000-000000000000/resourceGroups/clitest.rg000001/providers/Microsoft.RecoveryServices/vaults/clitest-vault000002/operationResults/NDA5NTs2MWEzMGRlMi0zMTJmLTRlNTgtOTY5MS05NjIxYmUzYzU1N2M=?api-version=2023-04-01
      pragma:
      - no-cache
      server:
      - Kestrel
      strict-transport-security:
      - max-age=31536000; includeSubDomains
      x-content-type-options:
      - nosniff
      x-ms-ratelimit-remaining-subscription-resource-requests:
      - '299'
    status:
      code: 202
      message: Accepted
- request:
    body: null
    headers:
      Accept:
      - '*/*'
      Accept-Encoding:
      - gzip, deflate
      CommandName:
      - backup vault identity assign
      Connection:
      - keep-alive
      ParameterSetName:
      - --user-assigned -g -n
      User-Agent:
      - AZURECLI/2.52.0 azsdk-python-mgmt-recoveryservices/1.0.0b1 Python/3.10.7 (Windows-10-10.0.22621-SP0)
    method: GET
    uri: https://management.azure.com/subscriptions/00000000-0000-0000-0000-000000000000/resourceGroups/clitest.rg000001/providers/Microsoft.RecoveryServices/vaults/clitest-vault000002/operationStatus/NDA5NTs2MWEzMGRlMi0zMTJmLTRlNTgtOTY5MS05NjIxYmUzYzU1N2M=?api-version=2023-04-01
  response:
    body:
      string: "{\r\n  \"id\": \"/subscriptions/00000000-0000-0000-0000-000000000000/resourceGroups/clitest.rg000001/providers/Microsoft.RecoveryServices/vaults/clitest-vault000002/operationStatus/NDA5NTs2MWEzMGRlMi0zMTJmLTRlNTgtOTY5MS05NjIxYmUzYzU1N2M=\",\r\n
        \ \"name\": \"NDA5NTs2MWEzMGRlMi0zMTJmLTRlNTgtOTY5MS05NjIxYmUzYzU1N2M=\",\r\n
        \ \"status\": \"InProgress\"\r\n}"
    headers:
      azure-asyncoperation:
      - https://management.azure.com/subscriptions/00000000-0000-0000-0000-000000000000/resourceGroups/clitest.rg000001/providers/Microsoft.RecoveryServices/vaults/clitest-vault000002/operationStatus/NDA5NTs2MWEzMGRlMi0zMTJmLTRlNTgtOTY5MS05NjIxYmUzYzU1N2M=?api-version=2023-04-01
      cache-control:
      - no-cache
      content-length:
      - '334'
      content-type:
      - application/json; charset=utf-8
      date:
      - Wed, 17 May 2023 12:14:54 GMT
      expires:
      - '-1'
      location:
      - https://management.azure.com/subscriptions/00000000-0000-0000-0000-000000000000/resourceGroups/clitest.rg000001/providers/Microsoft.RecoveryServices/vaults/clitest-vault000002/operationResults/NDA5NTs2MWEzMGRlMi0zMTJmLTRlNTgtOTY5MS05NjIxYmUzYzU1N2M=?api-version=2023-04-01
      pragma:
      - no-cache
      server:
      - Kestrel
      strict-transport-security:
      - max-age=31536000; includeSubDomains
      transfer-encoding:
      - chunked
      vary:
      - Accept-Encoding
      x-content-type-options:
      - nosniff
    status:
      code: 200
      message: OK
- request:
    body: null
    headers:
      Accept:
      - '*/*'
      Accept-Encoding:
      - gzip, deflate
      CommandName:
      - backup vault identity assign
      Connection:
      - keep-alive
      ParameterSetName:
      - --user-assigned -g -n
      User-Agent:
      - AZURECLI/2.52.0 azsdk-python-mgmt-recoveryservices/1.0.0b1 Python/3.10.7 (Windows-10-10.0.22621-SP0)
    method: GET
    uri: https://management.azure.com/subscriptions/00000000-0000-0000-0000-000000000000/resourceGroups/clitest.rg000001/providers/Microsoft.RecoveryServices/vaults/clitest-vault000002/operationStatus/NDA5NTs2MWEzMGRlMi0zMTJmLTRlNTgtOTY5MS05NjIxYmUzYzU1N2M=?api-version=2023-04-01
  response:
    body:
      string: "{\r\n  \"id\": \"/subscriptions/00000000-0000-0000-0000-000000000000/resourceGroups/clitest.rg000001/providers/Microsoft.RecoveryServices/vaults/clitest-vault000002/operationStatus/NDA5NTs2MWEzMGRlMi0zMTJmLTRlNTgtOTY5MS05NjIxYmUzYzU1N2M=\",\r\n
        \ \"name\": \"NDA5NTs2MWEzMGRlMi0zMTJmLTRlNTgtOTY5MS05NjIxYmUzYzU1N2M=\",\r\n
        \ \"status\": \"InProgress\"\r\n}"
    headers:
      azure-asyncoperation:
      - https://management.azure.com/subscriptions/00000000-0000-0000-0000-000000000000/resourceGroups/clitest.rg000001/providers/Microsoft.RecoveryServices/vaults/clitest-vault000002/operationStatus/NDA5NTs2MWEzMGRlMi0zMTJmLTRlNTgtOTY5MS05NjIxYmUzYzU1N2M=?api-version=2023-04-01
      cache-control:
      - no-cache
      content-length:
      - '334'
      content-type:
      - application/json; charset=utf-8
      date:
      - Wed, 17 May 2023 12:15:54 GMT
      expires:
      - '-1'
      location:
      - https://management.azure.com/subscriptions/00000000-0000-0000-0000-000000000000/resourceGroups/clitest.rg000001/providers/Microsoft.RecoveryServices/vaults/clitest-vault000002/operationResults/NDA5NTs2MWEzMGRlMi0zMTJmLTRlNTgtOTY5MS05NjIxYmUzYzU1N2M=?api-version=2023-04-01
      pragma:
      - no-cache
      server:
      - Kestrel
      strict-transport-security:
      - max-age=31536000; includeSubDomains
      transfer-encoding:
      - chunked
      vary:
      - Accept-Encoding
      x-content-type-options:
      - nosniff
    status:
      code: 200
      message: OK
- request:
    body: null
    headers:
      Accept:
      - '*/*'
      Accept-Encoding:
      - gzip, deflate
      CommandName:
      - backup vault identity assign
      Connection:
      - keep-alive
      ParameterSetName:
      - --user-assigned -g -n
      User-Agent:
      - AZURECLI/2.52.0 azsdk-python-mgmt-recoveryservices/1.0.0b1 Python/3.10.7 (Windows-10-10.0.22621-SP0)
    method: GET
    uri: https://management.azure.com/subscriptions/00000000-0000-0000-0000-000000000000/resourceGroups/clitest.rg000001/providers/Microsoft.RecoveryServices/vaults/clitest-vault000002/operationStatus/NDA5NTs2MWEzMGRlMi0zMTJmLTRlNTgtOTY5MS05NjIxYmUzYzU1N2M=?api-version=2023-04-01
  response:
    body:
      string: "{\r\n  \"id\": \"/subscriptions/00000000-0000-0000-0000-000000000000/resourceGroups/clitest.rg000001/providers/Microsoft.RecoveryServices/vaults/clitest-vault000002/operationStatus/NDA5NTs2MWEzMGRlMi0zMTJmLTRlNTgtOTY5MS05NjIxYmUzYzU1N2M=\",\r\n
        \ \"name\": \"NDA5NTs2MWEzMGRlMi0zMTJmLTRlNTgtOTY5MS05NjIxYmUzYzU1N2M=\",\r\n
        \ \"status\": \"Succeeded\"\r\n}"
    headers:
      cache-control:
      - no-cache
      content-length:
      - '333'
      content-type:
      - application/json; charset=utf-8
      date:
      - Wed, 17 May 2023 12:16:55 GMT
      expires:
      - '-1'
      pragma:
      - no-cache
      server:
      - Kestrel
      strict-transport-security:
      - max-age=31536000; includeSubDomains
      transfer-encoding:
      - chunked
      vary:
      - Accept-Encoding
      x-content-type-options:
      - nosniff
    status:
      code: 200
      message: OK
- request:
    body: null
    headers:
      Accept:
      - '*/*'
      Accept-Encoding:
      - gzip, deflate
      CommandName:
      - backup vault identity assign
      Connection:
      - keep-alive
      ParameterSetName:
      - --user-assigned -g -n
      User-Agent:
      - AZURECLI/2.52.0 azsdk-python-mgmt-recoveryservices/1.0.0b1 Python/3.10.7 (Windows-10-10.0.22621-SP0)
    method: GET
    uri: https://management.azure.com/subscriptions/00000000-0000-0000-0000-000000000000/resourceGroups/clitest.rg000001/providers/Microsoft.RecoveryServices/vaults/clitest-vault000002?api-version=2023-04-01
  response:
    body:
      string: '{"location":"eastus2euap","name":"clitest-vault000002","etag":"W/\"datetime''2023-05-17T12%3A15%3A55.2490169Z''\"","identity":{"tenantId":"72f988bf-86f1-41af-91ab-2d7cd011db47","principalId":"e51ff91f-8093-446a-87fb-cdeb450e2a63","type":"SystemAssigned,
        UserAssigned","userAssignedIdentities":{"/subscriptions/00000000-0000-0000-0000-000000000000/resourcegroups/clitest.rg000001/providers/Microsoft.ManagedIdentity/userAssignedIdentities/clitest-identity000003":{"clientId":"21293640-230b-443b-b951-a8a9e89309e9","principalId":"72cf45ea-ca53-4933-b676-321afd916652"},"/subscriptions/00000000-0000-0000-0000-000000000000/resourcegroups/clitest.rg000001/providers/Microsoft.ManagedIdentity/userAssignedIdentities/clitest-identity000004":{"clientId":"4d68765d-3a29-4eaf-a9e2-4af4cbd2a6c0","principalId":"7ebf55f9-2a02-4157-b0ae-8e09507e816c"}}},"properties":{"provisioningState":"Succeeded","privateEndpointStateForBackup":"None","privateEndpointStateForSiteRecovery":"None","backupStorageVersion":"Unassigned","monitoringSettings":{"azureMonitorAlertSettings":{"alertsForAllJobFailures":"Enabled"},"classicAlertSettings":{"alertsForCriticalOperations":"Enabled"}},"securitySettings":{"immutabilitySettings":null,"softDeleteSettings":{"softDeleteRetentionPeriodInDays":14,"softDeleteState":"Enabled"},"multiUserAuthorization":"Disabled"},"publicNetworkAccess":"Enabled","restoreSettings":{"crossSubscriptionRestoreSettings":{"crossSubscriptionRestoreState":"Enabled"}}},"id":"/subscriptions/00000000-0000-0000-0000-000000000000/resourceGroups/clitest.rg000001/providers/Microsoft.RecoveryServices/vaults/clitest-vault000002","type":"Microsoft.RecoveryServices/vaults","sku":{"name":"Standard"}}'
    headers:
      cache-control:
      - no-cache
      content-length:
      - '1689'
      content-type:
      - application/json; charset=utf-8
      date:
      - Wed, 17 May 2023 12:16:56 GMT
      expires:
      - '-1'
      pragma:
      - no-cache
      server:
      - Kestrel
      strict-transport-security:
      - max-age=31536000; includeSubDomains
      transfer-encoding:
      - chunked
      vary:
      - Accept-Encoding
      x-content-type-options:
      - nosniff
    status:
      code: 200
      message: OK
- request:
    body: null
    headers:
      Accept:
      - application/json
      Accept-Encoding:
      - gzip, deflate
      CommandName:
      - backup vault identity remove
      Connection:
      - keep-alive
      ParameterSetName:
      - --system-assigned -g -n
      User-Agent:
      - AZURECLI/2.52.0 azsdk-python-mgmt-recoveryservices/1.0.0b1 Python/3.10.7 (Windows-10-10.0.22621-SP0)
    method: GET
    uri: https://management.azure.com/subscriptions/00000000-0000-0000-0000-000000000000/resourceGroups/clitest.rg000001/providers/Microsoft.RecoveryServices/vaults/clitest-vault000002?api-version=2023-04-01
  response:
    body:
      string: '{"location":"eastus2euap","name":"clitest-vault000002","etag":"W/\"datetime''2023-05-17T12%3A15%3A55.2490169Z''\"","identity":{"tenantId":"72f988bf-86f1-41af-91ab-2d7cd011db47","principalId":"e51ff91f-8093-446a-87fb-cdeb450e2a63","type":"SystemAssigned,
        UserAssigned","userAssignedIdentities":{"/subscriptions/00000000-0000-0000-0000-000000000000/resourcegroups/clitest.rg000001/providers/Microsoft.ManagedIdentity/userAssignedIdentities/clitest-identity000003":{"clientId":"21293640-230b-443b-b951-a8a9e89309e9","principalId":"72cf45ea-ca53-4933-b676-321afd916652"},"/subscriptions/00000000-0000-0000-0000-000000000000/resourcegroups/clitest.rg000001/providers/Microsoft.ManagedIdentity/userAssignedIdentities/clitest-identity000004":{"clientId":"4d68765d-3a29-4eaf-a9e2-4af4cbd2a6c0","principalId":"7ebf55f9-2a02-4157-b0ae-8e09507e816c"}}},"properties":{"provisioningState":"Succeeded","privateEndpointStateForBackup":"None","privateEndpointStateForSiteRecovery":"None","backupStorageVersion":"Unassigned","monitoringSettings":{"azureMonitorAlertSettings":{"alertsForAllJobFailures":"Enabled"},"classicAlertSettings":{"alertsForCriticalOperations":"Enabled"}},"securitySettings":{"immutabilitySettings":null,"softDeleteSettings":{"softDeleteRetentionPeriodInDays":14,"softDeleteState":"Enabled"},"multiUserAuthorization":"Disabled"},"publicNetworkAccess":"Enabled","restoreSettings":{"crossSubscriptionRestoreSettings":{"crossSubscriptionRestoreState":"Enabled"}}},"id":"/subscriptions/00000000-0000-0000-0000-000000000000/resourceGroups/clitest.rg000001/providers/Microsoft.RecoveryServices/vaults/clitest-vault000002","type":"Microsoft.RecoveryServices/vaults","sku":{"name":"Standard"}}'
    headers:
      cache-control:
      - no-cache
      content-length:
      - '1689'
      content-type:
      - application/json; charset=utf-8
      date:
      - Wed, 17 May 2023 12:17:02 GMT
      expires:
      - '-1'
      pragma:
      - no-cache
      server:
      - Kestrel
      strict-transport-security:
      - max-age=31536000; includeSubDomains
      transfer-encoding:
      - chunked
      vary:
      - Accept-Encoding
      x-content-type-options:
      - nosniff
    status:
      code: 200
      message: OK
- request:
    body: '{"identity": {"type": "userassigned"}}'
    headers:
      Accept:
      - application/json
      Accept-Encoding:
      - gzip, deflate
      CommandName:
      - backup vault identity remove
      Connection:
      - keep-alive
      Content-Length:
      - '38'
      Content-Type:
      - application/json
      ParameterSetName:
      - --system-assigned -g -n
      User-Agent:
      - AZURECLI/2.52.0 azsdk-python-mgmt-recoveryservices/1.0.0b1 Python/3.10.7 (Windows-10-10.0.22621-SP0)
    method: PATCH
    uri: https://management.azure.com/subscriptions/00000000-0000-0000-0000-000000000000/resourceGroups/clitest.rg000001/providers/Microsoft.RecoveryServices/vaults/clitest-vault000002?api-version=2023-04-01
  response:
    body:
      string: ''
    headers:
      azure-asyncoperation:
      - https://management.azure.com/subscriptions/00000000-0000-0000-0000-000000000000/resourceGroups/clitest.rg000001/providers/Microsoft.RecoveryServices/vaults/clitest-vault000002/operationStatus/NDA5NTswMzc1NjdlYi0zMjVlLTRlMjQtOGZlMC0zZGU0MzY1YjkwMjY=?api-version=2023-04-01
      cache-control:
      - no-cache
      content-length:
      - '0'
      date:
      - Wed, 17 May 2023 12:17:04 GMT
      expires:
      - '-1'
      location:
      - https://management.azure.com/subscriptions/00000000-0000-0000-0000-000000000000/resourceGroups/clitest.rg000001/providers/Microsoft.RecoveryServices/vaults/clitest-vault000002/operationResults/NDA5NTswMzc1NjdlYi0zMjVlLTRlMjQtOGZlMC0zZGU0MzY1YjkwMjY=?api-version=2023-04-01
      pragma:
      - no-cache
      server:
      - Kestrel
      strict-transport-security:
      - max-age=31536000; includeSubDomains
      x-content-type-options:
      - nosniff
      x-ms-ratelimit-remaining-subscription-resource-requests:
      - '299'
    status:
      code: 202
      message: Accepted
- request:
    body: null
    headers:
      Accept:
      - '*/*'
      Accept-Encoding:
      - gzip, deflate
      CommandName:
      - backup vault identity remove
      Connection:
      - keep-alive
      ParameterSetName:
      - --system-assigned -g -n
      User-Agent:
      - AZURECLI/2.52.0 azsdk-python-mgmt-recoveryservices/1.0.0b1 Python/3.10.7 (Windows-10-10.0.22621-SP0)
    method: GET
    uri: https://management.azure.com/subscriptions/00000000-0000-0000-0000-000000000000/resourceGroups/clitest.rg000001/providers/Microsoft.RecoveryServices/vaults/clitest-vault000002/operationStatus/NDA5NTswMzc1NjdlYi0zMjVlLTRlMjQtOGZlMC0zZGU0MzY1YjkwMjY=?api-version=2023-04-01
  response:
    body:
      string: "{\r\n  \"id\": \"/subscriptions/00000000-0000-0000-0000-000000000000/resourceGroups/clitest.rg000001/providers/Microsoft.RecoveryServices/vaults/clitest-vault000002/operationStatus/NDA5NTswMzc1NjdlYi0zMjVlLTRlMjQtOGZlMC0zZGU0MzY1YjkwMjY=\",\r\n
        \ \"name\": \"NDA5NTswMzc1NjdlYi0zMjVlLTRlMjQtOGZlMC0zZGU0MzY1YjkwMjY=\",\r\n
        \ \"status\": \"InProgress\"\r\n}"
    headers:
      azure-asyncoperation:
      - https://management.azure.com/subscriptions/00000000-0000-0000-0000-000000000000/resourceGroups/clitest.rg000001/providers/Microsoft.RecoveryServices/vaults/clitest-vault000002/operationStatus/NDA5NTswMzc1NjdlYi0zMjVlLTRlMjQtOGZlMC0zZGU0MzY1YjkwMjY=?api-version=2023-04-01
      cache-control:
      - no-cache
      content-length:
      - '334'
      content-type:
      - application/json; charset=utf-8
      date:
      - Wed, 17 May 2023 12:17:05 GMT
      expires:
      - '-1'
      location:
      - https://management.azure.com/subscriptions/00000000-0000-0000-0000-000000000000/resourceGroups/clitest.rg000001/providers/Microsoft.RecoveryServices/vaults/clitest-vault000002/operationResults/NDA5NTswMzc1NjdlYi0zMjVlLTRlMjQtOGZlMC0zZGU0MzY1YjkwMjY=?api-version=2023-04-01
      pragma:
      - no-cache
      server:
      - Kestrel
      strict-transport-security:
      - max-age=31536000; includeSubDomains
      transfer-encoding:
      - chunked
      vary:
      - Accept-Encoding
      x-content-type-options:
      - nosniff
    status:
      code: 200
      message: OK
- request:
    body: null
    headers:
      Accept:
      - '*/*'
      Accept-Encoding:
      - gzip, deflate
      CommandName:
      - backup vault identity remove
      Connection:
      - keep-alive
      ParameterSetName:
      - --system-assigned -g -n
      User-Agent:
      - AZURECLI/2.52.0 azsdk-python-mgmt-recoveryservices/1.0.0b1 Python/3.10.7 (Windows-10-10.0.22621-SP0)
    method: GET
    uri: https://management.azure.com/subscriptions/00000000-0000-0000-0000-000000000000/resourceGroups/clitest.rg000001/providers/Microsoft.RecoveryServices/vaults/clitest-vault000002/operationStatus/NDA5NTswMzc1NjdlYi0zMjVlLTRlMjQtOGZlMC0zZGU0MzY1YjkwMjY=?api-version=2023-04-01
  response:
    body:
      string: "{\r\n  \"id\": \"/subscriptions/00000000-0000-0000-0000-000000000000/resourceGroups/clitest.rg000001/providers/Microsoft.RecoveryServices/vaults/clitest-vault000002/operationStatus/NDA5NTswMzc1NjdlYi0zMjVlLTRlMjQtOGZlMC0zZGU0MzY1YjkwMjY=\",\r\n
        \ \"name\": \"NDA5NTswMzc1NjdlYi0zMjVlLTRlMjQtOGZlMC0zZGU0MzY1YjkwMjY=\",\r\n
        \ \"status\": \"Succeeded\"\r\n}"
    headers:
      cache-control:
      - no-cache
      content-length:
      - '333'
      content-type:
      - application/json; charset=utf-8
      date:
      - Wed, 17 May 2023 12:18:05 GMT
      expires:
      - '-1'
      pragma:
      - no-cache
      server:
      - Kestrel
      strict-transport-security:
      - max-age=31536000; includeSubDomains
      transfer-encoding:
      - chunked
      vary:
      - Accept-Encoding
      x-content-type-options:
      - nosniff
    status:
      code: 200
      message: OK
- request:
    body: null
    headers:
      Accept:
      - '*/*'
      Accept-Encoding:
      - gzip, deflate
      CommandName:
      - backup vault identity remove
      Connection:
      - keep-alive
      ParameterSetName:
      - --system-assigned -g -n
      User-Agent:
      - AZURECLI/2.52.0 azsdk-python-mgmt-recoveryservices/1.0.0b1 Python/3.10.7 (Windows-10-10.0.22621-SP0)
    method: GET
    uri: https://management.azure.com/subscriptions/00000000-0000-0000-0000-000000000000/resourceGroups/clitest.rg000001/providers/Microsoft.RecoveryServices/vaults/clitest-vault000002?api-version=2023-04-01
  response:
    body:
      string: '{"location":"eastus2euap","name":"clitest-vault000002","etag":"W/\"datetime''2023-05-17T12%3A17%3A06.4562159Z''\"","identity":{"tenantId":"72f988bf-86f1-41af-91ab-2d7cd011db47","type":"UserAssigned","userAssignedIdentities":{"/subscriptions/00000000-0000-0000-0000-000000000000/resourcegroups/clitest.rg000001/providers/Microsoft.ManagedIdentity/userAssignedIdentities/clitest-identity000003":{"clientId":"21293640-230b-443b-b951-a8a9e89309e9","principalId":"72cf45ea-ca53-4933-b676-321afd916652"},"/subscriptions/00000000-0000-0000-0000-000000000000/resourcegroups/clitest.rg000001/providers/Microsoft.ManagedIdentity/userAssignedIdentities/clitest-identity000004":{"clientId":"4d68765d-3a29-4eaf-a9e2-4af4cbd2a6c0","principalId":"7ebf55f9-2a02-4157-b0ae-8e09507e816c"}}},"properties":{"provisioningState":"Succeeded","privateEndpointStateForBackup":"None","privateEndpointStateForSiteRecovery":"None","backupStorageVersion":"Unassigned","monitoringSettings":{"azureMonitorAlertSettings":{"alertsForAllJobFailures":"Enabled"},"classicAlertSettings":{"alertsForCriticalOperations":"Enabled"}},"securitySettings":{"immutabilitySettings":null,"softDeleteSettings":{"softDeleteRetentionPeriodInDays":14,"softDeleteState":"Enabled"},"multiUserAuthorization":"Disabled"},"publicNetworkAccess":"Enabled","restoreSettings":{"crossSubscriptionRestoreSettings":{"crossSubscriptionRestoreState":"Enabled"}}},"id":"/subscriptions/00000000-0000-0000-0000-000000000000/resourceGroups/clitest.rg000001/providers/Microsoft.RecoveryServices/vaults/clitest-vault000002","type":"Microsoft.RecoveryServices/vaults","sku":{"name":"Standard"}}'
    headers:
      cache-control:
      - no-cache
      content-length:
      - '1620'
      content-type:
      - application/json; charset=utf-8
      date:
      - Wed, 17 May 2023 12:18:05 GMT
      expires:
      - '-1'
      pragma:
      - no-cache
      server:
      - Kestrel
      strict-transport-security:
      - max-age=31536000; includeSubDomains
      transfer-encoding:
      - chunked
      vary:
      - Accept-Encoding
      x-content-type-options:
      - nosniff
    status:
      code: 200
      message: OK
- request:
    body: null
    headers:
      Accept:
      - application/json
      Accept-Encoding:
      - gzip, deflate
      CommandName:
      - backup vault identity remove
      Connection:
      - keep-alive
      ParameterSetName:
      - --user-assigned -g -n
      User-Agent:
      - AZURECLI/2.52.0 azsdk-python-mgmt-recoveryservices/1.0.0b1 Python/3.10.7 (Windows-10-10.0.22621-SP0)
    method: GET
    uri: https://management.azure.com/subscriptions/00000000-0000-0000-0000-000000000000/resourceGroups/clitest.rg000001/providers/Microsoft.RecoveryServices/vaults/clitest-vault000002?api-version=2023-04-01
  response:
    body:
      string: '{"location":"eastus2euap","name":"clitest-vault000002","etag":"W/\"datetime''2023-05-17T12%3A17%3A06.4562159Z''\"","identity":{"tenantId":"72f988bf-86f1-41af-91ab-2d7cd011db47","type":"UserAssigned","userAssignedIdentities":{"/subscriptions/00000000-0000-0000-0000-000000000000/resourcegroups/clitest.rg000001/providers/Microsoft.ManagedIdentity/userAssignedIdentities/clitest-identity000003":{"clientId":"21293640-230b-443b-b951-a8a9e89309e9","principalId":"72cf45ea-ca53-4933-b676-321afd916652"},"/subscriptions/00000000-0000-0000-0000-000000000000/resourcegroups/clitest.rg000001/providers/Microsoft.ManagedIdentity/userAssignedIdentities/clitest-identity000004":{"clientId":"4d68765d-3a29-4eaf-a9e2-4af4cbd2a6c0","principalId":"7ebf55f9-2a02-4157-b0ae-8e09507e816c"}}},"properties":{"provisioningState":"Succeeded","privateEndpointStateForBackup":"None","privateEndpointStateForSiteRecovery":"None","backupStorageVersion":"Unassigned","monitoringSettings":{"azureMonitorAlertSettings":{"alertsForAllJobFailures":"Enabled"},"classicAlertSettings":{"alertsForCriticalOperations":"Enabled"}},"securitySettings":{"immutabilitySettings":null,"softDeleteSettings":{"softDeleteRetentionPeriodInDays":14,"softDeleteState":"Enabled"},"multiUserAuthorization":"Disabled"},"publicNetworkAccess":"Enabled","restoreSettings":{"crossSubscriptionRestoreSettings":{"crossSubscriptionRestoreState":"Enabled"}}},"id":"/subscriptions/00000000-0000-0000-0000-000000000000/resourceGroups/clitest.rg000001/providers/Microsoft.RecoveryServices/vaults/clitest-vault000002","type":"Microsoft.RecoveryServices/vaults","sku":{"name":"Standard"}}'
    headers:
      cache-control:
      - no-cache
      content-length:
      - '1620'
      content-type:
      - application/json; charset=utf-8
      date:
      - Wed, 17 May 2023 12:18:07 GMT
      expires:
      - '-1'
      pragma:
      - no-cache
      server:
      - Kestrel
      strict-transport-security:
      - max-age=31536000; includeSubDomains
      transfer-encoding:
      - chunked
      vary:
      - Accept-Encoding
      x-content-type-options:
      - nosniff
    status:
      code: 200
      message: OK
- request:
    body: '{"identity": {"type": "none"}}'
    headers:
      Accept:
      - application/json
      Accept-Encoding:
      - gzip, deflate
      CommandName:
      - backup vault identity remove
      Connection:
      - keep-alive
      Content-Length:
      - '30'
      Content-Type:
      - application/json
      ParameterSetName:
      - --user-assigned -g -n
      User-Agent:
      - AZURECLI/2.52.0 azsdk-python-mgmt-recoveryservices/1.0.0b1 Python/3.10.7 (Windows-10-10.0.22621-SP0)
    method: PATCH
    uri: https://management.azure.com/subscriptions/00000000-0000-0000-0000-000000000000/resourceGroups/clitest.rg000001/providers/Microsoft.RecoveryServices/vaults/clitest-vault000002?api-version=2023-04-01
  response:
    body:
      string: '{"location":"eastus2euap","name":"clitest-vault000002","etag":"W/\"datetime''2023-05-17T12%3A18%3A10.3126928Z''\"","identity":{"type":"None"},"properties":{"provisioningState":"Succeeded","privateEndpointStateForBackup":"None","privateEndpointStateForSiteRecovery":"None","backupStorageVersion":"Unassigned","monitoringSettings":{"azureMonitorAlertSettings":{"alertsForAllJobFailures":"Enabled"},"classicAlertSettings":{"alertsForCriticalOperations":"Enabled"}},"securitySettings":{"immutabilitySettings":null,"softDeleteSettings":{"softDeleteRetentionPeriodInDays":14,"softDeleteState":"Enabled"},"multiUserAuthorization":"Disabled"},"publicNetworkAccess":"Enabled","restoreSettings":{"crossSubscriptionRestoreSettings":{"crossSubscriptionRestoreState":"Enabled"}}},"id":"/subscriptions/00000000-0000-0000-0000-000000000000/resourceGroups/clitest.rg000001/providers/Microsoft.RecoveryServices/vaults/clitest-vault000002","type":"Microsoft.RecoveryServices/vaults","sku":{"name":"Standard"}}'
    headers:
      cache-control:
      - no-cache
      content-length:
      - '989'
      content-type:
      - application/json; charset=utf-8
      date:
      - Wed, 17 May 2023 12:18:15 GMT
      expires:
      - '-1'
      pragma:
      - no-cache
      server:
      - Kestrel
      strict-transport-security:
      - max-age=31536000; includeSubDomains
      transfer-encoding:
      - chunked
      vary:
      - Accept-Encoding
      x-content-type-options:
      - nosniff
      x-ms-ratelimit-remaining-subscription-resource-requests:
      - '297'
    status:
      code: 200
      message: OK
- request:
    body: null
    headers:
      Accept:
      - application/json
      Accept-Encoding:
      - gzip, deflate
      CommandName:
      - backup container list
      Connection:
      - keep-alive
      ParameterSetName:
      - --backup-management-type -v -g --query
      User-Agent:
      - AZURECLI/2.52.0 (PIP) azsdk-python-mgmt-recoveryservicesbackup/1.0.0b1 Python/3.10.7
        (Windows-10-10.0.22621-SP0)
    method: GET
    uri: https://management.azure.com/subscriptions/00000000-0000-0000-0000-000000000000/resourceGroups/clitest.rg000001/providers/Microsoft.RecoveryServices/vaults/clitest-vault000002/backupProtectionContainers?api-version=2023-04-01&%24filter=backupManagementType+eq+%27AzureIaasVM%27+and+status+eq+%27Registered%27
  response:
    body:
      string: '{"value":[]}'
    headers:
      cache-control:
      - no-cache
      content-length:
      - '12'
      content-type:
      - application/json; charset=utf-8
      date:
      - Wed, 17 May 2023 12:18:15 GMT
      expires:
      - '-1'
      pragma:
      - no-cache
      server:
      - Kestrel
      strict-transport-security:
      - max-age=31536000; includeSubDomains
      transfer-encoding:
      - chunked
      vary:
      - Accept-Encoding
      x-content-type-options:
      - nosniff
      x-ms-ratelimit-remaining-subscription-resource-requests:
      - '297'
    status:
      code: 200
      message: OK
- request:
    body: null
    headers:
      Accept:
      - application/json
      Accept-Encoding:
      - gzip, deflate
      CommandName:
      - backup vault delete
      Connection:
      - keep-alive
      Content-Length:
      - '0'
      ParameterSetName:
      - -n -g --yes
      User-Agent:
      - AZURECLI/2.52.0 azsdk-python-mgmt-recoveryservices/1.0.0b1 Python/3.10.7 (Windows-10-10.0.22621-SP0)
    method: DELETE
    uri: https://management.azure.com/subscriptions/00000000-0000-0000-0000-000000000000/resourceGroups/clitest.rg000001/providers/Microsoft.RecoveryServices/vaults/clitest-vault000002?api-version=2023-04-01
  response:
    body:
      string: ''
    headers:
      cache-control:
      - no-cache
      content-length:
      - '0'
      date:
      - Wed, 17 May 2023 12:18:25 GMT
      expires:
      - '-1'
      pragma:
      - no-cache
      server:
      - Kestrel
      strict-transport-security:
      - max-age=31536000; includeSubDomains
      x-content-type-options:
      - nosniff
      x-ms-ratelimit-remaining-subscription-resource-requests:
      - '48'
    status:
      code: 200
      message: OK
version: 1
