interactions:
- request:
    body: '{"location": "eastasia", "properties": {"monitoringSettings": {"azureMonitorAlertSettings":
      {"alertsForAllJobFailures": "Enabled"}, "classicAlertSettings": {"alertsForCriticalOperations":
      "Enabled"}}}, "sku": {"name": "Standard"}}'
    headers:
      Accept:
      - application/json
      Accept-Encoding:
      - gzip, deflate
      CommandName:
      - backup vault create
      Connection:
      - keep-alive
      Content-Length:
      - '230'
      Content-Type:
      - application/json
      ParameterSetName:
      - -n -g --location
      User-Agent:
      - AZURECLI/2.39.0 azsdk-python-mgmt-recoveryservices/2.1.0 Python/3.8.5 (Windows-10-10.0.22000-SP0)
    method: PUT
    uri: https://management.azure.com/subscriptions/00000000-0000-0000-0000-000000000000/resourceGroups/clitest.rg000001/providers/Microsoft.RecoveryServices/vaults/clitest-vault000002?api-version=2022-04-01
  response:
    body:
      string: '{"location":"eastasia","name":"clitest-vault000002","etag":"W/\"datetime''2022-08-22T06%3A11%3A22.927446Z''\"","properties":{"provisioningState":"Provisioning","privateEndpointStateForBackup":"None","privateEndpointStateForSiteRecovery":"None","networkSettings":{"publicNetworkAccess":"Enabled"},"monitoringSettings":{"azureMonitorAlertSettings":{"alertsForAllJobFailures":"Enabled"},"classicAlertSettings":{"alertsForCriticalOperations":"Enabled"}}},"id":"/subscriptions/00000000-0000-0000-0000-000000000000/resourceGroups/clitest.rg000001/providers/Microsoft.RecoveryServices/vaults/clitest-vault000002","type":"Microsoft.RecoveryServices/vaults","sku":{"name":"Standard"}}'
    headers:
      azure-asyncoperation:
      - https://management.azure.com/subscriptions/00000000-0000-0000-0000-000000000000/resourceGroups/clitest.rg000001/providers/Microsoft.RecoveryServices/vaults/clitest-vault000002/operationStatus/MjA0NzsxOTU3NmY2OS05YzhmLTRiNTUtODE1Yi1kOTJiODcyN2ZlOTI=?api-version=2022-04-01
      cache-control:
      - no-cache
      content-length:
      - '673'
      content-type:
      - application/json; charset=utf-8
      date:
      - Mon, 22 Aug 2022 06:11:23 GMT
      expires:
      - '-1'
      pragma:
      - no-cache
      server:
      - Kestrel
      strict-transport-security:
      - max-age=31536000; includeSubDomains
      x-content-type-options:
      - nosniff
      x-ms-ratelimit-remaining-subscription-resource-requests:
      - '298'
    status:
      code: 201
      message: Created
- request:
    body: null
    headers:
      Accept:
      - '*/*'
      Accept-Encoding:
      - gzip, deflate
      CommandName:
      - backup vault create
      Connection:
      - keep-alive
      ParameterSetName:
      - -n -g --location
      User-Agent:
      - AZURECLI/2.39.0 azsdk-python-mgmt-recoveryservices/2.1.0 Python/3.8.5 (Windows-10-10.0.22000-SP0)
    method: GET
    uri: https://management.azure.com/subscriptions/00000000-0000-0000-0000-000000000000/resourceGroups/clitest.rg000001/providers/Microsoft.RecoveryServices/vaults/clitest-vault000002/operationStatus/MjA0NzsxOTU3NmY2OS05YzhmLTRiNTUtODE1Yi1kOTJiODcyN2ZlOTI=?api-version=2022-04-01
  response:
    body:
      string: "{\r\n  \"id\": \"/subscriptions/00000000-0000-0000-0000-000000000000/resourceGroups/clitest.rg000001/providers/Microsoft.RecoveryServices/vaults/clitest-vault000002/operationStatus/MjA0NzsxOTU3NmY2OS05YzhmLTRiNTUtODE1Yi1kOTJiODcyN2ZlOTI=\",\r\n
        \ \"name\": \"MjA0NzsxOTU3NmY2OS05YzhmLTRiNTUtODE1Yi1kOTJiODcyN2ZlOTI=\",\r\n
        \ \"status\": \"Succeeded\",\r\n  \"percentComplete\": 0.0\r\n}"
    headers:
      cache-control:
      - no-cache
      content-length:
      - '360'
      content-type:
      - application/json; charset=utf-8
      date:
      - Mon, 22 Aug 2022 06:12:24 GMT
      expires:
      - '-1'
      pragma:
      - no-cache
      server:
      - Kestrel
      strict-transport-security:
      - max-age=31536000; includeSubDomains
      transfer-encoding:
      - chunked
      vary:
      - Accept-Encoding
      x-content-type-options:
      - nosniff
    status:
      code: 200
      message: OK
- request:
    body: null
    headers:
      Accept:
      - '*/*'
      Accept-Encoding:
      - gzip, deflate
      CommandName:
      - backup vault create
      Connection:
      - keep-alive
      ParameterSetName:
      - -n -g --location
      User-Agent:
      - AZURECLI/2.39.0 azsdk-python-mgmt-recoveryservices/2.1.0 Python/3.8.5 (Windows-10-10.0.22000-SP0)
    method: GET
    uri: https://management.azure.com/subscriptions/00000000-0000-0000-0000-000000000000/resourceGroups/clitest.rg000001/providers/Microsoft.RecoveryServices/vaults/clitest-vault000002?api-version=2022-04-01
  response:
    body:
      string: '{"location":"eastasia","name":"clitest-vault000002","etag":"W/\"datetime''2022-08-22T06%3A11%3A27.4995302Z''\"","properties":{"provisioningState":"Succeeded","privateEndpointStateForBackup":"None","privateEndpointStateForSiteRecovery":"None","networkSettings":{"publicNetworkAccess":"Enabled"},"monitoringSettings":{"azureMonitorAlertSettings":{"alertsForAllJobFailures":"Enabled"},"classicAlertSettings":{"alertsForCriticalOperations":"Enabled"}}},"id":"/subscriptions/00000000-0000-0000-0000-000000000000/resourceGroups/clitest.rg000001/providers/Microsoft.RecoveryServices/vaults/clitest-vault000002","type":"Microsoft.RecoveryServices/vaults","sku":{"name":"Standard"}}'
    headers:
      cache-control:
      - no-cache
      content-length:
      - '671'
      content-type:
      - application/json; charset=utf-8
      date:
      - Mon, 22 Aug 2022 06:12:24 GMT
      expires:
      - '-1'
      pragma:
      - no-cache
      server:
      - Kestrel
      strict-transport-security:
      - max-age=31536000; includeSubDomains
      transfer-encoding:
      - chunked
      vary:
      - Accept-Encoding
      x-content-type-options:
      - nosniff
    status:
      code: 200
      message: OK
- request:
    body: null
    headers:
      Accept:
      - application/json
      Accept-Encoding:
      - gzip, deflate
      CommandName:
      - storage account show-connection-string
      Connection:
      - keep-alive
      Content-Length:
      - '0'
      ParameterSetName:
      - -n -g
      User-Agent:
      - AZURECLI/2.39.0 azsdk-python-azure-mgmt-storage/20.1.0 Python/3.8.5 (Windows-10-10.0.22000-SP0)
    method: POST
    uri: https://management.azure.com/subscriptions/00000000-0000-0000-0000-000000000000/resourceGroups/clitest.rg000001/providers/Microsoft.Storage/storageAccounts/clitest000003/listKeys?api-version=2022-05-01&$expand=kerb
  response:
    body:
      string: '{"keys":[{"creationTime":"2022-08-22T06:12:33.2486555Z","keyName":"key1","value":"veryFakedStorageAccountKey==","permissions":"FULL"},{"creationTime":"2022-08-22T06:12:33.2486555Z","keyName":"key2","value":"veryFakedStorageAccountKey==","permissions":"FULL"}]}'
    headers:
      cache-control:
      - no-cache
      content-length:
      - '260'
      content-type:
      - application/json
      date:
      - Mon, 22 Aug 2022 06:13:02 GMT
      expires:
      - '-1'
      pragma:
      - no-cache
      server:
      - Microsoft-Azure-Storage-Resource-Provider/1.0,Microsoft-HTTPAPI/2.0 Microsoft-HTTPAPI/2.0
      strict-transport-security:
      - max-age=31536000; includeSubDomains
      transfer-encoding:
      - chunked
      vary:
      - Accept-Encoding
      x-content-type-options:
      - nosniff
      x-ms-ratelimit-remaining-subscription-resource-requests:
      - '11996'
    status:
      code: 200
      message: OK
- request:
    body: null
    headers:
      Accept:
      - application/json
      Accept-Encoding:
      - gzip, deflate
      CommandName:
      - storage account show-connection-string
      Connection:
      - keep-alive
      ParameterSetName:
      - -n -g
      User-Agent:
      - AZURECLI/2.39.0 azsdk-python-azure-mgmt-storage/20.1.0 Python/3.8.5 (Windows-10-10.0.22000-SP0)
    method: GET
    uri: https://management.azure.com/subscriptions/00000000-0000-0000-0000-000000000000/resourceGroups/clitest.rg000001/providers/Microsoft.Storage/storageAccounts/clitest000003?api-version=2022-05-01
  response:
    body:
      string: '{"sku":{"name":"Standard_LRS","tier":"Standard"},"kind":"Storage","id":"/subscriptions/00000000-0000-0000-0000-000000000000/resourceGroups/clitest.rg000001/providers/Microsoft.Storage/storageAccounts/clitest000003","name":"clitest000003","type":"Microsoft.Storage/storageAccounts","location":"eastasia","tags":{},"properties":{"keyCreationTime":{"key1":"2022-08-22T06:12:33.2486555Z","key2":"2022-08-22T06:12:33.2486555Z"},"privateEndpointConnections":[],"minimumTlsVersion":"TLS1_0","allowBlobPublicAccess":true,"networkAcls":{"bypass":"AzureServices","virtualNetworkRules":[],"ipRules":[],"defaultAction":"Allow"},"supportsHttpsTrafficOnly":true,"encryption":{"services":{"file":{"keyType":"Account","enabled":true,"lastEnabledTime":"2022-08-22T06:12:33.2643302Z"},"blob":{"keyType":"Account","enabled":true,"lastEnabledTime":"2022-08-22T06:12:33.2643302Z"}},"keySource":"Microsoft.Storage"},"provisioningState":"Succeeded","creationTime":"2022-08-22T06:12:33.1861669Z","primaryEndpoints":{"blob":"https://clitest000003.blob.core.windows.net/","queue":"https://clitest000003.queue.core.windows.net/","table":"https://clitest000003.table.core.windows.net/","file":"https://clitest000003.file.core.windows.net/"},"primaryLocation":"eastasia","statusOfPrimary":"available"}}'
    headers:
      cache-control:
      - no-cache
      content-length:
      - '1273'
      content-type:
      - application/json
      date:
      - Mon, 22 Aug 2022 06:13:02 GMT
      expires:
      - '-1'
      pragma:
      - no-cache
      server:
      - Microsoft-Azure-Storage-Resource-Provider/1.0,Microsoft-HTTPAPI/2.0 Microsoft-HTTPAPI/2.0
      strict-transport-security:
      - max-age=31536000; includeSubDomains
      transfer-encoding:
      - chunked
      vary:
      - Accept-Encoding
      x-content-type-options:
      - nosniff
    status:
      code: 200
      message: OK
- request:
    body: null
    headers:
      Accept:
      - application/xml
      Accept-Encoding:
      - gzip, deflate
      CommandName:
      - storage share create
      Connection:
      - keep-alive
      Content-Length:
      - '0'
      ParameterSetName:
      - --name --quota --connection-string
      User-Agent:
      - AZURECLI/2.39.0 azsdk-python-storage-file-share/12.8.0 Python/3.8.5 (Windows-10-10.0.22000-SP0)
      x-ms-date:
      - Mon, 22 Aug 2022 06:13:02 GMT
      x-ms-share-quota:
      - '1'
      x-ms-version:
      - '2021-06-08'
    method: PUT
    uri: https://clitest000003.file.core.windows.net/clitest-item000004?restype=share
  response:
    body:
      string: ''
    headers:
      content-length:
      - '0'
      date:
      - Mon, 22 Aug 2022 06:13:03 GMT
      etag:
      - '"0x8DA84055F47DB69"'
      last-modified:
      - Mon, 22 Aug 2022 06:13:03 GMT
      server:
      - Windows-Azure-File/1.0 Microsoft-HTTPAPI/2.0
      x-ms-version:
      - '2021-06-08'
    status:
      code: 201
      message: Created
- request:
    body: null
    headers:
      Accept:
      - application/json
      Accept-Encoding:
      - gzip, deflate
      CommandName:
      - backup policy show
      Connection:
      - keep-alive
      ParameterSetName:
      - -g -v -n
      User-Agent:
      - AZURECLI/2.39.0 azsdk-python-mgmt-recoveryservicesbackup/5.0.0 Python/3.8.5
        (Windows-10-10.0.22000-SP0)
    method: GET
    uri: https://management.azure.com/subscriptions/00000000-0000-0000-0000-000000000000/resourceGroups/clitest.rg000001/providers/Microsoft.RecoveryServices/vaults/clitest-vault000002/backupPolicies/DefaultPolicy?api-version=2022-02-01
  response:
    body:
      string: '{"id":"/subscriptions/00000000-0000-0000-0000-000000000000/resourceGroups/clitest.rg000001/providers/Microsoft.RecoveryServices/vaults/clitest-vault000002/backupPolicies/DefaultPolicy","name":"DefaultPolicy","type":"Microsoft.RecoveryServices/vaults/backupPolicies","properties":{"backupManagementType":"AzureIaasVM","instantRPDetails":{},"schedulePolicy":{"schedulePolicyType":"SimpleSchedulePolicy","scheduleRunFrequency":"Daily","scheduleRunTimes":["2022-08-22T16:00:00Z"],"scheduleWeeklyFrequency":0},"retentionPolicy":{"retentionPolicyType":"LongTermRetentionPolicy","dailySchedule":{"retentionTimes":["2022-08-22T16:00:00Z"],"retentionDuration":{"count":30,"durationType":"Days"}}},"instantRpRetentionRangeInDays":2,"timeZone":"UTC","protectedItemsCount":0}}'
    headers:
      cache-control:
      - no-cache
      content-length:
      - '764'
      content-type:
      - application/json; charset=utf-8
      date:
      - Mon, 22 Aug 2022 06:13:04 GMT
      expires:
      - '-1'
      pragma:
      - no-cache
      server:
      - Kestrel
      strict-transport-security:
      - max-age=31536000; includeSubDomains
      transfer-encoding:
      - chunked
      vary:
      - Accept-Encoding
      x-content-type-options:
      - nosniff
      x-ms-ratelimit-remaining-subscription-resource-requests:
      - '299'
    status:
      code: 200
      message: OK
- request:
    body: '{"properties": {"protectedItemsCount": 0, "backupManagementType": "AzureStorage",
      "workLoadType": "AzureFileShare", "schedulePolicy": {"schedulePolicyType": "SimpleSchedulePolicy",
      "scheduleRunFrequency": "Daily", "scheduleRunTimes": ["2022-08-22T16:00:00.000Z"],
      "scheduleWeeklyFrequency": 0}, "retentionPolicy": {"retentionPolicyType": "LongTermRetentionPolicy",
      "dailySchedule": {"retentionTimes": ["2022-08-22T16:00:00.000Z"], "retentionDuration":
      {"count": 30, "durationType": "Days"}}}, "timeZone": "UTC"}}'
    headers:
      Accept:
      - application/json
      Accept-Encoding:
      - gzip, deflate
      CommandName:
      - backup policy create
      Connection:
      - keep-alive
      Content-Length:
      - '512'
      Content-Type:
      - application/json
      ParameterSetName:
      - -g -v --policy -n --backup-management-type
      User-Agent:
      - AZURECLI/2.39.0 azsdk-python-mgmt-recoveryservicesbackup/5.0.0 Python/3.8.5
        (Windows-10-10.0.22000-SP0)
    method: PUT
    uri: https://management.azure.com/subscriptions/00000000-0000-0000-0000-000000000000/resourceGroups/clitest.rg000001/providers/Microsoft.RecoveryServices/vaults/clitest-vault000002/backupPolicies/clitest-item000005?api-version=2022-02-01
  response:
    body:
      string: '{"id":"/subscriptions/00000000-0000-0000-0000-000000000000/resourceGroups/clitest.rg000001/providers/Microsoft.RecoveryServices/vaults/clitest-vault000002/backupPolicies/clitest-item000005","name":"clitest-item000005","type":"Microsoft.RecoveryServices/vaults/backupPolicies","properties":{"backupManagementType":"AzureStorage","schedulePolicy":{"schedulePolicyType":"SimpleSchedulePolicy","scheduleRunFrequency":"Daily","scheduleRunTimes":["2022-08-22T16:00:00Z"],"scheduleWeeklyFrequency":0},"retentionPolicy":{"retentionPolicyType":"LongTermRetentionPolicy","dailySchedule":{"retentionTimes":["2022-08-22T16:00:00Z"],"retentionDuration":{"count":30,"durationType":"Days"}}},"timeZone":"UTC","protectedItemsCount":0}}'
    headers:
      cache-control:
      - no-cache
      content-length:
      - '719'
      content-type:
      - application/json; charset=utf-8
      date:
      - Mon, 22 Aug 2022 06:13:05 GMT
      expires:
      - '-1'
      pragma:
      - no-cache
      server:
      - Kestrel
      strict-transport-security:
      - max-age=31536000; includeSubDomains
      transfer-encoding:
      - chunked
      vary:
      - Accept-Encoding
      x-content-type-options:
      - nosniff
      x-ms-ratelimit-remaining-subscription-writes:
      - '1197'
    status:
      code: 200
      message: OK
- request:
    body: null
    headers:
      Accept:
      - application/json
      Accept-Encoding:
      - gzip, deflate
      CommandName:
      - backup protection enable-for-azurefileshare
      Connection:
      - keep-alive
      ParameterSetName:
      - -g -v --storage-account --azure-file-share -p
      User-Agent:
      - AZURECLI/2.39.0 azsdk-python-mgmt-recoveryservicesbackup/5.0.0 Python/3.8.5
        (Windows-10-10.0.22000-SP0)
    method: GET
    uri: https://management.azure.com/subscriptions/00000000-0000-0000-0000-000000000000/resourceGroups/clitest.rg000001/providers/Microsoft.RecoveryServices/vaults/clitest-vault000002/backupProtectionContainers?api-version=2022-02-01&%24filter=backupManagementType+eq+%27AzureStorage%27+and+status+eq+%27Registered%27
  response:
    body:
      string: '{"value":[]}'
    headers:
      cache-control:
      - no-cache
      content-length:
      - '12'
      content-type:
      - application/json; charset=utf-8
      date:
      - Mon, 22 Aug 2022 06:13:06 GMT
      expires:
      - '-1'
      pragma:
      - no-cache
      server:
      - Kestrel
      strict-transport-security:
      - max-age=31536000; includeSubDomains
      transfer-encoding:
      - chunked
      vary:
      - Accept-Encoding
      x-content-type-options:
      - nosniff
      x-ms-ratelimit-remaining-subscription-resource-requests:
      - '299'
    status:
      code: 200
      message: OK
- request:
    body: null
    headers:
      Accept:
      - application/json
      Accept-Encoding:
      - gzip, deflate
      CommandName:
      - backup protection enable-for-azurefileshare
      Connection:
      - keep-alive
      ParameterSetName:
      - -g -v --storage-account --azure-file-share -p
      User-Agent:
      - AZURECLI/2.39.0 azsdk-python-mgmt-recoveryservicesbackup/5.0.0 Python/3.8.5
        (Windows-10-10.0.22000-SP0)
    method: GET
    uri: https://management.azure.com/subscriptions/00000000-0000-0000-0000-000000000000/resourceGroups/clitest.rg000001/providers/Microsoft.RecoveryServices/vaults/clitest-vault000002/backupFabrics/Azure/protectableContainers?api-version=2022-02-01&%24filter=backupManagementType+eq+%27AzureStorage%27
  response:
    body:
      string: '{"value":[{"id":"/subscriptions/00000000-0000-0000-0000-000000000000/resourceGroups/clitest.rg000001/providers/Microsoft.RecoveryServices/vaults/clitest-vault000002/backupFabrics/Azure/protectableContainers/StorageContainer;Storage;afs-pstest-rg;afspstesttargetsa","name":"StorageContainer;Storage;afs-pstest-rg;afspstesttargetsa","type":"Microsoft.RecoveryServices/vaults/backupFabrics/protectableContainers","properties":{"friendlyName":"afspstesttargetsa","backupManagementType":"AzureStorage","protectableContainerType":"StorageContainer","healthStatus":"Healthy","containerId":"/subscriptions/00000000-0000-0000-0000-000000000000/resourceGroups/afs-pstest-rg/providers/Microsoft.Storage/storageAccounts/afspstesttargetsa"}},{"id":"/subscriptions/00000000-0000-0000-0000-000000000000/resourceGroups/clitest.rg000001/providers/Microsoft.RecoveryServices/vaults/clitest-vault000002/backupFabrics/Azure/protectableContainers/StorageContainer;Storage;afstests;donotuseafsportalbvt","name":"StorageContainer;Storage;afstests;donotuseafsportalbvt","type":"Microsoft.RecoveryServices/vaults/backupFabrics/protectableContainers","properties":{"friendlyName":"donotuseafsportalbvt","backupManagementType":"AzureStorage","protectableContainerType":"StorageContainer","healthStatus":"Healthy","containerId":"/subscriptions/00000000-0000-0000-0000-000000000000/resourceGroups/afstests/providers/Microsoft.Storage/storageAccounts/donotuseafsportalbvt"}},{"id":"/subscriptions/00000000-0000-0000-0000-000000000000/resourceGroups/clitest.rg000001/providers/Microsoft.RecoveryServices/vaults/clitest-vault000002/backupFabrics/Azure/protectableContainers/StorageContainer;Storage;cmk.system;cmkautomationstore1","name":"StorageContainer;Storage;cmk.system;cmkautomationstore1","type":"Microsoft.RecoveryServices/vaults/backupFabrics/protectableContainers","properties":{"friendlyName":"cmkautomationstore1","backupManagementType":"AzureStorage","protectableContainerType":"StorageContainer","healthStatus":"Healthy","containerId":"/subscriptions/00000000-0000-0000-0000-000000000000/resourceGroups/cmk.system/providers/Microsoft.Storage/storageAccounts/cmkautomationstore1"}},{"id":"/subscriptions/00000000-0000-0000-0000-000000000000/resourceGroups/clitest.rg000001/providers/Microsoft.RecoveryServices/vaults/clitest-vault000002/backupFabrics/Azure/protectableContainers/StorageContainer;Storage;donot-use-bvt-ea-can2-oss;dontuseossrestoreasfilea","name":"StorageContainer;Storage;donot-use-bvt-ea-can2-oss;dontuseossrestoreasfilea","type":"Microsoft.RecoveryServices/vaults/backupFabrics/protectableContainers","properties":{"friendlyName":"dontuseossrestoreasfilea","backupManagementType":"AzureStorage","protectableContainerType":"StorageContainer","healthStatus":"Healthy","containerId":"/subscriptions/00000000-0000-0000-0000-000000000000/resourceGroups/donot-use-bvt-ea-can2-oss/providers/Microsoft.Storage/storageAccounts/dontuseossrestoreasfilea"}},{"id":"/subscriptions/00000000-0000-0000-0000-000000000000/resourceGroups/clitest.rg000001/providers/Microsoft.RecoveryServices/vaults/clitest-vault000002/backupFabrics/Azure/protectableContainers/StorageContainer;Storage;DonotUse-OSS-BVT-EA-RG;dontuseossea2restr2file","name":"StorageContainer;Storage;DonotUse-OSS-BVT-EA-RG;dontuseossea2restr2file","type":"Microsoft.RecoveryServices/vaults/backupFabrics/protectableContainers","properties":{"friendlyName":"dontuseossea2restr2file","backupManagementType":"AzureStorage","protectableContainerType":"StorageContainer","healthStatus":"Healthy","containerId":"/subscriptions/00000000-0000-0000-0000-000000000000/resourceGroups/DonotUse-OSS-BVT-EA-RG/providers/Microsoft.Storage/storageAccounts/dontuseossea2restr2file"}},{"id":"/subscriptions/00000000-0000-0000-0000-000000000000/resourceGroups/clitest.rg000001/providers/Microsoft.RecoveryServices/vaults/clitest-vault000002/backupFabrics/Azure/protectableContainers/StorageContainer;Storage;hiagaCZR-rg;cliczrlrssa","name":"StorageContainer;Storage;hiagaCZR-rg;cliczrlrssa","type":"Microsoft.RecoveryServices/vaults/backupFabrics/protectableContainers","properties":{"friendlyName":"cliczrlrssa","backupManagementType":"AzureStorage","protectableContainerType":"StorageContainer","healthStatus":"Healthy","containerId":"/subscriptions/00000000-0000-0000-0000-000000000000/resourceGroups/hiagaCZR-rg/providers/Microsoft.Storage/storageAccounts/cliczrlrssa"}},{"id":"/subscriptions/00000000-0000-0000-0000-000000000000/resourceGroups/clitest.rg000001/providers/Microsoft.RecoveryServices/vaults/clitest-vault000002/backupFabrics/Azure/protectableContainers/StorageContainer;Storage;iaasvm.existing;iaasextstoreea1","name":"StorageContainer;Storage;iaasvm.existing;iaasextstoreea1","type":"Microsoft.RecoveryServices/vaults/backupFabrics/protectableContainers","properties":{"friendlyName":"iaasextstoreea1","backupManagementType":"AzureStorage","protectableContainerType":"StorageContainer","healthStatus":"Healthy","containerId":"/subscriptions/00000000-0000-0000-0000-000000000000/resourceGroups/iaasvm.existing/providers/Microsoft.Storage/storageAccounts/iaasextstoreea1"}},{"id":"/subscriptions/00000000-0000-0000-0000-000000000000/resourceGroups/clitest.rg000001/providers/Microsoft.RecoveryServices/vaults/clitest-vault000002/backupFabrics/Azure/protectableContainers/StorageContainer;Storage;iaasvm.new;iaasnewstoreea","name":"StorageContainer;Storage;iaasvm.new;iaasnewstoreea","type":"Microsoft.RecoveryServices/vaults/backupFabrics/protectableContainers","properties":{"friendlyName":"iaasnewstoreea","backupManagementType":"AzureStorage","protectableContainerType":"StorageContainer","healthStatus":"Healthy","containerId":"/subscriptions/00000000-0000-0000-0000-000000000000/resourceGroups/iaasvm.new/providers/Microsoft.Storage/storageAccounts/iaasnewstoreea"}},{"id":"/subscriptions/00000000-0000-0000-0000-000000000000/resourceGroups/clitest.rg000001/providers/Microsoft.RecoveryServices/vaults/clitest-vault000002/backupFabrics/Azure/protectableContainers/StorageContainer;Storage;PORTAL.DPP.BVT.EA.BLOB.RESTORE.EXISTING;blobsoprestoreall","name":"StorageContainer;Storage;PORTAL.DPP.BVT.EA.BLOB.RESTORE.EXISTING;blobsoprestoreall","type":"Microsoft.RecoveryServices/vaults/backupFabrics/protectableContainers","properties":{"friendlyName":"blobsoprestoreall","backupManagementType":"AzureStorage","protectableContainerType":"StorageContainer","healthStatus":"Healthy","containerId":"/subscriptions/00000000-0000-0000-0000-000000000000/resourceGroups/PORTAL.DPP.BVT.EA.BLOB.RESTORE.EXISTING/providers/Microsoft.Storage/storageAccounts/blobsoprestoreall"}},{"id":"/subscriptions/00000000-0000-0000-0000-000000000000/resourceGroups/clitest.rg000001/providers/Microsoft.RecoveryServices/vaults/clitest-vault000002/backupFabrics/Azure/protectableContainers/StorageContainer;Storage;PORTAL.DPP.BVT.EA.BLOB.RESTORE.EXISTING;blobsoprestorecontainers","name":"StorageContainer;Storage;PORTAL.DPP.BVT.EA.BLOB.RESTORE.EXISTING;blobsoprestorecontainers","type":"Microsoft.RecoveryServices/vaults/backupFabrics/protectableContainers","properties":{"friendlyName":"blobsoprestorecontainers","backupManagementType":"AzureStorage","protectableContainerType":"StorageContainer","healthStatus":"Healthy","containerId":"/subscriptions/00000000-0000-0000-0000-000000000000/resourceGroups/PORTAL.DPP.BVT.EA.BLOB.RESTORE.EXISTING/providers/Microsoft.Storage/storageAccounts/blobsoprestorecontainers"}},{"id":"/subscriptions/00000000-0000-0000-0000-000000000000/resourceGroups/clitest.rg000001/providers/Microsoft.RecoveryServices/vaults/clitest-vault000002/backupFabrics/Azure/protectableContainers/StorageContainer;Storage;PORTAL.DPP.BVT.EA.BLOB.RESTORE.EXISTING;blobsrestoreopall","name":"StorageContainer;Storage;PORTAL.DPP.BVT.EA.BLOB.RESTORE.EXISTING;blobsrestoreopall","type":"Microsoft.RecoveryServices/vaults/backupFabrics/protectableContainers","properties":{"friendlyName":"blobsrestoreopall","backupManagementType":"AzureStorage","protectableContainerType":"StorageContainer","healthStatus":"Healthy","containerId":"/subscriptions/00000000-0000-0000-0000-000000000000/resourceGroups/PORTAL.DPP.BVT.EA.BLOB.RESTORE.EXISTING/providers/Microsoft.Storage/storageAccounts/blobsrestoreopall"}},{"id":"/subscriptions/00000000-0000-0000-0000-000000000000/resourceGroups/clitest.rg000001/providers/Microsoft.RecoveryServices/vaults/clitest-vault000002/backupFabrics/Azure/protectableContainers/StorageContainer;Storage;PORTAL.DPP.BVT.EA.BLOB.RESTORE.EXISTING;blobsrestoreopcontainer","name":"StorageContainer;Storage;PORTAL.DPP.BVT.EA.BLOB.RESTORE.EXISTING;blobsrestoreopcontainer","type":"Microsoft.RecoveryServices/vaults/backupFabrics/protectableContainers","properties":{"friendlyName":"blobsrestoreopcontainer","backupManagementType":"AzureStorage","protectableContainerType":"StorageContainer","healthStatus":"Healthy","containerId":"/subscriptions/00000000-0000-0000-0000-000000000000/resourceGroups/PORTAL.DPP.BVT.EA.BLOB.RESTORE.EXISTING/providers/Microsoft.Storage/storageAccounts/blobsrestoreopcontainer"}},{"id":"/subscriptions/00000000-0000-0000-0000-000000000000/resourceGroups/clitest.rg000001/providers/Microsoft.RecoveryServices/vaults/clitest-vault000002/backupFabrics/Azure/protectableContainers/StorageContainer;Storage;PORTAL.DPP.BVT.EA.BLOB.RESTORE.EXISTING;blobsrestoreopcontainers","name":"StorageContainer;Storage;PORTAL.DPP.BVT.EA.BLOB.RESTORE.EXISTING;blobsrestoreopcontainers","type":"Microsoft.RecoveryServices/vaults/backupFabrics/protectableContainers","properties":{"friendlyName":"blobsrestoreopcontainers","backupManagementType":"AzureStorage","protectableContainerType":"StorageContainer","healthStatus":"Healthy","containerId":"/subscriptions/00000000-0000-0000-0000-000000000000/resourceGroups/PORTAL.DPP.BVT.EA.BLOB.RESTORE.EXISTING/providers/Microsoft.Storage/storageAccounts/blobsrestoreopcontainers"}},{"id":"/subscriptions/00000000-0000-0000-0000-000000000000/resourceGroups/clitest.rg000001/providers/Microsoft.RecoveryServices/vaults/clitest-vault000002/backupFabrics/Azure/protectableContainers/StorageContainer;Storage;PORTAL.DPP.BVT.EA.BLOB.RESTORE.EXISTING;blobsrestoreopprefix","name":"StorageContainer;Storage;PORTAL.DPP.BVT.EA.BLOB.RESTORE.EXISTING;blobsrestoreopprefix","type":"Microsoft.RecoveryServices/vaults/backupFabrics/protectableContainers","properties":{"friendlyName":"blobsrestoreopprefix","backupManagementType":"AzureStorage","protectableContainerType":"StorageContainer","healthStatus":"Healthy","containerId":"/subscriptions/00000000-0000-0000-0000-000000000000/resourceGroups/PORTAL.DPP.BVT.EA.BLOB.RESTORE.EXISTING/providers/Microsoft.Storage/storageAccounts/blobsrestoreopprefix"}},{"id":"/subscriptions/00000000-0000-0000-0000-000000000000/resourceGroups/clitest.rg000001/providers/Microsoft.RecoveryServices/vaults/clitest-vault000002/backupFabrics/Azure/protectableContainers/StorageContainer;Storage;PORTAL.DPP.BVT.EA.BLOB.RESTORE.EXISTING;blobssaforrestoreall","name":"StorageContainer;Storage;PORTAL.DPP.BVT.EA.BLOB.RESTORE.EXISTING;blobssaforrestoreall","type":"Microsoft.RecoveryServices/vaults/backupFabrics/protectableContainers","properties":{"friendlyName":"blobssaforrestoreall","backupManagementType":"AzureStorage","protectableContainerType":"StorageContainer","healthStatus":"Healthy","containerId":"/subscriptions/00000000-0000-0000-0000-000000000000/resourceGroups/PORTAL.DPP.BVT.EA.BLOB.RESTORE.EXISTING/providers/Microsoft.Storage/storageAccounts/blobssaforrestoreall"}}]}'
    headers:
      cache-control:
      - no-cache
      content-length:
      - '11504'
      content-type:
      - application/json; charset=utf-8
      date:
      - Mon, 22 Aug 2022 06:13:06 GMT
      expires:
      - '-1'
      pragma:
      - no-cache
      server:
      - Kestrel
      strict-transport-security:
      - max-age=31536000; includeSubDomains
      transfer-encoding:
      - chunked
      vary:
      - Accept-Encoding
      x-content-type-options:
      - nosniff
      x-ms-ratelimit-remaining-subscription-resource-requests:
      - '298'
    status:
      code: 200
      message: OK
- request:
    body: null
    headers:
      Accept:
      - application/json
      Accept-Encoding:
      - gzip, deflate
      CommandName:
      - backup protection enable-for-azurefileshare
      Connection:
      - keep-alive
      Content-Length:
      - '0'
      ParameterSetName:
      - -g -v --storage-account --azure-file-share -p
      User-Agent:
      - AZURECLI/2.39.0 azsdk-python-mgmt-recoveryservicesbackup/5.0.0 Python/3.8.5
        (Windows-10-10.0.22000-SP0)
    method: POST
    uri: https://management.azure.com/subscriptions/00000000-0000-0000-0000-000000000000/resourceGroups/clitest.rg000001/providers/Microsoft.RecoveryServices/vaults/clitest-vault000002/backupFabrics/Azure/refreshContainers?api-version=2022-02-01&%24filter=backupManagementType+eq+%27AzureStorage%27
  response:
    body:
      string: ''
    headers:
      azure-asyncoperation:
      - https://management.azure.com/subscriptions/00000000-0000-0000-0000-000000000000/resourceGroups/clitest.rg000001/providers/Microsoft.RecoveryServices/vaults/clitest-vault000002/backupFabrics/Azure/operationsStatus/c5081c7b-fba9-4167-9511-6a7705714c87?api-version=2019-05-13-preview
      cache-control:
      - no-cache
      content-length:
      - '0'
      date:
      - Mon, 22 Aug 2022 06:13:09 GMT
      expires:
      - '-1'
      location:
      - https://management.azure.com/subscriptions/00000000-0000-0000-0000-000000000000/resourceGroups/clitest.rg000001/providers/Microsoft.RecoveryServices/vaults/clitest-vault000002/backupFabrics/Azure/operationResults/c5081c7b-fba9-4167-9511-6a7705714c87?api-version=2022-02-01
      pragma:
      - no-cache
      server:
      - Kestrel
      strict-transport-security:
      - max-age=31536000; includeSubDomains
      x-content-type-options:
      - nosniff
      x-ms-ratelimit-remaining-subscription-writes:
      - '1198'
    status:
      code: 202
      message: Accepted
- request:
    body: null
    headers:
      Accept:
      - application/json
      Accept-Encoding:
      - gzip, deflate
      CommandName:
      - backup protection enable-for-azurefileshare
      Connection:
      - keep-alive
      ParameterSetName:
      - -g -v --storage-account --azure-file-share -p
      User-Agent:
      - AZURECLI/2.39.0 azsdk-python-mgmt-recoveryservicesbackup/5.0.0 Python/3.8.5
        (Windows-10-10.0.22000-SP0)
    method: GET
    uri: https://management.azure.com/subscriptions/00000000-0000-0000-0000-000000000000/resourceGroups/clitest.rg000001/providers/Microsoft.RecoveryServices/vaults/clitest-vault000002/backupFabrics/Azure/operationResults/c5081c7b-fba9-4167-9511-6a7705714c87?api-version=2022-02-01
  response:
    body:
      string: ''
    headers:
      cache-control:
      - no-cache
      content-length:
      - '0'
      date:
      - Mon, 22 Aug 2022 06:13:10 GMT
      expires:
      - '-1'
      location:
      - https://management.azure.com/subscriptions/00000000-0000-0000-0000-000000000000/resourceGroups/clitest.rg000001/providers/Microsoft.RecoveryServices/vaults/clitest-vault000002/backupFabrics/Azure/operationResults/c5081c7b-fba9-4167-9511-6a7705714c87?api-version=2022-02-01
      pragma:
      - no-cache
      server:
      - Kestrel
      strict-transport-security:
      - max-age=31536000; includeSubDomains
      x-content-type-options:
      - nosniff
      x-ms-ratelimit-remaining-subscription-resource-requests:
      - '297'
    status:
      code: 202
      message: Accepted
- request:
    body: null
    headers:
      Accept:
      - application/json
      Accept-Encoding:
      - gzip, deflate
      CommandName:
      - backup protection enable-for-azurefileshare
      Connection:
      - keep-alive
      ParameterSetName:
      - -g -v --storage-account --azure-file-share -p
      User-Agent:
      - AZURECLI/2.39.0 azsdk-python-mgmt-recoveryservicesbackup/5.0.0 Python/3.8.5
        (Windows-10-10.0.22000-SP0)
    method: GET
    uri: https://management.azure.com/subscriptions/00000000-0000-0000-0000-000000000000/resourceGroups/clitest.rg000001/providers/Microsoft.RecoveryServices/vaults/clitest-vault000002/backupFabrics/Azure/operationResults/c5081c7b-fba9-4167-9511-6a7705714c87?api-version=2022-02-01
  response:
    body:
      string: ''
    headers:
      cache-control:
      - no-cache
      content-length:
      - '0'
      date:
      - Mon, 22 Aug 2022 06:13:15 GMT
      expires:
      - '-1'
      location:
      - https://management.azure.com/subscriptions/00000000-0000-0000-0000-000000000000/resourceGroups/clitest.rg000001/providers/Microsoft.RecoveryServices/vaults/clitest-vault000002/backupFabrics/Azure/operationResults/c5081c7b-fba9-4167-9511-6a7705714c87?api-version=2022-02-01
      pragma:
      - no-cache
      server:
      - Kestrel
      strict-transport-security:
      - max-age=31536000; includeSubDomains
      x-content-type-options:
      - nosniff
      x-ms-ratelimit-remaining-subscription-resource-requests:
      - '294'
    status:
      code: 202
      message: Accepted
- request:
    body: null
    headers:
      Accept:
      - application/json
      Accept-Encoding:
      - gzip, deflate
      CommandName:
      - backup protection enable-for-azurefileshare
      Connection:
      - keep-alive
      ParameterSetName:
      - -g -v --storage-account --azure-file-share -p
      User-Agent:
      - AZURECLI/2.39.0 azsdk-python-mgmt-recoveryservicesbackup/5.0.0 Python/3.8.5
        (Windows-10-10.0.22000-SP0)
    method: GET
    uri: https://management.azure.com/subscriptions/00000000-0000-0000-0000-000000000000/resourceGroups/clitest.rg000001/providers/Microsoft.RecoveryServices/vaults/clitest-vault000002/backupFabrics/Azure/operationResults/c5081c7b-fba9-4167-9511-6a7705714c87?api-version=2022-02-01
  response:
    body:
      string: ''
    headers:
      cache-control:
      - no-cache
      date:
      - Mon, 22 Aug 2022 06:13:21 GMT
      expires:
      - '-1'
      pragma:
      - no-cache
      server:
      - Kestrel
      strict-transport-security:
      - max-age=31536000; includeSubDomains
      x-content-type-options:
      - nosniff
      x-ms-ratelimit-remaining-subscription-resource-requests:
      - '291'
    status:
      code: 204
      message: No Content
- request:
    body: null
    headers:
      Accept:
      - application/json
      Accept-Encoding:
      - gzip, deflate
      CommandName:
      - backup protection enable-for-azurefileshare
      Connection:
      - keep-alive
      ParameterSetName:
      - -g -v --storage-account --azure-file-share -p
      User-Agent:
      - AZURECLI/2.39.0 azsdk-python-mgmt-recoveryservicesbackup/5.0.0 Python/3.8.5
        (Windows-10-10.0.22000-SP0)
    method: GET
    uri: https://management.azure.com/subscriptions/00000000-0000-0000-0000-000000000000/resourceGroups/clitest.rg000001/providers/Microsoft.RecoveryServices/vaults/clitest-vault000002/backupFabrics/Azure/protectableContainers?api-version=2022-02-01&%24filter=backupManagementType+eq+%27AzureStorage%27
  response:
    body:
      string: '{"value":[{"id":"/subscriptions/00000000-0000-0000-0000-000000000000/resourceGroups/clitest.rg000001/providers/Microsoft.RecoveryServices/vaults/clitest-vault000002/backupFabrics/Azure/protectableContainers/StorageContainer;Storage;afs-pstest-rg;afspstesttargetsa","name":"StorageContainer;Storage;afs-pstest-rg;afspstesttargetsa","type":"Microsoft.RecoveryServices/vaults/backupFabrics/protectableContainers","properties":{"friendlyName":"afspstesttargetsa","backupManagementType":"AzureStorage","protectableContainerType":"StorageContainer","healthStatus":"Healthy","containerId":"/subscriptions/00000000-0000-0000-0000-000000000000/resourceGroups/afs-pstest-rg/providers/Microsoft.Storage/storageAccounts/afspstesttargetsa"}},{"id":"/subscriptions/00000000-0000-0000-0000-000000000000/resourceGroups/clitest.rg000001/providers/Microsoft.RecoveryServices/vaults/clitest-vault000002/backupFabrics/Azure/protectableContainers/StorageContainer;Storage;afstests;donotuseafsportalbvt","name":"StorageContainer;Storage;afstests;donotuseafsportalbvt","type":"Microsoft.RecoveryServices/vaults/backupFabrics/protectableContainers","properties":{"friendlyName":"donotuseafsportalbvt","backupManagementType":"AzureStorage","protectableContainerType":"StorageContainer","healthStatus":"Healthy","containerId":"/subscriptions/00000000-0000-0000-0000-000000000000/resourceGroups/afstests/providers/Microsoft.Storage/storageAccounts/donotuseafsportalbvt"}},{"id":"/subscriptions/00000000-0000-0000-0000-000000000000/resourceGroups/clitest.rg000001/providers/Microsoft.RecoveryServices/vaults/clitest-vault000002/backupFabrics/Azure/protectableContainers/StorageContainer;Storage;clitest.rg5qog5qn245;clitest7o4yyeq3gzjyo3vbv","name":"StorageContainer;Storage;clitest.rg5qog5qn245;clitest7o4yyeq3gzjyo3vbv","type":"Microsoft.RecoveryServices/vaults/backupFabrics/protectableContainers","properties":{"friendlyName":"clitest7o4yyeq3gzjyo3vbv","backupManagementType":"AzureStorage","protectableContainerType":"StorageContainer","healthStatus":"Healthy","containerId":"/subscriptions/00000000-0000-0000-0000-000000000000/resourceGroups/clitest.rg5qog5qn245/providers/Microsoft.Storage/storageAccounts/clitest7o4yyeq3gzjyo3vbv"}},{"id":"/subscriptions/00000000-0000-0000-0000-000000000000/resourceGroups/clitest.rg000001/providers/Microsoft.RecoveryServices/vaults/clitest-vault000002/backupFabrics/Azure/protectableContainers/StorageContainer;Storage;clitest.rg000001;clitest000003","name":"StorageContainer;Storage;clitest.rg000001;clitest000003","type":"Microsoft.RecoveryServices/vaults/backupFabrics/protectableContainers","properties":{"friendlyName":"clitest000003","backupManagementType":"AzureStorage","protectableContainerType":"StorageContainer","healthStatus":"Healthy","containerId":"/subscriptions/00000000-0000-0000-0000-000000000000/resourceGroups/clitest.rg000001/providers/Microsoft.Storage/storageAccounts/clitest000003"}},{"id":"/subscriptions/00000000-0000-0000-0000-000000000000/resourceGroups/clitest.rg000001/providers/Microsoft.RecoveryServices/vaults/clitest-vault000002/backupFabrics/Azure/protectableContainers/StorageContainer;Storage;clitest.rgzvi2sfqrkq;clitestrjmcba26qxical57c","name":"StorageContainer;Storage;clitest.rgzvi2sfqrkq;clitestrjmcba26qxical57c","type":"Microsoft.RecoveryServices/vaults/backupFabrics/protectableContainers","properties":{"friendlyName":"clitestrjmcba26qxical57c","backupManagementType":"AzureStorage","protectableContainerType":"StorageContainer","healthStatus":"Healthy","containerId":"/subscriptions/00000000-0000-0000-0000-000000000000/resourceGroups/clitest.rgzvi2sfqrkq/providers/Microsoft.Storage/storageAccounts/clitestrjmcba26qxical57c"}},{"id":"/subscriptions/00000000-0000-0000-0000-000000000000/resourceGroups/clitest.rg000001/providers/Microsoft.RecoveryServices/vaults/clitest-vault000002/backupFabrics/Azure/protectableContainers/StorageContainer;Storage;cmk.system;cmkautomationstore1","name":"StorageContainer;Storage;cmk.system;cmkautomationstore1","type":"Microsoft.RecoveryServices/vaults/backupFabrics/protectableContainers","properties":{"friendlyName":"cmkautomationstore1","backupManagementType":"AzureStorage","protectableContainerType":"StorageContainer","healthStatus":"Healthy","containerId":"/subscriptions/00000000-0000-0000-0000-000000000000/resourceGroups/cmk.system/providers/Microsoft.Storage/storageAccounts/cmkautomationstore1"}},{"id":"/subscriptions/00000000-0000-0000-0000-000000000000/resourceGroups/clitest.rg000001/providers/Microsoft.RecoveryServices/vaults/clitest-vault000002/backupFabrics/Azure/protectableContainers/StorageContainer;Storage;donot-use-bvt-ea-can2-oss;dontuseossrestoreasfilea","name":"StorageContainer;Storage;donot-use-bvt-ea-can2-oss;dontuseossrestoreasfilea","type":"Microsoft.RecoveryServices/vaults/backupFabrics/protectableContainers","properties":{"friendlyName":"dontuseossrestoreasfilea","backupManagementType":"AzureStorage","protectableContainerType":"StorageContainer","healthStatus":"Healthy","containerId":"/subscriptions/00000000-0000-0000-0000-000000000000/resourceGroups/donot-use-bvt-ea-can2-oss/providers/Microsoft.Storage/storageAccounts/dontuseossrestoreasfilea"}},{"id":"/subscriptions/00000000-0000-0000-0000-000000000000/resourceGroups/clitest.rg000001/providers/Microsoft.RecoveryServices/vaults/clitest-vault000002/backupFabrics/Azure/protectableContainers/StorageContainer;Storage;DonotUse-OSS-BVT-EA-RG;dontuseossea2restr2file","name":"StorageContainer;Storage;DonotUse-OSS-BVT-EA-RG;dontuseossea2restr2file","type":"Microsoft.RecoveryServices/vaults/backupFabrics/protectableContainers","properties":{"friendlyName":"dontuseossea2restr2file","backupManagementType":"AzureStorage","protectableContainerType":"StorageContainer","healthStatus":"Healthy","containerId":"/subscriptions/00000000-0000-0000-0000-000000000000/resourceGroups/DonotUse-OSS-BVT-EA-RG/providers/Microsoft.Storage/storageAccounts/dontuseossea2restr2file"}},{"id":"/subscriptions/00000000-0000-0000-0000-000000000000/resourceGroups/clitest.rg000001/providers/Microsoft.RecoveryServices/vaults/clitest-vault000002/backupFabrics/Azure/protectableContainers/StorageContainer;Storage;hiagaCZR-rg;cliczrlrssa","name":"StorageContainer;Storage;hiagaCZR-rg;cliczrlrssa","type":"Microsoft.RecoveryServices/vaults/backupFabrics/protectableContainers","properties":{"friendlyName":"cliczrlrssa","backupManagementType":"AzureStorage","protectableContainerType":"StorageContainer","healthStatus":"Healthy","containerId":"/subscriptions/00000000-0000-0000-0000-000000000000/resourceGroups/hiagaCZR-rg/providers/Microsoft.Storage/storageAccounts/cliczrlrssa"}},{"id":"/subscriptions/00000000-0000-0000-0000-000000000000/resourceGroups/clitest.rg000001/providers/Microsoft.RecoveryServices/vaults/clitest-vault000002/backupFabrics/Azure/protectableContainers/StorageContainer;Storage;iaasvm.existing;iaasextstoreea1","name":"StorageContainer;Storage;iaasvm.existing;iaasextstoreea1","type":"Microsoft.RecoveryServices/vaults/backupFabrics/protectableContainers","properties":{"friendlyName":"iaasextstoreea1","backupManagementType":"AzureStorage","protectableContainerType":"StorageContainer","healthStatus":"Healthy","containerId":"/subscriptions/00000000-0000-0000-0000-000000000000/resourceGroups/iaasvm.existing/providers/Microsoft.Storage/storageAccounts/iaasextstoreea1"}},{"id":"/subscriptions/00000000-0000-0000-0000-000000000000/resourceGroups/clitest.rg000001/providers/Microsoft.RecoveryServices/vaults/clitest-vault000002/backupFabrics/Azure/protectableContainers/StorageContainer;Storage;iaasvm.new;iaasnewstoreea","name":"StorageContainer;Storage;iaasvm.new;iaasnewstoreea","type":"Microsoft.RecoveryServices/vaults/backupFabrics/protectableContainers","properties":{"friendlyName":"iaasnewstoreea","backupManagementType":"AzureStorage","protectableContainerType":"StorageContainer","healthStatus":"Healthy","containerId":"/subscriptions/00000000-0000-0000-0000-000000000000/resourceGroups/iaasvm.new/providers/Microsoft.Storage/storageAccounts/iaasnewstoreea"}},{"id":"/subscriptions/00000000-0000-0000-0000-000000000000/resourceGroups/clitest.rg000001/providers/Microsoft.RecoveryServices/vaults/clitest-vault000002/backupFabrics/Azure/protectableContainers/StorageContainer;Storage;PORTAL.DPP.BVT.EA.BLOB.RESTORE.EXISTING;blobsoprestoreall","name":"StorageContainer;Storage;PORTAL.DPP.BVT.EA.BLOB.RESTORE.EXISTING;blobsoprestoreall","type":"Microsoft.RecoveryServices/vaults/backupFabrics/protectableContainers","properties":{"friendlyName":"blobsoprestoreall","backupManagementType":"AzureStorage","protectableContainerType":"StorageContainer","healthStatus":"Healthy","containerId":"/subscriptions/00000000-0000-0000-0000-000000000000/resourceGroups/PORTAL.DPP.BVT.EA.BLOB.RESTORE.EXISTING/providers/Microsoft.Storage/storageAccounts/blobsoprestoreall"}},{"id":"/subscriptions/00000000-0000-0000-0000-000000000000/resourceGroups/clitest.rg000001/providers/Microsoft.RecoveryServices/vaults/clitest-vault000002/backupFabrics/Azure/protectableContainers/StorageContainer;Storage;PORTAL.DPP.BVT.EA.BLOB.RESTORE.EXISTING;blobsoprestorecontainers","name":"StorageContainer;Storage;PORTAL.DPP.BVT.EA.BLOB.RESTORE.EXISTING;blobsoprestorecontainers","type":"Microsoft.RecoveryServices/vaults/backupFabrics/protectableContainers","properties":{"friendlyName":"blobsoprestorecontainers","backupManagementType":"AzureStorage","protectableContainerType":"StorageContainer","healthStatus":"Healthy","containerId":"/subscriptions/00000000-0000-0000-0000-000000000000/resourceGroups/PORTAL.DPP.BVT.EA.BLOB.RESTORE.EXISTING/providers/Microsoft.Storage/storageAccounts/blobsoprestorecontainers"}},{"id":"/subscriptions/00000000-0000-0000-0000-000000000000/resourceGroups/clitest.rg000001/providers/Microsoft.RecoveryServices/vaults/clitest-vault000002/backupFabrics/Azure/protectableContainers/StorageContainer;Storage;PORTAL.DPP.BVT.EA.BLOB.RESTORE.EXISTING;blobsrestoreopall","name":"StorageContainer;Storage;PORTAL.DPP.BVT.EA.BLOB.RESTORE.EXISTING;blobsrestoreopall","type":"Microsoft.RecoveryServices/vaults/backupFabrics/protectableContainers","properties":{"friendlyName":"blobsrestoreopall","backupManagementType":"AzureStorage","protectableContainerType":"StorageContainer","healthStatus":"Healthy","containerId":"/subscriptions/00000000-0000-0000-0000-000000000000/resourceGroups/PORTAL.DPP.BVT.EA.BLOB.RESTORE.EXISTING/providers/Microsoft.Storage/storageAccounts/blobsrestoreopall"}},{"id":"/subscriptions/00000000-0000-0000-0000-000000000000/resourceGroups/clitest.rg000001/providers/Microsoft.RecoveryServices/vaults/clitest-vault000002/backupFabrics/Azure/protectableContainers/StorageContainer;Storage;PORTAL.DPP.BVT.EA.BLOB.RESTORE.EXISTING;blobsrestoreopcontainer","name":"StorageContainer;Storage;PORTAL.DPP.BVT.EA.BLOB.RESTORE.EXISTING;blobsrestoreopcontainer","type":"Microsoft.RecoveryServices/vaults/backupFabrics/protectableContainers","properties":{"friendlyName":"blobsrestoreopcontainer","backupManagementType":"AzureStorage","protectableContainerType":"StorageContainer","healthStatus":"Healthy","containerId":"/subscriptions/00000000-0000-0000-0000-000000000000/resourceGroups/PORTAL.DPP.BVT.EA.BLOB.RESTORE.EXISTING/providers/Microsoft.Storage/storageAccounts/blobsrestoreopcontainer"}},{"id":"/subscriptions/00000000-0000-0000-0000-000000000000/resourceGroups/clitest.rg000001/providers/Microsoft.RecoveryServices/vaults/clitest-vault000002/backupFabrics/Azure/protectableContainers/StorageContainer;Storage;PORTAL.DPP.BVT.EA.BLOB.RESTORE.EXISTING;blobsrestoreopcontainers","name":"StorageContainer;Storage;PORTAL.DPP.BVT.EA.BLOB.RESTORE.EXISTING;blobsrestoreopcontainers","type":"Microsoft.RecoveryServices/vaults/backupFabrics/protectableContainers","properties":{"friendlyName":"blobsrestoreopcontainers","backupManagementType":"AzureStorage","protectableContainerType":"StorageContainer","healthStatus":"Healthy","containerId":"/subscriptions/00000000-0000-0000-0000-000000000000/resourceGroups/PORTAL.DPP.BVT.EA.BLOB.RESTORE.EXISTING/providers/Microsoft.Storage/storageAccounts/blobsrestoreopcontainers"}},{"id":"/subscriptions/00000000-0000-0000-0000-000000000000/resourceGroups/clitest.rg000001/providers/Microsoft.RecoveryServices/vaults/clitest-vault000002/backupFabrics/Azure/protectableContainers/StorageContainer;Storage;PORTAL.DPP.BVT.EA.BLOB.RESTORE.EXISTING;blobsrestoreopprefix","name":"StorageContainer;Storage;PORTAL.DPP.BVT.EA.BLOB.RESTORE.EXISTING;blobsrestoreopprefix","type":"Microsoft.RecoveryServices/vaults/backupFabrics/protectableContainers","properties":{"friendlyName":"blobsrestoreopprefix","backupManagementType":"AzureStorage","protectableContainerType":"StorageContainer","healthStatus":"Healthy","containerId":"/subscriptions/00000000-0000-0000-0000-000000000000/resourceGroups/PORTAL.DPP.BVT.EA.BLOB.RESTORE.EXISTING/providers/Microsoft.Storage/storageAccounts/blobsrestoreopprefix"}},{"id":"/subscriptions/00000000-0000-0000-0000-000000000000/resourceGroups/clitest.rg000001/providers/Microsoft.RecoveryServices/vaults/clitest-vault000002/backupFabrics/Azure/protectableContainers/StorageContainer;Storage;PORTAL.DPP.BVT.EA.BLOB.RESTORE.EXISTING;blobssaforrestoreall","name":"StorageContainer;Storage;PORTAL.DPP.BVT.EA.BLOB.RESTORE.EXISTING;blobssaforrestoreall","type":"Microsoft.RecoveryServices/vaults/backupFabrics/protectableContainers","properties":{"friendlyName":"blobssaforrestoreall","backupManagementType":"AzureStorage","protectableContainerType":"StorageContainer","healthStatus":"Healthy","containerId":"/subscriptions/00000000-0000-0000-0000-000000000000/resourceGroups/PORTAL.DPP.BVT.EA.BLOB.RESTORE.EXISTING/providers/Microsoft.Storage/storageAccounts/blobssaforrestoreall"}}]}'
    headers:
      cache-control:
      - no-cache
      content-length:
      - '13752'
      content-type:
      - application/json; charset=utf-8
      date:
      - Mon, 22 Aug 2022 06:13:21 GMT
      expires:
      - '-1'
      pragma:
      - no-cache
      server:
      - Kestrel
      strict-transport-security:
      - max-age=31536000; includeSubDomains
      transfer-encoding:
      - chunked
      vary:
      - Accept-Encoding
      x-content-type-options:
      - nosniff
      x-ms-ratelimit-remaining-subscription-resource-requests:
      - '298'
    status:
      code: 200
      message: OK
- request:
    body: '{"properties": {"backupManagementType": "AzureStorage", "containerType":
      "StorageContainer", "sourceResourceId": "/subscriptions/00000000-0000-0000-0000-000000000000/resourceGroups/clitest.rg000001/providers/Microsoft.Storage/storageAccounts/clitest000003"}}'
    headers:
      Accept:
      - application/json
      Accept-Encoding:
      - gzip, deflate
      CommandName:
      - backup protection enable-for-azurefileshare
      Connection:
      - keep-alive
      Content-Length:
      - '258'
      Content-Type:
      - application/json
      ParameterSetName:
      - -g -v --storage-account --azure-file-share -p
      User-Agent:
      - AZURECLI/2.39.0 azsdk-python-mgmt-recoveryservicesbackup/5.0.0 Python/3.8.5
        (Windows-10-10.0.22000-SP0)
    method: PUT
    uri: https://management.azure.com/subscriptions/00000000-0000-0000-0000-000000000000/resourceGroups/clitest.rg000001/providers/Microsoft.RecoveryServices/vaults/clitest-vault000002/backupFabrics/Azure/protectionContainers/StorageContainer%3BStorage%3Bclitest.rg000001%3Bclitest000003?api-version=2022-02-01
  response:
    body:
      string: '{}'
    headers:
      azure-asyncoperation:
      - https://management.azure.com/subscriptions/00000000-0000-0000-0000-000000000000/resourceGroups/clitest.rg000001/providers/Microsoft.RecoveryServices/vaults/clitest-vault000002/backupFabrics/Azure/protectionContainers/StorageContainer;Storage;clitest.rg000001;clitest000003/operationsStatus/0fa7fe6b-8004-4071-974d-86427128fe36?api-version=2019-05-13-preview
      cache-control:
      - no-cache
      content-length:
      - '2'
      content-type:
      - application/json; charset=utf-8
      date:
      - Mon, 22 Aug 2022 06:13:22 GMT
      expires:
      - '-1'
      location:
      - https://management.azure.com/subscriptions/00000000-0000-0000-0000-000000000000/resourceGroups/clitest.rg000001/providers/Microsoft.RecoveryServices/vaults/clitest-vault000002/backupFabrics/Azure/protectionContainers/StorageContainer;Storage;clitest.rg000001;clitest000003/operationResults/0fa7fe6b-8004-4071-974d-86427128fe36?api-version=2022-02-01
      pragma:
      - no-cache
      server:
      - Kestrel
      strict-transport-security:
      - max-age=31536000; includeSubDomains
      x-content-type-options:
      - nosniff
      x-ms-ratelimit-remaining-subscription-writes:
      - '1195'
    status:
      code: 202
      message: Accepted
- request:
    body: null
    headers:
      Accept:
      - application/json
      Accept-Encoding:
      - gzip, deflate
      CommandName:
      - backup protection enable-for-azurefileshare
      Connection:
      - keep-alive
      ParameterSetName:
      - -g -v --storage-account --azure-file-share -p
      User-Agent:
      - AZURECLI/2.39.0 azsdk-python-mgmt-recoveryservicesbackup/5.0.0 Python/3.8.5
        (Windows-10-10.0.22000-SP0)
    method: GET
    uri: https://management.azure.com/subscriptions/00000000-0000-0000-0000-000000000000/resourceGroups/clitest.rg000001/providers/Microsoft.RecoveryServices/vaults/clitest-vault000002/backupFabrics/Azure/protectionContainers/StorageContainer%3BStorage%3Bclitest.rg000001%3Bclitest000003/operationResults/0fa7fe6b-8004-4071-974d-86427128fe36?api-version=2022-02-01
  response:
    body:
      string: '{}'
    headers:
      azure-asyncoperation:
      - https://management.azure.com/subscriptions/00000000-0000-0000-0000-000000000000/resourceGroups/clitest.rg000001/providers/Microsoft.RecoveryServices/vaults/clitest-vault000002/backupFabrics/Azure/protectionContainers/StorageContainer;Storage;clitest.rg000001;clitest000003/operationsStatus/0fa7fe6b-8004-4071-974d-86427128fe36?api-version=2019-05-13-preview
      cache-control:
      - no-cache
      content-length:
      - '2'
      content-type:
      - application/json; charset=utf-8
      date:
      - Mon, 22 Aug 2022 06:13:23 GMT
      expires:
      - '-1'
      location:
      - https://management.azure.com/subscriptions/00000000-0000-0000-0000-000000000000/resourceGroups/clitest.rg000001/providers/Microsoft.RecoveryServices/vaults/clitest-vault000002/backupFabrics/Azure/protectionContainers/StorageContainer;Storage;clitest.rg000001;clitest000003/operationResults/0fa7fe6b-8004-4071-974d-86427128fe36?api-version=2022-02-01
      pragma:
      - no-cache
      server:
      - Kestrel
      strict-transport-security:
      - max-age=31536000; includeSubDomains
      x-content-type-options:
      - nosniff
      x-ms-ratelimit-remaining-subscription-resource-requests:
      - '297'
    status:
      code: 202
      message: Accepted
- request:
    body: null
    headers:
      Accept:
      - application/json
      Accept-Encoding:
      - gzip, deflate
      CommandName:
      - backup protection enable-for-azurefileshare
      Connection:
      - keep-alive
      ParameterSetName:
      - -g -v --storage-account --azure-file-share -p
      User-Agent:
      - AZURECLI/2.39.0 azsdk-python-mgmt-recoveryservicesbackup/5.0.0 Python/3.8.5
        (Windows-10-10.0.22000-SP0)
    method: GET
    uri: https://management.azure.com/subscriptions/00000000-0000-0000-0000-000000000000/resourceGroups/clitest.rg000001/providers/Microsoft.RecoveryServices/vaults/clitest-vault000002/backupFabrics/Azure/protectionContainers/StorageContainer%3BStorage%3Bclitest.rg000001%3Bclitest000003/operationResults/0fa7fe6b-8004-4071-974d-86427128fe36?api-version=2022-02-01
  response:
    body:
      string: '{}'
    headers:
      azure-asyncoperation:
      - https://management.azure.com/subscriptions/00000000-0000-0000-0000-000000000000/resourceGroups/clitest.rg000001/providers/Microsoft.RecoveryServices/vaults/clitest-vault000002/backupFabrics/Azure/protectionContainers/StorageContainer;Storage;clitest.rg000001;clitest000003/operationsStatus/0fa7fe6b-8004-4071-974d-86427128fe36?api-version=2019-05-13-preview
      cache-control:
      - no-cache
      content-length:
      - '2'
      content-type:
      - application/json; charset=utf-8
      date:
      - Mon, 22 Aug 2022 06:13:28 GMT
      expires:
      - '-1'
      location:
      - https://management.azure.com/subscriptions/00000000-0000-0000-0000-000000000000/resourceGroups/clitest.rg000001/providers/Microsoft.RecoveryServices/vaults/clitest-vault000002/backupFabrics/Azure/protectionContainers/StorageContainer;Storage;clitest.rg000001;clitest000003/operationResults/0fa7fe6b-8004-4071-974d-86427128fe36?api-version=2022-02-01
      pragma:
      - no-cache
      server:
      - Kestrel
      strict-transport-security:
      - max-age=31536000; includeSubDomains
      x-content-type-options:
      - nosniff
      x-ms-ratelimit-remaining-subscription-resource-requests:
      - '293'
    status:
      code: 202
      message: Accepted
- request:
    body: null
    headers:
      Accept:
      - application/json
      Accept-Encoding:
      - gzip, deflate
      CommandName:
      - backup protection enable-for-azurefileshare
      Connection:
      - keep-alive
      ParameterSetName:
      - -g -v --storage-account --azure-file-share -p
      User-Agent:
      - AZURECLI/2.39.0 azsdk-python-mgmt-recoveryservicesbackup/5.0.0 Python/3.8.5
        (Windows-10-10.0.22000-SP0)
    method: GET
    uri: https://management.azure.com/subscriptions/00000000-0000-0000-0000-000000000000/resourceGroups/clitest.rg000001/providers/Microsoft.RecoveryServices/vaults/clitest-vault000002/backupFabrics/Azure/protectionContainers/StorageContainer%3BStorage%3Bclitest.rg000001%3Bclitest000003/operationResults/0fa7fe6b-8004-4071-974d-86427128fe36?api-version=2022-02-01
  response:
    body:
      string: '{"id":"/subscriptions/00000000-0000-0000-0000-000000000000/resourceGroups/clitest.rg000001/providers/Microsoft.RecoveryServices/vaults/clitest-vault000002/backupFabrics/Azure/protectionContainers/StorageContainer;Storage;clitest.rg000001;clitest000003","name":"StorageContainer;Storage;clitest.rg000001;clitest000003","properties":{"sourceResourceId":"/subscriptions/00000000-0000-0000-0000-000000000000/resourceGroups/clitest.rg000001/providers/Microsoft.Storage/storageAccounts/clitest000003","protectedItemCount":0,"acquireStorageAccountLock":"Acquire","friendlyName":"clitest000003","backupManagementType":"AzureStorage","registrationStatus":"Registered","healthStatus":"Healthy","containerType":"StorageContainer","protectableObjectType":"StorageContainer"}}'
    headers:
      cache-control:
      - no-cache
      content-length:
      - '763'
      content-type:
      - application/json; charset=utf-8
      date:
      - Mon, 22 Aug 2022 06:13:33 GMT
      expires:
      - '-1'
      pragma:
      - no-cache
      server:
      - Kestrel
      strict-transport-security:
      - max-age=31536000; includeSubDomains
      transfer-encoding:
      - chunked
      vary:
      - Accept-Encoding
      x-content-type-options:
      - nosniff
      x-ms-ratelimit-remaining-subscription-resource-requests:
      - '289'
    status:
      code: 200
      message: OK
- request:
    body: null
    headers:
      Accept:
      - application/json
      Accept-Encoding:
      - gzip, deflate
      CommandName:
      - backup protection enable-for-azurefileshare
      Connection:
      - keep-alive
      ParameterSetName:
      - -g -v --storage-account --azure-file-share -p
      User-Agent:
      - AZURECLI/2.39.0 azsdk-python-mgmt-recoveryservicesbackup/5.0.0 Python/3.8.5
        (Windows-10-10.0.22000-SP0)
    method: GET
    uri: https://management.azure.com/subscriptions/00000000-0000-0000-0000-000000000000/resourceGroups/clitest.rg000001/providers/Microsoft.RecoveryServices/vaults/clitest-vault000002/backupProtectableItems?api-version=2022-02-01&%24filter=backupManagementType+eq+%27AzureStorage%27+and+workloadType+eq+%27AzureFileShare%27
  response:
    body:
      string: '{"value":[]}'
    headers:
      cache-control:
      - no-cache
      content-length:
      - '12'
      content-type:
      - application/json; charset=utf-8
      date:
      - Mon, 22 Aug 2022 06:13:35 GMT
      expires:
      - '-1'
      pragma:
      - no-cache
      server:
      - Kestrel
      strict-transport-security:
      - max-age=31536000; includeSubDomains
      transfer-encoding:
      - chunked
      vary:
      - Accept-Encoding
      x-content-type-options:
      - nosniff
      x-ms-ratelimit-remaining-subscription-resource-requests:
      - '299'
    status:
      code: 200
      message: OK
- request:
    body: null
    headers:
      Accept:
      - application/json
      Accept-Encoding:
      - gzip, deflate
      CommandName:
      - backup protection enable-for-azurefileshare
      Connection:
      - keep-alive
      Content-Length:
      - '0'
      ParameterSetName:
      - -g -v --storage-account --azure-file-share -p
      User-Agent:
      - AZURECLI/2.39.0 azsdk-python-mgmt-recoveryservicesbackup/5.0.0 Python/3.8.5
        (Windows-10-10.0.22000-SP0)
    method: POST
    uri: https://management.azure.com/subscriptions/00000000-0000-0000-0000-000000000000/resourceGroups/clitest.rg000001/providers/Microsoft.RecoveryServices/vaults/clitest-vault000002/backupFabrics/Azure/protectionContainers/StorageContainer%3BStorage%3Bclitest.rg000001%3Bclitest000003/inquire?api-version=2022-02-01&%24filter=workloadType+eq+%27AzureFileShare%27
  response:
    body:
      string: ''
    headers:
      azure-asyncoperation:
      - https://management.azure.com/subscriptions/00000000-0000-0000-0000-000000000000/resourceGroups/clitest.rg000001/providers/Microsoft.RecoveryServices/vaults/clitest-vault000002/backupFabrics/Azure/protectionContainers/StorageContainer;Storage;clitest.rg000001;clitest000003/operationsStatus/220af206-10fc-441d-92c6-20508a55abf7?api-version=2019-05-13-preview
      cache-control:
      - no-cache
      content-length:
      - '0'
      date:
      - Mon, 22 Aug 2022 06:13:36 GMT
      expires:
      - '-1'
      location:
      - https://management.azure.com/subscriptions/00000000-0000-0000-0000-000000000000/resourceGroups/clitest.rg000001/providers/Microsoft.RecoveryServices/vaults/clitest-vault000002/backupFabrics/Azure/protectionContainers/StorageContainer;Storage;clitest.rg000001;clitest000003/operationResults/220af206-10fc-441d-92c6-20508a55abf7?api-version=2022-02-01
      pragma:
      - no-cache
      server:
      - Kestrel
      strict-transport-security:
      - max-age=31536000; includeSubDomains
      x-content-type-options:
      - nosniff
      x-ms-ratelimit-remaining-subscription-writes:
      - '1197'
    status:
      code: 202
      message: Accepted
- request:
    body: null
    headers:
      Accept:
      - application/json
      Accept-Encoding:
      - gzip, deflate
      CommandName:
      - backup protection enable-for-azurefileshare
      Connection:
      - keep-alive
      ParameterSetName:
      - -g -v --storage-account --azure-file-share -p
      User-Agent:
      - AZURECLI/2.39.0 azsdk-python-mgmt-recoveryservicesbackup/5.0.0 Python/3.8.5
        (Windows-10-10.0.22000-SP0)
    method: GET
    uri: https://management.azure.com/subscriptions/00000000-0000-0000-0000-000000000000/resourceGroups/clitest.rg000001/providers/Microsoft.RecoveryServices/vaults/clitest-vault000002/backupFabrics/Azure/protectionContainers/StorageContainer%3BStorage%3Bclitest.rg000001%3Bclitest000003/operationResults/220af206-10fc-441d-92c6-20508a55abf7?api-version=2022-02-01
  response:
    body:
      string: '{}'
    headers:
      azure-asyncoperation:
      - https://management.azure.com/subscriptions/00000000-0000-0000-0000-000000000000/resourceGroups/clitest.rg000001/providers/Microsoft.RecoveryServices/vaults/clitest-vault000002/backupFabrics/Azure/protectionContainers/StorageContainer;Storage;clitest.rg000001;clitest000003/operationsStatus/220af206-10fc-441d-92c6-20508a55abf7?api-version=2019-05-13-preview
      cache-control:
      - no-cache
      content-length:
      - '2'
      content-type:
      - application/json; charset=utf-8
      date:
      - Mon, 22 Aug 2022 06:13:36 GMT
      expires:
      - '-1'
      location:
      - https://management.azure.com/subscriptions/00000000-0000-0000-0000-000000000000/resourceGroups/clitest.rg000001/providers/Microsoft.RecoveryServices/vaults/clitest-vault000002/backupFabrics/Azure/protectionContainers/StorageContainer;Storage;clitest.rg000001;clitest000003/operationResults/220af206-10fc-441d-92c6-20508a55abf7?api-version=2022-02-01
      pragma:
      - no-cache
      server:
      - Kestrel
      strict-transport-security:
      - max-age=31536000; includeSubDomains
      x-content-type-options:
      - nosniff
      x-ms-ratelimit-remaining-subscription-resource-requests:
      - '296'
    status:
      code: 202
      message: Accepted
- request:
    body: null
    headers:
      Accept:
      - application/json
      Accept-Encoding:
      - gzip, deflate
      CommandName:
      - backup protection enable-for-azurefileshare
      Connection:
      - keep-alive
      ParameterSetName:
      - -g -v --storage-account --azure-file-share -p
      User-Agent:
      - AZURECLI/2.39.0 azsdk-python-mgmt-recoveryservicesbackup/5.0.0 Python/3.8.5
        (Windows-10-10.0.22000-SP0)
    method: GET
    uri: https://management.azure.com/subscriptions/00000000-0000-0000-0000-000000000000/resourceGroups/clitest.rg000001/providers/Microsoft.RecoveryServices/vaults/clitest-vault000002/backupFabrics/Azure/protectionContainers/StorageContainer%3BStorage%3Bclitest.rg000001%3Bclitest000003/operationResults/220af206-10fc-441d-92c6-20508a55abf7?api-version=2022-02-01
  response:
    body:
      string: ''
    headers:
      cache-control:
      - no-cache
      date:
      - Mon, 22 Aug 2022 06:13:41 GMT
      expires:
      - '-1'
      pragma:
      - no-cache
      server:
      - Kestrel
      strict-transport-security:
      - max-age=31536000; includeSubDomains
      x-content-type-options:
      - nosniff
      x-ms-ratelimit-remaining-subscription-resource-requests:
      - '295'
    status:
      code: 204
      message: No Content
- request:
    body: null
    headers:
      Accept:
      - application/json
      Accept-Encoding:
      - gzip, deflate
      CommandName:
      - backup protection enable-for-azurefileshare
      Connection:
      - keep-alive
      ParameterSetName:
      - -g -v --storage-account --azure-file-share -p
      User-Agent:
      - AZURECLI/2.39.0 azsdk-python-mgmt-recoveryservicesbackup/5.0.0 Python/3.8.5
        (Windows-10-10.0.22000-SP0)
    method: GET
    uri: https://management.azure.com/subscriptions/00000000-0000-0000-0000-000000000000/resourceGroups/clitest.rg000001/providers/Microsoft.RecoveryServices/vaults/clitest-vault000002/backupProtectableItems?api-version=2022-02-01&%24filter=backupManagementType+eq+%27AzureStorage%27+and+workloadType+eq+%27AzureFileShare%27
  response:
    body:
      string: '{"value":[{"id":"/subscriptions/00000000-0000-0000-0000-000000000000/resourceGroups/clitest.rg000001/providers/Microsoft.RecoveryServices/vaults/clitest-vault000002/backupFabrics/Azure/protectionContainers/storagecontainer;storage;clitest.rg000001;clitest000003/protectableItems/azurefileshare;cc6231a35b68dd6ea4db7b07dccf7984d3792698df451fd826d9b8efe58dd766","name":"azurefileshare;cc6231a35b68dd6ea4db7b07dccf7984d3792698df451fd826d9b8efe58dd766","type":"Microsoft.RecoveryServices/vaults/backupFabrics/protectionContainers/protectableItems","properties":{"parentContainerFabricId":"/subscriptions/00000000-0000-0000-0000-000000000000/resourceGroups/clitest.rg000001/providers/Microsoft.Storage/storageAccounts/clitest000003","parentContainerFriendlyName":"clitest000003","azureFileShareType":"XSMB","backupManagementType":"AzureStorage","workloadType":"AzureFileShare","protectableItemType":"AzureFileShare","friendlyName":"clitest-item000004","protectionState":"NotProtected"}}]}'
    headers:
      cache-control:
      - no-cache
      content-length:
      - '983'
      content-type:
      - application/json; charset=utf-8
      date:
      - Mon, 22 Aug 2022 06:13:43 GMT
      expires:
      - '-1'
      pragma:
      - no-cache
      server:
      - Kestrel
      strict-transport-security:
      - max-age=31536000; includeSubDomains
      transfer-encoding:
      - chunked
      vary:
      - Accept-Encoding
      x-content-type-options:
      - nosniff
      x-ms-ratelimit-remaining-subscription-resource-requests:
      - '296'
    status:
      code: 200
      message: OK
- request:
    body: null
    headers:
      Accept:
      - application/json
      Accept-Encoding:
      - gzip, deflate
      CommandName:
      - backup protection enable-for-azurefileshare
      Connection:
      - keep-alive
      ParameterSetName:
      - -g -v --storage-account --azure-file-share -p
      User-Agent:
      - AZURECLI/2.39.0 azsdk-python-mgmt-recoveryservicesbackup/5.0.0 Python/3.8.5
        (Windows-10-10.0.22000-SP0)
    method: GET
    uri: https://management.azure.com/subscriptions/00000000-0000-0000-0000-000000000000/resourceGroups/clitest.rg000001/providers/Microsoft.RecoveryServices/vaults/clitest-vault000002/backupPolicies/clitest-item000005?api-version=2022-02-01
  response:
    body:
      string: '{"id":"/subscriptions/00000000-0000-0000-0000-000000000000/resourceGroups/clitest.rg000001/providers/Microsoft.RecoveryServices/vaults/clitest-vault000002/backupPolicies/clitest-item000005","name":"clitest-item000005","type":"Microsoft.RecoveryServices/vaults/backupPolicies","properties":{"backupManagementType":"AzureStorage","schedulePolicy":{"schedulePolicyType":"SimpleSchedulePolicy","scheduleRunFrequency":"Daily","scheduleRunTimes":["2022-08-22T16:00:00Z"],"scheduleWeeklyFrequency":0},"retentionPolicy":{"retentionPolicyType":"LongTermRetentionPolicy","dailySchedule":{"retentionTimes":["2022-08-22T16:00:00Z"],"retentionDuration":{"count":30,"durationType":"Days"}}},"timeZone":"UTC","protectedItemsCount":0}}'
    headers:
      cache-control:
      - no-cache
      content-length:
      - '719'
      content-type:
      - application/json; charset=utf-8
      date:
      - Mon, 22 Aug 2022 06:13:43 GMT
      expires:
      - '-1'
      pragma:
      - no-cache
      server:
      - Kestrel
      strict-transport-security:
      - max-age=31536000; includeSubDomains
      transfer-encoding:
      - chunked
      vary:
      - Accept-Encoding
      x-content-type-options:
      - nosniff
      x-ms-ratelimit-remaining-subscription-resource-requests:
      - '299'
    status:
      code: 200
      message: OK
- request:
    body: '{"properties": {"protectedItemType": "AzureFileShareProtectedItem", "sourceResourceId":
      "/subscriptions/00000000-0000-0000-0000-000000000000/resourceGroups/clitest.rg000001/providers/Microsoft.Storage/storageAccounts/clitest000003",
      "policyId": "/subscriptions/00000000-0000-0000-0000-000000000000/resourceGroups/clitest.rg000001/providers/Microsoft.RecoveryServices/vaults/clitest-vault000002/backupPolicies/clitest-item000005"}}'
    headers:
      Accept:
      - application/json
      Accept-Encoding:
      - gzip, deflate
      CommandName:
      - backup protection enable-for-azurefileshare
      Connection:
      - keep-alive
      Content-Length:
      - '430'
      Content-Type:
      - application/json
      ParameterSetName:
      - -g -v --storage-account --azure-file-share -p
      User-Agent:
      - AZURECLI/2.39.0 azsdk-python-mgmt-recoveryservicesbackup/5.0.0 Python/3.8.5
        (Windows-10-10.0.22000-SP0)
    method: PUT
    uri: https://management.azure.com/subscriptions/00000000-0000-0000-0000-000000000000/resourceGroups/clitest.rg000001/providers/Microsoft.RecoveryServices/vaults/clitest-vault000002/backupFabrics/Azure/protectionContainers/storagecontainer%3Bstorage%3Bclitest.rg000001%3Bclitest000003/protectedItems/azurefileshare%3Bcc6231a35b68dd6ea4db7b07dccf7984d3792698df451fd826d9b8efe58dd766?api-version=2022-02-01
  response:
    body:
      string: ''
    headers:
      azure-asyncoperation:
      - https://management.azure.com/subscriptions/00000000-0000-0000-0000-000000000000/resourceGroups/clitest.rg000001/providers/Microsoft.RecoveryServices/vaults/clitest-vault000002/backupFabrics/Azure/protectionContainers/storagecontainer;storage;clitest.rg000001;clitest000003/protectedItems/azurefileshare;cc6231a35b68dd6ea4db7b07dccf7984d3792698df451fd826d9b8efe58dd766/operationsStatus/7b936228-672a-4b80-bcb8-67e832c1d884?api-version=2022-02-01
      cache-control:
      - no-cache
      content-length:
      - '0'
      date:
      - Mon, 22 Aug 2022 06:13:44 GMT
      expires:
      - '-1'
      location:
      - https://management.azure.com/subscriptions/00000000-0000-0000-0000-000000000000/resourceGroups/clitest.rg000001/providers/Microsoft.RecoveryServices/vaults/clitest-vault000002/backupFabrics/Azure/protectionContainers/storagecontainer;storage;clitest.rg000001;clitest000003/protectedItems/azurefileshare;cc6231a35b68dd6ea4db7b07dccf7984d3792698df451fd826d9b8efe58dd766/operationResults/7b936228-672a-4b80-bcb8-67e832c1d884?api-version=2022-02-01
      pragma:
      - no-cache
      server:
      - Kestrel
      strict-transport-security:
      - max-age=31536000; includeSubDomains
      x-content-type-options:
      - nosniff
      x-ms-ratelimit-remaining-subscription-writes:
      - '1192'
    status:
      code: 202
      message: Accepted
- request:
    body: null
    headers:
      Accept:
      - application/json
      Accept-Encoding:
      - gzip, deflate
      CommandName:
      - backup protection enable-for-azurefileshare
      Connection:
      - keep-alive
      ParameterSetName:
      - -g -v --storage-account --azure-file-share -p
      User-Agent:
      - AZURECLI/2.39.0 azsdk-python-mgmt-recoveryservicesbackup/5.0.0 Python/3.8.5
        (Windows-10-10.0.22000-SP0)
    method: GET
    uri: https://management.azure.com/subscriptions/00000000-0000-0000-0000-000000000000/resourceGroups/clitest.rg000001/providers/Microsoft.RecoveryServices/vaults/clitest-vault000002/backupOperations/7b936228-672a-4b80-bcb8-67e832c1d884?api-version=2022-02-01
  response:
    body:
      string: '{"id":"7b936228-672a-4b80-bcb8-67e832c1d884","name":"7b936228-672a-4b80-bcb8-67e832c1d884","status":"InProgress","startTime":"2022-08-22T06:13:44.6095785Z","endTime":"0001-01-01T00:00:00"}'
    headers:
      cache-control:
      - no-cache
      content-length:
      - '188'
      content-type:
      - application/json; charset=utf-8
      date:
      - Mon, 22 Aug 2022 06:13:45 GMT
      expires:
      - '-1'
      pragma:
      - no-cache
      server:
      - Kestrel
      strict-transport-security:
      - max-age=31536000; includeSubDomains
      transfer-encoding:
      - chunked
      vary:
      - Accept-Encoding
      x-content-type-options:
      - nosniff
      x-ms-ratelimit-remaining-subscription-resource-requests:
      - '298'
    status:
      code: 200
      message: OK
- request:
    body: null
    headers:
      Accept:
      - application/json
      Accept-Encoding:
      - gzip, deflate
      CommandName:
      - backup protection enable-for-azurefileshare
      Connection:
      - keep-alive
      ParameterSetName:
      - -g -v --storage-account --azure-file-share -p
      User-Agent:
      - AZURECLI/2.39.0 azsdk-python-mgmt-recoveryservicesbackup/5.0.0 Python/3.8.5
        (Windows-10-10.0.22000-SP0)
    method: GET
    uri: https://management.azure.com/subscriptions/00000000-0000-0000-0000-000000000000/resourceGroups/clitest.rg000001/providers/Microsoft.RecoveryServices/vaults/clitest-vault000002/backupOperations/7b936228-672a-4b80-bcb8-67e832c1d884?api-version=2022-02-01
  response:
    body:
      string: '{"id":"7b936228-672a-4b80-bcb8-67e832c1d884","name":"7b936228-672a-4b80-bcb8-67e832c1d884","status":"InProgress","startTime":"2022-08-22T06:13:44.6095785Z","endTime":"0001-01-01T00:00:00"}'
    headers:
      cache-control:
      - no-cache
      content-length:
      - '188'
      content-type:
      - application/json; charset=utf-8
      date:
      - Mon, 22 Aug 2022 06:13:50 GMT
      expires:
      - '-1'
      pragma:
      - no-cache
      server:
      - Kestrel
      strict-transport-security:
      - max-age=31536000; includeSubDomains
      transfer-encoding:
      - chunked
      vary:
      - Accept-Encoding
      x-content-type-options:
      - nosniff
      x-ms-ratelimit-remaining-subscription-resource-requests:
      - '296'
    status:
      code: 200
      message: OK
- request:
    body: null
    headers:
      Accept:
      - application/json
      Accept-Encoding:
      - gzip, deflate
      CommandName:
      - backup protection enable-for-azurefileshare
      Connection:
      - keep-alive
      ParameterSetName:
      - -g -v --storage-account --azure-file-share -p
      User-Agent:
      - AZURECLI/2.39.0 azsdk-python-mgmt-recoveryservicesbackup/5.0.0 Python/3.8.5
        (Windows-10-10.0.22000-SP0)
    method: GET
    uri: https://management.azure.com/subscriptions/00000000-0000-0000-0000-000000000000/resourceGroups/clitest.rg000001/providers/Microsoft.RecoveryServices/vaults/clitest-vault000002/backupOperations/7b936228-672a-4b80-bcb8-67e832c1d884?api-version=2022-02-01
  response:
    body:
      string: '{"id":"7b936228-672a-4b80-bcb8-67e832c1d884","name":"7b936228-672a-4b80-bcb8-67e832c1d884","status":"InProgress","startTime":"2022-08-22T06:13:44.6095785Z","endTime":"0001-01-01T00:00:00"}'
    headers:
      cache-control:
      - no-cache
      content-length:
      - '188'
      content-type:
      - application/json; charset=utf-8
      date:
      - Mon, 22 Aug 2022 06:13:55 GMT
      expires:
      - '-1'
      pragma:
      - no-cache
      server:
      - Kestrel
      strict-transport-security:
      - max-age=31536000; includeSubDomains
      transfer-encoding:
      - chunked
      vary:
      - Accept-Encoding
      x-content-type-options:
      - nosniff
      x-ms-ratelimit-remaining-subscription-resource-requests:
      - '294'
    status:
      code: 200
      message: OK
- request:
    body: null
    headers:
      Accept:
      - application/json
      Accept-Encoding:
      - gzip, deflate
      CommandName:
      - backup protection enable-for-azurefileshare
      Connection:
      - keep-alive
      ParameterSetName:
      - -g -v --storage-account --azure-file-share -p
      User-Agent:
      - AZURECLI/2.39.0 azsdk-python-mgmt-recoveryservicesbackup/5.0.0 Python/3.8.5
        (Windows-10-10.0.22000-SP0)
    method: GET
    uri: https://management.azure.com/subscriptions/00000000-0000-0000-0000-000000000000/resourceGroups/clitest.rg000001/providers/Microsoft.RecoveryServices/vaults/clitest-vault000002/backupOperations/7b936228-672a-4b80-bcb8-67e832c1d884?api-version=2022-02-01
  response:
    body:
      string: '{"id":"7b936228-672a-4b80-bcb8-67e832c1d884","name":"7b936228-672a-4b80-bcb8-67e832c1d884","status":"InProgress","startTime":"2022-08-22T06:13:44.6095785Z","endTime":"0001-01-01T00:00:00"}'
    headers:
      cache-control:
      - no-cache
      content-length:
      - '188'
      content-type:
      - application/json; charset=utf-8
      date:
      - Mon, 22 Aug 2022 06:14:01 GMT
      expires:
      - '-1'
      pragma:
      - no-cache
      server:
      - Kestrel
      strict-transport-security:
      - max-age=31536000; includeSubDomains
      transfer-encoding:
      - chunked
      vary:
      - Accept-Encoding
      x-content-type-options:
      - nosniff
      x-ms-ratelimit-remaining-subscription-resource-requests:
      - '292'
    status:
      code: 200
      message: OK
- request:
    body: null
    headers:
      Accept:
      - application/json
      Accept-Encoding:
      - gzip, deflate
      CommandName:
      - backup protection enable-for-azurefileshare
      Connection:
      - keep-alive
      ParameterSetName:
      - -g -v --storage-account --azure-file-share -p
      User-Agent:
      - AZURECLI/2.39.0 azsdk-python-mgmt-recoveryservicesbackup/5.0.0 Python/3.8.5
        (Windows-10-10.0.22000-SP0)
    method: GET
    uri: https://management.azure.com/subscriptions/00000000-0000-0000-0000-000000000000/resourceGroups/clitest.rg000001/providers/Microsoft.RecoveryServices/vaults/clitest-vault000002/backupOperations/7b936228-672a-4b80-bcb8-67e832c1d884?api-version=2022-02-01
  response:
    body:
      string: '{"id":"7b936228-672a-4b80-bcb8-67e832c1d884","name":"7b936228-672a-4b80-bcb8-67e832c1d884","status":"InProgress","startTime":"2022-08-22T06:13:44.6095785Z","endTime":"0001-01-01T00:00:00"}'
    headers:
      cache-control:
      - no-cache
      content-length:
      - '188'
      content-type:
      - application/json; charset=utf-8
      date:
      - Mon, 22 Aug 2022 06:14:06 GMT
      expires:
      - '-1'
      pragma:
      - no-cache
      server:
      - Kestrel
      strict-transport-security:
      - max-age=31536000; includeSubDomains
      transfer-encoding:
      - chunked
      vary:
      - Accept-Encoding
      x-content-type-options:
      - nosniff
      x-ms-ratelimit-remaining-subscription-resource-requests:
      - '290'
    status:
      code: 200
      message: OK
- request:
    body: null
    headers:
      Accept:
      - application/json
      Accept-Encoding:
      - gzip, deflate
      CommandName:
      - backup protection enable-for-azurefileshare
      Connection:
      - keep-alive
      ParameterSetName:
      - -g -v --storage-account --azure-file-share -p
      User-Agent:
      - AZURECLI/2.39.0 azsdk-python-mgmt-recoveryservicesbackup/5.0.0 Python/3.8.5
        (Windows-10-10.0.22000-SP0)
    method: GET
    uri: https://management.azure.com/subscriptions/00000000-0000-0000-0000-000000000000/resourceGroups/clitest.rg000001/providers/Microsoft.RecoveryServices/vaults/clitest-vault000002/backupOperations/7b936228-672a-4b80-bcb8-67e832c1d884?api-version=2022-02-01
  response:
    body:
      string: '{"id":"7b936228-672a-4b80-bcb8-67e832c1d884","name":"7b936228-672a-4b80-bcb8-67e832c1d884","status":"InProgress","startTime":"2022-08-22T06:13:44.6095785Z","endTime":"0001-01-01T00:00:00"}'
    headers:
      cache-control:
      - no-cache
      content-length:
      - '188'
      content-type:
      - application/json; charset=utf-8
      date:
      - Mon, 22 Aug 2022 06:14:11 GMT
      expires:
      - '-1'
      pragma:
      - no-cache
      server:
      - Kestrel
      strict-transport-security:
      - max-age=31536000; includeSubDomains
      transfer-encoding:
      - chunked
      vary:
      - Accept-Encoding
      x-content-type-options:
      - nosniff
      x-ms-ratelimit-remaining-subscription-resource-requests:
      - '288'
    status:
      code: 200
      message: OK
- request:
    body: null
    headers:
      Accept:
      - application/json
      Accept-Encoding:
      - gzip, deflate
      CommandName:
      - backup protection enable-for-azurefileshare
      Connection:
      - keep-alive
      ParameterSetName:
      - -g -v --storage-account --azure-file-share -p
      User-Agent:
      - AZURECLI/2.39.0 azsdk-python-mgmt-recoveryservicesbackup/5.0.0 Python/3.8.5
        (Windows-10-10.0.22000-SP0)
    method: GET
    uri: https://management.azure.com/subscriptions/00000000-0000-0000-0000-000000000000/resourceGroups/clitest.rg000001/providers/Microsoft.RecoveryServices/vaults/clitest-vault000002/backupOperations/7b936228-672a-4b80-bcb8-67e832c1d884?api-version=2022-02-01
  response:
    body:
      string: '{"id":"7b936228-672a-4b80-bcb8-67e832c1d884","name":"7b936228-672a-4b80-bcb8-67e832c1d884","status":"InProgress","startTime":"2022-08-22T06:13:44.6095785Z","endTime":"0001-01-01T00:00:00"}'
    headers:
      cache-control:
      - no-cache
      content-length:
      - '188'
      content-type:
      - application/json; charset=utf-8
      date:
      - Mon, 22 Aug 2022 06:14:16 GMT
      expires:
      - '-1'
      pragma:
      - no-cache
      server:
      - Kestrel
      strict-transport-security:
      - max-age=31536000; includeSubDomains
      transfer-encoding:
      - chunked
      vary:
      - Accept-Encoding
      x-content-type-options:
      - nosniff
      x-ms-ratelimit-remaining-subscription-resource-requests:
      - '286'
    status:
      code: 200
      message: OK
- request:
    body: null
    headers:
      Accept:
      - application/json
      Accept-Encoding:
      - gzip, deflate
      CommandName:
      - backup protection enable-for-azurefileshare
      Connection:
      - keep-alive
      ParameterSetName:
      - -g -v --storage-account --azure-file-share -p
      User-Agent:
      - AZURECLI/2.39.0 azsdk-python-mgmt-recoveryservicesbackup/5.0.0 Python/3.8.5
        (Windows-10-10.0.22000-SP0)
    method: GET
    uri: https://management.azure.com/subscriptions/00000000-0000-0000-0000-000000000000/resourceGroups/clitest.rg000001/providers/Microsoft.RecoveryServices/vaults/clitest-vault000002/backupOperations/7b936228-672a-4b80-bcb8-67e832c1d884?api-version=2022-02-01
  response:
    body:
      string: '{"id":"7b936228-672a-4b80-bcb8-67e832c1d884","name":"7b936228-672a-4b80-bcb8-67e832c1d884","status":"InProgress","startTime":"2022-08-22T06:13:44.6095785Z","endTime":"0001-01-01T00:00:00"}'
    headers:
      cache-control:
      - no-cache
      content-length:
      - '188'
      content-type:
      - application/json; charset=utf-8
      date:
      - Mon, 22 Aug 2022 06:14:22 GMT
      expires:
      - '-1'
      pragma:
      - no-cache
      server:
      - Kestrel
      strict-transport-security:
      - max-age=31536000; includeSubDomains
      transfer-encoding:
      - chunked
      vary:
      - Accept-Encoding
      x-content-type-options:
      - nosniff
      x-ms-ratelimit-remaining-subscription-resource-requests:
      - '284'
    status:
      code: 200
      message: OK
- request:
    body: null
    headers:
      Accept:
      - application/json
      Accept-Encoding:
      - gzip, deflate
      CommandName:
      - backup protection enable-for-azurefileshare
      Connection:
      - keep-alive
      ParameterSetName:
      - -g -v --storage-account --azure-file-share -p
      User-Agent:
      - AZURECLI/2.39.0 azsdk-python-mgmt-recoveryservicesbackup/5.0.0 Python/3.8.5
        (Windows-10-10.0.22000-SP0)
    method: GET
    uri: https://management.azure.com/subscriptions/00000000-0000-0000-0000-000000000000/resourceGroups/clitest.rg000001/providers/Microsoft.RecoveryServices/vaults/clitest-vault000002/backupOperations/7b936228-672a-4b80-bcb8-67e832c1d884?api-version=2022-02-01
  response:
    body:
      string: '{"id":"7b936228-672a-4b80-bcb8-67e832c1d884","name":"7b936228-672a-4b80-bcb8-67e832c1d884","status":"Succeeded","startTime":"2022-08-22T06:13:44.6095785Z","endTime":"2022-08-22T06:13:44.6095785Z","properties":{"objectType":"OperationStatusJobExtendedInfo","jobId":"476fc2c7-8a24-46bc-bb37-4a78850099db"}}'
    headers:
      cache-control:
      - no-cache
      content-length:
      - '304'
      content-type:
      - application/json; charset=utf-8
      date:
      - Mon, 22 Aug 2022 06:14:28 GMT
      expires:
      - '-1'
      pragma:
      - no-cache
      server:
      - Kestrel
      strict-transport-security:
      - max-age=31536000; includeSubDomains
      transfer-encoding:
      - chunked
      vary:
      - Accept-Encoding
      x-content-type-options:
      - nosniff
      x-ms-ratelimit-remaining-subscription-resource-requests:
      - '281'
    status:
      code: 200
      message: OK
- request:
    body: null
    headers:
      Accept:
      - application/json
      Accept-Encoding:
      - gzip, deflate
      CommandName:
      - backup protection enable-for-azurefileshare
      Connection:
      - keep-alive
      ParameterSetName:
      - -g -v --storage-account --azure-file-share -p
      User-Agent:
      - AZURECLI/2.39.0 azsdk-python-mgmt-recoveryservicesbackup/5.0.0 Python/3.8.5
        (Windows-10-10.0.22000-SP0)
    method: GET
    uri: https://management.azure.com/subscriptions/00000000-0000-0000-0000-000000000000/resourceGroups/clitest.rg000001/providers/Microsoft.RecoveryServices/vaults/clitest-vault000002/backupJobs/476fc2c7-8a24-46bc-bb37-4a78850099db?api-version=2022-02-01
  response:
    body:
      string: '{"id":"/subscriptions/00000000-0000-0000-0000-000000000000/resourceGroups/clitest.rg000001/providers/Microsoft.RecoveryServices/vaults/clitest-vault000002/backupJobs/476fc2c7-8a24-46bc-bb37-4a78850099db","name":"476fc2c7-8a24-46bc-bb37-4a78850099db","type":"Microsoft.RecoveryServices/vaults/backupJobs","properties":{"jobType":"AzureStorageJob","duration":"PT41.2370368S","storageAccountName":"clitest000003","storageAccountVersion":"Storage","extendedInfo":{"tasksList":[],"propertyBag":{"File
        Share Name":"clitest-item000004","Storage Account Name":"clitest000003","Policy
        Name":"clitest-item000005"}},"isUserTriggered":false,"entityFriendlyName":"clitest-item000004","backupManagementType":"AzureStorage","operation":"ConfigureBackup","status":"Completed","startTime":"2022-08-22T06:13:44.6095785Z","endTime":"2022-08-22T06:14:25.8466153Z","activityId":"7c899695-21e1-11ed-b16b-c8f750f92764"}}'
    headers:
      cache-control:
      - no-cache
      content-length:
      - '897'
      content-type:
      - application/json; charset=utf-8
      date:
      - Mon, 22 Aug 2022 06:14:28 GMT
      expires:
      - '-1'
      pragma:
      - no-cache
      server:
      - Kestrel
      strict-transport-security:
      - max-age=31536000; includeSubDomains
      transfer-encoding:
      - chunked
      vary:
      - Accept-Encoding
      x-content-type-options:
      - nosniff
      x-ms-ratelimit-remaining-subscription-resource-requests:
      - '148'
    status:
      code: 200
      message: OK
- request:
    body: null
    headers:
      Accept:
      - application/json
      Accept-Encoding:
      - gzip, deflate
      CommandName:
      - backup protection backup-now
      Connection:
      - keep-alive
      ParameterSetName:
      - -g -v -c -i --retain-until --backup-management-type --query
      User-Agent:
      - AZURECLI/2.39.0 azsdk-python-mgmt-recoveryservicesbackup/5.0.0 Python/3.8.5
        (Windows-10-10.0.22000-SP0)
    method: GET
    uri: https://management.azure.com/subscriptions/00000000-0000-0000-0000-000000000000/resourceGroups/clitest.rg000001/providers/Microsoft.RecoveryServices/vaults/clitest-vault000002/backupProtectedItems?api-version=2022-02-01&%24filter=backupManagementType+eq+%27AzureStorage%27
  response:
    body:
      string: '{"value":[{"id":"/subscriptions/00000000-0000-0000-0000-000000000000/resourceGroups/clitest.rg000001/providers/Microsoft.RecoveryServices/vaults/clitest-vault000002/backupFabrics/Azure/protectionContainers/StorageContainer;storage;clitest.rg000001;clitest000003/protectedItems/AzureFileShare;cc6231a35b68dd6ea4db7b07dccf7984d3792698df451fd826d9b8efe58dd766","name":"AzureFileShare;cc6231a35b68dd6ea4db7b07dccf7984d3792698df451fd826d9b8efe58dd766","type":"Microsoft.RecoveryServices/vaults/backupFabrics/protectionContainers/protectedItems","properties":{"kpisHealths":{},"friendlyName":"clitest-item000004","protectionStatus":"Healthy","protectionState":"IRPending","lastBackupStatus":"IRPending","protectedItemType":"AzureFileShareProtectedItem","backupManagementType":"AzureStorage","workloadType":"AzureFileShare","containerName":"StorageContainer;storage;clitest.rg000001;clitest000003","sourceResourceId":"/subscriptions/00000000-0000-0000-0000-000000000000/resourceGroups/clitest.rg000001/providers/Microsoft.storage/storageAccounts/clitest000003","policyId":"/subscriptions/00000000-0000-0000-0000-000000000000/resourceGroups/clitest.rg000001/providers/Microsoft.RecoveryServices/vaults/clitest-vault000002/backupPolicies/clitest-item000005","isArchiveEnabled":false}}]}'
    headers:
      cache-control:
      - no-cache
      content-length:
      - '1277'
      content-type:
      - application/json; charset=utf-8
      date:
      - Mon, 22 Aug 2022 06:14:29 GMT
      expires:
      - '-1'
      pragma:
      - no-cache
      server:
      - Kestrel
      strict-transport-security:
      - max-age=31536000; includeSubDomains
      transfer-encoding:
      - chunked
      vary:
      - Accept-Encoding
      x-content-type-options:
      - nosniff
      x-ms-ratelimit-remaining-subscription-resource-requests:
      - '299'
    status:
      code: 200
      message: OK
- request:
    body: '{"properties": {"objectType": "AzureFileShareBackupRequest", "recoveryPointExpiryTimeInUTC":
      "2022-09-21T00:00:00.000Z"}}'
    headers:
      Accept:
      - application/json
      Accept-Encoding:
      - gzip, deflate
      CommandName:
      - backup protection backup-now
      Connection:
      - keep-alive
      Content-Length:
      - '121'
      Content-Type:
      - application/json
      ParameterSetName:
      - -g -v -c -i --retain-until --backup-management-type --query
      User-Agent:
      - AZURECLI/2.39.0 azsdk-python-mgmt-recoveryservicesbackup/5.0.0 Python/3.8.5
        (Windows-10-10.0.22000-SP0)
    method: POST
    uri: https://management.azure.com/subscriptions/00000000-0000-0000-0000-000000000000/resourceGroups/clitest.rg000001/providers/Microsoft.RecoveryServices/vaults/clitest-vault000002/backupFabrics/Azure/protectionContainers/StorageContainer%3Bstorage%3Bclitest.rg000001%3Bclitest000003/protectedItems/AzureFileShare%3Bcc6231a35b68dd6ea4db7b07dccf7984d3792698df451fd826d9b8efe58dd766/backup?api-version=2022-02-01
  response:
    body:
      string: ''
    headers:
      azure-asyncoperation:
      - https://management.azure.com/subscriptions/00000000-0000-0000-0000-000000000000/resourceGroups/clitest.rg000001/providers/Microsoft.RecoveryServices/vaults/clitest-vault000002/backupFabrics/Azure/protectionContainers/StorageContainer;storage;clitest.rg000001;clitest000003/protectedItems/AzureFileShare;cc6231a35b68dd6ea4db7b07dccf7984d3792698df451fd826d9b8efe58dd766/operationsStatus/f1409e6e-3bb1-4d77-81a1-3f094070d4cf?api-version=2022-02-01
      cache-control:
      - no-cache
      content-length:
      - '0'
      date:
      - Mon, 22 Aug 2022 06:14:30 GMT
      expires:
      - '-1'
      location:
      - https://management.azure.com/subscriptions/00000000-0000-0000-0000-000000000000/resourceGroups/clitest.rg000001/providers/Microsoft.RecoveryServices/vaults/clitest-vault000002/backupFabrics/Azure/protectionContainers/StorageContainer;storage;clitest.rg000001;clitest000003/protectedItems/AzureFileShare;cc6231a35b68dd6ea4db7b07dccf7984d3792698df451fd826d9b8efe58dd766/operationResults/f1409e6e-3bb1-4d77-81a1-3f094070d4cf?api-version=2022-02-01
      pragma:
      - no-cache
      server:
      - Kestrel
      strict-transport-security:
      - max-age=31536000; includeSubDomains
      x-content-type-options:
      - nosniff
      x-ms-ratelimit-remaining-subscription-writes:
      - '1196'
    status:
      code: 202
      message: Accepted
- request:
    body: null
    headers:
      Accept:
      - application/json
      Accept-Encoding:
      - gzip, deflate
      CommandName:
      - backup protection backup-now
      Connection:
      - keep-alive
      ParameterSetName:
      - -g -v -c -i --retain-until --backup-management-type --query
      User-Agent:
      - AZURECLI/2.39.0 azsdk-python-mgmt-recoveryservicesbackup/5.0.0 Python/3.8.5
        (Windows-10-10.0.22000-SP0)
    method: GET
    uri: https://management.azure.com/subscriptions/00000000-0000-0000-0000-000000000000/resourceGroups/clitest.rg000001/providers/Microsoft.RecoveryServices/vaults/clitest-vault000002/backupOperations/f1409e6e-3bb1-4d77-81a1-3f094070d4cf?api-version=2022-02-01
  response:
    body:
      string: '{"id":"f1409e6e-3bb1-4d77-81a1-3f094070d4cf","name":"f1409e6e-3bb1-4d77-81a1-3f094070d4cf","status":"Succeeded","startTime":"2022-08-22T06:14:30.2940284Z","endTime":"2022-08-22T06:14:30.2940284Z","properties":{"objectType":"OperationStatusJobExtendedInfo","jobId":"d6bf420d-a0b0-4657-af9b-f423ee20b6c5"}}'
    headers:
      cache-control:
      - no-cache
      content-length:
      - '304'
      content-type:
      - application/json; charset=utf-8
      date:
      - Mon, 22 Aug 2022 06:14:30 GMT
      expires:
      - '-1'
      pragma:
      - no-cache
      server:
      - Kestrel
      strict-transport-security:
      - max-age=31536000; includeSubDomains
      transfer-encoding:
      - chunked
      vary:
      - Accept-Encoding
      x-content-type-options:
      - nosniff
      x-ms-ratelimit-remaining-subscription-resource-requests:
      - '290'
    status:
      code: 200
      message: OK
- request:
    body: null
    headers:
      Accept:
      - application/json
      Accept-Encoding:
      - gzip, deflate
      CommandName:
      - backup protection backup-now
      Connection:
      - keep-alive
      ParameterSetName:
      - -g -v -c -i --retain-until --backup-management-type --query
      User-Agent:
      - AZURECLI/2.39.0 azsdk-python-mgmt-recoveryservicesbackup/5.0.0 Python/3.8.5
        (Windows-10-10.0.22000-SP0)
    method: GET
    uri: https://management.azure.com/subscriptions/00000000-0000-0000-0000-000000000000/resourceGroups/clitest.rg000001/providers/Microsoft.RecoveryServices/vaults/clitest-vault000002/backupJobs/d6bf420d-a0b0-4657-af9b-f423ee20b6c5?api-version=2022-02-01
  response:
    body:
      string: '{"id":"/subscriptions/00000000-0000-0000-0000-000000000000/resourceGroups/clitest.rg000001/providers/Microsoft.RecoveryServices/vaults/clitest-vault000002/backupJobs/d6bf420d-a0b0-4657-af9b-f423ee20b6c5","name":"d6bf420d-a0b0-4657-af9b-f423ee20b6c5","type":"Microsoft.RecoveryServices/vaults/backupJobs","properties":{"jobType":"AzureStorageJob","duration":"PT1.4408091S","storageAccountName":"clitest000003","storageAccountVersion":"MicrosoftStorage","extendedInfo":{"tasksList":[{"taskId":"Take
        Snapshot","status":"InProgress"}],"propertyBag":{"Data Transferred (in MB)":"0","File
        Share Name":"clitest-item000004","Whether job is adhoc or scheduled.":"True"}},"isUserTriggered":false,"entityFriendlyName":"clitest-item000004","backupManagementType":"AzureStorage","operation":"Backup","status":"InProgress","startTime":"2022-08-22T06:14:30.2940284Z","activityId":"adf9684c-21e1-11ed-bad8-c8f750f92764"}}'
    headers:
      cache-control:
      - no-cache
      content-length:
      - '905'
      content-type:
      - application/json; charset=utf-8
      date:
      - Mon, 22 Aug 2022 06:14:31 GMT
      expires:
      - '-1'
      pragma:
      - no-cache
      server:
      - Kestrel
      strict-transport-security:
      - max-age=31536000; includeSubDomains
      transfer-encoding:
      - chunked
      vary:
      - Accept-Encoding
      x-content-type-options:
      - nosniff
      x-ms-ratelimit-remaining-subscription-resource-requests:
      - '148'
    status:
      code: 200
      message: OK
- request:
    body: null
    headers:
      Accept:
      - application/json
      Accept-Encoding:
      - gzip, deflate
      CommandName:
      - backup job wait
      Connection:
      - keep-alive
      ParameterSetName:
      - -g -v -n
      User-Agent:
      - AZURECLI/2.39.0 azsdk-python-mgmt-recoveryservicesbackup/5.0.0 Python/3.8.5
        (Windows-10-10.0.22000-SP0)
    method: GET
    uri: https://management.azure.com/subscriptions/00000000-0000-0000-0000-000000000000/resourceGroups/clitest.rg000001/providers/Microsoft.RecoveryServices/vaults/clitest-vault000002/backupJobs/d6bf420d-a0b0-4657-af9b-f423ee20b6c5?api-version=2022-02-01
  response:
    body:
      string: '{"id":"/subscriptions/00000000-0000-0000-0000-000000000000/resourceGroups/clitest.rg000001/providers/Microsoft.RecoveryServices/vaults/clitest-vault000002/backupJobs/d6bf420d-a0b0-4657-af9b-f423ee20b6c5","name":"d6bf420d-a0b0-4657-af9b-f423ee20b6c5","type":"Microsoft.RecoveryServices/vaults/backupJobs","properties":{"jobType":"AzureStorageJob","duration":"PT1.9951024S","storageAccountName":"clitest000003","storageAccountVersion":"MicrosoftStorage","extendedInfo":{"tasksList":[{"taskId":"Take
        Snapshot","status":"InProgress"}],"propertyBag":{"Data Transferred (in MB)":"0","File
        Share Name":"clitest-item000004","Whether job is adhoc or scheduled.":"True"}},"isUserTriggered":false,"entityFriendlyName":"clitest-item000004","backupManagementType":"AzureStorage","operation":"Backup","status":"InProgress","startTime":"2022-08-22T06:14:30.2940284Z","activityId":"adf9684c-21e1-11ed-bad8-c8f750f92764"}}'
    headers:
      cache-control:
      - no-cache
      content-length:
      - '905'
      content-type:
      - application/json; charset=utf-8
      date:
      - Mon, 22 Aug 2022 06:14:32 GMT
      expires:
      - '-1'
      pragma:
      - no-cache
      server:
      - Kestrel
      strict-transport-security:
      - max-age=31536000; includeSubDomains
      transfer-encoding:
      - chunked
      vary:
      - Accept-Encoding
      x-content-type-options:
      - nosniff
      x-ms-ratelimit-remaining-subscription-resource-requests:
      - '147'
    status:
      code: 200
      message: OK
- request:
    body: null
    headers:
      Accept:
      - application/json
      Accept-Encoding:
      - gzip, deflate
      CommandName:
      - backup job wait
      Connection:
      - keep-alive
      ParameterSetName:
      - -g -v -n
      User-Agent:
      - AZURECLI/2.39.0 azsdk-python-mgmt-recoveryservicesbackup/5.0.0 Python/3.8.5
        (Windows-10-10.0.22000-SP0)
    method: GET
    uri: https://management.azure.com/subscriptions/00000000-0000-0000-0000-000000000000/resourceGroups/clitest.rg000001/providers/Microsoft.RecoveryServices/vaults/clitest-vault000002/backupJobs/d6bf420d-a0b0-4657-af9b-f423ee20b6c5?api-version=2022-02-01
  response:
    body:
      string: '{"id":"/subscriptions/00000000-0000-0000-0000-000000000000/resourceGroups/clitest.rg000001/providers/Microsoft.RecoveryServices/vaults/clitest-vault000002/backupJobs/d6bf420d-a0b0-4657-af9b-f423ee20b6c5","name":"d6bf420d-a0b0-4657-af9b-f423ee20b6c5","type":"Microsoft.RecoveryServices/vaults/backupJobs","properties":{"jobType":"AzureStorageJob","duration":"PT2.3544532S","storageAccountName":"clitest000003","storageAccountVersion":"MicrosoftStorage","extendedInfo":{"tasksList":[{"taskId":"Take
        Snapshot","status":"InProgress"}],"propertyBag":{"Data Transferred (in MB)":"0","File
        Share Name":"clitest-item000004","Whether job is adhoc or scheduled.":"True"}},"isUserTriggered":false,"entityFriendlyName":"clitest-item000004","backupManagementType":"AzureStorage","operation":"Backup","status":"InProgress","startTime":"2022-08-22T06:14:30.2940284Z","activityId":"adf9684c-21e1-11ed-bad8-c8f750f92764"}}'
    headers:
      cache-control:
      - no-cache
      content-length:
      - '905'
      content-type:
      - application/json; charset=utf-8
      date:
      - Mon, 22 Aug 2022 06:14:32 GMT
      expires:
      - '-1'
      pragma:
      - no-cache
      server:
      - Kestrel
      strict-transport-security:
      - max-age=31536000; includeSubDomains
      transfer-encoding:
      - chunked
      vary:
      - Accept-Encoding
      x-content-type-options:
      - nosniff
      x-ms-ratelimit-remaining-subscription-resource-requests:
      - '146'
    status:
      code: 200
      message: OK
- request:
    body: null
    headers:
      Accept:
      - application/json
      Accept-Encoding:
      - gzip, deflate
      CommandName:
      - backup job wait
      Connection:
      - keep-alive
      ParameterSetName:
      - -g -v -n
      User-Agent:
      - AZURECLI/2.39.0 azsdk-python-mgmt-recoveryservicesbackup/5.0.0 Python/3.8.5
        (Windows-10-10.0.22000-SP0)
    method: GET
    uri: https://management.azure.com/subscriptions/00000000-0000-0000-0000-000000000000/resourceGroups/clitest.rg000001/providers/Microsoft.RecoveryServices/vaults/clitest-vault000002/backupJobs/d6bf420d-a0b0-4657-af9b-f423ee20b6c5?api-version=2022-02-01
  response:
    body:
      string: '{"id":"/subscriptions/00000000-0000-0000-0000-000000000000/resourceGroups/clitest.rg000001/providers/Microsoft.RecoveryServices/vaults/clitest-vault000002/backupJobs/d6bf420d-a0b0-4657-af9b-f423ee20b6c5","name":"d6bf420d-a0b0-4657-af9b-f423ee20b6c5","type":"Microsoft.RecoveryServices/vaults/backupJobs","properties":{"jobType":"AzureStorageJob","duration":"PT3.511591S","storageAccountName":"clitest000003","storageAccountVersion":"MicrosoftStorage","extendedInfo":{"tasksList":[{"taskId":"Take
        Snapshot","status":"Completed"}],"propertyBag":{"Data Transferred (in MB)":"0","File
        Share Name":"clitest-item000004","Whether job is adhoc or scheduled.":"True"}},"isUserTriggered":false,"entityFriendlyName":"clitest-item000004","backupManagementType":"AzureStorage","operation":"Backup","status":"Completed","startTime":"2022-08-22T06:14:30.2940284Z","endTime":"2022-08-22T06:14:33.8056194Z","activityId":"adf9684c-21e1-11ed-bad8-c8f750f92764"}}'
    headers:
      cache-control:
      - no-cache
      content-length:
      - '943'
      content-type:
      - application/json; charset=utf-8
      date:
      - Mon, 22 Aug 2022 06:15:02 GMT
      expires:
      - '-1'
      pragma:
      - no-cache
      server:
      - Kestrel
      strict-transport-security:
      - max-age=31536000; includeSubDomains
      transfer-encoding:
      - chunked
      vary:
      - Accept-Encoding
      x-content-type-options:
      - nosniff
      x-ms-ratelimit-remaining-subscription-resource-requests:
      - '144'
    status:
      code: 200
      message: OK
- request:
    body: null
    headers:
      Accept:
      - application/json
      Accept-Encoding:
      - gzip, deflate
      CommandName:
      - backup recoverypoint list
      Connection:
      - keep-alive
      ParameterSetName:
      - -g -v -c -i --backup-management-type --query
      User-Agent:
      - AZURECLI/2.39.0 azsdk-python-mgmt-recoveryservicesbackup/5.0.0 Python/3.8.5
        (Windows-10-10.0.22000-SP0)
    method: GET
    uri: https://management.azure.com/subscriptions/00000000-0000-0000-0000-000000000000/resourceGroups/clitest.rg000001/providers/Microsoft.RecoveryServices/vaults/clitest-vault000002/backupProtectedItems?api-version=2022-02-01&%24filter=backupManagementType+eq+%27AzureStorage%27
  response:
    body:
      string: '{"value":[{"id":"/subscriptions/00000000-0000-0000-0000-000000000000/resourceGroups/clitest.rg000001/providers/Microsoft.RecoveryServices/vaults/clitest-vault000002/backupFabrics/Azure/protectionContainers/StorageContainer;storage;clitest.rg000001;clitest000003/protectedItems/AzureFileShare;cc6231a35b68dd6ea4db7b07dccf7984d3792698df451fd826d9b8efe58dd766","name":"AzureFileShare;cc6231a35b68dd6ea4db7b07dccf7984d3792698df451fd826d9b8efe58dd766","type":"Microsoft.RecoveryServices/vaults/backupFabrics/protectionContainers/protectedItems","properties":{"kpisHealths":{"BackupOperationStatusKPI":{"resourceHealthStatus":"Healthy","resourceHealthDetails":[{"code":0,"title":"Success","message":"","recommendations":[]}]}},"friendlyName":"clitest-item000004","protectionStatus":"Healthy","protectionState":"Protected","lastBackupStatus":"Completed","lastBackupTime":"2022-08-22T06:14:30.2940284Z","protectedItemType":"AzureFileShareProtectedItem","backupManagementType":"AzureStorage","workloadType":"AzureFileShare","containerName":"StorageContainer;storage;clitest.rg000001;clitest000003","sourceResourceId":"/subscriptions/00000000-0000-0000-0000-000000000000/resourceGroups/clitest.rg000001/providers/Microsoft.storage/storageAccounts/clitest000003","policyId":"/subscriptions/00000000-0000-0000-0000-000000000000/resourceGroups/clitest.rg000001/providers/Microsoft.RecoveryServices/vaults/clitest-vault000002/backupPolicies/clitest-item000005","isArchiveEnabled":false}}]}'
    headers:
      cache-control:
      - no-cache
      content-length:
      - '1475'
      content-type:
      - application/json; charset=utf-8
      date:
      - Mon, 22 Aug 2022 06:15:33 GMT
      expires:
      - '-1'
      pragma:
      - no-cache
      server:
      - Kestrel
      strict-transport-security:
      - max-age=31536000; includeSubDomains
      transfer-encoding:
      - chunked
      vary:
      - Accept-Encoding
      x-content-type-options:
      - nosniff
      x-ms-ratelimit-remaining-subscription-resource-requests:
      - '298'
    status:
      code: 200
      message: OK
- request:
    body: null
    headers:
      Accept:
      - application/json
      Accept-Encoding:
      - gzip, deflate
      CommandName:
      - backup recoverypoint list
      Connection:
      - keep-alive
      ParameterSetName:
      - -g -v -c -i --backup-management-type --query
      User-Agent:
      - AZURECLI/2.39.0 azsdk-python-mgmt-recoveryservicesbackup/5.0.0 Python/3.8.5
        (Windows-10-10.0.22000-SP0)
    method: GET
    uri: https://management.azure.com/subscriptions/00000000-0000-0000-0000-000000000000/resourceGroups/clitest.rg000001/providers/Microsoft.RecoveryServices/vaults/clitest-vault000002/backupFabrics/Azure/protectionContainers/StorageContainer%3Bstorage%3Bclitest.rg000001%3Bclitest000003/protectedItems/AzureFileShare%3Bcc6231a35b68dd6ea4db7b07dccf7984d3792698df451fd826d9b8efe58dd766/recoveryPoints?api-version=2022-02-01
  response:
    body:
      string: '{"value":[{"id":"/subscriptions/00000000-0000-0000-0000-000000000000/resourceGroups/clitest.rg000001/providers/Microsoft.RecoveryServices/vaults/clitest-vault000002/backupFabrics/Azure/protectionContainers/StorageContainer;storage;clitest.rg000001;clitest000003/protectedItems/AzureFileShare;cc6231a35b68dd6ea4db7b07dccf7984d3792698df451fd826d9b8efe58dd766/recoveryPoints/2265490956507585154","name":"2265490956507585154","type":"Microsoft.RecoveryServices/vaults/backupFabrics/protectionContainers/protectedItems/recoveryPoints","properties":{"objectType":"AzureFileShareRecoveryPoint","recoveryPointType":"FileSystemConsistent","recoveryPointTime":"2022-08-22T06:14:32Z","fileShareSnapshotUri":"https://clitest000003.file.core.windows.net/clitest-item000004?sharesnapshot=2022-08-22T06:14:32.0000000Z","recoveryPointSizeInGB":0}}]}'
    headers:
      cache-control:
      - no-cache
      content-length:
      - '833'
      content-type:
      - application/json; charset=utf-8
      date:
      - Mon, 22 Aug 2022 06:15:33 GMT
      expires:
      - '-1'
      pragma:
      - no-cache
      server:
      - Kestrel
      strict-transport-security:
      - max-age=31536000; includeSubDomains
      transfer-encoding:
      - chunked
      vary:
      - Accept-Encoding
      x-content-type-options:
      - nosniff
      x-ms-ratelimit-remaining-subscription-resource-requests:
      - '298'
    status:
      code: 200
      message: OK
- request:
    body: null
    headers:
      Accept:
      - application/json
      Accept-Encoding:
      - gzip, deflate
      CommandName:
      - backup restore restore-azurefileshare
      Connection:
      - keep-alive
      ParameterSetName:
      - -g -v -c -i -r --resolve-conflict --restore-mode --query
      User-Agent:
      - AZURECLI/2.39.0 azsdk-python-mgmt-recoveryservicesbackup/5.0.0 Python/3.8.5
        (Windows-10-10.0.22000-SP0)
    method: GET
    uri: https://management.azure.com/subscriptions/00000000-0000-0000-0000-000000000000/resourceGroups/clitest.rg000001/providers/Microsoft.RecoveryServices/vaults/clitest-vault000002/backupProtectedItems?api-version=2022-02-01&%24filter=backupManagementType+eq+%27AzureStorage%27+and+itemType+eq+%27AzureFileShare%27
  response:
    body:
      string: '{"value":[{"id":"/subscriptions/00000000-0000-0000-0000-000000000000/resourceGroups/clitest.rg000001/providers/Microsoft.RecoveryServices/vaults/clitest-vault000002/backupFabrics/Azure/protectionContainers/StorageContainer;storage;clitest.rg000001;clitest000003/protectedItems/AzureFileShare;cc6231a35b68dd6ea4db7b07dccf7984d3792698df451fd826d9b8efe58dd766","name":"AzureFileShare;cc6231a35b68dd6ea4db7b07dccf7984d3792698df451fd826d9b8efe58dd766","type":"Microsoft.RecoveryServices/vaults/backupFabrics/protectionContainers/protectedItems","properties":{"kpisHealths":{"BackupOperationStatusKPI":{"resourceHealthStatus":"Healthy","resourceHealthDetails":[{"code":0,"title":"Success","message":"","recommendations":[]}]}},"friendlyName":"clitest-item000004","protectionStatus":"Healthy","protectionState":"Protected","lastBackupStatus":"Completed","lastBackupTime":"2022-08-22T06:14:30.2940284Z","protectedItemType":"AzureFileShareProtectedItem","backupManagementType":"AzureStorage","workloadType":"AzureFileShare","containerName":"StorageContainer;storage;clitest.rg000001;clitest000003","sourceResourceId":"/subscriptions/00000000-0000-0000-0000-000000000000/resourceGroups/clitest.rg000001/providers/Microsoft.storage/storageAccounts/clitest000003","policyId":"/subscriptions/00000000-0000-0000-0000-000000000000/resourceGroups/clitest.rg000001/providers/Microsoft.RecoveryServices/vaults/clitest-vault000002/backupPolicies/clitest-item000005","isArchiveEnabled":false}}]}'
    headers:
      cache-control:
      - no-cache
      content-length:
      - '1475'
      content-type:
      - application/json; charset=utf-8
      date:
      - Mon, 22 Aug 2022 06:15:34 GMT
      expires:
      - '-1'
      pragma:
      - no-cache
      server:
      - Kestrel
      strict-transport-security:
      - max-age=31536000; includeSubDomains
      transfer-encoding:
      - chunked
      vary:
      - Accept-Encoding
      x-content-type-options:
      - nosniff
      x-ms-ratelimit-remaining-subscription-resource-requests:
      - '296'
    status:
      code: 200
      message: OK
- request:
    body: null
    headers:
      Accept:
      - application/json
      Accept-Encoding:
      - gzip, deflate
      CommandName:
      - backup restore restore-azurefileshare
      Connection:
      - keep-alive
      ParameterSetName:
      - -g -v -c -i -r --resolve-conflict --restore-mode --query
      User-Agent:
      - AZURECLI/2.39.0 azsdk-python-azure-mgmt-resource/21.1.0b1 Python/3.8.5 (Windows-10-10.0.22000-SP0)
    method: GET
    uri: https://management.azure.com/subscriptions/00000000-0000-0000-0000-000000000000/resourcegroups/clitest.rg000001/providers/Microsoft.ClassicStorage/storageAccounts/clitest000003?api-version=2015-12-01
  response:
    body:
      string: '{"error":{"code":"ResourceNotFound","message":"The Resource ''Microsoft.ClassicStorage/storageAccounts/clitest000003''
        under resource group ''clitest.rg000001'' was not found. For more details
        please go to https://aka.ms/ARMResourceNotFoundFix"}}'
    headers:
      cache-control:
      - no-cache
      content-length:
      - '242'
      content-type:
      - application/json; charset=utf-8
      date:
      - Mon, 22 Aug 2022 06:15:34 GMT
      expires:
      - '-1'
      pragma:
      - no-cache
      strict-transport-security:
      - max-age=31536000; includeSubDomains
      x-content-type-options:
      - nosniff
      x-ms-failure-cause:
      - gateway
    status:
      code: 404
      message: Not Found
- request:
    body: null
    headers:
      Accept:
      - application/json
      Accept-Encoding:
      - gzip, deflate
      CommandName:
      - backup restore restore-azurefileshare
      Connection:
      - keep-alive
      ParameterSetName:
      - -g -v -c -i -r --resolve-conflict --restore-mode --query
      User-Agent:
      - AZURECLI/2.39.0 azsdk-python-azure-mgmt-resource/21.1.0b1 Python/3.8.5 (Windows-10-10.0.22000-SP0)
    method: GET
    uri: https://management.azure.com/subscriptions/00000000-0000-0000-0000-000000000000/resourcegroups/clitest.rg000001/providers/Microsoft.Storage/storageAccounts/clitest000003?api-version=2016-01-01
  response:
    body:
      string: '{"sku":{"name":"Standard_LRS","tier":"Standard"},"kind":"Storage","id":"/subscriptions/00000000-0000-0000-0000-000000000000/resourceGroups/clitest.rg000001/providers/Microsoft.Storage/storageAccounts/clitest000003","name":"clitest000003","type":"Microsoft.Storage/storageAccounts","location":"eastasia","tags":{},"properties":{"encryption":{"services":{"blob":{"enabled":true,"lastEnabledTime":"2022-08-22T06:12:33.2643302Z"}},"keySource":"Microsoft.Storage"},"provisioningState":"Succeeded","creationTime":"2022-08-22T06:12:33.1861669Z","primaryEndpoints":{"blob":"https://clitest000003.blob.core.windows.net/","queue":"https://clitest000003.queue.core.windows.net/","table":"https://clitest000003.table.core.windows.net/","file":"https://clitest000003.file.core.windows.net/"},"primaryLocation":"eastasia","statusOfPrimary":"available"}}'
    headers:
      cache-control:
      - no-cache
      content-length:
      - '839'
      content-type:
      - application/json
      date:
      - Mon, 22 Aug 2022 06:15:34 GMT
      expires:
      - '-1'
      pragma:
      - no-cache
      server:
      - Microsoft-Azure-Storage-Resource-Provider/1.0,Microsoft-HTTPAPI/2.0 Microsoft-HTTPAPI/2.0
      strict-transport-security:
      - max-age=31536000; includeSubDomains
      transfer-encoding:
      - chunked
      vary:
      - Accept-Encoding
      x-content-type-options:
      - nosniff
    status:
      code: 200
      message: OK
- request:
    body: '{"properties": {"objectType": "AzureFileShareRestoreRequest", "recoveryType":
      "OriginalLocation", "sourceResourceId": "/subscriptions/00000000-0000-0000-0000-000000000000/resourceGroups/clitest.rg000001/providers/Microsoft.Storage/storageAccounts/clitest000003",
      "copyOptions": "Overwrite", "restoreRequestType": "FullShareRestore"}}'
    headers:
      Accept:
      - application/json
      Accept-Encoding:
      - gzip, deflate
      CommandName:
      - backup restore restore-azurefileshare
      Connection:
      - keep-alive
      Content-Length:
      - '333'
      Content-Type:
      - application/json
      ParameterSetName:
      - -g -v -c -i -r --resolve-conflict --restore-mode --query
      User-Agent:
      - AZURECLI/2.39.0 azsdk-python-mgmt-recoveryservicesbackup/5.0.0 Python/3.8.5
        (Windows-10-10.0.22000-SP0)
    method: POST
    uri: https://management.azure.com/subscriptions/00000000-0000-0000-0000-000000000000/resourceGroups/clitest.rg000001/providers/Microsoft.RecoveryServices/vaults/clitest-vault000002/backupFabrics/Azure/protectionContainers/StorageContainer%3Bstorage%3Bclitest.rg000001%3Bclitest000003/protectedItems/AzureFileShare%3Bcc6231a35b68dd6ea4db7b07dccf7984d3792698df451fd826d9b8efe58dd766/recoveryPoints/2265490956507585154/restore?api-version=2022-02-01
  response:
    body:
      string: ''
    headers:
      azure-asyncoperation:
      - https://management.azure.com/subscriptions/00000000-0000-0000-0000-000000000000/resourceGroups/clitest.rg000001/providers/Microsoft.RecoveryServices/vaults/clitest-vault000002/backupFabrics/Azure/protectionContainers/StorageContainer;storage;clitest.rg000001;clitest000003/protectedItems/AzureFileShare;cc6231a35b68dd6ea4db7b07dccf7984d3792698df451fd826d9b8efe58dd766/operationsStatus/efffd7f7-9b7c-4a35-991c-c11d626e87ed?api-version=2022-02-01
      cache-control:
      - no-cache
      content-length:
      - '0'
      date:
      - Mon, 22 Aug 2022 06:15:36 GMT
      expires:
      - '-1'
      location:
      - https://management.azure.com/subscriptions/00000000-0000-0000-0000-000000000000/resourceGroups/clitest.rg000001/providers/Microsoft.RecoveryServices/vaults/clitest-vault000002/backupFabrics/Azure/protectionContainers/StorageContainer;storage;clitest.rg000001;clitest000003/protectedItems/AzureFileShare;cc6231a35b68dd6ea4db7b07dccf7984d3792698df451fd826d9b8efe58dd766/operationResults/efffd7f7-9b7c-4a35-991c-c11d626e87ed?api-version=2022-02-01
      pragma:
      - no-cache
      server:
      - Kestrel
      strict-transport-security:
      - max-age=31536000; includeSubDomains
      x-content-type-options:
      - nosniff
      x-ms-ratelimit-remaining-subscription-writes:
      - '1195'
    status:
      code: 202
      message: Accepted
- request:
    body: null
    headers:
      Accept:
      - application/json
      Accept-Encoding:
      - gzip, deflate
      CommandName:
      - backup restore restore-azurefileshare
      Connection:
      - keep-alive
      ParameterSetName:
      - -g -v -c -i -r --resolve-conflict --restore-mode --query
      User-Agent:
      - AZURECLI/2.39.0 azsdk-python-mgmt-recoveryservicesbackup/5.0.0 Python/3.8.5
        (Windows-10-10.0.22000-SP0)
    method: GET
    uri: https://management.azure.com/subscriptions/00000000-0000-0000-0000-000000000000/resourceGroups/clitest.rg000001/providers/Microsoft.RecoveryServices/vaults/clitest-vault000002/backupOperations/efffd7f7-9b7c-4a35-991c-c11d626e87ed?api-version=2022-02-01
  response:
    body:
      string: '{"id":"efffd7f7-9b7c-4a35-991c-c11d626e87ed","name":"efffd7f7-9b7c-4a35-991c-c11d626e87ed","status":"Succeeded","startTime":"2022-08-22T06:15:36.7668716Z","endTime":"2022-08-22T06:15:36.7668716Z","properties":{"objectType":"OperationStatusJobExtendedInfo","jobId":"efffd7f7-9b7c-4a35-991c-c11d626e87ed"}}'
    headers:
      cache-control:
      - no-cache
      content-length:
      - '304'
      content-type:
      - application/json; charset=utf-8
      date:
      - Mon, 22 Aug 2022 06:15:38 GMT
      expires:
      - '-1'
      pragma:
      - no-cache
      server:
      - Kestrel
      strict-transport-security:
      - max-age=31536000; includeSubDomains
      transfer-encoding:
      - chunked
      vary:
      - Accept-Encoding
      x-content-type-options:
      - nosniff
      x-ms-ratelimit-remaining-subscription-resource-requests:
      - '299'
    status:
      code: 200
      message: OK
- request:
    body: null
    headers:
      Accept:
      - application/json
      Accept-Encoding:
      - gzip, deflate
      CommandName:
      - backup restore restore-azurefileshare
      Connection:
      - keep-alive
      ParameterSetName:
      - -g -v -c -i -r --resolve-conflict --restore-mode --query
      User-Agent:
      - AZURECLI/2.39.0 azsdk-python-mgmt-recoveryservicesbackup/5.0.0 Python/3.8.5
        (Windows-10-10.0.22000-SP0)
    method: GET
    uri: https://management.azure.com/subscriptions/00000000-0000-0000-0000-000000000000/resourceGroups/clitest.rg000001/providers/Microsoft.RecoveryServices/vaults/clitest-vault000002/backupJobs/efffd7f7-9b7c-4a35-991c-c11d626e87ed?api-version=2022-02-01
  response:
    body:
      string: '{"id":"/subscriptions/00000000-0000-0000-0000-000000000000/resourceGroups/clitest.rg000001/providers/Microsoft.RecoveryServices/vaults/clitest-vault000002/backupJobs/efffd7f7-9b7c-4a35-991c-c11d626e87ed","name":"efffd7f7-9b7c-4a35-991c-c11d626e87ed","type":"Microsoft.RecoveryServices/vaults/backupJobs","properties":{"jobType":"AzureStorageJob","actionsInfo":[1],"duration":"PT4.4454718S","storageAccountName":"clitest000003","storageAccountVersion":"ClassicCompute","extendedInfo":{"tasksList":[],"propertyBag":{"Source
        File Share Name":"clitest-item000004","Source Storage Account Name":"clitest000003","Job
        Type":"Recovering to the original file share","RestoreDestination":"clitest000003/clitest-item000004/","Data
        Transferred (in MB)":"0","Number Of Restored Files":"0","Number Of Skipped
        Files":"0","Number Of Failed Files":"0"}},"isUserTriggered":false,"entityFriendlyName":"clitest-item000004","backupManagementType":"AzureStorage","operation":"Restore","status":"InProgress","startTime":"2022-08-22T06:15:36.7668716Z","activityId":"d4f6f6f5-21e1-11ed-a1a3-c8f750f92764"}}'
    headers:
      cache-control:
      - no-cache
      content-length:
      - '1081'
      content-type:
      - application/json; charset=utf-8
      date:
      - Mon, 22 Aug 2022 06:15:41 GMT
      expires:
      - '-1'
      pragma:
      - no-cache
      server:
      - Kestrel
      strict-transport-security:
      - max-age=31536000; includeSubDomains
      transfer-encoding:
      - chunked
      vary:
      - Accept-Encoding
      x-content-type-options:
      - nosniff
      x-ms-ratelimit-remaining-subscription-resource-requests:
      - '149'
    status:
      code: 200
      message: OK
- request:
    body: null
    headers:
      Accept:
      - application/json
      Accept-Encoding:
      - gzip, deflate
      CommandName:
      - backup job wait
      Connection:
      - keep-alive
      ParameterSetName:
      - -g -v -n
      User-Agent:
      - AZURECLI/2.39.0 azsdk-python-mgmt-recoveryservicesbackup/5.0.0 Python/3.8.5
        (Windows-10-10.0.22000-SP0)
    method: GET
    uri: https://management.azure.com/subscriptions/00000000-0000-0000-0000-000000000000/resourceGroups/clitest.rg000001/providers/Microsoft.RecoveryServices/vaults/clitest-vault000002/backupJobs/efffd7f7-9b7c-4a35-991c-c11d626e87ed?api-version=2022-02-01
  response:
    body:
      string: '{"id":"/subscriptions/00000000-0000-0000-0000-000000000000/resourceGroups/clitest.rg000001/providers/Microsoft.RecoveryServices/vaults/clitest-vault000002/backupJobs/efffd7f7-9b7c-4a35-991c-c11d626e87ed","name":"efffd7f7-9b7c-4a35-991c-c11d626e87ed","type":"Microsoft.RecoveryServices/vaults/backupJobs","properties":{"jobType":"AzureStorageJob","actionsInfo":[1],"duration":"PT5.0048761S","storageAccountName":"clitest000003","storageAccountVersion":"ClassicCompute","extendedInfo":{"tasksList":[],"propertyBag":{"Source
        File Share Name":"clitest-item000004","Source Storage Account Name":"clitest000003","Job
        Type":"Recovering to the original file share","RestoreDestination":"clitest000003/clitest-item000004/","Data
        Transferred (in MB)":"0","Number Of Restored Files":"0","Number Of Skipped
        Files":"0","Number Of Failed Files":"0"}},"isUserTriggered":false,"entityFriendlyName":"clitest-item000004","backupManagementType":"AzureStorage","operation":"Restore","status":"InProgress","startTime":"2022-08-22T06:15:36.7668716Z","activityId":"d4f6f6f5-21e1-11ed-a1a3-c8f750f92764"}}'
    headers:
      cache-control:
      - no-cache
      content-length:
      - '1081'
      content-type:
      - application/json; charset=utf-8
      date:
      - Mon, 22 Aug 2022 06:15:40 GMT
      expires:
      - '-1'
      pragma:
      - no-cache
      server:
      - Kestrel
      strict-transport-security:
      - max-age=31536000; includeSubDomains
      transfer-encoding:
      - chunked
      vary:
      - Accept-Encoding
      x-content-type-options:
      - nosniff
      x-ms-ratelimit-remaining-subscription-resource-requests:
      - '148'
    status:
      code: 200
      message: OK
- request:
    body: null
    headers:
      Accept:
      - application/json
      Accept-Encoding:
      - gzip, deflate
      CommandName:
      - backup job wait
      Connection:
      - keep-alive
      ParameterSetName:
      - -g -v -n
      User-Agent:
      - AZURECLI/2.39.0 azsdk-python-mgmt-recoveryservicesbackup/5.0.0 Python/3.8.5
        (Windows-10-10.0.22000-SP0)
    method: GET
    uri: https://management.azure.com/subscriptions/00000000-0000-0000-0000-000000000000/resourceGroups/clitest.rg000001/providers/Microsoft.RecoveryServices/vaults/clitest-vault000002/backupJobs/efffd7f7-9b7c-4a35-991c-c11d626e87ed?api-version=2022-02-01
  response:
    body:
      string: '{"id":"/subscriptions/00000000-0000-0000-0000-000000000000/resourceGroups/clitest.rg000001/providers/Microsoft.RecoveryServices/vaults/clitest-vault000002/backupJobs/efffd7f7-9b7c-4a35-991c-c11d626e87ed","name":"efffd7f7-9b7c-4a35-991c-c11d626e87ed","type":"Microsoft.RecoveryServices/vaults/backupJobs","properties":{"jobType":"AzureStorageJob","actionsInfo":[1],"duration":"PT5.368377S","storageAccountName":"clitest000003","storageAccountVersion":"ClassicCompute","extendedInfo":{"tasksList":[],"propertyBag":{"Source
        File Share Name":"clitest-item000004","Source Storage Account Name":"clitest000003","Job
        Type":"Recovering to the original file share","RestoreDestination":"clitest000003/clitest-item000004/","Data
        Transferred (in MB)":"0","Number Of Restored Files":"0","Number Of Skipped
        Files":"0","Number Of Failed Files":"0"}},"isUserTriggered":false,"entityFriendlyName":"clitest-item000004","backupManagementType":"AzureStorage","operation":"Restore","status":"InProgress","startTime":"2022-08-22T06:15:36.7668716Z","activityId":"d4f6f6f5-21e1-11ed-a1a3-c8f750f92764"}}'
    headers:
      cache-control:
      - no-cache
      content-length:
      - '1080'
      content-type:
      - application/json; charset=utf-8
      date:
      - Mon, 22 Aug 2022 06:15:42 GMT
      expires:
      - '-1'
      pragma:
      - no-cache
      server:
      - Kestrel
      strict-transport-security:
      - max-age=31536000; includeSubDomains
      transfer-encoding:
      - chunked
      vary:
      - Accept-Encoding
      x-content-type-options:
      - nosniff
      x-ms-ratelimit-remaining-subscription-resource-requests:
      - '147'
    status:
      code: 200
      message: OK
- request:
    body: null
    headers:
      Accept:
      - application/json
      Accept-Encoding:
      - gzip, deflate
      CommandName:
      - backup job wait
      Connection:
      - keep-alive
      ParameterSetName:
      - -g -v -n
      User-Agent:
      - AZURECLI/2.39.0 azsdk-python-mgmt-recoveryservicesbackup/5.0.0 Python/3.8.5
        (Windows-10-10.0.22000-SP0)
    method: GET
    uri: https://management.azure.com/subscriptions/00000000-0000-0000-0000-000000000000/resourceGroups/clitest.rg000001/providers/Microsoft.RecoveryServices/vaults/clitest-vault000002/backupJobs/efffd7f7-9b7c-4a35-991c-c11d626e87ed?api-version=2022-02-01
  response:
    body:
      string: '{"id":"/subscriptions/00000000-0000-0000-0000-000000000000/resourceGroups/clitest.rg000001/providers/Microsoft.RecoveryServices/vaults/clitest-vault000002/backupJobs/efffd7f7-9b7c-4a35-991c-c11d626e87ed","name":"efffd7f7-9b7c-4a35-991c-c11d626e87ed","type":"Microsoft.RecoveryServices/vaults/backupJobs","properties":{"jobType":"AzureStorageJob","actionsInfo":[1],"duration":"PT32.9877578S","storageAccountName":"clitest000003","storageAccountVersion":"ClassicCompute","extendedInfo":{"tasksList":[],"propertyBag":{"Source
        File Share Name":"clitest-item000004","Source Storage Account Name":"clitest000003","RestoreRecoveryPointTime":"8/22/2022
        6:14:33 AM","Job Type":"Recovering to the original file share","RestoreDestination":"clitest000003/clitest-item000004/","Data
        Transferred (in MB)":"0","Number Of Restored Files":"0","Number Of Skipped
        Files":"0","Number Of Failed Files":"0"}},"isUserTriggered":false,"entityFriendlyName":"clitest-item000004","backupManagementType":"AzureStorage","operation":"Restore","status":"Completed","startTime":"2022-08-22T06:15:36.7668716Z","endTime":"2022-08-22T06:16:09.7546294Z","activityId":"d4f6f6f5-21e1-11ed-a1a3-c8f750f92764"}}'
    headers:
      cache-control:
      - no-cache
      content-length:
      - '1172'
      content-type:
      - application/json; charset=utf-8
      date:
      - Mon, 22 Aug 2022 06:16:11 GMT
      expires:
      - '-1'
      pragma:
      - no-cache
      server:
      - Kestrel
      strict-transport-security:
      - max-age=31536000; includeSubDomains
      transfer-encoding:
      - chunked
      vary:
      - Accept-Encoding
      x-content-type-options:
      - nosniff
      x-ms-ratelimit-remaining-subscription-resource-requests:
      - '146'
    status:
      code: 200
      message: OK
- request:
    body: null
    headers:
      Accept:
      - application/json
      Accept-Encoding:
      - gzip, deflate
      CommandName:
      - backup protection disable
      Connection:
      - keep-alive
      ParameterSetName:
      - -g -v -c -i --backup-management-type --delete-backup-data --yes
      User-Agent:
      - AZURECLI/2.39.0 azsdk-python-mgmt-recoveryservicesbackup/5.0.0 Python/3.8.5
        (Windows-10-10.0.22000-SP0)
    method: GET
    uri: https://management.azure.com/subscriptions/00000000-0000-0000-0000-000000000000/resourceGroups/clitest.rg000001/providers/Microsoft.RecoveryServices/vaults/clitest-vault000002/backupProtectedItems?api-version=2022-02-01&%24filter=backupManagementType+eq+%27AzureStorage%27
  response:
    body:
      string: '{"value":[{"id":"/subscriptions/00000000-0000-0000-0000-000000000000/resourceGroups/clitest.rg000001/providers/Microsoft.RecoveryServices/vaults/clitest-vault000002/backupFabrics/Azure/protectionContainers/StorageContainer;storage;clitest.rg000001;clitest000003/protectedItems/AzureFileShare;cc6231a35b68dd6ea4db7b07dccf7984d3792698df451fd826d9b8efe58dd766","name":"AzureFileShare;cc6231a35b68dd6ea4db7b07dccf7984d3792698df451fd826d9b8efe58dd766","type":"Microsoft.RecoveryServices/vaults/backupFabrics/protectionContainers/protectedItems","properties":{"kpisHealths":{"BackupOperationStatusKPI":{"resourceHealthStatus":"Healthy","resourceHealthDetails":[{"code":0,"title":"Success","message":"","recommendations":[]}]},"RestoreOperationStatusKPI":{"resourceHealthStatus":"Healthy","resourceHealthDetails":[{"code":0,"title":"Success","message":"","recommendations":[]}]}},"friendlyName":"clitest-item000004","protectionStatus":"Healthy","protectionState":"Protected","lastBackupStatus":"Completed","lastBackupTime":"2022-08-22T06:14:30.2940284Z","protectedItemType":"AzureFileShareProtectedItem","backupManagementType":"AzureStorage","workloadType":"AzureFileShare","containerName":"StorageContainer;storage;clitest.rg000001;clitest000003","sourceResourceId":"/subscriptions/00000000-0000-0000-0000-000000000000/resourceGroups/clitest.rg000001/providers/Microsoft.storage/storageAccounts/clitest000003","policyId":"/subscriptions/00000000-0000-0000-0000-000000000000/resourceGroups/clitest.rg000001/providers/Microsoft.RecoveryServices/vaults/clitest-vault000002/backupPolicies/clitest-item000005","isArchiveEnabled":false}}]}'
    headers:
      cache-control:
      - no-cache
      content-length:
      - '1627'
      content-type:
      - application/json; charset=utf-8
      date:
      - Mon, 22 Aug 2022 06:16:44 GMT
      expires:
      - '-1'
      pragma:
      - no-cache
      server:
      - Kestrel
      strict-transport-security:
      - max-age=31536000; includeSubDomains
      transfer-encoding:
      - chunked
      vary:
      - Accept-Encoding
      x-content-type-options:
      - nosniff
      x-ms-ratelimit-remaining-subscription-resource-requests:
      - '298'
    status:
      code: 200
      message: OK
- request:
    body: null
    headers:
      Accept:
      - application/json
      Accept-Encoding:
      - gzip, deflate
      CommandName:
      - backup protection disable
      Connection:
      - keep-alive
      ParameterSetName:
      - -g -v -c -i --backup-management-type --delete-backup-data --yes
      User-Agent:
      - AZURECLI/2.39.0 azsdk-python-mgmt-recoveryservicesbackup/5.0.0 Python/3.8.5
        (Windows-10-10.0.22000-SP0)
    method: GET
    uri: https://management.azure.com/subscriptions/00000000-0000-0000-0000-000000000000/resourceGroups/clitest.rg000001/providers/Microsoft.RecoveryServices/vaults/clitest-vault000002/backupResourceGuardProxies?api-version=2022-02-01
  response:
    body:
      string: '{"value":[]}'
    headers:
      cache-control:
      - no-cache
      content-length:
      - '12'
      content-type:
      - application/json; charset=utf-8
      date:
      - Mon, 22 Aug 2022 06:16:44 GMT
      expires:
      - '-1'
      pragma:
      - no-cache
      server:
      - Kestrel
      strict-transport-security:
      - max-age=31536000; includeSubDomains
      transfer-encoding:
      - chunked
      vary:
      - Accept-Encoding
      x-content-type-options:
      - nosniff
    status:
      code: 200
      message: OK
- request:
    body: null
    headers:
      Accept:
      - application/json
      Accept-Encoding:
      - gzip, deflate
      CommandName:
      - backup protection disable
      Connection:
      - keep-alive
      Content-Length:
      - '0'
      ParameterSetName:
      - -g -v -c -i --backup-management-type --delete-backup-data --yes
      User-Agent:
      - AZURECLI/2.39.0 azsdk-python-mgmt-recoveryservicesbackup/5.0.0 Python/3.8.5
        (Windows-10-10.0.22000-SP0)
    method: DELETE
    uri: https://management.azure.com/subscriptions/00000000-0000-0000-0000-000000000000/resourceGroups/clitest.rg000001/providers/Microsoft.RecoveryServices/vaults/clitest-vault000002/backupFabrics/Azure/protectionContainers/StorageContainer%3Bstorage%3Bclitest.rg000001%3Bclitest000003/protectedItems/AzureFileShare%3Bcc6231a35b68dd6ea4db7b07dccf7984d3792698df451fd826d9b8efe58dd766?api-version=2022-02-01
  response:
    body:
      string: ''
    headers:
      azure-asyncoperation:
      - https://management.azure.com/subscriptions/00000000-0000-0000-0000-000000000000/resourceGroups/clitest.rg000001/providers/Microsoft.RecoveryServices/vaults/clitest-vault000002/backupOperations/6e50fcfa-70bf-4941-b27b-36218bb1c727?api-version=2022-02-01
      cache-control:
      - no-cache
      content-length:
      - '0'
      date:
      - Mon, 22 Aug 2022 06:16:46 GMT
      expires:
      - '-1'
      location:
      - https://management.azure.com/subscriptions/00000000-0000-0000-0000-000000000000/resourceGroups/clitest.rg000001/providers/Microsoft.RecoveryServices/vaults/clitest-vault000002/backupOperationResults/6e50fcfa-70bf-4941-b27b-36218bb1c727?api-version=2022-02-01
      pragma:
      - no-cache
      server:
      - Kestrel
      strict-transport-security:
      - max-age=31536000; includeSubDomains
      x-content-type-options:
      - nosniff
      x-ms-ratelimit-remaining-subscription-deletes:
      - '14999'
    status:
      code: 202
      message: Accepted
- request:
    body: null
    headers:
      Accept:
      - application/json
      Accept-Encoding:
      - gzip, deflate
      CommandName:
      - backup protection disable
      Connection:
      - keep-alive
      ParameterSetName:
      - -g -v -c -i --backup-management-type --delete-backup-data --yes
      User-Agent:
      - AZURECLI/2.39.0 azsdk-python-mgmt-recoveryservicesbackup/5.0.0 Python/3.8.5
        (Windows-10-10.0.22000-SP0)
    method: GET
    uri: https://management.azure.com/subscriptions/00000000-0000-0000-0000-000000000000/resourceGroups/clitest.rg000001/providers/Microsoft.RecoveryServices/vaults/clitest-vault000002/backupOperations/6e50fcfa-70bf-4941-b27b-36218bb1c727?api-version=2022-02-01
  response:
    body:
      string: '{"id":"6e50fcfa-70bf-4941-b27b-36218bb1c727","name":"6e50fcfa-70bf-4941-b27b-36218bb1c727","status":"InProgress","startTime":"2022-08-22T06:16:46.594868Z","endTime":"0001-01-01T00:00:00"}'
    headers:
      cache-control:
      - no-cache
      content-length:
      - '187'
      content-type:
      - application/json; charset=utf-8
      date:
      - Mon, 22 Aug 2022 06:16:49 GMT
      expires:
      - '-1'
      pragma:
      - no-cache
      server:
      - Kestrel
      strict-transport-security:
      - max-age=31536000; includeSubDomains
      transfer-encoding:
      - chunked
      vary:
      - Accept-Encoding
      x-content-type-options:
      - nosniff
      x-ms-ratelimit-remaining-subscription-resource-requests:
      - '299'
    status:
      code: 200
      message: OK
- request:
    body: null
    headers:
      Accept:
      - application/json
      Accept-Encoding:
      - gzip, deflate
      CommandName:
      - backup protection disable
      Connection:
      - keep-alive
      ParameterSetName:
      - -g -v -c -i --backup-management-type --delete-backup-data --yes
      User-Agent:
      - AZURECLI/2.39.0 azsdk-python-mgmt-recoveryservicesbackup/5.0.0 Python/3.8.5
        (Windows-10-10.0.22000-SP0)
    method: GET
    uri: https://management.azure.com/subscriptions/00000000-0000-0000-0000-000000000000/resourceGroups/clitest.rg000001/providers/Microsoft.RecoveryServices/vaults/clitest-vault000002/backupOperations/6e50fcfa-70bf-4941-b27b-36218bb1c727?api-version=2022-02-01
  response:
    body:
      string: '{"id":"6e50fcfa-70bf-4941-b27b-36218bb1c727","name":"6e50fcfa-70bf-4941-b27b-36218bb1c727","status":"InProgress","startTime":"2022-08-22T06:16:46.594868Z","endTime":"0001-01-01T00:00:00"}'
    headers:
      cache-control:
      - no-cache
      content-length:
      - '187'
      content-type:
      - application/json; charset=utf-8
      date:
      - Mon, 22 Aug 2022 06:16:55 GMT
      expires:
      - '-1'
      pragma:
      - no-cache
      server:
      - Kestrel
      strict-transport-security:
      - max-age=31536000; includeSubDomains
      transfer-encoding:
      - chunked
      vary:
      - Accept-Encoding
      x-content-type-options:
      - nosniff
      x-ms-ratelimit-remaining-subscription-resource-requests:
      - '298'
    status:
      code: 200
      message: OK
- request:
    body: null
    headers:
      Accept:
      - application/json
      Accept-Encoding:
      - gzip, deflate
      CommandName:
      - backup protection disable
      Connection:
      - keep-alive
      ParameterSetName:
      - -g -v -c -i --backup-management-type --delete-backup-data --yes
      User-Agent:
      - AZURECLI/2.39.0 azsdk-python-mgmt-recoveryservicesbackup/5.0.0 Python/3.8.5
        (Windows-10-10.0.22000-SP0)
    method: GET
    uri: https://management.azure.com/subscriptions/00000000-0000-0000-0000-000000000000/resourceGroups/clitest.rg000001/providers/Microsoft.RecoveryServices/vaults/clitest-vault000002/backupOperations/6e50fcfa-70bf-4941-b27b-36218bb1c727?api-version=2022-02-01
  response:
    body:
      string: '{"id":"6e50fcfa-70bf-4941-b27b-36218bb1c727","name":"6e50fcfa-70bf-4941-b27b-36218bb1c727","status":"InProgress","startTime":"2022-08-22T06:16:46.594868Z","endTime":"0001-01-01T00:00:00"}'
    headers:
      cache-control:
      - no-cache
      content-length:
      - '187'
      content-type:
      - application/json; charset=utf-8
      date:
      - Mon, 22 Aug 2022 06:17:00 GMT
      expires:
      - '-1'
      pragma:
      - no-cache
      server:
      - Kestrel
      strict-transport-security:
      - max-age=31536000; includeSubDomains
      transfer-encoding:
      - chunked
      vary:
      - Accept-Encoding
      x-content-type-options:
      - nosniff
      x-ms-ratelimit-remaining-subscription-resource-requests:
      - '297'
    status:
      code: 200
      message: OK
- request:
    body: null
    headers:
      Accept:
      - application/json
      Accept-Encoding:
      - gzip, deflate
      CommandName:
      - backup protection disable
      Connection:
      - keep-alive
      ParameterSetName:
      - -g -v -c -i --backup-management-type --delete-backup-data --yes
      User-Agent:
      - AZURECLI/2.39.0 azsdk-python-mgmt-recoveryservicesbackup/5.0.0 Python/3.8.5
        (Windows-10-10.0.22000-SP0)
    method: GET
    uri: https://management.azure.com/subscriptions/00000000-0000-0000-0000-000000000000/resourceGroups/clitest.rg000001/providers/Microsoft.RecoveryServices/vaults/clitest-vault000002/backupOperations/6e50fcfa-70bf-4941-b27b-36218bb1c727?api-version=2022-02-01
  response:
    body:
      string: '{"id":"6e50fcfa-70bf-4941-b27b-36218bb1c727","name":"6e50fcfa-70bf-4941-b27b-36218bb1c727","status":"InProgress","startTime":"2022-08-22T06:16:46.594868Z","endTime":"0001-01-01T00:00:00"}'
    headers:
      cache-control:
      - no-cache
      content-length:
      - '187'
      content-type:
      - application/json; charset=utf-8
      date:
      - Mon, 22 Aug 2022 06:17:05 GMT
      expires:
      - '-1'
      pragma:
      - no-cache
      server:
      - Kestrel
      strict-transport-security:
      - max-age=31536000; includeSubDomains
      transfer-encoding:
      - chunked
      vary:
      - Accept-Encoding
      x-content-type-options:
      - nosniff
      x-ms-ratelimit-remaining-subscription-resource-requests:
      - '296'
    status:
      code: 200
      message: OK
- request:
    body: null
    headers:
      Accept:
      - application/json
      Accept-Encoding:
      - gzip, deflate
      CommandName:
      - backup protection disable
      Connection:
      - keep-alive
      ParameterSetName:
      - -g -v -c -i --backup-management-type --delete-backup-data --yes
      User-Agent:
      - AZURECLI/2.39.0 azsdk-python-mgmt-recoveryservicesbackup/5.0.0 Python/3.8.5
        (Windows-10-10.0.22000-SP0)
    method: GET
    uri: https://management.azure.com/subscriptions/00000000-0000-0000-0000-000000000000/resourceGroups/clitest.rg000001/providers/Microsoft.RecoveryServices/vaults/clitest-vault000002/backupOperations/6e50fcfa-70bf-4941-b27b-36218bb1c727?api-version=2022-02-01
  response:
    body:
      string: '{"id":"6e50fcfa-70bf-4941-b27b-36218bb1c727","name":"6e50fcfa-70bf-4941-b27b-36218bb1c727","status":"Succeeded","startTime":"2022-08-22T06:16:46.594868Z","endTime":"2022-08-22T06:16:46.594868Z","properties":{"objectType":"OperationStatusJobExtendedInfo","jobId":"2a2c5f34-ecb8-4717-9301-8aa30601c517"}}'
    headers:
      cache-control:
      - no-cache
      content-length:
      - '302'
      content-type:
      - application/json; charset=utf-8
      date:
      - Mon, 22 Aug 2022 06:17:11 GMT
      expires:
      - '-1'
      pragma:
      - no-cache
      server:
      - Kestrel
      strict-transport-security:
      - max-age=31536000; includeSubDomains
      transfer-encoding:
      - chunked
      vary:
      - Accept-Encoding
      x-content-type-options:
      - nosniff
      x-ms-ratelimit-remaining-subscription-resource-requests:
      - '295'
    status:
      code: 200
      message: OK
- request:
    body: null
    headers:
      Accept:
      - application/json
      Accept-Encoding:
      - gzip, deflate
      CommandName:
      - backup protection disable
      Connection:
      - keep-alive
      ParameterSetName:
      - -g -v -c -i --backup-management-type --delete-backup-data --yes
      User-Agent:
      - AZURECLI/2.39.0 azsdk-python-mgmt-recoveryservicesbackup/5.0.0 Python/3.8.5
        (Windows-10-10.0.22000-SP0)
    method: GET
    uri: https://management.azure.com/subscriptions/00000000-0000-0000-0000-000000000000/resourceGroups/clitest.rg000001/providers/Microsoft.RecoveryServices/vaults/clitest-vault000002/backupJobs/2a2c5f34-ecb8-4717-9301-8aa30601c517?api-version=2022-02-01
  response:
    body:
      string: '{"id":"/subscriptions/00000000-0000-0000-0000-000000000000/resourceGroups/clitest.rg000001/providers/Microsoft.RecoveryServices/vaults/clitest-vault000002/backupJobs/2a2c5f34-ecb8-4717-9301-8aa30601c517","name":"2a2c5f34-ecb8-4717-9301-8aa30601c517","type":"Microsoft.RecoveryServices/vaults/backupJobs","properties":{"jobType":"AzureStorageJob","duration":"PT20.9154722S","storageAccountName":"clitest000003","storageAccountVersion":"Storage","extendedInfo":{"tasksList":[],"propertyBag":{"File
        Share Name":"clitest-item000004","Storage Account Name":"clitest000003"}},"isUserTriggered":false,"entityFriendlyName":"clitest-item000004","backupManagementType":"AzureStorage","operation":"DeleteBackupData","status":"Completed","startTime":"2022-08-22T06:16:46.594868Z","endTime":"2022-08-22T06:17:07.5103402Z","activityId":"fdacecdd-21e1-11ed-bae1-c8f750f92764"}}'
    headers:
      cache-control:
      - no-cache
      content-length:
      - '862'
      content-type:
      - application/json; charset=utf-8
      date:
      - Mon, 22 Aug 2022 06:17:11 GMT
      expires:
      - '-1'
      pragma:
      - no-cache
      server:
      - Kestrel
      strict-transport-security:
      - max-age=31536000; includeSubDomains
      transfer-encoding:
      - chunked
      vary:
      - Accept-Encoding
      x-content-type-options:
      - nosniff
      x-ms-ratelimit-remaining-subscription-resource-requests:
      - '149'
    status:
      code: 200
      message: OK
- request:
    body: null
    headers:
      Accept:
      - application/json
      Accept-Encoding:
      - gzip, deflate
      CommandName:
      - backup container unregister
      Connection:
      - keep-alive
      ParameterSetName:
      - -g -v -c --yes --backup-management-type
      User-Agent:
      - AZURECLI/2.39.0 azsdk-python-mgmt-recoveryservicesbackup/5.0.0 Python/3.8.5
        (Windows-10-10.0.22000-SP0)
    method: GET
    uri: https://management.azure.com/subscriptions/00000000-0000-0000-0000-000000000000/resourceGroups/clitest.rg000001/providers/Microsoft.RecoveryServices/vaults/clitest-vault000002/backupProtectionContainers?api-version=2022-02-01&%24filter=backupManagementType+eq+%27AzureStorage%27+and+friendlyName+eq+%27clitest000003%27+and+status+eq+%27Registered%27
  response:
    body:
      string: '{"value":[{"id":"/subscriptions/00000000-0000-0000-0000-000000000000/resourceGroups/clitest.rg000001/providers/Microsoft.RecoveryServices/vaults/clitest-vault000002/backupFabrics/Azure/protectionContainers/StorageContainer;Storage;clitest.rg000001;clitest000003","name":"StorageContainer;Storage;clitest.rg000001;clitest000003","type":"Microsoft.RecoveryServices/vaults/backupFabrics/protectionContainers","properties":{"sourceResourceId":"/subscriptions/00000000-0000-0000-0000-000000000000/resourceGroups/clitest.rg000001/providers/Microsoft.Storage/storageAccounts/clitest000003","protectedItemCount":0,"acquireStorageAccountLock":"Acquire","friendlyName":"clitest000003","backupManagementType":"AzureStorage","registrationStatus":"Registered","healthStatus":"Healthy","containerType":"StorageContainer","protectableObjectType":"StorageContainer"}}]}'
    headers:
      cache-control:
      - no-cache
      content-length:
      - '853'
      content-type:
      - application/json; charset=utf-8
      date:
      - Mon, 22 Aug 2022 06:17:12 GMT
      expires:
      - '-1'
      pragma:
      - no-cache
      server:
      - Kestrel
      strict-transport-security:
      - max-age=31536000; includeSubDomains
      transfer-encoding:
      - chunked
      vary:
      - Accept-Encoding
      x-content-type-options:
      - nosniff
      x-ms-ratelimit-remaining-subscription-resource-requests:
      - '299'
    status:
      code: 200
      message: OK
- request:
    body: null
    headers:
      Accept:
      - application/json
      Accept-Encoding:
      - gzip, deflate
      CommandName:
      - backup container unregister
      Connection:
      - keep-alive
      Content-Length:
      - '0'
      ParameterSetName:
      - -g -v -c --yes --backup-management-type
      User-Agent:
      - AZURECLI/2.39.0 azsdk-python-mgmt-recoveryservicesbackup/5.0.0 Python/3.8.5
        (Windows-10-10.0.22000-SP0)
    method: DELETE
    uri: https://management.azure.com/subscriptions/00000000-0000-0000-0000-000000000000/resourceGroups/clitest.rg000001/providers/Microsoft.RecoveryServices/vaults/clitest-vault000002/backupFabrics/Azure/protectionContainers/StorageContainer%3BStorage%3Bclitest.rg000001%3Bclitest000003?api-version=2022-02-01
  response:
    body:
      string: ''
    headers:
      azure-asyncoperation:
      - https://management.azure.com/subscriptions/00000000-0000-0000-0000-000000000000/resourceGroups/clitest.rg000001/providers/Microsoft.RecoveryServices/vaults/clitest-vault000002/backupFabrics/Azure/operationsStatus/8df77d7a-5513-4fb1-adb4-699c5451a46f?api-version=2019-05-13-preview
      cache-control:
      - no-cache
      content-length:
      - '0'
      date:
      - Mon, 22 Aug 2022 06:17:13 GMT
      expires:
      - '-1'
      location:
      - https://management.azure.com/subscriptions/00000000-0000-0000-0000-000000000000/resourceGroups/clitest.rg000001/providers/Microsoft.RecoveryServices/vaults/clitest-vault000002/backupOperationResults/8df77d7a-5513-4fb1-adb4-699c5451a46f?fabricName=Azure?api-version=2022-02-01
      pragma:
      - no-cache
      server:
      - Kestrel
      strict-transport-security:
      - max-age=31536000; includeSubDomains
      x-content-type-options:
      - nosniff
      x-ms-ratelimit-remaining-subscription-deletes:
      - '14999'
    status:
      code: 202
      message: Accepted
- request:
    body: null
    headers:
      Accept:
      - application/json
      Accept-Encoding:
      - gzip, deflate
      CommandName:
      - backup container unregister
      Connection:
      - keep-alive
      ParameterSetName:
      - -g -v -c --yes --backup-management-type
      User-Agent:
      - AZURECLI/2.39.0 azsdk-python-mgmt-recoveryservicesbackup/5.0.0 Python/3.8.5
        (Windows-10-10.0.22000-SP0)
    method: GET
    uri: https://management.azure.com/subscriptions/00000000-0000-0000-0000-000000000000/resourceGroups/clitest.rg000001/providers/Microsoft.RecoveryServices/vaults/clitest-vault000002/backupFabrics/Azure/protectionContainers/StorageContainer%3BStorage%3Bclitest.rg000001%3Bclitest000003/operationResults/8df77d7a-5513-4fb1-adb4-699c5451a46f?api-version=2022-02-01
  response:
    body:
      string: '{}'
    headers:
      azure-asyncoperation:
      - https://management.azure.com/subscriptions/00000000-0000-0000-0000-000000000000/resourceGroups/clitest.rg000001/providers/Microsoft.RecoveryServices/vaults/clitest-vault000002/backupFabrics/Azure/protectionContainers/StorageContainer;Storage;clitest.rg000001;clitest000003/operationsStatus/8df77d7a-5513-4fb1-adb4-699c5451a46f?api-version=2019-05-13-preview
      cache-control:
      - no-cache
      content-length:
      - '2'
      content-type:
      - application/json; charset=utf-8
      date:
      - Mon, 22 Aug 2022 06:17:13 GMT
      expires:
      - '-1'
      location:
      - https://management.azure.com/subscriptions/00000000-0000-0000-0000-000000000000/resourceGroups/clitest.rg000001/providers/Microsoft.RecoveryServices/vaults/clitest-vault000002/backupFabrics/Azure/protectionContainers/StorageContainer;Storage;clitest.rg000001;clitest000003/operationResults/8df77d7a-5513-4fb1-adb4-699c5451a46f?api-version=2022-02-01
      pragma:
      - no-cache
      server:
      - Kestrel
      strict-transport-security:
      - max-age=31536000; includeSubDomains
      x-content-type-options:
      - nosniff
      x-ms-ratelimit-remaining-subscription-resource-requests:
      - '299'
    status:
      code: 202
      message: Accepted
- request:
    body: null
    headers:
      Accept:
      - application/json
      Accept-Encoding:
      - gzip, deflate
      CommandName:
      - backup container unregister
      Connection:
      - keep-alive
      ParameterSetName:
      - -g -v -c --yes --backup-management-type
      User-Agent:
      - AZURECLI/2.39.0 azsdk-python-mgmt-recoveryservicesbackup/5.0.0 Python/3.8.5
        (Windows-10-10.0.22000-SP0)
    method: GET
    uri: https://management.azure.com/subscriptions/00000000-0000-0000-0000-000000000000/resourceGroups/clitest.rg000001/providers/Microsoft.RecoveryServices/vaults/clitest-vault000002/backupFabrics/Azure/protectionContainers/StorageContainer%3BStorage%3Bclitest.rg000001%3Bclitest000003/operationResults/8df77d7a-5513-4fb1-adb4-699c5451a46f?api-version=2022-02-01
  response:
    body:
      string: '{}'
    headers:
      azure-asyncoperation:
      - https://management.azure.com/subscriptions/00000000-0000-0000-0000-000000000000/resourceGroups/clitest.rg000001/providers/Microsoft.RecoveryServices/vaults/clitest-vault000002/backupFabrics/Azure/protectionContainers/StorageContainer;Storage;clitest.rg000001;clitest000003/operationsStatus/8df77d7a-5513-4fb1-adb4-699c5451a46f?api-version=2019-05-13-preview
      cache-control:
      - no-cache
      content-length:
      - '2'
      content-type:
      - application/json; charset=utf-8
      date:
      - Mon, 22 Aug 2022 06:17:18 GMT
      expires:
      - '-1'
      location:
      - https://management.azure.com/subscriptions/00000000-0000-0000-0000-000000000000/resourceGroups/clitest.rg000001/providers/Microsoft.RecoveryServices/vaults/clitest-vault000002/backupFabrics/Azure/protectionContainers/StorageContainer;Storage;clitest.rg000001;clitest000003/operationResults/8df77d7a-5513-4fb1-adb4-699c5451a46f?api-version=2022-02-01
      pragma:
      - no-cache
      server:
      - Kestrel
      strict-transport-security:
      - max-age=31536000; includeSubDomains
      x-content-type-options:
      - nosniff
      x-ms-ratelimit-remaining-subscription-resource-requests:
      - '297'
    status:
      code: 202
      message: Accepted
- request:
    body: null
    headers:
      Accept:
      - application/json
      Accept-Encoding:
      - gzip, deflate
      CommandName:
      - backup container unregister
      Connection:
      - keep-alive
      ParameterSetName:
      - -g -v -c --yes --backup-management-type
      User-Agent:
      - AZURECLI/2.39.0 azsdk-python-mgmt-recoveryservicesbackup/5.0.0 Python/3.8.5
        (Windows-10-10.0.22000-SP0)
    method: GET
    uri: https://management.azure.com/subscriptions/00000000-0000-0000-0000-000000000000/resourceGroups/clitest.rg000001/providers/Microsoft.RecoveryServices/vaults/clitest-vault000002/backupFabrics/Azure/protectionContainers/StorageContainer%3BStorage%3Bclitest.rg000001%3Bclitest000003/operationResults/8df77d7a-5513-4fb1-adb4-699c5451a46f?api-version=2022-02-01
  response:
    body:
      string: '{}'
    headers:
      azure-asyncoperation:
      - https://management.azure.com/subscriptions/00000000-0000-0000-0000-000000000000/resourceGroups/clitest.rg000001/providers/Microsoft.RecoveryServices/vaults/clitest-vault000002/backupFabrics/Azure/protectionContainers/StorageContainer;Storage;clitest.rg000001;clitest000003/operationsStatus/8df77d7a-5513-4fb1-adb4-699c5451a46f?api-version=2019-05-13-preview
      cache-control:
      - no-cache
      content-length:
      - '2'
      content-type:
      - application/json; charset=utf-8
      date:
      - Mon, 22 Aug 2022 06:17:24 GMT
      expires:
      - '-1'
      location:
      - https://management.azure.com/subscriptions/00000000-0000-0000-0000-000000000000/resourceGroups/clitest.rg000001/providers/Microsoft.RecoveryServices/vaults/clitest-vault000002/backupFabrics/Azure/protectionContainers/StorageContainer;Storage;clitest.rg000001;clitest000003/operationResults/8df77d7a-5513-4fb1-adb4-699c5451a46f?api-version=2022-02-01
      pragma:
      - no-cache
      server:
      - Kestrel
      strict-transport-security:
      - max-age=31536000; includeSubDomains
      x-content-type-options:
      - nosniff
      x-ms-ratelimit-remaining-subscription-resource-requests:
      - '295'
    status:
      code: 202
      message: Accepted
- request:
    body: null
    headers:
      Accept:
      - application/json
      Accept-Encoding:
      - gzip, deflate
      CommandName:
      - backup container unregister
      Connection:
      - keep-alive
      ParameterSetName:
      - -g -v -c --yes --backup-management-type
      User-Agent:
      - AZURECLI/2.39.0 azsdk-python-mgmt-recoveryservicesbackup/5.0.0 Python/3.8.5
        (Windows-10-10.0.22000-SP0)
    method: GET
    uri: https://management.azure.com/subscriptions/00000000-0000-0000-0000-000000000000/resourceGroups/clitest.rg000001/providers/Microsoft.RecoveryServices/vaults/clitest-vault000002/backupFabrics/Azure/protectionContainers/StorageContainer%3BStorage%3Bclitest.rg000001%3Bclitest000003/operationResults/8df77d7a-5513-4fb1-adb4-699c5451a46f?api-version=2022-02-01
  response:
    body:
      string: '{}'
    headers:
      azure-asyncoperation:
      - https://management.azure.com/subscriptions/00000000-0000-0000-0000-000000000000/resourceGroups/clitest.rg000001/providers/Microsoft.RecoveryServices/vaults/clitest-vault000002/backupFabrics/Azure/protectionContainers/StorageContainer;Storage;clitest.rg000001;clitest000003/operationsStatus/8df77d7a-5513-4fb1-adb4-699c5451a46f?api-version=2019-05-13-preview
      cache-control:
      - no-cache
      content-length:
      - '2'
      content-type:
      - application/json; charset=utf-8
      date:
      - Mon, 22 Aug 2022 06:17:30 GMT
      expires:
      - '-1'
      location:
      - https://management.azure.com/subscriptions/00000000-0000-0000-0000-000000000000/resourceGroups/clitest.rg000001/providers/Microsoft.RecoveryServices/vaults/clitest-vault000002/backupFabrics/Azure/protectionContainers/StorageContainer;Storage;clitest.rg000001;clitest000003/operationResults/8df77d7a-5513-4fb1-adb4-699c5451a46f?api-version=2022-02-01
      pragma:
      - no-cache
      server:
      - Kestrel
      strict-transport-security:
      - max-age=31536000; includeSubDomains
      x-content-type-options:
      - nosniff
      x-ms-ratelimit-remaining-subscription-resource-requests:
      - '293'
    status:
      code: 202
      message: Accepted
- request:
    body: null
    headers:
      Accept:
      - application/json
      Accept-Encoding:
      - gzip, deflate
      CommandName:
      - backup container unregister
      Connection:
      - keep-alive
      ParameterSetName:
      - -g -v -c --yes --backup-management-type
      User-Agent:
      - AZURECLI/2.39.0 azsdk-python-mgmt-recoveryservicesbackup/5.0.0 Python/3.8.5
        (Windows-10-10.0.22000-SP0)
    method: GET
    uri: https://management.azure.com/subscriptions/00000000-0000-0000-0000-000000000000/resourceGroups/clitest.rg000001/providers/Microsoft.RecoveryServices/vaults/clitest-vault000002/backupFabrics/Azure/protectionContainers/StorageContainer%3BStorage%3Bclitest.rg000001%3Bclitest000003/operationResults/8df77d7a-5513-4fb1-adb4-699c5451a46f?api-version=2022-02-01
  response:
    body:
      string: '{}'
    headers:
      azure-asyncoperation:
      - https://management.azure.com/subscriptions/00000000-0000-0000-0000-000000000000/resourceGroups/clitest.rg000001/providers/Microsoft.RecoveryServices/vaults/clitest-vault000002/backupFabrics/Azure/protectionContainers/StorageContainer;Storage;clitest.rg000001;clitest000003/operationsStatus/8df77d7a-5513-4fb1-adb4-699c5451a46f?api-version=2019-05-13-preview
      cache-control:
      - no-cache
      content-length:
      - '2'
      content-type:
      - application/json; charset=utf-8
      date:
      - Mon, 22 Aug 2022 06:17:35 GMT
      expires:
      - '-1'
      location:
      - https://management.azure.com/subscriptions/00000000-0000-0000-0000-000000000000/resourceGroups/clitest.rg000001/providers/Microsoft.RecoveryServices/vaults/clitest-vault000002/backupFabrics/Azure/protectionContainers/StorageContainer;Storage;clitest.rg000001;clitest000003/operationResults/8df77d7a-5513-4fb1-adb4-699c5451a46f?api-version=2022-02-01
      pragma:
      - no-cache
      server:
      - Kestrel
      strict-transport-security:
      - max-age=31536000; includeSubDomains
      x-content-type-options:
      - nosniff
      x-ms-ratelimit-remaining-subscription-resource-requests:
      - '291'
    status:
      code: 202
      message: Accepted
- request:
    body: null
    headers:
      Accept:
      - application/json
      Accept-Encoding:
      - gzip, deflate
      CommandName:
      - backup container unregister
      Connection:
      - keep-alive
      ParameterSetName:
      - -g -v -c --yes --backup-management-type
      User-Agent:
      - AZURECLI/2.39.0 azsdk-python-mgmt-recoveryservicesbackup/5.0.0 Python/3.8.5
        (Windows-10-10.0.22000-SP0)
    method: GET
    uri: https://management.azure.com/subscriptions/00000000-0000-0000-0000-000000000000/resourceGroups/clitest.rg000001/providers/Microsoft.RecoveryServices/vaults/clitest-vault000002/backupFabrics/Azure/protectionContainers/StorageContainer%3BStorage%3Bclitest.rg000001%3Bclitest000003/operationResults/8df77d7a-5513-4fb1-adb4-699c5451a46f?api-version=2022-02-01
  response:
    body:
      string: ''
    headers:
      cache-control:
      - no-cache
      date:
      - Mon, 22 Aug 2022 06:17:40 GMT
      expires:
      - '-1'
      pragma:
      - no-cache
      server:
      - Kestrel
      strict-transport-security:
      - max-age=31536000; includeSubDomains
      x-content-type-options:
      - nosniff
      x-ms-ratelimit-remaining-subscription-resource-requests:
      - '289'
    status:
      code: 204
      message: No Content
- request:
    body: null
    headers:
      Accept:
      - application/json
      Accept-Encoding:
      - gzip, deflate
      CommandName:
      - backup container list
      Connection:
      - keep-alive
      ParameterSetName:
      - --backup-management-type -v -g --query
      User-Agent:
      - AZURECLI/2.39.0 azsdk-python-mgmt-recoveryservicesbackup/5.0.0 Python/3.8.5
        (Windows-10-10.0.22000-SP0)
    method: GET
    uri: https://management.azure.com/subscriptions/00000000-0000-0000-0000-000000000000/resourceGroups/clitest.rg000001/providers/Microsoft.RecoveryServices/vaults/clitest-vault000002/backupProtectionContainers?api-version=2022-02-01&%24filter=backupManagementType+eq+%27AzureIaasVM%27+and+status+eq+%27Registered%27
  response:
    body:
      string: '{"value":[]}'
    headers:
      cache-control:
      - no-cache
      content-length:
      - '12'
      content-type:
      - application/json; charset=utf-8
      date:
      - Mon, 22 Aug 2022 06:19:20 GMT
      expires:
      - '-1'
      pragma:
      - no-cache
      server:
      - Kestrel
      strict-transport-security:
      - max-age=31536000; includeSubDomains
      transfer-encoding:
      - chunked
      vary:
      - Accept-Encoding
      x-content-type-options:
      - nosniff
      x-ms-ratelimit-remaining-subscription-resource-requests:
      - '298'
    status:
      code: 200
      message: OK
- request:
    body: null
    headers:
      Accept:
      - application/json
      Accept-Encoding:
      - gzip, deflate
      CommandName:
      - backup vault delete
      Connection:
      - keep-alive
      Content-Length:
      - '0'
      ParameterSetName:
      - -n -g --yes
      User-Agent:
      - AZURECLI/2.39.0 azsdk-python-mgmt-recoveryservices/2.1.0 Python/3.8.5 (Windows-10-10.0.22000-SP0)
    method: DELETE
    uri: https://management.azure.com/subscriptions/00000000-0000-0000-0000-000000000000/resourceGroups/clitest.rg000001/providers/Microsoft.RecoveryServices/vaults/clitest-vault000002?api-version=2022-04-01
  response:
    body:
      string: ''
    headers:
      cache-control:
      - no-cache
      content-length:
      - '0'
      date:
      - Mon, 22 Aug 2022 06:19:37 GMT
      expires:
      - '-1'
      pragma:
      - no-cache
      server:
      - Kestrel
      strict-transport-security:
      - max-age=31536000; includeSubDomains
      x-content-type-options:
      - nosniff
      x-ms-ratelimit-remaining-subscription-resource-requests:
      - '47'
    status:
      code: 200
      message: OK
version: 1
