interactions:
- request:
    body: '{"location": "southeastasia", "properties": {}, "sku": {"name": "Standard"}}'
    headers:
      Accept:
      - application/json
      Accept-Encoding:
      - gzip, deflate
      CommandName:
      - backup vault create
      Connection:
      - keep-alive
      Content-Length:
      - '76'
      Content-Type:
      - application/json
      ParameterSetName:
      - -n -g --location
      User-Agent:
      - AZURECLI/2.36.0 azsdk-python-mgmt-recoveryservices/2.0.0 Python/3.8.10 (Windows-10-10.0.22000-SP0)
    method: PUT
    uri: https://management.azure.com/subscriptions/00000000-0000-0000-0000-000000000000/resourceGroups/clitest.rg000001/providers/Microsoft.RecoveryServices/vaults/clitest-vault000002?api-version=2021-03-01
  response:
    body:
      string: '{"location":"southeastasia","name":"clitest-vault000002","etag":"W/\"datetime''2022-05-06T08%3A46%3A04.3848611Z''\"","properties":{"provisioningState":"Succeeded","privateEndpointStateForBackup":"None","privateEndpointStateForSiteRecovery":"None"},"id":"/subscriptions/00000000-0000-0000-0000-000000000000/resourceGroups/clitest.rg000001/providers/Microsoft.RecoveryServices/vaults/clitest-vault000002","type":"Microsoft.RecoveryServices/vaults","sku":{"name":"Standard"}}'
    headers:
      cache-control:
      - no-cache
      content-length:
      - '470'
      content-type:
      - application/json
      date:
      - Fri, 06 May 2022 08:46:04 GMT
      expires:
      - '-1'
      pragma:
      - no-cache
      server:
      - Microsoft-IIS/10.0
      strict-transport-security:
      - max-age=31536000; includeSubDomains
      x-content-type-options:
      - nosniff
      x-ms-ratelimit-remaining-subscription-resource-requests:
      - '209'
    status:
      code: 201
      message: Created
- request:
    body: null
    headers:
      Accept:
      - application/json
      Accept-Encoding:
      - gzip, deflate
      CommandName:
      - storage account show-connection-string
      Connection:
      - keep-alive
      Content-Length:
      - '0'
      ParameterSetName:
      - -n -g
      User-Agent:
      - AZURECLI/2.36.0 azsdk-python-azure-mgmt-storage/20.0.0 Python/3.8.10 (Windows-10-10.0.22000-SP0)
    method: POST
    uri: https://management.azure.com/subscriptions/00000000-0000-0000-0000-000000000000/resourceGroups/clitest.rg000001/providers/Microsoft.Storage/storageAccounts/clitest000003/listKeys?api-version=2021-09-01&$expand=kerb
  response:
    body:
      string: '{"keys":[{"creationTime":"2022-05-06T08:46:05.6477057Z","keyName":"key1","value":"veryFakedStorageAccountKey==","permissions":"FULL"},{"creationTime":"2022-05-06T08:46:05.6477057Z","keyName":"key2","value":"veryFakedStorageAccountKey==","permissions":"FULL"}]}'
    headers:
      cache-control:
      - no-cache
      content-length:
      - '260'
      content-type:
      - application/json
      date:
      - Fri, 06 May 2022 08:46:29 GMT
      expires:
      - '-1'
      pragma:
      - no-cache
      server:
      - Microsoft-Azure-Storage-Resource-Provider/1.0,Microsoft-HTTPAPI/2.0 Microsoft-HTTPAPI/2.0
      strict-transport-security:
      - max-age=31536000; includeSubDomains
      transfer-encoding:
      - chunked
      vary:
      - Accept-Encoding
      x-content-type-options:
      - nosniff
      x-ms-ratelimit-remaining-subscription-resource-requests:
      - '11999'
    status:
      code: 200
      message: OK
- request:
    body: null
    headers:
      Accept:
      - application/json
      Accept-Encoding:
      - gzip, deflate
      CommandName:
      - storage account show-connection-string
      Connection:
      - keep-alive
      ParameterSetName:
      - -n -g
      User-Agent:
      - AZURECLI/2.36.0 azsdk-python-azure-mgmt-storage/20.0.0 Python/3.8.10 (Windows-10-10.0.22000-SP0)
    method: GET
    uri: https://management.azure.com/subscriptions/00000000-0000-0000-0000-000000000000/resourceGroups/clitest.rg000001/providers/Microsoft.Storage/storageAccounts/clitest000003?api-version=2021-09-01
  response:
    body:
      string: '{"sku":{"name":"Standard_LRS","tier":"Standard"},"kind":"Storage","id":"/subscriptions/00000000-0000-0000-0000-000000000000/resourceGroups/clitest.rg000001/providers/Microsoft.Storage/storageAccounts/clitest000003","name":"clitest000003","type":"Microsoft.Storage/storageAccounts","location":"southeastasia","tags":{},"properties":{"keyCreationTime":{"key1":"2022-05-06T08:46:05.6477057Z","key2":"2022-05-06T08:46:05.6477057Z"},"privateEndpointConnections":[],"minimumTlsVersion":"TLS1_0","allowBlobPublicAccess":true,"networkAcls":{"bypass":"AzureServices","virtualNetworkRules":[],"ipRules":[],"defaultAction":"Allow"},"supportsHttpsTrafficOnly":true,"encryption":{"services":{"file":{"keyType":"Account","enabled":true,"lastEnabledTime":"2022-05-06T08:46:05.6477057Z"},"blob":{"keyType":"Account","enabled":true,"lastEnabledTime":"2022-05-06T08:46:05.6477057Z"}},"keySource":"Microsoft.Storage"},"provisioningState":"Succeeded","creationTime":"2022-05-06T08:46:05.5383022Z","primaryEndpoints":{"blob":"https://clitest000003.blob.core.windows.net/","queue":"https://clitest000003.queue.core.windows.net/","table":"https://clitest000003.table.core.windows.net/","file":"https://clitest000003.file.core.windows.net/"},"primaryLocation":"southeastasia","statusOfPrimary":"available"}}'
    headers:
      cache-control:
      - no-cache
      content-length:
      - '1283'
      content-type:
      - application/json
      date:
      - Fri, 06 May 2022 08:46:29 GMT
      expires:
      - '-1'
      pragma:
      - no-cache
      server:
      - Microsoft-Azure-Storage-Resource-Provider/1.0,Microsoft-HTTPAPI/2.0 Microsoft-HTTPAPI/2.0
      strict-transport-security:
      - max-age=31536000; includeSubDomains
      transfer-encoding:
      - chunked
      vary:
      - Accept-Encoding
      x-content-type-options:
      - nosniff
    status:
      code: 200
      message: OK
- request:
    body: null
    headers:
      Connection:
      - keep-alive
      Content-Length:
      - '0'
      User-Agent:
      - Azure-Storage/2.0.0-2.0.1 (Python CPython 3.8.10; Windows 10) AZURECLI/2.36.0
      x-ms-date:
      - Fri, 06 May 2022 08:46:29 GMT
      x-ms-share-quota:
      - '1'
      x-ms-version:
      - '2018-11-09'
    method: PUT
    uri: https://clitest000003.file.core.windows.net/clitest-item000004?restype=share
  response:
    body:
      string: ''
    headers:
      content-length:
      - '0'
      date:
      - Fri, 06 May 2022 08:46:31 GMT
      etag:
      - '"0x8DA2F3CEB072959"'
      last-modified:
      - Fri, 06 May 2022 08:46:31 GMT
      server:
      - Windows-Azure-File/1.0 Microsoft-HTTPAPI/2.0
      x-ms-version:
      - '2018-11-09'
    status:
      code: 201
      message: Created
- request:
    body: null
    headers:
      Accept:
      - application/json
      Accept-Encoding:
      - gzip, deflate
      CommandName:
      - backup policy show
      Connection:
      - keep-alive
      ParameterSetName:
      - -g -v -n
      User-Agent:
      - AZURECLI/2.36.0 azsdk-python-mgmt-recoveryservicesbackup/4.1.1 Python/3.8.10
        (Windows-10-10.0.22000-SP0)
    method: GET
    uri: https://management.azure.com/subscriptions/00000000-0000-0000-0000-000000000000/resourceGroups/clitest.rg000001/providers/Microsoft.RecoveryServices/vaults/clitest-vault000002/backupPolicies/DefaultPolicy?api-version=2021-12-01
  response:
    body:
      string: '{"id":"/subscriptions/00000000-0000-0000-0000-000000000000/resourceGroups/clitest.rg000001/providers/Microsoft.RecoveryServices/vaults/clitest-vault000002/backupPolicies/DefaultPolicy","name":"DefaultPolicy","type":"Microsoft.RecoveryServices/vaults/backupPolicies","properties":{"backupManagementType":"AzureIaasVM","instantRPDetails":{},"schedulePolicy":{"schedulePolicyType":"SimpleSchedulePolicy","scheduleRunFrequency":"Daily","scheduleRunTimes":["2022-05-06T18:30:00Z"],"scheduleWeeklyFrequency":0},"retentionPolicy":{"retentionPolicyType":"LongTermRetentionPolicy","dailySchedule":{"retentionTimes":["2022-05-06T18:30:00Z"],"retentionDuration":{"count":30,"durationType":"Days"}}},"instantRpRetentionRangeInDays":2,"timeZone":"UTC","protectedItemsCount":0}}'
    headers:
      cache-control:
      - no-cache
      content-length:
      - '764'
      content-type:
      - application/json
      date:
      - Fri, 06 May 2022 08:46:31 GMT
      expires:
      - '-1'
      pragma:
      - no-cache
      server:
      - Microsoft-IIS/10.0
      strict-transport-security:
      - max-age=31536000; includeSubDomains
      transfer-encoding:
      - chunked
      vary:
      - Accept-Encoding
      x-content-type-options:
      - nosniff
      x-ms-ratelimit-remaining-subscription-resource-requests:
      - '149'
      x-powered-by:
      - ASP.NET
    status:
      code: 200
      message: OK
- request:
    body: '{"properties": {"protectedItemsCount": 0, "backupManagementType": "AzureStorage",
      "workLoadType": "AzureFileShare", "schedulePolicy": {"schedulePolicyType": "SimpleSchedulePolicy",
      "scheduleRunFrequency": "Daily", "scheduleRunTimes": ["2022-05-06T18:30:00.000Z"],
      "scheduleWeeklyFrequency": 0}, "retentionPolicy": {"retentionPolicyType": "LongTermRetentionPolicy",
      "dailySchedule": {"retentionTimes": ["2022-05-06T18:30:00.000Z"], "retentionDuration":
      {"count": 30, "durationType": "Days"}}}, "timeZone": "UTC"}}'
    headers:
      Accept:
      - application/json
      Accept-Encoding:
      - gzip, deflate
      CommandName:
      - backup policy create
      Connection:
      - keep-alive
      Content-Length:
      - '512'
      Content-Type:
      - application/json
      ParameterSetName:
      - -g -v --policy -n --backup-management-type
      User-Agent:
      - AZURECLI/2.36.0 azsdk-python-mgmt-recoveryservicesbackup/4.1.1 Python/3.8.10
        (Windows-10-10.0.22000-SP0)
    method: PUT
    uri: https://management.azure.com/subscriptions/00000000-0000-0000-0000-000000000000/resourceGroups/clitest.rg000001/providers/Microsoft.RecoveryServices/vaults/clitest-vault000002/backupPolicies/clitest-item000005?api-version=2021-12-01
  response:
    body:
      string: '{"id":"/subscriptions/00000000-0000-0000-0000-000000000000/resourceGroups/clitest.rg000001/providers/Microsoft.RecoveryServices/vaults/clitest-vault000002/backupPolicies/clitest-item000005","name":"clitest-item000005","type":"Microsoft.RecoveryServices/vaults/backupPolicies","properties":{"backupManagementType":"AzureStorage","schedulePolicy":{"schedulePolicyType":"SimpleSchedulePolicy","scheduleRunFrequency":"Daily","scheduleRunTimes":["2022-05-06T18:30:00Z"],"scheduleWeeklyFrequency":0},"retentionPolicy":{"retentionPolicyType":"LongTermRetentionPolicy","dailySchedule":{"retentionTimes":["2022-05-06T18:30:00Z"],"retentionDuration":{"count":30,"durationType":"Days"}}},"timeZone":"UTC","protectedItemsCount":0}}'
    headers:
      cache-control:
      - no-cache
      content-length:
      - '719'
      content-type:
      - application/json
      date:
      - Fri, 06 May 2022 08:46:32 GMT
      expires:
      - '-1'
      pragma:
      - no-cache
      server:
      - Microsoft-IIS/10.0
      strict-transport-security:
      - max-age=31536000; includeSubDomains
      transfer-encoding:
      - chunked
      vary:
      - Accept-Encoding
      x-content-type-options:
      - nosniff
      x-ms-ratelimit-remaining-subscription-writes:
      - '1199'
      x-powered-by:
      - ASP.NET
    status:
      code: 200
      message: OK
- request:
    body: null
    headers:
      Accept:
      - application/json
      Accept-Encoding:
      - gzip, deflate
      CommandName:
      - backup protection enable-for-azurefileshare
      Connection:
      - keep-alive
      ParameterSetName:
      - -g -v --azure-file-share --storage-account -p
      User-Agent:
      - AZURECLI/2.36.0 azsdk-python-mgmt-recoveryservicesbackup/4.1.1 Python/3.8.10
        (Windows-10-10.0.22000-SP0)
    method: GET
    uri: https://management.azure.com/subscriptions/00000000-0000-0000-0000-000000000000/resourceGroups/clitest.rg000001/providers/Microsoft.RecoveryServices/vaults/clitest-vault000002/backupProtectionContainers?api-version=2021-12-01&%24filter=backupManagementType+eq+%27AzureStorage%27+and+status+eq+%27Registered%27
  response:
    body:
      string: '{"value":[]}'
    headers:
      cache-control:
      - no-cache
      content-length:
      - '12'
      content-type:
      - application/json
      date:
      - Fri, 06 May 2022 08:46:33 GMT
      expires:
      - '-1'
      pragma:
      - no-cache
      server:
      - Microsoft-IIS/10.0
      strict-transport-security:
      - max-age=31536000; includeSubDomains
      transfer-encoding:
      - chunked
      vary:
      - Accept-Encoding
      x-content-type-options:
      - nosniff
      x-ms-ratelimit-remaining-subscription-resource-requests:
      - '149'
      x-powered-by:
      - ASP.NET
    status:
      code: 200
      message: OK
- request:
    body: null
    headers:
      Accept:
      - application/json
      Accept-Encoding:
      - gzip, deflate
      CommandName:
      - backup protection enable-for-azurefileshare
      Connection:
      - keep-alive
      ParameterSetName:
      - -g -v --azure-file-share --storage-account -p
      User-Agent:
      - AZURECLI/2.36.0 azsdk-python-mgmt-recoveryservicesbackup/4.1.1 Python/3.8.10
        (Windows-10-10.0.22000-SP0)
    method: GET
    uri: https://management.azure.com/subscriptions/00000000-0000-0000-0000-000000000000/resourceGroups/clitest.rg000001/providers/Microsoft.RecoveryServices/vaults/clitest-vault000002/backupFabrics/Azure/protectableContainers?api-version=2021-12-01&%24filter=backupManagementType+eq+%27AzureStorage%27
  response:
    body:
      string: '{"value":[{"id":"/subscriptions/00000000-0000-0000-0000-000000000000/resourceGroups/clitest.rg000001/providers/Microsoft.RecoveryServices/vaults/clitest-vault000002/backupFabrics/Azure/protectableContainers/StorageContainer;Storage;AzureSDKTest_reserved;cs1100320007de01867","name":"StorageContainer;Storage;AzureSDKTest_reserved;cs1100320007de01867","type":"Microsoft.RecoveryServices/vaults/backupFabrics/protectableContainers","properties":{"friendlyName":"cs1100320007de01867","backupManagementType":"AzureStorage","protectableContainerType":"StorageContainer","healthStatus":"Healthy","containerId":"/subscriptions/00000000-0000-0000-0000-000000000000/resourceGroups/AzureSDKTest_reserved/providers/Microsoft.Storage/storageAccounts/cs1100320007de01867"}},{"id":"/subscriptions/00000000-0000-0000-0000-000000000000/resourceGroups/clitest.rg000001/providers/Microsoft.RecoveryServices/vaults/clitest-vault000002/backupFabrics/Azure/protectableContainers/StorageContainer;Storage;AzureSDKTest_reserved;cs110032000ca62af00","name":"StorageContainer;Storage;AzureSDKTest_reserved;cs110032000ca62af00","type":"Microsoft.RecoveryServices/vaults/backupFabrics/protectableContainers","properties":{"friendlyName":"cs110032000ca62af00","backupManagementType":"AzureStorage","protectableContainerType":"StorageContainer","healthStatus":"Healthy","containerId":"/subscriptions/00000000-0000-0000-0000-000000000000/resourceGroups/AzureSDKTest_reserved/providers/Microsoft.Storage/storageAccounts/cs110032000ca62af00"}},{"id":"/subscriptions/00000000-0000-0000-0000-000000000000/resourceGroups/clitest.rg000001/providers/Microsoft.RecoveryServices/vaults/clitest-vault000002/backupFabrics/Azure/protectableContainers/StorageContainer;Storage;clitest.rg3s5lzewvcq;clitest6qdiqj5ucwact5rhs","name":"StorageContainer;Storage;clitest.rg3s5lzewvcq;clitest6qdiqj5ucwact5rhs","type":"Microsoft.RecoveryServices/vaults/backupFabrics/protectableContainers","properties":{"friendlyName":"clitest6qdiqj5ucwact5rhs","backupManagementType":"AzureStorage","protectableContainerType":"StorageContainer","healthStatus":"Healthy","containerId":"/subscriptions/00000000-0000-0000-0000-000000000000/resourceGroups/clitest.rg3s5lzewvcq/providers/Microsoft.Storage/storageAccounts/clitest6qdiqj5ucwact5rhs"}},{"id":"/subscriptions/00000000-0000-0000-0000-000000000000/resourceGroups/clitest.rg000001/providers/Microsoft.RecoveryServices/vaults/clitest-vault000002/backupFabrics/Azure/protectableContainers/StorageContainer;Storage;clitest.rgdloysnf2mh;clitestjbuyhtm67lpxzz6cj","name":"StorageContainer;Storage;clitest.rgdloysnf2mh;clitestjbuyhtm67lpxzz6cj","type":"Microsoft.RecoveryServices/vaults/backupFabrics/protectableContainers","properties":{"friendlyName":"clitestjbuyhtm67lpxzz6cj","backupManagementType":"AzureStorage","protectableContainerType":"StorageContainer","healthStatus":"Healthy","containerId":"/subscriptions/00000000-0000-0000-0000-000000000000/resourceGroups/clitest.rgdloysnf2mh/providers/Microsoft.Storage/storageAccounts/clitestjbuyhtm67lpxzz6cj"}},{"id":"/subscriptions/00000000-0000-0000-0000-000000000000/resourceGroups/clitest.rg000001/providers/Microsoft.RecoveryServices/vaults/clitest-vault000002/backupFabrics/Azure/protectableContainers/StorageContainer;Storage;clitest.rgg5kx4e2siu;clitest4juolsua3c5gylqal","name":"StorageContainer;Storage;clitest.rgg5kx4e2siu;clitest4juolsua3c5gylqal","type":"Microsoft.RecoveryServices/vaults/backupFabrics/protectableContainers","properties":{"friendlyName":"clitest4juolsua3c5gylqal","backupManagementType":"AzureStorage","protectableContainerType":"StorageContainer","healthStatus":"Healthy","containerId":"/subscriptions/00000000-0000-0000-0000-000000000000/resourceGroups/clitest.rgg5kx4e2siu/providers/Microsoft.Storage/storageAccounts/clitest4juolsua3c5gylqal"}},{"id":"/subscriptions/00000000-0000-0000-0000-000000000000/resourceGroups/clitest.rg000001/providers/Microsoft.RecoveryServices/vaults/clitest-vault000002/backupFabrics/Azure/protectableContainers/StorageContainer;Storage;clitest.rgg5kx4e2siu;clitestkhm2wbi6tzbavtccg","name":"StorageContainer;Storage;clitest.rgg5kx4e2siu;clitestkhm2wbi6tzbavtccg","type":"Microsoft.RecoveryServices/vaults/backupFabrics/protectableContainers","properties":{"friendlyName":"clitestkhm2wbi6tzbavtccg","backupManagementType":"AzureStorage","protectableContainerType":"StorageContainer","healthStatus":"Healthy","containerId":"/subscriptions/00000000-0000-0000-0000-000000000000/resourceGroups/clitest.rgg5kx4e2siu/providers/Microsoft.Storage/storageAccounts/clitestkhm2wbi6tzbavtccg"}},{"id":"/subscriptions/00000000-0000-0000-0000-000000000000/resourceGroups/clitest.rg000001/providers/Microsoft.RecoveryServices/vaults/clitest-vault000002/backupFabrics/Azure/protectableContainers/StorageContainer;Storage;clitest.rgqnmnntprm3;clitestogj5skj5lawqtzg5c","name":"StorageContainer;Storage;clitest.rgqnmnntprm3;clitestogj5skj5lawqtzg5c","type":"Microsoft.RecoveryServices/vaults/backupFabrics/protectableContainers","properties":{"friendlyName":"clitestogj5skj5lawqtzg5c","backupManagementType":"AzureStorage","protectableContainerType":"StorageContainer","healthStatus":"Healthy","containerId":"/subscriptions/00000000-0000-0000-0000-000000000000/resourceGroups/clitest.rgqnmnntprm3/providers/Microsoft.Storage/storageAccounts/clitestogj5skj5lawqtzg5c"}},{"id":"/subscriptions/00000000-0000-0000-0000-000000000000/resourceGroups/clitest.rg000001/providers/Microsoft.RecoveryServices/vaults/clitest-vault000002/backupFabrics/Azure/protectableContainers/StorageContainer;Storage;clitest.rgqwo6yirrf3;clitest2te7a4m4c2cc6222o","name":"StorageContainer;Storage;clitest.rgqwo6yirrf3;clitest2te7a4m4c2cc6222o","type":"Microsoft.RecoveryServices/vaults/backupFabrics/protectableContainers","properties":{"friendlyName":"clitest2te7a4m4c2cc6222o","backupManagementType":"AzureStorage","protectableContainerType":"StorageContainer","healthStatus":"Healthy","containerId":"/subscriptions/00000000-0000-0000-0000-000000000000/resourceGroups/clitest.rgqwo6yirrf3/providers/Microsoft.Storage/storageAccounts/clitest2te7a4m4c2cc6222o"}},{"id":"/subscriptions/00000000-0000-0000-0000-000000000000/resourceGroups/clitest.rg000001/providers/Microsoft.RecoveryServices/vaults/clitest-vault000002/backupFabrics/Azure/protectableContainers/StorageContainer;Storage;clitest.rgtgkkzxj726;clitestvmnwwnqmeaw6iqpzd","name":"StorageContainer;Storage;clitest.rgtgkkzxj726;clitestvmnwwnqmeaw6iqpzd","type":"Microsoft.RecoveryServices/vaults/backupFabrics/protectableContainers","properties":{"friendlyName":"clitestvmnwwnqmeaw6iqpzd","backupManagementType":"AzureStorage","protectableContainerType":"StorageContainer","healthStatus":"Healthy","containerId":"/subscriptions/00000000-0000-0000-0000-000000000000/resourceGroups/clitest.rgtgkkzxj726/providers/Microsoft.Storage/storageAccounts/clitestvmnwwnqmeaw6iqpzd"}},{"id":"/subscriptions/00000000-0000-0000-0000-000000000000/resourceGroups/clitest.rg000001/providers/Microsoft.RecoveryServices/vaults/clitest-vault000002/backupFabrics/Azure/protectableContainers/StorageContainer;Storage;clitest.rgv4eibupgrq;clitestfl7biyu4y2f4t27hf","name":"StorageContainer;Storage;clitest.rgv4eibupgrq;clitestfl7biyu4y2f4t27hf","type":"Microsoft.RecoveryServices/vaults/backupFabrics/protectableContainers","properties":{"friendlyName":"clitestfl7biyu4y2f4t27hf","backupManagementType":"AzureStorage","protectableContainerType":"StorageContainer","healthStatus":"Healthy","containerId":"/subscriptions/00000000-0000-0000-0000-000000000000/resourceGroups/clitest.rgv4eibupgrq/providers/Microsoft.Storage/storageAccounts/clitestfl7biyu4y2f4t27hf"}},{"id":"/subscriptions/00000000-0000-0000-0000-000000000000/resourceGroups/clitest.rg000001/providers/Microsoft.RecoveryServices/vaults/clitest-vault000002/backupFabrics/Azure/protectableContainers/StorageContainer;Storage;clitest.rgxxop57fyks;clitestzmnxrabz5iwgny3ia","name":"StorageContainer;Storage;clitest.rgxxop57fyks;clitestzmnxrabz5iwgny3ia","type":"Microsoft.RecoveryServices/vaults/backupFabrics/protectableContainers","properties":{"friendlyName":"clitestzmnxrabz5iwgny3ia","backupManagementType":"AzureStorage","protectableContainerType":"StorageContainer","healthStatus":"Healthy","containerId":"/subscriptions/00000000-0000-0000-0000-000000000000/resourceGroups/clitest.rgxxop57fyks/providers/Microsoft.Storage/storageAccounts/clitestzmnxrabz5iwgny3ia"}},{"id":"/subscriptions/00000000-0000-0000-0000-000000000000/resourceGroups/clitest.rg000001/providers/Microsoft.RecoveryServices/vaults/clitest-vault000002/backupFabrics/Azure/protectableContainers/StorageContainer;Storage;cloud-shell-storage-southeastasia;cs1100320004dd89524","name":"StorageContainer;Storage;cloud-shell-storage-southeastasia;cs1100320004dd89524","type":"Microsoft.RecoveryServices/vaults/backupFabrics/protectableContainers","properties":{"friendlyName":"cs1100320004dd89524","backupManagementType":"AzureStorage","protectableContainerType":"StorageContainer","healthStatus":"Healthy","containerId":"/subscriptions/00000000-0000-0000-0000-000000000000/resourceGroups/cloud-shell-storage-southeastasia/providers/Microsoft.Storage/storageAccounts/cs1100320004dd89524"}},{"id":"/subscriptions/00000000-0000-0000-0000-000000000000/resourceGroups/clitest.rg000001/providers/Microsoft.RecoveryServices/vaults/clitest-vault000002/backupFabrics/Azure/protectableContainers/StorageContainer;Storage;cloud-shell-storage-southeastasia;cs1100320005416c8c9","name":"StorageContainer;Storage;cloud-shell-storage-southeastasia;cs1100320005416c8c9","type":"Microsoft.RecoveryServices/vaults/backupFabrics/protectableContainers","properties":{"friendlyName":"cs1100320005416c8c9","backupManagementType":"AzureStorage","protectableContainerType":"StorageContainer","healthStatus":"Healthy","containerId":"/subscriptions/00000000-0000-0000-0000-000000000000/resourceGroups/cloud-shell-storage-southeastasia/providers/Microsoft.Storage/storageAccounts/cs1100320005416c8c9"}},{"id":"/subscriptions/00000000-0000-0000-0000-000000000000/resourceGroups/clitest.rg000001/providers/Microsoft.RecoveryServices/vaults/clitest-vault000002/backupFabrics/Azure/protectableContainers/StorageContainer;Storage;cloud-shell-storage-southeastasia;cs1100320007b1ce356","name":"StorageContainer;Storage;cloud-shell-storage-southeastasia;cs1100320007b1ce356","type":"Microsoft.RecoveryServices/vaults/backupFabrics/protectableContainers","properties":{"friendlyName":"cs1100320007b1ce356","backupManagementType":"AzureStorage","protectableContainerType":"StorageContainer","healthStatus":"Healthy","containerId":"/subscriptions/00000000-0000-0000-0000-000000000000/resourceGroups/cloud-shell-storage-southeastasia/providers/Microsoft.Storage/storageAccounts/cs1100320007b1ce356"}},{"id":"/subscriptions/00000000-0000-0000-0000-000000000000/resourceGroups/clitest.rg000001/providers/Microsoft.RecoveryServices/vaults/clitest-vault000002/backupFabrics/Azure/protectableContainers/StorageContainer;Storage;cloud-shell-storage-southeastasia;cs1100320007f91393f","name":"StorageContainer;Storage;cloud-shell-storage-southeastasia;cs1100320007f91393f","type":"Microsoft.RecoveryServices/vaults/backupFabrics/protectableContainers","properties":{"friendlyName":"cs1100320007f91393f","backupManagementType":"AzureStorage","protectableContainerType":"StorageContainer","healthStatus":"Healthy","containerId":"/subscriptions/00000000-0000-0000-0000-000000000000/resourceGroups/cloud-shell-storage-southeastasia/providers/Microsoft.Storage/storageAccounts/cs1100320007f91393f"}},{"id":"/subscriptions/00000000-0000-0000-0000-000000000000/resourceGroups/clitest.rg000001/providers/Microsoft.RecoveryServices/vaults/clitest-vault000002/backupFabrics/Azure/protectableContainers/StorageContainer;Storage;cloud-shell-storage-southeastasia;cs11003200087c55daf","name":"StorageContainer;Storage;cloud-shell-storage-southeastasia;cs11003200087c55daf","type":"Microsoft.RecoveryServices/vaults/backupFabrics/protectableContainers","properties":{"friendlyName":"cs11003200087c55daf","backupManagementType":"AzureStorage","protectableContainerType":"StorageContainer","healthStatus":"Healthy","containerId":"/subscriptions/00000000-0000-0000-0000-000000000000/resourceGroups/cloud-shell-storage-southeastasia/providers/Microsoft.Storage/storageAccounts/cs11003200087c55daf"}},{"id":"/subscriptions/00000000-0000-0000-0000-000000000000/resourceGroups/clitest.rg000001/providers/Microsoft.RecoveryServices/vaults/clitest-vault000002/backupFabrics/Azure/protectableContainers/StorageContainer;Storage;cloud-shell-storage-southeastasia;cs1100320008debd5bc","name":"StorageContainer;Storage;cloud-shell-storage-southeastasia;cs1100320008debd5bc","type":"Microsoft.RecoveryServices/vaults/backupFabrics/protectableContainers","properties":{"friendlyName":"cs1100320008debd5bc","backupManagementType":"AzureStorage","protectableContainerType":"StorageContainer","healthStatus":"Healthy","containerId":"/subscriptions/00000000-0000-0000-0000-000000000000/resourceGroups/cloud-shell-storage-southeastasia/providers/Microsoft.Storage/storageAccounts/cs1100320008debd5bc"}},{"id":"/subscriptions/00000000-0000-0000-0000-000000000000/resourceGroups/clitest.rg000001/providers/Microsoft.RecoveryServices/vaults/clitest-vault000002/backupFabrics/Azure/protectableContainers/StorageContainer;Storage;cloud-shell-storage-southeastasia;cs110032000919ef7c5","name":"StorageContainer;Storage;cloud-shell-storage-southeastasia;cs110032000919ef7c5","type":"Microsoft.RecoveryServices/vaults/backupFabrics/protectableContainers","properties":{"friendlyName":"cs110032000919ef7c5","backupManagementType":"AzureStorage","protectableContainerType":"StorageContainer","healthStatus":"Healthy","containerId":"/subscriptions/00000000-0000-0000-0000-000000000000/resourceGroups/cloud-shell-storage-southeastasia/providers/Microsoft.Storage/storageAccounts/cs110032000919ef7c5"}},{"id":"/subscriptions/00000000-0000-0000-0000-000000000000/resourceGroups/clitest.rg000001/providers/Microsoft.RecoveryServices/vaults/clitest-vault000002/backupFabrics/Azure/protectableContainers/StorageContainer;Storage;cloud-shell-storage-southeastasia;cs11003200092fe0771","name":"StorageContainer;Storage;cloud-shell-storage-southeastasia;cs11003200092fe0771","type":"Microsoft.RecoveryServices/vaults/backupFabrics/protectableContainers","properties":{"friendlyName":"cs11003200092fe0771","backupManagementType":"AzureStorage","protectableContainerType":"StorageContainer","healthStatus":"Healthy","containerId":"/subscriptions/00000000-0000-0000-0000-000000000000/resourceGroups/cloud-shell-storage-southeastasia/providers/Microsoft.Storage/storageAccounts/cs11003200092fe0771"}},{"id":"/subscriptions/00000000-0000-0000-0000-000000000000/resourceGroups/clitest.rg000001/providers/Microsoft.RecoveryServices/vaults/clitest-vault000002/backupFabrics/Azure/protectableContainers/StorageContainer;Storage;cloud-shell-storage-southeastasia;cs110032000b6f3c90c","name":"StorageContainer;Storage;cloud-shell-storage-southeastasia;cs110032000b6f3c90c","type":"Microsoft.RecoveryServices/vaults/backupFabrics/protectableContainers","properties":{"friendlyName":"cs110032000b6f3c90c","backupManagementType":"AzureStorage","protectableContainerType":"StorageContainer","healthStatus":"Healthy","containerId":"/subscriptions/00000000-0000-0000-0000-000000000000/resourceGroups/cloud-shell-storage-southeastasia/providers/Microsoft.Storage/storageAccounts/cs110032000b6f3c90c"}},{"id":"/subscriptions/00000000-0000-0000-0000-000000000000/resourceGroups/clitest.rg000001/providers/Microsoft.RecoveryServices/vaults/clitest-vault000002/backupFabrics/Azure/protectableContainers/StorageContainer;Storage;cloud-shell-storage-southeastasia;cs110032000c31bae71","name":"StorageContainer;Storage;cloud-shell-storage-southeastasia;cs110032000c31bae71","type":"Microsoft.RecoveryServices/vaults/backupFabrics/protectableContainers","properties":{"friendlyName":"cs110032000c31bae71","backupManagementType":"AzureStorage","protectableContainerType":"StorageContainer","healthStatus":"Healthy","containerId":"/subscriptions/00000000-0000-0000-0000-000000000000/resourceGroups/cloud-shell-storage-southeastasia/providers/Microsoft.Storage/storageAccounts/cs110032000c31bae71"}},{"id":"/subscriptions/00000000-0000-0000-0000-000000000000/resourceGroups/clitest.rg000001/providers/Microsoft.RecoveryServices/vaults/clitest-vault000002/backupFabrics/Azure/protectableContainers/StorageContainer;Storage;cloud-shell-storage-southeastasia;cs110032000e1cb9f41","name":"StorageContainer;Storage;cloud-shell-storage-southeastasia;cs110032000e1cb9f41","type":"Microsoft.RecoveryServices/vaults/backupFabrics/protectableContainers","properties":{"friendlyName":"cs110032000e1cb9f41","backupManagementType":"AzureStorage","protectableContainerType":"StorageContainer","healthStatus":"Healthy","containerId":"/subscriptions/00000000-0000-0000-0000-000000000000/resourceGroups/cloud-shell-storage-southeastasia/providers/Microsoft.Storage/storageAccounts/cs110032000e1cb9f41"}},{"id":"/subscriptions/00000000-0000-0000-0000-000000000000/resourceGroups/clitest.rg000001/providers/Microsoft.RecoveryServices/vaults/clitest-vault000002/backupFabrics/Azure/protectableContainers/StorageContainer;Storage;cloud-shell-storage-southeastasia;cs110032000e3121978","name":"StorageContainer;Storage;cloud-shell-storage-southeastasia;cs110032000e3121978","type":"Microsoft.RecoveryServices/vaults/backupFabrics/protectableContainers","properties":{"friendlyName":"cs110032000e3121978","backupManagementType":"AzureStorage","protectableContainerType":"StorageContainer","healthStatus":"Healthy","containerId":"/subscriptions/00000000-0000-0000-0000-000000000000/resourceGroups/cloud-shell-storage-southeastasia/providers/Microsoft.Storage/storageAccounts/cs110032000e3121978"}},{"id":"/subscriptions/00000000-0000-0000-0000-000000000000/resourceGroups/clitest.rg000001/providers/Microsoft.RecoveryServices/vaults/clitest-vault000002/backupFabrics/Azure/protectableContainers/StorageContainer;Storage;cloud-shell-storage-southeastasia;cs110032000f3aac891","name":"StorageContainer;Storage;cloud-shell-storage-southeastasia;cs110032000f3aac891","type":"Microsoft.RecoveryServices/vaults/backupFabrics/protectableContainers","properties":{"friendlyName":"cs110032000f3aac891","backupManagementType":"AzureStorage","protectableContainerType":"StorageContainer","healthStatus":"Healthy","containerId":"/subscriptions/00000000-0000-0000-0000-000000000000/resourceGroups/cloud-shell-storage-southeastasia/providers/Microsoft.Storage/storageAccounts/cs110032000f3aac891"}},{"id":"/subscriptions/00000000-0000-0000-0000-000000000000/resourceGroups/clitest.rg000001/providers/Microsoft.RecoveryServices/vaults/clitest-vault000002/backupFabrics/Azure/protectableContainers/StorageContainer;Storage;cloud-shell-storage-southeastasia;cs1100320010339dce7","name":"StorageContainer;Storage;cloud-shell-storage-southeastasia;cs1100320010339dce7","type":"Microsoft.RecoveryServices/vaults/backupFabrics/protectableContainers","properties":{"friendlyName":"cs1100320010339dce7","backupManagementType":"AzureStorage","protectableContainerType":"StorageContainer","healthStatus":"Healthy","containerId":"/subscriptions/00000000-0000-0000-0000-000000000000/resourceGroups/cloud-shell-storage-southeastasia/providers/Microsoft.Storage/storageAccounts/cs1100320010339dce7"}},{"id":"/subscriptions/00000000-0000-0000-0000-000000000000/resourceGroups/clitest.rg000001/providers/Microsoft.RecoveryServices/vaults/clitest-vault000002/backupFabrics/Azure/protectableContainers/StorageContainer;Storage;cloud-shell-storage-southeastasia;cs11003200127365c47","name":"StorageContainer;Storage;cloud-shell-storage-southeastasia;cs11003200127365c47","type":"Microsoft.RecoveryServices/vaults/backupFabrics/protectableContainers","properties":{"friendlyName":"cs11003200127365c47","backupManagementType":"AzureStorage","protectableContainerType":"StorageContainer","healthStatus":"Healthy","containerId":"/subscriptions/00000000-0000-0000-0000-000000000000/resourceGroups/cloud-shell-storage-southeastasia/providers/Microsoft.Storage/storageAccounts/cs11003200127365c47"}},{"id":"/subscriptions/00000000-0000-0000-0000-000000000000/resourceGroups/clitest.rg000001/providers/Microsoft.RecoveryServices/vaults/clitest-vault000002/backupFabrics/Azure/protectableContainers/StorageContainer;Storage;cloud-shell-storage-southeastasia;cs11003200129e38348","name":"StorageContainer;Storage;cloud-shell-storage-southeastasia;cs11003200129e38348","type":"Microsoft.RecoveryServices/vaults/backupFabrics/protectableContainers","properties":{"friendlyName":"cs11003200129e38348","backupManagementType":"AzureStorage","protectableContainerType":"StorageContainer","healthStatus":"Healthy","containerId":"/subscriptions/00000000-0000-0000-0000-000000000000/resourceGroups/cloud-shell-storage-southeastasia/providers/Microsoft.Storage/storageAccounts/cs11003200129e38348"}},{"id":"/subscriptions/00000000-0000-0000-0000-000000000000/resourceGroups/clitest.rg000001/providers/Microsoft.RecoveryServices/vaults/clitest-vault000002/backupFabrics/Azure/protectableContainers/StorageContainer;Storage;cloud-shell-storage-southeastasia;cs1100320012c36c452","name":"StorageContainer;Storage;cloud-shell-storage-southeastasia;cs1100320012c36c452","type":"Microsoft.RecoveryServices/vaults/backupFabrics/protectableContainers","properties":{"friendlyName":"cs1100320012c36c452","backupManagementType":"AzureStorage","protectableContainerType":"StorageContainer","healthStatus":"Healthy","containerId":"/subscriptions/00000000-0000-0000-0000-000000000000/resourceGroups/cloud-shell-storage-southeastasia/providers/Microsoft.Storage/storageAccounts/cs1100320012c36c452"}},{"id":"/subscriptions/00000000-0000-0000-0000-000000000000/resourceGroups/clitest.rg000001/providers/Microsoft.RecoveryServices/vaults/clitest-vault000002/backupFabrics/Azure/protectableContainers/StorageContainer;Storage;cloud-shell-storage-southeastasia;cs110032001520b2764","name":"StorageContainer;Storage;cloud-shell-storage-southeastasia;cs110032001520b2764","type":"Microsoft.RecoveryServices/vaults/backupFabrics/protectableContainers","properties":{"friendlyName":"cs110032001520b2764","backupManagementType":"AzureStorage","protectableContainerType":"StorageContainer","healthStatus":"Healthy","containerId":"/subscriptions/00000000-0000-0000-0000-000000000000/resourceGroups/cloud-shell-storage-southeastasia/providers/Microsoft.Storage/storageAccounts/cs110032001520b2764"}},{"id":"/subscriptions/00000000-0000-0000-0000-000000000000/resourceGroups/clitest.rg000001/providers/Microsoft.RecoveryServices/vaults/clitest-vault000002/backupFabrics/Azure/protectableContainers/StorageContainer;Storage;cloud-shell-storage-southeastasia;cs1100320016ac59291","name":"StorageContainer;Storage;cloud-shell-storage-southeastasia;cs1100320016ac59291","type":"Microsoft.RecoveryServices/vaults/backupFabrics/protectableContainers","properties":{"friendlyName":"cs1100320016ac59291","backupManagementType":"AzureStorage","protectableContainerType":"StorageContainer","healthStatus":"Healthy","containerId":"/subscriptions/00000000-0000-0000-0000-000000000000/resourceGroups/cloud-shell-storage-southeastasia/providers/Microsoft.Storage/storageAccounts/cs1100320016ac59291"}},{"id":"/subscriptions/00000000-0000-0000-0000-000000000000/resourceGroups/clitest.rg000001/providers/Microsoft.RecoveryServices/vaults/clitest-vault000002/backupFabrics/Azure/protectableContainers/StorageContainer;Storage;cloud-shell-storage-southeastasia;cs1100320018cedbbd6","name":"StorageContainer;Storage;cloud-shell-storage-southeastasia;cs1100320018cedbbd6","type":"Microsoft.RecoveryServices/vaults/backupFabrics/protectableContainers","properties":{"friendlyName":"cs1100320018cedbbd6","backupManagementType":"AzureStorage","protectableContainerType":"StorageContainer","healthStatus":"Healthy","containerId":"/subscriptions/00000000-0000-0000-0000-000000000000/resourceGroups/cloud-shell-storage-southeastasia/providers/Microsoft.Storage/storageAccounts/cs1100320018cedbbd6"}},{"id":"/subscriptions/00000000-0000-0000-0000-000000000000/resourceGroups/clitest.rg000001/providers/Microsoft.RecoveryServices/vaults/clitest-vault000002/backupFabrics/Azure/protectableContainers/StorageContainer;Storage;cloud-shell-storage-southeastasia;cs1100320018db36b92","name":"StorageContainer;Storage;cloud-shell-storage-southeastasia;cs1100320018db36b92","type":"Microsoft.RecoveryServices/vaults/backupFabrics/protectableContainers","properties":{"friendlyName":"cs1100320018db36b92","backupManagementType":"AzureStorage","protectableContainerType":"StorageContainer","healthStatus":"Healthy","containerId":"/subscriptions/00000000-0000-0000-0000-000000000000/resourceGroups/cloud-shell-storage-southeastasia/providers/Microsoft.Storage/storageAccounts/cs1100320018db36b92"}},{"id":"/subscriptions/00000000-0000-0000-0000-000000000000/resourceGroups/clitest.rg000001/providers/Microsoft.RecoveryServices/vaults/clitest-vault000002/backupFabrics/Azure/protectableContainers/StorageContainer;Storage;cloud-shell-storage-southeastasia;cs110032001b3f915f1","name":"StorageContainer;Storage;cloud-shell-storage-southeastasia;cs110032001b3f915f1","type":"Microsoft.RecoveryServices/vaults/backupFabrics/protectableContainers","properties":{"friendlyName":"cs110032001b3f915f1","backupManagementType":"AzureStorage","protectableContainerType":"StorageContainer","healthStatus":"Healthy","containerId":"/subscriptions/00000000-0000-0000-0000-000000000000/resourceGroups/cloud-shell-storage-southeastasia/providers/Microsoft.Storage/storageAccounts/cs110032001b3f915f1"}},{"id":"/subscriptions/00000000-0000-0000-0000-000000000000/resourceGroups/clitest.rg000001/providers/Microsoft.RecoveryServices/vaults/clitest-vault000002/backupFabrics/Azure/protectableContainers/StorageContainer;Storage;cloud-shell-storage-southeastasia;cs110032001b429e302","name":"StorageContainer;Storage;cloud-shell-storage-southeastasia;cs110032001b429e302","type":"Microsoft.RecoveryServices/vaults/backupFabrics/protectableContainers","properties":{"friendlyName":"cs110032001b429e302","backupManagementType":"AzureStorage","protectableContainerType":"StorageContainer","healthStatus":"Healthy","containerId":"/subscriptions/00000000-0000-0000-0000-000000000000/resourceGroups/cloud-shell-storage-southeastasia/providers/Microsoft.Storage/storageAccounts/cs110032001b429e302"}},{"id":"/subscriptions/00000000-0000-0000-0000-000000000000/resourceGroups/clitest.rg000001/providers/Microsoft.RecoveryServices/vaults/clitest-vault000002/backupFabrics/Azure/protectableContainers/StorageContainer;Storage;cloud-shell-storage-southeastasia;cs110032001b42c9a19","name":"StorageContainer;Storage;cloud-shell-storage-southeastasia;cs110032001b42c9a19","type":"Microsoft.RecoveryServices/vaults/backupFabrics/protectableContainers","properties":{"friendlyName":"cs110032001b42c9a19","backupManagementType":"AzureStorage","protectableContainerType":"StorageContainer","healthStatus":"Healthy","containerId":"/subscriptions/00000000-0000-0000-0000-000000000000/resourceGroups/cloud-shell-storage-southeastasia/providers/Microsoft.Storage/storageAccounts/cs110032001b42c9a19"}},{"id":"/subscriptions/00000000-0000-0000-0000-000000000000/resourceGroups/clitest.rg000001/providers/Microsoft.RecoveryServices/vaults/clitest-vault000002/backupFabrics/Azure/protectableContainers/StorageContainer;Storage;cloud-shell-storage-southeastasia;cs110032001c7af275f","name":"StorageContainer;Storage;cloud-shell-storage-southeastasia;cs110032001c7af275f","type":"Microsoft.RecoveryServices/vaults/backupFabrics/protectableContainers","properties":{"friendlyName":"cs110032001c7af275f","backupManagementType":"AzureStorage","protectableContainerType":"StorageContainer","healthStatus":"Healthy","containerId":"/subscriptions/00000000-0000-0000-0000-000000000000/resourceGroups/cloud-shell-storage-southeastasia/providers/Microsoft.Storage/storageAccounts/cs110032001c7af275f"}},{"id":"/subscriptions/00000000-0000-0000-0000-000000000000/resourceGroups/clitest.rg000001/providers/Microsoft.RecoveryServices/vaults/clitest-vault000002/backupFabrics/Azure/protectableContainers/StorageContainer;Storage;cloud-shell-storage-southeastasia;cs110032001d33a7d6b","name":"StorageContainer;Storage;cloud-shell-storage-southeastasia;cs110032001d33a7d6b","type":"Microsoft.RecoveryServices/vaults/backupFabrics/protectableContainers","properties":{"friendlyName":"cs110032001d33a7d6b","backupManagementType":"AzureStorage","protectableContainerType":"StorageContainer","healthStatus":"Healthy","containerId":"/subscriptions/00000000-0000-0000-0000-000000000000/resourceGroups/cloud-shell-storage-southeastasia/providers/Microsoft.Storage/storageAccounts/cs110032001d33a7d6b"}}]}'
    headers:
      cache-control:
      - no-cache
      content-length:
      - '28887'
      content-type:
      - application/json
      date:
      - Fri, 06 May 2022 08:46:33 GMT
      expires:
      - '-1'
      pragma:
      - no-cache
      server:
      - Microsoft-IIS/10.0
      strict-transport-security:
      - max-age=31536000; includeSubDomains
      transfer-encoding:
      - chunked
      vary:
      - Accept-Encoding
      x-content-type-options:
      - nosniff
      x-ms-ratelimit-remaining-subscription-resource-requests:
      - '149'
      x-powered-by:
      - ASP.NET
    status:
      code: 200
      message: OK
- request:
    body: null
    headers:
      Accept:
      - application/json
      Accept-Encoding:
      - gzip, deflate
      CommandName:
      - backup protection enable-for-azurefileshare
      Connection:
      - keep-alive
      Content-Length:
      - '0'
      ParameterSetName:
      - -g -v --azure-file-share --storage-account -p
      User-Agent:
      - AZURECLI/2.36.0 azsdk-python-mgmt-recoveryservicesbackup/4.1.1 Python/3.8.10
        (Windows-10-10.0.22000-SP0)
    method: POST
    uri: https://management.azure.com/subscriptions/00000000-0000-0000-0000-000000000000/resourceGroups/clitest.rg000001/providers/Microsoft.RecoveryServices/vaults/clitest-vault000002/backupFabrics/Azure/refreshContainers?api-version=2021-12-01&%24filter=backupManagementType+eq+%27AzureStorage%27
  response:
    body:
      string: ''
    headers:
      azure-asyncoperation:
      - https://management.azure.com/subscriptions/00000000-0000-0000-0000-000000000000/resourceGroups/clitest.rg000001/providers/Microsoft.RecoveryServices/vaults/clitest-vault000002/backupFabrics/Azure/operationsStatus/dc4aa106-135d-4488-820f-d10bcf864c23?api-version=2019-05-13-preview
      cache-control:
      - no-cache
      content-length:
      - '0'
      date:
      - Fri, 06 May 2022 08:46:34 GMT
      expires:
      - '-1'
      location:
      - https://management.azure.com/subscriptions/00000000-0000-0000-0000-000000000000/resourceGroups/clitest.rg000001/providers/Microsoft.RecoveryServices/vaults/clitest-vault000002/backupFabrics/Azure/operationResults/dc4aa106-135d-4488-820f-d10bcf864c23?api-version=2021-12-01
      pragma:
      - no-cache
      strict-transport-security:
      - max-age=31536000; includeSubDomains
      x-content-type-options:
      - nosniff
      x-ms-ratelimit-remaining-subscription-writes:
      - '1199'
      x-powered-by:
      - ASP.NET
    status:
      code: 202
      message: Accepted
- request:
    body: null
    headers:
      Accept:
      - application/json
      Accept-Encoding:
      - gzip, deflate
      CommandName:
      - backup protection enable-for-azurefileshare
      Connection:
      - keep-alive
      ParameterSetName:
      - -g -v --azure-file-share --storage-account -p
      User-Agent:
      - AZURECLI/2.36.0 azsdk-python-mgmt-recoveryservicesbackup/4.1.1 Python/3.8.10
        (Windows-10-10.0.22000-SP0)
    method: GET
    uri: https://management.azure.com/subscriptions/00000000-0000-0000-0000-000000000000/resourceGroups/clitest.rg000001/providers/Microsoft.RecoveryServices/vaults/clitest-vault000002/backupFabrics/Azure/operationResults/dc4aa106-135d-4488-820f-d10bcf864c23?api-version=2021-12-01
  response:
    body:
      string: ''
    headers:
      cache-control:
      - no-cache
      content-length:
      - '0'
      date:
      - Fri, 06 May 2022 08:46:35 GMT
      expires:
      - '-1'
      location:
      - https://management.azure.com/subscriptions/00000000-0000-0000-0000-000000000000/resourceGroups/clitest.rg000001/providers/Microsoft.RecoveryServices/vaults/clitest-vault000002/backupFabrics/Azure/operationResults/dc4aa106-135d-4488-820f-d10bcf864c23?api-version=2021-12-01
      pragma:
      - no-cache
      strict-transport-security:
      - max-age=31536000; includeSubDomains
      x-content-type-options:
      - nosniff
      x-ms-ratelimit-remaining-subscription-resource-requests:
      - '149'
      x-powered-by:
      - ASP.NET
    status:
      code: 202
      message: Accepted
- request:
    body: null
    headers:
      Accept:
      - application/json
      Accept-Encoding:
      - gzip, deflate
      CommandName:
      - backup protection enable-for-azurefileshare
      Connection:
      - keep-alive
      ParameterSetName:
      - -g -v --azure-file-share --storage-account -p
      User-Agent:
      - AZURECLI/2.36.0 azsdk-python-mgmt-recoveryservicesbackup/4.1.1 Python/3.8.10
        (Windows-10-10.0.22000-SP0)
    method: GET
    uri: https://management.azure.com/subscriptions/00000000-0000-0000-0000-000000000000/resourceGroups/clitest.rg000001/providers/Microsoft.RecoveryServices/vaults/clitest-vault000002/backupFabrics/Azure/operationResults/dc4aa106-135d-4488-820f-d10bcf864c23?api-version=2021-12-01
  response:
    body:
      string: ''
    headers:
      cache-control:
      - no-cache
      content-length:
      - '0'
      date:
      - Fri, 06 May 2022 08:46:41 GMT
      expires:
      - '-1'
      location:
      - https://management.azure.com/subscriptions/00000000-0000-0000-0000-000000000000/resourceGroups/clitest.rg000001/providers/Microsoft.RecoveryServices/vaults/clitest-vault000002/backupFabrics/Azure/operationResults/dc4aa106-135d-4488-820f-d10bcf864c23?api-version=2021-12-01
      pragma:
      - no-cache
      strict-transport-security:
      - max-age=31536000; includeSubDomains
      x-content-type-options:
      - nosniff
      x-ms-ratelimit-remaining-subscription-resource-requests:
      - '148'
      x-powered-by:
      - ASP.NET
    status:
      code: 202
      message: Accepted
- request:
    body: null
    headers:
      Accept:
      - application/json
      Accept-Encoding:
      - gzip, deflate
      CommandName:
      - backup protection enable-for-azurefileshare
      Connection:
      - keep-alive
      ParameterSetName:
      - -g -v --azure-file-share --storage-account -p
      User-Agent:
      - AZURECLI/2.36.0 azsdk-python-mgmt-recoveryservicesbackup/4.1.1 Python/3.8.10
        (Windows-10-10.0.22000-SP0)
    method: GET
    uri: https://management.azure.com/subscriptions/00000000-0000-0000-0000-000000000000/resourceGroups/clitest.rg000001/providers/Microsoft.RecoveryServices/vaults/clitest-vault000002/backupFabrics/Azure/operationResults/dc4aa106-135d-4488-820f-d10bcf864c23?api-version=2021-12-01
  response:
    body:
      string: ''
    headers:
      cache-control:
      - no-cache
      date:
      - Fri, 06 May 2022 08:46:46 GMT
      pragma:
      - no-cache
      strict-transport-security:
      - max-age=31536000; includeSubDomains
      x-content-type-options:
      - nosniff
      x-ms-ratelimit-remaining-subscription-resource-requests:
      - '147'
      x-powered-by:
      - ASP.NET
    status:
      code: 204
      message: No Content
- request:
    body: null
    headers:
      Accept:
      - application/json
      Accept-Encoding:
      - gzip, deflate
      CommandName:
      - backup protection enable-for-azurefileshare
      Connection:
      - keep-alive
      ParameterSetName:
      - -g -v --azure-file-share --storage-account -p
      User-Agent:
      - AZURECLI/2.36.0 azsdk-python-mgmt-recoveryservicesbackup/4.1.1 Python/3.8.10
        (Windows-10-10.0.22000-SP0)
    method: GET
    uri: https://management.azure.com/subscriptions/00000000-0000-0000-0000-000000000000/resourceGroups/clitest.rg000001/providers/Microsoft.RecoveryServices/vaults/clitest-vault000002/backupFabrics/Azure/protectableContainers?api-version=2021-12-01&%24filter=backupManagementType+eq+%27AzureStorage%27
  response:
    body:
      string: '{"value":[{"id":"/subscriptions/00000000-0000-0000-0000-000000000000/resourceGroups/clitest.rg000001/providers/Microsoft.RecoveryServices/vaults/clitest-vault000002/backupFabrics/Azure/protectableContainers/StorageContainer;Storage;AzureSDKTest_reserved;cs1100320007de01867","name":"StorageContainer;Storage;AzureSDKTest_reserved;cs1100320007de01867","type":"Microsoft.RecoveryServices/vaults/backupFabrics/protectableContainers","properties":{"friendlyName":"cs1100320007de01867","backupManagementType":"AzureStorage","protectableContainerType":"StorageContainer","healthStatus":"Healthy","containerId":"/subscriptions/00000000-0000-0000-0000-000000000000/resourceGroups/AzureSDKTest_reserved/providers/Microsoft.Storage/storageAccounts/cs1100320007de01867"}},{"id":"/subscriptions/00000000-0000-0000-0000-000000000000/resourceGroups/clitest.rg000001/providers/Microsoft.RecoveryServices/vaults/clitest-vault000002/backupFabrics/Azure/protectableContainers/StorageContainer;Storage;AzureSDKTest_reserved;cs110032000ca62af00","name":"StorageContainer;Storage;AzureSDKTest_reserved;cs110032000ca62af00","type":"Microsoft.RecoveryServices/vaults/backupFabrics/protectableContainers","properties":{"friendlyName":"cs110032000ca62af00","backupManagementType":"AzureStorage","protectableContainerType":"StorageContainer","healthStatus":"Healthy","containerId":"/subscriptions/00000000-0000-0000-0000-000000000000/resourceGroups/AzureSDKTest_reserved/providers/Microsoft.Storage/storageAccounts/cs110032000ca62af00"}},{"id":"/subscriptions/00000000-0000-0000-0000-000000000000/resourceGroups/clitest.rg000001/providers/Microsoft.RecoveryServices/vaults/clitest-vault000002/backupFabrics/Azure/protectableContainers/StorageContainer;Storage;clitest.rg000001;clitest000003","name":"StorageContainer;Storage;clitest.rg000001;clitest000003","type":"Microsoft.RecoveryServices/vaults/backupFabrics/protectableContainers","properties":{"friendlyName":"clitest000003","backupManagementType":"AzureStorage","protectableContainerType":"StorageContainer","healthStatus":"Healthy","containerId":"/subscriptions/00000000-0000-0000-0000-000000000000/resourceGroups/clitest.rg000001/providers/Microsoft.Storage/storageAccounts/clitest000003"}},{"id":"/subscriptions/00000000-0000-0000-0000-000000000000/resourceGroups/clitest.rg000001/providers/Microsoft.RecoveryServices/vaults/clitest-vault000002/backupFabrics/Azure/protectableContainers/StorageContainer;Storage;cloud-shell-storage-southeastasia;cs1100320004dd89524","name":"StorageContainer;Storage;cloud-shell-storage-southeastasia;cs1100320004dd89524","type":"Microsoft.RecoveryServices/vaults/backupFabrics/protectableContainers","properties":{"friendlyName":"cs1100320004dd89524","backupManagementType":"AzureStorage","protectableContainerType":"StorageContainer","healthStatus":"Healthy","containerId":"/subscriptions/00000000-0000-0000-0000-000000000000/resourceGroups/cloud-shell-storage-southeastasia/providers/Microsoft.Storage/storageAccounts/cs1100320004dd89524"}},{"id":"/subscriptions/00000000-0000-0000-0000-000000000000/resourceGroups/clitest.rg000001/providers/Microsoft.RecoveryServices/vaults/clitest-vault000002/backupFabrics/Azure/protectableContainers/StorageContainer;Storage;cloud-shell-storage-southeastasia;cs1100320005416c8c9","name":"StorageContainer;Storage;cloud-shell-storage-southeastasia;cs1100320005416c8c9","type":"Microsoft.RecoveryServices/vaults/backupFabrics/protectableContainers","properties":{"friendlyName":"cs1100320005416c8c9","backupManagementType":"AzureStorage","protectableContainerType":"StorageContainer","healthStatus":"Healthy","containerId":"/subscriptions/00000000-0000-0000-0000-000000000000/resourceGroups/cloud-shell-storage-southeastasia/providers/Microsoft.Storage/storageAccounts/cs1100320005416c8c9"}},{"id":"/subscriptions/00000000-0000-0000-0000-000000000000/resourceGroups/clitest.rg000001/providers/Microsoft.RecoveryServices/vaults/clitest-vault000002/backupFabrics/Azure/protectableContainers/StorageContainer;Storage;cloud-shell-storage-southeastasia;cs1100320007b1ce356","name":"StorageContainer;Storage;cloud-shell-storage-southeastasia;cs1100320007b1ce356","type":"Microsoft.RecoveryServices/vaults/backupFabrics/protectableContainers","properties":{"friendlyName":"cs1100320007b1ce356","backupManagementType":"AzureStorage","protectableContainerType":"StorageContainer","healthStatus":"Healthy","containerId":"/subscriptions/00000000-0000-0000-0000-000000000000/resourceGroups/cloud-shell-storage-southeastasia/providers/Microsoft.Storage/storageAccounts/cs1100320007b1ce356"}},{"id":"/subscriptions/00000000-0000-0000-0000-000000000000/resourceGroups/clitest.rg000001/providers/Microsoft.RecoveryServices/vaults/clitest-vault000002/backupFabrics/Azure/protectableContainers/StorageContainer;Storage;cloud-shell-storage-southeastasia;cs1100320007f91393f","name":"StorageContainer;Storage;cloud-shell-storage-southeastasia;cs1100320007f91393f","type":"Microsoft.RecoveryServices/vaults/backupFabrics/protectableContainers","properties":{"friendlyName":"cs1100320007f91393f","backupManagementType":"AzureStorage","protectableContainerType":"StorageContainer","healthStatus":"Healthy","containerId":"/subscriptions/00000000-0000-0000-0000-000000000000/resourceGroups/cloud-shell-storage-southeastasia/providers/Microsoft.Storage/storageAccounts/cs1100320007f91393f"}},{"id":"/subscriptions/00000000-0000-0000-0000-000000000000/resourceGroups/clitest.rg000001/providers/Microsoft.RecoveryServices/vaults/clitest-vault000002/backupFabrics/Azure/protectableContainers/StorageContainer;Storage;cloud-shell-storage-southeastasia;cs11003200087c55daf","name":"StorageContainer;Storage;cloud-shell-storage-southeastasia;cs11003200087c55daf","type":"Microsoft.RecoveryServices/vaults/backupFabrics/protectableContainers","properties":{"friendlyName":"cs11003200087c55daf","backupManagementType":"AzureStorage","protectableContainerType":"StorageContainer","healthStatus":"Healthy","containerId":"/subscriptions/00000000-0000-0000-0000-000000000000/resourceGroups/cloud-shell-storage-southeastasia/providers/Microsoft.Storage/storageAccounts/cs11003200087c55daf"}},{"id":"/subscriptions/00000000-0000-0000-0000-000000000000/resourceGroups/clitest.rg000001/providers/Microsoft.RecoveryServices/vaults/clitest-vault000002/backupFabrics/Azure/protectableContainers/StorageContainer;Storage;cloud-shell-storage-southeastasia;cs1100320008debd5bc","name":"StorageContainer;Storage;cloud-shell-storage-southeastasia;cs1100320008debd5bc","type":"Microsoft.RecoveryServices/vaults/backupFabrics/protectableContainers","properties":{"friendlyName":"cs1100320008debd5bc","backupManagementType":"AzureStorage","protectableContainerType":"StorageContainer","healthStatus":"Healthy","containerId":"/subscriptions/00000000-0000-0000-0000-000000000000/resourceGroups/cloud-shell-storage-southeastasia/providers/Microsoft.Storage/storageAccounts/cs1100320008debd5bc"}},{"id":"/subscriptions/00000000-0000-0000-0000-000000000000/resourceGroups/clitest.rg000001/providers/Microsoft.RecoveryServices/vaults/clitest-vault000002/backupFabrics/Azure/protectableContainers/StorageContainer;Storage;cloud-shell-storage-southeastasia;cs110032000919ef7c5","name":"StorageContainer;Storage;cloud-shell-storage-southeastasia;cs110032000919ef7c5","type":"Microsoft.RecoveryServices/vaults/backupFabrics/protectableContainers","properties":{"friendlyName":"cs110032000919ef7c5","backupManagementType":"AzureStorage","protectableContainerType":"StorageContainer","healthStatus":"Healthy","containerId":"/subscriptions/00000000-0000-0000-0000-000000000000/resourceGroups/cloud-shell-storage-southeastasia/providers/Microsoft.Storage/storageAccounts/cs110032000919ef7c5"}},{"id":"/subscriptions/00000000-0000-0000-0000-000000000000/resourceGroups/clitest.rg000001/providers/Microsoft.RecoveryServices/vaults/clitest-vault000002/backupFabrics/Azure/protectableContainers/StorageContainer;Storage;cloud-shell-storage-southeastasia;cs11003200092fe0771","name":"StorageContainer;Storage;cloud-shell-storage-southeastasia;cs11003200092fe0771","type":"Microsoft.RecoveryServices/vaults/backupFabrics/protectableContainers","properties":{"friendlyName":"cs11003200092fe0771","backupManagementType":"AzureStorage","protectableContainerType":"StorageContainer","healthStatus":"Healthy","containerId":"/subscriptions/00000000-0000-0000-0000-000000000000/resourceGroups/cloud-shell-storage-southeastasia/providers/Microsoft.Storage/storageAccounts/cs11003200092fe0771"}},{"id":"/subscriptions/00000000-0000-0000-0000-000000000000/resourceGroups/clitest.rg000001/providers/Microsoft.RecoveryServices/vaults/clitest-vault000002/backupFabrics/Azure/protectableContainers/StorageContainer;Storage;cloud-shell-storage-southeastasia;cs110032000b6f3c90c","name":"StorageContainer;Storage;cloud-shell-storage-southeastasia;cs110032000b6f3c90c","type":"Microsoft.RecoveryServices/vaults/backupFabrics/protectableContainers","properties":{"friendlyName":"cs110032000b6f3c90c","backupManagementType":"AzureStorage","protectableContainerType":"StorageContainer","healthStatus":"Healthy","containerId":"/subscriptions/00000000-0000-0000-0000-000000000000/resourceGroups/cloud-shell-storage-southeastasia/providers/Microsoft.Storage/storageAccounts/cs110032000b6f3c90c"}},{"id":"/subscriptions/00000000-0000-0000-0000-000000000000/resourceGroups/clitest.rg000001/providers/Microsoft.RecoveryServices/vaults/clitest-vault000002/backupFabrics/Azure/protectableContainers/StorageContainer;Storage;cloud-shell-storage-southeastasia;cs110032000c31bae71","name":"StorageContainer;Storage;cloud-shell-storage-southeastasia;cs110032000c31bae71","type":"Microsoft.RecoveryServices/vaults/backupFabrics/protectableContainers","properties":{"friendlyName":"cs110032000c31bae71","backupManagementType":"AzureStorage","protectableContainerType":"StorageContainer","healthStatus":"Healthy","containerId":"/subscriptions/00000000-0000-0000-0000-000000000000/resourceGroups/cloud-shell-storage-southeastasia/providers/Microsoft.Storage/storageAccounts/cs110032000c31bae71"}},{"id":"/subscriptions/00000000-0000-0000-0000-000000000000/resourceGroups/clitest.rg000001/providers/Microsoft.RecoveryServices/vaults/clitest-vault000002/backupFabrics/Azure/protectableContainers/StorageContainer;Storage;cloud-shell-storage-southeastasia;cs110032000e1cb9f41","name":"StorageContainer;Storage;cloud-shell-storage-southeastasia;cs110032000e1cb9f41","type":"Microsoft.RecoveryServices/vaults/backupFabrics/protectableContainers","properties":{"friendlyName":"cs110032000e1cb9f41","backupManagementType":"AzureStorage","protectableContainerType":"StorageContainer","healthStatus":"Healthy","containerId":"/subscriptions/00000000-0000-0000-0000-000000000000/resourceGroups/cloud-shell-storage-southeastasia/providers/Microsoft.Storage/storageAccounts/cs110032000e1cb9f41"}},{"id":"/subscriptions/00000000-0000-0000-0000-000000000000/resourceGroups/clitest.rg000001/providers/Microsoft.RecoveryServices/vaults/clitest-vault000002/backupFabrics/Azure/protectableContainers/StorageContainer;Storage;cloud-shell-storage-southeastasia;cs110032000e3121978","name":"StorageContainer;Storage;cloud-shell-storage-southeastasia;cs110032000e3121978","type":"Microsoft.RecoveryServices/vaults/backupFabrics/protectableContainers","properties":{"friendlyName":"cs110032000e3121978","backupManagementType":"AzureStorage","protectableContainerType":"StorageContainer","healthStatus":"Healthy","containerId":"/subscriptions/00000000-0000-0000-0000-000000000000/resourceGroups/cloud-shell-storage-southeastasia/providers/Microsoft.Storage/storageAccounts/cs110032000e3121978"}},{"id":"/subscriptions/00000000-0000-0000-0000-000000000000/resourceGroups/clitest.rg000001/providers/Microsoft.RecoveryServices/vaults/clitest-vault000002/backupFabrics/Azure/protectableContainers/StorageContainer;Storage;cloud-shell-storage-southeastasia;cs110032000f3aac891","name":"StorageContainer;Storage;cloud-shell-storage-southeastasia;cs110032000f3aac891","type":"Microsoft.RecoveryServices/vaults/backupFabrics/protectableContainers","properties":{"friendlyName":"cs110032000f3aac891","backupManagementType":"AzureStorage","protectableContainerType":"StorageContainer","healthStatus":"Healthy","containerId":"/subscriptions/00000000-0000-0000-0000-000000000000/resourceGroups/cloud-shell-storage-southeastasia/providers/Microsoft.Storage/storageAccounts/cs110032000f3aac891"}},{"id":"/subscriptions/00000000-0000-0000-0000-000000000000/resourceGroups/clitest.rg000001/providers/Microsoft.RecoveryServices/vaults/clitest-vault000002/backupFabrics/Azure/protectableContainers/StorageContainer;Storage;cloud-shell-storage-southeastasia;cs1100320010339dce7","name":"StorageContainer;Storage;cloud-shell-storage-southeastasia;cs1100320010339dce7","type":"Microsoft.RecoveryServices/vaults/backupFabrics/protectableContainers","properties":{"friendlyName":"cs1100320010339dce7","backupManagementType":"AzureStorage","protectableContainerType":"StorageContainer","healthStatus":"Healthy","containerId":"/subscriptions/00000000-0000-0000-0000-000000000000/resourceGroups/cloud-shell-storage-southeastasia/providers/Microsoft.Storage/storageAccounts/cs1100320010339dce7"}},{"id":"/subscriptions/00000000-0000-0000-0000-000000000000/resourceGroups/clitest.rg000001/providers/Microsoft.RecoveryServices/vaults/clitest-vault000002/backupFabrics/Azure/protectableContainers/StorageContainer;Storage;cloud-shell-storage-southeastasia;cs11003200127365c47","name":"StorageContainer;Storage;cloud-shell-storage-southeastasia;cs11003200127365c47","type":"Microsoft.RecoveryServices/vaults/backupFabrics/protectableContainers","properties":{"friendlyName":"cs11003200127365c47","backupManagementType":"AzureStorage","protectableContainerType":"StorageContainer","healthStatus":"Healthy","containerId":"/subscriptions/00000000-0000-0000-0000-000000000000/resourceGroups/cloud-shell-storage-southeastasia/providers/Microsoft.Storage/storageAccounts/cs11003200127365c47"}},{"id":"/subscriptions/00000000-0000-0000-0000-000000000000/resourceGroups/clitest.rg000001/providers/Microsoft.RecoveryServices/vaults/clitest-vault000002/backupFabrics/Azure/protectableContainers/StorageContainer;Storage;cloud-shell-storage-southeastasia;cs11003200129e38348","name":"StorageContainer;Storage;cloud-shell-storage-southeastasia;cs11003200129e38348","type":"Microsoft.RecoveryServices/vaults/backupFabrics/protectableContainers","properties":{"friendlyName":"cs11003200129e38348","backupManagementType":"AzureStorage","protectableContainerType":"StorageContainer","healthStatus":"Healthy","containerId":"/subscriptions/00000000-0000-0000-0000-000000000000/resourceGroups/cloud-shell-storage-southeastasia/providers/Microsoft.Storage/storageAccounts/cs11003200129e38348"}},{"id":"/subscriptions/00000000-0000-0000-0000-000000000000/resourceGroups/clitest.rg000001/providers/Microsoft.RecoveryServices/vaults/clitest-vault000002/backupFabrics/Azure/protectableContainers/StorageContainer;Storage;cloud-shell-storage-southeastasia;cs1100320012c36c452","name":"StorageContainer;Storage;cloud-shell-storage-southeastasia;cs1100320012c36c452","type":"Microsoft.RecoveryServices/vaults/backupFabrics/protectableContainers","properties":{"friendlyName":"cs1100320012c36c452","backupManagementType":"AzureStorage","protectableContainerType":"StorageContainer","healthStatus":"Healthy","containerId":"/subscriptions/00000000-0000-0000-0000-000000000000/resourceGroups/cloud-shell-storage-southeastasia/providers/Microsoft.Storage/storageAccounts/cs1100320012c36c452"}},{"id":"/subscriptions/00000000-0000-0000-0000-000000000000/resourceGroups/clitest.rg000001/providers/Microsoft.RecoveryServices/vaults/clitest-vault000002/backupFabrics/Azure/protectableContainers/StorageContainer;Storage;cloud-shell-storage-southeastasia;cs110032001520b2764","name":"StorageContainer;Storage;cloud-shell-storage-southeastasia;cs110032001520b2764","type":"Microsoft.RecoveryServices/vaults/backupFabrics/protectableContainers","properties":{"friendlyName":"cs110032001520b2764","backupManagementType":"AzureStorage","protectableContainerType":"StorageContainer","healthStatus":"Healthy","containerId":"/subscriptions/00000000-0000-0000-0000-000000000000/resourceGroups/cloud-shell-storage-southeastasia/providers/Microsoft.Storage/storageAccounts/cs110032001520b2764"}},{"id":"/subscriptions/00000000-0000-0000-0000-000000000000/resourceGroups/clitest.rg000001/providers/Microsoft.RecoveryServices/vaults/clitest-vault000002/backupFabrics/Azure/protectableContainers/StorageContainer;Storage;cloud-shell-storage-southeastasia;cs1100320016ac59291","name":"StorageContainer;Storage;cloud-shell-storage-southeastasia;cs1100320016ac59291","type":"Microsoft.RecoveryServices/vaults/backupFabrics/protectableContainers","properties":{"friendlyName":"cs1100320016ac59291","backupManagementType":"AzureStorage","protectableContainerType":"StorageContainer","healthStatus":"Healthy","containerId":"/subscriptions/00000000-0000-0000-0000-000000000000/resourceGroups/cloud-shell-storage-southeastasia/providers/Microsoft.Storage/storageAccounts/cs1100320016ac59291"}},{"id":"/subscriptions/00000000-0000-0000-0000-000000000000/resourceGroups/clitest.rg000001/providers/Microsoft.RecoveryServices/vaults/clitest-vault000002/backupFabrics/Azure/protectableContainers/StorageContainer;Storage;cloud-shell-storage-southeastasia;cs1100320018cedbbd6","name":"StorageContainer;Storage;cloud-shell-storage-southeastasia;cs1100320018cedbbd6","type":"Microsoft.RecoveryServices/vaults/backupFabrics/protectableContainers","properties":{"friendlyName":"cs1100320018cedbbd6","backupManagementType":"AzureStorage","protectableContainerType":"StorageContainer","healthStatus":"Healthy","containerId":"/subscriptions/00000000-0000-0000-0000-000000000000/resourceGroups/cloud-shell-storage-southeastasia/providers/Microsoft.Storage/storageAccounts/cs1100320018cedbbd6"}},{"id":"/subscriptions/00000000-0000-0000-0000-000000000000/resourceGroups/clitest.rg000001/providers/Microsoft.RecoveryServices/vaults/clitest-vault000002/backupFabrics/Azure/protectableContainers/StorageContainer;Storage;cloud-shell-storage-southeastasia;cs1100320018db36b92","name":"StorageContainer;Storage;cloud-shell-storage-southeastasia;cs1100320018db36b92","type":"Microsoft.RecoveryServices/vaults/backupFabrics/protectableContainers","properties":{"friendlyName":"cs1100320018db36b92","backupManagementType":"AzureStorage","protectableContainerType":"StorageContainer","healthStatus":"Healthy","containerId":"/subscriptions/00000000-0000-0000-0000-000000000000/resourceGroups/cloud-shell-storage-southeastasia/providers/Microsoft.Storage/storageAccounts/cs1100320018db36b92"}},{"id":"/subscriptions/00000000-0000-0000-0000-000000000000/resourceGroups/clitest.rg000001/providers/Microsoft.RecoveryServices/vaults/clitest-vault000002/backupFabrics/Azure/protectableContainers/StorageContainer;Storage;cloud-shell-storage-southeastasia;cs110032001b3f915f1","name":"StorageContainer;Storage;cloud-shell-storage-southeastasia;cs110032001b3f915f1","type":"Microsoft.RecoveryServices/vaults/backupFabrics/protectableContainers","properties":{"friendlyName":"cs110032001b3f915f1","backupManagementType":"AzureStorage","protectableContainerType":"StorageContainer","healthStatus":"Healthy","containerId":"/subscriptions/00000000-0000-0000-0000-000000000000/resourceGroups/cloud-shell-storage-southeastasia/providers/Microsoft.Storage/storageAccounts/cs110032001b3f915f1"}},{"id":"/subscriptions/00000000-0000-0000-0000-000000000000/resourceGroups/clitest.rg000001/providers/Microsoft.RecoveryServices/vaults/clitest-vault000002/backupFabrics/Azure/protectableContainers/StorageContainer;Storage;cloud-shell-storage-southeastasia;cs110032001b429e302","name":"StorageContainer;Storage;cloud-shell-storage-southeastasia;cs110032001b429e302","type":"Microsoft.RecoveryServices/vaults/backupFabrics/protectableContainers","properties":{"friendlyName":"cs110032001b429e302","backupManagementType":"AzureStorage","protectableContainerType":"StorageContainer","healthStatus":"Healthy","containerId":"/subscriptions/00000000-0000-0000-0000-000000000000/resourceGroups/cloud-shell-storage-southeastasia/providers/Microsoft.Storage/storageAccounts/cs110032001b429e302"}},{"id":"/subscriptions/00000000-0000-0000-0000-000000000000/resourceGroups/clitest.rg000001/providers/Microsoft.RecoveryServices/vaults/clitest-vault000002/backupFabrics/Azure/protectableContainers/StorageContainer;Storage;cloud-shell-storage-southeastasia;cs110032001b42c9a19","name":"StorageContainer;Storage;cloud-shell-storage-southeastasia;cs110032001b42c9a19","type":"Microsoft.RecoveryServices/vaults/backupFabrics/protectableContainers","properties":{"friendlyName":"cs110032001b42c9a19","backupManagementType":"AzureStorage","protectableContainerType":"StorageContainer","healthStatus":"Healthy","containerId":"/subscriptions/00000000-0000-0000-0000-000000000000/resourceGroups/cloud-shell-storage-southeastasia/providers/Microsoft.Storage/storageAccounts/cs110032001b42c9a19"}},{"id":"/subscriptions/00000000-0000-0000-0000-000000000000/resourceGroups/clitest.rg000001/providers/Microsoft.RecoveryServices/vaults/clitest-vault000002/backupFabrics/Azure/protectableContainers/StorageContainer;Storage;cloud-shell-storage-southeastasia;cs110032001c7af275f","name":"StorageContainer;Storage;cloud-shell-storage-southeastasia;cs110032001c7af275f","type":"Microsoft.RecoveryServices/vaults/backupFabrics/protectableContainers","properties":{"friendlyName":"cs110032001c7af275f","backupManagementType":"AzureStorage","protectableContainerType":"StorageContainer","healthStatus":"Healthy","containerId":"/subscriptions/00000000-0000-0000-0000-000000000000/resourceGroups/cloud-shell-storage-southeastasia/providers/Microsoft.Storage/storageAccounts/cs110032001c7af275f"}},{"id":"/subscriptions/00000000-0000-0000-0000-000000000000/resourceGroups/clitest.rg000001/providers/Microsoft.RecoveryServices/vaults/clitest-vault000002/backupFabrics/Azure/protectableContainers/StorageContainer;Storage;cloud-shell-storage-southeastasia;cs110032001d33a7d6b","name":"StorageContainer;Storage;cloud-shell-storage-southeastasia;cs110032001d33a7d6b","type":"Microsoft.RecoveryServices/vaults/backupFabrics/protectableContainers","properties":{"friendlyName":"cs110032001d33a7d6b","backupManagementType":"AzureStorage","protectableContainerType":"StorageContainer","healthStatus":"Healthy","containerId":"/subscriptions/00000000-0000-0000-0000-000000000000/resourceGroups/cloud-shell-storage-southeastasia/providers/Microsoft.Storage/storageAccounts/cs110032001d33a7d6b"}}]}'
    headers:
      cache-control:
      - no-cache
      content-length:
      - '22687'
      content-type:
      - application/json
      date:
      - Fri, 06 May 2022 08:46:46 GMT
      expires:
      - '-1'
      pragma:
      - no-cache
      server:
      - Microsoft-IIS/10.0
      strict-transport-security:
      - max-age=31536000; includeSubDomains
      transfer-encoding:
      - chunked
      vary:
      - Accept-Encoding
      x-content-type-options:
      - nosniff
      x-ms-ratelimit-remaining-subscription-resource-requests:
      - '149'
      x-powered-by:
      - ASP.NET
    status:
      code: 200
      message: OK
- request:
    body: '{"properties": {"backupManagementType": "AzureStorage", "containerType":
      "StorageContainer", "sourceResourceId": "/subscriptions/00000000-0000-0000-0000-000000000000/resourceGroups/clitest.rg000001/providers/Microsoft.Storage/storageAccounts/clitest000003"}}'
    headers:
      Accept:
      - application/json
      Accept-Encoding:
      - gzip, deflate
      CommandName:
      - backup protection enable-for-azurefileshare
      Connection:
      - keep-alive
      Content-Length:
      - '258'
      Content-Type:
      - application/json
      ParameterSetName:
      - -g -v --azure-file-share --storage-account -p
      User-Agent:
      - AZURECLI/2.36.0 azsdk-python-mgmt-recoveryservicesbackup/4.1.1 Python/3.8.10
        (Windows-10-10.0.22000-SP0)
    method: PUT
    uri: https://management.azure.com/subscriptions/00000000-0000-0000-0000-000000000000/resourceGroups/clitest.rg000001/providers/Microsoft.RecoveryServices/vaults/clitest-vault000002/backupFabrics/Azure/protectionContainers/StorageContainer%3BStorage%3Bclitest.rg000001%3Bclitest000003?api-version=2021-12-01
  response:
    body:
      string: '{}'
    headers:
      azure-asyncoperation:
      - https://management.azure.com/subscriptions/00000000-0000-0000-0000-000000000000/resourceGroups/clitest.rg000001/providers/Microsoft.RecoveryServices/vaults/clitest-vault000002/backupFabrics/Azure/protectionContainers/StorageContainer;Storage;clitest.rg000001;clitest000003/operationsStatus/ddcb5684-2441-4e46-acb0-cd66e3e27f8a?api-version=2019-05-13-preview
      cache-control:
      - no-cache
      content-length:
      - '2'
      content-type:
      - application/json
      date:
      - Fri, 06 May 2022 08:46:47 GMT
      expires:
      - '-1'
      location:
      - https://management.azure.com/subscriptions/00000000-0000-0000-0000-000000000000/resourceGroups/clitest.rg000001/providers/Microsoft.RecoveryServices/vaults/clitest-vault000002/backupFabrics/Azure/protectionContainers/StorageContainer;Storage;clitest.rg000001;clitest000003/operationResults/ddcb5684-2441-4e46-acb0-cd66e3e27f8a?api-version=2021-12-01
      pragma:
      - no-cache
      server:
      - Microsoft-IIS/10.0
      strict-transport-security:
      - max-age=31536000; includeSubDomains
      x-content-type-options:
      - nosniff
      x-ms-ratelimit-remaining-subscription-writes:
      - '1199'
      x-powered-by:
      - ASP.NET
    status:
      code: 202
      message: Accepted
- request:
    body: null
    headers:
      Accept:
      - application/json
      Accept-Encoding:
      - gzip, deflate
      CommandName:
      - backup protection enable-for-azurefileshare
      Connection:
      - keep-alive
      ParameterSetName:
      - -g -v --azure-file-share --storage-account -p
      User-Agent:
      - AZURECLI/2.36.0 azsdk-python-mgmt-recoveryservicesbackup/4.1.1 Python/3.8.10
        (Windows-10-10.0.22000-SP0)
    method: GET
    uri: https://management.azure.com/subscriptions/00000000-0000-0000-0000-000000000000/resourceGroups/clitest.rg000001/providers/Microsoft.RecoveryServices/vaults/clitest-vault000002/backupFabrics/Azure/protectionContainers/StorageContainer%3BStorage%3Bclitest.rg000001%3Bclitest000003/operationResults/ddcb5684-2441-4e46-acb0-cd66e3e27f8a?api-version=2021-12-01
  response:
    body:
      string: '{}'
    headers:
      azure-asyncoperation:
      - https://management.azure.com/subscriptions/00000000-0000-0000-0000-000000000000/resourceGroups/clitest.rg000001/providers/Microsoft.RecoveryServices/vaults/clitest-vault000002/backupFabrics/Azure/protectionContainers/StorageContainer;Storage;clitest.rg000001;clitest000003/operationsStatus/ddcb5684-2441-4e46-acb0-cd66e3e27f8a?api-version=2019-05-13-preview
      cache-control:
      - no-cache
      content-length:
      - '2'
      content-type:
      - application/json
      date:
      - Fri, 06 May 2022 08:46:48 GMT
      expires:
      - '-1'
      location:
      - https://management.azure.com/subscriptions/00000000-0000-0000-0000-000000000000/resourceGroups/clitest.rg000001/providers/Microsoft.RecoveryServices/vaults/clitest-vault000002/backupFabrics/Azure/protectionContainers/StorageContainer;Storage;clitest.rg000001;clitest000003/operationResults/ddcb5684-2441-4e46-acb0-cd66e3e27f8a?api-version=2021-12-01
      pragma:
      - no-cache
      server:
      - Microsoft-IIS/10.0
      strict-transport-security:
      - max-age=31536000; includeSubDomains
      x-content-type-options:
      - nosniff
      x-ms-ratelimit-remaining-subscription-resource-requests:
      - '149'
      x-powered-by:
      - ASP.NET
    status:
      code: 202
      message: Accepted
- request:
    body: null
    headers:
      Accept:
      - application/json
      Accept-Encoding:
      - gzip, deflate
      CommandName:
      - backup protection enable-for-azurefileshare
      Connection:
      - keep-alive
      ParameterSetName:
      - -g -v --azure-file-share --storage-account -p
      User-Agent:
      - AZURECLI/2.36.0 azsdk-python-mgmt-recoveryservicesbackup/4.1.1 Python/3.8.10
        (Windows-10-10.0.22000-SP0)
    method: GET
    uri: https://management.azure.com/subscriptions/00000000-0000-0000-0000-000000000000/resourceGroups/clitest.rg000001/providers/Microsoft.RecoveryServices/vaults/clitest-vault000002/backupFabrics/Azure/protectionContainers/StorageContainer%3BStorage%3Bclitest.rg000001%3Bclitest000003/operationResults/ddcb5684-2441-4e46-acb0-cd66e3e27f8a?api-version=2021-12-01
  response:
    body:
      string: '{}'
    headers:
      azure-asyncoperation:
      - https://management.azure.com/subscriptions/00000000-0000-0000-0000-000000000000/resourceGroups/clitest.rg000001/providers/Microsoft.RecoveryServices/vaults/clitest-vault000002/backupFabrics/Azure/protectionContainers/StorageContainer;Storage;clitest.rg000001;clitest000003/operationsStatus/ddcb5684-2441-4e46-acb0-cd66e3e27f8a?api-version=2019-05-13-preview
      cache-control:
      - no-cache
      content-length:
      - '2'
      content-type:
      - application/json
      date:
      - Fri, 06 May 2022 08:46:53 GMT
      expires:
      - '-1'
      location:
      - https://management.azure.com/subscriptions/00000000-0000-0000-0000-000000000000/resourceGroups/clitest.rg000001/providers/Microsoft.RecoveryServices/vaults/clitest-vault000002/backupFabrics/Azure/protectionContainers/StorageContainer;Storage;clitest.rg000001;clitest000003/operationResults/ddcb5684-2441-4e46-acb0-cd66e3e27f8a?api-version=2021-12-01
      pragma:
      - no-cache
      server:
      - Microsoft-IIS/10.0
      strict-transport-security:
      - max-age=31536000; includeSubDomains
      x-content-type-options:
      - nosniff
      x-ms-ratelimit-remaining-subscription-resource-requests:
      - '148'
      x-powered-by:
      - ASP.NET
    status:
      code: 202
      message: Accepted
- request:
    body: null
    headers:
      Accept:
      - application/json
      Accept-Encoding:
      - gzip, deflate
      CommandName:
      - backup protection enable-for-azurefileshare
      Connection:
      - keep-alive
      ParameterSetName:
      - -g -v --azure-file-share --storage-account -p
      User-Agent:
      - AZURECLI/2.36.0 azsdk-python-mgmt-recoveryservicesbackup/4.1.1 Python/3.8.10
        (Windows-10-10.0.22000-SP0)
    method: GET
    uri: https://management.azure.com/subscriptions/00000000-0000-0000-0000-000000000000/resourceGroups/clitest.rg000001/providers/Microsoft.RecoveryServices/vaults/clitest-vault000002/backupFabrics/Azure/protectionContainers/StorageContainer%3BStorage%3Bclitest.rg000001%3Bclitest000003/operationResults/ddcb5684-2441-4e46-acb0-cd66e3e27f8a?api-version=2021-12-01
  response:
    body:
      string: '{"id":"/subscriptions/00000000-0000-0000-0000-000000000000/resourceGroups/clitest.rg000001/providers/Microsoft.RecoveryServices/vaults/clitest-vault000002/backupFabrics/Azure/protectionContainers/StorageContainer;Storage;clitest.rg000001;clitest000003","name":"StorageContainer;Storage;clitest.rg000001;clitest000003","properties":{"sourceResourceId":"/subscriptions/00000000-0000-0000-0000-000000000000/resourceGroups/clitest.rg000001/providers/Microsoft.Storage/storageAccounts/clitest000003","protectedItemCount":0,"acquireStorageAccountLock":"Acquire","friendlyName":"clitest000003","backupManagementType":"AzureStorage","registrationStatus":"Registered","healthStatus":"Healthy","containerType":"StorageContainer","protectableObjectType":"StorageContainer"}}'
    headers:
      cache-control:
      - no-cache
      content-length:
      - '763'
      content-type:
      - application/json
      date:
      - Fri, 06 May 2022 08:46:59 GMT
      expires:
      - '-1'
      pragma:
      - no-cache
      server:
      - Microsoft-IIS/10.0
      strict-transport-security:
      - max-age=31536000; includeSubDomains
      transfer-encoding:
      - chunked
      vary:
      - Accept-Encoding
      x-content-type-options:
      - nosniff
      x-ms-ratelimit-remaining-subscription-resource-requests:
      - '147'
      x-powered-by:
      - ASP.NET
    status:
      code: 200
      message: OK
- request:
    body: null
    headers:
      Accept:
      - application/json
      Accept-Encoding:
      - gzip, deflate
      CommandName:
      - backup protection enable-for-azurefileshare
      Connection:
      - keep-alive
      ParameterSetName:
      - -g -v --azure-file-share --storage-account -p
      User-Agent:
      - AZURECLI/2.36.0 azsdk-python-mgmt-recoveryservicesbackup/4.1.1 Python/3.8.10
        (Windows-10-10.0.22000-SP0)
    method: GET
    uri: https://management.azure.com/subscriptions/00000000-0000-0000-0000-000000000000/resourceGroups/clitest.rg000001/providers/Microsoft.RecoveryServices/vaults/clitest-vault000002/backupProtectableItems?api-version=2021-12-01&%24filter=backupManagementType+eq+%27AzureStorage%27+and+workloadType+eq+%27AzureFileShare%27
  response:
    body:
      string: '{"value":[]}'
    headers:
      cache-control:
      - no-cache
      content-length:
      - '12'
      content-type:
      - application/json
      date:
      - Fri, 06 May 2022 08:47:00 GMT
      expires:
      - '-1'
      pragma:
      - no-cache
      server:
      - Microsoft-IIS/10.0
      strict-transport-security:
      - max-age=31536000; includeSubDomains
      transfer-encoding:
      - chunked
      vary:
      - Accept-Encoding
      x-content-type-options:
      - nosniff
      x-ms-ratelimit-remaining-subscription-resource-requests:
      - '149'
      x-powered-by:
      - ASP.NET
    status:
      code: 200
      message: OK
- request:
    body: null
    headers:
      Accept:
      - application/json
      Accept-Encoding:
      - gzip, deflate
      CommandName:
      - backup protection enable-for-azurefileshare
      Connection:
      - keep-alive
      Content-Length:
      - '0'
      ParameterSetName:
      - -g -v --azure-file-share --storage-account -p
      User-Agent:
      - AZURECLI/2.36.0 azsdk-python-mgmt-recoveryservicesbackup/4.1.1 Python/3.8.10
        (Windows-10-10.0.22000-SP0)
    method: POST
    uri: https://management.azure.com/subscriptions/00000000-0000-0000-0000-000000000000/resourceGroups/clitest.rg000001/providers/Microsoft.RecoveryServices/vaults/clitest-vault000002/backupFabrics/Azure/protectionContainers/StorageContainer%3BStorage%3Bclitest.rg000001%3Bclitest000003/inquire?api-version=2021-12-01&%24filter=workloadType+eq+%27AzureFileShare%27
  response:
    body:
      string: ''
    headers:
      azure-asyncoperation:
      - https://management.azure.com/subscriptions/00000000-0000-0000-0000-000000000000/resourceGroups/clitest.rg000001/providers/Microsoft.RecoveryServices/vaults/clitest-vault000002/backupFabrics/Azure/protectionContainers/StorageContainer;Storage;clitest.rg000001;clitest000003/operationsStatus/8b13e552-2012-4611-9c57-d14941121b36?api-version=2019-05-13-preview
      cache-control:
      - no-cache
      content-length:
      - '0'
      date:
      - Fri, 06 May 2022 08:47:00 GMT
      expires:
      - '-1'
      location:
      - https://management.azure.com/subscriptions/00000000-0000-0000-0000-000000000000/resourceGroups/clitest.rg000001/providers/Microsoft.RecoveryServices/vaults/clitest-vault000002/backupFabrics/Azure/protectionContainers/StorageContainer;Storage;clitest.rg000001;clitest000003/operationResults/8b13e552-2012-4611-9c57-d14941121b36?api-version=2021-12-01
      pragma:
      - no-cache
      strict-transport-security:
      - max-age=31536000; includeSubDomains
      x-content-type-options:
      - nosniff
      x-ms-ratelimit-remaining-subscription-writes:
      - '1199'
      x-powered-by:
      - ASP.NET
    status:
      code: 202
      message: Accepted
- request:
    body: null
    headers:
      Accept:
      - application/json
      Accept-Encoding:
      - gzip, deflate
      CommandName:
      - backup protection enable-for-azurefileshare
      Connection:
      - keep-alive
      ParameterSetName:
      - -g -v --azure-file-share --storage-account -p
      User-Agent:
      - AZURECLI/2.36.0 azsdk-python-mgmt-recoveryservicesbackup/4.1.1 Python/3.8.10
        (Windows-10-10.0.22000-SP0)
    method: GET
    uri: https://management.azure.com/subscriptions/00000000-0000-0000-0000-000000000000/resourceGroups/clitest.rg000001/providers/Microsoft.RecoveryServices/vaults/clitest-vault000002/backupFabrics/Azure/protectionContainers/StorageContainer%3BStorage%3Bclitest.rg000001%3Bclitest000003/operationResults/8b13e552-2012-4611-9c57-d14941121b36?api-version=2021-12-01
  response:
    body:
      string: '{}'
    headers:
      azure-asyncoperation:
      - https://management.azure.com/subscriptions/00000000-0000-0000-0000-000000000000/resourceGroups/clitest.rg000001/providers/Microsoft.RecoveryServices/vaults/clitest-vault000002/backupFabrics/Azure/protectionContainers/StorageContainer;Storage;clitest.rg000001;clitest000003/operationsStatus/8b13e552-2012-4611-9c57-d14941121b36?api-version=2019-05-13-preview
      cache-control:
      - no-cache
      content-length:
      - '2'
      content-type:
      - application/json
      date:
      - Fri, 06 May 2022 08:47:02 GMT
      expires:
      - '-1'
      location:
      - https://management.azure.com/subscriptions/00000000-0000-0000-0000-000000000000/resourceGroups/clitest.rg000001/providers/Microsoft.RecoveryServices/vaults/clitest-vault000002/backupFabrics/Azure/protectionContainers/StorageContainer;Storage;clitest.rg000001;clitest000003/operationResults/8b13e552-2012-4611-9c57-d14941121b36?api-version=2021-12-01
      pragma:
      - no-cache
      server:
      - Microsoft-IIS/10.0
      strict-transport-security:
      - max-age=31536000; includeSubDomains
      x-content-type-options:
      - nosniff
      x-ms-ratelimit-remaining-subscription-resource-requests:
      - '149'
      x-powered-by:
      - ASP.NET
    status:
      code: 202
      message: Accepted
- request:
    body: null
    headers:
      Accept:
      - application/json
      Accept-Encoding:
      - gzip, deflate
      CommandName:
      - backup protection enable-for-azurefileshare
      Connection:
      - keep-alive
      ParameterSetName:
      - -g -v --azure-file-share --storage-account -p
      User-Agent:
      - AZURECLI/2.36.0 azsdk-python-mgmt-recoveryservicesbackup/4.1.1 Python/3.8.10
        (Windows-10-10.0.22000-SP0)
    method: GET
    uri: https://management.azure.com/subscriptions/00000000-0000-0000-0000-000000000000/resourceGroups/clitest.rg000001/providers/Microsoft.RecoveryServices/vaults/clitest-vault000002/backupFabrics/Azure/protectionContainers/StorageContainer%3BStorage%3Bclitest.rg000001%3Bclitest000003/operationResults/8b13e552-2012-4611-9c57-d14941121b36?api-version=2021-12-01
  response:
    body:
      string: ''
    headers:
      cache-control:
      - no-cache
      date:
      - Fri, 06 May 2022 08:47:07 GMT
      pragma:
      - no-cache
      strict-transport-security:
      - max-age=31536000; includeSubDomains
      x-content-type-options:
      - nosniff
      x-ms-ratelimit-remaining-subscription-resource-requests:
      - '148'
      x-powered-by:
      - ASP.NET
    status:
      code: 204
      message: No Content
- request:
    body: null
    headers:
      Accept:
      - application/json
      Accept-Encoding:
      - gzip, deflate
      CommandName:
      - backup protection enable-for-azurefileshare
      Connection:
      - keep-alive
      ParameterSetName:
      - -g -v --azure-file-share --storage-account -p
      User-Agent:
      - AZURECLI/2.36.0 azsdk-python-mgmt-recoveryservicesbackup/4.1.1 Python/3.8.10
        (Windows-10-10.0.22000-SP0)
    method: GET
    uri: https://management.azure.com/subscriptions/00000000-0000-0000-0000-000000000000/resourceGroups/clitest.rg000001/providers/Microsoft.RecoveryServices/vaults/clitest-vault000002/backupProtectableItems?api-version=2021-12-01&%24filter=backupManagementType+eq+%27AzureStorage%27+and+workloadType+eq+%27AzureFileShare%27
  response:
    body:
      string: '{"value":[{"id":"/subscriptions/00000000-0000-0000-0000-000000000000/resourceGroups/clitest.rg000001/providers/Microsoft.RecoveryServices/vaults/clitest-vault000002/backupFabrics/Azure/protectionContainers/storagecontainer;storage;clitest.rg000001;clitest000003/protectableItems/azurefileshare;0eb9c53c3330f5c386f5a2bcc63930b1964efa903d6dff32225a5c03d8418bf2","name":"azurefileshare;0eb9c53c3330f5c386f5a2bcc63930b1964efa903d6dff32225a5c03d8418bf2","type":"Microsoft.RecoveryServices/vaults/backupFabrics/protectionContainers/protectableItems","properties":{"parentContainerFabricId":"/subscriptions/00000000-0000-0000-0000-000000000000/resourceGroups/clitest.rg000001/providers/Microsoft.Storage/storageAccounts/clitest000003","parentContainerFriendlyName":"clitest000003","azureFileShareType":"XSMB","backupManagementType":"AzureStorage","workloadType":"AzureFileShare","protectableItemType":"AzureFileShare","friendlyName":"clitest-item000004","protectionState":"NotProtected"}}]}'
    headers:
      cache-control:
      - no-cache
      content-length:
      - '983'
      content-type:
      - application/json
      date:
      - Fri, 06 May 2022 08:47:08 GMT
      expires:
      - '-1'
      pragma:
      - no-cache
      server:
      - Microsoft-IIS/10.0
      strict-transport-security:
      - max-age=31536000; includeSubDomains
      transfer-encoding:
      - chunked
      vary:
      - Accept-Encoding
      x-content-type-options:
      - nosniff
      x-ms-ratelimit-remaining-subscription-resource-requests:
      - '149'
      x-powered-by:
      - ASP.NET
    status:
      code: 200
      message: OK
- request:
    body: null
    headers:
      Accept:
      - application/json
      Accept-Encoding:
      - gzip, deflate
      CommandName:
      - backup protection enable-for-azurefileshare
      Connection:
      - keep-alive
      ParameterSetName:
      - -g -v --azure-file-share --storage-account -p
      User-Agent:
      - AZURECLI/2.36.0 azsdk-python-mgmt-recoveryservicesbackup/4.1.1 Python/3.8.10
        (Windows-10-10.0.22000-SP0)
    method: GET
    uri: https://management.azure.com/subscriptions/00000000-0000-0000-0000-000000000000/resourceGroups/clitest.rg000001/providers/Microsoft.RecoveryServices/vaults/clitest-vault000002/backupPolicies/clitest-item000005?api-version=2021-12-01
  response:
    body:
      string: '{"id":"/subscriptions/00000000-0000-0000-0000-000000000000/resourceGroups/clitest.rg000001/providers/Microsoft.RecoveryServices/vaults/clitest-vault000002/backupPolicies/clitest-item000005","name":"clitest-item000005","type":"Microsoft.RecoveryServices/vaults/backupPolicies","properties":{"backupManagementType":"AzureStorage","schedulePolicy":{"schedulePolicyType":"SimpleSchedulePolicy","scheduleRunFrequency":"Daily","scheduleRunTimes":["2022-05-06T18:30:00Z"],"scheduleWeeklyFrequency":0},"retentionPolicy":{"retentionPolicyType":"LongTermRetentionPolicy","dailySchedule":{"retentionTimes":["2022-05-06T18:30:00Z"],"retentionDuration":{"count":30,"durationType":"Days"}}},"timeZone":"UTC","protectedItemsCount":0}}'
    headers:
      cache-control:
      - no-cache
      content-length:
      - '719'
      content-type:
      - application/json
      date:
      - Fri, 06 May 2022 08:47:08 GMT
      expires:
      - '-1'
      pragma:
      - no-cache
      server:
      - Microsoft-IIS/10.0
      strict-transport-security:
      - max-age=31536000; includeSubDomains
      transfer-encoding:
      - chunked
      vary:
      - Accept-Encoding
      x-content-type-options:
      - nosniff
      x-ms-ratelimit-remaining-subscription-resource-requests:
      - '149'
      x-powered-by:
      - ASP.NET
    status:
      code: 200
      message: OK
- request:
    body: '{"properties": {"protectedItemType": "AzureFileShareProtectedItem", "sourceResourceId":
      "/subscriptions/00000000-0000-0000-0000-000000000000/resourceGroups/clitest.rg000001/providers/Microsoft.Storage/storageAccounts/clitest000003",
      "policyId": "/subscriptions/00000000-0000-0000-0000-000000000000/resourceGroups/clitest.rg000001/providers/Microsoft.RecoveryServices/vaults/clitest-vault000002/backupPolicies/clitest-item000005"}}'
    headers:
      Accept:
      - application/json
      Accept-Encoding:
      - gzip, deflate
      CommandName:
      - backup protection enable-for-azurefileshare
      Connection:
      - keep-alive
      Content-Length:
      - '430'
      Content-Type:
      - application/json
      ParameterSetName:
      - -g -v --azure-file-share --storage-account -p
      User-Agent:
      - AZURECLI/2.36.0 azsdk-python-mgmt-recoveryservicesbackup/4.1.1 Python/3.8.10
        (Windows-10-10.0.22000-SP0)
    method: PUT
    uri: https://management.azure.com/subscriptions/00000000-0000-0000-0000-000000000000/resourceGroups/clitest.rg000001/providers/Microsoft.RecoveryServices/vaults/clitest-vault000002/backupFabrics/Azure/protectionContainers/storagecontainer%3Bstorage%3Bclitest.rg000001%3Bclitest000003/protectedItems/azurefileshare%3B0eb9c53c3330f5c386f5a2bcc63930b1964efa903d6dff32225a5c03d8418bf2?api-version=2021-12-01
  response:
    body:
      string: ''
    headers:
      azure-asyncoperation:
      - https://management.azure.com/subscriptions/00000000-0000-0000-0000-000000000000/resourceGroups/clitest.rg000001/providers/Microsoft.RecoveryServices/vaults/clitest-vault000002/backupFabrics/Azure/protectionContainers/storagecontainer;storage;clitest.rg000001;clitest000003/protectedItems/azurefileshare;0eb9c53c3330f5c386f5a2bcc63930b1964efa903d6dff32225a5c03d8418bf2/operationsStatus/7d030b59-efee-408f-984f-4601d7844faa?api-version=2021-12-01
      cache-control:
      - no-cache
      content-length:
      - '0'
      date:
      - Fri, 06 May 2022 08:47:09 GMT
      expires:
      - '-1'
      location:
      - https://management.azure.com/subscriptions/00000000-0000-0000-0000-000000000000/resourceGroups/clitest.rg000001/providers/Microsoft.RecoveryServices/vaults/clitest-vault000002/backupFabrics/Azure/protectionContainers/storagecontainer;storage;clitest.rg000001;clitest000003/protectedItems/azurefileshare;0eb9c53c3330f5c386f5a2bcc63930b1964efa903d6dff32225a5c03d8418bf2/operationResults/7d030b59-efee-408f-984f-4601d7844faa?api-version=2021-12-01
      pragma:
      - no-cache
      strict-transport-security:
      - max-age=31536000; includeSubDomains
      x-content-type-options:
      - nosniff
      x-ms-ratelimit-remaining-subscription-writes:
      - '1199'
      x-powered-by:
      - ASP.NET
    status:
      code: 202
      message: Accepted
- request:
    body: null
    headers:
      Accept:
      - application/json
      Accept-Encoding:
      - gzip, deflate
      CommandName:
      - backup protection enable-for-azurefileshare
      Connection:
      - keep-alive
      ParameterSetName:
      - -g -v --azure-file-share --storage-account -p
      User-Agent:
      - AZURECLI/2.36.0 azsdk-python-mgmt-recoveryservicesbackup/4.1.1 Python/3.8.10
        (Windows-10-10.0.22000-SP0)
    method: GET
    uri: https://management.azure.com/subscriptions/00000000-0000-0000-0000-000000000000/resourceGroups/clitest.rg000001/providers/Microsoft.RecoveryServices/vaults/clitest-vault000002/backupOperations/7d030b59-efee-408f-984f-4601d7844faa?api-version=2021-12-01
  response:
    body:
      string: '{"id":"7d030b59-efee-408f-984f-4601d7844faa","name":"7d030b59-efee-408f-984f-4601d7844faa","status":"InProgress","startTime":"2022-05-06T08:47:09.9120563Z","endTime":"0001-01-01T00:00:00"}'
    headers:
      cache-control:
      - no-cache
      content-length:
      - '188'
      content-type:
      - application/json
      date:
      - Fri, 06 May 2022 08:47:10 GMT
      expires:
      - '-1'
      pragma:
      - no-cache
      server:
      - Microsoft-IIS/10.0
      strict-transport-security:
      - max-age=31536000; includeSubDomains
      transfer-encoding:
      - chunked
      vary:
      - Accept-Encoding
      x-content-type-options:
      - nosniff
      x-ms-ratelimit-remaining-subscription-resource-requests:
      - '149'
      x-powered-by:
      - ASP.NET
    status:
      code: 200
      message: OK
- request:
    body: null
    headers:
      Accept:
      - application/json
      Accept-Encoding:
      - gzip, deflate
      CommandName:
      - backup protection enable-for-azurefileshare
      Connection:
      - keep-alive
      ParameterSetName:
      - -g -v --azure-file-share --storage-account -p
      User-Agent:
      - AZURECLI/2.36.0 azsdk-python-mgmt-recoveryservicesbackup/4.1.1 Python/3.8.10
        (Windows-10-10.0.22000-SP0)
    method: GET
    uri: https://management.azure.com/subscriptions/00000000-0000-0000-0000-000000000000/resourceGroups/clitest.rg000001/providers/Microsoft.RecoveryServices/vaults/clitest-vault000002/backupOperations/7d030b59-efee-408f-984f-4601d7844faa?api-version=2021-12-01
  response:
    body:
      string: '{"id":"7d030b59-efee-408f-984f-4601d7844faa","name":"7d030b59-efee-408f-984f-4601d7844faa","status":"InProgress","startTime":"2022-05-06T08:47:09.9120563Z","endTime":"0001-01-01T00:00:00"}'
    headers:
      cache-control:
      - no-cache
      content-length:
      - '188'
      content-type:
      - application/json
      date:
      - Fri, 06 May 2022 08:47:15 GMT
      expires:
      - '-1'
      pragma:
      - no-cache
      server:
      - Microsoft-IIS/10.0
      strict-transport-security:
      - max-age=31536000; includeSubDomains
      transfer-encoding:
      - chunked
      vary:
      - Accept-Encoding
      x-content-type-options:
      - nosniff
      x-ms-ratelimit-remaining-subscription-resource-requests:
      - '148'
      x-powered-by:
      - ASP.NET
    status:
      code: 200
      message: OK
- request:
    body: null
    headers:
      Accept:
      - application/json
      Accept-Encoding:
      - gzip, deflate
      CommandName:
      - backup protection enable-for-azurefileshare
      Connection:
      - keep-alive
      ParameterSetName:
      - -g -v --azure-file-share --storage-account -p
      User-Agent:
      - AZURECLI/2.36.0 azsdk-python-mgmt-recoveryservicesbackup/4.1.1 Python/3.8.10
        (Windows-10-10.0.22000-SP0)
    method: GET
    uri: https://management.azure.com/subscriptions/00000000-0000-0000-0000-000000000000/resourceGroups/clitest.rg000001/providers/Microsoft.RecoveryServices/vaults/clitest-vault000002/backupOperations/7d030b59-efee-408f-984f-4601d7844faa?api-version=2021-12-01
  response:
    body:
      string: '{"id":"7d030b59-efee-408f-984f-4601d7844faa","name":"7d030b59-efee-408f-984f-4601d7844faa","status":"InProgress","startTime":"2022-05-06T08:47:09.9120563Z","endTime":"0001-01-01T00:00:00"}'
    headers:
      cache-control:
      - no-cache
      content-length:
      - '188'
      content-type:
      - application/json
      date:
      - Fri, 06 May 2022 08:47:20 GMT
      expires:
      - '-1'
      pragma:
      - no-cache
      server:
      - Microsoft-IIS/10.0
      strict-transport-security:
      - max-age=31536000; includeSubDomains
      transfer-encoding:
      - chunked
      vary:
      - Accept-Encoding
      x-content-type-options:
      - nosniff
      x-ms-ratelimit-remaining-subscription-resource-requests:
      - '147'
      x-powered-by:
      - ASP.NET
    status:
      code: 200
      message: OK
- request:
    body: null
    headers:
      Accept:
      - application/json
      Accept-Encoding:
      - gzip, deflate
      CommandName:
      - backup protection enable-for-azurefileshare
      Connection:
      - keep-alive
      ParameterSetName:
      - -g -v --azure-file-share --storage-account -p
      User-Agent:
      - AZURECLI/2.36.0 azsdk-python-mgmt-recoveryservicesbackup/4.1.1 Python/3.8.10
        (Windows-10-10.0.22000-SP0)
    method: GET
    uri: https://management.azure.com/subscriptions/00000000-0000-0000-0000-000000000000/resourceGroups/clitest.rg000001/providers/Microsoft.RecoveryServices/vaults/clitest-vault000002/backupOperations/7d030b59-efee-408f-984f-4601d7844faa?api-version=2021-12-01
  response:
    body:
      string: '{"id":"7d030b59-efee-408f-984f-4601d7844faa","name":"7d030b59-efee-408f-984f-4601d7844faa","status":"InProgress","startTime":"2022-05-06T08:47:09.9120563Z","endTime":"0001-01-01T00:00:00"}'
    headers:
      cache-control:
      - no-cache
      content-length:
      - '188'
      content-type:
      - application/json
      date:
      - Fri, 06 May 2022 08:47:26 GMT
      expires:
      - '-1'
      pragma:
      - no-cache
      server:
      - Microsoft-IIS/10.0
      strict-transport-security:
      - max-age=31536000; includeSubDomains
      transfer-encoding:
      - chunked
      vary:
      - Accept-Encoding
      x-content-type-options:
      - nosniff
      x-ms-ratelimit-remaining-subscription-resource-requests:
      - '146'
      x-powered-by:
      - ASP.NET
    status:
      code: 200
      message: OK
- request:
    body: null
    headers:
      Accept:
      - application/json
      Accept-Encoding:
      - gzip, deflate
      CommandName:
      - backup protection enable-for-azurefileshare
      Connection:
      - keep-alive
      ParameterSetName:
      - -g -v --azure-file-share --storage-account -p
      User-Agent:
      - AZURECLI/2.36.0 azsdk-python-mgmt-recoveryservicesbackup/4.1.1 Python/3.8.10
        (Windows-10-10.0.22000-SP0)
    method: GET
    uri: https://management.azure.com/subscriptions/00000000-0000-0000-0000-000000000000/resourceGroups/clitest.rg000001/providers/Microsoft.RecoveryServices/vaults/clitest-vault000002/backupOperations/7d030b59-efee-408f-984f-4601d7844faa?api-version=2021-12-01
  response:
    body:
      string: '{"id":"7d030b59-efee-408f-984f-4601d7844faa","name":"7d030b59-efee-408f-984f-4601d7844faa","status":"InProgress","startTime":"2022-05-06T08:47:09.9120563Z","endTime":"0001-01-01T00:00:00"}'
    headers:
      cache-control:
      - no-cache
      content-length:
      - '188'
      content-type:
      - application/json
      date:
      - Fri, 06 May 2022 08:47:31 GMT
      expires:
      - '-1'
      pragma:
      - no-cache
      server:
      - Microsoft-IIS/10.0
      strict-transport-security:
      - max-age=31536000; includeSubDomains
      transfer-encoding:
      - chunked
      vary:
      - Accept-Encoding
      x-content-type-options:
      - nosniff
      x-ms-ratelimit-remaining-subscription-resource-requests:
      - '145'
      x-powered-by:
      - ASP.NET
    status:
      code: 200
      message: OK
- request:
    body: null
    headers:
      Accept:
      - application/json
      Accept-Encoding:
      - gzip, deflate
      CommandName:
      - backup protection enable-for-azurefileshare
      Connection:
      - keep-alive
      ParameterSetName:
      - -g -v --azure-file-share --storage-account -p
      User-Agent:
      - AZURECLI/2.36.0 azsdk-python-mgmt-recoveryservicesbackup/4.1.1 Python/3.8.10
        (Windows-10-10.0.22000-SP0)
    method: GET
    uri: https://management.azure.com/subscriptions/00000000-0000-0000-0000-000000000000/resourceGroups/clitest.rg000001/providers/Microsoft.RecoveryServices/vaults/clitest-vault000002/backupOperations/7d030b59-efee-408f-984f-4601d7844faa?api-version=2021-12-01
  response:
    body:
      string: '{"id":"7d030b59-efee-408f-984f-4601d7844faa","name":"7d030b59-efee-408f-984f-4601d7844faa","status":"InProgress","startTime":"2022-05-06T08:47:09.9120563Z","endTime":"0001-01-01T00:00:00"}'
    headers:
      cache-control:
      - no-cache
      content-length:
      - '188'
      content-type:
      - application/json
      date:
      - Fri, 06 May 2022 08:47:36 GMT
      expires:
      - '-1'
      pragma:
      - no-cache
      server:
      - Microsoft-IIS/10.0
      strict-transport-security:
      - max-age=31536000; includeSubDomains
      transfer-encoding:
      - chunked
      vary:
      - Accept-Encoding
      x-content-type-options:
      - nosniff
      x-ms-ratelimit-remaining-subscription-resource-requests:
      - '144'
      x-powered-by:
      - ASP.NET
    status:
      code: 200
      message: OK
- request:
    body: null
    headers:
      Accept:
      - application/json
      Accept-Encoding:
      - gzip, deflate
      CommandName:
      - backup protection enable-for-azurefileshare
      Connection:
      - keep-alive
      ParameterSetName:
      - -g -v --azure-file-share --storage-account -p
      User-Agent:
      - AZURECLI/2.36.0 azsdk-python-mgmt-recoveryservicesbackup/4.1.1 Python/3.8.10
        (Windows-10-10.0.22000-SP0)
    method: GET
    uri: https://management.azure.com/subscriptions/00000000-0000-0000-0000-000000000000/resourceGroups/clitest.rg000001/providers/Microsoft.RecoveryServices/vaults/clitest-vault000002/backupOperations/7d030b59-efee-408f-984f-4601d7844faa?api-version=2021-12-01
  response:
    body:
      string: '{"id":"7d030b59-efee-408f-984f-4601d7844faa","name":"7d030b59-efee-408f-984f-4601d7844faa","status":"InProgress","startTime":"2022-05-06T08:47:09.9120563Z","endTime":"0001-01-01T00:00:00"}'
    headers:
      cache-control:
      - no-cache
      content-length:
      - '188'
      content-type:
      - application/json
      date:
      - Fri, 06 May 2022 08:47:42 GMT
      expires:
      - '-1'
      pragma:
      - no-cache
      server:
      - Microsoft-IIS/10.0
      strict-transport-security:
      - max-age=31536000; includeSubDomains
      transfer-encoding:
      - chunked
      vary:
      - Accept-Encoding
      x-content-type-options:
      - nosniff
      x-ms-ratelimit-remaining-subscription-resource-requests:
      - '143'
      x-powered-by:
      - ASP.NET
    status:
      code: 200
      message: OK
- request:
    body: null
    headers:
      Accept:
      - application/json
      Accept-Encoding:
      - gzip, deflate
      CommandName:
      - backup protection enable-for-azurefileshare
      Connection:
      - keep-alive
      ParameterSetName:
      - -g -v --azure-file-share --storage-account -p
      User-Agent:
      - AZURECLI/2.36.0 azsdk-python-mgmt-recoveryservicesbackup/4.1.1 Python/3.8.10
        (Windows-10-10.0.22000-SP0)
    method: GET
    uri: https://management.azure.com/subscriptions/00000000-0000-0000-0000-000000000000/resourceGroups/clitest.rg000001/providers/Microsoft.RecoveryServices/vaults/clitest-vault000002/backupOperations/7d030b59-efee-408f-984f-4601d7844faa?api-version=2021-12-01
  response:
    body:
      string: '{"id":"7d030b59-efee-408f-984f-4601d7844faa","name":"7d030b59-efee-408f-984f-4601d7844faa","status":"InProgress","startTime":"2022-05-06T08:47:09.9120563Z","endTime":"0001-01-01T00:00:00"}'
    headers:
      cache-control:
      - no-cache
      content-length:
      - '188'
      content-type:
      - application/json
      date:
      - Fri, 06 May 2022 08:47:47 GMT
      expires:
      - '-1'
      pragma:
      - no-cache
      server:
      - Microsoft-IIS/10.0
      strict-transport-security:
      - max-age=31536000; includeSubDomains
      transfer-encoding:
      - chunked
      vary:
      - Accept-Encoding
      x-content-type-options:
      - nosniff
      x-ms-ratelimit-remaining-subscription-resource-requests:
      - '142'
      x-powered-by:
      - ASP.NET
    status:
      code: 200
      message: OK
- request:
    body: null
    headers:
      Accept:
      - application/json
      Accept-Encoding:
      - gzip, deflate
      CommandName:
      - backup protection enable-for-azurefileshare
      Connection:
      - keep-alive
      ParameterSetName:
      - -g -v --azure-file-share --storage-account -p
      User-Agent:
      - AZURECLI/2.36.0 azsdk-python-mgmt-recoveryservicesbackup/4.1.1 Python/3.8.10
        (Windows-10-10.0.22000-SP0)
    method: GET
    uri: https://management.azure.com/subscriptions/00000000-0000-0000-0000-000000000000/resourceGroups/clitest.rg000001/providers/Microsoft.RecoveryServices/vaults/clitest-vault000002/backupOperations/7d030b59-efee-408f-984f-4601d7844faa?api-version=2021-12-01
  response:
    body:
      string: '{"id":"7d030b59-efee-408f-984f-4601d7844faa","name":"7d030b59-efee-408f-984f-4601d7844faa","status":"Succeeded","startTime":"2022-05-06T08:47:09.9120563Z","endTime":"2022-05-06T08:47:09.9120563Z","properties":{"objectType":"OperationStatusJobExtendedInfo","jobId":"c51f071b-b6b4-4d0d-99f6-3009b1e8ff63"}}'
    headers:
      cache-control:
      - no-cache
      content-length:
      - '304'
      content-type:
      - application/json
      date:
      - Fri, 06 May 2022 08:47:52 GMT
      expires:
      - '-1'
      pragma:
      - no-cache
      server:
      - Microsoft-IIS/10.0
      strict-transport-security:
      - max-age=31536000; includeSubDomains
      transfer-encoding:
      - chunked
      vary:
      - Accept-Encoding
      x-content-type-options:
      - nosniff
      x-ms-ratelimit-remaining-subscription-resource-requests:
      - '141'
      x-powered-by:
      - ASP.NET
    status:
      code: 200
      message: OK
- request:
    body: null
    headers:
      Accept:
      - application/json
      Accept-Encoding:
      - gzip, deflate
      CommandName:
      - backup protection enable-for-azurefileshare
      Connection:
      - keep-alive
      ParameterSetName:
      - -g -v --azure-file-share --storage-account -p
      User-Agent:
      - AZURECLI/2.36.0 azsdk-python-mgmt-recoveryservicesbackup/4.1.1 Python/3.8.10
        (Windows-10-10.0.22000-SP0)
    method: GET
    uri: https://management.azure.com/subscriptions/00000000-0000-0000-0000-000000000000/resourceGroups/clitest.rg000001/providers/Microsoft.RecoveryServices/vaults/clitest-vault000002/backupJobs/c51f071b-b6b4-4d0d-99f6-3009b1e8ff63?api-version=2021-12-01
  response:
    body:
      string: '{"id":"/subscriptions/00000000-0000-0000-0000-000000000000/resourceGroups/clitest.rg000001/providers/Microsoft.RecoveryServices/vaults/clitest-vault000002/backupJobs/c51f071b-b6b4-4d0d-99f6-3009b1e8ff63","name":"c51f071b-b6b4-4d0d-99f6-3009b1e8ff63","type":"Microsoft.RecoveryServices/vaults/backupJobs","properties":{"jobType":"AzureStorageJob","duration":"PT42.3064819S","storageAccountName":"clitest000003","storageAccountVersion":"Storage","extendedInfo":{"tasksList":[],"propertyBag":{"File
        Share Name":"clitest-item000004","Storage Account Name":"clitest000003","Policy
        Name":"clitest-item000005"}},"isUserTriggered":false,"entityFriendlyName":"clitest-item000004","backupManagementType":"AzureStorage","operation":"ConfigureBackup","status":"Completed","startTime":"2022-05-06T08:47:09.9120563Z","endTime":"2022-05-06T08:47:52.2185382Z","activityId":"06ab37eb-cd19-11ec-aa25-c0fb5447e5b5"}}'
    headers:
      cache-control:
      - no-cache
      content-length:
      - '897'
      content-type:
      - application/json
      date:
      - Fri, 06 May 2022 08:47:53 GMT
      expires:
      - '-1'
      pragma:
      - no-cache
      server:
      - Microsoft-IIS/10.0
      - Microsoft-IIS/10.0
      strict-transport-security:
      - max-age=31536000; includeSubDomains
      transfer-encoding:
      - chunked
      vary:
      - Accept-Encoding
      x-content-type-options:
      - nosniff
      x-ms-ratelimit-remaining-subscription-resource-requests:
      - '149'
      x-powered-by:
      - ASP.NET
    status:
      code: 200
      message: OK
- request:
    body: null
    headers:
      Accept:
      - application/json
      Accept-Encoding:
      - gzip, deflate
      CommandName:
      - backup container show
      Connection:
      - keep-alive
      ParameterSetName:
      - -n -v -g --backup-management-type
      User-Agent:
      - AZURECLI/2.36.0 azsdk-python-mgmt-recoveryservicesbackup/4.1.1 Python/3.8.10
        (Windows-10-10.0.22000-SP0)
    method: GET
    uri: https://management.azure.com/subscriptions/00000000-0000-0000-0000-000000000000/resourceGroups/clitest.rg000001/providers/Microsoft.RecoveryServices/vaults/clitest-vault000002/backupProtectionContainers?api-version=2021-12-01&%24filter=backupManagementType+eq+%27AzureStorage%27+and+friendlyName+eq+%27clitest000003%27+and+status+eq+%27Registered%27
  response:
    body:
      string: '{"value":[{"id":"/subscriptions/00000000-0000-0000-0000-000000000000/resourceGroups/clitest.rg000001/providers/Microsoft.RecoveryServices/vaults/clitest-vault000002/backupFabrics/Azure/protectionContainers/StorageContainer;Storage;clitest.rg000001;clitest000003","name":"StorageContainer;Storage;clitest.rg000001;clitest000003","type":"Microsoft.RecoveryServices/vaults/backupFabrics/protectionContainers","properties":{"sourceResourceId":"/subscriptions/00000000-0000-0000-0000-000000000000/resourceGroups/clitest.rg000001/providers/Microsoft.Storage/storageAccounts/clitest000003","protectedItemCount":1,"acquireStorageAccountLock":"Acquire","friendlyName":"clitest000003","backupManagementType":"AzureStorage","registrationStatus":"Registered","healthStatus":"Healthy","containerType":"StorageContainer","protectableObjectType":"StorageContainer"}}]}'
    headers:
      cache-control:
      - no-cache
      content-length:
      - '853'
      content-type:
      - application/json
      date:
      - Fri, 06 May 2022 08:47:54 GMT
      expires:
      - '-1'
      pragma:
      - no-cache
      server:
      - Microsoft-IIS/10.0
      strict-transport-security:
      - max-age=31536000; includeSubDomains
      transfer-encoding:
      - chunked
      vary:
      - Accept-Encoding
      x-content-type-options:
      - nosniff
      x-ms-ratelimit-remaining-subscription-resource-requests:
      - '149'
      x-powered-by:
      - ASP.NET
    status:
      code: 200
      message: OK
- request:
    body: null
    headers:
      Accept:
      - application/json
      Accept-Encoding:
      - gzip, deflate
      CommandName:
      - backup item list
      Connection:
      - keep-alive
      ParameterSetName:
      - -g -v -c --query
      User-Agent:
      - AZURECLI/2.36.0 azsdk-python-mgmt-recoveryservicesbackup/4.1.1 Python/3.8.10
        (Windows-10-10.0.22000-SP0)
    method: GET
    uri: https://management.azure.com/subscriptions/00000000-0000-0000-0000-000000000000/resourceGroups/clitest.rg000001/providers/Microsoft.RecoveryServices/vaults/clitest-vault000002/backupProtectedItems?api-version=2021-12-01
  response:
    body:
      string: '{"value":[{"id":"/subscriptions/00000000-0000-0000-0000-000000000000/resourceGroups/clitest.rg000001/providers/Microsoft.RecoveryServices/vaults/clitest-vault000002/backupFabrics/Azure/protectionContainers/StorageContainer;storage;clitest.rg000001;clitest000003/protectedItems/AzureFileShare;0eb9c53c3330f5c386f5a2bcc63930b1964efa903d6dff32225a5c03d8418bf2","name":"AzureFileShare;0eb9c53c3330f5c386f5a2bcc63930b1964efa903d6dff32225a5c03d8418bf2","type":"Microsoft.RecoveryServices/vaults/backupFabrics/protectionContainers/protectedItems","properties":{"kpisHealths":{},"friendlyName":"clitest-item000004","protectionStatus":"Healthy","protectionState":"IRPending","lastBackupStatus":"IRPending","protectedItemType":"AzureFileShareProtectedItem","backupManagementType":"AzureStorage","workloadType":"AzureFileShare","containerName":"StorageContainer;storage;clitest.rg000001;clitest000003","sourceResourceId":"/subscriptions/00000000-0000-0000-0000-000000000000/resourceGroups/clitest.rg000001/providers/Microsoft.storage/storageAccounts/clitest000003","policyId":"/subscriptions/00000000-0000-0000-0000-000000000000/resourceGroups/clitest.rg000001/providers/Microsoft.RecoveryServices/vaults/clitest-vault000002/backupPolicies/clitest-item000005","isArchiveEnabled":false}}]}'
    headers:
      cache-control:
      - no-cache
      content-length:
      - '1277'
      content-type:
      - application/json
      date:
      - Fri, 06 May 2022 08:47:55 GMT
      expires:
      - '-1'
      pragma:
      - no-cache
      server:
      - Microsoft-IIS/10.0
      strict-transport-security:
      - max-age=31536000; includeSubDomains
      transfer-encoding:
      - chunked
      vary:
      - Accept-Encoding
      x-content-type-options:
      - nosniff
      x-ms-ratelimit-remaining-subscription-resource-requests:
      - '149'
      x-powered-by:
      - ASP.NET
    status:
      code: 200
      message: OK
- request:
    body: null
    headers:
      Accept:
      - application/json
      Accept-Encoding:
      - gzip, deflate
      CommandName:
      - backup protection disable
      Connection:
      - keep-alive
      ParameterSetName:
      - -g -v -c -i --backup-management-type --delete-backup-data --yes
      User-Agent:
      - AZURECLI/2.36.0 azsdk-python-mgmt-recoveryservicesbackup/4.1.1 Python/3.8.10
        (Windows-10-10.0.22000-SP0)
    method: GET
    uri: https://management.azure.com/subscriptions/00000000-0000-0000-0000-000000000000/resourceGroups/clitest.rg000001/providers/Microsoft.RecoveryServices/vaults/clitest-vault000002/backupFabrics/Azure/protectionContainers/StorageContainer%3BStorage%3Bclitest.rg000001%3Bclitest000003/protectedItems/AzureFileShare%3B0eb9c53c3330f5c386f5a2bcc63930b1964efa903d6dff32225a5c03d8418bf2?api-version=2021-12-01
  response:
    body:
      string: '{"id":"/subscriptions/00000000-0000-0000-0000-000000000000/resourceGroups/clitest.rg000001/providers/Microsoft.RecoveryServices/vaults/clitest-vault000002/backupFabrics/Azure/protectionContainers/StorageContainer;storage;clitest.rg000001;clitest000003/protectedItems/AzureFileShare;0eb9c53c3330f5c386f5a2bcc63930b1964efa903d6dff32225a5c03d8418bf2","name":"AzureFileShare;0eb9c53c3330f5c386f5a2bcc63930b1964efa903d6dff32225a5c03d8418bf2","type":"Microsoft.RecoveryServices/vaults/backupFabrics/protectionContainers/protectedItems","properties":{"kpisHealths":{},"friendlyName":"clitest-item000004","protectionStatus":"Healthy","protectionState":"IRPending","lastBackupStatus":"IRPending","extendedInfo":{"recoveryPointCount":0,"policyState":"Consistent","resourceState":"Active","resourceStateSyncTime":"2022-05-06T08:47:51.8903969Z"},"protectedItemType":"AzureFileShareProtectedItem","backupManagementType":"AzureStorage","workloadType":"AzureFileShare","containerName":"StorageContainer;storage;clitest.rg000001;clitest000003","sourceResourceId":"/subscriptions/00000000-0000-0000-0000-000000000000/resourceGroups/clitest.rg000001/providers/Microsoft.storage/storageAccounts/clitest000003","policyId":"/subscriptions/00000000-0000-0000-0000-000000000000/resourceGroups/clitest.rg000001/providers/Microsoft.RecoveryServices/vaults/clitest-vault000002/backupPolicies/clitest-item000005","isArchiveEnabled":false}}'
    headers:
      cache-control:
      - no-cache
      content-length:
      - '1412'
      content-type:
      - application/json
      date:
      - Fri, 06 May 2022 08:47:56 GMT
      expires:
      - '-1'
      pragma:
      - no-cache
      server:
      - Microsoft-IIS/10.0
      strict-transport-security:
      - max-age=31536000; includeSubDomains
      transfer-encoding:
      - chunked
      vary:
      - Accept-Encoding
      x-content-type-options:
      - nosniff
      x-ms-ratelimit-remaining-subscription-resource-requests:
      - '149'
      x-powered-by:
      - ASP.NET
    status:
      code: 200
      message: OK
- request:
    body: null
    headers:
      Accept:
      - application/json
      Accept-Encoding:
      - gzip, deflate
      CommandName:
      - backup protection disable
      Connection:
      - keep-alive
      Content-Length:
      - '0'
      ParameterSetName:
      - -g -v -c -i --backup-management-type --delete-backup-data --yes
      User-Agent:
      - AZURECLI/2.36.0 azsdk-python-mgmt-recoveryservicesbackup/4.1.1 Python/3.8.10
        (Windows-10-10.0.22000-SP0)
    method: DELETE
    uri: https://management.azure.com/subscriptions/00000000-0000-0000-0000-000000000000/resourceGroups/clitest.rg000001/providers/Microsoft.RecoveryServices/vaults/clitest-vault000002/backupFabrics/Azure/protectionContainers/StorageContainer%3Bstorage%3Bclitest.rg000001%3Bclitest000003/protectedItems/AzureFileShare%3B0eb9c53c3330f5c386f5a2bcc63930b1964efa903d6dff32225a5c03d8418bf2?api-version=2021-12-01
  response:
    body:
      string: ''
    headers:
      azure-asyncoperation:
      - https://management.azure.com/subscriptions/00000000-0000-0000-0000-000000000000/resourceGroups/clitest.rg000001/providers/Microsoft.RecoveryServices/vaults/clitest-vault000002/backupOperations/20fbdd74-c983-44dd-b7f6-43098b8531e5?api-version=2021-12-01
      cache-control:
      - no-cache
      content-length:
      - '0'
      date:
      - Fri, 06 May 2022 08:47:57 GMT
      expires:
      - '-1'
      location:
      - https://management.azure.com/subscriptions/00000000-0000-0000-0000-000000000000/resourceGroups/clitest.rg000001/providers/Microsoft.RecoveryServices/vaults/clitest-vault000002/backupOperationResults/20fbdd74-c983-44dd-b7f6-43098b8531e5?api-version=2021-12-01
      pragma:
      - no-cache
      strict-transport-security:
      - max-age=31536000; includeSubDomains
      x-content-type-options:
      - nosniff
      x-ms-ratelimit-remaining-subscription-deletes:
      - '14999'
      x-powered-by:
      - ASP.NET
    status:
      code: 202
      message: Accepted
- request:
    body: null
    headers:
      Accept:
      - application/json
      Accept-Encoding:
      - gzip, deflate
      CommandName:
      - backup protection disable
      Connection:
      - keep-alive
      ParameterSetName:
      - -g -v -c -i --backup-management-type --delete-backup-data --yes
      User-Agent:
      - AZURECLI/2.36.0 azsdk-python-mgmt-recoveryservicesbackup/4.1.1 Python/3.8.10
        (Windows-10-10.0.22000-SP0)
    method: GET
    uri: https://management.azure.com/subscriptions/00000000-0000-0000-0000-000000000000/resourceGroups/clitest.rg000001/providers/Microsoft.RecoveryServices/vaults/clitest-vault000002/backupOperations/20fbdd74-c983-44dd-b7f6-43098b8531e5?api-version=2021-12-01
  response:
    body:
      string: '{"id":"20fbdd74-c983-44dd-b7f6-43098b8531e5","name":"20fbdd74-c983-44dd-b7f6-43098b8531e5","status":"InProgress","startTime":"2022-05-06T08:47:57.825254Z","endTime":"0001-01-01T00:00:00"}'
    headers:
      cache-control:
      - no-cache
      content-length:
      - '187'
      content-type:
      - application/json
      date:
      - Fri, 06 May 2022 08:47:58 GMT
      expires:
      - '-1'
      pragma:
      - no-cache
      server:
      - Microsoft-IIS/10.0
      strict-transport-security:
      - max-age=31536000; includeSubDomains
      transfer-encoding:
      - chunked
      vary:
      - Accept-Encoding
      x-content-type-options:
      - nosniff
      x-ms-ratelimit-remaining-subscription-resource-requests:
      - '149'
      x-powered-by:
      - ASP.NET
    status:
      code: 200
      message: OK
- request:
    body: null
    headers:
      Accept:
      - application/json
      Accept-Encoding:
      - gzip, deflate
      CommandName:
      - backup protection disable
      Connection:
      - keep-alive
      ParameterSetName:
      - -g -v -c -i --backup-management-type --delete-backup-data --yes
      User-Agent:
      - AZURECLI/2.36.0 azsdk-python-mgmt-recoveryservicesbackup/4.1.1 Python/3.8.10
        (Windows-10-10.0.22000-SP0)
    method: GET
    uri: https://management.azure.com/subscriptions/00000000-0000-0000-0000-000000000000/resourceGroups/clitest.rg000001/providers/Microsoft.RecoveryServices/vaults/clitest-vault000002/backupOperations/20fbdd74-c983-44dd-b7f6-43098b8531e5?api-version=2021-12-01
  response:
    body:
      string: '{"id":"20fbdd74-c983-44dd-b7f6-43098b8531e5","name":"20fbdd74-c983-44dd-b7f6-43098b8531e5","status":"InProgress","startTime":"2022-05-06T08:47:57.825254Z","endTime":"0001-01-01T00:00:00"}'
    headers:
      cache-control:
      - no-cache
      content-length:
      - '187'
      content-type:
      - application/json
      date:
      - Fri, 06 May 2022 08:48:03 GMT
      expires:
      - '-1'
      pragma:
      - no-cache
      server:
      - Microsoft-IIS/10.0
      strict-transport-security:
      - max-age=31536000; includeSubDomains
      transfer-encoding:
      - chunked
      vary:
      - Accept-Encoding
      x-content-type-options:
      - nosniff
      x-ms-ratelimit-remaining-subscription-resource-requests:
      - '148'
      x-powered-by:
      - ASP.NET
    status:
      code: 200
      message: OK
- request:
    body: null
    headers:
      Accept:
      - application/json
      Accept-Encoding:
      - gzip, deflate
      CommandName:
      - backup protection disable
      Connection:
      - keep-alive
      ParameterSetName:
      - -g -v -c -i --backup-management-type --delete-backup-data --yes
      User-Agent:
      - AZURECLI/2.36.0 azsdk-python-mgmt-recoveryservicesbackup/4.1.1 Python/3.8.10
        (Windows-10-10.0.22000-SP0)
    method: GET
    uri: https://management.azure.com/subscriptions/00000000-0000-0000-0000-000000000000/resourceGroups/clitest.rg000001/providers/Microsoft.RecoveryServices/vaults/clitest-vault000002/backupOperations/20fbdd74-c983-44dd-b7f6-43098b8531e5?api-version=2021-12-01
  response:
    body:
      string: '{"id":"20fbdd74-c983-44dd-b7f6-43098b8531e5","name":"20fbdd74-c983-44dd-b7f6-43098b8531e5","status":"InProgress","startTime":"2022-05-06T08:47:57.825254Z","endTime":"0001-01-01T00:00:00"}'
    headers:
      cache-control:
      - no-cache
      content-length:
      - '187'
      content-type:
      - application/json
      date:
      - Fri, 06 May 2022 08:48:08 GMT
      expires:
      - '-1'
      pragma:
      - no-cache
      server:
      - Microsoft-IIS/10.0
      strict-transport-security:
      - max-age=31536000; includeSubDomains
      transfer-encoding:
      - chunked
      vary:
      - Accept-Encoding
      x-content-type-options:
      - nosniff
      x-ms-ratelimit-remaining-subscription-resource-requests:
      - '147'
      x-powered-by:
      - ASP.NET
    status:
      code: 200
      message: OK
- request:
    body: null
    headers:
      Accept:
      - application/json
      Accept-Encoding:
      - gzip, deflate
      CommandName:
      - backup protection disable
      Connection:
      - keep-alive
      ParameterSetName:
      - -g -v -c -i --backup-management-type --delete-backup-data --yes
      User-Agent:
      - AZURECLI/2.36.0 azsdk-python-mgmt-recoveryservicesbackup/4.1.1 Python/3.8.10
        (Windows-10-10.0.22000-SP0)
    method: GET
    uri: https://management.azure.com/subscriptions/00000000-0000-0000-0000-000000000000/resourceGroups/clitest.rg000001/providers/Microsoft.RecoveryServices/vaults/clitest-vault000002/backupOperations/20fbdd74-c983-44dd-b7f6-43098b8531e5?api-version=2021-12-01
  response:
    body:
      string: '{"id":"20fbdd74-c983-44dd-b7f6-43098b8531e5","name":"20fbdd74-c983-44dd-b7f6-43098b8531e5","status":"InProgress","startTime":"2022-05-06T08:47:57.825254Z","endTime":"0001-01-01T00:00:00"}'
    headers:
      cache-control:
      - no-cache
      content-length:
      - '187'
      content-type:
      - application/json
      date:
      - Fri, 06 May 2022 08:48:14 GMT
      expires:
      - '-1'
      pragma:
      - no-cache
      server:
      - Microsoft-IIS/10.0
      strict-transport-security:
      - max-age=31536000; includeSubDomains
      transfer-encoding:
      - chunked
      vary:
      - Accept-Encoding
      x-content-type-options:
      - nosniff
      x-ms-ratelimit-remaining-subscription-resource-requests:
      - '146'
      x-powered-by:
      - ASP.NET
    status:
      code: 200
      message: OK
- request:
    body: null
    headers:
      Accept:
      - application/json
      Accept-Encoding:
      - gzip, deflate
      CommandName:
      - backup protection disable
      Connection:
      - keep-alive
      ParameterSetName:
      - -g -v -c -i --backup-management-type --delete-backup-data --yes
      User-Agent:
      - AZURECLI/2.36.0 azsdk-python-mgmt-recoveryservicesbackup/4.1.1 Python/3.8.10
        (Windows-10-10.0.22000-SP0)
    method: GET
    uri: https://management.azure.com/subscriptions/00000000-0000-0000-0000-000000000000/resourceGroups/clitest.rg000001/providers/Microsoft.RecoveryServices/vaults/clitest-vault000002/backupOperations/20fbdd74-c983-44dd-b7f6-43098b8531e5?api-version=2021-12-01
  response:
    body:
      string: '{"id":"20fbdd74-c983-44dd-b7f6-43098b8531e5","name":"20fbdd74-c983-44dd-b7f6-43098b8531e5","status":"Succeeded","startTime":"2022-05-06T08:47:57.825254Z","endTime":"2022-05-06T08:47:57.825254Z","properties":{"objectType":"OperationStatusJobExtendedInfo","jobId":"a1fc870d-573d-46e5-9d8d-8003372358cf"}}'
    headers:
      cache-control:
      - no-cache
      content-length:
      - '302'
      content-type:
      - application/json
      date:
      - Fri, 06 May 2022 08:48:19 GMT
      expires:
      - '-1'
      pragma:
      - no-cache
      server:
      - Microsoft-IIS/10.0
      strict-transport-security:
      - max-age=31536000; includeSubDomains
      transfer-encoding:
      - chunked
      vary:
      - Accept-Encoding
      x-content-type-options:
      - nosniff
      x-ms-ratelimit-remaining-subscription-resource-requests:
      - '145'
      x-powered-by:
      - ASP.NET
    status:
      code: 200
      message: OK
- request:
    body: null
    headers:
      Accept:
      - application/json
      Accept-Encoding:
      - gzip, deflate
      CommandName:
      - backup protection disable
      Connection:
      - keep-alive
      ParameterSetName:
      - -g -v -c -i --backup-management-type --delete-backup-data --yes
      User-Agent:
      - AZURECLI/2.36.0 azsdk-python-mgmt-recoveryservicesbackup/4.1.1 Python/3.8.10
        (Windows-10-10.0.22000-SP0)
    method: GET
    uri: https://management.azure.com/subscriptions/00000000-0000-0000-0000-000000000000/resourceGroups/clitest.rg000001/providers/Microsoft.RecoveryServices/vaults/clitest-vault000002/backupJobs/a1fc870d-573d-46e5-9d8d-8003372358cf?api-version=2021-12-01
  response:
    body:
      string: '{"id":"/subscriptions/00000000-0000-0000-0000-000000000000/resourceGroups/clitest.rg000001/providers/Microsoft.RecoveryServices/vaults/clitest-vault000002/backupJobs/a1fc870d-573d-46e5-9d8d-8003372358cf","name":"a1fc870d-573d-46e5-9d8d-8003372358cf","type":"Microsoft.RecoveryServices/vaults/backupJobs","properties":{"jobType":"AzureStorageJob","duration":"PT21.3001084S","storageAccountName":"clitest000003","storageAccountVersion":"Storage","extendedInfo":{"tasksList":[],"propertyBag":{"File
        Share Name":"clitest-item000004","Storage Account Name":"clitest000003"}},"isUserTriggered":false,"entityFriendlyName":"clitest-item000004","backupManagementType":"AzureStorage","operation":"DeleteBackupData","status":"Completed","startTime":"2022-05-06T08:47:57.825254Z","endTime":"2022-05-06T08:48:19.1253624Z","activityId":"3824c055-cd19-11ec-ad2a-c0fb5447e5b5"}}'
    headers:
      cache-control:
      - no-cache
      content-length:
      - '862'
      content-type:
      - application/json
      date:
      - Fri, 06 May 2022 08:48:20 GMT
      expires:
      - '-1'
      pragma:
      - no-cache
      server:
      - Microsoft-IIS/10.0
      - Microsoft-IIS/10.0
      strict-transport-security:
      - max-age=31536000; includeSubDomains
      transfer-encoding:
      - chunked
      vary:
      - Accept-Encoding
      x-content-type-options:
      - nosniff
      x-ms-ratelimit-remaining-subscription-resource-requests:
      - '149'
      x-powered-by:
      - ASP.NET
    status:
      code: 200
      message: OK
- request:
    body: null
    headers:
      Accept:
      - application/json
      Accept-Encoding:
      - gzip, deflate
      CommandName:
      - backup container unregister
      Connection:
      - keep-alive
      ParameterSetName:
      - -g -v -c --yes
      User-Agent:
      - AZURECLI/2.36.0 azsdk-python-mgmt-recoveryservicesbackup/4.1.1 Python/3.8.10
        (Windows-10-10.0.22000-SP0)
    method: GET
    uri: https://management.azure.com/subscriptions/00000000-0000-0000-0000-000000000000/resourceGroups/clitest.rg000001/providers/Microsoft.RecoveryServices/vaults/clitest-vault000002/backupProtectionContainers?api-version=2021-12-01&%24filter=backupManagementType+eq+%27AzureStorage%27+and+status+eq+%27Registered%27
  response:
    body:
      string: '{"value":[{"id":"/subscriptions/00000000-0000-0000-0000-000000000000/resourceGroups/clitest.rg000001/providers/Microsoft.RecoveryServices/vaults/clitest-vault000002/backupFabrics/Azure/protectionContainers/StorageContainer;Storage;clitest.rg000001;clitest000003","name":"StorageContainer;Storage;clitest.rg000001;clitest000003","type":"Microsoft.RecoveryServices/vaults/backupFabrics/protectionContainers","properties":{"sourceResourceId":"/subscriptions/00000000-0000-0000-0000-000000000000/resourceGroups/clitest.rg000001/providers/Microsoft.Storage/storageAccounts/clitest000003","protectedItemCount":0,"acquireStorageAccountLock":"Acquire","friendlyName":"clitest000003","backupManagementType":"AzureStorage","registrationStatus":"Registered","healthStatus":"Healthy","containerType":"StorageContainer","protectableObjectType":"StorageContainer"}}]}'
    headers:
      cache-control:
      - no-cache
      content-length:
      - '853'
      content-type:
      - application/json
      date:
      - Fri, 06 May 2022 08:48:21 GMT
      expires:
      - '-1'
      pragma:
      - no-cache
      server:
      - Microsoft-IIS/10.0
      strict-transport-security:
      - max-age=31536000; includeSubDomains
      transfer-encoding:
      - chunked
      vary:
      - Accept-Encoding
      x-content-type-options:
      - nosniff
      x-ms-ratelimit-remaining-subscription-resource-requests:
      - '149'
      x-powered-by:
      - ASP.NET
    status:
      code: 200
      message: OK
- request:
    body: null
    headers:
      Accept:
      - application/json
      Accept-Encoding:
      - gzip, deflate
      CommandName:
      - backup container unregister
      Connection:
      - keep-alive
      Content-Length:
      - '0'
      ParameterSetName:
      - -g -v -c --yes
      User-Agent:
      - AZURECLI/2.36.0 azsdk-python-mgmt-recoveryservicesbackup/4.1.1 Python/3.8.10
        (Windows-10-10.0.22000-SP0)
    method: DELETE
    uri: https://management.azure.com/subscriptions/00000000-0000-0000-0000-000000000000/resourceGroups/clitest.rg000001/providers/Microsoft.RecoveryServices/vaults/clitest-vault000002/backupFabrics/Azure/protectionContainers/StorageContainer%3BStorage%3Bclitest.rg000001%3Bclitest000003?api-version=2021-12-01
  response:
    body:
      string: ''
    headers:
      azure-asyncoperation:
      - https://management.azure.com/subscriptions/00000000-0000-0000-0000-000000000000/resourceGroups/clitest.rg000001/providers/Microsoft.RecoveryServices/vaults/clitest-vault000002/backupFabrics/Azure/operationsStatus/182bb6b5-1040-43d1-a635-057ec42905e2?api-version=2019-05-13-preview
      cache-control:
      - no-cache
      content-length:
      - '0'
      date:
      - Fri, 06 May 2022 08:48:21 GMT
      expires:
      - '-1'
      location:
      - https://management.azure.com/subscriptions/00000000-0000-0000-0000-000000000000/resourceGroups/clitest.rg000001/providers/Microsoft.RecoveryServices/vaults/clitest-vault000002/backupOperationResults/182bb6b5-1040-43d1-a635-057ec42905e2?fabricName=Azure?api-version=2021-12-01
      pragma:
      - no-cache
      strict-transport-security:
      - max-age=31536000; includeSubDomains
      x-content-type-options:
      - nosniff
      x-ms-ratelimit-remaining-subscription-deletes:
      - '14998'
      x-powered-by:
      - ASP.NET
    status:
      code: 202
      message: Accepted
- request:
    body: null
    headers:
      Accept:
      - application/json
      Accept-Encoding:
      - gzip, deflate
      CommandName:
      - backup container unregister
      Connection:
      - keep-alive
      ParameterSetName:
      - -g -v -c --yes
      User-Agent:
      - AZURECLI/2.36.0 azsdk-python-mgmt-recoveryservicesbackup/4.1.1 Python/3.8.10
        (Windows-10-10.0.22000-SP0)
    method: GET
    uri: https://management.azure.com/subscriptions/00000000-0000-0000-0000-000000000000/resourceGroups/clitest.rg000001/providers/Microsoft.RecoveryServices/vaults/clitest-vault000002/backupFabrics/Azure/protectionContainers/StorageContainer%3BStorage%3Bclitest.rg000001%3Bclitest000003/operationResults/182bb6b5-1040-43d1-a635-057ec42905e2?api-version=2021-12-01
  response:
    body:
      string: '{}'
    headers:
      azure-asyncoperation:
      - https://management.azure.com/subscriptions/00000000-0000-0000-0000-000000000000/resourceGroups/clitest.rg000001/providers/Microsoft.RecoveryServices/vaults/clitest-vault000002/backupFabrics/Azure/protectionContainers/StorageContainer;Storage;clitest.rg000001;clitest000003/operationsStatus/182bb6b5-1040-43d1-a635-057ec42905e2?api-version=2019-05-13-preview
      cache-control:
      - no-cache
      content-length:
      - '2'
      content-type:
      - application/json
      date:
      - Fri, 06 May 2022 08:48:22 GMT
      expires:
      - '-1'
      location:
      - https://management.azure.com/subscriptions/00000000-0000-0000-0000-000000000000/resourceGroups/clitest.rg000001/providers/Microsoft.RecoveryServices/vaults/clitest-vault000002/backupFabrics/Azure/protectionContainers/StorageContainer;Storage;clitest.rg000001;clitest000003/operationResults/182bb6b5-1040-43d1-a635-057ec42905e2?api-version=2021-12-01
      pragma:
      - no-cache
      server:
      - Microsoft-IIS/10.0
      strict-transport-security:
      - max-age=31536000; includeSubDomains
      x-content-type-options:
      - nosniff
      x-ms-ratelimit-remaining-subscription-resource-requests:
      - '149'
      x-powered-by:
      - ASP.NET
    status:
      code: 202
      message: Accepted
- request:
    body: null
    headers:
      Accept:
      - application/json
      Accept-Encoding:
      - gzip, deflate
      CommandName:
      - backup container unregister
      Connection:
      - keep-alive
      ParameterSetName:
      - -g -v -c --yes
      User-Agent:
      - AZURECLI/2.36.0 azsdk-python-mgmt-recoveryservicesbackup/4.1.1 Python/3.8.10
        (Windows-10-10.0.22000-SP0)
    method: GET
    uri: https://management.azure.com/subscriptions/00000000-0000-0000-0000-000000000000/resourceGroups/clitest.rg000001/providers/Microsoft.RecoveryServices/vaults/clitest-vault000002/backupFabrics/Azure/protectionContainers/StorageContainer%3BStorage%3Bclitest.rg000001%3Bclitest000003/operationResults/182bb6b5-1040-43d1-a635-057ec42905e2?api-version=2021-12-01
  response:
    body:
      string: '{}'
    headers:
      azure-asyncoperation:
      - https://management.azure.com/subscriptions/00000000-0000-0000-0000-000000000000/resourceGroups/clitest.rg000001/providers/Microsoft.RecoveryServices/vaults/clitest-vault000002/backupFabrics/Azure/protectionContainers/StorageContainer;Storage;clitest.rg000001;clitest000003/operationsStatus/182bb6b5-1040-43d1-a635-057ec42905e2?api-version=2019-05-13-preview
      cache-control:
      - no-cache
      content-length:
      - '2'
      content-type:
      - application/json
      date:
      - Fri, 06 May 2022 08:48:27 GMT
      expires:
      - '-1'
      location:
      - https://management.azure.com/subscriptions/00000000-0000-0000-0000-000000000000/resourceGroups/clitest.rg000001/providers/Microsoft.RecoveryServices/vaults/clitest-vault000002/backupFabrics/Azure/protectionContainers/StorageContainer;Storage;clitest.rg000001;clitest000003/operationResults/182bb6b5-1040-43d1-a635-057ec42905e2?api-version=2021-12-01
      pragma:
      - no-cache
      server:
      - Microsoft-IIS/10.0
      strict-transport-security:
      - max-age=31536000; includeSubDomains
      x-content-type-options:
      - nosniff
      x-ms-ratelimit-remaining-subscription-resource-requests:
      - '148'
      x-powered-by:
      - ASP.NET
    status:
      code: 202
      message: Accepted
- request:
    body: null
    headers:
      Accept:
      - application/json
      Accept-Encoding:
      - gzip, deflate
      CommandName:
      - backup container unregister
      Connection:
      - keep-alive
      ParameterSetName:
      - -g -v -c --yes
      User-Agent:
      - AZURECLI/2.36.0 azsdk-python-mgmt-recoveryservicesbackup/4.1.1 Python/3.8.10
        (Windows-10-10.0.22000-SP0)
    method: GET
    uri: https://management.azure.com/subscriptions/00000000-0000-0000-0000-000000000000/resourceGroups/clitest.rg000001/providers/Microsoft.RecoveryServices/vaults/clitest-vault000002/backupFabrics/Azure/protectionContainers/StorageContainer%3BStorage%3Bclitest.rg000001%3Bclitest000003/operationResults/182bb6b5-1040-43d1-a635-057ec42905e2?api-version=2021-12-01
  response:
    body:
      string: '{}'
    headers:
      azure-asyncoperation:
      - https://management.azure.com/subscriptions/00000000-0000-0000-0000-000000000000/resourceGroups/clitest.rg000001/providers/Microsoft.RecoveryServices/vaults/clitest-vault000002/backupFabrics/Azure/protectionContainers/StorageContainer;Storage;clitest.rg000001;clitest000003/operationsStatus/182bb6b5-1040-43d1-a635-057ec42905e2?api-version=2019-05-13-preview
      cache-control:
      - no-cache
      content-length:
      - '2'
      content-type:
      - application/json
      date:
      - Fri, 06 May 2022 08:48:34 GMT
      expires:
      - '-1'
      location:
      - https://management.azure.com/subscriptions/00000000-0000-0000-0000-000000000000/resourceGroups/clitest.rg000001/providers/Microsoft.RecoveryServices/vaults/clitest-vault000002/backupFabrics/Azure/protectionContainers/StorageContainer;Storage;clitest.rg000001;clitest000003/operationResults/182bb6b5-1040-43d1-a635-057ec42905e2?api-version=2021-12-01
      pragma:
      - no-cache
      server:
      - Microsoft-IIS/10.0
      strict-transport-security:
      - max-age=31536000; includeSubDomains
      x-content-type-options:
      - nosniff
      x-ms-ratelimit-remaining-subscription-resource-requests:
      - '147'
      x-powered-by:
      - ASP.NET
    status:
      code: 202
      message: Accepted
- request:
    body: null
    headers:
      Accept:
      - application/json
      Accept-Encoding:
      - gzip, deflate
      CommandName:
      - backup container unregister
      Connection:
      - keep-alive
      ParameterSetName:
      - -g -v -c --yes
      User-Agent:
      - AZURECLI/2.36.0 azsdk-python-mgmt-recoveryservicesbackup/4.1.1 Python/3.8.10
        (Windows-10-10.0.22000-SP0)
    method: GET
    uri: https://management.azure.com/subscriptions/00000000-0000-0000-0000-000000000000/resourceGroups/clitest.rg000001/providers/Microsoft.RecoveryServices/vaults/clitest-vault000002/backupFabrics/Azure/protectionContainers/StorageContainer%3BStorage%3Bclitest.rg000001%3Bclitest000003/operationResults/182bb6b5-1040-43d1-a635-057ec42905e2?api-version=2021-12-01
  response:
    body:
      string: '{}'
    headers:
      azure-asyncoperation:
      - https://management.azure.com/subscriptions/00000000-0000-0000-0000-000000000000/resourceGroups/clitest.rg000001/providers/Microsoft.RecoveryServices/vaults/clitest-vault000002/backupFabrics/Azure/protectionContainers/StorageContainer;Storage;clitest.rg000001;clitest000003/operationsStatus/182bb6b5-1040-43d1-a635-057ec42905e2?api-version=2019-05-13-preview
      cache-control:
      - no-cache
      content-length:
      - '2'
      content-type:
      - application/json
      date:
      - Fri, 06 May 2022 08:48:39 GMT
      expires:
      - '-1'
      location:
      - https://management.azure.com/subscriptions/00000000-0000-0000-0000-000000000000/resourceGroups/clitest.rg000001/providers/Microsoft.RecoveryServices/vaults/clitest-vault000002/backupFabrics/Azure/protectionContainers/StorageContainer;Storage;clitest.rg000001;clitest000003/operationResults/182bb6b5-1040-43d1-a635-057ec42905e2?api-version=2021-12-01
      pragma:
      - no-cache
      server:
      - Microsoft-IIS/10.0
      strict-transport-security:
      - max-age=31536000; includeSubDomains
      x-content-type-options:
      - nosniff
      x-ms-ratelimit-remaining-subscription-resource-requests:
      - '146'
      x-powered-by:
      - ASP.NET
    status:
      code: 202
      message: Accepted
- request:
    body: null
    headers:
      Accept:
      - application/json
      Accept-Encoding:
      - gzip, deflate
      CommandName:
      - backup container unregister
      Connection:
      - keep-alive
      ParameterSetName:
      - -g -v -c --yes
      User-Agent:
      - AZURECLI/2.36.0 azsdk-python-mgmt-recoveryservicesbackup/4.1.1 Python/3.8.10
        (Windows-10-10.0.22000-SP0)
    method: GET
    uri: https://management.azure.com/subscriptions/00000000-0000-0000-0000-000000000000/resourceGroups/clitest.rg000001/providers/Microsoft.RecoveryServices/vaults/clitest-vault000002/backupFabrics/Azure/protectionContainers/StorageContainer%3BStorage%3Bclitest.rg000001%3Bclitest000003/operationResults/182bb6b5-1040-43d1-a635-057ec42905e2?api-version=2021-12-01
  response:
    body:
      string: '{}'
    headers:
      azure-asyncoperation:
      - https://management.azure.com/subscriptions/00000000-0000-0000-0000-000000000000/resourceGroups/clitest.rg000001/providers/Microsoft.RecoveryServices/vaults/clitest-vault000002/backupFabrics/Azure/protectionContainers/StorageContainer;Storage;clitest.rg000001;clitest000003/operationsStatus/182bb6b5-1040-43d1-a635-057ec42905e2?api-version=2019-05-13-preview
      cache-control:
      - no-cache
      content-length:
      - '2'
      content-type:
      - application/json
      date:
      - Fri, 06 May 2022 08:48:44 GMT
      expires:
      - '-1'
      location:
      - https://management.azure.com/subscriptions/00000000-0000-0000-0000-000000000000/resourceGroups/clitest.rg000001/providers/Microsoft.RecoveryServices/vaults/clitest-vault000002/backupFabrics/Azure/protectionContainers/StorageContainer;Storage;clitest.rg000001;clitest000003/operationResults/182bb6b5-1040-43d1-a635-057ec42905e2?api-version=2021-12-01
      pragma:
      - no-cache
      server:
      - Microsoft-IIS/10.0
      strict-transport-security:
      - max-age=31536000; includeSubDomains
      x-content-type-options:
      - nosniff
      x-ms-ratelimit-remaining-subscription-resource-requests:
      - '145'
      x-powered-by:
      - ASP.NET
    status:
      code: 202
      message: Accepted
- request:
    body: null
    headers:
      Accept:
      - application/json
      Accept-Encoding:
      - gzip, deflate
      CommandName:
      - backup container unregister
      Connection:
      - keep-alive
      ParameterSetName:
      - -g -v -c --yes
      User-Agent:
      - AZURECLI/2.36.0 azsdk-python-mgmt-recoveryservicesbackup/4.1.1 Python/3.8.10
        (Windows-10-10.0.22000-SP0)
    method: GET
    uri: https://management.azure.com/subscriptions/00000000-0000-0000-0000-000000000000/resourceGroups/clitest.rg000001/providers/Microsoft.RecoveryServices/vaults/clitest-vault000002/backupFabrics/Azure/protectionContainers/StorageContainer%3BStorage%3Bclitest.rg000001%3Bclitest000003/operationResults/182bb6b5-1040-43d1-a635-057ec42905e2?api-version=2021-12-01
  response:
    body:
      string: ''
    headers:
      cache-control:
      - no-cache
      date:
      - Fri, 06 May 2022 08:48:49 GMT
      pragma:
      - no-cache
      strict-transport-security:
      - max-age=31536000; includeSubDomains
      x-content-type-options:
      - nosniff
      x-ms-ratelimit-remaining-subscription-resource-requests:
      - '144'
      x-powered-by:
      - ASP.NET
    status:
      code: 204
      message: No Content
- request:
    body: null
    headers:
      Accept:
      - application/json
      Accept-Encoding:
      - gzip, deflate
      CommandName:
      - backup container list
      Connection:
      - keep-alive
      ParameterSetName:
      - -v -g --backup-management-type
      User-Agent:
      - AZURECLI/2.36.0 azsdk-python-mgmt-recoveryservicesbackup/4.1.1 Python/3.8.10
        (Windows-10-10.0.22000-SP0)
    method: GET
    uri: https://management.azure.com/subscriptions/00000000-0000-0000-0000-000000000000/resourceGroups/clitest.rg000001/providers/Microsoft.RecoveryServices/vaults/clitest-vault000002/backupProtectionContainers?api-version=2021-12-01&%24filter=backupManagementType+eq+%27AzureStorage%27+and+status+eq+%27Registered%27
  response:
    body:
      string: '{"value":[]}'
    headers:
      cache-control:
      - no-cache
      content-length:
      - '12'
      content-type:
      - application/json
      date:
      - Fri, 06 May 2022 08:48:50 GMT
      expires:
      - '-1'
      pragma:
      - no-cache
      server:
      - Microsoft-IIS/10.0
      strict-transport-security:
      - max-age=31536000; includeSubDomains
      transfer-encoding:
      - chunked
      vary:
      - Accept-Encoding
      x-content-type-options:
      - nosniff
      x-ms-ratelimit-remaining-subscription-resource-requests:
      - '149'
      x-powered-by:
      - ASP.NET
    status:
      code: 200
      message: OK
- request:
    body: null
    headers:
      Accept:
      - application/json
      Accept-Encoding:
      - gzip, deflate
      CommandName:
      - backup container list
      Connection:
      - keep-alive
      ParameterSetName:
      - --backup-management-type -v -g --query
      User-Agent:
      - AZURECLI/2.36.0 azsdk-python-mgmt-recoveryservicesbackup/4.1.1 Python/3.8.10
        (Windows-10-10.0.22000-SP0)
    method: GET
    uri: https://management.azure.com/subscriptions/00000000-0000-0000-0000-000000000000/resourceGroups/clitest.rg000001/providers/Microsoft.RecoveryServices/vaults/clitest-vault000002/backupProtectionContainers?api-version=2021-12-01&%24filter=backupManagementType+eq+%27AzureIaasVM%27+and+status+eq+%27Registered%27
  response:
    body:
      string: '{"value":[]}'
    headers:
      cache-control:
      - no-cache
      content-length:
      - '12'
      content-type:
      - application/json
      date:
      - Fri, 06 May 2022 08:50:31 GMT
      expires:
      - '-1'
      pragma:
      - no-cache
      server:
      - Microsoft-IIS/10.0
      strict-transport-security:
      - max-age=31536000; includeSubDomains
      transfer-encoding:
      - chunked
      vary:
      - Accept-Encoding
      x-content-type-options:
      - nosniff
      x-ms-ratelimit-remaining-subscription-resource-requests:
      - '149'
      x-powered-by:
      - ASP.NET
    status:
      code: 200
      message: OK
- request:
    body: null
    headers:
      Accept:
      - application/json
      Accept-Encoding:
      - gzip, deflate
      CommandName:
      - backup vault delete
      Connection:
      - keep-alive
      Content-Length:
      - '0'
      ParameterSetName:
      - -n -g --yes
      User-Agent:
      - AZURECLI/2.36.0 azsdk-python-mgmt-recoveryservices/2.0.0 Python/3.8.10 (Windows-10-10.0.22000-SP0)
    method: DELETE
    uri: https://management.azure.com/subscriptions/00000000-0000-0000-0000-000000000000/resourceGroups/clitest.rg000001/providers/Microsoft.RecoveryServices/vaults/clitest-vault000002?api-version=2021-03-01
  response:
    body:
      string: ''
    headers:
      cache-control:
      - no-cache
      content-length:
      - '0'
      date:
      - Fri, 06 May 2022 08:50:36 GMT
      expires:
      - '-1'
      pragma:
      - no-cache
      strict-transport-security:
      - max-age=31536000; includeSubDomains
      x-content-type-options:
      - nosniff
      x-ms-ratelimit-remaining-subscription-resource-requests:
      - '9'
    status:
      code: 200
      message: OK
version: 1
